[0.004s][info][metaspace]  - commit_granule_bytes: 65536.
[0.004s][info][metaspace]  - commit_granule_words: 8192.
[0.004s][info][metaspace]  - virtual_space_node_default_size: 8388608.
[0.004s][info][metaspace]  - enlarge_chunks_in_place: 1.
[0.011s][info][gc,init  ] CardTable entry size: 512
[0.014s][info][gc       ] Using G1
[0.027s][info][gc,init  ] Version: 24-internal-adhoc.root.jdk (release)
[0.027s][info][gc,init  ] CPUs: 2 total, 2 available
[0.027s][info][gc,init  ] Memory: 3908M
[0.027s][info][gc,init  ] Large Page Support: Disabled
[0.027s][info][gc,init  ] NUMA Support: Disabled
[0.027s][info][gc,init  ] Compressed Oops: Enabled (32-bit)
[0.027s][info][gc,init  ] Heap Region Size: 1M
[0.027s][info][gc,init  ] Heap Min Capacity: 256M
[0.027s][info][gc,init  ] Heap Initial Capacity: 256M
[0.027s][info][gc,init  ] Heap Max Capacity: 978M
[0.027s][info][gc,init  ] Pre-touch: Disabled
[0.027s][info][gc,init  ] Parallel Workers: 2
[0.027s][info][gc,init  ] Concurrent Workers: 1
[0.027s][info][gc,init  ] Concurrent Refinement Workers: 2
[0.027s][info][gc,init  ] Periodic GC: Disabled
[0.051s][info][gc,metaspace] CDS archive(s) mapped at: [0x00007f8512000000-0x00007f8512e7b000-0x00007f8512e7b000), size 15183872, SharedBaseAddress: 0x00007f8512000000, ArchiveRelocationMode: 1.
[0.051s][info][gc,metaspace] Compressed class space mapped at: 0x00007f8513000000-0x00007f8553000000, reserved size: 1073741824
[0.051s][info][gc,metaspace] UseCompressedClassPointers 1, UseCompactObjectHeaders 1
[0.051s][info][gc,metaspace] Narrow klass pointer bits 22, Max shift 10
[0.051s][info][gc,metaspace] Narrow klass base: 0x00007f8512000000, Narrow klass shift: 10
[0.051s][info][gc,metaspace] Encoding Range: [0x00007f8512000000 - 0x00007f8612000000), (4294967296 bytes)
[0.051s][info][gc,metaspace] Klass Range:    [0x00007f8512000000 - 0x00007f8553000000), (1090519040 bytes)
[0.051s][info][gc,metaspace] Klass ID Range:  [1 - 1064960) (1064959)
[0.566s][info][gc,start    ] GC(0) Pause Young (Normal) (G1 Evacuation Pause)
[0.566s][info][gc,task     ] GC(0) Using 2 workers of 2 for evacuation
[0.569s][info][gc,phases   ] GC(0)   Pre Evacuate Collection Set: 0.17ms
[0.569s][info][gc,phases   ] GC(0)   Merge Heap Roots: 0.08ms
[0.569s][info][gc,phases   ] GC(0)   Evacuate Collection Set: 2.85ms
[0.569s][info][gc,phases   ] GC(0)   Post Evacuate Collection Set: 0.24ms
[0.569s][info][gc,phases   ] GC(0)   Other: 0.25ms
[0.569s][info][gc,heap     ] GC(0) Eden regions: 12->0(10)
[0.569s][info][gc,heap     ] GC(0) Survivor regions: 0->2(2)
[0.569s][info][gc,heap     ] GC(0) Old regions: 2->2
[0.569s][info][gc,heap     ] GC(0) Humongous regions: 0->0
[0.569s][info][gc,metaspace] GC(0) Metaspace: 2406K(2560K)->2406K(2560K) NonClass: 2078K(2176K)->2078K(2176K) Class: 327K(384K)->327K(384K)
[0.569s][info][gc          ] GC(0) Pause Young (Normal) (G1 Evacuation Pause) 13M->2M(258M) 3.831ms
[0.569s][info][gc,cpu      ] GC(0) User=0.01s Sys=0.00s Real=0.00s
[0.966s][info][gc,start    ] GC(1) Pause Young (Normal) (G1 Evacuation Pause)
[0.967s][info][gc,task     ] GC(1) Using 2 workers of 2 for evacuation
[0.972s][info][gc,phases   ] GC(1)   Pre Evacuate Collection Set: 0.16ms
[0.972s][info][gc,phases   ] GC(1)   Merge Heap Roots: 0.03ms
[0.972s][info][gc,phases   ] GC(1)   Evacuate Collection Set: 4.68ms
[0.972s][info][gc,phases   ] GC(1)   Post Evacuate Collection Set: 0.31ms
[0.972s][info][gc,phases   ] GC(1)   Other: 0.09ms
[0.972s][info][gc,heap     ] GC(1) Eden regions: 10->0(12)
[0.972s][info][gc,heap     ] GC(1) Survivor regions: 2->2(2)
[0.972s][info][gc,heap     ] GC(1) Old regions: 2->5
[0.972s][info][gc,heap     ] GC(1) Humongous regions: 0->0
[0.972s][info][gc,metaspace] GC(1) Metaspace: 3747K(3904K)->3747K(3904K) NonClass: 3216K(3264K)->3216K(3264K) Class: 531K(640K)->531K(640K)
[0.972s][info][gc          ] GC(1) Pause Young (Normal) (G1 Evacuation Pause) 12M->6M(258M) 5.480ms
[0.972s][info][gc,cpu      ] GC(1) User=0.00s Sys=0.00s Real=0.00s
[1.276s][info][gc,start    ] GC(2) Pause Young (Normal) (G1 Evacuation Pause)
[1.276s][info][gc,task     ] GC(2) Using 2 workers of 2 for evacuation
[1.282s][info][gc,phases   ] GC(2)   Pre Evacuate Collection Set: 0.20ms
[1.282s][info][gc,phases   ] GC(2)   Merge Heap Roots: 0.05ms
[1.282s][info][gc,phases   ] GC(2)   Evacuate Collection Set: 6.14ms
[1.283s][info][gc,phases   ] GC(2)   Post Evacuate Collection Set: 0.32ms
[1.283s][info][gc,phases   ] GC(2)   Other: 0.10ms
[1.283s][info][gc,heap     ] GC(2) Eden regions: 12->0(21)
[1.283s][info][gc,heap     ] GC(2) Survivor regions: 2->2(2)
[1.283s][info][gc,heap     ] GC(2) Old regions: 5->8
[1.283s][info][gc,heap     ] GC(2) Humongous regions: 0->0
[1.283s][info][gc,metaspace] GC(2) Metaspace: 7554K(7808K)->7554K(7808K) NonClass: 6535K(6656K)->6535K(6656K) Class: 1018K(1152K)->1018K(1152K)
[1.283s][info][gc          ] GC(2) Pause Young (Normal) (G1 Evacuation Pause) 18M->8M(258M) 7.079ms
[1.283s][info][gc,cpu      ] GC(2) User=0.01s Sys=0.01s Real=0.00s
[1.596s][info][gc,start    ] GC(3) Pause Young (Normal) (G1 Evacuation Pause)
[1.596s][info][gc,task     ] GC(3) Using 2 workers of 2 for evacuation
[1.600s][info][gc,phases   ] GC(3)   Pre Evacuate Collection Set: 0.15ms
[1.600s][info][gc,phases   ] GC(3)   Merge Heap Roots: 0.05ms
[1.600s][info][gc,phases   ] GC(3)   Evacuate Collection Set: 3.91ms
[1.600s][info][gc,phases   ] GC(3)   Post Evacuate Collection Set: 0.27ms
[1.600s][info][gc,phases   ] GC(3)   Other: 0.10ms
[1.600s][info][gc,heap     ] GC(3) Eden regions: 22->0(27)
[1.600s][info][gc,heap     ] GC(3) Survivor regions: 2->1(3)
[1.600s][info][gc,heap     ] GC(3) Old regions: 8->10
[1.600s][info][gc,heap     ] GC(3) Humongous regions: 0->0
[1.600s][info][gc,metaspace] GC(3) Metaspace: 9447K(9664K)->9447K(9664K) NonClass: 8170K(8320K)->8170K(8320K) Class: 1277K(1344K)->1277K(1344K)
[1.600s][info][gc          ] GC(3) Pause Young (Normal) (G1 Evacuation Pause) 30M->9M(258M) 4.676ms
[1.600s][info][gc,cpu      ] GC(3) User=0.01s Sys=0.00s Real=0.00s
[2.198s][info][gc,start    ] GC(4) Pause Young (Normal) (G1 Evacuation Pause)
[2.198s][info][gc,task     ] GC(4) Using 2 workers of 2 for evacuation
[2.204s][info][gc,phases   ] GC(4)   Pre Evacuate Collection Set: 0.18ms
[2.204s][info][gc,phases   ] GC(4)   Merge Heap Roots: 0.04ms
[2.204s][info][gc,phases   ] GC(4)   Evacuate Collection Set: 5.30ms
[2.204s][info][gc,phases   ] GC(4)   Post Evacuate Collection Set: 0.55ms
[2.204s][info][gc,phases   ] GC(4)   Other: 0.08ms
[2.204s][info][gc,heap     ] GC(4) Eden regions: 27->0(35)
[2.204s][info][gc,heap     ] GC(4) Survivor regions: 1->2(4)
[2.204s][info][gc,heap     ] GC(4) Old regions: 10->10
[2.204s][info][gc,heap     ] GC(4) Humongous regions: 0->0
[2.204s][info][gc,metaspace] GC(4) Metaspace: 17901K(18048K)->17901K(18048K) NonClass: 15403K(15488K)->15403K(15488K) Class: 2497K(2560K)->2497K(2560K)
[2.204s][info][gc          ] GC(4) Pause Young (Normal) (G1 Evacuation Pause) 36M->10M(258M) 6.377ms
[2.204s][info][gc,cpu      ] GC(4) User=0.01s Sys=0.01s Real=0.01s
[2.449s][info][metaspace   ] ChkMgr @0x00007f858c162700 (non-class-space): failed to commit 187 words on chunk @0x00007f84fc2a4450, f, base 0x00007f85092d0000, level lv10.
[2.449s][info][metaspace   ] Arena @0x00007f858c313dd0 (non-class arena): failed to allocate new chunk for requested word size 187.
[2.449s][info][metaspace   ] Arena @0x00007f858c313dd0 (non-class arena): allocation failed, returned null.
[2.449s][info][metaspace   ] ChkMgr @0x00007f858c162700 (non-class-space): failed to commit 187 words on chunk @0x00007f84fc2a4450, f, base 0x00007f85092d0000, level lv10.
[2.449s][info][metaspace   ] Arena @0x00007f858c313dd0 (non-class arena): failed to allocate new chunk for requested word size 187.
[2.449s][info][metaspace   ] Arena @0x00007f858c313dd0 (non-class arena): allocation failed, returned null.
[2.449s][info][metaspace   ] ChkMgr @0x00007f858c162700 (non-class-space): failed to commit 187 words on chunk @0x00007f84fc2a4450, f, base 0x00007f85092d0000, level lv10.
[2.449s][info][metaspace   ] Arena @0x00007f858c313dd0 (non-class arena): failed to allocate new chunk for requested word size 187.
[2.449s][info][metaspace   ] Arena @0x00007f858c313dd0 (non-class arena): allocation failed, returned null.
[2.449s][info][gc,start    ] GC(5) Pause Young (Concurrent Start) (Metadata GC Threshold)
[2.449s][info][gc,task     ] GC(5) Using 2 workers of 2 for evacuation
[2.453s][info][gc,phases   ] GC(5)   Pre Evacuate Collection Set: 0.17ms
[2.453s][info][gc,phases   ] GC(5)   Merge Heap Roots: 0.04ms
[2.453s][info][gc,phases   ] GC(5)   Evacuate Collection Set: 3.19ms
[2.453s][info][gc,phases   ] GC(5)   Post Evacuate Collection Set: 0.40ms
[2.453s][info][gc,phases   ] GC(5)   Other: 0.08ms
[2.453s][info][gc,heap     ] GC(5) Eden regions: 14->0(57)
[2.453s][info][gc,heap     ] GC(5) Survivor regions: 2->3(5)
[2.453s][info][gc,heap     ] GC(5) Old regions: 10->10
[2.453s][info][gc,heap     ] GC(5) Humongous regions: 0->0
[2.453s][info][gc,metaspace] GC(5) Metaspace: 21413K(21504K)->21413K(21504K) NonClass: 18439K(18496K)->18439K(18496K) Class: 2973K(3008K)->2973K(3008K)
[2.453s][info][gc          ] GC(5) Pause Young (Concurrent Start) (Metadata GC Threshold) 24M->11M(258M) 4.053ms
[2.453s][info][gc          ] GC(6) Concurrent Mark Cycle
[2.453s][info][gc,marking  ] GC(6) Concurrent Scan Root Regions
[2.455s][info][gc,cpu      ] GC(5) User=0.01s Sys=0.00s Real=0.01s
[2.455s][info][metaspace   ] CLMS @0x00007f858c2157d0 : GC threshold increased: 22020096->22347776.
[2.455s][info][gc,marking  ] GC(6) Concurrent Scan Root Regions 2.181ms
[2.455s][info][gc,marking  ] GC(6) Concurrent Mark
[2.455s][info][gc,marking  ] GC(6) Concurrent Mark From Roots
[2.455s][info][gc,task     ] GC(6) Using 1 workers of 1 for marking
[2.478s][info][gc,marking  ] GC(6) Concurrent Mark From Roots 22.805ms
[2.478s][info][gc,marking  ] GC(6) Concurrent Preclean
[2.478s][info][gc,marking  ] GC(6) Concurrent Preclean 0.043ms
[2.479s][info][gc,start    ] GC(6) Pause Remark
[2.482s][info][gc          ] GC(6) Pause Remark 11M->11M(256M) 3.708ms
[2.482s][info][gc,cpu      ] GC(6) User=0.01s Sys=0.00s Real=0.00s
[2.483s][info][gc,marking  ] GC(6) Concurrent Mark 27.160ms
[2.483s][info][gc,marking  ] GC(6) Concurrent Rebuild Remembered Sets and Scrub Regions
[2.490s][info][gc,marking  ] GC(6) Concurrent Rebuild Remembered Sets and Scrub Regions 7.139ms
[2.490s][info][gc,start    ] GC(6) Pause Cleanup
[2.490s][info][gc          ] GC(6) Pause Cleanup 12M->12M(256M) 0.064ms
[2.490s][info][gc,cpu      ] GC(6) User=0.00s Sys=0.00s Real=0.00s
[2.490s][info][gc,marking  ] GC(6) Concurrent Clear Claimed Marks
[2.490s][info][gc,marking  ] GC(6) Concurrent Clear Claimed Marks 0.026ms
[2.490s][info][gc,marking  ] GC(6) Concurrent Cleanup for Next Mark
[2.499s][info][gc,marking  ] GC(6) Concurrent Cleanup for Next Mark 8.748ms
[2.499s][info][gc          ] GC(6) Concurrent Mark Cycle 45.671ms
[3.715s][info][gc,start    ] GC(7) Pause Young (Prepare Mixed) (G1 Evacuation Pause)
[3.715s][info][gc,task     ] GC(7) Using 2 workers of 2 for evacuation
[3.728s][info][gc,phases   ] GC(7)   Pre Evacuate Collection Set: 0.18ms
[3.728s][info][gc,phases   ] GC(7)   Merge Heap Roots: 0.07ms
[3.728s][info][gc,phases   ] GC(7)   Evacuate Collection Set: 11.67ms
[3.728s][info][gc,phases   ] GC(7)   Post Evacuate Collection Set: 0.91ms
[3.728s][info][gc,phases   ] GC(7)   Other: 0.09ms
[3.728s][info][gc,heap     ] GC(7) Eden regions: 55->0(49)
[3.728s][info][gc,heap     ] GC(7) Survivor regions: 3->6(8)
[3.728s][info][gc,heap     ] GC(7) Old regions: 10->10
[3.728s][info][gc,heap     ] GC(7) Humongous regions: 129->129
[3.728s][info][gc,metaspace] GC(7) Metaspace: 31103K(31232K)->31103K(31232K) NonClass: 26773K(26880K)->26773K(26880K) Class: 4329K(4352K)->4329K(4352K)
[3.728s][info][gc          ] GC(7) Pause Young (Prepare Mixed) (G1 Evacuation Pause) 195M->143M(256M) 13.157ms
[3.728s][info][gc,cpu      ] GC(7) User=0.02s Sys=0.01s Real=0.01s
[4.156s][info][metaspace   ] ChkMgr @0x00007f858c162700 (non-class-space): failed to commit 11 words on chunk @0x00007f858c837a98, f, base 0x00007f8509ee0000, level lv10.
[4.156s][info][metaspace   ] Arena @0x00007f858c313dd0 (non-class arena): failed to allocate new chunk for requested word size 11.
[4.156s][info][metaspace   ] Arena @0x00007f858c313dd0 (non-class arena): allocation failed, returned null.
[4.156s][info][metaspace   ] ChkMgr @0x00007f858c162700 (non-class-space): failed to commit 11 words on chunk @0x00007f858c837a98, f, base 0x00007f8509ee0000, level lv10.
[4.156s][info][metaspace   ] Arena @0x00007f858c313dd0 (non-class arena): failed to allocate new chunk for requested word size 11.
[4.156s][info][metaspace   ] Arena @0x00007f858c313dd0 (non-class arena): allocation failed, returned null.
[4.156s][info][metaspace   ] ChkMgr @0x00007f858c162700 (non-class-space): failed to commit 11 words on chunk @0x00007f858c837a98, f, base 0x00007f8509ee0000, level lv10.
[4.156s][info][metaspace   ] Arena @0x00007f858c313dd0 (non-class arena): failed to allocate new chunk for requested word size 11.
[4.156s][info][metaspace   ] Arena @0x00007f858c313dd0 (non-class arena): allocation failed, returned null.
[4.156s][info][gc,start    ] GC(8) Pause Young (Mixed) (Metadata GC Threshold)
[4.156s][info][gc,task     ] GC(8) Using 2 workers of 2 for evacuation
[4.171s][info][gc,phases   ] GC(8)   Pre Evacuate Collection Set: 0.21ms
[4.171s][info][gc,phases   ] GC(8)   Merge Heap Roots: 0.07ms
[4.171s][info][gc,phases   ] GC(8)   Evacuate Collection Set: 13.44ms
[4.171s][info][gc,phases   ] GC(8)   Post Evacuate Collection Set: 0.76ms
[4.171s][info][gc,phases   ] GC(8)   Other: 0.11ms
[4.171s][info][gc,heap     ] GC(8) Eden regions: 23->0(13)
[4.171s][info][gc,heap     ] GC(8) Survivor regions: 6->5(7)
[4.171s][info][gc,heap     ] GC(8) Old regions: 10->12
[4.171s][info][gc,heap     ] GC(8) Humongous regions: 207->207
[4.171s][info][gc,metaspace] GC(8) Metaspace: 35995K(36160K)->35995K(36160K) NonClass: 31020K(31104K)->31020K(31104K) Class: 4975K(5056K)->4975K(5056K)
[4.171s][info][gc          ] GC(8) Pause Young (Mixed) (Metadata GC Threshold) 244M->222M(256M) 14.771ms
[4.171s][info][gc,cpu      ] GC(8) User=0.02s Sys=0.00s Real=0.01s
[4.171s][info][metaspace   ] CLMS @0x00007f858c2157d0 : GC threshold increased: 37027840->37355520.
[4.196s][info][metaspace   ] ChkMgr @0x00007f858c162700 (non-class-space): failed to commit 607 words on chunk @0x00007f858c837df8, f, base 0x00007f8509f20000, level lv10.
[4.196s][info][metaspace   ] Arena @0x00007f858c313dd0 (non-class arena): failed to allocate new chunk for requested word size 607.
[4.196s][info][metaspace   ] Arena @0x00007f858c313dd0 (non-class arena): allocation failed, returned null.
[4.196s][info][metaspace   ] ChkMgr @0x00007f858c162700 (non-class-space): failed to commit 607 words on chunk @0x00007f858c837df8, f, base 0x00007f8509f20000, level lv10.
[4.196s][info][metaspace   ] Arena @0x00007f858c313dd0 (non-class arena): failed to allocate new chunk for requested word size 607.
[4.197s][info][metaspace   ] Arena @0x00007f858c313dd0 (non-class arena): allocation failed, returned null.
[4.197s][info][metaspace   ] ChkMgr @0x00007f858c162700 (non-class-space): failed to commit 57 words on chunk @0x00007f858c837df8, f, base 0x00007f8509f20000, level lv10.
[4.197s][info][metaspace   ] Arena @0x00007f858c313dd0 (non-class arena): failed to allocate new chunk for requested word size 57.
[4.197s][info][metaspace   ] Arena @0x00007f858c313dd0 (non-class arena): allocation failed, returned null.
[4.197s][info][metaspace   ] ChkMgr @0x00007f858c162700 (non-class-space): failed to commit 57 words on chunk @0x00007f858c837df8, f, base 0x00007f8509f20000, level lv10.
[4.197s][info][metaspace   ] Arena @0x00007f858c313dd0 (non-class arena): failed to allocate new chunk for requested word size 57.
[4.197s][info][metaspace   ] Arena @0x00007f858c313dd0 (non-class arena): allocation failed, returned null.
[4.197s][info][metaspace   ] ChkMgr @0x00007f858c162700 (non-class-space): failed to commit 607 words on chunk @0x00007f858c837df8, f, base 0x00007f8509f20000, level lv10.
[4.197s][info][metaspace   ] Arena @0x00007f858c313dd0 (non-class arena): failed to allocate new chunk for requested word size 607.
[4.197s][info][metaspace   ] Arena @0x00007f858c313dd0 (non-class arena): allocation failed, returned null.
[4.197s][info][gc,start    ] GC(9) Pause Young (Concurrent Start) (Metadata GC Threshold)
[4.198s][info][gc,task     ] GC(9) Using 2 workers of 2 for evacuation
[4.206s][info][gc,phases   ] GC(9)   Pre Evacuate Collection Set: 0.21ms
[4.206s][info][gc,phases   ] GC(9)   Merge Heap Roots: 0.04ms
[4.207s][info][gc,phases   ] GC(9)   Evacuate Collection Set: 8.16ms
[4.207s][info][gc,phases   ] GC(9)   Post Evacuate Collection Set: 0.43ms
[4.207s][info][gc,phases   ] GC(9)   Other: 0.10ms
[4.207s][info][gc,heap     ] GC(9) Eden regions: 3->0(16)
[4.207s][info][gc,heap     ] GC(9) Survivor regions: 5->2(3)
[4.207s][info][gc,heap     ] GC(9) Old regions: 12->15
[4.207s][info][gc,heap     ] GC(9) Humongous regions: 207->207
[4.207s][info][gc,metaspace] GC(9) Metaspace: 36298K(36480K)->36298K(36480K) NonClass: 31282K(31424K)->31282K(31424K) Class: 5016K(5056K)->5016K(5056K)
[4.207s][info][gc          ] GC(9) Pause Young (Concurrent Start) (Metadata GC Threshold) 225M->223M(256M) 9.166ms
[4.207s][info][gc          ] GC(10) Concurrent Mark Cycle
[4.207s][info][gc,marking  ] GC(10) Concurrent Scan Root Regions
[4.207s][info][gc,cpu      ] GC(9) User=0.02s Sys=0.00s Real=0.01s
[4.207s][info][metaspace   ] CLMS @0x00007f858c2157d0 : GC threshold increased: 37355520->37683200.
[4.221s][info][gc,marking  ] GC(10) Concurrent Scan Root Regions 14.015ms
[4.221s][info][gc,marking  ] GC(10) Concurrent Mark
[4.221s][info][gc,marking  ] GC(10) Concurrent Mark From Roots
[4.221s][info][gc,task     ] GC(10) Using 1 workers of 1 for marking
[4.226s][info][metaspace   ] ChkMgr @0x00007f858c162700 (non-class-space): failed to commit 53 words on chunk @0x00007f858c838158, f, base 0x00007f8509f60000, level lv10.
[4.226s][info][metaspace   ] Arena @0x00007f858c313dd0 (non-class arena): failed to allocate new chunk for requested word size 53.
[4.227s][info][metaspace   ] Arena @0x00007f858c313dd0 (non-class arena): allocation failed, returned null.
[4.227s][info][metaspace   ] ChkMgr @0x00007f858c162700 (non-class-space): failed to commit 53 words on chunk @0x00007f858c838158, f, base 0x00007f8509f60000, level lv10.
[4.227s][info][metaspace   ] Arena @0x00007f858c313dd0 (non-class arena): failed to allocate new chunk for requested word size 53.
[4.227s][info][metaspace   ] Arena @0x00007f858c313dd0 (non-class arena): allocation failed, returned null.
[4.227s][info][metaspace   ] ChkMgr @0x00007f858c162700 (non-class-space): failed to commit 53 words on chunk @0x00007f858c838158, f, base 0x00007f8509f60000, level lv10.
[4.227s][info][metaspace   ] Arena @0x00007f858c313dd0 (non-class arena): failed to allocate new chunk for requested word size 53.
[4.227s][info][metaspace   ] Arena @0x00007f858c313dd0 (non-class arena): allocation failed, returned null.
[4.227s][info][metaspace   ] CLMS @0x00007f858c2157d0 : GC threshold increased: 37683200->38010880.
[4.259s][info][gc,marking  ] GC(10) Concurrent Mark From Roots 38.578ms
[4.259s][info][gc,marking  ] GC(10) Concurrent Preclean
[4.259s][info][gc,marking  ] GC(10) Concurrent Preclean 0.072ms
[4.260s][info][gc,start    ] GC(10) Pause Remark
[4.267s][info][gc          ] GC(10) Pause Remark 226M->226M(374M) 7.435ms
[4.267s][info][gc,cpu      ] GC(10) User=0.02s Sys=0.01s Real=0.01s
[4.269s][info][gc,marking  ] GC(10) Concurrent Mark 47.999ms
[4.269s][info][gc,marking  ] GC(10) Concurrent Rebuild Remembered Sets and Scrub Regions
[4.294s][info][gc,marking  ] GC(10) Concurrent Rebuild Remembered Sets and Scrub Regions 24.807ms
[4.294s][info][gc,start    ] GC(10) Pause Cleanup
[4.294s][info][gc          ] GC(10) Pause Cleanup 227M->227M(374M) 0.072ms
[4.294s][info][gc,cpu      ] GC(10) User=0.00s Sys=0.00s Real=0.00s
[4.294s][info][gc,marking  ] GC(10) Concurrent Clear Claimed Marks
[4.294s][info][gc,marking  ] GC(10) Concurrent Clear Claimed Marks 0.056ms
[4.294s][info][gc,marking  ] GC(10) Concurrent Cleanup for Next Mark
[4.301s][info][gc,marking  ] GC(10) Concurrent Cleanup for Next Mark 6.916ms
[4.301s][info][gc          ] GC(10) Concurrent Mark Cycle 94.655ms
[4.495s][info][gc,start    ] GC(11) Pause Young (Prepare Mixed) (G1 Evacuation Pause)
[4.496s][info][gc,task     ] GC(11) Using 2 workers of 2 for evacuation
[4.502s][info][gc,phases   ] GC(11)   Pre Evacuate Collection Set: 0.27ms
[4.502s][info][gc,phases   ] GC(11)   Merge Heap Roots: 0.08ms
[4.502s][info][gc,phases   ] GC(11)   Evacuate Collection Set: 5.24ms
[4.502s][info][gc,phases   ] GC(11)   Post Evacuate Collection Set: 0.43ms
[4.502s][info][gc,phases   ] GC(11)   Other: 0.14ms
[4.502s][info][gc,heap     ] GC(11) Eden regions: 16->0(100)
[4.502s][info][gc,heap     ] GC(11) Survivor regions: 2->2(3)
[4.502s][info][gc,heap     ] GC(11) Old regions: 15->17
[4.502s][info][gc,heap     ] GC(11) Humongous regions: 207->207
[4.502s][info][gc,metaspace] GC(11) Metaspace: 39416K(39680K)->39416K(39680K) NonClass: 33985K(34176K)->33985K(34176K) Class: 5430K(5504K)->5430K(5504K)
[4.502s][info][gc          ] GC(11) Pause Young (Prepare Mixed) (G1 Evacuation Pause) 239M->224M(374M) 6.404ms
[4.502s][info][gc,cpu      ] GC(11) User=0.01s Sys=0.00s Real=0.00s
[7.559s][info][gc,start    ] GC(12) Pause Young (Mixed) (G1 Evacuation Pause)
[7.559s][info][gc,task     ] GC(12) Using 2 workers of 2 for evacuation
[7.575s][info][gc,phases   ] GC(12)   Pre Evacuate Collection Set: 0.42ms
[7.575s][info][gc,phases   ] GC(12)   Merge Heap Roots: 0.16ms
[7.575s][info][gc,phases   ] GC(12)   Evacuate Collection Set: 14.35ms
[7.575s][info][gc,phases   ] GC(12)   Post Evacuate Collection Set: 1.13ms
[7.575s][info][gc,phases   ] GC(12)   Other: 0.11ms
[7.575s][info][gc,heap     ] GC(12) Eden regions: 100->0(88)
[7.575s][info][gc,heap     ] GC(12) Survivor regions: 2->5(13)
[7.575s][info][gc,heap     ] GC(12) Old regions: 17->17
[7.575s][info][gc,heap     ] GC(12) Humongous regions: 207->207
[7.575s][info][gc,metaspace] GC(12) Metaspace: 52403K(52672K)->52403K(52672K) NonClass: 44463K(44672K)->44463K(44672K) Class: 7939K(8000K)->7939K(8000K)
[7.575s][info][gc          ] GC(12) Pause Young (Mixed) (G1 Evacuation Pause) 324M->228M(374M) 16.361ms
[7.575s][info][gc,cpu      ] GC(12) User=0.03s Sys=0.00s Real=0.02s
[8.512s][info][gc,start    ] GC(13) Pause Young (Concurrent Start) (G1 Evacuation Pause)
[8.512s][info][gc,task     ] GC(13) Using 2 workers of 2 for evacuation
[8.544s][info][gc,phases   ] GC(13)   Pre Evacuate Collection Set: 0.26ms
[8.544s][info][gc,phases   ] GC(13)   Merge Heap Roots: 0.08ms
[8.544s][info][gc,phases   ] GC(13)   Evacuate Collection Set: 30.96ms
[8.544s][info][gc,phases   ] GC(13)   Post Evacuate Collection Set: 0.83ms
[8.544s][info][gc,phases   ] GC(13)   Other: 0.10ms
[8.544s][info][gc,heap     ] GC(13) Eden regions: 80->0(77)
[8.544s][info][gc,heap     ] GC(13) Survivor regions: 5->11(11)
[8.544s][info][gc,heap     ] GC(13) Old regions: 17->31
[8.544s][info][gc,heap     ] GC(13) Humongous regions: 207->207
[8.544s][info][gc,metaspace] GC(13) Metaspace: 54373K(54656K)->54373K(54656K) NonClass: 46140K(46336K)->46140K(46336K) Class: 8232K(8320K)->8232K(8320K)
[8.544s][info][gc          ] GC(13) Pause Young (Concurrent Start) (G1 Evacuation Pause) 308M->249M(374M) 32.433ms
[8.544s][info][gc          ] GC(14) Concurrent Mark Cycle
[8.544s][info][gc,marking  ] GC(14) Concurrent Scan Root Regions
[8.544s][info][gc,cpu      ] GC(13) User=0.06s Sys=0.00s Real=0.04s
[8.581s][info][gc,marking  ] GC(14) Concurrent Scan Root Regions 37.038ms
[8.581s][info][gc,marking  ] GC(14) Concurrent Mark
[8.581s][info][gc,marking  ] GC(14) Concurrent Mark From Roots
[8.581s][info][gc,task     ] GC(14) Using 1 workers of 1 for marking
[8.598s][info][gc,start    ] GC(15) Pause Young (Normal) (G1 Evacuation Pause)
[8.598s][info][gc,task     ] GC(15) Using 2 workers of 2 for evacuation
[8.615s][info][gc,phases   ] GC(15)   Pre Evacuate Collection Set: 0.19ms
[8.615s][info][gc,phases   ] GC(15)   Merge Heap Roots: 0.13ms
[8.615s][info][gc,phases   ] GC(15)   Evacuate Collection Set: 16.28ms
[8.615s][info][gc,phases   ] GC(15)   Post Evacuate Collection Set: 0.39ms
[8.615s][info][gc,phases   ] GC(15)   Other: 0.06ms
[8.615s][info][gc,heap     ] GC(15) Eden regions: 7->0(75)
[8.615s][info][gc,heap     ] GC(15) Survivor regions: 11->3(3)
[8.615s][info][gc,heap     ] GC(15) Old regions: 31->42
[8.615s][info][gc,heap     ] GC(15) Humongous regions: 207->207
[8.615s][info][gc,metaspace] GC(15) Metaspace: 54382K(54656K)->54382K(54656K) NonClass: 46149K(46336K)->46149K(46336K) Class: 8232K(8320K)->8232K(8320K)
[8.615s][info][gc          ] GC(15) Pause Young (Normal) (G1 Evacuation Pause) 256M->251M(374M) 17.258ms
[8.615s][info][gc,cpu      ] GC(15) User=0.04s Sys=0.00s Real=0.02s
[8.683s][info][gc,marking  ] GC(14) Concurrent Mark From Roots 101.328ms
[8.683s][info][gc,marking  ] GC(14) Concurrent Preclean
[8.683s][info][gc,marking  ] GC(14) Concurrent Preclean 0.110ms
[8.684s][info][gc,start    ] GC(14) Pause Remark
[8.693s][info][gc          ] GC(14) Pause Remark 263M->263M(420M) 9.343ms
[8.693s][info][gc,cpu      ] GC(14) User=0.01s Sys=0.00s Real=0.00s
[8.698s][info][gc,marking  ] GC(14) Concurrent Mark 116.465ms
[8.698s][info][gc,marking  ] GC(14) Concurrent Rebuild Remembered Sets and Scrub Regions
[8.763s][info][gc,marking  ] GC(14) Concurrent Rebuild Remembered Sets and Scrub Regions 65.343ms
[8.763s][info][gc,start    ] GC(14) Pause Cleanup
[8.763s][info][gc          ] GC(14) Pause Cleanup 272M->272M(420M) 0.086ms
[8.763s][info][gc,cpu      ] GC(14) User=0.00s Sys=0.00s Real=0.00s
[8.763s][info][gc,marking  ] GC(14) Concurrent Clear Claimed Marks
[8.763s][info][gc,marking  ] GC(14) Concurrent Clear Claimed Marks 0.092ms
[8.763s][info][gc,marking  ] GC(14) Concurrent Cleanup for Next Mark
[8.765s][info][gc,marking  ] GC(14) Concurrent Cleanup for Next Mark 1.887ms
[8.765s][info][gc          ] GC(14) Concurrent Mark Cycle 221.323ms
[9.052s][info][gc,start    ] GC(16) Pause Young (Prepare Mixed) (G1 Evacuation Pause)
[9.053s][info][gc,task     ] GC(16) Using 2 workers of 2 for evacuation
[9.070s][info][gc,phases   ] GC(16)   Pre Evacuate Collection Set: 0.24ms
[9.070s][info][gc,phases   ] GC(16)   Merge Heap Roots: 0.08ms
[9.070s][info][gc,phases   ] GC(16)   Evacuate Collection Set: 16.66ms
[9.070s][info][gc,phases   ] GC(16)   Post Evacuate Collection Set: 0.41ms
[9.070s][info][gc,phases   ] GC(16)   Other: 0.14ms
[9.070s][info][gc,heap     ] GC(16) Eden regions: 75->0(91)
[9.070s][info][gc,heap     ] GC(16) Survivor regions: 3->10(10)
[9.070s][info][gc,heap     ] GC(16) Old regions: 42->54
[9.070s][info][gc,heap     ] GC(16) Humongous regions: 207->207
[9.070s][info][gc,metaspace] GC(16) Metaspace: 54559K(54912K)->54559K(54912K) NonClass: 46325K(46592K)->46325K(46592K) Class: 8233K(8320K)->8233K(8320K)
[9.070s][info][gc          ] GC(16) Pause Young (Prepare Mixed) (G1 Evacuation Pause) 326M->270M(420M) 17.766ms
[9.070s][info][gc,cpu      ] GC(16) User=0.03s Sys=0.01s Real=0.02s
[9.540s][info][gc,start    ] GC(17) Pause Young (Mixed) (G1 Evacuation Pause)
[9.540s][info][gc,task     ] GC(17) Using 2 workers of 2 for evacuation
[9.563s][info][gc,phases   ] GC(17)   Pre Evacuate Collection Set: 0.24ms
[9.563s][info][gc,phases   ] GC(17)   Merge Heap Roots: 0.09ms
[9.563s][info][gc,phases   ] GC(17)   Evacuate Collection Set: 22.19ms
[9.563s][info][gc,phases   ] GC(17)   Post Evacuate Collection Set: 0.48ms
[9.563s][info][gc,phases   ] GC(17)   Other: 0.08ms
[9.563s][info][gc,heap     ] GC(17) Eden regions: 91->0(88)
[9.563s][info][gc,heap     ] GC(17) Survivor regions: 10->12(13)
[9.563s][info][gc,heap     ] GC(17) Old regions: 54->63
[9.563s][info][gc,heap     ] GC(17) Humongous regions: 207->207
[9.563s][info][gc,metaspace] GC(17) Metaspace: 54886K(55232K)->54886K(55232K) NonClass: 46652K(46912K)->46652K(46912K) Class: 8233K(8320K)->8233K(8320K)
[9.563s][info][gc          ] GC(17) Pause Young (Mixed) (G1 Evacuation Pause) 361M->282M(420M) 23.271ms
[9.563s][info][gc,cpu      ] GC(17) User=0.04s Sys=0.01s Real=0.02s
[9.905s][info][gc,start    ] GC(18) Pause Young (Concurrent Start) (G1 Evacuation Pause)
[9.905s][info][gc,task     ] GC(18) Using 2 workers of 2 for evacuation
[9.927s][info][gc,phases   ] GC(18)   Pre Evacuate Collection Set: 0.32ms
[9.927s][info][gc,phases   ] GC(18)   Merge Heap Roots: 0.11ms
[9.927s][info][gc,phases   ] GC(18)   Evacuate Collection Set: 20.90ms
[9.927s][info][gc,phases   ] GC(18)   Post Evacuate Collection Set: 0.47ms
[9.927s][info][gc,phases   ] GC(18)   Other: 0.19ms
[9.927s][info][gc,heap     ] GC(18) Eden regions: 88->0(89)
[9.927s][info][gc,heap     ] GC(18) Survivor regions: 12->8(13)
[9.927s][info][gc,heap     ] GC(18) Old regions: 63->73
[9.927s][info][gc,heap     ] GC(18) Humongous regions: 207->207
[9.927s][info][gc,metaspace] GC(18) Metaspace: 54948K(55232K)->54948K(55232K) NonClass: 46701K(46912K)->46701K(46912K) Class: 8247K(8320K)->8247K(8320K)
[9.927s][info][gc          ] GC(18) Pause Young (Concurrent Start) (G1 Evacuation Pause) 370M->286M(420M) 22.228ms
[9.927s][info][gc,cpu      ] GC(18) User=0.05s Sys=0.00s Real=0.02s
[9.927s][info][gc          ] GC(19) Concurrent Mark Cycle
[9.930s][info][gc,marking  ] GC(19) Concurrent Scan Root Regions
[9.959s][info][gc,marking  ] GC(19) Concurrent Scan Root Regions 28.961ms
[9.959s][info][gc,marking  ] GC(19) Concurrent Mark
[9.959s][info][gc,marking  ] GC(19) Concurrent Mark From Roots
[9.959s][info][gc,task     ] GC(19) Using 1 workers of 1 for marking
[10.068s][info][gc,marking  ] GC(19) Concurrent Mark From Roots 109.315ms
[10.068s][info][gc,marking  ] GC(19) Concurrent Preclean
[10.068s][info][gc,marking  ] GC(19) Concurrent Preclean 0.104ms
[10.068s][info][gc,start    ] GC(19) Pause Remark
[10.080s][info][gc          ] GC(19) Pause Remark 308M->308M(480M) 11.595ms
[10.080s][info][gc,cpu      ] GC(19) User=0.02s Sys=0.00s Real=0.01s
[10.082s][info][gc,marking  ] GC(19) Concurrent Mark 123.380ms
[10.082s][info][gc,marking  ] GC(19) Concurrent Rebuild Remembered Sets and Scrub Regions
[10.120s][info][gc,marking  ] GC(19) Concurrent Rebuild Remembered Sets and Scrub Regions 37.666ms
[10.121s][info][gc,start    ] GC(19) Pause Cleanup
[10.121s][info][gc          ] GC(19) Pause Cleanup 312M->312M(480M) 0.080ms
[10.121s][info][gc,cpu      ] GC(19) User=0.00s Sys=0.00s Real=0.00s
[10.122s][info][gc,marking  ] GC(19) Concurrent Clear Claimed Marks
[10.122s][info][gc,marking  ] GC(19) Concurrent Clear Claimed Marks 0.109ms
[10.122s][info][gc,marking  ] GC(19) Concurrent Cleanup for Next Mark
[10.126s][info][gc,marking  ] GC(19) Concurrent Cleanup for Next Mark 3.969ms
[10.126s][info][gc          ] GC(19) Concurrent Mark Cycle 198.281ms
[10.393s][info][gc,start    ] GC(20) Pause Young (Prepare Mixed) (G1 Evacuation Pause)
[10.393s][info][gc,task     ] GC(20) Using 2 workers of 2 for evacuation
[10.419s][info][gc,phases   ] GC(20)   Pre Evacuate Collection Set: 0.37ms
[10.419s][info][gc,phases   ] GC(20)   Merge Heap Roots: 0.14ms
[10.419s][info][gc,phases   ] GC(20)   Evacuate Collection Set: 24.92ms
[10.419s][info][gc,phases   ] GC(20)   Post Evacuate Collection Set: 0.44ms
[10.419s][info][gc,phases   ] GC(20)   Other: 0.11ms
[10.419s][info][gc,heap     ] GC(20) Eden regions: 89->0(131)
[10.419s][info][gc,heap     ] GC(20) Survivor regions: 8->8(13)
[10.419s][info][gc,heap     ] GC(20) Old regions: 73->78
[10.419s][info][gc,heap     ] GC(20) Humongous regions: 207->207
[10.419s][info][gc,metaspace] GC(20) Metaspace: 55006K(55296K)->55006K(55296K) NonClass: 46759K(46976K)->46759K(46976K) Class: 8247K(8320K)->8247K(8320K)
[10.419s][info][gc          ] GC(20) Pause Young (Prepare Mixed) (G1 Evacuation Pause) 375M->292M(480M) 26.228ms
[10.419s][info][gc,cpu      ] GC(20) User=0.05s Sys=0.00s Real=0.03s
[10.859s][info][gc,start    ] GC(21) Pause Young (Mixed) (G1 Evacuation Pause)
[10.859s][info][gc,task     ] GC(21) Using 2 workers of 2 for evacuation
[10.883s][info][gc,phases   ] GC(21)   Pre Evacuate Collection Set: 0.43ms
[10.883s][info][gc,phases   ] GC(21)   Merge Heap Roots: 0.26ms
[10.883s][info][gc,phases   ] GC(21)   Evacuate Collection Set: 23.09ms
[10.883s][info][gc,phases   ] GC(21)   Post Evacuate Collection Set: 0.50ms
[10.883s][info][gc,phases   ] GC(21)   Other: 0.12ms
[10.883s][info][gc,heap     ] GC(21) Eden regions: 131->0(121)
[10.883s][info][gc,heap     ] GC(21) Survivor regions: 8->14(18)
[10.883s][info][gc,heap     ] GC(21) Old regions: 78->75
[10.883s][info][gc,heap     ] GC(21) Humongous regions: 207->207
[10.883s][info][gc,metaspace] GC(21) Metaspace: 55099K(55360K)->55099K(55360K) NonClass: 46852K(47040K)->46852K(47040K) Class: 8247K(8320K)->8247K(8320K)
[10.883s][info][gc          ] GC(21) Pause Young (Mixed) (G1 Evacuation Pause) 423M->295M(480M) 24.638ms
[10.883s][info][gc,cpu      ] GC(21) User=0.05s Sys=0.00s Real=0.02s
[11.279s][info][gc,start    ] GC(22) Pause Young (Concurrent Start) (G1 Evacuation Pause)
[11.279s][info][gc,task     ] GC(22) Using 2 workers of 2 for evacuation
[11.302s][info][gc,phases   ] GC(22)   Pre Evacuate Collection Set: 0.30ms
[11.302s][info][gc,phases   ] GC(22)   Merge Heap Roots: 0.09ms
[11.302s][info][gc,phases   ] GC(22)   Evacuate Collection Set: 22.21ms
[11.303s][info][gc,phases   ] GC(22)   Post Evacuate Collection Set: 0.48ms
[11.303s][info][gc,phases   ] GC(22)   Other: 0.11ms
[11.303s][info][gc,heap     ] GC(22) Eden regions: 121->0(128)
[11.303s][info][gc,heap     ] GC(22) Survivor regions: 14->10(17)
[11.303s][info][gc,heap     ] GC(22) Old regions: 75->80
[11.303s][info][gc,heap     ] GC(22) Humongous regions: 207->207
[11.303s][info][gc,metaspace] GC(22) Metaspace: 55150K(55424K)->55150K(55424K) NonClass: 46903K(47104K)->46903K(47104K) Class: 8247K(8320K)->8247K(8320K)
[11.303s][info][gc          ] GC(22) Pause Young (Concurrent Start) (G1 Evacuation Pause) 416M->297M(480M) 23.434ms
[11.303s][info][gc          ] GC(23) Concurrent Mark Cycle
[11.303s][info][gc,cpu      ] GC(22) User=0.04s Sys=0.00s Real=0.02s
[11.303s][info][gc,marking  ] GC(23) Concurrent Scan Root Regions
[11.337s][info][gc,marking  ] GC(23) Concurrent Scan Root Regions 34.574ms
[11.337s][info][gc,marking  ] GC(23) Concurrent Mark
[11.337s][info][gc,marking  ] GC(23) Concurrent Mark From Roots
[11.337s][info][gc,task     ] GC(23) Using 1 workers of 1 for marking
[11.423s][info][gc,marking  ] GC(23) Concurrent Mark From Roots 85.796ms
[11.423s][info][gc,marking  ] GC(23) Concurrent Preclean
[11.423s][info][gc,marking  ] GC(23) Concurrent Preclean 0.078ms
[11.423s][info][gc,start    ] GC(23) Pause Remark
[11.433s][info][gc          ] GC(23) Pause Remark 320M->320M(495M) 9.627ms
[11.433s][info][gc,cpu      ] GC(23) User=0.02s Sys=0.00s Real=0.01s
[11.437s][info][gc,marking  ] GC(23) Concurrent Mark 99.812ms
[11.437s][info][gc,marking  ] GC(23) Concurrent Rebuild Remembered Sets and Scrub Regions
[11.493s][info][gc,marking  ] GC(23) Concurrent Rebuild Remembered Sets and Scrub Regions 55.672ms
[11.493s][info][gc,start    ] GC(23) Pause Cleanup
[11.493s][info][gc          ] GC(23) Pause Cleanup 331M->331M(495M) 0.094ms
[11.493s][info][gc,cpu      ] GC(23) User=0.00s Sys=0.00s Real=0.00s
[11.494s][info][gc,marking  ] GC(23) Concurrent Clear Claimed Marks
[11.495s][info][gc,marking  ] GC(23) Concurrent Clear Claimed Marks 0.123ms
[11.495s][info][gc,marking  ] GC(23) Concurrent Cleanup for Next Mark
[11.499s][info][gc,marking  ] GC(23) Concurrent Cleanup for Next Mark 4.729ms
[11.499s][info][gc          ] GC(23) Concurrent Mark Cycle 196.687ms
[11.763s][info][gc,start    ] GC(24) Pause Young (Prepare Mixed) (G1 Evacuation Pause)
[11.763s][info][gc,task     ] GC(24) Using 2 workers of 2 for evacuation
[11.783s][info][gc,phases   ] GC(24)   Pre Evacuate Collection Set: 0.27ms
[11.783s][info][gc,phases   ] GC(24)   Merge Heap Roots: 0.09ms
[11.783s][info][gc,phases   ] GC(24)   Evacuate Collection Set: 19.25ms
[11.783s][info][gc,phases   ] GC(24)   Post Evacuate Collection Set: 0.48ms
[11.783s][info][gc,phases   ] GC(24)   Other: 0.14ms
[11.783s][info][gc,heap     ] GC(24) Eden regions: 128->0(140)
[11.783s][info][gc,heap     ] GC(24) Survivor regions: 10->11(18)
[11.783s][info][gc,heap     ] GC(24) Old regions: 80->83
[11.783s][info][gc,heap     ] GC(24) Humongous regions: 207->207
[11.783s][info][gc,metaspace] GC(24) Metaspace: 55179K(55488K)->55179K(55488K) NonClass: 46932K(47168K)->46932K(47168K) Class: 8247K(8320K)->8247K(8320K)
[11.783s][info][gc          ] GC(24) Pause Young (Prepare Mixed) (G1 Evacuation Pause) 425M->300M(495M) 20.448ms
[11.783s][info][gc,cpu      ] GC(24) User=0.04s Sys=0.00s Real=0.02s
[12.158s][info][gc,start    ] GC(25) Pause Young (Mixed) (G1 Evacuation Pause)
[12.158s][info][gc,task     ] GC(25) Using 2 workers of 2 for evacuation
[12.181s][info][gc,phases   ] GC(25)   Pre Evacuate Collection Set: 0.32ms
[12.181s][info][gc,phases   ] GC(25)   Merge Heap Roots: 0.11ms
[12.181s][info][gc,phases   ] GC(25)   Evacuate Collection Set: 21.82ms
[12.181s][info][gc,phases   ] GC(25)   Post Evacuate Collection Set: 0.54ms
[12.181s][info][gc,phases   ] GC(25)   Other: 0.10ms
[12.181s][info][gc,heap     ] GC(25) Eden regions: 140->0(142)
[12.181s][info][gc,heap     ] GC(25) Survivor regions: 11->12(19)
[12.181s][info][gc,heap     ] GC(25) Old regions: 83->77
[12.181s][info][gc,heap     ] GC(25) Humongous regions: 207->207
[12.181s][info][gc,metaspace] GC(25) Metaspace: 55281K(55616K)->55281K(55616K) NonClass: 47034K(47296K)->47034K(47296K) Class: 8247K(8320K)->8247K(8320K)
[12.181s][info][gc          ] GC(25) Pause Young (Mixed) (G1 Evacuation Pause) 439M->295M(495M) 23.130ms
[12.181s][info][gc,cpu      ] GC(25) User=0.05s Sys=0.00s Real=0.02s
[12.528s][info][gc,start    ] GC(26) Pause Young (Concurrent Start) (G1 Evacuation Pause)
[12.529s][info][gc,task     ] GC(26) Using 2 workers of 2 for evacuation
[12.550s][info][gc,phases   ] GC(26)   Pre Evacuate Collection Set: 0.35ms
[12.550s][info][gc,phases   ] GC(26)   Merge Heap Roots: 0.08ms
[12.550s][info][gc,phases   ] GC(26)   Evacuate Collection Set: 20.28ms
[12.550s][info][gc,phases   ] GC(26)   Post Evacuate Collection Set: 0.50ms
[12.550s][info][gc,phases   ] GC(26)   Other: 0.17ms
[12.550s][info][gc,heap     ] GC(26) Eden regions: 142->0(145)
[12.550s][info][gc,heap     ] GC(26) Survivor regions: 12->12(20)
[12.550s][info][gc,heap     ] GC(26) Old regions: 77->78
[12.550s][info][gc,heap     ] GC(26) Humongous regions: 207->207
[12.550s][info][gc,metaspace] GC(26) Metaspace: 55403K(55744K)->55403K(55744K) NonClass: 47156K(47424K)->47156K(47424K) Class: 8247K(8320K)->8247K(8320K)
[12.550s][info][gc          ] GC(26) Pause Young (Concurrent Start) (G1 Evacuation Pause) 437M->296M(495M) 21.593ms
[12.550s][info][gc,cpu      ] GC(26) User=0.04s Sys=0.00s Real=0.02s
[12.550s][info][gc          ] GC(27) Concurrent Mark Cycle
[12.550s][info][gc,marking  ] GC(27) Concurrent Scan Root Regions
[12.576s][info][gc,marking  ] GC(27) Concurrent Scan Root Regions 26.097ms
[12.576s][info][gc,marking  ] GC(27) Concurrent Mark
[12.576s][info][gc,marking  ] GC(27) Concurrent Mark From Roots
[12.576s][info][gc,task     ] GC(27) Using 1 workers of 1 for marking
[12.641s][info][gc,marking  ] GC(27) Concurrent Mark From Roots 64.307ms
[12.641s][info][gc,marking  ] GC(27) Concurrent Preclean
[12.641s][info][gc,marking  ] GC(27) Concurrent Preclean 0.098ms
[12.641s][info][gc,start    ] GC(27) Pause Remark
[12.652s][info][gc          ] GC(27) Pause Remark 322M->322M(495M) 11.503ms
[12.653s][info][gc,cpu      ] GC(27) User=0.02s Sys=0.00s Real=0.01s
[12.658s][info][gc,marking  ] GC(27) Concurrent Mark 81.290ms
[12.658s][info][gc,marking  ] GC(27) Concurrent Rebuild Remembered Sets and Scrub Regions
[12.720s][info][gc,marking  ] GC(27) Concurrent Rebuild Remembered Sets and Scrub Regions 61.948ms
[12.720s][info][gc,start    ] GC(27) Pause Cleanup
[12.720s][info][gc          ] GC(27) Pause Cleanup 342M->342M(495M) 0.092ms
[12.720s][info][gc,cpu      ] GC(27) User=0.00s Sys=0.00s Real=0.00s
[12.721s][info][gc,marking  ] GC(27) Concurrent Clear Claimed Marks
[12.721s][info][gc,marking  ] GC(27) Concurrent Clear Claimed Marks 0.135ms
[12.721s][info][gc,marking  ] GC(27) Concurrent Cleanup for Next Mark
[12.723s][info][gc,marking  ] GC(27) Concurrent Cleanup for Next Mark 1.668ms
[12.723s][info][gc          ] GC(27) Concurrent Mark Cycle 172.904ms
[12.981s][info][gc,start    ] GC(28) Pause Young (Prepare Mixed) (G1 Evacuation Pause)
[12.981s][info][gc,task     ] GC(28) Using 2 workers of 2 for evacuation
[13.002s][info][gc,phases   ] GC(28)   Pre Evacuate Collection Set: 0.28ms
[13.002s][info][gc,phases   ] GC(28)   Merge Heap Roots: 0.09ms
[13.002s][info][gc,phases   ] GC(28)   Evacuate Collection Set: 19.87ms
[13.002s][info][gc,phases   ] GC(28)   Post Evacuate Collection Set: 0.50ms
[13.002s][info][gc,phases   ] GC(28)   Other: 0.10ms
[13.002s][info][gc,heap     ] GC(28) Eden regions: 145->0(148)
[13.002s][info][gc,heap     ] GC(28) Survivor regions: 12->12(20)
[13.002s][info][gc,heap     ] GC(28) Old regions: 78->79
[13.002s][info][gc,heap     ] GC(28) Humongous regions: 207->207
[13.002s][info][gc,metaspace] GC(28) Metaspace: 55409K(55744K)->55409K(55744K) NonClass: 47162K(47424K)->47162K(47424K) Class: 8247K(8320K)->8247K(8320K)
[13.002s][info][gc          ] GC(28) Pause Young (Prepare Mixed) (G1 Evacuation Pause) 441M->296M(495M) 21.077ms
[13.002s][info][gc,cpu      ] GC(28) User=0.04s Sys=0.00s Real=0.02s
[13.493s][info][gc,start    ] GC(29) Pause Young (Mixed) (G1 Evacuation Pause)
[13.493s][info][gc,task     ] GC(29) Using 2 workers of 2 for evacuation
[13.521s][info][gc,phases   ] GC(29)   Pre Evacuate Collection Set: 0.32ms
[13.521s][info][gc,phases   ] GC(29)   Merge Heap Roots: 0.12ms
[13.521s][info][gc,phases   ] GC(29)   Evacuate Collection Set: 26.79ms
[13.521s][info][gc,phases   ] GC(29)   Post Evacuate Collection Set: 0.82ms
[13.521s][info][gc,phases   ] GC(29)   Other: 0.09ms
[13.521s][info][gc,heap     ] GC(29) Eden regions: 148->0(153)
[13.521s][info][gc,heap     ] GC(29) Survivor regions: 12->12(20)
[13.521s][info][gc,heap     ] GC(29) Old regions: 79->71
[13.521s][info][gc,heap     ] GC(29) Humongous regions: 207->207
[13.521s][info][gc,metaspace] GC(29) Metaspace: 55409K(55744K)->55409K(55744K) NonClass: 47162K(47424K)->47162K(47424K) Class: 8247K(8320K)->8247K(8320K)
[13.521s][info][gc          ] GC(29) Pause Young (Mixed) (G1 Evacuation Pause) 444M->289M(495M) 28.352ms
[13.521s][info][gc,cpu      ] GC(29) User=0.06s Sys=0.00s Real=0.03s
[13.922s][info][gc,start    ] GC(30) Pause Young (Concurrent Start) (G1 Evacuation Pause)
[13.922s][info][gc,task     ] GC(30) Using 2 workers of 2 for evacuation
[13.950s][info][gc,phases   ] GC(30)   Pre Evacuate Collection Set: 0.34ms
[13.950s][info][gc,phases   ] GC(30)   Merge Heap Roots: 0.09ms
[13.950s][info][gc,phases   ] GC(30)   Evacuate Collection Set: 26.78ms
[13.950s][info][gc,phases   ] GC(30)   Post Evacuate Collection Set: 0.62ms
[13.950s][info][gc,phases   ] GC(30)   Other: 0.12ms
[13.950s][info][gc,heap     ] GC(30) Eden regions: 153->0(155)
[13.950s][info][gc,heap     ] GC(30) Survivor regions: 12->12(21)
[13.950s][info][gc,heap     ] GC(30) Old regions: 71->71
[13.950s][info][gc,heap     ] GC(30) Humongous regions: 207->207
[13.950s][info][gc,metaspace] GC(30) Metaspace: 55412K(55744K)->55412K(55744K) NonClass: 47165K(47424K)->47165K(47424K) Class: 8247K(8320K)->8247K(8320K)
[13.950s][info][gc          ] GC(30) Pause Young (Concurrent Start) (G1 Evacuation Pause) 442M->289M(495M) 28.208ms
[13.953s][info][gc,cpu      ] GC(30) User=0.05s Sys=0.00s Real=0.03s
[13.956s][info][gc          ] GC(31) Concurrent Mark Cycle
[13.956s][info][gc,marking  ] GC(31) Concurrent Scan Root Regions
[13.988s][info][gc,marking  ] GC(31) Concurrent Scan Root Regions 31.879ms
[13.988s][info][gc,marking  ] GC(31) Concurrent Mark
[13.988s][info][gc,marking  ] GC(31) Concurrent Mark From Roots
[13.988s][info][gc,task     ] GC(31) Using 1 workers of 1 for marking
[14.102s][info][gc,marking  ] GC(31) Concurrent Mark From Roots 114.048ms
[14.102s][info][gc,marking  ] GC(31) Concurrent Preclean
[14.102s][info][gc,marking  ] GC(31) Concurrent Preclean 0.071ms
[14.103s][info][gc,start    ] GC(31) Pause Remark
[14.114s][info][gc          ] GC(31) Pause Remark 330M->330M(495M) 11.597ms
[14.114s][info][gc,cpu      ] GC(31) User=0.02s Sys=0.00s Real=0.02s
[14.116s][info][gc,marking  ] GC(31) Concurrent Mark 127.746ms
[14.116s][info][gc,marking  ] GC(31) Concurrent Rebuild Remembered Sets and Scrub Regions
[14.135s][info][gc,marking  ] GC(31) Concurrent Rebuild Remembered Sets and Scrub Regions 19.280ms
[14.135s][info][gc,start    ] GC(31) Pause Cleanup
[14.135s][info][gc          ] GC(31) Pause Cleanup 334M->334M(495M) 0.075ms
[14.135s][info][gc,cpu      ] GC(31) User=0.00s Sys=0.00s Real=0.00s
[14.136s][info][gc,marking  ] GC(31) Concurrent Clear Claimed Marks
[14.136s][info][gc,marking  ] GC(31) Concurrent Clear Claimed Marks 0.092ms
[14.136s][info][gc,marking  ] GC(31) Concurrent Cleanup for Next Mark
[14.137s][info][gc,marking  ] GC(31) Concurrent Cleanup for Next Mark 1.736ms
[14.137s][info][gc          ] GC(31) Concurrent Mark Cycle 181.177ms
[14.403s][info][gc,start    ] GC(32) Pause Young (Prepare Mixed) (G1 Evacuation Pause)
[14.403s][info][gc,task     ] GC(32) Using 2 workers of 2 for evacuation
[14.426s][info][gc,phases   ] GC(32)   Pre Evacuate Collection Set: 0.31ms
[14.426s][info][gc,phases   ] GC(32)   Merge Heap Roots: 0.10ms
[14.426s][info][gc,phases   ] GC(32)   Evacuate Collection Set: 22.51ms
[14.426s][info][gc,phases   ] GC(32)   Post Evacuate Collection Set: 0.52ms
[14.426s][info][gc,phases   ] GC(32)   Other: 0.08ms
[14.426s][info][gc,heap     ] GC(32) Eden regions: 155->0(158)
[14.426s][info][gc,heap     ] GC(32) Survivor regions: 12->12(21)
[14.426s][info][gc,heap     ] GC(32) Old regions: 71->71
[14.426s][info][gc,heap     ] GC(32) Humongous regions: 207->207
[14.426s][info][gc,metaspace] GC(32) Metaspace: 55412K(55744K)->55412K(55744K) NonClass: 47165K(47424K)->47165K(47424K) Class: 8247K(8320K)->8247K(8320K)
[14.426s][info][gc          ] GC(32) Pause Young (Prepare Mixed) (G1 Evacuation Pause) 444M->289M(495M) 23.707ms
[14.426s][info][gc,cpu      ] GC(32) User=0.05s Sys=0.00s Real=0.03s
[14.945s][info][gc,start    ] GC(33) Pause Young (Mixed) (G1 Evacuation Pause)
[14.945s][info][gc,task     ] GC(33) Using 2 workers of 2 for evacuation
[14.965s][info][gc,phases   ] GC(33)   Pre Evacuate Collection Set: 0.27ms
[14.965s][info][gc,phases   ] GC(33)   Merge Heap Roots: 0.09ms
[14.965s][info][gc,phases   ] GC(33)   Evacuate Collection Set: 19.07ms
[14.965s][info][gc,phases   ] GC(33)   Post Evacuate Collection Set: 0.53ms
[14.965s][info][gc,phases   ] GC(33)   Other: 0.08ms
[14.965s][info][gc,heap     ] GC(33) Eden regions: 158->0(162)
[14.965s][info][gc,heap     ] GC(33) Survivor regions: 12->11(22)
[14.965s][info][gc,heap     ] GC(33) Old regions: 71->67
[14.965s][info][gc,heap     ] GC(33) Humongous regions: 207->207
[14.965s][info][gc,metaspace] GC(33) Metaspace: 55427K(55744K)->55427K(55744K) NonClass: 47176K(47424K)->47176K(47424K) Class: 8251K(8320K)->8251K(8320K)
[14.965s][info][gc          ] GC(33) Pause Young (Mixed) (G1 Evacuation Pause) 447M->284M(495M) 20.230ms
[14.965s][info][gc,cpu      ] GC(33) User=0.04s Sys=0.00s Real=0.02s
[15.325s][info][gc,start    ] GC(34) Pause Young (Concurrent Start) (G1 Evacuation Pause)
[15.325s][info][gc,task     ] GC(34) Using 2 workers of 2 for evacuation
[15.348s][info][gc,phases   ] GC(34)   Pre Evacuate Collection Set: 0.26ms
[15.348s][info][gc,phases   ] GC(34)   Merge Heap Roots: 0.07ms
[15.348s][info][gc,phases   ] GC(34)   Evacuate Collection Set: 21.84ms
[15.348s][info][gc,phases   ] GC(34)   Post Evacuate Collection Set: 0.54ms
[15.348s][info][gc,phases   ] GC(34)   Other: 0.14ms
[15.348s][info][gc,heap     ] GC(34) Eden regions: 162->0(163)
[15.348s][info][gc,heap     ] GC(34) Survivor regions: 11->12(22)
[15.348s][info][gc,heap     ] GC(34) Old regions: 67->67
[15.348s][info][gc,heap     ] GC(34) Humongous regions: 207->207
[15.348s][info][gc,metaspace] GC(34) Metaspace: 55428K(55744K)->55428K(55744K) NonClass: 47177K(47424K)->47177K(47424K) Class: 8251K(8320K)->8251K(8320K)
[15.348s][info][gc          ] GC(34) Pause Young (Concurrent Start) (G1 Evacuation Pause) 446M->285M(495M) 23.059ms
[15.348s][info][gc          ] GC(35) Concurrent Mark Cycle
[15.348s][info][gc,marking  ] GC(35) Concurrent Scan Root Regions
[15.349s][info][gc,cpu      ] GC(34) User=0.05s Sys=0.00s Real=0.02s
[15.364s][info][gc,marking  ] GC(35) Concurrent Scan Root Regions 15.802ms
[15.364s][info][gc,marking  ] GC(35) Concurrent Mark
[15.364s][info][gc,marking  ] GC(35) Concurrent Mark From Roots
[15.364s][info][gc,task     ] GC(35) Using 1 workers of 1 for marking
[15.420s][info][gc,marking  ] GC(35) Concurrent Mark From Roots 56.114ms
[15.420s][info][gc,marking  ] GC(35) Concurrent Preclean
[15.420s][info][gc,marking  ] GC(35) Concurrent Preclean 0.071ms
[15.420s][info][gc,start    ] GC(35) Pause Remark
[15.431s][info][gc          ] GC(35) Pause Remark 304M->304M(495M) 10.481ms
[15.431s][info][gc,cpu      ] GC(35) User=0.02s Sys=0.00s Real=0.01s
[15.431s][info][gc,marking  ] GC(35) Concurrent Mark 67.461ms
[15.431s][info][gc,marking  ] GC(35) Concurrent Rebuild Remembered Sets and Scrub Regions
[15.462s][info][gc,marking  ] GC(35) Concurrent Rebuild Remembered Sets and Scrub Regions 30.908ms
[15.462s][info][gc,start    ] GC(35) Pause Cleanup
[15.462s][info][gc          ] GC(35) Pause Cleanup 312M->312M(495M) 0.073ms
[15.462s][info][gc,cpu      ] GC(35) User=0.00s Sys=0.00s Real=0.00s
[15.465s][info][gc,marking  ] GC(35) Concurrent Clear Claimed Marks
[15.465s][info][gc,marking  ] GC(35) Concurrent Clear Claimed Marks 0.135ms
[15.465s][info][gc,marking  ] GC(35) Concurrent Cleanup for Next Mark
[15.467s][info][gc,marking  ] GC(35) Concurrent Cleanup for Next Mark 2.412ms
[15.467s][info][gc          ] GC(35) Concurrent Mark Cycle 119.294ms
[15.736s][info][gc,start    ] GC(36) Pause Young (Prepare Mixed) (G1 Evacuation Pause)
[15.737s][info][gc,task     ] GC(36) Using 2 workers of 2 for evacuation
[15.756s][info][gc,phases   ] GC(36)   Pre Evacuate Collection Set: 0.26ms
[15.756s][info][gc,phases   ] GC(36)   Merge Heap Roots: 0.13ms
[15.756s][info][gc,phases   ] GC(36)   Evacuate Collection Set: 18.89ms
[15.756s][info][gc,phases   ] GC(36)   Post Evacuate Collection Set: 0.50ms
[15.756s][info][gc,phases   ] GC(36)   Other: 0.10ms
[15.756s][info][gc,heap     ] GC(36) Eden regions: 163->0(165)
[15.756s][info][gc,heap     ] GC(36) Survivor regions: 12->12(22)
[15.757s][info][gc,heap     ] GC(36) Old regions: 67->67
[15.757s][info][gc,heap     ] GC(36) Humongous regions: 207->207
[15.757s][info][gc,metaspace] GC(36) Metaspace: 55428K(55744K)->55428K(55744K) NonClass: 47177K(47424K)->47177K(47424K) Class: 8251K(8320K)->8251K(8320K)
[15.757s][info][gc          ] GC(36) Pause Young (Prepare Mixed) (G1 Evacuation Pause) 448M->285M(495M) 20.152ms
[15.757s][info][gc,cpu      ] GC(36) User=0.04s Sys=0.00s Real=0.02s
[16.102s][info][gc,start    ] GC(37) Pause Young (Mixed) (G1 Evacuation Pause)
[16.102s][info][gc,task     ] GC(37) Using 2 workers of 2 for evacuation
[16.124s][info][gc,phases   ] GC(37)   Pre Evacuate Collection Set: 0.27ms
[16.124s][info][gc,phases   ] GC(37)   Merge Heap Roots: 0.11ms
[16.124s][info][gc,phases   ] GC(37)   Evacuate Collection Set: 20.97ms
[16.124s][info][gc,phases   ] GC(37)   Post Evacuate Collection Set: 0.57ms
[16.124s][info][gc,phases   ] GC(37)   Other: 0.10ms
[16.124s][info][gc,heap     ] GC(37) Eden regions: 165->0(167)
[16.124s][info][gc,heap     ] GC(37) Survivor regions: 12->12(23)
[16.124s][info][gc,heap     ] GC(37) Old regions: 67->65
[16.124s][info][gc,heap     ] GC(37) Humongous regions: 207->207
[16.124s][info][gc,metaspace] GC(37) Metaspace: 55428K(55744K)->55428K(55744K) NonClass: 47177K(47424K)->47177K(47424K) Class: 8251K(8320K)->8251K(8320K)
[16.124s][info][gc          ] GC(37) Pause Young (Mixed) (G1 Evacuation Pause) 450M->283M(495M) 22.212ms
[16.124s][info][gc,cpu      ] GC(37) User=0.04s Sys=0.00s Real=0.03s
[16.588s][info][gc,start    ] GC(38) Pause Young (Concurrent Start) (G1 Evacuation Pause)
[16.588s][info][gc,task     ] GC(38) Using 2 workers of 2 for evacuation
[16.609s][info][gc,phases   ] GC(38)   Pre Evacuate Collection Set: 0.31ms
[16.609s][info][gc,phases   ] GC(38)   Merge Heap Roots: 0.10ms
[16.609s][info][gc,phases   ] GC(38)   Evacuate Collection Set: 19.58ms
[16.609s][info][gc,phases   ] GC(38)   Post Evacuate Collection Set: 0.54ms
[16.609s][info][gc,phases   ] GC(38)   Other: 0.14ms
[16.609s][info][gc,heap     ] GC(38) Eden regions: 167->0(169)
[16.609s][info][gc,heap     ] GC(38) Survivor regions: 12->12(23)
[16.609s][info][gc,heap     ] GC(38) Old regions: 65->65
[16.609s][info][gc,heap     ] GC(38) Humongous regions: 207->207
[16.609s][info][gc,metaspace] GC(38) Metaspace: 55428K(55744K)->55428K(55744K) NonClass: 47177K(47424K)->47177K(47424K) Class: 8251K(8320K)->8251K(8320K)
[16.609s][info][gc          ] GC(38) Pause Young (Concurrent Start) (G1 Evacuation Pause) 450M->283M(495M) 20.911ms
[16.609s][info][gc,cpu      ] GC(38) User=0.04s Sys=0.00s Real=0.02s
[16.609s][info][gc          ] GC(39) Concurrent Mark Cycle
[16.609s][info][gc,marking  ] GC(39) Concurrent Scan Root Regions
[16.644s][info][gc,marking  ] GC(39) Concurrent Scan Root Regions 34.761ms
[16.644s][info][gc,marking  ] GC(39) Concurrent Mark
[16.644s][info][gc,marking  ] GC(39) Concurrent Mark From Roots
[16.644s][info][gc,task     ] GC(39) Using 1 workers of 1 for marking
[16.764s][info][gc,marking  ] GC(39) Concurrent Mark From Roots 119.944ms
[16.764s][info][gc,marking  ] GC(39) Concurrent Preclean
[16.764s][info][gc,marking  ] GC(39) Concurrent Preclean 0.072ms
[16.765s][info][gc,start    ] GC(39) Pause Remark
[16.773s][info][gc          ] GC(39) Pause Remark 344M->344M(495M) 8.700ms
[16.773s][info][gc,cpu      ] GC(39) User=0.02s Sys=0.00s Real=0.00s
[16.781s][info][gc,marking  ] GC(39) Concurrent Mark 136.880ms
[16.781s][info][gc,marking  ] GC(39) Concurrent Rebuild Remembered Sets and Scrub Regions
[16.829s][info][gc,marking  ] GC(39) Concurrent Rebuild Remembered Sets and Scrub Regions 48.036ms
[16.829s][info][gc,start    ] GC(39) Pause Cleanup
[16.829s][info][gc          ] GC(39) Pause Cleanup 364M->364M(495M) 0.159ms
[16.829s][info][gc,cpu      ] GC(39) User=0.00s Sys=0.00s Real=0.00s
[16.829s][info][gc,marking  ] GC(39) Concurrent Clear Claimed Marks
[16.829s][info][gc,marking  ] GC(39) Concurrent Clear Claimed Marks 0.105ms
[16.829s][info][gc,marking  ] GC(39) Concurrent Cleanup for Next Mark
[16.832s][info][gc,marking  ] GC(39) Concurrent Cleanup for Next Mark 2.342ms
[16.832s][info][gc          ] GC(39) Concurrent Mark Cycle 222.822ms
[17.014s][info][gc,start    ] GC(40) Pause Young (Prepare Mixed) (G1 Evacuation Pause)
[17.014s][info][gc,task     ] GC(40) Using 2 workers of 2 for evacuation
[17.034s][info][gc,phases   ] GC(40)   Pre Evacuate Collection Set: 0.24ms
[17.034s][info][gc,phases   ] GC(40)   Merge Heap Roots: 0.11ms
[17.034s][info][gc,phases   ] GC(40)   Evacuate Collection Set: 19.16ms
[17.034s][info][gc,phases   ] GC(40)   Post Evacuate Collection Set: 0.53ms
[17.034s][info][gc,phases   ] GC(40)   Other: 0.10ms
[17.034s][info][gc,heap     ] GC(40) Eden regions: 169->0(170)
[17.034s][info][gc,heap     ] GC(40) Survivor regions: 12->12(23)
[17.034s][info][gc,heap     ] GC(40) Old regions: 65->65
[17.034s][info][gc,heap     ] GC(40) Humongous regions: 207->207
[17.034s][info][gc,metaspace] GC(40) Metaspace: 55428K(55744K)->55428K(55744K) NonClass: 47177K(47424K)->47177K(47424K) Class: 8251K(8320K)->8251K(8320K)
[17.034s][info][gc          ] GC(40) Pause Young (Prepare Mixed) (G1 Evacuation Pause) 452M->283M(495M) 20.346ms
[17.034s][info][gc,cpu      ] GC(40) User=0.04s Sys=0.00s Real=0.02s
[17.389s][info][gc,start    ] GC(41) Pause Young (Mixed) (G1 Evacuation Pause)
[17.389s][info][gc,task     ] GC(41) Using 2 workers of 2 for evacuation
[17.410s][info][gc,phases   ] GC(41)   Pre Evacuate Collection Set: 0.28ms
[17.410s][info][gc,phases   ] GC(41)   Merge Heap Roots: 0.09ms
[17.410s][info][gc,phases   ] GC(41)   Evacuate Collection Set: 19.82ms
[17.410s][info][gc,phases   ] GC(41)   Post Evacuate Collection Set: 0.56ms
[17.410s][info][gc,phases   ] GC(41)   Other: 0.08ms
[17.410s][info][gc,heap     ] GC(41) Eden regions: 170->0(172)
[17.410s][info][gc,heap     ] GC(41) Survivor regions: 12->12(23)
[17.410s][info][gc,heap     ] GC(41) Old regions: 65->63
[17.410s][info][gc,heap     ] GC(41) Humongous regions: 207->207
[17.410s][info][gc,metaspace] GC(41) Metaspace: 55428K(55744K)->55428K(55744K) NonClass: 47177K(47424K)->47177K(47424K) Class: 8251K(8320K)->8251K(8320K)
[17.410s][info][gc          ] GC(41) Pause Young (Mixed) (G1 Evacuation Pause) 453M->281M(495M) 21.057ms
[17.410s][info][gc,cpu      ] GC(41) User=0.04s Sys=0.00s Real=0.02s
[17.808s][info][gc,start    ] GC(42) Pause Young (Concurrent Start) (G1 Evacuation Pause)
[17.808s][info][gc,task     ] GC(42) Using 2 workers of 2 for evacuation
[17.829s][info][gc,phases   ] GC(42)   Pre Evacuate Collection Set: 0.32ms
[17.829s][info][gc,phases   ] GC(42)   Merge Heap Roots: 0.10ms
[17.829s][info][gc,phases   ] GC(42)   Evacuate Collection Set: 19.33ms
[17.829s][info][gc,phases   ] GC(42)   Post Evacuate Collection Set: 0.56ms
[17.829s][info][gc,phases   ] GC(42)   Other: 0.10ms
[17.829s][info][gc,heap     ] GC(42) Eden regions: 172->0(173)
[17.829s][info][gc,heap     ] GC(42) Survivor regions: 12->12(23)
[17.829s][info][gc,heap     ] GC(42) Old regions: 63->63
[17.829s][info][gc,heap     ] GC(42) Humongous regions: 207->207
[17.829s][info][gc,metaspace] GC(42) Metaspace: 55428K(55744K)->55428K(55744K) NonClass: 47177K(47424K)->47177K(47424K) Class: 8251K(8320K)->8251K(8320K)
[17.829s][info][gc          ] GC(42) Pause Young (Concurrent Start) (G1 Evacuation Pause) 453M->281M(495M) 20.609ms
[17.829s][info][gc,cpu      ] GC(42) User=0.04s Sys=0.00s Real=0.02s
[17.829s][info][gc          ] GC(43) Concurrent Mark Cycle
[17.829s][info][gc,marking  ] GC(43) Concurrent Scan Root Regions
[17.861s][info][gc,marking  ] GC(43) Concurrent Scan Root Regions 32.041ms
[17.861s][info][gc,marking  ] GC(43) Concurrent Mark
[17.861s][info][gc,marking  ] GC(43) Concurrent Mark From Roots
[17.861s][info][gc,task     ] GC(43) Using 1 workers of 1 for marking
[17.963s][info][gc,marking  ] GC(43) Concurrent Mark From Roots 101.642ms
[17.963s][info][gc,marking  ] GC(43) Concurrent Preclean
[17.963s][info][gc,marking  ] GC(43) Concurrent Preclean 0.070ms
[17.963s][info][gc,start    ] GC(43) Pause Remark
[17.975s][info][gc          ] GC(43) Pause Remark 334M->334M(495M) 11.465ms
[17.975s][info][gc,cpu      ] GC(43) User=0.03s Sys=0.00s Real=0.02s
[17.978s][info][gc,marking  ] GC(43) Concurrent Mark 116.567ms
[17.978s][info][gc,marking  ] GC(43) Concurrent Rebuild Remembered Sets and Scrub Regions
[18.017s][info][gc,marking  ] GC(43) Concurrent Rebuild Remembered Sets and Scrub Regions 39.112ms
[18.017s][info][gc,start    ] GC(43) Pause Cleanup
[18.017s][info][gc          ] GC(43) Pause Cleanup 352M->352M(495M) 0.090ms
[18.017s][info][gc,cpu      ] GC(43) User=0.00s Sys=0.00s Real=0.00s
[18.017s][info][gc,marking  ] GC(43) Concurrent Clear Claimed Marks
[18.017s][info][gc,marking  ] GC(43) Concurrent Clear Claimed Marks 0.098ms
[18.017s][info][gc,marking  ] GC(43) Concurrent Cleanup for Next Mark
[18.020s][info][gc,marking  ] GC(43) Concurrent Cleanup for Next Mark 2.864ms
[18.020s][info][gc          ] GC(43) Concurrent Mark Cycle 191.199ms
[18.338s][info][gc,start    ] GC(44) Pause Young (Prepare Mixed) (G1 Evacuation Pause)
[18.338s][info][gc,task     ] GC(44) Using 2 workers of 2 for evacuation
[18.358s][info][gc,phases   ] GC(44)   Pre Evacuate Collection Set: 0.26ms
[18.358s][info][gc,phases   ] GC(44)   Merge Heap Roots: 0.11ms
[18.358s][info][gc,phases   ] GC(44)   Evacuate Collection Set: 19.01ms
[18.358s][info][gc,phases   ] GC(44)   Post Evacuate Collection Set: 0.56ms
[18.358s][info][gc,phases   ] GC(44)   Other: 0.08ms
[18.358s][info][gc,heap     ] GC(44) Eden regions: 173->0(174)
[18.358s][info][gc,heap     ] GC(44) Survivor regions: 12->12(24)
[18.358s][info][gc,heap     ] GC(44) Old regions: 63->63
[18.358s][info][gc,heap     ] GC(44) Humongous regions: 207->207
[18.358s][info][gc,metaspace] GC(44) Metaspace: 55428K(55744K)->55428K(55744K) NonClass: 47177K(47424K)->47177K(47424K) Class: 8251K(8320K)->8251K(8320K)
[18.358s][info][gc          ] GC(44) Pause Young (Prepare Mixed) (G1 Evacuation Pause) 454M->281M(495M) 20.227ms
[18.358s][info][gc,cpu      ] GC(44) User=0.04s Sys=0.00s Real=0.02s
[18.686s][info][gc,start    ] GC(45) Pause Young (Mixed) (G1 Evacuation Pause)
[18.686s][info][gc,task     ] GC(45) Using 2 workers of 2 for evacuation
[18.709s][info][gc,phases   ] GC(45)   Pre Evacuate Collection Set: 0.30ms
[18.709s][info][gc,phases   ] GC(45)   Merge Heap Roots: 0.08ms
[18.709s][info][gc,phases   ] GC(45)   Evacuate Collection Set: 21.86ms
[18.709s][info][gc,phases   ] GC(45)   Post Evacuate Collection Set: 0.57ms
[18.709s][info][gc,phases   ] GC(45)   Other: 0.10ms
[18.709s][info][gc,heap     ] GC(45) Eden regions: 174->0(176)
[18.709s][info][gc,heap     ] GC(45) Survivor regions: 12->12(24)
[18.709s][info][gc,heap     ] GC(45) Old regions: 63->62
[18.709s][info][gc,heap     ] GC(45) Humongous regions: 207->207
[18.709s][info][gc,metaspace] GC(45) Metaspace: 55428K(55744K)->55428K(55744K) NonClass: 47177K(47424K)->47177K(47424K) Class: 8251K(8320K)->8251K(8320K)
[18.709s][info][gc          ] GC(45) Pause Young (Mixed) (G1 Evacuation Pause) 455M->279M(495M) 23.131ms
[18.709s][info][gc,cpu      ] GC(45) User=0.04s Sys=0.00s Real=0.02s
[19.076s][info][gc,start    ] GC(46) Pause Young (Concurrent Start) (G1 Evacuation Pause)
[19.076s][info][gc,task     ] GC(46) Using 2 workers of 2 for evacuation
[19.102s][info][gc,phases   ] GC(46)   Pre Evacuate Collection Set: 0.28ms
[19.102s][info][gc,phases   ] GC(46)   Merge Heap Roots: 0.08ms
[19.103s][info][gc,phases   ] GC(46)   Evacuate Collection Set: 25.81ms
[19.103s][info][gc,phases   ] GC(46)   Post Evacuate Collection Set: 0.51ms
[19.103s][info][gc,phases   ] GC(46)   Other: 0.15ms
[19.103s][info][gc,heap     ] GC(46) Eden regions: 176->0(176)
[19.103s][info][gc,heap     ] GC(46) Survivor regions: 12->12(24)
[19.103s][info][gc,heap     ] GC(46) Old regions: 62->62
[19.103s][info][gc,heap     ] GC(46) Humongous regions: 207->207
[19.103s][info][gc,metaspace] GC(46) Metaspace: 55446K(55808K)->55446K(55808K) NonClass: 47191K(47488K)->47191K(47488K) Class: 8254K(8320K)->8254K(8320K)
[19.103s][info][gc          ] GC(46) Pause Young (Concurrent Start) (G1 Evacuation Pause) 455M->280M(495M) 27.058ms
[19.103s][info][gc          ] GC(47) Concurrent Mark Cycle
[19.103s][info][gc,marking  ] GC(47) Concurrent Scan Root Regions
[19.103s][info][gc,cpu      ] GC(46) User=0.05s Sys=0.00s Real=0.02s
[19.135s][info][gc,marking  ] GC(47) Concurrent Scan Root Regions 32.228ms
[19.135s][info][gc,marking  ] GC(47) Concurrent Mark
[19.135s][info][gc,marking  ] GC(47) Concurrent Mark From Roots
[19.135s][info][gc,task     ] GC(47) Using 1 workers of 1 for marking
[19.271s][info][gc,marking  ] GC(47) Concurrent Mark From Roots 136.481ms
[19.272s][info][gc,marking  ] GC(47) Concurrent Preclean
[19.272s][info][gc,marking  ] GC(47) Concurrent Preclean 0.094ms
[19.272s][info][gc,start    ] GC(47) Pause Remark
[19.366s][info][gc          ] GC(47) Pause Remark 289M->289M(495M) 94.030ms
[19.366s][info][gc,cpu      ] GC(47) User=0.03s Sys=0.00s Real=0.10s
[19.370s][info][gc,marking  ] GC(47) Concurrent Mark 234.616ms
[19.370s][info][gc,marking  ] GC(47) Concurrent Rebuild Remembered Sets and Scrub Regions
[19.404s][info][gc,marking  ] GC(47) Concurrent Rebuild Remembered Sets and Scrub Regions 33.945ms
[19.404s][info][gc,start    ] GC(47) Pause Cleanup
[19.404s][info][gc          ] GC(47) Pause Cleanup 290M->290M(495M) 0.079ms
[19.404s][info][gc,cpu      ] GC(47) User=0.00s Sys=0.00s Real=0.00s
[19.404s][info][gc,marking  ] GC(47) Concurrent Clear Claimed Marks
[19.404s][info][gc,marking  ] GC(47) Concurrent Clear Claimed Marks 0.094ms
[19.404s][info][gc,marking  ] GC(47) Concurrent Cleanup for Next Mark
[19.407s][info][gc,marking  ] GC(47) Concurrent Cleanup for Next Mark 2.917ms
[19.407s][info][gc          ] GC(47) Concurrent Mark Cycle 304.309ms
[19.776s][info][gc,start    ] GC(48) Pause Young (Prepare Mixed) (G1 Evacuation Pause)
[19.776s][info][gc,task     ] GC(48) Using 2 workers of 2 for evacuation
[19.797s][info][gc,phases   ] GC(48)   Pre Evacuate Collection Set: 0.28ms
[19.797s][info][gc,phases   ] GC(48)   Merge Heap Roots: 0.10ms
[19.797s][info][gc,phases   ] GC(48)   Evacuate Collection Set: 19.76ms
[19.797s][info][gc,phases   ] GC(48)   Post Evacuate Collection Set: 0.52ms
[19.797s][info][gc,phases   ] GC(48)   Other: 0.09ms
[19.797s][info][gc,heap     ] GC(48) Eden regions: 176->0(176)
[19.797s][info][gc,heap     ] GC(48) Survivor regions: 12->12(24)
[19.797s][info][gc,heap     ] GC(48) Old regions: 62->62
[19.797s][info][gc,heap     ] GC(48) Humongous regions: 207->207
[19.797s][info][gc,metaspace] GC(48) Metaspace: 55446K(55808K)->55446K(55808K) NonClass: 47191K(47488K)->47191K(47488K) Class: 8254K(8320K)->8254K(8320K)
[19.797s][info][gc          ] GC(48) Pause Young (Prepare Mixed) (G1 Evacuation Pause) 456M->280M(495M) 20.979ms
[19.797s][info][gc,cpu      ] GC(48) User=0.04s Sys=0.00s Real=0.02s
[20.244s][info][gc,start    ] GC(49) Pause Young (Mixed) (G1 Evacuation Pause)
[20.245s][info][gc,task     ] GC(49) Using 2 workers of 2 for evacuation
[20.250s][info][gc,phases   ] GC(49)   Pre Evacuate Collection Set: 0.26ms
[20.250s][info][gc,phases   ] GC(49)   Merge Heap Roots: 0.09ms
[20.250s][info][gc,phases   ] GC(49)   Evacuate Collection Set: 4.66ms
[20.250s][info][gc,phases   ] GC(49)   Post Evacuate Collection Set: 0.50ms
[20.250s][info][gc,phases   ] GC(49)   Other: 0.12ms
[20.250s][info][gc,heap     ] GC(49) Eden regions: 176->0(189)
[20.250s][info][gc,heap     ] GC(49) Survivor regions: 12->2(24)
[20.250s][info][gc,heap     ] GC(49) Old regions: 62->61
[20.250s][info][gc,heap     ] GC(49) Humongous regions: 207->207
[20.250s][info][gc,metaspace] GC(49) Metaspace: 55451K(55808K)->55451K(55808K) NonClass: 47195K(47488K)->47195K(47488K) Class: 8255K(8320K)->8255K(8320K)
[20.250s][info][gc          ] GC(49) Pause Young (Mixed) (G1 Evacuation Pause) 456M->269M(495M) 5.836ms
[20.250s][info][gc,cpu      ] GC(49) User=0.01s Sys=0.00s Real=0.00s
[20.647s][info][gc,start    ] GC(50) Pause Young (Concurrent Start) (G1 Evacuation Pause)
[20.647s][info][gc,task     ] GC(50) Using 2 workers of 2 for evacuation
[20.654s][info][gc,phases   ] GC(50)   Pre Evacuate Collection Set: 0.35ms
[20.654s][info][gc,phases   ] GC(50)   Merge Heap Roots: 0.13ms
[20.654s][info][gc,phases   ] GC(50)   Evacuate Collection Set: 5.40ms
[20.654s][info][gc,phases   ] GC(50)   Post Evacuate Collection Set: 0.55ms
[20.654s][info][gc,phases   ] GC(50)   Other: 0.21ms
[20.654s][info][gc,heap     ] GC(50) Eden regions: 189->0(188)
[20.654s][info][gc,heap     ] GC(50) Survivor regions: 2->2(24)
[20.654s][info][gc,heap     ] GC(50) Old regions: 61->61
[20.654s][info][gc,heap     ] GC(50) Humongous regions: 207->207
[20.654s][info][gc,metaspace] GC(50) Metaspace: 55451K(55808K)->55451K(55808K) NonClass: 47195K(47488K)->47195K(47488K) Class: 8255K(8320K)->8255K(8320K)
[20.654s][info][gc          ] GC(50) Pause Young (Concurrent Start) (G1 Evacuation Pause) 458M->268M(495M) 6.857ms
[20.654s][info][gc,cpu      ] GC(50) User=0.01s Sys=0.00s Real=0.01s
[20.654s][info][gc          ] GC(51) Concurrent Mark Cycle
[20.657s][info][gc,marking  ] GC(51) Concurrent Scan Root Regions
[20.667s][info][gc,marking  ] GC(51) Concurrent Scan Root Regions 9.294ms
[20.667s][info][gc,marking  ] GC(51) Concurrent Mark
[20.667s][info][gc,marking  ] GC(51) Concurrent Mark From Roots
[20.667s][info][gc,task     ] GC(51) Using 1 workers of 1 for marking
[20.765s][info][gc,marking  ] GC(51) Concurrent Mark From Roots 97.900ms
[20.765s][info][gc,marking  ] GC(51) Concurrent Preclean
[20.765s][info][gc,marking  ] GC(51) Concurrent Preclean 0.075ms
[20.765s][info][gc,start    ] GC(51) Pause Remark
[20.774s][info][gc          ] GC(51) Pause Remark 310M->310M(495M) 8.781ms
[20.774s][info][gc,cpu      ] GC(51) User=0.02s Sys=0.00s Real=0.01s
[20.776s][info][gc,marking  ] GC(51) Concurrent Mark 108.965ms
[20.776s][info][gc,marking  ] GC(51) Concurrent Rebuild Remembered Sets and Scrub Regions
[20.814s][info][gc,marking  ] GC(51) Concurrent Rebuild Remembered Sets and Scrub Regions 38.658ms
[20.814s][info][gc,start    ] GC(51) Pause Cleanup
[20.815s][info][gc          ] GC(51) Pause Cleanup 330M->330M(495M) 0.115ms
[20.815s][info][gc,cpu      ] GC(51) User=0.00s Sys=0.00s Real=0.00s
[20.815s][info][gc,marking  ] GC(51) Concurrent Clear Claimed Marks
[20.815s][info][gc,marking  ] GC(51) Concurrent Clear Claimed Marks 0.095ms
[20.815s][info][gc,marking  ] GC(51) Concurrent Cleanup for Next Mark
[20.819s][info][gc,marking  ] GC(51) Concurrent Cleanup for Next Mark 4.241ms
[20.819s][info][gc          ] GC(51) Concurrent Mark Cycle 164.900ms
[21.077s][info][gc,start    ] GC(52) Pause Young (Prepare Mixed) (G1 Evacuation Pause)
[21.077s][info][gc,task     ] GC(52) Using 2 workers of 2 for evacuation
[21.083s][info][gc,phases   ] GC(52)   Pre Evacuate Collection Set: 0.31ms
[21.083s][info][gc,phases   ] GC(52)   Merge Heap Roots: 0.11ms
[21.083s][info][gc,phases   ] GC(52)   Evacuate Collection Set: 4.57ms
[21.083s][info][gc,phases   ] GC(52)   Post Evacuate Collection Set: 0.72ms
[21.083s][info][gc,phases   ] GC(52)   Other: 0.10ms
[21.083s][info][gc,heap     ] GC(52) Eden regions: 188->0(194)
[21.083s][info][gc,heap     ] GC(52) Survivor regions: 2->2(24)
[21.083s][info][gc,heap     ] GC(52) Old regions: 61->61
[21.083s][info][gc,heap     ] GC(52) Humongous regions: 207->207
[21.083s][info][gc,metaspace] GC(52) Metaspace: 55451K(55808K)->55451K(55808K) NonClass: 47195K(47488K)->47195K(47488K) Class: 8255K(8320K)->8255K(8320K)
[21.083s][info][gc          ] GC(52) Pause Young (Prepare Mixed) (G1 Evacuation Pause) 456M->268M(495M) 6.004ms
[21.083s][info][gc,cpu      ] GC(52) User=0.01s Sys=0.00s Real=0.00s
[21.496s][info][gc,start    ] GC(53) Pause Young (Mixed) (G1 Evacuation Pause)
[21.496s][info][gc,task     ] GC(53) Using 2 workers of 2 for evacuation
[21.502s][info][gc,phases   ] GC(53)   Pre Evacuate Collection Set: 0.39ms
[21.502s][info][gc,phases   ] GC(53)   Merge Heap Roots: 0.10ms
[21.502s][info][gc,phases   ] GC(53)   Evacuate Collection Set: 4.70ms
[21.502s][info][gc,phases   ] GC(53)   Post Evacuate Collection Set: 0.59ms
[21.502s][info][gc,phases   ] GC(53)   Other: 0.10ms
[21.502s][info][gc,heap     ] GC(53) Eden regions: 194->0(196)
[21.502s][info][gc,heap     ] GC(53) Survivor regions: 2->2(25)
[21.502s][info][gc,heap     ] GC(53) Old regions: 61->59
[21.502s][info][gc,heap     ] GC(53) Humongous regions: 207->207
[21.502s][info][gc,metaspace] GC(53) Metaspace: 55451K(55808K)->55451K(55808K) NonClass: 47195K(47488K)->47195K(47488K) Class: 8255K(8320K)->8255K(8320K)
[21.502s][info][gc          ] GC(53) Pause Young (Mixed) (G1 Evacuation Pause) 462M->267M(495M) 6.075ms
[21.502s][info][gc,cpu      ] GC(53) User=0.02s Sys=0.00s Real=0.00s
[22.036s][info][gc,start    ] GC(54) Pause Young (Concurrent Start) (G1 Evacuation Pause)
[22.036s][info][gc,task     ] GC(54) Using 2 workers of 2 for evacuation
[22.043s][info][gc,phases   ] GC(54)   Pre Evacuate Collection Set: 0.32ms
[22.043s][info][gc,phases   ] GC(54)   Merge Heap Roots: 0.08ms
[22.043s][info][gc,phases   ] GC(54)   Evacuate Collection Set: 5.60ms
[22.043s][info][gc,phases   ] GC(54)   Post Evacuate Collection Set: 0.53ms
[22.043s][info][gc,phases   ] GC(54)   Other: 0.12ms
[22.043s][info][gc,heap     ] GC(54) Eden regions: 196->0(195)
[22.043s][info][gc,heap     ] GC(54) Survivor regions: 2->4(25)
[22.043s][info][gc,heap     ] GC(54) Old regions: 59->59
[22.043s][info][gc,heap     ] GC(54) Humongous regions: 207->207
[22.043s][info][gc,metaspace] GC(54) Metaspace: 55451K(55808K)->55451K(55808K) NonClass: 47195K(47488K)->47195K(47488K) Class: 8255K(8320K)->8255K(8320K)
[22.043s][info][gc          ] GC(54) Pause Young (Concurrent Start) (G1 Evacuation Pause) 463M->269M(495M) 6.853ms
[22.043s][info][gc,cpu      ] GC(54) User=0.02s Sys=0.00s Real=0.00s
[22.043s][info][gc          ] GC(55) Concurrent Mark Cycle
[22.047s][info][gc,marking  ] GC(55) Concurrent Scan Root Regions
[22.063s][info][gc,marking  ] GC(55) Concurrent Scan Root Regions 15.609ms
[22.063s][info][gc,marking  ] GC(55) Concurrent Mark
[22.063s][info][gc,marking  ] GC(55) Concurrent Mark From Roots
[22.063s][info][gc,task     ] GC(55) Using 1 workers of 1 for marking
[22.134s][info][gc,marking  ] GC(55) Concurrent Mark From Roots 71.200ms
[22.134s][info][gc,marking  ] GC(55) Concurrent Preclean
[22.134s][info][gc,marking  ] GC(55) Concurrent Preclean 0.076ms
[22.134s][info][gc,start    ] GC(55) Pause Remark
[22.145s][info][gc          ] GC(55) Pause Remark 292M->292M(495M) 10.704ms
[22.145s][info][gc,cpu      ] GC(55) User=0.02s Sys=0.00s Real=0.01s
[22.145s][info][gc,marking  ] GC(55) Concurrent Mark 82.604ms
[22.145s][info][gc,marking  ] GC(55) Concurrent Rebuild Remembered Sets and Scrub Regions
[22.173s][info][gc,marking  ] GC(55) Concurrent Rebuild Remembered Sets and Scrub Regions 27.683ms
[22.174s][info][gc,start    ] GC(55) Pause Cleanup
[22.174s][info][gc          ] GC(55) Pause Cleanup 297M->297M(495M) 0.085ms
[22.174s][info][gc,cpu      ] GC(55) User=0.00s Sys=0.00s Real=0.00s
[22.174s][info][gc,marking  ] GC(55) Concurrent Clear Claimed Marks
[22.174s][info][gc,marking  ] GC(55) Concurrent Clear Claimed Marks 0.113ms
[22.174s][info][gc,marking  ] GC(55) Concurrent Cleanup for Next Mark
[22.176s][info][gc,marking  ] GC(55) Concurrent Cleanup for Next Mark 1.796ms
[22.176s][info][gc          ] GC(55) Concurrent Mark Cycle 132.810ms
[22.504s][info][gc,start    ] GC(56) Pause Young (Prepare Mixed) (G1 Evacuation Pause)
[22.504s][info][gc,task     ] GC(56) Using 2 workers of 2 for evacuation
[22.510s][info][gc,phases   ] GC(56)   Pre Evacuate Collection Set: 0.28ms
[22.510s][info][gc,phases   ] GC(56)   Merge Heap Roots: 0.09ms
[22.510s][info][gc,phases   ] GC(56)   Evacuate Collection Set: 4.73ms
[22.510s][info][gc,phases   ] GC(56)   Post Evacuate Collection Set: 0.55ms
[22.510s][info][gc,phases   ] GC(56)   Other: 0.10ms
[22.510s][info][gc,heap     ] GC(56) Eden regions: 195->0(197)
[22.510s][info][gc,heap     ] GC(56) Survivor regions: 4->3(25)
[22.510s][info][gc,heap     ] GC(56) Old regions: 59->59
[22.510s][info][gc,heap     ] GC(56) Humongous regions: 207->207
[22.510s][info][gc,metaspace] GC(56) Metaspace: 55451K(55808K)->55451K(55808K) NonClass: 47195K(47488K)->47195K(47488K) Class: 8255K(8320K)->8255K(8320K)
[22.510s][info][gc          ] GC(56) Pause Young (Prepare Mixed) (G1 Evacuation Pause) 464M->268M(495M) 5.956ms
[22.510s][info][gc,cpu      ] GC(56) User=0.02s Sys=0.00s Real=0.00s
[23.011s][info][gc,start    ] GC(57) Pause Young (Mixed) (G1 Evacuation Pause)
[23.011s][info][gc,task     ] GC(57) Using 2 workers of 2 for evacuation
[23.016s][info][gc,phases   ] GC(57)   Pre Evacuate Collection Set: 0.30ms
[23.016s][info][gc,phases   ] GC(57)   Merge Heap Roots: 0.09ms
[23.016s][info][gc,phases   ] GC(57)   Evacuate Collection Set: 4.35ms
[23.016s][info][gc,phases   ] GC(57)   Post Evacuate Collection Set: 0.72ms
[23.016s][info][gc,phases   ] GC(57)   Other: 0.11ms
[23.016s][info][gc,heap     ] GC(57) Eden regions: 197->0(199)
[23.016s][info][gc,heap     ] GC(57) Survivor regions: 3->2(25)
[23.016s][info][gc,heap     ] GC(57) Old regions: 59->59
[23.016s][info][gc,heap     ] GC(57) Humongous regions: 207->207
[23.016s][info][gc,metaspace] GC(57) Metaspace: 55451K(55808K)->55451K(55808K) NonClass: 47195K(47488K)->47195K(47488K) Class: 8255K(8320K)->8255K(8320K)
[23.016s][info][gc          ] GC(57) Pause Young (Mixed) (G1 Evacuation Pause) 465M->266M(495M) 5.779ms
[23.016s][info][gc,cpu      ] GC(57) User=0.01s Sys=0.01s Real=0.01s
[23.456s][info][gc,start    ] GC(58) Pause Young (Concurrent Start) (G1 Evacuation Pause)
[23.456s][info][gc,task     ] GC(58) Using 2 workers of 2 for evacuation
[23.468s][info][gc,phases   ] GC(58)   Pre Evacuate Collection Set: 1.91ms
[23.468s][info][gc,phases   ] GC(58)   Merge Heap Roots: 0.12ms
[23.468s][info][gc,phases   ] GC(58)   Evacuate Collection Set: 8.69ms
[23.468s][info][gc,phases   ] GC(58)   Post Evacuate Collection Set: 0.84ms
[23.468s][info][gc,phases   ] GC(58)   Other: 0.19ms
[23.468s][info][gc,heap     ] GC(58) Eden regions: 199->0(197)
[23.468s][info][gc,heap     ] GC(58) Survivor regions: 2->3(26)
[23.468s][info][gc,heap     ] GC(58) Old regions: 59->59
[23.468s][info][gc,heap     ] GC(58) Humongous regions: 207->207
[23.468s][info][gc,metaspace] GC(58) Metaspace: 55451K(55808K)->55451K(55808K) NonClass: 47195K(47488K)->47195K(47488K) Class: 8255K(8320K)->8255K(8320K)
[23.468s][info][gc          ] GC(58) Pause Young (Concurrent Start) (G1 Evacuation Pause) 465M->267M(495M) 11.969ms
[23.468s][info][gc,cpu      ] GC(58) User=0.02s Sys=0.00s Real=0.01s
[23.468s][info][gc          ] GC(59) Concurrent Mark Cycle
[23.470s][info][gc,marking  ] GC(59) Concurrent Scan Root Regions
[23.484s][info][gc,marking  ] GC(59) Concurrent Scan Root Regions 13.995ms
[23.484s][info][gc,marking  ] GC(59) Concurrent Mark
[23.484s][info][gc,marking  ] GC(59) Concurrent Mark From Roots
[23.484s][info][gc,task     ] GC(59) Using 1 workers of 1 for marking
[23.587s][info][gc,marking  ] GC(59) Concurrent Mark From Roots 102.577ms
[23.587s][info][gc,marking  ] GC(59) Concurrent Preclean
[23.587s][info][gc,marking  ] GC(59) Concurrent Preclean 0.072ms
[23.587s][info][gc,start    ] GC(59) Pause Remark
[23.597s][info][gc          ] GC(59) Pause Remark 319M->319M(495M) 9.967ms
[23.597s][info][gc,cpu      ] GC(59) User=0.02s Sys=0.00s Real=0.01s
[23.598s][info][gc,marking  ] GC(59) Concurrent Mark 113.254ms
[23.598s][info][gc,marking  ] GC(59) Concurrent Rebuild Remembered Sets and Scrub Regions
[23.633s][info][gc,marking  ] GC(59) Concurrent Rebuild Remembered Sets and Scrub Regions 35.143ms
[23.633s][info][gc,start    ] GC(59) Pause Cleanup
[23.633s][info][gc          ] GC(59) Pause Cleanup 325M->325M(495M) 0.095ms
[23.633s][info][gc,cpu      ] GC(59) User=0.00s Sys=0.00s Real=0.00s
[23.634s][info][gc,marking  ] GC(59) Concurrent Clear Claimed Marks
[23.634s][info][gc,marking  ] GC(59) Concurrent Clear Claimed Marks 0.108ms
[23.634s][info][gc,marking  ] GC(59) Concurrent Cleanup for Next Mark
[23.637s][info][gc,marking  ] GC(59) Concurrent Cleanup for Next Mark 2.966ms
[23.637s][info][gc          ] GC(59) Concurrent Mark Cycle 169.584ms
[24.007s][info][gc,start    ] GC(60) Pause Young (Prepare Mixed) (G1 Evacuation Pause)
[24.007s][info][gc,task     ] GC(60) Using 2 workers of 2 for evacuation
[24.011s][info][gc,phases   ] GC(60)   Pre Evacuate Collection Set: 0.34ms
[24.011s][info][gc,phases   ] GC(60)   Merge Heap Roots: 0.15ms
[24.011s][info][gc,phases   ] GC(60)   Evacuate Collection Set: 3.25ms
[24.011s][info][gc,phases   ] GC(60)   Post Evacuate Collection Set: 0.54ms
[24.011s][info][gc,phases   ] GC(60)   Other: 0.08ms
[24.011s][info][gc,heap     ] GC(60) Eden regions: 197->0(199)
[24.011s][info][gc,heap     ] GC(60) Survivor regions: 3->2(25)
[24.012s][info][gc,heap     ] GC(60) Old regions: 59->59
[24.012s][info][gc,heap     ] GC(60) Humongous regions: 207->207
[24.012s][info][gc,metaspace] GC(60) Metaspace: 55452K(55808K)->55452K(55808K) NonClass: 47196K(47488K)->47196K(47488K) Class: 8255K(8320K)->8255K(8320K)
[24.012s][info][gc          ] GC(60) Pause Young (Prepare Mixed) (G1 Evacuation Pause) 464M->266M(495M) 4.594ms
[24.012s][info][gc,cpu      ] GC(60) User=0.01s Sys=0.00s Real=0.00s
[24.430s][info][gc,start    ] GC(61) Pause Young (Mixed) (G1 Evacuation Pause)
[24.430s][info][gc,task     ] GC(61) Using 2 workers of 2 for evacuation
[24.438s][info][gc,phases   ] GC(61)   Pre Evacuate Collection Set: 0.34ms
[24.438s][info][gc,phases   ] GC(61)   Merge Heap Roots: 0.10ms
[24.438s][info][gc,phases   ] GC(61)   Evacuate Collection Set: 6.12ms
[24.438s][info][gc,phases   ] GC(61)   Post Evacuate Collection Set: 0.59ms
[24.438s][info][gc,phases   ] GC(61)   Other: 0.08ms
[24.438s][info][gc,heap     ] GC(61) Eden regions: 199->0(198)
[24.438s][info][gc,heap     ] GC(61) Survivor regions: 2->3(26)
[24.438s][info][gc,heap     ] GC(61) Old regions: 59->58
[24.438s][info][gc,heap     ] GC(61) Humongous regions: 207->207
[24.438s][info][gc,metaspace] GC(61) Metaspace: 55452K(55808K)->55452K(55808K) NonClass: 47196K(47488K)->47196K(47488K) Class: 8255K(8320K)->8255K(8320K)
[24.438s][info][gc          ] GC(61) Pause Young (Mixed) (G1 Evacuation Pause) 465M->267M(495M) 7.446ms
[24.438s][info][gc,cpu      ] GC(61) User=0.01s Sys=0.00s Real=0.01s
[24.873s][info][gc,start    ] GC(62) Pause Young (Concurrent Start) (G1 Evacuation Pause)
[24.873s][info][gc,task     ] GC(62) Using 2 workers of 2 for evacuation
[24.879s][info][gc,phases   ] GC(62)   Pre Evacuate Collection Set: 0.29ms
[24.879s][info][gc,phases   ] GC(62)   Merge Heap Roots: 0.10ms
[24.879s][info][gc,phases   ] GC(62)   Evacuate Collection Set: 4.53ms
[24.879s][info][gc,phases   ] GC(62)   Post Evacuate Collection Set: 0.57ms
[24.879s][info][gc,phases   ] GC(62)   Other: 0.11ms
[24.879s][info][gc,heap     ] GC(62) Eden regions: 198->0(198)
[24.879s][info][gc,heap     ] GC(62) Survivor regions: 3->3(26)
[24.879s][info][gc,heap     ] GC(62) Old regions: 58->58
[24.879s][info][gc,heap     ] GC(62) Humongous regions: 207->207
[24.879s][info][gc,metaspace] GC(62) Metaspace: 55452K(55808K)->55452K(55808K) NonClass: 47196K(47488K)->47196K(47488K) Class: 8255K(8320K)->8255K(8320K)
[24.879s][info][gc          ] GC(62) Pause Young (Concurrent Start) (G1 Evacuation Pause) 465M->267M(495M) 5.813ms
[24.879s][info][gc          ] GC(63) Concurrent Mark Cycle
[24.879s][info][gc,marking  ] GC(63) Concurrent Scan Root Regions
[24.880s][info][gc,cpu      ] GC(62) User=0.01s Sys=0.00s Real=0.01s
[24.883s][info][gc,marking  ] GC(63) Concurrent Scan Root Regions 4.302ms
[24.883s][info][gc,marking  ] GC(63) Concurrent Mark
[24.883s][info][gc,marking  ] GC(63) Concurrent Mark From Roots
[24.883s][info][gc,task     ] GC(63) Using 1 workers of 1 for marking
[24.991s][info][gc,marking  ] GC(63) Concurrent Mark From Roots 108.248ms
[24.991s][info][gc,marking  ] GC(63) Concurrent Preclean
[24.992s][info][gc,marking  ] GC(63) Concurrent Preclean 0.102ms
[24.992s][info][gc,start    ] GC(63) Pause Remark
[25.019s][info][gc          ] GC(63) Pause Remark 309M->309M(495M) 27.423ms
[25.019s][info][gc,cpu      ] GC(63) User=0.02s Sys=0.00s Real=0.03s
[25.023s][info][gc,marking  ] GC(63) Concurrent Mark 139.639ms
[25.023s][info][gc,marking  ] GC(63) Concurrent Rebuild Remembered Sets and Scrub Regions
[25.082s][info][gc,marking  ] GC(63) Concurrent Rebuild Remembered Sets and Scrub Regions 59.228ms
[25.082s][info][gc,start    ] GC(63) Pause Cleanup
[25.082s][info][gc          ] GC(63) Pause Cleanup 309M->309M(495M) 0.079ms
[25.082s][info][gc,cpu      ] GC(63) User=0.00s Sys=0.00s Real=0.00s
[25.082s][info][gc,marking  ] GC(63) Concurrent Clear Claimed Marks
[25.082s][info][gc,marking  ] GC(63) Concurrent Clear Claimed Marks 0.097ms
[25.082s][info][gc,marking  ] GC(63) Concurrent Cleanup for Next Mark
[25.084s][info][gc,marking  ] GC(63) Concurrent Cleanup for Next Mark 1.540ms
[25.084s][info][gc          ] GC(63) Concurrent Mark Cycle 205.164ms
[25.419s][info][gc,start    ] GC(64) Pause Young (Prepare Mixed) (G1 Evacuation Pause)
[25.419s][info][gc,task     ] GC(64) Using 2 workers of 2 for evacuation
[25.425s][info][gc,phases   ] GC(64)   Pre Evacuate Collection Set: 0.40ms
[25.425s][info][gc,phases   ] GC(64)   Merge Heap Roots: 0.16ms
[25.425s][info][gc,phases   ] GC(64)   Evacuate Collection Set: 4.89ms
[25.425s][info][gc,phases   ] GC(64)   Post Evacuate Collection Set: 0.62ms
[25.425s][info][gc,phases   ] GC(64)   Other: 0.10ms
[25.425s][info][gc,heap     ] GC(64) Eden regions: 198->0(198)
[25.425s][info][gc,heap     ] GC(64) Survivor regions: 3->3(26)
[25.425s][info][gc,heap     ] GC(64) Old regions: 58->58
[25.425s][info][gc,heap     ] GC(64) Humongous regions: 207->207
[25.425s][info][gc,metaspace] GC(64) Metaspace: 55455K(55808K)->55455K(55808K) NonClass: 47200K(47488K)->47200K(47488K) Class: 8255K(8320K)->8255K(8320K)
[25.425s][info][gc          ] GC(64) Pause Young (Prepare Mixed) (G1 Evacuation Pause) 465M->267M(495M) 6.377ms
[25.425s][info][gc,cpu      ] GC(64) User=0.01s Sys=0.00s Real=0.01s
[25.833s][info][gc,start    ] GC(65) Pause Young (Mixed) (G1 Evacuation Pause)
[25.833s][info][gc,task     ] GC(65) Using 2 workers of 2 for evacuation
[25.840s][info][gc,phases   ] GC(65)   Pre Evacuate Collection Set: 0.29ms
[25.840s][info][gc,phases   ] GC(65)   Merge Heap Roots: 0.09ms
[25.840s][info][gc,phases   ] GC(65)   Evacuate Collection Set: 6.36ms
[25.840s][info][gc,phases   ] GC(65)   Post Evacuate Collection Set: 0.72ms
[25.840s][info][gc,phases   ] GC(65)   Other: 0.09ms
[25.840s][info][gc,heap     ] GC(65) Eden regions: 198->0(196)
[25.840s][info][gc,heap     ] GC(65) Survivor regions: 3->4(26)
[25.840s][info][gc,heap     ] GC(65) Old regions: 58->58
[25.840s][info][gc,heap     ] GC(65) Humongous regions: 207->207
[25.840s][info][gc,metaspace] GC(65) Metaspace: 55465K(55808K)->55465K(55808K) NonClass: 47209K(47488K)->47209K(47488K) Class: 8255K(8320K)->8255K(8320K)
[25.840s][info][gc          ] GC(65) Pause Young (Mixed) (G1 Evacuation Pause) 465M->268M(495M) 7.786ms
[25.840s][info][gc,cpu      ] GC(65) User=0.01s Sys=0.00s Real=0.01s
[26.259s][info][gc,start    ] GC(66) Pause Young (Concurrent Start) (G1 Evacuation Pause)
[26.259s][info][gc,task     ] GC(66) Using 2 workers of 2 for evacuation
[26.265s][info][gc,phases   ] GC(66)   Pre Evacuate Collection Set: 0.36ms
[26.265s][info][gc,phases   ] GC(66)   Merge Heap Roots: 0.10ms
[26.265s][info][gc,phases   ] GC(66)   Evacuate Collection Set: 4.21ms
[26.265s][info][gc,phases   ] GC(66)   Post Evacuate Collection Set: 0.55ms
[26.265s][info][gc,phases   ] GC(66)   Other: 0.13ms
[26.265s][info][gc,heap     ] GC(66) Eden regions: 196->0(200)
[26.265s][info][gc,heap     ] GC(66) Survivor regions: 4->2(25)
[26.265s][info][gc,heap     ] GC(66) Old regions: 58->58
[26.265s][info][gc,heap     ] GC(66) Humongous regions: 207->207
[26.265s][info][gc,metaspace] GC(66) Metaspace: 55465K(55808K)->55465K(55808K) NonClass: 47209K(47488K)->47209K(47488K) Class: 8255K(8320K)->8255K(8320K)
[26.265s][info][gc          ] GC(66) Pause Young (Concurrent Start) (G1 Evacuation Pause) 463M->266M(495M) 5.563ms
[26.265s][info][gc,cpu      ] GC(66) User=0.01s Sys=0.00s Real=0.01s
[26.265s][info][gc          ] GC(67) Concurrent Mark Cycle
[26.268s][info][gc,marking  ] GC(67) Concurrent Scan Root Regions
[26.275s][info][gc,marking  ] GC(67) Concurrent Scan Root Regions 7.802ms
[26.275s][info][gc,marking  ] GC(67) Concurrent Mark
[26.275s][info][gc,marking  ] GC(67) Concurrent Mark From Roots
[26.275s][info][gc,task     ] GC(67) Using 1 workers of 1 for marking
[26.354s][info][gc,marking  ] GC(67) Concurrent Mark From Roots 78.483ms
[26.354s][info][gc,marking  ] GC(67) Concurrent Preclean
[26.354s][info][gc,marking  ] GC(67) Concurrent Preclean 0.068ms
[26.354s][info][gc,start    ] GC(67) Pause Remark
[26.362s][info][gc          ] GC(67) Pause Remark 304M->304M(495M) 8.195ms
[26.362s][info][gc,cpu      ] GC(67) User=0.02s Sys=0.00s Real=0.00s
[26.364s][info][gc,marking  ] GC(67) Concurrent Mark 88.555ms
[26.364s][info][gc,marking  ] GC(67) Concurrent Rebuild Remembered Sets and Scrub Regions
[26.395s][info][gc,marking  ] GC(67) Concurrent Rebuild Remembered Sets and Scrub Regions 31.440ms
[26.396s][info][gc,start    ] GC(67) Pause Cleanup
[26.396s][info][gc          ] GC(67) Pause Cleanup 315M->315M(495M) 0.089ms
[26.396s][info][gc,cpu      ] GC(67) User=0.00s Sys=0.00s Real=0.00s
[26.396s][info][gc,marking  ] GC(67) Concurrent Clear Claimed Marks
[26.396s][info][gc,marking  ] GC(67) Concurrent Clear Claimed Marks 0.100ms
[26.396s][info][gc,marking  ] GC(67) Concurrent Cleanup for Next Mark
[26.397s][info][gc,marking  ] GC(67) Concurrent Cleanup for Next Mark 1.574ms
[26.397s][info][gc          ] GC(67) Concurrent Mark Cycle 132.728ms
[26.724s][info][gc,start    ] GC(68) Pause Young (Prepare Mixed) (G1 Evacuation Pause)
[26.724s][info][gc,task     ] GC(68) Using 2 workers of 2 for evacuation
[26.730s][info][gc,phases   ] GC(68)   Pre Evacuate Collection Set: 0.27ms
[26.730s][info][gc,phases   ] GC(68)   Merge Heap Roots: 0.11ms
[26.730s][info][gc,phases   ] GC(68)   Evacuate Collection Set: 5.47ms
[26.730s][info][gc,phases   ] GC(68)   Post Evacuate Collection Set: 0.65ms
[26.730s][info][gc,phases   ] GC(68)   Other: 0.09ms
[26.730s][info][gc,heap     ] GC(68) Eden regions: 200->0(198)
[26.730s][info][gc,heap     ] GC(68) Survivor regions: 2->3(26)
[26.730s][info][gc,heap     ] GC(68) Old regions: 58->58
[26.730s][info][gc,heap     ] GC(68) Humongous regions: 207->207
[26.730s][info][gc,metaspace] GC(68) Metaspace: 55465K(55808K)->55465K(55808K) NonClass: 47209K(47488K)->47209K(47488K) Class: 8255K(8320K)->8255K(8320K)
[26.730s][info][gc          ] GC(68) Pause Young (Prepare Mixed) (G1 Evacuation Pause) 466M->267M(495M) 6.832ms
[26.730s][info][gc,cpu      ] GC(68) User=0.01s Sys=0.00s Real=0.01s
[27.143s][info][gc,start    ] GC(69) Pause Young (Mixed) (G1 Evacuation Pause)
[27.143s][info][gc,task     ] GC(69) Using 2 workers of 2 for evacuation
[27.149s][info][gc,phases   ] GC(69)   Pre Evacuate Collection Set: 0.29ms
[27.149s][info][gc,phases   ] GC(69)   Merge Heap Roots: 0.10ms
[27.149s][info][gc,phases   ] GC(69)   Evacuate Collection Set: 5.42ms
[27.149s][info][gc,phases   ] GC(69)   Post Evacuate Collection Set: 0.55ms
[27.149s][info][gc,phases   ] GC(69)   Other: 0.10ms
[27.149s][info][gc,heap     ] GC(69) Eden regions: 198->0(198)
[27.149s][info][gc,heap     ] GC(69) Survivor regions: 3->3(26)
[27.149s][info][gc,heap     ] GC(69) Old regions: 58->58
[27.149s][info][gc,heap     ] GC(69) Humongous regions: 207->207
[27.149s][info][gc,metaspace] GC(69) Metaspace: 55465K(55808K)->55465K(55808K) NonClass: 47209K(47488K)->47209K(47488K) Class: 8255K(8320K)->8255K(8320K)
[27.149s][info][gc          ] GC(69) Pause Young (Mixed) (G1 Evacuation Pause) 465M->266M(495M) 6.678ms
[27.150s][info][gc,cpu      ] GC(69) User=0.01s Sys=0.00s Real=0.01s
[27.651s][info][gc,start    ] GC(70) Pause Young (Concurrent Start) (G1 Evacuation Pause)
[27.651s][info][gc,task     ] GC(70) Using 2 workers of 2 for evacuation
[27.657s][info][gc,phases   ] GC(70)   Pre Evacuate Collection Set: 0.35ms
[27.657s][info][gc,phases   ] GC(70)   Merge Heap Roots: 0.10ms
[27.657s][info][gc,phases   ] GC(70)   Evacuate Collection Set: 4.57ms
[27.657s][info][gc,phases   ] GC(70)   Post Evacuate Collection Set: 0.55ms
[27.657s][info][gc,phases   ] GC(70)   Other: 0.12ms
[27.657s][info][gc,heap     ] GC(70) Eden regions: 198->0(200)
[27.657s][info][gc,heap     ] GC(70) Survivor regions: 3->2(26)
[27.657s][info][gc,heap     ] GC(70) Old regions: 58->58
[27.657s][info][gc,heap     ] GC(70) Humongous regions: 207->207
[27.657s][info][gc,metaspace] GC(70) Metaspace: 55465K(55808K)->55465K(55808K) NonClass: 47209K(47488K)->47209K(47488K) Class: 8255K(8320K)->8255K(8320K)
[27.657s][info][gc          ] GC(70) Pause Young (Concurrent Start) (G1 Evacuation Pause) 464M->266M(495M) 5.921ms
[27.657s][info][gc,cpu      ] GC(70) User=0.01s Sys=0.00s Real=0.01s
[27.657s][info][gc          ] GC(71) Concurrent Mark Cycle
[27.657s][info][gc,marking  ] GC(71) Concurrent Scan Root Regions
[27.665s][info][gc,marking  ] GC(71) Concurrent Scan Root Regions 7.943ms
[27.665s][info][gc,marking  ] GC(71) Concurrent Mark
[27.665s][info][gc,marking  ] GC(71) Concurrent Mark From Roots
[27.665s][info][gc,task     ] GC(71) Using 1 workers of 1 for marking
[27.774s][info][gc,marking  ] GC(71) Concurrent Mark From Roots 108.715ms
[27.774s][info][gc,marking  ] GC(71) Concurrent Preclean
[27.774s][info][gc,marking  ] GC(71) Concurrent Preclean 0.072ms
[27.775s][info][gc,start    ] GC(71) Pause Remark
[27.783s][info][gc          ] GC(71) Pause Remark 325M->325M(495M) 8.625ms
[27.783s][info][gc,cpu      ] GC(71) User=0.01s Sys=0.00s Real=0.00s
[27.784s][info][gc,marking  ] GC(71) Concurrent Mark 118.452ms
[27.784s][info][gc,marking  ] GC(71) Concurrent Rebuild Remembered Sets and Scrub Regions
[27.821s][info][gc,marking  ] GC(71) Concurrent Rebuild Remembered Sets and Scrub Regions 36.602ms
[27.821s][info][gc,start    ] GC(71) Pause Cleanup
[27.821s][info][gc          ] GC(71) Pause Cleanup 347M->347M(495M) 0.075ms
[27.821s][info][gc,cpu      ] GC(71) User=0.00s Sys=0.00s Real=0.00s
[27.821s][info][gc,marking  ] GC(71) Concurrent Clear Claimed Marks
[27.821s][info][gc,marking  ] GC(71) Concurrent Clear Claimed Marks 0.093ms
[27.821s][info][gc,marking  ] GC(71) Concurrent Cleanup for Next Mark
[27.822s][info][gc,marking  ] GC(71) Concurrent Cleanup for Next Mark 1.532ms
[27.823s][info][gc          ] GC(71) Concurrent Mark Cycle 165.080ms
[28.032s][info][gc,start    ] GC(72) Pause Young (Prepare Mixed) (G1 Evacuation Pause)
[28.032s][info][gc,task     ] GC(72) Using 2 workers of 2 for evacuation
[28.043s][info][gc,phases   ] GC(72)   Pre Evacuate Collection Set: 0.26ms
[28.043s][info][gc,phases   ] GC(72)   Merge Heap Roots: 0.13ms
[28.044s][info][gc,phases   ] GC(72)   Evacuate Collection Set: 10.15ms
[28.044s][info][gc,phases   ] GC(72)   Post Evacuate Collection Set: 0.59ms
[28.044s][info][gc,phases   ] GC(72)   Other: 0.14ms
[28.044s][info][gc,heap     ] GC(72) Eden regions: 200->0(196)
[28.044s][info][gc,heap     ] GC(72) Survivor regions: 2->4(26)
[28.044s][info][gc,heap     ] GC(72) Old regions: 58->58
[28.044s][info][gc,heap     ] GC(72) Humongous regions: 207->207
[28.044s][info][gc,metaspace] GC(72) Metaspace: 55469K(55808K)->55469K(55808K) NonClass: 47211K(47488K)->47211K(47488K) Class: 8257K(8320K)->8257K(8320K)
[28.044s][info][gc          ] GC(72) Pause Young (Prepare Mixed) (G1 Evacuation Pause) 466M->267M(495M) 11.524ms
[28.044s][info][gc,cpu      ] GC(72) User=0.02s Sys=0.00s Real=0.02s
[28.476s][info][gc,start    ] GC(73) Pause Young (Mixed) (G1 Evacuation Pause)
[28.476s][info][gc,task     ] GC(73) Using 2 workers of 2 for evacuation
[28.482s][info][gc,phases   ] GC(73)   Pre Evacuate Collection Set: 0.27ms
[28.482s][info][gc,phases   ] GC(73)   Merge Heap Roots: 0.09ms
[28.482s][info][gc,phases   ] GC(73)   Evacuate Collection Set: 4.64ms
[28.482s][info][gc,phases   ] GC(73)   Post Evacuate Collection Set: 0.53ms
[28.482s][info][gc,phases   ] GC(73)   Other: 0.09ms
[28.482s][info][gc,heap     ] GC(73) Eden regions: 196->0(201)
[28.482s][info][gc,heap     ] GC(73) Survivor regions: 4->2(25)
[28.482s][info][gc,heap     ] GC(73) Old regions: 58->57
[28.482s][info][gc,heap     ] GC(73) Humongous regions: 207->207
[28.482s][info][gc,metaspace] GC(73) Metaspace: 55469K(55808K)->55469K(55808K) NonClass: 47211K(47488K)->47211K(47488K) Class: 8257K(8320K)->8257K(8320K)
[28.482s][info][gc          ] GC(73) Pause Young (Mixed) (G1 Evacuation Pause) 463M->265M(495M) 5.842ms
[28.482s][info][gc,cpu      ] GC(73) User=0.01s Sys=0.00s Real=0.00s
[28.974s][info][gc,start    ] GC(74) Pause Young (Concurrent Start) (G1 Evacuation Pause)
[28.974s][info][gc,task     ] GC(74) Using 2 workers of 2 for evacuation
[28.985s][info][gc,phases   ] GC(74)   Pre Evacuate Collection Set: 1.02ms
[28.985s][info][gc,phases   ] GC(74)   Merge Heap Roots: 0.15ms
[28.985s][info][gc,phases   ] GC(74)   Evacuate Collection Set: 9.33ms
[28.985s][info][gc,phases   ] GC(74)   Post Evacuate Collection Set: 0.58ms
[28.985s][info][gc,phases   ] GC(74)   Other: 0.17ms
[28.985s][info][gc,heap     ] GC(74) Eden regions: 201->0(195)
[28.985s][info][gc,heap     ] GC(74) Survivor regions: 2->5(26)
[28.985s][info][gc,heap     ] GC(74) Old regions: 57->57
[28.985s][info][gc,heap     ] GC(74) Humongous regions: 207->207
[28.985s][info][gc,metaspace] GC(74) Metaspace: 55469K(55808K)->55469K(55808K) NonClass: 47211K(47488K)->47211K(47488K) Class: 8257K(8320K)->8257K(8320K)
[28.985s][info][gc          ] GC(74) Pause Young (Concurrent Start) (G1 Evacuation Pause) 466M->268M(495M) 11.460ms
[28.985s][info][gc,cpu      ] GC(74) User=0.02s Sys=0.00s Real=0.01s
[28.985s][info][gc          ] GC(75) Concurrent Mark Cycle
[28.987s][info][gc,marking  ] GC(75) Concurrent Scan Root Regions
[29.000s][info][gc,marking  ] GC(75) Concurrent Scan Root Regions 12.984ms
[29.000s][info][gc,marking  ] GC(75) Concurrent Mark
[29.000s][info][gc,marking  ] GC(75) Concurrent Mark From Roots
[29.000s][info][gc,task     ] GC(75) Using 1 workers of 1 for marking
[29.098s][info][gc,marking  ] GC(75) Concurrent Mark From Roots 98.031ms
[29.098s][info][gc,marking  ] GC(75) Concurrent Preclean
[29.098s][info][gc,marking  ] GC(75) Concurrent Preclean 0.068ms
[29.099s][info][gc,start    ] GC(75) Pause Remark
[29.109s][info][gc          ] GC(75) Pause Remark 305M->305M(495M) 10.383ms
[29.109s][info][gc,cpu      ] GC(75) User=0.02s Sys=0.00s Real=0.01s
[29.110s][info][gc,marking  ] GC(75) Concurrent Mark 109.468ms
[29.110s][info][gc,marking  ] GC(75) Concurrent Rebuild Remembered Sets and Scrub Regions
[29.175s][info][gc,marking  ] GC(75) Concurrent Rebuild Remembered Sets and Scrub Regions 64.869ms
[29.175s][info][gc,start    ] GC(75) Pause Cleanup
[29.175s][info][gc          ] GC(75) Pause Cleanup 335M->335M(495M) 0.096ms
[29.175s][info][gc,cpu      ] GC(75) User=0.00s Sys=0.00s Real=0.00s
[29.176s][info][gc,marking  ] GC(75) Concurrent Clear Claimed Marks
[29.176s][info][gc,marking  ] GC(75) Concurrent Clear Claimed Marks 0.108ms
[29.176s][info][gc,marking  ] GC(75) Concurrent Cleanup for Next Mark
[29.177s][info][gc,marking  ] GC(75) Concurrent Cleanup for Next Mark 1.543ms
[29.177s][info][gc          ] GC(75) Concurrent Mark Cycle 192.043ms
[29.387s][info][gc,start    ] GC(76) Pause Young (Prepare Mixed) (G1 Evacuation Pause)
[29.387s][info][gc,task     ] GC(76) Using 2 workers of 2 for evacuation
[29.395s][info][gc,phases   ] GC(76)   Pre Evacuate Collection Set: 0.34ms
[29.395s][info][gc,phases   ] GC(76)   Merge Heap Roots: 0.13ms
[29.395s][info][gc,phases   ] GC(76)   Evacuate Collection Set: 6.34ms
[29.395s][info][gc,phases   ] GC(76)   Post Evacuate Collection Set: 0.56ms
[29.395s][info][gc,phases   ] GC(76)   Other: 0.10ms
[29.395s][info][gc,heap     ] GC(76) Eden regions: 195->0(200)
[29.395s][info][gc,heap     ] GC(76) Survivor regions: 5->2(25)
[29.395s][info][gc,heap     ] GC(76) Old regions: 57->58
[29.395s][info][gc,heap     ] GC(76) Humongous regions: 207->207
[29.395s][info][gc,metaspace] GC(76) Metaspace: 55469K(55808K)->55469K(55808K) NonClass: 47211K(47488K)->47211K(47488K) Class: 8257K(8320K)->8257K(8320K)
[29.395s][info][gc          ] GC(76) Pause Young (Prepare Mixed) (G1 Evacuation Pause) 463M->266M(495M) 7.670ms
[29.395s][info][gc,cpu      ] GC(76) User=0.01s Sys=0.00s Real=0.01s
[29.817s][info][gc,start    ] GC(77) Pause Young (Mixed) (G1 Evacuation Pause)
[29.817s][info][gc,task     ] GC(77) Using 2 workers of 2 for evacuation
[29.826s][info][gc,phases   ] GC(77)   Pre Evacuate Collection Set: 0.26ms
[29.826s][info][gc,phases   ] GC(77)   Merge Heap Roots: 0.11ms
[29.826s][info][gc,phases   ] GC(77)   Evacuate Collection Set: 7.78ms
[29.826s][info][gc,phases   ] GC(77)   Post Evacuate Collection Set: 0.61ms
[29.826s][info][gc,phases   ] GC(77)   Other: 0.11ms
[29.826s][info][gc,heap     ] GC(77) Eden regions: 200->0(199)
[29.826s][info][gc,heap     ] GC(77) Survivor regions: 2->3(26)
[29.826s][info][gc,heap     ] GC(77) Old regions: 58->57
[29.826s][info][gc,heap     ] GC(77) Humongous regions: 207->207
[29.826s][info][gc,metaspace] GC(77) Metaspace: 55469K(55808K)->55469K(55808K) NonClass: 47211K(47488K)->47211K(47488K) Class: 8257K(8320K)->8257K(8320K)
[29.826s][info][gc          ] GC(77) Pause Young (Mixed) (G1 Evacuation Pause) 466M->265M(495M) 9.066ms
[29.826s][info][gc,cpu      ] GC(77) User=0.01s Sys=0.00s Real=0.01s
[30.237s][info][gc,start    ] GC(78) Pause Young (Concurrent Start) (G1 Evacuation Pause)
[30.237s][info][gc,task     ] GC(78) Using 2 workers of 2 for evacuation
[30.244s][info][gc,phases   ] GC(78)   Pre Evacuate Collection Set: 0.30ms
[30.244s][info][gc,phases   ] GC(78)   Merge Heap Roots: 0.10ms
[30.244s][info][gc,phases   ] GC(78)   Evacuate Collection Set: 6.00ms
[30.244s][info][gc,phases   ] GC(78)   Post Evacuate Collection Set: 0.67ms
[30.244s][info][gc,phases   ] GC(78)   Other: 0.10ms
[30.244s][info][gc,heap     ] GC(78) Eden regions: 199->0(197)
[30.244s][info][gc,heap     ] GC(78) Survivor regions: 3->4(26)
[30.244s][info][gc,heap     ] GC(78) Old regions: 57->57
[30.244s][info][gc,heap     ] GC(78) Humongous regions: 207->207
[30.244s][info][gc,metaspace] GC(78) Metaspace: 55469K(55808K)->55469K(55808K) NonClass: 47212K(47488K)->47212K(47488K) Class: 8257K(8320K)->8257K(8320K)
[30.244s][info][gc          ] GC(78) Pause Young (Concurrent Start) (G1 Evacuation Pause) 464M->267M(495M) 7.360ms
[30.244s][info][gc,cpu      ] GC(78) User=0.01s Sys=0.00s Real=0.01s
[30.244s][info][gc          ] GC(79) Concurrent Mark Cycle
[30.245s][info][gc,marking  ] GC(79) Concurrent Scan Root Regions
[30.252s][info][gc,marking  ] GC(79) Concurrent Scan Root Regions 7.550ms
[30.252s][info][gc,marking  ] GC(79) Concurrent Mark
[30.252s][info][gc,marking  ] GC(79) Concurrent Mark From Roots
[30.252s][info][gc,task     ] GC(79) Using 1 workers of 1 for marking
[30.312s][info][gc,marking  ] GC(79) Concurrent Mark From Roots 59.974ms
[30.312s][info][gc,marking  ] GC(79) Concurrent Preclean
[30.312s][info][gc,marking  ] GC(79) Concurrent Preclean 0.071ms
[30.312s][info][gc,start    ] GC(79) Pause Remark
[30.320s][info][gc          ] GC(79) Pause Remark 287M->287M(495M) 7.958ms
[30.320s][info][gc,cpu      ] GC(79) User=0.01s Sys=0.00s Real=0.01s
[30.320s][info][gc,marking  ] GC(79) Concurrent Mark 68.359ms
[30.320s][info][gc,marking  ] GC(79) Concurrent Rebuild Remembered Sets and Scrub Regions
[30.353s][info][gc,marking  ] GC(79) Concurrent Rebuild Remembered Sets and Scrub Regions 32.119ms
[30.353s][info][gc,start    ] GC(79) Pause Cleanup
[30.353s][info][gc          ] GC(79) Pause Cleanup 307M->307M(495M) 0.077ms
[30.353s][info][gc,cpu      ] GC(79) User=0.00s Sys=0.00s Real=0.00s
[30.353s][info][gc,marking  ] GC(79) Concurrent Clear Claimed Marks
[30.353s][info][gc,marking  ] GC(79) Concurrent Clear Claimed Marks 0.100ms
[30.353s][info][gc,marking  ] GC(79) Concurrent Cleanup for Next Mark
[30.356s][info][gc,marking  ] GC(79) Concurrent Cleanup for Next Mark 2.122ms
[30.356s][info][gc          ] GC(79) Concurrent Mark Cycle 111.550ms
[30.707s][info][gc,start    ] GC(80) Pause Young (Prepare Mixed) (G1 Evacuation Pause)
[30.707s][info][gc,task     ] GC(80) Using 2 workers of 2 for evacuation
[30.712s][info][gc,phases   ] GC(80)   Pre Evacuate Collection Set: 0.26ms
[30.712s][info][gc,phases   ] GC(80)   Merge Heap Roots: 0.11ms
[30.712s][info][gc,phases   ] GC(80)   Evacuate Collection Set: 4.37ms
[30.712s][info][gc,phases   ] GC(80)   Post Evacuate Collection Set: 0.58ms
[30.712s][info][gc,phases   ] GC(80)   Other: 0.11ms
[30.712s][info][gc,heap     ] GC(80) Eden regions: 197->0(201)
[30.712s][info][gc,heap     ] GC(80) Survivor regions: 4->2(26)
[30.712s][info][gc,heap     ] GC(80) Old regions: 57->57
[30.712s][info][gc,heap     ] GC(80) Humongous regions: 207->207
[30.712s][info][gc,metaspace] GC(80) Metaspace: 55469K(55808K)->55469K(55808K) NonClass: 47212K(47488K)->47212K(47488K) Class: 8257K(8320K)->8257K(8320K)
[30.713s][info][gc          ] GC(80) Pause Young (Prepare Mixed) (G1 Evacuation Pause) 464M->265M(495M) 5.664ms
[30.713s][info][gc,cpu      ] GC(80) User=0.01s Sys=0.00s Real=0.00s
[31.183s][info][gc,start    ] GC(81) Pause Young (Mixed) (G1 Evacuation Pause)
[31.183s][info][gc,task     ] GC(81) Using 2 workers of 2 for evacuation
[31.189s][info][gc,phases   ] GC(81)   Pre Evacuate Collection Set: 0.34ms
[31.189s][info][gc,phases   ] GC(81)   Merge Heap Roots: 0.11ms
[31.189s][info][gc,phases   ] GC(81)   Evacuate Collection Set: 4.90ms
[31.189s][info][gc,phases   ] GC(81)   Post Evacuate Collection Set: 0.57ms
[31.189s][info][gc,phases   ] GC(81)   Other: 0.10ms
[31.189s][info][gc,heap     ] GC(81) Eden regions: 201->0(201)
[31.189s][info][gc,heap     ] GC(81) Survivor regions: 2->2(26)
[31.189s][info][gc,heap     ] GC(81) Old regions: 57->57
[31.189s][info][gc,heap     ] GC(81) Humongous regions: 207->207
[31.189s][info][gc,metaspace] GC(81) Metaspace: 55469K(55808K)->55469K(55808K) NonClass: 47212K(47488K)->47212K(47488K) Class: 8257K(8320K)->8257K(8320K)
[31.189s][info][gc          ] GC(81) Pause Young (Mixed) (G1 Evacuation Pause) 466M->264M(495M) 6.233ms
[31.189s][info][gc,cpu      ] GC(81) User=0.01s Sys=0.00s Real=0.01s
[31.615s][info][gc,start    ] GC(82) Pause Young (Concurrent Start) (G1 Evacuation Pause)
[31.615s][info][gc,task     ] GC(82) Using 2 workers of 2 for evacuation
[31.621s][info][gc,phases   ] GC(82)   Pre Evacuate Collection Set: 0.32ms
[31.621s][info][gc,phases   ] GC(82)   Merge Heap Roots: 0.10ms
[31.621s][info][gc,phases   ] GC(82)   Evacuate Collection Set: 4.33ms
[31.621s][info][gc,phases   ] GC(82)   Post Evacuate Collection Set: 0.72ms
[31.621s][info][gc,phases   ] GC(82)   Other: 0.10ms
[31.621s][info][gc,heap     ] GC(82) Eden regions: 201->0(203)
[31.621s][info][gc,heap     ] GC(82) Survivor regions: 2->1(26)
[31.621s][info][gc,heap     ] GC(82) Old regions: 57->57
[31.621s][info][gc,heap     ] GC(82) Humongous regions: 207->207
[31.621s][info][gc,metaspace] GC(82) Metaspace: 55469K(55808K)->55469K(55808K) NonClass: 47212K(47488K)->47212K(47488K) Class: 8257K(8320K)->8257K(8320K)
[31.621s][info][gc          ] GC(82) Pause Young (Concurrent Start) (G1 Evacuation Pause) 465M->264M(495M) 5.802ms
[31.621s][info][gc,cpu      ] GC(82) User=0.01s Sys=0.00s Real=0.00s
[31.622s][info][gc          ] GC(83) Concurrent Mark Cycle
[31.622s][info][gc,marking  ] GC(83) Concurrent Scan Root Regions
[31.634s][info][gc,marking  ] GC(83) Concurrent Scan Root Regions 11.712ms
[31.634s][info][gc,marking  ] GC(83) Concurrent Mark
[31.634s][info][gc,marking  ] GC(83) Concurrent Mark From Roots
[31.634s][info][gc,task     ] GC(83) Using 1 workers of 1 for marking
[31.709s][info][gc,marking  ] GC(83) Concurrent Mark From Roots 75.222ms
[31.709s][info][gc,marking  ] GC(83) Concurrent Preclean
[31.709s][info][gc,marking  ] GC(83) Concurrent Preclean 0.064ms
[31.709s][info][gc,start    ] GC(83) Pause Remark
[31.719s][info][gc          ] GC(83) Pause Remark 301M->301M(495M) 9.523ms
[31.719s][info][gc,cpu      ] GC(83) User=0.02s Sys=0.00s Real=0.01s
[31.722s][info][gc,marking  ] GC(83) Concurrent Mark 88.474ms
[31.722s][info][gc,marking  ] GC(83) Concurrent Rebuild Remembered Sets and Scrub Regions
[31.743s][info][gc,marking  ] GC(83) Concurrent Rebuild Remembered Sets and Scrub Regions 20.630ms
[31.743s][info][gc,start    ] GC(83) Pause Cleanup
[31.743s][info][gc          ] GC(83) Pause Cleanup 310M->310M(495M) 0.094ms
[31.743s][info][gc,cpu      ] GC(83) User=0.00s Sys=0.00s Real=0.00s
[31.744s][info][gc,marking  ] GC(83) Concurrent Clear Claimed Marks
[31.744s][info][gc,marking  ] GC(83) Concurrent Clear Claimed Marks 0.102ms
[31.744s][info][gc,marking  ] GC(83) Concurrent Cleanup for Next Mark
[31.746s][info][gc,marking  ] GC(83) Concurrent Cleanup for Next Mark 2.138ms
[31.746s][info][gc          ] GC(83) Concurrent Mark Cycle 124.434ms
[32.038s][info][gc,start    ] GC(84) Pause Young (Prepare Mixed) (G1 Evacuation Pause)
[32.038s][info][gc,task     ] GC(84) Using 2 workers of 2 for evacuation
[32.044s][info][gc,phases   ] GC(84)   Pre Evacuate Collection Set: 0.26ms
[32.044s][info][gc,phases   ] GC(84)   Merge Heap Roots: 0.12ms
[32.044s][info][gc,phases   ] GC(84)   Evacuate Collection Set: 5.25ms
[32.044s][info][gc,phases   ] GC(84)   Post Evacuate Collection Set: 0.60ms
[32.045s][info][gc,phases   ] GC(84)   Other: 0.10ms
[32.045s][info][gc,heap     ] GC(84) Eden regions: 203->0(199)
[32.045s][info][gc,heap     ] GC(84) Survivor regions: 1->3(26)
[32.045s][info][gc,heap     ] GC(84) Old regions: 57->57
[32.045s][info][gc,heap     ] GC(84) Humongous regions: 207->207
[32.045s][info][gc,metaspace] GC(84) Metaspace: 55469K(55808K)->55469K(55808K) NonClass: 47212K(47488K)->47212K(47488K) Class: 8257K(8320K)->8257K(8320K)
[32.045s][info][gc          ] GC(84) Pause Young (Prepare Mixed) (G1 Evacuation Pause) 467M->265M(495M) 6.582ms
[32.045s][info][gc,cpu      ] GC(84) User=0.01s Sys=0.00s Real=0.01s
[32.501s][info][gc,start    ] GC(85) Pause Young (Mixed) (G1 Evacuation Pause)
[32.501s][info][gc,task     ] GC(85) Using 2 workers of 2 for evacuation
[32.507s][info][gc,phases   ] GC(85)   Pre Evacuate Collection Set: 0.38ms
[32.507s][info][gc,phases   ] GC(85)   Merge Heap Roots: 0.14ms
[32.507s][info][gc,phases   ] GC(85)   Evacuate Collection Set: 4.68ms
[32.507s][info][gc,phases   ] GC(85)   Post Evacuate Collection Set: 0.61ms
[32.507s][info][gc,phases   ] GC(85)   Other: 0.10ms
[32.507s][info][gc,heap     ] GC(85) Eden regions: 199->0(203)
[32.507s][info][gc,heap     ] GC(85) Survivor regions: 3->1(26)
[32.507s][info][gc,heap     ] GC(85) Old regions: 57->57
[32.507s][info][gc,heap     ] GC(85) Humongous regions: 207->207
[32.508s][info][gc,metaspace] GC(85) Metaspace: 55470K(55808K)->55470K(55808K) NonClass: 47213K(47488K)->47213K(47488K) Class: 8257K(8320K)->8257K(8320K)
[32.508s][info][gc          ] GC(85) Pause Young (Mixed) (G1 Evacuation Pause) 464M->263M(495M) 6.190ms
[32.508s][info][gc,cpu      ] GC(85) User=0.01s Sys=0.00s Real=0.01s
[32.931s][info][gc,start    ] GC(86) Pause Young (Concurrent Start) (G1 Evacuation Pause)
[32.931s][info][gc,task     ] GC(86) Using 2 workers of 2 for evacuation
[32.936s][info][gc,phases   ] GC(86)   Pre Evacuate Collection Set: 0.31ms
[32.937s][info][gc,phases   ] GC(86)   Merge Heap Roots: 0.10ms
[32.937s][info][gc,phases   ] GC(86)   Evacuate Collection Set: 4.44ms
[32.937s][info][gc,phases   ] GC(86)   Post Evacuate Collection Set: 0.57ms
[32.937s][info][gc,phases   ] GC(86)   Other: 0.12ms
[32.937s][info][gc,heap     ] GC(86) Eden regions: 203->0(201)
[32.937s][info][gc,heap     ] GC(86) Survivor regions: 1->2(26)
[32.937s][info][gc,heap     ] GC(86) Old regions: 57->57
[32.937s][info][gc,heap     ] GC(86) Humongous regions: 207->207
[32.937s][info][gc,metaspace] GC(86) Metaspace: 55470K(55808K)->55470K(55808K) NonClass: 47213K(47488K)->47213K(47488K) Class: 8257K(8320K)->8257K(8320K)
[32.937s][info][gc          ] GC(86) Pause Young (Concurrent Start) (G1 Evacuation Pause) 466M->265M(495M) 5.783ms
[32.937s][info][gc          ] GC(87) Concurrent Mark Cycle
[32.937s][info][gc,marking  ] GC(87) Concurrent Scan Root Regions
[32.938s][info][gc,cpu      ] GC(86) User=0.01s Sys=0.00s Real=0.01s
[32.947s][info][gc,marking  ] GC(87) Concurrent Scan Root Regions 10.486ms
[32.947s][info][gc,marking  ] GC(87) Concurrent Mark
[32.947s][info][gc,marking  ] GC(87) Concurrent Mark From Roots
[32.947s][info][gc,task     ] GC(87) Using 1 workers of 1 for marking
[32.999s][info][gc,marking  ] GC(87) Concurrent Mark From Roots 52.140ms
[32.999s][info][gc,marking  ] GC(87) Concurrent Preclean
[32.999s][info][gc,marking  ] GC(87) Concurrent Preclean 0.080ms
[33.000s][info][gc,start    ] GC(87) Pause Remark
[33.008s][info][gc          ] GC(87) Pause Remark 290M->290M(495M) 8.204ms
[33.008s][info][gc,cpu      ] GC(87) User=0.02s Sys=0.00s Real=0.01s
[33.008s][info][gc,marking  ] GC(87) Concurrent Mark 60.786ms
[33.008s][info][gc,marking  ] GC(87) Concurrent Rebuild Remembered Sets and Scrub Regions
[33.026s][info][gc,marking  ] GC(87) Concurrent Rebuild Remembered Sets and Scrub Regions 17.828ms
[33.026s][info][gc,start    ] GC(87) Pause Cleanup
[33.026s][info][gc          ] GC(87) Pause Cleanup 297M->297M(495M) 0.074ms
[33.026s][info][gc,cpu      ] GC(87) User=0.00s Sys=0.00s Real=0.00s
[33.026s][info][gc,marking  ] GC(87) Concurrent Clear Claimed Marks
[33.026s][info][gc,marking  ] GC(87) Concurrent Clear Claimed Marks 0.091ms
[33.026s][info][gc,marking  ] GC(87) Concurrent Cleanup for Next Mark
[33.028s][info][gc,marking  ] GC(87) Concurrent Cleanup for Next Mark 1.534ms
[33.028s][info][gc          ] GC(87) Concurrent Mark Cycle 91.192ms
[33.415s][info][gc,start    ] GC(88) Pause Young (Prepare Mixed) (G1 Evacuation Pause)
[33.415s][info][gc,task     ] GC(88) Using 2 workers of 2 for evacuation
[33.420s][info][gc,phases   ] GC(88)   Pre Evacuate Collection Set: 0.25ms
[33.420s][info][gc,phases   ] GC(88)   Merge Heap Roots: 0.12ms
[33.420s][info][gc,phases   ] GC(88)   Evacuate Collection Set: 4.09ms
[33.420s][info][gc,phases   ] GC(88)   Post Evacuate Collection Set: 0.55ms
[33.420s][info][gc,phases   ] GC(88)   Other: 0.08ms
[33.420s][info][gc,heap     ] GC(88) Eden regions: 201->0(203)
[33.420s][info][gc,heap     ] GC(88) Survivor regions: 2->1(26)
[33.420s][info][gc,heap     ] GC(88) Old regions: 57->57
[33.420s][info][gc,heap     ] GC(88) Humongous regions: 207->207
[33.420s][info][gc,metaspace] GC(88) Metaspace: 55471K(55808K)->55471K(55808K) NonClass: 47214K(47488K)->47214K(47488K) Class: 8257K(8320K)->8257K(8320K)
[33.420s][info][gc          ] GC(88) Pause Young (Prepare Mixed) (G1 Evacuation Pause) 466M->264M(495M) 5.278ms
[33.420s][info][gc,cpu      ] GC(88) User=0.01s Sys=0.00s Real=0.00s
[33.826s][info][gc,start    ] GC(89) Pause Young (Mixed) (G1 Evacuation Pause)
[33.826s][info][gc,task     ] GC(89) Using 2 workers of 2 for evacuation
[33.833s][info][gc,phases   ] GC(89)   Pre Evacuate Collection Set: 0.29ms
[33.833s][info][gc,phases   ] GC(89)   Merge Heap Roots: 0.10ms
[33.833s][info][gc,phases   ] GC(89)   Evacuate Collection Set: 5.41ms
[33.833s][info][gc,phases   ] GC(89)   Post Evacuate Collection Set: 0.57ms
[33.833s][info][gc,phases   ] GC(89)   Other: 0.10ms
[33.833s][info][gc,heap     ] GC(89) Eden regions: 203->0(199)
[33.833s][info][gc,heap     ] GC(89) Survivor regions: 1->3(26)
[33.833s][info][gc,heap     ] GC(89) Old regions: 57->57
[33.833s][info][gc,heap     ] GC(89) Humongous regions: 207->207
[33.833s][info][gc,metaspace] GC(89) Metaspace: 55471K(55808K)->55471K(55808K) NonClass: 47214K(47488K)->47214K(47488K) Class: 8257K(8320K)->8257K(8320K)
[33.833s][info][gc          ] GC(89) Pause Young (Mixed) (G1 Evacuation Pause) 467M->266M(495M) 6.682ms
[33.833s][info][gc,cpu      ] GC(89) User=0.02s Sys=0.00s Real=0.00s
[34.330s][info][gc,start    ] GC(90) Pause Young (Concurrent Start) (G1 Evacuation Pause)
[34.330s][info][gc,task     ] GC(90) Using 2 workers of 2 for evacuation
[34.337s][info][gc,phases   ] GC(90)   Pre Evacuate Collection Set: 0.29ms
[34.337s][info][gc,phases   ] GC(90)   Merge Heap Roots: 0.12ms
[34.337s][info][gc,phases   ] GC(90)   Evacuate Collection Set: 5.66ms
[34.337s][info][gc,phases   ] GC(90)   Post Evacuate Collection Set: 0.56ms
[34.337s][info][gc,phases   ] GC(90)   Other: 0.12ms
[34.337s][info][gc,heap     ] GC(90) Eden regions: 199->0(199)
[34.337s][info][gc,heap     ] GC(90) Survivor regions: 3->3(26)
[34.337s][info][gc,heap     ] GC(90) Old regions: 57->57
[34.337s][info][gc,heap     ] GC(90) Humongous regions: 207->207
[34.337s][info][gc,metaspace] GC(90) Metaspace: 55471K(55808K)->55471K(55808K) NonClass: 47214K(47488K)->47214K(47488K) Class: 8257K(8320K)->8257K(8320K)
[34.337s][info][gc          ] GC(90) Pause Young (Concurrent Start) (G1 Evacuation Pause) 465M->265M(495M) 6.970ms
[34.337s][info][gc,cpu      ] GC(90) User=0.01s Sys=0.00s Real=0.01s
[34.338s][info][gc          ] GC(91) Concurrent Mark Cycle
[34.338s][info][gc,marking  ] GC(91) Concurrent Scan Root Regions
[34.345s][info][gc,marking  ] GC(91) Concurrent Scan Root Regions 7.255ms
[34.345s][info][gc,marking  ] GC(91) Concurrent Mark
[34.345s][info][gc,marking  ] GC(91) Concurrent Mark From Roots
[34.345s][info][gc,task     ] GC(91) Using 1 workers of 1 for marking
[34.429s][info][gc,marking  ] GC(91) Concurrent Mark From Roots 83.879ms
[34.429s][info][gc,marking  ] GC(91) Concurrent Preclean
[34.429s][info][gc,marking  ] GC(91) Concurrent Preclean 0.072ms
[34.430s][info][gc,start    ] GC(91) Pause Remark
[34.439s][info][gc          ] GC(91) Pause Remark 310M->310M(495M) 8.290ms
[34.439s][info][gc,cpu      ] GC(91) User=0.02s Sys=0.00s Real=0.01s
[34.439s][info][gc,marking  ] GC(91) Concurrent Mark 93.554ms
[34.439s][info][gc,marking  ] GC(91) Concurrent Rebuild Remembered Sets and Scrub Regions
[34.472s][info][gc,marking  ] GC(91) Concurrent Rebuild Remembered Sets and Scrub Regions 32.807ms
[34.472s][info][gc,start    ] GC(91) Pause Cleanup
[34.472s][info][gc          ] GC(91) Pause Cleanup 328M->328M(495M) 0.086ms
[34.472s][info][gc,cpu      ] GC(91) User=0.00s Sys=0.00s Real=0.00s
[34.473s][info][gc,marking  ] GC(91) Concurrent Clear Claimed Marks
[34.473s][info][gc,marking  ] GC(91) Concurrent Clear Claimed Marks 0.100ms
[34.473s][info][gc,marking  ] GC(91) Concurrent Cleanup for Next Mark
[34.475s][info][gc,marking  ] GC(91) Concurrent Cleanup for Next Mark 2.142ms
[34.475s][info][gc          ] GC(91) Concurrent Mark Cycle 137.151ms
[34.731s][info][gc,start    ] GC(92) Pause Young (Prepare Mixed) (G1 Evacuation Pause)
[34.731s][info][gc,task     ] GC(92) Using 2 workers of 2 for evacuation
[34.736s][info][gc,phases   ] GC(92)   Pre Evacuate Collection Set: 0.27ms
[34.737s][info][gc,phases   ] GC(92)   Merge Heap Roots: 0.12ms
[34.737s][info][gc,phases   ] GC(92)   Evacuate Collection Set: 4.38ms
[34.737s][info][gc,phases   ] GC(92)   Post Evacuate Collection Set: 0.54ms
[34.737s][info][gc,phases   ] GC(92)   Other: 0.13ms
[34.737s][info][gc,heap     ] GC(92) Eden regions: 199->0(201)
[34.737s][info][gc,heap     ] GC(92) Survivor regions: 3->2(26)
[34.737s][info][gc,heap     ] GC(92) Old regions: 57->57
[34.737s][info][gc,heap     ] GC(92) Humongous regions: 207->207
[34.737s][info][gc,metaspace] GC(92) Metaspace: 55471K(55808K)->55471K(55808K) NonClass: 47214K(47488K)->47214K(47488K) Class: 8257K(8320K)->8257K(8320K)
[34.737s][info][gc          ] GC(92) Pause Young (Prepare Mixed) (G1 Evacuation Pause) 464M->264M(495M) 5.685ms
[34.737s][info][gc,cpu      ] GC(92) User=0.01s Sys=0.00s Real=0.01s
[35.146s][info][gc,start    ] GC(93) Pause Young (Mixed) (G1 Evacuation Pause)
[35.146s][info][gc,task     ] GC(93) Using 2 workers of 2 for evacuation
[35.160s][info][gc,phases   ] GC(93)   Pre Evacuate Collection Set: 1.89ms
[35.160s][info][gc,phases   ] GC(93)   Merge Heap Roots: 0.12ms
[35.160s][info][gc,phases   ] GC(93)   Evacuate Collection Set: 11.44ms
[35.160s][info][gc,phases   ] GC(93)   Post Evacuate Collection Set: 0.82ms
[35.160s][info][gc,phases   ] GC(93)   Other: 0.09ms
[35.160s][info][gc,heap     ] GC(93) Eden regions: 201->0(199)
[35.160s][info][gc,heap     ] GC(93) Survivor regions: 2->3(26)
[35.160s][info][gc,heap     ] GC(93) Old regions: 57->57
[35.160s][info][gc,heap     ] GC(93) Humongous regions: 207->207
[35.160s][info][gc,metaspace] GC(93) Metaspace: 55474K(55808K)->55474K(55808K) NonClass: 47217K(47488K)->47217K(47488K) Class: 8257K(8320K)->8257K(8320K)
[35.160s][info][gc          ] GC(93) Pause Young (Mixed) (G1 Evacuation Pause) 465M->265M(495M) 14.567ms
[35.160s][info][gc,cpu      ] GC(93) User=0.01s Sys=0.00s Real=0.01s
[35.694s][info][gc,start    ] GC(94) Pause Young (Concurrent Start) (G1 Evacuation Pause)
[35.694s][info][gc,task     ] GC(94) Using 2 workers of 2 for evacuation
[35.699s][info][gc,phases   ] GC(94)   Pre Evacuate Collection Set: 0.33ms
[35.699s][info][gc,phases   ] GC(94)   Merge Heap Roots: 0.11ms
[35.699s][info][gc,phases   ] GC(94)   Evacuate Collection Set: 3.46ms
[35.699s][info][gc,phases   ] GC(94)   Post Evacuate Collection Set: 0.66ms
[35.699s][info][gc,phases   ] GC(94)   Other: 0.16ms
[35.699s][info][gc,heap     ] GC(94) Eden regions: 199->0(201)
[35.699s][info][gc,heap     ] GC(94) Survivor regions: 3->2(26)
[35.699s][info][gc,heap     ] GC(94) Old regions: 57->57
[35.699s][info][gc,heap     ] GC(94) Humongous regions: 207->207
[35.699s][info][gc,metaspace] GC(94) Metaspace: 55474K(55808K)->55474K(55808K) NonClass: 47217K(47488K)->47217K(47488K) Class: 8257K(8320K)->8257K(8320K)
[35.699s][info][gc          ] GC(94) Pause Young (Concurrent Start) (G1 Evacuation Pause) 464M->264M(495M) 4.921ms
[35.699s][info][gc          ] GC(95) Concurrent Mark Cycle
[35.699s][info][gc,marking  ] GC(95) Concurrent Scan Root Regions
[35.699s][info][gc,cpu      ] GC(94) User=0.01s Sys=0.00s Real=0.00s
[35.707s][info][gc,marking  ] GC(95) Concurrent Scan Root Regions 7.617ms
[35.707s][info][gc,marking  ] GC(95) Concurrent Mark
[35.707s][info][gc,marking  ] GC(95) Concurrent Mark From Roots
[35.707s][info][gc,task     ] GC(95) Using 1 workers of 1 for marking
[35.786s][info][gc,marking  ] GC(95) Concurrent Mark From Roots 78.974ms
[35.786s][info][gc,marking  ] GC(95) Concurrent Preclean
[35.786s][info][gc,marking  ] GC(95) Concurrent Preclean 0.066ms
[35.786s][info][gc,start    ] GC(95) Pause Remark
[35.795s][info][gc          ] GC(95) Pause Remark 310M->310M(495M) 8.499ms
[35.795s][info][gc,cpu      ] GC(95) User=0.01s Sys=0.00s Real=0.01s
[35.795s][info][gc,marking  ] GC(95) Concurrent Mark 88.460ms
[35.795s][info][gc,marking  ] GC(95) Concurrent Rebuild Remembered Sets and Scrub Regions
[35.823s][info][gc,marking  ] GC(95) Concurrent Rebuild Remembered Sets and Scrub Regions 27.989ms
[35.824s][info][gc,start    ] GC(95) Pause Cleanup
[35.824s][info][gc          ] GC(95) Pause Cleanup 321M->321M(495M) 0.076ms
[35.824s][info][gc,cpu      ] GC(95) User=0.00s Sys=0.00s Real=0.00s
[35.824s][info][gc,marking  ] GC(95) Concurrent Clear Claimed Marks
[35.824s][info][gc,marking  ] GC(95) Concurrent Clear Claimed Marks 0.093ms
[35.824s][info][gc,marking  ] GC(95) Concurrent Cleanup for Next Mark
[35.826s][info][gc,marking  ] GC(95) Concurrent Cleanup for Next Mark 1.852ms
[35.826s][info][gc          ] GC(95) Concurrent Mark Cycle 126.504ms
[36.062s][info][gc,start    ] GC(96) Pause Young (Prepare Mixed) (G1 Evacuation Pause)
[36.062s][info][gc,task     ] GC(96) Using 2 workers of 2 for evacuation
[36.067s][info][gc,phases   ] GC(96)   Pre Evacuate Collection Set: 0.30ms
[36.068s][info][gc,phases   ] GC(96)   Merge Heap Roots: 0.13ms
[36.068s][info][gc,phases   ] GC(96)   Evacuate Collection Set: 4.02ms
[36.068s][info][gc,phases   ] GC(96)   Post Evacuate Collection Set: 0.58ms
[36.068s][info][gc,phases   ] GC(96)   Other: 0.11ms
[36.068s][info][gc,heap     ] GC(96) Eden regions: 201->0(201)
[36.068s][info][gc,heap     ] GC(96) Survivor regions: 2->2(26)
[36.068s][info][gc,heap     ] GC(96) Old regions: 57->57
[36.068s][info][gc,heap     ] GC(96) Humongous regions: 207->207
[36.068s][info][gc,metaspace] GC(96) Metaspace: 55474K(55808K)->55474K(55808K) NonClass: 47217K(47488K)->47217K(47488K) Class: 8257K(8320K)->8257K(8320K)
[36.068s][info][gc          ] GC(96) Pause Young (Prepare Mixed) (G1 Evacuation Pause) 465M->264M(495M) 5.387ms
[36.068s][info][gc,cpu      ] GC(96) User=0.01s Sys=0.00s Real=0.01s
[36.515s][info][gc,start    ] GC(97) Pause Young (Mixed) (G1 Evacuation Pause)
[36.515s][info][gc,task     ] GC(97) Using 2 workers of 2 for evacuation
[36.522s][info][gc,phases   ] GC(97)   Pre Evacuate Collection Set: 0.27ms
[36.522s][info][gc,phases   ] GC(97)   Merge Heap Roots: 0.10ms
[36.522s][info][gc,phases   ] GC(97)   Evacuate Collection Set: 5.57ms
[36.522s][info][gc,phases   ] GC(97)   Post Evacuate Collection Set: 0.72ms
[36.522s][info][gc,phases   ] GC(97)   Other: 0.10ms
[36.522s][info][gc,heap     ] GC(97) Eden regions: 201->0(201)
[36.522s][info][gc,heap     ] GC(97) Survivor regions: 2->2(26)
[36.522s][info][gc,heap     ] GC(97) Old regions: 57->57
[36.522s][info][gc,heap     ] GC(97) Humongous regions: 207->207
[36.522s][info][gc,metaspace] GC(97) Metaspace: 55474K(55808K)->55474K(55808K) NonClass: 47217K(47488K)->47217K(47488K) Class: 8257K(8320K)->8257K(8320K)
[36.522s][info][gc          ] GC(97) Pause Young (Mixed) (G1 Evacuation Pause) 465M->264M(495M) 6.996ms
[36.522s][info][gc,cpu      ] GC(97) User=0.01s Sys=0.00s Real=0.00s
[36.951s][info][gc,start    ] GC(98) Pause Young (Concurrent Start) (G1 Evacuation Pause)
[36.951s][info][gc,task     ] GC(98) Using 2 workers of 2 for evacuation
[36.957s][info][gc,phases   ] GC(98)   Pre Evacuate Collection Set: 0.30ms
[36.958s][info][gc,phases   ] GC(98)   Merge Heap Roots: 0.11ms
[36.958s][info][gc,phases   ] GC(98)   Evacuate Collection Set: 5.65ms
[36.958s][info][gc,phases   ] GC(98)   Post Evacuate Collection Set: 0.58ms
[36.958s][info][gc,phases   ] GC(98)   Other: 0.12ms
[36.958s][info][gc,heap     ] GC(98) Eden regions: 201->0(197)
[36.958s][info][gc,heap     ] GC(98) Survivor regions: 2->4(26)
[36.958s][info][gc,heap     ] GC(98) Old regions: 57->57
[36.958s][info][gc,heap     ] GC(98) Humongous regions: 207->207
[36.958s][info][gc,metaspace] GC(98) Metaspace: 55474K(55808K)->55474K(55808K) NonClass: 47217K(47488K)->47217K(47488K) Class: 8257K(8320K)->8257K(8320K)
[36.958s][info][gc          ] GC(98) Pause Young (Concurrent Start) (G1 Evacuation Pause) 465M->266M(495M) 7.018ms
[36.958s][info][gc          ] GC(99) Concurrent Mark Cycle
[36.958s][info][gc,marking  ] GC(99) Concurrent Scan Root Regions
[36.959s][info][gc,cpu      ] GC(98) User=0.01s Sys=0.00s Real=0.01s
[36.968s][info][gc,marking  ] GC(99) Concurrent Scan Root Regions 10.539ms
[36.968s][info][gc,marking  ] GC(99) Concurrent Mark
[36.968s][info][gc,marking  ] GC(99) Concurrent Mark From Roots
[36.968s][info][gc,task     ] GC(99) Using 1 workers of 1 for marking
[37.039s][info][gc,marking  ] GC(99) Concurrent Mark From Roots 70.501ms
[37.039s][info][gc,marking  ] GC(99) Concurrent Preclean
[37.039s][info][gc,marking  ] GC(99) Concurrent Preclean 0.076ms
[37.039s][info][gc,start    ] GC(99) Pause Remark
[37.047s][info][gc          ] GC(99) Pause Remark 298M->298M(495M) 8.290ms
[37.047s][info][gc,cpu      ] GC(99) User=0.01s Sys=0.00s Real=0.01s
[37.049s][info][gc,marking  ] GC(99) Concurrent Mark 80.257ms
[37.049s][info][gc,marking  ] GC(99) Concurrent Rebuild Remembered Sets and Scrub Regions
[37.088s][info][gc,marking  ] GC(99) Concurrent Rebuild Remembered Sets and Scrub Regions 39.296ms
[37.088s][info][gc,start    ] GC(99) Pause Cleanup
[37.088s][info][gc          ] GC(99) Pause Cleanup 321M->321M(495M) 0.079ms
[37.088s][info][gc,cpu      ] GC(99) User=0.00s Sys=0.00s Real=0.00s
[37.088s][info][gc,marking  ] GC(99) Concurrent Clear Claimed Marks
[37.088s][info][gc,marking  ] GC(99) Concurrent Clear Claimed Marks 0.092ms
[37.088s][info][gc,marking  ] GC(99) Concurrent Cleanup for Next Mark
[37.091s][info][gc,marking  ] GC(99) Concurrent Cleanup for Next Mark 2.488ms
[37.091s][info][gc          ] GC(99) Concurrent Mark Cycle 133.159ms
[37.407s][info][gc,start    ] GC(100) Pause Young (Prepare Mixed) (G1 Evacuation Pause)
[37.407s][info][gc,task     ] GC(100) Using 2 workers of 2 for evacuation
[37.414s][info][gc,phases   ] GC(100)   Pre Evacuate Collection Set: 0.28ms
[37.414s][info][gc,phases   ] GC(100)   Merge Heap Roots: 0.12ms
[37.414s][info][gc,phases   ] GC(100)   Evacuate Collection Set: 5.70ms
[37.414s][info][gc,phases   ] GC(100)   Post Evacuate Collection Set: 0.94ms
[37.414s][info][gc,phases   ] GC(100)   Other: 0.10ms
[37.414s][info][gc,heap     ] GC(100) Eden regions: 197->0(201)
[37.414s][info][gc,heap     ] GC(100) Survivor regions: 4->2(26)
[37.414s][info][gc,heap     ] GC(100) Old regions: 57->57
[37.414s][info][gc,heap     ] GC(100) Humongous regions: 207->207
[37.414s][info][gc,metaspace] GC(100) Metaspace: 55475K(55808K)->55475K(55808K) NonClass: 47217K(47488K)->47217K(47488K) Class: 8257K(8320K)->8257K(8320K)
[37.414s][info][gc          ] GC(100) Pause Young (Prepare Mixed) (G1 Evacuation Pause) 463M->264M(495M) 7.445ms
[37.414s][info][gc,cpu      ] GC(100) User=0.01s Sys=0.00s Real=0.01s
[37.843s][info][gc,start    ] GC(101) Pause Young (Mixed) (G1 Evacuation Pause)
[37.843s][info][gc,task     ] GC(101) Using 2 workers of 2 for evacuation
[37.877s][info][gc,phases   ] GC(101)   Pre Evacuate Collection Set: 0.31ms
[37.878s][info][gc,phases   ] GC(101)   Merge Heap Roots: 0.14ms
[37.878s][info][gc,phases   ] GC(101)   Evacuate Collection Set: 33.24ms
[37.878s][info][gc,phases   ] GC(101)   Post Evacuate Collection Set: 0.85ms
[37.878s][info][gc,phases   ] GC(101)   Other: 0.09ms
[37.878s][info][gc,heap     ] GC(101) Eden regions: 201->0(199)
[37.878s][info][gc,heap     ] GC(101) Survivor regions: 2->3(26)
[37.878s][info][gc,heap     ] GC(101) Old regions: 57->57
[37.878s][info][gc,heap     ] GC(101) Humongous regions: 207->207
[37.878s][info][gc,metaspace] GC(101) Metaspace: 55475K(55808K)->55475K(55808K) NonClass: 47217K(47488K)->47217K(47488K) Class: 8257K(8320K)->8257K(8320K)
[37.878s][info][gc          ] GC(101) Pause Young (Mixed) (G1 Evacuation Pause) 465M->265M(495M) 34.886ms
[37.878s][info][gc,cpu      ] GC(101) User=0.03s Sys=0.00s Real=0.04s
[38.353s][info][gc,start    ] GC(102) Pause Young (Concurrent Start) (G1 Evacuation Pause)
[38.354s][info][gc,task     ] GC(102) Using 2 workers of 2 for evacuation
[38.362s][info][gc,phases   ] GC(102)   Pre Evacuate Collection Set: 0.32ms
[38.362s][info][gc,phases   ] GC(102)   Merge Heap Roots: 0.11ms
[38.362s][info][gc,phases   ] GC(102)   Evacuate Collection Set: 7.59ms
[38.362s][info][gc,phases   ] GC(102)   Post Evacuate Collection Set: 0.59ms
[38.362s][info][gc,phases   ] GC(102)   Other: 0.15ms
[38.362s][info][gc,heap     ] GC(102) Eden regions: 199->0(203)
[38.362s][info][gc,heap     ] GC(102) Survivor regions: 3->1(26)
[38.362s][info][gc,heap     ] GC(102) Old regions: 57->57
[38.362s][info][gc,heap     ] GC(102) Humongous regions: 207->207
[38.362s][info][gc,metaspace] GC(102) Metaspace: 55499K(55808K)->55499K(55808K) NonClass: 47239K(47488K)->47239K(47488K) Class: 8259K(8320K)->8259K(8320K)
[38.362s][info][gc          ] GC(102) Pause Young (Concurrent Start) (G1 Evacuation Pause) 464M->263M(495M) 9.017ms
[38.363s][info][gc          ] GC(103) Concurrent Mark Cycle
[38.363s][info][gc,cpu      ] GC(102) User=0.01s Sys=0.01s Real=0.01s
[38.363s][info][gc,marking  ] GC(103) Concurrent Scan Root Regions
[38.369s][info][gc,marking  ] GC(103) Concurrent Scan Root Regions 5.984ms
[38.369s][info][gc,marking  ] GC(103) Concurrent Mark
[38.369s][info][gc,marking  ] GC(103) Concurrent Mark From Roots
[38.369s][info][gc,task     ] GC(103) Using 1 workers of 1 for marking
[38.485s][info][gc,marking  ] GC(103) Concurrent Mark From Roots 116.584ms
[38.485s][info][gc,marking  ] GC(103) Concurrent Preclean
[38.485s][info][gc,marking  ] GC(103) Concurrent Preclean 0.067ms
[38.486s][info][gc,start    ] GC(103) Pause Remark
[38.497s][info][gc          ] GC(103) Pause Remark 318M->318M(495M) 10.712ms
[38.497s][info][gc,cpu      ] GC(103) User=0.02s Sys=0.00s Real=0.01s
[38.497s][info][gc,marking  ] GC(103) Concurrent Mark 128.723ms
[38.497s][info][gc,marking  ] GC(103) Concurrent Rebuild Remembered Sets and Scrub Regions
[38.553s][info][gc,marking  ] GC(103) Concurrent Rebuild Remembered Sets and Scrub Regions 55.453ms
[38.553s][info][gc,start    ] GC(103) Pause Cleanup
[38.553s][info][gc          ] GC(103) Pause Cleanup 345M->345M(495M) 0.091ms
[38.553s][info][gc,cpu      ] GC(103) User=0.00s Sys=0.00s Real=0.00s
[38.553s][info][gc,marking  ] GC(103) Concurrent Clear Claimed Marks
[38.553s][info][gc,marking  ] GC(103) Concurrent Clear Claimed Marks 0.106ms
[38.553s][info][gc,marking  ] GC(103) Concurrent Cleanup for Next Mark
[38.557s][info][gc,marking  ] GC(103) Concurrent Cleanup for Next Mark 3.820ms
[38.557s][info][gc          ] GC(103) Concurrent Mark Cycle 194.684ms
[38.806s][info][gc,start    ] GC(104) Pause Young (Prepare Mixed) (G1 Evacuation Pause)
[38.806s][info][gc,task     ] GC(104) Using 2 workers of 2 for evacuation
[38.827s][info][gc,phases   ] GC(104)   Pre Evacuate Collection Set: 10.09ms
[38.827s][info][gc,phases   ] GC(104)   Merge Heap Roots: 0.23ms
[38.827s][info][gc,phases   ] GC(104)   Evacuate Collection Set: 9.41ms
[38.827s][info][gc,phases   ] GC(104)   Post Evacuate Collection Set: 0.85ms
[38.827s][info][gc,phases   ] GC(104)   Other: 0.16ms
[38.827s][info][gc,heap     ] GC(104) Eden regions: 203->0(201)
[38.827s][info][gc,heap     ] GC(104) Survivor regions: 1->2(26)
[38.827s][info][gc,heap     ] GC(104) Old regions: 57->57
[38.827s][info][gc,heap     ] GC(104) Humongous regions: 207->207
[38.827s][info][gc,metaspace] GC(104) Metaspace: 55499K(55808K)->55499K(55808K) NonClass: 47239K(47488K)->47239K(47488K) Class: 8259K(8320K)->8259K(8320K)
[38.827s][info][gc          ] GC(104) Pause Young (Prepare Mixed) (G1 Evacuation Pause) 466M->264M(495M) 20.967ms
[38.827s][info][gc,cpu      ] GC(104) User=0.02s Sys=0.00s Real=0.02s
[39.238s][info][gc,start    ] GC(105) Pause Young (Mixed) (G1 Evacuation Pause)
[39.238s][info][gc,task     ] GC(105) Using 2 workers of 2 for evacuation
[39.254s][info][gc,phases   ] GC(105)   Pre Evacuate Collection Set: 0.32ms
[39.254s][info][gc,phases   ] GC(105)   Merge Heap Roots: 0.12ms
[39.254s][info][gc,phases   ] GC(105)   Evacuate Collection Set: 14.93ms
[39.254s][info][gc,phases   ] GC(105)   Post Evacuate Collection Set: 0.92ms
[39.254s][info][gc,phases   ] GC(105)   Other: 0.09ms
[39.254s][info][gc,heap     ] GC(105) Eden regions: 201->0(200)
[39.254s][info][gc,heap     ] GC(105) Survivor regions: 2->3(26)
[39.254s][info][gc,heap     ] GC(105) Old regions: 57->56
[39.254s][info][gc,heap     ] GC(105) Humongous regions: 207->207
[39.254s][info][gc,metaspace] GC(105) Metaspace: 55499K(55808K)->55499K(55808K) NonClass: 47239K(47488K)->47239K(47488K) Class: 8259K(8320K)->8259K(8320K)
[39.254s][info][gc          ] GC(105) Pause Young (Mixed) (G1 Evacuation Pause) 465M->265M(495M) 16.613ms
[39.255s][info][gc,cpu      ] GC(105) User=0.03s Sys=0.01s Real=0.02s
[39.711s][info][gc,start    ] GC(106) Pause Young (Concurrent Start) (G1 Evacuation Pause)
[39.711s][info][gc,task     ] GC(106) Using 2 workers of 2 for evacuation
[39.720s][info][gc,phases   ] GC(106)   Pre Evacuate Collection Set: 0.37ms
[39.721s][info][gc,phases   ] GC(106)   Merge Heap Roots: 0.12ms
[39.721s][info][gc,phases   ] GC(106)   Evacuate Collection Set: 7.94ms
[39.721s][info][gc,phases   ] GC(106)   Post Evacuate Collection Set: 0.52ms
[39.721s][info][gc,phases   ] GC(106)   Other: 0.21ms
[39.721s][info][gc,heap     ] GC(106) Eden regions: 200->0(198)
[39.721s][info][gc,heap     ] GC(106) Survivor regions: 3->4(26)
[39.721s][info][gc,heap     ] GC(106) Old regions: 56->56
[39.721s][info][gc,heap     ] GC(106) Humongous regions: 207->207
[39.721s][info][gc,metaspace] GC(106) Metaspace: 55499K(55808K)->55499K(55808K) NonClass: 47239K(47488K)->47239K(47488K) Class: 8259K(8320K)->8259K(8320K)
[39.721s][info][gc          ] GC(106) Pause Young (Concurrent Start) (G1 Evacuation Pause) 465M->266M(495M) 9.405ms
[39.721s][info][gc,cpu      ] GC(106) User=0.01s Sys=0.00s Real=0.01s
[39.721s][info][gc          ] GC(107) Concurrent Mark Cycle
[39.721s][info][gc,marking  ] GC(107) Concurrent Scan Root Regions
[39.729s][info][gc,marking  ] GC(107) Concurrent Scan Root Regions 8.000ms
[39.729s][info][gc,marking  ] GC(107) Concurrent Mark
[39.729s][info][gc,marking  ] GC(107) Concurrent Mark From Roots
[39.729s][info][gc,task     ] GC(107) Using 1 workers of 1 for marking
[39.811s][info][gc,marking  ] GC(107) Concurrent Mark From Roots 82.218ms
[39.811s][info][gc,marking  ] GC(107) Concurrent Preclean
[39.811s][info][gc,marking  ] GC(107) Concurrent Preclean 0.071ms
[39.812s][info][gc,start    ] GC(107) Pause Remark
[39.820s][info][gc          ] GC(107) Pause Remark 314M->314M(495M) 8.179ms
[39.820s][info][gc,cpu      ] GC(107) User=0.02s Sys=0.00s Real=0.01s
[39.823s][info][gc,marking  ] GC(107) Concurrent Mark 94.135ms
[39.823s][info][gc,marking  ] GC(107) Concurrent Rebuild Remembered Sets and Scrub Regions
[39.858s][info][gc,marking  ] GC(107) Concurrent Rebuild Remembered Sets and Scrub Regions 35.274ms
[39.859s][info][gc,start    ] GC(107) Pause Cleanup
[39.859s][info][gc          ] GC(107) Pause Cleanup 339M->339M(495M) 0.083ms
[39.859s][info][gc,cpu      ] GC(107) User=0.00s Sys=0.00s Real=0.00s
[39.861s][info][gc,marking  ] GC(107) Concurrent Clear Claimed Marks
[39.861s][info][gc,marking  ] GC(107) Concurrent Clear Claimed Marks 0.119ms
[39.861s][info][gc,marking  ] GC(107) Concurrent Cleanup for Next Mark
[39.866s][info][gc,marking  ] GC(107) Concurrent Cleanup for Next Mark 4.315ms
[39.866s][info][gc          ] GC(107) Concurrent Mark Cycle 144.913ms
[40.105s][info][gc,start    ] GC(108) Pause Young (Prepare Mixed) (G1 Evacuation Pause)
[40.105s][info][gc,task     ] GC(108) Using 2 workers of 2 for evacuation
[40.110s][info][gc,phases   ] GC(108)   Pre Evacuate Collection Set: 0.31ms
[40.110s][info][gc,phases   ] GC(108)   Merge Heap Roots: 0.13ms
[40.110s][info][gc,phases   ] GC(108)   Evacuate Collection Set: 4.04ms
[40.110s][info][gc,phases   ] GC(108)   Post Evacuate Collection Set: 0.55ms
[40.110s][info][gc,phases   ] GC(108)   Other: 0.08ms
[40.110s][info][gc,heap     ] GC(108) Eden regions: 198->0(204)
[40.110s][info][gc,heap     ] GC(108) Survivor regions: 4->1(26)
[40.110s][info][gc,heap     ] GC(108) Old regions: 56->56
[40.110s][info][gc,heap     ] GC(108) Humongous regions: 207->207
[40.110s][info][gc,metaspace] GC(108) Metaspace: 55499K(55808K)->55499K(55808K) NonClass: 47239K(47488K)->47239K(47488K) Class: 8259K(8320K)->8259K(8320K)
[40.110s][info][gc          ] GC(108) Pause Young (Prepare Mixed) (G1 Evacuation Pause) 464M->263M(495M) 5.325ms
[40.110s][info][gc,cpu      ] GC(108) User=0.01s Sys=0.00s Real=0.00s
[40.536s][info][gc,start    ] GC(109) Pause Young (Mixed) (G1 Evacuation Pause)
[40.536s][info][gc,task     ] GC(109) Using 2 workers of 2 for evacuation
[40.543s][info][gc,phases   ] GC(109)   Pre Evacuate Collection Set: 0.27ms
[40.543s][info][gc,phases   ] GC(109)   Merge Heap Roots: 0.10ms
[40.543s][info][gc,phases   ] GC(109)   Evacuate Collection Set: 5.66ms
[40.543s][info][gc,phases   ] GC(109)   Post Evacuate Collection Set: 0.56ms
[40.543s][info][gc,phases   ] GC(109)   Other: 0.09ms
[40.543s][info][gc,heap     ] GC(109) Eden regions: 204->0(198)
[40.543s][info][gc,heap     ] GC(109) Survivor regions: 1->4(26)
[40.543s][info][gc,heap     ] GC(109) Old regions: 56->56
[40.543s][info][gc,heap     ] GC(109) Humongous regions: 207->207
[40.543s][info][gc,metaspace] GC(109) Metaspace: 55499K(55808K)->55499K(55808K) NonClass: 47239K(47488K)->47239K(47488K) Class: 8259K(8320K)->8259K(8320K)
[40.543s][info][gc          ] GC(109) Pause Young (Mixed) (G1 Evacuation Pause) 467M->266M(495M) 6.905ms
[40.543s][info][gc,cpu      ] GC(109) User=0.02s Sys=0.00s Real=0.00s
[41.003s][info][gc,start    ] GC(110) Pause Young (Concurrent Start) (G1 Evacuation Pause)
[41.003s][info][gc,task     ] GC(110) Using 2 workers of 2 for evacuation
[41.007s][info][gc,phases   ] GC(110)   Pre Evacuate Collection Set: 0.32ms
[41.007s][info][gc,phases   ] GC(110)   Merge Heap Roots: 0.10ms
[41.007s][info][gc,phases   ] GC(110)   Evacuate Collection Set: 2.63ms
[41.007s][info][gc,phases   ] GC(110)   Post Evacuate Collection Set: 0.53ms
[41.007s][info][gc,phases   ] GC(110)   Other: 0.13ms
[41.007s][info][gc,heap     ] GC(110) Eden regions: 198->0(204)
[41.007s][info][gc,heap     ] GC(110) Survivor regions: 4->1(26)
[41.007s][info][gc,heap     ] GC(110) Old regions: 56->56
[41.007s][info][gc,heap     ] GC(110) Humongous regions: 207->207
[41.007s][info][gc,metaspace] GC(110) Metaspace: 55499K(55808K)->55499K(55808K) NonClass: 47239K(47488K)->47239K(47488K) Class: 8259K(8320K)->8259K(8320K)
[41.007s][info][gc          ] GC(110) Pause Young (Concurrent Start) (G1 Evacuation Pause) 464M->263M(495M) 3.976ms
[41.007s][info][gc,cpu      ] GC(110) User=0.00s Sys=0.00s Real=0.01s
[41.007s][info][gc          ] GC(111) Concurrent Mark Cycle
[41.007s][info][gc,marking  ] GC(111) Concurrent Scan Root Regions
[41.011s][info][gc,marking  ] GC(111) Concurrent Scan Root Regions 3.093ms
[41.011s][info][gc,marking  ] GC(111) Concurrent Mark
[41.011s][info][gc,marking  ] GC(111) Concurrent Mark From Roots
[41.011s][info][gc,task     ] GC(111) Using 1 workers of 1 for marking
[41.132s][info][gc,marking  ] GC(111) Concurrent Mark From Roots 120.951ms
[41.132s][info][gc,marking  ] GC(111) Concurrent Preclean
[41.132s][info][gc,marking  ] GC(111) Concurrent Preclean 0.067ms
[41.133s][info][gc,start    ] GC(111) Pause Remark
[41.143s][info][gc          ] GC(111) Pause Remark 310M->310M(495M) 10.454ms
[41.143s][info][gc,cpu      ] GC(111) User=0.02s Sys=0.00s Real=0.01s
[41.145s][info][gc,marking  ] GC(111) Concurrent Mark 134.043ms
[41.145s][info][gc,marking  ] GC(111) Concurrent Rebuild Remembered Sets and Scrub Regions
[41.189s][info][gc,marking  ] GC(111) Concurrent Rebuild Remembered Sets and Scrub Regions 44.788ms
[41.191s][info][gc,start    ] GC(111) Pause Cleanup
[41.191s][info][gc          ] GC(111) Pause Cleanup 334M->334M(495M) 0.097ms
[41.191s][info][gc,cpu      ] GC(111) User=0.00s Sys=0.00s Real=0.00s
[41.192s][info][gc,marking  ] GC(111) Concurrent Clear Claimed Marks
[41.192s][info][gc,marking  ] GC(111) Concurrent Clear Claimed Marks 0.114ms
[41.192s][info][gc,marking  ] GC(111) Concurrent Cleanup for Next Mark
[41.196s][info][gc,marking  ] GC(111) Concurrent Cleanup for Next Mark 3.875ms
[41.196s][info][gc          ] GC(111) Concurrent Mark Cycle 188.955ms
[41.540s][info][gc,start    ] GC(112) Pause Young (Prepare Mixed) (G1 Evacuation Pause)
[41.541s][info][gc,task     ] GC(112) Using 2 workers of 2 for evacuation
[41.581s][info][gc,phases   ] GC(112)   Pre Evacuate Collection Set: 0.34ms
[41.581s][info][gc,phases   ] GC(112)   Merge Heap Roots: 0.14ms
[41.581s][info][gc,phases   ] GC(112)   Evacuate Collection Set: 38.61ms
[41.581s][info][gc,phases   ] GC(112)   Post Evacuate Collection Set: 0.84ms
[41.581s][info][gc,phases   ] GC(112)   Other: 0.15ms
[41.581s][info][gc,heap     ] GC(112) Eden regions: 204->0(188)
[41.581s][info][gc,heap     ] GC(112) Survivor regions: 1->9(26)
[41.581s][info][gc,heap     ] GC(112) Old regions: 56->56
[41.581s][info][gc,heap     ] GC(112) Humongous regions: 207->207
[41.581s][info][gc,metaspace] GC(112) Metaspace: 55499K(55808K)->55499K(55808K) NonClass: 47239K(47488K)->47239K(47488K) Class: 8259K(8320K)->8259K(8320K)
[41.581s][info][gc          ] GC(112) Pause Young (Prepare Mixed) (G1 Evacuation Pause) 467M->271M(495M) 40.311ms
[41.581s][info][gc,cpu      ] GC(112) User=0.03s Sys=0.00s Real=0.04s
[41.968s][info][gc,start    ] GC(113) Pause Young (Mixed) (G1 Evacuation Pause)
[41.968s][info][gc,task     ] GC(113) Using 2 workers of 2 for evacuation
[41.978s][info][gc,phases   ] GC(113)   Pre Evacuate Collection Set: 0.36ms
[41.978s][info][gc,phases   ] GC(113)   Merge Heap Roots: 0.14ms
[41.978s][info][gc,phases   ] GC(113)   Evacuate Collection Set: 8.70ms
[41.978s][info][gc,phases   ] GC(113)   Post Evacuate Collection Set: 0.60ms
[41.978s][info][gc,phases   ] GC(113)   Other: 0.08ms
[41.978s][info][gc,heap     ] GC(113) Eden regions: 188->0(198)
[41.978s][info][gc,heap     ] GC(113) Survivor regions: 9->4(25)
[41.978s][info][gc,heap     ] GC(113) Old regions: 56->56
[41.978s][info][gc,heap     ] GC(113) Humongous regions: 207->207
[41.978s][info][gc,metaspace] GC(113) Metaspace: 55499K(55808K)->55499K(55808K) NonClass: 47239K(47488K)->47239K(47488K) Class: 8259K(8320K)->8259K(8320K)
[41.978s][info][gc          ] GC(113) Pause Young (Mixed) (G1 Evacuation Pause) 459M->266M(495M) 10.092ms
[41.978s][info][gc,cpu      ] GC(113) User=0.01s Sys=0.00s Real=0.01s
[42.408s][info][gc,start    ] GC(114) Pause Young (Concurrent Start) (G1 Evacuation Pause)
[42.408s][info][gc,task     ] GC(114) Using 2 workers of 2 for evacuation
[42.412s][info][gc,phases   ] GC(114)   Pre Evacuate Collection Set: 0.28ms
[42.412s][info][gc,phases   ] GC(114)   Merge Heap Roots: 0.11ms
[42.412s][info][gc,phases   ] GC(114)   Evacuate Collection Set: 2.99ms
[42.412s][info][gc,phases   ] GC(114)   Post Evacuate Collection Set: 0.51ms
[42.412s][info][gc,phases   ] GC(114)   Other: 0.13ms
[42.412s][info][gc,heap     ] GC(114) Eden regions: 198->0(202)
[42.412s][info][gc,heap     ] GC(114) Survivor regions: 4->2(26)
[42.412s][info][gc,heap     ] GC(114) Old regions: 56->56
[42.412s][info][gc,heap     ] GC(114) Humongous regions: 207->207
[42.412s][info][gc,metaspace] GC(114) Metaspace: 55499K(55808K)->55499K(55808K) NonClass: 47239K(47488K)->47239K(47488K) Class: 8259K(8320K)->8259K(8320K)
[42.412s][info][gc          ] GC(114) Pause Young (Concurrent Start) (G1 Evacuation Pause) 464M->264M(495M) 4.221ms
[42.412s][info][gc,cpu      ] GC(114) User=0.00s Sys=0.00s Real=0.00s
[42.412s][info][gc          ] GC(115) Concurrent Mark Cycle
[42.412s][info][gc,marking  ] GC(115) Concurrent Scan Root Regions
[42.417s][info][gc,marking  ] GC(115) Concurrent Scan Root Regions 4.522ms
[42.417s][info][gc,marking  ] GC(115) Concurrent Mark
[42.417s][info][gc,marking  ] GC(115) Concurrent Mark From Roots
[42.417s][info][gc,task     ] GC(115) Using 1 workers of 1 for marking
[42.467s][info][gc,marking  ] GC(115) Concurrent Mark From Roots 49.771ms
[42.467s][info][gc,marking  ] GC(115) Concurrent Preclean
[42.467s][info][gc,marking  ] GC(115) Concurrent Preclean 0.066ms
[42.467s][info][gc,start    ] GC(115) Pause Remark
[42.475s][info][gc          ] GC(115) Pause Remark 294M->294M(495M) 7.724ms
[42.475s][info][gc,cpu      ] GC(115) User=0.01s Sys=0.00s Real=0.01s
[42.475s][info][gc,marking  ] GC(115) Concurrent Mark 58.577ms
[42.476s][info][gc,marking  ] GC(115) Concurrent Rebuild Remembered Sets and Scrub Regions
[42.497s][info][gc,marking  ] GC(115) Concurrent Rebuild Remembered Sets and Scrub Regions 21.813ms
[42.498s][info][gc,start    ] GC(115) Pause Cleanup
[42.498s][info][gc          ] GC(115) Pause Cleanup 302M->302M(495M) 0.105ms
[42.498s][info][gc,cpu      ] GC(115) User=0.00s Sys=0.00s Real=0.00s
[42.498s][info][gc,marking  ] GC(115) Concurrent Clear Claimed Marks
[42.498s][info][gc,marking  ] GC(115) Concurrent Clear Claimed Marks 0.092ms
[42.498s][info][gc,marking  ] GC(115) Concurrent Cleanup for Next Mark
[42.501s][info][gc,marking  ] GC(115) Concurrent Cleanup for Next Mark 2.887ms
[42.501s][info][gc          ] GC(115) Concurrent Mark Cycle 88.402ms
[42.837s][info][gc,start    ] GC(116) Pause Young (Prepare Mixed) (G1 Evacuation Pause)
[42.837s][info][gc,task     ] GC(116) Using 2 workers of 2 for evacuation
[42.844s][info][gc,phases   ] GC(116)   Pre Evacuate Collection Set: 0.28ms
[42.844s][info][gc,phases   ] GC(116)   Merge Heap Roots: 0.12ms
[42.844s][info][gc,phases   ] GC(116)   Evacuate Collection Set: 5.39ms
[42.844s][info][gc,phases   ] GC(116)   Post Evacuate Collection Set: 0.60ms
[42.844s][info][gc,phases   ] GC(116)   Other: 0.08ms
[42.844s][info][gc,heap     ] GC(116) Eden regions: 202->0(200)
[42.844s][info][gc,heap     ] GC(116) Survivor regions: 2->3(26)
[42.844s][info][gc,heap     ] GC(116) Old regions: 56->56
[42.844s][info][gc,heap     ] GC(116) Humongous regions: 207->207
[42.844s][info][gc,metaspace] GC(116) Metaspace: 55499K(55808K)->55499K(55808K) NonClass: 47239K(47488K)->47239K(47488K) Class: 8259K(8320K)->8259K(8320K)
[42.844s][info][gc          ] GC(116) Pause Young (Prepare Mixed) (G1 Evacuation Pause) 466M->265M(495M) 6.699ms
[42.844s][info][gc,cpu      ] GC(116) User=0.01s Sys=0.00s Real=0.01s
[43.267s][info][gc,start    ] GC(117) Pause Young (Mixed) (G1 Evacuation Pause)
[43.267s][info][gc,task     ] GC(117) Using 2 workers of 2 for evacuation
[43.272s][info][gc,phases   ] GC(117)   Pre Evacuate Collection Set: 0.32ms
[43.272s][info][gc,phases   ] GC(117)   Merge Heap Roots: 0.14ms
[43.272s][info][gc,phases   ] GC(117)   Evacuate Collection Set: 3.77ms
[43.272s][info][gc,phases   ] GC(117)   Post Evacuate Collection Set: 0.63ms
[43.272s][info][gc,phases   ] GC(117)   Other: 0.12ms
[43.272s][info][gc,heap     ] GC(117) Eden regions: 200->0(204)
[43.272s][info][gc,heap     ] GC(117) Survivor regions: 3->1(26)
[43.272s][info][gc,heap     ] GC(117) Old regions: 56->56
[43.272s][info][gc,heap     ] GC(117) Humongous regions: 207->207
[43.272s][info][gc,metaspace] GC(117) Metaspace: 55499K(55808K)->55499K(55808K) NonClass: 47239K(47488K)->47239K(47488K) Class: 8259K(8320K)->8259K(8320K)
[43.272s][info][gc          ] GC(117) Pause Young (Mixed) (G1 Evacuation Pause) 465M->263M(495M) 5.244ms
[43.272s][info][gc,cpu      ] GC(117) User=0.01s Sys=0.00s Real=0.00s
[43.730s][info][gc,start    ] GC(118) Pause Young (Concurrent Start) (G1 Evacuation Pause)
[43.730s][info][gc,task     ] GC(118) Using 2 workers of 2 for evacuation
[43.735s][info][gc,phases   ] GC(118)   Pre Evacuate Collection Set: 0.28ms
[43.735s][info][gc,phases   ] GC(118)   Merge Heap Roots: 0.10ms
[43.735s][info][gc,phases   ] GC(118)   Evacuate Collection Set: 4.39ms
[43.735s][info][gc,phases   ] GC(118)   Post Evacuate Collection Set: 0.53ms
[43.735s][info][gc,phases   ] GC(118)   Other: 0.13ms
[43.735s][info][gc,heap     ] GC(118) Eden regions: 204->0(200)
[43.735s][info][gc,heap     ] GC(118) Survivor regions: 1->3(26)
[43.735s][info][gc,heap     ] GC(118) Old regions: 56->56
[43.735s][info][gc,heap     ] GC(118) Humongous regions: 207->207
[43.735s][info][gc,metaspace] GC(118) Metaspace: 55499K(55808K)->55499K(55808K) NonClass: 47239K(47488K)->47239K(47488K) Class: 8259K(8320K)->8259K(8320K)
[43.735s][info][gc          ] GC(118) Pause Young (Concurrent Start) (G1 Evacuation Pause) 467M->265M(495M) 5.623ms
[43.735s][info][gc,cpu      ] GC(118) User=0.01s Sys=0.01s Real=0.01s
[43.735s][info][gc          ] GC(119) Concurrent Mark Cycle
[43.735s][info][gc,marking  ] GC(119) Concurrent Scan Root Regions
[43.742s][info][gc,marking  ] GC(119) Concurrent Scan Root Regions 6.221ms
[43.742s][info][gc,marking  ] GC(119) Concurrent Mark
[43.742s][info][gc,marking  ] GC(119) Concurrent Mark From Roots
[43.742s][info][gc,task     ] GC(119) Using 1 workers of 1 for marking
[43.804s][info][gc,marking  ] GC(119) Concurrent Mark From Roots 61.856ms
[43.804s][info][gc,marking  ] GC(119) Concurrent Preclean
[43.804s][info][gc,marking  ] GC(119) Concurrent Preclean 0.066ms
[43.804s][info][gc,start    ] GC(119) Pause Remark
[43.811s][info][gc          ] GC(119) Pause Remark 288M->288M(495M) 7.764ms
[43.812s][info][gc,cpu      ] GC(119) User=0.01s Sys=0.00s Real=0.00s
[43.812s][info][gc,marking  ] GC(119) Concurrent Mark 70.171ms
[43.812s][info][gc,marking  ] GC(119) Concurrent Rebuild Remembered Sets and Scrub Regions
[43.852s][info][gc,marking  ] GC(119) Concurrent Rebuild Remembered Sets and Scrub Regions 40.479ms
[43.852s][info][gc,start    ] GC(119) Pause Cleanup
[43.853s][info][gc          ] GC(119) Pause Cleanup 316M->316M(495M) 0.081ms
[43.853s][info][gc,cpu      ] GC(119) User=0.00s Sys=0.00s Real=0.00s
[43.853s][info][gc,marking  ] GC(119) Concurrent Clear Claimed Marks
[43.853s][info][gc,marking  ] GC(119) Concurrent Clear Claimed Marks 0.095ms
[43.853s][info][gc,marking  ] GC(119) Concurrent Cleanup for Next Mark
[43.854s][info][gc,marking  ] GC(119) Concurrent Cleanup for Next Mark 1.518ms
[43.854s][info][gc          ] GC(119) Concurrent Mark Cycle 118.902ms
[44.203s][info][gc,start    ] GC(120) Pause Young (Prepare Mixed) (G1 Evacuation Pause)
[44.203s][info][gc,task     ] GC(120) Using 2 workers of 2 for evacuation
[44.206s][info][gc,phases   ] GC(120)   Pre Evacuate Collection Set: 0.25ms
[44.206s][info][gc,phases   ] GC(120)   Merge Heap Roots: 0.11ms
[44.206s][info][gc,phases   ] GC(120)   Evacuate Collection Set: 2.26ms
[44.206s][info][gc,phases   ] GC(120)   Post Evacuate Collection Set: 0.52ms
[44.206s][info][gc,phases   ] GC(120)   Other: 0.08ms
[44.206s][info][gc,heap     ] GC(120) Eden regions: 200->0(204)
[44.206s][info][gc,heap     ] GC(120) Survivor regions: 3->1(26)
[44.206s][info][gc,heap     ] GC(120) Old regions: 56->56
[44.206s][info][gc,heap     ] GC(120) Humongous regions: 207->207
[44.206s][info][gc,metaspace] GC(120) Metaspace: 55499K(55808K)->55499K(55808K) NonClass: 47239K(47488K)->47239K(47488K) Class: 8259K(8320K)->8259K(8320K)
[44.206s][info][gc          ] GC(120) Pause Young (Prepare Mixed) (G1 Evacuation Pause) 465M->263M(495M) 3.419ms
[44.206s][info][gc,cpu      ] GC(120) User=0.01s Sys=0.00s Real=0.01s
[44.633s][info][gc,start    ] GC(121) Pause Young (Mixed) (G1 Evacuation Pause)
[44.633s][info][gc,task     ] GC(121) Using 2 workers of 2 for evacuation
[44.639s][info][gc,phases   ] GC(121)   Pre Evacuate Collection Set: 0.30ms
[44.639s][info][gc,phases   ] GC(121)   Merge Heap Roots: 0.11ms
[44.639s][info][gc,phases   ] GC(121)   Evacuate Collection Set: 4.98ms
[44.639s][info][gc,phases   ] GC(121)   Post Evacuate Collection Set: 0.60ms
[44.639s][info][gc,phases   ] GC(121)   Other: 0.08ms
[44.639s][info][gc,heap     ] GC(121) Eden regions: 204->0(200)
[44.639s][info][gc,heap     ] GC(121) Survivor regions: 1->3(26)
[44.639s][info][gc,heap     ] GC(121) Old regions: 56->56
[44.639s][info][gc,heap     ] GC(121) Humongous regions: 207->207
[44.639s][info][gc,metaspace] GC(121) Metaspace: 55499K(55808K)->55499K(55808K) NonClass: 47239K(47488K)->47239K(47488K) Class: 8259K(8320K)->8259K(8320K)
[44.639s][info][gc          ] GC(121) Pause Young (Mixed) (G1 Evacuation Pause) 467M->264M(495M) 6.287ms
[44.639s][info][gc,cpu      ] GC(121) User=0.01s Sys=0.00s Real=0.01s
[45.123s][info][gc,start    ] GC(122) Pause Young (Concurrent Start) (G1 Evacuation Pause)
[45.123s][info][gc,task     ] GC(122) Using 2 workers of 2 for evacuation
[45.130s][info][gc,phases   ] GC(122)   Pre Evacuate Collection Set: 0.29ms
[45.130s][info][gc,phases   ] GC(122)   Merge Heap Roots: 0.11ms
[45.130s][info][gc,phases   ] GC(122)   Evacuate Collection Set: 5.72ms
[45.130s][info][gc,phases   ] GC(122)   Post Evacuate Collection Set: 0.56ms
[45.130s][info][gc,phases   ] GC(122)   Other: 0.11ms
[45.130s][info][gc,heap     ] GC(122) Eden regions: 200->0(200)
[45.130s][info][gc,heap     ] GC(122) Survivor regions: 3->3(26)
[45.130s][info][gc,heap     ] GC(122) Old regions: 56->56
[45.130s][info][gc,heap     ] GC(122) Humongous regions: 207->207
[45.130s][info][gc,metaspace] GC(122) Metaspace: 55499K(55808K)->55499K(55808K) NonClass: 47239K(47488K)->47239K(47488K) Class: 8259K(8320K)->8259K(8320K)
[45.130s][info][gc          ] GC(122) Pause Young (Concurrent Start) (G1 Evacuation Pause) 464M->265M(495M) 6.969ms
[45.130s][info][gc,cpu      ] GC(122) User=0.01s Sys=0.00s Real=0.01s
[45.130s][info][gc          ] GC(123) Concurrent Mark Cycle
[45.133s][info][gc,marking  ] GC(123) Concurrent Scan Root Regions
[45.141s][info][gc,marking  ] GC(123) Concurrent Scan Root Regions 7.727ms
[45.141s][info][gc,marking  ] GC(123) Concurrent Mark
[45.141s][info][gc,marking  ] GC(123) Concurrent Mark From Roots
[45.141s][info][gc,task     ] GC(123) Using 1 workers of 1 for marking
[45.247s][info][gc,marking  ] GC(123) Concurrent Mark From Roots 106.437ms
[45.247s][info][gc,marking  ] GC(123) Concurrent Preclean
[45.248s][info][gc,marking  ] GC(123) Concurrent Preclean 0.106ms
[45.248s][info][gc,start    ] GC(123) Pause Remark
[45.259s][info][gc          ] GC(123) Pause Remark 311M->311M(495M) 10.766ms
[45.259s][info][gc,cpu      ] GC(123) User=0.02s Sys=0.00s Real=0.01s
[45.260s][info][gc,marking  ] GC(123) Concurrent Mark 118.771ms
[45.260s][info][gc,marking  ] GC(123) Concurrent Rebuild Remembered Sets and Scrub Regions
[45.305s][info][gc,marking  ] GC(123) Concurrent Rebuild Remembered Sets and Scrub Regions 45.388ms
[45.305s][info][gc,start    ] GC(123) Pause Cleanup
[45.305s][info][gc          ] GC(123) Pause Cleanup 339M->339M(495M) 0.075ms
[45.305s][info][gc,cpu      ] GC(123) User=0.00s Sys=0.00s Real=0.00s
[45.305s][info][gc,marking  ] GC(123) Concurrent Clear Claimed Marks
[45.306s][info][gc,marking  ] GC(123) Concurrent Clear Claimed Marks 0.103ms
[45.306s][info][gc,marking  ] GC(123) Concurrent Cleanup for Next Mark
[45.307s][info][gc,marking  ] GC(123) Concurrent Cleanup for Next Mark 1.603ms
[45.307s][info][gc          ] GC(123) Concurrent Mark Cycle 177.159ms
[45.522s][info][gc,start    ] GC(124) Pause Young (Prepare Mixed) (G1 Evacuation Pause)
[45.522s][info][gc,task     ] GC(124) Using 2 workers of 2 for evacuation
[45.528s][info][gc,phases   ] GC(124)   Pre Evacuate Collection Set: 0.29ms
[45.528s][info][gc,phases   ] GC(124)   Merge Heap Roots: 0.11ms
[45.528s][info][gc,phases   ] GC(124)   Evacuate Collection Set: 4.30ms
[45.528s][info][gc,phases   ] GC(124)   Post Evacuate Collection Set: 0.57ms
[45.528s][info][gc,phases   ] GC(124)   Other: 0.09ms
[45.528s][info][gc,heap     ] GC(124) Eden regions: 200->0(200)
[45.528s][info][gc,heap     ] GC(124) Survivor regions: 3->3(26)
[45.528s][info][gc,heap     ] GC(124) Old regions: 56->56
[45.528s][info][gc,heap     ] GC(124) Humongous regions: 207->207
[45.528s][info][gc,metaspace] GC(124) Metaspace: 55499K(55808K)->55499K(55808K) NonClass: 47239K(47488K)->47239K(47488K) Class: 8259K(8320K)->8259K(8320K)
[45.528s][info][gc          ] GC(124) Pause Young (Prepare Mixed) (G1 Evacuation Pause) 465M->265M(495M) 5.554ms
[45.528s][info][gc,cpu      ] GC(124) User=0.01s Sys=0.00s Real=0.01s
[46.047s][info][gc,start    ] GC(125) Pause Young (Mixed) (G1 Evacuation Pause)
[46.047s][info][gc,task     ] GC(125) Using 2 workers of 2 for evacuation
[46.055s][info][gc,phases   ] GC(125)   Pre Evacuate Collection Set: 0.27ms
[46.055s][info][gc,phases   ] GC(125)   Merge Heap Roots: 0.13ms
[46.055s][info][gc,phases   ] GC(125)   Evacuate Collection Set: 6.33ms
[46.055s][info][gc,phases   ] GC(125)   Post Evacuate Collection Set: 0.58ms
[46.055s][info][gc,phases   ] GC(125)   Other: 0.11ms
[46.055s][info][gc,heap     ] GC(125) Eden regions: 200->0(200)
[46.055s][info][gc,heap     ] GC(125) Survivor regions: 3->3(26)
[46.055s][info][gc,heap     ] GC(125) Old regions: 56->56
[46.055s][info][gc,heap     ] GC(125) Humongous regions: 207->207
[46.055s][info][gc,metaspace] GC(125) Metaspace: 55499K(55808K)->55499K(55808K) NonClass: 47239K(47488K)->47239K(47488K) Class: 8259K(8320K)->8259K(8320K)
[46.055s][info][gc          ] GC(125) Pause Young (Mixed) (G1 Evacuation Pause) 465M->264M(495M) 7.620ms
[46.055s][info][gc,cpu      ] GC(125) User=0.01s Sys=0.00s Real=0.01s
[46.414s][info][gc,start    ] GC(126) Pause Young (Concurrent Start) (G1 Evacuation Pause)
[46.414s][info][gc,task     ] GC(126) Using 2 workers of 2 for evacuation
[46.418s][info][gc,phases   ] GC(126)   Pre Evacuate Collection Set: 0.28ms
[46.418s][info][gc,phases   ] GC(126)   Merge Heap Roots: 0.10ms
[46.418s][info][gc,phases   ] GC(126)   Evacuate Collection Set: 3.58ms
[46.418s][info][gc,phases   ] GC(126)   Post Evacuate Collection Set: 0.54ms
[46.418s][info][gc,phases   ] GC(126)   Other: 0.12ms
[46.418s][info][gc,heap     ] GC(126) Eden regions: 200->0(204)
[46.418s][info][gc,heap     ] GC(126) Survivor regions: 3->1(26)
[46.418s][info][gc,heap     ] GC(126) Old regions: 56->56
[46.418s][info][gc,heap     ] GC(126) Humongous regions: 207->207
[46.418s][info][gc,metaspace] GC(126) Metaspace: 55499K(55808K)->55499K(55808K) NonClass: 47239K(47488K)->47239K(47488K) Class: 8259K(8320K)->8259K(8320K)
[46.418s][info][gc          ] GC(126) Pause Young (Concurrent Start) (G1 Evacuation Pause) 464M->263M(495M) 4.851ms
[46.418s][info][gc,cpu      ] GC(126) User=0.00s Sys=0.00s Real=0.01s
[46.418s][info][gc          ] GC(127) Concurrent Mark Cycle
[46.418s][info][gc,marking  ] GC(127) Concurrent Scan Root Regions
[46.424s][info][gc,marking  ] GC(127) Concurrent Scan Root Regions 5.821ms
[46.424s][info][gc,marking  ] GC(127) Concurrent Mark
[46.424s][info][gc,marking  ] GC(127) Concurrent Mark From Roots
[46.424s][info][gc,task     ] GC(127) Using 1 workers of 1 for marking
[46.493s][info][gc,marking  ] GC(127) Concurrent Mark From Roots 68.224ms
[46.493s][info][gc,marking  ] GC(127) Concurrent Preclean
[46.493s][info][gc,marking  ] GC(127) Concurrent Preclean 0.070ms
[46.493s][info][gc,start    ] GC(127) Pause Remark
[46.501s][info][gc          ] GC(127) Pause Remark 299M->299M(495M) 7.741ms
[46.501s][info][gc,cpu      ] GC(127) User=0.02s Sys=0.00s Real=0.01s
[46.501s][info][gc,marking  ] GC(127) Concurrent Mark 76.770ms
[46.501s][info][gc,marking  ] GC(127) Concurrent Rebuild Remembered Sets and Scrub Regions
[46.538s][info][gc,marking  ] GC(127) Concurrent Rebuild Remembered Sets and Scrub Regions 37.025ms
[46.539s][info][gc,start    ] GC(127) Pause Cleanup
[46.539s][info][gc          ] GC(127) Pause Cleanup 325M->325M(495M) 0.092ms
[46.539s][info][gc,cpu      ] GC(127) User=0.00s Sys=0.00s Real=0.00s
[46.540s][info][gc,marking  ] GC(127) Concurrent Clear Claimed Marks
[46.540s][info][gc,marking  ] GC(127) Concurrent Clear Claimed Marks 0.122ms
[46.540s][info][gc,marking  ] GC(127) Concurrent Cleanup for Next Mark
[46.544s][info][gc,marking  ] GC(127) Concurrent Cleanup for Next Mark 4.038ms
[46.544s][info][gc          ] GC(127) Concurrent Mark Cycle 125.333ms
[46.842s][info][gc,start    ] GC(128) Pause Young (Prepare Mixed) (G1 Evacuation Pause)
[46.842s][info][gc,task     ] GC(128) Using 2 workers of 2 for evacuation
[46.847s][info][gc,phases   ] GC(128)   Pre Evacuate Collection Set: 0.25ms
[46.847s][info][gc,phases   ] GC(128)   Merge Heap Roots: 0.11ms
[46.847s][info][gc,phases   ] GC(128)   Evacuate Collection Set: 4.74ms
[46.847s][info][gc,phases   ] GC(128)   Post Evacuate Collection Set: 0.51ms
[46.847s][info][gc,phases   ] GC(128)   Other: 0.09ms
[46.847s][info][gc,heap     ] GC(128) Eden regions: 204->0(200)
[46.847s][info][gc,heap     ] GC(128) Survivor regions: 1->3(26)
[46.847s][info][gc,heap     ] GC(128) Old regions: 56->56
[46.847s][info][gc,heap     ] GC(128) Humongous regions: 207->207
[46.847s][info][gc,metaspace] GC(128) Metaspace: 55499K(55808K)->55499K(55808K) NonClass: 47239K(47488K)->47239K(47488K) Class: 8259K(8320K)->8259K(8320K)
[46.847s][info][gc          ] GC(128) Pause Young (Prepare Mixed) (G1 Evacuation Pause) 467M->265M(495M) 5.893ms
[46.847s][info][gc,cpu      ] GC(128) User=0.01s Sys=0.00s Real=0.01s
[47.317s][info][gc,start    ] GC(129) Pause Young (Mixed) (G1 Evacuation Pause)
[47.317s][info][gc,task     ] GC(129) Using 2 workers of 2 for evacuation
[47.322s][info][gc,phases   ] GC(129)   Pre Evacuate Collection Set: 0.27ms
[47.322s][info][gc,phases   ] GC(129)   Merge Heap Roots: 0.11ms
[47.322s][info][gc,phases   ] GC(129)   Evacuate Collection Set: 3.71ms
[47.322s][info][gc,phases   ] GC(129)   Post Evacuate Collection Set: 0.58ms
[47.322s][info][gc,phases   ] GC(129)   Other: 0.08ms
[47.322s][info][gc,heap     ] GC(129) Eden regions: 200->0(202)
[47.322s][info][gc,heap     ] GC(129) Survivor regions: 3->2(26)
[47.322s][info][gc,heap     ] GC(129) Old regions: 56->56
[47.322s][info][gc,heap     ] GC(129) Humongous regions: 207->207
[47.322s][info][gc,metaspace] GC(129) Metaspace: 55499K(55808K)->55499K(55808K) NonClass: 47239K(47488K)->47239K(47488K) Class: 8259K(8320K)->8259K(8320K)
[47.322s][info][gc          ] GC(129) Pause Young (Mixed) (G1 Evacuation Pause) 465M->263M(495M) 4.989ms
[47.322s][info][gc,cpu      ] GC(129) User=0.01s Sys=0.00s Real=0.00s
[47.739s][info][gc,start    ] GC(130) Pause Young (Concurrent Start) (G1 Evacuation Pause)
[47.739s][info][gc,task     ] GC(130) Using 2 workers of 2 for evacuation
[47.744s][info][gc,phases   ] GC(130)   Pre Evacuate Collection Set: 0.29ms
[47.744s][info][gc,phases   ] GC(130)   Merge Heap Roots: 0.09ms
[47.744s][info][gc,phases   ] GC(130)   Evacuate Collection Set: 4.43ms
[47.744s][info][gc,phases   ] GC(130)   Post Evacuate Collection Set: 0.52ms
[47.745s][info][gc,phases   ] GC(130)   Other: 0.12ms
[47.745s][info][gc,heap     ] GC(130) Eden regions: 202->0(200)
[47.745s][info][gc,heap     ] GC(130) Survivor regions: 2->3(26)
[47.745s][info][gc,heap     ] GC(130) Old regions: 56->56
[47.745s][info][gc,heap     ] GC(130) Humongous regions: 207->207
[47.745s][info][gc,metaspace] GC(130) Metaspace: 55499K(55808K)->55499K(55808K) NonClass: 47239K(47488K)->47239K(47488K) Class: 8259K(8320K)->8259K(8320K)
[47.745s][info][gc          ] GC(130) Pause Young (Concurrent Start) (G1 Evacuation Pause) 465M->264M(495M) 5.671ms
[47.745s][info][gc          ] GC(131) Concurrent Mark Cycle
[47.745s][info][gc,marking  ] GC(131) Concurrent Scan Root Regions
[47.745s][info][gc,cpu      ] GC(130) User=0.01s Sys=0.00s Real=0.01s
[47.750s][info][gc,marking  ] GC(131) Concurrent Scan Root Regions 5.045ms
[47.750s][info][gc,marking  ] GC(131) Concurrent Mark
[47.750s][info][gc,marking  ] GC(131) Concurrent Mark From Roots
[47.750s][info][gc,task     ] GC(131) Using 1 workers of 1 for marking
[47.817s][info][gc,marking  ] GC(131) Concurrent Mark From Roots 67.114ms
[47.817s][info][gc,marking  ] GC(131) Concurrent Preclean
[47.817s][info][gc,marking  ] GC(131) Concurrent Preclean 0.077ms
[47.819s][info][gc,start    ] GC(131) Pause Remark
[47.828s][info][gc          ] GC(131) Pause Remark 289M->289M(495M) 9.260ms
[47.829s][info][gc,cpu      ] GC(131) User=0.02s Sys=0.00s Real=0.01s
[47.832s][info][gc,marking  ] GC(131) Concurrent Mark 81.858ms
[47.832s][info][gc,marking  ] GC(131) Concurrent Rebuild Remembered Sets and Scrub Regions
[47.866s][info][gc,marking  ] GC(131) Concurrent Rebuild Remembered Sets and Scrub Regions 34.870ms
[47.867s][info][gc,start    ] GC(131) Pause Cleanup
[47.867s][info][gc          ] GC(131) Pause Cleanup 312M->312M(495M) 0.078ms
[47.867s][info][gc,cpu      ] GC(131) User=0.00s Sys=0.00s Real=0.00s
[47.867s][info][gc,marking  ] GC(131) Concurrent Clear Claimed Marks
[47.867s][info][gc,marking  ] GC(131) Concurrent Clear Claimed Marks 0.093ms
[47.867s][info][gc,marking  ] GC(131) Concurrent Cleanup for Next Mark
[47.870s][info][gc,marking  ] GC(131) Concurrent Cleanup for Next Mark 2.622ms
[47.870s][info][gc          ] GC(131) Concurrent Mark Cycle 124.974ms
[48.272s][info][gc,start    ] GC(132) Pause Young (Prepare Mixed) (G1 Evacuation Pause)
[48.273s][info][gc,task     ] GC(132) Using 2 workers of 2 for evacuation
[48.277s][info][gc,phases   ] GC(132)   Pre Evacuate Collection Set: 1.40ms
[48.277s][info][gc,phases   ] GC(132)   Merge Heap Roots: 0.13ms
[48.277s][info][gc,phases   ] GC(132)   Evacuate Collection Set: 2.39ms
[48.277s][info][gc,phases   ] GC(132)   Post Evacuate Collection Set: 0.53ms
[48.277s][info][gc,phases   ] GC(132)   Other: 0.09ms
[48.277s][info][gc,heap     ] GC(132) Eden regions: 200->0(204)
[48.277s][info][gc,heap     ] GC(132) Survivor regions: 3->1(26)
[48.277s][info][gc,heap     ] GC(132) Old regions: 56->56
[48.277s][info][gc,heap     ] GC(132) Humongous regions: 207->207
[48.277s][info][gc,metaspace] GC(132) Metaspace: 55499K(55808K)->55499K(55808K) NonClass: 47239K(47488K)->47239K(47488K) Class: 8259K(8320K)->8259K(8320K)
[48.277s][info][gc          ] GC(132) Pause Young (Prepare Mixed) (G1 Evacuation Pause) 464M->263M(495M) 4.762ms
[48.277s][info][gc,cpu      ] GC(132) User=0.01s Sys=0.00s Real=0.01s
[48.633s][info][gc,start    ] GC(133) Pause Young (Mixed) (G1 Evacuation Pause)
[48.633s][info][gc,task     ] GC(133) Using 2 workers of 2 for evacuation
[48.640s][info][gc,phases   ] GC(133)   Pre Evacuate Collection Set: 0.39ms
[48.640s][info][gc,phases   ] GC(133)   Merge Heap Roots: 0.12ms
[48.640s][info][gc,phases   ] GC(133)   Evacuate Collection Set: 4.88ms
[48.640s][info][gc,phases   ] GC(133)   Post Evacuate Collection Set: 0.62ms
[48.640s][info][gc,phases   ] GC(133)   Other: 0.08ms
[48.640s][info][gc,heap     ] GC(133) Eden regions: 204->0(200)
[48.640s][info][gc,heap     ] GC(133) Survivor regions: 1->3(26)
[48.640s][info][gc,heap     ] GC(133) Old regions: 56->56
[48.640s][info][gc,heap     ] GC(133) Humongous regions: 207->207
[48.640s][info][gc,metaspace] GC(133) Metaspace: 55499K(55808K)->55499K(55808K) NonClass: 47239K(47488K)->47239K(47488K) Class: 8259K(8320K)->8259K(8320K)
[48.640s][info][gc          ] GC(133) Pause Young (Mixed) (G1 Evacuation Pause) 467M->264M(495M) 6.368ms
[48.640s][info][gc,cpu      ] GC(133) User=0.01s Sys=0.00s Real=0.01s
[49.069s][info][gc,start    ] GC(134) Pause Young (Concurrent Start) (G1 Evacuation Pause)
[49.069s][info][gc,task     ] GC(134) Using 2 workers of 2 for evacuation
[49.075s][info][gc,phases   ] GC(134)   Pre Evacuate Collection Set: 0.29ms
[49.075s][info][gc,phases   ] GC(134)   Merge Heap Roots: 0.10ms
[49.075s][info][gc,phases   ] GC(134)   Evacuate Collection Set: 4.94ms
[49.075s][info][gc,phases   ] GC(134)   Post Evacuate Collection Set: 0.61ms
[49.075s][info][gc,phases   ] GC(134)   Other: 0.15ms
[49.075s][info][gc,heap     ] GC(134) Eden regions: 200->0(202)
[49.075s][info][gc,heap     ] GC(134) Survivor regions: 3->2(26)
[49.075s][info][gc,heap     ] GC(134) Old regions: 56->56
[49.075s][info][gc,heap     ] GC(134) Humongous regions: 207->207
[49.075s][info][gc,metaspace] GC(134) Metaspace: 55499K(55808K)->55499K(55808K) NonClass: 47239K(47488K)->47239K(47488K) Class: 8259K(8320K)->8259K(8320K)
[49.075s][info][gc          ] GC(134) Pause Young (Concurrent Start) (G1 Evacuation Pause) 464M->263M(495M) 6.297ms
[49.075s][info][gc,cpu      ] GC(134) User=0.01s Sys=0.00s Real=0.01s
[49.075s][info][gc          ] GC(135) Concurrent Mark Cycle
[49.075s][info][gc,marking  ] GC(135) Concurrent Scan Root Regions
[49.077s][info][gc,marking  ] GC(135) Concurrent Scan Root Regions 2.349ms
[49.077s][info][gc,marking  ] GC(135) Concurrent Mark
[49.077s][info][gc,marking  ] GC(135) Concurrent Mark From Roots
[49.077s][info][gc,task     ] GC(135) Using 1 workers of 1 for marking
[49.147s][info][gc,marking  ] GC(135) Concurrent Mark From Roots 70.005ms
[49.148s][info][gc,marking  ] GC(135) Concurrent Preclean
[49.148s][info][gc,marking  ] GC(135) Concurrent Preclean 0.086ms
[49.148s][info][gc,start    ] GC(135) Pause Remark
[49.156s][info][gc          ] GC(135) Pause Remark 294M->294M(495M) 7.838ms
[49.156s][info][gc,cpu      ] GC(135) User=0.01s Sys=0.00s Real=0.01s
[49.157s][info][gc,marking  ] GC(135) Concurrent Mark 79.732ms
[49.157s][info][gc,marking  ] GC(135) Concurrent Rebuild Remembered Sets and Scrub Regions
[49.185s][info][gc,marking  ] GC(135) Concurrent Rebuild Remembered Sets and Scrub Regions 27.962ms
[49.192s][info][gc,start    ] GC(135) Pause Cleanup
[49.192s][info][gc          ] GC(135) Pause Cleanup 306M->306M(495M) 0.106ms
[49.192s][info][gc,cpu      ] GC(135) User=0.00s Sys=0.00s Real=0.00s
[49.193s][info][gc,marking  ] GC(135) Concurrent Clear Claimed Marks
[49.193s][info][gc,marking  ] GC(135) Concurrent Clear Claimed Marks 0.267ms
[49.193s][info][gc,marking  ] GC(135) Concurrent Cleanup for Next Mark
[49.195s][info][gc,marking  ] GC(135) Concurrent Cleanup for Next Mark 1.889ms
[49.195s][info][gc          ] GC(135) Concurrent Mark Cycle 119.889ms
[49.526s][info][gc,start    ] GC(136) Pause Young (Prepare Mixed) (G1 Evacuation Pause)
[49.526s][info][gc,task     ] GC(136) Using 2 workers of 2 for evacuation
[49.531s][info][gc,phases   ] GC(136)   Pre Evacuate Collection Set: 0.26ms
[49.531s][info][gc,phases   ] GC(136)   Merge Heap Roots: 0.12ms
[49.531s][info][gc,phases   ] GC(136)   Evacuate Collection Set: 3.90ms
[49.531s][info][gc,phases   ] GC(136)   Post Evacuate Collection Set: 0.51ms
[49.531s][info][gc,phases   ] GC(136)   Other: 0.12ms
[49.531s][info][gc,heap     ] GC(136) Eden regions: 202->0(200)
[49.531s][info][gc,heap     ] GC(136) Survivor regions: 2->3(26)
[49.531s][info][gc,heap     ] GC(136) Old regions: 56->56
[49.531s][info][gc,heap     ] GC(136) Humongous regions: 207->207
[49.531s][info][gc,metaspace] GC(136) Metaspace: 55499K(55808K)->55499K(55808K) NonClass: 47239K(47488K)->47239K(47488K) Class: 8259K(8320K)->8259K(8320K)
[49.531s][info][gc          ] GC(136) Pause Young (Prepare Mixed) (G1 Evacuation Pause) 465M->264M(495M) 5.139ms
[49.531s][info][gc,cpu      ] GC(136) User=0.01s Sys=0.00s Real=0.00s
[49.951s][info][gc,start    ] GC(137) Pause Young (Mixed) (G1 Evacuation Pause)
[49.951s][info][gc,task     ] GC(137) Using 2 workers of 2 for evacuation
[49.957s][info][gc,phases   ] GC(137)   Pre Evacuate Collection Set: 0.27ms
[49.957s][info][gc,phases   ] GC(137)   Merge Heap Roots: 0.12ms
[49.957s][info][gc,phases   ] GC(137)   Evacuate Collection Set: 5.43ms
[49.957s][info][gc,phases   ] GC(137)   Post Evacuate Collection Set: 0.57ms
[49.957s][info][gc,phases   ] GC(137)   Other: 0.10ms
[49.957s][info][gc,heap     ] GC(137) Eden regions: 200->0(200)
[49.957s][info][gc,heap     ] GC(137) Survivor regions: 3->3(26)
[49.957s][info][gc,heap     ] GC(137) Old regions: 56->56
[49.957s][info][gc,heap     ] GC(137) Humongous regions: 207->207
[49.957s][info][gc,metaspace] GC(137) Metaspace: 55499K(55808K)->55499K(55808K) NonClass: 47239K(47488K)->47239K(47488K) Class: 8259K(8320K)->8259K(8320K)
[49.957s][info][gc          ] GC(137) Pause Young (Mixed) (G1 Evacuation Pause) 464M->264M(495M) 6.691ms
[49.957s][info][gc,cpu      ] GC(137) User=0.01s Sys=0.00s Real=0.01s
[50.442s][info][gc,start    ] GC(138) Pause Young (Concurrent Start) (G1 Evacuation Pause)
[50.442s][info][gc,task     ] GC(138) Using 2 workers of 2 for evacuation
[50.447s][info][gc,phases   ] GC(138)   Pre Evacuate Collection Set: 0.34ms
[50.447s][info][gc,phases   ] GC(138)   Merge Heap Roots: 0.10ms
[50.447s][info][gc,phases   ] GC(138)   Evacuate Collection Set: 3.49ms
[50.447s][info][gc,phases   ] GC(138)   Post Evacuate Collection Set: 0.56ms
[50.447s][info][gc,phases   ] GC(138)   Other: 0.15ms
[50.447s][info][gc,heap     ] GC(138) Eden regions: 200->0(202)
[50.447s][info][gc,heap     ] GC(138) Survivor regions: 3->2(26)
[50.447s][info][gc,heap     ] GC(138) Old regions: 56->56
[50.447s][info][gc,heap     ] GC(138) Humongous regions: 207->207
[50.447s][info][gc,metaspace] GC(138) Metaspace: 55501K(55808K)->55501K(55808K) NonClass: 47241K(47488K)->47241K(47488K) Class: 8259K(8320K)->8259K(8320K)
[50.447s][info][gc          ] GC(138) Pause Young (Concurrent Start) (G1 Evacuation Pause) 464M->264M(495M) 4.876ms
[50.447s][info][gc          ] GC(139) Concurrent Mark Cycle
[50.447s][info][gc,marking  ] GC(139) Concurrent Scan Root Regions
[50.448s][info][gc,cpu      ] GC(138) User=0.01s Sys=0.00s Real=0.01s
[50.450s][info][gc,marking  ] GC(139) Concurrent Scan Root Regions 3.358ms
[50.450s][info][gc,marking  ] GC(139) Concurrent Mark
[50.450s][info][gc,marking  ] GC(139) Concurrent Mark From Roots
[50.450s][info][gc,task     ] GC(139) Using 1 workers of 1 for marking
[50.547s][info][gc,marking  ] GC(139) Concurrent Mark From Roots 96.579ms
[50.547s][info][gc,marking  ] GC(139) Concurrent Preclean
[50.547s][info][gc,marking  ] GC(139) Concurrent Preclean 0.067ms
[50.548s][info][gc,start    ] GC(139) Pause Remark
[50.555s][info][gc          ] GC(139) Pause Remark 318M->318M(495M) 7.826ms
[50.556s][info][gc,cpu      ] GC(139) User=0.02s Sys=0.00s Real=0.01s
[50.556s][info][gc,marking  ] GC(139) Concurrent Mark 105.698ms
[50.556s][info][gc,marking  ] GC(139) Concurrent Rebuild Remembered Sets and Scrub Regions
[50.592s][info][gc,marking  ] GC(139) Concurrent Rebuild Remembered Sets and Scrub Regions 36.317ms
[50.593s][info][gc,start    ] GC(139) Pause Cleanup
[50.593s][info][gc          ] GC(139) Pause Cleanup 339M->339M(495M) 0.081ms
[50.593s][info][gc,cpu      ] GC(139) User=0.00s Sys=0.00s Real=0.00s
[50.593s][info][gc,marking  ] GC(139) Concurrent Clear Claimed Marks
[50.593s][info][gc,marking  ] GC(139) Concurrent Clear Claimed Marks 0.113ms
[50.593s][info][gc,marking  ] GC(139) Concurrent Cleanup for Next Mark
[50.595s][info][gc,marking  ] GC(139) Concurrent Cleanup for Next Mark 1.588ms
[50.595s][info][gc          ] GC(139) Concurrent Mark Cycle 148.168ms
[50.837s][info][gc,start    ] GC(140) Pause Young (Normal) (G1 Evacuation Pause)
[50.837s][info][gc,task     ] GC(140) Using 2 workers of 2 for evacuation
[50.842s][info][gc,phases   ] GC(140)   Pre Evacuate Collection Set: 0.26ms
[50.842s][info][gc,phases   ] GC(140)   Merge Heap Roots: 0.11ms
[50.842s][info][gc,phases   ] GC(140)   Evacuate Collection Set: 4.72ms
[50.842s][info][gc,phases   ] GC(140)   Post Evacuate Collection Set: 0.54ms
[50.842s][info][gc,phases   ] GC(140)   Other: 0.08ms
[50.842s][info][gc,heap     ] GC(140) Eden regions: 202->0(200)
[50.842s][info][gc,heap     ] GC(140) Survivor regions: 2->3(26)
[50.842s][info][gc,heap     ] GC(140) Old regions: 56->56
[50.842s][info][gc,heap     ] GC(140) Humongous regions: 207->207
[50.842s][info][gc,metaspace] GC(140) Metaspace: 55502K(55808K)->55502K(55808K) NonClass: 47242K(47488K)->47242K(47488K) Class: 8259K(8320K)->8259K(8320K)
[50.843s][info][gc          ] GC(140) Pause Young (Normal) (G1 Evacuation Pause) 466M->264M(495M) 5.938ms
[50.843s][info][gc,cpu      ] GC(140) User=0.01s Sys=0.00s Real=0.00s
[51.374s][info][gc,start    ] GC(141) Pause Young (Concurrent Start) (G1 Evacuation Pause)
[51.375s][info][gc,task     ] GC(141) Using 2 workers of 2 for evacuation
[51.378s][info][gc,phases   ] GC(141)   Pre Evacuate Collection Set: 0.33ms
[51.378s][info][gc,phases   ] GC(141)   Merge Heap Roots: 0.09ms
[51.378s][info][gc,phases   ] GC(141)   Evacuate Collection Set: 2.69ms
[51.378s][info][gc,phases   ] GC(141)   Post Evacuate Collection Set: 0.55ms
[51.378s][info][gc,phases   ] GC(141)   Other: 0.15ms
[51.378s][info][gc,heap     ] GC(141) Eden regions: 200->0(204)
[51.378s][info][gc,heap     ] GC(141) Survivor regions: 3->1(26)
[51.378s][info][gc,heap     ] GC(141) Old regions: 56->56
[51.378s][info][gc,heap     ] GC(141) Humongous regions: 207->207
[51.378s][info][gc,metaspace] GC(141) Metaspace: 55502K(55808K)->55502K(55808K) NonClass: 47242K(47488K)->47242K(47488K) Class: 8259K(8320K)->8259K(8320K)
[51.379s][info][gc          ] GC(141) Pause Young (Concurrent Start) (G1 Evacuation Pause) 464M->262M(495M) 4.064ms
[51.379s][info][gc,cpu      ] GC(141) User=0.01s Sys=0.00s Real=0.00s
[51.379s][info][gc          ] GC(142) Concurrent Mark Cycle
[51.379s][info][gc,marking  ] GC(142) Concurrent Scan Root Regions
[51.380s][info][gc,marking  ] GC(142) Concurrent Scan Root Regions 1.730ms
[51.380s][info][gc,marking  ] GC(142) Concurrent Mark
[51.380s][info][gc,marking  ] GC(142) Concurrent Mark From Roots
[51.380s][info][gc,task     ] GC(142) Using 1 workers of 1 for marking
[51.450s][info][gc,marking  ] GC(142) Concurrent Mark From Roots 69.953ms
[51.450s][info][gc,marking  ] GC(142) Concurrent Preclean
[51.450s][info][gc,marking  ] GC(142) Concurrent Preclean 0.076ms
[51.451s][info][gc,start    ] GC(142) Pause Remark
[51.459s][info][gc          ] GC(142) Pause Remark 302M->302M(495M) 8.487ms
[51.459s][info][gc,cpu      ] GC(142) User=0.02s Sys=0.00s Real=0.01s
[51.460s][info][gc,marking  ] GC(142) Concurrent Mark 79.457ms
[51.460s][info][gc,marking  ] GC(142) Concurrent Rebuild Remembered Sets and Scrub Regions
[51.489s][info][gc,marking  ] GC(142) Concurrent Rebuild Remembered Sets and Scrub Regions 29.192ms
[51.489s][info][gc,start    ] GC(142) Pause Cleanup
[51.489s][info][gc          ] GC(142) Pause Cleanup 318M->318M(495M) 0.074ms
[51.489s][info][gc,cpu      ] GC(142) User=0.00s Sys=0.00s Real=0.00s
[51.490s][info][gc,marking  ] GC(142) Concurrent Clear Claimed Marks
[51.490s][info][gc,marking  ] GC(142) Concurrent Clear Claimed Marks 0.106ms
[51.490s][info][gc,marking  ] GC(142) Concurrent Cleanup for Next Mark
[51.492s][info][gc,marking  ] GC(142) Concurrent Cleanup for Next Mark 1.904ms
[51.492s][info][gc          ] GC(142) Concurrent Mark Cycle 113.739ms
[51.741s][info][gc,start    ] GC(143) Pause Young (Normal) (G1 Evacuation Pause)
[51.741s][info][gc,task     ] GC(143) Using 2 workers of 2 for evacuation
[51.747s][info][gc,phases   ] GC(143)   Pre Evacuate Collection Set: 0.27ms
[51.747s][info][gc,phases   ] GC(143)   Merge Heap Roots: 0.12ms
[51.747s][info][gc,phases   ] GC(143)   Evacuate Collection Set: 4.76ms
[51.747s][info][gc,phases   ] GC(143)   Post Evacuate Collection Set: 0.57ms
[51.747s][info][gc,phases   ] GC(143)   Other: 0.08ms
[51.747s][info][gc,heap     ] GC(143) Eden regions: 204->0(202)
[51.747s][info][gc,heap     ] GC(143) Survivor regions: 1->2(26)
[51.747s][info][gc,heap     ] GC(143) Old regions: 56->56
[51.747s][info][gc,heap     ] GC(143) Humongous regions: 207->207
[51.747s][info][gc,metaspace] GC(143) Metaspace: 55502K(55808K)->55502K(55808K) NonClass: 47242K(47488K)->47242K(47488K) Class: 8259K(8320K)->8259K(8320K)
[51.747s][info][gc          ] GC(143) Pause Young (Normal) (G1 Evacuation Pause) 466M->264M(495M) 6.014ms
[51.747s][info][gc,cpu      ] GC(143) User=0.01s Sys=0.00s Real=0.01s
[52.229s][info][gc,start    ] GC(144) Pause Young (Concurrent Start) (G1 Evacuation Pause)
[52.229s][info][gc,task     ] GC(144) Using 2 workers of 2 for evacuation
[52.233s][info][gc,phases   ] GC(144)   Pre Evacuate Collection Set: 0.31ms
[52.233s][info][gc,phases   ] GC(144)   Merge Heap Roots: 0.09ms
[52.233s][info][gc,phases   ] GC(144)   Evacuate Collection Set: 2.89ms
[52.233s][info][gc,phases   ] GC(144)   Post Evacuate Collection Set: 0.52ms
[52.233s][info][gc,phases   ] GC(144)   Other: 0.12ms
[52.233s][info][gc,heap     ] GC(144) Eden regions: 202->0(204)
[52.233s][info][gc,heap     ] GC(144) Survivor regions: 2->1(26)
[52.233s][info][gc,heap     ] GC(144) Old regions: 56->56
[52.233s][info][gc,heap     ] GC(144) Humongous regions: 207->207
[52.233s][info][gc,metaspace] GC(144) Metaspace: 55504K(55808K)->55504K(55808K) NonClass: 47244K(47488K)->47244K(47488K) Class: 8259K(8320K)->8259K(8320K)
[52.233s][info][gc          ] GC(144) Pause Young (Concurrent Start) (G1 Evacuation Pause) 466M->263M(495M) 4.117ms
[52.233s][info][gc          ] GC(145) Concurrent Mark Cycle
[52.233s][info][gc,marking  ] GC(145) Concurrent Scan Root Regions
[52.234s][info][gc,cpu      ] GC(144) User=0.00s Sys=0.00s Real=0.01s
[52.236s][info][gc,marking  ] GC(145) Concurrent Scan Root Regions 3.157ms
[52.236s][info][gc,marking  ] GC(145) Concurrent Mark
[52.236s][info][gc,marking  ] GC(145) Concurrent Mark From Roots
[52.236s][info][gc,task     ] GC(145) Using 1 workers of 1 for marking
[52.308s][info][gc,marking  ] GC(145) Concurrent Mark From Roots 71.943ms
[52.308s][info][gc,marking  ] GC(145) Concurrent Preclean
[52.308s][info][gc,marking  ] GC(145) Concurrent Preclean 0.069ms
[52.308s][info][gc,start    ] GC(145) Pause Remark
[52.316s][info][gc          ] GC(145) Pause Remark 303M->303M(495M) 7.939ms
[52.316s][info][gc,cpu      ] GC(145) User=0.02s Sys=0.00s Real=0.01s
[52.317s][info][gc,marking  ] GC(145) Concurrent Mark 80.827ms
[52.317s][info][gc,marking  ] GC(145) Concurrent Rebuild Remembered Sets and Scrub Regions
[52.349s][info][gc,marking  ] GC(145) Concurrent Rebuild Remembered Sets and Scrub Regions 31.741ms
[52.349s][info][gc,start    ] GC(145) Pause Cleanup
[52.349s][info][gc          ] GC(145) Pause Cleanup 320M->320M(495M) 0.072ms
[52.349s][info][gc,cpu      ] GC(145) User=0.00s Sys=0.00s Real=0.00s
[52.350s][info][gc,marking  ] GC(145) Concurrent Clear Claimed Marks
[52.350s][info][gc,marking  ] GC(145) Concurrent Clear Claimed Marks 0.108ms
[52.350s][info][gc,marking  ] GC(145) Concurrent Cleanup for Next Mark
[52.352s][info][gc,marking  ] GC(145) Concurrent Cleanup for Next Mark 1.646ms
[52.352s][info][gc          ] GC(145) Concurrent Mark Cycle 118.687ms
[52.635s][info][gc,start    ] GC(146) Pause Young (Normal) (G1 Evacuation Pause)
[52.635s][info][gc,task     ] GC(146) Using 2 workers of 2 for evacuation
[52.640s][info][gc,phases   ] GC(146)   Pre Evacuate Collection Set: 0.28ms
[52.640s][info][gc,phases   ] GC(146)   Merge Heap Roots: 0.11ms
[52.640s][info][gc,phases   ] GC(146)   Evacuate Collection Set: 4.10ms
[52.640s][info][gc,phases   ] GC(146)   Post Evacuate Collection Set: 0.53ms
[52.640s][info][gc,phases   ] GC(146)   Other: 0.11ms
[52.641s][info][gc,heap     ] GC(146) Eden regions: 204->0(200)
[52.641s][info][gc,heap     ] GC(146) Survivor regions: 1->3(26)
[52.641s][info][gc,heap     ] GC(146) Old regions: 56->56
[52.641s][info][gc,heap     ] GC(146) Humongous regions: 207->207
[52.641s][info][gc,metaspace] GC(146) Metaspace: 55504K(55808K)->55504K(55808K) NonClass: 47244K(47488K)->47244K(47488K) Class: 8259K(8320K)->8259K(8320K)
[52.641s][info][gc          ] GC(146) Pause Young (Normal) (G1 Evacuation Pause) 467M->264M(495M) 5.376ms
[52.641s][info][gc,cpu      ] GC(146) User=0.01s Sys=0.00s Real=0.00s
[53.103s][info][gc,start    ] GC(147) Pause Young (Concurrent Start) (G1 Evacuation Pause)
[53.103s][info][gc,task     ] GC(147) Using 2 workers of 2 for evacuation
[53.107s][info][gc,phases   ] GC(147)   Pre Evacuate Collection Set: 0.31ms
[53.107s][info][gc,phases   ] GC(147)   Merge Heap Roots: 0.15ms
[53.107s][info][gc,phases   ] GC(147)   Evacuate Collection Set: 2.59ms
[53.107s][info][gc,phases   ] GC(147)   Post Evacuate Collection Set: 0.63ms
[53.107s][info][gc,phases   ] GC(147)   Other: 0.14ms
[53.107s][info][gc,heap     ] GC(147) Eden regions: 200->0(204)
[53.107s][info][gc,heap     ] GC(147) Survivor regions: 3->1(26)
[53.107s][info][gc,heap     ] GC(147) Old regions: 56->56
[53.107s][info][gc,heap     ] GC(147) Humongous regions: 207->207
[53.107s][info][gc,metaspace] GC(147) Metaspace: 55504K(55808K)->55504K(55808K) NonClass: 47244K(47488K)->47244K(47488K) Class: 8259K(8320K)->8259K(8320K)
[53.107s][info][gc          ] GC(147) Pause Young (Concurrent Start) (G1 Evacuation Pause) 464M->262M(495M) 4.041ms
[53.107s][info][gc          ] GC(148) Concurrent Mark Cycle
[53.107s][info][gc,marking  ] GC(148) Concurrent Scan Root Regions
[53.107s][info][gc,cpu      ] GC(147) User=0.00s Sys=0.00s Real=0.01s
[53.111s][info][gc,marking  ] GC(148) Concurrent Scan Root Regions 4.378ms
[53.111s][info][gc,marking  ] GC(148) Concurrent Mark
[53.111s][info][gc,marking  ] GC(148) Concurrent Mark From Roots
[53.111s][info][gc,task     ] GC(148) Using 1 workers of 1 for marking
[53.197s][info][gc,marking  ] GC(148) Concurrent Mark From Roots 85.096ms
[53.197s][info][gc,marking  ] GC(148) Concurrent Preclean
[53.197s][info][gc,marking  ] GC(148) Concurrent Preclean 0.062ms
[53.197s][info][gc,start    ] GC(148) Pause Remark
[53.205s][info][gc          ] GC(148) Pause Remark 308M->308M(495M) 8.044ms
[53.205s][info][gc,cpu      ] GC(148) User=0.01s Sys=0.00s Real=0.01s
[53.206s][info][gc,marking  ] GC(148) Concurrent Mark 94.330ms
[53.206s][info][gc,marking  ] GC(148) Concurrent Rebuild Remembered Sets and Scrub Regions
[53.243s][info][gc,marking  ] GC(148) Concurrent Rebuild Remembered Sets and Scrub Regions 36.830ms
[53.243s][info][gc,start    ] GC(148) Pause Cleanup
[53.243s][info][gc          ] GC(148) Pause Cleanup 333M->333M(495M) 0.070ms
[53.243s][info][gc,cpu      ] GC(148) User=0.00s Sys=0.00s Real=0.00s
[53.244s][info][gc,marking  ] GC(148) Concurrent Clear Claimed Marks
[53.244s][info][gc,marking  ] GC(148) Concurrent Clear Claimed Marks 0.120ms
[53.244s][info][gc,marking  ] GC(148) Concurrent Cleanup for Next Mark
[53.248s][info][gc,marking  ] GC(148) Concurrent Cleanup for Next Mark 3.874ms
[53.248s][info][gc          ] GC(148) Concurrent Mark Cycle 140.578ms
[53.534s][info][gc,start    ] GC(149) Pause Young (Normal) (G1 Evacuation Pause)
[53.534s][info][gc,task     ] GC(149) Using 2 workers of 2 for evacuation
[53.539s][info][gc,phases   ] GC(149)   Pre Evacuate Collection Set: 0.29ms
[53.539s][info][gc,phases   ] GC(149)   Merge Heap Roots: 0.11ms
[53.539s][info][gc,phases   ] GC(149)   Evacuate Collection Set: 4.10ms
[53.539s][info][gc,phases   ] GC(149)   Post Evacuate Collection Set: 0.51ms
[53.539s][info][gc,phases   ] GC(149)   Other: 0.08ms
[53.539s][info][gc,heap     ] GC(149) Eden regions: 204->0(200)
[53.539s][info][gc,heap     ] GC(149) Survivor regions: 1->3(26)
[53.539s][info][gc,heap     ] GC(149) Old regions: 56->56
[53.539s][info][gc,heap     ] GC(149) Humongous regions: 207->207
[53.539s][info][gc,metaspace] GC(149) Metaspace: 55504K(55808K)->55504K(55808K) NonClass: 47244K(47488K)->47244K(47488K) Class: 8259K(8320K)->8259K(8320K)
[53.539s][info][gc          ] GC(149) Pause Young (Normal) (G1 Evacuation Pause) 466M->264M(495M) 5.311ms
[53.540s][info][gc,cpu      ] GC(149) User=0.01s Sys=0.00s Real=0.00s
[54.010s][info][gc,start    ] GC(150) Pause Young (Concurrent Start) (G1 Evacuation Pause)
[54.010s][info][gc,task     ] GC(150) Using 2 workers of 2 for evacuation
[54.015s][info][gc,phases   ] GC(150)   Pre Evacuate Collection Set: 0.31ms
[54.015s][info][gc,phases   ] GC(150)   Merge Heap Roots: 0.12ms
[54.015s][info][gc,phases   ] GC(150)   Evacuate Collection Set: 4.46ms
[54.015s][info][gc,phases   ] GC(150)   Post Evacuate Collection Set: 0.57ms
[54.015s][info][gc,phases   ] GC(150)   Other: 0.11ms
[54.015s][info][gc,heap     ] GC(150) Eden regions: 200->0(200)
[54.015s][info][gc,heap     ] GC(150) Survivor regions: 3->3(26)
[54.015s][info][gc,heap     ] GC(150) Old regions: 56->56
[54.015s][info][gc,heap     ] GC(150) Humongous regions: 207->207
[54.015s][info][gc,metaspace] GC(150) Metaspace: 55504K(55808K)->55504K(55808K) NonClass: 47244K(47488K)->47244K(47488K) Class: 8259K(8320K)->8259K(8320K)
[54.015s][info][gc          ] GC(150) Pause Young (Concurrent Start) (G1 Evacuation Pause) 464M->264M(495M) 5.777ms
[54.015s][info][gc          ] GC(151) Concurrent Mark Cycle
[54.015s][info][gc,marking  ] GC(151) Concurrent Scan Root Regions
[54.017s][info][gc,cpu      ] GC(150) User=0.01s Sys=0.00s Real=0.01s
[54.024s][info][gc,marking  ] GC(151) Concurrent Scan Root Regions 8.320ms
[54.024s][info][gc,marking  ] GC(151) Concurrent Mark
[54.024s][info][gc,marking  ] GC(151) Concurrent Mark From Roots
[54.024s][info][gc,task     ] GC(151) Using 1 workers of 1 for marking
[54.123s][info][gc,marking  ] GC(151) Concurrent Mark From Roots 99.492ms
[54.123s][info][gc,marking  ] GC(151) Concurrent Preclean
[54.123s][info][gc,marking  ] GC(151) Concurrent Preclean 0.076ms
[54.124s][info][gc,start    ] GC(151) Pause Remark
[54.132s][info][gc          ] GC(151) Pause Remark 322M->322M(495M) 8.431ms
[54.132s][info][gc,cpu      ] GC(151) User=0.01s Sys=0.00s Real=0.00s
[54.133s][info][gc,marking  ] GC(151) Concurrent Mark 109.202ms
[54.133s][info][gc,marking  ] GC(151) Concurrent Rebuild Remembered Sets and Scrub Regions
[54.176s][info][gc,marking  ] GC(151) Concurrent Rebuild Remembered Sets and Scrub Regions 43.315ms
[54.176s][info][gc,start    ] GC(151) Pause Cleanup
[54.177s][info][gc          ] GC(151) Pause Cleanup 347M->347M(495M) 0.114ms
[54.177s][info][gc,cpu      ] GC(151) User=0.00s Sys=0.00s Real=0.00s
[54.177s][info][gc,marking  ] GC(151) Concurrent Clear Claimed Marks
[54.177s][info][gc,marking  ] GC(151) Concurrent Clear Claimed Marks 0.101ms
[54.177s][info][gc,marking  ] GC(151) Concurrent Cleanup for Next Mark
[54.181s][info][gc,marking  ] GC(151) Concurrent Cleanup for Next Mark 4.215ms
[54.181s][info][gc          ] GC(151) Concurrent Mark Cycle 165.611ms
[54.427s][info][gc,start    ] GC(152) Pause Young (Normal) (G1 Evacuation Pause)
[54.427s][info][gc,task     ] GC(152) Using 2 workers of 2 for evacuation
[54.432s][info][gc,phases   ] GC(152)   Pre Evacuate Collection Set: 0.25ms
[54.432s][info][gc,phases   ] GC(152)   Merge Heap Roots: 0.11ms
[54.432s][info][gc,phases   ] GC(152)   Evacuate Collection Set: 4.19ms
[54.432s][info][gc,phases   ] GC(152)   Post Evacuate Collection Set: 0.57ms
[54.432s][info][gc,phases   ] GC(152)   Other: 0.10ms
[54.432s][info][gc,heap     ] GC(152) Eden regions: 200->0(202)
[54.432s][info][gc,heap     ] GC(152) Survivor regions: 3->2(26)
[54.432s][info][gc,heap     ] GC(152) Old regions: 56->56
[54.432s][info][gc,heap     ] GC(152) Humongous regions: 207->207
[54.432s][info][gc,metaspace] GC(152) Metaspace: 55508K(55808K)->55508K(55808K) NonClass: 47248K(47488K)->47248K(47488K) Class: 8259K(8320K)->8259K(8320K)
[54.432s][info][gc          ] GC(152) Pause Young (Normal) (G1 Evacuation Pause) 464M->264M(495M) 5.444ms
[54.432s][info][gc,cpu      ] GC(152) User=0.01s Sys=0.00s Real=0.00s
[54.937s][info][gc,start    ] GC(153) Pause Young (Concurrent Start) (G1 Evacuation Pause)
[54.937s][info][gc,task     ] GC(153) Using 2 workers of 2 for evacuation
[54.946s][info][gc,phases   ] GC(153)   Pre Evacuate Collection Set: 0.36ms
[54.946s][info][gc,phases   ] GC(153)   Merge Heap Roots: 0.15ms
[54.946s][info][gc,phases   ] GC(153)   Evacuate Collection Set: 7.41ms
[54.946s][info][gc,phases   ] GC(153)   Post Evacuate Collection Set: 0.69ms
[54.946s][info][gc,phases   ] GC(153)   Other: 0.15ms
[54.946s][info][gc,heap     ] GC(153) Eden regions: 202->0(200)
[54.946s][info][gc,heap     ] GC(153) Survivor regions: 2->3(26)
[54.946s][info][gc,heap     ] GC(153) Old regions: 56->56
[54.946s][info][gc,heap     ] GC(153) Humongous regions: 207->207
[54.946s][info][gc,metaspace] GC(153) Metaspace: 55508K(55808K)->55508K(55808K) NonClass: 47248K(47488K)->47248K(47488K) Class: 8259K(8320K)->8259K(8320K)
[54.946s][info][gc          ] GC(153) Pause Young (Concurrent Start) (G1 Evacuation Pause) 466M->264M(495M) 8.986ms
[54.946s][info][gc          ] GC(154) Concurrent Mark Cycle
[54.946s][info][gc,marking  ] GC(154) Concurrent Scan Root Regions
[54.946s][info][gc,cpu      ] GC(153) User=0.01s Sys=0.00s Real=0.01s
[54.962s][info][gc,marking  ] GC(154) Concurrent Scan Root Regions 15.903ms
[54.962s][info][gc,marking  ] GC(154) Concurrent Mark
[54.962s][info][gc,marking  ] GC(154) Concurrent Mark From Roots
[54.962s][info][gc,task     ] GC(154) Using 1 workers of 1 for marking
[55.039s][info][gc,marking  ] GC(154) Concurrent Mark From Roots 77.256ms
[55.039s][info][gc,marking  ] GC(154) Concurrent Preclean
[55.040s][info][gc,marking  ] GC(154) Concurrent Preclean 0.081ms
[55.040s][info][gc,start    ] GC(154) Pause Remark
[55.048s][info][gc          ] GC(154) Pause Remark 313M->313M(495M) 8.620ms
[55.048s][info][gc,cpu      ] GC(154) User=0.01s Sys=0.00s Real=0.01s
[55.048s][info][gc,marking  ] GC(154) Concurrent Mark 86.326ms
[55.048s][info][gc,marking  ] GC(154) Concurrent Rebuild Remembered Sets and Scrub Regions
[55.070s][info][gc,marking  ] GC(154) Concurrent Rebuild Remembered Sets and Scrub Regions 21.722ms
[55.070s][info][gc,start    ] GC(154) Pause Cleanup
[55.070s][info][gc          ] GC(154) Pause Cleanup 322M->322M(495M) 0.087ms
[55.070s][info][gc,cpu      ] GC(154) User=0.00s Sys=0.00s Real=0.00s
[55.071s][info][gc,marking  ] GC(154) Concurrent Clear Claimed Marks
[55.071s][info][gc,marking  ] GC(154) Concurrent Clear Claimed Marks 0.097ms
[55.071s][info][gc,marking  ] GC(154) Concurrent Cleanup for Next Mark
[55.074s][info][gc,marking  ] GC(154) Concurrent Cleanup for Next Mark 2.981ms
[55.074s][info][gc          ] GC(154) Concurrent Mark Cycle 127.495ms
[55.324s][info][gc,start    ] GC(155) Pause Young (Normal) (G1 Evacuation Pause)
[55.324s][info][gc,task     ] GC(155) Using 2 workers of 2 for evacuation
[55.329s][info][gc,phases   ] GC(155)   Pre Evacuate Collection Set: 0.27ms
[55.329s][info][gc,phases   ] GC(155)   Merge Heap Roots: 0.12ms
[55.329s][info][gc,phases   ] GC(155)   Evacuate Collection Set: 4.21ms
[55.329s][info][gc,phases   ] GC(155)   Post Evacuate Collection Set: 0.56ms
[55.329s][info][gc,phases   ] GC(155)   Other: 0.08ms
[55.329s][info][gc,heap     ] GC(155) Eden regions: 200->0(202)
[55.329s][info][gc,heap     ] GC(155) Survivor regions: 3->2(26)
[55.329s][info][gc,heap     ] GC(155) Old regions: 56->56
[55.329s][info][gc,heap     ] GC(155) Humongous regions: 207->207
[55.329s][info][gc,metaspace] GC(155) Metaspace: 55508K(55808K)->55508K(55808K) NonClass: 47248K(47488K)->47248K(47488K) Class: 8259K(8320K)->8259K(8320K)
[55.329s][info][gc          ] GC(155) Pause Young (Normal) (G1 Evacuation Pause) 464M->264M(495M) 5.464ms
[55.329s][info][gc,cpu      ] GC(155) User=0.01s Sys=0.00s Real=0.00s
[55.747s][info][gc,start    ] GC(156) Pause Young (Concurrent Start) (G1 Evacuation Pause)
[55.747s][info][gc,task     ] GC(156) Using 2 workers of 2 for evacuation
[55.753s][info][gc,phases   ] GC(156)   Pre Evacuate Collection Set: 0.32ms
[55.753s][info][gc,phases   ] GC(156)   Merge Heap Roots: 0.10ms
[55.753s][info][gc,phases   ] GC(156)   Evacuate Collection Set: 5.03ms
[55.753s][info][gc,phases   ] GC(156)   Post Evacuate Collection Set: 0.56ms
[55.753s][info][gc,phases   ] GC(156)   Other: 0.12ms
[55.753s][info][gc,heap     ] GC(156) Eden regions: 202->0(200)
[55.753s][info][gc,heap     ] GC(156) Survivor regions: 2->3(26)
[55.753s][info][gc,heap     ] GC(156) Old regions: 56->56
[55.753s][info][gc,heap     ] GC(156) Humongous regions: 207->207
[55.753s][info][gc,metaspace] GC(156) Metaspace: 55508K(55808K)->55508K(55808K) NonClass: 47248K(47488K)->47248K(47488K) Class: 8259K(8320K)->8259K(8320K)
[55.753s][info][gc          ] GC(156) Pause Young (Concurrent Start) (G1 Evacuation Pause) 466M->265M(495M) 6.348ms
[55.753s][info][gc          ] GC(157) Concurrent Mark Cycle
[55.753s][info][gc,marking  ] GC(157) Concurrent Scan Root Regions
[55.754s][info][gc,cpu      ] GC(156) User=0.01s Sys=0.00s Real=0.01s
[55.757s][info][gc,marking  ] GC(157) Concurrent Scan Root Regions 3.454ms
[55.757s][info][gc,marking  ] GC(157) Concurrent Mark
[55.757s][info][gc,marking  ] GC(157) Concurrent Mark From Roots
[55.757s][info][gc,task     ] GC(157) Using 1 workers of 1 for marking
[55.816s][info][gc,marking  ] GC(157) Concurrent Mark From Roots 59.312ms
[55.816s][info][gc,marking  ] GC(157) Concurrent Preclean
[55.816s][info][gc,marking  ] GC(157) Concurrent Preclean 0.072ms
[55.816s][info][gc,start    ] GC(157) Pause Remark
[55.824s][info][gc          ] GC(157) Pause Remark 283M->283M(495M) 8.117ms
[55.824s][info][gc,cpu      ] GC(157) User=0.02s Sys=0.00s Real=0.01s
[55.826s][info][gc,marking  ] GC(157) Concurrent Mark 69.351ms
[55.826s][info][gc,marking  ] GC(157) Concurrent Rebuild Remembered Sets and Scrub Regions
[55.850s][info][gc,marking  ] GC(157) Concurrent Rebuild Remembered Sets and Scrub Regions 24.048ms
[55.850s][info][gc,start    ] GC(157) Pause Cleanup
[55.850s][info][gc          ] GC(157) Pause Cleanup 296M->296M(495M) 0.074ms
[55.850s][info][gc,cpu      ] GC(157) User=0.00s Sys=0.00s Real=0.00s
[55.851s][info][gc,marking  ] GC(157) Concurrent Clear Claimed Marks
[55.851s][info][gc,marking  ] GC(157) Concurrent Clear Claimed Marks 0.102ms
[55.851s][info][gc,marking  ] GC(157) Concurrent Cleanup for Next Mark
[55.854s][info][gc,marking  ] GC(157) Concurrent Cleanup for Next Mark 2.555ms
[55.854s][info][gc          ] GC(157) Concurrent Mark Cycle 100.445ms
[56.217s][info][gc,start    ] GC(158) Pause Young (Normal) (G1 Evacuation Pause)
[56.217s][info][gc,task     ] GC(158) Using 2 workers of 2 for evacuation
[56.224s][info][gc,phases   ] GC(158)   Pre Evacuate Collection Set: 0.40ms
[56.224s][info][gc,phases   ] GC(158)   Merge Heap Roots: 0.17ms
[56.224s][info][gc,phases   ] GC(158)   Evacuate Collection Set: 5.74ms
[56.224s][info][gc,phases   ] GC(158)   Post Evacuate Collection Set: 0.55ms
[56.224s][info][gc,phases   ] GC(158)   Other: 0.10ms
[56.224s][info][gc,heap     ] GC(158) Eden regions: 200->0(200)
[56.224s][info][gc,heap     ] GC(158) Survivor regions: 3->3(26)
[56.224s][info][gc,heap     ] GC(158) Old regions: 56->56
[56.224s][info][gc,heap     ] GC(158) Humongous regions: 207->207
[56.224s][info][gc,metaspace] GC(158) Metaspace: 55508K(55808K)->55508K(55808K) NonClass: 47248K(47488K)->47248K(47488K) Class: 8259K(8320K)->8259K(8320K)
[56.224s][info][gc          ] GC(158) Pause Young (Normal) (G1 Evacuation Pause) 465M->264M(495M) 7.160ms
[56.224s][info][gc,cpu      ] GC(158) User=0.01s Sys=0.00s Real=0.01s
[56.641s][info][gc,start    ] GC(159) Pause Young (Concurrent Start) (G1 Evacuation Pause)
[56.641s][info][gc,task     ] GC(159) Using 2 workers of 2 for evacuation
[56.647s][info][gc,phases   ] GC(159)   Pre Evacuate Collection Set: 0.31ms
[56.647s][info][gc,phases   ] GC(159)   Merge Heap Roots: 0.10ms
[56.647s][info][gc,phases   ] GC(159)   Evacuate Collection Set: 4.67ms
[56.647s][info][gc,phases   ] GC(159)   Post Evacuate Collection Set: 0.58ms
[56.647s][info][gc,phases   ] GC(159)   Other: 0.12ms
[56.647s][info][gc,heap     ] GC(159) Eden regions: 200->0(202)
[56.647s][info][gc,heap     ] GC(159) Survivor regions: 3->2(26)
[56.647s][info][gc,heap     ] GC(159) Old regions: 56->56
[56.647s][info][gc,heap     ] GC(159) Humongous regions: 207->207
[56.647s][info][gc,metaspace] GC(159) Metaspace: 55508K(55808K)->55508K(55808K) NonClass: 47248K(47488K)->47248K(47488K) Class: 8259K(8320K)->8259K(8320K)
[56.647s][info][gc          ] GC(159) Pause Young (Concurrent Start) (G1 Evacuation Pause) 464M->264M(495M) 6.004ms
[56.647s][info][gc,cpu      ] GC(159) User=0.01s Sys=0.00s Real=0.01s
[56.647s][info][gc          ] GC(160) Concurrent Mark Cycle
[56.647s][info][gc,marking  ] GC(160) Concurrent Scan Root Regions
[56.655s][info][gc,marking  ] GC(160) Concurrent Scan Root Regions 7.557ms
[56.655s][info][gc,marking  ] GC(160) Concurrent Mark
[56.655s][info][gc,marking  ] GC(160) Concurrent Mark From Roots
[56.655s][info][gc,task     ] GC(160) Using 1 workers of 1 for marking
[56.707s][info][gc,marking  ] GC(160) Concurrent Mark From Roots 52.248ms
[56.707s][info][gc,marking  ] GC(160) Concurrent Preclean
[56.707s][info][gc,marking  ] GC(160) Concurrent Preclean 0.075ms
[56.708s][info][gc,start    ] GC(160) Pause Remark
[56.718s][info][gc          ] GC(160) Pause Remark 282M->282M(495M) 9.634ms
[56.718s][info][gc,cpu      ] GC(160) User=0.02s Sys=0.00s Real=0.01s
[56.719s][info][gc,marking  ] GC(160) Concurrent Mark 64.149ms
[56.719s][info][gc,marking  ] GC(160) Concurrent Rebuild Remembered Sets and Scrub Regions
[56.779s][info][gc,marking  ] GC(160) Concurrent Rebuild Remembered Sets and Scrub Regions 60.660ms
[56.780s][info][gc,start    ] GC(160) Pause Cleanup
[56.780s][info][gc          ] GC(160) Pause Cleanup 315M->315M(495M) 0.090ms
[56.780s][info][gc,cpu      ] GC(160) User=0.00s Sys=0.00s Real=0.00s
[56.780s][info][gc,marking  ] GC(160) Concurrent Clear Claimed Marks
[56.780s][info][gc,marking  ] GC(160) Concurrent Clear Claimed Marks 0.099ms
[56.780s][info][gc,marking  ] GC(160) Concurrent Cleanup for Next Mark
[56.782s][info][gc,marking  ] GC(160) Concurrent Cleanup for Next Mark 1.894ms
[56.782s][info][gc          ] GC(160) Concurrent Mark Cycle 135.093ms
[57.115s][info][gc,start    ] GC(161) Pause Young (Normal) (G1 Evacuation Pause)
[57.115s][info][gc,task     ] GC(161) Using 2 workers of 2 for evacuation
[57.119s][info][gc,phases   ] GC(161)   Pre Evacuate Collection Set: 0.27ms
[57.119s][info][gc,phases   ] GC(161)   Merge Heap Roots: 0.11ms
[57.119s][info][gc,phases   ] GC(161)   Evacuate Collection Set: 3.56ms
[57.119s][info][gc,phases   ] GC(161)   Post Evacuate Collection Set: 0.53ms
[57.120s][info][gc,phases   ] GC(161)   Other: 0.08ms
[57.120s][info][gc,heap     ] GC(161) Eden regions: 202->0(202)
[57.120s][info][gc,heap     ] GC(161) Survivor regions: 2->2(26)
[57.120s][info][gc,heap     ] GC(161) Old regions: 56->56
[57.120s][info][gc,heap     ] GC(161) Humongous regions: 207->207
[57.120s][info][gc,metaspace] GC(161) Metaspace: 55508K(55808K)->55508K(55808K) NonClass: 47248K(47488K)->47248K(47488K) Class: 8259K(8320K)->8259K(8320K)
[57.120s][info][gc          ] GC(161) Pause Young (Normal) (G1 Evacuation Pause) 466M->263M(495M) 4.789ms
[57.120s][info][gc,cpu      ] GC(161) User=0.01s Sys=0.00s Real=0.00s
[57.539s][info][gc,start    ] GC(162) Pause Young (Concurrent Start) (G1 Evacuation Pause)
[57.539s][info][gc,task     ] GC(162) Using 2 workers of 2 for evacuation
[57.546s][info][gc,phases   ] GC(162)   Pre Evacuate Collection Set: 0.33ms
[57.546s][info][gc,phases   ] GC(162)   Merge Heap Roots: 0.10ms
[57.546s][info][gc,phases   ] GC(162)   Evacuate Collection Set: 5.38ms
[57.546s][info][gc,phases   ] GC(162)   Post Evacuate Collection Set: 0.56ms
[57.546s][info][gc,phases   ] GC(162)   Other: 0.15ms
[57.546s][info][gc,heap     ] GC(162) Eden regions: 202->0(198)
[57.546s][info][gc,heap     ] GC(162) Survivor regions: 2->4(26)
[57.546s][info][gc,heap     ] GC(162) Old regions: 56->56
[57.546s][info][gc,heap     ] GC(162) Humongous regions: 207->207
[57.546s][info][gc,metaspace] GC(162) Metaspace: 55508K(55808K)->55508K(55808K) NonClass: 47248K(47488K)->47248K(47488K) Class: 8259K(8320K)->8259K(8320K)
[57.546s][info][gc          ] GC(162) Pause Young (Concurrent Start) (G1 Evacuation Pause) 465M->265M(495M) 6.749ms
[57.546s][info][gc          ] GC(163) Concurrent Mark Cycle
[57.546s][info][gc,marking  ] GC(163) Concurrent Scan Root Regions
[57.546s][info][gc,cpu      ] GC(162) User=0.01s Sys=0.00s Real=0.01s
[57.550s][info][gc,marking  ] GC(163) Concurrent Scan Root Regions 3.898ms
[57.550s][info][gc,marking  ] GC(163) Concurrent Mark
[57.550s][info][gc,marking  ] GC(163) Concurrent Mark From Roots
[57.550s][info][gc,task     ] GC(163) Using 1 workers of 1 for marking
[57.635s][info][gc,marking  ] GC(163) Concurrent Mark From Roots 85.198ms
[57.635s][info][gc,marking  ] GC(163) Concurrent Preclean
[57.635s][info][gc,marking  ] GC(163) Concurrent Preclean 0.076ms
[57.636s][info][gc,start    ] GC(163) Pause Remark
[57.644s][info][gc          ] GC(163) Pause Remark 301M->301M(495M) 8.034ms
[57.644s][info][gc,cpu      ] GC(163) User=0.01s Sys=0.00s Real=0.01s
[57.644s][info][gc,marking  ] GC(163) Concurrent Mark 94.167ms
[57.644s][info][gc,marking  ] GC(163) Concurrent Rebuild Remembered Sets and Scrub Regions
[57.684s][info][gc,marking  ] GC(163) Concurrent Rebuild Remembered Sets and Scrub Regions 39.974ms
[57.684s][info][gc,start    ] GC(163) Pause Cleanup
[57.684s][info][gc          ] GC(163) Pause Cleanup 323M->323M(495M) 0.080ms
[57.684s][info][gc,cpu      ] GC(163) User=0.00s Sys=0.00s Real=0.00s
[57.685s][info][gc,marking  ] GC(163) Concurrent Clear Claimed Marks
[57.685s][info][gc,marking  ] GC(163) Concurrent Clear Claimed Marks 0.105ms
[57.685s][info][gc,marking  ] GC(163) Concurrent Cleanup for Next Mark
[57.690s][info][gc,marking  ] GC(163) Concurrent Cleanup for Next Mark 4.797ms
[57.690s][info][gc          ] GC(163) Concurrent Mark Cycle 143.860ms
[58.007s][info][gc,start    ] GC(164) Pause Young (Normal) (G1 Evacuation Pause)
[58.007s][info][gc,task     ] GC(164) Using 2 workers of 2 for evacuation
[58.011s][info][gc,phases   ] GC(164)   Pre Evacuate Collection Set: 0.29ms
[58.011s][info][gc,phases   ] GC(164)   Merge Heap Roots: 0.13ms
[58.011s][info][gc,phases   ] GC(164)   Evacuate Collection Set: 2.71ms
[58.011s][info][gc,phases   ] GC(164)   Post Evacuate Collection Set: 0.54ms
[58.011s][info][gc,phases   ] GC(164)   Other: 0.11ms
[58.011s][info][gc,heap     ] GC(164) Eden regions: 198->0(204)
[58.011s][info][gc,heap     ] GC(164) Survivor regions: 4->1(26)
[58.011s][info][gc,heap     ] GC(164) Old regions: 56->56
[58.011s][info][gc,heap     ] GC(164) Humongous regions: 207->207
[58.011s][info][gc,metaspace] GC(164) Metaspace: 55508K(55808K)->55508K(55808K) NonClass: 47248K(47488K)->47248K(47488K) Class: 8259K(8320K)->8259K(8320K)
[58.011s][info][gc          ] GC(164) Pause Young (Normal) (G1 Evacuation Pause) 463M->263M(495M) 3.995ms
[58.011s][info][gc,cpu      ] GC(164) User=0.00s Sys=0.00s Real=0.00s
[58.501s][info][gc,start    ] GC(165) Pause Young (Concurrent Start) (G1 Evacuation Pause)
[58.501s][info][gc,task     ] GC(165) Using 2 workers of 2 for evacuation
[58.507s][info][gc,phases   ] GC(165)   Pre Evacuate Collection Set: 0.34ms
[58.507s][info][gc,phases   ] GC(165)   Merge Heap Roots: 0.13ms
[58.507s][info][gc,phases   ] GC(165)   Evacuate Collection Set: 4.86ms
[58.507s][info][gc,phases   ] GC(165)   Post Evacuate Collection Set: 0.57ms
[58.507s][info][gc,phases   ] GC(165)   Other: 0.13ms
[58.507s][info][gc,heap     ] GC(165) Eden regions: 204->0(202)
[58.507s][info][gc,heap     ] GC(165) Survivor regions: 1->2(26)
[58.507s][info][gc,heap     ] GC(165) Old regions: 56->56
[58.507s][info][gc,heap     ] GC(165) Humongous regions: 207->207
[58.507s][info][gc,metaspace] GC(165) Metaspace: 55508K(55808K)->55508K(55808K) NonClass: 47248K(47488K)->47248K(47488K) Class: 8259K(8320K)->8259K(8320K)
[58.507s][info][gc          ] GC(165) Pause Young (Concurrent Start) (G1 Evacuation Pause) 467M->264M(495M) 6.261ms
[58.507s][info][gc,cpu      ] GC(165) User=0.01s Sys=0.00s Real=0.01s
[58.507s][info][gc          ] GC(166) Concurrent Mark Cycle
[58.507s][info][gc,marking  ] GC(166) Concurrent Scan Root Regions
[58.512s][info][gc,marking  ] GC(166) Concurrent Scan Root Regions 4.375ms
[58.512s][info][gc,marking  ] GC(166) Concurrent Mark
[58.512s][info][gc,marking  ] GC(166) Concurrent Mark From Roots
[58.512s][info][gc,task     ] GC(166) Using 1 workers of 1 for marking
[58.577s][info][gc,marking  ] GC(166) Concurrent Mark From Roots 65.050ms
[58.577s][info][gc,marking  ] GC(166) Concurrent Preclean
[58.577s][info][gc,marking  ] GC(166) Concurrent Preclean 0.071ms
[58.577s][info][gc,start    ] GC(166) Pause Remark
[58.585s][info][gc          ] GC(166) Pause Remark 300M->300M(495M) 8.246ms
[58.585s][info][gc,cpu      ] GC(166) User=0.01s Sys=0.00s Real=0.01s
[58.586s][info][gc,marking  ] GC(166) Concurrent Mark 74.248ms
[58.586s][info][gc,marking  ] GC(166) Concurrent Rebuild Remembered Sets and Scrub Regions
[58.610s][info][gc,marking  ] GC(166) Concurrent Rebuild Remembered Sets and Scrub Regions 23.766ms
[58.610s][info][gc,start    ] GC(166) Pause Cleanup
[58.610s][info][gc          ] GC(166) Pause Cleanup 312M->312M(495M) 0.073ms
[58.610s][info][gc,cpu      ] GC(166) User=0.00s Sys=0.00s Real=0.00s
[58.610s][info][gc,marking  ] GC(166) Concurrent Clear Claimed Marks
[58.611s][info][gc,marking  ] GC(166) Concurrent Clear Claimed Marks 0.132ms
[58.611s][info][gc,marking  ] GC(166) Concurrent Cleanup for Next Mark
[58.613s][info][gc,marking  ] GC(166) Concurrent Cleanup for Next Mark 2.916ms
[58.614s][info][gc          ] GC(166) Concurrent Mark Cycle 106.194ms
[58.908s][info][gc,start    ] GC(167) Pause Young (Normal) (G1 Evacuation Pause)
[58.908s][info][gc,task     ] GC(167) Using 2 workers of 2 for evacuation
[58.912s][info][gc,phases   ] GC(167)   Pre Evacuate Collection Set: 0.27ms
[58.912s][info][gc,phases   ] GC(167)   Merge Heap Roots: 0.12ms
[58.912s][info][gc,phases   ] GC(167)   Evacuate Collection Set: 2.90ms
[58.912s][info][gc,phases   ] GC(167)   Post Evacuate Collection Set: 0.57ms
[58.912s][info][gc,phases   ] GC(167)   Other: 0.10ms
[58.912s][info][gc,heap     ] GC(167) Eden regions: 202->0(202)
[58.912s][info][gc,heap     ] GC(167) Survivor regions: 2->2(26)
[58.912s][info][gc,heap     ] GC(167) Old regions: 56->56
[58.912s][info][gc,heap     ] GC(167) Humongous regions: 207->207
[58.912s][info][gc,metaspace] GC(167) Metaspace: 55508K(55808K)->55508K(55808K) NonClass: 47248K(47488K)->47248K(47488K) Class: 8259K(8320K)->8259K(8320K)
[58.912s][info][gc          ] GC(167) Pause Young (Normal) (G1 Evacuation Pause) 466M->264M(495M) 4.172ms
[58.912s][info][gc,cpu      ] GC(167) User=0.01s Sys=0.00s Real=0.00s
[59.378s][info][gc,start    ] GC(168) Pause Young (Concurrent Start) (G1 Evacuation Pause)
[59.378s][info][gc,task     ] GC(168) Using 2 workers of 2 for evacuation
[59.386s][info][gc,phases   ] GC(168)   Pre Evacuate Collection Set: 0.31ms
[59.386s][info][gc,phases   ] GC(168)   Merge Heap Roots: 0.10ms
[59.386s][info][gc,phases   ] GC(168)   Evacuate Collection Set: 7.02ms
[59.386s][info][gc,phases   ] GC(168)   Post Evacuate Collection Set: 0.55ms
[59.386s][info][gc,phases   ] GC(168)   Other: 0.15ms
[59.386s][info][gc,heap     ] GC(168) Eden regions: 202->0(198)
[59.386s][info][gc,heap     ] GC(168) Survivor regions: 2->4(26)
[59.386s][info][gc,heap     ] GC(168) Old regions: 56->56
[59.386s][info][gc,heap     ] GC(168) Humongous regions: 207->207
[59.386s][info][gc,metaspace] GC(168) Metaspace: 55508K(55808K)->55508K(55808K) NonClass: 47248K(47488K)->47248K(47488K) Class: 8259K(8320K)->8259K(8320K)
[59.386s][info][gc          ] GC(168) Pause Young (Concurrent Start) (G1 Evacuation Pause) 466M->266M(495M) 8.346ms
[59.386s][info][gc          ] GC(169) Concurrent Mark Cycle
[59.387s][info][gc,marking  ] GC(169) Concurrent Scan Root Regions
[59.388s][info][gc,cpu      ] GC(168) User=0.02s Sys=0.00s Real=0.01s
[59.395s][info][gc,marking  ] GC(169) Concurrent Scan Root Regions 8.102ms
[59.395s][info][gc,marking  ] GC(169) Concurrent Mark
[59.395s][info][gc,marking  ] GC(169) Concurrent Mark From Roots
[59.395s][info][gc,task     ] GC(169) Using 1 workers of 1 for marking
[59.475s][info][gc,marking  ] GC(169) Concurrent Mark From Roots 80.025ms
[59.475s][info][gc,marking  ] GC(169) Concurrent Preclean
[59.475s][info][gc,marking  ] GC(169) Concurrent Preclean 0.068ms
[59.475s][info][gc,start    ] GC(169) Pause Remark
[59.483s][info][gc          ] GC(169) Pause Remark 292M->292M(495M) 8.209ms
[59.483s][info][gc,cpu      ] GC(169) User=0.01s Sys=0.00s Real=0.00s
[59.483s][info][gc,marking  ] GC(169) Concurrent Mark 88.636ms
[59.483s][info][gc,marking  ] GC(169) Concurrent Rebuild Remembered Sets and Scrub Regions
[59.508s][info][gc,marking  ] GC(169) Concurrent Rebuild Remembered Sets and Scrub Regions 24.754ms
[59.508s][info][gc,start    ] GC(169) Pause Cleanup
[59.508s][info][gc          ] GC(169) Pause Cleanup 304M->304M(495M) 0.073ms
[59.508s][info][gc,cpu      ] GC(169) User=0.00s Sys=0.00s Real=0.00s
[59.509s][info][gc,marking  ] GC(169) Concurrent Clear Claimed Marks
[59.509s][info][gc,marking  ] GC(169) Concurrent Clear Claimed Marks 0.112ms
[59.509s][info][gc,marking  ] GC(169) Concurrent Cleanup for Next Mark
[59.511s][info][gc,marking  ] GC(169) Concurrent Cleanup for Next Mark 1.546ms
[59.511s][info][gc          ] GC(169) Concurrent Mark Cycle 124.332ms
[59.805s][info][gc,start    ] GC(170) Pause Young (Normal) (G1 Evacuation Pause)
[59.805s][info][gc,task     ] GC(170) Using 2 workers of 2 for evacuation
[59.808s][info][gc,phases   ] GC(170)   Pre Evacuate Collection Set: 0.29ms
[59.808s][info][gc,phases   ] GC(170)   Merge Heap Roots: 0.12ms
[59.808s][info][gc,phases   ] GC(170)   Evacuate Collection Set: 2.16ms
[59.808s][info][gc,phases   ] GC(170)   Post Evacuate Collection Set: 0.54ms
[59.808s][info][gc,phases   ] GC(170)   Other: 0.09ms
[59.808s][info][gc,heap     ] GC(170) Eden regions: 198->0(204)
[59.808s][info][gc,heap     ] GC(170) Survivor regions: 4->1(26)
[59.808s][info][gc,heap     ] GC(170) Old regions: 56->56
[59.808s][info][gc,heap     ] GC(170) Humongous regions: 207->207
[59.808s][info][gc,metaspace] GC(170) Metaspace: 55508K(55808K)->55508K(55808K) NonClass: 47248K(47488K)->47248K(47488K) Class: 8259K(8320K)->8259K(8320K)
[59.808s][info][gc          ] GC(170) Pause Young (Normal) (G1 Evacuation Pause) 464M->263M(495M) 3.423ms
[59.808s][info][gc,cpu      ] GC(170) User=0.01s Sys=0.00s Real=0.00s
[60.232s][info][gc,start    ] GC(171) Pause Young (Concurrent Start) (G1 Evacuation Pause)
[60.232s][info][gc,task     ] GC(171) Using 2 workers of 2 for evacuation
[60.238s][info][gc,phases   ] GC(171)   Pre Evacuate Collection Set: 0.30ms
[60.238s][info][gc,phases   ] GC(171)   Merge Heap Roots: 0.10ms
[60.238s][info][gc,phases   ] GC(171)   Evacuate Collection Set: 5.05ms
[60.238s][info][gc,phases   ] GC(171)   Post Evacuate Collection Set: 0.56ms
[60.238s][info][gc,phases   ] GC(171)   Other: 0.11ms
[60.238s][info][gc,heap     ] GC(171) Eden regions: 204->0(202)
[60.238s][info][gc,heap     ] GC(171) Survivor regions: 1->2(26)
[60.238s][info][gc,heap     ] GC(171) Old regions: 56->56
[60.238s][info][gc,heap     ] GC(171) Humongous regions: 207->207
[60.238s][info][gc,metaspace] GC(171) Metaspace: 55508K(55808K)->55508K(55808K) NonClass: 47248K(47488K)->47248K(47488K) Class: 8259K(8320K)->8259K(8320K)
[60.238s][info][gc          ] GC(171) Pause Young (Concurrent Start) (G1 Evacuation Pause) 466M->264M(495M) 6.318ms
[60.238s][info][gc,cpu      ] GC(171) User=0.01s Sys=0.00s Real=0.01s
[60.238s][info][gc          ] GC(172) Concurrent Mark Cycle
[60.238s][info][gc,marking  ] GC(172) Concurrent Scan Root Regions
[60.241s][info][gc,marking  ] GC(172) Concurrent Scan Root Regions 3.315ms
[60.241s][info][gc,marking  ] GC(172) Concurrent Mark
[60.241s][info][gc,marking  ] GC(172) Concurrent Mark From Roots
[60.241s][info][gc,task     ] GC(172) Using 1 workers of 1 for marking
[60.318s][info][gc,marking  ] GC(172) Concurrent Mark From Roots 76.377ms
[60.318s][info][gc,marking  ] GC(172) Concurrent Preclean
[60.318s][info][gc,marking  ] GC(172) Concurrent Preclean 0.137ms
[60.319s][info][gc,start    ] GC(172) Pause Remark
[60.345s][info][gc          ] GC(172) Pause Remark 274M->274M(495M) 26.000ms
[60.345s][info][gc,cpu      ] GC(172) User=0.02s Sys=0.00s Real=0.03s
[60.345s][info][gc,marking  ] GC(172) Concurrent Mark 103.689ms
[60.345s][info][gc,marking  ] GC(172) Concurrent Rebuild Remembered Sets and Scrub Regions
[60.377s][info][gc,marking  ] GC(172) Concurrent Rebuild Remembered Sets and Scrub Regions 32.135ms
[60.377s][info][gc,start    ] GC(172) Pause Cleanup
[60.377s][info][gc          ] GC(172) Pause Cleanup 279M->279M(495M) 0.081ms
[60.377s][info][gc,cpu      ] GC(172) User=0.00s Sys=0.00s Real=0.00s
[60.378s][info][gc,marking  ] GC(172) Concurrent Clear Claimed Marks
[60.378s][info][gc,marking  ] GC(172) Concurrent Clear Claimed Marks 0.108ms
[60.378s][info][gc,marking  ] GC(172) Concurrent Cleanup for Next Mark
[60.381s][info][gc,marking  ] GC(172) Concurrent Cleanup for Next Mark 3.052ms
[60.381s][info][gc          ] GC(172) Concurrent Mark Cycle 143.281ms
[60.694s][info][gc,start    ] GC(173) Pause Young (Normal) (G1 Evacuation Pause)
[60.694s][info][gc,task     ] GC(173) Using 2 workers of 2 for evacuation
[60.700s][info][gc,phases   ] GC(173)   Pre Evacuate Collection Set: 0.34ms
[60.700s][info][gc,phases   ] GC(173)   Merge Heap Roots: 0.13ms
[60.700s][info][gc,phases   ] GC(173)   Evacuate Collection Set: 4.37ms
[60.700s][info][gc,phases   ] GC(173)   Post Evacuate Collection Set: 0.57ms
[60.700s][info][gc,phases   ] GC(173)   Other: 0.10ms
[60.700s][info][gc,heap     ] GC(173) Eden regions: 202->0(204)
[60.700s][info][gc,heap     ] GC(173) Survivor regions: 2->1(26)
[60.700s][info][gc,heap     ] GC(173) Old regions: 56->56
[60.700s][info][gc,heap     ] GC(173) Humongous regions: 207->207
[60.700s][info][gc,metaspace] GC(173) Metaspace: 55508K(55808K)->55508K(55808K) NonClass: 47248K(47488K)->47248K(47488K) Class: 8259K(8320K)->8259K(8320K)
[60.700s][info][gc          ] GC(173) Pause Young (Normal) (G1 Evacuation Pause) 466M->263M(495M) 5.718ms
[60.700s][info][gc,cpu      ] GC(173) User=0.01s Sys=0.00s Real=0.00s
[61.152s][info][gc,start    ] GC(174) Pause Young (Concurrent Start) (G1 Evacuation Pause)
[61.152s][info][gc,task     ] GC(174) Using 2 workers of 2 for evacuation
[61.160s][info][gc,phases   ] GC(174)   Pre Evacuate Collection Set: 0.29ms
[61.161s][info][gc,phases   ] GC(174)   Merge Heap Roots: 0.09ms
[61.161s][info][gc,phases   ] GC(174)   Evacuate Collection Set: 7.55ms
[61.161s][info][gc,phases   ] GC(174)   Post Evacuate Collection Set: 0.55ms
[61.161s][info][gc,phases   ] GC(174)   Other: 0.15ms
[61.161s][info][gc,heap     ] GC(174) Eden regions: 204->0(198)
[61.161s][info][gc,heap     ] GC(174) Survivor regions: 1->4(26)
[61.161s][info][gc,heap     ] GC(174) Old regions: 56->56
[61.161s][info][gc,heap     ] GC(174) Humongous regions: 207->207
[61.161s][info][gc,metaspace] GC(174) Metaspace: 55508K(55808K)->55508K(55808K) NonClass: 47248K(47488K)->47248K(47488K) Class: 8259K(8320K)->8259K(8320K)
[61.161s][info][gc          ] GC(174) Pause Young (Concurrent Start) (G1 Evacuation Pause) 467M->266M(495M) 8.854ms
[61.161s][info][gc          ] GC(175) Concurrent Mark Cycle
[61.161s][info][gc,marking  ] GC(175) Concurrent Scan Root Regions
[61.162s][info][gc,cpu      ] GC(174) User=0.01s Sys=0.00s Real=0.01s
[61.166s][info][gc,marking  ] GC(175) Concurrent Scan Root Regions 5.750ms
[61.166s][info][gc,marking  ] GC(175) Concurrent Mark
[61.166s][info][gc,marking  ] GC(175) Concurrent Mark From Roots
[61.166s][info][gc,task     ] GC(175) Using 1 workers of 1 for marking
[61.233s][info][gc,marking  ] GC(175) Concurrent Mark From Roots 66.319ms
[61.233s][info][gc,marking  ] GC(175) Concurrent Preclean
[61.233s][info][gc,marking  ] GC(175) Concurrent Preclean 0.073ms
[61.233s][info][gc,start    ] GC(175) Pause Remark
[61.241s][info][gc          ] GC(175) Pause Remark 295M->295M(495M) 8.349ms
[61.242s][info][gc,cpu      ] GC(175) User=0.01s Sys=0.00s Real=0.01s
[61.242s][info][gc,marking  ] GC(175) Concurrent Mark 75.320ms
[61.242s][info][gc,marking  ] GC(175) Concurrent Rebuild Remembered Sets and Scrub Regions
[61.266s][info][gc,marking  ] GC(175) Concurrent Rebuild Remembered Sets and Scrub Regions 23.929ms
[61.266s][info][gc,start    ] GC(175) Pause Cleanup
[61.266s][info][gc          ] GC(175) Pause Cleanup 309M->309M(495M) 0.078ms
[61.266s][info][gc,cpu      ] GC(175) User=0.00s Sys=0.00s Real=0.00s
[61.266s][info][gc,marking  ] GC(175) Concurrent Clear Claimed Marks
[61.266s][info][gc,marking  ] GC(175) Concurrent Clear Claimed Marks 0.124ms
[61.266s][info][gc,marking  ] GC(175) Concurrent Cleanup for Next Mark
[61.268s][info][gc,marking  ] GC(175) Concurrent Cleanup for Next Mark 1.573ms
[61.268s][info][gc          ] GC(175) Concurrent Mark Cycle 107.417ms
[61.571s][info][gc,start    ] GC(176) Pause Young (Normal) (G1 Evacuation Pause)
[61.571s][info][gc,task     ] GC(176) Using 2 workers of 2 for evacuation
[61.575s][info][gc,phases   ] GC(176)   Pre Evacuate Collection Set: 0.29ms
[61.575s][info][gc,phases   ] GC(176)   Merge Heap Roots: 0.13ms
[61.575s][info][gc,phases   ] GC(176)   Evacuate Collection Set: 2.98ms
[61.575s][info][gc,phases   ] GC(176)   Post Evacuate Collection Set: 0.54ms
[61.575s][info][gc,phases   ] GC(176)   Other: 0.10ms
[61.575s][info][gc,heap     ] GC(176) Eden regions: 198->0(204)
[61.575s][info][gc,heap     ] GC(176) Survivor regions: 4->1(26)
[61.575s][info][gc,heap     ] GC(176) Old regions: 56->56
[61.575s][info][gc,heap     ] GC(176) Humongous regions: 207->207
[61.576s][info][gc,metaspace] GC(176) Metaspace: 55508K(55808K)->55508K(55808K) NonClass: 47248K(47488K)->47248K(47488K) Class: 8259K(8320K)->8259K(8320K)
[61.576s][info][gc          ] GC(176) Pause Young (Normal) (G1 Evacuation Pause) 464M->263M(495M) 4.265ms
[61.576s][info][gc,cpu      ] GC(176) User=0.01s Sys=0.00s Real=0.01s
[62.066s][info][gc,start    ] GC(177) Pause Young (Concurrent Start) (G1 Evacuation Pause)
[62.066s][info][gc,task     ] GC(177) Using 2 workers of 2 for evacuation
[62.073s][info][gc,phases   ] GC(177)   Pre Evacuate Collection Set: 0.30ms
[62.073s][info][gc,phases   ] GC(177)   Merge Heap Roots: 0.08ms
[62.073s][info][gc,phases   ] GC(177)   Evacuate Collection Set: 5.15ms
[62.073s][info][gc,phases   ] GC(177)   Post Evacuate Collection Set: 0.60ms
[62.073s][info][gc,phases   ] GC(177)   Other: 0.15ms
[62.073s][info][gc,heap     ] GC(177) Eden regions: 204->0(200)
[62.073s][info][gc,heap     ] GC(177) Survivor regions: 1->3(26)
[62.073s][info][gc,heap     ] GC(177) Old regions: 56->56
[62.073s][info][gc,heap     ] GC(177) Humongous regions: 207->207
[62.073s][info][gc,metaspace] GC(177) Metaspace: 55509K(55808K)->55509K(55808K) NonClass: 47249K(47488K)->47249K(47488K) Class: 8259K(8320K)->8259K(8320K)
[62.073s][info][gc          ] GC(177) Pause Young (Concurrent Start) (G1 Evacuation Pause) 467M->265M(495M) 6.493ms
[62.073s][info][gc,cpu      ] GC(177) User=0.01s Sys=0.00s Real=0.00s
[62.073s][info][gc          ] GC(178) Concurrent Mark Cycle
[62.073s][info][gc,marking  ] GC(178) Concurrent Scan Root Regions
[62.083s][info][gc,marking  ] GC(178) Concurrent Scan Root Regions 10.472ms
[62.083s][info][gc,marking  ] GC(178) Concurrent Mark
[62.083s][info][gc,marking  ] GC(178) Concurrent Mark From Roots
[62.083s][info][gc,task     ] GC(178) Using 1 workers of 1 for marking
[62.129s][info][gc,marking  ] GC(178) Concurrent Mark From Roots 45.737ms
[62.129s][info][gc,marking  ] GC(178) Concurrent Preclean
[62.129s][info][gc,marking  ] GC(178) Concurrent Preclean 0.066ms
[62.130s][info][gc,start    ] GC(178) Pause Remark
[62.138s][info][gc          ] GC(178) Pause Remark 285M->285M(495M) 8.390ms
[62.138s][info][gc,cpu      ] GC(178) User=0.02s Sys=0.00s Real=0.01s
[62.138s][info][gc,marking  ] GC(178) Concurrent Mark 54.658ms
[62.138s][info][gc,marking  ] GC(178) Concurrent Rebuild Remembered Sets and Scrub Regions
[62.156s][info][gc,marking  ] GC(178) Concurrent Rebuild Remembered Sets and Scrub Regions 17.879ms
[62.156s][info][gc,start    ] GC(178) Pause Cleanup
[62.156s][info][gc          ] GC(178) Pause Cleanup 291M->291M(495M) 0.075ms
[62.156s][info][gc,cpu      ] GC(178) User=0.00s Sys=0.00s Real=0.00s
[62.156s][info][gc,marking  ] GC(178) Concurrent Clear Claimed Marks
[62.156s][info][gc,marking  ] GC(178) Concurrent Clear Claimed Marks 0.090ms
[62.156s][info][gc,marking  ] GC(178) Concurrent Cleanup for Next Mark
[62.158s][info][gc,marking  ] GC(178) Concurrent Cleanup for Next Mark 1.514ms
[62.158s][info][gc          ] GC(178) Concurrent Mark Cycle 85.104ms
[62.309s][info][gc,start    ] GC(179) Pause Young (Concurrent Start) (G1 Humongous Allocation)
[62.310s][info][gc,task     ] GC(179) Using 2 workers of 2 for evacuation
[62.313s][info][gc,phases   ] GC(179)   Pre Evacuate Collection Set: 0.29ms
[62.313s][info][gc,phases   ] GC(179)   Merge Heap Roots: 0.11ms
[62.313s][info][gc,phases   ] GC(179)   Evacuate Collection Set: 2.23ms
[62.313s][info][gc,phases   ] GC(179)   Post Evacuate Collection Set: 0.46ms
[62.313s][info][gc,phases   ] GC(179)   Other: 0.12ms
[62.313s][info][gc,heap     ] GC(179) Eden regions: 115->0(204)
[62.313s][info][gc,heap     ] GC(179) Survivor regions: 3->1(26)
[62.313s][info][gc,heap     ] GC(179) Old regions: 56->56
[62.313s][info][gc,heap     ] GC(179) Humongous regions: 207->207
[62.313s][info][gc,metaspace] GC(179) Metaspace: 55636K(56000K)->55636K(56000K) NonClass: 47344K(47616K)->47344K(47616K) Class: 8292K(8384K)->8292K(8384K)
[62.313s][info][gc          ] GC(179) Pause Young (Concurrent Start) (G1 Humongous Allocation) 380M->263M(495M) 3.387ms
[62.313s][info][gc          ] GC(180) Concurrent Mark Cycle
[62.313s][info][gc,marking  ] GC(180) Concurrent Scan Root Regions
[62.314s][info][gc,cpu      ] GC(179) User=0.01s Sys=0.00s Real=0.01s
[62.315s][info][gc,marking  ] GC(180) Concurrent Scan Root Regions 2.510ms
[62.315s][info][gc,marking  ] GC(180) Concurrent Mark
[62.315s][info][gc,marking  ] GC(180) Concurrent Mark From Roots
[62.315s][info][gc,task     ] GC(180) Using 1 workers of 1 for marking
[62.360s][info][gc,marking  ] GC(180) Concurrent Mark From Roots 44.596ms
[62.360s][info][gc,marking  ] GC(180) Concurrent Preclean
[62.360s][info][gc,marking  ] GC(180) Concurrent Preclean 0.055ms
[62.361s][info][gc,start    ] GC(180) Pause Remark
[62.372s][info][gc          ] GC(180) Pause Remark 302M->302M(505M) 10.954ms
[62.372s][info][gc,cpu      ] GC(180) User=0.02s Sys=0.00s Real=0.01s
[62.372s][info][gc,marking  ] GC(180) Concurrent Mark 56.444ms
[62.372s][info][gc,marking  ] GC(180) Concurrent Rebuild Remembered Sets and Scrub Regions
[62.389s][info][gc,marking  ] GC(180) Concurrent Rebuild Remembered Sets and Scrub Regions 17.523ms
[62.390s][info][gc,start    ] GC(180) Pause Cleanup
[62.390s][info][gc          ] GC(180) Pause Cleanup 302M->302M(505M) 0.076ms
[62.390s][info][gc,cpu      ] GC(180) User=0.00s Sys=0.00s Real=0.00s
[62.390s][info][gc,marking  ] GC(180) Concurrent Clear Claimed Marks
[62.390s][info][gc,marking  ] GC(180) Concurrent Clear Claimed Marks 0.102ms
[62.390s][info][gc,marking  ] GC(180) Concurrent Cleanup for Next Mark
[62.392s][info][gc,marking  ] GC(180) Concurrent Cleanup for Next Mark 1.932ms
[62.392s][info][gc          ] GC(180) Concurrent Mark Cycle 79.579ms
[66.122s][info][gc,start    ] GC(181) Pause Young (Prepare Mixed) (G1 Evacuation Pause)
[66.122s][info][gc,task     ] GC(181) Using 2 workers of 2 for evacuation
[66.157s][info][gc,phases   ] GC(181)   Pre Evacuate Collection Set: 0.29ms
[66.157s][info][gc,phases   ] GC(181)   Merge Heap Roots: 0.77ms
[66.157s][info][gc,phases   ] GC(181)   Evacuate Collection Set: 33.63ms
[66.157s][info][gc,phases   ] GC(181)   Post Evacuate Collection Set: 0.73ms
[66.157s][info][gc,phases   ] GC(181)   Other: 0.08ms
[66.157s][info][gc,heap     ] GC(181) Eden regions: 85->0(197)
[66.157s][info][gc,heap     ] GC(181) Survivor regions: 1->18(26)
[66.157s][info][gc,heap     ] GC(181) Old regions: 56->56
[66.157s][info][gc,heap     ] GC(181) Humongous regions: 363->207
[66.157s][info][gc,metaspace] GC(181) Metaspace: 56087K(56448K)->56087K(56448K) NonClass: 47788K(48064K)->47788K(48064K) Class: 8298K(8384K)->8298K(8384K)
[66.157s][info][gc          ] GC(181) Pause Young (Prepare Mixed) (G1 Evacuation Pause) 504M->280M(523M) 35.772ms
[66.157s][info][gc,cpu      ] GC(181) User=0.05s Sys=0.01s Real=0.04s
[66.666s][info][gc,start    ] GC(182) Pause Young (Mixed) (G1 Evacuation Pause)
[66.666s][info][gc,task     ] GC(182) Using 2 workers of 2 for evacuation
[66.682s][info][gc,phases   ] GC(182)   Pre Evacuate Collection Set: 0.31ms
[66.682s][info][gc,phases   ] GC(182)   Merge Heap Roots: 0.13ms
[66.682s][info][gc,phases   ] GC(182)   Evacuate Collection Set: 15.55ms
[66.683s][info][gc,phases   ] GC(182)   Post Evacuate Collection Set: 0.68ms
[66.683s][info][gc,phases   ] GC(182)   Other: 0.08ms
[66.683s][info][gc,heap     ] GC(182) Eden regions: 197->0(172)
[66.683s][info][gc,heap     ] GC(182) Survivor regions: 18->24(27)
[66.683s][info][gc,heap     ] GC(182) Old regions: 56->69
[66.683s][info][gc,heap     ] GC(182) Humongous regions: 207->207
[66.683s][info][gc,metaspace] GC(182) Metaspace: 56087K(56448K)->56087K(56448K) NonClass: 47788K(48064K)->47788K(48064K) Class: 8298K(8384K)->8298K(8384K)
[66.683s][info][gc          ] GC(182) Pause Young (Mixed) (G1 Evacuation Pause) 477M->299M(523M) 17.007ms
[66.683s][info][gc,cpu      ] GC(182) User=0.03s Sys=0.00s Real=0.01s
[67.025s][info][gc,start    ] GC(183) Pause Young (Concurrent Start) (G1 Evacuation Pause)
[67.025s][info][gc,task     ] GC(183) Using 2 workers of 2 for evacuation
[67.032s][info][gc,phases   ] GC(183)   Pre Evacuate Collection Set: 0.29ms
[67.032s][info][gc,phases   ] GC(183)   Merge Heap Roots: 0.09ms
[67.032s][info][gc,phases   ] GC(183)   Evacuate Collection Set: 5.92ms
[67.032s][info][gc,phases   ] GC(183)   Post Evacuate Collection Set: 0.58ms
[67.032s][info][gc,phases   ] GC(183)   Other: 0.09ms
[67.032s][info][gc,heap     ] GC(183) Eden regions: 172->0(190)
[67.032s][info][gc,heap     ] GC(183) Survivor regions: 24->2(25)
[67.032s][info][gc,heap     ] GC(183) Old regions: 69->91
[67.032s][info][gc,heap     ] GC(183) Humongous regions: 207->207
[67.032s][info][gc,metaspace] GC(183) Metaspace: 56087K(56448K)->56087K(56448K) NonClass: 47788K(48064K)->47788K(48064K) Class: 8298K(8384K)->8298K(8384K)
[67.032s][info][gc          ] GC(183) Pause Young (Concurrent Start) (G1 Evacuation Pause) 471M->299M(523M) 7.201ms
[67.032s][info][gc,cpu      ] GC(183) User=0.01s Sys=0.00s Real=0.00s
[67.032s][info][gc          ] GC(184) Concurrent Mark Cycle
[67.033s][info][gc,marking  ] GC(184) Concurrent Scan Root Regions
[67.043s][info][gc,marking  ] GC(184) Concurrent Scan Root Regions 10.038ms
[67.043s][info][gc,marking  ] GC(184) Concurrent Mark
[67.043s][info][gc,marking  ] GC(184) Concurrent Mark From Roots
[67.043s][info][gc,task     ] GC(184) Using 1 workers of 1 for marking
[67.119s][info][gc,marking  ] GC(184) Concurrent Mark From Roots 76.394ms
[67.119s][info][gc,marking  ] GC(184) Concurrent Preclean
[67.119s][info][gc,marking  ] GC(184) Concurrent Preclean 0.065ms
[67.119s][info][gc,start    ] GC(184) Pause Remark
[67.129s][info][gc          ] GC(184) Pause Remark 330M->323M(523M) 10.096ms
[67.130s][info][gc,cpu      ] GC(184) User=0.01s Sys=0.00s Real=0.01s
[67.132s][info][gc,marking  ] GC(184) Concurrent Mark 89.301ms
[67.132s][info][gc,marking  ] GC(184) Concurrent Rebuild Remembered Sets and Scrub Regions
[67.152s][info][gc,marking  ] GC(184) Concurrent Rebuild Remembered Sets and Scrub Regions 20.020ms
[67.152s][info][gc,start    ] GC(184) Pause Cleanup
[67.152s][info][gc          ] GC(184) Pause Cleanup 328M->328M(523M) 0.097ms
[67.152s][info][gc,cpu      ] GC(184) User=0.00s Sys=0.00s Real=0.00s
[67.152s][info][gc,marking  ] GC(184) Concurrent Clear Claimed Marks
[67.153s][info][gc,marking  ] GC(184) Concurrent Clear Claimed Marks 0.204ms
[67.153s][info][gc,marking  ] GC(184) Concurrent Cleanup for Next Mark
[67.155s][info][gc,marking  ] GC(184) Concurrent Cleanup for Next Mark 1.857ms
[67.155s][info][gc          ] GC(184) Concurrent Mark Cycle 122.344ms
[67.444s][info][gc,start    ] GC(185) Pause Young (Prepare Mixed) (G1 Evacuation Pause)
[67.444s][info][gc,task     ] GC(185) Using 2 workers of 2 for evacuation
[67.449s][info][gc,phases   ] GC(185)   Pre Evacuate Collection Set: 0.33ms
[67.449s][info][gc,phases   ] GC(185)   Merge Heap Roots: 0.09ms
[67.449s][info][gc,phases   ] GC(185)   Evacuate Collection Set: 4.40ms
[67.449s][info][gc,phases   ] GC(185)   Post Evacuate Collection Set: 0.52ms
[67.449s][info][gc,phases   ] GC(185)   Other: 0.08ms
[67.449s][info][gc,heap     ] GC(185) Eden regions: 190->0(203)
[67.449s][info][gc,heap     ] GC(185) Survivor regions: 2->1(24)
[67.449s][info][gc,heap     ] GC(185) Old regions: 84->84
[67.449s][info][gc,heap     ] GC(185) Humongous regions: 207->207
[67.449s][info][gc,metaspace] GC(185) Metaspace: 56088K(56448K)->56088K(56448K) NonClass: 47789K(48064K)->47789K(48064K) Class: 8298K(8384K)->8298K(8384K)
[67.449s][info][gc          ] GC(185) Pause Young (Prepare Mixed) (G1 Evacuation Pause) 482M->292M(523M) 5.614ms
[67.449s][info][gc,cpu      ] GC(185) User=0.01s Sys=0.00s Real=0.00s
[67.876s][info][gc,start    ] GC(186) Pause Young (Mixed) (G1 Evacuation Pause)
[67.876s][info][gc,task     ] GC(186) Using 2 workers of 2 for evacuation
[67.879s][info][gc,phases   ] GC(186)   Pre Evacuate Collection Set: 0.31ms
[67.879s][info][gc,phases   ] GC(186)   Merge Heap Roots: 0.10ms
[67.879s][info][gc,phases   ] GC(186)   Evacuate Collection Set: 1.94ms
[67.879s][info][gc,phases   ] GC(186)   Post Evacuate Collection Set: 0.52ms
[67.879s][info][gc,phases   ] GC(186)   Other: 0.07ms
[67.879s][info][gc,heap     ] GC(186) Eden regions: 203->0(207)
[67.879s][info][gc,heap     ] GC(186) Survivor regions: 1->1(26)
[67.879s][info][gc,heap     ] GC(186) Old regions: 84->80
[67.879s][info][gc,heap     ] GC(186) Humongous regions: 207->207
[67.879s][info][gc,metaspace] GC(186) Metaspace: 56088K(56448K)->56088K(56448K) NonClass: 47789K(48064K)->47789K(48064K) Class: 8298K(8384K)->8298K(8384K)
[67.879s][info][gc          ] GC(186) Pause Young (Mixed) (G1 Evacuation Pause) 495M->287M(523M) 3.114ms
[67.879s][info][gc,cpu      ] GC(186) User=0.00s Sys=0.00s Real=0.00s
[68.347s][info][gc,start    ] GC(187) Pause Young (Concurrent Start) (G1 Evacuation Pause)
[68.347s][info][gc,task     ] GC(187) Using 2 workers of 2 for evacuation
[68.351s][info][gc,phases   ] GC(187)   Pre Evacuate Collection Set: 0.29ms
[68.352s][info][gc,phases   ] GC(187)   Merge Heap Roots: 0.08ms
[68.352s][info][gc,phases   ] GC(187)   Evacuate Collection Set: 3.60ms
[68.352s][info][gc,phases   ] GC(187)   Post Evacuate Collection Set: 0.53ms
[68.352s][info][gc,phases   ] GC(187)   Other: 0.13ms
[68.352s][info][gc,heap     ] GC(187) Eden regions: 207->0(203)
[68.352s][info][gc,heap     ] GC(187) Survivor regions: 1->3(26)
[68.352s][info][gc,heap     ] GC(187) Old regions: 80->80
[68.352s][info][gc,heap     ] GC(187) Humongous regions: 207->207
[68.352s][info][gc,metaspace] GC(187) Metaspace: 56088K(56448K)->56088K(56448K) NonClass: 47790K(48064K)->47790K(48064K) Class: 8298K(8384K)->8298K(8384K)
[68.352s][info][gc          ] GC(187) Pause Young (Concurrent Start) (G1 Evacuation Pause) 494M->289M(523M) 4.842ms
[68.352s][info][gc,cpu      ] GC(187) User=0.01s Sys=0.00s Real=0.00s
[68.352s][info][gc          ] GC(188) Concurrent Mark Cycle
[68.357s][info][gc,marking  ] GC(188) Concurrent Scan Root Regions
[68.360s][info][gc,marking  ] GC(188) Concurrent Scan Root Regions 3.841ms
[68.360s][info][gc,marking  ] GC(188) Concurrent Mark
[68.360s][info][gc,marking  ] GC(188) Concurrent Mark From Roots
[68.361s][info][gc,task     ] GC(188) Using 1 workers of 1 for marking
[68.484s][info][gc,marking  ] GC(188) Concurrent Mark From Roots 123.844ms
[68.484s][info][gc,marking  ] GC(188) Concurrent Preclean
[68.484s][info][gc,marking  ] GC(188) Concurrent Preclean 0.080ms
[68.485s][info][gc,start    ] GC(188) Pause Remark
[68.498s][info][gc          ] GC(188) Pause Remark 334M->334M(523M) 12.243ms
[68.498s][info][gc,cpu      ] GC(188) User=0.02s Sys=0.00s Real=0.01s
[68.503s][info][gc,marking  ] GC(188) Concurrent Mark 142.056ms
[68.503s][info][gc,marking  ] GC(188) Concurrent Rebuild Remembered Sets and Scrub Regions
[68.551s][info][gc,marking  ] GC(188) Concurrent Rebuild Remembered Sets and Scrub Regions 47.908ms
[68.551s][info][gc,start    ] GC(188) Pause Cleanup
[68.551s][info][gc          ] GC(188) Pause Cleanup 364M->364M(523M) 0.085ms
[68.551s][info][gc,cpu      ] GC(188) User=0.00s Sys=0.00s Real=0.00s
[68.551s][info][gc,marking  ] GC(188) Concurrent Clear Claimed Marks
[68.551s][info][gc,marking  ] GC(188) Concurrent Clear Claimed Marks 0.097ms
[68.551s][info][gc,marking  ] GC(188) Concurrent Cleanup for Next Mark
[68.555s][info][gc,marking  ] GC(188) Concurrent Cleanup for Next Mark 4.031ms
[68.555s][info][gc          ] GC(188) Concurrent Mark Cycle 203.536ms
[68.808s][info][gc,start    ] GC(189) Pause Young (Prepare Mixed) (G1 Evacuation Pause)
[68.808s][info][gc,task     ] GC(189) Using 2 workers of 2 for evacuation
[68.811s][info][gc,phases   ] GC(189)   Pre Evacuate Collection Set: 0.28ms
[68.811s][info][gc,phases   ] GC(189)   Merge Heap Roots: 0.10ms
[68.811s][info][gc,phases   ] GC(189)   Evacuate Collection Set: 1.85ms
[68.811s][info][gc,phases   ] GC(189)   Post Evacuate Collection Set: 0.58ms
[68.811s][info][gc,phases   ] GC(189)   Other: 0.08ms
[68.811s][info][gc,heap     ] GC(189) Eden regions: 203->0(207)
[68.811s][info][gc,heap     ] GC(189) Survivor regions: 3->1(26)
[68.811s][info][gc,heap     ] GC(189) Old regions: 80->80
[68.811s][info][gc,heap     ] GC(189) Humongous regions: 207->207
[68.811s][info][gc,metaspace] GC(189) Metaspace: 56088K(56448K)->56088K(56448K) NonClass: 47790K(48064K)->47790K(48064K) Class: 8298K(8384K)->8298K(8384K)
[68.811s][info][gc          ] GC(189) Pause Young (Prepare Mixed) (G1 Evacuation Pause) 492M->287M(523M) 3.084ms
[68.811s][info][gc,cpu      ] GC(189) User=0.01s Sys=0.00s Real=0.00s
[69.358s][info][gc,start    ] GC(190) Pause Young (Mixed) (G1 Evacuation Pause)
[69.358s][info][gc,task     ] GC(190) Using 2 workers of 2 for evacuation
[69.364s][info][gc,phases   ] GC(190)   Pre Evacuate Collection Set: 0.29ms
[69.364s][info][gc,phases   ] GC(190)   Merge Heap Roots: 0.13ms
[69.364s][info][gc,phases   ] GC(190)   Evacuate Collection Set: 4.53ms
[69.364s][info][gc,phases   ] GC(190)   Post Evacuate Collection Set: 0.72ms
[69.364s][info][gc,phases   ] GC(190)   Other: 0.08ms
[69.364s][info][gc,heap     ] GC(190) Eden regions: 207->0(210)
[69.364s][info][gc,heap     ] GC(190) Survivor regions: 1->2(26)
[69.364s][info][gc,heap     ] GC(190) Old regions: 80->75
[69.364s][info][gc,heap     ] GC(190) Humongous regions: 207->207
[69.364s][info][gc,metaspace] GC(190) Metaspace: 56088K(56448K)->56088K(56448K) NonClass: 47790K(48064K)->47790K(48064K) Class: 8298K(8384K)->8298K(8384K)
[69.364s][info][gc          ] GC(190) Pause Young (Mixed) (G1 Evacuation Pause) 494M->283M(523M) 5.940ms
[69.364s][info][gc,cpu      ] GC(190) User=0.01s Sys=0.00s Real=0.01s
[69.818s][info][gc,start    ] GC(191) Pause Young (Concurrent Start) (G1 Evacuation Pause)
[69.819s][info][gc,task     ] GC(191) Using 2 workers of 2 for evacuation
[69.824s][info][gc,phases   ] GC(191)   Pre Evacuate Collection Set: 0.33ms
[69.824s][info][gc,phases   ] GC(191)   Merge Heap Roots: 0.15ms
[69.824s][info][gc,phases   ] GC(191)   Evacuate Collection Set: 4.45ms
[69.824s][info][gc,phases   ] GC(191)   Post Evacuate Collection Set: 0.53ms
[69.824s][info][gc,phases   ] GC(191)   Other: 0.12ms
[69.824s][info][gc,heap     ] GC(191) Eden regions: 210->0(210)
[69.824s][info][gc,heap     ] GC(191) Survivor regions: 2->2(27)
[69.824s][info][gc,heap     ] GC(191) Old regions: 75->75
[69.824s][info][gc,heap     ] GC(191) Humongous regions: 207->207
[69.824s][info][gc,metaspace] GC(191) Metaspace: 56088K(56448K)->56088K(56448K) NonClass: 47790K(48064K)->47790K(48064K) Class: 8298K(8384K)->8298K(8384K)
[69.824s][info][gc          ] GC(191) Pause Young (Concurrent Start) (G1 Evacuation Pause) 493M->282M(523M) 5.797ms
[69.824s][info][gc,cpu      ] GC(191) User=0.01s Sys=0.00s Real=0.01s
[69.824s][info][gc          ] GC(192) Concurrent Mark Cycle
[69.824s][info][gc,marking  ] GC(192) Concurrent Scan Root Regions
[69.830s][info][gc,marking  ] GC(192) Concurrent Scan Root Regions 5.218ms
[69.830s][info][gc,marking  ] GC(192) Concurrent Mark
[69.830s][info][gc,marking  ] GC(192) Concurrent Mark From Roots
[69.830s][info][gc,task     ] GC(192) Using 1 workers of 1 for marking
[69.909s][info][gc,marking  ] GC(192) Concurrent Mark From Roots 79.004ms
[69.909s][info][gc,marking  ] GC(192) Concurrent Preclean
[69.909s][info][gc,marking  ] GC(192) Concurrent Preclean 0.085ms
[69.909s][info][gc,start    ] GC(192) Pause Remark
[69.938s][info][gc          ] GC(192) Pause Remark 312M->312M(523M) 28.825ms
[69.938s][info][gc,cpu      ] GC(192) User=0.02s Sys=0.00s Real=0.03s
[69.941s][info][gc,marking  ] GC(192) Concurrent Mark 110.902ms
[69.941s][info][gc,marking  ] GC(192) Concurrent Rebuild Remembered Sets and Scrub Regions
[69.969s][info][gc,marking  ] GC(192) Concurrent Rebuild Remembered Sets and Scrub Regions 28.446ms
[69.969s][info][gc,start    ] GC(192) Pause Cleanup
[69.969s][info][gc          ] GC(192) Pause Cleanup 312M->312M(523M) 0.155ms
[69.969s][info][gc,cpu      ] GC(192) User=0.00s Sys=0.00s Real=0.00s
[69.970s][info][gc,marking  ] GC(192) Concurrent Clear Claimed Marks
[69.971s][info][gc,marking  ] GC(192) Concurrent Clear Claimed Marks 0.157ms
[69.971s][info][gc,marking  ] GC(192) Concurrent Cleanup for Next Mark
[69.977s][info][gc,marking  ] GC(192) Concurrent Cleanup for Next Mark 5.990ms
[69.977s][info][gc          ] GC(192) Concurrent Mark Cycle 152.388ms
[70.351s][info][gc,start    ] GC(193) Pause Young (Prepare Mixed) (G1 Evacuation Pause)
[70.351s][info][gc,task     ] GC(193) Using 2 workers of 2 for evacuation
[70.356s][info][gc,phases   ] GC(193)   Pre Evacuate Collection Set: 0.34ms
[70.356s][info][gc,phases   ] GC(193)   Merge Heap Roots: 0.21ms
[70.356s][info][gc,phases   ] GC(193)   Evacuate Collection Set: 3.46ms
[70.356s][info][gc,phases   ] GC(193)   Post Evacuate Collection Set: 0.56ms
[70.356s][info][gc,phases   ] GC(193)   Other: 0.08ms
[70.356s][info][gc,heap     ] GC(193) Eden regions: 210->0(210)
[70.356s][info][gc,heap     ] GC(193) Survivor regions: 2->2(27)
[70.356s][info][gc,heap     ] GC(193) Old regions: 75->75
[70.356s][info][gc,heap     ] GC(193) Humongous regions: 207->207
[70.356s][info][gc,metaspace] GC(193) Metaspace: 56088K(56448K)->56088K(56448K) NonClass: 47790K(48064K)->47790K(48064K) Class: 8298K(8384K)->8298K(8384K)
[70.356s][info][gc          ] GC(193) Pause Young (Prepare Mixed) (G1 Evacuation Pause) 492M->283M(523M) 4.866ms
[70.356s][info][gc,cpu      ] GC(193) User=0.01s Sys=0.00s Real=0.01s
[70.829s][info][gc,start    ] GC(194) Pause Young (Mixed) (G1 Evacuation Pause)
[70.829s][info][gc,task     ] GC(194) Using 2 workers of 2 for evacuation
[70.835s][info][gc,phases   ] GC(194)   Pre Evacuate Collection Set: 0.29ms
[70.835s][info][gc,phases   ] GC(194)   Merge Heap Roots: 0.10ms
[70.835s][info][gc,phases   ] GC(194)   Evacuate Collection Set: 4.73ms
[70.835s][info][gc,phases   ] GC(194)   Post Evacuate Collection Set: 0.63ms
[70.835s][info][gc,phases   ] GC(194)   Other: 0.10ms
[70.835s][info][gc,heap     ] GC(194) Eden regions: 210->0(211)
[70.835s][info][gc,heap     ] GC(194) Survivor regions: 2->3(27)
[70.835s][info][gc,heap     ] GC(194) Old regions: 75->72
[70.835s][info][gc,heap     ] GC(194) Humongous regions: 207->207
[70.835s][info][gc,metaspace] GC(194) Metaspace: 56088K(56448K)->56088K(56448K) NonClass: 47790K(48064K)->47790K(48064K) Class: 8298K(8384K)->8298K(8384K)
[70.835s][info][gc          ] GC(194) Pause Young (Mixed) (G1 Evacuation Pause) 493M->280M(523M) 6.061ms
[70.835s][info][gc,cpu      ] GC(194) User=0.01s Sys=0.00s Real=0.01s
[71.311s][info][gc,start    ] GC(195) Pause Young (Concurrent Start) (G1 Evacuation Pause)
[71.311s][info][gc,task     ] GC(195) Using 2 workers of 2 for evacuation
[71.315s][info][gc,phases   ] GC(195)   Pre Evacuate Collection Set: 0.29ms
[71.315s][info][gc,phases   ] GC(195)   Merge Heap Roots: 0.10ms
[71.315s][info][gc,phases   ] GC(195)   Evacuate Collection Set: 2.78ms
[71.315s][info][gc,phases   ] GC(195)   Post Evacuate Collection Set: 0.62ms
[71.315s][info][gc,phases   ] GC(195)   Other: 0.12ms
[71.315s][info][gc,heap     ] GC(195) Eden regions: 211->0(213)
[71.315s][info][gc,heap     ] GC(195) Survivor regions: 3->2(27)
[71.315s][info][gc,heap     ] GC(195) Old regions: 72->72
[71.315s][info][gc,heap     ] GC(195) Humongous regions: 207->207
[71.315s][info][gc,metaspace] GC(195) Metaspace: 56088K(56448K)->56088K(56448K) NonClass: 47790K(48064K)->47790K(48064K) Class: 8298K(8384K)->8298K(8384K)
[71.315s][info][gc          ] GC(195) Pause Young (Concurrent Start) (G1 Evacuation Pause) 491M->279M(523M) 4.128ms
[71.315s][info][gc,cpu      ] GC(195) User=0.01s Sys=0.00s Real=0.01s
[71.315s][info][gc          ] GC(196) Concurrent Mark Cycle
[71.315s][info][gc,marking  ] GC(196) Concurrent Scan Root Regions
[71.321s][info][gc,marking  ] GC(196) Concurrent Scan Root Regions 5.440ms
[71.321s][info][gc,marking  ] GC(196) Concurrent Mark
[71.321s][info][gc,marking  ] GC(196) Concurrent Mark From Roots
[71.321s][info][gc,task     ] GC(196) Using 1 workers of 1 for marking
[71.402s][info][gc,marking  ] GC(196) Concurrent Mark From Roots 81.068ms
[71.402s][info][gc,marking  ] GC(196) Concurrent Preclean
[71.402s][info][gc,marking  ] GC(196) Concurrent Preclean 0.077ms
[71.402s][info][gc,start    ] GC(196) Pause Remark
[71.411s][info][gc          ] GC(196) Pause Remark 316M->316M(523M) 9.006ms
[71.411s][info][gc,cpu      ] GC(196) User=0.02s Sys=0.00s Real=0.01s
[71.415s][info][gc,marking  ] GC(196) Concurrent Mark 93.882ms
[71.415s][info][gc,marking  ] GC(196) Concurrent Rebuild Remembered Sets and Scrub Regions
[71.465s][info][gc,marking  ] GC(196) Concurrent Rebuild Remembered Sets and Scrub Regions 50.142ms
[71.465s][info][gc,start    ] GC(196) Pause Cleanup
[71.465s][info][gc          ] GC(196) Pause Cleanup 340M->340M(523M) 0.133ms
[71.465s][info][gc,cpu      ] GC(196) User=0.00s Sys=0.01s Real=0.00s
[71.466s][info][gc,marking  ] GC(196) Concurrent Clear Claimed Marks
[71.466s][info][gc,marking  ] GC(196) Concurrent Clear Claimed Marks 0.128ms
[71.466s][info][gc,marking  ] GC(196) Concurrent Cleanup for Next Mark
[71.470s][info][gc,marking  ] GC(196) Concurrent Cleanup for Next Mark 3.560ms
[71.470s][info][gc          ] GC(196) Concurrent Mark Cycle 154.581ms
[71.758s][info][gc,start    ] GC(197) Pause Young (Prepare Mixed) (G1 Evacuation Pause)
[71.758s][info][gc,task     ] GC(197) Using 2 workers of 2 for evacuation
[71.764s][info][gc,phases   ] GC(197)   Pre Evacuate Collection Set: 0.37ms
[71.764s][info][gc,phases   ] GC(197)   Merge Heap Roots: 0.15ms
[71.764s][info][gc,phases   ] GC(197)   Evacuate Collection Set: 4.81ms
[71.764s][info][gc,phases   ] GC(197)   Post Evacuate Collection Set: 0.60ms
[71.764s][info][gc,phases   ] GC(197)   Other: 0.11ms
[71.764s][info][gc,heap     ] GC(197) Eden regions: 213->0(213)
[71.764s][info][gc,heap     ] GC(197) Survivor regions: 2->2(27)
[71.764s][info][gc,heap     ] GC(197) Old regions: 72->72
[71.764s][info][gc,heap     ] GC(197) Humongous regions: 207->207
[71.764s][info][gc,metaspace] GC(197) Metaspace: 56088K(56448K)->56088K(56448K) NonClass: 47790K(48064K)->47790K(48064K) Class: 8298K(8384K)->8298K(8384K)
[71.764s][info][gc          ] GC(197) Pause Young (Prepare Mixed) (G1 Evacuation Pause) 492M->279M(523M) 6.240ms
[71.764s][info][gc,cpu      ] GC(197) User=0.01s Sys=0.00s Real=0.01s
[72.259s][info][gc,start    ] GC(198) Pause Young (Mixed) (G1 Evacuation Pause)
[72.260s][info][gc,task     ] GC(198) Using 2 workers of 2 for evacuation
[72.266s][info][gc,phases   ] GC(198)   Pre Evacuate Collection Set: 0.27ms
[72.266s][info][gc,phases   ] GC(198)   Merge Heap Roots: 0.11ms
[72.266s][info][gc,phases   ] GC(198)   Evacuate Collection Set: 5.23ms
[72.266s][info][gc,phases   ] GC(198)   Post Evacuate Collection Set: 0.60ms
[72.266s][info][gc,phases   ] GC(198)   Other: 0.10ms
[72.266s][info][gc,heap     ] GC(198) Eden regions: 213->0(217)
[72.266s][info][gc,heap     ] GC(198) Survivor regions: 2->2(27)
[72.266s][info][gc,heap     ] GC(198) Old regions: 72->68
[72.266s][info][gc,heap     ] GC(198) Humongous regions: 207->207
[72.266s][info][gc,metaspace] GC(198) Metaspace: 56088K(56448K)->56088K(56448K) NonClass: 47790K(48064K)->47790K(48064K) Class: 8298K(8384K)->8298K(8384K)
[72.266s][info][gc          ] GC(198) Pause Young (Mixed) (G1 Evacuation Pause) 492M->276M(523M) 6.524ms
[72.266s][info][gc,cpu      ] GC(198) User=0.01s Sys=0.00s Real=0.01s
[72.724s][info][gc,start    ] GC(199) Pause Young (Concurrent Start) (G1 Evacuation Pause)
[72.724s][info][gc,task     ] GC(199) Using 2 workers of 2 for evacuation
[72.729s][info][gc,phases   ] GC(199)   Pre Evacuate Collection Set: 0.32ms
[72.729s][info][gc,phases   ] GC(199)   Merge Heap Roots: 0.10ms
[72.729s][info][gc,phases   ] GC(199)   Evacuate Collection Set: 4.14ms
[72.729s][info][gc,phases   ] GC(199)   Post Evacuate Collection Set: 0.57ms
[72.729s][info][gc,phases   ] GC(199)   Other: 0.13ms
[72.729s][info][gc,heap     ] GC(199) Eden regions: 217->0(217)
[72.729s][info][gc,heap     ] GC(199) Survivor regions: 2->2(28)
[72.729s][info][gc,heap     ] GC(199) Old regions: 68->68
[72.729s][info][gc,heap     ] GC(199) Humongous regions: 207->207
[72.729s][info][gc,metaspace] GC(199) Metaspace: 56088K(56448K)->56088K(56448K) NonClass: 47790K(48064K)->47790K(48064K) Class: 8298K(8384K)->8298K(8384K)
[72.729s][info][gc          ] GC(199) Pause Young (Concurrent Start) (G1 Evacuation Pause) 493M->276M(523M) 5.467ms
[72.729s][info][gc,cpu      ] GC(199) User=0.01s Sys=0.00s Real=0.00s
[72.729s][info][gc          ] GC(200) Concurrent Mark Cycle
[72.729s][info][gc,marking  ] GC(200) Concurrent Scan Root Regions
[72.737s][info][gc,marking  ] GC(200) Concurrent Scan Root Regions 7.816ms
[72.737s][info][gc,marking  ] GC(200) Concurrent Mark
[72.737s][info][gc,marking  ] GC(200) Concurrent Mark From Roots
[72.737s][info][gc,task     ] GC(200) Using 1 workers of 1 for marking
[72.801s][info][gc,marking  ] GC(200) Concurrent Mark From Roots 63.617ms
[72.801s][info][gc,marking  ] GC(200) Concurrent Preclean
[72.801s][info][gc,marking  ] GC(200) Concurrent Preclean 0.064ms
[72.801s][info][gc,start    ] GC(200) Pause Remark
[72.810s][info][gc          ] GC(200) Pause Remark 306M->306M(523M) 9.086ms
[72.810s][info][gc,cpu      ] GC(200) User=0.02s Sys=0.00s Real=0.01s
[72.811s][info][gc,marking  ] GC(200) Concurrent Mark 74.024ms
[72.811s][info][gc,marking  ] GC(200) Concurrent Rebuild Remembered Sets and Scrub Regions
[72.855s][info][gc,marking  ] GC(200) Concurrent Rebuild Remembered Sets and Scrub Regions 43.510ms
[72.855s][info][gc,start    ] GC(200) Pause Cleanup
[72.855s][info][gc          ] GC(200) Pause Cleanup 334M->334M(523M) 0.090ms
[72.855s][info][gc,cpu      ] GC(200) User=0.00s Sys=0.00s Real=0.00s
[72.855s][info][gc,marking  ] GC(200) Concurrent Clear Claimed Marks
[72.855s][info][gc,marking  ] GC(200) Concurrent Clear Claimed Marks 0.106ms
[72.855s][info][gc,marking  ] GC(200) Concurrent Cleanup for Next Mark
[72.860s][info][gc,marking  ] GC(200) Concurrent Cleanup for Next Mark 4.538ms
[72.860s][info][gc          ] GC(200) Concurrent Mark Cycle 130.598ms
[73.282s][info][gc,start    ] GC(201) Pause Young (Prepare Mixed) (G1 Evacuation Pause)
[73.282s][info][gc,task     ] GC(201) Using 2 workers of 2 for evacuation
[73.286s][info][gc,phases   ] GC(201)   Pre Evacuate Collection Set: 0.31ms
[73.287s][info][gc,phases   ] GC(201)   Merge Heap Roots: 0.15ms
[73.287s][info][gc,phases   ] GC(201)   Evacuate Collection Set: 3.26ms
[73.287s][info][gc,phases   ] GC(201)   Post Evacuate Collection Set: 0.59ms
[73.287s][info][gc,phases   ] GC(201)   Other: 0.11ms
[73.287s][info][gc,heap     ] GC(201) Eden regions: 217->0(219)
[73.287s][info][gc,heap     ] GC(201) Survivor regions: 2->1(28)
[73.287s][info][gc,heap     ] GC(201) Old regions: 68->68
[73.287s][info][gc,heap     ] GC(201) Humongous regions: 207->207
[73.287s][info][gc,metaspace] GC(201) Metaspace: 56088K(56448K)->56088K(56448K) NonClass: 47790K(48064K)->47790K(48064K) Class: 8298K(8384K)->8298K(8384K)
[73.287s][info][gc          ] GC(201) Pause Young (Prepare Mixed) (G1 Evacuation Pause) 493M->275M(523M) 4.671ms
[73.287s][info][gc,cpu      ] GC(201) User=0.01s Sys=0.00s Real=0.01s
[73.661s][info][gc,start    ] GC(202) Pause Young (Mixed) (G1 Evacuation Pause)
[73.661s][info][gc,task     ] GC(202) Using 2 workers of 2 for evacuation
[73.666s][info][gc,phases   ] GC(202)   Pre Evacuate Collection Set: 0.28ms
[73.667s][info][gc,phases   ] GC(202)   Merge Heap Roots: 0.11ms
[73.667s][info][gc,phases   ] GC(202)   Evacuate Collection Set: 4.05ms
[73.667s][info][gc,phases   ] GC(202)   Post Evacuate Collection Set: 0.61ms
[73.667s][info][gc,phases   ] GC(202)   Other: 0.08ms
[73.667s][info][gc,heap     ] GC(202) Eden regions: 219->0(222)
[73.667s][info][gc,heap     ] GC(202) Survivor regions: 1->1(28)
[73.667s][info][gc,heap     ] GC(202) Old regions: 68->65
[73.667s][info][gc,heap     ] GC(202) Humongous regions: 207->207
[73.667s][info][gc,metaspace] GC(202) Metaspace: 56088K(56448K)->56088K(56448K) NonClass: 47790K(48064K)->47790K(48064K) Class: 8298K(8384K)->8298K(8384K)
[73.667s][info][gc          ] GC(202) Pause Young (Mixed) (G1 Evacuation Pause) 494M->272M(523M) 5.348ms
[73.667s][info][gc,cpu      ] GC(202) User=0.01s Sys=0.00s Real=0.01s
[74.278s][info][gc,start    ] GC(203) Pause Young (Concurrent Start) (G1 Evacuation Pause)
[74.278s][info][gc,task     ] GC(203) Using 2 workers of 2 for evacuation
[74.301s][info][gc,phases   ] GC(203)   Pre Evacuate Collection Set: 0.64ms
[74.301s][info][gc,phases   ] GC(203)   Merge Heap Roots: 0.30ms
[74.301s][info][gc,phases   ] GC(203)   Evacuate Collection Set: 20.74ms
[74.301s][info][gc,phases   ] GC(203)   Post Evacuate Collection Set: 1.03ms
[74.301s][info][gc,phases   ] GC(203)   Other: 0.21ms
[74.301s][info][gc,heap     ] GC(203) Eden regions: 222->0(218)
[74.301s][info][gc,heap     ] GC(203) Survivor regions: 1->3(28)
[74.301s][info][gc,heap     ] GC(203) Old regions: 65->65
[74.301s][info][gc,heap     ] GC(203) Humongous regions: 207->207
[74.301s][info][gc,metaspace] GC(203) Metaspace: 56090K(56448K)->56090K(56448K) NonClass: 47791K(48064K)->47791K(48064K) Class: 8298K(8384K)->8298K(8384K)
[74.301s][info][gc          ] GC(203) Pause Young (Concurrent Start) (G1 Evacuation Pause) 494M->274M(523M) 23.248ms
[74.301s][info][gc,cpu      ] GC(203) User=0.02s Sys=0.00s Real=0.02s
[74.301s][info][gc          ] GC(204) Concurrent Mark Cycle
[74.305s][info][gc,marking  ] GC(204) Concurrent Scan Root Regions
[74.309s][info][gc,marking  ] GC(204) Concurrent Scan Root Regions 4.431ms
[74.309s][info][gc,marking  ] GC(204) Concurrent Mark
[74.309s][info][gc,marking  ] GC(204) Concurrent Mark From Roots
[74.309s][info][gc,task     ] GC(204) Using 1 workers of 1 for marking
[74.368s][info][gc,marking  ] GC(204) Concurrent Mark From Roots 58.928ms
[74.368s][info][gc,marking  ] GC(204) Concurrent Preclean
[74.368s][info][gc,marking  ] GC(204) Concurrent Preclean 0.080ms
[74.369s][info][gc,start    ] GC(204) Pause Remark
[74.388s][info][gc          ] GC(204) Pause Remark 275M->275M(523M) 19.290ms
[74.388s][info][gc,cpu      ] GC(204) User=0.02s Sys=0.00s Real=0.02s
[74.389s][info][gc,marking  ] GC(204) Concurrent Mark 79.760ms
[74.389s][info][gc,marking  ] GC(204) Concurrent Rebuild Remembered Sets and Scrub Regions
[74.409s][info][gc,marking  ] GC(204) Concurrent Rebuild Remembered Sets and Scrub Regions 20.005ms
[74.409s][info][gc,start    ] GC(204) Pause Cleanup
[74.409s][info][gc          ] GC(204) Pause Cleanup 275M->275M(523M) 0.079ms
[74.409s][info][gc,cpu      ] GC(204) User=0.00s Sys=0.00s Real=0.00s
[74.409s][info][gc,marking  ] GC(204) Concurrent Clear Claimed Marks
[74.409s][info][gc,marking  ] GC(204) Concurrent Clear Claimed Marks 0.096ms
[74.409s][info][gc,marking  ] GC(204) Concurrent Cleanup for Next Mark
[74.411s][info][gc,marking  ] GC(204) Concurrent Cleanup for Next Mark 1.831ms
[74.411s][info][gc          ] GC(204) Concurrent Mark Cycle 110.128ms
[74.834s][info][gc,start    ] GC(205) Pause Young (Prepare Mixed) (G1 Evacuation Pause)
[74.834s][info][gc,task     ] GC(205) Using 2 workers of 2 for evacuation
[74.846s][info][gc,phases   ] GC(205)   Pre Evacuate Collection Set: 0.34ms
[74.846s][info][gc,phases   ] GC(205)   Merge Heap Roots: 0.17ms
[74.846s][info][gc,phases   ] GC(205)   Evacuate Collection Set: 9.98ms
[74.846s][info][gc,phases   ] GC(205)   Post Evacuate Collection Set: 0.85ms
[74.846s][info][gc,phases   ] GC(205)   Other: 0.12ms
[74.846s][info][gc,heap     ] GC(205) Eden regions: 218->0(218)
[74.846s][info][gc,heap     ] GC(205) Survivor regions: 3->3(28)
[74.846s][info][gc,heap     ] GC(205) Old regions: 65->65
[74.846s][info][gc,heap     ] GC(205) Humongous regions: 207->207
[74.846s][info][gc,metaspace] GC(205) Metaspace: 56090K(56448K)->56090K(56448K) NonClass: 47791K(48064K)->47791K(48064K) Class: 8298K(8384K)->8298K(8384K)
[74.846s][info][gc          ] GC(205) Pause Young (Prepare Mixed) (G1 Evacuation Pause) 492M->274M(523M) 11.696ms
[74.846s][info][gc,cpu      ] GC(205) User=0.01s Sys=0.00s Real=0.01s
[75.323s][info][gc,start    ] GC(206) Pause Young (Mixed) (G1 Evacuation Pause)
[75.323s][info][gc,task     ] GC(206) Using 2 workers of 2 for evacuation
[75.329s][info][gc,phases   ] GC(206)   Pre Evacuate Collection Set: 0.39ms
[75.329s][info][gc,phases   ] GC(206)   Merge Heap Roots: 0.22ms
[75.329s][info][gc,phases   ] GC(206)   Evacuate Collection Set: 5.15ms
[75.329s][info][gc,phases   ] GC(206)   Post Evacuate Collection Set: 0.61ms
[75.329s][info][gc,phases   ] GC(206)   Other: 0.10ms
[75.330s][info][gc,heap     ] GC(206) Eden regions: 218->0(222)
[75.330s][info][gc,heap     ] GC(206) Survivor regions: 3->2(28)
[75.330s][info][gc,heap     ] GC(206) Old regions: 65->63
[75.330s][info][gc,heap     ] GC(206) Humongous regions: 207->207
[75.330s][info][gc,metaspace] GC(206) Metaspace: 56093K(56448K)->56093K(56448K) NonClass: 47794K(48064K)->47794K(48064K) Class: 8298K(8384K)->8298K(8384K)
[75.330s][info][gc          ] GC(206) Pause Young (Mixed) (G1 Evacuation Pause) 492M->270M(523M) 6.726ms
[75.330s][info][gc,cpu      ] GC(206) User=0.01s Sys=0.00s Real=0.01s
[75.813s][info][gc,start    ] GC(207) Pause Young (Concurrent Start) (G1 Evacuation Pause)
[75.813s][info][gc,task     ] GC(207) Using 2 workers of 2 for evacuation
[75.817s][info][gc,phases   ] GC(207)   Pre Evacuate Collection Set: 0.29ms
[75.817s][info][gc,phases   ] GC(207)   Merge Heap Roots: 0.09ms
[75.817s][info][gc,phases   ] GC(207)   Evacuate Collection Set: 3.29ms
[75.817s][info][gc,phases   ] GC(207)   Post Evacuate Collection Set: 0.59ms
[75.817s][info][gc,phases   ] GC(207)   Other: 0.11ms
[75.817s][info][gc,heap     ] GC(207) Eden regions: 222->0(222)
[75.817s][info][gc,heap     ] GC(207) Survivor regions: 2->2(28)
[75.817s][info][gc,heap     ] GC(207) Old regions: 63->63
[75.817s][info][gc,heap     ] GC(207) Humongous regions: 207->207
[75.817s][info][gc,metaspace] GC(207) Metaspace: 56094K(56448K)->56094K(56448K) NonClass: 47795K(48064K)->47795K(48064K) Class: 8298K(8384K)->8298K(8384K)
[75.817s][info][gc          ] GC(207) Pause Young (Concurrent Start) (G1 Evacuation Pause) 492M->271M(523M) 4.557ms
[75.817s][info][gc,cpu      ] GC(207) User=0.01s Sys=0.00s Real=0.01s
[75.817s][info][gc          ] GC(208) Concurrent Mark Cycle
[75.817s][info][gc,marking  ] GC(208) Concurrent Scan Root Regions
[75.826s][info][gc,marking  ] GC(208) Concurrent Scan Root Regions 8.359ms
[75.826s][info][gc,marking  ] GC(208) Concurrent Mark
[75.826s][info][gc,marking  ] GC(208) Concurrent Mark From Roots
[75.826s][info][gc,task     ] GC(208) Using 1 workers of 1 for marking
[75.892s][info][gc,marking  ] GC(208) Concurrent Mark From Roots 65.947ms
[75.892s][info][gc,marking  ] GC(208) Concurrent Preclean
[75.892s][info][gc,marking  ] GC(208) Concurrent Preclean 0.066ms
[75.892s][info][gc,start    ] GC(208) Pause Remark
[75.901s][info][gc          ] GC(208) Pause Remark 308M->308M(523M) 8.711ms
[75.901s][info][gc,cpu      ] GC(208) User=0.02s Sys=0.00s Real=0.01s
[75.901s][info][gc,marking  ] GC(208) Concurrent Mark 75.423ms
[75.901s][info][gc,marking  ] GC(208) Concurrent Rebuild Remembered Sets and Scrub Regions
[75.921s][info][gc,marking  ] GC(208) Concurrent Rebuild Remembered Sets and Scrub Regions 19.644ms
[75.921s][info][gc,start    ] GC(208) Pause Cleanup
[75.921s][info][gc          ] GC(208) Pause Cleanup 319M->319M(523M) 0.082ms
[75.921s][info][gc,cpu      ] GC(208) User=0.00s Sys=0.00s Real=0.00s
[75.921s][info][gc,marking  ] GC(208) Concurrent Clear Claimed Marks
[75.922s][info][gc,marking  ] GC(208) Concurrent Clear Claimed Marks 0.834ms
[75.922s][info][gc,marking  ] GC(208) Concurrent Cleanup for Next Mark
[75.924s][info][gc,marking  ] GC(208) Concurrent Cleanup for Next Mark 1.994ms
[75.924s][info][gc          ] GC(208) Concurrent Mark Cycle 106.904ms
[76.307s][info][gc,start    ] GC(209) Pause Young (Prepare Mixed) (G1 Evacuation Pause)
[76.308s][info][gc,task     ] GC(209) Using 2 workers of 2 for evacuation
[76.311s][info][gc,phases   ] GC(209)   Pre Evacuate Collection Set: 0.27ms
[76.311s][info][gc,phases   ] GC(209)   Merge Heap Roots: 0.11ms
[76.311s][info][gc,phases   ] GC(209)   Evacuate Collection Set: 2.58ms
[76.311s][info][gc,phases   ] GC(209)   Post Evacuate Collection Set: 0.57ms
[76.311s][info][gc,phases   ] GC(209)   Other: 0.10ms
[76.311s][info][gc,heap     ] GC(209) Eden regions: 222->0(224)
[76.311s][info][gc,heap     ] GC(209) Survivor regions: 2->1(28)
[76.311s][info][gc,heap     ] GC(209) Old regions: 63->63
[76.311s][info][gc,heap     ] GC(209) Humongous regions: 207->207
[76.311s][info][gc,metaspace] GC(209) Metaspace: 56094K(56448K)->56094K(56448K) NonClass: 47795K(48064K)->47795K(48064K) Class: 8298K(8384K)->8298K(8384K)
[76.311s][info][gc          ] GC(209) Pause Young (Prepare Mixed) (G1 Evacuation Pause) 493M->270M(523M) 3.860ms
[76.311s][info][gc,cpu      ] GC(209) User=0.00s Sys=0.00s Real=0.00s
[76.803s][info][gc,start    ] GC(210) Pause Young (Mixed) (G1 Evacuation Pause)
[76.803s][info][gc,task     ] GC(210) Using 2 workers of 2 for evacuation
[76.807s][info][gc,phases   ] GC(210)   Pre Evacuate Collection Set: 0.26ms
[76.807s][info][gc,phases   ] GC(210)   Merge Heap Roots: 0.10ms
[76.807s][info][gc,phases   ] GC(210)   Evacuate Collection Set: 3.08ms
[76.807s][info][gc,phases   ] GC(210)   Post Evacuate Collection Set: 0.62ms
[76.807s][info][gc,phases   ] GC(210)   Other: 0.11ms
[76.807s][info][gc,heap     ] GC(210) Eden regions: 224->0(225)
[76.807s][info][gc,heap     ] GC(210) Survivor regions: 1->1(29)
[76.807s][info][gc,heap     ] GC(210) Old regions: 63->62
[76.807s][info][gc,heap     ] GC(210) Humongous regions: 207->207
[76.807s][info][gc,metaspace] GC(210) Metaspace: 56095K(56448K)->56095K(56448K) NonClass: 47796K(48064K)->47796K(48064K) Class: 8298K(8384K)->8298K(8384K)
[76.807s][info][gc          ] GC(210) Pause Young (Mixed) (G1 Evacuation Pause) 494M->268M(523M) 4.388ms
[76.807s][info][gc,cpu      ] GC(210) User=0.00s Sys=0.00s Real=0.01s
[77.299s][info][gc,start    ] GC(211) Pause Young (Concurrent Start) (G1 Evacuation Pause)
[77.299s][info][gc,task     ] GC(211) Using 2 workers of 2 for evacuation
[77.302s][info][gc,phases   ] GC(211)   Pre Evacuate Collection Set: 0.32ms
[77.302s][info][gc,phases   ] GC(211)   Merge Heap Roots: 0.12ms
[77.302s][info][gc,phases   ] GC(211)   Evacuate Collection Set: 2.00ms
[77.302s][info][gc,phases   ] GC(211)   Post Evacuate Collection Set: 0.55ms
[77.302s][info][gc,phases   ] GC(211)   Other: 0.10ms
[77.302s][info][gc,heap     ] GC(211) Eden regions: 225->0(225)
[77.302s][info][gc,heap     ] GC(211) Survivor regions: 1->1(29)
[77.302s][info][gc,heap     ] GC(211) Old regions: 62->62
[77.302s][info][gc,heap     ] GC(211) Humongous regions: 207->207
[77.302s][info][gc,metaspace] GC(211) Metaspace: 56095K(56448K)->56095K(56448K) NonClass: 47796K(48064K)->47796K(48064K) Class: 8298K(8384K)->8298K(8384K)
[77.302s][info][gc          ] GC(211) Pause Young (Concurrent Start) (G1 Evacuation Pause) 493M->268M(523M) 3.320ms
[77.303s][info][gc          ] GC(212) Concurrent Mark Cycle
[77.303s][info][gc,marking  ] GC(212) Concurrent Scan Root Regions
[77.304s][info][gc,cpu      ] GC(211) User=0.01s Sys=0.00s Real=0.01s
[77.306s][info][gc,marking  ] GC(212) Concurrent Scan Root Regions 3.094ms
[77.306s][info][gc,marking  ] GC(212) Concurrent Mark
[77.306s][info][gc,marking  ] GC(212) Concurrent Mark From Roots
[77.306s][info][gc,task     ] GC(212) Using 1 workers of 1 for marking
[77.378s][info][gc,marking  ] GC(212) Concurrent Mark From Roots 71.919ms
[77.378s][info][gc,marking  ] GC(212) Concurrent Preclean
[77.378s][info][gc,marking  ] GC(212) Concurrent Preclean 0.067ms
[77.378s][info][gc,start    ] GC(212) Pause Remark
[77.387s][info][gc          ] GC(212) Pause Remark 312M->312M(523M) 8.622ms
[77.387s][info][gc,cpu      ] GC(212) User=0.01s Sys=0.00s Real=0.01s
[77.387s][info][gc,marking  ] GC(212) Concurrent Mark 81.432ms
[77.387s][info][gc,marking  ] GC(212) Concurrent Rebuild Remembered Sets and Scrub Regions
[77.405s][info][gc,marking  ] GC(212) Concurrent Rebuild Remembered Sets and Scrub Regions 17.485ms
[77.405s][info][gc,start    ] GC(212) Pause Cleanup
[77.405s][info][gc          ] GC(212) Pause Cleanup 315M->315M(523M) 0.078ms
[77.405s][info][gc,cpu      ] GC(212) User=0.00s Sys=0.00s Real=0.00s
[77.405s][info][gc,marking  ] GC(212) Concurrent Clear Claimed Marks
[77.405s][info][gc,marking  ] GC(212) Concurrent Clear Claimed Marks 0.099ms
[77.405s][info][gc,marking  ] GC(212) Concurrent Cleanup for Next Mark
[77.407s][info][gc,marking  ] GC(212) Concurrent Cleanup for Next Mark 1.621ms
[77.407s][info][gc          ] GC(212) Concurrent Mark Cycle 104.169ms
[77.753s][info][gc,start    ] GC(213) Pause Young (Prepare Mixed) (G1 Evacuation Pause)
[77.754s][info][gc,task     ] GC(213) Using 2 workers of 2 for evacuation
[77.759s][info][gc,phases   ] GC(213)   Pre Evacuate Collection Set: 0.30ms
[77.759s][info][gc,phases   ] GC(213)   Merge Heap Roots: 0.13ms
[77.759s][info][gc,phases   ] GC(213)   Evacuate Collection Set: 4.54ms
[77.759s][info][gc,phases   ] GC(213)   Post Evacuate Collection Set: 0.67ms
[77.759s][info][gc,phases   ] GC(213)   Other: 0.13ms
[77.760s][info][gc,heap     ] GC(213) Eden regions: 225->0(225)
[77.760s][info][gc,heap     ] GC(213) Survivor regions: 1->1(29)
[77.760s][info][gc,heap     ] GC(213) Old regions: 62->62
[77.760s][info][gc,heap     ] GC(213) Humongous regions: 207->207
[77.760s][info][gc,metaspace] GC(213) Metaspace: 56095K(56448K)->56095K(56448K) NonClass: 47796K(48064K)->47796K(48064K) Class: 8298K(8384K)->8298K(8384K)
[77.760s][info][gc          ] GC(213) Pause Young (Prepare Mixed) (G1 Evacuation Pause) 493M->269M(523M) 6.135ms
[77.760s][info][gc,cpu      ] GC(213) User=0.00s Sys=0.00s Real=0.01s
[78.257s][info][gc,start    ] GC(214) Pause Young (Mixed) (G1 Evacuation Pause)
[78.257s][info][gc,task     ] GC(214) Using 2 workers of 2 for evacuation
[78.263s][info][gc,phases   ] GC(214)   Pre Evacuate Collection Set: 0.40ms
[78.263s][info][gc,phases   ] GC(214)   Merge Heap Roots: 0.11ms
[78.263s][info][gc,phases   ] GC(214)   Evacuate Collection Set: 4.77ms
[78.263s][info][gc,phases   ] GC(214)   Post Evacuate Collection Set: 0.74ms
[78.263s][info][gc,phases   ] GC(214)   Other: 0.08ms
[78.263s][info][gc,heap     ] GC(214) Eden regions: 225->0(225)
[78.263s][info][gc,heap     ] GC(214) Survivor regions: 1->2(29)
[78.263s][info][gc,heap     ] GC(214) Old regions: 62->60
[78.263s][info][gc,heap     ] GC(214) Humongous regions: 207->207
[78.263s][info][gc,metaspace] GC(214) Metaspace: 56095K(56448K)->56095K(56448K) NonClass: 47796K(48064K)->47796K(48064K) Class: 8298K(8384K)->8298K(8384K)
[78.263s][info][gc          ] GC(214) Pause Young (Mixed) (G1 Evacuation Pause) 494M->268M(523M) 6.312ms
[78.263s][info][gc,cpu      ] GC(214) User=0.01s Sys=0.00s Real=0.00s
[78.747s][info][gc,start    ] GC(215) Pause Young (Concurrent Start) (G1 Evacuation Pause)
[78.747s][info][gc,task     ] GC(215) Using 2 workers of 2 for evacuation
[78.752s][info][gc,phases   ] GC(215)   Pre Evacuate Collection Set: 0.32ms
[78.752s][info][gc,phases   ] GC(215)   Merge Heap Roots: 0.08ms
[78.752s][info][gc,phases   ] GC(215)   Evacuate Collection Set: 4.48ms
[78.752s][info][gc,phases   ] GC(215)   Post Evacuate Collection Set: 0.56ms
[78.752s][info][gc,phases   ] GC(215)   Other: 0.11ms
[78.752s][info][gc,heap     ] GC(215) Eden regions: 225->0(225)
[78.752s][info][gc,heap     ] GC(215) Survivor regions: 2->2(29)
[78.752s][info][gc,heap     ] GC(215) Old regions: 60->60
[78.752s][info][gc,heap     ] GC(215) Humongous regions: 207->207
[78.752s][info][gc,metaspace] GC(215) Metaspace: 56095K(56448K)->56095K(56448K) NonClass: 47796K(48064K)->47796K(48064K) Class: 8298K(8384K)->8298K(8384K)
[78.752s][info][gc          ] GC(215) Pause Young (Concurrent Start) (G1 Evacuation Pause) 493M->268M(523M) 5.775ms
[78.752s][info][gc          ] GC(216) Concurrent Mark Cycle
[78.752s][info][gc,marking  ] GC(216) Concurrent Scan Root Regions
[78.754s][info][gc,cpu      ] GC(215) User=0.02s Sys=0.00s Real=0.01s
[78.757s][info][gc,marking  ] GC(216) Concurrent Scan Root Regions 4.688ms
[78.757s][info][gc,marking  ] GC(216) Concurrent Mark
[78.757s][info][gc,marking  ] GC(216) Concurrent Mark From Roots
[78.757s][info][gc,task     ] GC(216) Using 1 workers of 1 for marking
[78.818s][info][gc,marking  ] GC(216) Concurrent Mark From Roots 60.854ms
[78.818s][info][gc,marking  ] GC(216) Concurrent Preclean
[78.818s][info][gc,marking  ] GC(216) Concurrent Preclean 0.093ms
[78.818s][info][gc,start    ] GC(216) Pause Remark
[78.829s][info][gc          ] GC(216) Pause Remark 287M->287M(523M) 10.271ms
[78.829s][info][gc,cpu      ] GC(216) User=0.02s Sys=0.00s Real=0.01s
[78.829s][info][gc,marking  ] GC(216) Concurrent Mark 71.778ms
[78.829s][info][gc,marking  ] GC(216) Concurrent Rebuild Remembered Sets and Scrub Regions
[78.858s][info][gc,marking  ] GC(216) Concurrent Rebuild Remembered Sets and Scrub Regions 29.110ms
[78.858s][info][gc,start    ] GC(216) Pause Cleanup
[78.858s][info][gc          ] GC(216) Pause Cleanup 301M->301M(523M) 0.080ms
[78.858s][info][gc,cpu      ] GC(216) User=0.00s Sys=0.00s Real=0.00s
[78.858s][info][gc,marking  ] GC(216) Concurrent Clear Claimed Marks
[78.858s][info][gc,marking  ] GC(216) Concurrent Clear Claimed Marks 0.109ms
[78.858s][info][gc,marking  ] GC(216) Concurrent Cleanup for Next Mark
[78.860s][info][gc,marking  ] GC(216) Concurrent Cleanup for Next Mark 1.622ms
[78.860s][info][gc          ] GC(216) Concurrent Mark Cycle 107.745ms
[79.243s][info][gc,start    ] GC(217) Pause Young (Prepare Mixed) (G1 Evacuation Pause)
[79.243s][info][gc,task     ] GC(217) Using 2 workers of 2 for evacuation
[79.248s][info][gc,phases   ] GC(217)   Pre Evacuate Collection Set: 0.29ms
[79.248s][info][gc,phases   ] GC(217)   Merge Heap Roots: 0.12ms
[79.248s][info][gc,phases   ] GC(217)   Evacuate Collection Set: 4.28ms
[79.249s][info][gc,phases   ] GC(217)   Post Evacuate Collection Set: 0.56ms
[79.249s][info][gc,phases   ] GC(217)   Other: 0.09ms
[79.249s][info][gc,heap     ] GC(217) Eden regions: 225->0(225)
[79.249s][info][gc,heap     ] GC(217) Survivor regions: 2->2(29)
[79.249s][info][gc,heap     ] GC(217) Old regions: 60->60
[79.249s][info][gc,heap     ] GC(217) Humongous regions: 207->207
[79.249s][info][gc,metaspace] GC(217) Metaspace: 56095K(56448K)->56095K(56448K) NonClass: 47796K(48064K)->47796K(48064K) Class: 8298K(8384K)->8298K(8384K)
[79.249s][info][gc          ] GC(217) Pause Young (Prepare Mixed) (G1 Evacuation Pause) 493M->268M(523M) 5.567ms
[79.249s][info][gc,cpu      ] GC(217) User=0.01s Sys=0.00s Real=0.01s
[79.734s][info][gc,start    ] GC(218) Pause Young (Mixed) (G1 Evacuation Pause)
[79.734s][info][gc,task     ] GC(218) Using 2 workers of 2 for evacuation
[79.741s][info][gc,phases   ] GC(218)   Pre Evacuate Collection Set: 0.29ms
[79.742s][info][gc,phases   ] GC(218)   Merge Heap Roots: 0.12ms
[79.742s][info][gc,phases   ] GC(218)   Evacuate Collection Set: 5.98ms
[79.742s][info][gc,phases   ] GC(218)   Post Evacuate Collection Set: 0.61ms
[79.742s][info][gc,phases   ] GC(218)   Other: 0.10ms
[79.742s][info][gc,heap     ] GC(218) Eden regions: 225->0(224)
[79.742s][info][gc,heap     ] GC(218) Survivor regions: 2->3(29)
[79.742s][info][gc,heap     ] GC(218) Old regions: 60->59
[79.742s][info][gc,heap     ] GC(218) Humongous regions: 207->207
[79.742s][info][gc,metaspace] GC(218) Metaspace: 56095K(56448K)->56095K(56448K) NonClass: 47796K(48064K)->47796K(48064K) Class: 8298K(8384K)->8298K(8384K)
[79.742s][info][gc          ] GC(218) Pause Young (Mixed) (G1 Evacuation Pause) 493M->267M(523M) 7.336ms
[79.742s][info][gc,cpu      ] GC(218) User=0.01s Sys=0.00s Real=0.00s
[80.232s][info][gc,start    ] GC(219) Pause Young (Concurrent Start) (G1 Evacuation Pause)
[80.233s][info][gc,task     ] GC(219) Using 2 workers of 2 for evacuation
[80.238s][info][gc,phases   ] GC(219)   Pre Evacuate Collection Set: 0.28ms
[80.238s][info][gc,phases   ] GC(219)   Merge Heap Roots: 0.09ms
[80.238s][info][gc,phases   ] GC(219)   Evacuate Collection Set: 3.93ms
[80.238s][info][gc,phases   ] GC(219)   Post Evacuate Collection Set: 0.54ms
[80.238s][info][gc,phases   ] GC(219)   Other: 0.10ms
[80.238s][info][gc,heap     ] GC(219) Eden regions: 224->0(226)
[80.238s][info][gc,heap     ] GC(219) Survivor regions: 3->2(29)
[80.238s][info][gc,heap     ] GC(219) Old regions: 59->59
[80.238s][info][gc,heap     ] GC(219) Humongous regions: 207->207
[80.238s][info][gc,metaspace] GC(219) Metaspace: 56097K(56448K)->56097K(56448K) NonClass: 47798K(48064K)->47798K(48064K) Class: 8298K(8384K)->8298K(8384K)
[80.238s][info][gc          ] GC(219) Pause Young (Concurrent Start) (G1 Evacuation Pause) 491M->267M(523M) 5.178ms
[80.238s][info][gc,cpu      ] GC(219) User=0.01s Sys=0.00s Real=0.01s
[80.238s][info][gc          ] GC(220) Concurrent Mark Cycle
[80.238s][info][gc,marking  ] GC(220) Concurrent Scan Root Regions
[80.245s][info][gc,marking  ] GC(220) Concurrent Scan Root Regions 7.376ms
[80.245s][info][gc,marking  ] GC(220) Concurrent Mark
[80.245s][info][gc,marking  ] GC(220) Concurrent Mark From Roots
[80.245s][info][gc,task     ] GC(220) Using 1 workers of 1 for marking
[80.300s][info][gc,marking  ] GC(220) Concurrent Mark From Roots 54.590ms
[80.300s][info][gc,marking  ] GC(220) Concurrent Preclean
[80.300s][info][gc,marking  ] GC(220) Concurrent Preclean 0.069ms
[80.300s][info][gc,start    ] GC(220) Pause Remark
[80.309s][info][gc          ] GC(220) Pause Remark 287M->287M(523M) 8.432ms
[80.309s][info][gc,cpu      ] GC(220) User=0.02s Sys=0.00s Real=0.01s
[80.310s][info][gc,marking  ] GC(220) Concurrent Mark 64.938ms
[80.310s][info][gc,marking  ] GC(220) Concurrent Rebuild Remembered Sets and Scrub Regions
[80.345s][info][gc,marking  ] GC(220) Concurrent Rebuild Remembered Sets and Scrub Regions 35.188ms
[80.346s][info][gc,start    ] GC(220) Pause Cleanup
[80.346s][info][gc          ] GC(220) Pause Cleanup 312M->312M(523M) 0.095ms
[80.346s][info][gc,cpu      ] GC(220) User=0.00s Sys=0.00s Real=0.00s
[80.347s][info][gc,marking  ] GC(220) Concurrent Clear Claimed Marks
[80.347s][info][gc,marking  ] GC(220) Concurrent Clear Claimed Marks 0.111ms
[80.347s][info][gc,marking  ] GC(220) Concurrent Cleanup for Next Mark
[80.349s][info][gc,marking  ] GC(220) Concurrent Cleanup for Next Mark 1.825ms
[80.349s][info][gc          ] GC(220) Concurrent Mark Cycle 111.181ms
[80.744s][info][gc,start    ] GC(221) Pause Young (Prepare Mixed) (G1 Evacuation Pause)
[80.744s][info][gc,task     ] GC(221) Using 2 workers of 2 for evacuation
[80.748s][info][gc,phases   ] GC(221)   Pre Evacuate Collection Set: 0.27ms
[80.748s][info][gc,phases   ] GC(221)   Merge Heap Roots: 0.10ms
[80.748s][info][gc,phases   ] GC(221)   Evacuate Collection Set: 3.14ms
[80.748s][info][gc,phases   ] GC(221)   Post Evacuate Collection Set: 0.62ms
[80.748s][info][gc,phases   ] GC(221)   Other: 0.12ms
[80.748s][info][gc,heap     ] GC(221) Eden regions: 226->0(226)
[80.748s][info][gc,heap     ] GC(221) Survivor regions: 2->2(29)
[80.748s][info][gc,heap     ] GC(221) Old regions: 59->59
[80.748s][info][gc,heap     ] GC(221) Humongous regions: 207->207
[80.748s][info][gc,metaspace] GC(221) Metaspace: 56097K(56448K)->56097K(56448K) NonClass: 47798K(48064K)->47798K(48064K) Class: 8298K(8384K)->8298K(8384K)
[80.748s][info][gc          ] GC(221) Pause Young (Prepare Mixed) (G1 Evacuation Pause) 493M->267M(523M) 4.437ms
[80.748s][info][gc,cpu      ] GC(221) User=0.01s Sys=0.00s Real=0.00s
[81.232s][info][gc,start    ] GC(222) Pause Young (Mixed) (G1 Evacuation Pause)
[81.232s][info][gc,task     ] GC(222) Using 2 workers of 2 for evacuation
[81.240s][info][gc,phases   ] GC(222)   Pre Evacuate Collection Set: 0.28ms
[81.240s][info][gc,phases   ] GC(222)   Merge Heap Roots: 0.11ms
[81.240s][info][gc,phases   ] GC(222)   Evacuate Collection Set: 6.71ms
[81.240s][info][gc,phases   ] GC(222)   Post Evacuate Collection Set: 0.64ms
[81.240s][info][gc,phases   ] GC(222)   Other: 0.10ms
[81.240s][info][gc,heap     ] GC(222) Eden regions: 226->0(225)
[81.240s][info][gc,heap     ] GC(222) Survivor regions: 2->3(29)
[81.240s][info][gc,heap     ] GC(222) Old regions: 59->58
[81.240s][info][gc,heap     ] GC(222) Humongous regions: 207->207
[81.240s][info][gc,metaspace] GC(222) Metaspace: 56098K(56448K)->56098K(56448K) NonClass: 47799K(48064K)->47799K(48064K) Class: 8298K(8384K)->8298K(8384K)
[81.240s][info][gc          ] GC(222) Pause Young (Mixed) (G1 Evacuation Pause) 493M->267M(523M) 8.069ms
[81.240s][info][gc,cpu      ] GC(222) User=0.02s Sys=0.00s Real=0.01s
[81.731s][info][gc,start    ] GC(223) Pause Young (Concurrent Start) (G1 Evacuation Pause)
[81.731s][info][gc,task     ] GC(223) Using 2 workers of 2 for evacuation
[81.737s][info][gc,phases   ] GC(223)   Pre Evacuate Collection Set: 0.30ms
[81.737s][info][gc,phases   ] GC(223)   Merge Heap Roots: 0.10ms
[81.737s][info][gc,phases   ] GC(223)   Evacuate Collection Set: 4.62ms
[81.737s][info][gc,phases   ] GC(223)   Post Evacuate Collection Set: 0.56ms
[81.737s][info][gc,phases   ] GC(223)   Other: 0.12ms
[81.737s][info][gc,heap     ] GC(223) Eden regions: 225->0(225)
[81.737s][info][gc,heap     ] GC(223) Survivor regions: 3->3(29)
[81.737s][info][gc,heap     ] GC(223) Old regions: 58->58
[81.737s][info][gc,heap     ] GC(223) Humongous regions: 207->207
[81.737s][info][gc,metaspace] GC(223) Metaspace: 56098K(56448K)->56098K(56448K) NonClass: 47799K(48064K)->47799K(48064K) Class: 8298K(8384K)->8298K(8384K)
[81.737s][info][gc          ] GC(223) Pause Young (Concurrent Start) (G1 Evacuation Pause) 492M->267M(523M) 5.894ms
[81.737s][info][gc          ] GC(224) Concurrent Mark Cycle
[81.737s][info][gc,marking  ] GC(224) Concurrent Scan Root Regions
[81.739s][info][gc,cpu      ] GC(223) User=0.01s Sys=0.00s Real=0.01s
[81.740s][info][gc,marking  ] GC(224) Concurrent Scan Root Regions 3.034ms
[81.740s][info][gc,marking  ] GC(224) Concurrent Mark
[81.740s][info][gc,marking  ] GC(224) Concurrent Mark From Roots
[81.740s][info][gc,task     ] GC(224) Using 1 workers of 1 for marking
[81.814s][info][gc,marking  ] GC(224) Concurrent Mark From Roots 74.090ms
[81.815s][info][gc,marking  ] GC(224) Concurrent Preclean
[81.815s][info][gc,marking  ] GC(224) Concurrent Preclean 0.083ms
[81.815s][info][gc,start    ] GC(224) Pause Remark
[81.823s][info][gc          ] GC(224) Pause Remark 298M->298M(523M) 8.575ms
[81.823s][info][gc,cpu      ] GC(224) User=0.01s Sys=0.00s Real=0.00s
[81.824s][info][gc,marking  ] GC(224) Concurrent Mark 83.696ms
[81.824s][info][gc,marking  ] GC(224) Concurrent Rebuild Remembered Sets and Scrub Regions
[81.852s][info][gc,marking  ] GC(224) Concurrent Rebuild Remembered Sets and Scrub Regions 27.836ms
[81.853s][info][gc,start    ] GC(224) Pause Cleanup
[81.853s][info][gc          ] GC(224) Pause Cleanup 316M->316M(523M) 0.090ms
[81.853s][info][gc,cpu      ] GC(224) User=0.00s Sys=0.00s Real=0.00s
[81.853s][info][gc,marking  ] GC(224) Concurrent Clear Claimed Marks
[81.853s][info][gc,marking  ] GC(224) Concurrent Clear Claimed Marks 0.104ms
[81.853s][info][gc,marking  ] GC(224) Concurrent Cleanup for Next Mark
[81.855s][info][gc,marking  ] GC(224) Concurrent Cleanup for Next Mark 1.936ms
[81.855s][info][gc          ] GC(224) Concurrent Mark Cycle 117.763ms
[82.226s][info][gc,start    ] GC(225) Pause Young (Prepare Mixed) (G1 Evacuation Pause)
[82.226s][info][gc,task     ] GC(225) Using 2 workers of 2 for evacuation
[82.232s][info][gc,phases   ] GC(225)   Pre Evacuate Collection Set: 0.28ms
[82.232s][info][gc,phases   ] GC(225)   Merge Heap Roots: 0.11ms
[82.232s][info][gc,phases   ] GC(225)   Evacuate Collection Set: 4.83ms
[82.232s][info][gc,phases   ] GC(225)   Post Evacuate Collection Set: 0.59ms
[82.232s][info][gc,phases   ] GC(225)   Other: 0.10ms
[82.232s][info][gc,heap     ] GC(225) Eden regions: 225->0(225)
[82.232s][info][gc,heap     ] GC(225) Survivor regions: 3->3(29)
[82.232s][info][gc,heap     ] GC(225) Old regions: 58->58
[82.232s][info][gc,heap     ] GC(225) Humongous regions: 207->207
[82.232s][info][gc,metaspace] GC(225) Metaspace: 56098K(56448K)->56098K(56448K) NonClass: 47799K(48064K)->47799K(48064K) Class: 8298K(8384K)->8298K(8384K)
[82.232s][info][gc          ] GC(225) Pause Young (Prepare Mixed) (G1 Evacuation Pause) 492M->267M(523M) 6.126ms
[82.232s][info][gc,cpu      ] GC(225) User=0.01s Sys=0.00s Real=0.00s
[82.720s][info][gc,start    ] GC(226) Pause Young (Mixed) (G1 Evacuation Pause)
[82.720s][info][gc,task     ] GC(226) Using 2 workers of 2 for evacuation
[82.727s][info][gc,phases   ] GC(226)   Pre Evacuate Collection Set: 0.28ms
[82.727s][info][gc,phases   ] GC(226)   Merge Heap Roots: 0.09ms
[82.727s][info][gc,phases   ] GC(226)   Evacuate Collection Set: 6.06ms
[82.727s][info][gc,phases   ] GC(226)   Post Evacuate Collection Set: 0.62ms
[82.727s][info][gc,phases   ] GC(226)   Other: 0.10ms
[82.727s][info][gc,heap     ] GC(226) Eden regions: 225->0(226)
[82.727s][info][gc,heap     ] GC(226) Survivor regions: 3->3(29)
[82.727s][info][gc,heap     ] GC(226) Old regions: 58->57
[82.727s][info][gc,heap     ] GC(226) Humongous regions: 207->207
[82.727s][info][gc,metaspace] GC(226) Metaspace: 56098K(56448K)->56098K(56448K) NonClass: 47799K(48064K)->47799K(48064K) Class: 8298K(8384K)->8298K(8384K)
[82.727s][info][gc          ] GC(226) Pause Young (Mixed) (G1 Evacuation Pause) 492M->266M(523M) 7.351ms
[82.727s][info][gc,cpu      ] GC(226) User=0.01s Sys=0.00s Real=0.01s
[83.226s][info][gc,start    ] GC(227) Pause Young (Concurrent Start) (G1 Evacuation Pause)
[83.226s][info][gc,task     ] GC(227) Using 2 workers of 2 for evacuation
[83.230s][info][gc,phases   ] GC(227)   Pre Evacuate Collection Set: 0.31ms
[83.230s][info][gc,phases   ] GC(227)   Merge Heap Roots: 0.09ms
[83.230s][info][gc,phases   ] GC(227)   Evacuate Collection Set: 3.06ms
[83.230s][info][gc,phases   ] GC(227)   Post Evacuate Collection Set: 0.58ms
[83.230s][info][gc,phases   ] GC(227)   Other: 0.12ms
[83.230s][info][gc,heap     ] GC(227) Eden regions: 226->0(227)
[83.230s][info][gc,heap     ] GC(227) Survivor regions: 3->2(29)
[83.230s][info][gc,heap     ] GC(227) Old regions: 57->58
[83.230s][info][gc,heap     ] GC(227) Humongous regions: 207->207
[83.230s][info][gc,metaspace] GC(227) Metaspace: 56098K(56448K)->56098K(56448K) NonClass: 47799K(48064K)->47799K(48064K) Class: 8298K(8384K)->8298K(8384K)
[83.230s][info][gc          ] GC(227) Pause Young (Concurrent Start) (G1 Evacuation Pause) 492M->265M(523M) 4.356ms
[83.230s][info][gc,cpu      ] GC(227) User=0.01s Sys=0.00s Real=0.00s
[83.230s][info][gc          ] GC(228) Concurrent Mark Cycle
[83.230s][info][gc,marking  ] GC(228) Concurrent Scan Root Regions
[83.233s][info][gc,marking  ] GC(228) Concurrent Scan Root Regions 3.004ms
[83.233s][info][gc,marking  ] GC(228) Concurrent Mark
[83.233s][info][gc,marking  ] GC(228) Concurrent Mark From Roots
[83.233s][info][gc,task     ] GC(228) Using 1 workers of 1 for marking
[83.302s][info][gc,marking  ] GC(228) Concurrent Mark From Roots 68.955ms
[83.302s][info][gc,marking  ] GC(228) Concurrent Preclean
[83.302s][info][gc,marking  ] GC(228) Concurrent Preclean 0.075ms
[83.302s][info][gc,start    ] GC(228) Pause Remark
[83.311s][info][gc          ] GC(228) Pause Remark 295M->295M(523M) 8.895ms
[83.311s][info][gc,cpu      ] GC(228) User=0.01s Sys=0.00s Real=0.01s
[83.312s][info][gc,marking  ] GC(228) Concurrent Mark 79.132ms
[83.312s][info][gc,marking  ] GC(228) Concurrent Rebuild Remembered Sets and Scrub Regions
[83.349s][info][gc,marking  ] GC(228) Concurrent Rebuild Remembered Sets and Scrub Regions 36.919ms
[83.349s][info][gc,start    ] GC(228) Pause Cleanup
[83.349s][info][gc          ] GC(228) Pause Cleanup 318M->318M(523M) 0.110ms
[83.349s][info][gc,cpu      ] GC(228) User=0.00s Sys=0.00s Real=0.00s
[83.350s][info][gc,marking  ] GC(228) Concurrent Clear Claimed Marks
[83.351s][info][gc,marking  ] GC(228) Concurrent Clear Claimed Marks 0.134ms
[83.351s][info][gc,marking  ] GC(228) Concurrent Cleanup for Next Mark
[83.355s][info][gc,marking  ] GC(228) Concurrent Cleanup for Next Mark 4.067ms
[83.355s][info][gc          ] GC(228) Concurrent Mark Cycle 124.693ms
[83.733s][info][gc,start    ] GC(229) Pause Young (Prepare Mixed) (G1 Evacuation Pause)
[83.733s][info][gc,task     ] GC(229) Using 2 workers of 2 for evacuation
[83.737s][info][gc,phases   ] GC(229)   Pre Evacuate Collection Set: 0.28ms
[83.737s][info][gc,phases   ] GC(229)   Merge Heap Roots: 0.11ms
[83.737s][info][gc,phases   ] GC(229)   Evacuate Collection Set: 3.05ms
[83.737s][info][gc,phases   ] GC(229)   Post Evacuate Collection Set: 0.57ms
[83.737s][info][gc,phases   ] GC(229)   Other: 0.10ms
[83.737s][info][gc,heap     ] GC(229) Eden regions: 227->0(227)
[83.737s][info][gc,heap     ] GC(229) Survivor regions: 2->2(29)
[83.737s][info][gc,heap     ] GC(229) Old regions: 58->58
[83.737s][info][gc,heap     ] GC(229) Humongous regions: 207->207
[83.737s][info][gc,metaspace] GC(229) Metaspace: 56098K(56448K)->56098K(56448K) NonClass: 47799K(48064K)->47799K(48064K) Class: 8298K(8384K)->8298K(8384K)
[83.737s][info][gc          ] GC(229) Pause Young (Prepare Mixed) (G1 Evacuation Pause) 492M->265M(523M) 4.305ms
[83.737s][info][gc,cpu      ] GC(229) User=0.01s Sys=0.00s Real=0.01s
[84.233s][info][gc,start    ] GC(230) Pause Young (Mixed) (G1 Evacuation Pause)
[84.233s][info][gc,task     ] GC(230) Using 2 workers of 2 for evacuation
[84.242s][info][gc,phases   ] GC(230)   Pre Evacuate Collection Set: 0.27ms
[84.242s][info][gc,phases   ] GC(230)   Merge Heap Roots: 0.08ms
[84.242s][info][gc,phases   ] GC(230)   Evacuate Collection Set: 8.21ms
[84.242s][info][gc,phases   ] GC(230)   Post Evacuate Collection Set: 0.60ms
[84.242s][info][gc,phases   ] GC(230)   Other: 0.08ms
[84.242s][info][gc,heap     ] GC(230) Eden regions: 227->0(224)
[84.242s][info][gc,heap     ] GC(230) Survivor regions: 2->4(29)
[84.242s][info][gc,heap     ] GC(230) Old regions: 58->57
[84.242s][info][gc,heap     ] GC(230) Humongous regions: 207->207
[84.242s][info][gc,metaspace] GC(230) Metaspace: 56098K(56448K)->56098K(56448K) NonClass: 47799K(48064K)->47799K(48064K) Class: 8298K(8384K)->8298K(8384K)
[84.242s][info][gc          ] GC(230) Pause Young (Mixed) (G1 Evacuation Pause) 492M->267M(523M) 9.446ms
[84.242s][info][gc,cpu      ] GC(230) User=0.02s Sys=0.00s Real=0.01s
[84.721s][info][gc,start    ] GC(231) Pause Young (Concurrent Start) (G1 Evacuation Pause)
[84.722s][info][gc,task     ] GC(231) Using 2 workers of 2 for evacuation
[84.727s][info][gc,phases   ] GC(231)   Pre Evacuate Collection Set: 0.29ms
[84.727s][info][gc,phases   ] GC(231)   Merge Heap Roots: 0.09ms
[84.727s][info][gc,phases   ] GC(231)   Evacuate Collection Set: 4.25ms
[84.727s][info][gc,phases   ] GC(231)   Post Evacuate Collection Set: 0.59ms
[84.727s][info][gc,phases   ] GC(231)   Other: 0.10ms
[84.727s][info][gc,heap     ] GC(231) Eden regions: 224->0(226)
[84.727s][info][gc,heap     ] GC(231) Survivor regions: 4->3(29)
[84.727s][info][gc,heap     ] GC(231) Old regions: 57->57
[84.727s][info][gc,heap     ] GC(231) Humongous regions: 207->207
[84.727s][info][gc,metaspace] GC(231) Metaspace: 56098K(56448K)->56098K(56448K) NonClass: 47799K(48064K)->47799K(48064K) Class: 8298K(8384K)->8298K(8384K)
[84.727s][info][gc          ] GC(231) Pause Young (Concurrent Start) (G1 Evacuation Pause) 491M->266M(523M) 5.539ms
[84.727s][info][gc,cpu      ] GC(231) User=0.01s Sys=0.00s Real=0.01s
[84.727s][info][gc          ] GC(232) Concurrent Mark Cycle
[84.727s][info][gc,marking  ] GC(232) Concurrent Scan Root Regions
[84.731s][info][gc,marking  ] GC(232) Concurrent Scan Root Regions 4.108ms
[84.731s][info][gc,marking  ] GC(232) Concurrent Mark
[84.731s][info][gc,marking  ] GC(232) Concurrent Mark From Roots
[84.731s][info][gc,task     ] GC(232) Using 1 workers of 1 for marking
[84.801s][info][gc,marking  ] GC(232) Concurrent Mark From Roots 70.031ms
[84.801s][info][gc,marking  ] GC(232) Concurrent Preclean
[84.801s][info][gc,marking  ] GC(232) Concurrent Preclean 0.091ms
[84.802s][info][gc,start    ] GC(232) Pause Remark
[84.810s][info][gc          ] GC(232) Pause Remark 298M->298M(523M) 8.510ms
[84.810s][info][gc,cpu      ] GC(232) User=0.01s Sys=0.01s Real=0.01s
[84.811s][info][gc,marking  ] GC(232) Concurrent Mark 79.403ms
[84.811s][info][gc,marking  ] GC(232) Concurrent Rebuild Remembered Sets and Scrub Regions
[84.828s][info][gc,marking  ] GC(232) Concurrent Rebuild Remembered Sets and Scrub Regions 17.729ms
[84.829s][info][gc,start    ] GC(232) Pause Cleanup
[84.829s][info][gc          ] GC(232) Pause Cleanup 308M->308M(523M) 0.077ms
[84.829s][info][gc,cpu      ] GC(232) User=0.00s Sys=0.00s Real=0.00s
[84.829s][info][gc,marking  ] GC(232) Concurrent Clear Claimed Marks
[84.829s][info][gc,marking  ] GC(232) Concurrent Clear Claimed Marks 0.096ms
[84.829s][info][gc,marking  ] GC(232) Concurrent Cleanup for Next Mark
[84.831s][info][gc,marking  ] GC(232) Concurrent Cleanup for Next Mark 1.645ms
[84.831s][info][gc          ] GC(232) Concurrent Mark Cycle 103.513ms
[85.217s][info][gc,start    ] GC(233) Pause Young (Prepare Mixed) (G1 Evacuation Pause)
[85.217s][info][gc,task     ] GC(233) Using 2 workers of 2 for evacuation
[85.221s][info][gc,phases   ] GC(233)   Pre Evacuate Collection Set: 0.28ms
[85.221s][info][gc,phases   ] GC(233)   Merge Heap Roots: 0.12ms
[85.221s][info][gc,phases   ] GC(233)   Evacuate Collection Set: 2.87ms
[85.221s][info][gc,phases   ] GC(233)   Post Evacuate Collection Set: 0.58ms
[85.221s][info][gc,phases   ] GC(233)   Other: 0.08ms
[85.221s][info][gc,heap     ] GC(233) Eden regions: 226->0(228)
[85.221s][info][gc,heap     ] GC(233) Survivor regions: 3->2(29)
[85.221s][info][gc,heap     ] GC(233) Old regions: 57->57
[85.221s][info][gc,heap     ] GC(233) Humongous regions: 207->207
[85.221s][info][gc,metaspace] GC(233) Metaspace: 56098K(56448K)->56098K(56448K) NonClass: 47799K(48064K)->47799K(48064K) Class: 8298K(8384K)->8298K(8384K)
[85.221s][info][gc          ] GC(233) Pause Young (Prepare Mixed) (G1 Evacuation Pause) 492M->265M(523M) 4.137ms
[85.221s][info][gc,cpu      ] GC(233) User=0.01s Sys=0.00s Real=0.00s
[85.719s][info][gc,start    ] GC(234) Pause Young (Mixed) (G1 Evacuation Pause)
[85.719s][info][gc,task     ] GC(234) Using 2 workers of 2 for evacuation
[85.725s][info][gc,phases   ] GC(234)   Pre Evacuate Collection Set: 0.28ms
[85.725s][info][gc,phases   ] GC(234)   Merge Heap Roots: 0.10ms
[85.725s][info][gc,phases   ] GC(234)   Evacuate Collection Set: 4.75ms
[85.725s][info][gc,phases   ] GC(234)   Post Evacuate Collection Set: 0.64ms
[85.725s][info][gc,phases   ] GC(234)   Other: 0.11ms
[85.725s][info][gc,heap     ] GC(234) Eden regions: 228->0(226)
[85.725s][info][gc,heap     ] GC(234) Survivor regions: 2->3(29)
[85.725s][info][gc,heap     ] GC(234) Old regions: 57->57
[85.725s][info][gc,heap     ] GC(234) Humongous regions: 207->207
[85.725s][info][gc,metaspace] GC(234) Metaspace: 56098K(56448K)->56098K(56448K) NonClass: 47799K(48064K)->47799K(48064K) Class: 8298K(8384K)->8298K(8384K)
[85.725s][info][gc          ] GC(234) Pause Young (Mixed) (G1 Evacuation Pause) 493M->265M(523M) 6.122ms
[85.725s][info][gc,cpu      ] GC(234) User=0.01s Sys=0.00s Real=0.01s
[86.213s][info][gc,start    ] GC(235) Pause Young (Concurrent Start) (G1 Evacuation Pause)
[86.213s][info][gc,task     ] GC(235) Using 2 workers of 2 for evacuation
[86.218s][info][gc,phases   ] GC(235)   Pre Evacuate Collection Set: 0.33ms
[86.218s][info][gc,phases   ] GC(235)   Merge Heap Roots: 0.15ms
[86.218s][info][gc,phases   ] GC(235)   Evacuate Collection Set: 3.42ms
[86.218s][info][gc,phases   ] GC(235)   Post Evacuate Collection Set: 0.58ms
[86.218s][info][gc,phases   ] GC(235)   Other: 0.11ms
[86.218s][info][gc,heap     ] GC(235) Eden regions: 226->0(228)
[86.218s][info][gc,heap     ] GC(235) Survivor regions: 3->2(29)
[86.218s][info][gc,heap     ] GC(235) Old regions: 57->57
[86.218s][info][gc,heap     ] GC(235) Humongous regions: 207->207
[86.218s][info][gc,metaspace] GC(235) Metaspace: 56098K(56448K)->56098K(56448K) NonClass: 47799K(48064K)->47799K(48064K) Class: 8298K(8384K)->8298K(8384K)
[86.218s][info][gc          ] GC(235) Pause Young (Concurrent Start) (G1 Evacuation Pause) 491M->264M(523M) 4.800ms
[86.218s][info][gc,cpu      ] GC(235) User=0.01s Sys=0.00s Real=0.01s
[86.218s][info][gc          ] GC(236) Concurrent Mark Cycle
[86.218s][info][gc,marking  ] GC(236) Concurrent Scan Root Regions
[86.221s][info][gc,marking  ] GC(236) Concurrent Scan Root Regions 2.388ms
[86.221s][info][gc,marking  ] GC(236) Concurrent Mark
[86.221s][info][gc,marking  ] GC(236) Concurrent Mark From Roots
[86.221s][info][gc,task     ] GC(236) Using 1 workers of 1 for marking
[86.285s][info][gc,marking  ] GC(236) Concurrent Mark From Roots 64.339ms
[86.285s][info][gc,marking  ] GC(236) Concurrent Preclean
[86.285s][info][gc,marking  ] GC(236) Concurrent Preclean 0.075ms
[86.285s][info][gc,start    ] GC(236) Pause Remark
[86.294s][info][gc          ] GC(236) Pause Remark 300M->300M(523M) 8.663ms
[86.294s][info][gc,cpu      ] GC(236) User=0.02s Sys=0.00s Real=0.01s
[86.296s][info][gc,marking  ] GC(236) Concurrent Mark 74.948ms
[86.296s][info][gc,marking  ] GC(236) Concurrent Rebuild Remembered Sets and Scrub Regions
[86.317s][info][gc,marking  ] GC(236) Concurrent Rebuild Remembered Sets and Scrub Regions 21.601ms
[86.317s][info][gc,start    ] GC(236) Pause Cleanup
[86.317s][info][gc          ] GC(236) Pause Cleanup 304M->304M(523M) 0.088ms
[86.317s][info][gc,cpu      ] GC(236) User=0.00s Sys=0.00s Real=0.00s
[86.318s][info][gc,marking  ] GC(236) Concurrent Clear Claimed Marks
[86.318s][info][gc,marking  ] GC(236) Concurrent Clear Claimed Marks 0.111ms
[86.318s][info][gc,marking  ] GC(236) Concurrent Cleanup for Next Mark
[86.322s][info][gc,marking  ] GC(236) Concurrent Cleanup for Next Mark 4.086ms
[86.322s][info][gc          ] GC(236) Concurrent Mark Cycle 104.246ms
[86.745s][info][gc,start    ] GC(237) Pause Young (Prepare Mixed) (G1 Evacuation Pause)
[86.745s][info][gc,task     ] GC(237) Using 2 workers of 2 for evacuation
[86.748s][info][gc,phases   ] GC(237)   Pre Evacuate Collection Set: 0.28ms
[86.748s][info][gc,phases   ] GC(237)   Merge Heap Roots: 0.12ms
[86.748s][info][gc,phases   ] GC(237)   Evacuate Collection Set: 2.37ms
[86.748s][info][gc,phases   ] GC(237)   Post Evacuate Collection Set: 0.62ms
[86.748s][info][gc,phases   ] GC(237)   Other: 0.10ms
[86.748s][info][gc,heap     ] GC(237) Eden regions: 228->0(230)
[86.748s][info][gc,heap     ] GC(237) Survivor regions: 2->1(29)
[86.748s][info][gc,heap     ] GC(237) Old regions: 57->57
[86.748s][info][gc,heap     ] GC(237) Humongous regions: 207->207
[86.748s][info][gc,metaspace] GC(237) Metaspace: 56098K(56448K)->56098K(56448K) NonClass: 47799K(48064K)->47799K(48064K) Class: 8298K(8384K)->8298K(8384K)
[86.748s][info][gc          ] GC(237) Pause Young (Prepare Mixed) (G1 Evacuation Pause) 492M->264M(523M) 3.701ms
[86.748s][info][gc,cpu      ] GC(237) User=0.01s Sys=0.00s Real=0.00s
[87.218s][info][gc,start    ] GC(238) Pause Young (Mixed) (G1 Evacuation Pause)
[87.218s][info][gc,task     ] GC(238) Using 2 workers of 2 for evacuation
[87.226s][info][gc,phases   ] GC(238)   Pre Evacuate Collection Set: 0.35ms
[87.226s][info][gc,phases   ] GC(238)   Merge Heap Roots: 0.09ms
[87.226s][info][gc,phases   ] GC(238)   Evacuate Collection Set: 5.87ms
[87.226s][info][gc,phases   ] GC(238)   Post Evacuate Collection Set: 0.75ms
[87.226s][info][gc,phases   ] GC(238)   Other: 0.12ms
[87.226s][info][gc,heap     ] GC(238) Eden regions: 230->0(228)
[87.226s][info][gc,heap     ] GC(238) Survivor regions: 1->2(29)
[87.226s][info][gc,heap     ] GC(238) Old regions: 57->57
[87.226s][info][gc,heap     ] GC(238) Humongous regions: 207->207
[87.226s][info][gc,metaspace] GC(238) Metaspace: 56098K(56448K)->56098K(56448K) NonClass: 47799K(48064K)->47799K(48064K) Class: 8298K(8384K)->8298K(8384K)
[87.226s][info][gc          ] GC(238) Pause Young (Mixed) (G1 Evacuation Pause) 494M->264M(523M) 7.459ms
[87.226s][info][gc,cpu      ] GC(238) User=0.01s Sys=0.00s Real=0.01s
[87.717s][info][gc,start    ] GC(239) Pause Young (Concurrent Start) (G1 Evacuation Pause)
[87.717s][info][gc,task     ] GC(239) Using 2 workers of 2 for evacuation
[87.722s][info][gc,phases   ] GC(239)   Pre Evacuate Collection Set: 0.33ms
[87.722s][info][gc,phases   ] GC(239)   Merge Heap Roots: 0.10ms
[87.722s][info][gc,phases   ] GC(239)   Evacuate Collection Set: 3.70ms
[87.722s][info][gc,phases   ] GC(239)   Post Evacuate Collection Set: 0.56ms
[87.722s][info][gc,phases   ] GC(239)   Other: 0.13ms
[87.722s][info][gc,heap     ] GC(239) Eden regions: 228->0(228)
[87.722s][info][gc,heap     ] GC(239) Survivor regions: 2->2(29)
[87.722s][info][gc,heap     ] GC(239) Old regions: 57->57
[87.722s][info][gc,heap     ] GC(239) Humongous regions: 207->207
[87.722s][info][gc,metaspace] GC(239) Metaspace: 56098K(56448K)->56098K(56448K) NonClass: 47799K(48064K)->47799K(48064K) Class: 8298K(8384K)->8298K(8384K)
[87.722s][info][gc          ] GC(239) Pause Young (Concurrent Start) (G1 Evacuation Pause) 492M->264M(523M) 5.017ms
[87.722s][info][gc          ] GC(240) Concurrent Mark Cycle
[87.722s][info][gc,marking  ] GC(240) Concurrent Scan Root Regions
[87.725s][info][gc,cpu      ] GC(239) User=0.01s Sys=0.00s Real=0.01s
[87.726s][info][gc,marking  ] GC(240) Concurrent Scan Root Regions 3.618ms
[87.726s][info][gc,marking  ] GC(240) Concurrent Mark
[87.726s][info][gc,marking  ] GC(240) Concurrent Mark From Roots
[87.726s][info][gc,task     ] GC(240) Using 1 workers of 1 for marking
[87.790s][info][gc,marking  ] GC(240) Concurrent Mark From Roots 64.003ms
[87.790s][info][gc,marking  ] GC(240) Concurrent Preclean
[87.790s][info][gc,marking  ] GC(240) Concurrent Preclean 0.095ms
[87.793s][info][gc,start    ] GC(240) Pause Remark
[87.815s][info][gc          ] GC(240) Pause Remark 282M->282M(523M) 22.708ms
[87.815s][info][gc,cpu      ] GC(240) User=0.02s Sys=0.00s Real=0.03s
[87.816s][info][gc,marking  ] GC(240) Concurrent Mark 90.081ms
[87.816s][info][gc,marking  ] GC(240) Concurrent Rebuild Remembered Sets and Scrub Regions
[87.840s][info][gc,marking  ] GC(240) Concurrent Rebuild Remembered Sets and Scrub Regions 24.258ms
[87.841s][info][gc,start    ] GC(240) Pause Cleanup
[87.841s][info][gc          ] GC(240) Pause Cleanup 283M->283M(523M) 0.187ms
[87.841s][info][gc,cpu      ] GC(240) User=0.00s Sys=0.00s Real=0.00s
[87.844s][info][gc,marking  ] GC(240) Concurrent Clear Claimed Marks
[87.844s][info][gc,marking  ] GC(240) Concurrent Clear Claimed Marks 0.127ms
[87.844s][info][gc,marking  ] GC(240) Concurrent Cleanup for Next Mark
[87.849s][info][gc,marking  ] GC(240) Concurrent Cleanup for Next Mark 5.262ms
[87.849s][info][gc          ] GC(240) Concurrent Mark Cycle 126.816ms
[88.218s][info][gc,start    ] GC(241) Pause Young (Prepare Mixed) (G1 Evacuation Pause)
[88.218s][info][gc,task     ] GC(241) Using 2 workers of 2 for evacuation
[88.224s][info][gc,phases   ] GC(241)   Pre Evacuate Collection Set: 0.40ms
[88.224s][info][gc,phases   ] GC(241)   Merge Heap Roots: 0.13ms
[88.224s][info][gc,phases   ] GC(241)   Evacuate Collection Set: 4.75ms
[88.224s][info][gc,phases   ] GC(241)   Post Evacuate Collection Set: 0.60ms
[88.224s][info][gc,phases   ] GC(241)   Other: 0.11ms
[88.224s][info][gc,heap     ] GC(241) Eden regions: 228->0(226)
[88.224s][info][gc,heap     ] GC(241) Survivor regions: 2->3(29)
[88.224s][info][gc,heap     ] GC(241) Old regions: 57->57
[88.224s][info][gc,heap     ] GC(241) Humongous regions: 207->207
[88.224s][info][gc,metaspace] GC(241) Metaspace: 56098K(56448K)->56098K(56448K) NonClass: 47799K(48064K)->47799K(48064K) Class: 8298K(8384K)->8298K(8384K)
[88.224s][info][gc          ] GC(241) Pause Young (Prepare Mixed) (G1 Evacuation Pause) 492M->265M(523M) 6.175ms
[88.224s][info][gc,cpu      ] GC(241) User=0.01s Sys=0.00s Real=0.01s
[88.716s][info][gc,start    ] GC(242) Pause Young (Mixed) (G1 Evacuation Pause)
[88.716s][info][gc,task     ] GC(242) Using 2 workers of 2 for evacuation
[88.722s][info][gc,phases   ] GC(242)   Pre Evacuate Collection Set: 0.27ms
[88.722s][info][gc,phases   ] GC(242)   Merge Heap Roots: 0.08ms
[88.722s][info][gc,phases   ] GC(242)   Evacuate Collection Set: 4.71ms
[88.722s][info][gc,phases   ] GC(242)   Post Evacuate Collection Set: 0.66ms
[88.722s][info][gc,phases   ] GC(242)   Other: 0.09ms
[88.722s][info][gc,heap     ] GC(242) Eden regions: 226->0(229)
[88.722s][info][gc,heap     ] GC(242) Survivor regions: 3->2(29)
[88.722s][info][gc,heap     ] GC(242) Old regions: 57->56
[88.722s][info][gc,heap     ] GC(242) Humongous regions: 207->207
[88.722s][info][gc,metaspace] GC(242) Metaspace: 56099K(56448K)->56099K(56448K) NonClass: 47800K(48064K)->47800K(48064K) Class: 8298K(8384K)->8298K(8384K)
[88.722s][info][gc          ] GC(242) Pause Young (Mixed) (G1 Evacuation Pause) 491M->264M(523M) 6.035ms
[88.722s][info][gc,cpu      ] GC(242) User=0.01s Sys=0.00s Real=0.00s
[89.214s][info][gc,start    ] GC(243) Pause Young (Concurrent Start) (G1 Evacuation Pause)
[89.214s][info][gc,task     ] GC(243) Using 2 workers of 2 for evacuation
[89.219s][info][gc,phases   ] GC(243)   Pre Evacuate Collection Set: 0.35ms
[89.219s][info][gc,phases   ] GC(243)   Merge Heap Roots: 0.10ms
[89.219s][info][gc,phases   ] GC(243)   Evacuate Collection Set: 3.34ms
[89.219s][info][gc,phases   ] GC(243)   Post Evacuate Collection Set: 0.59ms
[89.219s][info][gc,phases   ] GC(243)   Other: 0.11ms
[89.219s][info][gc,heap     ] GC(243) Eden regions: 229->0(229)
[89.219s][info][gc,heap     ] GC(243) Survivor regions: 2->2(29)
[89.219s][info][gc,heap     ] GC(243) Old regions: 56->56
[89.219s][info][gc,heap     ] GC(243) Humongous regions: 207->207
[89.219s][info][gc,metaspace] GC(243) Metaspace: 56099K(56448K)->56099K(56448K) NonClass: 47800K(48064K)->47800K(48064K) Class: 8298K(8384K)->8298K(8384K)
[89.219s][info][gc          ] GC(243) Pause Young (Concurrent Start) (G1 Evacuation Pause) 493M->264M(523M) 4.696ms
[89.219s][info][gc,cpu      ] GC(243) User=0.01s Sys=0.01s Real=0.00s
[89.219s][info][gc          ] GC(244) Concurrent Mark Cycle
[89.221s][info][gc,marking  ] GC(244) Concurrent Scan Root Regions
[89.226s][info][gc,marking  ] GC(244) Concurrent Scan Root Regions 5.536ms
[89.226s][info][gc,marking  ] GC(244) Concurrent Mark
[89.226s][info][gc,marking  ] GC(244) Concurrent Mark From Roots
[89.226s][info][gc,task     ] GC(244) Using 1 workers of 1 for marking
[89.307s][info][gc,marking  ] GC(244) Concurrent Mark From Roots 80.409ms
[89.307s][info][gc,marking  ] GC(244) Concurrent Preclean
[89.307s][info][gc,marking  ] GC(244) Concurrent Preclean 0.085ms
[89.307s][info][gc,start    ] GC(244) Pause Remark
[89.317s][info][gc          ] GC(244) Pause Remark 303M->303M(523M) 9.536ms
[89.317s][info][gc,cpu      ] GC(244) User=0.02s Sys=0.00s Real=0.01s
[89.317s][info][gc,marking  ] GC(244) Concurrent Mark 90.404ms
[89.317s][info][gc,marking  ] GC(244) Concurrent Rebuild Remembered Sets and Scrub Regions
[89.354s][info][gc,marking  ] GC(244) Concurrent Rebuild Remembered Sets and Scrub Regions 37.524ms
[89.355s][info][gc,start    ] GC(244) Pause Cleanup
[89.355s][info][gc          ] GC(244) Pause Cleanup 321M->321M(523M) 0.094ms
[89.355s][info][gc,cpu      ] GC(244) User=0.00s Sys=0.00s Real=0.00s
[89.355s][info][gc,marking  ] GC(244) Concurrent Clear Claimed Marks
[89.355s][info][gc,marking  ] GC(244) Concurrent Clear Claimed Marks 0.097ms
[89.355s][info][gc,marking  ] GC(244) Concurrent Cleanup for Next Mark
[89.360s][info][gc,marking  ] GC(244) Concurrent Cleanup for Next Mark 4.919ms
[89.360s][info][gc          ] GC(244) Concurrent Mark Cycle 141.281ms
[89.720s][info][gc,start    ] GC(245) Pause Young (Prepare Mixed) (G1 Evacuation Pause)
[89.720s][info][gc,task     ] GC(245) Using 2 workers of 2 for evacuation
[89.725s][info][gc,phases   ] GC(245)   Pre Evacuate Collection Set: 0.28ms
[89.725s][info][gc,phases   ] GC(245)   Merge Heap Roots: 0.11ms
[89.725s][info][gc,phases   ] GC(245)   Evacuate Collection Set: 4.09ms
[89.725s][info][gc,phases   ] GC(245)   Post Evacuate Collection Set: 0.62ms
[89.725s][info][gc,phases   ] GC(245)   Other: 0.11ms
[89.725s][info][gc,heap     ] GC(245) Eden regions: 229->0(227)
[89.725s][info][gc,heap     ] GC(245) Survivor regions: 2->3(29)
[89.725s][info][gc,heap     ] GC(245) Old regions: 56->56
[89.725s][info][gc,heap     ] GC(245) Humongous regions: 207->207
[89.725s][info][gc,metaspace] GC(245) Metaspace: 56099K(56448K)->56099K(56448K) NonClass: 47800K(48064K)->47800K(48064K) Class: 8298K(8384K)->8298K(8384K)
[89.725s][info][gc          ] GC(245) Pause Young (Prepare Mixed) (G1 Evacuation Pause) 493M->265M(523M) 5.442ms
[89.725s][info][gc,cpu      ] GC(245) User=0.01s Sys=0.00s Real=0.01s
[90.246s][info][gc,start    ] GC(246) Pause Young (Mixed) (G1 Evacuation Pause)
[90.246s][info][gc,task     ] GC(246) Using 2 workers of 2 for evacuation
[90.254s][info][gc,phases   ] GC(246)   Pre Evacuate Collection Set: 0.31ms
[90.254s][info][gc,phases   ] GC(246)   Merge Heap Roots: 0.11ms
[90.254s][info][gc,phases   ] GC(246)   Evacuate Collection Set: 7.37ms
[90.254s][info][gc,phases   ] GC(246)   Post Evacuate Collection Set: 0.63ms
[90.254s][info][gc,phases   ] GC(246)   Other: 0.10ms
[90.254s][info][gc,heap     ] GC(246) Eden regions: 227->0(227)
[90.254s][info][gc,heap     ] GC(246) Survivor regions: 3->3(29)
[90.254s][info][gc,heap     ] GC(246) Old regions: 56->56
[90.254s][info][gc,heap     ] GC(246) Humongous regions: 207->207
[90.254s][info][gc,metaspace] GC(246) Metaspace: 56099K(56448K)->56099K(56448K) NonClass: 47800K(48064K)->47800K(48064K) Class: 8298K(8384K)->8298K(8384K)
[90.255s][info][gc          ] GC(246) Pause Young (Mixed) (G1 Evacuation Pause) 492M->265M(523M) 8.755ms
[90.255s][info][gc,cpu      ] GC(246) User=0.01s Sys=0.00s Real=0.01s
[90.713s][info][gc,start    ] GC(247) Pause Young (Concurrent Start) (G1 Evacuation Pause)
[90.713s][info][gc,task     ] GC(247) Using 2 workers of 2 for evacuation
[90.719s][info][gc,phases   ] GC(247)   Pre Evacuate Collection Set: 0.33ms
[90.719s][info][gc,phases   ] GC(247)   Merge Heap Roots: 0.09ms
[90.719s][info][gc,phases   ] GC(247)   Evacuate Collection Set: 4.05ms
[90.719s][info][gc,phases   ] GC(247)   Post Evacuate Collection Set: 0.63ms
[90.719s][info][gc,phases   ] GC(247)   Other: 0.12ms
[90.719s][info][gc,heap     ] GC(247) Eden regions: 227->0(227)
[90.719s][info][gc,heap     ] GC(247) Survivor regions: 3->3(29)
[90.719s][info][gc,heap     ] GC(247) Old regions: 56->56
[90.719s][info][gc,heap     ] GC(247) Humongous regions: 207->207
[90.719s][info][gc,metaspace] GC(247) Metaspace: 56099K(56448K)->56099K(56448K) NonClass: 47800K(48064K)->47800K(48064K) Class: 8298K(8384K)->8298K(8384K)
[90.719s][info][gc          ] GC(247) Pause Young (Concurrent Start) (G1 Evacuation Pause) 492M->265M(523M) 5.456ms
[90.719s][info][gc,cpu      ] GC(247) User=0.01s Sys=0.00s Real=0.01s
[90.719s][info][gc          ] GC(248) Concurrent Mark Cycle
[90.719s][info][gc,marking  ] GC(248) Concurrent Scan Root Regions
[90.726s][info][gc,marking  ] GC(248) Concurrent Scan Root Regions 6.567ms
[90.726s][info][gc,marking  ] GC(248) Concurrent Mark
[90.726s][info][gc,marking  ] GC(248) Concurrent Mark From Roots
[90.726s][info][gc,task     ] GC(248) Using 1 workers of 1 for marking
[90.796s][info][gc,marking  ] GC(248) Concurrent Mark From Roots 70.309ms
[90.796s][info][gc,marking  ] GC(248) Concurrent Preclean
[90.796s][info][gc,marking  ] GC(248) Concurrent Preclean 0.100ms
[90.796s][info][gc,start    ] GC(248) Pause Remark
[90.805s][info][gc          ] GC(248) Pause Remark 300M->300M(523M) 9.222ms
[90.806s][info][gc,cpu      ] GC(248) User=0.02s Sys=0.00s Real=0.01s
[90.807s][info][gc,marking  ] GC(248) Concurrent Mark 81.409ms
[90.807s][info][gc,marking  ] GC(248) Concurrent Rebuild Remembered Sets and Scrub Regions
[90.846s][info][gc,marking  ] GC(248) Concurrent Rebuild Remembered Sets and Scrub Regions 38.885ms
[90.847s][info][gc,start    ] GC(248) Pause Cleanup
[90.847s][info][gc          ] GC(248) Pause Cleanup 326M->326M(523M) 0.097ms
[90.847s][info][gc,cpu      ] GC(248) User=0.00s Sys=0.00s Real=0.00s
[90.847s][info][gc,marking  ] GC(248) Concurrent Clear Claimed Marks
[90.847s][info][gc,marking  ] GC(248) Concurrent Clear Claimed Marks 0.115ms
[90.847s][info][gc,marking  ] GC(248) Concurrent Cleanup for Next Mark
[90.851s][info][gc,marking  ] GC(248) Concurrent Cleanup for Next Mark 3.706ms
[90.851s][info][gc          ] GC(248) Concurrent Mark Cycle 131.814ms
[91.222s][info][gc,start    ] GC(249) Pause Young (Prepare Mixed) (G1 Evacuation Pause)
[91.222s][info][gc,task     ] GC(249) Using 2 workers of 2 for evacuation
[91.251s][info][gc,phases   ] GC(249)   Pre Evacuate Collection Set: 0.34ms
[91.251s][info][gc,phases   ] GC(249)   Merge Heap Roots: 0.14ms
[91.251s][info][gc,phases   ] GC(249)   Evacuate Collection Set: 20.11ms
[91.251s][info][gc,phases   ] GC(249)   Post Evacuate Collection Set: 7.97ms
[91.251s][info][gc,phases   ] GC(249)   Other: 0.09ms
[91.251s][info][gc,heap     ] GC(249) Eden regions: 227->0(229)
[91.251s][info][gc,heap     ] GC(249) Survivor regions: 3->2(29)
[91.251s][info][gc,heap     ] GC(249) Old regions: 56->56
[91.251s][info][gc,heap     ] GC(249) Humongous regions: 207->207
[91.251s][info][gc,metaspace] GC(249) Metaspace: 56099K(56448K)->56099K(56448K) NonClass: 47800K(48064K)->47800K(48064K) Class: 8298K(8384K)->8298K(8384K)
[91.251s][info][gc          ] GC(249) Pause Young (Prepare Mixed) (G1 Evacuation Pause) 492M->264M(523M) 28.876ms
[91.251s][info][gc,cpu      ] GC(249) User=0.03s Sys=0.00s Real=0.03s
[91.715s][info][gc,start    ] GC(250) Pause Young (Mixed) (G1 Evacuation Pause)
[91.715s][info][gc,task     ] GC(250) Using 2 workers of 2 for evacuation
[91.722s][info][gc,phases   ] GC(250)   Pre Evacuate Collection Set: 0.29ms
[91.722s][info][gc,phases   ] GC(250)   Merge Heap Roots: 0.10ms
[91.722s][info][gc,phases   ] GC(250)   Evacuate Collection Set: 4.94ms
[91.722s][info][gc,phases   ] GC(250)   Post Evacuate Collection Set: 0.63ms
[91.722s][info][gc,phases   ] GC(250)   Other: 0.08ms
[91.722s][info][gc,heap     ] GC(250) Eden regions: 229->0(229)
[91.722s][info][gc,heap     ] GC(250) Survivor regions: 2->2(29)
[91.722s][info][gc,heap     ] GC(250) Old regions: 56->56
[91.722s][info][gc,heap     ] GC(250) Humongous regions: 207->207
[91.722s][info][gc,metaspace] GC(250) Metaspace: 56099K(56448K)->56099K(56448K) NonClass: 47800K(48064K)->47800K(48064K) Class: 8298K(8384K)->8298K(8384K)
[91.722s][info][gc          ] GC(250) Pause Young (Mixed) (G1 Evacuation Pause) 493M->264M(523M) 6.260ms
[91.722s][info][gc,cpu      ] GC(250) User=0.01s Sys=0.00s Real=0.00s
[92.289s][info][gc,start    ] GC(251) Pause Young (Concurrent Start) (G1 Evacuation Pause)
[92.290s][info][gc,task     ] GC(251) Using 2 workers of 2 for evacuation
[92.294s][info][gc,phases   ] GC(251)   Pre Evacuate Collection Set: 0.30ms
[92.294s][info][gc,phases   ] GC(251)   Merge Heap Roots: 0.10ms
[92.294s][info][gc,phases   ] GC(251)   Evacuate Collection Set: 3.66ms
[92.294s][info][gc,phases   ] GC(251)   Post Evacuate Collection Set: 0.58ms
[92.294s][info][gc,phases   ] GC(251)   Other: 0.13ms
[92.294s][info][gc,heap     ] GC(251) Eden regions: 229->0(229)
[92.294s][info][gc,heap     ] GC(251) Survivor regions: 2->2(29)
[92.294s][info][gc,heap     ] GC(251) Old regions: 56->56
[92.294s][info][gc,heap     ] GC(251) Humongous regions: 207->207
[92.294s][info][gc,metaspace] GC(251) Metaspace: 56099K(56448K)->56099K(56448K) NonClass: 47800K(48064K)->47800K(48064K) Class: 8298K(8384K)->8298K(8384K)
[92.294s][info][gc          ] GC(251) Pause Young (Concurrent Start) (G1 Evacuation Pause) 493M->263M(523M) 4.985ms
[92.294s][info][gc,cpu      ] GC(251) User=0.01s Sys=0.00s Real=0.01s
[92.294s][info][gc          ] GC(252) Concurrent Mark Cycle
[92.295s][info][gc,marking  ] GC(252) Concurrent Scan Root Regions
[92.304s][info][gc,marking  ] GC(252) Concurrent Scan Root Regions 9.138ms
[92.304s][info][gc,marking  ] GC(252) Concurrent Mark
[92.304s][info][gc,marking  ] GC(252) Concurrent Mark From Roots
[92.304s][info][gc,task     ] GC(252) Using 1 workers of 1 for marking
[92.398s][info][gc,marking  ] GC(252) Concurrent Mark From Roots 94.172ms
[92.398s][info][gc,marking  ] GC(252) Concurrent Preclean
[92.398s][info][gc,marking  ] GC(252) Concurrent Preclean 0.087ms
[92.398s][info][gc,start    ] GC(252) Pause Remark
[92.408s][info][gc          ] GC(252) Pause Remark 323M->323M(523M) 9.507ms
[92.408s][info][gc,cpu      ] GC(252) User=0.02s Sys=0.00s Real=0.01s
[92.410s][info][gc,marking  ] GC(252) Concurrent Mark 106.476ms
[92.410s][info][gc,marking  ] GC(252) Concurrent Rebuild Remembered Sets and Scrub Regions
[92.451s][info][gc,marking  ] GC(252) Concurrent Rebuild Remembered Sets and Scrub Regions 40.495ms
[92.451s][info][gc,start    ] GC(252) Pause Cleanup
[92.451s][info][gc          ] GC(252) Pause Cleanup 347M->347M(523M) 0.119ms
[92.451s][info][gc,cpu      ] GC(252) User=0.00s Sys=0.00s Real=0.00s
[92.454s][info][gc,marking  ] GC(252) Concurrent Clear Claimed Marks
[92.454s][info][gc,marking  ] GC(252) Concurrent Clear Claimed Marks 0.135ms
[92.454s][info][gc,marking  ] GC(252) Concurrent Cleanup for Next Mark
[92.458s][info][gc,marking  ] GC(252) Concurrent Cleanup for Next Mark 4.226ms
[92.458s][info][gc          ] GC(252) Concurrent Mark Cycle 163.507ms
[92.720s][info][gc,start    ] GC(253) Pause Young (Prepare Mixed) (G1 Evacuation Pause)
[92.720s][info][gc,task     ] GC(253) Using 2 workers of 2 for evacuation
[92.725s][info][gc,phases   ] GC(253)   Pre Evacuate Collection Set: 0.28ms
[92.725s][info][gc,phases   ] GC(253)   Merge Heap Roots: 0.12ms
[92.725s][info][gc,phases   ] GC(253)   Evacuate Collection Set: 4.03ms
[92.725s][info][gc,phases   ] GC(253)   Post Evacuate Collection Set: 0.63ms
[92.725s][info][gc,phases   ] GC(253)   Other: 0.08ms
[92.725s][info][gc,heap     ] GC(253) Eden regions: 229->0(227)
[92.725s][info][gc,heap     ] GC(253) Survivor regions: 2->3(29)
[92.725s][info][gc,heap     ] GC(253) Old regions: 56->56
[92.725s][info][gc,heap     ] GC(253) Humongous regions: 207->207
[92.725s][info][gc,metaspace] GC(253) Metaspace: 56099K(56448K)->56099K(56448K) NonClass: 47800K(48064K)->47800K(48064K) Class: 8298K(8384K)->8298K(8384K)
[92.725s][info][gc          ] GC(253) Pause Young (Prepare Mixed) (G1 Evacuation Pause) 492M->264M(523M) 5.351ms
[92.725s][info][gc,cpu      ] GC(253) User=0.01s Sys=0.00s Real=0.01s
[93.228s][info][gc,start    ] GC(254) Pause Young (Mixed) (G1 Evacuation Pause)
[93.228s][info][gc,task     ] GC(254) Using 2 workers of 2 for evacuation
[93.238s][info][gc,phases   ] GC(254)   Pre Evacuate Collection Set: 0.29ms
[93.238s][info][gc,phases   ] GC(254)   Merge Heap Roots: 0.10ms
[93.238s][info][gc,phases   ] GC(254)   Evacuate Collection Set: 8.83ms
[93.238s][info][gc,phases   ] GC(254)   Post Evacuate Collection Set: 0.59ms
[93.238s][info][gc,phases   ] GC(254)   Other: 0.08ms
[93.238s][info][gc,heap     ] GC(254) Eden regions: 227->0(225)
[93.238s][info][gc,heap     ] GC(254) Survivor regions: 3->4(29)
[93.238s][info][gc,heap     ] GC(254) Old regions: 56->56
[93.238s][info][gc,heap     ] GC(254) Humongous regions: 207->207
[93.238s][info][gc,metaspace] GC(254) Metaspace: 56099K(56448K)->56099K(56448K) NonClass: 47800K(48064K)->47800K(48064K) Class: 8298K(8384K)->8298K(8384K)
[93.238s][info][gc          ] GC(254) Pause Young (Mixed) (G1 Evacuation Pause) 491M->266M(523M) 10.092ms
[93.238s][info][gc,cpu      ] GC(254) User=0.02s Sys=0.00s Real=0.01s
[93.711s][info][gc,start    ] GC(255) Pause Young (Concurrent Start) (G1 Evacuation Pause)
[93.711s][info][gc,task     ] GC(255) Using 2 workers of 2 for evacuation
[93.715s][info][gc,phases   ] GC(255)   Pre Evacuate Collection Set: 0.29ms
[93.715s][info][gc,phases   ] GC(255)   Merge Heap Roots: 0.09ms
[93.715s][info][gc,phases   ] GC(255)   Evacuate Collection Set: 3.34ms
[93.715s][info][gc,phases   ] GC(255)   Post Evacuate Collection Set: 0.58ms
[93.715s][info][gc,phases   ] GC(255)   Other: 0.10ms
[93.715s][info][gc,heap     ] GC(255) Eden regions: 225->0(229)
[93.715s][info][gc,heap     ] GC(255) Survivor regions: 4->2(29)
[93.715s][info][gc,heap     ] GC(255) Old regions: 56->56
[93.715s][info][gc,heap     ] GC(255) Humongous regions: 207->207
[93.715s][info][gc,metaspace] GC(255) Metaspace: 56099K(56448K)->56099K(56448K) NonClass: 47800K(48064K)->47800K(48064K) Class: 8298K(8384K)->8298K(8384K)
[93.715s][info][gc          ] GC(255) Pause Young (Concurrent Start) (G1 Evacuation Pause) 491M->263M(523M) 4.603ms
[93.717s][info][gc          ] GC(256) Concurrent Mark Cycle
[93.717s][info][gc,cpu      ] GC(255) User=0.01s Sys=0.00s Real=0.01s
[93.717s][info][gc,marking  ] GC(256) Concurrent Scan Root Regions
[93.724s][info][gc,marking  ] GC(256) Concurrent Scan Root Regions 7.174ms
[93.724s][info][gc,marking  ] GC(256) Concurrent Mark
[93.724s][info][gc,marking  ] GC(256) Concurrent Mark From Roots
[93.724s][info][gc,task     ] GC(256) Using 1 workers of 1 for marking
[93.796s][info][gc,marking  ] GC(256) Concurrent Mark From Roots 71.661ms
[93.796s][info][gc,marking  ] GC(256) Concurrent Preclean
[93.796s][info][gc,marking  ] GC(256) Concurrent Preclean 0.100ms
[93.796s][info][gc,start    ] GC(256) Pause Remark
[93.804s][info][gc          ] GC(256) Pause Remark 302M->302M(523M) 8.579ms
[93.804s][info][gc,cpu      ] GC(256) User=0.01s Sys=0.00s Real=0.01s
[93.805s][info][gc,marking  ] GC(256) Concurrent Mark 80.775ms
[93.805s][info][gc,marking  ] GC(256) Concurrent Rebuild Remembered Sets and Scrub Regions
[93.843s][info][gc,marking  ] GC(256) Concurrent Rebuild Remembered Sets and Scrub Regions 38.408ms
[93.843s][info][gc,start    ] GC(256) Pause Cleanup
[93.843s][info][gc          ] GC(256) Pause Cleanup 326M->326M(523M) 0.075ms
[93.843s][info][gc,cpu      ] GC(256) User=0.00s Sys=0.00s Real=0.00s
[93.844s][info][gc,marking  ] GC(256) Concurrent Clear Claimed Marks
[93.844s][info][gc,marking  ] GC(256) Concurrent Clear Claimed Marks 0.100ms
[93.844s][info][gc,marking  ] GC(256) Concurrent Cleanup for Next Mark
[93.847s][info][gc,marking  ] GC(256) Concurrent Cleanup for Next Mark 3.527ms
[93.847s][info][gc          ] GC(256) Concurrent Mark Cycle 130.649ms
[94.217s][info][gc,start    ] GC(257) Pause Young (Prepare Mixed) (G1 Evacuation Pause)
[94.217s][info][gc,task     ] GC(257) Using 2 workers of 2 for evacuation
[94.221s][info][gc,phases   ] GC(257)   Pre Evacuate Collection Set: 0.28ms
[94.221s][info][gc,phases   ] GC(257)   Merge Heap Roots: 0.13ms
[94.221s][info][gc,phases   ] GC(257)   Evacuate Collection Set: 2.70ms
[94.221s][info][gc,phases   ] GC(257)   Post Evacuate Collection Set: 0.61ms
[94.221s][info][gc,phases   ] GC(257)   Other: 0.10ms
[94.221s][info][gc,heap     ] GC(257) Eden regions: 229->0(229)
[94.221s][info][gc,heap     ] GC(257) Survivor regions: 2->2(29)
[94.221s][info][gc,heap     ] GC(257) Old regions: 56->56
[94.221s][info][gc,heap     ] GC(257) Humongous regions: 207->207
[94.221s][info][gc,metaspace] GC(257) Metaspace: 56099K(56448K)->56099K(56448K) NonClass: 47800K(48064K)->47800K(48064K) Class: 8298K(8384K)->8298K(8384K)
[94.221s][info][gc          ] GC(257) Pause Young (Prepare Mixed) (G1 Evacuation Pause) 492M->264M(523M) 4.028ms
[94.221s][info][gc,cpu      ] GC(257) User=0.01s Sys=0.00s Real=0.00s
[94.780s][info][gc,start    ] GC(258) Pause Young (Mixed) (G1 Evacuation Pause)
[94.780s][info][gc,task     ] GC(258) Using 2 workers of 2 for evacuation
[94.786s][info][gc,phases   ] GC(258)   Pre Evacuate Collection Set: 0.28ms
[94.786s][info][gc,phases   ] GC(258)   Merge Heap Roots: 0.12ms
[94.786s][info][gc,phases   ] GC(258)   Evacuate Collection Set: 4.51ms
[94.786s][info][gc,phases   ] GC(258)   Post Evacuate Collection Set: 0.76ms
[94.786s][info][gc,phases   ] GC(258)   Other: 0.08ms
[94.786s][info][gc,heap     ] GC(258) Eden regions: 229->0(231)
[94.786s][info][gc,heap     ] GC(258) Survivor regions: 2->1(29)
[94.786s][info][gc,heap     ] GC(258) Old regions: 56->56
[94.786s][info][gc,heap     ] GC(258) Humongous regions: 207->207
[94.786s][info][gc,metaspace] GC(258) Metaspace: 56099K(56448K)->56099K(56448K) NonClass: 47800K(48064K)->47800K(48064K) Class: 8298K(8384K)->8298K(8384K)
[94.786s][info][gc          ] GC(258) Pause Young (Mixed) (G1 Evacuation Pause) 492M->262M(523M) 5.959ms
[94.786s][info][gc,cpu      ] GC(258) User=0.01s Sys=0.00s Real=0.01s
[95.217s][info][gc,start    ] GC(259) Pause Young (Concurrent Start) (G1 Evacuation Pause)
[95.217s][info][gc,task     ] GC(259) Using 2 workers of 2 for evacuation
[95.222s][info][gc,phases   ] GC(259)   Pre Evacuate Collection Set: 0.29ms
[95.222s][info][gc,phases   ] GC(259)   Merge Heap Roots: 0.09ms
[95.222s][info][gc,phases   ] GC(259)   Evacuate Collection Set: 3.81ms
[95.222s][info][gc,phases   ] GC(259)   Post Evacuate Collection Set: 0.64ms
[95.222s][info][gc,phases   ] GC(259)   Other: 0.10ms
[95.222s][info][gc,heap     ] GC(259) Eden regions: 231->0(229)
[95.222s][info][gc,heap     ] GC(259) Survivor regions: 1->2(29)
[95.222s][info][gc,heap     ] GC(259) Old regions: 56->56
[95.222s][info][gc,heap     ] GC(259) Humongous regions: 207->207
[95.222s][info][gc,metaspace] GC(259) Metaspace: 56101K(56448K)->56101K(56448K) NonClass: 47803K(48064K)->47803K(48064K) Class: 8298K(8384K)->8298K(8384K)
[95.222s][info][gc          ] GC(259) Pause Young (Concurrent Start) (G1 Evacuation Pause) 493M->263M(523M) 5.144ms
[95.222s][info][gc,cpu      ] GC(259) User=0.01s Sys=0.00s Real=0.00s
[95.222s][info][gc          ] GC(260) Concurrent Mark Cycle
[95.223s][info][gc,marking  ] GC(260) Concurrent Scan Root Regions
[95.229s][info][gc,marking  ] GC(260) Concurrent Scan Root Regions 6.633ms
[95.229s][info][gc,marking  ] GC(260) Concurrent Mark
[95.229s][info][gc,marking  ] GC(260) Concurrent Mark From Roots
[95.229s][info][gc,task     ] GC(260) Using 1 workers of 1 for marking
[95.296s][info][gc,marking  ] GC(260) Concurrent Mark From Roots 67.125ms
[95.297s][info][gc,marking  ] GC(260) Concurrent Preclean
[95.297s][info][gc,marking  ] GC(260) Concurrent Preclean 0.105ms
[95.297s][info][gc,start    ] GC(260) Pause Remark
[95.306s][info][gc          ] GC(260) Pause Remark 297M->297M(523M) 9.210ms
[95.306s][info][gc,cpu      ] GC(260) User=0.02s Sys=0.00s Real=0.01s
[95.307s][info][gc,marking  ] GC(260) Concurrent Mark 77.753ms
[95.307s][info][gc,marking  ] GC(260) Concurrent Rebuild Remembered Sets and Scrub Regions
[95.349s][info][gc,marking  ] GC(260) Concurrent Rebuild Remembered Sets and Scrub Regions 42.240ms
[95.350s][info][gc,start    ] GC(260) Pause Cleanup
[95.350s][info][gc          ] GC(260) Pause Cleanup 323M->323M(523M) 0.094ms
[95.350s][info][gc,cpu      ] GC(260) User=0.00s Sys=0.00s Real=0.00s
[95.350s][info][gc,marking  ] GC(260) Concurrent Clear Claimed Marks
[95.350s][info][gc,marking  ] GC(260) Concurrent Clear Claimed Marks 0.106ms
[95.350s][info][gc,marking  ] GC(260) Concurrent Cleanup for Next Mark
[95.354s][info][gc,marking  ] GC(260) Concurrent Cleanup for Next Mark 4.078ms
[95.354s][info][gc          ] GC(260) Concurrent Mark Cycle 132.153ms
[95.720s][info][gc,start    ] GC(261) Pause Young (Prepare Mixed) (G1 Evacuation Pause)
[95.720s][info][gc,task     ] GC(261) Using 2 workers of 2 for evacuation
[95.726s][info][gc,phases   ] GC(261)   Pre Evacuate Collection Set: 0.43ms
[95.726s][info][gc,phases   ] GC(261)   Merge Heap Roots: 0.12ms
[95.726s][info][gc,phases   ] GC(261)   Evacuate Collection Set: 4.11ms
[95.726s][info][gc,phases   ] GC(261)   Post Evacuate Collection Set: 0.62ms
[95.726s][info][gc,phases   ] GC(261)   Other: 0.10ms
[95.726s][info][gc,heap     ] GC(261) Eden regions: 229->0(227)
[95.726s][info][gc,heap     ] GC(261) Survivor regions: 2->3(29)
[95.726s][info][gc,heap     ] GC(261) Old regions: 56->56
[95.726s][info][gc,heap     ] GC(261) Humongous regions: 207->207
[95.726s][info][gc,metaspace] GC(261) Metaspace: 56101K(56448K)->56101K(56448K) NonClass: 47803K(48064K)->47803K(48064K) Class: 8298K(8384K)->8298K(8384K)
[95.726s][info][gc          ] GC(261) Pause Young (Prepare Mixed) (G1 Evacuation Pause) 492M->264M(523M) 5.588ms
[95.726s][info][gc,cpu      ] GC(261) User=0.01s Sys=0.00s Real=0.01s
[96.319s][info][gc,start    ] GC(262) Pause Young (Mixed) (G1 Evacuation Pause)
[96.319s][info][gc,task     ] GC(262) Using 2 workers of 2 for evacuation
[96.327s][info][gc,phases   ] GC(262)   Pre Evacuate Collection Set: 0.31ms
[96.327s][info][gc,phases   ] GC(262)   Merge Heap Roots: 0.10ms
[96.327s][info][gc,phases   ] GC(262)   Evacuate Collection Set: 6.09ms
[96.327s][info][gc,phases   ] GC(262)   Post Evacuate Collection Set: 0.63ms
[96.327s][info][gc,phases   ] GC(262)   Other: 0.08ms
[96.327s][info][gc,heap     ] GC(262) Eden regions: 227->0(227)
[96.327s][info][gc,heap     ] GC(262) Survivor regions: 3->3(29)
[96.327s][info][gc,heap     ] GC(262) Old regions: 56->56
[96.327s][info][gc,heap     ] GC(262) Humongous regions: 207->207
[96.327s][info][gc,metaspace] GC(262) Metaspace: 56102K(56448K)->56102K(56448K) NonClass: 47803K(48064K)->47803K(48064K) Class: 8298K(8384K)->8298K(8384K)
[96.327s][info][gc          ] GC(262) Pause Young (Mixed) (G1 Evacuation Pause) 491M->264M(523M) 7.461ms
[96.327s][info][gc,cpu      ] GC(262) User=0.02s Sys=0.00s Real=0.01s
[96.822s][info][gc,start    ] GC(263) Pause Young (Concurrent Start) (G1 Evacuation Pause)
[96.822s][info][gc,task     ] GC(263) Using 2 workers of 2 for evacuation
[96.827s][info][gc,phases   ] GC(263)   Pre Evacuate Collection Set: 0.30ms
[96.827s][info][gc,phases   ] GC(263)   Merge Heap Roots: 0.09ms
[96.827s][info][gc,phases   ] GC(263)   Evacuate Collection Set: 3.92ms
[96.827s][info][gc,phases   ] GC(263)   Post Evacuate Collection Set: 0.60ms
[96.827s][info][gc,phases   ] GC(263)   Other: 0.13ms
[96.827s][info][gc,heap     ] GC(263) Eden regions: 227->0(229)
[96.827s][info][gc,heap     ] GC(263) Survivor regions: 3->2(29)
[96.827s][info][gc,heap     ] GC(263) Old regions: 56->56
[96.827s][info][gc,heap     ] GC(263) Humongous regions: 207->207
[96.827s][info][gc,metaspace] GC(263) Metaspace: 56102K(56448K)->56102K(56448K) NonClass: 47803K(48064K)->47803K(48064K) Class: 8298K(8384K)->8298K(8384K)
[96.827s][info][gc          ] GC(263) Pause Young (Concurrent Start) (G1 Evacuation Pause) 491M->264M(523M) 5.250ms
[96.827s][info][gc,cpu      ] GC(263) User=0.01s Sys=0.00s Real=0.01s
[96.827s][info][gc          ] GC(264) Concurrent Mark Cycle
[96.827s][info][gc,marking  ] GC(264) Concurrent Scan Root Regions
[96.830s][info][gc,marking  ] GC(264) Concurrent Scan Root Regions 2.729ms
[96.830s][info][gc,marking  ] GC(264) Concurrent Mark
[96.830s][info][gc,marking  ] GC(264) Concurrent Mark From Roots
[96.830s][info][gc,task     ] GC(264) Using 1 workers of 1 for marking
[96.902s][info][gc,marking  ] GC(264) Concurrent Mark From Roots 72.374ms
[96.902s][info][gc,marking  ] GC(264) Concurrent Preclean
[96.902s][info][gc,marking  ] GC(264) Concurrent Preclean 0.090ms
[96.902s][info][gc,start    ] GC(264) Pause Remark
[96.911s][info][gc          ] GC(264) Pause Remark 299M->299M(523M) 8.826ms
[96.911s][info][gc,cpu      ] GC(264) User=0.02s Sys=0.00s Real=0.01s
[96.912s][info][gc,marking  ] GC(264) Concurrent Mark 82.208ms
[96.912s][info][gc,marking  ] GC(264) Concurrent Rebuild Remembered Sets and Scrub Regions
[96.961s][info][gc,marking  ] GC(264) Concurrent Rebuild Remembered Sets and Scrub Regions 49.346ms
[96.962s][info][gc,start    ] GC(264) Pause Cleanup
[96.962s][info][gc          ] GC(264) Pause Cleanup 327M->327M(523M) 0.098ms
[96.962s][info][gc,cpu      ] GC(264) User=0.00s Sys=0.00s Real=0.00s
[96.962s][info][gc,marking  ] GC(264) Concurrent Clear Claimed Marks
[96.962s][info][gc,marking  ] GC(264) Concurrent Clear Claimed Marks 0.138ms
[96.962s][info][gc,marking  ] GC(264) Concurrent Cleanup for Next Mark
[96.969s][info][gc,marking  ] GC(264) Concurrent Cleanup for Next Mark 6.423ms
[96.969s][info][gc          ] GC(264) Concurrent Mark Cycle 141.936ms
[97.318s][info][gc,start    ] GC(265) Pause Young (Prepare Mixed) (G1 Evacuation Pause)
[97.318s][info][gc,task     ] GC(265) Using 2 workers of 2 for evacuation
[97.324s][info][gc,phases   ] GC(265)   Pre Evacuate Collection Set: 0.29ms
[97.324s][info][gc,phases   ] GC(265)   Merge Heap Roots: 0.15ms
[97.324s][info][gc,phases   ] GC(265)   Evacuate Collection Set: 4.73ms
[97.324s][info][gc,phases   ] GC(265)   Post Evacuate Collection Set: 0.65ms
[97.324s][info][gc,phases   ] GC(265)   Other: 0.09ms
[97.324s][info][gc,heap     ] GC(265) Eden regions: 229->0(229)
[97.324s][info][gc,heap     ] GC(265) Survivor regions: 2->2(29)
[97.324s][info][gc,heap     ] GC(265) Old regions: 56->56
[97.324s][info][gc,heap     ] GC(265) Humongous regions: 207->207
[97.324s][info][gc,metaspace] GC(265) Metaspace: 56102K(56448K)->56102K(56448K) NonClass: 47803K(48064K)->47803K(48064K) Class: 8298K(8384K)->8298K(8384K)
[97.324s][info][gc          ] GC(265) Pause Young (Prepare Mixed) (G1 Evacuation Pause) 493M->264M(523M) 6.130ms
[97.324s][info][gc,cpu      ] GC(265) User=0.02s Sys=0.00s Real=0.01s
[97.818s][info][gc,start    ] GC(266) Pause Young (Mixed) (G1 Evacuation Pause)
[97.818s][info][gc,task     ] GC(266) Using 2 workers of 2 for evacuation
[97.825s][info][gc,phases   ] GC(266)   Pre Evacuate Collection Set: 0.28ms
[97.825s][info][gc,phases   ] GC(266)   Merge Heap Roots: 0.12ms
[97.825s][info][gc,phases   ] GC(266)   Evacuate Collection Set: 6.46ms
[97.825s][info][gc,phases   ] GC(266)   Post Evacuate Collection Set: 0.67ms
[97.825s][info][gc,phases   ] GC(266)   Other: 0.09ms
[97.825s][info][gc,heap     ] GC(266) Eden regions: 229->0(229)
[97.825s][info][gc,heap     ] GC(266) Survivor regions: 2->2(29)
[97.825s][info][gc,heap     ] GC(266) Old regions: 56->56
[97.825s][info][gc,heap     ] GC(266) Humongous regions: 207->207
[97.826s][info][gc,metaspace] GC(266) Metaspace: 56102K(56448K)->56102K(56448K) NonClass: 47803K(48064K)->47803K(48064K) Class: 8298K(8384K)->8298K(8384K)
[97.826s][info][gc          ] GC(266) Pause Young (Mixed) (G1 Evacuation Pause) 493M->264M(523M) 7.836ms
[97.826s][info][gc,cpu      ] GC(266) User=0.01s Sys=0.00s Real=0.01s
[98.316s][info][gc,start    ] GC(267) Pause Young (Concurrent Start) (G1 Evacuation Pause)
[98.316s][info][gc,task     ] GC(267) Using 2 workers of 2 for evacuation
[98.323s][info][gc,phases   ] GC(267)   Pre Evacuate Collection Set: 0.30ms
[98.323s][info][gc,phases   ] GC(267)   Merge Heap Roots: 0.11ms
[98.323s][info][gc,phases   ] GC(267)   Evacuate Collection Set: 5.78ms
[98.323s][info][gc,phases   ] GC(267)   Post Evacuate Collection Set: 0.61ms
[98.323s][info][gc,phases   ] GC(267)   Other: 0.15ms
[98.323s][info][gc,heap     ] GC(267) Eden regions: 229->0(229)
[98.323s][info][gc,heap     ] GC(267) Survivor regions: 2->2(29)
[98.323s][info][gc,heap     ] GC(267) Old regions: 56->56
[98.323s][info][gc,heap     ] GC(267) Humongous regions: 207->207
[98.323s][info][gc,metaspace] GC(267) Metaspace: 56102K(56448K)->56102K(56448K) NonClass: 47803K(48064K)->47803K(48064K) Class: 8298K(8384K)->8298K(8384K)
[98.323s][info][gc          ] GC(267) Pause Young (Concurrent Start) (G1 Evacuation Pause) 493M->264M(523M) 7.179ms
[98.323s][info][gc,cpu      ] GC(267) User=0.01s Sys=0.00s Real=0.00s
[98.323s][info][gc          ] GC(268) Concurrent Mark Cycle
[98.323s][info][gc,marking  ] GC(268) Concurrent Scan Root Regions
[98.326s][info][gc,marking  ] GC(268) Concurrent Scan Root Regions 3.012ms
[98.327s][info][gc,marking  ] GC(268) Concurrent Mark
[98.327s][info][gc,marking  ] GC(268) Concurrent Mark From Roots
[98.327s][info][gc,task     ] GC(268) Using 1 workers of 1 for marking
[98.401s][info][gc,marking  ] GC(268) Concurrent Mark From Roots 74.006ms
[98.401s][info][gc,marking  ] GC(268) Concurrent Preclean
[98.401s][info][gc,marking  ] GC(268) Concurrent Preclean 0.115ms
[98.401s][info][gc,start    ] GC(268) Pause Remark
[98.431s][info][gc          ] GC(268) Pause Remark 296M->296M(523M) 29.821ms
[98.431s][info][gc,cpu      ] GC(268) User=0.02s Sys=0.00s Real=0.03s
[98.434s][info][gc,marking  ] GC(268) Concurrent Mark 107.179ms
[98.434s][info][gc,marking  ] GC(268) Concurrent Rebuild Remembered Sets and Scrub Regions
[98.458s][info][gc,marking  ] GC(268) Concurrent Rebuild Remembered Sets and Scrub Regions 24.045ms
[98.460s][info][gc,start    ] GC(268) Pause Cleanup
[98.460s][info][gc          ] GC(268) Pause Cleanup 297M->297M(523M) 0.112ms
[98.460s][info][gc,cpu      ] GC(268) User=0.01s Sys=0.00s Real=0.00s
[98.460s][info][gc,marking  ] GC(268) Concurrent Clear Claimed Marks
[98.460s][info][gc,marking  ] GC(268) Concurrent Clear Claimed Marks 0.139ms
[98.460s][info][gc,marking  ] GC(268) Concurrent Cleanup for Next Mark
[98.464s][info][gc,marking  ] GC(268) Concurrent Cleanup for Next Mark 4.141ms
[98.464s][info][gc          ] GC(268) Concurrent Mark Cycle 140.957ms
[98.822s][info][gc,start    ] GC(269) Pause Young (Prepare Mixed) (G1 Evacuation Pause)
[98.822s][info][gc,task     ] GC(269) Using 2 workers of 2 for evacuation
[98.829s][info][gc,phases   ] GC(269)   Pre Evacuate Collection Set: 0.42ms
[98.829s][info][gc,phases   ] GC(269)   Merge Heap Roots: 0.17ms
[98.829s][info][gc,phases   ] GC(269)   Evacuate Collection Set: 5.39ms
[98.829s][info][gc,phases   ] GC(269)   Post Evacuate Collection Set: 0.63ms
[98.829s][info][gc,phases   ] GC(269)   Other: 0.09ms
[98.829s][info][gc,heap     ] GC(269) Eden regions: 229->0(229)
[98.829s][info][gc,heap     ] GC(269) Survivor regions: 2->2(29)
[98.829s][info][gc,heap     ] GC(269) Old regions: 56->56
[98.829s][info][gc,heap     ] GC(269) Humongous regions: 207->207
[98.829s][info][gc,metaspace] GC(269) Metaspace: 56102K(56448K)->56102K(56448K) NonClass: 47803K(48064K)->47803K(48064K) Class: 8298K(8384K)->8298K(8384K)
[98.829s][info][gc          ] GC(269) Pause Young (Prepare Mixed) (G1 Evacuation Pause) 493M->264M(523M) 6.918ms
[98.829s][info][gc,cpu      ] GC(269) User=0.01s Sys=0.00s Real=0.01s
[99.326s][info][gc,start    ] GC(270) Pause Young (Mixed) (G1 Evacuation Pause)
[99.326s][info][gc,task     ] GC(270) Using 2 workers of 2 for evacuation
[99.355s][info][gc,phases   ] GC(270)   Pre Evacuate Collection Set: 0.43ms
[99.355s][info][gc,phases   ] GC(270)   Merge Heap Roots: 0.18ms
[99.355s][info][gc,phases   ] GC(270)   Evacuate Collection Set: 25.24ms
[99.355s][info][gc,phases   ] GC(270)   Post Evacuate Collection Set: 2.74ms
[99.355s][info][gc,phases   ] GC(270)   Other: 0.12ms
[99.355s][info][gc,heap     ] GC(270) Eden regions: 229->0(227)
[99.355s][info][gc,heap     ] GC(270) Survivor regions: 2->3(29)
[99.355s][info][gc,heap     ] GC(270) Old regions: 56->56
[99.355s][info][gc,heap     ] GC(270) Humongous regions: 207->207
[99.355s][info][gc,metaspace] GC(270) Metaspace: 56102K(56448K)->56102K(56448K) NonClass: 47803K(48064K)->47803K(48064K) Class: 8298K(8384K)->8298K(8384K)
[99.355s][info][gc          ] GC(270) Pause Young (Mixed) (G1 Evacuation Pause) 493M->264M(523M) 28.950ms
[99.355s][info][gc,cpu      ] GC(270) User=0.03s Sys=0.00s Real=0.03s
[99.818s][info][gc,start    ] GC(271) Pause Young (Concurrent Start) (G1 Evacuation Pause)
[99.818s][info][gc,task     ] GC(271) Using 2 workers of 2 for evacuation
[99.825s][info][gc,phases   ] GC(271)   Pre Evacuate Collection Set: 0.32ms
[99.825s][info][gc,phases   ] GC(271)   Merge Heap Roots: 0.10ms
[99.825s][info][gc,phases   ] GC(271)   Evacuate Collection Set: 4.79ms
[99.825s][info][gc,phases   ] GC(271)   Post Evacuate Collection Set: 0.75ms
[99.825s][info][gc,phases   ] GC(271)   Other: 0.11ms
[99.825s][info][gc,heap     ] GC(271) Eden regions: 227->0(227)
[99.825s][info][gc,heap     ] GC(271) Survivor regions: 3->3(29)
[99.825s][info][gc,heap     ] GC(271) Old regions: 56->56
[99.825s][info][gc,heap     ] GC(271) Humongous regions: 207->207
[99.825s][info][gc,metaspace] GC(271) Metaspace: 56102K(56448K)->56102K(56448K) NonClass: 47803K(48064K)->47803K(48064K) Class: 8298K(8384K)->8298K(8384K)
[99.825s][info][gc          ] GC(271) Pause Young (Concurrent Start) (G1 Evacuation Pause) 491M->264M(523M) 6.304ms
[99.825s][info][gc,cpu      ] GC(271) User=0.01s Sys=0.00s Real=0.01s
[99.825s][info][gc          ] GC(272) Concurrent Mark Cycle
[99.825s][info][gc,marking  ] GC(272) Concurrent Scan Root Regions
[99.832s][info][gc,marking  ] GC(272) Concurrent Scan Root Regions 7.320ms
[99.832s][info][gc,marking  ] GC(272) Concurrent Mark
[99.832s][info][gc,marking  ] GC(272) Concurrent Mark From Roots
[99.832s][info][gc,task     ] GC(272) Using 1 workers of 1 for marking
[99.897s][info][gc,marking  ] GC(272) Concurrent Mark From Roots 65.109ms
[99.897s][info][gc,marking  ] GC(272) Concurrent Preclean
[99.897s][info][gc,marking  ] GC(272) Concurrent Preclean 0.074ms
[99.898s][info][gc,start    ] GC(272) Pause Remark
[99.906s][info][gc          ] GC(272) Pause Remark 296M->296M(523M) 8.488ms
[99.906s][info][gc,cpu      ] GC(272) User=0.02s Sys=0.00s Real=0.01s
[99.907s][info][gc,marking  ] GC(272) Concurrent Mark 74.794ms
[99.907s][info][gc,marking  ] GC(272) Concurrent Rebuild Remembered Sets and Scrub Regions
[99.944s][info][gc,marking  ] GC(272) Concurrent Rebuild Remembered Sets and Scrub Regions 37.215ms
[99.944s][info][gc,start    ] GC(272) Pause Cleanup
[99.945s][info][gc          ] GC(272) Pause Cleanup 322M->322M(523M) 0.091ms
[99.945s][info][gc,cpu      ] GC(272) User=0.00s Sys=0.00s Real=0.00s
[99.945s][info][gc,marking  ] GC(272) Concurrent Clear Claimed Marks
[99.945s][info][gc,marking  ] GC(272) Concurrent Clear Claimed Marks 0.101ms
[99.945s][info][gc,marking  ] GC(272) Concurrent Cleanup for Next Mark
[99.948s][info][gc,marking  ] GC(272) Concurrent Cleanup for Next Mark 2.398ms
[99.948s][info][gc          ] GC(272) Concurrent Mark Cycle 122.908ms
[100.330s][info][gc,start    ] GC(273) Pause Young (Prepare Mixed) (G1 Evacuation Pause)
[100.330s][info][gc,task     ] GC(273) Using 2 workers of 2 for evacuation
[100.335s][info][gc,phases   ] GC(273)   Pre Evacuate Collection Set: 0.33ms
[100.335s][info][gc,phases   ] GC(273)   Merge Heap Roots: 0.11ms
[100.335s][info][gc,phases   ] GC(273)   Evacuate Collection Set: 3.47ms
[100.335s][info][gc,phases   ] GC(273)   Post Evacuate Collection Set: 0.69ms
[100.335s][info][gc,phases   ] GC(273)   Other: 0.10ms
[100.335s][info][gc,heap     ] GC(273) Eden regions: 227->0(227)
[100.335s][info][gc,heap     ] GC(273) Survivor regions: 3->3(29)
[100.335s][info][gc,heap     ] GC(273) Old regions: 56->56
[100.335s][info][gc,heap     ] GC(273) Humongous regions: 207->207
[100.335s][info][gc,metaspace] GC(273) Metaspace: 56102K(56448K)->56102K(56448K) NonClass: 47804K(48064K)->47804K(48064K) Class: 8298K(8384K)->8298K(8384K)
[100.335s][info][gc          ] GC(273) Pause Young (Prepare Mixed) (G1 Evacuation Pause) 491M->264M(523M) 4.879ms
[100.335s][info][gc,cpu      ] GC(273) User=0.00s Sys=0.00s Real=0.01s
[100.815s][info][gc,start    ] GC(274) Pause Young (Mixed) (G1 Evacuation Pause)
[100.815s][info][gc,task     ] GC(274) Using 2 workers of 2 for evacuation
[100.822s][info][gc,phases   ] GC(274)   Pre Evacuate Collection Set: 0.29ms
[100.822s][info][gc,phases   ] GC(274)   Merge Heap Roots: 0.11ms
[100.822s][info][gc,phases   ] GC(274)   Evacuate Collection Set: 5.28ms
[100.822s][info][gc,phases   ] GC(274)   Post Evacuate Collection Set: 0.69ms
[100.822s][info][gc,phases   ] GC(274)   Other: 0.08ms
[100.822s][info][gc,heap     ] GC(274) Eden regions: 227->0(229)
[100.822s][info][gc,heap     ] GC(274) Survivor regions: 3->2(29)
[100.822s][info][gc,heap     ] GC(274) Old regions: 56->56
[100.822s][info][gc,heap     ] GC(274) Humongous regions: 207->207
[100.822s][info][gc,metaspace] GC(274) Metaspace: 56102K(56448K)->56102K(56448K) NonClass: 47804K(48064K)->47804K(48064K) Class: 8298K(8384K)->8298K(8384K)
[100.822s][info][gc          ] GC(274) Pause Young (Mixed) (G1 Evacuation Pause) 491M->263M(523M) 6.665ms
[100.822s][info][gc,cpu      ] GC(274) User=0.02s Sys=0.00s Real=0.00s
[101.399s][info][gc,start    ] GC(275) Pause Young (Concurrent Start) (G1 Evacuation Pause)
[101.399s][info][gc,task     ] GC(275) Using 2 workers of 2 for evacuation
[101.403s][info][gc,phases   ] GC(275)   Pre Evacuate Collection Set: 0.30ms
[101.403s][info][gc,phases   ] GC(275)   Merge Heap Roots: 0.09ms
[101.403s][info][gc,phases   ] GC(275)   Evacuate Collection Set: 2.56ms
[101.403s][info][gc,phases   ] GC(275)   Post Evacuate Collection Set: 0.55ms
[101.403s][info][gc,phases   ] GC(275)   Other: 0.10ms
[101.403s][info][gc,heap     ] GC(275) Eden regions: 229->0(229)
[101.403s][info][gc,heap     ] GC(275) Survivor regions: 2->2(29)
[101.403s][info][gc,heap     ] GC(275) Old regions: 56->56
[101.403s][info][gc,heap     ] GC(275) Humongous regions: 207->207
[101.403s][info][gc,metaspace] GC(275) Metaspace: 56102K(56448K)->56102K(56448K) NonClass: 47804K(48064K)->47804K(48064K) Class: 8298K(8384K)->8298K(8384K)
[101.403s][info][gc          ] GC(275) Pause Young (Concurrent Start) (G1 Evacuation Pause) 492M->263M(523M) 3.805ms
[101.403s][info][gc,cpu      ] GC(275) User=0.01s Sys=0.00s Real=0.00s
[101.403s][info][gc          ] GC(276) Concurrent Mark Cycle
[101.403s][info][gc,marking  ] GC(276) Concurrent Scan Root Regions
[101.405s][info][gc,marking  ] GC(276) Concurrent Scan Root Regions 2.436ms
[101.405s][info][gc,marking  ] GC(276) Concurrent Mark
[101.405s][info][gc,marking  ] GC(276) Concurrent Mark From Roots
[101.405s][info][gc,task     ] GC(276) Using 1 workers of 1 for marking
[101.500s][info][gc,marking  ] GC(276) Concurrent Mark From Roots 95.072ms
[101.500s][info][gc,marking  ] GC(276) Concurrent Preclean
[101.501s][info][gc,marking  ] GC(276) Concurrent Preclean 0.099ms
[101.501s][info][gc,start    ] GC(276) Pause Remark
[101.509s][info][gc          ] GC(276) Pause Remark 329M->329M(523M) 8.384ms
[101.509s][info][gc,cpu      ] GC(276) User=0.01s Sys=0.00s Real=0.01s
[101.510s][info][gc,marking  ] GC(276) Concurrent Mark 104.661ms
[101.510s][info][gc,marking  ] GC(276) Concurrent Rebuild Remembered Sets and Scrub Regions
[101.533s][info][gc,marking  ] GC(276) Concurrent Rebuild Remembered Sets and Scrub Regions 23.040ms
[101.534s][info][gc,start    ] GC(276) Pause Cleanup
[101.534s][info][gc          ] GC(276) Pause Cleanup 337M->337M(523M) 0.077ms
[101.534s][info][gc,cpu      ] GC(276) User=0.00s Sys=0.00s Real=0.00s
[101.535s][info][gc,marking  ] GC(276) Concurrent Clear Claimed Marks
[101.535s][info][gc,marking  ] GC(276) Concurrent Clear Claimed Marks 0.118ms
[101.535s][info][gc,marking  ] GC(276) Concurrent Cleanup for Next Mark
[101.537s][info][gc,marking  ] GC(276) Concurrent Cleanup for Next Mark 1.657ms
[101.537s][info][gc          ] GC(276) Concurrent Mark Cycle 134.209ms
[101.821s][info][gc,start    ] GC(277) Pause Young (Prepare Mixed) (G1 Evacuation Pause)
[101.821s][info][gc,task     ] GC(277) Using 2 workers of 2 for evacuation
[101.826s][info][gc,phases   ] GC(277)   Pre Evacuate Collection Set: 0.27ms
[101.826s][info][gc,phases   ] GC(277)   Merge Heap Roots: 0.11ms
[101.826s][info][gc,phases   ] GC(277)   Evacuate Collection Set: 3.09ms
[101.826s][info][gc,phases   ] GC(277)   Post Evacuate Collection Set: 0.61ms
[101.826s][info][gc,phases   ] GC(277)   Other: 0.10ms
[101.826s][info][gc,heap     ] GC(277) Eden regions: 229->0(229)
[101.826s][info][gc,heap     ] GC(277) Survivor regions: 2->2(29)
[101.826s][info][gc,heap     ] GC(277) Old regions: 56->56
[101.826s][info][gc,heap     ] GC(277) Humongous regions: 207->207
[101.826s][info][gc,metaspace] GC(277) Metaspace: 56103K(56448K)->56103K(56448K) NonClass: 47804K(48064K)->47804K(48064K) Class: 8298K(8384K)->8298K(8384K)
[101.826s][info][gc          ] GC(277) Pause Young (Prepare Mixed) (G1 Evacuation Pause) 492M->263M(523M) 4.424ms
[101.826s][info][gc,cpu      ] GC(277) User=0.01s Sys=0.00s Real=0.01s
[102.319s][info][gc,start    ] GC(278) Pause Young (Mixed) (G1 Evacuation Pause)
[102.319s][info][gc,task     ] GC(278) Using 2 workers of 2 for evacuation
[102.325s][info][gc,phases   ] GC(278)   Pre Evacuate Collection Set: 0.28ms
[102.325s][info][gc,phases   ] GC(278)   Merge Heap Roots: 0.12ms
[102.325s][info][gc,phases   ] GC(278)   Evacuate Collection Set: 5.25ms
[102.325s][info][gc,phases   ] GC(278)   Post Evacuate Collection Set: 0.62ms
[102.325s][info][gc,phases   ] GC(278)   Other: 0.08ms
[102.325s][info][gc,heap     ] GC(278) Eden regions: 229->0(231)
[102.325s][info][gc,heap     ] GC(278) Survivor regions: 2->1(29)
[102.325s][info][gc,heap     ] GC(278) Old regions: 56->56
[102.325s][info][gc,heap     ] GC(278) Humongous regions: 207->207
[102.325s][info][gc,metaspace] GC(278) Metaspace: 56103K(56448K)->56103K(56448K) NonClass: 47804K(48064K)->47804K(48064K) Class: 8298K(8384K)->8298K(8384K)
[102.325s][info][gc          ] GC(278) Pause Young (Mixed) (G1 Evacuation Pause) 492M->263M(523M) 6.529ms
[102.325s][info][gc,cpu      ] GC(278) User=0.01s Sys=0.00s Real=0.01s
[102.830s][info][gc,start    ] GC(279) Pause Young (Concurrent Start) (G1 Evacuation Pause)
[102.830s][info][gc,task     ] GC(279) Using 2 workers of 2 for evacuation
[102.835s][info][gc,phases   ] GC(279)   Pre Evacuate Collection Set: 0.32ms
[102.835s][info][gc,phases   ] GC(279)   Merge Heap Roots: 0.10ms
[102.835s][info][gc,phases   ] GC(279)   Evacuate Collection Set: 3.96ms
[102.835s][info][gc,phases   ] GC(279)   Post Evacuate Collection Set: 0.57ms
[102.835s][info][gc,phases   ] GC(279)   Other: 0.12ms
[102.835s][info][gc,heap     ] GC(279) Eden regions: 231->0(229)
[102.835s][info][gc,heap     ] GC(279) Survivor regions: 1->2(29)
[102.835s][info][gc,heap     ] GC(279) Old regions: 56->56
[102.835s][info][gc,heap     ] GC(279) Humongous regions: 207->207
[102.835s][info][gc,metaspace] GC(279) Metaspace: 56103K(56448K)->56103K(56448K) NonClass: 47804K(48064K)->47804K(48064K) Class: 8298K(8384K)->8298K(8384K)
[102.836s][info][gc          ] GC(279) Pause Young (Concurrent Start) (G1 Evacuation Pause) 494M->264M(523M) 5.319ms
[102.836s][info][gc,cpu      ] GC(279) User=0.01s Sys=0.00s Real=0.01s
[102.836s][info][gc          ] GC(280) Concurrent Mark Cycle
[102.838s][info][gc,marking  ] GC(280) Concurrent Scan Root Regions
[102.848s][info][gc,marking  ] GC(280) Concurrent Scan Root Regions 10.342ms
[102.848s][info][gc,marking  ] GC(280) Concurrent Mark
[102.848s][info][gc,marking  ] GC(280) Concurrent Mark From Roots
[102.848s][info][gc,task     ] GC(280) Using 1 workers of 1 for marking
[102.926s][info][gc,marking  ] GC(280) Concurrent Mark From Roots 78.232ms
[102.926s][info][gc,marking  ] GC(280) Concurrent Preclean
[102.926s][info][gc,marking  ] GC(280) Concurrent Preclean 0.094ms
[102.927s][info][gc,start    ] GC(280) Pause Remark
[102.936s][info][gc          ] GC(280) Pause Remark 304M->304M(523M) 9.658ms
[102.936s][info][gc,cpu      ] GC(280) User=0.02s Sys=0.00s Real=0.01s
[102.938s][info][gc,marking  ] GC(280) Concurrent Mark 89.877ms
[102.938s][info][gc,marking  ] GC(280) Concurrent Rebuild Remembered Sets and Scrub Regions
[102.989s][info][gc,marking  ] GC(280) Concurrent Rebuild Remembered Sets and Scrub Regions 51.537ms
[102.990s][info][gc,start    ] GC(280) Pause Cleanup
[102.990s][info][gc          ] GC(280) Pause Cleanup 333M->333M(523M) 0.081ms
[102.990s][info][gc,cpu      ] GC(280) User=0.00s Sys=0.00s Real=0.00s
[102.990s][info][gc,marking  ] GC(280) Concurrent Clear Claimed Marks
[102.990s][info][gc,marking  ] GC(280) Concurrent Clear Claimed Marks 0.101ms
[102.990s][info][gc,marking  ] GC(280) Concurrent Cleanup for Next Mark
[102.992s][info][gc,marking  ] GC(280) Concurrent Cleanup for Next Mark 1.666ms
[102.992s][info][gc          ] GC(280) Concurrent Mark Cycle 155.983ms
[103.327s][info][gc,start    ] GC(281) Pause Young (Prepare Mixed) (G1 Evacuation Pause)
[103.327s][info][gc,task     ] GC(281) Using 2 workers of 2 for evacuation
[103.332s][info][gc,phases   ] GC(281)   Pre Evacuate Collection Set: 0.28ms
[103.332s][info][gc,phases   ] GC(281)   Merge Heap Roots: 0.11ms
[103.332s][info][gc,phases   ] GC(281)   Evacuate Collection Set: 4.43ms
[103.332s][info][gc,phases   ] GC(281)   Post Evacuate Collection Set: 0.56ms
[103.332s][info][gc,phases   ] GC(281)   Other: 0.09ms
[103.332s][info][gc,heap     ] GC(281) Eden regions: 229->0(227)
[103.332s][info][gc,heap     ] GC(281) Survivor regions: 2->3(29)
[103.332s][info][gc,heap     ] GC(281) Old regions: 56->56
[103.332s][info][gc,heap     ] GC(281) Humongous regions: 207->207
[103.332s][info][gc,metaspace] GC(281) Metaspace: 56103K(56448K)->56103K(56448K) NonClass: 47804K(48064K)->47804K(48064K) Class: 8298K(8384K)->8298K(8384K)
[103.332s][info][gc          ] GC(281) Pause Young (Prepare Mixed) (G1 Evacuation Pause) 493M->264M(523M) 5.684ms
[103.332s][info][gc,cpu      ] GC(281) User=0.01s Sys=0.00s Real=0.00s
[103.895s][info][gc,start    ] GC(282) Pause Young (Mixed) (G1 Evacuation Pause)
[103.895s][info][gc,task     ] GC(282) Using 2 workers of 2 for evacuation
[103.901s][info][gc,phases   ] GC(282)   Pre Evacuate Collection Set: 0.29ms
[103.901s][info][gc,phases   ] GC(282)   Merge Heap Roots: 0.11ms
[103.901s][info][gc,phases   ] GC(282)   Evacuate Collection Set: 4.88ms
[103.901s][info][gc,phases   ] GC(282)   Post Evacuate Collection Set: 0.61ms
[103.901s][info][gc,phases   ] GC(282)   Other: 0.08ms
[103.901s][info][gc,heap     ] GC(282) Eden regions: 227->0(229)
[103.901s][info][gc,heap     ] GC(282) Survivor regions: 3->2(29)
[103.901s][info][gc,heap     ] GC(282) Old regions: 56->56
[103.901s][info][gc,heap     ] GC(282) Humongous regions: 207->207
[103.901s][info][gc,metaspace] GC(282) Metaspace: 56103K(56448K)->56103K(56448K) NonClass: 47804K(48064K)->47804K(48064K) Class: 8298K(8384K)->8298K(8384K)
[103.901s][info][gc          ] GC(282) Pause Young (Mixed) (G1 Evacuation Pause) 491M->263M(523M) 6.203ms
[103.901s][info][gc,cpu      ] GC(282) User=0.02s Sys=0.00s Real=0.00s
[104.323s][info][gc,start    ] GC(283) Pause Young (Concurrent Start) (G1 Evacuation Pause)
[104.323s][info][gc,task     ] GC(283) Using 2 workers of 2 for evacuation
[104.327s][info][gc,phases   ] GC(283)   Pre Evacuate Collection Set: 0.28ms
[104.327s][info][gc,phases   ] GC(283)   Merge Heap Roots: 0.09ms
[104.327s][info][gc,phases   ] GC(283)   Evacuate Collection Set: 3.48ms
[104.327s][info][gc,phases   ] GC(283)   Post Evacuate Collection Set: 0.54ms
[104.327s][info][gc,phases   ] GC(283)   Other: 0.10ms
[104.327s][info][gc,heap     ] GC(283) Eden regions: 229->0(229)
[104.327s][info][gc,heap     ] GC(283) Survivor regions: 2->2(29)
[104.327s][info][gc,heap     ] GC(283) Old regions: 56->56
[104.327s][info][gc,heap     ] GC(283) Humongous regions: 207->207
[104.327s][info][gc,metaspace] GC(283) Metaspace: 56103K(56448K)->56103K(56448K) NonClass: 47804K(48064K)->47804K(48064K) Class: 8298K(8384K)->8298K(8384K)
[104.327s][info][gc          ] GC(283) Pause Young (Concurrent Start) (G1 Evacuation Pause) 492M->263M(523M) 4.689ms
[104.328s][info][gc          ] GC(284) Concurrent Mark Cycle
[104.328s][info][gc,cpu      ] GC(283) User=0.01s Sys=0.00s Real=0.01s
[104.328s][info][gc,marking  ] GC(284) Concurrent Scan Root Regions
[104.336s][info][gc,marking  ] GC(284) Concurrent Scan Root Regions 8.131ms
[104.336s][info][gc,marking  ] GC(284) Concurrent Mark
[104.336s][info][gc,marking  ] GC(284) Concurrent Mark From Roots
[104.336s][info][gc,task     ] GC(284) Using 1 workers of 1 for marking
[104.401s][info][gc,marking  ] GC(284) Concurrent Mark From Roots 64.921ms
[104.401s][info][gc,marking  ] GC(284) Concurrent Preclean
[104.401s][info][gc,marking  ] GC(284) Concurrent Preclean 0.085ms
[104.401s][info][gc,start    ] GC(284) Pause Remark
[104.410s][info][gc          ] GC(284) Pause Remark 294M->294M(523M) 9.055ms
[104.410s][info][gc,cpu      ] GC(284) User=0.02s Sys=0.00s Real=0.01s
[104.411s][info][gc,marking  ] GC(284) Concurrent Mark 74.817ms
[104.411s][info][gc,marking  ] GC(284) Concurrent Rebuild Remembered Sets and Scrub Regions
[104.451s][info][gc,marking  ] GC(284) Concurrent Rebuild Remembered Sets and Scrub Regions 40.369ms
[104.451s][info][gc,start    ] GC(284) Pause Cleanup
[104.451s][info][gc          ] GC(284) Pause Cleanup 320M->320M(523M) 0.079ms
[104.451s][info][gc,cpu      ] GC(284) User=0.00s Sys=0.00s Real=0.00s
[104.452s][info][gc,marking  ] GC(284) Concurrent Clear Claimed Marks
[104.453s][info][gc,marking  ] GC(284) Concurrent Clear Claimed Marks 0.136ms
[104.453s][info][gc,marking  ] GC(284) Concurrent Cleanup for Next Mark
[104.454s][info][gc,marking  ] GC(284) Concurrent Cleanup for Next Mark 1.794ms
[104.454s][info][gc          ] GC(284) Concurrent Mark Cycle 126.884ms
[104.822s][info][gc,start    ] GC(285) Pause Young (Prepare Mixed) (G1 Evacuation Pause)
[104.822s][info][gc,task     ] GC(285) Using 2 workers of 2 for evacuation
[104.826s][info][gc,phases   ] GC(285)   Pre Evacuate Collection Set: 0.28ms
[104.826s][info][gc,phases   ] GC(285)   Merge Heap Roots: 0.12ms
[104.826s][info][gc,phases   ] GC(285)   Evacuate Collection Set: 3.11ms
[104.826s][info][gc,phases   ] GC(285)   Post Evacuate Collection Set: 0.62ms
[104.826s][info][gc,phases   ] GC(285)   Other: 0.08ms
[104.826s][info][gc,heap     ] GC(285) Eden regions: 229->0(231)
[104.826s][info][gc,heap     ] GC(285) Survivor regions: 2->1(29)
[104.826s][info][gc,heap     ] GC(285) Old regions: 56->56
[104.826s][info][gc,heap     ] GC(285) Humongous regions: 207->207
[104.826s][info][gc,metaspace] GC(285) Metaspace: 56103K(56448K)->56103K(56448K) NonClass: 47804K(48064K)->47804K(48064K) Class: 8298K(8384K)->8298K(8384K)
[104.826s][info][gc          ] GC(285) Pause Young (Prepare Mixed) (G1 Evacuation Pause) 492M->263M(523M) 4.428ms
[104.826s][info][gc,cpu      ] GC(285) User=0.00s Sys=0.01s Real=0.01s
[105.326s][info][gc,start    ] GC(286) Pause Young (Mixed) (G1 Evacuation Pause)
[105.326s][info][gc,task     ] GC(286) Using 2 workers of 2 for evacuation
[105.333s][info][gc,phases   ] GC(286)   Pre Evacuate Collection Set: 0.28ms
[105.333s][info][gc,phases   ] GC(286)   Merge Heap Roots: 0.12ms
[105.333s][info][gc,phases   ] GC(286)   Evacuate Collection Set: 6.08ms
[105.333s][info][gc,phases   ] GC(286)   Post Evacuate Collection Set: 0.88ms
[105.333s][info][gc,phases   ] GC(286)   Other: 0.08ms
[105.333s][info][gc,heap     ] GC(286) Eden regions: 231->0(229)
[105.333s][info][gc,heap     ] GC(286) Survivor regions: 1->2(29)
[105.333s][info][gc,heap     ] GC(286) Old regions: 56->56
[105.333s][info][gc,heap     ] GC(286) Humongous regions: 207->207
[105.333s][info][gc,metaspace] GC(286) Metaspace: 56105K(56448K)->56105K(56448K) NonClass: 47806K(48064K)->47806K(48064K) Class: 8298K(8384K)->8298K(8384K)
[105.333s][info][gc          ] GC(286) Pause Young (Mixed) (G1 Evacuation Pause) 494M->264M(523M) 7.661ms
[105.333s][info][gc,cpu      ] GC(286) User=0.02s Sys=0.00s Real=0.00s
[105.881s][info][gc,start    ] GC(287) Pause Young (Concurrent Start) (G1 Evacuation Pause)
[105.882s][info][gc,task     ] GC(287) Using 2 workers of 2 for evacuation
[105.887s][info][gc,phases   ] GC(287)   Pre Evacuate Collection Set: 0.30ms
[105.887s][info][gc,phases   ] GC(287)   Merge Heap Roots: 0.09ms
[105.887s][info][gc,phases   ] GC(287)   Evacuate Collection Set: 4.78ms
[105.887s][info][gc,phases   ] GC(287)   Post Evacuate Collection Set: 0.60ms
[105.887s][info][gc,phases   ] GC(287)   Other: 0.13ms
[105.888s][info][gc,heap     ] GC(287) Eden regions: 229->0(229)
[105.888s][info][gc,heap     ] GC(287) Survivor regions: 2->2(29)
[105.888s][info][gc,heap     ] GC(287) Old regions: 56->56
[105.888s][info][gc,heap     ] GC(287) Humongous regions: 207->207
[105.888s][info][gc,metaspace] GC(287) Metaspace: 56105K(56448K)->56105K(56448K) NonClass: 47806K(48064K)->47806K(48064K) Class: 8298K(8384K)->8298K(8384K)
[105.888s][info][gc          ] GC(287) Pause Young (Concurrent Start) (G1 Evacuation Pause) 493M->264M(523M) 6.133ms
[105.888s][info][gc          ] GC(288) Concurrent Mark Cycle
[105.888s][info][gc,marking  ] GC(288) Concurrent Scan Root Regions
[105.888s][info][gc,cpu      ] GC(287) User=0.01s Sys=0.00s Real=0.01s
[105.891s][info][gc,marking  ] GC(288) Concurrent Scan Root Regions 3.231ms
[105.891s][info][gc,marking  ] GC(288) Concurrent Mark
[105.891s][info][gc,marking  ] GC(288) Concurrent Mark From Roots
[105.891s][info][gc,task     ] GC(288) Using 1 workers of 1 for marking
[105.966s][info][gc,marking  ] GC(288) Concurrent Mark From Roots 75.043ms
[105.966s][info][gc,marking  ] GC(288) Concurrent Preclean
[105.966s][info][gc,marking  ] GC(288) Concurrent Preclean 0.092ms
[105.967s][info][gc,start    ] GC(288) Pause Remark
[105.976s][info][gc          ] GC(288) Pause Remark 311M->311M(523M) 9.030ms
[105.976s][info][gc,cpu      ] GC(288) User=0.02s Sys=0.00s Real=0.01s
[105.976s][info][gc,marking  ] GC(288) Concurrent Mark 85.527ms
[105.977s][info][gc,marking  ] GC(288) Concurrent Rebuild Remembered Sets and Scrub Regions
[106.007s][info][gc,marking  ] GC(288) Concurrent Rebuild Remembered Sets and Scrub Regions 30.679ms
[106.007s][info][gc,start    ] GC(288) Pause Cleanup
[106.007s][info][gc          ] GC(288) Pause Cleanup 327M->327M(523M) 0.075ms
[106.007s][info][gc,cpu      ] GC(288) User=0.00s Sys=0.00s Real=0.00s
[106.007s][info][gc,marking  ] GC(288) Concurrent Clear Claimed Marks
[106.008s][info][gc,marking  ] GC(288) Concurrent Clear Claimed Marks 0.107ms
[106.008s][info][gc,marking  ] GC(288) Concurrent Cleanup for Next Mark
[106.011s][info][gc,marking  ] GC(288) Concurrent Cleanup for Next Mark 3.259ms
[106.011s][info][gc          ] GC(288) Concurrent Mark Cycle 123.247ms
[106.327s][info][gc,start    ] GC(289) Pause Young (Prepare Mixed) (G1 Evacuation Pause)
[106.327s][info][gc,task     ] GC(289) Using 2 workers of 2 for evacuation
[106.333s][info][gc,phases   ] GC(289)   Pre Evacuate Collection Set: 0.31ms
[106.333s][info][gc,phases   ] GC(289)   Merge Heap Roots: 0.12ms
[106.333s][info][gc,phases   ] GC(289)   Evacuate Collection Set: 4.59ms
[106.333s][info][gc,phases   ] GC(289)   Post Evacuate Collection Set: 0.61ms
[106.333s][info][gc,phases   ] GC(289)   Other: 0.11ms
[106.333s][info][gc,heap     ] GC(289) Eden regions: 229->0(227)
[106.333s][info][gc,heap     ] GC(289) Survivor regions: 2->3(29)
[106.333s][info][gc,heap     ] GC(289) Old regions: 56->56
[106.333s][info][gc,heap     ] GC(289) Humongous regions: 207->207
[106.333s][info][gc,metaspace] GC(289) Metaspace: 56105K(56448K)->56105K(56448K) NonClass: 47806K(48064K)->47806K(48064K) Class: 8298K(8384K)->8298K(8384K)
[106.333s][info][gc          ] GC(289) Pause Young (Prepare Mixed) (G1 Evacuation Pause) 493M->265M(523M) 5.951ms
[106.333s][info][gc,cpu      ] GC(289) User=0.02s Sys=0.00s Real=0.00s
[106.829s][info][gc,start    ] GC(290) Pause Young (Mixed) (G1 Evacuation Pause)
[106.829s][info][gc,task     ] GC(290) Using 2 workers of 2 for evacuation
[106.835s][info][gc,phases   ] GC(290)   Pre Evacuate Collection Set: 0.28ms
[106.835s][info][gc,phases   ] GC(290)   Merge Heap Roots: 0.10ms
[106.835s][info][gc,phases   ] GC(290)   Evacuate Collection Set: 5.40ms
[106.836s][info][gc,phases   ] GC(290)   Post Evacuate Collection Set: 0.65ms
[106.836s][info][gc,phases   ] GC(290)   Other: 0.10ms
[106.836s][info][gc,heap     ] GC(290) Eden regions: 227->0(229)
[106.836s][info][gc,heap     ] GC(290) Survivor regions: 3->2(29)
[106.836s][info][gc,heap     ] GC(290) Old regions: 56->56
[106.836s][info][gc,heap     ] GC(290) Humongous regions: 207->207
[106.836s][info][gc,metaspace] GC(290) Metaspace: 56105K(56448K)->56105K(56448K) NonClass: 47806K(48064K)->47806K(48064K) Class: 8298K(8384K)->8298K(8384K)
[106.836s][info][gc          ] GC(290) Pause Young (Mixed) (G1 Evacuation Pause) 492M->263M(523M) 6.769ms
[106.836s][info][gc,cpu      ] GC(290) User=0.01s Sys=0.01s Real=0.01s
[107.331s][info][gc,start    ] GC(291) Pause Young (Concurrent Start) (G1 Evacuation Pause)
[107.331s][info][gc,task     ] GC(291) Using 2 workers of 2 for evacuation
[107.336s][info][gc,phases   ] GC(291)   Pre Evacuate Collection Set: 0.30ms
[107.336s][info][gc,phases   ] GC(291)   Merge Heap Roots: 0.10ms
[107.337s][info][gc,phases   ] GC(291)   Evacuate Collection Set: 4.74ms
[107.337s][info][gc,phases   ] GC(291)   Post Evacuate Collection Set: 0.61ms
[107.337s][info][gc,phases   ] GC(291)   Other: 0.11ms
[107.337s][info][gc,heap     ] GC(291) Eden regions: 229->0(229)
[107.337s][info][gc,heap     ] GC(291) Survivor regions: 2->2(29)
[107.337s][info][gc,heap     ] GC(291) Old regions: 56->56
[107.337s][info][gc,heap     ] GC(291) Humongous regions: 207->207
[107.337s][info][gc,metaspace] GC(291) Metaspace: 56105K(56448K)->56105K(56448K) NonClass: 47806K(48064K)->47806K(48064K) Class: 8298K(8384K)->8298K(8384K)
[107.337s][info][gc          ] GC(291) Pause Young (Concurrent Start) (G1 Evacuation Pause) 492M->264M(523M) 6.106ms
[107.337s][info][gc,cpu      ] GC(291) User=0.01s Sys=0.00s Real=0.01s
[107.337s][info][gc          ] GC(292) Concurrent Mark Cycle
[107.337s][info][gc,marking  ] GC(292) Concurrent Scan Root Regions
[107.340s][info][gc,marking  ] GC(292) Concurrent Scan Root Regions 3.728ms
[107.340s][info][gc,marking  ] GC(292) Concurrent Mark
[107.340s][info][gc,marking  ] GC(292) Concurrent Mark From Roots
[107.341s][info][gc,task     ] GC(292) Using 1 workers of 1 for marking
[107.405s][info][gc,marking  ] GC(292) Concurrent Mark From Roots 64.628ms
[107.405s][info][gc,marking  ] GC(292) Concurrent Preclean
[107.405s][info][gc,marking  ] GC(292) Concurrent Preclean 0.089ms
[107.406s][info][gc,start    ] GC(292) Pause Remark
[107.415s][info][gc          ] GC(292) Pause Remark 289M->289M(523M) 9.055ms
[107.415s][info][gc,cpu      ] GC(292) User=0.02s Sys=0.00s Real=0.01s
[107.416s][info][gc,marking  ] GC(292) Concurrent Mark 75.089ms
[107.416s][info][gc,marking  ] GC(292) Concurrent Rebuild Remembered Sets and Scrub Regions
[107.457s][info][gc,marking  ] GC(292) Concurrent Rebuild Remembered Sets and Scrub Regions 41.480ms
[107.460s][info][gc,start    ] GC(292) Pause Cleanup
[107.460s][info][gc          ] GC(292) Pause Cleanup 316M->316M(523M) 0.097ms
[107.460s][info][gc,cpu      ] GC(292) User=0.00s Sys=0.00s Real=0.00s
[107.461s][info][gc,marking  ] GC(292) Concurrent Clear Claimed Marks
[107.461s][info][gc,marking  ] GC(292) Concurrent Clear Claimed Marks 0.109ms
[107.461s][info][gc,marking  ] GC(292) Concurrent Cleanup for Next Mark
[107.465s][info][gc,marking  ] GC(292) Concurrent Cleanup for Next Mark 3.688ms
[107.465s][info][gc          ] GC(292) Concurrent Mark Cycle 128.210ms
[107.834s][info][gc,start    ] GC(293) Pause Young (Prepare Mixed) (G1 Evacuation Pause)
[107.834s][info][gc,task     ] GC(293) Using 2 workers of 2 for evacuation
[107.839s][info][gc,phases   ] GC(293)   Pre Evacuate Collection Set: 0.29ms
[107.839s][info][gc,phases   ] GC(293)   Merge Heap Roots: 0.13ms
[107.839s][info][gc,phases   ] GC(293)   Evacuate Collection Set: 4.05ms
[107.839s][info][gc,phases   ] GC(293)   Post Evacuate Collection Set: 0.59ms
[107.839s][info][gc,phases   ] GC(293)   Other: 0.08ms
[107.839s][info][gc,heap     ] GC(293) Eden regions: 229->0(229)
[107.839s][info][gc,heap     ] GC(293) Survivor regions: 2->2(29)
[107.839s][info][gc,heap     ] GC(293) Old regions: 56->56
[107.839s][info][gc,heap     ] GC(293) Humongous regions: 207->207
[107.839s][info][gc,metaspace] GC(293) Metaspace: 56105K(56448K)->56105K(56448K) NonClass: 47806K(48064K)->47806K(48064K) Class: 8298K(8384K)->8298K(8384K)
[107.839s][info][gc          ] GC(293) Pause Young (Prepare Mixed) (G1 Evacuation Pause) 493M->264M(523M) 5.364ms
[107.839s][info][gc,cpu      ] GC(293) User=0.01s Sys=0.00s Real=0.00s
[108.339s][info][gc,start    ] GC(294) Pause Young (Mixed) (G1 Evacuation Pause)
[108.339s][info][gc,task     ] GC(294) Using 2 workers of 2 for evacuation
[108.347s][info][gc,phases   ] GC(294)   Pre Evacuate Collection Set: 0.30ms
[108.347s][info][gc,phases   ] GC(294)   Merge Heap Roots: 0.13ms
[108.347s][info][gc,phases   ] GC(294)   Evacuate Collection Set: 6.53ms
[108.347s][info][gc,phases   ] GC(294)   Post Evacuate Collection Set: 0.71ms
[108.347s][info][gc,phases   ] GC(294)   Other: 0.11ms
[108.347s][info][gc,heap     ] GC(294) Eden regions: 229->0(227)
[108.347s][info][gc,heap     ] GC(294) Survivor regions: 2->3(29)
[108.347s][info][gc,heap     ] GC(294) Old regions: 56->56
[108.347s][info][gc,heap     ] GC(294) Humongous regions: 207->207
[108.347s][info][gc,metaspace] GC(294) Metaspace: 56105K(56448K)->56105K(56448K) NonClass: 47806K(48064K)->47806K(48064K) Class: 8298K(8384K)->8298K(8384K)
[108.347s][info][gc          ] GC(294) Pause Young (Mixed) (G1 Evacuation Pause) 493M->264M(523M) 8.002ms
[108.347s][info][gc,cpu      ] GC(294) User=0.01s Sys=0.00s Real=0.01s
[108.835s][info][gc,start    ] GC(295) Pause Young (Concurrent Start) (G1 Evacuation Pause)
[108.835s][info][gc,task     ] GC(295) Using 2 workers of 2 for evacuation
[108.840s][info][gc,phases   ] GC(295)   Pre Evacuate Collection Set: 0.31ms
[108.840s][info][gc,phases   ] GC(295)   Merge Heap Roots: 0.09ms
[108.840s][info][gc,phases   ] GC(295)   Evacuate Collection Set: 4.42ms
[108.840s][info][gc,phases   ] GC(295)   Post Evacuate Collection Set: 0.56ms
[108.840s][info][gc,phases   ] GC(295)   Other: 0.10ms
[108.840s][info][gc,heap     ] GC(295) Eden regions: 227->0(227)
[108.840s][info][gc,heap     ] GC(295) Survivor regions: 3->3(29)
[108.840s][info][gc,heap     ] GC(295) Old regions: 56->56
[108.840s][info][gc,heap     ] GC(295) Humongous regions: 207->207
[108.840s][info][gc,metaspace] GC(295) Metaspace: 56105K(56448K)->56105K(56448K) NonClass: 47806K(48064K)->47806K(48064K) Class: 8298K(8384K)->8298K(8384K)
[108.840s][info][gc          ] GC(295) Pause Young (Concurrent Start) (G1 Evacuation Pause) 491M->265M(523M) 5.724ms
[108.840s][info][gc,cpu      ] GC(295) User=0.01s Sys=0.00s Real=0.00s
[108.840s][info][gc          ] GC(296) Concurrent Mark Cycle
[108.842s][info][gc,marking  ] GC(296) Concurrent Scan Root Regions
[108.851s][info][gc,marking  ] GC(296) Concurrent Scan Root Regions 9.107ms
[108.851s][info][gc,marking  ] GC(296) Concurrent Mark
[108.851s][info][gc,marking  ] GC(296) Concurrent Mark From Roots
[108.851s][info][gc,task     ] GC(296) Using 1 workers of 1 for marking
[108.918s][info][gc,marking  ] GC(296) Concurrent Mark From Roots 67.456ms
[108.918s][info][gc,marking  ] GC(296) Concurrent Preclean
[108.919s][info][gc,marking  ] GC(296) Concurrent Preclean 0.099ms
[108.923s][info][gc,start    ] GC(296) Pause Remark
[108.937s][info][gc          ] GC(296) Pause Remark 293M->293M(523M) 13.354ms
[108.937s][info][gc,cpu      ] GC(296) User=0.02s Sys=0.00s Real=0.02s
[108.937s][info][gc,marking  ] GC(296) Concurrent Mark 85.998ms
[108.937s][info][gc,marking  ] GC(296) Concurrent Rebuild Remembered Sets and Scrub Regions
[109.005s][info][gc,marking  ] GC(296) Concurrent Rebuild Remembered Sets and Scrub Regions 68.516ms
[109.006s][info][gc,start    ] GC(296) Pause Cleanup
[109.006s][info][gc          ] GC(296) Pause Cleanup 327M->327M(523M) 0.085ms
[109.006s][info][gc,cpu      ] GC(296) User=0.00s Sys=0.01s Real=0.00s
[109.006s][info][gc,marking  ] GC(296) Concurrent Clear Claimed Marks
[109.006s][info][gc,marking  ] GC(296) Concurrent Clear Claimed Marks 0.092ms
[109.006s][info][gc,marking  ] GC(296) Concurrent Cleanup for Next Mark
[109.007s][info][gc,marking  ] GC(296) Concurrent Cleanup for Next Mark 1.664ms
[109.008s][info][gc          ] GC(296) Concurrent Mark Cycle 167.207ms
[109.390s][info][gc,start    ] GC(297) Pause Young (Prepare Mixed) (G1 Evacuation Pause)
[109.390s][info][gc,task     ] GC(297) Using 2 workers of 2 for evacuation
[109.396s][info][gc,phases   ] GC(297)   Pre Evacuate Collection Set: 0.43ms
[109.396s][info][gc,phases   ] GC(297)   Merge Heap Roots: 0.15ms
[109.396s][info][gc,phases   ] GC(297)   Evacuate Collection Set: 4.90ms
[109.396s][info][gc,phases   ] GC(297)   Post Evacuate Collection Set: 0.56ms
[109.396s][info][gc,phases   ] GC(297)   Other: 0.08ms
[109.396s][info][gc,heap     ] GC(297) Eden regions: 227->0(229)
[109.396s][info][gc,heap     ] GC(297) Survivor regions: 3->2(29)
[109.396s][info][gc,heap     ] GC(297) Old regions: 56->56
[109.396s][info][gc,heap     ] GC(297) Humongous regions: 207->207
[109.396s][info][gc,metaspace] GC(297) Metaspace: 56106K(56448K)->56106K(56448K) NonClass: 47807K(48064K)->47807K(48064K) Class: 8298K(8384K)->8298K(8384K)
[109.396s][info][gc          ] GC(297) Pause Young (Prepare Mixed) (G1 Evacuation Pause) 492M->264M(523M) 6.337ms
[109.396s][info][gc,cpu      ] GC(297) User=0.01s Sys=0.00s Real=0.01s
[109.833s][info][gc,start    ] GC(298) Pause Young (Mixed) (G1 Evacuation Pause)
[109.833s][info][gc,task     ] GC(298) Using 2 workers of 2 for evacuation
[109.839s][info][gc,phases   ] GC(298)   Pre Evacuate Collection Set: 0.29ms
[109.840s][info][gc,phases   ] GC(298)   Merge Heap Roots: 0.12ms
[109.840s][info][gc,phases   ] GC(298)   Evacuate Collection Set: 5.66ms
[109.840s][info][gc,phases   ] GC(298)   Post Evacuate Collection Set: 0.64ms
[109.840s][info][gc,phases   ] GC(298)   Other: 0.08ms
[109.840s][info][gc,heap     ] GC(298) Eden regions: 229->0(229)
[109.840s][info][gc,heap     ] GC(298) Survivor regions: 2->2(29)
[109.840s][info][gc,heap     ] GC(298) Old regions: 56->56
[109.840s][info][gc,heap     ] GC(298) Humongous regions: 207->207
[109.840s][info][gc,metaspace] GC(298) Metaspace: 56106K(56448K)->56106K(56448K) NonClass: 47807K(48064K)->47807K(48064K) Class: 8298K(8384K)->8298K(8384K)
[109.840s][info][gc          ] GC(298) Pause Young (Mixed) (G1 Evacuation Pause) 493M->264M(523M) 7.045ms
[109.840s][info][gc,cpu      ] GC(298) User=0.01s Sys=0.00s Real=0.01s
[110.348s][info][gc,start    ] GC(299) Pause Young (Concurrent Start) (G1 Evacuation Pause)
[110.348s][info][gc,task     ] GC(299) Using 2 workers of 2 for evacuation
[110.353s][info][gc,phases   ] GC(299)   Pre Evacuate Collection Set: 0.30ms
[110.353s][info][gc,phases   ] GC(299)   Merge Heap Roots: 0.10ms
[110.353s][info][gc,phases   ] GC(299)   Evacuate Collection Set: 4.38ms
[110.353s][info][gc,phases   ] GC(299)   Post Evacuate Collection Set: 0.59ms
[110.353s][info][gc,phases   ] GC(299)   Other: 0.11ms
[110.353s][info][gc,heap     ] GC(299) Eden regions: 229->0(227)
[110.353s][info][gc,heap     ] GC(299) Survivor regions: 2->3(29)
[110.353s][info][gc,heap     ] GC(299) Old regions: 56->56
[110.353s][info][gc,heap     ] GC(299) Humongous regions: 207->207
[110.353s][info][gc,metaspace] GC(299) Metaspace: 56106K(56448K)->56106K(56448K) NonClass: 47807K(48064K)->47807K(48064K) Class: 8298K(8384K)->8298K(8384K)
[110.353s][info][gc          ] GC(299) Pause Young (Concurrent Start) (G1 Evacuation Pause) 493M->264M(523M) 5.700ms
[110.353s][info][gc,cpu      ] GC(299) User=0.01s Sys=0.00s Real=0.00s
[110.353s][info][gc          ] GC(300) Concurrent Mark Cycle
[110.353s][info][gc,marking  ] GC(300) Concurrent Scan Root Regions
[110.361s][info][gc,marking  ] GC(300) Concurrent Scan Root Regions 7.270ms
[110.361s][info][gc,marking  ] GC(300) Concurrent Mark
[110.361s][info][gc,marking  ] GC(300) Concurrent Mark From Roots
[110.361s][info][gc,task     ] GC(300) Using 1 workers of 1 for marking
[110.435s][info][gc,marking  ] GC(300) Concurrent Mark From Roots 74.218ms
[110.435s][info][gc,marking  ] GC(300) Concurrent Preclean
[110.435s][info][gc,marking  ] GC(300) Concurrent Preclean 0.094ms
[110.435s][info][gc,start    ] GC(300) Pause Remark
[110.444s][info][gc          ] GC(300) Pause Remark 306M->306M(523M) 9.232ms
[110.445s][info][gc,cpu      ] GC(300) User=0.02s Sys=0.00s Real=0.01s
[110.447s][info][gc,marking  ] GC(300) Concurrent Mark 85.844ms
[110.447s][info][gc,marking  ] GC(300) Concurrent Rebuild Remembered Sets and Scrub Regions
[110.482s][info][gc,marking  ] GC(300) Concurrent Rebuild Remembered Sets and Scrub Regions 35.621ms
[110.482s][info][gc,start    ] GC(300) Pause Cleanup
[110.482s][info][gc          ] GC(300) Pause Cleanup 327M->327M(523M) 0.110ms
[110.482s][info][gc,cpu      ] GC(300) User=0.00s Sys=0.00s Real=0.00s
[110.483s][info][gc,marking  ] GC(300) Concurrent Clear Claimed Marks
[110.483s][info][gc,marking  ] GC(300) Concurrent Clear Claimed Marks 0.122ms
[110.483s][info][gc,marking  ] GC(300) Concurrent Cleanup for Next Mark
[110.484s][info][gc,marking  ] GC(300) Concurrent Cleanup for Next Mark 1.643ms
[110.484s][info][gc          ] GC(300) Concurrent Mark Cycle 130.982ms
[110.836s][info][gc,start    ] GC(301) Pause Young (Prepare Mixed) (G1 Evacuation Pause)
[110.836s][info][gc,task     ] GC(301) Using 2 workers of 2 for evacuation
[110.842s][info][gc,phases   ] GC(301)   Pre Evacuate Collection Set: 0.27ms
[110.842s][info][gc,phases   ] GC(301)   Merge Heap Roots: 0.12ms
[110.842s][info][gc,phases   ] GC(301)   Evacuate Collection Set: 4.63ms
[110.842s][info][gc,phases   ] GC(301)   Post Evacuate Collection Set: 0.58ms
[110.842s][info][gc,phases   ] GC(301)   Other: 0.11ms
[110.842s][info][gc,heap     ] GC(301) Eden regions: 227->0(227)
[110.842s][info][gc,heap     ] GC(301) Survivor regions: 3->3(29)
[110.842s][info][gc,heap     ] GC(301) Old regions: 56->56
[110.842s][info][gc,heap     ] GC(301) Humongous regions: 207->207
[110.842s][info][gc,metaspace] GC(301) Metaspace: 56106K(56448K)->56106K(56448K) NonClass: 47807K(48064K)->47807K(48064K) Class: 8298K(8384K)->8298K(8384K)
[110.842s][info][gc          ] GC(301) Pause Young (Prepare Mixed) (G1 Evacuation Pause) 491M->264M(523M) 5.940ms
[110.842s][info][gc,cpu      ] GC(301) User=0.01s Sys=0.00s Real=0.00s
[111.329s][info][gc,start    ] GC(302) Pause Young (Mixed) (G1 Evacuation Pause)
[111.329s][info][gc,task     ] GC(302) Using 2 workers of 2 for evacuation
[111.336s][info][gc,phases   ] GC(302)   Pre Evacuate Collection Set: 0.27ms
[111.336s][info][gc,phases   ] GC(302)   Merge Heap Roots: 0.12ms
[111.336s][info][gc,phases   ] GC(302)   Evacuate Collection Set: 5.49ms
[111.336s][info][gc,phases   ] GC(302)   Post Evacuate Collection Set: 0.63ms
[111.336s][info][gc,phases   ] GC(302)   Other: 0.08ms
[111.336s][info][gc,heap     ] GC(302) Eden regions: 227->0(229)
[111.336s][info][gc,heap     ] GC(302) Survivor regions: 3->2(29)
[111.336s][info][gc,heap     ] GC(302) Old regions: 56->56
[111.336s][info][gc,heap     ] GC(302) Humongous regions: 207->207
[111.336s][info][gc,metaspace] GC(302) Metaspace: 56106K(56448K)->56106K(56448K) NonClass: 47807K(48064K)->47807K(48064K) Class: 8298K(8384K)->8298K(8384K)
[111.336s][info][gc          ] GC(302) Pause Young (Mixed) (G1 Evacuation Pause) 491M->264M(523M) 6.813ms
[111.336s][info][gc,cpu      ] GC(302) User=0.01s Sys=0.00s Real=0.01s
[111.832s][info][gc,start    ] GC(303) Pause Young (Concurrent Start) (G1 Evacuation Pause)
[111.832s][info][gc,task     ] GC(303) Using 2 workers of 2 for evacuation
[111.838s][info][gc,phases   ] GC(303)   Pre Evacuate Collection Set: 0.31ms
[111.838s][info][gc,phases   ] GC(303)   Merge Heap Roots: 0.09ms
[111.838s][info][gc,phases   ] GC(303)   Evacuate Collection Set: 4.83ms
[111.838s][info][gc,phases   ] GC(303)   Post Evacuate Collection Set: 0.61ms
[111.838s][info][gc,phases   ] GC(303)   Other: 0.12ms
[111.838s][info][gc,heap     ] GC(303) Eden regions: 229->0(227)
[111.838s][info][gc,heap     ] GC(303) Survivor regions: 2->3(29)
[111.838s][info][gc,heap     ] GC(303) Old regions: 56->56
[111.838s][info][gc,heap     ] GC(303) Humongous regions: 207->207
[111.838s][info][gc,metaspace] GC(303) Metaspace: 56106K(56448K)->56106K(56448K) NonClass: 47807K(48064K)->47807K(48064K) Class: 8298K(8384K)->8298K(8384K)
[111.838s][info][gc          ] GC(303) Pause Young (Concurrent Start) (G1 Evacuation Pause) 493M->265M(523M) 6.155ms
[111.838s][info][gc,cpu      ] GC(303) User=0.01s Sys=0.00s Real=0.01s
[111.838s][info][gc          ] GC(304) Concurrent Mark Cycle
[111.838s][info][gc,marking  ] GC(304) Concurrent Scan Root Regions
[111.847s][info][gc,marking  ] GC(304) Concurrent Scan Root Regions 8.144ms
[111.847s][info][gc,marking  ] GC(304) Concurrent Mark
[111.847s][info][gc,marking  ] GC(304) Concurrent Mark From Roots
[111.847s][info][gc,task     ] GC(304) Using 1 workers of 1 for marking
[111.891s][info][gc,marking  ] GC(304) Concurrent Mark From Roots 44.829ms
[111.891s][info][gc,marking  ] GC(304) Concurrent Preclean
[111.892s][info][gc,marking  ] GC(304) Concurrent Preclean 0.099ms
[111.892s][info][gc,start    ] GC(304) Pause Remark
[111.900s][info][gc          ] GC(304) Pause Remark 282M->282M(523M) 8.574ms
[111.900s][info][gc,cpu      ] GC(304) User=0.02s Sys=0.00s Real=0.01s
[111.901s][info][gc,marking  ] GC(304) Concurrent Mark 54.472ms
[111.901s][info][gc,marking  ] GC(304) Concurrent Rebuild Remembered Sets and Scrub Regions
[111.921s][info][gc,marking  ] GC(304) Concurrent Rebuild Remembered Sets and Scrub Regions 19.896ms
[111.921s][info][gc,start    ] GC(304) Pause Cleanup
[111.921s][info][gc          ] GC(304) Pause Cleanup 293M->293M(523M) 0.103ms
[111.921s][info][gc,cpu      ] GC(304) User=0.00s Sys=0.00s Real=0.00s
[111.921s][info][gc,marking  ] GC(304) Concurrent Clear Claimed Marks
[111.921s][info][gc,marking  ] GC(304) Concurrent Clear Claimed Marks 0.108ms
[111.921s][info][gc,marking  ] GC(304) Concurrent Cleanup for Next Mark
[111.924s][info][gc,marking  ] GC(304) Concurrent Cleanup for Next Mark 2.050ms
[111.924s][info][gc          ] GC(304) Concurrent Mark Cycle 85.246ms
[112.332s][info][gc,start    ] GC(305) Pause Young (Prepare Mixed) (G1 Evacuation Pause)
[112.332s][info][gc,task     ] GC(305) Using 2 workers of 2 for evacuation
[112.339s][info][gc,phases   ] GC(305)   Pre Evacuate Collection Set: 0.37ms
[112.339s][info][gc,phases   ] GC(305)   Merge Heap Roots: 0.12ms
[112.339s][info][gc,phases   ] GC(305)   Evacuate Collection Set: 5.92ms
[112.339s][info][gc,phases   ] GC(305)   Post Evacuate Collection Set: 0.62ms
[112.339s][info][gc,phases   ] GC(305)   Other: 0.08ms
[112.339s][info][gc,heap     ] GC(305) Eden regions: 227->0(227)
[112.339s][info][gc,heap     ] GC(305) Survivor regions: 3->3(29)
[112.339s][info][gc,heap     ] GC(305) Old regions: 56->56
[112.340s][info][gc,heap     ] GC(305) Humongous regions: 207->207
[112.340s][info][gc,metaspace] GC(305) Metaspace: 56106K(56448K)->56106K(56448K) NonClass: 47807K(48064K)->47807K(48064K) Class: 8298K(8384K)->8298K(8384K)
[112.340s][info][gc          ] GC(305) Pause Young (Prepare Mixed) (G1 Evacuation Pause) 492M->265M(523M) 7.393ms
[112.340s][info][gc,cpu      ] GC(305) User=0.01s Sys=0.00s Real=0.01s
[113.004s][info][gc,start    ] GC(306) Pause Young (Mixed) (G1 Evacuation Pause)
[113.004s][info][gc,task     ] GC(306) Using 2 workers of 2 for evacuation
[113.015s][info][gc,phases   ] GC(306)   Pre Evacuate Collection Set: 0.27ms
[113.015s][info][gc,phases   ] GC(306)   Merge Heap Roots: 0.10ms
[113.015s][info][gc,phases   ] GC(306)   Evacuate Collection Set: 10.10ms
[113.015s][info][gc,phases   ] GC(306)   Post Evacuate Collection Set: 0.67ms
[113.015s][info][gc,phases   ] GC(306)   Other: 0.09ms
[113.015s][info][gc,heap     ] GC(306) Eden regions: 227->0(223)
[113.015s][info][gc,heap     ] GC(306) Survivor regions: 3->5(29)
[113.015s][info][gc,heap     ] GC(306) Old regions: 56->56
[113.015s][info][gc,heap     ] GC(306) Humongous regions: 207->207
[113.015s][info][gc,metaspace] GC(306) Metaspace: 56106K(56448K)->56106K(56448K) NonClass: 47807K(48064K)->47807K(48064K) Class: 8298K(8384K)->8298K(8384K)
[113.015s][info][gc          ] GC(306) Pause Young (Mixed) (G1 Evacuation Pause) 492M->266M(523M) 11.456ms
[113.015s][info][gc,cpu      ] GC(306) User=0.02s Sys=0.00s Real=0.01s
[113.428s][info][gc,start    ] GC(307) Pause Young (Concurrent Start) (G1 Evacuation Pause)
[113.428s][info][gc,task     ] GC(307) Using 2 workers of 2 for evacuation
[113.433s][info][gc,phases   ] GC(307)   Pre Evacuate Collection Set: 0.34ms
[113.433s][info][gc,phases   ] GC(307)   Merge Heap Roots: 0.13ms
[113.433s][info][gc,phases   ] GC(307)   Evacuate Collection Set: 3.93ms
[113.433s][info][gc,phases   ] GC(307)   Post Evacuate Collection Set: 0.60ms
[113.433s][info][gc,phases   ] GC(307)   Other: 0.12ms
[113.433s][info][gc,heap     ] GC(307) Eden regions: 223->0(229)
[113.433s][info][gc,heap     ] GC(307) Survivor regions: 5->2(29)
[113.433s][info][gc,heap     ] GC(307) Old regions: 56->56
[113.433s][info][gc,heap     ] GC(307) Humongous regions: 207->207
[113.433s][info][gc,metaspace] GC(307) Metaspace: 56106K(56448K)->56106K(56448K) NonClass: 47807K(48064K)->47807K(48064K) Class: 8298K(8384K)->8298K(8384K)
[113.433s][info][gc          ] GC(307) Pause Young (Concurrent Start) (G1 Evacuation Pause) 489M->264M(523M) 5.324ms
[113.433s][info][gc          ] GC(308) Concurrent Mark Cycle
[113.433s][info][gc,marking  ] GC(308) Concurrent Scan Root Regions
[113.435s][info][gc,cpu      ] GC(307) User=0.01s Sys=0.00s Real=0.01s
[113.440s][info][gc,marking  ] GC(308) Concurrent Scan Root Regions 7.139ms
[113.440s][info][gc,marking  ] GC(308) Concurrent Mark
[113.440s][info][gc,marking  ] GC(308) Concurrent Mark From Roots
[113.440s][info][gc,task     ] GC(308) Using 1 workers of 1 for marking
[113.514s][info][gc,marking  ] GC(308) Concurrent Mark From Roots 73.532ms
[113.514s][info][gc,marking  ] GC(308) Concurrent Preclean
[113.514s][info][gc,marking  ] GC(308) Concurrent Preclean 0.094ms
[113.515s][info][gc,start    ] GC(308) Pause Remark
[113.524s][info][gc          ] GC(308) Pause Remark 298M->298M(523M) 9.097ms
[113.524s][info][gc,cpu      ] GC(308) User=0.01s Sys=0.00s Real=0.01s
[113.525s][info][gc,marking  ] GC(308) Concurrent Mark 84.794ms
[113.525s][info][gc,marking  ] GC(308) Concurrent Rebuild Remembered Sets and Scrub Regions
[113.572s][info][gc,marking  ] GC(308) Concurrent Rebuild Remembered Sets and Scrub Regions 46.437ms
[113.572s][info][gc,start    ] GC(308) Pause Cleanup
[113.572s][info][gc          ] GC(308) Pause Cleanup 326M->326M(523M) 0.098ms
[113.572s][info][gc,cpu      ] GC(308) User=0.00s Sys=0.00s Real=0.00s
[113.573s][info][gc,marking  ] GC(308) Concurrent Clear Claimed Marks
[113.573s][info][gc,marking  ] GC(308) Concurrent Clear Claimed Marks 0.119ms
[113.573s][info][gc,marking  ] GC(308) Concurrent Cleanup for Next Mark
[113.575s][info][gc,marking  ] GC(308) Concurrent Cleanup for Next Mark 1.651ms
[113.575s][info][gc          ] GC(308) Concurrent Mark Cycle 141.780ms
[113.924s][info][gc,start    ] GC(309) Pause Young (Prepare Mixed) (G1 Evacuation Pause)
[113.924s][info][gc,task     ] GC(309) Using 2 workers of 2 for evacuation
[113.929s][info][gc,phases   ] GC(309)   Pre Evacuate Collection Set: 0.27ms
[113.929s][info][gc,phases   ] GC(309)   Merge Heap Roots: 0.10ms
[113.929s][info][gc,phases   ] GC(309)   Evacuate Collection Set: 4.30ms
[113.929s][info][gc,phases   ] GC(309)   Post Evacuate Collection Set: 0.69ms
[113.929s][info][gc,phases   ] GC(309)   Other: 0.10ms
[113.929s][info][gc,heap     ] GC(309) Eden regions: 229->0(229)
[113.929s][info][gc,heap     ] GC(309) Survivor regions: 2->2(29)
[113.929s][info][gc,heap     ] GC(309) Old regions: 56->56
[113.929s][info][gc,heap     ] GC(309) Humongous regions: 207->207
[113.929s][info][gc,metaspace] GC(309) Metaspace: 56106K(56448K)->56106K(56448K) NonClass: 47807K(48064K)->47807K(48064K) Class: 8298K(8384K)->8298K(8384K)
[113.930s][info][gc          ] GC(309) Pause Young (Prepare Mixed) (G1 Evacuation Pause) 493M->264M(523M) 5.675ms
[113.930s][info][gc,cpu      ] GC(309) User=0.01s Sys=0.00s Real=0.00s
[114.429s][info][gc,start    ] GC(310) Pause Young (Mixed) (G1 Evacuation Pause)
[114.429s][info][gc,task     ] GC(310) Using 2 workers of 2 for evacuation
[114.437s][info][gc,phases   ] GC(310)   Pre Evacuate Collection Set: 0.28ms
[114.437s][info][gc,phases   ] GC(310)   Merge Heap Roots: 0.11ms
[114.437s][info][gc,phases   ] GC(310)   Evacuate Collection Set: 7.45ms
[114.437s][info][gc,phases   ] GC(310)   Post Evacuate Collection Set: 0.66ms
[114.437s][info][gc,phases   ] GC(310)   Other: 0.08ms
[114.437s][info][gc,heap     ] GC(310) Eden regions: 229->0(227)
[114.437s][info][gc,heap     ] GC(310) Survivor regions: 2->3(29)
[114.437s][info][gc,heap     ] GC(310) Old regions: 56->56
[114.437s][info][gc,heap     ] GC(310) Humongous regions: 207->207
[114.437s][info][gc,metaspace] GC(310) Metaspace: 56106K(56448K)->56106K(56448K) NonClass: 47807K(48064K)->47807K(48064K) Class: 8298K(8384K)->8298K(8384K)
[114.437s][info][gc          ] GC(310) Pause Young (Mixed) (G1 Evacuation Pause) 493M->265M(523M) 8.798ms
[114.437s][info][gc,cpu      ] GC(310) User=0.01s Sys=0.00s Real=0.01s
[114.927s][info][gc,start    ] GC(311) Pause Young (Concurrent Start) (G1 Evacuation Pause)
[114.927s][info][gc,task     ] GC(311) Using 2 workers of 2 for evacuation
[114.932s][info][gc,phases   ] GC(311)   Pre Evacuate Collection Set: 0.31ms
[114.932s][info][gc,phases   ] GC(311)   Merge Heap Roots: 0.11ms
[114.932s][info][gc,phases   ] GC(311)   Evacuate Collection Set: 4.24ms
[114.932s][info][gc,phases   ] GC(311)   Post Evacuate Collection Set: 0.61ms
[114.932s][info][gc,phases   ] GC(311)   Other: 0.11ms
[114.932s][info][gc,heap     ] GC(311) Eden regions: 227->0(229)
[114.932s][info][gc,heap     ] GC(311) Survivor regions: 3->2(29)
[114.932s][info][gc,heap     ] GC(311) Old regions: 56->56
[114.932s][info][gc,heap     ] GC(311) Humongous regions: 207->207
[114.932s][info][gc,metaspace] GC(311) Metaspace: 56106K(56448K)->56106K(56448K) NonClass: 47807K(48064K)->47807K(48064K) Class: 8298K(8384K)->8298K(8384K)
[114.932s][info][gc          ] GC(311) Pause Young (Concurrent Start) (G1 Evacuation Pause) 492M->264M(523M) 5.603ms
[114.932s][info][gc,cpu      ] GC(311) User=0.01s Sys=0.00s Real=0.00s
[114.932s][info][gc          ] GC(312) Concurrent Mark Cycle
[114.935s][info][gc,marking  ] GC(312) Concurrent Scan Root Regions
[114.940s][info][gc,marking  ] GC(312) Concurrent Scan Root Regions 5.287ms
[114.940s][info][gc,marking  ] GC(312) Concurrent Mark
[114.940s][info][gc,marking  ] GC(312) Concurrent Mark From Roots
[114.940s][info][gc,task     ] GC(312) Using 1 workers of 1 for marking
[114.999s][info][gc,marking  ] GC(312) Concurrent Mark From Roots 58.885ms
[114.999s][info][gc,marking  ] GC(312) Concurrent Preclean
[114.999s][info][gc,marking  ] GC(312) Concurrent Preclean 0.082ms
[114.999s][info][gc,start    ] GC(312) Pause Remark
[115.008s][info][gc          ] GC(312) Pause Remark 288M->288M(523M) 9.095ms
[115.008s][info][gc,cpu      ] GC(312) User=0.02s Sys=0.00s Real=0.01s
[115.008s][info][gc,marking  ] GC(312) Concurrent Mark 68.425ms
[115.008s][info][gc,marking  ] GC(312) Concurrent Rebuild Remembered Sets and Scrub Regions
[115.040s][info][gc,marking  ] GC(312) Concurrent Rebuild Remembered Sets and Scrub Regions 31.987ms
[115.041s][info][gc,start    ] GC(312) Pause Cleanup
[115.041s][info][gc          ] GC(312) Pause Cleanup 306M->306M(523M) 0.079ms
[115.041s][info][gc,cpu      ] GC(312) User=0.00s Sys=0.00s Real=0.00s
[115.041s][info][gc,marking  ] GC(312) Concurrent Clear Claimed Marks
[115.041s][info][gc,marking  ] GC(312) Concurrent Clear Claimed Marks 0.098ms
[115.041s][info][gc,marking  ] GC(312) Concurrent Cleanup for Next Mark
[115.043s][info][gc,marking  ] GC(312) Concurrent Cleanup for Next Mark 1.918ms
[115.043s][info][gc          ] GC(312) Concurrent Mark Cycle 110.439ms
[115.460s][info][gc,start    ] GC(313) Pause Young (Prepare Mixed) (G1 Evacuation Pause)
[115.460s][info][gc,task     ] GC(313) Using 2 workers of 2 for evacuation
[115.467s][info][gc,phases   ] GC(313)   Pre Evacuate Collection Set: 0.28ms
[115.467s][info][gc,phases   ] GC(313)   Merge Heap Roots: 0.12ms
[115.467s][info][gc,phases   ] GC(313)   Evacuate Collection Set: 5.63ms
[115.467s][info][gc,phases   ] GC(313)   Post Evacuate Collection Set: 0.79ms
[115.467s][info][gc,phases   ] GC(313)   Other: 0.15ms
[115.467s][info][gc,heap     ] GC(313) Eden regions: 229->0(229)
[115.467s][info][gc,heap     ] GC(313) Survivor regions: 2->2(29)
[115.467s][info][gc,heap     ] GC(313) Old regions: 56->56
[115.467s][info][gc,heap     ] GC(313) Humongous regions: 207->207
[115.467s][info][gc,metaspace] GC(313) Metaspace: 56106K(56448K)->56106K(56448K) NonClass: 47807K(48064K)->47807K(48064K) Class: 8298K(8384K)->8298K(8384K)
[115.467s][info][gc          ] GC(313) Pause Young (Prepare Mixed) (G1 Evacuation Pause) 493M->264M(523M) 7.293ms
[115.467s][info][gc,cpu      ] GC(313) User=0.01s Sys=0.00s Real=0.01s
[115.935s][info][gc,start    ] GC(314) Pause Young (Mixed) (G1 Evacuation Pause)
[115.935s][info][gc,task     ] GC(314) Using 2 workers of 2 for evacuation
[115.942s][info][gc,phases   ] GC(314)   Pre Evacuate Collection Set: 0.28ms
[115.943s][info][gc,phases   ] GC(314)   Merge Heap Roots: 0.11ms
[115.943s][info][gc,phases   ] GC(314)   Evacuate Collection Set: 6.61ms
[115.943s][info][gc,phases   ] GC(314)   Post Evacuate Collection Set: 0.63ms
[115.943s][info][gc,phases   ] GC(314)   Other: 0.08ms
[115.943s][info][gc,heap     ] GC(314) Eden regions: 229->0(229)
[115.943s][info][gc,heap     ] GC(314) Survivor regions: 2->2(29)
[115.943s][info][gc,heap     ] GC(314) Old regions: 56->56
[115.943s][info][gc,heap     ] GC(314) Humongous regions: 207->207
[115.943s][info][gc,metaspace] GC(314) Metaspace: 56106K(56448K)->56106K(56448K) NonClass: 47807K(48064K)->47807K(48064K) Class: 8298K(8384K)->8298K(8384K)
[115.943s][info][gc          ] GC(314) Pause Young (Mixed) (G1 Evacuation Pause) 493M->264M(523M) 7.920ms
[115.943s][info][gc,cpu      ] GC(314) User=0.02s Sys=0.00s Real=0.00s
[116.434s][info][gc,start    ] GC(315) Pause Young (Concurrent Start) (G1 Evacuation Pause)
[116.434s][info][gc,task     ] GC(315) Using 2 workers of 2 for evacuation
[116.440s][info][gc,phases   ] GC(315)   Pre Evacuate Collection Set: 0.30ms
[116.440s][info][gc,phases   ] GC(315)   Merge Heap Roots: 0.10ms
[116.440s][info][gc,phases   ] GC(315)   Evacuate Collection Set: 4.66ms
[116.440s][info][gc,phases   ] GC(315)   Post Evacuate Collection Set: 0.60ms
[116.440s][info][gc,phases   ] GC(315)   Other: 0.12ms
[116.440s][info][gc,heap     ] GC(315) Eden regions: 229->0(227)
[116.440s][info][gc,heap     ] GC(315) Survivor regions: 2->3(29)
[116.440s][info][gc,heap     ] GC(315) Old regions: 56->56
[116.440s][info][gc,heap     ] GC(315) Humongous regions: 207->207
[116.440s][info][gc,metaspace] GC(315) Metaspace: 56106K(56448K)->56106K(56448K) NonClass: 47807K(48064K)->47807K(48064K) Class: 8298K(8384K)->8298K(8384K)
[116.440s][info][gc          ] GC(315) Pause Young (Concurrent Start) (G1 Evacuation Pause) 493M->265M(523M) 5.977ms
[116.440s][info][gc,cpu      ] GC(315) User=0.01s Sys=0.00s Real=0.00s
[116.440s][info][gc          ] GC(316) Concurrent Mark Cycle
[116.441s][info][gc,marking  ] GC(316) Concurrent Scan Root Regions
[116.449s][info][gc,marking  ] GC(316) Concurrent Scan Root Regions 7.758ms
[116.449s][info][gc,marking  ] GC(316) Concurrent Mark
[116.449s][info][gc,marking  ] GC(316) Concurrent Mark From Roots
[116.449s][info][gc,task     ] GC(316) Using 1 workers of 1 for marking
[116.520s][info][gc,marking  ] GC(316) Concurrent Mark From Roots 70.912ms
[116.520s][info][gc,marking  ] GC(316) Concurrent Preclean
[116.520s][info][gc,marking  ] GC(316) Concurrent Preclean 0.094ms
[116.520s][info][gc,start    ] GC(316) Pause Remark
[116.538s][info][gc          ] GC(316) Pause Remark 274M->274M(523M) 18.006ms
[116.538s][info][gc,cpu      ] GC(316) User=0.02s Sys=0.00s Real=0.02s
[116.541s][info][gc,marking  ] GC(316) Concurrent Mark 91.990ms
[116.541s][info][gc,marking  ] GC(316) Concurrent Rebuild Remembered Sets and Scrub Regions
[116.569s][info][gc,marking  ] GC(316) Concurrent Rebuild Remembered Sets and Scrub Regions 27.508ms
[116.571s][info][gc,start    ] GC(316) Pause Cleanup
[116.571s][info][gc          ] GC(316) Pause Cleanup 280M->280M(523M) 0.086ms
[116.571s][info][gc,cpu      ] GC(316) User=0.00s Sys=0.00s Real=0.00s
[116.571s][info][gc,marking  ] GC(316) Concurrent Clear Claimed Marks
[116.572s][info][gc,marking  ] GC(316) Concurrent Clear Claimed Marks 0.102ms
[116.572s][info][gc,marking  ] GC(316) Concurrent Cleanup for Next Mark
[116.573s][info][gc,marking  ] GC(316) Concurrent Cleanup for Next Mark 1.624ms
[116.573s][info][gc          ] GC(316) Concurrent Mark Cycle 133.218ms
[120.264s][info][gc,start    ] GC(317) Pause Young (Prepare Mixed) (G1 Evacuation Pause)
[120.264s][info][gc,task     ] GC(317) Using 2 workers of 2 for evacuation
[120.281s][info][gc,phases   ] GC(317)   Pre Evacuate Collection Set: 0.41ms
[120.281s][info][gc,phases   ] GC(317)   Merge Heap Roots: 0.54ms
[120.281s][info][gc,phases   ] GC(317)   Evacuate Collection Set: 15.01ms
[120.281s][info][gc,phases   ] GC(317)   Post Evacuate Collection Set: 0.84ms
[120.281s][info][gc,phases   ] GC(317)   Other: 0.12ms
[120.281s][info][gc,heap     ] GC(317) Eden regions: 218->0(334)
[120.281s][info][gc,heap     ] GC(317) Survivor regions: 3->10(29)
[120.281s][info][gc,heap     ] GC(317) Old regions: 56->56
[120.281s][info][gc,heap     ] GC(317) Humongous regions: 363->207
[120.281s][info][gc,metaspace] GC(317) Metaspace: 56413K(56704K)->56413K(56704K) NonClass: 48113K(48320K)->48113K(48320K) Class: 8299K(8384K)->8299K(8384K)
[120.281s][info][gc          ] GC(317) Pause Young (Prepare Mixed) (G1 Evacuation Pause) 639M->272M(650M) 17.142ms
[120.281s][info][gc,cpu      ] GC(317) User=0.03s Sys=0.01s Real=0.01s
[121.019s][info][gc,start    ] GC(318) Pause Young (Mixed) (G1 Evacuation Pause)
[121.019s][info][gc,task     ] GC(318) Using 2 workers of 2 for evacuation
[121.033s][info][gc,phases   ] GC(318)   Pre Evacuate Collection Set: 0.33ms
[121.033s][info][gc,phases   ] GC(318)   Merge Heap Roots: 0.14ms
[121.033s][info][gc,phases   ] GC(318)   Evacuate Collection Set: 12.56ms
[121.033s][info][gc,phases   ] GC(318)   Post Evacuate Collection Set: 0.88ms
[121.033s][info][gc,phases   ] GC(318)   Other: 0.14ms
[121.033s][info][gc,heap     ] GC(318) Eden regions: 334->0(287)
[121.033s][info][gc,heap     ] GC(318) Survivor regions: 10->25(43)
[121.033s][info][gc,heap     ] GC(318) Old regions: 56->56
[121.033s][info][gc,heap     ] GC(318) Humongous regions: 207->207
[121.033s][info][gc,metaspace] GC(318) Metaspace: 56413K(56704K)->56413K(56704K) NonClass: 48113K(48320K)->48113K(48320K) Class: 8299K(8384K)->8299K(8384K)
[121.034s][info][gc          ] GC(318) Pause Young (Mixed) (G1 Evacuation Pause) 606M->287M(650M) 14.323ms
[121.034s][info][gc,cpu      ] GC(318) User=0.03s Sys=0.00s Real=0.02s
[121.639s][info][gc,start    ] GC(319) Pause Young (Concurrent Start) (G1 Evacuation Pause)
[121.639s][info][gc,task     ] GC(319) Using 2 workers of 2 for evacuation
[121.652s][info][gc,phases   ] GC(319)   Pre Evacuate Collection Set: 0.34ms
[121.652s][info][gc,phases   ] GC(319)   Merge Heap Roots: 0.13ms
[121.652s][info][gc,phases   ] GC(319)   Evacuate Collection Set: 11.51ms
[121.652s][info][gc,phases   ] GC(319)   Post Evacuate Collection Set: 0.74ms
[121.652s][info][gc,phases   ] GC(319)   Other: 0.10ms
[121.652s][info][gc,heap     ] GC(319) Eden regions: 287->0(301)
[121.652s][info][gc,heap     ] GC(319) Survivor regions: 25->18(39)
[121.652s][info][gc,heap     ] GC(319) Old regions: 56->64
[121.652s][info][gc,heap     ] GC(319) Humongous regions: 207->207
[121.652s][info][gc,metaspace] GC(319) Metaspace: 56413K(56704K)->56413K(56704K) NonClass: 48113K(48320K)->48113K(48320K) Class: 8299K(8384K)->8299K(8384K)
[121.652s][info][gc          ] GC(319) Pause Young (Concurrent Start) (G1 Evacuation Pause) 574M->288M(650M) 13.042ms
[121.652s][info][gc,cpu      ] GC(319) User=0.03s Sys=0.00s Real=0.01s
[121.652s][info][gc          ] GC(320) Concurrent Mark Cycle
[121.653s][info][gc,marking  ] GC(320) Concurrent Scan Root Regions
[121.664s][info][gc,marking  ] GC(320) Concurrent Scan Root Regions 10.742ms
[121.664s][info][gc,marking  ] GC(320) Concurrent Mark
[121.664s][info][gc,marking  ] GC(320) Concurrent Mark From Roots
[121.664s][info][gc,task     ] GC(320) Using 1 workers of 1 for marking
[121.710s][info][gc,marking  ] GC(320) Concurrent Mark From Roots 46.226ms
[121.710s][info][gc,marking  ] GC(320) Concurrent Preclean
[121.710s][info][gc,marking  ] GC(320) Concurrent Preclean 0.056ms
[121.710s][info][gc,start    ] GC(320) Pause Remark
[121.720s][info][gc          ] GC(320) Pause Remark 307M->307M(650M) 9.801ms
[121.720s][info][gc,cpu      ] GC(320) User=0.02s Sys=0.00s Real=0.01s
[121.720s][info][gc,marking  ] GC(320) Concurrent Mark 56.742ms
[121.721s][info][gc,marking  ] GC(320) Concurrent Rebuild Remembered Sets and Scrub Regions
[121.744s][info][gc,marking  ] GC(320) Concurrent Rebuild Remembered Sets and Scrub Regions 23.486ms
[121.744s][info][gc,start    ] GC(320) Pause Cleanup
[121.744s][info][gc          ] GC(320) Pause Cleanup 321M->321M(650M) 0.085ms
[121.744s][info][gc,cpu      ] GC(320) User=0.00s Sys=0.00s Real=0.00s
[121.744s][info][gc,marking  ] GC(320) Concurrent Clear Claimed Marks
[121.744s][info][gc,marking  ] GC(320) Concurrent Clear Claimed Marks 0.096ms
[121.744s][info][gc,marking  ] GC(320) Concurrent Cleanup for Next Mark
[121.749s][info][gc,marking  ] GC(320) Concurrent Cleanup for Next Mark 4.364ms
[121.749s][info][gc          ] GC(320) Concurrent Mark Cycle 96.929ms
[122.316s][info][gc,start    ] GC(321) Pause Young (Prepare Mixed) (G1 Evacuation Pause)
[122.316s][info][gc,task     ] GC(321) Using 2 workers of 2 for evacuation
[122.322s][info][gc,phases   ] GC(321)   Pre Evacuate Collection Set: 0.29ms
[122.322s][info][gc,phases   ] GC(321)   Merge Heap Roots: 0.13ms
[122.322s][info][gc,phases   ] GC(321)   Evacuate Collection Set: 5.33ms
[122.322s][info][gc,phases   ] GC(321)   Post Evacuate Collection Set: 0.69ms
[122.322s][info][gc,phases   ] GC(321)   Other: 0.10ms
[122.322s][info][gc,heap     ] GC(321) Eden regions: 301->0(309)
[122.322s][info][gc,heap     ] GC(321) Survivor regions: 18->18(40)
[122.323s][info][gc,heap     ] GC(321) Old regions: 64->64
[122.323s][info][gc,heap     ] GC(321) Humongous regions: 207->207
[122.323s][info][gc,metaspace] GC(321) Metaspace: 56414K(56704K)->56414K(56704K) NonClass: 48114K(48320K)->48114K(48320K) Class: 8299K(8384K)->8299K(8384K)
[122.323s][info][gc          ] GC(321) Pause Young (Prepare Mixed) (G1 Evacuation Pause) 589M->287M(650M) 6.752ms
[122.323s][info][gc,cpu      ] GC(321) User=0.01s Sys=0.00s Real=0.00s
[123.050s][info][gc,start    ] GC(322) Pause Young (Mixed) (G1 Evacuation Pause)
[123.050s][info][gc,task     ] GC(322) Using 2 workers of 2 for evacuation
[123.059s][info][gc,phases   ] GC(322)   Pre Evacuate Collection Set: 0.39ms
[123.059s][info][gc,phases   ] GC(322)   Merge Heap Roots: 0.17ms
[123.059s][info][gc,phases   ] GC(322)   Evacuate Collection Set: 8.09ms
[123.059s][info][gc,phases   ] GC(322)   Post Evacuate Collection Set: 0.69ms
[123.059s][info][gc,phases   ] GC(322)   Other: 0.10ms
[123.059s][info][gc,heap     ] GC(322) Eden regions: 309->0(313)
[123.059s][info][gc,heap     ] GC(322) Survivor regions: 18->17(41)
[123.059s][info][gc,heap     ] GC(322) Old regions: 64->63
[123.059s][info][gc,heap     ] GC(322) Humongous regions: 207->207
[123.059s][info][gc,metaspace] GC(322) Metaspace: 56414K(56704K)->56414K(56704K) NonClass: 48114K(48320K)->48114K(48320K) Class: 8299K(8384K)->8299K(8384K)
[123.060s][info][gc          ] GC(322) Pause Young (Mixed) (G1 Evacuation Pause) 596M->285M(650M) 9.656ms
[123.060s][info][gc,cpu      ] GC(322) User=0.02s Sys=0.00s Real=0.01s
[123.653s][info][gc,start    ] GC(323) Pause Young (Normal) (G1 Evacuation Pause)
[123.653s][info][gc,task     ] GC(323) Using 2 workers of 2 for evacuation
[123.659s][info][gc,phases   ] GC(323)   Pre Evacuate Collection Set: 0.28ms
[123.659s][info][gc,phases   ] GC(323)   Merge Heap Roots: 0.12ms
[123.659s][info][gc,phases   ] GC(323)   Evacuate Collection Set: 5.22ms
[123.659s][info][gc,phases   ] GC(323)   Post Evacuate Collection Set: 0.73ms
[123.660s][info][gc,phases   ] GC(323)   Other: 0.09ms
[123.660s][info][gc,heap     ] GC(323) Eden regions: 313->0(313)
[123.660s][info][gc,heap     ] GC(323) Survivor regions: 17->17(42)
[123.660s][info][gc,heap     ] GC(323) Old regions: 63->63
[123.660s][info][gc,heap     ] GC(323) Humongous regions: 207->207
[123.660s][info][gc,metaspace] GC(323) Metaspace: 56415K(56704K)->56415K(56704K) NonClass: 48115K(48320K)->48115K(48320K) Class: 8299K(8384K)->8299K(8384K)
[123.660s][info][gc          ] GC(323) Pause Young (Normal) (G1 Evacuation Pause) 598M->286M(650M) 6.668ms
[123.660s][info][gc,cpu      ] GC(323) User=0.01s Sys=0.00s Real=0.01s
[124.364s][info][gc,start    ] GC(324) Pause Young (Normal) (G1 Evacuation Pause)
[124.364s][info][gc,task     ] GC(324) Using 2 workers of 2 for evacuation
[124.371s][info][gc,phases   ] GC(324)   Pre Evacuate Collection Set: 0.28ms
[124.371s][info][gc,phases   ] GC(324)   Merge Heap Roots: 0.11ms
[124.371s][info][gc,phases   ] GC(324)   Evacuate Collection Set: 5.42ms
[124.371s][info][gc,phases   ] GC(324)   Post Evacuate Collection Set: 0.75ms
[124.371s][info][gc,phases   ] GC(324)   Other: 0.12ms
[124.371s][info][gc,heap     ] GC(324) Eden regions: 313->0(301)
[124.371s][info][gc,heap     ] GC(324) Survivor regions: 17->23(42)
[124.371s][info][gc,heap     ] GC(324) Old regions: 63->63
[124.371s][info][gc,heap     ] GC(324) Humongous regions: 207->207
[124.371s][info][gc,metaspace] GC(324) Metaspace: 56415K(56704K)->56415K(56704K) NonClass: 48115K(48320K)->48115K(48320K) Class: 8299K(8384K)->8299K(8384K)
[124.371s][info][gc          ] GC(324) Pause Young (Normal) (G1 Evacuation Pause) 599M->292M(650M) 6.885ms
[124.371s][info][gc,cpu      ] GC(324) User=0.01s Sys=0.00s Real=0.00s
[125.018s][info][gc,start    ] GC(325) Pause Young (Normal) (G1 Evacuation Pause)
[125.018s][info][gc,task     ] GC(325) Using 2 workers of 2 for evacuation
[125.025s][info][gc,phases   ] GC(325)   Pre Evacuate Collection Set: 0.31ms
[125.025s][info][gc,phases   ] GC(325)   Merge Heap Roots: 0.10ms
[125.025s][info][gc,phases   ] GC(325)   Evacuate Collection Set: 5.79ms
[125.025s][info][gc,phases   ] GC(325)   Post Evacuate Collection Set: 0.68ms
[125.025s][info][gc,phases   ] GC(325)   Other: 0.11ms
[125.025s][info][gc,heap     ] GC(325) Eden regions: 301->0(316)
[125.025s][info][gc,heap     ] GC(325) Survivor regions: 23->8(41)
[125.025s][info][gc,heap     ] GC(325) Old regions: 63->78
[125.025s][info][gc,heap     ] GC(325) Humongous regions: 207->207
[125.025s][info][gc,metaspace] GC(325) Metaspace: 56415K(56704K)->56415K(56704K) NonClass: 48115K(48320K)->48115K(48320K) Class: 8299K(8384K)->8299K(8384K)
[125.025s][info][gc          ] GC(325) Pause Young (Normal) (G1 Evacuation Pause) 593M->291M(650M) 7.237ms
[125.025s][info][gc,cpu      ] GC(325) User=0.02s Sys=0.00s Real=0.01s
[125.711s][info][gc,start    ] GC(326) Pause Young (Concurrent Start) (G1 Evacuation Pause)
[125.711s][info][gc,task     ] GC(326) Using 2 workers of 2 for evacuation
[125.716s][info][gc,phases   ] GC(326)   Pre Evacuate Collection Set: 0.35ms
[125.716s][info][gc,phases   ] GC(326)   Merge Heap Roots: 0.11ms
[125.716s][info][gc,phases   ] GC(326)   Evacuate Collection Set: 3.71ms
[125.716s][info][gc,phases   ] GC(326)   Post Evacuate Collection Set: 0.65ms
[125.716s][info][gc,phases   ] GC(326)   Other: 0.12ms
[125.716s][info][gc,heap     ] GC(326) Eden regions: 316->0(316)
[125.716s][info][gc,heap     ] GC(326) Survivor regions: 8->8(41)
[125.716s][info][gc,heap     ] GC(326) Old regions: 78->78
[125.716s][info][gc,heap     ] GC(326) Humongous regions: 207->207
[125.716s][info][gc,metaspace] GC(326) Metaspace: 56415K(56704K)->56415K(56704K) NonClass: 48115K(48320K)->48115K(48320K) Class: 8299K(8384K)->8299K(8384K)
[125.716s][info][gc          ] GC(326) Pause Young (Concurrent Start) (G1 Evacuation Pause) 607M->291M(650M) 5.134ms
[125.716s][info][gc,cpu      ] GC(326) User=0.00s Sys=0.00s Real=0.01s
[125.716s][info][gc          ] GC(327) Concurrent Mark Cycle
[125.719s][info][gc,marking  ] GC(327) Concurrent Scan Root Regions
[125.724s][info][gc,marking  ] GC(327) Concurrent Scan Root Regions 5.227ms
[125.724s][info][gc,marking  ] GC(327) Concurrent Mark
[125.724s][info][gc,marking  ] GC(327) Concurrent Mark From Roots
[125.724s][info][gc,task     ] GC(327) Using 1 workers of 1 for marking
[125.788s][info][gc,marking  ] GC(327) Concurrent Mark From Roots 63.603ms
[125.788s][info][gc,marking  ] GC(327) Concurrent Preclean
[125.788s][info][gc,marking  ] GC(327) Concurrent Preclean 0.070ms
[125.788s][info][gc,start    ] GC(327) Pause Remark
[125.798s][info][gc          ] GC(327) Pause Remark 331M->301M(650M) 9.803ms
[125.798s][info][gc,cpu      ] GC(327) User=0.02s Sys=0.00s Real=0.01s
[125.798s][info][gc,marking  ] GC(327) Concurrent Mark 73.802ms
[125.798s][info][gc,marking  ] GC(327) Concurrent Rebuild Remembered Sets and Scrub Regions
[125.817s][info][gc,marking  ] GC(327) Concurrent Rebuild Remembered Sets and Scrub Regions 18.852ms
[125.817s][info][gc,start    ] GC(327) Pause Cleanup
[125.818s][info][gc          ] GC(327) Pause Cleanup 310M->310M(650M) 0.113ms
[125.818s][info][gc,cpu      ] GC(327) User=0.00s Sys=0.00s Real=0.00s
[125.818s][info][gc,marking  ] GC(327) Concurrent Clear Claimed Marks
[125.818s][info][gc,marking  ] GC(327) Concurrent Clear Claimed Marks 0.103ms
[125.818s][info][gc,marking  ] GC(327) Concurrent Cleanup for Next Mark
[125.820s][info][gc,marking  ] GC(327) Concurrent Cleanup for Next Mark 2.729ms
[125.821s][info][gc          ] GC(327) Concurrent Mark Cycle 104.164ms
[126.410s][info][gc,start    ] GC(328) Pause Young (Prepare Mixed) (G1 Evacuation Pause)
[126.410s][info][gc,task     ] GC(328) Using 2 workers of 2 for evacuation
[126.414s][info][gc,phases   ] GC(328)   Pre Evacuate Collection Set: 0.29ms
[126.414s][info][gc,phases   ] GC(328)   Merge Heap Roots: 0.13ms
[126.414s][info][gc,phases   ] GC(328)   Evacuate Collection Set: 3.20ms
[126.414s][info][gc,phases   ] GC(328)   Post Evacuate Collection Set: 0.67ms
[126.414s][info][gc,phases   ] GC(328)   Other: 0.10ms
[126.414s][info][gc,heap     ] GC(328) Eden regions: 316->0(346)
[126.414s][info][gc,heap     ] GC(328) Survivor regions: 8->8(41)
[126.414s][info][gc,heap     ] GC(328) Old regions: 48->48
[126.414s][info][gc,heap     ] GC(328) Humongous regions: 207->207
[126.414s][info][gc,metaspace] GC(328) Metaspace: 56415K(56704K)->56415K(56704K) NonClass: 48115K(48320K)->48115K(48320K) Class: 8299K(8384K)->8299K(8384K)
[126.415s][info][gc          ] GC(328) Pause Young (Prepare Mixed) (G1 Evacuation Pause) 577M->261M(650M) 4.597ms
[126.415s][info][gc,cpu      ] GC(328) User=0.01s Sys=0.00s Real=0.01s
[127.140s][info][gc,start    ] GC(329) Pause Young (Mixed) (G1 Evacuation Pause)
[127.141s][info][gc,task     ] GC(329) Using 2 workers of 2 for evacuation
[127.147s][info][gc,phases   ] GC(329)   Pre Evacuate Collection Set: 0.27ms
[127.147s][info][gc,phases   ] GC(329)   Merge Heap Roots: 0.10ms
[127.147s][info][gc,phases   ] GC(329)   Evacuate Collection Set: 5.72ms
[127.147s][info][gc,phases   ] GC(329)   Post Evacuate Collection Set: 0.70ms
[127.147s][info][gc,phases   ] GC(329)   Other: 0.11ms
[127.147s][info][gc,heap     ] GC(329) Eden regions: 346->0(346)
[127.147s][info][gc,heap     ] GC(329) Survivor regions: 8->9(45)
[127.148s][info][gc,heap     ] GC(329) Old regions: 48->46
[127.148s][info][gc,heap     ] GC(329) Humongous regions: 207->207
[127.148s][info][gc,metaspace] GC(329) Metaspace: 56420K(56704K)->56420K(56704K) NonClass: 48120K(48320K)->48120K(48320K) Class: 8299K(8384K)->8299K(8384K)
[127.148s][info][gc          ] GC(329) Pause Young (Mixed) (G1 Evacuation Pause) 607M->261M(650M) 7.118ms
[127.148s][info][gc,cpu      ] GC(329) User=0.01s Sys=0.00s Real=0.01s
[127.918s][info][gc,start    ] GC(330) Pause Young (Concurrent Start) (G1 Evacuation Pause)
[127.918s][info][gc,task     ] GC(330) Using 2 workers of 2 for evacuation
[127.924s][info][gc,phases   ] GC(330)   Pre Evacuate Collection Set: 0.34ms
[127.924s][info][gc,phases   ] GC(330)   Merge Heap Roots: 0.11ms
[127.924s][info][gc,phases   ] GC(330)   Evacuate Collection Set: 4.96ms
[127.924s][info][gc,phases   ] GC(330)   Post Evacuate Collection Set: 0.70ms
[127.924s][info][gc,phases   ] GC(330)   Other: 0.11ms
[127.924s][info][gc,heap     ] GC(330) Eden regions: 346->0(348)
[127.924s][info][gc,heap     ] GC(330) Survivor regions: 9->8(45)
[127.924s][info][gc,heap     ] GC(330) Old regions: 46->46
[127.924s][info][gc,heap     ] GC(330) Humongous regions: 207->207
[127.924s][info][gc,metaspace] GC(330) Metaspace: 56424K(56704K)->56424K(56704K) NonClass: 48125K(48320K)->48125K(48320K) Class: 8299K(8384K)->8299K(8384K)
[127.924s][info][gc          ] GC(330) Pause Young (Concurrent Start) (G1 Evacuation Pause) 607M->259M(650M) 6.428ms
[127.924s][info][gc          ] GC(331) Concurrent Mark Cycle
[127.924s][info][gc,marking  ] GC(331) Concurrent Scan Root Regions
[127.925s][info][gc,cpu      ] GC(330) User=0.02s Sys=0.00s Real=0.01s
[127.927s][info][gc,marking  ] GC(331) Concurrent Scan Root Regions 3.116ms
[127.927s][info][gc,marking  ] GC(331) Concurrent Mark
[127.927s][info][gc,marking  ] GC(331) Concurrent Mark From Roots
[127.927s][info][gc,task     ] GC(331) Using 1 workers of 1 for marking
[127.986s][info][gc,marking  ] GC(331) Concurrent Mark From Roots 58.900ms
[127.986s][info][gc,marking  ] GC(331) Concurrent Preclean
[127.986s][info][gc,marking  ] GC(331) Concurrent Preclean 0.078ms
[127.986s][info][gc,start    ] GC(331) Pause Remark
[127.995s][info][gc          ] GC(331) Pause Remark 289M->289M(650M) 8.984ms
[127.995s][info][gc,cpu      ] GC(331) User=0.02s Sys=0.00s Real=0.01s
[127.996s][info][gc,marking  ] GC(331) Concurrent Mark 68.209ms
[127.996s][info][gc,marking  ] GC(331) Concurrent Rebuild Remembered Sets and Scrub Regions
[128.025s][info][gc,marking  ] GC(331) Concurrent Rebuild Remembered Sets and Scrub Regions 29.411ms
[128.025s][info][gc,start    ] GC(331) Pause Cleanup
[128.025s][info][gc          ] GC(331) Pause Cleanup 305M->305M(650M) 0.092ms
[128.025s][info][gc,cpu      ] GC(331) User=0.00s Sys=0.00s Real=0.00s
[128.026s][info][gc,marking  ] GC(331) Concurrent Clear Claimed Marks
[128.026s][info][gc,marking  ] GC(331) Concurrent Clear Claimed Marks 0.119ms
[128.026s][info][gc,marking  ] GC(331) Concurrent Cleanup for Next Mark
[128.031s][info][gc,marking  ] GC(331) Concurrent Cleanup for Next Mark 5.515ms
[128.032s][info][gc          ] GC(331) Concurrent Mark Cycle 107.359ms
[128.704s][info][gc,start    ] GC(332) Pause Young (Prepare Mixed) (G1 Evacuation Pause)
[128.704s][info][gc,task     ] GC(332) Using 2 workers of 2 for evacuation
[128.708s][info][gc,phases   ] GC(332)   Pre Evacuate Collection Set: 0.29ms
[128.708s][info][gc,phases   ] GC(332)   Merge Heap Roots: 0.13ms
[128.708s][info][gc,phases   ] GC(332)   Evacuate Collection Set: 2.78ms
[128.708s][info][gc,phases   ] GC(332)   Post Evacuate Collection Set: 0.70ms
[128.708s][info][gc,phases   ] GC(332)   Other: 0.09ms
[128.708s][info][gc,heap     ] GC(332) Eden regions: 348->0(350)
[128.708s][info][gc,heap     ] GC(332) Survivor regions: 8->7(45)
[128.708s][info][gc,heap     ] GC(332) Old regions: 46->46
[128.708s][info][gc,heap     ] GC(332) Humongous regions: 207->207
[128.708s][info][gc,metaspace] GC(332) Metaspace: 56424K(56704K)->56424K(56704K) NonClass: 48125K(48320K)->48125K(48320K) Class: 8299K(8384K)->8299K(8384K)
[128.708s][info][gc          ] GC(332) Pause Young (Prepare Mixed) (G1 Evacuation Pause) 607M->258M(650M) 4.228ms
[128.708s][info][gc,cpu      ] GC(332) User=0.01s Sys=0.00s Real=0.01s
[129.443s][info][gc,start    ] GC(333) Pause Young (Mixed) (G1 Evacuation Pause)
[129.443s][info][gc,task     ] GC(333) Using 2 workers of 2 for evacuation
[129.451s][info][gc,phases   ] GC(333)   Pre Evacuate Collection Set: 0.30ms
[129.451s][info][gc,phases   ] GC(333)   Merge Heap Roots: 0.12ms
[129.451s][info][gc,phases   ] GC(333)   Evacuate Collection Set: 6.29ms
[129.451s][info][gc,phases   ] GC(333)   Post Evacuate Collection Set: 0.89ms
[129.451s][info][gc,phases   ] GC(333)   Other: 0.10ms
[129.451s][info][gc,heap     ] GC(333) Eden regions: 350->0(350)
[129.451s][info][gc,heap     ] GC(333) Survivor regions: 7->8(45)
[129.451s][info][gc,heap     ] GC(333) Old regions: 46->44
[129.451s][info][gc,heap     ] GC(333) Humongous regions: 207->207
[129.451s][info][gc,metaspace] GC(333) Metaspace: 56424K(56704K)->56424K(56704K) NonClass: 48125K(48320K)->48125K(48320K) Class: 8299K(8384K)->8299K(8384K)
[129.451s][info][gc          ] GC(333) Pause Young (Mixed) (G1 Evacuation Pause) 608M->258M(650M) 7.909ms
[129.451s][info][gc,cpu      ] GC(333) User=0.01s Sys=0.00s Real=0.01s
[130.245s][info][gc,start    ] GC(334) Pause Young (Concurrent Start) (G1 Evacuation Pause)
[130.245s][info][gc,task     ] GC(334) Using 2 workers of 2 for evacuation
[130.251s][info][gc,phases   ] GC(334)   Pre Evacuate Collection Set: 0.32ms
[130.251s][info][gc,phases   ] GC(334)   Merge Heap Roots: 0.13ms
[130.251s][info][gc,phases   ] GC(334)   Evacuate Collection Set: 4.42ms
[130.251s][info][gc,phases   ] GC(334)   Post Evacuate Collection Set: 0.75ms
[130.251s][info][gc,phases   ] GC(334)   Other: 0.10ms
[130.251s][info][gc,heap     ] GC(334) Eden regions: 350->0(350)
[130.251s][info][gc,heap     ] GC(334) Survivor regions: 8->8(45)
[130.251s][info][gc,heap     ] GC(334) Old regions: 44->44
[130.251s][info][gc,heap     ] GC(334) Humongous regions: 207->207
[130.251s][info][gc,metaspace] GC(334) Metaspace: 56424K(56704K)->56424K(56704K) NonClass: 48125K(48320K)->48125K(48320K) Class: 8299K(8384K)->8299K(8384K)
[130.251s][info][gc          ] GC(334) Pause Young (Concurrent Start) (G1 Evacuation Pause) 608M->258M(650M) 5.920ms
[130.251s][info][gc,cpu      ] GC(334) User=0.01s Sys=0.00s Real=0.00s
[130.251s][info][gc          ] GC(335) Concurrent Mark Cycle
[130.252s][info][gc,marking  ] GC(335) Concurrent Scan Root Regions
[130.258s][info][gc,marking  ] GC(335) Concurrent Scan Root Regions 6.296ms
[130.258s][info][gc,marking  ] GC(335) Concurrent Mark
[130.258s][info][gc,marking  ] GC(335) Concurrent Mark From Roots
[130.258s][info][gc,task     ] GC(335) Using 1 workers of 1 for marking
[130.336s][info][gc,marking  ] GC(335) Concurrent Mark From Roots 77.522ms
[130.336s][info][gc,marking  ] GC(335) Concurrent Preclean
[130.336s][info][gc,marking  ] GC(335) Concurrent Preclean 0.065ms
[130.336s][info][gc,start    ] GC(335) Pause Remark
[130.345s][info][gc          ] GC(335) Pause Remark 305M->305M(650M) 9.084ms
[130.345s][info][gc,cpu      ] GC(335) User=0.01s Sys=0.00s Real=0.01s
[130.346s][info][gc,marking  ] GC(335) Concurrent Mark 87.333ms
[130.346s][info][gc,marking  ] GC(335) Concurrent Rebuild Remembered Sets and Scrub Regions
[130.369s][info][gc,marking  ] GC(335) Concurrent Rebuild Remembered Sets and Scrub Regions 23.732ms
[130.370s][info][gc,start    ] GC(335) Pause Cleanup
[130.370s][info][gc          ] GC(335) Pause Cleanup 320M->320M(650M) 0.098ms
[130.370s][info][gc,cpu      ] GC(335) User=0.00s Sys=0.00s Real=0.00s
[130.370s][info][gc,marking  ] GC(335) Concurrent Clear Claimed Marks
[130.370s][info][gc,marking  ] GC(335) Concurrent Clear Claimed Marks 0.092ms
[130.370s][info][gc,marking  ] GC(335) Concurrent Cleanup for Next Mark
[130.372s][info][gc,marking  ] GC(335) Concurrent Cleanup for Next Mark 2.228ms
[130.372s][info][gc          ] GC(335) Concurrent Mark Cycle 120.668ms
[131.006s][info][gc,start    ] GC(336) Pause Young (Prepare Mixed) (G1 Evacuation Pause)
[131.006s][info][gc,task     ] GC(336) Using 2 workers of 2 for evacuation
[131.011s][info][gc,phases   ] GC(336)   Pre Evacuate Collection Set: 0.29ms
[131.011s][info][gc,phases   ] GC(336)   Merge Heap Roots: 0.14ms
[131.011s][info][gc,phases   ] GC(336)   Evacuate Collection Set: 3.61ms
[131.011s][info][gc,phases   ] GC(336)   Post Evacuate Collection Set: 0.77ms
[131.011s][info][gc,phases   ] GC(336)   Other: 0.13ms
[131.011s][info][gc,heap     ] GC(336) Eden regions: 350->0(352)
[131.011s][info][gc,heap     ] GC(336) Survivor regions: 8->7(45)
[131.011s][info][gc,heap     ] GC(336) Old regions: 44->44
[131.011s][info][gc,heap     ] GC(336) Humongous regions: 207->207
[131.011s][info][gc,metaspace] GC(336) Metaspace: 56424K(56704K)->56424K(56704K) NonClass: 48125K(48320K)->48125K(48320K) Class: 8299K(8384K)->8299K(8384K)
[131.011s][info][gc          ] GC(336) Pause Young (Prepare Mixed) (G1 Evacuation Pause) 608M->258M(650M) 5.146ms
[131.011s][info][gc,cpu      ] GC(336) User=0.01s Sys=0.00s Real=0.00s
[131.744s][info][gc,start    ] GC(337) Pause Young (Mixed) (G1 Evacuation Pause)
[131.744s][info][gc,task     ] GC(337) Using 2 workers of 2 for evacuation
[131.753s][info][gc,phases   ] GC(337)   Pre Evacuate Collection Set: 0.33ms
[131.753s][info][gc,phases   ] GC(337)   Merge Heap Roots: 0.12ms
[131.753s][info][gc,phases   ] GC(337)   Evacuate Collection Set: 7.38ms
[131.753s][info][gc,phases   ] GC(337)   Post Evacuate Collection Set: 0.83ms
[131.753s][info][gc,phases   ] GC(337)   Other: 0.13ms
[131.753s][info][gc,heap     ] GC(337) Eden regions: 352->0(350)
[131.753s][info][gc,heap     ] GC(337) Survivor regions: 7->8(45)
[131.753s][info][gc,heap     ] GC(337) Old regions: 44->44
[131.753s][info][gc,heap     ] GC(337) Humongous regions: 207->207
[131.753s][info][gc,metaspace] GC(337) Metaspace: 56424K(56704K)->56424K(56704K) NonClass: 48125K(48320K)->48125K(48320K) Class: 8299K(8384K)->8299K(8384K)
[131.753s][info][gc          ] GC(337) Pause Young (Mixed) (G1 Evacuation Pause) 610M->258M(650M) 9.005ms
[131.753s][info][gc,cpu      ] GC(337) User=0.02s Sys=0.00s Real=0.00s
[132.560s][info][gc,start    ] GC(338) Pause Young (Concurrent Start) (G1 Evacuation Pause)
[132.561s][info][gc,task     ] GC(338) Using 2 workers of 2 for evacuation
[132.587s][info][gc,phases   ] GC(338)   Pre Evacuate Collection Set: 0.34ms
[132.587s][info][gc,phases   ] GC(338)   Merge Heap Roots: 0.11ms
[132.587s][info][gc,phases   ] GC(338)   Evacuate Collection Set: 24.57ms
[132.587s][info][gc,phases   ] GC(338)   Post Evacuate Collection Set: 1.13ms
[132.587s][info][gc,phases   ] GC(338)   Other: 0.17ms
[132.587s][info][gc,heap     ] GC(338) Eden regions: 350->0(346)
[132.587s][info][gc,heap     ] GC(338) Survivor regions: 8->10(45)
[132.587s][info][gc,heap     ] GC(338) Old regions: 44->44
[132.587s][info][gc,heap     ] GC(338) Humongous regions: 207->207
[132.587s][info][gc,metaspace] GC(338) Metaspace: 56424K(56704K)->56424K(56704K) NonClass: 48125K(48320K)->48125K(48320K) Class: 8299K(8384K)->8299K(8384K)
[132.587s][info][gc          ] GC(338) Pause Young (Concurrent Start) (G1 Evacuation Pause) 608M->260M(650M) 26.586ms
[132.587s][info][gc,cpu      ] GC(338) User=0.02s Sys=0.00s Real=0.03s
[132.600s][info][gc          ] GC(339) Concurrent Mark Cycle
[132.600s][info][gc,marking  ] GC(339) Concurrent Scan Root Regions
[132.632s][info][gc,marking  ] GC(339) Concurrent Scan Root Regions 31.888ms
[132.632s][info][gc,marking  ] GC(339) Concurrent Mark
[132.632s][info][gc,marking  ] GC(339) Concurrent Mark From Roots
[132.632s][info][gc,task     ] GC(339) Using 1 workers of 1 for marking
[132.685s][info][gc,marking  ] GC(339) Concurrent Mark From Roots 52.563ms
[132.685s][info][gc,marking  ] GC(339) Concurrent Preclean
[132.685s][info][gc,marking  ] GC(339) Concurrent Preclean 0.066ms
[132.685s][info][gc,start    ] GC(339) Pause Remark
[132.697s][info][gc          ] GC(339) Pause Remark 283M->283M(650M) 11.918ms
[132.697s][info][gc,cpu      ] GC(339) User=0.02s Sys=0.00s Real=0.01s
[132.698s][info][gc,marking  ] GC(339) Concurrent Mark 65.620ms
[132.698s][info][gc,marking  ] GC(339) Concurrent Rebuild Remembered Sets and Scrub Regions
[132.715s][info][gc,marking  ] GC(339) Concurrent Rebuild Remembered Sets and Scrub Regions 17.550ms
[132.715s][info][gc,start    ] GC(339) Pause Cleanup
[132.715s][info][gc          ] GC(339) Pause Cleanup 290M->290M(650M) 0.103ms
[132.716s][info][gc,cpu      ] GC(339) User=0.00s Sys=0.00s Real=0.00s
[132.716s][info][gc,marking  ] GC(339) Concurrent Clear Claimed Marks
[132.716s][info][gc,marking  ] GC(339) Concurrent Clear Claimed Marks 0.107ms
[132.716s][info][gc,marking  ] GC(339) Concurrent Cleanup for Next Mark
[132.719s][info][gc,marking  ] GC(339) Concurrent Cleanup for Next Mark 2.598ms
[132.719s][info][gc          ] GC(339) Concurrent Mark Cycle 118.580ms
[133.411s][info][gc,start    ] GC(340) Pause Young (Prepare Mixed) (G1 Evacuation Pause)
[133.411s][info][gc,task     ] GC(340) Using 2 workers of 2 for evacuation
[133.415s][info][gc,phases   ] GC(340)   Pre Evacuate Collection Set: 0.29ms
[133.415s][info][gc,phases   ] GC(340)   Merge Heap Roots: 0.14ms
[133.415s][info][gc,phases   ] GC(340)   Evacuate Collection Set: 3.44ms
[133.415s][info][gc,phases   ] GC(340)   Post Evacuate Collection Set: 0.69ms
[133.415s][info][gc,phases   ] GC(340)   Other: 0.12ms
[133.415s][info][gc,heap     ] GC(340) Eden regions: 346->0(352)
[133.415s][info][gc,heap     ] GC(340) Survivor regions: 10->7(45)
[133.416s][info][gc,heap     ] GC(340) Old regions: 44->44
[133.416s][info][gc,heap     ] GC(340) Humongous regions: 207->207
[133.416s][info][gc,metaspace] GC(340) Metaspace: 56424K(56704K)->56424K(56704K) NonClass: 48125K(48320K)->48125K(48320K) Class: 8299K(8384K)->8299K(8384K)
[133.416s][info][gc          ] GC(340) Pause Young (Prepare Mixed) (G1 Evacuation Pause) 606M->257M(650M) 4.895ms
[133.416s][info][gc,cpu      ] GC(340) User=0.01s Sys=0.00s Real=0.01s
[134.141s][info][gc,start    ] GC(341) Pause Young (Mixed) (G1 Evacuation Pause)
[134.141s][info][gc,task     ] GC(341) Using 2 workers of 2 for evacuation
[134.151s][info][gc,phases   ] GC(341)   Pre Evacuate Collection Set: 0.29ms
[134.151s][info][gc,phases   ] GC(341)   Merge Heap Roots: 0.13ms
[134.151s][info][gc,phases   ] GC(341)   Evacuate Collection Set: 7.88ms
[134.151s][info][gc,phases   ] GC(341)   Post Evacuate Collection Set: 0.77ms
[134.151s][info][gc,phases   ] GC(341)   Other: 0.12ms
[134.151s][info][gc,heap     ] GC(341) Eden regions: 352->0(350)
[134.151s][info][gc,heap     ] GC(341) Survivor regions: 7->8(45)
[134.151s][info][gc,heap     ] GC(341) Old regions: 44->44
[134.151s][info][gc,heap     ] GC(341) Humongous regions: 207->207
[134.151s][info][gc,metaspace] GC(341) Metaspace: 56424K(56704K)->56424K(56704K) NonClass: 48125K(48320K)->48125K(48320K) Class: 8299K(8384K)->8299K(8384K)
[134.151s][info][gc          ] GC(341) Pause Young (Mixed) (G1 Evacuation Pause) 609M->258M(650M) 9.393ms
[134.151s][info][gc,cpu      ] GC(341) User=0.01s Sys=0.00s Real=0.01s
[134.929s][info][gc,start    ] GC(342) Pause Young (Concurrent Start) (G1 Evacuation Pause)
[134.929s][info][gc,task     ] GC(342) Using 2 workers of 2 for evacuation
[134.936s][info][gc,phases   ] GC(342)   Pre Evacuate Collection Set: 0.31ms
[134.936s][info][gc,phases   ] GC(342)   Merge Heap Roots: 0.11ms
[134.936s][info][gc,phases   ] GC(342)   Evacuate Collection Set: 5.30ms
[134.936s][info][gc,phases   ] GC(342)   Post Evacuate Collection Set: 0.68ms
[134.936s][info][gc,phases   ] GC(342)   Other: 0.11ms
[134.936s][info][gc,heap     ] GC(342) Eden regions: 350->0(350)
[134.936s][info][gc,heap     ] GC(342) Survivor regions: 8->8(45)
[134.936s][info][gc,heap     ] GC(342) Old regions: 44->44
[134.936s][info][gc,heap     ] GC(342) Humongous regions: 207->207
[134.936s][info][gc,metaspace] GC(342) Metaspace: 56424K(56704K)->56424K(56704K) NonClass: 48125K(48320K)->48125K(48320K) Class: 8299K(8384K)->8299K(8384K)
[134.936s][info][gc          ] GC(342) Pause Young (Concurrent Start) (G1 Evacuation Pause) 608M->258M(650M) 6.720ms
[134.936s][info][gc          ] GC(343) Concurrent Mark Cycle
[134.936s][info][gc,marking  ] GC(343) Concurrent Scan Root Regions
[134.938s][info][gc,cpu      ] GC(342) User=0.01s Sys=0.00s Real=0.01s
[134.942s][info][gc,marking  ] GC(343) Concurrent Scan Root Regions 6.054ms
[134.942s][info][gc,marking  ] GC(343) Concurrent Mark
[134.942s][info][gc,marking  ] GC(343) Concurrent Mark From Roots
[134.942s][info][gc,task     ] GC(343) Using 1 workers of 1 for marking
[134.990s][info][gc,marking  ] GC(343) Concurrent Mark From Roots 47.990ms
[134.990s][info][gc,marking  ] GC(343) Concurrent Preclean
[134.990s][info][gc,marking  ] GC(343) Concurrent Preclean 0.064ms
[134.990s][info][gc,start    ] GC(343) Pause Remark
[134.999s][info][gc          ] GC(343) Pause Remark 281M->281M(650M) 8.819ms
[134.999s][info][gc,cpu      ] GC(343) User=0.02s Sys=0.00s Real=0.01s
[134.999s][info][gc,marking  ] GC(343) Concurrent Mark 57.104ms
[134.999s][info][gc,marking  ] GC(343) Concurrent Rebuild Remembered Sets and Scrub Regions
[135.032s][info][gc,marking  ] GC(343) Concurrent Rebuild Remembered Sets and Scrub Regions 32.698ms
[135.032s][info][gc,start    ] GC(343) Pause Cleanup
[135.032s][info][gc          ] GC(343) Pause Cleanup 300M->300M(650M) 0.086ms
[135.032s][info][gc,cpu      ] GC(343) User=0.00s Sys=0.00s Real=0.00s
[135.033s][info][gc,marking  ] GC(343) Concurrent Clear Claimed Marks
[135.033s][info][gc,marking  ] GC(343) Concurrent Clear Claimed Marks 0.113ms
[135.033s][info][gc,marking  ] GC(343) Concurrent Cleanup for Next Mark
[135.039s][info][gc,marking  ] GC(343) Concurrent Cleanup for Next Mark 5.597ms
[135.039s][info][gc          ] GC(343) Concurrent Mark Cycle 102.682ms
[135.734s][info][gc,start    ] GC(344) Pause Young (Prepare Mixed) (G1 Evacuation Pause)
[135.734s][info][gc,task     ] GC(344) Using 2 workers of 2 for evacuation
[135.741s][info][gc,phases   ] GC(344)   Pre Evacuate Collection Set: 0.29ms
[135.741s][info][gc,phases   ] GC(344)   Merge Heap Roots: 0.13ms
[135.741s][info][gc,phases   ] GC(344)   Evacuate Collection Set: 5.31ms
[135.741s][info][gc,phases   ] GC(344)   Post Evacuate Collection Set: 0.77ms
[135.741s][info][gc,phases   ] GC(344)   Other: 0.12ms
[135.741s][info][gc,heap     ] GC(344) Eden regions: 350->0(354)
[135.741s][info][gc,heap     ] GC(344) Survivor regions: 8->3(45)
[135.741s][info][gc,heap     ] GC(344) Old regions: 44->50
[135.741s][info][gc,heap     ] GC(344) Humongous regions: 207->207
[135.741s][info][gc,metaspace] GC(344) Metaspace: 56424K(56704K)->56424K(56704K) NonClass: 48125K(48320K)->48125K(48320K) Class: 8299K(8384K)->8299K(8384K)
[135.741s][info][gc          ] GC(344) Pause Young (Prepare Mixed) (G1 Evacuation Pause) 608M->259M(650M) 6.824ms
[135.741s][info][gc,cpu      ] GC(344) User=0.01s Sys=0.00s Real=0.00s
[136.461s][info][gc,start    ] GC(345) Pause Young (Mixed) (G1 Evacuation Pause)
[136.461s][info][gc,task     ] GC(345) Using 2 workers of 2 for evacuation
[136.466s][info][gc,phases   ] GC(345)   Pre Evacuate Collection Set: 0.30ms
[136.466s][info][gc,phases   ] GC(345)   Merge Heap Roots: 0.14ms
[136.466s][info][gc,phases   ] GC(345)   Evacuate Collection Set: 4.06ms
[136.467s][info][gc,phases   ] GC(345)   Post Evacuate Collection Set: 0.70ms
[136.467s][info][gc,phases   ] GC(345)   Other: 0.08ms
[136.467s][info][gc,heap     ] GC(345) Eden regions: 354->0(358)
[136.467s][info][gc,heap     ] GC(345) Survivor regions: 3->1(45)
[136.467s][info][gc,heap     ] GC(345) Old regions: 50->50
[136.467s][info][gc,heap     ] GC(345) Humongous regions: 207->207
[136.467s][info][gc,metaspace] GC(345) Metaspace: 56424K(56704K)->56424K(56704K) NonClass: 48125K(48320K)->48125K(48320K) Class: 8299K(8384K)->8299K(8384K)
[136.467s][info][gc          ] GC(345) Pause Young (Mixed) (G1 Evacuation Pause) 612M->256M(650M) 5.514ms
[136.467s][info][gc,cpu      ] GC(345) User=0.01s Sys=0.00s Real=0.01s
[137.248s][info][gc,start    ] GC(346) Pause Young (Concurrent Start) (G1 Evacuation Pause)
[137.248s][info][gc,task     ] GC(346) Using 2 workers of 2 for evacuation
[137.254s][info][gc,phases   ] GC(346)   Pre Evacuate Collection Set: 0.35ms
[137.254s][info][gc,phases   ] GC(346)   Merge Heap Roots: 0.13ms
[137.254s][info][gc,phases   ] GC(346)   Evacuate Collection Set: 4.19ms
[137.254s][info][gc,phases   ] GC(346)   Post Evacuate Collection Set: 0.69ms
[137.254s][info][gc,phases   ] GC(346)   Other: 0.14ms
[137.254s][info][gc,heap     ] GC(346) Eden regions: 358->0(356)
[137.254s][info][gc,heap     ] GC(346) Survivor regions: 1->2(45)
[137.254s][info][gc,heap     ] GC(346) Old regions: 50->50
[137.254s][info][gc,heap     ] GC(346) Humongous regions: 207->207
[137.254s][info][gc,metaspace] GC(346) Metaspace: 56424K(56704K)->56424K(56704K) NonClass: 48125K(48320K)->48125K(48320K) Class: 8299K(8384K)->8299K(8384K)
[137.254s][info][gc          ] GC(346) Pause Young (Concurrent Start) (G1 Evacuation Pause) 614M->258M(650M) 5.708ms
[137.254s][info][gc          ] GC(347) Concurrent Mark Cycle
[137.254s][info][gc,marking  ] GC(347) Concurrent Scan Root Regions
[137.254s][info][gc,cpu      ] GC(346) User=0.01s Sys=0.01s Real=0.01s
[137.257s][info][gc,marking  ] GC(347) Concurrent Scan Root Regions 2.638ms
[137.257s][info][gc,marking  ] GC(347) Concurrent Mark
[137.257s][info][gc,marking  ] GC(347) Concurrent Mark From Roots
[137.257s][info][gc,task     ] GC(347) Using 1 workers of 1 for marking
[137.310s][info][gc,marking  ] GC(347) Concurrent Mark From Roots 53.121ms
[137.310s][info][gc,marking  ] GC(347) Concurrent Preclean
[137.310s][info][gc,marking  ] GC(347) Concurrent Preclean 0.071ms
[137.310s][info][gc,start    ] GC(347) Pause Remark
[137.319s][info][gc          ] GC(347) Pause Remark 269M->269M(650M) 9.220ms
[137.320s][info][gc,cpu      ] GC(347) User=0.02s Sys=0.00s Real=0.01s
[137.320s][info][gc,marking  ] GC(347) Concurrent Mark 63.605ms
[137.320s][info][gc,marking  ] GC(347) Concurrent Rebuild Remembered Sets and Scrub Regions
[137.342s][info][gc,marking  ] GC(347) Concurrent Rebuild Remembered Sets and Scrub Regions 21.933ms
[137.343s][info][gc,start    ] GC(347) Pause Cleanup
[137.343s][info][gc          ] GC(347) Pause Cleanup 280M->280M(650M) 0.084ms
[137.343s][info][gc,cpu      ] GC(347) User=0.00s Sys=0.00s Real=0.00s
[137.343s][info][gc,marking  ] GC(347) Concurrent Clear Claimed Marks
[137.343s][info][gc,marking  ] GC(347) Concurrent Clear Claimed Marks 0.091ms
[137.343s][info][gc,marking  ] GC(347) Concurrent Cleanup for Next Mark
[137.345s][info][gc,marking  ] GC(347) Concurrent Cleanup for Next Mark 1.993ms
[137.345s][info][gc          ] GC(347) Concurrent Mark Cycle 90.681ms
[138.043s][info][gc,start    ] GC(348) Pause Young (Prepare Mixed) (G1 Evacuation Pause)
[138.043s][info][gc,task     ] GC(348) Using 2 workers of 2 for evacuation
[138.049s][info][gc,phases   ] GC(348)   Pre Evacuate Collection Set: 0.30ms
[138.050s][info][gc,phases   ] GC(348)   Merge Heap Roots: 0.13ms
[138.050s][info][gc,phases   ] GC(348)   Evacuate Collection Set: 5.25ms
[138.050s][info][gc,phases   ] GC(348)   Post Evacuate Collection Set: 0.71ms
[138.050s][info][gc,phases   ] GC(348)   Other: 0.09ms
[138.050s][info][gc,heap     ] GC(348) Eden regions: 356->0(352)
[138.050s][info][gc,heap     ] GC(348) Survivor regions: 2->4(45)
[138.050s][info][gc,heap     ] GC(348) Old regions: 50->50
[138.050s][info][gc,heap     ] GC(348) Humongous regions: 207->207
[138.050s][info][gc,metaspace] GC(348) Metaspace: 56424K(56704K)->56424K(56704K) NonClass: 48125K(48320K)->48125K(48320K) Class: 8299K(8384K)->8299K(8384K)
[138.050s][info][gc          ] GC(348) Pause Young (Prepare Mixed) (G1 Evacuation Pause) 614M->259M(650M) 6.720ms
[138.050s][info][gc,cpu      ] GC(348) User=0.01s Sys=0.00s Real=0.01s
[138.835s][info][gc,start    ] GC(349) Pause Young (Mixed) (G1 Evacuation Pause)
[138.835s][info][gc,task     ] GC(349) Using 2 workers of 2 for evacuation
[138.841s][info][gc,phases   ] GC(349)   Pre Evacuate Collection Set: 0.30ms
[138.841s][info][gc,phases   ] GC(349)   Merge Heap Roots: 0.10ms
[138.841s][info][gc,phases   ] GC(349)   Evacuate Collection Set: 4.83ms
[138.841s][info][gc,phases   ] GC(349)   Post Evacuate Collection Set: 0.74ms
[138.841s][info][gc,phases   ] GC(349)   Other: 0.12ms
[138.841s][info][gc,heap     ] GC(349) Eden regions: 352->0(356)
[138.841s][info][gc,heap     ] GC(349) Survivor regions: 4->2(45)
[138.841s][info][gc,heap     ] GC(349) Old regions: 50->50
[138.841s][info][gc,heap     ] GC(349) Humongous regions: 207->207
[138.841s][info][gc,metaspace] GC(349) Metaspace: 56424K(56704K)->56424K(56704K) NonClass: 48125K(48320K)->48125K(48320K) Class: 8299K(8384K)->8299K(8384K)
[138.841s][info][gc          ] GC(349) Pause Young (Mixed) (G1 Evacuation Pause) 611M->257M(650M) 6.282ms
[138.841s][info][gc,cpu      ] GC(349) User=0.01s Sys=0.00s Real=0.00s
[139.637s][info][gc,start    ] GC(350) Pause Young (Concurrent Start) (G1 Evacuation Pause)
[139.637s][info][gc,task     ] GC(350) Using 2 workers of 2 for evacuation
[139.654s][info][gc,phases   ] GC(350)   Pre Evacuate Collection Set: 0.44ms
[139.654s][info][gc,phases   ] GC(350)   Merge Heap Roots: 0.33ms
[139.654s][info][gc,phases   ] GC(350)   Evacuate Collection Set: 13.38ms
[139.654s][info][gc,phases   ] GC(350)   Post Evacuate Collection Set: 0.94ms
[139.654s][info][gc,phases   ] GC(350)   Other: 1.06ms
[139.654s][info][gc,heap     ] GC(350) Eden regions: 356->0(356)
[139.654s][info][gc,heap     ] GC(350) Survivor regions: 2->2(45)
[139.654s][info][gc,heap     ] GC(350) Old regions: 50->50
[139.654s][info][gc,heap     ] GC(350) Humongous regions: 207->207
[139.654s][info][gc,metaspace] GC(350) Metaspace: 56426K(56704K)->56426K(56704K) NonClass: 48126K(48320K)->48126K(48320K) Class: 8299K(8384K)->8299K(8384K)
[139.654s][info][gc          ] GC(350) Pause Young (Concurrent Start) (G1 Evacuation Pause) 613M->257M(650M) 16.374ms
[139.654s][info][gc,cpu      ] GC(350) User=0.01s Sys=0.01s Real=0.02s
[139.654s][info][gc          ] GC(351) Concurrent Mark Cycle
[139.654s][info][gc,marking  ] GC(351) Concurrent Scan Root Regions
[139.657s][info][gc,marking  ] GC(351) Concurrent Scan Root Regions 2.941ms
[139.657s][info][gc,marking  ] GC(351) Concurrent Mark
[139.657s][info][gc,marking  ] GC(351) Concurrent Mark From Roots
[139.657s][info][gc,task     ] GC(351) Using 1 workers of 1 for marking
[139.801s][info][gc,marking  ] GC(351) Concurrent Mark From Roots 143.227ms
[139.801s][info][gc,marking  ] GC(351) Concurrent Preclean
[139.801s][info][gc,marking  ] GC(351) Concurrent Preclean 0.089ms
[139.801s][info][gc,start    ] GC(351) Pause Remark
[139.823s][info][gc          ] GC(351) Pause Remark 292M->292M(650M) 22.359ms
[139.823s][info][gc,cpu      ] GC(351) User=0.02s Sys=0.00s Real=0.02s
[139.824s][info][gc,marking  ] GC(351) Concurrent Mark 166.982ms
[139.824s][info][gc,marking  ] GC(351) Concurrent Rebuild Remembered Sets and Scrub Regions
[139.915s][info][gc,marking  ] GC(351) Concurrent Rebuild Remembered Sets and Scrub Regions 90.299ms
[139.915s][info][gc,start    ] GC(351) Pause Cleanup
[139.915s][info][gc          ] GC(351) Pause Cleanup 317M->317M(650M) 0.094ms
[139.915s][info][gc,cpu      ] GC(351) User=0.00s Sys=0.00s Real=0.00s
[139.915s][info][gc,marking  ] GC(351) Concurrent Clear Claimed Marks
[139.915s][info][gc,marking  ] GC(351) Concurrent Clear Claimed Marks 0.112ms
[139.915s][info][gc,marking  ] GC(351) Concurrent Cleanup for Next Mark
[139.917s][info][gc,marking  ] GC(351) Concurrent Cleanup for Next Mark 2.047ms
[139.918s][info][gc          ] GC(351) Concurrent Mark Cycle 263.100ms
[140.468s][info][gc,start    ] GC(352) Pause Young (Prepare Mixed) (G1 Evacuation Pause)
[140.468s][info][gc,task     ] GC(352) Using 2 workers of 2 for evacuation
[140.473s][info][gc,phases   ] GC(352)   Pre Evacuate Collection Set: 0.29ms
[140.473s][info][gc,phases   ] GC(352)   Merge Heap Roots: 0.13ms
[140.473s][info][gc,phases   ] GC(352)   Evacuate Collection Set: 3.74ms
[140.473s][info][gc,phases   ] GC(352)   Post Evacuate Collection Set: 0.76ms
[140.473s][info][gc,phases   ] GC(352)   Other: 0.09ms
[140.473s][info][gc,heap     ] GC(352) Eden regions: 356->0(344)
[140.473s][info][gc,heap     ] GC(352) Survivor regions: 2->8(45)
[140.473s][info][gc,heap     ] GC(352) Old regions: 50->50
[140.473s][info][gc,heap     ] GC(352) Humongous regions: 207->207
[140.473s][info][gc,metaspace] GC(352) Metaspace: 56426K(56704K)->56426K(56704K) NonClass: 48126K(48320K)->48126K(48320K) Class: 8299K(8384K)->8299K(8384K)
[140.473s][info][gc          ] GC(352) Pause Young (Prepare Mixed) (G1 Evacuation Pause) 613M->263M(650M) 5.219ms
[140.473s][info][gc,cpu      ] GC(352) User=0.01s Sys=0.00s Real=0.00s
[141.229s][info][gc,start    ] GC(353) Pause Young (Mixed) (G1 Evacuation Pause)
[141.229s][info][gc,task     ] GC(353) Using 2 workers of 2 for evacuation
[141.238s][info][gc,phases   ] GC(353)   Pre Evacuate Collection Set: 0.29ms
[141.238s][info][gc,phases   ] GC(353)   Merge Heap Roots: 0.12ms
[141.238s][info][gc,phases   ] GC(353)   Evacuate Collection Set: 7.51ms
[141.238s][info][gc,phases   ] GC(353)   Post Evacuate Collection Set: 0.84ms
[141.238s][info][gc,phases   ] GC(353)   Other: 0.09ms
[141.238s][info][gc,heap     ] GC(353) Eden regions: 344->0(342)
[141.238s][info][gc,heap     ] GC(353) Survivor regions: 8->9(44)
[141.238s][info][gc,heap     ] GC(353) Old regions: 50->50
[141.238s][info][gc,heap     ] GC(353) Humongous regions: 207->207
[141.238s][info][gc,metaspace] GC(353) Metaspace: 56426K(56704K)->56426K(56704K) NonClass: 48126K(48320K)->48126K(48320K) Class: 8299K(8384K)->8299K(8384K)
[141.238s][info][gc          ] GC(353) Pause Young (Mixed) (G1 Evacuation Pause) 607M->264M(650M) 9.069ms
[141.238s][info][gc,cpu      ] GC(353) User=0.02s Sys=0.00s Real=0.01s
[142.006s][info][gc,start    ] GC(354) Pause Young (Concurrent Start) (G1 Evacuation Pause)
[142.006s][info][gc,task     ] GC(354) Using 2 workers of 2 for evacuation
[142.011s][info][gc,phases   ] GC(354)   Pre Evacuate Collection Set: 0.37ms
[142.011s][info][gc,phases   ] GC(354)   Merge Heap Roots: 0.13ms
[142.011s][info][gc,phases   ] GC(354)   Evacuate Collection Set: 3.94ms
[142.011s][info][gc,phases   ] GC(354)   Post Evacuate Collection Set: 0.70ms
[142.011s][info][gc,phases   ] GC(354)   Other: 0.13ms
[142.011s][info][gc,heap     ] GC(354) Eden regions: 342->0(344)
[142.011s][info][gc,heap     ] GC(354) Survivor regions: 9->8(44)
[142.011s][info][gc,heap     ] GC(354) Old regions: 50->50
[142.011s][info][gc,heap     ] GC(354) Humongous regions: 207->207
[142.011s][info][gc,metaspace] GC(354) Metaspace: 56426K(56704K)->56426K(56704K) NonClass: 48126K(48320K)->48126K(48320K) Class: 8299K(8384K)->8299K(8384K)
[142.011s][info][gc          ] GC(354) Pause Young (Concurrent Start) (G1 Evacuation Pause) 606M->263M(650M) 5.475ms
[142.011s][info][gc,cpu      ] GC(354) User=0.01s Sys=0.00s Real=0.00s
[142.011s][info][gc          ] GC(355) Concurrent Mark Cycle
[142.012s][info][gc,marking  ] GC(355) Concurrent Scan Root Regions
[142.016s][info][gc,marking  ] GC(355) Concurrent Scan Root Regions 4.112ms
[142.016s][info][gc,marking  ] GC(355) Concurrent Mark
[142.016s][info][gc,marking  ] GC(355) Concurrent Mark From Roots
[142.016s][info][gc,task     ] GC(355) Using 1 workers of 1 for marking
[142.084s][info][gc,marking  ] GC(355) Concurrent Mark From Roots 68.058ms
[142.084s][info][gc,marking  ] GC(355) Concurrent Preclean
[142.084s][info][gc,marking  ] GC(355) Concurrent Preclean 0.098ms
[142.084s][info][gc,start    ] GC(355) Pause Remark
[142.096s][info][gc          ] GC(355) Pause Remark 300M->300M(650M) 11.358ms
[142.096s][info][gc,cpu      ] GC(355) User=0.02s Sys=0.00s Real=0.01s
[142.096s][info][gc,marking  ] GC(355) Concurrent Mark 80.201ms
[142.096s][info][gc,marking  ] GC(355) Concurrent Rebuild Remembered Sets and Scrub Regions
[142.144s][info][gc,marking  ] GC(355) Concurrent Rebuild Remembered Sets and Scrub Regions 47.545ms
[142.144s][info][gc,start    ] GC(355) Pause Cleanup
[142.144s][info][gc          ] GC(355) Pause Cleanup 307M->307M(650M) 0.091ms
[142.144s][info][gc,cpu      ] GC(355) User=0.00s Sys=0.00s Real=0.00s
[142.144s][info][gc,marking  ] GC(355) Concurrent Clear Claimed Marks
[142.144s][info][gc,marking  ] GC(355) Concurrent Clear Claimed Marks 0.095ms
[142.144s][info][gc,marking  ] GC(355) Concurrent Cleanup for Next Mark
[142.154s][info][gc,marking  ] GC(355) Concurrent Cleanup for Next Mark 9.607ms
[142.154s][info][gc          ] GC(355) Concurrent Mark Cycle 142.468ms
[142.734s][info][gc,start    ] GC(356) Pause Young (Prepare Mixed) (G1 Evacuation Pause)
[142.734s][info][gc,task     ] GC(356) Using 2 workers of 2 for evacuation
[142.742s][info][gc,phases   ] GC(356)   Pre Evacuate Collection Set: 0.33ms
[142.742s][info][gc,phases   ] GC(356)   Merge Heap Roots: 0.14ms
[142.742s][info][gc,phases   ] GC(356)   Evacuate Collection Set: 5.93ms
[142.742s][info][gc,phases   ] GC(356)   Post Evacuate Collection Set: 0.83ms
[142.742s][info][gc,phases   ] GC(356)   Other: 0.10ms
[142.742s][info][gc,heap     ] GC(356) Eden regions: 344->0(342)
[142.742s][info][gc,heap     ] GC(356) Survivor regions: 8->9(44)
[142.742s][info][gc,heap     ] GC(356) Old regions: 50->50
[142.742s][info][gc,heap     ] GC(356) Humongous regions: 207->207
[142.742s][info][gc,metaspace] GC(356) Metaspace: 56426K(56704K)->56426K(56704K) NonClass: 48126K(48320K)->48126K(48320K) Class: 8299K(8384K)->8299K(8384K)
[142.742s][info][gc          ] GC(356) Pause Young (Prepare Mixed) (G1 Evacuation Pause) 607M->265M(650M) 7.568ms
[142.742s][info][gc,cpu      ] GC(356) User=0.02s Sys=0.00s Real=0.00s
[143.510s][info][gc,start    ] GC(357) Pause Young (Mixed) (G1 Evacuation Pause)
[143.510s][info][gc,task     ] GC(357) Using 2 workers of 2 for evacuation
[143.517s][info][gc,phases   ] GC(357)   Pre Evacuate Collection Set: 0.33ms
[143.517s][info][gc,phases   ] GC(357)   Merge Heap Roots: 0.14ms
[143.517s][info][gc,phases   ] GC(357)   Evacuate Collection Set: 5.14ms
[143.517s][info][gc,phases   ] GC(357)   Post Evacuate Collection Set: 0.82ms
[143.517s][info][gc,phases   ] GC(357)   Other: 0.11ms
[143.517s][info][gc,heap     ] GC(357) Eden regions: 342->0(344)
[143.517s][info][gc,heap     ] GC(357) Survivor regions: 9->8(44)
[143.517s][info][gc,heap     ] GC(357) Old regions: 50->50
[143.517s][info][gc,heap     ] GC(357) Humongous regions: 207->207
[143.517s][info][gc,metaspace] GC(357) Metaspace: 56426K(56704K)->56426K(56704K) NonClass: 48126K(48320K)->48126K(48320K) Class: 8299K(8384K)->8299K(8384K)
[143.517s][info][gc          ] GC(357) Pause Young (Mixed) (G1 Evacuation Pause) 607M->263M(650M) 6.760ms
[143.517s][info][gc,cpu      ] GC(357) User=0.01s Sys=0.00s Real=0.01s
[144.245s][info][gc,start    ] GC(358) Pause Young (Concurrent Start) (G1 Evacuation Pause)
[144.245s][info][gc,task     ] GC(358) Using 2 workers of 2 for evacuation
[144.263s][info][gc,phases   ] GC(358)   Pre Evacuate Collection Set: 0.34ms
[144.263s][info][gc,phases   ] GC(358)   Merge Heap Roots: 0.11ms
[144.263s][info][gc,phases   ] GC(358)   Evacuate Collection Set: 13.78ms
[144.263s][info][gc,phases   ] GC(358)   Post Evacuate Collection Set: 3.54ms
[144.263s][info][gc,phases   ] GC(358)   Other: 0.16ms
[144.263s][info][gc,heap     ] GC(358) Eden regions: 344->0(342)
[144.263s][info][gc,heap     ] GC(358) Survivor regions: 8->9(44)
[144.263s][info][gc,heap     ] GC(358) Old regions: 50->50
[144.263s][info][gc,heap     ] GC(358) Humongous regions: 207->207
[144.263s][info][gc,metaspace] GC(358) Metaspace: 56426K(56704K)->56426K(56704K) NonClass: 48126K(48320K)->48126K(48320K) Class: 8299K(8384K)->8299K(8384K)
[144.263s][info][gc          ] GC(358) Pause Young (Concurrent Start) (G1 Evacuation Pause) 607M->264M(650M) 18.220ms
[144.263s][info][gc,cpu      ] GC(358) User=0.01s Sys=0.00s Real=0.01s
[144.270s][info][gc          ] GC(359) Concurrent Mark Cycle
[144.271s][info][gc,marking  ] GC(359) Concurrent Scan Root Regions
[144.276s][info][gc,marking  ] GC(359) Concurrent Scan Root Regions 5.501ms
[144.276s][info][gc,marking  ] GC(359) Concurrent Mark
[144.276s][info][gc,marking  ] GC(359) Concurrent Mark From Roots
[144.276s][info][gc,task     ] GC(359) Using 1 workers of 1 for marking
[144.325s][info][gc,marking  ] GC(359) Concurrent Mark From Roots 48.652ms
[144.325s][info][gc,marking  ] GC(359) Concurrent Preclean
[144.325s][info][gc,marking  ] GC(359) Concurrent Preclean 0.077ms
[144.330s][info][gc,start    ] GC(359) Pause Remark
[144.359s][info][gc          ] GC(359) Pause Remark 268M->268M(650M) 28.786ms
[144.359s][info][gc,cpu      ] GC(359) User=0.02s Sys=0.00s Real=0.03s
[144.360s][info][gc,marking  ] GC(359) Concurrent Mark 83.956ms
[144.360s][info][gc,marking  ] GC(359) Concurrent Rebuild Remembered Sets and Scrub Regions
[144.408s][info][gc,marking  ] GC(359) Concurrent Rebuild Remembered Sets and Scrub Regions 47.561ms
[144.408s][info][gc,start    ] GC(359) Pause Cleanup
[144.408s][info][gc          ] GC(359) Pause Cleanup 282M->282M(650M) 0.091ms
[144.408s][info][gc,cpu      ] GC(359) User=0.00s Sys=0.00s Real=0.00s
[144.408s][info][gc,marking  ] GC(359) Concurrent Clear Claimed Marks
[144.411s][info][gc,marking  ] GC(359) Concurrent Clear Claimed Marks 2.611ms
[144.411s][info][gc,marking  ] GC(359) Concurrent Cleanup for Next Mark
[144.414s][info][gc,marking  ] GC(359) Concurrent Cleanup for Next Mark 3.072ms
[144.414s][info][gc          ] GC(359) Concurrent Mark Cycle 143.282ms
[145.017s][info][gc,start    ] GC(360) Pause Young (Prepare Mixed) (G1 Evacuation Pause)
[145.017s][info][gc,task     ] GC(360) Using 2 workers of 2 for evacuation
[145.023s][info][gc,phases   ] GC(360)   Pre Evacuate Collection Set: 0.44ms
[145.023s][info][gc,phases   ] GC(360)   Merge Heap Roots: 0.15ms
[145.023s][info][gc,phases   ] GC(360)   Evacuate Collection Set: 4.09ms
[145.023s][info][gc,phases   ] GC(360)   Post Evacuate Collection Set: 0.77ms
[145.023s][info][gc,phases   ] GC(360)   Other: 0.10ms
[145.023s][info][gc,heap     ] GC(360) Eden regions: 342->0(344)
[145.023s][info][gc,heap     ] GC(360) Survivor regions: 9->8(44)
[145.023s][info][gc,heap     ] GC(360) Old regions: 50->50
[145.023s][info][gc,heap     ] GC(360) Humongous regions: 207->207
[145.023s][info][gc,metaspace] GC(360) Metaspace: 56426K(56704K)->56426K(56704K) NonClass: 48126K(48320K)->48126K(48320K) Class: 8299K(8384K)->8299K(8384K)
[145.023s][info][gc          ] GC(360) Pause Young (Prepare Mixed) (G1 Evacuation Pause) 606M->263M(650M) 5.774ms
[145.023s][info][gc,cpu      ] GC(360) User=0.01s Sys=0.00s Real=0.00s
[145.750s][info][gc,start    ] GC(361) Pause Young (Mixed) (G1 Evacuation Pause)
[145.750s][info][gc,task     ] GC(361) Using 2 workers of 2 for evacuation
[145.759s][info][gc,phases   ] GC(361)   Pre Evacuate Collection Set: 0.33ms
[145.759s][info][gc,phases   ] GC(361)   Merge Heap Roots: 0.14ms
[145.759s][info][gc,phases   ] GC(361)   Evacuate Collection Set: 7.44ms
[145.759s][info][gc,phases   ] GC(361)   Post Evacuate Collection Set: 0.84ms
[145.759s][info][gc,phases   ] GC(361)   Other: 0.09ms
[145.759s][info][gc,heap     ] GC(361) Eden regions: 344->0(342)
[145.759s][info][gc,heap     ] GC(361) Survivor regions: 8->9(44)
[145.759s][info][gc,heap     ] GC(361) Old regions: 50->50
[145.759s][info][gc,heap     ] GC(361) Humongous regions: 207->207
[145.759s][info][gc,metaspace] GC(361) Metaspace: 56427K(56704K)->56427K(56704K) NonClass: 48127K(48320K)->48127K(48320K) Class: 8299K(8384K)->8299K(8384K)
[145.759s][info][gc          ] GC(361) Pause Young (Mixed) (G1 Evacuation Pause) 607M->264M(650M) 9.054ms
[145.759s][info][gc,cpu      ] GC(361) User=0.01s Sys=0.00s Real=0.01s
[146.523s][info][gc,start    ] GC(362) Pause Young (Concurrent Start) (G1 Evacuation Pause)
[146.523s][info][gc,task     ] GC(362) Using 2 workers of 2 for evacuation
[146.530s][info][gc,phases   ] GC(362)   Pre Evacuate Collection Set: 0.35ms
[146.530s][info][gc,phases   ] GC(362)   Merge Heap Roots: 0.13ms
[146.530s][info][gc,phases   ] GC(362)   Evacuate Collection Set: 5.09ms
[146.530s][info][gc,phases   ] GC(362)   Post Evacuate Collection Set: 0.72ms
[146.530s][info][gc,phases   ] GC(362)   Other: 0.13ms
[146.530s][info][gc,heap     ] GC(362) Eden regions: 342->0(344)
[146.530s][info][gc,heap     ] GC(362) Survivor regions: 9->8(44)
[146.530s][info][gc,heap     ] GC(362) Old regions: 50->50
[146.530s][info][gc,heap     ] GC(362) Humongous regions: 207->207
[146.530s][info][gc,metaspace] GC(362) Metaspace: 56427K(56704K)->56427K(56704K) NonClass: 48127K(48320K)->48127K(48320K) Class: 8299K(8384K)->8299K(8384K)
[146.530s][info][gc          ] GC(362) Pause Young (Concurrent Start) (G1 Evacuation Pause) 606M->264M(650M) 6.686ms
[146.530s][info][gc,cpu      ] GC(362) User=0.01s Sys=0.00s Real=0.01s
[146.530s][info][gc          ] GC(363) Concurrent Mark Cycle
[146.530s][info][gc,marking  ] GC(363) Concurrent Scan Root Regions
[146.537s][info][gc,marking  ] GC(363) Concurrent Scan Root Regions 6.426ms
[146.537s][info][gc,marking  ] GC(363) Concurrent Mark
[146.537s][info][gc,marking  ] GC(363) Concurrent Mark From Roots
[146.537s][info][gc,task     ] GC(363) Using 1 workers of 1 for marking
[146.617s][info][gc,marking  ] GC(363) Concurrent Mark From Roots 80.332ms
[146.617s][info][gc,marking  ] GC(363) Concurrent Preclean
[146.617s][info][gc,marking  ] GC(363) Concurrent Preclean 0.073ms
[146.617s][info][gc,start    ] GC(363) Pause Remark
[146.627s][info][gc          ] GC(363) Pause Remark 304M->304M(650M) 9.589ms
[146.627s][info][gc,cpu      ] GC(363) User=0.01s Sys=0.00s Real=0.01s
[146.627s][info][gc,marking  ] GC(363) Concurrent Mark 90.646ms
[146.627s][info][gc,marking  ] GC(363) Concurrent Rebuild Remembered Sets and Scrub Regions
[146.664s][info][gc,marking  ] GC(363) Concurrent Rebuild Remembered Sets and Scrub Regions 36.575ms
[146.664s][info][gc,start    ] GC(363) Pause Cleanup
[146.664s][info][gc          ] GC(363) Pause Cleanup 330M->330M(650M) 0.082ms
[146.664s][info][gc,cpu      ] GC(363) User=0.00s Sys=0.00s Real=0.00s
[146.664s][info][gc,marking  ] GC(363) Concurrent Clear Claimed Marks
[146.664s][info][gc,marking  ] GC(363) Concurrent Clear Claimed Marks 0.097ms
[146.664s][info][gc,marking  ] GC(363) Concurrent Cleanup for Next Mark
[146.666s][info][gc,marking  ] GC(363) Concurrent Cleanup for Next Mark 1.984ms
[146.666s][info][gc          ] GC(363) Concurrent Mark Cycle 136.195ms
[147.261s][info][gc,start    ] GC(364) Pause Young (Prepare Mixed) (G1 Evacuation Pause)
[147.261s][info][gc,task     ] GC(364) Using 2 workers of 2 for evacuation
[147.266s][info][gc,phases   ] GC(364)   Pre Evacuate Collection Set: 0.29ms
[147.266s][info][gc,phases   ] GC(364)   Merge Heap Roots: 0.14ms
[147.266s][info][gc,phases   ] GC(364)   Evacuate Collection Set: 4.31ms
[147.266s][info][gc,phases   ] GC(364)   Post Evacuate Collection Set: 0.82ms
[147.266s][info][gc,phases   ] GC(364)   Other: 0.09ms
[147.266s][info][gc,heap     ] GC(364) Eden regions: 344->0(344)
[147.266s][info][gc,heap     ] GC(364) Survivor regions: 8->8(44)
[147.266s][info][gc,heap     ] GC(364) Old regions: 50->50
[147.266s][info][gc,heap     ] GC(364) Humongous regions: 207->207
[147.266s][info][gc,metaspace] GC(364) Metaspace: 56427K(56704K)->56427K(56704K) NonClass: 48127K(48320K)->48127K(48320K) Class: 8299K(8384K)->8299K(8384K)
[147.266s][info][gc          ] GC(364) Pause Young (Prepare Mixed) (G1 Evacuation Pause) 608M->264M(650M) 5.872ms
[147.267s][info][gc,cpu      ] GC(364) User=0.00s Sys=0.01s Real=0.01s
[148.031s][info][gc,start    ] GC(365) Pause Young (Mixed) (G1 Evacuation Pause)
[148.031s][info][gc,task     ] GC(365) Using 2 workers of 2 for evacuation
[148.040s][info][gc,phases   ] GC(365)   Pre Evacuate Collection Set: 0.33ms
[148.040s][info][gc,phases   ] GC(365)   Merge Heap Roots: 0.15ms
[148.040s][info][gc,phases   ] GC(365)   Evacuate Collection Set: 7.06ms
[148.040s][info][gc,phases   ] GC(365)   Post Evacuate Collection Set: 0.81ms
[148.040s][info][gc,phases   ] GC(365)   Other: 0.15ms
[148.040s][info][gc,heap     ] GC(365) Eden regions: 344->0(342)
[148.040s][info][gc,heap     ] GC(365) Survivor regions: 8->9(44)
[148.040s][info][gc,heap     ] GC(365) Old regions: 50->50
[148.040s][info][gc,heap     ] GC(365) Humongous regions: 207->207
[148.040s][info][gc,metaspace] GC(365) Metaspace: 56427K(56704K)->56427K(56704K) NonClass: 48127K(48320K)->48127K(48320K) Class: 8299K(8384K)->8299K(8384K)
[148.040s][info][gc          ] GC(365) Pause Young (Mixed) (G1 Evacuation Pause) 608M->265M(650M) 8.747ms
[148.040s][info][gc,cpu      ] GC(365) User=0.02s Sys=0.00s Real=0.01s
[148.803s][info][gc,start    ] GC(366) Pause Young (Concurrent Start) (G1 Evacuation Pause)
[148.803s][info][gc,task     ] GC(366) Using 2 workers of 2 for evacuation
[148.808s][info][gc,phases   ] GC(366)   Pre Evacuate Collection Set: 0.33ms
[148.808s][info][gc,phases   ] GC(366)   Merge Heap Roots: 0.14ms
[148.808s][info][gc,phases   ] GC(366)   Evacuate Collection Set: 3.32ms
[148.808s][info][gc,phases   ] GC(366)   Post Evacuate Collection Set: 0.71ms
[148.808s][info][gc,phases   ] GC(366)   Other: 0.15ms
[148.808s][info][gc,heap     ] GC(366) Eden regions: 342->0(346)
[148.808s][info][gc,heap     ] GC(366) Survivor regions: 9->7(44)
[148.808s][info][gc,heap     ] GC(366) Old regions: 50->50
[148.808s][info][gc,heap     ] GC(366) Humongous regions: 207->207
[148.808s][info][gc,metaspace] GC(366) Metaspace: 56427K(56704K)->56427K(56704K) NonClass: 48127K(48320K)->48127K(48320K) Class: 8299K(8384K)->8299K(8384K)
[148.808s][info][gc          ] GC(366) Pause Young (Concurrent Start) (G1 Evacuation Pause) 607M->263M(650M) 4.876ms
[148.808s][info][gc          ] GC(367) Concurrent Mark Cycle
[148.808s][info][gc,marking  ] GC(367) Concurrent Scan Root Regions
[148.810s][info][gc,cpu      ] GC(366) User=0.01s Sys=0.00s Real=0.01s
[148.810s][info][gc,marking  ] GC(367) Concurrent Scan Root Regions 2.119ms
[148.810s][info][gc,marking  ] GC(367) Concurrent Mark
[148.810s][info][gc,marking  ] GC(367) Concurrent Mark From Roots
[148.810s][info][gc,task     ] GC(367) Using 1 workers of 1 for marking
[148.884s][info][gc,marking  ] GC(367) Concurrent Mark From Roots 74.317ms
[148.884s][info][gc,marking  ] GC(367) Concurrent Preclean
[148.884s][info][gc,marking  ] GC(367) Concurrent Preclean 0.065ms
[148.885s][info][gc,start    ] GC(367) Pause Remark
[148.894s][info][gc          ] GC(367) Pause Remark 304M->304M(650M) 9.118ms
[148.894s][info][gc,cpu      ] GC(367) User=0.02s Sys=0.01s Real=0.01s
[148.894s][info][gc,marking  ] GC(367) Concurrent Mark 84.098ms
[148.894s][info][gc,marking  ] GC(367) Concurrent Rebuild Remembered Sets and Scrub Regions
[148.916s][info][gc,marking  ] GC(367) Concurrent Rebuild Remembered Sets and Scrub Regions 21.984ms
[148.916s][info][gc,start    ] GC(367) Pause Cleanup
[148.916s][info][gc          ] GC(367) Pause Cleanup 312M->312M(650M) 0.080ms
[148.916s][info][gc,cpu      ] GC(367) User=0.00s Sys=0.00s Real=0.00s
[148.916s][info][gc,marking  ] GC(367) Concurrent Clear Claimed Marks
[148.916s][info][gc,marking  ] GC(367) Concurrent Clear Claimed Marks 0.101ms
[148.916s][info][gc,marking  ] GC(367) Concurrent Cleanup for Next Mark
[148.919s][info][gc,marking  ] GC(367) Concurrent Cleanup for Next Mark 2.954ms
[148.919s][info][gc          ] GC(367) Concurrent Mark Cycle 111.614ms
[149.532s][info][gc,start    ] GC(368) Pause Young (Prepare Mixed) (G1 Evacuation Pause)
[149.532s][info][gc,task     ] GC(368) Using 2 workers of 2 for evacuation
[149.539s][info][gc,phases   ] GC(368)   Pre Evacuate Collection Set: 0.28ms
[149.539s][info][gc,phases   ] GC(368)   Merge Heap Roots: 0.13ms
[149.539s][info][gc,phases   ] GC(368)   Evacuate Collection Set: 5.63ms
[149.539s][info][gc,phases   ] GC(368)   Post Evacuate Collection Set: 0.73ms
[149.539s][info][gc,phases   ] GC(368)   Other: 0.11ms
[149.539s][info][gc,heap     ] GC(368) Eden regions: 346->0(342)
[149.539s][info][gc,heap     ] GC(368) Survivor regions: 7->9(45)
[149.539s][info][gc,heap     ] GC(368) Old regions: 50->50
[149.539s][info][gc,heap     ] GC(368) Humongous regions: 207->207
[149.539s][info][gc,metaspace] GC(368) Metaspace: 56427K(56704K)->56427K(56704K) NonClass: 48127K(48320K)->48127K(48320K) Class: 8299K(8384K)->8299K(8384K)
[149.539s][info][gc          ] GC(368) Pause Young (Prepare Mixed) (G1 Evacuation Pause) 609M->265M(650M) 7.120ms
[149.539s][info][gc,cpu      ] GC(368) User=0.01s Sys=0.00s Real=0.01s
[150.339s][info][gc,start    ] GC(369) Pause Young (Mixed) (G1 Evacuation Pause)
[150.339s][info][gc,task     ] GC(369) Using 2 workers of 2 for evacuation
[150.346s][info][gc,phases   ] GC(369)   Pre Evacuate Collection Set: 0.29ms
[150.346s][info][gc,phases   ] GC(369)   Merge Heap Roots: 0.11ms
[150.346s][info][gc,phases   ] GC(369)   Evacuate Collection Set: 5.82ms
[150.346s][info][gc,phases   ] GC(369)   Post Evacuate Collection Set: 1.04ms
[150.346s][info][gc,phases   ] GC(369)   Other: 0.11ms
[150.346s][info][gc,heap     ] GC(369) Eden regions: 342->0(344)
[150.346s][info][gc,heap     ] GC(369) Survivor regions: 9->8(44)
[150.346s][info][gc,heap     ] GC(369) Old regions: 50->50
[150.346s][info][gc,heap     ] GC(369) Humongous regions: 207->207
[150.346s][info][gc,metaspace] GC(369) Metaspace: 56427K(56704K)->56427K(56704K) NonClass: 48127K(48320K)->48127K(48320K) Class: 8299K(8384K)->8299K(8384K)
[150.346s][info][gc          ] GC(369) Pause Young (Mixed) (G1 Evacuation Pause) 607M->263M(650M) 7.578ms
[150.346s][info][gc,cpu      ] GC(369) User=0.01s Sys=0.00s Real=0.01s
[151.046s][info][gc,start    ] GC(370) Pause Young (Concurrent Start) (G1 Evacuation Pause)
[151.046s][info][gc,task     ] GC(370) Using 2 workers of 2 for evacuation
[151.053s][info][gc,phases   ] GC(370)   Pre Evacuate Collection Set: 0.31ms
[151.053s][info][gc,phases   ] GC(370)   Merge Heap Roots: 0.21ms
[151.053s][info][gc,phases   ] GC(370)   Evacuate Collection Set: 5.28ms
[151.053s][info][gc,phases   ] GC(370)   Post Evacuate Collection Set: 0.79ms
[151.053s][info][gc,phases   ] GC(370)   Other: 0.13ms
[151.053s][info][gc,heap     ] GC(370) Eden regions: 344->0(344)
[151.053s][info][gc,heap     ] GC(370) Survivor regions: 8->8(44)
[151.053s][info][gc,heap     ] GC(370) Old regions: 50->50
[151.053s][info][gc,heap     ] GC(370) Humongous regions: 207->207
[151.053s][info][gc,metaspace] GC(370) Metaspace: 56428K(56704K)->56428K(56704K) NonClass: 48128K(48320K)->48128K(48320K) Class: 8299K(8384K)->8299K(8384K)
[151.053s][info][gc          ] GC(370) Pause Young (Concurrent Start) (G1 Evacuation Pause) 607M->264M(650M) 6.925ms
[151.053s][info][gc          ] GC(371) Concurrent Mark Cycle
[151.053s][info][gc,marking  ] GC(371) Concurrent Scan Root Regions
[151.055s][info][gc,cpu      ] GC(370) User=0.01s Sys=0.00s Real=0.01s
[151.059s][info][gc,marking  ] GC(371) Concurrent Scan Root Regions 6.282ms
[151.059s][info][gc,marking  ] GC(371) Concurrent Mark
[151.059s][info][gc,marking  ] GC(371) Concurrent Mark From Roots
[151.059s][info][gc,task     ] GC(371) Using 1 workers of 1 for marking
[151.132s][info][gc,marking  ] GC(371) Concurrent Mark From Roots 72.660ms
[151.132s][info][gc,marking  ] GC(371) Concurrent Preclean
[151.132s][info][gc,marking  ] GC(371) Concurrent Preclean 0.068ms
[151.132s][info][gc,start    ] GC(371) Pause Remark
[151.141s][info][gc          ] GC(371) Pause Remark 298M->298M(650M) 9.416ms
[151.142s][info][gc,cpu      ] GC(371) User=0.02s Sys=0.00s Real=0.01s
[151.142s][info][gc,marking  ] GC(371) Concurrent Mark 82.820ms
[151.142s][info][gc,marking  ] GC(371) Concurrent Rebuild Remembered Sets and Scrub Regions
[151.181s][info][gc,marking  ] GC(371) Concurrent Rebuild Remembered Sets and Scrub Regions 38.562ms
[151.181s][info][gc,start    ] GC(371) Pause Cleanup
[151.181s][info][gc          ] GC(371) Pause Cleanup 323M->323M(650M) 0.105ms
[151.181s][info][gc,cpu      ] GC(371) User=0.00s Sys=0.00s Real=0.00s
[151.181s][info][gc,marking  ] GC(371) Concurrent Clear Claimed Marks
[151.181s][info][gc,marking  ] GC(371) Concurrent Clear Claimed Marks 0.120ms
[151.181s][info][gc,marking  ] GC(371) Concurrent Cleanup for Next Mark
[151.187s][info][gc,marking  ] GC(371) Concurrent Cleanup for Next Mark 5.702ms
[151.187s][info][gc          ] GC(371) Concurrent Mark Cycle 134.084ms
[151.816s][info][gc,start    ] GC(372) Pause Young (Prepare Mixed) (G1 Evacuation Pause)
[151.816s][info][gc,task     ] GC(372) Using 2 workers of 2 for evacuation
[151.822s][info][gc,phases   ] GC(372)   Pre Evacuate Collection Set: 0.30ms
[151.822s][info][gc,phases   ] GC(372)   Merge Heap Roots: 0.14ms
[151.822s][info][gc,phases   ] GC(372)   Evacuate Collection Set: 4.81ms
[151.822s][info][gc,phases   ] GC(372)   Post Evacuate Collection Set: 0.74ms
[151.822s][info][gc,phases   ] GC(372)   Other: 0.10ms
[151.822s][info][gc,heap     ] GC(372) Eden regions: 344->0(350)
[151.822s][info][gc,heap     ] GC(372) Survivor regions: 8->2(44)
[151.822s][info][gc,heap     ] GC(372) Old regions: 50->56
[151.822s][info][gc,heap     ] GC(372) Humongous regions: 207->207
[151.822s][info][gc,metaspace] GC(372) Metaspace: 56428K(56704K)->56428K(56704K) NonClass: 48128K(48320K)->48128K(48320K) Class: 8299K(8384K)->8299K(8384K)
[151.822s][info][gc          ] GC(372) Pause Young (Prepare Mixed) (G1 Evacuation Pause) 608M->264M(650M) 6.294ms
[151.822s][info][gc,cpu      ] GC(372) User=0.01s Sys=0.00s Real=0.00s
[152.555s][info][gc,start    ] GC(373) Pause Young (Mixed) (G1 Evacuation Pause)
[152.555s][info][gc,task     ] GC(373) Using 2 workers of 2 for evacuation
[152.562s][info][gc,phases   ] GC(373)   Pre Evacuate Collection Set: 0.28ms
[152.562s][info][gc,phases   ] GC(373)   Merge Heap Roots: 0.13ms
[152.562s][info][gc,phases   ] GC(373)   Evacuate Collection Set: 5.55ms
[152.562s][info][gc,phases   ] GC(373)   Post Evacuate Collection Set: 0.80ms
[152.562s][info][gc,phases   ] GC(373)   Other: 0.09ms
[152.562s][info][gc,heap     ] GC(373) Eden regions: 350->0(348)
[152.562s][info][gc,heap     ] GC(373) Survivor regions: 2->3(44)
[152.562s][info][gc,heap     ] GC(373) Old regions: 56->56
[152.562s][info][gc,heap     ] GC(373) Humongous regions: 207->207
[152.562s][info][gc,metaspace] GC(373) Metaspace: 56428K(56704K)->56428K(56704K) NonClass: 48128K(48320K)->48128K(48320K) Class: 8299K(8384K)->8299K(8384K)
[152.562s][info][gc          ] GC(373) Pause Young (Mixed) (G1 Evacuation Pause) 614M->264M(650M) 7.066ms
[152.562s][info][gc,cpu      ] GC(373) User=0.02s Sys=0.00s Real=0.00s
[153.332s][info][gc,start    ] GC(374) Pause Young (Concurrent Start) (G1 Evacuation Pause)
[153.332s][info][gc,task     ] GC(374) Using 2 workers of 2 for evacuation
[153.338s][info][gc,phases   ] GC(374)   Pre Evacuate Collection Set: 0.35ms
[153.338s][info][gc,phases   ] GC(374)   Merge Heap Roots: 0.12ms
[153.338s][info][gc,phases   ] GC(374)   Evacuate Collection Set: 5.01ms
[153.338s][info][gc,phases   ] GC(374)   Post Evacuate Collection Set: 0.97ms
[153.338s][info][gc,phases   ] GC(374)   Other: 0.13ms
[153.338s][info][gc,heap     ] GC(374) Eden regions: 348->0(350)
[153.338s][info][gc,heap     ] GC(374) Survivor regions: 3->2(44)
[153.338s][info][gc,heap     ] GC(374) Old regions: 56->56
[153.338s][info][gc,heap     ] GC(374) Humongous regions: 207->207
[153.338s][info][gc,metaspace] GC(374) Metaspace: 56428K(56704K)->56428K(56704K) NonClass: 48128K(48320K)->48128K(48320K) Class: 8299K(8384K)->8299K(8384K)
[153.338s][info][gc          ] GC(374) Pause Young (Concurrent Start) (G1 Evacuation Pause) 612M->264M(650M) 6.824ms
[153.338s][info][gc,cpu      ] GC(374) User=0.01s Sys=0.00s Real=0.01s
[153.338s][info][gc          ] GC(375) Concurrent Mark Cycle
[153.339s][info][gc,marking  ] GC(375) Concurrent Scan Root Regions
[153.348s][info][gc,marking  ] GC(375) Concurrent Scan Root Regions 9.293ms
[153.348s][info][gc,marking  ] GC(375) Concurrent Mark
[153.348s][info][gc,marking  ] GC(375) Concurrent Mark From Roots
[153.348s][info][gc,task     ] GC(375) Using 1 workers of 1 for marking
[153.454s][info][gc,marking  ] GC(375) Concurrent Mark From Roots 106.304ms
[153.454s][info][gc,marking  ] GC(375) Concurrent Preclean
[153.454s][info][gc,marking  ] GC(375) Concurrent Preclean 0.085ms
[153.455s][info][gc,start    ] GC(375) Pause Remark
[153.476s][info][gc          ] GC(375) Pause Remark 282M->282M(650M) 21.881ms
[153.477s][info][gc,cpu      ] GC(375) User=0.02s Sys=0.01s Real=0.02s
[153.477s][info][gc,marking  ] GC(375) Concurrent Mark 129.405ms
[153.477s][info][gc,marking  ] GC(375) Concurrent Rebuild Remembered Sets and Scrub Regions
[153.519s][info][gc,marking  ] GC(375) Concurrent Rebuild Remembered Sets and Scrub Regions 41.759ms
[153.519s][info][gc,start    ] GC(375) Pause Cleanup
[153.519s][info][gc          ] GC(375) Pause Cleanup 295M->295M(650M) 0.098ms
[153.519s][info][gc,cpu      ] GC(375) User=0.00s Sys=0.00s Real=0.00s
[153.520s][info][gc,marking  ] GC(375) Concurrent Clear Claimed Marks
[153.520s][info][gc,marking  ] GC(375) Concurrent Clear Claimed Marks 0.099ms
[153.520s][info][gc,marking  ] GC(375) Concurrent Cleanup for Next Mark
[153.524s][info][gc,marking  ] GC(375) Concurrent Cleanup for Next Mark 4.561ms
[153.524s][info][gc          ] GC(375) Concurrent Mark Cycle 185.779ms
[154.211s][info][gc,start    ] GC(376) Pause Young (Prepare Mixed) (G1 Evacuation Pause)
[154.211s][info][gc,task     ] GC(376) Using 2 workers of 2 for evacuation
[154.215s][info][gc,phases   ] GC(376)   Pre Evacuate Collection Set: 0.28ms
[154.215s][info][gc,phases   ] GC(376)   Merge Heap Roots: 0.13ms
[154.215s][info][gc,phases   ] GC(376)   Evacuate Collection Set: 2.55ms
[154.215s][info][gc,phases   ] GC(376)   Post Evacuate Collection Set: 0.66ms
[154.215s][info][gc,phases   ] GC(376)   Other: 0.10ms
[154.215s][info][gc,heap     ] GC(376) Eden regions: 350->0(352)
[154.215s][info][gc,heap     ] GC(376) Survivor regions: 2->1(44)
[154.215s][info][gc,heap     ] GC(376) Old regions: 56->56
[154.215s][info][gc,heap     ] GC(376) Humongous regions: 207->207
[154.215s][info][gc,metaspace] GC(376) Metaspace: 56434K(56704K)->56434K(56704K) NonClass: 48134K(48320K)->48134K(48320K) Class: 8299K(8384K)->8299K(8384K)
[154.215s][info][gc          ] GC(376) Pause Young (Prepare Mixed) (G1 Evacuation Pause) 614M->263M(650M) 3.919ms
[154.215s][info][gc,cpu      ] GC(376) User=0.00s Sys=0.00s Real=0.01s
[154.950s][info][gc,start    ] GC(377) Pause Young (Mixed) (G1 Evacuation Pause)
[154.950s][info][gc,task     ] GC(377) Using 2 workers of 2 for evacuation
[154.957s][info][gc,phases   ] GC(377)   Pre Evacuate Collection Set: 0.30ms
[154.957s][info][gc,phases   ] GC(377)   Merge Heap Roots: 0.14ms
[154.957s][info][gc,phases   ] GC(377)   Evacuate Collection Set: 5.38ms
[154.957s][info][gc,phases   ] GC(377)   Post Evacuate Collection Set: 0.78ms
[154.957s][info][gc,phases   ] GC(377)   Other: 0.12ms
[154.957s][info][gc,heap     ] GC(377) Eden regions: 352->0(350)
[154.957s][info][gc,heap     ] GC(377) Survivor regions: 1->2(45)
[154.957s][info][gc,heap     ] GC(377) Old regions: 56->56
[154.957s][info][gc,heap     ] GC(377) Humongous regions: 207->207
[154.957s][info][gc,metaspace] GC(377) Metaspace: 56437K(56704K)->56437K(56704K) NonClass: 48137K(48320K)->48137K(48320K) Class: 8299K(8384K)->8299K(8384K)
[154.957s][info][gc          ] GC(377) Pause Young (Mixed) (G1 Evacuation Pause) 615M->263M(650M) 6.934ms
[154.957s][info][gc,cpu      ] GC(377) User=0.01s Sys=0.00s Real=0.01s
[155.933s][info][gc,start    ] GC(378) Pause Young (Concurrent Start) (G1 Evacuation Pause)
[155.933s][info][gc,task     ] GC(378) Using 2 workers of 2 for evacuation
[155.943s][info][gc,phases   ] GC(378)   Pre Evacuate Collection Set: 1.46ms
[155.943s][info][gc,phases   ] GC(378)   Merge Heap Roots: 0.12ms
[155.943s][info][gc,phases   ] GC(378)   Evacuate Collection Set: 7.02ms
[155.943s][info][gc,phases   ] GC(378)   Post Evacuate Collection Set: 0.85ms
[155.943s][info][gc,phases   ] GC(378)   Other: 0.12ms
[155.943s][info][gc,heap     ] GC(378) Eden regions: 350->0(348)
[155.943s][info][gc,heap     ] GC(378) Survivor regions: 2->3(44)
[155.943s][info][gc,heap     ] GC(378) Old regions: 56->56
[155.943s][info][gc,heap     ] GC(378) Humongous regions: 207->207
[155.943s][info][gc,metaspace] GC(378) Metaspace: 56437K(56704K)->56437K(56704K) NonClass: 48137K(48320K)->48137K(48320K) Class: 8299K(8384K)->8299K(8384K)
[155.943s][info][gc          ] GC(378) Pause Young (Concurrent Start) (G1 Evacuation Pause) 613M->264M(650M) 9.791ms
[155.943s][info][gc,cpu      ] GC(378) User=0.01s Sys=0.00s Real=0.01s
[155.945s][info][gc          ] GC(379) Concurrent Mark Cycle
[155.945s][info][gc,marking  ] GC(379) Concurrent Scan Root Regions
[155.950s][info][gc,marking  ] GC(379) Concurrent Scan Root Regions 5.267ms
[155.950s][info][gc,marking  ] GC(379) Concurrent Mark
[155.950s][info][gc,marking  ] GC(379) Concurrent Mark From Roots
[155.950s][info][gc,task     ] GC(379) Using 1 workers of 1 for marking
[156.020s][info][gc,marking  ] GC(379) Concurrent Mark From Roots 69.689ms
[156.020s][info][gc,marking  ] GC(379) Concurrent Preclean
[156.020s][info][gc,marking  ] GC(379) Concurrent Preclean 0.071ms
[156.021s][info][gc,start    ] GC(379) Pause Remark
[156.031s][info][gc          ] GC(379) Pause Remark 295M->295M(650M) 9.986ms
[156.031s][info][gc,cpu      ] GC(379) User=0.02s Sys=0.00s Real=0.01s
[156.032s][info][gc,marking  ] GC(379) Concurrent Mark 82.228ms
[156.032s][info][gc,marking  ] GC(379) Concurrent Rebuild Remembered Sets and Scrub Regions
[156.069s][info][gc,marking  ] GC(379) Concurrent Rebuild Remembered Sets and Scrub Regions 36.942ms
[156.070s][info][gc,start    ] GC(379) Pause Cleanup
[156.070s][info][gc          ] GC(379) Pause Cleanup 319M->319M(650M) 0.094ms
[156.070s][info][gc,cpu      ] GC(379) User=0.00s Sys=0.00s Real=0.00s
[156.070s][info][gc,marking  ] GC(379) Concurrent Clear Claimed Marks
[156.070s][info][gc,marking  ] GC(379) Concurrent Clear Claimed Marks 0.097ms
[156.070s][info][gc,marking  ] GC(379) Concurrent Cleanup for Next Mark
[156.073s][info][gc,marking  ] GC(379) Concurrent Cleanup for Next Mark 3.448ms
[156.073s][info][gc          ] GC(379) Concurrent Mark Cycle 128.771ms
[156.713s][info][gc,start    ] GC(380) Pause Young (Prepare Mixed) (G1 Evacuation Pause)
[156.713s][info][gc,task     ] GC(380) Using 2 workers of 2 for evacuation
[156.718s][info][gc,phases   ] GC(380)   Pre Evacuate Collection Set: 0.30ms
[156.718s][info][gc,phases   ] GC(380)   Merge Heap Roots: 0.16ms
[156.718s][info][gc,phases   ] GC(380)   Evacuate Collection Set: 3.45ms
[156.718s][info][gc,phases   ] GC(380)   Post Evacuate Collection Set: 0.72ms
[156.718s][info][gc,phases   ] GC(380)   Other: 0.09ms
[156.718s][info][gc,heap     ] GC(380) Eden regions: 348->0(350)
[156.718s][info][gc,heap     ] GC(380) Survivor regions: 3->2(44)
[156.718s][info][gc,heap     ] GC(380) Old regions: 56->56
[156.718s][info][gc,heap     ] GC(380) Humongous regions: 207->207
[156.718s][info][gc,metaspace] GC(380) Metaspace: 56437K(56704K)->56437K(56704K) NonClass: 48137K(48320K)->48137K(48320K) Class: 8299K(8384K)->8299K(8384K)
[156.718s][info][gc          ] GC(380) Pause Young (Prepare Mixed) (G1 Evacuation Pause) 612M->264M(650M) 4.927ms
[156.718s][info][gc,cpu      ] GC(380) User=0.01s Sys=0.01s Real=0.01s
[157.459s][info][gc,start    ] GC(381) Pause Young (Mixed) (G1 Evacuation Pause)
[157.459s][info][gc,task     ] GC(381) Using 2 workers of 2 for evacuation
[157.466s][info][gc,phases   ] GC(381)   Pre Evacuate Collection Set: 0.47ms
[157.466s][info][gc,phases   ] GC(381)   Merge Heap Roots: 0.15ms
[157.466s][info][gc,phases   ] GC(381)   Evacuate Collection Set: 5.45ms
[157.466s][info][gc,phases   ] GC(381)   Post Evacuate Collection Set: 0.78ms
[157.466s][info][gc,phases   ] GC(381)   Other: 0.08ms
[157.466s][info][gc,heap     ] GC(381) Eden regions: 350->0(350)
[157.466s][info][gc,heap     ] GC(381) Survivor regions: 2->2(44)
[157.466s][info][gc,heap     ] GC(381) Old regions: 56->56
[157.466s][info][gc,heap     ] GC(381) Humongous regions: 207->207
[157.466s][info][gc,metaspace] GC(381) Metaspace: 56437K(56704K)->56437K(56704K) NonClass: 48137K(48320K)->48137K(48320K) Class: 8299K(8384K)->8299K(8384K)
[157.466s][info][gc          ] GC(381) Pause Young (Mixed) (G1 Evacuation Pause) 614M->263M(650M) 7.198ms
[157.466s][info][gc,cpu      ] GC(381) User=0.02s Sys=0.00s Real=0.01s
[158.235s][info][gc,start    ] GC(382) Pause Young (Concurrent Start) (G1 Evacuation Pause)
[158.235s][info][gc,task     ] GC(382) Using 2 workers of 2 for evacuation
[158.243s][info][gc,phases   ] GC(382)   Pre Evacuate Collection Set: 0.40ms
[158.243s][info][gc,phases   ] GC(382)   Merge Heap Roots: 0.11ms
[158.243s][info][gc,phases   ] GC(382)   Evacuate Collection Set: 6.46ms
[158.243s][info][gc,phases   ] GC(382)   Post Evacuate Collection Set: 0.72ms
[158.243s][info][gc,phases   ] GC(382)   Other: 0.13ms
[158.243s][info][gc,heap     ] GC(382) Eden regions: 350->0(348)
[158.243s][info][gc,heap     ] GC(382) Survivor regions: 2->3(44)
[158.243s][info][gc,heap     ] GC(382) Old regions: 56->56
[158.243s][info][gc,heap     ] GC(382) Humongous regions: 207->207
[158.243s][info][gc,metaspace] GC(382) Metaspace: 56437K(56704K)->56437K(56704K) NonClass: 48137K(48320K)->48137K(48320K) Class: 8299K(8384K)->8299K(8384K)
[158.243s][info][gc          ] GC(382) Pause Young (Concurrent Start) (G1 Evacuation Pause) 613M->264M(650M) 8.024ms
[158.243s][info][gc,cpu      ] GC(382) User=0.01s Sys=0.00s Real=0.00s
[158.243s][info][gc          ] GC(383) Concurrent Mark Cycle
[158.243s][info][gc,marking  ] GC(383) Concurrent Scan Root Regions
[158.248s][info][gc,marking  ] GC(383) Concurrent Scan Root Regions 4.994ms
[158.248s][info][gc,marking  ] GC(383) Concurrent Mark
[158.248s][info][gc,marking  ] GC(383) Concurrent Mark From Roots
[158.248s][info][gc,task     ] GC(383) Using 1 workers of 1 for marking
[158.311s][info][gc,marking  ] GC(383) Concurrent Mark From Roots 62.600ms
[158.311s][info][gc,marking  ] GC(383) Concurrent Preclean
[158.311s][info][gc,marking  ] GC(383) Concurrent Preclean 0.084ms
[158.311s][info][gc,start    ] GC(383) Pause Remark
[158.335s][info][gc          ] GC(383) Pause Remark 278M->278M(650M) 23.638ms
[158.335s][info][gc,cpu      ] GC(383) User=0.02s Sys=0.00s Real=0.03s
[158.337s][info][gc,marking  ] GC(383) Concurrent Mark 88.850ms
[158.337s][info][gc,marking  ] GC(383) Concurrent Rebuild Remembered Sets and Scrub Regions
[158.367s][info][gc,marking  ] GC(383) Concurrent Rebuild Remembered Sets and Scrub Regions 29.247ms
[158.367s][info][gc,start    ] GC(383) Pause Cleanup
[158.367s][info][gc          ] GC(383) Pause Cleanup 279M->279M(650M) 0.083ms
[158.367s][info][gc,cpu      ] GC(383) User=0.00s Sys=0.00s Real=0.00s
[158.367s][info][gc,marking  ] GC(383) Concurrent Clear Claimed Marks
[158.367s][info][gc,marking  ] GC(383) Concurrent Clear Claimed Marks 0.093ms
[158.367s][info][gc,marking  ] GC(383) Concurrent Cleanup for Next Mark
[158.369s][info][gc,marking  ] GC(383) Concurrent Cleanup for Next Mark 1.986ms
[158.369s][info][gc          ] GC(383) Concurrent Mark Cycle 125.566ms
[159.111s][info][gc,start    ] GC(384) Pause Young (Prepare Mixed) (G1 Evacuation Pause)
[159.111s][info][gc,task     ] GC(384) Using 2 workers of 2 for evacuation
[159.116s][info][gc,phases   ] GC(384)   Pre Evacuate Collection Set: 0.28ms
[159.116s][info][gc,phases   ] GC(384)   Merge Heap Roots: 0.14ms
[159.116s][info][gc,phases   ] GC(384)   Evacuate Collection Set: 3.00ms
[159.116s][info][gc,phases   ] GC(384)   Post Evacuate Collection Set: 0.70ms
[159.116s][info][gc,phases   ] GC(384)   Other: 0.10ms
[159.116s][info][gc,heap     ] GC(384) Eden regions: 348->0(350)
[159.116s][info][gc,heap     ] GC(384) Survivor regions: 3->2(44)
[159.116s][info][gc,heap     ] GC(384) Old regions: 56->56
[159.116s][info][gc,heap     ] GC(384) Humongous regions: 207->207
[159.116s][info][gc,metaspace] GC(384) Metaspace: 56437K(56704K)->56437K(56704K) NonClass: 48137K(48320K)->48137K(48320K) Class: 8299K(8384K)->8299K(8384K)
[159.116s][info][gc          ] GC(384) Pause Young (Prepare Mixed) (G1 Evacuation Pause) 612M->263M(650M) 4.450ms
[159.116s][info][gc,cpu      ] GC(384) User=0.01s Sys=0.00s Real=0.01s
[159.856s][info][gc,start    ] GC(385) Pause Young (Mixed) (G1 Evacuation Pause)
[159.856s][info][gc,task     ] GC(385) Using 2 workers of 2 for evacuation
[159.864s][info][gc,phases   ] GC(385)   Pre Evacuate Collection Set: 0.30ms
[159.864s][info][gc,phases   ] GC(385)   Merge Heap Roots: 0.14ms
[159.864s][info][gc,phases   ] GC(385)   Evacuate Collection Set: 6.50ms
[159.864s][info][gc,phases   ] GC(385)   Post Evacuate Collection Set: 0.83ms
[159.864s][info][gc,phases   ] GC(385)   Other: 0.13ms
[159.864s][info][gc,heap     ] GC(385) Eden regions: 350->0(348)
[159.864s][info][gc,heap     ] GC(385) Survivor regions: 2->3(44)
[159.864s][info][gc,heap     ] GC(385) Old regions: 56->56
[159.864s][info][gc,heap     ] GC(385) Humongous regions: 207->207
[159.864s][info][gc,metaspace] GC(385) Metaspace: 56437K(56704K)->56437K(56704K) NonClass: 48137K(48320K)->48137K(48320K) Class: 8299K(8384K)->8299K(8384K)
[159.864s][info][gc          ] GC(385) Pause Young (Mixed) (G1 Evacuation Pause) 613M->264M(650M) 8.144ms
[159.864s][info][gc,cpu      ] GC(385) User=0.01s Sys=0.00s Real=0.01s
[160.632s][info][gc,start    ] GC(386) Pause Young (Concurrent Start) (G1 Evacuation Pause)
[160.632s][info][gc,task     ] GC(386) Using 2 workers of 2 for evacuation
[160.638s][info][gc,phases   ] GC(386)   Pre Evacuate Collection Set: 0.30ms
[160.638s][info][gc,phases   ] GC(386)   Merge Heap Roots: 0.13ms
[160.638s][info][gc,phases   ] GC(386)   Evacuate Collection Set: 5.04ms
[160.638s][info][gc,phases   ] GC(386)   Post Evacuate Collection Set: 0.72ms
[160.638s][info][gc,phases   ] GC(386)   Other: 0.14ms
[160.638s][info][gc,heap     ] GC(386) Eden regions: 348->0(350)
[160.638s][info][gc,heap     ] GC(386) Survivor regions: 3->2(44)
[160.638s][info][gc,heap     ] GC(386) Old regions: 56->56
[160.638s][info][gc,heap     ] GC(386) Humongous regions: 207->207
[160.638s][info][gc,metaspace] GC(386) Metaspace: 56437K(56704K)->56437K(56704K) NonClass: 48137K(48320K)->48137K(48320K) Class: 8299K(8384K)->8299K(8384K)
[160.638s][info][gc          ] GC(386) Pause Young (Concurrent Start) (G1 Evacuation Pause) 612M->264M(650M) 6.551ms
[160.638s][info][gc,cpu      ] GC(386) User=0.01s Sys=0.00s Real=0.01s
[160.638s][info][gc          ] GC(387) Concurrent Mark Cycle
[160.639s][info][gc,marking  ] GC(387) Concurrent Scan Root Regions
[160.646s][info][gc,marking  ] GC(387) Concurrent Scan Root Regions 7.082ms
[160.646s][info][gc,marking  ] GC(387) Concurrent Mark
[160.646s][info][gc,marking  ] GC(387) Concurrent Mark From Roots
[160.646s][info][gc,task     ] GC(387) Using 1 workers of 1 for marking
[160.700s][info][gc,marking  ] GC(387) Concurrent Mark From Roots 53.977ms
[160.700s][info][gc,marking  ] GC(387) Concurrent Preclean
[160.700s][info][gc,marking  ] GC(387) Concurrent Preclean 0.071ms
[160.700s][info][gc,start    ] GC(387) Pause Remark
[160.710s][info][gc          ] GC(387) Pause Remark 288M->288M(650M) 9.371ms
[160.710s][info][gc,cpu      ] GC(387) User=0.02s Sys=0.00s Real=0.01s
[160.711s][info][gc,marking  ] GC(387) Concurrent Mark 64.931ms
[160.711s][info][gc,marking  ] GC(387) Concurrent Rebuild Remembered Sets and Scrub Regions
[160.752s][info][gc,marking  ] GC(387) Concurrent Rebuild Remembered Sets and Scrub Regions 41.341ms
[160.753s][info][gc,start    ] GC(387) Pause Cleanup
[160.753s][info][gc          ] GC(387) Pause Cleanup 317M->317M(650M) 0.089ms
[160.753s][info][gc,cpu      ] GC(387) User=0.00s Sys=0.00s Real=0.00s
[160.754s][info][gc,marking  ] GC(387) Concurrent Clear Claimed Marks
[160.754s][info][gc,marking  ] GC(387) Concurrent Clear Claimed Marks 0.123ms
[160.754s][info][gc,marking  ] GC(387) Concurrent Cleanup for Next Mark
[160.758s][info][gc,marking  ] GC(387) Concurrent Cleanup for Next Mark 4.066ms
[160.758s][info][gc          ] GC(387) Concurrent Mark Cycle 119.717ms
[161.410s][info][gc,start    ] GC(388) Pause Young (Prepare Mixed) (G1 Evacuation Pause)
[161.410s][info][gc,task     ] GC(388) Using 2 workers of 2 for evacuation
[161.414s][info][gc,phases   ] GC(388)   Pre Evacuate Collection Set: 0.28ms
[161.414s][info][gc,phases   ] GC(388)   Merge Heap Roots: 0.13ms
[161.414s][info][gc,phases   ] GC(388)   Evacuate Collection Set: 2.82ms
[161.414s][info][gc,phases   ] GC(388)   Post Evacuate Collection Set: 0.72ms
[161.414s][info][gc,phases   ] GC(388)   Other: 0.09ms
[161.414s][info][gc,heap     ] GC(388) Eden regions: 350->0(350)
[161.414s][info][gc,heap     ] GC(388) Survivor regions: 2->2(44)
[161.414s][info][gc,heap     ] GC(388) Old regions: 56->56
[161.414s][info][gc,heap     ] GC(388) Humongous regions: 207->207
[161.414s][info][gc,metaspace] GC(388) Metaspace: 56437K(56704K)->56437K(56704K) NonClass: 48137K(48320K)->48137K(48320K) Class: 8299K(8384K)->8299K(8384K)
[161.414s][info][gc          ] GC(388) Pause Young (Prepare Mixed) (G1 Evacuation Pause) 614M->263M(650M) 4.252ms
[161.414s][info][gc,cpu      ] GC(388) User=0.01s Sys=0.00s Real=0.01s
[162.145s][info][gc,start    ] GC(389) Pause Young (Mixed) (G1 Evacuation Pause)
[162.145s][info][gc,task     ] GC(389) Using 2 workers of 2 for evacuation
[162.153s][info][gc,phases   ] GC(389)   Pre Evacuate Collection Set: 0.31ms
[162.153s][info][gc,phases   ] GC(389)   Merge Heap Roots: 0.15ms
[162.153s][info][gc,phases   ] GC(389)   Evacuate Collection Set: 6.32ms
[162.153s][info][gc,phases   ] GC(389)   Post Evacuate Collection Set: 1.02ms
[162.153s][info][gc,phases   ] GC(389)   Other: 0.09ms
[162.153s][info][gc,heap     ] GC(389) Eden regions: 350->0(350)
[162.153s][info][gc,heap     ] GC(389) Survivor regions: 2->2(44)
[162.153s][info][gc,heap     ] GC(389) Old regions: 56->56
[162.153s][info][gc,heap     ] GC(389) Humongous regions: 207->207
[162.153s][info][gc,metaspace] GC(389) Metaspace: 56437K(56704K)->56437K(56704K) NonClass: 48137K(48320K)->48137K(48320K) Class: 8299K(8384K)->8299K(8384K)
[162.153s][info][gc          ] GC(389) Pause Young (Mixed) (G1 Evacuation Pause) 613M->264M(650M) 8.110ms
[162.153s][info][gc,cpu      ] GC(389) User=0.01s Sys=0.00s Real=0.00s
[162.924s][info][gc,start    ] GC(390) Pause Young (Concurrent Start) (G1 Evacuation Pause)
[162.924s][info][gc,task     ] GC(390) Using 2 workers of 2 for evacuation
[162.930s][info][gc,phases   ] GC(390)   Pre Evacuate Collection Set: 0.35ms
[162.930s][info][gc,phases   ] GC(390)   Merge Heap Roots: 0.11ms
[162.930s][info][gc,phases   ] GC(390)   Evacuate Collection Set: 4.94ms
[162.930s][info][gc,phases   ] GC(390)   Post Evacuate Collection Set: 0.77ms
[162.930s][info][gc,phases   ] GC(390)   Other: 0.20ms
[162.930s][info][gc,heap     ] GC(390) Eden regions: 350->0(348)
[162.930s][info][gc,heap     ] GC(390) Survivor regions: 2->3(44)
[162.930s][info][gc,heap     ] GC(390) Old regions: 56->56
[162.930s][info][gc,heap     ] GC(390) Humongous regions: 207->207
[162.930s][info][gc,metaspace] GC(390) Metaspace: 56437K(56704K)->56437K(56704K) NonClass: 48137K(48320K)->48137K(48320K) Class: 8299K(8384K)->8299K(8384K)
[162.930s][info][gc          ] GC(390) Pause Young (Concurrent Start) (G1 Evacuation Pause) 614M->264M(650M) 6.576ms
[162.930s][info][gc,cpu      ] GC(390) User=0.01s Sys=0.00s Real=0.00s
[162.930s][info][gc          ] GC(391) Concurrent Mark Cycle
[162.931s][info][gc,marking  ] GC(391) Concurrent Scan Root Regions
[162.934s][info][gc,marking  ] GC(391) Concurrent Scan Root Regions 2.832ms
[162.934s][info][gc,marking  ] GC(391) Concurrent Mark
[162.934s][info][gc,marking  ] GC(391) Concurrent Mark From Roots
[162.934s][info][gc,task     ] GC(391) Using 1 workers of 1 for marking
[163.008s][info][gc,marking  ] GC(391) Concurrent Mark From Roots 73.663ms
[163.008s][info][gc,marking  ] GC(391) Concurrent Preclean
[163.008s][info][gc,marking  ] GC(391) Concurrent Preclean 0.073ms
[163.008s][info][gc,start    ] GC(391) Pause Remark
[163.018s][info][gc          ] GC(391) Pause Remark 295M->295M(650M) 10.362ms
[163.018s][info][gc,cpu      ] GC(391) User=0.01s Sys=0.00s Real=0.01s
[163.020s][info][gc,marking  ] GC(391) Concurrent Mark 85.768ms
[163.020s][info][gc,marking  ] GC(391) Concurrent Rebuild Remembered Sets and Scrub Regions
[163.042s][info][gc,marking  ] GC(391) Concurrent Rebuild Remembered Sets and Scrub Regions 22.852ms
[163.043s][info][gc,start    ] GC(391) Pause Cleanup
[163.043s][info][gc          ] GC(391) Pause Cleanup 307M->307M(650M) 0.109ms
[163.043s][info][gc,cpu      ] GC(391) User=0.00s Sys=0.00s Real=0.00s
[163.043s][info][gc,marking  ] GC(391) Concurrent Clear Claimed Marks
[163.043s][info][gc,marking  ] GC(391) Concurrent Clear Claimed Marks 0.099ms
[163.043s][info][gc,marking  ] GC(391) Concurrent Cleanup for Next Mark
[163.045s][info][gc,marking  ] GC(391) Concurrent Cleanup for Next Mark 2.025ms
[163.045s][info][gc          ] GC(391) Concurrent Mark Cycle 114.752ms
[163.708s][info][gc,start    ] GC(392) Pause Young (Prepare Mixed) (G1 Evacuation Pause)
[163.708s][info][gc,task     ] GC(392) Using 2 workers of 2 for evacuation
[163.712s][info][gc,phases   ] GC(392)   Pre Evacuate Collection Set: 0.31ms
[163.712s][info][gc,phases   ] GC(392)   Merge Heap Roots: 0.15ms
[163.712s][info][gc,phases   ] GC(392)   Evacuate Collection Set: 2.90ms
[163.712s][info][gc,phases   ] GC(392)   Post Evacuate Collection Set: 0.72ms
[163.712s][info][gc,phases   ] GC(392)   Other: 0.09ms
[163.712s][info][gc,heap     ] GC(392) Eden regions: 348->0(352)
[163.712s][info][gc,heap     ] GC(392) Survivor regions: 3->1(44)
[163.712s][info][gc,heap     ] GC(392) Old regions: 56->56
[163.712s][info][gc,heap     ] GC(392) Humongous regions: 207->207
[163.712s][info][gc,metaspace] GC(392) Metaspace: 56437K(56704K)->56437K(56704K) NonClass: 48137K(48320K)->48137K(48320K) Class: 8299K(8384K)->8299K(8384K)
[163.712s][info][gc          ] GC(392) Pause Young (Prepare Mixed) (G1 Evacuation Pause) 612M->263M(650M) 4.413ms
[163.712s][info][gc,cpu      ] GC(392) User=0.00s Sys=0.00s Real=0.00s
[164.459s][info][gc,start    ] GC(393) Pause Young (Mixed) (G1 Evacuation Pause)
[164.459s][info][gc,task     ] GC(393) Using 2 workers of 2 for evacuation
[164.467s][info][gc,phases   ] GC(393)   Pre Evacuate Collection Set: 0.30ms
[164.467s][info][gc,phases   ] GC(393)   Merge Heap Roots: 0.14ms
[164.467s][info][gc,phases   ] GC(393)   Evacuate Collection Set: 6.88ms
[164.467s][info][gc,phases   ] GC(393)   Post Evacuate Collection Set: 0.74ms
[164.467s][info][gc,phases   ] GC(393)   Other: 0.14ms
[164.467s][info][gc,heap     ] GC(393) Eden regions: 352->0(348)
[164.467s][info][gc,heap     ] GC(393) Survivor regions: 1->3(45)
[164.467s][info][gc,heap     ] GC(393) Old regions: 56->56
[164.467s][info][gc,heap     ] GC(393) Humongous regions: 207->207
[164.467s][info][gc,metaspace] GC(393) Metaspace: 56437K(56704K)->56437K(56704K) NonClass: 48137K(48320K)->48137K(48320K) Class: 8299K(8384K)->8299K(8384K)
[164.468s][info][gc          ] GC(393) Pause Young (Mixed) (G1 Evacuation Pause) 615M->264M(650M) 8.416ms
[164.468s][info][gc,cpu      ] GC(393) User=0.01s Sys=0.00s Real=0.01s
[165.296s][info][gc,start    ] GC(394) Pause Young (Concurrent Start) (G1 Evacuation Pause)
[165.296s][info][gc,task     ] GC(394) Using 2 workers of 2 for evacuation
[165.300s][info][gc,phases   ] GC(394)   Pre Evacuate Collection Set: 0.36ms
[165.300s][info][gc,phases   ] GC(394)   Merge Heap Roots: 0.12ms
[165.300s][info][gc,phases   ] GC(394)   Evacuate Collection Set: 3.02ms
[165.300s][info][gc,phases   ] GC(394)   Post Evacuate Collection Set: 0.70ms
[165.300s][info][gc,phases   ] GC(394)   Other: 0.12ms
[165.300s][info][gc,heap     ] GC(394) Eden regions: 348->0(352)
[165.300s][info][gc,heap     ] GC(394) Survivor regions: 3->1(44)
[165.300s][info][gc,heap     ] GC(394) Old regions: 56->56
[165.300s][info][gc,heap     ] GC(394) Humongous regions: 207->207
[165.300s][info][gc,metaspace] GC(394) Metaspace: 56437K(56704K)->56437K(56704K) NonClass: 48137K(48320K)->48137K(48320K) Class: 8299K(8384K)->8299K(8384K)
[165.300s][info][gc          ] GC(394) Pause Young (Concurrent Start) (G1 Evacuation Pause) 612M->263M(650M) 4.537ms
[165.300s][info][gc,cpu      ] GC(394) User=0.01s Sys=0.00s Real=0.00s
[165.301s][info][gc          ] GC(395) Concurrent Mark Cycle
[165.301s][info][gc,marking  ] GC(395) Concurrent Scan Root Regions
[165.307s][info][gc,marking  ] GC(395) Concurrent Scan Root Regions 5.975ms
[165.307s][info][gc,marking  ] GC(395) Concurrent Mark
[165.307s][info][gc,marking  ] GC(395) Concurrent Mark From Roots
[165.307s][info][gc,task     ] GC(395) Using 1 workers of 1 for marking
[165.387s][info][gc,marking  ] GC(395) Concurrent Mark From Roots 80.166ms
[165.387s][info][gc,marking  ] GC(395) Concurrent Preclean
[165.387s][info][gc,marking  ] GC(395) Concurrent Preclean 0.067ms
[165.387s][info][gc,start    ] GC(395) Pause Remark
[165.397s][info][gc          ] GC(395) Pause Remark 310M->310M(650M) 9.642ms
[165.397s][info][gc,cpu      ] GC(395) User=0.02s Sys=0.00s Real=0.01s
[165.397s][info][gc,marking  ] GC(395) Concurrent Mark 90.415ms
[165.397s][info][gc,marking  ] GC(395) Concurrent Rebuild Remembered Sets and Scrub Regions
[165.422s][info][gc,marking  ] GC(395) Concurrent Rebuild Remembered Sets and Scrub Regions 24.506ms
[165.422s][info][gc,start    ] GC(395) Pause Cleanup
[165.422s][info][gc          ] GC(395) Pause Cleanup 321M->321M(650M) 0.086ms
[165.422s][info][gc,cpu      ] GC(395) User=0.00s Sys=0.00s Real=0.00s
[165.422s][info][gc,marking  ] GC(395) Concurrent Clear Claimed Marks
[165.422s][info][gc,marking  ] GC(395) Concurrent Clear Claimed Marks 0.097ms
[165.422s][info][gc,marking  ] GC(395) Concurrent Cleanup for Next Mark
[165.424s][info][gc,marking  ] GC(395) Concurrent Cleanup for Next Mark 2.030ms
[165.424s][info][gc          ] GC(395) Concurrent Mark Cycle 123.487ms
[166.017s][info][gc,start    ] GC(396) Pause Young (Prepare Mixed) (G1 Evacuation Pause)
[166.017s][info][gc,task     ] GC(396) Using 2 workers of 2 for evacuation
[166.022s][info][gc,phases   ] GC(396)   Pre Evacuate Collection Set: 0.30ms
[166.022s][info][gc,phases   ] GC(396)   Merge Heap Roots: 0.13ms
[166.022s][info][gc,phases   ] GC(396)   Evacuate Collection Set: 3.54ms
[166.022s][info][gc,phases   ] GC(396)   Post Evacuate Collection Set: 0.73ms
[166.022s][info][gc,phases   ] GC(396)   Other: 0.09ms
[166.022s][info][gc,heap     ] GC(396) Eden regions: 352->0(350)
[166.022s][info][gc,heap     ] GC(396) Survivor regions: 1->2(45)
[166.022s][info][gc,heap     ] GC(396) Old regions: 56->56
[166.022s][info][gc,heap     ] GC(396) Humongous regions: 207->207
[166.022s][info][gc,metaspace] GC(396) Metaspace: 56437K(56704K)->56437K(56704K) NonClass: 48137K(48320K)->48137K(48320K) Class: 8299K(8384K)->8299K(8384K)
[166.022s][info][gc          ] GC(396) Pause Young (Prepare Mixed) (G1 Evacuation Pause) 615M->264M(650M) 5.017ms
[166.022s][info][gc,cpu      ] GC(396) User=0.01s Sys=0.00s Real=0.00s
[166.792s][info][gc,start    ] GC(397) Pause Young (Mixed) (G1 Evacuation Pause)
[166.792s][info][gc,task     ] GC(397) Using 2 workers of 2 for evacuation
[166.800s][info][gc,phases   ] GC(397)   Pre Evacuate Collection Set: 0.30ms
[166.800s][info][gc,phases   ] GC(397)   Merge Heap Roots: 0.15ms
[166.800s][info][gc,phases   ] GC(397)   Evacuate Collection Set: 6.36ms
[166.800s][info][gc,phases   ] GC(397)   Post Evacuate Collection Set: 0.79ms
[166.800s][info][gc,phases   ] GC(397)   Other: 0.13ms
[166.800s][info][gc,heap     ] GC(397) Eden regions: 350->0(350)
[166.800s][info][gc,heap     ] GC(397) Survivor regions: 2->2(44)
[166.800s][info][gc,heap     ] GC(397) Old regions: 56->56
[166.800s][info][gc,heap     ] GC(397) Humongous regions: 207->207
[166.800s][info][gc,metaspace] GC(397) Metaspace: 56437K(56704K)->56437K(56704K) NonClass: 48137K(48320K)->48137K(48320K) Class: 8299K(8384K)->8299K(8384K)
[166.800s][info][gc          ] GC(397) Pause Young (Mixed) (G1 Evacuation Pause) 614M->264M(650M) 7.966ms
[166.800s][info][gc,cpu      ] GC(397) User=0.01s Sys=0.00s Real=0.01s
[167.534s][info][gc,start    ] GC(398) Pause Young (Concurrent Start) (G1 Evacuation Pause)
[167.534s][info][gc,task     ] GC(398) Using 2 workers of 2 for evacuation
[167.539s][info][gc,phases   ] GC(398)   Pre Evacuate Collection Set: 0.33ms
[167.539s][info][gc,phases   ] GC(398)   Merge Heap Roots: 0.12ms
[167.539s][info][gc,phases   ] GC(398)   Evacuate Collection Set: 3.81ms
[167.539s][info][gc,phases   ] GC(398)   Post Evacuate Collection Set: 0.75ms
[167.539s][info][gc,phases   ] GC(398)   Other: 0.13ms
[167.539s][info][gc,heap     ] GC(398) Eden regions: 350->0(350)
[167.539s][info][gc,heap     ] GC(398) Survivor regions: 2->2(44)
[167.539s][info][gc,heap     ] GC(398) Old regions: 56->56
[167.539s][info][gc,heap     ] GC(398) Humongous regions: 207->207
[167.539s][info][gc,metaspace] GC(398) Metaspace: 56440K(56704K)->56440K(56704K) NonClass: 48141K(48320K)->48141K(48320K) Class: 8299K(8384K)->8299K(8384K)
[167.539s][info][gc          ] GC(398) Pause Young (Concurrent Start) (G1 Evacuation Pause) 614M->264M(650M) 5.388ms
[167.539s][info][gc          ] GC(399) Concurrent Mark Cycle
[167.539s][info][gc,marking  ] GC(399) Concurrent Scan Root Regions
[167.540s][info][gc,cpu      ] GC(398) User=0.01s Sys=0.00s Real=0.00s
[167.542s][info][gc,marking  ] GC(399) Concurrent Scan Root Regions 3.223ms
[167.542s][info][gc,marking  ] GC(399) Concurrent Mark
[167.542s][info][gc,marking  ] GC(399) Concurrent Mark From Roots
[167.542s][info][gc,task     ] GC(399) Using 1 workers of 1 for marking
[167.699s][info][gc,marking  ] GC(399) Concurrent Mark From Roots 156.412ms
[167.699s][info][gc,marking  ] GC(399) Concurrent Preclean
[167.699s][info][gc,marking  ] GC(399) Concurrent Preclean 0.103ms
[167.701s][info][gc,start    ] GC(399) Pause Remark
[167.715s][info][gc          ] GC(399) Pause Remark 303M->303M(650M) 13.422ms
[167.715s][info][gc,cpu      ] GC(399) User=0.01s Sys=0.00s Real=0.02s
[167.715s][info][gc,marking  ] GC(399) Concurrent Mark 172.696ms
[167.715s][info][gc,marking  ] GC(399) Concurrent Rebuild Remembered Sets and Scrub Regions
[167.762s][info][gc,marking  ] GC(399) Concurrent Rebuild Remembered Sets and Scrub Regions 46.524ms
[167.762s][info][gc,start    ] GC(399) Pause Cleanup
[167.762s][info][gc          ] GC(399) Pause Cleanup 327M->327M(650M) 0.092ms
[167.762s][info][gc,cpu      ] GC(399) User=0.00s Sys=0.00s Real=0.00s
[167.763s][info][gc,marking  ] GC(399) Concurrent Clear Claimed Marks
[167.763s][info][gc,marking  ] GC(399) Concurrent Clear Claimed Marks 0.107ms
[167.763s][info][gc,marking  ] GC(399) Concurrent Cleanup for Next Mark
[167.770s][info][gc,marking  ] GC(399) Concurrent Cleanup for Next Mark 6.462ms
[167.770s][info][gc          ] GC(399) Concurrent Mark Cycle 230.640ms
[168.316s][info][gc,start    ] GC(400) Pause Young (Prepare Mixed) (G1 Evacuation Pause)
[168.316s][info][gc,task     ] GC(400) Using 2 workers of 2 for evacuation
[168.321s][info][gc,phases   ] GC(400)   Pre Evacuate Collection Set: 0.39ms
[168.321s][info][gc,phases   ] GC(400)   Merge Heap Roots: 0.16ms
[168.321s][info][gc,phases   ] GC(400)   Evacuate Collection Set: 3.70ms
[168.321s][info][gc,phases   ] GC(400)   Post Evacuate Collection Set: 0.75ms
[168.321s][info][gc,phases   ] GC(400)   Other: 0.13ms
[168.321s][info][gc,heap     ] GC(400) Eden regions: 350->0(350)
[168.321s][info][gc,heap     ] GC(400) Survivor regions: 2->2(44)
[168.321s][info][gc,heap     ] GC(400) Old regions: 56->56
[168.321s][info][gc,heap     ] GC(400) Humongous regions: 207->207
[168.321s][info][gc,metaspace] GC(400) Metaspace: 56440K(56704K)->56440K(56704K) NonClass: 48141K(48320K)->48141K(48320K) Class: 8299K(8384K)->8299K(8384K)
[168.321s][info][gc          ] GC(400) Pause Young (Prepare Mixed) (G1 Evacuation Pause) 614M->264M(650M) 5.339ms
[168.321s][info][gc,cpu      ] GC(400) User=0.01s Sys=0.00s Real=0.00s
[169.074s][info][gc,start    ] GC(401) Pause Young (Mixed) (G1 Evacuation Pause)
[169.074s][info][gc,task     ] GC(401) Using 2 workers of 2 for evacuation
[169.080s][info][gc,phases   ] GC(401)   Pre Evacuate Collection Set: 0.33ms
[169.080s][info][gc,phases   ] GC(401)   Merge Heap Roots: 0.18ms
[169.080s][info][gc,phases   ] GC(401)   Evacuate Collection Set: 4.60ms
[169.080s][info][gc,phases   ] GC(401)   Post Evacuate Collection Set: 0.74ms
[169.080s][info][gc,phases   ] GC(401)   Other: 0.10ms
[169.080s][info][gc,heap     ] GC(401) Eden regions: 350->0(350)
[169.080s][info][gc,heap     ] GC(401) Survivor regions: 2->2(44)
[169.080s][info][gc,heap     ] GC(401) Old regions: 56->56
[169.080s][info][gc,heap     ] GC(401) Humongous regions: 207->207
[169.080s][info][gc,metaspace] GC(401) Metaspace: 56440K(56704K)->56440K(56704K) NonClass: 48141K(48320K)->48141K(48320K) Class: 8299K(8384K)->8299K(8384K)
[169.080s][info][gc          ] GC(401) Pause Young (Mixed) (G1 Evacuation Pause) 614M->263M(650M) 6.190ms
[169.080s][info][gc,cpu      ] GC(401) User=0.01s Sys=0.00s Real=0.00s
[169.836s][info][gc,start    ] GC(402) Pause Young (Concurrent Start) (G1 Evacuation Pause)
[169.836s][info][gc,task     ] GC(402) Using 2 workers of 2 for evacuation
[169.842s][info][gc,phases   ] GC(402)   Pre Evacuate Collection Set: 0.32ms
[169.842s][info][gc,phases   ] GC(402)   Merge Heap Roots: 0.12ms
[169.842s][info][gc,phases   ] GC(402)   Evacuate Collection Set: 4.48ms
[169.842s][info][gc,phases   ] GC(402)   Post Evacuate Collection Set: 0.71ms
[169.842s][info][gc,phases   ] GC(402)   Other: 0.12ms
[169.842s][info][gc,heap     ] GC(402) Eden regions: 350->0(350)
[169.842s][info][gc,heap     ] GC(402) Survivor regions: 2->2(44)
[169.842s][info][gc,heap     ] GC(402) Old regions: 56->56
[169.842s][info][gc,heap     ] GC(402) Humongous regions: 207->207
[169.842s][info][gc,metaspace] GC(402) Metaspace: 56440K(56704K)->56440K(56704K) NonClass: 48141K(48320K)->48141K(48320K) Class: 8299K(8384K)->8299K(8384K)
[169.842s][info][gc          ] GC(402) Pause Young (Concurrent Start) (G1 Evacuation Pause) 613M->264M(650M) 5.997ms
[169.842s][info][gc,cpu      ] GC(402) User=0.01s Sys=0.00s Real=0.00s
[169.842s][info][gc          ] GC(403) Concurrent Mark Cycle
[169.844s][info][gc,marking  ] GC(403) Concurrent Scan Root Regions
[169.847s][info][gc,marking  ] GC(403) Concurrent Scan Root Regions 3.280ms
[169.847s][info][gc,marking  ] GC(403) Concurrent Mark
[169.847s][info][gc,marking  ] GC(403) Concurrent Mark From Roots
[169.847s][info][gc,task     ] GC(403) Using 1 workers of 1 for marking
[169.910s][info][gc,marking  ] GC(403) Concurrent Mark From Roots 62.802ms
[169.910s][info][gc,marking  ] GC(403) Concurrent Preclean
[169.910s][info][gc,marking  ] GC(403) Concurrent Preclean 0.067ms
[169.910s][info][gc,start    ] GC(403) Pause Remark
[169.920s][info][gc          ] GC(403) Pause Remark 286M->286M(650M) 9.689ms
[169.920s][info][gc,cpu      ] GC(403) User=0.02s Sys=0.00s Real=0.01s
[169.920s][info][gc,marking  ] GC(403) Concurrent Mark 73.209ms
[169.920s][info][gc,marking  ] GC(403) Concurrent Rebuild Remembered Sets and Scrub Regions
[169.940s][info][gc,marking  ] GC(403) Concurrent Rebuild Remembered Sets and Scrub Regions 20.267ms
[169.941s][info][gc,start    ] GC(403) Pause Cleanup
[169.941s][info][gc          ] GC(403) Pause Cleanup 296M->296M(650M) 0.085ms
[169.941s][info][gc,cpu      ] GC(403) User=0.00s Sys=0.00s Real=0.00s
[169.941s][info][gc,marking  ] GC(403) Concurrent Clear Claimed Marks
[169.941s][info][gc,marking  ] GC(403) Concurrent Clear Claimed Marks 0.105ms
[169.941s][info][gc,marking  ] GC(403) Concurrent Cleanup for Next Mark
[169.944s][info][gc,marking  ] GC(403) Concurrent Cleanup for Next Mark 3.018ms
[169.944s][info][gc          ] GC(403) Concurrent Mark Cycle 101.652ms
[170.620s][info][gc,start    ] GC(404) Pause Young (Prepare Mixed) (G1 Evacuation Pause)
[170.620s][info][gc,task     ] GC(404) Using 2 workers of 2 for evacuation
[170.625s][info][gc,phases   ] GC(404)   Pre Evacuate Collection Set: 0.32ms
[170.625s][info][gc,phases   ] GC(404)   Merge Heap Roots: 0.14ms
[170.625s][info][gc,phases   ] GC(404)   Evacuate Collection Set: 3.34ms
[170.625s][info][gc,phases   ] GC(404)   Post Evacuate Collection Set: 0.72ms
[170.625s][info][gc,phases   ] GC(404)   Other: 0.09ms
[170.625s][info][gc,heap     ] GC(404) Eden regions: 350->0(350)
[170.625s][info][gc,heap     ] GC(404) Survivor regions: 2->2(44)
[170.625s][info][gc,heap     ] GC(404) Old regions: 56->56
[170.625s][info][gc,heap     ] GC(404) Humongous regions: 207->207
[170.625s][info][gc,metaspace] GC(404) Metaspace: 56443K(56768K)->56443K(56768K) NonClass: 48143K(48384K)->48143K(48384K) Class: 8299K(8384K)->8299K(8384K)
[170.625s][info][gc          ] GC(404) Pause Young (Prepare Mixed) (G1 Evacuation Pause) 614M->264M(650M) 4.813ms
[170.625s][info][gc,cpu      ] GC(404) User=0.01s Sys=0.00s Real=0.01s
[174.629s][info][gc,start    ] GC(405) Pause Young (Mixed) (G1 Evacuation Pause)
[174.629s][info][gc,task     ] GC(405) Using 2 workers of 2 for evacuation
[174.648s][info][gc,phases   ] GC(405)   Pre Evacuate Collection Set: 0.34ms
[174.648s][info][gc,phases   ] GC(405)   Merge Heap Roots: 0.15ms
[174.648s][info][gc,phases   ] GC(405)   Evacuate Collection Set: 17.32ms
[174.648s][info][gc,phases   ] GC(405)   Post Evacuate Collection Set: 0.87ms
[174.648s][info][gc,phases   ] GC(405)   Other: 0.11ms
[174.648s][info][gc,heap     ] GC(405) Eden regions: 229->0(340)
[174.648s][info][gc,heap     ] GC(405) Survivor regions: 2->14(44)
[174.648s][info][gc,heap     ] GC(405) Old regions: 56->56
[174.648s][info][gc,heap     ] GC(405) Humongous regions: 363->207
[174.648s][info][gc,metaspace] GC(405) Metaspace: 56670K(56960K)->56670K(56960K) NonClass: 48369K(48576K)->48369K(48576K) Class: 8300K(8384K)->8300K(8384K)
[174.648s][info][gc          ] GC(405) Pause Young (Mixed) (G1 Evacuation Pause) 649M->275M(665M) 19.038ms
[174.648s][info][gc,cpu      ] GC(405) User=0.02s Sys=0.01s Real=0.02s
[175.325s][info][gc,start    ] GC(406) Pause Young (Concurrent Start) (G1 Evacuation Pause)
[175.325s][info][gc,task     ] GC(406) Using 2 workers of 2 for evacuation
[175.337s][info][gc,phases   ] GC(406)   Pre Evacuate Collection Set: 0.37ms
[175.337s][info][gc,phases   ] GC(406)   Merge Heap Roots: 0.15ms
[175.337s][info][gc,phases   ] GC(406)   Evacuate Collection Set: 9.93ms
[175.337s][info][gc,phases   ] GC(406)   Post Evacuate Collection Set: 0.85ms
[175.337s][info][gc,phases   ] GC(406)   Other: 0.15ms
[175.337s][info][gc,heap     ] GC(406) Eden regions: 340->0(338)
[175.337s][info][gc,heap     ] GC(406) Survivor regions: 14->15(45)
[175.337s][info][gc,heap     ] GC(406) Old regions: 56->56
[175.337s][info][gc,heap     ] GC(406) Humongous regions: 207->207
[175.337s][info][gc,metaspace] GC(406) Metaspace: 56670K(56960K)->56670K(56960K) NonClass: 48369K(48576K)->48369K(48576K) Class: 8300K(8384K)->8300K(8384K)
[175.337s][info][gc          ] GC(406) Pause Young (Concurrent Start) (G1 Evacuation Pause) 615M->276M(665M) 11.674ms
[175.337s][info][gc          ] GC(407) Concurrent Mark Cycle
[175.337s][info][gc,marking  ] GC(407) Concurrent Scan Root Regions
[175.340s][info][gc,cpu      ] GC(406) User=0.02s Sys=0.00s Real=0.01s
[175.353s][info][gc,marking  ] GC(407) Concurrent Scan Root Regions 15.878ms
[175.353s][info][gc,marking  ] GC(407) Concurrent Mark
[175.353s][info][gc,marking  ] GC(407) Concurrent Mark From Roots
[175.353s][info][gc,task     ] GC(407) Using 1 workers of 1 for marking
[175.409s][info][gc,marking  ] GC(407) Concurrent Mark From Roots 55.551ms
[175.409s][info][gc,marking  ] GC(407) Concurrent Preclean
[175.409s][info][gc,marking  ] GC(407) Concurrent Preclean 0.060ms
[175.409s][info][gc,start    ] GC(407) Pause Remark
[175.420s][info][gc          ] GC(407) Pause Remark 304M->304M(665M) 11.040ms
[175.420s][info][gc,cpu      ] GC(407) User=0.03s Sys=0.00s Real=0.01s
[175.421s][info][gc,marking  ] GC(407) Concurrent Mark 68.180ms
[175.421s][info][gc,marking  ] GC(407) Concurrent Rebuild Remembered Sets and Scrub Regions
[175.440s][info][gc,marking  ] GC(407) Concurrent Rebuild Remembered Sets and Scrub Regions 19.026ms
[175.440s][info][gc,start    ] GC(407) Pause Cleanup
[175.440s][info][gc          ] GC(407) Pause Cleanup 313M->313M(665M) 0.087ms
[175.440s][info][gc,cpu      ] GC(407) User=0.00s Sys=0.01s Real=0.00s
[175.441s][info][gc,marking  ] GC(407) Concurrent Clear Claimed Marks
[175.441s][info][gc,marking  ] GC(407) Concurrent Clear Claimed Marks 0.112ms
[175.441s][info][gc,marking  ] GC(407) Concurrent Cleanup for Next Mark
[175.444s][info][gc,marking  ] GC(407) Concurrent Cleanup for Next Mark 3.653ms
[175.444s][info][gc          ] GC(407) Concurrent Mark Cycle 107.319ms
[176.066s][info][gc,start    ] GC(408) Pause Young (Prepare Mixed) (G1 Evacuation Pause)
[176.066s][info][gc,task     ] GC(408) Using 2 workers of 2 for evacuation
[176.074s][info][gc,phases   ] GC(408)   Pre Evacuate Collection Set: 0.32ms
[176.074s][info][gc,phases   ] GC(408)   Merge Heap Roots: 0.17ms
[176.074s][info][gc,phases   ] GC(408)   Evacuate Collection Set: 6.72ms
[176.074s][info][gc,phases   ] GC(408)   Post Evacuate Collection Set: 0.80ms
[176.074s][info][gc,phases   ] GC(408)   Other: 0.12ms
[176.074s][info][gc,heap     ] GC(408) Eden regions: 338->0(340)
[176.074s][info][gc,heap     ] GC(408) Survivor regions: 15->14(45)
[176.074s][info][gc,heap     ] GC(408) Old regions: 56->56
[176.074s][info][gc,heap     ] GC(408) Humongous regions: 207->207
[176.074s][info][gc,metaspace] GC(408) Metaspace: 56670K(56960K)->56670K(56960K) NonClass: 48369K(48576K)->48369K(48576K) Class: 8300K(8384K)->8300K(8384K)
[176.074s][info][gc          ] GC(408) Pause Young (Prepare Mixed) (G1 Evacuation Pause) 614M->275M(665M) 8.380ms
[176.074s][info][gc,cpu      ] GC(408) User=0.02s Sys=0.00s Real=0.01s
[176.823s][info][gc,start    ] GC(409) Pause Young (Mixed) (G1 Evacuation Pause)
[176.823s][info][gc,task     ] GC(409) Using 2 workers of 2 for evacuation
[176.834s][info][gc,phases   ] GC(409)   Pre Evacuate Collection Set: 0.31ms
[176.834s][info][gc,phases   ] GC(409)   Merge Heap Roots: 0.13ms
[176.834s][info][gc,phases   ] GC(409)   Evacuate Collection Set: 8.97ms
[176.834s][info][gc,phases   ] GC(409)   Post Evacuate Collection Set: 0.84ms
[176.834s][info][gc,phases   ] GC(409)   Other: 0.13ms
[176.834s][info][gc,heap     ] GC(409) Eden regions: 340->0(341)
[176.834s][info][gc,heap     ] GC(409) Survivor regions: 14->14(45)
[176.834s][info][gc,heap     ] GC(409) Old regions: 56->55
[176.834s][info][gc,heap     ] GC(409) Humongous regions: 207->207
[176.834s][info][gc,metaspace] GC(409) Metaspace: 56670K(56960K)->56670K(56960K) NonClass: 48369K(48576K)->48369K(48576K) Class: 8300K(8384K)->8300K(8384K)
[176.834s][info][gc          ] GC(409) Pause Young (Mixed) (G1 Evacuation Pause) 615M->275M(665M) 10.607ms
[176.834s][info][gc,cpu      ] GC(409) User=0.02s Sys=0.00s Real=0.02s
[177.566s][info][gc,start    ] GC(410) Pause Young (Concurrent Start) (G1 Evacuation Pause)
[177.566s][info][gc,task     ] GC(410) Using 2 workers of 2 for evacuation
[177.580s][info][gc,phases   ] GC(410)   Pre Evacuate Collection Set: 0.39ms
[177.580s][info][gc,phases   ] GC(410)   Merge Heap Roots: 0.13ms
[177.580s][info][gc,phases   ] GC(410)   Evacuate Collection Set: 12.48ms
[177.580s][info][gc,phases   ] GC(410)   Post Evacuate Collection Set: 0.96ms
[177.580s][info][gc,phases   ] GC(410)   Other: 0.21ms
[177.580s][info][gc,heap     ] GC(410) Eden regions: 341->0(341)
[177.580s][info][gc,heap     ] GC(410) Survivor regions: 14->14(45)
[177.580s][info][gc,heap     ] GC(410) Old regions: 55->55
[177.580s][info][gc,heap     ] GC(410) Humongous regions: 207->207
[177.580s][info][gc,metaspace] GC(410) Metaspace: 56670K(56960K)->56670K(56960K) NonClass: 48369K(48576K)->48369K(48576K) Class: 8300K(8384K)->8300K(8384K)
[177.580s][info][gc          ] GC(410) Pause Young (Concurrent Start) (G1 Evacuation Pause) 616M->275M(665M) 14.480ms
[177.581s][info][gc          ] GC(411) Concurrent Mark Cycle
[177.581s][info][gc,marking  ] GC(411) Concurrent Scan Root Regions
[177.583s][info][gc,cpu      ] GC(410) User=0.02s Sys=0.00s Real=0.01s
[177.594s][info][gc,marking  ] GC(411) Concurrent Scan Root Regions 13.511ms
[177.594s][info][gc,marking  ] GC(411) Concurrent Mark
[177.594s][info][gc,marking  ] GC(411) Concurrent Mark From Roots
[177.594s][info][gc,task     ] GC(411) Using 1 workers of 1 for marking
[177.688s][info][gc,marking  ] GC(411) Concurrent Mark From Roots 94.257ms
[177.688s][info][gc,marking  ] GC(411) Concurrent Preclean
[177.688s][info][gc,marking  ] GC(411) Concurrent Preclean 0.050ms
[177.689s][info][gc,start    ] GC(411) Pause Remark
[177.699s][info][gc          ] GC(411) Pause Remark 324M->324M(665M) 10.398ms
[177.699s][info][gc,cpu      ] GC(411) User=0.02s Sys=0.00s Real=0.01s
[177.702s][info][gc,marking  ] GC(411) Concurrent Mark 107.749ms
[177.702s][info][gc,marking  ] GC(411) Concurrent Rebuild Remembered Sets and Scrub Regions
[177.736s][info][gc,marking  ] GC(411) Concurrent Rebuild Remembered Sets and Scrub Regions 33.753ms
[177.736s][info][gc,start    ] GC(411) Pause Cleanup
[177.736s][info][gc          ] GC(411) Pause Cleanup 344M->344M(665M) 0.085ms
[177.736s][info][gc,cpu      ] GC(411) User=0.00s Sys=0.00s Real=0.00s
[177.736s][info][gc,marking  ] GC(411) Concurrent Clear Claimed Marks
[177.736s][info][gc,marking  ] GC(411) Concurrent Clear Claimed Marks 0.097ms
[177.736s][info][gc,marking  ] GC(411) Concurrent Cleanup for Next Mark
[177.739s][info][gc,marking  ] GC(411) Concurrent Cleanup for Next Mark 2.812ms
[177.739s][info][gc          ] GC(411) Concurrent Mark Cycle 158.429ms
[178.427s][info][gc,start    ] GC(412) Pause Young (Prepare Mixed) (G1 Evacuation Pause)
[178.427s][info][gc,task     ] GC(412) Using 2 workers of 2 for evacuation
[178.438s][info][gc,phases   ] GC(412)   Pre Evacuate Collection Set: 0.31ms
[178.438s][info][gc,phases   ] GC(412)   Merge Heap Roots: 0.13ms
[178.438s][info][gc,phases   ] GC(412)   Evacuate Collection Set: 8.72ms
[178.438s][info][gc,phases   ] GC(412)   Post Evacuate Collection Set: 0.80ms
[178.438s][info][gc,phases   ] GC(412)   Other: 0.11ms
[178.438s][info][gc,heap     ] GC(412) Eden regions: 341->0(337)
[178.438s][info][gc,heap     ] GC(412) Survivor regions: 14->16(45)
[178.438s][info][gc,heap     ] GC(412) Old regions: 55->55
[178.438s][info][gc,heap     ] GC(412) Humongous regions: 207->207
[178.438s][info][gc,metaspace] GC(412) Metaspace: 56670K(56960K)->56670K(56960K) NonClass: 48369K(48576K)->48369K(48576K) Class: 8300K(8384K)->8300K(8384K)
[178.438s][info][gc          ] GC(412) Pause Young (Prepare Mixed) (G1 Evacuation Pause) 616M->277M(665M) 10.311ms
[178.438s][info][gc,cpu      ] GC(412) User=0.02s Sys=0.00s Real=0.01s
[179.144s][info][gc,start    ] GC(413) Pause Young (Mixed) (G1 Evacuation Pause)
[179.144s][info][gc,task     ] GC(413) Using 2 workers of 2 for evacuation
[179.156s][info][gc,phases   ] GC(413)   Pre Evacuate Collection Set: 0.31ms
[179.156s][info][gc,phases   ] GC(413)   Merge Heap Roots: 0.14ms
[179.156s][info][gc,phases   ] GC(413)   Evacuate Collection Set: 10.33ms
[179.156s][info][gc,phases   ] GC(413)   Post Evacuate Collection Set: 0.84ms
[179.156s][info][gc,phases   ] GC(413)   Other: 0.10ms
[179.156s][info][gc,heap     ] GC(413) Eden regions: 337->0(337)
[179.156s][info][gc,heap     ] GC(413) Survivor regions: 16->16(45)
[179.156s][info][gc,heap     ] GC(413) Old regions: 55->55
[179.156s][info][gc,heap     ] GC(413) Humongous regions: 207->207
[179.156s][info][gc,metaspace] GC(413) Metaspace: 56670K(56960K)->56670K(56960K) NonClass: 48369K(48576K)->48369K(48576K) Class: 8300K(8384K)->8300K(8384K)
[179.156s][info][gc          ] GC(413) Pause Young (Mixed) (G1 Evacuation Pause) 614M->277M(665M) 11.944ms
[179.156s][info][gc,cpu      ] GC(413) User=0.02s Sys=0.00s Real=0.01s
[179.910s][info][gc,start    ] GC(414) Pause Young (Concurrent Start) (G1 Evacuation Pause)
[179.910s][info][gc,task     ] GC(414) Using 2 workers of 2 for evacuation
[179.919s][info][gc,phases   ] GC(414)   Pre Evacuate Collection Set: 0.43ms
[179.919s][info][gc,phases   ] GC(414)   Merge Heap Roots: 0.13ms
[179.919s][info][gc,phases   ] GC(414)   Evacuate Collection Set: 7.56ms
[179.919s][info][gc,phases   ] GC(414)   Post Evacuate Collection Set: 0.97ms
[179.919s][info][gc,phases   ] GC(414)   Other: 0.18ms
[179.919s][info][gc,heap     ] GC(414) Eden regions: 337->0(339)
[179.919s][info][gc,heap     ] GC(414) Survivor regions: 16->15(45)
[179.919s][info][gc,heap     ] GC(414) Old regions: 55->55
[179.919s][info][gc,heap     ] GC(414) Humongous regions: 207->207
[179.919s][info][gc,metaspace] GC(414) Metaspace: 56670K(56960K)->56670K(56960K) NonClass: 48369K(48576K)->48369K(48576K) Class: 8300K(8384K)->8300K(8384K)
[179.919s][info][gc          ] GC(414) Pause Young (Concurrent Start) (G1 Evacuation Pause) 614M->276M(665M) 9.506ms
[179.920s][info][gc          ] GC(415) Concurrent Mark Cycle
[179.920s][info][gc,marking  ] GC(415) Concurrent Scan Root Regions
[179.921s][info][gc,cpu      ] GC(414) User=0.02s Sys=0.00s Real=0.01s
[179.929s][info][gc,marking  ] GC(415) Concurrent Scan Root Regions 9.260ms
[179.929s][info][gc,marking  ] GC(415) Concurrent Mark
[179.929s][info][gc,marking  ] GC(415) Concurrent Mark From Roots
[179.929s][info][gc,task     ] GC(415) Using 1 workers of 1 for marking
[179.982s][info][gc,marking  ] GC(415) Concurrent Mark From Roots 52.852ms
[179.982s][info][gc,marking  ] GC(415) Concurrent Preclean
[179.982s][info][gc,marking  ] GC(415) Concurrent Preclean 0.049ms
[179.983s][info][gc,start    ] GC(415) Pause Remark
[179.995s][info][gc          ] GC(415) Pause Remark 309M->309M(665M) 12.042ms
[179.995s][info][gc,cpu      ] GC(415) User=0.02s Sys=0.00s Real=0.02s
[179.995s][info][gc,marking  ] GC(415) Concurrent Mark 66.546ms
[179.995s][info][gc,marking  ] GC(415) Concurrent Rebuild Remembered Sets and Scrub Regions
[180.019s][info][gc,marking  ] GC(415) Concurrent Rebuild Remembered Sets and Scrub Regions 23.860ms
[180.019s][info][gc,start    ] GC(415) Pause Cleanup
[180.020s][info][gc          ] GC(415) Pause Cleanup 320M->320M(665M) 0.102ms
[180.020s][info][gc,cpu      ] GC(415) User=0.00s Sys=0.00s Real=0.00s
[180.020s][info][gc,marking  ] GC(415) Concurrent Clear Claimed Marks
[180.020s][info][gc,marking  ] GC(415) Concurrent Clear Claimed Marks 0.093ms
[180.020s][info][gc,marking  ] GC(415) Concurrent Cleanup for Next Mark
[180.022s][info][gc,marking  ] GC(415) Concurrent Cleanup for Next Mark 2.271ms
[180.022s][info][gc          ] GC(415) Concurrent Mark Cycle 102.529ms
[180.641s][info][gc,start    ] GC(416) Pause Young (Prepare Mixed) (G1 Evacuation Pause)
[180.641s][info][gc,task     ] GC(416) Using 2 workers of 2 for evacuation
[180.650s][info][gc,phases   ] GC(416)   Pre Evacuate Collection Set: 0.29ms
[180.650s][info][gc,phases   ] GC(416)   Merge Heap Roots: 0.16ms
[180.650s][info][gc,phases   ] GC(416)   Evacuate Collection Set: 7.92ms
[180.650s][info][gc,phases   ] GC(416)   Post Evacuate Collection Set: 0.79ms
[180.650s][info][gc,phases   ] GC(416)   Other: 0.09ms
[180.650s][info][gc,heap     ] GC(416) Eden regions: 339->0(337)
[180.650s][info][gc,heap     ] GC(416) Survivor regions: 15->16(45)
[180.650s][info][gc,heap     ] GC(416) Old regions: 55->55
[180.650s][info][gc,heap     ] GC(416) Humongous regions: 207->207
[180.650s][info][gc,metaspace] GC(416) Metaspace: 56670K(56960K)->56670K(56960K) NonClass: 48369K(48576K)->48369K(48576K) Class: 8300K(8384K)->8300K(8384K)
[180.650s][info][gc          ] GC(416) Pause Young (Prepare Mixed) (G1 Evacuation Pause) 615M->277M(665M) 9.474ms
[180.650s][info][gc,cpu      ] GC(416) User=0.02s Sys=0.00s Real=0.01s
[181.407s][info][gc,start    ] GC(417) Pause Young (Mixed) (G1 Evacuation Pause)
[181.407s][info][gc,task     ] GC(417) Using 2 workers of 2 for evacuation
[181.416s][info][gc,phases   ] GC(417)   Pre Evacuate Collection Set: 0.31ms
[181.416s][info][gc,phases   ] GC(417)   Merge Heap Roots: 0.17ms
[181.416s][info][gc,phases   ] GC(417)   Evacuate Collection Set: 7.10ms
[181.416s][info][gc,phases   ] GC(417)   Post Evacuate Collection Set: 0.79ms
[181.416s][info][gc,phases   ] GC(417)   Other: 0.11ms
[181.416s][info][gc,heap     ] GC(417) Eden regions: 337->0(339)
[181.416s][info][gc,heap     ] GC(417) Survivor regions: 16->15(45)
[181.416s][info][gc,heap     ] GC(417) Old regions: 55->55
[181.416s][info][gc,heap     ] GC(417) Humongous regions: 207->207
[181.416s][info][gc,metaspace] GC(417) Metaspace: 56670K(56960K)->56670K(56960K) NonClass: 48369K(48576K)->48369K(48576K) Class: 8300K(8384K)->8300K(8384K)
[181.416s][info][gc          ] GC(417) Pause Young (Mixed) (G1 Evacuation Pause) 614M->276M(665M) 8.722ms
[181.416s][info][gc,cpu      ] GC(417) User=0.02s Sys=0.00s Real=0.01s
[182.130s][info][gc,start    ] GC(418) Pause Young (Concurrent Start) (G1 Evacuation Pause)
[182.130s][info][gc,task     ] GC(418) Using 2 workers of 2 for evacuation
[182.141s][info][gc,phases   ] GC(418)   Pre Evacuate Collection Set: 0.33ms
[182.141s][info][gc,phases   ] GC(418)   Merge Heap Roots: 0.18ms
[182.141s][info][gc,phases   ] GC(418)   Evacuate Collection Set: 9.87ms
[182.141s][info][gc,phases   ] GC(418)   Post Evacuate Collection Set: 0.78ms
[182.141s][info][gc,phases   ] GC(418)   Other: 0.15ms
[182.141s][info][gc,heap     ] GC(418) Eden regions: 339->0(337)
[182.141s][info][gc,heap     ] GC(418) Survivor regions: 15->16(45)
[182.141s][info][gc,heap     ] GC(418) Old regions: 55->55
[182.141s][info][gc,heap     ] GC(418) Humongous regions: 207->207
[182.142s][info][gc,metaspace] GC(418) Metaspace: 56670K(56960K)->56670K(56960K) NonClass: 48369K(48576K)->48369K(48576K) Class: 8300K(8384K)->8300K(8384K)
[182.142s][info][gc          ] GC(418) Pause Young (Concurrent Start) (G1 Evacuation Pause) 615M->277M(665M) 11.571ms
[182.142s][info][gc          ] GC(419) Concurrent Mark Cycle
[182.142s][info][gc,marking  ] GC(419) Concurrent Scan Root Regions
[182.143s][info][gc,cpu      ] GC(418) User=0.02s Sys=0.00s Real=0.01s
[182.154s][info][gc,marking  ] GC(419) Concurrent Scan Root Regions 12.038ms
[182.154s][info][gc,marking  ] GC(419) Concurrent Mark
[182.154s][info][gc,marking  ] GC(419) Concurrent Mark From Roots
[182.154s][info][gc,task     ] GC(419) Using 1 workers of 1 for marking
[182.205s][info][gc,marking  ] GC(419) Concurrent Mark From Roots 51.045ms
[182.205s][info][gc,marking  ] GC(419) Concurrent Preclean
[182.205s][info][gc,marking  ] GC(419) Concurrent Preclean 0.055ms
[182.205s][info][gc,start    ] GC(419) Pause Remark
[182.215s][info][gc          ] GC(419) Pause Remark 302M->302M(665M) 10.036ms
[182.215s][info][gc,cpu      ] GC(419) User=0.02s Sys=0.00s Real=0.01s
[182.216s][info][gc,marking  ] GC(419) Concurrent Mark 62.659ms
[182.216s][info][gc,marking  ] GC(419) Concurrent Rebuild Remembered Sets and Scrub Regions
[182.251s][info][gc,marking  ] GC(419) Concurrent Rebuild Remembered Sets and Scrub Regions 34.377ms
[182.251s][info][gc,start    ] GC(419) Pause Cleanup
[182.251s][info][gc          ] GC(419) Pause Cleanup 324M->324M(665M) 0.083ms
[182.251s][info][gc,cpu      ] GC(419) User=0.00s Sys=0.00s Real=0.00s
[182.251s][info][gc,marking  ] GC(419) Concurrent Clear Claimed Marks
[182.251s][info][gc,marking  ] GC(419) Concurrent Clear Claimed Marks 0.091ms
[182.251s][info][gc,marking  ] GC(419) Concurrent Cleanup for Next Mark
[182.253s][info][gc,marking  ] GC(419) Concurrent Cleanup for Next Mark 2.019ms
[182.253s][info][gc          ] GC(419) Concurrent Mark Cycle 111.660ms
[182.873s][info][gc,start    ] GC(420) Pause Young (Prepare Mixed) (G1 Evacuation Pause)
[182.873s][info][gc,task     ] GC(420) Using 2 workers of 2 for evacuation
[182.880s][info][gc,phases   ] GC(420)   Pre Evacuate Collection Set: 0.29ms
[182.880s][info][gc,phases   ] GC(420)   Merge Heap Roots: 0.13ms
[182.880s][info][gc,phases   ] GC(420)   Evacuate Collection Set: 6.21ms
[182.880s][info][gc,phases   ] GC(420)   Post Evacuate Collection Set: 0.80ms
[182.880s][info][gc,phases   ] GC(420)   Other: 0.12ms
[182.880s][info][gc,heap     ] GC(420) Eden regions: 337->0(339)
[182.880s][info][gc,heap     ] GC(420) Survivor regions: 16->15(45)
[182.880s][info][gc,heap     ] GC(420) Old regions: 55->55
[182.880s][info][gc,heap     ] GC(420) Humongous regions: 207->207
[182.880s][info][gc,metaspace] GC(420) Metaspace: 56670K(56960K)->56670K(56960K) NonClass: 48369K(48576K)->48369K(48576K) Class: 8300K(8384K)->8300K(8384K)
[182.880s][info][gc          ] GC(420) Pause Young (Prepare Mixed) (G1 Evacuation Pause) 614M->276M(665M) 7.794ms
[182.880s][info][gc,cpu      ] GC(420) User=0.01s Sys=0.00s Real=0.01s
[183.626s][info][gc,start    ] GC(421) Pause Young (Mixed) (G1 Evacuation Pause)
[183.626s][info][gc,task     ] GC(421) Using 2 workers of 2 for evacuation
[183.636s][info][gc,phases   ] GC(421)   Pre Evacuate Collection Set: 0.29ms
[183.636s][info][gc,phases   ] GC(421)   Merge Heap Roots: 0.13ms
[183.636s][info][gc,phases   ] GC(421)   Evacuate Collection Set: 8.65ms
[183.636s][info][gc,phases   ] GC(421)   Post Evacuate Collection Set: 0.77ms
[183.636s][info][gc,phases   ] GC(421)   Other: 0.11ms
[183.636s][info][gc,heap     ] GC(421) Eden regions: 339->0(337)
[183.636s][info][gc,heap     ] GC(421) Survivor regions: 15->16(45)
[183.636s][info][gc,heap     ] GC(421) Old regions: 55->55
[183.636s][info][gc,heap     ] GC(421) Humongous regions: 207->207
[183.636s][info][gc,metaspace] GC(421) Metaspace: 56673K(56960K)->56673K(56960K) NonClass: 48372K(48576K)->48372K(48576K) Class: 8300K(8384K)->8300K(8384K)
[183.636s][info][gc          ] GC(421) Pause Young (Mixed) (G1 Evacuation Pause) 615M->276M(665M) 10.197ms
[183.636s][info][gc,cpu      ] GC(421) User=0.02s Sys=0.00s Real=0.01s
[184.349s][info][gc,start    ] GC(422) Pause Young (Concurrent Start) (G1 Evacuation Pause)
[184.349s][info][gc,task     ] GC(422) Using 2 workers of 2 for evacuation
[184.358s][info][gc,phases   ] GC(422)   Pre Evacuate Collection Set: 0.31ms
[184.358s][info][gc,phases   ] GC(422)   Merge Heap Roots: 0.12ms
[184.358s][info][gc,phases   ] GC(422)   Evacuate Collection Set: 8.00ms
[184.358s][info][gc,phases   ] GC(422)   Post Evacuate Collection Set: 0.75ms
[184.358s][info][gc,phases   ] GC(422)   Other: 0.14ms
[184.358s][info][gc,heap     ] GC(422) Eden regions: 337->0(339)
[184.358s][info][gc,heap     ] GC(422) Survivor regions: 16->15(45)
[184.358s][info][gc,heap     ] GC(422) Old regions: 55->55
[184.358s][info][gc,heap     ] GC(422) Humongous regions: 207->207
[184.358s][info][gc,metaspace] GC(422) Metaspace: 56673K(56960K)->56673K(56960K) NonClass: 48372K(48576K)->48372K(48576K) Class: 8300K(8384K)->8300K(8384K)
[184.358s][info][gc          ] GC(422) Pause Young (Concurrent Start) (G1 Evacuation Pause) 613M->276M(665M) 9.520ms
[184.359s][info][gc,cpu      ] GC(422) User=0.02s Sys=0.00s Real=0.01s
[184.359s][info][gc          ] GC(423) Concurrent Mark Cycle
[184.360s][info][gc,marking  ] GC(423) Concurrent Scan Root Regions
[184.368s][info][gc,marking  ] GC(423) Concurrent Scan Root Regions 7.823ms
[184.368s][info][gc,marking  ] GC(423) Concurrent Mark
[184.368s][info][gc,marking  ] GC(423) Concurrent Mark From Roots
[184.368s][info][gc,task     ] GC(423) Using 1 workers of 1 for marking
[184.413s][info][gc,marking  ] GC(423) Concurrent Mark From Roots 45.307ms
[184.413s][info][gc,marking  ] GC(423) Concurrent Preclean
[184.413s][info][gc,marking  ] GC(423) Concurrent Preclean 0.046ms
[184.417s][info][gc,start    ] GC(423) Pause Remark
[184.446s][info][gc          ] GC(423) Pause Remark 282M->282M(665M) 29.044ms
[184.446s][info][gc,cpu      ] GC(423) User=0.02s Sys=0.00s Real=0.03s
[184.446s][info][gc,marking  ] GC(423) Concurrent Mark 77.768ms
[184.446s][info][gc,marking  ] GC(423) Concurrent Rebuild Remembered Sets and Scrub Regions
[184.475s][info][gc,marking  ] GC(423) Concurrent Rebuild Remembered Sets and Scrub Regions 29.182ms
[184.478s][info][gc,start    ] GC(423) Pause Cleanup
[184.478s][info][gc          ] GC(423) Pause Cleanup 283M->283M(665M) 0.115ms
[184.478s][info][gc,cpu      ] GC(423) User=0.00s Sys=0.00s Real=0.00s
[184.478s][info][gc,marking  ] GC(423) Concurrent Clear Claimed Marks
[184.478s][info][gc,marking  ] GC(423) Concurrent Clear Claimed Marks 0.095ms
[184.478s][info][gc,marking  ] GC(423) Concurrent Cleanup for Next Mark
[184.480s][info][gc,marking  ] GC(423) Concurrent Cleanup for Next Mark 2.124ms
[184.480s][info][gc          ] GC(423) Concurrent Mark Cycle 121.521ms
[185.117s][info][gc,start    ] GC(424) Pause Young (Prepare Mixed) (G1 Evacuation Pause)
[185.117s][info][gc,task     ] GC(424) Using 2 workers of 2 for evacuation
[185.125s][info][gc,phases   ] GC(424)   Pre Evacuate Collection Set: 0.32ms
[185.125s][info][gc,phases   ] GC(424)   Merge Heap Roots: 0.13ms
[185.125s][info][gc,phases   ] GC(424)   Evacuate Collection Set: 7.44ms
[185.125s][info][gc,phases   ] GC(424)   Post Evacuate Collection Set: 0.73ms
[185.125s][info][gc,phases   ] GC(424)   Other: 0.12ms
[185.125s][info][gc,heap     ] GC(424) Eden regions: 339->0(337)
[185.125s][info][gc,heap     ] GC(424) Survivor regions: 15->16(45)
[185.125s][info][gc,heap     ] GC(424) Old regions: 55->55
[185.125s][info][gc,heap     ] GC(424) Humongous regions: 207->207
[185.125s][info][gc,metaspace] GC(424) Metaspace: 56673K(56960K)->56673K(56960K) NonClass: 48372K(48576K)->48372K(48576K) Class: 8300K(8384K)->8300K(8384K)
[185.126s][info][gc          ] GC(424) Pause Young (Prepare Mixed) (G1 Evacuation Pause) 615M->276M(665M) 9.000ms
[185.126s][info][gc,cpu      ] GC(424) User=0.02s Sys=0.00s Real=0.01s
[185.834s][info][gc,start    ] GC(425) Pause Young (Mixed) (G1 Evacuation Pause)
[185.834s][info][gc,task     ] GC(425) Using 2 workers of 2 for evacuation
[185.847s][info][gc,phases   ] GC(425)   Pre Evacuate Collection Set: 0.30ms
[185.847s][info][gc,phases   ] GC(425)   Merge Heap Roots: 0.18ms
[185.847s][info][gc,phases   ] GC(425)   Evacuate Collection Set: 11.87ms
[185.847s][info][gc,phases   ] GC(425)   Post Evacuate Collection Set: 0.77ms
[185.847s][info][gc,phases   ] GC(425)   Other: 0.09ms
[185.847s][info][gc,heap     ] GC(425) Eden regions: 337->0(349)
[185.847s][info][gc,heap     ] GC(425) Survivor regions: 16->4(45)
[185.847s][info][gc,heap     ] GC(425) Old regions: 55->67
[185.847s][info][gc,heap     ] GC(425) Humongous regions: 207->207
[185.847s][info][gc,metaspace] GC(425) Metaspace: 56673K(56960K)->56673K(56960K) NonClass: 48372K(48576K)->48372K(48576K) Class: 8300K(8384K)->8300K(8384K)
[185.848s][info][gc          ] GC(425) Pause Young (Mixed) (G1 Evacuation Pause) 613M->277M(665M) 13.417ms
[185.848s][info][gc,cpu      ] GC(425) User=0.02s Sys=0.01s Real=0.01s
[186.620s][info][gc,start    ] GC(426) Pause Young (Concurrent Start) (G1 Evacuation Pause)
[186.620s][info][gc,task     ] GC(426) Using 2 workers of 2 for evacuation
[186.626s][info][gc,phases   ] GC(426)   Pre Evacuate Collection Set: 0.31ms
[186.626s][info][gc,phases   ] GC(426)   Merge Heap Roots: 0.12ms
[186.626s][info][gc,phases   ] GC(426)   Evacuate Collection Set: 4.00ms
[186.626s][info][gc,phases   ] GC(426)   Post Evacuate Collection Set: 0.71ms
[186.626s][info][gc,phases   ] GC(426)   Other: 0.11ms
[186.626s][info][gc,heap     ] GC(426) Eden regions: 349->0(351)
[186.626s][info][gc,heap     ] GC(426) Survivor regions: 4->3(45)
[186.626s][info][gc,heap     ] GC(426) Old regions: 67->67
[186.626s][info][gc,heap     ] GC(426) Humongous regions: 207->207
[186.626s][info][gc,metaspace] GC(426) Metaspace: 56673K(56960K)->56673K(56960K) NonClass: 48372K(48576K)->48372K(48576K) Class: 8300K(8384K)->8300K(8384K)
[186.626s][info][gc          ] GC(426) Pause Young (Concurrent Start) (G1 Evacuation Pause) 626M->276M(665M) 5.448ms
[186.626s][info][gc,cpu      ] GC(426) User=0.01s Sys=0.00s Real=0.01s
[186.626s][info][gc          ] GC(427) Concurrent Mark Cycle
[186.626s][info][gc,marking  ] GC(427) Concurrent Scan Root Regions
[186.630s][info][gc,marking  ] GC(427) Concurrent Scan Root Regions 4.327ms
[186.630s][info][gc,marking  ] GC(427) Concurrent Mark
[186.630s][info][gc,marking  ] GC(427) Concurrent Mark From Roots
[186.630s][info][gc,task     ] GC(427) Using 1 workers of 1 for marking
[186.694s][info][gc,marking  ] GC(427) Concurrent Mark From Roots 63.369ms
[186.694s][info][gc,marking  ] GC(427) Concurrent Preclean
[186.694s][info][gc,marking  ] GC(427) Concurrent Preclean 0.079ms
[186.694s][info][gc,start    ] GC(427) Pause Remark
[186.704s][info][gc          ] GC(427) Pause Remark 306M->284M(665M) 9.804ms
[186.704s][info][gc,cpu      ] GC(427) User=0.02s Sys=0.00s Real=0.01s
[186.705s][info][gc,marking  ] GC(427) Concurrent Mark 74.273ms
[186.705s][info][gc,marking  ] GC(427) Concurrent Rebuild Remembered Sets and Scrub Regions
[186.742s][info][gc,marking  ] GC(427) Concurrent Rebuild Remembered Sets and Scrub Regions 36.997ms
[186.742s][info][gc,start    ] GC(427) Pause Cleanup
[186.742s][info][gc          ] GC(427) Pause Cleanup 310M->310M(665M) 0.099ms
[186.742s][info][gc,cpu      ] GC(427) User=0.00s Sys=0.00s Real=0.00s
[186.743s][info][gc,marking  ] GC(427) Concurrent Clear Claimed Marks
[186.743s][info][gc,marking  ] GC(427) Concurrent Clear Claimed Marks 0.110ms
[186.743s][info][gc,marking  ] GC(427) Concurrent Cleanup for Next Mark
[186.747s][info][gc,marking  ] GC(427) Concurrent Cleanup for Next Mark 4.081ms
[186.747s][info][gc          ] GC(427) Concurrent Mark Cycle 120.867ms
[187.439s][info][gc,start    ] GC(428) Pause Young (Prepare Mixed) (G1 Evacuation Pause)
[187.439s][info][gc,task     ] GC(428) Using 2 workers of 2 for evacuation
[187.445s][info][gc,phases   ] GC(428)   Pre Evacuate Collection Set: 0.30ms
[187.445s][info][gc,phases   ] GC(428)   Merge Heap Roots: 0.15ms
[187.445s][info][gc,phases   ] GC(428)   Evacuate Collection Set: 4.96ms
[187.445s][info][gc,phases   ] GC(428)   Post Evacuate Collection Set: 0.71ms
[187.445s][info][gc,phases   ] GC(428)   Other: 0.09ms
[187.445s][info][gc,heap     ] GC(428) Eden regions: 351->0(369)
[187.445s][info][gc,heap     ] GC(428) Survivor regions: 3->5(45)
[187.445s][info][gc,heap     ] GC(428) Old regions: 45->45
[187.445s][info][gc,heap     ] GC(428) Humongous regions: 207->207
[187.445s][info][gc,metaspace] GC(428) Metaspace: 56673K(56960K)->56673K(56960K) NonClass: 48372K(48576K)->48372K(48576K) Class: 8300K(8384K)->8300K(8384K)
[187.445s][info][gc          ] GC(428) Pause Young (Prepare Mixed) (G1 Evacuation Pause) 605M->256M(665M) 6.449ms
[187.445s][info][gc,cpu      ] GC(428) User=0.01s Sys=0.01s Real=0.01s
[188.211s][info][gc,start    ] GC(429) Pause Young (Mixed) (G1 Evacuation Pause)
[188.211s][info][gc,task     ] GC(429) Using 2 workers of 2 for evacuation
[188.216s][info][gc,phases   ] GC(429)   Pre Evacuate Collection Set: 0.34ms
[188.216s][info][gc,phases   ] GC(429)   Merge Heap Roots: 0.14ms
[188.216s][info][gc,phases   ] GC(429)   Evacuate Collection Set: 3.85ms
[188.216s][info][gc,phases   ] GC(429)   Post Evacuate Collection Set: 0.88ms
[188.216s][info][gc,phases   ] GC(429)   Other: 0.11ms
[188.216s][info][gc,heap     ] GC(429) Eden regions: 369->0(376)
[188.216s][info][gc,heap     ] GC(429) Survivor regions: 5->3(47)
[188.216s][info][gc,heap     ] GC(429) Old regions: 45->42
[188.216s][info][gc,heap     ] GC(429) Humongous regions: 207->207
[188.216s][info][gc,metaspace] GC(429) Metaspace: 56673K(56960K)->56673K(56960K) NonClass: 48372K(48576K)->48372K(48576K) Class: 8300K(8384K)->8300K(8384K)
[188.216s][info][gc          ] GC(429) Pause Young (Mixed) (G1 Evacuation Pause) 625M->251M(665M) 5.521ms
[188.216s][info][gc,cpu      ] GC(429) User=0.01s Sys=0.00s Real=0.01s
[189.020s][info][gc,start    ] GC(430) Pause Young (Concurrent Start) (G1 Evacuation Pause)
[189.020s][info][gc,task     ] GC(430) Using 2 workers of 2 for evacuation
[189.027s][info][gc,phases   ] GC(430)   Pre Evacuate Collection Set: 0.37ms
[189.027s][info][gc,phases   ] GC(430)   Merge Heap Roots: 0.14ms
[189.027s][info][gc,phases   ] GC(430)   Evacuate Collection Set: 4.63ms
[189.027s][info][gc,phases   ] GC(430)   Post Evacuate Collection Set: 0.77ms
[189.027s][info][gc,phases   ] GC(430)   Other: 0.14ms
[189.027s][info][gc,heap     ] GC(430) Eden regions: 376->0(374)
[189.027s][info][gc,heap     ] GC(430) Survivor regions: 3->4(48)
[189.027s][info][gc,heap     ] GC(430) Old regions: 42->42
[189.027s][info][gc,heap     ] GC(430) Humongous regions: 207->207
[189.027s][info][gc,metaspace] GC(430) Metaspace: 56673K(56960K)->56673K(56960K) NonClass: 48372K(48576K)->48372K(48576K) Class: 8300K(8384K)->8300K(8384K)
[189.027s][info][gc          ] GC(430) Pause Young (Concurrent Start) (G1 Evacuation Pause) 627M->252M(665M) 6.298ms
[189.027s][info][gc,cpu      ] GC(430) User=0.01s Sys=0.00s Real=0.01s
[189.027s][info][gc          ] GC(431) Concurrent Mark Cycle
[189.030s][info][gc,marking  ] GC(431) Concurrent Scan Root Regions
[189.037s][info][gc,marking  ] GC(431) Concurrent Scan Root Regions 6.950ms
[189.037s][info][gc,marking  ] GC(431) Concurrent Mark
[189.037s][info][gc,marking  ] GC(431) Concurrent Mark From Roots
[189.037s][info][gc,task     ] GC(431) Using 1 workers of 1 for marking
[189.102s][info][gc,marking  ] GC(431) Concurrent Mark From Roots 65.586ms
[189.102s][info][gc,marking  ] GC(431) Concurrent Preclean
[189.102s][info][gc,marking  ] GC(431) Concurrent Preclean 0.077ms
[189.103s][info][gc,start    ] GC(431) Pause Remark
[189.112s][info][gc          ] GC(431) Pause Remark 281M->281M(665M) 9.385ms
[189.112s][info][gc,cpu      ] GC(431) User=0.01s Sys=0.00s Real=0.01s
[189.112s][info][gc,marking  ] GC(431) Concurrent Mark 75.365ms
[189.112s][info][gc,marking  ] GC(431) Concurrent Rebuild Remembered Sets and Scrub Regions
[189.134s][info][gc,marking  ] GC(431) Concurrent Rebuild Remembered Sets and Scrub Regions 21.992ms
[189.134s][info][gc,start    ] GC(431) Pause Cleanup
[189.134s][info][gc          ] GC(431) Pause Cleanup 293M->293M(665M) 0.102ms
[189.134s][info][gc,cpu      ] GC(431) User=0.00s Sys=0.00s Real=0.00s
[189.135s][info][gc,marking  ] GC(431) Concurrent Clear Claimed Marks
[189.135s][info][gc,marking  ] GC(431) Concurrent Clear Claimed Marks 0.108ms
[189.135s][info][gc,marking  ] GC(431) Concurrent Cleanup for Next Mark
[189.137s][info][gc,marking  ] GC(431) Concurrent Cleanup for Next Mark 2.026ms
[189.138s][info][gc          ] GC(431) Concurrent Mark Cycle 110.789ms
[190.035s][info][gc,start    ] GC(432) Pause Young (Prepare Mixed) (G1 Evacuation Pause)
[190.035s][info][gc,task     ] GC(432) Using 2 workers of 2 for evacuation
[190.042s][info][gc,phases   ] GC(432)   Pre Evacuate Collection Set: 0.35ms
[190.042s][info][gc,phases   ] GC(432)   Merge Heap Roots: 0.26ms
[190.042s][info][gc,phases   ] GC(432)   Evacuate Collection Set: 5.45ms
[190.042s][info][gc,phases   ] GC(432)   Post Evacuate Collection Set: 0.71ms
[190.042s][info][gc,phases   ] GC(432)   Other: 0.13ms
[190.042s][info][gc,heap     ] GC(432) Eden regions: 374->0(376)
[190.042s][info][gc,heap     ] GC(432) Survivor regions: 4->2(48)
[190.042s][info][gc,heap     ] GC(432) Old regions: 42->44
[190.042s][info][gc,heap     ] GC(432) Humongous regions: 207->207
[190.042s][info][gc,metaspace] GC(432) Metaspace: 56673K(56960K)->56673K(56960K) NonClass: 48372K(48576K)->48372K(48576K) Class: 8300K(8384K)->8300K(8384K)
[190.042s][info][gc          ] GC(432) Pause Young (Prepare Mixed) (G1 Evacuation Pause) 626M->252M(665M) 7.162ms
[190.042s][info][gc,cpu      ] GC(432) User=0.01s Sys=0.00s Real=0.00s
[190.854s][info][gc,start    ] GC(433) Pause Young (Mixed) (G1 Evacuation Pause)
[190.854s][info][gc,task     ] GC(433) Using 2 workers of 2 for evacuation
[190.860s][info][gc,phases   ] GC(433)   Pre Evacuate Collection Set: 0.33ms
[190.860s][info][gc,phases   ] GC(433)   Merge Heap Roots: 0.13ms
[190.860s][info][gc,phases   ] GC(433)   Evacuate Collection Set: 4.46ms
[190.860s][info][gc,phases   ] GC(433)   Post Evacuate Collection Set: 0.96ms
[190.860s][info][gc,phases   ] GC(433)   Other: 0.11ms
[190.860s][info][gc,heap     ] GC(433) Eden regions: 376->0(376)
[190.860s][info][gc,heap     ] GC(433) Survivor regions: 2->3(48)
[190.860s][info][gc,heap     ] GC(433) Old regions: 44->42
[190.860s][info][gc,heap     ] GC(433) Humongous regions: 207->207
[190.860s][info][gc,metaspace] GC(433) Metaspace: 56673K(56960K)->56673K(56960K) NonClass: 48372K(48576K)->48372K(48576K) Class: 8300K(8384K)->8300K(8384K)
[190.860s][info][gc          ] GC(433) Pause Young (Mixed) (G1 Evacuation Pause) 628M->250M(665M) 6.218ms
[190.860s][info][gc,cpu      ] GC(433) User=0.01s Sys=0.00s Real=0.00s
[191.709s][info][gc,start    ] GC(434) Pause Young (Concurrent Start) (G1 Evacuation Pause)
[191.709s][info][gc,task     ] GC(434) Using 2 workers of 2 for evacuation
[191.714s][info][gc,phases   ] GC(434)   Pre Evacuate Collection Set: 0.34ms
[191.714s][info][gc,phases   ] GC(434)   Merge Heap Roots: 0.13ms
[191.714s][info][gc,phases   ] GC(434)   Evacuate Collection Set: 3.68ms
[191.714s][info][gc,phases   ] GC(434)   Post Evacuate Collection Set: 0.78ms
[191.714s][info][gc,phases   ] GC(434)   Other: 0.15ms
[191.714s][info][gc,heap     ] GC(434) Eden regions: 376->0(380)
[191.714s][info][gc,heap     ] GC(434) Survivor regions: 3->1(48)
[191.714s][info][gc,heap     ] GC(434) Old regions: 42->42
[191.714s][info][gc,heap     ] GC(434) Humongous regions: 207->207
[191.715s][info][gc,metaspace] GC(434) Metaspace: 56675K(56960K)->56675K(56960K) NonClass: 48374K(48576K)->48374K(48576K) Class: 8300K(8384K)->8300K(8384K)
[191.715s][info][gc          ] GC(434) Pause Young (Concurrent Start) (G1 Evacuation Pause) 626M->249M(665M) 5.365ms
[191.715s][info][gc,cpu      ] GC(434) User=0.00s Sys=0.00s Real=0.01s
[191.715s][info][gc          ] GC(435) Concurrent Mark Cycle
[191.715s][info][gc,marking  ] GC(435) Concurrent Scan Root Regions
[191.722s][info][gc,marking  ] GC(435) Concurrent Scan Root Regions 6.353ms
[191.722s][info][gc,marking  ] GC(435) Concurrent Mark
[191.722s][info][gc,marking  ] GC(435) Concurrent Mark From Roots
[191.722s][info][gc,task     ] GC(435) Using 1 workers of 1 for marking
[191.772s][info][gc,marking  ] GC(435) Concurrent Mark From Roots 49.807ms
[191.772s][info][gc,marking  ] GC(435) Concurrent Preclean
[191.772s][info][gc,marking  ] GC(435) Concurrent Preclean 0.084ms
[191.772s][info][gc,start    ] GC(435) Pause Remark
[191.782s][info][gc          ] GC(435) Pause Remark 273M->273M(665M) 9.918ms
[191.782s][info][gc,cpu      ] GC(435) User=0.02s Sys=0.00s Real=0.01s
[191.783s][info][gc,marking  ] GC(435) Concurrent Mark 60.813ms
[191.783s][info][gc,marking  ] GC(435) Concurrent Rebuild Remembered Sets and Scrub Regions
[191.807s][info][gc,marking  ] GC(435) Concurrent Rebuild Remembered Sets and Scrub Regions 24.752ms
[191.808s][info][gc,start    ] GC(435) Pause Cleanup
[191.808s][info][gc          ] GC(435) Pause Cleanup 283M->283M(665M) 0.107ms
[191.808s][info][gc,cpu      ] GC(435) User=0.00s Sys=0.00s Real=0.00s
[191.808s][info][gc,marking  ] GC(435) Concurrent Clear Claimed Marks
[191.808s][info][gc,marking  ] GC(435) Concurrent Clear Claimed Marks 0.096ms
[191.808s][info][gc,marking  ] GC(435) Concurrent Cleanup for Next Mark
[191.810s][info][gc,marking  ] GC(435) Concurrent Cleanup for Next Mark 2.040ms
[191.810s][info][gc          ] GC(435) Concurrent Mark Cycle 95.219ms
[192.530s][info][gc,start    ] GC(436) Pause Young (Prepare Mixed) (G1 Evacuation Pause)
[192.530s][info][gc,task     ] GC(436) Using 2 workers of 2 for evacuation
[192.536s][info][gc,phases   ] GC(436)   Pre Evacuate Collection Set: 0.31ms
[192.536s][info][gc,phases   ] GC(436)   Merge Heap Roots: 0.13ms
[192.536s][info][gc,phases   ] GC(436)   Evacuate Collection Set: 5.24ms
[192.536s][info][gc,phases   ] GC(436)   Post Evacuate Collection Set: 0.76ms
[192.536s][info][gc,phases   ] GC(436)   Other: 0.12ms
[192.536s][info][gc,heap     ] GC(436) Eden regions: 380->0(376)
[192.536s][info][gc,heap     ] GC(436) Survivor regions: 1->3(48)
[192.536s][info][gc,heap     ] GC(436) Old regions: 42->42
[192.536s][info][gc,heap     ] GC(436) Humongous regions: 207->207
[192.536s][info][gc,metaspace] GC(436) Metaspace: 56675K(56960K)->56675K(56960K) NonClass: 48374K(48576K)->48374K(48576K) Class: 8300K(8384K)->8300K(8384K)
[192.536s][info][gc          ] GC(436) Pause Young (Prepare Mixed) (G1 Evacuation Pause) 629M->250M(665M) 6.854ms
[192.536s][info][gc,cpu      ] GC(436) User=0.01s Sys=0.00s Real=0.01s
[193.412s][info][gc,start    ] GC(437) Pause Young (Mixed) (G1 Evacuation Pause)
[193.412s][info][gc,task     ] GC(437) Using 2 workers of 2 for evacuation
[193.418s][info][gc,phases   ] GC(437)   Pre Evacuate Collection Set: 0.33ms
[193.418s][info][gc,phases   ] GC(437)   Merge Heap Roots: 0.14ms
[193.418s][info][gc,phases   ] GC(437)   Evacuate Collection Set: 4.73ms
[193.418s][info][gc,phases   ] GC(437)   Post Evacuate Collection Set: 0.72ms
[193.418s][info][gc,phases   ] GC(437)   Other: 0.11ms
[193.418s][info][gc,heap     ] GC(437) Eden regions: 376->0(378)
[193.418s][info][gc,heap     ] GC(437) Survivor regions: 3->3(48)
[193.418s][info][gc,heap     ] GC(437) Old regions: 42->40
[193.418s][info][gc,heap     ] GC(437) Humongous regions: 207->207
[193.418s][info][gc,metaspace] GC(437) Metaspace: 56679K(57024K)->56679K(57024K) NonClass: 48379K(48640K)->48379K(48640K) Class: 8300K(8384K)->8300K(8384K)
[193.418s][info][gc          ] GC(437) Pause Young (Mixed) (G1 Evacuation Pause) 626M->248M(665M) 6.271ms
[193.418s][info][gc,cpu      ] GC(437) User=0.01s Sys=0.00s Real=0.01s
[194.262s][info][gc,start    ] GC(438) Pause Young (Concurrent Start) (G1 Evacuation Pause)
[194.262s][info][gc,task     ] GC(438) Using 2 workers of 2 for evacuation
[194.270s][info][gc,phases   ] GC(438)   Pre Evacuate Collection Set: 0.32ms
[194.270s][info][gc,phases   ] GC(438)   Merge Heap Roots: 0.13ms
[194.270s][info][gc,phases   ] GC(438)   Evacuate Collection Set: 7.33ms
[194.270s][info][gc,phases   ] GC(438)   Post Evacuate Collection Set: 0.71ms
[194.270s][info][gc,phases   ] GC(438)   Other: 0.13ms
[194.270s][info][gc,heap     ] GC(438) Eden regions: 378->0(376)
[194.270s][info][gc,heap     ] GC(438) Survivor regions: 3->4(48)
[194.270s][info][gc,heap     ] GC(438) Old regions: 40->40
[194.270s][info][gc,heap     ] GC(438) Humongous regions: 207->207
[194.270s][info][gc,metaspace] GC(438) Metaspace: 56679K(57024K)->56679K(57024K) NonClass: 48379K(48640K)->48379K(48640K) Class: 8300K(8384K)->8300K(8384K)
[194.270s][info][gc          ] GC(438) Pause Young (Concurrent Start) (G1 Evacuation Pause) 626M->250M(665M) 8.842ms
[194.271s][info][gc          ] GC(439) Concurrent Mark Cycle
[194.271s][info][gc,marking  ] GC(439) Concurrent Scan Root Regions
[194.272s][info][gc,cpu      ] GC(438) User=0.01s Sys=0.00s Real=0.01s
[194.278s][info][gc,marking  ] GC(439) Concurrent Scan Root Regions 6.999ms
[194.278s][info][gc,marking  ] GC(439) Concurrent Mark
[194.278s][info][gc,marking  ] GC(439) Concurrent Mark From Roots
[194.278s][info][gc,task     ] GC(439) Using 1 workers of 1 for marking
[194.340s][info][gc,marking  ] GC(439) Concurrent Mark From Roots 62.881ms
[194.341s][info][gc,marking  ] GC(439) Concurrent Preclean
[194.341s][info][gc,marking  ] GC(439) Concurrent Preclean 0.088ms
[194.341s][info][gc,start    ] GC(439) Pause Remark
[194.351s][info][gc          ] GC(439) Pause Remark 277M->277M(665M) 10.449ms
[194.351s][info][gc,cpu      ] GC(439) User=0.02s Sys=0.00s Real=0.01s
[194.352s][info][gc,marking  ] GC(439) Concurrent Mark 74.703ms
[194.352s][info][gc,marking  ] GC(439) Concurrent Rebuild Remembered Sets and Scrub Regions
[194.373s][info][gc,marking  ] GC(439) Concurrent Rebuild Remembered Sets and Scrub Regions 20.508ms
[194.373s][info][gc,start    ] GC(439) Pause Cleanup
[194.373s][info][gc          ] GC(439) Pause Cleanup 283M->283M(665M) 0.106ms
[194.373s][info][gc,cpu      ] GC(439) User=0.00s Sys=0.00s Real=0.00s
[194.373s][info][gc,marking  ] GC(439) Concurrent Clear Claimed Marks
[194.373s][info][gc,marking  ] GC(439) Concurrent Clear Claimed Marks 0.116ms
[194.373s][info][gc,marking  ] GC(439) Concurrent Cleanup for Next Mark
[194.375s][info][gc,marking  ] GC(439) Concurrent Cleanup for Next Mark 2.143ms
[194.376s][info][gc          ] GC(439) Concurrent Mark Cycle 104.999ms
[195.032s][info][gc,start    ] GC(440) Pause Young (Prepare Mixed) (G1 Evacuation Pause)
[195.032s][info][gc,task     ] GC(440) Using 2 workers of 2 for evacuation
[195.048s][info][gc,phases   ] GC(440)   Pre Evacuate Collection Set: 0.33ms
[195.048s][info][gc,phases   ] GC(440)   Merge Heap Roots: 0.16ms
[195.048s][info][gc,phases   ] GC(440)   Evacuate Collection Set: 14.46ms
[195.048s][info][gc,phases   ] GC(440)   Post Evacuate Collection Set: 0.99ms
[195.048s][info][gc,phases   ] GC(440)   Other: 0.11ms
[195.048s][info][gc,heap     ] GC(440) Eden regions: 376->0(366)
[195.048s][info][gc,heap     ] GC(440) Survivor regions: 4->9(48)
[195.048s][info][gc,heap     ] GC(440) Old regions: 40->40
[195.048s][info][gc,heap     ] GC(440) Humongous regions: 207->207
[195.048s][info][gc,metaspace] GC(440) Metaspace: 56679K(57024K)->56679K(57024K) NonClass: 48379K(48640K)->48379K(48640K) Class: 8300K(8384K)->8300K(8384K)
[195.048s][info][gc          ] GC(440) Pause Young (Prepare Mixed) (G1 Evacuation Pause) 626M->255M(665M) 16.304ms
[195.048s][info][gc,cpu      ] GC(440) User=0.03s Sys=0.00s Real=0.02s
[195.835s][info][gc,start    ] GC(441) Pause Young (Mixed) (G1 Evacuation Pause)
[195.835s][info][gc,task     ] GC(441) Using 2 workers of 2 for evacuation
[195.846s][info][gc,phases   ] GC(441)   Pre Evacuate Collection Set: 0.30ms
[195.847s][info][gc,phases   ] GC(441)   Merge Heap Roots: 0.16ms
[195.847s][info][gc,phases   ] GC(441)   Evacuate Collection Set: 10.04ms
[195.847s][info][gc,phases   ] GC(441)   Post Evacuate Collection Set: 1.00ms
[195.847s][info][gc,phases   ] GC(441)   Other: 0.09ms
[195.847s][info][gc,heap     ] GC(441) Eden regions: 366->0(368)
[195.847s][info][gc,heap     ] GC(441) Survivor regions: 9->9(47)
[195.847s][info][gc,heap     ] GC(441) Old regions: 40->38
[195.847s][info][gc,heap     ] GC(441) Humongous regions: 207->207
[195.847s][info][gc,metaspace] GC(441) Metaspace: 56679K(57024K)->56679K(57024K) NonClass: 48379K(48640K)->48379K(48640K) Class: 8300K(8384K)->8300K(8384K)
[195.847s][info][gc          ] GC(441) Pause Young (Mixed) (G1 Evacuation Pause) 621M->253M(665M) 11.861ms
[195.847s][info][gc,cpu      ] GC(441) User=0.02s Sys=0.00s Real=0.01s
[196.638s][info][gc,start    ] GC(442) Pause Young (Concurrent Start) (G1 Evacuation Pause)
[196.638s][info][gc,task     ] GC(442) Using 2 workers of 2 for evacuation
[196.651s][info][gc,phases   ] GC(442)   Pre Evacuate Collection Set: 0.40ms
[196.651s][info][gc,phases   ] GC(442)   Merge Heap Roots: 0.12ms
[196.651s][info][gc,phases   ] GC(442)   Evacuate Collection Set: 11.38ms
[196.651s][info][gc,phases   ] GC(442)   Post Evacuate Collection Set: 0.81ms
[196.651s][info][gc,phases   ] GC(442)   Other: 0.20ms
[196.651s][info][gc,heap     ] GC(442) Eden regions: 368->0(368)
[196.651s][info][gc,heap     ] GC(442) Survivor regions: 9->9(48)
[196.651s][info][gc,heap     ] GC(442) Old regions: 38->38
[196.651s][info][gc,heap     ] GC(442) Humongous regions: 207->207
[196.651s][info][gc,metaspace] GC(442) Metaspace: 56679K(57024K)->56679K(57024K) NonClass: 48379K(48640K)->48379K(48640K) Class: 8300K(8384K)->8300K(8384K)
[196.651s][info][gc          ] GC(442) Pause Young (Concurrent Start) (G1 Evacuation Pause) 621M->253M(665M) 13.183ms
[196.651s][info][gc,cpu      ] GC(442) User=0.02s Sys=0.00s Real=0.01s
[196.652s][info][gc          ] GC(443) Concurrent Mark Cycle
[196.652s][info][gc,marking  ] GC(443) Concurrent Scan Root Regions
[196.670s][info][gc,marking  ] GC(443) Concurrent Scan Root Regions 18.899ms
[196.670s][info][gc,marking  ] GC(443) Concurrent Mark
[196.670s][info][gc,marking  ] GC(443) Concurrent Mark From Roots
[196.671s][info][gc,task     ] GC(443) Using 1 workers of 1 for marking
[196.728s][info][gc,marking  ] GC(443) Concurrent Mark From Roots 57.658ms
[196.728s][info][gc,marking  ] GC(443) Concurrent Preclean
[196.728s][info][gc,marking  ] GC(443) Concurrent Preclean 0.115ms
[196.729s][info][gc,start    ] GC(443) Pause Remark
[196.740s][info][gc          ] GC(443) Pause Remark 278M->278M(665M) 10.954ms
[196.740s][info][gc,cpu      ] GC(443) User=0.02s Sys=0.00s Real=0.01s
[196.741s][info][gc,marking  ] GC(443) Concurrent Mark 70.090ms
[196.741s][info][gc,marking  ] GC(443) Concurrent Rebuild Remembered Sets and Scrub Regions
[196.780s][info][gc,marking  ] GC(443) Concurrent Rebuild Remembered Sets and Scrub Regions 39.046ms
[196.780s][info][gc,start    ] GC(443) Pause Cleanup
[196.780s][info][gc          ] GC(443) Pause Cleanup 302M->302M(665M) 0.088ms
[196.780s][info][gc,cpu      ] GC(443) User=0.00s Sys=0.00s Real=0.00s
[196.780s][info][gc,marking  ] GC(443) Concurrent Clear Claimed Marks
[196.780s][info][gc,marking  ] GC(443) Concurrent Clear Claimed Marks 0.099ms
[196.780s][info][gc,marking  ] GC(443) Concurrent Cleanup for Next Mark
[196.786s][info][gc,marking  ] GC(443) Concurrent Cleanup for Next Mark 6.370ms
[196.787s][info][gc          ] GC(443) Concurrent Mark Cycle 135.029ms
[197.506s][info][gc,start    ] GC(444) Pause Young (Prepare Mixed) (G1 Evacuation Pause)
[197.506s][info][gc,task     ] GC(444) Using 2 workers of 2 for evacuation
[197.513s][info][gc,phases   ] GC(444)   Pre Evacuate Collection Set: 0.36ms
[197.514s][info][gc,phases   ] GC(444)   Merge Heap Roots: 0.16ms
[197.514s][info][gc,phases   ] GC(444)   Evacuate Collection Set: 6.39ms
[197.514s][info][gc,phases   ] GC(444)   Post Evacuate Collection Set: 0.81ms
[197.514s][info][gc,phases   ] GC(444)   Other: 0.14ms
[197.514s][info][gc,heap     ] GC(444) Eden regions: 368->0(376)
[197.514s][info][gc,heap     ] GC(444) Survivor regions: 9->5(48)
[197.514s][info][gc,heap     ] GC(444) Old regions: 38->38
[197.514s][info][gc,heap     ] GC(444) Humongous regions: 207->207
[197.514s][info][gc,metaspace] GC(444) Metaspace: 56679K(57024K)->56679K(57024K) NonClass: 48379K(48640K)->48379K(48640K) Class: 8300K(8384K)->8300K(8384K)
[197.514s][info][gc          ] GC(444) Pause Young (Prepare Mixed) (G1 Evacuation Pause) 621M->249M(665M) 8.153ms
[197.514s][info][gc,cpu      ] GC(444) User=0.01s Sys=0.00s Real=0.01s
[198.266s][info][gc,start    ] GC(445) Pause Young (Mixed) (G1 Evacuation Pause)
[198.266s][info][gc,task     ] GC(445) Using 2 workers of 2 for evacuation
[198.273s][info][gc,phases   ] GC(445)   Pre Evacuate Collection Set: 0.51ms
[198.273s][info][gc,phases   ] GC(445)   Merge Heap Roots: 0.19ms
[198.273s][info][gc,phases   ] GC(445)   Evacuate Collection Set: 5.59ms
[198.274s][info][gc,phases   ] GC(445)   Post Evacuate Collection Set: 0.85ms
[198.274s][info][gc,phases   ] GC(445)   Other: 0.10ms
[198.274s][info][gc,heap     ] GC(445) Eden regions: 376->0(379)
[198.274s][info][gc,heap     ] GC(445) Survivor regions: 5->4(48)
[198.274s][info][gc,heap     ] GC(445) Old regions: 38->37
[198.274s][info][gc,heap     ] GC(445) Humongous regions: 207->207
[198.274s][info][gc,metaspace] GC(445) Metaspace: 56679K(57024K)->56679K(57024K) NonClass: 48379K(48640K)->48379K(48640K) Class: 8300K(8384K)->8300K(8384K)
[198.274s][info][gc          ] GC(445) Pause Young (Mixed) (G1 Evacuation Pause) 625M->247M(665M) 7.494ms
[198.274s][info][gc,cpu      ] GC(445) User=0.01s Sys=0.00s Real=0.01s
[199.121s][info][gc,start    ] GC(446) Pause Young (Concurrent Start) (G1 Evacuation Pause)
[199.121s][info][gc,task     ] GC(446) Using 2 workers of 2 for evacuation
[199.127s][info][gc,phases   ] GC(446)   Pre Evacuate Collection Set: 0.35ms
[199.127s][info][gc,phases   ] GC(446)   Merge Heap Roots: 0.13ms
[199.127s][info][gc,phases   ] GC(446)   Evacuate Collection Set: 4.56ms
[199.127s][info][gc,phases   ] GC(446)   Post Evacuate Collection Set: 0.80ms
[199.127s][info][gc,phases   ] GC(446)   Other: 0.10ms
[199.127s][info][gc,heap     ] GC(446) Eden regions: 379->0(379)
[199.127s][info][gc,heap     ] GC(446) Survivor regions: 4->4(48)
[199.127s][info][gc,heap     ] GC(446) Old regions: 37->37
[199.127s][info][gc,heap     ] GC(446) Humongous regions: 207->207
[199.128s][info][gc,metaspace] GC(446) Metaspace: 56686K(57024K)->56686K(57024K) NonClass: 48385K(48640K)->48385K(48640K) Class: 8300K(8384K)->8300K(8384K)
[199.128s][info][gc          ] GC(446) Pause Young (Concurrent Start) (G1 Evacuation Pause) 626M->247M(665M) 6.183ms
[199.128s][info][gc          ] GC(447) Concurrent Mark Cycle
[199.128s][info][gc,marking  ] GC(447) Concurrent Scan Root Regions
[199.128s][info][gc,cpu      ] GC(446) User=0.01s Sys=0.00s Real=0.01s
[199.134s][info][gc,marking  ] GC(447) Concurrent Scan Root Regions 5.987ms
[199.134s][info][gc,marking  ] GC(447) Concurrent Mark
[199.134s][info][gc,marking  ] GC(447) Concurrent Mark From Roots
[199.134s][info][gc,task     ] GC(447) Using 1 workers of 1 for marking
[199.191s][info][gc,marking  ] GC(447) Concurrent Mark From Roots 57.112ms
[199.191s][info][gc,marking  ] GC(447) Concurrent Preclean
[199.191s][info][gc,marking  ] GC(447) Concurrent Preclean 0.219ms
[199.191s][info][gc,start    ] GC(447) Pause Remark
[199.202s][info][gc          ] GC(447) Pause Remark 278M->278M(665M) 11.097ms
[199.202s][info][gc,cpu      ] GC(447) User=0.02s Sys=0.00s Real=0.01s
[199.204s][info][gc,marking  ] GC(447) Concurrent Mark 70.011ms
[199.204s][info][gc,marking  ] GC(447) Concurrent Rebuild Remembered Sets and Scrub Regions
[199.255s][info][gc,marking  ] GC(447) Concurrent Rebuild Remembered Sets and Scrub Regions 51.232ms
[199.255s][info][gc,start    ] GC(447) Pause Cleanup
[199.255s][info][gc          ] GC(447) Pause Cleanup 312M->312M(665M) 0.088ms
[199.255s][info][gc,cpu      ] GC(447) User=0.00s Sys=0.00s Real=0.00s
[199.256s][info][gc,marking  ] GC(447) Concurrent Clear Claimed Marks
[199.256s][info][gc,marking  ] GC(447) Concurrent Clear Claimed Marks 0.107ms
[199.256s][info][gc,marking  ] GC(447) Concurrent Cleanup for Next Mark
[199.259s][info][gc,marking  ] GC(447) Concurrent Cleanup for Next Mark 2.541ms
[199.259s][info][gc          ] GC(447) Concurrent Mark Cycle 130.993ms
[199.936s][info][gc,start    ] GC(448) Pause Young (Prepare Mixed) (G1 Evacuation Pause)
[199.936s][info][gc,task     ] GC(448) Using 2 workers of 2 for evacuation
[199.942s][info][gc,phases   ] GC(448)   Pre Evacuate Collection Set: 0.29ms
[199.942s][info][gc,phases   ] GC(448)   Merge Heap Roots: 0.13ms
[199.942s][info][gc,phases   ] GC(448)   Evacuate Collection Set: 5.58ms
[199.943s][info][gc,phases   ] GC(448)   Post Evacuate Collection Set: 0.74ms
[199.943s][info][gc,phases   ] GC(448)   Other: 0.09ms
[199.943s][info][gc,heap     ] GC(448) Eden regions: 379->0(375)
[199.943s][info][gc,heap     ] GC(448) Survivor regions: 4->6(48)
[199.943s][info][gc,heap     ] GC(448) Old regions: 37->37
[199.943s][info][gc,heap     ] GC(448) Humongous regions: 207->207
[199.943s][info][gc,metaspace] GC(448) Metaspace: 56686K(57024K)->56686K(57024K) NonClass: 48385K(48640K)->48385K(48640K) Class: 8300K(8384K)->8300K(8384K)
[199.943s][info][gc          ] GC(448) Pause Young (Prepare Mixed) (G1 Evacuation Pause) 626M->249M(665M) 7.044ms
[199.943s][info][gc,cpu      ] GC(448) User=0.01s Sys=0.00s Real=0.00s
[200.764s][info][gc,start    ] GC(449) Pause Young (Mixed) (G1 Evacuation Pause)
[200.764s][info][gc,task     ] GC(449) Using 2 workers of 2 for evacuation
[200.770s][info][gc,phases   ] GC(449)   Pre Evacuate Collection Set: 0.29ms
[200.770s][info][gc,phases   ] GC(449)   Merge Heap Roots: 0.18ms
[200.770s][info][gc,phases   ] GC(449)   Evacuate Collection Set: 5.49ms
[200.770s][info][gc,phases   ] GC(449)   Post Evacuate Collection Set: 0.74ms
[200.770s][info][gc,phases   ] GC(449)   Other: 0.09ms
[200.770s][info][gc,heap     ] GC(449) Eden regions: 375->0(380)
[200.770s][info][gc,heap     ] GC(449) Survivor regions: 6->4(48)
[200.770s][info][gc,heap     ] GC(449) Old regions: 37->36
[200.770s][info][gc,heap     ] GC(449) Humongous regions: 207->207
[200.770s][info][gc,metaspace] GC(449) Metaspace: 56686K(57024K)->56686K(57024K) NonClass: 48385K(48640K)->48385K(48640K) Class: 8300K(8384K)->8300K(8384K)
[200.771s][info][gc          ] GC(449) Pause Young (Mixed) (G1 Evacuation Pause) 624M->246M(665M) 6.982ms
[200.771s][info][gc,cpu      ] GC(449) User=0.01s Sys=0.00s Real=0.01s
[201.771s][info][gc,start    ] GC(450) Pause Young (Concurrent Start) (G1 Evacuation Pause)
[201.771s][info][gc,task     ] GC(450) Using 2 workers of 2 for evacuation
[201.787s][info][gc,phases   ] GC(450)   Pre Evacuate Collection Set: 0.43ms
[201.787s][info][gc,phases   ] GC(450)   Merge Heap Roots: 0.14ms
[201.787s][info][gc,phases   ] GC(450)   Evacuate Collection Set: 14.61ms
[201.787s][info][gc,phases   ] GC(450)   Post Evacuate Collection Set: 0.77ms
[201.787s][info][gc,phases   ] GC(450)   Other: 0.17ms
[201.787s][info][gc,heap     ] GC(450) Eden regions: 380->0(380)
[201.787s][info][gc,heap     ] GC(450) Survivor regions: 4->4(48)
[201.787s][info][gc,heap     ] GC(450) Old regions: 36->36
[201.787s][info][gc,heap     ] GC(450) Humongous regions: 207->207
[201.787s][info][gc,metaspace] GC(450) Metaspace: 56686K(57024K)->56686K(57024K) NonClass: 48385K(48640K)->48385K(48640K) Class: 8300K(8384K)->8300K(8384K)
[201.787s][info][gc          ] GC(450) Pause Young (Concurrent Start) (G1 Evacuation Pause) 626M->246M(665M) 16.353ms
[201.787s][info][gc,cpu      ] GC(450) User=0.01s Sys=0.00s Real=0.02s
[201.787s][info][gc          ] GC(451) Concurrent Mark Cycle
[201.787s][info][gc,marking  ] GC(451) Concurrent Scan Root Regions
[201.798s][info][gc,marking  ] GC(451) Concurrent Scan Root Regions 10.177ms
[201.798s][info][gc,marking  ] GC(451) Concurrent Mark
[201.798s][info][gc,marking  ] GC(451) Concurrent Mark From Roots
[201.798s][info][gc,task     ] GC(451) Using 1 workers of 1 for marking
[201.898s][info][gc,marking  ] GC(451) Concurrent Mark From Roots 100.561ms
[201.898s][info][gc,marking  ] GC(451) Concurrent Preclean
[201.898s][info][gc,marking  ] GC(451) Concurrent Preclean 0.117ms
[201.899s][info][gc,start    ] GC(451) Pause Remark
[201.910s][info][gc          ] GC(451) Pause Remark 304M->304M(665M) 11.165ms
[201.910s][info][gc,cpu      ] GC(451) User=0.02s Sys=0.00s Real=0.01s
[201.910s][info][gc,marking  ] GC(451) Concurrent Mark 112.706ms
[201.910s][info][gc,marking  ] GC(451) Concurrent Rebuild Remembered Sets and Scrub Regions
[201.933s][info][gc,marking  ] GC(451) Concurrent Rebuild Remembered Sets and Scrub Regions 22.640ms
[201.933s][info][gc,start    ] GC(451) Pause Cleanup
[201.933s][info][gc          ] GC(451) Pause Cleanup 308M->308M(665M) 0.080ms
[201.933s][info][gc,cpu      ] GC(451) User=0.00s Sys=0.00s Real=0.00s
[201.933s][info][gc,marking  ] GC(451) Concurrent Clear Claimed Marks
[201.933s][info][gc,marking  ] GC(451) Concurrent Clear Claimed Marks 0.091ms
[201.933s][info][gc,marking  ] GC(451) Concurrent Cleanup for Next Mark
[201.936s][info][gc,marking  ] GC(451) Concurrent Cleanup for Next Mark 2.888ms
[201.936s][info][gc          ] GC(451) Concurrent Mark Cycle 148.980ms
[202.528s][info][gc,start    ] GC(452) Pause Young (Prepare Mixed) (G1 Evacuation Pause)
[202.528s][info][gc,task     ] GC(452) Using 2 workers of 2 for evacuation
[202.534s][info][gc,phases   ] GC(452)   Pre Evacuate Collection Set: 0.31ms
[202.534s][info][gc,phases   ] GC(452)   Merge Heap Roots: 0.17ms
[202.534s][info][gc,phases   ] GC(452)   Evacuate Collection Set: 5.00ms
[202.534s][info][gc,phases   ] GC(452)   Post Evacuate Collection Set: 0.80ms
[202.535s][info][gc,phases   ] GC(452)   Other: 0.09ms
[202.535s][info][gc,heap     ] GC(452) Eden regions: 380->0(376)
[202.535s][info][gc,heap     ] GC(452) Survivor regions: 4->6(48)
[202.535s][info][gc,heap     ] GC(452) Old regions: 36->36
[202.535s][info][gc,heap     ] GC(452) Humongous regions: 207->207
[202.535s][info][gc,metaspace] GC(452) Metaspace: 56686K(57024K)->56686K(57024K) NonClass: 48385K(48640K)->48385K(48640K) Class: 8300K(8384K)->8300K(8384K)
[202.535s][info][gc          ] GC(452) Pause Young (Prepare Mixed) (G1 Evacuation Pause) 626M->248M(665M) 6.614ms
[202.535s][info][gc,cpu      ] GC(452) User=0.01s Sys=0.00s Real=0.01s
[203.344s][info][gc,start    ] GC(453) Pause Young (Mixed) (G1 Evacuation Pause)
[203.344s][info][gc,task     ] GC(453) Using 2 workers of 2 for evacuation
[203.351s][info][gc,phases   ] GC(453)   Pre Evacuate Collection Set: 0.29ms
[203.351s][info][gc,phases   ] GC(453)   Merge Heap Roots: 0.14ms
[203.351s][info][gc,phases   ] GC(453)   Evacuate Collection Set: 5.66ms
[203.351s][info][gc,phases   ] GC(453)   Post Evacuate Collection Set: 0.72ms
[203.351s][info][gc,phases   ] GC(453)   Other: 0.09ms
[203.351s][info][gc,heap     ] GC(453) Eden regions: 376->0(376)
[203.351s][info][gc,heap     ] GC(453) Survivor regions: 6->6(48)
[203.351s][info][gc,heap     ] GC(453) Old regions: 36->36
[203.351s][info][gc,heap     ] GC(453) Humongous regions: 207->207
[203.351s][info][gc,metaspace] GC(453) Metaspace: 56686K(57024K)->56686K(57024K) NonClass: 48385K(48640K)->48385K(48640K) Class: 8300K(8384K)->8300K(8384K)
[203.351s][info][gc          ] GC(453) Pause Young (Mixed) (G1 Evacuation Pause) 624M->248M(665M) 7.127ms
[203.351s][info][gc,cpu      ] GC(453) User=0.01s Sys=0.00s Real=0.00s
[204.203s][info][gc,start    ] GC(454) Pause Young (Concurrent Start) (G1 Evacuation Pause)
[204.203s][info][gc,task     ] GC(454) Using 2 workers of 2 for evacuation
[204.207s][info][gc,phases   ] GC(454)   Pre Evacuate Collection Set: 0.30ms
[204.207s][info][gc,phases   ] GC(454)   Merge Heap Roots: 0.11ms
[204.207s][info][gc,phases   ] GC(454)   Evacuate Collection Set: 2.91ms
[204.207s][info][gc,phases   ] GC(454)   Post Evacuate Collection Set: 0.71ms
[204.207s][info][gc,phases   ] GC(454)   Other: 0.11ms
[204.207s][info][gc,heap     ] GC(454) Eden regions: 376->0(378)
[204.207s][info][gc,heap     ] GC(454) Survivor regions: 6->5(48)
[204.207s][info][gc,heap     ] GC(454) Old regions: 36->36
[204.207s][info][gc,heap     ] GC(454) Humongous regions: 207->207
[204.207s][info][gc,metaspace] GC(454) Metaspace: 56687K(57024K)->56687K(57024K) NonClass: 48386K(48640K)->48386K(48640K) Class: 8300K(8384K)->8300K(8384K)
[204.207s][info][gc          ] GC(454) Pause Young (Concurrent Start) (G1 Evacuation Pause) 624M->247M(665M) 4.349ms
[204.207s][info][gc          ] GC(455) Concurrent Mark Cycle
[204.207s][info][gc,marking  ] GC(455) Concurrent Scan Root Regions
[204.209s][info][gc,cpu      ] GC(454) User=0.01s Sys=0.00s Real=0.01s
[204.209s][info][gc,marking  ] GC(455) Concurrent Scan Root Regions 1.804ms
[204.209s][info][gc,marking  ] GC(455) Concurrent Mark
[204.209s][info][gc,marking  ] GC(455) Concurrent Mark From Roots
[204.209s][info][gc,task     ] GC(455) Using 1 workers of 1 for marking
[204.267s][info][gc,marking  ] GC(455) Concurrent Mark From Roots 57.889ms
[204.267s][info][gc,marking  ] GC(455) Concurrent Preclean
[204.267s][info][gc,marking  ] GC(455) Concurrent Preclean 0.088ms
[204.267s][info][gc,start    ] GC(455) Pause Remark
[204.277s][info][gc          ] GC(455) Pause Remark 281M->281M(665M) 9.605ms
[204.277s][info][gc,cpu      ] GC(455) User=0.02s Sys=0.00s Real=0.01s
[204.278s][info][gc,marking  ] GC(455) Concurrent Mark 69.193ms
[204.278s][info][gc,marking  ] GC(455) Concurrent Rebuild Remembered Sets and Scrub Regions
[204.300s][info][gc,marking  ] GC(455) Concurrent Rebuild Remembered Sets and Scrub Regions 21.783ms
[204.301s][info][gc,start    ] GC(455) Pause Cleanup
[204.301s][info][gc          ] GC(455) Pause Cleanup 291M->291M(665M) 0.102ms
[204.301s][info][gc,cpu      ] GC(455) User=0.00s Sys=0.00s Real=0.00s
[204.301s][info][gc,marking  ] GC(455) Concurrent Clear Claimed Marks
[204.301s][info][gc,marking  ] GC(455) Concurrent Clear Claimed Marks 0.097ms
[204.301s][info][gc,marking  ] GC(455) Concurrent Cleanup for Next Mark
[204.303s][info][gc,marking  ] GC(455) Concurrent Cleanup for Next Mark 2.319ms
[204.303s][info][gc          ] GC(455) Concurrent Mark Cycle 96.279ms
[205.039s][info][gc,start    ] GC(456) Pause Young (Prepare Mixed) (G1 Evacuation Pause)
[205.039s][info][gc,task     ] GC(456) Using 2 workers of 2 for evacuation
[205.054s][info][gc,phases   ] GC(456)   Pre Evacuate Collection Set: 0.47ms
[205.054s][info][gc,phases   ] GC(456)   Merge Heap Roots: 0.17ms
[205.054s][info][gc,phases   ] GC(456)   Evacuate Collection Set: 13.12ms
[205.054s][info][gc,phases   ] GC(456)   Post Evacuate Collection Set: 1.00ms
[205.054s][info][gc,phases   ] GC(456)   Other: 0.14ms
[205.054s][info][gc,heap     ] GC(456) Eden regions: 378->0(374)
[205.054s][info][gc,heap     ] GC(456) Survivor regions: 5->7(48)
[205.054s][info][gc,heap     ] GC(456) Old regions: 36->36
[205.054s][info][gc,heap     ] GC(456) Humongous regions: 207->207
[205.054s][info][gc,metaspace] GC(456) Metaspace: 56687K(57024K)->56687K(57024K) NonClass: 48386K(48640K)->48386K(48640K) Class: 8300K(8384K)->8300K(8384K)
[205.054s][info][gc          ] GC(456) Pause Young (Prepare Mixed) (G1 Evacuation Pause) 625M->249M(665M) 15.167ms
[205.054s][info][gc,cpu      ] GC(456) User=0.02s Sys=0.00s Real=0.02s
[205.838s][info][gc,start    ] GC(457) Pause Young (Mixed) (G1 Evacuation Pause)
[205.838s][info][gc,task     ] GC(457) Using 2 workers of 2 for evacuation
[205.879s][info][gc,phases   ] GC(457)   Pre Evacuate Collection Set: 2.33ms
[205.879s][info][gc,phases   ] GC(457)   Merge Heap Roots: 0.27ms
[205.879s][info][gc,phases   ] GC(457)   Evacuate Collection Set: 35.10ms
[205.879s][info][gc,phases   ] GC(457)   Post Evacuate Collection Set: 3.51ms
[205.880s][info][gc,phases   ] GC(457)   Other: 0.10ms
[205.880s][info][gc,heap     ] GC(457) Eden regions: 374->0(375)
[205.880s][info][gc,heap     ] GC(457) Survivor regions: 7->7(48)
[205.880s][info][gc,heap     ] GC(457) Old regions: 36->35
[205.880s][info][gc,heap     ] GC(457) Humongous regions: 207->207
[205.880s][info][gc,metaspace] GC(457) Metaspace: 56687K(57024K)->56687K(57024K) NonClass: 48386K(48640K)->48386K(48640K) Class: 8300K(8384K)->8300K(8384K)
[205.880s][info][gc          ] GC(457) Pause Young (Mixed) (G1 Evacuation Pause) 623M->248M(665M) 41.557ms
[205.880s][info][gc,cpu      ] GC(457) User=0.03s Sys=0.00s Real=0.04s
[206.656s][info][gc,start    ] GC(458) Pause Young (Concurrent Start) (G1 Evacuation Pause)
[206.656s][info][gc,task     ] GC(458) Using 2 workers of 2 for evacuation
[206.669s][info][gc,phases   ] GC(458)   Pre Evacuate Collection Set: 0.36ms
[206.669s][info][gc,phases   ] GC(458)   Merge Heap Roots: 0.11ms
[206.670s][info][gc,phases   ] GC(458)   Evacuate Collection Set: 12.06ms
[206.670s][info][gc,phases   ] GC(458)   Post Evacuate Collection Set: 1.14ms
[206.670s][info][gc,phases   ] GC(458)   Other: 0.17ms
[206.670s][info][gc,heap     ] GC(458) Eden regions: 375->0(375)
[206.670s][info][gc,heap     ] GC(458) Survivor regions: 7->7(48)
[206.670s][info][gc,heap     ] GC(458) Old regions: 35->35
[206.670s][info][gc,heap     ] GC(458) Humongous regions: 207->207
[206.670s][info][gc,metaspace] GC(458) Metaspace: 56687K(57024K)->56687K(57024K) NonClass: 48386K(48640K)->48386K(48640K) Class: 8300K(8384K)->8300K(8384K)
[206.670s][info][gc          ] GC(458) Pause Young (Concurrent Start) (G1 Evacuation Pause) 623M->248M(665M) 14.111ms
[206.670s][info][gc,cpu      ] GC(458) User=0.02s Sys=0.00s Real=0.01s
[206.673s][info][gc          ] GC(459) Concurrent Mark Cycle
[206.673s][info][gc,marking  ] GC(459) Concurrent Scan Root Regions
[206.687s][info][gc,marking  ] GC(459) Concurrent Scan Root Regions 14.720ms
[206.687s][info][gc,marking  ] GC(459) Concurrent Mark
[206.687s][info][gc,marking  ] GC(459) Concurrent Mark From Roots
[206.687s][info][gc,task     ] GC(459) Using 1 workers of 1 for marking
[206.772s][info][gc,marking  ] GC(459) Concurrent Mark From Roots 84.095ms
[206.772s][info][gc,marking  ] GC(459) Concurrent Preclean
[206.772s][info][gc,marking  ] GC(459) Concurrent Preclean 0.110ms
[206.774s][info][gc,start    ] GC(459) Pause Remark
[206.810s][info][gc          ] GC(459) Pause Remark 250M->250M(665M) 35.261ms
[206.810s][info][gc,cpu      ] GC(459) User=0.03s Sys=0.00s Real=0.03s
[206.810s][info][gc,marking  ] GC(459) Concurrent Mark 122.815ms
[206.810s][info][gc,marking  ] GC(459) Concurrent Rebuild Remembered Sets and Scrub Regions
[206.845s][info][gc,marking  ] GC(459) Concurrent Rebuild Remembered Sets and Scrub Regions 34.455ms
[206.845s][info][gc,start    ] GC(459) Pause Cleanup
[206.845s][info][gc          ] GC(459) Pause Cleanup 254M->254M(665M) 0.084ms
[206.845s][info][gc,cpu      ] GC(459) User=0.00s Sys=0.00s Real=0.00s
[206.845s][info][gc,marking  ] GC(459) Concurrent Clear Claimed Marks
[206.845s][info][gc,marking  ] GC(459) Concurrent Clear Claimed Marks 0.096ms
[206.845s][info][gc,marking  ] GC(459) Concurrent Cleanup for Next Mark
[206.848s][info][gc,marking  ] GC(459) Concurrent Cleanup for Next Mark 3.145ms
[206.848s][info][gc          ] GC(459) Concurrent Mark Cycle 175.685ms
[207.568s][info][gc,start    ] GC(460) Pause Young (Prepare Mixed) (G1 Evacuation Pause)
[207.568s][info][gc,task     ] GC(460) Using 2 workers of 2 for evacuation
[207.574s][info][gc,phases   ] GC(460)   Pre Evacuate Collection Set: 0.47ms
[207.574s][info][gc,phases   ] GC(460)   Merge Heap Roots: 0.19ms
[207.574s][info][gc,phases   ] GC(460)   Evacuate Collection Set: 4.39ms
[207.574s][info][gc,phases   ] GC(460)   Post Evacuate Collection Set: 0.81ms
[207.574s][info][gc,phases   ] GC(460)   Other: 0.10ms
[207.574s][info][gc,heap     ] GC(460) Eden regions: 375->0(382)
[207.574s][info][gc,heap     ] GC(460) Survivor regions: 7->2(48)
[207.574s][info][gc,heap     ] GC(460) Old regions: 35->38
[207.574s][info][gc,heap     ] GC(460) Humongous regions: 207->207
[207.574s][info][gc,metaspace] GC(460) Metaspace: 56690K(57024K)->56690K(57024K) NonClass: 48389K(48640K)->48389K(48640K) Class: 8300K(8384K)->8300K(8384K)
[207.574s][info][gc          ] GC(460) Pause Young (Prepare Mixed) (G1 Evacuation Pause) 623M->246M(665M) 6.199ms
[207.574s][info][gc,cpu      ] GC(460) User=0.01s Sys=0.00s Real=0.01s
[208.428s][info][gc,start    ] GC(461) Pause Young (Mixed) (G1 Evacuation Pause)
[208.428s][info][gc,task     ] GC(461) Using 2 workers of 2 for evacuation
[208.435s][info][gc,phases   ] GC(461)   Pre Evacuate Collection Set: 0.29ms
[208.435s][info][gc,phases   ] GC(461)   Merge Heap Roots: 0.18ms
[208.435s][info][gc,phases   ] GC(461)   Evacuate Collection Set: 5.76ms
[208.435s][info][gc,phases   ] GC(461)   Post Evacuate Collection Set: 0.78ms
[208.435s][info][gc,phases   ] GC(461)   Other: 0.14ms
[208.435s][info][gc,heap     ] GC(461) Eden regions: 382->0(379)
[208.435s][info][gc,heap     ] GC(461) Survivor regions: 2->4(48)
[208.435s][info][gc,heap     ] GC(461) Old regions: 38->37
[208.435s][info][gc,heap     ] GC(461) Humongous regions: 207->207
[208.435s][info][gc,metaspace] GC(461) Metaspace: 56690K(57024K)->56690K(57024K) NonClass: 48389K(48640K)->48389K(48640K) Class: 8300K(8384K)->8300K(8384K)
[208.435s][info][gc          ] GC(461) Pause Young (Mixed) (G1 Evacuation Pause) 628M->247M(665M) 7.383ms
[208.435s][info][gc,cpu      ] GC(461) User=0.02s Sys=0.00s Real=0.01s
[209.246s][info][gc,start    ] GC(462) Pause Young (Concurrent Start) (G1 Evacuation Pause)
[209.246s][info][gc,task     ] GC(462) Using 2 workers of 2 for evacuation
[209.252s][info][gc,phases   ] GC(462)   Pre Evacuate Collection Set: 0.34ms
[209.252s][info][gc,phases   ] GC(462)   Merge Heap Roots: 0.14ms
[209.252s][info][gc,phases   ] GC(462)   Evacuate Collection Set: 4.23ms
[209.252s][info][gc,phases   ] GC(462)   Post Evacuate Collection Set: 0.75ms
[209.252s][info][gc,phases   ] GC(462)   Other: 0.16ms
[209.252s][info][gc,heap     ] GC(462) Eden regions: 379->0(380)
[209.252s][info][gc,heap     ] GC(462) Survivor regions: 4->3(48)
[209.252s][info][gc,heap     ] GC(462) Old regions: 37->38
[209.252s][info][gc,heap     ] GC(462) Humongous regions: 207->207
[209.252s][info][gc,metaspace] GC(462) Metaspace: 56690K(57024K)->56690K(57024K) NonClass: 48389K(48640K)->48389K(48640K) Class: 8300K(8384K)->8300K(8384K)
[209.252s][info][gc          ] GC(462) Pause Young (Concurrent Start) (G1 Evacuation Pause) 626M->246M(665M) 5.842ms
[209.252s][info][gc,cpu      ] GC(462) User=0.01s Sys=0.00s Real=0.00s
[209.252s][info][gc          ] GC(463) Concurrent Mark Cycle
[209.252s][info][gc,marking  ] GC(463) Concurrent Scan Root Regions
[209.255s][info][gc,marking  ] GC(463) Concurrent Scan Root Regions 3.008ms
[209.255s][info][gc,marking  ] GC(463) Concurrent Mark
[209.255s][info][gc,marking  ] GC(463) Concurrent Mark From Roots
[209.255s][info][gc,task     ] GC(463) Using 1 workers of 1 for marking
[209.331s][info][gc,marking  ] GC(463) Concurrent Mark From Roots 75.870ms
[209.331s][info][gc,marking  ] GC(463) Concurrent Preclean
[209.331s][info][gc,marking  ] GC(463) Concurrent Preclean 0.124ms
[209.331s][info][gc,start    ] GC(463) Pause Remark
[209.341s][info][gc          ] GC(463) Pause Remark 280M->280M(665M) 10.168ms
[209.341s][info][gc,cpu      ] GC(463) User=0.02s Sys=0.01s Real=0.01s
[209.342s][info][gc,marking  ] GC(463) Concurrent Mark 87.433ms
[209.342s][info][gc,marking  ] GC(463) Concurrent Rebuild Remembered Sets and Scrub Regions
[209.381s][info][gc,marking  ] GC(463) Concurrent Rebuild Remembered Sets and Scrub Regions 39.052ms
[209.382s][info][gc,start    ] GC(463) Pause Cleanup
[209.382s][info][gc          ] GC(463) Pause Cleanup 303M->303M(665M) 0.086ms
[209.382s][info][gc,cpu      ] GC(463) User=0.00s Sys=0.00s Real=0.00s
[209.382s][info][gc,marking  ] GC(463) Concurrent Clear Claimed Marks
[209.382s][info][gc,marking  ] GC(463) Concurrent Clear Claimed Marks 0.093ms
[209.382s][info][gc,marking  ] GC(463) Concurrent Cleanup for Next Mark
[209.384s][info][gc,marking  ] GC(463) Concurrent Cleanup for Next Mark 2.123ms
[209.384s][info][gc          ] GC(463) Concurrent Mark Cycle 132.248ms
[210.172s][info][gc,start    ] GC(464) Pause Young (Prepare Mixed) (G1 Evacuation Pause)
[210.172s][info][gc,task     ] GC(464) Using 2 workers of 2 for evacuation
[210.176s][info][gc,phases   ] GC(464)   Pre Evacuate Collection Set: 0.31ms
[210.176s][info][gc,phases   ] GC(464)   Merge Heap Roots: 0.15ms
[210.176s][info][gc,phases   ] GC(464)   Evacuate Collection Set: 2.76ms
[210.177s][info][gc,phases   ] GC(464)   Post Evacuate Collection Set: 0.74ms
[210.177s][info][gc,phases   ] GC(464)   Other: 0.09ms
[210.177s][info][gc,heap     ] GC(464) Eden regions: 380->0(382)
[210.177s][info][gc,heap     ] GC(464) Survivor regions: 3->2(48)
[210.177s][info][gc,heap     ] GC(464) Old regions: 38->38
[210.177s][info][gc,heap     ] GC(464) Humongous regions: 207->207
[210.177s][info][gc,metaspace] GC(464) Metaspace: 56690K(57024K)->56690K(57024K) NonClass: 48389K(48640K)->48389K(48640K) Class: 8300K(8384K)->8300K(8384K)
[210.177s][info][gc          ] GC(464) Pause Young (Prepare Mixed) (G1 Evacuation Pause) 626M->246M(665M) 4.367ms
[210.177s][info][gc,cpu      ] GC(464) User=0.01s Sys=0.00s Real=0.01s
[210.932s][info][gc,start    ] GC(465) Pause Young (Mixed) (G1 Evacuation Pause)
[210.932s][info][gc,task     ] GC(465) Using 2 workers of 2 for evacuation
[210.942s][info][gc,phases   ] GC(465)   Pre Evacuate Collection Set: 0.32ms
[210.942s][info][gc,phases   ] GC(465)   Merge Heap Roots: 0.13ms
[210.942s][info][gc,phases   ] GC(465)   Evacuate Collection Set: 8.16ms
[210.942s][info][gc,phases   ] GC(465)   Post Evacuate Collection Set: 0.91ms
[210.942s][info][gc,phases   ] GC(465)   Other: 0.12ms
[210.942s][info][gc,heap     ] GC(465) Eden regions: 382->0(379)
[210.942s][info][gc,heap     ] GC(465) Survivor regions: 2->4(48)
[210.942s][info][gc,heap     ] GC(465) Old regions: 38->37
[210.942s][info][gc,heap     ] GC(465) Humongous regions: 207->207
[210.942s][info][gc,metaspace] GC(465) Metaspace: 56690K(57024K)->56690K(57024K) NonClass: 48389K(48640K)->48389K(48640K) Class: 8300K(8384K)->8300K(8384K)
[210.942s][info][gc          ] GC(465) Pause Young (Mixed) (G1 Evacuation Pause) 628M->247M(665M) 9.874ms
[210.942s][info][gc,cpu      ] GC(465) User=0.02s Sys=0.00s Real=0.01s
[211.745s][info][gc,start    ] GC(466) Pause Young (Concurrent Start) (G1 Evacuation Pause)
[211.745s][info][gc,task     ] GC(466) Using 2 workers of 2 for evacuation
[211.752s][info][gc,phases   ] GC(466)   Pre Evacuate Collection Set: 0.34ms
[211.752s][info][gc,phases   ] GC(466)   Merge Heap Roots: 0.12ms
[211.752s][info][gc,phases   ] GC(466)   Evacuate Collection Set: 5.43ms
[211.752s][info][gc,phases   ] GC(466)   Post Evacuate Collection Set: 1.01ms
[211.752s][info][gc,phases   ] GC(466)   Other: 0.15ms
[211.752s][info][gc,heap     ] GC(466) Eden regions: 379->0(379)
[211.752s][info][gc,heap     ] GC(466) Survivor regions: 4->4(48)
[211.752s][info][gc,heap     ] GC(466) Old regions: 37->37
[211.752s][info][gc,heap     ] GC(466) Humongous regions: 207->207
[211.752s][info][gc,metaspace] GC(466) Metaspace: 56690K(57024K)->56690K(57024K) NonClass: 48389K(48640K)->48389K(48640K) Class: 8300K(8384K)->8300K(8384K)
[211.752s][info][gc          ] GC(466) Pause Young (Concurrent Start) (G1 Evacuation Pause) 626M->247M(665M) 7.282ms
[211.752s][info][gc          ] GC(467) Concurrent Mark Cycle
[211.752s][info][gc,marking  ] GC(467) Concurrent Scan Root Regions
[211.754s][info][gc,cpu      ] GC(466) User=0.01s Sys=0.00s Real=0.01s
[211.756s][info][gc,marking  ] GC(467) Concurrent Scan Root Regions 3.245ms
[211.756s][info][gc,marking  ] GC(467) Concurrent Mark
[211.756s][info][gc,marking  ] GC(467) Concurrent Mark From Roots
[211.756s][info][gc,task     ] GC(467) Using 1 workers of 1 for marking
[211.825s][info][gc,marking  ] GC(467) Concurrent Mark From Roots 69.147ms
[211.825s][info][gc,marking  ] GC(467) Concurrent Preclean
[211.825s][info][gc,marking  ] GC(467) Concurrent Preclean 0.083ms
[211.825s][info][gc,start    ] GC(467) Pause Remark
[211.835s][info][gc          ] GC(467) Pause Remark 270M->270M(665M) 9.541ms
[211.835s][info][gc,cpu      ] GC(467) User=0.02s Sys=0.00s Real=0.01s
[211.835s][info][gc,marking  ] GC(467) Concurrent Mark 79.148ms
[211.835s][info][gc,marking  ] GC(467) Concurrent Rebuild Remembered Sets and Scrub Regions
[211.864s][info][gc,marking  ] GC(467) Concurrent Rebuild Remembered Sets and Scrub Regions 29.333ms
[211.864s][info][gc,start    ] GC(467) Pause Cleanup
[211.864s][info][gc          ] GC(467) Pause Cleanup 280M->280M(665M) 0.087ms
[211.865s][info][gc,cpu      ] GC(467) User=0.00s Sys=0.00s Real=0.00s
[211.865s][info][gc,marking  ] GC(467) Concurrent Clear Claimed Marks
[211.865s][info][gc,marking  ] GC(467) Concurrent Clear Claimed Marks 0.094ms
[211.865s][info][gc,marking  ] GC(467) Concurrent Cleanup for Next Mark
[211.867s][info][gc,marking  ] GC(467) Concurrent Cleanup for Next Mark 2.138ms
[211.867s][info][gc          ] GC(467) Concurrent Mark Cycle 114.441ms
[212.608s][info][gc,start    ] GC(468) Pause Young (Prepare Mixed) (G1 Evacuation Pause)
[212.608s][info][gc,task     ] GC(468) Using 2 workers of 2 for evacuation
[212.613s][info][gc,phases   ] GC(468)   Pre Evacuate Collection Set: 0.33ms
[212.613s][info][gc,phases   ] GC(468)   Merge Heap Roots: 0.15ms
[212.613s][info][gc,phases   ] GC(468)   Evacuate Collection Set: 3.63ms
[212.613s][info][gc,phases   ] GC(468)   Post Evacuate Collection Set: 0.80ms
[212.613s][info][gc,phases   ] GC(468)   Other: 0.12ms
[212.613s][info][gc,heap     ] GC(468) Eden regions: 379->0(381)
[212.613s][info][gc,heap     ] GC(468) Survivor regions: 4->3(48)
[212.613s][info][gc,heap     ] GC(468) Old regions: 37->37
[212.613s][info][gc,heap     ] GC(468) Humongous regions: 207->207
[212.613s][info][gc,metaspace] GC(468) Metaspace: 56690K(57024K)->56690K(57024K) NonClass: 48389K(48640K)->48389K(48640K) Class: 8300K(8384K)->8300K(8384K)
[212.613s][info][gc          ] GC(468) Pause Young (Prepare Mixed) (G1 Evacuation Pause) 626M->246M(665M) 5.280ms
[212.613s][info][gc,cpu      ] GC(468) User=0.01s Sys=0.00s Real=0.00s
[213.478s][info][gc,start    ] GC(469) Pause Young (Mixed) (G1 Evacuation Pause)
[213.478s][info][gc,task     ] GC(469) Using 2 workers of 2 for evacuation
[213.488s][info][gc,phases   ] GC(469)   Pre Evacuate Collection Set: 0.30ms
[213.488s][info][gc,phases   ] GC(469)   Merge Heap Roots: 0.15ms
[213.488s][info][gc,phases   ] GC(469)   Evacuate Collection Set: 8.51ms
[213.488s][info][gc,phases   ] GC(469)   Post Evacuate Collection Set: 0.79ms
[213.488s][info][gc,phases   ] GC(469)   Other: 0.09ms
[213.488s][info][gc,heap     ] GC(469) Eden regions: 381->0(377)
[213.488s][info][gc,heap     ] GC(469) Survivor regions: 3->5(48)
[213.488s][info][gc,heap     ] GC(469) Old regions: 37->37
[213.488s][info][gc,heap     ] GC(469) Humongous regions: 207->207
[213.488s][info][gc,metaspace] GC(469) Metaspace: 56690K(57024K)->56690K(57024K) NonClass: 48389K(48640K)->48389K(48640K) Class: 8300K(8384K)->8300K(8384K)
[213.488s][info][gc          ] GC(469) Pause Young (Mixed) (G1 Evacuation Pause) 627M->248M(665M) 10.043ms
[213.488s][info][gc,cpu      ] GC(469) User=0.02s Sys=0.00s Real=0.01s
[214.335s][info][gc,start    ] GC(470) Pause Young (Concurrent Start) (G1 Evacuation Pause)
[214.335s][info][gc,task     ] GC(470) Using 2 workers of 2 for evacuation
[214.341s][info][gc,phases   ] GC(470)   Pre Evacuate Collection Set: 0.33ms
[214.341s][info][gc,phases   ] GC(470)   Merge Heap Roots: 0.14ms
[214.341s][info][gc,phases   ] GC(470)   Evacuate Collection Set: 5.07ms
[214.341s][info][gc,phases   ] GC(470)   Post Evacuate Collection Set: 0.71ms
[214.341s][info][gc,phases   ] GC(470)   Other: 0.11ms
[214.341s][info][gc,heap     ] GC(470) Eden regions: 377->0(379)
[214.341s][info][gc,heap     ] GC(470) Survivor regions: 5->4(48)
[214.341s][info][gc,heap     ] GC(470) Old regions: 37->37
[214.341s][info][gc,heap     ] GC(470) Humongous regions: 207->207
[214.341s][info][gc,metaspace] GC(470) Metaspace: 56690K(57024K)->56690K(57024K) NonClass: 48389K(48640K)->48389K(48640K) Class: 8300K(8384K)->8300K(8384K)
[214.341s][info][gc          ] GC(470) Pause Young (Concurrent Start) (G1 Evacuation Pause) 624M->247M(665M) 6.558ms
[214.341s][info][gc          ] GC(471) Concurrent Mark Cycle
[214.341s][info][gc,marking  ] GC(471) Concurrent Scan Root Regions
[214.344s][info][gc,cpu      ] GC(470) User=0.02s Sys=0.01s Real=0.01s
[214.345s][info][gc,marking  ] GC(471) Concurrent Scan Root Regions 4.245ms
[214.345s][info][gc,marking  ] GC(471) Concurrent Mark
[214.345s][info][gc,marking  ] GC(471) Concurrent Mark From Roots
[214.345s][info][gc,task     ] GC(471) Using 1 workers of 1 for marking
[214.395s][info][gc,marking  ] GC(471) Concurrent Mark From Roots 50.020ms
[214.395s][info][gc,marking  ] GC(471) Concurrent Preclean
[214.396s][info][gc,marking  ] GC(471) Concurrent Preclean 0.116ms
[214.396s][info][gc,start    ] GC(471) Pause Remark
[214.405s][info][gc          ] GC(471) Pause Remark 257M->257M(665M) 9.580ms
[214.405s][info][gc,cpu      ] GC(471) User=0.02s Sys=0.00s Real=0.01s
[214.406s][info][gc,marking  ] GC(471) Concurrent Mark 60.380ms
[214.406s][info][gc,marking  ] GC(471) Concurrent Rebuild Remembered Sets and Scrub Regions
[214.441s][info][gc,marking  ] GC(471) Concurrent Rebuild Remembered Sets and Scrub Regions 35.578ms
[214.442s][info][gc,start    ] GC(471) Pause Cleanup
[214.442s][info][gc          ] GC(471) Pause Cleanup 280M->280M(665M) 0.085ms
[214.442s][info][gc,cpu      ] GC(471) User=0.00s Sys=0.00s Real=0.00s
[214.442s][info][gc,marking  ] GC(471) Concurrent Clear Claimed Marks
[214.442s][info][gc,marking  ] GC(471) Concurrent Clear Claimed Marks 0.108ms
[214.442s][info][gc,marking  ] GC(471) Concurrent Cleanup for Next Mark
[214.447s][info][gc,marking  ] GC(471) Concurrent Cleanup for Next Mark 4.276ms
[214.447s][info][gc          ] GC(471) Concurrent Mark Cycle 105.488ms
[215.207s][info][gc,start    ] GC(472) Pause Young (Prepare Mixed) (G1 Evacuation Pause)
[215.207s][info][gc,task     ] GC(472) Using 2 workers of 2 for evacuation
[215.211s][info][gc,phases   ] GC(472)   Pre Evacuate Collection Set: 0.30ms
[215.211s][info][gc,phases   ] GC(472)   Merge Heap Roots: 0.15ms
[215.211s][info][gc,phases   ] GC(472)   Evacuate Collection Set: 2.95ms
[215.211s][info][gc,phases   ] GC(472)   Post Evacuate Collection Set: 0.75ms
[215.211s][info][gc,phases   ] GC(472)   Other: 0.09ms
[215.211s][info][gc,heap     ] GC(472) Eden regions: 379->0(383)
[215.211s][info][gc,heap     ] GC(472) Survivor regions: 4->1(48)
[215.211s][info][gc,heap     ] GC(472) Old regions: 37->39
[215.211s][info][gc,heap     ] GC(472) Humongous regions: 207->207
[215.211s][info][gc,metaspace] GC(472) Metaspace: 56690K(57024K)->56690K(57024K) NonClass: 48389K(48640K)->48389K(48640K) Class: 8300K(8384K)->8300K(8384K)
[215.211s][info][gc          ] GC(472) Pause Young (Prepare Mixed) (G1 Evacuation Pause) 626M->245M(665M) 4.463ms
[215.211s][info][gc,cpu      ] GC(472) User=0.01s Sys=0.00s Real=0.00s
[216.028s][info][gc,start    ] GC(473) Pause Young (Mixed) (G1 Evacuation Pause)
[216.028s][info][gc,task     ] GC(473) Using 2 workers of 2 for evacuation
[216.035s][info][gc,phases   ] GC(473)   Pre Evacuate Collection Set: 0.29ms
[216.035s][info][gc,phases   ] GC(473)   Merge Heap Roots: 0.15ms
[216.035s][info][gc,phases   ] GC(473)   Evacuate Collection Set: 5.33ms
[216.035s][info][gc,phases   ] GC(473)   Post Evacuate Collection Set: 0.76ms
[216.035s][info][gc,phases   ] GC(473)   Other: 0.10ms
[216.035s][info][gc,heap     ] GC(473) Eden regions: 383->0(380)
[216.035s][info][gc,heap     ] GC(473) Survivor regions: 1->3(48)
[216.035s][info][gc,heap     ] GC(473) Old regions: 39->38
[216.035s][info][gc,heap     ] GC(473) Humongous regions: 207->207
[216.035s][info][gc,metaspace] GC(473) Metaspace: 56690K(57024K)->56690K(57024K) NonClass: 48389K(48640K)->48389K(48640K) Class: 8300K(8384K)->8300K(8384K)
[216.035s][info][gc          ] GC(473) Pause Young (Mixed) (G1 Evacuation Pause) 628M->247M(665M) 6.824ms
[216.035s][info][gc,cpu      ] GC(473) User=0.02s Sys=0.00s Real=0.01s
[216.849s][info][gc,start    ] GC(474) Pause Young (Concurrent Start) (G1 Evacuation Pause)
[216.849s][info][gc,task     ] GC(474) Using 2 workers of 2 for evacuation
[216.855s][info][gc,phases   ] GC(474)   Pre Evacuate Collection Set: 0.34ms
[216.855s][info][gc,phases   ] GC(474)   Merge Heap Roots: 0.12ms
[216.855s][info][gc,phases   ] GC(474)   Evacuate Collection Set: 4.14ms
[216.855s][info][gc,phases   ] GC(474)   Post Evacuate Collection Set: 0.70ms
[216.855s][info][gc,phases   ] GC(474)   Other: 0.11ms
[216.855s][info][gc,heap     ] GC(474) Eden regions: 380->0(381)
[216.855s][info][gc,heap     ] GC(474) Survivor regions: 3->2(48)
[216.855s][info][gc,heap     ] GC(474) Old regions: 38->39
[216.855s][info][gc,heap     ] GC(474) Humongous regions: 207->207
[216.855s][info][gc,metaspace] GC(474) Metaspace: 56690K(57024K)->56690K(57024K) NonClass: 48389K(48640K)->48389K(48640K) Class: 8300K(8384K)->8300K(8384K)
[216.855s][info][gc          ] GC(474) Pause Young (Concurrent Start) (G1 Evacuation Pause) 627M->246M(665M) 5.653ms
[216.855s][info][gc,cpu      ] GC(474) User=0.02s Sys=0.00s Real=0.01s
[216.855s][info][gc          ] GC(475) Concurrent Mark Cycle
[216.856s][info][gc,marking  ] GC(475) Concurrent Scan Root Regions
[216.860s][info][gc,marking  ] GC(475) Concurrent Scan Root Regions 4.553ms
[216.860s][info][gc,marking  ] GC(475) Concurrent Mark
[216.860s][info][gc,marking  ] GC(475) Concurrent Mark From Roots
[216.860s][info][gc,task     ] GC(475) Using 1 workers of 1 for marking
[216.913s][info][gc,marking  ] GC(475) Concurrent Mark From Roots 53.115ms
[216.913s][info][gc,marking  ] GC(475) Concurrent Preclean
[216.914s][info][gc,marking  ] GC(475) Concurrent Preclean 0.099ms
[216.914s][info][gc,start    ] GC(475) Pause Remark
[216.923s][info][gc          ] GC(475) Pause Remark 261M->261M(665M) 9.385ms
[216.923s][info][gc,cpu      ] GC(475) User=0.02s Sys=0.00s Real=0.00s
[216.923s][info][gc,marking  ] GC(475) Concurrent Mark 62.855ms
[216.923s][info][gc,marking  ] GC(475) Concurrent Rebuild Remembered Sets and Scrub Regions
[216.959s][info][gc,marking  ] GC(475) Concurrent Rebuild Remembered Sets and Scrub Regions 35.578ms
[216.959s][info][gc,start    ] GC(475) Pause Cleanup
[216.959s][info][gc          ] GC(475) Pause Cleanup 284M->284M(665M) 0.080ms
[216.959s][info][gc,cpu      ] GC(475) User=0.00s Sys=0.00s Real=0.00s
[216.959s][info][gc,marking  ] GC(475) Concurrent Clear Claimed Marks
[216.959s][info][gc,marking  ] GC(475) Concurrent Clear Claimed Marks 0.095ms
[216.959s][info][gc,marking  ] GC(475) Concurrent Cleanup for Next Mark
[216.961s][info][gc,marking  ] GC(475) Concurrent Cleanup for Next Mark 2.268ms
[216.961s][info][gc          ] GC(475) Concurrent Mark Cycle 106.484ms
[217.837s][info][gc,start    ] GC(476) Pause Young (Prepare Mixed) (G1 Evacuation Pause)
[217.837s][info][gc,task     ] GC(476) Using 2 workers of 2 for evacuation
[217.842s][info][gc,phases   ] GC(476)   Pre Evacuate Collection Set: 0.29ms
[217.842s][info][gc,phases   ] GC(476)   Merge Heap Roots: 0.16ms
[217.842s][info][gc,phases   ] GC(476)   Evacuate Collection Set: 3.34ms
[217.842s][info][gc,phases   ] GC(476)   Post Evacuate Collection Set: 0.73ms
[217.842s][info][gc,phases   ] GC(476)   Other: 0.08ms
[217.842s][info][gc,heap     ] GC(476) Eden regions: 381->0(371)
[217.842s][info][gc,heap     ] GC(476) Survivor regions: 2->7(48)
[217.842s][info][gc,heap     ] GC(476) Old regions: 39->39
[217.842s][info][gc,heap     ] GC(476) Humongous regions: 207->207
[217.842s][info][gc,metaspace] GC(476) Metaspace: 56690K(57024K)->56690K(57024K) NonClass: 48389K(48640K)->48389K(48640K) Class: 8300K(8384K)->8300K(8384K)
[217.842s][info][gc          ] GC(476) Pause Young (Prepare Mixed) (G1 Evacuation Pause) 627M->251M(665M) 4.798ms
[217.842s][info][gc,cpu      ] GC(476) User=0.01s Sys=0.00s Real=0.00s
[218.616s][info][gc,start    ] GC(477) Pause Young (Mixed) (G1 Evacuation Pause)
[218.616s][info][gc,task     ] GC(477) Using 2 workers of 2 for evacuation
[218.624s][info][gc,phases   ] GC(477)   Pre Evacuate Collection Set: 0.31ms
[218.624s][info][gc,phases   ] GC(477)   Merge Heap Roots: 0.15ms
[218.624s][info][gc,phases   ] GC(477)   Evacuate Collection Set: 6.16ms
[218.624s][info][gc,phases   ] GC(477)   Post Evacuate Collection Set: 1.10ms
[218.624s][info][gc,phases   ] GC(477)   Other: 0.09ms
[218.624s][info][gc,heap     ] GC(477) Eden regions: 371->0(370)
[218.624s][info][gc,heap     ] GC(477) Survivor regions: 7->8(48)
[218.624s][info][gc,heap     ] GC(477) Old regions: 39->38
[218.624s][info][gc,heap     ] GC(477) Humongous regions: 207->207
[218.624s][info][gc,metaspace] GC(477) Metaspace: 56690K(57024K)->56690K(57024K) NonClass: 48389K(48640K)->48389K(48640K) Class: 8300K(8384K)->8300K(8384K)
[218.624s][info][gc          ] GC(477) Pause Young (Mixed) (G1 Evacuation Pause) 622M->252M(665M) 8.083ms
[218.624s][info][gc,cpu      ] GC(477) User=0.02s Sys=0.00s Real=0.01s
[219.424s][info][gc,start    ] GC(478) Pause Young (Concurrent Start) (G1 Evacuation Pause)
[219.424s][info][gc,task     ] GC(478) Using 2 workers of 2 for evacuation
[219.430s][info][gc,phases   ] GC(478)   Pre Evacuate Collection Set: 0.33ms
[219.430s][info][gc,phases   ] GC(478)   Merge Heap Roots: 0.12ms
[219.430s][info][gc,phases   ] GC(478)   Evacuate Collection Set: 5.06ms
[219.430s][info][gc,phases   ] GC(478)   Post Evacuate Collection Set: 0.74ms
[219.430s][info][gc,phases   ] GC(478)   Other: 0.11ms
[219.430s][info][gc,heap     ] GC(478) Eden regions: 370->0(369)
[219.430s][info][gc,heap     ] GC(478) Survivor regions: 8->8(48)
[219.430s][info][gc,heap     ] GC(478) Old regions: 38->39
[219.430s][info][gc,heap     ] GC(478) Humongous regions: 207->207
[219.430s][info][gc,metaspace] GC(478) Metaspace: 56690K(57024K)->56690K(57024K) NonClass: 48389K(48640K)->48389K(48640K) Class: 8300K(8384K)->8300K(8384K)
[219.430s][info][gc          ] GC(478) Pause Young (Concurrent Start) (G1 Evacuation Pause) 622M->252M(665M) 6.584ms
[219.430s][info][gc          ] GC(479) Concurrent Mark Cycle
[219.430s][info][gc,marking  ] GC(479) Concurrent Scan Root Regions
[219.433s][info][gc,cpu      ] GC(478) User=0.02s Sys=0.00s Real=0.01s
[219.435s][info][gc,marking  ] GC(479) Concurrent Scan Root Regions 4.865ms
[219.435s][info][gc,marking  ] GC(479) Concurrent Mark
[219.435s][info][gc,marking  ] GC(479) Concurrent Mark From Roots
[219.435s][info][gc,task     ] GC(479) Using 1 workers of 1 for marking
[219.500s][info][gc,marking  ] GC(479) Concurrent Mark From Roots 65.025ms
[219.500s][info][gc,marking  ] GC(479) Concurrent Preclean
[219.500s][info][gc,marking  ] GC(479) Concurrent Preclean 0.087ms
[219.500s][info][gc,start    ] GC(479) Pause Remark
[219.510s][info][gc          ] GC(479) Pause Remark 282M->282M(665M) 9.652ms
[219.510s][info][gc,cpu      ] GC(479) User=0.02s Sys=0.00s Real=0.01s
[219.510s][info][gc,marking  ] GC(479) Concurrent Mark 75.037ms
[219.510s][info][gc,marking  ] GC(479) Concurrent Rebuild Remembered Sets and Scrub Regions
[219.554s][info][gc,marking  ] GC(479) Concurrent Rebuild Remembered Sets and Scrub Regions 44.071ms
[219.554s][info][gc,start    ] GC(479) Pause Cleanup
[219.554s][info][gc          ] GC(479) Pause Cleanup 312M->312M(665M) 0.094ms
[219.554s][info][gc,cpu      ] GC(479) User=0.00s Sys=0.00s Real=0.00s
[219.555s][info][gc,marking  ] GC(479) Concurrent Clear Claimed Marks
[219.555s][info][gc,marking  ] GC(479) Concurrent Clear Claimed Marks 0.102ms
[219.555s][info][gc,marking  ] GC(479) Concurrent Cleanup for Next Mark
[219.560s][info][gc,marking  ] GC(479) Concurrent Cleanup for Next Mark 4.765ms
[219.560s][info][gc          ] GC(479) Concurrent Mark Cycle 129.493ms
[220.228s][info][gc,start    ] GC(480) Pause Young (Prepare Mixed) (G1 Evacuation Pause)
[220.228s][info][gc,task     ] GC(480) Using 2 workers of 2 for evacuation
[220.233s][info][gc,phases   ] GC(480)   Pre Evacuate Collection Set: 0.29ms
[220.233s][info][gc,phases   ] GC(480)   Merge Heap Roots: 0.14ms
[220.233s][info][gc,phases   ] GC(480)   Evacuate Collection Set: 4.28ms
[220.233s][info][gc,phases   ] GC(480)   Post Evacuate Collection Set: 0.73ms
[220.234s][info][gc,phases   ] GC(480)   Other: 0.11ms
[220.234s][info][gc,heap     ] GC(480) Eden regions: 369->0(369)
[220.234s][info][gc,heap     ] GC(480) Survivor regions: 8->8(48)
[220.234s][info][gc,heap     ] GC(480) Old regions: 39->39
[220.234s][info][gc,heap     ] GC(480) Humongous regions: 207->207
[220.234s][info][gc,metaspace] GC(480) Metaspace: 56690K(57024K)->56690K(57024K) NonClass: 48389K(48640K)->48389K(48640K) Class: 8300K(8384K)->8300K(8384K)
[220.234s][info][gc          ] GC(480) Pause Young (Prepare Mixed) (G1 Evacuation Pause) 621M->252M(665M) 5.761ms
[220.234s][info][gc,cpu      ] GC(480) User=0.02s Sys=0.00s Real=0.01s
[221.094s][info][gc,start    ] GC(481) Pause Young (Mixed) (G1 Evacuation Pause)
[221.094s][info][gc,task     ] GC(481) Using 2 workers of 2 for evacuation
[221.101s][info][gc,phases   ] GC(481)   Pre Evacuate Collection Set: 0.29ms
[221.101s][info][gc,phases   ] GC(481)   Merge Heap Roots: 0.15ms
[221.101s][info][gc,phases   ] GC(481)   Evacuate Collection Set: 5.38ms
[221.101s][info][gc,phases   ] GC(481)   Post Evacuate Collection Set: 0.78ms
[221.101s][info][gc,phases   ] GC(481)   Other: 0.08ms
[221.101s][info][gc,heap     ] GC(481) Eden regions: 369->0(372)
[221.101s][info][gc,heap     ] GC(481) Survivor regions: 8->7(48)
[221.101s][info][gc,heap     ] GC(481) Old regions: 39->38
[221.101s][info][gc,heap     ] GC(481) Humongous regions: 207->207
[221.101s][info][gc,metaspace] GC(481) Metaspace: 56690K(57024K)->56690K(57024K) NonClass: 48389K(48640K)->48389K(48640K) Class: 8300K(8384K)->8300K(8384K)
[221.101s][info][gc          ] GC(481) Pause Young (Mixed) (G1 Evacuation Pause) 621M->251M(665M) 6.883ms
[221.101s][info][gc,cpu      ] GC(481) User=0.01s Sys=0.00s Real=0.00s
[221.847s][info][gc,start    ] GC(482) Pause Young (Concurrent Start) (G1 Evacuation Pause)
[221.847s][info][gc,task     ] GC(482) Using 2 workers of 2 for evacuation
[221.853s][info][gc,phases   ] GC(482)   Pre Evacuate Collection Set: 0.31ms
[221.853s][info][gc,phases   ] GC(482)   Merge Heap Roots: 0.11ms
[221.853s][info][gc,phases   ] GC(482)   Evacuate Collection Set: 4.98ms
[221.853s][info][gc,phases   ] GC(482)   Post Evacuate Collection Set: 0.71ms
[221.853s][info][gc,phases   ] GC(482)   Other: 0.12ms
[221.853s][info][gc,heap     ] GC(482) Eden regions: 372->0(369)
[221.853s][info][gc,heap     ] GC(482) Survivor regions: 7->8(48)
[221.853s][info][gc,heap     ] GC(482) Old regions: 38->39
[221.853s][info][gc,heap     ] GC(482) Humongous regions: 207->207
[221.853s][info][gc,metaspace] GC(482) Metaspace: 56690K(57024K)->56690K(57024K) NonClass: 48389K(48640K)->48389K(48640K) Class: 8300K(8384K)->8300K(8384K)
[221.853s][info][gc          ] GC(482) Pause Young (Concurrent Start) (G1 Evacuation Pause) 623M->252M(665M) 6.443ms
[221.853s][info][gc          ] GC(483) Concurrent Mark Cycle
[221.853s][info][gc,marking  ] GC(483) Concurrent Scan Root Regions
[221.853s][info][gc,cpu      ] GC(482) User=0.01s Sys=0.00s Real=0.00s
[221.859s][info][gc,marking  ] GC(483) Concurrent Scan Root Regions 6.225ms
[221.859s][info][gc,marking  ] GC(483) Concurrent Mark
[221.859s][info][gc,marking  ] GC(483) Concurrent Mark From Roots
[221.859s][info][gc,task     ] GC(483) Using 1 workers of 1 for marking
[221.946s][info][gc,marking  ] GC(483) Concurrent Mark From Roots 86.408ms
[221.946s][info][gc,marking  ] GC(483) Concurrent Preclean
[221.946s][info][gc,marking  ] GC(483) Concurrent Preclean 0.102ms
[221.946s][info][gc,start    ] GC(483) Pause Remark
[221.976s][info][gc          ] GC(483) Pause Remark 289M->289M(665M) 30.012ms
[221.976s][info][gc,cpu      ] GC(483) User=0.02s Sys=0.00s Real=0.03s
[221.980s][info][gc,marking  ] GC(483) Concurrent Mark 120.327ms
[221.980s][info][gc,marking  ] GC(483) Concurrent Rebuild Remembered Sets and Scrub Regions
[222.010s][info][gc,marking  ] GC(483) Concurrent Rebuild Remembered Sets and Scrub Regions 30.263ms
[222.016s][info][gc,start    ] GC(483) Pause Cleanup
[222.016s][info][gc          ] GC(483) Pause Cleanup 296M->296M(665M) 0.123ms
[222.016s][info][gc,cpu      ] GC(483) User=0.00s Sys=0.00s Real=0.00s
[222.016s][info][gc,marking  ] GC(483) Concurrent Clear Claimed Marks
[222.016s][info][gc,marking  ] GC(483) Concurrent Clear Claimed Marks 0.098ms
[222.016s][info][gc,marking  ] GC(483) Concurrent Cleanup for Next Mark
[222.024s][info][gc,marking  ] GC(483) Concurrent Cleanup for Next Mark 7.636ms
[222.024s][info][gc          ] GC(483) Concurrent Mark Cycle 170.528ms
[222.649s][info][gc,start    ] GC(484) Pause Young (Prepare Mixed) (G1 Evacuation Pause)
[222.649s][info][gc,task     ] GC(484) Using 2 workers of 2 for evacuation
[222.656s][info][gc,phases   ] GC(484)   Pre Evacuate Collection Set: 0.42ms
[222.656s][info][gc,phases   ] GC(484)   Merge Heap Roots: 0.17ms
[222.656s][info][gc,phases   ] GC(484)   Evacuate Collection Set: 5.78ms
[222.656s][info][gc,phases   ] GC(484)   Post Evacuate Collection Set: 0.97ms
[222.656s][info][gc,phases   ] GC(484)   Other: 0.12ms
[222.657s][info][gc,heap     ] GC(484) Eden regions: 369->0(369)
[222.657s][info][gc,heap     ] GC(484) Survivor regions: 8->8(48)
[222.657s][info][gc,heap     ] GC(484) Old regions: 39->39
[222.657s][info][gc,heap     ] GC(484) Humongous regions: 207->207
[222.657s][info][gc,metaspace] GC(484) Metaspace: 56690K(57024K)->56690K(57024K) NonClass: 48389K(48640K)->48389K(48640K) Class: 8300K(8384K)->8300K(8384K)
[222.657s][info][gc          ] GC(484) Pause Young (Prepare Mixed) (G1 Evacuation Pause) 621M->252M(665M) 7.713ms
[222.657s][info][gc,cpu      ] GC(484) User=0.01s Sys=0.00s Real=0.01s
[223.503s][info][gc,start    ] GC(485) Pause Young (Mixed) (G1 Evacuation Pause)
[223.503s][info][gc,task     ] GC(485) Using 2 workers of 2 for evacuation
[223.509s][info][gc,phases   ] GC(485)   Pre Evacuate Collection Set: 0.30ms
[223.509s][info][gc,phases   ] GC(485)   Merge Heap Roots: 0.14ms
[223.509s][info][gc,phases   ] GC(485)   Evacuate Collection Set: 4.35ms
[223.509s][info][gc,phases   ] GC(485)   Post Evacuate Collection Set: 0.78ms
[223.509s][info][gc,phases   ] GC(485)   Other: 0.09ms
[223.509s][info][gc,heap     ] GC(485) Eden regions: 369->0(374)
[223.509s][info][gc,heap     ] GC(485) Survivor regions: 8->6(48)
[223.509s][info][gc,heap     ] GC(485) Old regions: 39->38
[223.509s][info][gc,heap     ] GC(485) Humongous regions: 207->207
[223.509s][info][gc,metaspace] GC(485) Metaspace: 56690K(57024K)->56690K(57024K) NonClass: 48389K(48640K)->48389K(48640K) Class: 8300K(8384K)->8300K(8384K)
[223.509s][info][gc          ] GC(485) Pause Young (Mixed) (G1 Evacuation Pause) 621M->250M(665M) 5.872ms
[223.509s][info][gc,cpu      ] GC(485) User=0.01s Sys=0.00s Real=0.01s
[224.318s][info][gc,start    ] GC(486) Pause Young (Concurrent Start) (G1 Evacuation Pause)
[224.318s][info][gc,task     ] GC(486) Using 2 workers of 2 for evacuation
[224.324s][info][gc,phases   ] GC(486)   Pre Evacuate Collection Set: 0.33ms
[224.324s][info][gc,phases   ] GC(486)   Merge Heap Roots: 0.12ms
[224.324s][info][gc,phases   ] GC(486)   Evacuate Collection Set: 4.78ms
[224.324s][info][gc,phases   ] GC(486)   Post Evacuate Collection Set: 0.75ms
[224.324s][info][gc,phases   ] GC(486)   Other: 0.11ms
[224.324s][info][gc,heap     ] GC(486) Eden regions: 374->0(369)
[224.324s][info][gc,heap     ] GC(486) Survivor regions: 6->8(48)
[224.324s][info][gc,heap     ] GC(486) Old regions: 38->39
[224.324s][info][gc,heap     ] GC(486) Humongous regions: 207->207
[224.324s][info][gc,metaspace] GC(486) Metaspace: 56690K(57024K)->56690K(57024K) NonClass: 48389K(48640K)->48389K(48640K) Class: 8300K(8384K)->8300K(8384K)
[224.324s][info][gc          ] GC(486) Pause Young (Concurrent Start) (G1 Evacuation Pause) 624M->252M(665M) 6.295ms
[224.324s][info][gc          ] GC(487) Concurrent Mark Cycle
[224.324s][info][gc,marking  ] GC(487) Concurrent Scan Root Regions
[224.325s][info][gc,cpu      ] GC(486) User=0.01s Sys=0.01s Real=0.01s
[224.330s][info][gc,marking  ] GC(487) Concurrent Scan Root Regions 5.396ms
[224.330s][info][gc,marking  ] GC(487) Concurrent Mark
[224.330s][info][gc,marking  ] GC(487) Concurrent Mark From Roots
[224.330s][info][gc,task     ] GC(487) Using 1 workers of 1 for marking
[224.390s][info][gc,marking  ] GC(487) Concurrent Mark From Roots 59.871ms
[224.390s][info][gc,marking  ] GC(487) Concurrent Preclean
[224.390s][info][gc,marking  ] GC(487) Concurrent Preclean 0.085ms
[224.390s][info][gc,start    ] GC(487) Pause Remark
[224.399s][info][gc          ] GC(487) Pause Remark 286M->286M(665M) 9.521ms
[224.399s][info][gc,cpu      ] GC(487) User=0.02s Sys=0.00s Real=0.01s
[224.400s][info][gc,marking  ] GC(487) Concurrent Mark 70.022ms
[224.400s][info][gc,marking  ] GC(487) Concurrent Rebuild Remembered Sets and Scrub Regions
[224.425s][info][gc,marking  ] GC(487) Concurrent Rebuild Remembered Sets and Scrub Regions 24.848ms
[224.425s][info][gc,start    ] GC(487) Pause Cleanup
[224.425s][info][gc          ] GC(487) Pause Cleanup 300M->300M(665M) 0.098ms
[224.425s][info][gc,cpu      ] GC(487) User=0.00s Sys=0.00s Real=0.00s
[224.425s][info][gc,marking  ] GC(487) Concurrent Clear Claimed Marks
[224.425s][info][gc,marking  ] GC(487) Concurrent Clear Claimed Marks 0.123ms
[224.425s][info][gc,marking  ] GC(487) Concurrent Cleanup for Next Mark
[224.430s][info][gc,marking  ] GC(487) Concurrent Cleanup for Next Mark 4.214ms
[224.430s][info][gc          ] GC(487) Concurrent Mark Cycle 105.394ms
[225.121s][info][gc,start    ] GC(488) Pause Young (Prepare Mixed) (G1 Evacuation Pause)
[225.121s][info][gc,task     ] GC(488) Using 2 workers of 2 for evacuation
[225.128s][info][gc,phases   ] GC(488)   Pre Evacuate Collection Set: 0.45ms
[225.128s][info][gc,phases   ] GC(488)   Merge Heap Roots: 0.17ms
[225.128s][info][gc,phases   ] GC(488)   Evacuate Collection Set: 5.07ms
[225.128s][info][gc,phases   ] GC(488)   Post Evacuate Collection Set: 0.71ms
[225.128s][info][gc,phases   ] GC(488)   Other: 0.09ms
[225.128s][info][gc,heap     ] GC(488) Eden regions: 369->0(369)
[225.128s][info][gc,heap     ] GC(488) Survivor regions: 8->8(48)
[225.128s][info][gc,heap     ] GC(488) Old regions: 39->39
[225.128s][info][gc,heap     ] GC(488) Humongous regions: 207->207
[225.128s][info][gc,metaspace] GC(488) Metaspace: 56690K(57024K)->56690K(57024K) NonClass: 48389K(48640K)->48389K(48640K) Class: 8300K(8384K)->8300K(8384K)
[225.128s][info][gc          ] GC(488) Pause Young (Prepare Mixed) (G1 Evacuation Pause) 621M->252M(665M) 6.696ms
[225.128s][info][gc,cpu      ] GC(488) User=0.01s Sys=0.00s Real=0.01s
[228.741s][info][gc,start    ] GC(489) Pause Young (Mixed) (G1 Evacuation Pause)
[228.741s][info][gc,task     ] GC(489) Using 2 workers of 2 for evacuation
[228.765s][info][gc,phases   ] GC(489)   Pre Evacuate Collection Set: 0.33ms
[228.765s][info][gc,phases   ] GC(489)   Merge Heap Roots: 0.14ms
[228.765s][info][gc,phases   ] GC(489)   Evacuate Collection Set: 21.72ms
[228.765s][info][gc,phases   ] GC(489)   Post Evacuate Collection Set: 0.93ms
[228.765s][info][gc,phases   ] GC(489)   Other: 0.08ms
[228.765s][info][gc,heap     ] GC(489) Eden regions: 255->0(364)
[228.765s][info][gc,heap     ] GC(489) Survivor regions: 8->21(48)
[228.765s][info][gc,heap     ] GC(489) Old regions: 39->38
[228.765s][info][gc,heap     ] GC(489) Humongous regions: 363->207
[228.765s][info][gc,metaspace] GC(489) Metaspace: 56890K(57216K)->56890K(57216K) NonClass: 48589K(48832K)->48589K(48832K) Class: 8300K(8384K)->8300K(8384K)
[228.765s][info][gc          ] GC(489) Pause Young (Mixed) (G1 Evacuation Pause) 663M->265M(686M) 23.416ms
[228.765s][info][gc,cpu      ] GC(489) User=0.03s Sys=0.02s Real=0.03s
[229.540s][info][gc,start    ] GC(490) Pause Young (Normal) (G1 Evacuation Pause)
[229.540s][info][gc,task     ] GC(490) Using 2 workers of 2 for evacuation
[229.552s][info][gc,phases   ] GC(490)   Pre Evacuate Collection Set: 0.29ms
[229.552s][info][gc,phases   ] GC(490)   Merge Heap Roots: 0.17ms
[229.552s][info][gc,phases   ] GC(490)   Evacuate Collection Set: 10.24ms
[229.552s][info][gc,phases   ] GC(490)   Post Evacuate Collection Set: 0.86ms
[229.552s][info][gc,phases   ] GC(490)   Other: 0.11ms
[229.552s][info][gc,heap     ] GC(490) Eden regions: 364->0(366)
[229.552s][info][gc,heap     ] GC(490) Survivor regions: 21->20(49)
[229.552s][info][gc,heap     ] GC(490) Old regions: 38->38
[229.552s][info][gc,heap     ] GC(490) Humongous regions: 207->207
[229.552s][info][gc,metaspace] GC(490) Metaspace: 56892K(57216K)->56892K(57216K) NonClass: 48591K(48832K)->48591K(48832K) Class: 8300K(8384K)->8300K(8384K)
[229.552s][info][gc          ] GC(490) Pause Young (Normal) (G1 Evacuation Pause) 628M->264M(686M) 11.922ms
[229.552s][info][gc,cpu      ] GC(490) User=0.03s Sys=0.00s Real=0.01s
[230.343s][info][gc,start    ] GC(491) Pause Young (Normal) (G1 Evacuation Pause)
[230.343s][info][gc,task     ] GC(491) Using 2 workers of 2 for evacuation
[230.353s][info][gc,phases   ] GC(491)   Pre Evacuate Collection Set: 0.29ms
[230.353s][info][gc,phases   ] GC(491)   Merge Heap Roots: 0.14ms
[230.353s][info][gc,phases   ] GC(491)   Evacuate Collection Set: 8.21ms
[230.353s][info][gc,phases   ] GC(491)   Post Evacuate Collection Set: 0.78ms
[230.353s][info][gc,phases   ] GC(491)   Other: 0.10ms
[230.353s][info][gc,heap     ] GC(491) Eden regions: 366->0(366)
[230.353s][info][gc,heap     ] GC(491) Survivor regions: 20->20(49)
[230.353s][info][gc,heap     ] GC(491) Old regions: 38->38
[230.353s][info][gc,heap     ] GC(491) Humongous regions: 207->207
[230.353s][info][gc,metaspace] GC(491) Metaspace: 56892K(57216K)->56892K(57216K) NonClass: 48591K(48832K)->48591K(48832K) Class: 8300K(8384K)->8300K(8384K)
[230.353s][info][gc          ] GC(491) Pause Young (Normal) (G1 Evacuation Pause) 630M->264M(686M) 9.724ms
[230.353s][info][gc,cpu      ] GC(491) User=0.02s Sys=0.00s Real=0.01s
[231.143s][info][gc,start    ] GC(492) Pause Young (Concurrent Start) (G1 Evacuation Pause)
[231.143s][info][gc,task     ] GC(492) Using 2 workers of 2 for evacuation
[231.154s][info][gc,phases   ] GC(492)   Pre Evacuate Collection Set: 0.34ms
[231.154s][info][gc,phases   ] GC(492)   Merge Heap Roots: 0.13ms
[231.154s][info][gc,phases   ] GC(492)   Evacuate Collection Set: 9.63ms
[231.154s][info][gc,phases   ] GC(492)   Post Evacuate Collection Set: 0.74ms
[231.154s][info][gc,phases   ] GC(492)   Other: 0.11ms
[231.154s][info][gc,heap     ] GC(492) Eden regions: 366->0(366)
[231.154s][info][gc,heap     ] GC(492) Survivor regions: 20->20(49)
[231.154s][info][gc,heap     ] GC(492) Old regions: 38->38
[231.154s][info][gc,heap     ] GC(492) Humongous regions: 207->207
[231.154s][info][gc,metaspace] GC(492) Metaspace: 56892K(57216K)->56892K(57216K) NonClass: 48591K(48832K)->48591K(48832K) Class: 8300K(8384K)->8300K(8384K)
[231.154s][info][gc          ] GC(492) Pause Young (Concurrent Start) (G1 Evacuation Pause) 630M->264M(686M) 11.161ms
[231.154s][info][gc          ] GC(493) Concurrent Mark Cycle
[231.154s][info][gc,marking  ] GC(493) Concurrent Scan Root Regions
[231.154s][info][gc,cpu      ] GC(492) User=0.02s Sys=0.00s Real=0.02s
[231.166s][info][gc,marking  ] GC(493) Concurrent Scan Root Regions 11.839ms
[231.166s][info][gc,marking  ] GC(493) Concurrent Mark
[231.166s][info][gc,marking  ] GC(493) Concurrent Mark From Roots
[231.166s][info][gc,task     ] GC(493) Using 1 workers of 1 for marking
[231.223s][info][gc,marking  ] GC(493) Concurrent Mark From Roots 56.729ms
[231.223s][info][gc,marking  ] GC(493) Concurrent Preclean
[231.223s][info][gc,marking  ] GC(493) Concurrent Preclean 0.056ms
[231.223s][info][gc,start    ] GC(493) Pause Remark
[231.233s][info][gc          ] GC(493) Pause Remark 290M->290M(686M) 9.659ms
[231.233s][info][gc,cpu      ] GC(493) User=0.02s Sys=0.00s Real=0.01s
[231.234s][info][gc,marking  ] GC(493) Concurrent Mark 67.369ms
[231.234s][info][gc,marking  ] GC(493) Concurrent Rebuild Remembered Sets and Scrub Regions
[231.265s][info][gc,marking  ] GC(493) Concurrent Rebuild Remembered Sets and Scrub Regions 30.854ms
[231.265s][info][gc,start    ] GC(493) Pause Cleanup
[231.265s][info][gc          ] GC(493) Pause Cleanup 312M->312M(686M) 0.080ms
[231.265s][info][gc,cpu      ] GC(493) User=0.00s Sys=0.00s Real=0.00s
[231.265s][info][gc,marking  ] GC(493) Concurrent Clear Claimed Marks
[231.265s][info][gc,marking  ] GC(493) Concurrent Clear Claimed Marks 0.382ms
[231.265s][info][gc,marking  ] GC(493) Concurrent Cleanup for Next Mark
[231.269s][info][gc,marking  ] GC(493) Concurrent Cleanup for Next Mark 3.441ms
[231.269s][info][gc          ] GC(493) Concurrent Mark Cycle 114.464ms
[231.997s][info][gc,start    ] GC(494) Pause Young (Prepare Mixed) (G1 Evacuation Pause)
[231.997s][info][gc,task     ] GC(494) Using 2 workers of 2 for evacuation
[232.027s][info][gc,phases   ] GC(494)   Pre Evacuate Collection Set: 0.34ms
[232.027s][info][gc,phases   ] GC(494)   Merge Heap Roots: 0.19ms
[232.027s][info][gc,phases   ] GC(494)   Evacuate Collection Set: 27.80ms
[232.027s][info][gc,phases   ] GC(494)   Post Evacuate Collection Set: 1.20ms
[232.027s][info][gc,phases   ] GC(494)   Other: 0.09ms
[232.027s][info][gc,heap     ] GC(494) Eden regions: 366->0(364)
[232.027s][info][gc,heap     ] GC(494) Survivor regions: 20->21(49)
[232.027s][info][gc,heap     ] GC(494) Old regions: 38->38
[232.027s][info][gc,heap     ] GC(494) Humongous regions: 207->207
[232.027s][info][gc,metaspace] GC(494) Metaspace: 56892K(57216K)->56892K(57216K) NonClass: 48591K(48832K)->48591K(48832K) Class: 8300K(8384K)->8300K(8384K)
[232.027s][info][gc          ] GC(494) Pause Young (Prepare Mixed) (G1 Evacuation Pause) 630M->266M(686M) 29.856ms
[232.027s][info][gc,cpu      ] GC(494) User=0.03s Sys=0.00s Real=0.03s
[232.736s][info][gc,start    ] GC(495) Pause Young (Mixed) (G1 Evacuation Pause)
[232.736s][info][gc,task     ] GC(495) Using 2 workers of 2 for evacuation
[232.750s][info][gc,phases   ] GC(495)   Pre Evacuate Collection Set: 0.41ms
[232.750s][info][gc,phases   ] GC(495)   Merge Heap Roots: 0.17ms
[232.750s][info][gc,phases   ] GC(495)   Evacuate Collection Set: 12.57ms
[232.750s][info][gc,phases   ] GC(495)   Post Evacuate Collection Set: 0.83ms
[232.750s][info][gc,phases   ] GC(495)   Other: 0.11ms
[232.750s][info][gc,heap     ] GC(495) Eden regions: 364->0(364)
[232.750s][info][gc,heap     ] GC(495) Survivor regions: 21->18(49)
[232.750s][info][gc,heap     ] GC(495) Old regions: 38->44
[232.750s][info][gc,heap     ] GC(495) Humongous regions: 207->207
[232.750s][info][gc,metaspace] GC(495) Metaspace: 56892K(57216K)->56892K(57216K) NonClass: 48591K(48832K)->48591K(48832K) Class: 8300K(8384K)->8300K(8384K)
[232.750s][info][gc          ] GC(495) Pause Young (Mixed) (G1 Evacuation Pause) 629M->267M(686M) 14.299ms
[232.750s][info][gc,cpu      ] GC(495) User=0.02s Sys=0.00s Real=0.01s
[233.531s][info][gc,start    ] GC(496) Pause Young (Concurrent Start) (G1 Evacuation Pause)
[233.531s][info][gc,task     ] GC(496) Using 2 workers of 2 for evacuation
[233.541s][info][gc,phases   ] GC(496)   Pre Evacuate Collection Set: 0.32ms
[233.541s][info][gc,phases   ] GC(496)   Merge Heap Roots: 0.14ms
[233.541s][info][gc,phases   ] GC(496)   Evacuate Collection Set: 8.55ms
[233.541s][info][gc,phases   ] GC(496)   Post Evacuate Collection Set: 1.04ms
[233.541s][info][gc,phases   ] GC(496)   Other: 0.11ms
[233.541s][info][gc,heap     ] GC(496) Eden regions: 364->0(364)
[233.541s][info][gc,heap     ] GC(496) Survivor regions: 18->18(48)
[233.541s][info][gc,heap     ] GC(496) Old regions: 44->44
[233.541s][info][gc,heap     ] GC(496) Humongous regions: 207->207
[233.541s][info][gc,metaspace] GC(496) Metaspace: 56892K(57216K)->56892K(57216K) NonClass: 48591K(48832K)->48591K(48832K) Class: 8300K(8384K)->8300K(8384K)
[233.541s][info][gc          ] GC(496) Pause Young (Concurrent Start) (G1 Evacuation Pause) 631M->267M(686M) 10.360ms
[233.541s][info][gc,cpu      ] GC(496) User=0.02s Sys=0.00s Real=0.01s
[233.541s][info][gc          ] GC(497) Concurrent Mark Cycle
[233.541s][info][gc,marking  ] GC(497) Concurrent Scan Root Regions
[233.552s][info][gc,marking  ] GC(497) Concurrent Scan Root Regions 10.287ms
[233.552s][info][gc,marking  ] GC(497) Concurrent Mark
[233.552s][info][gc,marking  ] GC(497) Concurrent Mark From Roots
[233.552s][info][gc,task     ] GC(497) Using 1 workers of 1 for marking
[233.606s][info][gc,marking  ] GC(497) Concurrent Mark From Roots 54.399ms
[233.606s][info][gc,marking  ] GC(497) Concurrent Preclean
[233.606s][info][gc,marking  ] GC(497) Concurrent Preclean 0.074ms
[233.607s][info][gc,start    ] GC(497) Pause Remark
[233.617s][info][gc          ] GC(497) Pause Remark 290M->290M(686M) 10.183ms
[233.617s][info][gc,cpu      ] GC(497) User=0.02s Sys=0.00s Real=0.01s
[233.618s][info][gc,marking  ] GC(497) Concurrent Mark 65.980ms
[233.618s][info][gc,marking  ] GC(497) Concurrent Rebuild Remembered Sets and Scrub Regions
[233.649s][info][gc,marking  ] GC(497) Concurrent Rebuild Remembered Sets and Scrub Regions 31.133ms
[233.649s][info][gc,start    ] GC(497) Pause Cleanup
[233.649s][info][gc          ] GC(497) Pause Cleanup 314M->314M(686M) 0.096ms
[233.649s][info][gc,cpu      ] GC(497) User=0.00s Sys=0.00s Real=0.00s
[233.649s][info][gc,marking  ] GC(497) Concurrent Clear Claimed Marks
[233.649s][info][gc,marking  ] GC(497) Concurrent Clear Claimed Marks 0.096ms
[233.649s][info][gc,marking  ] GC(497) Concurrent Cleanup for Next Mark
[233.652s][info][gc,marking  ] GC(497) Concurrent Cleanup for Next Mark 2.370ms
[233.652s][info][gc          ] GC(497) Concurrent Mark Cycle 110.348ms
[234.333s][info][gc,start    ] GC(498) Pause Young (Prepare Mixed) (G1 Evacuation Pause)
[234.333s][info][gc,task     ] GC(498) Using 2 workers of 2 for evacuation
[234.343s][info][gc,phases   ] GC(498)   Pre Evacuate Collection Set: 0.31ms
[234.343s][info][gc,phases   ] GC(498)   Merge Heap Roots: 0.16ms
[234.343s][info][gc,phases   ] GC(498)   Evacuate Collection Set: 8.20ms
[234.343s][info][gc,phases   ] GC(498)   Post Evacuate Collection Set: 0.77ms
[234.343s][info][gc,phases   ] GC(498)   Other: 0.09ms
[234.343s][info][gc,heap     ] GC(498) Eden regions: 364->0(364)
[234.343s][info][gc,heap     ] GC(498) Survivor regions: 18->18(48)
[234.343s][info][gc,heap     ] GC(498) Old regions: 44->44
[234.343s][info][gc,heap     ] GC(498) Humongous regions: 207->207
[234.343s][info][gc,metaspace] GC(498) Metaspace: 56892K(57216K)->56892K(57216K) NonClass: 48591K(48832K)->48591K(48832K) Class: 8300K(8384K)->8300K(8384K)
[234.343s][info][gc          ] GC(498) Pause Young (Prepare Mixed) (G1 Evacuation Pause) 631M->267M(686M) 9.757ms
[234.343s][info][gc,cpu      ] GC(498) User=0.01s Sys=0.00s Real=0.01s
[235.127s][info][gc,start    ] GC(499) Pause Young (Mixed) (G1 Evacuation Pause)
[235.127s][info][gc,task     ] GC(499) Using 2 workers of 2 for evacuation
[235.139s][info][gc,phases   ] GC(499)   Pre Evacuate Collection Set: 0.33ms
[235.140s][info][gc,phases   ] GC(499)   Merge Heap Roots: 0.15ms
[235.140s][info][gc,phases   ] GC(499)   Evacuate Collection Set: 10.85ms
[235.140s][info][gc,phases   ] GC(499)   Post Evacuate Collection Set: 0.83ms
[235.140s][info][gc,phases   ] GC(499)   Other: 0.10ms
[235.140s][info][gc,heap     ] GC(499) Eden regions: 364->0(363)
[235.140s][info][gc,heap     ] GC(499) Survivor regions: 18->19(48)
[235.140s][info][gc,heap     ] GC(499) Old regions: 44->43
[235.140s][info][gc,heap     ] GC(499) Humongous regions: 207->207
[235.140s][info][gc,metaspace] GC(499) Metaspace: 56892K(57216K)->56892K(57216K) NonClass: 48591K(48832K)->48591K(48832K) Class: 8300K(8384K)->8300K(8384K)
[235.140s][info][gc          ] GC(499) Pause Young (Mixed) (G1 Evacuation Pause) 631M->268M(686M) 12.519ms
[235.140s][info][gc,cpu      ] GC(499) User=0.03s Sys=0.00s Real=0.01s
[235.978s][info][gc,start    ] GC(500) Pause Young (Concurrent Start) (G1 Evacuation Pause)
[235.978s][info][gc,task     ] GC(500) Using 2 workers of 2 for evacuation
[235.988s][info][gc,phases   ] GC(500)   Pre Evacuate Collection Set: 0.31ms
[235.988s][info][gc,phases   ] GC(500)   Merge Heap Roots: 0.12ms
[235.988s][info][gc,phases   ] GC(500)   Evacuate Collection Set: 8.69ms
[235.988s][info][gc,phases   ] GC(500)   Post Evacuate Collection Set: 0.85ms
[235.988s][info][gc,phases   ] GC(500)   Other: 0.13ms
[235.988s][info][gc,heap     ] GC(500) Eden regions: 363->0(365)
[235.988s][info][gc,heap     ] GC(500) Survivor regions: 19->18(48)
[235.988s][info][gc,heap     ] GC(500) Old regions: 43->43
[235.988s][info][gc,heap     ] GC(500) Humongous regions: 207->207
[235.988s][info][gc,metaspace] GC(500) Metaspace: 56892K(57216K)->56892K(57216K) NonClass: 48591K(48832K)->48591K(48832K) Class: 8300K(8384K)->8300K(8384K)
[235.988s][info][gc          ] GC(500) Pause Young (Concurrent Start) (G1 Evacuation Pause) 631M->267M(686M) 10.323ms
[235.988s][info][gc,cpu      ] GC(500) User=0.02s Sys=0.00s Real=0.01s
[235.988s][info][gc          ] GC(501) Concurrent Mark Cycle
[235.988s][info][gc,marking  ] GC(501) Concurrent Scan Root Regions
[235.998s][info][gc,marking  ] GC(501) Concurrent Scan Root Regions 9.366ms
[235.998s][info][gc,marking  ] GC(501) Concurrent Mark
[235.998s][info][gc,marking  ] GC(501) Concurrent Mark From Roots
[235.998s][info][gc,task     ] GC(501) Using 1 workers of 1 for marking
[236.068s][info][gc,marking  ] GC(501) Concurrent Mark From Roots 70.197ms
[236.068s][info][gc,marking  ] GC(501) Concurrent Preclean
[236.068s][info][gc,marking  ] GC(501) Concurrent Preclean 0.053ms
[236.068s][info][gc,start    ] GC(501) Pause Remark
[236.078s][info][gc          ] GC(501) Pause Remark 321M->321M(686M) 9.757ms
[236.078s][info][gc,cpu      ] GC(501) User=0.02s Sys=0.00s Real=0.01s
[236.079s][info][gc,marking  ] GC(501) Concurrent Mark 80.729ms
[236.079s][info][gc,marking  ] GC(501) Concurrent Rebuild Remembered Sets and Scrub Regions
[236.095s][info][gc,marking  ] GC(501) Concurrent Rebuild Remembered Sets and Scrub Regions 16.381ms
[236.095s][info][gc,start    ] GC(501) Pause Cleanup
[236.095s][info][gc          ] GC(501) Pause Cleanup 326M->326M(686M) 0.077ms
[236.095s][info][gc,cpu      ] GC(501) User=0.00s Sys=0.00s Real=0.00s
[236.095s][info][gc,marking  ] GC(501) Concurrent Clear Claimed Marks
[236.095s][info][gc,marking  ] GC(501) Concurrent Clear Claimed Marks 0.094ms
[236.095s][info][gc,marking  ] GC(501) Concurrent Cleanup for Next Mark
[236.097s][info][gc,marking  ] GC(501) Concurrent Cleanup for Next Mark 2.068ms
[236.098s][info][gc          ] GC(501) Concurrent Mark Cycle 109.118ms
[236.730s][info][gc,start    ] GC(502) Pause Young (Prepare Mixed) (G1 Evacuation Pause)
[236.730s][info][gc,task     ] GC(502) Using 2 workers of 2 for evacuation
[236.740s][info][gc,phases   ] GC(502)   Pre Evacuate Collection Set: 0.33ms
[236.740s][info][gc,phases   ] GC(502)   Merge Heap Roots: 0.15ms
[236.740s][info][gc,phases   ] GC(502)   Evacuate Collection Set: 8.28ms
[236.740s][info][gc,phases   ] GC(502)   Post Evacuate Collection Set: 0.78ms
[236.740s][info][gc,phases   ] GC(502)   Other: 0.09ms
[236.740s][info][gc,heap     ] GC(502) Eden regions: 365->0(363)
[236.740s][info][gc,heap     ] GC(502) Survivor regions: 18->19(48)
[236.740s][info][gc,heap     ] GC(502) Old regions: 43->43
[236.740s][info][gc,heap     ] GC(502) Humongous regions: 207->207
[236.740s][info][gc,metaspace] GC(502) Metaspace: 56892K(57216K)->56892K(57216K) NonClass: 48591K(48832K)->48591K(48832K) Class: 8300K(8384K)->8300K(8384K)
[236.740s][info][gc          ] GC(502) Pause Young (Prepare Mixed) (G1 Evacuation Pause) 632M->268M(686M) 9.855ms
[236.740s][info][gc,cpu      ] GC(502) User=0.02s Sys=0.01s Real=0.01s
[237.620s][info][gc,start    ] GC(503) Pause Young (Mixed) (G1 Evacuation Pause)
[237.620s][info][gc,task     ] GC(503) Using 2 workers of 2 for evacuation
[237.631s][info][gc,phases   ] GC(503)   Pre Evacuate Collection Set: 0.31ms
[237.631s][info][gc,phases   ] GC(503)   Merge Heap Roots: 0.14ms
[237.631s][info][gc,phases   ] GC(503)   Evacuate Collection Set: 9.47ms
[237.631s][info][gc,phases   ] GC(503)   Post Evacuate Collection Set: 0.83ms
[237.631s][info][gc,phases   ] GC(503)   Other: 0.11ms
[237.631s][info][gc,heap     ] GC(503) Eden regions: 363->0(363)
[237.631s][info][gc,heap     ] GC(503) Survivor regions: 19->19(48)
[237.631s][info][gc,heap     ] GC(503) Old regions: 43->43
[237.631s][info][gc,heap     ] GC(503) Humongous regions: 207->207
[237.631s][info][gc,metaspace] GC(503) Metaspace: 56892K(57216K)->56892K(57216K) NonClass: 48591K(48832K)->48591K(48832K) Class: 8300K(8384K)->8300K(8384K)
[237.631s][info][gc          ] GC(503) Pause Young (Mixed) (G1 Evacuation Pause) 631M->268M(686M) 11.088ms
[237.631s][info][gc,cpu      ] GC(503) User=0.03s Sys=0.00s Real=0.01s
[238.423s][info][gc,start    ] GC(504) Pause Young (Concurrent Start) (G1 Evacuation Pause)
[238.423s][info][gc,task     ] GC(504) Using 2 workers of 2 for evacuation
[238.433s][info][gc,phases   ] GC(504)   Pre Evacuate Collection Set: 0.33ms
[238.433s][info][gc,phases   ] GC(504)   Merge Heap Roots: 0.12ms
[238.433s][info][gc,phases   ] GC(504)   Evacuate Collection Set: 8.71ms
[238.433s][info][gc,phases   ] GC(504)   Post Evacuate Collection Set: 0.77ms
[238.433s][info][gc,phases   ] GC(504)   Other: 0.12ms
[238.433s][info][gc,heap     ] GC(504) Eden regions: 363->0(365)
[238.433s][info][gc,heap     ] GC(504) Survivor regions: 19->18(48)
[238.433s][info][gc,heap     ] GC(504) Old regions: 43->43
[238.433s][info][gc,heap     ] GC(504) Humongous regions: 207->207
[238.433s][info][gc,metaspace] GC(504) Metaspace: 56892K(57216K)->56892K(57216K) NonClass: 48591K(48832K)->48591K(48832K) Class: 8300K(8384K)->8300K(8384K)
[238.433s][info][gc          ] GC(504) Pause Young (Concurrent Start) (G1 Evacuation Pause) 631M->267M(686M) 10.314ms
[238.433s][info][gc          ] GC(505) Concurrent Mark Cycle
[238.433s][info][gc,marking  ] GC(505) Concurrent Scan Root Regions
[238.435s][info][gc,cpu      ] GC(504) User=0.02s Sys=0.00s Real=0.02s
[238.444s][info][gc,marking  ] GC(505) Concurrent Scan Root Regions 10.428ms
[238.444s][info][gc,marking  ] GC(505) Concurrent Mark
[238.444s][info][gc,marking  ] GC(505) Concurrent Mark From Roots
[238.444s][info][gc,task     ] GC(505) Using 1 workers of 1 for marking
[238.498s][info][gc,marking  ] GC(505) Concurrent Mark From Roots 54.356ms
[238.498s][info][gc,marking  ] GC(505) Concurrent Preclean
[238.498s][info][gc,marking  ] GC(505) Concurrent Preclean 0.062ms
[238.498s][info][gc,start    ] GC(505) Pause Remark
[238.508s][info][gc          ] GC(505) Pause Remark 297M->297M(686M) 9.812ms
[238.508s][info][gc,cpu      ] GC(505) User=0.02s Sys=0.01s Real=0.01s
[238.509s][info][gc,marking  ] GC(505) Concurrent Mark 64.679ms
[238.509s][info][gc,marking  ] GC(505) Concurrent Rebuild Remembered Sets and Scrub Regions
[238.545s][info][gc,marking  ] GC(505) Concurrent Rebuild Remembered Sets and Scrub Regions 36.550ms
[238.545s][info][gc,start    ] GC(505) Pause Cleanup
[238.545s][info][gc          ] GC(505) Pause Cleanup 324M->324M(686M) 0.100ms
[238.545s][info][gc,cpu      ] GC(505) User=0.00s Sys=0.00s Real=0.00s
[238.546s][info][gc,marking  ] GC(505) Concurrent Clear Claimed Marks
[238.546s][info][gc,marking  ] GC(505) Concurrent Clear Claimed Marks 0.102ms
[238.546s][info][gc,marking  ] GC(505) Concurrent Cleanup for Next Mark
[238.551s][info][gc,marking  ] GC(505) Concurrent Cleanup for Next Mark 5.502ms
[238.551s][info][gc          ] GC(505) Concurrent Mark Cycle 117.879ms
[239.226s][info][gc,start    ] GC(506) Pause Young (Prepare Mixed) (G1 Evacuation Pause)
[239.226s][info][gc,task     ] GC(506) Using 2 workers of 2 for evacuation
[239.235s][info][gc,phases   ] GC(506)   Pre Evacuate Collection Set: 0.31ms
[239.235s][info][gc,phases   ] GC(506)   Merge Heap Roots: 0.14ms
[239.235s][info][gc,phases   ] GC(506)   Evacuate Collection Set: 7.55ms
[239.235s][info][gc,phases   ] GC(506)   Post Evacuate Collection Set: 0.78ms
[239.235s][info][gc,phases   ] GC(506)   Other: 0.10ms
[239.235s][info][gc,heap     ] GC(506) Eden regions: 365->0(365)
[239.235s][info][gc,heap     ] GC(506) Survivor regions: 18->18(48)
[239.235s][info][gc,heap     ] GC(506) Old regions: 43->43
[239.235s][info][gc,heap     ] GC(506) Humongous regions: 207->207
[239.235s][info][gc,metaspace] GC(506) Metaspace: 56892K(57216K)->56892K(57216K) NonClass: 48591K(48832K)->48591K(48832K) Class: 8300K(8384K)->8300K(8384K)
[239.235s][info][gc          ] GC(506) Pause Young (Prepare Mixed) (G1 Evacuation Pause) 632M->267M(686M) 9.119ms
[239.235s][info][gc,cpu      ] GC(506) User=0.02s Sys=0.00s Real=0.01s
[240.068s][info][gc,start    ] GC(507) Pause Young (Mixed) (G1 Evacuation Pause)
[240.068s][info][gc,task     ] GC(507) Using 2 workers of 2 for evacuation
[240.080s][info][gc,phases   ] GC(507)   Pre Evacuate Collection Set: 0.33ms
[240.080s][info][gc,phases   ] GC(507)   Merge Heap Roots: 0.15ms
[240.080s][info][gc,phases   ] GC(507)   Evacuate Collection Set: 10.12ms
[240.080s][info][gc,phases   ] GC(507)   Post Evacuate Collection Set: 0.81ms
[240.080s][info][gc,phases   ] GC(507)   Other: 0.13ms
[240.080s][info][gc,heap     ] GC(507) Eden regions: 365->0(363)
[240.080s][info][gc,heap     ] GC(507) Survivor regions: 18->19(48)
[240.080s][info][gc,heap     ] GC(507) Old regions: 43->43
[240.080s][info][gc,heap     ] GC(507) Humongous regions: 207->207
[240.080s][info][gc,metaspace] GC(507) Metaspace: 56892K(57216K)->56892K(57216K) NonClass: 48591K(48832K)->48591K(48832K) Class: 8300K(8384K)->8300K(8384K)
[240.080s][info][gc          ] GC(507) Pause Young (Mixed) (G1 Evacuation Pause) 632M->268M(686M) 11.799ms
[240.080s][info][gc,cpu      ] GC(507) User=0.02s Sys=0.00s Real=0.01s
[240.814s][info][gc,start    ] GC(508) Pause Young (Concurrent Start) (G1 Evacuation Pause)
[240.814s][info][gc,task     ] GC(508) Using 2 workers of 2 for evacuation
[240.824s][info][gc,phases   ] GC(508)   Pre Evacuate Collection Set: 0.35ms
[240.824s][info][gc,phases   ] GC(508)   Merge Heap Roots: 0.13ms
[240.824s][info][gc,phases   ] GC(508)   Evacuate Collection Set: 8.96ms
[240.824s][info][gc,phases   ] GC(508)   Post Evacuate Collection Set: 0.76ms
[240.824s][info][gc,phases   ] GC(508)   Other: 0.11ms
[240.824s][info][gc,heap     ] GC(508) Eden regions: 363->0(375)
[240.824s][info][gc,heap     ] GC(508) Survivor regions: 19->7(48)
[240.825s][info][gc,heap     ] GC(508) Old regions: 43->55
[240.825s][info][gc,heap     ] GC(508) Humongous regions: 207->207
[240.825s][info][gc,metaspace] GC(508) Metaspace: 56892K(57216K)->56892K(57216K) NonClass: 48591K(48832K)->48591K(48832K) Class: 8300K(8384K)->8300K(8384K)
[240.825s][info][gc          ] GC(508) Pause Young (Concurrent Start) (G1 Evacuation Pause) 631M->268M(686M) 10.544ms
[240.825s][info][gc,cpu      ] GC(508) User=0.02s Sys=0.00s Real=0.01s
[240.825s][info][gc          ] GC(509) Concurrent Mark Cycle
[240.825s][info][gc,marking  ] GC(509) Concurrent Scan Root Regions
[240.832s][info][gc,marking  ] GC(509) Concurrent Scan Root Regions 6.918ms
[240.832s][info][gc,marking  ] GC(509) Concurrent Mark
[240.832s][info][gc,marking  ] GC(509) Concurrent Mark From Roots
[240.832s][info][gc,task     ] GC(509) Using 1 workers of 1 for marking
[240.886s][info][gc,marking  ] GC(509) Concurrent Mark From Roots 53.369ms
[240.886s][info][gc,marking  ] GC(509) Concurrent Preclean
[240.886s][info][gc,marking  ] GC(509) Concurrent Preclean 0.062ms
[240.886s][info][gc,start    ] GC(509) Pause Remark
[240.914s][info][gc          ] GC(509) Pause Remark 299M->299M(686M) 28.186ms
[240.914s][info][gc,cpu      ] GC(509) User=0.02s Sys=0.00s Real=0.03s
[240.915s][info][gc,marking  ] GC(509) Concurrent Mark 82.636ms
[240.915s][info][gc,marking  ] GC(509) Concurrent Rebuild Remembered Sets and Scrub Regions
[240.967s][info][gc,marking  ] GC(509) Concurrent Rebuild Remembered Sets and Scrub Regions 51.669ms
[240.967s][info][gc,start    ] GC(509) Pause Cleanup
[240.967s][info][gc          ] GC(509) Pause Cleanup 318M->318M(686M) 0.096ms
[240.967s][info][gc,cpu      ] GC(509) User=0.00s Sys=0.00s Real=0.00s
[240.968s][info][gc,marking  ] GC(509) Concurrent Clear Claimed Marks
[240.968s][info][gc,marking  ] GC(509) Concurrent Clear Claimed Marks 0.095ms
[240.968s][info][gc,marking  ] GC(509) Concurrent Cleanup for Next Mark
[240.979s][info][gc,marking  ] GC(509) Concurrent Cleanup for Next Mark 11.178ms
[240.979s][info][gc          ] GC(509) Concurrent Mark Cycle 153.596ms
[241.631s][info][gc,start    ] GC(510) Pause Young (Prepare Mixed) (G1 Evacuation Pause)
[241.631s][info][gc,task     ] GC(510) Using 2 workers of 2 for evacuation
[241.638s][info][gc,phases   ] GC(510)   Pre Evacuate Collection Set: 0.48ms
[241.638s][info][gc,phases   ] GC(510)   Merge Heap Roots: 0.17ms
[241.638s][info][gc,phases   ] GC(510)   Evacuate Collection Set: 5.58ms
[241.638s][info][gc,phases   ] GC(510)   Post Evacuate Collection Set: 0.73ms
[241.638s][info][gc,phases   ] GC(510)   Other: 0.11ms
[241.638s][info][gc,heap     ] GC(510) Eden regions: 375->0(374)
[241.638s][info][gc,heap     ] GC(510) Survivor regions: 7->7(48)
[241.639s][info][gc,heap     ] GC(510) Old regions: 55->56
[241.639s][info][gc,heap     ] GC(510) Humongous regions: 207->207
[241.639s][info][gc,metaspace] GC(510) Metaspace: 56892K(57216K)->56892K(57216K) NonClass: 48591K(48832K)->48591K(48832K) Class: 8300K(8384K)->8300K(8384K)
[241.639s][info][gc          ] GC(510) Pause Young (Prepare Mixed) (G1 Evacuation Pause) 643M->269M(686M) 7.303ms
[241.639s][info][gc,cpu      ] GC(510) User=0.01s Sys=0.00s Real=0.01s
[242.435s][info][gc,start    ] GC(511) Pause Young (Mixed) (G1 Evacuation Pause)
[242.435s][info][gc,task     ] GC(511) Using 2 workers of 2 for evacuation
[242.444s][info][gc,phases   ] GC(511)   Pre Evacuate Collection Set: 0.29ms
[242.444s][info][gc,phases   ] GC(511)   Merge Heap Roots: 0.15ms
[242.444s][info][gc,phases   ] GC(511)   Evacuate Collection Set: 8.04ms
[242.444s][info][gc,phases   ] GC(511)   Post Evacuate Collection Set: 0.80ms
[242.444s][info][gc,phases   ] GC(511)   Other: 0.13ms
[242.444s][info][gc,heap     ] GC(511) Eden regions: 374->0(372)
[242.444s][info][gc,heap     ] GC(511) Survivor regions: 7->8(48)
[242.444s][info][gc,heap     ] GC(511) Old regions: 56->56
[242.444s][info][gc,heap     ] GC(511) Humongous regions: 207->207
[242.444s][info][gc,metaspace] GC(511) Metaspace: 56892K(57216K)->56892K(57216K) NonClass: 48591K(48832K)->48591K(48832K) Class: 8300K(8384K)->8300K(8384K)
[242.444s][info][gc          ] GC(511) Pause Young (Mixed) (G1 Evacuation Pause) 643M->269M(686M) 9.643ms
[242.444s][info][gc,cpu      ] GC(511) User=0.01s Sys=0.00s Real=0.01s
[243.251s][info][gc,start    ] GC(512) Pause Young (Concurrent Start) (G1 Evacuation Pause)
[243.251s][info][gc,task     ] GC(512) Using 2 workers of 2 for evacuation
[243.258s][info][gc,phases   ] GC(512)   Pre Evacuate Collection Set: 0.34ms
[243.258s][info][gc,phases   ] GC(512)   Merge Heap Roots: 0.12ms
[243.258s][info][gc,phases   ] GC(512)   Evacuate Collection Set: 4.94ms
[243.258s][info][gc,phases   ] GC(512)   Post Evacuate Collection Set: 0.75ms
[243.258s][info][gc,phases   ] GC(512)   Other: 0.12ms
[243.258s][info][gc,heap     ] GC(512) Eden regions: 372->0(376)
[243.258s][info][gc,heap     ] GC(512) Survivor regions: 8->6(48)
[243.258s][info][gc,heap     ] GC(512) Old regions: 56->56
[243.258s][info][gc,heap     ] GC(512) Humongous regions: 207->207
[243.258s][info][gc,metaspace] GC(512) Metaspace: 56892K(57216K)->56892K(57216K) NonClass: 48591K(48832K)->48591K(48832K) Class: 8300K(8384K)->8300K(8384K)
[243.258s][info][gc          ] GC(512) Pause Young (Concurrent Start) (G1 Evacuation Pause) 641M->268M(686M) 6.485ms
[243.258s][info][gc,cpu      ] GC(512) User=0.01s Sys=0.00s Real=0.01s
[243.258s][info][gc          ] GC(513) Concurrent Mark Cycle
[243.258s][info][gc,marking  ] GC(513) Concurrent Scan Root Regions
[243.261s][info][gc,marking  ] GC(513) Concurrent Scan Root Regions 3.005ms
[243.261s][info][gc,marking  ] GC(513) Concurrent Mark
[243.261s][info][gc,marking  ] GC(513) Concurrent Mark From Roots
[243.261s][info][gc,task     ] GC(513) Using 1 workers of 1 for marking
[243.311s][info][gc,marking  ] GC(513) Concurrent Mark From Roots 49.884ms
[243.311s][info][gc,marking  ] GC(513) Concurrent Preclean
[243.311s][info][gc,marking  ] GC(513) Concurrent Preclean 0.077ms
[243.311s][info][gc,start    ] GC(513) Pause Remark
[243.321s][info][gc          ] GC(513) Pause Remark 282M->274M(686M) 9.781ms
[243.321s][info][gc,cpu      ] GC(513) User=0.02s Sys=0.00s Real=0.01s
[243.322s][info][gc,marking  ] GC(513) Concurrent Mark 60.861ms
[243.322s][info][gc,marking  ] GC(513) Concurrent Rebuild Remembered Sets and Scrub Regions
[243.341s][info][gc,marking  ] GC(513) Concurrent Rebuild Remembered Sets and Scrub Regions 19.180ms
[243.341s][info][gc,start    ] GC(513) Pause Cleanup
[243.341s][info][gc          ] GC(513) Pause Cleanup 287M->287M(686M) 0.085ms
[243.341s][info][gc,cpu      ] GC(513) User=0.00s Sys=0.00s Real=0.00s
[243.342s][info][gc,marking  ] GC(513) Concurrent Clear Claimed Marks
[243.342s][info][gc,marking  ] GC(513) Concurrent Clear Claimed Marks 0.098ms
[243.342s][info][gc,marking  ] GC(513) Concurrent Cleanup for Next Mark
[243.344s][info][gc,marking  ] GC(513) Concurrent Cleanup for Next Mark 2.421ms
[243.344s][info][gc          ] GC(513) Concurrent Mark Cycle 86.317ms
[244.187s][info][gc,start    ] GC(514) Pause Young (Prepare Mixed) (G1 Evacuation Pause)
[244.187s][info][gc,task     ] GC(514) Using 2 workers of 2 for evacuation
[244.192s][info][gc,phases   ] GC(514)   Pre Evacuate Collection Set: 0.38ms
[244.192s][info][gc,phases   ] GC(514)   Merge Heap Roots: 0.19ms
[244.192s][info][gc,phases   ] GC(514)   Evacuate Collection Set: 3.93ms
[244.192s][info][gc,phases   ] GC(514)   Post Evacuate Collection Set: 0.86ms
[244.192s][info][gc,phases   ] GC(514)   Other: 0.17ms
[244.192s][info][gc,heap     ] GC(514) Eden regions: 376->0(384)
[244.192s][info][gc,heap     ] GC(514) Survivor regions: 6->6(48)
[244.192s][info][gc,heap     ] GC(514) Old regions: 48->48
[244.192s][info][gc,heap     ] GC(514) Humongous regions: 207->207
[244.192s][info][gc,metaspace] GC(514) Metaspace: 56892K(57216K)->56892K(57216K) NonClass: 48591K(48832K)->48591K(48832K) Class: 8300K(8384K)->8300K(8384K)
[244.192s][info][gc          ] GC(514) Pause Young (Prepare Mixed) (G1 Evacuation Pause) 636M->260M(686M) 5.826ms
[244.192s][info][gc,cpu      ] GC(514) User=0.01s Sys=0.00s Real=0.00s
[244.933s][info][gc,start    ] GC(515) Pause Young (Mixed) (G1 Evacuation Pause)
[244.933s][info][gc,task     ] GC(515) Using 2 workers of 2 for evacuation
[244.940s][info][gc,phases   ] GC(515)   Pre Evacuate Collection Set: 0.30ms
[244.940s][info][gc,phases   ] GC(515)   Merge Heap Roots: 0.12ms
[244.940s][info][gc,phases   ] GC(515)   Evacuate Collection Set: 5.57ms
[244.940s][info][gc,phases   ] GC(515)   Post Evacuate Collection Set: 0.73ms
[244.940s][info][gc,phases   ] GC(515)   Other: 0.10ms
[244.940s][info][gc,heap     ] GC(515) Eden regions: 384->0(389)
[244.940s][info][gc,heap     ] GC(515) Survivor regions: 6->3(49)
[244.940s][info][gc,heap     ] GC(515) Old regions: 48->49
[244.940s][info][gc,heap     ] GC(515) Humongous regions: 207->207
[244.940s][info][gc,metaspace] GC(515) Metaspace: 56892K(57216K)->56892K(57216K) NonClass: 48591K(48832K)->48591K(48832K) Class: 8300K(8384K)->8300K(8384K)
[244.940s][info][gc          ] GC(515) Pause Young (Mixed) (G1 Evacuation Pause) 644M->258M(686M) 7.035ms
[244.940s][info][gc,cpu      ] GC(515) User=0.01s Sys=0.00s Real=0.01s
[245.812s][info][gc,start    ] GC(516) Pause Young (Concurrent Start) (G1 Evacuation Pause)
[245.812s][info][gc,task     ] GC(516) Using 2 workers of 2 for evacuation
[245.817s][info][gc,phases   ] GC(516)   Pre Evacuate Collection Set: 0.33ms
[245.817s][info][gc,phases   ] GC(516)   Merge Heap Roots: 0.12ms
[245.817s][info][gc,phases   ] GC(516)   Evacuate Collection Set: 2.91ms
[245.817s][info][gc,phases   ] GC(516)   Post Evacuate Collection Set: 0.72ms
[245.817s][info][gc,phases   ] GC(516)   Other: 0.12ms
[245.817s][info][gc,heap     ] GC(516) Eden regions: 389->0(391)
[245.817s][info][gc,heap     ] GC(516) Survivor regions: 3->2(49)
[245.817s][info][gc,heap     ] GC(516) Old regions: 49->49
[245.817s][info][gc,heap     ] GC(516) Humongous regions: 207->207
[245.817s][info][gc,metaspace] GC(516) Metaspace: 56892K(57216K)->56892K(57216K) NonClass: 48591K(48832K)->48591K(48832K) Class: 8300K(8384K)->8300K(8384K)
[245.817s][info][gc          ] GC(516) Pause Young (Concurrent Start) (G1 Evacuation Pause) 647M->257M(686M) 4.389ms
[245.817s][info][gc,cpu      ] GC(516) User=0.01s Sys=0.00s Real=0.01s
[245.817s][info][gc          ] GC(517) Concurrent Mark Cycle
[245.817s][info][gc,marking  ] GC(517) Concurrent Scan Root Regions
[245.819s][info][gc,marking  ] GC(517) Concurrent Scan Root Regions 2.270ms
[245.819s][info][gc,marking  ] GC(517) Concurrent Mark
[245.819s][info][gc,marking  ] GC(517) Concurrent Mark From Roots
[245.819s][info][gc,task     ] GC(517) Using 1 workers of 1 for marking
[245.879s][info][gc,marking  ] GC(517) Concurrent Mark From Roots 59.346ms
[245.879s][info][gc,marking  ] GC(517) Concurrent Preclean
[245.879s][info][gc,marking  ] GC(517) Concurrent Preclean 0.073ms
[245.879s][info][gc,start    ] GC(517) Pause Remark
[245.889s][info][gc          ] GC(517) Pause Remark 292M->292M(686M) 10.038ms
[245.889s][info][gc,cpu      ] GC(517) User=0.02s Sys=0.01s Real=0.01s
[245.890s][info][gc,marking  ] GC(517) Concurrent Mark 70.993ms
[245.890s][info][gc,marking  ] GC(517) Concurrent Rebuild Remembered Sets and Scrub Regions
[245.912s][info][gc,marking  ] GC(517) Concurrent Rebuild Remembered Sets and Scrub Regions 21.499ms
[245.912s][info][gc,start    ] GC(517) Pause Cleanup
[245.912s][info][gc          ] GC(517) Pause Cleanup 301M->301M(686M) 0.081ms
[245.912s][info][gc,cpu      ] GC(517) User=0.00s Sys=0.00s Real=0.00s
[245.912s][info][gc,marking  ] GC(517) Concurrent Clear Claimed Marks
[245.912s][info][gc,marking  ] GC(517) Concurrent Clear Claimed Marks 0.091ms
[245.912s][info][gc,marking  ] GC(517) Concurrent Cleanup for Next Mark
[245.914s][info][gc,marking  ] GC(517) Concurrent Cleanup for Next Mark 2.096ms
[245.914s][info][gc          ] GC(517) Concurrent Mark Cycle 97.414ms
[246.644s][info][gc,start    ] GC(518) Pause Young (Prepare Mixed) (G1 Evacuation Pause)
[246.644s][info][gc,task     ] GC(518) Using 2 workers of 2 for evacuation
[246.650s][info][gc,phases   ] GC(518)   Pre Evacuate Collection Set: 0.28ms
[246.650s][info][gc,phases   ] GC(518)   Merge Heap Roots: 0.14ms
[246.650s][info][gc,phases   ] GC(518)   Evacuate Collection Set: 4.57ms
[246.650s][info][gc,phases   ] GC(518)   Post Evacuate Collection Set: 0.76ms
[246.650s][info][gc,phases   ] GC(518)   Other: 0.11ms
[246.650s][info][gc,heap     ] GC(518) Eden regions: 391->0(389)
[246.650s][info][gc,heap     ] GC(518) Survivor regions: 2->3(50)
[246.650s][info][gc,heap     ] GC(518) Old regions: 49->49
[246.650s][info][gc,heap     ] GC(518) Humongous regions: 207->207
[246.650s][info][gc,metaspace] GC(518) Metaspace: 56892K(57216K)->56892K(57216K) NonClass: 48591K(48832K)->48591K(48832K) Class: 8300K(8384K)->8300K(8384K)
[246.650s][info][gc          ] GC(518) Pause Young (Prepare Mixed) (G1 Evacuation Pause) 648M->258M(686M) 6.079ms
[246.650s][info][gc,cpu      ] GC(518) User=0.01s Sys=0.00s Real=0.00s
[247.519s][info][gc,start    ] GC(519) Pause Young (Mixed) (G1 Evacuation Pause)
[247.519s][info][gc,task     ] GC(519) Using 2 workers of 2 for evacuation
[247.525s][info][gc,phases   ] GC(519)   Pre Evacuate Collection Set: 0.30ms
[247.525s][info][gc,phases   ] GC(519)   Merge Heap Roots: 0.15ms
[247.525s][info][gc,phases   ] GC(519)   Evacuate Collection Set: 4.08ms
[247.525s][info][gc,phases   ] GC(519)   Post Evacuate Collection Set: 0.77ms
[247.525s][info][gc,phases   ] GC(519)   Other: 0.13ms
[247.525s][info][gc,heap     ] GC(519) Eden regions: 389->0(392)
[247.525s][info][gc,heap     ] GC(519) Survivor regions: 3->3(49)
[247.525s][info][gc,heap     ] GC(519) Old regions: 49->46
[247.525s][info][gc,heap     ] GC(519) Humongous regions: 207->207
[247.525s][info][gc,metaspace] GC(519) Metaspace: 56892K(57216K)->56892K(57216K) NonClass: 48591K(48832K)->48591K(48832K) Class: 8300K(8384K)->8300K(8384K)
[247.525s][info][gc          ] GC(519) Pause Young (Mixed) (G1 Evacuation Pause) 647M->255M(686M) 5.638ms
[247.525s][info][gc,cpu      ] GC(519) User=0.01s Sys=0.00s Real=0.01s
[248.453s][info][gc,start    ] GC(520) Pause Young (Concurrent Start) (G1 Evacuation Pause)
[248.453s][info][gc,task     ] GC(520) Using 2 workers of 2 for evacuation
[248.459s][info][gc,phases   ] GC(520)   Pre Evacuate Collection Set: 0.31ms
[248.459s][info][gc,phases   ] GC(520)   Merge Heap Roots: 0.13ms
[248.459s][info][gc,phases   ] GC(520)   Evacuate Collection Set: 4.54ms
[248.459s][info][gc,phases   ] GC(520)   Post Evacuate Collection Set: 0.73ms
[248.459s][info][gc,phases   ] GC(520)   Other: 0.13ms
[248.459s][info][gc,heap     ] GC(520) Eden regions: 392->0(392)
[248.459s][info][gc,heap     ] GC(520) Survivor regions: 3->3(50)
[248.459s][info][gc,heap     ] GC(520) Old regions: 46->46
[248.459s][info][gc,heap     ] GC(520) Humongous regions: 207->207
[248.459s][info][gc,metaspace] GC(520) Metaspace: 56892K(57216K)->56892K(57216K) NonClass: 48591K(48832K)->48591K(48832K) Class: 8300K(8384K)->8300K(8384K)
[248.459s][info][gc          ] GC(520) Pause Young (Concurrent Start) (G1 Evacuation Pause) 647M->255M(686M) 6.047ms
[248.459s][info][gc,cpu      ] GC(520) User=0.01s Sys=0.00s Real=0.01s
[248.459s][info][gc          ] GC(521) Concurrent Mark Cycle
[248.460s][info][gc,marking  ] GC(521) Concurrent Scan Root Regions
[248.464s][info][gc,marking  ] GC(521) Concurrent Scan Root Regions 4.267ms
[248.464s][info][gc,marking  ] GC(521) Concurrent Mark
[248.464s][info][gc,marking  ] GC(521) Concurrent Mark From Roots
[248.464s][info][gc,task     ] GC(521) Using 1 workers of 1 for marking
[248.524s][info][gc,marking  ] GC(521) Concurrent Mark From Roots 59.637ms
[248.524s][info][gc,marking  ] GC(521) Concurrent Preclean
[248.524s][info][gc,marking  ] GC(521) Concurrent Preclean 0.078ms
[248.525s][info][gc,start    ] GC(521) Pause Remark
[248.535s][info][gc          ] GC(521) Pause Remark 275M->275M(686M) 9.946ms
[248.535s][info][gc,cpu      ] GC(521) User=0.01s Sys=0.00s Real=0.01s
[248.535s][info][gc,marking  ] GC(521) Concurrent Mark 70.888ms
[248.535s][info][gc,marking  ] GC(521) Concurrent Rebuild Remembered Sets and Scrub Regions
[248.569s][info][gc,marking  ] GC(521) Concurrent Rebuild Remembered Sets and Scrub Regions 33.717ms
[248.569s][info][gc,start    ] GC(521) Pause Cleanup
[248.569s][info][gc          ] GC(521) Pause Cleanup 296M->296M(686M) 0.092ms
[248.569s][info][gc,cpu      ] GC(521) User=0.00s Sys=0.00s Real=0.00s
[248.571s][info][gc,marking  ] GC(521) Concurrent Clear Claimed Marks
[248.571s][info][gc,marking  ] GC(521) Concurrent Clear Claimed Marks 0.129ms
[248.571s][info][gc,marking  ] GC(521) Concurrent Cleanup for Next Mark
[248.575s][info][gc,marking  ] GC(521) Concurrent Cleanup for Next Mark 4.212ms
[248.575s][info][gc          ] GC(521) Concurrent Mark Cycle 115.585ms
[249.327s][info][gc,start    ] GC(522) Pause Young (Prepare Mixed) (G1 Evacuation Pause)
[249.327s][info][gc,task     ] GC(522) Using 2 workers of 2 for evacuation
[249.332s][info][gc,phases   ] GC(522)   Pre Evacuate Collection Set: 0.29ms
[249.332s][info][gc,phases   ] GC(522)   Merge Heap Roots: 0.15ms
[249.332s][info][gc,phases   ] GC(522)   Evacuate Collection Set: 4.03ms
[249.332s][info][gc,phases   ] GC(522)   Post Evacuate Collection Set: 0.73ms
[249.332s][info][gc,phases   ] GC(522)   Other: 0.10ms
[249.332s][info][gc,heap     ] GC(522) Eden regions: 392->0(393)
[249.332s][info][gc,heap     ] GC(522) Survivor regions: 3->2(50)
[249.332s][info][gc,heap     ] GC(522) Old regions: 46->47
[249.332s][info][gc,heap     ] GC(522) Humongous regions: 207->207
[249.332s][info][gc,metaspace] GC(522) Metaspace: 56892K(57216K)->56892K(57216K) NonClass: 48591K(48832K)->48591K(48832K) Class: 8300K(8384K)->8300K(8384K)
[249.333s][info][gc          ] GC(522) Pause Young (Prepare Mixed) (G1 Evacuation Pause) 647M->255M(686M) 5.498ms
[249.333s][info][gc,cpu      ] GC(522) User=0.01s Sys=0.00s Real=0.00s
[250.158s][info][gc,start    ] GC(523) Pause Young (Mixed) (G1 Evacuation Pause)
[250.158s][info][gc,task     ] GC(523) Using 2 workers of 2 for evacuation
[250.162s][info][gc,phases   ] GC(523)   Pre Evacuate Collection Set: 0.29ms
[250.162s][info][gc,phases   ] GC(523)   Merge Heap Roots: 0.15ms
[250.162s][info][gc,phases   ] GC(523)   Evacuate Collection Set: 3.44ms
[250.162s][info][gc,phases   ] GC(523)   Post Evacuate Collection Set: 0.74ms
[250.162s][info][gc,phases   ] GC(523)   Other: 0.09ms
[250.163s][info][gc,heap     ] GC(523) Eden regions: 393->0(398)
[250.163s][info][gc,heap     ] GC(523) Survivor regions: 2->1(50)
[250.163s][info][gc,heap     ] GC(523) Old regions: 47->44
[250.163s][info][gc,heap     ] GC(523) Humongous regions: 207->207
[250.163s][info][gc,metaspace] GC(523) Metaspace: 56892K(57216K)->56892K(57216K) NonClass: 48591K(48832K)->48591K(48832K) Class: 8300K(8384K)->8300K(8384K)
[250.163s][info][gc          ] GC(523) Pause Young (Mixed) (G1 Evacuation Pause) 648M->251M(686M) 4.942ms
[250.163s][info][gc,cpu      ] GC(523) User=0.01s Sys=0.01s Real=0.00s
[251.040s][info][gc,start    ] GC(524) Pause Young (Concurrent Start) (G1 Evacuation Pause)
[251.040s][info][gc,task     ] GC(524) Using 2 workers of 2 for evacuation
[251.048s][info][gc,phases   ] GC(524)   Pre Evacuate Collection Set: 0.34ms
[251.048s][info][gc,phases   ] GC(524)   Merge Heap Roots: 0.15ms
[251.048s][info][gc,phases   ] GC(524)   Evacuate Collection Set: 6.82ms
[251.048s][info][gc,phases   ] GC(524)   Post Evacuate Collection Set: 0.77ms
[251.048s][info][gc,phases   ] GC(524)   Other: 0.14ms
[251.048s][info][gc,heap     ] GC(524) Eden regions: 398->0(394)
[251.048s][info][gc,heap     ] GC(524) Survivor regions: 1->3(50)
[251.048s][info][gc,heap     ] GC(524) Old regions: 44->44
[251.048s][info][gc,heap     ] GC(524) Humongous regions: 207->207
[251.048s][info][gc,metaspace] GC(524) Metaspace: 56892K(57216K)->56892K(57216K) NonClass: 48591K(48832K)->48591K(48832K) Class: 8300K(8384K)->8300K(8384K)
[251.049s][info][gc          ] GC(524) Pause Young (Concurrent Start) (G1 Evacuation Pause) 649M->253M(686M) 8.477ms
[251.049s][info][gc          ] GC(525) Concurrent Mark Cycle
[251.049s][info][gc,marking  ] GC(525) Concurrent Scan Root Regions
[251.051s][info][gc,cpu      ] GC(524) User=0.02s Sys=0.00s Real=0.01s
[251.057s][info][gc,marking  ] GC(525) Concurrent Scan Root Regions 8.355ms
[251.057s][info][gc,marking  ] GC(525) Concurrent Mark
[251.057s][info][gc,marking  ] GC(525) Concurrent Mark From Roots
[251.057s][info][gc,task     ] GC(525) Using 1 workers of 1 for marking
[251.134s][info][gc,marking  ] GC(525) Concurrent Mark From Roots 76.542ms
[251.134s][info][gc,marking  ] GC(525) Concurrent Preclean
[251.134s][info][gc,marking  ] GC(525) Concurrent Preclean 0.082ms
[251.134s][info][gc,start    ] GC(525) Pause Remark
[251.144s][info][gc          ] GC(525) Pause Remark 284M->284M(686M) 9.987ms
[251.144s][info][gc,cpu      ] GC(525) User=0.02s Sys=0.00s Real=0.01s
[251.144s][info][gc,marking  ] GC(525) Concurrent Mark 86.876ms
[251.144s][info][gc,marking  ] GC(525) Concurrent Rebuild Remembered Sets and Scrub Regions
[251.178s][info][gc,marking  ] GC(525) Concurrent Rebuild Remembered Sets and Scrub Regions 33.807ms
[251.178s][info][gc,start    ] GC(525) Pause Cleanup
[251.178s][info][gc          ] GC(525) Pause Cleanup 304M->304M(686M) 0.103ms
[251.179s][info][gc,cpu      ] GC(525) User=0.00s Sys=0.00s Real=0.00s
[251.180s][info][gc,marking  ] GC(525) Concurrent Clear Claimed Marks
[251.180s][info][gc,marking  ] GC(525) Concurrent Clear Claimed Marks 0.128ms
[251.180s][info][gc,marking  ] GC(525) Concurrent Cleanup for Next Mark
[251.182s][info][gc,marking  ] GC(525) Concurrent Cleanup for Next Mark 2.133ms
[251.182s][info][gc          ] GC(525) Concurrent Mark Cycle 133.300ms
[251.920s][info][gc,start    ] GC(526) Pause Young (Prepare Mixed) (G1 Evacuation Pause)
[251.920s][info][gc,task     ] GC(526) Using 2 workers of 2 for evacuation
[251.926s][info][gc,phases   ] GC(526)   Pre Evacuate Collection Set: 0.29ms
[251.926s][info][gc,phases   ] GC(526)   Merge Heap Roots: 0.14ms
[251.926s][info][gc,phases   ] GC(526)   Evacuate Collection Set: 4.08ms
[251.926s][info][gc,phases   ] GC(526)   Post Evacuate Collection Set: 0.75ms
[251.926s][info][gc,phases   ] GC(526)   Other: 0.09ms
[251.926s][info][gc,heap     ] GC(526) Eden regions: 394->0(396)
[251.926s][info][gc,heap     ] GC(526) Survivor regions: 3->2(50)
[251.926s][info][gc,heap     ] GC(526) Old regions: 44->44
[251.926s][info][gc,heap     ] GC(526) Humongous regions: 207->207
[251.926s][info][gc,metaspace] GC(526) Metaspace: 56892K(57216K)->56892K(57216K) NonClass: 48591K(48832K)->48591K(48832K) Class: 8300K(8384K)->8300K(8384K)
[251.926s][info][gc          ] GC(526) Pause Young (Prepare Mixed) (G1 Evacuation Pause) 647M->252M(686M) 5.563ms
[251.926s][info][gc,cpu      ] GC(526) User=0.01s Sys=0.00s Real=0.01s
[252.805s][info][gc,start    ] GC(527) Pause Young (Mixed) (G1 Evacuation Pause)
[252.805s][info][gc,task     ] GC(527) Using 2 workers of 2 for evacuation
[252.810s][info][gc,phases   ] GC(527)   Pre Evacuate Collection Set: 0.30ms
[252.810s][info][gc,phases   ] GC(527)   Merge Heap Roots: 0.14ms
[252.810s][info][gc,phases   ] GC(527)   Evacuate Collection Set: 3.69ms
[252.810s][info][gc,phases   ] GC(527)   Post Evacuate Collection Set: 0.74ms
[252.810s][info][gc,phases   ] GC(527)   Other: 0.09ms
[252.810s][info][gc,heap     ] GC(527) Eden regions: 396->0(400)
[252.810s][info][gc,heap     ] GC(527) Survivor regions: 2->1(50)
[252.810s][info][gc,heap     ] GC(527) Old regions: 44->42
[252.810s][info][gc,heap     ] GC(527) Humongous regions: 207->207
[252.810s][info][gc,metaspace] GC(527) Metaspace: 56892K(57216K)->56892K(57216K) NonClass: 48591K(48832K)->48591K(48832K) Class: 8300K(8384K)->8300K(8384K)
[252.810s][info][gc          ] GC(527) Pause Young (Mixed) (G1 Evacuation Pause) 648M->249M(686M) 5.191ms
[252.810s][info][gc,cpu      ] GC(527) User=0.00s Sys=0.01s Real=0.00s
[253.687s][info][gc,start    ] GC(528) Pause Young (Concurrent Start) (G1 Evacuation Pause)
[253.687s][info][gc,task     ] GC(528) Using 2 workers of 2 for evacuation
[253.693s][info][gc,phases   ] GC(528)   Pre Evacuate Collection Set: 0.34ms
[253.693s][info][gc,phases   ] GC(528)   Merge Heap Roots: 0.13ms
[253.693s][info][gc,phases   ] GC(528)   Evacuate Collection Set: 4.87ms
[253.693s][info][gc,phases   ] GC(528)   Post Evacuate Collection Set: 0.78ms
[253.693s][info][gc,phases   ] GC(528)   Other: 0.12ms
[253.693s][info][gc,heap     ] GC(528) Eden regions: 400->0(396)
[253.693s][info][gc,heap     ] GC(528) Survivor regions: 1->3(51)
[253.693s][info][gc,heap     ] GC(528) Old regions: 42->42
[253.693s][info][gc,heap     ] GC(528) Humongous regions: 207->207
[253.693s][info][gc,metaspace] GC(528) Metaspace: 56892K(57216K)->56892K(57216K) NonClass: 48591K(48832K)->48591K(48832K) Class: 8300K(8384K)->8300K(8384K)
[253.693s][info][gc          ] GC(528) Pause Young (Concurrent Start) (G1 Evacuation Pause) 649M->251M(686M) 6.455ms
[253.693s][info][gc,cpu      ] GC(528) User=0.02s Sys=0.00s Real=0.00s
[253.693s][info][gc          ] GC(529) Concurrent Mark Cycle
[253.695s][info][gc,marking  ] GC(529) Concurrent Scan Root Regions
[253.700s][info][gc,marking  ] GC(529) Concurrent Scan Root Regions 4.920ms
[253.700s][info][gc,marking  ] GC(529) Concurrent Mark
[253.700s][info][gc,marking  ] GC(529) Concurrent Mark From Roots
[253.700s][info][gc,task     ] GC(529) Using 1 workers of 1 for marking
[253.789s][info][gc,marking  ] GC(529) Concurrent Mark From Roots 88.545ms
[253.789s][info][gc,marking  ] GC(529) Concurrent Preclean
[253.789s][info][gc,marking  ] GC(529) Concurrent Preclean 0.072ms
[253.789s][info][gc,start    ] GC(529) Pause Remark
[253.803s][info][gc          ] GC(529) Pause Remark 303M->303M(686M) 13.488ms
[253.803s][info][gc,cpu      ] GC(529) User=0.02s Sys=0.00s Real=0.01s
[253.804s][info][gc,marking  ] GC(529) Concurrent Mark 103.745ms
[253.804s][info][gc,marking  ] GC(529) Concurrent Rebuild Remembered Sets and Scrub Regions
[253.835s][info][gc,marking  ] GC(529) Concurrent Rebuild Remembered Sets and Scrub Regions 31.329ms
[253.836s][info][gc,start    ] GC(529) Pause Cleanup
[253.836s][info][gc          ] GC(529) Pause Cleanup 322M->322M(686M) 0.083ms
[253.836s][info][gc,cpu      ] GC(529) User=0.00s Sys=0.00s Real=0.00s
[253.836s][info][gc,marking  ] GC(529) Concurrent Clear Claimed Marks
[253.836s][info][gc,marking  ] GC(529) Concurrent Clear Claimed Marks 0.098ms
[253.836s][info][gc,marking  ] GC(529) Concurrent Cleanup for Next Mark
[253.838s][info][gc,marking  ] GC(529) Concurrent Cleanup for Next Mark 2.113ms
[253.838s][info][gc          ] GC(529) Concurrent Mark Cycle 144.831ms
[254.554s][info][gc,start    ] GC(530) Pause Young (Prepare Mixed) (G1 Evacuation Pause)
[254.554s][info][gc,task     ] GC(530) Using 2 workers of 2 for evacuation
[254.559s][info][gc,phases   ] GC(530)   Pre Evacuate Collection Set: 0.32ms
[254.559s][info][gc,phases   ] GC(530)   Merge Heap Roots: 0.15ms
[254.559s][info][gc,phases   ] GC(530)   Evacuate Collection Set: 3.69ms
[254.559s][info][gc,phases   ] GC(530)   Post Evacuate Collection Set: 0.75ms
[254.559s][info][gc,phases   ] GC(530)   Other: 0.10ms
[254.559s][info][gc,heap     ] GC(530) Eden regions: 396->0(397)
[254.559s][info][gc,heap     ] GC(530) Survivor regions: 3->2(50)
[254.559s][info][gc,heap     ] GC(530) Old regions: 42->43
[254.559s][info][gc,heap     ] GC(530) Humongous regions: 207->207
[254.559s][info][gc,metaspace] GC(530) Metaspace: 56892K(57216K)->56892K(57216K) NonClass: 48591K(48832K)->48591K(48832K) Class: 8300K(8384K)->8300K(8384K)
[254.559s][info][gc          ] GC(530) Pause Young (Prepare Mixed) (G1 Evacuation Pause) 647M->250M(686M) 5.243ms
[254.559s][info][gc,cpu      ] GC(530) User=0.01s Sys=0.00s Real=0.00s
[255.483s][info][gc,start    ] GC(531) Pause Young (Mixed) (G1 Evacuation Pause)
[255.483s][info][gc,task     ] GC(531) Using 2 workers of 2 for evacuation
[255.489s][info][gc,phases   ] GC(531)   Pre Evacuate Collection Set: 0.36ms
[255.489s][info][gc,phases   ] GC(531)   Merge Heap Roots: 0.13ms
[255.489s][info][gc,phases   ] GC(531)   Evacuate Collection Set: 4.12ms
[255.489s][info][gc,phases   ] GC(531)   Post Evacuate Collection Set: 0.79ms
[255.489s][info][gc,phases   ] GC(531)   Other: 0.13ms
[255.489s][info][gc,heap     ] GC(531) Eden regions: 397->0(399)
[255.489s][info][gc,heap     ] GC(531) Survivor regions: 2->2(50)
[255.489s][info][gc,heap     ] GC(531) Old regions: 43->41
[255.489s][info][gc,heap     ] GC(531) Humongous regions: 207->207
[255.489s][info][gc,metaspace] GC(531) Metaspace: 56892K(57216K)->56892K(57216K) NonClass: 48591K(48832K)->48591K(48832K) Class: 8300K(8384K)->8300K(8384K)
[255.489s][info][gc          ] GC(531) Pause Young (Mixed) (G1 Evacuation Pause) 647M->248M(686M) 5.739ms
[255.489s][info][gc,cpu      ] GC(531) User=0.01s Sys=0.00s Real=0.01s
[256.303s][info][gc,start    ] GC(532) Pause Young (Concurrent Start) (G1 Evacuation Pause)
[256.303s][info][gc,task     ] GC(532) Using 2 workers of 2 for evacuation
[256.307s][info][gc,phases   ] GC(532)   Pre Evacuate Collection Set: 0.34ms
[256.307s][info][gc,phases   ] GC(532)   Merge Heap Roots: 0.13ms
[256.307s][info][gc,phases   ] GC(532)   Evacuate Collection Set: 2.46ms
[256.307s][info][gc,phases   ] GC(532)   Post Evacuate Collection Set: 0.74ms
[256.307s][info][gc,phases   ] GC(532)   Other: 0.11ms
[256.307s][info][gc,heap     ] GC(532) Eden regions: 399->0(401)
[256.307s][info][gc,heap     ] GC(532) Survivor regions: 2->1(51)
[256.307s][info][gc,heap     ] GC(532) Old regions: 41->41
[256.307s][info][gc,heap     ] GC(532) Humongous regions: 207->207
[256.307s][info][gc,metaspace] GC(532) Metaspace: 56892K(57216K)->56892K(57216K) NonClass: 48591K(48832K)->48591K(48832K) Class: 8300K(8384K)->8300K(8384K)
[256.307s][info][gc          ] GC(532) Pause Young (Concurrent Start) (G1 Evacuation Pause) 647M->248M(686M) 4.018ms
[256.307s][info][gc,cpu      ] GC(532) User=0.01s Sys=0.00s Real=0.01s
[256.307s][info][gc          ] GC(533) Concurrent Mark Cycle
[256.307s][info][gc,marking  ] GC(533) Concurrent Scan Root Regions
[256.310s][info][gc,marking  ] GC(533) Concurrent Scan Root Regions 2.299ms
[256.310s][info][gc,marking  ] GC(533) Concurrent Mark
[256.310s][info][gc,marking  ] GC(533) Concurrent Mark From Roots
[256.310s][info][gc,task     ] GC(533) Using 1 workers of 1 for marking
[256.410s][info][gc,marking  ] GC(533) Concurrent Mark From Roots 100.692ms
[256.410s][info][gc,marking  ] GC(533) Concurrent Preclean
[256.411s][info][gc,marking  ] GC(533) Concurrent Preclean 0.095ms
[256.411s][info][gc,start    ] GC(533) Pause Remark
[256.441s][info][gc          ] GC(533) Pause Remark 282M->282M(686M) 30.133ms
[256.441s][info][gc,cpu      ] GC(533) User=0.03s Sys=0.00s Real=0.03s
[256.442s][info][gc,marking  ] GC(533) Concurrent Mark 132.461ms
[256.442s][info][gc,marking  ] GC(533) Concurrent Rebuild Remembered Sets and Scrub Regions
[256.467s][info][gc,marking  ] GC(533) Concurrent Rebuild Remembered Sets and Scrub Regions 24.896ms
[256.467s][info][gc,start    ] GC(533) Pause Cleanup
[256.467s][info][gc          ] GC(533) Pause Cleanup 284M->284M(686M) 0.091ms
[256.467s][info][gc,cpu      ] GC(533) User=0.00s Sys=0.00s Real=0.00s
[256.468s][info][gc,marking  ] GC(533) Concurrent Clear Claimed Marks
[256.468s][info][gc,marking  ] GC(533) Concurrent Clear Claimed Marks 0.113ms
[256.468s][info][gc,marking  ] GC(533) Concurrent Cleanup for Next Mark
[256.471s][info][gc,marking  ] GC(533) Concurrent Cleanup for Next Mark 2.992ms
[256.471s][info][gc          ] GC(533) Concurrent Mark Cycle 163.526ms
[257.146s][info][gc,start    ] GC(534) Pause Young (Prepare Mixed) (G1 Evacuation Pause)
[257.146s][info][gc,task     ] GC(534) Using 2 workers of 2 for evacuation
[257.152s][info][gc,phases   ] GC(534)   Pre Evacuate Collection Set: 0.41ms
[257.152s][info][gc,phases   ] GC(534)   Merge Heap Roots: 0.17ms
[257.152s][info][gc,phases   ] GC(534)   Evacuate Collection Set: 5.09ms
[257.152s][info][gc,phases   ] GC(534)   Post Evacuate Collection Set: 0.78ms
[257.152s][info][gc,phases   ] GC(534)   Other: 0.14ms
[257.152s][info][gc,heap     ] GC(534) Eden regions: 401->0(397)
[257.152s][info][gc,heap     ] GC(534) Survivor regions: 1->3(51)
[257.152s][info][gc,heap     ] GC(534) Old regions: 41->41
[257.152s][info][gc,heap     ] GC(534) Humongous regions: 207->207
[257.152s][info][gc,metaspace] GC(534) Metaspace: 56892K(57216K)->56892K(57216K) NonClass: 48591K(48832K)->48591K(48832K) Class: 8300K(8384K)->8300K(8384K)
[257.152s][info][gc          ] GC(534) Pause Young (Prepare Mixed) (G1 Evacuation Pause) 649M->250M(686M) 6.812ms
[257.153s][info][gc,cpu      ] GC(534) User=0.01s Sys=0.01s Real=0.00s
[258.029s][info][gc,start    ] GC(535) Pause Young (Mixed) (G1 Evacuation Pause)
[258.029s][info][gc,task     ] GC(535) Using 2 workers of 2 for evacuation
[258.038s][info][gc,phases   ] GC(535)   Pre Evacuate Collection Set: 0.32ms
[258.038s][info][gc,phases   ] GC(535)   Merge Heap Roots: 0.17ms
[258.038s][info][gc,phases   ] GC(535)   Evacuate Collection Set: 7.34ms
[258.038s][info][gc,phases   ] GC(535)   Post Evacuate Collection Set: 0.82ms
[258.038s][info][gc,phases   ] GC(535)   Other: 0.11ms
[258.038s][info][gc,heap     ] GC(535) Eden regions: 397->0(398)
[258.038s][info][gc,heap     ] GC(535) Survivor regions: 3->3(50)
[258.038s][info][gc,heap     ] GC(535) Old regions: 41->40
[258.038s][info][gc,heap     ] GC(535) Humongous regions: 207->207
[258.038s][info][gc,metaspace] GC(535) Metaspace: 56892K(57216K)->56892K(57216K) NonClass: 48591K(48832K)->48591K(48832K) Class: 8300K(8384K)->8300K(8384K)
[258.038s][info][gc          ] GC(535) Pause Young (Mixed) (G1 Evacuation Pause) 647M->249M(686M) 8.993ms
[258.038s][info][gc,cpu      ] GC(535) User=0.02s Sys=0.00s Real=0.01s
[258.919s][info][gc,start    ] GC(536) Pause Young (Concurrent Start) (G1 Evacuation Pause)
[258.919s][info][gc,task     ] GC(536) Using 2 workers of 2 for evacuation
[258.925s][info][gc,phases   ] GC(536)   Pre Evacuate Collection Set: 0.34ms
[258.925s][info][gc,phases   ] GC(536)   Merge Heap Roots: 0.16ms
[258.925s][info][gc,phases   ] GC(536)   Evacuate Collection Set: 4.35ms
[258.925s][info][gc,phases   ] GC(536)   Post Evacuate Collection Set: 0.75ms
[258.925s][info][gc,phases   ] GC(536)   Other: 0.14ms
[258.925s][info][gc,heap     ] GC(536) Eden regions: 398->0(400)
[258.925s][info][gc,heap     ] GC(536) Survivor regions: 3->2(51)
[258.925s][info][gc,heap     ] GC(536) Old regions: 40->40
[258.925s][info][gc,heap     ] GC(536) Humongous regions: 207->207
[258.925s][info][gc,metaspace] GC(536) Metaspace: 56892K(57216K)->56892K(57216K) NonClass: 48591K(48832K)->48591K(48832K) Class: 8300K(8384K)->8300K(8384K)
[258.925s][info][gc          ] GC(536) Pause Young (Concurrent Start) (G1 Evacuation Pause) 647M->248M(686M) 5.958ms
[258.925s][info][gc,cpu      ] GC(536) User=0.01s Sys=0.00s Real=0.01s
[258.925s][info][gc          ] GC(537) Concurrent Mark Cycle
[258.925s][info][gc,marking  ] GC(537) Concurrent Scan Root Regions
[258.928s][info][gc,marking  ] GC(537) Concurrent Scan Root Regions 2.647ms
[258.928s][info][gc,marking  ] GC(537) Concurrent Mark
[258.928s][info][gc,marking  ] GC(537) Concurrent Mark From Roots
[258.928s][info][gc,task     ] GC(537) Using 1 workers of 1 for marking
[259.030s][info][gc,marking  ] GC(537) Concurrent Mark From Roots 101.460ms
[259.030s][info][gc,marking  ] GC(537) Concurrent Preclean
[259.030s][info][gc,marking  ] GC(537) Concurrent Preclean 0.124ms
[259.030s][info][gc,start    ] GC(537) Pause Remark
[259.044s][info][gc          ] GC(537) Pause Remark 291M->291M(686M) 14.420ms
[259.045s][info][gc,cpu      ] GC(537) User=0.03s Sys=0.00s Real=0.02s
[259.045s][info][gc,marking  ] GC(537) Concurrent Mark 116.569ms
[259.045s][info][gc,marking  ] GC(537) Concurrent Rebuild Remembered Sets and Scrub Regions
[259.067s][info][gc,marking  ] GC(537) Concurrent Rebuild Remembered Sets and Scrub Regions 22.083ms
[259.067s][info][gc,start    ] GC(537) Pause Cleanup
[259.067s][info][gc          ] GC(537) Pause Cleanup 301M->301M(686M) 0.078ms
[259.067s][info][gc,cpu      ] GC(537) User=0.00s Sys=0.00s Real=0.00s
[259.067s][info][gc,marking  ] GC(537) Concurrent Clear Claimed Marks
[259.067s][info][gc,marking  ] GC(537) Concurrent Clear Claimed Marks 0.091ms
[259.067s][info][gc,marking  ] GC(537) Concurrent Cleanup for Next Mark
[259.069s][info][gc,marking  ] GC(537) Concurrent Cleanup for Next Mark 2.078ms
[259.069s][info][gc          ] GC(537) Concurrent Mark Cycle 144.219ms
[259.948s][info][gc,start    ] GC(538) Pause Young (Prepare Mixed) (G1 Evacuation Pause)
[259.948s][info][gc,task     ] GC(538) Using 2 workers of 2 for evacuation
[259.954s][info][gc,phases   ] GC(538)   Pre Evacuate Collection Set: 0.35ms
[259.954s][info][gc,phases   ] GC(538)   Merge Heap Roots: 0.15ms
[259.954s][info][gc,phases   ] GC(538)   Evacuate Collection Set: 3.73ms
[259.954s][info][gc,phases   ] GC(538)   Post Evacuate Collection Set: 0.77ms
[259.954s][info][gc,phases   ] GC(538)   Other: 0.10ms
[259.954s][info][gc,heap     ] GC(538) Eden regions: 400->0(390)
[259.954s][info][gc,heap     ] GC(538) Survivor regions: 2->7(51)
[259.954s][info][gc,heap     ] GC(538) Old regions: 40->40
[259.954s][info][gc,heap     ] GC(538) Humongous regions: 207->207
[259.954s][info][gc,metaspace] GC(538) Metaspace: 56892K(57216K)->56892K(57216K) NonClass: 48591K(48832K)->48591K(48832K) Class: 8300K(8384K)->8300K(8384K)
[259.954s][info][gc          ] GC(538) Pause Young (Prepare Mixed) (G1 Evacuation Pause) 648M->253M(686M) 5.314ms
[259.954s][info][gc,cpu      ] GC(538) User=0.01s Sys=0.00s Real=0.01s
[260.735s][info][gc,start    ] GC(539) Pause Young (Mixed) (G1 Evacuation Pause)
[260.735s][info][gc,task     ] GC(539) Using 2 workers of 2 for evacuation
[260.744s][info][gc,phases   ] GC(539)   Pre Evacuate Collection Set: 0.30ms
[260.744s][info][gc,phases   ] GC(539)   Merge Heap Roots: 0.17ms
[260.744s][info][gc,phases   ] GC(539)   Evacuate Collection Set: 7.74ms
[260.744s][info][gc,phases   ] GC(539)   Post Evacuate Collection Set: 0.88ms
[260.744s][info][gc,phases   ] GC(539)   Other: 0.12ms
[260.744s][info][gc,heap     ] GC(539) Eden regions: 390->0(389)
[260.744s][info][gc,heap     ] GC(539) Survivor regions: 7->8(50)
[260.744s][info][gc,heap     ] GC(539) Old regions: 40->39
[260.744s][info][gc,heap     ] GC(539) Humongous regions: 207->207
[260.744s][info][gc,metaspace] GC(539) Metaspace: 56892K(57216K)->56892K(57216K) NonClass: 48591K(48832K)->48591K(48832K) Class: 8300K(8384K)->8300K(8384K)
[260.744s][info][gc          ] GC(539) Pause Young (Mixed) (G1 Evacuation Pause) 643M->253M(686M) 9.411ms
[260.744s][info][gc,cpu      ] GC(539) User=0.02s Sys=0.00s Real=0.01s
[261.607s][info][gc,start    ] GC(540) Pause Young (Concurrent Start) (G1 Evacuation Pause)
[261.607s][info][gc,task     ] GC(540) Using 2 workers of 2 for evacuation
[261.614s][info][gc,phases   ] GC(540)   Pre Evacuate Collection Set: 0.37ms
[261.614s][info][gc,phases   ] GC(540)   Merge Heap Roots: 0.15ms
[261.614s][info][gc,phases   ] GC(540)   Evacuate Collection Set: 5.10ms
[261.614s][info][gc,phases   ] GC(540)   Post Evacuate Collection Set: 0.78ms
[261.614s][info][gc,phases   ] GC(540)   Other: 0.12ms
[261.614s][info][gc,heap     ] GC(540) Eden regions: 389->0(389)
[261.614s][info][gc,heap     ] GC(540) Survivor regions: 8->8(50)
[261.614s][info][gc,heap     ] GC(540) Old regions: 39->39
[261.614s][info][gc,heap     ] GC(540) Humongous regions: 207->207
[261.614s][info][gc,metaspace] GC(540) Metaspace: 56892K(57216K)->56892K(57216K) NonClass: 48591K(48832K)->48591K(48832K) Class: 8300K(8384K)->8300K(8384K)
[261.614s][info][gc          ] GC(540) Pause Young (Concurrent Start) (G1 Evacuation Pause) 642M->253M(686M) 6.747ms
[261.614s][info][gc          ] GC(541) Concurrent Mark Cycle
[261.614s][info][gc,marking  ] GC(541) Concurrent Scan Root Regions
[261.615s][info][gc,cpu      ] GC(540) User=0.01s Sys=0.00s Real=0.01s
[261.617s][info][gc,marking  ] GC(541) Concurrent Scan Root Regions 3.211ms
[261.617s][info][gc,marking  ] GC(541) Concurrent Mark
[261.617s][info][gc,marking  ] GC(541) Concurrent Mark From Roots
[261.617s][info][gc,task     ] GC(541) Using 1 workers of 1 for marking
[261.690s][info][gc,marking  ] GC(541) Concurrent Mark From Roots 72.506ms
[261.690s][info][gc,marking  ] GC(541) Concurrent Preclean
[261.690s][info][gc,marking  ] GC(541) Concurrent Preclean 0.072ms
[261.690s][info][gc,start    ] GC(541) Pause Remark
[261.701s][info][gc          ] GC(541) Pause Remark 288M->288M(686M) 10.723ms
[261.701s][info][gc,cpu      ] GC(541) User=0.02s Sys=0.00s Real=0.01s
[261.701s][info][gc,marking  ] GC(541) Concurrent Mark 84.050ms
[261.701s][info][gc,marking  ] GC(541) Concurrent Rebuild Remembered Sets and Scrub Regions
[261.721s][info][gc,marking  ] GC(541) Concurrent Rebuild Remembered Sets and Scrub Regions 19.462ms
[261.721s][info][gc,start    ] GC(541) Pause Cleanup
[261.721s][info][gc          ] GC(541) Pause Cleanup 297M->297M(686M) 0.080ms
[261.721s][info][gc,cpu      ] GC(541) User=0.00s Sys=0.00s Real=0.00s
[261.721s][info][gc,marking  ] GC(541) Concurrent Clear Claimed Marks
[261.721s][info][gc,marking  ] GC(541) Concurrent Clear Claimed Marks 0.097ms
[261.721s][info][gc,marking  ] GC(541) Concurrent Cleanup for Next Mark
[261.724s][info][gc,marking  ] GC(541) Concurrent Cleanup for Next Mark 3.329ms
[261.724s][info][gc          ] GC(541) Concurrent Mark Cycle 110.587ms
[262.439s][info][gc,start    ] GC(542) Pause Young (Prepare Mixed) (G1 Evacuation Pause)
[262.439s][info][gc,task     ] GC(542) Using 2 workers of 2 for evacuation
[262.446s][info][gc,phases   ] GC(542)   Pre Evacuate Collection Set: 0.33ms
[262.446s][info][gc,phases   ] GC(542)   Merge Heap Roots: 0.15ms
[262.446s][info][gc,phases   ] GC(542)   Evacuate Collection Set: 5.50ms
[262.446s][info][gc,phases   ] GC(542)   Post Evacuate Collection Set: 0.76ms
[262.446s][info][gc,phases   ] GC(542)   Other: 0.09ms
[262.446s][info][gc,heap     ] GC(542) Eden regions: 389->0(387)
[262.446s][info][gc,heap     ] GC(542) Survivor regions: 8->9(50)
[262.446s][info][gc,heap     ] GC(542) Old regions: 39->39
[262.446s][info][gc,heap     ] GC(542) Humongous regions: 207->207
[262.446s][info][gc,metaspace] GC(542) Metaspace: 56892K(57216K)->56892K(57216K) NonClass: 48591K(48832K)->48591K(48832K) Class: 8300K(8384K)->8300K(8384K)
[262.446s][info][gc          ] GC(542) Pause Young (Prepare Mixed) (G1 Evacuation Pause) 642M->254M(686M) 7.042ms
[262.446s][info][gc,cpu      ] GC(542) User=0.01s Sys=0.00s Real=0.01s
[263.314s][info][gc,start    ] GC(543) Pause Young (Mixed) (G1 Evacuation Pause)
[263.314s][info][gc,task     ] GC(543) Using 2 workers of 2 for evacuation
[263.320s][info][gc,phases   ] GC(543)   Pre Evacuate Collection Set: 0.31ms
[263.320s][info][gc,phases   ] GC(543)   Merge Heap Roots: 0.13ms
[263.321s][info][gc,phases   ] GC(543)   Evacuate Collection Set: 4.71ms
[263.321s][info][gc,phases   ] GC(543)   Post Evacuate Collection Set: 0.77ms
[263.321s][info][gc,phases   ] GC(543)   Other: 0.11ms
[263.321s][info][gc,heap     ] GC(543) Eden regions: 387->0(389)
[263.321s][info][gc,heap     ] GC(543) Survivor regions: 9->8(50)
[263.321s][info][gc,heap     ] GC(543) Old regions: 39->39
[263.321s][info][gc,heap     ] GC(543) Humongous regions: 207->207
[263.321s][info][gc,metaspace] GC(543) Metaspace: 56892K(57216K)->56892K(57216K) NonClass: 48591K(48832K)->48591K(48832K) Class: 8300K(8384K)->8300K(8384K)
[263.321s][info][gc          ] GC(543) Pause Young (Mixed) (G1 Evacuation Pause) 641M->253M(686M) 6.275ms
[263.321s][info][gc,cpu      ] GC(543) User=0.01s Sys=0.00s Real=0.00s
[264.153s][info][gc,start    ] GC(544) Pause Young (Concurrent Start) (G1 Evacuation Pause)
[264.153s][info][gc,task     ] GC(544) Using 2 workers of 2 for evacuation
[264.159s][info][gc,phases   ] GC(544)   Pre Evacuate Collection Set: 0.36ms
[264.159s][info][gc,phases   ] GC(544)   Merge Heap Roots: 0.13ms
[264.159s][info][gc,phases   ] GC(544)   Evacuate Collection Set: 4.02ms
[264.159s][info][gc,phases   ] GC(544)   Post Evacuate Collection Set: 0.82ms
[264.159s][info][gc,phases   ] GC(544)   Other: 0.14ms
[264.159s][info][gc,heap     ] GC(544) Eden regions: 389->0(389)
[264.159s][info][gc,heap     ] GC(544) Survivor regions: 8->8(50)
[264.159s][info][gc,heap     ] GC(544) Old regions: 39->39
[264.159s][info][gc,heap     ] GC(544) Humongous regions: 207->207
[264.159s][info][gc,metaspace] GC(544) Metaspace: 56892K(57216K)->56892K(57216K) NonClass: 48591K(48832K)->48591K(48832K) Class: 8300K(8384K)->8300K(8384K)
[264.159s][info][gc          ] GC(544) Pause Young (Concurrent Start) (G1 Evacuation Pause) 642M->252M(686M) 5.679ms
[264.159s][info][gc          ] GC(545) Concurrent Mark Cycle
[264.159s][info][gc,marking  ] GC(545) Concurrent Scan Root Regions
[264.161s][info][gc,cpu      ] GC(544) User=0.01s Sys=0.00s Real=0.01s
[264.165s][info][gc,marking  ] GC(545) Concurrent Scan Root Regions 6.331ms
[264.165s][info][gc,marking  ] GC(545) Concurrent Mark
[264.165s][info][gc,marking  ] GC(545) Concurrent Mark From Roots
[264.165s][info][gc,task     ] GC(545) Using 1 workers of 1 for marking
[264.243s][info][gc,marking  ] GC(545) Concurrent Mark From Roots 77.415ms
[264.243s][info][gc,marking  ] GC(545) Concurrent Preclean
[264.243s][info][gc,marking  ] GC(545) Concurrent Preclean 0.073ms
[264.243s][info][gc,start    ] GC(545) Pause Remark
[264.255s][info][gc          ] GC(545) Pause Remark 292M->292M(686M) 12.220ms
[264.255s][info][gc,cpu      ] GC(545) User=0.02s Sys=0.00s Real=0.02s
[264.258s][info][gc,marking  ] GC(545) Concurrent Mark 92.311ms
[264.258s][info][gc,marking  ] GC(545) Concurrent Rebuild Remembered Sets and Scrub Regions
[264.292s][info][gc,marking  ] GC(545) Concurrent Rebuild Remembered Sets and Scrub Regions 33.916ms
[264.292s][info][gc,start    ] GC(545) Pause Cleanup
[264.292s][info][gc          ] GC(545) Pause Cleanup 312M->312M(686M) 0.083ms
[264.292s][info][gc,cpu      ] GC(545) User=0.00s Sys=0.00s Real=0.00s
[264.292s][info][gc,marking  ] GC(545) Concurrent Clear Claimed Marks
[264.292s][info][gc,marking  ] GC(545) Concurrent Clear Claimed Marks 0.096ms
[264.292s][info][gc,marking  ] GC(545) Concurrent Cleanup for Next Mark
[264.294s][info][gc,marking  ] GC(545) Concurrent Cleanup for Next Mark 2.130ms
[264.294s][info][gc          ] GC(545) Concurrent Mark Cycle 135.172ms
[265.021s][info][gc,start    ] GC(546) Pause Young (Prepare Mixed) (G1 Evacuation Pause)
[265.021s][info][gc,task     ] GC(546) Using 2 workers of 2 for evacuation
[265.027s][info][gc,phases   ] GC(546)   Pre Evacuate Collection Set: 0.30ms
[265.027s][info][gc,phases   ] GC(546)   Merge Heap Roots: 0.16ms
[265.027s][info][gc,phases   ] GC(546)   Evacuate Collection Set: 4.67ms
[265.027s][info][gc,phases   ] GC(546)   Post Evacuate Collection Set: 0.83ms
[265.027s][info][gc,phases   ] GC(546)   Other: 0.11ms
[265.027s][info][gc,heap     ] GC(546) Eden regions: 389->0(389)
[265.027s][info][gc,heap     ] GC(546) Survivor regions: 8->8(50)
[265.027s][info][gc,heap     ] GC(546) Old regions: 39->39
[265.027s][info][gc,heap     ] GC(546) Humongous regions: 207->207
[265.027s][info][gc,metaspace] GC(546) Metaspace: 56892K(57216K)->56892K(57216K) NonClass: 48591K(48832K)->48591K(48832K) Class: 8300K(8384K)->8300K(8384K)
[265.027s][info][gc          ] GC(546) Pause Young (Prepare Mixed) (G1 Evacuation Pause) 641M->252M(686M) 6.325ms
[265.027s][info][gc,cpu      ] GC(546) User=0.01s Sys=0.00s Real=0.01s
[265.854s][info][gc,start    ] GC(547) Pause Young (Mixed) (G1 Evacuation Pause)
[265.854s][info][gc,task     ] GC(547) Using 2 workers of 2 for evacuation
[265.863s][info][gc,phases   ] GC(547)   Pre Evacuate Collection Set: 0.31ms
[265.863s][info][gc,phases   ] GC(547)   Merge Heap Roots: 0.16ms
[265.863s][info][gc,phases   ] GC(547)   Evacuate Collection Set: 7.77ms
[265.863s][info][gc,phases   ] GC(547)   Post Evacuate Collection Set: 0.82ms
[265.863s][info][gc,phases   ] GC(547)   Other: 0.11ms
[265.863s][info][gc,heap     ] GC(547) Eden regions: 389->0(387)
[265.863s][info][gc,heap     ] GC(547) Survivor regions: 8->9(50)
[265.863s][info][gc,heap     ] GC(547) Old regions: 39->39
[265.863s][info][gc,heap     ] GC(547) Humongous regions: 207->207
[265.863s][info][gc,metaspace] GC(547) Metaspace: 56892K(57216K)->56892K(57216K) NonClass: 48591K(48832K)->48591K(48832K) Class: 8300K(8384K)->8300K(8384K)
[265.863s][info][gc          ] GC(547) Pause Young (Mixed) (G1 Evacuation Pause) 641M->253M(686M) 9.448ms
[265.863s][info][gc,cpu      ] GC(547) User=0.02s Sys=0.00s Real=0.01s
[266.718s][info][gc,start    ] GC(548) Pause Young (Concurrent Start) (G1 Evacuation Pause)
[266.718s][info][gc,task     ] GC(548) Using 2 workers of 2 for evacuation
[266.725s][info][gc,phases   ] GC(548)   Pre Evacuate Collection Set: 0.32ms
[266.725s][info][gc,phases   ] GC(548)   Merge Heap Roots: 0.14ms
[266.725s][info][gc,phases   ] GC(548)   Evacuate Collection Set: 5.01ms
[266.725s][info][gc,phases   ] GC(548)   Post Evacuate Collection Set: 0.84ms
[266.725s][info][gc,phases   ] GC(548)   Other: 0.13ms
[266.725s][info][gc,heap     ] GC(548) Eden regions: 387->0(387)
[266.725s][info][gc,heap     ] GC(548) Survivor regions: 9->9(50)
[266.725s][info][gc,heap     ] GC(548) Old regions: 39->39
[266.725s][info][gc,heap     ] GC(548) Humongous regions: 207->207
[266.725s][info][gc,metaspace] GC(548) Metaspace: 56892K(57216K)->56892K(57216K) NonClass: 48591K(48832K)->48591K(48832K) Class: 8300K(8384K)->8300K(8384K)
[266.725s][info][gc          ] GC(548) Pause Young (Concurrent Start) (G1 Evacuation Pause) 640M->253M(686M) 6.687ms
[266.725s][info][gc,cpu      ] GC(548) User=0.01s Sys=0.00s Real=0.01s
[266.725s][info][gc          ] GC(549) Concurrent Mark Cycle
[266.726s][info][gc,marking  ] GC(549) Concurrent Scan Root Regions
[266.732s][info][gc,marking  ] GC(549) Concurrent Scan Root Regions 5.751ms
[266.732s][info][gc,marking  ] GC(549) Concurrent Mark
[266.732s][info][gc,marking  ] GC(549) Concurrent Mark From Roots
[266.732s][info][gc,task     ] GC(549) Using 1 workers of 1 for marking
[266.799s][info][gc,marking  ] GC(549) Concurrent Mark From Roots 67.908ms
[266.800s][info][gc,marking  ] GC(549) Concurrent Preclean
[266.800s][info][gc,marking  ] GC(549) Concurrent Preclean 0.106ms
[266.800s][info][gc,start    ] GC(549) Pause Remark
[266.810s][info][gc          ] GC(549) Pause Remark 287M->287M(686M) 10.364ms
[266.810s][info][gc,cpu      ] GC(549) User=0.02s Sys=0.00s Real=0.01s
[266.812s][info][gc,marking  ] GC(549) Concurrent Mark 80.278ms
[266.812s][info][gc,marking  ] GC(549) Concurrent Rebuild Remembered Sets and Scrub Regions
[266.854s][info][gc,marking  ] GC(549) Concurrent Rebuild Remembered Sets and Scrub Regions 42.232ms
[266.854s][info][gc,start    ] GC(549) Pause Cleanup
[266.854s][info][gc          ] GC(549) Pause Cleanup 315M->315M(686M) 0.135ms
[266.854s][info][gc,cpu      ] GC(549) User=0.00s Sys=0.00s Real=0.00s
[266.856s][info][gc,marking  ] GC(549) Concurrent Clear Claimed Marks
[266.856s][info][gc,marking  ] GC(549) Concurrent Clear Claimed Marks 0.111ms
[266.856s][info][gc,marking  ] GC(549) Concurrent Cleanup for Next Mark
[266.858s][info][gc,marking  ] GC(549) Concurrent Cleanup for Next Mark 2.469ms
[266.858s][info][gc          ] GC(549) Concurrent Mark Cycle 133.113ms
[267.544s][info][gc,start    ] GC(550) Pause Young (Prepare Mixed) (G1 Evacuation Pause)
[267.544s][info][gc,task     ] GC(550) Using 2 workers of 2 for evacuation
[267.554s][info][gc,phases   ] GC(550)   Pre Evacuate Collection Set: 0.40ms
[267.554s][info][gc,phases   ] GC(550)   Merge Heap Roots: 0.15ms
[267.554s][info][gc,phases   ] GC(550)   Evacuate Collection Set: 8.49ms
[267.554s][info][gc,phases   ] GC(550)   Post Evacuate Collection Set: 1.00ms
[267.554s][info][gc,phases   ] GC(550)   Other: 0.12ms
[267.554s][info][gc,heap     ] GC(550) Eden regions: 387->0(387)
[267.554s][info][gc,heap     ] GC(550) Survivor regions: 9->9(50)
[267.554s][info][gc,heap     ] GC(550) Old regions: 39->39
[267.554s][info][gc,heap     ] GC(550) Humongous regions: 207->207
[267.554s][info][gc,metaspace] GC(550) Metaspace: 56892K(57216K)->56892K(57216K) NonClass: 48591K(48832K)->48591K(48832K) Class: 8300K(8384K)->8300K(8384K)
[267.554s][info][gc          ] GC(550) Pause Young (Prepare Mixed) (G1 Evacuation Pause) 640M->253M(686M) 10.413ms
[267.554s][info][gc,cpu      ] GC(550) User=0.01s Sys=0.00s Real=0.01s
[268.421s][info][gc,start    ] GC(551) Pause Young (Mixed) (G1 Evacuation Pause)
[268.421s][info][gc,task     ] GC(551) Using 2 workers of 2 for evacuation
[268.429s][info][gc,phases   ] GC(551)   Pre Evacuate Collection Set: 0.30ms
[268.429s][info][gc,phases   ] GC(551)   Merge Heap Roots: 0.14ms
[268.429s][info][gc,phases   ] GC(551)   Evacuate Collection Set: 5.99ms
[268.429s][info][gc,phases   ] GC(551)   Post Evacuate Collection Set: 0.76ms
[268.429s][info][gc,phases   ] GC(551)   Other: 0.09ms
[268.429s][info][gc,heap     ] GC(551) Eden regions: 387->0(388)
[268.429s][info][gc,heap     ] GC(551) Survivor regions: 9->9(50)
[268.429s][info][gc,heap     ] GC(551) Old regions: 39->38
[268.429s][info][gc,heap     ] GC(551) Humongous regions: 207->207
[268.429s][info][gc,metaspace] GC(551) Metaspace: 56892K(57216K)->56892K(57216K) NonClass: 48591K(48832K)->48591K(48832K) Class: 8300K(8384K)->8300K(8384K)
[268.429s][info][gc          ] GC(551) Pause Young (Mixed) (G1 Evacuation Pause) 640M->253M(686M) 7.492ms
[268.429s][info][gc,cpu      ] GC(551) User=0.02s Sys=0.00s Real=0.01s
[269.266s][info][gc,start    ] GC(552) Pause Young (Concurrent Start) (G1 Evacuation Pause)
[269.266s][info][gc,task     ] GC(552) Using 2 workers of 2 for evacuation
[269.273s][info][gc,phases   ] GC(552)   Pre Evacuate Collection Set: 0.33ms
[269.273s][info][gc,phases   ] GC(552)   Merge Heap Roots: 0.13ms
[269.273s][info][gc,phases   ] GC(552)   Evacuate Collection Set: 5.46ms
[269.273s][info][gc,phases   ] GC(552)   Post Evacuate Collection Set: 0.75ms
[269.273s][info][gc,phases   ] GC(552)   Other: 0.11ms
[269.273s][info][gc,heap     ] GC(552) Eden regions: 388->0(390)
[269.273s][info][gc,heap     ] GC(552) Survivor regions: 9->8(50)
[269.273s][info][gc,heap     ] GC(552) Old regions: 38->38
[269.273s][info][gc,heap     ] GC(552) Humongous regions: 207->207
[269.273s][info][gc,metaspace] GC(552) Metaspace: 56892K(57216K)->56892K(57216K) NonClass: 48591K(48832K)->48591K(48832K) Class: 8300K(8384K)->8300K(8384K)
[269.273s][info][gc          ] GC(552) Pause Young (Concurrent Start) (G1 Evacuation Pause) 641M->252M(686M) 7.035ms
[269.273s][info][gc,cpu      ] GC(552) User=0.01s Sys=0.00s Real=0.00s
[269.273s][info][gc          ] GC(553) Concurrent Mark Cycle
[269.274s][info][gc,marking  ] GC(553) Concurrent Scan Root Regions
[269.279s][info][gc,marking  ] GC(553) Concurrent Scan Root Regions 4.797ms
[269.279s][info][gc,marking  ] GC(553) Concurrent Mark
[269.279s][info][gc,marking  ] GC(553) Concurrent Mark From Roots
[269.279s][info][gc,task     ] GC(553) Using 1 workers of 1 for marking
[269.364s][info][gc,marking  ] GC(553) Concurrent Mark From Roots 85.125ms
[269.364s][info][gc,marking  ] GC(553) Concurrent Preclean
[269.364s][info][gc,marking  ] GC(553) Concurrent Preclean 0.078ms
[269.365s][info][gc,start    ] GC(553) Pause Remark
[269.375s][info][gc          ] GC(553) Pause Remark 301M->301M(686M) 10.399ms
[269.375s][info][gc,cpu      ] GC(553) User=0.02s Sys=0.00s Real=0.01s
[269.376s][info][gc,marking  ] GC(553) Concurrent Mark 96.792ms
[269.376s][info][gc,marking  ] GC(553) Concurrent Rebuild Remembered Sets and Scrub Regions
[269.409s][info][gc,marking  ] GC(553) Concurrent Rebuild Remembered Sets and Scrub Regions 32.999ms
[269.409s][info][gc,start    ] GC(553) Pause Cleanup
[269.409s][info][gc          ] GC(553) Pause Cleanup 310M->310M(686M) 0.110ms
[269.409s][info][gc,cpu      ] GC(553) User=0.00s Sys=0.00s Real=0.00s
[269.409s][info][gc,marking  ] GC(553) Concurrent Clear Claimed Marks
[269.409s][info][gc,marking  ] GC(553) Concurrent Clear Claimed Marks 0.117ms
[269.409s][info][gc,marking  ] GC(553) Concurrent Cleanup for Next Mark
[269.414s][info][gc,marking  ] GC(553) Concurrent Cleanup for Next Mark 4.432ms
[269.414s][info][gc          ] GC(553) Concurrent Mark Cycle 140.136ms
[270.127s][info][gc,start    ] GC(554) Pause Young (Prepare Mixed) (G1 Evacuation Pause)
[270.127s][info][gc,task     ] GC(554) Using 2 workers of 2 for evacuation
[270.134s][info][gc,phases   ] GC(554)   Pre Evacuate Collection Set: 0.29ms
[270.134s][info][gc,phases   ] GC(554)   Merge Heap Roots: 0.14ms
[270.134s][info][gc,phases   ] GC(554)   Evacuate Collection Set: 5.17ms
[270.134s][info][gc,phases   ] GC(554)   Post Evacuate Collection Set: 0.76ms
[270.134s][info][gc,phases   ] GC(554)   Other: 0.09ms
[270.134s][info][gc,heap     ] GC(554) Eden regions: 390->0(388)
[270.134s][info][gc,heap     ] GC(554) Survivor regions: 8->9(50)
[270.134s][info][gc,heap     ] GC(554) Old regions: 38->38
[270.134s][info][gc,heap     ] GC(554) Humongous regions: 207->207
[270.134s][info][gc,metaspace] GC(554) Metaspace: 56892K(57216K)->56892K(57216K) NonClass: 48591K(48832K)->48591K(48832K) Class: 8300K(8384K)->8300K(8384K)
[270.134s][info][gc          ] GC(554) Pause Young (Prepare Mixed) (G1 Evacuation Pause) 642M->253M(686M) 6.655ms
[270.134s][info][gc,cpu      ] GC(554) User=0.01s Sys=0.00s Real=0.01s
[271.005s][info][gc,start    ] GC(555) Pause Young (Mixed) (G1 Evacuation Pause)
[271.005s][info][gc,task     ] GC(555) Using 2 workers of 2 for evacuation
[271.011s][info][gc,phases   ] GC(555)   Pre Evacuate Collection Set: 0.32ms
[271.011s][info][gc,phases   ] GC(555)   Merge Heap Roots: 0.15ms
[271.011s][info][gc,phases   ] GC(555)   Evacuate Collection Set: 4.80ms
[271.011s][info][gc,phases   ] GC(555)   Post Evacuate Collection Set: 0.78ms
[271.011s][info][gc,phases   ] GC(555)   Other: 0.09ms
[271.011s][info][gc,heap     ] GC(555) Eden regions: 388->0(390)
[271.011s][info][gc,heap     ] GC(555) Survivor regions: 9->8(50)
[271.011s][info][gc,heap     ] GC(555) Old regions: 38->38
[271.011s][info][gc,heap     ] GC(555) Humongous regions: 207->207
[271.011s][info][gc,metaspace] GC(555) Metaspace: 56892K(57216K)->56892K(57216K) NonClass: 48591K(48832K)->48591K(48832K) Class: 8300K(8384K)->8300K(8384K)
[271.012s][info][gc          ] GC(555) Pause Young (Mixed) (G1 Evacuation Pause) 641M->251M(686M) 6.358ms
[271.012s][info][gc,cpu      ] GC(555) User=0.01s Sys=0.00s Real=0.00s
[271.936s][info][gc,start    ] GC(556) Pause Young (Concurrent Start) (G1 Evacuation Pause)
[271.936s][info][gc,task     ] GC(556) Using 2 workers of 2 for evacuation
[271.942s][info][gc,phases   ] GC(556)   Pre Evacuate Collection Set: 0.32ms
[271.942s][info][gc,phases   ] GC(556)   Merge Heap Roots: 0.13ms
[271.942s][info][gc,phases   ] GC(556)   Evacuate Collection Set: 4.90ms
[271.942s][info][gc,phases   ] GC(556)   Post Evacuate Collection Set: 0.95ms
[271.942s][info][gc,phases   ] GC(556)   Other: 0.11ms
[271.942s][info][gc,heap     ] GC(556) Eden regions: 390->0(390)
[271.942s][info][gc,heap     ] GC(556) Survivor regions: 8->8(50)
[271.942s][info][gc,heap     ] GC(556) Old regions: 38->38
[271.942s][info][gc,heap     ] GC(556) Humongous regions: 207->207
[271.942s][info][gc,metaspace] GC(556) Metaspace: 56892K(57216K)->56892K(57216K) NonClass: 48591K(48832K)->48591K(48832K) Class: 8300K(8384K)->8300K(8384K)
[271.942s][info][gc          ] GC(556) Pause Young (Concurrent Start) (G1 Evacuation Pause) 641M->252M(686M) 6.627ms
[271.942s][info][gc,cpu      ] GC(556) User=0.02s Sys=0.00s Real=0.00s
[271.942s][info][gc          ] GC(557) Concurrent Mark Cycle
[271.943s][info][gc,marking  ] GC(557) Concurrent Scan Root Regions
[271.947s][info][gc,marking  ] GC(557) Concurrent Scan Root Regions 4.147ms
[271.947s][info][gc,marking  ] GC(557) Concurrent Mark
[271.947s][info][gc,marking  ] GC(557) Concurrent Mark From Roots
[271.947s][info][gc,task     ] GC(557) Using 1 workers of 1 for marking
[272.020s][info][gc,marking  ] GC(557) Concurrent Mark From Roots 72.542ms
[272.020s][info][gc,marking  ] GC(557) Concurrent Preclean
[272.020s][info][gc,marking  ] GC(557) Concurrent Preclean 0.082ms
[272.020s][info][gc,start    ] GC(557) Pause Remark
[272.030s][info][gc          ] GC(557) Pause Remark 281M->281M(686M) 10.002ms
[272.030s][info][gc,cpu      ] GC(557) User=0.02s Sys=0.00s Real=0.01s
[272.031s][info][gc,marking  ] GC(557) Concurrent Mark 83.806ms
[272.031s][info][gc,marking  ] GC(557) Concurrent Rebuild Remembered Sets and Scrub Regions
[272.063s][info][gc,marking  ] GC(557) Concurrent Rebuild Remembered Sets and Scrub Regions 31.893ms
[272.063s][info][gc,start    ] GC(557) Pause Cleanup
[272.063s][info][gc          ] GC(557) Pause Cleanup 305M->305M(686M) 0.101ms
[272.063s][info][gc,cpu      ] GC(557) User=0.00s Sys=0.00s Real=0.00s
[272.065s][info][gc,marking  ] GC(557) Concurrent Clear Claimed Marks
[272.065s][info][gc,marking  ] GC(557) Concurrent Clear Claimed Marks 0.113ms
[272.065s][info][gc,marking  ] GC(557) Concurrent Cleanup for Next Mark
[272.069s][info][gc,marking  ] GC(557) Concurrent Cleanup for Next Mark 3.762ms
[272.069s][info][gc          ] GC(557) Concurrent Mark Cycle 126.399ms
[272.813s][info][gc,start    ] GC(558) Pause Young (Prepare Mixed) (G1 Evacuation Pause)
[272.813s][info][gc,task     ] GC(558) Using 2 workers of 2 for evacuation
[272.818s][info][gc,phases   ] GC(558)   Pre Evacuate Collection Set: 0.32ms
[272.818s][info][gc,phases   ] GC(558)   Merge Heap Roots: 0.14ms
[272.818s][info][gc,phases   ] GC(558)   Evacuate Collection Set: 4.18ms
[272.818s][info][gc,phases   ] GC(558)   Post Evacuate Collection Set: 0.72ms
[272.818s][info][gc,phases   ] GC(558)   Other: 0.09ms
[272.818s][info][gc,heap     ] GC(558) Eden regions: 390->0(396)
[272.818s][info][gc,heap     ] GC(558) Survivor regions: 8->2(50)
[272.818s][info][gc,heap     ] GC(558) Old regions: 38->44
[272.818s][info][gc,heap     ] GC(558) Humongous regions: 207->207
[272.818s][info][gc,metaspace] GC(558) Metaspace: 56892K(57216K)->56892K(57216K) NonClass: 48591K(48832K)->48591K(48832K) Class: 8300K(8384K)->8300K(8384K)
[272.818s][info][gc          ] GC(558) Pause Young (Prepare Mixed) (G1 Evacuation Pause) 642M->252M(686M) 5.651ms
[272.818s][info][gc,cpu      ] GC(558) User=0.01s Sys=0.00s Real=0.01s
[273.647s][info][gc,start    ] GC(559) Pause Young (Mixed) (G1 Evacuation Pause)
[273.647s][info][gc,task     ] GC(559) Using 2 workers of 2 for evacuation
[273.654s][info][gc,phases   ] GC(559)   Pre Evacuate Collection Set: 0.30ms
[273.654s][info][gc,phases   ] GC(559)   Merge Heap Roots: 0.14ms
[273.654s][info][gc,phases   ] GC(559)   Evacuate Collection Set: 5.07ms
[273.654s][info][gc,phases   ] GC(559)   Post Evacuate Collection Set: 0.76ms
[273.654s][info][gc,phases   ] GC(559)   Other: 0.09ms
[273.654s][info][gc,heap     ] GC(559) Eden regions: 396->0(396)
[273.654s][info][gc,heap     ] GC(559) Survivor regions: 2->2(50)
[273.654s][info][gc,heap     ] GC(559) Old regions: 44->44
[273.654s][info][gc,heap     ] GC(559) Humongous regions: 207->207
[273.654s][info][gc,metaspace] GC(559) Metaspace: 56895K(57216K)->56895K(57216K) NonClass: 48594K(48832K)->48594K(48832K) Class: 8300K(8384K)->8300K(8384K)
[273.654s][info][gc          ] GC(559) Pause Young (Mixed) (G1 Evacuation Pause) 648M->252M(686M) 6.558ms
[273.654s][info][gc,cpu      ] GC(559) User=0.01s Sys=0.00s Real=0.01s
[274.534s][info][gc,start    ] GC(560) Pause Young (Concurrent Start) (G1 Evacuation Pause)
[274.534s][info][gc,task     ] GC(560) Using 2 workers of 2 for evacuation
[274.542s][info][gc,phases   ] GC(560)   Pre Evacuate Collection Set: 0.33ms
[274.542s][info][gc,phases   ] GC(560)   Merge Heap Roots: 0.12ms
[274.542s][info][gc,phases   ] GC(560)   Evacuate Collection Set: 4.22ms
[274.542s][info][gc,phases   ] GC(560)   Post Evacuate Collection Set: 0.76ms
[274.542s][info][gc,phases   ] GC(560)   Other: 2.26ms
[274.542s][info][gc,heap     ] GC(560) Eden regions: 396->0(394)
[274.542s][info][gc,heap     ] GC(560) Survivor regions: 2->3(50)
[274.542s][info][gc,heap     ] GC(560) Old regions: 44->44
[274.542s][info][gc,heap     ] GC(560) Humongous regions: 207->207
[274.542s][info][gc,metaspace] GC(560) Metaspace: 56895K(57216K)->56895K(57216K) NonClass: 48594K(48832K)->48594K(48832K) Class: 8300K(8384K)->8300K(8384K)
[274.542s][info][gc          ] GC(560) Pause Young (Concurrent Start) (G1 Evacuation Pause) 648M->253M(686M) 7.930ms
[274.542s][info][gc,cpu      ] GC(560) User=0.01s Sys=0.00s Real=0.00s
[274.542s][info][gc          ] GC(561) Concurrent Mark Cycle
[274.542s][info][gc,marking  ] GC(561) Concurrent Scan Root Regions
[274.545s][info][gc,marking  ] GC(561) Concurrent Scan Root Regions 2.893ms
[274.545s][info][gc,marking  ] GC(561) Concurrent Mark
[274.545s][info][gc,marking  ] GC(561) Concurrent Mark From Roots
[274.545s][info][gc,task     ] GC(561) Using 1 workers of 1 for marking
[274.593s][info][gc,marking  ] GC(561) Concurrent Mark From Roots 47.716ms
[274.593s][info][gc,marking  ] GC(561) Concurrent Preclean
[274.593s][info][gc,marking  ] GC(561) Concurrent Preclean 0.071ms
[274.593s][info][gc,start    ] GC(561) Pause Remark
[274.603s][info][gc          ] GC(561) Pause Remark 273M->273M(686M) 9.899ms
[274.603s][info][gc,cpu      ] GC(561) User=0.02s Sys=0.00s Real=0.01s
[274.604s][info][gc,marking  ] GC(561) Concurrent Mark 58.501ms
[274.604s][info][gc,marking  ] GC(561) Concurrent Rebuild Remembered Sets and Scrub Regions
[274.622s][info][gc,marking  ] GC(561) Concurrent Rebuild Remembered Sets and Scrub Regions 18.616ms
[274.622s][info][gc,start    ] GC(561) Pause Cleanup
[274.622s][info][gc          ] GC(561) Pause Cleanup 283M->283M(686M) 0.081ms
[274.623s][info][gc,cpu      ] GC(561) User=0.00s Sys=0.00s Real=0.00s
[274.623s][info][gc,marking  ] GC(561) Concurrent Clear Claimed Marks
[274.623s][info][gc,marking  ] GC(561) Concurrent Clear Claimed Marks 0.125ms
[274.623s][info][gc,marking  ] GC(561) Concurrent Cleanup for Next Mark
[274.626s][info][gc,marking  ] GC(561) Concurrent Cleanup for Next Mark 2.698ms
[274.626s][info][gc          ] GC(561) Concurrent Mark Cycle 84.046ms
[275.417s][info][gc,start    ] GC(562) Pause Young (Prepare Mixed) (G1 Evacuation Pause)
[275.417s][info][gc,task     ] GC(562) Using 2 workers of 2 for evacuation
[275.424s][info][gc,phases   ] GC(562)   Pre Evacuate Collection Set: 0.46ms
[275.424s][info][gc,phases   ] GC(562)   Merge Heap Roots: 0.15ms
[275.424s][info][gc,phases   ] GC(562)   Evacuate Collection Set: 5.04ms
[275.424s][info][gc,phases   ] GC(562)   Post Evacuate Collection Set: 0.80ms
[275.424s][info][gc,phases   ] GC(562)   Other: 0.09ms
[275.424s][info][gc,heap     ] GC(562) Eden regions: 394->0(396)
[275.424s][info][gc,heap     ] GC(562) Survivor regions: 3->2(50)
[275.424s][info][gc,heap     ] GC(562) Old regions: 44->44
[275.424s][info][gc,heap     ] GC(562) Humongous regions: 207->207
[275.424s][info][gc,metaspace] GC(562) Metaspace: 56895K(57216K)->56895K(57216K) NonClass: 48594K(48832K)->48594K(48832K) Class: 8300K(8384K)->8300K(8384K)
[275.424s][info][gc          ] GC(562) Pause Young (Prepare Mixed) (G1 Evacuation Pause) 647M->252M(686M) 6.757ms
[275.424s][info][gc,cpu      ] GC(562) User=0.00s Sys=0.00s Real=0.01s
[276.259s][info][gc,start    ] GC(563) Pause Young (Mixed) (G1 Evacuation Pause)
[276.259s][info][gc,task     ] GC(563) Using 2 workers of 2 for evacuation
[276.265s][info][gc,phases   ] GC(563)   Pre Evacuate Collection Set: 0.28ms
[276.265s][info][gc,phases   ] GC(563)   Merge Heap Roots: 0.16ms
[276.265s][info][gc,phases   ] GC(563)   Evacuate Collection Set: 4.74ms
[276.265s][info][gc,phases   ] GC(563)   Post Evacuate Collection Set: 0.78ms
[276.265s][info][gc,phases   ] GC(563)   Other: 0.12ms
[276.265s][info][gc,heap     ] GC(563) Eden regions: 396->0(398)
[276.265s][info][gc,heap     ] GC(563) Survivor regions: 2->1(50)
[276.265s][info][gc,heap     ] GC(563) Old regions: 44->44
[276.265s][info][gc,heap     ] GC(563) Humongous regions: 207->207
[276.265s][info][gc,metaspace] GC(563) Metaspace: 56895K(57216K)->56895K(57216K) NonClass: 48594K(48832K)->48594K(48832K) Class: 8300K(8384K)->8300K(8384K)
[276.265s][info][gc          ] GC(563) Pause Young (Mixed) (G1 Evacuation Pause) 648M->251M(686M) 6.269ms
[276.265s][info][gc,cpu      ] GC(563) User=0.02s Sys=0.00s Real=0.01s
[277.139s][info][gc,start    ] GC(564) Pause Young (Concurrent Start) (G1 Evacuation Pause)
[277.139s][info][gc,task     ] GC(564) Using 2 workers of 2 for evacuation
[277.145s][info][gc,phases   ] GC(564)   Pre Evacuate Collection Set: 0.31ms
[277.145s][info][gc,phases   ] GC(564)   Merge Heap Roots: 0.13ms
[277.145s][info][gc,phases   ] GC(564)   Evacuate Collection Set: 4.47ms
[277.145s][info][gc,phases   ] GC(564)   Post Evacuate Collection Set: 0.71ms
[277.145s][info][gc,phases   ] GC(564)   Other: 0.12ms
[277.145s][info][gc,heap     ] GC(564) Eden regions: 398->0(396)
[277.145s][info][gc,heap     ] GC(564) Survivor regions: 1->2(50)
[277.145s][info][gc,heap     ] GC(564) Old regions: 44->44
[277.145s][info][gc,heap     ] GC(564) Humongous regions: 207->207
[277.145s][info][gc,metaspace] GC(564) Metaspace: 56895K(57216K)->56895K(57216K) NonClass: 48594K(48832K)->48594K(48832K) Class: 8300K(8384K)->8300K(8384K)
[277.145s][info][gc          ] GC(564) Pause Young (Concurrent Start) (G1 Evacuation Pause) 649M->252M(686M) 5.933ms
[277.145s][info][gc,cpu      ] GC(564) User=0.01s Sys=0.00s Real=0.01s
[277.145s][info][gc          ] GC(565) Concurrent Mark Cycle
[277.145s][info][gc,marking  ] GC(565) Concurrent Scan Root Regions
[277.148s][info][gc,marking  ] GC(565) Concurrent Scan Root Regions 2.756ms
[277.148s][info][gc,marking  ] GC(565) Concurrent Mark
[277.148s][info][gc,marking  ] GC(565) Concurrent Mark From Roots
[277.148s][info][gc,task     ] GC(565) Using 1 workers of 1 for marking
[277.198s][info][gc,marking  ] GC(565) Concurrent Mark From Roots 50.532ms
[277.198s][info][gc,marking  ] GC(565) Concurrent Preclean
[277.198s][info][gc,marking  ] GC(565) Concurrent Preclean 0.080ms
[277.199s][info][gc,start    ] GC(565) Pause Remark
[277.208s][info][gc          ] GC(565) Pause Remark 268M->268M(686M) 9.680ms
[277.208s][info][gc,cpu      ] GC(565) User=0.01s Sys=0.00s Real=0.01s
[277.209s][info][gc,marking  ] GC(565) Concurrent Mark 61.263ms
[277.209s][info][gc,marking  ] GC(565) Concurrent Rebuild Remembered Sets and Scrub Regions
[277.228s][info][gc,marking  ] GC(565) Concurrent Rebuild Remembered Sets and Scrub Regions 18.890ms
[277.228s][info][gc,start    ] GC(565) Pause Cleanup
[277.228s][info][gc          ] GC(565) Pause Cleanup 280M->280M(686M) 0.077ms
[277.228s][info][gc,cpu      ] GC(565) User=0.00s Sys=0.00s Real=0.00s
[277.228s][info][gc,marking  ] GC(565) Concurrent Clear Claimed Marks
[277.228s][info][gc,marking  ] GC(565) Concurrent Clear Claimed Marks 0.095ms
[277.228s][info][gc,marking  ] GC(565) Concurrent Cleanup for Next Mark
[277.230s][info][gc,marking  ] GC(565) Concurrent Cleanup for Next Mark 2.134ms
[277.230s][info][gc          ] GC(565) Concurrent Mark Cycle 85.513ms
[278.025s][info][gc,start    ] GC(566) Pause Young (Prepare Mixed) (G1 Evacuation Pause)
[278.025s][info][gc,task     ] GC(566) Using 2 workers of 2 for evacuation
[278.030s][info][gc,phases   ] GC(566)   Pre Evacuate Collection Set: 0.30ms
[278.030s][info][gc,phases   ] GC(566)   Merge Heap Roots: 0.17ms
[278.031s][info][gc,phases   ] GC(566)   Evacuate Collection Set: 4.06ms
[278.031s][info][gc,phases   ] GC(566)   Post Evacuate Collection Set: 0.73ms
[278.031s][info][gc,phases   ] GC(566)   Other: 0.08ms
[278.031s][info][gc,heap     ] GC(566) Eden regions: 396->0(396)
[278.031s][info][gc,heap     ] GC(566) Survivor regions: 2->2(50)
[278.031s][info][gc,heap     ] GC(566) Old regions: 44->44
[278.031s][info][gc,heap     ] GC(566) Humongous regions: 207->207
[278.031s][info][gc,metaspace] GC(566) Metaspace: 56895K(57216K)->56895K(57216K) NonClass: 48594K(48832K)->48594K(48832K) Class: 8300K(8384K)->8300K(8384K)
[278.031s][info][gc          ] GC(566) Pause Young (Prepare Mixed) (G1 Evacuation Pause) 648M->252M(686M) 5.550ms
[278.031s][info][gc,cpu      ] GC(566) User=0.01s Sys=0.00s Real=0.00s
[282.038s][info][gc,start    ] GC(567) Pause Young (Mixed) (G1 Evacuation Pause)
[282.038s][info][gc,task     ] GC(567) Using 2 workers of 2 for evacuation
[282.046s][info][gc,phases   ] GC(567)   Pre Evacuate Collection Set: 0.32ms
[282.047s][info][gc,phases   ] GC(567)   Merge Heap Roots: 0.19ms
[282.047s][info][gc,phases   ] GC(567)   Evacuate Collection Set: 7.10ms
[282.047s][info][gc,phases   ] GC(567)   Post Evacuate Collection Set: 0.94ms
[282.047s][info][gc,phases   ] GC(567)   Other: 0.09ms
[282.047s][info][gc,heap     ] GC(567) Eden regions: 388->0(503)
[282.047s][info][gc,heap     ] GC(567) Survivor regions: 2->2(49)
[282.047s][info][gc,heap     ] GC(567) Old regions: 44->44
[282.047s][info][gc,heap     ] GC(567) Humongous regions: 363->207
[282.047s][info][gc,metaspace] GC(567) Metaspace: 57136K(57472K)->57136K(57472K) NonClass: 48835K(49088K)->48835K(49088K) Class: 8300K(8384K)->8300K(8384K)
[282.047s][info][gc          ] GC(567) Pause Young (Mixed) (G1 Evacuation Pause) 796M->252M(842M) 8.931ms
[282.047s][info][gc,cpu      ] GC(567) User=0.01s Sys=0.00s Real=0.01s
[283.122s][info][gc,start    ] GC(568) Pause Young (Normal) (G1 Evacuation Pause)
[283.122s][info][gc,task     ] GC(568) Using 2 workers of 2 for evacuation
[283.135s][info][gc,phases   ] GC(568)   Pre Evacuate Collection Set: 0.33ms
[283.135s][info][gc,phases   ] GC(568)   Merge Heap Roots: 0.17ms
[283.135s][info][gc,phases   ] GC(568)   Evacuate Collection Set: 10.65ms
[283.135s][info][gc,phases   ] GC(568)   Post Evacuate Collection Set: 0.93ms
[283.135s][info][gc,phases   ] GC(568)   Other: 0.18ms
[283.135s][info][gc,heap     ] GC(568) Eden regions: 503->0(470)
[283.135s][info][gc,heap     ] GC(568) Survivor regions: 2->25(64)
[283.135s][info][gc,heap     ] GC(568) Old regions: 44->44
[283.135s][info][gc,heap     ] GC(568) Humongous regions: 207->207
[283.135s][info][gc,metaspace] GC(568) Metaspace: 57159K(57472K)->57159K(57472K) NonClass: 48858K(49088K)->48858K(49088K) Class: 8300K(8384K)->8300K(8384K)
[283.135s][info][gc          ] GC(568) Pause Young (Normal) (G1 Evacuation Pause) 755M->275M(842M) 12.481ms
[283.135s][info][gc,cpu      ] GC(568) User=0.02s Sys=0.00s Real=0.02s
[284.147s][info][gc,start    ] GC(569) Pause Young (Normal) (G1 Evacuation Pause)
[284.147s][info][gc,task     ] GC(569) Using 2 workers of 2 for evacuation
[284.159s][info][gc,phases   ] GC(569)   Pre Evacuate Collection Set: 0.30ms
[284.159s][info][gc,phases   ] GC(569)   Merge Heap Roots: 0.17ms
[284.159s][info][gc,phases   ] GC(569)   Evacuate Collection Set: 10.61ms
[284.159s][info][gc,phases   ] GC(569)   Post Evacuate Collection Set: 0.94ms
[284.159s][info][gc,phases   ] GC(569)   Other: 0.12ms
[284.159s][info][gc,heap     ] GC(569) Eden regions: 470->0(480)
[284.159s][info][gc,heap     ] GC(569) Survivor regions: 25->25(62)
[284.159s][info][gc,heap     ] GC(569) Old regions: 44->44
[284.159s][info][gc,heap     ] GC(569) Humongous regions: 207->207
[284.159s][info][gc,metaspace] GC(569) Metaspace: 57159K(57472K)->57159K(57472K) NonClass: 48858K(49088K)->48858K(49088K) Class: 8300K(8384K)->8300K(8384K)
[284.159s][info][gc          ] GC(569) Pause Young (Normal) (G1 Evacuation Pause) 745M->275M(842M) 12.360ms
[284.159s][info][gc,cpu      ] GC(569) User=0.03s Sys=0.00s Real=0.01s
[285.218s][info][gc,start    ] GC(570) Pause Young (Normal) (G1 Evacuation Pause)
[285.218s][info][gc,task     ] GC(570) Using 2 workers of 2 for evacuation
[285.229s][info][gc,phases   ] GC(570)   Pre Evacuate Collection Set: 0.30ms
[285.229s][info][gc,phases   ] GC(570)   Merge Heap Roots: 0.16ms
[285.229s][info][gc,phases   ] GC(570)   Evacuate Collection Set: 9.60ms
[285.229s][info][gc,phases   ] GC(570)   Post Evacuate Collection Set: 0.91ms
[285.229s][info][gc,phases   ] GC(570)   Other: 0.09ms
[285.229s][info][gc,heap     ] GC(570) Eden regions: 480->0(480)
[285.229s][info][gc,heap     ] GC(570) Survivor regions: 25->25(64)
[285.229s][info][gc,heap     ] GC(570) Old regions: 44->44
[285.229s][info][gc,heap     ] GC(570) Humongous regions: 207->207
[285.229s][info][gc,metaspace] GC(570) Metaspace: 57159K(57472K)->57159K(57472K) NonClass: 48858K(49088K)->48858K(49088K) Class: 8300K(8384K)->8300K(8384K)
[285.229s][info][gc          ] GC(570) Pause Young (Normal) (G1 Evacuation Pause) 755M->275M(842M) 11.272ms
[285.229s][info][gc,cpu      ] GC(570) User=0.02s Sys=0.00s Real=0.01s
[286.254s][info][gc,start    ] GC(571) Pause Young (Normal) (G1 Evacuation Pause)
[286.254s][info][gc,task     ] GC(571) Using 2 workers of 2 for evacuation
[286.264s][info][gc,phases   ] GC(571)   Pre Evacuate Collection Set: 0.30ms
[286.264s][info][gc,phases   ] GC(571)   Merge Heap Roots: 0.15ms
[286.264s][info][gc,phases   ] GC(571)   Evacuate Collection Set: 8.73ms
[286.264s][info][gc,phases   ] GC(571)   Post Evacuate Collection Set: 0.90ms
[286.264s][info][gc,phases   ] GC(571)   Other: 0.09ms
[286.264s][info][gc,heap     ] GC(571) Eden regions: 480->0(481)
[286.264s][info][gc,heap     ] GC(571) Survivor regions: 25->24(64)
[286.264s][info][gc,heap     ] GC(571) Old regions: 44->44
[286.264s][info][gc,heap     ] GC(571) Humongous regions: 207->207
[286.264s][info][gc,metaspace] GC(571) Metaspace: 57159K(57472K)->57159K(57472K) NonClass: 48858K(49088K)->48858K(49088K) Class: 8300K(8384K)->8300K(8384K)
[286.264s][info][gc          ] GC(571) Pause Young (Normal) (G1 Evacuation Pause) 755M->274M(842M) 10.397ms
[286.264s][info][gc,cpu      ] GC(571) User=0.02s Sys=0.00s Real=0.01s
[287.324s][info][gc,start    ] GC(572) Pause Young (Normal) (G1 Evacuation Pause)
[287.324s][info][gc,task     ] GC(572) Using 2 workers of 2 for evacuation
[287.335s][info][gc,phases   ] GC(572)   Pre Evacuate Collection Set: 0.31ms
[287.336s][info][gc,phases   ] GC(572)   Merge Heap Roots: 0.17ms
[287.336s][info][gc,phases   ] GC(572)   Evacuate Collection Set: 9.94ms
[287.336s][info][gc,phases   ] GC(572)   Post Evacuate Collection Set: 0.89ms
[287.336s][info][gc,phases   ] GC(572)   Other: 0.12ms
[287.336s][info][gc,heap     ] GC(572) Eden regions: 481->0(480)
[287.336s][info][gc,heap     ] GC(572) Survivor regions: 24->25(64)
[287.336s][info][gc,heap     ] GC(572) Old regions: 44->44
[287.336s][info][gc,heap     ] GC(572) Humongous regions: 207->207
[287.336s][info][gc,metaspace] GC(572) Metaspace: 57159K(57472K)->57159K(57472K) NonClass: 48858K(49088K)->48858K(49088K) Class: 8300K(8384K)->8300K(8384K)
[287.336s][info][gc          ] GC(572) Pause Young (Normal) (G1 Evacuation Pause) 755M->275M(842M) 11.656ms
[287.336s][info][gc,cpu      ] GC(572) User=0.02s Sys=0.00s Real=0.01s
[288.403s][info][gc,start    ] GC(573) Pause Young (Normal) (G1 Evacuation Pause)
[288.404s][info][gc,task     ] GC(573) Using 2 workers of 2 for evacuation
[288.412s][info][gc,phases   ] GC(573)   Pre Evacuate Collection Set: 0.28ms
[288.412s][info][gc,phases   ] GC(573)   Merge Heap Roots: 0.16ms
[288.412s][info][gc,phases   ] GC(573)   Evacuate Collection Set: 7.32ms
[288.412s][info][gc,phases   ] GC(573)   Post Evacuate Collection Set: 0.88ms
[288.412s][info][gc,phases   ] GC(573)   Other: 0.11ms
[288.412s][info][gc,heap     ] GC(573) Eden regions: 480->0(482)
[288.412s][info][gc,heap     ] GC(573) Survivor regions: 25->23(64)
[288.412s][info][gc,heap     ] GC(573) Old regions: 44->44
[288.412s][info][gc,heap     ] GC(573) Humongous regions: 207->207
[288.412s][info][gc,metaspace] GC(573) Metaspace: 57159K(57472K)->57159K(57472K) NonClass: 48858K(49088K)->48858K(49088K) Class: 8300K(8384K)->8300K(8384K)
[288.412s][info][gc          ] GC(573) Pause Young (Normal) (G1 Evacuation Pause) 755M->273M(842M) 8.961ms
[288.412s][info][gc,cpu      ] GC(573) User=0.01s Sys=0.00s Real=0.01s
[289.426s][info][gc,start    ] GC(574) Pause Young (Normal) (G1 Evacuation Pause)
[289.426s][info][gc,task     ] GC(574) Using 2 workers of 2 for evacuation
[289.438s][info][gc,phases   ] GC(574)   Pre Evacuate Collection Set: 0.29ms
[289.438s][info][gc,phases   ] GC(574)   Merge Heap Roots: 0.16ms
[289.438s][info][gc,phases   ] GC(574)   Evacuate Collection Set: 10.56ms
[289.438s][info][gc,phases   ] GC(574)   Post Evacuate Collection Set: 0.94ms
[289.438s][info][gc,phases   ] GC(574)   Other: 0.11ms
[289.438s][info][gc,heap     ] GC(574) Eden regions: 482->0(480)
[289.438s][info][gc,heap     ] GC(574) Survivor regions: 23->25(64)
[289.438s][info][gc,heap     ] GC(574) Old regions: 44->44
[289.438s][info][gc,heap     ] GC(574) Humongous regions: 207->207
[289.438s][info][gc,metaspace] GC(574) Metaspace: 57159K(57472K)->57159K(57472K) NonClass: 48858K(49088K)->48858K(49088K) Class: 8300K(8384K)->8300K(8384K)
[289.438s][info][gc          ] GC(574) Pause Young (Normal) (G1 Evacuation Pause) 755M->275M(842M) 12.297ms
[289.438s][info][gc,cpu      ] GC(574) User=0.02s Sys=0.00s Real=0.01s
[290.509s][info][gc,start    ] GC(575) Pause Young (Normal) (G1 Evacuation Pause)
[290.509s][info][gc,task     ] GC(575) Using 2 workers of 2 for evacuation
[290.519s][info][gc,phases   ] GC(575)   Pre Evacuate Collection Set: 0.31ms
[290.519s][info][gc,phases   ] GC(575)   Merge Heap Roots: 0.16ms
[290.519s][info][gc,phases   ] GC(575)   Evacuate Collection Set: 8.53ms
[290.519s][info][gc,phases   ] GC(575)   Post Evacuate Collection Set: 0.88ms
[290.519s][info][gc,phases   ] GC(575)   Other: 0.09ms
[290.519s][info][gc,heap     ] GC(575) Eden regions: 480->0(481)
[290.519s][info][gc,heap     ] GC(575) Survivor regions: 25->24(64)
[290.519s][info][gc,heap     ] GC(575) Old regions: 44->44
[290.519s][info][gc,heap     ] GC(575) Humongous regions: 207->207
[290.519s][info][gc,metaspace] GC(575) Metaspace: 57159K(57472K)->57159K(57472K) NonClass: 48858K(49088K)->48858K(49088K) Class: 8300K(8384K)->8300K(8384K)
[290.519s][info][gc          ] GC(575) Pause Young (Normal) (G1 Evacuation Pause) 755M->274M(842M) 10.183ms
[290.520s][info][gc,cpu      ] GC(575) User=0.02s Sys=0.00s Real=0.01s
[291.603s][info][gc,start    ] GC(576) Pause Young (Normal) (G1 Evacuation Pause)
[291.604s][info][gc,task     ] GC(576) Using 2 workers of 2 for evacuation
[291.613s][info][gc,phases   ] GC(576)   Pre Evacuate Collection Set: 0.30ms
[291.614s][info][gc,phases   ] GC(576)   Merge Heap Roots: 0.16ms
[291.614s][info][gc,phases   ] GC(576)   Evacuate Collection Set: 8.52ms
[291.614s][info][gc,phases   ] GC(576)   Post Evacuate Collection Set: 0.86ms
[291.614s][info][gc,phases   ] GC(576)   Other: 0.10ms
[291.614s][info][gc,heap     ] GC(576) Eden regions: 481->0(481)
[291.614s][info][gc,heap     ] GC(576) Survivor regions: 24->24(64)
[291.614s][info][gc,heap     ] GC(576) Old regions: 44->44
[291.614s][info][gc,heap     ] GC(576) Humongous regions: 207->207
[291.614s][info][gc,metaspace] GC(576) Metaspace: 57159K(57472K)->57159K(57472K) NonClass: 48858K(49088K)->48858K(49088K) Class: 8300K(8384K)->8300K(8384K)
[291.614s][info][gc          ] GC(576) Pause Young (Normal) (G1 Evacuation Pause) 755M->274M(842M) 10.176ms
[291.614s][info][gc,cpu      ] GC(576) User=0.02s Sys=0.00s Real=0.02s
[292.676s][info][gc,start    ] GC(577) Pause Young (Normal) (G1 Evacuation Pause)
[292.676s][info][gc,task     ] GC(577) Using 2 workers of 2 for evacuation
[292.686s][info][gc,phases   ] GC(577)   Pre Evacuate Collection Set: 0.31ms
[292.686s][info][gc,phases   ] GC(577)   Merge Heap Roots: 0.17ms
[292.686s][info][gc,phases   ] GC(577)   Evacuate Collection Set: 7.76ms
[292.686s][info][gc,phases   ] GC(577)   Post Evacuate Collection Set: 0.87ms
[292.686s][info][gc,phases   ] GC(577)   Other: 0.09ms
[292.686s][info][gc,heap     ] GC(577) Eden regions: 481->0(482)
[292.686s][info][gc,heap     ] GC(577) Survivor regions: 24->23(64)
[292.686s][info][gc,heap     ] GC(577) Old regions: 44->44
[292.686s][info][gc,heap     ] GC(577) Humongous regions: 207->207
[292.686s][info][gc,metaspace] GC(577) Metaspace: 57159K(57472K)->57159K(57472K) NonClass: 48858K(49088K)->48858K(49088K) Class: 8300K(8384K)->8300K(8384K)
[292.686s][info][gc          ] GC(577) Pause Young (Normal) (G1 Evacuation Pause) 755M->273M(842M) 9.429ms
[292.686s][info][gc,cpu      ] GC(577) User=0.02s Sys=0.00s Real=0.01s
[293.639s][info][gc,start    ] GC(578) Pause Young (Normal) (G1 Evacuation Pause)
[293.639s][info][gc,task     ] GC(578) Using 2 workers of 2 for evacuation
[293.651s][info][gc,phases   ] GC(578)   Pre Evacuate Collection Set: 0.31ms
[293.651s][info][gc,phases   ] GC(578)   Merge Heap Roots: 0.16ms
[293.651s][info][gc,phases   ] GC(578)   Evacuate Collection Set: 11.27ms
[293.651s][info][gc,phases   ] GC(578)   Post Evacuate Collection Set: 0.94ms
[293.651s][info][gc,phases   ] GC(578)   Other: 0.10ms
[293.652s][info][gc,heap     ] GC(578) Eden regions: 482->0(479)
[293.652s][info][gc,heap     ] GC(578) Survivor regions: 23->26(64)
[293.652s][info][gc,heap     ] GC(578) Old regions: 44->44
[293.652s][info][gc,heap     ] GC(578) Humongous regions: 207->207
[293.652s][info][gc,metaspace] GC(578) Metaspace: 57159K(57472K)->57159K(57472K) NonClass: 48858K(49088K)->48858K(49088K) Class: 8300K(8384K)->8300K(8384K)
[293.652s][info][gc          ] GC(578) Pause Young (Normal) (G1 Evacuation Pause) 755M->276M(842M) 13.047ms
[293.652s][info][gc,cpu      ] GC(578) User=0.03s Sys=0.01s Real=0.01s
[294.715s][info][gc,start    ] GC(579) Pause Young (Normal) (G1 Evacuation Pause)
[294.715s][info][gc,task     ] GC(579) Using 2 workers of 2 for evacuation
[294.725s][info][gc,phases   ] GC(579)   Pre Evacuate Collection Set: 0.32ms
[294.725s][info][gc,phases   ] GC(579)   Merge Heap Roots: 0.15ms
[294.725s][info][gc,phases   ] GC(579)   Evacuate Collection Set: 8.70ms
[294.725s][info][gc,phases   ] GC(579)   Post Evacuate Collection Set: 0.90ms
[294.725s][info][gc,phases   ] GC(579)   Other: 0.11ms
[294.725s][info][gc,heap     ] GC(579) Eden regions: 479->0(480)
[294.725s][info][gc,heap     ] GC(579) Survivor regions: 26->25(64)
[294.725s][info][gc,heap     ] GC(579) Old regions: 44->44
[294.725s][info][gc,heap     ] GC(579) Humongous regions: 207->207
[294.725s][info][gc,metaspace] GC(579) Metaspace: 57159K(57472K)->57159K(57472K) NonClass: 48858K(49088K)->48858K(49088K) Class: 8300K(8384K)->8300K(8384K)
[294.725s][info][gc          ] GC(579) Pause Young (Normal) (G1 Evacuation Pause) 755M->275M(842M) 10.401ms
[294.725s][info][gc,cpu      ] GC(579) User=0.02s Sys=0.00s Real=0.01s
[295.748s][info][gc,start    ] GC(580) Pause Young (Normal) (G1 Evacuation Pause)
[295.748s][info][gc,task     ] GC(580) Using 2 workers of 2 for evacuation
[295.759s][info][gc,phases   ] GC(580)   Pre Evacuate Collection Set: 0.33ms
[295.759s][info][gc,phases   ] GC(580)   Merge Heap Roots: 0.18ms
[295.759s][info][gc,phases   ] GC(580)   Evacuate Collection Set: 9.97ms
[295.759s][info][gc,phases   ] GC(580)   Post Evacuate Collection Set: 0.97ms
[295.759s][info][gc,phases   ] GC(580)   Other: 0.10ms
[295.759s][info][gc,heap     ] GC(580) Eden regions: 480->0(480)
[295.759s][info][gc,heap     ] GC(580) Survivor regions: 25->25(64)
[295.759s][info][gc,heap     ] GC(580) Old regions: 44->44
[295.759s][info][gc,heap     ] GC(580) Humongous regions: 207->207
[295.759s][info][gc,metaspace] GC(580) Metaspace: 57160K(57472K)->57160K(57472K) NonClass: 48859K(49088K)->48859K(49088K) Class: 8300K(8384K)->8300K(8384K)
[295.759s][info][gc          ] GC(580) Pause Young (Normal) (G1 Evacuation Pause) 755M->275M(842M) 11.835ms
[295.759s][info][gc,cpu      ] GC(580) User=0.02s Sys=0.00s Real=0.01s
[296.822s][info][gc,start    ] GC(581) Pause Young (Normal) (G1 Evacuation Pause)
[296.822s][info][gc,task     ] GC(581) Using 2 workers of 2 for evacuation
[296.836s][info][gc,phases   ] GC(581)   Pre Evacuate Collection Set: 0.33ms
[296.836s][info][gc,phases   ] GC(581)   Merge Heap Roots: 0.20ms
[296.836s][info][gc,phases   ] GC(581)   Evacuate Collection Set: 12.29ms
[296.836s][info][gc,phases   ] GC(581)   Post Evacuate Collection Set: 0.95ms
[296.836s][info][gc,phases   ] GC(581)   Other: 0.10ms
[296.836s][info][gc,heap     ] GC(581) Eden regions: 480->0(480)
[296.836s][info][gc,heap     ] GC(581) Survivor regions: 25->25(64)
[296.836s][info][gc,heap     ] GC(581) Old regions: 44->44
[296.836s][info][gc,heap     ] GC(581) Humongous regions: 207->207
[296.836s][info][gc,metaspace] GC(581) Metaspace: 57160K(57472K)->57160K(57472K) NonClass: 48859K(49088K)->48859K(49088K) Class: 8300K(8384K)->8300K(8384K)
[296.836s][info][gc          ] GC(581) Pause Young (Normal) (G1 Evacuation Pause) 755M->275M(842M) 14.081ms
[296.836s][info][gc,cpu      ] GC(581) User=0.02s Sys=0.00s Real=0.02s
[297.865s][info][gc,start    ] GC(582) Pause Young (Normal) (G1 Evacuation Pause)
[297.865s][info][gc,task     ] GC(582) Using 2 workers of 2 for evacuation
[297.876s][info][gc,phases   ] GC(582)   Pre Evacuate Collection Set: 0.36ms
[297.876s][info][gc,phases   ] GC(582)   Merge Heap Roots: 0.17ms
[297.876s][info][gc,phases   ] GC(582)   Evacuate Collection Set: 9.09ms
[297.876s][info][gc,phases   ] GC(582)   Post Evacuate Collection Set: 0.91ms
[297.876s][info][gc,phases   ] GC(582)   Other: 0.14ms
[297.876s][info][gc,heap     ] GC(582) Eden regions: 480->0(482)
[297.876s][info][gc,heap     ] GC(582) Survivor regions: 25->23(64)
[297.876s][info][gc,heap     ] GC(582) Old regions: 44->46
[297.876s][info][gc,heap     ] GC(582) Humongous regions: 207->207
[297.876s][info][gc,metaspace] GC(582) Metaspace: 57160K(57472K)->57160K(57472K) NonClass: 48859K(49088K)->48859K(49088K) Class: 8300K(8384K)->8300K(8384K)
[297.876s][info][gc          ] GC(582) Pause Young (Normal) (G1 Evacuation Pause) 755M->275M(842M) 10.957ms
[297.876s][info][gc,cpu      ] GC(582) User=0.02s Sys=0.00s Real=0.01s
[298.930s][info][gc,start    ] GC(583) Pause Young (Normal) (G1 Evacuation Pause)
[298.930s][info][gc,task     ] GC(583) Using 2 workers of 2 for evacuation
[298.940s][info][gc,phases   ] GC(583)   Pre Evacuate Collection Set: 0.30ms
[298.940s][info][gc,phases   ] GC(583)   Merge Heap Roots: 0.18ms
[298.940s][info][gc,phases   ] GC(583)   Evacuate Collection Set: 8.50ms
[298.940s][info][gc,phases   ] GC(583)   Post Evacuate Collection Set: 0.91ms
[298.940s][info][gc,phases   ] GC(583)   Other: 0.10ms
[298.940s][info][gc,heap     ] GC(583) Eden regions: 482->0(502)
[298.940s][info][gc,heap     ] GC(583) Survivor regions: 23->3(64)
[298.940s][info][gc,heap     ] GC(583) Old regions: 46->67
[298.940s][info][gc,heap     ] GC(583) Humongous regions: 207->207
[298.940s][info][gc,metaspace] GC(583) Metaspace: 57160K(57472K)->57160K(57472K) NonClass: 48859K(49088K)->48859K(49088K) Class: 8300K(8384K)->8300K(8384K)
[298.940s][info][gc          ] GC(583) Pause Young (Normal) (G1 Evacuation Pause) 757M->276M(842M) 10.207ms
[298.940s][info][gc,cpu      ] GC(583) User=0.02s Sys=0.00s Real=0.01s
[300.036s][info][gc,start    ] GC(584) Pause Young (Normal) (G1 Evacuation Pause)
[300.037s][info][gc,task     ] GC(584) Using 2 workers of 2 for evacuation
[300.044s][info][gc,phases   ] GC(584)   Pre Evacuate Collection Set: 0.31ms
[300.044s][info][gc,phases   ] GC(584)   Merge Heap Roots: 0.16ms
[300.044s][info][gc,phases   ] GC(584)   Evacuate Collection Set: 5.92ms
[300.044s][info][gc,phases   ] GC(584)   Post Evacuate Collection Set: 0.83ms
[300.044s][info][gc,phases   ] GC(584)   Other: 0.10ms
[300.044s][info][gc,heap     ] GC(584) Eden regions: 502->0(501)
[300.044s][info][gc,heap     ] GC(584) Survivor regions: 3->4(64)
[300.044s][info][gc,heap     ] GC(584) Old regions: 67->68
[300.044s][info][gc,heap     ] GC(584) Humongous regions: 207->207
[300.044s][info][gc,metaspace] GC(584) Metaspace: 57160K(57472K)->57160K(57472K) NonClass: 48859K(49088K)->48859K(49088K) Class: 8300K(8384K)->8300K(8384K)
[300.044s][info][gc          ] GC(584) Pause Young (Normal) (G1 Evacuation Pause) 778M->278M(842M) 7.556ms
[300.044s][info][gc,cpu      ] GC(584) User=0.01s Sys=0.00s Real=0.01s
[301.130s][info][gc,start    ] GC(585) Pause Young (Normal) (G1 Evacuation Pause)
[301.130s][info][gc,task     ] GC(585) Using 2 workers of 2 for evacuation
[301.138s][info][gc,phases   ] GC(585)   Pre Evacuate Collection Set: 0.32ms
[301.138s][info][gc,phases   ] GC(585)   Merge Heap Roots: 0.19ms
[301.138s][info][gc,phases   ] GC(585)   Evacuate Collection Set: 6.08ms
[301.138s][info][gc,phases   ] GC(585)   Post Evacuate Collection Set: 0.89ms
[301.138s][info][gc,phases   ] GC(585)   Other: 0.10ms
[301.138s][info][gc,heap     ] GC(585) Eden regions: 501->0(502)
[301.138s][info][gc,heap     ] GC(585) Survivor regions: 4->3(64)
[301.138s][info][gc,heap     ] GC(585) Old regions: 68->68
[301.138s][info][gc,heap     ] GC(585) Humongous regions: 207->207
[301.138s][info][gc,metaspace] GC(585) Metaspace: 57160K(57472K)->57160K(57472K) NonClass: 48859K(49088K)->48859K(49088K) Class: 8300K(8384K)->8300K(8384K)
[301.138s][info][gc          ] GC(585) Pause Young (Normal) (G1 Evacuation Pause) 779M->277M(842M) 7.827ms
[301.138s][info][gc,cpu      ] GC(585) User=0.01s Sys=0.00s Real=0.01s
[302.237s][info][gc,start    ] GC(586) Pause Young (Normal) (G1 Evacuation Pause)
[302.237s][info][gc,task     ] GC(586) Using 2 workers of 2 for evacuation
[302.243s][info][gc,phases   ] GC(586)   Pre Evacuate Collection Set: 0.32ms
[302.243s][info][gc,phases   ] GC(586)   Merge Heap Roots: 0.16ms
[302.243s][info][gc,phases   ] GC(586)   Evacuate Collection Set: 3.93ms
[302.243s][info][gc,phases   ] GC(586)   Post Evacuate Collection Set: 0.82ms
[302.243s][info][gc,phases   ] GC(586)   Other: 0.09ms
[302.243s][info][gc,heap     ] GC(586) Eden regions: 502->0(502)
[302.243s][info][gc,heap     ] GC(586) Survivor regions: 3->3(64)
[302.243s][info][gc,heap     ] GC(586) Old regions: 68->69
[302.243s][info][gc,heap     ] GC(586) Humongous regions: 207->207
[302.243s][info][gc,metaspace] GC(586) Metaspace: 57160K(57472K)->57160K(57472K) NonClass: 48859K(49088K)->48859K(49088K) Class: 8300K(8384K)->8300K(8384K)
[302.243s][info][gc          ] GC(586) Pause Young (Normal) (G1 Evacuation Pause) 779M->277M(842M) 5.514ms
[302.243s][info][gc,cpu      ] GC(586) User=0.01s Sys=0.00s Real=0.00s
[303.343s][info][gc,start    ] GC(587) Pause Young (Normal) (G1 Evacuation Pause)
[303.343s][info][gc,task     ] GC(587) Using 2 workers of 2 for evacuation
[303.349s][info][gc,phases   ] GC(587)   Pre Evacuate Collection Set: 0.30ms
[303.349s][info][gc,phases   ] GC(587)   Merge Heap Roots: 0.17ms
[303.349s][info][gc,phases   ] GC(587)   Evacuate Collection Set: 5.11ms
[303.349s][info][gc,phases   ] GC(587)   Post Evacuate Collection Set: 0.85ms
[303.349s][info][gc,phases   ] GC(587)   Other: 0.10ms
[303.349s][info][gc,heap     ] GC(587) Eden regions: 502->0(502)
[303.349s][info][gc,heap     ] GC(587) Survivor regions: 3->3(64)
[303.349s][info][gc,heap     ] GC(587) Old regions: 69->69
[303.349s][info][gc,heap     ] GC(587) Humongous regions: 207->207
[303.349s][info][gc,metaspace] GC(587) Metaspace: 57163K(57472K)->57163K(57472K) NonClass: 48863K(49088K)->48863K(49088K) Class: 8300K(8384K)->8300K(8384K)
[303.349s][info][gc          ] GC(587) Pause Young (Normal) (G1 Evacuation Pause) 779M->277M(842M) 6.759ms
[303.350s][info][gc,cpu      ] GC(587) User=0.01s Sys=0.00s Real=0.01s
[304.444s][info][gc,start    ] GC(588) Pause Young (Normal) (G1 Evacuation Pause)
[304.444s][info][gc,task     ] GC(588) Using 2 workers of 2 for evacuation
[304.450s][info][gc,phases   ] GC(588)   Pre Evacuate Collection Set: 0.30ms
[304.450s][info][gc,phases   ] GC(588)   Merge Heap Roots: 0.15ms
[304.450s][info][gc,phases   ] GC(588)   Evacuate Collection Set: 4.38ms
[304.450s][info][gc,phases   ] GC(588)   Post Evacuate Collection Set: 0.80ms
[304.450s][info][gc,phases   ] GC(588)   Other: 0.13ms
[304.450s][info][gc,heap     ] GC(588) Eden regions: 502->0(502)
[304.450s][info][gc,heap     ] GC(588) Survivor regions: 3->3(64)
[304.450s][info][gc,heap     ] GC(588) Old regions: 69->69
[304.450s][info][gc,heap     ] GC(588) Humongous regions: 207->207
[304.450s][info][gc,metaspace] GC(588) Metaspace: 57163K(57472K)->57163K(57472K) NonClass: 48863K(49088K)->48863K(49088K) Class: 8300K(8384K)->8300K(8384K)
[304.450s][info][gc          ] GC(588) Pause Young (Normal) (G1 Evacuation Pause) 779M->277M(842M) 5.961ms
[304.450s][info][gc,cpu      ] GC(588) User=0.01s Sys=0.00s Real=0.00s
[305.599s][info][gc,start    ] GC(589) Pause Young (Normal) (G1 Evacuation Pause)
[305.599s][info][gc,task     ] GC(589) Using 2 workers of 2 for evacuation
[305.605s][info][gc,phases   ] GC(589)   Pre Evacuate Collection Set: 0.33ms
[305.605s][info][gc,phases   ] GC(589)   Merge Heap Roots: 0.16ms
[305.605s][info][gc,phases   ] GC(589)   Evacuate Collection Set: 4.22ms
[305.605s][info][gc,phases   ] GC(589)   Post Evacuate Collection Set: 0.82ms
[305.605s][info][gc,phases   ] GC(589)   Other: 0.11ms
[305.605s][info][gc,heap     ] GC(589) Eden regions: 502->0(503)
[305.605s][info][gc,heap     ] GC(589) Survivor regions: 3->2(64)
[305.605s][info][gc,heap     ] GC(589) Old regions: 69->69
[305.605s][info][gc,heap     ] GC(589) Humongous regions: 207->207
[305.605s][info][gc,metaspace] GC(589) Metaspace: 57163K(57472K)->57163K(57472K) NonClass: 48863K(49088K)->48863K(49088K) Class: 8300K(8384K)->8300K(8384K)
[305.605s][info][gc          ] GC(589) Pause Young (Normal) (G1 Evacuation Pause) 779M->277M(842M) 5.856ms
[305.605s][info][gc,cpu      ] GC(589) User=0.02s Sys=0.00s Real=0.01s
[306.651s][info][gc,start    ] GC(590) Pause Young (Normal) (G1 Evacuation Pause)
[306.651s][info][gc,task     ] GC(590) Using 2 workers of 2 for evacuation
[306.657s][info][gc,phases   ] GC(590)   Pre Evacuate Collection Set: 0.32ms
[306.657s][info][gc,phases   ] GC(590)   Merge Heap Roots: 0.16ms
[306.657s][info][gc,phases   ] GC(590)   Evacuate Collection Set: 4.04ms
[306.657s][info][gc,phases   ] GC(590)   Post Evacuate Collection Set: 0.87ms
[306.657s][info][gc,phases   ] GC(590)   Other: 0.09ms
[306.657s][info][gc,heap     ] GC(590) Eden regions: 503->0(503)
[306.657s][info][gc,heap     ] GC(590) Survivor regions: 2->2(64)
[306.657s][info][gc,heap     ] GC(590) Old regions: 69->69
[306.657s][info][gc,heap     ] GC(590) Humongous regions: 207->207
[306.657s][info][gc,metaspace] GC(590) Metaspace: 57163K(57472K)->57163K(57472K) NonClass: 48863K(49088K)->48863K(49088K) Class: 8300K(8384K)->8300K(8384K)
[306.657s][info][gc          ] GC(590) Pause Young (Normal) (G1 Evacuation Pause) 780M->276M(842M) 5.691ms
[306.657s][info][gc,cpu      ] GC(590) User=0.01s Sys=0.00s Real=0.01s
[307.762s][info][gc,start    ] GC(591) Pause Young (Normal) (G1 Evacuation Pause)
[307.762s][info][gc,task     ] GC(591) Using 2 workers of 2 for evacuation
[307.767s][info][gc,phases   ] GC(591)   Pre Evacuate Collection Set: 0.30ms
[307.767s][info][gc,phases   ] GC(591)   Merge Heap Roots: 0.16ms
[307.767s][info][gc,phases   ] GC(591)   Evacuate Collection Set: 3.60ms
[307.767s][info][gc,phases   ] GC(591)   Post Evacuate Collection Set: 0.83ms
[307.767s][info][gc,phases   ] GC(591)   Other: 0.09ms
[307.767s][info][gc,heap     ] GC(591) Eden regions: 503->0(503)
[307.767s][info][gc,heap     ] GC(591) Survivor regions: 2->2(64)
[307.767s][info][gc,heap     ] GC(591) Old regions: 69->69
[307.767s][info][gc,heap     ] GC(591) Humongous regions: 207->207
[307.767s][info][gc,metaspace] GC(591) Metaspace: 57164K(57472K)->57164K(57472K) NonClass: 48863K(49088K)->48863K(49088K) Class: 8300K(8384K)->8300K(8384K)
[307.767s][info][gc          ] GC(591) Pause Young (Normal) (G1 Evacuation Pause) 779M->276M(842M) 5.180ms
[307.767s][info][gc,cpu      ] GC(591) User=0.01s Sys=0.00s Real=0.01s
[308.856s][info][gc,start    ] GC(592) Pause Young (Normal) (G1 Evacuation Pause)
[308.856s][info][gc,task     ] GC(592) Using 2 workers of 2 for evacuation
[308.861s][info][gc,phases   ] GC(592)   Pre Evacuate Collection Set: 0.30ms
[308.861s][info][gc,phases   ] GC(592)   Merge Heap Roots: 0.17ms
[308.861s][info][gc,phases   ] GC(592)   Evacuate Collection Set: 3.83ms
[308.861s][info][gc,phases   ] GC(592)   Post Evacuate Collection Set: 0.89ms
[308.861s][info][gc,phases   ] GC(592)   Other: 0.09ms
[308.861s][info][gc,heap     ] GC(592) Eden regions: 503->0(503)
[308.861s][info][gc,heap     ] GC(592) Survivor regions: 2->2(64)
[308.861s][info][gc,heap     ] GC(592) Old regions: 69->69
[308.861s][info][gc,heap     ] GC(592) Humongous regions: 207->207
[308.861s][info][gc,metaspace] GC(592) Metaspace: 57164K(57472K)->57164K(57472K) NonClass: 48863K(49088K)->48863K(49088K) Class: 8300K(8384K)->8300K(8384K)
[308.861s][info][gc          ] GC(592) Pause Young (Normal) (G1 Evacuation Pause) 779M->276M(842M) 5.519ms
[308.861s][info][gc,cpu      ] GC(592) User=0.01s Sys=0.00s Real=0.00s
[309.997s][info][gc,start    ] GC(593) Pause Young (Normal) (G1 Evacuation Pause)
[309.997s][info][gc,task     ] GC(593) Using 2 workers of 2 for evacuation
[310.003s][info][gc,phases   ] GC(593)   Pre Evacuate Collection Set: 0.31ms
[310.003s][info][gc,phases   ] GC(593)   Merge Heap Roots: 0.16ms
[310.003s][info][gc,phases   ] GC(593)   Evacuate Collection Set: 3.58ms
[310.003s][info][gc,phases   ] GC(593)   Post Evacuate Collection Set: 1.10ms
[310.003s][info][gc,phases   ] GC(593)   Other: 0.09ms
[310.003s][info][gc,heap     ] GC(593) Eden regions: 503->0(503)
[310.003s][info][gc,heap     ] GC(593) Survivor regions: 2->2(64)
[310.003s][info][gc,heap     ] GC(593) Old regions: 69->69
[310.003s][info][gc,heap     ] GC(593) Humongous regions: 207->207
[310.003s][info][gc,metaspace] GC(593) Metaspace: 57164K(57472K)->57164K(57472K) NonClass: 48863K(49088K)->48863K(49088K) Class: 8300K(8384K)->8300K(8384K)
[310.003s][info][gc          ] GC(593) Pause Young (Normal) (G1 Evacuation Pause) 779M->276M(842M) 5.450ms
[310.003s][info][gc,cpu      ] GC(593) User=0.01s Sys=0.01s Real=0.00s
[311.183s][info][gc,start    ] GC(594) Pause Young (Normal) (G1 Evacuation Pause)
[311.184s][info][gc,task     ] GC(594) Using 2 workers of 2 for evacuation
[311.188s][info][gc,phases   ] GC(594)   Pre Evacuate Collection Set: 0.34ms
[311.188s][info][gc,phases   ] GC(594)   Merge Heap Roots: 0.15ms
[311.188s][info][gc,phases   ] GC(594)   Evacuate Collection Set: 3.22ms
[311.188s][info][gc,phases   ] GC(594)   Post Evacuate Collection Set: 0.83ms
[311.188s][info][gc,phases   ] GC(594)   Other: 0.10ms
[311.188s][info][gc,heap     ] GC(594) Eden regions: 503->0(503)
[311.188s][info][gc,heap     ] GC(594) Survivor regions: 2->2(64)
[311.188s][info][gc,heap     ] GC(594) Old regions: 69->69
[311.188s][info][gc,heap     ] GC(594) Humongous regions: 207->207
[311.188s][info][gc,metaspace] GC(594) Metaspace: 57164K(57472K)->57164K(57472K) NonClass: 48863K(49088K)->48863K(49088K) Class: 8300K(8384K)->8300K(8384K)
[311.188s][info][gc          ] GC(594) Pause Young (Normal) (G1 Evacuation Pause) 779M->276M(842M) 4.861ms
[311.188s][info][gc,cpu      ] GC(594) User=0.01s Sys=0.00s Real=0.01s
[312.260s][info][gc,start    ] GC(595) Pause Young (Normal) (G1 Evacuation Pause)
[312.260s][info][gc,task     ] GC(595) Using 2 workers of 2 for evacuation
[312.264s][info][gc,phases   ] GC(595)   Pre Evacuate Collection Set: 0.32ms
[312.264s][info][gc,phases   ] GC(595)   Merge Heap Roots: 0.17ms
[312.264s][info][gc,phases   ] GC(595)   Evacuate Collection Set: 2.56ms
[312.264s][info][gc,phases   ] GC(595)   Post Evacuate Collection Set: 0.80ms
[312.264s][info][gc,phases   ] GC(595)   Other: 0.11ms
[312.264s][info][gc,heap     ] GC(595) Eden regions: 503->0(504)
[312.264s][info][gc,heap     ] GC(595) Survivor regions: 2->1(64)
[312.264s][info][gc,heap     ] GC(595) Old regions: 69->69
[312.264s][info][gc,heap     ] GC(595) Humongous regions: 207->207
[312.264s][info][gc,metaspace] GC(595) Metaspace: 57166K(57472K)->57166K(57472K) NonClass: 48865K(49088K)->48865K(49088K) Class: 8300K(8384K)->8300K(8384K)
[312.264s][info][gc          ] GC(595) Pause Young (Normal) (G1 Evacuation Pause) 779M->275M(842M) 4.177ms
[312.264s][info][gc,cpu      ] GC(595) User=0.01s Sys=0.00s Real=0.01s
[313.405s][info][gc,start    ] GC(596) Pause Young (Normal) (G1 Evacuation Pause)
[313.405s][info][gc,task     ] GC(596) Using 2 workers of 2 for evacuation
[313.410s][info][gc,phases   ] GC(596)   Pre Evacuate Collection Set: 0.32ms
[313.410s][info][gc,phases   ] GC(596)   Merge Heap Roots: 0.16ms
[313.410s][info][gc,phases   ] GC(596)   Evacuate Collection Set: 2.91ms
[313.410s][info][gc,phases   ] GC(596)   Post Evacuate Collection Set: 0.81ms
[313.410s][info][gc,phases   ] GC(596)   Other: 0.13ms
[313.410s][info][gc,heap     ] GC(596) Eden regions: 504->0(504)
[313.410s][info][gc,heap     ] GC(596) Survivor regions: 1->1(64)
[313.410s][info][gc,heap     ] GC(596) Old regions: 69->69
[313.410s][info][gc,heap     ] GC(596) Humongous regions: 207->207
[313.410s][info][gc,metaspace] GC(596) Metaspace: 57166K(57472K)->57166K(57472K) NonClass: 48865K(49088K)->48865K(49088K) Class: 8300K(8384K)->8300K(8384K)
[313.410s][info][gc          ] GC(596) Pause Young (Normal) (G1 Evacuation Pause) 779M->276M(842M) 4.532ms
[313.410s][info][gc,cpu      ] GC(596) User=0.01s Sys=0.00s Real=0.00s
[314.509s][info][gc,start    ] GC(597) Pause Young (Normal) (G1 Evacuation Pause)
[314.509s][info][gc,task     ] GC(597) Using 2 workers of 2 for evacuation
[314.514s][info][gc,phases   ] GC(597)   Pre Evacuate Collection Set: 0.33ms
[314.514s][info][gc,phases   ] GC(597)   Merge Heap Roots: 0.18ms
[314.514s][info][gc,phases   ] GC(597)   Evacuate Collection Set: 3.15ms
[314.514s][info][gc,phases   ] GC(597)   Post Evacuate Collection Set: 1.27ms
[314.514s][info][gc,phases   ] GC(597)   Other: 0.10ms
[314.514s][info][gc,heap     ] GC(597) Eden regions: 504->0(504)
[314.514s][info][gc,heap     ] GC(597) Survivor regions: 1->1(64)
[314.514s][info][gc,heap     ] GC(597) Old regions: 69->69
[314.514s][info][gc,heap     ] GC(597) Humongous regions: 207->207
[314.514s][info][gc,metaspace] GC(597) Metaspace: 57166K(57472K)->57166K(57472K) NonClass: 48865K(49088K)->48865K(49088K) Class: 8300K(8384K)->8300K(8384K)
[314.514s][info][gc          ] GC(597) Pause Young (Normal) (G1 Evacuation Pause) 780M->276M(842M) 5.241ms
[314.514s][info][gc,cpu      ] GC(597) User=0.00s Sys=0.00s Real=0.01s
[315.612s][info][gc,start    ] GC(598) Pause Young (Normal) (G1 Evacuation Pause)
[315.612s][info][gc,task     ] GC(598) Using 2 workers of 2 for evacuation
[315.617s][info][gc,phases   ] GC(598)   Pre Evacuate Collection Set: 0.52ms
[315.617s][info][gc,phases   ] GC(598)   Merge Heap Roots: 0.15ms
[315.617s][info][gc,phases   ] GC(598)   Evacuate Collection Set: 3.72ms
[315.617s][info][gc,phases   ] GC(598)   Post Evacuate Collection Set: 0.81ms
[315.617s][info][gc,phases   ] GC(598)   Other: 0.12ms
[315.617s][info][gc,heap     ] GC(598) Eden regions: 504->0(503)
[315.617s][info][gc,heap     ] GC(598) Survivor regions: 1->2(64)
[315.617s][info][gc,heap     ] GC(598) Old regions: 69->69
[315.617s][info][gc,heap     ] GC(598) Humongous regions: 207->207
[315.617s][info][gc,metaspace] GC(598) Metaspace: 57166K(57472K)->57166K(57472K) NonClass: 48865K(49088K)->48865K(49088K) Class: 8300K(8384K)->8300K(8384K)
[315.618s][info][gc          ] GC(598) Pause Young (Normal) (G1 Evacuation Pause) 780M->276M(842M) 5.495ms
[315.618s][info][gc,cpu      ] GC(598) User=0.01s Sys=0.00s Real=0.01s
[316.711s][info][gc,start    ] GC(599) Pause Young (Normal) (G1 Evacuation Pause)
[316.711s][info][gc,task     ] GC(599) Using 2 workers of 2 for evacuation
[316.717s][info][gc,phases   ] GC(599)   Pre Evacuate Collection Set: 0.32ms
[316.717s][info][gc,phases   ] GC(599)   Merge Heap Roots: 0.16ms
[316.717s][info][gc,phases   ] GC(599)   Evacuate Collection Set: 3.76ms
[316.717s][info][gc,phases   ] GC(599)   Post Evacuate Collection Set: 1.14ms
[316.717s][info][gc,phases   ] GC(599)   Other: 0.13ms
[316.717s][info][gc,heap     ] GC(599) Eden regions: 503->0(503)
[316.717s][info][gc,heap     ] GC(599) Survivor regions: 2->2(64)
[316.717s][info][gc,heap     ] GC(599) Old regions: 69->69
[316.717s][info][gc,heap     ] GC(599) Humongous regions: 207->207
[316.717s][info][gc,metaspace] GC(599) Metaspace: 57166K(57472K)->57166K(57472K) NonClass: 48865K(49088K)->48865K(49088K) Class: 8300K(8384K)->8300K(8384K)
[316.717s][info][gc          ] GC(599) Pause Young (Normal) (G1 Evacuation Pause) 779M->277M(842M) 5.713ms
[316.717s][info][gc,cpu      ] GC(599) User=0.01s Sys=0.00s Real=0.01s
[317.851s][info][gc,start    ] GC(600) Pause Young (Normal) (G1 Evacuation Pause)
[317.851s][info][gc,task     ] GC(600) Using 2 workers of 2 for evacuation
[317.866s][info][gc,phases   ] GC(600)   Pre Evacuate Collection Set: 0.52ms
[317.866s][info][gc,phases   ] GC(600)   Merge Heap Roots: 0.15ms
[317.866s][info][gc,phases   ] GC(600)   Evacuate Collection Set: 12.32ms
[317.866s][info][gc,phases   ] GC(600)   Post Evacuate Collection Set: 1.54ms
[317.866s][info][gc,phases   ] GC(600)   Other: 0.14ms
[317.866s][info][gc,heap     ] GC(600) Eden regions: 503->0(502)
[317.866s][info][gc,heap     ] GC(600) Survivor regions: 2->3(64)
[317.866s][info][gc,heap     ] GC(600) Old regions: 69->69
[317.866s][info][gc,heap     ] GC(600) Humongous regions: 207->207
[317.866s][info][gc,metaspace] GC(600) Metaspace: 57166K(57472K)->57166K(57472K) NonClass: 48865K(49088K)->48865K(49088K) Class: 8300K(8384K)->8300K(8384K)
[317.866s][info][gc          ] GC(600) Pause Young (Normal) (G1 Evacuation Pause) 780M->277M(842M) 14.916ms
[317.866s][info][gc,cpu      ] GC(600) User=0.01s Sys=0.00s Real=0.02s
[318.950s][info][gc,start    ] GC(601) Pause Young (Normal) (G1 Evacuation Pause)
[318.950s][info][gc,task     ] GC(601) Using 2 workers of 2 for evacuation
[318.956s][info][gc,phases   ] GC(601)   Pre Evacuate Collection Set: 0.54ms
[318.956s][info][gc,phases   ] GC(601)   Merge Heap Roots: 0.19ms
[318.956s][info][gc,phases   ] GC(601)   Evacuate Collection Set: 4.37ms
[318.956s][info][gc,phases   ] GC(601)   Post Evacuate Collection Set: 0.82ms
[318.956s][info][gc,phases   ] GC(601)   Other: 0.09ms
[318.956s][info][gc,heap     ] GC(601) Eden regions: 502->0(503)
[318.956s][info][gc,heap     ] GC(601) Survivor regions: 3->2(64)
[318.956s][info][gc,heap     ] GC(601) Old regions: 69->69
[318.956s][info][gc,heap     ] GC(601) Humongous regions: 207->207
[318.956s][info][gc,metaspace] GC(601) Metaspace: 57166K(57472K)->57166K(57472K) NonClass: 48865K(49088K)->48865K(49088K) Class: 8300K(8384K)->8300K(8384K)
[318.956s][info][gc          ] GC(601) Pause Young (Normal) (G1 Evacuation Pause) 779M->276M(842M) 6.212ms
[318.956s][info][gc,cpu      ] GC(601) User=0.00s Sys=0.00s Real=0.01s
[320.049s][info][gc,start    ] GC(602) Pause Young (Normal) (G1 Evacuation Pause)
[320.049s][info][gc,task     ] GC(602) Using 2 workers of 2 for evacuation
[320.054s][info][gc,phases   ] GC(602)   Pre Evacuate Collection Set: 0.30ms
[320.054s][info][gc,phases   ] GC(602)   Merge Heap Roots: 0.18ms
[320.054s][info][gc,phases   ] GC(602)   Evacuate Collection Set: 4.14ms
[320.054s][info][gc,phases   ] GC(602)   Post Evacuate Collection Set: 0.80ms
[320.054s][info][gc,phases   ] GC(602)   Other: 0.09ms
[320.054s][info][gc,heap     ] GC(602) Eden regions: 503->0(503)
[320.054s][info][gc,heap     ] GC(602) Survivor regions: 2->2(64)
[320.054s][info][gc,heap     ] GC(602) Old regions: 69->69
[320.054s][info][gc,heap     ] GC(602) Humongous regions: 207->207
[320.054s][info][gc,metaspace] GC(602) Metaspace: 57166K(57472K)->57166K(57472K) NonClass: 48865K(49088K)->48865K(49088K) Class: 8300K(8384K)->8300K(8384K)
[320.054s][info][gc          ] GC(602) Pause Young (Normal) (G1 Evacuation Pause) 779M->277M(842M) 5.716ms
[320.054s][info][gc,cpu      ] GC(602) User=0.01s Sys=0.00s Real=0.01s
[321.139s][info][gc,start    ] GC(603) Pause Young (Normal) (G1 Evacuation Pause)
[321.139s][info][gc,task     ] GC(603) Using 2 workers of 2 for evacuation
[321.145s][info][gc,phases   ] GC(603)   Pre Evacuate Collection Set: 0.30ms
[321.145s][info][gc,phases   ] GC(603)   Merge Heap Roots: 0.16ms
[321.145s][info][gc,phases   ] GC(603)   Evacuate Collection Set: 5.15ms
[321.145s][info][gc,phases   ] GC(603)   Post Evacuate Collection Set: 0.81ms
[321.145s][info][gc,phases   ] GC(603)   Other: 0.09ms
[321.145s][info][gc,heap     ] GC(603) Eden regions: 503->0(502)
[321.145s][info][gc,heap     ] GC(603) Survivor regions: 2->3(64)
[321.145s][info][gc,heap     ] GC(603) Old regions: 69->69
[321.145s][info][gc,heap     ] GC(603) Humongous regions: 207->207
[321.145s][info][gc,metaspace] GC(603) Metaspace: 57166K(57472K)->57166K(57472K) NonClass: 48865K(49088K)->48865K(49088K) Class: 8300K(8384K)->8300K(8384K)
[321.145s][info][gc          ] GC(603) Pause Young (Normal) (G1 Evacuation Pause) 780M->278M(842M) 6.750ms
[321.145s][info][gc,cpu      ] GC(603) User=0.01s Sys=0.00s Real=0.01s
[322.232s][info][gc,start    ] GC(604) Pause Young (Normal) (G1 Evacuation Pause)
[322.232s][info][gc,task     ] GC(604) Using 2 workers of 2 for evacuation
[322.252s][info][gc,phases   ] GC(604)   Pre Evacuate Collection Set: 0.32ms
[322.252s][info][gc,phases   ] GC(604)   Merge Heap Roots: 0.18ms
[322.252s][info][gc,phases   ] GC(604)   Evacuate Collection Set: 18.40ms
[322.252s][info][gc,phases   ] GC(604)   Post Evacuate Collection Set: 0.83ms
[322.252s][info][gc,phases   ] GC(604)   Other: 0.13ms
[322.252s][info][gc,heap     ] GC(604) Eden regions: 502->0(489)
[322.252s][info][gc,heap     ] GC(604) Survivor regions: 3->16(64)
[322.252s][info][gc,heap     ] GC(604) Old regions: 69->69
[322.252s][info][gc,heap     ] GC(604) Humongous regions: 207->207
[322.252s][info][gc,metaspace] GC(604) Metaspace: 57166K(57472K)->57166K(57472K) NonClass: 48865K(49088K)->48865K(49088K) Class: 8300K(8384K)->8300K(8384K)
[322.252s][info][gc          ] GC(604) Pause Young (Normal) (G1 Evacuation Pause) 780M->290M(842M) 20.103ms
[322.252s][info][gc,cpu      ] GC(604) User=0.04s Sys=0.00s Real=0.02s
[323.314s][info][gc,start    ] GC(605) Pause Young (Normal) (G1 Evacuation Pause)
[323.314s][info][gc,task     ] GC(605) Using 2 workers of 2 for evacuation
[323.327s][info][gc,phases   ] GC(605)   Pre Evacuate Collection Set: 0.30ms
[323.327s][info][gc,phases   ] GC(605)   Merge Heap Roots: 0.16ms
[323.327s][info][gc,phases   ] GC(605)   Evacuate Collection Set: 11.47ms
[323.327s][info][gc,phases   ] GC(605)   Post Evacuate Collection Set: 0.84ms
[323.327s][info][gc,phases   ] GC(605)   Other: 0.10ms
[323.327s][info][gc,heap     ] GC(605) Eden regions: 489->0(491)
[323.327s][info][gc,heap     ] GC(605) Survivor regions: 16->14(64)
[323.327s][info][gc,heap     ] GC(605) Old regions: 69->69
[323.327s][info][gc,heap     ] GC(605) Humongous regions: 207->207
[323.327s][info][gc,metaspace] GC(605) Metaspace: 57166K(57472K)->57166K(57472K) NonClass: 48865K(49088K)->48865K(49088K) Class: 8300K(8384K)->8300K(8384K)
[323.327s][info][gc          ] GC(605) Pause Young (Normal) (G1 Evacuation Pause) 779M->289M(842M) 13.075ms
[323.327s][info][gc,cpu      ] GC(605) User=0.02s Sys=0.00s Real=0.01s
[324.406s][info][gc,start    ] GC(606) Pause Young (Normal) (G1 Evacuation Pause)
[324.406s][info][gc,task     ] GC(606) Using 2 workers of 2 for evacuation
[324.419s][info][gc,phases   ] GC(606)   Pre Evacuate Collection Set: 0.33ms
[324.419s][info][gc,phases   ] GC(606)   Merge Heap Roots: 0.17ms
[324.419s][info][gc,phases   ] GC(606)   Evacuate Collection Set: 11.15ms
[324.419s][info][gc,phases   ] GC(606)   Post Evacuate Collection Set: 0.85ms
[324.419s][info][gc,phases   ] GC(606)   Other: 0.09ms
[324.419s][info][gc,heap     ] GC(606) Eden regions: 491->0(491)
[324.419s][info][gc,heap     ] GC(606) Survivor regions: 14->14(64)
[324.419s][info][gc,heap     ] GC(606) Old regions: 69->69
[324.419s][info][gc,heap     ] GC(606) Humongous regions: 207->207
[324.419s][info][gc,metaspace] GC(606) Metaspace: 57166K(57472K)->57166K(57472K) NonClass: 48865K(49088K)->48865K(49088K) Class: 8300K(8384K)->8300K(8384K)
[324.419s][info][gc          ] GC(606) Pause Young (Normal) (G1 Evacuation Pause) 780M->289M(842M) 12.841ms
[324.419s][info][gc,cpu      ] GC(606) User=0.02s Sys=0.01s Real=0.01s
[325.453s][info][gc,start    ] GC(607) Pause Young (Normal) (G1 Evacuation Pause)
[325.453s][info][gc,task     ] GC(607) Using 2 workers of 2 for evacuation
[325.468s][info][gc,phases   ] GC(607)   Pre Evacuate Collection Set: 0.30ms
[325.468s][info][gc,phases   ] GC(607)   Merge Heap Roots: 0.17ms
[325.468s][info][gc,phases   ] GC(607)   Evacuate Collection Set: 13.84ms
[325.468s][info][gc,phases   ] GC(607)   Post Evacuate Collection Set: 0.89ms
[325.468s][info][gc,phases   ] GC(607)   Other: 0.10ms
[325.468s][info][gc,heap     ] GC(607) Eden regions: 491->0(490)
[325.468s][info][gc,heap     ] GC(607) Survivor regions: 14->15(64)
[325.468s][info][gc,heap     ] GC(607) Old regions: 69->69
[325.468s][info][gc,heap     ] GC(607) Humongous regions: 207->207
[325.468s][info][gc,metaspace] GC(607) Metaspace: 57166K(57472K)->57166K(57472K) NonClass: 48865K(49088K)->48865K(49088K) Class: 8300K(8384K)->8300K(8384K)
[325.468s][info][gc          ] GC(607) Pause Young (Normal) (G1 Evacuation Pause) 780M->290M(842M) 15.543ms
[325.468s][info][gc,cpu      ] GC(607) User=0.03s Sys=0.00s Real=0.02s
[326.529s][info][gc,start    ] GC(608) Pause Young (Normal) (G1 Evacuation Pause)
[326.530s][info][gc,task     ] GC(608) Using 2 workers of 2 for evacuation
[326.546s][info][gc,phases   ] GC(608)   Pre Evacuate Collection Set: 0.31ms
[326.546s][info][gc,phases   ] GC(608)   Merge Heap Roots: 0.17ms
[326.546s][info][gc,phases   ] GC(608)   Evacuate Collection Set: 14.50ms
[326.546s][info][gc,phases   ] GC(608)   Post Evacuate Collection Set: 1.15ms
[326.546s][info][gc,phases   ] GC(608)   Other: 0.16ms
[326.546s][info][gc,heap     ] GC(608) Eden regions: 490->0(490)
[326.546s][info][gc,heap     ] GC(608) Survivor regions: 15->15(64)
[326.546s][info][gc,heap     ] GC(608) Old regions: 69->69
[326.546s][info][gc,heap     ] GC(608) Humongous regions: 207->207
[326.546s][info][gc,metaspace] GC(608) Metaspace: 57166K(57472K)->57166K(57472K) NonClass: 48865K(49088K)->48865K(49088K) Class: 8300K(8384K)->8300K(8384K)
[326.546s][info][gc          ] GC(608) Pause Young (Normal) (G1 Evacuation Pause) 780M->290M(842M) 16.540ms
[326.546s][info][gc,cpu      ] GC(608) User=0.03s Sys=0.00s Real=0.02s
[327.631s][info][gc,start    ] GC(609) Pause Young (Normal) (G1 Evacuation Pause)
[327.631s][info][gc,task     ] GC(609) Using 2 workers of 2 for evacuation
[327.650s][info][gc,phases   ] GC(609)   Pre Evacuate Collection Set: 0.29ms
[327.650s][info][gc,phases   ] GC(609)   Merge Heap Roots: 0.16ms
[327.650s][info][gc,phases   ] GC(609)   Evacuate Collection Set: 16.67ms
[327.650s][info][gc,phases   ] GC(609)   Post Evacuate Collection Set: 0.89ms
[327.650s][info][gc,phases   ] GC(609)   Other: 0.13ms
[327.650s][info][gc,heap     ] GC(609) Eden regions: 490->0(487)
[327.650s][info][gc,heap     ] GC(609) Survivor regions: 15->18(64)
[327.650s][info][gc,heap     ] GC(609) Old regions: 69->69
[327.650s][info][gc,heap     ] GC(609) Humongous regions: 207->207
[327.650s][info][gc,metaspace] GC(609) Metaspace: 57166K(57472K)->57166K(57472K) NonClass: 48865K(49088K)->48865K(49088K) Class: 8300K(8384K)->8300K(8384K)
[327.650s][info][gc          ] GC(609) Pause Young (Normal) (G1 Evacuation Pause) 780M->293M(842M) 18.350ms
[327.650s][info][gc,cpu      ] GC(609) User=0.04s Sys=0.00s Real=0.02s
[328.716s][info][gc,start    ] GC(610) Pause Young (Normal) (G1 Evacuation Pause)
[328.716s][info][gc,task     ] GC(610) Using 2 workers of 2 for evacuation
[328.733s][info][gc,phases   ] GC(610)   Pre Evacuate Collection Set: 0.32ms
[328.733s][info][gc,phases   ] GC(610)   Merge Heap Roots: 0.17ms
[328.733s][info][gc,phases   ] GC(610)   Evacuate Collection Set: 14.67ms
[328.733s][info][gc,phases   ] GC(610)   Post Evacuate Collection Set: 0.92ms
[328.733s][info][gc,phases   ] GC(610)   Other: 0.14ms
[328.733s][info][gc,heap     ] GC(610) Eden regions: 487->0(489)
[328.733s][info][gc,heap     ] GC(610) Survivor regions: 18->16(64)
[328.733s][info][gc,heap     ] GC(610) Old regions: 69->69
[328.733s][info][gc,heap     ] GC(610) Humongous regions: 207->207
[328.733s][info][gc,metaspace] GC(610) Metaspace: 57166K(57472K)->57166K(57472K) NonClass: 48865K(49088K)->48865K(49088K) Class: 8300K(8384K)->8300K(8384K)
[328.733s][info][gc          ] GC(610) Pause Young (Normal) (G1 Evacuation Pause) 780M->291M(842M) 16.452ms
[328.733s][info][gc,cpu      ] GC(610) User=0.04s Sys=0.00s Real=0.01s
[329.763s][info][gc,start    ] GC(611) Pause Young (Normal) (G1 Evacuation Pause)
[329.763s][info][gc,task     ] GC(611) Using 2 workers of 2 for evacuation
[329.779s][info][gc,phases   ] GC(611)   Pre Evacuate Collection Set: 0.34ms
[329.779s][info][gc,phases   ] GC(611)   Merge Heap Roots: 0.16ms
[329.779s][info][gc,phases   ] GC(611)   Evacuate Collection Set: 14.75ms
[329.779s][info][gc,phases   ] GC(611)   Post Evacuate Collection Set: 0.89ms
[329.779s][info][gc,phases   ] GC(611)   Other: 0.10ms
[329.779s][info][gc,heap     ] GC(611) Eden regions: 489->0(488)
[329.779s][info][gc,heap     ] GC(611) Survivor regions: 16->17(64)
[329.779s][info][gc,heap     ] GC(611) Old regions: 69->69
[329.779s][info][gc,heap     ] GC(611) Humongous regions: 207->207
[329.779s][info][gc,metaspace] GC(611) Metaspace: 57166K(57472K)->57166K(57472K) NonClass: 48865K(49088K)->48865K(49088K) Class: 8300K(8384K)->8300K(8384K)
[329.779s][info][gc          ] GC(611) Pause Young (Normal) (G1 Evacuation Pause) 780M->291M(842M) 16.479ms
[329.779s][info][gc,cpu      ] GC(611) User=0.03s Sys=0.00s Real=0.02s
[330.823s][info][gc,start    ] GC(612) Pause Young (Normal) (G1 Evacuation Pause)
[330.823s][info][gc,task     ] GC(612) Using 2 workers of 2 for evacuation
[330.838s][info][gc,phases   ] GC(612)   Pre Evacuate Collection Set: 0.32ms
[330.838s][info][gc,phases   ] GC(612)   Merge Heap Roots: 0.16ms
[330.838s][info][gc,phases   ] GC(612)   Evacuate Collection Set: 12.72ms
[330.838s][info][gc,phases   ] GC(612)   Post Evacuate Collection Set: 0.90ms
[330.838s][info][gc,phases   ] GC(612)   Other: 0.09ms
[330.838s][info][gc,heap     ] GC(612) Eden regions: 488->0(490)
[330.838s][info][gc,heap     ] GC(612) Survivor regions: 17->15(64)
[330.838s][info][gc,heap     ] GC(612) Old regions: 69->69
[330.838s][info][gc,heap     ] GC(612) Humongous regions: 207->207
[330.838s][info][gc,metaspace] GC(612) Metaspace: 57166K(57472K)->57166K(57472K) NonClass: 48865K(49088K)->48865K(49088K) Class: 8300K(8384K)->8300K(8384K)
[330.838s][info][gc          ] GC(612) Pause Young (Normal) (G1 Evacuation Pause) 779M->290M(842M) 14.418ms
[330.838s][info][gc,cpu      ] GC(612) User=0.03s Sys=0.00s Real=0.02s
[331.906s][info][gc,start    ] GC(613) Pause Young (Normal) (G1 Evacuation Pause)
[331.906s][info][gc,task     ] GC(613) Using 2 workers of 2 for evacuation
[331.920s][info][gc,phases   ] GC(613)   Pre Evacuate Collection Set: 0.32ms
[331.920s][info][gc,phases   ] GC(613)   Merge Heap Roots: 0.16ms
[331.920s][info][gc,phases   ] GC(613)   Evacuate Collection Set: 11.93ms
[331.920s][info][gc,phases   ] GC(613)   Post Evacuate Collection Set: 0.89ms
[331.920s][info][gc,phases   ] GC(613)   Other: 0.09ms
[331.920s][info][gc,heap     ] GC(613) Eden regions: 490->0(491)
[331.920s][info][gc,heap     ] GC(613) Survivor regions: 15->14(64)
[331.920s][info][gc,heap     ] GC(613) Old regions: 69->69
[331.920s][info][gc,heap     ] GC(613) Humongous regions: 207->207
[331.920s][info][gc,metaspace] GC(613) Metaspace: 57166K(57472K)->57166K(57472K) NonClass: 48865K(49088K)->48865K(49088K) Class: 8300K(8384K)->8300K(8384K)
[331.920s][info][gc          ] GC(613) Pause Young (Normal) (G1 Evacuation Pause) 780M->289M(842M) 13.596ms
[331.920s][info][gc,cpu      ] GC(613) User=0.03s Sys=0.00s Real=0.01s
[332.174s][info][gc,start    ] GC(614) Pause Young (Concurrent Start) (G1 Humongous Allocation)
[332.174s][info][gc,task     ] GC(614) Using 2 workers of 2 for evacuation
[332.192s][info][gc,phases   ] GC(614)   Pre Evacuate Collection Set: 1.38ms
[332.192s][info][gc,phases   ] GC(614)   Merge Heap Roots: 0.10ms
[332.192s][info][gc,phases   ] GC(614)   Evacuate Collection Set: 15.24ms
[332.192s][info][gc,phases   ] GC(614)   Post Evacuate Collection Set: 0.64ms
[332.192s][info][gc,phases   ] GC(614)   Other: 0.17ms
[332.192s][info][gc,heap     ] GC(614) Eden regions: 135->0(491)
[332.192s][info][gc,heap     ] GC(614) Survivor regions: 14->14(64)
[332.192s][info][gc,heap     ] GC(614) Old regions: 69->69
[332.192s][info][gc,heap     ] GC(614) Humongous regions: 207->207
[332.192s][info][gc,metaspace] GC(614) Metaspace: 57173K(57536K)->57173K(57536K) NonClass: 48872K(49152K)->48872K(49152K) Class: 8300K(8384K)->8300K(8384K)
[332.192s][info][gc          ] GC(614) Pause Young (Concurrent Start) (G1 Humongous Allocation) 424M->289M(842M) 17.744ms
[332.192s][info][gc          ] GC(615) Concurrent Undo Cycle
[332.192s][info][gc,marking  ] GC(615) Concurrent Clear Claimed Marks
[332.192s][info][gc,marking  ] GC(615) Concurrent Clear Claimed Marks 0.089ms
[332.192s][info][gc,marking  ] GC(615) Concurrent Cleanup for Next Mark
[332.192s][info][gc,cpu      ] GC(614) User=0.02s Sys=0.00s Real=0.01s
[332.196s][info][gc,marking  ] GC(615) Concurrent Cleanup for Next Mark 3.282ms
[332.196s][info][gc          ] GC(615) Concurrent Undo Cycle 3.469ms
[332.356s][info][gc,start    ] GC(616) Pause Young (Concurrent Start) (G1 Humongous Allocation)
[332.356s][info][gc,task     ] GC(616) Using 2 workers of 2 for evacuation
[332.368s][info][gc,phases   ] GC(616)   Pre Evacuate Collection Set: 0.34ms
[332.368s][info][gc,phases   ] GC(616)   Merge Heap Roots: 0.07ms
[332.368s][info][gc,phases   ] GC(616)   Evacuate Collection Set: 11.07ms
[332.368s][info][gc,phases   ] GC(616)   Post Evacuate Collection Set: 0.49ms
[332.368s][info][gc,phases   ] GC(616)   Other: 0.10ms
[332.368s][info][gc,heap     ] GC(616) Eden regions: 2->0(456)
[332.368s][info][gc,heap     ] GC(616) Survivor regions: 14->14(64)
[332.368s][info][gc,heap     ] GC(616) Old regions: 69->69
[332.368s][info][gc,heap     ] GC(616) Humongous regions: 246->246
[332.368s][info][gc,metaspace] GC(616) Metaspace: 57174K(57536K)->57174K(57536K) NonClass: 48873K(49152K)->48873K(49152K) Class: 8300K(8384K)->8300K(8384K)
[332.368s][info][gc          ] GC(616) Pause Young (Concurrent Start) (G1 Humongous Allocation) 329M->328M(842M) 12.341ms
[332.368s][info][gc,cpu      ] GC(616) User=0.02s Sys=0.00s Real=0.01s
[332.368s][info][gc          ] GC(617) Concurrent Mark Cycle
[332.368s][info][gc,marking  ] GC(617) Concurrent Scan Root Regions
[332.378s][info][gc,marking  ] GC(617) Concurrent Scan Root Regions 10.097ms
[332.378s][info][gc,marking  ] GC(617) Concurrent Mark
[332.378s][info][gc,marking  ] GC(617) Concurrent Mark From Roots
[332.378s][info][gc,task     ] GC(617) Using 1 workers of 1 for marking
[332.425s][info][gc,marking  ] GC(617) Concurrent Mark From Roots 46.924ms
[332.425s][info][gc,marking  ] GC(617) Concurrent Preclean
[332.425s][info][gc,marking  ] GC(617) Concurrent Preclean 0.067ms
[332.426s][info][gc,start    ] GC(617) Pause Remark
[332.436s][info][gc          ] GC(617) Pause Remark 367M->355M(842M) 10.572ms
[332.436s][info][gc,cpu      ] GC(617) User=0.02s Sys=0.01s Real=0.01s
[332.437s][info][gc,marking  ] GC(617) Concurrent Mark 58.230ms
[332.437s][info][gc,marking  ] GC(617) Concurrent Rebuild Remembered Sets and Scrub Regions
[332.455s][info][gc,marking  ] GC(617) Concurrent Rebuild Remembered Sets and Scrub Regions 18.815ms
[332.456s][info][gc,start    ] GC(617) Pause Cleanup
[332.456s][info][gc          ] GC(617) Pause Cleanup 355M->355M(842M) 0.106ms
[332.456s][info][gc,cpu      ] GC(617) User=0.00s Sys=0.00s Real=0.00s
[332.456s][info][gc,marking  ] GC(617) Concurrent Clear Claimed Marks
[332.456s][info][gc,marking  ] GC(617) Concurrent Clear Claimed Marks 0.095ms
[332.456s][info][gc,marking  ] GC(617) Concurrent Cleanup for Next Mark
[332.461s][info][gc,marking  ] GC(617) Concurrent Cleanup for Next Mark 5.175ms
[332.461s][info][gc          ] GC(617) Concurrent Mark Cycle 93.195ms
[336.033s][info][gc,start    ] GC(618) Pause Young (Prepare Mixed) (G1 Evacuation Pause)
[336.033s][info][gc,task     ] GC(618) Using 2 workers of 2 for evacuation
[336.059s][info][gc,phases   ] GC(618)   Pre Evacuate Collection Set: 0.31ms
[336.059s][info][gc,phases   ] GC(618)   Merge Heap Roots: 0.18ms
[336.059s][info][gc,phases   ] GC(618)   Evacuate Collection Set: 24.18ms
[336.059s][info][gc,phases   ] GC(618)   Post Evacuate Collection Set: 1.02ms
[336.059s][info][gc,phases   ] GC(618)   Other: 0.13ms
[336.059s][info][gc,heap     ] GC(618) Eden regions: 408->0(493)
[336.059s][info][gc,heap     ] GC(618) Survivor regions: 14->30(59)
[336.059s][info][gc,heap     ] GC(618) Old regions: 57->57
[336.059s][info][gc,heap     ] GC(618) Humongous regions: 363->207
[336.059s][info][gc,metaspace] GC(618) Metaspace: 57362K(57664K)->57362K(57664K) NonClass: 49061K(49280K)->49061K(49280K) Class: 8300K(8384K)->8300K(8384K)
[336.059s][info][gc          ] GC(618) Pause Young (Prepare Mixed) (G1 Evacuation Pause) 841M->293M(872M) 26.036ms
[336.059s][info][gc,cpu      ] GC(618) User=0.03s Sys=0.03s Real=0.03s
[337.127s][info][gc,start    ] GC(619) Pause Young (Mixed) (G1 Evacuation Pause)
[337.127s][info][gc,task     ] GC(619) Using 2 workers of 2 for evacuation
[337.139s][info][gc,phases   ] GC(619)   Pre Evacuate Collection Set: 0.34ms
[337.139s][info][gc,phases   ] GC(619)   Merge Heap Roots: 0.17ms
[337.139s][info][gc,phases   ] GC(619)   Evacuate Collection Set: 10.68ms
[337.139s][info][gc,phases   ] GC(619)   Post Evacuate Collection Set: 0.92ms
[337.139s][info][gc,phases   ] GC(619)   Other: 0.09ms
[337.139s][info][gc,heap     ] GC(619) Eden regions: 493->0(493)
[337.139s][info][gc,heap     ] GC(619) Survivor regions: 30->30(66)
[337.139s][info][gc,heap     ] GC(619) Old regions: 57->54
[337.139s][info][gc,heap     ] GC(619) Humongous regions: 207->207
[337.139s][info][gc,metaspace] GC(619) Metaspace: 57362K(57664K)->57362K(57664K) NonClass: 49061K(49280K)->49061K(49280K) Class: 8300K(8384K)->8300K(8384K)
[337.139s][info][gc          ] GC(619) Pause Young (Mixed) (G1 Evacuation Pause) 786M->290M(872M) 12.459ms
[337.139s][info][gc,cpu      ] GC(619) User=0.03s Sys=0.00s Real=0.01s
[338.212s][info][gc,start    ] GC(620) Pause Young (Concurrent Start) (G1 Evacuation Pause)
[338.212s][info][gc,task     ] GC(620) Using 2 workers of 2 for evacuation
[338.223s][info][gc,phases   ] GC(620)   Pre Evacuate Collection Set: 0.36ms
[338.223s][info][gc,phases   ] GC(620)   Merge Heap Roots: 0.16ms
[338.223s][info][gc,phases   ] GC(620)   Evacuate Collection Set: 9.45ms
[338.223s][info][gc,phases   ] GC(620)   Post Evacuate Collection Set: 0.93ms
[338.223s][info][gc,phases   ] GC(620)   Other: 0.14ms
[338.223s][info][gc,heap     ] GC(620) Eden regions: 493->0(494)
[338.223s][info][gc,heap     ] GC(620) Survivor regions: 30->29(66)
[338.223s][info][gc,heap     ] GC(620) Old regions: 54->54
[338.223s][info][gc,heap     ] GC(620) Humongous regions: 207->207
[338.223s][info][gc,metaspace] GC(620) Metaspace: 57362K(57664K)->57362K(57664K) NonClass: 49061K(49280K)->49061K(49280K) Class: 8300K(8384K)->8300K(8384K)
[338.223s][info][gc          ] GC(620) Pause Young (Concurrent Start) (G1 Evacuation Pause) 783M->289M(872M) 11.258ms
[338.223s][info][gc,cpu      ] GC(620) User=0.02s Sys=0.00s Real=0.01s
[338.223s][info][gc          ] GC(621) Concurrent Mark Cycle
[338.224s][info][gc,marking  ] GC(621) Concurrent Scan Root Regions
[338.234s][info][gc,marking  ] GC(621) Concurrent Scan Root Regions 10.515ms
[338.234s][info][gc,marking  ] GC(621) Concurrent Mark
[338.234s][info][gc,marking  ] GC(621) Concurrent Mark From Roots
[338.234s][info][gc,task     ] GC(621) Using 1 workers of 1 for marking
[338.305s][info][gc,marking  ] GC(621) Concurrent Mark From Roots 70.962ms
[338.305s][info][gc,marking  ] GC(621) Concurrent Preclean
[338.305s][info][gc,marking  ] GC(621) Concurrent Preclean 0.055ms
[338.306s][info][gc,start    ] GC(621) Pause Remark
[338.316s][info][gc          ] GC(621) Pause Remark 329M->329M(872M) 10.879ms
[338.317s][info][gc,cpu      ] GC(621) User=0.02s Sys=0.00s Real=0.01s
[338.317s][info][gc,marking  ] GC(621) Concurrent Mark 82.754ms
[338.317s][info][gc,marking  ] GC(621) Concurrent Rebuild Remembered Sets and Scrub Regions
[338.352s][info][gc,marking  ] GC(621) Concurrent Rebuild Remembered Sets and Scrub Regions 34.859ms
[338.352s][info][gc,start    ] GC(621) Pause Cleanup
[338.352s][info][gc          ] GC(621) Pause Cleanup 355M->355M(872M) 0.109ms
[338.352s][info][gc,cpu      ] GC(621) User=0.00s Sys=0.00s Real=0.00s
[338.352s][info][gc,marking  ] GC(621) Concurrent Clear Claimed Marks
[338.352s][info][gc,marking  ] GC(621) Concurrent Clear Claimed Marks 0.100ms
[338.352s][info][gc,marking  ] GC(621) Concurrent Cleanup for Next Mark
[338.359s][info][gc,marking  ] GC(621) Concurrent Cleanup for Next Mark 7.078ms
[338.359s][info][gc          ] GC(621) Concurrent Mark Cycle 136.197ms
[339.306s][info][gc,start    ] GC(622) Pause Young (Prepare Mixed) (G1 Evacuation Pause)
[339.306s][info][gc,task     ] GC(622) Using 2 workers of 2 for evacuation
[339.316s][info][gc,phases   ] GC(622)   Pre Evacuate Collection Set: 0.31ms
[339.316s][info][gc,phases   ] GC(622)   Merge Heap Roots: 0.19ms
[339.316s][info][gc,phases   ] GC(622)   Evacuate Collection Set: 8.37ms
[339.316s][info][gc,phases   ] GC(622)   Post Evacuate Collection Set: 0.89ms
[339.316s][info][gc,phases   ] GC(622)   Other: 0.12ms
[339.316s][info][gc,heap     ] GC(622) Eden regions: 494->0(500)
[339.316s][info][gc,heap     ] GC(622) Survivor regions: 29->23(66)
[339.316s][info][gc,heap     ] GC(622) Old regions: 54->59
[339.316s][info][gc,heap     ] GC(622) Humongous regions: 207->207
[339.316s][info][gc,metaspace] GC(622) Metaspace: 57362K(57664K)->57362K(57664K) NonClass: 49061K(49280K)->49061K(49280K) Class: 8300K(8384K)->8300K(8384K)
[339.316s][info][gc          ] GC(622) Pause Young (Prepare Mixed) (G1 Evacuation Pause) 783M->288M(872M) 10.126ms
[339.317s][info][gc,cpu      ] GC(622) User=0.02s Sys=0.00s Real=0.01s
[340.503s][info][gc,start    ] GC(623) Pause Young (Mixed) (G1 Evacuation Pause)
[340.503s][info][gc,task     ] GC(623) Using 2 workers of 2 for evacuation
[340.512s][info][gc,phases   ] GC(623)   Pre Evacuate Collection Set: 0.33ms
[340.512s][info][gc,phases   ] GC(623)   Merge Heap Roots: 0.17ms
[340.512s][info][gc,phases   ] GC(623)   Evacuate Collection Set: 7.50ms
[340.512s][info][gc,phases   ] GC(623)   Post Evacuate Collection Set: 0.91ms
[340.512s][info][gc,phases   ] GC(623)   Other: 0.10ms
[340.512s][info][gc,heap     ] GC(623) Eden regions: 500->0(500)
[340.512s][info][gc,heap     ] GC(623) Survivor regions: 23->23(66)
[340.512s][info][gc,heap     ] GC(623) Old regions: 59->56
[340.512s][info][gc,heap     ] GC(623) Humongous regions: 207->207
[340.512s][info][gc,metaspace] GC(623) Metaspace: 57362K(57664K)->57362K(57664K) NonClass: 49061K(49280K)->49061K(49280K) Class: 8300K(8384K)->8300K(8384K)
[340.513s][info][gc          ] GC(623) Pause Young (Mixed) (G1 Evacuation Pause) 788M->285M(872M) 9.236ms
[340.513s][info][gc,cpu      ] GC(623) User=0.02s Sys=0.00s Real=0.01s
[341.605s][info][gc,start    ] GC(624) Pause Young (Concurrent Start) (G1 Evacuation Pause)
[341.605s][info][gc,task     ] GC(624) Using 2 workers of 2 for evacuation
[341.614s][info][gc,phases   ] GC(624)   Pre Evacuate Collection Set: 0.31ms
[341.614s][info][gc,phases   ] GC(624)   Merge Heap Roots: 0.17ms
[341.614s][info][gc,phases   ] GC(624)   Evacuate Collection Set: 7.95ms
[341.614s][info][gc,phases   ] GC(624)   Post Evacuate Collection Set: 0.89ms
[341.614s][info][gc,phases   ] GC(624)   Other: 0.11ms
[341.614s][info][gc,heap     ] GC(624) Eden regions: 500->0(500)
[341.614s][info][gc,heap     ] GC(624) Survivor regions: 23->23(66)
[341.614s][info][gc,heap     ] GC(624) Old regions: 56->56
[341.614s][info][gc,heap     ] GC(624) Humongous regions: 207->207
[341.614s][info][gc,metaspace] GC(624) Metaspace: 57362K(57664K)->57362K(57664K) NonClass: 49061K(49280K)->49061K(49280K) Class: 8300K(8384K)->8300K(8384K)
[341.614s][info][gc          ] GC(624) Pause Young (Concurrent Start) (G1 Evacuation Pause) 785M->285M(872M) 9.649ms
[341.614s][info][gc,cpu      ] GC(624) User=0.02s Sys=0.00s Real=0.01s
[341.614s][info][gc          ] GC(625) Concurrent Mark Cycle
[341.614s][info][gc,marking  ] GC(625) Concurrent Scan Root Regions
[341.624s][info][gc,marking  ] GC(625) Concurrent Scan Root Regions 9.504ms
[341.624s][info][gc,marking  ] GC(625) Concurrent Mark
[341.624s][info][gc,marking  ] GC(625) Concurrent Mark From Roots
[341.624s][info][gc,task     ] GC(625) Using 1 workers of 1 for marking
[341.697s][info][gc,marking  ] GC(625) Concurrent Mark From Roots 73.493ms
[341.697s][info][gc,marking  ] GC(625) Concurrent Preclean
[341.698s][info][gc,marking  ] GC(625) Concurrent Preclean 0.092ms
[341.698s][info][gc,start    ] GC(625) Pause Remark
[341.708s][info][gc          ] GC(625) Pause Remark 331M->331M(872M) 10.695ms
[341.708s][info][gc,cpu      ] GC(625) User=0.02s Sys=0.00s Real=0.01s
[341.709s][info][gc,marking  ] GC(625) Concurrent Mark 85.462ms
[341.709s][info][gc,marking  ] GC(625) Concurrent Rebuild Remembered Sets and Scrub Regions
[341.748s][info][gc,marking  ] GC(625) Concurrent Rebuild Remembered Sets and Scrub Regions 38.105ms
[341.748s][info][gc,start    ] GC(625) Pause Cleanup
[341.748s][info][gc          ] GC(625) Pause Cleanup 357M->357M(872M) 0.091ms
[341.748s][info][gc,cpu      ] GC(625) User=0.00s Sys=0.00s Real=0.00s
[341.748s][info][gc,marking  ] GC(625) Concurrent Clear Claimed Marks
[341.748s][info][gc,marking  ] GC(625) Concurrent Clear Claimed Marks 0.096ms
[341.748s][info][gc,marking  ] GC(625) Concurrent Cleanup for Next Mark
[341.755s][info][gc,marking  ] GC(625) Concurrent Cleanup for Next Mark 6.583ms
[341.755s][info][gc          ] GC(625) Concurrent Mark Cycle 140.533ms
[342.660s][info][gc,start    ] GC(626) Pause Young (Prepare Mixed) (G1 Evacuation Pause)
[342.660s][info][gc,task     ] GC(626) Using 2 workers of 2 for evacuation
[342.669s][info][gc,phases   ] GC(626)   Pre Evacuate Collection Set: 0.31ms
[342.669s][info][gc,phases   ] GC(626)   Merge Heap Roots: 0.19ms
[342.669s][info][gc,phases   ] GC(626)   Evacuate Collection Set: 7.74ms
[342.669s][info][gc,phases   ] GC(626)   Post Evacuate Collection Set: 0.91ms
[342.669s][info][gc,phases   ] GC(626)   Other: 0.10ms
[342.669s][info][gc,heap     ] GC(626) Eden regions: 500->0(499)
[342.669s][info][gc,heap     ] GC(626) Survivor regions: 23->24(66)
[342.669s][info][gc,heap     ] GC(626) Old regions: 56->56
[342.669s][info][gc,heap     ] GC(626) Humongous regions: 207->207
[342.669s][info][gc,metaspace] GC(626) Metaspace: 57362K(57664K)->57362K(57664K) NonClass: 49061K(49280K)->49061K(49280K) Class: 8300K(8384K)->8300K(8384K)
[342.669s][info][gc          ] GC(626) Pause Young (Prepare Mixed) (G1 Evacuation Pause) 785M->286M(872M) 9.465ms
[342.669s][info][gc,cpu      ] GC(626) User=0.02s Sys=0.00s Real=0.01s
[343.765s][info][gc,start    ] GC(627) Pause Young (Mixed) (G1 Evacuation Pause)
[343.765s][info][gc,task     ] GC(627) Using 2 workers of 2 for evacuation
[343.776s][info][gc,phases   ] GC(627)   Pre Evacuate Collection Set: 0.33ms
[343.776s][info][gc,phases   ] GC(627)   Merge Heap Roots: 0.25ms
[343.776s][info][gc,phases   ] GC(627)   Evacuate Collection Set: 8.88ms
[343.776s][info][gc,phases   ] GC(627)   Post Evacuate Collection Set: 1.02ms
[343.776s][info][gc,phases   ] GC(627)   Other: 0.14ms
[343.776s][info][gc,heap     ] GC(627) Eden regions: 499->0(500)
[343.776s][info][gc,heap     ] GC(627) Survivor regions: 24->23(66)
[343.776s][info][gc,heap     ] GC(627) Old regions: 56->53
[343.776s][info][gc,heap     ] GC(627) Humongous regions: 207->207
[343.776s][info][gc,metaspace] GC(627) Metaspace: 57362K(57664K)->57362K(57664K) NonClass: 49061K(49280K)->49061K(49280K) Class: 8300K(8384K)->8300K(8384K)
[343.776s][info][gc          ] GC(627) Pause Young (Mixed) (G1 Evacuation Pause) 785M->282M(872M) 10.837ms
[343.776s][info][gc,cpu      ] GC(627) User=0.02s Sys=0.00s Real=0.01s
[344.918s][info][gc,start    ] GC(628) Pause Young (Concurrent Start) (G1 Evacuation Pause)
[344.918s][info][gc,task     ] GC(628) Using 2 workers of 2 for evacuation
[344.928s][info][gc,phases   ] GC(628)   Pre Evacuate Collection Set: 0.36ms
[344.928s][info][gc,phases   ] GC(628)   Merge Heap Roots: 0.17ms
[344.928s][info][gc,phases   ] GC(628)   Evacuate Collection Set: 7.95ms
[344.928s][info][gc,phases   ] GC(628)   Post Evacuate Collection Set: 1.15ms
[344.928s][info][gc,phases   ] GC(628)   Other: 0.12ms
[344.928s][info][gc,heap     ] GC(628) Eden regions: 500->0(499)
[344.928s][info][gc,heap     ] GC(628) Survivor regions: 23->24(66)
[344.928s][info][gc,heap     ] GC(628) Old regions: 53->53
[344.928s][info][gc,heap     ] GC(628) Humongous regions: 207->207
[344.928s][info][gc,metaspace] GC(628) Metaspace: 57362K(57664K)->57362K(57664K) NonClass: 49061K(49280K)->49061K(49280K) Class: 8300K(8384K)->8300K(8384K)
[344.928s][info][gc          ] GC(628) Pause Young (Concurrent Start) (G1 Evacuation Pause) 782M->283M(872M) 9.964ms
[344.928s][info][gc          ] GC(629) Concurrent Mark Cycle
[344.928s][info][gc,marking  ] GC(629) Concurrent Scan Root Regions
[344.931s][info][gc,cpu      ] GC(628) User=0.01s Sys=0.00s Real=0.01s
[344.934s][info][gc,marking  ] GC(629) Concurrent Scan Root Regions 5.416ms
[344.934s][info][gc,marking  ] GC(629) Concurrent Mark
[344.934s][info][gc,marking  ] GC(629) Concurrent Mark From Roots
[344.934s][info][gc,task     ] GC(629) Using 1 workers of 1 for marking
[345.031s][info][gc,marking  ] GC(629) Concurrent Mark From Roots 97.497ms
[345.031s][info][gc,marking  ] GC(629) Concurrent Preclean
[345.031s][info][gc,marking  ] GC(629) Concurrent Preclean 0.271ms
[345.032s][info][gc,start    ] GC(629) Pause Remark
[345.042s][info][gc          ] GC(629) Pause Remark 343M->343M(872M) 10.810ms
[345.042s][info][gc,cpu      ] GC(629) User=0.02s Sys=0.00s Real=0.01s
[345.044s][info][gc,marking  ] GC(629) Concurrent Mark 110.714ms
[345.044s][info][gc,marking  ] GC(629) Concurrent Rebuild Remembered Sets and Scrub Regions
[345.081s][info][gc,marking  ] GC(629) Concurrent Rebuild Remembered Sets and Scrub Regions 37.103ms
[345.082s][info][gc,start    ] GC(629) Pause Cleanup
[345.082s][info][gc          ] GC(629) Pause Cleanup 370M->370M(872M) 0.112ms
[345.082s][info][gc,cpu      ] GC(629) User=0.00s Sys=0.00s Real=0.00s
[345.083s][info][gc,marking  ] GC(629) Concurrent Clear Claimed Marks
[345.083s][info][gc,marking  ] GC(629) Concurrent Clear Claimed Marks 0.111ms
[345.083s][info][gc,marking  ] GC(629) Concurrent Cleanup for Next Mark
[345.089s][info][gc,marking  ] GC(629) Concurrent Cleanup for Next Mark 5.821ms
[345.089s][info][gc          ] GC(629) Concurrent Mark Cycle 160.864ms
[346.039s][info][gc,start    ] GC(630) Pause Young (Prepare Mixed) (G1 Evacuation Pause)
[346.039s][info][gc,task     ] GC(630) Using 2 workers of 2 for evacuation
[346.049s][info][gc,phases   ] GC(630)   Pre Evacuate Collection Set: 0.32ms
[346.049s][info][gc,phases   ] GC(630)   Merge Heap Roots: 0.18ms
[346.049s][info][gc,phases   ] GC(630)   Evacuate Collection Set: 8.15ms
[346.049s][info][gc,phases   ] GC(630)   Post Evacuate Collection Set: 0.94ms
[346.049s][info][gc,phases   ] GC(630)   Other: 0.10ms
[346.049s][info][gc,heap     ] GC(630) Eden regions: 499->0(499)
[346.049s][info][gc,heap     ] GC(630) Survivor regions: 24->24(66)
[346.049s][info][gc,heap     ] GC(630) Old regions: 53->53
[346.049s][info][gc,heap     ] GC(630) Humongous regions: 207->207
[346.049s][info][gc,metaspace] GC(630) Metaspace: 57362K(57664K)->57362K(57664K) NonClass: 49061K(49280K)->49061K(49280K) Class: 8300K(8384K)->8300K(8384K)
[346.049s][info][gc          ] GC(630) Pause Young (Prepare Mixed) (G1 Evacuation Pause) 782M->283M(872M) 9.923ms
[346.049s][info][gc,cpu      ] GC(630) User=0.02s Sys=0.00s Real=0.01s
[347.078s][info][gc,start    ] GC(631) Pause Young (Mixed) (G1 Evacuation Pause)
[347.078s][info][gc,task     ] GC(631) Using 2 workers of 2 for evacuation
[347.089s][info][gc,phases   ] GC(631)   Pre Evacuate Collection Set: 0.36ms
[347.089s][info][gc,phases   ] GC(631)   Merge Heap Roots: 0.18ms
[347.089s][info][gc,phases   ] GC(631)   Evacuate Collection Set: 8.93ms
[347.089s][info][gc,phases   ] GC(631)   Post Evacuate Collection Set: 0.92ms
[347.089s][info][gc,phases   ] GC(631)   Other: 0.13ms
[347.089s][info][gc,heap     ] GC(631) Eden regions: 499->0(499)
[347.089s][info][gc,heap     ] GC(631) Survivor regions: 24->24(66)
[347.089s][info][gc,heap     ] GC(631) Old regions: 53->52
[347.089s][info][gc,heap     ] GC(631) Humongous regions: 207->207
[347.089s][info][gc,metaspace] GC(631) Metaspace: 57362K(57664K)->57362K(57664K) NonClass: 49061K(49280K)->49061K(49280K) Class: 8300K(8384K)->8300K(8384K)
[347.089s][info][gc          ] GC(631) Pause Young (Mixed) (G1 Evacuation Pause) 782M->281M(872M) 10.737ms
[347.089s][info][gc,cpu      ] GC(631) User=0.02s Sys=0.00s Real=0.01s
[348.172s][info][gc,start    ] GC(632) Pause Young (Concurrent Start) (G1 Evacuation Pause)
[348.173s][info][gc,task     ] GC(632) Using 2 workers of 2 for evacuation
[348.183s][info][gc,phases   ] GC(632)   Pre Evacuate Collection Set: 0.32ms
[348.183s][info][gc,phases   ] GC(632)   Merge Heap Roots: 0.18ms
[348.183s][info][gc,phases   ] GC(632)   Evacuate Collection Set: 8.92ms
[348.183s][info][gc,phases   ] GC(632)   Post Evacuate Collection Set: 0.94ms
[348.183s][info][gc,phases   ] GC(632)   Other: 0.15ms
[348.183s][info][gc,heap     ] GC(632) Eden regions: 499->0(499)
[348.183s][info][gc,heap     ] GC(632) Survivor regions: 24->24(66)
[348.183s][info][gc,heap     ] GC(632) Old regions: 52->52
[348.183s][info][gc,heap     ] GC(632) Humongous regions: 207->207
[348.183s][info][gc,metaspace] GC(632) Metaspace: 57362K(57664K)->57362K(57664K) NonClass: 49061K(49280K)->49061K(49280K) Class: 8300K(8384K)->8300K(8384K)
[348.183s][info][gc          ] GC(632) Pause Young (Concurrent Start) (G1 Evacuation Pause) 780M->282M(872M) 10.777ms
[348.183s][info][gc,cpu      ] GC(632) User=0.02s Sys=0.00s Real=0.01s
[348.183s][info][gc          ] GC(633) Concurrent Mark Cycle
[348.184s][info][gc,marking  ] GC(633) Concurrent Scan Root Regions
[348.193s][info][gc,marking  ] GC(633) Concurrent Scan Root Regions 9.425ms
[348.193s][info][gc,marking  ] GC(633) Concurrent Mark
[348.193s][info][gc,marking  ] GC(633) Concurrent Mark From Roots
[348.193s][info][gc,task     ] GC(633) Using 1 workers of 1 for marking
[348.269s][info][gc,marking  ] GC(633) Concurrent Mark From Roots 76.110ms
[348.269s][info][gc,marking  ] GC(633) Concurrent Preclean
[348.269s][info][gc,marking  ] GC(633) Concurrent Preclean 0.066ms
[348.270s][info][gc,start    ] GC(633) Pause Remark
[348.282s][info][gc          ] GC(633) Pause Remark 330M->330M(872M) 12.737ms
[348.282s][info][gc,cpu      ] GC(633) User=0.02s Sys=0.00s Real=0.01s
[348.283s][info][gc,marking  ] GC(633) Concurrent Mark 89.465ms
[348.283s][info][gc,marking  ] GC(633) Concurrent Rebuild Remembered Sets and Scrub Regions
[348.305s][info][gc,marking  ] GC(633) Concurrent Rebuild Remembered Sets and Scrub Regions 22.598ms
[348.305s][info][gc,start    ] GC(633) Pause Cleanup
[348.306s][info][gc          ] GC(633) Pause Cleanup 334M->334M(872M) 0.110ms
[348.306s][info][gc,cpu      ] GC(633) User=0.00s Sys=0.00s Real=0.00s
[348.306s][info][gc,marking  ] GC(633) Concurrent Clear Claimed Marks
[348.306s][info][gc,marking  ] GC(633) Concurrent Clear Claimed Marks 0.112ms
[348.306s][info][gc,marking  ] GC(633) Concurrent Cleanup for Next Mark
[348.309s][info][gc,marking  ] GC(633) Concurrent Cleanup for Next Mark 2.708ms
[348.309s][info][gc          ] GC(633) Concurrent Mark Cycle 125.820ms
[349.249s][info][gc,start    ] GC(634) Pause Young (Prepare Mixed) (G1 Evacuation Pause)
[349.249s][info][gc,task     ] GC(634) Using 2 workers of 2 for evacuation
[349.260s][info][gc,phases   ] GC(634)   Pre Evacuate Collection Set: 0.31ms
[349.260s][info][gc,phases   ] GC(634)   Merge Heap Roots: 0.20ms
[349.260s][info][gc,phases   ] GC(634)   Evacuate Collection Set: 9.44ms
[349.260s][info][gc,phases   ] GC(634)   Post Evacuate Collection Set: 1.00ms
[349.260s][info][gc,phases   ] GC(634)   Other: 0.11ms
[349.260s][info][gc,heap     ] GC(634) Eden regions: 499->0(499)
[349.260s][info][gc,heap     ] GC(634) Survivor regions: 24->24(66)
[349.260s][info][gc,heap     ] GC(634) Old regions: 52->52
[349.260s][info][gc,heap     ] GC(634) Humongous regions: 207->207
[349.260s][info][gc,metaspace] GC(634) Metaspace: 57362K(57664K)->57362K(57664K) NonClass: 49061K(49280K)->49061K(49280K) Class: 8300K(8384K)->8300K(8384K)
[349.260s][info][gc          ] GC(634) Pause Young (Prepare Mixed) (G1 Evacuation Pause) 781M->282M(872M) 11.299ms
[349.260s][info][gc,cpu      ] GC(634) User=0.02s Sys=0.00s Real=0.01s
[350.353s][info][gc,start    ] GC(635) Pause Young (Mixed) (G1 Evacuation Pause)
[350.353s][info][gc,task     ] GC(635) Using 2 workers of 2 for evacuation
[350.365s][info][gc,phases   ] GC(635)   Pre Evacuate Collection Set: 0.33ms
[350.365s][info][gc,phases   ] GC(635)   Merge Heap Roots: 0.20ms
[350.365s][info][gc,phases   ] GC(635)   Evacuate Collection Set: 10.08ms
[350.365s][info][gc,phases   ] GC(635)   Post Evacuate Collection Set: 0.93ms
[350.365s][info][gc,phases   ] GC(635)   Other: 0.11ms
[350.365s][info][gc,heap     ] GC(635) Eden regions: 499->0(498)
[350.365s][info][gc,heap     ] GC(635) Survivor regions: 24->25(66)
[350.365s][info][gc,heap     ] GC(635) Old regions: 52->50
[350.365s][info][gc,heap     ] GC(635) Humongous regions: 207->207
[350.365s][info][gc,metaspace] GC(635) Metaspace: 57362K(57664K)->57362K(57664K) NonClass: 49061K(49280K)->49061K(49280K) Class: 8300K(8384K)->8300K(8384K)
[350.365s][info][gc          ] GC(635) Pause Young (Mixed) (G1 Evacuation Pause) 781M->281M(872M) 11.859ms
[350.365s][info][gc,cpu      ] GC(635) User=0.02s Sys=0.00s Real=0.02s
[351.537s][info][gc,start    ] GC(636) Pause Young (Concurrent Start) (G1 Evacuation Pause)
[351.537s][info][gc,task     ] GC(636) Using 2 workers of 2 for evacuation
[351.549s][info][gc,phases   ] GC(636)   Pre Evacuate Collection Set: 0.31ms
[351.549s][info][gc,phases   ] GC(636)   Merge Heap Roots: 0.18ms
[351.549s][info][gc,phases   ] GC(636)   Evacuate Collection Set: 10.61ms
[351.549s][info][gc,phases   ] GC(636)   Post Evacuate Collection Set: 0.90ms
[351.549s][info][gc,phases   ] GC(636)   Other: 0.11ms
[351.549s][info][gc,heap     ] GC(636) Eden regions: 498->0(498)
[351.549s][info][gc,heap     ] GC(636) Survivor regions: 25->25(66)
[351.549s][info][gc,heap     ] GC(636) Old regions: 50->50
[351.549s][info][gc,heap     ] GC(636) Humongous regions: 207->207
[351.549s][info][gc,metaspace] GC(636) Metaspace: 57362K(57664K)->57362K(57664K) NonClass: 49061K(49280K)->49061K(49280K) Class: 8300K(8384K)->8300K(8384K)
[351.549s][info][gc          ] GC(636) Pause Young (Concurrent Start) (G1 Evacuation Pause) 779M->281M(872M) 12.323ms
[351.549s][info][gc,cpu      ] GC(636) User=0.02s Sys=0.00s Real=0.01s
[351.549s][info][gc          ] GC(637) Concurrent Mark Cycle
[351.551s][info][gc,marking  ] GC(637) Concurrent Scan Root Regions
[351.558s][info][gc,marking  ] GC(637) Concurrent Scan Root Regions 7.228ms
[351.558s][info][gc,marking  ] GC(637) Concurrent Mark
[351.558s][info][gc,marking  ] GC(637) Concurrent Mark From Roots
[351.558s][info][gc,task     ] GC(637) Using 1 workers of 1 for marking
[351.622s][info][gc,marking  ] GC(637) Concurrent Mark From Roots 63.639ms
[351.622s][info][gc,marking  ] GC(637) Concurrent Preclean
[351.622s][info][gc,marking  ] GC(637) Concurrent Preclean 0.061ms
[351.623s][info][gc,start    ] GC(637) Pause Remark
[351.634s][info][gc          ] GC(637) Pause Remark 312M->292M(872M) 11.152ms
[351.634s][info][gc,cpu      ] GC(637) User=0.02s Sys=0.00s Real=0.02s
[351.635s][info][gc,marking  ] GC(637) Concurrent Mark 76.813ms
[351.635s][info][gc,marking  ] GC(637) Concurrent Rebuild Remembered Sets and Scrub Regions
[351.666s][info][gc,marking  ] GC(637) Concurrent Rebuild Remembered Sets and Scrub Regions 30.797ms
[351.667s][info][gc,start    ] GC(637) Pause Cleanup
[351.667s][info][gc          ] GC(637) Pause Cleanup 312M->312M(872M) 0.106ms
[351.667s][info][gc,cpu      ] GC(637) User=0.00s Sys=0.00s Real=0.00s
[351.667s][info][gc,marking  ] GC(637) Concurrent Clear Claimed Marks
[351.667s][info][gc,marking  ] GC(637) Concurrent Clear Claimed Marks 0.094ms
[351.667s][info][gc,marking  ] GC(637) Concurrent Cleanup for Next Mark
[351.670s][info][gc,marking  ] GC(637) Concurrent Cleanup for Next Mark 2.687ms
[351.670s][info][gc          ] GC(637) Concurrent Mark Cycle 120.785ms
[352.637s][info][gc,start    ] GC(638) Pause Young (Prepare Mixed) (G1 Evacuation Pause)
[352.637s][info][gc,task     ] GC(638) Using 2 workers of 2 for evacuation
[352.649s][info][gc,phases   ] GC(638)   Pre Evacuate Collection Set: 0.37ms
[352.649s][info][gc,phases   ] GC(638)   Merge Heap Roots: 0.21ms
[352.649s][info][gc,phases   ] GC(638)   Evacuate Collection Set: 10.35ms
[352.649s][info][gc,phases   ] GC(638)   Post Evacuate Collection Set: 0.90ms
[352.649s][info][gc,phases   ] GC(638)   Other: 0.10ms
[352.649s][info][gc,heap     ] GC(638) Eden regions: 498->0(520)
[352.649s][info][gc,heap     ] GC(638) Survivor regions: 25->3(66)
[352.649s][info][gc,heap     ] GC(638) Old regions: 30->52
[352.649s][info][gc,heap     ] GC(638) Humongous regions: 207->207
[352.649s][info][gc,metaspace] GC(638) Metaspace: 57362K(57664K)->57362K(57664K) NonClass: 49061K(49280K)->49061K(49280K) Class: 8300K(8384K)->8300K(8384K)
[352.649s][info][gc          ] GC(638) Pause Young (Prepare Mixed) (G1 Evacuation Pause) 759M->261M(872M) 12.140ms
[352.649s][info][gc,cpu      ] GC(638) User=0.03s Sys=0.00s Real=0.01s
[353.805s][info][gc,start    ] GC(639) Pause Young (Mixed) (G1 Evacuation Pause)
[353.805s][info][gc,task     ] GC(639) Using 2 workers of 2 for evacuation
[353.809s][info][gc,phases   ] GC(639)   Pre Evacuate Collection Set: 0.35ms
[353.809s][info][gc,phases   ] GC(639)   Merge Heap Roots: 0.20ms
[353.809s][info][gc,phases   ] GC(639)   Evacuate Collection Set: 2.68ms
[353.809s][info][gc,phases   ] GC(639)   Post Evacuate Collection Set: 0.85ms
[353.809s][info][gc,phases   ] GC(639)   Other: 0.11ms
[353.809s][info][gc,heap     ] GC(639) Eden regions: 520->0(522)
[353.809s][info][gc,heap     ] GC(639) Survivor regions: 3->1(66)
[353.809s][info][gc,heap     ] GC(639) Old regions: 52->51
[353.809s][info][gc,heap     ] GC(639) Humongous regions: 207->207
[353.809s][info][gc,metaspace] GC(639) Metaspace: 57362K(57664K)->57362K(57664K) NonClass: 49061K(49280K)->49061K(49280K) Class: 8300K(8384K)->8300K(8384K)
[353.809s][info][gc          ] GC(639) Pause Young (Mixed) (G1 Evacuation Pause) 781M->258M(872M) 4.442ms
[353.809s][info][gc,cpu      ] GC(639) User=0.01s Sys=0.00s Real=0.00s
[354.933s][info][gc,start    ] GC(640) Pause Young (Concurrent Start) (G1 Evacuation Pause)
[354.933s][info][gc,task     ] GC(640) Using 2 workers of 2 for evacuation
[354.939s][info][gc,phases   ] GC(640)   Pre Evacuate Collection Set: 0.31ms
[354.939s][info][gc,phases   ] GC(640)   Merge Heap Roots: 0.17ms
[354.939s][info][gc,phases   ] GC(640)   Evacuate Collection Set: 4.65ms
[354.939s][info][gc,phases   ] GC(640)   Post Evacuate Collection Set: 0.91ms
[354.939s][info][gc,phases   ] GC(640)   Other: 0.13ms
[354.939s][info][gc,heap     ] GC(640) Eden regions: 522->0(521)
[354.939s][info][gc,heap     ] GC(640) Survivor regions: 1->2(66)
[354.939s][info][gc,heap     ] GC(640) Old regions: 51->51
[354.939s][info][gc,heap     ] GC(640) Humongous regions: 207->207
[354.939s][info][gc,metaspace] GC(640) Metaspace: 57362K(57664K)->57362K(57664K) NonClass: 49061K(49280K)->49061K(49280K) Class: 8300K(8384K)->8300K(8384K)
[354.939s][info][gc          ] GC(640) Pause Young (Concurrent Start) (G1 Evacuation Pause) 780M->259M(872M) 6.376ms
[354.939s][info][gc          ] GC(641) Concurrent Mark Cycle
[354.939s][info][gc,marking  ] GC(641) Concurrent Scan Root Regions
[354.941s][info][gc,cpu      ] GC(640) User=0.01s Sys=0.00s Real=0.01s
[354.947s][info][gc,marking  ] GC(641) Concurrent Scan Root Regions 7.770ms
[354.947s][info][gc,marking  ] GC(641) Concurrent Mark
[354.947s][info][gc,marking  ] GC(641) Concurrent Mark From Roots
[354.947s][info][gc,task     ] GC(641) Using 1 workers of 1 for marking
[355.026s][info][gc,marking  ] GC(641) Concurrent Mark From Roots 78.731ms
[355.026s][info][gc,marking  ] GC(641) Concurrent Preclean
[355.026s][info][gc,marking  ] GC(641) Concurrent Preclean 0.092ms
[355.026s][info][gc,start    ] GC(641) Pause Remark
[355.037s][info][gc          ] GC(641) Pause Remark 295M->295M(867M) 11.189ms
[355.037s][info][gc,cpu      ] GC(641) User=0.02s Sys=0.00s Real=0.01s
[355.039s][info][gc,marking  ] GC(641) Concurrent Mark 92.006ms
[355.039s][info][gc,marking  ] GC(641) Concurrent Rebuild Remembered Sets and Scrub Regions
[355.081s][info][gc,marking  ] GC(641) Concurrent Rebuild Remembered Sets and Scrub Regions 41.733ms
[355.082s][info][gc,start    ] GC(641) Pause Cleanup
[355.082s][info][gc          ] GC(641) Pause Cleanup 321M->321M(867M) 0.127ms
[355.082s][info][gc,cpu      ] GC(641) User=0.00s Sys=0.00s Real=0.00s
[355.082s][info][gc,marking  ] GC(641) Concurrent Clear Claimed Marks
[355.082s][info][gc,marking  ] GC(641) Concurrent Clear Claimed Marks 0.115ms
[355.082s][info][gc,marking  ] GC(641) Concurrent Cleanup for Next Mark
[355.086s][info][gc,marking  ] GC(641) Concurrent Cleanup for Next Mark 3.708ms
[355.086s][info][gc          ] GC(641) Concurrent Mark Cycle 146.718ms
[356.160s][info][gc,start    ] GC(642) Pause Young (Prepare Mixed) (G1 Evacuation Pause)
[356.160s][info][gc,task     ] GC(642) Using 2 workers of 2 for evacuation
[356.167s][info][gc,phases   ] GC(642)   Pre Evacuate Collection Set: 0.48ms
[356.167s][info][gc,phases   ] GC(642)   Merge Heap Roots: 0.17ms
[356.167s][info][gc,phases   ] GC(642)   Evacuate Collection Set: 4.82ms
[356.167s][info][gc,phases   ] GC(642)   Post Evacuate Collection Set: 0.88ms
[356.167s][info][gc,phases   ] GC(642)   Other: 0.09ms
[356.167s][info][gc,heap     ] GC(642) Eden regions: 518->0(518)
[356.167s][info][gc,heap     ] GC(642) Survivor regions: 2->2(65)
[356.167s][info][gc,heap     ] GC(642) Old regions: 51->52
[356.167s][info][gc,heap     ] GC(642) Humongous regions: 207->207
[356.167s][info][gc,metaspace] GC(642) Metaspace: 57362K(57664K)->57362K(57664K) NonClass: 49061K(49280K)->49061K(49280K) Class: 8300K(8384K)->8300K(8384K)
[356.167s][info][gc          ] GC(642) Pause Young (Prepare Mixed) (G1 Evacuation Pause) 777M->259M(867M) 6.653ms
[356.167s][info][gc,cpu      ] GC(642) User=0.01s Sys=0.00s Real=0.01s
[357.253s][info][gc,start    ] GC(643) Pause Young (Mixed) (G1 Evacuation Pause)
[357.253s][info][gc,task     ] GC(643) Using 2 workers of 2 for evacuation
[357.258s][info][gc,phases   ] GC(643)   Pre Evacuate Collection Set: 0.35ms
[357.258s][info][gc,phases   ] GC(643)   Merge Heap Roots: 0.15ms
[357.258s][info][gc,phases   ] GC(643)   Evacuate Collection Set: 2.88ms
[357.258s][info][gc,phases   ] GC(643)   Post Evacuate Collection Set: 0.84ms
[357.258s][info][gc,phases   ] GC(643)   Other: 0.09ms
[357.258s][info][gc,heap     ] GC(643) Eden regions: 518->0(519)
[357.258s][info][gc,heap     ] GC(643) Survivor regions: 2->1(65)
[357.258s][info][gc,heap     ] GC(643) Old regions: 52->50
[357.258s][info][gc,heap     ] GC(643) Humongous regions: 207->207
[357.258s][info][gc,metaspace] GC(643) Metaspace: 57362K(57664K)->57362K(57664K) NonClass: 49061K(49280K)->49061K(49280K) Class: 8300K(8384K)->8300K(8384K)
[357.258s][info][gc          ] GC(643) Pause Young (Mixed) (G1 Evacuation Pause) 777M->256M(867M) 4.511ms
[357.258s][info][gc,cpu      ] GC(643) User=0.01s Sys=0.01s Real=0.01s
[358.330s][info][gc,start    ] GC(644) Pause Young (Concurrent Start) (G1 Evacuation Pause)
[358.330s][info][gc,task     ] GC(644) Using 2 workers of 2 for evacuation
[358.337s][info][gc,phases   ] GC(644)   Pre Evacuate Collection Set: 0.32ms
[358.337s][info][gc,phases   ] GC(644)   Merge Heap Roots: 0.16ms
[358.337s][info][gc,phases   ] GC(644)   Evacuate Collection Set: 5.48ms
[358.337s][info][gc,phases   ] GC(644)   Post Evacuate Collection Set: 0.81ms
[358.337s][info][gc,phases   ] GC(644)   Other: 0.14ms
[358.337s][info][gc,heap     ] GC(644) Eden regions: 519->0(517)
[358.337s][info][gc,heap     ] GC(644) Survivor regions: 1->3(65)
[358.337s][info][gc,heap     ] GC(644) Old regions: 50->50
[358.337s][info][gc,heap     ] GC(644) Humongous regions: 207->207
[358.337s][info][gc,metaspace] GC(644) Metaspace: 57362K(57664K)->57362K(57664K) NonClass: 49061K(49280K)->49061K(49280K) Class: 8300K(8384K)->8300K(8384K)
[358.337s][info][gc          ] GC(644) Pause Young (Concurrent Start) (G1 Evacuation Pause) 775M->258M(867M) 7.100ms
[358.337s][info][gc,cpu      ] GC(644) User=0.01s Sys=0.00s Real=0.01s
[358.337s][info][gc          ] GC(645) Concurrent Mark Cycle
[358.337s][info][gc,marking  ] GC(645) Concurrent Scan Root Regions
[358.343s][info][gc,marking  ] GC(645) Concurrent Scan Root Regions 5.406ms
[358.343s][info][gc,marking  ] GC(645) Concurrent Mark
[358.343s][info][gc,marking  ] GC(645) Concurrent Mark From Roots
[358.343s][info][gc,task     ] GC(645) Using 1 workers of 1 for marking
[358.409s][info][gc,marking  ] GC(645) Concurrent Mark From Roots 66.503ms
[358.409s][info][gc,marking  ] GC(645) Concurrent Preclean
[358.409s][info][gc,marking  ] GC(645) Concurrent Preclean 0.078ms
[358.410s][info][gc,start    ] GC(645) Pause Remark
[358.420s][info][gc          ] GC(645) Pause Remark 284M->284M(867M) 10.637ms
[358.420s][info][gc,cpu      ] GC(645) User=0.02s Sys=0.00s Real=0.01s
[358.421s][info][gc,marking  ] GC(645) Concurrent Mark 77.893ms
[358.421s][info][gc,marking  ] GC(645) Concurrent Rebuild Remembered Sets and Scrub Regions
[358.444s][info][gc,marking  ] GC(645) Concurrent Rebuild Remembered Sets and Scrub Regions 23.721ms
[358.445s][info][gc,start    ] GC(645) Pause Cleanup
[358.445s][info][gc          ] GC(645) Pause Cleanup 297M->297M(867M) 0.090ms
[358.445s][info][gc,cpu      ] GC(645) User=0.00s Sys=0.00s Real=0.00s
[358.445s][info][gc,marking  ] GC(645) Concurrent Clear Claimed Marks
[358.445s][info][gc,marking  ] GC(645) Concurrent Clear Claimed Marks 0.091ms
[358.445s][info][gc,marking  ] GC(645) Concurrent Cleanup for Next Mark
[358.448s][info][gc,marking  ] GC(645) Concurrent Cleanup for Next Mark 3.120ms
[358.448s][info][gc          ] GC(645) Concurrent Mark Cycle 111.016ms
[359.457s][info][gc,start    ] GC(646) Pause Young (Prepare Mixed) (G1 Evacuation Pause)
[359.457s][info][gc,task     ] GC(646) Using 2 workers of 2 for evacuation
[359.462s][info][gc,phases   ] GC(646)   Pre Evacuate Collection Set: 0.32ms
[359.462s][info][gc,phases   ] GC(646)   Merge Heap Roots: 0.18ms
[359.462s][info][gc,phases   ] GC(646)   Evacuate Collection Set: 2.94ms
[359.462s][info][gc,phases   ] GC(646)   Post Evacuate Collection Set: 0.81ms
[359.462s][info][gc,phases   ] GC(646)   Other: 0.11ms
[359.462s][info][gc,heap     ] GC(646) Eden regions: 517->0(517)
[359.462s][info][gc,heap     ] GC(646) Survivor regions: 3->3(65)
[359.462s][info][gc,heap     ] GC(646) Old regions: 50->51
[359.462s][info][gc,heap     ] GC(646) Humongous regions: 207->207
[359.462s][info][gc,metaspace] GC(646) Metaspace: 57362K(57664K)->57362K(57664K) NonClass: 49061K(49280K)->49061K(49280K) Class: 8300K(8384K)->8300K(8384K)
[359.462s][info][gc          ] GC(646) Pause Young (Prepare Mixed) (G1 Evacuation Pause) 775M->257M(867M) 4.552ms
[359.462s][info][gc,cpu      ] GC(646) User=0.01s Sys=0.00s Real=0.00s
[360.617s][info][gc,start    ] GC(647) Pause Young (Mixed) (G1 Evacuation Pause)
[360.617s][info][gc,task     ] GC(647) Using 2 workers of 2 for evacuation
[360.622s][info][gc,phases   ] GC(647)   Pre Evacuate Collection Set: 0.31ms
[360.622s][info][gc,phases   ] GC(647)   Merge Heap Roots: 0.16ms
[360.622s][info][gc,phases   ] GC(647)   Evacuate Collection Set: 3.55ms
[360.622s][info][gc,phases   ] GC(647)   Post Evacuate Collection Set: 0.84ms
[360.622s][info][gc,phases   ] GC(647)   Other: 0.11ms
[360.622s][info][gc,heap     ] GC(647) Eden regions: 517->0(518)
[360.622s][info][gc,heap     ] GC(647) Survivor regions: 3->2(65)
[360.622s][info][gc,heap     ] GC(647) Old regions: 51->49
[360.622s][info][gc,heap     ] GC(647) Humongous regions: 207->207
[360.622s][info][gc,metaspace] GC(647) Metaspace: 57362K(57664K)->57362K(57664K) NonClass: 49061K(49280K)->49061K(49280K) Class: 8300K(8384K)->8300K(8384K)
[360.622s][info][gc          ] GC(647) Pause Young (Mixed) (G1 Evacuation Pause) 774M->255M(867M) 5.158ms
[360.622s][info][gc,cpu      ] GC(647) User=0.01s Sys=0.00s Real=0.00s
[361.737s][info][gc,start    ] GC(648) Pause Young (Concurrent Start) (G1 Evacuation Pause)
[361.737s][info][gc,task     ] GC(648) Using 2 workers of 2 for evacuation
[361.743s][info][gc,phases   ] GC(648)   Pre Evacuate Collection Set: 0.39ms
[361.743s][info][gc,phases   ] GC(648)   Merge Heap Roots: 0.16ms
[361.743s][info][gc,phases   ] GC(648)   Evacuate Collection Set: 4.85ms
[361.743s][info][gc,phases   ] GC(648)   Post Evacuate Collection Set: 0.84ms
[361.743s][info][gc,phases   ] GC(648)   Other: 0.14ms
[361.743s][info][gc,heap     ] GC(648) Eden regions: 518->0(517)
[361.743s][info][gc,heap     ] GC(648) Survivor regions: 2->3(65)
[361.743s][info][gc,heap     ] GC(648) Old regions: 49->49
[361.743s][info][gc,heap     ] GC(648) Humongous regions: 207->207
[361.743s][info][gc,metaspace] GC(648) Metaspace: 57362K(57664K)->57362K(57664K) NonClass: 49061K(49280K)->49061K(49280K) Class: 8300K(8384K)->8300K(8384K)
[361.743s][info][gc          ] GC(648) Pause Young (Concurrent Start) (G1 Evacuation Pause) 773M->256M(867M) 6.600ms
[361.743s][info][gc,cpu      ] GC(648) User=0.01s Sys=0.00s Real=0.00s
[361.744s][info][gc          ] GC(649) Concurrent Mark Cycle
[361.744s][info][gc,marking  ] GC(649) Concurrent Scan Root Regions
[361.751s][info][gc,marking  ] GC(649) Concurrent Scan Root Regions 6.940ms
[361.751s][info][gc,marking  ] GC(649) Concurrent Mark
[361.751s][info][gc,marking  ] GC(649) Concurrent Mark From Roots
[361.751s][info][gc,task     ] GC(649) Using 1 workers of 1 for marking
[361.810s][info][gc,marking  ] GC(649) Concurrent Mark From Roots 59.072ms
[361.818s][info][gc,marking  ] GC(649) Concurrent Preclean
[361.818s][info][gc,marking  ] GC(649) Concurrent Preclean 0.134ms
[361.818s][info][gc,start    ] GC(649) Pause Remark
[361.847s][info][gc          ] GC(649) Pause Remark 273M->273M(864M) 28.681ms
[361.847s][info][gc,cpu      ] GC(649) User=0.02s Sys=0.01s Real=0.03s
[361.850s][info][gc,marking  ] GC(649) Concurrent Mark 98.387ms
[361.850s][info][gc,marking  ] GC(649) Concurrent Rebuild Remembered Sets and Scrub Regions
[361.872s][info][gc,marking  ] GC(649) Concurrent Rebuild Remembered Sets and Scrub Regions 22.585ms
[361.873s][info][gc,start    ] GC(649) Pause Cleanup
[361.873s][info][gc          ] GC(649) Pause Cleanup 273M->273M(864M) 0.117ms
[361.873s][info][gc,cpu      ] GC(649) User=0.00s Sys=0.00s Real=0.00s
[361.873s][info][gc,marking  ] GC(649) Concurrent Clear Claimed Marks
[361.873s][info][gc,marking  ] GC(649) Concurrent Clear Claimed Marks 0.102ms
[361.873s][info][gc,marking  ] GC(649) Concurrent Cleanup for Next Mark
[361.878s][info][gc,marking  ] GC(649) Concurrent Cleanup for Next Mark 5.463ms
[361.879s][info][gc          ] GC(649) Concurrent Mark Cycle 134.102ms
[362.953s][info][gc,start    ] GC(650) Pause Young (Prepare Mixed) (G1 Evacuation Pause)
[362.953s][info][gc,task     ] GC(650) Using 2 workers of 2 for evacuation
[362.959s][info][gc,phases   ] GC(650)   Pre Evacuate Collection Set: 0.55ms
[362.959s][info][gc,phases   ] GC(650)   Merge Heap Roots: 0.21ms
[362.959s][info][gc,phases   ] GC(650)   Evacuate Collection Set: 4.06ms
[362.959s][info][gc,phases   ] GC(650)   Post Evacuate Collection Set: 0.87ms
[362.959s][info][gc,phases   ] GC(650)   Other: 0.12ms
[362.959s][info][gc,heap     ] GC(650) Eden regions: 515->0(516)
[362.959s][info][gc,heap     ] GC(650) Survivor regions: 3->2(65)
[362.959s][info][gc,heap     ] GC(650) Old regions: 49->50
[362.959s][info][gc,heap     ] GC(650) Humongous regions: 207->207
[362.959s][info][gc,metaspace] GC(650) Metaspace: 57362K(57664K)->57362K(57664K) NonClass: 49061K(49280K)->49061K(49280K) Class: 8300K(8384K)->8300K(8384K)
[362.959s][info][gc          ] GC(650) Pause Young (Prepare Mixed) (G1 Evacuation Pause) 771M->255M(864M) 6.020ms
[362.959s][info][gc,cpu      ] GC(650) User=0.01s Sys=0.00s Real=0.01s
[364.114s][info][gc,start    ] GC(651) Pause Young (Mixed) (G1 Evacuation Pause)
[364.114s][info][gc,task     ] GC(651) Using 2 workers of 2 for evacuation
[364.119s][info][gc,phases   ] GC(651)   Pre Evacuate Collection Set: 0.31ms
[364.119s][info][gc,phases   ] GC(651)   Merge Heap Roots: 0.17ms
[364.119s][info][gc,phases   ] GC(651)   Evacuate Collection Set: 3.88ms
[364.119s][info][gc,phases   ] GC(651)   Post Evacuate Collection Set: 0.86ms
[364.119s][info][gc,phases   ] GC(651)   Other: 0.10ms
[364.119s][info][gc,heap     ] GC(651) Eden regions: 516->0(516)
[364.119s][info][gc,heap     ] GC(651) Survivor regions: 2->2(65)
[364.119s][info][gc,heap     ] GC(651) Old regions: 50->48
[364.119s][info][gc,heap     ] GC(651) Humongous regions: 207->207
[364.119s][info][gc,metaspace] GC(651) Metaspace: 57362K(57664K)->57362K(57664K) NonClass: 49061K(49280K)->49061K(49280K) Class: 8300K(8384K)->8300K(8384K)
[364.119s][info][gc          ] GC(651) Pause Young (Mixed) (G1 Evacuation Pause) 771M->254M(864M) 5.538ms
[364.119s][info][gc,cpu      ] GC(651) User=0.01s Sys=0.00s Real=0.00s
[365.233s][info][gc,start    ] GC(652) Pause Young (Concurrent Start) (G1 Evacuation Pause)
[365.233s][info][gc,task     ] GC(652) Using 2 workers of 2 for evacuation
[365.239s][info][gc,phases   ] GC(652)   Pre Evacuate Collection Set: 0.37ms
[365.239s][info][gc,phases   ] GC(652)   Merge Heap Roots: 0.16ms
[365.239s][info][gc,phases   ] GC(652)   Evacuate Collection Set: 4.33ms
[365.239s][info][gc,phases   ] GC(652)   Post Evacuate Collection Set: 0.84ms
[365.239s][info][gc,phases   ] GC(652)   Other: 0.11ms
[365.239s][info][gc,heap     ] GC(652) Eden regions: 516->0(516)
[365.239s][info][gc,heap     ] GC(652) Survivor regions: 2->2(65)
[365.239s][info][gc,heap     ] GC(652) Old regions: 48->48
[365.239s][info][gc,heap     ] GC(652) Humongous regions: 207->207
[365.239s][info][gc,metaspace] GC(652) Metaspace: 57362K(57664K)->57362K(57664K) NonClass: 49061K(49280K)->49061K(49280K) Class: 8300K(8384K)->8300K(8384K)
[365.239s][info][gc          ] GC(652) Pause Young (Concurrent Start) (G1 Evacuation Pause) 770M->255M(864M) 6.043ms
[365.239s][info][gc,cpu      ] GC(652) User=0.01s Sys=0.00s Real=0.01s
[365.239s][info][gc          ] GC(653) Concurrent Mark Cycle
[365.239s][info][gc,marking  ] GC(653) Concurrent Scan Root Regions
[365.246s][info][gc,marking  ] GC(653) Concurrent Scan Root Regions 6.527ms
[365.246s][info][gc,marking  ] GC(653) Concurrent Mark
[365.246s][info][gc,marking  ] GC(653) Concurrent Mark From Roots
[365.246s][info][gc,task     ] GC(653) Using 1 workers of 1 for marking
[365.297s][info][gc,marking  ] GC(653) Concurrent Mark From Roots 51.666ms
[365.297s][info][gc,marking  ] GC(653) Concurrent Preclean
[365.297s][info][gc,marking  ] GC(653) Concurrent Preclean 0.091ms
[365.298s][info][gc,start    ] GC(653) Pause Remark
[365.308s][info][gc          ] GC(653) Pause Remark 275M->275M(857M) 10.728ms
[365.308s][info][gc,cpu      ] GC(653) User=0.02s Sys=0.00s Real=0.01s
[365.309s][info][gc,marking  ] GC(653) Concurrent Mark 63.109ms
[365.309s][info][gc,marking  ] GC(653) Concurrent Rebuild Remembered Sets and Scrub Regions
[365.348s][info][gc,marking  ] GC(653) Concurrent Rebuild Remembered Sets and Scrub Regions 39.075ms
[365.348s][info][gc,start    ] GC(653) Pause Cleanup
[365.349s][info][gc          ] GC(653) Pause Cleanup 302M->302M(857M) 0.130ms
[365.349s][info][gc,cpu      ] GC(653) User=0.00s Sys=0.00s Real=0.00s
[365.349s][info][gc,marking  ] GC(653) Concurrent Clear Claimed Marks
[365.349s][info][gc,marking  ] GC(653) Concurrent Clear Claimed Marks 0.094ms
[365.349s][info][gc,marking  ] GC(653) Concurrent Cleanup for Next Mark
[365.354s][info][gc,marking  ] GC(653) Concurrent Cleanup for Next Mark 5.543ms
[365.354s][info][gc          ] GC(653) Concurrent Mark Cycle 115.378ms
[366.344s][info][gc,start    ] GC(654) Pause Young (Prepare Mixed) (G1 Evacuation Pause)
[366.344s][info][gc,task     ] GC(654) Using 2 workers of 2 for evacuation
[366.350s][info][gc,phases   ] GC(654)   Pre Evacuate Collection Set: 0.33ms
[366.350s][info][gc,phases   ] GC(654)   Merge Heap Roots: 0.18ms
[366.350s][info][gc,phases   ] GC(654)   Evacuate Collection Set: 4.58ms
[366.350s][info][gc,phases   ] GC(654)   Post Evacuate Collection Set: 0.85ms
[366.350s][info][gc,phases   ] GC(654)   Other: 0.15ms
[366.350s][info][gc,heap     ] GC(654) Eden regions: 512->0(511)
[366.350s][info][gc,heap     ] GC(654) Survivor regions: 2->3(65)
[366.350s][info][gc,heap     ] GC(654) Old regions: 48->49
[366.350s][info][gc,heap     ] GC(654) Humongous regions: 207->207
[366.350s][info][gc,metaspace] GC(654) Metaspace: 57362K(57664K)->57362K(57664K) NonClass: 49061K(49280K)->49061K(49280K) Class: 8300K(8384K)->8300K(8384K)
[366.350s][info][gc          ] GC(654) Pause Young (Prepare Mixed) (G1 Evacuation Pause) 767M->256M(857M) 6.279ms
[366.350s][info][gc,cpu      ] GC(654) User=0.01s Sys=0.00s Real=0.00s
[367.501s][info][gc,start    ] GC(655) Pause Young (Mixed) (G1 Evacuation Pause)
[367.501s][info][gc,task     ] GC(655) Using 2 workers of 2 for evacuation
[367.506s][info][gc,phases   ] GC(655)   Pre Evacuate Collection Set: 0.31ms
[367.506s][info][gc,phases   ] GC(655)   Merge Heap Roots: 0.20ms
[367.506s][info][gc,phases   ] GC(655)   Evacuate Collection Set: 4.01ms
[367.506s][info][gc,phases   ] GC(655)   Post Evacuate Collection Set: 0.85ms
[367.506s][info][gc,phases   ] GC(655)   Other: 0.11ms
[367.506s][info][gc,heap     ] GC(655) Eden regions: 511->0(513)
[367.506s][info][gc,heap     ] GC(655) Survivor regions: 3->1(65)
[367.506s][info][gc,heap     ] GC(655) Old regions: 49->47
[367.506s][info][gc,heap     ] GC(655) Humongous regions: 207->207
[367.506s][info][gc,metaspace] GC(655) Metaspace: 57362K(57664K)->57362K(57664K) NonClass: 49061K(49280K)->49061K(49280K) Class: 8300K(8384K)->8300K(8384K)
[367.506s][info][gc          ] GC(655) Pause Young (Mixed) (G1 Evacuation Pause) 766M->253M(857M) 5.718ms
[367.506s][info][gc,cpu      ] GC(655) User=0.01s Sys=0.00s Real=0.01s
[368.616s][info][gc,start    ] GC(656) Pause Young (Concurrent Start) (G1 Evacuation Pause)
[368.616s][info][gc,task     ] GC(656) Using 2 workers of 2 for evacuation
[368.621s][info][gc,phases   ] GC(656)   Pre Evacuate Collection Set: 0.32ms
[368.621s][info][gc,phases   ] GC(656)   Merge Heap Roots: 0.18ms
[368.621s][info][gc,phases   ] GC(656)   Evacuate Collection Set: 3.86ms
[368.621s][info][gc,phases   ] GC(656)   Post Evacuate Collection Set: 0.85ms
[368.621s][info][gc,phases   ] GC(656)   Other: 0.11ms
[368.621s][info][gc,heap     ] GC(656) Eden regions: 513->0(512)
[368.621s][info][gc,heap     ] GC(656) Survivor regions: 1->2(65)
[368.621s][info][gc,heap     ] GC(656) Old regions: 47->47
[368.621s][info][gc,heap     ] GC(656) Humongous regions: 207->207
[368.621s][info][gc,metaspace] GC(656) Metaspace: 57362K(57664K)->57362K(57664K) NonClass: 49061K(49280K)->49061K(49280K) Class: 8300K(8384K)->8300K(8384K)
[368.621s][info][gc          ] GC(656) Pause Young (Concurrent Start) (G1 Evacuation Pause) 766M->254M(857M) 5.524ms
[368.621s][info][gc,cpu      ] GC(656) User=0.01s Sys=0.00s Real=0.00s
[368.621s][info][gc          ] GC(657) Concurrent Mark Cycle
[368.621s][info][gc,marking  ] GC(657) Concurrent Scan Root Regions
[368.629s][info][gc,marking  ] GC(657) Concurrent Scan Root Regions 7.730ms
[368.629s][info][gc,marking  ] GC(657) Concurrent Mark
[368.629s][info][gc,marking  ] GC(657) Concurrent Mark From Roots
[368.629s][info][gc,task     ] GC(657) Using 1 workers of 1 for marking
[368.696s][info][gc,marking  ] GC(657) Concurrent Mark From Roots 66.286ms
[368.696s][info][gc,marking  ] GC(657) Concurrent Preclean
[368.696s][info][gc,marking  ] GC(657) Concurrent Preclean 0.085ms
[368.696s][info][gc,start    ] GC(657) Pause Remark
[368.708s][info][gc          ] GC(657) Pause Remark 293M->293M(854M) 12.561ms
[368.708s][info][gc,cpu      ] GC(657) User=0.02s Sys=0.00s Real=0.01s
[368.711s][info][gc,marking  ] GC(657) Concurrent Mark 81.244ms
[368.711s][info][gc,marking  ] GC(657) Concurrent Rebuild Remembered Sets and Scrub Regions
[368.750s][info][gc,marking  ] GC(657) Concurrent Rebuild Remembered Sets and Scrub Regions 39.908ms
[368.751s][info][gc,start    ] GC(657) Pause Cleanup
[368.751s][info][gc          ] GC(657) Pause Cleanup 320M->320M(854M) 0.104ms
[368.751s][info][gc,cpu      ] GC(657) User=0.00s Sys=0.00s Real=0.00s
[368.751s][info][gc,marking  ] GC(657) Concurrent Clear Claimed Marks
[368.751s][info][gc,marking  ] GC(657) Concurrent Clear Claimed Marks 0.129ms
[368.751s][info][gc,marking  ] GC(657) Concurrent Cleanup for Next Mark
[368.761s][info][gc,marking  ] GC(657) Concurrent Cleanup for Next Mark 9.907ms
[368.761s][info][gc          ] GC(657) Concurrent Mark Cycle 139.803ms
[369.720s][info][gc,start    ] GC(658) Pause Young (Prepare Mixed) (G1 Evacuation Pause)
[369.720s][info][gc,task     ] GC(658) Using 2 workers of 2 for evacuation
[369.725s][info][gc,phases   ] GC(658)   Pre Evacuate Collection Set: 0.36ms
[369.725s][info][gc,phases   ] GC(658)   Merge Heap Roots: 0.17ms
[369.725s][info][gc,phases   ] GC(658)   Evacuate Collection Set: 3.38ms
[369.725s][info][gc,phases   ] GC(658)   Post Evacuate Collection Set: 0.82ms
[369.725s][info][gc,phases   ] GC(658)   Other: 0.09ms
[369.725s][info][gc,heap     ] GC(658) Eden regions: 510->0(510)
[369.725s][info][gc,heap     ] GC(658) Survivor regions: 2->2(64)
[369.725s][info][gc,heap     ] GC(658) Old regions: 47->48
[369.725s][info][gc,heap     ] GC(658) Humongous regions: 207->207
[369.725s][info][gc,metaspace] GC(658) Metaspace: 57362K(57664K)->57362K(57664K) NonClass: 49061K(49280K)->49061K(49280K) Class: 8300K(8384K)->8300K(8384K)
[369.725s][info][gc          ] GC(658) Pause Young (Prepare Mixed) (G1 Evacuation Pause) 764M->254M(854M) 5.014ms
[369.725s][info][gc,cpu      ] GC(658) User=0.01s Sys=0.00s Real=0.01s
[370.831s][info][gc,start    ] GC(659) Pause Young (Mixed) (G1 Evacuation Pause)
[370.831s][info][gc,task     ] GC(659) Using 2 workers of 2 for evacuation
[370.839s][info][gc,phases   ] GC(659)   Pre Evacuate Collection Set: 0.32ms
[370.839s][info][gc,phases   ] GC(659)   Merge Heap Roots: 0.17ms
[370.839s][info][gc,phases   ] GC(659)   Evacuate Collection Set: 6.09ms
[370.839s][info][gc,phases   ] GC(659)   Post Evacuate Collection Set: 0.85ms
[370.839s][info][gc,phases   ] GC(659)   Other: 0.10ms
[370.839s][info][gc,heap     ] GC(659) Eden regions: 510->0(509)
[370.839s][info][gc,heap     ] GC(659) Survivor regions: 2->3(64)
[370.839s][info][gc,heap     ] GC(659) Old regions: 48->46
[370.839s][info][gc,heap     ] GC(659) Humongous regions: 207->207
[370.839s][info][gc,metaspace] GC(659) Metaspace: 57363K(57664K)->57363K(57664K) NonClass: 49062K(49280K)->49062K(49280K) Class: 8300K(8384K)->8300K(8384K)
[370.839s][info][gc          ] GC(659) Pause Young (Mixed) (G1 Evacuation Pause) 764M->254M(854M) 7.745ms
[370.839s][info][gc,cpu      ] GC(659) User=0.01s Sys=0.00s Real=0.01s
[371.937s][info][gc,start    ] GC(660) Pause Young (Concurrent Start) (G1 Evacuation Pause)
[371.937s][info][gc,task     ] GC(660) Using 2 workers of 2 for evacuation
[371.944s][info][gc,phases   ] GC(660)   Pre Evacuate Collection Set: 0.31ms
[371.944s][info][gc,phases   ] GC(660)   Merge Heap Roots: 0.17ms
[371.944s][info][gc,phases   ] GC(660)   Evacuate Collection Set: 5.31ms
[371.944s][info][gc,phases   ] GC(660)   Post Evacuate Collection Set: 0.87ms
[371.944s][info][gc,phases   ] GC(660)   Other: 0.14ms
[371.944s][info][gc,heap     ] GC(660) Eden regions: 509->0(509)
[371.944s][info][gc,heap     ] GC(660) Survivor regions: 3->3(64)
[371.944s][info][gc,heap     ] GC(660) Old regions: 46->46
[371.944s][info][gc,heap     ] GC(660) Humongous regions: 207->207
[371.944s][info][gc,metaspace] GC(660) Metaspace: 57363K(57664K)->57363K(57664K) NonClass: 49062K(49280K)->49062K(49280K) Class: 8300K(8384K)->8300K(8384K)
[371.944s][info][gc          ] GC(660) Pause Young (Concurrent Start) (G1 Evacuation Pause) 763M->254M(854M) 7.005ms
[371.944s][info][gc,cpu      ] GC(660) User=0.01s Sys=0.00s Real=0.01s
[371.944s][info][gc          ] GC(661) Concurrent Mark Cycle
[371.944s][info][gc,marking  ] GC(661) Concurrent Scan Root Regions
[371.953s][info][gc,marking  ] GC(661) Concurrent Scan Root Regions 9.183ms
[371.953s][info][gc,marking  ] GC(661) Concurrent Mark
[371.953s][info][gc,marking  ] GC(661) Concurrent Mark From Roots
[371.953s][info][gc,task     ] GC(661) Using 1 workers of 1 for marking
[372.024s][info][gc,marking  ] GC(661) Concurrent Mark From Roots 70.950ms
[372.024s][info][gc,marking  ] GC(661) Concurrent Preclean
[372.024s][info][gc,marking  ] GC(661) Concurrent Preclean 0.096ms
[372.025s][info][gc,start    ] GC(661) Pause Remark
[372.053s][info][gc          ] GC(661) Pause Remark 264M->264M(854M) 28.576ms
[372.053s][info][gc,cpu      ] GC(661) User=0.02s Sys=0.00s Real=0.02s
[372.054s][info][gc,marking  ] GC(661) Concurrent Mark 101.458ms
[372.055s][info][gc,marking  ] GC(661) Concurrent Rebuild Remembered Sets and Scrub Regions
[372.084s][info][gc,marking  ] GC(661) Concurrent Rebuild Remembered Sets and Scrub Regions 29.442ms
[372.084s][info][gc,start    ] GC(661) Pause Cleanup
[372.084s][info][gc          ] GC(661) Pause Cleanup 264M->264M(854M) 0.087ms
[372.084s][info][gc,cpu      ] GC(661) User=0.00s Sys=0.00s Real=0.00s
[372.084s][info][gc,marking  ] GC(661) Concurrent Clear Claimed Marks
[372.084s][info][gc,marking  ] GC(661) Concurrent Clear Claimed Marks 0.094ms
[372.084s][info][gc,marking  ] GC(661) Concurrent Cleanup for Next Mark
[372.087s][info][gc,marking  ] GC(661) Concurrent Cleanup for Next Mark 2.749ms
[372.087s][info][gc          ] GC(661) Concurrent Mark Cycle 143.307ms
[373.245s][info][gc,start    ] GC(662) Pause Young (Prepare Mixed) (G1 Evacuation Pause)
[373.245s][info][gc,task     ] GC(662) Using 2 workers of 2 for evacuation
[373.251s][info][gc,phases   ] GC(662)   Pre Evacuate Collection Set: 0.50ms
[373.251s][info][gc,phases   ] GC(662)   Merge Heap Roots: 0.17ms
[373.251s][info][gc,phases   ] GC(662)   Evacuate Collection Set: 4.39ms
[373.251s][info][gc,phases   ] GC(662)   Post Evacuate Collection Set: 0.84ms
[373.251s][info][gc,phases   ] GC(662)   Other: 0.09ms
[373.251s][info][gc,heap     ] GC(662) Eden regions: 509->0(510)
[373.251s][info][gc,heap     ] GC(662) Survivor regions: 3->2(64)
[373.251s][info][gc,heap     ] GC(662) Old regions: 46->47
[373.251s][info][gc,heap     ] GC(662) Humongous regions: 207->207
[373.251s][info][gc,metaspace] GC(662) Metaspace: 57363K(57664K)->57363K(57664K) NonClass: 49062K(49280K)->49062K(49280K) Class: 8300K(8384K)->8300K(8384K)
[373.251s][info][gc          ] GC(662) Pause Young (Prepare Mixed) (G1 Evacuation Pause) 763M->253M(854M) 6.202ms
[373.252s][info][gc,cpu      ] GC(662) User=0.01s Sys=0.00s Real=0.00s
[374.404s][info][gc,start    ] GC(663) Pause Young (Mixed) (G1 Evacuation Pause)
[374.404s][info][gc,task     ] GC(663) Using 2 workers of 2 for evacuation
[374.426s][info][gc,phases   ] GC(663)   Pre Evacuate Collection Set: 0.49ms
[374.426s][info][gc,phases   ] GC(663)   Merge Heap Roots: 0.21ms
[374.426s][info][gc,phases   ] GC(663)   Evacuate Collection Set: 19.62ms
[374.426s][info][gc,phases   ] GC(663)   Post Evacuate Collection Set: 1.45ms
[374.426s][info][gc,phases   ] GC(663)   Other: 0.11ms
[374.426s][info][gc,heap     ] GC(663) Eden regions: 510->0(511)
[374.426s][info][gc,heap     ] GC(663) Survivor regions: 2->1(64)
[374.426s][info][gc,heap     ] GC(663) Old regions: 47->46
[374.426s][info][gc,heap     ] GC(663) Humongous regions: 207->207
[374.426s][info][gc,metaspace] GC(663) Metaspace: 57363K(57664K)->57363K(57664K) NonClass: 49062K(49280K)->49062K(49280K) Class: 8300K(8384K)->8300K(8384K)
[374.426s][info][gc          ] GC(663) Pause Young (Mixed) (G1 Evacuation Pause) 763M->252M(854M) 22.130ms
[374.426s][info][gc,cpu      ] GC(663) User=0.03s Sys=0.00s Real=0.02s
[375.520s][info][gc,start    ] GC(664) Pause Young (Normal) (G1 Evacuation Pause)
[375.520s][info][gc,task     ] GC(664) Using 2 workers of 2 for evacuation
[375.526s][info][gc,phases   ] GC(664)   Pre Evacuate Collection Set: 0.31ms
[375.526s][info][gc,phases   ] GC(664)   Merge Heap Roots: 0.16ms
[375.526s][info][gc,phases   ] GC(664)   Evacuate Collection Set: 3.75ms
[375.526s][info][gc,phases   ] GC(664)   Post Evacuate Collection Set: 0.88ms
[375.526s][info][gc,phases   ] GC(664)   Other: 0.12ms
[375.526s][info][gc,heap     ] GC(664) Eden regions: 511->0(509)
[375.526s][info][gc,heap     ] GC(664) Survivor regions: 1->3(64)
[375.526s][info][gc,heap     ] GC(664) Old regions: 46->46
[375.526s][info][gc,heap     ] GC(664) Humongous regions: 207->207
[375.526s][info][gc,metaspace] GC(664) Metaspace: 57363K(57664K)->57363K(57664K) NonClass: 49062K(49280K)->49062K(49280K) Class: 8300K(8384K)->8300K(8384K)
[375.526s][info][gc          ] GC(664) Pause Young (Normal) (G1 Evacuation Pause) 763M->254M(854M) 5.425ms
[375.526s][info][gc,cpu      ] GC(664) User=0.01s Sys=0.01s Real=0.01s
[376.631s][info][gc,start    ] GC(665) Pause Young (Concurrent Start) (G1 Evacuation Pause)
[376.631s][info][gc,task     ] GC(665) Using 2 workers of 2 for evacuation
[376.638s][info][gc,phases   ] GC(665)   Pre Evacuate Collection Set: 0.32ms
[376.638s][info][gc,phases   ] GC(665)   Merge Heap Roots: 0.14ms
[376.638s][info][gc,phases   ] GC(665)   Evacuate Collection Set: 4.96ms
[376.638s][info][gc,phases   ] GC(665)   Post Evacuate Collection Set: 0.84ms
[376.638s][info][gc,phases   ] GC(665)   Other: 0.11ms
[376.638s][info][gc,heap     ] GC(665) Eden regions: 509->0(509)
[376.638s][info][gc,heap     ] GC(665) Survivor regions: 3->3(64)
[376.638s][info][gc,heap     ] GC(665) Old regions: 46->46
[376.638s][info][gc,heap     ] GC(665) Humongous regions: 207->207
[376.638s][info][gc,metaspace] GC(665) Metaspace: 57363K(57664K)->57363K(57664K) NonClass: 49062K(49280K)->49062K(49280K) Class: 8300K(8384K)->8300K(8384K)
[376.638s][info][gc          ] GC(665) Pause Young (Concurrent Start) (G1 Evacuation Pause) 763M->254M(854M) 6.571ms
[376.638s][info][gc,cpu      ] GC(665) User=0.01s Sys=0.00s Real=0.01s
[376.639s][info][gc          ] GC(666) Concurrent Mark Cycle
[376.639s][info][gc,marking  ] GC(666) Concurrent Scan Root Regions
[376.644s][info][gc,marking  ] GC(666) Concurrent Scan Root Regions 5.190ms
[376.644s][info][gc,marking  ] GC(666) Concurrent Mark
[376.644s][info][gc,marking  ] GC(666) Concurrent Mark From Roots
[376.644s][info][gc,task     ] GC(666) Using 1 workers of 1 for marking
[376.707s][info][gc,marking  ] GC(666) Concurrent Mark From Roots 62.662ms
[376.707s][info][gc,marking  ] GC(666) Concurrent Preclean
[376.707s][info][gc,marking  ] GC(666) Concurrent Preclean 0.090ms
[376.707s][info][gc,start    ] GC(666) Pause Remark
[376.718s][info][gc          ] GC(666) Pause Remark 284M->284M(854M) 10.627ms
[376.718s][info][gc,cpu      ] GC(666) User=0.02s Sys=0.00s Real=0.01s
[376.719s][info][gc,marking  ] GC(666) Concurrent Mark 74.698ms
[376.719s][info][gc,marking  ] GC(666) Concurrent Rebuild Remembered Sets and Scrub Regions
[376.768s][info][gc,marking  ] GC(666) Concurrent Rebuild Remembered Sets and Scrub Regions 49.675ms
[376.769s][info][gc,start    ] GC(666) Pause Cleanup
[376.769s][info][gc          ] GC(666) Pause Cleanup 315M->315M(854M) 0.109ms
[376.769s][info][gc,cpu      ] GC(666) User=0.00s Sys=0.00s Real=0.00s
[376.769s][info][gc,marking  ] GC(666) Concurrent Clear Claimed Marks
[376.769s][info][gc,marking  ] GC(666) Concurrent Clear Claimed Marks 0.117ms
[376.769s][info][gc,marking  ] GC(666) Concurrent Cleanup for Next Mark
[376.775s][info][gc,marking  ] GC(666) Concurrent Cleanup for Next Mark 6.190ms
[376.775s][info][gc          ] GC(666) Concurrent Mark Cycle 136.601ms
[377.738s][info][gc,start    ] GC(667) Pause Young (Prepare Mixed) (G1 Evacuation Pause)
[377.738s][info][gc,task     ] GC(667) Using 2 workers of 2 for evacuation
[377.744s][info][gc,phases   ] GC(667)   Pre Evacuate Collection Set: 0.32ms
[377.744s][info][gc,phases   ] GC(667)   Merge Heap Roots: 0.16ms
[377.744s][info][gc,phases   ] GC(667)   Evacuate Collection Set: 4.95ms
[377.744s][info][gc,phases   ] GC(667)   Post Evacuate Collection Set: 0.82ms
[377.744s][info][gc,phases   ] GC(667)   Other: 0.09ms
[377.744s][info][gc,heap     ] GC(667) Eden regions: 509->0(509)
[377.744s][info][gc,heap     ] GC(667) Survivor regions: 3->3(64)
[377.744s][info][gc,heap     ] GC(667) Old regions: 46->47
[377.744s][info][gc,heap     ] GC(667) Humongous regions: 207->207
[377.744s][info][gc,metaspace] GC(667) Metaspace: 57363K(57664K)->57363K(57664K) NonClass: 49062K(49280K)->49062K(49280K) Class: 8300K(8384K)->8300K(8384K)
[377.744s][info][gc          ] GC(667) Pause Young (Prepare Mixed) (G1 Evacuation Pause) 763M->254M(854M) 6.528ms
[377.744s][info][gc,cpu      ] GC(667) User=0.01s Sys=0.00s Real=0.01s
[378.844s][info][gc,start    ] GC(668) Pause Young (Mixed) (G1 Evacuation Pause)
[378.844s][info][gc,task     ] GC(668) Using 2 workers of 2 for evacuation
[378.853s][info][gc,phases   ] GC(668)   Pre Evacuate Collection Set: 0.33ms
[378.853s][info][gc,phases   ] GC(668)   Merge Heap Roots: 0.18ms
[378.853s][info][gc,phases   ] GC(668)   Evacuate Collection Set: 7.10ms
[378.853s][info][gc,phases   ] GC(668)   Post Evacuate Collection Set: 0.89ms
[378.853s][info][gc,phases   ] GC(668)   Other: 0.12ms
[378.853s][info][gc,heap     ] GC(668) Eden regions: 509->0(509)
[378.853s][info][gc,heap     ] GC(668) Survivor regions: 3->3(64)
[378.853s][info][gc,heap     ] GC(668) Old regions: 47->46
[378.853s][info][gc,heap     ] GC(668) Humongous regions: 207->207
[378.853s][info][gc,metaspace] GC(668) Metaspace: 57365K(57664K)->57365K(57664K) NonClass: 49064K(49280K)->49064K(49280K) Class: 8300K(8384K)->8300K(8384K)
[378.853s][info][gc          ] GC(668) Pause Young (Mixed) (G1 Evacuation Pause) 763M->253M(854M) 8.840ms
[378.853s][info][gc,cpu      ] GC(668) User=0.02s Sys=0.00s Real=0.00s
[380.004s][info][gc,start    ] GC(669) Pause Young (Normal) (G1 Evacuation Pause)
[380.004s][info][gc,task     ] GC(669) Using 2 workers of 2 for evacuation
[380.008s][info][gc,phases   ] GC(669)   Pre Evacuate Collection Set: 0.33ms
[380.008s][info][gc,phases   ] GC(669)   Merge Heap Roots: 0.15ms
[380.008s][info][gc,phases   ] GC(669)   Evacuate Collection Set: 2.36ms
[380.008s][info][gc,phases   ] GC(669)   Post Evacuate Collection Set: 0.86ms
[380.008s][info][gc,phases   ] GC(669)   Other: 0.09ms
[380.008s][info][gc,heap     ] GC(669) Eden regions: 509->0(511)
[380.008s][info][gc,heap     ] GC(669) Survivor regions: 3->1(64)
[380.008s][info][gc,heap     ] GC(669) Old regions: 46->46
[380.008s][info][gc,heap     ] GC(669) Humongous regions: 207->207
[380.008s][info][gc,metaspace] GC(669) Metaspace: 57365K(57664K)->57365K(57664K) NonClass: 49064K(49280K)->49064K(49280K) Class: 8300K(8384K)->8300K(8384K)
[380.008s][info][gc          ] GC(669) Pause Young (Normal) (G1 Evacuation Pause) 762M->252M(854M) 4.040ms
[380.008s][info][gc,cpu      ] GC(669) User=0.01s Sys=0.01s Real=0.00s
[381.114s][info][gc,start    ] GC(670) Pause Young (Normal) (G1 Evacuation Pause)
[381.114s][info][gc,task     ] GC(670) Using 2 workers of 2 for evacuation
[381.118s][info][gc,phases   ] GC(670)   Pre Evacuate Collection Set: 0.31ms
[381.118s][info][gc,phases   ] GC(670)   Merge Heap Roots: 0.16ms
[381.118s][info][gc,phases   ] GC(670)   Evacuate Collection Set: 3.20ms
[381.118s][info][gc,phases   ] GC(670)   Post Evacuate Collection Set: 0.85ms
[381.118s][info][gc,phases   ] GC(670)   Other: 0.13ms
[381.118s][info][gc,heap     ] GC(670) Eden regions: 511->0(510)
[381.118s][info][gc,heap     ] GC(670) Survivor regions: 1->2(64)
[381.118s][info][gc,heap     ] GC(670) Old regions: 46->46
[381.118s][info][gc,heap     ] GC(670) Humongous regions: 207->207
[381.119s][info][gc,metaspace] GC(670) Metaspace: 57365K(57664K)->57365K(57664K) NonClass: 49064K(49280K)->49064K(49280K) Class: 8300K(8384K)->8300K(8384K)
[381.119s][info][gc          ] GC(670) Pause Young (Normal) (G1 Evacuation Pause) 763M->253M(854M) 4.867ms
[381.119s][info][gc,cpu      ] GC(670) User=0.01s Sys=0.00s Real=0.00s
[382.226s][info][gc,start    ] GC(671) Pause Young (Normal) (G1 Evacuation Pause)
[382.226s][info][gc,task     ] GC(671) Using 2 workers of 2 for evacuation
[382.231s][info][gc,phases   ] GC(671)   Pre Evacuate Collection Set: 0.30ms
[382.231s][info][gc,phases   ] GC(671)   Merge Heap Roots: 0.16ms
[382.231s][info][gc,phases   ] GC(671)   Evacuate Collection Set: 3.91ms
[382.231s][info][gc,phases   ] GC(671)   Post Evacuate Collection Set: 0.84ms
[382.231s][info][gc,phases   ] GC(671)   Other: 0.12ms
[382.231s][info][gc,heap     ] GC(671) Eden regions: 510->0(510)
[382.231s][info][gc,heap     ] GC(671) Survivor regions: 2->2(64)
[382.231s][info][gc,heap     ] GC(671) Old regions: 46->46
[382.231s][info][gc,heap     ] GC(671) Humongous regions: 207->207
[382.231s][info][gc,metaspace] GC(671) Metaspace: 57365K(57664K)->57365K(57664K) NonClass: 49064K(49280K)->49064K(49280K) Class: 8300K(8384K)->8300K(8384K)
[382.231s][info][gc          ] GC(671) Pause Young (Normal) (G1 Evacuation Pause) 763M->253M(854M) 5.533ms
[382.231s][info][gc,cpu      ] GC(671) User=0.01s Sys=0.00s Real=0.00s
[383.438s][info][gc,start    ] GC(672) Pause Young (Normal) (G1 Evacuation Pause)
[383.438s][info][gc,task     ] GC(672) Using 2 workers of 2 for evacuation
[383.445s][info][gc,phases   ] GC(672)   Pre Evacuate Collection Set: 0.49ms
[383.445s][info][gc,phases   ] GC(672)   Merge Heap Roots: 0.17ms
[383.445s][info][gc,phases   ] GC(672)   Evacuate Collection Set: 5.46ms
[383.445s][info][gc,phases   ] GC(672)   Post Evacuate Collection Set: 0.86ms
[383.445s][info][gc,phases   ] GC(672)   Other: 0.11ms
[383.445s][info][gc,heap     ] GC(672) Eden regions: 510->0(508)
[383.445s][info][gc,heap     ] GC(672) Survivor regions: 2->4(64)
[383.445s][info][gc,heap     ] GC(672) Old regions: 46->46
[383.445s][info][gc,heap     ] GC(672) Humongous regions: 207->207
[383.445s][info][gc,metaspace] GC(672) Metaspace: 57365K(57664K)->57365K(57664K) NonClass: 49064K(49280K)->49064K(49280K) Class: 8300K(8384K)->8300K(8384K)
[383.445s][info][gc          ] GC(672) Pause Young (Normal) (G1 Evacuation Pause) 763M->254M(854M) 7.300ms
[383.445s][info][gc,cpu      ] GC(672) User=0.01s Sys=0.01s Real=0.01s
[384.542s][info][gc,start    ] GC(673) Pause Young (Normal) (G1 Evacuation Pause)
[384.542s][info][gc,task     ] GC(673) Using 2 workers of 2 for evacuation
[384.550s][info][gc,phases   ] GC(673)   Pre Evacuate Collection Set: 0.52ms
[384.550s][info][gc,phases   ] GC(673)   Merge Heap Roots: 0.14ms
[384.550s][info][gc,phases   ] GC(673)   Evacuate Collection Set: 6.35ms
[384.550s][info][gc,phases   ] GC(673)   Post Evacuate Collection Set: 0.85ms
[384.550s][info][gc,phases   ] GC(673)   Other: 0.09ms
[384.550s][info][gc,heap     ] GC(673) Eden regions: 508->0(510)
[384.550s][info][gc,heap     ] GC(673) Survivor regions: 4->2(64)
[384.550s][info][gc,heap     ] GC(673) Old regions: 46->46
[384.550s][info][gc,heap     ] GC(673) Humongous regions: 207->207
[384.550s][info][gc,metaspace] GC(673) Metaspace: 57365K(57664K)->57365K(57664K) NonClass: 49064K(49280K)->49064K(49280K) Class: 8300K(8384K)->8300K(8384K)
[384.550s][info][gc          ] GC(673) Pause Young (Normal) (G1 Evacuation Pause) 762M->253M(854M) 8.146ms
[384.550s][info][gc,cpu      ] GC(673) User=0.01s Sys=0.00s Real=0.01s
[385.704s][info][gc,start    ] GC(674) Pause Young (Normal) (G1 Evacuation Pause)
[385.704s][info][gc,task     ] GC(674) Using 2 workers of 2 for evacuation
[385.708s][info][gc,phases   ] GC(674)   Pre Evacuate Collection Set: 0.33ms
[385.708s][info][gc,phases   ] GC(674)   Merge Heap Roots: 0.17ms
[385.708s][info][gc,phases   ] GC(674)   Evacuate Collection Set: 2.35ms
[385.708s][info][gc,phases   ] GC(674)   Post Evacuate Collection Set: 0.83ms
[385.708s][info][gc,phases   ] GC(674)   Other: 0.11ms
[385.708s][info][gc,heap     ] GC(674) Eden regions: 510->0(511)
[385.708s][info][gc,heap     ] GC(674) Survivor regions: 2->1(64)
[385.708s][info][gc,heap     ] GC(674) Old regions: 46->46
[385.708s][info][gc,heap     ] GC(674) Humongous regions: 207->207
[385.708s][info][gc,metaspace] GC(674) Metaspace: 57365K(57664K)->57365K(57664K) NonClass: 49064K(49280K)->49064K(49280K) Class: 8300K(8384K)->8300K(8384K)
[385.708s][info][gc          ] GC(674) Pause Young (Normal) (G1 Evacuation Pause) 763M->252M(854M) 3.980ms
[385.708s][info][gc,cpu      ] GC(674) User=0.01s Sys=0.01s Real=0.00s
[385.868s][info][gc,start    ] GC(675) Pause Young (Concurrent Start) (G1 Humongous Allocation)
[385.869s][info][gc,task     ] GC(675) Using 2 workers of 2 for evacuation
[385.872s][info][gc,phases   ] GC(675)   Pre Evacuate Collection Set: 0.33ms
[385.872s][info][gc,phases   ] GC(675)   Merge Heap Roots: 0.11ms
[385.872s][info][gc,phases   ] GC(675)   Evacuate Collection Set: 2.57ms
[385.872s][info][gc,phases   ] GC(675)   Post Evacuate Collection Set: 0.45ms
[385.872s][info][gc,phases   ] GC(675)   Other: 0.10ms
[385.872s][info][gc,heap     ] GC(675) Eden regions: 93->0(511)
[385.872s][info][gc,heap     ] GC(675) Survivor regions: 1->1(64)
[385.872s][info][gc,heap     ] GC(675) Old regions: 46->46
[385.872s][info][gc,heap     ] GC(675) Humongous regions: 207->207
[385.872s][info][gc,metaspace] GC(675) Metaspace: 57379K(57728K)->57379K(57728K) NonClass: 49078K(49344K)->49078K(49344K) Class: 8300K(8384K)->8300K(8384K)
[385.872s][info][gc          ] GC(675) Pause Young (Concurrent Start) (G1 Humongous Allocation) 344M->251M(854M) 3.758ms
[385.872s][info][gc          ] GC(676) Concurrent Undo Cycle
[385.872s][info][gc,marking  ] GC(676) Concurrent Clear Claimed Marks
[385.872s][info][gc,marking  ] GC(676) Concurrent Clear Claimed Marks 0.075ms
[385.872s][info][gc,marking  ] GC(676) Concurrent Cleanup for Next Mark
[385.872s][info][gc,cpu      ] GC(675) User=0.01s Sys=0.00s Real=0.00s
[385.874s][info][gc,marking  ] GC(676) Concurrent Cleanup for Next Mark 1.373ms
[385.874s][info][gc          ] GC(676) Concurrent Undo Cycle 1.508ms
[386.031s][info][gc,start    ] GC(677) Pause Young (Concurrent Start) (G1 Humongous Allocation)
[386.031s][info][gc,task     ] GC(677) Using 2 workers of 2 for evacuation
[386.034s][info][gc,phases   ] GC(677)   Pre Evacuate Collection Set: 0.33ms
[386.034s][info][gc,phases   ] GC(677)   Merge Heap Roots: 0.09ms
[386.034s][info][gc,phases   ] GC(677)   Evacuate Collection Set: 2.02ms
[386.034s][info][gc,phases   ] GC(677)   Post Evacuate Collection Set: 0.39ms
[386.034s][info][gc,phases   ] GC(677)   Other: 0.11ms
[386.034s][info][gc,heap     ] GC(677) Eden regions: 2->0(511)
[386.034s][info][gc,heap     ] GC(677) Survivor regions: 1->1(64)
[386.034s][info][gc,heap     ] GC(677) Old regions: 46->46
[386.035s][info][gc,heap     ] GC(677) Humongous regions: 246->246
[386.035s][info][gc,metaspace] GC(677) Metaspace: 57379K(57728K)->57379K(57728K) NonClass: 49078K(49344K)->49078K(49344K) Class: 8300K(8384K)->8300K(8384K)
[386.035s][info][gc          ] GC(677) Pause Young (Concurrent Start) (G1 Humongous Allocation) 292M->290M(854M) 3.177ms
[386.035s][info][gc          ] GC(678) Concurrent Mark Cycle
[386.035s][info][gc,marking  ] GC(678) Concurrent Scan Root Regions
[386.035s][info][gc,cpu      ] GC(677) User=0.00s Sys=0.00s Real=0.01s
[386.036s][info][gc,marking  ] GC(678) Concurrent Scan Root Regions 1.544ms
[386.036s][info][gc,marking  ] GC(678) Concurrent Mark
[386.036s][info][gc,marking  ] GC(678) Concurrent Mark From Roots
[386.036s][info][gc,task     ] GC(678) Using 1 workers of 1 for marking
[386.082s][info][gc,marking  ] GC(678) Concurrent Mark From Roots 46.176ms
[386.082s][info][gc,marking  ] GC(678) Concurrent Preclean
[386.082s][info][gc,marking  ] GC(678) Concurrent Preclean 0.064ms
[386.083s][info][gc,start    ] GC(678) Pause Remark
[386.093s][info][gc          ] GC(678) Pause Remark 330M->330M(854M) 10.466ms
[386.093s][info][gc,cpu      ] GC(678) User=0.02s Sys=0.00s Real=0.01s
[386.094s][info][gc,marking  ] GC(678) Concurrent Mark 57.413ms
[386.094s][info][gc,marking  ] GC(678) Concurrent Rebuild Remembered Sets and Scrub Regions
[386.112s][info][gc,marking  ] GC(678) Concurrent Rebuild Remembered Sets and Scrub Regions 18.007ms
[386.112s][info][gc,start    ] GC(678) Pause Cleanup
[386.112s][info][gc          ] GC(678) Pause Cleanup 330M->330M(854M) 0.095ms
[386.112s][info][gc,cpu      ] GC(678) User=0.00s Sys=0.00s Real=0.00s
[386.112s][info][gc,marking  ] GC(678) Concurrent Clear Claimed Marks
[386.112s][info][gc,marking  ] GC(678) Concurrent Clear Claimed Marks 0.093ms
[386.112s][info][gc,marking  ] GC(678) Concurrent Cleanup for Next Mark
[386.115s][info][gc,marking  ] GC(678) Concurrent Cleanup for Next Mark 2.792ms
[386.115s][info][gc          ] GC(678) Concurrent Mark Cycle 80.324ms
[389.822s][info][gc,start    ] GC(679) Pause Young (Prepare Mixed) (G1 Evacuation Pause)
[389.822s][info][gc,task     ] GC(679) Using 2 workers of 2 for evacuation
[389.849s][info][gc,phases   ] GC(679)   Pre Evacuate Collection Set: 0.33ms
[389.849s][info][gc,phases   ] GC(679)   Merge Heap Roots: 0.17ms
[389.849s][info][gc,phases   ] GC(679)   Evacuate Collection Set: 25.44ms
[389.849s][info][gc,phases   ] GC(679)   Post Evacuate Collection Set: 1.02ms
[389.849s][info][gc,phases   ] GC(679)   Other: 0.09ms
[389.849s][info][gc,heap     ] GC(679) Eden regions: 444->0(500)
[389.849s][info][gc,heap     ] GC(679) Survivor regions: 1->31(64)
[389.849s][info][gc,heap     ] GC(679) Old regions: 46->46
[389.849s][info][gc,heap     ] GC(679) Humongous regions: 363->207
[389.849s][info][gc,metaspace] GC(679) Metaspace: 57482K(57792K)->57482K(57792K) NonClass: 49181K(49408K)->49181K(49408K) Class: 8300K(8384K)->8300K(8384K)
[389.849s][info][gc          ] GC(679) Pause Young (Prepare Mixed) (G1 Evacuation Pause) 851M->282M(885M) 27.289ms
[389.849s][info][gc,cpu      ] GC(679) User=0.03s Sys=0.02s Real=0.03s
[390.915s][info][gc,start    ] GC(680) Pause Young (Mixed) (G1 Evacuation Pause)
[390.915s][info][gc,task     ] GC(680) Using 2 workers of 2 for evacuation
[390.929s][info][gc,phases   ] GC(680)   Pre Evacuate Collection Set: 0.35ms
[390.929s][info][gc,phases   ] GC(680)   Merge Heap Roots: 0.20ms
[390.929s][info][gc,phases   ] GC(680)   Evacuate Collection Set: 11.88ms
[390.929s][info][gc,phases   ] GC(680)   Post Evacuate Collection Set: 0.97ms
[390.929s][info][gc,phases   ] GC(680)   Other: 0.09ms
[390.929s][info][gc,heap     ] GC(680) Eden regions: 500->0(500)
[390.929s][info][gc,heap     ] GC(680) Survivor regions: 31->31(67)
[390.929s][info][gc,heap     ] GC(680) Old regions: 46->45
[390.929s][info][gc,heap     ] GC(680) Humongous regions: 207->207
[390.929s][info][gc,metaspace] GC(680) Metaspace: 57482K(57792K)->57482K(57792K) NonClass: 49181K(49408K)->49181K(49408K) Class: 8300K(8384K)->8300K(8384K)
[390.929s][info][gc          ] GC(680) Pause Young (Mixed) (G1 Evacuation Pause) 782M->281M(885M) 13.733ms
[390.929s][info][gc,cpu      ] GC(680) User=0.02s Sys=0.01s Real=0.01s
[392.013s][info][gc,start    ] GC(681) Pause Young (Concurrent Start) (G1 Evacuation Pause)
[392.013s][info][gc,task     ] GC(681) Using 2 workers of 2 for evacuation
[392.024s][info][gc,phases   ] GC(681)   Pre Evacuate Collection Set: 0.31ms
[392.024s][info][gc,phases   ] GC(681)   Merge Heap Roots: 0.17ms
[392.024s][info][gc,phases   ] GC(681)   Evacuate Collection Set: 9.75ms
[392.024s][info][gc,phases   ] GC(681)   Post Evacuate Collection Set: 0.92ms
[392.024s][info][gc,phases   ] GC(681)   Other: 0.12ms
[392.024s][info][gc,heap     ] GC(681) Eden regions: 500->0(501)
[392.024s][info][gc,heap     ] GC(681) Survivor regions: 31->30(67)
[392.024s][info][gc,heap     ] GC(681) Old regions: 45->45
[392.024s][info][gc,heap     ] GC(681) Humongous regions: 207->207
[392.024s][info][gc,metaspace] GC(681) Metaspace: 57482K(57792K)->57482K(57792K) NonClass: 49181K(49408K)->49181K(49408K) Class: 8300K(8384K)->8300K(8384K)
[392.024s][info][gc          ] GC(681) Pause Young (Concurrent Start) (G1 Evacuation Pause) 781M->281M(885M) 11.481ms
[392.024s][info][gc,cpu      ] GC(681) User=0.03s Sys=0.00s Real=0.02s
[392.024s][info][gc          ] GC(682) Concurrent Mark Cycle
[392.025s][info][gc,marking  ] GC(682) Concurrent Scan Root Regions
[392.037s][info][gc,marking  ] GC(682) Concurrent Scan Root Regions 11.338ms
[392.037s][info][gc,marking  ] GC(682) Concurrent Mark
[392.037s][info][gc,marking  ] GC(682) Concurrent Mark From Roots
[392.037s][info][gc,task     ] GC(682) Using 1 workers of 1 for marking
[392.098s][info][gc,marking  ] GC(682) Concurrent Mark From Roots 60.936ms
[392.098s][info][gc,marking  ] GC(682) Concurrent Preclean
[392.098s][info][gc,marking  ] GC(682) Concurrent Preclean 0.054ms
[392.098s][info][gc,start    ] GC(682) Pause Remark
[392.110s][info][gc          ] GC(682) Pause Remark 316M->316M(885M) 11.896ms
[392.110s][info][gc,cpu      ] GC(682) User=0.02s Sys=0.00s Real=0.01s
[392.110s][info][gc,marking  ] GC(682) Concurrent Mark 73.275ms
[392.110s][info][gc,marking  ] GC(682) Concurrent Rebuild Remembered Sets and Scrub Regions
[392.150s][info][gc,marking  ] GC(682) Concurrent Rebuild Remembered Sets and Scrub Regions 39.944ms
[392.151s][info][gc,start    ] GC(682) Pause Cleanup
[392.151s][info][gc          ] GC(682) Pause Cleanup 344M->344M(885M) 0.109ms
[392.151s][info][gc,cpu      ] GC(682) User=0.00s Sys=0.00s Real=0.00s
[392.151s][info][gc,marking  ] GC(682) Concurrent Clear Claimed Marks
[392.151s][info][gc,marking  ] GC(682) Concurrent Clear Claimed Marks 0.111ms
[392.151s][info][gc,marking  ] GC(682) Concurrent Cleanup for Next Mark
[392.158s][info][gc,marking  ] GC(682) Concurrent Cleanup for Next Mark 7.353ms
[392.158s][info][gc          ] GC(682) Concurrent Mark Cycle 134.140ms
[393.115s][info][gc,start    ] GC(683) Pause Young (Prepare Mixed) (G1 Evacuation Pause)
[393.115s][info][gc,task     ] GC(683) Using 2 workers of 2 for evacuation
[393.126s][info][gc,phases   ] GC(683)   Pre Evacuate Collection Set: 0.31ms
[393.127s][info][gc,phases   ] GC(683)   Merge Heap Roots: 0.19ms
[393.127s][info][gc,phases   ] GC(683)   Evacuate Collection Set: 9.73ms
[393.127s][info][gc,phases   ] GC(683)   Post Evacuate Collection Set: 0.96ms
[393.127s][info][gc,phases   ] GC(683)   Other: 0.11ms
[393.127s][info][gc,heap     ] GC(683) Eden regions: 501->0(501)
[393.127s][info][gc,heap     ] GC(683) Survivor regions: 30->30(67)
[393.127s][info][gc,heap     ] GC(683) Old regions: 45->45
[393.127s][info][gc,heap     ] GC(683) Humongous regions: 207->207
[393.127s][info][gc,metaspace] GC(683) Metaspace: 57482K(57792K)->57482K(57792K) NonClass: 49181K(49408K)->49181K(49408K) Class: 8300K(8384K)->8300K(8384K)
[393.127s][info][gc          ] GC(683) Pause Young (Prepare Mixed) (G1 Evacuation Pause) 782M->281M(885M) 11.579ms
[393.127s][info][gc,cpu      ] GC(683) User=0.02s Sys=0.00s Real=0.01s
[394.216s][info][gc,start    ] GC(684) Pause Young (Mixed) (G1 Evacuation Pause)
[394.216s][info][gc,task     ] GC(684) Using 2 workers of 2 for evacuation
[394.230s][info][gc,phases   ] GC(684)   Pre Evacuate Collection Set: 0.32ms
[394.230s][info][gc,phases   ] GC(684)   Merge Heap Roots: 0.21ms
[394.230s][info][gc,phases   ] GC(684)   Evacuate Collection Set: 12.43ms
[394.230s][info][gc,phases   ] GC(684)   Post Evacuate Collection Set: 0.95ms
[394.230s][info][gc,phases   ] GC(684)   Other: 0.10ms
[394.230s][info][gc,heap     ] GC(684) Eden regions: 501->0(501)
[394.230s][info][gc,heap     ] GC(684) Survivor regions: 30->30(67)
[394.230s][info][gc,heap     ] GC(684) Old regions: 45->44
[394.230s][info][gc,heap     ] GC(684) Humongous regions: 207->207
[394.230s][info][gc,metaspace] GC(684) Metaspace: 57482K(57792K)->57482K(57792K) NonClass: 49181K(49408K)->49181K(49408K) Class: 8300K(8384K)->8300K(8384K)
[394.230s][info][gc          ] GC(684) Pause Young (Mixed) (G1 Evacuation Pause) 782M->280M(885M) 14.238ms
[394.230s][info][gc,cpu      ] GC(684) User=0.03s Sys=0.00s Real=0.01s
[395.312s][info][gc,start    ] GC(685) Pause Young (Concurrent Start) (G1 Evacuation Pause)
[395.312s][info][gc,task     ] GC(685) Using 2 workers of 2 for evacuation
[395.322s][info][gc,phases   ] GC(685)   Pre Evacuate Collection Set: 0.32ms
[395.322s][info][gc,phases   ] GC(685)   Merge Heap Roots: 0.18ms
[395.322s][info][gc,phases   ] GC(685)   Evacuate Collection Set: 9.05ms
[395.322s][info][gc,phases   ] GC(685)   Post Evacuate Collection Set: 1.02ms
[395.322s][info][gc,phases   ] GC(685)   Other: 0.12ms
[395.322s][info][gc,heap     ] GC(685) Eden regions: 501->0(501)
[395.322s][info][gc,heap     ] GC(685) Survivor regions: 30->30(67)
[395.322s][info][gc,heap     ] GC(685) Old regions: 44->44
[395.322s][info][gc,heap     ] GC(685) Humongous regions: 207->207
[395.322s][info][gc,metaspace] GC(685) Metaspace: 57482K(57792K)->57482K(57792K) NonClass: 49181K(49408K)->49181K(49408K) Class: 8300K(8384K)->8300K(8384K)
[395.322s][info][gc          ] GC(685) Pause Young (Concurrent Start) (G1 Evacuation Pause) 781M->280M(885M) 10.942ms
[395.322s][info][gc,cpu      ] GC(685) User=0.02s Sys=0.00s Real=0.01s
[395.322s][info][gc          ] GC(686) Concurrent Mark Cycle
[395.323s][info][gc,marking  ] GC(686) Concurrent Scan Root Regions
[395.331s][info][gc,marking  ] GC(686) Concurrent Scan Root Regions 7.526ms
[395.331s][info][gc,marking  ] GC(686) Concurrent Mark
[395.331s][info][gc,marking  ] GC(686) Concurrent Mark From Roots
[395.331s][info][gc,task     ] GC(686) Using 1 workers of 1 for marking
[395.399s][info][gc,marking  ] GC(686) Concurrent Mark From Roots 67.818ms
[395.399s][info][gc,marking  ] GC(686) Concurrent Preclean
[395.399s][info][gc,marking  ] GC(686) Concurrent Preclean 0.056ms
[395.399s][info][gc,start    ] GC(686) Pause Remark
[395.410s][info][gc          ] GC(686) Pause Remark 320M->320M(885M) 11.117ms
[395.410s][info][gc,cpu      ] GC(686) User=0.02s Sys=0.00s Real=0.01s
[395.412s][info][gc,marking  ] GC(686) Concurrent Mark 80.619ms
[395.412s][info][gc,marking  ] GC(686) Concurrent Rebuild Remembered Sets and Scrub Regions
[395.442s][info][gc,marking  ] GC(686) Concurrent Rebuild Remembered Sets and Scrub Regions 30.515ms
[395.442s][info][gc,start    ] GC(686) Pause Cleanup
[395.442s][info][gc          ] GC(686) Pause Cleanup 341M->341M(885M) 0.086ms
[395.442s][info][gc,cpu      ] GC(686) User=0.00s Sys=0.00s Real=0.00s
[395.443s][info][gc,marking  ] GC(686) Concurrent Clear Claimed Marks
[395.443s][info][gc,marking  ] GC(686) Concurrent Clear Claimed Marks 0.100ms
[395.443s][info][gc,marking  ] GC(686) Concurrent Cleanup for Next Mark
[395.448s][info][gc,marking  ] GC(686) Concurrent Cleanup for Next Mark 5.007ms
[395.448s][info][gc          ] GC(686) Concurrent Mark Cycle 125.260ms
[396.408s][info][gc,start    ] GC(687) Pause Young (Prepare Mixed) (G1 Evacuation Pause)
[396.408s][info][gc,task     ] GC(687) Using 2 workers of 2 for evacuation
[396.418s][info][gc,phases   ] GC(687)   Pre Evacuate Collection Set: 0.33ms
[396.418s][info][gc,phases   ] GC(687)   Merge Heap Roots: 0.19ms
[396.418s][info][gc,phases   ] GC(687)   Evacuate Collection Set: 8.43ms
[396.418s][info][gc,phases   ] GC(687)   Post Evacuate Collection Set: 0.96ms
[396.418s][info][gc,phases   ] GC(687)   Other: 0.10ms
[396.418s][info][gc,heap     ] GC(687) Eden regions: 501->0(501)
[396.418s][info][gc,heap     ] GC(687) Survivor regions: 30->30(67)
[396.418s][info][gc,heap     ] GC(687) Old regions: 44->44
[396.418s][info][gc,heap     ] GC(687) Humongous regions: 207->207
[396.418s][info][gc,metaspace] GC(687) Metaspace: 57482K(57792K)->57482K(57792K) NonClass: 49181K(49408K)->49181K(49408K) Class: 8300K(8384K)->8300K(8384K)
[396.418s][info][gc          ] GC(687) Pause Young (Prepare Mixed) (G1 Evacuation Pause) 781M->280M(885M) 10.232ms
[396.418s][info][gc,cpu      ] GC(687) User=0.02s Sys=0.01s Real=0.01s
[397.509s][info][gc,start    ] GC(688) Pause Young (Mixed) (G1 Evacuation Pause)
[397.509s][info][gc,task     ] GC(688) Using 2 workers of 2 for evacuation
[397.523s][info][gc,phases   ] GC(688)   Pre Evacuate Collection Set: 0.34ms
[397.523s][info][gc,phases   ] GC(688)   Merge Heap Roots: 0.19ms
[397.523s][info][gc,phases   ] GC(688)   Evacuate Collection Set: 11.57ms
[397.523s][info][gc,phases   ] GC(688)   Post Evacuate Collection Set: 1.00ms
[397.523s][info][gc,phases   ] GC(688)   Other: 0.10ms
[397.523s][info][gc,heap     ] GC(688) Eden regions: 501->0(501)
[397.523s][info][gc,heap     ] GC(688) Survivor regions: 30->30(67)
[397.523s][info][gc,heap     ] GC(688) Old regions: 44->44
[397.523s][info][gc,heap     ] GC(688) Humongous regions: 207->207
[397.523s][info][gc,metaspace] GC(688) Metaspace: 57482K(57792K)->57482K(57792K) NonClass: 49181K(49408K)->49181K(49408K) Class: 8300K(8384K)->8300K(8384K)
[397.523s][info][gc          ] GC(688) Pause Young (Mixed) (G1 Evacuation Pause) 781M->279M(885M) 13.424ms
[397.523s][info][gc,cpu      ] GC(688) User=0.02s Sys=0.00s Real=0.01s
[398.608s][info][gc,start    ] GC(689) Pause Young (Concurrent Start) (G1 Evacuation Pause)
[398.608s][info][gc,task     ] GC(689) Using 2 workers of 2 for evacuation
[398.619s][info][gc,phases   ] GC(689)   Pre Evacuate Collection Set: 0.37ms
[398.619s][info][gc,phases   ] GC(689)   Merge Heap Roots: 0.16ms
[398.619s][info][gc,phases   ] GC(689)   Evacuate Collection Set: 9.41ms
[398.619s][info][gc,phases   ] GC(689)   Post Evacuate Collection Set: 0.93ms
[398.619s][info][gc,phases   ] GC(689)   Other: 0.13ms
[398.619s][info][gc,heap     ] GC(689) Eden regions: 501->0(501)
[398.619s][info][gc,heap     ] GC(689) Survivor regions: 30->30(67)
[398.619s][info][gc,heap     ] GC(689) Old regions: 44->44
[398.619s][info][gc,heap     ] GC(689) Humongous regions: 207->207
[398.619s][info][gc,metaspace] GC(689) Metaspace: 57482K(57792K)->57482K(57792K) NonClass: 49181K(49408K)->49181K(49408K) Class: 8300K(8384K)->8300K(8384K)
[398.619s][info][gc          ] GC(689) Pause Young (Concurrent Start) (G1 Evacuation Pause) 780M->280M(885M) 11.227ms
[398.619s][info][gc,cpu      ] GC(689) User=0.02s Sys=0.00s Real=0.01s
[398.620s][info][gc          ] GC(690) Concurrent Mark Cycle
[398.620s][info][gc,marking  ] GC(690) Concurrent Scan Root Regions
[398.629s][info][gc,marking  ] GC(690) Concurrent Scan Root Regions 9.585ms
[398.629s][info][gc,marking  ] GC(690) Concurrent Mark
[398.629s][info][gc,marking  ] GC(690) Concurrent Mark From Roots
[398.629s][info][gc,task     ] GC(690) Using 1 workers of 1 for marking
[398.699s][info][gc,marking  ] GC(690) Concurrent Mark From Roots 70.053ms
[398.699s][info][gc,marking  ] GC(690) Concurrent Preclean
[398.699s][info][gc,marking  ] GC(690) Concurrent Preclean 0.061ms
[398.699s][info][gc,start    ] GC(690) Pause Remark
[398.710s][info][gc          ] GC(690) Pause Remark 322M->322M(885M) 10.613ms
[398.710s][info][gc,cpu      ] GC(690) User=0.02s Sys=0.00s Real=0.01s
[398.711s][info][gc,marking  ] GC(690) Concurrent Mark 81.408ms
[398.711s][info][gc,marking  ] GC(690) Concurrent Rebuild Remembered Sets and Scrub Regions
[398.750s][info][gc,marking  ] GC(690) Concurrent Rebuild Remembered Sets and Scrub Regions 39.154ms
[398.751s][info][gc,start    ] GC(690) Pause Cleanup
[398.751s][info][gc          ] GC(690) Pause Cleanup 350M->350M(885M) 0.110ms
[398.751s][info][gc,cpu      ] GC(690) User=0.00s Sys=0.00s Real=0.00s
[398.751s][info][gc,marking  ] GC(690) Concurrent Clear Claimed Marks
[398.751s][info][gc,marking  ] GC(690) Concurrent Clear Claimed Marks 0.116ms
[398.751s][info][gc,marking  ] GC(690) Concurrent Cleanup for Next Mark
[398.756s][info][gc,marking  ] GC(690) Concurrent Cleanup for Next Mark 4.754ms
[398.756s][info][gc          ] GC(690) Concurrent Mark Cycle 136.301ms
[399.867s][info][gc,start    ] GC(691) Pause Young (Prepare Mixed) (G1 Evacuation Pause)
[399.867s][info][gc,task     ] GC(691) Using 2 workers of 2 for evacuation
[399.877s][info][gc,phases   ] GC(691)   Pre Evacuate Collection Set: 0.32ms
[399.877s][info][gc,phases   ] GC(691)   Merge Heap Roots: 0.17ms
[399.877s][info][gc,phases   ] GC(691)   Evacuate Collection Set: 8.40ms
[399.877s][info][gc,phases   ] GC(691)   Post Evacuate Collection Set: 0.93ms
[399.877s][info][gc,phases   ] GC(691)   Other: 0.10ms
[399.877s][info][gc,heap     ] GC(691) Eden regions: 501->0(502)
[399.877s][info][gc,heap     ] GC(691) Survivor regions: 30->29(67)
[399.877s][info][gc,heap     ] GC(691) Old regions: 44->44
[399.877s][info][gc,heap     ] GC(691) Humongous regions: 207->207
[399.877s][info][gc,metaspace] GC(691) Metaspace: 57482K(57792K)->57482K(57792K) NonClass: 49181K(49408K)->49181K(49408K) Class: 8300K(8384K)->8300K(8384K)
[399.877s][info][gc          ] GC(691) Pause Young (Prepare Mixed) (G1 Evacuation Pause) 781M->279M(885M) 10.136ms
[399.877s][info][gc,cpu      ] GC(691) User=0.02s Sys=0.00s Real=0.01s
[400.904s][info][gc,start    ] GC(692) Pause Young (Mixed) (G1 Evacuation Pause)
[400.904s][info][gc,task     ] GC(692) Using 2 workers of 2 for evacuation
[400.915s][info][gc,phases   ] GC(692)   Pre Evacuate Collection Set: 0.31ms
[400.915s][info][gc,phases   ] GC(692)   Merge Heap Roots: 0.17ms
[400.915s][info][gc,phases   ] GC(692)   Evacuate Collection Set: 9.54ms
[400.915s][info][gc,phases   ] GC(692)   Post Evacuate Collection Set: 0.93ms
[400.915s][info][gc,phases   ] GC(692)   Other: 0.11ms
[400.915s][info][gc,heap     ] GC(692) Eden regions: 502->0(501)
[400.915s][info][gc,heap     ] GC(692) Survivor regions: 29->30(67)
[400.915s][info][gc,heap     ] GC(692) Old regions: 44->44
[400.915s][info][gc,heap     ] GC(692) Humongous regions: 207->207
[400.915s][info][gc,metaspace] GC(692) Metaspace: 57482K(57792K)->57482K(57792K) NonClass: 49181K(49408K)->49181K(49408K) Class: 8300K(8384K)->8300K(8384K)
[400.915s][info][gc          ] GC(692) Pause Young (Mixed) (G1 Evacuation Pause) 781M->279M(885M) 11.303ms
[400.915s][info][gc,cpu      ] GC(692) User=0.02s Sys=0.00s Real=0.01s
[402.004s][info][gc,start    ] GC(693) Pause Young (Concurrent Start) (G1 Evacuation Pause)
[402.004s][info][gc,task     ] GC(693) Using 2 workers of 2 for evacuation
[402.014s][info][gc,phases   ] GC(693)   Pre Evacuate Collection Set: 0.35ms
[402.014s][info][gc,phases   ] GC(693)   Merge Heap Roots: 0.16ms
[402.014s][info][gc,phases   ] GC(693)   Evacuate Collection Set: 8.50ms
[402.014s][info][gc,phases   ] GC(693)   Post Evacuate Collection Set: 0.94ms
[402.014s][info][gc,phases   ] GC(693)   Other: 0.12ms
[402.014s][info][gc,heap     ] GC(693) Eden regions: 501->0(502)
[402.014s][info][gc,heap     ] GC(693) Survivor regions: 30->29(67)
[402.014s][info][gc,heap     ] GC(693) Old regions: 44->44
[402.014s][info][gc,heap     ] GC(693) Humongous regions: 207->207
[402.014s][info][gc,metaspace] GC(693) Metaspace: 57482K(57792K)->57482K(57792K) NonClass: 49181K(49408K)->49181K(49408K) Class: 8300K(8384K)->8300K(8384K)
[402.014s][info][gc          ] GC(693) Pause Young (Concurrent Start) (G1 Evacuation Pause) 780M->279M(885M) 10.328ms
[402.014s][info][gc          ] GC(694) Concurrent Mark Cycle
[402.014s][info][gc,marking  ] GC(694) Concurrent Scan Root Regions
[402.014s][info][gc,cpu      ] GC(693) User=0.02s Sys=0.00s Real=0.01s
[402.025s][info][gc,marking  ] GC(694) Concurrent Scan Root Regions 10.847ms
[402.025s][info][gc,marking  ] GC(694) Concurrent Mark
[402.025s][info][gc,marking  ] GC(694) Concurrent Mark From Roots
[402.025s][info][gc,task     ] GC(694) Using 1 workers of 1 for marking
[402.102s][info][gc,marking  ] GC(694) Concurrent Mark From Roots 76.617ms
[402.102s][info][gc,marking  ] GC(694) Concurrent Preclean
[402.102s][info][gc,marking  ] GC(694) Concurrent Preclean 0.053ms
[402.102s][info][gc,start    ] GC(694) Pause Remark
[402.114s][info][gc          ] GC(694) Pause Remark 324M->324M(885M) 11.877ms
[402.114s][info][gc,cpu      ] GC(694) User=0.02s Sys=0.00s Real=0.02s
[402.114s][info][gc,marking  ] GC(694) Concurrent Mark 88.918ms
[402.114s][info][gc,marking  ] GC(694) Concurrent Rebuild Remembered Sets and Scrub Regions
[402.132s][info][gc,marking  ] GC(694) Concurrent Rebuild Remembered Sets and Scrub Regions 17.525ms
[402.132s][info][gc,start    ] GC(694) Pause Cleanup
[402.132s][info][gc          ] GC(694) Pause Cleanup 334M->334M(885M) 0.087ms
[402.132s][info][gc,cpu      ] GC(694) User=0.00s Sys=0.00s Real=0.00s
[402.132s][info][gc,marking  ] GC(694) Concurrent Clear Claimed Marks
[402.132s][info][gc,marking  ] GC(694) Concurrent Clear Claimed Marks 0.092ms
[402.132s][info][gc,marking  ] GC(694) Concurrent Cleanup for Next Mark
[402.135s][info][gc,marking  ] GC(694) Concurrent Cleanup for Next Mark 2.768ms
[402.135s][info][gc          ] GC(694) Concurrent Mark Cycle 120.507ms
[403.104s][info][gc,start    ] GC(695) Pause Young (Prepare Mixed) (G1 Evacuation Pause)
[403.104s][info][gc,task     ] GC(695) Using 2 workers of 2 for evacuation
[403.114s][info][gc,phases   ] GC(695)   Pre Evacuate Collection Set: 0.32ms
[403.114s][info][gc,phases   ] GC(695)   Merge Heap Roots: 0.17ms
[403.114s][info][gc,phases   ] GC(695)   Evacuate Collection Set: 8.21ms
[403.114s][info][gc,phases   ] GC(695)   Post Evacuate Collection Set: 0.90ms
[403.114s][info][gc,phases   ] GC(695)   Other: 0.10ms
[403.114s][info][gc,heap     ] GC(695) Eden regions: 502->0(501)
[403.114s][info][gc,heap     ] GC(695) Survivor regions: 29->30(67)
[403.114s][info][gc,heap     ] GC(695) Old regions: 44->44
[403.114s][info][gc,heap     ] GC(695) Humongous regions: 207->207
[403.114s][info][gc,metaspace] GC(695) Metaspace: 57482K(57792K)->57482K(57792K) NonClass: 49181K(49408K)->49181K(49408K) Class: 8300K(8384K)->8300K(8384K)
[403.114s][info][gc          ] GC(695) Pause Young (Prepare Mixed) (G1 Evacuation Pause) 781M->279M(885M) 9.991ms
[403.114s][info][gc,cpu      ] GC(695) User=0.02s Sys=0.00s Real=0.01s
[404.204s][info][gc,start    ] GC(696) Pause Young (Mixed) (G1 Evacuation Pause)
[404.204s][info][gc,task     ] GC(696) Using 2 workers of 2 for evacuation
[404.216s][info][gc,phases   ] GC(696)   Pre Evacuate Collection Set: 0.33ms
[404.216s][info][gc,phases   ] GC(696)   Merge Heap Roots: 0.21ms
[404.216s][info][gc,phases   ] GC(696)   Evacuate Collection Set: 10.11ms
[404.216s][info][gc,phases   ] GC(696)   Post Evacuate Collection Set: 0.94ms
[404.216s][info][gc,phases   ] GC(696)   Other: 0.09ms
[404.216s][info][gc,heap     ] GC(696) Eden regions: 501->0(502)
[404.216s][info][gc,heap     ] GC(696) Survivor regions: 30->29(67)
[404.216s][info][gc,heap     ] GC(696) Old regions: 44->44
[404.216s][info][gc,heap     ] GC(696) Humongous regions: 207->207
[404.216s][info][gc,metaspace] GC(696) Metaspace: 57483K(57792K)->57483K(57792K) NonClass: 49182K(49408K)->49182K(49408K) Class: 8300K(8384K)->8300K(8384K)
[404.216s][info][gc          ] GC(696) Pause Young (Mixed) (G1 Evacuation Pause) 780M->279M(885M) 11.901ms
[404.216s][info][gc,cpu      ] GC(696) User=0.03s Sys=0.00s Real=0.01s
[405.398s][info][gc,start    ] GC(697) Pause Young (Concurrent Start) (G1 Evacuation Pause)
[405.398s][info][gc,task     ] GC(697) Using 2 workers of 2 for evacuation
[405.409s][info][gc,phases   ] GC(697)   Pre Evacuate Collection Set: 0.31ms
[405.409s][info][gc,phases   ] GC(697)   Merge Heap Roots: 0.15ms
[405.409s][info][gc,phases   ] GC(697)   Evacuate Collection Set: 8.68ms
[405.409s][info][gc,phases   ] GC(697)   Post Evacuate Collection Set: 1.36ms
[405.409s][info][gc,phases   ] GC(697)   Other: 0.13ms
[405.409s][info][gc,heap     ] GC(697) Eden regions: 502->0(502)
[405.409s][info][gc,heap     ] GC(697) Survivor regions: 29->29(67)
[405.409s][info][gc,heap     ] GC(697) Old regions: 44->44
[405.409s][info][gc,heap     ] GC(697) Humongous regions: 207->207
[405.409s][info][gc,metaspace] GC(697) Metaspace: 57483K(57792K)->57483K(57792K) NonClass: 49182K(49408K)->49182K(49408K) Class: 8300K(8384K)->8300K(8384K)
[405.409s][info][gc          ] GC(697) Pause Young (Concurrent Start) (G1 Evacuation Pause) 781M->279M(885M) 10.886ms
[405.409s][info][gc,cpu      ] GC(697) User=0.02s Sys=0.00s Real=0.01s
[405.409s][info][gc          ] GC(698) Concurrent Mark Cycle
[405.409s][info][gc,marking  ] GC(698) Concurrent Scan Root Regions
[405.421s][info][gc,marking  ] GC(698) Concurrent Scan Root Regions 11.255ms
[405.421s][info][gc,marking  ] GC(698) Concurrent Mark
[405.421s][info][gc,marking  ] GC(698) Concurrent Mark From Roots
[405.421s][info][gc,task     ] GC(698) Using 1 workers of 1 for marking
[405.508s][info][gc,marking  ] GC(698) Concurrent Mark From Roots 87.701ms
[405.508s][info][gc,marking  ] GC(698) Concurrent Preclean
[405.508s][info][gc,marking  ] GC(698) Concurrent Preclean 0.058ms
[405.509s][info][gc,start    ] GC(698) Pause Remark
[405.520s][info][gc          ] GC(698) Pause Remark 346M->334M(885M) 10.979ms
[405.520s][info][gc,cpu      ] GC(698) User=0.02s Sys=0.00s Real=0.01s
[405.520s][info][gc,marking  ] GC(698) Concurrent Mark 99.450ms
[405.520s][info][gc,marking  ] GC(698) Concurrent Rebuild Remembered Sets and Scrub Regions
[405.554s][info][gc,marking  ] GC(698) Concurrent Rebuild Remembered Sets and Scrub Regions 34.010ms
[405.554s][info][gc,start    ] GC(698) Pause Cleanup
[405.554s][info][gc          ] GC(698) Pause Cleanup 359M->359M(885M) 0.092ms
[405.554s][info][gc,cpu      ] GC(698) User=0.00s Sys=0.00s Real=0.00s
[405.554s][info][gc,marking  ] GC(698) Concurrent Clear Claimed Marks
[405.554s][info][gc,marking  ] GC(698) Concurrent Clear Claimed Marks 0.091ms
[405.554s][info][gc,marking  ] GC(698) Concurrent Cleanup for Next Mark
[405.562s][info][gc,marking  ] GC(698) Concurrent Cleanup for Next Mark 7.555ms
[405.562s][info][gc          ] GC(698) Concurrent Mark Cycle 152.798ms
[406.479s][info][gc,start    ] GC(699) Pause Young (Prepare Mixed) (G1 Evacuation Pause)
[406.479s][info][gc,task     ] GC(699) Using 2 workers of 2 for evacuation
[406.490s][info][gc,phases   ] GC(699)   Pre Evacuate Collection Set: 0.32ms
[406.490s][info][gc,phases   ] GC(699)   Merge Heap Roots: 0.16ms
[406.490s][info][gc,phases   ] GC(699)   Evacuate Collection Set: 9.06ms
[406.490s][info][gc,phases   ] GC(699)   Post Evacuate Collection Set: 0.89ms
[406.490s][info][gc,phases   ] GC(699)   Other: 0.12ms
[406.490s][info][gc,heap     ] GC(699) Eden regions: 502->0(529)
[406.490s][info][gc,heap     ] GC(699) Survivor regions: 29->2(67)
[406.490s][info][gc,heap     ] GC(699) Old regions: 32->60
[406.490s][info][gc,heap     ] GC(699) Humongous regions: 207->207
[406.490s][info][gc,metaspace] GC(699) Metaspace: 57483K(57792K)->57483K(57792K) NonClass: 49182K(49408K)->49182K(49408K) Class: 8300K(8384K)->8300K(8384K)
[406.490s][info][gc          ] GC(699) Pause Young (Prepare Mixed) (G1 Evacuation Pause) 769M->267M(885M) 10.758ms
[406.490s][info][gc,cpu      ] GC(699) User=0.02s Sys=0.00s Real=0.01s
[407.556s][info][gc,start    ] GC(700) Pause Young (Mixed) (G1 Evacuation Pause)
[407.556s][info][gc,task     ] GC(700) Using 2 workers of 2 for evacuation
[407.561s][info][gc,phases   ] GC(700)   Pre Evacuate Collection Set: 0.34ms
[407.562s][info][gc,phases   ] GC(700)   Merge Heap Roots: 0.16ms
[407.562s][info][gc,phases   ] GC(700)   Evacuate Collection Set: 3.54ms
[407.562s][info][gc,phases   ] GC(700)   Post Evacuate Collection Set: 0.85ms
[407.562s][info][gc,phases   ] GC(700)   Other: 0.11ms
[407.562s][info][gc,heap     ] GC(700) Eden regions: 529->0(529)
[407.562s][info][gc,heap     ] GC(700) Survivor regions: 2->2(67)
[407.562s][info][gc,heap     ] GC(700) Old regions: 60->58
[407.562s][info][gc,heap     ] GC(700) Humongous regions: 207->207
[407.562s][info][gc,metaspace] GC(700) Metaspace: 57483K(57792K)->57483K(57792K) NonClass: 49182K(49408K)->49182K(49408K) Class: 8300K(8384K)->8300K(8384K)
[407.562s][info][gc          ] GC(700) Pause Young (Mixed) (G1 Evacuation Pause) 796M->265M(885M) 5.301ms
[407.562s][info][gc,cpu      ] GC(700) User=0.01s Sys=0.00s Real=0.00s
[408.728s][info][gc,start    ] GC(701) Pause Young (Concurrent Start) (G1 Evacuation Pause)
[408.728s][info][gc,task     ] GC(701) Using 2 workers of 2 for evacuation
[408.734s][info][gc,phases   ] GC(701)   Pre Evacuate Collection Set: 0.34ms
[408.734s][info][gc,phases   ] GC(701)   Merge Heap Roots: 0.17ms
[408.734s][info][gc,phases   ] GC(701)   Evacuate Collection Set: 4.68ms
[408.734s][info][gc,phases   ] GC(701)   Post Evacuate Collection Set: 0.92ms
[408.734s][info][gc,phases   ] GC(701)   Other: 0.15ms
[408.734s][info][gc,heap     ] GC(701) Eden regions: 529->0(528)
[408.734s][info][gc,heap     ] GC(701) Survivor regions: 2->3(67)
[408.734s][info][gc,heap     ] GC(701) Old regions: 58->58
[408.734s][info][gc,heap     ] GC(701) Humongous regions: 207->207
[408.734s][info][gc,metaspace] GC(701) Metaspace: 57483K(57792K)->57483K(57792K) NonClass: 49182K(49408K)->49182K(49408K) Class: 8300K(8384K)->8300K(8384K)
[408.735s][info][gc          ] GC(701) Pause Young (Concurrent Start) (G1 Evacuation Pause) 794M->267M(885M) 6.499ms
[408.735s][info][gc          ] GC(702) Concurrent Mark Cycle
[408.735s][info][gc,marking  ] GC(702) Concurrent Scan Root Regions
[408.735s][info][gc,cpu      ] GC(701) User=0.01s Sys=0.00s Real=0.01s
[408.745s][info][gc,marking  ] GC(702) Concurrent Scan Root Regions 9.935ms
[408.745s][info][gc,marking  ] GC(702) Concurrent Mark
[408.745s][info][gc,marking  ] GC(702) Concurrent Mark From Roots
[408.745s][info][gc,task     ] GC(702) Using 1 workers of 1 for marking
[408.809s][info][gc,marking  ] GC(702) Concurrent Mark From Roots 64.681ms
[408.809s][info][gc,marking  ] GC(702) Concurrent Preclean
[408.809s][info][gc,marking  ] GC(702) Concurrent Preclean 0.074ms
[408.810s][info][gc,start    ] GC(702) Pause Remark
[408.821s][info][gc          ] GC(702) Pause Remark 292M->292M(885M) 11.101ms
[408.821s][info][gc,cpu      ] GC(702) User=0.02s Sys=0.00s Real=0.01s
[408.822s][info][gc,marking  ] GC(702) Concurrent Mark 77.274ms
[408.822s][info][gc,marking  ] GC(702) Concurrent Rebuild Remembered Sets and Scrub Regions
[408.856s][info][gc,marking  ] GC(702) Concurrent Rebuild Remembered Sets and Scrub Regions 33.901ms
[408.856s][info][gc,start    ] GC(702) Pause Cleanup
[408.856s][info][gc          ] GC(702) Pause Cleanup 315M->315M(885M) 0.094ms
[408.856s][info][gc,cpu      ] GC(702) User=0.00s Sys=0.00s Real=0.00s
[408.856s][info][gc,marking  ] GC(702) Concurrent Clear Claimed Marks
[408.856s][info][gc,marking  ] GC(702) Concurrent Clear Claimed Marks 0.097ms
[408.856s][info][gc,marking  ] GC(702) Concurrent Cleanup for Next Mark
[408.864s][info][gc,marking  ] GC(702) Concurrent Cleanup for Next Mark 7.430ms
[408.864s][info][gc          ] GC(702) Concurrent Mark Cycle 129.197ms
[409.936s][info][gc,start    ] GC(703) Pause Young (Prepare Mixed) (G1 Evacuation Pause)
[409.936s][info][gc,task     ] GC(703) Using 2 workers of 2 for evacuation
[409.940s][info][gc,phases   ] GC(703)   Pre Evacuate Collection Set: 0.33ms
[409.940s][info][gc,phases   ] GC(703)   Merge Heap Roots: 0.17ms
[409.940s][info][gc,phases   ] GC(703)   Evacuate Collection Set: 2.69ms
[409.940s][info][gc,phases   ] GC(703)   Post Evacuate Collection Set: 0.88ms
[409.940s][info][gc,phases   ] GC(703)   Other: 0.10ms
[409.940s][info][gc,heap     ] GC(703) Eden regions: 528->0(530)
[409.940s][info][gc,heap     ] GC(703) Survivor regions: 3->1(67)
[409.940s][info][gc,heap     ] GC(703) Old regions: 58->58
[409.940s][info][gc,heap     ] GC(703) Humongous regions: 207->207
[409.940s][info][gc,metaspace] GC(703) Metaspace: 57483K(57792K)->57483K(57792K) NonClass: 49182K(49408K)->49182K(49408K) Class: 8300K(8384K)->8300K(8384K)
[409.940s][info][gc          ] GC(703) Pause Young (Prepare Mixed) (G1 Evacuation Pause) 795M->265M(885M) 4.434ms
[409.940s][info][gc,cpu      ] GC(703) User=0.01s Sys=0.00s Real=0.00s
[411.130s][info][gc,start    ] GC(704) Pause Young (Mixed) (G1 Evacuation Pause)
[411.130s][info][gc,task     ] GC(704) Using 2 workers of 2 for evacuation
[411.137s][info][gc,phases   ] GC(704)   Pre Evacuate Collection Set: 0.32ms
[411.137s][info][gc,phases   ] GC(704)   Merge Heap Roots: 0.18ms
[411.137s][info][gc,phases   ] GC(704)   Evacuate Collection Set: 5.46ms
[411.137s][info][gc,phases   ] GC(704)   Post Evacuate Collection Set: 0.91ms
[411.137s][info][gc,phases   ] GC(704)   Other: 0.12ms
[411.137s][info][gc,heap     ] GC(704) Eden regions: 530->0(528)
[411.137s][info][gc,heap     ] GC(704) Survivor regions: 1->3(67)
[411.137s][info][gc,heap     ] GC(704) Old regions: 58->56
[411.137s][info][gc,heap     ] GC(704) Humongous regions: 207->207
[411.137s][info][gc,metaspace] GC(704) Metaspace: 57483K(57792K)->57483K(57792K) NonClass: 49182K(49408K)->49182K(49408K) Class: 8300K(8384K)->8300K(8384K)
[411.137s][info][gc          ] GC(704) Pause Young (Mixed) (G1 Evacuation Pause) 795M->265M(885M) 7.229ms
[411.137s][info][gc,cpu      ] GC(704) User=0.02s Sys=0.00s Real=0.01s
[412.232s][info][gc,start    ] GC(705) Pause Young (Concurrent Start) (G1 Evacuation Pause)
[412.232s][info][gc,task     ] GC(705) Using 2 workers of 2 for evacuation
[412.238s][info][gc,phases   ] GC(705)   Pre Evacuate Collection Set: 0.33ms
[412.238s][info][gc,phases   ] GC(705)   Merge Heap Roots: 0.15ms
[412.238s][info][gc,phases   ] GC(705)   Evacuate Collection Set: 4.52ms
[412.238s][info][gc,phases   ] GC(705)   Post Evacuate Collection Set: 0.90ms
[412.238s][info][gc,phases   ] GC(705)   Other: 0.12ms
[412.238s][info][gc,heap     ] GC(705) Eden regions: 528->0(528)
[412.238s][info][gc,heap     ] GC(705) Survivor regions: 3->3(67)
[412.238s][info][gc,heap     ] GC(705) Old regions: 56->56
[412.238s][info][gc,heap     ] GC(705) Humongous regions: 207->207
[412.238s][info][gc,metaspace] GC(705) Metaspace: 57483K(57792K)->57483K(57792K) NonClass: 49182K(49408K)->49182K(49408K) Class: 8300K(8384K)->8300K(8384K)
[412.238s][info][gc          ] GC(705) Pause Young (Concurrent Start) (G1 Evacuation Pause) 793M->265M(885M) 6.261ms
[412.238s][info][gc,cpu      ] GC(705) User=0.01s Sys=0.00s Real=0.01s
[412.238s][info][gc          ] GC(706) Concurrent Mark Cycle
[412.238s][info][gc,marking  ] GC(706) Concurrent Scan Root Regions
[412.245s][info][gc,marking  ] GC(706) Concurrent Scan Root Regions 6.446ms
[412.245s][info][gc,marking  ] GC(706) Concurrent Mark
[412.245s][info][gc,marking  ] GC(706) Concurrent Mark From Roots
[412.245s][info][gc,task     ] GC(706) Using 1 workers of 1 for marking
[412.314s][info][gc,marking  ] GC(706) Concurrent Mark From Roots 69.047ms
[412.314s][info][gc,marking  ] GC(706) Concurrent Preclean
[412.314s][info][gc,marking  ] GC(706) Concurrent Preclean 0.080ms
[412.314s][info][gc,start    ] GC(706) Pause Remark
[412.325s][info][gc          ] GC(706) Pause Remark 290M->290M(885M) 11.280ms
[412.325s][info][gc,cpu      ] GC(706) User=0.02s Sys=0.00s Real=0.01s
[412.326s][info][gc,marking  ] GC(706) Concurrent Mark 81.137ms
[412.326s][info][gc,marking  ] GC(706) Concurrent Rebuild Remembered Sets and Scrub Regions
[412.344s][info][gc,marking  ] GC(706) Concurrent Rebuild Remembered Sets and Scrub Regions 17.711ms
[412.344s][info][gc,start    ] GC(706) Pause Cleanup
[412.344s][info][gc          ] GC(706) Pause Cleanup 299M->299M(885M) 0.096ms
[412.344s][info][gc,cpu      ] GC(706) User=0.00s Sys=0.00s Real=0.00s
[412.344s][info][gc,marking  ] GC(706) Concurrent Clear Claimed Marks
[412.344s][info][gc,marking  ] GC(706) Concurrent Clear Claimed Marks 0.116ms
[412.344s][info][gc,marking  ] GC(706) Concurrent Cleanup for Next Mark
[412.347s][info][gc,marking  ] GC(706) Concurrent Cleanup for Next Mark 2.701ms
[412.347s][info][gc          ] GC(706) Concurrent Mark Cycle 108.706ms
[413.421s][info][gc,start    ] GC(707) Pause Young (Prepare Mixed) (G1 Evacuation Pause)
[413.421s][info][gc,task     ] GC(707) Using 2 workers of 2 for evacuation
[413.427s][info][gc,phases   ] GC(707)   Pre Evacuate Collection Set: 0.62ms
[413.427s][info][gc,phases   ] GC(707)   Merge Heap Roots: 0.32ms
[413.427s][info][gc,phases   ] GC(707)   Evacuate Collection Set: 3.94ms
[413.427s][info][gc,phases   ] GC(707)   Post Evacuate Collection Set: 0.86ms
[413.427s][info][gc,phases   ] GC(707)   Other: 0.11ms
[413.427s][info][gc,heap     ] GC(707) Eden regions: 528->0(529)
[413.427s][info][gc,heap     ] GC(707) Survivor regions: 3->2(67)
[413.427s][info][gc,heap     ] GC(707) Old regions: 56->56
[413.427s][info][gc,heap     ] GC(707) Humongous regions: 207->207
[413.427s][info][gc,metaspace] GC(707) Metaspace: 57483K(57792K)->57483K(57792K) NonClass: 49182K(49408K)->49182K(49408K) Class: 8300K(8384K)->8300K(8384K)
[413.427s][info][gc          ] GC(707) Pause Young (Prepare Mixed) (G1 Evacuation Pause) 793M->264M(885M) 6.058ms
[413.427s][info][gc,cpu      ] GC(707) User=0.01s Sys=0.00s Real=0.01s
[414.587s][info][gc,start    ] GC(708) Pause Young (Mixed) (G1 Evacuation Pause)
[414.587s][info][gc,task     ] GC(708) Using 2 workers of 2 for evacuation
[414.597s][info][gc,phases   ] GC(708)   Pre Evacuate Collection Set: 1.05ms
[414.597s][info][gc,phases   ] GC(708)   Merge Heap Roots: 2.00ms
[414.597s][info][gc,phases   ] GC(708)   Evacuate Collection Set: 5.18ms
[414.597s][info][gc,phases   ] GC(708)   Post Evacuate Collection Set: 1.49ms
[414.597s][info][gc,phases   ] GC(708)   Other: 0.12ms
[414.597s][info][gc,heap     ] GC(708) Eden regions: 529->0(529)
[414.597s][info][gc,heap     ] GC(708) Survivor regions: 2->2(67)
[414.597s][info][gc,heap     ] GC(708) Old regions: 56->54
[414.597s][info][gc,heap     ] GC(708) Humongous regions: 207->207
[414.597s][info][gc,metaspace] GC(708) Metaspace: 57483K(57792K)->57483K(57792K) NonClass: 49182K(49408K)->49182K(49408K) Class: 8300K(8384K)->8300K(8384K)
[414.597s][info][gc          ] GC(708) Pause Young (Mixed) (G1 Evacuation Pause) 793M->262M(885M) 10.146ms
[414.597s][info][gc,cpu      ] GC(708) User=0.01s Sys=0.00s Real=0.01s
[415.735s][info][gc,start    ] GC(709) Pause Young (Concurrent Start) (G1 Evacuation Pause)
[415.735s][info][gc,task     ] GC(709) Using 2 workers of 2 for evacuation
[415.742s][info][gc,phases   ] GC(709)   Pre Evacuate Collection Set: 0.46ms
[415.742s][info][gc,phases   ] GC(709)   Merge Heap Roots: 0.13ms
[415.742s][info][gc,phases   ] GC(709)   Evacuate Collection Set: 4.70ms
[415.742s][info][gc,phases   ] GC(709)   Post Evacuate Collection Set: 0.87ms
[415.742s][info][gc,phases   ] GC(709)   Other: 0.20ms
[415.742s][info][gc,heap     ] GC(709) Eden regions: 529->0(529)
[415.742s][info][gc,heap     ] GC(709) Survivor regions: 2->2(67)
[415.742s][info][gc,heap     ] GC(709) Old regions: 54->54
[415.742s][info][gc,heap     ] GC(709) Humongous regions: 207->207
[415.742s][info][gc,metaspace] GC(709) Metaspace: 57483K(57792K)->57483K(57792K) NonClass: 49182K(49408K)->49182K(49408K) Class: 8300K(8384K)->8300K(8384K)
[415.742s][info][gc          ] GC(709) Pause Young (Concurrent Start) (G1 Evacuation Pause) 791M->262M(885M) 6.577ms
[415.742s][info][gc          ] GC(710) Concurrent Mark Cycle
[415.742s][info][gc,marking  ] GC(710) Concurrent Scan Root Regions
[415.743s][info][gc,cpu      ] GC(709) User=0.01s Sys=0.00s Real=0.00s
[415.749s][info][gc,marking  ] GC(710) Concurrent Scan Root Regions 6.715ms
[415.749s][info][gc,marking  ] GC(710) Concurrent Mark
[415.749s][info][gc,marking  ] GC(710) Concurrent Mark From Roots
[415.749s][info][gc,task     ] GC(710) Using 1 workers of 1 for marking
[415.807s][info][gc,marking  ] GC(710) Concurrent Mark From Roots 58.095ms
[415.807s][info][gc,marking  ] GC(710) Concurrent Preclean
[415.807s][info][gc,marking  ] GC(710) Concurrent Preclean 0.078ms
[415.807s][info][gc,start    ] GC(710) Pause Remark
[415.818s][info][gc          ] GC(710) Pause Remark 285M->285M(877M) 11.245ms
[415.818s][info][gc,cpu      ] GC(710) User=0.02s Sys=0.00s Real=0.01s
[415.819s][info][gc,marking  ] GC(710) Concurrent Mark 70.146ms
[415.819s][info][gc,marking  ] GC(710) Concurrent Rebuild Remembered Sets and Scrub Regions
[415.854s][info][gc,marking  ] GC(710) Concurrent Rebuild Remembered Sets and Scrub Regions 35.657ms
[415.855s][info][gc,start    ] GC(710) Pause Cleanup
[415.855s][info][gc          ] GC(710) Pause Cleanup 305M->305M(877M) 0.100ms
[415.855s][info][gc,cpu      ] GC(710) User=0.00s Sys=0.00s Real=0.00s
[415.855s][info][gc,marking  ] GC(710) Concurrent Clear Claimed Marks
[415.855s][info][gc,marking  ] GC(710) Concurrent Clear Claimed Marks 0.094ms
[415.855s][info][gc,marking  ] GC(710) Concurrent Cleanup for Next Mark
[415.858s][info][gc,marking  ] GC(710) Concurrent Cleanup for Next Mark 2.669ms
[415.858s][info][gc          ] GC(710) Concurrent Mark Cycle 115.862ms
[416.910s][info][gc,start    ] GC(711) Pause Young (Prepare Mixed) (G1 Evacuation Pause)
[416.910s][info][gc,task     ] GC(711) Using 2 workers of 2 for evacuation
[416.915s][info][gc,phases   ] GC(711)   Pre Evacuate Collection Set: 0.35ms
[416.915s][info][gc,phases   ] GC(711)   Merge Heap Roots: 0.21ms
[416.915s][info][gc,phases   ] GC(711)   Evacuate Collection Set: 3.07ms
[416.915s][info][gc,phases   ] GC(711)   Post Evacuate Collection Set: 0.92ms
[416.915s][info][gc,phases   ] GC(711)   Other: 0.10ms
[416.915s][info][gc,heap     ] GC(711) Eden regions: 524->0(525)
[416.915s][info][gc,heap     ] GC(711) Survivor regions: 2->1(66)
[416.915s][info][gc,heap     ] GC(711) Old regions: 54->55
[416.915s][info][gc,heap     ] GC(711) Humongous regions: 207->207
[416.915s][info][gc,metaspace] GC(711) Metaspace: 57483K(57792K)->57483K(57792K) NonClass: 49182K(49408K)->49182K(49408K) Class: 8300K(8384K)->8300K(8384K)
[416.915s][info][gc          ] GC(711) Pause Young (Prepare Mixed) (G1 Evacuation Pause) 786M->261M(877M) 4.878ms
[416.915s][info][gc,cpu      ] GC(711) User=0.01s Sys=0.00s Real=0.01s
[418.038s][info][gc,start    ] GC(712) Pause Young (Mixed) (G1 Evacuation Pause)
[418.038s][info][gc,task     ] GC(712) Using 2 workers of 2 for evacuation
[418.045s][info][gc,phases   ] GC(712)   Pre Evacuate Collection Set: 0.32ms
[418.045s][info][gc,phases   ] GC(712)   Merge Heap Roots: 0.16ms
[418.045s][info][gc,phases   ] GC(712)   Evacuate Collection Set: 4.77ms
[418.045s][info][gc,phases   ] GC(712)   Post Evacuate Collection Set: 0.85ms
[418.045s][info][gc,phases   ] GC(712)   Other: 0.15ms
[418.045s][info][gc,heap     ] GC(712) Eden regions: 525->0(523)
[418.045s][info][gc,heap     ] GC(712) Survivor regions: 1->3(66)
[418.045s][info][gc,heap     ] GC(712) Old regions: 55->53
[418.045s][info][gc,heap     ] GC(712) Humongous regions: 207->207
[418.045s][info][gc,metaspace] GC(712) Metaspace: 57483K(57792K)->57483K(57792K) NonClass: 49182K(49408K)->49182K(49408K) Class: 8300K(8384K)->8300K(8384K)
[418.045s][info][gc          ] GC(712) Pause Young (Mixed) (G1 Evacuation Pause) 786M->260M(877M) 6.478ms
[418.045s][info][gc,cpu      ] GC(712) User=0.02s Sys=0.00s Real=0.01s
[419.214s][info][gc,start    ] GC(713) Pause Young (Concurrent Start) (G1 Evacuation Pause)
[419.214s][info][gc,task     ] GC(713) Using 2 workers of 2 for evacuation
[419.224s][info][gc,phases   ] GC(713)   Pre Evacuate Collection Set: 0.39ms
[419.224s][info][gc,phases   ] GC(713)   Merge Heap Roots: 0.17ms
[419.224s][info][gc,phases   ] GC(713)   Evacuate Collection Set: 8.57ms
[419.224s][info][gc,phases   ] GC(713)   Post Evacuate Collection Set: 1.39ms
[419.224s][info][gc,phases   ] GC(713)   Other: 0.14ms
[419.224s][info][gc,heap     ] GC(713) Eden regions: 523->0(525)
[419.224s][info][gc,heap     ] GC(713) Survivor regions: 3->1(66)
[419.224s][info][gc,heap     ] GC(713) Old regions: 53->53
[419.224s][info][gc,heap     ] GC(713) Humongous regions: 207->207
[419.224s][info][gc,metaspace] GC(713) Metaspace: 57486K(57792K)->57486K(57792K) NonClass: 49185K(49408K)->49185K(49408K) Class: 8300K(8384K)->8300K(8384K)
[419.225s][info][gc          ] GC(713) Pause Young (Concurrent Start) (G1 Evacuation Pause) 783M->259M(877M) 10.932ms
[419.225s][info][gc          ] GC(714) Concurrent Mark Cycle
[419.225s][info][gc,marking  ] GC(714) Concurrent Scan Root Regions
[419.227s][info][gc,cpu      ] GC(713) User=0.02s Sys=0.00s Real=0.01s
[419.236s][info][gc,marking  ] GC(714) Concurrent Scan Root Regions 11.036ms
[419.236s][info][gc,marking  ] GC(714) Concurrent Mark
[419.236s][info][gc,marking  ] GC(714) Concurrent Mark From Roots
[419.236s][info][gc,task     ] GC(714) Using 1 workers of 1 for marking
[419.306s][info][gc,marking  ] GC(714) Concurrent Mark From Roots 70.464ms
[419.306s][info][gc,marking  ] GC(714) Concurrent Preclean
[419.306s][info][gc,marking  ] GC(714) Concurrent Preclean 0.070ms
[419.307s][info][gc,start    ] GC(714) Pause Remark
[419.318s][info][gc          ] GC(714) Pause Remark 300M->300M(870M) 11.281ms
[419.318s][info][gc,cpu      ] GC(714) User=0.02s Sys=0.00s Real=0.01s
[419.319s][info][gc,marking  ] GC(714) Concurrent Mark 83.193ms
[419.319s][info][gc,marking  ] GC(714) Concurrent Rebuild Remembered Sets and Scrub Regions
[419.360s][info][gc,marking  ] GC(714) Concurrent Rebuild Remembered Sets and Scrub Regions 40.633ms
[419.360s][info][gc,start    ] GC(714) Pause Cleanup
[419.360s][info][gc          ] GC(714) Pause Cleanup 329M->329M(870M) 0.117ms
[419.360s][info][gc,cpu      ] GC(714) User=0.00s Sys=0.00s Real=0.00s
[419.361s][info][gc,marking  ] GC(714) Concurrent Clear Claimed Marks
[419.361s][info][gc,marking  ] GC(714) Concurrent Clear Claimed Marks 0.098ms
[419.361s][info][gc,marking  ] GC(714) Concurrent Cleanup for Next Mark
[419.368s][info][gc,marking  ] GC(714) Concurrent Cleanup for Next Mark 6.954ms
[419.368s][info][gc          ] GC(714) Concurrent Mark Cycle 143.081ms
[420.339s][info][gc,start    ] GC(715) Pause Young (Prepare Mixed) (G1 Evacuation Pause)
[420.339s][info][gc,task     ] GC(715) Using 2 workers of 2 for evacuation
[420.345s][info][gc,phases   ] GC(715)   Pre Evacuate Collection Set: 0.32ms
[420.345s][info][gc,phases   ] GC(715)   Merge Heap Roots: 0.19ms
[420.345s][info][gc,phases   ] GC(715)   Evacuate Collection Set: 4.88ms
[420.345s][info][gc,phases   ] GC(715)   Post Evacuate Collection Set: 0.93ms
[420.345s][info][gc,phases   ] GC(715)   Other: 0.13ms
[420.345s][info][gc,heap     ] GC(715) Eden regions: 521->0(519)
[420.345s][info][gc,heap     ] GC(715) Survivor regions: 1->3(66)
[420.345s][info][gc,heap     ] GC(715) Old regions: 53->54
[420.345s][info][gc,heap     ] GC(715) Humongous regions: 207->207
[420.345s][info][gc,metaspace] GC(715) Metaspace: 57486K(57792K)->57486K(57792K) NonClass: 49185K(49408K)->49185K(49408K) Class: 8300K(8384K)->8300K(8384K)
[420.345s][info][gc          ] GC(715) Pause Young (Prepare Mixed) (G1 Evacuation Pause) 780M->261M(870M) 6.697ms
[420.345s][info][gc,cpu      ] GC(715) User=0.01s Sys=0.00s Real=0.01s
[421.507s][info][gc,start    ] GC(716) Pause Young (Mixed) (G1 Evacuation Pause)
[421.507s][info][gc,task     ] GC(716) Using 2 workers of 2 for evacuation
[421.512s][info][gc,phases   ] GC(716)   Pre Evacuate Collection Set: 0.35ms
[421.512s][info][gc,phases   ] GC(716)   Merge Heap Roots: 0.15ms
[421.512s][info][gc,phases   ] GC(716)   Evacuate Collection Set: 3.27ms
[421.512s][info][gc,phases   ] GC(716)   Post Evacuate Collection Set: 0.91ms
[421.512s][info][gc,phases   ] GC(716)   Other: 0.14ms
[421.512s][info][gc,heap     ] GC(716) Eden regions: 519->0(521)
[421.512s][info][gc,heap     ] GC(716) Survivor regions: 3->1(66)
[421.512s][info][gc,heap     ] GC(716) Old regions: 54->52
[421.512s][info][gc,heap     ] GC(716) Humongous regions: 207->207
[421.512s][info][gc,metaspace] GC(716) Metaspace: 57486K(57792K)->57486K(57792K) NonClass: 49185K(49408K)->49185K(49408K) Class: 8300K(8384K)->8300K(8384K)
[421.512s][info][gc          ] GC(716) Pause Young (Mixed) (G1 Evacuation Pause) 780M->257M(870M) 5.082ms
[421.512s][info][gc,cpu      ] GC(716) User=0.01s Sys=0.00s Real=0.00s
[422.727s][info][gc,start    ] GC(717) Pause Young (Concurrent Start) (G1 Evacuation Pause)
[422.727s][info][gc,task     ] GC(717) Using 2 workers of 2 for evacuation
[422.733s][info][gc,phases   ] GC(717)   Pre Evacuate Collection Set: 0.32ms
[422.733s][info][gc,phases   ] GC(717)   Merge Heap Roots: 0.19ms
[422.733s][info][gc,phases   ] GC(717)   Evacuate Collection Set: 4.72ms
[422.733s][info][gc,phases   ] GC(717)   Post Evacuate Collection Set: 0.86ms
[422.733s][info][gc,phases   ] GC(717)   Other: 0.12ms
[422.733s][info][gc,heap     ] GC(717) Eden regions: 521->0(519)
[422.733s][info][gc,heap     ] GC(717) Survivor regions: 1->3(66)
[422.733s][info][gc,heap     ] GC(717) Old regions: 52->52
[422.733s][info][gc,heap     ] GC(717) Humongous regions: 207->207
[422.733s][info][gc,metaspace] GC(717) Metaspace: 57486K(57792K)->57486K(57792K) NonClass: 49185K(49408K)->49185K(49408K) Class: 8300K(8384K)->8300K(8384K)
[422.733s][info][gc          ] GC(717) Pause Young (Concurrent Start) (G1 Evacuation Pause) 778M->259M(870M) 6.415ms
[422.733s][info][gc,cpu      ] GC(717) User=0.01s Sys=0.00s Real=0.00s
[422.736s][info][gc          ] GC(718) Concurrent Mark Cycle
[422.739s][info][gc,marking  ] GC(718) Concurrent Scan Root Regions
[422.746s][info][gc,marking  ] GC(718) Concurrent Scan Root Regions 6.586ms
[422.746s][info][gc,marking  ] GC(718) Concurrent Mark
[422.746s][info][gc,marking  ] GC(718) Concurrent Mark From Roots
[422.746s][info][gc,task     ] GC(718) Using 1 workers of 1 for marking
[422.798s][info][gc,marking  ] GC(718) Concurrent Mark From Roots 51.823ms
[422.798s][info][gc,marking  ] GC(718) Concurrent Preclean
[422.798s][info][gc,marking  ] GC(718) Concurrent Preclean 0.079ms
[422.798s][info][gc,start    ] GC(718) Pause Remark
[422.809s][info][gc          ] GC(718) Pause Remark 283M->283M(870M) 10.796ms
[422.809s][info][gc,cpu      ] GC(718) User=0.02s Sys=0.00s Real=0.01s
[422.809s][info][gc,marking  ] GC(718) Concurrent Mark 63.639ms
[422.809s][info][gc,marking  ] GC(718) Concurrent Rebuild Remembered Sets and Scrub Regions
[422.847s][info][gc,marking  ] GC(718) Concurrent Rebuild Remembered Sets and Scrub Regions 37.398ms
[422.847s][info][gc,start    ] GC(718) Pause Cleanup
[422.847s][info][gc          ] GC(718) Pause Cleanup 311M->311M(870M) 0.116ms
[422.847s][info][gc,cpu      ] GC(718) User=0.00s Sys=0.00s Real=0.00s
[422.847s][info][gc,marking  ] GC(718) Concurrent Clear Claimed Marks
[422.848s][info][gc,marking  ] GC(718) Concurrent Clear Claimed Marks 0.122ms
[422.848s][info][gc,marking  ] GC(718) Concurrent Cleanup for Next Mark
[422.852s][info][gc,marking  ] GC(718) Concurrent Cleanup for Next Mark 4.767ms
[422.852s][info][gc          ] GC(718) Concurrent Mark Cycle 116.796ms
[423.907s][info][gc,start    ] GC(719) Pause Young (Prepare Mixed) (G1 Evacuation Pause)
[423.907s][info][gc,task     ] GC(719) Using 2 workers of 2 for evacuation
[423.913s][info][gc,phases   ] GC(719)   Pre Evacuate Collection Set: 0.48ms
[423.913s][info][gc,phases   ] GC(719)   Merge Heap Roots: 0.16ms
[423.913s][info][gc,phases   ] GC(719)   Evacuate Collection Set: 3.72ms
[423.913s][info][gc,phases   ] GC(719)   Post Evacuate Collection Set: 0.87ms
[423.913s][info][gc,phases   ] GC(719)   Other: 0.13ms
[423.913s][info][gc,heap     ] GC(719) Eden regions: 519->0(520)
[423.913s][info][gc,heap     ] GC(719) Survivor regions: 3->2(66)
[423.913s][info][gc,heap     ] GC(719) Old regions: 52->52
[423.913s][info][gc,heap     ] GC(719) Humongous regions: 207->207
[423.913s][info][gc,metaspace] GC(719) Metaspace: 57486K(57792K)->57486K(57792K) NonClass: 49185K(49408K)->49185K(49408K) Class: 8300K(8384K)->8300K(8384K)
[423.913s][info][gc          ] GC(719) Pause Young (Prepare Mixed) (G1 Evacuation Pause) 778M->258M(870M) 5.560ms
[423.913s][info][gc,cpu      ] GC(719) User=0.01s Sys=0.00s Real=0.00s
[425.029s][info][gc,start    ] GC(720) Pause Young (Mixed) (G1 Evacuation Pause)
[425.029s][info][gc,task     ] GC(720) Using 2 workers of 2 for evacuation
[425.034s][info][gc,phases   ] GC(720)   Pre Evacuate Collection Set: 0.31ms
[425.034s][info][gc,phases   ] GC(720)   Merge Heap Roots: 0.17ms
[425.034s][info][gc,phases   ] GC(720)   Evacuate Collection Set: 3.57ms
[425.034s][info][gc,phases   ] GC(720)   Post Evacuate Collection Set: 0.84ms
[425.034s][info][gc,phases   ] GC(720)   Other: 0.10ms
[425.034s][info][gc,heap     ] GC(720) Eden regions: 520->0(520)
[425.034s][info][gc,heap     ] GC(720) Survivor regions: 2->2(66)
[425.034s][info][gc,heap     ] GC(720) Old regions: 52->51
[425.034s][info][gc,heap     ] GC(720) Humongous regions: 207->207
[425.034s][info][gc,metaspace] GC(720) Metaspace: 57486K(57792K)->57486K(57792K) NonClass: 49185K(49408K)->49185K(49408K) Class: 8300K(8384K)->8300K(8384K)
[425.034s][info][gc          ] GC(720) Pause Young (Mixed) (G1 Evacuation Pause) 778M->258M(870M) 5.183ms
[425.034s][info][gc,cpu      ] GC(720) User=0.01s Sys=0.00s Real=0.01s
[426.138s][info][gc,start    ] GC(721) Pause Young (Concurrent Start) (G1 Evacuation Pause)
[426.138s][info][gc,task     ] GC(721) Using 2 workers of 2 for evacuation
[426.144s][info][gc,phases   ] GC(721)   Pre Evacuate Collection Set: 0.31ms
[426.144s][info][gc,phases   ] GC(721)   Merge Heap Roots: 0.16ms
[426.144s][info][gc,phases   ] GC(721)   Evacuate Collection Set: 4.65ms
[426.144s][info][gc,phases   ] GC(721)   Post Evacuate Collection Set: 0.83ms
[426.144s][info][gc,phases   ] GC(721)   Other: 0.12ms
[426.144s][info][gc,heap     ] GC(721) Eden regions: 520->0(519)
[426.144s][info][gc,heap     ] GC(721) Survivor regions: 2->3(66)
[426.144s][info][gc,heap     ] GC(721) Old regions: 51->51
[426.144s][info][gc,heap     ] GC(721) Humongous regions: 207->207
[426.144s][info][gc,metaspace] GC(721) Metaspace: 57486K(57792K)->57486K(57792K) NonClass: 49185K(49408K)->49185K(49408K) Class: 8300K(8384K)->8300K(8384K)
[426.144s][info][gc          ] GC(721) Pause Young (Concurrent Start) (G1 Evacuation Pause) 778M->259M(870M) 6.258ms
[426.144s][info][gc          ] GC(722) Concurrent Mark Cycle
[426.144s][info][gc,marking  ] GC(722) Concurrent Scan Root Regions
[426.144s][info][gc,cpu      ] GC(721) User=0.01s Sys=0.00s Real=0.01s
[426.151s][info][gc,marking  ] GC(722) Concurrent Scan Root Regions 7.473ms
[426.154s][info][gc,marking  ] GC(722) Concurrent Mark
[426.154s][info][gc,marking  ] GC(722) Concurrent Mark From Roots
[426.154s][info][gc,task     ] GC(722) Using 1 workers of 1 for marking
[426.224s][info][gc,marking  ] GC(722) Concurrent Mark From Roots 70.778ms
[426.224s][info][gc,marking  ] GC(722) Concurrent Preclean
[426.225s][info][gc,marking  ] GC(722) Concurrent Preclean 0.070ms
[426.225s][info][gc,start    ] GC(722) Pause Remark
[426.236s][info][gc          ] GC(722) Pause Remark 291M->291M(870M) 10.761ms
[426.236s][info][gc,cpu      ] GC(722) User=0.02s Sys=0.00s Real=0.01s
[426.236s][info][gc,marking  ] GC(722) Concurrent Mark 82.522ms
[426.237s][info][gc,marking  ] GC(722) Concurrent Rebuild Remembered Sets and Scrub Regions
[426.270s][info][gc,marking  ] GC(722) Concurrent Rebuild Remembered Sets and Scrub Regions 32.722ms
[426.270s][info][gc,start    ] GC(722) Pause Cleanup
[426.270s][info][gc          ] GC(722) Pause Cleanup 314M->314M(870M) 0.104ms
[426.270s][info][gc,cpu      ] GC(722) User=0.00s Sys=0.00s Real=0.00s
[426.270s][info][gc,marking  ] GC(722) Concurrent Clear Claimed Marks
[426.270s][info][gc,marking  ] GC(722) Concurrent Clear Claimed Marks 0.105ms
[426.270s][info][gc,marking  ] GC(722) Concurrent Cleanup for Next Mark
[426.275s][info][gc,marking  ] GC(722) Concurrent Cleanup for Next Mark 5.032ms
[426.275s][info][gc          ] GC(722) Concurrent Mark Cycle 131.471ms
[427.255s][info][gc,start    ] GC(723) Pause Young (Prepare Mixed) (G1 Evacuation Pause)
[427.255s][info][gc,task     ] GC(723) Using 2 workers of 2 for evacuation
[427.258s][info][gc,phases   ] GC(723)   Pre Evacuate Collection Set: 0.31ms
[427.258s][info][gc,phases   ] GC(723)   Merge Heap Roots: 0.18ms
[427.258s][info][gc,phases   ] GC(723)   Evacuate Collection Set: 2.29ms
[427.258s][info][gc,phases   ] GC(723)   Post Evacuate Collection Set: 0.80ms
[427.258s][info][gc,phases   ] GC(723)   Other: 0.09ms
[427.258s][info][gc,heap     ] GC(723) Eden regions: 519->0(521)
[427.259s][info][gc,heap     ] GC(723) Survivor regions: 3->1(66)
[427.259s][info][gc,heap     ] GC(723) Old regions: 51->52
[427.259s][info][gc,heap     ] GC(723) Humongous regions: 207->207
[427.259s][info][gc,metaspace] GC(723) Metaspace: 57486K(57792K)->57486K(57792K) NonClass: 49185K(49408K)->49185K(49408K) Class: 8300K(8384K)->8300K(8384K)
[427.259s][info][gc          ] GC(723) Pause Young (Prepare Mixed) (G1 Evacuation Pause) 778M->257M(870M) 3.910ms
[427.259s][info][gc,cpu      ] GC(723) User=0.00s Sys=0.00s Real=0.00s
[428.423s][info][gc,start    ] GC(724) Pause Young (Mixed) (G1 Evacuation Pause)
[428.423s][info][gc,task     ] GC(724) Using 2 workers of 2 for evacuation
[428.429s][info][gc,phases   ] GC(724)   Pre Evacuate Collection Set: 0.33ms
[428.429s][info][gc,phases   ] GC(724)   Merge Heap Roots: 0.18ms
[428.429s][info][gc,phases   ] GC(724)   Evacuate Collection Set: 4.31ms
[428.429s][info][gc,phases   ] GC(724)   Post Evacuate Collection Set: 0.83ms
[428.429s][info][gc,phases   ] GC(724)   Other: 0.09ms
[428.429s][info][gc,heap     ] GC(724) Eden regions: 521->0(520)
[428.429s][info][gc,heap     ] GC(724) Survivor regions: 1->2(66)
[428.429s][info][gc,heap     ] GC(724) Old regions: 52->51
[428.429s][info][gc,heap     ] GC(724) Humongous regions: 207->207
[428.429s][info][gc,metaspace] GC(724) Metaspace: 57486K(57792K)->57486K(57792K) NonClass: 49185K(49408K)->49185K(49408K) Class: 8300K(8384K)->8300K(8384K)
[428.429s][info][gc          ] GC(724) Pause Young (Mixed) (G1 Evacuation Pause) 778M->258M(870M) 5.952ms
[428.429s][info][gc,cpu      ] GC(724) User=0.02s Sys=0.00s Real=0.01s
[429.581s][info][gc,start    ] GC(725) Pause Young (Concurrent Start) (G1 Evacuation Pause)
[429.581s][info][gc,task     ] GC(725) Using 2 workers of 2 for evacuation
[429.587s][info][gc,phases   ] GC(725)   Pre Evacuate Collection Set: 0.34ms
[429.587s][info][gc,phases   ] GC(725)   Merge Heap Roots: 0.15ms
[429.587s][info][gc,phases   ] GC(725)   Evacuate Collection Set: 3.83ms
[429.587s][info][gc,phases   ] GC(725)   Post Evacuate Collection Set: 0.82ms
[429.587s][info][gc,phases   ] GC(725)   Other: 0.12ms
[429.587s][info][gc,heap     ] GC(725) Eden regions: 520->0(520)
[429.587s][info][gc,heap     ] GC(725) Survivor regions: 2->2(66)
[429.587s][info][gc,heap     ] GC(725) Old regions: 51->51
[429.587s][info][gc,heap     ] GC(725) Humongous regions: 207->207
[429.587s][info][gc,metaspace] GC(725) Metaspace: 57486K(57792K)->57486K(57792K) NonClass: 49185K(49408K)->49185K(49408K) Class: 8300K(8384K)->8300K(8384K)
[429.587s][info][gc          ] GC(725) Pause Young (Concurrent Start) (G1 Evacuation Pause) 778M->258M(870M) 5.454ms
[429.587s][info][gc,cpu      ] GC(725) User=0.01s Sys=0.00s Real=0.01s
[429.587s][info][gc          ] GC(726) Concurrent Mark Cycle
[429.587s][info][gc,marking  ] GC(726) Concurrent Scan Root Regions
[429.591s][info][gc,marking  ] GC(726) Concurrent Scan Root Regions 3.731ms
[429.591s][info][gc,marking  ] GC(726) Concurrent Mark
[429.591s][info][gc,marking  ] GC(726) Concurrent Mark From Roots
[429.591s][info][gc,task     ] GC(726) Using 1 workers of 1 for marking
[429.653s][info][gc,marking  ] GC(726) Concurrent Mark From Roots 61.941ms
[429.653s][info][gc,marking  ] GC(726) Concurrent Preclean
[429.653s][info][gc,marking  ] GC(726) Concurrent Preclean 0.076ms
[429.653s][info][gc,start    ] GC(726) Pause Remark
[429.664s][info][gc          ] GC(726) Pause Remark 293M->293M(867M) 10.737ms
[429.664s][info][gc,cpu      ] GC(726) User=0.02s Sys=0.00s Real=0.02s
[429.664s][info][gc,marking  ] GC(726) Concurrent Mark 73.174ms
[429.664s][info][gc,marking  ] GC(726) Concurrent Rebuild Remembered Sets and Scrub Regions
[429.687s][info][gc,marking  ] GC(726) Concurrent Rebuild Remembered Sets and Scrub Regions 22.396ms
[429.687s][info][gc,start    ] GC(726) Pause Cleanup
[429.687s][info][gc          ] GC(726) Pause Cleanup 305M->305M(867M) 0.111ms
[429.687s][info][gc,cpu      ] GC(726) User=0.00s Sys=0.00s Real=0.00s
[429.688s][info][gc,marking  ] GC(726) Concurrent Clear Claimed Marks
[429.688s][info][gc,marking  ] GC(726) Concurrent Clear Claimed Marks 0.105ms
[429.688s][info][gc,marking  ] GC(726) Concurrent Cleanup for Next Mark
[429.691s][info][gc,marking  ] GC(726) Concurrent Cleanup for Next Mark 2.629ms
[429.691s][info][gc          ] GC(726) Concurrent Mark Cycle 103.823ms
[430.729s][info][gc,start    ] GC(727) Pause Young (Prepare Mixed) (G1 Evacuation Pause)
[430.729s][info][gc,task     ] GC(727) Using 2 workers of 2 for evacuation
[430.734s][info][gc,phases   ] GC(727)   Pre Evacuate Collection Set: 0.33ms
[430.734s][info][gc,phases   ] GC(727)   Merge Heap Roots: 0.17ms
[430.734s][info][gc,phases   ] GC(727)   Evacuate Collection Set: 3.27ms
[430.734s][info][gc,phases   ] GC(727)   Post Evacuate Collection Set: 0.82ms
[430.734s][info][gc,phases   ] GC(727)   Other: 0.09ms
[430.734s][info][gc,heap     ] GC(727) Eden regions: 518->0(518)
[430.734s][info][gc,heap     ] GC(727) Survivor regions: 2->2(65)
[430.734s][info][gc,heap     ] GC(727) Old regions: 51->52
[430.734s][info][gc,heap     ] GC(727) Humongous regions: 207->207
[430.734s][info][gc,metaspace] GC(727) Metaspace: 57486K(57792K)->57486K(57792K) NonClass: 49185K(49408K)->49185K(49408K) Class: 8300K(8384K)->8300K(8384K)
[430.734s][info][gc          ] GC(727) Pause Young (Prepare Mixed) (G1 Evacuation Pause) 776M->258M(867M) 4.879ms
[430.734s][info][gc,cpu      ] GC(727) User=0.01s Sys=0.00s Real=0.01s
[431.831s][info][gc,start    ] GC(728) Pause Young (Mixed) (G1 Evacuation Pause)
[431.831s][info][gc,task     ] GC(728) Using 2 workers of 2 for evacuation
[431.839s][info][gc,phases   ] GC(728)   Pre Evacuate Collection Set: 0.32ms
[431.839s][info][gc,phases   ] GC(728)   Merge Heap Roots: 0.15ms
[431.839s][info][gc,phases   ] GC(728)   Evacuate Collection Set: 5.71ms
[431.839s][info][gc,phases   ] GC(728)   Post Evacuate Collection Set: 0.86ms
[431.839s][info][gc,phases   ] GC(728)   Other: 0.11ms
[431.839s][info][gc,heap     ] GC(728) Eden regions: 518->0(517)
[431.839s][info][gc,heap     ] GC(728) Survivor regions: 2->3(65)
[431.839s][info][gc,heap     ] GC(728) Old regions: 52->51
[431.839s][info][gc,heap     ] GC(728) Humongous regions: 207->207
[431.839s][info][gc,metaspace] GC(728) Metaspace: 57486K(57792K)->57486K(57792K) NonClass: 49185K(49408K)->49185K(49408K) Class: 8300K(8384K)->8300K(8384K)
[431.839s][info][gc          ] GC(728) Pause Young (Mixed) (G1 Evacuation Pause) 776M->259M(867M) 7.342ms
[431.839s][info][gc,cpu      ] GC(728) User=0.01s Sys=0.00s Real=0.01s
[432.963s][info][gc,start    ] GC(729) Pause Young (Concurrent Start) (G1 Evacuation Pause)
[432.963s][info][gc,task     ] GC(729) Using 2 workers of 2 for evacuation
[432.967s][info][gc,phases   ] GC(729)   Pre Evacuate Collection Set: 0.34ms
[432.967s][info][gc,phases   ] GC(729)   Merge Heap Roots: 0.14ms
[432.967s][info][gc,phases   ] GC(729)   Evacuate Collection Set: 2.80ms
[432.967s][info][gc,phases   ] GC(729)   Post Evacuate Collection Set: 0.81ms
[432.967s][info][gc,phases   ] GC(729)   Other: 0.13ms
[432.967s][info][gc,heap     ] GC(729) Eden regions: 517->0(519)
[432.967s][info][gc,heap     ] GC(729) Survivor regions: 3->1(65)
[432.967s][info][gc,heap     ] GC(729) Old regions: 51->51
[432.967s][info][gc,heap     ] GC(729) Humongous regions: 207->207
[432.967s][info][gc,metaspace] GC(729) Metaspace: 57486K(57792K)->57486K(57792K) NonClass: 49185K(49408K)->49185K(49408K) Class: 8300K(8384K)->8300K(8384K)
[432.967s][info][gc          ] GC(729) Pause Young (Concurrent Start) (G1 Evacuation Pause) 776M->257M(867M) 4.444ms
[432.967s][info][gc,cpu      ] GC(729) User=0.01s Sys=0.00s Real=0.01s
[432.967s][info][gc          ] GC(730) Concurrent Mark Cycle
[432.967s][info][gc,marking  ] GC(730) Concurrent Scan Root Regions
[432.970s][info][gc,marking  ] GC(730) Concurrent Scan Root Regions 3.025ms
[432.970s][info][gc,marking  ] GC(730) Concurrent Mark
[432.970s][info][gc,marking  ] GC(730) Concurrent Mark From Roots
[432.970s][info][gc,task     ] GC(730) Using 1 workers of 1 for marking
[433.023s][info][gc,marking  ] GC(730) Concurrent Mark From Roots 52.358ms
[433.023s][info][gc,marking  ] GC(730) Concurrent Preclean
[433.023s][info][gc,marking  ] GC(730) Concurrent Preclean 0.074ms
[433.024s][info][gc,start    ] GC(730) Pause Remark
[433.040s][info][gc          ] GC(730) Pause Remark 273M->273M(864M) 16.337ms
[433.040s][info][gc,cpu      ] GC(730) User=0.02s Sys=0.00s Real=0.01s
[433.040s][info][gc,marking  ] GC(730) Concurrent Mark 69.981ms
[433.040s][info][gc,marking  ] GC(730) Concurrent Rebuild Remembered Sets and Scrub Regions
[433.082s][info][gc,marking  ] GC(730) Concurrent Rebuild Remembered Sets and Scrub Regions 41.987ms
[433.083s][info][gc,start    ] GC(730) Pause Cleanup
[433.083s][info][gc          ] GC(730) Pause Cleanup 290M->290M(864M) 0.090ms
[433.083s][info][gc,cpu      ] GC(730) User=0.00s Sys=0.00s Real=0.00s
[433.083s][info][gc,marking  ] GC(730) Concurrent Clear Claimed Marks
[433.083s][info][gc,marking  ] GC(730) Concurrent Clear Claimed Marks 0.091ms
[433.083s][info][gc,marking  ] GC(730) Concurrent Cleanup for Next Mark
[433.089s][info][gc,marking  ] GC(730) Concurrent Cleanup for Next Mark 5.980ms
[433.089s][info][gc          ] GC(730) Concurrent Mark Cycle 121.568ms
[434.119s][info][gc,start    ] GC(731) Pause Young (Prepare Mixed) (G1 Evacuation Pause)
[434.119s][info][gc,task     ] GC(731) Using 2 workers of 2 for evacuation
[434.124s][info][gc,phases   ] GC(731)   Pre Evacuate Collection Set: 0.55ms
[434.124s][info][gc,phases   ] GC(731)   Merge Heap Roots: 0.21ms
[434.124s][info][gc,phases   ] GC(731)   Evacuate Collection Set: 3.77ms
[434.124s][info][gc,phases   ] GC(731)   Post Evacuate Collection Set: 0.91ms
[434.124s][info][gc,phases   ] GC(731)   Other: 0.10ms
[434.124s][info][gc,heap     ] GC(731) Eden regions: 517->0(516)
[434.124s][info][gc,heap     ] GC(731) Survivor regions: 1->2(65)
[434.124s][info][gc,heap     ] GC(731) Old regions: 51->52
[434.124s][info][gc,heap     ] GC(731) Humongous regions: 207->207
[434.124s][info][gc,metaspace] GC(731) Metaspace: 57486K(57792K)->57486K(57792K) NonClass: 49185K(49408K)->49185K(49408K) Class: 8300K(8384K)->8300K(8384K)
[434.124s][info][gc          ] GC(731) Pause Young (Prepare Mixed) (G1 Evacuation Pause) 774M->258M(864M) 5.761ms
[434.125s][info][gc,cpu      ] GC(731) User=0.01s Sys=0.00s Real=0.01s
[435.242s][info][gc,start    ] GC(732) Pause Young (Mixed) (G1 Evacuation Pause)
[435.242s][info][gc,task     ] GC(732) Using 2 workers of 2 for evacuation
[435.249s][info][gc,phases   ] GC(732)   Pre Evacuate Collection Set: 0.34ms
[435.249s][info][gc,phases   ] GC(732)   Merge Heap Roots: 0.16ms
[435.249s][info][gc,phases   ] GC(732)   Evacuate Collection Set: 5.11ms
[435.249s][info][gc,phases   ] GC(732)   Post Evacuate Collection Set: 0.89ms
[435.249s][info][gc,phases   ] GC(732)   Other: 0.10ms
[435.249s][info][gc,heap     ] GC(732) Eden regions: 516->0(515)
[435.249s][info][gc,heap     ] GC(732) Survivor regions: 2->3(65)
[435.249s][info][gc,heap     ] GC(732) Old regions: 52->51
[435.249s][info][gc,heap     ] GC(732) Humongous regions: 207->207
[435.249s][info][gc,metaspace] GC(732) Metaspace: 57486K(57792K)->57486K(57792K) NonClass: 49185K(49408K)->49185K(49408K) Class: 8300K(8384K)->8300K(8384K)
[435.249s][info][gc          ] GC(732) Pause Young (Mixed) (G1 Evacuation Pause) 774M->259M(864M) 6.822ms
[435.249s][info][gc,cpu      ] GC(732) User=0.01s Sys=0.00s Real=0.01s
[436.362s][info][gc,start    ] GC(733) Pause Young (Concurrent Start) (G1 Evacuation Pause)
[436.362s][info][gc,task     ] GC(733) Using 2 workers of 2 for evacuation
[436.366s][info][gc,phases   ] GC(733)   Pre Evacuate Collection Set: 0.31ms
[436.366s][info][gc,phases   ] GC(733)   Merge Heap Roots: 0.17ms
[436.366s][info][gc,phases   ] GC(733)   Evacuate Collection Set: 2.76ms
[436.366s][info][gc,phases   ] GC(733)   Post Evacuate Collection Set: 0.96ms
[436.366s][info][gc,phases   ] GC(733)   Other: 0.14ms
[436.366s][info][gc,heap     ] GC(733) Eden regions: 515->0(517)
[436.366s][info][gc,heap     ] GC(733) Survivor regions: 3->1(65)
[436.366s][info][gc,heap     ] GC(733) Old regions: 51->51
[436.366s][info][gc,heap     ] GC(733) Humongous regions: 207->207
[436.366s][info][gc,metaspace] GC(733) Metaspace: 57486K(57792K)->57486K(57792K) NonClass: 49185K(49408K)->49185K(49408K) Class: 8300K(8384K)->8300K(8384K)
[436.367s][info][gc          ] GC(733) Pause Young (Concurrent Start) (G1 Evacuation Pause) 774M->257M(864M) 4.565ms
[436.367s][info][gc,cpu      ] GC(733) User=0.01s Sys=0.00s Real=0.01s
[436.367s][info][gc          ] GC(734) Concurrent Mark Cycle
[436.367s][info][gc,marking  ] GC(734) Concurrent Scan Root Regions
[436.369s][info][gc,marking  ] GC(734) Concurrent Scan Root Regions 2.419ms
[436.369s][info][gc,marking  ] GC(734) Concurrent Mark
[436.369s][info][gc,marking  ] GC(734) Concurrent Mark From Roots
[436.369s][info][gc,task     ] GC(734) Using 1 workers of 1 for marking
[436.437s][info][gc,marking  ] GC(734) Concurrent Mark From Roots 67.415ms
[436.437s][info][gc,marking  ] GC(734) Concurrent Preclean
[436.437s][info][gc,marking  ] GC(734) Concurrent Preclean 0.070ms
[436.437s][info][gc,start    ] GC(734) Pause Remark
[436.447s][info][gc          ] GC(734) Pause Remark 281M->281M(864M) 10.674ms
[436.448s][info][gc,cpu      ] GC(734) User=0.02s Sys=0.00s Real=0.01s
[436.449s][info][gc,marking  ] GC(734) Concurrent Mark 80.045ms
[436.449s][info][gc,marking  ] GC(734) Concurrent Rebuild Remembered Sets and Scrub Regions
[436.482s][info][gc,marking  ] GC(734) Concurrent Rebuild Remembered Sets and Scrub Regions 32.478ms
[436.482s][info][gc,start    ] GC(734) Pause Cleanup
[436.482s][info][gc          ] GC(734) Pause Cleanup 300M->300M(864M) 0.115ms
[436.482s][info][gc,cpu      ] GC(734) User=0.00s Sys=0.00s Real=0.00s
[436.482s][info][gc,marking  ] GC(734) Concurrent Clear Claimed Marks
[436.482s][info][gc,marking  ] GC(734) Concurrent Clear Claimed Marks 0.106ms
[436.482s][info][gc,marking  ] GC(734) Concurrent Cleanup for Next Mark
[436.485s][info][gc,marking  ] GC(734) Concurrent Cleanup for Next Mark 2.621ms
[436.485s][info][gc          ] GC(734) Concurrent Mark Cycle 118.500ms
[437.517s][info][gc,start    ] GC(735) Pause Young (Prepare Mixed) (G1 Evacuation Pause)
[437.517s][info][gc,task     ] GC(735) Using 2 workers of 2 for evacuation
[437.522s][info][gc,phases   ] GC(735)   Pre Evacuate Collection Set: 0.35ms
[437.522s][info][gc,phases   ] GC(735)   Merge Heap Roots: 0.16ms
[437.522s][info][gc,phases   ] GC(735)   Evacuate Collection Set: 3.23ms
[437.522s][info][gc,phases   ] GC(735)   Post Evacuate Collection Set: 0.83ms
[437.522s][info][gc,phases   ] GC(735)   Other: 0.10ms
[437.522s][info][gc,heap     ] GC(735) Eden regions: 517->0(516)
[437.522s][info][gc,heap     ] GC(735) Survivor regions: 1->2(65)
[437.522s][info][gc,heap     ] GC(735) Old regions: 51->52
[437.522s][info][gc,heap     ] GC(735) Humongous regions: 207->207
[437.522s][info][gc,metaspace] GC(735) Metaspace: 57486K(57792K)->57486K(57792K) NonClass: 49185K(49408K)->49185K(49408K) Class: 8300K(8384K)->8300K(8384K)
[437.522s][info][gc          ] GC(735) Pause Young (Prepare Mixed) (G1 Evacuation Pause) 774M->258M(864M) 4.896ms
[437.522s][info][gc,cpu      ] GC(735) User=0.00s Sys=0.00s Real=0.00s
[438.636s][info][gc,start    ] GC(736) Pause Young (Mixed) (G1 Evacuation Pause)
[438.636s][info][gc,task     ] GC(736) Using 2 workers of 2 for evacuation
[438.642s][info][gc,phases   ] GC(736)   Pre Evacuate Collection Set: 0.30ms
[438.642s][info][gc,phases   ] GC(736)   Merge Heap Roots: 0.18ms
[438.642s][info][gc,phases   ] GC(736)   Evacuate Collection Set: 5.40ms
[438.642s][info][gc,phases   ] GC(736)   Post Evacuate Collection Set: 0.81ms
[438.642s][info][gc,phases   ] GC(736)   Other: 0.09ms
[438.642s][info][gc,heap     ] GC(736) Eden regions: 516->0(515)
[438.642s][info][gc,heap     ] GC(736) Survivor regions: 2->3(65)
[438.642s][info][gc,heap     ] GC(736) Old regions: 52->51
[438.642s][info][gc,heap     ] GC(736) Humongous regions: 207->207
[438.643s][info][gc,metaspace] GC(736) Metaspace: 57486K(57792K)->57486K(57792K) NonClass: 49185K(49408K)->49185K(49408K) Class: 8300K(8384K)->8300K(8384K)
[438.643s][info][gc          ] GC(736) Pause Young (Mixed) (G1 Evacuation Pause) 774M->259M(864M) 7.022ms
[438.643s][info][gc,cpu      ] GC(736) User=0.01s Sys=0.00s Real=0.00s
[439.169s][info][gc,start    ] GC(737) Pause Young (Concurrent Start) (G1 Humongous Allocation)
[439.170s][info][gc,task     ] GC(737) Using 2 workers of 2 for evacuation
[439.173s][info][gc,phases   ] GC(737)   Pre Evacuate Collection Set: 0.33ms
[439.173s][info][gc,phases   ] GC(737)   Merge Heap Roots: 0.11ms
[439.173s][info][gc,phases   ] GC(737)   Evacuate Collection Set: 2.12ms
[439.173s][info][gc,phases   ] GC(737)   Post Evacuate Collection Set: 0.59ms
[439.173s][info][gc,phases   ] GC(737)   Other: 0.17ms
[439.173s][info][gc,heap     ] GC(737) Eden regions: 248->0(517)
[439.173s][info][gc,heap     ] GC(737) Survivor regions: 3->1(65)
[439.173s][info][gc,heap     ] GC(737) Old regions: 51->51
[439.173s][info][gc,heap     ] GC(737) Humongous regions: 207->207
[439.173s][info][gc,metaspace] GC(737) Metaspace: 57492K(57792K)->57492K(57792K) NonClass: 49191K(49408K)->49191K(49408K) Class: 8300K(8384K)->8300K(8384K)
[439.173s][info][gc          ] GC(737) Pause Young (Concurrent Start) (G1 Humongous Allocation) 506M->257M(864M) 3.494ms
[439.173s][info][gc          ] GC(738) Concurrent Undo Cycle
[439.173s][info][gc,marking  ] GC(738) Concurrent Clear Claimed Marks
[439.173s][info][gc,marking  ] GC(738) Concurrent Clear Claimed Marks 0.071ms
[439.173s][info][gc,marking  ] GC(738) Concurrent Cleanup for Next Mark
[439.173s][info][gc,cpu      ] GC(737) User=0.00s Sys=0.00s Real=0.00s
[439.176s][info][gc,marking  ] GC(738) Concurrent Cleanup for Next Mark 2.593ms
[439.176s][info][gc          ] GC(738) Concurrent Undo Cycle 2.712ms
[439.348s][info][gc,start    ] GC(739) Pause Young (Concurrent Start) (G1 Humongous Allocation)
[439.348s][info][gc,task     ] GC(739) Using 2 workers of 2 for evacuation
[439.351s][info][gc,phases   ] GC(739)   Pre Evacuate Collection Set: 0.39ms
[439.351s][info][gc,phases   ] GC(739)   Merge Heap Roots: 0.07ms
[439.351s][info][gc,phases   ] GC(739)   Evacuate Collection Set: 1.87ms
[439.351s][info][gc,phases   ] GC(739)   Post Evacuate Collection Set: 0.40ms
[439.351s][info][gc,phases   ] GC(739)   Other: 0.14ms
[439.351s][info][gc,heap     ] GC(739) Eden regions: 2->0(517)
[439.351s][info][gc,heap     ] GC(739) Survivor regions: 1->1(65)
[439.351s][info][gc,heap     ] GC(739) Old regions: 51->51
[439.351s][info][gc,heap     ] GC(739) Humongous regions: 246->246
[439.351s][info][gc,metaspace] GC(739) Metaspace: 57492K(57792K)->57492K(57792K) NonClass: 49191K(49408K)->49191K(49408K) Class: 8300K(8384K)->8300K(8384K)
[439.351s][info][gc          ] GC(739) Pause Young (Concurrent Start) (G1 Humongous Allocation) 297M->296M(864M) 3.092ms
[439.351s][info][gc,cpu      ] GC(739) User=0.00s Sys=0.00s Real=0.00s
[439.351s][info][gc          ] GC(740) Concurrent Mark Cycle
[439.352s][info][gc,marking  ] GC(740) Concurrent Scan Root Regions
[439.353s][info][gc,marking  ] GC(740) Concurrent Scan Root Regions 1.419ms
[439.353s][info][gc,marking  ] GC(740) Concurrent Mark
[439.353s][info][gc,marking  ] GC(740) Concurrent Mark From Roots
[439.353s][info][gc,task     ] GC(740) Using 1 workers of 1 for marking
[439.397s][info][gc,marking  ] GC(740) Concurrent Mark From Roots 43.395ms
[439.397s][info][gc,marking  ] GC(740) Concurrent Preclean
[439.397s][info][gc,marking  ] GC(740) Concurrent Preclean 0.061ms
[439.397s][info][gc,start    ] GC(740) Pause Remark
[439.408s][info][gc          ] GC(740) Pause Remark 335M->335M(864M) 10.425ms
[439.408s][info][gc,cpu      ] GC(740) User=0.02s Sys=0.00s Real=0.01s
[439.408s][info][gc,marking  ] GC(740) Concurrent Mark 54.696ms
[439.408s][info][gc,marking  ] GC(740) Concurrent Rebuild Remembered Sets and Scrub Regions
[439.425s][info][gc,marking  ] GC(740) Concurrent Rebuild Remembered Sets and Scrub Regions 17.085ms
[439.425s][info][gc,start    ] GC(740) Pause Cleanup
[439.426s][info][gc          ] GC(740) Pause Cleanup 335M->335M(864M) 0.080ms
[439.426s][info][gc,cpu      ] GC(740) User=0.00s Sys=0.00s Real=0.00s
[439.426s][info][gc,marking  ] GC(740) Concurrent Clear Claimed Marks
[439.426s][info][gc,marking  ] GC(740) Concurrent Clear Claimed Marks 0.101ms
[439.426s][info][gc,marking  ] GC(740) Concurrent Cleanup for Next Mark
[439.428s][info][gc,marking  ] GC(740) Concurrent Cleanup for Next Mark 2.674ms
[439.428s][info][gc          ] GC(740) Concurrent Mark Cycle 77.098ms
[443.038s][info][gc,start    ] GC(741) Pause Young (Prepare Mixed) (G1 Evacuation Pause)
[443.038s][info][gc,task     ] GC(741) Using 2 workers of 2 for evacuation
[443.056s][info][gc,phases   ] GC(741)   Pre Evacuate Collection Set: 0.34ms
[443.056s][info][gc,phases   ] GC(741)   Merge Heap Roots: 0.17ms
[443.056s][info][gc,phases   ] GC(741)   Evacuate Collection Set: 16.04ms
[443.056s][info][gc,phases   ] GC(741)   Post Evacuate Collection Set: 1.05ms
[443.056s][info][gc,phases   ] GC(741)   Other: 0.11ms
[443.056s][info][gc,heap     ] GC(741) Eden regions: 449->0(512)
[443.056s][info][gc,heap     ] GC(741) Survivor regions: 1->15(65)
[443.056s][info][gc,heap     ] GC(741) Old regions: 51->51
[443.056s][info][gc,heap     ] GC(741) Humongous regions: 363->207
[443.056s][info][gc,metaspace] GC(741) Metaspace: 57625K(57984K)->57625K(57984K) NonClass: 49324K(49600K)->49324K(49600K) Class: 8300K(8384K)->8300K(8384K)
[443.056s][info][gc          ] GC(741) Pause Young (Prepare Mixed) (G1 Evacuation Pause) 862M->271M(879M) 17.952ms
[443.056s][info][gc,cpu      ] GC(741) User=0.03s Sys=0.01s Real=0.02s
[444.158s][info][gc,start    ] GC(742) Pause Young (Mixed) (G1 Evacuation Pause)
[444.158s][info][gc,task     ] GC(742) Using 2 workers of 2 for evacuation
[444.166s][info][gc,phases   ] GC(742)   Pre Evacuate Collection Set: 0.33ms
[444.166s][info][gc,phases   ] GC(742)   Merge Heap Roots: 0.16ms
[444.167s][info][gc,phases   ] GC(742)   Evacuate Collection Set: 6.79ms
[444.167s][info][gc,phases   ] GC(742)   Post Evacuate Collection Set: 0.89ms
[444.167s][info][gc,phases   ] GC(742)   Other: 0.09ms
[444.167s][info][gc,heap     ] GC(742) Eden regions: 512->0(513)
[444.167s][info][gc,heap     ] GC(742) Survivor regions: 15->14(66)
[444.167s][info][gc,heap     ] GC(742) Old regions: 51->50
[444.167s][info][gc,heap     ] GC(742) Humongous regions: 207->207
[444.167s][info][gc,metaspace] GC(742) Metaspace: 57625K(57984K)->57625K(57984K) NonClass: 49324K(49600K)->49324K(49600K) Class: 8300K(8384K)->8300K(8384K)
[444.167s][info][gc          ] GC(742) Pause Young (Mixed) (G1 Evacuation Pause) 783M->270M(879M) 8.458ms
[444.167s][info][gc,cpu      ] GC(742) User=0.02s Sys=0.00s Real=0.01s
[445.315s][info][gc,start    ] GC(743) Pause Young (Concurrent Start) (G1 Evacuation Pause)
[445.315s][info][gc,task     ] GC(743) Using 2 workers of 2 for evacuation
[445.325s][info][gc,phases   ] GC(743)   Pre Evacuate Collection Set: 0.36ms
[445.325s][info][gc,phases   ] GC(743)   Merge Heap Roots: 0.16ms
[445.325s][info][gc,phases   ] GC(743)   Evacuate Collection Set: 8.86ms
[445.325s][info][gc,phases   ] GC(743)   Post Evacuate Collection Set: 1.05ms
[445.325s][info][gc,phases   ] GC(743)   Other: 0.13ms
[445.325s][info][gc,heap     ] GC(743) Eden regions: 513->0(512)
[445.325s][info][gc,heap     ] GC(743) Survivor regions: 14->15(66)
[445.325s][info][gc,heap     ] GC(743) Old regions: 50->50
[445.326s][info][gc,heap     ] GC(743) Humongous regions: 207->207
[445.326s][info][gc,metaspace] GC(743) Metaspace: 57625K(57984K)->57625K(57984K) NonClass: 49324K(49600K)->49324K(49600K) Class: 8300K(8384K)->8300K(8384K)
[445.326s][info][gc          ] GC(743) Pause Young (Concurrent Start) (G1 Evacuation Pause) 783M->271M(879M) 10.818ms
[445.326s][info][gc          ] GC(744) Concurrent Mark Cycle
[445.326s][info][gc,marking  ] GC(744) Concurrent Scan Root Regions
[445.327s][info][gc,cpu      ] GC(743) User=0.03s Sys=0.00s Real=0.01s
[445.336s][info][gc,marking  ] GC(744) Concurrent Scan Root Regions 10.344ms
[445.336s][info][gc,marking  ] GC(744) Concurrent Mark
[445.336s][info][gc,marking  ] GC(744) Concurrent Mark From Roots
[445.336s][info][gc,task     ] GC(744) Using 1 workers of 1 for marking
[445.403s][info][gc,marking  ] GC(744) Concurrent Mark From Roots 67.405ms
[445.403s][info][gc,marking  ] GC(744) Concurrent Preclean
[445.404s][info][gc,marking  ] GC(744) Concurrent Preclean 0.073ms
[445.404s][info][gc,start    ] GC(744) Pause Remark
[445.416s][info][gc          ] GC(744) Pause Remark 306M->306M(879M) 11.924ms
[445.416s][info][gc,cpu      ] GC(744) User=0.02s Sys=0.00s Real=0.01s
[445.416s][info][gc,marking  ] GC(744) Concurrent Mark 80.287ms
[445.416s][info][gc,marking  ] GC(744) Concurrent Rebuild Remembered Sets and Scrub Regions
[445.447s][info][gc,marking  ] GC(744) Concurrent Rebuild Remembered Sets and Scrub Regions 30.705ms
[445.448s][info][gc,start    ] GC(744) Pause Cleanup
[445.448s][info][gc          ] GC(744) Pause Cleanup 324M->324M(879M) 0.098ms
[445.448s][info][gc,cpu      ] GC(744) User=0.00s Sys=0.00s Real=0.00s
[445.448s][info][gc,marking  ] GC(744) Concurrent Clear Claimed Marks
[445.448s][info][gc,marking  ] GC(744) Concurrent Clear Claimed Marks 0.091ms
[445.448s][info][gc,marking  ] GC(744) Concurrent Cleanup for Next Mark
[445.453s][info][gc,marking  ] GC(744) Concurrent Cleanup for Next Mark 4.858ms
[445.453s][info][gc          ] GC(744) Concurrent Mark Cycle 127.343ms
[446.431s][info][gc,start    ] GC(745) Pause Young (Prepare Mixed) (G1 Evacuation Pause)
[446.431s][info][gc,task     ] GC(745) Using 2 workers of 2 for evacuation
[446.442s][info][gc,phases   ] GC(745)   Pre Evacuate Collection Set: 0.31ms
[446.442s][info][gc,phases   ] GC(745)   Merge Heap Roots: 0.20ms
[446.442s][info][gc,phases   ] GC(745)   Evacuate Collection Set: 8.76ms
[446.442s][info][gc,phases   ] GC(745)   Post Evacuate Collection Set: 0.93ms
[446.442s][info][gc,phases   ] GC(745)   Other: 0.11ms
[446.442s][info][gc,heap     ] GC(745) Eden regions: 512->0(512)
[446.442s][info][gc,heap     ] GC(745) Survivor regions: 15->15(66)
[446.442s][info][gc,heap     ] GC(745) Old regions: 50->50
[446.442s][info][gc,heap     ] GC(745) Humongous regions: 207->207
[446.442s][info][gc,metaspace] GC(745) Metaspace: 57625K(57984K)->57625K(57984K) NonClass: 49324K(49600K)->49324K(49600K) Class: 8300K(8384K)->8300K(8384K)
[446.442s][info][gc          ] GC(745) Pause Young (Prepare Mixed) (G1 Evacuation Pause) 783M->271M(879M) 10.526ms
[446.442s][info][gc,cpu      ] GC(745) User=0.02s Sys=0.00s Real=0.01s
[447.538s][info][gc,start    ] GC(746) Pause Young (Mixed) (G1 Evacuation Pause)
[447.539s][info][gc,task     ] GC(746) Using 2 workers of 2 for evacuation
[447.550s][info][gc,phases   ] GC(746)   Pre Evacuate Collection Set: 0.30ms
[447.550s][info][gc,phases   ] GC(746)   Merge Heap Roots: 0.18ms
[447.550s][info][gc,phases   ] GC(746)   Evacuate Collection Set: 10.21ms
[447.550s][info][gc,phases   ] GC(746)   Post Evacuate Collection Set: 0.95ms
[447.550s][info][gc,phases   ] GC(746)   Other: 0.09ms
[447.550s][info][gc,heap     ] GC(746) Eden regions: 512->0(512)
[447.550s][info][gc,heap     ] GC(746) Survivor regions: 15->15(66)
[447.550s][info][gc,heap     ] GC(746) Old regions: 50->50
[447.550s][info][gc,heap     ] GC(746) Humongous regions: 207->207
[447.550s][info][gc,metaspace] GC(746) Metaspace: 57625K(57984K)->57625K(57984K) NonClass: 49324K(49600K)->49324K(49600K) Class: 8300K(8384K)->8300K(8384K)
[447.550s][info][gc          ] GC(746) Pause Young (Mixed) (G1 Evacuation Pause) 783M->271M(879M) 11.954ms
[447.550s][info][gc,cpu      ] GC(746) User=0.02s Sys=0.00s Real=0.01s
[448.649s][info][gc,start    ] GC(747) Pause Young (Concurrent Start) (G1 Evacuation Pause)
[448.649s][info][gc,task     ] GC(747) Using 2 workers of 2 for evacuation
[448.659s][info][gc,phases   ] GC(747)   Pre Evacuate Collection Set: 0.36ms
[448.660s][info][gc,phases   ] GC(747)   Merge Heap Roots: 0.14ms
[448.660s][info][gc,phases   ] GC(747)   Evacuate Collection Set: 8.50ms
[448.660s][info][gc,phases   ] GC(747)   Post Evacuate Collection Set: 0.91ms
[448.660s][info][gc,phases   ] GC(747)   Other: 0.11ms
[448.660s][info][gc,heap     ] GC(747) Eden regions: 512->0(512)
[448.660s][info][gc,heap     ] GC(747) Survivor regions: 15->15(66)
[448.660s][info][gc,heap     ] GC(747) Old regions: 50->50
[448.660s][info][gc,heap     ] GC(747) Humongous regions: 207->207
[448.660s][info][gc,metaspace] GC(747) Metaspace: 57625K(57984K)->57625K(57984K) NonClass: 49324K(49600K)->49324K(49600K) Class: 8300K(8384K)->8300K(8384K)
[448.660s][info][gc          ] GC(747) Pause Young (Concurrent Start) (G1 Evacuation Pause) 783M->271M(879M) 10.290ms
[448.660s][info][gc          ] GC(748) Concurrent Mark Cycle
[448.660s][info][gc,marking  ] GC(748) Concurrent Scan Root Regions
[448.660s][info][gc,cpu      ] GC(747) User=0.02s Sys=0.00s Real=0.01s
[448.667s][info][gc,marking  ] GC(748) Concurrent Scan Root Regions 7.073ms
[448.667s][info][gc,marking  ] GC(748) Concurrent Mark
[448.667s][info][gc,marking  ] GC(748) Concurrent Mark From Roots
[448.667s][info][gc,task     ] GC(748) Using 1 workers of 1 for marking
[448.719s][info][gc,marking  ] GC(748) Concurrent Mark From Roots 51.691ms
[448.719s][info][gc,marking  ] GC(748) Concurrent Preclean
[448.719s][info][gc,marking  ] GC(748) Concurrent Preclean 0.056ms
[448.719s][info][gc,start    ] GC(748) Pause Remark
[448.730s][info][gc          ] GC(748) Pause Remark 290M->290M(879M) 11.354ms
[448.730s][info][gc,cpu      ] GC(748) User=0.03s Sys=0.00s Real=0.01s
[448.731s][info][gc,marking  ] GC(748) Concurrent Mark 64.551ms
[448.731s][info][gc,marking  ] GC(748) Concurrent Rebuild Remembered Sets and Scrub Regions
[448.765s][info][gc,marking  ] GC(748) Concurrent Rebuild Remembered Sets and Scrub Regions 33.840ms
[448.765s][info][gc,start    ] GC(748) Pause Cleanup
[448.765s][info][gc          ] GC(748) Pause Cleanup 312M->312M(879M) 0.087ms
[448.766s][info][gc,cpu      ] GC(748) User=0.00s Sys=0.00s Real=0.00s
[448.766s][info][gc,marking  ] GC(748) Concurrent Clear Claimed Marks
[448.766s][info][gc,marking  ] GC(748) Concurrent Clear Claimed Marks 0.094ms
[448.766s][info][gc,marking  ] GC(748) Concurrent Cleanup for Next Mark
[448.771s][info][gc,marking  ] GC(748) Concurrent Cleanup for Next Mark 5.191ms
[448.771s][info][gc          ] GC(748) Concurrent Mark Cycle 111.194ms
[449.807s][info][gc,start    ] GC(749) Pause Young (Prepare Mixed) (G1 Evacuation Pause)
[449.807s][info][gc,task     ] GC(749) Using 2 workers of 2 for evacuation
[449.815s][info][gc,phases   ] GC(749)   Pre Evacuate Collection Set: 0.32ms
[449.815s][info][gc,phases   ] GC(749)   Merge Heap Roots: 0.18ms
[449.815s][info][gc,phases   ] GC(749)   Evacuate Collection Set: 6.37ms
[449.815s][info][gc,phases   ] GC(749)   Post Evacuate Collection Set: 0.91ms
[449.815s][info][gc,phases   ] GC(749)   Other: 0.10ms
[449.815s][info][gc,heap     ] GC(749) Eden regions: 512->0(513)
[449.815s][info][gc,heap     ] GC(749) Survivor regions: 15->14(66)
[449.815s][info][gc,heap     ] GC(749) Old regions: 50->50
[449.815s][info][gc,heap     ] GC(749) Humongous regions: 207->207
[449.815s][info][gc,metaspace] GC(749) Metaspace: 57625K(57984K)->57625K(57984K) NonClass: 49324K(49600K)->49324K(49600K) Class: 8300K(8384K)->8300K(8384K)
[449.815s][info][gc          ] GC(749) Pause Young (Prepare Mixed) (G1 Evacuation Pause) 783M->270M(879M) 8.067ms
[449.815s][info][gc,cpu      ] GC(749) User=0.01s Sys=0.00s Real=0.01s
[450.923s][info][gc,start    ] GC(750) Pause Young (Mixed) (G1 Evacuation Pause)
[450.923s][info][gc,task     ] GC(750) Using 2 workers of 2 for evacuation
[450.935s][info][gc,phases   ] GC(750)   Pre Evacuate Collection Set: 0.32ms
[450.935s][info][gc,phases   ] GC(750)   Merge Heap Roots: 0.17ms
[450.935s][info][gc,phases   ] GC(750)   Evacuate Collection Set: 9.96ms
[450.935s][info][gc,phases   ] GC(750)   Post Evacuate Collection Set: 0.91ms
[450.935s][info][gc,phases   ] GC(750)   Other: 0.11ms
[450.935s][info][gc,heap     ] GC(750) Eden regions: 513->0(512)
[450.935s][info][gc,heap     ] GC(750) Survivor regions: 14->15(66)
[450.935s][info][gc,heap     ] GC(750) Old regions: 50->50
[450.935s][info][gc,heap     ] GC(750) Humongous regions: 207->207
[450.935s][info][gc,metaspace] GC(750) Metaspace: 57625K(57984K)->57625K(57984K) NonClass: 49324K(49600K)->49324K(49600K) Class: 8300K(8384K)->8300K(8384K)
[450.935s][info][gc          ] GC(750) Pause Young (Mixed) (G1 Evacuation Pause) 783M->271M(879M) 11.690ms
[450.935s][info][gc,cpu      ] GC(750) User=0.03s Sys=0.00s Real=0.02s
[452.031s][info][gc,start    ] GC(751) Pause Young (Concurrent Start) (G1 Evacuation Pause)
[452.031s][info][gc,task     ] GC(751) Using 2 workers of 2 for evacuation
[452.042s][info][gc,phases   ] GC(751)   Pre Evacuate Collection Set: 0.34ms
[452.042s][info][gc,phases   ] GC(751)   Merge Heap Roots: 0.16ms
[452.042s][info][gc,phases   ] GC(751)   Evacuate Collection Set: 9.42ms
[452.042s][info][gc,phases   ] GC(751)   Post Evacuate Collection Set: 1.30ms
[452.042s][info][gc,phases   ] GC(751)   Other: 0.13ms
[452.042s][info][gc,heap     ] GC(751) Eden regions: 512->0(512)
[452.042s][info][gc,heap     ] GC(751) Survivor regions: 15->15(66)
[452.042s][info][gc,heap     ] GC(751) Old regions: 50->50
[452.042s][info][gc,heap     ] GC(751) Humongous regions: 207->207
[452.042s][info][gc,metaspace] GC(751) Metaspace: 57625K(57984K)->57625K(57984K) NonClass: 49324K(49600K)->49324K(49600K) Class: 8300K(8384K)->8300K(8384K)
[452.042s][info][gc          ] GC(751) Pause Young (Concurrent Start) (G1 Evacuation Pause) 783M->271M(879M) 11.569ms
[452.042s][info][gc          ] GC(752) Concurrent Mark Cycle
[452.042s][info][gc,marking  ] GC(752) Concurrent Scan Root Regions
[452.045s][info][gc,cpu      ] GC(751) User=0.03s Sys=0.00s Real=0.02s
[452.051s][info][gc,marking  ] GC(752) Concurrent Scan Root Regions 8.654ms
[452.051s][info][gc,marking  ] GC(752) Concurrent Mark
[452.051s][info][gc,marking  ] GC(752) Concurrent Mark From Roots
[452.051s][info][gc,task     ] GC(752) Using 1 workers of 1 for marking
[452.098s][info][gc,marking  ] GC(752) Concurrent Mark From Roots 46.474ms
[452.098s][info][gc,marking  ] GC(752) Concurrent Preclean
[452.098s][info][gc,marking  ] GC(752) Concurrent Preclean 0.059ms
[452.098s][info][gc,start    ] GC(752) Pause Remark
[452.109s][info][gc          ] GC(752) Pause Remark 290M->290M(879M) 11.159ms
[452.109s][info][gc,cpu      ] GC(752) User=0.02s Sys=0.00s Real=0.01s
[452.110s][info][gc,marking  ] GC(752) Concurrent Mark 58.913ms
[452.110s][info][gc,marking  ] GC(752) Concurrent Rebuild Remembered Sets and Scrub Regions
[452.140s][info][gc,marking  ] GC(752) Concurrent Rebuild Remembered Sets and Scrub Regions 29.671ms
[452.140s][info][gc,start    ] GC(752) Pause Cleanup
[452.140s][info][gc          ] GC(752) Pause Cleanup 310M->310M(879M) 0.086ms
[452.140s][info][gc,cpu      ] GC(752) User=0.00s Sys=0.00s Real=0.00s
[452.140s][info][gc,marking  ] GC(752) Concurrent Clear Claimed Marks
[452.140s][info][gc,marking  ] GC(752) Concurrent Clear Claimed Marks 0.092ms
[452.140s][info][gc,marking  ] GC(752) Concurrent Cleanup for Next Mark
[452.143s][info][gc,marking  ] GC(752) Concurrent Cleanup for Next Mark 2.658ms
[452.143s][info][gc          ] GC(752) Concurrent Mark Cycle 100.440ms
[453.152s][info][gc,start    ] GC(753) Pause Young (Prepare Mixed) (G1 Evacuation Pause)
[453.152s][info][gc,task     ] GC(753) Using 2 workers of 2 for evacuation
[453.160s][info][gc,phases   ] GC(753)   Pre Evacuate Collection Set: 0.31ms
[453.160s][info][gc,phases   ] GC(753)   Merge Heap Roots: 0.17ms
[453.160s][info][gc,phases   ] GC(753)   Evacuate Collection Set: 7.14ms
[453.160s][info][gc,phases   ] GC(753)   Post Evacuate Collection Set: 0.89ms
[453.160s][info][gc,phases   ] GC(753)   Other: 0.09ms
[453.160s][info][gc,heap     ] GC(753) Eden regions: 512->0(513)
[453.160s][info][gc,heap     ] GC(753) Survivor regions: 15->14(66)
[453.160s][info][gc,heap     ] GC(753) Old regions: 50->50
[453.160s][info][gc,heap     ] GC(753) Humongous regions: 207->207
[453.160s][info][gc,metaspace] GC(753) Metaspace: 57625K(57984K)->57625K(57984K) NonClass: 49324K(49600K)->49324K(49600K) Class: 8300K(8384K)->8300K(8384K)
[453.160s][info][gc          ] GC(753) Pause Young (Prepare Mixed) (G1 Evacuation Pause) 783M->270M(879M) 8.833ms
[453.160s][info][gc,cpu      ] GC(753) User=0.01s Sys=0.00s Real=0.01s
[454.306s][info][gc,start    ] GC(754) Pause Young (Mixed) (G1 Evacuation Pause)
[454.306s][info][gc,task     ] GC(754) Using 2 workers of 2 for evacuation
[454.317s][info][gc,phases   ] GC(754)   Pre Evacuate Collection Set: 0.33ms
[454.317s][info][gc,phases   ] GC(754)   Merge Heap Roots: 0.20ms
[454.317s][info][gc,phases   ] GC(754)   Evacuate Collection Set: 8.64ms
[454.317s][info][gc,phases   ] GC(754)   Post Evacuate Collection Set: 0.95ms
[454.317s][info][gc,phases   ] GC(754)   Other: 0.11ms
[454.317s][info][gc,heap     ] GC(754) Eden regions: 513->0(513)
[454.317s][info][gc,heap     ] GC(754) Survivor regions: 14->14(66)
[454.317s][info][gc,heap     ] GC(754) Old regions: 50->50
[454.317s][info][gc,heap     ] GC(754) Humongous regions: 207->207
[454.317s][info][gc,metaspace] GC(754) Metaspace: 57625K(57984K)->57625K(57984K) NonClass: 49324K(49600K)->49324K(49600K) Class: 8300K(8384K)->8300K(8384K)
[454.317s][info][gc          ] GC(754) Pause Young (Mixed) (G1 Evacuation Pause) 783M->269M(879M) 10.440ms
[454.317s][info][gc,cpu      ] GC(754) User=0.02s Sys=0.01s Real=0.01s
[455.440s][info][gc,start    ] GC(755) Pause Young (Concurrent Start) (G1 Evacuation Pause)
[455.440s][info][gc,task     ] GC(755) Using 2 workers of 2 for evacuation
[455.450s][info][gc,phases   ] GC(755)   Pre Evacuate Collection Set: 0.31ms
[455.450s][info][gc,phases   ] GC(755)   Merge Heap Roots: 0.18ms
[455.450s][info][gc,phases   ] GC(755)   Evacuate Collection Set: 8.65ms
[455.450s][info][gc,phases   ] GC(755)   Post Evacuate Collection Set: 0.96ms
[455.450s][info][gc,phases   ] GC(755)   Other: 0.11ms
[455.450s][info][gc,heap     ] GC(755) Eden regions: 513->0(512)
[455.450s][info][gc,heap     ] GC(755) Survivor regions: 14->15(66)
[455.450s][info][gc,heap     ] GC(755) Old regions: 50->50
[455.450s][info][gc,heap     ] GC(755) Humongous regions: 207->207
[455.450s][info][gc,metaspace] GC(755) Metaspace: 57625K(57984K)->57625K(57984K) NonClass: 49324K(49600K)->49324K(49600K) Class: 8300K(8384K)->8300K(8384K)
[455.451s][info][gc          ] GC(755) Pause Young (Concurrent Start) (G1 Evacuation Pause) 782M->270M(879M) 10.433ms
[455.451s][info][gc          ] GC(756) Concurrent Mark Cycle
[455.451s][info][gc,cpu      ] GC(755) User=0.02s Sys=0.01s Real=0.01s
[455.451s][info][gc,marking  ] GC(756) Concurrent Scan Root Regions
[455.462s][info][gc,marking  ] GC(756) Concurrent Scan Root Regions 10.958ms
[455.462s][info][gc,marking  ] GC(756) Concurrent Mark
[455.462s][info][gc,marking  ] GC(756) Concurrent Mark From Roots
[455.462s][info][gc,task     ] GC(756) Using 1 workers of 1 for marking
[455.536s][info][gc,marking  ] GC(756) Concurrent Mark From Roots 74.152ms
[455.536s][info][gc,marking  ] GC(756) Concurrent Preclean
[455.536s][info][gc,marking  ] GC(756) Concurrent Preclean 0.052ms
[455.536s][info][gc,start    ] GC(756) Pause Remark
[455.547s][info][gc          ] GC(756) Pause Remark 319M->319M(879M) 11.397ms
[455.547s][info][gc,cpu      ] GC(756) User=0.02s Sys=0.00s Real=0.01s
[455.548s][info][gc,marking  ] GC(756) Concurrent Mark 86.214ms
[455.548s][info][gc,marking  ] GC(756) Concurrent Rebuild Remembered Sets and Scrub Regions
[455.572s][info][gc,marking  ] GC(756) Concurrent Rebuild Remembered Sets and Scrub Regions 24.363ms
[455.572s][info][gc,start    ] GC(756) Pause Cleanup
[455.573s][info][gc          ] GC(756) Pause Cleanup 333M->333M(879M) 0.087ms
[455.573s][info][gc,cpu      ] GC(756) User=0.00s Sys=0.00s Real=0.00s
[455.573s][info][gc,marking  ] GC(756) Concurrent Clear Claimed Marks
[455.573s][info][gc,marking  ] GC(756) Concurrent Clear Claimed Marks 0.094ms
[455.573s][info][gc,marking  ] GC(756) Concurrent Cleanup for Next Mark
[455.575s][info][gc,marking  ] GC(756) Concurrent Cleanup for Next Mark 2.683ms
[455.575s][info][gc          ] GC(756) Concurrent Mark Cycle 124.856ms
[456.554s][info][gc,start    ] GC(757) Pause Young (Prepare Mixed) (G1 Evacuation Pause)
[456.554s][info][gc,task     ] GC(757) Using 2 workers of 2 for evacuation
[456.562s][info][gc,phases   ] GC(757)   Pre Evacuate Collection Set: 0.30ms
[456.562s][info][gc,phases   ] GC(757)   Merge Heap Roots: 0.17ms
[456.562s][info][gc,phases   ] GC(757)   Evacuate Collection Set: 7.08ms
[456.562s][info][gc,phases   ] GC(757)   Post Evacuate Collection Set: 0.87ms
[456.562s][info][gc,phases   ] GC(757)   Other: 0.10ms
[456.562s][info][gc,heap     ] GC(757) Eden regions: 512->0(513)
[456.562s][info][gc,heap     ] GC(757) Survivor regions: 15->14(66)
[456.562s][info][gc,heap     ] GC(757) Old regions: 50->50
[456.562s][info][gc,heap     ] GC(757) Humongous regions: 207->207
[456.562s][info][gc,metaspace] GC(757) Metaspace: 57625K(57984K)->57625K(57984K) NonClass: 49324K(49600K)->49324K(49600K) Class: 8300K(8384K)->8300K(8384K)
[456.562s][info][gc          ] GC(757) Pause Young (Prepare Mixed) (G1 Evacuation Pause) 782M->270M(879M) 8.724ms
[456.562s][info][gc,cpu      ] GC(757) User=0.02s Sys=0.00s Real=0.00s
[457.645s][info][gc,start    ] GC(758) Pause Young (Mixed) (G1 Evacuation Pause)
[457.645s][info][gc,task     ] GC(758) Using 2 workers of 2 for evacuation
[457.656s][info][gc,phases   ] GC(758)   Pre Evacuate Collection Set: 0.31ms
[457.656s][info][gc,phases   ] GC(758)   Merge Heap Roots: 0.17ms
[457.656s][info][gc,phases   ] GC(758)   Evacuate Collection Set: 9.86ms
[457.656s][info][gc,phases   ] GC(758)   Post Evacuate Collection Set: 0.93ms
[457.656s][info][gc,phases   ] GC(758)   Other: 0.09ms
[457.656s][info][gc,heap     ] GC(758) Eden regions: 513->0(512)
[457.656s][info][gc,heap     ] GC(758) Survivor regions: 14->15(66)
[457.656s][info][gc,heap     ] GC(758) Old regions: 50->49
[457.656s][info][gc,heap     ] GC(758) Humongous regions: 207->207
[457.656s][info][gc,metaspace] GC(758) Metaspace: 57625K(57984K)->57625K(57984K) NonClass: 49324K(49600K)->49324K(49600K) Class: 8300K(8384K)->8300K(8384K)
[457.656s][info][gc          ] GC(758) Pause Young (Mixed) (G1 Evacuation Pause) 783M->271M(879M) 11.570ms
[457.656s][info][gc,cpu      ] GC(758) User=0.03s Sys=0.00s Real=0.01s
[458.803s][info][gc,start    ] GC(759) Pause Young (Concurrent Start) (G1 Evacuation Pause)
[458.803s][info][gc,task     ] GC(759) Using 2 workers of 2 for evacuation
[458.810s][info][gc,phases   ] GC(759)   Pre Evacuate Collection Set: 0.32ms
[458.810s][info][gc,phases   ] GC(759)   Merge Heap Roots: 0.17ms
[458.810s][info][gc,phases   ] GC(759)   Evacuate Collection Set: 5.98ms
[458.810s][info][gc,phases   ] GC(759)   Post Evacuate Collection Set: 0.91ms
[458.810s][info][gc,phases   ] GC(759)   Other: 0.11ms
[458.810s][info][gc,heap     ] GC(759) Eden regions: 512->0(513)
[458.810s][info][gc,heap     ] GC(759) Survivor regions: 15->14(66)
[458.810s][info][gc,heap     ] GC(759) Old regions: 49->49
[458.810s][info][gc,heap     ] GC(759) Humongous regions: 207->207
[458.810s][info][gc,metaspace] GC(759) Metaspace: 57625K(57984K)->57625K(57984K) NonClass: 49324K(49600K)->49324K(49600K) Class: 8300K(8384K)->8300K(8384K)
[458.810s][info][gc          ] GC(759) Pause Young (Concurrent Start) (G1 Evacuation Pause) 783M->269M(879M) 7.706ms
[458.811s][info][gc,cpu      ] GC(759) User=0.02s Sys=0.00s Real=0.01s
[458.811s][info][gc          ] GC(760) Concurrent Mark Cycle
[458.811s][info][gc,marking  ] GC(760) Concurrent Scan Root Regions
[458.817s][info][gc,marking  ] GC(760) Concurrent Scan Root Regions 5.977ms
[458.817s][info][gc,marking  ] GC(760) Concurrent Mark
[458.817s][info][gc,marking  ] GC(760) Concurrent Mark From Roots
[458.817s][info][gc,task     ] GC(760) Using 1 workers of 1 for marking
[458.879s][info][gc,marking  ] GC(760) Concurrent Mark From Roots 62.726ms
[458.879s][info][gc,marking  ] GC(760) Concurrent Preclean
[458.879s][info][gc,marking  ] GC(760) Concurrent Preclean 0.049ms
[458.880s][info][gc,start    ] GC(760) Pause Remark
[458.891s][info][gc          ] GC(760) Pause Remark 311M->293M(840M) 11.217ms
[458.891s][info][gc,cpu      ] GC(760) User=0.02s Sys=0.00s Real=0.01s
[458.893s][info][gc,marking  ] GC(760) Concurrent Mark 75.932ms
[458.893s][info][gc,marking  ] GC(760) Concurrent Rebuild Remembered Sets and Scrub Regions
[458.914s][info][gc,marking  ] GC(760) Concurrent Rebuild Remembered Sets and Scrub Regions 21.554ms
[458.914s][info][gc,start    ] GC(760) Pause Cleanup
[458.914s][info][gc          ] GC(760) Pause Cleanup 304M->304M(840M) 0.084ms
[458.914s][info][gc,cpu      ] GC(760) User=0.00s Sys=0.00s Real=0.00s
[458.914s][info][gc,marking  ] GC(760) Concurrent Clear Claimed Marks
[458.914s][info][gc,marking  ] GC(760) Concurrent Clear Claimed Marks 0.093ms
[458.915s][info][gc,marking  ] GC(760) Concurrent Cleanup for Next Mark
[458.925s][info][gc,marking  ] GC(760) Concurrent Cleanup for Next Mark 10.075ms
[458.925s][info][gc          ] GC(760) Concurrent Mark Cycle 114.098ms
[459.840s][info][gc,start    ] GC(761) Pause Young (Prepare Mixed) (G1 Evacuation Pause)
[459.840s][info][gc,task     ] GC(761) Using 2 workers of 2 for evacuation
[459.850s][info][gc,phases   ] GC(761)   Pre Evacuate Collection Set: 0.33ms
[459.850s][info][gc,phases   ] GC(761)   Merge Heap Roots: 0.16ms
[459.850s][info][gc,phases   ] GC(761)   Evacuate Collection Set: 8.90ms
[459.850s][info][gc,phases   ] GC(761)   Post Evacuate Collection Set: 0.86ms
[459.850s][info][gc,phases   ] GC(761)   Other: 0.09ms
[459.850s][info][gc,heap     ] GC(761) Eden regions: 490->0(500)
[459.850s][info][gc,heap     ] GC(761) Survivor regions: 14->4(63)
[459.850s][info][gc,heap     ] GC(761) Old regions: 31->43
[459.850s][info][gc,heap     ] GC(761) Humongous regions: 207->207
[459.850s][info][gc,metaspace] GC(761) Metaspace: 57625K(57984K)->57625K(57984K) NonClass: 49324K(49600K)->49324K(49600K) Class: 8300K(8384K)->8300K(8384K)
[459.850s][info][gc          ] GC(761) Pause Young (Prepare Mixed) (G1 Evacuation Pause) 741M->253M(840M) 10.541ms
[459.850s][info][gc,cpu      ] GC(761) User=0.02s Sys=0.00s Real=0.01s
[460.943s][info][gc,start    ] GC(762) Pause Young (Mixed) (G1 Evacuation Pause)
[460.943s][info][gc,task     ] GC(762) Using 2 workers of 2 for evacuation
[460.950s][info][gc,phases   ] GC(762)   Pre Evacuate Collection Set: 0.31ms
[460.950s][info][gc,phases   ] GC(762)   Merge Heap Roots: 0.17ms
[460.950s][info][gc,phases   ] GC(762)   Evacuate Collection Set: 5.20ms
[460.950s][info][gc,phases   ] GC(762)   Post Evacuate Collection Set: 0.84ms
[460.950s][info][gc,phases   ] GC(762)   Other: 0.09ms
[460.950s][info][gc,heap     ] GC(762) Eden regions: 500->0(500)
[460.950s][info][gc,heap     ] GC(762) Survivor regions: 4->4(63)
[460.950s][info][gc,heap     ] GC(762) Old regions: 43->42
[460.950s][info][gc,heap     ] GC(762) Humongous regions: 207->207
[460.950s][info][gc,metaspace] GC(762) Metaspace: 57625K(57984K)->57625K(57984K) NonClass: 49324K(49600K)->49324K(49600K) Class: 8300K(8384K)->8300K(8384K)
[460.950s][info][gc          ] GC(762) Pause Young (Mixed) (G1 Evacuation Pause) 753M->251M(840M) 6.803ms
[460.950s][info][gc,cpu      ] GC(762) User=0.01s Sys=0.00s Real=0.01s
[462.142s][info][gc,start    ] GC(763) Pause Young (Concurrent Start) (G1 Evacuation Pause)
[462.142s][info][gc,task     ] GC(763) Using 2 workers of 2 for evacuation
[462.147s][info][gc,phases   ] GC(763)   Pre Evacuate Collection Set: 0.33ms
[462.147s][info][gc,phases   ] GC(763)   Merge Heap Roots: 0.12ms
[462.147s][info][gc,phases   ] GC(763)   Evacuate Collection Set: 3.80ms
[462.147s][info][gc,phases   ] GC(763)   Post Evacuate Collection Set: 0.76ms
[462.147s][info][gc,phases   ] GC(763)   Other: 0.10ms
[462.147s][info][gc,heap     ] GC(763) Eden regions: 500->0(501)
[462.147s][info][gc,heap     ] GC(763) Survivor regions: 4->3(63)
[462.147s][info][gc,heap     ] GC(763) Old regions: 42->42
[462.147s][info][gc,heap     ] GC(763) Humongous regions: 207->207
[462.147s][info][gc,metaspace] GC(763) Metaspace: 57625K(57984K)->57625K(57984K) NonClass: 49324K(49600K)->49324K(49600K) Class: 8300K(8384K)->8300K(8384K)
[462.147s][info][gc          ] GC(763) Pause Young (Concurrent Start) (G1 Evacuation Pause) 751M->251M(840M) 5.311ms
[462.147s][info][gc,cpu      ] GC(763) User=0.01s Sys=0.00s Real=0.01s
[462.147s][info][gc          ] GC(764) Concurrent Mark Cycle
[462.148s][info][gc,marking  ] GC(764) Concurrent Scan Root Regions
[462.150s][info][gc,marking  ] GC(764) Concurrent Scan Root Regions 2.345ms
[462.150s][info][gc,marking  ] GC(764) Concurrent Mark
[462.150s][info][gc,marking  ] GC(764) Concurrent Mark From Roots
[462.150s][info][gc,task     ] GC(764) Using 1 workers of 1 for marking
[462.206s][info][gc,marking  ] GC(764) Concurrent Mark From Roots 56.320ms
[462.207s][info][gc,marking  ] GC(764) Concurrent Preclean
[462.207s][info][gc,marking  ] GC(764) Concurrent Preclean 0.075ms
[462.207s][info][gc,start    ] GC(764) Pause Remark
[462.217s][info][gc          ] GC(764) Pause Remark 270M->270M(840M) 10.688ms
[462.217s][info][gc,cpu      ] GC(764) User=0.02s Sys=0.00s Real=0.01s
[462.217s][info][gc,marking  ] GC(764) Concurrent Mark 67.304ms
[462.217s][info][gc,marking  ] GC(764) Concurrent Rebuild Remembered Sets and Scrub Regions
[462.239s][info][gc,marking  ] GC(764) Concurrent Rebuild Remembered Sets and Scrub Regions 21.283ms
[462.239s][info][gc,start    ] GC(764) Pause Cleanup
[462.239s][info][gc          ] GC(764) Pause Cleanup 283M->283M(840M) 0.080ms
[462.239s][info][gc,cpu      ] GC(764) User=0.00s Sys=0.00s Real=0.00s
[462.239s][info][gc,marking  ] GC(764) Concurrent Clear Claimed Marks
[462.239s][info][gc,marking  ] GC(764) Concurrent Clear Claimed Marks 0.097ms
[462.239s][info][gc,marking  ] GC(764) Concurrent Cleanup for Next Mark
[462.242s][info][gc,marking  ] GC(764) Concurrent Cleanup for Next Mark 3.324ms
[462.243s][info][gc          ] GC(764) Concurrent Mark Cycle 95.393ms
[463.241s][info][gc,start    ] GC(765) Pause Young (Prepare Mixed) (G1 Evacuation Pause)
[463.241s][info][gc,task     ] GC(765) Using 2 workers of 2 for evacuation
[463.249s][info][gc,phases   ] GC(765)   Pre Evacuate Collection Set: 0.31ms
[463.249s][info][gc,phases   ] GC(765)   Merge Heap Roots: 0.17ms
[463.249s][info][gc,phases   ] GC(765)   Evacuate Collection Set: 6.79ms
[463.249s][info][gc,phases   ] GC(765)   Post Evacuate Collection Set: 0.80ms
[463.249s][info][gc,phases   ] GC(765)   Other: 0.11ms
[463.249s][info][gc,heap     ] GC(765) Eden regions: 501->0(501)
[463.249s][info][gc,heap     ] GC(765) Survivor regions: 3->3(63)
[463.249s][info][gc,heap     ] GC(765) Old regions: 42->43
[463.249s][info][gc,heap     ] GC(765) Humongous regions: 207->207
[463.249s][info][gc,metaspace] GC(765) Metaspace: 57625K(57984K)->57625K(57984K) NonClass: 49324K(49600K)->49324K(49600K) Class: 8300K(8384K)->8300K(8384K)
[463.249s][info][gc          ] GC(765) Pause Young (Prepare Mixed) (G1 Evacuation Pause) 752M->251M(840M) 8.359ms
[463.249s][info][gc,cpu      ] GC(765) User=0.01s Sys=0.00s Real=0.01s
[464.334s][info][gc,start    ] GC(766) Pause Young (Mixed) (G1 Evacuation Pause)
[464.335s][info][gc,task     ] GC(766) Using 2 workers of 2 for evacuation
[464.340s][info][gc,phases   ] GC(766)   Pre Evacuate Collection Set: 0.30ms
[464.340s][info][gc,phases   ] GC(766)   Merge Heap Roots: 0.15ms
[464.340s][info][gc,phases   ] GC(766)   Evacuate Collection Set: 4.36ms
[464.340s][info][gc,phases   ] GC(766)   Post Evacuate Collection Set: 0.77ms
[464.340s][info][gc,phases   ] GC(766)   Other: 0.09ms
[464.340s][info][gc,heap     ] GC(766) Eden regions: 501->0(501)
[464.340s][info][gc,heap     ] GC(766) Survivor regions: 3->3(63)
[464.340s][info][gc,heap     ] GC(766) Old regions: 43->41
[464.340s][info][gc,heap     ] GC(766) Humongous regions: 207->207
[464.340s][info][gc,metaspace] GC(766) Metaspace: 57625K(57984K)->57625K(57984K) NonClass: 49324K(49600K)->49324K(49600K) Class: 8300K(8384K)->8300K(8384K)
[464.340s][info][gc          ] GC(766) Pause Young (Mixed) (G1 Evacuation Pause) 752M->249M(840M) 5.857ms
[464.340s][info][gc,cpu      ] GC(766) User=0.01s Sys=0.00s Real=0.00s
[465.439s][info][gc,start    ] GC(767) Pause Young (Concurrent Start) (G1 Evacuation Pause)
[465.439s][info][gc,task     ] GC(767) Using 2 workers of 2 for evacuation
[465.445s][info][gc,phases   ] GC(767)   Pre Evacuate Collection Set: 0.33ms
[465.445s][info][gc,phases   ] GC(767)   Merge Heap Roots: 0.14ms
[465.445s][info][gc,phases   ] GC(767)   Evacuate Collection Set: 5.00ms
[465.445s][info][gc,phases   ] GC(767)   Post Evacuate Collection Set: 0.81ms
[465.445s][info][gc,phases   ] GC(767)   Other: 0.11ms
[465.445s][info][gc,heap     ] GC(767) Eden regions: 501->0(500)
[465.445s][info][gc,heap     ] GC(767) Survivor regions: 3->4(63)
[465.445s][info][gc,heap     ] GC(767) Old regions: 41->41
[465.445s][info][gc,heap     ] GC(767) Humongous regions: 207->207
[465.445s][info][gc,metaspace] GC(767) Metaspace: 57625K(57984K)->57625K(57984K) NonClass: 49324K(49600K)->49324K(49600K) Class: 8300K(8384K)->8300K(8384K)
[465.445s][info][gc          ] GC(767) Pause Young (Concurrent Start) (G1 Evacuation Pause) 750M->249M(840M) 6.609ms
[465.445s][info][gc,cpu      ] GC(767) User=0.01s Sys=0.00s Real=0.01s
[465.445s][info][gc          ] GC(768) Concurrent Mark Cycle
[465.450s][info][gc,marking  ] GC(768) Concurrent Scan Root Regions
[465.454s][info][gc,marking  ] GC(768) Concurrent Scan Root Regions 4.580ms
[465.454s][info][gc,marking  ] GC(768) Concurrent Mark
[465.454s][info][gc,marking  ] GC(768) Concurrent Mark From Roots
[465.454s][info][gc,task     ] GC(768) Using 1 workers of 1 for marking
[465.519s][info][gc,marking  ] GC(768) Concurrent Mark From Roots 65.039ms
[465.519s][info][gc,marking  ] GC(768) Concurrent Preclean
[465.519s][info][gc,marking  ] GC(768) Concurrent Preclean 0.067ms
[465.520s][info][gc,start    ] GC(768) Pause Remark
[465.531s][info][gc          ] GC(768) Pause Remark 278M->278M(840M) 10.983ms
[465.531s][info][gc,cpu      ] GC(768) User=0.02s Sys=0.00s Real=0.01s
[465.531s][info][gc,marking  ] GC(768) Concurrent Mark 77.213ms
[465.531s][info][gc,marking  ] GC(768) Concurrent Rebuild Remembered Sets and Scrub Regions
[465.564s][info][gc,marking  ] GC(768) Concurrent Rebuild Remembered Sets and Scrub Regions 32.345ms
[465.564s][info][gc,start    ] GC(768) Pause Cleanup
[465.564s][info][gc          ] GC(768) Pause Cleanup 299M->299M(840M) 0.081ms
[465.564s][info][gc,cpu      ] GC(768) User=0.00s Sys=0.00s Real=0.00s
[465.564s][info][gc,marking  ] GC(768) Concurrent Clear Claimed Marks
[465.564s][info][gc,marking  ] GC(768) Concurrent Clear Claimed Marks 0.101ms
[465.564s][info][gc,marking  ] GC(768) Concurrent Cleanup for Next Mark
[465.570s][info][gc,marking  ] GC(768) Concurrent Cleanup for Next Mark 5.999ms
[465.570s][info][gc          ] GC(768) Concurrent Mark Cycle 124.926ms
[466.532s][info][gc,start    ] GC(769) Pause Young (Prepare Mixed) (G1 Evacuation Pause)
[466.532s][info][gc,task     ] GC(769) Using 2 workers of 2 for evacuation
[466.538s][info][gc,phases   ] GC(769)   Pre Evacuate Collection Set: 0.33ms
[466.538s][info][gc,phases   ] GC(769)   Merge Heap Roots: 0.18ms
[466.538s][info][gc,phases   ] GC(769)   Evacuate Collection Set: 3.96ms
[466.538s][info][gc,phases   ] GC(769)   Post Evacuate Collection Set: 0.82ms
[466.538s][info][gc,phases   ] GC(769)   Other: 0.09ms
[466.538s][info][gc,heap     ] GC(769) Eden regions: 500->0(501)
[466.538s][info][gc,heap     ] GC(769) Survivor regions: 4->3(63)
[466.538s][info][gc,heap     ] GC(769) Old regions: 41->42
[466.538s][info][gc,heap     ] GC(769) Humongous regions: 207->207
[466.538s][info][gc,metaspace] GC(769) Metaspace: 57625K(57984K)->57625K(57984K) NonClass: 49324K(49600K)->49324K(49600K) Class: 8300K(8384K)->8300K(8384K)
[466.538s][info][gc          ] GC(769) Pause Young (Prepare Mixed) (G1 Evacuation Pause) 749M->248M(840M) 5.574ms
[466.538s][info][gc,cpu      ] GC(769) User=0.01s Sys=0.00s Real=0.01s
[467.638s][info][gc,start    ] GC(770) Pause Young (Mixed) (G1 Evacuation Pause)
[467.638s][info][gc,task     ] GC(770) Using 2 workers of 2 for evacuation
[467.643s][info][gc,phases   ] GC(770)   Pre Evacuate Collection Set: 0.32ms
[467.643s][info][gc,phases   ] GC(770)   Merge Heap Roots: 0.15ms
[467.643s][info][gc,phases   ] GC(770)   Evacuate Collection Set: 3.74ms
[467.643s][info][gc,phases   ] GC(770)   Post Evacuate Collection Set: 0.79ms
[467.644s][info][gc,phases   ] GC(770)   Other: 0.09ms
[467.644s][info][gc,heap     ] GC(770) Eden regions: 501->0(501)
[467.644s][info][gc,heap     ] GC(770) Survivor regions: 3->3(63)
[467.644s][info][gc,heap     ] GC(770) Old regions: 42->40
[467.644s][info][gc,heap     ] GC(770) Humongous regions: 207->207
[467.644s][info][gc,metaspace] GC(770) Metaspace: 57625K(57984K)->57625K(57984K) NonClass: 49324K(49600K)->49324K(49600K) Class: 8300K(8384K)->8300K(8384K)
[467.644s][info][gc          ] GC(770) Pause Young (Mixed) (G1 Evacuation Pause) 749M->246M(840M) 5.311ms
[467.644s][info][gc,cpu      ] GC(770) User=0.01s Sys=0.00s Real=0.01s
[468.737s][info][gc,start    ] GC(771) Pause Young (Concurrent Start) (G1 Evacuation Pause)
[468.737s][info][gc,task     ] GC(771) Using 2 workers of 2 for evacuation
[468.743s][info][gc,phases   ] GC(771)   Pre Evacuate Collection Set: 0.33ms
[468.743s][info][gc,phases   ] GC(771)   Merge Heap Roots: 0.14ms
[468.743s][info][gc,phases   ] GC(771)   Evacuate Collection Set: 5.06ms
[468.743s][info][gc,phases   ] GC(771)   Post Evacuate Collection Set: 0.80ms
[468.743s][info][gc,phases   ] GC(771)   Other: 0.13ms
[468.743s][info][gc,heap     ] GC(771) Eden regions: 501->0(500)
[468.743s][info][gc,heap     ] GC(771) Survivor regions: 3->4(63)
[468.743s][info][gc,heap     ] GC(771) Old regions: 40->40
[468.743s][info][gc,heap     ] GC(771) Humongous regions: 207->207
[468.743s][info][gc,metaspace] GC(771) Metaspace: 57625K(57984K)->57625K(57984K) NonClass: 49324K(49600K)->49324K(49600K) Class: 8300K(8384K)->8300K(8384K)
[468.743s][info][gc          ] GC(771) Pause Young (Concurrent Start) (G1 Evacuation Pause) 747M->247M(840M) 6.660ms
[468.743s][info][gc,cpu      ] GC(771) User=0.01s Sys=0.00s Real=0.00s
[468.744s][info][gc          ] GC(772) Concurrent Mark Cycle
[468.744s][info][gc,marking  ] GC(772) Concurrent Scan Root Regions
[468.750s][info][gc,marking  ] GC(772) Concurrent Scan Root Regions 6.366ms
[468.750s][info][gc,marking  ] GC(772) Concurrent Mark
[468.750s][info][gc,marking  ] GC(772) Concurrent Mark From Roots
[468.750s][info][gc,task     ] GC(772) Using 1 workers of 1 for marking
[468.799s][info][gc,marking  ] GC(772) Concurrent Mark From Roots 49.074ms
[468.799s][info][gc,marking  ] GC(772) Concurrent Preclean
[468.799s][info][gc,marking  ] GC(772) Concurrent Preclean 0.072ms
[468.799s][info][gc,start    ] GC(772) Pause Remark
[468.810s][info][gc          ] GC(772) Pause Remark 265M->265M(837M) 11.037ms
[468.810s][info][gc,cpu      ] GC(772) User=0.02s Sys=0.00s Real=0.01s
[468.811s][info][gc,marking  ] GC(772) Concurrent Mark 60.997ms
[468.811s][info][gc,marking  ] GC(772) Concurrent Rebuild Remembered Sets and Scrub Regions
[468.862s][info][gc,marking  ] GC(772) Concurrent Rebuild Remembered Sets and Scrub Regions 50.600ms
[468.865s][info][gc,start    ] GC(772) Pause Cleanup
[468.865s][info][gc          ] GC(772) Pause Cleanup 283M->283M(837M) 0.118ms
[468.865s][info][gc,cpu      ] GC(772) User=0.00s Sys=0.00s Real=0.00s
[468.865s][info][gc,marking  ] GC(772) Concurrent Clear Claimed Marks
[468.865s][info][gc,marking  ] GC(772) Concurrent Clear Claimed Marks 0.154ms
[468.865s][info][gc,marking  ] GC(772) Concurrent Cleanup for Next Mark
[468.886s][info][gc,marking  ] GC(772) Concurrent Cleanup for Next Mark 20.639ms
[468.886s][info][gc          ] GC(772) Concurrent Mark Cycle 142.635ms
[469.854s][info][gc,start    ] GC(773) Pause Young (Prepare Mixed) (G1 Evacuation Pause)
[469.854s][info][gc,task     ] GC(773) Using 2 workers of 2 for evacuation
[469.860s][info][gc,phases   ] GC(773)   Pre Evacuate Collection Set: 0.32ms
[469.860s][info][gc,phases   ] GC(773)   Merge Heap Roots: 0.16ms
[469.860s][info][gc,phases   ] GC(773)   Evacuate Collection Set: 4.57ms
[469.860s][info][gc,phases   ] GC(773)   Post Evacuate Collection Set: 0.83ms
[469.860s][info][gc,phases   ] GC(773)   Other: 0.12ms
[469.860s][info][gc,heap     ] GC(773) Eden regions: 498->0(498)
[469.860s][info][gc,heap     ] GC(773) Survivor regions: 4->4(63)
[469.860s][info][gc,heap     ] GC(773) Old regions: 40->41
[469.860s][info][gc,heap     ] GC(773) Humongous regions: 207->207
[469.860s][info][gc,metaspace] GC(773) Metaspace: 57625K(57984K)->57625K(57984K) NonClass: 49324K(49600K)->49324K(49600K) Class: 8300K(8384K)->8300K(8384K)
[469.860s][info][gc          ] GC(773) Pause Young (Prepare Mixed) (G1 Evacuation Pause) 745M->248M(837M) 6.213ms
[469.860s][info][gc,cpu      ] GC(773) User=0.01s Sys=0.00s Real=0.00s
[470.924s][info][gc,start    ] GC(774) Pause Young (Mixed) (G1 Evacuation Pause)
[470.924s][info][gc,task     ] GC(774) Using 2 workers of 2 for evacuation
[470.929s][info][gc,phases   ] GC(774)   Pre Evacuate Collection Set: 0.31ms
[470.929s][info][gc,phases   ] GC(774)   Merge Heap Roots: 0.16ms
[470.929s][info][gc,phases   ] GC(774)   Evacuate Collection Set: 3.39ms
[470.929s][info][gc,phases   ] GC(774)   Post Evacuate Collection Set: 0.80ms
[470.929s][info][gc,phases   ] GC(774)   Other: 0.09ms
[470.929s][info][gc,heap     ] GC(774) Eden regions: 498->0(499)
[470.929s][info][gc,heap     ] GC(774) Survivor regions: 4->3(63)
[470.929s][info][gc,heap     ] GC(774) Old regions: 41->39
[470.929s][info][gc,heap     ] GC(774) Humongous regions: 207->207
[470.929s][info][gc,metaspace] GC(774) Metaspace: 57625K(57984K)->57625K(57984K) NonClass: 49324K(49600K)->49324K(49600K) Class: 8300K(8384K)->8300K(8384K)
[470.929s][info][gc          ] GC(774) Pause Young (Mixed) (G1 Evacuation Pause) 746M->246M(837M) 4.951ms
[470.929s][info][gc,cpu      ] GC(774) User=0.01s Sys=0.00s Real=0.00s
[472.009s][info][gc,start    ] GC(775) Pause Young (Concurrent Start) (G1 Evacuation Pause)
[472.009s][info][gc,task     ] GC(775) Using 2 workers of 2 for evacuation
[472.021s][info][gc,phases   ] GC(775)   Pre Evacuate Collection Set: 0.34ms
[472.021s][info][gc,phases   ] GC(775)   Merge Heap Roots: 0.15ms
[472.021s][info][gc,phases   ] GC(775)   Evacuate Collection Set: 10.50ms
[472.021s][info][gc,phases   ] GC(775)   Post Evacuate Collection Set: 0.88ms
[472.021s][info][gc,phases   ] GC(775)   Other: 0.11ms
[472.021s][info][gc,heap     ] GC(775) Eden regions: 499->0(486)
[472.021s][info][gc,heap     ] GC(775) Survivor regions: 3->16(63)
[472.021s][info][gc,heap     ] GC(775) Old regions: 39->39
[472.021s][info][gc,heap     ] GC(775) Humongous regions: 207->207
[472.021s][info][gc,metaspace] GC(775) Metaspace: 57625K(57984K)->57625K(57984K) NonClass: 49324K(49600K)->49324K(49600K) Class: 8300K(8384K)->8300K(8384K)
[472.021s][info][gc          ] GC(775) Pause Young (Concurrent Start) (G1 Evacuation Pause) 745M->259M(837M) 12.197ms
[472.021s][info][gc,cpu      ] GC(775) User=0.02s Sys=0.00s Real=0.01s
[472.022s][info][gc          ] GC(776) Concurrent Mark Cycle
[472.022s][info][gc,marking  ] GC(776) Concurrent Scan Root Regions
[472.034s][info][gc,marking  ] GC(776) Concurrent Scan Root Regions 12.014ms
[472.034s][info][gc,marking  ] GC(776) Concurrent Mark
[472.034s][info][gc,marking  ] GC(776) Concurrent Mark From Roots
[472.034s][info][gc,task     ] GC(776) Using 1 workers of 1 for marking
[472.097s][info][gc,marking  ] GC(776) Concurrent Mark From Roots 63.181ms
[472.097s][info][gc,marking  ] GC(776) Concurrent Preclean
[472.097s][info][gc,marking  ] GC(776) Concurrent Preclean 0.066ms
[472.097s][info][gc,start    ] GC(776) Pause Remark
[472.108s][info][gc          ] GC(776) Pause Remark 299M->299M(837M) 10.858ms
[472.108s][info][gc,cpu      ] GC(776) User=0.02s Sys=0.00s Real=0.01s
[472.108s][info][gc,marking  ] GC(776) Concurrent Mark 74.864ms
[472.108s][info][gc,marking  ] GC(776) Concurrent Rebuild Remembered Sets and Scrub Regions
[472.143s][info][gc,marking  ] GC(776) Concurrent Rebuild Remembered Sets and Scrub Regions 34.682ms
[472.143s][info][gc,start    ] GC(776) Pause Cleanup
[472.143s][info][gc          ] GC(776) Pause Cleanup 322M->322M(837M) 0.103ms
[472.143s][info][gc,cpu      ] GC(776) User=0.00s Sys=0.00s Real=0.00s
[472.144s][info][gc,marking  ] GC(776) Concurrent Clear Claimed Marks
[472.144s][info][gc,marking  ] GC(776) Concurrent Clear Claimed Marks 0.101ms
[472.144s][info][gc,marking  ] GC(776) Concurrent Cleanup for Next Mark
[472.148s][info][gc,marking  ] GC(776) Concurrent Cleanup for Next Mark 4.577ms
[472.148s][info][gc          ] GC(776) Concurrent Mark Cycle 126.767ms
[473.048s][info][gc,start    ] GC(777) Pause Young (Prepare Mixed) (G1 Evacuation Pause)
[473.048s][info][gc,task     ] GC(777) Using 2 workers of 2 for evacuation
[473.054s][info][gc,phases   ] GC(777)   Pre Evacuate Collection Set: 0.30ms
[473.054s][info][gc,phases   ] GC(777)   Merge Heap Roots: 0.18ms
[473.054s][info][gc,phases   ] GC(777)   Evacuate Collection Set: 5.06ms
[473.054s][info][gc,phases   ] GC(777)   Post Evacuate Collection Set: 0.84ms
[473.054s][info][gc,phases   ] GC(777)   Other: 0.11ms
[473.054s][info][gc,heap     ] GC(777) Eden regions: 486->0(490)
[473.054s][info][gc,heap     ] GC(777) Survivor regions: 16->12(63)
[473.054s][info][gc,heap     ] GC(777) Old regions: 39->39
[473.054s][info][gc,heap     ] GC(777) Humongous regions: 207->207
[473.054s][info][gc,metaspace] GC(777) Metaspace: 57625K(57984K)->57625K(57984K) NonClass: 49324K(49600K)->49324K(49600K) Class: 8300K(8384K)->8300K(8384K)
[473.054s][info][gc          ] GC(777) Pause Young (Prepare Mixed) (G1 Evacuation Pause) 745M->255M(837M) 6.686ms
[473.054s][info][gc,cpu      ] GC(777) User=0.01s Sys=0.00s Real=0.01s
[474.133s][info][gc,start    ] GC(778) Pause Young (Mixed) (G1 Evacuation Pause)
[474.133s][info][gc,task     ] GC(778) Using 2 workers of 2 for evacuation
[474.141s][info][gc,phases   ] GC(778)   Pre Evacuate Collection Set: 0.32ms
[474.141s][info][gc,phases   ] GC(778)   Merge Heap Roots: 0.18ms
[474.141s][info][gc,phases   ] GC(778)   Evacuate Collection Set: 6.01ms
[474.141s][info][gc,phases   ] GC(778)   Post Evacuate Collection Set: 0.89ms
[474.141s][info][gc,phases   ] GC(778)   Other: 0.11ms
[474.141s][info][gc,heap     ] GC(778) Eden regions: 490->0(490)
[474.141s][info][gc,heap     ] GC(778) Survivor regions: 12->12(63)
[474.141s][info][gc,heap     ] GC(778) Old regions: 39->37
[474.141s][info][gc,heap     ] GC(778) Humongous regions: 207->207
[474.141s][info][gc,metaspace] GC(778) Metaspace: 57625K(57984K)->57625K(57984K) NonClass: 49324K(49600K)->49324K(49600K) Class: 8300K(8384K)->8300K(8384K)
[474.141s][info][gc          ] GC(778) Pause Young (Mixed) (G1 Evacuation Pause) 745M->255M(837M) 7.708ms
[474.141s][info][gc,cpu      ] GC(778) User=0.02s Sys=0.00s Real=0.01s
[475.217s][info][gc,start    ] GC(779) Pause Young (Concurrent Start) (G1 Evacuation Pause)
[475.217s][info][gc,task     ] GC(779) Using 2 workers of 2 for evacuation
[475.224s][info][gc,phases   ] GC(779)   Pre Evacuate Collection Set: 0.34ms
[475.224s][info][gc,phases   ] GC(779)   Merge Heap Roots: 0.13ms
[475.224s][info][gc,phases   ] GC(779)   Evacuate Collection Set: 5.33ms
[475.224s][info][gc,phases   ] GC(779)   Post Evacuate Collection Set: 0.85ms
[475.224s][info][gc,phases   ] GC(779)   Other: 0.11ms
[475.224s][info][gc,heap     ] GC(779) Eden regions: 490->0(490)
[475.224s][info][gc,heap     ] GC(779) Survivor regions: 12->12(63)
[475.224s][info][gc,heap     ] GC(779) Old regions: 37->37
[475.224s][info][gc,heap     ] GC(779) Humongous regions: 207->207
[475.224s][info][gc,metaspace] GC(779) Metaspace: 57625K(57984K)->57625K(57984K) NonClass: 49324K(49600K)->49324K(49600K) Class: 8300K(8384K)->8300K(8384K)
[475.224s][info][gc          ] GC(779) Pause Young (Concurrent Start) (G1 Evacuation Pause) 745M->254M(837M) 6.961ms
[475.224s][info][gc,cpu      ] GC(779) User=0.01s Sys=0.00s Real=0.01s
[475.224s][info][gc          ] GC(780) Concurrent Mark Cycle
[475.224s][info][gc,marking  ] GC(780) Concurrent Scan Root Regions
[475.229s][info][gc,marking  ] GC(780) Concurrent Scan Root Regions 4.420ms
[475.229s][info][gc,marking  ] GC(780) Concurrent Mark
[475.229s][info][gc,marking  ] GC(780) Concurrent Mark From Roots
[475.229s][info][gc,task     ] GC(780) Using 1 workers of 1 for marking
[475.282s][info][gc,marking  ] GC(780) Concurrent Mark From Roots 53.167ms
[475.282s][info][gc,marking  ] GC(780) Concurrent Preclean
[475.282s][info][gc,marking  ] GC(780) Concurrent Preclean 0.085ms
[475.283s][info][gc,start    ] GC(780) Pause Remark
[475.294s][info][gc          ] GC(780) Pause Remark 286M->286M(837M) 11.033ms
[475.294s][info][gc,cpu      ] GC(780) User=0.02s Sys=0.00s Real=0.02s
[475.294s][info][gc,marking  ] GC(780) Concurrent Mark 65.457ms
[475.294s][info][gc,marking  ] GC(780) Concurrent Rebuild Remembered Sets and Scrub Regions
[475.316s][info][gc,marking  ] GC(780) Concurrent Rebuild Remembered Sets and Scrub Regions 22.135ms
[475.317s][info][gc,start    ] GC(780) Pause Cleanup
[475.317s][info][gc          ] GC(780) Pause Cleanup 298M->298M(837M) 0.088ms
[475.317s][info][gc,cpu      ] GC(780) User=0.00s Sys=0.00s Real=0.00s
[475.317s][info][gc,marking  ] GC(780) Concurrent Clear Claimed Marks
[475.317s][info][gc,marking  ] GC(780) Concurrent Clear Claimed Marks 0.090ms
[475.317s][info][gc,marking  ] GC(780) Concurrent Cleanup for Next Mark
[475.319s][info][gc,marking  ] GC(780) Concurrent Cleanup for Next Mark 2.527ms
[475.319s][info][gc          ] GC(780) Concurrent Mark Cycle 95.666ms
[476.263s][info][gc,start    ] GC(781) Pause Young (Prepare Mixed) (G1 Evacuation Pause)
[476.263s][info][gc,task     ] GC(781) Using 2 workers of 2 for evacuation
[476.268s][info][gc,phases   ] GC(781)   Pre Evacuate Collection Set: 0.33ms
[476.268s][info][gc,phases   ] GC(781)   Merge Heap Roots: 0.17ms
[476.268s][info][gc,phases   ] GC(781)   Evacuate Collection Set: 4.07ms
[476.268s][info][gc,phases   ] GC(781)   Post Evacuate Collection Set: 0.83ms
[476.268s][info][gc,phases   ] GC(781)   Other: 0.09ms
[476.268s][info][gc,heap     ] GC(781) Eden regions: 490->0(491)
[476.268s][info][gc,heap     ] GC(781) Survivor regions: 12->11(63)
[476.269s][info][gc,heap     ] GC(781) Old regions: 37->37
[476.269s][info][gc,heap     ] GC(781) Humongous regions: 207->207
[476.269s][info][gc,metaspace] GC(781) Metaspace: 57625K(57984K)->57625K(57984K) NonClass: 49324K(49600K)->49324K(49600K) Class: 8300K(8384K)->8300K(8384K)
[476.269s][info][gc          ] GC(781) Pause Young (Prepare Mixed) (G1 Evacuation Pause) 744M->253M(837M) 5.709ms
[476.269s][info][gc,cpu      ] GC(781) User=0.01s Sys=0.00s Real=0.01s
[477.364s][info][gc,start    ] GC(782) Pause Young (Mixed) (G1 Evacuation Pause)
[477.364s][info][gc,task     ] GC(782) Using 2 workers of 2 for evacuation
[477.370s][info][gc,phases   ] GC(782)   Pre Evacuate Collection Set: 0.30ms
[477.370s][info][gc,phases   ] GC(782)   Merge Heap Roots: 0.16ms
[477.370s][info][gc,phases   ] GC(782)   Evacuate Collection Set: 4.20ms
[477.370s][info][gc,phases   ] GC(782)   Post Evacuate Collection Set: 0.84ms
[477.370s][info][gc,phases   ] GC(782)   Other: 0.09ms
[477.370s][info][gc,heap     ] GC(782) Eden regions: 491->0(491)
[477.370s][info][gc,heap     ] GC(782) Survivor regions: 11->11(63)
[477.370s][info][gc,heap     ] GC(782) Old regions: 37->35
[477.370s][info][gc,heap     ] GC(782) Humongous regions: 207->207
[477.370s][info][gc,metaspace] GC(782) Metaspace: 57625K(57984K)->57625K(57984K) NonClass: 49324K(49600K)->49324K(49600K) Class: 8300K(8384K)->8300K(8384K)
[477.370s][info][gc          ] GC(782) Pause Young (Mixed) (G1 Evacuation Pause) 744M->252M(837M) 5.805ms
[477.370s][info][gc,cpu      ] GC(782) User=0.01s Sys=0.00s Real=0.00s
[478.448s][info][gc,start    ] GC(783) Pause Young (Concurrent Start) (G1 Evacuation Pause)
[478.448s][info][gc,task     ] GC(783) Using 2 workers of 2 for evacuation
[478.457s][info][gc,phases   ] GC(783)   Pre Evacuate Collection Set: 0.37ms
[478.457s][info][gc,phases   ] GC(783)   Merge Heap Roots: 0.14ms
[478.457s][info][gc,phases   ] GC(783)   Evacuate Collection Set: 6.86ms
[478.457s][info][gc,phases   ] GC(783)   Post Evacuate Collection Set: 0.83ms
[478.457s][info][gc,phases   ] GC(783)   Other: 0.15ms
[478.457s][info][gc,heap     ] GC(783) Eden regions: 491->0(489)
[478.457s][info][gc,heap     ] GC(783) Survivor regions: 11->13(63)
[478.457s][info][gc,heap     ] GC(783) Old regions: 35->35
[478.457s][info][gc,heap     ] GC(783) Humongous regions: 207->207
[478.457s][info][gc,metaspace] GC(783) Metaspace: 57626K(57984K)->57626K(57984K) NonClass: 49325K(49600K)->49325K(49600K) Class: 8300K(8384K)->8300K(8384K)
[478.457s][info][gc          ] GC(783) Pause Young (Concurrent Start) (G1 Evacuation Pause) 743M->254M(837M) 8.578ms
[478.457s][info][gc          ] GC(784) Concurrent Mark Cycle
[478.457s][info][gc,marking  ] GC(784) Concurrent Scan Root Regions
[478.458s][info][gc,cpu      ] GC(783) User=0.01s Sys=0.00s Real=0.01s
[478.464s][info][gc,marking  ] GC(784) Concurrent Scan Root Regions 6.886ms
[478.464s][info][gc,marking  ] GC(784) Concurrent Mark
[478.464s][info][gc,marking  ] GC(784) Concurrent Mark From Roots
[478.464s][info][gc,task     ] GC(784) Using 1 workers of 1 for marking
[478.525s][info][gc,marking  ] GC(784) Concurrent Mark From Roots 60.774ms
[478.525s][info][gc,marking  ] GC(784) Concurrent Preclean
[478.525s][info][gc,marking  ] GC(784) Concurrent Preclean 0.072ms
[478.525s][info][gc,start    ] GC(784) Pause Remark
[478.536s][info][gc          ] GC(784) Pause Remark 288M->288M(837M) 11.068ms
[478.536s][info][gc,cpu      ] GC(784) User=0.02s Sys=0.00s Real=0.01s
[478.536s][info][gc,marking  ] GC(784) Concurrent Mark 72.260ms
[478.536s][info][gc,marking  ] GC(784) Concurrent Rebuild Remembered Sets and Scrub Regions
[478.553s][info][gc,marking  ] GC(784) Concurrent Rebuild Remembered Sets and Scrub Regions 17.350ms
[478.554s][info][gc,start    ] GC(784) Pause Cleanup
[478.554s][info][gc          ] GC(784) Pause Cleanup 297M->297M(837M) 0.085ms
[478.554s][info][gc,cpu      ] GC(784) User=0.00s Sys=0.00s Real=0.00s
[478.554s][info][gc,marking  ] GC(784) Concurrent Clear Claimed Marks
[478.554s][info][gc,marking  ] GC(784) Concurrent Clear Claimed Marks 0.094ms
[478.554s][info][gc,marking  ] GC(784) Concurrent Cleanup for Next Mark
[478.556s][info][gc,marking  ] GC(784) Concurrent Cleanup for Next Mark 2.563ms
[478.556s][info][gc          ] GC(784) Concurrent Mark Cycle 99.607ms
[479.519s][info][gc,start    ] GC(785) Pause Young (Prepare Mixed) (G1 Evacuation Pause)
[479.519s][info][gc,task     ] GC(785) Using 2 workers of 2 for evacuation
[479.527s][info][gc,phases   ] GC(785)   Pre Evacuate Collection Set: 0.32ms
[479.527s][info][gc,phases   ] GC(785)   Merge Heap Roots: 0.16ms
[479.527s][info][gc,phases   ] GC(785)   Evacuate Collection Set: 6.34ms
[479.527s][info][gc,phases   ] GC(785)   Post Evacuate Collection Set: 0.83ms
[479.527s][info][gc,phases   ] GC(785)   Other: 0.10ms
[479.527s][info][gc,heap     ] GC(785) Eden regions: 489->0(489)
[479.527s][info][gc,heap     ] GC(785) Survivor regions: 13->13(63)
[479.527s][info][gc,heap     ] GC(785) Old regions: 35->36
[479.527s][info][gc,heap     ] GC(785) Humongous regions: 207->207
[479.527s][info][gc,metaspace] GC(785) Metaspace: 57626K(57984K)->57626K(57984K) NonClass: 49325K(49600K)->49325K(49600K) Class: 8300K(8384K)->8300K(8384K)
[479.527s][info][gc          ] GC(785) Pause Young (Prepare Mixed) (G1 Evacuation Pause) 743M->253M(837M) 7.961ms
[479.527s][info][gc,cpu      ] GC(785) User=0.02s Sys=0.00s Real=0.01s
[480.561s][info][gc,start    ] GC(786) Pause Young (Mixed) (G1 Evacuation Pause)
[480.561s][info][gc,task     ] GC(786) Using 2 workers of 2 for evacuation
[480.567s][info][gc,phases   ] GC(786)   Pre Evacuate Collection Set: 0.29ms
[480.567s][info][gc,phases   ] GC(786)   Merge Heap Roots: 0.17ms
[480.567s][info][gc,phases   ] GC(786)   Evacuate Collection Set: 4.40ms
[480.567s][info][gc,phases   ] GC(786)   Post Evacuate Collection Set: 0.83ms
[480.567s][info][gc,phases   ] GC(786)   Other: 0.12ms
[480.567s][info][gc,heap     ] GC(786) Eden regions: 489->0(491)
[480.567s][info][gc,heap     ] GC(786) Survivor regions: 13->11(63)
[480.567s][info][gc,heap     ] GC(786) Old regions: 36->35
[480.567s][info][gc,heap     ] GC(786) Humongous regions: 207->207
[480.567s][info][gc,metaspace] GC(786) Metaspace: 57626K(57984K)->57626K(57984K) NonClass: 49325K(49600K)->49325K(49600K) Class: 8300K(8384K)->8300K(8384K)
[480.567s][info][gc          ] GC(786) Pause Young (Mixed) (G1 Evacuation Pause) 742M->252M(837M) 6.015ms
[480.567s][info][gc,cpu      ] GC(786) User=0.01s Sys=0.00s Real=0.01s
[481.627s][info][gc,start    ] GC(787) Pause Young (Concurrent Start) (G1 Evacuation Pause)
[481.628s][info][gc,task     ] GC(787) Using 2 workers of 2 for evacuation
[481.636s][info][gc,phases   ] GC(787)   Pre Evacuate Collection Set: 0.33ms
[481.636s][info][gc,phases   ] GC(787)   Merge Heap Roots: 0.14ms
[481.636s][info][gc,phases   ] GC(787)   Evacuate Collection Set: 7.12ms
[481.636s][info][gc,phases   ] GC(787)   Post Evacuate Collection Set: 0.85ms
[481.636s][info][gc,phases   ] GC(787)   Other: 0.13ms
[481.636s][info][gc,heap     ] GC(787) Eden regions: 491->0(489)
[481.636s][info][gc,heap     ] GC(787) Survivor regions: 11->13(63)
[481.636s][info][gc,heap     ] GC(787) Old regions: 35->35
[481.636s][info][gc,heap     ] GC(787) Humongous regions: 207->207
[481.636s][info][gc,metaspace] GC(787) Metaspace: 57626K(57984K)->57626K(57984K) NonClass: 49325K(49600K)->49325K(49600K) Class: 8300K(8384K)->8300K(8384K)
[481.636s][info][gc          ] GC(787) Pause Young (Concurrent Start) (G1 Evacuation Pause) 743M->254M(837M) 8.796ms
[481.636s][info][gc,cpu      ] GC(787) User=0.01s Sys=0.00s Real=0.01s
[481.636s][info][gc          ] GC(788) Concurrent Mark Cycle
[481.637s][info][gc,marking  ] GC(788) Concurrent Scan Root Regions
[481.644s][info][gc,marking  ] GC(788) Concurrent Scan Root Regions 7.395ms
[481.644s][info][gc,marking  ] GC(788) Concurrent Mark
[481.644s][info][gc,marking  ] GC(788) Concurrent Mark From Roots
[481.644s][info][gc,task     ] GC(788) Using 1 workers of 1 for marking
[481.736s][info][gc,marking  ] GC(788) Concurrent Mark From Roots 91.878ms
[481.736s][info][gc,marking  ] GC(788) Concurrent Preclean
[481.736s][info][gc,marking  ] GC(788) Concurrent Preclean 0.076ms
[481.737s][info][gc,start    ] GC(788) Pause Remark
[481.748s][info][gc          ] GC(788) Pause Remark 288M->288M(837M) 11.242ms
[481.748s][info][gc,cpu      ] GC(788) User=0.02s Sys=0.00s Real=0.01s
[481.748s][info][gc,marking  ] GC(788) Concurrent Mark 104.124ms
[481.748s][info][gc,marking  ] GC(788) Concurrent Rebuild Remembered Sets and Scrub Regions
[481.789s][info][gc,marking  ] GC(788) Concurrent Rebuild Remembered Sets and Scrub Regions 40.341ms
[481.789s][info][gc,start    ] GC(788) Pause Cleanup
[481.789s][info][gc          ] GC(788) Pause Cleanup 310M->310M(837M) 0.087ms
[481.789s][info][gc,cpu      ] GC(788) User=0.00s Sys=0.00s Real=0.00s
[481.789s][info][gc,marking  ] GC(788) Concurrent Clear Claimed Marks
[481.789s][info][gc,marking  ] GC(788) Concurrent Clear Claimed Marks 0.093ms
[481.789s][info][gc,marking  ] GC(788) Concurrent Cleanup for Next Mark
[481.794s][info][gc,marking  ] GC(788) Concurrent Cleanup for Next Mark 5.034ms
[481.794s][info][gc          ] GC(788) Concurrent Mark Cycle 157.847ms
[482.827s][info][gc,start    ] GC(789) Pause Young (Prepare Mixed) (G1 Evacuation Pause)
[482.827s][info][gc,task     ] GC(789) Using 2 workers of 2 for evacuation
[482.834s][info][gc,phases   ] GC(789)   Pre Evacuate Collection Set: 0.30ms
[482.834s][info][gc,phases   ] GC(789)   Merge Heap Roots: 0.18ms
[482.834s][info][gc,phases   ] GC(789)   Evacuate Collection Set: 5.93ms
[482.834s][info][gc,phases   ] GC(789)   Post Evacuate Collection Set: 0.84ms
[482.834s][info][gc,phases   ] GC(789)   Other: 0.10ms
[482.834s][info][gc,heap     ] GC(789) Eden regions: 489->0(490)
[482.834s][info][gc,heap     ] GC(789) Survivor regions: 13->12(63)
[482.834s][info][gc,heap     ] GC(789) Old regions: 35->35
[482.834s][info][gc,heap     ] GC(789) Humongous regions: 207->207
[482.834s][info][gc,metaspace] GC(789) Metaspace: 57626K(57984K)->57626K(57984K) NonClass: 49325K(49600K)->49325K(49600K) Class: 8300K(8384K)->8300K(8384K)
[482.834s][info][gc          ] GC(789) Pause Young (Prepare Mixed) (G1 Evacuation Pause) 743M->253M(837M) 7.539ms
[482.834s][info][gc,cpu      ] GC(789) User=0.01s Sys=0.00s Real=0.01s
[483.911s][info][gc,start    ] GC(790) Pause Young (Mixed) (G1 Evacuation Pause)
[483.911s][info][gc,task     ] GC(790) Using 2 workers of 2 for evacuation
[483.918s][info][gc,phases   ] GC(790)   Pre Evacuate Collection Set: 0.31ms
[483.918s][info][gc,phases   ] GC(790)   Merge Heap Roots: 0.18ms
[483.918s][info][gc,phases   ] GC(790)   Evacuate Collection Set: 6.22ms
[483.918s][info][gc,phases   ] GC(790)   Post Evacuate Collection Set: 0.92ms
[483.918s][info][gc,phases   ] GC(790)   Other: 0.11ms
[483.918s][info][gc,heap     ] GC(790) Eden regions: 490->0(492)
[483.918s][info][gc,heap     ] GC(790) Survivor regions: 12->10(63)
[483.918s][info][gc,heap     ] GC(790) Old regions: 35->35
[483.919s][info][gc,heap     ] GC(790) Humongous regions: 207->207
[483.919s][info][gc,metaspace] GC(790) Metaspace: 57626K(57984K)->57626K(57984K) NonClass: 49325K(49600K)->49325K(49600K) Class: 8300K(8384K)->8300K(8384K)
[483.919s][info][gc          ] GC(790) Pause Young (Mixed) (G1 Evacuation Pause) 743M->251M(837M) 7.983ms
[483.919s][info][gc,cpu      ] GC(790) User=0.02s Sys=0.00s Real=0.01s
[484.971s][info][gc,start    ] GC(791) Pause Young (Normal) (G1 Evacuation Pause)
[484.971s][info][gc,task     ] GC(791) Using 2 workers of 2 for evacuation
[484.976s][info][gc,phases   ] GC(791)   Pre Evacuate Collection Set: 0.34ms
[484.976s][info][gc,phases   ] GC(791)   Merge Heap Roots: 0.17ms
[484.976s][info][gc,phases   ] GC(791)   Evacuate Collection Set: 3.16ms
[484.976s][info][gc,phases   ] GC(791)   Post Evacuate Collection Set: 0.86ms
[484.976s][info][gc,phases   ] GC(791)   Other: 0.11ms
[484.976s][info][gc,heap     ] GC(791) Eden regions: 492->0(492)
[484.976s][info][gc,heap     ] GC(791) Survivor regions: 10->10(63)
[484.976s][info][gc,heap     ] GC(791) Old regions: 35->35
[484.976s][info][gc,heap     ] GC(791) Humongous regions: 207->207
[484.976s][info][gc,metaspace] GC(791) Metaspace: 57626K(57984K)->57626K(57984K) NonClass: 49325K(49600K)->49325K(49600K) Class: 8300K(8384K)->8300K(8384K)
[484.976s][info][gc          ] GC(791) Pause Young (Normal) (G1 Evacuation Pause) 743M->251M(837M) 4.857ms
[484.976s][info][gc,cpu      ] GC(791) User=0.01s Sys=0.00s Real=0.01s
[486.042s][info][gc,start    ] GC(792) Pause Young (Normal) (G1 Evacuation Pause)
[486.042s][info][gc,task     ] GC(792) Using 2 workers of 2 for evacuation
[486.049s][info][gc,phases   ] GC(792)   Pre Evacuate Collection Set: 0.32ms
[486.049s][info][gc,phases   ] GC(792)   Merge Heap Roots: 0.15ms
[486.049s][info][gc,phases   ] GC(792)   Evacuate Collection Set: 6.09ms
[486.049s][info][gc,phases   ] GC(792)   Post Evacuate Collection Set: 0.86ms
[486.049s][info][gc,phases   ] GC(792)   Other: 0.09ms
[486.049s][info][gc,heap     ] GC(792) Eden regions: 492->0(490)
[486.049s][info][gc,heap     ] GC(792) Survivor regions: 10->12(63)
[486.049s][info][gc,heap     ] GC(792) Old regions: 35->35
[486.049s][info][gc,heap     ] GC(792) Humongous regions: 207->207
[486.049s][info][gc,metaspace] GC(792) Metaspace: 57626K(57984K)->57626K(57984K) NonClass: 49325K(49600K)->49325K(49600K) Class: 8300K(8384K)->8300K(8384K)
[486.049s][info][gc          ] GC(792) Pause Young (Normal) (G1 Evacuation Pause) 743M->253M(837M) 7.711ms
[486.049s][info][gc,cpu      ] GC(792) User=0.02s Sys=0.00s Real=0.01s
[487.120s][info][gc,start    ] GC(793) Pause Young (Normal) (G1 Evacuation Pause)
[487.120s][info][gc,task     ] GC(793) Using 2 workers of 2 for evacuation
[487.127s][info][gc,phases   ] GC(793)   Pre Evacuate Collection Set: 0.34ms
[487.127s][info][gc,phases   ] GC(793)   Merge Heap Roots: 0.19ms
[487.127s][info][gc,phases   ] GC(793)   Evacuate Collection Set: 5.44ms
[487.127s][info][gc,phases   ] GC(793)   Post Evacuate Collection Set: 0.88ms
[487.127s][info][gc,phases   ] GC(793)   Other: 0.10ms
[487.127s][info][gc,heap     ] GC(793) Eden regions: 490->0(491)
[487.127s][info][gc,heap     ] GC(793) Survivor regions: 12->11(63)
[487.128s][info][gc,heap     ] GC(793) Old regions: 35->36
[487.128s][info][gc,heap     ] GC(793) Humongous regions: 207->207
[487.128s][info][gc,metaspace] GC(793) Metaspace: 57626K(57984K)->57626K(57984K) NonClass: 49325K(49600K)->49325K(49600K) Class: 8300K(8384K)->8300K(8384K)
[487.128s][info][gc          ] GC(793) Pause Young (Normal) (G1 Evacuation Pause) 743M->252M(837M) 7.184ms
[487.128s][info][gc,cpu      ] GC(793) User=0.01s Sys=0.00s Real=0.01s
[488.219s][info][gc,start    ] GC(794) Pause Young (Normal) (G1 Evacuation Pause)
[488.219s][info][gc,task     ] GC(794) Using 2 workers of 2 for evacuation
[488.225s][info][gc,phases   ] GC(794)   Pre Evacuate Collection Set: 0.31ms
[488.225s][info][gc,phases   ] GC(794)   Merge Heap Roots: 0.14ms
[488.225s][info][gc,phases   ] GC(794)   Evacuate Collection Set: 5.06ms
[488.225s][info][gc,phases   ] GC(794)   Post Evacuate Collection Set: 0.83ms
[488.225s][info][gc,phases   ] GC(794)   Other: 0.10ms
[488.225s][info][gc,heap     ] GC(794) Eden regions: 491->0(500)
[488.225s][info][gc,heap     ] GC(794) Survivor regions: 11->2(63)
[488.226s][info][gc,heap     ] GC(794) Old regions: 36->44
[488.226s][info][gc,heap     ] GC(794) Humongous regions: 207->207
[488.226s][info][gc,metaspace] GC(794) Metaspace: 57626K(57984K)->57626K(57984K) NonClass: 49325K(49600K)->49325K(49600K) Class: 8300K(8384K)->8300K(8384K)
[488.226s][info][gc          ] GC(794) Pause Young (Normal) (G1 Evacuation Pause) 743M->252M(837M) 6.653ms
[488.226s][info][gc,cpu      ] GC(794) User=0.01s Sys=0.01s Real=0.01s
[489.315s][info][gc,start    ] GC(795) Pause Young (Concurrent Start) (G1 Evacuation Pause)
[489.315s][info][gc,task     ] GC(795) Using 2 workers of 2 for evacuation
[489.324s][info][gc,phases   ] GC(795)   Pre Evacuate Collection Set: 0.31ms
[489.324s][info][gc,phases   ] GC(795)   Merge Heap Roots: 0.14ms
[489.324s][info][gc,phases   ] GC(795)   Evacuate Collection Set: 7.33ms
[489.324s][info][gc,phases   ] GC(795)   Post Evacuate Collection Set: 0.84ms
[489.324s][info][gc,phases   ] GC(795)   Other: 0.11ms
[489.324s][info][gc,heap     ] GC(795) Eden regions: 500->0(500)
[489.324s][info][gc,heap     ] GC(795) Survivor regions: 2->2(63)
[489.324s][info][gc,heap     ] GC(795) Old regions: 44->44
[489.324s][info][gc,heap     ] GC(795) Humongous regions: 207->207
[489.324s][info][gc,metaspace] GC(795) Metaspace: 57626K(57984K)->57626K(57984K) NonClass: 49325K(49600K)->49325K(49600K) Class: 8300K(8384K)->8300K(8384K)
[489.324s][info][gc          ] GC(795) Pause Young (Concurrent Start) (G1 Evacuation Pause) 752M->252M(837M) 8.932ms
[489.324s][info][gc,cpu      ] GC(795) User=0.01s Sys=0.01s Real=0.01s
[489.324s][info][gc          ] GC(796) Concurrent Mark Cycle
[489.324s][info][gc,marking  ] GC(796) Concurrent Scan Root Regions
[489.328s][info][gc,marking  ] GC(796) Concurrent Scan Root Regions 4.589ms
[489.328s][info][gc,marking  ] GC(796) Concurrent Mark
[489.328s][info][gc,marking  ] GC(796) Concurrent Mark From Roots
[489.328s][info][gc,task     ] GC(796) Using 1 workers of 1 for marking
[489.396s][info][gc,marking  ] GC(796) Concurrent Mark From Roots 67.059ms
[489.396s][info][gc,marking  ] GC(796) Concurrent Preclean
[489.396s][info][gc,marking  ] GC(796) Concurrent Preclean 0.069ms
[489.396s][info][gc,start    ] GC(796) Pause Remark
[489.408s][info][gc          ] GC(796) Pause Remark 289M->289M(837M) 11.918ms
[489.408s][info][gc,cpu      ] GC(796) User=0.02s Sys=0.00s Real=0.01s
[489.409s][info][gc,marking  ] GC(796) Concurrent Mark 80.278ms
[489.409s][info][gc,marking  ] GC(796) Concurrent Rebuild Remembered Sets and Scrub Regions
[489.443s][info][gc,marking  ] GC(796) Concurrent Rebuild Remembered Sets and Scrub Regions 34.248ms
[489.443s][info][gc,start    ] GC(796) Pause Cleanup
[489.443s][info][gc          ] GC(796) Pause Cleanup 311M->311M(837M) 0.089ms
[489.443s][info][gc,cpu      ] GC(796) User=0.00s Sys=0.00s Real=0.00s
[489.443s][info][gc,marking  ] GC(796) Concurrent Clear Claimed Marks
[489.443s][info][gc,marking  ] GC(796) Concurrent Clear Claimed Marks 0.094ms
[489.443s][info][gc,marking  ] GC(796) Concurrent Cleanup for Next Mark
[489.446s][info][gc,marking  ] GC(796) Concurrent Cleanup for Next Mark 2.529ms
[489.446s][info][gc          ] GC(796) Concurrent Mark Cycle 122.238ms
[490.413s][info][gc,start    ] GC(797) Pause Young (Prepare Mixed) (G1 Evacuation Pause)
[490.413s][info][gc,task     ] GC(797) Using 2 workers of 2 for evacuation
[490.417s][info][gc,phases   ] GC(797)   Pre Evacuate Collection Set: 0.30ms
[490.417s][info][gc,phases   ] GC(797)   Merge Heap Roots: 0.18ms
[490.417s][info][gc,phases   ] GC(797)   Evacuate Collection Set: 2.89ms
[490.417s][info][gc,phases   ] GC(797)   Post Evacuate Collection Set: 0.78ms
[490.417s][info][gc,phases   ] GC(797)   Other: 0.11ms
[490.417s][info][gc,heap     ] GC(797) Eden regions: 500->0(501)
[490.417s][info][gc,heap     ] GC(797) Survivor regions: 2->1(63)
[490.417s][info][gc,heap     ] GC(797) Old regions: 44->44
[490.417s][info][gc,heap     ] GC(797) Humongous regions: 207->207
[490.417s][info][gc,metaspace] GC(797) Metaspace: 57626K(57984K)->57626K(57984K) NonClass: 49325K(49600K)->49325K(49600K) Class: 8300K(8384K)->8300K(8384K)
[490.418s][info][gc          ] GC(797) Pause Young (Prepare Mixed) (G1 Evacuation Pause) 752M->251M(837M) 4.498ms
[490.418s][info][gc,cpu      ] GC(797) User=0.01s Sys=0.00s Real=0.01s
[491.514s][info][gc,start    ] GC(798) Pause Young (Mixed) (G1 Evacuation Pause)
[491.514s][info][gc,task     ] GC(798) Using 2 workers of 2 for evacuation
[491.521s][info][gc,phases   ] GC(798)   Pre Evacuate Collection Set: 0.31ms
[491.521s][info][gc,phases   ] GC(798)   Merge Heap Roots: 0.20ms
[491.521s][info][gc,phases   ] GC(798)   Evacuate Collection Set: 5.49ms
[491.521s][info][gc,phases   ] GC(798)   Post Evacuate Collection Set: 0.90ms
[491.521s][info][gc,phases   ] GC(798)   Other: 0.10ms
[491.521s][info][gc,heap     ] GC(798) Eden regions: 501->0(500)
[491.521s][info][gc,heap     ] GC(798) Survivor regions: 1->2(63)
[491.521s][info][gc,heap     ] GC(798) Old regions: 44->44
[491.521s][info][gc,heap     ] GC(798) Humongous regions: 207->207
[491.521s][info][gc,metaspace] GC(798) Metaspace: 57626K(57984K)->57626K(57984K) NonClass: 49325K(49600K)->49325K(49600K) Class: 8300K(8384K)->8300K(8384K)
[491.521s][info][gc          ] GC(798) Pause Young (Mixed) (G1 Evacuation Pause) 752M->251M(837M) 7.226ms
[491.521s][info][gc,cpu      ] GC(798) User=0.02s Sys=0.00s Real=0.00s
[492.374s][info][gc,start    ] GC(799) Pause Young (Concurrent Start) (G1 Humongous Allocation)
[492.374s][info][gc,task     ] GC(799) Using 2 workers of 2 for evacuation
[492.377s][info][gc,phases   ] GC(799)   Pre Evacuate Collection Set: 0.32ms
[492.377s][info][gc,phases   ] GC(799)   Merge Heap Roots: 0.14ms
[492.377s][info][gc,phases   ] GC(799)   Evacuate Collection Set: 2.21ms
[492.377s][info][gc,phases   ] GC(799)   Post Evacuate Collection Set: 0.69ms
[492.377s][info][gc,phases   ] GC(799)   Other: 0.11ms
[492.377s][info][gc,heap     ] GC(799) Eden regions: 403->0(501)
[492.377s][info][gc,heap     ] GC(799) Survivor regions: 2->1(63)
[492.377s][info][gc,heap     ] GC(799) Old regions: 44->44
[492.377s][info][gc,heap     ] GC(799) Humongous regions: 207->207
[492.377s][info][gc,metaspace] GC(799) Metaspace: 57629K(57984K)->57629K(57984K) NonClass: 49328K(49600K)->49328K(49600K) Class: 8300K(8384K)->8300K(8384K)
[492.377s][info][gc          ] GC(799) Pause Young (Concurrent Start) (G1 Humongous Allocation) 654M->251M(837M) 3.675ms
[492.377s][info][gc,cpu      ] GC(799) User=0.01s Sys=0.00s Real=0.01s
[492.377s][info][gc          ] GC(800) Concurrent Undo Cycle
[492.377s][info][gc,marking  ] GC(800) Concurrent Clear Claimed Marks
[492.377s][info][gc,marking  ] GC(800) Concurrent Clear Claimed Marks 0.076ms
[492.378s][info][gc,marking  ] GC(800) Concurrent Cleanup for Next Mark
[492.378s][info][gc,marking  ] GC(800) Concurrent Cleanup for Next Mark 0.863ms
[492.378s][info][gc          ] GC(800) Concurrent Undo Cycle 1.011ms
[492.540s][info][gc,start    ] GC(801) Pause Young (Concurrent Start) (G1 Humongous Allocation)
[492.540s][info][gc,task     ] GC(801) Using 2 workers of 2 for evacuation
[492.542s][info][gc,phases   ] GC(801)   Pre Evacuate Collection Set: 0.33ms
[492.542s][info][gc,phases   ] GC(801)   Merge Heap Roots: 0.07ms
[492.542s][info][gc,phases   ] GC(801)   Evacuate Collection Set: 1.87ms
[492.542s][info][gc,phases   ] GC(801)   Post Evacuate Collection Set: 0.41ms
[492.542s][info][gc,phases   ] GC(801)   Other: 0.09ms
[492.542s][info][gc,heap     ] GC(801) Eden regions: 2->0(501)
[492.542s][info][gc,heap     ] GC(801) Survivor regions: 1->1(63)
[492.542s][info][gc,heap     ] GC(801) Old regions: 44->44
[492.543s][info][gc,heap     ] GC(801) Humongous regions: 246->246
[492.543s][info][gc,metaspace] GC(801) Metaspace: 57629K(57984K)->57629K(57984K) NonClass: 49328K(49600K)->49328K(49600K) Class: 8300K(8384K)->8300K(8384K)
[492.543s][info][gc          ] GC(801) Pause Young (Concurrent Start) (G1 Humongous Allocation) 291M->290M(837M) 3.046ms
[492.543s][info][gc          ] GC(802) Concurrent Mark Cycle
[492.543s][info][gc,marking  ] GC(802) Concurrent Scan Root Regions
[492.543s][info][gc,cpu      ] GC(801) User=0.01s Sys=0.00s Real=0.00s
[492.545s][info][gc,marking  ] GC(802) Concurrent Scan Root Regions 2.211ms
[492.545s][info][gc,marking  ] GC(802) Concurrent Mark
[492.545s][info][gc,marking  ] GC(802) Concurrent Mark From Roots
[492.545s][info][gc,task     ] GC(802) Using 1 workers of 1 for marking
[492.590s][info][gc,marking  ] GC(802) Concurrent Mark From Roots 45.127ms
[492.590s][info][gc,marking  ] GC(802) Concurrent Preclean
[492.590s][info][gc,marking  ] GC(802) Concurrent Preclean 0.072ms
[492.590s][info][gc,start    ] GC(802) Pause Remark
[492.601s][info][gc          ] GC(802) Pause Remark 329M->329M(837M) 11.157ms
[492.602s][info][gc,cpu      ] GC(802) User=0.02s Sys=0.00s Real=0.01s
[492.602s][info][gc,marking  ] GC(802) Concurrent Mark 57.426ms
[492.602s][info][gc,marking  ] GC(802) Concurrent Rebuild Remembered Sets and Scrub Regions
[492.620s][info][gc,marking  ] GC(802) Concurrent Rebuild Remembered Sets and Scrub Regions 17.716ms
[492.620s][info][gc,start    ] GC(802) Pause Cleanup
[492.620s][info][gc          ] GC(802) Pause Cleanup 329M->329M(837M) 0.091ms
[492.620s][info][gc,cpu      ] GC(802) User=0.00s Sys=0.00s Real=0.00s
[492.620s][info][gc,marking  ] GC(802) Concurrent Clear Claimed Marks
[492.620s][info][gc,marking  ] GC(802) Concurrent Clear Claimed Marks 0.093ms
[492.620s][info][gc,marking  ] GC(802) Concurrent Cleanup for Next Mark
[492.623s][info][gc,marking  ] GC(802) Concurrent Cleanup for Next Mark 2.712ms
[492.623s][info][gc          ] GC(802) Concurrent Mark Cycle 80.641ms
[496.504s][info][gc,start    ] GC(803) Pause Young (Prepare Mixed) (G1 Evacuation Pause)
[496.504s][info][gc,task     ] GC(803) Using 2 workers of 2 for evacuation
[496.524s][info][gc,phases   ] GC(803)   Pre Evacuate Collection Set: 0.34ms
[496.524s][info][gc,phases   ] GC(803)   Merge Heap Roots: 0.17ms
[496.524s][info][gc,phases   ] GC(803)   Evacuate Collection Set: 18.31ms
[496.524s][info][gc,phases   ] GC(803)   Post Evacuate Collection Set: 1.08ms
[496.524s][info][gc,phases   ] GC(803)   Other: 0.11ms
[496.524s][info][gc,heap     ] GC(803) Eden regions: 429->0(493)
[496.524s][info][gc,heap     ] GC(803) Survivor regions: 1->23(63)
[496.524s][info][gc,heap     ] GC(803) Old regions: 44->44
[496.524s][info][gc,heap     ] GC(803) Humongous regions: 363->207
[496.524s][info][gc,metaspace] GC(803) Metaspace: 57787K(58112K)->57787K(58112K) NonClass: 49486K(49728K)->49486K(49728K) Class: 8300K(8384K)->8300K(8384K)
[496.524s][info][gc          ] GC(803) Pause Young (Prepare Mixed) (G1 Evacuation Pause) 836M->273M(860M) 20.218ms
[496.524s][info][gc,cpu      ] GC(803) User=0.02s Sys=0.01s Real=0.02s
[497.543s][info][gc,start    ] GC(804) Pause Young (Mixed) (G1 Evacuation Pause)
[497.543s][info][gc,task     ] GC(804) Using 2 workers of 2 for evacuation
[497.557s][info][gc,phases   ] GC(804)   Pre Evacuate Collection Set: 0.32ms
[497.557s][info][gc,phases   ] GC(804)   Merge Heap Roots: 0.17ms
[497.557s][info][gc,phases   ] GC(804)   Evacuate Collection Set: 12.08ms
[497.557s][info][gc,phases   ] GC(804)   Post Evacuate Collection Set: 1.34ms
[497.557s][info][gc,phases   ] GC(804)   Other: 0.12ms
[497.557s][info][gc,heap     ] GC(804) Eden regions: 493->0(491)
[497.557s][info][gc,heap     ] GC(804) Survivor regions: 23->25(65)
[497.557s][info][gc,heap     ] GC(804) Old regions: 44->44
[497.557s][info][gc,heap     ] GC(804) Humongous regions: 207->207
[497.557s][info][gc,metaspace] GC(804) Metaspace: 57787K(58112K)->57787K(58112K) NonClass: 49486K(49728K)->49486K(49728K) Class: 8300K(8384K)->8300K(8384K)
[497.557s][info][gc          ] GC(804) Pause Young (Mixed) (G1 Evacuation Pause) 766M->275M(860M) 14.277ms
[497.557s][info][gc,cpu      ] GC(804) User=0.02s Sys=0.00s Real=0.02s
[498.634s][info][gc,start    ] GC(805) Pause Young (Concurrent Start) (G1 Evacuation Pause)
[498.634s][info][gc,task     ] GC(805) Using 2 workers of 2 for evacuation
[498.646s][info][gc,phases   ] GC(805)   Pre Evacuate Collection Set: 0.32ms
[498.646s][info][gc,phases   ] GC(805)   Merge Heap Roots: 0.16ms
[498.646s][info][gc,phases   ] GC(805)   Evacuate Collection Set: 10.02ms
[498.646s][info][gc,phases   ] GC(805)   Post Evacuate Collection Set: 0.97ms
[498.646s][info][gc,phases   ] GC(805)   Other: 0.15ms
[498.646s][info][gc,heap     ] GC(805) Eden regions: 491->0(491)
[498.646s][info][gc,heap     ] GC(805) Survivor regions: 25->25(65)
[498.646s][info][gc,heap     ] GC(805) Old regions: 44->44
[498.646s][info][gc,heap     ] GC(805) Humongous regions: 207->207
[498.646s][info][gc,metaspace] GC(805) Metaspace: 57788K(58112K)->57788K(58112K) NonClass: 49487K(49728K)->49487K(49728K) Class: 8300K(8384K)->8300K(8384K)
[498.646s][info][gc          ] GC(805) Pause Young (Concurrent Start) (G1 Evacuation Pause) 766M->275M(860M) 11.854ms
[498.646s][info][gc          ] GC(806) Concurrent Mark Cycle
[498.646s][info][gc,marking  ] GC(806) Concurrent Scan Root Regions
[498.647s][info][gc,cpu      ] GC(805) User=0.02s Sys=0.00s Real=0.01s
[498.657s][info][gc,marking  ] GC(806) Concurrent Scan Root Regions 10.758ms
[498.657s][info][gc,marking  ] GC(806) Concurrent Mark
[498.657s][info][gc,marking  ] GC(806) Concurrent Mark From Roots
[498.657s][info][gc,task     ] GC(806) Using 1 workers of 1 for marking
[498.718s][info][gc,marking  ] GC(806) Concurrent Mark From Roots 60.932ms
[498.718s][info][gc,marking  ] GC(806) Concurrent Preclean
[498.718s][info][gc,marking  ] GC(806) Concurrent Preclean 0.054ms
[498.718s][info][gc,start    ] GC(806) Pause Remark
[498.729s][info][gc          ] GC(806) Pause Remark 308M->308M(860M) 11.590ms
[498.729s][info][gc,cpu      ] GC(806) User=0.02s Sys=0.00s Real=0.01s
[498.730s][info][gc,marking  ] GC(806) Concurrent Mark 72.945ms
[498.730s][info][gc,marking  ] GC(806) Concurrent Rebuild Remembered Sets and Scrub Regions
[498.766s][info][gc,marking  ] GC(806) Concurrent Rebuild Remembered Sets and Scrub Regions 36.374ms
[498.766s][info][gc,start    ] GC(806) Pause Cleanup
[498.766s][info][gc          ] GC(806) Pause Cleanup 333M->333M(860M) 0.093ms
[498.766s][info][gc,cpu      ] GC(806) User=0.00s Sys=0.00s Real=0.00s
[498.767s][info][gc,marking  ] GC(806) Concurrent Clear Claimed Marks
[498.767s][info][gc,marking  ] GC(806) Concurrent Clear Claimed Marks 0.117ms
[498.767s][info][gc,marking  ] GC(806) Concurrent Cleanup for Next Mark
[498.773s][info][gc,marking  ] GC(806) Concurrent Cleanup for Next Mark 5.453ms
[498.773s][info][gc          ] GC(806) Concurrent Mark Cycle 126.789ms
[499.720s][info][gc,start    ] GC(807) Pause Young (Prepare Mixed) (G1 Evacuation Pause)
[499.720s][info][gc,task     ] GC(807) Using 2 workers of 2 for evacuation
[499.730s][info][gc,phases   ] GC(807)   Pre Evacuate Collection Set: 0.31ms
[499.730s][info][gc,phases   ] GC(807)   Merge Heap Roots: 0.18ms
[499.730s][info][gc,phases   ] GC(807)   Evacuate Collection Set: 8.62ms
[499.730s][info][gc,phases   ] GC(807)   Post Evacuate Collection Set: 0.93ms
[499.730s][info][gc,phases   ] GC(807)   Other: 0.10ms
[499.730s][info][gc,heap     ] GC(807) Eden regions: 491->0(492)
[499.730s][info][gc,heap     ] GC(807) Survivor regions: 25->24(65)
[499.730s][info][gc,heap     ] GC(807) Old regions: 44->44
[499.730s][info][gc,heap     ] GC(807) Humongous regions: 207->207
[499.730s][info][gc,metaspace] GC(807) Metaspace: 57788K(58112K)->57788K(58112K) NonClass: 49487K(49728K)->49487K(49728K) Class: 8300K(8384K)->8300K(8384K)
[499.730s][info][gc          ] GC(807) Pause Young (Prepare Mixed) (G1 Evacuation Pause) 766M->274M(860M) 10.362ms
[499.730s][info][gc,cpu      ] GC(807) User=0.02s Sys=0.00s Real=0.01s
[500.810s][info][gc,start    ] GC(808) Pause Young (Mixed) (G1 Evacuation Pause)
[500.810s][info][gc,task     ] GC(808) Using 2 workers of 2 for evacuation
[500.820s][info][gc,phases   ] GC(808)   Pre Evacuate Collection Set: 0.30ms
[500.820s][info][gc,phases   ] GC(808)   Merge Heap Roots: 0.18ms
[500.820s][info][gc,phases   ] GC(808)   Evacuate Collection Set: 8.60ms
[500.820s][info][gc,phases   ] GC(808)   Post Evacuate Collection Set: 0.91ms
[500.820s][info][gc,phases   ] GC(808)   Other: 0.10ms
[500.820s][info][gc,heap     ] GC(808) Eden regions: 492->0(492)
[500.820s][info][gc,heap     ] GC(808) Survivor regions: 24->24(65)
[500.820s][info][gc,heap     ] GC(808) Old regions: 44->44
[500.820s][info][gc,heap     ] GC(808) Humongous regions: 207->207
[500.820s][info][gc,metaspace] GC(808) Metaspace: 57788K(58112K)->57788K(58112K) NonClass: 49487K(49728K)->49487K(49728K) Class: 8300K(8384K)->8300K(8384K)
[500.820s][info][gc          ] GC(808) Pause Young (Mixed) (G1 Evacuation Pause) 766M->273M(860M) 10.303ms
[500.820s][info][gc,cpu      ] GC(808) User=0.02s Sys=0.00s Real=0.01s
[501.858s][info][gc,start    ] GC(809) Pause Young (Concurrent Start) (G1 Evacuation Pause)
[501.859s][info][gc,task     ] GC(809) Using 2 workers of 2 for evacuation
[501.869s][info][gc,phases   ] GC(809)   Pre Evacuate Collection Set: 0.33ms
[501.869s][info][gc,phases   ] GC(809)   Merge Heap Roots: 0.17ms
[501.869s][info][gc,phases   ] GC(809)   Evacuate Collection Set: 8.77ms
[501.869s][info][gc,phases   ] GC(809)   Post Evacuate Collection Set: 0.88ms
[501.869s][info][gc,phases   ] GC(809)   Other: 0.13ms
[501.869s][info][gc,heap     ] GC(809) Eden regions: 492->0(492)
[501.869s][info][gc,heap     ] GC(809) Survivor regions: 24->24(65)
[501.869s][info][gc,heap     ] GC(809) Old regions: 44->44
[501.869s][info][gc,heap     ] GC(809) Humongous regions: 207->207
[501.869s][info][gc,metaspace] GC(809) Metaspace: 57788K(58112K)->57788K(58112K) NonClass: 49487K(49728K)->49487K(49728K) Class: 8300K(8384K)->8300K(8384K)
[501.869s][info][gc          ] GC(809) Pause Young (Concurrent Start) (G1 Evacuation Pause) 765M->273M(860M) 10.485ms
[501.869s][info][gc,cpu      ] GC(809) User=0.02s Sys=0.00s Real=0.01s
[501.869s][info][gc          ] GC(810) Concurrent Mark Cycle
[501.870s][info][gc,marking  ] GC(810) Concurrent Scan Root Regions
[501.877s][info][gc,marking  ] GC(810) Concurrent Scan Root Regions 6.806ms
[501.877s][info][gc,marking  ] GC(810) Concurrent Mark
[501.877s][info][gc,marking  ] GC(810) Concurrent Mark From Roots
[501.877s][info][gc,task     ] GC(810) Using 1 workers of 1 for marking
[501.933s][info][gc,marking  ] GC(810) Concurrent Mark From Roots 56.023ms
[501.933s][info][gc,marking  ] GC(810) Concurrent Preclean
[501.933s][info][gc,marking  ] GC(810) Concurrent Preclean 0.054ms
[501.935s][info][gc,start    ] GC(810) Pause Remark
[501.947s][info][gc          ] GC(810) Pause Remark 298M->298M(860M) 11.969ms
[501.947s][info][gc,cpu      ] GC(810) User=0.02s Sys=0.00s Real=0.01s
[501.947s][info][gc,marking  ] GC(810) Concurrent Mark 69.659ms
[501.947s][info][gc,marking  ] GC(810) Concurrent Rebuild Remembered Sets and Scrub Regions
[501.988s][info][gc,marking  ] GC(810) Concurrent Rebuild Remembered Sets and Scrub Regions 41.435ms
[501.989s][info][gc,start    ] GC(810) Pause Cleanup
[501.989s][info][gc          ] GC(810) Pause Cleanup 320M->320M(860M) 0.089ms
[501.989s][info][gc,cpu      ] GC(810) User=0.00s Sys=0.00s Real=0.00s
[501.989s][info][gc,marking  ] GC(810) Concurrent Clear Claimed Marks
[501.989s][info][gc,marking  ] GC(810) Concurrent Clear Claimed Marks 0.090ms
[501.989s][info][gc,marking  ] GC(810) Concurrent Cleanup for Next Mark
[501.994s][info][gc,marking  ] GC(810) Concurrent Cleanup for Next Mark 5.002ms
[501.994s][info][gc          ] GC(810) Concurrent Mark Cycle 124.891ms
[502.954s][info][gc,start    ] GC(811) Pause Young (Prepare Mixed) (G1 Evacuation Pause)
[502.954s][info][gc,task     ] GC(811) Using 2 workers of 2 for evacuation
[502.968s][info][gc,phases   ] GC(811)   Pre Evacuate Collection Set: 0.39ms
[502.968s][info][gc,phases   ] GC(811)   Merge Heap Roots: 0.20ms
[502.968s][info][gc,phases   ] GC(811)   Evacuate Collection Set: 11.40ms
[502.968s][info][gc,phases   ] GC(811)   Post Evacuate Collection Set: 1.20ms
[502.968s][info][gc,phases   ] GC(811)   Other: 0.17ms
[502.968s][info][gc,heap     ] GC(811) Eden regions: 492->0(492)
[502.968s][info][gc,heap     ] GC(811) Survivor regions: 24->24(65)
[502.968s][info][gc,heap     ] GC(811) Old regions: 44->44
[502.968s][info][gc,heap     ] GC(811) Humongous regions: 207->207
[502.968s][info][gc,metaspace] GC(811) Metaspace: 57788K(58112K)->57788K(58112K) NonClass: 49487K(49728K)->49487K(49728K) Class: 8300K(8384K)->8300K(8384K)
[502.968s][info][gc          ] GC(811) Pause Young (Prepare Mixed) (G1 Evacuation Pause) 765M->274M(860M) 13.581ms
[502.968s][info][gc,cpu      ] GC(811) User=0.03s Sys=0.00s Real=0.01s
[504.031s][info][gc,start    ] GC(812) Pause Young (Mixed) (G1 Evacuation Pause)
[504.031s][info][gc,task     ] GC(812) Using 2 workers of 2 for evacuation
[504.046s][info][gc,phases   ] GC(812)   Pre Evacuate Collection Set: 0.35ms
[504.046s][info][gc,phases   ] GC(812)   Merge Heap Roots: 0.16ms
[504.046s][info][gc,phases   ] GC(812)   Evacuate Collection Set: 13.22ms
[504.046s][info][gc,phases   ] GC(812)   Post Evacuate Collection Set: 0.96ms
[504.046s][info][gc,phases   ] GC(812)   Other: 0.10ms
[504.046s][info][gc,heap     ] GC(812) Eden regions: 492->0(490)
[504.046s][info][gc,heap     ] GC(812) Survivor regions: 24->26(65)
[504.046s][info][gc,heap     ] GC(812) Old regions: 44->44
[504.046s][info][gc,heap     ] GC(812) Humongous regions: 207->207
[504.046s][info][gc,metaspace] GC(812) Metaspace: 57788K(58112K)->57788K(58112K) NonClass: 49487K(49728K)->49487K(49728K) Class: 8300K(8384K)->8300K(8384K)
[504.046s][info][gc          ] GC(812) Pause Young (Mixed) (G1 Evacuation Pause) 766M->275M(860M) 15.070ms
[504.046s][info][gc,cpu      ] GC(812) User=0.03s Sys=0.00s Real=0.02s
[505.113s][info][gc,start    ] GC(813) Pause Young (Concurrent Start) (G1 Evacuation Pause)
[505.113s][info][gc,task     ] GC(813) Using 2 workers of 2 for evacuation
[505.123s][info][gc,phases   ] GC(813)   Pre Evacuate Collection Set: 0.34ms
[505.123s][info][gc,phases   ] GC(813)   Merge Heap Roots: 0.16ms
[505.123s][info][gc,phases   ] GC(813)   Evacuate Collection Set: 8.61ms
[505.123s][info][gc,phases   ] GC(813)   Post Evacuate Collection Set: 0.94ms
[505.123s][info][gc,phases   ] GC(813)   Other: 0.14ms
[505.123s][info][gc,heap     ] GC(813) Eden regions: 490->0(492)
[505.124s][info][gc,heap     ] GC(813) Survivor regions: 26->24(65)
[505.124s][info][gc,heap     ] GC(813) Old regions: 44->44
[505.124s][info][gc,heap     ] GC(813) Humongous regions: 207->207
[505.124s][info][gc,metaspace] GC(813) Metaspace: 57788K(58112K)->57788K(58112K) NonClass: 49487K(49728K)->49487K(49728K) Class: 8300K(8384K)->8300K(8384K)
[505.124s][info][gc          ] GC(813) Pause Young (Concurrent Start) (G1 Evacuation Pause) 765M->274M(860M) 10.451ms
[505.124s][info][gc          ] GC(814) Concurrent Mark Cycle
[505.124s][info][gc,marking  ] GC(814) Concurrent Scan Root Regions
[505.124s][info][gc,cpu      ] GC(813) User=0.02s Sys=0.00s Real=0.02s
[505.134s][info][gc,marking  ] GC(814) Concurrent Scan Root Regions 10.343ms
[505.134s][info][gc,marking  ] GC(814) Concurrent Mark
[505.134s][info][gc,marking  ] GC(814) Concurrent Mark From Roots
[505.134s][info][gc,task     ] GC(814) Using 1 workers of 1 for marking
[505.208s][info][gc,marking  ] GC(814) Concurrent Mark From Roots 74.104ms
[505.208s][info][gc,marking  ] GC(814) Concurrent Preclean
[505.208s][info][gc,marking  ] GC(814) Concurrent Preclean 0.063ms
[505.209s][info][gc,start    ] GC(814) Pause Remark
[505.239s][info][gc          ] GC(814) Pause Remark 300M->300M(860M) 30.774ms
[505.240s][info][gc,cpu      ] GC(814) User=0.02s Sys=0.00s Real=0.03s
[505.240s][info][gc,marking  ] GC(814) Concurrent Mark 106.153ms
[505.240s][info][gc,marking  ] GC(814) Concurrent Rebuild Remembered Sets and Scrub Regions
[505.287s][info][gc,marking  ] GC(814) Concurrent Rebuild Remembered Sets and Scrub Regions 46.279ms
[505.287s][info][gc,start    ] GC(814) Pause Cleanup
[505.287s][info][gc          ] GC(814) Pause Cleanup 309M->309M(860M) 0.091ms
[505.287s][info][gc,cpu      ] GC(814) User=0.00s Sys=0.00s Real=0.00s
[505.287s][info][gc,marking  ] GC(814) Concurrent Clear Claimed Marks
[505.287s][info][gc,marking  ] GC(814) Concurrent Clear Claimed Marks 0.094ms
[505.287s][info][gc,marking  ] GC(814) Concurrent Cleanup for Next Mark
[505.290s][info][gc,marking  ] GC(814) Concurrent Cleanup for Next Mark 2.629ms
[505.290s][info][gc          ] GC(814) Concurrent Mark Cycle 165.990ms
[506.227s][info][gc,start    ] GC(815) Pause Young (Prepare Mixed) (G1 Evacuation Pause)
[506.227s][info][gc,task     ] GC(815) Using 2 workers of 2 for evacuation
[506.237s][info][gc,phases   ] GC(815)   Pre Evacuate Collection Set: 0.37ms
[506.238s][info][gc,phases   ] GC(815)   Merge Heap Roots: 0.17ms
[506.238s][info][gc,phases   ] GC(815)   Evacuate Collection Set: 9.02ms
[506.238s][info][gc,phases   ] GC(815)   Post Evacuate Collection Set: 0.95ms
[506.238s][info][gc,phases   ] GC(815)   Other: 0.10ms
[506.238s][info][gc,heap     ] GC(815) Eden regions: 492->0(492)
[506.238s][info][gc,heap     ] GC(815) Survivor regions: 24->24(65)
[506.238s][info][gc,heap     ] GC(815) Old regions: 44->44
[506.238s][info][gc,heap     ] GC(815) Humongous regions: 207->207
[506.238s][info][gc,metaspace] GC(815) Metaspace: 57788K(58112K)->57788K(58112K) NonClass: 49487K(49728K)->49487K(49728K) Class: 8300K(8384K)->8300K(8384K)
[506.238s][info][gc          ] GC(815) Pause Young (Prepare Mixed) (G1 Evacuation Pause) 766M->274M(860M) 10.844ms
[506.238s][info][gc,cpu      ] GC(815) User=0.02s Sys=0.00s Real=0.01s
[507.309s][info][gc,start    ] GC(816) Pause Young (Mixed) (G1 Evacuation Pause)
[507.310s][info][gc,task     ] GC(816) Using 2 workers of 2 for evacuation
[507.333s][info][gc,phases   ] GC(816)   Pre Evacuate Collection Set: 0.52ms
[507.333s][info][gc,phases   ] GC(816)   Merge Heap Roots: 0.19ms
[507.333s][info][gc,phases   ] GC(816)   Evacuate Collection Set: 21.67ms
[507.333s][info][gc,phases   ] GC(816)   Post Evacuate Collection Set: 1.02ms
[507.333s][info][gc,phases   ] GC(816)   Other: 0.14ms
[507.333s][info][gc,heap     ] GC(816) Eden regions: 492->0(490)
[507.333s][info][gc,heap     ] GC(816) Survivor regions: 24->26(65)
[507.333s][info][gc,heap     ] GC(816) Old regions: 44->44
[507.333s][info][gc,heap     ] GC(816) Humongous regions: 207->207
[507.333s][info][gc,metaspace] GC(816) Metaspace: 57788K(58112K)->57788K(58112K) NonClass: 49487K(49728K)->49487K(49728K) Class: 8300K(8384K)->8300K(8384K)
[507.333s][info][gc          ] GC(816) Pause Young (Mixed) (G1 Evacuation Pause) 766M->275M(860M) 23.795ms
[507.333s][info][gc,cpu      ] GC(816) User=0.03s Sys=0.00s Real=0.02s
[508.331s][info][gc,start    ] GC(817) Pause Young (Concurrent Start) (G1 Evacuation Pause)
[508.331s][info][gc,task     ] GC(817) Using 2 workers of 2 for evacuation
[508.343s][info][gc,phases   ] GC(817)   Pre Evacuate Collection Set: 0.31ms
[508.343s][info][gc,phases   ] GC(817)   Merge Heap Roots: 0.19ms
[508.343s][info][gc,phases   ] GC(817)   Evacuate Collection Set: 10.55ms
[508.343s][info][gc,phases   ] GC(817)   Post Evacuate Collection Set: 0.96ms
[508.343s][info][gc,phases   ] GC(817)   Other: 0.15ms
[508.343s][info][gc,heap     ] GC(817) Eden regions: 490->0(491)
[508.343s][info][gc,heap     ] GC(817) Survivor regions: 26->25(65)
[508.343s][info][gc,heap     ] GC(817) Old regions: 44->44
[508.343s][info][gc,heap     ] GC(817) Humongous regions: 207->207
[508.343s][info][gc,metaspace] GC(817) Metaspace: 57788K(58112K)->57788K(58112K) NonClass: 49487K(49728K)->49487K(49728K) Class: 8300K(8384K)->8300K(8384K)
[508.343s][info][gc          ] GC(817) Pause Young (Concurrent Start) (G1 Evacuation Pause) 765M->275M(860M) 12.413ms
[508.343s][info][gc,cpu      ] GC(817) User=0.02s Sys=0.00s Real=0.01s
[508.343s][info][gc          ] GC(818) Concurrent Mark Cycle
[508.344s][info][gc,marking  ] GC(818) Concurrent Scan Root Regions
[508.357s][info][gc,marking  ] GC(818) Concurrent Scan Root Regions 13.088ms
[508.357s][info][gc,marking  ] GC(818) Concurrent Mark
[508.357s][info][gc,marking  ] GC(818) Concurrent Mark From Roots
[508.357s][info][gc,task     ] GC(818) Using 1 workers of 1 for marking
[508.431s][info][gc,marking  ] GC(818) Concurrent Mark From Roots 73.611ms
[508.431s][info][gc,marking  ] GC(818) Concurrent Preclean
[508.431s][info][gc,marking  ] GC(818) Concurrent Preclean 0.055ms
[508.431s][info][gc,start    ] GC(818) Pause Remark
[508.443s][info][gc          ] GC(818) Pause Remark 316M->316M(860M) 11.473ms
[508.443s][info][gc,cpu      ] GC(818) User=0.02s Sys=0.00s Real=0.01s
[508.443s][info][gc,marking  ] GC(818) Concurrent Mark 85.944ms
[508.443s][info][gc,marking  ] GC(818) Concurrent Rebuild Remembered Sets and Scrub Regions
[508.475s][info][gc,marking  ] GC(818) Concurrent Rebuild Remembered Sets and Scrub Regions 31.924ms
[508.475s][info][gc,start    ] GC(818) Pause Cleanup
[508.475s][info][gc          ] GC(818) Pause Cleanup 337M->337M(860M) 0.093ms
[508.476s][info][gc,cpu      ] GC(818) User=0.00s Sys=0.00s Real=0.00s
[508.476s][info][gc,marking  ] GC(818) Concurrent Clear Claimed Marks
[508.476s][info][gc,marking  ] GC(818) Concurrent Clear Claimed Marks 0.110ms
[508.476s][info][gc,marking  ] GC(818) Concurrent Cleanup for Next Mark
[508.482s][info][gc,marking  ] GC(818) Concurrent Cleanup for Next Mark 5.957ms
[508.482s][info][gc          ] GC(818) Concurrent Mark Cycle 138.641ms
[509.415s][info][gc,start    ] GC(819) Pause Young (Prepare Mixed) (G1 Evacuation Pause)
[509.415s][info][gc,task     ] GC(819) Using 2 workers of 2 for evacuation
[509.425s][info][gc,phases   ] GC(819)   Pre Evacuate Collection Set: 0.30ms
[509.425s][info][gc,phases   ] GC(819)   Merge Heap Roots: 0.16ms
[509.425s][info][gc,phases   ] GC(819)   Evacuate Collection Set: 8.53ms
[509.425s][info][gc,phases   ] GC(819)   Post Evacuate Collection Set: 0.97ms
[509.425s][info][gc,phases   ] GC(819)   Other: 0.11ms
[509.425s][info][gc,heap     ] GC(819) Eden regions: 491->0(492)
[509.425s][info][gc,heap     ] GC(819) Survivor regions: 25->24(65)
[509.425s][info][gc,heap     ] GC(819) Old regions: 44->44
[509.425s][info][gc,heap     ] GC(819) Humongous regions: 207->207
[509.425s][info][gc,metaspace] GC(819) Metaspace: 57788K(58112K)->57788K(58112K) NonClass: 49487K(49728K)->49487K(49728K) Class: 8300K(8384K)->8300K(8384K)
[509.425s][info][gc          ] GC(819) Pause Young (Prepare Mixed) (G1 Evacuation Pause) 766M->274M(860M) 10.286ms
[509.425s][info][gc,cpu      ] GC(819) User=0.02s Sys=0.00s Real=0.01s
[510.507s][info][gc,start    ] GC(820) Pause Young (Mixed) (G1 Evacuation Pause)
[510.507s][info][gc,task     ] GC(820) Using 2 workers of 2 for evacuation
[510.516s][info][gc,phases   ] GC(820)   Pre Evacuate Collection Set: 0.32ms
[510.517s][info][gc,phases   ] GC(820)   Merge Heap Roots: 0.17ms
[510.517s][info][gc,phases   ] GC(820)   Evacuate Collection Set: 7.90ms
[510.517s][info][gc,phases   ] GC(820)   Post Evacuate Collection Set: 0.91ms
[510.517s][info][gc,phases   ] GC(820)   Other: 0.11ms
[510.517s][info][gc,heap     ] GC(820) Eden regions: 492->0(492)
[510.517s][info][gc,heap     ] GC(820) Survivor regions: 24->24(65)
[510.517s][info][gc,heap     ] GC(820) Old regions: 44->43
[510.517s][info][gc,heap     ] GC(820) Humongous regions: 207->207
[510.517s][info][gc,metaspace] GC(820) Metaspace: 57788K(58112K)->57788K(58112K) NonClass: 49487K(49728K)->49487K(49728K) Class: 8300K(8384K)->8300K(8384K)
[510.517s][info][gc          ] GC(820) Pause Young (Mixed) (G1 Evacuation Pause) 766M->273M(860M) 9.671ms
[510.517s][info][gc,cpu      ] GC(820) User=0.01s Sys=0.00s Real=0.01s
[511.558s][info][gc,start    ] GC(821) Pause Young (Concurrent Start) (G1 Evacuation Pause)
[511.558s][info][gc,task     ] GC(821) Using 2 workers of 2 for evacuation
[511.569s][info][gc,phases   ] GC(821)   Pre Evacuate Collection Set: 0.34ms
[511.569s][info][gc,phases   ] GC(821)   Merge Heap Roots: 0.15ms
[511.569s][info][gc,phases   ] GC(821)   Evacuate Collection Set: 9.07ms
[511.569s][info][gc,phases   ] GC(821)   Post Evacuate Collection Set: 0.94ms
[511.569s][info][gc,phases   ] GC(821)   Other: 0.13ms
[511.569s][info][gc,heap     ] GC(821) Eden regions: 492->0(491)
[511.569s][info][gc,heap     ] GC(821) Survivor regions: 24->25(65)
[511.569s][info][gc,heap     ] GC(821) Old regions: 43->43
[511.569s][info][gc,heap     ] GC(821) Humongous regions: 207->207
[511.569s][info][gc,metaspace] GC(821) Metaspace: 57788K(58112K)->57788K(58112K) NonClass: 49487K(49728K)->49487K(49728K) Class: 8300K(8384K)->8300K(8384K)
[511.569s][info][gc          ] GC(821) Pause Young (Concurrent Start) (G1 Evacuation Pause) 765M->274M(860M) 10.897ms
[511.569s][info][gc,cpu      ] GC(821) User=0.02s Sys=0.00s Real=0.01s
[511.569s][info][gc          ] GC(822) Concurrent Mark Cycle
[511.569s][info][gc,marking  ] GC(822) Concurrent Scan Root Regions
[511.577s][info][gc,marking  ] GC(822) Concurrent Scan Root Regions 7.967ms
[511.577s][info][gc,marking  ] GC(822) Concurrent Mark
[511.577s][info][gc,marking  ] GC(822) Concurrent Mark From Roots
[511.577s][info][gc,task     ] GC(822) Using 1 workers of 1 for marking
[511.632s][info][gc,marking  ] GC(822) Concurrent Mark From Roots 54.279ms
[511.632s][info][gc,marking  ] GC(822) Concurrent Preclean
[511.632s][info][gc,marking  ] GC(822) Concurrent Preclean 0.059ms
[511.632s][info][gc,start    ] GC(822) Pause Remark
[511.644s][info][gc          ] GC(822) Pause Remark 299M->291M(860M) 11.956ms
[511.644s][info][gc,cpu      ] GC(822) User=0.03s Sys=0.00s Real=0.02s
[511.645s][info][gc,marking  ] GC(822) Concurrent Mark 67.430ms
[511.645s][info][gc,marking  ] GC(822) Concurrent Rebuild Remembered Sets and Scrub Regions
[511.673s][info][gc,marking  ] GC(822) Concurrent Rebuild Remembered Sets and Scrub Regions 28.154ms
[511.673s][info][gc,start    ] GC(822) Pause Cleanup
[511.673s][info][gc          ] GC(822) Pause Cleanup 307M->307M(860M) 0.097ms
[511.673s][info][gc,cpu      ] GC(822) User=0.00s Sys=0.00s Real=0.00s
[511.673s][info][gc,marking  ] GC(822) Concurrent Clear Claimed Marks
[511.673s][info][gc,marking  ] GC(822) Concurrent Clear Claimed Marks 0.094ms
[511.673s][info][gc,marking  ] GC(822) Concurrent Cleanup for Next Mark
[511.678s][info][gc,marking  ] GC(822) Concurrent Cleanup for Next Mark 4.059ms
[511.678s][info][gc          ] GC(822) Concurrent Mark Cycle 108.367ms
[512.639s][info][gc,start    ] GC(823) Pause Young (Prepare Mixed) (G1 Evacuation Pause)
[512.639s][info][gc,task     ] GC(823) Using 2 workers of 2 for evacuation
[512.650s][info][gc,phases   ] GC(823)   Pre Evacuate Collection Set: 0.32ms
[512.650s][info][gc,phases   ] GC(823)   Merge Heap Roots: 0.17ms
[512.650s][info][gc,phases   ] GC(823)   Evacuate Collection Set: 10.09ms
[512.650s][info][gc,phases   ] GC(823)   Post Evacuate Collection Set: 0.90ms
[512.650s][info][gc,phases   ] GC(823)   Other: 0.09ms
[512.650s][info][gc,heap     ] GC(823) Eden regions: 491->0(513)
[512.650s][info][gc,heap     ] GC(823) Survivor regions: 25->3(65)
[512.650s][info][gc,heap     ] GC(823) Old regions: 35->57
[512.650s][info][gc,heap     ] GC(823) Humongous regions: 207->207
[512.651s][info][gc,metaspace] GC(823) Metaspace: 57788K(58112K)->57788K(58112K) NonClass: 49487K(49728K)->49487K(49728K) Class: 8300K(8384K)->8300K(8384K)
[512.651s][info][gc          ] GC(823) Pause Young (Prepare Mixed) (G1 Evacuation Pause) 757M->266M(860M) 11.799ms
[512.651s][info][gc,cpu      ] GC(823) User=0.02s Sys=0.00s Real=0.01s
[513.780s][info][gc,start    ] GC(824) Pause Young (Mixed) (G1 Evacuation Pause)
[513.780s][info][gc,task     ] GC(824) Using 2 workers of 2 for evacuation
[513.805s][info][gc,phases   ] GC(824)   Pre Evacuate Collection Set: 0.51ms
[513.805s][info][gc,phases   ] GC(824)   Merge Heap Roots: 0.17ms
[513.805s][info][gc,phases   ] GC(824)   Evacuate Collection Set: 20.93ms
[513.805s][info][gc,phases   ] GC(824)   Post Evacuate Collection Set: 2.81ms
[513.805s][info][gc,phases   ] GC(824)   Other: 0.11ms
[513.805s][info][gc,heap     ] GC(824) Eden regions: 513->0(514)
[513.805s][info][gc,heap     ] GC(824) Survivor regions: 3->2(65)
[513.805s][info][gc,heap     ] GC(824) Old regions: 57->55
[513.805s][info][gc,heap     ] GC(824) Humongous regions: 207->207
[513.805s][info][gc,metaspace] GC(824) Metaspace: 57788K(58112K)->57788K(58112K) NonClass: 49487K(49728K)->49487K(49728K) Class: 8300K(8384K)->8300K(8384K)
[513.805s][info][gc          ] GC(824) Pause Young (Mixed) (G1 Evacuation Pause) 779M->262M(860M) 24.784ms
[513.805s][info][gc,cpu      ] GC(824) User=0.02s Sys=0.00s Real=0.03s
[514.919s][info][gc,start    ] GC(825) Pause Young (Concurrent Start) (G1 Evacuation Pause)
[514.919s][info][gc,task     ] GC(825) Using 2 workers of 2 for evacuation
[514.926s][info][gc,phases   ] GC(825)   Pre Evacuate Collection Set: 0.49ms
[514.926s][info][gc,phases   ] GC(825)   Merge Heap Roots: 0.18ms
[514.926s][info][gc,phases   ] GC(825)   Evacuate Collection Set: 5.11ms
[514.926s][info][gc,phases   ] GC(825)   Post Evacuate Collection Set: 0.97ms
[514.926s][info][gc,phases   ] GC(825)   Other: 0.20ms
[514.926s][info][gc,heap     ] GC(825) Eden regions: 514->0(514)
[514.926s][info][gc,heap     ] GC(825) Survivor regions: 2->2(65)
[514.926s][info][gc,heap     ] GC(825) Old regions: 55->55
[514.926s][info][gc,heap     ] GC(825) Humongous regions: 207->207
[514.926s][info][gc,metaspace] GC(825) Metaspace: 57788K(58112K)->57788K(58112K) NonClass: 49487K(49728K)->49487K(49728K) Class: 8300K(8384K)->8300K(8384K)
[514.926s][info][gc          ] GC(825) Pause Young (Concurrent Start) (G1 Evacuation Pause) 776M->263M(860M) 7.166ms
[514.926s][info][gc          ] GC(826) Concurrent Mark Cycle
[514.926s][info][gc,marking  ] GC(826) Concurrent Scan Root Regions
[514.926s][info][gc,cpu      ] GC(825) User=0.02s Sys=0.00s Real=0.01s
[514.931s][info][gc,marking  ] GC(826) Concurrent Scan Root Regions 5.391ms
[514.931s][info][gc,marking  ] GC(826) Concurrent Mark
[514.931s][info][gc,marking  ] GC(826) Concurrent Mark From Roots
[514.931s][info][gc,task     ] GC(826) Using 1 workers of 1 for marking
[515.002s][info][gc,marking  ] GC(826) Concurrent Mark From Roots 70.274ms
[515.002s][info][gc,marking  ] GC(826) Concurrent Preclean
[515.002s][info][gc,marking  ] GC(826) Concurrent Preclean 0.087ms
[515.003s][info][gc,start    ] GC(826) Pause Remark
[515.015s][info][gc          ] GC(826) Pause Remark 297M->297M(860M) 12.153ms
[515.015s][info][gc,cpu      ] GC(826) User=0.02s Sys=0.00s Real=0.02s
[515.015s][info][gc,marking  ] GC(826) Concurrent Mark 84.038ms
[515.015s][info][gc,marking  ] GC(826) Concurrent Rebuild Remembered Sets and Scrub Regions
[515.040s][info][gc,marking  ] GC(826) Concurrent Rebuild Remembered Sets and Scrub Regions 24.664ms
[515.040s][info][gc,start    ] GC(826) Pause Cleanup
[515.040s][info][gc          ] GC(826) Pause Cleanup 312M->312M(860M) 0.098ms
[515.040s][info][gc,cpu      ] GC(826) User=0.00s Sys=0.00s Real=0.00s
[515.040s][info][gc,marking  ] GC(826) Concurrent Clear Claimed Marks
[515.041s][info][gc,marking  ] GC(826) Concurrent Clear Claimed Marks 0.110ms
[515.041s][info][gc,marking  ] GC(826) Concurrent Cleanup for Next Mark
[515.043s][info][gc,marking  ] GC(826) Concurrent Cleanup for Next Mark 2.646ms
[515.043s][info][gc          ] GC(826) Concurrent Mark Cycle 117.341ms
[516.036s][info][gc,start    ] GC(827) Pause Young (Prepare Mixed) (G1 Evacuation Pause)
[516.036s][info][gc,task     ] GC(827) Using 2 workers of 2 for evacuation
[516.043s][info][gc,phases   ] GC(827)   Pre Evacuate Collection Set: 0.33ms
[516.043s][info][gc,phases   ] GC(827)   Merge Heap Roots: 0.17ms
[516.043s][info][gc,phases   ] GC(827)   Evacuate Collection Set: 5.28ms
[516.043s][info][gc,phases   ] GC(827)   Post Evacuate Collection Set: 0.85ms
[516.043s][info][gc,phases   ] GC(827)   Other: 0.09ms
[516.043s][info][gc,heap     ] GC(827) Eden regions: 514->0(513)
[516.043s][info][gc,heap     ] GC(827) Survivor regions: 2->3(65)
[516.043s][info][gc,heap     ] GC(827) Old regions: 55->55
[516.043s][info][gc,heap     ] GC(827) Humongous regions: 207->207
[516.043s][info][gc,metaspace] GC(827) Metaspace: 57788K(58112K)->57788K(58112K) NonClass: 49487K(49728K)->49487K(49728K) Class: 8300K(8384K)->8300K(8384K)
[516.043s][info][gc          ] GC(827) Pause Young (Prepare Mixed) (G1 Evacuation Pause) 777M->263M(860M) 6.953ms
[516.043s][info][gc,cpu      ] GC(827) User=0.01s Sys=0.00s Real=0.00s
[517.150s][info][gc,start    ] GC(828) Pause Young (Mixed) (G1 Evacuation Pause)
[517.150s][info][gc,task     ] GC(828) Using 2 workers of 2 for evacuation
[517.155s][info][gc,phases   ] GC(828)   Pre Evacuate Collection Set: 0.31ms
[517.155s][info][gc,phases   ] GC(828)   Merge Heap Roots: 0.17ms
[517.155s][info][gc,phases   ] GC(828)   Evacuate Collection Set: 4.20ms
[517.155s][info][gc,phases   ] GC(828)   Post Evacuate Collection Set: 0.84ms
[517.155s][info][gc,phases   ] GC(828)   Other: 0.10ms
[517.155s][info][gc,heap     ] GC(828) Eden regions: 513->0(514)
[517.155s][info][gc,heap     ] GC(828) Survivor regions: 3->2(65)
[517.155s][info][gc,heap     ] GC(828) Old regions: 55->53
[517.155s][info][gc,heap     ] GC(828) Humongous regions: 207->207
[517.155s][info][gc,metaspace] GC(828) Metaspace: 57788K(58112K)->57788K(58112K) NonClass: 49487K(49728K)->49487K(49728K) Class: 8300K(8384K)->8300K(8384K)
[517.155s][info][gc          ] GC(828) Pause Young (Mixed) (G1 Evacuation Pause) 776M->261M(860M) 5.802ms
[517.155s][info][gc,cpu      ] GC(828) User=0.01s Sys=0.00s Real=0.01s
[518.311s][info][gc,start    ] GC(829) Pause Young (Concurrent Start) (G1 Evacuation Pause)
[518.311s][info][gc,task     ] GC(829) Using 2 workers of 2 for evacuation
[518.316s][info][gc,phases   ] GC(829)   Pre Evacuate Collection Set: 0.32ms
[518.316s][info][gc,phases   ] GC(829)   Merge Heap Roots: 0.14ms
[518.316s][info][gc,phases   ] GC(829)   Evacuate Collection Set: 3.36ms
[518.316s][info][gc,phases   ] GC(829)   Post Evacuate Collection Set: 0.84ms
[518.316s][info][gc,phases   ] GC(829)   Other: 0.12ms
[518.316s][info][gc,heap     ] GC(829) Eden regions: 514->0(514)
[518.316s][info][gc,heap     ] GC(829) Survivor regions: 2->2(65)
[518.316s][info][gc,heap     ] GC(829) Old regions: 53->53
[518.316s][info][gc,heap     ] GC(829) Humongous regions: 207->207
[518.316s][info][gc,metaspace] GC(829) Metaspace: 57788K(58112K)->57788K(58112K) NonClass: 49487K(49728K)->49487K(49728K) Class: 8300K(8384K)->8300K(8384K)
[518.316s][info][gc          ] GC(829) Pause Young (Concurrent Start) (G1 Evacuation Pause) 775M->260M(860M) 4.986ms
[518.316s][info][gc,cpu      ] GC(829) User=0.01s Sys=0.00s Real=0.01s
[518.316s][info][gc          ] GC(830) Concurrent Mark Cycle
[518.319s][info][gc,marking  ] GC(830) Concurrent Scan Root Regions
[518.323s][info][gc,marking  ] GC(830) Concurrent Scan Root Regions 4.787ms
[518.323s][info][gc,marking  ] GC(830) Concurrent Mark
[518.323s][info][gc,marking  ] GC(830) Concurrent Mark From Roots
[518.323s][info][gc,task     ] GC(830) Using 1 workers of 1 for marking
[518.400s][info][gc,marking  ] GC(830) Concurrent Mark From Roots 77.032ms
[518.400s][info][gc,marking  ] GC(830) Concurrent Preclean
[518.401s][info][gc,marking  ] GC(830) Concurrent Preclean 0.097ms
[518.401s][info][gc,start    ] GC(830) Pause Remark
[518.412s][info][gc          ] GC(830) Pause Remark 299M->299M(860M) 11.704ms
[518.412s][info][gc,cpu      ] GC(830) User=0.03s Sys=0.00s Real=0.01s
[518.414s][info][gc,marking  ] GC(830) Concurrent Mark 90.553ms
[518.414s][info][gc,marking  ] GC(830) Concurrent Rebuild Remembered Sets and Scrub Regions
[518.446s][info][gc,marking  ] GC(830) Concurrent Rebuild Remembered Sets and Scrub Regions 32.147ms
[518.446s][info][gc,start    ] GC(830) Pause Cleanup
[518.446s][info][gc          ] GC(830) Pause Cleanup 323M->323M(860M) 0.094ms
[518.446s][info][gc,cpu      ] GC(830) User=0.00s Sys=0.00s Real=0.00s
[518.446s][info][gc,marking  ] GC(830) Concurrent Clear Claimed Marks
[518.447s][info][gc,marking  ] GC(830) Concurrent Clear Claimed Marks 0.105ms
[518.447s][info][gc,marking  ] GC(830) Concurrent Cleanup for Next Mark
[518.451s][info][gc,marking  ] GC(830) Concurrent Cleanup for Next Mark 4.229ms
[518.451s][info][gc          ] GC(830) Concurrent Mark Cycle 135.069ms
[519.424s][info][gc,start    ] GC(831) Pause Young (Prepare Mixed) (G1 Evacuation Pause)
[519.424s][info][gc,task     ] GC(831) Using 2 workers of 2 for evacuation
[519.430s][info][gc,phases   ] GC(831)   Pre Evacuate Collection Set: 0.31ms
[519.430s][info][gc,phases   ] GC(831)   Merge Heap Roots: 0.17ms
[519.430s][info][gc,phases   ] GC(831)   Evacuate Collection Set: 4.71ms
[519.430s][info][gc,phases   ] GC(831)   Post Evacuate Collection Set: 0.85ms
[519.430s][info][gc,phases   ] GC(831)   Other: 0.12ms
[519.430s][info][gc,heap     ] GC(831) Eden regions: 514->0(513)
[519.430s][info][gc,heap     ] GC(831) Survivor regions: 2->3(65)
[519.430s][info][gc,heap     ] GC(831) Old regions: 53->53
[519.430s][info][gc,heap     ] GC(831) Humongous regions: 207->207
[519.430s][info][gc,metaspace] GC(831) Metaspace: 57788K(58112K)->57788K(58112K) NonClass: 49487K(49728K)->49487K(49728K) Class: 8300K(8384K)->8300K(8384K)
[519.430s][info][gc          ] GC(831) Pause Young (Prepare Mixed) (G1 Evacuation Pause) 774M->261M(860M) 6.371ms
[519.430s][info][gc,cpu      ] GC(831) User=0.01s Sys=0.00s Real=0.00s
[520.537s][info][gc,start    ] GC(832) Pause Young (Mixed) (G1 Evacuation Pause)
[520.537s][info][gc,task     ] GC(832) Using 2 workers of 2 for evacuation
[520.544s][info][gc,phases   ] GC(832)   Pre Evacuate Collection Set: 0.33ms
[520.544s][info][gc,phases   ] GC(832)   Merge Heap Roots: 0.16ms
[520.544s][info][gc,phases   ] GC(832)   Evacuate Collection Set: 5.35ms
[520.544s][info][gc,phases   ] GC(832)   Post Evacuate Collection Set: 0.84ms
[520.544s][info][gc,phases   ] GC(832)   Other: 0.12ms
[520.544s][info][gc,heap     ] GC(832) Eden regions: 513->0(513)
[520.544s][info][gc,heap     ] GC(832) Survivor regions: 3->3(65)
[520.544s][info][gc,heap     ] GC(832) Old regions: 53->51
[520.544s][info][gc,heap     ] GC(832) Humongous regions: 207->207
[520.544s][info][gc,metaspace] GC(832) Metaspace: 57788K(58112K)->57788K(58112K) NonClass: 49487K(49728K)->49487K(49728K) Class: 8300K(8384K)->8300K(8384K)
[520.544s][info][gc          ] GC(832) Pause Young (Mixed) (G1 Evacuation Pause) 774M->259M(860M) 6.990ms
[520.544s][info][gc,cpu      ] GC(832) User=0.01s Sys=0.00s Real=0.01s
[521.703s][info][gc,start    ] GC(833) Pause Young (Concurrent Start) (G1 Evacuation Pause)
[521.703s][info][gc,task     ] GC(833) Using 2 workers of 2 for evacuation
[521.707s][info][gc,phases   ] GC(833)   Pre Evacuate Collection Set: 0.31ms
[521.707s][info][gc,phases   ] GC(833)   Merge Heap Roots: 0.15ms
[521.707s][info][gc,phases   ] GC(833)   Evacuate Collection Set: 2.41ms
[521.707s][info][gc,phases   ] GC(833)   Post Evacuate Collection Set: 0.84ms
[521.707s][info][gc,phases   ] GC(833)   Other: 0.13ms
[521.707s][info][gc,heap     ] GC(833) Eden regions: 513->0(515)
[521.707s][info][gc,heap     ] GC(833) Survivor regions: 3->1(65)
[521.707s][info][gc,heap     ] GC(833) Old regions: 51->51
[521.707s][info][gc,heap     ] GC(833) Humongous regions: 207->207
[521.707s][info][gc,metaspace] GC(833) Metaspace: 57788K(58112K)->57788K(58112K) NonClass: 49487K(49728K)->49487K(49728K) Class: 8300K(8384K)->8300K(8384K)
[521.707s][info][gc          ] GC(833) Pause Young (Concurrent Start) (G1 Evacuation Pause) 772M->257M(860M) 4.050ms
[521.707s][info][gc          ] GC(834) Concurrent Mark Cycle
[521.707s][info][gc,marking  ] GC(834) Concurrent Scan Root Regions
[521.708s][info][gc,cpu      ] GC(833) User=0.00s Sys=0.00s Real=0.01s
[521.710s][info][gc,marking  ] GC(834) Concurrent Scan Root Regions 3.069ms
[521.710s][info][gc,marking  ] GC(834) Concurrent Mark
[521.710s][info][gc,marking  ] GC(834) Concurrent Mark From Roots
[521.710s][info][gc,task     ] GC(834) Using 1 workers of 1 for marking
[521.800s][info][gc,marking  ] GC(834) Concurrent Mark From Roots 89.754ms
[521.800s][info][gc,marking  ] GC(834) Concurrent Preclean
[521.800s][info][gc,marking  ] GC(834) Concurrent Preclean 0.075ms
[521.800s][info][gc,start    ] GC(834) Pause Remark
[521.814s][info][gc          ] GC(834) Pause Remark 303M->303M(860M) 13.728ms
[521.814s][info][gc,cpu      ] GC(834) User=0.02s Sys=0.00s Real=0.02s
[521.816s][info][gc,marking  ] GC(834) Concurrent Mark 105.816ms
[521.816s][info][gc,marking  ] GC(834) Concurrent Rebuild Remembered Sets and Scrub Regions
[521.849s][info][gc,marking  ] GC(834) Concurrent Rebuild Remembered Sets and Scrub Regions 33.420ms
[521.849s][info][gc,start    ] GC(834) Pause Cleanup
[521.850s][info][gc          ] GC(834) Pause Cleanup 324M->324M(860M) 0.112ms
[521.850s][info][gc,cpu      ] GC(834) User=0.00s Sys=0.00s Real=0.00s
[521.850s][info][gc,marking  ] GC(834) Concurrent Clear Claimed Marks
[521.850s][info][gc,marking  ] GC(834) Concurrent Clear Claimed Marks 0.112ms
[521.850s][info][gc,marking  ] GC(834) Concurrent Cleanup for Next Mark
[521.855s][info][gc,marking  ] GC(834) Concurrent Cleanup for Next Mark 5.048ms
[521.856s][info][gc          ] GC(834) Concurrent Mark Cycle 148.682ms
[522.918s][info][gc,start    ] GC(835) Pause Young (Prepare Mixed) (G1 Evacuation Pause)
[522.918s][info][gc,task     ] GC(835) Using 2 workers of 2 for evacuation
[522.924s][info][gc,phases   ] GC(835)   Pre Evacuate Collection Set: 0.32ms
[522.924s][info][gc,phases   ] GC(835)   Merge Heap Roots: 0.17ms
[522.924s][info][gc,phases   ] GC(835)   Evacuate Collection Set: 3.97ms
[522.924s][info][gc,phases   ] GC(835)   Post Evacuate Collection Set: 1.18ms
[522.924s][info][gc,phases   ] GC(835)   Other: 0.10ms
[522.924s][info][gc,heap     ] GC(835) Eden regions: 515->0(514)
[522.924s][info][gc,heap     ] GC(835) Survivor regions: 1->2(65)
[522.924s][info][gc,heap     ] GC(835) Old regions: 51->51
[522.924s][info][gc,heap     ] GC(835) Humongous regions: 207->207
[522.924s][info][gc,metaspace] GC(835) Metaspace: 57788K(58112K)->57788K(58112K) NonClass: 49487K(49728K)->49487K(49728K) Class: 8300K(8384K)->8300K(8384K)
[522.924s][info][gc          ] GC(835) Pause Young (Prepare Mixed) (G1 Evacuation Pause) 772M->259M(860M) 5.942ms
[522.924s][info][gc,cpu      ] GC(835) User=0.01s Sys=0.00s Real=0.01s
[524.033s][info][gc,start    ] GC(836) Pause Young (Mixed) (G1 Evacuation Pause)
[524.033s][info][gc,task     ] GC(836) Using 2 workers of 2 for evacuation
[524.039s][info][gc,phases   ] GC(836)   Pre Evacuate Collection Set: 0.32ms
[524.039s][info][gc,phases   ] GC(836)   Merge Heap Roots: 0.17ms
[524.039s][info][gc,phases   ] GC(836)   Evacuate Collection Set: 4.74ms
[524.039s][info][gc,phases   ] GC(836)   Post Evacuate Collection Set: 0.83ms
[524.039s][info][gc,phases   ] GC(836)   Other: 0.09ms
[524.039s][info][gc,heap     ] GC(836) Eden regions: 514->0(513)
[524.039s][info][gc,heap     ] GC(836) Survivor regions: 2->3(65)
[524.039s][info][gc,heap     ] GC(836) Old regions: 51->49
[524.039s][info][gc,heap     ] GC(836) Humongous regions: 207->207
[524.039s][info][gc,metaspace] GC(836) Metaspace: 57788K(58112K)->57788K(58112K) NonClass: 49487K(49728K)->49487K(49728K) Class: 8300K(8384K)->8300K(8384K)
[524.039s][info][gc          ] GC(836) Pause Young (Mixed) (G1 Evacuation Pause) 773M->258M(860M) 6.354ms
[524.039s][info][gc,cpu      ] GC(836) User=0.01s Sys=0.00s Real=0.01s
[525.238s][info][gc,start    ] GC(837) Pause Young (Concurrent Start) (G1 Evacuation Pause)
[525.238s][info][gc,task     ] GC(837) Using 2 workers of 2 for evacuation
[525.246s][info][gc,phases   ] GC(837)   Pre Evacuate Collection Set: 0.37ms
[525.246s][info][gc,phases   ] GC(837)   Merge Heap Roots: 0.14ms
[525.246s][info][gc,phases   ] GC(837)   Evacuate Collection Set: 6.63ms
[525.246s][info][gc,phases   ] GC(837)   Post Evacuate Collection Set: 1.03ms
[525.246s][info][gc,phases   ] GC(837)   Other: 0.12ms
[525.246s][info][gc,heap     ] GC(837) Eden regions: 513->0(512)
[525.246s][info][gc,heap     ] GC(837) Survivor regions: 3->4(65)
[525.246s][info][gc,heap     ] GC(837) Old regions: 49->49
[525.246s][info][gc,heap     ] GC(837) Humongous regions: 207->207
[525.246s][info][gc,metaspace] GC(837) Metaspace: 57788K(58112K)->57788K(58112K) NonClass: 49487K(49728K)->49487K(49728K) Class: 8300K(8384K)->8300K(8384K)
[525.246s][info][gc          ] GC(837) Pause Young (Concurrent Start) (G1 Evacuation Pause) 771M->258M(860M) 8.524ms
[525.246s][info][gc,cpu      ] GC(837) User=0.02s Sys=0.00s Real=0.01s
[525.246s][info][gc          ] GC(838) Concurrent Mark Cycle
[525.247s][info][gc,marking  ] GC(838) Concurrent Scan Root Regions
[525.257s][info][gc,marking  ] GC(838) Concurrent Scan Root Regions 9.742ms
[525.257s][info][gc,marking  ] GC(838) Concurrent Mark
[525.257s][info][gc,marking  ] GC(838) Concurrent Mark From Roots
[525.257s][info][gc,task     ] GC(838) Using 1 workers of 1 for marking
[525.313s][info][gc,marking  ] GC(838) Concurrent Mark From Roots 55.960ms
[525.313s][info][gc,marking  ] GC(838) Concurrent Preclean
[525.313s][info][gc,marking  ] GC(838) Concurrent Preclean 0.079ms
[525.313s][info][gc,start    ] GC(838) Pause Remark
[525.325s][info][gc          ] GC(838) Pause Remark 296M->296M(860M) 11.603ms
[525.325s][info][gc,cpu      ] GC(838) User=0.02s Sys=0.00s Real=0.02s
[525.325s][info][gc,marking  ] GC(838) Concurrent Mark 68.360ms
[525.325s][info][gc,marking  ] GC(838) Concurrent Rebuild Remembered Sets and Scrub Regions
[525.347s][info][gc,marking  ] GC(838) Concurrent Rebuild Remembered Sets and Scrub Regions 21.870ms
[525.347s][info][gc,start    ] GC(838) Pause Cleanup
[525.347s][info][gc          ] GC(838) Pause Cleanup 308M->308M(860M) 0.111ms
[525.347s][info][gc,cpu      ] GC(838) User=0.00s Sys=0.00s Real=0.00s
[525.347s][info][gc,marking  ] GC(838) Concurrent Clear Claimed Marks
[525.347s][info][gc,marking  ] GC(838) Concurrent Clear Claimed Marks 0.108ms
[525.347s][info][gc,marking  ] GC(838) Concurrent Cleanup for Next Mark
[525.350s][info][gc,marking  ] GC(838) Concurrent Cleanup for Next Mark 2.632ms
[525.350s][info][gc          ] GC(838) Concurrent Mark Cycle 103.981ms
[526.324s][info][gc,start    ] GC(839) Pause Young (Prepare Mixed) (G1 Evacuation Pause)
[526.325s][info][gc,task     ] GC(839) Using 2 workers of 2 for evacuation
[526.328s][info][gc,phases   ] GC(839)   Pre Evacuate Collection Set: 0.31ms
[526.328s][info][gc,phases   ] GC(839)   Merge Heap Roots: 0.19ms
[526.328s][info][gc,phases   ] GC(839)   Evacuate Collection Set: 2.50ms
[526.328s][info][gc,phases   ] GC(839)   Post Evacuate Collection Set: 0.80ms
[526.329s][info][gc,phases   ] GC(839)   Other: 0.13ms
[526.329s][info][gc,heap     ] GC(839) Eden regions: 512->0(514)
[526.329s][info][gc,heap     ] GC(839) Survivor regions: 4->2(65)
[526.329s][info][gc,heap     ] GC(839) Old regions: 49->49
[526.329s][info][gc,heap     ] GC(839) Humongous regions: 207->207
[526.329s][info][gc,metaspace] GC(839) Metaspace: 57788K(58112K)->57788K(58112K) NonClass: 49487K(49728K)->49487K(49728K) Class: 8300K(8384K)->8300K(8384K)
[526.329s][info][gc          ] GC(839) Pause Young (Prepare Mixed) (G1 Evacuation Pause) 770M->256M(860M) 4.153ms
[526.329s][info][gc,cpu      ] GC(839) User=0.01s Sys=0.00s Real=0.00s
[527.427s][info][gc,start    ] GC(840) Pause Young (Mixed) (G1 Evacuation Pause)
[527.427s][info][gc,task     ] GC(840) Using 2 workers of 2 for evacuation
[527.434s][info][gc,phases   ] GC(840)   Pre Evacuate Collection Set: 0.32ms
[527.434s][info][gc,phases   ] GC(840)   Merge Heap Roots: 0.17ms
[527.434s][info][gc,phases   ] GC(840)   Evacuate Collection Set: 5.56ms
[527.434s][info][gc,phases   ] GC(840)   Post Evacuate Collection Set: 0.83ms
[527.434s][info][gc,phases   ] GC(840)   Other: 0.10ms
[527.434s][info][gc,heap     ] GC(840) Eden regions: 514->0(513)
[527.434s][info][gc,heap     ] GC(840) Survivor regions: 2->3(65)
[527.434s][info][gc,heap     ] GC(840) Old regions: 49->47
[527.434s][info][gc,heap     ] GC(840) Humongous regions: 207->207
[527.434s][info][gc,metaspace] GC(840) Metaspace: 57788K(58112K)->57788K(58112K) NonClass: 49487K(49728K)->49487K(49728K) Class: 8300K(8384K)->8300K(8384K)
[527.434s][info][gc          ] GC(840) Pause Young (Mixed) (G1 Evacuation Pause) 770M->255M(860M) 7.175ms
[527.434s][info][gc,cpu      ] GC(840) User=0.02s Sys=0.00s Real=0.01s
[528.535s][info][gc,start    ] GC(841) Pause Young (Concurrent Start) (G1 Evacuation Pause)
[528.535s][info][gc,task     ] GC(841) Using 2 workers of 2 for evacuation
[528.540s][info][gc,phases   ] GC(841)   Pre Evacuate Collection Set: 0.38ms
[528.540s][info][gc,phases   ] GC(841)   Merge Heap Roots: 0.15ms
[528.540s][info][gc,phases   ] GC(841)   Evacuate Collection Set: 4.00ms
[528.540s][info][gc,phases   ] GC(841)   Post Evacuate Collection Set: 0.84ms
[528.540s][info][gc,phases   ] GC(841)   Other: 0.12ms
[528.540s][info][gc,heap     ] GC(841) Eden regions: 513->0(514)
[528.540s][info][gc,heap     ] GC(841) Survivor regions: 3->2(65)
[528.540s][info][gc,heap     ] GC(841) Old regions: 47->47
[528.540s][info][gc,heap     ] GC(841) Humongous regions: 207->207
[528.540s][info][gc,metaspace] GC(841) Metaspace: 57788K(58112K)->57788K(58112K) NonClass: 49487K(49728K)->49487K(49728K) Class: 8300K(8384K)->8300K(8384K)
[528.540s][info][gc          ] GC(841) Pause Young (Concurrent Start) (G1 Evacuation Pause) 768M->255M(860M) 5.695ms
[528.540s][info][gc,cpu      ] GC(841) User=0.01s Sys=0.00s Real=0.00s
[528.540s][info][gc          ] GC(842) Concurrent Mark Cycle
[528.541s][info][gc,marking  ] GC(842) Concurrent Scan Root Regions
[528.546s][info][gc,marking  ] GC(842) Concurrent Scan Root Regions 4.437ms
[528.546s][info][gc,marking  ] GC(842) Concurrent Mark
[528.546s][info][gc,marking  ] GC(842) Concurrent Mark From Roots
[528.546s][info][gc,task     ] GC(842) Using 1 workers of 1 for marking
[528.599s][info][gc,marking  ] GC(842) Concurrent Mark From Roots 53.094ms
[528.599s][info][gc,marking  ] GC(842) Concurrent Preclean
[528.599s][info][gc,marking  ] GC(842) Concurrent Preclean 0.074ms
[528.599s][info][gc,start    ] GC(842) Pause Remark
[528.610s][info][gc          ] GC(842) Pause Remark 273M->273M(854M) 11.489ms
[528.610s][info][gc,cpu      ] GC(842) User=0.02s Sys=0.00s Real=0.01s
[528.611s][info][gc,marking  ] GC(842) Concurrent Mark 64.993ms
[528.611s][info][gc,marking  ] GC(842) Concurrent Rebuild Remembered Sets and Scrub Regions
[528.647s][info][gc,marking  ] GC(842) Concurrent Rebuild Remembered Sets and Scrub Regions 36.515ms
[528.647s][info][gc,start    ] GC(842) Pause Cleanup
[528.647s][info][gc          ] GC(842) Pause Cleanup 298M->298M(854M) 0.088ms
[528.647s][info][gc,cpu      ] GC(842) User=0.00s Sys=0.00s Real=0.00s
[528.647s][info][gc,marking  ] GC(842) Concurrent Clear Claimed Marks
[528.648s][info][gc,marking  ] GC(842) Concurrent Clear Claimed Marks 0.092ms
[528.648s][info][gc,marking  ] GC(842) Concurrent Cleanup for Next Mark
[528.655s][info][gc,marking  ] GC(842) Concurrent Cleanup for Next Mark 7.067ms
[528.655s][info][gc          ] GC(842) Concurrent Mark Cycle 114.307ms
[529.655s][info][gc,start    ] GC(843) Pause Young (Prepare Mixed) (G1 Evacuation Pause)
[529.655s][info][gc,task     ] GC(843) Using 2 workers of 2 for evacuation
[529.661s][info][gc,phases   ] GC(843)   Pre Evacuate Collection Set: 0.31ms
[529.661s][info][gc,phases   ] GC(843)   Merge Heap Roots: 0.17ms
[529.661s][info][gc,phases   ] GC(843)   Evacuate Collection Set: 3.80ms
[529.661s][info][gc,phases   ] GC(843)   Post Evacuate Collection Set: 0.81ms
[529.661s][info][gc,phases   ] GC(843)   Other: 0.09ms
[529.661s][info][gc,heap     ] GC(843) Eden regions: 510->0(510)
[529.661s][info][gc,heap     ] GC(843) Survivor regions: 2->2(64)
[529.661s][info][gc,heap     ] GC(843) Old regions: 47->48
[529.661s][info][gc,heap     ] GC(843) Humongous regions: 207->207
[529.661s][info][gc,metaspace] GC(843) Metaspace: 57788K(58112K)->57788K(58112K) NonClass: 49487K(49728K)->49487K(49728K) Class: 8300K(8384K)->8300K(8384K)
[529.661s][info][gc          ] GC(843) Pause Young (Prepare Mixed) (G1 Evacuation Pause) 765M->255M(854M) 5.380ms
[529.661s][info][gc,cpu      ] GC(843) User=0.01s Sys=0.00s Real=0.00s
[530.809s][info][gc,start    ] GC(844) Pause Young (Mixed) (G1 Evacuation Pause)
[530.809s][info][gc,task     ] GC(844) Using 2 workers of 2 for evacuation
[530.814s][info][gc,phases   ] GC(844)   Pre Evacuate Collection Set: 0.33ms
[530.814s][info][gc,phases   ] GC(844)   Merge Heap Roots: 0.16ms
[530.814s][info][gc,phases   ] GC(844)   Evacuate Collection Set: 2.90ms
[530.814s][info][gc,phases   ] GC(844)   Post Evacuate Collection Set: 0.80ms
[530.814s][info][gc,phases   ] GC(844)   Other: 0.09ms
[530.814s][info][gc,heap     ] GC(844) Eden regions: 510->0(511)
[530.814s][info][gc,heap     ] GC(844) Survivor regions: 2->1(64)
[530.814s][info][gc,heap     ] GC(844) Old regions: 48->47
[530.814s][info][gc,heap     ] GC(844) Humongous regions: 207->207
[530.814s][info][gc,metaspace] GC(844) Metaspace: 57788K(58112K)->57788K(58112K) NonClass: 49487K(49728K)->49487K(49728K) Class: 8300K(8384K)->8300K(8384K)
[530.814s][info][gc          ] GC(844) Pause Young (Mixed) (G1 Evacuation Pause) 765M->253M(854M) 4.505ms
[530.814s][info][gc,cpu      ] GC(844) User=0.01s Sys=0.00s Real=0.01s
[531.919s][info][gc,start    ] GC(845) Pause Young (Concurrent Start) (G1 Evacuation Pause)
[531.919s][info][gc,task     ] GC(845) Using 2 workers of 2 for evacuation
[531.925s][info][gc,phases   ] GC(845)   Pre Evacuate Collection Set: 0.35ms
[531.925s][info][gc,phases   ] GC(845)   Merge Heap Roots: 0.19ms
[531.925s][info][gc,phases   ] GC(845)   Evacuate Collection Set: 4.37ms
[531.925s][info][gc,phases   ] GC(845)   Post Evacuate Collection Set: 0.83ms
[531.925s][info][gc,phases   ] GC(845)   Other: 0.11ms
[531.925s][info][gc,heap     ] GC(845) Eden regions: 511->0(510)
[531.925s][info][gc,heap     ] GC(845) Survivor regions: 1->2(64)
[531.925s][info][gc,heap     ] GC(845) Old regions: 47->47
[531.925s][info][gc,heap     ] GC(845) Humongous regions: 207->207
[531.925s][info][gc,metaspace] GC(845) Metaspace: 57788K(58112K)->57788K(58112K) NonClass: 49487K(49728K)->49487K(49728K) Class: 8300K(8384K)->8300K(8384K)
[531.925s][info][gc          ] GC(845) Pause Young (Concurrent Start) (G1 Evacuation Pause) 764M->254M(854M) 6.050ms
[531.925s][info][gc          ] GC(846) Concurrent Mark Cycle
[531.925s][info][gc,marking  ] GC(846) Concurrent Scan Root Regions
[531.926s][info][gc,cpu      ] GC(845) User=0.01s Sys=0.00s Real=0.01s
[531.931s][info][gc,marking  ] GC(846) Concurrent Scan Root Regions 5.406ms
[531.931s][info][gc,marking  ] GC(846) Concurrent Mark
[531.931s][info][gc,marking  ] GC(846) Concurrent Mark From Roots
[531.931s][info][gc,task     ] GC(846) Using 1 workers of 1 for marking
[532.000s][info][gc,marking  ] GC(846) Concurrent Mark From Roots 69.493ms
[532.000s][info][gc,marking  ] GC(846) Concurrent Preclean
[532.001s][info][gc,marking  ] GC(846) Concurrent Preclean 0.106ms
[532.001s][info][gc,start    ] GC(846) Pause Remark
[532.013s][info][gc          ] GC(846) Pause Remark 287M->287M(854M) 12.083ms
[532.013s][info][gc,cpu      ] GC(846) User=0.02s Sys=0.00s Real=0.01s
[532.014s][info][gc,marking  ] GC(846) Concurrent Mark 82.778ms
[532.014s][info][gc,marking  ] GC(846) Concurrent Rebuild Remembered Sets and Scrub Regions
[532.033s][info][gc,marking  ] GC(846) Concurrent Rebuild Remembered Sets and Scrub Regions 18.791ms
[532.033s][info][gc,start    ] GC(846) Pause Cleanup
[532.033s][info][gc          ] GC(846) Pause Cleanup 297M->297M(854M) 0.087ms
[532.033s][info][gc,cpu      ] GC(846) User=0.00s Sys=0.00s Real=0.00s
[532.033s][info][gc,marking  ] GC(846) Concurrent Clear Claimed Marks
[532.033s][info][gc,marking  ] GC(846) Concurrent Clear Claimed Marks 0.093ms
[532.033s][info][gc,marking  ] GC(846) Concurrent Cleanup for Next Mark
[532.036s][info][gc,marking  ] GC(846) Concurrent Cleanup for Next Mark 2.734ms
[532.036s][info][gc          ] GC(846) Concurrent Mark Cycle 110.187ms
[533.022s][info][gc,start    ] GC(847) Pause Young (Prepare Mixed) (G1 Evacuation Pause)
[533.022s][info][gc,task     ] GC(847) Using 2 workers of 2 for evacuation
[533.028s][info][gc,phases   ] GC(847)   Pre Evacuate Collection Set: 0.32ms
[533.028s][info][gc,phases   ] GC(847)   Merge Heap Roots: 0.17ms
[533.028s][info][gc,phases   ] GC(847)   Evacuate Collection Set: 4.80ms
[533.028s][info][gc,phases   ] GC(847)   Post Evacuate Collection Set: 0.86ms
[533.028s][info][gc,phases   ] GC(847)   Other: 0.13ms
[533.028s][info][gc,heap     ] GC(847) Eden regions: 510->0(509)
[533.028s][info][gc,heap     ] GC(847) Survivor regions: 2->3(64)
[533.028s][info][gc,heap     ] GC(847) Old regions: 47->48
[533.028s][info][gc,heap     ] GC(847) Humongous regions: 207->207
[533.028s][info][gc,metaspace] GC(847) Metaspace: 57788K(58112K)->57788K(58112K) NonClass: 49487K(49728K)->49487K(49728K) Class: 8300K(8384K)->8300K(8384K)
[533.028s][info][gc          ] GC(847) Pause Young (Prepare Mixed) (G1 Evacuation Pause) 764M->255M(854M) 6.485ms
[533.028s][info][gc,cpu      ] GC(847) User=0.02s Sys=0.00s Real=0.01s
[534.138s][info][gc,start    ] GC(848) Pause Young (Mixed) (G1 Evacuation Pause)
[534.138s][info][gc,task     ] GC(848) Using 2 workers of 2 for evacuation
[534.145s][info][gc,phases   ] GC(848)   Pre Evacuate Collection Set: 0.49ms
[534.145s][info][gc,phases   ] GC(848)   Merge Heap Roots: 0.15ms
[534.145s][info][gc,phases   ] GC(848)   Evacuate Collection Set: 5.35ms
[534.145s][info][gc,phases   ] GC(848)   Post Evacuate Collection Set: 0.84ms
[534.145s][info][gc,phases   ] GC(848)   Other: 0.11ms
[534.145s][info][gc,heap     ] GC(848) Eden regions: 509->0(510)
[534.145s][info][gc,heap     ] GC(848) Survivor regions: 3->2(64)
[534.145s][info][gc,heap     ] GC(848) Old regions: 48->47
[534.145s][info][gc,heap     ] GC(848) Humongous regions: 207->207
[534.145s][info][gc,metaspace] GC(848) Metaspace: 57788K(58112K)->57788K(58112K) NonClass: 49487K(49728K)->49487K(49728K) Class: 8300K(8384K)->8300K(8384K)
[534.145s][info][gc          ] GC(848) Pause Young (Mixed) (G1 Evacuation Pause) 764M->253M(854M) 7.132ms
[534.145s][info][gc,cpu      ] GC(848) User=0.01s Sys=0.00s Real=0.01s
[535.241s][info][gc,start    ] GC(849) Pause Young (Concurrent Start) (G1 Evacuation Pause)
[535.241s][info][gc,task     ] GC(849) Using 2 workers of 2 for evacuation
[535.248s][info][gc,phases   ] GC(849)   Pre Evacuate Collection Set: 0.36ms
[535.248s][info][gc,phases   ] GC(849)   Merge Heap Roots: 0.13ms
[535.248s][info][gc,phases   ] GC(849)   Evacuate Collection Set: 5.08ms
[535.248s][info][gc,phases   ] GC(849)   Post Evacuate Collection Set: 0.83ms
[535.248s][info][gc,phases   ] GC(849)   Other: 0.11ms
[535.248s][info][gc,heap     ] GC(849) Eden regions: 510->0(509)
[535.248s][info][gc,heap     ] GC(849) Survivor regions: 2->3(64)
[535.248s][info][gc,heap     ] GC(849) Old regions: 47->47
[535.248s][info][gc,heap     ] GC(849) Humongous regions: 207->207
[535.248s][info][gc,metaspace] GC(849) Metaspace: 57788K(58112K)->57788K(58112K) NonClass: 49487K(49728K)->49487K(49728K) Class: 8300K(8384K)->8300K(8384K)
[535.248s][info][gc          ] GC(849) Pause Young (Concurrent Start) (G1 Evacuation Pause) 763M->254M(854M) 6.705ms
[535.248s][info][gc,cpu      ] GC(849) User=0.02s Sys=0.00s Real=0.01s
[535.248s][info][gc          ] GC(850) Concurrent Mark Cycle
[535.248s][info][gc,marking  ] GC(850) Concurrent Scan Root Regions
[535.254s][info][gc,marking  ] GC(850) Concurrent Scan Root Regions 5.344ms
[535.254s][info][gc,marking  ] GC(850) Concurrent Mark
[535.254s][info][gc,marking  ] GC(850) Concurrent Mark From Roots
[535.254s][info][gc,task     ] GC(850) Using 1 workers of 1 for marking
[535.306s][info][gc,marking  ] GC(850) Concurrent Mark From Roots 51.785ms
[535.306s][info][gc,marking  ] GC(850) Concurrent Preclean
[535.306s][info][gc,marking  ] GC(850) Concurrent Preclean 0.065ms
[535.307s][info][gc,start    ] GC(850) Pause Remark
[535.318s][info][gc          ] GC(850) Pause Remark 268M->268M(854M) 11.107ms
[535.318s][info][gc,cpu      ] GC(850) User=0.02s Sys=0.00s Real=0.01s
[535.319s][info][gc,marking  ] GC(850) Concurrent Mark 64.773ms
[535.319s][info][gc,marking  ] GC(850) Concurrent Rebuild Remembered Sets and Scrub Regions
[535.346s][info][gc,marking  ] GC(850) Concurrent Rebuild Remembered Sets and Scrub Regions 27.702ms
[535.355s][info][gc,start    ] GC(850) Pause Cleanup
[535.356s][info][gc          ] GC(850) Pause Cleanup 283M->283M(854M) 0.172ms
[535.356s][info][gc,cpu      ] GC(850) User=0.00s Sys=0.00s Real=0.00s
[535.356s][info][gc,marking  ] GC(850) Concurrent Clear Claimed Marks
[535.356s][info][gc,marking  ] GC(850) Concurrent Clear Claimed Marks 0.278ms
[535.356s][info][gc,marking  ] GC(850) Concurrent Cleanup for Next Mark
[535.360s][info][gc,marking  ] GC(850) Concurrent Cleanup for Next Mark 4.002ms
[535.360s][info][gc          ] GC(850) Concurrent Mark Cycle 111.855ms
[536.407s][info][gc,start    ] GC(851) Pause Young (Prepare Mixed) (G1 Evacuation Pause)
[536.407s][info][gc,task     ] GC(851) Using 2 workers of 2 for evacuation
[536.411s][info][gc,phases   ] GC(851)   Pre Evacuate Collection Set: 0.33ms
[536.411s][info][gc,phases   ] GC(851)   Merge Heap Roots: 0.18ms
[536.411s][info][gc,phases   ] GC(851)   Evacuate Collection Set: 3.05ms
[536.412s][info][gc,phases   ] GC(851)   Post Evacuate Collection Set: 0.86ms
[536.412s][info][gc,phases   ] GC(851)   Other: 0.12ms
[536.412s][info][gc,heap     ] GC(851) Eden regions: 509->0(511)
[536.412s][info][gc,heap     ] GC(851) Survivor regions: 3->1(64)
[536.412s][info][gc,heap     ] GC(851) Old regions: 47->47
[536.412s][info][gc,heap     ] GC(851) Humongous regions: 207->207
[536.412s][info][gc,metaspace] GC(851) Metaspace: 57788K(58112K)->57788K(58112K) NonClass: 49487K(49728K)->49487K(49728K) Class: 8300K(8384K)->8300K(8384K)
[536.412s][info][gc          ] GC(851) Pause Young (Prepare Mixed) (G1 Evacuation Pause) 763M->252M(854M) 4.771ms
[536.412s][info][gc,cpu      ] GC(851) User=0.01s Sys=0.00s Real=0.00s
[537.510s][info][gc,start    ] GC(852) Pause Young (Mixed) (G1 Evacuation Pause)
[537.510s][info][gc,task     ] GC(852) Using 2 workers of 2 for evacuation
[537.515s][info][gc,phases   ] GC(852)   Pre Evacuate Collection Set: 0.33ms
[537.515s][info][gc,phases   ] GC(852)   Merge Heap Roots: 0.15ms
[537.515s][info][gc,phases   ] GC(852)   Evacuate Collection Set: 3.37ms
[537.515s][info][gc,phases   ] GC(852)   Post Evacuate Collection Set: 0.87ms
[537.515s][info][gc,phases   ] GC(852)   Other: 0.09ms
[537.515s][info][gc,heap     ] GC(852) Eden regions: 511->0(510)
[537.515s][info][gc,heap     ] GC(852) Survivor regions: 1->2(64)
[537.515s][info][gc,heap     ] GC(852) Old regions: 47->46
[537.515s][info][gc,heap     ] GC(852) Humongous regions: 207->207
[537.515s][info][gc,metaspace] GC(852) Metaspace: 57788K(58112K)->57788K(58112K) NonClass: 49487K(49728K)->49487K(49728K) Class: 8300K(8384K)->8300K(8384K)
[537.515s][info][gc          ] GC(852) Pause Young (Mixed) (G1 Evacuation Pause) 763M->253M(854M) 5.001ms
[537.515s][info][gc,cpu      ] GC(852) User=0.01s Sys=0.00s Real=0.01s
[538.624s][info][gc,start    ] GC(853) Pause Young (Concurrent Start) (G1 Evacuation Pause)
[538.624s][info][gc,task     ] GC(853) Using 2 workers of 2 for evacuation
[538.630s][info][gc,phases   ] GC(853)   Pre Evacuate Collection Set: 0.32ms
[538.630s][info][gc,phases   ] GC(853)   Merge Heap Roots: 0.17ms
[538.630s][info][gc,phases   ] GC(853)   Evacuate Collection Set: 4.67ms
[538.630s][info][gc,phases   ] GC(853)   Post Evacuate Collection Set: 0.88ms
[538.630s][info][gc,phases   ] GC(853)   Other: 0.12ms
[538.630s][info][gc,heap     ] GC(853) Eden regions: 510->0(509)
[538.630s][info][gc,heap     ] GC(853) Survivor regions: 2->3(64)
[538.630s][info][gc,heap     ] GC(853) Old regions: 46->46
[538.630s][info][gc,heap     ] GC(853) Humongous regions: 207->207
[538.630s][info][gc,metaspace] GC(853) Metaspace: 57788K(58112K)->57788K(58112K) NonClass: 49487K(49728K)->49487K(49728K) Class: 8300K(8384K)->8300K(8384K)
[538.630s][info][gc          ] GC(853) Pause Young (Concurrent Start) (G1 Evacuation Pause) 763M->254M(854M) 6.365ms
[538.630s][info][gc          ] GC(854) Concurrent Mark Cycle
[538.630s][info][gc,marking  ] GC(854) Concurrent Scan Root Regions
[538.633s][info][gc,cpu      ] GC(853) User=0.02s Sys=0.00s Real=0.00s
[538.635s][info][gc,marking  ] GC(854) Concurrent Scan Root Regions 4.935ms
[538.635s][info][gc,marking  ] GC(854) Concurrent Mark
[538.635s][info][gc,marking  ] GC(854) Concurrent Mark From Roots
[538.635s][info][gc,task     ] GC(854) Using 1 workers of 1 for marking
[538.697s][info][gc,marking  ] GC(854) Concurrent Mark From Roots 62.302ms
[538.698s][info][gc,marking  ] GC(854) Concurrent Preclean
[538.698s][info][gc,marking  ] GC(854) Concurrent Preclean 0.089ms
[538.698s][info][gc,start    ] GC(854) Pause Remark
[538.709s][info][gc          ] GC(854) Pause Remark 285M->285M(854M) 11.669ms
[538.709s][info][gc,cpu      ] GC(854) User=0.02s Sys=0.00s Real=0.01s
[538.711s][info][gc,marking  ] GC(854) Concurrent Mark 75.564ms
[538.711s][info][gc,marking  ] GC(854) Concurrent Rebuild Remembered Sets and Scrub Regions
[538.750s][info][gc,marking  ] GC(854) Concurrent Rebuild Remembered Sets and Scrub Regions 38.801ms
[538.750s][info][gc,start    ] GC(854) Pause Cleanup
[538.750s][info][gc          ] GC(854) Pause Cleanup 309M->309M(854M) 0.094ms
[538.750s][info][gc,cpu      ] GC(854) User=0.00s Sys=0.00s Real=0.00s
[538.750s][info][gc,marking  ] GC(854) Concurrent Clear Claimed Marks
[538.750s][info][gc,marking  ] GC(854) Concurrent Clear Claimed Marks 0.091ms
[538.750s][info][gc,marking  ] GC(854) Concurrent Cleanup for Next Mark
[538.755s][info][gc,marking  ] GC(854) Concurrent Cleanup for Next Mark 4.917ms
[538.755s][info][gc          ] GC(854) Concurrent Mark Cycle 124.791ms
[539.731s][info][gc,start    ] GC(855) Pause Young (Prepare Mixed) (G1 Evacuation Pause)
[539.731s][info][gc,task     ] GC(855) Using 2 workers of 2 for evacuation
[539.736s][info][gc,phases   ] GC(855)   Pre Evacuate Collection Set: 0.32ms
[539.736s][info][gc,phases   ] GC(855)   Merge Heap Roots: 0.21ms
[539.736s][info][gc,phases   ] GC(855)   Evacuate Collection Set: 3.76ms
[539.736s][info][gc,phases   ] GC(855)   Post Evacuate Collection Set: 0.85ms
[539.736s][info][gc,phases   ] GC(855)   Other: 0.10ms
[539.736s][info][gc,heap     ] GC(855) Eden regions: 509->0(510)
[539.736s][info][gc,heap     ] GC(855) Survivor regions: 3->2(64)
[539.736s][info][gc,heap     ] GC(855) Old regions: 46->47
[539.736s][info][gc,heap     ] GC(855) Humongous regions: 207->207
[539.736s][info][gc,metaspace] GC(855) Metaspace: 57788K(58112K)->57788K(58112K) NonClass: 49487K(49728K)->49487K(49728K) Class: 8300K(8384K)->8300K(8384K)
[539.736s][info][gc          ] GC(855) Pause Young (Prepare Mixed) (G1 Evacuation Pause) 763M->254M(854M) 5.455ms
[539.736s][info][gc,cpu      ] GC(855) User=0.01s Sys=0.00s Real=0.01s
[540.836s][info][gc,start    ] GC(856) Pause Young (Mixed) (G1 Evacuation Pause)
[540.836s][info][gc,task     ] GC(856) Using 2 workers of 2 for evacuation
[540.845s][info][gc,phases   ] GC(856)   Pre Evacuate Collection Set: 0.32ms
[540.845s][info][gc,phases   ] GC(856)   Merge Heap Roots: 0.17ms
[540.845s][info][gc,phases   ] GC(856)   Evacuate Collection Set: 6.92ms
[540.845s][info][gc,phases   ] GC(856)   Post Evacuate Collection Set: 1.43ms
[540.845s][info][gc,phases   ] GC(856)   Other: 0.10ms
[540.845s][info][gc,heap     ] GC(856) Eden regions: 510->0(509)
[540.845s][info][gc,heap     ] GC(856) Survivor regions: 2->3(64)
[540.845s][info][gc,heap     ] GC(856) Old regions: 47->46
[540.845s][info][gc,heap     ] GC(856) Humongous regions: 207->207
[540.845s][info][gc,metaspace] GC(856) Metaspace: 57789K(58112K)->57789K(58112K) NonClass: 49488K(49728K)->49488K(49728K) Class: 8300K(8384K)->8300K(8384K)
[540.845s][info][gc          ] GC(856) Pause Young (Mixed) (G1 Evacuation Pause) 764M->254M(854M) 9.152ms
[540.845s][info][gc,cpu      ] GC(856) User=0.02s Sys=0.00s Real=0.01s
[541.953s][info][gc,start    ] GC(857) Pause Young (Concurrent Start) (G1 Evacuation Pause)
[541.953s][info][gc,task     ] GC(857) Using 2 workers of 2 for evacuation
[541.962s][info][gc,phases   ] GC(857)   Pre Evacuate Collection Set: 0.47ms
[541.962s][info][gc,phases   ] GC(857)   Merge Heap Roots: 0.14ms
[541.962s][info][gc,phases   ] GC(857)   Evacuate Collection Set: 6.94ms
[541.962s][info][gc,phases   ] GC(857)   Post Evacuate Collection Set: 1.07ms
[541.962s][info][gc,phases   ] GC(857)   Other: 0.18ms
[541.962s][info][gc,heap     ] GC(857) Eden regions: 509->0(510)
[541.962s][info][gc,heap     ] GC(857) Survivor regions: 3->2(64)
[541.962s][info][gc,heap     ] GC(857) Old regions: 46->46
[541.962s][info][gc,heap     ] GC(857) Humongous regions: 207->207
[541.962s][info][gc,metaspace] GC(857) Metaspace: 57789K(58112K)->57789K(58112K) NonClass: 49488K(49728K)->49488K(49728K) Class: 8300K(8384K)->8300K(8384K)
[541.962s][info][gc          ] GC(857) Pause Young (Concurrent Start) (G1 Evacuation Pause) 763M->253M(854M) 9.008ms
[541.962s][info][gc,cpu      ] GC(857) User=0.01s Sys=0.00s Real=0.01s
[541.962s][info][gc          ] GC(858) Concurrent Mark Cycle
[541.962s][info][gc,marking  ] GC(858) Concurrent Scan Root Regions
[541.967s][info][gc,marking  ] GC(858) Concurrent Scan Root Regions 4.981ms
[541.967s][info][gc,marking  ] GC(858) Concurrent Mark
[541.967s][info][gc,marking  ] GC(858) Concurrent Mark From Roots
[541.967s][info][gc,task     ] GC(858) Using 1 workers of 1 for marking
[542.030s][info][gc,marking  ] GC(858) Concurrent Mark From Roots 62.913ms
[542.030s][info][gc,marking  ] GC(858) Concurrent Preclean
[542.030s][info][gc,marking  ] GC(858) Concurrent Preclean 0.068ms
[542.030s][info][gc,start    ] GC(858) Pause Remark
[542.042s][info][gc          ] GC(858) Pause Remark 282M->282M(850M) 11.675ms
[542.042s][info][gc,cpu      ] GC(858) User=0.02s Sys=0.00s Real=0.01s
[542.043s][info][gc,marking  ] GC(858) Concurrent Mark 76.073ms
[542.043s][info][gc,marking  ] GC(858) Concurrent Rebuild Remembered Sets and Scrub Regions
[542.079s][info][gc,marking  ] GC(858) Concurrent Rebuild Remembered Sets and Scrub Regions 36.133ms
[542.080s][info][gc,start    ] GC(858) Pause Cleanup
[542.080s][info][gc          ] GC(858) Pause Cleanup 305M->305M(850M) 0.086ms
[542.080s][info][gc,cpu      ] GC(858) User=0.00s Sys=0.00s Real=0.00s
[542.080s][info][gc,marking  ] GC(858) Concurrent Clear Claimed Marks
[542.080s][info][gc,marking  ] GC(858) Concurrent Clear Claimed Marks 0.093ms
[542.080s][info][gc,marking  ] GC(858) Concurrent Cleanup for Next Mark
[542.082s][info][gc,marking  ] GC(858) Concurrent Cleanup for Next Mark 2.560ms
[542.082s][info][gc          ] GC(858) Concurrent Mark Cycle 120.340ms
[543.132s][info][gc,start    ] GC(859) Pause Young (Prepare Mixed) (G1 Evacuation Pause)
[543.132s][info][gc,task     ] GC(859) Using 2 workers of 2 for evacuation
[543.139s][info][gc,phases   ] GC(859)   Pre Evacuate Collection Set: 0.32ms
[543.139s][info][gc,phases   ] GC(859)   Merge Heap Roots: 0.17ms
[543.139s][info][gc,phases   ] GC(859)   Evacuate Collection Set: 5.22ms
[543.139s][info][gc,phases   ] GC(859)   Post Evacuate Collection Set: 0.88ms
[543.139s][info][gc,phases   ] GC(859)   Other: 0.10ms
[543.139s][info][gc,heap     ] GC(859) Eden regions: 508->0(506)
[543.139s][info][gc,heap     ] GC(859) Survivor regions: 2->4(64)
[543.139s][info][gc,heap     ] GC(859) Old regions: 46->47
[543.139s][info][gc,heap     ] GC(859) Humongous regions: 207->207
[543.139s][info][gc,metaspace] GC(859) Metaspace: 57789K(58112K)->57789K(58112K) NonClass: 49488K(49728K)->49488K(49728K) Class: 8300K(8384K)->8300K(8384K)
[543.139s][info][gc          ] GC(859) Pause Young (Prepare Mixed) (G1 Evacuation Pause) 761M->254M(850M) 6.905ms
[543.139s][info][gc,cpu      ] GC(859) User=0.01s Sys=0.00s Real=0.01s
[544.380s][info][gc,start    ] GC(860) Pause Young (Mixed) (G1 Evacuation Pause)
[544.380s][info][gc,task     ] GC(860) Using 2 workers of 2 for evacuation
[544.386s][info][gc,phases   ] GC(860)   Pre Evacuate Collection Set: 0.33ms
[544.386s][info][gc,phases   ] GC(860)   Merge Heap Roots: 0.19ms
[544.386s][info][gc,phases   ] GC(860)   Evacuate Collection Set: 3.76ms
[544.386s][info][gc,phases   ] GC(860)   Post Evacuate Collection Set: 0.84ms
[544.386s][info][gc,phases   ] GC(860)   Other: 0.10ms
[544.386s][info][gc,heap     ] GC(860) Eden regions: 506->0(509)
[544.386s][info][gc,heap     ] GC(860) Survivor regions: 4->1(64)
[544.386s][info][gc,heap     ] GC(860) Old regions: 47->46
[544.386s][info][gc,heap     ] GC(860) Humongous regions: 207->207
[544.386s][info][gc,metaspace] GC(860) Metaspace: 57789K(58112K)->57789K(58112K) NonClass: 49488K(49728K)->49488K(49728K) Class: 8300K(8384K)->8300K(8384K)
[544.386s][info][gc          ] GC(860) Pause Young (Mixed) (G1 Evacuation Pause) 760M->251M(850M) 5.406ms
[544.386s][info][gc,cpu      ] GC(860) User=0.01s Sys=0.00s Real=0.01s
[545.424s][info][gc,start    ] GC(861) Pause Young (Concurrent Start) (G1 Evacuation Pause)
[545.424s][info][gc,task     ] GC(861) Using 2 workers of 2 for evacuation
[545.431s][info][gc,phases   ] GC(861)   Pre Evacuate Collection Set: 0.38ms
[545.431s][info][gc,phases   ] GC(861)   Merge Heap Roots: 0.15ms
[545.431s][info][gc,phases   ] GC(861)   Evacuate Collection Set: 4.95ms
[545.431s][info][gc,phases   ] GC(861)   Post Evacuate Collection Set: 0.87ms
[545.431s][info][gc,phases   ] GC(861)   Other: 0.12ms
[545.431s][info][gc,heap     ] GC(861) Eden regions: 509->0(508)
[545.431s][info][gc,heap     ] GC(861) Survivor regions: 1->2(64)
[545.431s][info][gc,heap     ] GC(861) Old regions: 46->46
[545.431s][info][gc,heap     ] GC(861) Humongous regions: 207->207
[545.431s][info][gc,metaspace] GC(861) Metaspace: 57789K(58112K)->57789K(58112K) NonClass: 49488K(49728K)->49488K(49728K) Class: 8300K(8384K)->8300K(8384K)
[545.431s][info][gc          ] GC(861) Pause Young (Concurrent Start) (G1 Evacuation Pause) 760M->253M(850M) 6.674ms
[545.431s][info][gc          ] GC(862) Concurrent Mark Cycle
[545.431s][info][gc,marking  ] GC(862) Concurrent Scan Root Regions
[545.433s][info][gc,cpu      ] GC(861) User=0.01s Sys=0.00s Real=0.00s
[545.437s][info][gc,marking  ] GC(862) Concurrent Scan Root Regions 5.624ms
[545.437s][info][gc,marking  ] GC(862) Concurrent Mark
[545.437s][info][gc,marking  ] GC(862) Concurrent Mark From Roots
[545.437s][info][gc,task     ] GC(862) Using 1 workers of 1 for marking
[545.494s][info][gc,marking  ] GC(862) Concurrent Mark From Roots 56.875ms
[545.494s][info][gc,marking  ] GC(862) Concurrent Preclean
[545.494s][info][gc,marking  ] GC(862) Concurrent Preclean 0.078ms
[545.494s][info][gc,start    ] GC(862) Pause Remark
[545.507s][info][gc          ] GC(862) Pause Remark 280M->280M(850M) 12.734ms
[545.507s][info][gc,cpu      ] GC(862) User=0.03s Sys=0.00s Real=0.01s
[545.507s][info][gc,marking  ] GC(862) Concurrent Mark 69.981ms
[545.507s][info][gc,marking  ] GC(862) Concurrent Rebuild Remembered Sets and Scrub Regions
[545.527s][info][gc,marking  ] GC(862) Concurrent Rebuild Remembered Sets and Scrub Regions 20.013ms
[545.527s][info][gc,start    ] GC(862) Pause Cleanup
[545.527s][info][gc          ] GC(862) Pause Cleanup 286M->286M(850M) 0.096ms
[545.527s][info][gc,cpu      ] GC(862) User=0.00s Sys=0.00s Real=0.00s
[545.527s][info][gc,marking  ] GC(862) Concurrent Clear Claimed Marks
[545.527s][info][gc,marking  ] GC(862) Concurrent Clear Claimed Marks 0.094ms
[545.527s][info][gc,marking  ] GC(862) Concurrent Cleanup for Next Mark
[545.530s][info][gc,marking  ] GC(862) Concurrent Cleanup for Next Mark 2.592ms
[545.530s][info][gc          ] GC(862) Concurrent Mark Cycle 98.831ms
[549.356s][info][gc,start    ] GC(863) Pause Young (Prepare Mixed) (G1 Evacuation Pause)
[549.356s][info][gc,task     ] GC(863) Using 2 workers of 2 for evacuation
[549.382s][info][gc,phases   ] GC(863)   Pre Evacuate Collection Set: 0.33ms
[549.382s][info][gc,phases   ] GC(863)   Merge Heap Roots: 0.17ms
[549.382s][info][gc,phases   ] GC(863)   Evacuate Collection Set: 24.08ms
[549.382s][info][gc,phases   ] GC(863)   Post Evacuate Collection Set: 1.09ms
[549.382s][info][gc,phases   ] GC(863)   Other: 0.10ms
[549.382s][info][gc,heap     ] GC(863) Eden regions: 439->0(500)
[549.382s][info][gc,heap     ] GC(863) Survivor regions: 2->25(64)
[549.382s][info][gc,heap     ] GC(863) Old regions: 46->47
[549.382s][info][gc,heap     ] GC(863) Humongous regions: 363->207
[549.382s][info][gc,metaspace] GC(863) Metaspace: 57861K(58240K)->57861K(58240K) NonClass: 49559K(49856K)->49559K(49856K) Class: 8301K(8384K)->8301K(8384K)
[549.382s][info][gc          ] GC(863) Pause Young (Prepare Mixed) (G1 Evacuation Pause) 847M->276M(876M) 26.014ms
[549.382s][info][gc,cpu      ] GC(863) User=0.03s Sys=0.02s Real=0.02s
[550.437s][info][gc,start    ] GC(864) Pause Young (Mixed) (G1 Evacuation Pause)
[550.437s][info][gc,task     ] GC(864) Using 2 workers of 2 for evacuation
[550.452s][info][gc,phases   ] GC(864)   Pre Evacuate Collection Set: 0.34ms
[550.452s][info][gc,phases   ] GC(864)   Merge Heap Roots: 0.18ms
[550.452s][info][gc,phases   ] GC(864)   Evacuate Collection Set: 13.41ms
[550.452s][info][gc,phases   ] GC(864)   Post Evacuate Collection Set: 1.07ms
[550.452s][info][gc,phases   ] GC(864)   Other: 0.12ms
[550.452s][info][gc,heap     ] GC(864) Eden regions: 500->0(500)
[550.452s][info][gc,heap     ] GC(864) Survivor regions: 25->25(66)
[550.452s][info][gc,heap     ] GC(864) Old regions: 47->46
[550.452s][info][gc,heap     ] GC(864) Humongous regions: 207->207
[550.452s][info][gc,metaspace] GC(864) Metaspace: 57861K(58240K)->57861K(58240K) NonClass: 49559K(49856K)->49559K(49856K) Class: 8301K(8384K)->8301K(8384K)
[550.452s][info][gc          ] GC(864) Pause Young (Mixed) (G1 Evacuation Pause) 776M->276M(876M) 15.348ms
[550.452s][info][gc,cpu      ] GC(864) User=0.03s Sys=0.00s Real=0.01s
[551.563s][info][gc,start    ] GC(865) Pause Young (Normal) (G1 Evacuation Pause)
[551.563s][info][gc,task     ] GC(865) Using 2 workers of 2 for evacuation
[551.575s][info][gc,phases   ] GC(865)   Pre Evacuate Collection Set: 0.33ms
[551.575s][info][gc,phases   ] GC(865)   Merge Heap Roots: 0.16ms
[551.575s][info][gc,phases   ] GC(865)   Evacuate Collection Set: 9.73ms
[551.575s][info][gc,phases   ] GC(865)   Post Evacuate Collection Set: 0.97ms
[551.575s][info][gc,phases   ] GC(865)   Other: 0.14ms
[551.575s][info][gc,heap     ] GC(865) Eden regions: 500->0(500)
[551.575s][info][gc,heap     ] GC(865) Survivor regions: 25->25(66)
[551.575s][info][gc,heap     ] GC(865) Old regions: 46->46
[551.575s][info][gc,heap     ] GC(865) Humongous regions: 207->207
[551.575s][info][gc,metaspace] GC(865) Metaspace: 57861K(58240K)->57861K(58240K) NonClass: 49559K(49856K)->49559K(49856K) Class: 8301K(8384K)->8301K(8384K)
[551.575s][info][gc          ] GC(865) Pause Young (Normal) (G1 Evacuation Pause) 776M->275M(876M) 11.553ms
[551.575s][info][gc,cpu      ] GC(865) User=0.02s Sys=0.00s Real=0.02s
[552.635s][info][gc,start    ] GC(866) Pause Young (Normal) (G1 Evacuation Pause)
[552.635s][info][gc,task     ] GC(866) Using 2 workers of 2 for evacuation
[552.647s][info][gc,phases   ] GC(866)   Pre Evacuate Collection Set: 0.32ms
[552.647s][info][gc,phases   ] GC(866)   Merge Heap Roots: 0.18ms
[552.647s][info][gc,phases   ] GC(866)   Evacuate Collection Set: 10.36ms
[552.647s][info][gc,phases   ] GC(866)   Post Evacuate Collection Set: 0.97ms
[552.647s][info][gc,phases   ] GC(866)   Other: 0.13ms
[552.647s][info][gc,heap     ] GC(866) Eden regions: 500->0(500)
[552.647s][info][gc,heap     ] GC(866) Survivor regions: 25->25(66)
[552.647s][info][gc,heap     ] GC(866) Old regions: 46->46
[552.647s][info][gc,heap     ] GC(866) Humongous regions: 207->207
[552.647s][info][gc,metaspace] GC(866) Metaspace: 57861K(58240K)->57861K(58240K) NonClass: 49559K(49856K)->49559K(49856K) Class: 8301K(8384K)->8301K(8384K)
[552.647s][info][gc          ] GC(866) Pause Young (Normal) (G1 Evacuation Pause) 775M->275M(876M) 12.192ms
[552.647s][info][gc,cpu      ] GC(866) User=0.02s Sys=0.00s Real=0.01s
[553.731s][info][gc,start    ] GC(867) Pause Young (Normal) (G1 Evacuation Pause)
[553.731s][info][gc,task     ] GC(867) Using 2 workers of 2 for evacuation
[553.744s][info][gc,phases   ] GC(867)   Pre Evacuate Collection Set: 0.32ms
[553.744s][info][gc,phases   ] GC(867)   Merge Heap Roots: 0.19ms
[553.744s][info][gc,phases   ] GC(867)   Evacuate Collection Set: 11.17ms
[553.744s][info][gc,phases   ] GC(867)   Post Evacuate Collection Set: 0.99ms
[553.744s][info][gc,phases   ] GC(867)   Other: 0.12ms
[553.744s][info][gc,heap     ] GC(867) Eden regions: 500->0(500)
[553.744s][info][gc,heap     ] GC(867) Survivor regions: 25->25(66)
[553.744s][info][gc,heap     ] GC(867) Old regions: 46->46
[553.744s][info][gc,heap     ] GC(867) Humongous regions: 207->207
[553.744s][info][gc,metaspace] GC(867) Metaspace: 57861K(58240K)->57861K(58240K) NonClass: 49559K(49856K)->49559K(49856K) Class: 8301K(8384K)->8301K(8384K)
[553.744s][info][gc          ] GC(867) Pause Young (Normal) (G1 Evacuation Pause) 775M->276M(876M) 13.063ms
[553.744s][info][gc,cpu      ] GC(867) User=0.03s Sys=0.00s Real=0.02s
[554.884s][info][gc,start    ] GC(868) Pause Young (Normal) (G1 Evacuation Pause)
[554.884s][info][gc,task     ] GC(868) Using 2 workers of 2 for evacuation
[554.895s][info][gc,phases   ] GC(868)   Pre Evacuate Collection Set: 0.33ms
[554.895s][info][gc,phases   ] GC(868)   Merge Heap Roots: 0.17ms
[554.895s][info][gc,phases   ] GC(868)   Evacuate Collection Set: 9.68ms
[554.895s][info][gc,phases   ] GC(868)   Post Evacuate Collection Set: 0.97ms
[554.895s][info][gc,phases   ] GC(868)   Other: 0.10ms
[554.895s][info][gc,heap     ] GC(868) Eden regions: 500->0(501)
[554.895s][info][gc,heap     ] GC(868) Survivor regions: 25->24(66)
[554.895s][info][gc,heap     ] GC(868) Old regions: 46->46
[554.895s][info][gc,heap     ] GC(868) Humongous regions: 207->207
[554.895s][info][gc,metaspace] GC(868) Metaspace: 57861K(58240K)->57861K(58240K) NonClass: 49559K(49856K)->49559K(49856K) Class: 8301K(8384K)->8301K(8384K)
[554.895s][info][gc          ] GC(868) Pause Young (Normal) (G1 Evacuation Pause) 776M->275M(876M) 11.483ms
[554.895s][info][gc,cpu      ] GC(868) User=0.02s Sys=0.00s Real=0.01s
[555.958s][info][gc,start    ] GC(869) Pause Young (Normal) (G1 Evacuation Pause)
[555.958s][info][gc,task     ] GC(869) Using 2 workers of 2 for evacuation
[555.970s][info][gc,phases   ] GC(869)   Pre Evacuate Collection Set: 0.33ms
[555.971s][info][gc,phases   ] GC(869)   Merge Heap Roots: 0.19ms
[555.971s][info][gc,phases   ] GC(869)   Evacuate Collection Set: 11.01ms
[555.971s][info][gc,phases   ] GC(869)   Post Evacuate Collection Set: 1.02ms
[555.971s][info][gc,phases   ] GC(869)   Other: 0.10ms
[555.971s][info][gc,heap     ] GC(869) Eden regions: 501->0(500)
[555.971s][info][gc,heap     ] GC(869) Survivor regions: 24->25(66)
[555.971s][info][gc,heap     ] GC(869) Old regions: 46->46
[555.971s][info][gc,heap     ] GC(869) Humongous regions: 207->207
[555.971s][info][gc,metaspace] GC(869) Metaspace: 57861K(58240K)->57861K(58240K) NonClass: 49559K(49856K)->49559K(49856K) Class: 8301K(8384K)->8301K(8384K)
[555.971s][info][gc          ] GC(869) Pause Young (Normal) (G1 Evacuation Pause) 776M->276M(876M) 12.898ms
[555.971s][info][gc,cpu      ] GC(869) User=0.03s Sys=0.00s Real=0.01s
[557.077s][info][gc,start    ] GC(870) Pause Young (Normal) (G1 Evacuation Pause)
[557.077s][info][gc,task     ] GC(870) Using 2 workers of 2 for evacuation
[557.090s][info][gc,phases   ] GC(870)   Pre Evacuate Collection Set: 0.33ms
[557.090s][info][gc,phases   ] GC(870)   Merge Heap Roots: 0.20ms
[557.090s][info][gc,phases   ] GC(870)   Evacuate Collection Set: 11.64ms
[557.090s][info][gc,phases   ] GC(870)   Post Evacuate Collection Set: 0.94ms
[557.090s][info][gc,phases   ] GC(870)   Other: 0.15ms
[557.090s][info][gc,heap     ] GC(870) Eden regions: 500->0(500)
[557.090s][info][gc,heap     ] GC(870) Survivor regions: 25->25(66)
[557.090s][info][gc,heap     ] GC(870) Old regions: 46->46
[557.090s][info][gc,heap     ] GC(870) Humongous regions: 207->207
[557.090s][info][gc,metaspace] GC(870) Metaspace: 57861K(58240K)->57861K(58240K) NonClass: 49559K(49856K)->49559K(49856K) Class: 8301K(8384K)->8301K(8384K)
[557.090s][info][gc          ] GC(870) Pause Young (Normal) (G1 Evacuation Pause) 776M->276M(876M) 13.485ms
[557.090s][info][gc,cpu      ] GC(870) User=0.03s Sys=0.00s Real=0.01s
[558.126s][info][gc,start    ] GC(871) Pause Young (Normal) (G1 Evacuation Pause)
[558.126s][info][gc,task     ] GC(871) Using 2 workers of 2 for evacuation
[558.139s][info][gc,phases   ] GC(871)   Pre Evacuate Collection Set: 0.35ms
[558.139s][info][gc,phases   ] GC(871)   Merge Heap Roots: 0.26ms
[558.139s][info][gc,phases   ] GC(871)   Evacuate Collection Set: 11.14ms
[558.139s][info][gc,phases   ] GC(871)   Post Evacuate Collection Set: 0.95ms
[558.139s][info][gc,phases   ] GC(871)   Other: 0.10ms
[558.139s][info][gc,heap     ] GC(871) Eden regions: 500->0(500)
[558.139s][info][gc,heap     ] GC(871) Survivor regions: 25->25(66)
[558.139s][info][gc,heap     ] GC(871) Old regions: 46->46
[558.139s][info][gc,heap     ] GC(871) Humongous regions: 207->207
[558.139s][info][gc,metaspace] GC(871) Metaspace: 57861K(58240K)->57861K(58240K) NonClass: 49559K(49856K)->49559K(49856K) Class: 8301K(8384K)->8301K(8384K)
[558.139s][info][gc          ] GC(871) Pause Young (Normal) (G1 Evacuation Pause) 776M->276M(876M) 13.078ms
[558.139s][info][gc,cpu      ] GC(871) User=0.03s Sys=0.00s Real=0.01s
[559.226s][info][gc,start    ] GC(872) Pause Young (Normal) (G1 Evacuation Pause)
[559.226s][info][gc,task     ] GC(872) Using 2 workers of 2 for evacuation
[559.238s][info][gc,phases   ] GC(872)   Pre Evacuate Collection Set: 0.34ms
[559.238s][info][gc,phases   ] GC(872)   Merge Heap Roots: 0.17ms
[559.238s][info][gc,phases   ] GC(872)   Evacuate Collection Set: 10.88ms
[559.238s][info][gc,phases   ] GC(872)   Post Evacuate Collection Set: 1.08ms
[559.238s][info][gc,phases   ] GC(872)   Other: 0.11ms
[559.238s][info][gc,heap     ] GC(872) Eden regions: 500->0(501)
[559.238s][info][gc,heap     ] GC(872) Survivor regions: 25->24(66)
[559.239s][info][gc,heap     ] GC(872) Old regions: 46->46
[559.239s][info][gc,heap     ] GC(872) Humongous regions: 207->207
[559.239s][info][gc,metaspace] GC(872) Metaspace: 57861K(58240K)->57861K(58240K) NonClass: 49559K(49856K)->49559K(49856K) Class: 8301K(8384K)->8301K(8384K)
[559.239s][info][gc          ] GC(872) Pause Young (Normal) (G1 Evacuation Pause) 776M->275M(876M) 12.855ms
[559.239s][info][gc,cpu      ] GC(872) User=0.02s Sys=0.00s Real=0.01s
[560.371s][info][gc,start    ] GC(873) Pause Young (Normal) (G1 Evacuation Pause)
[560.371s][info][gc,task     ] GC(873) Using 2 workers of 2 for evacuation
[560.386s][info][gc,phases   ] GC(873)   Pre Evacuate Collection Set: 0.31ms
[560.386s][info][gc,phases   ] GC(873)   Merge Heap Roots: 0.19ms
[560.386s][info][gc,phases   ] GC(873)   Evacuate Collection Set: 13.99ms
[560.386s][info][gc,phases   ] GC(873)   Post Evacuate Collection Set: 1.06ms
[560.386s][info][gc,phases   ] GC(873)   Other: 0.10ms
[560.386s][info][gc,heap     ] GC(873) Eden regions: 501->0(499)
[560.386s][info][gc,heap     ] GC(873) Survivor regions: 24->26(66)
[560.386s][info][gc,heap     ] GC(873) Old regions: 46->46
[560.386s][info][gc,heap     ] GC(873) Humongous regions: 207->207
[560.386s][info][gc,metaspace] GC(873) Metaspace: 57861K(58240K)->57861K(58240K) NonClass: 49559K(49856K)->49559K(49856K) Class: 8301K(8384K)->8301K(8384K)
[560.386s][info][gc          ] GC(873) Pause Young (Normal) (G1 Evacuation Pause) 776M->277M(876M) 15.871ms
[560.386s][info][gc,cpu      ] GC(873) User=0.03s Sys=0.00s Real=0.02s
[561.436s][info][gc,start    ] GC(874) Pause Young (Normal) (G1 Evacuation Pause)
[561.436s][info][gc,task     ] GC(874) Using 2 workers of 2 for evacuation
[561.448s][info][gc,phases   ] GC(874)   Pre Evacuate Collection Set: 0.35ms
[561.448s][info][gc,phases   ] GC(874)   Merge Heap Roots: 0.18ms
[561.448s][info][gc,phases   ] GC(874)   Evacuate Collection Set: 10.56ms
[561.448s][info][gc,phases   ] GC(874)   Post Evacuate Collection Set: 0.97ms
[561.448s][info][gc,phases   ] GC(874)   Other: 0.11ms
[561.448s][info][gc,heap     ] GC(874) Eden regions: 499->0(500)
[561.448s][info][gc,heap     ] GC(874) Survivor regions: 26->25(66)
[561.448s][info][gc,heap     ] GC(874) Old regions: 46->46
[561.448s][info][gc,heap     ] GC(874) Humongous regions: 207->207
[561.448s][info][gc,metaspace] GC(874) Metaspace: 57861K(58240K)->57861K(58240K) NonClass: 49559K(49856K)->49559K(49856K) Class: 8301K(8384K)->8301K(8384K)
[561.448s][info][gc          ] GC(874) Pause Young (Normal) (G1 Evacuation Pause) 776M->275M(876M) 12.417ms
[561.448s][info][gc,cpu      ] GC(874) User=0.02s Sys=0.00s Real=0.01s
[562.531s][info][gc,start    ] GC(875) Pause Young (Normal) (G1 Evacuation Pause)
[562.531s][info][gc,task     ] GC(875) Using 2 workers of 2 for evacuation
[562.544s][info][gc,phases   ] GC(875)   Pre Evacuate Collection Set: 0.33ms
[562.544s][info][gc,phases   ] GC(875)   Merge Heap Roots: 0.17ms
[562.544s][info][gc,phases   ] GC(875)   Evacuate Collection Set: 10.75ms
[562.544s][info][gc,phases   ] GC(875)   Post Evacuate Collection Set: 1.00ms
[562.544s][info][gc,phases   ] GC(875)   Other: 0.12ms
[562.544s][info][gc,heap     ] GC(875) Eden regions: 500->0(500)
[562.544s][info][gc,heap     ] GC(875) Survivor regions: 25->25(66)
[562.544s][info][gc,heap     ] GC(875) Old regions: 46->46
[562.544s][info][gc,heap     ] GC(875) Humongous regions: 207->207
[562.544s][info][gc,metaspace] GC(875) Metaspace: 57861K(58240K)->57861K(58240K) NonClass: 49559K(49856K)->49559K(49856K) Class: 8301K(8384K)->8301K(8384K)
[562.544s][info][gc          ] GC(875) Pause Young (Normal) (G1 Evacuation Pause) 775M->275M(876M) 12.641ms
[562.544s][info][gc,cpu      ] GC(875) User=0.02s Sys=0.00s Real=0.02s
[563.630s][info][gc,start    ] GC(876) Pause Young (Normal) (G1 Evacuation Pause)
[563.630s][info][gc,task     ] GC(876) Using 2 workers of 2 for evacuation
[563.642s][info][gc,phases   ] GC(876)   Pre Evacuate Collection Set: 0.34ms
[563.642s][info][gc,phases   ] GC(876)   Merge Heap Roots: 0.16ms
[563.642s][info][gc,phases   ] GC(876)   Evacuate Collection Set: 10.26ms
[563.642s][info][gc,phases   ] GC(876)   Post Evacuate Collection Set: 0.97ms
[563.642s][info][gc,phases   ] GC(876)   Other: 0.11ms
[563.642s][info][gc,heap     ] GC(876) Eden regions: 500->0(501)
[563.642s][info][gc,heap     ] GC(876) Survivor regions: 25->24(66)
[563.642s][info][gc,heap     ] GC(876) Old regions: 46->46
[563.642s][info][gc,heap     ] GC(876) Humongous regions: 207->207
[563.642s][info][gc,metaspace] GC(876) Metaspace: 57861K(58240K)->57861K(58240K) NonClass: 49559K(49856K)->49559K(49856K) Class: 8301K(8384K)->8301K(8384K)
[563.642s][info][gc          ] GC(876) Pause Young (Normal) (G1 Evacuation Pause) 775M->275M(876M) 12.061ms
[563.642s][info][gc,cpu      ] GC(876) User=0.02s Sys=0.00s Real=0.01s
[564.733s][info][gc,start    ] GC(877) Pause Young (Normal) (G1 Evacuation Pause)
[564.733s][info][gc,task     ] GC(877) Using 2 workers of 2 for evacuation
[564.744s][info][gc,phases   ] GC(877)   Pre Evacuate Collection Set: 0.31ms
[564.744s][info][gc,phases   ] GC(877)   Merge Heap Roots: 0.18ms
[564.744s][info][gc,phases   ] GC(877)   Evacuate Collection Set: 10.11ms
[564.744s][info][gc,phases   ] GC(877)   Post Evacuate Collection Set: 0.95ms
[564.744s][info][gc,phases   ] GC(877)   Other: 0.11ms
[564.744s][info][gc,heap     ] GC(877) Eden regions: 501->0(500)
[564.744s][info][gc,heap     ] GC(877) Survivor regions: 24->25(66)
[564.744s][info][gc,heap     ] GC(877) Old regions: 46->46
[564.744s][info][gc,heap     ] GC(877) Humongous regions: 207->207
[564.744s][info][gc,metaspace] GC(877) Metaspace: 57861K(58240K)->57861K(58240K) NonClass: 49559K(49856K)->49559K(49856K) Class: 8301K(8384K)->8301K(8384K)
[564.744s][info][gc          ] GC(877) Pause Young (Normal) (G1 Evacuation Pause) 776M->275M(876M) 11.872ms
[564.744s][info][gc,cpu      ] GC(877) User=0.02s Sys=0.00s Real=0.02s
[565.826s][info][gc,start    ] GC(878) Pause Young (Normal) (G1 Evacuation Pause)
[565.826s][info][gc,task     ] GC(878) Using 2 workers of 2 for evacuation
[565.840s][info][gc,phases   ] GC(878)   Pre Evacuate Collection Set: 0.33ms
[565.840s][info][gc,phases   ] GC(878)   Merge Heap Roots: 0.17ms
[565.840s][info][gc,phases   ] GC(878)   Evacuate Collection Set: 11.74ms
[565.840s][info][gc,phases   ] GC(878)   Post Evacuate Collection Set: 0.97ms
[565.840s][info][gc,phases   ] GC(878)   Other: 0.10ms
[565.840s][info][gc,heap     ] GC(878) Eden regions: 500->0(522)
[565.840s][info][gc,heap     ] GC(878) Survivor regions: 25->3(66)
[565.840s][info][gc,heap     ] GC(878) Old regions: 46->68
[565.840s][info][gc,heap     ] GC(878) Humongous regions: 207->207
[565.840s][info][gc,metaspace] GC(878) Metaspace: 57861K(58240K)->57861K(58240K) NonClass: 49559K(49856K)->49559K(49856K) Class: 8301K(8384K)->8301K(8384K)
[565.840s][info][gc          ] GC(878) Pause Young (Normal) (G1 Evacuation Pause) 775M->276M(876M) 13.536ms
[565.840s][info][gc,cpu      ] GC(878) User=0.03s Sys=0.00s Real=0.01s
[567.045s][info][gc,start    ] GC(879) Pause Young (Concurrent Start) (G1 Evacuation Pause)
[567.045s][info][gc,task     ] GC(879) Using 2 workers of 2 for evacuation
[567.052s][info][gc,phases   ] GC(879)   Pre Evacuate Collection Set: 0.43ms
[567.052s][info][gc,phases   ] GC(879)   Merge Heap Roots: 0.21ms
[567.052s][info][gc,phases   ] GC(879)   Evacuate Collection Set: 5.07ms
[567.052s][info][gc,phases   ] GC(879)   Post Evacuate Collection Set: 0.93ms
[567.052s][info][gc,phases   ] GC(879)   Other: 0.14ms
[567.052s][info][gc,heap     ] GC(879) Eden regions: 522->0(523)
[567.052s][info][gc,heap     ] GC(879) Survivor regions: 3->2(66)
[567.052s][info][gc,heap     ] GC(879) Old regions: 68->69
[567.052s][info][gc,heap     ] GC(879) Humongous regions: 207->207
[567.052s][info][gc,metaspace] GC(879) Metaspace: 57861K(58240K)->57861K(58240K) NonClass: 49559K(49856K)->49559K(49856K) Class: 8301K(8384K)->8301K(8384K)
[567.052s][info][gc          ] GC(879) Pause Young (Concurrent Start) (G1 Evacuation Pause) 798M->275M(876M) 6.982ms
[567.052s][info][gc,cpu      ] GC(879) User=0.02s Sys=0.00s Real=0.00s
[567.052s][info][gc          ] GC(880) Concurrent Mark Cycle
[567.052s][info][gc,marking  ] GC(880) Concurrent Scan Root Regions
[567.055s][info][gc,marking  ] GC(880) Concurrent Scan Root Regions 2.503ms
[567.055s][info][gc,marking  ] GC(880) Concurrent Mark
[567.055s][info][gc,marking  ] GC(880) Concurrent Mark From Roots
[567.055s][info][gc,task     ] GC(880) Using 1 workers of 1 for marking
[567.143s][info][gc,marking  ] GC(880) Concurrent Mark From Roots 87.762ms
[567.143s][info][gc,marking  ] GC(880) Concurrent Preclean
[567.143s][info][gc,marking  ] GC(880) Concurrent Preclean 0.076ms
[567.143s][info][gc,start    ] GC(880) Pause Remark
[567.155s][info][gc          ] GC(880) Pause Remark 330M->320M(876M) 12.139ms
[567.155s][info][gc,cpu      ] GC(880) User=0.02s Sys=0.00s Real=0.02s
[567.156s][info][gc,marking  ] GC(880) Concurrent Mark 100.561ms
[567.156s][info][gc,marking  ] GC(880) Concurrent Rebuild Remembered Sets and Scrub Regions
[567.196s][info][gc,marking  ] GC(880) Concurrent Rebuild Remembered Sets and Scrub Regions 39.892ms
[567.196s][info][gc,start    ] GC(880) Pause Cleanup
[567.196s][info][gc          ] GC(880) Pause Cleanup 344M->344M(876M) 0.115ms
[567.196s][info][gc,cpu      ] GC(880) User=0.00s Sys=0.00s Real=0.00s
[567.196s][info][gc,marking  ] GC(880) Concurrent Clear Claimed Marks
[567.196s][info][gc,marking  ] GC(880) Concurrent Clear Claimed Marks 0.121ms
[567.196s][info][gc,marking  ] GC(880) Concurrent Cleanup for Next Mark
[567.201s][info][gc,marking  ] GC(880) Concurrent Cleanup for Next Mark 5.173ms
[567.201s][info][gc          ] GC(880) Concurrent Mark Cycle 148.874ms
[568.241s][info][gc,start    ] GC(881) Pause Young (Prepare Mixed) (G1 Evacuation Pause)
[568.241s][info][gc,task     ] GC(881) Using 2 workers of 2 for evacuation
[568.249s][info][gc,phases   ] GC(881)   Pre Evacuate Collection Set: 0.39ms
[568.249s][info][gc,phases   ] GC(881)   Merge Heap Roots: 0.24ms
[568.249s][info][gc,phases   ] GC(881)   Evacuate Collection Set: 5.56ms
[568.249s][info][gc,phases   ] GC(881)   Post Evacuate Collection Set: 0.98ms
[568.249s][info][gc,phases   ] GC(881)   Other: 0.12ms
[568.249s][info][gc,heap     ] GC(881) Eden regions: 523->0(522)
[568.249s][info][gc,heap     ] GC(881) Survivor regions: 2->3(66)
[568.249s][info][gc,heap     ] GC(881) Old regions: 59->59
[568.249s][info][gc,heap     ] GC(881) Humongous regions: 207->207
[568.249s][info][gc,metaspace] GC(881) Metaspace: 57861K(58240K)->57861K(58240K) NonClass: 49559K(49856K)->49559K(49856K) Class: 8301K(8384K)->8301K(8384K)
[568.249s][info][gc          ] GC(881) Pause Young (Prepare Mixed) (G1 Evacuation Pause) 788M->266M(876M) 7.517ms
[568.249s][info][gc,cpu      ] GC(881) User=0.01s Sys=0.00s Real=0.01s
[569.410s][info][gc,start    ] GC(882) Pause Young (Mixed) (G1 Evacuation Pause)
[569.410s][info][gc,task     ] GC(882) Using 2 workers of 2 for evacuation
[569.414s][info][gc,phases   ] GC(882)   Pre Evacuate Collection Set: 0.35ms
[569.414s][info][gc,phases   ] GC(882)   Merge Heap Roots: 0.17ms
[569.414s][info][gc,phases   ] GC(882)   Evacuate Collection Set: 2.74ms
[569.414s][info][gc,phases   ] GC(882)   Post Evacuate Collection Set: 0.90ms
[569.414s][info][gc,phases   ] GC(882)   Other: 0.11ms
[569.414s][info][gc,heap     ] GC(882) Eden regions: 522->0(524)
[569.414s][info][gc,heap     ] GC(882) Survivor regions: 3->1(66)
[569.414s][info][gc,heap     ] GC(882) Old regions: 59->56
[569.414s][info][gc,heap     ] GC(882) Humongous regions: 207->207
[569.414s][info][gc,metaspace] GC(882) Metaspace: 57861K(58240K)->57861K(58240K) NonClass: 49559K(49856K)->49559K(49856K) Class: 8301K(8384K)->8301K(8384K)
[569.414s][info][gc          ] GC(882) Pause Young (Mixed) (G1 Evacuation Pause) 788M->261M(876M) 4.496ms
[569.414s][info][gc,cpu      ] GC(882) User=0.01s Sys=0.00s Real=0.01s
[570.534s][info][gc,start    ] GC(883) Pause Young (Normal) (G1 Evacuation Pause)
[570.534s][info][gc,task     ] GC(883) Using 2 workers of 2 for evacuation
[570.542s][info][gc,phases   ] GC(883)   Pre Evacuate Collection Set: 0.33ms
[570.542s][info][gc,phases   ] GC(883)   Merge Heap Roots: 0.18ms
[570.542s][info][gc,phases   ] GC(883)   Evacuate Collection Set: 6.05ms
[570.542s][info][gc,phases   ] GC(883)   Post Evacuate Collection Set: 0.92ms
[570.542s][info][gc,phases   ] GC(883)   Other: 0.12ms
[570.542s][info][gc,heap     ] GC(883) Eden regions: 524->0(521)
[570.542s][info][gc,heap     ] GC(883) Survivor regions: 1->4(66)
[570.542s][info][gc,heap     ] GC(883) Old regions: 56->56
[570.542s][info][gc,heap     ] GC(883) Humongous regions: 207->207
[570.542s][info][gc,metaspace] GC(883) Metaspace: 57861K(58240K)->57861K(58240K) NonClass: 49559K(49856K)->49559K(49856K) Class: 8301K(8384K)->8301K(8384K)
[570.542s][info][gc          ] GC(883) Pause Young (Normal) (G1 Evacuation Pause) 785M->264M(876M) 7.807ms
[570.542s][info][gc,cpu      ] GC(883) User=0.01s Sys=0.00s Real=0.00s
[571.711s][info][gc,start    ] GC(884) Pause Young (Normal) (G1 Evacuation Pause)
[571.711s][info][gc,task     ] GC(884) Using 2 workers of 2 for evacuation
[571.715s][info][gc,phases   ] GC(884)   Pre Evacuate Collection Set: 0.33ms
[571.715s][info][gc,phases   ] GC(884)   Merge Heap Roots: 0.17ms
[571.715s][info][gc,phases   ] GC(884)   Evacuate Collection Set: 2.79ms
[571.715s][info][gc,phases   ] GC(884)   Post Evacuate Collection Set: 0.86ms
[571.715s][info][gc,phases   ] GC(884)   Other: 0.11ms
[571.715s][info][gc,heap     ] GC(884) Eden regions: 521->0(523)
[571.715s][info][gc,heap     ] GC(884) Survivor regions: 4->2(66)
[571.715s][info][gc,heap     ] GC(884) Old regions: 56->56
[571.715s][info][gc,heap     ] GC(884) Humongous regions: 207->207
[571.715s][info][gc,metaspace] GC(884) Metaspace: 57861K(58240K)->57861K(58240K) NonClass: 49559K(49856K)->49559K(49856K) Class: 8301K(8384K)->8301K(8384K)
[571.715s][info][gc          ] GC(884) Pause Young (Normal) (G1 Evacuation Pause) 785M->262M(876M) 4.450ms
[571.715s][info][gc,cpu      ] GC(884) User=0.01s Sys=0.00s Real=0.01s
[572.851s][info][gc,start    ] GC(885) Pause Young (Normal) (G1 Evacuation Pause)
[572.851s][info][gc,task     ] GC(885) Using 2 workers of 2 for evacuation
[572.857s][info][gc,phases   ] GC(885)   Pre Evacuate Collection Set: 0.41ms
[572.857s][info][gc,phases   ] GC(885)   Merge Heap Roots: 0.21ms
[572.857s][info][gc,phases   ] GC(885)   Evacuate Collection Set: 4.34ms
[572.857s][info][gc,phases   ] GC(885)   Post Evacuate Collection Set: 1.02ms
[572.857s][info][gc,phases   ] GC(885)   Other: 0.14ms
[572.857s][info][gc,heap     ] GC(885) Eden regions: 523->0(523)
[572.857s][info][gc,heap     ] GC(885) Survivor regions: 2->2(66)
[572.857s][info][gc,heap     ] GC(885) Old regions: 56->56
[572.857s][info][gc,heap     ] GC(885) Humongous regions: 207->207
[572.858s][info][gc,metaspace] GC(885) Metaspace: 57861K(58240K)->57861K(58240K) NonClass: 49559K(49856K)->49559K(49856K) Class: 8301K(8384K)->8301K(8384K)
[572.858s][info][gc          ] GC(885) Pause Young (Normal) (G1 Evacuation Pause) 785M->262M(876M) 6.447ms
[572.858s][info][gc,cpu      ] GC(885) User=0.01s Sys=0.01s Real=0.01s
[574.013s][info][gc,start    ] GC(886) Pause Young (Normal) (G1 Evacuation Pause)
[574.014s][info][gc,task     ] GC(886) Using 2 workers of 2 for evacuation
[574.019s][info][gc,phases   ] GC(886)   Pre Evacuate Collection Set: 0.31ms
[574.019s][info][gc,phases   ] GC(886)   Merge Heap Roots: 0.19ms
[574.019s][info][gc,phases   ] GC(886)   Evacuate Collection Set: 3.50ms
[574.019s][info][gc,phases   ] GC(886)   Post Evacuate Collection Set: 0.90ms
[574.019s][info][gc,phases   ] GC(886)   Other: 0.14ms
[574.019s][info][gc,heap     ] GC(886) Eden regions: 523->0(523)
[574.019s][info][gc,heap     ] GC(886) Survivor regions: 2->2(66)
[574.019s][info][gc,heap     ] GC(886) Old regions: 56->56
[574.019s][info][gc,heap     ] GC(886) Humongous regions: 207->207
[574.019s][info][gc,metaspace] GC(886) Metaspace: 57861K(58240K)->57861K(58240K) NonClass: 49559K(49856K)->49559K(49856K) Class: 8301K(8384K)->8301K(8384K)
[574.019s][info][gc          ] GC(886) Pause Young (Normal) (G1 Evacuation Pause) 785M->262M(876M) 5.295ms
[574.019s][info][gc,cpu      ] GC(886) User=0.01s Sys=0.00s Real=0.01s
[575.146s][info][gc,start    ] GC(887) Pause Young (Normal) (G1 Evacuation Pause)
[575.146s][info][gc,task     ] GC(887) Using 2 workers of 2 for evacuation
[575.153s][info][gc,phases   ] GC(887)   Pre Evacuate Collection Set: 0.54ms
[575.153s][info][gc,phases   ] GC(887)   Merge Heap Roots: 0.16ms
[575.153s][info][gc,phases   ] GC(887)   Evacuate Collection Set: 5.57ms
[575.153s][info][gc,phases   ] GC(887)   Post Evacuate Collection Set: 0.92ms
[575.153s][info][gc,phases   ] GC(887)   Other: 0.10ms
[575.153s][info][gc,heap     ] GC(887) Eden regions: 523->0(522)
[575.153s][info][gc,heap     ] GC(887) Survivor regions: 2->3(66)
[575.154s][info][gc,heap     ] GC(887) Old regions: 56->56
[575.154s][info][gc,heap     ] GC(887) Humongous regions: 207->207
[575.154s][info][gc,metaspace] GC(887) Metaspace: 57861K(58240K)->57861K(58240K) NonClass: 49559K(49856K)->49559K(49856K) Class: 8301K(8384K)->8301K(8384K)
[575.154s][info][gc          ] GC(887) Pause Young (Normal) (G1 Evacuation Pause) 785M->263M(876M) 7.539ms
[575.154s][info][gc,cpu      ] GC(887) User=0.02s Sys=0.00s Real=0.01s
[576.371s][info][gc,start    ] GC(888) Pause Young (Normal) (G1 Evacuation Pause)
[576.371s][info][gc,task     ] GC(888) Using 2 workers of 2 for evacuation
[576.376s][info][gc,phases   ] GC(888)   Pre Evacuate Collection Set: 0.35ms
[576.376s][info][gc,phases   ] GC(888)   Merge Heap Roots: 0.17ms
[576.376s][info][gc,phases   ] GC(888)   Evacuate Collection Set: 3.43ms
[576.376s][info][gc,phases   ] GC(888)   Post Evacuate Collection Set: 0.88ms
[576.376s][info][gc,phases   ] GC(888)   Other: 0.10ms
[576.376s][info][gc,heap     ] GC(888) Eden regions: 522->0(523)
[576.376s][info][gc,heap     ] GC(888) Survivor regions: 3->2(66)
[576.376s][info][gc,heap     ] GC(888) Old regions: 56->56
[576.376s][info][gc,heap     ] GC(888) Humongous regions: 207->207
[576.376s][info][gc,metaspace] GC(888) Metaspace: 57861K(58240K)->57861K(58240K) NonClass: 49559K(49856K)->49559K(49856K) Class: 8301K(8384K)->8301K(8384K)
[576.377s][info][gc          ] GC(888) Pause Young (Normal) (G1 Evacuation Pause) 785M->262M(876M) 5.146ms
[576.377s][info][gc,cpu      ] GC(888) User=0.01s Sys=0.00s Real=0.01s
[577.467s][info][gc,start    ] GC(889) Pause Young (Normal) (G1 Evacuation Pause)
[577.467s][info][gc,task     ] GC(889) Using 2 workers of 2 for evacuation
[577.474s][info][gc,phases   ] GC(889)   Pre Evacuate Collection Set: 0.33ms
[577.474s][info][gc,phases   ] GC(889)   Merge Heap Roots: 0.17ms
[577.474s][info][gc,phases   ] GC(889)   Evacuate Collection Set: 6.01ms
[577.474s][info][gc,phases   ] GC(889)   Post Evacuate Collection Set: 0.90ms
[577.474s][info][gc,phases   ] GC(889)   Other: 0.10ms
[577.474s][info][gc,heap     ] GC(889) Eden regions: 523->0(521)
[577.474s][info][gc,heap     ] GC(889) Survivor regions: 2->4(66)
[577.474s][info][gc,heap     ] GC(889) Old regions: 56->56
[577.474s][info][gc,heap     ] GC(889) Humongous regions: 207->207
[577.474s][info][gc,metaspace] GC(889) Metaspace: 57861K(58240K)->57861K(58240K) NonClass: 49559K(49856K)->49559K(49856K) Class: 8301K(8384K)->8301K(8384K)
[577.474s][info][gc          ] GC(889) Pause Young (Normal) (G1 Evacuation Pause) 785M->264M(876M) 7.757ms
[577.475s][info][gc,cpu      ] GC(889) User=0.01s Sys=0.00s Real=0.01s
[578.608s][info][gc,start    ] GC(890) Pause Young (Normal) (G1 Evacuation Pause)
[578.608s][info][gc,task     ] GC(890) Using 2 workers of 2 for evacuation
[578.613s][info][gc,phases   ] GC(890)   Pre Evacuate Collection Set: 0.33ms
[578.613s][info][gc,phases   ] GC(890)   Merge Heap Roots: 0.17ms
[578.613s][info][gc,phases   ] GC(890)   Evacuate Collection Set: 3.06ms
[578.613s][info][gc,phases   ] GC(890)   Post Evacuate Collection Set: 0.86ms
[578.613s][info][gc,phases   ] GC(890)   Other: 0.10ms
[578.613s][info][gc,heap     ] GC(890) Eden regions: 521->0(524)
[578.613s][info][gc,heap     ] GC(890) Survivor regions: 4->1(66)
[578.613s][info][gc,heap     ] GC(890) Old regions: 56->56
[578.613s][info][gc,heap     ] GC(890) Humongous regions: 207->207
[578.613s][info][gc,metaspace] GC(890) Metaspace: 57861K(58240K)->57861K(58240K) NonClass: 49559K(49856K)->49559K(49856K) Class: 8301K(8384K)->8301K(8384K)
[578.613s][info][gc          ] GC(890) Pause Young (Normal) (G1 Evacuation Pause) 785M->262M(876M) 4.725ms
[578.613s][info][gc,cpu      ] GC(890) User=0.01s Sys=0.00s Real=0.00s
[579.737s][info][gc,start    ] GC(891) Pause Young (Normal) (G1 Evacuation Pause)
[579.737s][info][gc,task     ] GC(891) Using 2 workers of 2 for evacuation
[579.744s][info][gc,phases   ] GC(891)   Pre Evacuate Collection Set: 0.33ms
[579.744s][info][gc,phases   ] GC(891)   Merge Heap Roots: 0.18ms
[579.744s][info][gc,phases   ] GC(891)   Evacuate Collection Set: 5.05ms
[579.744s][info][gc,phases   ] GC(891)   Post Evacuate Collection Set: 0.83ms
[579.744s][info][gc,phases   ] GC(891)   Other: 0.10ms
[579.744s][info][gc,heap     ] GC(891) Eden regions: 524->0(522)
[579.744s][info][gc,heap     ] GC(891) Survivor regions: 1->3(66)
[579.744s][info][gc,heap     ] GC(891) Old regions: 56->56
[579.744s][info][gc,heap     ] GC(891) Humongous regions: 207->207
[579.744s][info][gc,metaspace] GC(891) Metaspace: 57861K(58240K)->57861K(58240K) NonClass: 49559K(49856K)->49559K(49856K) Class: 8301K(8384K)->8301K(8384K)
[579.744s][info][gc          ] GC(891) Pause Young (Normal) (G1 Evacuation Pause) 786M->264M(876M) 6.706ms
[579.744s][info][gc,cpu      ] GC(891) User=0.01s Sys=0.00s Real=0.01s
[580.980s][info][gc,start    ] GC(892) Pause Young (Normal) (G1 Evacuation Pause)
[580.980s][info][gc,task     ] GC(892) Using 2 workers of 2 for evacuation
[580.985s][info][gc,phases   ] GC(892)   Pre Evacuate Collection Set: 0.33ms
[580.985s][info][gc,phases   ] GC(892)   Merge Heap Roots: 0.15ms
[580.985s][info][gc,phases   ] GC(892)   Evacuate Collection Set: 3.96ms
[580.986s][info][gc,phases   ] GC(892)   Post Evacuate Collection Set: 1.14ms
[580.986s][info][gc,phases   ] GC(892)   Other: 0.10ms
[580.986s][info][gc,heap     ] GC(892) Eden regions: 522->0(524)
[580.986s][info][gc,heap     ] GC(892) Survivor regions: 3->1(66)
[580.986s][info][gc,heap     ] GC(892) Old regions: 56->56
[580.986s][info][gc,heap     ] GC(892) Humongous regions: 207->207
[580.986s][info][gc,metaspace] GC(892) Metaspace: 57861K(58240K)->57861K(58240K) NonClass: 49559K(49856K)->49559K(49856K) Class: 8301K(8384K)->8301K(8384K)
[580.986s][info][gc          ] GC(892) Pause Young (Normal) (G1 Evacuation Pause) 786M->262M(876M) 5.910ms
[580.986s][info][gc,cpu      ] GC(892) User=0.01s Sys=0.00s Real=0.01s
[582.040s][info][gc,start    ] GC(893) Pause Young (Normal) (G1 Evacuation Pause)
[582.040s][info][gc,task     ] GC(893) Using 2 workers of 2 for evacuation
[582.046s][info][gc,phases   ] GC(893)   Pre Evacuate Collection Set: 0.31ms
[582.046s][info][gc,phases   ] GC(893)   Merge Heap Roots: 0.17ms
[582.046s][info][gc,phases   ] GC(893)   Evacuate Collection Set: 4.78ms
[582.046s][info][gc,phases   ] GC(893)   Post Evacuate Collection Set: 0.84ms
[582.046s][info][gc,phases   ] GC(893)   Other: 0.09ms
[582.046s][info][gc,heap     ] GC(893) Eden regions: 524->0(523)
[582.046s][info][gc,heap     ] GC(893) Survivor regions: 1->2(66)
[582.046s][info][gc,heap     ] GC(893) Old regions: 56->56
[582.046s][info][gc,heap     ] GC(893) Humongous regions: 207->207
[582.046s][info][gc,metaspace] GC(893) Metaspace: 57861K(58240K)->57861K(58240K) NonClass: 49559K(49856K)->49559K(49856K) Class: 8301K(8384K)->8301K(8384K)
[582.046s][info][gc          ] GC(893) Pause Young (Normal) (G1 Evacuation Pause) 786M->263M(876M) 6.405ms
[582.046s][info][gc,cpu      ] GC(893) User=0.01s Sys=0.00s Real=0.01s
[583.208s][info][gc,start    ] GC(894) Pause Young (Normal) (G1 Evacuation Pause)
[583.208s][info][gc,task     ] GC(894) Using 2 workers of 2 for evacuation
[583.212s][info][gc,phases   ] GC(894)   Pre Evacuate Collection Set: 0.33ms
[583.212s][info][gc,phases   ] GC(894)   Merge Heap Roots: 0.17ms
[583.212s][info][gc,phases   ] GC(894)   Evacuate Collection Set: 2.99ms
[583.212s][info][gc,phases   ] GC(894)   Post Evacuate Collection Set: 0.85ms
[583.212s][info][gc,phases   ] GC(894)   Other: 0.10ms
[583.212s][info][gc,heap     ] GC(894) Eden regions: 523->0(524)
[583.212s][info][gc,heap     ] GC(894) Survivor regions: 2->1(66)
[583.212s][info][gc,heap     ] GC(894) Old regions: 56->56
[583.212s][info][gc,heap     ] GC(894) Humongous regions: 207->207
[583.212s][info][gc,metaspace] GC(894) Metaspace: 57861K(58240K)->57861K(58240K) NonClass: 49559K(49856K)->49559K(49856K) Class: 8301K(8384K)->8301K(8384K)
[583.212s][info][gc          ] GC(894) Pause Young (Normal) (G1 Evacuation Pause) 786M->262M(876M) 4.659ms
[583.213s][info][gc,cpu      ] GC(894) User=0.01s Sys=0.00s Real=0.00s
[584.332s][info][gc,start    ] GC(895) Pause Young (Normal) (G1 Evacuation Pause)
[584.332s][info][gc,task     ] GC(895) Using 2 workers of 2 for evacuation
[584.338s][info][gc,phases   ] GC(895)   Pre Evacuate Collection Set: 0.32ms
[584.338s][info][gc,phases   ] GC(895)   Merge Heap Roots: 0.18ms
[584.338s][info][gc,phases   ] GC(895)   Evacuate Collection Set: 4.90ms
[584.338s][info][gc,phases   ] GC(895)   Post Evacuate Collection Set: 0.86ms
[584.338s][info][gc,phases   ] GC(895)   Other: 0.12ms
[584.338s][info][gc,heap     ] GC(895) Eden regions: 524->0(522)
[584.338s][info][gc,heap     ] GC(895) Survivor regions: 1->3(66)
[584.338s][info][gc,heap     ] GC(895) Old regions: 56->56
[584.338s][info][gc,heap     ] GC(895) Humongous regions: 207->207
[584.338s][info][gc,metaspace] GC(895) Metaspace: 57861K(58240K)->57861K(58240K) NonClass: 49559K(49856K)->49559K(49856K) Class: 8301K(8384K)->8301K(8384K)
[584.338s][info][gc          ] GC(895) Pause Young (Normal) (G1 Evacuation Pause) 786M->263M(876M) 6.598ms
[584.339s][info][gc,cpu      ] GC(895) User=0.01s Sys=0.01s Real=0.01s
[585.460s][info][gc,start    ] GC(896) Pause Young (Normal) (G1 Evacuation Pause)
[585.460s][info][gc,task     ] GC(896) Using 2 workers of 2 for evacuation
[585.464s][info][gc,phases   ] GC(896)   Pre Evacuate Collection Set: 0.32ms
[585.464s][info][gc,phases   ] GC(896)   Merge Heap Roots: 0.17ms
[585.464s][info][gc,phases   ] GC(896)   Evacuate Collection Set: 2.59ms
[585.464s][info][gc,phases   ] GC(896)   Post Evacuate Collection Set: 0.83ms
[585.464s][info][gc,phases   ] GC(896)   Other: 0.09ms
[585.464s][info][gc,heap     ] GC(896) Eden regions: 522->0(524)
[585.464s][info][gc,heap     ] GC(896) Survivor regions: 3->1(66)
[585.464s][info][gc,heap     ] GC(896) Old regions: 56->56
[585.464s][info][gc,heap     ] GC(896) Humongous regions: 207->207
[585.464s][info][gc,metaspace] GC(896) Metaspace: 57861K(58240K)->57861K(58240K) NonClass: 49559K(49856K)->49559K(49856K) Class: 8301K(8384K)->8301K(8384K)
[585.464s][info][gc          ] GC(896) Pause Young (Normal) (G1 Evacuation Pause) 785M->262M(876M) 4.196ms
[585.464s][info][gc,cpu      ] GC(896) User=0.01s Sys=0.00s Real=0.01s
[586.625s][info][gc,start    ] GC(897) Pause Young (Normal) (G1 Evacuation Pause)
[586.625s][info][gc,task     ] GC(897) Using 2 workers of 2 for evacuation
[586.631s][info][gc,phases   ] GC(897)   Pre Evacuate Collection Set: 0.33ms
[586.631s][info][gc,phases   ] GC(897)   Merge Heap Roots: 0.18ms
[586.631s][info][gc,phases   ] GC(897)   Evacuate Collection Set: 4.47ms
[586.631s][info][gc,phases   ] GC(897)   Post Evacuate Collection Set: 0.84ms
[586.631s][info][gc,phases   ] GC(897)   Other: 0.10ms
[586.631s][info][gc,heap     ] GC(897) Eden regions: 524->0(522)
[586.631s][info][gc,heap     ] GC(897) Survivor regions: 1->3(66)
[586.631s][info][gc,heap     ] GC(897) Old regions: 56->56
[586.631s][info][gc,heap     ] GC(897) Humongous regions: 207->207
[586.631s][info][gc,metaspace] GC(897) Metaspace: 57861K(58240K)->57861K(58240K) NonClass: 49559K(49856K)->49559K(49856K) Class: 8301K(8384K)->8301K(8384K)
[586.631s][info][gc          ] GC(897) Pause Young (Normal) (G1 Evacuation Pause) 786M->264M(876M) 6.155ms
[586.631s][info][gc,cpu      ] GC(897) User=0.01s Sys=0.00s Real=0.00s
[587.751s][info][gc,start    ] GC(898) Pause Young (Normal) (G1 Evacuation Pause)
[587.751s][info][gc,task     ] GC(898) Using 2 workers of 2 for evacuation
[587.756s][info][gc,phases   ] GC(898)   Pre Evacuate Collection Set: 0.32ms
[587.756s][info][gc,phases   ] GC(898)   Merge Heap Roots: 0.17ms
[587.756s][info][gc,phases   ] GC(898)   Evacuate Collection Set: 3.75ms
[587.756s][info][gc,phases   ] GC(898)   Post Evacuate Collection Set: 0.83ms
[587.756s][info][gc,phases   ] GC(898)   Other: 0.10ms
[587.756s][info][gc,heap     ] GC(898) Eden regions: 522->0(523)
[587.756s][info][gc,heap     ] GC(898) Survivor regions: 3->2(66)
[587.756s][info][gc,heap     ] GC(898) Old regions: 56->56
[587.756s][info][gc,heap     ] GC(898) Humongous regions: 207->207
[587.756s][info][gc,metaspace] GC(898) Metaspace: 57861K(58240K)->57861K(58240K) NonClass: 49559K(49856K)->49559K(49856K) Class: 8301K(8384K)->8301K(8384K)
[587.756s][info][gc          ] GC(898) Pause Young (Normal) (G1 Evacuation Pause) 786M->263M(876M) 5.386ms
[587.756s][info][gc,cpu      ] GC(898) User=0.01s Sys=0.00s Real=0.01s
[588.923s][info][gc,start    ] GC(899) Pause Young (Normal) (G1 Evacuation Pause)
[588.923s][info][gc,task     ] GC(899) Using 2 workers of 2 for evacuation
[588.929s][info][gc,phases   ] GC(899)   Pre Evacuate Collection Set: 0.31ms
[588.929s][info][gc,phases   ] GC(899)   Merge Heap Roots: 0.17ms
[588.929s][info][gc,phases   ] GC(899)   Evacuate Collection Set: 4.23ms
[588.929s][info][gc,phases   ] GC(899)   Post Evacuate Collection Set: 0.86ms
[588.929s][info][gc,phases   ] GC(899)   Other: 0.10ms
[588.929s][info][gc,heap     ] GC(899) Eden regions: 523->0(523)
[588.929s][info][gc,heap     ] GC(899) Survivor regions: 2->2(66)
[588.929s][info][gc,heap     ] GC(899) Old regions: 56->56
[588.929s][info][gc,heap     ] GC(899) Humongous regions: 207->207
[588.929s][info][gc,metaspace] GC(899) Metaspace: 57861K(58240K)->57861K(58240K) NonClass: 49559K(49856K)->49559K(49856K) Class: 8301K(8384K)->8301K(8384K)
[588.929s][info][gc          ] GC(899) Pause Young (Normal) (G1 Evacuation Pause) 786M->263M(876M) 5.861ms
[588.929s][info][gc,cpu      ] GC(899) User=0.01s Sys=0.00s Real=0.01s
[590.051s][info][gc,start    ] GC(900) Pause Young (Normal) (G1 Evacuation Pause)
[590.051s][info][gc,task     ] GC(900) Using 2 workers of 2 for evacuation
[590.057s][info][gc,phases   ] GC(900)   Pre Evacuate Collection Set: 0.32ms
[590.057s][info][gc,phases   ] GC(900)   Merge Heap Roots: 0.15ms
[590.057s][info][gc,phases   ] GC(900)   Evacuate Collection Set: 4.37ms
[590.057s][info][gc,phases   ] GC(900)   Post Evacuate Collection Set: 0.91ms
[590.057s][info][gc,phases   ] GC(900)   Other: 0.09ms
[590.057s][info][gc,heap     ] GC(900) Eden regions: 523->0(523)
[590.057s][info][gc,heap     ] GC(900) Survivor regions: 2->2(66)
[590.057s][info][gc,heap     ] GC(900) Old regions: 56->56
[590.057s][info][gc,heap     ] GC(900) Humongous regions: 207->207
[590.057s][info][gc,metaspace] GC(900) Metaspace: 57861K(58240K)->57861K(58240K) NonClass: 49559K(49856K)->49559K(49856K) Class: 8301K(8384K)->8301K(8384K)
[590.057s][info][gc          ] GC(900) Pause Young (Normal) (G1 Evacuation Pause) 786M->263M(876M) 6.033ms
[590.057s][info][gc,cpu      ] GC(900) User=0.01s Sys=0.00s Real=0.01s
[591.320s][info][gc,start    ] GC(901) Pause Young (Normal) (G1 Evacuation Pause)
[591.320s][info][gc,task     ] GC(901) Using 2 workers of 2 for evacuation
[591.324s][info][gc,phases   ] GC(901)   Pre Evacuate Collection Set: 0.32ms
[591.324s][info][gc,phases   ] GC(901)   Merge Heap Roots: 0.18ms
[591.324s][info][gc,phases   ] GC(901)   Evacuate Collection Set: 3.26ms
[591.324s][info][gc,phases   ] GC(901)   Post Evacuate Collection Set: 0.84ms
[591.324s][info][gc,phases   ] GC(901)   Other: 0.14ms
[591.324s][info][gc,heap     ] GC(901) Eden regions: 523->0(524)
[591.324s][info][gc,heap     ] GC(901) Survivor regions: 2->1(66)
[591.324s][info][gc,heap     ] GC(901) Old regions: 56->56
[591.324s][info][gc,heap     ] GC(901) Humongous regions: 207->207
[591.324s][info][gc,metaspace] GC(901) Metaspace: 57861K(58240K)->57861K(58240K) NonClass: 49559K(49856K)->49559K(49856K) Class: 8301K(8384K)->8301K(8384K)
[591.325s][info][gc          ] GC(901) Pause Young (Normal) (G1 Evacuation Pause) 786M->262M(876M) 4.944ms
[591.325s][info][gc,cpu      ] GC(901) User=0.01s Sys=0.00s Real=0.01s
[592.451s][info][gc,start    ] GC(902) Pause Young (Normal) (G1 Evacuation Pause)
[592.451s][info][gc,task     ] GC(902) Using 2 workers of 2 for evacuation
[592.457s][info][gc,phases   ] GC(902)   Pre Evacuate Collection Set: 0.33ms
[592.457s][info][gc,phases   ] GC(902)   Merge Heap Roots: 0.16ms
[592.457s][info][gc,phases   ] GC(902)   Evacuate Collection Set: 4.66ms
[592.457s][info][gc,phases   ] GC(902)   Post Evacuate Collection Set: 0.85ms
[592.457s][info][gc,phases   ] GC(902)   Other: 0.15ms
[592.457s][info][gc,heap     ] GC(902) Eden regions: 524->0(523)
[592.457s][info][gc,heap     ] GC(902) Survivor regions: 1->2(66)
[592.457s][info][gc,heap     ] GC(902) Old regions: 56->56
[592.457s][info][gc,heap     ] GC(902) Humongous regions: 207->207
[592.457s][info][gc,metaspace] GC(902) Metaspace: 57862K(58240K)->57862K(58240K) NonClass: 49560K(49856K)->49560K(49856K) Class: 8301K(8384K)->8301K(8384K)
[592.457s][info][gc          ] GC(902) Pause Young (Normal) (G1 Evacuation Pause) 786M->263M(876M) 6.370ms
[592.457s][info][gc,cpu      ] GC(902) User=0.02s Sys=0.00s Real=0.01s
[593.617s][info][gc,start    ] GC(903) Pause Young (Normal) (G1 Evacuation Pause)
[593.617s][info][gc,task     ] GC(903) Using 2 workers of 2 for evacuation
[593.623s][info][gc,phases   ] GC(903)   Pre Evacuate Collection Set: 0.31ms
[593.623s][info][gc,phases   ] GC(903)   Merge Heap Roots: 0.18ms
[593.623s][info][gc,phases   ] GC(903)   Evacuate Collection Set: 4.09ms
[593.623s][info][gc,phases   ] GC(903)   Post Evacuate Collection Set: 0.87ms
[593.623s][info][gc,phases   ] GC(903)   Other: 0.13ms
[593.623s][info][gc,heap     ] GC(903) Eden regions: 523->0(522)
[593.623s][info][gc,heap     ] GC(903) Survivor regions: 2->3(66)
[593.623s][info][gc,heap     ] GC(903) Old regions: 56->56
[593.623s][info][gc,heap     ] GC(903) Humongous regions: 207->207
[593.623s][info][gc,metaspace] GC(903) Metaspace: 57862K(58240K)->57862K(58240K) NonClass: 49560K(49856K)->49560K(49856K) Class: 8301K(8384K)->8301K(8384K)
[593.623s][info][gc          ] GC(903) Pause Young (Normal) (G1 Evacuation Pause) 786M->263M(876M) 5.776ms
[593.623s][info][gc,cpu      ] GC(903) User=0.01s Sys=0.00s Real=0.00s
[594.742s][info][gc,start    ] GC(904) Pause Young (Normal) (G1 Evacuation Pause)
[594.742s][info][gc,task     ] GC(904) Using 2 workers of 2 for evacuation
[594.749s][info][gc,phases   ] GC(904)   Pre Evacuate Collection Set: 0.31ms
[594.749s][info][gc,phases   ] GC(904)   Merge Heap Roots: 0.19ms
[594.749s][info][gc,phases   ] GC(904)   Evacuate Collection Set: 5.65ms
[594.749s][info][gc,phases   ] GC(904)   Post Evacuate Collection Set: 0.87ms
[594.749s][info][gc,phases   ] GC(904)   Other: 0.09ms
[594.749s][info][gc,heap     ] GC(904) Eden regions: 522->0(522)
[594.749s][info][gc,heap     ] GC(904) Survivor regions: 3->3(66)
[594.749s][info][gc,heap     ] GC(904) Old regions: 56->56
[594.749s][info][gc,heap     ] GC(904) Humongous regions: 207->207
[594.749s][info][gc,metaspace] GC(904) Metaspace: 57862K(58240K)->57862K(58240K) NonClass: 49560K(49856K)->49560K(49856K) Class: 8301K(8384K)->8301K(8384K)
[594.749s][info][gc          ] GC(904) Pause Young (Normal) (G1 Evacuation Pause) 785M->264M(876M) 7.340ms
[594.749s][info][gc,cpu      ] GC(904) User=0.01s Sys=0.00s Real=0.01s
[595.940s][info][gc,start    ] GC(905) Pause Young (Normal) (G1 Evacuation Pause)
[595.940s][info][gc,task     ] GC(905) Using 2 workers of 2 for evacuation
[595.948s][info][gc,phases   ] GC(905)   Pre Evacuate Collection Set: 0.33ms
[595.948s][info][gc,phases   ] GC(905)   Merge Heap Roots: 0.17ms
[595.948s][info][gc,phases   ] GC(905)   Evacuate Collection Set: 7.11ms
[595.948s][info][gc,phases   ] GC(905)   Post Evacuate Collection Set: 0.93ms
[595.948s][info][gc,phases   ] GC(905)   Other: 0.10ms
[595.949s][info][gc,heap     ] GC(905) Eden regions: 522->0(521)
[595.949s][info][gc,heap     ] GC(905) Survivor regions: 3->4(66)
[595.949s][info][gc,heap     ] GC(905) Old regions: 56->56
[595.949s][info][gc,heap     ] GC(905) Humongous regions: 207->207
[595.949s][info][gc,metaspace] GC(905) Metaspace: 57863K(58240K)->57863K(58240K) NonClass: 49561K(49856K)->49561K(49856K) Class: 8301K(8384K)->8301K(8384K)
[595.949s][info][gc          ] GC(905) Pause Young (Normal) (G1 Evacuation Pause) 786M->265M(876M) 8.916ms
[595.949s][info][gc,cpu      ] GC(905) User=0.02s Sys=0.00s Real=0.01s
[597.071s][info][gc,start    ] GC(906) Pause Young (Normal) (G1 Evacuation Pause)
[597.071s][info][gc,task     ] GC(906) Using 2 workers of 2 for evacuation
[597.079s][info][gc,phases   ] GC(906)   Pre Evacuate Collection Set: 0.31ms
[597.079s][info][gc,phases   ] GC(906)   Merge Heap Roots: 0.16ms
[597.079s][info][gc,phases   ] GC(906)   Evacuate Collection Set: 5.69ms
[597.079s][info][gc,phases   ] GC(906)   Post Evacuate Collection Set: 0.88ms
[597.079s][info][gc,phases   ] GC(906)   Other: 0.16ms
[597.079s][info][gc,heap     ] GC(906) Eden regions: 521->0(522)
[597.079s][info][gc,heap     ] GC(906) Survivor regions: 4->3(66)
[597.079s][info][gc,heap     ] GC(906) Old regions: 56->56
[597.079s][info][gc,heap     ] GC(906) Humongous regions: 207->207
[597.079s][info][gc,metaspace] GC(906) Metaspace: 57863K(58240K)->57863K(58240K) NonClass: 49561K(49856K)->49561K(49856K) Class: 8301K(8384K)->8301K(8384K)
[597.079s][info][gc          ] GC(906) Pause Young (Normal) (G1 Evacuation Pause) 786M->264M(876M) 7.398ms
[597.079s][info][gc,cpu      ] GC(906) User=0.01s Sys=0.00s Real=0.01s
[598.215s][info][gc,start    ] GC(907) Pause Young (Normal) (G1 Evacuation Pause)
[598.215s][info][gc,task     ] GC(907) Using 2 workers of 2 for evacuation
[598.221s][info][gc,phases   ] GC(907)   Pre Evacuate Collection Set: 0.31ms
[598.221s][info][gc,phases   ] GC(907)   Merge Heap Roots: 0.18ms
[598.221s][info][gc,phases   ] GC(907)   Evacuate Collection Set: 4.01ms
[598.221s][info][gc,phases   ] GC(907)   Post Evacuate Collection Set: 0.91ms
[598.221s][info][gc,phases   ] GC(907)   Other: 0.13ms
[598.221s][info][gc,heap     ] GC(907) Eden regions: 522->0(523)
[598.221s][info][gc,heap     ] GC(907) Survivor regions: 3->2(66)
[598.221s][info][gc,heap     ] GC(907) Old regions: 56->56
[598.221s][info][gc,heap     ] GC(907) Humongous regions: 207->207
[598.221s][info][gc,metaspace] GC(907) Metaspace: 57863K(58240K)->57863K(58240K) NonClass: 49561K(49856K)->49561K(49856K) Class: 8301K(8384K)->8301K(8384K)
[598.221s][info][gc          ] GC(907) Pause Young (Normal) (G1 Evacuation Pause) 786M->263M(876M) 5.749ms
[598.221s][info][gc,cpu      ] GC(907) User=0.01s Sys=0.00s Real=0.00s
[599.180s][info][gc,start    ] GC(908) Pause Young (Concurrent Start) (G1 Humongous Allocation)
[599.180s][info][gc,task     ] GC(908) Using 2 workers of 2 for evacuation
[599.184s][info][gc,phases   ] GC(908)   Pre Evacuate Collection Set: 0.30ms
[599.184s][info][gc,phases   ] GC(908)   Merge Heap Roots: 0.17ms
[599.184s][info][gc,phases   ] GC(908)   Evacuate Collection Set: 2.54ms
[599.184s][info][gc,phases   ] GC(908)   Post Evacuate Collection Set: 0.76ms
[599.184s][info][gc,phases   ] GC(908)   Other: 0.14ms
[599.184s][info][gc,heap     ] GC(908) Eden regions: 449->0(524)
[599.184s][info][gc,heap     ] GC(908) Survivor regions: 2->1(66)
[599.184s][info][gc,heap     ] GC(908) Old regions: 56->56
[599.184s][info][gc,heap     ] GC(908) Humongous regions: 207->207
[599.184s][info][gc,metaspace] GC(908) Metaspace: 57865K(58240K)->57865K(58240K) NonClass: 49564K(49856K)->49564K(49856K) Class: 8301K(8384K)->8301K(8384K)
[599.184s][info][gc          ] GC(908) Pause Young (Concurrent Start) (G1 Humongous Allocation) 712M->261M(876M) 4.107ms
[599.184s][info][gc          ] GC(909) Concurrent Undo Cycle
[599.184s][info][gc,marking  ] GC(909) Concurrent Clear Claimed Marks
[599.184s][info][gc,marking  ] GC(909) Concurrent Clear Claimed Marks 0.077ms
[599.184s][info][gc,marking  ] GC(909) Concurrent Cleanup for Next Mark
[599.184s][info][gc,cpu      ] GC(908) User=0.01s Sys=0.00s Real=0.01s
[599.185s][info][gc,marking  ] GC(909) Concurrent Cleanup for Next Mark 0.931ms
[599.185s][info][gc          ] GC(909) Concurrent Undo Cycle 1.059ms
[599.356s][info][gc,start    ] GC(910) Pause Young (Concurrent Start) (G1 Humongous Allocation)
[599.356s][info][gc,task     ] GC(910) Using 2 workers of 2 for evacuation
[599.360s][info][gc,phases   ] GC(910)   Pre Evacuate Collection Set: 0.31ms
[599.360s][info][gc,phases   ] GC(910)   Merge Heap Roots: 0.07ms
[599.360s][info][gc,phases   ] GC(910)   Evacuate Collection Set: 2.12ms
[599.360s][info][gc,phases   ] GC(910)   Post Evacuate Collection Set: 0.45ms
[599.360s][info][gc,phases   ] GC(910)   Other: 0.13ms
[599.360s][info][gc,heap     ] GC(910) Eden regions: 2->0(524)
[599.360s][info][gc,heap     ] GC(910) Survivor regions: 1->1(66)
[599.360s][info][gc,heap     ] GC(910) Old regions: 56->56
[599.360s][info][gc,heap     ] GC(910) Humongous regions: 246->246
[599.360s][info][gc,metaspace] GC(910) Metaspace: 57865K(58240K)->57865K(58240K) NonClass: 49564K(49856K)->49564K(49856K) Class: 8301K(8384K)->8301K(8384K)
[599.360s][info][gc          ] GC(910) Pause Young (Concurrent Start) (G1 Humongous Allocation) 302M->300M(876M) 3.294ms
[599.360s][info][gc          ] GC(911) Concurrent Mark Cycle
[599.360s][info][gc,marking  ] GC(911) Concurrent Scan Root Regions
[599.360s][info][gc,cpu      ] GC(910) User=0.01s Sys=0.01s Real=0.00s
[599.362s][info][gc,marking  ] GC(911) Concurrent Scan Root Regions 2.476ms
[599.362s][info][gc,marking  ] GC(911) Concurrent Mark
[599.362s][info][gc,marking  ] GC(911) Concurrent Mark From Roots
[599.362s][info][gc,task     ] GC(911) Using 1 workers of 1 for marking
[599.410s][info][gc,marking  ] GC(911) Concurrent Mark From Roots 47.300ms
[599.410s][info][gc,marking  ] GC(911) Concurrent Preclean
[599.410s][info][gc,marking  ] GC(911) Concurrent Preclean 0.075ms
[599.410s][info][gc,start    ] GC(911) Pause Remark
[599.423s][info][gc          ] GC(911) Pause Remark 340M->340M(876M) 12.768ms
[599.423s][info][gc,cpu      ] GC(911) User=0.03s Sys=0.00s Real=0.01s
[599.425s][info][gc,marking  ] GC(911) Concurrent Mark 62.343ms
[599.425s][info][gc,marking  ] GC(911) Concurrent Rebuild Remembered Sets and Scrub Regions
[599.460s][info][gc,marking  ] GC(911) Concurrent Rebuild Remembered Sets and Scrub Regions 35.279ms
[599.460s][info][gc,start    ] GC(911) Pause Cleanup
[599.460s][info][gc          ] GC(911) Pause Cleanup 340M->340M(876M) 0.104ms
[599.460s][info][gc,cpu      ] GC(911) User=0.00s Sys=0.00s Real=0.00s
[599.461s][info][gc,marking  ] GC(911) Concurrent Clear Claimed Marks
[599.461s][info][gc,marking  ] GC(911) Concurrent Clear Claimed Marks 0.103ms
[599.461s][info][gc,marking  ] GC(911) Concurrent Cleanup for Next Mark
[599.464s][info][gc,marking  ] GC(911) Concurrent Cleanup for Next Mark 2.822ms
[599.464s][info][gc          ] GC(911) Concurrent Mark Cycle 104.484ms
[601.671s][info][gc,heap,exit] Heap
[601.671s][info][gc,heap,exit]  garbage-first heap   total reserved 1001472K, committed 897024K, used 369541K [0x00000000c2e00000, 0x0000000100000000)
[601.671s][info][gc,heap,exit]   region size 1024K, 22 young (22528K), 1 survivors (1024K)
[601.671s][info][gc,heap,exit]  Metaspace       used 58429K, committed 58752K, reserved 1114112K
[601.671s][info][gc,heap,exit]   class space    used 8488K, committed 8576K, reserved 1048576K
