[0.002s][info][metaspace]  - commit_granule_bytes: 65536.
[0.002s][info][metaspace]  - commit_granule_words: 8192.
[0.002s][info][metaspace]  - virtual_space_node_default_size: 8388608.
[0.002s][info][metaspace]  - enlarge_chunks_in_place: 1.
[0.004s][info][gc,init  ] CardTable entry size: 512
[0.008s][info][gc       ] Using G1
[0.012s][info][gc,init  ] Version: 24-internal-adhoc.root.jdk (release)
[0.012s][info][gc,init  ] CPUs: 2 total, 2 available
[0.012s][info][gc,init  ] Memory: 3908M
[0.012s][info][gc,init  ] Large Page Support: Disabled
[0.012s][info][gc,init  ] NUMA Support: Disabled
[0.012s][info][gc,init  ] Compressed Oops: Enabled (32-bit)
[0.012s][info][gc,init  ] Heap Region Size: 1M
[0.012s][info][gc,init  ] Heap Min Capacity: 256M
[0.012s][info][gc,init  ] Heap Initial Capacity: 256M
[0.012s][info][gc,init  ] Heap Max Capacity: 978M
[0.012s][info][gc,init  ] Pre-touch: Disabled
[0.012s][info][gc,init  ] Parallel Workers: 2
[0.012s][info][gc,init  ] Concurrent Workers: 1
[0.012s][info][gc,init  ] Concurrent Refinement Workers: 2
[0.012s][info][gc,init  ] Periodic GC: Disabled
[0.028s][info][gc,metaspace] CDS archive(s) mapped at: [0x00007f6ab2000000-0x00007f6ab2e7b000-0x00007f6ab2e7b000), size 15183872, SharedBaseAddress: 0x00007f6ab2000000, ArchiveRelocationMode: 1.
[0.028s][info][gc,metaspace] Compressed class space mapped at: 0x00007f6ab3000000-0x00007f6af3000000, reserved size: 1073741824
[0.028s][info][gc,metaspace] UseCompressedClassPointers 1, UseCompactObjectHeaders 1
[0.028s][info][gc,metaspace] Narrow klass pointer bits 22, Max shift 10
[0.028s][info][gc,metaspace] Narrow klass base: 0x00007f6ab2000000, Narrow klass shift: 10
[0.028s][info][gc,metaspace] Encoding Range: [0x00007f6ab2000000 - 0x00007f6bb2000000), (4294967296 bytes)
[0.028s][info][gc,metaspace] Klass Range:    [0x00007f6ab2000000 - 0x00007f6af3000000), (1090519040 bytes)
[0.028s][info][gc,metaspace] Klass ID Range:  [1 - 1064960) (1064959)
[0.363s][info][gc,start    ] GC(0) Pause Young (Normal) (G1 Evacuation Pause)
[0.363s][info][gc,task     ] GC(0) Using 2 workers of 2 for evacuation
[0.366s][info][gc,phases   ] GC(0)   Pre Evacuate Collection Set: 0.20ms
[0.366s][info][gc,phases   ] GC(0)   Merge Heap Roots: 0.10ms
[0.366s][info][gc,phases   ] GC(0)   Evacuate Collection Set: 2.63ms
[0.366s][info][gc,phases   ] GC(0)   Post Evacuate Collection Set: 0.22ms
[0.366s][info][gc,phases   ] GC(0)   Other: 0.23ms
[0.366s][info][gc,heap     ] GC(0) Eden regions: 12->0(10)
[0.366s][info][gc,heap     ] GC(0) Survivor regions: 0->2(2)
[0.367s][info][gc,heap     ] GC(0) Old regions: 2->2
[0.367s][info][gc,heap     ] GC(0) Humongous regions: 0->0
[0.367s][info][gc,metaspace] GC(0) Metaspace: 2393K(2560K)->2393K(2560K) NonClass: 2065K(2176K)->2065K(2176K) Class: 327K(384K)->327K(384K)
[0.367s][info][gc          ] GC(0) Pause Young (Normal) (G1 Evacuation Pause) 13M->2M(258M) 3.613ms
[0.367s][info][gc,cpu      ] GC(0) User=0.00s Sys=0.00s Real=0.01s
[0.408s][info][gc,start    ] GC(1) Pause Young (Normal) (G1 Evacuation Pause)
[0.408s][info][gc,task     ] GC(1) Using 2 workers of 2 for evacuation
[0.411s][info][gc,phases   ] GC(1)   Pre Evacuate Collection Set: 0.20ms
[0.411s][info][gc,phases   ] GC(1)   Merge Heap Roots: 0.05ms
[0.411s][info][gc,phases   ] GC(1)   Evacuate Collection Set: 2.24ms
[0.411s][info][gc,phases   ] GC(1)   Post Evacuate Collection Set: 0.17ms
[0.411s][info][gc,phases   ] GC(1)   Other: 0.07ms
[0.411s][info][gc,heap     ] GC(1) Eden regions: 10->0(20)
[0.411s][info][gc,heap     ] GC(1) Survivor regions: 2->1(2)
[0.411s][info][gc,heap     ] GC(1) Old regions: 2->4
[0.411s][info][gc,heap     ] GC(1) Humongous regions: 0->0
[0.411s][info][gc,metaspace] GC(1) Metaspace: 2475K(2624K)->2475K(2624K) NonClass: 2146K(2240K)->2146K(2240K) Class: 329K(384K)->329K(384K)
[0.411s][info][gc          ] GC(1) Pause Young (Normal) (G1 Evacuation Pause) 12M->2M(258M) 2.889ms
[0.411s][info][gc,cpu      ] GC(1) User=0.01s Sys=0.00s Real=0.00s
[0.493s][info][gc,start    ] GC(2) Pause Young (Normal) (G1 Evacuation Pause)
[0.493s][info][gc,task     ] GC(2) Using 2 workers of 2 for evacuation
[0.494s][info][gc,phases   ] GC(2)   Pre Evacuate Collection Set: 0.21ms
[0.494s][info][gc,phases   ] GC(2)   Merge Heap Roots: 0.04ms
[0.494s][info][gc,phases   ] GC(2)   Evacuate Collection Set: 0.27ms
[0.494s][info][gc,phases   ] GC(2)   Post Evacuate Collection Set: 0.14ms
[0.494s][info][gc,phases   ] GC(2)   Other: 0.09ms
[0.494s][info][gc,heap     ] GC(2) Eden regions: 20->0(25)
[0.494s][info][gc,heap     ] GC(2) Survivor regions: 1->1(3)
[0.494s][info][gc,heap     ] GC(2) Old regions: 4->4
[0.494s][info][gc,heap     ] GC(2) Humongous regions: 0->0
[0.494s][info][gc,metaspace] GC(2) Metaspace: 2620K(2752K)->2620K(2752K) NonClass: 2291K(2368K)->2291K(2368K) Class: 329K(384K)->329K(384K)
[0.494s][info][gc          ] GC(2) Pause Young (Normal) (G1 Evacuation Pause) 22M->2M(258M) 0.933ms
[0.494s][info][gc,cpu      ] GC(2) User=0.00s Sys=0.00s Real=0.01s
[0.866s][info][gc,start    ] GC(3) Pause Young (Normal) (G1 Evacuation Pause)
[0.866s][info][gc,task     ] GC(3) Using 2 workers of 2 for evacuation
[0.869s][info][gc,phases   ] GC(3)   Pre Evacuate Collection Set: 0.17ms
[0.869s][info][gc,phases   ] GC(3)   Merge Heap Roots: 0.04ms
[0.869s][info][gc,phases   ] GC(3)   Evacuate Collection Set: 2.87ms
[0.869s][info][gc,phases   ] GC(3)   Post Evacuate Collection Set: 0.24ms
[0.869s][info][gc,phases   ] GC(3)   Other: 0.08ms
[0.869s][info][gc,heap     ] GC(3) Eden regions: 25->0(33)
[0.869s][info][gc,heap     ] GC(3) Survivor regions: 1->2(4)
[0.869s][info][gc,heap     ] GC(3) Old regions: 4->4
[0.869s][info][gc,heap     ] GC(3) Humongous regions: 0->0
[0.869s][info][gc,metaspace] GC(3) Metaspace: 6403K(6592K)->6403K(6592K) NonClass: 5519K(5632K)->5519K(5632K) Class: 884K(960K)->884K(960K)
[0.869s][info][gc          ] GC(3) Pause Young (Normal) (G1 Evacuation Pause) 27M->4M(258M) 3.626ms
[0.870s][info][gc,cpu      ] GC(3) User=0.01s Sys=0.00s Real=0.00s
[1.045s][info][gc,start    ] GC(4) Pause Young (Normal) (G1 Evacuation Pause)
[1.045s][info][gc,task     ] GC(4) Using 2 workers of 2 for evacuation
[1.048s][info][gc,phases   ] GC(4)   Pre Evacuate Collection Set: 0.15ms
[1.048s][info][gc,phases   ] GC(4)   Merge Heap Roots: 0.03ms
[1.048s][info][gc,phases   ] GC(4)   Evacuate Collection Set: 2.67ms
[1.048s][info][gc,phases   ] GC(4)   Post Evacuate Collection Set: 0.28ms
[1.048s][info][gc,phases   ] GC(4)   Other: 0.07ms
[1.048s][info][gc,heap     ] GC(4) Eden regions: 33->0(44)
[1.048s][info][gc,heap     ] GC(4) Survivor regions: 2->2(5)
[1.048s][info][gc,heap     ] GC(4) Old regions: 4->4
[1.048s][info][gc,heap     ] GC(4) Humongous regions: 0->0
[1.048s][info][gc,metaspace] GC(4) Metaspace: 6631K(6848K)->6631K(6848K) NonClass: 5714K(5824K)->5714K(5824K) Class: 917K(1024K)->917K(1024K)
[1.048s][info][gc          ] GC(4) Pause Young (Normal) (G1 Evacuation Pause) 37M->4M(258M) 3.395ms
[1.048s][info][gc,cpu      ] GC(4) User=0.01s Sys=0.00s Real=0.00s
[1.251s][info][gc,start    ] GC(5) Pause Young (Normal) (G1 Evacuation Pause)
[1.251s][info][gc,task     ] GC(5) Using 2 workers of 2 for evacuation
[1.256s][info][gc,phases   ] GC(5)   Pre Evacuate Collection Set: 0.17ms
[1.256s][info][gc,phases   ] GC(5)   Merge Heap Roots: 0.03ms
[1.256s][info][gc,phases   ] GC(5)   Evacuate Collection Set: 4.54ms
[1.256s][info][gc,phases   ] GC(5)   Post Evacuate Collection Set: 0.27ms
[1.256s][info][gc,phases   ] GC(5)   Other: 0.08ms
[1.256s][info][gc,heap     ] GC(5) Eden regions: 44->0(56)
[1.256s][info][gc,heap     ] GC(5) Survivor regions: 2->2(6)
[1.256s][info][gc,heap     ] GC(5) Old regions: 4->4
[1.256s][info][gc,heap     ] GC(5) Humongous regions: 0->0
[1.256s][info][gc,metaspace] GC(5) Metaspace: 6980K(7104K)->6980K(7104K) NonClass: 5967K(6016K)->5967K(6016K) Class: 1012K(1088K)->1012K(1088K)
[1.256s][info][gc          ] GC(5) Pause Young (Normal) (G1 Evacuation Pause) 48M->4M(258M) 5.289ms
[1.256s][info][gc,cpu      ] GC(5) User=0.00s Sys=0.01s Real=0.01s
[1.476s][info][gc,start    ] GC(6) Pause Young (Normal) (G1 Evacuation Pause)
[1.476s][info][gc,task     ] GC(6) Using 2 workers of 2 for evacuation
[1.484s][info][gc,phases   ] GC(6)   Pre Evacuate Collection Set: 0.17ms
[1.484s][info][gc,phases   ] GC(6)   Merge Heap Roots: 0.04ms
[1.484s][info][gc,phases   ] GC(6)   Evacuate Collection Set: 5.39ms
[1.484s][info][gc,phases   ] GC(6)   Post Evacuate Collection Set: 2.10ms
[1.484s][info][gc,phases   ] GC(6)   Other: 0.11ms
[1.484s][info][gc,heap     ] GC(6) Eden regions: 56->0(72)
[1.484s][info][gc,heap     ] GC(6) Survivor regions: 2->2(8)
[1.484s][info][gc,heap     ] GC(6) Old regions: 4->4
[1.484s][info][gc,heap     ] GC(6) Humongous regions: 0->0
[1.484s][info][gc,metaspace] GC(6) Metaspace: 7480K(7680K)->7480K(7680K) NonClass: 6332K(6464K)->6332K(6464K) Class: 1148K(1216K)->1148K(1216K)
[1.484s][info][gc          ] GC(6) Pause Young (Normal) (G1 Evacuation Pause) 60M->4M(258M) 8.016ms
[1.484s][info][gc,cpu      ] GC(6) User=0.01s Sys=0.00s Real=0.01s
[1.747s][info][gc,start    ] GC(7) Pause Young (Normal) (G1 Evacuation Pause)
[1.747s][info][gc,task     ] GC(7) Using 2 workers of 2 for evacuation
[1.751s][info][gc,phases   ] GC(7)   Pre Evacuate Collection Set: 0.16ms
[1.751s][info][gc,phases   ] GC(7)   Merge Heap Roots: 0.04ms
[1.751s][info][gc,phases   ] GC(7)   Evacuate Collection Set: 3.41ms
[1.751s][info][gc,phases   ] GC(7)   Post Evacuate Collection Set: 0.39ms
[1.751s][info][gc,phases   ] GC(7)   Other: 0.10ms
[1.751s][info][gc,heap     ] GC(7) Eden regions: 72->0(91)
[1.751s][info][gc,heap     ] GC(7) Survivor regions: 2->3(10)
[1.751s][info][gc,heap     ] GC(7) Old regions: 4->4
[1.751s][info][gc,heap     ] GC(7) Humongous regions: 0->0
[1.751s][info][gc,metaspace] GC(7) Metaspace: 7773K(8000K)->7773K(8000K) NonClass: 6563K(6720K)->6563K(6720K) Class: 1210K(1280K)->1210K(1280K)
[1.751s][info][gc          ] GC(7) Pause Young (Normal) (G1 Evacuation Pause) 76M->5M(258M) 4.299ms
[1.751s][info][gc,cpu      ] GC(7) User=0.01s Sys=0.00s Real=0.00s
[2.037s][info][gc,start    ] GC(8) Pause Young (Normal) (G1 Evacuation Pause)
[2.038s][info][gc,task     ] GC(8) Using 2 workers of 2 for evacuation
[2.044s][info][gc,phases   ] GC(8)   Pre Evacuate Collection Set: 0.17ms
[2.044s][info][gc,phases   ] GC(8)   Merge Heap Roots: 0.04ms
[2.044s][info][gc,phases   ] GC(8)   Evacuate Collection Set: 5.50ms
[2.044s][info][gc,phases   ] GC(8)   Post Evacuate Collection Set: 0.39ms
[2.044s][info][gc,phases   ] GC(8)   Other: 0.09ms
[2.044s][info][gc,heap     ] GC(8) Eden regions: 91->0(114)
[2.044s][info][gc,heap     ] GC(8) Survivor regions: 3->3(12)
[2.044s][info][gc,heap     ] GC(8) Old regions: 4->4
[2.044s][info][gc,heap     ] GC(8) Humongous regions: 0->0
[2.044s][info][gc,metaspace] GC(8) Metaspace: 8019K(8256K)->8019K(8256K) NonClass: 6719K(6848K)->6719K(6848K) Class: 1299K(1408K)->1299K(1408K)
[2.044s][info][gc          ] GC(8) Pause Young (Normal) (G1 Evacuation Pause) 96M->5M(258M) 6.368ms
[2.044s][info][gc,cpu      ] GC(8) User=0.02s Sys=0.00s Real=0.01s
[2.661s][info][gc,start    ] GC(9) Pause Young (Normal) (G1 Evacuation Pause)
[2.661s][info][gc,task     ] GC(9) Using 2 workers of 2 for evacuation
[2.701s][info][gc,phases   ] GC(9)   Pre Evacuate Collection Set: 0.15ms
[2.701s][info][gc,phases   ] GC(9)   Merge Heap Roots: 0.05ms
[2.701s][info][gc,phases   ] GC(9)   Evacuate Collection Set: 38.39ms
[2.701s][info][gc,phases   ] GC(9)   Post Evacuate Collection Set: 0.73ms
[2.701s][info][gc,phases   ] GC(9)   Other: 0.10ms
[2.701s][info][gc,heap     ] GC(9) Eden regions: 114->0(101)
[2.701s][info][gc,heap     ] GC(9) Survivor regions: 3->15(15)
[2.701s][info][gc,heap     ] GC(9) Old regions: 4->14
[2.701s][info][gc,heap     ] GC(9) Humongous regions: 0->0
[2.701s][info][gc,metaspace] GC(9) Metaspace: 10542K(10688K)->10542K(10688K) NonClass: 8789K(8896K)->8789K(8896K) Class: 1753K(1792K)->1753K(1792K)
[2.701s][info][gc          ] GC(9) Pause Young (Normal) (G1 Evacuation Pause) 119M->28M(258M) 39.648ms
[2.701s][info][gc,cpu      ] GC(9) User=0.06s Sys=0.02s Real=0.04s
[3.116s][info][gc,start    ] GC(10) Pause Young (Normal) (G1 Evacuation Pause)
[3.116s][info][gc,task     ] GC(10) Using 2 workers of 2 for evacuation
[3.205s][info][gc,phases   ] GC(10)   Pre Evacuate Collection Set: 0.17ms
[3.205s][info][gc,phases   ] GC(10)   Merge Heap Roots: 0.21ms
[3.205s][info][gc,phases   ] GC(10)   Evacuate Collection Set: 87.24ms
[3.205s][info][gc,phases   ] GC(10)   Post Evacuate Collection Set: 1.03ms
[3.205s][info][gc,phases   ] GC(10)   Other: 0.13ms
[3.205s][info][gc,heap     ] GC(10) Eden regions: 101->0(1)
[3.205s][info][gc,heap     ] GC(10) Survivor regions: 15->15(15)
[3.205s][info][gc,heap     ] GC(10) Old regions: 14->57
[3.205s][info][gc,heap     ] GC(10) Humongous regions: 0->0
[3.205s][info][gc,metaspace] GC(10) Metaspace: 13971K(14144K)->13971K(14144K) NonClass: 11646K(11712K)->11646K(11712K) Class: 2325K(2432K)->2325K(2432K)
[3.205s][info][gc          ] GC(10) Pause Young (Normal) (G1 Evacuation Pause) 129M->71M(258M) 89.012ms
[3.205s][info][gc,cpu      ] GC(10) User=0.13s Sys=0.04s Real=0.09s
[3.216s][info][gc,start    ] GC(11) Pause Young (Normal) (G1 Evacuation Pause)
[3.216s][info][gc,task     ] GC(11) Using 2 workers of 2 for evacuation
[3.249s][info][gc,phases   ] GC(11)   Pre Evacuate Collection Set: 0.14ms
[3.249s][info][gc,phases   ] GC(11)   Merge Heap Roots: 0.44ms
[3.249s][info][gc,phases   ] GC(11)   Evacuate Collection Set: 32.48ms
[3.249s][info][gc,phases   ] GC(11)   Post Evacuate Collection Set: 0.25ms
[3.250s][info][gc,phases   ] GC(11)   Other: 0.05ms
[3.250s][info][gc,heap     ] GC(11) Eden regions: 1->0(11)
[3.250s][info][gc,heap     ] GC(11) Survivor regions: 15->1(2)
[3.250s][info][gc,heap     ] GC(11) Old regions: 57->73
[3.250s][info][gc,heap     ] GC(11) Humongous regions: 0->0
[3.250s][info][gc,metaspace] GC(11) Metaspace: 13978K(14208K)->13978K(14208K) NonClass: 11652K(11776K)->11652K(11776K) Class: 2325K(2432K)->2325K(2432K)
[3.250s][info][gc          ] GC(11) Pause Young (Normal) (G1 Evacuation Pause) 72M->72M(258M) 33.544ms
[3.250s][info][gc,cpu      ] GC(11) User=0.06s Sys=0.01s Real=0.03s
[3.622s][info][gc,start    ] GC(12) Pause Young (Normal) (G1 Evacuation Pause)
[3.622s][info][gc,task     ] GC(12) Using 2 workers of 2 for evacuation
[3.682s][info][gc,phases   ] GC(12)   Pre Evacuate Collection Set: 0.18ms
[3.682s][info][gc,phases   ] GC(12)   Merge Heap Roots: 0.11ms
[3.682s][info][gc,phases   ] GC(12)   Evacuate Collection Set: 58.84ms
[3.682s][info][gc,phases   ] GC(12)   Post Evacuate Collection Set: 1.20ms
[3.682s][info][gc,phases   ] GC(12)   Other: 0.09ms
[3.682s][info][gc,heap     ] GC(12) Eden regions: 104->0(1)
[3.682s][info][gc,heap     ] GC(12) Survivor regions: 1->14(14)
[3.682s][info][gc,heap     ] GC(12) Old regions: 73->106
[3.682s][info][gc,heap     ] GC(12) Humongous regions: 0->0
[3.682s][info][gc,metaspace] GC(12) Metaspace: 14791K(15040K)->14791K(15040K) NonClass: 12346K(12480K)->12346K(12480K) Class: 2444K(2560K)->2444K(2560K)
[3.682s][info][gc          ] GC(12) Pause Young (Normal) (G1 Evacuation Pause) 176M->118M(309M) 60.632ms
[3.682s][info][gc,cpu      ] GC(12) User=0.10s Sys=0.02s Real=0.06s
[3.688s][info][gc,start    ] GC(13) Pause Young (Normal) (G1 Evacuation Pause)
[3.688s][info][gc,task     ] GC(13) Using 2 workers of 2 for evacuation
[3.718s][info][gc,phases   ] GC(13)   Pre Evacuate Collection Set: 0.15ms
[3.718s][info][gc,phases   ] GC(13)   Merge Heap Roots: 0.31ms
[3.718s][info][gc,phases   ] GC(13)   Evacuate Collection Set: 28.82ms
[3.718s][info][gc,phases   ] GC(13)   Post Evacuate Collection Set: 0.20ms
[3.718s][info][gc,phases   ] GC(13)   Other: 0.11ms
[3.718s][info][gc,heap     ] GC(13) Eden regions: 1->0(14)
[3.718s][info][gc,heap     ] GC(13) Survivor regions: 14->1(2)
[3.718s][info][gc,heap     ] GC(13) Old regions: 106->120
[3.718s][info][gc,heap     ] GC(13) Humongous regions: 0->0
[3.718s][info][gc,metaspace] GC(13) Metaspace: 14809K(15040K)->14809K(15040K) NonClass: 12361K(12480K)->12361K(12480K) Class: 2448K(2560K)->2448K(2560K)
[3.718s][info][gc          ] GC(13) Pause Young (Normal) (G1 Evacuation Pause) 119M->120M(309M) 29.758ms
[3.718s][info][gc,cpu      ] GC(13) User=0.05s Sys=0.01s Real=0.03s
[4.478s][info][gc,start    ] GC(14) Pause Young (Normal) (G1 Evacuation Pause)
[4.478s][info][gc,task     ] GC(14) Using 2 workers of 2 for evacuation
[4.497s][info][gc,phases   ] GC(14)   Pre Evacuate Collection Set: 0.18ms
[4.497s][info][gc,phases   ] GC(14)   Merge Heap Roots: 0.23ms
[4.497s][info][gc,phases   ] GC(14)   Evacuate Collection Set: 17.92ms
[4.497s][info][gc,phases   ] GC(14)   Post Evacuate Collection Set: 0.34ms
[4.497s][info][gc,phases   ] GC(14)   Other: 0.09ms
[4.497s][info][gc,heap     ] GC(14) Eden regions: 93->0(16)
[4.497s][info][gc,heap     ] GC(14) Survivor regions: 1->12(12)
[4.497s][info][gc,heap     ] GC(14) Old regions: 120->120
[4.497s][info][gc,heap     ] GC(14) Humongous regions: 0->0
[4.497s][info][gc,metaspace] GC(14) Metaspace: 15489K(15616K)->15489K(15616K) NonClass: 13000K(13056K)->13000K(13056K) Class: 2489K(2560K)->2489K(2560K)
[4.497s][info][gc          ] GC(14) Pause Young (Normal) (G1 Evacuation Pause) 213M->130M(309M) 18.982ms
[4.497s][info][gc,cpu      ] GC(14) User=0.03s Sys=0.00s Real=0.02s
[4.589s][info][gc,start    ] GC(15) Pause Young (Normal) (G1 Evacuation Pause)
[4.589s][info][gc,task     ] GC(15) Using 2 workers of 2 for evacuation
[4.613s][info][gc,phases   ] GC(15)   Pre Evacuate Collection Set: 0.17ms
[4.613s][info][gc,phases   ] GC(15)   Merge Heap Roots: 0.28ms
[4.613s][info][gc,phases   ] GC(15)   Evacuate Collection Set: 22.74ms
[4.613s][info][gc,phases   ] GC(15)   Post Evacuate Collection Set: 0.28ms
[4.613s][info][gc,phases   ] GC(15)   Other: 0.10ms
[4.613s][info][gc,heap     ] GC(15) Eden regions: 8->0(78)
[4.613s][info][gc,heap     ] GC(15) Survivor regions: 12->1(3)
[4.613s][info][gc,heap     ] GC(15) Old regions: 120->131
[4.613s][info][gc,heap     ] GC(15) Humongous regions: 0->0
[4.613s][info][gc,metaspace] GC(15) Metaspace: 15624K(15872K)->15624K(15872K) NonClass: 13113K(13248K)->13113K(13248K) Class: 2511K(2624K)->2511K(2624K)
[4.613s][info][gc          ] GC(15) Pause Young (Normal) (G1 Evacuation Pause) 138M->131M(309M) 23.799ms
[4.613s][info][gc,cpu      ] GC(15) User=0.04s Sys=0.00s Real=0.02s
[4.749s][info][gc,start    ] GC(16) Pause Young (Normal) (G1 Evacuation Pause)
[4.749s][info][gc,task     ] GC(16) Using 2 workers of 2 for evacuation
[4.766s][info][gc,phases   ] GC(16)   Pre Evacuate Collection Set: 0.17ms
[4.766s][info][gc,phases   ] GC(16)   Merge Heap Roots: 0.41ms
[4.766s][info][gc,phases   ] GC(16)   Evacuate Collection Set: 16.48ms
[4.766s][info][gc,phases   ] GC(16)   Post Evacuate Collection Set: 0.37ms
[4.766s][info][gc,phases   ] GC(16)   Other: 0.09ms
[4.766s][info][gc,heap     ] GC(16) Eden regions: 14->0(65)
[4.766s][info][gc,heap     ] GC(16) Survivor regions: 1->2(2)
[4.766s][info][gc,heap     ] GC(16) Old regions: 131->131
[4.766s][info][gc,heap     ] GC(16) Humongous regions: 0->0
[4.766s][info][gc,metaspace] GC(16) Metaspace: 15766K(16000K)->15766K(16000K) NonClass: 13244K(13376K)->13244K(13376K) Class: 2521K(2624K)->2521K(2624K)
[4.766s][info][gc          ] GC(16) Pause Young (Normal) (G1 Evacuation Pause) 145M->131M(309M) 17.708ms
[4.766s][info][gc,cpu      ] GC(16) User=0.04s Sys=0.00s Real=0.02s
[4.879s][info][gc,start    ] GC(17) Pause Young (Normal) (G1 Evacuation Pause)
[4.879s][info][gc,task     ] GC(17) Using 2 workers of 2 for evacuation
[4.904s][info][gc,phases   ] GC(17)   Pre Evacuate Collection Set: 0.17ms
[4.904s][info][gc,phases   ] GC(17)   Merge Heap Roots: 0.50ms
[4.904s][info][gc,phases   ] GC(17)   Evacuate Collection Set: 21.08ms
[4.904s][info][gc,phases   ] GC(17)   Post Evacuate Collection Set: 3.59ms
[4.905s][info][gc,phases   ] GC(17)   Other: 0.09ms
[4.905s][info][gc,heap     ] GC(17) Eden regions: 13->0(61)
[4.905s][info][gc,heap     ] GC(17) Survivor regions: 2->2(2)
[4.905s][info][gc,heap     ] GC(17) Old regions: 131->132
[4.905s][info][gc,heap     ] GC(17) Humongous regions: 0->0
[4.905s][info][gc,metaspace] GC(17) Metaspace: 16247K(16448K)->16247K(16448K) NonClass: 13675K(13824K)->13675K(13824K) Class: 2572K(2624K)->2572K(2624K)
[4.905s][info][gc          ] GC(17) Pause Young (Normal) (G1 Evacuation Pause) 144M->131M(577M) 25.635ms
[4.905s][info][gc,cpu      ] GC(17) User=0.05s Sys=0.00s Real=0.03s
[5.324s][info][gc,start    ] GC(18) Pause Young (Normal) (G1 Evacuation Pause)
[5.324s][info][gc,task     ] GC(18) Using 2 workers of 2 for evacuation
[5.430s][info][gc,phases   ] GC(18)   Pre Evacuate Collection Set: 0.31ms
[5.431s][info][gc,phases   ] GC(18)   Merge Heap Roots: 0.67ms
[5.431s][info][gc,phases   ] GC(18)   Evacuate Collection Set: 104.87ms
[5.431s][info][gc,phases   ] GC(18)   Post Evacuate Collection Set: 0.49ms
[5.431s][info][gc,phases   ] GC(18)   Other: 0.09ms
[5.431s][info][gc,heap     ] GC(18) Eden regions: 77->0(33)
[5.431s][info][gc,heap     ] GC(18) Survivor regions: 2->10(10)
[5.431s][info][gc,heap     ] GC(18) Old regions: 132->158
[5.431s][info][gc,heap     ] GC(18) Humongous regions: 3->3
[5.431s][info][gc,metaspace] GC(18) Metaspace: 16581K(16704K)->16581K(16704K) NonClass: 13998K(14080K)->13998K(14080K) Class: 2583K(2624K)->2583K(2624K)
[5.431s][info][gc          ] GC(18) Pause Young (Normal) (G1 Evacuation Pause) 211M->170M(577M) 106.611ms
[5.431s][info][gc,cpu      ] GC(18) User=0.20s Sys=0.01s Real=0.10s
[5.820s][info][gc,start    ] GC(19) Pause Young (Normal) (G1 Evacuation Pause)
[5.820s][info][gc,task     ] GC(19) Using 2 workers of 2 for evacuation
[5.882s][info][gc,phases   ] GC(19)   Pre Evacuate Collection Set: 0.23ms
[5.882s][info][gc,phases   ] GC(19)   Merge Heap Roots: 0.38ms
[5.882s][info][gc,phases   ] GC(19)   Evacuate Collection Set: 60.77ms
[5.882s][info][gc,phases   ] GC(19)   Post Evacuate Collection Set: 0.37ms
[5.882s][info][gc,phases   ] GC(19)   Other: 0.06ms
[5.882s][info][gc,heap     ] GC(19) Eden regions: 114->0(80)
[5.882s][info][gc,heap     ] GC(19) Survivor regions: 10->16(16)
[5.882s][info][gc,heap     ] GC(19) Old regions: 158->183
[5.882s][info][gc,heap     ] GC(19) Humongous regions: 3->3
[5.882s][info][gc,metaspace] GC(19) Metaspace: 16640K(16832K)->16640K(16832K) NonClass: 14056K(14208K)->14056K(14208K) Class: 2584K(2624K)->2584K(2624K)
[5.882s][info][gc          ] GC(19) Pause Young (Normal) (G1 Evacuation Pause) 284M->201M(577M) 62.027ms
[5.882s][info][gc,cpu      ] GC(19) User=0.11s Sys=0.01s Real=0.06s
[6.370s][info][gc,start    ] GC(20) Pause Young (Normal) (G1 Evacuation Pause)
[6.370s][info][gc,task     ] GC(20) Using 2 workers of 2 for evacuation
[6.424s][info][gc,phases   ] GC(20)   Pre Evacuate Collection Set: 0.26ms
[6.424s][info][gc,phases   ] GC(20)   Merge Heap Roots: 0.25ms
[6.424s][info][gc,phases   ] GC(20)   Evacuate Collection Set: 53.17ms
[6.424s][info][gc,phases   ] GC(20)   Post Evacuate Collection Set: 0.42ms
[6.424s][info][gc,phases   ] GC(20)   Other: 0.14ms
[6.424s][info][gc,heap     ] GC(20) Eden regions: 228->0(138)
[6.424s][info][gc,heap     ] GC(20) Survivor regions: 16->21(31)
[6.424s][info][gc,heap     ] GC(20) Old regions: 183->200
[6.424s][info][gc,heap     ] GC(20) Humongous regions: 4->4
[6.424s][info][gc,metaspace] GC(20) Metaspace: 16692K(16832K)->16692K(16832K) NonClass: 14108K(14208K)->14108K(14208K) Class: 2584K(2624K)->2584K(2624K)
[6.424s][info][gc          ] GC(20) Pause Young (Normal) (G1 Evacuation Pause) 430M->223M(577M) 54.498ms
[6.424s][info][gc,cpu      ] GC(20) User=0.09s Sys=0.01s Real=0.06s
[6.748s][info][gc,start    ] GC(21) Pause Young (Normal) (G1 Evacuation Pause)
[6.748s][info][gc,task     ] GC(21) Using 2 workers of 2 for evacuation
[6.780s][info][gc,phases   ] GC(21)   Pre Evacuate Collection Set: 0.25ms
[6.780s][info][gc,phases   ] GC(21)   Merge Heap Roots: 0.16ms
[6.780s][info][gc,phases   ] GC(21)   Evacuate Collection Set: 30.49ms
[6.780s][info][gc,phases   ] GC(21)   Post Evacuate Collection Set: 1.45ms
[6.780s][info][gc,phases   ] GC(21)   Other: 0.12ms
[6.780s][info][gc,heap     ] GC(21) Eden regions: 192->0(263)
[6.780s][info][gc,heap     ] GC(21) Survivor regions: 21->5(27)
[6.780s][info][gc,heap     ] GC(21) Old regions: 200->220
[6.780s][info][gc,heap     ] GC(21) Humongous regions: 4->4
[6.780s][info][gc,metaspace] GC(21) Metaspace: 16746K(16896K)->16746K(16896K) NonClass: 14162K(14272K)->14162K(14272K) Class: 2584K(2624K)->2584K(2624K)
[6.780s][info][gc          ] GC(21) Pause Young (Normal) (G1 Evacuation Pause) 415M->228M(658M) 32.690ms
[6.780s][info][gc,cpu      ] GC(21) User=0.06s Sys=0.00s Real=0.03s
[7.376s][info][gc,start    ] GC(22) Pause Young (Normal) (G1 Evacuation Pause)
[7.376s][info][gc,task     ] GC(22) Using 2 workers of 2 for evacuation
[7.389s][info][gc,phases   ] GC(22)   Pre Evacuate Collection Set: 0.25ms
[7.389s][info][gc,phases   ] GC(22)   Merge Heap Roots: 0.16ms
[7.389s][info][gc,phases   ] GC(22)   Evacuate Collection Set: 12.16ms
[7.389s][info][gc,phases   ] GC(22)   Post Evacuate Collection Set: 0.39ms
[7.389s][info][gc,phases   ] GC(22)   Other: 0.15ms
[7.389s][info][gc,heap     ] GC(22) Eden regions: 263->0(270)
[7.389s][info][gc,heap     ] GC(22) Survivor regions: 5->9(34)
[7.389s][info][gc,heap     ] GC(22) Old regions: 220->220
[7.389s][info][gc,heap     ] GC(22) Humongous regions: 4->4
[7.389s][info][gc,metaspace] GC(22) Metaspace: 16890K(17088K)->16890K(17088K) NonClass: 14304K(14400K)->14304K(14400K) Class: 2586K(2688K)->2586K(2688K)
[7.389s][info][gc          ] GC(22) Pause Young (Normal) (G1 Evacuation Pause) 491M->232M(658M) 13.320ms
[7.389s][info][gc,cpu      ] GC(22) User=0.03s Sys=0.00s Real=0.01s
[8.011s][info][gc,start    ] GC(23) Pause Young (Normal) (G1 Evacuation Pause)
[8.011s][info][gc,task     ] GC(23) Using 2 workers of 2 for evacuation
[8.046s][info][gc,phases   ] GC(23)   Pre Evacuate Collection Set: 0.25ms
[8.046s][info][gc,phases   ] GC(23)   Merge Heap Roots: 0.19ms
[8.046s][info][gc,phases   ] GC(23)   Evacuate Collection Set: 33.85ms
[8.046s][info][gc,phases   ] GC(23)   Post Evacuate Collection Set: 0.45ms
[8.046s][info][gc,phases   ] GC(23)   Other: 0.12ms
[8.046s][info][gc,heap     ] GC(23) Eden regions: 270->0(270)
[8.046s][info][gc,heap     ] GC(23) Survivor regions: 9->31(35)
[8.046s][info][gc,heap     ] GC(23) Old regions: 220->220
[8.046s][info][gc,heap     ] GC(23) Humongous regions: 4->4
[8.046s][info][gc,metaspace] GC(23) Metaspace: 16999K(17216K)->16999K(17216K) NonClass: 14412K(14528K)->14412K(14528K) Class: 2587K(2688K)->2587K(2688K)
[8.046s][info][gc          ] GC(23) Pause Young (Normal) (G1 Evacuation Pause) 502M->253M(658M) 35.116ms
[8.046s][info][gc,cpu      ] GC(23) User=0.07s Sys=0.00s Real=0.04s
[8.748s][info][gc,start    ] GC(24) Pause Young (Normal) (G1 Evacuation Pause)
[8.748s][info][gc,task     ] GC(24) Using 2 workers of 2 for evacuation
[8.837s][info][gc,phases   ] GC(24)   Pre Evacuate Collection Set: 0.25ms
[8.837s][info][gc,phases   ] GC(24)   Merge Heap Roots: 0.20ms
[8.837s][info][gc,phases   ] GC(24)   Evacuate Collection Set: 87.33ms
[8.837s][info][gc,phases   ] GC(24)   Post Evacuate Collection Set: 0.53ms
[8.837s][info][gc,phases   ] GC(24)   Other: 0.13ms
[8.837s][info][gc,heap     ] GC(24) Eden regions: 270->0(231)
[8.837s][info][gc,heap     ] GC(24) Survivor regions: 31->38(38)
[8.837s][info][gc,heap     ] GC(24) Old regions: 220->266
[8.837s][info][gc,heap     ] GC(24) Humongous regions: 5->5
[8.837s][info][gc,metaspace] GC(24) Metaspace: 17036K(17280K)->17036K(17280K) NonClass: 14444K(14592K)->14444K(14592K) Class: 2591K(2688K)->2591K(2688K)
[8.837s][info][gc          ] GC(24) Pause Young (Normal) (G1 Evacuation Pause) 524M->308M(658M) 88.710ms
[8.837s][info][gc,cpu      ] GC(24) User=0.18s Sys=0.01s Real=0.09s
[9.463s][info][gc,start    ] GC(25) Pause Young (Normal) (G1 Evacuation Pause)
[9.463s][info][gc,task     ] GC(25) Using 2 workers of 2 for evacuation
[9.514s][info][gc,phases   ] GC(25)   Pre Evacuate Collection Set: 0.32ms
[9.514s][info][gc,phases   ] GC(25)   Merge Heap Roots: 0.37ms
[9.514s][info][gc,phases   ] GC(25)   Evacuate Collection Set: 49.84ms
[9.514s][info][gc,phases   ] GC(25)   Post Evacuate Collection Set: 0.42ms
[9.514s][info][gc,phases   ] GC(25)   Other: 0.09ms
[9.514s][info][gc,heap     ] GC(25) Eden regions: 231->0(242)
[9.514s][info][gc,heap     ] GC(25) Survivor regions: 38->4(34)
[9.514s][info][gc,heap     ] GC(25) Old regions: 266->305
[9.514s][info][gc,heap     ] GC(25) Humongous regions: 5->5
[9.514s][info][gc,metaspace] GC(25) Metaspace: 17050K(17280K)->17050K(17280K) NonClass: 14459K(14592K)->14459K(14592K) Class: 2591K(2688K)->2591K(2688K)
[9.514s][info][gc          ] GC(25) Pause Young (Normal) (G1 Evacuation Pause) 539M->312M(658M) 51.347ms
[9.514s][info][gc,cpu      ] GC(25) User=0.10s Sys=0.00s Real=0.05s
[10.129s][info][gc,start    ] GC(26) Pause Young (Concurrent Start) (G1 Evacuation Pause)
[10.129s][info][gc,task     ] GC(26) Using 2 workers of 2 for evacuation
[10.189s][info][gc,phases   ] GC(26)   Pre Evacuate Collection Set: 0.26ms
[10.189s][info][gc,phases   ] GC(26)   Merge Heap Roots: 0.20ms
[10.189s][info][gc,phases   ] GC(26)   Evacuate Collection Set: 58.44ms
[10.189s][info][gc,phases   ] GC(26)   Post Evacuate Collection Set: 0.48ms
[10.189s][info][gc,phases   ] GC(26)   Other: 0.14ms
[10.189s][info][gc,heap     ] GC(26) Eden regions: 242->0(203)
[10.189s][info][gc,heap     ] GC(26) Survivor regions: 4->31(31)
[10.189s][info][gc,heap     ] GC(26) Old regions: 305->319
[10.189s][info][gc,heap     ] GC(26) Humongous regions: 5->5
[10.189s][info][gc,metaspace] GC(26) Metaspace: 17057K(17280K)->17057K(17280K) NonClass: 14466K(14592K)->14466K(14592K) Class: 2591K(2688K)->2591K(2688K)
[10.189s][info][gc          ] GC(26) Pause Young (Concurrent Start) (G1 Evacuation Pause) 554M->353M(658M) 59.737ms
[10.189s][info][gc,cpu      ] GC(26) User=0.11s Sys=0.01s Real=0.06s
[10.189s][info][gc          ] GC(27) Concurrent Mark Cycle
[10.189s][info][gc,marking  ] GC(27) Concurrent Scan Root Regions
[10.288s][info][gc,marking  ] GC(27) Concurrent Scan Root Regions 99.018ms
[10.288s][info][gc,marking  ] GC(27) Concurrent Mark
[10.288s][info][gc,marking  ] GC(27) Concurrent Mark From Roots
[10.288s][info][gc,task     ] GC(27) Using 1 workers of 1 for marking
[10.860s][info][gc,start    ] GC(28) Pause Young (Normal) (G1 Evacuation Pause)
[10.860s][info][gc,task     ] GC(28) Using 2 workers of 2 for evacuation
[10.936s][info][gc,phases   ] GC(28)   Pre Evacuate Collection Set: 0.33ms
[10.936s][info][gc,phases   ] GC(28)   Merge Heap Roots: 0.34ms
[10.936s][info][gc,phases   ] GC(28)   Evacuate Collection Set: 74.98ms
[10.936s][info][gc,phases   ] GC(28)   Post Evacuate Collection Set: 0.45ms
[10.936s][info][gc,phases   ] GC(28)   Other: 0.08ms
[10.936s][info][gc,heap     ] GC(28) Eden regions: 203->0(177)
[10.936s][info][gc,heap     ] GC(28) Survivor regions: 31->30(30)
[10.936s][info][gc,heap     ] GC(28) Old regions: 319->357
[10.936s][info][gc,heap     ] GC(28) Humongous regions: 6->6
[10.936s][info][gc,metaspace] GC(28) Metaspace: 17064K(17280K)->17064K(17280K) NonClass: 14473K(14592K)->14473K(14592K) Class: 2591K(2688K)->2591K(2688K)
[10.936s][info][gc          ] GC(28) Pause Young (Normal) (G1 Evacuation Pause) 557M->392M(658M) 76.370ms
[10.936s][info][gc,cpu      ] GC(28) User=0.15s Sys=0.00s Real=0.08s
[11.218s][info][gc,marking  ] GC(27) Concurrent Mark From Roots 930.017ms
[11.218s][info][gc,marking  ] GC(27) Concurrent Preclean
[11.218s][info][gc,marking  ] GC(27) Concurrent Preclean 0.031ms
[11.218s][info][gc,start    ] GC(27) Pause Remark
[11.230s][info][gc          ] GC(27) Pause Remark 511M->475M(658M) 11.940ms
[11.230s][info][gc,cpu      ] GC(27) User=0.02s Sys=0.00s Real=0.01s
[11.233s][info][gc,marking  ] GC(27) Concurrent Mark 944.801ms
[11.233s][info][gc,marking  ] GC(27) Concurrent Rebuild Remembered Sets and Scrub Regions
[11.359s][info][gc,start    ] GC(29) Pause Young (Normal) (G1 Evacuation Pause)
[11.359s][info][gc,task     ] GC(29) Using 2 workers of 2 for evacuation
[11.403s][info][gc,phases   ] GC(29)   Pre Evacuate Collection Set: 0.33ms
[11.403s][info][gc,phases   ] GC(29)   Merge Heap Roots: 0.30ms
[11.403s][info][gc,phases   ] GC(29)   Evacuate Collection Set: 43.20ms
[11.403s][info][gc,phases   ] GC(29)   Post Evacuate Collection Set: 0.37ms
[11.403s][info][gc,phases   ] GC(29)   Other: 0.09ms
[11.403s][info][gc,heap     ] GC(29) Eden regions: 177->0(208)
[11.403s][info][gc,heap     ] GC(29) Survivor regions: 30->3(26)
[11.403s][info][gc,heap     ] GC(29) Old regions: 323->353
[11.403s][info][gc,heap     ] GC(29) Humongous regions: 4->4
[11.403s][info][gc,metaspace] GC(29) Metaspace: 17066K(17280K)->17066K(17280K) NonClass: 14475K(14592K)->14475K(14592K) Class: 2591K(2688K)->2591K(2688K)
[11.403s][info][gc          ] GC(29) Pause Young (Normal) (G1 Evacuation Pause) 533M->358M(658M) 44.579ms
[11.403s][info][gc,cpu      ] GC(29) User=0.09s Sys=0.00s Real=0.05s
[11.613s][info][gc,marking  ] GC(27) Concurrent Rebuild Remembered Sets and Scrub Regions 379.556ms
[11.613s][info][gc,start    ] GC(27) Pause Cleanup
[11.613s][info][gc          ] GC(27) Pause Cleanup 393M->393M(658M) 0.112ms
[11.613s][info][gc,cpu      ] GC(27) User=0.00s Sys=0.00s Real=0.00s
[11.616s][info][gc,marking  ] GC(27) Concurrent Clear Claimed Marks
[11.616s][info][gc,marking  ] GC(27) Concurrent Clear Claimed Marks 0.042ms
[11.616s][info][gc,marking  ] GC(27) Concurrent Cleanup for Next Mark
[11.636s][info][gc,marking  ] GC(27) Concurrent Cleanup for Next Mark 19.960ms
[11.636s][info][gc          ] GC(27) Concurrent Mark Cycle 1446.973ms
[11.860s][info][gc,start    ] GC(30) Pause Young (Prepare Mixed) (G1 Evacuation Pause)
[11.860s][info][gc,task     ] GC(30) Using 2 workers of 2 for evacuation
[11.954s][info][gc,phases   ] GC(30)   Pre Evacuate Collection Set: 0.33ms
[11.954s][info][gc,phases   ] GC(30)   Merge Heap Roots: 0.28ms
[11.954s][info][gc,phases   ] GC(30)   Evacuate Collection Set: 92.76ms
[11.954s][info][gc,phases   ] GC(30)   Post Evacuate Collection Set: 0.36ms
[11.954s][info][gc,phases   ] GC(30)   Other: 0.07ms
[11.954s][info][gc,heap     ] GC(30) Eden regions: 208->0(113)
[11.954s][info][gc,heap     ] GC(30) Survivor regions: 3->27(27)
[11.954s][info][gc,heap     ] GC(30) Old regions: 353->417
[11.954s][info][gc,heap     ] GC(30) Humongous regions: 4->4
[11.954s][info][gc,metaspace] GC(30) Metaspace: 17070K(17280K)->17070K(17280K) NonClass: 14478K(14592K)->14478K(14592K) Class: 2591K(2688K)->2591K(2688K)
[11.954s][info][gc          ] GC(30) Pause Young (Prepare Mixed) (G1 Evacuation Pause) 566M->446M(659M) 93.993ms
[11.954s][info][gc,cpu      ] GC(30) User=0.18s Sys=0.00s Real=0.10s
[12.195s][info][gc,start    ] GC(31) Pause Young (Mixed) (G1 Evacuation Pause)
[12.195s][info][gc,task     ] GC(31) Using 2 workers of 2 for evacuation
[12.262s][info][gc,phases   ] GC(31)   Pre Evacuate Collection Set: 0.35ms
[12.262s][info][gc,phases   ] GC(31)   Merge Heap Roots: 0.33ms
[12.262s][info][gc,phases   ] GC(31)   Evacuate Collection Set: 65.25ms
[12.262s][info][gc,phases   ] GC(31)   Post Evacuate Collection Set: 1.16ms
[12.262s][info][gc,phases   ] GC(31)   Other: 0.07ms
[12.262s][info][gc,heap     ] GC(31) Eden regions: 113->0(143)
[12.262s][info][gc,heap     ] GC(31) Survivor regions: 27->18(18)
[12.262s][info][gc,heap     ] GC(31) Old regions: 417->429
[12.262s][info][gc,heap     ] GC(31) Humongous regions: 4->4
[12.262s][info][gc,metaspace] GC(31) Metaspace: 17073K(17280K)->17073K(17280K) NonClass: 14482K(14592K)->14482K(14592K) Class: 2591K(2688K)->2591K(2688K)
[12.262s][info][gc          ] GC(31) Pause Young (Mixed) (G1 Evacuation Pause) 559M->451M(713M) 67.416ms
[12.262s][info][gc,cpu      ] GC(31) User=0.13s Sys=0.00s Real=0.06s
[12.445s][info][gc,start    ] GC(32) Pause Young (Concurrent Start) (G1 Humongous Allocation)
[12.445s][info][gc,task     ] GC(32) Using 2 workers of 2 for evacuation
[12.484s][info][gc,phases   ] GC(32)   Pre Evacuate Collection Set: 0.26ms
[12.484s][info][gc,phases   ] GC(32)   Merge Heap Roots: 0.19ms
[12.484s][info][gc,phases   ] GC(32)   Evacuate Collection Set: 38.09ms
[12.484s][info][gc,phases   ] GC(32)   Post Evacuate Collection Set: 0.36ms
[12.484s][info][gc,phases   ] GC(32)   Other: 0.21ms
[12.484s][info][gc,heap     ] GC(32) Eden regions: 45->0(137)
[12.484s][info][gc,heap     ] GC(32) Survivor regions: 18->13(21)
[12.484s][info][gc,heap     ] GC(32) Old regions: 429->448
[12.484s][info][gc,heap     ] GC(32) Humongous regions: 4->4
[12.484s][info][gc,metaspace] GC(32) Metaspace: 17078K(17280K)->17078K(17280K) NonClass: 14487K(14592K)->14487K(14592K) Class: 2591K(2688K)->2591K(2688K)
[12.484s][info][gc          ] GC(32) Pause Young (Concurrent Start) (G1 Humongous Allocation) 496M->464M(713M) 39.364ms
[12.484s][info][gc          ] GC(33) Concurrent Mark Cycle
[12.484s][info][gc,marking  ] GC(33) Concurrent Scan Root Regions
[12.484s][info][gc,cpu      ] GC(32) User=0.06s Sys=0.01s Real=0.04s
[12.521s][info][gc,marking  ] GC(33) Concurrent Scan Root Regions 36.967ms
[12.521s][info][gc,marking  ] GC(33) Concurrent Mark
[12.521s][info][gc,marking  ] GC(33) Concurrent Mark From Roots
[12.521s][info][gc,task     ] GC(33) Using 1 workers of 1 for marking
[12.730s][info][gc,start    ] GC(34) Pause Young (Normal) (G1 Evacuation Pause)
[12.730s][info][gc,task     ] GC(34) Using 2 workers of 2 for evacuation
[12.808s][info][gc,phases   ] GC(34)   Pre Evacuate Collection Set: 0.33ms
[12.808s][info][gc,phases   ] GC(34)   Merge Heap Roots: 0.43ms
[12.808s][info][gc,phases   ] GC(34)   Evacuate Collection Set: 76.66ms
[12.808s][info][gc,phases   ] GC(34)   Post Evacuate Collection Set: 0.45ms
[12.808s][info][gc,phases   ] GC(34)   Other: 0.07ms
[12.808s][info][gc,heap     ] GC(34) Eden regions: 137->0(117)
[12.808s][info][gc,heap     ] GC(34) Survivor regions: 13->19(19)
[12.808s][info][gc,heap     ] GC(34) Old regions: 448->475
[12.808s][info][gc,heap     ] GC(34) Humongous regions: 5->5
[12.808s][info][gc,metaspace] GC(34) Metaspace: 17080K(17280K)->17080K(17280K) NonClass: 14489K(14592K)->14489K(14592K) Class: 2591K(2688K)->2591K(2688K)
[12.808s][info][gc          ] GC(34) Pause Young (Normal) (G1 Evacuation Pause) 602M->498M(713M) 78.157ms
[12.808s][info][gc,cpu      ] GC(34) User=0.15s Sys=0.00s Real=0.08s
[13.029s][info][gc,start    ] GC(35) Pause Young (Normal) (G1 Evacuation Pause)
[13.029s][info][gc,task     ] GC(35) Using 2 workers of 2 for evacuation
[13.057s][info][gc,phases   ] GC(35)   Pre Evacuate Collection Set: 0.34ms
[13.057s][info][gc,phases   ] GC(35)   Merge Heap Roots: 0.16ms
[13.057s][info][gc,phases   ] GC(35)   Evacuate Collection Set: 27.31ms
[13.057s][info][gc,phases   ] GC(35)   Post Evacuate Collection Set: 0.32ms
[13.057s][info][gc,phases   ] GC(35)   Other: 0.08ms
[13.057s][info][gc,heap     ] GC(35) Eden regions: 117->0(124)
[13.057s][info][gc,heap     ] GC(35) Survivor regions: 19->5(17)
[13.057s][info][gc,heap     ] GC(35) Old regions: 475->494
[13.057s][info][gc,heap     ] GC(35) Humongous regions: 5->5
[13.057s][info][gc,metaspace] GC(35) Metaspace: 17108K(17280K)->17108K(17280K) NonClass: 14512K(14592K)->14512K(14592K) Class: 2596K(2688K)->2596K(2688K)
[13.057s][info][gc          ] GC(35) Pause Young (Normal) (G1 Evacuation Pause) 615M->504M(713M) 28.423ms
[13.057s][info][gc,cpu      ] GC(35) User=0.06s Sys=0.00s Real=0.03s
[13.421s][info][gc,start    ] GC(36) Pause Young (Normal) (G1 Evacuation Pause)
[13.421s][info][gc,task     ] GC(36) Using 2 workers of 2 for evacuation
[13.435s][info][gc,phases   ] GC(36)   Pre Evacuate Collection Set: 0.34ms
[13.435s][info][gc,phases   ] GC(36)   Merge Heap Roots: 0.08ms
[13.435s][info][gc,phases   ] GC(36)   Evacuate Collection Set: 12.75ms
[13.435s][info][gc,phases   ] GC(36)   Post Evacuate Collection Set: 1.04ms
[13.435s][info][gc,phases   ] GC(36)   Other: 0.08ms
[13.435s][info][gc,heap     ] GC(36) Eden regions: 124->0(155)
[13.435s][info][gc,heap     ] GC(36) Survivor regions: 5->14(17)
[13.435s][info][gc,heap     ] GC(36) Old regions: 494->494
[13.435s][info][gc,heap     ] GC(36) Humongous regions: 5->5
[13.436s][info][gc,metaspace] GC(36) Metaspace: 17150K(17344K)->17150K(17344K) NonClass: 14547K(14656K)->14547K(14656K) Class: 2603K(2688K)->2603K(2688K)
[13.436s][info][gc          ] GC(36) Pause Young (Normal) (G1 Evacuation Pause) 628M->512M(766M) 14.481ms
[13.436s][info][gc,cpu      ] GC(36) User=0.03s Sys=0.01s Real=0.02s
[13.929s][info][gc,start    ] GC(37) Pause Young (Normal) (G1 Evacuation Pause)
[13.929s][info][gc,task     ] GC(37) Using 2 workers of 2 for evacuation
[13.961s][info][gc,phases   ] GC(37)   Pre Evacuate Collection Set: 0.27ms
[13.961s][info][gc,phases   ] GC(37)   Merge Heap Roots: 0.08ms
[13.961s][info][gc,phases   ] GC(37)   Evacuate Collection Set: 31.77ms
[13.961s][info][gc,phases   ] GC(37)   Post Evacuate Collection Set: 0.39ms
[13.961s][info][gc,phases   ] GC(37)   Other: 0.10ms
[13.961s][info][gc,heap     ] GC(37) Eden regions: 155->0(147)
[13.961s][info][gc,heap     ] GC(37) Survivor regions: 14->21(22)
[13.961s][info][gc,heap     ] GC(37) Old regions: 494->508
[13.961s][info][gc,heap     ] GC(37) Humongous regions: 5->5
[13.961s][info][gc,metaspace] GC(37) Metaspace: 17167K(17344K)->17167K(17344K) NonClass: 14564K(14656K)->14564K(14656K) Class: 2603K(2688K)->2603K(2688K)
[13.961s][info][gc          ] GC(37) Pause Young (Normal) (G1 Evacuation Pause) 667M->533M(766M) 32.818ms
[13.961s][info][gc,cpu      ] GC(37) User=0.07s Sys=0.00s Real=0.03s
[13.990s][info][gc,marking  ] GC(33) Concurrent Mark From Roots 1469.183ms
[13.990s][info][gc,marking  ] GC(33) Concurrent Preclean
[13.990s][info][gc,marking  ] GC(33) Concurrent Preclean 0.051ms
[13.990s][info][gc,start    ] GC(33) Pause Remark
[14.001s][info][gc          ] GC(33) Pause Remark 540M->478M(787M) 10.772ms
[14.001s][info][gc,cpu      ] GC(33) User=0.02s Sys=0.00s Real=0.01s
[14.002s][info][gc,marking  ] GC(33) Concurrent Mark 1480.950ms
[14.002s][info][gc,marking  ] GC(33) Concurrent Rebuild Remembered Sets and Scrub Regions
[14.400s][info][gc,start    ] GC(38) Pause Young (Normal) (G1 Evacuation Pause)
[14.400s][info][gc,task     ] GC(38) Using 2 workers of 2 for evacuation
[14.461s][info][gc,phases   ] GC(38)   Pre Evacuate Collection Set: 0.40ms
[14.461s][info][gc,phases   ] GC(38)   Merge Heap Roots: 0.10ms
[14.461s][info][gc,phases   ] GC(38)   Evacuate Collection Set: 59.47ms
[14.461s][info][gc,phases   ] GC(38)   Post Evacuate Collection Set: 0.48ms
[14.461s][info][gc,phases   ] GC(38)   Other: 0.11ms
[14.461s][info][gc,heap     ] GC(38) Eden regions: 147->0(161)
[14.461s][info][gc,heap     ] GC(38) Survivor regions: 21->21(21)
[14.461s][info][gc,heap     ] GC(38) Old regions: 447->494
[14.461s][info][gc,heap     ] GC(38) Humongous regions: 4->4
[14.461s][info][gc,metaspace] GC(38) Metaspace: 17174K(17344K)->17174K(17344K) NonClass: 14568K(14656K)->14568K(14656K) Class: 2605K(2688K)->2605K(2688K)
[14.461s][info][gc          ] GC(38) Pause Young (Normal) (G1 Evacuation Pause) 618M->519M(787M) 60.784ms
[14.461s][info][gc,cpu      ] GC(38) User=0.12s Sys=0.01s Real=0.06s
[14.474s][info][gc,marking  ] GC(33) Concurrent Rebuild Remembered Sets and Scrub Regions 471.551ms
[14.474s][info][gc,start    ] GC(33) Pause Cleanup
[14.474s][info][gc          ] GC(33) Pause Cleanup 521M->521M(787M) 0.105ms
[14.474s][info][gc,cpu      ] GC(33) User=0.00s Sys=0.00s Real=0.00s
[14.474s][info][gc,marking  ] GC(33) Concurrent Clear Claimed Marks
[14.474s][info][gc,marking  ] GC(33) Concurrent Clear Claimed Marks 0.035ms
[14.474s][info][gc,marking  ] GC(33) Concurrent Cleanup for Next Mark
[14.478s][info][gc,marking  ] GC(33) Concurrent Cleanup for Next Mark 3.615ms
[14.478s][info][gc          ] GC(33) Concurrent Mark Cycle 1993.829ms
[14.757s][info][gc,start    ] GC(39) Pause Young (Prepare Mixed) (G1 Evacuation Pause)
[14.757s][info][gc,task     ] GC(39) Using 2 workers of 2 for evacuation
[14.873s][info][gc,phases   ] GC(39)   Pre Evacuate Collection Set: 1.91ms
[14.873s][info][gc,phases   ] GC(39)   Merge Heap Roots: 0.39ms
[14.873s][info][gc,phases   ] GC(39)   Evacuate Collection Set: 113.33ms
[14.873s][info][gc,phases   ] GC(39)   Post Evacuate Collection Set: 0.58ms
[14.873s][info][gc,phases   ] GC(39)   Other: 0.07ms
[14.873s][info][gc,heap     ] GC(39) Eden regions: 161->0(103)
[14.873s][info][gc,heap     ] GC(39) Survivor regions: 21->23(23)
[14.873s][info][gc,heap     ] GC(39) Old regions: 494->575
[14.873s][info][gc,heap     ] GC(39) Humongous regions: 4->4
[14.873s][info][gc,metaspace] GC(39) Metaspace: 17176K(17344K)->17176K(17344K) NonClass: 14571K(14656K)->14571K(14656K) Class: 2605K(2688K)->2605K(2688K)
[14.873s][info][gc          ] GC(39) Pause Young (Prepare Mixed) (G1 Evacuation Pause) 680M->602M(787M) 116.538ms
[14.874s][info][gc,cpu      ] GC(39) User=0.22s Sys=0.00s Real=0.12s
[14.986s][info][gc,start    ] GC(40) Pause Young (Mixed) (G1 Evacuation Pause)
[14.987s][info][gc,task     ] GC(40) Using 2 workers of 2 for evacuation
[15.043s][info][gc,phases   ] GC(40)   Pre Evacuate Collection Set: 0.28ms
[15.043s][info][gc,phases   ] GC(40)   Merge Heap Roots: 0.51ms
[15.043s][info][gc,phases   ] GC(40)   Evacuate Collection Set: 55.12ms
[15.043s][info][gc,phases   ] GC(40)   Post Evacuate Collection Set: 0.38ms
[15.043s][info][gc,phases   ] GC(40)   Other: 0.07ms
[15.043s][info][gc,heap     ] GC(40) Eden regions: 103->0(101)
[15.043s][info][gc,heap     ] GC(40) Survivor regions: 23->16(16)
[15.043s][info][gc,heap     ] GC(40) Old regions: 575->590
[15.043s][info][gc,heap     ] GC(40) Humongous regions: 4->4
[15.043s][info][gc,metaspace] GC(40) Metaspace: 17177K(17344K)->17177K(17344K) NonClass: 14571K(14656K)->14571K(14656K) Class: 2605K(2688K)->2605K(2688K)
[15.043s][info][gc          ] GC(40) Pause Young (Mixed) (G1 Evacuation Pause) 705M->609M(787M) 56.625ms
[15.043s][info][gc,cpu      ] GC(40) User=0.11s Sys=0.00s Real=0.06s
[15.225s][info][gc,start    ] GC(41) Pause Young (Concurrent Start) (G1 Evacuation Pause)
[15.225s][info][gc,task     ] GC(41) Using 2 workers of 2 for evacuation
[15.257s][info][gc,phases   ] GC(41)   Pre Evacuate Collection Set: 0.28ms
[15.257s][info][gc,phases   ] GC(41)   Merge Heap Roots: 0.25ms
[15.257s][info][gc,phases   ] GC(41)   Evacuate Collection Set: 31.62ms
[15.257s][info][gc,phases   ] GC(41)   Post Evacuate Collection Set: 0.34ms
[15.257s][info][gc,phases   ] GC(41)   Other: 0.10ms
[15.257s][info][gc,heap     ] GC(41) Eden regions: 101->0(99)
[15.257s][info][gc,heap     ] GC(41) Survivor regions: 16->13(15)
[15.257s][info][gc,heap     ] GC(41) Old regions: 590->606
[15.257s][info][gc,heap     ] GC(41) Humongous regions: 4->4
[15.257s][info][gc,metaspace] GC(41) Metaspace: 17181K(17344K)->17181K(17344K) NonClass: 14576K(14656K)->14576K(14656K) Class: 2605K(2688K)->2605K(2688K)
[15.257s][info][gc          ] GC(41) Pause Young (Concurrent Start) (G1 Evacuation Pause) 710M->623M(787M) 32.823ms
[15.257s][info][gc,cpu      ] GC(41) User=0.07s Sys=0.00s Real=0.03s
[15.258s][info][gc          ] GC(42) Concurrent Mark Cycle
[15.258s][info][gc,marking  ] GC(42) Concurrent Scan Root Regions
[15.305s][info][gc,marking  ] GC(42) Concurrent Scan Root Regions 47.375ms
[15.305s][info][gc,marking  ] GC(42) Concurrent Mark
[15.305s][info][gc,marking  ] GC(42) Concurrent Mark From Roots
[15.305s][info][gc,task     ] GC(42) Using 1 workers of 1 for marking
[15.487s][info][gc,start    ] GC(43) Pause Young (Normal) (G1 Evacuation Pause)
[15.487s][info][gc,task     ] GC(43) Using 2 workers of 2 for evacuation
[15.514s][info][gc,phases   ] GC(43)   Pre Evacuate Collection Set: 0.38ms
[15.514s][info][gc,phases   ] GC(43)   Merge Heap Roots: 0.41ms
[15.514s][info][gc,phases   ] GC(43)   Evacuate Collection Set: 24.71ms
[15.514s][info][gc,phases   ] GC(43)   Post Evacuate Collection Set: 1.09ms
[15.514s][info][gc,phases   ] GC(43)   Other: 0.09ms
[15.514s][info][gc,heap     ] GC(43) Eden regions: 99->0(131)
[15.514s][info][gc,heap     ] GC(43) Survivor regions: 13->3(14)
[15.514s][info][gc,heap     ] GC(43) Old regions: 606->619
[15.514s][info][gc,heap     ] GC(43) Humongous regions: 4->4
[15.514s][info][gc,metaspace] GC(43) Metaspace: 17185K(17344K)->17185K(17344K) NonClass: 14580K(14656K)->14580K(14656K) Class: 2605K(2688K)->2605K(2688K)
[15.514s][info][gc          ] GC(43) Pause Young (Normal) (G1 Evacuation Pause) 722M->626M(843M) 26.908ms
[15.514s][info][gc,cpu      ] GC(43) User=0.06s Sys=0.00s Real=0.03s
[15.974s][info][gc,start    ] GC(44) Pause Young (Normal) (G1 Evacuation Pause)
[15.974s][info][gc,task     ] GC(44) Using 2 workers of 2 for evacuation
[16.042s][info][gc,phases   ] GC(44)   Pre Evacuate Collection Set: 0.29ms
[16.042s][info][gc,phases   ] GC(44)   Merge Heap Roots: 0.70ms
[16.042s][info][gc,phases   ] GC(44)   Evacuate Collection Set: 67.19ms
[16.042s][info][gc,phases   ] GC(44)   Post Evacuate Collection Set: 0.42ms
[16.042s][info][gc,phases   ] GC(44)   Other: 0.13ms
[16.043s][info][gc,heap     ] GC(44) Eden regions: 131->0(105)
[16.043s][info][gc,heap     ] GC(44) Survivor regions: 3->17(17)
[16.043s][info][gc,heap     ] GC(44) Old regions: 619->639
[16.043s][info][gc,heap     ] GC(44) Humongous regions: 10->10
[16.043s][info][gc,metaspace] GC(44) Metaspace: 17193K(17344K)->17193K(17344K) NonClass: 14585K(14656K)->14585K(14656K) Class: 2608K(2688K)->2608K(2688K)
[16.043s][info][gc          ] GC(44) Pause Young (Normal) (G1 Evacuation Pause) 763M->666M(843M) 68.987ms
[16.043s][info][gc,cpu      ] GC(44) User=0.14s Sys=0.00s Real=0.06s
[16.145s][info][gc,marking  ] GC(42) Concurrent Mark From Roots 839.742ms
[16.145s][info][gc,marking  ] GC(42) Concurrent Preclean
[16.145s][info][gc,marking  ] GC(42) Concurrent Preclean 0.031ms
[16.145s][info][gc,start    ] GC(42) Pause Remark
[16.155s][info][gc          ] GC(42) Pause Remark 704M->462M(843M) 9.788ms
[16.155s][info][gc,cpu      ] GC(42) User=0.02s Sys=0.00s Real=0.01s
[16.157s][info][gc,marking  ] GC(42) Concurrent Mark 851.940ms
[16.157s][info][gc,marking  ] GC(42) Concurrent Rebuild Remembered Sets and Scrub Regions
[16.293s][info][gc,start    ] GC(45) Pause Young (Normal) (G1 Evacuation Pause)
[16.293s][info][gc,task     ] GC(45) Using 2 workers of 2 for evacuation
[16.402s][info][gc,phases   ] GC(45)   Pre Evacuate Collection Set: 0.39ms
[16.402s][info][gc,phases   ] GC(45)   Merge Heap Roots: 0.53ms
[16.402s][info][gc,phases   ] GC(45)   Evacuate Collection Set: 107.03ms
[16.402s][info][gc,phases   ] GC(45)   Post Evacuate Collection Set: 0.56ms
[16.402s][info][gc,phases   ] GC(45)   Other: 0.09ms
[16.402s][info][gc,heap     ] GC(45) Eden regions: 105->0(228)
[16.402s][info][gc,heap     ] GC(45) Survivor regions: 17->16(16)
[16.402s][info][gc,heap     ] GC(45) Old regions: 400->424
[16.402s][info][gc,heap     ] GC(45) Humongous regions: 7->7
[16.402s][info][gc,metaspace] GC(45) Metaspace: 17193K(17344K)->17193K(17344K) NonClass: 14585K(14656K)->14585K(14656K) Class: 2608K(2688K)->2608K(2688K)
[16.402s][info][gc          ] GC(45) Pause Young (Normal) (G1 Evacuation Pause) 529M->447M(843M) 108.854ms
[16.402s][info][gc,cpu      ] GC(45) User=0.21s Sys=0.00s Real=0.10s
[16.568s][info][gc,marking  ] GC(42) Concurrent Rebuild Remembered Sets and Scrub Regions 410.945ms
[16.568s][info][gc,start    ] GC(42) Pause Cleanup
[16.568s][info][gc          ] GC(42) Pause Cleanup 525M->525M(843M) 0.145ms
[16.568s][info][gc,cpu      ] GC(42) User=0.00s Sys=0.00s Real=0.00s
[16.568s][info][gc,marking  ] GC(42) Concurrent Clear Claimed Marks
[16.568s][info][gc,marking  ] GC(42) Concurrent Clear Claimed Marks 0.031ms
[16.568s][info][gc,marking  ] GC(42) Concurrent Cleanup for Next Mark
[16.575s][info][gc,marking  ] GC(42) Concurrent Cleanup for Next Mark 6.614ms
[16.575s][info][gc          ] GC(42) Concurrent Mark Cycle 1317.455ms
[16.720s][info][gc,start    ] GC(46) Pause Young (Prepare Mixed) (G1 Evacuation Pause)
[16.721s][info][gc,task     ] GC(46) Using 2 workers of 2 for evacuation
[16.782s][info][gc,phases   ] GC(46)   Pre Evacuate Collection Set: 0.43ms
[16.782s][info][gc,phases   ] GC(46)   Merge Heap Roots: 0.48ms
[16.782s][info][gc,phases   ] GC(46)   Evacuate Collection Set: 59.97ms
[16.782s][info][gc,phases   ] GC(46)   Post Evacuate Collection Set: 0.46ms
[16.782s][info][gc,phases   ] GC(46)   Other: 0.11ms
[16.782s][info][gc,heap     ] GC(46) Eden regions: 228->0(216)
[16.782s][info][gc,heap     ] GC(46) Survivor regions: 16->31(31)
[16.782s][info][gc,heap     ] GC(46) Old regions: 424->444
[16.782s][info][gc,heap     ] GC(46) Humongous regions: 7->7
[16.782s][info][gc,metaspace] GC(46) Metaspace: 17194K(17344K)->17194K(17344K) NonClass: 14586K(14656K)->14586K(14656K) Class: 2608K(2688K)->2608K(2688K)
[16.782s][info][gc          ] GC(46) Pause Young (Prepare Mixed) (G1 Evacuation Pause) 675M->482M(843M) 61.675ms
[16.782s][info][gc,cpu      ] GC(46) User=0.12s Sys=0.00s Real=0.06s
[16.954s][info][gc,start    ] GC(47) Pause Young (Mixed) (G1 Evacuation Pause)
[16.954s][info][gc,task     ] GC(47) Using 2 workers of 2 for evacuation
[17.001s][info][gc,phases   ] GC(47)   Pre Evacuate Collection Set: 0.39ms
[17.001s][info][gc,phases   ] GC(47)   Merge Heap Roots: 0.35ms
[17.001s][info][gc,phases   ] GC(47)   Evacuate Collection Set: 45.10ms
[17.001s][info][gc,phases   ] GC(47)   Merge Optional Heap Roots: 0.07ms
[17.001s][info][gc,phases   ] GC(47)   Evacuate Optional Collection Set: 0.63ms
[17.001s][info][gc,phases   ] GC(47)   Post Evacuate Collection Set: 0.58ms
[17.001s][info][gc,phases   ] GC(47)   Other: 0.11ms
[17.001s][info][gc,heap     ] GC(47) Eden regions: 216->0(270)
[17.001s][info][gc,heap     ] GC(47) Survivor regions: 31->5(31)
[17.001s][info][gc,heap     ] GC(47) Old regions: 444->396
[17.001s][info][gc,heap     ] GC(47) Humongous regions: 7->7
[17.001s][info][gc,metaspace] GC(47) Metaspace: 17197K(17344K)->17197K(17344K) NonClass: 14589K(14656K)->14589K(14656K) Class: 2608K(2688K)->2608K(2688K)
[17.001s][info][gc          ] GC(47) Pause Young (Mixed) (G1 Evacuation Pause) 698M->407M(843M) 47.469ms
[17.001s][info][gc,cpu      ] GC(47) User=0.09s Sys=0.00s Real=0.04s
[17.304s][info][gc,start    ] GC(48) Pause Young (Mixed) (G1 Evacuation Pause)
[17.304s][info][gc,task     ] GC(48) Using 2 workers of 2 for evacuation
[17.352s][info][gc,phases   ] GC(48)   Pre Evacuate Collection Set: 0.41ms
[17.353s][info][gc,phases   ] GC(48)   Merge Heap Roots: 0.58ms
[17.353s][info][gc,phases   ] GC(48)   Evacuate Collection Set: 46.00ms
[17.353s][info][gc,phases   ] GC(48)   Post Evacuate Collection Set: 0.99ms
[17.353s][info][gc,phases   ] GC(48)   Other: 0.10ms
[17.353s][info][gc,heap     ] GC(48) Eden regions: 270->0(300)
[17.353s][info][gc,heap     ] GC(48) Survivor regions: 5->19(35)
[17.353s][info][gc,heap     ] GC(48) Old regions: 396->385
[17.353s][info][gc,heap     ] GC(48) Humongous regions: 7->7
[17.353s][info][gc,metaspace] GC(48) Metaspace: 17210K(17344K)->17210K(17344K) NonClass: 14596K(14656K)->14596K(14656K) Class: 2614K(2688K)->2614K(2688K)
[17.353s][info][gc          ] GC(48) Pause Young (Mixed) (G1 Evacuation Pause) 677M->410M(870M) 48.290ms
[17.353s][info][gc,cpu      ] GC(48) User=0.09s Sys=0.00s Real=0.04s
[18.282s][info][gc,start    ] GC(49) Pause Young (Concurrent Start) (G1 Evacuation Pause)
[18.282s][info][gc,task     ] GC(49) Using 2 workers of 2 for evacuation
[18.346s][info][gc,phases   ] GC(49)   Pre Evacuate Collection Set: 0.43ms
[18.346s][info][gc,phases   ] GC(49)   Merge Heap Roots: 0.56ms
[18.346s][info][gc,phases   ] GC(49)   Evacuate Collection Set: 62.36ms
[18.346s][info][gc,phases   ] GC(49)   Post Evacuate Collection Set: 0.49ms
[18.346s][info][gc,phases   ] GC(49)   Other: 0.23ms
[18.346s][info][gc,heap     ] GC(49) Eden regions: 300->0(281)
[18.346s][info][gc,heap     ] GC(49) Survivor regions: 19->40(40)
[18.346s][info][gc,heap     ] GC(49) Old regions: 385->398
[18.346s][info][gc,heap     ] GC(49) Humongous regions: 7->7
[18.346s][info][gc,metaspace] GC(49) Metaspace: 17218K(17344K)->17218K(17344K) NonClass: 14604K(14656K)->14604K(14656K) Class: 2614K(2688K)->2614K(2688K)
[18.346s][info][gc          ] GC(49) Pause Young (Concurrent Start) (G1 Evacuation Pause) 710M->444M(870M) 64.297ms
[18.346s][info][gc,cpu      ] GC(49) User=0.13s Sys=0.01s Real=0.07s
[18.346s][info][gc          ] GC(50) Concurrent Mark Cycle
[18.346s][info][gc,marking  ] GC(50) Concurrent Scan Root Regions
[18.445s][info][gc,marking  ] GC(50) Concurrent Scan Root Regions 98.516ms
[18.445s][info][gc,marking  ] GC(50) Concurrent Mark
[18.445s][info][gc,marking  ] GC(50) Concurrent Mark From Roots
[18.445s][info][gc,task     ] GC(50) Using 1 workers of 1 for marking
[19.442s][info][gc,marking  ] GC(50) Concurrent Mark From Roots 996.720ms
[19.442s][info][gc,marking  ] GC(50) Concurrent Preclean
[19.442s][info][gc,marking  ] GC(50) Concurrent Preclean 0.029ms
[19.442s][info][gc,start    ] GC(50) Pause Remark
[19.449s][info][gc          ] GC(50) Pause Remark 656M->593M(870M) 6.563ms
[19.449s][info][gc,cpu      ] GC(50) User=0.01s Sys=0.00s Real=0.01s
[19.450s][info][gc,marking  ] GC(50) Concurrent Mark 1005.288ms
[19.450s][info][gc,marking  ] GC(50) Concurrent Rebuild Remembered Sets and Scrub Regions
[19.684s][info][gc,start    ] GC(51) Pause Young (Normal) (G1 Evacuation Pause)
[19.684s][info][gc,task     ] GC(51) Using 2 workers of 2 for evacuation
[19.728s][info][gc,phases   ] GC(51)   Pre Evacuate Collection Set: 0.42ms
[19.728s][info][gc,phases   ] GC(51)   Merge Heap Roots: 0.28ms
[19.728s][info][gc,phases   ] GC(51)   Evacuate Collection Set: 42.39ms
[19.728s][info][gc,phases   ] GC(51)   Post Evacuate Collection Set: 0.67ms
[19.728s][info][gc,phases   ] GC(51)   Other: 0.09ms
[19.728s][info][gc,heap     ] GC(51) Eden regions: 281->0(327)
[19.728s][info][gc,heap     ] GC(51) Survivor regions: 40->1(41)
[19.728s][info][gc,heap     ] GC(51) Old regions: 338->378
[19.728s][info][gc,heap     ] GC(51) Humongous regions: 4->4
[19.728s][info][gc,metaspace] GC(51) Metaspace: 17246K(17408K)->17246K(17408K) NonClass: 14632K(14720K)->14632K(14720K) Class: 2614K(2688K)->2614K(2688K)
[19.728s][info][gc          ] GC(51) Pause Young (Normal) (G1 Evacuation Pause) 662M->383M(870M) 44.075ms
[19.728s][info][gc,cpu      ] GC(51) User=0.09s Sys=0.00s Real=0.04s
[19.776s][info][gc,marking  ] GC(50) Concurrent Rebuild Remembered Sets and Scrub Regions 325.590ms
[19.776s][info][gc,start    ] GC(50) Pause Cleanup
[19.776s][info][gc          ] GC(50) Pause Cleanup 396M->396M(870M) 0.086ms
[19.776s][info][gc,cpu      ] GC(50) User=0.00s Sys=0.00s Real=0.00s
[19.777s][info][gc,marking  ] GC(50) Concurrent Clear Claimed Marks
[19.777s][info][gc,marking  ] GC(50) Concurrent Clear Claimed Marks 0.035ms
[19.777s][info][gc,marking  ] GC(50) Concurrent Cleanup for Next Mark
[19.782s][info][gc,marking  ] GC(50) Concurrent Cleanup for Next Mark 4.872ms
[19.782s][info][gc          ] GC(50) Concurrent Mark Cycle 1435.557ms
[20.693s][info][gc,start    ] GC(52) Pause Young (Prepare Mixed) (G1 Evacuation Pause)
[20.693s][info][gc,task     ] GC(52) Using 2 workers of 2 for evacuation
[20.711s][info][gc,phases   ] GC(52)   Pre Evacuate Collection Set: 0.26ms
[20.711s][info][gc,phases   ] GC(52)   Merge Heap Roots: 0.40ms
[20.711s][info][gc,phases   ] GC(52)   Evacuate Collection Set: 16.77ms
[20.711s][info][gc,phases   ] GC(52)   Post Evacuate Collection Set: 0.44ms
[20.711s][info][gc,phases   ] GC(52)   Other: 0.11ms
[20.711s][info][gc,heap     ] GC(52) Eden regions: 327->0(338)
[20.711s][info][gc,heap     ] GC(52) Survivor regions: 1->6(41)
[20.711s][info][gc,heap     ] GC(52) Old regions: 378->378
[20.711s][info][gc,heap     ] GC(52) Humongous regions: 4->4
[20.711s][info][gc,metaspace] GC(52) Metaspace: 17247K(17408K)->17247K(17408K) NonClass: 14633K(14720K)->14633K(14720K) Class: 2614K(2688K)->2614K(2688K)
[20.711s][info][gc          ] GC(52) Pause Young (Prepare Mixed) (G1 Evacuation Pause) 710M->387M(870M) 18.208ms
[20.711s][info][gc,cpu      ] GC(52) User=0.03s Sys=0.00s Real=0.02s
[21.198s][info][gc,start    ] GC(53) Pause Young (Mixed) (G1 Evacuation Pause)
[21.198s][info][gc,task     ] GC(53) Using 2 workers of 2 for evacuation
[21.330s][info][gc,phases   ] GC(53)   Pre Evacuate Collection Set: 0.28ms
[21.330s][info][gc,phases   ] GC(53)   Merge Heap Roots: 0.92ms
[21.330s][info][gc,phases   ] GC(53)   Evacuate Collection Set: 129.07ms
[21.330s][info][gc,phases   ] GC(53)   Post Evacuate Collection Set: 1.14ms
[21.330s][info][gc,phases   ] GC(53)   Other: 0.09ms
[21.330s][info][gc,heap     ] GC(53) Eden regions: 338->0(283)
[21.330s][info][gc,heap     ] GC(53) Survivor regions: 6->43(43)
[21.330s][info][gc,heap     ] GC(53) Old regions: 378->397
[21.330s][info][gc,heap     ] GC(53) Humongous regions: 4->4
[21.330s][info][gc,metaspace] GC(53) Metaspace: 17271K(17472K)->17271K(17472K) NonClass: 14655K(14784K)->14655K(14784K) Class: 2615K(2688K)->2615K(2688K)
[21.330s][info][gc          ] GC(53) Pause Young (Mixed) (G1 Evacuation Pause) 725M->444M(870M) 131.717ms
[21.330s][info][gc,cpu      ] GC(53) User=0.26s Sys=0.00s Real=0.13s
[21.566s][info][gc,start    ] GC(54) Pause Young (Mixed) (G1 Evacuation Pause)
[21.566s][info][gc,task     ] GC(54) Using 2 workers of 2 for evacuation
[21.699s][info][gc,phases   ] GC(54)   Pre Evacuate Collection Set: 0.27ms
[21.699s][info][gc,phases   ] GC(54)   Merge Heap Roots: 0.89ms
[21.699s][info][gc,phases   ] GC(54)   Evacuate Collection Set: 131.41ms
[21.699s][info][gc,phases   ] GC(54)   Post Evacuate Collection Set: 0.42ms
[21.699s][info][gc,phases   ] GC(54)   Other: 0.08ms
[21.699s][info][gc,heap     ] GC(54) Eden regions: 150->0(264)
[21.699s][info][gc,heap     ] GC(54) Survivor regions: 43->25(25)
[21.699s][info][gc,heap     ] GC(54) Old regions: 397->440
[21.699s][info][gc,heap     ] GC(54) Humongous regions: 4->4
[21.699s][info][gc,metaspace] GC(54) Metaspace: 17273K(17472K)->17273K(17472K) NonClass: 14658K(14784K)->14658K(14784K) Class: 2615K(2688K)->2615K(2688K)
[21.699s][info][gc          ] GC(54) Pause Young (Mixed) (G1 Evacuation Pause) 594M->468M(870M) 133.354ms
[21.699s][info][gc,cpu      ] GC(54) User=0.26s Sys=0.00s Real=0.13s
[21.908s][info][gc,start    ] GC(55) Pause Young (Concurrent Start) (G1 Humongous Allocation)
[21.908s][info][gc,task     ] GC(55) Using 2 workers of 2 for evacuation
[21.947s][info][gc,phases   ] GC(55)   Pre Evacuate Collection Set: 0.34ms
[21.947s][info][gc,phases   ] GC(55)   Merge Heap Roots: 0.43ms
[21.947s][info][gc,phases   ] GC(55)   Evacuate Collection Set: 37.59ms
[21.947s][info][gc,phases   ] GC(55)   Post Evacuate Collection Set: 0.47ms
[21.947s][info][gc,phases   ] GC(55)   Other: 0.15ms
[21.947s][info][gc,heap     ] GC(55) Eden regions: 137->0(277)
[21.947s][info][gc,heap     ] GC(55) Survivor regions: 25->7(37)
[21.947s][info][gc,heap     ] GC(55) Old regions: 440->465
[21.947s][info][gc,heap     ] GC(55) Humongous regions: 4->4
[21.947s][info][gc,metaspace] GC(55) Metaspace: 17275K(17472K)->17275K(17472K) NonClass: 14660K(14784K)->14660K(14784K) Class: 2615K(2688K)->2615K(2688K)
[21.947s][info][gc          ] GC(55) Pause Young (Concurrent Start) (G1 Humongous Allocation) 605M->475M(870M) 39.209ms
[21.947s][info][gc          ] GC(56) Concurrent Mark Cycle
[21.947s][info][gc,marking  ] GC(56) Concurrent Scan Root Regions
[21.948s][info][gc,cpu      ] GC(55) User=0.08s Sys=0.00s Real=0.04s
[22.012s][info][gc,marking  ] GC(56) Concurrent Scan Root Regions 64.724ms
[22.012s][info][gc,marking  ] GC(56) Concurrent Mark
[22.012s][info][gc,marking  ] GC(56) Concurrent Mark From Roots
[22.012s][info][gc,task     ] GC(56) Using 1 workers of 1 for marking
[22.518s][info][gc,start    ] GC(57) Pause Young (Normal) (G1 Evacuation Pause)
[22.518s][info][gc,task     ] GC(57) Using 2 workers of 2 for evacuation
[22.595s][info][gc,phases   ] GC(57)   Pre Evacuate Collection Set: 0.26ms
[22.595s][info][gc,phases   ] GC(57)   Merge Heap Roots: 0.39ms
[22.595s][info][gc,phases   ] GC(57)   Evacuate Collection Set: 74.99ms
[22.595s][info][gc,phases   ] GC(57)   Post Evacuate Collection Set: 0.92ms
[22.595s][info][gc,phases   ] GC(57)   Other: 0.08ms
[22.595s][info][gc,heap     ] GC(57) Eden regions: 277->0(257)
[22.595s][info][gc,heap     ] GC(57) Survivor regions: 7->36(36)
[22.595s][info][gc,heap     ] GC(57) Old regions: 465->480
[22.595s][info][gc,heap     ] GC(57) Humongous regions: 8->8
[22.595s][info][gc,metaspace] GC(57) Metaspace: 17275K(17472K)->17275K(17472K) NonClass: 14660K(14784K)->14660K(14784K) Class: 2615K(2688K)->2615K(2688K)
[22.595s][info][gc          ] GC(57) Pause Young (Normal) (G1 Evacuation Pause) 756M->523M(896M) 76.845ms
[22.595s][info][gc,cpu      ] GC(57) User=0.15s Sys=0.00s Real=0.08s
[22.988s][info][gc,marking  ] GC(56) Concurrent Mark From Roots 975.435ms
[22.988s][info][gc,marking  ] GC(56) Concurrent Preclean
[22.988s][info][gc,marking  ] GC(56) Concurrent Preclean 0.031ms
[22.988s][info][gc,start    ] GC(56) Pause Remark
[23.001s][info][gc          ] GC(56) Pause Remark 764M->676M(896M) 13.455ms
[23.001s][info][gc,cpu      ] GC(56) User=0.03s Sys=0.00s Real=0.01s
[23.003s][info][gc,marking  ] GC(56) Concurrent Mark 990.555ms
[23.003s][info][gc,marking  ] GC(56) Concurrent Rebuild Remembered Sets and Scrub Regions
[23.019s][info][gc,start    ] GC(58) Pause Young (Normal) (G1 Evacuation Pause)
[23.019s][info][gc,task     ] GC(58) Using 2 workers of 2 for evacuation
[23.136s][info][gc,phases   ] GC(58)   Pre Evacuate Collection Set: 0.33ms
[23.136s][info][gc,phases   ] GC(58)   Merge Heap Roots: 0.63ms
[23.136s][info][gc,phases   ] GC(58)   Evacuate Collection Set: 114.75ms
[23.136s][info][gc,phases   ] GC(58)   Post Evacuate Collection Set: 0.63ms
[23.136s][info][gc,phases   ] GC(58)   Other: 0.08ms
[23.136s][info][gc,heap     ] GC(58) Eden regions: 257->0(302)
[23.136s][info][gc,heap     ] GC(58) Survivor regions: 36->24(37)
[23.136s][info][gc,heap     ] GC(58) Old regions: 394->430
[23.136s][info][gc,heap     ] GC(58) Humongous regions: 6->6
[23.136s][info][gc,metaspace] GC(58) Metaspace: 17279K(17472K)->17279K(17472K) NonClass: 14664K(14784K)->14664K(14784K) Class: 2615K(2688K)->2615K(2688K)
[23.136s][info][gc          ] GC(58) Pause Young (Normal) (G1 Evacuation Pause) 692M->460M(896M) 116.629ms
[23.136s][info][gc,cpu      ] GC(58) User=0.23s Sys=0.00s Real=0.12s
[23.515s][info][gc,marking  ] GC(56) Concurrent Rebuild Remembered Sets and Scrub Regions 512.064ms
[23.515s][info][gc,start    ] GC(56) Pause Cleanup
[23.515s][info][gc          ] GC(56) Pause Cleanup 674M->674M(896M) 0.120ms
[23.515s][info][gc,cpu      ] GC(56) User=0.00s Sys=0.00s Real=0.00s
[23.517s][info][gc,marking  ] GC(56) Concurrent Clear Claimed Marks
[23.517s][info][gc,marking  ] GC(56) Concurrent Clear Claimed Marks 0.042ms
[23.517s][info][gc,marking  ] GC(56) Concurrent Cleanup for Next Mark
[23.525s][info][gc,marking  ] GC(56) Concurrent Cleanup for Next Mark 7.781ms
[23.525s][info][gc          ] GC(56) Concurrent Mark Cycle 1577.480ms
[23.714s][info][gc,start    ] GC(59) Pause Young (Prepare Mixed) (G1 Evacuation Pause)
[23.715s][info][gc,task     ] GC(59) Using 2 workers of 2 for evacuation
[23.759s][info][gc,phases   ] GC(59)   Pre Evacuate Collection Set: 0.47ms
[23.759s][info][gc,phases   ] GC(59)   Merge Heap Roots: 0.31ms
[23.759s][info][gc,phases   ] GC(59)   Evacuate Collection Set: 43.50ms
[23.759s][info][gc,phases   ] GC(59)   Post Evacuate Collection Set: 0.52ms
[23.759s][info][gc,phases   ] GC(59)   Other: 0.10ms
[23.760s][info][gc,heap     ] GC(59) Eden regions: 302->0(305)
[23.760s][info][gc,heap     ] GC(59) Survivor regions: 24->14(41)
[23.760s][info][gc,heap     ] GC(59) Old regions: 430->455
[23.760s][info][gc,heap     ] GC(59) Humongous regions: 6->6
[23.760s][info][gc,metaspace] GC(59) Metaspace: 17298K(17472K)->17298K(17472K) NonClass: 14683K(14784K)->14683K(14784K) Class: 2615K(2688K)->2615K(2688K)
[23.760s][info][gc          ] GC(59) Pause Young (Prepare Mixed) (G1 Evacuation Pause) 762M->474M(896M) 45.103ms
[23.760s][info][gc,cpu      ] GC(59) User=0.09s Sys=0.00s Real=0.04s
[24.413s][info][gc,start    ] GC(60) Pause Young (Mixed) (G1 Evacuation Pause)
[24.413s][info][gc,task     ] GC(60) Using 2 workers of 2 for evacuation
[24.503s][info][gc,phases   ] GC(60)   Pre Evacuate Collection Set: 0.32ms
[24.503s][info][gc,phases   ] GC(60)   Merge Heap Roots: 0.69ms
[24.503s][info][gc,phases   ] GC(60)   Evacuate Collection Set: 87.87ms
[24.503s][info][gc,phases   ] GC(60)   Post Evacuate Collection Set: 0.70ms
[24.503s][info][gc,phases   ] GC(60)   Other: 0.08ms
[24.503s][info][gc,heap     ] GC(60) Eden regions: 305->0(325)
[24.503s][info][gc,heap     ] GC(60) Survivor regions: 14->40(40)
[24.503s][info][gc,heap     ] GC(60) Old regions: 455->398
[24.503s][info][gc,heap     ] GC(60) Humongous regions: 6->6
[24.503s][info][gc,metaspace] GC(60) Metaspace: 17325K(17472K)->17325K(17472K) NonClass: 14709K(14784K)->14709K(14784K) Class: 2616K(2688K)->2616K(2688K)
[24.503s][info][gc          ] GC(60) Pause Young (Mixed) (G1 Evacuation Pause) 779M->443M(896M) 89.879ms
[24.503s][info][gc,cpu      ] GC(60) User=0.18s Sys=0.00s Real=0.08s
[24.997s][info][gc,start    ] GC(61) Pause Young (Concurrent Start) (G1 Evacuation Pause)
[24.997s][info][gc,task     ] GC(61) Using 2 workers of 2 for evacuation
[25.102s][info][gc,phases   ] GC(61)   Pre Evacuate Collection Set: 0.28ms
[25.103s][info][gc,phases   ] GC(61)   Merge Heap Roots: 0.20ms
[25.103s][info][gc,phases   ] GC(61)   Evacuate Collection Set: 104.06ms
[25.103s][info][gc,phases   ] GC(61)   Post Evacuate Collection Set: 0.70ms
[25.103s][info][gc,phases   ] GC(61)   Other: 0.10ms
[25.103s][info][gc,heap     ] GC(61) Eden regions: 325->0(256)
[25.103s][info][gc,heap     ] GC(61) Survivor regions: 40->46(46)
[25.103s][info][gc,heap     ] GC(61) Old regions: 398->461
[25.103s][info][gc,heap     ] GC(61) Humongous regions: 6->6
[25.103s][info][gc,metaspace] GC(61) Metaspace: 17352K(17536K)->17352K(17536K) NonClass: 14736K(14848K)->14736K(14848K) Class: 2616K(2688K)->2616K(2688K)
[25.103s][info][gc          ] GC(61) Pause Young (Concurrent Start) (G1 Evacuation Pause) 768M->513M(896M) 105.590ms
[25.103s][info][gc          ] GC(62) Concurrent Mark Cycle
[25.103s][info][gc,marking  ] GC(62) Concurrent Scan Root Regions
[25.103s][info][gc,cpu      ] GC(61) User=0.21s Sys=0.00s Real=0.10s
[25.244s][info][gc,marking  ] GC(62) Concurrent Scan Root Regions 141.657ms
[25.244s][info][gc,marking  ] GC(62) Concurrent Mark
[25.244s][info][gc,marking  ] GC(62) Concurrent Mark From Roots
[25.244s][info][gc,task     ] GC(62) Using 1 workers of 1 for marking
[26.041s][info][gc,start    ] GC(63) Pause Young (Normal) (G1 Evacuation Pause)
[26.041s][info][gc,task     ] GC(63) Using 2 workers of 2 for evacuation
[26.115s][info][gc,phases   ] GC(63)   Pre Evacuate Collection Set: 0.28ms
[26.115s][info][gc,phases   ] GC(63)   Merge Heap Roots: 0.39ms
[26.115s][info][gc,phases   ] GC(63)   Evacuate Collection Set: 72.78ms
[26.115s][info][gc,phases   ] GC(63)   Post Evacuate Collection Set: 0.55ms
[26.115s][info][gc,phases   ] GC(63)   Other: 0.07ms
[26.115s][info][gc,heap     ] GC(63) Eden regions: 256->0(249)
[26.115s][info][gc,heap     ] GC(63) Survivor regions: 46->20(38)
[26.115s][info][gc,heap     ] GC(63) Old regions: 461->508
[26.115s][info][gc,heap     ] GC(63) Humongous regions: 7->7
[26.115s][info][gc,metaspace] GC(63) Metaspace: 17359K(17536K)->17359K(17536K) NonClass: 14742K(14848K)->14742K(14848K) Class: 2616K(2688K)->2616K(2688K)
[26.115s][info][gc          ] GC(63) Pause Young (Normal) (G1 Evacuation Pause) 770M->534M(896M) 74.277ms
[26.115s][info][gc,cpu      ] GC(63) User=0.15s Sys=0.00s Real=0.08s
[26.647s][info][gc,marking  ] GC(62) Concurrent Mark From Roots 1402.745ms
[26.647s][info][gc,marking  ] GC(62) Concurrent Preclean
[26.647s][info][gc,marking  ] GC(62) Concurrent Preclean 0.027ms
[26.647s][info][gc,start    ] GC(62) Pause Remark
[26.654s][info][gc          ] GC(62) Pause Remark 785M->779M(896M) 6.783ms
[26.654s][info][gc,cpu      ] GC(62) User=0.02s Sys=0.00s Real=0.01s
[26.655s][info][gc,marking  ] GC(62) Concurrent Mark 1410.446ms
[26.655s][info][gc,marking  ] GC(62) Concurrent Rebuild Remembered Sets and Scrub Regions
[26.655s][info][gc,start    ] GC(64) Pause Young (Normal) (G1 Evacuation Pause)
[26.655s][info][gc,task     ] GC(64) Using 2 workers of 2 for evacuation
[26.746s][info][gc,phases   ] GC(64)   Pre Evacuate Collection Set: 0.21ms
[26.746s][info][gc,phases   ] GC(64)   Merge Heap Roots: 0.36ms
[26.746s][info][gc,phases   ] GC(64)   Evacuate Collection Set: 89.99ms
[26.746s][info][gc,phases   ] GC(64)   Post Evacuate Collection Set: 0.58ms
[26.746s][info][gc,phases   ] GC(64)   Other: 0.08ms
[26.746s][info][gc,heap     ] GC(64) Eden regions: 249->0(214)
[26.746s][info][gc,heap     ] GC(64) Survivor regions: 20->34(34)
[26.746s][info][gc,heap     ] GC(64) Old regions: 503->536
[26.746s][info][gc,heap     ] GC(64) Humongous regions: 8->8
[26.746s][info][gc,metaspace] GC(64) Metaspace: 17359K(17536K)->17359K(17536K) NonClass: 14742K(14848K)->14742K(14848K) Class: 2616K(2688K)->2616K(2688K)
[26.746s][info][gc          ] GC(64) Pause Young (Normal) (G1 Evacuation Pause) 779M->578M(896M) 91.483ms
[26.746s][info][gc,cpu      ] GC(64) User=0.18s Sys=0.00s Real=0.09s
[27.153s][info][gc,start    ] GC(65) Pause Young (Normal) (G1 Evacuation Pause)
[27.153s][info][gc,task     ] GC(65) Using 2 workers of 2 for evacuation
[27.201s][info][gc,phases   ] GC(65)   Pre Evacuate Collection Set: 0.45ms
[27.201s][info][gc,phases   ] GC(65)   Merge Heap Roots: 0.34ms
[27.201s][info][gc,phases   ] GC(65)   Evacuate Collection Set: 46.14ms
[27.201s][info][gc,phases   ] GC(65)   Post Evacuate Collection Set: 1.02ms
[27.201s][info][gc,phases   ] GC(65)   Other: 0.11ms
[27.201s][info][gc,heap     ] GC(65) Eden regions: 214->0(246)
[27.201s][info][gc,heap     ] GC(65) Survivor regions: 34->3(31)
[27.201s][info][gc,heap     ] GC(65) Old regions: 536->571
[27.201s][info][gc,heap     ] GC(65) Humongous regions: 8->8
[27.201s][info][gc,metaspace] GC(65) Metaspace: 17359K(17536K)->17359K(17536K) NonClass: 14742K(14848K)->14742K(14848K) Class: 2616K(2688K)->2616K(2688K)
[27.201s][info][gc          ] GC(65) Pause Young (Normal) (G1 Evacuation Pause) 792M->581M(929M) 48.259ms
[27.201s][info][gc,cpu      ] GC(65) User=0.10s Sys=0.00s Real=0.04s
[27.334s][info][gc,marking  ] GC(62) Concurrent Rebuild Remembered Sets and Scrub Regions 679.402ms
[27.334s][info][gc,start    ] GC(62) Pause Cleanup
[27.335s][info][gc          ] GC(62) Pause Cleanup 638M->638M(929M) 0.106ms
[27.335s][info][gc,cpu      ] GC(62) User=0.00s Sys=0.00s Real=0.00s
[27.336s][info][gc,marking  ] GC(62) Concurrent Clear Claimed Marks
[27.336s][info][gc,marking  ] GC(62) Concurrent Clear Claimed Marks 0.040ms
[27.336s][info][gc,marking  ] GC(62) Concurrent Cleanup for Next Mark
[27.343s][info][gc,marking  ] GC(62) Concurrent Cleanup for Next Mark 6.930ms
[27.343s][info][gc          ] GC(62) Concurrent Mark Cycle 2240.467ms
[27.726s][info][gc,start    ] GC(66) Pause Young (Prepare Mixed) (G1 Evacuation Pause)
[27.726s][info][gc,task     ] GC(66) Using 2 workers of 2 for evacuation
[27.766s][info][gc,phases   ] GC(66)   Pre Evacuate Collection Set: 0.50ms
[27.766s][info][gc,phases   ] GC(66)   Merge Heap Roots: 0.53ms
[27.766s][info][gc,phases   ] GC(66)   Evacuate Collection Set: 38.77ms
[27.766s][info][gc,phases   ] GC(66)   Post Evacuate Collection Set: 0.49ms
[27.766s][info][gc,phases   ] GC(66)   Other: 0.12ms
[27.766s][info][gc,heap     ] GC(66) Eden regions: 246->0(240)
[27.766s][info][gc,heap     ] GC(66) Survivor regions: 3->20(32)
[27.766s][info][gc,heap     ] GC(66) Old regions: 571->571
[27.766s][info][gc,heap     ] GC(66) Humongous regions: 8->8
[27.766s][info][gc,metaspace] GC(66) Metaspace: 17359K(17536K)->17359K(17536K) NonClass: 14742K(14848K)->14742K(14848K) Class: 2616K(2688K)->2616K(2688K)
[27.766s][info][gc          ] GC(66) Pause Young (Prepare Mixed) (G1 Evacuation Pause) 827M->598M(929M) 40.602ms
[27.766s][info][gc,cpu      ] GC(66) User=0.08s Sys=0.00s Real=0.04s
[28.063s][info][gc,start    ] GC(67) Pause Young (Mixed) (G1 Evacuation Pause)
[28.064s][info][gc,task     ] GC(67) Using 2 workers of 2 for evacuation
[28.195s][info][gc,phases   ] GC(67)   Pre Evacuate Collection Set: 0.28ms
[28.195s][info][gc,phases   ] GC(67)   Merge Heap Roots: 0.70ms
[28.195s][info][gc,phases   ] GC(67)   Evacuate Collection Set: 129.65ms
[28.195s][info][gc,phases   ] GC(67)   Post Evacuate Collection Set: 1.13ms
[28.195s][info][gc,phases   ] GC(67)   Other: 0.08ms
[28.195s][info][gc,heap     ] GC(67) Eden regions: 240->0(27)
[28.195s][info][gc,heap     ] GC(67) Survivor regions: 20->33(33)
[28.195s][info][gc,heap     ] GC(67) Old regions: 571->629
[28.195s][info][gc,heap     ] GC(67) Humongous regions: 8->8
[28.195s][info][gc,metaspace] GC(67) Metaspace: 17365K(17536K)->17365K(17536K) NonClass: 14749K(14848K)->14749K(14848K) Class: 2616K(2688K)->2616K(2688K)
[28.196s][info][gc          ] GC(67) Pause Young (Mixed) (G1 Evacuation Pause) 838M->670M(943M) 132.042ms
[28.196s][info][gc,cpu      ] GC(67) User=0.25s Sys=0.01s Real=0.13s
[28.214s][info][gc,start    ] GC(68) Pause Young (Mixed) (G1 Evacuation Pause)
[28.214s][info][gc,task     ] GC(68) Using 2 workers of 2 for evacuation
[28.395s][info][gc,phases   ] GC(68)   Pre Evacuate Collection Set: 0.42ms
[28.395s][info][gc,phases   ] GC(68)   Merge Heap Roots: 2.72ms
[28.395s][info][gc,phases   ] GC(68)   Evacuate Collection Set: 177.36ms
[28.395s][info][gc,phases   ] GC(68)   Post Evacuate Collection Set: 0.37ms
[28.395s][info][gc,phases   ] GC(68)   Other: 0.08ms
[28.395s][info][gc,heap     ] GC(68) Eden regions: 14->0(167)
[28.395s][info][gc,heap     ] GC(68) Survivor regions: 33->5(6)
[28.395s][info][gc,heap     ] GC(68) Old regions: 629->662
[28.395s][info][gc,heap     ] GC(68) Humongous regions: 8->8
[28.395s][info][gc,metaspace] GC(68) Metaspace: 17365K(17536K)->17365K(17536K) NonClass: 14749K(14848K)->14749K(14848K) Class: 2616K(2688K)->2616K(2688K)
[28.395s][info][gc          ] GC(68) Pause Young (Mixed) (G1 Evacuation Pause) 684M->674M(943M) 181.183ms
[28.395s][info][gc,cpu      ] GC(68) User=0.36s Sys=0.00s Real=0.18s
[28.922s][info][gc,start    ] GC(69) Pause Young (Concurrent Start) (G1 Humongous Allocation)
[28.922s][info][gc,task     ] GC(69) Using 2 workers of 2 for evacuation
[28.955s][info][gc,phases   ] GC(69)   Pre Evacuate Collection Set: 0.29ms
[28.955s][info][gc,phases   ] GC(69)   Merge Heap Roots: 0.38ms
[28.955s][info][gc,phases   ] GC(69)   Evacuate Collection Set: 31.43ms
[28.955s][info][gc,phases   ] GC(69)   Post Evacuate Collection Set: 0.47ms
[28.955s][info][gc,phases   ] GC(69)   Other: 0.11ms
[28.955s][info][gc,heap     ] GC(69) Eden regions: 160->0(168)
[28.955s][info][gc,heap     ] GC(69) Survivor regions: 5->16(22)
[28.955s][info][gc,heap     ] GC(69) Old regions: 662->662
[28.955s][info][gc,heap     ] GC(69) Humongous regions: 8->8
[28.955s][info][gc,metaspace] GC(69) Metaspace: 17372K(17600K)->17372K(17600K) NonClass: 14756K(14912K)->14756K(14912K) Class: 2616K(2688K)->2616K(2688K)
[28.955s][info][gc          ] GC(69) Pause Young (Concurrent Start) (G1 Humongous Allocation) 833M->685M(943M) 32.878ms
[28.955s][info][gc          ] GC(70) Concurrent Mark Cycle
[28.955s][info][gc,marking  ] GC(70) Concurrent Scan Root Regions
[28.955s][info][gc,cpu      ] GC(69) User=0.06s Sys=0.00s Real=0.04s
[28.989s][info][gc,marking  ] GC(70) Concurrent Scan Root Regions 34.033ms
[28.989s][info][gc,marking  ] GC(70) Concurrent Mark
[28.989s][info][gc,marking  ] GC(70) Concurrent Mark From Roots
[28.989s][info][gc,task     ] GC(70) Using 1 workers of 1 for marking
[29.461s][info][gc,start    ] GC(71) Pause Young (Normal) (G1 Evacuation Pause)
[29.461s][info][gc,task     ] GC(71) Using 2 workers of 2 for evacuation
[29.533s][info][gc,phases   ] GC(71)   Pre Evacuate Collection Set: 0.28ms
[29.533s][info][gc,phases   ] GC(71)   Merge Heap Roots: 0.85ms
[29.533s][info][gc,phases   ] GC(71)   Evacuate Collection Set: 70.45ms
[29.533s][info][gc,phases   ] GC(71)   Post Evacuate Collection Set: 0.56ms
[29.533s][info][gc,phases   ] GC(71)   Other: 0.08ms
[29.533s][info][gc,heap     ] GC(71) Eden regions: 168->0(143)
[29.533s][info][gc,heap     ] GC(71) Survivor regions: 16->23(23)
[29.533s][info][gc,heap     ] GC(71) Old regions: 662->690
[29.533s][info][gc,heap     ] GC(71) Humongous regions: 11->11
[29.533s][info][gc,metaspace] GC(71) Metaspace: 17374K(17600K)->17374K(17600K) NonClass: 14758K(14912K)->14758K(14912K) Class: 2616K(2688K)->2616K(2688K)
[29.533s][info][gc          ] GC(71) Pause Young (Normal) (G1 Evacuation Pause) 856M->723M(943M) 72.479ms
[29.533s][info][gc,cpu      ] GC(71) User=0.14s Sys=0.00s Real=0.08s
[29.851s][info][gc,start    ] GC(72) Pause Young (Normal) (G1 Evacuation Pause)
[29.851s][info][gc,task     ] GC(72) Using 2 workers of 2 for evacuation
[29.909s][info][gc,phases   ] GC(72)   Pre Evacuate Collection Set: 0.29ms
[29.909s][info][gc,phases   ] GC(72)   Merge Heap Roots: 0.46ms
[29.909s][info][gc,phases   ] GC(72)   Evacuate Collection Set: 56.43ms
[29.909s][info][gc,phases   ] GC(72)   Post Evacuate Collection Set: 0.62ms
[29.909s][info][gc,phases   ] GC(72)   Other: 0.09ms
[29.909s][info][gc,heap     ] GC(72) Eden regions: 143->0(146)
[29.909s][info][gc,heap     ] GC(72) Survivor regions: 23->15(21)
[29.909s][info][gc,heap     ] GC(72) Old regions: 690->713
[29.909s][info][gc,heap     ] GC(72) Humongous regions: 11->11
[29.909s][info][gc,metaspace] GC(72) Metaspace: 17381K(17600K)->17381K(17600K) NonClass: 14764K(14912K)->14764K(14912K) Class: 2616K(2688K)->2616K(2688K)
[29.909s][info][gc          ] GC(72) Pause Young (Normal) (G1 Evacuation Pause) 866M->738M(957M) 58.151ms
[29.910s][info][gc,cpu      ] GC(72) User=0.11s Sys=0.00s Real=0.06s
[30.258s][info][gc,start    ] GC(73) Pause Young (Normal) (G1 Evacuation Pause)
[30.258s][info][gc,task     ] GC(73) Using 2 workers of 2 for evacuation
[30.279s][info][gc,phases   ] GC(73)   Pre Evacuate Collection Set: 0.35ms
[30.279s][info][gc,phases   ] GC(73)   Merge Heap Roots: 0.22ms
[30.279s][info][gc,phases   ] GC(73)   Evacuate Collection Set: 19.55ms
[30.279s][info][gc,phases   ] GC(73)   Post Evacuate Collection Set: 0.34ms
[30.279s][info][gc,phases   ] GC(73)   Other: 0.09ms
[30.279s][info][gc,heap     ] GC(73) Eden regions: 146->0(155)
[30.279s][info][gc,heap     ] GC(73) Survivor regions: 15->1(21)
[30.279s][info][gc,heap     ] GC(73) Old regions: 713->728
[30.279s][info][gc,heap     ] GC(73) Humongous regions: 11->11
[30.279s][info][gc,metaspace] GC(73) Metaspace: 17381K(17600K)->17381K(17600K) NonClass: 14764K(14912K)->14764K(14912K) Class: 2616K(2688K)->2616K(2688K)
[30.279s][info][gc          ] GC(73) Pause Young (Normal) (G1 Evacuation Pause) 884M->739M(957M) 20.782ms
[30.279s][info][gc,cpu      ] GC(73) User=0.04s Sys=0.00s Real=0.02s
[30.385s][info][gc,marking  ] GC(70) Concurrent Mark From Roots 1395.451ms
[30.385s][info][gc,marking  ] GC(70) Concurrent Preclean
[30.385s][info][gc,marking  ] GC(70) Concurrent Preclean 0.028ms
[30.385s][info][gc,start    ] GC(70) Pause Remark
[30.392s][info][gc          ] GC(70) Pause Remark 791M->688M(978M) 6.856ms
[30.392s][info][gc,cpu      ] GC(70) User=0.01s Sys=0.00s Real=0.00s
[30.392s][info][gc,marking  ] GC(70) Concurrent Mark 1402.808ms
[30.392s][info][gc,marking  ] GC(70) Concurrent Rebuild Remembered Sets and Scrub Regions
[30.591s][info][gc,start    ] GC(74) Pause Young (Normal) (G1 Evacuation Pause)
[30.591s][info][gc,task     ] GC(74) Using 2 workers of 2 for evacuation
[30.602s][info][gc,phases   ] GC(74)   Pre Evacuate Collection Set: 0.29ms
[30.602s][info][gc,phases   ] GC(74)   Merge Heap Roots: 0.16ms
[30.602s][info][gc,phases   ] GC(74)   Evacuate Collection Set: 9.67ms
[30.602s][info][gc,phases   ] GC(74)   Post Evacuate Collection Set: 0.33ms
[30.602s][info][gc,phases   ] GC(74)   Other: 0.12ms
[30.602s][info][gc,heap     ] GC(74) Eden regions: 155->0(231)
[30.602s][info][gc,heap     ] GC(74) Survivor regions: 1->5(20)
[30.602s][info][gc,heap     ] GC(74) Old regions: 629->629
[30.602s][info][gc,heap     ] GC(74) Humongous regions: 7->7
[30.602s][info][gc,metaspace] GC(74) Metaspace: 17381K(17600K)->17381K(17600K) NonClass: 14765K(14912K)->14765K(14912K) Class: 2616K(2688K)->2616K(2688K)
[30.602s][info][gc          ] GC(74) Pause Young (Normal) (G1 Evacuation Pause) 791M->640M(978M) 10.807ms
[30.602s][info][gc,cpu      ] GC(74) User=0.02s Sys=0.00s Real=0.01s
[30.880s][info][gc,marking  ] GC(70) Concurrent Rebuild Remembered Sets and Scrub Regions 488.240ms
[30.880s][info][gc,start    ] GC(70) Pause Cleanup
[30.881s][info][gc          ] GC(70) Pause Cleanup 737M->737M(978M) 0.183ms
[30.881s][info][gc,cpu      ] GC(70) User=0.00s Sys=0.00s Real=0.00s
[30.883s][info][gc,marking  ] GC(70) Concurrent Clear Claimed Marks
[30.883s][info][gc,marking  ] GC(70) Concurrent Clear Claimed Marks 0.031ms
[30.883s][info][gc,marking  ] GC(70) Concurrent Cleanup for Next Mark
[30.886s][info][gc,marking  ] GC(70) Concurrent Cleanup for Next Mark 3.205ms
[30.886s][info][gc          ] GC(70) Concurrent Mark Cycle 1931.133ms
[31.125s][info][gc,start    ] GC(75) Pause Young (Prepare Mixed) (G1 Evacuation Pause)
[31.125s][info][gc,task     ] GC(75) Using 2 workers of 2 for evacuation
[31.164s][info][gc,phases   ] GC(75)   Pre Evacuate Collection Set: 0.50ms
[31.164s][info][gc,phases   ] GC(75)   Merge Heap Roots: 0.28ms
[31.164s][info][gc,phases   ] GC(75)   Evacuate Collection Set: 37.05ms
[31.164s][info][gc,phases   ] GC(75)   Post Evacuate Collection Set: 0.43ms
[31.164s][info][gc,phases   ] GC(75)   Other: 0.13ms
[31.164s][info][gc,heap     ] GC(75) Eden regions: 231->0(215)
[31.164s][info][gc,heap     ] GC(75) Survivor regions: 5->30(30)
[31.164s][info][gc,heap     ] GC(75) Old regions: 629->630
[31.164s][info][gc,heap     ] GC(75) Humongous regions: 7->7
[31.164s][info][gc,metaspace] GC(75) Metaspace: 17382K(17600K)->17382K(17600K) NonClass: 14765K(14912K)->14765K(14912K) Class: 2616K(2688K)->2616K(2688K)
[31.164s][info][gc          ] GC(75) Pause Young (Prepare Mixed) (G1 Evacuation Pause) 871M->666M(978M) 38.634ms
[31.164s][info][gc,cpu      ] GC(75) User=0.07s Sys=0.00s Real=0.04s
[31.792s][info][gc,start    ] GC(76) Pause Young (Mixed) (G1 Evacuation Pause)
[31.792s][info][gc,task     ] GC(76) Using 2 workers of 2 for evacuation
[31.825s][info][gc,phases   ] GC(76)   Pre Evacuate Collection Set: 0.52ms
[31.825s][info][gc,phases   ] GC(76)   Merge Heap Roots: 0.25ms
[31.825s][info][gc,phases   ] GC(76)   Evacuate Collection Set: 31.64ms
[31.825s][info][gc,phases   ] GC(76)   Post Evacuate Collection Set: 0.46ms
[31.825s][info][gc,phases   ] GC(76)   Other: 0.10ms
[31.825s][info][gc,heap     ] GC(76) Eden regions: 215->0(295)
[31.825s][info][gc,heap     ] GC(76) Survivor regions: 30->1(31)
[31.825s][info][gc,heap     ] GC(76) Old regions: 630->562
[31.825s][info][gc,heap     ] GC(76) Humongous regions: 7->7
[31.825s][info][gc,metaspace] GC(76) Metaspace: 17382K(17600K)->17382K(17600K) NonClass: 14766K(14912K)->14766K(14912K) Class: 2616K(2688K)->2616K(2688K)
[31.825s][info][gc          ] GC(76) Pause Young (Mixed) (G1 Evacuation Pause) 881M->570M(978M) 33.178ms
[31.825s][info][gc,cpu      ] GC(76) User=0.06s Sys=0.00s Real=0.04s
[32.641s][info][gc,start    ] GC(77) Pause Young (Mixed) (G1 Evacuation Pause)
[32.641s][info][gc,task     ] GC(77) Using 2 workers of 2 for evacuation
[32.663s][info][gc,phases   ] GC(77)   Pre Evacuate Collection Set: 0.48ms
[32.663s][info][gc,phases   ] GC(77)   Merge Heap Roots: 0.56ms
[32.663s][info][gc,phases   ] GC(77)   Evacuate Collection Set: 19.87ms
[32.663s][info][gc,phases   ] GC(77)   Post Evacuate Collection Set: 0.47ms
[32.663s][info][gc,phases   ] GC(77)   Other: 0.09ms
[32.663s][info][gc,heap     ] GC(77) Eden regions: 295->0(318)
[32.663s][info][gc,heap     ] GC(77) Survivor regions: 1->2(37)
[32.663s][info][gc,heap     ] GC(77) Old regions: 562->553
[32.663s][info][gc,heap     ] GC(77) Humongous regions: 7->7
[32.663s][info][gc,metaspace] GC(77) Metaspace: 17382K(17600K)->17382K(17600K) NonClass: 14766K(14912K)->14766K(14912K) Class: 2616K(2688K)->2616K(2688K)
[32.663s][info][gc          ] GC(77) Pause Young (Mixed) (G1 Evacuation Pause) 865M->561M(978M) 21.656ms
[32.663s][info][gc,cpu      ] GC(77) User=0.04s Sys=0.00s Real=0.02s
[33.168s][info][gc,start    ] GC(78) Pause Young (Concurrent Start) (G1 Evacuation Pause)
[33.168s][info][gc,task     ] GC(78) Using 2 workers of 2 for evacuation
[33.236s][info][gc,phases   ] GC(78)   Pre Evacuate Collection Set: 0.29ms
[33.236s][info][gc,phases   ] GC(78)   Merge Heap Roots: 0.14ms
[33.236s][info][gc,phases   ] GC(78)   Evacuate Collection Set: 66.85ms
[33.236s][info][gc,phases   ] GC(78)   Post Evacuate Collection Set: 0.69ms
[33.236s][info][gc,phases   ] GC(78)   Other: 0.11ms
[33.236s][info][gc,heap     ] GC(78) Eden regions: 318->0(246)
[33.236s][info][gc,heap     ] GC(78) Survivor regions: 2->40(40)
[33.236s][info][gc,heap     ] GC(78) Old regions: 553->588
[33.236s][info][gc,heap     ] GC(78) Humongous regions: 7->7
[33.237s][info][gc,metaspace] GC(78) Metaspace: 17384K(17600K)->17384K(17600K) NonClass: 14768K(14912K)->14768K(14912K) Class: 2616K(2688K)->2616K(2688K)
[33.237s][info][gc          ] GC(78) Pause Young (Concurrent Start) (G1 Evacuation Pause) 879M->634M(978M) 68.311ms
[33.237s][info][gc          ] GC(79) Concurrent Mark Cycle
[33.237s][info][gc,marking  ] GC(79) Concurrent Scan Root Regions
[33.239s][info][gc,cpu      ] GC(78) User=0.14s Sys=0.00s Real=0.07s
[33.306s][info][gc,marking  ] GC(79) Concurrent Scan Root Regions 69.581ms
[33.306s][info][gc,marking  ] GC(79) Concurrent Mark
[33.306s][info][gc,marking  ] GC(79) Concurrent Mark From Roots
[33.306s][info][gc,task     ] GC(79) Using 1 workers of 1 for marking
[33.765s][info][gc,start    ] GC(80) Pause Young (Normal) (G1 Evacuation Pause)
[33.765s][info][gc,task     ] GC(80) Using 2 workers of 2 for evacuation
[33.871s][info][gc,phases   ] GC(80)   Pre Evacuate Collection Set: 0.30ms
[33.871s][info][gc,phases   ] GC(80)   Merge Heap Roots: 0.40ms
[33.871s][info][gc,phases   ] GC(80)   Evacuate Collection Set: 104.86ms
[33.871s][info][gc,phases   ] GC(80)   Post Evacuate Collection Set: 0.59ms
[33.871s][info][gc,phases   ] GC(80)   Other: 0.09ms
[33.871s][info][gc,heap     ] GC(80) Eden regions: 246->0(200)
[33.871s][info][gc,heap     ] GC(80) Survivor regions: 40->36(36)
[33.871s][info][gc,heap     ] GC(80) Old regions: 588->639
[33.871s][info][gc,heap     ] GC(80) Humongous regions: 10->10
[33.871s][info][gc,metaspace] GC(80) Metaspace: 17385K(17600K)->17385K(17600K) NonClass: 14769K(14912K)->14769K(14912K) Class: 2616K(2688K)->2616K(2688K)
[33.871s][info][gc          ] GC(80) Pause Young (Normal) (G1 Evacuation Pause) 883M->684M(978M) 106.499ms
[33.871s][info][gc,cpu      ] GC(80) User=0.21s Sys=0.00s Real=0.10s
[34.153s][info][gc,start    ] GC(81) Pause Young (Normal) (G1 Evacuation Pause)
[34.153s][info][gc,task     ] GC(81) Using 2 workers of 2 for evacuation
[34.211s][info][gc,phases   ] GC(81)   Pre Evacuate Collection Set: 0.51ms
[34.211s][info][gc,phases   ] GC(81)   Merge Heap Roots: 0.34ms
[34.211s][info][gc,phases   ] GC(81)   Evacuate Collection Set: 57.16ms
[34.211s][info][gc,phases   ] GC(81)   Post Evacuate Collection Set: 0.42ms
[34.211s][info][gc,phases   ] GC(81)   Other: 0.09ms
[34.211s][info][gc,heap     ] GC(81) Eden regions: 200->0(202)
[34.211s][info][gc,heap     ] GC(81) Survivor regions: 36->10(30)
[34.211s][info][gc,heap     ] GC(81) Old regions: 639->675
[34.211s][info][gc,heap     ] GC(81) Humongous regions: 10->10
[34.211s][info][gc,metaspace] GC(81) Metaspace: 17385K(17600K)->17385K(17600K) NonClass: 14769K(14912K)->14769K(14912K) Class: 2616K(2688K)->2616K(2688K)
[34.211s][info][gc          ] GC(81) Pause Young (Normal) (G1 Evacuation Pause) 884M->695M(978M) 58.755ms
[34.211s][info][gc,cpu      ] GC(81) User=0.12s Sys=0.00s Real=0.06s
[34.596s][info][gc,start    ] GC(82) Pause Young (Normal) (G1 Evacuation Pause)
[34.596s][info][gc,task     ] GC(82) Using 2 workers of 2 for evacuation
[34.618s][info][gc,phases   ] GC(82)   Pre Evacuate Collection Set: 0.52ms
[34.618s][info][gc,phases   ] GC(82)   Merge Heap Roots: 0.24ms
[34.618s][info][gc,phases   ] GC(82)   Evacuate Collection Set: 20.22ms
[34.618s][info][gc,phases   ] GC(82)   Post Evacuate Collection Set: 0.39ms
[34.618s][info][gc,phases   ] GC(82)   Other: 0.09ms
[34.618s][info][gc,heap     ] GC(82) Eden regions: 202->0(208)
[34.618s][info][gc,heap     ] GC(82) Survivor regions: 10->14(27)
[34.618s][info][gc,heap     ] GC(82) Old regions: 675->675
[34.618s][info][gc,heap     ] GC(82) Humongous regions: 10->10
[34.618s][info][gc,metaspace] GC(82) Metaspace: 17386K(17600K)->17386K(17600K) NonClass: 14770K(14912K)->14770K(14912K) Class: 2616K(2688K)->2616K(2688K)
[34.618s][info][gc          ] GC(82) Pause Young (Normal) (G1 Evacuation Pause) 897M->698M(978M) 21.652ms
[34.618s][info][gc,cpu      ] GC(82) User=0.04s Sys=0.00s Real=0.02s
[35.156s][info][gc,marking  ] GC(79) Concurrent Mark From Roots 1849.856ms
[35.156s][info][gc,marking  ] GC(79) Concurrent Preclean
[35.156s][info][gc,marking  ] GC(79) Concurrent Preclean 0.027ms
[35.156s][info][gc,start    ] GC(79) Pause Remark
[35.163s][info][gc          ] GC(79) Pause Remark 903M->893M(978M) 6.461ms
[35.163s][info][gc,cpu      ] GC(79) User=0.01s Sys=0.00s Real=0.00s
[35.163s][info][gc,marking  ] GC(79) Concurrent Mark 1856.628ms
[35.163s][info][gc,marking  ] GC(79) Concurrent Rebuild Remembered Sets and Scrub Regions
[35.179s][info][gc,start    ] GC(83) Pause Young (Normal) (G1 Evacuation Pause)
[35.179s][info][gc,task     ] GC(83) Using 2 workers of 2 for evacuation
[35.238s][info][gc,phases   ] GC(83)   Pre Evacuate Collection Set: 0.41ms
[35.238s][info][gc,phases   ] GC(83)   Merge Heap Roots: 0.80ms
[35.238s][info][gc,phases   ] GC(83)   Evacuate Collection Set: 57.33ms
[35.238s][info][gc,phases   ] GC(83)   Post Evacuate Collection Set: 0.44ms
[35.238s][info][gc,phases   ] GC(83)   Other: 0.07ms
[35.238s][info][gc,heap     ] GC(83) Eden regions: 208->0(185)
[35.238s][info][gc,heap     ] GC(83) Survivor regions: 14->28(28)
[35.238s][info][gc,heap     ] GC(83) Old regions: 666->678
[35.238s][info][gc,heap     ] GC(83) Humongous regions: 9->9
[35.238s][info][gc,metaspace] GC(83) Metaspace: 17386K(17600K)->17386K(17600K) NonClass: 14770K(14912K)->14770K(14912K) Class: 2616K(2688K)->2616K(2688K)
[35.238s][info][gc          ] GC(83) Pause Young (Normal) (G1 Evacuation Pause) 896M->715M(978M) 59.290ms
[35.238s][info][gc,cpu      ] GC(83) User=0.11s Sys=0.00s Real=0.06s
[35.908s][info][gc,marking  ] GC(79) Concurrent Rebuild Remembered Sets and Scrub Regions 745.081ms
[35.909s][info][gc,start    ] GC(79) Pause Cleanup
[35.909s][info][gc          ] GC(79) Pause Cleanup 885M->885M(978M) 0.124ms
[35.909s][info][gc,cpu      ] GC(79) User=0.00s Sys=0.00s Real=0.00s
[35.909s][info][gc,marking  ] GC(79) Concurrent Clear Claimed Marks
[35.909s][info][gc,marking  ] GC(79) Concurrent Clear Claimed Marks 0.040ms
[35.909s][info][gc,marking  ] GC(79) Concurrent Cleanup for Next Mark
[35.914s][info][gc,marking  ] GC(79) Concurrent Cleanup for Next Mark 4.882ms
[35.914s][info][gc          ] GC(79) Concurrent Mark Cycle 2677.579ms
[35.943s][info][gc,start    ] GC(84) Pause Young (Prepare Mixed) (G1 Evacuation Pause)
[35.943s][info][gc,task     ] GC(84) Using 2 workers of 2 for evacuation
[35.986s][info][gc,phases   ] GC(84)   Pre Evacuate Collection Set: 0.46ms
[35.986s][info][gc,phases   ] GC(84)   Merge Heap Roots: 0.27ms
[35.986s][info][gc,phases   ] GC(84)   Evacuate Collection Set: 41.81ms
[35.986s][info][gc,phases   ] GC(84)   Post Evacuate Collection Set: 0.39ms
[35.986s][info][gc,phases   ] GC(84)   Other: 0.08ms
[35.986s][info][gc,heap     ] GC(84) Eden regions: 185->0(186)
[35.986s][info][gc,heap     ] GC(84) Survivor regions: 28->13(27)
[35.986s][info][gc,heap     ] GC(84) Old regions: 678->707
[35.986s][info][gc,heap     ] GC(84) Humongous regions: 9->9
[35.986s][info][gc,metaspace] GC(84) Metaspace: 17404K(17664K)->17404K(17664K) NonClass: 14786K(14912K)->14786K(14912K) Class: 2618K(2752K)->2618K(2752K)
[35.986s][info][gc          ] GC(84) Pause Young (Prepare Mixed) (G1 Evacuation Pause) 900M->728M(978M) 43.177ms
[35.986s][info][gc,cpu      ] GC(84) User=0.08s Sys=0.00s Real=0.04s
[36.314s][info][gc,start    ] GC(85) Pause Young (Mixed) (G1 Evacuation Pause)
[36.314s][info][gc,task     ] GC(85) Using 2 workers of 2 for evacuation
[36.336s][info][gc,phases   ] GC(85)   Pre Evacuate Collection Set: 0.31ms
[36.336s][info][gc,phases   ] GC(85)   Merge Heap Roots: 0.17ms
[36.336s][info][gc,phases   ] GC(85)   Evacuate Collection Set: 20.69ms
[36.336s][info][gc,phases   ] GC(85)   Post Evacuate Collection Set: 0.44ms
[36.336s][info][gc,phases   ] GC(85)   Other: 0.12ms
[36.336s][info][gc,heap     ] GC(85) Eden regions: 186->0(187)
[36.336s][info][gc,heap     ] GC(85) Survivor regions: 13->19(25)
[36.336s][info][gc,heap     ] GC(85) Old regions: 707->694
[36.336s][info][gc,heap     ] GC(85) Humongous regions: 9->9
[36.336s][info][gc,metaspace] GC(85) Metaspace: 17434K(17664K)->17434K(17664K) NonClass: 14814K(14912K)->14814K(14912K) Class: 2620K(2752K)->2620K(2752K)
[36.336s][info][gc          ] GC(85) Pause Young (Mixed) (G1 Evacuation Pause) 914M->721M(978M) 21.953ms
[36.336s][info][gc,cpu      ] GC(85) User=0.05s Sys=0.00s Real=0.02s
[36.656s][info][gc,start    ] GC(86) Pause Young (Concurrent Start) (G1 Evacuation Pause)
[36.656s][info][gc,task     ] GC(86) Using 2 workers of 2 for evacuation
[36.698s][info][gc,phases   ] GC(86)   Pre Evacuate Collection Set: 0.38ms
[36.698s][info][gc,phases   ] GC(86)   Merge Heap Roots: 0.12ms
[36.698s][info][gc,phases   ] GC(86)   Evacuate Collection Set: 40.63ms
[36.698s][info][gc,phases   ] GC(86)   Post Evacuate Collection Set: 0.44ms
[36.698s][info][gc,phases   ] GC(86)   Other: 0.24ms
[36.698s][info][gc,heap     ] GC(86) Eden regions: 187->0(162)
[36.698s][info][gc,heap     ] GC(86) Survivor regions: 19->25(26)
[36.698s][info][gc,heap     ] GC(86) Old regions: 694->707
[36.698s][info][gc,heap     ] GC(86) Humongous regions: 9->9
[36.698s][info][gc,metaspace] GC(86) Metaspace: 17471K(17664K)->17471K(17664K) NonClass: 14845K(14912K)->14845K(14912K) Class: 2626K(2752K)->2626K(2752K)
[36.698s][info][gc          ] GC(86) Pause Young (Concurrent Start) (G1 Evacuation Pause) 908M->740M(978M) 42.079ms
[36.698s][info][gc,cpu      ] GC(86) User=0.09s Sys=0.00s Real=0.04s
[36.698s][info][gc          ] GC(87) Concurrent Mark Cycle
[36.700s][info][gc,marking  ] GC(87) Concurrent Scan Root Regions
[36.749s][info][gc,marking  ] GC(87) Concurrent Scan Root Regions 49.333ms
[36.749s][info][gc,marking  ] GC(87) Concurrent Mark
[36.749s][info][gc,marking  ] GC(87) Concurrent Mark From Roots
[36.749s][info][gc,task     ] GC(87) Using 1 workers of 1 for marking
[37.119s][info][gc,start    ] GC(88) Pause Young (Normal) (G1 Evacuation Pause)
[37.119s][info][gc,task     ] GC(88) Using 2 workers of 2 for evacuation
[37.151s][info][gc,phases   ] GC(88)   Pre Evacuate Collection Set: 0.52ms
[37.151s][info][gc,phases   ] GC(88)   Merge Heap Roots: 0.14ms
[37.151s][info][gc,phases   ] GC(88)   Evacuate Collection Set: 30.98ms
[37.151s][info][gc,phases   ] GC(88)   Post Evacuate Collection Set: 0.38ms
[37.151s][info][gc,phases   ] GC(88)   Other: 0.09ms
[37.151s][info][gc,heap     ] GC(88) Eden regions: 162->0(177)
[37.152s][info][gc,heap     ] GC(88) Survivor regions: 25->5(24)
[37.152s][info][gc,heap     ] GC(88) Old regions: 707->732
[37.152s][info][gc,heap     ] GC(88) Humongous regions: 9->9
[37.152s][info][gc,metaspace] GC(88) Metaspace: 17503K(17728K)->17503K(17728K) NonClass: 14876K(14976K)->14876K(14976K) Class: 2627K(2752K)->2627K(2752K)
[37.152s][info][gc          ] GC(88) Pause Young (Normal) (G1 Evacuation Pause) 902M->745M(978M) 32.298ms
[37.152s][info][gc,cpu      ] GC(88) User=0.06s Sys=0.00s Real=0.03s
[37.854s][info][gc,start    ] GC(89) Pause Young (Normal) (G1 Evacuation Pause)
[37.854s][info][gc,task     ] GC(89) Using 2 workers of 2 for evacuation
[37.868s][info][gc,phases   ] GC(89)   Pre Evacuate Collection Set: 0.29ms
[37.868s][info][gc,phases   ] GC(89)   Merge Heap Roots: 0.11ms
[37.868s][info][gc,phases   ] GC(89)   Evacuate Collection Set: 12.87ms
[37.868s][info][gc,phases   ] GC(89)   Post Evacuate Collection Set: 0.35ms
[37.868s][info][gc,phases   ] GC(89)   Other: 0.07ms
[37.868s][info][gc,heap     ] GC(89) Eden regions: 177->0(167)
[37.868s][info][gc,heap     ] GC(89) Survivor regions: 5->10(23)
[37.868s][info][gc,heap     ] GC(89) Old regions: 732->732
[37.868s][info][gc,heap     ] GC(89) Humongous regions: 9->9
[37.868s][info][gc,metaspace] GC(89) Metaspace: 17516K(17728K)->17516K(17728K) NonClass: 14889K(14976K)->14889K(14976K) Class: 2627K(2752K)->2627K(2752K)
[37.868s][info][gc          ] GC(89) Pause Young (Normal) (G1 Evacuation Pause) 922M->750M(978M) 13.899ms
[37.868s][info][gc,cpu      ] GC(89) User=0.03s Sys=0.00s Real=0.01s
[38.261s][info][gc,start    ] GC(90) Pause Young (Normal) (G1 Evacuation Pause)
[38.261s][info][gc,task     ] GC(90) Using 2 workers of 2 for evacuation
[38.284s][info][gc,phases   ] GC(90)   Pre Evacuate Collection Set: 0.27ms
[38.284s][info][gc,phases   ] GC(90)   Merge Heap Roots: 0.11ms
[38.284s][info][gc,phases   ] GC(90)   Evacuate Collection Set: 22.39ms
[38.284s][info][gc,phases   ] GC(90)   Post Evacuate Collection Set: 0.41ms
[38.284s][info][gc,phases   ] GC(90)   Other: 0.08ms
[38.284s][info][gc,heap     ] GC(90) Eden regions: 167->0(143)
[38.284s][info][gc,heap     ] GC(90) Survivor regions: 10->22(23)
[38.284s][info][gc,heap     ] GC(90) Old regions: 732->732
[38.284s][info][gc,heap     ] GC(90) Humongous regions: 9->9
[38.284s][info][gc,metaspace] GC(90) Metaspace: 17517K(17728K)->17517K(17728K) NonClass: 14890K(14976K)->14890K(14976K) Class: 2627K(2752K)->2627K(2752K)
[38.284s][info][gc          ] GC(90) Pause Young (Normal) (G1 Evacuation Pause) 917M->762M(978M) 23.494ms
[38.284s][info][gc,cpu      ] GC(90) User=0.05s Sys=0.00s Real=0.03s
[38.535s][info][gc,marking  ] GC(87) Concurrent Mark From Roots 1785.481ms
[38.535s][info][gc,marking  ] GC(87) Concurrent Preclean
[38.535s][info][gc,marking  ] GC(87) Concurrent Preclean 0.045ms
[38.536s][info][gc,start    ] GC(87) Pause Remark
[38.545s][info][gc          ] GC(87) Pause Remark 863M->740M(978M) 8.828ms
[38.545s][info][gc,cpu      ] GC(87) User=0.01s Sys=0.00s Real=0.01s
[38.545s][info][gc,marking  ] GC(87) Concurrent Mark 1796.050ms
[38.545s][info][gc,marking  ] GC(87) Concurrent Rebuild Remembered Sets and Scrub Regions
[38.581s][info][gc,start    ] GC(91) Pause Young (Normal) (G1 Evacuation Pause)
[38.581s][info][gc,task     ] GC(91) Using 2 workers of 2 for evacuation
[38.646s][info][gc,phases   ] GC(91)   Pre Evacuate Collection Set: 0.42ms
[38.646s][info][gc,phases   ] GC(91)   Merge Heap Roots: 0.17ms
[38.646s][info][gc,phases   ] GC(91)   Evacuate Collection Set: 63.63ms
[38.646s][info][gc,phases   ] GC(91)   Post Evacuate Collection Set: 0.49ms
[38.646s][info][gc,phases   ] GC(91)   Other: 0.09ms
[38.646s][info][gc,heap     ] GC(91) Eden regions: 143->0(199)
[38.646s][info][gc,heap     ] GC(91) Survivor regions: 22->21(21)
[38.646s][info][gc,heap     ] GC(91) Old regions: 612->660
[38.646s][info][gc,heap     ] GC(91) Humongous regions: 6->6
[38.646s][info][gc,metaspace] GC(91) Metaspace: 17517K(17728K)->17517K(17728K) NonClass: 14890K(14976K)->14890K(14976K) Class: 2627K(2752K)->2627K(2752K)
[38.646s][info][gc          ] GC(91) Pause Young (Normal) (G1 Evacuation Pause) 782M->686M(978M) 65.015ms
[38.646s][info][gc,cpu      ] GC(91) User=0.13s Sys=0.00s Real=0.07s
[39.128s][info][gc,start    ] GC(92) Pause Young (Normal) (G1 Evacuation Pause)
[39.128s][info][gc,task     ] GC(92) Using 2 workers of 2 for evacuation
[39.173s][info][gc,phases   ] GC(92)   Pre Evacuate Collection Set: 0.29ms
[39.173s][info][gc,phases   ] GC(92)   Merge Heap Roots: 0.33ms
[39.173s][info][gc,phases   ] GC(92)   Evacuate Collection Set: 44.25ms
[39.173s][info][gc,phases   ] GC(92)   Post Evacuate Collection Set: 0.41ms
[39.173s][info][gc,phases   ] GC(92)   Other: 0.12ms
[39.173s][info][gc,heap     ] GC(92) Eden regions: 199->0(184)
[39.173s][info][gc,heap     ] GC(92) Survivor regions: 21->25(28)
[39.173s][info][gc,heap     ] GC(92) Old regions: 660->681
[39.173s][info][gc,heap     ] GC(92) Humongous regions: 6->6
[39.173s][info][gc,metaspace] GC(92) Metaspace: 17517K(17728K)->17517K(17728K) NonClass: 14890K(14976K)->14890K(14976K) Class: 2627K(2752K)->2627K(2752K)
[39.173s][info][gc          ] GC(92) Pause Young (Normal) (G1 Evacuation Pause) 885M->712M(978M) 45.659ms
[39.173s][info][gc,cpu      ] GC(92) User=0.09s Sys=0.00s Real=0.05s
[39.231s][info][gc,marking  ] GC(87) Concurrent Rebuild Remembered Sets and Scrub Regions 685.542ms
[39.231s][info][gc,start    ] GC(87) Pause Cleanup
[39.231s][info][gc          ] GC(87) Pause Cleanup 732M->732M(978M) 0.140ms
[39.231s][info][gc,cpu      ] GC(87) User=0.01s Sys=0.00s Real=0.00s
[39.231s][info][gc,marking  ] GC(87) Concurrent Clear Claimed Marks
[39.231s][info][gc,marking  ] GC(87) Concurrent Clear Claimed Marks 0.030ms
[39.231s][info][gc,marking  ] GC(87) Concurrent Cleanup for Next Mark
[39.238s][info][gc,marking  ] GC(87) Concurrent Cleanup for Next Mark 6.864ms
[39.238s][info][gc          ] GC(87) Concurrent Mark Cycle 2540.461ms
[39.465s][info][gc,start    ] GC(93) Pause Young (Prepare Mixed) (G1 Evacuation Pause)
[39.465s][info][gc,task     ] GC(93) Using 2 workers of 2 for evacuation
[39.541s][info][gc,phases   ] GC(93)   Pre Evacuate Collection Set: 0.52ms
[39.541s][info][gc,phases   ] GC(93)   Merge Heap Roots: 0.32ms
[39.541s][info][gc,phases   ] GC(93)   Evacuate Collection Set: 74.49ms
[39.541s][info][gc,phases   ] GC(93)   Post Evacuate Collection Set: 0.52ms
[39.541s][info][gc,phases   ] GC(93)   Other: 0.10ms
[39.541s][info][gc,heap     ] GC(93) Eden regions: 184->0(148)
[39.541s][info][gc,heap     ] GC(93) Survivor regions: 25->27(27)
[39.541s][info][gc,heap     ] GC(93) Old regions: 681->716
[39.541s][info][gc,heap     ] GC(93) Humongous regions: 9->9
[39.541s][info][gc,metaspace] GC(93) Metaspace: 17519K(17728K)->17519K(17728K) NonClass: 14892K(14976K)->14892K(14976K) Class: 2627K(2752K)->2627K(2752K)
[39.541s][info][gc          ] GC(93) Pause Young (Prepare Mixed) (G1 Evacuation Pause) 899M->751M(978M) 76.229ms
[39.541s][info][gc,cpu      ] GC(93) User=0.15s Sys=0.00s Real=0.07s
[39.741s][info][gc,start    ] GC(94) Pause Young (Mixed) (G1 Evacuation Pause)
[39.741s][info][gc,task     ] GC(94) Using 2 workers of 2 for evacuation
[39.812s][info][gc,phases   ] GC(94)   Pre Evacuate Collection Set: 0.41ms
[39.812s][info][gc,phases   ] GC(94)   Merge Heap Roots: 0.69ms
[39.812s][info][gc,phases   ] GC(94)   Evacuate Collection Set: 69.65ms
[39.812s][info][gc,phases   ] GC(94)   Post Evacuate Collection Set: 0.42ms
[39.812s][info][gc,phases   ] GC(94)   Other: 0.09ms
[39.812s][info][gc,heap     ] GC(94) Eden regions: 148->0(161)
[39.812s][info][gc,heap     ] GC(94) Survivor regions: 27->18(22)
[39.812s][info][gc,heap     ] GC(94) Old regions: 716->710
[39.812s][info][gc,heap     ] GC(94) Humongous regions: 9->9
[39.812s][info][gc,metaspace] GC(94) Metaspace: 17519K(17728K)->17519K(17728K) NonClass: 14892K(14976K)->14892K(14976K) Class: 2627K(2752K)->2627K(2752K)
[39.812s][info][gc          ] GC(94) Pause Young (Mixed) (G1 Evacuation Pause) 899M->737M(978M) 71.490ms
[39.812s][info][gc,cpu      ] GC(94) User=0.14s Sys=0.00s Real=0.07s
[39.973s][info][gc,start    ] GC(95) Pause Young (Concurrent Start) (G1 Evacuation Pause)
[39.973s][info][gc,task     ] GC(95) Using 2 workers of 2 for evacuation
[39.996s][info][gc,phases   ] GC(95)   Pre Evacuate Collection Set: 0.34ms
[39.996s][info][gc,phases   ] GC(95)   Merge Heap Roots: 0.20ms
[39.996s][info][gc,phases   ] GC(95)   Evacuate Collection Set: 22.34ms
[39.996s][info][gc,phases   ] GC(95)   Post Evacuate Collection Set: 0.35ms
[39.996s][info][gc,phases   ] GC(95)   Other: 0.22ms
[39.996s][info][gc,heap     ] GC(95) Eden regions: 161->0(172)
[39.996s][info][gc,heap     ] GC(95) Survivor regions: 18->1(23)
[39.996s][info][gc,heap     ] GC(95) Old regions: 710->728
[39.996s][info][gc,heap     ] GC(95) Humongous regions: 9->9
[39.996s][info][gc,metaspace] GC(95) Metaspace: 17519K(17728K)->17519K(17728K) NonClass: 14892K(14976K)->14892K(14976K) Class: 2627K(2752K)->2627K(2752K)
[39.996s][info][gc          ] GC(95) Pause Young (Concurrent Start) (G1 Evacuation Pause) 898M->738M(978M) 23.668ms
[39.996s][info][gc,cpu      ] GC(95) User=0.05s Sys=0.00s Real=0.03s
[39.996s][info][gc          ] GC(96) Concurrent Mark Cycle
[39.996s][info][gc,marking  ] GC(96) Concurrent Scan Root Regions
[40.030s][info][gc,marking  ] GC(96) Concurrent Scan Root Regions 33.289ms
[40.030s][info][gc,marking  ] GC(96) Concurrent Mark
[40.030s][info][gc,marking  ] GC(96) Concurrent Mark From Roots
[40.030s][info][gc,task     ] GC(96) Using 1 workers of 1 for marking
[40.395s][info][gc,start    ] GC(97) Pause Young (Normal) (G1 Evacuation Pause)
[40.395s][info][gc,task     ] GC(97) Using 2 workers of 2 for evacuation
[40.412s][info][gc,phases   ] GC(97)   Pre Evacuate Collection Set: 0.30ms
[40.412s][info][gc,phases   ] GC(97)   Merge Heap Roots: 0.27ms
[40.412s][info][gc,phases   ] GC(97)   Evacuate Collection Set: 16.35ms
[40.413s][info][gc,phases   ] GC(97)   Post Evacuate Collection Set: 0.39ms
[40.413s][info][gc,phases   ] GC(97)   Other: 0.09ms
[40.413s][info][gc,heap     ] GC(97) Eden regions: 172->0(169)
[40.413s][info][gc,heap     ] GC(97) Survivor regions: 1->11(22)
[40.413s][info][gc,heap     ] GC(97) Old regions: 728->728
[40.413s][info][gc,heap     ] GC(97) Humongous regions: 9->9
[40.413s][info][gc,metaspace] GC(97) Metaspace: 17519K(17728K)->17519K(17728K) NonClass: 14892K(14976K)->14892K(14976K) Class: 2627K(2752K)->2627K(2752K)
[40.413s][info][gc          ] GC(97) Pause Young (Normal) (G1 Evacuation Pause) 910M->747M(978M) 17.625ms
[40.413s][info][gc,cpu      ] GC(97) User=0.03s Sys=0.00s Real=0.01s
[40.828s][info][gc,start    ] GC(98) Pause Young (Normal) (G1 Evacuation Pause)
[40.828s][info][gc,task     ] GC(98) Using 2 workers of 2 for evacuation
[40.906s][info][gc,phases   ] GC(98)   Pre Evacuate Collection Set: 0.49ms
[40.906s][info][gc,phases   ] GC(98)   Merge Heap Roots: 0.17ms
[40.906s][info][gc,phases   ] GC(98)   Evacuate Collection Set: 76.01ms
[40.906s][info][gc,phases   ] GC(98)   Post Evacuate Collection Set: 1.37ms
[40.906s][info][gc,phases   ] GC(98)   Other: 0.10ms
[40.907s][info][gc,heap     ] GC(98) Eden regions: 169->0(107)
[40.907s][info][gc,heap     ] GC(98) Survivor regions: 11->23(23)
[40.907s][info][gc,heap     ] GC(98) Old regions: 728->766
[40.907s][info][gc,heap     ] GC(98) Humongous regions: 9->9
[40.907s][info][gc,metaspace] GC(98) Metaspace: 17520K(17728K)->17520K(17728K) NonClass: 14893K(14976K)->14893K(14976K) Class: 2627K(2752K)->2627K(2752K)
[40.907s][info][gc          ] GC(98) Pause Young (Normal) (G1 Evacuation Pause) 916M->797M(978M) 78.412ms
[40.907s][info][gc,cpu      ] GC(98) User=0.16s Sys=0.00s Real=0.08s
[41.129s][info][gc,start    ] GC(99) Pause Young (Normal) (G1 Evacuation Pause)
[41.129s][info][gc,task     ] GC(99) Using 2 workers of 2 for evacuation
[41.189s][info][gc,phases   ] GC(99)   Pre Evacuate Collection Set: 0.55ms
[41.189s][info][gc,phases   ] GC(99)   Merge Heap Roots: 0.44ms
[41.189s][info][gc,phases   ] GC(99)   Evacuate Collection Set: 58.41ms
[41.189s][info][gc,phases   ] GC(99)   Post Evacuate Collection Set: 0.38ms
[41.189s][info][gc,phases   ] GC(99)   Other: 0.09ms
[41.189s][info][gc,heap     ] GC(99) Eden regions: 107->0(98)
[41.189s][info][gc,heap     ] GC(99) Survivor regions: 23->16(17)
[41.189s][info][gc,heap     ] GC(99) Old regions: 766->789
[41.189s][info][gc,heap     ] GC(99) Humongous regions: 9->9
[41.189s][info][gc,metaspace] GC(99) Metaspace: 17520K(17728K)->17520K(17728K) NonClass: 14893K(14976K)->14893K(14976K) Class: 2627K(2752K)->2627K(2752K)
[41.189s][info][gc          ] GC(99) Pause Young (Normal) (G1 Evacuation Pause) 904M->814M(978M) 60.098ms
[41.189s][info][gc,cpu      ] GC(99) User=0.12s Sys=0.00s Real=0.06s
[41.223s][info][gc,marking  ] GC(96) Concurrent Mark From Roots 1193.678ms
[41.223s][info][gc,marking  ] GC(96) Concurrent Preclean
[41.223s][info][gc,marking  ] GC(96) Concurrent Preclean 0.027ms
[41.223s][info][gc,start    ] GC(96) Pause Remark
[41.230s][info][gc          ] GC(96) Pause Remark 830M->568M(978M) 6.767ms
[41.230s][info][gc,cpu      ] GC(96) User=0.02s Sys=0.00s Real=0.00s
[41.230s][info][gc,marking  ] GC(96) Concurrent Mark 1200.761ms
[41.230s][info][gc,marking  ] GC(96) Concurrent Rebuild Remembered Sets and Scrub Regions
[41.502s][info][gc,start    ] GC(100) Pause Young (Normal) (G1 Evacuation Pause)
[41.502s][info][gc,task     ] GC(100) Using 2 workers of 2 for evacuation
[41.532s][info][gc,phases   ] GC(100)   Pre Evacuate Collection Set: 0.49ms
[41.533s][info][gc,phases   ] GC(100)   Merge Heap Roots: 0.27ms
[41.533s][info][gc,phases   ] GC(100)   Evacuate Collection Set: 29.01ms
[41.533s][info][gc,phases   ] GC(100)   Post Evacuate Collection Set: 0.37ms
[41.533s][info][gc,phases   ] GC(100)   Other: 0.11ms
[41.533s][info][gc,heap     ] GC(100) Eden regions: 98->0(298)
[41.533s][info][gc,heap     ] GC(100) Survivor regions: 16->6(15)
[41.533s][info][gc,heap     ] GC(100) Old regions: 532->548
[41.533s][info][gc,heap     ] GC(100) Humongous regions: 5->5
[41.533s][info][gc,metaspace] GC(100) Metaspace: 17520K(17728K)->17520K(17728K) NonClass: 14893K(14976K)->14893K(14976K) Class: 2627K(2752K)->2627K(2752K)
[41.533s][info][gc          ] GC(100) Pause Young (Normal) (G1 Evacuation Pause) 651M->558M(978M) 30.506ms
[41.533s][info][gc,cpu      ] GC(100) User=0.06s Sys=0.00s Real=0.03s
[41.653s][info][gc,marking  ] GC(96) Concurrent Rebuild Remembered Sets and Scrub Regions 423.083ms
[41.655s][info][gc,start    ] GC(96) Pause Cleanup
[41.655s][info][gc          ] GC(96) Pause Cleanup 594M->594M(978M) 0.184ms
[41.655s][info][gc,cpu      ] GC(96) User=0.00s Sys=0.00s Real=0.00s
[41.655s][info][gc,marking  ] GC(96) Concurrent Clear Claimed Marks
[41.655s][info][gc,marking  ] GC(96) Concurrent Clear Claimed Marks 0.076ms
[41.655s][info][gc,marking  ] GC(96) Concurrent Cleanup for Next Mark
[41.662s][info][gc,marking  ] GC(96) Concurrent Cleanup for Next Mark 6.956ms
[41.662s][info][gc          ] GC(96) Concurrent Mark Cycle 1665.733ms
[41.949s][info][gc,start    ] GC(101) Pause Young (Prepare Mixed) (G1 Evacuation Pause)
[41.949s][info][gc,task     ] GC(101) Using 2 workers of 2 for evacuation
[41.983s][info][gc,phases   ] GC(101)   Pre Evacuate Collection Set: 0.30ms
[41.983s][info][gc,phases   ] GC(101)   Merge Heap Roots: 0.27ms
[41.983s][info][gc,phases   ] GC(101)   Evacuate Collection Set: 32.96ms
[41.983s][info][gc,phases   ] GC(101)   Post Evacuate Collection Set: 0.46ms
[41.983s][info][gc,phases   ] GC(101)   Other: 0.10ms
[41.983s][info][gc,heap     ] GC(101) Eden regions: 298->0(286)
[41.983s][info][gc,heap     ] GC(101) Survivor regions: 6->29(38)
[41.983s][info][gc,heap     ] GC(101) Old regions: 548->548
[41.983s][info][gc,heap     ] GC(101) Humongous regions: 5->5
[41.983s][info][gc,metaspace] GC(101) Metaspace: 17520K(17728K)->17520K(17728K) NonClass: 14893K(14976K)->14893K(14976K) Class: 2627K(2752K)->2627K(2752K)
[41.983s][info][gc          ] GC(101) Pause Young (Prepare Mixed) (G1 Evacuation Pause) 856M->581M(978M) 34.348ms
[41.983s][info][gc,cpu      ] GC(101) User=0.06s Sys=0.01s Real=0.04s
[42.542s][info][gc,start    ] GC(102) Pause Young (Mixed) (G1 Evacuation Pause)
[42.542s][info][gc,task     ] GC(102) Using 2 workers of 2 for evacuation
[42.592s][info][gc,phases   ] GC(102)   Pre Evacuate Collection Set: 0.53ms
[42.592s][info][gc,phases   ] GC(102)   Merge Heap Roots: 0.31ms
[42.592s][info][gc,phases   ] GC(102)   Evacuate Collection Set: 48.50ms
[42.592s][info][gc,phases   ] GC(102)   Post Evacuate Collection Set: 0.68ms
[42.592s][info][gc,phases   ] GC(102)   Other: 0.09ms
[42.593s][info][gc,heap     ] GC(102) Eden regions: 286->0(365)
[42.593s][info][gc,heap     ] GC(102) Survivor regions: 29->16(40)
[42.593s][info][gc,heap     ] GC(102) Old regions: 548->478
[42.593s][info][gc,heap     ] GC(102) Humongous regions: 5->5
[42.593s][info][gc,metaspace] GC(102) Metaspace: 17521K(17728K)->17521K(17728K) NonClass: 14894K(14976K)->14894K(14976K) Class: 2627K(2752K)->2627K(2752K)
[42.593s][info][gc          ] GC(102) Pause Young (Mixed) (G1 Evacuation Pause) 867M->498M(978M) 50.360ms
[42.593s][info][gc,cpu      ] GC(102) User=0.10s Sys=0.00s Real=0.05s
[43.261s][info][gc,start    ] GC(103) Pause Young (Mixed) (G1 Evacuation Pause)
[43.261s][info][gc,task     ] GC(103) Using 2 workers of 2 for evacuation
[43.329s][info][gc,phases   ] GC(103)   Pre Evacuate Collection Set: 0.28ms
[43.329s][info][gc,phases   ] GC(103)   Merge Heap Roots: 0.82ms
[43.329s][info][gc,phases   ] GC(103)   Evacuate Collection Set: 65.68ms
[43.329s][info][gc,phases   ] GC(103)   Post Evacuate Collection Set: 0.61ms
[43.329s][info][gc,phases   ] GC(103)   Other: 0.12ms
[43.329s][info][gc,heap     ] GC(103) Eden regions: 365->0(355)
[43.329s][info][gc,heap     ] GC(103) Survivor regions: 16->36(48)
[43.329s][info][gc,heap     ] GC(103) Old regions: 478->459
[43.329s][info][gc,heap     ] GC(103) Humongous regions: 5->5
[43.329s][info][gc,metaspace] GC(103) Metaspace: 17522K(17728K)->17522K(17728K) NonClass: 14895K(14976K)->14895K(14976K) Class: 2627K(2752K)->2627K(2752K)
[43.329s][info][gc          ] GC(103) Pause Young (Mixed) (G1 Evacuation Pause) 863M->499M(978M) 67.751ms
[43.329s][info][gc,cpu      ] GC(103) User=0.13s Sys=0.00s Real=0.07s
[43.855s][info][gc,start    ] GC(104) Pause Young (Concurrent Start) (G1 Humongous Allocation)
[43.855s][info][gc,task     ] GC(104) Using 2 workers of 2 for evacuation
[43.946s][info][gc,phases   ] GC(104)   Pre Evacuate Collection Set: 0.41ms
[43.946s][info][gc,phases   ] GC(104)   Merge Heap Roots: 0.20ms
[43.946s][info][gc,phases   ] GC(104)   Evacuate Collection Set: 88.96ms
[43.946s][info][gc,phases   ] GC(104)   Post Evacuate Collection Set: 0.69ms
[43.946s][info][gc,phases   ] GC(104)   Other: 0.21ms
[43.946s][info][gc,heap     ] GC(104) Eden regions: 338->0(308)
[43.946s][info][gc,heap     ] GC(104) Survivor regions: 36->49(49)
[43.946s][info][gc,heap     ] GC(104) Old regions: 459->500
[43.946s][info][gc,heap     ] GC(104) Humongous regions: 5->5
[43.946s][info][gc,metaspace] GC(104) Metaspace: 17524K(17728K)->17524K(17728K) NonClass: 14897K(14976K)->14897K(14976K) Class: 2627K(2752K)->2627K(2752K)
[43.946s][info][gc          ] GC(104) Pause Young (Concurrent Start) (G1 Humongous Allocation) 837M->553M(978M) 90.752ms
[43.946s][info][gc,cpu      ] GC(104) User=0.18s Sys=0.00s Real=0.09s
[43.946s][info][gc          ] GC(105) Concurrent Mark Cycle
[43.948s][info][gc,marking  ] GC(105) Concurrent Scan Root Regions
[43.998s][info][gc,marking  ] GC(105) Concurrent Scan Root Regions 50.271ms
[43.998s][info][gc,marking  ] GC(105) Concurrent Mark
[43.998s][info][gc,marking  ] GC(105) Concurrent Mark From Roots
[43.998s][info][gc,task     ] GC(105) Using 1 workers of 1 for marking
[44.817s][info][gc,marking  ] GC(105) Concurrent Mark From Roots 818.288ms
[44.817s][info][gc,marking  ] GC(105) Concurrent Preclean
[44.817s][info][gc,marking  ] GC(105) Concurrent Preclean 0.031ms
[44.817s][info][gc,start    ] GC(105) Pause Remark
[44.823s][info][gc          ] GC(105) Pause Remark 816M->686M(978M) 6.623ms
[44.824s][info][gc,cpu      ] GC(105) User=0.01s Sys=0.00s Real=0.01s
[44.824s][info][gc,marking  ] GC(105) Concurrent Mark 825.258ms
[44.824s][info][gc,marking  ] GC(105) Concurrent Rebuild Remembered Sets and Scrub Regions
[44.915s][info][gc,start    ] GC(106) Pause Young (Normal) (G1 Evacuation Pause)
[44.915s][info][gc,task     ] GC(106) Using 2 workers of 2 for evacuation
[44.998s][info][gc,phases   ] GC(106)   Pre Evacuate Collection Set: 0.26ms
[44.998s][info][gc,phases   ] GC(106)   Merge Heap Roots: 0.62ms
[44.998s][info][gc,phases   ] GC(106)   Evacuate Collection Set: 82.00ms
[44.998s][info][gc,phases   ] GC(106)   Post Evacuate Collection Set: 0.54ms
[44.998s][info][gc,phases   ] GC(106)   Other: 0.12ms
[44.998s][info][gc,heap     ] GC(106) Eden regions: 308->0(385)
[44.998s][info][gc,heap     ] GC(106) Survivor regions: 49->12(45)
[44.998s][info][gc,heap     ] GC(106) Old regions: 372->421
[44.998s][info][gc,heap     ] GC(106) Humongous regions: 6->6
[44.998s][info][gc,metaspace] GC(106) Metaspace: 17526K(17792K)->17526K(17792K) NonClass: 14899K(15040K)->14899K(15040K) Class: 2627K(2752K)->2627K(2752K)
[44.999s][info][gc          ] GC(106) Pause Young (Normal) (G1 Evacuation Pause) 734M->438M(978M) 83.773ms
[44.999s][info][gc,cpu      ] GC(106) User=0.16s Sys=0.00s Real=0.08s
[45.254s][info][gc,marking  ] GC(105) Concurrent Rebuild Remembered Sets and Scrub Regions 430.636ms
[45.254s][info][gc,start    ] GC(105) Pause Cleanup
[45.255s][info][gc          ] GC(105) Pause Cleanup 581M->581M(978M) 0.107ms
[45.255s][info][gc,cpu      ] GC(105) User=0.00s Sys=0.00s Real=0.00s
[45.255s][info][gc,marking  ] GC(105) Concurrent Clear Claimed Marks
[45.255s][info][gc,marking  ] GC(105) Concurrent Clear Claimed Marks 0.025ms
[45.255s][info][gc,marking  ] GC(105) Concurrent Cleanup for Next Mark
[45.257s][info][gc,marking  ] GC(105) Concurrent Cleanup for Next Mark 2.835ms
[45.258s][info][gc          ] GC(105) Concurrent Mark Cycle 1311.337ms
[45.557s][info][gc,start    ] GC(107) Pause Young (Prepare Mixed) (G1 Evacuation Pause)
[45.557s][info][gc,task     ] GC(107) Using 2 workers of 2 for evacuation
[45.637s][info][gc,phases   ] GC(107)   Pre Evacuate Collection Set: 0.28ms
[45.637s][info][gc,phases   ] GC(107)   Merge Heap Roots: 0.17ms
[45.637s][info][gc,phases   ] GC(107)   Evacuate Collection Set: 79.19ms
[45.637s][info][gc,phases   ] GC(107)   Post Evacuate Collection Set: 0.75ms
[45.637s][info][gc,phases   ] GC(107)   Other: 0.12ms
[45.637s][info][gc,heap     ] GC(107) Eden regions: 385->0(335)
[45.637s][info][gc,heap     ] GC(107) Survivor regions: 12->50(50)
[45.637s][info][gc,heap     ] GC(107) Old regions: 421->452
[45.637s][info][gc,heap     ] GC(107) Humongous regions: 6->6
[45.637s][info][gc,metaspace] GC(107) Metaspace: 17542K(17792K)->17542K(17792K) NonClass: 14915K(15040K)->14915K(15040K) Class: 2627K(2752K)->2627K(2752K)
[45.638s][info][gc          ] GC(107) Pause Young (Prepare Mixed) (G1 Evacuation Pause) 823M->508M(978M) 80.832ms
[45.638s][info][gc,cpu      ] GC(107) User=0.16s Sys=0.00s Real=0.08s
[46.125s][info][gc,start    ] GC(108) Pause Young (Mixed) (G1 Evacuation Pause)
[46.125s][info][gc,task     ] GC(108) Using 2 workers of 2 for evacuation
[46.212s][info][gc,phases   ] GC(108)   Pre Evacuate Collection Set: 0.35ms
[46.212s][info][gc,phases   ] GC(108)   Merge Heap Roots: 0.43ms
[46.212s][info][gc,phases   ] GC(108)   Evacuate Collection Set: 85.07ms
[46.212s][info][gc,phases   ] GC(108)   Post Evacuate Collection Set: 0.66ms
[46.212s][info][gc,phases   ] GC(108)   Other: 0.11ms
[46.212s][info][gc,heap     ] GC(108) Eden regions: 335->0(352)
[46.212s][info][gc,heap     ] GC(108) Survivor regions: 50->17(49)
[46.212s][info][gc,heap     ] GC(108) Old regions: 452->470
[46.212s][info][gc,heap     ] GC(108) Humongous regions: 9->9
[46.212s][info][gc,metaspace] GC(108) Metaspace: 17542K(17792K)->17542K(17792K) NonClass: 14915K(15040K)->14915K(15040K) Class: 2627K(2752K)->2627K(2752K)
[46.212s][info][gc          ] GC(108) Pause Young (Mixed) (G1 Evacuation Pause) 846M->495M(978M) 86.894ms
[46.212s][info][gc,cpu      ] GC(108) User=0.17s Sys=0.00s Real=0.08s
[46.730s][info][gc,start    ] GC(109) Pause Young (Concurrent Start) (G1 Evacuation Pause)
[46.730s][info][gc,task     ] GC(109) Using 2 workers of 2 for evacuation
[46.763s][info][gc,phases   ] GC(109)   Pre Evacuate Collection Set: 0.35ms
[46.763s][info][gc,phases   ] GC(109)   Merge Heap Roots: 0.31ms
[46.763s][info][gc,phases   ] GC(109)   Evacuate Collection Set: 31.19ms
[46.763s][info][gc,phases   ] GC(109)   Post Evacuate Collection Set: 0.63ms
[46.763s][info][gc,phases   ] GC(109)   Other: 0.13ms
[46.763s][info][gc,heap     ] GC(109) Eden regions: 352->0(369)
[46.763s][info][gc,heap     ] GC(109) Survivor regions: 17->17(47)
[46.763s][info][gc,heap     ] GC(109) Old regions: 470->470
[46.763s][info][gc,heap     ] GC(109) Humongous regions: 9->9
[46.763s][info][gc,metaspace] GC(109) Metaspace: 17542K(17792K)->17542K(17792K) NonClass: 14915K(15040K)->14915K(15040K) Class: 2627K(2752K)->2627K(2752K)
[46.763s][info][gc          ] GC(109) Pause Young (Concurrent Start) (G1 Evacuation Pause) 847M->495M(978M) 32.868ms
[46.763s][info][gc          ] GC(110) Concurrent Mark Cycle
[46.763s][info][gc,marking  ] GC(110) Concurrent Scan Root Regions
[46.763s][info][gc,cpu      ] GC(109) User=0.06s Sys=0.00s Real=0.03s
[46.823s][info][gc,marking  ] GC(110) Concurrent Scan Root Regions 60.073ms
[46.823s][info][gc,marking  ] GC(110) Concurrent Mark
[46.823s][info][gc,marking  ] GC(110) Concurrent Mark From Roots
[46.823s][info][gc,task     ] GC(110) Using 1 workers of 1 for marking
[47.528s][info][gc,start    ] GC(111) Pause Young (Normal) (G1 Evacuation Pause)
[47.528s][info][gc,task     ] GC(111) Using 2 workers of 2 for evacuation
[47.601s][info][gc,phases   ] GC(111)   Pre Evacuate Collection Set: 0.49ms
[47.601s][info][gc,phases   ] GC(111)   Merge Heap Roots: 0.40ms
[47.601s][info][gc,phases   ] GC(111)   Evacuate Collection Set: 70.75ms
[47.601s][info][gc,phases   ] GC(111)   Post Evacuate Collection Set: 0.65ms
[47.601s][info][gc,phases   ] GC(111)   Other: 0.11ms
[47.601s][info][gc,heap     ] GC(111) Eden regions: 369->0(343)
[47.601s][info][gc,heap     ] GC(111) Survivor regions: 17->49(49)
[47.601s][info][gc,heap     ] GC(111) Old regions: 470->472
[47.601s][info][gc,heap     ] GC(111) Humongous regions: 9->9
[47.601s][info][gc,metaspace] GC(111) Metaspace: 17544K(17792K)->17544K(17792K) NonClass: 14917K(15040K)->14917K(15040K) Class: 2627K(2752K)->2627K(2752K)
[47.601s][info][gc          ] GC(111) Pause Young (Normal) (G1 Evacuation Pause) 864M->529M(978M) 72.664ms
[47.601s][info][gc,cpu      ] GC(111) User=0.15s Sys=0.00s Real=0.07s
[48.081s][info][gc,marking  ] GC(110) Concurrent Mark From Roots 1258.086ms
[48.081s][info][gc,marking  ] GC(110) Concurrent Preclean
[48.081s][info][gc,marking  ] GC(110) Concurrent Preclean 0.059ms
[48.081s][info][gc,start    ] GC(110) Pause Remark
[48.088s][info][gc          ] GC(110) Pause Remark 837M->835M(978M) 6.299ms
[48.088s][info][gc,cpu      ] GC(110) User=0.01s Sys=0.00s Real=0.01s
[48.089s][info][gc,marking  ] GC(110) Concurrent Mark 1266.166ms
[48.089s][info][gc,marking  ] GC(110) Concurrent Rebuild Remembered Sets and Scrub Regions
[48.148s][info][gc,start    ] GC(112) Pause Young (Normal) (G1 Evacuation Pause)
[48.148s][info][gc,task     ] GC(112) Using 2 workers of 2 for evacuation
[48.223s][info][gc,phases   ] GC(112)   Pre Evacuate Collection Set: 0.46ms
[48.223s][info][gc,phases   ] GC(112)   Merge Heap Roots: 0.37ms
[48.223s][info][gc,phases   ] GC(112)   Evacuate Collection Set: 72.93ms
[48.223s][info][gc,phases   ] GC(112)   Post Evacuate Collection Set: 0.55ms
[48.223s][info][gc,phases   ] GC(112)   Other: 0.10ms
[48.223s][info][gc,heap     ] GC(112) Eden regions: 343->0(347)
[48.223s][info][gc,heap     ] GC(112) Survivor regions: 49->11(49)
[48.223s][info][gc,heap     ] GC(112) Old regions: 472->521
[48.223s][info][gc,heap     ] GC(112) Humongous regions: 7->7
[48.223s][info][gc,metaspace] GC(112) Metaspace: 17547K(17792K)->17547K(17792K) NonClass: 14920K(15040K)->14920K(15040K) Class: 2627K(2752K)->2627K(2752K)
[48.223s][info][gc          ] GC(112) Pause Young (Normal) (G1 Evacuation Pause) 870M->538M(978M) 74.623ms
[48.223s][info][gc,cpu      ] GC(112) User=0.15s Sys=0.00s Real=0.07s
[48.584s][info][gc,marking  ] GC(110) Concurrent Rebuild Remembered Sets and Scrub Regions 494.397ms
[48.585s][info][gc,start    ] GC(110) Pause Cleanup
[48.585s][info][gc          ] GC(110) Pause Cleanup 733M->733M(978M) 0.128ms
[48.585s][info][gc,cpu      ] GC(110) User=0.00s Sys=0.00s Real=0.00s
[48.585s][info][gc,marking  ] GC(110) Concurrent Clear Claimed Marks
[48.585s][info][gc,marking  ] GC(110) Concurrent Clear Claimed Marks 0.046ms
[48.585s][info][gc,marking  ] GC(110) Concurrent Cleanup for Next Mark
[48.590s][info][gc,marking  ] GC(110) Concurrent Cleanup for Next Mark 4.857ms
[48.590s][info][gc          ] GC(110) Concurrent Mark Cycle 1827.180ms
[48.910s][info][gc,start    ] GC(113) Pause Young (Prepare Mixed) (G1 Evacuation Pause)
[48.910s][info][gc,task     ] GC(113) Using 2 workers of 2 for evacuation
[48.947s][info][gc,phases   ] GC(113)   Pre Evacuate Collection Set: 0.31ms
[48.947s][info][gc,phases   ] GC(113)   Merge Heap Roots: 0.37ms
[48.947s][info][gc,phases   ] GC(113)   Evacuate Collection Set: 35.71ms
[48.947s][info][gc,phases   ] GC(113)   Post Evacuate Collection Set: 0.57ms
[48.947s][info][gc,phases   ] GC(113)   Other: 0.08ms
[48.947s][info][gc,heap     ] GC(113) Eden regions: 347->0(341)
[48.947s][info][gc,heap     ] GC(113) Survivor regions: 11->28(45)
[48.947s][info][gc,heap     ] GC(113) Old regions: 521->521
[48.947s][info][gc,heap     ] GC(113) Humongous regions: 7->7
[48.947s][info][gc,metaspace] GC(113) Metaspace: 17548K(17792K)->17548K(17792K) NonClass: 14921K(15040K)->14921K(15040K) Class: 2627K(2752K)->2627K(2752K)
[48.947s][info][gc          ] GC(113) Pause Young (Prepare Mixed) (G1 Evacuation Pause) 885M->556M(978M) 37.273ms
[48.947s][info][gc,cpu      ] GC(113) User=0.07s Sys=0.01s Real=0.04s
[49.440s][info][gc,start    ] GC(114) Pause Young (Mixed) (G1 Evacuation Pause)
[49.440s][info][gc,task     ] GC(114) Using 2 workers of 2 for evacuation
[49.524s][info][gc,phases   ] GC(114)   Pre Evacuate Collection Set: 0.51ms
[49.524s][info][gc,phases   ] GC(114)   Merge Heap Roots: 0.59ms
[49.524s][info][gc,phases   ] GC(114)   Evacuate Collection Set: 81.97ms
[49.524s][info][gc,phases   ] GC(114)   Post Evacuate Collection Set: 0.63ms
[49.524s][info][gc,phases   ] GC(114)   Other: 0.08ms
[49.524s][info][gc,heap     ] GC(114) Eden regions: 341->0(300)
[49.524s][info][gc,heap     ] GC(114) Survivor regions: 28->47(47)
[49.524s][info][gc,heap     ] GC(114) Old regions: 521->527
[49.524s][info][gc,heap     ] GC(114) Humongous regions: 7->7
[49.524s][info][gc,metaspace] GC(114) Metaspace: 17548K(17792K)->17548K(17792K) NonClass: 14921K(15040K)->14921K(15040K) Class: 2627K(2752K)->2627K(2752K)
[49.524s][info][gc          ] GC(114) Pause Young (Mixed) (G1 Evacuation Pause) 897M->581M(978M) 84.030ms
[49.524s][info][gc,cpu      ] GC(114) User=0.16s Sys=0.00s Real=0.09s
[49.848s][info][gc,start    ] GC(115) Pause Young (Concurrent Start) (G1 Evacuation Pause)
[49.848s][info][gc,task     ] GC(115) Using 2 workers of 2 for evacuation
[49.899s][info][gc,phases   ] GC(115)   Pre Evacuate Collection Set: 0.36ms
[49.900s][info][gc,phases   ] GC(115)   Merge Heap Roots: 0.24ms
[49.900s][info][gc,phases   ] GC(115)   Evacuate Collection Set: 50.40ms
[49.900s][info][gc,phases   ] GC(115)   Post Evacuate Collection Set: 0.51ms
[49.900s][info][gc,phases   ] GC(115)   Other: 0.09ms
[49.900s][info][gc,heap     ] GC(115) Eden regions: 300->0(319)
[49.900s][info][gc,heap     ] GC(115) Survivor regions: 47->5(44)
[49.900s][info][gc,heap     ] GC(115) Old regions: 527->575
[49.900s][info][gc,heap     ] GC(115) Humongous regions: 7->7
[49.900s][info][gc,metaspace] GC(115) Metaspace: 17568K(17792K)->17568K(17792K) NonClass: 14941K(15040K)->14941K(15040K) Class: 2627K(2752K)->2627K(2752K)
[49.900s][info][gc          ] GC(115) Pause Young (Concurrent Start) (G1 Evacuation Pause) 881M->586M(978M) 51.822ms
[49.900s][info][gc,cpu      ] GC(115) User=0.10s Sys=0.00s Real=0.05s
[49.900s][info][gc          ] GC(116) Concurrent Mark Cycle
[49.902s][info][gc,marking  ] GC(116) Concurrent Scan Root Regions
[49.987s][info][gc,marking  ] GC(116) Concurrent Scan Root Regions 85.276ms
[49.987s][info][gc,marking  ] GC(116) Concurrent Mark
[49.987s][info][gc,marking  ] GC(116) Concurrent Mark From Roots
[49.987s][info][gc,task     ] GC(116) Using 1 workers of 1 for marking
[50.955s][info][gc,start    ] GC(117) Pause Young (Normal) (G1 Evacuation Pause)
[50.955s][info][gc,task     ] GC(117) Using 2 workers of 2 for evacuation
[50.989s][info][gc,phases   ] GC(117)   Pre Evacuate Collection Set: 0.31ms
[50.989s][info][gc,phases   ] GC(117)   Merge Heap Roots: 0.24ms
[50.989s][info][gc,phases   ] GC(117)   Evacuate Collection Set: 32.46ms
[50.989s][info][gc,phases   ] GC(117)   Post Evacuate Collection Set: 0.50ms
[50.989s][info][gc,phases   ] GC(117)   Other: 0.08ms
[50.989s][info][gc,heap     ] GC(117) Eden regions: 319->0(290)
[50.989s][info][gc,heap     ] GC(117) Survivor regions: 5->28(41)
[50.989s][info][gc,heap     ] GC(117) Old regions: 575->575
[50.989s][info][gc,heap     ] GC(117) Humongous regions: 7->7
[50.989s][info][gc,metaspace] GC(117) Metaspace: 17570K(17792K)->17570K(17792K) NonClass: 14943K(15040K)->14943K(15040K) Class: 2627K(2752K)->2627K(2752K)
[50.989s][info][gc          ] GC(117) Pause Young (Normal) (G1 Evacuation Pause) 905M->609M(978M) 33.818ms
[50.989s][info][gc,cpu      ] GC(117) User=0.06s Sys=0.00s Real=0.03s
[51.672s][info][gc,marking  ] GC(116) Concurrent Mark From Roots 1684.306ms
[51.672s][info][gc,marking  ] GC(116) Concurrent Preclean
[51.672s][info][gc,marking  ] GC(116) Concurrent Preclean 0.029ms
[51.672s][info][gc,start    ] GC(116) Pause Remark
[51.678s][info][gc          ] GC(116) Pause Remark 766M->766M(978M) 6.144ms
[51.678s][info][gc,cpu      ] GC(116) User=0.01s Sys=0.00s Real=0.01s
[51.682s][info][gc,marking  ] GC(116) Concurrent Mark 1694.594ms
[51.682s][info][gc,marking  ] GC(116) Concurrent Rebuild Remembered Sets and Scrub Regions
[52.168s][info][gc,start    ] GC(118) Pause Young (Normal) (G1 Evacuation Pause)
[52.168s][info][gc,task     ] GC(118) Using 2 workers of 2 for evacuation
[52.198s][info][gc,phases   ] GC(118)   Pre Evacuate Collection Set: 0.31ms
[52.198s][info][gc,phases   ] GC(118)   Merge Heap Roots: 0.28ms
[52.198s][info][gc,phases   ] GC(118)   Evacuate Collection Set: 28.59ms
[52.198s][info][gc,phases   ] GC(118)   Post Evacuate Collection Set: 0.45ms
[52.198s][info][gc,phases   ] GC(118)   Other: 0.08ms
[52.198s][info][gc,heap     ] GC(118) Eden regions: 290->0(309)
[52.198s][info][gc,heap     ] GC(118) Survivor regions: 28->1(40)
[52.198s][info][gc,heap     ] GC(118) Old regions: 575->603
[52.198s][info][gc,heap     ] GC(118) Humongous regions: 7->7
[52.198s][info][gc,metaspace] GC(118) Metaspace: 17570K(17792K)->17570K(17792K) NonClass: 14943K(15040K)->14943K(15040K) Class: 2627K(2752K)->2627K(2752K)
[52.198s][info][gc          ] GC(118) Pause Young (Normal) (G1 Evacuation Pause) 899M->610M(978M) 29.954ms
[52.198s][info][gc,cpu      ] GC(118) User=0.06s Sys=0.00s Real=0.03s
[52.390s][info][gc,marking  ] GC(116) Concurrent Rebuild Remembered Sets and Scrub Regions 707.814ms
[52.390s][info][gc,start    ] GC(116) Pause Cleanup
[52.390s][info][gc          ] GC(116) Pause Cleanup 673M->673M(978M) 0.104ms
[52.390s][info][gc,cpu      ] GC(116) User=0.00s Sys=0.00s Real=0.00s
[52.390s][info][gc,marking  ] GC(116) Concurrent Clear Claimed Marks
[52.390s][info][gc,marking  ] GC(116) Concurrent Clear Claimed Marks 0.027ms
[52.390s][info][gc,marking  ] GC(116) Concurrent Cleanup for Next Mark
[52.393s][info][gc,marking  ] GC(116) Concurrent Cleanup for Next Mark 2.858ms
[52.393s][info][gc          ] GC(116) Concurrent Mark Cycle 2493.381ms
[52.716s][info][gc,start    ] GC(119) Pause Young (Prepare Mixed) (G1 Evacuation Pause)
[52.716s][info][gc,task     ] GC(119) Using 2 workers of 2 for evacuation
[52.785s][info][gc,phases   ] GC(119)   Pre Evacuate Collection Set: 0.28ms
[52.785s][info][gc,phases   ] GC(119)   Merge Heap Roots: 0.12ms
[52.785s][info][gc,phases   ] GC(119)   Evacuate Collection Set: 63.56ms
[52.785s][info][gc,phases   ] GC(119)   Post Evacuate Collection Set: 4.54ms
[52.785s][info][gc,phases   ] GC(119)   Other: 0.09ms
[52.785s][info][gc,heap     ] GC(119) Eden regions: 309->0(166)
[52.785s][info][gc,heap     ] GC(119) Survivor regions: 1->39(39)
[52.785s][info][gc,heap     ] GC(119) Old regions: 603->677
[52.785s][info][gc,heap     ] GC(119) Humongous regions: 7->7
[52.785s][info][gc,metaspace] GC(119) Metaspace: 17572K(17792K)->17572K(17792K) NonClass: 14945K(15040K)->14945K(15040K) Class: 2627K(2752K)->2627K(2752K)
[52.785s][info][gc          ] GC(119) Pause Young (Prepare Mixed) (G1 Evacuation Pause) (Evacuation Failure: Allocation) 919M->723M(978M) 68.864ms
[52.785s][info][gc,cpu      ] GC(119) User=0.14s Sys=0.00s Real=0.07s
[53.060s][info][gc,start    ] GC(120) Pause Young (Mixed) (G1 Evacuation Pause)
[53.060s][info][gc,task     ] GC(120) Using 2 workers of 2 for evacuation
[53.143s][info][gc,phases   ] GC(120)   Pre Evacuate Collection Set: 0.51ms
[53.143s][info][gc,phases   ] GC(120)   Merge Heap Roots: 0.45ms
[53.143s][info][gc,phases   ] GC(120)   Evacuate Collection Set: 81.11ms
[53.143s][info][gc,phases   ] GC(120)   Post Evacuate Collection Set: 0.54ms
[53.143s][info][gc,phases   ] GC(120)   Other: 0.11ms
[53.143s][info][gc,heap     ] GC(120) Eden regions: 166->0(207)
[53.143s][info][gc,heap     ] GC(120) Survivor regions: 39->18(26)
[53.143s][info][gc,heap     ] GC(120) Old regions: 677->666
[53.143s][info][gc,heap     ] GC(120) Humongous regions: 10->10
[53.143s][info][gc,metaspace] GC(120) Metaspace: 17578K(17792K)->17578K(17792K) NonClass: 14951K(15040K)->14951K(15040K) Class: 2627K(2752K)->2627K(2752K)
[53.143s][info][gc          ] GC(120) Pause Young (Mixed) (G1 Evacuation Pause) 892M->693M(978M) 82.938ms
[53.143s][info][gc,cpu      ] GC(120) User=0.16s Sys=0.00s Real=0.09s
[53.518s][info][gc,start    ] GC(121) Pause Young (Concurrent Start) (G1 Evacuation Pause)
[53.518s][info][gc,task     ] GC(121) Using 2 workers of 2 for evacuation
[53.552s][info][gc,phases   ] GC(121)   Pre Evacuate Collection Set: 0.31ms
[53.552s][info][gc,phases   ] GC(121)   Merge Heap Roots: 0.30ms
[53.552s][info][gc,phases   ] GC(121)   Evacuate Collection Set: 32.42ms
[53.552s][info][gc,phases   ] GC(121)   Post Evacuate Collection Set: 0.40ms
[53.552s][info][gc,phases   ] GC(121)   Other: 0.11ms
[53.552s][info][gc,heap     ] GC(121) Eden regions: 207->0(218)
[53.552s][info][gc,heap     ] GC(121) Survivor regions: 18->1(29)
[53.552s][info][gc,heap     ] GC(121) Old regions: 666->684
[53.552s][info][gc,heap     ] GC(121) Humongous regions: 10->10
[53.552s][info][gc,metaspace] GC(121) Metaspace: 17578K(17792K)->17578K(17792K) NonClass: 14951K(15040K)->14951K(15040K) Class: 2627K(2752K)->2627K(2752K)
[53.552s][info][gc          ] GC(121) Pause Young (Concurrent Start) (G1 Evacuation Pause) 900M->694M(978M) 33.796ms
[53.552s][info][gc,cpu      ] GC(121) User=0.06s Sys=0.01s Real=0.03s
[53.552s][info][gc          ] GC(122) Concurrent Mark Cycle
[53.552s][info][gc,marking  ] GC(122) Concurrent Scan Root Regions
[53.616s][info][gc,marking  ] GC(122) Concurrent Scan Root Regions 63.887ms
[53.616s][info][gc,marking  ] GC(122) Concurrent Mark
[53.616s][info][gc,marking  ] GC(122) Concurrent Mark From Roots
[53.616s][info][gc,task     ] GC(122) Using 1 workers of 1 for marking
[54.325s][info][gc,start    ] GC(123) Pause Young (Normal) (G1 Evacuation Pause)
[54.325s][info][gc,task     ] GC(123) Using 2 workers of 2 for evacuation
[54.327s][info][gc,phases   ] GC(123)   Pre Evacuate Collection Set: 0.33ms
[54.327s][info][gc,phases   ] GC(123)   Merge Heap Roots: 0.09ms
[54.327s][info][gc,phases   ] GC(123)   Evacuate Collection Set: 0.74ms
[54.327s][info][gc,phases   ] GC(123)   Post Evacuate Collection Set: 0.36ms
[54.327s][info][gc,phases   ] GC(123)   Other: 0.12ms
[54.327s][info][gc,heap     ] GC(123) Eden regions: 218->0(227)
[54.327s][info][gc,heap     ] GC(123) Survivor regions: 1->1(28)
[54.327s][info][gc,heap     ] GC(123) Old regions: 684->684
[54.327s][info][gc,heap     ] GC(123) Humongous regions: 10->10
[54.327s][info][gc,metaspace] GC(123) Metaspace: 17580K(17792K)->17580K(17792K) NonClass: 14953K(15040K)->14953K(15040K) Class: 2627K(2752K)->2627K(2752K)
[54.327s][info][gc          ] GC(123) Pause Young (Normal) (G1 Evacuation Pause) 912M->694M(978M) 1.840ms
[54.327s][info][gc,cpu      ] GC(123) User=0.00s Sys=0.00s Real=0.00s
[54.941s][info][gc,marking  ] GC(122) Concurrent Mark From Roots 1325.255ms
[54.941s][info][gc,marking  ] GC(122) Concurrent Preclean
[54.941s][info][gc,marking  ] GC(122) Concurrent Preclean 0.030ms
[54.942s][info][gc,start    ] GC(122) Pause Remark
[54.948s][info][gc          ] GC(122) Pause Remark 902M->803M(978M) 6.336ms
[54.948s][info][gc,cpu      ] GC(122) User=0.01s Sys=0.00s Real=0.01s
[54.949s][info][gc,marking  ] GC(122) Concurrent Mark 1332.500ms
[54.949s][info][gc,marking  ] GC(122) Concurrent Rebuild Remembered Sets and Scrub Regions
[54.972s][info][gc,start    ] GC(124) Pause Young (Normal) (G1 Evacuation Pause)
[54.972s][info][gc,task     ] GC(124) Using 2 workers of 2 for evacuation
[55.001s][info][gc,phases   ] GC(124)   Pre Evacuate Collection Set: 0.26ms
[55.001s][info][gc,phases   ] GC(124)   Merge Heap Roots: 0.10ms
[55.001s][info][gc,phases   ] GC(124)   Evacuate Collection Set: 28.23ms
[55.001s][info][gc,phases   ] GC(124)   Post Evacuate Collection Set: 0.41ms
[55.001s][info][gc,phases   ] GC(124)   Other: 0.09ms
[55.001s][info][gc,heap     ] GC(124) Eden regions: 227->0(271)
[55.001s][info][gc,heap     ] GC(124) Survivor regions: 1->29(29)
[55.001s][info][gc,heap     ] GC(124) Old regions: 589->593
[55.001s][info][gc,heap     ] GC(124) Humongous regions: 6->6
[55.001s][info][gc,metaspace] GC(124) Metaspace: 17582K(17792K)->17582K(17792K) NonClass: 14955K(15040K)->14955K(15040K) Class: 2627K(2752K)->2627K(2752K)
[55.001s][info][gc          ] GC(124) Pause Young (Normal) (G1 Evacuation Pause) 822M->627M(978M) 29.238ms
[55.001s][info][gc,cpu      ] GC(124) User=0.06s Sys=0.00s Real=0.03s
[55.577s][info][gc,marking  ] GC(122) Concurrent Rebuild Remembered Sets and Scrub Regions 628.394ms
[55.579s][info][gc,start    ] GC(122) Pause Cleanup
[55.579s][info][gc          ] GC(122) Pause Cleanup 895M->895M(978M) 0.188ms
[55.579s][info][gc,cpu      ] GC(122) User=0.00s Sys=0.00s Real=0.00s
[55.580s][info][gc,marking  ] GC(122) Concurrent Clear Claimed Marks
[55.580s][info][gc,marking  ] GC(122) Concurrent Clear Claimed Marks 0.048ms
[55.580s][info][gc,marking  ] GC(122) Concurrent Cleanup for Next Mark
[55.586s][info][gc,marking  ] GC(122) Concurrent Cleanup for Next Mark 6.395ms
[55.586s][info][gc          ] GC(122) Concurrent Mark Cycle 2034.314ms
[55.587s][info][gc,start    ] GC(125) Pause Young (Prepare Mixed) (G1 Evacuation Pause)
[55.587s][info][gc,task     ] GC(125) Using 2 workers of 2 for evacuation
[55.655s][info][gc,phases   ] GC(125)   Pre Evacuate Collection Set: 0.44ms
[55.655s][info][gc,phases   ] GC(125)   Merge Heap Roots: 0.16ms
[55.655s][info][gc,phases   ] GC(125)   Evacuate Collection Set: 66.60ms
[55.655s][info][gc,phases   ] GC(125)   Post Evacuate Collection Set: 0.54ms
[55.655s][info][gc,phases   ] GC(125)   Other: 0.10ms
[55.655s][info][gc,heap     ] GC(125) Eden regions: 271->0(217)
[55.655s][info][gc,heap     ] GC(125) Survivor regions: 29->38(38)
[55.655s][info][gc,heap     ] GC(125) Old regions: 593->629
[55.655s][info][gc,heap     ] GC(125) Humongous regions: 6->6
[55.655s][info][gc,metaspace] GC(125) Metaspace: 17582K(17792K)->17582K(17792K) NonClass: 14955K(15040K)->14955K(15040K) Class: 2627K(2752K)->2627K(2752K)
[55.655s][info][gc          ] GC(125) Pause Young (Prepare Mixed) (G1 Evacuation Pause) 898M->673M(978M) 68.011ms
[55.655s][info][gc,cpu      ] GC(125) User=0.14s Sys=0.00s Real=0.07s
[56.055s][info][gc,start    ] GC(126) Pause Young (Mixed) (G1 Evacuation Pause)
[56.055s][info][gc,task     ] GC(126) Using 2 workers of 2 for evacuation
[56.092s][info][gc,phases   ] GC(126)   Pre Evacuate Collection Set: 0.53ms
[56.092s][info][gc,phases   ] GC(126)   Merge Heap Roots: 0.36ms
[56.092s][info][gc,phases   ] GC(126)   Evacuate Collection Set: 35.25ms
[56.092s][info][gc,phases   ] GC(126)   Post Evacuate Collection Set: 0.54ms
[56.092s][info][gc,phases   ] GC(126)   Other: 0.11ms
[56.092s][info][gc,heap     ] GC(126) Eden regions: 217->0(302)
[56.092s][info][gc,heap     ] GC(126) Survivor regions: 38->1(32)
[56.092s][info][gc,heap     ] GC(126) Old regions: 629->570
[56.092s][info][gc,heap     ] GC(126) Humongous regions: 6->6
[56.092s][info][gc,metaspace] GC(126) Metaspace: 17582K(17792K)->17582K(17792K) NonClass: 14955K(15040K)->14955K(15040K) Class: 2627K(2752K)->2627K(2752K)
[56.092s][info][gc          ] GC(126) Pause Young (Mixed) (G1 Evacuation Pause) 890M->577M(978M) 37.019ms
[56.092s][info][gc,cpu      ] GC(126) User=0.08s Sys=0.00s Real=0.03s
[56.416s][info][gc,start    ] GC(127) Pause Young (Mixed) (G1 Evacuation Pause)
[56.416s][info][gc,task     ] GC(127) Using 2 workers of 2 for evacuation
[56.513s][info][gc,phases   ] GC(127)   Pre Evacuate Collection Set: 0.51ms
[56.513s][info][gc,phases   ] GC(127)   Merge Heap Roots: 1.09ms
[56.513s][info][gc,phases   ] GC(127)   Evacuate Collection Set: 94.43ms
[56.513s][info][gc,phases   ] GC(127)   Post Evacuate Collection Set: 0.49ms
[56.513s][info][gc,phases   ] GC(127)   Other: 0.08ms
[56.513s][info][gc,heap     ] GC(127) Eden regions: 302->0(341)
[56.513s][info][gc,heap     ] GC(127) Survivor regions: 1->1(38)
[56.513s][info][gc,heap     ] GC(127) Old regions: 570->541
[56.513s][info][gc,heap     ] GC(127) Humongous regions: 6->6
[56.513s][info][gc,metaspace] GC(127) Metaspace: 17582K(17792K)->17582K(17792K) NonClass: 14955K(15040K)->14955K(15040K) Class: 2627K(2752K)->2627K(2752K)
[56.513s][info][gc          ] GC(127) Pause Young (Mixed) (G1 Evacuation Pause) 879M->548M(978M) 96.841ms
[56.513s][info][gc,cpu      ] GC(127) User=0.19s Sys=0.01s Real=0.10s
[56.844s][info][gc,start    ] GC(128) Pause Young (Concurrent Start) (G1 Evacuation Pause)
[56.844s][info][gc,task     ] GC(128) Using 2 workers of 2 for evacuation
[56.874s][info][gc,phases   ] GC(128)   Pre Evacuate Collection Set: 0.33ms
[56.874s][info][gc,phases   ] GC(128)   Merge Heap Roots: 0.20ms
[56.874s][info][gc,phases   ] GC(128)   Evacuate Collection Set: 28.74ms
[56.874s][info][gc,phases   ] GC(128)   Post Evacuate Collection Set: 0.53ms
[56.874s][info][gc,phases   ] GC(128)   Other: 0.21ms
[56.874s][info][gc,heap     ] GC(128) Eden regions: 341->0(324)
[56.874s][info][gc,heap     ] GC(128) Survivor regions: 1->23(43)
[56.874s][info][gc,heap     ] GC(128) Old regions: 541->541
[56.874s][info][gc,heap     ] GC(128) Humongous regions: 6->6
[56.874s][info][gc,metaspace] GC(128) Metaspace: 17582K(17792K)->17582K(17792K) NonClass: 14955K(15040K)->14955K(15040K) Class: 2627K(2752K)->2627K(2752K)
[56.874s][info][gc          ] GC(128) Pause Young (Concurrent Start) (G1 Evacuation Pause) 889M->570M(978M) 30.224ms
[56.874s][info][gc,cpu      ] GC(128) User=0.05s Sys=0.00s Real=0.03s
[56.874s][info][gc          ] GC(129) Concurrent Mark Cycle
[56.875s][info][gc,marking  ] GC(129) Concurrent Scan Root Regions
[56.924s][info][gc,marking  ] GC(129) Concurrent Scan Root Regions 49.572ms
[56.924s][info][gc,marking  ] GC(129) Concurrent Mark
[56.924s][info][gc,marking  ] GC(129) Concurrent Mark From Roots
[56.924s][info][gc,task     ] GC(129) Using 1 workers of 1 for marking
[57.322s][info][gc,start    ] GC(130) Pause Young (Normal) (G1 Evacuation Pause)
[57.322s][info][gc,task     ] GC(130) Using 2 workers of 2 for evacuation
[57.377s][info][gc,phases   ] GC(130)   Pre Evacuate Collection Set: 0.50ms
[57.377s][info][gc,phases   ] GC(130)   Merge Heap Roots: 0.55ms
[57.377s][info][gc,phases   ] GC(130)   Evacuate Collection Set: 53.00ms
[57.377s][info][gc,phases   ] GC(130)   Post Evacuate Collection Set: 0.60ms
[57.377s][info][gc,phases   ] GC(130)   Other: 0.08ms
[57.377s][info][gc,heap     ] GC(130) Eden regions: 324->0(298)
[57.377s][info][gc,heap     ] GC(130) Survivor regions: 23->41(44)
[57.377s][info][gc,heap     ] GC(130) Old regions: 541->542
[57.377s][info][gc,heap     ] GC(130) Humongous regions: 6->6
[57.377s][info][gc,metaspace] GC(130) Metaspace: 17583K(17792K)->17583K(17792K) NonClass: 14956K(15040K)->14956K(15040K) Class: 2627K(2752K)->2627K(2752K)
[57.377s][info][gc          ] GC(130) Pause Young (Normal) (G1 Evacuation Pause) 894M->588M(978M) 54.959ms
[57.377s][info][gc,cpu      ] GC(130) User=0.11s Sys=0.00s Real=0.06s
[57.911s][info][gc,start    ] GC(131) Pause Young (Normal) (G1 Evacuation Pause)
[57.911s][info][gc,task     ] GC(131) Using 2 workers of 2 for evacuation
[57.996s][info][gc,phases   ] GC(131)   Pre Evacuate Collection Set: 0.50ms
[57.996s][info][gc,phases   ] GC(131)   Merge Heap Roots: 0.46ms
[57.996s][info][gc,phases   ] GC(131)   Evacuate Collection Set: 83.19ms
[57.996s][info][gc,phases   ] GC(131)   Post Evacuate Collection Set: 0.67ms
[57.996s][info][gc,phases   ] GC(131)   Other: 0.10ms
[57.996s][info][gc,heap     ] GC(131) Eden regions: 298->0(269)
[57.996s][info][gc,heap     ] GC(131) Survivor regions: 41->43(43)
[57.996s][info][gc,heap     ] GC(131) Old regions: 542->564
[57.996s][info][gc,heap     ] GC(131) Humongous regions: 9->9
[57.996s][info][gc,metaspace] GC(131) Metaspace: 17583K(17792K)->17583K(17792K) NonClass: 14956K(15040K)->14956K(15040K) Class: 2627K(2752K)->2627K(2752K)
[57.996s][info][gc          ] GC(131) Pause Young (Normal) (G1 Evacuation Pause) 889M->616M(978M) 85.146ms
[57.996s][info][gc,cpu      ] GC(131) User=0.17s Sys=0.00s Real=0.09s
[58.065s][info][gc,marking  ] GC(129) Concurrent Mark From Roots 1141.291ms
[58.066s][info][gc,marking  ] GC(129) Concurrent Preclean
[58.066s][info][gc,marking  ] GC(129) Concurrent Preclean 0.032ms
[58.066s][info][gc,start    ] GC(129) Pause Remark
[58.072s][info][gc          ] GC(129) Pause Remark 643M->546M(978M) 6.503ms
[58.072s][info][gc,cpu      ] GC(129) User=0.01s Sys=0.00s Real=0.00s
[58.073s][info][gc,marking  ] GC(129) Concurrent Mark 1148.799ms
[58.073s][info][gc,marking  ] GC(129) Concurrent Rebuild Remembered Sets and Scrub Regions
[58.410s][info][gc,marking  ] GC(129) Concurrent Rebuild Remembered Sets and Scrub Regions 336.918ms
[58.410s][info][gc,start    ] GC(129) Pause Cleanup
[58.410s][info][gc          ] GC(129) Pause Cleanup 713M->713M(978M) 0.131ms
[58.410s][info][gc,cpu      ] GC(129) User=0.00s Sys=0.00s Real=0.00s
[58.410s][info][gc,marking  ] GC(129) Concurrent Clear Claimed Marks
[58.410s][info][gc,marking  ] GC(129) Concurrent Clear Claimed Marks 0.027ms
[58.410s][info][gc,marking  ] GC(129) Concurrent Cleanup for Next Mark
[58.413s][info][gc,marking  ] GC(129) Concurrent Cleanup for Next Mark 2.824ms
[58.413s][info][gc          ] GC(129) Concurrent Mark Cycle 1538.761ms
[58.581s][info][gc,start    ] GC(132) Pause Young (Prepare Mixed) (G1 Evacuation Pause)
[58.581s][info][gc,task     ] GC(132) Using 2 workers of 2 for evacuation
[58.659s][info][gc,phases   ] GC(132)   Pre Evacuate Collection Set: 0.51ms
[58.659s][info][gc,phases   ] GC(132)   Merge Heap Roots: 0.78ms
[58.659s][info][gc,phases   ] GC(132)   Evacuate Collection Set: 76.14ms
[58.659s][info][gc,phases   ] GC(132)   Post Evacuate Collection Set: 0.48ms
[58.659s][info][gc,phases   ] GC(132)   Other: 0.10ms
[58.659s][info][gc,heap     ] GC(132) Eden regions: 269->0(350)
[58.659s][info][gc,heap     ] GC(132) Survivor regions: 43->15(39)
[58.659s][info][gc,heap     ] GC(132) Old regions: 469->513
[58.659s][info][gc,heap     ] GC(132) Humongous regions: 7->7
[58.659s][info][gc,metaspace] GC(132) Metaspace: 17584K(17792K)->17584K(17792K) NonClass: 14957K(15040K)->14957K(15040K) Class: 2627K(2752K)->2627K(2752K)
[58.659s][info][gc          ] GC(132) Pause Young (Prepare Mixed) (G1 Evacuation Pause) 788M->534M(978M) 78.284ms
[58.659s][info][gc,cpu      ] GC(132) User=0.15s Sys=0.00s Real=0.08s
[59.292s][info][gc,start    ] GC(133) Pause Young (Mixed) (G1 Evacuation Pause)
[59.292s][info][gc,task     ] GC(133) Using 2 workers of 2 for evacuation
[59.310s][info][gc,phases   ] GC(133)   Pre Evacuate Collection Set: 0.34ms
[59.310s][info][gc,phases   ] GC(133)   Merge Heap Roots: 0.22ms
[59.310s][info][gc,phases   ] GC(133)   Evacuate Collection Set: 16.81ms
[59.310s][info][gc,phases   ] GC(133)   Post Evacuate Collection Set: 0.57ms
[59.310s][info][gc,phases   ] GC(133)   Other: 0.10ms
[59.310s][info][gc,heap     ] GC(133) Eden regions: 350->0(414)
[59.310s][info][gc,heap     ] GC(133) Survivor regions: 15->16(46)
[59.310s][info][gc,heap     ] GC(133) Old regions: 513->449
[59.310s][info][gc,heap     ] GC(133) Humongous regions: 7->7
[59.310s][info][gc,metaspace] GC(133) Metaspace: 17590K(17792K)->17590K(17792K) NonClass: 14963K(15040K)->14963K(15040K) Class: 2627K(2752K)->2627K(2752K)
[59.310s][info][gc          ] GC(133) Pause Young (Mixed) (G1 Evacuation Pause) 884M->471M(978M) 18.251ms
[59.310s][info][gc,cpu      ] GC(133) User=0.04s Sys=0.00s Real=0.02s
[59.856s][info][gc,start    ] GC(134) Pause Young (Concurrent Start) (G1 Evacuation Pause)
[59.856s][info][gc,task     ] GC(134) Using 2 workers of 2 for evacuation
[59.920s][info][gc,phases   ] GC(134)   Pre Evacuate Collection Set: 0.33ms
[59.920s][info][gc,phases   ] GC(134)   Merge Heap Roots: 0.33ms
[59.920s][info][gc,phases   ] GC(134)   Evacuate Collection Set: 62.96ms
[59.920s][info][gc,phases   ] GC(134)   Post Evacuate Collection Set: 0.62ms
[59.921s][info][gc,phases   ] GC(134)   Other: 0.22ms
[59.921s][info][gc,heap     ] GC(134) Eden regions: 414->0(363)
[59.921s][info][gc,heap     ] GC(134) Survivor regions: 16->54(54)
[59.921s][info][gc,heap     ] GC(134) Old regions: 449->450
[59.921s][info][gc,heap     ] GC(134) Humongous regions: 7->7
[59.921s][info][gc,metaspace] GC(134) Metaspace: 17593K(17792K)->17593K(17792K) NonClass: 14966K(15040K)->14966K(15040K) Class: 2627K(2752K)->2627K(2752K)
[59.921s][info][gc          ] GC(134) Pause Young (Concurrent Start) (G1 Evacuation Pause) 885M->511M(978M) 64.651ms
[59.921s][info][gc,cpu      ] GC(134) User=0.12s Sys=0.00s Real=0.06s
[59.921s][info][gc          ] GC(135) Concurrent Mark Cycle
[59.921s][info][gc,marking  ] GC(135) Concurrent Scan Root Regions
[59.989s][info][gc,marking  ] GC(135) Concurrent Scan Root Regions 68.255ms
[59.989s][info][gc,marking  ] GC(135) Concurrent Mark
[59.989s][info][gc,marking  ] GC(135) Concurrent Mark From Roots
[59.989s][info][gc,task     ] GC(135) Using 1 workers of 1 for marking
[60.513s][info][gc,start    ] GC(136) Pause Young (Normal) (G1 Evacuation Pause)
[60.513s][info][gc,task     ] GC(136) Using 2 workers of 2 for evacuation
[60.574s][info][gc,phases   ] GC(136)   Pre Evacuate Collection Set: 0.48ms
[60.574s][info][gc,phases   ] GC(136)   Merge Heap Roots: 0.26ms
[60.574s][info][gc,phases   ] GC(136)   Evacuate Collection Set: 59.39ms
[60.574s][info][gc,phases   ] GC(136)   Post Evacuate Collection Set: 0.58ms
[60.574s][info][gc,phases   ] GC(136)   Other: 0.09ms
[60.574s][info][gc,heap     ] GC(136) Eden regions: 363->0(376)
[60.574s][info][gc,heap     ] GC(136) Survivor regions: 54->7(53)
[60.574s][info][gc,heap     ] GC(136) Old regions: 450->505
[60.574s][info][gc,heap     ] GC(136) Humongous regions: 7->7
[60.574s][info][gc,metaspace] GC(136) Metaspace: 17594K(17792K)->17594K(17792K) NonClass: 14967K(15040K)->14967K(15040K) Class: 2627K(2752K)->2627K(2752K)
[60.574s][info][gc          ] GC(136) Pause Young (Normal) (G1 Evacuation Pause) 874M->518M(978M) 61.057ms
[60.574s][info][gc,cpu      ] GC(136) User=0.12s Sys=0.01s Real=0.06s
[60.804s][info][gc,marking  ] GC(135) Concurrent Mark From Roots 814.865ms
[60.804s][info][gc,marking  ] GC(135) Concurrent Preclean
[60.804s][info][gc,marking  ] GC(135) Concurrent Preclean 0.039ms
[60.804s][info][gc,start    ] GC(135) Pause Remark
[60.811s][info][gc          ] GC(135) Pause Remark 698M->579M(978M) 6.517ms
[60.811s][info][gc,cpu      ] GC(135) User=0.02s Sys=0.00s Real=0.00s
[60.811s][info][gc,marking  ] GC(135) Concurrent Mark 821.757ms
[60.811s][info][gc,marking  ] GC(135) Concurrent Rebuild Remembered Sets and Scrub Regions
[61.079s][info][gc,marking  ] GC(135) Concurrent Rebuild Remembered Sets and Scrub Regions 268.595ms
[61.080s][info][gc,start    ] GC(135) Pause Cleanup
[61.080s][info][gc          ] GC(135) Pause Cleanup 680M->680M(978M) 0.121ms
[61.080s][info][gc,cpu      ] GC(135) User=0.00s Sys=0.00s Real=0.00s
[61.081s][info][gc,marking  ] GC(135) Concurrent Clear Claimed Marks
[61.081s][info][gc,marking  ] GC(135) Concurrent Clear Claimed Marks 0.064ms
[61.081s][info][gc,marking  ] GC(135) Concurrent Cleanup for Next Mark
[61.089s][info][gc,marking  ] GC(135) Concurrent Cleanup for Next Mark 7.907ms
[61.089s][info][gc          ] GC(135) Concurrent Mark Cycle 1168.350ms
[61.239s][info][gc,start    ] GC(137) Pause Young (Prepare Mixed) (G1 Evacuation Pause)
[61.239s][info][gc,task     ] GC(137) Using 2 workers of 2 for evacuation
[61.266s][info][gc,phases   ] GC(137)   Pre Evacuate Collection Set: 0.52ms
[61.266s][info][gc,phases   ] GC(137)   Merge Heap Roots: 0.27ms
[61.266s][info][gc,phases   ] GC(137)   Evacuate Collection Set: 25.51ms
[61.266s][info][gc,phases   ] GC(137)   Post Evacuate Collection Set: 0.56ms
[61.266s][info][gc,phases   ] GC(137)   Other: 0.11ms
[61.266s][info][gc,heap     ] GC(137) Eden regions: 376->0(441)
[61.266s][info][gc,heap     ] GC(137) Survivor regions: 7->23(48)
[61.266s][info][gc,heap     ] GC(137) Old regions: 389->389
[61.266s][info][gc,heap     ] GC(137) Humongous regions: 4->4
[61.266s][info][gc,metaspace] GC(137) Metaspace: 17594K(17792K)->17594K(17792K) NonClass: 14967K(15040K)->14967K(15040K) Class: 2627K(2752K)->2627K(2752K)
[61.266s][info][gc          ] GC(137) Pause Young (Prepare Mixed) (G1 Evacuation Pause) 775M->415M(978M) 27.178ms
[61.266s][info][gc,cpu      ] GC(137) User=0.06s Sys=0.00s Real=0.03s
[61.860s][info][gc,start    ] GC(138) Pause Young (Mixed) (G1 Evacuation Pause)
[61.860s][info][gc,task     ] GC(138) Using 2 workers of 2 for evacuation
[62.005s][info][gc,phases   ] GC(138)   Pre Evacuate Collection Set: 0.31ms
[62.006s][info][gc,phases   ] GC(138)   Merge Heap Roots: 0.25ms
[62.006s][info][gc,phases   ] GC(138)   Evacuate Collection Set: 134.42ms
[62.006s][info][gc,phases   ] GC(138)   Post Evacuate Collection Set: 10.16ms
[62.006s][info][gc,phases   ] GC(138)   Other: 0.09ms
[62.006s][info][gc,heap     ] GC(138) Eden regions: 444->0(281)
[62.006s][info][gc,heap     ] GC(138) Survivor regions: 23->59(59)
[62.006s][info][gc,heap     ] GC(138) Old regions: 389->520
[62.006s][info][gc,heap     ] GC(138) Humongous regions: 4->4
[62.006s][info][gc,metaspace] GC(138) Metaspace: 17602K(17792K)->17602K(17792K) NonClass: 14975K(15040K)->14975K(15040K) Class: 2627K(2752K)->2627K(2752K)
[62.006s][info][gc          ] GC(138) Pause Young (Mixed) (G1 Evacuation Pause) (Evacuation Failure: Allocation) 859M->583M(978M) 145.466ms
[62.006s][info][gc,cpu      ] GC(138) User=0.29s Sys=0.00s Real=0.15s
[62.740s][info][gc,start    ] GC(139) Pause Young (Concurrent Start) (G1 Evacuation Pause)
[62.741s][info][gc,task     ] GC(139) Using 2 workers of 2 for evacuation
[62.844s][info][gc,phases   ] GC(139)   Pre Evacuate Collection Set: 0.41ms
[62.844s][info][gc,phases   ] GC(139)   Merge Heap Roots: 0.57ms
[62.844s][info][gc,phases   ] GC(139)   Evacuate Collection Set: 101.52ms
[62.844s][info][gc,phases   ] GC(139)   Post Evacuate Collection Set: 0.78ms
[62.844s][info][gc,phases   ] GC(139)   Other: 0.11ms
[62.844s][info][gc,heap     ] GC(139) Eden regions: 281->0(337)
[62.844s][info][gc,heap     ] GC(139) Survivor regions: 59->9(43)
[62.844s][info][gc,heap     ] GC(139) Old regions: 520->503
[62.844s][info][gc,heap     ] GC(139) Humongous regions: 4->4
[62.844s][info][gc,metaspace] GC(139) Metaspace: 17605K(17792K)->17605K(17792K) NonClass: 14978K(15040K)->14978K(15040K) Class: 2627K(2752K)->2627K(2752K)
[62.844s][info][gc          ] GC(139) Pause Young (Concurrent Start) (G1 Evacuation Pause) 864M->515M(978M) 103.659ms
[62.844s][info][gc,cpu      ] GC(139) User=0.20s Sys=0.00s Real=0.11s
[62.844s][info][gc          ] GC(140) Concurrent Mark Cycle
[62.847s][info][gc,marking  ] GC(140) Concurrent Scan Root Regions
[62.978s][info][gc,marking  ] GC(140) Concurrent Scan Root Regions 131.320ms
[62.978s][info][gc,marking  ] GC(140) Concurrent Mark
[62.978s][info][gc,marking  ] GC(140) Concurrent Mark From Roots
[62.978s][info][gc,task     ] GC(140) Using 1 workers of 1 for marking
[63.838s][info][gc,start    ] GC(141) Pause Young (Normal) (G1 Evacuation Pause)
[63.838s][info][gc,task     ] GC(141) Using 2 workers of 2 for evacuation
[63.944s][info][gc,phases   ] GC(141)   Pre Evacuate Collection Set: 0.29ms
[63.944s][info][gc,phases   ] GC(141)   Merge Heap Roots: 0.80ms
[63.944s][info][gc,phases   ] GC(141)   Evacuate Collection Set: 103.99ms
[63.944s][info][gc,phases   ] GC(141)   Post Evacuate Collection Set: 0.98ms
[63.944s][info][gc,phases   ] GC(141)   Other: 0.09ms
[63.944s][info][gc,heap     ] GC(141) Eden regions: 337->0(271)
[63.944s][info][gc,heap     ] GC(141) Survivor regions: 9->44(44)
[63.944s][info][gc,heap     ] GC(141) Old regions: 503->528
[63.944s][info][gc,heap     ] GC(141) Humongous regions: 10->10
[63.944s][info][gc,metaspace] GC(141) Metaspace: 17606K(17792K)->17606K(17792K) NonClass: 14979K(15040K)->14979K(15040K) Class: 2627K(2752K)->2627K(2752K)
[63.944s][info][gc          ] GC(141) Pause Young (Normal) (G1 Evacuation Pause) 858M->582M(978M) 106.418ms
[63.944s][info][gc,cpu      ] GC(141) User=0.21s Sys=0.00s Real=0.11s
[64.059s][info][gc,marking  ] GC(140) Concurrent Mark From Roots 1081.151ms
[64.060s][info][gc,marking  ] GC(140) Concurrent Preclean
[64.060s][info][gc,marking  ] GC(140) Concurrent Preclean 0.025ms
[64.060s][info][gc,start    ] GC(140) Pause Remark
[64.066s][info][gc          ] GC(140) Pause Remark 630M->630M(978M) 6.195ms
[64.066s][info][gc,cpu      ] GC(140) User=0.01s Sys=0.00s Real=0.01s
[64.066s][info][gc,marking  ] GC(140) Concurrent Mark 1087.641ms
[64.066s][info][gc,marking  ] GC(140) Concurrent Rebuild Remembered Sets and Scrub Regions
[64.532s][info][gc,marking  ] GC(140) Concurrent Rebuild Remembered Sets and Scrub Regions 466.036ms
[64.532s][info][gc,start    ] GC(140) Pause Cleanup
[64.532s][info][gc          ] GC(140) Pause Cleanup 811M->811M(978M) 0.102ms
[64.532s][info][gc,cpu      ] GC(140) User=0.00s Sys=0.00s Real=0.00s
[64.534s][info][gc,marking  ] GC(140) Concurrent Clear Claimed Marks
[64.534s][info][gc,marking  ] GC(140) Concurrent Clear Claimed Marks 0.038ms
[64.534s][info][gc,marking  ] GC(140) Concurrent Cleanup for Next Mark
[64.539s][info][gc,marking  ] GC(140) Concurrent Cleanup for Next Mark 4.854ms
[64.539s][info][gc          ] GC(140) Concurrent Mark Cycle 1694.620ms
[64.602s][info][gc,start    ] GC(142) Pause Young (Prepare Mixed) (G1 Evacuation Pause)
[64.602s][info][gc,task     ] GC(142) Using 2 workers of 2 for evacuation
[64.739s][info][gc,phases   ] GC(142)   Pre Evacuate Collection Set: 0.48ms
[64.739s][info][gc,phases   ] GC(142)   Merge Heap Roots: 1.20ms
[64.739s][info][gc,phases   ] GC(142)   Evacuate Collection Set: 134.97ms
[64.739s][info][gc,phases   ] GC(142)   Post Evacuate Collection Set: 0.56ms
[64.739s][info][gc,phases   ] GC(142)   Other: 0.08ms
[64.739s][info][gc,heap     ] GC(142) Eden regions: 271->0(205)
[64.739s][info][gc,heap     ] GC(142) Survivor regions: 44->40(40)
[64.739s][info][gc,heap     ] GC(142) Old regions: 528->573
[64.739s][info][gc,heap     ] GC(142) Humongous regions: 13->13
[64.739s][info][gc,metaspace] GC(142) Metaspace: 17606K(17792K)->17606K(17792K) NonClass: 14979K(15040K)->14979K(15040K) Class: 2627K(2752K)->2627K(2752K)
[64.739s][info][gc          ] GC(142) Pause Young (Prepare Mixed) (G1 Evacuation Pause) 856M->625M(978M) 137.532ms
[64.739s][info][gc,cpu      ] GC(142) User=0.27s Sys=0.00s Real=0.14s
[65.062s][info][gc,start    ] GC(143) Pause Young (Mixed) (G1 Evacuation Pause)
[65.062s][info][gc,task     ] GC(143) Using 2 workers of 2 for evacuation
[65.106s][info][gc,phases   ] GC(143)   Pre Evacuate Collection Set: 0.51ms
[65.106s][info][gc,phases   ] GC(143)   Merge Heap Roots: 0.22ms
[65.106s][info][gc,phases   ] GC(143)   Evacuate Collection Set: 43.23ms
[65.106s][info][gc,phases   ] GC(143)   Post Evacuate Collection Set: 0.46ms
[65.106s][info][gc,phases   ] GC(143)   Other: 0.09ms
[65.106s][info][gc,heap     ] GC(143) Eden regions: 214->0(253)
[65.106s][info][gc,heap     ] GC(143) Survivor regions: 40->1(32)
[65.106s][info][gc,heap     ] GC(143) Old regions: 573->610
[65.106s][info][gc,heap     ] GC(143) Humongous regions: 13->13
[65.106s][info][gc,metaspace] GC(143) Metaspace: 17606K(17792K)->17606K(17792K) NonClass: 14979K(15040K)->14979K(15040K) Class: 2627K(2752K)->2627K(2752K)
[65.106s][info][gc          ] GC(143) Pause Young (Mixed) (G1 Evacuation Pause) 839M->624M(978M) 44.740ms
[65.106s][info][gc,cpu      ] GC(143) User=0.09s Sys=0.00s Real=0.05s
[65.486s][info][gc,start    ] GC(144) Pause Young (Mixed) (G1 Evacuation Pause)
[65.486s][info][gc,task     ] GC(144) Using 2 workers of 2 for evacuation
[65.488s][info][gc,phases   ] GC(144)   Pre Evacuate Collection Set: 0.29ms
[65.488s][info][gc,phases   ] GC(144)   Merge Heap Roots: 0.10ms
[65.488s][info][gc,phases   ] GC(144)   Evacuate Collection Set: 0.61ms
[65.488s][info][gc,phases   ] GC(144)   Post Evacuate Collection Set: 0.39ms
[65.488s][info][gc,phases   ] GC(144)   Other: 0.08ms
[65.488s][info][gc,heap     ] GC(144) Eden regions: 253->0(273)
[65.488s][info][gc,heap     ] GC(144) Survivor regions: 1->1(32)
[65.488s][info][gc,heap     ] GC(144) Old regions: 610->603
[65.488s][info][gc,heap     ] GC(144) Humongous regions: 13->13
[65.488s][info][gc,metaspace] GC(144) Metaspace: 17606K(17792K)->17606K(17792K) NonClass: 14979K(15040K)->14979K(15040K) Class: 2627K(2752K)->2627K(2752K)
[65.488s][info][gc          ] GC(144) Pause Young (Mixed) (G1 Evacuation Pause) 877M->617M(978M) 1.659ms
[65.488s][info][gc,cpu      ] GC(144) User=0.01s Sys=0.00s Real=0.00s
[65.885s][info][gc,start    ] GC(145) Pause Young (Concurrent Start) (G1 Evacuation Pause)
[65.885s][info][gc,task     ] GC(145) Using 2 workers of 2 for evacuation
[65.887s][info][gc,phases   ] GC(145)   Pre Evacuate Collection Set: 0.35ms
[65.887s][info][gc,phases   ] GC(145)   Merge Heap Roots: 0.09ms
[65.887s][info][gc,phases   ] GC(145)   Evacuate Collection Set: 0.50ms
[65.887s][info][gc,phases   ] GC(145)   Post Evacuate Collection Set: 0.39ms
[65.887s][info][gc,phases   ] GC(145)   Other: 0.21ms
[65.887s][info][gc,heap     ] GC(145) Eden regions: 273->0(287)
[65.887s][info][gc,heap     ] GC(145) Survivor regions: 1->1(35)
[65.887s][info][gc,heap     ] GC(145) Old regions: 603->603
[65.887s][info][gc,heap     ] GC(145) Humongous regions: 13->13
[65.887s][info][gc,metaspace] GC(145) Metaspace: 17606K(17792K)->17606K(17792K) NonClass: 14979K(15040K)->14979K(15040K) Class: 2627K(2752K)->2627K(2752K)
[65.887s][info][gc          ] GC(145) Pause Young (Concurrent Start) (G1 Evacuation Pause) 890M->616M(978M) 1.729ms
[65.887s][info][gc          ] GC(146) Concurrent Mark Cycle
[65.887s][info][gc,marking  ] GC(146) Concurrent Scan Root Regions
[65.887s][info][gc,marking  ] GC(146) Concurrent Scan Root Regions 0.243ms
[65.887s][info][gc,marking  ] GC(146) Concurrent Mark
[65.887s][info][gc,marking  ] GC(146) Concurrent Mark From Roots
[65.887s][info][gc,task     ] GC(146) Using 1 workers of 1 for marking
[65.887s][info][gc,cpu      ] GC(145) User=0.01s Sys=0.00s Real=0.00s
[66.844s][info][gc,start    ] GC(147) Pause Young (Normal) (G1 Evacuation Pause)
[66.844s][info][gc,task     ] GC(147) Using 2 workers of 2 for evacuation
[66.846s][info][gc,phases   ] GC(147)   Pre Evacuate Collection Set: 0.54ms
[66.846s][info][gc,phases   ] GC(147)   Merge Heap Roots: 0.12ms
[66.846s][info][gc,phases   ] GC(147)   Evacuate Collection Set: 0.26ms
[66.846s][info][gc,phases   ] GC(147)   Post Evacuate Collection Set: 0.44ms
[66.846s][info][gc,phases   ] GC(147)   Other: 0.10ms
[66.846s][info][gc,heap     ] GC(147) Eden regions: 287->0(298)
[66.846s][info][gc,heap     ] GC(147) Survivor regions: 1->1(36)
[66.846s][info][gc,heap     ] GC(147) Old regions: 603->603
[66.846s][info][gc,heap     ] GC(147) Humongous regions: 13->13
[66.846s][info][gc,metaspace] GC(147) Metaspace: 17606K(17792K)->17606K(17792K) NonClass: 14979K(15040K)->14979K(15040K) Class: 2627K(2752K)->2627K(2752K)
[66.846s][info][gc          ] GC(147) Pause Young (Normal) (G1 Evacuation Pause) 903M->616M(978M) 1.685ms
[66.846s][info][gc,cpu      ] GC(147) User=0.01s Sys=0.00s Real=0.00s
[67.326s][info][gc,marking  ] GC(146) Concurrent Mark From Roots 1438.711ms
[67.326s][info][gc,marking  ] GC(146) Concurrent Preclean
[67.326s][info][gc,marking  ] GC(146) Concurrent Preclean 0.031ms
[67.326s][info][gc,start    ] GC(146) Pause Remark
[67.333s][info][gc          ] GC(146) Pause Remark 808M->749M(978M) 6.447ms
[67.333s][info][gc,cpu      ] GC(146) User=0.01s Sys=0.00s Real=0.00s
[67.333s][info][gc,marking  ] GC(146) Concurrent Mark 1446.082ms
[67.333s][info][gc,marking  ] GC(146) Concurrent Rebuild Remembered Sets and Scrub Regions
[67.450s][info][gc,start    ] GC(148) Pause Young (Normal) (G1 Evacuation Pause)
[67.450s][info][gc,task     ] GC(148) Using 2 workers of 2 for evacuation
[67.486s][info][gc,phases   ] GC(148)   Pre Evacuate Collection Set: 0.30ms
[67.486s][info][gc,phases   ] GC(148)   Merge Heap Roots: 0.18ms
[67.486s][info][gc,phases   ] GC(148)   Evacuate Collection Set: 35.00ms
[67.486s][info][gc,phases   ] GC(148)   Post Evacuate Collection Set: 0.49ms
[67.486s][info][gc,phases   ] GC(148)   Other: 0.10ms
[67.486s][info][gc,heap     ] GC(148) Eden regions: 298->0(309)
[67.486s][info][gc,heap     ] GC(148) Survivor regions: 1->31(38)
[67.486s][info][gc,heap     ] GC(148) Old regions: 550->550
[67.486s][info][gc,heap     ] GC(148) Humongous regions: 7->7
[67.486s][info][gc,metaspace] GC(148) Metaspace: 17607K(17792K)->17607K(17792K) NonClass: 14980K(15040K)->14980K(15040K) Class: 2627K(2752K)->2627K(2752K)
[67.486s][info][gc          ] GC(148) Pause Young (Normal) (G1 Evacuation Pause) 855M->588M(978M) 36.274ms
[67.486s][info][gc,cpu      ] GC(148) User=0.07s Sys=0.00s Real=0.04s
[67.820s][info][gc,marking  ] GC(146) Concurrent Rebuild Remembered Sets and Scrub Regions 486.947ms
[67.820s][info][gc,start    ] GC(146) Pause Cleanup
[67.821s][info][gc          ] GC(146) Pause Cleanup 813M->813M(978M) 0.165ms
[67.821s][info][gc,cpu      ] GC(146) User=0.00s Sys=0.00s Real=0.00s
[67.821s][info][gc,marking  ] GC(146) Concurrent Clear Claimed Marks
[67.821s][info][gc,marking  ] GC(146) Concurrent Clear Claimed Marks 0.033ms
[67.821s][info][gc,marking  ] GC(146) Concurrent Cleanup for Next Mark
[67.826s][info][gc,marking  ] GC(146) Concurrent Cleanup for Next Mark 4.896ms
[67.826s][info][gc          ] GC(146) Concurrent Mark Cycle 1938.750ms
[67.913s][info][gc,start    ] GC(149) Pause Young (Prepare Mixed) (G1 Evacuation Pause)
[67.913s][info][gc,task     ] GC(149) Using 2 workers of 2 for evacuation
[67.954s][info][gc,phases   ] GC(149)   Pre Evacuate Collection Set: 0.28ms
[67.954s][info][gc,phases   ] GC(149)   Merge Heap Roots: 0.26ms
[67.954s][info][gc,phases   ] GC(149)   Evacuate Collection Set: 39.22ms
[67.954s][info][gc,phases   ] GC(149)   Post Evacuate Collection Set: 0.67ms
[67.954s][info][gc,phases   ] GC(149)   Other: 0.07ms
[67.954s][info][gc,heap     ] GC(149) Eden regions: 309->0(310)
[67.954s][info][gc,heap     ] GC(149) Survivor regions: 31->10(43)
[67.954s][info][gc,heap     ] GC(149) Old regions: 550->581
[67.954s][info][gc,heap     ] GC(149) Humongous regions: 7->7
[67.954s][info][gc,metaspace] GC(149) Metaspace: 17607K(17792K)->17607K(17792K) NonClass: 14980K(15040K)->14980K(15040K) Class: 2627K(2752K)->2627K(2752K)
[67.954s][info][gc          ] GC(149) Pause Young (Prepare Mixed) (G1 Evacuation Pause) 897M->597M(978M) 40.735ms
[67.954s][info][gc,cpu      ] GC(149) User=0.08s Sys=0.00s Real=0.04s
[68.546s][info][gc,start    ] GC(150) Pause Young (Mixed) (G1 Evacuation Pause)
[68.546s][info][gc,task     ] GC(150) Using 2 workers of 2 for evacuation
[68.657s][info][gc,phases   ] GC(150)   Pre Evacuate Collection Set: 0.34ms
[68.657s][info][gc,phases   ] GC(150)   Merge Heap Roots: 0.73ms
[68.657s][info][gc,phases   ] GC(150)   Evacuate Collection Set: 39.87ms
[68.657s][info][gc,phases   ] GC(150)   Merge Optional Heap Roots: 0.42ms
[68.657s][info][gc,phases   ] GC(150)   Evacuate Optional Collection Set: 68.20ms
[68.657s][info][gc,phases   ] GC(150)   Post Evacuate Collection Set: 1.40ms
[68.657s][info][gc,phases   ] GC(150)   Other: 0.06ms
[68.657s][info][gc,heap     ] GC(150) Eden regions: 310->0(392)
[68.657s][info][gc,heap     ] GC(150) Survivor regions: 10->10(40)
[68.657s][info][gc,heap     ] GC(150) Old regions: 581->492
[68.657s][info][gc,heap     ] GC(150) Humongous regions: 7->7
[68.657s][info][gc,metaspace] GC(150) Metaspace: 17607K(17792K)->17607K(17792K) NonClass: 14980K(15040K)->14980K(15040K) Class: 2627K(2752K)->2627K(2752K)
[68.657s][info][gc          ] GC(150) Pause Young (Mixed) (G1 Evacuation Pause) 907M->508M(978M) 111.279ms
[68.657s][info][gc,cpu      ] GC(150) User=0.22s Sys=0.00s Real=0.11s
[69.293s][info][gc,start    ] GC(151) Pause Young (Concurrent Start) (G1 Evacuation Pause)
[69.293s][info][gc,task     ] GC(151) Using 2 workers of 2 for evacuation
[69.333s][info][gc,phases   ] GC(151)   Pre Evacuate Collection Set: 0.29ms
[69.333s][info][gc,phases   ] GC(151)   Merge Heap Roots: 0.52ms
[69.333s][info][gc,phases   ] GC(151)   Evacuate Collection Set: 38.12ms
[69.333s][info][gc,phases   ] GC(151)   Post Evacuate Collection Set: 0.55ms
[69.333s][info][gc,phases   ] GC(151)   Other: 0.13ms
[69.333s][info][gc,heap     ] GC(151) Eden regions: 392->0(383)
[69.333s][info][gc,heap     ] GC(151) Survivor regions: 10->23(51)
[69.333s][info][gc,heap     ] GC(151) Old regions: 492->492
[69.333s][info][gc,heap     ] GC(151) Humongous regions: 7->7
[69.333s][info][gc,metaspace] GC(151) Metaspace: 17607K(17792K)->17607K(17792K) NonClass: 14980K(15040K)->14980K(15040K) Class: 2627K(2752K)->2627K(2752K)
[69.333s][info][gc          ] GC(151) Pause Young (Concurrent Start) (G1 Evacuation Pause) 900M->521M(978M) 39.864ms
[69.333s][info][gc,cpu      ] GC(151) User=0.08s Sys=0.00s Real=0.04s
[69.333s][info][gc          ] GC(152) Concurrent Mark Cycle
[69.335s][info][gc,marking  ] GC(152) Concurrent Scan Root Regions
[69.376s][info][gc,marking  ] GC(152) Concurrent Scan Root Regions 40.884ms
[69.376s][info][gc,marking  ] GC(152) Concurrent Mark
[69.376s][info][gc,marking  ] GC(152) Concurrent Mark From Roots
[69.376s][info][gc,task     ] GC(152) Using 1 workers of 1 for marking
[70.199s][info][gc,marking  ] GC(152) Concurrent Mark From Roots 823.314ms
[70.199s][info][gc,marking  ] GC(152) Concurrent Preclean
[70.199s][info][gc,marking  ] GC(152) Concurrent Preclean 0.024ms
[70.200s][info][gc,start    ] GC(152) Pause Remark
[70.206s][info][gc          ] GC(152) Pause Remark 794M->666M(978M) 6.307ms
[70.206s][info][gc,cpu      ] GC(152) User=0.02s Sys=0.00s Real=0.01s
[70.206s][info][gc,marking  ] GC(152) Concurrent Mark 830.326ms
[70.206s][info][gc,marking  ] GC(152) Concurrent Rebuild Remembered Sets and Scrub Regions
[70.444s][info][gc,marking  ] GC(152) Concurrent Rebuild Remembered Sets and Scrub Regions 237.846ms
[70.445s][info][gc,start    ] GC(152) Pause Cleanup
[70.445s][info][gc          ] GC(152) Pause Cleanup 770M->770M(978M) 0.140ms
[70.445s][info][gc,cpu      ] GC(152) User=0.00s Sys=0.00s Real=0.00s
[70.445s][info][gc,marking  ] GC(152) Concurrent Clear Claimed Marks
[70.445s][info][gc,marking  ] GC(152) Concurrent Clear Claimed Marks 0.028ms
[70.445s][info][gc,marking  ] GC(152) Concurrent Cleanup for Next Mark
[70.450s][info][gc,marking  ] GC(152) Concurrent Cleanup for Next Mark 4.822ms
[70.450s][info][gc          ] GC(152) Concurrent Mark Cycle 1116.850ms
[70.460s][info][gc,start    ] GC(153) Pause Young (Prepare Mixed) (G1 Evacuation Pause)
[70.460s][info][gc,task     ] GC(153) Using 2 workers of 2 for evacuation
[70.557s][info][gc,phases   ] GC(153)   Pre Evacuate Collection Set: 0.25ms
[70.557s][info][gc,phases   ] GC(153)   Merge Heap Roots: 0.30ms
[70.557s][info][gc,phases   ] GC(153)   Evacuate Collection Set: 96.44ms
[70.557s][info][gc,phases   ] GC(153)   Post Evacuate Collection Set: 0.66ms
[70.557s][info][gc,phases   ] GC(153)   Other: 0.12ms
[70.557s][info][gc,heap     ] GC(153) Eden regions: 383->0(205)
[70.557s][info][gc,heap     ] GC(153) Survivor regions: 23->51(51)
[70.557s][info][gc,heap     ] GC(153) Old regions: 366->402
[70.557s][info][gc,heap     ] GC(153) Humongous regions: 8->8
[70.557s][info][gc,metaspace] GC(153) Metaspace: 17640K(17856K)->17640K(17856K) NonClass: 15008K(15104K)->15008K(15104K) Class: 2632K(2752K)->2632K(2752K)
[70.558s][info][gc          ] GC(153) Pause Young (Prepare Mixed) (G1 Evacuation Pause) 779M->461M(978M) 97.990ms
[70.558s][info][gc,cpu      ] GC(153) User=0.19s Sys=0.00s Real=0.10s
[70.877s][info][gc,start    ] GC(154) Pause Young (Mixed) (G1 Evacuation Pause)
[70.878s][info][gc,task     ] GC(154) Using 2 workers of 2 for evacuation
[70.932s][info][gc,phases   ] GC(154)   Pre Evacuate Collection Set: 0.54ms
[70.932s][info][gc,phases   ] GC(154)   Merge Heap Roots: 0.32ms
[70.932s][info][gc,phases   ] GC(154)   Evacuate Collection Set: 53.06ms
[70.932s][info][gc,phases   ] GC(154)   Post Evacuate Collection Set: 0.47ms
[70.932s][info][gc,phases   ] GC(154)   Other: 0.11ms
[70.932s][info][gc,heap     ] GC(154) Eden regions: 219->0(407)
[70.932s][info][gc,heap     ] GC(154) Survivor regions: 51->1(34)
[70.932s][info][gc,heap     ] GC(154) Old regions: 402->449
[70.932s][info][gc,heap     ] GC(154) Humongous regions: 8->8
[70.932s][info][gc,metaspace] GC(154) Metaspace: 17640K(17856K)->17640K(17856K) NonClass: 15008K(15104K)->15008K(15104K) Class: 2632K(2752K)->2632K(2752K)
[70.932s][info][gc          ] GC(154) Pause Young (Mixed) (G1 Evacuation Pause) 680M->457M(978M) 54.742ms
[70.932s][info][gc,cpu      ] GC(154) User=0.11s Sys=0.00s Real=0.05s
[71.511s][info][gc,start    ] GC(155) Pause Young (Mixed) (G1 Evacuation Pause)
[71.511s][info][gc,task     ] GC(155) Using 2 workers of 2 for evacuation
[71.515s][info][gc,phases   ] GC(155)   Pre Evacuate Collection Set: 0.30ms
[71.515s][info][gc,phases   ] GC(155)   Merge Heap Roots: 0.19ms
[71.515s][info][gc,phases   ] GC(155)   Evacuate Collection Set: 1.95ms
[71.515s][info][gc,phases   ] GC(155)   Post Evacuate Collection Set: 0.54ms
[71.515s][info][gc,phases   ] GC(155)   Other: 0.11ms
[71.515s][info][gc,heap     ] GC(155) Eden regions: 407->0(450)
[71.515s][info][gc,heap     ] GC(155) Survivor regions: 1->1(51)
[71.515s][info][gc,heap     ] GC(155) Old regions: 449->420
[71.515s][info][gc,heap     ] GC(155) Humongous regions: 8->8
[71.515s][info][gc,metaspace] GC(155) Metaspace: 17640K(17856K)->17640K(17856K) NonClass: 15008K(15104K)->15008K(15104K) Class: 2632K(2752K)->2632K(2752K)
[71.515s][info][gc          ] GC(155) Pause Young (Mixed) (G1 Evacuation Pause) 864M->428M(978M) 3.322ms
[71.515s][info][gc,cpu      ] GC(155) User=0.00s Sys=0.00s Real=0.01s
[71.938s][info][gc,start    ] GC(156) Pause Young (Concurrent Start) (G1 Evacuation Pause)
[71.938s][info][gc,task     ] GC(156) Using 2 workers of 2 for evacuation
[72.037s][info][gc,phases   ] GC(156)   Pre Evacuate Collection Set: 0.40ms
[72.037s][info][gc,phases   ] GC(156)   Merge Heap Roots: 0.64ms
[72.037s][info][gc,phases   ] GC(156)   Evacuate Collection Set: 96.87ms
[72.037s][info][gc,phases   ] GC(156)   Post Evacuate Collection Set: 0.65ms
[72.037s][info][gc,phases   ] GC(156)   Other: 0.16ms
[72.037s][info][gc,heap     ] GC(156) Eden regions: 450->0(347)
[72.037s][info][gc,heap     ] GC(156) Survivor regions: 1->57(57)
[72.037s][info][gc,heap     ] GC(156) Old regions: 420->446
[72.037s][info][gc,heap     ] GC(156) Humongous regions: 8->8
[72.037s][info][gc,metaspace] GC(156) Metaspace: 17640K(17856K)->17640K(17856K) NonClass: 15008K(15104K)->15008K(15104K) Class: 2632K(2752K)->2632K(2752K)
[72.037s][info][gc          ] GC(156) Pause Young (Concurrent Start) (G1 Evacuation Pause) 878M->511M(978M) 98.959ms
[72.037s][info][gc,cpu      ] GC(156) User=0.19s Sys=0.00s Real=0.10s
[72.037s][info][gc          ] GC(157) Concurrent Mark Cycle
[72.038s][info][gc,marking  ] GC(157) Concurrent Scan Root Regions
[72.198s][info][gc,marking  ] GC(157) Concurrent Scan Root Regions 160.209ms
[72.199s][info][gc,marking  ] GC(157) Concurrent Mark
[72.199s][info][gc,marking  ] GC(157) Concurrent Mark From Roots
[72.199s][info][gc,task     ] GC(157) Using 1 workers of 1 for marking
[72.431s][info][gc,start    ] GC(158) Pause Young (Normal) (G1 Evacuation Pause)
[72.431s][info][gc,task     ] GC(158) Using 2 workers of 2 for evacuation
[72.514s][info][gc,phases   ] GC(158)   Pre Evacuate Collection Set: 0.28ms
[72.514s][info][gc,phases   ] GC(158)   Merge Heap Roots: 0.32ms
[72.514s][info][gc,phases   ] GC(158)   Evacuate Collection Set: 80.79ms
[72.514s][info][gc,phases   ] GC(158)   Post Evacuate Collection Set: 0.59ms
[72.514s][info][gc,phases   ] GC(158)   Other: 0.09ms
[72.514s][info][gc,heap     ] GC(158) Eden regions: 347->0(340)
[72.514s][info][gc,heap     ] GC(158) Survivor regions: 57->21(51)
[72.514s][info][gc,heap     ] GC(158) Old regions: 446->504
[72.514s][info][gc,heap     ] GC(158) Humongous regions: 8->8
[72.514s][info][gc,metaspace] GC(158) Metaspace: 17640K(17856K)->17640K(17856K) NonClass: 15008K(15104K)->15008K(15104K) Class: 2632K(2752K)->2632K(2752K)
[72.514s][info][gc          ] GC(158) Pause Young (Normal) (G1 Evacuation Pause) 858M->532M(978M) 82.277ms
[72.514s][info][gc,cpu      ] GC(158) User=0.16s Sys=0.00s Real=0.09s
[72.920s][info][gc,marking  ] GC(157) Concurrent Mark From Roots 721.437ms
[72.920s][info][gc,marking  ] GC(157) Concurrent Preclean
[72.920s][info][gc,marking  ] GC(157) Concurrent Preclean 0.026ms
[72.920s][info][gc,start    ] GC(157) Pause Remark
[72.926s][info][gc          ] GC(157) Pause Remark 804M->734M(978M) 6.268ms
[72.926s][info][gc,cpu      ] GC(157) User=0.01s Sys=0.00s Real=0.01s
[72.927s][info][gc,marking  ] GC(157) Concurrent Mark 727.995ms
[72.927s][info][gc,marking  ] GC(157) Concurrent Rebuild Remembered Sets and Scrub Regions
[73.039s][info][gc,start    ] GC(159) Pause Young (Normal) (G1 Evacuation Pause)
[73.039s][info][gc,task     ] GC(159) Using 2 workers of 2 for evacuation
[73.085s][info][gc,phases   ] GC(159)   Pre Evacuate Collection Set: 0.26ms
[73.085s][info][gc,phases   ] GC(159)   Merge Heap Roots: 0.42ms
[73.085s][info][gc,phases   ] GC(159)   Evacuate Collection Set: 44.83ms
[73.085s][info][gc,phases   ] GC(159)   Post Evacuate Collection Set: 0.51ms
[73.085s][info][gc,phases   ] GC(159)   Other: 0.08ms
[73.085s][info][gc,heap     ] GC(159) Eden regions: 340->0(387)
[73.085s][info][gc,heap     ] GC(159) Survivor regions: 21->33(46)
[73.085s][info][gc,heap     ] GC(159) Old regions: 437->437
[73.085s][info][gc,heap     ] GC(159) Humongous regions: 5->5
[73.085s][info][gc,metaspace] GC(159) Metaspace: 17664K(17920K)->17664K(17920K) NonClass: 15031K(15168K)->15031K(15168K) Class: 2633K(2752K)->2633K(2752K)
[73.085s][info][gc          ] GC(159) Pause Young (Normal) (G1 Evacuation Pause) 802M->474M(978M) 46.344ms
[73.085s][info][gc,cpu      ] GC(159) User=0.09s Sys=0.00s Real=0.05s
[73.274s][info][gc,marking  ] GC(157) Concurrent Rebuild Remembered Sets and Scrub Regions 347.823ms
[73.275s][info][gc,start    ] GC(157) Pause Cleanup
[73.275s][info][gc          ] GC(157) Pause Cleanup 570M->570M(978M) 0.193ms
[73.275s][info][gc,cpu      ] GC(157) User=0.00s Sys=0.00s Real=0.00s
[73.275s][info][gc,marking  ] GC(157) Concurrent Clear Claimed Marks
[73.275s][info][gc,marking  ] GC(157) Concurrent Clear Claimed Marks 0.036ms
[73.275s][info][gc,marking  ] GC(157) Concurrent Cleanup for Next Mark
[73.280s][info][gc,marking  ] GC(157) Concurrent Cleanup for Next Mark 4.852ms
[73.280s][info][gc          ] GC(157) Concurrent Mark Cycle 1243.206ms
[73.702s][info][gc,start    ] GC(160) Pause Young (Prepare Mixed) (G1 Evacuation Pause)
[73.702s][info][gc,task     ] GC(160) Using 2 workers of 2 for evacuation
[73.761s][info][gc,phases   ] GC(160)   Pre Evacuate Collection Set: 0.28ms
[73.761s][info][gc,phases   ] GC(160)   Merge Heap Roots: 0.44ms
[73.761s][info][gc,phases   ] GC(160)   Evacuate Collection Set: 58.06ms
[73.761s][info][gc,phases   ] GC(160)   Post Evacuate Collection Set: 0.62ms
[73.761s][info][gc,phases   ] GC(160)   Other: 0.11ms
[73.761s][info][gc,heap     ] GC(160) Eden regions: 387->0(380)
[73.761s][info][gc,heap     ] GC(160) Survivor regions: 33->30(53)
[73.761s][info][gc,heap     ] GC(160) Old regions: 437->458
[73.761s][info][gc,heap     ] GC(160) Humongous regions: 5->5
[73.761s][info][gc,metaspace] GC(160) Metaspace: 17666K(17920K)->17666K(17920K) NonClass: 15033K(15168K)->15033K(15168K) Class: 2633K(2752K)->2633K(2752K)
[73.762s][info][gc          ] GC(160) Pause Young (Prepare Mixed) (G1 Evacuation Pause) 861M->492M(978M) 59.737ms
[73.762s][info][gc,cpu      ] GC(160) User=0.11s Sys=0.00s Real=0.06s
[74.544s][info][gc,start    ] GC(161) Pause Young (Mixed) (G1 Evacuation Pause)
[74.544s][info][gc,task     ] GC(161) Using 2 workers of 2 for evacuation
[74.647s][info][gc,phases   ] GC(161)   Pre Evacuate Collection Set: 0.50ms
[74.647s][info][gc,phases   ] GC(161)   Merge Heap Roots: 0.69ms
[74.647s][info][gc,phases   ] GC(161)   Evacuate Collection Set: 101.04ms
[74.647s][info][gc,phases   ] GC(161)   Post Evacuate Collection Set: 0.88ms
[74.647s][info][gc,phases   ] GC(161)   Other: 0.09ms
[74.647s][info][gc,heap     ] GC(161) Eden regions: 380->0(358)
[74.647s][info][gc,heap     ] GC(161) Survivor regions: 30->52(52)
[74.647s][info][gc,heap     ] GC(161) Old regions: 458->438
[74.647s][info][gc,heap     ] GC(161) Humongous regions: 5->5
[74.647s][info][gc,metaspace] GC(161) Metaspace: 17683K(17920K)->17683K(17920K) NonClass: 15046K(15168K)->15046K(15168K) Class: 2637K(2752K)->2637K(2752K)
[74.647s][info][gc          ] GC(161) Pause Young (Mixed) (G1 Evacuation Pause) 872M->494M(978M) 103.472ms
[74.647s][info][gc,cpu      ] GC(161) User=0.21s Sys=0.00s Real=0.10s
[75.513s][info][gc,start    ] GC(162) Pause Young (Concurrent Start) (G1 Evacuation Pause)
[75.513s][info][gc,task     ] GC(162) Using 2 workers of 2 for evacuation
[75.601s][info][gc,phases   ] GC(162)   Pre Evacuate Collection Set: 0.40ms
[75.601s][info][gc,phases   ] GC(162)   Merge Heap Roots: 0.77ms
[75.601s][info][gc,phases   ] GC(162)   Evacuate Collection Set: 86.77ms
[75.601s][info][gc,phases   ] GC(162)   Post Evacuate Collection Set: 0.64ms
[75.601s][info][gc,phases   ] GC(162)   Other: 0.17ms
[75.602s][info][gc,heap     ] GC(162) Eden regions: 358->0(342)
[75.602s][info][gc,heap     ] GC(162) Survivor regions: 52->28(52)
[75.602s][info][gc,heap     ] GC(162) Old regions: 438->490
[75.602s][info][gc,heap     ] GC(162) Humongous regions: 5->5
[75.602s][info][gc,metaspace] GC(162) Metaspace: 17695K(17920K)->17695K(17920K) NonClass: 15058K(15168K)->15058K(15168K) Class: 2637K(2752K)->2637K(2752K)
[75.602s][info][gc          ] GC(162) Pause Young (Concurrent Start) (G1 Evacuation Pause) 852M->522M(978M) 89.029ms
[75.602s][info][gc,cpu      ] GC(162) User=0.18s Sys=0.00s Real=0.09s
[75.602s][info][gc          ] GC(163) Concurrent Mark Cycle
[75.606s][info][gc,marking  ] GC(163) Concurrent Scan Root Regions
[75.662s][info][gc,marking  ] GC(163) Concurrent Scan Root Regions 56.321ms
[75.662s][info][gc,marking  ] GC(163) Concurrent Mark
[75.662s][info][gc,marking  ] GC(163) Concurrent Mark From Roots
[75.662s][info][gc,task     ] GC(163) Using 1 workers of 1 for marking
[76.465s][info][gc,start    ] GC(164) Pause Young (Normal) (G1 Evacuation Pause)
[76.465s][info][gc,task     ] GC(164) Using 2 workers of 2 for evacuation
[76.503s][info][gc,phases   ] GC(164)   Pre Evacuate Collection Set: 0.47ms
[76.503s][info][gc,phases   ] GC(164)   Merge Heap Roots: 0.28ms
[76.503s][info][gc,phases   ] GC(164)   Evacuate Collection Set: 36.70ms
[76.503s][info][gc,phases   ] GC(164)   Post Evacuate Collection Set: 0.59ms
[76.503s][info][gc,phases   ] GC(164)   Other: 0.12ms
[76.503s][info][gc,heap     ] GC(164) Eden regions: 342->0(356)
[76.503s][info][gc,heap     ] GC(164) Survivor regions: 28->3(47)
[76.503s][info][gc,heap     ] GC(164) Old regions: 490->517
[76.503s][info][gc,heap     ] GC(164) Humongous regions: 5->5
[76.503s][info][gc,metaspace] GC(164) Metaspace: 17697K(17920K)->17697K(17920K) NonClass: 15060K(15168K)->15060K(15168K) Class: 2637K(2752K)->2637K(2752K)
[76.503s][info][gc          ] GC(164) Pause Young (Normal) (G1 Evacuation Pause) 864M->524M(978M) 38.456ms
[76.503s][info][gc,cpu      ] GC(164) User=0.08s Sys=0.00s Real=0.04s
[76.936s][info][gc,marking  ] GC(163) Concurrent Mark From Roots 1273.995ms
[76.936s][info][gc,marking  ] GC(163) Concurrent Preclean
[76.936s][info][gc,marking  ] GC(163) Concurrent Preclean 0.028ms
[76.937s][info][gc,start    ] GC(163) Pause Remark
[76.943s][info][gc          ] GC(163) Pause Remark 696M->696M(978M) 6.706ms
[76.943s][info][gc,cpu      ] GC(163) User=0.01s Sys=0.00s Real=0.01s
[76.943s][info][gc,marking  ] GC(163) Concurrent Mark 1281.034ms
[76.943s][info][gc,marking  ] GC(163) Concurrent Rebuild Remembered Sets and Scrub Regions
[77.545s][info][gc,start    ] GC(165) Pause Young (Normal) (G1 Evacuation Pause)
[77.545s][info][gc,task     ] GC(165) Using 2 workers of 2 for evacuation
[77.588s][info][gc,phases   ] GC(165)   Pre Evacuate Collection Set: 0.25ms
[77.588s][info][gc,phases   ] GC(165)   Merge Heap Roots: 0.62ms
[77.588s][info][gc,phases   ] GC(165)   Evacuate Collection Set: 41.29ms
[77.588s][info][gc,phases   ] GC(165)   Post Evacuate Collection Set: 0.67ms
[77.588s][info][gc,phases   ] GC(165)   Other: 0.08ms
[77.588s][info][gc,heap     ] GC(165) Eden regions: 356->0(349)
[77.588s][info][gc,heap     ] GC(165) Survivor regions: 3->18(45)
[77.588s][info][gc,heap     ] GC(165) Old regions: 517->517
[77.588s][info][gc,heap     ] GC(165) Humongous regions: 8->8
[77.588s][info][gc,metaspace] GC(165) Metaspace: 17727K(17984K)->17727K(17984K) NonClass: 15085K(15232K)->15085K(15232K) Class: 2642K(2752K)->2642K(2752K)
[77.588s][info][gc          ] GC(165) Pause Young (Normal) (G1 Evacuation Pause) 883M->543M(978M) 43.132ms
[77.588s][info][gc,cpu      ] GC(165) User=0.08s Sys=0.00s Real=0.04s
[77.725s][info][gc,marking  ] GC(163) Concurrent Rebuild Remembered Sets and Scrub Regions 781.889ms
[77.726s][info][gc,start    ] GC(163) Pause Cleanup
[77.726s][info][gc          ] GC(163) Pause Cleanup 618M->618M(978M) 0.107ms
[77.726s][info][gc,cpu      ] GC(163) User=0.00s Sys=0.00s Real=0.00s
[77.726s][info][gc,marking  ] GC(163) Concurrent Clear Claimed Marks
[77.726s][info][gc,marking  ] GC(163) Concurrent Clear Claimed Marks 0.022ms
[77.726s][info][gc,marking  ] GC(163) Concurrent Cleanup for Next Mark
[77.733s][info][gc,marking  ] GC(163) Concurrent Cleanup for Next Mark 7.070ms
[77.733s][info][gc          ] GC(163) Concurrent Mark Cycle 2131.230ms
[78.069s][info][gc,start    ] GC(166) Pause Young (Prepare Mixed) (G1 Evacuation Pause)
[78.070s][info][gc,task     ] GC(166) Using 2 workers of 2 for evacuation
[78.149s][info][gc,phases   ] GC(166)   Pre Evacuate Collection Set: 0.52ms
[78.149s][info][gc,phases   ] GC(166)   Merge Heap Roots: 0.49ms
[78.149s][info][gc,phases   ] GC(166)   Evacuate Collection Set: 77.48ms
[78.149s][info][gc,phases   ] GC(166)   Post Evacuate Collection Set: 0.64ms
[78.149s][info][gc,phases   ] GC(166)   Other: 0.10ms
[78.149s][info][gc,heap     ] GC(166) Eden regions: 349->0(302)
[78.149s][info][gc,heap     ] GC(166) Survivor regions: 18->46(46)
[78.149s][info][gc,heap     ] GC(166) Old regions: 517->526
[78.149s][info][gc,heap     ] GC(166) Humongous regions: 8->8
[78.149s][info][gc,metaspace] GC(166) Metaspace: 17735K(17984K)->17735K(17984K) NonClass: 15093K(15232K)->15093K(15232K) Class: 2642K(2752K)->2642K(2752K)
[78.149s][info][gc          ] GC(166) Pause Young (Prepare Mixed) (G1 Evacuation Pause) 892M->579M(978M) 79.524ms
[78.149s][info][gc,cpu      ] GC(166) User=0.15s Sys=0.00s Real=0.08s
[78.526s][info][gc,start    ] GC(167) Pause Young (Mixed) (G1 Evacuation Pause)
[78.526s][info][gc,task     ] GC(167) Using 2 workers of 2 for evacuation
[78.609s][info][gc,phases   ] GC(167)   Pre Evacuate Collection Set: 0.52ms
[78.609s][info][gc,phases   ] GC(167)   Merge Heap Roots: 1.28ms
[78.609s][info][gc,phases   ] GC(167)   Evacuate Collection Set: 80.69ms
[78.609s][info][gc,phases   ] GC(167)   Post Evacuate Collection Set: 0.89ms
[78.609s][info][gc,phases   ] GC(167)   Other: 0.11ms
[78.609s][info][gc,heap     ] GC(167) Eden regions: 302->0(329)
[78.609s][info][gc,heap     ] GC(167) Survivor regions: 46->4(44)
[78.609s][info][gc,heap     ] GC(167) Old regions: 526->564
[78.609s][info][gc,heap     ] GC(167) Humongous regions: 8->8
[78.609s][info][gc,metaspace] GC(167) Metaspace: 17740K(17984K)->17740K(17984K) NonClass: 15097K(15232K)->15097K(15232K) Class: 2642K(2752K)->2642K(2752K)
[78.609s][info][gc          ] GC(167) Pause Young (Mixed) (G1 Evacuation Pause) 881M->575M(978M) 83.761ms
[78.609s][info][gc,cpu      ] GC(167) User=0.17s Sys=0.00s Real=0.08s
[79.061s][info][gc,start    ] GC(168) Pause Young (Mixed) (G1 Evacuation Pause)
[79.061s][info][gc,task     ] GC(168) Using 2 workers of 2 for evacuation
[79.213s][info][gc,phases   ] GC(168)   Pre Evacuate Collection Set: 0.29ms
[79.213s][info][gc,phases   ] GC(168)   Merge Heap Roots: 1.86ms
[79.213s][info][gc,phases   ] GC(168)   Evacuate Collection Set: 149.68ms
[79.213s][info][gc,phases   ] GC(168)   Post Evacuate Collection Set: 0.56ms
[79.213s][info][gc,phases   ] GC(168)   Other: 0.08ms
[79.213s][info][gc,heap     ] GC(168) Eden regions: 329->0(292)
[79.213s][info][gc,heap     ] GC(168) Survivor regions: 4->32(42)
[79.213s][info][gc,heap     ] GC(168) Old regions: 564->564
[79.213s][info][gc,heap     ] GC(168) Humongous regions: 8->8
[79.213s][info][gc,metaspace] GC(168) Metaspace: 17753K(17984K)->17753K(17984K) NonClass: 15105K(15232K)->15105K(15232K) Class: 2647K(2752K)->2647K(2752K)
[79.213s][info][gc          ] GC(168) Pause Young (Mixed) (G1 Evacuation Pause) 904M->603M(978M) 152.712ms
[79.213s][info][gc,cpu      ] GC(168) User=0.30s Sys=0.00s Real=0.16s
[79.748s][info][gc,start    ] GC(169) Pause Young (Concurrent Start) (G1 Evacuation Pause)
[79.748s][info][gc,task     ] GC(169) Using 2 workers of 2 for evacuation
[79.783s][info][gc,phases   ] GC(169)   Pre Evacuate Collection Set: 0.35ms
[79.783s][info][gc,phases   ] GC(169)   Merge Heap Roots: 0.20ms
[79.783s][info][gc,phases   ] GC(169)   Evacuate Collection Set: 33.49ms
[79.783s][info][gc,phases   ] GC(169)   Post Evacuate Collection Set: 0.50ms
[79.783s][info][gc,phases   ] GC(169)   Other: 0.20ms
[79.783s][info][gc,heap     ] GC(169) Eden regions: 292->0(312)
[79.783s][info][gc,heap     ] GC(169) Survivor regions: 32->1(41)
[79.783s][info][gc,heap     ] GC(169) Old regions: 564->595
[79.783s][info][gc,heap     ] GC(169) Humongous regions: 8->8
[79.783s][info][gc,metaspace] GC(169) Metaspace: 17775K(17984K)->17775K(17984K) NonClass: 15127K(15232K)->15127K(15232K) Class: 2647K(2752K)->2647K(2752K)
[79.783s][info][gc          ] GC(169) Pause Young (Concurrent Start) (G1 Evacuation Pause) 895M->604M(978M) 34.951ms
[79.783s][info][gc          ] GC(170) Concurrent Mark Cycle
[79.783s][info][gc,marking  ] GC(170) Concurrent Scan Root Regions
[79.783s][info][gc,cpu      ] GC(169) User=0.06s Sys=0.00s Real=0.04s
[79.820s][info][gc,marking  ] GC(170) Concurrent Scan Root Regions 37.143ms
[79.820s][info][gc,marking  ] GC(170) Concurrent Mark
[79.820s][info][gc,marking  ] GC(170) Concurrent Mark From Roots
[79.820s][info][gc,task     ] GC(170) Using 1 workers of 1 for marking
[81.447s][info][gc,marking  ] GC(170) Concurrent Mark From Roots 1626.439ms
[81.447s][info][gc,marking  ] GC(170) Concurrent Preclean
[81.447s][info][gc,marking  ] GC(170) Concurrent Preclean 0.028ms
[81.447s][info][gc,start    ] GC(170) Pause Remark
[81.454s][info][gc          ] GC(170) Pause Remark 708M->707M(978M) 6.920ms
[81.454s][info][gc,cpu      ] GC(170) User=0.01s Sys=0.00s Real=0.01s
[81.456s][info][gc,marking  ] GC(170) Concurrent Mark 1635.732ms
[81.456s][info][gc,marking  ] GC(170) Concurrent Rebuild Remembered Sets and Scrub Regions
[81.948s][info][gc,start    ] GC(171) Pause Young (Normal) (G1 Evacuation Pause)
[81.948s][info][gc,task     ] GC(171) Using 2 workers of 2 for evacuation
[81.952s][info][gc,phases   ] GC(171)   Pre Evacuate Collection Set: 0.50ms
[81.952s][info][gc,phases   ] GC(171)   Merge Heap Roots: 0.13ms
[81.952s][info][gc,phases   ] GC(171)   Evacuate Collection Set: 2.42ms
[81.952s][info][gc,phases   ] GC(171)   Post Evacuate Collection Set: 0.42ms
[81.952s][info][gc,phases   ] GC(171)   Other: 0.09ms
[81.952s][info][gc,heap     ] GC(171) Eden regions: 185->0(46)
[81.952s][info][gc,heap     ] GC(171) Survivor regions: 1->2(24)
[81.952s][info][gc,heap     ] GC(171) Old regions: 595->595
[81.952s][info][gc,heap     ] GC(171) Humongous regions: 7->7
[81.952s][info][gc,metaspace] GC(171) Metaspace: 17779K(17984K)->17779K(17984K) NonClass: 15131K(15232K)->15131K(15232K) Class: 2647K(2752K)->2647K(2752K)
[81.952s][info][gc          ] GC(171) Pause Young (Normal) (G1 Evacuation Pause) 788M->603M(978M) 3.751ms
[81.952s][info][gc,cpu      ] GC(171) User=0.01s Sys=0.00s Real=0.00s
[82.002s][info][gc,marking  ] GC(170) Concurrent Rebuild Remembered Sets and Scrub Regions 546.124ms
[82.002s][info][gc,start    ] GC(170) Pause Cleanup
[82.002s][info][gc          ] GC(170) Pause Cleanup 612M->612M(978M) 0.102ms
[82.002s][info][gc,cpu      ] GC(170) User=0.00s Sys=0.00s Real=0.00s
[82.003s][info][gc,marking  ] GC(170) Concurrent Clear Claimed Marks
[82.003s][info][gc,marking  ] GC(170) Concurrent Clear Claimed Marks 0.035ms
[82.003s][info][gc,marking  ] GC(170) Concurrent Cleanup for Next Mark
[82.006s][info][gc,marking  ] GC(170) Concurrent Cleanup for Next Mark 2.924ms
[82.006s][info][gc          ] GC(170) Concurrent Mark Cycle 2222.972ms
[83.442s][info][gc,start    ] GC(172) Pause Young (Prepare Mixed) (G1 Evacuation Pause)
[83.442s][info][gc,task     ] GC(172) Using 2 workers of 2 for evacuation
[83.449s][info][gc,phases   ] GC(172)   Pre Evacuate Collection Set: 0.48ms
[83.449s][info][gc,phases   ] GC(172)   Merge Heap Roots: 0.17ms
[83.449s][info][gc,phases   ] GC(172)   Evacuate Collection Set: 5.24ms
[83.449s][info][gc,phases   ] GC(172)   Post Evacuate Collection Set: 0.55ms
[83.449s][info][gc,phases   ] GC(172)   Other: 0.10ms
[83.449s][info][gc,heap     ] GC(172) Eden regions: 319->0(320)
[83.449s][info][gc,heap     ] GC(172) Survivor regions: 2->3(41)
[83.449s][info][gc,heap     ] GC(172) Old regions: 595->595
[83.449s][info][gc,heap     ] GC(172) Humongous regions: 7->7
[83.449s][info][gc,metaspace] GC(172) Metaspace: 18014K(18176K)->18014K(18176K) NonClass: 15349K(15424K)->15349K(15424K) Class: 2665K(2752K)->2665K(2752K)
[83.449s][info][gc          ] GC(172) Pause Young (Prepare Mixed) (G1 Evacuation Pause) 922M->604M(978M) 6.751ms
[83.449s][info][gc,cpu      ] GC(172) User=0.01s Sys=0.00s Real=0.01s
[84.122s][info][gc,start    ] GC(173) Pause Young (Mixed) (G1 Evacuation Pause)
[84.122s][info][gc,task     ] GC(173) Using 2 workers of 2 for evacuation
[84.262s][info][gc,phases   ] GC(173)   Pre Evacuate Collection Set: 0.49ms
[84.262s][info][gc,phases   ] GC(173)   Merge Heap Roots: 2.61ms
[84.262s][info][gc,phases   ] GC(173)   Evacuate Collection Set: 134.66ms
[84.262s][info][gc,phases   ] GC(173)   Post Evacuate Collection Set: 1.47ms
[84.262s][info][gc,phases   ] GC(173)   Other: 0.09ms
[84.262s][info][gc,heap     ] GC(173) Eden regions: 320->0(7)
[84.262s][info][gc,heap     ] GC(173) Survivor regions: 3->41(41)
[84.262s][info][gc,heap     ] GC(173) Old regions: 595->596
[84.262s][info][gc,heap     ] GC(173) Humongous regions: 7->7
[84.262s][info][gc,metaspace] GC(173) Metaspace: 18118K(18304K)->18118K(18304K) NonClass: 15452K(15552K)->15452K(15552K) Class: 2665K(2752K)->2665K(2752K)
[84.262s][info][gc          ] GC(173) Pause Young (Mixed) (G1 Evacuation Pause) 924M->643M(978M) 139.571ms
[84.262s][info][gc,cpu      ] GC(173) User=0.28s Sys=0.00s Real=0.14s
[84.277s][info][gc,start    ] GC(174) Pause Young (Mixed) (G1 Evacuation Pause)
[84.277s][info][gc,task     ] GC(174) Using 2 workers of 2 for evacuation
[84.465s][info][gc,phases   ] GC(174)   Pre Evacuate Collection Set: 0.46ms
[84.465s][info][gc,phases   ] GC(174)   Merge Heap Roots: 2.90ms
[84.465s][info][gc,phases   ] GC(174)   Evacuate Collection Set: 184.86ms
[84.465s][info][gc,phases   ] GC(174)   Post Evacuate Collection Set: 0.36ms
[84.465s][info][gc,phases   ] GC(174)   Other: 0.06ms
[84.465s][info][gc,heap     ] GC(174) Eden regions: 7->0(256)
[84.465s][info][gc,heap     ] GC(174) Survivor regions: 41->4(6)
[84.465s][info][gc,heap     ] GC(174) Old regions: 596->636
[84.465s][info][gc,heap     ] GC(174) Humongous regions: 7->7
[84.465s][info][gc,metaspace] GC(174) Metaspace: 18122K(18304K)->18122K(18304K) NonClass: 15457K(15552K)->15457K(15552K) Class: 2665K(2752K)->2665K(2752K)
[84.465s][info][gc          ] GC(174) Pause Young (Mixed) (G1 Evacuation Pause) 650M->646M(978M) 188.837ms
[84.465s][info][gc,cpu      ] GC(174) User=0.37s Sys=0.00s Real=0.19s
[84.756s][info][gc,start    ] GC(175) Pause Young (Concurrent Start) (G1 Evacuation Pause)
[84.756s][info][gc,task     ] GC(175) Using 2 workers of 2 for evacuation
[84.842s][info][gc,phases   ] GC(175)   Pre Evacuate Collection Set: 0.31ms
[84.842s][info][gc,phases   ] GC(175)   Merge Heap Roots: 0.13ms
[84.842s][info][gc,phases   ] GC(175)   Evacuate Collection Set: 81.18ms
[84.842s][info][gc,phases   ] GC(175)   Post Evacuate Collection Set: 4.71ms
[84.842s][info][gc,phases   ] GC(175)   Other: 0.09ms
[84.842s][info][gc,heap     ] GC(175) Eden regions: 256->0(124)
[84.842s][info][gc,heap     ] GC(175) Survivor regions: 4->33(33)
[84.842s][info][gc,heap     ] GC(175) Old regions: 636->731
[84.842s][info][gc,heap     ] GC(175) Humongous regions: 7->7
[84.842s][info][gc,metaspace] GC(175) Metaspace: 18129K(18368K)->18129K(18368K) NonClass: 15464K(15616K)->15464K(15616K) Class: 2665K(2752K)->2665K(2752K)
[84.842s][info][gc          ] GC(175) Pause Young (Concurrent Start) (G1 Evacuation Pause) (Evacuation Failure: Allocation) 902M->771M(978M) 86.668ms
[84.842s][info][gc,cpu      ] GC(175) User=0.17s Sys=0.00s Real=0.08s
[84.845s][info][gc          ] GC(176) Concurrent Mark Cycle
[84.845s][info][gc,marking  ] GC(176) Concurrent Scan Root Regions
[84.944s][info][gc,marking  ] GC(176) Concurrent Scan Root Regions 99.370ms
[84.944s][info][gc,marking  ] GC(176) Concurrent Mark
[84.944s][info][gc,marking  ] GC(176) Concurrent Mark From Roots
[84.944s][info][gc,task     ] GC(176) Using 1 workers of 1 for marking
[85.069s][info][gc,marking  ] GC(176) Concurrent Mark From Roots 124.498ms
[85.069s][info][gc,marking  ] GC(176) Concurrent Preclean
[85.069s][info][gc,marking  ] GC(176) Concurrent Preclean 0.030ms
[85.070s][info][gc,start    ] GC(176) Pause Remark
[85.081s][info][gc          ] GC(176) Pause Remark 834M->447M(978M) 10.651ms
[85.081s][info][gc,cpu      ] GC(176) User=0.02s Sys=0.00s Real=0.01s
[85.081s][info][gc,marking  ] GC(176) Concurrent Mark 136.325ms
[85.081s][info][gc,marking  ] GC(176) Concurrent Rebuild Remembered Sets and Scrub Regions
[85.286s][info][gc,marking  ] GC(176) Concurrent Rebuild Remembered Sets and Scrub Regions 205.050ms
[85.291s][info][gc,start    ] GC(176) Pause Cleanup
[85.291s][info][gc          ] GC(176) Pause Cleanup 483M->483M(978M) 0.218ms
[85.291s][info][gc,cpu      ] GC(176) User=0.00s Sys=0.00s Real=0.00s
[85.292s][info][gc,marking  ] GC(176) Concurrent Clear Claimed Marks
[85.292s][info][gc,marking  ] GC(176) Concurrent Clear Claimed Marks 0.047ms
[85.292s][info][gc,marking  ] GC(176) Concurrent Cleanup for Next Mark
[85.298s][info][gc,marking  ] GC(176) Concurrent Cleanup for Next Mark 6.671ms
[85.298s][info][gc          ] GC(176) Concurrent Mark Cycle 453.407ms
[85.357s][info][gc,start    ] GC(177) Pause Young (Prepare Mixed) (G1 Evacuation Pause)
[85.357s][info][gc,task     ] GC(177) Using 2 workers of 2 for evacuation
[85.462s][info][gc,phases   ] GC(177)   Pre Evacuate Collection Set: 0.31ms
[85.462s][info][gc,phases   ] GC(177)   Merge Heap Roots: 0.63ms
[85.462s][info][gc,phases   ] GC(177)   Evacuate Collection Set: 102.46ms
[85.462s][info][gc,phases   ] GC(177)   Post Evacuate Collection Set: 0.74ms
[85.462s][info][gc,phases   ] GC(177)   Other: 0.11ms
[85.462s][info][gc,heap     ] GC(177) Eden regions: 124->0(234)
[85.462s][info][gc,heap     ] GC(177) Survivor regions: 33->20(20)
[85.462s][info][gc,heap     ] GC(177) Old regions: 351->361
[85.462s][info][gc,heap     ] GC(177) Humongous regions: 1->1
[85.462s][info][gc,metaspace] GC(177) Metaspace: 18169K(18368K)->18169K(18368K) NonClass: 15504K(15616K)->15504K(15616K) Class: 2665K(2752K)->2665K(2752K)
[85.462s][info][gc          ] GC(177) Pause Young (Prepare Mixed) (G1 Evacuation Pause) 509M->381M(978M) 104.502ms
[85.462s][info][gc,cpu      ] GC(177) User=0.21s Sys=0.00s Real=0.10s
[85.814s][info][gc,start    ] GC(178) Pause Young (Mixed) (G1 Evacuation Pause)
[85.814s][info][gc,task     ] GC(178) Using 2 workers of 2 for evacuation
[85.906s][info][gc,phases   ] GC(178)   Pre Evacuate Collection Set: 0.53ms
[85.906s][info][gc,phases   ] GC(178)   Merge Heap Roots: 1.10ms
[85.906s][info][gc,phases   ] GC(178)   Evacuate Collection Set: 89.69ms
[85.906s][info][gc,phases   ] GC(178)   Post Evacuate Collection Set: 0.59ms
[85.906s][info][gc,phases   ] GC(178)   Other: 0.13ms
[85.906s][info][gc,heap     ] GC(178) Eden regions: 258->0(228)
[85.906s][info][gc,heap     ] GC(178) Survivor regions: 20->35(35)
[85.906s][info][gc,heap     ] GC(178) Old regions: 361->361
[85.906s][info][gc,heap     ] GC(178) Humongous regions: 4->4
[85.906s][info][gc,metaspace] GC(178) Metaspace: 18180K(18368K)->18180K(18368K) NonClass: 15515K(15616K)->15515K(15616K) Class: 2665K(2752K)->2665K(2752K)
[85.906s][info][gc          ] GC(178) Pause Young (Mixed) (G1 Evacuation Pause) 642M->400M(978M) 92.337ms
[85.906s][info][gc,cpu      ] GC(178) User=0.19s Sys=0.01s Real=0.09s
[86.212s][info][gc,start    ] GC(179) Pause Young (Mixed) (G1 Evacuation Pause)
[86.212s][info][gc,task     ] GC(179) Using 2 workers of 2 for evacuation
[86.292s][info][gc,phases   ] GC(179)   Pre Evacuate Collection Set: 0.29ms
[86.292s][info][gc,phases   ] GC(179)   Merge Heap Roots: 0.26ms
[86.292s][info][gc,phases   ] GC(179)   Evacuate Collection Set: 78.51ms
[86.292s][info][gc,phases   ] GC(179)   Post Evacuate Collection Set: 0.64ms
[86.292s][info][gc,phases   ] GC(179)   Other: 0.11ms
[86.292s][info][gc,heap     ] GC(179) Eden regions: 315->0(304)
[86.292s][info][gc,heap     ] GC(179) Survivor regions: 35->31(44)
[86.292s][info][gc,heap     ] GC(179) Old regions: 361->376
[86.292s][info][gc,heap     ] GC(179) Humongous regions: 4->4
[86.292s][info][gc,metaspace] GC(179) Metaspace: 18189K(18368K)->18189K(18368K) NonClass: 15524K(15616K)->15524K(15616K) Class: 2665K(2752K)->2665K(2752K)
[86.292s][info][gc          ] GC(179) Pause Young (Mixed) (G1 Evacuation Pause) 715M->410M(978M) 80.103ms
[86.292s][info][gc,cpu      ] GC(179) User=0.16s Sys=0.00s Real=0.08s
[86.603s][info][gc,start    ] GC(180) Pause Young (Mixed) (G1 Evacuation Pause)
[86.603s][info][gc,task     ] GC(180) Using 2 workers of 2 for evacuation
[86.699s][info][gc,phases   ] GC(180)   Pre Evacuate Collection Set: 0.32ms
[86.699s][info][gc,phases   ] GC(180)   Merge Heap Roots: 0.35ms
[86.699s][info][gc,phases   ] GC(180)   Evacuate Collection Set: 94.86ms
[86.699s][info][gc,phases   ] GC(180)   Post Evacuate Collection Set: 0.67ms
[86.699s][info][gc,phases   ] GC(180)   Other: 0.09ms
[86.699s][info][gc,heap     ] GC(180) Eden regions: 351->0(287)
[86.699s][info][gc,heap     ] GC(180) Survivor regions: 31->48(48)
[86.699s][info][gc,heap     ] GC(180) Old regions: 376->311
[86.699s][info][gc,heap     ] GC(180) Humongous regions: 5->5
[86.699s][info][gc,metaspace] GC(180) Metaspace: 18189K(18368K)->18189K(18368K) NonClass: 15524K(15616K)->15524K(15616K) Class: 2665K(2752K)->2665K(2752K)
[86.699s][info][gc          ] GC(180) Pause Young (Mixed) (G1 Evacuation Pause) 762M->363M(978M) 96.569ms
[86.699s][info][gc,cpu      ] GC(180) User=0.19s Sys=0.00s Real=0.10s
[86.968s][info][gc,start    ] GC(181) Pause Young (Mixed) (G1 Evacuation Pause)
[86.968s][info][gc,task     ] GC(181) Using 2 workers of 2 for evacuation
[87.031s][info][gc,phases   ] GC(181)   Pre Evacuate Collection Set: 0.32ms
[87.031s][info][gc,phases   ] GC(181)   Merge Heap Roots: 0.29ms
[87.031s][info][gc,phases   ] GC(181)   Evacuate Collection Set: 61.49ms
[87.031s][info][gc,phases   ] GC(181)   Post Evacuate Collection Set: 0.60ms
[87.031s][info][gc,phases   ] GC(181)   Other: 0.08ms
[87.031s][info][gc,heap     ] GC(181) Eden regions: 364->0(410)
[87.031s][info][gc,heap     ] GC(181) Survivor regions: 48->10(52)
[87.031s][info][gc,heap     ] GC(181) Old regions: 311->344
[87.031s][info][gc,heap     ] GC(181) Humongous regions: 5->5
[87.031s][info][gc,metaspace] GC(181) Metaspace: 18189K(18368K)->18189K(18368K) NonClass: 15524K(15616K)->15524K(15616K) Class: 2665K(2752K)->2665K(2752K)
[87.031s][info][gc          ] GC(181) Pause Young (Mixed) (G1 Evacuation Pause) 727M->358M(978M) 63.016ms
[87.031s][info][gc,cpu      ] GC(181) User=0.12s Sys=0.00s Real=0.06s
[87.857s][info][gc,start    ] GC(182) Pause Young (Concurrent Start) (G1 Humongous Allocation)
[87.857s][info][gc,task     ] GC(182) Using 2 workers of 2 for evacuation
[87.942s][info][gc,phases   ] GC(182)   Pre Evacuate Collection Set: 0.28ms
[87.942s][info][gc,phases   ] GC(182)   Merge Heap Roots: 0.23ms
[87.942s][info][gc,phases   ] GC(182)   Evacuate Collection Set: 83.31ms
[87.942s][info][gc,phases   ] GC(182)   Post Evacuate Collection Set: 0.58ms
[87.942s][info][gc,phases   ] GC(182)   Other: 0.12ms
[87.942s][info][gc,heap     ] GC(182) Eden regions: 363->0(358)
[87.942s][info][gc,heap     ] GC(182) Survivor regions: 10->53(53)
[87.942s][info][gc,heap     ] GC(182) Old regions: 344->371
[87.942s][info][gc,heap     ] GC(182) Humongous regions: 5->5
[87.942s][info][gc,metaspace] GC(182) Metaspace: 18191K(18368K)->18191K(18368K) NonClass: 15526K(15616K)->15526K(15616K) Class: 2665K(2752K)->2665K(2752K)
[87.942s][info][gc          ] GC(182) Pause Young (Concurrent Start) (G1 Humongous Allocation) 721M->429M(978M) 84.737ms
[87.942s][info][gc          ] GC(183) Concurrent Mark Cycle
[87.942s][info][gc,marking  ] GC(183) Concurrent Scan Root Regions
[87.942s][info][gc,cpu      ] GC(182) User=0.17s Sys=0.00s Real=0.08s
[88.051s][info][gc,marking  ] GC(183) Concurrent Scan Root Regions 108.748ms
[88.051s][info][gc,marking  ] GC(183) Concurrent Mark
[88.051s][info][gc,marking  ] GC(183) Concurrent Mark From Roots
[88.051s][info][gc,task     ] GC(183) Using 1 workers of 1 for marking
[88.536s][info][gc,start    ] GC(184) Pause Young (Normal) (G1 Evacuation Pause)
[88.537s][info][gc,task     ] GC(184) Using 2 workers of 2 for evacuation
[88.598s][info][gc,phases   ] GC(184)   Pre Evacuate Collection Set: 0.45ms
[88.598s][info][gc,phases   ] GC(184)   Merge Heap Roots: 0.19ms
[88.598s][info][gc,phases   ] GC(184)   Evacuate Collection Set: 59.84ms
[88.598s][info][gc,phases   ] GC(184)   Post Evacuate Collection Set: 0.60ms
[88.598s][info][gc,phases   ] GC(184)   Other: 0.10ms
[88.598s][info][gc,heap     ] GC(184) Eden regions: 358->0(371)
[88.598s][info][gc,heap     ] GC(184) Survivor regions: 53->11(52)
[88.598s][info][gc,heap     ] GC(184) Old regions: 371->425
[88.598s][info][gc,heap     ] GC(184) Humongous regions: 6->6
[88.598s][info][gc,metaspace] GC(184) Metaspace: 18191K(18368K)->18191K(18368K) NonClass: 15526K(15616K)->15526K(15616K) Class: 2665K(2752K)->2665K(2752K)
[88.598s][info][gc          ] GC(184) Pause Young (Normal) (G1 Evacuation Pause) 788M->441M(978M) 61.430ms
[88.598s][info][gc,cpu      ] GC(184) User=0.12s Sys=0.00s Real=0.06s
[88.772s][info][gc,marking  ] GC(183) Concurrent Mark From Roots 721.157ms
[88.772s][info][gc,marking  ] GC(183) Concurrent Preclean
[88.772s][info][gc,marking  ] GC(183) Concurrent Preclean 0.032ms
[88.772s][info][gc,start    ] GC(183) Pause Remark
[88.782s][info][gc          ] GC(183) Pause Remark 483M->433M(978M) 10.322ms
[88.783s][info][gc,cpu      ] GC(183) User=0.02s Sys=0.00s Real=0.01s
[88.784s][info][gc,marking  ] GC(183) Concurrent Mark 733.204ms
[88.784s][info][gc,marking  ] GC(183) Concurrent Rebuild Remembered Sets and Scrub Regions
[88.984s][info][gc,marking  ] GC(183) Concurrent Rebuild Remembered Sets and Scrub Regions 200.477ms
[88.985s][info][gc,start    ] GC(183) Pause Cleanup
[88.985s][info][gc          ] GC(183) Pause Cleanup 490M->490M(978M) 0.143ms
[88.985s][info][gc,cpu      ] GC(183) User=0.00s Sys=0.00s Real=0.00s
[88.985s][info][gc,marking  ] GC(183) Concurrent Clear Claimed Marks
[88.985s][info][gc,marking  ] GC(183) Concurrent Clear Claimed Marks 0.032ms
[88.985s][info][gc,marking  ] GC(183) Concurrent Cleanup for Next Mark
[88.992s][info][gc,marking  ] GC(183) Concurrent Cleanup for Next Mark 6.903ms
[88.992s][info][gc          ] GC(183) Concurrent Mark Cycle 1049.937ms
[89.415s][info][gc,start    ] GC(185) Pause Young (Prepare Mixed) (G1 Evacuation Pause)
[89.415s][info][gc,task     ] GC(185) Using 2 workers of 2 for evacuation
[89.511s][info][gc,phases   ] GC(185)   Pre Evacuate Collection Set: 0.54ms
[89.511s][info][gc,phases   ] GC(185)   Merge Heap Roots: 0.38ms
[89.511s][info][gc,phases   ] GC(185)   Evacuate Collection Set: 94.28ms
[89.511s][info][gc,phases   ] GC(185)   Post Evacuate Collection Set: 0.61ms
[89.511s][info][gc,phases   ] GC(185)   Other: 0.12ms
[89.511s][info][gc,heap     ] GC(185) Eden regions: 371->0(334)
[89.511s][info][gc,heap     ] GC(185) Survivor regions: 11->48(48)
[89.511s][info][gc,heap     ] GC(185) Old regions: 377->414
[89.511s][info][gc,heap     ] GC(185) Humongous regions: 5->5
[89.511s][info][gc,metaspace] GC(185) Metaspace: 18192K(18368K)->18192K(18368K) NonClass: 15527K(15616K)->15527K(15616K) Class: 2665K(2752K)->2665K(2752K)
[89.511s][info][gc          ] GC(185) Pause Young (Prepare Mixed) (G1 Evacuation Pause) 763M->466M(978M) 96.144ms
[89.511s][info][gc,cpu      ] GC(185) User=0.18s Sys=0.01s Real=0.09s
[89.788s][info][gc,start    ] GC(186) Pause Young (Mixed) (G1 Evacuation Pause)
[89.788s][info][gc,task     ] GC(186) Using 2 workers of 2 for evacuation
[89.923s][info][gc,phases   ] GC(186)   Pre Evacuate Collection Set: 0.54ms
[89.923s][info][gc,phases   ] GC(186)   Merge Heap Roots: 0.41ms
[89.923s][info][gc,phases   ] GC(186)   Evacuate Collection Set: 133.19ms
[89.923s][info][gc,phases   ] GC(186)   Post Evacuate Collection Set: 0.64ms
[89.923s][info][gc,phases   ] GC(186)   Other: 0.10ms
[89.923s][info][gc,heap     ] GC(186) Eden regions: 334->0(267)
[89.923s][info][gc,heap     ] GC(186) Survivor regions: 48->48(48)
[89.923s][info][gc,heap     ] GC(186) Old regions: 414->464
[89.923s][info][gc,heap     ] GC(186) Humongous regions: 5->5
[89.924s][info][gc,metaspace] GC(186) Metaspace: 18194K(18368K)->18194K(18368K) NonClass: 15529K(15616K)->15529K(15616K) Class: 2665K(2752K)->2665K(2752K)
[89.924s][info][gc          ] GC(186) Pause Young (Mixed) (G1 Evacuation Pause) 800M->517M(978M) 135.121ms
[89.924s][info][gc,cpu      ] GC(186) User=0.27s Sys=0.00s Real=0.14s
[90.214s][info][gc,start    ] GC(187) Pause Young (Concurrent Start) (G1 Evacuation Pause)
[90.214s][info][gc,task     ] GC(187) Using 2 workers of 2 for evacuation
[90.319s][info][gc,phases   ] GC(187)   Pre Evacuate Collection Set: 0.33ms
[90.319s][info][gc,phases   ] GC(187)   Merge Heap Roots: 0.19ms
[90.319s][info][gc,phases   ] GC(187)   Evacuate Collection Set: 104.09ms
[90.319s][info][gc,phases   ] GC(187)   Post Evacuate Collection Set: 0.50ms
[90.319s][info][gc,phases   ] GC(187)   Other: 0.21ms
[90.319s][info][gc,heap     ] GC(187) Eden regions: 267->0(212)
[90.319s][info][gc,heap     ] GC(187) Survivor regions: 48->40(40)
[90.319s][info][gc,heap     ] GC(187) Old regions: 464->536
[90.319s][info][gc,heap     ] GC(187) Humongous regions: 5->5
[90.319s][info][gc,metaspace] GC(187) Metaspace: 18196K(18368K)->18196K(18368K) NonClass: 15531K(15616K)->15531K(15616K) Class: 2665K(2752K)->2665K(2752K)
[90.319s][info][gc          ] GC(187) Pause Young (Concurrent Start) (G1 Evacuation Pause) 784M->581M(978M) 105.580ms
[90.319s][info][gc          ] GC(188) Concurrent Mark Cycle
[90.319s][info][gc,marking  ] GC(188) Concurrent Scan Root Regions
[90.319s][info][gc,cpu      ] GC(187) User=0.21s Sys=0.00s Real=0.10s
[90.470s][info][gc,marking  ] GC(188) Concurrent Scan Root Regions 150.684ms
[90.470s][info][gc,marking  ] GC(188) Concurrent Mark
[90.470s][info][gc,marking  ] GC(188) Concurrent Mark From Roots
[90.470s][info][gc,task     ] GC(188) Using 1 workers of 1 for marking
[90.659s][info][gc,start    ] GC(189) Pause Young (Normal) (G1 Evacuation Pause)
[90.659s][info][gc,task     ] GC(189) Using 2 workers of 2 for evacuation
[90.758s][info][gc,phases   ] GC(189)   Pre Evacuate Collection Set: 0.46ms
[90.758s][info][gc,phases   ] GC(189)   Merge Heap Roots: 0.11ms
[90.758s][info][gc,phases   ] GC(189)   Evacuate Collection Set: 96.77ms
[90.758s][info][gc,phases   ] GC(189)   Post Evacuate Collection Set: 0.98ms
[90.758s][info][gc,phases   ] GC(189)   Other: 0.10ms
[90.758s][info][gc,heap     ] GC(189) Eden regions: 212->0(171)
[90.758s][info][gc,heap     ] GC(189) Survivor regions: 40->32(32)
[90.758s][info][gc,heap     ] GC(189) Old regions: 536->609
[90.758s][info][gc,heap     ] GC(189) Humongous regions: 5->5
[90.758s][info][gc,metaspace] GC(189) Metaspace: 18196K(18368K)->18196K(18368K) NonClass: 15531K(15616K)->15531K(15616K) Class: 2665K(2752K)->2665K(2752K)
[90.758s][info][gc          ] GC(189) Pause Young (Normal) (G1 Evacuation Pause) 793M->645M(978M) 98.627ms
[90.758s][info][gc,cpu      ] GC(189) User=0.19s Sys=0.00s Real=0.10s
[91.044s][info][gc,start    ] GC(190) Pause Young (Normal) (G1 Evacuation Pause)
[91.044s][info][gc,task     ] GC(190) Using 2 workers of 2 for evacuation
[91.141s][info][gc,phases   ] GC(190)   Pre Evacuate Collection Set: 0.47ms
[91.141s][info][gc,phases   ] GC(190)   Merge Heap Roots: 0.59ms
[91.141s][info][gc,phases   ] GC(190)   Evacuate Collection Set: 94.93ms
[91.141s][info][gc,phases   ] GC(190)   Post Evacuate Collection Set: 0.64ms
[91.141s][info][gc,phases   ] GC(190)   Other: 0.09ms
[91.141s][info][gc,heap     ] GC(190) Eden regions: 171->0(132)
[91.141s][info][gc,heap     ] GC(190) Survivor regions: 32->26(26)
[91.141s][info][gc,heap     ] GC(190) Old regions: 609->683
[91.141s][info][gc,heap     ] GC(190) Humongous regions: 5->5
[91.141s][info][gc,metaspace] GC(190) Metaspace: 18202K(18368K)->18202K(18368K) NonClass: 15537K(15616K)->15537K(15616K) Class: 2665K(2752K)->2665K(2752K)
[91.141s][info][gc          ] GC(190) Pause Young (Normal) (G1 Evacuation Pause) 816M->714M(978M) 96.964ms
[91.141s][info][gc,cpu      ] GC(190) User=0.19s Sys=0.00s Real=0.09s
[91.364s][info][gc,start    ] GC(191) Pause Young (Normal) (G1 Evacuation Pause)
[91.364s][info][gc,task     ] GC(191) Using 2 workers of 2 for evacuation
[91.415s][info][gc,phases   ] GC(191)   Pre Evacuate Collection Set: 0.47ms
[91.415s][info][gc,phases   ] GC(191)   Merge Heap Roots: 0.61ms
[91.415s][info][gc,phases   ] GC(191)   Evacuate Collection Set: 49.36ms
[91.415s][info][gc,phases   ] GC(191)   Post Evacuate Collection Set: 0.41ms
[91.415s][info][gc,phases   ] GC(191)   Other: 0.10ms
[91.415s][info][gc,heap     ] GC(191) Eden regions: 132->0(143)
[91.415s][info][gc,heap     ] GC(191) Survivor regions: 26->4(20)
[91.415s][info][gc,heap     ] GC(191) Old regions: 683->710
[91.415s][info][gc,heap     ] GC(191) Humongous regions: 5->5
[91.415s][info][gc,metaspace] GC(191) Metaspace: 18202K(18368K)->18202K(18368K) NonClass: 15537K(15616K)->15537K(15616K) Class: 2665K(2752K)->2665K(2752K)
[91.415s][info][gc          ] GC(191) Pause Young (Normal) (G1 Evacuation Pause) 846M->718M(978M) 51.195ms
[91.415s][info][gc,cpu      ] GC(191) User=0.10s Sys=0.00s Real=0.05s
[91.633s][info][gc,start    ] GC(192) Pause Young (Normal) (G1 Evacuation Pause)
[91.633s][info][gc,task     ] GC(192) Using 2 workers of 2 for evacuation
[91.682s][info][gc,phases   ] GC(192)   Pre Evacuate Collection Set: 0.29ms
[91.682s][info][gc,phases   ] GC(192)   Merge Heap Roots: 0.49ms
[91.682s][info][gc,phases   ] GC(192)   Evacuate Collection Set: 47.73ms
[91.682s][info][gc,phases   ] GC(192)   Post Evacuate Collection Set: 0.48ms
[91.682s][info][gc,phases   ] GC(192)   Other: 0.09ms
[91.682s][info][gc,heap     ] GC(192) Eden regions: 143->0(139)
[91.682s][info][gc,heap     ] GC(192) Survivor regions: 4->19(19)
[91.682s][info][gc,heap     ] GC(192) Old regions: 710->713
[91.682s][info][gc,heap     ] GC(192) Humongous regions: 8->8
[91.682s][info][gc,metaspace] GC(192) Metaspace: 18202K(18368K)->18202K(18368K) NonClass: 15537K(15616K)->15537K(15616K) Class: 2665K(2752K)->2665K(2752K)
[91.682s][info][gc          ] GC(192) Pause Young (Normal) (G1 Evacuation Pause) 864M->739M(978M) 49.388ms
[91.682s][info][gc,cpu      ] GC(192) User=0.10s Sys=0.01s Real=0.05s
[91.765s][info][gc,marking  ] GC(188) Concurrent Mark From Roots 1294.901ms
[91.765s][info][gc,marking  ] GC(188) Concurrent Preclean
[91.765s][info][gc,marking  ] GC(188) Concurrent Preclean 0.030ms
[91.766s][info][gc,start    ] GC(188) Pause Remark
[91.773s][info][gc          ] GC(188) Pause Remark 776M->654M(978M) 7.124ms
[91.773s][info][gc,cpu      ] GC(188) User=0.02s Sys=0.00s Real=0.01s
[91.773s][info][gc,marking  ] GC(188) Concurrent Mark 1303.204ms
[91.773s][info][gc,marking  ] GC(188) Concurrent Rebuild Remembered Sets and Scrub Regions
[91.895s][info][gc,start    ] GC(193) Pause Young (Normal) (G1 Evacuation Pause)
[91.895s][info][gc,task     ] GC(193) Using 2 workers of 2 for evacuation
[91.980s][info][gc,phases   ] GC(193)   Pre Evacuate Collection Set: 0.45ms
[91.980s][info][gc,phases   ] GC(193)   Merge Heap Roots: 0.41ms
[91.980s][info][gc,phases   ] GC(193)   Evacuate Collection Set: 83.93ms
[91.980s][info][gc,phases   ] GC(193)   Post Evacuate Collection Set: 0.44ms
[91.980s][info][gc,phases   ] GC(193)   Other: 0.07ms
[91.980s][info][gc,heap     ] GC(193) Eden regions: 139->0(180)
[91.980s][info][gc,heap     ] GC(193) Survivor regions: 19->20(20)
[91.980s][info][gc,heap     ] GC(193) Old regions: 593->631
[91.980s][info][gc,heap     ] GC(193) Humongous regions: 9->9
[91.980s][info][gc,metaspace] GC(193) Metaspace: 18202K(18368K)->18202K(18368K) NonClass: 15537K(15616K)->15537K(15616K) Class: 2665K(2752K)->2665K(2752K)
[91.980s][info][gc          ] GC(193) Pause Young (Normal) (G1 Evacuation Pause) 759M->660M(978M) 85.526ms
[91.980s][info][gc,cpu      ] GC(193) User=0.16s Sys=0.00s Real=0.08s
[92.197s][info][gc,start    ] GC(194) Pause Young (Normal) (G1 Evacuation Pause)
[92.197s][info][gc,task     ] GC(194) Using 2 workers of 2 for evacuation
[92.258s][info][gc,phases   ] GC(194)   Pre Evacuate Collection Set: 0.24ms
[92.258s][info][gc,phases   ] GC(194)   Merge Heap Roots: 0.30ms
[92.258s][info][gc,phases   ] GC(194)   Evacuate Collection Set: 59.92ms
[92.258s][info][gc,phases   ] GC(194)   Post Evacuate Collection Set: 0.45ms
[92.258s][info][gc,phases   ] GC(194)   Other: 0.09ms
[92.258s][info][gc,heap     ] GC(194) Eden regions: 180->0(170)
[92.258s][info][gc,heap     ] GC(194) Survivor regions: 20->25(25)
[92.258s][info][gc,heap     ] GC(194) Old regions: 631->655
[92.258s][info][gc,heap     ] GC(194) Humongous regions: 9->9
[92.258s][info][gc,metaspace] GC(194) Metaspace: 18202K(18368K)->18202K(18368K) NonClass: 15537K(15616K)->15537K(15616K) Class: 2665K(2752K)->2665K(2752K)
[92.258s][info][gc          ] GC(194) Pause Young (Normal) (G1 Evacuation Pause) 840M->688M(978M) 61.239ms
[92.258s][info][gc,cpu      ] GC(194) User=0.12s Sys=0.00s Real=0.06s
[92.435s][info][gc,marking  ] GC(188) Concurrent Rebuild Remembered Sets and Scrub Regions 661.680ms
[92.435s][info][gc,start    ] GC(188) Pause Cleanup
[92.435s][info][gc          ] GC(188) Pause Cleanup 840M->840M(978M) 0.146ms
[92.435s][info][gc,cpu      ] GC(188) User=0.00s Sys=0.00s Real=0.00s
[92.435s][info][gc,marking  ] GC(188) Concurrent Clear Claimed Marks
[92.435s][info][gc,marking  ] GC(188) Concurrent Clear Claimed Marks 0.061ms
[92.435s][info][gc,marking  ] GC(188) Concurrent Cleanup for Next Mark
[92.440s][info][gc,marking  ] GC(188) Concurrent Cleanup for Next Mark 4.888ms
[92.440s][info][gc          ] GC(188) Concurrent Mark Cycle 2121.102ms
[92.449s][info][gc,start    ] GC(195) Pause Young (Prepare Mixed) (G1 Evacuation Pause)
[92.449s][info][gc,task     ] GC(195) Using 2 workers of 2 for evacuation
[92.497s][info][gc,phases   ] GC(195)   Pre Evacuate Collection Set: 0.50ms
[92.497s][info][gc,phases   ] GC(195)   Merge Heap Roots: 0.33ms
[92.497s][info][gc,phases   ] GC(195)   Evacuate Collection Set: 45.83ms
[92.497s][info][gc,phases   ] GC(195)   Post Evacuate Collection Set: 0.45ms
[92.497s][info][gc,phases   ] GC(195)   Other: 0.07ms
[92.497s][info][gc,heap     ] GC(195) Eden regions: 170->0(173)
[92.497s][info][gc,heap     ] GC(195) Survivor regions: 25->13(25)
[92.497s][info][gc,heap     ] GC(195) Old regions: 655->680
[92.497s][info][gc,heap     ] GC(195) Humongous regions: 9->9
[92.497s][info][gc,metaspace] GC(195) Metaspace: 18202K(18368K)->18202K(18368K) NonClass: 15537K(15616K)->15537K(15616K) Class: 2665K(2752K)->2665K(2752K)
[92.497s][info][gc          ] GC(195) Pause Young (Prepare Mixed) (G1 Evacuation Pause) 858M->701M(978M) 47.388ms
[92.497s][info][gc,cpu      ] GC(195) User=0.09s Sys=0.00s Real=0.05s
[92.609s][info][gc,start    ] GC(196) Pause Young (Mixed) (G1 Evacuation Pause)
[92.609s][info][gc,task     ] GC(196) Using 2 workers of 2 for evacuation
[92.661s][info][gc,phases   ] GC(196)   Pre Evacuate Collection Set: 0.49ms
[92.661s][info][gc,phases   ] GC(196)   Merge Heap Roots: 0.74ms
[92.661s][info][gc,phases   ] GC(196)   Evacuate Collection Set: 49.15ms
[92.661s][info][gc,phases   ] GC(196)   Post Evacuate Collection Set: 1.51ms
[92.661s][info][gc,phases   ] GC(196)   Other: 0.07ms
[92.661s][info][gc,heap     ] GC(196) Eden regions: 173->0(216)
[92.661s][info][gc,heap     ] GC(196) Survivor regions: 13->17(24)
[92.661s][info][gc,heap     ] GC(196) Old regions: 680->635
[92.661s][info][gc,heap     ] GC(196) Humongous regions: 9->9
[92.661s][info][gc,metaspace] GC(196) Metaspace: 18208K(18432K)->18208K(18432K) NonClass: 15542K(15680K)->15542K(15680K) Class: 2665K(2752K)->2665K(2752K)
[92.661s][info][gc          ] GC(196) Pause Young (Mixed) (G1 Evacuation Pause) 874M->660M(978M) 52.197ms
[92.661s][info][gc,cpu      ] GC(196) User=0.10s Sys=0.00s Real=0.05s
[92.854s][info][gc,start    ] GC(197) Pause Young (Concurrent Start) (G1 Evacuation Pause)
[92.854s][info][gc,task     ] GC(197) Using 2 workers of 2 for evacuation
[92.888s][info][gc,phases   ] GC(197)   Pre Evacuate Collection Set: 0.33ms
[92.888s][info][gc,phases   ] GC(197)   Merge Heap Roots: 0.24ms
[92.888s][info][gc,phases   ] GC(197)   Evacuate Collection Set: 32.64ms
[92.888s][info][gc,phases   ] GC(197)   Post Evacuate Collection Set: 0.41ms
[92.888s][info][gc,phases   ] GC(197)   Other: 0.14ms
[92.888s][info][gc,heap     ] GC(197) Eden regions: 216->0(218)
[92.888s][info][gc,heap     ] GC(197) Survivor regions: 17->15(30)
[92.888s][info][gc,heap     ] GC(197) Old regions: 635->647
[92.888s][info][gc,heap     ] GC(197) Humongous regions: 9->9
[92.888s][info][gc,metaspace] GC(197) Metaspace: 18208K(18432K)->18208K(18432K) NonClass: 15543K(15680K)->15543K(15680K) Class: 2665K(2752K)->2665K(2752K)
[92.888s][info][gc          ] GC(197) Pause Young (Concurrent Start) (G1 Evacuation Pause) 876M->671M(978M) 34.000ms
[92.888s][info][gc          ] GC(198) Concurrent Mark Cycle
[92.888s][info][gc,marking  ] GC(198) Concurrent Scan Root Regions
[92.889s][info][gc,cpu      ] GC(197) User=0.07s Sys=0.00s Real=0.03s
[92.963s][info][gc,marking  ] GC(198) Concurrent Scan Root Regions 74.885ms
[92.963s][info][gc,marking  ] GC(198) Concurrent Mark
[92.963s][info][gc,marking  ] GC(198) Concurrent Mark From Roots
[92.963s][info][gc,task     ] GC(198) Using 1 workers of 1 for marking
[93.371s][info][gc,start    ] GC(199) Pause Young (Normal) (G1 Evacuation Pause)
[93.371s][info][gc,task     ] GC(199) Using 2 workers of 2 for evacuation
[93.430s][info][gc,phases   ] GC(199)   Pre Evacuate Collection Set: 0.49ms
[93.430s][info][gc,phases   ] GC(199)   Merge Heap Roots: 0.34ms
[93.430s][info][gc,phases   ] GC(199)   Evacuate Collection Set: 56.84ms
[93.430s][info][gc,phases   ] GC(199)   Post Evacuate Collection Set: 0.46ms
[93.430s][info][gc,phases   ] GC(199)   Other: 0.09ms
[93.430s][info][gc,heap     ] GC(199) Eden regions: 218->0(189)
[93.430s][info][gc,heap     ] GC(199) Survivor regions: 15->30(30)
[93.430s][info][gc,heap     ] GC(199) Old regions: 647->667
[93.430s][info][gc,heap     ] GC(199) Humongous regions: 9->9
[93.430s][info][gc,metaspace] GC(199) Metaspace: 18213K(18432K)->18213K(18432K) NonClass: 15548K(15680K)->15548K(15680K) Class: 2665K(2752K)->2665K(2752K)
[93.430s][info][gc          ] GC(199) Pause Young (Normal) (G1 Evacuation Pause) 889M->705M(978M) 58.470ms
[93.430s][info][gc,cpu      ] GC(199) User=0.11s Sys=0.00s Real=0.06s
[93.747s][info][gc,marking  ] GC(198) Concurrent Mark From Roots 783.823ms
[93.747s][info][gc,marking  ] GC(198) Concurrent Preclean
[93.747s][info][gc,marking  ] GC(198) Concurrent Preclean 0.030ms
[93.747s][info][gc,start    ] GC(198) Pause Remark
[93.754s][info][gc          ] GC(198) Pause Remark 748M->440M(978M) 7.299ms
[93.754s][info][gc,cpu      ] GC(198) User=0.01s Sys=0.00s Real=0.01s
[93.755s][info][gc,marking  ] GC(198) Concurrent Mark 792.004ms
[93.755s][info][gc,marking  ] GC(198) Concurrent Rebuild Remembered Sets and Scrub Regions
[94.009s][info][gc,marking  ] GC(198) Concurrent Rebuild Remembered Sets and Scrub Regions 253.893ms
[94.009s][info][gc,start    ] GC(198) Pause Cleanup
[94.009s][info][gc          ] GC(198) Pause Cleanup 498M->498M(978M) 0.115ms
[94.009s][info][gc,cpu      ] GC(198) User=0.00s Sys=0.00s Real=0.00s
[94.009s][info][gc,marking  ] GC(198) Concurrent Clear Claimed Marks
[94.009s][info][gc,marking  ] GC(198) Concurrent Clear Claimed Marks 0.026ms
[94.009s][info][gc,marking  ] GC(198) Concurrent Cleanup for Next Mark
[94.012s][info][gc,marking  ] GC(198) Concurrent Cleanup for Next Mark 2.827ms
[94.012s][info][gc          ] GC(198) Concurrent Mark Cycle 1124.160ms
[94.242s][info][gc,start    ] GC(200) Pause Young (Prepare Mixed) (G1 Evacuation Pause)
[94.242s][info][gc,task     ] GC(200) Using 2 workers of 2 for evacuation
[94.277s][info][gc,phases   ] GC(200)   Pre Evacuate Collection Set: 0.53ms
[94.277s][info][gc,phases   ] GC(200)   Merge Heap Roots: 0.38ms
[94.277s][info][gc,phases   ] GC(200)   Evacuate Collection Set: 33.28ms
[94.277s][info][gc,phases   ] GC(200)   Post Evacuate Collection Set: 0.45ms
[94.277s][info][gc,phases   ] GC(200)   Other: 0.10ms
[94.277s][info][gc,heap     ] GC(200) Eden regions: 189->0(464)
[94.277s][info][gc,heap     ] GC(200) Survivor regions: 30->1(28)
[94.277s][info][gc,heap     ] GC(200) Old regions: 364->394
[94.277s][info][gc,heap     ] GC(200) Humongous regions: 4->4
[94.277s][info][gc,metaspace] GC(200) Metaspace: 18228K(18432K)->18228K(18432K) NonClass: 15563K(15680K)->15563K(15680K) Class: 2665K(2752K)->2665K(2752K)
[94.277s][info][gc          ] GC(200) Pause Young (Prepare Mixed) (G1 Evacuation Pause) 586M->399M(978M) 34.970ms
[94.277s][info][gc,cpu      ] GC(200) User=0.06s Sys=0.00s Real=0.04s
[95.290s][info][gc,start    ] GC(201) Pause Young (Mixed) (G1 Evacuation Pause)
[95.290s][info][gc,task     ] GC(201) Using 2 workers of 2 for evacuation
[95.309s][info][gc,phases   ] GC(201)   Pre Evacuate Collection Set: 0.51ms
[95.309s][info][gc,phases   ] GC(201)   Merge Heap Roots: 0.49ms
[95.309s][info][gc,phases   ] GC(201)   Evacuate Collection Set: 17.01ms
[95.309s][info][gc,phases   ] GC(201)   Post Evacuate Collection Set: 0.66ms
[95.309s][info][gc,phases   ] GC(201)   Other: 0.12ms
[95.309s][info][gc,heap     ] GC(201) Eden regions: 464->0(485)
[95.309s][info][gc,heap     ] GC(201) Survivor regions: 1->5(59)
[95.309s][info][gc,heap     ] GC(201) Old regions: 394->353
[95.309s][info][gc,heap     ] GC(201) Humongous regions: 4->4
[95.309s][info][gc,metaspace] GC(201) Metaspace: 18234K(18432K)->18234K(18432K) NonClass: 15569K(15680K)->15569K(15680K) Class: 2665K(2752K)->2665K(2752K)
[95.309s][info][gc          ] GC(201) Pause Young (Mixed) (G1 Evacuation Pause) 863M->362M(978M) 19.027ms
[95.309s][info][gc,cpu      ] GC(201) User=0.03s Sys=0.00s Real=0.02s
[95.761s][info][gc,start    ] GC(202) Pause Young (Concurrent Start) (G1 Evacuation Pause)
[95.761s][info][gc,task     ] GC(202) Using 2 workers of 2 for evacuation
[95.874s][info][gc,phases   ] GC(202)   Pre Evacuate Collection Set: 0.30ms
[95.874s][info][gc,phases   ] GC(202)   Merge Heap Roots: 0.20ms
[95.874s][info][gc,phases   ] GC(202)   Evacuate Collection Set: 111.15ms
[95.874s][info][gc,phases   ] GC(202)   Post Evacuate Collection Set: 1.01ms
[95.874s][info][gc,phases   ] GC(202)   Other: 0.20ms
[95.874s][info][gc,heap     ] GC(202) Eden regions: 485->0(355)
[95.874s][info][gc,heap     ] GC(202) Survivor regions: 5->62(62)
[95.874s][info][gc,heap     ] GC(202) Old regions: 353->413
[95.874s][info][gc,heap     ] GC(202) Humongous regions: 4->4
[95.874s][info][gc,metaspace] GC(202) Metaspace: 18236K(18432K)->18236K(18432K) NonClass: 15571K(15680K)->15571K(15680K) Class: 2665K(2752K)->2665K(2752K)
[95.874s][info][gc          ] GC(202) Pause Young (Concurrent Start) (G1 Evacuation Pause) 847M->479M(978M) 113.116ms
[95.874s][info][gc,cpu      ] GC(202) User=0.23s Sys=0.00s Real=0.12s
[95.874s][info][gc          ] GC(203) Concurrent Mark Cycle
[95.874s][info][gc,marking  ] GC(203) Concurrent Scan Root Regions
[95.996s][info][gc,marking  ] GC(203) Concurrent Scan Root Regions 121.646ms
[95.996s][info][gc,marking  ] GC(203) Concurrent Mark
[95.996s][info][gc,marking  ] GC(203) Concurrent Mark From Roots
[95.996s][info][gc,task     ] GC(203) Using 1 workers of 1 for marking
[96.365s][info][gc,start    ] GC(204) Pause Young (Normal) (G1 Evacuation Pause)
[96.365s][info][gc,task     ] GC(204) Using 2 workers of 2 for evacuation
[96.486s][info][gc,phases   ] GC(204)   Pre Evacuate Collection Set: 0.31ms
[96.486s][info][gc,phases   ] GC(204)   Merge Heap Roots: 0.51ms
[96.486s][info][gc,phases   ] GC(204)   Evacuate Collection Set: 119.15ms
[96.486s][info][gc,phases   ] GC(204)   Post Evacuate Collection Set: 0.75ms
[96.486s][info][gc,phases   ] GC(204)   Other: 0.09ms
[96.486s][info][gc,heap     ] GC(204) Eden regions: 355->0(333)
[96.486s][info][gc,heap     ] GC(204) Survivor regions: 62->38(53)
[96.486s][info][gc,heap     ] GC(204) Old regions: 413->465
[96.486s][info][gc,heap     ] GC(204) Humongous regions: 8->8
[96.486s][info][gc,metaspace] GC(204) Metaspace: 18239K(18432K)->18239K(18432K) NonClass: 15573K(15680K)->15573K(15680K) Class: 2665K(2752K)->2665K(2752K)
[96.486s][info][gc          ] GC(204) Pause Young (Normal) (G1 Evacuation Pause) 838M->510M(978M) 121.083ms
[96.486s][info][gc,cpu      ] GC(204) User=0.24s Sys=0.00s Real=0.12s
[96.852s][info][gc,start    ] GC(205) Pause Young (Normal) (G1 Evacuation Pause)
[96.852s][info][gc,task     ] GC(205) Using 2 workers of 2 for evacuation
[96.960s][info][gc,phases   ] GC(205)   Pre Evacuate Collection Set: 0.57ms
[96.960s][info][gc,phases   ] GC(205)   Merge Heap Roots: 0.48ms
[96.960s][info][gc,phases   ] GC(205)   Evacuate Collection Set: 105.62ms
[96.960s][info][gc,phases   ] GC(205)   Post Evacuate Collection Set: 0.58ms
[96.960s][info][gc,phases   ] GC(205)   Other: 0.09ms
[96.960s][info][gc,heap     ] GC(205) Eden regions: 333->0(306)
[96.960s][info][gc,heap     ] GC(205) Survivor regions: 38->40(47)
[96.960s][info][gc,heap     ] GC(205) Old regions: 465->503
[96.960s][info][gc,heap     ] GC(205) Humongous regions: 8->8
[96.960s][info][gc,metaspace] GC(205) Metaspace: 18248K(18432K)->18248K(18432K) NonClass: 15583K(15680K)->15583K(15680K) Class: 2665K(2752K)->2665K(2752K)
[96.960s][info][gc          ] GC(205) Pause Young (Normal) (G1 Evacuation Pause) 843M->550M(978M) 107.652ms
[96.960s][info][gc,cpu      ] GC(205) User=0.21s Sys=0.00s Real=0.11s
[97.296s][info][gc,marking  ] GC(203) Concurrent Mark From Roots 1299.744ms
[97.296s][info][gc,marking  ] GC(203) Concurrent Preclean
[97.296s][info][gc,marking  ] GC(203) Concurrent Preclean 0.064ms
[97.296s][info][gc,start    ] GC(203) Pause Remark
[97.303s][info][gc          ] GC(203) Pause Remark 780M->772M(978M) 6.802ms
[97.303s][info][gc,cpu      ] GC(203) User=0.01s Sys=0.00s Real=0.01s
[97.305s][info][gc,marking  ] GC(203) Concurrent Mark 1308.623ms
[97.305s][info][gc,marking  ] GC(203) Concurrent Rebuild Remembered Sets and Scrub Regions
[97.422s][info][gc,start    ] GC(206) Pause Young (Normal) (G1 Evacuation Pause)
[97.422s][info][gc,task     ] GC(206) Using 2 workers of 2 for evacuation
[97.476s][info][gc,phases   ] GC(206)   Pre Evacuate Collection Set: 0.28ms
[97.476s][info][gc,phases   ] GC(206)   Merge Heap Roots: 0.26ms
[97.476s][info][gc,phases   ] GC(206)   Evacuate Collection Set: 52.88ms
[97.476s][info][gc,phases   ] GC(206)   Post Evacuate Collection Set: 0.52ms
[97.476s][info][gc,phases   ] GC(206)   Other: 0.08ms
[97.476s][info][gc,heap     ] GC(206) Eden regions: 306->0(318)
[97.476s][info][gc,heap     ] GC(206) Survivor regions: 40->11(44)
[97.476s][info][gc,heap     ] GC(206) Old regions: 495->534
[97.476s][info][gc,heap     ] GC(206) Humongous regions: 8->8
[97.476s][info][gc,metaspace] GC(206) Metaspace: 18252K(18432K)->18252K(18432K) NonClass: 15587K(15680K)->15587K(15680K) Class: 2665K(2752K)->2665K(2752K)
[97.476s][info][gc          ] GC(206) Pause Young (Normal) (G1 Evacuation Pause) 848M->552M(978M) 54.255ms
[97.476s][info][gc,cpu      ] GC(206) User=0.11s Sys=0.00s Real=0.06s
[97.849s][info][gc,marking  ] GC(203) Concurrent Rebuild Remembered Sets and Scrub Regions 544.114ms
[97.850s][info][gc,start    ] GC(203) Pause Cleanup
[97.850s][info][gc          ] GC(203) Pause Cleanup 763M->763M(978M) 0.137ms
[97.850s][info][gc,cpu      ] GC(203) User=0.00s Sys=0.00s Real=0.00s
[97.850s][info][gc,marking  ] GC(203) Concurrent Clear Claimed Marks
[97.850s][info][gc,marking  ] GC(203) Concurrent Clear Claimed Marks 0.046ms
[97.850s][info][gc,marking  ] GC(203) Concurrent Cleanup for Next Mark
[97.857s][info][gc,marking  ] GC(203) Concurrent Cleanup for Next Mark 7.028ms
[97.857s][info][gc          ] GC(203) Concurrent Mark Cycle 1982.909ms
[98.043s][info][gc,start    ] GC(207) Pause Young (Prepare Mixed) (G1 Evacuation Pause)
[98.043s][info][gc,task     ] GC(207) Using 2 workers of 2 for evacuation
[98.107s][info][gc,phases   ] GC(207)   Pre Evacuate Collection Set: 0.53ms
[98.107s][info][gc,phases   ] GC(207)   Merge Heap Roots: 0.50ms
[98.107s][info][gc,phases   ] GC(207)   Evacuate Collection Set: 61.68ms
[98.107s][info][gc,phases   ] GC(207)   Post Evacuate Collection Set: 0.62ms
[98.107s][info][gc,phases   ] GC(207)   Other: 0.09ms
[98.107s][info][gc,heap     ] GC(207) Eden regions: 318->0(280)
[98.107s][info][gc,heap     ] GC(207) Survivor regions: 11->42(42)
[98.107s][info][gc,heap     ] GC(207) Old regions: 534->543
[98.107s][info][gc,heap     ] GC(207) Humongous regions: 8->8
[98.107s][info][gc,metaspace] GC(207) Metaspace: 18256K(18432K)->18256K(18432K) NonClass: 15591K(15680K)->15591K(15680K) Class: 2665K(2752K)->2665K(2752K)
[98.107s][info][gc          ] GC(207) Pause Young (Prepare Mixed) (G1 Evacuation Pause) 870M->593M(978M) 63.684ms
[98.107s][info][gc,cpu      ] GC(207) User=0.13s Sys=0.00s Real=0.06s
[98.432s][info][gc,start    ] GC(208) Pause Young (Mixed) (G1 Evacuation Pause)
[98.432s][info][gc,task     ] GC(208) Using 2 workers of 2 for evacuation
[98.538s][info][gc,phases   ] GC(208)   Pre Evacuate Collection Set: 0.49ms
[98.538s][info][gc,phases   ] GC(208)   Merge Heap Roots: 0.34ms
[98.538s][info][gc,phases   ] GC(208)   Evacuate Collection Set: 103.18ms
[98.538s][info][gc,phases   ] GC(208)   Post Evacuate Collection Set: 2.32ms
[98.538s][info][gc,phases   ] GC(208)   Other: 0.09ms
[98.538s][info][gc,heap     ] GC(208) Eden regions: 280->0(203)
[98.538s][info][gc,heap     ] GC(208) Survivor regions: 42->41(41)
[98.538s][info][gc,heap     ] GC(208) Old regions: 543->616
[98.538s][info][gc,heap     ] GC(208) Humongous regions: 8->8
[98.538s][info][gc,metaspace] GC(208) Metaspace: 18260K(18432K)->18260K(18432K) NonClass: 15595K(15680K)->15595K(15680K) Class: 2665K(2752K)->2665K(2752K)
[98.538s][info][gc          ] GC(208) Pause Young (Mixed) (G1 Evacuation Pause) (Evacuation Failure: Allocation) 873M->665M(978M) 106.707ms
[98.538s][info][gc,cpu      ] GC(208) User=0.21s Sys=0.00s Real=0.11s
[98.843s][info][gc,start    ] GC(209) Pause Young (Concurrent Start) (G1 Humongous Allocation)
[98.843s][info][gc,task     ] GC(209) Using 2 workers of 2 for evacuation
[98.912s][info][gc,phases   ] GC(209)   Pre Evacuate Collection Set: 0.45ms
[98.912s][info][gc,phases   ] GC(209)   Merge Heap Roots: 0.63ms
[98.912s][info][gc,phases   ] GC(209)   Evacuate Collection Set: 66.80ms
[98.912s][info][gc,phases   ] GC(209)   Post Evacuate Collection Set: 0.57ms
[98.912s][info][gc,phases   ] GC(209)   Other: 0.20ms
[98.912s][info][gc,heap     ] GC(209) Eden regions: 168->0(203)
[98.912s][info][gc,heap     ] GC(209) Survivor regions: 41->15(31)
[98.912s][info][gc,heap     ] GC(209) Old regions: 616->645
[98.912s][info][gc,heap     ] GC(209) Humongous regions: 8->8
[98.912s][info][gc,metaspace] GC(209) Metaspace: 18263K(18432K)->18263K(18432K) NonClass: 15598K(15680K)->15598K(15680K) Class: 2665K(2752K)->2665K(2752K)
[98.912s][info][gc          ] GC(209) Pause Young (Concurrent Start) (G1 Humongous Allocation) 833M->667M(978M) 68.901ms
[98.912s][info][gc,cpu      ] GC(209) User=0.13s Sys=0.01s Real=0.06s
[98.912s][info][gc          ] GC(210) Concurrent Mark Cycle
[98.914s][info][gc,marking  ] GC(210) Concurrent Scan Root Regions
[98.980s][info][gc,marking  ] GC(210) Concurrent Scan Root Regions 65.794ms
[98.980s][info][gc,marking  ] GC(210) Concurrent Mark
[98.980s][info][gc,marking  ] GC(210) Concurrent Mark From Roots
[98.980s][info][gc,task     ] GC(210) Using 1 workers of 1 for marking
[99.301s][info][gc,start    ] GC(211) Pause Young (Normal) (G1 Evacuation Pause)
[99.301s][info][gc,task     ] GC(211) Using 2 workers of 2 for evacuation
[99.380s][info][gc,phases   ] GC(211)   Pre Evacuate Collection Set: 0.50ms
[99.380s][info][gc,phases   ] GC(211)   Merge Heap Roots: 0.38ms
[99.380s][info][gc,phases   ] GC(211)   Evacuate Collection Set: 76.84ms
[99.380s][info][gc,phases   ] GC(211)   Post Evacuate Collection Set: 0.42ms
[99.380s][info][gc,phases   ] GC(211)   Other: 0.09ms
[99.380s][info][gc,heap     ] GC(211) Eden regions: 203->0(170)
[99.380s][info][gc,heap     ] GC(211) Survivor regions: 15->28(28)
[99.380s][info][gc,heap     ] GC(211) Old regions: 645->677
[99.380s][info][gc,heap     ] GC(211) Humongous regions: 11->11
[99.380s][info][gc,metaspace] GC(211) Metaspace: 18263K(18432K)->18263K(18432K) NonClass: 15598K(15680K)->15598K(15680K) Class: 2665K(2752K)->2665K(2752K)
[99.380s][info][gc          ] GC(211) Pause Young (Normal) (G1 Evacuation Pause) 873M->715M(978M) 78.441ms
[99.380s][info][gc,cpu      ] GC(211) User=0.15s Sys=0.00s Real=0.08s
[99.644s][info][gc,start    ] GC(212) Pause Young (Normal) (G1 Evacuation Pause)
[99.644s][info][gc,task     ] GC(212) Using 2 workers of 2 for evacuation
[99.681s][info][gc,phases   ] GC(212)   Pre Evacuate Collection Set: 0.30ms
[99.681s][info][gc,phases   ] GC(212)   Merge Heap Roots: 0.19ms
[99.681s][info][gc,phases   ] GC(212)   Evacuate Collection Set: 36.03ms
[99.681s][info][gc,phases   ] GC(212)   Post Evacuate Collection Set: 0.39ms
[99.681s][info][gc,phases   ] GC(212)   Other: 0.09ms
[99.681s][info][gc,heap     ] GC(212) Eden regions: 170->0(177)
[99.681s][info][gc,heap     ] GC(212) Survivor regions: 28->5(25)
[99.681s][info][gc,heap     ] GC(212) Old regions: 677->705
[99.681s][info][gc,heap     ] GC(212) Humongous regions: 11->11
[99.681s][info][gc,metaspace] GC(212) Metaspace: 18263K(18432K)->18263K(18432K) NonClass: 15598K(15680K)->15598K(15680K) Class: 2665K(2752K)->2665K(2752K)
[99.681s][info][gc          ] GC(212) Pause Young (Normal) (G1 Evacuation Pause) 885M->720M(978M) 37.231ms
[99.681s][info][gc,cpu      ] GC(212) User=0.07s Sys=0.00s Real=0.03s
[100.041s][info][gc,start    ] GC(213) Pause Young (Normal) (G1 Evacuation Pause)
[100.041s][info][gc,task     ] GC(213) Using 2 workers of 2 for evacuation
[100.058s][info][gc,phases   ] GC(213)   Pre Evacuate Collection Set: 0.32ms
[100.058s][info][gc,phases   ] GC(213)   Merge Heap Roots: 0.22ms
[100.058s][info][gc,phases   ] GC(213)   Evacuate Collection Set: 15.91ms
[100.058s][info][gc,phases   ] GC(213)   Post Evacuate Collection Set: 0.39ms
[100.058s][info][gc,phases   ] GC(213)   Other: 0.08ms
[100.058s][info][gc,heap     ] GC(213) Eden regions: 177->0(183)
[100.058s][info][gc,heap     ] GC(213) Survivor regions: 5->9(23)
[100.058s][info][gc,heap     ] GC(213) Old regions: 705->705
[100.058s][info][gc,heap     ] GC(213) Humongous regions: 11->11
[100.058s][info][gc,metaspace] GC(213) Metaspace: 18263K(18432K)->18263K(18432K) NonClass: 15598K(15680K)->15598K(15680K) Class: 2665K(2752K)->2665K(2752K)
[100.058s][info][gc          ] GC(213) Pause Young (Normal) (G1 Evacuation Pause) 897M->725M(978M) 17.161ms
[100.058s][info][gc,cpu      ] GC(213) User=0.03s Sys=0.00s Real=0.02s
[100.275s][info][gc,marking  ] GC(210) Concurrent Mark From Roots 1295.329ms
[100.275s][info][gc,marking  ] GC(210) Concurrent Preclean
[100.275s][info][gc,marking  ] GC(210) Concurrent Preclean 0.030ms
[100.275s][info][gc,start    ] GC(210) Pause Remark
[100.282s][info][gc          ] GC(210) Pause Remark 841M->771M(978M) 6.905ms
[100.282s][info][gc,cpu      ] GC(210) User=0.01s Sys=0.00s Real=0.00s
[100.282s][info][gc,marking  ] GC(210) Concurrent Mark 1302.572ms
[100.282s][info][gc,marking  ] GC(210) Concurrent Rebuild Remembered Sets and Scrub Regions
[100.498s][info][gc,start    ] GC(214) Pause Young (Normal) (G1 Evacuation Pause)
[100.498s][info][gc,task     ] GC(214) Using 2 workers of 2 for evacuation
[100.536s][info][gc,phases   ] GC(214)   Pre Evacuate Collection Set: 0.45ms
[100.537s][info][gc,phases   ] GC(214)   Merge Heap Roots: 0.47ms
[100.537s][info][gc,phases   ] GC(214)   Evacuate Collection Set: 37.37ms
[100.537s][info][gc,phases   ] GC(214)   Post Evacuate Collection Set: 0.48ms
[100.537s][info][gc,phases   ] GC(214)   Other: 0.11ms
[100.537s][info][gc,heap     ] GC(214) Eden regions: 183->0(218)
[100.537s][info][gc,heap     ] GC(214) Survivor regions: 9->22(24)
[100.537s][info][gc,heap     ] GC(214) Old regions: 639->639
[100.537s][info][gc,heap     ] GC(214) Humongous regions: 7->7
[100.537s][info][gc,metaspace] GC(214) Metaspace: 18264K(18432K)->18264K(18432K) NonClass: 15599K(15680K)->15599K(15680K) Class: 2665K(2752K)->2665K(2752K)
[100.537s][info][gc          ] GC(214) Pause Young (Normal) (G1 Evacuation Pause) 838M->667M(978M) 39.099ms
[100.537s][info][gc,cpu      ] GC(214) User=0.08s Sys=0.00s Real=0.04s
[101.084s][info][gc,start    ] GC(215) Pause Young (Normal) (G1 Evacuation Pause)
[101.084s][info][gc,task     ] GC(215) Using 2 workers of 2 for evacuation
[101.158s][info][gc,phases   ] GC(215)   Pre Evacuate Collection Set: 0.48ms
[101.158s][info][gc,phases   ] GC(215)   Merge Heap Roots: 0.50ms
[101.158s][info][gc,phases   ] GC(215)   Evacuate Collection Set: 72.07ms
[101.158s][info][gc,phases   ] GC(215)   Post Evacuate Collection Set: 0.76ms
[101.158s][info][gc,phases   ] GC(215)   Other: 0.11ms
[101.158s][info][gc,heap     ] GC(215) Eden regions: 218->0(185)
[101.158s][info][gc,heap     ] GC(215) Survivor regions: 22->30(30)
[101.158s][info][gc,heap     ] GC(215) Old regions: 639->674
[101.158s][info][gc,heap     ] GC(215) Humongous regions: 7->7
[101.158s][info][gc,metaspace] GC(215) Metaspace: 18264K(18432K)->18264K(18432K) NonClass: 15599K(15680K)->15599K(15680K) Class: 2665K(2752K)->2665K(2752K)
[101.158s][info][gc          ] GC(215) Pause Young (Normal) (G1 Evacuation Pause) 885M->710M(978M) 74.111ms
[101.158s][info][gc,cpu      ] GC(215) User=0.15s Sys=0.00s Real=0.07s
[101.216s][info][gc,marking  ] GC(210) Concurrent Rebuild Remembered Sets and Scrub Regions 933.535ms
[101.216s][info][gc,start    ] GC(210) Pause Cleanup
[101.216s][info][gc          ] GC(210) Pause Cleanup 773M->773M(978M) 0.226ms
[101.216s][info][gc,cpu      ] GC(210) User=0.00s Sys=0.00s Real=0.00s
[101.216s][info][gc,marking  ] GC(210) Concurrent Clear Claimed Marks
[101.217s][info][gc,marking  ] GC(210) Concurrent Clear Claimed Marks 0.053ms
[101.217s][info][gc,marking  ] GC(210) Concurrent Cleanup for Next Mark
[101.226s][info][gc,marking  ] GC(210) Concurrent Cleanup for Next Mark 9.235ms
[101.226s][info][gc          ] GC(210) Concurrent Mark Cycle 2313.664ms
[101.429s][info][gc,start    ] GC(216) Pause Young (Prepare Mixed) (G1 Evacuation Pause)
[101.429s][info][gc,task     ] GC(216) Using 2 workers of 2 for evacuation
[101.513s][info][gc,phases   ] GC(216)   Pre Evacuate Collection Set: 0.30ms
[101.513s][info][gc,phases   ] GC(216)   Merge Heap Roots: 0.54ms
[101.513s][info][gc,phases   ] GC(216)   Evacuate Collection Set: 81.87ms
[101.513s][info][gc,phases   ] GC(216)   Post Evacuate Collection Set: 0.83ms
[101.513s][info][gc,phases   ] GC(216)   Other: 0.11ms
[101.513s][info][gc,heap     ] GC(216) Eden regions: 185->0(143)
[101.513s][info][gc,heap     ] GC(216) Survivor regions: 30->27(27)
[101.513s][info][gc,heap     ] GC(216) Old regions: 674->724
[101.513s][info][gc,heap     ] GC(216) Humongous regions: 7->7
[101.513s][info][gc,metaspace] GC(216) Metaspace: 18266K(18432K)->18266K(18432K) NonClass: 15601K(15680K)->15601K(15680K) Class: 2665K(2752K)->2665K(2752K)
[101.513s][info][gc          ] GC(216) Pause Young (Prepare Mixed) (G1 Evacuation Pause) 895M->758M(978M) 83.873ms
[101.513s][info][gc,cpu      ] GC(216) User=0.16s Sys=0.00s Real=0.08s
[101.754s][info][gc,start    ] GC(217) Pause Young (Mixed) (G1 Evacuation Pause)
[101.754s][info][gc,task     ] GC(217) Using 2 workers of 2 for evacuation
[101.839s][info][gc,phases   ] GC(217)   Pre Evacuate Collection Set: 0.34ms
[101.839s][info][gc,phases   ] GC(217)   Merge Heap Roots: 0.74ms
[101.839s][info][gc,phases   ] GC(217)   Evacuate Collection Set: 83.06ms
[101.839s][info][gc,phases   ] GC(217)   Post Evacuate Collection Set: 0.93ms
[101.839s][info][gc,phases   ] GC(217)   Other: 0.11ms
[101.839s][info][gc,heap     ] GC(217) Eden regions: 143->0(186)
[101.839s][info][gc,heap     ] GC(217) Survivor regions: 27->16(22)
[101.839s][info][gc,heap     ] GC(217) Old regions: 724->668
[101.839s][info][gc,heap     ] GC(217) Humongous regions: 10->10
[101.839s][info][gc,metaspace] GC(217) Metaspace: 18266K(18432K)->18266K(18432K) NonClass: 15601K(15680K)->15601K(15680K) Class: 2665K(2752K)->2665K(2752K)
[101.839s][info][gc          ] GC(217) Pause Young (Mixed) (G1 Evacuation Pause) 904M->693M(978M) 85.465ms
[101.839s][info][gc,cpu      ] GC(217) User=0.17s Sys=0.00s Real=0.08s
[102.090s][info][gc,start    ] GC(218) Pause Young (Mixed) (G1 Evacuation Pause)
[102.090s][info][gc,task     ] GC(218) Using 2 workers of 2 for evacuation
[102.249s][info][gc,phases   ] GC(218)   Pre Evacuate Collection Set: 0.53ms
[102.249s][info][gc,phases   ] GC(218)   Merge Heap Roots: 1.51ms
[102.249s][info][gc,phases   ] GC(218)   Evacuate Collection Set: 137.33ms
[102.249s][info][gc,phases   ] GC(218)   Merge Optional Heap Roots: 0.37ms
[102.249s][info][gc,phases   ] GC(218)   Evacuate Optional Collection Set: 17.42ms
[102.249s][info][gc,phases   ] GC(218)   Post Evacuate Collection Set: 1.31ms
[102.249s][info][gc,phases   ] GC(218)   Other: 0.10ms
[102.249s][info][gc,heap     ] GC(218) Eden regions: 186->0(22)
[102.249s][info][gc,heap     ] GC(218) Survivor regions: 16->26(26)
[102.249s][info][gc,heap     ] GC(218) Old regions: 668->646
[102.249s][info][gc,heap     ] GC(218) Humongous regions: 10->10
[102.249s][info][gc,metaspace] GC(218) Metaspace: 18266K(18432K)->18266K(18432K) NonClass: 15601K(15680K)->15601K(15680K) Class: 2665K(2752K)->2665K(2752K)
[102.249s][info][gc          ] GC(218) Pause Young (Mixed) (G1 Evacuation Pause) 879M->681M(978M) 158.847ms
[102.249s][info][gc,cpu      ] GC(218) User=0.31s Sys=0.00s Real=0.16s
[102.311s][info][gc,start    ] GC(219) Pause Young (Mixed) (G1 Evacuation Pause)
[102.311s][info][gc,task     ] GC(219) Using 2 workers of 2 for evacuation
[102.533s][info][gc,mmu      ] GC(219) MMU target violated: 201.0ms (200.0ms/201.0ms)
[102.533s][info][gc,phases   ] GC(219)   Pre Evacuate Collection Set: 0.40ms
[102.533s][info][gc,phases   ] GC(219)   Merge Heap Roots: 4.46ms
[102.533s][info][gc,phases   ] GC(219)   Evacuate Collection Set: 216.65ms
[102.533s][info][gc,phases   ] GC(219)   Post Evacuate Collection Set: 0.46ms
[102.533s][info][gc,phases   ] GC(219)   Other: 0.13ms
[102.533s][info][gc,heap     ] GC(219) Eden regions: 22->0(196)
[102.534s][info][gc,heap     ] GC(219) Survivor regions: 26->1(6)
[102.534s][info][gc,heap     ] GC(219) Old regions: 646->665
[102.534s][info][gc,heap     ] GC(219) Humongous regions: 10->10
[102.534s][info][gc,metaspace] GC(219) Metaspace: 18266K(18432K)->18266K(18432K) NonClass: 15601K(15680K)->15601K(15680K) Class: 2665K(2752K)->2665K(2752K)
[102.534s][info][gc          ] GC(219) Pause Young (Mixed) (G1 Evacuation Pause) 703M->676M(978M) 222.299ms
[102.534s][info][gc,cpu      ] GC(219) User=0.44s Sys=0.00s Real=0.23s
[102.722s][info][gc,start    ] GC(220) Pause Young (Concurrent Start) (G1 Evacuation Pause)
[102.722s][info][gc,task     ] GC(220) Using 2 workers of 2 for evacuation
[102.735s][info][gc,phases   ] GC(220)   Pre Evacuate Collection Set: 0.28ms
[102.735s][info][gc,phases   ] GC(220)   Merge Heap Roots: 0.28ms
[102.735s][info][gc,phases   ] GC(220)   Evacuate Collection Set: 11.85ms
[102.735s][info][gc,phases   ] GC(220)   Post Evacuate Collection Set: 0.41ms
[102.735s][info][gc,phases   ] GC(220)   Other: 0.11ms
[102.735s][info][gc,heap     ] GC(220) Eden regions: 196->0(205)
[102.735s][info][gc,heap     ] GC(220) Survivor regions: 1->5(25)
[102.735s][info][gc,heap     ] GC(220) Old regions: 665->665
[102.735s][info][gc,heap     ] GC(220) Humongous regions: 10->10
[102.735s][info][gc,metaspace] GC(220) Metaspace: 18266K(18432K)->18266K(18432K) NonClass: 15601K(15680K)->15601K(15680K) Class: 2665K(2752K)->2665K(2752K)
[102.735s][info][gc          ] GC(220) Pause Young (Concurrent Start) (G1 Evacuation Pause) 872M->679M(978M) 13.179ms
[102.735s][info][gc,cpu      ] GC(220) User=0.02s Sys=0.00s Real=0.02s
[102.735s][info][gc          ] GC(221) Concurrent Mark Cycle
[102.735s][info][gc,marking  ] GC(221) Concurrent Scan Root Regions
[102.742s][info][gc,marking  ] GC(221) Concurrent Scan Root Regions 6.875ms
[102.742s][info][gc,marking  ] GC(221) Concurrent Mark
[102.742s][info][gc,marking  ] GC(221) Concurrent Mark From Roots
[102.742s][info][gc,task     ] GC(221) Using 1 workers of 1 for marking
[103.116s][info][gc,start    ] GC(222) Pause Young (Normal) (G1 Evacuation Pause)
[103.116s][info][gc,task     ] GC(222) Using 2 workers of 2 for evacuation
[103.133s][info][gc,phases   ] GC(222)   Pre Evacuate Collection Set: 0.29ms
[103.133s][info][gc,phases   ] GC(222)   Merge Heap Roots: 0.22ms
[103.133s][info][gc,phases   ] GC(222)   Evacuate Collection Set: 15.90ms
[103.133s][info][gc,phases   ] GC(222)   Post Evacuate Collection Set: 0.45ms
[103.133s][info][gc,phases   ] GC(222)   Other: 0.10ms
[103.133s][info][gc,heap     ] GC(222) Eden regions: 205->0(214)
[103.133s][info][gc,heap     ] GC(222) Survivor regions: 5->9(27)
[103.133s][info][gc,heap     ] GC(222) Old regions: 665->665
[103.133s][info][gc,heap     ] GC(222) Humongous regions: 10->10
[103.133s][info][gc,metaspace] GC(222) Metaspace: 18266K(18432K)->18266K(18432K) NonClass: 15601K(15680K)->15601K(15680K) Class: 2665K(2752K)->2665K(2752K)
[103.133s][info][gc          ] GC(222) Pause Young (Normal) (G1 Evacuation Pause) 884M->684M(978M) 17.175ms
[103.133s][info][gc,cpu      ] GC(222) User=0.03s Sys=0.00s Real=0.02s
[103.658s][info][gc,start    ] GC(223) Pause Young (Normal) (G1 Evacuation Pause)
[103.658s][info][gc,task     ] GC(223) Using 2 workers of 2 for evacuation
[103.700s][info][gc,phases   ] GC(223)   Pre Evacuate Collection Set: 0.50ms
[103.700s][info][gc,phases   ] GC(223)   Merge Heap Roots: 0.27ms
[103.700s][info][gc,phases   ] GC(223)   Evacuate Collection Set: 40.74ms
[103.700s][info][gc,phases   ] GC(223)   Post Evacuate Collection Set: 0.46ms
[103.700s][info][gc,phases   ] GC(223)   Other: 0.07ms
[103.700s][info][gc,heap     ] GC(223) Eden regions: 214->0(190)
[103.700s][info][gc,heap     ] GC(223) Survivor regions: 9->28(28)
[103.700s][info][gc,heap     ] GC(223) Old regions: 665->672
[103.700s][info][gc,heap     ] GC(223) Humongous regions: 10->10
[103.700s][info][gc,metaspace] GC(223) Metaspace: 18266K(18432K)->18266K(18432K) NonClass: 15601K(15680K)->15601K(15680K) Class: 2665K(2752K)->2665K(2752K)
[103.701s][info][gc          ] GC(223) Pause Young (Normal) (G1 Evacuation Pause) 898M->709M(978M) 42.277ms
[103.701s][info][gc,cpu      ] GC(223) User=0.09s Sys=0.00s Real=0.04s
[104.312s][info][gc,marking  ] GC(221) Concurrent Mark From Roots 1570.179ms
[104.312s][info][gc,marking  ] GC(221) Concurrent Preclean
[104.312s][info][gc,marking  ] GC(221) Concurrent Preclean 0.030ms
[104.312s][info][gc,start    ] GC(221) Pause Remark
[104.319s][info][gc          ] GC(221) Pause Remark 873M->737M(978M) 6.948ms
[104.319s][info][gc,cpu      ] GC(221) User=0.01s Sys=0.00s Real=0.01s
[104.321s][info][gc,marking  ] GC(221) Concurrent Mark 1578.648ms
[104.321s][info][gc,marking  ] GC(221) Concurrent Rebuild Remembered Sets and Scrub Regions
[104.410s][info][gc,start    ] GC(224) Pause Young (Normal) (G1 Evacuation Pause)
[104.410s][info][gc,task     ] GC(224) Using 2 workers of 2 for evacuation
[104.441s][info][gc,phases   ] GC(224)   Pre Evacuate Collection Set: 0.48ms
[104.441s][info][gc,phases   ] GC(224)   Merge Heap Roots: 0.21ms
[104.441s][info][gc,phases   ] GC(224)   Evacuate Collection Set: 29.16ms
[104.441s][info][gc,phases   ] GC(224)   Post Evacuate Collection Set: 0.42ms
[104.441s][info][gc,phases   ] GC(224)   Other: 0.07ms
[104.441s][info][gc,heap     ] GC(224) Eden regions: 190->0(297)
[104.441s][info][gc,heap     ] GC(224) Survivor regions: 28->1(28)
[104.441s][info][gc,heap     ] GC(224) Old regions: 540->569
[104.441s][info][gc,heap     ] GC(224) Humongous regions: 6->6
[104.441s][info][gc,metaspace] GC(224) Metaspace: 18267K(18432K)->18267K(18432K) NonClass: 15602K(15680K)->15602K(15680K) Class: 2665K(2752K)->2665K(2752K)
[104.441s][info][gc          ] GC(224) Pause Young (Normal) (G1 Evacuation Pause) 763M->575M(978M) 30.500ms
[104.441s][info][gc,cpu      ] GC(224) User=0.06s Sys=0.00s Real=0.03s
[104.859s][info][gc,marking  ] GC(221) Concurrent Rebuild Remembered Sets and Scrub Regions 538.698ms
[104.860s][info][gc,start    ] GC(221) Pause Cleanup
[104.860s][info][gc          ] GC(221) Pause Cleanup 696M->696M(978M) 0.109ms
[104.860s][info][gc,cpu      ] GC(221) User=0.00s Sys=0.00s Real=0.00s
[104.861s][info][gc,marking  ] GC(221) Concurrent Clear Claimed Marks
[104.861s][info][gc,marking  ] GC(221) Concurrent Clear Claimed Marks 0.042ms
[104.861s][info][gc,marking  ] GC(221) Concurrent Cleanup for Next Mark
[104.867s][info][gc,marking  ] GC(221) Concurrent Cleanup for Next Mark 5.875ms
[104.867s][info][gc          ] GC(221) Concurrent Mark Cycle 2131.978ms
[105.096s][info][gc,start    ] GC(225) Pause Young (Prepare Mixed) (G1 Evacuation Pause)
[105.096s][info][gc,task     ] GC(225) Using 2 workers of 2 for evacuation
[105.141s][info][gc,phases   ] GC(225)   Pre Evacuate Collection Set: 0.50ms
[105.141s][info][gc,phases   ] GC(225)   Merge Heap Roots: 0.51ms
[105.141s][info][gc,phases   ] GC(225)   Evacuate Collection Set: 43.66ms
[105.141s][info][gc,phases   ] GC(225)   Post Evacuate Collection Set: 0.52ms
[105.141s][info][gc,phases   ] GC(225)   Other: 0.08ms
[105.141s][info][gc,heap     ] GC(225) Eden regions: 297->0(263)
[105.142s][info][gc,heap     ] GC(225) Survivor regions: 1->38(38)
[105.142s][info][gc,heap     ] GC(225) Old regions: 569->569
[105.142s][info][gc,heap     ] GC(225) Humongous regions: 6->6
[105.142s][info][gc,metaspace] GC(225) Metaspace: 18271K(18432K)->18271K(18432K) NonClass: 15606K(15680K)->15606K(15680K) Class: 2665K(2752K)->2665K(2752K)
[105.142s][info][gc          ] GC(225) Pause Young (Prepare Mixed) (G1 Evacuation Pause) 872M->612M(978M) 45.449ms
[105.142s][info][gc,cpu      ] GC(225) User=0.09s Sys=0.00s Real=0.04s
[105.458s][info][gc,start    ] GC(226) Pause Young (Mixed) (G1 Evacuation Pause)
[105.458s][info][gc,task     ] GC(226) Using 2 workers of 2 for evacuation
[105.523s][info][gc,phases   ] GC(226)   Pre Evacuate Collection Set: 0.46ms
[105.523s][info][gc,phases   ] GC(226)   Merge Heap Roots: 0.15ms
[105.523s][info][gc,phases   ] GC(226)   Evacuate Collection Set: 63.35ms
[105.523s][info][gc,phases   ] GC(226)   Post Evacuate Collection Set: 0.57ms
[105.523s][info][gc,phases   ] GC(226)   Other: 0.12ms
[105.523s][info][gc,heap     ] GC(226) Eden regions: 263->0(243)
[105.523s][info][gc,heap     ] GC(226) Survivor regions: 38->38(38)
[105.523s][info][gc,heap     ] GC(226) Old regions: 569->592
[105.523s][info][gc,heap     ] GC(226) Humongous regions: 6->6
[105.523s][info][gc,metaspace] GC(226) Metaspace: 18271K(18432K)->18271K(18432K) NonClass: 15606K(15680K)->15606K(15680K) Class: 2665K(2752K)->2665K(2752K)
[105.523s][info][gc          ] GC(226) Pause Young (Mixed) (G1 Evacuation Pause) 875M->635M(978M) 64.896ms
[105.523s][info][gc,cpu      ] GC(226) User=0.13s Sys=0.00s Real=0.07s
[105.564s][info][gc,start    ] GC(227) Pause Young (Concurrent Start) (G1 Humongous Allocation)
[105.564s][info][gc,task     ] GC(227) Using 2 workers of 2 for evacuation
[105.606s][info][gc,phases   ] GC(227)   Pre Evacuate Collection Set: 0.26ms
[105.606s][info][gc,phases   ] GC(227)   Merge Heap Roots: 0.15ms
[105.606s][info][gc,phases   ] GC(227)   Evacuate Collection Set: 40.77ms
[105.606s][info][gc,phases   ] GC(227)   Post Evacuate Collection Set: 0.29ms
[105.606s][info][gc,phases   ] GC(227)   Other: 0.07ms
[105.606s][info][gc,heap     ] GC(227) Eden regions: 18->0(251)
[105.606s][info][gc,heap     ] GC(227) Survivor regions: 38->6(36)
[105.606s][info][gc,heap     ] GC(227) Old regions: 592->630
[105.606s][info][gc,heap     ] GC(227) Humongous regions: 6->6
[105.606s][info][gc,metaspace] GC(227) Metaspace: 18271K(18432K)->18271K(18432K) NonClass: 15606K(15680K)->15606K(15680K) Class: 2665K(2752K)->2665K(2752K)
[105.606s][info][gc          ] GC(227) Pause Young (Concurrent Start) (G1 Humongous Allocation) 653M->641M(978M) 41.743ms
[105.606s][info][gc          ] GC(228) Concurrent Mark Cycle
[105.606s][info][gc,marking  ] GC(228) Concurrent Scan Root Regions
[105.608s][info][gc,cpu      ] GC(227) User=0.08s Sys=0.00s Real=0.04s
[105.663s][info][gc,marking  ] GC(228) Concurrent Scan Root Regions 56.563ms
[105.663s][info][gc,marking  ] GC(228) Concurrent Mark
[105.663s][info][gc,marking  ] GC(228) Concurrent Mark From Roots
[105.663s][info][gc,task     ] GC(228) Using 1 workers of 1 for marking
[106.101s][info][gc,start    ] GC(229) Pause Young (Normal) (G1 Evacuation Pause)
[106.101s][info][gc,task     ] GC(229) Using 2 workers of 2 for evacuation
[106.168s][info][gc,phases   ] GC(229)   Pre Evacuate Collection Set: 0.28ms
[106.168s][info][gc,phases   ] GC(229)   Merge Heap Roots: 0.23ms
[106.168s][info][gc,phases   ] GC(229)   Evacuate Collection Set: 66.06ms
[106.168s][info][gc,phases   ] GC(229)   Post Evacuate Collection Set: 0.51ms
[106.168s][info][gc,phases   ] GC(229)   Other: 0.09ms
[106.168s][info][gc,heap     ] GC(229) Eden regions: 251->0(202)
[106.168s][info][gc,heap     ] GC(229) Survivor regions: 6->33(33)
[106.168s][info][gc,heap     ] GC(229) Old regions: 630->651
[106.168s][info][gc,heap     ] GC(229) Humongous regions: 9->9
[106.168s][info][gc,metaspace] GC(229) Metaspace: 18271K(18432K)->18271K(18432K) NonClass: 15606K(15680K)->15606K(15680K) Class: 2665K(2752K)->2665K(2752K)
[106.168s][info][gc          ] GC(229) Pause Young (Normal) (G1 Evacuation Pause) 895M->693M(978M) 67.442ms
[106.168s][info][gc,cpu      ] GC(229) User=0.13s Sys=0.00s Real=0.07s
[106.499s][info][gc,start    ] GC(230) Pause Young (Normal) (G1 Evacuation Pause)
[106.499s][info][gc,task     ] GC(230) Using 2 workers of 2 for evacuation
[106.546s][info][gc,phases   ] GC(230)   Pre Evacuate Collection Set: 0.55ms
[106.546s][info][gc,phases   ] GC(230)   Merge Heap Roots: 0.31ms
[106.546s][info][gc,phases   ] GC(230)   Evacuate Collection Set: 46.16ms
[106.546s][info][gc,phases   ] GC(230)   Post Evacuate Collection Set: 0.43ms
[106.546s][info][gc,phases   ] GC(230)   Other: 0.11ms
[106.546s][info][gc,heap     ] GC(230) Eden regions: 202->0(214)
[106.546s][info][gc,heap     ] GC(230) Survivor regions: 33->1(30)
[106.546s][info][gc,heap     ] GC(230) Old regions: 651->685
[106.546s][info][gc,heap     ] GC(230) Humongous regions: 9->9
[106.546s][info][gc,metaspace] GC(230) Metaspace: 18271K(18432K)->18271K(18432K) NonClass: 15606K(15680K)->15606K(15680K) Class: 2665K(2752K)->2665K(2752K)
[106.546s][info][gc          ] GC(230) Pause Young (Normal) (G1 Evacuation Pause) 895M->694M(978M) 47.860ms
[106.547s][info][gc,cpu      ] GC(230) User=0.09s Sys=0.00s Real=0.05s
[106.958s][info][gc,start    ] GC(231) Pause Young (Normal) (G1 Evacuation Pause)
[106.958s][info][gc,task     ] GC(231) Using 2 workers of 2 for evacuation
[106.981s][info][gc,phases   ] GC(231)   Pre Evacuate Collection Set: 0.29ms
[106.981s][info][gc,phases   ] GC(231)   Merge Heap Roots: 0.22ms
[106.981s][info][gc,phases   ] GC(231)   Evacuate Collection Set: 21.89ms
[106.981s][info][gc,phases   ] GC(231)   Post Evacuate Collection Set: 0.44ms
[106.981s][info][gc,phases   ] GC(231)   Other: 0.13ms
[106.981s][info][gc,heap     ] GC(231) Eden regions: 214->0(206)
[106.981s][info][gc,heap     ] GC(231) Survivor regions: 1->14(27)
[106.981s][info][gc,heap     ] GC(231) Old regions: 685->685
[106.981s][info][gc,heap     ] GC(231) Humongous regions: 9->9
[106.981s][info][gc,metaspace] GC(231) Metaspace: 18271K(18432K)->18271K(18432K) NonClass: 15606K(15680K)->15606K(15680K) Class: 2665K(2752K)->2665K(2752K)
[106.981s][info][gc          ] GC(231) Pause Young (Normal) (G1 Evacuation Pause) 908M->707M(978M) 23.233ms
[106.981s][info][gc,cpu      ] GC(231) User=0.05s Sys=0.00s Real=0.02s
[107.377s][info][gc,marking  ] GC(228) Concurrent Mark From Roots 1713.942ms
[107.377s][info][gc,marking  ] GC(228) Concurrent Preclean
[107.377s][info][gc,marking  ] GC(228) Concurrent Preclean 0.027ms
[107.377s][info][gc,start    ] GC(228) Pause Remark
[107.384s][info][gc          ] GC(228) Pause Remark 864M->856M(978M) 6.803ms
[107.384s][info][gc,cpu      ] GC(228) User=0.02s Sys=0.00s Real=0.01s
[107.384s][info][gc,marking  ] GC(228) Concurrent Mark 1721.084ms
[107.384s][info][gc,marking  ] GC(228) Concurrent Rebuild Remembered Sets and Scrub Regions
[107.550s][info][gc,start    ] GC(232) Pause Young (Normal) (G1 Evacuation Pause)
[107.550s][info][gc,task     ] GC(232) Using 2 workers of 2 for evacuation
[107.602s][info][gc,phases   ] GC(232)   Pre Evacuate Collection Set: 0.46ms
[107.602s][info][gc,phases   ] GC(232)   Merge Heap Roots: 0.76ms
[107.602s][info][gc,phases   ] GC(232)   Evacuate Collection Set: 50.15ms
[107.602s][info][gc,phases   ] GC(232)   Post Evacuate Collection Set: 0.48ms
[107.602s][info][gc,phases   ] GC(232)   Other: 0.10ms
[107.602s][info][gc,heap     ] GC(232) Eden regions: 206->0(183)
[107.602s][info][gc,heap     ] GC(232) Survivor regions: 14->28(28)
[107.602s][info][gc,heap     ] GC(232) Old regions: 677->680
[107.602s][info][gc,heap     ] GC(232) Humongous regions: 9->9
[107.602s][info][gc,metaspace] GC(232) Metaspace: 18271K(18432K)->18271K(18432K) NonClass: 15606K(15680K)->15606K(15680K) Class: 2665K(2752K)->2665K(2752K)
[107.603s][info][gc          ] GC(232) Pause Young (Normal) (G1 Evacuation Pause) 905M->716M(978M) 52.199ms
[107.603s][info][gc,cpu      ] GC(232) User=0.10s Sys=0.00s Real=0.05s
[108.053s][info][gc,marking  ] GC(228) Concurrent Rebuild Remembered Sets and Scrub Regions 669.096ms
[108.053s][info][gc,start    ] GC(228) Pause Cleanup
[108.053s][info][gc          ] GC(228) Pause Cleanup 878M->878M(978M) 0.112ms
[108.053s][info][gc,cpu      ] GC(228) User=0.00s Sys=0.00s Real=0.00s
[108.054s][info][gc,marking  ] GC(228) Concurrent Clear Claimed Marks
[108.054s][info][gc,marking  ] GC(228) Concurrent Clear Claimed Marks 0.048ms
[108.054s][info][gc,marking  ] GC(228) Concurrent Cleanup for Next Mark
[108.058s][info][gc,marking  ] GC(228) Concurrent Cleanup for Next Mark 3.862ms
[108.058s][info][gc          ] GC(228) Concurrent Mark Cycle 2451.797ms
[108.094s][info][gc,start    ] GC(233) Pause Young (Prepare Mixed) (G1 Evacuation Pause)
[108.094s][info][gc,task     ] GC(233) Using 2 workers of 2 for evacuation
[108.147s][info][gc,phases   ] GC(233)   Pre Evacuate Collection Set: 0.31ms
[108.147s][info][gc,phases   ] GC(233)   Merge Heap Roots: 0.27ms
[108.147s][info][gc,phases   ] GC(233)   Evacuate Collection Set: 51.92ms
[108.147s][info][gc,phases   ] GC(233)   Post Evacuate Collection Set: 0.43ms
[108.147s][info][gc,phases   ] GC(233)   Other: 0.07ms
[108.147s][info][gc,heap     ] GC(233) Eden regions: 183->0(173)
[108.147s][info][gc,heap     ] GC(233) Survivor regions: 28->19(27)
[108.147s][info][gc,heap     ] GC(233) Old regions: 680->708
[108.147s][info][gc,heap     ] GC(233) Humongous regions: 9->9
[108.147s][info][gc,metaspace] GC(233) Metaspace: 18280K(18432K)->18280K(18432K) NonClass: 15614K(15680K)->15614K(15680K) Class: 2665K(2752K)->2665K(2752K)
[108.147s][info][gc          ] GC(233) Pause Young (Prepare Mixed) (G1 Evacuation Pause) 899M->735M(978M) 53.236ms
[108.147s][info][gc,cpu      ] GC(233) User=0.11s Sys=0.00s Real=0.05s
[108.398s][info][gc,start    ] GC(234) Pause Young (Mixed) (G1 Evacuation Pause)
[108.398s][info][gc,task     ] GC(234) Using 2 workers of 2 for evacuation
[108.425s][info][gc,phases   ] GC(234)   Pre Evacuate Collection Set: 0.51ms
[108.425s][info][gc,phases   ] GC(234)   Merge Heap Roots: 0.12ms
[108.425s][info][gc,phases   ] GC(234)   Evacuate Collection Set: 26.36ms
[108.425s][info][gc,phases   ] GC(234)   Post Evacuate Collection Set: 0.47ms
[108.425s][info][gc,phases   ] GC(234)   Other: 0.08ms
[108.425s][info][gc,heap     ] GC(234) Eden regions: 173->0(172)
[108.425s][info][gc,heap     ] GC(234) Survivor regions: 19->24(24)
[108.425s][info][gc,heap     ] GC(234) Old regions: 708->699
[108.425s][info][gc,heap     ] GC(234) Humongous regions: 9->9
[108.425s][info][gc,metaspace] GC(234) Metaspace: 18280K(18432K)->18280K(18432K) NonClass: 15615K(15680K)->15615K(15680K) Class: 2665K(2752K)->2665K(2752K)
[108.425s][info][gc          ] GC(234) Pause Young (Mixed) (G1 Evacuation Pause) 908M->731M(978M) 27.780ms
[108.425s][info][gc,cpu      ] GC(234) User=0.05s Sys=0.00s Real=0.03s
[108.690s][info][gc,start    ] GC(235) Pause Young (Concurrent Start) (G1 Evacuation Pause)
[108.690s][info][gc,task     ] GC(235) Using 2 workers of 2 for evacuation
[108.725s][info][gc,phases   ] GC(235)   Pre Evacuate Collection Set: 0.41ms
[108.725s][info][gc,phases   ] GC(235)   Merge Heap Roots: 0.09ms
[108.725s][info][gc,phases   ] GC(235)   Evacuate Collection Set: 33.25ms
[108.725s][info][gc,phases   ] GC(235)   Post Evacuate Collection Set: 0.49ms
[108.725s][info][gc,phases   ] GC(235)   Other: 0.18ms
[108.725s][info][gc,heap     ] GC(235) Eden regions: 172->0(170)
[108.725s][info][gc,heap     ] GC(235) Survivor regions: 24->16(25)
[108.725s][info][gc,heap     ] GC(235) Old regions: 699->717
[108.725s][info][gc,heap     ] GC(235) Humongous regions: 9->9
[108.725s][info][gc,metaspace] GC(235) Metaspace: 18281K(18432K)->18281K(18432K) NonClass: 15616K(15680K)->15616K(15680K) Class: 2665K(2752K)->2665K(2752K)
[108.725s][info][gc          ] GC(235) Pause Young (Concurrent Start) (G1 Evacuation Pause) 903M->741M(978M) 34.631ms
[108.725s][info][gc,cpu      ] GC(235) User=0.07s Sys=0.00s Real=0.04s
[108.725s][info][gc          ] GC(236) Concurrent Mark Cycle
[108.725s][info][gc,marking  ] GC(236) Concurrent Scan Root Regions
[108.771s][info][gc,marking  ] GC(236) Concurrent Scan Root Regions 45.859ms
[108.771s][info][gc,marking  ] GC(236) Concurrent Mark
[108.771s][info][gc,marking  ] GC(236) Concurrent Mark From Roots
[108.771s][info][gc,task     ] GC(236) Using 1 workers of 1 for marking
[109.206s][info][gc,start    ] GC(237) Pause Young (Normal) (G1 Evacuation Pause)
[109.206s][info][gc,task     ] GC(237) Using 2 workers of 2 for evacuation
[109.229s][info][gc,phases   ] GC(237)   Pre Evacuate Collection Set: 0.52ms
[109.229s][info][gc,phases   ] GC(237)   Merge Heap Roots: 0.16ms
[109.229s][info][gc,phases   ] GC(237)   Evacuate Collection Set: 22.07ms
[109.229s][info][gc,phases   ] GC(237)   Post Evacuate Collection Set: 0.41ms
[109.229s][info][gc,phases   ] GC(237)   Other: 0.08ms
[109.229s][info][gc,heap     ] GC(237) Eden regions: 170->0(179)
[109.229s][info][gc,heap     ] GC(237) Survivor regions: 16->4(24)
[109.229s][info][gc,heap     ] GC(237) Old regions: 717->732
[109.229s][info][gc,heap     ] GC(237) Humongous regions: 9->9
[109.229s][info][gc,metaspace] GC(237) Metaspace: 18282K(18432K)->18282K(18432K) NonClass: 15617K(15680K)->15617K(15680K) Class: 2665K(2752K)->2665K(2752K)
[109.230s][info][gc          ] GC(237) Pause Young (Normal) (G1 Evacuation Pause) 911M->744M(978M) 23.465ms
[109.230s][info][gc,cpu      ] GC(237) User=0.04s Sys=0.00s Real=0.02s
[109.731s][info][gc,start    ] GC(238) Pause Young (Normal) (G1 Evacuation Pause)
[109.731s][info][gc,task     ] GC(238) Using 2 workers of 2 for evacuation
[109.748s][info][gc,phases   ] GC(238)   Pre Evacuate Collection Set: 0.32ms
[109.749s][info][gc,phases   ] GC(238)   Merge Heap Roots: 0.16ms
[109.749s][info][gc,phases   ] GC(238)   Evacuate Collection Set: 16.79ms
[109.749s][info][gc,phases   ] GC(238)   Post Evacuate Collection Set: 0.39ms
[109.749s][info][gc,phases   ] GC(238)   Other: 0.09ms
[109.749s][info][gc,heap     ] GC(238) Eden regions: 179->0(153)
[109.749s][info][gc,heap     ] GC(238) Survivor regions: 4->17(23)
[109.749s][info][gc,heap     ] GC(238) Old regions: 732->732
[109.749s][info][gc,heap     ] GC(238) Humongous regions: 9->9
[109.749s][info][gc,metaspace] GC(238) Metaspace: 18283K(18432K)->18283K(18432K) NonClass: 15618K(15680K)->15618K(15680K) Class: 2665K(2752K)->2665K(2752K)
[109.749s][info][gc          ] GC(238) Pause Young (Normal) (G1 Evacuation Pause) 923M->757M(978M) 17.980ms
[109.749s][info][gc,cpu      ] GC(238) User=0.04s Sys=0.00s Real=0.02s
[109.797s][info][gc,marking  ] GC(236) Concurrent Mark From Roots 1026.249ms
[109.797s][info][gc,marking  ] GC(236) Concurrent Preclean
[109.797s][info][gc,marking  ] GC(236) Concurrent Preclean 0.032ms
[109.797s][info][gc,start    ] GC(236) Pause Remark
[109.804s][info][gc          ] GC(236) Pause Remark 793M->542M(978M) 6.885ms
[109.804s][info][gc,cpu      ] GC(236) User=0.02s Sys=0.00s Real=0.01s
[109.804s][info][gc,marking  ] GC(236) Concurrent Mark 1033.476ms
[109.804s][info][gc,marking  ] GC(236) Concurrent Rebuild Remembered Sets and Scrub Regions
[110.052s][info][gc,start    ] GC(239) Pause Young (Normal) (G1 Evacuation Pause)
[110.052s][info][gc,task     ] GC(239) Using 2 workers of 2 for evacuation
[110.083s][info][gc,phases   ] GC(239)   Pre Evacuate Collection Set: 0.51ms
[110.083s][info][gc,phases   ] GC(239)   Merge Heap Roots: 0.16ms
[110.083s][info][gc,phases   ] GC(239)   Evacuate Collection Set: 30.42ms
[110.083s][info][gc,phases   ] GC(239)   Post Evacuate Collection Set: 0.38ms
[110.083s][info][gc,phases   ] GC(239)   Other: 0.07ms
[110.083s][info][gc,heap     ] GC(239) Eden regions: 153->0(358)
[110.083s][info][gc,heap     ] GC(239) Survivor regions: 17->17(22)
[110.083s][info][gc,heap     ] GC(239) Old regions: 486->503
[110.083s][info][gc,heap     ] GC(239) Humongous regions: 4->4
[110.083s][info][gc,metaspace] GC(239) Metaspace: 18285K(18432K)->18285K(18432K) NonClass: 15620K(15680K)->15620K(15680K) Class: 2665K(2752K)->2665K(2752K)
[110.083s][info][gc          ] GC(239) Pause Young (Normal) (G1 Evacuation Pause) 659M->523M(978M) 31.747ms
[110.083s][info][gc,cpu      ] GC(239) User=0.06s Sys=0.00s Real=0.04s
[110.193s][info][gc,marking  ] GC(236) Concurrent Rebuild Remembered Sets and Scrub Regions 389.023ms
[110.193s][info][gc,start    ] GC(236) Pause Cleanup
[110.194s][info][gc          ] GC(236) Pause Cleanup 653M->653M(978M) 0.128ms
[110.194s][info][gc,cpu      ] GC(236) User=0.00s Sys=0.00s Real=0.00s
[110.194s][info][gc,marking  ] GC(236) Concurrent Clear Claimed Marks
[110.194s][info][gc,marking  ] GC(236) Concurrent Clear Claimed Marks 0.029ms
[110.194s][info][gc,marking  ] GC(236) Concurrent Cleanup for Next Mark
[110.196s][info][gc,marking  ] GC(236) Concurrent Cleanup for Next Mark 2.824ms
[110.196s][info][gc          ] GC(236) Concurrent Mark Cycle 1471.789ms
[110.554s][info][gc,start    ] GC(240) Pause Young (Prepare Mixed) (G1 Evacuation Pause)
[110.554s][info][gc,task     ] GC(240) Using 2 workers of 2 for evacuation
[110.658s][info][gc,phases   ] GC(240)   Pre Evacuate Collection Set: 0.29ms
[110.658s][info][gc,phases   ] GC(240)   Merge Heap Roots: 0.16ms
[110.658s][info][gc,phases   ] GC(240)   Evacuate Collection Set: 102.78ms
[110.658s][info][gc,phases   ] GC(240)   Post Evacuate Collection Set: 0.78ms
[110.658s][info][gc,phases   ] GC(240)   Other: 0.11ms
[110.658s][info][gc,heap     ] GC(240) Eden regions: 358->0(276)
[110.658s][info][gc,heap     ] GC(240) Survivor regions: 17->47(47)
[110.658s][info][gc,heap     ] GC(240) Old regions: 503->548
[110.658s][info][gc,heap     ] GC(240) Humongous regions: 7->7
[110.658s][info][gc,metaspace] GC(240) Metaspace: 18285K(18432K)->18285K(18432K) NonClass: 15620K(15680K)->15620K(15680K) Class: 2665K(2752K)->2665K(2752K)
[110.658s][info][gc          ] GC(240) Pause Young (Prepare Mixed) (G1 Evacuation Pause) 884M->602M(978M) 104.366ms
[110.658s][info][gc,cpu      ] GC(240) User=0.21s Sys=0.00s Real=0.10s
[110.980s][info][gc,start    ] GC(241) Pause Young (Mixed) (G1 Evacuation Pause)
[110.980s][info][gc,task     ] GC(241) Using 2 workers of 2 for evacuation
[111.090s][info][gc,phases   ] GC(241)   Pre Evacuate Collection Set: 0.53ms
[111.091s][info][gc,phases   ] GC(241)   Merge Heap Roots: 0.62ms
[111.091s][info][gc,phases   ] GC(241)   Evacuate Collection Set: 107.22ms
[111.091s][info][gc,phases   ] GC(241)   Merge Optional Heap Roots: 0.09ms
[111.091s][info][gc,phases   ] GC(241)   Evacuate Optional Collection Set: 0.93ms
[111.091s][info][gc,phases   ] GC(241)   Post Evacuate Collection Set: 0.67ms
[111.091s][info][gc,phases   ] GC(241)   Other: 0.12ms
[111.091s][info][gc,heap     ] GC(241) Eden regions: 276->0(287)
[111.091s][info][gc,heap     ] GC(241) Survivor regions: 47->38(41)
[111.091s][info][gc,heap     ] GC(241) Old regions: 548->530
[111.091s][info][gc,heap     ] GC(241) Humongous regions: 7->7
[111.091s][info][gc,metaspace] GC(241) Metaspace: 18285K(18432K)->18285K(18432K) NonClass: 15620K(15680K)->15620K(15680K) Class: 2665K(2752K)->2665K(2752K)
[111.091s][info][gc          ] GC(241) Pause Young (Mixed) (G1 Evacuation Pause) 878M->574M(978M) 110.463ms
[111.091s][info][gc,cpu      ] GC(241) User=0.22s Sys=0.00s Real=0.11s
[111.384s][info][gc,start    ] GC(242) Pause Young (Mixed) (G1 Evacuation Pause)
[111.384s][info][gc,task     ] GC(242) Using 2 workers of 2 for evacuation
[111.439s][info][gc,phases   ] GC(242)   Pre Evacuate Collection Set: 0.31ms
[111.440s][info][gc,phases   ] GC(242)   Merge Heap Roots: 0.47ms
[111.440s][info][gc,phases   ] GC(242)   Evacuate Collection Set: 53.86ms
[111.440s][info][gc,phases   ] GC(242)   Post Evacuate Collection Set: 0.49ms
[111.440s][info][gc,phases   ] GC(242)   Other: 0.10ms
[111.440s][info][gc,heap     ] GC(242) Eden regions: 287->0(297)
[111.440s][info][gc,heap     ] GC(242) Survivor regions: 38->6(41)
[111.440s][info][gc,heap     ] GC(242) Old regions: 530->567
[111.440s][info][gc,heap     ] GC(242) Humongous regions: 7->7
[111.440s][info][gc,metaspace] GC(242) Metaspace: 18285K(18432K)->18285K(18432K) NonClass: 15620K(15680K)->15620K(15680K) Class: 2665K(2752K)->2665K(2752K)
[111.440s][info][gc          ] GC(242) Pause Young (Mixed) (G1 Evacuation Pause) 861M->579M(978M) 55.487ms
[111.440s][info][gc,cpu      ] GC(242) User=0.11s Sys=0.00s Real=0.05s
[111.725s][info][gc,start    ] GC(243) Pause Young (Concurrent Start) (G1 Evacuation Pause)
[111.725s][info][gc,task     ] GC(243) Using 2 workers of 2 for evacuation
[111.792s][info][gc,phases   ] GC(243)   Pre Evacuate Collection Set: 0.35ms
[111.792s][info][gc,phases   ] GC(243)   Merge Heap Roots: 0.21ms
[111.792s][info][gc,phases   ] GC(243)   Evacuate Collection Set: 66.14ms
[111.792s][info][gc,phases   ] GC(243)   Post Evacuate Collection Set: 0.62ms
[111.792s][info][gc,phases   ] GC(243)   Other: 0.20ms
[111.792s][info][gc,heap     ] GC(243) Eden regions: 297->0(234)
[111.792s][info][gc,heap     ] GC(243) Survivor regions: 6->38(38)
[111.792s][info][gc,heap     ] GC(243) Old regions: 567->601
[111.792s][info][gc,heap     ] GC(243) Humongous regions: 7->7
[111.792s][info][gc,metaspace] GC(243) Metaspace: 18285K(18432K)->18285K(18432K) NonClass: 15620K(15680K)->15620K(15680K) Class: 2665K(2752K)->2665K(2752K)
[111.792s][info][gc          ] GC(243) Pause Young (Concurrent Start) (G1 Evacuation Pause) 876M->646M(978M) 67.774ms
[111.792s][info][gc,cpu      ] GC(243) User=0.13s Sys=0.00s Real=0.06s
[111.792s][info][gc          ] GC(244) Concurrent Mark Cycle
[111.792s][info][gc,marking  ] GC(244) Concurrent Scan Root Regions
[111.903s][info][gc,marking  ] GC(244) Concurrent Scan Root Regions 110.464ms
[111.903s][info][gc,marking  ] GC(244) Concurrent Mark
[111.903s][info][gc,marking  ] GC(244) Concurrent Mark From Roots
[111.903s][info][gc,task     ] GC(244) Using 1 workers of 1 for marking
[112.575s][info][gc,start    ] GC(245) Pause Young (Normal) (G1 Evacuation Pause)
[112.575s][info][gc,task     ] GC(245) Using 2 workers of 2 for evacuation
[112.643s][info][gc,phases   ] GC(245)   Pre Evacuate Collection Set: 0.52ms
[112.643s][info][gc,phases   ] GC(245)   Merge Heap Roots: 0.42ms
[112.643s][info][gc,phases   ] GC(245)   Evacuate Collection Set: 66.86ms
[112.643s][info][gc,phases   ] GC(245)   Post Evacuate Collection Set: 0.49ms
[112.643s][info][gc,phases   ] GC(245)   Other: 0.07ms
[112.643s][info][gc,heap     ] GC(245) Eden regions: 234->0(224)
[112.643s][info][gc,heap     ] GC(245) Survivor regions: 38->19(34)
[112.643s][info][gc,heap     ] GC(245) Old regions: 601->640
[112.643s][info][gc,heap     ] GC(245) Humongous regions: 8->8
[112.643s][info][gc,metaspace] GC(245) Metaspace: 18291K(18496K)->18291K(18496K) NonClass: 15625K(15744K)->15625K(15744K) Class: 2665K(2752K)->2665K(2752K)
[112.643s][info][gc          ] GC(245) Pause Young (Normal) (G1 Evacuation Pause) 881M->666M(978M) 68.587ms
[112.643s][info][gc,cpu      ] GC(245) User=0.13s Sys=0.00s Real=0.07s
[112.899s][info][gc,marking  ] GC(244) Concurrent Mark From Roots 996.099ms
[112.899s][info][gc,marking  ] GC(244) Concurrent Preclean
[112.899s][info][gc,marking  ] GC(244) Concurrent Preclean 0.030ms
[112.899s][info][gc,start    ] GC(244) Pause Remark
[112.906s][info][gc          ] GC(244) Pause Remark 788M->622M(978M) 6.944ms
[112.906s][info][gc,cpu      ] GC(244) User=0.01s Sys=0.00s Real=0.01s
[112.907s][info][gc,marking  ] GC(244) Concurrent Mark 1003.943ms
[112.907s][info][gc,marking  ] GC(244) Concurrent Rebuild Remembered Sets and Scrub Regions
[113.072s][info][gc,start    ] GC(246) Pause Young (Normal) (G1 Evacuation Pause)
[113.072s][info][gc,task     ] GC(246) Using 2 workers of 2 for evacuation
[113.112s][info][gc,phases   ] GC(246)   Pre Evacuate Collection Set: 0.30ms
[113.112s][info][gc,phases   ] GC(246)   Merge Heap Roots: 0.13ms
[113.112s][info][gc,phases   ] GC(246)   Evacuate Collection Set: 38.58ms
[113.112s][info][gc,phases   ] GC(246)   Post Evacuate Collection Set: 0.45ms
[113.112s][info][gc,phases   ] GC(246)   Other: 0.08ms
[113.112s][info][gc,heap     ] GC(246) Eden regions: 224->0(331)
[113.112s][info][gc,heap     ] GC(246) Survivor regions: 19->15(31)
[113.112s][info][gc,heap     ] GC(246) Old regions: 477->495
[113.112s][info][gc,heap     ] GC(246) Humongous regions: 5->5
[113.112s][info][gc,metaspace] GC(246) Metaspace: 18292K(18496K)->18292K(18496K) NonClass: 15627K(15744K)->15627K(15744K) Class: 2665K(2752K)->2665K(2752K)
[113.112s][info][gc          ] GC(246) Pause Young (Normal) (G1 Evacuation Pause) 724M->514M(978M) 39.790ms
[113.112s][info][gc,cpu      ] GC(246) User=0.08s Sys=0.00s Real=0.04s
[113.325s][info][gc,marking  ] GC(244) Concurrent Rebuild Remembered Sets and Scrub Regions 418.179ms
[113.325s][info][gc,start    ] GC(244) Pause Cleanup
[113.325s][info][gc          ] GC(244) Pause Cleanup 641M->641M(978M) 0.120ms
[113.325s][info][gc,cpu      ] GC(244) User=0.00s Sys=0.00s Real=0.00s
[113.326s][info][gc,marking  ] GC(244) Concurrent Clear Claimed Marks
[113.326s][info][gc,marking  ] GC(244) Concurrent Clear Claimed Marks 0.029ms
[113.326s][info][gc,marking  ] GC(244) Concurrent Cleanup for Next Mark
[113.328s][info][gc,marking  ] GC(244) Concurrent Cleanup for Next Mark 2.854ms
[113.328s][info][gc          ] GC(244) Concurrent Mark Cycle 1536.070ms
[113.793s][info][gc,start    ] GC(247) Pause Young (Prepare Mixed) (G1 Evacuation Pause)
[113.793s][info][gc,task     ] GC(247) Using 2 workers of 2 for evacuation
[113.827s][info][gc,phases   ] GC(247)   Pre Evacuate Collection Set: 0.52ms
[113.827s][info][gc,phases   ] GC(247)   Merge Heap Roots: 0.27ms
[113.827s][info][gc,phases   ] GC(247)   Evacuate Collection Set: 32.00ms
[113.827s][info][gc,phases   ] GC(247)   Post Evacuate Collection Set: 0.54ms
[113.827s][info][gc,phases   ] GC(247)   Other: 0.12ms
[113.827s][info][gc,heap     ] GC(247) Eden regions: 331->0(334)
[113.827s][info][gc,heap     ] GC(247) Survivor regions: 15->29(44)
[113.827s][info][gc,heap     ] GC(247) Old regions: 495->495
[113.827s][info][gc,heap     ] GC(247) Humongous regions: 5->5
[113.827s][info][gc,metaspace] GC(247) Metaspace: 18292K(18496K)->18292K(18496K) NonClass: 15627K(15744K)->15627K(15744K) Class: 2665K(2752K)->2665K(2752K)
[113.827s][info][gc          ] GC(247) Pause Young (Prepare Mixed) (G1 Evacuation Pause) 845M->528M(978M) 33.734ms
[113.827s][info][gc,cpu      ] GC(247) User=0.07s Sys=0.00s Real=0.03s
[114.341s][info][gc,start    ] GC(248) Pause Young (Mixed) (G1 Evacuation Pause)
[114.341s][info][gc,task     ] GC(248) Using 2 workers of 2 for evacuation
[114.414s][info][gc,phases   ] GC(248)   Pre Evacuate Collection Set: 0.55ms
[114.414s][info][gc,phases   ] GC(248)   Merge Heap Roots: 0.41ms
[114.414s][info][gc,phases   ] GC(248)   Evacuate Collection Set: 71.64ms
[114.414s][info][gc,phases   ] GC(248)   Post Evacuate Collection Set: 0.64ms
[114.414s][info][gc,phases   ] GC(248)   Other: 0.09ms
[114.414s][info][gc,heap     ] GC(248) Eden regions: 334->0(335)
[114.414s][info][gc,heap     ] GC(248) Survivor regions: 29->46(46)
[114.414s][info][gc,heap     ] GC(248) Old regions: 495->467
[114.414s][info][gc,heap     ] GC(248) Humongous regions: 5->5
[114.414s][info][gc,metaspace] GC(248) Metaspace: 18292K(18496K)->18292K(18496K) NonClass: 15627K(15744K)->15627K(15744K) Class: 2665K(2752K)->2665K(2752K)
[114.414s][info][gc          ] GC(248) Pause Young (Mixed) (G1 Evacuation Pause) 862M->518M(978M) 73.539ms
[114.414s][info][gc,cpu      ] GC(248) User=0.15s Sys=0.00s Real=0.08s
[114.751s][info][gc,start    ] GC(249) Pause Young (Concurrent Start) (G1 Humongous Allocation)
[114.751s][info][gc,task     ] GC(249) Using 2 workers of 2 for evacuation
[114.835s][info][gc,phases   ] GC(249)   Pre Evacuate Collection Set: 0.32ms
[114.835s][info][gc,phases   ] GC(249)   Merge Heap Roots: 0.23ms
[114.835s][info][gc,phases   ] GC(249)   Evacuate Collection Set: 82.15ms
[114.835s][info][gc,phases   ] GC(249)   Post Evacuate Collection Set: 0.62ms
[114.835s][info][gc,phases   ] GC(249)   Other: 0.19ms
[114.835s][info][gc,heap     ] GC(249) Eden regions: 272->0(299)
[114.835s][info][gc,heap     ] GC(249) Survivor regions: 46->37(48)
[114.835s][info][gc,heap     ] GC(249) Old regions: 467->514
[114.835s][info][gc,heap     ] GC(249) Humongous regions: 5->5
[114.835s][info][gc,metaspace] GC(249) Metaspace: 18292K(18496K)->18292K(18496K) NonClass: 15627K(15744K)->15627K(15744K) Class: 2665K(2752K)->2665K(2752K)
[114.835s][info][gc          ] GC(249) Pause Young (Concurrent Start) (G1 Humongous Allocation) 789M->555M(978M) 83.748ms
[114.835s][info][gc,cpu      ] GC(249) User=0.16s Sys=0.00s Real=0.09s
[114.835s][info][gc          ] GC(250) Concurrent Mark Cycle
[114.835s][info][gc,marking  ] GC(250) Concurrent Scan Root Regions
[114.931s][info][gc,marking  ] GC(250) Concurrent Scan Root Regions 95.855ms
[114.931s][info][gc,marking  ] GC(250) Concurrent Mark
[114.931s][info][gc,marking  ] GC(250) Concurrent Mark From Roots
[114.931s][info][gc,task     ] GC(250) Using 1 workers of 1 for marking
[115.723s][info][gc,marking  ] GC(250) Concurrent Mark From Roots 792.277ms
[115.723s][info][gc,marking  ] GC(250) Concurrent Preclean
[115.723s][info][gc,marking  ] GC(250) Concurrent Preclean 0.058ms
[115.724s][info][gc,start    ] GC(250) Pause Remark
[115.730s][info][gc          ] GC(250) Pause Remark 825M->690M(978M) 6.827ms
[115.730s][info][gc,cpu      ] GC(250) User=0.02s Sys=0.00s Real=0.00s
[115.733s][info][gc,marking  ] GC(250) Concurrent Mark 801.870ms
[115.733s][info][gc,marking  ] GC(250) Concurrent Rebuild Remembered Sets and Scrub Regions
[115.811s][info][gc,start    ] GC(251) Pause Young (Normal) (G1 Evacuation Pause)
[115.811s][info][gc,task     ] GC(251) Using 2 workers of 2 for evacuation
[115.880s][info][gc,phases   ] GC(251)   Pre Evacuate Collection Set: 0.26ms
[115.880s][info][gc,phases   ] GC(251)   Merge Heap Roots: 0.61ms
[115.880s][info][gc,phases   ] GC(251)   Evacuate Collection Set: 67.81ms
[115.880s][info][gc,phases   ] GC(251)   Post Evacuate Collection Set: 0.55ms
[115.880s][info][gc,phases   ] GC(251)   Other: 0.07ms
[115.880s][info][gc,heap     ] GC(251) Eden regions: 299->0(401)
[115.880s][info][gc,heap     ] GC(251) Survivor regions: 37->12(42)
[115.880s][info][gc,heap     ] GC(251) Old regions: 381->418
[115.881s][info][gc,heap     ] GC(251) Humongous regions: 6->6
[115.881s][info][gc,metaspace] GC(251) Metaspace: 18295K(18496K)->18295K(18496K) NonClass: 15630K(15744K)->15630K(15744K) Class: 2665K(2752K)->2665K(2752K)
[115.881s][info][gc          ] GC(251) Pause Young (Normal) (G1 Evacuation Pause) 722M->435M(978M) 69.485ms
[115.881s][info][gc,cpu      ] GC(251) User=0.14s Sys=0.00s Real=0.07s
[116.119s][info][gc,marking  ] GC(250) Concurrent Rebuild Remembered Sets and Scrub Regions 386.107ms
[116.119s][info][gc,start    ] GC(250) Pause Cleanup
[116.119s][info][gc          ] GC(250) Pause Cleanup 603M->603M(978M) 0.102ms
[116.119s][info][gc,cpu      ] GC(250) User=0.00s Sys=0.00s Real=0.00s
[116.119s][info][gc,marking  ] GC(250) Concurrent Clear Claimed Marks
[116.119s][info][gc,marking  ] GC(250) Concurrent Clear Claimed Marks 0.027ms
[116.119s][info][gc,marking  ] GC(250) Concurrent Cleanup for Next Mark
[116.122s][info][gc,marking  ] GC(250) Concurrent Cleanup for Next Mark 2.840ms
[116.122s][info][gc          ] GC(250) Concurrent Mark Cycle 1287.223ms
[116.352s][info][gc,start    ] GC(252) Pause Young (Prepare Mixed) (G1 Evacuation Pause)
[116.352s][info][gc,task     ] GC(252) Using 2 workers of 2 for evacuation
[116.431s][info][gc,phases   ] GC(252)   Pre Evacuate Collection Set: 0.29ms
[116.431s][info][gc,phases   ] GC(252)   Merge Heap Roots: 0.27ms
[116.431s][info][gc,phases   ] GC(252)   Evacuate Collection Set: 78.17ms
[116.431s][info][gc,phases   ] GC(252)   Post Evacuate Collection Set: 0.77ms
[116.431s][info][gc,phases   ] GC(252)   Other: 0.10ms
[116.431s][info][gc,heap     ] GC(252) Eden regions: 401->0(334)
[116.431s][info][gc,heap     ] GC(252) Survivor regions: 12->52(52)
[116.431s][info][gc,heap     ] GC(252) Old regions: 418->447
[116.431s][info][gc,heap     ] GC(252) Humongous regions: 6->6
[116.431s][info][gc,metaspace] GC(252) Metaspace: 18302K(18496K)->18302K(18496K) NonClass: 15637K(15744K)->15637K(15744K) Class: 2665K(2752K)->2665K(2752K)
[116.431s][info][gc          ] GC(252) Pause Young (Prepare Mixed) (G1 Evacuation Pause) 836M->504M(978M) 79.845ms
[116.431s][info][gc,cpu      ] GC(252) User=0.16s Sys=0.00s Real=0.08s
[116.892s][info][gc,start    ] GC(253) Pause Young (Mixed) (G1 Evacuation Pause)
[116.892s][info][gc,task     ] GC(253) Using 2 workers of 2 for evacuation
[116.983s][info][gc,phases   ] GC(253)   Pre Evacuate Collection Set: 0.54ms
[116.983s][info][gc,phases   ] GC(253)   Merge Heap Roots: 0.51ms
[116.983s][info][gc,phases   ] GC(253)   Evacuate Collection Set: 88.46ms
[116.983s][info][gc,phases   ] GC(253)   Post Evacuate Collection Set: 0.69ms
[116.983s][info][gc,phases   ] GC(253)   Other: 0.10ms
[116.983s][info][gc,heap     ] GC(253) Eden regions: 334->0(350)
[116.983s][info][gc,heap     ] GC(253) Survivor regions: 52->17(49)
[116.983s][info][gc,heap     ] GC(253) Old regions: 447->471
[116.983s][info][gc,heap     ] GC(253) Humongous regions: 9->9
[116.983s][info][gc,metaspace] GC(253) Metaspace: 18302K(18496K)->18302K(18496K) NonClass: 15637K(15744K)->15637K(15744K) Class: 2665K(2752K)->2665K(2752K)
[116.983s][info][gc          ] GC(253) Pause Young (Mixed) (G1 Evacuation Pause) 841M->496M(978M) 90.548ms
[116.983s][info][gc,cpu      ] GC(253) User=0.18s Sys=0.00s Real=0.10s
[117.497s][info][gc,start    ] GC(254) Pause Young (Concurrent Start) (G1 Evacuation Pause)
[117.497s][info][gc,task     ] GC(254) Using 2 workers of 2 for evacuation
[117.527s][info][gc,phases   ] GC(254)   Pre Evacuate Collection Set: 0.32ms
[117.527s][info][gc,phases   ] GC(254)   Merge Heap Roots: 0.28ms
[117.527s][info][gc,phases   ] GC(254)   Evacuate Collection Set: 27.87ms
[117.527s][info][gc,phases   ] GC(254)   Post Evacuate Collection Set: 0.63ms
[117.527s][info][gc,phases   ] GC(254)   Other: 0.23ms
[117.527s][info][gc,heap     ] GC(254) Eden regions: 350->0(372)
[117.527s][info][gc,heap     ] GC(254) Survivor regions: 17->17(46)
[117.527s][info][gc,heap     ] GC(254) Old regions: 471->471
[117.527s][info][gc,heap     ] GC(254) Humongous regions: 9->9
[117.527s][info][gc,metaspace] GC(254) Metaspace: 18302K(18496K)->18302K(18496K) NonClass: 15637K(15744K)->15637K(15744K) Class: 2665K(2752K)->2665K(2752K)
[117.527s][info][gc          ] GC(254) Pause Young (Concurrent Start) (G1 Evacuation Pause) 846M->496M(978M) 29.543ms
[117.527s][info][gc,cpu      ] GC(254) User=0.06s Sys=0.00s Real=0.03s
[117.527s][info][gc          ] GC(255) Concurrent Mark Cycle
[117.527s][info][gc,marking  ] GC(255) Concurrent Scan Root Regions
[117.583s][info][gc,marking  ] GC(255) Concurrent Scan Root Regions 56.583ms
[117.583s][info][gc,marking  ] GC(255) Concurrent Mark
[117.583s][info][gc,marking  ] GC(255) Concurrent Mark From Roots
[117.583s][info][gc,task     ] GC(255) Using 1 workers of 1 for marking
[118.332s][info][gc,start    ] GC(256) Pause Young (Normal) (G1 Evacuation Pause)
[118.332s][info][gc,task     ] GC(256) Using 2 workers of 2 for evacuation
[118.400s][info][gc,phases   ] GC(256)   Pre Evacuate Collection Set: 0.26ms
[118.400s][info][gc,phases   ] GC(256)   Merge Heap Roots: 0.37ms
[118.400s][info][gc,phases   ] GC(256)   Evacuate Collection Set: 66.71ms
[118.400s][info][gc,phases   ] GC(256)   Post Evacuate Collection Set: 0.65ms
[118.400s][info][gc,phases   ] GC(256)   Other: 0.09ms
[118.400s][info][gc,heap     ] GC(256) Eden regions: 372->0(341)
[118.400s][info][gc,heap     ] GC(256) Survivor regions: 17->49(49)
[118.400s][info][gc,heap     ] GC(256) Old regions: 471->473
[118.400s][info][gc,heap     ] GC(256) Humongous regions: 9->9
[118.400s][info][gc,metaspace] GC(256) Metaspace: 18302K(18496K)->18302K(18496K) NonClass: 15637K(15744K)->15637K(15744K) Class: 2665K(2752K)->2665K(2752K)
[118.400s][info][gc          ] GC(256) Pause Young (Normal) (G1 Evacuation Pause) 868M->530M(978M) 68.357ms
[118.400s][info][gc,cpu      ] GC(256) User=0.13s Sys=0.00s Real=0.07s
[118.817s][info][gc,marking  ] GC(255) Concurrent Mark From Roots 1233.563ms
[118.817s][info][gc,marking  ] GC(255) Concurrent Preclean
[118.817s][info][gc,marking  ] GC(255) Concurrent Preclean 0.024ms
[118.817s][info][gc,start    ] GC(255) Pause Remark
[118.824s][info][gc          ] GC(255) Pause Remark 760M->758M(978M) 6.591ms
[118.824s][info][gc,cpu      ] GC(255) User=0.01s Sys=0.00s Real=0.01s
[118.825s][info][gc,marking  ] GC(255) Concurrent Mark 1242.015ms
[118.825s][info][gc,marking  ] GC(255) Concurrent Rebuild Remembered Sets and Scrub Regions
[118.947s][info][gc,start    ] GC(257) Pause Young (Normal) (G1 Evacuation Pause)
[118.947s][info][gc,task     ] GC(257) Using 2 workers of 2 for evacuation
[119.016s][info][gc,phases   ] GC(257)   Pre Evacuate Collection Set: 0.28ms
[119.016s][info][gc,phases   ] GC(257)   Merge Heap Roots: 0.34ms
[119.016s][info][gc,phases   ] GC(257)   Evacuate Collection Set: 67.39ms
[119.016s][info][gc,phases   ] GC(257)   Post Evacuate Collection Set: 0.52ms
[119.016s][info][gc,phases   ] GC(257)   Other: 0.08ms
[119.016s][info][gc,heap     ] GC(257) Eden regions: 341->0(351)
[119.016s][info][gc,heap     ] GC(257) Survivor regions: 49->6(49)
[119.016s][info][gc,heap     ] GC(257) Old regions: 473->522
[119.016s][info][gc,heap     ] GC(257) Humongous regions: 7->7
[119.016s][info][gc,metaspace] GC(257) Metaspace: 18304K(18496K)->18304K(18496K) NonClass: 15639K(15744K)->15639K(15744K) Class: 2665K(2752K)->2665K(2752K)
[119.016s][info][gc          ] GC(257) Pause Young (Normal) (G1 Evacuation Pause) 869M->534M(978M) 68.907ms
[119.016s][info][gc,cpu      ] GC(257) User=0.13s Sys=0.00s Real=0.07s
[119.357s][info][gc,marking  ] GC(255) Concurrent Rebuild Remembered Sets and Scrub Regions 531.634ms
[119.358s][info][gc,start    ] GC(255) Pause Cleanup
[119.358s][info][gc          ] GC(255) Pause Cleanup 755M->755M(978M) 0.118ms
[119.358s][info][gc,cpu      ] GC(255) User=0.00s Sys=0.00s Real=0.00s
[119.358s][info][gc,marking  ] GC(255) Concurrent Clear Claimed Marks
[119.358s][info][gc,marking  ] GC(255) Concurrent Clear Claimed Marks 0.030ms
[119.358s][info][gc,marking  ] GC(255) Concurrent Cleanup for Next Mark
[119.363s][info][gc,marking  ] GC(255) Concurrent Cleanup for Next Mark 4.862ms
[119.363s][info][gc          ] GC(255) Concurrent Mark Cycle 1836.250ms
[119.619s][info][gc,start    ] GC(258) Pause Young (Prepare Mixed) (G1 Evacuation Pause)
[119.619s][info][gc,task     ] GC(258) Using 2 workers of 2 for evacuation
[119.665s][info][gc,phases   ] GC(258)   Pre Evacuate Collection Set: 0.52ms
[119.665s][info][gc,phases   ] GC(258)   Merge Heap Roots: 0.35ms
[119.665s][info][gc,phases   ] GC(258)   Evacuate Collection Set: 44.49ms
[119.665s][info][gc,phases   ] GC(258)   Post Evacuate Collection Set: 0.58ms
[119.665s][info][gc,phases   ] GC(258)   Other: 0.10ms
[119.665s][info][gc,heap     ] GC(258) Eden regions: 351->0(319)
[119.665s][info][gc,heap     ] GC(258) Survivor regions: 6->38(45)
[119.665s][info][gc,heap     ] GC(258) Old regions: 522->522
[119.665s][info][gc,heap     ] GC(258) Humongous regions: 7->7
[119.665s][info][gc,metaspace] GC(258) Metaspace: 18305K(18496K)->18305K(18496K) NonClass: 15640K(15744K)->15640K(15744K) Class: 2665K(2752K)->2665K(2752K)
[119.665s][info][gc          ] GC(258) Pause Young (Prepare Mixed) (G1 Evacuation Pause) 885M->566M(978M) 46.268ms
[119.665s][info][gc,cpu      ] GC(258) User=0.09s Sys=0.00s Real=0.05s
[120.028s][info][gc,start    ] GC(259) Pause Young (Mixed) (G1 Evacuation Pause)
[120.028s][info][gc,task     ] GC(259) Using 2 workers of 2 for evacuation
[120.096s][info][gc,phases   ] GC(259)   Pre Evacuate Collection Set: 0.30ms
[120.096s][info][gc,phases   ] GC(259)   Merge Heap Roots: 0.28ms
[120.096s][info][gc,phases   ] GC(259)   Evacuate Collection Set: 66.46ms
[120.096s][info][gc,phases   ] GC(259)   Post Evacuate Collection Set: 0.58ms
[120.096s][info][gc,phases   ] GC(259)   Other: 0.10ms
[120.096s][info][gc,heap     ] GC(259) Eden regions: 319->0(304)
[120.096s][info][gc,heap     ] GC(259) Survivor regions: 38->27(45)
[120.096s][info][gc,heap     ] GC(259) Old regions: 522->550
[120.096s][info][gc,heap     ] GC(259) Humongous regions: 7->7
[120.096s][info][gc,metaspace] GC(259) Metaspace: 18305K(18496K)->18305K(18496K) NonClass: 15640K(15744K)->15640K(15744K) Class: 2665K(2752K)->2665K(2752K)
[120.096s][info][gc          ] GC(259) Pause Young (Mixed) (G1 Evacuation Pause) 885M->583M(978M) 68.002ms
[120.096s][info][gc,cpu      ] GC(259) User=0.13s Sys=0.00s Real=0.07s
[120.431s][info][gc,start    ] GC(260) Pause Young (Concurrent Start) (G1 Evacuation Pause)
[120.431s][info][gc,task     ] GC(260) Using 2 workers of 2 for evacuation
[120.472s][info][gc,phases   ] GC(260)   Pre Evacuate Collection Set: 0.35ms
[120.472s][info][gc,phases   ] GC(260)   Merge Heap Roots: 0.22ms
[120.472s][info][gc,phases   ] GC(260)   Evacuate Collection Set: 39.32ms
[120.472s][info][gc,phases   ] GC(260)   Post Evacuate Collection Set: 0.71ms
[120.472s][info][gc,phases   ] GC(260)   Other: 0.12ms
[120.472s][info][gc,heap     ] GC(260) Eden regions: 304->0(302)
[120.472s][info][gc,heap     ] GC(260) Survivor regions: 27->12(42)
[120.472s][info][gc,heap     ] GC(260) Old regions: 550->577
[120.472s][info][gc,heap     ] GC(260) Humongous regions: 7->7
[120.472s][info][gc,metaspace] GC(260) Metaspace: 18306K(18496K)->18306K(18496K) NonClass: 15640K(15744K)->15640K(15744K) Class: 2665K(2752K)->2665K(2752K)
[120.472s][info][gc          ] GC(260) Pause Young (Concurrent Start) (G1 Evacuation Pause) 887M->595M(978M) 41.018ms
[120.472s][info][gc,cpu      ] GC(260) User=0.07s Sys=0.00s Real=0.04s
[120.472s][info][gc          ] GC(261) Concurrent Mark Cycle
[120.472s][info][gc,marking  ] GC(261) Concurrent Scan Root Regions
[120.542s][info][gc,marking  ] GC(261) Concurrent Scan Root Regions 69.746ms
[120.542s][info][gc,marking  ] GC(261) Concurrent Mark
[120.542s][info][gc,marking  ] GC(261) Concurrent Mark From Roots
[120.542s][info][gc,task     ] GC(261) Using 1 workers of 1 for marking
[121.420s][info][gc,start    ] GC(262) Pause Young (Normal) (G1 Evacuation Pause)
[121.420s][info][gc,task     ] GC(262) Using 2 workers of 2 for evacuation
[121.451s][info][gc,phases   ] GC(262)   Pre Evacuate Collection Set: 0.52ms
[121.451s][info][gc,phases   ] GC(262)   Merge Heap Roots: 0.26ms
[121.451s][info][gc,phases   ] GC(262)   Evacuate Collection Set: 30.34ms
[121.451s][info][gc,phases   ] GC(262)   Post Evacuate Collection Set: 0.54ms
[121.451s][info][gc,phases   ] GC(262)   Other: 0.12ms
[121.452s][info][gc,heap     ] GC(262) Eden regions: 302->0(290)
[121.452s][info][gc,heap     ] GC(262) Survivor regions: 12->27(40)
[121.452s][info][gc,heap     ] GC(262) Old regions: 577->577
[121.452s][info][gc,heap     ] GC(262) Humongous regions: 7->7
[121.452s][info][gc,metaspace] GC(262) Metaspace: 18306K(18496K)->18306K(18496K) NonClass: 15641K(15744K)->15641K(15744K) Class: 2665K(2752K)->2665K(2752K)
[121.452s][info][gc          ] GC(262) Pause Young (Normal) (G1 Evacuation Pause) 897M->610M(978M) 32.009ms
[121.452s][info][gc,cpu      ] GC(262) User=0.07s Sys=0.00s Real=0.03s
[122.069s][info][gc,marking  ] GC(261) Concurrent Mark From Roots 1527.085ms
[122.069s][info][gc,marking  ] GC(261) Concurrent Preclean
[122.069s][info][gc,marking  ] GC(261) Concurrent Preclean 0.028ms
[122.069s][info][gc,start    ] GC(261) Pause Remark
[122.076s][info][gc          ] GC(261) Pause Remark 768M->768M(978M) 6.641ms
[122.076s][info][gc,cpu      ] GC(261) User=0.01s Sys=0.00s Real=0.01s
[122.076s][info][gc,marking  ] GC(261) Concurrent Mark 1534.077ms
[122.076s][info][gc,marking  ] GC(261) Concurrent Rebuild Remembered Sets and Scrub Regions
[122.549s][info][gc,start    ] GC(263) Pause Young (Normal) (G1 Evacuation Pause)
[122.549s][info][gc,task     ] GC(263) Using 2 workers of 2 for evacuation
[122.579s][info][gc,phases   ] GC(263)   Pre Evacuate Collection Set: 0.31ms
[122.580s][info][gc,phases   ] GC(263)   Merge Heap Roots: 0.30ms
[122.580s][info][gc,phases   ] GC(263)   Evacuate Collection Set: 28.95ms
[122.580s][info][gc,phases   ] GC(263)   Post Evacuate Collection Set: 0.49ms
[122.580s][info][gc,phases   ] GC(263)   Other: 0.08ms
[122.580s][info][gc,heap     ] GC(263) Eden regions: 290->0(300)
[122.580s][info][gc,heap     ] GC(263) Survivor regions: 27->16(40)
[122.580s][info][gc,heap     ] GC(263) Old regions: 577->589
[122.580s][info][gc,heap     ] GC(263) Humongous regions: 7->7
[122.580s][info][gc,metaspace] GC(263) Metaspace: 18306K(18496K)->18306K(18496K) NonClass: 15641K(15744K)->15641K(15744K) Class: 2665K(2752K)->2665K(2752K)
[122.580s][info][gc          ] GC(263) Pause Young (Normal) (G1 Evacuation Pause) 900M->611M(978M) 30.353ms
[122.580s][info][gc,cpu      ] GC(263) User=0.06s Sys=0.00s Real=0.03s
[122.589s][info][gc,marking  ] GC(261) Concurrent Rebuild Remembered Sets and Scrub Regions 512.558ms
[122.589s][info][gc,start    ] GC(261) Pause Cleanup
[122.589s][info][gc          ] GC(261) Pause Cleanup 612M->612M(978M) 0.097ms
[122.589s][info][gc,cpu      ] GC(261) User=0.00s Sys=0.00s Real=0.00s
[122.589s][info][gc,marking  ] GC(261) Concurrent Clear Claimed Marks
[122.589s][info][gc,marking  ] GC(261) Concurrent Clear Claimed Marks 0.028ms
[122.589s][info][gc,marking  ] GC(261) Concurrent Cleanup for Next Mark
[122.592s][info][gc,marking  ] GC(261) Concurrent Cleanup for Next Mark 2.873ms
[122.592s][info][gc          ] GC(261) Concurrent Mark Cycle 2119.722ms
[123.060s][info][gc,start    ] GC(264) Pause Young (Prepare Mixed) (G1 Evacuation Pause)
[123.060s][info][gc,task     ] GC(264) Using 2 workers of 2 for evacuation
[123.124s][info][gc,phases   ] GC(264)   Pre Evacuate Collection Set: 0.54ms
[123.124s][info][gc,phases   ] GC(264)   Merge Heap Roots: 0.16ms
[123.124s][info][gc,phases   ] GC(264)   Evacuate Collection Set: 61.83ms
[123.124s][info][gc,phases   ] GC(264)   Post Evacuate Collection Set: 1.05ms
[123.124s][info][gc,phases   ] GC(264)   Other: 0.09ms
[123.124s][info][gc,heap     ] GC(264) Eden regions: 300->0(220)
[123.124s][info][gc,heap     ] GC(264) Survivor regions: 16->40(40)
[123.124s][info][gc,heap     ] GC(264) Old regions: 589->621
[123.124s][info][gc,heap     ] GC(264) Humongous regions: 7->7
[123.124s][info][gc,metaspace] GC(264) Metaspace: 18306K(18496K)->18306K(18496K) NonClass: 15641K(15744K)->15641K(15744K) Class: 2665K(2752K)->2665K(2752K)
[123.124s][info][gc          ] GC(264) Pause Young (Prepare Mixed) (G1 Evacuation Pause) (Evacuation Failure: Allocation) 911M->668M(978M) 63.879ms
[123.124s][info][gc,cpu      ] GC(264) User=0.13s Sys=0.00s Real=0.07s
[123.471s][info][gc,start    ] GC(265) Pause Young (Mixed) (G1 Evacuation Pause)
[123.471s][info][gc,task     ] GC(265) Using 2 workers of 2 for evacuation
[123.536s][info][gc,phases   ] GC(265)   Pre Evacuate Collection Set: 0.51ms
[123.536s][info][gc,phases   ] GC(265)   Merge Heap Roots: 0.75ms
[123.536s][info][gc,phases   ] GC(265)   Evacuate Collection Set: 63.30ms
[123.536s][info][gc,phases   ] GC(265)   Post Evacuate Collection Set: 0.56ms
[123.536s][info][gc,phases   ] GC(265)   Other: 0.08ms
[123.536s][info][gc,heap     ] GC(265) Eden regions: 220->0(223)
[123.537s][info][gc,heap     ] GC(265) Survivor regions: 40->20(33)
[123.537s][info][gc,heap     ] GC(265) Old regions: 621->649
[123.537s][info][gc,heap     ] GC(265) Humongous regions: 7->7
[123.537s][info][gc,metaspace] GC(265) Metaspace: 18306K(18496K)->18306K(18496K) NonClass: 15641K(15744K)->15641K(15744K) Class: 2665K(2752K)->2665K(2752K)
[123.537s][info][gc          ] GC(265) Pause Young (Mixed) (G1 Evacuation Pause) 888M->676M(978M) 65.453ms
[123.537s][info][gc,cpu      ] GC(265) User=0.12s Sys=0.00s Real=0.07s
[123.578s][info][gc,start    ] GC(266) Pause Young (Concurrent Start) (G1 Humongous Allocation)
[123.578s][info][gc,task     ] GC(266) Using 2 workers of 2 for evacuation
[123.609s][info][gc,phases   ] GC(266)   Pre Evacuate Collection Set: 0.28ms
[123.609s][info][gc,phases   ] GC(266)   Merge Heap Roots: 0.22ms
[123.609s][info][gc,phases   ] GC(266)   Evacuate Collection Set: 29.54ms
[123.609s][info][gc,phases   ] GC(266)   Post Evacuate Collection Set: 0.33ms
[123.609s][info][gc,phases   ] GC(266)   Other: 0.11ms
[123.609s][info][gc,heap     ] GC(266) Eden regions: 21->0(229)
[123.609s][info][gc,heap     ] GC(266) Survivor regions: 20->6(31)
[123.609s][info][gc,heap     ] GC(266) Old regions: 649->669
[123.609s][info][gc,heap     ] GC(266) Humongous regions: 7->7
[123.609s][info][gc,metaspace] GC(266) Metaspace: 18306K(18496K)->18306K(18496K) NonClass: 15641K(15744K)->15641K(15744K) Class: 2665K(2752K)->2665K(2752K)
[123.609s][info][gc          ] GC(266) Pause Young (Concurrent Start) (G1 Humongous Allocation) 697M->681M(978M) 30.721ms
[123.609s][info][gc,cpu      ] GC(266) User=0.06s Sys=0.00s Real=0.03s
[123.609s][info][gc          ] GC(267) Concurrent Mark Cycle
[123.609s][info][gc,marking  ] GC(267) Concurrent Scan Root Regions
[123.651s][info][gc,marking  ] GC(267) Concurrent Scan Root Regions 42.331ms
[123.651s][info][gc,marking  ] GC(267) Concurrent Mark
[123.651s][info][gc,marking  ] GC(267) Concurrent Mark From Roots
[123.651s][info][gc,task     ] GC(267) Using 1 workers of 1 for marking
[124.315s][info][gc,start    ] GC(268) Pause Young (Normal) (G1 Evacuation Pause)
[124.315s][info][gc,task     ] GC(268) Using 2 workers of 2 for evacuation
[124.340s][info][gc,phases   ] GC(268)   Pre Evacuate Collection Set: 0.29ms
[124.340s][info][gc,phases   ] GC(268)   Merge Heap Roots: 0.15ms
[124.340s][info][gc,phases   ] GC(268)   Evacuate Collection Set: 24.02ms
[124.340s][info][gc,phases   ] GC(268)   Post Evacuate Collection Set: 0.44ms
[124.340s][info][gc,phases   ] GC(268)   Other: 0.10ms
[124.340s][info][gc,heap     ] GC(268) Eden regions: 229->0(217)
[124.340s][info][gc,heap     ] GC(268) Survivor regions: 6->16(30)
[124.340s][info][gc,heap     ] GC(268) Old regions: 669->669
[124.340s][info][gc,heap     ] GC(268) Humongous regions: 10->10
[124.340s][info][gc,metaspace] GC(268) Metaspace: 18306K(18496K)->18306K(18496K) NonClass: 15641K(15744K)->15641K(15744K) Class: 2665K(2752K)->2665K(2752K)
[124.340s][info][gc          ] GC(268) Pause Young (Normal) (G1 Evacuation Pause) 913M->695M(978M) 25.292ms
[124.340s][info][gc,cpu      ] GC(268) User=0.05s Sys=0.00s Real=0.02s
[124.671s][info][gc,marking  ] GC(267) Concurrent Mark From Roots 1019.274ms
[124.671s][info][gc,marking  ] GC(267) Concurrent Preclean
[124.671s][info][gc,marking  ] GC(267) Concurrent Preclean 0.023ms
[124.671s][info][gc,start    ] GC(267) Pause Remark
[124.678s][info][gc          ] GC(267) Pause Remark 773M->634M(978M) 6.796ms
[124.678s][info][gc,cpu      ] GC(267) User=0.01s Sys=0.00s Real=0.01s
[124.679s][info][gc,marking  ] GC(267) Concurrent Mark 1028.169ms
[124.679s][info][gc,marking  ] GC(267) Concurrent Rebuild Remembered Sets and Scrub Regions
[125.023s][info][gc,start    ] GC(269) Pause Young (Normal) (G1 Evacuation Pause)
[125.023s][info][gc,task     ] GC(269) Using 2 workers of 2 for evacuation
[125.048s][info][gc,phases   ] GC(269)   Pre Evacuate Collection Set: 0.27ms
[125.048s][info][gc,phases   ] GC(269)   Merge Heap Roots: 0.13ms
[125.048s][info][gc,phases   ] GC(269)   Evacuate Collection Set: 24.18ms
[125.049s][info][gc,phases   ] GC(269)   Post Evacuate Collection Set: 0.49ms
[125.049s][info][gc,phases   ] GC(269)   Other: 0.10ms
[125.049s][info][gc,heap     ] GC(269) Eden regions: 217->0(346)
[125.049s][info][gc,heap     ] GC(269) Survivor regions: 16->14(30)
[125.049s][info][gc,heap     ] GC(269) Old regions: 533->538
[125.049s][info][gc,heap     ] GC(269) Humongous regions: 7->7
[125.049s][info][gc,metaspace] GC(269) Metaspace: 18306K(18496K)->18306K(18496K) NonClass: 15641K(15744K)->15641K(15744K) Class: 2665K(2752K)->2665K(2752K)
[125.049s][info][gc          ] GC(269) Pause Young (Normal) (G1 Evacuation Pause) 773M->559M(978M) 25.398ms
[125.049s][info][gc,cpu      ] GC(269) User=0.05s Sys=0.00s Real=0.02s
[125.158s][info][gc,marking  ] GC(267) Concurrent Rebuild Remembered Sets and Scrub Regions 478.954ms
[125.159s][info][gc,start    ] GC(267) Pause Cleanup
[125.159s][info][gc          ] GC(267) Pause Cleanup 647M->647M(978M) 0.132ms
[125.159s][info][gc,cpu      ] GC(267) User=0.00s Sys=0.00s Real=0.00s
[125.159s][info][gc,marking  ] GC(267) Concurrent Clear Claimed Marks
[125.159s][info][gc,marking  ] GC(267) Concurrent Clear Claimed Marks 0.029ms
[125.159s][info][gc,marking  ] GC(267) Concurrent Cleanup for Next Mark
[125.162s][info][gc,marking  ] GC(267) Concurrent Cleanup for Next Mark 2.858ms
[125.162s][info][gc          ] GC(267) Concurrent Mark Cycle 1552.851ms
[125.415s][info][gc,start    ] GC(270) Pause Young (Prepare Mixed) (G1 Evacuation Pause)
[125.415s][info][gc,task     ] GC(270) Using 2 workers of 2 for evacuation
[125.507s][info][gc,phases   ] GC(270)   Pre Evacuate Collection Set: 0.31ms
[125.507s][info][gc,phases   ] GC(270)   Merge Heap Roots: 0.26ms
[125.507s][info][gc,phases   ] GC(270)   Evacuate Collection Set: 85.03ms
[125.507s][info][gc,phases   ] GC(270)   Post Evacuate Collection Set: 6.54ms
[125.507s][info][gc,phases   ] GC(270)   Other: 0.12ms
[125.507s][info][gc,heap     ] GC(270) Eden regions: 346->0(136)
[125.507s][info][gc,heap     ] GC(270) Survivor regions: 14->45(45)
[125.507s][info][gc,heap     ] GC(270) Old regions: 538->695
[125.507s][info][gc,heap     ] GC(270) Humongous regions: 7->7
[125.507s][info][gc,metaspace] GC(270) Metaspace: 18306K(18496K)->18306K(18496K) NonClass: 15641K(15744K)->15641K(15744K) Class: 2665K(2752K)->2665K(2752K)
[125.508s][info][gc          ] GC(270) Pause Young (Prepare Mixed) (G1 Evacuation Pause) (Evacuation Failure: Allocation) 905M->747M(978M) 92.561ms
[125.508s][info][gc,cpu      ] GC(270) User=0.18s Sys=0.00s Real=0.09s
[125.685s][info][gc,start    ] GC(271) Pause Young (Mixed) (G1 Evacuation Pause)
[125.685s][info][gc,task     ] GC(271) Using 2 workers of 2 for evacuation
[125.860s][info][gc,phases   ] GC(271)   Pre Evacuate Collection Set: 0.40ms
[125.860s][info][gc,phases   ] GC(271)   Merge Heap Roots: 0.87ms
[125.860s][info][gc,phases   ] GC(271)   Evacuate Collection Set: 76.53ms
[125.860s][info][gc,phases   ] GC(271)   Merge Optional Heap Roots: 0.21ms
[125.860s][info][gc,phases   ] GC(271)   Evacuate Optional Collection Set: 96.55ms
[125.861s][info][gc,phases   ] GC(271)   Post Evacuate Collection Set: 1.13ms
[125.861s][info][gc,phases   ] GC(271)   Other: 0.09ms
[125.861s][info][gc,heap     ] GC(271) Eden regions: 136->0(328)
[125.861s][info][gc,heap     ] GC(271) Survivor regions: 45->1(23)
[125.861s][info][gc,heap     ] GC(271) Old regions: 695->541
[125.861s][info][gc,heap     ] GC(271) Humongous regions: 7->7
[125.861s][info][gc,metaspace] GC(271) Metaspace: 18306K(18496K)->18306K(18496K) NonClass: 15641K(15744K)->15641K(15744K) Class: 2665K(2752K)->2665K(2752K)
[125.861s][info][gc          ] GC(271) Pause Young (Mixed) (G1 Evacuation Pause) 883M->549M(978M) 176.031ms
[125.861s][info][gc,cpu      ] GC(271) User=0.35s Sys=0.00s Real=0.17s
[126.217s][info][gc,start    ] GC(272) Pause Young (Concurrent Start) (G1 Evacuation Pause)
[126.217s][info][gc,task     ] GC(272) Using 2 workers of 2 for evacuation
[126.228s][info][gc,phases   ] GC(272)   Pre Evacuate Collection Set: 0.35ms
[126.228s][info][gc,phases   ] GC(272)   Merge Heap Roots: 0.34ms
[126.228s][info][gc,phases   ] GC(272)   Evacuate Collection Set: 10.04ms
[126.228s][info][gc,phases   ] GC(272)   Post Evacuate Collection Set: 0.50ms
[126.228s][info][gc,phases   ] GC(272)   Other: 0.28ms
[126.228s][info][gc,heap     ] GC(272) Eden regions: 328->0(345)
[126.228s][info][gc,heap     ] GC(272) Survivor regions: 1->1(42)
[126.228s][info][gc,heap     ] GC(272) Old regions: 541->541
[126.228s][info][gc,heap     ] GC(272) Humongous regions: 7->7
[126.228s][info][gc,metaspace] GC(272) Metaspace: 18306K(18496K)->18306K(18496K) NonClass: 15641K(15744K)->15641K(15744K) Class: 2665K(2752K)->2665K(2752K)
[126.228s][info][gc          ] GC(272) Pause Young (Concurrent Start) (G1 Evacuation Pause) 877M->549M(978M) 11.737ms
[126.228s][info][gc,cpu      ] GC(272) User=0.03s Sys=0.00s Real=0.01s
[126.229s][info][gc          ] GC(273) Concurrent Mark Cycle
[126.229s][info][gc,marking  ] GC(273) Concurrent Scan Root Regions
[126.231s][info][gc,marking  ] GC(273) Concurrent Scan Root Regions 2.270ms
[126.231s][info][gc,marking  ] GC(273) Concurrent Mark
[126.231s][info][gc,marking  ] GC(273) Concurrent Mark From Roots
[126.231s][info][gc,task     ] GC(273) Using 1 workers of 1 for marking
[126.995s][info][gc,start    ] GC(274) Pause Young (Normal) (G1 Evacuation Pause)
[126.995s][info][gc,task     ] GC(274) Using 2 workers of 2 for evacuation
[126.999s][info][gc,phases   ] GC(274)   Pre Evacuate Collection Set: 0.50ms
[126.999s][info][gc,phases   ] GC(274)   Merge Heap Roots: 0.14ms
[126.999s][info][gc,phases   ] GC(274)   Evacuate Collection Set: 1.83ms
[126.999s][info][gc,phases   ] GC(274)   Post Evacuate Collection Set: 0.49ms
[126.999s][info][gc,phases   ] GC(274)   Other: 0.08ms
[126.999s][info][gc,heap     ] GC(274) Eden regions: 345->0(359)
[126.999s][info][gc,heap     ] GC(274) Survivor regions: 1->1(44)
[126.999s][info][gc,heap     ] GC(274) Old regions: 541->541
[126.999s][info][gc,heap     ] GC(274) Humongous regions: 7->7
[126.999s][info][gc,metaspace] GC(274) Metaspace: 18306K(18496K)->18306K(18496K) NonClass: 15641K(15744K)->15641K(15744K) Class: 2665K(2752K)->2665K(2752K)
[126.999s][info][gc          ] GC(274) Pause Young (Normal) (G1 Evacuation Pause) 894M->549M(978M) 3.229ms
[126.999s][info][gc,cpu      ] GC(274) User=0.01s Sys=0.00s Real=0.00s
[127.090s][info][gc,marking  ] GC(273) Concurrent Mark From Roots 859.196ms
[127.090s][info][gc,marking  ] GC(273) Concurrent Preclean
[127.090s][info][gc,marking  ] GC(273) Concurrent Preclean 0.024ms
[127.090s][info][gc,start    ] GC(273) Pause Remark
[127.097s][info][gc          ] GC(273) Pause Remark 587M->432M(978M) 6.769ms
[127.097s][info][gc,cpu      ] GC(273) User=0.01s Sys=0.00s Real=0.01s
[127.098s][info][gc,marking  ] GC(273) Concurrent Mark 866.753ms
[127.098s][info][gc,marking  ] GC(273) Concurrent Rebuild Remembered Sets and Scrub Regions
[127.420s][info][gc,marking  ] GC(273) Concurrent Rebuild Remembered Sets and Scrub Regions 322.528ms
[127.420s][info][gc,start    ] GC(273) Pause Cleanup
[127.420s][info][gc          ] GC(273) Pause Cleanup 659M->659M(978M) 0.089ms
[127.420s][info][gc,cpu      ] GC(273) User=0.00s Sys=0.00s Real=0.00s
[127.421s][info][gc,marking  ] GC(273) Concurrent Clear Claimed Marks
[127.421s][info][gc,marking  ] GC(273) Concurrent Clear Claimed Marks 0.041ms
[127.421s][info][gc,marking  ] GC(273) Concurrent Cleanup for Next Mark
[127.426s][info][gc,marking  ] GC(273) Concurrent Cleanup for Next Mark 4.886ms
[127.426s][info][gc          ] GC(273) Concurrent Mark Cycle 1197.546ms
[127.526s][info][gc,start    ] GC(275) Pause Young (Prepare Mixed) (G1 Evacuation Pause)
[127.526s][info][gc,task     ] GC(275) Using 2 workers of 2 for evacuation
[127.605s][info][gc,phases   ] GC(275)   Pre Evacuate Collection Set: 0.29ms
[127.605s][info][gc,phases   ] GC(275)   Merge Heap Roots: 0.63ms
[127.605s][info][gc,phases   ] GC(275)   Evacuate Collection Set: 76.92ms
[127.605s][info][gc,phases   ] GC(275)   Post Evacuate Collection Set: 0.72ms
[127.605s][info][gc,phases   ] GC(275)   Other: 0.08ms
[127.605s][info][gc,heap     ] GC(275) Eden regions: 359->0(413)
[127.605s][info][gc,heap     ] GC(275) Survivor regions: 1->45(45)
[127.605s][info][gc,heap     ] GC(275) Old regions: 389->397
[127.605s][info][gc,heap     ] GC(275) Humongous regions: 7->7
[127.605s][info][gc,metaspace] GC(275) Metaspace: 18306K(18496K)->18306K(18496K) NonClass: 15641K(15744K)->15641K(15744K) Class: 2665K(2752K)->2665K(2752K)
[127.605s][info][gc          ] GC(275) Pause Young (Prepare Mixed) (G1 Evacuation Pause) 756M->448M(978M) 78.884ms
[127.605s][info][gc,cpu      ] GC(275) User=0.16s Sys=0.00s Real=0.08s
[127.970s][info][gc,start    ] GC(276) Pause Young (Mixed) (G1 Evacuation Pause)
[127.971s][info][gc,task     ] GC(276) Using 2 workers of 2 for evacuation
[128.037s][info][gc,phases   ] GC(276)   Pre Evacuate Collection Set: 0.51ms
[128.037s][info][gc,phases   ] GC(276)   Merge Heap Roots: 0.48ms
[128.037s][info][gc,phases   ] GC(276)   Evacuate Collection Set: 64.47ms
[128.037s][info][gc,phases   ] GC(276)   Post Evacuate Collection Set: 0.62ms
[128.037s][info][gc,phases   ] GC(276)   Other: 0.08ms
[128.037s][info][gc,heap     ] GC(276) Eden regions: 413->0(434)
[128.037s][info][gc,heap     ] GC(276) Survivor regions: 45->6(58)
[128.037s][info][gc,heap     ] GC(276) Old regions: 397->431
[128.037s][info][gc,heap     ] GC(276) Humongous regions: 7->7
[128.037s][info][gc,metaspace] GC(276) Metaspace: 18306K(18496K)->18306K(18496K) NonClass: 15641K(15744K)->15641K(15744K) Class: 2665K(2752K)->2665K(2752K)
[128.037s][info][gc          ] GC(276) Pause Young (Mixed) (G1 Evacuation Pause) 861M->443M(978M) 66.373ms
[128.037s][info][gc,cpu      ] GC(276) User=0.14s Sys=0.00s Real=0.07s
[128.648s][info][gc,start    ] GC(277) Pause Young (Concurrent Start) (G1 Evacuation Pause)
[128.648s][info][gc,task     ] GC(277) Using 2 workers of 2 for evacuation
[128.683s][info][gc,phases   ] GC(277)   Pre Evacuate Collection Set: 0.28ms
[128.683s][info][gc,phases   ] GC(277)   Merge Heap Roots: 0.27ms
[128.683s][info][gc,phases   ] GC(277)   Evacuate Collection Set: 33.54ms
[128.683s][info][gc,phases   ] GC(277)   Post Evacuate Collection Set: 0.62ms
[128.683s][info][gc,phases   ] GC(277)   Other: 0.14ms
[128.683s][info][gc,heap     ] GC(277) Eden regions: 434->0(416)
[128.683s][info][gc,heap     ] GC(277) Survivor regions: 6->29(55)
[128.683s][info][gc,heap     ] GC(277) Old regions: 431->431
[128.683s][info][gc,heap     ] GC(277) Humongous regions: 7->7
[128.683s][info][gc,metaspace] GC(277) Metaspace: 18306K(18496K)->18306K(18496K) NonClass: 15641K(15744K)->15641K(15744K) Class: 2665K(2752K)->2665K(2752K)
[128.683s][info][gc          ] GC(277) Pause Young (Concurrent Start) (G1 Evacuation Pause) 877M->466M(978M) 35.198ms
[128.683s][info][gc,cpu      ] GC(277) User=0.07s Sys=0.01s Real=0.04s
[128.683s][info][gc          ] GC(278) Concurrent Mark Cycle
[128.683s][info][gc,marking  ] GC(278) Concurrent Scan Root Regions
[128.737s][info][gc,marking  ] GC(278) Concurrent Scan Root Regions 53.796ms
[128.737s][info][gc,marking  ] GC(278) Concurrent Mark
[128.737s][info][gc,marking  ] GC(278) Concurrent Mark From Roots
[128.737s][info][gc,task     ] GC(278) Using 1 workers of 1 for marking
[129.640s][info][gc,marking  ] GC(278) Concurrent Mark From Roots 902.796ms
[129.640s][info][gc,marking  ] GC(278) Concurrent Preclean
[129.640s][info][gc,marking  ] GC(278) Concurrent Preclean 0.024ms
[129.640s][info][gc,start    ] GC(278) Pause Remark
[129.647s][info][gc          ] GC(278) Pause Remark 785M->684M(978M) 6.706ms
[129.647s][info][gc,cpu      ] GC(278) User=0.02s Sys=0.00s Real=0.01s
[129.647s][info][gc,marking  ] GC(278) Concurrent Mark 909.835ms
[129.647s][info][gc,marking  ] GC(278) Concurrent Rebuild Remembered Sets and Scrub Regions
[129.818s][info][gc,marking  ] GC(278) Concurrent Rebuild Remembered Sets and Scrub Regions 171.368ms
[129.818s][info][gc,start    ] GC(278) Pause Cleanup
[129.818s][info][gc          ] GC(278) Pause Cleanup 773M->773M(978M) 0.109ms
[129.818s][info][gc,cpu      ] GC(278) User=0.00s Sys=0.00s Real=0.00s
[129.819s][info][gc,marking  ] GC(278) Concurrent Clear Claimed Marks
[129.819s][info][gc,marking  ] GC(278) Concurrent Clear Claimed Marks 0.029ms
[129.819s][info][gc,marking  ] GC(278) Concurrent Cleanup for Next Mark
[129.821s][info][gc,marking  ] GC(278) Concurrent Cleanup for Next Mark 2.902ms
[129.821s][info][gc          ] GC(278) Concurrent Mark Cycle 1138.410ms
[129.830s][info][gc,start    ] GC(279) Pause Young (Prepare Mixed) (G1 Evacuation Pause)
[129.830s][info][gc,task     ] GC(279) Using 2 workers of 2 for evacuation
[129.886s][info][gc,phases   ] GC(279)   Pre Evacuate Collection Set: 0.27ms
[129.886s][info][gc,phases   ] GC(279)   Merge Heap Roots: 0.46ms
[129.886s][info][gc,phases   ] GC(279)   Evacuate Collection Set: 54.13ms
[129.886s][info][gc,phases   ] GC(279)   Post Evacuate Collection Set: 0.60ms
[129.886s][info][gc,phases   ] GC(279)   Other: 0.08ms
[129.886s][info][gc,heap     ] GC(279) Eden regions: 416->0(492)
[129.886s][info][gc,heap     ] GC(279) Survivor regions: 29->47(56)
[129.886s][info][gc,heap     ] GC(279) Old regions: 333->333
[129.886s][info][gc,heap     ] GC(279) Humongous regions: 4->4
[129.886s][info][gc,metaspace] GC(279) Metaspace: 18306K(18496K)->18306K(18496K) NonClass: 15641K(15744K)->15641K(15744K) Class: 2665K(2752K)->2665K(2752K)
[129.886s][info][gc          ] GC(279) Pause Young (Prepare Mixed) (G1 Evacuation Pause) 781M->383M(978M) 55.687ms
[129.886s][info][gc,cpu      ] GC(279) User=0.11s Sys=0.00s Real=0.06s
[130.395s][info][gc,start    ] GC(280) Pause Young (Mixed) (G1 Evacuation Pause)
[130.395s][info][gc,task     ] GC(280) Using 2 workers of 2 for evacuation
[130.474s][info][gc,phases   ] GC(280)   Pre Evacuate Collection Set: 0.36ms
[130.474s][info][gc,phases   ] GC(280)   Merge Heap Roots: 0.34ms
[130.474s][info][gc,phases   ] GC(280)   Evacuate Collection Set: 77.41ms
[130.474s][info][gc,phases   ] GC(280)   Post Evacuate Collection Set: 0.71ms
[130.474s][info][gc,phases   ] GC(280)   Other: 0.12ms
[130.474s][info][gc,heap     ] GC(280) Eden regions: 492->0(495)
[130.474s][info][gc,heap     ] GC(280) Survivor regions: 47->47(68)
[130.474s][info][gc,heap     ] GC(280) Old regions: 333->315
[130.474s][info][gc,heap     ] GC(280) Humongous regions: 4->4
[130.474s][info][gc,metaspace] GC(280) Metaspace: 18306K(18496K)->18306K(18496K) NonClass: 15641K(15744K)->15641K(15744K) Class: 2665K(2752K)->2665K(2752K)
[130.474s][info][gc          ] GC(280) Pause Young (Mixed) (G1 Evacuation Pause) 875M->366M(978M) 79.228ms
[130.474s][info][gc,cpu      ] GC(280) User=0.15s Sys=0.00s Real=0.08s
[131.245s][info][gc,start    ] GC(281) Pause Young (Concurrent Start) (G1 Evacuation Pause)
[131.245s][info][gc,task     ] GC(281) Using 2 workers of 2 for evacuation
[131.312s][info][gc,phases   ] GC(281)   Pre Evacuate Collection Set: 0.28ms
[131.312s][info][gc,phases   ] GC(281)   Merge Heap Roots: 0.32ms
[131.312s][info][gc,phases   ] GC(281)   Evacuate Collection Set: 65.17ms
[131.312s][info][gc,phases   ] GC(281)   Post Evacuate Collection Set: 0.71ms
[131.312s][info][gc,phases   ] GC(281)   Other: 0.13ms
[131.312s][info][gc,heap     ] GC(281) Eden regions: 495->0(492)
[131.312s][info][gc,heap     ] GC(281) Survivor regions: 47->46(68)
[131.312s][info][gc,heap     ] GC(281) Old regions: 315->334
[131.312s][info][gc,heap     ] GC(281) Humongous regions: 4->4
[131.312s][info][gc,metaspace] GC(281) Metaspace: 18306K(18496K)->18306K(18496K) NonClass: 15641K(15744K)->15641K(15744K) Class: 2665K(2752K)->2665K(2752K)
[131.312s][info][gc          ] GC(281) Pause Young (Concurrent Start) (G1 Evacuation Pause) 861M->383M(978M) 66.871ms
[131.312s][info][gc,cpu      ] GC(281) User=0.13s Sys=0.00s Real=0.06s
[131.312s][info][gc          ] GC(282) Concurrent Mark Cycle
[131.312s][info][gc,marking  ] GC(282) Concurrent Scan Root Regions
[131.428s][info][gc,marking  ] GC(282) Concurrent Scan Root Regions 115.849ms
[131.428s][info][gc,marking  ] GC(282) Concurrent Mark
[131.428s][info][gc,marking  ] GC(282) Concurrent Mark From Roots
[131.428s][info][gc,task     ] GC(282) Using 1 workers of 1 for marking
[132.266s][info][gc,marking  ] GC(282) Concurrent Mark From Roots 837.927ms
[132.266s][info][gc,marking  ] GC(282) Concurrent Preclean
[132.266s][info][gc,marking  ] GC(282) Concurrent Preclean 0.029ms
[132.266s][info][gc,start    ] GC(282) Pause Remark
[132.273s][info][gc          ] GC(282) Pause Remark 870M->870M(978M) 6.672ms
[132.273s][info][gc,cpu      ] GC(282) User=0.01s Sys=0.00s Real=0.00s
[132.273s][info][gc,marking  ] GC(282) Concurrent Mark 844.935ms
[132.273s][info][gc,marking  ] GC(282) Concurrent Rebuild Remembered Sets and Scrub Regions
[132.289s][info][gc,start    ] GC(283) Pause Young (Normal) (G1 Evacuation Pause)
[132.289s][info][gc,task     ] GC(283) Using 2 workers of 2 for evacuation
[132.474s][info][gc,phases   ] GC(283)   Pre Evacuate Collection Set: 0.23ms
[132.474s][info][gc,phases   ] GC(283)   Merge Heap Roots: 0.29ms
[132.474s][info][gc,phases   ] GC(283)   Evacuate Collection Set: 161.79ms
[132.474s][info][gc,phases   ] GC(283)   Post Evacuate Collection Set: 22.06ms
[132.474s][info][gc,phases   ] GC(283)   Other: 0.10ms
[132.474s][info][gc,heap     ] GC(283) Eden regions: 492->0(160)
[132.474s][info][gc,heap     ] GC(283) Survivor regions: 46->68(68)
[132.474s][info][gc,heap     ] GC(283) Old regions: 334->628
[132.474s][info][gc,heap     ] GC(283) Humongous regions: 4->4
[132.474s][info][gc,metaspace] GC(283) Metaspace: 18307K(18496K)->18307K(18496K) NonClass: 15642K(15744K)->15642K(15744K) Class: 2665K(2752K)->2665K(2752K)
[132.474s][info][gc          ] GC(283) Pause Young (Normal) (G1 Evacuation Pause) (Evacuation Failure: Allocation) 875M->700M(978M) 184.680ms
[132.474s][info][gc,cpu      ] GC(283) User=0.37s Sys=0.00s Real=0.19s
[132.831s][info][gc,marking  ] GC(282) Concurrent Rebuild Remembered Sets and Scrub Regions 557.701ms
[132.831s][info][gc,start    ] GC(282) Pause Cleanup
[132.831s][info][gc          ] GC(282) Pause Cleanup 752M->752M(978M) 0.143ms
[132.831s][info][gc,cpu      ] GC(282) User=0.00s Sys=0.00s Real=0.00s
[132.831s][info][gc,marking  ] GC(282) Concurrent Clear Claimed Marks
[132.831s][info][gc,marking  ] GC(282) Concurrent Clear Claimed Marks 0.036ms
[132.831s][info][gc,marking  ] GC(282) Concurrent Cleanup for Next Mark
[132.836s][info][gc,marking  ] GC(282) Concurrent Cleanup for Next Mark 4.876ms
[132.836s][info][gc          ] GC(282) Concurrent Mark Cycle 1524.013ms
[133.031s][info][gc,start    ] GC(284) Pause Young (Prepare Mixed) (G1 Evacuation Pause)
[133.031s][info][gc,task     ] GC(284) Using 2 workers of 2 for evacuation
[133.142s][info][gc,phases   ] GC(284)   Pre Evacuate Collection Set: 0.43ms
[133.142s][info][gc,phases   ] GC(284)   Merge Heap Roots: 0.90ms
[133.142s][info][gc,phases   ] GC(284)   Evacuate Collection Set: 109.16ms
[133.142s][info][gc,phases   ] GC(284)   Post Evacuate Collection Set: 0.64ms
[133.142s][info][gc,phases   ] GC(284)   Other: 0.10ms
[133.142s][info][gc,heap     ] GC(284) Eden regions: 160->0(328)
[133.142s][info][gc,heap     ] GC(284) Survivor regions: 68->9(29)
[133.142s][info][gc,heap     ] GC(284) Old regions: 628->569
[133.142s][info][gc,heap     ] GC(284) Humongous regions: 4->4
[133.142s][info][gc,metaspace] GC(284) Metaspace: 18307K(18496K)->18307K(18496K) NonClass: 15642K(15744K)->15642K(15744K) Class: 2665K(2752K)->2665K(2752K)
[133.142s][info][gc          ] GC(284) Pause Young (Prepare Mixed) (G1 Evacuation Pause) 860M->581M(978M) 111.497ms
[133.142s][info][gc,cpu      ] GC(284) User=0.22s Sys=0.00s Real=0.11s
[133.580s][info][gc,start    ] GC(285) Pause Young (Mixed) (G1 Evacuation Pause)
[133.580s][info][gc,task     ] GC(285) Using 2 workers of 2 for evacuation
[133.778s][info][gc,phases   ] GC(285)   Pre Evacuate Collection Set: 0.37ms
[133.778s][info][gc,phases   ] GC(285)   Merge Heap Roots: 0.84ms
[133.778s][info][gc,phases   ] GC(285)   Evacuate Collection Set: 168.73ms
[133.778s][info][gc,phases   ] GC(285)   Post Evacuate Collection Set: 27.62ms
[133.778s][info][gc,phases   ] GC(285)   Other: 0.09ms
[133.778s][info][gc,heap     ] GC(285) Eden regions: 328->0(6)
[133.778s][info][gc,heap     ] GC(285) Survivor regions: 9->42(43)
[133.778s][info][gc,heap     ] GC(285) Old regions: 569->836
[133.778s][info][gc,heap     ] GC(285) Humongous regions: 10->10
[133.778s][info][gc,metaspace] GC(285) Metaspace: 18307K(18496K)->18307K(18496K) NonClass: 15642K(15744K)->15642K(15744K) Class: 2665K(2752K)->2665K(2752K)
[133.778s][info][gc          ] GC(285) Pause Young (Mixed) (G1 Evacuation Pause) (Evacuation Failure: Allocation) 915M->888M(978M) 197.869ms
[133.778s][info][gc,cpu      ] GC(285) User=0.40s Sys=0.00s Real=0.20s
[133.800s][info][gc,start    ] GC(286) Pause Young (Concurrent Start) (G1 Evacuation Pause)
[133.800s][info][gc,task     ] GC(286) Using 2 workers of 2 for evacuation
[133.943s][info][gc,phases   ] GC(286)   Pre Evacuate Collection Set: 0.43ms
[133.943s][info][gc,phases   ] GC(286)   Merge Heap Roots: 4.38ms
[133.943s][info][gc,phases   ] GC(286)   Evacuate Collection Set: 88.15ms
[133.943s][info][gc,phases   ] GC(286)   Merge Optional Heap Roots: 0.16ms
[133.943s][info][gc,phases   ] GC(286)   Evacuate Optional Collection Set: 48.37ms
[133.943s][info][gc,phases   ] GC(286)   Post Evacuate Collection Set: 1.42ms
[133.943s][info][gc,phases   ] GC(286)   Other: 0.22ms
[133.943s][info][gc,heap     ] GC(286) Eden regions: 6->0(284)
[133.943s][info][gc,heap     ] GC(286) Survivor regions: 42->1(6)
[133.943s][info][gc,heap     ] GC(286) Old regions: 836->615
[133.943s][info][gc,heap     ] GC(286) Humongous regions: 10->10
[133.943s][info][gc,metaspace] GC(286) Metaspace: 18307K(18496K)->18307K(18496K) NonClass: 15642K(15744K)->15642K(15744K) Class: 2665K(2752K)->2665K(2752K)
[133.943s][info][gc          ] GC(286) Pause Young (Concurrent Start) (G1 Evacuation Pause) 894M->625M(978M) 143.361ms
[133.943s][info][gc          ] GC(287) Concurrent Mark Cycle
[133.943s][info][gc,marking  ] GC(287) Concurrent Scan Root Regions
[133.943s][info][gc,cpu      ] GC(286) User=0.28s Sys=0.00s Real=0.15s
[134.111s][info][gc,marking  ] GC(287) Concurrent Scan Root Regions 167.486ms
[134.111s][info][gc,marking  ] GC(287) Concurrent Mark
[134.111s][info][gc,marking  ] GC(287) Concurrent Mark From Roots
[134.111s][info][gc,task     ] GC(287) Using 1 workers of 1 for marking
[134.781s][info][gc,start    ] GC(288) Pause Young (Normal) (G1 Evacuation Pause)
[134.781s][info][gc,task     ] GC(288) Using 2 workers of 2 for evacuation
[134.841s][info][gc,phases   ] GC(288)   Pre Evacuate Collection Set: 0.52ms
[134.841s][info][gc,phases   ] GC(288)   Merge Heap Roots: 0.86ms
[134.841s][info][gc,phases   ] GC(288)   Evacuate Collection Set: 57.44ms
[134.841s][info][gc,phases   ] GC(288)   Post Evacuate Collection Set: 0.63ms
[134.841s][info][gc,phases   ] GC(288)   Other: 0.13ms
[134.841s][info][gc,heap     ] GC(288) Eden regions: 284->0(295)
[134.841s][info][gc,heap     ] GC(288) Survivor regions: 1->13(36)
[134.841s][info][gc,heap     ] GC(288) Old regions: 615->591
[134.841s][info][gc,heap     ] GC(288) Humongous regions: 13->13
[134.841s][info][gc,metaspace] GC(288) Metaspace: 18307K(18496K)->18307K(18496K) NonClass: 15642K(15744K)->15642K(15744K) Class: 2665K(2752K)->2665K(2752K)
[134.841s][info][gc          ] GC(288) Pause Young (Normal) (G1 Evacuation Pause) 912M->617M(978M) 59.830ms
[134.841s][info][gc,cpu      ] GC(288) User=0.12s Sys=0.00s Real=0.06s
[135.304s][info][gc,marking  ] GC(287) Concurrent Mark From Roots 1192.989ms
[135.304s][info][gc,marking  ] GC(287) Concurrent Preclean
[135.304s][info][gc,marking  ] GC(287) Concurrent Preclean 0.026ms
[135.304s][info][gc,start    ] GC(287) Pause Remark
[135.311s][info][gc          ] GC(287) Pause Remark 754M->751M(978M) 6.666ms
[135.311s][info][gc,cpu      ] GC(287) User=0.01s Sys=0.00s Real=0.00s
[135.313s][info][gc,marking  ] GC(287) Concurrent Mark 1201.622ms
[135.313s][info][gc,marking  ] GC(287) Concurrent Rebuild Remembered Sets and Scrub Regions
[135.693s][info][gc,start    ] GC(289) Pause Young (Normal) (G1 Evacuation Pause)
[135.693s][info][gc,task     ] GC(289) Using 2 workers of 2 for evacuation
[135.719s][info][gc,phases   ] GC(289)   Pre Evacuate Collection Set: 0.46ms
[135.719s][info][gc,phases   ] GC(289)   Merge Heap Roots: 0.49ms
[135.719s][info][gc,phases   ] GC(289)   Evacuate Collection Set: 24.67ms
[135.719s][info][gc,phases   ] GC(289)   Post Evacuate Collection Set: 0.60ms
[135.719s][info][gc,phases   ] GC(289)   Other: 0.10ms
[135.719s][info][gc,heap     ] GC(289) Eden regions: 295->0(301)
[135.719s][info][gc,heap     ] GC(289) Survivor regions: 13->13(39)
[135.719s][info][gc,heap     ] GC(289) Old regions: 591->591
[135.719s][info][gc,heap     ] GC(289) Humongous regions: 10->10
[135.719s][info][gc,metaspace] GC(289) Metaspace: 18307K(18496K)->18307K(18496K) NonClass: 15642K(15744K)->15642K(15744K) Class: 2665K(2752K)->2665K(2752K)
[135.719s][info][gc          ] GC(289) Pause Young (Normal) (G1 Evacuation Pause) 909M->614M(978M) 26.540ms
[135.719s][info][gc,cpu      ] GC(289) User=0.05s Sys=0.00s Real=0.03s
[135.818s][info][gc,marking  ] GC(287) Concurrent Rebuild Remembered Sets and Scrub Regions 505.787ms
[135.819s][info][gc,start    ] GC(287) Pause Cleanup
[135.819s][info][gc          ] GC(287) Pause Cleanup 661M->661M(978M) 0.083ms
[135.819s][info][gc,cpu      ] GC(287) User=0.00s Sys=0.00s Real=0.00s
[135.820s][info][gc,marking  ] GC(287) Concurrent Clear Claimed Marks
[135.820s][info][gc,marking  ] GC(287) Concurrent Clear Claimed Marks 0.042ms
[135.820s][info][gc,marking  ] GC(287) Concurrent Cleanup for Next Mark
[135.825s][info][gc,marking  ] GC(287) Concurrent Cleanup for Next Mark 4.896ms
[135.825s][info][gc          ] GC(287) Concurrent Mark Cycle 1881.382ms
[136.202s][info][gc,start    ] GC(290) Pause Young (Prepare Mixed) (G1 Evacuation Pause)
[136.202s][info][gc,task     ] GC(290) Using 2 workers of 2 for evacuation
[136.228s][info][gc,phases   ] GC(290)   Pre Evacuate Collection Set: 0.30ms
[136.228s][info][gc,phases   ] GC(290)   Merge Heap Roots: 0.33ms
[136.228s][info][gc,phases   ] GC(290)   Evacuate Collection Set: 25.19ms
[136.228s][info][gc,phases   ] GC(290)   Post Evacuate Collection Set: 0.62ms
[136.228s][info][gc,phases   ] GC(290)   Other: 0.11ms
[136.228s][info][gc,heap     ] GC(290) Eden regions: 301->0(301)
[136.228s][info][gc,heap     ] GC(290) Survivor regions: 13->13(40)
[136.228s][info][gc,heap     ] GC(290) Old regions: 591->591
[136.228s][info][gc,heap     ] GC(290) Humongous regions: 10->10
[136.228s][info][gc,metaspace] GC(290) Metaspace: 18307K(18496K)->18307K(18496K) NonClass: 15642K(15744K)->15642K(15744K) Class: 2665K(2752K)->2665K(2752K)
[136.228s][info][gc          ] GC(290) Pause Young (Prepare Mixed) (G1 Evacuation Pause) 915M->614M(978M) 26.792ms
[136.228s][info][gc,cpu      ] GC(290) User=0.05s Sys=0.00s Real=0.03s
[136.674s][info][gc,start    ] GC(291) Pause Young (Mixed) (G1 Evacuation Pause)
[136.675s][info][gc,task     ] GC(291) Using 2 workers of 2 for evacuation
[136.715s][info][gc,phases   ] GC(291)   Pre Evacuate Collection Set: 0.34ms
[136.715s][info][gc,phases   ] GC(291)   Merge Heap Roots: 0.49ms
[136.715s][info][gc,phases   ] GC(291)   Evacuate Collection Set: 38.96ms
[136.715s][info][gc,phases   ] GC(291)   Post Evacuate Collection Set: 0.62ms
[136.715s][info][gc,phases   ] GC(291)   Other: 0.10ms
[136.715s][info][gc,heap     ] GC(291) Eden regions: 301->0(296)
[136.715s][info][gc,heap     ] GC(291) Survivor regions: 13->19(40)
[136.715s][info][gc,heap     ] GC(291) Old regions: 591->584
[136.715s][info][gc,heap     ] GC(291) Humongous regions: 10->10
[136.715s][info][gc,metaspace] GC(291) Metaspace: 18307K(18496K)->18307K(18496K) NonClass: 15642K(15744K)->15642K(15744K) Class: 2665K(2752K)->2665K(2752K)
[136.715s][info][gc          ] GC(291) Pause Young (Mixed) (G1 Evacuation Pause) 915M->612M(978M) 40.786ms
[136.715s][info][gc,cpu      ] GC(291) User=0.08s Sys=0.00s Real=0.04s
[136.994s][info][gc,start    ] GC(292) Pause Young (Concurrent Start) (G1 Evacuation Pause)
[136.994s][info][gc,task     ] GC(292) Using 2 workers of 2 for evacuation
[137.056s][info][gc,phases   ] GC(292)   Pre Evacuate Collection Set: 0.33ms
[137.056s][info][gc,phases   ] GC(292)   Merge Heap Roots: 0.33ms
[137.056s][info][gc,phases   ] GC(292)   Evacuate Collection Set: 60.75ms
[137.056s][info][gc,phases   ] GC(292)   Post Evacuate Collection Set: 0.64ms
[137.056s][info][gc,phases   ] GC(292)   Other: 0.21ms
[137.057s][info][gc,heap     ] GC(292) Eden regions: 296->0(251)
[137.057s][info][gc,heap     ] GC(292) Survivor regions: 19->40(40)
[137.057s][info][gc,heap     ] GC(292) Old regions: 584->587
[137.057s][info][gc,heap     ] GC(292) Humongous regions: 10->10
[137.057s][info][gc,metaspace] GC(292) Metaspace: 18307K(18496K)->18307K(18496K) NonClass: 15642K(15744K)->15642K(15744K) Class: 2665K(2752K)->2665K(2752K)
[137.057s][info][gc          ] GC(292) Pause Young (Concurrent Start) (G1 Evacuation Pause) 908M->636M(978M) 62.505ms
[137.057s][info][gc          ] GC(293) Concurrent Mark Cycle
[137.057s][info][gc,marking  ] GC(293) Concurrent Scan Root Regions
[137.059s][info][gc,cpu      ] GC(292) User=0.13s Sys=0.00s Real=0.06s
[137.149s][info][gc,marking  ] GC(293) Concurrent Scan Root Regions 92.453ms
[137.149s][info][gc,marking  ] GC(293) Concurrent Mark
[137.149s][info][gc,marking  ] GC(293) Concurrent Mark From Roots
[137.149s][info][gc,task     ] GC(293) Using 1 workers of 1 for marking
[137.626s][info][gc,start    ] GC(294) Pause Young (Normal) (G1 Evacuation Pause)
[137.626s][info][gc,task     ] GC(294) Using 2 workers of 2 for evacuation
[137.685s][info][gc,phases   ] GC(294)   Pre Evacuate Collection Set: 0.28ms
[137.685s][info][gc,phases   ] GC(294)   Merge Heap Roots: 0.30ms
[137.685s][info][gc,phases   ] GC(294)   Evacuate Collection Set: 57.32ms
[137.685s][info][gc,phases   ] GC(294)   Post Evacuate Collection Set: 0.47ms
[137.685s][info][gc,phases   ] GC(294)   Other: 0.08ms
[137.685s][info][gc,heap     ] GC(294) Eden regions: 251->0(273)
[137.685s][info][gc,heap     ] GC(294) Survivor regions: 40->9(37)
[137.685s][info][gc,heap     ] GC(294) Old regions: 587->627
[137.685s][info][gc,heap     ] GC(294) Humongous regions: 10->10
[137.685s][info][gc,metaspace] GC(294) Metaspace: 18307K(18496K)->18307K(18496K) NonClass: 15642K(15744K)->15642K(15744K) Class: 2665K(2752K)->2665K(2752K)
[137.685s][info][gc          ] GC(294) Pause Young (Normal) (G1 Evacuation Pause) 887M->645M(978M) 58.667ms
[137.685s][info][gc,cpu      ] GC(294) User=0.11s Sys=0.00s Real=0.06s
[138.270s][info][gc,marking  ] GC(293) Concurrent Mark From Roots 1121.063ms
[138.270s][info][gc,marking  ] GC(293) Concurrent Preclean
[138.270s][info][gc,marking  ] GC(293) Concurrent Preclean 0.035ms
[138.270s][info][gc,start    ] GC(293) Pause Remark
[138.277s][info][gc          ] GC(293) Pause Remark 807M->711M(978M) 6.729ms
[138.277s][info][gc,cpu      ] GC(293) User=0.01s Sys=0.00s Real=0.01s
[138.277s][info][gc,marking  ] GC(293) Concurrent Mark 1128.138ms
[138.277s][info][gc,marking  ] GC(293) Concurrent Rebuild Remembered Sets and Scrub Regions
[138.581s][info][gc,start    ] GC(295) Pause Young (Normal) (G1 Evacuation Pause)
[138.582s][info][gc,task     ] GC(295) Using 2 workers of 2 for evacuation
[138.596s][info][gc,phases   ] GC(295)   Pre Evacuate Collection Set: 0.50ms
[138.596s][info][gc,phases   ] GC(295)   Merge Heap Roots: 0.31ms
[138.596s][info][gc,phases   ] GC(295)   Evacuate Collection Set: 13.12ms
[138.596s][info][gc,phases   ] GC(295)   Post Evacuate Collection Set: 0.46ms
[138.596s][info][gc,phases   ] GC(295)   Other: 0.11ms
[138.596s][info][gc,heap     ] GC(295) Eden regions: 273->0(359)
[138.596s][info][gc,heap     ] GC(295) Survivor regions: 9->11(36)
[138.596s][info][gc,heap     ] GC(295) Old regions: 534->534
[138.596s][info][gc,heap     ] GC(295) Humongous regions: 7->7
[138.596s][info][gc,metaspace] GC(295) Metaspace: 18307K(18496K)->18307K(18496K) NonClass: 15642K(15744K)->15642K(15744K) Class: 2665K(2752K)->2665K(2752K)
[138.596s][info][gc          ] GC(295) Pause Young (Normal) (G1 Evacuation Pause) 822M->551M(978M) 14.718ms
[138.596s][info][gc,cpu      ] GC(295) User=0.03s Sys=0.00s Real=0.02s
[138.754s][info][gc,marking  ] GC(293) Concurrent Rebuild Remembered Sets and Scrub Regions 476.882ms
[138.755s][info][gc,start    ] GC(293) Pause Cleanup
[138.755s][info][gc          ] GC(293) Pause Cleanup 624M->624M(978M) 0.138ms
[138.755s][info][gc,cpu      ] GC(293) User=0.00s Sys=0.00s Real=0.00s
[138.755s][info][gc,marking  ] GC(293) Concurrent Clear Claimed Marks
[138.755s][info][gc,marking  ] GC(293) Concurrent Clear Claimed Marks 0.046ms
[138.755s][info][gc,marking  ] GC(293) Concurrent Cleanup for Next Mark
[138.760s][info][gc,marking  ] GC(293) Concurrent Cleanup for Next Mark 4.880ms
[138.760s][info][gc          ] GC(293) Concurrent Mark Cycle 1703.545ms
[139.196s][info][gc,start    ] GC(296) Pause Young (Prepare Mixed) (G1 Evacuation Pause)
[139.196s][info][gc,task     ] GC(296) Using 2 workers of 2 for evacuation
[139.222s][info][gc,phases   ] GC(296)   Pre Evacuate Collection Set: 0.51ms
[139.222s][info][gc,phases   ] GC(296)   Merge Heap Roots: 0.22ms
[139.222s][info][gc,phases   ] GC(296)   Evacuate Collection Set: 24.96ms
[139.222s][info][gc,phases   ] GC(296)   Post Evacuate Collection Set: 0.54ms
[139.222s][info][gc,phases   ] GC(296)   Other: 0.12ms
[139.222s][info][gc,heap     ] GC(296) Eden regions: 359->0(341)
[139.222s][info][gc,heap     ] GC(296) Survivor regions: 11->23(47)
[139.222s][info][gc,heap     ] GC(296) Old regions: 534->534
[139.222s][info][gc,heap     ] GC(296) Humongous regions: 7->7
[139.222s][info][gc,metaspace] GC(296) Metaspace: 18307K(18496K)->18307K(18496K) NonClass: 15642K(15744K)->15642K(15744K) Class: 2665K(2752K)->2665K(2752K)
[139.222s][info][gc          ] GC(296) Pause Young (Prepare Mixed) (G1 Evacuation Pause) 910M->564M(978M) 26.598ms
[139.222s][info][gc,cpu      ] GC(296) User=0.05s Sys=0.00s Real=0.02s
[139.651s][info][gc,start    ] GC(297) Pause Young (Mixed) (G1 Evacuation Pause)
[139.651s][info][gc,task     ] GC(297) Using 2 workers of 2 for evacuation
[139.762s][info][gc,phases   ] GC(297)   Pre Evacuate Collection Set: 0.54ms
[139.762s][info][gc,phases   ] GC(297)   Merge Heap Roots: 0.26ms
[139.762s][info][gc,phases   ] GC(297)   Evacuate Collection Set: 103.41ms
[139.762s][info][gc,phases   ] GC(297)   Post Evacuate Collection Set: 6.29ms
[139.762s][info][gc,phases   ] GC(297)   Other: 0.11ms
[139.762s][info][gc,heap     ] GC(297) Eden regions: 341->0(261)
[139.762s][info][gc,heap     ] GC(297) Survivor regions: 23->46(46)
[139.762s][info][gc,heap     ] GC(297) Old regions: 534->565
[139.762s][info][gc,heap     ] GC(297) Humongous regions: 10->10
[139.762s][info][gc,metaspace] GC(297) Metaspace: 18308K(18496K)->18308K(18496K) NonClass: 15643K(15744K)->15643K(15744K) Class: 2665K(2752K)->2665K(2752K)
[139.762s][info][gc          ] GC(297) Pause Young (Mixed) (G1 Evacuation Pause) (Evacuation Failure: Allocation) 908M->621M(978M) 110.927ms
[139.762s][info][gc,cpu      ] GC(297) User=0.22s Sys=0.00s Real=0.11s
[140.166s][info][gc,start    ] GC(298) Pause Young (Concurrent Start) (G1 Evacuation Pause)
[140.166s][info][gc,task     ] GC(298) Using 2 workers of 2 for evacuation
[140.229s][info][gc,phases   ] GC(298)   Pre Evacuate Collection Set: 0.33ms
[140.229s][info][gc,phases   ] GC(298)   Merge Heap Roots: 0.53ms
[140.229s][info][gc,phases   ] GC(298)   Evacuate Collection Set: 61.46ms
[140.229s][info][gc,phases   ] GC(298)   Post Evacuate Collection Set: 0.54ms
[140.229s][info][gc,phases   ] GC(298)   Other: 0.10ms
[140.229s][info][gc,heap     ] GC(298) Eden regions: 261->0(310)
[140.229s][info][gc,heap     ] GC(298) Survivor regions: 46->1(39)
[140.230s][info][gc,heap     ] GC(298) Old regions: 565->580
[140.230s][info][gc,heap     ] GC(298) Humongous regions: 10->10
[140.230s][info][gc,metaspace] GC(298) Metaspace: 18308K(18496K)->18308K(18496K) NonClass: 15643K(15744K)->15643K(15744K) Class: 2665K(2752K)->2665K(2752K)
[140.230s][info][gc          ] GC(298) Pause Young (Concurrent Start) (G1 Evacuation Pause) 882M->591M(978M) 63.197ms
[140.230s][info][gc          ] GC(299) Concurrent Mark Cycle
[140.230s][info][gc,marking  ] GC(299) Concurrent Scan Root Regions
[140.230s][info][gc,cpu      ] GC(298) User=0.12s Sys=0.00s Real=0.06s
[140.309s][info][gc,marking  ] GC(299) Concurrent Scan Root Regions 79.057ms
[140.309s][info][gc,marking  ] GC(299) Concurrent Mark
[140.309s][info][gc,marking  ] GC(299) Concurrent Mark From Roots
[140.309s][info][gc,task     ] GC(299) Using 1 workers of 1 for marking
[141.259s][info][gc,start    ] GC(300) Pause Young (Normal) (G1 Evacuation Pause)
[141.260s][info][gc,task     ] GC(300) Using 2 workers of 2 for evacuation
[141.261s][info][gc,phases   ] GC(300)   Pre Evacuate Collection Set: 0.28ms
[141.261s][info][gc,phases   ] GC(300)   Merge Heap Roots: 0.11ms
[141.261s][info][gc,phases   ] GC(300)   Evacuate Collection Set: 0.23ms
[141.261s][info][gc,phases   ] GC(300)   Post Evacuate Collection Set: 0.44ms
[141.261s][info][gc,phases   ] GC(300)   Other: 0.09ms
[141.261s][info][gc,heap     ] GC(300) Eden regions: 310->0(324)
[141.261s][info][gc,heap     ] GC(300) Survivor regions: 1->1(39)
[141.261s][info][gc,heap     ] GC(300) Old regions: 580->580
[141.261s][info][gc,heap     ] GC(300) Humongous regions: 10->10
[141.261s][info][gc,metaspace] GC(300) Metaspace: 18308K(18496K)->18308K(18496K) NonClass: 15643K(15744K)->15643K(15744K) Class: 2665K(2752K)->2665K(2752K)
[141.261s][info][gc          ] GC(300) Pause Young (Normal) (G1 Evacuation Pause) 901M->591M(978M) 1.322ms
[141.261s][info][gc,cpu      ] GC(300) User=0.00s Sys=0.00s Real=0.00s
[141.432s][info][gc,marking  ] GC(299) Concurrent Mark From Roots 1122.869ms
[141.432s][info][gc,marking  ] GC(299) Concurrent Preclean
[141.432s][info][gc,marking  ] GC(299) Concurrent Preclean 0.025ms
[141.432s][info][gc,start    ] GC(299) Pause Remark
[141.439s][info][gc          ] GC(299) Pause Remark 646M->499M(978M) 6.835ms
[141.439s][info][gc,cpu      ] GC(299) User=0.01s Sys=0.00s Real=0.01s
[141.439s][info][gc,marking  ] GC(299) Concurrent Mark 1130.240ms
[141.439s][info][gc,marking  ] GC(299) Concurrent Rebuild Remembered Sets and Scrub Regions
[141.837s][info][gc,marking  ] GC(299) Concurrent Rebuild Remembered Sets and Scrub Regions 397.761ms
[141.837s][info][gc,start    ] GC(299) Pause Cleanup
[141.837s][info][gc          ] GC(299) Pause Cleanup 694M->694M(978M) 0.122ms
[141.837s][info][gc,cpu      ] GC(299) User=0.00s Sys=0.00s Real=0.00s
[141.837s][info][gc,marking  ] GC(299) Concurrent Clear Claimed Marks
[141.837s][info][gc,marking  ] GC(299) Concurrent Clear Claimed Marks 0.034ms
[141.837s][info][gc,marking  ] GC(299) Concurrent Cleanup for Next Mark
[141.844s][info][gc,marking  ] GC(299) Concurrent Cleanup for Next Mark 6.645ms
[141.844s][info][gc          ] GC(299) Concurrent Mark Cycle 1614.306ms
[141.962s][info][gc,start    ] GC(301) Pause Young (Prepare Mixed) (G1 Evacuation Pause)
[141.962s][info][gc,task     ] GC(301) Using 2 workers of 2 for evacuation
[141.963s][info][gc,phases   ] GC(301)   Pre Evacuate Collection Set: 0.50ms
[141.963s][info][gc,phases   ] GC(301)   Merge Heap Roots: 0.11ms
[141.963s][info][gc,phases   ] GC(301)   Evacuate Collection Set: 0.25ms
[141.963s][info][gc,phases   ] GC(301)   Post Evacuate Collection Set: 0.46ms
[141.963s][info][gc,phases   ] GC(301)   Other: 0.08ms
[141.963s][info][gc,heap     ] GC(301) Eden regions: 324->0(460)
[141.964s][info][gc,heap     ] GC(301) Survivor regions: 1->1(41)
[141.964s][info][gc,heap     ] GC(301) Old regions: 436->436
[141.964s][info][gc,heap     ] GC(301) Humongous regions: 7->7
[141.964s][info][gc,metaspace] GC(301) Metaspace: 18308K(18496K)->18308K(18496K) NonClass: 15643K(15744K)->15643K(15744K) Class: 2665K(2752K)->2665K(2752K)
[141.964s][info][gc          ] GC(301) Pause Young (Prepare Mixed) (G1 Evacuation Pause) 768M->443M(978M) 1.590ms
[141.964s][info][gc,cpu      ] GC(301) User=0.00s Sys=0.00s Real=0.01s
[142.367s][info][gc,start    ] GC(302) Pause Young (Mixed) (G1 Evacuation Pause)
[142.367s][info][gc,task     ] GC(302) Using 2 workers of 2 for evacuation
[142.434s][info][gc,phases   ] GC(302)   Pre Evacuate Collection Set: 0.30ms
[142.434s][info][gc,phases   ] GC(302)   Merge Heap Roots: 0.42ms
[142.434s][info][gc,phases   ] GC(302)   Evacuate Collection Set: 65.06ms
[142.434s][info][gc,phases   ] GC(302)   Post Evacuate Collection Set: 0.67ms
[142.434s][info][gc,phases   ] GC(302)   Other: 0.11ms
[142.434s][info][gc,heap     ] GC(302) Eden regions: 460->0(375)
[142.434s][info][gc,heap     ] GC(302) Survivor regions: 1->54(58)
[142.434s][info][gc,heap     ] GC(302) Old regions: 436->421
[142.434s][info][gc,heap     ] GC(302) Humongous regions: 7->7
[142.434s][info][gc,metaspace] GC(302) Metaspace: 18308K(18496K)->18308K(18496K) NonClass: 15643K(15744K)->15643K(15744K) Class: 2665K(2752K)->2665K(2752K)
[142.434s][info][gc          ] GC(302) Pause Young (Mixed) (G1 Evacuation Pause) 903M->481M(978M) 66.846ms
[142.434s][info][gc,cpu      ] GC(302) User=0.13s Sys=0.00s Real=0.07s
[142.739s][info][gc,start    ] GC(303) Pause Young (Concurrent Start) (G1 Evacuation Pause)
[142.739s][info][gc,task     ] GC(303) Using 2 workers of 2 for evacuation
[142.849s][info][gc,phases   ] GC(303)   Pre Evacuate Collection Set: 0.32ms
[142.849s][info][gc,phases   ] GC(303)   Merge Heap Roots: 0.33ms
[142.849s][info][gc,phases   ] GC(303)   Evacuate Collection Set: 108.83ms
[142.849s][info][gc,phases   ] GC(303)   Post Evacuate Collection Set: 0.66ms
[142.849s][info][gc,phases   ] GC(303)   Other: 0.19ms
[142.849s][info][gc,heap     ] GC(303) Eden regions: 387->0(341)
[142.849s][info][gc,heap     ] GC(303) Survivor regions: 54->53(56)
[142.849s][info][gc,heap     ] GC(303) Old regions: 421->474
[142.849s][info][gc,heap     ] GC(303) Humongous regions: 7->7
[142.849s][info][gc,metaspace] GC(303) Metaspace: 18308K(18496K)->18308K(18496K) NonClass: 15643K(15744K)->15643K(15744K) Class: 2665K(2752K)->2665K(2752K)
[142.849s][info][gc          ] GC(303) Pause Young (Concurrent Start) (G1 Evacuation Pause) 868M->534M(978M) 110.576ms
[142.849s][info][gc,cpu      ] GC(303) User=0.22s Sys=0.00s Real=0.11s
[142.851s][info][gc          ] GC(304) Concurrent Mark Cycle
[142.851s][info][gc,marking  ] GC(304) Concurrent Scan Root Regions
[143.042s][info][gc,marking  ] GC(304) Concurrent Scan Root Regions 191.227ms
[143.042s][info][gc,marking  ] GC(304) Concurrent Mark
[143.042s][info][gc,marking  ] GC(304) Concurrent Mark From Roots
[143.042s][info][gc,task     ] GC(304) Using 1 workers of 1 for marking
[143.462s][info][gc,start    ] GC(305) Pause Young (Normal) (G1 Evacuation Pause)
[143.462s][info][gc,task     ] GC(305) Using 2 workers of 2 for evacuation
[143.530s][info][gc,phases   ] GC(305)   Pre Evacuate Collection Set: 0.50ms
[143.530s][info][gc,phases   ] GC(305)   Merge Heap Roots: 0.36ms
[143.530s][info][gc,phases   ] GC(305)   Evacuate Collection Set: 66.28ms
[143.530s][info][gc,phases   ] GC(305)   Post Evacuate Collection Set: 0.59ms
[143.530s][info][gc,phases   ] GC(305)   Other: 0.11ms
[143.530s][info][gc,heap     ] GC(305) Eden regions: 341->0(347)
[143.530s][info][gc,heap     ] GC(305) Survivor regions: 53->11(50)
[143.530s][info][gc,heap     ] GC(305) Old regions: 474->527
[143.530s][info][gc,heap     ] GC(305) Humongous regions: 7->7
[143.530s][info][gc,metaspace] GC(305) Metaspace: 18310K(18496K)->18310K(18496K) NonClass: 15645K(15744K)->15645K(15744K) Class: 2665K(2752K)->2665K(2752K)
[143.530s][info][gc          ] GC(305) Pause Young (Normal) (G1 Evacuation Pause) 875M->544M(978M) 68.037ms
[143.530s][info][gc,cpu      ] GC(305) User=0.14s Sys=0.00s Real=0.07s
[143.693s][info][gc,marking  ] GC(304) Concurrent Mark From Roots 650.661ms
[143.693s][info][gc,marking  ] GC(304) Concurrent Preclean
[143.693s][info][gc,marking  ] GC(304) Concurrent Preclean 0.029ms
[143.695s][info][gc,start    ] GC(304) Pause Remark
[143.702s][info][gc          ] GC(304) Pause Remark 641M->562M(978M) 6.713ms
[143.702s][info][gc,cpu      ] GC(304) User=0.01s Sys=0.00s Real=0.00s
[143.702s][info][gc,marking  ] GC(304) Concurrent Mark 659.554ms
[143.702s][info][gc,marking  ] GC(304) Concurrent Rebuild Remembered Sets and Scrub Regions
[144.112s][info][gc,start    ] GC(306) Pause Young (Normal) (G1 Evacuation Pause)
[144.112s][info][gc,task     ] GC(306) Using 2 workers of 2 for evacuation
[144.147s][info][gc,phases   ] GC(306)   Pre Evacuate Collection Set: 0.48ms
[144.147s][info][gc,phases   ] GC(306)   Merge Heap Roots: 0.45ms
[144.147s][info][gc,phases   ] GC(306)   Evacuate Collection Set: 33.70ms
[144.147s][info][gc,phases   ] GC(306)   Post Evacuate Collection Set: 0.69ms
[144.147s][info][gc,phases   ] GC(306)   Other: 0.08ms
[144.147s][info][gc,heap     ] GC(306) Eden regions: 347->0(408)
[144.147s][info][gc,heap     ] GC(306) Survivor regions: 11->21(45)
[144.147s][info][gc,heap     ] GC(306) Old regions: 450->450
[144.147s][info][gc,heap     ] GC(306) Humongous regions: 5->5
[144.147s][info][gc,metaspace] GC(306) Metaspace: 18310K(18496K)->18310K(18496K) NonClass: 15645K(15744K)->15645K(15744K) Class: 2665K(2752K)->2665K(2752K)
[144.147s][info][gc          ] GC(306) Pause Young (Normal) (G1 Evacuation Pause) 812M->475M(978M) 35.618ms
[144.147s][info][gc,cpu      ] GC(306) User=0.07s Sys=0.00s Real=0.04s
[144.258s][info][gc,marking  ] GC(304) Concurrent Rebuild Remembered Sets and Scrub Regions 556.487ms
[144.259s][info][gc,start    ] GC(304) Pause Cleanup
[144.259s][info][gc          ] GC(304) Pause Cleanup 532M->532M(978M) 0.110ms
[144.259s][info][gc,cpu      ] GC(304) User=0.00s Sys=0.00s Real=0.00s
[144.259s][info][gc,marking  ] GC(304) Concurrent Clear Claimed Marks
[144.259s][info][gc,marking  ] GC(304) Concurrent Clear Claimed Marks 0.036ms
[144.259s][info][gc,marking  ] GC(304) Concurrent Cleanup for Next Mark
[144.262s][info][gc,marking  ] GC(304) Concurrent Cleanup for Next Mark 2.858ms
[144.262s][info][gc          ] GC(304) Concurrent Mark Cycle 1411.169ms
[144.701s][info][gc,start    ] GC(307) Pause Young (Prepare Mixed) (G1 Evacuation Pause)
[144.701s][info][gc,task     ] GC(307) Using 2 workers of 2 for evacuation
[144.816s][info][gc,phases   ] GC(307)   Pre Evacuate Collection Set: 0.32ms
[144.816s][info][gc,phases   ] GC(307)   Merge Heap Roots: 0.51ms
[144.816s][info][gc,phases   ] GC(307)   Evacuate Collection Set: 107.27ms
[144.816s][info][gc,phases   ] GC(307)   Post Evacuate Collection Set: 6.58ms
[144.816s][info][gc,phases   ] GC(307)   Other: 0.09ms
[144.816s][info][gc,heap     ] GC(307) Eden regions: 408->0(169)
[144.816s][info][gc,heap     ] GC(307) Survivor regions: 21->54(54)
[144.816s][info][gc,heap     ] GC(307) Old regions: 450->646
[144.816s][info][gc,heap     ] GC(307) Humongous regions: 5->5
[144.816s][info][gc,metaspace] GC(307) Metaspace: 18317K(18496K)->18317K(18496K) NonClass: 15652K(15744K)->15652K(15744K) Class: 2665K(2752K)->2665K(2752K)
[144.816s][info][gc          ] GC(307) Pause Young (Prepare Mixed) (G1 Evacuation Pause) (Evacuation Failure: Allocation) 883M->705M(978M) 115.056ms
[144.816s][info][gc,cpu      ] GC(307) User=0.22s Sys=0.00s Real=0.12s
[145.015s][info][gc,start    ] GC(308) Pause Young (Mixed) (G1 Evacuation Pause)
[145.015s][info][gc,task     ] GC(308) Using 2 workers of 2 for evacuation
[145.161s][info][gc,phases   ] GC(308)   Pre Evacuate Collection Set: 0.58ms
[145.161s][info][gc,phases   ] GC(308)   Merge Heap Roots: 1.40ms
[145.161s][info][gc,phases   ] GC(308)   Evacuate Collection Set: 133.87ms
[145.161s][info][gc,phases   ] GC(308)   Merge Optional Heap Roots: 0.15ms
[145.161s][info][gc,phases   ] GC(308)   Evacuate Optional Collection Set: 8.45ms
[145.161s][info][gc,phases   ] GC(308)   Post Evacuate Collection Set: 1.44ms
[145.161s][info][gc,phases   ] GC(308)   Other: 0.16ms
[145.161s][info][gc,heap     ] GC(308) Eden regions: 169->0(335)
[145.161s][info][gc,heap     ] GC(308) Survivor regions: 54->9(28)
[145.161s][info][gc,heap     ] GC(308) Old regions: 646->511
[145.161s][info][gc,heap     ] GC(308) Humongous regions: 5->5
[145.161s][info][gc,metaspace] GC(308) Metaspace: 18317K(18496K)->18317K(18496K) NonClass: 15652K(15744K)->15652K(15744K) Class: 2665K(2752K)->2665K(2752K)
[145.161s][info][gc          ] GC(308) Pause Young (Mixed) (G1 Evacuation Pause) 874M->524M(978M) 146.340ms
[145.161s][info][gc,cpu      ] GC(308) User=0.29s Sys=0.00s Real=0.14s
[145.602s][info][gc,start    ] GC(309) Pause Young (Mixed) (G1 Evacuation Pause)
[145.602s][info][gc,task     ] GC(309) Using 2 workers of 2 for evacuation
[145.718s][info][gc,phases   ] GC(309)   Pre Evacuate Collection Set: 0.29ms
[145.719s][info][gc,phases   ] GC(309)   Merge Heap Roots: 1.35ms
[145.719s][info][gc,phases   ] GC(309)   Evacuate Collection Set: 114.50ms
[145.719s][info][gc,phases   ] GC(309)   Post Evacuate Collection Set: 0.55ms
[145.719s][info][gc,phases   ] GC(309)   Other: 0.09ms
[145.719s][info][gc,heap     ] GC(309) Eden regions: 311->0(349)
[145.719s][info][gc,heap     ] GC(309) Survivor regions: 9->11(40)
[145.719s][info][gc,heap     ] GC(309) Old regions: 511->510
[145.719s][info][gc,heap     ] GC(309) Humongous regions: 5->5
[145.719s][info][gc,metaspace] GC(309) Metaspace: 18317K(18496K)->18317K(18496K) NonClass: 15652K(15744K)->15652K(15744K) Class: 2665K(2752K)->2665K(2752K)
[145.719s][info][gc          ] GC(309) Pause Young (Mixed) (G1 Evacuation Pause) 835M->525M(978M) 116.999ms
[145.719s][info][gc,cpu      ] GC(309) User=0.23s Sys=0.00s Real=0.12s
[146.001s][info][gc,start    ] GC(310) Pause Young (Concurrent Start) (G1 Humongous Allocation)
[146.001s][info][gc,task     ] GC(310) Using 2 workers of 2 for evacuation
[146.031s][info][gc,phases   ] GC(310)   Pre Evacuate Collection Set: 0.30ms
[146.032s][info][gc,phases   ] GC(310)   Merge Heap Roots: 0.50ms
[146.032s][info][gc,phases   ] GC(310)   Evacuate Collection Set: 29.40ms
[146.032s][info][gc,phases   ] GC(310)   Post Evacuate Collection Set: 0.57ms
[146.032s][info][gc,phases   ] GC(310)   Other: 0.11ms
[146.032s][info][gc,heap     ] GC(310) Eden regions: 203->0(356)
[146.032s][info][gc,heap     ] GC(310) Survivor regions: 11->18(45)
[146.032s][info][gc,heap     ] GC(310) Old regions: 510->510
[146.032s][info][gc,heap     ] GC(310) Humongous regions: 5->5
[146.032s][info][gc,metaspace] GC(310) Metaspace: 18323K(18496K)->18323K(18496K) NonClass: 15658K(15744K)->15658K(15744K) Class: 2665K(2752K)->2665K(2752K)
[146.032s][info][gc          ] GC(310) Pause Young (Concurrent Start) (G1 Humongous Allocation) 728M->532M(978M) 31.092ms
[146.032s][info][gc,cpu      ] GC(310) User=0.06s Sys=0.00s Real=0.03s
[146.032s][info][gc          ] GC(311) Concurrent Mark Cycle
[146.032s][info][gc,marking  ] GC(311) Concurrent Scan Root Regions
[146.077s][info][gc,marking  ] GC(311) Concurrent Scan Root Regions 45.240ms
[146.077s][info][gc,marking  ] GC(311) Concurrent Mark
[146.077s][info][gc,marking  ] GC(311) Concurrent Mark From Roots
[146.077s][info][gc,task     ] GC(311) Using 1 workers of 1 for marking
[146.941s][info][gc,start    ] GC(312) Pause Young (Normal) (G1 Evacuation Pause)
[146.941s][info][gc,task     ] GC(312) Using 2 workers of 2 for evacuation
[147.027s][info][gc,phases   ] GC(312)   Pre Evacuate Collection Set: 0.52ms
[147.027s][info][gc,phases   ] GC(312)   Merge Heap Roots: 0.47ms
[147.027s][info][gc,phases   ] GC(312)   Evacuate Collection Set: 84.27ms
[147.027s][info][gc,phases   ] GC(312)   Post Evacuate Collection Set: 0.77ms
[147.027s][info][gc,phases   ] GC(312)   Other: 0.10ms
[147.027s][info][gc,heap     ] GC(312) Eden regions: 356->0(303)
[147.027s][info][gc,heap     ] GC(312) Survivor regions: 18->47(47)
[147.027s][info][gc,heap     ] GC(312) Old regions: 510->523
[147.027s][info][gc,heap     ] GC(312) Humongous regions: 8->8
[147.027s][info][gc,metaspace] GC(312) Metaspace: 18328K(18496K)->18328K(18496K) NonClass: 15663K(15744K)->15663K(15744K) Class: 2665K(2752K)->2665K(2752K)
[147.027s][info][gc          ] GC(312) Pause Young (Normal) (G1 Evacuation Pause) 891M->577M(978M) 86.396ms
[147.027s][info][gc,cpu      ] GC(312) User=0.17s Sys=0.00s Real=0.09s
[147.567s][info][gc,marking  ] GC(311) Concurrent Mark From Roots 1489.945ms
[147.567s][info][gc,marking  ] GC(311) Concurrent Preclean
[147.567s][info][gc,marking  ] GC(311) Concurrent Preclean 0.038ms
[147.567s][info][gc,start    ] GC(311) Pause Remark
[147.574s][info][gc          ] GC(311) Pause Remark 830M->830M(978M) 6.577ms
[147.574s][info][gc,cpu      ] GC(311) User=0.01s Sys=0.00s Real=0.01s
[147.575s][info][gc,marking  ] GC(311) Concurrent Mark 1497.957ms
[147.575s][info][gc,marking  ] GC(311) Concurrent Rebuild Remembered Sets and Scrub Regions
[147.626s][info][gc,start    ] GC(313) Pause Young (Normal) (G1 Evacuation Pause)
[147.626s][info][gc,task     ] GC(313) Using 2 workers of 2 for evacuation
[147.700s][info][gc,phases   ] GC(313)   Pre Evacuate Collection Set: 0.26ms
[147.700s][info][gc,phases   ] GC(313)   Merge Heap Roots: 0.48ms
[147.700s][info][gc,phases   ] GC(313)   Evacuate Collection Set: 72.19ms
[147.700s][info][gc,phases   ] GC(313)   Post Evacuate Collection Set: 0.78ms
[147.700s][info][gc,phases   ] GC(313)   Other: 0.10ms
[147.700s][info][gc,heap     ] GC(313) Eden regions: 303->0(318)
[147.700s][info][gc,heap     ] GC(313) Survivor regions: 47->6(44)
[147.700s][info][gc,heap     ] GC(313) Old regions: 523->570
[147.700s][info][gc,heap     ] GC(313) Humongous regions: 8->8
[147.700s][info][gc,metaspace] GC(313) Metaspace: 18334K(18496K)->18334K(18496K) NonClass: 15669K(15744K)->15669K(15744K) Class: 2665K(2752K)->2665K(2752K)
[147.700s][info][gc          ] GC(313) Pause Young (Normal) (G1 Evacuation Pause) 880M->583M(978M) 74.021ms
[147.700s][info][gc,cpu      ] GC(313) User=0.14s Sys=0.01s Real=0.07s
[148.188s][info][gc,start    ] GC(314) Pause Young (Normal) (G1 Evacuation Pause)
[148.189s][info][gc,task     ] GC(314) Using 2 workers of 2 for evacuation
[148.219s][info][gc,phases   ] GC(314)   Pre Evacuate Collection Set: 0.47ms
[148.219s][info][gc,phases   ] GC(314)   Merge Heap Roots: 0.54ms
[148.219s][info][gc,phases   ] GC(314)   Evacuate Collection Set: 28.63ms
[148.219s][info][gc,phases   ] GC(314)   Post Evacuate Collection Set: 0.64ms
[148.219s][info][gc,phases   ] GC(314)   Other: 0.11ms
[148.219s][info][gc,heap     ] GC(314) Eden regions: 318->0(320)
[148.219s][info][gc,heap     ] GC(314) Survivor regions: 6->13(41)
[148.219s][info][gc,heap     ] GC(314) Old regions: 570->570
[148.219s][info][gc,heap     ] GC(314) Humongous regions: 8->8
[148.219s][info][gc,metaspace] GC(314) Metaspace: 18336K(18496K)->18336K(18496K) NonClass: 15671K(15744K)->15671K(15744K) Class: 2665K(2752K)->2665K(2752K)
[148.219s][info][gc          ] GC(314) Pause Young (Normal) (G1 Evacuation Pause) 901M->591M(978M) 30.594ms
[148.219s][info][gc,cpu      ] GC(314) User=0.06s Sys=0.00s Real=0.03s
[148.343s][info][gc,marking  ] GC(311) Concurrent Rebuild Remembered Sets and Scrub Regions 767.523ms
[148.343s][info][gc,start    ] GC(311) Pause Cleanup
[148.343s][info][gc          ] GC(311) Pause Cleanup 663M->663M(978M) 0.113ms
[148.343s][info][gc,cpu      ] GC(311) User=0.00s Sys=0.00s Real=0.00s
[148.343s][info][gc,marking  ] GC(311) Concurrent Clear Claimed Marks
[148.343s][info][gc,marking  ] GC(311) Concurrent Clear Claimed Marks 0.042ms
[148.343s][info][gc,marking  ] GC(311) Concurrent Cleanup for Next Mark
[148.346s][info][gc,marking  ] GC(311) Concurrent Cleanup for Next Mark 2.816ms
[148.346s][info][gc          ] GC(311) Concurrent Mark Cycle 2314.133ms
[149.021s][info][gc,start    ] GC(315) Pause Young (Prepare Mixed) (G1 Evacuation Pause)
[149.021s][info][gc,task     ] GC(315) Using 2 workers of 2 for evacuation
[149.055s][info][gc,phases   ] GC(315)   Pre Evacuate Collection Set: 0.53ms
[149.055s][info][gc,phases   ] GC(315)   Merge Heap Roots: 0.57ms
[149.055s][info][gc,phases   ] GC(315)   Evacuate Collection Set: 32.61ms
[149.055s][info][gc,phases   ] GC(315)   Post Evacuate Collection Set: 0.73ms
[149.055s][info][gc,phases   ] GC(315)   Other: 0.08ms
[149.055s][info][gc,heap     ] GC(315) Eden regions: 320->0(316)
[149.055s][info][gc,heap     ] GC(315) Survivor regions: 13->17(42)
[149.055s][info][gc,heap     ] GC(315) Old regions: 570->570
[149.055s][info][gc,heap     ] GC(315) Humongous regions: 8->8
[149.055s][info][gc,metaspace] GC(315) Metaspace: 18344K(18496K)->18344K(18496K) NonClass: 15679K(15744K)->15679K(15744K) Class: 2665K(2752K)->2665K(2752K)
[149.055s][info][gc          ] GC(315) Pause Young (Prepare Mixed) (G1 Evacuation Pause) 911M->594M(978M) 34.751ms
[149.055s][info][gc,cpu      ] GC(315) User=0.07s Sys=0.00s Real=0.04s
[149.711s][info][gc,start    ] GC(316) Pause Young (Mixed) (G1 Evacuation Pause)
[149.711s][info][gc,task     ] GC(316) Using 2 workers of 2 for evacuation
[149.775s][info][gc,phases   ] GC(316)   Pre Evacuate Collection Set: 0.46ms
[149.775s][info][gc,phases   ] GC(316)   Merge Heap Roots: 0.78ms
[149.775s][info][gc,phases   ] GC(316)   Evacuate Collection Set: 62.33ms
[149.775s][info][gc,phases   ] GC(316)   Post Evacuate Collection Set: 0.78ms
[149.775s][info][gc,phases   ] GC(316)   Other: 0.09ms
[149.775s][info][gc,heap     ] GC(316) Eden regions: 316->0(218)
[149.775s][info][gc,heap     ] GC(316) Survivor regions: 17->34(42)
[149.775s][info][gc,heap     ] GC(316) Old regions: 570->564
[149.775s][info][gc,heap     ] GC(316) Humongous regions: 8->8
[149.775s][info][gc,metaspace] GC(316) Metaspace: 18344K(18496K)->18344K(18496K) NonClass: 15679K(15744K)->15679K(15744K) Class: 2665K(2752K)->2665K(2752K)
[149.775s][info][gc          ] GC(316) Pause Young (Mixed) (G1 Evacuation Pause) 910M->605M(978M) 64.650ms
[149.775s][info][gc,cpu      ] GC(316) User=0.13s Sys=0.00s Real=0.07s
[151.124s][info][gc,start    ] GC(317) Pause Young (Mixed) (G1 Evacuation Pause)
[151.124s][info][gc,task     ] GC(317) Using 2 workers of 2 for evacuation
[151.289s][info][gc,phases   ] GC(317)   Pre Evacuate Collection Set: 0.30ms
[151.290s][info][gc,phases   ] GC(317)   Merge Heap Roots: 1.29ms
[151.290s][info][gc,phases   ] GC(317)   Evacuate Collection Set: 163.47ms
[151.290s][info][gc,phases   ] GC(317)   Post Evacuate Collection Set: 0.44ms
[151.290s][info][gc,phases   ] GC(317)   Other: 0.09ms
[151.290s][info][gc,heap     ] GC(317) Eden regions: 223->0(315)
[151.290s][info][gc,heap     ] GC(317) Survivor regions: 34->3(33)
[151.290s][info][gc,heap     ] GC(317) Old regions: 564->597
[151.290s][info][gc,heap     ] GC(317) Humongous regions: 8->8
[151.290s][info][gc,metaspace] GC(317) Metaspace: 18346K(18496K)->18346K(18496K) NonClass: 15681K(15744K)->15681K(15744K) Class: 2665K(2752K)->2665K(2752K)
[151.290s][info][gc          ] GC(317) Pause Young (Mixed) (G1 Evacuation Pause) 828M->607M(978M) 165.826ms
[151.290s][info][gc,cpu      ] GC(317) User=0.33s Sys=0.00s Real=0.16s
[152.421s][info][gc,start    ] GC(318) Pause Young (Concurrent Start) (G1 Evacuation Pause)
[152.421s][info][gc,task     ] GC(318) Using 2 workers of 2 for evacuation
[152.426s][info][gc,phases   ] GC(318)   Pre Evacuate Collection Set: 0.31ms
[152.426s][info][gc,phases   ] GC(318)   Merge Heap Roots: 0.14ms
[152.426s][info][gc,phases   ] GC(318)   Evacuate Collection Set: 3.61ms
[152.426s][info][gc,phases   ] GC(318)   Post Evacuate Collection Set: 0.48ms
[152.426s][info][gc,phases   ] GC(318)   Other: 0.12ms
[152.426s][info][gc,heap     ] GC(318) Eden regions: 315->0(317)
[152.426s][info][gc,heap     ] GC(318) Survivor regions: 3->3(40)
[152.426s][info][gc,heap     ] GC(318) Old regions: 597->597
[152.426s][info][gc,heap     ] GC(318) Humongous regions: 8->8
[152.426s][info][gc,metaspace] GC(318) Metaspace: 18456K(18688K)->18456K(18688K) NonClass: 15791K(15936K)->15791K(15936K) Class: 2665K(2752K)->2665K(2752K)
[152.426s][info][gc          ] GC(318) Pause Young (Concurrent Start) (G1 Evacuation Pause) 921M->607M(978M) 4.893ms
[152.426s][info][gc          ] GC(319) Concurrent Mark Cycle
[152.426s][info][gc,marking  ] GC(319) Concurrent Scan Root Regions
[152.428s][info][gc,cpu      ] GC(318) User=0.01s Sys=0.00s Real=0.01s
[152.429s][info][gc,marking  ] GC(319) Concurrent Scan Root Regions 3.397ms
[152.429s][info][gc,marking  ] GC(319) Concurrent Mark
[152.429s][info][gc,marking  ] GC(319) Concurrent Mark From Roots
[152.429s][info][gc,task     ] GC(319) Using 1 workers of 1 for marking
[153.043s][info][gc,start    ] GC(320) Pause Young (Normal) (G1 Evacuation Pause)
[153.043s][info][gc,task     ] GC(320) Using 2 workers of 2 for evacuation
[153.128s][info][gc,phases   ] GC(320)   Pre Evacuate Collection Set: 0.28ms
[153.128s][info][gc,phases   ] GC(320)   Merge Heap Roots: 0.15ms
[153.128s][info][gc,phases   ] GC(320)   Evacuate Collection Set: 74.45ms
[153.128s][info][gc,phases   ] GC(320)   Post Evacuate Collection Set: 9.13ms
[153.128s][info][gc,phases   ] GC(320)   Other: 0.10ms
[153.128s][info][gc,heap     ] GC(320) Eden regions: 317->0(122)
[153.128s][info][gc,heap     ] GC(320) Survivor regions: 3->40(40)
[153.128s][info][gc,heap     ] GC(320) Old regions: 597->718
[153.128s][info][gc,heap     ] GC(320) Humongous regions: 8->8
[153.128s][info][gc,metaspace] GC(320) Metaspace: 18489K(18688K)->18489K(18688K) NonClass: 15824K(15936K)->15824K(15936K) Class: 2665K(2752K)->2665K(2752K)
[153.128s][info][gc          ] GC(320) Pause Young (Normal) (G1 Evacuation Pause) (Evacuation Failure: Allocation) 924M->766M(978M) 84.398ms
[153.128s][info][gc,cpu      ] GC(320) User=0.16s Sys=0.00s Real=0.08s
[153.357s][info][gc,start    ] GC(321) Pause Young (Normal) (G1 Evacuation Pause)
[153.357s][info][gc,task     ] GC(321) Using 2 workers of 2 for evacuation
[153.467s][info][gc,phases   ] GC(321)   Pre Evacuate Collection Set: 0.36ms
[153.467s][info][gc,phases   ] GC(321)   Merge Heap Roots: 0.35ms
[153.467s][info][gc,phases   ] GC(321)   Evacuate Collection Set: 101.66ms
[153.467s][info][gc,phases   ] GC(321)   Post Evacuate Collection Set: 7.56ms
[153.467s][info][gc,phases   ] GC(321)   Other: 0.10ms
[153.467s][info][gc,heap     ] GC(321) Eden regions: 122->0(113)
[153.467s][info][gc,heap     ] GC(321) Survivor regions: 40->21(21)
[153.467s][info][gc,heap     ] GC(321) Old regions: 718->765
[153.467s][info][gc,heap     ] GC(321) Humongous regions: 8->8
[153.467s][info][gc,metaspace] GC(321) Metaspace: 18489K(18688K)->18489K(18688K) NonClass: 15824K(15936K)->15824K(15936K) Class: 2665K(2752K)->2665K(2752K)
[153.467s][info][gc          ] GC(321) Pause Young (Normal) (G1 Evacuation Pause) (Evacuation Failure: Allocation) 888M->794M(978M) 110.246ms
[153.467s][info][gc,cpu      ] GC(321) User=0.22s Sys=0.00s Real=0.11s
[153.769s][info][gc,start    ] GC(322) Pause Young (Normal) (G1 Evacuation Pause)
[153.769s][info][gc,task     ] GC(322) Using 2 workers of 2 for evacuation
[153.860s][info][gc,phases   ] GC(322)   Pre Evacuate Collection Set: 0.56ms
[153.860s][info][gc,phases   ] GC(322)   Merge Heap Roots: 0.36ms
[153.860s][info][gc,phases   ] GC(322)   Evacuate Collection Set: 84.44ms
[153.860s][info][gc,phases   ] GC(322)   Post Evacuate Collection Set: 5.51ms
[153.860s][info][gc,phases   ] GC(322)   Other: 0.10ms
[153.860s][info][gc,heap     ] GC(322) Eden regions: 113->0(89)
[153.860s][info][gc,heap     ] GC(322) Survivor regions: 21->17(17)
[153.860s][info][gc,heap     ] GC(322) Old regions: 765->796
[153.860s][info][gc,heap     ] GC(322) Humongous regions: 9->9
[153.860s][info][gc,metaspace] GC(322) Metaspace: 18489K(18688K)->18489K(18688K) NonClass: 15824K(15936K)->15824K(15936K) Class: 2665K(2752K)->2665K(2752K)
[153.860s][info][gc          ] GC(322) Pause Young (Normal) (G1 Evacuation Pause) (Evacuation Failure: Allocation) 908M->822M(978M) 91.268ms
[153.860s][info][gc,cpu      ] GC(322) User=0.18s Sys=0.00s Real=0.09s
[154.051s][info][gc,start    ] GC(323) Pause Young (Normal) (G1 Evacuation Pause)
[154.051s][info][gc,task     ] GC(323) Using 2 workers of 2 for evacuation
[154.109s][info][gc,phases   ] GC(323)   Pre Evacuate Collection Set: 0.33ms
[154.109s][info][gc,phases   ] GC(323)   Merge Heap Roots: 0.68ms
[154.109s][info][gc,phases   ] GC(323)   Evacuate Collection Set: 56.41ms
[154.109s][info][gc,phases   ] GC(323)   Post Evacuate Collection Set: 0.71ms
[154.109s][info][gc,phases   ] GC(323)   Other: 0.08ms
[154.109s][info][gc,heap     ] GC(323) Eden regions: 89->0(138)
[154.109s][info][gc,heap     ] GC(323) Survivor regions: 17->8(14)
[154.109s][info][gc,heap     ] GC(323) Old regions: 796->764
[154.109s][info][gc,heap     ] GC(323) Humongous regions: 9->9
[154.109s][info][gc,metaspace] GC(323) Metaspace: 18498K(18688K)->18498K(18688K) NonClass: 15833K(15936K)->15833K(15936K) Class: 2665K(2752K)->2665K(2752K)
[154.110s][info][gc          ] GC(323) Pause Young (Normal) (G1 Evacuation Pause) 911M->780M(978M) 58.449ms
[154.110s][info][gc,cpu      ] GC(323) User=0.11s Sys=0.00s Real=0.06s
[154.261s][info][gc,marking  ] GC(319) Concurrent Mark From Roots 1831.954ms
[154.261s][info][gc,marking  ] GC(319) Concurrent Preclean
[154.261s][info][gc,marking  ] GC(319) Concurrent Preclean 0.028ms
[154.263s][info][gc,start    ] GC(319) Pause Remark
[154.271s][info][gc          ] GC(319) Pause Remark 856M->792M(978M) 8.440ms
[154.271s][info][gc,cpu      ] GC(319) User=0.02s Sys=0.00s Real=0.00s
[154.274s][info][gc,marking  ] GC(319) Concurrent Mark 1844.692ms
[154.274s][info][gc,marking  ] GC(319) Concurrent Rebuild Remembered Sets and Scrub Regions
[154.400s][info][gc,start    ] GC(324) Pause Young (Normal) (G1 Evacuation Pause)
[154.400s][info][gc,task     ] GC(324) Using 2 workers of 2 for evacuation
[154.469s][info][gc,phases   ] GC(324)   Pre Evacuate Collection Set: 0.48ms
[154.469s][info][gc,phases   ] GC(324)   Merge Heap Roots: 1.25ms
[154.469s][info][gc,phases   ] GC(324)   Evacuate Collection Set: 66.99ms
[154.469s][info][gc,phases   ] GC(324)   Post Evacuate Collection Set: 0.61ms
[154.469s][info][gc,phases   ] GC(324)   Other: 0.09ms
[154.469s][info][gc,heap     ] GC(324) Eden regions: 138->0(156)
[154.469s][info][gc,heap     ] GC(324) Survivor regions: 8->19(19)
[154.469s][info][gc,heap     ] GC(324) Old regions: 703->717
[154.469s][info][gc,heap     ] GC(324) Humongous regions: 9->9
[154.469s][info][gc,metaspace] GC(324) Metaspace: 18530K(18752K)->18530K(18752K) NonClass: 15865K(16000K)->15865K(16000K) Class: 2665K(2752K)->2665K(2752K)
[154.469s][info][gc          ] GC(324) Pause Young (Normal) (G1 Evacuation Pause) 857M->744M(978M) 69.638ms
[154.469s][info][gc,cpu      ] GC(324) User=0.13s Sys=0.00s Real=0.07s
[154.654s][info][gc,start    ] GC(325) Pause Young (Normal) (G1 Evacuation Pause)
[154.654s][info][gc,task     ] GC(325) Using 2 workers of 2 for evacuation
[154.707s][info][gc,phases   ] GC(325)   Pre Evacuate Collection Set: 0.29ms
[154.707s][info][gc,phases   ] GC(325)   Merge Heap Roots: 0.56ms
[154.707s][info][gc,phases   ] GC(325)   Evacuate Collection Set: 51.04ms
[154.707s][info][gc,phases   ] GC(325)   Post Evacuate Collection Set: 0.38ms
[154.707s][info][gc,phases   ] GC(325)   Other: 0.08ms
[154.707s][info][gc,heap     ] GC(325) Eden regions: 156->0(153)
[154.707s][info][gc,heap     ] GC(325) Survivor regions: 19->12(22)
[154.707s][info][gc,heap     ] GC(325) Old regions: 717->736
[154.707s][info][gc,heap     ] GC(325) Humongous regions: 9->9
[154.707s][info][gc,metaspace] GC(325) Metaspace: 18532K(18752K)->18532K(18752K) NonClass: 15867K(16000K)->15867K(16000K) Class: 2665K(2752K)->2665K(2752K)
[154.707s][info][gc          ] GC(325) Pause Young (Normal) (G1 Evacuation Pause) 900M->756M(978M) 52.630ms
[154.707s][info][gc,cpu      ] GC(325) User=0.10s Sys=0.00s Real=0.05s
[154.883s][info][gc,start    ] GC(326) Pause Young (Normal) (G1 Evacuation Pause)
[154.883s][info][gc,task     ] GC(326) Using 2 workers of 2 for evacuation
[154.904s][info][gc,phases   ] GC(326)   Pre Evacuate Collection Set: 0.51ms
[154.904s][info][gc,phases   ] GC(326)   Merge Heap Roots: 0.15ms
[154.904s][info][gc,phases   ] GC(326)   Evacuate Collection Set: 19.82ms
[154.904s][info][gc,phases   ] GC(326)   Post Evacuate Collection Set: 0.36ms
[154.904s][info][gc,phases   ] GC(326)   Other: 0.10ms
[154.904s][info][gc,heap     ] GC(326) Eden regions: 153->0(156)
[154.904s][info][gc,heap     ] GC(326) Survivor regions: 12->7(21)
[154.904s][info][gc,heap     ] GC(326) Old regions: 736->748
[154.904s][info][gc,heap     ] GC(326) Humongous regions: 9->9
[154.904s][info][gc,metaspace] GC(326) Metaspace: 18532K(18752K)->18532K(18752K) NonClass: 15867K(16000K)->15867K(16000K) Class: 2665K(2752K)->2665K(2752K)
[154.904s][info][gc          ] GC(326) Pause Young (Normal) (G1 Evacuation Pause) 909M->764M(978M) 21.216ms
[154.904s][info][gc,cpu      ] GC(326) User=0.04s Sys=0.00s Real=0.02s
[155.077s][info][gc,start    ] GC(327) Pause Young (Normal) (G1 Evacuation Pause)
[155.077s][info][gc,task     ] GC(327) Using 2 workers of 2 for evacuation
[155.088s][info][gc,phases   ] GC(327)   Pre Evacuate Collection Set: 0.52ms
[155.088s][info][gc,phases   ] GC(327)   Merge Heap Roots: 0.21ms
[155.088s][info][gc,phases   ] GC(327)   Evacuate Collection Set: 9.74ms
[155.088s][info][gc,phases   ] GC(327)   Post Evacuate Collection Set: 0.35ms
[155.088s][info][gc,phases   ] GC(327)   Other: 0.10ms
[155.088s][info][gc,heap     ] GC(327) Eden regions: 156->0(157)
[155.088s][info][gc,heap     ] GC(327) Survivor regions: 7->7(21)
[155.089s][info][gc,heap     ] GC(327) Old regions: 748->748
[155.089s][info][gc,heap     ] GC(327) Humongous regions: 9->9
[155.089s][info][gc,metaspace] GC(327) Metaspace: 18532K(18752K)->18532K(18752K) NonClass: 15867K(16000K)->15867K(16000K) Class: 2665K(2752K)->2665K(2752K)
[155.089s][info][gc          ] GC(327) Pause Young (Normal) (G1 Evacuation Pause) 920M->764M(978M) 11.158ms
[155.089s][info][gc,cpu      ] GC(327) User=0.03s Sys=0.00s Real=0.01s
[155.183s][info][gc,marking  ] GC(319) Concurrent Rebuild Remembered Sets and Scrub Regions 908.913ms
[155.183s][info][gc,start    ] GC(319) Pause Cleanup
[155.183s][info][gc          ] GC(319) Pause Cleanup 831M->831M(978M) 0.136ms
[155.183s][info][gc,cpu      ] GC(319) User=0.00s Sys=0.00s Real=0.00s
[155.183s][info][gc,marking  ] GC(319) Concurrent Clear Claimed Marks
[155.183s][info][gc,marking  ] GC(319) Concurrent Clear Claimed Marks 0.031ms
[155.183s][info][gc,marking  ] GC(319) Concurrent Cleanup for Next Mark
[155.186s][info][gc,marking  ] GC(319) Concurrent Cleanup for Next Mark 2.826ms
[155.186s][info][gc          ] GC(319) Concurrent Mark Cycle 2760.345ms
[155.229s][info][gc,start    ] GC(328) Pause Young (Prepare Mixed) (G1 Evacuation Pause)
[155.229s][info][gc,task     ] GC(328) Using 2 workers of 2 for evacuation
[155.284s][info][gc,phases   ] GC(328)   Pre Evacuate Collection Set: 0.25ms
[155.284s][info][gc,phases   ] GC(328)   Merge Heap Roots: 0.19ms
[155.284s][info][gc,phases   ] GC(328)   Evacuate Collection Set: 53.19ms
[155.284s][info][gc,phases   ] GC(328)   Post Evacuate Collection Set: 0.51ms
[155.284s][info][gc,phases   ] GC(328)   Other: 0.07ms
[155.284s][info][gc,heap     ] GC(328) Eden regions: 157->0(97)
[155.284s][info][gc,heap     ] GC(328) Survivor regions: 7->21(21)
[155.284s][info][gc,heap     ] GC(328) Old regions: 748->780
[155.284s][info][gc,heap     ] GC(328) Humongous regions: 9->9
[155.284s][info][gc,metaspace] GC(328) Metaspace: 18532K(18752K)->18532K(18752K) NonClass: 15867K(16000K)->15867K(16000K) Class: 2665K(2752K)->2665K(2752K)
[155.284s][info][gc          ] GC(328) Pause Young (Prepare Mixed) (G1 Evacuation Pause) 921M->810M(978M) 54.423ms
[155.284s][info][gc,cpu      ] GC(328) User=0.11s Sys=0.00s Real=0.06s
[155.385s][info][gc,start    ] GC(329) Pause Young (Mixed) (G1 Evacuation Pause)
[155.385s][info][gc,task     ] GC(329) Using 2 workers of 2 for evacuation
[155.451s][info][gc,phases   ] GC(329)   Pre Evacuate Collection Set: 0.51ms
[155.451s][info][gc,phases   ] GC(329)   Merge Heap Roots: 0.81ms
[155.451s][info][gc,phases   ] GC(329)   Evacuate Collection Set: 63.87ms
[155.451s][info][gc,phases   ] GC(329)   Post Evacuate Collection Set: 0.55ms
[155.451s][info][gc,phases   ] GC(329)   Other: 0.07ms
[155.451s][info][gc,heap     ] GC(329) Eden regions: 97->0(143)
[155.451s][info][gc,heap     ] GC(329) Survivor regions: 21->13(15)
[155.451s][info][gc,heap     ] GC(329) Old regions: 780->750
[155.451s][info][gc,heap     ] GC(329) Humongous regions: 9->9
[155.451s][info][gc,metaspace] GC(329) Metaspace: 18532K(18752K)->18532K(18752K) NonClass: 15867K(16000K)->15867K(16000K) Class: 2665K(2752K)->2665K(2752K)
[155.451s][info][gc          ] GC(329) Pause Young (Mixed) (G1 Evacuation Pause) 907M->771M(978M) 66.022ms
[155.451s][info][gc,cpu      ] GC(329) User=0.13s Sys=0.00s Real=0.06s
[155.480s][info][gc,start    ] GC(330) Pause Young (Concurrent Start) (G1 Humongous Allocation)
[155.480s][info][gc,task     ] GC(330) Using 2 workers of 2 for evacuation
[155.503s][info][gc,phases   ] GC(330)   Pre Evacuate Collection Set: 0.34ms
[155.503s][info][gc,phases   ] GC(330)   Merge Heap Roots: 0.20ms
[155.503s][info][gc,phases   ] GC(330)   Evacuate Collection Set: 21.61ms
[155.503s][info][gc,phases   ] GC(330)   Post Evacuate Collection Set: 0.32ms
[155.503s][info][gc,phases   ] GC(330)   Other: 0.16ms
[155.503s][info][gc,heap     ] GC(330) Eden regions: 16->0(141)
[155.503s][info][gc,heap     ] GC(330) Survivor regions: 13->6(20)
[155.503s][info][gc,heap     ] GC(330) Old regions: 750->762
[155.503s][info][gc,heap     ] GC(330) Humongous regions: 9->9
[155.503s][info][gc,metaspace] GC(330) Metaspace: 18532K(18752K)->18532K(18752K) NonClass: 15867K(16000K)->15867K(16000K) Class: 2665K(2752K)->2665K(2752K)
[155.503s][info][gc          ] GC(330) Pause Young (Concurrent Start) (G1 Humongous Allocation) 786M->776M(978M) 22.797ms
[155.503s][info][gc,cpu      ] GC(330) User=0.05s Sys=0.00s Real=0.02s
[155.503s][info][gc          ] GC(331) Concurrent Mark Cycle
[155.505s][info][gc,marking  ] GC(331) Concurrent Scan Root Regions
[155.545s][info][gc,marking  ] GC(331) Concurrent Scan Root Regions 40.023ms
[155.545s][info][gc,marking  ] GC(331) Concurrent Mark
[155.545s][info][gc,marking  ] GC(331) Concurrent Mark From Roots
[155.545s][info][gc,task     ] GC(331) Using 1 workers of 1 for marking
[155.705s][info][gc,start    ] GC(332) Pause Young (Normal) (G1 Evacuation Pause)
[155.705s][info][gc,task     ] GC(332) Using 2 workers of 2 for evacuation
[155.730s][info][gc,phases   ] GC(332)   Pre Evacuate Collection Set: 0.49ms
[155.730s][info][gc,phases   ] GC(332)   Merge Heap Roots: 0.23ms
[155.730s][info][gc,phases   ] GC(332)   Evacuate Collection Set: 23.79ms
[155.730s][info][gc,phases   ] GC(332)   Post Evacuate Collection Set: 0.38ms
[155.730s][info][gc,phases   ] GC(332)   Other: 0.07ms
[155.730s][info][gc,heap     ] GC(332) Eden regions: 141->0(124)
[155.730s][info][gc,heap     ] GC(332) Survivor regions: 6->16(19)
[155.730s][info][gc,heap     ] GC(332) Old regions: 762->762
[155.730s][info][gc,heap     ] GC(332) Humongous regions: 10->10
[155.730s][info][gc,metaspace] GC(332) Metaspace: 18532K(18752K)->18532K(18752K) NonClass: 15867K(16000K)->15867K(16000K) Class: 2665K(2752K)->2665K(2752K)
[155.730s][info][gc          ] GC(332) Pause Young (Normal) (G1 Evacuation Pause) 918M->787M(978M) 25.178ms
[155.730s][info][gc,cpu      ] GC(332) User=0.05s Sys=0.00s Real=0.02s
[155.872s][info][gc,start    ] GC(333) Pause Young (Normal) (G1 Evacuation Pause)
[155.872s][info][gc,task     ] GC(333) Using 2 workers of 2 for evacuation
[155.897s][info][gc,phases   ] GC(333)   Pre Evacuate Collection Set: 0.48ms
[155.897s][info][gc,phases   ] GC(333)   Merge Heap Roots: 0.26ms
[155.897s][info][gc,phases   ] GC(333)   Evacuate Collection Set: 23.94ms
[155.897s][info][gc,phases   ] GC(333)   Post Evacuate Collection Set: 0.35ms
[155.897s][info][gc,phases   ] GC(333)   Other: 0.10ms
[155.897s][info][gc,heap     ] GC(333) Eden regions: 124->0(132)
[155.897s][info][gc,heap     ] GC(333) Survivor regions: 16->4(18)
[155.897s][info][gc,heap     ] GC(333) Old regions: 762->778
[155.897s][info][gc,heap     ] GC(333) Humongous regions: 10->10
[155.897s][info][gc,metaspace] GC(333) Metaspace: 18532K(18752K)->18532K(18752K) NonClass: 15867K(16000K)->15867K(16000K) Class: 2665K(2752K)->2665K(2752K)
[155.897s][info][gc          ] GC(333) Pause Young (Normal) (G1 Evacuation Pause) 911M->791M(978M) 25.359ms
[155.897s][info][gc,cpu      ] GC(333) User=0.05s Sys=0.00s Real=0.03s
[156.082s][info][gc,start    ] GC(334) Pause Young (Normal) (G1 Evacuation Pause)
[156.082s][info][gc,task     ] GC(334) Using 2 workers of 2 for evacuation
[156.090s][info][gc,phases   ] GC(334)   Pre Evacuate Collection Set: 0.50ms
[156.090s][info][gc,phases   ] GC(334)   Merge Heap Roots: 0.11ms
[156.090s][info][gc,phases   ] GC(334)   Evacuate Collection Set: 6.52ms
[156.090s][info][gc,phases   ] GC(334)   Post Evacuate Collection Set: 0.35ms
[156.090s][info][gc,phases   ] GC(334)   Other: 0.09ms
[156.090s][info][gc,heap     ] GC(334) Eden regions: 132->0(128)
[156.090s][info][gc,heap     ] GC(334) Survivor regions: 4->6(17)
[156.090s][info][gc,heap     ] GC(334) Old regions: 778->778
[156.090s][info][gc,heap     ] GC(334) Humongous regions: 10->10
[156.090s][info][gc,metaspace] GC(334) Metaspace: 18532K(18752K)->18532K(18752K) NonClass: 15867K(16000K)->15867K(16000K) Class: 2665K(2752K)->2665K(2752K)
[156.090s][info][gc          ] GC(334) Pause Young (Normal) (G1 Evacuation Pause) 923M->793M(978M) 7.757ms
[156.090s][info][gc,cpu      ] GC(334) User=0.02s Sys=0.00s Real=0.01s
[156.214s][info][gc,marking  ] GC(331) Concurrent Mark From Roots 668.514ms
[156.214s][info][gc,marking  ] GC(331) Concurrent Preclean
[156.214s][info][gc,marking  ] GC(331) Concurrent Preclean 0.034ms
[156.214s][info][gc,start    ] GC(331) Pause Remark
[156.221s][info][gc          ] GC(331) Pause Remark 819M->342M(978M) 7.645ms
[156.221s][info][gc,cpu      ] GC(331) User=0.01s Sys=0.00s Real=0.00s
[156.224s][info][gc,marking  ] GC(331) Concurrent Mark 678.894ms
[156.224s][info][gc,marking  ] GC(331) Concurrent Rebuild Remembered Sets and Scrub Regions
[156.420s][info][gc,marking  ] GC(331) Concurrent Rebuild Remembered Sets and Scrub Regions 195.965ms
[156.420s][info][gc,start    ] GC(331) Pause Cleanup
[156.420s][info][gc          ] GC(331) Pause Cleanup 397M->397M(978M) 0.111ms
[156.420s][info][gc,cpu      ] GC(331) User=0.00s Sys=0.00s Real=0.00s
[156.421s][info][gc,marking  ] GC(331) Concurrent Clear Claimed Marks
[156.421s][info][gc,marking  ] GC(331) Concurrent Clear Claimed Marks 0.036ms
[156.421s][info][gc,marking  ] GC(331) Concurrent Cleanup for Next Mark
[156.429s][info][gc,marking  ] GC(331) Concurrent Cleanup for Next Mark 7.824ms
[156.429s][info][gc          ] GC(331) Concurrent Mark Cycle 926.031ms
[156.569s][info][gc,start    ] GC(335) Pause Young (Prepare Mixed) (G1 Evacuation Pause)
[156.569s][info][gc,task     ] GC(335) Using 2 workers of 2 for evacuation
[156.578s][info][gc,phases   ] GC(335)   Pre Evacuate Collection Set: 0.52ms
[156.578s][info][gc,phases   ] GC(335)   Merge Heap Roots: 0.18ms
[156.578s][info][gc,phases   ] GC(335)   Evacuate Collection Set: 7.71ms
[156.578s][info][gc,phases   ] GC(335)   Post Evacuate Collection Set: 0.38ms
[156.578s][info][gc,phases   ] GC(335)   Other: 0.11ms
[156.578s][info][gc,heap     ] GC(335) Eden regions: 128->0(428)
[156.578s][info][gc,heap     ] GC(335) Survivor regions: 6->6(17)
[156.578s][info][gc,heap     ] GC(335) Old regions: 308->308
[156.578s][info][gc,heap     ] GC(335) Humongous regions: 3->3
[156.578s][info][gc,metaspace] GC(335) Metaspace: 18532K(18752K)->18532K(18752K) NonClass: 15867K(16000K)->15867K(16000K) Class: 2665K(2752K)->2665K(2752K)
[156.578s][info][gc          ] GC(335) Pause Young (Prepare Mixed) (G1 Evacuation Pause) 444M->317M(978M) 9.129ms
[156.578s][info][gc,cpu      ] GC(335) User=0.01s Sys=0.00s Real=0.01s
[157.068s][info][gc,start    ] GC(336) Pause Young (Mixed) (G1 Evacuation Pause)
[157.068s][info][gc,task     ] GC(336) Using 2 workers of 2 for evacuation
[157.181s][info][gc,phases   ] GC(336)   Pre Evacuate Collection Set: 0.32ms
[157.181s][info][gc,phases   ] GC(336)   Merge Heap Roots: 0.36ms
[157.181s][info][gc,phases   ] GC(336)   Evacuate Collection Set: 98.57ms
[157.181s][info][gc,phases   ] GC(336)   Merge Optional Heap Roots: 0.31ms
[157.181s][info][gc,phases   ] GC(336)   Evacuate Optional Collection Set: 12.36ms
[157.181s][info][gc,phases   ] GC(336)   Post Evacuate Collection Set: 1.03ms
[157.181s][info][gc,phases   ] GC(336)   Other: 0.11ms
[157.181s][info][gc,heap     ] GC(336) Eden regions: 440->0(244)
[157.181s][info][gc,heap     ] GC(336) Survivor regions: 6->56(56)
[157.181s][info][gc,heap     ] GC(336) Old regions: 308->293
[157.181s][info][gc,heap     ] GC(336) Humongous regions: 4->4
[157.181s][info][gc,metaspace] GC(336) Metaspace: 18534K(18752K)->18534K(18752K) NonClass: 15869K(16000K)->15869K(16000K) Class: 2665K(2752K)->2665K(2752K)
[157.181s][info][gc          ] GC(336) Pause Young (Mixed) (G1 Evacuation Pause) 758M->352M(978M) 113.316ms
[157.181s][info][gc,cpu      ] GC(336) User=0.23s Sys=0.00s Real=0.11s
[157.596s][info][gc,start    ] GC(337) Pause Young (Mixed) (G1 Evacuation Pause)
[157.596s][info][gc,task     ] GC(337) Using 2 workers of 2 for evacuation
[157.697s][info][gc,phases   ] GC(337)   Pre Evacuate Collection Set: 0.32ms
[157.697s][info][gc,phases   ] GC(337)   Merge Heap Roots: 0.62ms
[157.697s][info][gc,phases   ] GC(337)   Evacuate Collection Set: 99.31ms
[157.697s][info][gc,phases   ] GC(337)   Post Evacuate Collection Set: 0.51ms
[157.697s][info][gc,phases   ] GC(337)   Other: 0.10ms
[157.697s][info][gc,heap     ] GC(337) Eden regions: 232->0(419)
[157.697s][info][gc,heap     ] GC(337) Survivor regions: 56->2(36)
[157.697s][info][gc,heap     ] GC(337) Old regions: 293->348
[157.697s][info][gc,heap     ] GC(337) Humongous regions: 4->4
[157.697s][info][gc,metaspace] GC(337) Metaspace: 18534K(18752K)->18534K(18752K) NonClass: 15869K(16000K)->15869K(16000K) Class: 2665K(2752K)->2665K(2752K)
[157.697s][info][gc          ] GC(337) Pause Young (Mixed) (G1 Evacuation Pause) 584M->354M(978M) 101.080ms
[157.697s][info][gc,cpu      ] GC(337) User=0.20s Sys=0.00s Real=0.10s
[158.118s][info][gc,start    ] GC(338) Pause Young (Concurrent Start) (G1 Humongous Allocation)
[158.118s][info][gc,task     ] GC(338) Using 2 workers of 2 for evacuation
[158.208s][info][gc,phases   ] GC(338)   Pre Evacuate Collection Set: 0.28ms
[158.208s][info][gc,phases   ] GC(338)   Merge Heap Roots: 0.21ms
[158.208s][info][gc,phases   ] GC(338)   Evacuate Collection Set: 88.81ms
[158.208s][info][gc,phases   ] GC(338)   Post Evacuate Collection Set: 0.53ms
[158.208s][info][gc,phases   ] GC(338)   Other: 0.11ms
[158.208s][info][gc,heap     ] GC(338) Eden regions: 252->0(347)
[158.208s][info][gc,heap     ] GC(338) Survivor regions: 2->53(53)
[158.208s][info][gc,heap     ] GC(338) Old regions: 348->380
[158.208s][info][gc,heap     ] GC(338) Humongous regions: 4->4
[158.208s][info][gc,metaspace] GC(338) Metaspace: 18534K(18752K)->18534K(18752K) NonClass: 15869K(16000K)->15869K(16000K) Class: 2665K(2752K)->2665K(2752K)
[158.208s][info][gc          ] GC(338) Pause Young (Concurrent Start) (G1 Humongous Allocation) 606M->436M(978M) 90.167ms
[158.208s][info][gc          ] GC(339) Concurrent Mark Cycle
[158.208s][info][gc,marking  ] GC(339) Concurrent Scan Root Regions
[158.208s][info][gc,cpu      ] GC(338) User=0.18s Sys=0.00s Real=0.09s
[158.323s][info][gc,marking  ] GC(339) Concurrent Scan Root Regions 115.038ms
[158.323s][info][gc,marking  ] GC(339) Concurrent Mark
[158.323s][info][gc,marking  ] GC(339) Concurrent Mark From Roots
[158.323s][info][gc,task     ] GC(339) Using 1 workers of 1 for marking
[158.624s][info][gc,start    ] GC(340) Pause Young (Normal) (G1 Evacuation Pause)
[158.624s][info][gc,task     ] GC(340) Using 2 workers of 2 for evacuation
[158.752s][info][gc,phases   ] GC(340)   Pre Evacuate Collection Set: 0.29ms
[158.752s][info][gc,phases   ] GC(340)   Merge Heap Roots: 0.28ms
[158.752s][info][gc,phases   ] GC(340)   Evacuate Collection Set: 126.23ms
[158.752s][info][gc,phases   ] GC(340)   Post Evacuate Collection Set: 0.59ms
[158.752s][info][gc,phases   ] GC(340)   Other: 0.09ms
[158.752s][info][gc,heap     ] GC(340) Eden regions: 347->0(288)
[158.752s][info][gc,heap     ] GC(340) Survivor regions: 53->50(50)
[158.752s][info][gc,heap     ] GC(340) Old regions: 380->463
[158.752s][info][gc,heap     ] GC(340) Humongous regions: 5->5
[158.752s][info][gc,metaspace] GC(340) Metaspace: 18534K(18752K)->18534K(18752K) NonClass: 15869K(16000K)->15869K(16000K) Class: 2665K(2752K)->2665K(2752K)
[158.752s][info][gc          ] GC(340) Pause Young (Normal) (G1 Evacuation Pause) 784M->518M(978M) 127.765ms
[158.752s][info][gc,cpu      ] GC(340) User=0.25s Sys=0.00s Real=0.12s
[159.267s][info][gc,start    ] GC(341) Pause Young (Normal) (G1 Evacuation Pause)
[159.267s][info][gc,task     ] GC(341) Using 2 workers of 2 for evacuation
[159.376s][info][gc,phases   ] GC(341)   Pre Evacuate Collection Set: 0.53ms
[159.376s][info][gc,phases   ] GC(341)   Merge Heap Roots: 0.36ms
[159.376s][info][gc,phases   ] GC(341)   Evacuate Collection Set: 107.68ms
[159.376s][info][gc,phases   ] GC(341)   Post Evacuate Collection Set: 0.57ms
[159.376s][info][gc,phases   ] GC(341)   Other: 0.10ms
[159.376s][info][gc,heap     ] GC(341) Eden regions: 288->0(236)
[159.376s][info][gc,heap     ] GC(341) Survivor regions: 50->43(43)
[159.376s][info][gc,heap     ] GC(341) Old regions: 463->533
[159.376s][info][gc,heap     ] GC(341) Humongous regions: 5->5
[159.376s][info][gc,metaspace] GC(341) Metaspace: 18535K(18752K)->18535K(18752K) NonClass: 15870K(16000K)->15870K(16000K) Class: 2665K(2752K)->2665K(2752K)
[159.376s][info][gc          ] GC(341) Pause Young (Normal) (G1 Evacuation Pause) 806M->580M(978M) 109.485ms
[159.376s][info][gc,cpu      ] GC(341) User=0.21s Sys=0.00s Real=0.11s
[159.388s][info][gc,marking  ] GC(339) Concurrent Mark From Roots 1064.676ms
[159.388s][info][gc,marking  ] GC(339) Concurrent Preclean
[159.388s][info][gc,marking  ] GC(339) Concurrent Preclean 0.027ms
[159.388s][info][gc,start    ] GC(339) Pause Remark
[159.395s][info][gc          ] GC(339) Pause Remark 588M->537M(978M) 7.369ms
[159.395s][info][gc,cpu      ] GC(339) User=0.01s Sys=0.00s Real=0.01s
[159.397s][info][gc,marking  ] GC(339) Concurrent Mark 1073.929ms
[159.397s][info][gc,marking  ] GC(339) Concurrent Rebuild Remembered Sets and Scrub Regions
[159.561s][info][gc,start    ] GC(342) Pause Young (Normal) (G1 Evacuation Pause)
[159.561s][info][gc,task     ] GC(342) Using 2 workers of 2 for evacuation
[159.681s][info][gc,phases   ] GC(342)   Pre Evacuate Collection Set: 0.48ms
[159.681s][info][gc,phases   ] GC(342)   Merge Heap Roots: 0.20ms
[159.681s][info][gc,phases   ] GC(342)   Evacuate Collection Set: 118.26ms
[159.681s][info][gc,phases   ] GC(342)   Post Evacuate Collection Set: 0.83ms
[159.681s][info][gc,phases   ] GC(342)   Other: 0.09ms
[159.681s][info][gc,heap     ] GC(342) Eden regions: 236->0(196)
[159.681s][info][gc,heap     ] GC(342) Survivor regions: 43->35(35)
[159.681s][info][gc,heap     ] GC(342) Old regions: 483->579
[159.681s][info][gc,heap     ] GC(342) Humongous regions: 4->4
[159.681s][info][gc,metaspace] GC(342) Metaspace: 18535K(18752K)->18535K(18752K) NonClass: 15870K(16000K)->15870K(16000K) Class: 2665K(2752K)->2665K(2752K)
[159.681s][info][gc          ] GC(342) Pause Young (Normal) (G1 Evacuation Pause) 765M->618M(978M) 120.038ms
[159.681s][info][gc,cpu      ] GC(342) User=0.23s Sys=0.00s Real=0.12s
[159.921s][info][gc,marking  ] GC(339) Concurrent Rebuild Remembered Sets and Scrub Regions 523.722ms
[159.921s][info][gc,start    ] GC(339) Pause Cleanup
[159.921s][info][gc          ] GC(339) Pause Cleanup 795M->795M(978M) 0.158ms
[159.921s][info][gc,cpu      ] GC(339) User=0.00s Sys=0.00s Real=0.00s
[159.921s][info][gc,marking  ] GC(339) Concurrent Clear Claimed Marks
[159.921s][info][gc,marking  ] GC(339) Concurrent Clear Claimed Marks 0.051ms
[159.921s][info][gc,marking  ] GC(339) Concurrent Cleanup for Next Mark
[159.924s][info][gc,marking  ] GC(339) Concurrent Cleanup for Next Mark 2.860ms
[159.924s][info][gc          ] GC(339) Concurrent Mark Cycle 1716.358ms
[159.942s][info][gc,start    ] GC(343) Pause Young (Prepare Mixed) (G1 Evacuation Pause)
[159.942s][info][gc,task     ] GC(343) Using 2 workers of 2 for evacuation
[160.033s][info][gc,phases   ] GC(343)   Pre Evacuate Collection Set: 0.27ms
[160.033s][info][gc,phases   ] GC(343)   Merge Heap Roots: 0.46ms
[160.034s][info][gc,phases   ] GC(343)   Evacuate Collection Set: 89.95ms
[160.034s][info][gc,phases   ] GC(343)   Post Evacuate Collection Set: 0.61ms
[160.034s][info][gc,phases   ] GC(343)   Other: 0.08ms
[160.034s][info][gc,heap     ] GC(343) Eden regions: 196->0(175)
[160.034s][info][gc,heap     ] GC(343) Survivor regions: 35->29(29)
[160.034s][info][gc,heap     ] GC(343) Old regions: 579->634
[160.034s][info][gc,heap     ] GC(343) Humongous regions: 4->4
[160.034s][info][gc,metaspace] GC(343) Metaspace: 18538K(18752K)->18538K(18752K) NonClass: 15873K(16000K)->15873K(16000K) Class: 2665K(2752K)->2665K(2752K)
[160.034s][info][gc          ] GC(343) Pause Young (Prepare Mixed) (G1 Evacuation Pause) 814M->666M(978M) 91.572ms
[160.034s][info][gc,cpu      ] GC(343) User=0.18s Sys=0.00s Real=0.10s
[160.181s][info][gc,start    ] GC(344) Pause Young (Mixed) (G1 Evacuation Pause)
[160.181s][info][gc,task     ] GC(344) Using 2 workers of 2 for evacuation
[160.254s][info][gc,phases   ] GC(344)   Pre Evacuate Collection Set: 0.51ms
[160.254s][info][gc,phases   ] GC(344)   Merge Heap Roots: 1.05ms
[160.254s][info][gc,phases   ] GC(344)   Evacuate Collection Set: 70.58ms
[160.254s][info][gc,phases   ] GC(344)   Post Evacuate Collection Set: 0.60ms
[160.254s][info][gc,phases   ] GC(344)   Other: 0.10ms
[160.254s][info][gc,heap     ] GC(344) Eden regions: 175->0(189)
[160.254s][info][gc,heap     ] GC(344) Survivor regions: 29->18(26)
[160.254s][info][gc,heap     ] GC(344) Old regions: 634->630
[160.254s][info][gc,heap     ] GC(344) Humongous regions: 7->7
[160.254s][info][gc,metaspace] GC(344) Metaspace: 18539K(18752K)->18539K(18752K) NonClass: 15874K(16000K)->15874K(16000K) Class: 2665K(2752K)->2665K(2752K)
[160.254s][info][gc          ] GC(344) Pause Young (Mixed) (G1 Evacuation Pause) 844M->655M(978M) 73.070ms
[160.254s][info][gc,cpu      ] GC(344) User=0.14s Sys=0.00s Real=0.08s
[160.324s][info][gc,start    ] GC(345) Pause Young (Concurrent Start) (G1 Humongous Allocation)
[160.324s][info][gc,task     ] GC(345) Using 2 workers of 2 for evacuation
[160.374s][info][gc,phases   ] GC(345)   Pre Evacuate Collection Set: 0.32ms
[160.374s][info][gc,phases   ] GC(345)   Merge Heap Roots: 0.41ms
[160.374s][info][gc,phases   ] GC(345)   Evacuate Collection Set: 47.87ms
[160.374s][info][gc,phases   ] GC(345)   Post Evacuate Collection Set: 0.38ms
[160.374s][info][gc,phases   ] GC(345)   Other: 0.18ms
[160.374s][info][gc,heap     ] GC(345) Eden regions: 44->0(186)
[160.374s][info][gc,heap     ] GC(345) Survivor regions: 18->8(26)
[160.374s][info][gc,heap     ] GC(345) Old regions: 630->648
[160.374s][info][gc,heap     ] GC(345) Humongous regions: 7->7
[160.374s][info][gc,metaspace] GC(345) Metaspace: 18539K(18752K)->18539K(18752K) NonClass: 15874K(16000K)->15874K(16000K) Class: 2665K(2752K)->2665K(2752K)
[160.374s][info][gc          ] GC(345) Pause Young (Concurrent Start) (G1 Humongous Allocation) 699M->662M(978M) 49.372ms
[160.374s][info][gc,cpu      ] GC(345) User=0.10s Sys=0.00s Real=0.05s
[160.374s][info][gc          ] GC(346) Concurrent Mark Cycle
[160.374s][info][gc,marking  ] GC(346) Concurrent Scan Root Regions
[160.460s][info][gc,marking  ] GC(346) Concurrent Scan Root Regions 86.061ms
[160.460s][info][gc,marking  ] GC(346) Concurrent Mark
[160.460s][info][gc,marking  ] GC(346) Concurrent Mark From Roots
[160.460s][info][gc,task     ] GC(346) Using 1 workers of 1 for marking
[160.659s][info][gc,start    ] GC(347) Pause Young (Normal) (G1 Evacuation Pause)
[160.659s][info][gc,task     ] GC(347) Using 2 workers of 2 for evacuation
[160.730s][info][gc,phases   ] GC(347)   Pre Evacuate Collection Set: 0.31ms
[160.730s][info][gc,phases   ] GC(347)   Merge Heap Roots: 0.36ms
[160.730s][info][gc,phases   ] GC(347)   Evacuate Collection Set: 69.17ms
[160.730s][info][gc,phases   ] GC(347)   Post Evacuate Collection Set: 0.50ms
[160.730s][info][gc,phases   ] GC(347)   Other: 0.08ms
[160.730s][info][gc,heap     ] GC(347) Eden regions: 186->0(162)
[160.730s][info][gc,heap     ] GC(347) Survivor regions: 8->25(25)
[160.730s][info][gc,heap     ] GC(347) Old regions: 648->675
[160.730s][info][gc,heap     ] GC(347) Humongous regions: 10->10
[160.730s][info][gc,metaspace] GC(347) Metaspace: 18539K(18752K)->18539K(18752K) NonClass: 15874K(16000K)->15874K(16000K) Class: 2665K(2752K)->2665K(2752K)
[160.730s][info][gc          ] GC(347) Pause Young (Normal) (G1 Evacuation Pause) 851M->710M(978M) 70.690ms
[160.730s][info][gc,cpu      ] GC(347) User=0.14s Sys=0.00s Real=0.07s
[160.871s][info][gc,marking  ] GC(346) Concurrent Mark From Roots 411.405ms
[160.871s][info][gc,marking  ] GC(346) Concurrent Preclean
[160.871s][info][gc,marking  ] GC(346) Concurrent Preclean 0.025ms
[160.873s][info][gc,start    ] GC(346) Pause Remark
[160.880s][info][gc          ] GC(346) Pause Remark 806M->426M(978M) 7.230ms
[160.880s][info][gc,cpu      ] GC(346) User=0.01s Sys=0.00s Real=0.01s
[160.880s][info][gc,marking  ] GC(346) Concurrent Mark 419.933ms
[160.880s][info][gc,marking  ] GC(346) Concurrent Rebuild Remembered Sets and Scrub Regions
[160.936s][info][gc,start    ] GC(348) Pause Young (Normal) (G1 Evacuation Pause)
[160.936s][info][gc,task     ] GC(348) Using 2 workers of 2 for evacuation
[160.999s][info][gc,phases   ] GC(348)   Pre Evacuate Collection Set: 0.42ms
[160.999s][info][gc,phases   ] GC(348)   Merge Heap Roots: 0.36ms
[160.999s][info][gc,phases   ] GC(348)   Evacuate Collection Set: 61.23ms
[160.999s][info][gc,phases   ] GC(348)   Post Evacuate Collection Set: 0.38ms
[160.999s][info][gc,phases   ] GC(348)   Other: 0.08ms
[160.999s][info][gc,heap     ] GC(348) Eden regions: 162->0(361)
[160.999s][info][gc,heap     ] GC(348) Survivor regions: 25->24(24)
[160.999s][info][gc,heap     ] GC(348) Old regions: 300->326
[160.999s][info][gc,heap     ] GC(348) Humongous regions: 5->5
[160.999s][info][gc,metaspace] GC(348) Metaspace: 18540K(18752K)->18540K(18752K) NonClass: 15874K(16000K)->15874K(16000K) Class: 2665K(2752K)->2665K(2752K)
[160.999s][info][gc          ] GC(348) Pause Young (Normal) (G1 Evacuation Pause) 492M->355M(978M) 62.639ms
[160.999s][info][gc,cpu      ] GC(348) User=0.13s Sys=0.00s Real=0.06s
[161.106s][info][gc,marking  ] GC(346) Concurrent Rebuild Remembered Sets and Scrub Regions 226.093ms
[161.106s][info][gc,start    ] GC(346) Pause Cleanup
[161.106s][info][gc          ] GC(346) Pause Cleanup 470M->470M(978M) 0.110ms
[161.106s][info][gc,cpu      ] GC(346) User=0.00s Sys=0.00s Real=0.00s
[161.107s][info][gc,marking  ] GC(346) Concurrent Clear Claimed Marks
[161.107s][info][gc,marking  ] GC(346) Concurrent Clear Claimed Marks 0.037ms
[161.107s][info][gc,marking  ] GC(346) Concurrent Cleanup for Next Mark
[161.110s][info][gc,marking  ] GC(346) Concurrent Cleanup for Next Mark 2.820ms
[161.110s][info][gc          ] GC(346) Concurrent Mark Cycle 736.063ms
[161.282s][info][gc,start    ] GC(349) Pause Young (Prepare Mixed) (G1 Evacuation Pause)
[161.282s][info][gc,task     ] GC(349) Using 2 workers of 2 for evacuation
[161.326s][info][gc,phases   ] GC(349)   Pre Evacuate Collection Set: 0.48ms
[161.326s][info][gc,phases   ] GC(349)   Merge Heap Roots: 0.34ms
[161.326s][info][gc,phases   ] GC(349)   Evacuate Collection Set: 41.95ms
[161.326s][info][gc,phases   ] GC(349)   Post Evacuate Collection Set: 0.59ms
[161.326s][info][gc,phases   ] GC(349)   Other: 0.09ms
[161.326s][info][gc,heap     ] GC(349) Eden regions: 361->0(349)
[161.326s][info][gc,heap     ] GC(349) Survivor regions: 24->34(49)
[161.326s][info][gc,heap     ] GC(349) Old regions: 326->326
[161.326s][info][gc,heap     ] GC(349) Humongous regions: 5->5
[161.326s][info][gc,metaspace] GC(349) Metaspace: 18542K(18752K)->18542K(18752K) NonClass: 15876K(16000K)->15876K(16000K) Class: 2665K(2752K)->2665K(2752K)
[161.326s][info][gc          ] GC(349) Pause Young (Prepare Mixed) (G1 Evacuation Pause) 716M->364M(978M) 43.672ms
[161.326s][info][gc,cpu      ] GC(349) User=0.08s Sys=0.00s Real=0.05s
[161.827s][info][gc,start    ] GC(350) Pause Young (Mixed) (G1 Evacuation Pause)
[161.827s][info][gc,task     ] GC(350) Using 2 workers of 2 for evacuation
[161.914s][info][gc,phases   ] GC(350)   Pre Evacuate Collection Set: 0.28ms
[161.914s][info][gc,phases   ] GC(350)   Merge Heap Roots: 0.40ms
[161.914s][info][gc,phases   ] GC(350)   Evacuate Collection Set: 84.77ms
[161.914s][info][gc,phases   ] GC(350)   Post Evacuate Collection Set: 0.65ms
[161.914s][info][gc,phases   ] GC(350)   Other: 0.09ms
[161.914s][info][gc,heap     ] GC(350) Eden regions: 383->0(348)
[161.914s][info][gc,heap     ] GC(350) Survivor regions: 34->53(53)
[161.914s][info][gc,heap     ] GC(350) Old regions: 326->344
[161.914s][info][gc,heap     ] GC(350) Humongous regions: 5->5
[161.914s][info][gc,metaspace] GC(350) Metaspace: 18542K(18752K)->18542K(18752K) NonClass: 15876K(16000K)->15876K(16000K) Class: 2665K(2752K)->2665K(2752K)
[161.914s][info][gc          ] GC(350) Pause Young (Mixed) (G1 Evacuation Pause) 747M->401M(978M) 86.479ms
[161.914s][info][gc,cpu      ] GC(350) User=0.17s Sys=0.00s Real=0.09s
[162.829s][info][gc,start    ] GC(351) Pause Young (Mixed) (G1 Evacuation Pause)
[162.829s][info][gc,task     ] GC(351) Using 2 workers of 2 for evacuation
[162.886s][info][gc,phases   ] GC(351)   Pre Evacuate Collection Set: 0.56ms
[162.886s][info][gc,phases   ] GC(351)   Merge Heap Roots: 0.38ms
[162.886s][info][gc,phases   ] GC(351)   Evacuate Collection Set: 54.98ms
[162.886s][info][gc,phases   ] GC(351)   Post Evacuate Collection Set: 0.63ms
[162.886s][info][gc,phases   ] GC(351)   Other: 0.09ms
[162.886s][info][gc,heap     ] GC(351) Eden regions: 376->0(428)
[162.886s][info][gc,heap     ] GC(351) Survivor regions: 53->1(54)
[162.886s][info][gc,heap     ] GC(351) Old regions: 344->353
[162.886s][info][gc,heap     ] GC(351) Humongous regions: 5->5
[162.886s][info][gc,metaspace] GC(351) Metaspace: 18542K(18752K)->18542K(18752K) NonClass: 15877K(16000K)->15877K(16000K) Class: 2665K(2752K)->2665K(2752K)
[162.886s][info][gc          ] GC(351) Pause Young (Mixed) (G1 Evacuation Pause) 777M->359M(978M) 56.838ms
[162.886s][info][gc,cpu      ] GC(351) User=0.12s Sys=0.00s Real=0.06s
[163.643s][info][gc,start    ] GC(352) Pause Young (Concurrent Start) (G1 Evacuation Pause)
[163.643s][info][gc,task     ] GC(352) Using 2 workers of 2 for evacuation
[163.699s][info][gc,phases   ] GC(352)   Pre Evacuate Collection Set: 0.28ms
[163.699s][info][gc,phases   ] GC(352)   Merge Heap Roots: 0.48ms
[163.699s][info][gc,phases   ] GC(352)   Evacuate Collection Set: 53.90ms
[163.699s][info][gc,phases   ] GC(352)   Post Evacuate Collection Set: 0.61ms
[163.699s][info][gc,phases   ] GC(352)   Other: 0.10ms
[163.699s][info][gc,heap     ] GC(352) Eden regions: 428->0(401)
[163.699s][info][gc,heap     ] GC(352) Survivor regions: 1->46(54)
[163.699s][info][gc,heap     ] GC(352) Old regions: 353->353
[163.699s][info][gc,heap     ] GC(352) Humongous regions: 5->5
[163.699s][info][gc,metaspace] GC(352) Metaspace: 18542K(18752K)->18542K(18752K) NonClass: 15877K(16000K)->15877K(16000K) Class: 2665K(2752K)->2665K(2752K)
[163.699s][info][gc          ] GC(352) Pause Young (Concurrent Start) (G1 Evacuation Pause) 787M->404M(978M) 55.564ms
[163.699s][info][gc,cpu      ] GC(352) User=0.11s Sys=0.00s Real=0.05s
[163.699s][info][gc          ] GC(353) Concurrent Mark Cycle
[163.701s][info][gc,marking  ] GC(353) Concurrent Scan Root Regions
[163.751s][info][gc,marking  ] GC(353) Concurrent Scan Root Regions 50.151ms
[163.751s][info][gc,marking  ] GC(353) Concurrent Mark
[163.751s][info][gc,marking  ] GC(353) Concurrent Mark From Roots
[163.751s][info][gc,task     ] GC(353) Using 1 workers of 1 for marking
[164.220s][info][gc,start    ] GC(354) Pause Young (Normal) (G1 Evacuation Pause)
[164.220s][info][gc,task     ] GC(354) Using 2 workers of 2 for evacuation
[164.328s][info][gc,phases   ] GC(354)   Pre Evacuate Collection Set: 0.28ms
[164.328s][info][gc,phases   ] GC(354)   Merge Heap Roots: 0.20ms
[164.328s][info][gc,phases   ] GC(354)   Evacuate Collection Set: 106.84ms
[164.328s][info][gc,phases   ] GC(354)   Post Evacuate Collection Set: 0.77ms
[164.328s][info][gc,phases   ] GC(354)   Other: 0.13ms
[164.328s][info][gc,heap     ] GC(354) Eden regions: 401->0(339)
[164.328s][info][gc,heap     ] GC(354) Survivor regions: 46->56(56)
[164.328s][info][gc,heap     ] GC(354) Old regions: 353->420
[164.328s][info][gc,heap     ] GC(354) Humongous regions: 5->5
[164.328s][info][gc,metaspace] GC(354) Metaspace: 18544K(18752K)->18544K(18752K) NonClass: 15879K(16000K)->15879K(16000K) Class: 2665K(2752K)->2665K(2752K)
[164.328s][info][gc          ] GC(354) Pause Young (Normal) (G1 Evacuation Pause) 805M->481M(978M) 108.495ms
[164.328s][info][gc,cpu      ] GC(354) User=0.21s Sys=0.00s Real=0.11s
[164.751s][info][gc,start    ] GC(355) Pause Young (Normal) (G1 Evacuation Pause)
[164.751s][info][gc,task     ] GC(355) Using 2 workers of 2 for evacuation
[164.878s][info][gc,phases   ] GC(355)   Pre Evacuate Collection Set: 0.31ms
[164.878s][info][gc,phases   ] GC(355)   Merge Heap Roots: 0.43ms
[164.878s][info][gc,phases   ] GC(355)   Evacuate Collection Set: 125.40ms
[164.878s][info][gc,phases   ] GC(355)   Post Evacuate Collection Set: 0.67ms
[164.878s][info][gc,phases   ] GC(355)   Other: 0.11ms
[164.878s][info][gc,heap     ] GC(355) Eden regions: 339->0(291)
[164.878s][info][gc,heap     ] GC(355) Survivor regions: 56->50(50)
[164.878s][info][gc,heap     ] GC(355) Old regions: 420->480
[164.878s][info][gc,heap     ] GC(355) Humongous regions: 9->9
[164.878s][info][gc,metaspace] GC(355) Metaspace: 18544K(18752K)->18544K(18752K) NonClass: 15879K(16000K)->15879K(16000K) Class: 2665K(2752K)->2665K(2752K)
[164.878s][info][gc          ] GC(355) Pause Young (Normal) (G1 Evacuation Pause) 824M->538M(978M) 127.196ms
[164.878s][info][gc,cpu      ] GC(355) User=0.25s Sys=0.00s Real=0.13s
[164.945s][info][gc,marking  ] GC(353) Concurrent Mark From Roots 1193.892ms
[164.945s][info][gc,marking  ] GC(353) Concurrent Preclean
[164.945s][info][gc,marking  ] GC(353) Concurrent Preclean 0.035ms
[164.945s][info][gc,start    ] GC(353) Pause Remark
[164.952s][info][gc          ] GC(353) Pause Remark 608M->596M(978M) 7.095ms
[164.952s][info][gc,cpu      ] GC(353) User=0.02s Sys=0.00s Real=0.00s
[164.953s][info][gc,marking  ] GC(353) Concurrent Mark 1202.032ms
[164.953s][info][gc,marking  ] GC(353) Concurrent Rebuild Remembered Sets and Scrub Regions
[165.186s][info][gc,start    ] GC(356) Pause Young (Normal) (G1 Evacuation Pause)
[165.186s][info][gc,task     ] GC(356) Using 2 workers of 2 for evacuation
[165.274s][info][gc,phases   ] GC(356)   Pre Evacuate Collection Set: 0.45ms
[165.274s][info][gc,phases   ] GC(356)   Merge Heap Roots: 0.41ms
[165.274s][info][gc,phases   ] GC(356)   Evacuate Collection Set: 86.21ms
[165.274s][info][gc,phases   ] GC(356)   Post Evacuate Collection Set: 0.52ms
[165.274s][info][gc,phases   ] GC(356)   Other: 0.07ms
[165.274s][info][gc,heap     ] GC(356) Eden regions: 291->0(295)
[165.274s][info][gc,heap     ] GC(356) Survivor regions: 50->23(43)
[165.274s][info][gc,heap     ] GC(356) Old regions: 469->519
[165.274s][info][gc,heap     ] GC(356) Humongous regions: 8->8
[165.274s][info][gc,metaspace] GC(356) Metaspace: 18544K(18752K)->18544K(18752K) NonClass: 15879K(16000K)->15879K(16000K) Class: 2665K(2752K)->2665K(2752K)
[165.274s][info][gc          ] GC(356) Pause Young (Normal) (G1 Evacuation Pause) 817M->549M(978M) 87.861ms
[165.274s][info][gc,cpu      ] GC(356) User=0.17s Sys=0.01s Real=0.09s
[165.425s][info][gc,marking  ] GC(353) Concurrent Rebuild Remembered Sets and Scrub Regions 471.937ms
[165.425s][info][gc,start    ] GC(353) Pause Cleanup
[165.426s][info][gc          ] GC(353) Pause Cleanup 670M->670M(978M) 0.132ms
[165.426s][info][gc,cpu      ] GC(353) User=0.00s Sys=0.00s Real=0.00s
[165.426s][info][gc,marking  ] GC(353) Concurrent Clear Claimed Marks
[165.426s][info][gc,marking  ] GC(353) Concurrent Clear Claimed Marks 0.039ms
[165.426s][info][gc,marking  ] GC(353) Concurrent Cleanup for Next Mark
[165.431s][info][gc,marking  ] GC(353) Concurrent Cleanup for Next Mark 4.858ms
[165.431s][info][gc          ] GC(353) Concurrent Mark Cycle 1731.638ms
[165.622s][info][gc,start    ] GC(357) Pause Young (Prepare Mixed) (G1 Evacuation Pause)
[165.622s][info][gc,task     ] GC(357) Using 2 workers of 2 for evacuation
[165.662s][info][gc,phases   ] GC(357)   Pre Evacuate Collection Set: 0.31ms
[165.662s][info][gc,phases   ] GC(357)   Merge Heap Roots: 0.27ms
[165.662s][info][gc,phases   ] GC(357)   Evacuate Collection Set: 39.09ms
[165.662s][info][gc,phases   ] GC(357)   Post Evacuate Collection Set: 0.51ms
[165.662s][info][gc,phases   ] GC(357)   Other: 0.08ms
[165.662s][info][gc,heap     ] GC(357) Eden regions: 295->0(303)
[165.662s][info][gc,heap     ] GC(357) Survivor regions: 23->12(40)
[165.662s][info][gc,heap     ] GC(357) Old regions: 519->541
[165.662s][info][gc,heap     ] GC(357) Humongous regions: 8->8
[165.662s][info][gc,metaspace] GC(357) Metaspace: 18544K(18752K)->18544K(18752K) NonClass: 15879K(16000K)->15879K(16000K) Class: 2665K(2752K)->2665K(2752K)
[165.662s][info][gc          ] GC(357) Pause Young (Prepare Mixed) (G1 Evacuation Pause) 844M->560M(978M) 40.474ms
[165.662s][info][gc,cpu      ] GC(357) User=0.08s Sys=0.00s Real=0.04s
[166.036s][info][gc,start    ] GC(358) Pause Young (Mixed) (G1 Evacuation Pause)
[166.036s][info][gc,task     ] GC(358) Using 2 workers of 2 for evacuation
[166.102s][info][gc,phases   ] GC(358)   Pre Evacuate Collection Set: 0.30ms
[166.102s][info][gc,phases   ] GC(358)   Merge Heap Roots: 0.42ms
[166.102s][info][gc,phases   ] GC(358)   Evacuate Collection Set: 64.88ms
[166.102s][info][gc,phases   ] GC(358)   Post Evacuate Collection Set: 0.59ms
[166.102s][info][gc,phases   ] GC(358)   Other: 0.10ms
[166.102s][info][gc,heap     ] GC(358) Eden regions: 303->0(273)
[166.102s][info][gc,heap     ] GC(358) Survivor regions: 12->40(40)
[166.102s][info][gc,heap     ] GC(358) Old regions: 541->544
[166.102s][info][gc,heap     ] GC(358) Humongous regions: 8->8
[166.102s][info][gc,metaspace] GC(358) Metaspace: 18544K(18752K)->18544K(18752K) NonClass: 15879K(16000K)->15879K(16000K) Class: 2665K(2752K)->2665K(2752K)
[166.102s][info][gc          ] GC(358) Pause Young (Mixed) (G1 Evacuation Pause) 863M->592M(978M) 66.539ms
[166.102s][info][gc,cpu      ] GC(358) User=0.13s Sys=0.00s Real=0.06s
[166.386s][info][gc,start    ] GC(359) Pause Young (Concurrent Start) (G1 Evacuation Pause)
[166.386s][info][gc,task     ] GC(359) Using 2 workers of 2 for evacuation
[166.492s][info][gc,phases   ] GC(359)   Pre Evacuate Collection Set: 0.35ms
[166.492s][info][gc,phases   ] GC(359)   Merge Heap Roots: 0.25ms
[166.492s][info][gc,phases   ] GC(359)   Evacuate Collection Set: 104.53ms
[166.492s][info][gc,phases   ] GC(359)   Post Evacuate Collection Set: 0.74ms
[166.492s][info][gc,phases   ] GC(359)   Other: 0.10ms
[166.492s][info][gc,heap     ] GC(359) Eden regions: 273->0(196)
[166.492s][info][gc,heap     ] GC(359) Survivor regions: 40->40(40)
[166.492s][info][gc,heap     ] GC(359) Old regions: 544->617
[166.492s][info][gc,heap     ] GC(359) Humongous regions: 8->8
[166.492s][info][gc,metaspace] GC(359) Metaspace: 18544K(18752K)->18544K(18752K) NonClass: 15879K(16000K)->15879K(16000K) Class: 2665K(2752K)->2665K(2752K)
[166.492s][info][gc          ] GC(359) Pause Young (Concurrent Start) (G1 Evacuation Pause) 865M->665M(978M) 106.245ms
[166.492s][info][gc          ] GC(360) Concurrent Mark Cycle
[166.492s][info][gc,marking  ] GC(360) Concurrent Scan Root Regions
[166.492s][info][gc,cpu      ] GC(359) User=0.21s Sys=0.00s Real=0.10s
[166.633s][info][gc,marking  ] GC(360) Concurrent Scan Root Regions 140.377ms
[166.633s][info][gc,marking  ] GC(360) Concurrent Mark
[166.633s][info][gc,marking  ] GC(360) Concurrent Mark From Roots
[166.633s][info][gc,task     ] GC(360) Using 1 workers of 1 for marking
[166.975s][info][gc,start    ] GC(361) Pause Young (Normal) (G1 Evacuation Pause)
[166.975s][info][gc,task     ] GC(361) Using 2 workers of 2 for evacuation
[167.057s][info][gc,phases   ] GC(361)   Pre Evacuate Collection Set: 0.54ms
[167.057s][info][gc,phases   ] GC(361)   Merge Heap Roots: 0.50ms
[167.057s][info][gc,phases   ] GC(361)   Evacuate Collection Set: 80.15ms
[167.057s][info][gc,phases   ] GC(361)   Post Evacuate Collection Set: 0.55ms
[167.057s][info][gc,phases   ] GC(361)   Other: 0.12ms
[167.057s][info][gc,heap     ] GC(361) Eden regions: 196->0(187)
[167.057s][info][gc,heap     ] GC(361) Survivor regions: 40->22(30)
[167.057s][info][gc,heap     ] GC(361) Old regions: 617->658
[167.057s][info][gc,heap     ] GC(361) Humongous regions: 11->11
[167.057s][info][gc,metaspace] GC(361) Metaspace: 18544K(18752K)->18544K(18752K) NonClass: 15879K(16000K)->15879K(16000K) Class: 2665K(2752K)->2665K(2752K)
[167.057s][info][gc          ] GC(361) Pause Young (Normal) (G1 Evacuation Pause) 864M->690M(978M) 82.138ms
[167.057s][info][gc,cpu      ] GC(361) User=0.17s Sys=0.00s Real=0.08s
[167.438s][info][gc,start    ] GC(362) Pause Young (Normal) (G1 Evacuation Pause)
[167.438s][info][gc,task     ] GC(362) Using 2 workers of 2 for evacuation
[167.514s][info][gc,phases   ] GC(362)   Pre Evacuate Collection Set: 0.30ms
[167.514s][info][gc,phases   ] GC(362)   Merge Heap Roots: 0.57ms
[167.514s][info][gc,phases   ] GC(362)   Evacuate Collection Set: 74.27ms
[167.514s][info][gc,phases   ] GC(362)   Post Evacuate Collection Set: 0.44ms
[167.514s][info][gc,phases   ] GC(362)   Other: 0.09ms
[167.514s][info][gc,heap     ] GC(362) Eden regions: 187->0(162)
[167.514s][info][gc,heap     ] GC(362) Survivor regions: 22->27(27)
[167.514s][info][gc,heap     ] GC(362) Old regions: 658->687
[167.514s][info][gc,heap     ] GC(362) Humongous regions: 11->11
[167.514s][info][gc,metaspace] GC(362) Metaspace: 18544K(18752K)->18544K(18752K) NonClass: 15879K(16000K)->15879K(16000K) Class: 2665K(2752K)->2665K(2752K)
[167.514s][info][gc          ] GC(362) Pause Young (Normal) (G1 Evacuation Pause) 877M->725M(978M) 75.970ms
[167.514s][info][gc,cpu      ] GC(362) User=0.15s Sys=0.00s Real=0.08s
[167.771s][info][gc,start    ] GC(363) Pause Young (Normal) (G1 Evacuation Pause)
[167.771s][info][gc,task     ] GC(363) Using 2 workers of 2 for evacuation
[167.805s][info][gc,phases   ] GC(363)   Pre Evacuate Collection Set: 0.31ms
[167.805s][info][gc,phases   ] GC(363)   Merge Heap Roots: 0.31ms
[167.805s][info][gc,phases   ] GC(363)   Evacuate Collection Set: 31.86ms
[167.805s][info][gc,phases   ] GC(363)   Post Evacuate Collection Set: 0.48ms
[167.805s][info][gc,phases   ] GC(363)   Other: 0.10ms
[167.805s][info][gc,heap     ] GC(363) Eden regions: 162->0(168)
[167.805s][info][gc,heap     ] GC(363) Survivor regions: 27->5(24)
[167.805s][info][gc,heap     ] GC(363) Old regions: 687->715
[167.805s][info][gc,heap     ] GC(363) Humongous regions: 11->11
[167.805s][info][gc,metaspace] GC(363) Metaspace: 18544K(18752K)->18544K(18752K) NonClass: 15879K(16000K)->15879K(16000K) Class: 2665K(2752K)->2665K(2752K)
[167.805s][info][gc          ] GC(363) Pause Young (Normal) (G1 Evacuation Pause) 887M->730M(978M) 33.317ms
[167.805s][info][gc,cpu      ] GC(363) User=0.06s Sys=0.00s Real=0.04s
[167.915s][info][gc,marking  ] GC(360) Concurrent Mark From Roots 1281.951ms
[167.915s][info][gc,marking  ] GC(360) Concurrent Preclean
[167.915s][info][gc,marking  ] GC(360) Concurrent Preclean 0.033ms
[167.915s][info][gc,start    ] GC(360) Pause Remark
[167.922s][info][gc          ] GC(360) Pause Remark 796M->739M(978M) 7.014ms
[167.922s][info][gc,cpu      ] GC(360) User=0.01s Sys=0.00s Real=0.00s
[167.923s][info][gc,marking  ] GC(360) Concurrent Mark 1290.406ms
[167.923s][info][gc,marking  ] GC(360) Concurrent Rebuild Remembered Sets and Scrub Regions
[168.097s][info][gc,start    ] GC(364) Pause Young (Normal) (G1 Evacuation Pause)
[168.097s][info][gc,task     ] GC(364) Using 2 workers of 2 for evacuation
[168.115s][info][gc,phases   ] GC(364)   Pre Evacuate Collection Set: 0.46ms
[168.115s][info][gc,phases   ] GC(364)   Merge Heap Roots: 0.23ms
[168.115s][info][gc,phases   ] GC(364)   Evacuate Collection Set: 16.14ms
[168.115s][info][gc,phases   ] GC(364)   Post Evacuate Collection Set: 0.44ms
[168.115s][info][gc,phases   ] GC(364)   Other: 0.10ms
[168.115s][info][gc,heap     ] GC(364) Eden regions: 168->0(214)
[168.115s][info][gc,heap     ] GC(364) Survivor regions: 5->9(22)
[168.115s][info][gc,heap     ] GC(364) Old regions: 661->661
[168.115s][info][gc,heap     ] GC(364) Humongous regions: 8->8
[168.115s][info][gc,metaspace] GC(364) Metaspace: 18544K(18752K)->18544K(18752K) NonClass: 15879K(16000K)->15879K(16000K) Class: 2665K(2752K)->2665K(2752K)
[168.115s][info][gc          ] GC(364) Pause Young (Normal) (G1 Evacuation Pause) 841M->677M(978M) 17.556ms
[168.115s][info][gc,cpu      ] GC(364) User=0.03s Sys=0.00s Real=0.02s
[168.533s][info][gc,start    ] GC(365) Pause Young (Normal) (G1 Evacuation Pause)
[168.533s][info][gc,task     ] GC(365) Using 2 workers of 2 for evacuation
[168.582s][info][gc,phases   ] GC(365)   Pre Evacuate Collection Set: 0.47ms
[168.582s][info][gc,phases   ] GC(365)   Merge Heap Roots: 0.59ms
[168.582s][info][gc,phases   ] GC(365)   Evacuate Collection Set: 47.20ms
[168.582s][info][gc,phases   ] GC(365)   Post Evacuate Collection Set: 0.54ms
[168.582s][info][gc,phases   ] GC(365)   Other: 0.08ms
[168.582s][info][gc,heap     ] GC(365) Eden regions: 214->0(202)
[168.582s][info][gc,heap     ] GC(365) Survivor regions: 9->28(28)
[168.582s][info][gc,heap     ] GC(365) Old regions: 661->661
[168.582s][info][gc,heap     ] GC(365) Humongous regions: 8->8
[168.582s][info][gc,metaspace] GC(365) Metaspace: 18544K(18752K)->18544K(18752K) NonClass: 15879K(16000K)->15879K(16000K) Class: 2665K(2752K)->2665K(2752K)
[168.582s][info][gc          ] GC(365) Pause Young (Normal) (G1 Evacuation Pause) 891M->696M(978M) 49.109ms
[168.582s][info][gc,cpu      ] GC(365) User=0.10s Sys=0.00s Real=0.04s
[168.816s][info][gc,marking  ] GC(360) Concurrent Rebuild Remembered Sets and Scrub Regions 892.814ms
[168.818s][info][gc,start    ] GC(360) Pause Cleanup
[168.818s][info][gc          ] GC(360) Pause Cleanup 778M->778M(978M) 0.184ms
[168.818s][info][gc,cpu      ] GC(360) User=0.00s Sys=0.00s Real=0.00s
[168.818s][info][gc,marking  ] GC(360) Concurrent Clear Claimed Marks
[168.818s][info][gc,marking  ] GC(360) Concurrent Clear Claimed Marks 0.065ms
[168.818s][info][gc,marking  ] GC(360) Concurrent Cleanup for Next Mark
[168.825s][info][gc,marking  ] GC(360) Concurrent Cleanup for Next Mark 6.442ms
[168.825s][info][gc          ] GC(360) Concurrent Mark Cycle 2332.540ms
[169.036s][info][gc,start    ] GC(366) Pause Young (Prepare Mixed) (G1 Evacuation Pause)
[169.037s][info][gc,task     ] GC(366) Using 2 workers of 2 for evacuation
[169.110s][info][gc,phases   ] GC(366)   Pre Evacuate Collection Set: 0.52ms
[169.110s][info][gc,phases   ] GC(366)   Merge Heap Roots: 0.54ms
[169.110s][info][gc,phases   ] GC(366)   Evacuate Collection Set: 71.61ms
[169.110s][info][gc,phases   ] GC(366)   Post Evacuate Collection Set: 0.76ms
[169.110s][info][gc,phases   ] GC(366)   Other: 0.08ms
[169.110s][info][gc,heap     ] GC(366) Eden regions: 202->0(166)
[169.110s][info][gc,heap     ] GC(366) Survivor regions: 28->29(29)
[169.110s][info][gc,heap     ] GC(366) Old regions: 661->696
[169.110s][info][gc,heap     ] GC(366) Humongous regions: 8->8
[169.110s][info][gc,metaspace] GC(366) Metaspace: 18544K(18752K)->18544K(18752K) NonClass: 15879K(16000K)->15879K(16000K) Class: 2665K(2752K)->2665K(2752K)
[169.110s][info][gc          ] GC(366) Pause Young (Prepare Mixed) (G1 Evacuation Pause) 898M->733M(978M) 73.701ms
[169.110s][info][gc,cpu      ] GC(366) User=0.14s Sys=0.00s Real=0.07s
[169.307s][info][gc,start    ] GC(367) Pause Young (Mixed) (G1 Evacuation Pause)
[169.307s][info][gc,task     ] GC(367) Using 2 workers of 2 for evacuation
[169.414s][info][gc,phases   ] GC(367)   Pre Evacuate Collection Set: 0.54ms
[169.414s][info][gc,phases   ] GC(367)   Merge Heap Roots: 0.78ms
[169.414s][info][gc,phases   ] GC(367)   Evacuate Collection Set: 101.53ms
[169.414s][info][gc,phases   ] GC(367)   Post Evacuate Collection Set: 4.64ms
[169.414s][info][gc,phases   ] GC(367)   Other: 0.08ms
[169.414s][info][gc,heap     ] GC(367) Eden regions: 166->0(137)
[169.414s][info][gc,heap     ] GC(367) Survivor regions: 29->25(25)
[169.414s][info][gc,heap     ] GC(367) Old regions: 696->726
[169.414s][info][gc,heap     ] GC(367) Humongous regions: 8->8
[169.414s][info][gc,metaspace] GC(367) Metaspace: 18544K(18752K)->18544K(18752K) NonClass: 15879K(16000K)->15879K(16000K) Class: 2665K(2752K)->2665K(2752K)
[169.414s][info][gc          ] GC(367) Pause Young (Mixed) (G1 Evacuation Pause) (Evacuation Failure: Allocation) 899M->759M(978M) 107.813ms
[169.414s][info][gc,cpu      ] GC(367) User=0.22s Sys=0.00s Real=0.11s
[169.643s][info][gc,start    ] GC(368) Pause Young (Mixed) (G1 Evacuation Pause)
[169.643s][info][gc,task     ] GC(368) Using 2 workers of 2 for evacuation
[169.763s][info][gc,phases   ] GC(368)   Pre Evacuate Collection Set: 0.53ms
[169.763s][info][gc,phases   ] GC(368)   Merge Heap Roots: 1.70ms
[169.763s][info][gc,phases   ] GC(368)   Evacuate Collection Set: 104.51ms
[169.763s][info][gc,phases   ] GC(368)   Merge Optional Heap Roots: 0.13ms
[169.763s][info][gc,phases   ] GC(368)   Evacuate Optional Collection Set: 10.57ms
[169.763s][info][gc,phases   ] GC(368)   Post Evacuate Collection Set: 1.98ms
[169.763s][info][gc,phases   ] GC(368)   Other: 0.10ms
[169.763s][info][gc,heap     ] GC(368) Eden regions: 137->0(37)
[169.763s][info][gc,heap     ] GC(368) Survivor regions: 25->11(21)
[169.763s][info][gc,heap     ] GC(368) Old regions: 726->680
[169.763s][info][gc,heap     ] GC(368) Humongous regions: 9->9
[169.763s][info][gc,metaspace] GC(368) Metaspace: 18544K(18752K)->18544K(18752K) NonClass: 15879K(16000K)->15879K(16000K) Class: 2665K(2752K)->2665K(2752K)
[169.763s][info][gc          ] GC(368) Pause Young (Mixed) (G1 Evacuation Pause) 897M->699M(978M) 119.791ms
[169.763s][info][gc,cpu      ] GC(368) User=0.23s Sys=0.00s Real=0.12s
[169.864s][info][gc,start    ] GC(369) Pause Young (Mixed) (G1 Evacuation Pause)
[169.864s][info][gc,task     ] GC(369) Using 2 workers of 2 for evacuation
[170.064s][info][gc,phases   ] GC(369)   Pre Evacuate Collection Set: 0.44ms
[170.064s][info][gc,phases   ] GC(369)   Merge Heap Roots: 2.20ms
[170.064s][info][gc,phases   ] GC(369)   Evacuate Collection Set: 196.86ms
[170.064s][info][gc,phases   ] GC(369)   Post Evacuate Collection Set: 0.30ms
[170.064s][info][gc,phases   ] GC(369)   Other: 0.06ms
[170.064s][info][gc,heap     ] GC(369) Eden regions: 37->0(173)
[170.064s][info][gc,heap     ] GC(369) Survivor regions: 11->6(6)
[170.064s][info][gc,heap     ] GC(369) Old regions: 680->695
[170.064s][info][gc,heap     ] GC(369) Humongous regions: 11->11
[170.064s][info][gc,metaspace] GC(369) Metaspace: 18544K(18752K)->18544K(18752K) NonClass: 15879K(16000K)->15879K(16000K) Class: 2665K(2752K)->2665K(2752K)
[170.064s][info][gc          ] GC(369) Pause Young (Mixed) (G1 Evacuation Pause) 738M->712M(978M) 200.045ms
[170.064s][info][gc,cpu      ] GC(369) User=0.39s Sys=0.00s Real=0.20s
[170.271s][info][gc,start    ] GC(370) Pause Young (Concurrent Start) (G1 Evacuation Pause)
[170.271s][info][gc,task     ] GC(370) Using 2 workers of 2 for evacuation
[170.314s][info][gc,phases   ] GC(370)   Pre Evacuate Collection Set: 0.30ms
[170.314s][info][gc,phases   ] GC(370)   Merge Heap Roots: 0.19ms
[170.314s][info][gc,phases   ] GC(370)   Evacuate Collection Set: 41.78ms
[170.314s][info][gc,phases   ] GC(370)   Post Evacuate Collection Set: 0.46ms
[170.314s][info][gc,phases   ] GC(370)   Other: 0.09ms
[170.314s][info][gc,heap     ] GC(370) Eden regions: 173->0(154)
[170.314s][info][gc,heap     ] GC(370) Survivor regions: 6->23(23)
[170.314s][info][gc,heap     ] GC(370) Old regions: 695->708
[170.314s][info][gc,heap     ] GC(370) Humongous regions: 11->11
[170.314s][info][gc,metaspace] GC(370) Metaspace: 18544K(18752K)->18544K(18752K) NonClass: 15879K(16000K)->15879K(16000K) Class: 2665K(2752K)->2665K(2752K)
[170.314s][info][gc          ] GC(370) Pause Young (Concurrent Start) (G1 Evacuation Pause) 885M->742M(978M) 43.067ms
[170.314s][info][gc,cpu      ] GC(370) User=0.08s Sys=0.00s Real=0.05s
[170.314s][info][gc          ] GC(371) Concurrent Mark Cycle
[170.316s][info][gc,marking  ] GC(371) Concurrent Scan Root Regions
[170.387s][info][gc,marking  ] GC(371) Concurrent Scan Root Regions 70.839ms
[170.387s][info][gc,marking  ] GC(371) Concurrent Mark
[170.387s][info][gc,marking  ] GC(371) Concurrent Mark From Roots
[170.387s][info][gc,task     ] GC(371) Using 1 workers of 1 for marking
[170.519s][info][gc,start    ] GC(372) Pause Young (Normal) (G1 Evacuation Pause)
[170.519s][info][gc,task     ] GC(372) Using 2 workers of 2 for evacuation
[170.552s][info][gc,phases   ] GC(372)   Pre Evacuate Collection Set: 0.30ms
[170.552s][info][gc,phases   ] GC(372)   Merge Heap Roots: 0.19ms
[170.552s][info][gc,phases   ] GC(372)   Evacuate Collection Set: 32.03ms
[170.552s][info][gc,phases   ] GC(372)   Post Evacuate Collection Set: 0.38ms
[170.552s][info][gc,phases   ] GC(372)   Other: 0.09ms
[170.552s][info][gc,heap     ] GC(372) Eden regions: 154->0(159)
[170.552s][info][gc,heap     ] GC(372) Survivor regions: 23->5(23)
[170.552s][info][gc,heap     ] GC(372) Old regions: 708->732
[170.552s][info][gc,heap     ] GC(372) Humongous regions: 11->11
[170.552s][info][gc,metaspace] GC(372) Metaspace: 18544K(18752K)->18544K(18752K) NonClass: 15879K(16000K)->15879K(16000K) Class: 2665K(2752K)->2665K(2752K)
[170.552s][info][gc          ] GC(372) Pause Young (Normal) (G1 Evacuation Pause) 896M->747M(978M) 33.236ms
[170.552s][info][gc,cpu      ] GC(372) User=0.07s Sys=0.00s Real=0.03s
[170.888s][info][gc,start    ] GC(373) Pause Young (Normal) (G1 Evacuation Pause)
[170.888s][info][gc,task     ] GC(373) Using 2 workers of 2 for evacuation
[170.905s][info][gc,phases   ] GC(373)   Pre Evacuate Collection Set: 0.51ms
[170.905s][info][gc,phases   ] GC(373)   Merge Heap Roots: 0.22ms
[170.905s][info][gc,phases   ] GC(373)   Evacuate Collection Set: 15.66ms
[170.905s][info][gc,phases   ] GC(373)   Post Evacuate Collection Set: 0.36ms
[170.905s][info][gc,phases   ] GC(373)   Other: 0.12ms
[170.905s][info][gc,heap     ] GC(373) Eden regions: 159->0(163)
[170.905s][info][gc,heap     ] GC(373) Survivor regions: 5->9(21)
[170.905s][info][gc,heap     ] GC(373) Old regions: 732->732
[170.905s][info][gc,heap     ] GC(373) Humongous regions: 11->11
[170.905s][info][gc,metaspace] GC(373) Metaspace: 18544K(18752K)->18544K(18752K) NonClass: 15879K(16000K)->15879K(16000K) Class: 2665K(2752K)->2665K(2752K)
[170.905s][info][gc          ] GC(373) Pause Young (Normal) (G1 Evacuation Pause) 906M->751M(978M) 17.126ms
[170.905s][info][gc,cpu      ] GC(373) User=0.04s Sys=0.00s Real=0.02s
[171.234s][info][gc,start    ] GC(374) Pause Young (Normal) (G1 Evacuation Pause)
[171.234s][info][gc,task     ] GC(374) Using 2 workers of 2 for evacuation
[171.255s][info][gc,phases   ] GC(374)   Pre Evacuate Collection Set: 0.50ms
[171.255s][info][gc,phases   ] GC(374)   Merge Heap Roots: 0.15ms
[171.255s][info][gc,phases   ] GC(374)   Evacuate Collection Set: 19.64ms
[171.255s][info][gc,phases   ] GC(374)   Post Evacuate Collection Set: 0.41ms
[171.255s][info][gc,phases   ] GC(374)   Other: 0.07ms
[171.255s][info][gc,heap     ] GC(374) Eden regions: 163->0(149)
[171.255s][info][gc,heap     ] GC(374) Survivor regions: 9->18(22)
[171.255s][info][gc,heap     ] GC(374) Old regions: 732->732
[171.255s][info][gc,heap     ] GC(374) Humongous regions: 11->11
[171.255s][info][gc,metaspace] GC(374) Metaspace: 18544K(18752K)->18544K(18752K) NonClass: 15879K(16000K)->15879K(16000K) Class: 2665K(2752K)->2665K(2752K)
[171.255s][info][gc          ] GC(374) Pause Young (Normal) (G1 Evacuation Pause) 914M->760M(978M) 20.966ms
[171.255s][info][gc,cpu      ] GC(374) User=0.04s Sys=0.00s Real=0.02s
[171.627s][info][gc,start    ] GC(375) Pause Young (Normal) (G1 Evacuation Pause)
[171.627s][info][gc,task     ] GC(375) Using 2 workers of 2 for evacuation
[171.667s][info][gc,phases   ] GC(375)   Pre Evacuate Collection Set: 0.30ms
[171.667s][info][gc,phases   ] GC(375)   Merge Heap Roots: 0.26ms
[171.667s][info][gc,phases   ] GC(375)   Evacuate Collection Set: 39.04ms
[171.667s][info][gc,phases   ] GC(375)   Post Evacuate Collection Set: 0.38ms
[171.667s][info][gc,phases   ] GC(375)   Other: 0.11ms
[171.667s][info][gc,heap     ] GC(375) Eden regions: 149->0(129)
[171.667s][info][gc,heap     ] GC(375) Survivor regions: 18->21(21)
[171.667s][info][gc,heap     ] GC(375) Old regions: 732->746
[171.667s][info][gc,heap     ] GC(375) Humongous regions: 11->11
[171.667s][info][gc,metaspace] GC(375) Metaspace: 18544K(18752K)->18544K(18752K) NonClass: 15879K(16000K)->15879K(16000K) Class: 2665K(2752K)->2665K(2752K)
[171.667s][info][gc          ] GC(375) Pause Young (Normal) (G1 Evacuation Pause) 909M->777M(978M) 40.360ms
[171.667s][info][gc,cpu      ] GC(375) User=0.08s Sys=0.00s Real=0.04s
[171.754s][info][gc,marking  ] GC(371) Concurrent Mark From Roots 1367.353ms
[171.754s][info][gc,marking  ] GC(371) Concurrent Preclean
[171.754s][info][gc,marking  ] GC(371) Concurrent Preclean 0.035ms
[171.754s][info][gc,start    ] GC(371) Pause Remark
[171.762s][info][gc          ] GC(371) Pause Remark 805M->644M(978M) 7.578ms
[171.762s][info][gc,cpu      ] GC(371) User=0.02s Sys=0.00s Real=0.00s
[171.764s][info][gc,marking  ] GC(371) Concurrent Mark 1376.985ms
[171.764s][info][gc,marking  ] GC(371) Concurrent Rebuild Remembered Sets and Scrub Regions
[172.185s][info][gc,start    ] GC(376) Pause Young (Normal) (G1 Evacuation Pause)
[172.185s][info][gc,task     ] GC(376) Using 2 workers of 2 for evacuation
[172.208s][info][gc,phases   ] GC(376)   Pre Evacuate Collection Set: 0.49ms
[172.208s][info][gc,phases   ] GC(376)   Merge Heap Roots: 0.18ms
[172.208s][info][gc,phases   ] GC(376)   Evacuate Collection Set: 21.29ms
[172.208s][info][gc,phases   ] GC(376)   Post Evacuate Collection Set: 0.36ms
[172.208s][info][gc,phases   ] GC(376)   Other: 0.10ms
[172.208s][info][gc,heap     ] GC(376) Eden regions: 129->0(257)
[172.208s][info][gc,heap     ] GC(376) Survivor regions: 21->1(19)
[172.208s][info][gc,heap     ] GC(376) Old regions: 590->611
[172.208s][info][gc,heap     ] GC(376) Humongous regions: 6->6
[172.208s][info][gc,metaspace] GC(376) Metaspace: 18544K(18752K)->18544K(18752K) NonClass: 15879K(16000K)->15879K(16000K) Class: 2665K(2752K)->2665K(2752K)
[172.208s][info][gc          ] GC(376) Pause Young (Normal) (G1 Evacuation Pause) 745M->618M(978M) 22.640ms
[172.208s][info][gc,cpu      ] GC(376) User=0.04s Sys=0.00s Real=0.02s
[172.352s][info][gc,marking  ] GC(371) Concurrent Rebuild Remembered Sets and Scrub Regions 588.606ms
[172.353s][info][gc,start    ] GC(371) Pause Cleanup
[172.353s][info][gc          ] GC(371) Pause Cleanup 659M->659M(978M) 0.141ms
[172.353s][info][gc,cpu      ] GC(371) User=0.00s Sys=0.00s Real=0.00s
[172.353s][info][gc,marking  ] GC(371) Concurrent Clear Claimed Marks
[172.353s][info][gc,marking  ] GC(371) Concurrent Clear Claimed Marks 0.032ms
[172.353s][info][gc,marking  ] GC(371) Concurrent Cleanup for Next Mark
[172.356s][info][gc,marking  ] GC(371) Concurrent Cleanup for Next Mark 2.820ms
[172.356s][info][gc          ] GC(371) Concurrent Mark Cycle 2041.618ms
[172.760s][info][gc,start    ] GC(377) Pause Young (Prepare Mixed) (G1 Evacuation Pause)
[172.760s][info][gc,task     ] GC(377) Using 2 workers of 2 for evacuation
[172.792s][info][gc,phases   ] GC(377)   Pre Evacuate Collection Set: 0.50ms
[172.792s][info][gc,phases   ] GC(377)   Merge Heap Roots: 0.42ms
[172.792s][info][gc,phases   ] GC(377)   Evacuate Collection Set: 30.30ms
[172.792s][info][gc,phases   ] GC(377)   Post Evacuate Collection Set: 0.48ms
[172.792s][info][gc,phases   ] GC(377)   Other: 0.10ms
[172.792s][info][gc,heap     ] GC(377) Eden regions: 257->0(246)
[172.792s][info][gc,heap     ] GC(377) Survivor regions: 1->22(33)
[172.792s][info][gc,heap     ] GC(377) Old regions: 611->611
[172.792s][info][gc,heap     ] GC(377) Humongous regions: 6->6
[172.792s][info][gc,metaspace] GC(377) Metaspace: 18544K(18752K)->18544K(18752K) NonClass: 15879K(16000K)->15879K(16000K) Class: 2665K(2752K)->2665K(2752K)
[172.792s][info][gc          ] GC(377) Pause Young (Prepare Mixed) (G1 Evacuation Pause) 875M->638M(978M) 32.058ms
[172.792s][info][gc,cpu      ] GC(377) User=0.07s Sys=0.00s Real=0.03s
[173.048s][info][gc,start    ] GC(378) Pause Young (Mixed) (G1 Evacuation Pause)
[173.049s][info][gc,task     ] GC(378) Using 2 workers of 2 for evacuation
[173.153s][info][gc,phases   ] GC(378)   Pre Evacuate Collection Set: 0.35ms
[173.153s][info][gc,phases   ] GC(378)   Merge Heap Roots: 0.70ms
[173.153s][info][gc,phases   ] GC(378)   Evacuate Collection Set: 96.71ms
[173.153s][info][gc,phases   ] GC(378)   Merge Optional Heap Roots: 0.18ms
[173.153s][info][gc,phases   ] GC(378)   Evacuate Optional Collection Set: 5.42ms
[173.153s][info][gc,phases   ] GC(378)   Post Evacuate Collection Set: 1.01ms
[173.153s][info][gc,phases   ] GC(378)   Other: 0.12ms
[173.153s][info][gc,heap     ] GC(378) Eden regions: 246->0(225)
[173.153s][info][gc,heap     ] GC(378) Survivor regions: 22->34(34)
[173.153s][info][gc,heap     ] GC(378) Old regions: 611->601
[173.153s][info][gc,heap     ] GC(378) Humongous regions: 6->6
[173.153s][info][gc,metaspace] GC(378) Metaspace: 18544K(18752K)->18544K(18752K) NonClass: 15879K(16000K)->15879K(16000K) Class: 2665K(2752K)->2665K(2752K)
[173.153s][info][gc          ] GC(378) Pause Young (Mixed) (G1 Evacuation Pause) (Evacuation Failure: Allocation) 884M->641M(978M) 104.764ms
[173.153s][info][gc,cpu      ] GC(378) User=0.21s Sys=0.00s Real=0.11s
[173.451s][info][gc,start    ] GC(379) Pause Young (Mixed) (G1 Evacuation Pause)
[173.451s][info][gc,task     ] GC(379) Using 2 workers of 2 for evacuation
[173.557s][info][gc,phases   ] GC(379)   Pre Evacuate Collection Set: 0.50ms
[173.557s][info][gc,phases   ] GC(379)   Merge Heap Roots: 0.71ms
[173.557s][info][gc,phases   ] GC(379)   Evacuate Collection Set: 103.50ms
[173.557s][info][gc,phases   ] GC(379)   Post Evacuate Collection Set: 0.62ms
[173.557s][info][gc,phases   ] GC(379)   Other: 0.10ms
[173.557s][info][gc,heap     ] GC(379) Eden regions: 231->0(198)
[173.557s][info][gc,heap     ] GC(379) Survivor regions: 34->34(34)
[173.557s][info][gc,heap     ] GC(379) Old regions: 601->637
[173.557s][info][gc,heap     ] GC(379) Humongous regions: 9->9
[173.557s][info][gc,metaspace] GC(379) Metaspace: 18544K(18752K)->18544K(18752K) NonClass: 15879K(16000K)->15879K(16000K) Class: 2665K(2752K)->2665K(2752K)
[173.557s][info][gc          ] GC(379) Pause Young (Mixed) (G1 Evacuation Pause) 875M->679M(978M) 105.686ms
[173.557s][info][gc,cpu      ] GC(379) User=0.21s Sys=0.00s Real=0.11s
[173.753s][info][gc,start    ] GC(380) Pause Young (Concurrent Start) (G1 Evacuation Pause)
[173.753s][info][gc,task     ] GC(380) Using 2 workers of 2 for evacuation
[173.815s][info][gc,phases   ] GC(380)   Pre Evacuate Collection Set: 0.31ms
[173.815s][info][gc,phases   ] GC(380)   Merge Heap Roots: 0.32ms
[173.815s][info][gc,phases   ] GC(380)   Evacuate Collection Set: 60.57ms
[173.815s][info][gc,phases   ] GC(380)   Post Evacuate Collection Set: 0.46ms
[173.815s][info][gc,phases   ] GC(380)   Other: 0.12ms
[173.815s][info][gc,heap     ] GC(380) Eden regions: 198->0(195)
[173.815s][info][gc,heap     ] GC(380) Survivor regions: 34->15(29)
[173.815s][info][gc,heap     ] GC(380) Old regions: 637->671
[173.815s][info][gc,heap     ] GC(380) Humongous regions: 9->9
[173.815s][info][gc,metaspace] GC(380) Metaspace: 18544K(18752K)->18544K(18752K) NonClass: 15879K(16000K)->15879K(16000K) Class: 2665K(2752K)->2665K(2752K)
[173.815s][info][gc          ] GC(380) Pause Young (Concurrent Start) (G1 Evacuation Pause) 877M->694M(978M) 62.003ms
[173.815s][info][gc          ] GC(381) Concurrent Mark Cycle
[173.815s][info][gc,marking  ] GC(381) Concurrent Scan Root Regions
[173.817s][info][gc,cpu      ] GC(380) User=0.12s Sys=0.00s Real=0.07s
[173.909s][info][gc,marking  ] GC(381) Concurrent Scan Root Regions 93.797ms
[173.909s][info][gc,marking  ] GC(381) Concurrent Mark
[173.909s][info][gc,marking  ] GC(381) Concurrent Mark From Roots
[173.909s][info][gc,task     ] GC(381) Using 1 workers of 1 for marking
[174.139s][info][gc,start    ] GC(382) Pause Young (Normal) (G1 Evacuation Pause)
[174.139s][info][gc,task     ] GC(382) Using 2 workers of 2 for evacuation
[174.165s][info][gc,phases   ] GC(382)   Pre Evacuate Collection Set: 0.50ms
[174.165s][info][gc,phases   ] GC(382)   Merge Heap Roots: 0.22ms
[174.165s][info][gc,phases   ] GC(382)   Evacuate Collection Set: 24.24ms
[174.165s][info][gc,phases   ] GC(382)   Post Evacuate Collection Set: 0.43ms
[174.165s][info][gc,phases   ] GC(382)   Other: 0.09ms
[174.165s][info][gc,heap     ] GC(382) Eden regions: 195->0(202)
[174.165s][info][gc,heap     ] GC(382) Survivor regions: 15->5(27)
[174.165s][info][gc,heap     ] GC(382) Old regions: 671->686
[174.165s][info][gc,heap     ] GC(382) Humongous regions: 9->9
[174.165s][info][gc,metaspace] GC(382) Metaspace: 18544K(18752K)->18544K(18752K) NonClass: 15879K(16000K)->15879K(16000K) Class: 2665K(2752K)->2665K(2752K)
[174.165s][info][gc          ] GC(382) Pause Young (Normal) (G1 Evacuation Pause) 889M->699M(978M) 25.678ms
[174.165s][info][gc,cpu      ] GC(382) User=0.05s Sys=0.00s Real=0.03s
[174.670s][info][gc,start    ] GC(383) Pause Young (Normal) (G1 Evacuation Pause)
[174.670s][info][gc,task     ] GC(383) Using 2 workers of 2 for evacuation
[174.698s][info][gc,phases   ] GC(383)   Pre Evacuate Collection Set: 0.28ms
[174.698s][info][gc,phases   ] GC(383)   Merge Heap Roots: 0.16ms
[174.698s][info][gc,phases   ] GC(383)   Evacuate Collection Set: 26.45ms
[174.698s][info][gc,phases   ] GC(383)   Post Evacuate Collection Set: 0.42ms
[174.698s][info][gc,phases   ] GC(383)   Other: 0.08ms
[174.698s][info][gc,heap     ] GC(383) Eden regions: 202->0(185)
[174.698s][info][gc,heap     ] GC(383) Survivor regions: 5->24(26)
[174.698s][info][gc,heap     ] GC(383) Old regions: 686->686
[174.698s][info][gc,heap     ] GC(383) Humongous regions: 9->9
[174.698s][info][gc,metaspace] GC(383) Metaspace: 18544K(18752K)->18544K(18752K) NonClass: 15879K(16000K)->15879K(16000K) Class: 2665K(2752K)->2665K(2752K)
[174.698s][info][gc          ] GC(383) Pause Young (Normal) (G1 Evacuation Pause) 901M->718M(978M) 27.620ms
[174.698s][info][gc,cpu      ] GC(383) User=0.06s Sys=0.00s Real=0.03s
[175.209s][info][gc,marking  ] GC(381) Concurrent Mark From Roots 1300.015ms
[175.209s][info][gc,marking  ] GC(381) Concurrent Preclean
[175.209s][info][gc,marking  ] GC(381) Concurrent Preclean 0.046ms
[175.209s][info][gc,start    ] GC(381) Pause Remark
[175.352s][info][gc          ] GC(381) Pause Remark 858M->846M(978M) 143.292ms
[175.352s][info][gc,cpu      ] GC(381) User=0.28s Sys=0.00s Real=0.14s
[175.355s][info][gc,marking  ] GC(381) Concurrent Mark 1446.145ms
[175.355s][info][gc,marking  ] GC(381) Concurrent Rebuild Remembered Sets and Scrub Regions
[175.514s][info][gc,start    ] GC(384) Pause Young (Normal) (G1 Evacuation Pause)
[175.514s][info][gc,task     ] GC(384) Using 2 workers of 2 for evacuation
[175.560s][info][gc,phases   ] GC(384)   Pre Evacuate Collection Set: 0.47ms
[175.560s][info][gc,phases   ] GC(384)   Merge Heap Roots: 0.49ms
[175.560s][info][gc,phases   ] GC(384)   Evacuate Collection Set: 44.45ms
[175.560s][info][gc,phases   ] GC(384)   Post Evacuate Collection Set: 0.42ms
[175.560s][info][gc,phases   ] GC(384)   Other: 0.10ms
[175.560s][info][gc,heap     ] GC(384) Eden regions: 185->0(199)
[175.560s][info][gc,heap     ] GC(384) Survivor regions: 24->8(27)
[175.560s][info][gc,heap     ] GC(384) Old regions: 675->699
[175.560s][info][gc,heap     ] GC(384) Humongous regions: 8->8
[175.560s][info][gc,metaspace] GC(384) Metaspace: 18544K(18752K)->18544K(18752K) NonClass: 15879K(16000K)->15879K(16000K) Class: 2665K(2752K)->2665K(2752K)
[175.560s][info][gc          ] GC(384) Pause Young (Normal) (G1 Evacuation Pause) 891M->714M(978M) 46.160ms
[175.560s][info][gc,cpu      ] GC(384) User=0.09s Sys=0.00s Real=0.04s
[175.988s][info][gc,start    ] GC(385) Pause Young (Normal) (G1 Evacuation Pause)
[175.988s][info][gc,task     ] GC(385) Using 2 workers of 2 for evacuation
[176.012s][info][gc,phases   ] GC(385)   Pre Evacuate Collection Set: 0.29ms
[176.012s][info][gc,phases   ] GC(385)   Merge Heap Roots: 0.16ms
[176.012s][info][gc,phases   ] GC(385)   Evacuate Collection Set: 22.65ms
[176.012s][info][gc,phases   ] GC(385)   Post Evacuate Collection Set: 0.44ms
[176.012s][info][gc,phases   ] GC(385)   Other: 0.11ms
[176.012s][info][gc,heap     ] GC(385) Eden regions: 199->0(175)
[176.012s][info][gc,heap     ] GC(385) Survivor regions: 8->23(26)
[176.012s][info][gc,heap     ] GC(385) Old regions: 699->699
[176.012s][info][gc,heap     ] GC(385) Humongous regions: 8->8
[176.012s][info][gc,metaspace] GC(385) Metaspace: 18545K(18752K)->18545K(18752K) NonClass: 15879K(16000K)->15879K(16000K) Class: 2665K(2752K)->2665K(2752K)
[176.012s][info][gc          ] GC(385) Pause Young (Normal) (G1 Evacuation Pause) 913M->729M(978M) 23.846ms
[176.012s][info][gc,cpu      ] GC(385) User=0.05s Sys=0.00s Real=0.02s
[176.126s][info][gc,marking  ] GC(381) Concurrent Rebuild Remembered Sets and Scrub Regions 771.297ms
[176.126s][info][gc,start    ] GC(381) Pause Cleanup
[176.127s][info][gc          ] GC(381) Pause Cleanup 806M->806M(978M) 0.115ms
[176.127s][info][gc,cpu      ] GC(381) User=0.00s Sys=0.00s Real=0.00s
[176.127s][info][gc,marking  ] GC(381) Concurrent Clear Claimed Marks
[176.127s][info][gc,marking  ] GC(381) Concurrent Clear Claimed Marks 0.027ms
[176.127s][info][gc,marking  ] GC(381) Concurrent Cleanup for Next Mark
[176.129s][info][gc,marking  ] GC(381) Concurrent Cleanup for Next Mark 2.822ms
[176.130s][info][gc          ] GC(381) Concurrent Mark Cycle 2314.638ms
[176.236s][info][gc,start    ] GC(386) Pause Young (Prepare Mixed) (G1 Evacuation Pause)
[176.236s][info][gc,task     ] GC(386) Using 2 workers of 2 for evacuation
[176.270s][info][gc,phases   ] GC(386)   Pre Evacuate Collection Set: 0.32ms
[176.270s][info][gc,phases   ] GC(386)   Merge Heap Roots: 0.14ms
[176.270s][info][gc,phases   ] GC(386)   Evacuate Collection Set: 33.11ms
[176.270s][info][gc,phases   ] GC(386)   Post Evacuate Collection Set: 0.43ms
[176.270s][info][gc,phases   ] GC(386)   Other: 0.08ms
[176.270s][info][gc,heap     ] GC(386) Eden regions: 175->0(159)
[176.270s][info][gc,heap     ] GC(386) Survivor regions: 23->25(25)
[176.270s][info][gc,heap     ] GC(386) Old regions: 699->711
[176.270s][info][gc,heap     ] GC(386) Humongous regions: 8->8
[176.270s][info][gc,metaspace] GC(386) Metaspace: 18549K(18752K)->18549K(18752K) NonClass: 15884K(16000K)->15884K(16000K) Class: 2665K(2752K)->2665K(2752K)
[176.270s][info][gc          ] GC(386) Pause Young (Prepare Mixed) (G1 Evacuation Pause) 904M->743M(978M) 34.337ms
[176.270s][info][gc,cpu      ] GC(386) User=0.07s Sys=0.00s Real=0.03s
[176.427s][info][gc,start    ] GC(387) Pause Young (Mixed) (G1 Evacuation Pause)
[176.427s][info][gc,task     ] GC(387) Using 2 workers of 2 for evacuation
[176.469s][info][gc,phases   ] GC(387)   Pre Evacuate Collection Set: 0.31ms
[176.470s][info][gc,phases   ] GC(387)   Merge Heap Roots: 0.22ms
[176.470s][info][gc,phases   ] GC(387)   Evacuate Collection Set: 41.51ms
[176.470s][info][gc,phases   ] GC(387)   Post Evacuate Collection Set: 0.47ms
[176.470s][info][gc,phases   ] GC(387)   Other: 0.08ms
[176.470s][info][gc,heap     ] GC(387) Eden regions: 159->0(170)
[176.470s][info][gc,heap     ] GC(387) Survivor regions: 25->16(23)
[176.470s][info][gc,heap     ] GC(387) Old regions: 711->718
[176.470s][info][gc,heap     ] GC(387) Humongous regions: 8->8
[176.470s][info][gc,metaspace] GC(387) Metaspace: 18549K(18752K)->18549K(18752K) NonClass: 15884K(16000K)->15884K(16000K) Class: 2665K(2752K)->2665K(2752K)
[176.470s][info][gc          ] GC(387) Pause Young (Mixed) (G1 Evacuation Pause) 902M->741M(978M) 42.837ms
[176.470s][info][gc,cpu      ] GC(387) User=0.08s Sys=0.00s Real=0.04s
[176.818s][info][gc,start    ] GC(388) Pause Young (Concurrent Start) (G1 Evacuation Pause)
[176.818s][info][gc,task     ] GC(388) Using 2 workers of 2 for evacuation
[176.843s][info][gc,phases   ] GC(388)   Pre Evacuate Collection Set: 0.38ms
[176.843s][info][gc,phases   ] GC(388)   Merge Heap Roots: 0.16ms
[176.843s][info][gc,phases   ] GC(388)   Evacuate Collection Set: 23.49ms
[176.843s][info][gc,phases   ] GC(388)   Post Evacuate Collection Set: 0.46ms
[176.843s][info][gc,phases   ] GC(388)   Other: 0.21ms
[176.843s][info][gc,heap     ] GC(388) Eden regions: 170->0(179)
[176.843s][info][gc,heap     ] GC(388) Survivor regions: 16->4(24)
[176.843s][info][gc,heap     ] GC(388) Old regions: 718->733
[176.843s][info][gc,heap     ] GC(388) Humongous regions: 8->8
[176.843s][info][gc,metaspace] GC(388) Metaspace: 18554K(18752K)->18554K(18752K) NonClass: 15889K(16000K)->15889K(16000K) Class: 2665K(2752K)->2665K(2752K)
[176.843s][info][gc          ] GC(388) Pause Young (Concurrent Start) (G1 Evacuation Pause) 911M->744M(978M) 24.988ms
[176.843s][info][gc,cpu      ] GC(388) User=0.04s Sys=0.00s Real=0.03s
[176.843s][info][gc          ] GC(389) Concurrent Mark Cycle
[176.843s][info][gc,marking  ] GC(389) Concurrent Scan Root Regions
[176.882s][info][gc,marking  ] GC(389) Concurrent Scan Root Regions 38.387ms
[176.882s][info][gc,marking  ] GC(389) Concurrent Mark
[176.882s][info][gc,marking  ] GC(389) Concurrent Mark From Roots
[176.882s][info][gc,task     ] GC(389) Using 1 workers of 1 for marking
[177.326s][info][gc,start    ] GC(390) Pause Young (Normal) (G1 Evacuation Pause)
[177.326s][info][gc,task     ] GC(390) Using 2 workers of 2 for evacuation
[177.343s][info][gc,phases   ] GC(390)   Pre Evacuate Collection Set: 0.52ms
[177.343s][info][gc,phases   ] GC(390)   Merge Heap Roots: 0.11ms
[177.343s][info][gc,phases   ] GC(390)   Evacuate Collection Set: 16.11ms
[177.343s][info][gc,phases   ] GC(390)   Post Evacuate Collection Set: 0.42ms
[177.343s][info][gc,phases   ] GC(390)   Other: 0.09ms
[177.343s][info][gc,heap     ] GC(390) Eden regions: 179->0(153)
[177.343s][info][gc,heap     ] GC(390) Survivor regions: 4->17(23)
[177.343s][info][gc,heap     ] GC(390) Old regions: 733->733
[177.343s][info][gc,heap     ] GC(390) Humongous regions: 8->8
[177.343s][info][gc,metaspace] GC(390) Metaspace: 18557K(18752K)->18557K(18752K) NonClass: 15892K(16000K)->15892K(16000K) Class: 2665K(2752K)->2665K(2752K)
[177.343s][info][gc          ] GC(390) Pause Young (Normal) (G1 Evacuation Pause) 923M->757M(978M) 17.455ms
[177.343s][info][gc,cpu      ] GC(390) User=0.04s Sys=0.00s Real=0.02s
[177.652s][info][gc,start    ] GC(391) Pause Young (Normal) (G1 Evacuation Pause)
[177.652s][info][gc,task     ] GC(391) Using 2 workers of 2 for evacuation
[177.680s][info][gc,phases   ] GC(391)   Pre Evacuate Collection Set: 0.30ms
[177.680s][info][gc,phases   ] GC(391)   Merge Heap Roots: 0.11ms
[177.680s][info][gc,phases   ] GC(391)   Evacuate Collection Set: 27.33ms
[177.680s][info][gc,phases   ] GC(391)   Post Evacuate Collection Set: 0.42ms
[177.680s][info][gc,phases   ] GC(391)   Other: 0.12ms
[177.680s][info][gc,heap     ] GC(391) Eden regions: 153->0(142)
[177.680s][info][gc,heap     ] GC(391) Survivor regions: 17->14(22)
[177.680s][info][gc,heap     ] GC(391) Old regions: 733->750
[177.680s][info][gc,heap     ] GC(391) Humongous regions: 8->8
[177.680s][info][gc,metaspace] GC(391) Metaspace: 18557K(18752K)->18557K(18752K) NonClass: 15892K(16000K)->15892K(16000K) Class: 2665K(2752K)->2665K(2752K)
[177.680s][info][gc          ] GC(391) Pause Young (Normal) (G1 Evacuation Pause) 910M->771M(978M) 28.502ms
[177.680s][info][gc,cpu      ] GC(391) User=0.05s Sys=0.00s Real=0.03s
[177.913s][info][gc,start    ] GC(392) Pause Young (Normal) (G1 Evacuation Pause)
[177.913s][info][gc,task     ] GC(392) Using 2 workers of 2 for evacuation
[177.965s][info][gc,phases   ] GC(392)   Pre Evacuate Collection Set: 0.50ms
[177.965s][info][gc,phases   ] GC(392)   Merge Heap Roots: 0.08ms
[177.965s][info][gc,phases   ] GC(392)   Evacuate Collection Set: 51.14ms
[177.965s][info][gc,phases   ] GC(392)   Post Evacuate Collection Set: 0.51ms
[177.965s][info][gc,phases   ] GC(392)   Other: 0.08ms
[177.965s][info][gc,heap     ] GC(392) Eden regions: 142->0(91)
[177.965s][info][gc,heap     ] GC(392) Survivor regions: 14->20(20)
[177.965s][info][gc,heap     ] GC(392) Old regions: 750->789
[177.965s][info][gc,heap     ] GC(392) Humongous regions: 8->8
[177.965s][info][gc,metaspace] GC(392) Metaspace: 18557K(18752K)->18557K(18752K) NonClass: 15892K(16000K)->15892K(16000K) Class: 2665K(2752K)->2665K(2752K)
[177.965s][info][gc          ] GC(392) Pause Young (Normal) (G1 Evacuation Pause) 913M->817M(978M) 52.524ms
[177.966s][info][gc,cpu      ] GC(392) User=0.10s Sys=0.00s Real=0.05s
[178.089s][info][gc,marking  ] GC(389) Concurrent Mark From Roots 1207.218ms
[178.089s][info][gc,marking  ] GC(389) Concurrent Preclean
[178.089s][info][gc,marking  ] GC(389) Concurrent Preclean 0.041ms
[178.089s][info][gc,start    ] GC(389) Pause Remark
[178.096s][info][gc          ] GC(389) Pause Remark 872M->601M(978M) 7.100ms
[178.096s][info][gc,cpu      ] GC(389) User=0.01s Sys=0.00s Real=0.01s
[178.097s][info][gc,marking  ] GC(389) Concurrent Mark 1215.386ms
[178.097s][info][gc,marking  ] GC(389) Concurrent Rebuild Remembered Sets and Scrub Regions
[178.254s][info][gc,start    ] GC(393) Pause Young (Normal) (G1 Evacuation Pause)
[178.254s][info][gc,task     ] GC(393) Using 2 workers of 2 for evacuation
[178.290s][info][gc,phases   ] GC(393)   Pre Evacuate Collection Set: 0.29ms
[178.290s][info][gc,phases   ] GC(393)   Merge Heap Roots: 0.33ms
[178.290s][info][gc,phases   ] GC(393)   Evacuate Collection Set: 34.79ms
[178.290s][info][gc,phases   ] GC(393)   Post Evacuate Collection Set: 0.38ms
[178.290s][info][gc,phases   ] GC(393)   Other: 0.09ms
[178.290s][info][gc,heap     ] GC(393) Eden regions: 91->0(307)
[178.290s][info][gc,heap     ] GC(393) Survivor regions: 20->14(14)
[178.290s][info][gc,heap     ] GC(393) Old regions: 522->543
[178.290s][info][gc,heap     ] GC(393) Humongous regions: 4->4
[178.290s][info][gc,metaspace] GC(393) Metaspace: 18557K(18752K)->18557K(18752K) NonClass: 15892K(16000K)->15892K(16000K) Class: 2665K(2752K)->2665K(2752K)
[178.290s][info][gc          ] GC(393) Pause Young (Normal) (G1 Evacuation Pause) 637M->561M(978M) 36.098ms
[178.290s][info][gc,cpu      ] GC(393) User=0.07s Sys=0.00s Real=0.03s
[178.596s][info][gc,marking  ] GC(389) Concurrent Rebuild Remembered Sets and Scrub Regions 499.163ms
[178.596s][info][gc,start    ] GC(389) Pause Cleanup
[178.596s][info][gc          ] GC(389) Pause Cleanup 713M->713M(978M) 0.118ms
[178.596s][info][gc,cpu      ] GC(389) User=0.00s Sys=0.00s Real=0.00s
[178.596s][info][gc,marking  ] GC(389) Concurrent Clear Claimed Marks
[178.597s][info][gc,marking  ] GC(389) Concurrent Clear Claimed Marks 0.030ms
[178.597s][info][gc,marking  ] GC(389) Concurrent Cleanup for Next Mark
[178.599s][info][gc,marking  ] GC(389) Concurrent Cleanup for Next Mark 2.823ms
[178.599s][info][gc          ] GC(389) Concurrent Mark Cycle 1756.314ms
[178.806s][info][gc,start    ] GC(394) Pause Young (Prepare Mixed) (G1 Evacuation Pause)
[178.806s][info][gc,task     ] GC(394) Using 2 workers of 2 for evacuation
[178.895s][info][gc,phases   ] GC(394)   Pre Evacuate Collection Set: 0.51ms
[178.895s][info][gc,phases   ] GC(394)   Merge Heap Roots: 0.74ms
[178.895s][info][gc,phases   ] GC(394)   Evacuate Collection Set: 87.30ms
[178.895s][info][gc,phases   ] GC(394)   Post Evacuate Collection Set: 0.72ms
[178.895s][info][gc,phases   ] GC(394)   Other: 0.08ms
[178.895s][info][gc,heap     ] GC(394) Eden regions: 307->0(260)
[178.895s][info][gc,heap     ] GC(394) Survivor regions: 14->41(41)
[178.895s][info][gc,heap     ] GC(394) Old regions: 543->560
[178.895s][info][gc,heap     ] GC(394) Humongous regions: 7->7
[178.895s][info][gc,metaspace] GC(394) Metaspace: 18557K(18752K)->18557K(18752K) NonClass: 15892K(16000K)->15892K(16000K) Class: 2665K(2752K)->2665K(2752K)
[178.895s][info][gc          ] GC(394) Pause Young (Prepare Mixed) (G1 Evacuation Pause) 871M->607M(978M) 89.575ms
[178.895s][info][gc,cpu      ] GC(394) User=0.18s Sys=0.00s Real=0.09s
[179.159s][info][gc,start    ] GC(395) Pause Young (Mixed) (G1 Evacuation Pause)
[179.159s][info][gc,task     ] GC(395) Using 2 workers of 2 for evacuation
[179.234s][info][gc,phases   ] GC(395)   Pre Evacuate Collection Set: 0.30ms
[179.234s][info][gc,phases   ] GC(395)   Merge Heap Roots: 0.47ms
[179.234s][info][gc,phases   ] GC(395)   Evacuate Collection Set: 73.65ms
[179.234s][info][gc,phases   ] GC(395)   Post Evacuate Collection Set: 0.71ms
[179.234s][info][gc,phases   ] GC(395)   Other: 0.11ms
[179.234s][info][gc,heap     ] GC(395) Eden regions: 260->0(229)
[179.234s][info][gc,heap     ] GC(395) Survivor regions: 41->16(38)
[179.234s][info][gc,heap     ] GC(395) Old regions: 560->555
[179.234s][info][gc,heap     ] GC(395) Humongous regions: 7->7
[179.234s][info][gc,metaspace] GC(395) Metaspace: 18557K(18752K)->18557K(18752K) NonClass: 15892K(16000K)->15892K(16000K) Class: 2665K(2752K)->2665K(2752K)
[179.234s][info][gc          ] GC(395) Pause Young (Mixed) (G1 Evacuation Pause) 867M->577M(978M) 75.494ms
[179.234s][info][gc,cpu      ] GC(395) User=0.15s Sys=0.00s Real=0.08s
[179.394s][info][gc,start    ] GC(396) Pause Young (Mixed) (G1 Evacuation Pause)
[179.394s][info][gc,task     ] GC(396) Using 2 workers of 2 for evacuation
[179.560s][info][gc,phases   ] GC(396)   Pre Evacuate Collection Set: 0.29ms
[179.560s][info][gc,phases   ] GC(396)   Merge Heap Roots: 0.65ms
[179.560s][info][gc,phases   ] GC(396)   Evacuate Collection Set: 164.40ms
[179.560s][info][gc,phases   ] GC(396)   Post Evacuate Collection Set: 0.63ms
[179.560s][info][gc,phases   ] GC(396)   Other: 0.10ms
[179.560s][info][gc,heap     ] GC(396) Eden regions: 228->0(244)
[179.560s][info][gc,heap     ] GC(396) Survivor regions: 16->31(31)
[179.560s][info][gc,heap     ] GC(396) Old regions: 555->582
[179.560s][info][gc,heap     ] GC(396) Humongous regions: 7->7
[179.560s][info][gc,metaspace] GC(396) Metaspace: 18557K(18752K)->18557K(18752K) NonClass: 15892K(16000K)->15892K(16000K) Class: 2665K(2752K)->2665K(2752K)
[179.560s][info][gc          ] GC(396) Pause Young (Mixed) (G1 Evacuation Pause) 805M->620M(978M) 166.333ms
[179.560s][info][gc,cpu      ] GC(396) User=0.33s Sys=0.00s Real=0.16s
[179.652s][info][gc,start    ] GC(397) Pause Young (Concurrent Start) (G1 Humongous Allocation)
[179.653s][info][gc,task     ] GC(397) Using 2 workers of 2 for evacuation
[179.704s][info][gc,phases   ] GC(397)   Pre Evacuate Collection Set: 0.47ms
[179.704s][info][gc,phases   ] GC(397)   Merge Heap Roots: 0.71ms
[179.704s][info][gc,phases   ] GC(397)   Evacuate Collection Set: 49.05ms
[179.704s][info][gc,phases   ] GC(397)   Post Evacuate Collection Set: 0.52ms
[179.704s][info][gc,phases   ] GC(397)   Other: 0.20ms
[179.704s][info][gc,heap     ] GC(397) Eden regions: 92->0(256)
[179.704s][info][gc,heap     ] GC(397) Survivor regions: 31->22(35)
[179.704s][info][gc,heap     ] GC(397) Old regions: 582->598
[179.704s][info][gc,heap     ] GC(397) Humongous regions: 7->7
[179.704s][info][gc,metaspace] GC(397) Metaspace: 18557K(18752K)->18557K(18752K) NonClass: 15892K(16000K)->15892K(16000K) Class: 2665K(2752K)->2665K(2752K)
[179.704s][info][gc          ] GC(397) Pause Young (Concurrent Start) (G1 Humongous Allocation) 712M->627M(978M) 51.195ms
[179.704s][info][gc,cpu      ] GC(397) User=0.10s Sys=0.00s Real=0.06s
[179.704s][info][gc          ] GC(398) Concurrent Mark Cycle
[179.704s][info][gc,marking  ] GC(398) Concurrent Scan Root Regions
[179.769s][info][gc,marking  ] GC(398) Concurrent Scan Root Regions 65.058ms
[179.769s][info][gc,marking  ] GC(398) Concurrent Mark
[179.769s][info][gc,marking  ] GC(398) Concurrent Mark From Roots
[179.769s][info][gc,task     ] GC(398) Using 1 workers of 1 for marking
[180.285s][info][gc,start    ] GC(399) Pause Young (Normal) (G1 Evacuation Pause)
[180.285s][info][gc,task     ] GC(399) Using 2 workers of 2 for evacuation
[180.358s][info][gc,phases   ] GC(399)   Pre Evacuate Collection Set: 0.31ms
[180.358s][info][gc,phases   ] GC(399)   Merge Heap Roots: 0.50ms
[180.358s][info][gc,phases   ] GC(399)   Evacuate Collection Set: 71.23ms
[180.358s][info][gc,phases   ] GC(399)   Post Evacuate Collection Set: 0.58ms
[180.358s][info][gc,phases   ] GC(399)   Other: 0.08ms
[180.358s][info][gc,heap     ] GC(399) Eden regions: 256->0(232)
[180.358s][info][gc,heap     ] GC(399) Survivor regions: 22->35(35)
[180.358s][info][gc,heap     ] GC(399) Old regions: 598->616
[180.358s][info][gc,heap     ] GC(399) Humongous regions: 8->8
[180.358s][info][gc,metaspace] GC(399) Metaspace: 18557K(18752K)->18557K(18752K) NonClass: 15892K(16000K)->15892K(16000K) Class: 2665K(2752K)->2665K(2752K)
[180.358s][info][gc          ] GC(399) Pause Young (Normal) (G1 Evacuation Pause) 884M->659M(978M) 72.976ms
[180.358s][info][gc,cpu      ] GC(399) User=0.14s Sys=0.00s Real=0.07s
[180.813s][info][gc,start    ] GC(400) Pause Young (Normal) (G1 Evacuation Pause)
[180.813s][info][gc,task     ] GC(400) Using 2 workers of 2 for evacuation
[180.878s][info][gc,phases   ] GC(400)   Pre Evacuate Collection Set: 0.49ms
[180.878s][info][gc,phases   ] GC(400)   Merge Heap Roots: 0.28ms
[180.878s][info][gc,phases   ] GC(400)   Evacuate Collection Set: 63.44ms
[180.878s][info][gc,phases   ] GC(400)   Post Evacuate Collection Set: 0.47ms
[180.878s][info][gc,phases   ] GC(400)   Other: 0.08ms
[180.878s][info][gc,heap     ] GC(400) Eden regions: 232->0(222)
[180.878s][info][gc,heap     ] GC(400) Survivor regions: 35->21(34)
[180.878s][info][gc,heap     ] GC(400) Old regions: 616->652
[180.878s][info][gc,heap     ] GC(400) Humongous regions: 8->8
[180.878s][info][gc,metaspace] GC(400) Metaspace: 18557K(18752K)->18557K(18752K) NonClass: 15892K(16000K)->15892K(16000K) Class: 2665K(2752K)->2665K(2752K)
[180.878s][info][gc          ] GC(400) Pause Young (Normal) (G1 Evacuation Pause) 891M->680M(978M) 64.960ms
[180.878s][info][gc,cpu      ] GC(400) User=0.13s Sys=0.00s Real=0.06s
[180.994s][info][gc,marking  ] GC(398) Concurrent Mark From Roots 1225.502ms
[180.994s][info][gc,marking  ] GC(398) Concurrent Preclean
[180.995s][info][gc,marking  ] GC(398) Concurrent Preclean 0.027ms
[180.995s][info][gc,start    ] GC(398) Pause Remark
[181.002s][info][gc          ] GC(398) Pause Remark 760M->585M(978M) 7.145ms
[181.002s][info][gc,cpu      ] GC(398) User=0.01s Sys=0.00s Real=0.00s
[181.003s][info][gc,marking  ] GC(398) Concurrent Mark 1234.044ms
[181.003s][info][gc,marking  ] GC(398) Concurrent Rebuild Remembered Sets and Scrub Regions
[181.420s][info][gc,start    ] GC(401) Pause Young (Normal) (G1 Evacuation Pause)
[181.420s][info][gc,task     ] GC(401) Using 2 workers of 2 for evacuation
[181.461s][info][gc,phases   ] GC(401)   Pre Evacuate Collection Set: 0.55ms
[181.461s][info][gc,phases   ] GC(401)   Merge Heap Roots: 0.27ms
[181.461s][info][gc,phases   ] GC(401)   Evacuate Collection Set: 38.79ms
[181.461s][info][gc,phases   ] GC(401)   Post Evacuate Collection Set: 0.57ms
[181.461s][info][gc,phases   ] GC(401)   Other: 0.08ms
[181.461s][info][gc,heap     ] GC(401) Eden regions: 222->0(349)
[181.461s][info][gc,heap     ] GC(401) Survivor regions: 21->17(31)
[181.461s][info][gc,heap     ] GC(401) Old regions: 480->500
[181.461s][info][gc,heap     ] GC(401) Humongous regions: 5->5
[181.461s][info][gc,metaspace] GC(401) Metaspace: 18557K(18752K)->18557K(18752K) NonClass: 15892K(16000K)->15892K(16000K) Class: 2665K(2752K)->2665K(2752K)
[181.461s][info][gc          ] GC(401) Pause Young (Normal) (G1 Evacuation Pause) 727M->521M(978M) 40.482ms
[181.461s][info][gc,cpu      ] GC(401) User=0.08s Sys=0.00s Real=0.04s
[181.568s][info][gc,marking  ] GC(398) Concurrent Rebuild Remembered Sets and Scrub Regions 564.919ms
[181.568s][info][gc,start    ] GC(398) Pause Cleanup
[181.568s][info][gc          ] GC(398) Pause Cleanup 553M->553M(978M) 0.117ms
[181.568s][info][gc,cpu      ] GC(398) User=0.00s Sys=0.00s Real=0.00s
[181.569s][info][gc,marking  ] GC(398) Concurrent Clear Claimed Marks
[181.569s][info][gc,marking  ] GC(398) Concurrent Clear Claimed Marks 0.036ms
[181.569s][info][gc,marking  ] GC(398) Concurrent Cleanup for Next Mark
[181.573s][info][gc,marking  ] GC(398) Concurrent Cleanup for Next Mark 4.902ms
[181.574s][info][gc          ] GC(398) Concurrent Mark Cycle 1869.848ms
[182.187s][info][gc,start    ] GC(402) Pause Young (Prepare Mixed) (G1 Evacuation Pause)
[182.187s][info][gc,task     ] GC(402) Using 2 workers of 2 for evacuation
[182.224s][info][gc,phases   ] GC(402)   Pre Evacuate Collection Set: 0.48ms
[182.224s][info][gc,phases   ] GC(402)   Merge Heap Roots: 0.80ms
[182.224s][info][gc,phases   ] GC(402)   Evacuate Collection Set: 34.70ms
[182.224s][info][gc,phases   ] GC(402)   Post Evacuate Collection Set: 0.65ms
[182.224s][info][gc,phases   ] GC(402)   Other: 0.09ms
[182.224s][info][gc,heap     ] GC(402) Eden regions: 349->0(363)
[182.224s][info][gc,heap     ] GC(402) Survivor regions: 17->21(46)
[182.224s][info][gc,heap     ] GC(402) Old regions: 500->500
[182.224s][info][gc,heap     ] GC(402) Humongous regions: 5->5
[182.224s][info][gc,metaspace] GC(402) Metaspace: 18569K(18752K)->18569K(18752K) NonClass: 15904K(16000K)->15904K(16000K) Class: 2665K(2752K)->2665K(2752K)
[182.224s][info][gc          ] GC(402) Pause Young (Prepare Mixed) (G1 Evacuation Pause) 870M->525M(978M) 36.884ms
[182.224s][info][gc,cpu      ] GC(402) User=0.07s Sys=0.00s Real=0.04s
[182.609s][info][gc,start    ] GC(403) Pause Young (Mixed) (G1 Evacuation Pause)
[182.609s][info][gc,task     ] GC(403) Using 2 workers of 2 for evacuation
[182.810s][info][gc,mmu      ] GC(403) MMU target violated: 201.0ms (200.0ms/201.0ms)
[182.810s][info][gc,phases   ] GC(403)   Pre Evacuate Collection Set: 0.34ms
[182.810s][info][gc,phases   ] GC(403)   Merge Heap Roots: 0.77ms
[182.810s][info][gc,phases   ] GC(403)   Evacuate Collection Set: 107.22ms
[182.810s][info][gc,phases   ] GC(403)   Merge Optional Heap Roots: 2.29ms
[182.810s][info][gc,phases   ] GC(403)   Evacuate Optional Collection Set: 89.39ms
[182.810s][info][gc,phases   ] GC(403)   Post Evacuate Collection Set: 1.17ms
[182.811s][info][gc,phases   ] GC(403)   Other: 0.17ms
[182.811s][info][gc,heap     ] GC(403) Eden regions: 363->0(318)
[182.811s][info][gc,heap     ] GC(403) Survivor regions: 21->48(48)
[182.811s][info][gc,heap     ] GC(403) Old regions: 500->497
[182.811s][info][gc,heap     ] GC(403) Humongous regions: 5->5
[182.811s][info][gc,metaspace] GC(403) Metaspace: 18570K(18752K)->18570K(18752K) NonClass: 15905K(16000K)->15905K(16000K) Class: 2665K(2752K)->2665K(2752K)
[182.811s][info][gc          ] GC(403) Pause Young (Mixed) (G1 Evacuation Pause) 888M->550M(978M) 201.570ms
[182.811s][info][gc,cpu      ] GC(403) User=0.39s Sys=0.00s Real=0.20s
[182.834s][info][gc,start    ] GC(404) Pause Young (Concurrent Start) (G1 Humongous Allocation)
[182.834s][info][gc,task     ] GC(404) Using 2 workers of 2 for evacuation
[182.901s][info][gc,phases   ] GC(404)   Pre Evacuate Collection Set: 0.30ms
[182.901s][info][gc,phases   ] GC(404)   Merge Heap Roots: 0.49ms
[182.901s][info][gc,phases   ] GC(404)   Evacuate Collection Set: 65.85ms
[182.901s][info][gc,phases   ] GC(404)   Post Evacuate Collection Set: 0.32ms
[182.901s][info][gc,phases   ] GC(404)   Other: 0.14ms
[182.901s][info][gc,heap     ] GC(404) Eden regions: 12->0(327)
[182.901s][info][gc,heap     ] GC(404) Survivor regions: 48->6(46)
[182.901s][info][gc,heap     ] GC(404) Old regions: 497->546
[182.901s][info][gc,heap     ] GC(404) Humongous regions: 5->5
[182.901s][info][gc,metaspace] GC(404) Metaspace: 18570K(18752K)->18570K(18752K) NonClass: 15905K(16000K)->15905K(16000K) Class: 2665K(2752K)->2665K(2752K)
[182.901s][info][gc          ] GC(404) Pause Young (Concurrent Start) (G1 Humongous Allocation) 562M->556M(978M) 67.297ms
[182.901s][info][gc          ] GC(405) Concurrent Mark Cycle
[182.901s][info][gc,marking  ] GC(405) Concurrent Scan Root Regions
[182.905s][info][gc,cpu      ] GC(404) User=0.14s Sys=0.00s Real=0.07s
[182.962s][info][gc,marking  ] GC(405) Concurrent Scan Root Regions 60.624ms
[182.962s][info][gc,marking  ] GC(405) Concurrent Mark
[182.962s][info][gc,marking  ] GC(405) Concurrent Mark From Roots
[182.962s][info][gc,task     ] GC(405) Using 1 workers of 1 for marking
[183.792s][info][gc,marking  ] GC(405) Concurrent Mark From Roots 829.553ms
[183.792s][info][gc,marking  ] GC(405) Concurrent Preclean
[183.792s][info][gc,marking  ] GC(405) Concurrent Preclean 0.026ms
[183.792s][info][gc,start    ] GC(405) Pause Remark
[183.799s][info][gc          ] GC(405) Pause Remark 844M->700M(978M) 7.077ms
[183.799s][info][gc,cpu      ] GC(405) User=0.01s Sys=0.00s Real=0.01s
[183.800s][info][gc,marking  ] GC(405) Concurrent Mark 838.005ms
[183.800s][info][gc,marking  ] GC(405) Concurrent Rebuild Remembered Sets and Scrub Regions
[183.918s][info][gc,start    ] GC(406) Pause Young (Normal) (G1 Evacuation Pause)
[183.918s][info][gc,task     ] GC(406) Using 2 workers of 2 for evacuation
[183.957s][info][gc,phases   ] GC(406)   Pre Evacuate Collection Set: 0.48ms
[183.957s][info][gc,phases   ] GC(406)   Merge Heap Roots: 0.51ms
[183.957s][info][gc,phases   ] GC(406)   Evacuate Collection Set: 37.29ms
[183.957s][info][gc,phases   ] GC(406)   Post Evacuate Collection Set: 0.54ms
[183.957s][info][gc,phases   ] GC(406)   Other: 0.09ms
[183.957s][info][gc,heap     ] GC(406) Eden regions: 327->0(448)
[183.957s][info][gc,heap     ] GC(406) Survivor regions: 6->16(42)
[183.957s][info][gc,heap     ] GC(406) Old regions: 404->404
[183.957s][info][gc,heap     ] GC(406) Humongous regions: 6->6
[183.957s][info][gc,metaspace] GC(406) Metaspace: 18570K(18752K)->18570K(18752K) NonClass: 15905K(16000K)->15905K(16000K) Class: 2665K(2752K)->2665K(2752K)
[183.957s][info][gc          ] GC(406) Pause Young (Normal) (G1 Evacuation Pause) 742M->425M(978M) 39.125ms
[183.957s][info][gc,cpu      ] GC(406) User=0.08s Sys=0.00s Real=0.04s
[184.173s][info][gc,marking  ] GC(405) Concurrent Rebuild Remembered Sets and Scrub Regions 372.637ms
[184.173s][info][gc,start    ] GC(405) Pause Cleanup
[184.173s][info][gc          ] GC(405) Pause Cleanup 523M->523M(978M) 0.112ms
[184.173s][info][gc,cpu      ] GC(405) User=0.00s Sys=0.00s Real=0.01s
[184.174s][info][gc,marking  ] GC(405) Concurrent Clear Claimed Marks
[184.174s][info][gc,marking  ] GC(405) Concurrent Clear Claimed Marks 0.045ms
[184.174s][info][gc,marking  ] GC(405) Concurrent Cleanup for Next Mark
[184.177s][info][gc,marking  ] GC(405) Concurrent Cleanup for Next Mark 2.872ms
[184.177s][info][gc          ] GC(405) Concurrent Mark Cycle 1275.651ms
[184.526s][info][gc,start    ] GC(407) Pause Young (Prepare Mixed) (G1 Evacuation Pause)
[184.526s][info][gc,task     ] GC(407) Using 2 workers of 2 for evacuation
[184.609s][info][gc,phases   ] GC(407)   Pre Evacuate Collection Set: 0.50ms
[184.609s][info][gc,phases   ] GC(407)   Merge Heap Roots: 0.15ms
[184.609s][info][gc,phases   ] GC(407)   Evacuate Collection Set: 81.72ms
[184.609s][info][gc,phases   ] GC(407)   Post Evacuate Collection Set: 0.83ms
[184.609s][info][gc,phases   ] GC(407)   Other: 0.10ms
[184.609s][info][gc,heap     ] GC(407) Eden regions: 448->0(353)
[184.609s][info][gc,heap     ] GC(407) Survivor regions: 16->58(58)
[184.609s][info][gc,heap     ] GC(407) Old regions: 404->431
[184.609s][info][gc,heap     ] GC(407) Humongous regions: 6->6
[184.609s][info][gc,metaspace] GC(407) Metaspace: 18573K(18752K)->18573K(18752K) NonClass: 15908K(16000K)->15908K(16000K) Class: 2665K(2752K)->2665K(2752K)
[184.609s][info][gc          ] GC(407) Pause Young (Prepare Mixed) (G1 Evacuation Pause) 873M->494M(978M) 83.536ms
[184.609s][info][gc,cpu      ] GC(407) User=0.17s Sys=0.00s Real=0.08s
[185.064s][info][gc,start    ] GC(408) Pause Young (Mixed) (G1 Evacuation Pause)
[185.064s][info][gc,task     ] GC(408) Using 2 workers of 2 for evacuation
[185.160s][info][gc,phases   ] GC(408)   Pre Evacuate Collection Set: 0.53ms
[185.160s][info][gc,phases   ] GC(408)   Merge Heap Roots: 0.47ms
[185.160s][info][gc,phases   ] GC(408)   Evacuate Collection Set: 94.44ms
[185.160s][info][gc,phases   ] GC(408)   Post Evacuate Collection Set: 0.70ms
[185.160s][info][gc,phases   ] GC(408)   Other: 0.10ms
[185.160s][info][gc,heap     ] GC(408) Eden regions: 353->0(365)
[185.160s][info][gc,heap     ] GC(408) Survivor regions: 58->17(52)
[185.160s][info][gc,heap     ] GC(408) Old regions: 431->470
[185.160s][info][gc,heap     ] GC(408) Humongous regions: 9->9
[185.160s][info][gc,metaspace] GC(408) Metaspace: 18575K(18752K)->18575K(18752K) NonClass: 15910K(16000K)->15910K(16000K) Class: 2665K(2752K)->2665K(2752K)
[185.160s][info][gc          ] GC(408) Pause Young (Mixed) (G1 Evacuation Pause) 850M->495M(978M) 96.509ms
[185.160s][info][gc,cpu      ] GC(408) User=0.19s Sys=0.00s Real=0.09s
[185.693s][info][gc,start    ] GC(409) Pause Young (Concurrent Start) (G1 Evacuation Pause)
[185.693s][info][gc,task     ] GC(409) Using 2 workers of 2 for evacuation
[185.727s][info][gc,phases   ] GC(409)   Pre Evacuate Collection Set: 0.34ms
[185.727s][info][gc,phases   ] GC(409)   Merge Heap Roots: 0.30ms
[185.727s][info][gc,phases   ] GC(409)   Evacuate Collection Set: 32.09ms
[185.727s][info][gc,phases   ] GC(409)   Post Evacuate Collection Set: 0.68ms
[185.727s][info][gc,phases   ] GC(409)   Other: 0.12ms
[185.727s][info][gc,heap     ] GC(409) Eden regions: 365->0(386)
[185.727s][info][gc,heap     ] GC(409) Survivor regions: 17->19(48)
[185.727s][info][gc,heap     ] GC(409) Old regions: 470->470
[185.727s][info][gc,heap     ] GC(409) Humongous regions: 9->9
[185.727s][info][gc,metaspace] GC(409) Metaspace: 18575K(18752K)->18575K(18752K) NonClass: 15910K(16000K)->15910K(16000K) Class: 2665K(2752K)->2665K(2752K)
[185.727s][info][gc          ] GC(409) Pause Young (Concurrent Start) (G1 Evacuation Pause) 860M->497M(978M) 33.793ms
[185.727s][info][gc,cpu      ] GC(409) User=0.07s Sys=0.00s Real=0.03s
[185.727s][info][gc          ] GC(410) Concurrent Mark Cycle
[185.727s][info][gc,marking  ] GC(410) Concurrent Scan Root Regions
[185.791s][info][gc,marking  ] GC(410) Concurrent Scan Root Regions 64.069ms
[185.791s][info][gc,marking  ] GC(410) Concurrent Mark
[185.791s][info][gc,marking  ] GC(410) Concurrent Mark From Roots
[185.791s][info][gc,task     ] GC(410) Using 1 workers of 1 for marking
[186.375s][info][gc,start    ] GC(411) Pause Young (Normal) (G1 Evacuation Pause)
[186.375s][info][gc,task     ] GC(411) Using 2 workers of 2 for evacuation
[186.448s][info][gc,phases   ] GC(411)   Pre Evacuate Collection Set: 0.51ms
[186.448s][info][gc,phases   ] GC(411)   Merge Heap Roots: 0.62ms
[186.448s][info][gc,phases   ] GC(411)   Evacuate Collection Set: 70.51ms
[186.448s][info][gc,phases   ] GC(411)   Post Evacuate Collection Set: 0.70ms
[186.448s][info][gc,phases   ] GC(411)   Other: 0.11ms
[186.448s][info][gc,heap     ] GC(411) Eden regions: 386->0(345)
[186.448s][info][gc,heap     ] GC(411) Survivor regions: 19->51(51)
[186.448s][info][gc,heap     ] GC(411) Old regions: 470->472
[186.448s][info][gc,heap     ] GC(411) Humongous regions: 9->9
[186.448s][info][gc,metaspace] GC(411) Metaspace: 18575K(18752K)->18575K(18752K) NonClass: 15910K(16000K)->15910K(16000K) Class: 2665K(2752K)->2665K(2752K)
[186.448s][info][gc          ] GC(411) Pause Young (Normal) (G1 Evacuation Pause) 883M->531M(978M) 72.716ms
[186.448s][info][gc,cpu      ] GC(411) User=0.15s Sys=0.00s Real=0.07s
[187.086s][info][gc,start    ] GC(412) Pause Young (Normal) (G1 Evacuation Pause)
[187.086s][info][gc,task     ] GC(412) Using 2 workers of 2 for evacuation
[187.167s][info][gc,phases   ] GC(412)   Pre Evacuate Collection Set: 0.29ms
[187.167s][info][gc,phases   ] GC(412)   Merge Heap Roots: 0.40ms
[187.167s][info][gc,phases   ] GC(412)   Evacuate Collection Set: 79.59ms
[187.167s][info][gc,phases   ] GC(412)   Post Evacuate Collection Set: 0.58ms
[187.167s][info][gc,phases   ] GC(412)   Other: 0.10ms
[187.167s][info][gc,heap     ] GC(412) Eden regions: 345->0(346)
[187.167s][info][gc,heap     ] GC(412) Survivor regions: 51->15(50)
[187.167s][info][gc,heap     ] GC(412) Old regions: 472->523
[187.167s][info][gc,heap     ] GC(412) Humongous regions: 9->9
[187.167s][info][gc,metaspace] GC(412) Metaspace: 18575K(18752K)->18575K(18752K) NonClass: 15910K(16000K)->15910K(16000K) Class: 2665K(2752K)->2665K(2752K)
[187.167s][info][gc          ] GC(412) Pause Young (Normal) (G1 Evacuation Pause) 876M->547M(978M) 81.249ms
[187.167s][info][gc,cpu      ] GC(412) User=0.15s Sys=0.00s Real=0.08s
[187.241s][info][gc,marking  ] GC(410) Concurrent Mark From Roots 1450.142ms
[187.241s][info][gc,marking  ] GC(410) Concurrent Preclean
[187.241s][info][gc,marking  ] GC(410) Concurrent Preclean 0.027ms
[187.242s][info][gc,start    ] GC(410) Pause Remark
[187.249s][info][gc          ] GC(410) Pause Remark 597M->595M(978M) 7.018ms
[187.249s][info][gc,cpu      ] GC(410) User=0.01s Sys=0.00s Real=0.01s
[187.249s][info][gc,marking  ] GC(410) Concurrent Mark 1457.789ms
[187.249s][info][gc,marking  ] GC(410) Concurrent Rebuild Remembered Sets and Scrub Regions
[187.761s][info][gc,marking  ] GC(410) Concurrent Rebuild Remembered Sets and Scrub Regions 512.626ms
[187.762s][info][gc,start    ] GC(410) Pause Cleanup
[187.762s][info][gc          ] GC(410) Pause Cleanup 770M->770M(978M) 0.109ms
[187.762s][info][gc,cpu      ] GC(410) User=0.00s Sys=0.00s Real=0.00s
[187.762s][info][gc,marking  ] GC(410) Concurrent Clear Claimed Marks
[187.762s][info][gc,marking  ] GC(410) Concurrent Clear Claimed Marks 0.039ms
[187.762s][info][gc,marking  ] GC(410) Concurrent Cleanup for Next Mark
[187.769s][info][gc,marking  ] GC(410) Concurrent Cleanup for Next Mark 6.696ms
[187.769s][info][gc          ] GC(410) Concurrent Mark Cycle 2042.078ms
[187.944s][info][gc,start    ] GC(413) Pause Young (Prepare Mixed) (G1 Evacuation Pause)
[187.944s][info][gc,task     ] GC(413) Using 2 workers of 2 for evacuation
[187.990s][info][gc,phases   ] GC(413)   Pre Evacuate Collection Set: 0.28ms
[187.990s][info][gc,phases   ] GC(413)   Merge Heap Roots: 0.36ms
[187.990s][info][gc,phases   ] GC(413)   Evacuate Collection Set: 45.28ms
[187.990s][info][gc,phases   ] GC(413)   Post Evacuate Collection Set: 0.56ms
[187.990s][info][gc,phases   ] GC(413)   Other: 0.08ms
[187.990s][info][gc,heap     ] GC(413) Eden regions: 346->0(322)
[187.990s][info][gc,heap     ] GC(413) Survivor regions: 15->38(46)
[187.990s][info][gc,heap     ] GC(413) Old regions: 523->523
[187.990s][info][gc,heap     ] GC(413) Humongous regions: 7->7
[187.990s][info][gc,metaspace] GC(413) Metaspace: 18575K(18752K)->18575K(18752K) NonClass: 15910K(16000K)->15910K(16000K) Class: 2665K(2752K)->2665K(2752K)
[187.990s][info][gc          ] GC(413) Pause Young (Prepare Mixed) (G1 Evacuation Pause) 891M->568M(978M) 46.794ms
[187.990s][info][gc,cpu      ] GC(413) User=0.09s Sys=0.00s Real=0.04s
[188.362s][info][gc,start    ] GC(414) Pause Young (Mixed) (G1 Evacuation Pause)
[188.362s][info][gc,task     ] GC(414) Using 2 workers of 2 for evacuation
[188.430s][info][gc,phases   ] GC(414)   Pre Evacuate Collection Set: 0.32ms
[188.430s][info][gc,phases   ] GC(414)   Merge Heap Roots: 0.35ms
[188.430s][info][gc,phases   ] GC(414)   Evacuate Collection Set: 66.56ms
[188.430s][info][gc,phases   ] GC(414)   Post Evacuate Collection Set: 0.58ms
[188.430s][info][gc,phases   ] GC(414)   Other: 0.11ms
[188.430s][info][gc,heap     ] GC(414) Eden regions: 322->0(314)
[188.430s][info][gc,heap     ] GC(414) Survivor regions: 38->25(45)
[188.430s][info][gc,heap     ] GC(414) Old regions: 523->552
[188.430s][info][gc,heap     ] GC(414) Humongous regions: 7->7
[188.430s][info][gc,metaspace] GC(414) Metaspace: 18575K(18752K)->18575K(18752K) NonClass: 15910K(16000K)->15910K(16000K) Class: 2665K(2752K)->2665K(2752K)
[188.430s][info][gc          ] GC(414) Pause Young (Mixed) (G1 Evacuation Pause) 890M->583M(978M) 68.197ms
[188.430s][info][gc,cpu      ] GC(414) User=0.14s Sys=0.00s Real=0.07s
[188.789s][info][gc,start    ] GC(415) Pause Young (Concurrent Start) (G1 Evacuation Pause)
[188.789s][info][gc,task     ] GC(415) Using 2 workers of 2 for evacuation
[188.828s][info][gc,phases   ] GC(415)   Pre Evacuate Collection Set: 0.36ms
[188.828s][info][gc,phases   ] GC(415)   Merge Heap Roots: 0.22ms
[188.828s][info][gc,phases   ] GC(415)   Evacuate Collection Set: 37.77ms
[188.828s][info][gc,phases   ] GC(415)   Post Evacuate Collection Set: 0.53ms
[188.828s][info][gc,phases   ] GC(415)   Other: 0.13ms
[188.828s][info][gc,heap     ] GC(415) Eden regions: 314->0(310)
[188.828s][info][gc,heap     ] GC(415) Survivor regions: 25->12(43)
[188.828s][info][gc,heap     ] GC(415) Old regions: 552->577
[188.828s][info][gc,heap     ] GC(415) Humongous regions: 7->7
[188.828s][info][gc,metaspace] GC(415) Metaspace: 18581K(18752K)->18581K(18752K) NonClass: 15916K(16000K)->15916K(16000K) Class: 2665K(2752K)->2665K(2752K)
[188.828s][info][gc          ] GC(415) Pause Young (Concurrent Start) (G1 Evacuation Pause) 897M->595M(978M) 39.282ms
[188.828s][info][gc,cpu      ] GC(415) User=0.08s Sys=0.00s Real=0.04s
[188.828s][info][gc          ] GC(416) Concurrent Mark Cycle
[188.829s][info][gc,marking  ] GC(416) Concurrent Scan Root Regions
[188.898s][info][gc,marking  ] GC(416) Concurrent Scan Root Regions 69.963ms
[188.899s][info][gc,marking  ] GC(416) Concurrent Mark
[188.899s][info][gc,marking  ] GC(416) Concurrent Mark From Roots
[188.899s][info][gc,task     ] GC(416) Using 1 workers of 1 for marking
[189.809s][info][gc,start    ] GC(417) Pause Young (Normal) (G1 Evacuation Pause)
[189.809s][info][gc,task     ] GC(417) Using 2 workers of 2 for evacuation
[189.842s][info][gc,phases   ] GC(417)   Pre Evacuate Collection Set: 0.30ms
[189.842s][info][gc,phases   ] GC(417)   Merge Heap Roots: 0.25ms
[189.842s][info][gc,phases   ] GC(417)   Evacuate Collection Set: 31.71ms
[189.842s][info][gc,phases   ] GC(417)   Post Evacuate Collection Set: 0.53ms
[189.842s][info][gc,phases   ] GC(417)   Other: 0.10ms
[189.842s][info][gc,heap     ] GC(417) Eden regions: 310->0(290)
[189.842s][info][gc,heap     ] GC(417) Survivor regions: 12->27(41)
[189.842s][info][gc,heap     ] GC(417) Old regions: 577->577
[189.842s][info][gc,heap     ] GC(417) Humongous regions: 7->7
[189.842s][info][gc,metaspace] GC(417) Metaspace: 18582K(18752K)->18582K(18752K) NonClass: 15916K(16000K)->15916K(16000K) Class: 2665K(2752K)->2665K(2752K)
[189.842s][info][gc          ] GC(417) Pause Young (Normal) (G1 Evacuation Pause) 905M->610M(978M) 33.147ms
[189.842s][info][gc,cpu      ] GC(417) User=0.06s Sys=0.00s Real=0.03s
[190.481s][info][gc,marking  ] GC(416) Concurrent Mark From Roots 1582.569ms
[190.481s][info][gc,marking  ] GC(416) Concurrent Preclean
[190.481s][info][gc,marking  ] GC(416) Concurrent Preclean 0.027ms
[190.482s][info][gc,start    ] GC(416) Pause Remark
[190.489s][info][gc          ] GC(416) Pause Remark 781M->781M(978M) 7.114ms
[190.489s][info][gc,cpu      ] GC(416) User=0.02s Sys=0.00s Real=0.01s
[190.489s][info][gc,marking  ] GC(416) Concurrent Mark 1590.674ms
[190.489s][info][gc,marking  ] GC(416) Concurrent Rebuild Remembered Sets and Scrub Regions
[190.880s][info][gc,start    ] GC(418) Pause Young (Normal) (G1 Evacuation Pause)
[190.880s][info][gc,task     ] GC(418) Using 2 workers of 2 for evacuation
[190.910s][info][gc,phases   ] GC(418)   Pre Evacuate Collection Set: 0.29ms
[190.910s][info][gc,phases   ] GC(418)   Merge Heap Roots: 0.27ms
[190.910s][info][gc,phases   ] GC(418)   Evacuate Collection Set: 29.34ms
[190.910s][info][gc,phases   ] GC(418)   Post Evacuate Collection Set: 0.48ms
[190.910s][info][gc,phases   ] GC(418)   Other: 0.08ms
[190.910s][info][gc,heap     ] GC(418) Eden regions: 290->0(298)
[190.910s][info][gc,heap     ] GC(418) Survivor regions: 27->17(40)
[190.910s][info][gc,heap     ] GC(418) Old regions: 577->589
[190.910s][info][gc,heap     ] GC(418) Humongous regions: 7->7
[190.910s][info][gc,metaspace] GC(418) Metaspace: 18582K(18752K)->18582K(18752K) NonClass: 15916K(16000K)->15916K(16000K) Class: 2665K(2752K)->2665K(2752K)
[190.910s][info][gc          ] GC(418) Pause Young (Normal) (G1 Evacuation Pause) 900M->613M(978M) 30.666ms
[190.910s][info][gc,cpu      ] GC(418) User=0.06s Sys=0.00s Real=0.03s
[191.149s][info][gc,marking  ] GC(416) Concurrent Rebuild Remembered Sets and Scrub Regions 659.586ms
[191.149s][info][gc,start    ] GC(416) Pause Cleanup
[191.149s][info][gc          ] GC(416) Pause Cleanup 748M->748M(978M) 0.107ms
[191.149s][info][gc,cpu      ] GC(416) User=0.00s Sys=0.00s Real=0.00s
[191.149s][info][gc,marking  ] GC(416) Concurrent Clear Claimed Marks
[191.149s][info][gc,marking  ] GC(416) Concurrent Clear Claimed Marks 0.034ms
[191.149s][info][gc,marking  ] GC(416) Concurrent Cleanup for Next Mark
[191.157s][info][gc,marking  ] GC(416) Concurrent Cleanup for Next Mark 7.532ms
[191.157s][info][gc          ] GC(416) Concurrent Mark Cycle 2328.495ms
[191.338s][info][gc,start    ] GC(419) Pause Young (Prepare Mixed) (G1 Evacuation Pause)
[191.339s][info][gc,task     ] GC(419) Using 2 workers of 2 for evacuation
[191.426s][info][gc,phases   ] GC(419)   Pre Evacuate Collection Set: 0.27ms
[191.426s][info][gc,phases   ] GC(419)   Merge Heap Roots: 0.21ms
[191.426s][info][gc,phases   ] GC(419)   Evacuate Collection Set: 80.34ms
[191.426s][info][gc,phases   ] GC(419)   Post Evacuate Collection Set: 6.23ms
[191.426s][info][gc,phases   ] GC(419)   Other: 0.10ms
[191.426s][info][gc,heap     ] GC(419) Eden regions: 298->0(143)
[191.426s][info][gc,heap     ] GC(419) Survivor regions: 17->40(40)
[191.426s][info][gc,heap     ] GC(419) Old regions: 589->698
[191.426s][info][gc,heap     ] GC(419) Humongous regions: 7->7
[191.426s][info][gc,metaspace] GC(419) Metaspace: 18582K(18752K)->18582K(18752K) NonClass: 15916K(16000K)->15916K(16000K) Class: 2665K(2752K)->2665K(2752K)
[191.426s][info][gc          ] GC(419) Pause Young (Prepare Mixed) (G1 Evacuation Pause) (Evacuation Failure: Allocation) 911M->745M(978M) 87.427ms
[191.426s][info][gc,cpu      ] GC(419) User=0.17s Sys=0.00s Real=0.09s
[191.624s][info][gc,start    ] GC(420) Pause Young (Mixed) (G1 Evacuation Pause)
[191.624s][info][gc,task     ] GC(420) Using 2 workers of 2 for evacuation
[191.705s][info][gc,phases   ] GC(420)   Pre Evacuate Collection Set: 0.34ms
[191.706s][info][gc,phases   ] GC(420)   Merge Heap Roots: 0.71ms
[191.706s][info][gc,phases   ] GC(420)   Evacuate Collection Set: 79.38ms
[191.706s][info][gc,phases   ] GC(420)   Post Evacuate Collection Set: 0.63ms
[191.706s][info][gc,phases   ] GC(420)   Other: 0.11ms
[191.706s][info][gc,heap     ] GC(420) Eden regions: 143->0(240)
[191.706s][info][gc,heap     ] GC(420) Survivor regions: 40->3(23)
[191.706s][info][gc,heap     ] GC(420) Old regions: 698->665
[191.706s][info][gc,heap     ] GC(420) Humongous regions: 7->7
[191.706s][info][gc,metaspace] GC(420) Metaspace: 18585K(18752K)->18585K(18752K) NonClass: 15920K(16000K)->15920K(16000K) Class: 2665K(2752K)->2665K(2752K)
[191.706s][info][gc          ] GC(420) Pause Young (Mixed) (G1 Evacuation Pause) 888M->674M(978M) 81.410ms
[191.706s][info][gc,cpu      ] GC(420) User=0.16s Sys=0.00s Real=0.08s
[191.740s][info][gc,start    ] GC(421) Pause Young (Concurrent Start) (G1 Humongous Allocation)
[191.740s][info][gc,task     ] GC(421) Using 2 workers of 2 for evacuation
[191.758s][info][gc,phases   ] GC(421)   Pre Evacuate Collection Set: 0.30ms
[191.758s][info][gc,phases   ] GC(421)   Merge Heap Roots: 0.21ms
[191.758s][info][gc,phases   ] GC(421)   Evacuate Collection Set: 16.88ms
[191.758s][info][gc,phases   ] GC(421)   Post Evacuate Collection Set: 0.36ms
[191.758s][info][gc,phases   ] GC(421)   Other: 0.18ms
[191.758s][info][gc,heap     ] GC(421) Eden regions: 18->0(240)
[191.758s][info][gc,heap     ] GC(421) Survivor regions: 3->8(31)
[191.758s][info][gc,heap     ] GC(421) Old regions: 665->665
[191.758s][info][gc,heap     ] GC(421) Humongous regions: 7->7
[191.758s][info][gc,metaspace] GC(421) Metaspace: 18585K(18752K)->18585K(18752K) NonClass: 15920K(16000K)->15920K(16000K) Class: 2665K(2752K)->2665K(2752K)
[191.758s][info][gc          ] GC(421) Pause Young (Concurrent Start) (G1 Humongous Allocation) 692M->679M(978M) 18.119ms
[191.758s][info][gc,cpu      ] GC(421) User=0.03s Sys=0.00s Real=0.02s
[191.758s][info][gc          ] GC(422) Concurrent Mark Cycle
[191.758s][info][gc,marking  ] GC(422) Concurrent Scan Root Regions
[191.786s][info][gc,marking  ] GC(422) Concurrent Scan Root Regions 27.775ms
[191.786s][info][gc,marking  ] GC(422) Concurrent Mark
[191.786s][info][gc,marking  ] GC(422) Concurrent Mark From Roots
[191.786s][info][gc,task     ] GC(422) Using 1 workers of 1 for marking
[192.543s][info][gc,start    ] GC(423) Pause Young (Normal) (G1 Evacuation Pause)
[192.544s][info][gc,task     ] GC(423) Using 2 workers of 2 for evacuation
[192.578s][info][gc,phases   ] GC(423)   Pre Evacuate Collection Set: 0.30ms
[192.578s][info][gc,phases   ] GC(423)   Merge Heap Roots: 0.30ms
[192.578s][info][gc,phases   ] GC(423)   Evacuate Collection Set: 33.09ms
[192.578s][info][gc,phases   ] GC(423)   Post Evacuate Collection Set: 0.53ms
[192.578s][info][gc,phases   ] GC(423)   Other: 0.11ms
[192.578s][info][gc,heap     ] GC(423) Eden regions: 240->0(217)
[192.578s][info][gc,heap     ] GC(423) Survivor regions: 8->18(31)
[192.578s][info][gc,heap     ] GC(423) Old regions: 665->665
[192.578s][info][gc,heap     ] GC(423) Humongous regions: 10->10
[192.578s][info][gc,metaspace] GC(423) Metaspace: 18585K(18752K)->18585K(18752K) NonClass: 15920K(16000K)->15920K(16000K) Class: 2665K(2752K)->2665K(2752K)
[192.578s][info][gc          ] GC(423) Pause Young (Normal) (G1 Evacuation Pause) 922M->692M(978M) 34.603ms
[192.578s][info][gc,cpu      ] GC(423) User=0.07s Sys=0.00s Real=0.03s
[192.887s][info][gc,marking  ] GC(422) Concurrent Mark From Roots 1101.002ms
[192.887s][info][gc,marking  ] GC(422) Concurrent Preclean
[192.887s][info][gc,marking  ] GC(422) Concurrent Preclean 0.024ms
[192.887s][info][gc,start    ] GC(422) Pause Remark
[192.894s][info][gc          ] GC(422) Pause Remark 790M->686M(978M) 7.071ms
[192.894s][info][gc,cpu      ] GC(422) User=0.01s Sys=0.00s Real=0.01s
[192.896s][info][gc,marking  ] GC(422) Concurrent Mark 1110.420ms
[192.897s][info][gc,marking  ] GC(422) Concurrent Rebuild Remembered Sets and Scrub Regions
[193.142s][info][gc,start    ] GC(424) Pause Young (Normal) (G1 Evacuation Pause)
[193.142s][info][gc,task     ] GC(424) Using 2 workers of 2 for evacuation
[193.189s][info][gc,phases   ] GC(424)   Pre Evacuate Collection Set: 0.52ms
[193.189s][info][gc,phases   ] GC(424)   Merge Heap Roots: 0.30ms
[193.189s][info][gc,phases   ] GC(424)   Evacuate Collection Set: 45.23ms
[193.189s][info][gc,phases   ] GC(424)   Post Evacuate Collection Set: 0.53ms
[193.189s][info][gc,phases   ] GC(424)   Other: 0.12ms
[193.189s][info][gc,heap     ] GC(424) Eden regions: 217->0(298)
[193.189s][info][gc,heap     ] GC(424) Survivor regions: 18->26(30)
[193.189s][info][gc,heap     ] GC(424) Old regions: 564->571
[193.189s][info][gc,heap     ] GC(424) Humongous regions: 7->7
[193.189s][info][gc,metaspace] GC(424) Metaspace: 18585K(18752K)->18585K(18752K) NonClass: 15920K(16000K)->15920K(16000K) Class: 2665K(2752K)->2665K(2752K)
[193.189s][info][gc          ] GC(424) Pause Young (Normal) (G1 Evacuation Pause) 805M->603M(978M) 46.929ms
[193.189s][info][gc,cpu      ] GC(424) User=0.09s Sys=0.00s Real=0.05s
[193.464s][info][gc,marking  ] GC(422) Concurrent Rebuild Remembered Sets and Scrub Regions 567.399ms
[193.464s][info][gc,start    ] GC(422) Pause Cleanup
[193.464s][info][gc          ] GC(422) Pause Cleanup 821M->821M(978M) 0.174ms
[193.464s][info][gc,cpu      ] GC(422) User=0.00s Sys=0.00s Real=0.00s
[193.464s][info][gc,marking  ] GC(422) Concurrent Clear Claimed Marks
[193.464s][info][gc,marking  ] GC(422) Concurrent Clear Claimed Marks 0.035ms
[193.464s][info][gc,marking  ] GC(422) Concurrent Cleanup for Next Mark
[193.470s][info][gc,marking  ] GC(422) Concurrent Cleanup for Next Mark 5.340ms
[193.470s][info][gc          ] GC(422) Concurrent Mark Cycle 1711.565ms
[193.562s][info][gc,start    ] GC(425) Pause Young (Prepare Mixed) (G1 Evacuation Pause)
[193.562s][info][gc,task     ] GC(425) Using 2 workers of 2 for evacuation
[193.652s][info][gc,phases   ] GC(425)   Pre Evacuate Collection Set: 0.30ms
[193.652s][info][gc,phases   ] GC(425)   Merge Heap Roots: 0.32ms
[193.652s][info][gc,phases   ] GC(425)   Evacuate Collection Set: 83.58ms
[193.652s][info][gc,phases   ] GC(425)   Post Evacuate Collection Set: 5.64ms
[193.652s][info][gc,phases   ] GC(425)   Other: 0.12ms
[193.652s][info][gc,heap     ] GC(425) Eden regions: 298->0(119)
[193.652s][info][gc,heap     ] GC(425) Survivor regions: 26->41(41)
[193.652s][info][gc,heap     ] GC(425) Old regions: 571->720
[193.652s][info][gc,heap     ] GC(425) Humongous regions: 7->7
[193.652s][info][gc,metaspace] GC(425) Metaspace: 18585K(18752K)->18585K(18752K) NonClass: 15920K(16000K)->15920K(16000K) Class: 2665K(2752K)->2665K(2752K)
[193.652s][info][gc          ] GC(425) Pause Young (Prepare Mixed) (G1 Evacuation Pause) (Evacuation Failure: Allocation) 901M->768M(978M) 90.275ms
[193.652s][info][gc,cpu      ] GC(425) User=0.18s Sys=0.00s Real=0.09s
[193.789s][info][gc,start    ] GC(426) Pause Young (Mixed) (G1 Evacuation Pause)
[193.789s][info][gc,task     ] GC(426) Using 2 workers of 2 for evacuation
[193.851s][info][gc,phases   ] GC(426)   Pre Evacuate Collection Set: 0.37ms
[193.851s][info][gc,phases   ] GC(426)   Merge Heap Roots: 0.73ms
[193.851s][info][gc,phases   ] GC(426)   Evacuate Collection Set: 60.05ms
[193.851s][info][gc,phases   ] GC(426)   Post Evacuate Collection Set: 0.65ms
[193.851s][info][gc,phases   ] GC(426)   Other: 0.08ms
[193.851s][info][gc,heap     ] GC(426) Eden regions: 119->0(309)
[193.851s][info][gc,heap     ] GC(426) Survivor regions: 41->1(20)
[193.851s][info][gc,heap     ] GC(426) Old regions: 720->564
[193.851s][info][gc,heap     ] GC(426) Humongous regions: 7->7
[193.851s][info][gc,metaspace] GC(426) Metaspace: 18585K(18752K)->18585K(18752K) NonClass: 15920K(16000K)->15920K(16000K) Class: 2665K(2752K)->2665K(2752K)
[193.851s][info][gc          ] GC(426) Pause Young (Mixed) (G1 Evacuation Pause) 887M->572M(978M) 62.093ms
[193.851s][info][gc,cpu      ] GC(426) User=0.12s Sys=0.00s Real=0.06s
[194.181s][info][gc,start    ] GC(427) Pause Young (Mixed) (G1 Evacuation Pause)
[194.181s][info][gc,task     ] GC(427) Using 2 workers of 2 for evacuation
[194.281s][info][gc,phases   ] GC(427)   Pre Evacuate Collection Set: 0.51ms
[194.281s][info][gc,phases   ] GC(427)   Merge Heap Roots: 2.14ms
[194.281s][info][gc,phases   ] GC(427)   Evacuate Collection Set: 95.20ms
[194.281s][info][gc,phases   ] GC(427)   Post Evacuate Collection Set: 2.10ms
[194.281s][info][gc,phases   ] GC(427)   Other: 0.10ms
[194.281s][info][gc,heap     ] GC(427) Eden regions: 309->0(345)
[194.281s][info][gc,heap     ] GC(427) Survivor regions: 1->1(39)
[194.281s][info][gc,heap     ] GC(427) Old regions: 564->543
[194.281s][info][gc,heap     ] GC(427) Humongous regions: 7->7
[194.281s][info][gc,metaspace] GC(427) Metaspace: 18585K(18752K)->18585K(18752K) NonClass: 15920K(16000K)->15920K(16000K) Class: 2665K(2752K)->2665K(2752K)
[194.282s][info][gc          ] GC(427) Pause Young (Mixed) (G1 Evacuation Pause) 881M->551M(978M) 100.304ms
[194.282s][info][gc,cpu      ] GC(427) User=0.19s Sys=0.00s Real=0.10s
[194.712s][info][gc,start    ] GC(428) Pause Young (Mixed) (G1 Evacuation Pause)
[194.712s][info][gc,task     ] GC(428) Using 2 workers of 2 for evacuation
[194.798s][info][gc,phases   ] GC(428)   Pre Evacuate Collection Set: 0.29ms
[194.798s][info][gc,phases   ] GC(428)   Merge Heap Roots: 0.80ms
[194.798s][info][gc,phases   ] GC(428)   Evacuate Collection Set: 84.46ms
[194.798s][info][gc,phases   ] GC(428)   Post Evacuate Collection Set: 0.54ms
[194.798s][info][gc,phases   ] GC(428)   Other: 0.08ms
[194.798s][info][gc,heap     ] GC(428) Eden regions: 345->0(361)
[194.798s][info][gc,heap     ] GC(428) Survivor regions: 1->1(44)
[194.798s][info][gc,heap     ] GC(428) Old regions: 543->543
[194.798s][info][gc,heap     ] GC(428) Humongous regions: 7->7
[194.798s][info][gc,metaspace] GC(428) Metaspace: 18585K(18752K)->18585K(18752K) NonClass: 15920K(16000K)->15920K(16000K) Class: 2665K(2752K)->2665K(2752K)
[194.798s][info][gc          ] GC(428) Pause Young (Mixed) (G1 Evacuation Pause) 896M->551M(978M) 86.434ms
[194.798s][info][gc,cpu      ] GC(428) User=0.17s Sys=0.00s Real=0.09s
[195.129s][info][gc,start    ] GC(429) Pause Young (Concurrent Start) (G1 Humongous Allocation)
[195.129s][info][gc,task     ] GC(429) Using 2 workers of 2 for evacuation
[195.179s][info][gc,phases   ] GC(429)   Pre Evacuate Collection Set: 0.32ms
[195.179s][info][gc,phases   ] GC(429)   Merge Heap Roots: 0.42ms
[195.179s][info][gc,phases   ] GC(429)   Evacuate Collection Set: 48.35ms
[195.179s][info][gc,phases   ] GC(429)   Post Evacuate Collection Set: 0.69ms
[195.179s][info][gc,phases   ] GC(429)   Other: 0.20ms
[195.179s][info][gc,heap     ] GC(429) Eden regions: 342->0(316)
[195.179s][info][gc,heap     ] GC(429) Survivor regions: 1->31(46)
[195.179s][info][gc,heap     ] GC(429) Old regions: 543->543
[195.179s][info][gc,heap     ] GC(429) Humongous regions: 7->7
[195.179s][info][gc,metaspace] GC(429) Metaspace: 18589K(18752K)->18589K(18752K) NonClass: 15923K(16000K)->15923K(16000K) Class: 2665K(2752K)->2665K(2752K)
[195.179s][info][gc          ] GC(429) Pause Young (Concurrent Start) (G1 Humongous Allocation) 893M->581M(978M) 50.205ms
[195.179s][info][gc          ] GC(430) Concurrent Mark Cycle
[195.179s][info][gc,marking  ] GC(430) Concurrent Scan Root Regions
[195.180s][info][gc,cpu      ] GC(429) User=0.10s Sys=0.00s Real=0.05s
[195.262s][info][gc,marking  ] GC(430) Concurrent Scan Root Regions 82.641ms
[195.262s][info][gc,marking  ] GC(430) Concurrent Mark
[195.262s][info][gc,marking  ] GC(430) Concurrent Mark From Roots
[195.262s][info][gc,task     ] GC(430) Using 1 workers of 1 for marking
[195.661s][info][gc,start    ] GC(431) Pause Young (Normal) (G1 Evacuation Pause)
[195.661s][info][gc,task     ] GC(431) Using 2 workers of 2 for evacuation
[195.736s][info][gc,phases   ] GC(431)   Pre Evacuate Collection Set: 0.27ms
[195.736s][info][gc,phases   ] GC(431)   Merge Heap Roots: 0.44ms
[195.736s][info][gc,phases   ] GC(431)   Evacuate Collection Set: 73.70ms
[195.736s][info][gc,phases   ] GC(431)   Post Evacuate Collection Set: 0.59ms
[195.736s][info][gc,phases   ] GC(431)   Other: 0.10ms
[195.736s][info][gc,heap     ] GC(431) Eden regions: 316->0(292)
[195.736s][info][gc,heap     ] GC(431) Survivor regions: 31->26(44)
[195.736s][info][gc,heap     ] GC(431) Old regions: 543->574
[195.736s][info][gc,heap     ] GC(431) Humongous regions: 10->10
[195.736s][info][gc,metaspace] GC(431) Metaspace: 18590K(18752K)->18590K(18752K) NonClass: 15925K(16000K)->15925K(16000K) Class: 2665K(2752K)->2665K(2752K)
[195.736s][info][gc          ] GC(431) Pause Young (Normal) (G1 Evacuation Pause) 900M->609M(978M) 75.389ms
[195.736s][info][gc,cpu      ] GC(431) User=0.15s Sys=0.00s Real=0.08s
[195.805s][info][gc,marking  ] GC(430) Concurrent Mark From Roots 542.915ms
[195.805s][info][gc,marking  ] GC(430) Concurrent Preclean
[195.805s][info][gc,marking  ] GC(430) Concurrent Preclean 0.032ms
[195.805s][info][gc,start    ] GC(430) Pause Remark
[195.813s][info][gc          ] GC(430) Pause Remark 660M->419M(978M) 7.631ms
[195.813s][info][gc,cpu      ] GC(430) User=0.02s Sys=0.00s Real=0.00s
[195.815s][info][gc,marking  ] GC(430) Concurrent Mark 552.912ms
[195.815s][info][gc,marking  ] GC(430) Concurrent Rebuild Remembered Sets and Scrub Regions
[196.032s][info][gc,marking  ] GC(430) Concurrent Rebuild Remembered Sets and Scrub Regions 217.482ms
[196.033s][info][gc,start    ] GC(430) Pause Cleanup
[196.033s][info][gc          ] GC(430) Pause Cleanup 592M->592M(978M) 0.126ms
[196.033s][info][gc,cpu      ] GC(430) User=0.00s Sys=0.00s Real=0.00s
[196.033s][info][gc,marking  ] GC(430) Concurrent Clear Claimed Marks
[196.033s][info][gc,marking  ] GC(430) Concurrent Clear Claimed Marks 0.029ms
[196.033s][info][gc,marking  ] GC(430) Concurrent Cleanup for Next Mark
[196.036s][info][gc,marking  ] GC(430) Concurrent Cleanup for Next Mark 2.804ms
[196.036s][info][gc          ] GC(430) Concurrent Mark Cycle 856.377ms
[196.120s][info][gc,start    ] GC(432) Pause Young (Prepare Mixed) (G1 Evacuation Pause)
[196.120s][info][gc,task     ] GC(432) Using 2 workers of 2 for evacuation
[196.175s][info][gc,phases   ] GC(432)   Pre Evacuate Collection Set: 0.48ms
[196.175s][info][gc,phases   ] GC(432)   Merge Heap Roots: 0.36ms
[196.175s][info][gc,phases   ] GC(432)   Evacuate Collection Set: 53.13ms
[196.175s][info][gc,phases   ] GC(432)   Post Evacuate Collection Set: 0.69ms
[196.175s][info][gc,phases   ] GC(432)   Other: 0.08ms
[196.175s][info][gc,heap     ] GC(432) Eden regions: 292->0(27)
[196.175s][info][gc,heap     ] GC(432) Survivor regions: 26->21(40)
[196.175s][info][gc,heap     ] GC(432) Old regions: 338->364
[196.175s][info][gc,heap     ] GC(432) Humongous regions: 5->5
[196.175s][info][gc,metaspace] GC(432) Metaspace: 18590K(18752K)->18590K(18752K) NonClass: 15925K(16000K)->15925K(16000K) Class: 2665K(2752K)->2665K(2752K)
[196.175s][info][gc          ] GC(432) Pause Young (Prepare Mixed) (G1 Evacuation Pause) 660M->389M(978M) 54.993ms
[196.175s][info][gc,cpu      ] GC(432) User=0.11s Sys=0.00s Real=0.06s
[196.198s][info][gc,start    ] GC(433) Pause Young (Mixed) (G1 Evacuation Pause)
[196.198s][info][gc,task     ] GC(433) Using 2 workers of 2 for evacuation
[196.236s][info][gc,phases   ] GC(433)   Pre Evacuate Collection Set: 0.27ms
[196.236s][info][gc,phases   ] GC(433)   Merge Heap Roots: 0.37ms
[196.236s][info][gc,phases   ] GC(433)   Evacuate Collection Set: 36.73ms
[196.236s][info][gc,phases   ] GC(433)   Post Evacuate Collection Set: 0.48ms
[196.236s][info][gc,phases   ] GC(433)   Other: 0.08ms
[196.236s][info][gc,heap     ] GC(433) Eden regions: 27->0(111)
[196.236s][info][gc,heap     ] GC(433) Survivor regions: 21->5(6)
[196.236s][info][gc,heap     ] GC(433) Old regions: 364->375
[196.236s][info][gc,heap     ] GC(433) Humongous regions: 5->5
[196.236s][info][gc,metaspace] GC(433) Metaspace: 18590K(18752K)->18590K(18752K) NonClass: 15925K(16000K)->15925K(16000K) Class: 2665K(2752K)->2665K(2752K)
[196.236s][info][gc          ] GC(433) Pause Young (Mixed) (G1 Evacuation Pause) 416M->384M(978M) 38.146ms
[196.236s][info][gc,cpu      ] GC(433) User=0.07s Sys=0.00s Real=0.04s
[196.414s][info][gc,start    ] GC(434) Pause Young (Mixed) (G1 Evacuation Pause)
[196.414s][info][gc,task     ] GC(434) Using 2 workers of 2 for evacuation
[196.444s][info][gc,phases   ] GC(434)   Pre Evacuate Collection Set: 0.31ms
[196.444s][info][gc,phases   ] GC(434)   Merge Heap Roots: 0.60ms
[196.444s][info][gc,phases   ] GC(434)   Evacuate Collection Set: 27.88ms
[196.444s][info][gc,phases   ] GC(434)   Post Evacuate Collection Set: 0.53ms
[196.444s][info][gc,phases   ] GC(434)   Other: 0.08ms
[196.444s][info][gc,heap     ] GC(434) Eden regions: 112->0(175)
[196.444s][info][gc,heap     ] GC(434) Survivor regions: 5->5(15)
[196.444s][info][gc,heap     ] GC(434) Old regions: 375->365
[196.444s][info][gc,heap     ] GC(434) Humongous regions: 5->5
[196.444s][info][gc,metaspace] GC(434) Metaspace: 18590K(18752K)->18590K(18752K) NonClass: 15925K(16000K)->15925K(16000K) Class: 2665K(2752K)->2665K(2752K)
[196.444s][info][gc          ] GC(434) Pause Young (Mixed) (G1 Evacuation Pause) 496M->375M(978M) 29.647ms
[196.444s][info][gc,cpu      ] GC(434) User=0.06s Sys=0.00s Real=0.03s
[196.830s][info][gc,start    ] GC(435) Pause Young (Mixed) (G1 Evacuation Pause)
[196.830s][info][gc,task     ] GC(435) Using 2 workers of 2 for evacuation
[196.858s][info][gc,phases   ] GC(435)   Pre Evacuate Collection Set: 0.30ms
[196.858s][info][gc,phases   ] GC(435)   Merge Heap Roots: 0.76ms
[196.858s][info][gc,phases   ] GC(435)   Evacuate Collection Set: 26.12ms
[196.858s][info][gc,phases   ] GC(435)   Post Evacuate Collection Set: 0.66ms
[196.858s][info][gc,phases   ] GC(435)   Other: 0.09ms
[196.858s][info][gc,heap     ] GC(435) Eden regions: 186->0(289)
[196.858s][info][gc,heap     ] GC(435) Survivor regions: 5->5(24)
[196.858s][info][gc,heap     ] GC(435) Old regions: 365->356
[196.858s][info][gc,heap     ] GC(435) Humongous regions: 5->5
[196.858s][info][gc,metaspace] GC(435) Metaspace: 18590K(18752K)->18590K(18752K) NonClass: 15925K(16000K)->15925K(16000K) Class: 2665K(2752K)->2665K(2752K)
[196.858s][info][gc          ] GC(435) Pause Young (Mixed) (G1 Evacuation Pause) 561M->365M(978M) 28.204ms
[196.858s][info][gc,cpu      ] GC(435) User=0.05s Sys=0.01s Real=0.03s
[197.372s][info][gc,start    ] GC(436) Pause Young (Mixed) (G1 Evacuation Pause)
[197.372s][info][gc,task     ] GC(436) Using 2 workers of 2 for evacuation
[197.398s][info][gc,phases   ] GC(436)   Pre Evacuate Collection Set: 0.51ms
[197.399s][info][gc,phases   ] GC(436)   Merge Heap Roots: 0.90ms
[197.399s][info][gc,phases   ] GC(436)   Evacuate Collection Set: 24.06ms
[197.399s][info][gc,phases   ] GC(436)   Post Evacuate Collection Set: 0.71ms
[197.399s][info][gc,phases   ] GC(436)   Other: 0.09ms
[197.399s][info][gc,heap     ] GC(436) Eden regions: 292->0(328)
[197.399s][info][gc,heap     ] GC(436) Survivor regions: 5->5(38)
[197.399s][info][gc,heap     ] GC(436) Old regions: 356->346
[197.399s][info][gc,heap     ] GC(436) Humongous regions: 5->5
[197.399s][info][gc,metaspace] GC(436) Metaspace: 18590K(18752K)->18590K(18752K) NonClass: 15925K(16000K)->15925K(16000K) Class: 2665K(2752K)->2665K(2752K)
[197.399s][info][gc          ] GC(436) Pause Young (Mixed) (G1 Evacuation Pause) 657M->355M(978M) 26.518ms
[197.399s][info][gc,cpu      ] GC(436) User=0.05s Sys=0.00s Real=0.03s
[197.767s][info][gc,start    ] GC(437) Pause Young (Mixed) (G1 Evacuation Pause)
[197.767s][info][gc,task     ] GC(437) Using 2 workers of 2 for evacuation
[197.833s][info][gc,phases   ] GC(437)   Pre Evacuate Collection Set: 0.33ms
[197.833s][info][gc,phases   ] GC(437)   Merge Heap Roots: 0.55ms
[197.833s][info][gc,phases   ] GC(437)   Evacuate Collection Set: 64.55ms
[197.833s][info][gc,phases   ] GC(437)   Post Evacuate Collection Set: 0.71ms
[197.833s][info][gc,phases   ] GC(437)   Other: 0.09ms
[197.833s][info][gc,heap     ] GC(437) Eden regions: 332->0(5)
[197.833s][info][gc,heap     ] GC(437) Survivor regions: 5->43(43)
[197.833s][info][gc,heap     ] GC(437) Old regions: 346->338
[197.833s][info][gc,heap     ] GC(437) Humongous regions: 5->5
[197.833s][info][gc,metaspace] GC(437) Metaspace: 18593K(18752K)->18593K(18752K) NonClass: 15927K(16000K)->15927K(16000K) Class: 2665K(2752K)->2665K(2752K)
[197.833s][info][gc          ] GC(437) Pause Young (Mixed) (G1 Evacuation Pause) 687M->385M(978M) 66.502ms
[197.833s][info][gc,cpu      ] GC(437) User=0.13s Sys=0.00s Real=0.07s
[197.843s][info][gc,start    ] GC(438) Pause Young (Mixed) (G1 Evacuation Pause)
[197.844s][info][gc,task     ] GC(438) Using 2 workers of 2 for evacuation
[197.899s][info][gc,phases   ] GC(438)   Pre Evacuate Collection Set: 0.42ms
[197.899s][info][gc,phases   ] GC(438)   Merge Heap Roots: 0.71ms
[197.899s][info][gc,phases   ] GC(438)   Evacuate Collection Set: 53.83ms
[197.899s][info][gc,phases   ] GC(438)   Post Evacuate Collection Set: 0.65ms
[197.899s][info][gc,phases   ] GC(438)   Other: 0.06ms
[197.899s][info][gc,heap     ] GC(438) Eden regions: 8->0(378)
[197.899s][info][gc,heap     ] GC(438) Survivor regions: 43->1(7)
[197.899s][info][gc,heap     ] GC(438) Old regions: 338->372
[197.899s][info][gc,heap     ] GC(438) Humongous regions: 5->5
[197.899s][info][gc,metaspace] GC(438) Metaspace: 18593K(18752K)->18593K(18752K) NonClass: 15927K(16000K)->15927K(16000K) Class: 2665K(2752K)->2665K(2752K)
[197.899s][info][gc          ] GC(438) Pause Young (Mixed) (G1 Evacuation Pause) 393M->377M(978M) 55.870ms
[197.899s][info][gc,cpu      ] GC(438) User=0.10s Sys=0.00s Real=0.05s
[198.297s][info][gc,start    ] GC(439) Pause Young (Mixed) (G1 Evacuation Pause)
[198.297s][info][gc,task     ] GC(439) Using 2 workers of 2 for evacuation
[198.332s][info][gc,phases   ] GC(439)   Pre Evacuate Collection Set: 0.50ms
[198.332s][info][gc,phases   ] GC(439)   Merge Heap Roots: 0.98ms
[198.332s][info][gc,phases   ] GC(439)   Evacuate Collection Set: 32.41ms
[198.332s][info][gc,phases   ] GC(439)   Post Evacuate Collection Set: 0.83ms
[198.332s][info][gc,phases   ] GC(439)   Other: 0.11ms
[198.332s][info][gc,heap     ] GC(439) Eden regions: 378->0(390)
[198.332s][info][gc,heap     ] GC(439) Survivor regions: 1->7(48)
[198.332s][info][gc,heap     ] GC(439) Old regions: 372->363
[198.332s][info][gc,heap     ] GC(439) Humongous regions: 5->5
[198.332s][info][gc,metaspace] GC(439) Metaspace: 18594K(18752K)->18594K(18752K) NonClass: 15929K(16000K)->15929K(16000K) Class: 2665K(2752K)->2665K(2752K)
[198.332s][info][gc          ] GC(439) Pause Young (Mixed) (G1 Evacuation Pause) 755M->374M(978M) 35.068ms
[198.332s][info][gc,cpu      ] GC(439) User=0.07s Sys=0.00s Real=0.03s
[199.071s][info][gc,start    ] GC(440) Pause Young (Mixed) (G1 Evacuation Pause)
[199.071s][info][gc,task     ] GC(440) Using 2 workers of 2 for evacuation
[199.159s][info][gc,phases   ] GC(440)   Pre Evacuate Collection Set: 0.33ms
[199.159s][info][gc,phases   ] GC(440)   Merge Heap Roots: 0.87ms
[199.159s][info][gc,phases   ] GC(440)   Evacuate Collection Set: 85.79ms
[199.159s][info][gc,phases   ] GC(440)   Post Evacuate Collection Set: 0.63ms
[199.159s][info][gc,phases   ] GC(440)   Other: 0.11ms
[199.159s][info][gc,heap     ] GC(440) Eden regions: 390->0(469)
[199.159s][info][gc,heap     ] GC(440) Survivor regions: 7->22(50)
[199.159s][info][gc,heap     ] GC(440) Old regions: 363->360
[199.159s][info][gc,heap     ] GC(440) Humongous regions: 5->5
[199.159s][info][gc,metaspace] GC(440) Metaspace: 18594K(18752K)->18594K(18752K) NonClass: 15929K(16000K)->15929K(16000K) Class: 2665K(2752K)->2665K(2752K)
[199.159s][info][gc          ] GC(440) Pause Young (Mixed) (G1 Evacuation Pause) 764M->386M(978M) 88.016ms
[199.159s][info][gc,cpu      ] GC(440) User=0.18s Sys=0.00s Real=0.09s
[199.634s][info][gc,start    ] GC(441) Pause Young (Concurrent Start) (G1 Evacuation Pause)
[199.634s][info][gc,task     ] GC(441) Using 2 workers of 2 for evacuation
[199.786s][info][gc,phases   ] GC(441)   Pre Evacuate Collection Set: 0.30ms
[199.786s][info][gc,phases   ] GC(441)   Merge Heap Roots: 0.27ms
[199.786s][info][gc,phases   ] GC(441)   Evacuate Collection Set: 141.48ms
[199.786s][info][gc,phases   ] GC(441)   Post Evacuate Collection Set: 9.35ms
[199.786s][info][gc,phases   ] GC(441)   Other: 0.14ms
[199.786s][info][gc,heap     ] GC(441) Eden regions: 469->0(278)
[199.786s][info][gc,heap     ] GC(441) Survivor regions: 22->62(62)
[199.786s][info][gc,heap     ] GC(441) Old regions: 360->521
[199.786s][info][gc,heap     ] GC(441) Humongous regions: 5->5
[199.786s][info][gc,metaspace] GC(441) Metaspace: 18595K(18752K)->18595K(18752K) NonClass: 15930K(16000K)->15930K(16000K) Class: 2665K(2752K)->2665K(2752K)
[199.786s][info][gc          ] GC(441) Pause Young (Concurrent Start) (G1 Evacuation Pause) (Evacuation Failure: Allocation) 855M->588M(978M) 151.802ms
[199.786s][info][gc,cpu      ] GC(441) User=0.30s Sys=0.00s Real=0.15s
[199.786s][info][gc          ] GC(442) Concurrent Mark Cycle
[199.786s][info][gc,marking  ] GC(442) Concurrent Scan Root Regions
[199.943s][info][gc,marking  ] GC(442) Concurrent Scan Root Regions 157.022ms
[199.943s][info][gc,marking  ] GC(442) Concurrent Mark
[199.943s][info][gc,marking  ] GC(442) Concurrent Mark From Roots
[199.943s][info][gc,task     ] GC(442) Using 1 workers of 1 for marking
[200.705s][info][gc,start    ] GC(443) Pause Young (Normal) (G1 Evacuation Pause)
[200.705s][info][gc,task     ] GC(443) Using 2 workers of 2 for evacuation
[200.816s][info][gc,phases   ] GC(443)   Pre Evacuate Collection Set: 0.37ms
[200.816s][info][gc,phases   ] GC(443)   Merge Heap Roots: 0.66ms
[200.816s][info][gc,phases   ] GC(443)   Evacuate Collection Set: 109.34ms
[200.816s][info][gc,phases   ] GC(443)   Post Evacuate Collection Set: 0.82ms
[200.817s][info][gc,phases   ] GC(443)   Other: 0.11ms
[200.817s][info][gc,heap     ] GC(443) Eden regions: 278->0(332)
[200.817s][info][gc,heap     ] GC(443) Survivor regions: 62->12(43)
[200.817s][info][gc,heap     ] GC(443) Old regions: 521->511
[200.817s][info][gc,heap     ] GC(443) Humongous regions: 5->5
[200.817s][info][gc,metaspace] GC(443) Metaspace: 18603K(18752K)->18603K(18752K) NonClass: 15938K(16000K)->15938K(16000K) Class: 2665K(2752K)->2665K(2752K)
[200.817s][info][gc          ] GC(443) Pause Young (Normal) (G1 Evacuation Pause) 866M->527M(978M) 111.559ms
[200.817s][info][gc,cpu      ] GC(443) User=0.22s Sys=0.00s Real=0.11s
[201.080s][info][gc,marking  ] GC(442) Concurrent Mark From Roots 1136.425ms
[201.080s][info][gc,marking  ] GC(442) Concurrent Preclean
[201.080s][info][gc,marking  ] GC(442) Concurrent Preclean 0.025ms
[201.080s][info][gc,start    ] GC(442) Pause Remark
[201.087s][info][gc          ] GC(442) Pause Remark 652M->651M(978M) 7.350ms
[201.087s][info][gc,cpu      ] GC(442) User=0.01s Sys=0.00s Real=0.01s
[201.087s][info][gc,marking  ] GC(442) Concurrent Mark 1144.107ms
[201.087s][info][gc,marking  ] GC(442) Concurrent Rebuild Remembered Sets and Scrub Regions
[201.472s][info][gc,start    ] GC(444) Pause Young (Normal) (G1 Evacuation Pause)
[201.472s][info][gc,task     ] GC(444) Using 2 workers of 2 for evacuation
[201.600s][info][gc,phases   ] GC(444)   Pre Evacuate Collection Set: 0.49ms
[201.600s][info][gc,phases   ] GC(444)   Merge Heap Roots: 1.22ms
[201.600s][info][gc,phases   ] GC(444)   Evacuate Collection Set: 125.18ms
[201.600s][info][gc,phases   ] GC(444)   Post Evacuate Collection Set: 0.87ms
[201.600s][info][gc,phases   ] GC(444)   Other: 0.11ms
[201.600s][info][gc,heap     ] GC(444) Eden regions: 332->0(251)
[201.600s][info][gc,heap     ] GC(444) Survivor regions: 12->43(43)
[201.600s][info][gc,heap     ] GC(444) Old regions: 511->565
[201.600s][info][gc,heap     ] GC(444) Humongous regions: 10->10
[201.600s][info][gc,metaspace] GC(444) Metaspace: 18606K(18752K)->18606K(18752K) NonClass: 15940K(16000K)->15940K(16000K) Class: 2665K(2752K)->2665K(2752K)
[201.600s][info][gc          ] GC(444) Pause Young (Normal) (G1 Evacuation Pause) 864M->617M(978M) 128.147ms
[201.600s][info][gc,cpu      ] GC(444) User=0.25s Sys=0.00s Real=0.13s
[201.681s][info][gc,marking  ] GC(442) Concurrent Rebuild Remembered Sets and Scrub Regions 593.503ms
[201.681s][info][gc,start    ] GC(442) Pause Cleanup
[201.681s][info][gc          ] GC(442) Pause Cleanup 659M->659M(978M) 0.122ms
[201.681s][info][gc,cpu      ] GC(442) User=0.00s Sys=0.00s Real=0.00s
[201.681s][info][gc,marking  ] GC(442) Concurrent Clear Claimed Marks
[201.681s][info][gc,marking  ] GC(442) Concurrent Clear Claimed Marks 0.041ms
[201.681s][info][gc,marking  ] GC(442) Concurrent Cleanup for Next Mark
[201.686s][info][gc,marking  ] GC(442) Concurrent Cleanup for Next Mark 4.852ms
[201.686s][info][gc          ] GC(442) Concurrent Mark Cycle 1900.083ms
[202.006s][info][gc,start    ] GC(445) Pause Young (Prepare Mixed) (G1 Evacuation Pause)
[202.006s][info][gc,task     ] GC(445) Using 2 workers of 2 for evacuation
[202.090s][info][gc,phases   ] GC(445)   Pre Evacuate Collection Set: 0.28ms
[202.090s][info][gc,phases   ] GC(445)   Merge Heap Roots: 0.55ms
[202.091s][info][gc,phases   ] GC(445)   Evacuate Collection Set: 82.79ms
[202.091s][info][gc,phases   ] GC(445)   Post Evacuate Collection Set: 0.54ms
[202.091s][info][gc,phases   ] GC(445)   Other: 0.09ms
[202.091s][info][gc,heap     ] GC(445) Eden regions: 251->0(252)
[202.091s][info][gc,heap     ] GC(445) Survivor regions: 43->11(37)
[202.091s][info][gc,heap     ] GC(445) Old regions: 565->608
[202.091s][info][gc,heap     ] GC(445) Humongous regions: 13->13
[202.091s][info][gc,metaspace] GC(445) Metaspace: 18606K(18752K)->18606K(18752K) NonClass: 15940K(16000K)->15940K(16000K) Class: 2665K(2752K)->2665K(2752K)
[202.091s][info][gc          ] GC(445) Pause Young (Prepare Mixed) (G1 Evacuation Pause) 871M->632M(978M) 84.477ms
[202.091s][info][gc,cpu      ] GC(445) User=0.17s Sys=0.00s Real=0.08s
[202.469s][info][gc,start    ] GC(446) Pause Young (Mixed) (G1 Evacuation Pause)
[202.469s][info][gc,task     ] GC(446) Using 2 workers of 2 for evacuation
[202.486s][info][gc,phases   ] GC(446)   Pre Evacuate Collection Set: 0.34ms
[202.486s][info][gc,phases   ] GC(446)   Merge Heap Roots: 0.18ms
[202.486s][info][gc,phases   ] GC(446)   Evacuate Collection Set: 16.08ms
[202.486s][info][gc,phases   ] GC(446)   Post Evacuate Collection Set: 0.49ms
[202.487s][info][gc,phases   ] GC(446)   Other: 0.12ms
[202.487s][info][gc,heap     ] GC(446) Eden regions: 252->0(271)
[202.487s][info][gc,heap     ] GC(446) Survivor regions: 11->11(33)
[202.487s][info][gc,heap     ] GC(446) Old regions: 608->598
[202.487s][info][gc,heap     ] GC(446) Humongous regions: 13->13
[202.487s][info][gc,metaspace] GC(446) Metaspace: 18606K(18752K)->18606K(18752K) NonClass: 15940K(16000K)->15940K(16000K) Class: 2665K(2752K)->2665K(2752K)
[202.487s][info][gc          ] GC(446) Pause Young (Mixed) (G1 Evacuation Pause) 884M->621M(978M) 17.459ms
[202.487s][info][gc,cpu      ] GC(446) User=0.03s Sys=0.00s Real=0.02s
[202.892s][info][gc,start    ] GC(447) Pause Young (Concurrent Start) (G1 Evacuation Pause)
[202.893s][info][gc,task     ] GC(447) Using 2 workers of 2 for evacuation
[202.909s][info][gc,phases   ] GC(447)   Pre Evacuate Collection Set: 0.31ms
[202.909s][info][gc,phases   ] GC(447)   Merge Heap Roots: 0.15ms
[202.909s][info][gc,phases   ] GC(447)   Evacuate Collection Set: 15.48ms
[202.909s][info][gc,phases   ] GC(447)   Post Evacuate Collection Set: 0.52ms
[202.909s][info][gc,phases   ] GC(447)   Other: 0.10ms
[202.909s][info][gc,heap     ] GC(447) Eden regions: 271->0(282)
[202.909s][info][gc,heap     ] GC(447) Survivor regions: 11->11(36)
[202.909s][info][gc,heap     ] GC(447) Old regions: 598->598
[202.909s][info][gc,heap     ] GC(447) Humongous regions: 13->13
[202.909s][info][gc,metaspace] GC(447) Metaspace: 18606K(18752K)->18606K(18752K) NonClass: 15940K(16000K)->15940K(16000K) Class: 2665K(2752K)->2665K(2752K)
[202.909s][info][gc          ] GC(447) Pause Young (Concurrent Start) (G1 Evacuation Pause) 892M->621M(978M) 16.775ms
[202.909s][info][gc          ] GC(448) Concurrent Mark Cycle
[202.909s][info][gc,marking  ] GC(448) Concurrent Scan Root Regions
[202.911s][info][gc,cpu      ] GC(447) User=0.03s Sys=0.00s Real=0.02s
[202.951s][info][gc,marking  ] GC(448) Concurrent Scan Root Regions 41.463ms
[202.951s][info][gc,marking  ] GC(448) Concurrent Mark
[202.951s][info][gc,marking  ] GC(448) Concurrent Mark From Roots
[202.951s][info][gc,task     ] GC(448) Using 1 workers of 1 for marking
[203.917s][info][gc,start    ] GC(449) Pause Young (Normal) (G1 Evacuation Pause)
[203.917s][info][gc,task     ] GC(449) Using 2 workers of 2 for evacuation
[203.934s][info][gc,phases   ] GC(449)   Pre Evacuate Collection Set: 0.48ms
[203.934s][info][gc,phases   ] GC(449)   Merge Heap Roots: 0.15ms
[203.934s][info][gc,phases   ] GC(449)   Evacuate Collection Set: 15.47ms
[203.934s][info][gc,phases   ] GC(449)   Post Evacuate Collection Set: 0.51ms
[203.934s][info][gc,phases   ] GC(449)   Other: 0.11ms
[203.934s][info][gc,heap     ] GC(449) Eden regions: 282->0(293)
[203.934s][info][gc,heap     ] GC(449) Survivor regions: 11->11(37)
[203.934s][info][gc,heap     ] GC(449) Old regions: 598->598
[203.934s][info][gc,heap     ] GC(449) Humongous regions: 13->13
[203.934s][info][gc,metaspace] GC(449) Metaspace: 18606K(18752K)->18606K(18752K) NonClass: 15940K(16000K)->15940K(16000K) Class: 2665K(2752K)->2665K(2752K)
[203.934s][info][gc          ] GC(449) Pause Young (Normal) (G1 Evacuation Pause) 903M->621M(978M) 16.951ms
[203.934s][info][gc,cpu      ] GC(449) User=0.03s Sys=0.00s Real=0.02s
[204.046s][info][gc,marking  ] GC(448) Concurrent Mark From Roots 1095.074ms
[204.046s][info][gc,marking  ] GC(448) Concurrent Preclean
[204.046s][info][gc,marking  ] GC(448) Concurrent Preclean 0.029ms
[204.046s][info][gc,start    ] GC(448) Pause Remark
[204.053s][info][gc          ] GC(448) Pause Remark 657M->575M(978M) 7.326ms
[204.053s][info][gc,cpu      ] GC(448) User=0.01s Sys=0.00s Real=0.01s
[204.055s][info][gc,marking  ] GC(448) Concurrent Mark 1103.756ms
[204.055s][info][gc,marking  ] GC(448) Concurrent Rebuild Remembered Sets and Scrub Regions
[204.433s][info][gc,marking  ] GC(448) Concurrent Rebuild Remembered Sets and Scrub Regions 378.767ms
[204.434s][info][gc,start    ] GC(448) Pause Cleanup
[204.434s][info][gc          ] GC(448) Pause Cleanup 799M->799M(978M) 0.119ms
[204.434s][info][gc,cpu      ] GC(448) User=0.00s Sys=0.00s Real=0.00s
[204.434s][info][gc,marking  ] GC(448) Concurrent Clear Claimed Marks
[204.434s][info][gc,marking  ] GC(448) Concurrent Clear Claimed Marks 0.029ms
[204.434s][info][gc,marking  ] GC(448) Concurrent Cleanup for Next Mark
[204.437s][info][gc,marking  ] GC(448) Concurrent Cleanup for Next Mark 2.857ms
[204.437s][info][gc          ] GC(448) Concurrent Mark Cycle 1527.345ms
[204.460s][info][gc,start    ] GC(450) Pause Young (Prepare Mixed) (G1 Evacuation Pause)
[204.460s][info][gc,task     ] GC(450) Using 2 workers of 2 for evacuation
[204.512s][info][gc,phases   ] GC(450)   Pre Evacuate Collection Set: 0.26ms
[204.512s][info][gc,phases   ] GC(450)   Merge Heap Roots: 0.23ms
[204.512s][info][gc,phases   ] GC(450)   Evacuate Collection Set: 51.10ms
[204.512s][info][gc,phases   ] GC(450)   Post Evacuate Collection Set: 0.48ms
[204.512s][info][gc,phases   ] GC(450)   Other: 0.09ms
[204.512s][info][gc,heap     ] GC(450) Eden regions: 293->0(306)
[204.512s][info][gc,heap     ] GC(450) Survivor regions: 11->38(38)
[204.512s][info][gc,heap     ] GC(450) Old regions: 522->524
[204.512s][info][gc,heap     ] GC(450) Humongous regions: 7->7
[204.512s][info][gc,metaspace] GC(450) Metaspace: 18606K(18752K)->18606K(18752K) NonClass: 15940K(16000K)->15940K(16000K) Class: 2665K(2752K)->2665K(2752K)
[204.512s][info][gc          ] GC(450) Pause Young (Prepare Mixed) (G1 Evacuation Pause) 832M->568M(978M) 52.342ms
[204.512s][info][gc,cpu      ] GC(450) User=0.10s Sys=0.00s Real=0.05s
[204.823s][info][gc,start    ] GC(451) Pause Young (Mixed) (G1 Evacuation Pause)
[204.823s][info][gc,task     ] GC(451) Using 2 workers of 2 for evacuation
[204.878s][info][gc,phases   ] GC(451)   Pre Evacuate Collection Set: 0.33ms
[204.878s][info][gc,phases   ] GC(451)   Merge Heap Roots: 0.27ms
[204.878s][info][gc,phases   ] GC(451)   Evacuate Collection Set: 53.23ms
[204.878s][info][gc,phases   ] GC(451)   Post Evacuate Collection Set: 0.83ms
[204.878s][info][gc,phases   ] GC(451)   Other: 0.11ms
[204.878s][info][gc,heap     ] GC(451) Eden regions: 321->0(383)
[204.878s][info][gc,heap     ] GC(451) Survivor regions: 38->8(45)
[204.878s][info][gc,heap     ] GC(451) Old regions: 524->494
[204.878s][info][gc,heap     ] GC(451) Humongous regions: 7->7
[204.878s][info][gc,metaspace] GC(451) Metaspace: 18610K(18816K)->18610K(18816K) NonClass: 15945K(16064K)->15945K(16064K) Class: 2665K(2752K)->2665K(2752K)
[204.878s][info][gc          ] GC(451) Pause Young (Mixed) (G1 Evacuation Pause) 889M->508M(978M) 55.020ms
[204.878s][info][gc,cpu      ] GC(451) User=0.11s Sys=0.00s Real=0.05s
[205.542s][info][gc,start    ] GC(452) Pause Young (Mixed) (G1 Evacuation Pause)
[205.542s][info][gc,task     ] GC(452) Using 2 workers of 2 for evacuation
[205.623s][info][gc,phases   ] GC(452)   Pre Evacuate Collection Set: 0.30ms
[205.623s][info][gc,phases   ] GC(452)   Merge Heap Roots: 0.65ms
[205.623s][info][gc,phases   ] GC(452)   Evacuate Collection Set: 79.01ms
[205.623s][info][gc,phases   ] GC(452)   Post Evacuate Collection Set: 0.55ms
[205.623s][info][gc,phases   ] GC(452)   Other: 0.10ms
[205.623s][info][gc,heap     ] GC(452) Eden regions: 383->0(393)
[205.623s][info][gc,heap     ] GC(452) Survivor regions: 8->12(49)
[205.623s][info][gc,heap     ] GC(452) Old regions: 494->494
[205.623s][info][gc,heap     ] GC(452) Humongous regions: 7->7
[205.623s][info][gc,metaspace] GC(452) Metaspace: 18610K(18816K)->18610K(18816K) NonClass: 15945K(16064K)->15945K(16064K) Class: 2665K(2752K)->2665K(2752K)
[205.623s][info][gc          ] GC(452) Pause Young (Mixed) (G1 Evacuation Pause) 891M->512M(978M) 80.856ms
[205.623s][info][gc,cpu      ] GC(452) User=0.16s Sys=0.00s Real=0.08s
[206.194s][info][gc,start    ] GC(453) Pause Young (Concurrent Start) (G1 Evacuation Pause)
[206.194s][info][gc,task     ] GC(453) Using 2 workers of 2 for evacuation
[206.233s][info][gc,phases   ] GC(453)   Pre Evacuate Collection Set: 0.29ms
[206.233s][info][gc,phases   ] GC(453)   Merge Heap Roots: 0.19ms
[206.233s][info][gc,phases   ] GC(453)   Evacuate Collection Set: 37.80ms
[206.233s][info][gc,phases   ] GC(453)   Post Evacuate Collection Set: 0.64ms
[206.233s][info][gc,phases   ] GC(453)   Other: 0.11ms
[206.233s][info][gc,heap     ] GC(453) Eden regions: 393->0(351)
[206.233s][info][gc,heap     ] GC(453) Survivor regions: 12->38(51)
[206.233s][info][gc,heap     ] GC(453) Old regions: 494->494
[206.233s][info][gc,heap     ] GC(453) Humongous regions: 7->7
[206.233s][info][gc,metaspace] GC(453) Metaspace: 18611K(18816K)->18611K(18816K) NonClass: 15946K(16064K)->15946K(16064K) Class: 2665K(2752K)->2665K(2752K)
[206.233s][info][gc          ] GC(453) Pause Young (Concurrent Start) (G1 Evacuation Pause) 905M->538M(978M) 39.210ms
[206.233s][info][gc          ] GC(454) Concurrent Mark Cycle
[206.233s][info][gc,marking  ] GC(454) Concurrent Scan Root Regions
[206.235s][info][gc,cpu      ] GC(453) User=0.08s Sys=0.00s Real=0.04s
[206.290s][info][gc,marking  ] GC(454) Concurrent Scan Root Regions 57.171ms
[206.291s][info][gc,marking  ] GC(454) Concurrent Mark
[206.291s][info][gc,marking  ] GC(454) Concurrent Mark From Roots
[206.291s][info][gc,task     ] GC(454) Using 1 workers of 1 for marking
[207.196s][info][gc,start    ] GC(455) Pause Young (Normal) (G1 Evacuation Pause)
[207.196s][info][gc,task     ] GC(455) Using 2 workers of 2 for evacuation
[207.293s][info][gc,phases   ] GC(455)   Pre Evacuate Collection Set: 0.30ms
[207.293s][info][gc,phases   ] GC(455)   Merge Heap Roots: 0.22ms
[207.293s][info][gc,phases   ] GC(455)   Evacuate Collection Set: 94.70ms
[207.293s][info][gc,phases   ] GC(455)   Post Evacuate Collection Set: 1.28ms
[207.293s][info][gc,phases   ] GC(455)   Other: 0.09ms
[207.293s][info][gc,heap     ] GC(455) Eden regions: 351->0(279)
[207.293s][info][gc,heap     ] GC(455) Survivor regions: 38->49(49)
[207.293s][info][gc,heap     ] GC(455) Old regions: 494->541
[207.293s][info][gc,heap     ] GC(455) Humongous regions: 10->10
[207.293s][info][gc,metaspace] GC(455) Metaspace: 18621K(18816K)->18621K(18816K) NonClass: 15956K(16064K)->15956K(16064K) Class: 2665K(2752K)->2665K(2752K)
[207.293s][info][gc          ] GC(455) Pause Young (Normal) (G1 Evacuation Pause) (Evacuation Failure: Allocation) 892M->600M(978M) 96.851ms
[207.293s][info][gc,cpu      ] GC(455) User=0.19s Sys=0.00s Real=0.10s
[207.373s][info][gc,marking  ] GC(454) Concurrent Mark From Roots 1082.382ms
[207.373s][info][gc,marking  ] GC(454) Concurrent Preclean
[207.373s][info][gc,marking  ] GC(454) Concurrent Preclean 0.029ms
[207.373s][info][gc,start    ] GC(454) Pause Remark
[207.380s][info][gc          ] GC(454) Pause Remark 627M->479M(978M) 7.099ms
[207.380s][info][gc,cpu      ] GC(454) User=0.01s Sys=0.00s Real=0.00s
[207.380s][info][gc,marking  ] GC(454) Concurrent Mark 1089.812ms
[207.380s][info][gc,marking  ] GC(454) Concurrent Rebuild Remembered Sets and Scrub Regions
[207.717s][info][gc,marking  ] GC(454) Concurrent Rebuild Remembered Sets and Scrub Regions 336.163ms
[207.717s][info][gc,start    ] GC(454) Pause Cleanup
[207.717s][info][gc          ] GC(454) Pause Cleanup 628M->628M(978M) 0.118ms
[207.717s][info][gc,cpu      ] GC(454) User=0.00s Sys=0.00s Real=0.00s
[207.717s][info][gc,marking  ] GC(454) Concurrent Clear Claimed Marks
[207.717s][info][gc,marking  ] GC(454) Concurrent Clear Claimed Marks 0.037ms
[207.717s][info][gc,marking  ] GC(454) Concurrent Cleanup for Next Mark
[207.720s][info][gc,marking  ] GC(454) Concurrent Cleanup for Next Mark 2.816ms
[207.720s][info][gc          ] GC(454) Concurrent Mark Cycle 1486.562ms
[207.872s][info][gc,start    ] GC(456) Pause Young (Prepare Mixed) (G1 Evacuation Pause)
[207.872s][info][gc,task     ] GC(456) Using 2 workers of 2 for evacuation
[207.925s][info][gc,phases   ] GC(456)   Pre Evacuate Collection Set: 0.31ms
[207.925s][info][gc,phases   ] GC(456)   Merge Heap Roots: 0.27ms
[207.925s][info][gc,phases   ] GC(456)   Evacuate Collection Set: 51.52ms
[207.925s][info][gc,phases   ] GC(456)   Post Evacuate Collection Set: 0.51ms
[207.925s][info][gc,phases   ] GC(456)   Other: 0.10ms
[207.925s][info][gc,heap     ] GC(456) Eden regions: 279->0(440)
[207.925s][info][gc,heap     ] GC(456) Survivor regions: 49->1(41)
[207.925s][info][gc,heap     ] GC(456) Old regions: 395->436
[207.925s][info][gc,heap     ] GC(456) Humongous regions: 8->8
[207.925s][info][gc,metaspace] GC(456) Metaspace: 18621K(18816K)->18621K(18816K) NonClass: 15956K(16064K)->15956K(16064K) Class: 2665K(2752K)->2665K(2752K)
[207.925s][info][gc          ] GC(456) Pause Young (Prepare Mixed) (G1 Evacuation Pause) 731M->445M(978M) 52.926ms
[207.925s][info][gc,cpu      ] GC(456) User=0.10s Sys=0.00s Real=0.06s
[208.555s][info][gc,start    ] GC(457) Pause Young (Mixed) (G1 Evacuation Pause)
[208.555s][info][gc,task     ] GC(457) Using 2 workers of 2 for evacuation
[208.562s][info][gc,phases   ] GC(457)   Pre Evacuate Collection Set: 0.34ms
[208.562s][info][gc,phases   ] GC(457)   Merge Heap Roots: 0.19ms
[208.562s][info][gc,phases   ] GC(457)   Evacuate Collection Set: 5.72ms
[208.562s][info][gc,phases   ] GC(457)   Post Evacuate Collection Set: 0.61ms
[208.562s][info][gc,phases   ] GC(457)   Other: 0.11ms
[208.562s][info][gc,heap     ] GC(457) Eden regions: 440->0(466)
[208.562s][info][gc,heap     ] GC(457) Survivor regions: 1->4(56)
[208.562s][info][gc,heap     ] GC(457) Old regions: 436->421
[208.562s][info][gc,heap     ] GC(457) Humongous regions: 8->8
[208.562s][info][gc,metaspace] GC(457) Metaspace: 18621K(18816K)->18621K(18816K) NonClass: 15956K(16064K)->15956K(16064K) Class: 2665K(2752K)->2665K(2752K)
[208.562s][info][gc          ] GC(457) Pause Young (Mixed) (G1 Evacuation Pause) 885M->432M(978M) 7.261ms
[208.562s][info][gc,cpu      ] GC(457) User=0.02s Sys=0.00s Real=0.00s
[208.971s][info][gc,start    ] GC(458) Pause Young (Concurrent Start) (G1 Evacuation Pause)
[208.971s][info][gc,task     ] GC(458) Using 2 workers of 2 for evacuation
[209.028s][info][gc,phases   ] GC(458)   Pre Evacuate Collection Set: 0.33ms
[209.028s][info][gc,phases   ] GC(458)   Merge Heap Roots: 0.35ms
[209.028s][info][gc,phases   ] GC(458)   Evacuate Collection Set: 55.67ms
[209.028s][info][gc,phases   ] GC(458)   Post Evacuate Collection Set: 0.65ms
[209.028s][info][gc,phases   ] GC(458)   Other: 0.12ms
[209.028s][info][gc,heap     ] GC(458) Eden regions: 466->0(403)
[209.028s][info][gc,heap     ] GC(458) Survivor regions: 4->48(59)
[209.028s][info][gc,heap     ] GC(458) Old regions: 421->421
[209.028s][info][gc,heap     ] GC(458) Humongous regions: 8->8
[209.028s][info][gc,metaspace] GC(458) Metaspace: 18626K(18816K)->18626K(18816K) NonClass: 15961K(16064K)->15961K(16064K) Class: 2665K(2752K)->2665K(2752K)
[209.029s][info][gc          ] GC(458) Pause Young (Concurrent Start) (G1 Evacuation Pause) 898M->476M(978M) 57.358ms
[209.029s][info][gc,cpu      ] GC(458) User=0.11s Sys=0.00s Real=0.06s
[209.029s][info][gc          ] GC(459) Concurrent Mark Cycle
[209.029s][info][gc,marking  ] GC(459) Concurrent Scan Root Regions
[209.114s][info][gc,marking  ] GC(459) Concurrent Scan Root Regions 85.849ms
[209.115s][info][gc,marking  ] GC(459) Concurrent Mark
[209.115s][info][gc,marking  ] GC(459) Concurrent Mark From Roots
[209.115s][info][gc,task     ] GC(459) Using 1 workers of 1 for marking
[209.709s][info][gc,start    ] GC(460) Pause Young (Normal) (G1 Evacuation Pause)
[209.709s][info][gc,task     ] GC(460) Using 2 workers of 2 for evacuation
[209.830s][info][gc,phases   ] GC(460)   Pre Evacuate Collection Set: 0.28ms
[209.830s][info][gc,phases   ] GC(460)   Merge Heap Roots: 0.37ms
[209.830s][info][gc,phases   ] GC(460)   Evacuate Collection Set: 116.18ms
[209.830s][info][gc,phases   ] GC(460)   Post Evacuate Collection Set: 3.83ms
[209.830s][info][gc,phases   ] GC(460)   Other: 0.11ms
[209.830s][info][gc,heap     ] GC(460) Eden regions: 403->0(278)
[209.830s][info][gc,heap     ] GC(460) Survivor regions: 48->57(57)
[209.830s][info][gc,heap     ] GC(460) Old regions: 421->528
[209.830s][info][gc,heap     ] GC(460) Humongous regions: 8->8
[209.830s][info][gc,metaspace] GC(460) Metaspace: 18635K(18816K)->18635K(18816K) NonClass: 15970K(16064K)->15970K(16064K) Class: 2665K(2752K)->2665K(2752K)
[209.830s][info][gc          ] GC(460) Pause Young (Normal) (G1 Evacuation Pause) (Evacuation Failure: Allocation) 879M->593M(978M) 121.004ms
[209.830s][info][gc,cpu      ] GC(460) User=0.24s Sys=0.00s Real=0.12s
[209.890s][info][gc,marking  ] GC(459) Concurrent Mark From Roots 775.762ms
[209.890s][info][gc,marking  ] GC(459) Concurrent Preclean
[209.890s][info][gc,marking  ] GC(459) Concurrent Preclean 0.026ms
[209.890s][info][gc,start    ] GC(459) Pause Remark
[209.898s][info][gc          ] GC(459) Pause Remark 659M->585M(978M) 7.217ms
[209.898s][info][gc,cpu      ] GC(459) User=0.01s Sys=0.00s Real=0.01s
[209.898s][info][gc,marking  ] GC(459) Concurrent Mark 783.303ms
[209.898s][info][gc,marking  ] GC(459) Concurrent Rebuild Remembered Sets and Scrub Regions
[210.188s][info][gc,start    ] GC(461) Pause Young (Normal) (G1 Evacuation Pause)
[210.188s][info][gc,task     ] GC(461) Using 2 workers of 2 for evacuation
[210.264s][info][gc,phases   ] GC(461)   Pre Evacuate Collection Set: 0.49ms
[210.264s][info][gc,phases   ] GC(461)   Merge Heap Roots: 0.43ms
[210.264s][info][gc,phases   ] GC(461)   Evacuate Collection Set: 73.40ms
[210.264s][info][gc,phases   ] GC(461)   Post Evacuate Collection Set: 1.00ms
[210.264s][info][gc,phases   ] GC(461)   Other: 0.11ms
[210.264s][info][gc,heap     ] GC(461) Eden regions: 278->0(402)
[210.264s][info][gc,heap     ] GC(461) Survivor regions: 57->7(42)
[210.264s][info][gc,heap     ] GC(461) Old regions: 457->458
[210.264s][info][gc,heap     ] GC(461) Humongous regions: 5->5
[210.264s][info][gc,metaspace] GC(461) Metaspace: 18647K(18816K)->18647K(18816K) NonClass: 15982K(16064K)->15982K(16064K) Class: 2665K(2752K)->2665K(2752K)
[210.264s][info][gc          ] GC(461) Pause Young (Normal) (G1 Evacuation Pause) 797M->470M(978M) 75.652ms
[210.264s][info][gc,cpu      ] GC(461) User=0.15s Sys=0.00s Real=0.08s
[210.378s][info][gc,marking  ] GC(459) Concurrent Rebuild Remembered Sets and Scrub Regions 480.401ms
[210.378s][info][gc,start    ] GC(459) Pause Cleanup
[210.379s][info][gc          ] GC(459) Pause Cleanup 541M->541M(978M) 0.140ms
[210.379s][info][gc,cpu      ] GC(459) User=0.00s Sys=0.00s Real=0.00s
[210.379s][info][gc,marking  ] GC(459) Concurrent Clear Claimed Marks
[210.379s][info][gc,marking  ] GC(459) Concurrent Clear Claimed Marks 0.038ms
[210.379s][info][gc,marking  ] GC(459) Concurrent Cleanup for Next Mark
[210.384s][info][gc,marking  ] GC(459) Concurrent Cleanup for Next Mark 4.875ms
[210.384s][info][gc          ] GC(459) Concurrent Mark Cycle 1355.052ms
[210.785s][info][gc,start    ] GC(462) Pause Young (Prepare Mixed) (G1 Evacuation Pause)
[210.785s][info][gc,task     ] GC(462) Using 2 workers of 2 for evacuation
[210.823s][info][gc,phases   ] GC(462)   Pre Evacuate Collection Set: 0.29ms
[210.823s][info][gc,phases   ] GC(462)   Merge Heap Roots: 0.85ms
[210.823s][info][gc,phases   ] GC(462)   Evacuate Collection Set: 36.06ms
[210.823s][info][gc,phases   ] GC(462)   Post Evacuate Collection Set: 0.81ms
[210.823s][info][gc,phases   ] GC(462)   Other: 0.13ms
[210.823s][info][gc,heap     ] GC(462) Eden regions: 402->0(408)
[210.823s][info][gc,heap     ] GC(462) Survivor regions: 7->16(52)
[210.823s][info][gc,heap     ] GC(462) Old regions: 458->458
[210.823s][info][gc,heap     ] GC(462) Humongous regions: 5->5
[210.823s][info][gc,metaspace] GC(462) Metaspace: 18669K(18816K)->18669K(18816K) NonClass: 16004K(16064K)->16004K(16064K) Class: 2665K(2752K)->2665K(2752K)
[210.823s][info][gc          ] GC(462) Pause Young (Prepare Mixed) (G1 Evacuation Pause) 872M->478M(978M) 38.368ms
[210.823s][info][gc,cpu      ] GC(462) User=0.06s Sys=0.01s Real=0.04s
[211.420s][info][gc,start    ] GC(463) Pause Young (Mixed) (G1 Evacuation Pause)
[211.420s][info][gc,task     ] GC(463) Using 2 workers of 2 for evacuation
[211.567s][info][gc,phases   ] GC(463)   Pre Evacuate Collection Set: 0.54ms
[211.567s][info][gc,phases   ] GC(463)   Merge Heap Roots: 0.95ms
[211.567s][info][gc,phases   ] GC(463)   Evacuate Collection Set: 134.98ms
[211.567s][info][gc,phases   ] GC(463)   Post Evacuate Collection Set: 10.25ms
[211.567s][info][gc,phases   ] GC(463)   Other: 0.11ms
[211.567s][info][gc,heap     ] GC(463) Eden regions: 408->0(144)
[211.567s][info][gc,heap     ] GC(463) Survivor regions: 16->53(53)
[211.567s][info][gc,heap     ] GC(463) Old regions: 458->651
[211.567s][info][gc,heap     ] GC(463) Humongous regions: 5->5
[211.567s][info][gc,metaspace] GC(463) Metaspace: 18670K(18816K)->18670K(18816K) NonClass: 16005K(16064K)->16005K(16064K) Class: 2665K(2752K)->2665K(2752K)
[211.567s][info][gc          ] GC(463) Pause Young (Mixed) (G1 Evacuation Pause) (Evacuation Failure: Allocation) 886M->708M(978M) 147.083ms
[211.567s][info][gc,cpu      ] GC(463) User=0.29s Sys=0.00s Real=0.15s
[211.569s][info][gc,start    ] GC(464) Pause Young (Mixed) (G1 Evacuation Pause)
[211.570s][info][gc,task     ] GC(464) Using 2 workers of 2 for evacuation
[211.723s][info][gc,phases   ] GC(464)   Pre Evacuate Collection Set: 0.44ms
[211.723s][info][gc,phases   ] GC(464)   Merge Heap Roots: 1.42ms
[211.723s][info][gc,phases   ] GC(464)   Evacuate Collection Set: 133.32ms
[211.723s][info][gc,phases   ] GC(464)   Merge Optional Heap Roots: 0.11ms
[211.723s][info][gc,phases   ] GC(464)   Evacuate Optional Collection Set: 17.06ms
[211.723s][info][gc,phases   ] GC(464)   Post Evacuate Collection Set: 0.60ms
[211.723s][info][gc,phases   ] GC(464)   Other: 0.12ms
[211.723s][info][gc,heap     ] GC(464) Eden regions: 1->0(342)
[211.723s][info][gc,heap     ] GC(464) Survivor regions: 53->1(7)
[211.723s][info][gc,heap     ] GC(464) Old regions: 651->510
[211.723s][info][gc,heap     ] GC(464) Humongous regions: 5->5
[211.723s][info][gc,metaspace] GC(464) Metaspace: 18670K(18816K)->18670K(18816K) NonClass: 16005K(16064K)->16005K(16064K) Class: 2665K(2752K)->2665K(2752K)
[211.723s][info][gc          ] GC(464) Pause Young (Mixed) (G1 Evacuation Pause) 709M->515M(978M) 153.292ms
[211.723s][info][gc,cpu      ] GC(464) User=0.30s Sys=0.00s Real=0.15s
[212.087s][info][gc,start    ] GC(465) Pause Young (Concurrent Start) (G1 Evacuation Pause)
[212.087s][info][gc,task     ] GC(465) Using 2 workers of 2 for evacuation
[212.104s][info][gc,phases   ] GC(465)   Pre Evacuate Collection Set: 0.33ms
[212.104s][info][gc,phases   ] GC(465)   Merge Heap Roots: 0.34ms
[212.104s][info][gc,phases   ] GC(465)   Evacuate Collection Set: 15.90ms
[212.104s][info][gc,phases   ] GC(465)   Post Evacuate Collection Set: 0.52ms
[212.104s][info][gc,phases   ] GC(465)   Other: 0.20ms
[212.104s][info][gc,heap     ] GC(465) Eden regions: 342->0(350)
[212.104s][info][gc,heap     ] GC(465) Survivor regions: 1->9(43)
[212.104s][info][gc,heap     ] GC(465) Old regions: 510->510
[212.104s][info][gc,heap     ] GC(465) Humongous regions: 5->5
[212.104s][info][gc,metaspace] GC(465) Metaspace: 18670K(18816K)->18670K(18816K) NonClass: 16005K(16064K)->16005K(16064K) Class: 2665K(2752K)->2665K(2752K)
[212.104s][info][gc          ] GC(465) Pause Young (Concurrent Start) (G1 Evacuation Pause) 857M->523M(978M) 17.502ms
[212.104s][info][gc,cpu      ] GC(465) User=0.03s Sys=0.00s Real=0.02s
[212.104s][info][gc          ] GC(466) Concurrent Mark Cycle
[212.104s][info][gc,marking  ] GC(466) Concurrent Scan Root Regions
[212.119s][info][gc,marking  ] GC(466) Concurrent Scan Root Regions 14.816ms
[212.119s][info][gc,marking  ] GC(466) Concurrent Mark
[212.119s][info][gc,marking  ] GC(466) Concurrent Mark From Roots
[212.119s][info][gc,task     ] GC(466) Using 1 workers of 1 for marking
[212.875s][info][gc,start    ] GC(467) Pause Young (Normal) (G1 Evacuation Pause)
[212.875s][info][gc,task     ] GC(467) Using 2 workers of 2 for evacuation
[212.918s][info][gc,phases   ] GC(467)   Pre Evacuate Collection Set: 0.50ms
[212.918s][info][gc,phases   ] GC(467)   Merge Heap Roots: 0.41ms
[212.918s][info][gc,phases   ] GC(467)   Evacuate Collection Set: 41.06ms
[212.918s][info][gc,phases   ] GC(467)   Post Evacuate Collection Set: 0.64ms
[212.918s][info][gc,phases   ] GC(467)   Other: 0.10ms
[212.918s][info][gc,heap     ] GC(467) Eden regions: 350->0(344)
[212.918s][info][gc,heap     ] GC(467) Survivor regions: 9->24(45)
[212.918s][info][gc,heap     ] GC(467) Old regions: 510->510
[212.918s][info][gc,heap     ] GC(467) Humongous regions: 8->8
[212.918s][info][gc,metaspace] GC(467) Metaspace: 18670K(18816K)->18670K(18816K) NonClass: 16005K(16064K)->16005K(16064K) Class: 2665K(2752K)->2665K(2752K)
[212.918s][info][gc          ] GC(467) Pause Young (Normal) (G1 Evacuation Pause) 876M->541M(978M) 42.918ms
[212.918s][info][gc,cpu      ] GC(467) User=0.09s Sys=0.00s Real=0.04s
[213.590s][info][gc,marking  ] GC(466) Concurrent Mark From Roots 1471.292ms
[213.590s][info][gc,marking  ] GC(466) Concurrent Preclean
[213.591s][info][gc,marking  ] GC(466) Concurrent Preclean 0.033ms
[213.591s][info][gc,start    ] GC(466) Pause Remark
[213.598s][info][gc          ] GC(466) Pause Remark 759M->759M(978M) 7.072ms
[213.598s][info][gc,cpu      ] GC(466) User=0.01s Sys=0.00s Real=0.01s
[213.599s][info][gc,marking  ] GC(466) Concurrent Mark 1479.540ms
[213.599s][info][gc,marking  ] GC(466) Concurrent Rebuild Remembered Sets and Scrub Regions
[213.789s][info][gc,start    ] GC(468) Pause Young (Normal) (G1 Evacuation Pause)
[213.789s][info][gc,task     ] GC(468) Using 2 workers of 2 for evacuation
[213.867s][info][gc,phases   ] GC(468)   Pre Evacuate Collection Set: 0.28ms
[213.867s][info][gc,phases   ] GC(468)   Merge Heap Roots: 0.39ms
[213.867s][info][gc,phases   ] GC(468)   Evacuate Collection Set: 77.12ms
[213.867s][info][gc,phases   ] GC(468)   Post Evacuate Collection Set: 0.64ms
[213.867s][info][gc,phases   ] GC(468)   Other: 0.09ms
[213.867s][info][gc,heap     ] GC(468) Eden regions: 344->0(305)
[213.867s][info][gc,heap     ] GC(468) Survivor regions: 24->46(46)
[213.867s][info][gc,heap     ] GC(468) Old regions: 510->523
[213.867s][info][gc,heap     ] GC(468) Humongous regions: 8->8
[213.867s][info][gc,metaspace] GC(468) Metaspace: 18674K(18816K)->18674K(18816K) NonClass: 16009K(16064K)->16009K(16064K) Class: 2665K(2752K)->2665K(2752K)
[213.867s][info][gc          ] GC(468) Pause Young (Normal) (G1 Evacuation Pause) 885M->576M(978M) 78.799ms
[213.867s][info][gc,cpu      ] GC(468) User=0.16s Sys=0.00s Real=0.08s
[214.174s][info][gc,marking  ] GC(466) Concurrent Rebuild Remembered Sets and Scrub Regions 575.260ms
[214.174s][info][gc,start    ] GC(466) Pause Cleanup
[214.174s][info][gc          ] GC(466) Pause Cleanup 754M->754M(978M) 0.094ms
[214.174s][info][gc,cpu      ] GC(466) User=0.00s Sys=0.00s Real=0.00s
[214.174s][info][gc,marking  ] GC(466) Concurrent Clear Claimed Marks
[214.174s][info][gc,marking  ] GC(466) Concurrent Clear Claimed Marks 0.037ms
[214.174s][info][gc,marking  ] GC(466) Concurrent Cleanup for Next Mark
[214.177s][info][gc,marking  ] GC(466) Concurrent Cleanup for Next Mark 2.846ms
[214.177s][info][gc          ] GC(466) Concurrent Mark Cycle 2072.982ms
[214.337s][info][gc,start    ] GC(469) Pause Young (Prepare Mixed) (G1 Evacuation Pause)
[214.337s][info][gc,task     ] GC(469) Using 2 workers of 2 for evacuation
[214.398s][info][gc,phases   ] GC(469)   Pre Evacuate Collection Set: 0.52ms
[214.398s][info][gc,phases   ] GC(469)   Merge Heap Roots: 0.44ms
[214.398s][info][gc,phases   ] GC(469)   Evacuate Collection Set: 59.75ms
[214.398s][info][gc,phases   ] GC(469)   Post Evacuate Collection Set: 0.57ms
[214.398s][info][gc,phases   ] GC(469)   Other: 0.09ms
[214.398s][info][gc,heap     ] GC(469) Eden regions: 305->0(315)
[214.398s][info][gc,heap     ] GC(469) Survivor regions: 46->6(44)
[214.398s][info][gc,heap     ] GC(469) Old regions: 523->569
[214.398s][info][gc,heap     ] GC(469) Humongous regions: 8->8
[214.398s][info][gc,metaspace] GC(469) Metaspace: 18680K(18880K)->18680K(18880K) NonClass: 16015K(16128K)->16015K(16128K) Class: 2665K(2752K)->2665K(2752K)
[214.398s][info][gc          ] GC(469) Pause Young (Prepare Mixed) (G1 Evacuation Pause) 881M->583M(978M) 61.623ms
[214.398s][info][gc,cpu      ] GC(469) User=0.12s Sys=0.00s Real=0.06s
[214.702s][info][gc,start    ] GC(470) Pause Young (Mixed) (G1 Evacuation Pause)
[214.702s][info][gc,task     ] GC(470) Using 2 workers of 2 for evacuation
[214.747s][info][gc,phases   ] GC(470)   Pre Evacuate Collection Set: 0.30ms
[214.747s][info][gc,phases   ] GC(470)   Merge Heap Roots: 0.69ms
[214.747s][info][gc,phases   ] GC(470)   Evacuate Collection Set: 44.12ms
[214.747s][info][gc,phases   ] GC(470)   Post Evacuate Collection Set: 0.58ms
[214.748s][info][gc,phases   ] GC(470)   Other: 0.11ms
[214.748s][info][gc,heap     ] GC(470) Eden regions: 315->0(325)
[214.748s][info][gc,heap     ] GC(470) Survivor regions: 6->13(41)
[214.748s][info][gc,heap     ] GC(470) Old regions: 569->562
[214.748s][info][gc,heap     ] GC(470) Humongous regions: 8->8
[214.748s][info][gc,metaspace] GC(470) Metaspace: 18683K(18880K)->18683K(18880K) NonClass: 16018K(16128K)->16018K(16128K) Class: 2665K(2752K)->2665K(2752K)
[214.748s][info][gc          ] GC(470) Pause Young (Mixed) (G1 Evacuation Pause) 898M->582M(978M) 46.086ms
[214.748s][info][gc,cpu      ] GC(470) User=0.09s Sys=0.00s Real=0.05s
[215.495s][info][gc,start    ] GC(471) Pause Young (Concurrent Start) (G1 Evacuation Pause)
[215.495s][info][gc,task     ] GC(471) Using 2 workers of 2 for evacuation
[215.535s][info][gc,phases   ] GC(471)   Pre Evacuate Collection Set: 0.36ms
[215.535s][info][gc,phases   ] GC(471)   Merge Heap Roots: 0.30ms
[215.535s][info][gc,phases   ] GC(471)   Evacuate Collection Set: 39.21ms
[215.535s][info][gc,phases   ] GC(471)   Post Evacuate Collection Set: 0.56ms
[215.535s][info][gc,phases   ] GC(471)   Other: 0.13ms
[215.535s][info][gc,heap     ] GC(471) Eden regions: 325->0(290)
[215.535s][info][gc,heap     ] GC(471) Survivor regions: 13->34(43)
[215.535s][info][gc,heap     ] GC(471) Old regions: 562->562
[215.535s][info][gc,heap     ] GC(471) Humongous regions: 8->8
[215.535s][info][gc,metaspace] GC(471) Metaspace: 18686K(18880K)->18686K(18880K) NonClass: 16021K(16128K)->16021K(16128K) Class: 2665K(2752K)->2665K(2752K)
[215.535s][info][gc          ] GC(471) Pause Young (Concurrent Start) (G1 Evacuation Pause) 907M->603M(978M) 40.802ms
[215.536s][info][gc,cpu      ] GC(471) User=0.08s Sys=0.00s Real=0.04s
[215.536s][info][gc          ] GC(472) Concurrent Mark Cycle
[215.536s][info][gc,marking  ] GC(472) Concurrent Scan Root Regions
[215.578s][info][gc,marking  ] GC(472) Concurrent Scan Root Regions 42.174ms
[215.578s][info][gc,marking  ] GC(472) Concurrent Mark
[215.578s][info][gc,marking  ] GC(472) Concurrent Mark From Roots
[215.578s][info][gc,task     ] GC(472) Using 1 workers of 1 for marking
[217.018s][info][gc,marking  ] GC(472) Concurrent Mark From Roots 1440.117ms
[217.018s][info][gc,marking  ] GC(472) Concurrent Preclean
[217.018s][info][gc,marking  ] GC(472) Concurrent Preclean 0.035ms
[217.018s][info][gc,start    ] GC(472) Pause Remark
[217.026s][info][gc          ] GC(472) Pause Remark 827M->826M(978M) 7.649ms
[217.026s][info][gc,cpu      ] GC(472) User=0.01s Sys=0.00s Real=0.01s
[217.026s][info][gc,marking  ] GC(472) Concurrent Mark 1448.098ms
[217.026s][info][gc,marking  ] GC(472) Concurrent Rebuild Remembered Sets and Scrub Regions
[217.177s][info][gc,start    ] GC(473) Pause Young (Normal) (G1 Evacuation Pause)
[217.177s][info][gc,task     ] GC(473) Using 2 workers of 2 for evacuation
[217.215s][info][gc,phases   ] GC(473)   Pre Evacuate Collection Set: 0.46ms
[217.215s][info][gc,phases   ] GC(473)   Merge Heap Roots: 0.30ms
[217.215s][info][gc,phases   ] GC(473)   Evacuate Collection Set: 36.35ms
[217.215s][info][gc,phases   ] GC(473)   Post Evacuate Collection Set: 0.52ms
[217.215s][info][gc,phases   ] GC(473)   Other: 0.10ms
[217.215s][info][gc,heap     ] GC(473) Eden regions: 290->0(316)
[217.215s][info][gc,heap     ] GC(473) Survivor regions: 34->1(41)
[217.215s][info][gc,heap     ] GC(473) Old regions: 562->596
[217.215s][info][gc,heap     ] GC(473) Humongous regions: 7->7
[217.215s][info][gc,metaspace] GC(473) Metaspace: 18687K(18880K)->18687K(18880K) NonClass: 16021K(16128K)->16021K(16128K) Class: 2665K(2752K)->2665K(2752K)
[217.215s][info][gc          ] GC(473) Pause Young (Normal) (G1 Evacuation Pause) 892M->603M(978M) 37.978ms
[217.215s][info][gc,cpu      ] GC(473) User=0.07s Sys=0.00s Real=0.04s
[217.653s][info][gc,marking  ] GC(472) Concurrent Rebuild Remembered Sets and Scrub Regions 626.632ms
[217.653s][info][gc,start    ] GC(472) Pause Cleanup
[217.653s][info][gc          ] GC(472) Pause Cleanup 689M->689M(978M) 0.148ms
[217.653s][info][gc,cpu      ] GC(472) User=0.00s Sys=0.00s Real=0.01s
[217.653s][info][gc,marking  ] GC(472) Concurrent Clear Claimed Marks
[217.653s][info][gc,marking  ] GC(472) Concurrent Clear Claimed Marks 0.046ms
[217.653s][info][gc,marking  ] GC(472) Concurrent Cleanup for Next Mark
[217.658s][info][gc,marking  ] GC(472) Concurrent Cleanup for Next Mark 4.924ms
[217.658s][info][gc          ] GC(472) Concurrent Mark Cycle 2122.610ms
[218.835s][info][gc,start    ] GC(474) Pause Young (Prepare Mixed) (G1 Evacuation Pause)
[218.835s][info][gc,task     ] GC(474) Using 2 workers of 2 for evacuation
[218.844s][info][gc,phases   ] GC(474)   Pre Evacuate Collection Set: 0.31ms
[218.844s][info][gc,phases   ] GC(474)   Merge Heap Roots: 0.26ms
[218.844s][info][gc,phases   ] GC(474)   Evacuate Collection Set: 7.26ms
[218.844s][info][gc,phases   ] GC(474)   Post Evacuate Collection Set: 0.54ms
[218.844s][info][gc,phases   ] GC(474)   Other: 0.13ms
[218.844s][info][gc,heap     ] GC(474) Eden regions: 316->0(319)
[218.844s][info][gc,heap     ] GC(474) Survivor regions: 1->3(40)
[218.844s][info][gc,heap     ] GC(474) Old regions: 596->596
[218.844s][info][gc,heap     ] GC(474) Humongous regions: 7->7
[218.844s][info][gc,metaspace] GC(474) Metaspace: 18718K(18944K)->18718K(18944K) NonClass: 16053K(16192K)->16053K(16192K) Class: 2665K(2752K)->2665K(2752K)
[218.844s][info][gc          ] GC(474) Pause Young (Prepare Mixed) (G1 Evacuation Pause) 919M->605M(978M) 8.690ms
[218.844s][info][gc,cpu      ] GC(474) User=0.02s Sys=0.00s Real=0.01s
[219.613s][info][gc,start    ] GC(475) Pause Young (Mixed) (G1 Evacuation Pause)
[219.613s][info][gc,task     ] GC(475) Using 2 workers of 2 for evacuation
[219.652s][info][gc,phases   ] GC(475)   Pre Evacuate Collection Set: 0.48ms
[219.653s][info][gc,phases   ] GC(475)   Merge Heap Roots: 1.00ms
[219.653s][info][gc,phases   ] GC(475)   Evacuate Collection Set: 37.55ms
[219.653s][info][gc,phases   ] GC(475)   Post Evacuate Collection Set: 0.55ms
[219.653s][info][gc,phases   ] GC(475)   Other: 0.09ms
[219.653s][info][gc,heap     ] GC(475) Eden regions: 319->0(323)
[219.653s][info][gc,heap     ] GC(475) Survivor regions: 3->4(41)
[219.653s][info][gc,heap     ] GC(475) Old regions: 596->590
[219.653s][info][gc,heap     ] GC(475) Humongous regions: 7->7
[219.653s][info][gc,metaspace] GC(475) Metaspace: 18727K(18944K)->18727K(18944K) NonClass: 16060K(16192K)->16060K(16192K) Class: 2666K(2752K)->2666K(2752K)
[219.653s][info][gc          ] GC(475) Pause Young (Mixed) (G1 Evacuation Pause) 924M->600M(978M) 39.884ms
[219.653s][info][gc,cpu      ] GC(475) User=0.08s Sys=0.00s Real=0.04s
[219.981s][info][gc,start    ] GC(476) Pause Young (Concurrent Start) (G1 Evacuation Pause)
[219.981s][info][gc,task     ] GC(476) Using 2 workers of 2 for evacuation
[220.112s][info][gc,phases   ] GC(476)   Pre Evacuate Collection Set: 0.34ms
[220.112s][info][gc,phases   ] GC(476)   Merge Heap Roots: 0.14ms
[220.112s][info][gc,phases   ] GC(476)   Evacuate Collection Set: 109.22ms
[220.112s][info][gc,phases   ] GC(476)   Post Evacuate Collection Set: 21.32ms
[220.112s][info][gc,phases   ] GC(476)   Other: 0.21ms
[220.112s][info][gc,heap     ] GC(476) Eden regions: 323->0(7)
[220.112s][info][gc,heap     ] GC(476) Survivor regions: 4->41(41)
[220.112s][info][gc,heap     ] GC(476) Old regions: 590->876
[220.112s][info][gc,heap     ] GC(476) Humongous regions: 7->7
[220.112s][info][gc,metaspace] GC(476) Metaspace: 18743K(18944K)->18743K(18944K) NonClass: 16077K(16192K)->16077K(16192K) Class: 2666K(2752K)->2666K(2752K)
[220.112s][info][gc          ] GC(476) Pause Young (Concurrent Start) (G1 Evacuation Pause) (Evacuation Failure: Allocation) 923M->924M(978M) 131.440ms
[220.112s][info][gc          ] GC(477) Concurrent Mark Cycle
[220.112s][info][gc,marking  ] GC(477) Concurrent Scan Root Regions
[220.113s][info][gc,cpu      ] GC(476) User=0.26s Sys=0.00s Real=0.14s
[220.130s][info][gc,start    ] GC(478) Pause Young (Normal) (G1 Evacuation Pause)
[220.130s][info][gc,task     ] GC(478) Using 2 workers of 2 for evacuation
[220.197s][info][gc,marking  ] GC(477) Concurrent Scan Root Regions 84.502ms
[220.197s][info][gc,marking  ] GC(477) Concurrent Mark
[220.197s][info][gc,marking  ] GC(477) Concurrent Mark From Roots
[220.197s][info][gc,task     ] GC(477) Using 1 workers of 1 for marking
[220.293s][info][gc,phases   ] GC(478)   Pre Evacuate Collection Set: 0.39ms
[220.293s][info][gc,phases   ] GC(478)   Merge Heap Roots: 0.73ms
[220.293s][info][gc,phases   ] GC(478)   Evacuate Collection Set: 82.51ms
[220.293s][info][gc,phases   ] GC(478)   Post Evacuate Collection Set: 12.74ms
[220.293s][info][gc,phases   ] GC(478)   Other: 0.09ms
[220.293s][info][gc,heap     ] GC(478) Eden regions: 7->0(46)
[220.293s][info][gc,heap     ] GC(478) Survivor regions: 41->2(6)
[220.293s][info][gc,heap     ] GC(478) Old regions: 876->912
[220.293s][info][gc,heap     ] GC(478) Humongous regions: 7->7
[220.293s][info][gc,metaspace] GC(478) Metaspace: 18743K(18944K)->18743K(18944K) NonClass: 16077K(16192K)->16077K(16192K) Class: 2666K(2752K)->2666K(2752K)
[220.293s][info][gc          ] GC(478) Pause Young (Normal) (G1 Evacuation Pause) (Evacuation Failure: Allocation) 931M->921M(978M) 163.382ms
[220.293s][info][gc,cpu      ] GC(478) User=0.25s Sys=0.00s Real=0.17s
[220.379s][info][gc,start    ] GC(479) Pause Young (Normal) (G1 Evacuation Pause)
[220.379s][info][gc,task     ] GC(479) Using 2 workers of 2 for evacuation
[220.450s][info][gc,phases   ] GC(479)   Pre Evacuate Collection Set: 0.54ms
[220.450s][info][gc,phases   ] GC(479)   Merge Heap Roots: 0.17ms
[220.450s][info][gc,phases   ] GC(479)   Evacuate Collection Set: 51.85ms
[220.450s][info][gc,phases   ] GC(479)   Post Evacuate Collection Set: 17.53ms
[220.450s][info][gc,phases   ] GC(479)   Other: 0.07ms
[220.450s][info][gc,heap     ] GC(479) Eden regions: 46->0(12)
[220.450s][info][gc,heap     ] GC(479) Survivor regions: 2->6(6)
[220.450s][info][gc,heap     ] GC(479) Old regions: 912->947
[220.450s][info][gc,heap     ] GC(479) Humongous regions: 7->7
[220.450s][info][gc,metaspace] GC(479) Metaspace: 18743K(18944K)->18743K(18944K) NonClass: 16077K(16192K)->16077K(16192K) Class: 2666K(2752K)->2666K(2752K)
[220.450s][info][gc          ] GC(479) Pause Young (Normal) (G1 Evacuation Pause) (Evacuation Failure: Allocation) 967M->960M(978M) 70.397ms
[220.450s][info][gc,cpu      ] GC(479) User=0.14s Sys=0.00s Real=0.07s
[220.486s][info][gc,start    ] GC(480) Pause Young (Normal) (G1 Evacuation Pause)
[220.486s][info][gc,task     ] GC(480) Using 2 workers of 2 for evacuation
[220.561s][info][gc,phases   ] GC(480)   Pre Evacuate Collection Set: 0.37ms
[220.561s][info][gc,phases   ] GC(480)   Merge Heap Roots: 0.31ms
[220.561s][info][gc,phases   ] GC(480)   Evacuate Collection Set: 59.22ms
[220.561s][info][gc,phases   ] GC(480)   Post Evacuate Collection Set: 15.25ms
[220.561s][info][gc,phases   ] GC(480)   Other: 0.08ms
[220.561s][info][gc,heap     ] GC(480) Eden regions: 12->0(0)
[220.561s][info][gc,heap     ] GC(480) Survivor regions: 6->2(3)
[220.561s][info][gc,heap     ] GC(480) Old regions: 947->967
[220.561s][info][gc,heap     ] GC(480) Humongous regions: 7->7
[220.561s][info][gc,metaspace] GC(480) Metaspace: 18743K(18944K)->18743K(18944K) NonClass: 16077K(16192K)->16077K(16192K) Class: 2666K(2752K)->2666K(2752K)
[220.562s][info][gc          ] GC(480) Pause Young (Normal) (G1 Evacuation Pause) (Evacuation Failure: Allocation) 972M->976M(978M) 75.451ms
[220.562s][info][gc,cpu      ] GC(480) User=0.15s Sys=0.00s Real=0.07s
[220.562s][info][gc,ergo     ] Attempting full compaction
[220.562s][info][gc,start    ] GC(481) Pause Full (G1 Compaction Pause)
[220.562s][info][gc,task     ] GC(481) Using 2 workers of 2 for full compaction
[220.563s][info][gc,phases,start] GC(481) Phase 1: Mark live objects
[220.672s][info][metaspace      ] ChkMgr @0x00007f6b2c162700 (non-class-space): : reclaiming memory...
[220.672s][info][metaspace      ] ChkMgr @0x00007f6b2c162700 (non-class-space): nothing reclaimed.
[220.672s][info][metaspace      ] ChkMgr @0x00007f6b2c160810 (class-space): : reclaiming memory...
[220.672s][info][metaspace      ] ChkMgr @0x00007f6b2c160810 (class-space): nothing reclaimed.
[220.672s][info][gc,phases      ] GC(481) Phase 1: Mark live objects 109.115ms
[220.672s][info][gc,phases,start] GC(481) Phase 2: Prepare compaction
[220.694s][info][gc,phases      ] GC(481) Phase 2: Prepare compaction 21.764ms
[220.694s][info][gc,phases,start] GC(481) Phase 3: Adjust pointers
[220.748s][info][gc,phases      ] GC(481) Phase 3: Adjust pointers 54.116ms
[220.748s][info][gc,phases,start] GC(481) Phase 4: Compact heap
[220.775s][info][gc,phases      ] GC(481) Phase 4: Compact heap 26.790ms
[220.775s][info][gc,phases,start] GC(481) Phase 5: Reset Metadata
[220.787s][info][gc,phases      ] GC(481) Phase 5: Reset Metadata 12.146ms
[220.795s][info][gc,heap        ] GC(481) Eden regions: 0->0(293)
[220.795s][info][gc,heap        ] GC(481) Survivor regions: 2->0(3)
[220.795s][info][gc,heap        ] GC(481) Old regions: 967->153
[220.795s][info][gc,heap        ] GC(481) Humongous regions: 7->0
[220.795s][info][gc,metaspace   ] GC(481) Metaspace: 18743K(18944K)->18713K(18944K) NonClass: 16077K(16192K)->16047K(16192K) Class: 2666K(2752K)->2666K(2752K)
[220.795s][info][gc             ] GC(481) Pause Full (G1 Compaction Pause) 976M->152M(510M) 233.205ms
[220.795s][info][gc,cpu         ] GC(481) User=0.46s Sys=0.00s Real=0.24s
[220.797s][info][gc,marking     ] GC(477) Concurrent Mark From Roots 600.363ms
[220.797s][info][gc,marking     ] GC(477) Concurrent Mark Abort
[220.797s][info][gc             ] GC(477) Concurrent Mark Cycle 684.955ms
[220.964s][info][gc,start       ] GC(482) Pause Young (Concurrent Start) (G1 Humongous Allocation)
[220.964s][info][gc,task        ] GC(482) Using 2 workers of 2 for evacuation
[220.989s][info][gc,phases      ] GC(482)   Pre Evacuate Collection Set: 0.24ms
[220.989s][info][gc,phases      ] GC(482)   Merge Heap Roots: 0.19ms
[220.989s][info][gc,phases      ] GC(482)   Evacuate Collection Set: 23.81ms
[220.989s][info][gc,phases      ] GC(482)   Post Evacuate Collection Set: 0.38ms
[220.989s][info][gc,phases      ] GC(482)   Other: 0.09ms
[220.989s][info][gc,heap        ] GC(482) Eden regions: 52->0(210)
[220.989s][info][gc,heap        ] GC(482) Survivor regions: 0->19(37)
[220.989s][info][gc,heap        ] GC(482) Old regions: 153->153
[220.989s][info][gc,heap        ] GC(482) Humongous regions: 0->0
[220.989s][info][gc,metaspace   ] GC(482) Metaspace: 18713K(18944K)->18713K(18944K) NonClass: 16047K(16192K)->16047K(16192K) Class: 2666K(2752K)->2666K(2752K)
[220.989s][info][gc             ] GC(482) Pause Young (Concurrent Start) (G1 Humongous Allocation) 203M->170M(510M) 24.919ms
[220.989s][info][gc,cpu         ] GC(482) User=0.05s Sys=0.00s Real=0.02s
[220.989s][info][gc             ] GC(483) Concurrent Mark Cycle
[220.989s][info][gc,marking     ] GC(483) Concurrent Scan Root Regions
[221.027s][info][gc,marking     ] GC(483) Concurrent Scan Root Regions 37.845ms
[221.027s][info][gc,marking     ] GC(483) Concurrent Mark
[221.027s][info][gc,marking     ] GC(483) Concurrent Mark From Roots
[221.027s][info][gc,task        ] GC(483) Using 1 workers of 1 for marking
[221.549s][info][gc,marking     ] GC(483) Concurrent Mark From Roots 521.986ms
[221.549s][info][gc,marking     ] GC(483) Concurrent Preclean
[221.549s][info][gc,marking     ] GC(483) Concurrent Preclean 0.033ms
[221.549s][info][gc,start       ] GC(483) Pause Remark
[221.559s][info][gc             ] GC(483) Pause Remark 367M->367M(510M) 9.444ms
[221.559s][info][gc,cpu         ] GC(483) User=0.02s Sys=0.00s Real=0.01s
[221.559s][info][gc,marking     ] GC(483) Concurrent Mark 531.756ms
[221.559s][info][gc,marking     ] GC(483) Concurrent Rebuild Remembered Sets and Scrub Regions
[221.605s][info][gc,start       ] GC(484) Pause Young (Normal) (G1 Evacuation Pause)
[221.605s][info][gc,task        ] GC(484) Using 2 workers of 2 for evacuation
[221.719s][info][gc,phases      ] GC(484)   Pre Evacuate Collection Set: 0.30ms
[221.719s][info][gc,phases      ] GC(484)   Merge Heap Roots: 1.52ms
[221.719s][info][gc,phases      ] GC(484)   Evacuate Collection Set: 111.23ms
[221.719s][info][gc,phases      ] GC(484)   Post Evacuate Collection Set: 0.78ms
[221.719s][info][gc,phases      ] GC(484)   Other: 0.07ms
[221.719s][info][gc,heap        ] GC(484) Eden regions: 210->0(193)
[221.719s][info][gc,heap        ] GC(484) Survivor regions: 19->29(29)
[221.719s][info][gc,heap        ] GC(484) Old regions: 153->173
[221.719s][info][gc,heap        ] GC(484) Humongous regions: 4->4
[221.719s][info][gc,metaspace   ] GC(484) Metaspace: 18722K(18944K)->18722K(18944K) NonClass: 16056K(16192K)->16056K(16192K) Class: 2666K(2752K)->2666K(2752K)
[221.719s][info][gc             ] GC(484) Pause Young (Normal) (G1 Evacuation Pause) 384M->204M(510M) 114.162ms
[221.719s][info][gc,cpu         ] GC(484) User=0.23s Sys=0.00s Real=0.11s
[221.874s][info][gc,marking     ] GC(483) Concurrent Rebuild Remembered Sets and Scrub Regions 315.235ms
[221.874s][info][gc,start       ] GC(483) Pause Cleanup
[221.874s][info][gc             ] GC(483) Pause Cleanup 284M->284M(510M) 0.095ms
[221.874s][info][gc,cpu         ] GC(483) User=0.00s Sys=0.00s Real=0.00s
[221.875s][info][gc,marking     ] GC(483) Concurrent Clear Claimed Marks
[221.875s][info][gc,marking     ] GC(483) Concurrent Clear Claimed Marks 0.043ms
[221.875s][info][gc,marking     ] GC(483) Concurrent Cleanup for Next Mark
[221.877s][info][gc,marking     ] GC(483) Concurrent Cleanup for Next Mark 1.586ms
[221.877s][info][gc             ] GC(483) Concurrent Mark Cycle 887.593ms
[222.048s][info][gc,start       ] GC(485) Pause Young (Prepare Mixed) (G1 Evacuation Pause)
[222.048s][info][gc,task        ] GC(485) Using 2 workers of 2 for evacuation
[222.125s][info][gc,phases      ] GC(485)   Pre Evacuate Collection Set: 0.25ms
[222.125s][info][gc,phases      ] GC(485)   Merge Heap Roots: 0.78ms
[222.125s][info][gc,phases      ] GC(485)   Evacuate Collection Set: 75.94ms
[222.125s][info][gc,phases      ] GC(485)   Post Evacuate Collection Set: 0.47ms
[222.125s][info][gc,phases      ] GC(485)   Other: 0.08ms
[222.125s][info][gc,heap        ] GC(485) Eden regions: 193->0(192)
[222.125s][info][gc,heap        ] GC(485) Survivor regions: 29->15(28)
[222.126s][info][gc,heap        ] GC(485) Old regions: 173->202
[222.126s][info][gc,heap        ] GC(485) Humongous regions: 4->4
[222.126s][info][gc,metaspace   ] GC(485) Metaspace: 18722K(18944K)->18722K(18944K) NonClass: 16056K(16192K)->16056K(16192K) Class: 2666K(2752K)->2666K(2752K)
[222.126s][info][gc             ] GC(485) Pause Young (Prepare Mixed) (G1 Evacuation Pause) 397M->220M(510M) 77.764ms
[222.126s][info][gc,cpu         ] GC(485) User=0.16s Sys=0.00s Real=0.08s
[222.287s][info][gc,start       ] GC(486) Pause Young (Mixed) (G1 Evacuation Pause)
[222.287s][info][gc,task        ] GC(486) Using 2 workers of 2 for evacuation
[222.324s][info][gc,phases      ] GC(486)   Pre Evacuate Collection Set: 0.26ms
[222.324s][info][gc,phases      ] GC(486)   Merge Heap Roots: 0.17ms
[222.324s][info][gc,phases      ] GC(486)   Evacuate Collection Set: 36.15ms
[222.324s][info][gc,phases      ] GC(486)   Post Evacuate Collection Set: 0.41ms
[222.324s][info][gc,phases      ] GC(486)   Other: 0.08ms
[222.324s][info][gc,heap        ] GC(486) Eden regions: 192->0(185)
[222.324s][info][gc,heap        ] GC(486) Survivor regions: 15->20(26)
[222.324s][info][gc,heap        ] GC(486) Old regions: 202->216
[222.324s][info][gc,heap        ] GC(486) Humongous regions: 4->4
[222.324s][info][gc,metaspace   ] GC(486) Metaspace: 18722K(18944K)->18722K(18944K) NonClass: 16056K(16192K)->16056K(16192K) Class: 2666K(2752K)->2666K(2752K)
[222.324s][info][gc             ] GC(486) Pause Young (Mixed) (G1 Evacuation Pause) 412M->239M(510M) 37.291ms
[222.324s][info][gc,cpu         ] GC(486) User=0.07s Sys=0.00s Real=0.04s
[222.441s][info][gc,start       ] GC(487) Pause Young (Concurrent Start) (G1 Evacuation Pause)
[222.441s][info][gc,task        ] GC(487) Using 2 workers of 2 for evacuation
[222.503s][info][gc,phases      ] GC(487)   Pre Evacuate Collection Set: 0.25ms
[222.503s][info][gc,phases      ] GC(487)   Merge Heap Roots: 0.16ms
[222.503s][info][gc,phases      ] GC(487)   Evacuate Collection Set: 61.47ms
[222.503s][info][gc,phases      ] GC(487)   Post Evacuate Collection Set: 0.50ms
[222.503s][info][gc,phases      ] GC(487)   Other: 0.10ms
[222.503s][info][gc,heap        ] GC(487) Eden regions: 185->0(151)
[222.503s][info][gc,heap        ] GC(487) Survivor regions: 20->26(26)
[222.503s][info][gc,heap        ] GC(487) Old regions: 216->251
[222.503s][info][gc,heap        ] GC(487) Humongous regions: 4->4
[222.503s][info][gc,metaspace   ] GC(487) Metaspace: 18722K(18944K)->18722K(18944K) NonClass: 16056K(16192K)->16056K(16192K) Class: 2666K(2752K)->2666K(2752K)
[222.503s][info][gc             ] GC(487) Pause Young (Concurrent Start) (G1 Evacuation Pause) 424M->280M(510M) 62.760ms
[222.503s][info][gc             ] GC(488) Concurrent Mark Cycle
[222.503s][info][gc,marking     ] GC(488) Concurrent Scan Root Regions
[222.504s][info][gc,cpu         ] GC(487) User=0.12s Sys=0.00s Real=0.07s
[222.583s][info][gc,marking     ] GC(488) Concurrent Scan Root Regions 79.929ms
[222.583s][info][gc,marking     ] GC(488) Concurrent Mark
[222.583s][info][gc,marking     ] GC(488) Concurrent Mark From Roots
[222.583s][info][gc,task        ] GC(488) Using 1 workers of 1 for marking
[222.695s][info][gc,start       ] GC(489) Pause Young (Normal) (G1 Evacuation Pause)
[222.695s][info][gc,task        ] GC(489) Using 2 workers of 2 for evacuation
[222.744s][info][gc,phases      ] GC(489)   Pre Evacuate Collection Set: 0.23ms
[222.744s][info][gc,phases      ] GC(489)   Merge Heap Roots: 0.28ms
[222.744s][info][gc,phases      ] GC(489)   Evacuate Collection Set: 47.12ms
[222.744s][info][gc,phases      ] GC(489)   Post Evacuate Collection Set: 1.44ms
[222.744s][info][gc,phases      ] GC(489)   Other: 0.09ms
[222.744s][info][gc,heap        ] GC(489) Eden regions: 151->0(230)
[222.744s][info][gc,heap        ] GC(489) Survivor regions: 26->14(23)
[222.744s][info][gc,heap        ] GC(489) Old regions: 251->278
[222.744s][info][gc,heap        ] GC(489) Humongous regions: 5->5
[222.744s][info][gc,metaspace   ] GC(489) Metaspace: 18722K(18944K)->18722K(18944K) NonClass: 16056K(16192K)->16056K(16192K) Class: 2666K(2752K)->2666K(2752K)
[222.744s][info][gc             ] GC(489) Pause Young (Normal) (G1 Evacuation Pause) 432M->295M(646M) 49.395ms
[222.744s][info][gc,cpu         ] GC(489) User=0.09s Sys=0.01s Real=0.05s
[223.129s][info][gc,start       ] GC(490) Pause Young (Normal) (G1 Evacuation Pause)
[223.129s][info][gc,task        ] GC(490) Using 2 workers of 2 for evacuation
[223.163s][info][gc,phases      ] GC(490)   Pre Evacuate Collection Set: 0.39ms
[223.163s][info][gc,phases      ] GC(490)   Merge Heap Roots: 0.32ms
[223.163s][info][gc,phases      ] GC(490)   Evacuate Collection Set: 32.87ms
[223.163s][info][gc,phases      ] GC(490)   Post Evacuate Collection Set: 0.49ms
[223.163s][info][gc,phases      ] GC(490)   Other: 0.09ms
[223.163s][info][gc,heap        ] GC(490) Eden regions: 230->0(238)
[223.163s][info][gc,heap        ] GC(490) Survivor regions: 14->22(31)
[223.163s][info][gc,heap        ] GC(490) Old regions: 278->278
[223.163s][info][gc,heap        ] GC(490) Humongous regions: 5->5
[223.163s][info][gc,metaspace   ] GC(490) Metaspace: 18722K(18944K)->18722K(18944K) NonClass: 16056K(16192K)->16056K(16192K) Class: 2666K(2752K)->2666K(2752K)
[223.163s][info][gc             ] GC(490) Pause Young (Normal) (G1 Evacuation Pause) 525M->304M(646M) 34.421ms
[223.163s][info][gc,cpu         ] GC(490) User=0.07s Sys=0.00s Real=0.04s
[223.296s][info][gc,marking     ] GC(488) Concurrent Mark From Roots 712.638ms
[223.296s][info][gc,marking     ] GC(488) Concurrent Preclean
[223.296s][info][gc,marking     ] GC(488) Concurrent Preclean 0.032ms
[223.297s][info][gc,start       ] GC(488) Pause Remark
[223.304s][info][gc             ] GC(488) Pause Remark 444M->432M(646M) 7.340ms
[223.304s][info][gc,cpu         ] GC(488) User=0.01s Sys=0.00s Real=0.01s
[223.305s][info][gc,marking     ] GC(488) Concurrent Mark 721.638ms
[223.305s][info][gc,marking     ] GC(488) Concurrent Rebuild Remembered Sets and Scrub Regions
[223.501s][info][gc,marking     ] GC(488) Concurrent Rebuild Remembered Sets and Scrub Regions 195.665ms
[223.501s][info][gc,start       ] GC(488) Pause Cleanup
[223.501s][info][gc             ] GC(488) Pause Cleanup 517M->517M(646M) 0.115ms
[223.501s][info][gc,cpu         ] GC(488) User=0.00s Sys=0.00s Real=0.00s
[223.501s][info][gc,marking     ] GC(488) Concurrent Clear Claimed Marks
[223.501s][info][gc,marking     ] GC(488) Concurrent Clear Claimed Marks 0.062ms
[223.501s][info][gc,marking     ] GC(488) Concurrent Cleanup for Next Mark
[223.504s][info][gc,marking     ] GC(488) Concurrent Cleanup for Next Mark 3.247ms
[223.504s][info][gc             ] GC(488) Concurrent Mark Cycle 1001.092ms
[223.534s][info][gc,start       ] GC(491) Pause Young (Prepare Mixed) (G1 Evacuation Pause)
[223.534s][info][gc,task        ] GC(491) Using 2 workers of 2 for evacuation
[223.574s][info][gc,phases      ] GC(491)   Pre Evacuate Collection Set: 0.35ms
[223.574s][info][gc,phases      ] GC(491)   Merge Heap Roots: 0.45ms
[223.574s][info][gc,phases      ] GC(491)   Evacuate Collection Set: 37.98ms
[223.574s][info][gc,phases      ] GC(491)   Post Evacuate Collection Set: 0.47ms
[223.574s][info][gc,phases      ] GC(491)   Other: 0.11ms
[223.574s][info][gc,heap        ] GC(491) Eden regions: 238->0(254)
[223.574s][info][gc,heap        ] GC(491) Survivor regions: 22->15(33)
[223.574s][info][gc,heap        ] GC(491) Old regions: 267->280
[223.574s][info][gc,heap        ] GC(491) Humongous regions: 4->4
[223.574s][info][gc,metaspace   ] GC(491) Metaspace: 18722K(18944K)->18722K(18944K) NonClass: 16056K(16192K)->16056K(16192K) Class: 2666K(2752K)->2666K(2752K)
[223.574s][info][gc             ] GC(491) Pause Young (Prepare Mixed) (G1 Evacuation Pause) 530M->298M(646M) 39.553ms
[223.574s][info][gc,cpu         ] GC(491) User=0.08s Sys=0.00s Real=0.04s
[224.020s][info][gc,start       ] GC(492) Pause Young (Mixed) (G1 Evacuation Pause)
[224.020s][info][gc,task        ] GC(492) Using 2 workers of 2 for evacuation
[224.098s][info][gc,phases      ] GC(492)   Pre Evacuate Collection Set: 0.25ms
[224.098s][info][gc,phases      ] GC(492)   Merge Heap Roots: 0.24ms
[224.098s][info][gc,phases      ] GC(492)   Evacuate Collection Set: 77.08ms
[224.098s][info][gc,phases      ] GC(492)   Post Evacuate Collection Set: 0.61ms
[224.098s][info][gc,phases      ] GC(492)   Other: 0.09ms
[224.098s][info][gc,heap        ] GC(492) Eden regions: 254->0(177)
[224.098s][info][gc,heap        ] GC(492) Survivor regions: 15->34(34)
[224.098s][info][gc,heap        ] GC(492) Old regions: 280->325
[224.098s][info][gc,heap        ] GC(492) Humongous regions: 4->4
[224.098s][info][gc,metaspace   ] GC(492) Metaspace: 18724K(18944K)->18724K(18944K) NonClass: 16058K(16192K)->16058K(16192K) Class: 2666K(2752K)->2666K(2752K)
[224.099s][info][gc             ] GC(492) Pause Young (Mixed) (G1 Evacuation Pause) 552M->362M(646M) 78.506ms
[224.099s][info][gc,cpu         ] GC(492) User=0.16s Sys=0.00s Real=0.08s
[224.135s][info][gc,start       ] GC(493) Pause Young (Concurrent Start) (G1 Humongous Allocation)
[224.135s][info][gc,task        ] GC(493) Using 2 workers of 2 for evacuation
[224.179s][info][gc,phases      ] GC(493)   Pre Evacuate Collection Set: 0.26ms
[224.179s][info][gc,phases      ] GC(493)   Merge Heap Roots: 0.28ms
[224.179s][info][gc,phases      ] GC(493)   Evacuate Collection Set: 43.14ms
[224.179s][info][gc,phases      ] GC(493)   Post Evacuate Collection Set: 0.38ms
[224.179s][info][gc,phases      ] GC(493)   Other: 0.09ms
[224.179s][info][gc,heap        ] GC(493) Eden regions: 18->0(179)
[224.179s][info][gc,heap        ] GC(493) Survivor regions: 34->6(27)
[224.179s][info][gc,heap        ] GC(493) Old regions: 325->359
[224.179s][info][gc,heap        ] GC(493) Humongous regions: 4->4
[224.179s][info][gc,metaspace   ] GC(493) Metaspace: 18724K(18944K)->18724K(18944K) NonClass: 16058K(16192K)->16058K(16192K) Class: 2666K(2752K)->2666K(2752K)
[224.179s][info][gc             ] GC(493) Pause Young (Concurrent Start) (G1 Humongous Allocation) 379M->368M(646M) 44.375ms
[224.179s][info][gc,cpu         ] GC(493) User=0.09s Sys=0.00s Real=0.04s
[224.179s][info][gc             ] GC(494) Concurrent Mark Cycle
[224.179s][info][gc,marking     ] GC(494) Concurrent Scan Root Regions
[224.241s][info][gc,marking     ] GC(494) Concurrent Scan Root Regions 62.321ms
[224.241s][info][gc,marking     ] GC(494) Concurrent Mark
[224.241s][info][gc,marking     ] GC(494) Concurrent Mark From Roots
[224.241s][info][gc,task        ] GC(494) Using 1 workers of 1 for marking
[224.483s][info][gc,start       ] GC(495) Pause Young (Normal) (G1 Evacuation Pause)
[224.483s][info][gc,task        ] GC(495) Using 2 workers of 2 for evacuation
[224.515s][info][gc,phases      ] GC(495)   Pre Evacuate Collection Set: 2.64ms
[224.515s][info][gc,phases      ] GC(495)   Merge Heap Roots: 0.48ms
[224.515s][info][gc,phases      ] GC(495)   Evacuate Collection Set: 27.75ms
[224.515s][info][gc,phases      ] GC(495)   Post Evacuate Collection Set: 1.45ms
[224.515s][info][gc,phases      ] GC(495)   Other: 0.08ms
[224.515s][info][gc,heap        ] GC(495) Eden regions: 179->0(280)
[224.515s][info][gc,heap        ] GC(495) Survivor regions: 6->15(24)
[224.515s][info][gc,heap        ] GC(495) Old regions: 359->359
[224.515s][info][gc,heap        ] GC(495) Humongous regions: 5->5
[224.515s][info][gc,metaspace   ] GC(495) Metaspace: 18724K(18944K)->18724K(18944K) NonClass: 16058K(16192K)->16058K(16192K) Class: 2666K(2752K)->2666K(2752K)
[224.515s][info][gc             ] GC(495) Pause Young (Normal) (G1 Evacuation Pause) 548M->378M(779M) 32.645ms
[224.515s][info][gc,cpu         ] GC(495) User=0.06s Sys=0.00s Real=0.04s
[224.937s][info][gc,marking     ] GC(494) Concurrent Mark From Roots 695.331ms
[224.937s][info][gc,marking     ] GC(494) Concurrent Preclean
[224.937s][info][gc,marking     ] GC(494) Concurrent Preclean 0.031ms
[224.937s][info][gc,start       ] GC(494) Pause Remark
[224.944s][info][gc             ] GC(494) Pause Remark 513M->487M(779M) 7.453ms
[224.944s][info][gc,cpu         ] GC(494) User=0.02s Sys=0.00s Real=0.01s
[224.944s][info][gc,marking     ] GC(494) Concurrent Mark 703.123ms
[224.945s][info][gc,marking     ] GC(494) Concurrent Rebuild Remembered Sets and Scrub Regions
[225.232s][info][gc,marking     ] GC(494) Concurrent Rebuild Remembered Sets and Scrub Regions 287.067ms
[225.232s][info][gc,start       ] GC(494) Pause Cleanup
[225.232s][info][gc             ] GC(494) Pause Cleanup 620M->620M(779M) 0.128ms
[225.232s][info][gc,cpu         ] GC(494) User=0.00s Sys=0.00s Real=0.00s
[225.233s][info][gc,marking     ] GC(494) Concurrent Clear Claimed Marks
[225.233s][info][gc,marking     ] GC(494) Concurrent Clear Claimed Marks 0.039ms
[225.233s][info][gc,marking     ] GC(494) Concurrent Cleanup for Next Mark
[225.237s][info][gc,marking     ] GC(494) Concurrent Cleanup for Next Mark 3.619ms
[225.237s][info][gc             ] GC(494) Concurrent Mark Cycle 1057.685ms
[225.266s][info][gc,start       ] GC(496) Pause Young (Prepare Mixed) (G1 Evacuation Pause)
[225.266s][info][gc,task        ] GC(496) Using 2 workers of 2 for evacuation
[225.292s][info][gc,phases      ] GC(496)   Pre Evacuate Collection Set: 0.23ms
[225.292s][info][gc,phases      ] GC(496)   Merge Heap Roots: 0.34ms
[225.292s][info][gc,phases      ] GC(496)   Evacuate Collection Set: 24.71ms
[225.292s][info][gc,phases      ] GC(496)   Post Evacuate Collection Set: 0.56ms
[225.292s][info][gc,phases      ] GC(496)   Other: 0.08ms
[225.292s][info][gc,heap        ] GC(496) Eden regions: 280->0(316)
[225.292s][info][gc,heap        ] GC(496) Survivor regions: 15->16(37)
[225.292s][info][gc,heap        ] GC(496) Old regions: 334->334
[225.292s][info][gc,heap        ] GC(496) Humongous regions: 4->4
[225.292s][info][gc,metaspace   ] GC(496) Metaspace: 18724K(18944K)->18724K(18944K) NonClass: 16058K(16192K)->16058K(16192K) Class: 2666K(2752K)->2666K(2752K)
[225.292s][info][gc             ] GC(496) Pause Young (Prepare Mixed) (G1 Evacuation Pause) 632M->353M(779M) 26.102ms
[225.292s][info][gc,cpu         ] GC(496) User=0.05s Sys=0.00s Real=0.02s
[225.721s][info][gc,start       ] GC(497) Pause Young (Mixed) (G1 Evacuation Pause)
[225.721s][info][gc,task        ] GC(497) Using 2 workers of 2 for evacuation
[225.825s][info][gc,phases      ] GC(497)   Pre Evacuate Collection Set: 0.42ms
[225.825s][info][gc,phases      ] GC(497)   Merge Heap Roots: 0.34ms
[225.825s][info][gc,phases      ] GC(497)   Evacuate Collection Set: 102.04ms
[225.825s][info][gc,phases      ] GC(497)   Post Evacuate Collection Set: 0.75ms
[225.825s][info][gc,phases      ] GC(497)   Other: 0.10ms
[225.825s][info][gc,heap        ] GC(497) Eden regions: 316->0(244)
[225.825s][info][gc,heap        ] GC(497) Survivor regions: 16->42(42)
[225.825s][info][gc,heap        ] GC(497) Old regions: 334->370
[225.825s][info][gc,heap        ] GC(497) Humongous regions: 5->5
[225.825s][info][gc,metaspace   ] GC(497) Metaspace: 18724K(18944K)->18724K(18944K) NonClass: 16058K(16192K)->16058K(16192K) Class: 2666K(2752K)->2666K(2752K)
[225.825s][info][gc             ] GC(497) Pause Young (Mixed) (G1 Evacuation Pause) 670M->416M(779M) 103.928ms
[225.825s][info][gc,cpu         ] GC(497) User=0.21s Sys=0.00s Real=0.11s
[226.059s][info][gc,start       ] GC(498) Pause Young (Concurrent Start) (G1 Evacuation Pause)
[226.059s][info][gc,task        ] GC(498) Using 2 workers of 2 for evacuation
[226.159s][info][gc,phases      ] GC(498)   Pre Evacuate Collection Set: 0.29ms
[226.160s][info][gc,phases      ] GC(498)   Merge Heap Roots: 0.58ms
[226.160s][info][gc,phases      ] GC(498)   Evacuate Collection Set: 98.92ms
[226.160s][info][gc,phases      ] GC(498)   Post Evacuate Collection Set: 0.48ms
[226.160s][info][gc,phases      ] GC(498)   Other: 0.12ms
[226.160s][info][gc,heap        ] GC(498) Eden regions: 244->0(200)
[226.160s][info][gc,heap        ] GC(498) Survivor regions: 42->36(36)
[226.160s][info][gc,heap        ] GC(498) Old regions: 370->422
[226.160s][info][gc,heap        ] GC(498) Humongous regions: 5->5
[226.160s][info][gc,metaspace   ] GC(498) Metaspace: 18724K(18944K)->18724K(18944K) NonClass: 16058K(16192K)->16058K(16192K) Class: 2666K(2752K)->2666K(2752K)
[226.160s][info][gc             ] GC(498) Pause Young (Concurrent Start) (G1 Evacuation Pause) 660M->462M(779M) 100.635ms
[226.160s][info][gc,cpu         ] GC(498) User=0.20s Sys=0.00s Real=0.10s
[226.160s][info][gc             ] GC(499) Concurrent Mark Cycle
[226.160s][info][gc,marking     ] GC(499) Concurrent Scan Root Regions
[226.276s][info][gc,marking     ] GC(499) Concurrent Scan Root Regions 116.750ms
[226.277s][info][gc,marking     ] GC(499) Concurrent Mark
[226.277s][info][gc,marking     ] GC(499) Concurrent Mark From Roots
[226.277s][info][gc,task        ] GC(499) Using 1 workers of 1 for marking
[226.692s][info][gc,start       ] GC(500) Pause Young (Normal) (G1 Evacuation Pause)
[226.692s][info][gc,task        ] GC(500) Using 2 workers of 2 for evacuation
[226.776s][info][gc,phases      ] GC(500)   Pre Evacuate Collection Set: 0.27ms
[226.776s][info][gc,phases      ] GC(500)   Merge Heap Roots: 0.17ms
[226.776s][info][gc,phases      ] GC(500)   Evacuate Collection Set: 83.34ms
[226.776s][info][gc,phases      ] GC(500)   Post Evacuate Collection Set: 0.45ms
[226.776s][info][gc,phases      ] GC(500)   Other: 0.09ms
[226.776s][info][gc,heap        ] GC(500) Eden regions: 200->0(170)
[226.776s][info][gc,heap        ] GC(500) Survivor regions: 36->30(30)
[226.776s][info][gc,heap        ] GC(500) Old regions: 422->474
[226.776s][info][gc,heap        ] GC(500) Humongous regions: 5->5
[226.776s][info][gc,metaspace   ] GC(500) Metaspace: 18727K(18944K)->18727K(18944K) NonClass: 16061K(16192K)->16061K(16192K) Class: 2666K(2752K)->2666K(2752K)
[226.776s][info][gc             ] GC(500) Pause Young (Normal) (G1 Evacuation Pause) 662M->508M(779M) 84.559ms
[226.776s][info][gc,cpu         ] GC(500) User=0.17s Sys=0.00s Real=0.09s
[227.073s][info][gc,start       ] GC(501) Pause Young (Normal) (G1 Evacuation Pause)
[227.073s][info][gc,task        ] GC(501) Using 2 workers of 2 for evacuation
[227.167s][info][gc,phases      ] GC(501)   Pre Evacuate Collection Set: 0.26ms
[227.167s][info][gc,phases      ] GC(501)   Merge Heap Roots: 0.15ms
[227.167s][info][gc,phases      ] GC(501)   Evacuate Collection Set: 91.97ms
[227.167s][info][gc,phases      ] GC(501)   Post Evacuate Collection Set: 0.96ms
[227.167s][info][gc,phases      ] GC(501)   Other: 0.09ms
[227.167s][info][gc,heap        ] GC(501) Eden regions: 170->0(147)
[227.167s][info][gc,heap        ] GC(501) Survivor regions: 30->25(25)
[227.167s][info][gc,heap        ] GC(501) Old regions: 474->547
[227.167s][info][gc,heap        ] GC(501) Humongous regions: 5->5
[227.167s][info][gc,metaspace   ] GC(501) Metaspace: 18729K(18944K)->18729K(18944K) NonClass: 16063K(16192K)->16063K(16192K) Class: 2666K(2752K)->2666K(2752K)
[227.167s][info][gc             ] GC(501) Pause Young (Normal) (G1 Evacuation Pause) 678M->576M(838M) 93.703ms
[227.167s][info][gc,cpu         ] GC(501) User=0.19s Sys=0.00s Real=0.09s
[227.282s][info][gc,marking     ] GC(499) Concurrent Mark From Roots 1005.354ms
[227.282s][info][gc,marking     ] GC(499) Concurrent Preclean
[227.282s][info][gc,marking     ] GC(499) Concurrent Preclean 0.032ms
[227.282s][info][gc,start       ] GC(499) Pause Remark
[227.290s][info][gc             ] GC(499) Pause Remark 650M->603M(884M) 7.880ms
[227.290s][info][gc,cpu         ] GC(499) User=0.02s Sys=0.00s Real=0.01s
[227.291s][info][gc,marking     ] GC(499) Concurrent Mark 1014.614ms
[227.291s][info][gc,marking     ] GC(499) Concurrent Rebuild Remembered Sets and Scrub Regions
[227.370s][info][gc,start       ] GC(502) Pause Young (Normal) (G1 Evacuation Pause)
[227.370s][info][gc,task        ] GC(502) Using 2 workers of 2 for evacuation
[227.433s][info][gc,phases      ] GC(502)   Pre Evacuate Collection Set: 0.46ms
[227.433s][info][gc,phases      ] GC(502)   Merge Heap Roots: 0.15ms
[227.433s][info][gc,phases      ] GC(502)   Evacuate Collection Set: 62.20ms
[227.433s][info][gc,phases      ] GC(502)   Post Evacuate Collection Set: 0.60ms
[227.433s][info][gc,phases      ] GC(502)   Other: 0.13ms
[227.433s][info][gc,heap        ] GC(502) Eden regions: 147->0(170)
[227.433s][info][gc,heap        ] GC(502) Survivor regions: 25->22(22)
[227.433s][info][gc,heap        ] GC(502) Old regions: 501->548
[227.433s][info][gc,heap        ] GC(502) Humongous regions: 4->4
[227.433s][info][gc,metaspace   ] GC(502) Metaspace: 18729K(18944K)->18729K(18944K) NonClass: 16063K(16192K)->16063K(16192K) Class: 2666K(2752K)->2666K(2752K)
[227.433s][info][gc             ] GC(502) Pause Young (Normal) (G1 Evacuation Pause) 676M->573M(884M) 63.744ms
[227.434s][info][gc,cpu         ] GC(502) User=0.13s Sys=0.00s Real=0.07s
[227.565s][info][gc,start       ] GC(503) Pause Young (Normal) (G1 Evacuation Pause)
[227.565s][info][gc,task        ] GC(503) Using 2 workers of 2 for evacuation
[227.652s][info][gc,phases      ] GC(503)   Pre Evacuate Collection Set: 0.26ms
[227.652s][info][gc,phases      ] GC(503)   Merge Heap Roots: 0.32ms
[227.652s][info][gc,phases      ] GC(503)   Evacuate Collection Set: 86.02ms
[227.652s][info][gc,phases      ] GC(503)   Post Evacuate Collection Set: 0.66ms
[227.652s][info][gc,phases      ] GC(503)   Other: 0.08ms
[227.652s][info][gc,heap        ] GC(503) Eden regions: 170->0(127)
[227.652s][info][gc,heap        ] GC(503) Survivor regions: 22->24(24)
[227.652s][info][gc,heap        ] GC(503) Old regions: 548->617
[227.652s][info][gc,heap        ] GC(503) Humongous regions: 4->4
[227.652s][info][gc,metaspace   ] GC(503) Metaspace: 18729K(18944K)->18729K(18944K) NonClass: 16063K(16192K)->16063K(16192K) Class: 2666K(2752K)->2666K(2752K)
[227.652s][info][gc             ] GC(503) Pause Young (Normal) (G1 Evacuation Pause) 743M->644M(884M) 87.609ms
[227.652s][info][gc,cpu         ] GC(503) User=0.17s Sys=0.00s Real=0.08s
[227.843s][info][gc,marking     ] GC(499) Concurrent Rebuild Remembered Sets and Scrub Regions 551.722ms
[227.843s][info][gc,start       ] GC(499) Pause Cleanup
[227.843s][info][gc             ] GC(499) Pause Cleanup 737M->737M(884M) 0.112ms
[227.843s][info][gc,cpu         ] GC(499) User=0.00s Sys=0.00s Real=0.00s
[227.843s][info][gc,marking     ] GC(499) Concurrent Clear Claimed Marks
[227.843s][info][gc,marking     ] GC(499) Concurrent Clear Claimed Marks 0.028ms
[227.843s][info][gc,marking     ] GC(499) Concurrent Cleanup for Next Mark
[227.847s][info][gc,marking     ] GC(499) Concurrent Cleanup for Next Mark 3.584ms
[227.847s][info][gc             ] GC(499) Concurrent Mark Cycle 1687.253ms
[227.877s][info][gc,start       ] GC(504) Pause Young (Prepare Mixed) (G1 Evacuation Pause)
[227.877s][info][gc,task        ] GC(504) Using 2 workers of 2 for evacuation
[227.929s][info][gc,phases      ] GC(504)   Pre Evacuate Collection Set: 0.41ms
[227.929s][info][gc,phases      ] GC(504)   Merge Heap Roots: 0.83ms
[227.929s][info][gc,phases      ] GC(504)   Evacuate Collection Set: 50.82ms
[227.929s][info][gc,phases      ] GC(504)   Post Evacuate Collection Set: 0.44ms
[227.929s][info][gc,phases      ] GC(504)   Other: 0.09ms
[227.929s][info][gc,heap        ] GC(504) Eden regions: 127->0(125)
[227.929s][info][gc,heap        ] GC(504) Survivor regions: 24->17(19)
[227.929s][info][gc,heap        ] GC(504) Old regions: 617->641
[227.929s][info][gc,heap        ] GC(504) Humongous regions: 4->4
[227.929s][info][gc,metaspace   ] GC(504) Metaspace: 18729K(18944K)->18729K(18944K) NonClass: 16063K(16192K)->16063K(16192K) Class: 2666K(2752K)->2666K(2752K)
[227.930s][info][gc             ] GC(504) Pause Young (Prepare Mixed) (G1 Evacuation Pause) 771M->661M(884M) 52.785ms
[227.930s][info][gc,cpu         ] GC(504) User=0.10s Sys=0.00s Real=0.05s
[228.014s][info][gc,start       ] GC(505) Pause Young (Mixed) (G1 Evacuation Pause)
[228.014s][info][gc,task        ] GC(505) Using 2 workers of 2 for evacuation
[228.054s][info][gc,phases      ] GC(505)   Pre Evacuate Collection Set: 0.44ms
[228.054s][info][gc,phases      ] GC(505)   Merge Heap Roots: 0.57ms
[228.054s][info][gc,phases      ] GC(505)   Evacuate Collection Set: 38.46ms
[228.054s][info][gc,phases      ] GC(505)   Post Evacuate Collection Set: 0.48ms
[228.054s][info][gc,phases      ] GC(505)   Other: 0.10ms
[228.054s][info][gc,heap        ] GC(505) Eden regions: 125->0(149)
[228.054s][info][gc,heap        ] GC(505) Survivor regions: 17->4(18)
[228.054s][info][gc,heap        ] GC(505) Old regions: 641->626
[228.054s][info][gc,heap        ] GC(505) Humongous regions: 4->4
[228.054s][info][gc,metaspace   ] GC(505) Metaspace: 18729K(18944K)->18729K(18944K) NonClass: 16063K(16192K)->16063K(16192K) Class: 2666K(2752K)->2666K(2752K)
[228.054s][info][gc             ] GC(505) Pause Young (Mixed) (G1 Evacuation Pause) 786M->632M(884M) 40.226ms
[228.054s][info][gc,cpu         ] GC(505) User=0.08s Sys=0.00s Real=0.04s
[228.081s][info][gc,start       ] GC(506) Pause Young (Concurrent Start) (G1 Humongous Allocation)
[228.081s][info][gc,task        ] GC(506) Using 2 workers of 2 for evacuation
[228.105s][info][gc,phases      ] GC(506)   Pre Evacuate Collection Set: 0.33ms
[228.105s][info][gc,phases      ] GC(506)   Merge Heap Roots: 0.41ms
[228.105s][info][gc,phases      ] GC(506)   Evacuate Collection Set: 22.04ms
[228.105s][info][gc,phases      ] GC(506)   Post Evacuate Collection Set: 0.38ms
[228.105s][info][gc,phases      ] GC(506)   Other: 0.15ms
[228.105s][info][gc,heap        ] GC(506) Eden regions: 29->0(156)
[228.105s][info][gc,heap        ] GC(506) Survivor regions: 4->9(20)
[228.105s][info][gc,heap        ] GC(506) Old regions: 626->626
[228.105s][info][gc,heap        ] GC(506) Humongous regions: 4->4
[228.105s][info][gc,metaspace   ] GC(506) Metaspace: 18729K(18944K)->18729K(18944K) NonClass: 16063K(16192K)->16063K(16192K) Class: 2666K(2752K)->2666K(2752K)
[228.105s][info][gc             ] GC(506) Pause Young (Concurrent Start) (G1 Humongous Allocation) 661M->637M(884M) 23.494ms
[228.105s][info][gc             ] GC(507) Concurrent Mark Cycle
[228.105s][info][gc,marking     ] GC(507) Concurrent Scan Root Regions
[228.107s][info][gc,cpu         ] GC(506) User=0.05s Sys=0.00s Real=0.03s
[228.135s][info][gc,marking     ] GC(507) Concurrent Scan Root Regions 30.203ms
[228.135s][info][gc,marking     ] GC(507) Concurrent Mark
[228.135s][info][gc,marking     ] GC(507) Concurrent Mark From Roots
[228.135s][info][gc,task        ] GC(507) Using 1 workers of 1 for marking
[228.439s][info][gc,start       ] GC(508) Pause Young (Normal) (G1 Evacuation Pause)
[228.439s][info][gc,task        ] GC(508) Using 2 workers of 2 for evacuation
[228.523s][info][gc,phases      ] GC(508)   Pre Evacuate Collection Set: 0.28ms
[228.523s][info][gc,phases      ] GC(508)   Merge Heap Roots: 0.48ms
[228.523s][info][gc,phases      ] GC(508)   Evacuate Collection Set: 82.43ms
[228.523s][info][gc,phases      ] GC(508)   Post Evacuate Collection Set: 0.92ms
[228.523s][info][gc,phases      ] GC(508)   Other: 0.08ms
[228.523s][info][gc,heap        ] GC(508) Eden regions: 156->0(144)
[228.523s][info][gc,heap        ] GC(508) Survivor regions: 9->21(21)
[228.523s][info][gc,heap        ] GC(508) Old regions: 626->656
[228.523s][info][gc,heap        ] GC(508) Humongous regions: 10->10
[228.523s][info][gc,metaspace   ] GC(508) Metaspace: 18729K(18944K)->18729K(18944K) NonClass: 16063K(16192K)->16063K(16192K) Class: 2666K(2752K)->2666K(2752K)
[228.523s][info][gc             ] GC(508) Pause Young (Normal) (G1 Evacuation Pause) 799M->686M(922M) 84.466ms
[228.523s][info][gc,cpu         ] GC(508) User=0.16s Sys=0.00s Real=0.09s
[228.747s][info][gc,start       ] GC(509) Pause Young (Normal) (G1 Evacuation Pause)
[228.747s][info][gc,task        ] GC(509) Using 2 workers of 2 for evacuation
[228.817s][info][gc,phases      ] GC(509)   Pre Evacuate Collection Set: 0.27ms
[228.817s][info][gc,phases      ] GC(509)   Merge Heap Roots: 0.41ms
[228.817s][info][gc,phases      ] GC(509)   Evacuate Collection Set: 69.35ms
[228.817s][info][gc,phases      ] GC(509)   Post Evacuate Collection Set: 0.42ms
[228.817s][info][gc,phases      ] GC(509)   Other: 0.08ms
[228.817s][info][gc,heap        ] GC(509) Eden regions: 144->0(127)
[228.817s][info][gc,heap        ] GC(509) Survivor regions: 21->21(21)
[228.817s][info][gc,heap        ] GC(509) Old regions: 656->687
[228.817s][info][gc,heap        ] GC(509) Humongous regions: 10->10
[228.817s][info][gc,metaspace   ] GC(509) Metaspace: 18729K(18944K)->18729K(18944K) NonClass: 16063K(16192K)->16063K(16192K) Class: 2666K(2752K)->2666K(2752K)
[228.817s][info][gc             ] GC(509) Pause Young (Normal) (G1 Evacuation Pause) 830M->717M(922M) 70.764ms
[228.818s][info][gc,cpu         ] GC(509) User=0.14s Sys=0.00s Real=0.07s
[228.938s][info][gc,start       ] GC(510) Pause Young (Normal) (G1 Evacuation Pause)
[228.938s][info][gc,task        ] GC(510) Using 2 workers of 2 for evacuation
[228.976s][info][gc,phases      ] GC(510)   Pre Evacuate Collection Set: 0.44ms
[228.976s][info][gc,phases      ] GC(510)   Merge Heap Roots: 0.17ms
[228.976s][info][gc,phases      ] GC(510)   Evacuate Collection Set: 36.29ms
[228.976s][info][gc,phases      ] GC(510)   Post Evacuate Collection Set: 0.37ms
[228.976s][info][gc,phases      ] GC(510)   Other: 0.08ms
[228.976s][info][gc,heap        ] GC(510) Eden regions: 127->0(124)
[228.976s][info][gc,heap        ] GC(510) Survivor regions: 21->12(19)
[228.976s][info][gc,heap        ] GC(510) Old regions: 687->709
[228.976s][info][gc,heap        ] GC(510) Humongous regions: 10->10
[228.976s][info][gc,metaspace   ] GC(510) Metaspace: 18729K(18944K)->18729K(18944K) NonClass: 16063K(16192K)->16063K(16192K) Class: 2666K(2752K)->2666K(2752K)
[228.976s][info][gc             ] GC(510) Pause Young (Normal) (G1 Evacuation Pause) 844M->730M(922M) 37.556ms
[228.976s][info][gc,cpu         ] GC(510) User=0.08s Sys=0.00s Real=0.04s
[228.996s][info][gc,marking     ] GC(507) Concurrent Mark From Roots 861.185ms
[228.996s][info][gc,marking     ] GC(507) Concurrent Preclean
[228.996s][info][gc,marking     ] GC(507) Concurrent Preclean 0.029ms
[228.996s][info][gc,start       ] GC(507) Pause Remark
[229.004s][info][gc             ] GC(507) Pause Remark 752M->469M(922M) 7.297ms
[229.004s][info][gc,cpu         ] GC(507) User=0.02s Sys=0.00s Real=0.01s
[229.004s][info][gc,marking     ] GC(507) Concurrent Mark 868.765ms
[229.004s][info][gc,marking     ] GC(507) Concurrent Rebuild Remembered Sets and Scrub Regions
[229.075s][info][gc,start       ] GC(511) Pause Young (Normal) (G1 Evacuation Pause)
[229.075s][info][gc,task        ] GC(511) Using 2 workers of 2 for evacuation
[229.094s][info][gc,phases      ] GC(511)   Pre Evacuate Collection Set: 0.24ms
[229.094s][info][gc,phases      ] GC(511)   Merge Heap Roots: 0.14ms
[229.094s][info][gc,phases      ] GC(511)   Evacuate Collection Set: 18.46ms
[229.094s][info][gc,phases      ] GC(511)   Post Evacuate Collection Set: 0.34ms
[229.095s][info][gc,phases      ] GC(511)   Other: 0.06ms
[229.095s][info][gc,heap        ] GC(511) Eden regions: 124->0(299)
[229.095s][info][gc,heap        ] GC(511) Survivor regions: 12->5(17)
[229.095s][info][gc,heap        ] GC(511) Old regions: 429->441
[229.095s][info][gc,heap        ] GC(511) Humongous regions: 7->7
[229.095s][info][gc,metaspace   ] GC(511) Metaspace: 18729K(18944K)->18729K(18944K) NonClass: 16063K(16192K)->16063K(16192K) Class: 2666K(2752K)->2666K(2752K)
[229.095s][info][gc             ] GC(511) Pause Young (Normal) (G1 Evacuation Pause) 571M->452M(922M) 19.454ms
[229.095s][info][gc,cpu         ] GC(511) User=0.04s Sys=0.00s Real=0.02s
[229.370s][info][gc,marking     ] GC(507) Concurrent Rebuild Remembered Sets and Scrub Regions 366.225ms
[229.370s][info][gc,start       ] GC(507) Pause Cleanup
[229.370s][info][gc             ] GC(507) Pause Cleanup 713M->713M(922M) 0.120ms
[229.370s][info][gc,cpu         ] GC(507) User=0.00s Sys=0.00s Real=0.00s
[229.370s][info][gc,marking     ] GC(507) Concurrent Clear Claimed Marks
[229.370s][info][gc,marking     ] GC(507) Concurrent Clear Claimed Marks 0.029ms
[229.370s][info][gc,marking     ] GC(507) Concurrent Cleanup for Next Mark
[229.377s][info][gc,marking     ] GC(507) Concurrent Cleanup for Next Mark 6.342ms
[229.377s][info][gc             ] GC(507) Concurrent Mark Cycle 1272.199ms
[229.400s][info][gc,start       ] GC(512) Pause Young (Prepare Mixed) (G1 Evacuation Pause)
[229.400s][info][gc,task        ] GC(512) Using 2 workers of 2 for evacuation
[229.422s][info][gc,phases      ] GC(512)   Pre Evacuate Collection Set: 0.27ms
[229.422s][info][gc,phases      ] GC(512)   Merge Heap Roots: 0.32ms
[229.422s][info][gc,phases      ] GC(512)   Evacuate Collection Set: 21.38ms
[229.422s][info][gc,phases      ] GC(512)   Post Evacuate Collection Set: 0.51ms
[229.422s][info][gc,phases      ] GC(512)   Other: 0.12ms
[229.422s][info][gc,heap        ] GC(512) Eden regions: 299->0(319)
[229.422s][info][gc,heap        ] GC(512) Survivor regions: 5->12(38)
[229.422s][info][gc,heap        ] GC(512) Old regions: 441->441
[229.422s][info][gc,heap        ] GC(512) Humongous regions: 7->7
[229.422s][info][gc,metaspace   ] GC(512) Metaspace: 18729K(18944K)->18729K(18944K) NonClass: 16063K(16192K)->16063K(16192K) Class: 2666K(2752K)->2666K(2752K)
[229.423s][info][gc             ] GC(512) Pause Young (Prepare Mixed) (G1 Evacuation Pause) 751M->459M(922M) 22.765ms
[229.423s][info][gc,cpu         ] GC(512) User=0.04s Sys=0.00s Real=0.02s
[229.949s][info][gc,start       ] GC(513) Pause Young (Mixed) (G1 Evacuation Pause)
[229.949s][info][gc,task        ] GC(513) Using 2 workers of 2 for evacuation
[230.018s][info][gc,phases      ] GC(513)   Pre Evacuate Collection Set: 0.51ms
[230.018s][info][gc,phases      ] GC(513)   Merge Heap Roots: 0.49ms
[230.018s][info][gc,phases      ] GC(513)   Evacuate Collection Set: 66.59ms
[230.018s][info][gc,phases      ] GC(513)   Post Evacuate Collection Set: 0.88ms
[230.018s][info][gc,phases      ] GC(513)   Other: 0.08ms
[230.018s][info][gc,heap        ] GC(513) Eden regions: 319->0(342)
[230.018s][info][gc,heap        ] GC(513) Survivor regions: 12->42(42)
[230.018s][info][gc,heap        ] GC(513) Old regions: 441->401
[230.018s][info][gc,heap        ] GC(513) Humongous regions: 7->7
[230.018s][info][gc,metaspace   ] GC(513) Metaspace: 18730K(18944K)->18730K(18944K) NonClass: 16064K(16192K)->16064K(16192K) Class: 2666K(2752K)->2666K(2752K)
[230.018s][info][gc             ] GC(513) Pause Young (Mixed) (G1 Evacuation Pause) 778M->449M(940M) 68.766ms
[230.018s][info][gc,cpu         ] GC(513) User=0.13s Sys=0.00s Real=0.07s
[230.814s][info][gc,start       ] GC(514) Pause Young (Concurrent Start) (G1 Evacuation Pause)
[230.814s][info][gc,task        ] GC(514) Using 2 workers of 2 for evacuation
[230.859s][info][gc,phases      ] GC(514)   Pre Evacuate Collection Set: 0.28ms
[230.859s][info][gc,phases      ] GC(514)   Merge Heap Roots: 0.26ms
[230.859s][info][gc,phases      ] GC(514)   Evacuate Collection Set: 43.95ms
[230.859s][info][gc,phases      ] GC(514)   Post Evacuate Collection Set: 0.55ms
[230.859s][info][gc,phases      ] GC(514)   Other: 0.12ms
[230.859s][info][gc,heap        ] GC(514) Eden regions: 342->0(365)
[230.859s][info][gc,heap        ] GC(514) Survivor regions: 42->1(48)
[230.859s][info][gc,heap        ] GC(514) Old regions: 401->444
[230.859s][info][gc,heap        ] GC(514) Humongous regions: 7->7
[230.859s][info][gc,metaspace   ] GC(514) Metaspace: 18730K(18944K)->18730K(18944K) NonClass: 16064K(16192K)->16064K(16192K) Class: 2666K(2752K)->2666K(2752K)
[230.859s][info][gc             ] GC(514) Pause Young (Concurrent Start) (G1 Evacuation Pause) 791M->451M(940M) 45.415ms
[230.859s][info][gc,cpu         ] GC(514) User=0.09s Sys=0.00s Real=0.04s
[230.859s][info][gc             ] GC(515) Concurrent Mark Cycle
[230.859s][info][gc,marking     ] GC(515) Concurrent Scan Root Regions
[230.941s][info][gc,marking     ] GC(515) Concurrent Scan Root Regions 81.850ms
[230.941s][info][gc,marking     ] GC(515) Concurrent Mark
[230.941s][info][gc,marking     ] GC(515) Concurrent Mark From Roots
[230.941s][info][gc,task        ] GC(515) Using 1 workers of 1 for marking
[231.705s][info][gc,marking     ] GC(515) Concurrent Mark From Roots 763.624ms
[231.705s][info][gc,marking     ] GC(515) Concurrent Preclean
[231.705s][info][gc,marking     ] GC(515) Concurrent Preclean 0.032ms
[231.705s][info][gc,start       ] GC(515) Pause Remark
[231.712s][info][gc             ] GC(515) Pause Remark 694M->583M(940M) 7.388ms
[231.712s][info][gc,cpu         ] GC(515) User=0.01s Sys=0.00s Real=0.00s
[231.713s][info][gc,marking     ] GC(515) Concurrent Mark 771.939ms
[231.713s][info][gc,marking     ] GC(515) Concurrent Rebuild Remembered Sets and Scrub Regions
[231.938s][info][gc,start       ] GC(516) Pause Young (Normal) (G1 Evacuation Pause)
[231.938s][info][gc,task        ] GC(516) Using 2 workers of 2 for evacuation
[231.975s][info][gc,phases      ] GC(516)   Pre Evacuate Collection Set: 0.27ms
[231.975s][info][gc,phases      ] GC(516)   Merge Heap Roots: 0.48ms
[231.975s][info][gc,phases      ] GC(516)   Evacuate Collection Set: 34.92ms
[231.975s][info][gc,phases      ] GC(516)   Post Evacuate Collection Set: 0.54ms
[231.975s][info][gc,phases      ] GC(516)   Other: 0.09ms
[231.975s][info][gc,heap        ] GC(516) Eden regions: 365->0(437)
[231.975s][info][gc,heap        ] GC(516) Survivor regions: 1->25(46)
[231.975s][info][gc,heap        ] GC(516) Old regions: 336->336
[231.975s][info][gc,heap        ] GC(516) Humongous regions: 4->4
[231.975s][info][gc,metaspace   ] GC(516) Metaspace: 18731K(18944K)->18731K(18944K) NonClass: 16065K(16192K)->16065K(16192K) Class: 2666K(2752K)->2666K(2752K)
[231.975s][info][gc             ] GC(516) Pause Young (Normal) (G1 Evacuation Pause) 705M->364M(940M) 36.476ms
[231.975s][info][gc,cpu         ] GC(516) User=0.07s Sys=0.00s Real=0.04s
[232.126s][info][gc,marking     ] GC(515) Concurrent Rebuild Remembered Sets and Scrub Regions 412.913ms
[232.126s][info][gc,start       ] GC(515) Pause Cleanup
[232.126s][info][gc             ] GC(515) Pause Cleanup 509M->509M(940M) 0.093ms
[232.126s][info][gc,cpu         ] GC(515) User=0.00s Sys=0.00s Real=0.00s
[232.127s][info][gc,marking     ] GC(515) Concurrent Clear Claimed Marks
[232.127s][info][gc,marking     ] GC(515) Concurrent Clear Claimed Marks 0.035ms
[232.127s][info][gc,marking     ] GC(515) Concurrent Cleanup for Next Mark
[232.130s][info][gc,marking     ] GC(515) Concurrent Cleanup for Next Mark 2.932ms
[232.130s][info][gc             ] GC(515) Concurrent Mark Cycle 1270.963ms
[232.372s][info][gc,start       ] GC(517) Pause Young (Prepare Mixed) (G1 Evacuation Pause)
[232.372s][info][gc,task        ] GC(517) Using 2 workers of 2 for evacuation
[232.487s][info][gc,phases      ] GC(517)   Pre Evacuate Collection Set: 0.27ms
[232.487s][info][gc,phases      ] GC(517)   Merge Heap Roots: 0.22ms
[232.487s][info][gc,phases      ] GC(517)   Evacuate Collection Set: 112.50ms
[232.487s][info][gc,phases      ] GC(517)   Post Evacuate Collection Set: 1.01ms
[232.487s][info][gc,phases      ] GC(517)   Other: 0.09ms
[232.487s][info][gc,heap        ] GC(517) Eden regions: 437->0(337)
[232.487s][info][gc,heap        ] GC(517) Survivor regions: 25->58(58)
[232.487s][info][gc,heap        ] GC(517) Old regions: 336->401
[232.487s][info][gc,heap        ] GC(517) Humongous regions: 4->4
[232.487s][info][gc,metaspace   ] GC(517) Metaspace: 18731K(18944K)->18731K(18944K) NonClass: 16065K(16192K)->16065K(16192K) Class: 2666K(2752K)->2666K(2752K)
[232.487s][info][gc             ] GC(517) Pause Young (Prepare Mixed) (G1 Evacuation Pause) 801M->462M(940M) 114.370ms
[232.487s][info][gc,cpu         ] GC(517) User=0.23s Sys=0.00s Real=0.12s
[232.764s][info][gc,start       ] GC(518) Pause Young (Mixed) (G1 Evacuation Pause)
[232.765s][info][gc,task        ] GC(518) Using 2 workers of 2 for evacuation
[232.886s][info][gc,phases      ] GC(518)   Pre Evacuate Collection Set: 0.29ms
[232.886s][info][gc,phases      ] GC(518)   Merge Heap Roots: 0.49ms
[232.886s][info][gc,phases      ] GC(518)   Evacuate Collection Set: 120.11ms
[232.886s][info][gc,phases      ] GC(518)   Post Evacuate Collection Set: 0.67ms
[232.886s][info][gc,phases      ] GC(518)   Other: 0.09ms
[232.886s][info][gc,heap        ] GC(518) Eden regions: 337->0(318)
[232.886s][info][gc,heap        ] GC(518) Survivor regions: 58->43(50)
[232.886s][info][gc,heap        ] GC(518) Old regions: 401->441
[232.886s][info][gc,heap        ] GC(518) Humongous regions: 8->8
[232.886s][info][gc,metaspace   ] GC(518) Metaspace: 18731K(18944K)->18731K(18944K) NonClass: 16065K(16192K)->16065K(16192K) Class: 2666K(2752K)->2666K(2752K)
[232.886s][info][gc             ] GC(518) Pause Young (Mixed) (G1 Evacuation Pause) 803M->491M(940M) 121.926ms
[232.886s][info][gc,cpu         ] GC(518) User=0.24s Sys=0.00s Real=0.12s
[233.104s][info][gc,start       ] GC(519) Pause Young (Concurrent Start) (G1 Evacuation Pause)
[233.104s][info][gc,task        ] GC(519) Using 2 workers of 2 for evacuation
[233.195s][info][gc,phases      ] GC(519)   Pre Evacuate Collection Set: 0.32ms
[233.195s][info][gc,phases      ] GC(519)   Merge Heap Roots: 0.20ms
[233.195s][info][gc,phases      ] GC(519)   Evacuate Collection Set: 89.17ms
[233.195s][info][gc,phases      ] GC(519)   Post Evacuate Collection Set: 0.57ms
[233.195s][info][gc,phases      ] GC(519)   Other: 0.21ms
[233.195s][info][gc,heap        ] GC(519) Eden regions: 318->0(300)
[233.195s][info][gc,heap        ] GC(519) Survivor regions: 43->32(46)
[233.195s][info][gc,heap        ] GC(519) Old regions: 441->484
[233.195s][info][gc,heap        ] GC(519) Humongous regions: 8->8
[233.195s][info][gc,metaspace   ] GC(519) Metaspace: 18731K(18944K)->18731K(18944K) NonClass: 16065K(16192K)->16065K(16192K) Class: 2666K(2752K)->2666K(2752K)
[233.195s][info][gc             ] GC(519) Pause Young (Concurrent Start) (G1 Evacuation Pause) 809M->522M(940M) 90.689ms
[233.195s][info][gc,cpu         ] GC(519) User=0.17s Sys=0.01s Real=0.09s
[233.197s][info][gc             ] GC(520) Concurrent Mark Cycle
[233.197s][info][gc,marking     ] GC(520) Concurrent Scan Root Regions
[233.319s][info][gc,marking     ] GC(520) Concurrent Scan Root Regions 122.029ms
[233.319s][info][gc,marking     ] GC(520) Concurrent Mark
[233.319s][info][gc,marking     ] GC(520) Concurrent Mark From Roots
[233.319s][info][gc,task        ] GC(520) Using 1 workers of 1 for marking
[233.664s][info][gc,start       ] GC(521) Pause Young (Normal) (G1 Evacuation Pause)
[233.664s][info][gc,task        ] GC(521) Using 2 workers of 2 for evacuation
[233.715s][info][gc,phases      ] GC(521)   Pre Evacuate Collection Set: 0.30ms
[233.715s][info][gc,phases      ] GC(521)   Merge Heap Roots: 0.30ms
[233.715s][info][gc,phases      ] GC(521)   Evacuate Collection Set: 50.31ms
[233.715s][info][gc,phases      ] GC(521)   Post Evacuate Collection Set: 0.70ms
[233.715s][info][gc,phases      ] GC(521)   Other: 0.10ms
[233.715s][info][gc,heap        ] GC(521) Eden regions: 300->0(310)
[233.715s][info][gc,heap        ] GC(521) Survivor regions: 32->13(42)
[233.715s][info][gc,heap        ] GC(521) Old regions: 484->515
[233.715s][info][gc,heap        ] GC(521) Humongous regions: 8->8
[233.715s][info][gc,metaspace   ] GC(521) Metaspace: 18731K(18944K)->18731K(18944K) NonClass: 16065K(16192K)->16065K(16192K) Class: 2666K(2752K)->2666K(2752K)
[233.716s][info][gc             ] GC(521) Pause Young (Normal) (G1 Evacuation Pause) 822M->535M(951M) 51.949ms
[233.716s][info][gc,cpu         ] GC(521) User=0.10s Sys=0.00s Real=0.05s
[234.075s][info][gc,marking     ] GC(520) Concurrent Mark From Roots 756.258ms
[234.075s][info][gc,marking     ] GC(520) Concurrent Preclean
[234.075s][info][gc,marking     ] GC(520) Concurrent Preclean 0.033ms
[234.076s][info][gc,start       ] GC(520) Pause Remark
[234.083s][info][gc             ] GC(520) Pause Remark 708M->661M(951M) 7.393ms
[234.083s][info][gc,cpu         ] GC(520) User=0.01s Sys=0.00s Real=0.01s
[234.085s][info][gc,marking     ] GC(520) Concurrent Mark 765.937ms
[234.085s][info][gc,marking     ] GC(520) Concurrent Rebuild Remembered Sets and Scrub Regions
[234.450s][info][gc,start       ] GC(522) Pause Young (Normal) (G1 Evacuation Pause)
[234.450s][info][gc,task        ] GC(522) Using 2 workers of 2 for evacuation
[234.518s][info][gc,phases      ] GC(522)   Pre Evacuate Collection Set: 0.45ms
[234.518s][info][gc,phases      ] GC(522)   Merge Heap Roots: 0.83ms
[234.518s][info][gc,phases      ] GC(522)   Evacuate Collection Set: 66.51ms
[234.519s][info][gc,phases      ] GC(522)   Post Evacuate Collection Set: 0.63ms
[234.519s][info][gc,phases      ] GC(522)   Other: 0.11ms
[234.519s][info][gc,heap        ] GC(522) Eden regions: 310->0(307)
[234.519s][info][gc,heap        ] GC(522) Survivor regions: 13->41(41)
[234.519s][info][gc,heap        ] GC(522) Old regions: 471->483
[234.519s][info][gc,heap        ] GC(522) Humongous regions: 5->5
[234.519s][info][gc,metaspace   ] GC(522) Metaspace: 18742K(18944K)->18742K(18944K) NonClass: 16076K(16192K)->16076K(16192K) Class: 2666K(2752K)->2666K(2752K)
[234.519s][info][gc             ] GC(522) Pause Young (Normal) (G1 Evacuation Pause) 798M->528M(951M) 68.764ms
[234.519s][info][gc,cpu         ] GC(522) User=0.13s Sys=0.00s Real=0.07s
[234.581s][info][gc,marking     ] GC(520) Concurrent Rebuild Remembered Sets and Scrub Regions 495.974ms
[234.581s][info][gc,start       ] GC(520) Pause Cleanup
[234.581s][info][gc             ] GC(520) Pause Cleanup 577M->577M(951M) 0.156ms
[234.581s][info][gc,cpu         ] GC(520) User=0.00s Sys=0.00s Real=0.00s
[234.581s][info][gc,marking     ] GC(520) Concurrent Clear Claimed Marks
[234.581s][info][gc,marking     ] GC(520) Concurrent Clear Claimed Marks 0.028ms
[234.581s][info][gc,marking     ] GC(520) Concurrent Cleanup for Next Mark
[234.584s][info][gc,marking     ] GC(520) Concurrent Cleanup for Next Mark 2.905ms
[234.584s][info][gc             ] GC(520) Concurrent Mark Cycle 1389.235ms
[234.849s][info][gc,start       ] GC(523) Pause Young (Prepare Mixed) (G1 Evacuation Pause)
[234.849s][info][gc,task        ] GC(523) Using 2 workers of 2 for evacuation
[234.955s][info][gc,phases      ] GC(523)   Pre Evacuate Collection Set: 0.49ms
[234.955s][info][gc,phases      ] GC(523)   Merge Heap Roots: 0.27ms
[234.955s][info][gc,phases      ] GC(523)   Evacuate Collection Set: 104.18ms
[234.955s][info][gc,phases      ] GC(523)   Post Evacuate Collection Set: 0.81ms
[234.955s][info][gc,phases      ] GC(523)   Other: 0.11ms
[234.955s][info][gc,heap        ] GC(523) Eden regions: 307->0(227)
[234.955s][info][gc,heap        ] GC(523) Survivor regions: 41->44(44)
[234.955s][info][gc,heap        ] GC(523) Old regions: 483->555
[234.955s][info][gc,heap        ] GC(523) Humongous regions: 5->5
[234.955s][info][gc,metaspace   ] GC(523) Metaspace: 18747K(18944K)->18747K(18944K) NonClass: 16080K(16192K)->16080K(16192K) Class: 2666K(2752K)->2666K(2752K)
[234.955s][info][gc             ] GC(523) Pause Young (Prepare Mixed) (G1 Evacuation Pause) 835M->603M(952M) 106.116ms
[234.955s][info][gc,cpu         ] GC(523) User=0.21s Sys=0.00s Real=0.11s
[235.271s][info][gc,start       ] GC(524) Pause Young (Mixed) (G1 Evacuation Pause)
[235.271s][info][gc,task        ] GC(524) Using 2 workers of 2 for evacuation
[235.398s][info][gc,phases      ] GC(524)   Pre Evacuate Collection Set: 0.53ms
[235.398s][info][gc,phases      ] GC(524)   Merge Heap Roots: 0.96ms
[235.398s][info][gc,phases      ] GC(524)   Evacuate Collection Set: 124.69ms
[235.398s][info][gc,phases      ] GC(524)   Post Evacuate Collection Set: 0.86ms
[235.398s][info][gc,phases      ] GC(524)   Other: 0.11ms
[235.398s][info][gc,heap        ] GC(524) Eden regions: 227->0(258)
[235.398s][info][gc,heap        ] GC(524) Survivor regions: 44->33(34)
[235.398s][info][gc,heap        ] GC(524) Old regions: 555->526
[235.398s][info][gc,heap        ] GC(524) Humongous regions: 8->8
[235.398s][info][gc,metaspace   ] GC(524) Metaspace: 18747K(18944K)->18747K(18944K) NonClass: 16080K(16192K)->16080K(16192K) Class: 2666K(2752K)->2666K(2752K)
[235.398s][info][gc             ] GC(524) Pause Young (Mixed) (G1 Evacuation Pause) 833M->566M(952M) 127.411ms
[235.398s][info][gc,cpu         ] GC(524) User=0.25s Sys=0.00s Real=0.13s
[235.658s][info][gc,start       ] GC(525) Pause Young (Mixed) (G1 Evacuation Pause)
[235.658s][info][gc,task        ] GC(525) Using 2 workers of 2 for evacuation
[235.790s][info][gc,phases      ] GC(525)   Pre Evacuate Collection Set: 0.48ms
[235.790s][info][gc,phases      ] GC(525)   Merge Heap Roots: 1.14ms
[235.790s][info][gc,phases      ] GC(525)   Evacuate Collection Set: 109.05ms
[235.790s][info][gc,phases      ] GC(525)   Merge Optional Heap Roots: 0.33ms
[235.790s][info][gc,phases      ] GC(525)   Evacuate Optional Collection Set: 20.01ms
[235.790s][info][gc,phases      ] GC(525)   Post Evacuate Collection Set: 0.86ms
[235.790s][info][gc,phases      ] GC(525)   Other: 0.10ms
[235.790s][info][gc,heap        ] GC(525) Eden regions: 258->0(255)
[235.790s][info][gc,heap        ] GC(525) Survivor regions: 33->26(37)
[235.790s][info][gc,heap        ] GC(525) Old regions: 526->544
[235.790s][info][gc,heap        ] GC(525) Humongous regions: 8->8
[235.790s][info][gc,metaspace   ] GC(525) Metaspace: 18747K(18944K)->18747K(18944K) NonClass: 16080K(16192K)->16080K(16192K) Class: 2666K(2752K)->2666K(2752K)
[235.790s][info][gc             ] GC(525) Pause Young (Mixed) (G1 Evacuation Pause) 824M->577M(952M) 132.255ms
[235.790s][info][gc,cpu         ] GC(525) User=0.26s Sys=0.00s Real=0.13s
[236.083s][info][gc,start       ] GC(526) Pause Young (Concurrent Start) (G1 Evacuation Pause)
[236.084s][info][gc,task        ] GC(526) Using 2 workers of 2 for evacuation
[236.129s][info][gc,phases      ] GC(526)   Pre Evacuate Collection Set: 0.45ms
[236.129s][info][gc,phases      ] GC(526)   Merge Heap Roots: 0.79ms
[236.129s][info][gc,phases      ] GC(526)   Evacuate Collection Set: 43.73ms
[236.129s][info][gc,phases      ] GC(526)   Post Evacuate Collection Set: 0.53ms
[236.129s][info][gc,phases      ] GC(526)   Other: 0.21ms
[236.129s][info][gc,heap        ] GC(526) Eden regions: 255->0(268)
[236.129s][info][gc,heap        ] GC(526) Survivor regions: 26->5(36)
[236.129s][info][gc,heap        ] GC(526) Old regions: 544->570
[236.129s][info][gc,heap        ] GC(526) Humongous regions: 8->8
[236.129s][info][gc,metaspace   ] GC(526) Metaspace: 18747K(18944K)->18747K(18944K) NonClass: 16080K(16192K)->16080K(16192K) Class: 2666K(2752K)->2666K(2752K)
[236.129s][info][gc             ] GC(526) Pause Young (Concurrent Start) (G1 Evacuation Pause) 832M->582M(952M) 45.976ms
[236.129s][info][gc,cpu         ] GC(526) User=0.09s Sys=0.00s Real=0.04s
[236.130s][info][gc             ] GC(527) Concurrent Mark Cycle
[236.130s][info][gc,marking     ] GC(527) Concurrent Scan Root Regions
[236.189s][info][gc,marking     ] GC(527) Concurrent Scan Root Regions 59.376ms
[236.189s][info][gc,marking     ] GC(527) Concurrent Mark
[236.189s][info][gc,marking     ] GC(527) Concurrent Mark From Roots
[236.189s][info][gc,task        ] GC(527) Using 1 workers of 1 for marking
[237.079s][info][gc,start       ] GC(528) Pause Young (Normal) (G1 Evacuation Pause)
[237.079s][info][gc,task        ] GC(528) Using 2 workers of 2 for evacuation
[237.132s][info][gc,phases      ] GC(528)   Pre Evacuate Collection Set: 0.50ms
[237.132s][info][gc,phases      ] GC(528)   Merge Heap Roots: 0.61ms
[237.132s][info][gc,phases      ] GC(528)   Evacuate Collection Set: 50.59ms
[237.132s][info][gc,phases      ] GC(528)   Post Evacuate Collection Set: 0.68ms
[237.132s][info][gc,phases      ] GC(528)   Other: 0.09ms
[237.132s][info][gc,heap        ] GC(528) Eden regions: 268->0(253)
[237.132s][info][gc,heap        ] GC(528) Survivor regions: 5->32(35)
[237.132s][info][gc,heap        ] GC(528) Old regions: 570->570
[237.132s][info][gc,heap        ] GC(528) Humongous regions: 8->8
[237.132s][info][gc,metaspace   ] GC(528) Metaspace: 18751K(18944K)->18751K(18944K) NonClass: 16085K(16192K)->16085K(16192K) Class: 2666K(2752K)->2666K(2752K)
[237.132s][info][gc             ] GC(528) Pause Young (Normal) (G1 Evacuation Pause) 850M->608M(960M) 52.728ms
[237.132s][info][gc,cpu         ] GC(528) User=0.10s Sys=0.00s Real=0.05s
[237.189s][info][gc,marking     ] GC(527) Concurrent Mark From Roots 1000.411ms
[237.189s][info][gc,marking     ] GC(527) Concurrent Preclean
[237.189s][info][gc,marking     ] GC(527) Concurrent Preclean 0.039ms
[237.190s][info][gc,start       ] GC(527) Pause Remark
[237.327s][info][gc             ] GC(527) Pause Remark 632M->585M(960M) 137.616ms
[237.327s][info][gc,cpu         ] GC(527) User=0.27s Sys=0.00s Real=0.14s
[237.329s][info][gc,marking     ] GC(527) Concurrent Mark 1139.951ms
[237.329s][info][gc,marking     ] GC(527) Concurrent Rebuild Remembered Sets and Scrub Regions
[237.700s][info][gc,start       ] GC(529) Pause Young (Normal) (G1 Evacuation Pause)
[237.700s][info][gc,task        ] GC(529) Using 2 workers of 2 for evacuation
[237.790s][info][gc,phases      ] GC(529)   Pre Evacuate Collection Set: 0.47ms
[237.790s][info][gc,phases      ] GC(529)   Merge Heap Roots: 0.31ms
[237.790s][info][gc,phases      ] GC(529)   Evacuate Collection Set: 88.01ms
[237.790s][info][gc,phases      ] GC(529)   Post Evacuate Collection Set: 0.73ms
[237.790s][info][gc,phases      ] GC(529)   Other: 0.10ms
[237.790s][info][gc,heap        ] GC(529) Eden regions: 253->0(219)
[237.790s][info][gc,heap        ] GC(529) Survivor regions: 32->36(36)
[237.790s][info][gc,heap        ] GC(529) Old regions: 525->585
[237.790s][info][gc,heap        ] GC(529) Humongous regions: 6->6
[237.790s][info][gc,metaspace   ] GC(529) Metaspace: 18756K(18944K)->18756K(18944K) NonClass: 16090K(16192K)->16090K(16192K) Class: 2666K(2752K)->2666K(2752K)
[237.790s][info][gc             ] GC(529) Pause Young (Normal) (G1 Evacuation Pause) 814M->626M(960M) 89.847ms
[237.790s][info][gc,cpu         ] GC(529) User=0.17s Sys=0.00s Real=0.09s
[237.882s][info][gc,marking     ] GC(527) Concurrent Rebuild Remembered Sets and Scrub Regions 552.911ms
[237.882s][info][gc,start       ] GC(527) Pause Cleanup
[237.882s][info][gc             ] GC(527) Pause Cleanup 663M->663M(960M) 0.101ms
[237.882s][info][gc,cpu         ] GC(527) User=0.00s Sys=0.00s Real=0.00s
[237.883s][info][gc,marking     ] GC(527) Concurrent Clear Claimed Marks
[237.883s][info][gc,marking     ] GC(527) Concurrent Clear Claimed Marks 0.043ms
[237.883s][info][gc,marking     ] GC(527) Concurrent Cleanup for Next Mark
[237.889s][info][gc,marking     ] GC(527) Concurrent Cleanup for Next Mark 5.966ms
[237.889s][info][gc             ] GC(527) Concurrent Mark Cycle 1759.912ms
[238.147s][info][gc,start       ] GC(530) Pause Young (Prepare Mixed) (G1 Evacuation Pause)
[238.147s][info][gc,task        ] GC(530) Using 2 workers of 2 for evacuation
[238.230s][info][gc,phases      ] GC(530)   Pre Evacuate Collection Set: 0.48ms
[238.230s][info][gc,phases      ] GC(530)   Merge Heap Roots: 0.51ms
[238.230s][info][gc,phases      ] GC(530)   Evacuate Collection Set: 81.00ms
[238.230s][info][gc,phases      ] GC(530)   Post Evacuate Collection Set: 0.59ms
[238.230s][info][gc,phases      ] GC(530)   Other: 0.10ms
[238.230s][info][gc,heap        ] GC(530) Eden regions: 219->0(201)
[238.230s][info][gc,heap        ] GC(530) Survivor regions: 36->28(32)
[238.230s][info][gc,heap        ] GC(530) Old regions: 585->622
[238.230s][info][gc,heap        ] GC(530) Humongous regions: 9->9
[238.230s][info][gc,metaspace   ] GC(530) Metaspace: 18756K(18944K)->18756K(18944K) NonClass: 16090K(16192K)->16090K(16192K) Class: 2666K(2752K)->2666K(2752K)
[238.230s][info][gc             ] GC(530) Pause Young (Prepare Mixed) (G1 Evacuation Pause) 848M->657M(960M) 82.916ms
[238.230s][info][gc,cpu         ] GC(530) User=0.16s Sys=0.00s Real=0.08s
[238.470s][info][gc,start       ] GC(531) Pause Young (Mixed) (G1 Evacuation Pause)
[238.470s][info][gc,task        ] GC(531) Using 2 workers of 2 for evacuation
[238.579s][info][gc,phases      ] GC(531)   Pre Evacuate Collection Set: 0.56ms
[238.579s][info][gc,phases      ] GC(531)   Merge Heap Roots: 0.86ms
[238.579s][info][gc,phases      ] GC(531)   Evacuate Collection Set: 107.05ms
[238.579s][info][gc,phases      ] GC(531)   Post Evacuate Collection Set: 0.56ms
[238.579s][info][gc,phases      ] GC(531)   Other: 0.12ms
[238.579s][info][gc,heap        ] GC(531) Eden regions: 201->0(187)
[238.579s][info][gc,heap        ] GC(531) Survivor regions: 28->29(29)
[238.579s][info][gc,heap        ] GC(531) Old regions: 622->634
[238.579s][info][gc,heap        ] GC(531) Humongous regions: 9->9
[238.579s][info][gc,metaspace   ] GC(531) Metaspace: 18756K(18944K)->18756K(18944K) NonClass: 16090K(16192K)->16090K(16192K) Class: 2666K(2752K)->2666K(2752K)
[238.579s][info][gc             ] GC(531) Pause Young (Mixed) (G1 Evacuation Pause) 858M->671M(960M) 109.392ms
[238.579s][info][gc,cpu         ] GC(531) User=0.21s Sys=0.00s Real=0.11s
[238.745s][info][gc,start       ] GC(532) Pause Young (Concurrent Start) (G1 Evacuation Pause)
[238.745s][info][gc,task        ] GC(532) Using 2 workers of 2 for evacuation
[238.781s][info][gc,phases      ] GC(532)   Pre Evacuate Collection Set: 0.35ms
[238.781s][info][gc,phases      ] GC(532)   Merge Heap Roots: 0.17ms
[238.781s][info][gc,phases      ] GC(532)   Evacuate Collection Set: 34.74ms
[238.781s][info][gc,phases      ] GC(532)   Post Evacuate Collection Set: 0.40ms
[238.781s][info][gc,phases      ] GC(532)   Other: 0.10ms
[238.781s][info][gc,heap        ] GC(532) Eden regions: 187->0(197)
[238.781s][info][gc,heap        ] GC(532) Survivor regions: 29->5(27)
[238.781s][info][gc,heap        ] GC(532) Old regions: 634->663
[238.781s][info][gc,heap        ] GC(532) Humongous regions: 9->9
[238.781s][info][gc,metaspace   ] GC(532) Metaspace: 18756K(18944K)->18756K(18944K) NonClass: 16090K(16192K)->16090K(16192K) Class: 2666K(2752K)->2666K(2752K)
[238.781s][info][gc             ] GC(532) Pause Young (Concurrent Start) (G1 Evacuation Pause) 858M->676M(960M) 36.010ms
[238.781s][info][gc,cpu         ] GC(532) User=0.07s Sys=0.00s Real=0.03s
[238.781s][info][gc             ] GC(533) Concurrent Mark Cycle
[238.781s][info][gc,marking     ] GC(533) Concurrent Scan Root Regions
[238.849s][info][gc,marking     ] GC(533) Concurrent Scan Root Regions 67.951ms
[238.849s][info][gc,marking     ] GC(533) Concurrent Mark
[238.849s][info][gc,marking     ] GC(533) Concurrent Mark From Roots
[238.849s][info][gc,task        ] GC(533) Using 1 workers of 1 for marking
[239.136s][info][gc,start       ] GC(534) Pause Young (Normal) (G1 Evacuation Pause)
[239.136s][info][gc,task        ] GC(534) Using 2 workers of 2 for evacuation
[239.153s][info][gc,phases      ] GC(534)   Pre Evacuate Collection Set: 0.31ms
[239.153s][info][gc,phases      ] GC(534)   Merge Heap Roots: 0.23ms
[239.153s][info][gc,phases      ] GC(534)   Evacuate Collection Set: 15.52ms
[239.153s][info][gc,phases      ] GC(534)   Post Evacuate Collection Set: 0.57ms
[239.153s][info][gc,phases      ] GC(534)   Other: 0.08ms
[239.153s][info][gc,heap        ] GC(534) Eden regions: 197->0(211)
[239.153s][info][gc,heap        ] GC(534) Survivor regions: 5->9(26)
[239.153s][info][gc,heap        ] GC(534) Old regions: 663->663
[239.153s][info][gc,heap        ] GC(534) Humongous regions: 9->9
[239.153s][info][gc,metaspace   ] GC(534) Metaspace: 18756K(18944K)->18756K(18944K) NonClass: 16090K(16192K)->16090K(16192K) Class: 2666K(2752K)->2666K(2752K)
[239.153s][info][gc             ] GC(534) Pause Young (Normal) (G1 Evacuation Pause) 873M->680M(968M) 16.973ms
[239.153s][info][gc,cpu         ] GC(534) User=0.04s Sys=0.00s Real=0.02s
[239.635s][info][gc,start       ] GC(535) Pause Young (Normal) (G1 Evacuation Pause)
[239.635s][info][gc,task        ] GC(535) Using 2 workers of 2 for evacuation
[239.678s][info][gc,phases      ] GC(535)   Pre Evacuate Collection Set: 0.30ms
[239.678s][info][gc,phases      ] GC(535)   Merge Heap Roots: 0.29ms
[239.678s][info][gc,phases      ] GC(535)   Evacuate Collection Set: 41.50ms
[239.678s][info][gc,phases      ] GC(535)   Post Evacuate Collection Set: 0.47ms
[239.678s][info][gc,phases      ] GC(535)   Other: 0.09ms
[239.678s][info][gc,heap        ] GC(535) Eden regions: 211->0(184)
[239.678s][info][gc,heap        ] GC(535) Survivor regions: 9->28(28)
[239.678s][info][gc,heap        ] GC(535) Old regions: 663->670
[239.678s][info][gc,heap        ] GC(535) Humongous regions: 9->9
[239.678s][info][gc,metaspace   ] GC(535) Metaspace: 18756K(18944K)->18756K(18944K) NonClass: 16090K(16192K)->16090K(16192K) Class: 2666K(2752K)->2666K(2752K)
[239.678s][info][gc             ] GC(535) Pause Young (Normal) (G1 Evacuation Pause) 891M->706M(968M) 42.879ms
[239.678s][info][gc,cpu         ] GC(535) User=0.09s Sys=0.00s Real=0.04s
[240.373s][info][gc,marking     ] GC(533) Concurrent Mark From Roots 1524.102ms
[240.373s][info][gc,marking     ] GC(533) Concurrent Preclean
[240.373s][info][gc,marking     ] GC(533) Concurrent Preclean 0.036ms
[240.373s][info][gc,start       ] GC(533) Pause Remark
[240.381s][info][gc             ] GC(533) Pause Remark 878M->749M(968M) 7.478ms
[240.381s][info][gc,cpu         ] GC(533) User=0.01s Sys=0.00s Real=0.00s
[240.381s][info][gc,marking     ] GC(533) Concurrent Mark 1531.970ms
[240.381s][info][gc,marking     ] GC(533) Concurrent Rebuild Remembered Sets and Scrub Regions
[240.459s][info][gc,start       ] GC(536) Pause Young (Normal) (G1 Evacuation Pause)
[240.459s][info][gc,task        ] GC(536) Using 2 workers of 2 for evacuation
[240.510s][info][gc,phases      ] GC(536)   Pre Evacuate Collection Set: 0.29ms
[240.510s][info][gc,phases      ] GC(536)   Merge Heap Roots: 0.50ms
[240.510s][info][gc,phases      ] GC(536)   Evacuate Collection Set: 49.97ms
[240.510s][info][gc,phases      ] GC(536)   Post Evacuate Collection Set: 0.41ms
[240.510s][info][gc,phases      ] GC(536)   Other: 0.08ms
[240.510s][info][gc,heap        ] GC(536) Eden regions: 184->0(295)
[240.510s][info][gc,heap        ] GC(536) Survivor regions: 28->1(27)
[240.510s][info][gc,heap        ] GC(536) Old regions: 544->572
[240.510s][info][gc,heap        ] GC(536) Humongous regions: 6->6
[240.510s][info][gc,metaspace   ] GC(536) Metaspace: 18756K(18944K)->18756K(18944K) NonClass: 16090K(16192K)->16090K(16192K) Class: 2666K(2752K)->2666K(2752K)
[240.510s][info][gc             ] GC(536) Pause Young (Normal) (G1 Evacuation Pause) 761M->578M(968M) 51.492ms
[240.510s][info][gc,cpu         ] GC(536) User=0.11s Sys=0.00s Real=0.05s
[240.849s][info][gc,marking     ] GC(533) Concurrent Rebuild Remembered Sets and Scrub Regions 468.219ms
[240.849s][info][gc,start       ] GC(533) Pause Cleanup
[240.850s][info][gc             ] GC(533) Pause Cleanup 675M->675M(968M) 0.128ms
[240.850s][info][gc,cpu         ] GC(533) User=0.00s Sys=0.00s Real=0.00s
[240.850s][info][gc,marking     ] GC(533) Concurrent Clear Claimed Marks
[240.850s][info][gc,marking     ] GC(533) Concurrent Clear Claimed Marks 0.035ms
[240.850s][info][gc,marking     ] GC(533) Concurrent Cleanup for Next Mark
[240.853s][info][gc,marking     ] GC(533) Concurrent Cleanup for Next Mark 2.959ms
[240.853s][info][gc             ] GC(533) Concurrent Mark Cycle 2072.095ms
[241.023s][info][gc,start       ] GC(537) Pause Young (Prepare Mixed) (G1 Evacuation Pause)
[241.023s][info][gc,task        ] GC(537) Using 2 workers of 2 for evacuation
[241.084s][info][gc,phases      ] GC(537)   Pre Evacuate Collection Set: 0.51ms
[241.084s][info][gc,phases      ] GC(537)   Merge Heap Roots: 0.14ms
[241.084s][info][gc,phases      ] GC(537)   Evacuate Collection Set: 59.13ms
[241.084s][info][gc,phases      ] GC(537)   Post Evacuate Collection Set: 0.74ms
[241.084s][info][gc,phases      ] GC(537)   Other: 0.09ms
[241.084s][info][gc,heap        ] GC(537) Eden regions: 295->0(213)
[241.084s][info][gc,heap        ] GC(537) Survivor regions: 1->37(37)
[241.084s][info][gc,heap        ] GC(537) Old regions: 572->603
[241.084s][info][gc,heap        ] GC(537) Humongous regions: 6->6
[241.084s][info][gc,metaspace   ] GC(537) Metaspace: 18757K(18944K)->18757K(18944K) NonClass: 16091K(16192K)->16091K(16192K) Class: 2666K(2752K)->2666K(2752K)
[241.084s][info][gc             ] GC(537) Pause Young (Prepare Mixed) (G1 Evacuation Pause) 873M->645M(968M) 60.821ms
[241.084s][info][gc,cpu         ] GC(537) User=0.12s Sys=0.00s Real=0.06s
[241.421s][info][gc,start       ] GC(538) Pause Young (Mixed) (G1 Evacuation Pause)
[241.421s][info][gc,task        ] GC(538) Using 2 workers of 2 for evacuation
[241.499s][info][gc,phases      ] GC(538)   Pre Evacuate Collection Set: 0.54ms
[241.499s][info][gc,phases      ] GC(538)   Merge Heap Roots: 0.44ms
[241.499s][info][gc,phases      ] GC(538)   Evacuate Collection Set: 76.36ms
[241.499s][info][gc,phases      ] GC(538)   Post Evacuate Collection Set: 0.61ms
[241.499s][info][gc,phases      ] GC(538)   Other: 0.10ms
[241.499s][info][gc,heap        ] GC(538) Eden regions: 213->0(213)
[241.499s][info][gc,heap        ] GC(538) Survivor regions: 37->23(32)
[241.499s][info][gc,heap        ] GC(538) Old regions: 603->621
[241.499s][info][gc,heap        ] GC(538) Humongous regions: 9->9
[241.499s][info][gc,metaspace   ] GC(538) Metaspace: 18757K(18944K)->18757K(18944K) NonClass: 16091K(16192K)->16091K(16192K) Class: 2666K(2752K)->2666K(2752K)
[241.499s][info][gc             ] GC(538) Pause Young (Mixed) (G1 Evacuation Pause) 861M->652M(968M) 78.281ms
[241.499s][info][gc,cpu         ] GC(538) User=0.16s Sys=0.00s Real=0.08s
[241.754s][info][gc,start       ] GC(539) Pause Young (Concurrent Start) (G1 Evacuation Pause)
[241.754s][info][gc,task        ] GC(539) Using 2 workers of 2 for evacuation
[241.834s][info][gc,phases      ] GC(539)   Pre Evacuate Collection Set: 0.31ms
[241.834s][info][gc,phases      ] GC(539)   Merge Heap Roots: 0.36ms
[241.834s][info][gc,phases      ] GC(539)   Evacuate Collection Set: 78.46ms
[241.834s][info][gc,phases      ] GC(539)   Post Evacuate Collection Set: 0.48ms
[241.834s][info][gc,phases      ] GC(539)   Other: 0.09ms
[241.834s][info][gc,heap        ] GC(539) Eden regions: 213->0(182)
[241.834s][info][gc,heap        ] GC(539) Survivor regions: 23->30(30)
[241.834s][info][gc,heap        ] GC(539) Old regions: 621->651
[241.834s][info][gc,heap        ] GC(539) Humongous regions: 9->9
[241.834s][info][gc,metaspace   ] GC(539) Metaspace: 18757K(18944K)->18757K(18944K) NonClass: 16091K(16192K)->16091K(16192K) Class: 2666K(2752K)->2666K(2752K)
[241.834s][info][gc             ] GC(539) Pause Young (Concurrent Start) (G1 Evacuation Pause) 865M->689M(968M) 79.988ms
[241.834s][info][gc,cpu         ] GC(539) User=0.16s Sys=0.00s Real=0.08s
[241.834s][info][gc             ] GC(540) Concurrent Mark Cycle
[241.834s][info][gc,marking     ] GC(540) Concurrent Scan Root Regions
[241.940s][info][gc,marking     ] GC(540) Concurrent Scan Root Regions 106.106ms
[241.940s][info][gc,marking     ] GC(540) Concurrent Mark
[241.940s][info][gc,marking     ] GC(540) Concurrent Mark From Roots
[241.940s][info][gc,task        ] GC(540) Using 1 workers of 1 for marking
[242.119s][info][gc,start       ] GC(541) Pause Young (Normal) (G1 Evacuation Pause)
[242.119s][info][gc,task        ] GC(541) Using 2 workers of 2 for evacuation
[242.153s][info][gc,phases      ] GC(541)   Pre Evacuate Collection Set: 0.32ms
[242.153s][info][gc,phases      ] GC(541)   Merge Heap Roots: 0.19ms
[242.153s][info][gc,phases      ] GC(541)   Evacuate Collection Set: 32.43ms
[242.153s][info][gc,phases      ] GC(541)   Post Evacuate Collection Set: 0.38ms
[242.153s][info][gc,phases      ] GC(541)   Other: 0.09ms
[242.153s][info][gc,heap        ] GC(541) Eden regions: 182->0(193)
[242.153s][info][gc,heap        ] GC(541) Survivor regions: 30->2(27)
[242.153s][info][gc,heap        ] GC(541) Old regions: 651->682
[242.153s][info][gc,heap        ] GC(541) Humongous regions: 9->9
[242.153s][info][gc,metaspace   ] GC(541) Metaspace: 18757K(18944K)->18757K(18944K) NonClass: 16091K(16192K)->16091K(16192K) Class: 2666K(2752K)->2666K(2752K)
[242.153s][info][gc             ] GC(541) Pause Young (Normal) (G1 Evacuation Pause) 871M->692M(968M) 33.730ms
[242.153s][info][gc,cpu         ] GC(541) User=0.07s Sys=0.00s Real=0.04s
[242.478s][info][gc,start       ] GC(542) Pause Young (Normal) (G1 Evacuation Pause)
[242.478s][info][gc,task        ] GC(542) Using 2 workers of 2 for evacuation
[242.491s][info][gc,phases      ] GC(542)   Pre Evacuate Collection Set: 0.50ms
[242.492s][info][gc,phases      ] GC(542)   Merge Heap Roots: 0.20ms
[242.492s][info][gc,phases      ] GC(542)   Evacuate Collection Set: 12.23ms
[242.492s][info][gc,phases      ] GC(542)   Post Evacuate Collection Set: 0.50ms
[242.492s][info][gc,phases      ] GC(542)   Other: 0.09ms
[242.492s][info][gc,heap        ] GC(542) Eden regions: 193->0(201)
[242.492s][info][gc,heap        ] GC(542) Survivor regions: 2->7(25)
[242.492s][info][gc,heap        ] GC(542) Old regions: 682->682
[242.492s][info][gc,heap        ] GC(542) Humongous regions: 9->9
[242.492s][info][gc,metaspace   ] GC(542) Metaspace: 18757K(18944K)->18757K(18944K) NonClass: 16091K(16192K)->16091K(16192K) Class: 2666K(2752K)->2666K(2752K)
[242.492s][info][gc             ] GC(542) Pause Young (Normal) (G1 Evacuation Pause) 885M->696M(971M) 13.718ms
[242.492s][info][gc,cpu         ] GC(542) User=0.03s Sys=0.00s Real=0.01s
[242.926s][info][gc,start       ] GC(543) Pause Young (Normal) (G1 Evacuation Pause)
[242.926s][info][gc,task        ] GC(543) Using 2 workers of 2 for evacuation
[242.963s][info][gc,phases      ] GC(543)   Pre Evacuate Collection Set: 0.49ms
[242.963s][info][gc,phases      ] GC(543)   Merge Heap Roots: 0.19ms
[242.963s][info][gc,phases      ] GC(543)   Evacuate Collection Set: 35.67ms
[242.963s][info][gc,phases      ] GC(543)   Post Evacuate Collection Set: 0.47ms
[242.963s][info][gc,phases      ] GC(543)   Other: 0.10ms
[242.963s][info][gc,heap        ] GC(543) Eden regions: 201->0(172)
[242.963s][info][gc,heap        ] GC(543) Survivor regions: 7->26(26)
[242.963s][info][gc,heap        ] GC(543) Old regions: 682->688
[242.963s][info][gc,heap        ] GC(543) Humongous regions: 9->9
[242.963s][info][gc,metaspace   ] GC(543) Metaspace: 18757K(18944K)->18757K(18944K) NonClass: 16091K(16192K)->16091K(16192K) Class: 2666K(2752K)->2666K(2752K)
[242.963s][info][gc             ] GC(543) Pause Young (Normal) (G1 Evacuation Pause) 897M->722M(971M) 37.124ms
[242.963s][info][gc,cpu         ] GC(543) User=0.07s Sys=0.00s Real=0.04s
[243.738s][info][gc,start       ] GC(544) Pause Young (Normal) (G1 Evacuation Pause)
[243.738s][info][gc,task        ] GC(544) Using 2 workers of 2 for evacuation
[243.779s][info][gc,phases      ] GC(544)   Pre Evacuate Collection Set: 0.29ms
[243.779s][info][gc,phases      ] GC(544)   Merge Heap Roots: 0.51ms
[243.779s][info][gc,phases      ] GC(544)   Evacuate Collection Set: 39.30ms
[243.779s][info][gc,phases      ] GC(544)   Post Evacuate Collection Set: 0.41ms
[243.779s][info][gc,phases      ] GC(544)   Other: 0.08ms
[243.779s][info][gc,heap        ] GC(544) Eden regions: 172->0(187)
[243.779s][info][gc,heap        ] GC(544) Survivor regions: 26->2(25)
[243.779s][info][gc,heap        ] GC(544) Old regions: 688->715
[243.779s][info][gc,heap        ] GC(544) Humongous regions: 9->9
[243.779s][info][gc,metaspace   ] GC(544) Metaspace: 18759K(18944K)->18759K(18944K) NonClass: 16093K(16192K)->16093K(16192K) Class: 2666K(2752K)->2666K(2752K)
[243.779s][info][gc             ] GC(544) Pause Young (Normal) (G1 Evacuation Pause) 894M->724M(971M) 40.782ms
[243.779s][info][gc,cpu         ] GC(544) User=0.08s Sys=0.00s Real=0.04s
[243.787s][info][gc,marking     ] GC(540) Concurrent Mark From Roots 1846.844ms
[243.787s][info][gc,marking     ] GC(540) Concurrent Preclean
[243.787s][info][gc,marking     ] GC(540) Concurrent Preclean 0.033ms
[243.787s][info][gc,start       ] GC(540) Pause Remark
[243.795s][info][gc             ] GC(540) Pause Remark 725M->714M(978M) 7.439ms
[243.795s][info][gc,cpu         ] GC(540) User=0.01s Sys=0.00s Real=0.01s
[243.797s][info][gc,marking     ] GC(540) Concurrent Mark 1856.821ms
[243.797s][info][gc,marking     ] GC(540) Concurrent Rebuild Remembered Sets and Scrub Regions
[244.208s][info][gc,start       ] GC(545) Pause Young (Normal) (G1 Evacuation Pause)
[244.208s][info][gc,task        ] GC(545) Using 2 workers of 2 for evacuation
[244.220s][info][gc,phases      ] GC(545)   Pre Evacuate Collection Set: 0.50ms
[244.220s][info][gc,phases      ] GC(545)   Merge Heap Roots: 0.13ms
[244.220s][info][gc,phases      ] GC(545)   Evacuate Collection Set: 10.21ms
[244.220s][info][gc,phases      ] GC(545)   Post Evacuate Collection Set: 0.41ms
[244.220s][info][gc,phases      ] GC(545)   Other: 0.10ms
[244.220s][info][gc,heap        ] GC(545) Eden regions: 187->0(195)
[244.220s][info][gc,heap        ] GC(545) Survivor regions: 2->10(24)
[244.220s][info][gc,heap        ] GC(545) Old regions: 705->705
[244.220s][info][gc,heap        ] GC(545) Humongous regions: 8->8
[244.220s][info][gc,metaspace   ] GC(545) Metaspace: 18759K(18944K)->18759K(18944K) NonClass: 16093K(16192K)->16093K(16192K) Class: 2666K(2752K)->2666K(2752K)
[244.220s][info][gc             ] GC(545) Pause Young (Normal) (G1 Evacuation Pause) 900M->722M(978M) 11.562ms
[244.220s][info][gc,cpu         ] GC(545) User=0.02s Sys=0.00s Real=0.01s
[244.339s][info][gc,marking     ] GC(540) Concurrent Rebuild Remembered Sets and Scrub Regions 542.389ms
[244.340s][info][gc,start       ] GC(540) Pause Cleanup
[244.340s][info][gc             ] GC(540) Pause Cleanup 794M->794M(978M) 0.108ms
[244.340s][info][gc,cpu         ] GC(540) User=0.00s Sys=0.00s Real=0.00s
[244.340s][info][gc,marking     ] GC(540) Concurrent Clear Claimed Marks
[244.340s][info][gc,marking     ] GC(540) Concurrent Clear Claimed Marks 0.048ms
[244.340s][info][gc,marking     ] GC(540) Concurrent Cleanup for Next Mark
[244.345s][info][gc,marking     ] GC(540) Concurrent Cleanup for Next Mark 4.978ms
[244.345s][info][gc             ] GC(540) Concurrent Mark Cycle 2511.441ms
[244.486s][info][gc,start       ] GC(546) Pause Young (Prepare Mixed) (G1 Evacuation Pause)
[244.486s][info][gc,task        ] GC(546) Using 2 workers of 2 for evacuation
[244.519s][info][gc,phases      ] GC(546)   Pre Evacuate Collection Set: 0.37ms
[244.520s][info][gc,phases      ] GC(546)   Merge Heap Roots: 0.11ms
[244.520s][info][gc,phases      ] GC(546)   Evacuate Collection Set: 32.75ms
[244.520s][info][gc,phases      ] GC(546)   Post Evacuate Collection Set: 0.47ms
[244.520s][info][gc,phases      ] GC(546)   Other: 0.09ms
[244.520s][info][gc,heap        ] GC(546) Eden regions: 195->0(158)
[244.520s][info][gc,heap        ] GC(546) Survivor regions: 10->26(26)
[244.520s][info][gc,heap        ] GC(546) Old regions: 705->710
[244.520s][info][gc,heap        ] GC(546) Humongous regions: 8->8
[244.520s][info][gc,metaspace   ] GC(546) Metaspace: 18759K(18944K)->18759K(18944K) NonClass: 16093K(16192K)->16093K(16192K) Class: 2666K(2752K)->2666K(2752K)
[244.520s][info][gc             ] GC(546) Pause Young (Prepare Mixed) (G1 Evacuation Pause) 917M->743M(978M) 33.988ms
[244.520s][info][gc,cpu         ] GC(546) User=0.06s Sys=0.00s Real=0.03s
[244.685s][info][gc,start       ] GC(547) Pause Young (Mixed) (G1 Evacuation Pause)
[244.686s][info][gc,task        ] GC(547) Using 2 workers of 2 for evacuation
[244.722s][info][gc,phases      ] GC(547)   Pre Evacuate Collection Set: 0.32ms
[244.722s][info][gc,phases      ] GC(547)   Merge Heap Roots: 0.17ms
[244.722s][info][gc,phases      ] GC(547)   Evacuate Collection Set: 35.51ms
[244.722s][info][gc,phases      ] GC(547)   Post Evacuate Collection Set: 0.44ms
[244.722s][info][gc,phases      ] GC(547)   Other: 0.08ms
[244.722s][info][gc,heap        ] GC(547) Eden regions: 158->0(178)
[244.722s][info][gc,heap        ] GC(547) Survivor regions: 26->10(23)
[244.722s][info][gc,heap        ] GC(547) Old regions: 710->722
[244.722s][info][gc,heap        ] GC(547) Humongous regions: 8->8
[244.722s][info][gc,metaspace   ] GC(547) Metaspace: 18762K(18944K)->18762K(18944K) NonClass: 16096K(16192K)->16096K(16192K) Class: 2666K(2752K)->2666K(2752K)
[244.722s][info][gc             ] GC(547) Pause Young (Mixed) (G1 Evacuation Pause) 901M->739M(978M) 36.778ms
[244.722s][info][gc,cpu         ] GC(547) User=0.07s Sys=0.00s Real=0.03s
[245.069s][info][gc,start       ] GC(548) Pause Young (Concurrent Start) (G1 Evacuation Pause)
[245.069s][info][gc,task        ] GC(548) Using 2 workers of 2 for evacuation
[245.082s][info][gc,phases      ] GC(548)   Pre Evacuate Collection Set: 0.31ms
[245.082s][info][gc,phases      ] GC(548)   Merge Heap Roots: 0.11ms
[245.082s][info][gc,phases      ] GC(548)   Evacuate Collection Set: 12.41ms
[245.082s][info][gc,phases      ] GC(548)   Post Evacuate Collection Set: 0.39ms
[245.082s][info][gc,phases      ] GC(548)   Other: 0.10ms
[245.082s][info][gc,heap        ] GC(548) Eden regions: 178->0(174)
[245.082s][info][gc,heap        ] GC(548) Survivor regions: 10->12(24)
[245.082s][info][gc,heap        ] GC(548) Old regions: 722->722
[245.082s][info][gc,heap        ] GC(548) Humongous regions: 8->8
[245.082s][info][gc,metaspace   ] GC(548) Metaspace: 18762K(18944K)->18762K(18944K) NonClass: 16096K(16192K)->16096K(16192K) Class: 2666K(2752K)->2666K(2752K)
[245.082s][info][gc             ] GC(548) Pause Young (Concurrent Start) (G1 Evacuation Pause) 917M->741M(978M) 13.558ms
[245.083s][info][gc,cpu         ] GC(548) User=0.02s Sys=0.00s Real=0.01s
[245.083s][info][gc             ] GC(549) Concurrent Mark Cycle
[245.083s][info][gc,marking     ] GC(549) Concurrent Scan Root Regions
[245.105s][info][gc,marking     ] GC(549) Concurrent Scan Root Regions 22.523ms
[245.105s][info][gc,marking     ] GC(549) Concurrent Mark
[245.105s][info][gc,marking     ] GC(549) Concurrent Mark From Roots
[245.105s][info][gc,task        ] GC(549) Using 1 workers of 1 for marking
[245.473s][info][gc,start       ] GC(550) Pause Young (Normal) (G1 Evacuation Pause)
[245.473s][info][gc,task        ] GC(550) Using 2 workers of 2 for evacuation
[245.500s][info][gc,phases      ] GC(550)   Pre Evacuate Collection Set: 0.33ms
[245.500s][info][gc,phases      ] GC(550)   Merge Heap Roots: 0.12ms
[245.500s][info][gc,phases      ] GC(550)   Evacuate Collection Set: 26.30ms
[245.500s][info][gc,phases      ] GC(550)   Post Evacuate Collection Set: 0.41ms
[245.500s][info][gc,phases      ] GC(550)   Other: 0.08ms
[245.500s][info][gc,heap        ] GC(550) Eden regions: 174->0(148)
[245.500s][info][gc,heap        ] GC(550) Survivor regions: 12->24(24)
[245.500s][info][gc,heap        ] GC(550) Old regions: 722->724
[245.500s][info][gc,heap        ] GC(550) Humongous regions: 8->8
[245.500s][info][gc,metaspace   ] GC(550) Metaspace: 18762K(18944K)->18762K(18944K) NonClass: 16096K(16192K)->16096K(16192K) Class: 2666K(2752K)->2666K(2752K)
[245.500s][info][gc             ] GC(550) Pause Young (Normal) (G1 Evacuation Pause) 915M->755M(978M) 27.505ms
[245.500s][info][gc,cpu         ] GC(550) User=0.05s Sys=0.01s Real=0.03s
[245.760s][info][gc,start       ] GC(551) Pause Young (Normal) (G1 Evacuation Pause)
[245.760s][info][gc,task        ] GC(551) Using 2 workers of 2 for evacuation
[245.814s][info][gc,phases      ] GC(551)   Pre Evacuate Collection Set: 0.31ms
[245.814s][info][gc,phases      ] GC(551)   Merge Heap Roots: 0.13ms
[245.814s][info][gc,phases      ] GC(551)   Evacuate Collection Set: 52.55ms
[245.814s][info][gc,phases      ] GC(551)   Post Evacuate Collection Set: 0.46ms
[245.814s][info][gc,phases      ] GC(551)   Other: 0.08ms
[245.814s][info][gc,heap        ] GC(551) Eden regions: 148->0(116)
[245.814s][info][gc,heap        ] GC(551) Survivor regions: 24->22(22)
[245.814s][info][gc,heap        ] GC(551) Old regions: 724->760
[245.814s][info][gc,heap        ] GC(551) Humongous regions: 8->8
[245.814s][info][gc,metaspace   ] GC(551) Metaspace: 18762K(18944K)->18762K(18944K) NonClass: 16096K(16192K)->16096K(16192K) Class: 2666K(2752K)->2666K(2752K)
[245.814s][info][gc             ] GC(551) Pause Young (Normal) (G1 Evacuation Pause) 903M->789M(978M) 53.813ms
[245.814s][info][gc,cpu         ] GC(551) User=0.11s Sys=0.00s Real=0.06s
[245.965s][info][gc,start       ] GC(552) Pause Young (Normal) (G1 Evacuation Pause)
[245.966s][info][gc,task        ] GC(552) Using 2 workers of 2 for evacuation
[246.019s][info][gc,phases      ] GC(552)   Pre Evacuate Collection Set: 0.30ms
[246.019s][info][gc,phases      ] GC(552)   Merge Heap Roots: 0.22ms
[246.019s][info][gc,phases      ] GC(552)   Evacuate Collection Set: 52.62ms
[246.019s][info][gc,phases      ] GC(552)   Post Evacuate Collection Set: 0.47ms
[246.019s][info][gc,phases      ] GC(552)   Other: 0.07ms
[246.019s][info][gc,heap        ] GC(552) Eden regions: 116->0(82)
[246.019s][info][gc,heap        ] GC(552) Survivor regions: 22->18(18)
[246.019s][info][gc,heap        ] GC(552) Old regions: 760->802
[246.019s][info][gc,heap        ] GC(552) Humongous regions: 8->8
[246.019s][info][gc,metaspace   ] GC(552) Metaspace: 18762K(18944K)->18762K(18944K) NonClass: 16096K(16192K)->16096K(16192K) Class: 2666K(2752K)->2666K(2752K)
[246.019s][info][gc             ] GC(552) Pause Young (Normal) (G1 Evacuation Pause) 905M->827M(978M) 53.934ms
[246.019s][info][gc,cpu         ] GC(552) User=0.11s Sys=0.00s Real=0.05s
[246.256s][info][gc,start       ] GC(553) Pause Young (Normal) (G1 Evacuation Pause)
[246.256s][info][gc,task        ] GC(553) Using 2 workers of 2 for evacuation
[246.281s][info][gc,phases      ] GC(553)   Pre Evacuate Collection Set: 0.31ms
[246.281s][info][gc,phases      ] GC(553)   Merge Heap Roots: 0.32ms
[246.281s][info][gc,phases      ] GC(553)   Evacuate Collection Set: 23.93ms
[246.281s][info][gc,phases      ] GC(553)   Post Evacuate Collection Set: 0.35ms
[246.281s][info][gc,phases      ] GC(553)   Other: 0.07ms
[246.281s][info][gc,heap        ] GC(553) Eden regions: 82->0(94)
[246.281s][info][gc,heap        ] GC(553) Survivor regions: 18->3(13)
[246.281s][info][gc,heap        ] GC(553) Old regions: 802->820
[246.281s][info][gc,heap        ] GC(553) Humongous regions: 8->8
[246.281s][info][gc,metaspace   ] GC(553) Metaspace: 18762K(18944K)->18762K(18944K) NonClass: 16096K(16192K)->16096K(16192K) Class: 2666K(2752K)->2666K(2752K)
[246.281s][info][gc             ] GC(553) Pause Young (Normal) (G1 Evacuation Pause) 909M->830M(978M) 25.235ms
[246.281s][info][gc,cpu         ] GC(553) User=0.05s Sys=0.00s Real=0.02s
[246.409s][info][gc,marking     ] GC(549) Concurrent Mark From Roots 1304.068ms
[246.409s][info][gc,marking     ] GC(549) Concurrent Preclean
[246.409s][info][gc,marking     ] GC(549) Concurrent Preclean 0.051ms
[246.409s][info][gc,start       ] GC(549) Pause Remark
[246.417s][info][gc             ] GC(549) Pause Remark 911M->654M(978M) 7.428ms
[246.417s][info][gc,cpu         ] GC(549) User=0.01s Sys=0.00s Real=0.01s
[246.417s][info][gc,marking     ] GC(549) Concurrent Mark 1311.887ms
[246.417s][info][gc,marking     ] GC(549) Concurrent Rebuild Remembered Sets and Scrub Regions
[246.453s][info][gc,start       ] GC(554) Pause Young (Normal) (G1 Evacuation Pause)
[246.453s][info][gc,task        ] GC(554) Using 2 workers of 2 for evacuation
[246.470s][info][gc,phases      ] GC(554)   Pre Evacuate Collection Set: 0.43ms
[246.470s][info][gc,phases      ] GC(554)   Merge Heap Roots: 0.30ms
[246.470s][info][gc,phases      ] GC(554)   Evacuate Collection Set: 15.48ms
[246.470s][info][gc,phases      ] GC(554)   Post Evacuate Collection Set: 0.42ms
[246.470s][info][gc,phases      ] GC(554)   Other: 0.08ms
[246.470s][info][gc,heap        ] GC(554) Eden regions: 94->0(301)
[246.470s][info][gc,heap        ] GC(554) Survivor regions: 3->5(13)
[246.470s][info][gc,heap        ] GC(554) Old regions: 567->567
[246.470s][info][gc,heap        ] GC(554) Humongous regions: 4->4
[246.470s][info][gc,metaspace   ] GC(554) Metaspace: 18762K(18944K)->18762K(18944K) NonClass: 16096K(16192K)->16096K(16192K) Class: 2666K(2752K)->2666K(2752K)
[246.470s][info][gc             ] GC(554) Pause Young (Normal) (G1 Evacuation Pause) 667M->575M(978M) 16.883ms
[246.470s][info][gc,cpu         ] GC(554) User=0.04s Sys=0.00s Real=0.01s
[246.864s][info][gc,marking     ] GC(549) Concurrent Rebuild Remembered Sets and Scrub Regions 446.893ms
[246.869s][info][gc,start       ] GC(549) Pause Cleanup
[246.869s][info][gc             ] GC(549) Pause Cleanup 760M->760M(978M) 0.172ms
[246.869s][info][gc,cpu         ] GC(549) User=0.00s Sys=0.01s Real=0.00s
[246.869s][info][gc,marking     ] GC(549) Concurrent Clear Claimed Marks
[246.869s][info][gc,marking     ] GC(549) Concurrent Clear Claimed Marks 0.027ms
[246.869s][info][gc,marking     ] GC(549) Concurrent Cleanup for Next Mark
[246.876s][info][gc,marking     ] GC(549) Concurrent Cleanup for Next Mark 6.734ms
[246.876s][info][gc             ] GC(549) Concurrent Mark Cycle 1793.415ms
[247.047s][info][gc,start       ] GC(555) Pause Young (Prepare Mixed) (G1 Evacuation Pause)
[247.047s][info][gc,task        ] GC(555) Using 2 workers of 2 for evacuation
[247.140s][info][gc,phases      ] GC(555)   Pre Evacuate Collection Set: 0.51ms
[247.140s][info][gc,phases      ] GC(555)   Merge Heap Roots: 0.84ms
[247.140s][info][gc,phases      ] GC(555)   Evacuate Collection Set: 90.72ms
[247.140s][info][gc,phases      ] GC(555)   Post Evacuate Collection Set: 0.69ms
[247.140s][info][gc,phases      ] GC(555)   Other: 0.10ms
[247.140s][info][gc,heap        ] GC(555) Eden regions: 301->0(246)
[247.140s][info][gc,heap        ] GC(555) Survivor regions: 5->39(39)
[247.140s][info][gc,heap        ] GC(555) Old regions: 567->586
[247.140s][info][gc,heap        ] GC(555) Humongous regions: 7->7
[247.140s][info][gc,metaspace   ] GC(555) Metaspace: 18762K(18944K)->18762K(18944K) NonClass: 16096K(16192K)->16096K(16192K) Class: 2666K(2752K)->2666K(2752K)
[247.140s][info][gc             ] GC(555) Pause Young (Prepare Mixed) (G1 Evacuation Pause) 879M->631M(978M) 93.121ms
[247.140s][info][gc,cpu         ] GC(555) User=0.19s Sys=0.00s Real=0.09s
[247.353s][info][gc,start       ] GC(556) Pause Young (Mixed) (G1 Evacuation Pause)
[247.353s][info][gc,task        ] GC(556) Using 2 workers of 2 for evacuation
[247.426s][info][gc,phases      ] GC(556)   Pre Evacuate Collection Set: 0.34ms
[247.426s][info][gc,phases      ] GC(556)   Merge Heap Roots: 0.51ms
[247.426s][info][gc,phases      ] GC(556)   Evacuate Collection Set: 71.51ms
[247.426s][info][gc,phases      ] GC(556)   Post Evacuate Collection Set: 0.55ms
[247.426s][info][gc,phases      ] GC(556)   Other: 0.09ms
[247.426s][info][gc,heap        ] GC(556) Eden regions: 246->0(282)
[247.426s][info][gc,heap        ] GC(556) Survivor regions: 39->16(36)
[247.426s][info][gc,heap        ] GC(556) Old regions: 586->568
[247.426s][info][gc,heap        ] GC(556) Humongous regions: 7->7
[247.426s][info][gc,metaspace   ] GC(556) Metaspace: 18762K(18944K)->18762K(18944K) NonClass: 16096K(16192K)->16096K(16192K) Class: 2666K(2752K)->2666K(2752K)
[247.426s][info][gc             ] GC(556) Pause Young (Mixed) (G1 Evacuation Pause) 877M->590M(978M) 73.234ms
[247.426s][info][gc,cpu         ] GC(556) User=0.14s Sys=0.00s Real=0.08s
[247.644s][info][gc,start       ] GC(557) Pause Young (Concurrent Start) (G1 Humongous Allocation)
[247.645s][info][gc,task        ] GC(557) Using 2 workers of 2 for evacuation
[247.709s][info][gc,phases      ] GC(557)   Pre Evacuate Collection Set: 0.35ms
[247.709s][info][gc,phases      ] GC(557)   Merge Heap Roots: 0.18ms
[247.709s][info][gc,phases      ] GC(557)   Evacuate Collection Set: 63.28ms
[247.709s][info][gc,phases      ] GC(557)   Post Evacuate Collection Set: 0.60ms
[247.709s][info][gc,phases      ] GC(557)   Other: 0.22ms
[247.709s][info][gc,heap        ] GC(557) Eden regions: 268->0(246)
[247.709s][info][gc,heap        ] GC(557) Survivor regions: 16->38(38)
[247.709s][info][gc,heap        ] GC(557) Old regions: 568->589
[247.709s][info][gc,heap        ] GC(557) Humongous regions: 7->7
[247.709s][info][gc,metaspace   ] GC(557) Metaspace: 18762K(18944K)->18762K(18944K) NonClass: 16096K(16192K)->16096K(16192K) Class: 2666K(2752K)->2666K(2752K)
[247.709s][info][gc             ] GC(557) Pause Young (Concurrent Start) (G1 Humongous Allocation) 857M->633M(978M) 64.916ms
[247.709s][info][gc             ] GC(558) Concurrent Mark Cycle
[247.709s][info][gc,marking     ] GC(558) Concurrent Scan Root Regions
[247.709s][info][gc,cpu         ] GC(557) User=0.13s Sys=0.00s Real=0.06s
[247.783s][info][gc,marking     ] GC(558) Concurrent Scan Root Regions 73.877ms
[247.783s][info][gc,marking     ] GC(558) Concurrent Mark
[247.783s][info][gc,marking     ] GC(558) Concurrent Mark From Roots
[247.783s][info][gc,task        ] GC(558) Using 1 workers of 1 for marking
[248.377s][info][gc,start       ] GC(559) Pause Young (Normal) (G1 Evacuation Pause)
[248.377s][info][gc,task        ] GC(559) Using 2 workers of 2 for evacuation
[248.455s][info][gc,phases      ] GC(559)   Pre Evacuate Collection Set: 0.31ms
[248.455s][info][gc,phases      ] GC(559)   Merge Heap Roots: 0.37ms
[248.455s][info][gc,phases      ] GC(559)   Evacuate Collection Set: 76.82ms
[248.455s][info][gc,phases      ] GC(559)   Post Evacuate Collection Set: 0.51ms
[248.455s][info][gc,phases      ] GC(559)   Other: 0.09ms
[248.455s][info][gc,heap        ] GC(559) Eden regions: 246->0(225)
[248.455s][info][gc,heap        ] GC(559) Survivor regions: 38->31(36)
[248.455s][info][gc,heap        ] GC(559) Old regions: 589->627
[248.455s][info][gc,heap        ] GC(559) Humongous regions: 8->8
[248.455s][info][gc,metaspace   ] GC(559) Metaspace: 18762K(18944K)->18762K(18944K) NonClass: 16096K(16192K)->16096K(16192K) Class: 2666K(2752K)->2666K(2752K)
[248.455s][info][gc             ] GC(559) Pause Young (Normal) (G1 Evacuation Pause) 880M->665M(978M) 78.379ms
[248.455s][info][gc,cpu         ] GC(559) User=0.16s Sys=0.00s Real=0.08s
[248.744s][info][gc,marking     ] GC(558) Concurrent Mark From Roots 960.826ms
[248.744s][info][gc,marking     ] GC(558) Concurrent Preclean
[248.744s][info][gc,marking     ] GC(558) Concurrent Preclean 0.035ms
[248.744s][info][gc,start       ] GC(558) Pause Remark
[248.752s][info][gc             ] GC(558) Pause Remark 820M->636M(978M) 7.355ms
[248.752s][info][gc,cpu         ] GC(558) User=0.02s Sys=0.00s Real=0.00s
[248.752s][info][gc,marking     ] GC(558) Concurrent Mark 968.536ms
[248.752s][info][gc,marking     ] GC(558) Concurrent Rebuild Remembered Sets and Scrub Regions
[248.878s][info][gc,start       ] GC(560) Pause Young (Normal) (G1 Evacuation Pause)
[248.878s][info][gc,task        ] GC(560) Using 2 workers of 2 for evacuation
[248.928s][info][gc,phases      ] GC(560)   Pre Evacuate Collection Set: 0.47ms
[248.928s][info][gc,phases      ] GC(560)   Merge Heap Roots: 0.41ms
[248.928s][info][gc,phases      ] GC(560)   Evacuate Collection Set: 48.28ms
[248.928s][info][gc,phases      ] GC(560)   Post Evacuate Collection Set: 0.46ms
[248.928s][info][gc,phases      ] GC(560)   Other: 0.09ms
[248.928s][info][gc,heap        ] GC(560) Eden regions: 225->0(329)
[248.928s][info][gc,heap        ] GC(560) Survivor regions: 31->15(32)
[248.928s][info][gc,heap        ] GC(560) Old regions: 446->477
[248.928s][info][gc,heap        ] GC(560) Humongous regions: 5->5
[248.928s][info][gc,metaspace   ] GC(560) Metaspace: 18762K(18944K)->18762K(18944K) NonClass: 16096K(16192K)->16096K(16192K) Class: 2666K(2752K)->2666K(2752K)
[248.928s][info][gc             ] GC(560) Pause Young (Normal) (G1 Evacuation Pause) 706M->496M(978M) 49.945ms
[248.928s][info][gc,cpu         ] GC(560) User=0.09s Sys=0.00s Real=0.05s
[249.120s][info][gc,marking     ] GC(558) Concurrent Rebuild Remembered Sets and Scrub Regions 368.319ms
[249.120s][info][gc,start       ] GC(558) Pause Cleanup
[249.121s][info][gc             ] GC(558) Pause Cleanup 583M->583M(978M) 0.116ms
[249.121s][info][gc,cpu         ] GC(558) User=0.00s Sys=0.00s Real=0.00s
[249.122s][info][gc,marking     ] GC(558) Concurrent Clear Claimed Marks
[249.122s][info][gc,marking     ] GC(558) Concurrent Clear Claimed Marks 0.044ms
[249.122s][info][gc,marking     ] GC(558) Concurrent Cleanup for Next Mark
[249.128s][info][gc,marking     ] GC(558) Concurrent Cleanup for Next Mark 5.933ms
[249.128s][info][gc             ] GC(558) Concurrent Mark Cycle 1418.657ms
[249.613s][info][gc,start       ] GC(561) Pause Young (Prepare Mixed) (G1 Evacuation Pause)
[249.613s][info][gc,task        ] GC(561) Using 2 workers of 2 for evacuation
[249.646s][info][gc,phases      ] GC(561)   Pre Evacuate Collection Set: 0.53ms
[249.646s][info][gc,phases      ] GC(561)   Merge Heap Roots: 0.26ms
[249.646s][info][gc,phases      ] GC(561)   Evacuate Collection Set: 32.11ms
[249.646s][info][gc,phases      ] GC(561)   Post Evacuate Collection Set: 0.56ms
[249.646s][info][gc,phases      ] GC(561)   Other: 0.09ms
[249.646s][info][gc,heap        ] GC(561) Eden regions: 329->0(335)
[249.646s][info][gc,heap        ] GC(561) Survivor regions: 15->29(43)
[249.646s][info][gc,heap        ] GC(561) Old regions: 477->477
[249.646s][info][gc,heap        ] GC(561) Humongous regions: 5->5
[249.646s][info][gc,metaspace   ] GC(561) Metaspace: 18762K(18944K)->18762K(18944K) NonClass: 16096K(16192K)->16096K(16192K) Class: 2666K(2752K)->2666K(2752K)
[249.646s][info][gc             ] GC(561) Pause Young (Prepare Mixed) (G1 Evacuation Pause) 825M->510M(978M) 33.791ms
[249.646s][info][gc,cpu         ] GC(561) User=0.06s Sys=0.00s Real=0.04s
[250.171s][info][gc,start       ] GC(562) Pause Young (Mixed) (G1 Evacuation Pause)
[250.171s][info][gc,task        ] GC(562) Using 2 workers of 2 for evacuation
[250.239s][info][gc,phases      ] GC(562)   Pre Evacuate Collection Set: 0.55ms
[250.239s][info][gc,phases      ] GC(562)   Merge Heap Roots: 0.40ms
[250.239s][info][gc,phases      ] GC(562)   Evacuate Collection Set: 65.35ms
[250.239s][info][gc,phases      ] GC(562)   Post Evacuate Collection Set: 0.65ms
[250.239s][info][gc,phases      ] GC(562)   Other: 0.10ms
[250.239s][info][gc,heap        ] GC(562) Eden regions: 335->0(334)
[250.239s][info][gc,heap        ] GC(562) Survivor regions: 29->46(46)
[250.239s][info][gc,heap        ] GC(562) Old regions: 477->461
[250.239s][info][gc,heap        ] GC(562) Humongous regions: 5->5
[250.239s][info][gc,metaspace   ] GC(562) Metaspace: 18762K(18944K)->18762K(18944K) NonClass: 16096K(16192K)->16096K(16192K) Class: 2666K(2752K)->2666K(2752K)
[250.239s][info][gc             ] GC(562) Pause Young (Mixed) (G1 Evacuation Pause) 845M->511M(978M) 67.252ms
[250.239s][info][gc,cpu         ] GC(562) User=0.13s Sys=0.00s Real=0.07s
[250.592s][info][gc,start       ] GC(563) Pause Young (Concurrent Start) (G1 Humongous Allocation)
[250.592s][info][gc,task        ] GC(563) Using 2 workers of 2 for evacuation
[250.677s][info][gc,phases      ] GC(563)   Pre Evacuate Collection Set: 0.29ms
[250.677s][info][gc,phases      ] GC(563)   Merge Heap Roots: 0.19ms
[250.677s][info][gc,phases      ] GC(563)   Evacuate Collection Set: 83.88ms
[250.677s][info][gc,phases      ] GC(563)   Post Evacuate Collection Set: 0.63ms
[250.677s][info][gc,phases      ] GC(563)   Other: 0.15ms
[250.677s][info][gc,heap        ] GC(563) Eden regions: 297->0(300)
[250.677s][info][gc,heap        ] GC(563) Survivor regions: 46->43(48)
[250.677s][info][gc,heap        ] GC(563) Old regions: 461->507
[250.677s][info][gc,heap        ] GC(563) Humongous regions: 5->5
[250.677s][info][gc,metaspace   ] GC(563) Metaspace: 18762K(18944K)->18762K(18944K) NonClass: 16096K(16192K)->16096K(16192K) Class: 2666K(2752K)->2666K(2752K)
[250.677s][info][gc             ] GC(563) Pause Young (Concurrent Start) (G1 Humongous Allocation) 807M->554M(978M) 85.378ms
[250.677s][info][gc             ] GC(564) Concurrent Mark Cycle
[250.677s][info][gc,marking     ] GC(564) Concurrent Scan Root Regions
[250.678s][info][gc,cpu         ] GC(563) User=0.16s Sys=0.00s Real=0.09s
[250.773s][info][gc,marking     ] GC(564) Concurrent Scan Root Regions 95.723ms
[250.773s][info][gc,marking     ] GC(564) Concurrent Mark
[250.773s][info][gc,marking     ] GC(564) Concurrent Mark From Roots
[250.773s][info][gc,task        ] GC(564) Using 1 workers of 1 for marking
[251.461s][info][gc,marking     ] GC(564) Concurrent Mark From Roots 687.544ms
[251.461s][info][gc,marking     ] GC(564) Concurrent Preclean
[251.461s][info][gc,marking     ] GC(564) Concurrent Preclean 0.037ms
[251.461s][info][gc,start       ] GC(564) Pause Remark
[251.468s][info][gc             ] GC(564) Pause Remark 787M->642M(978M) 7.401ms
[251.468s][info][gc,cpu         ] GC(564) User=0.01s Sys=0.00s Real=0.01s
[251.469s][info][gc,marking     ] GC(564) Concurrent Mark 695.982ms
[251.469s][info][gc,marking     ] GC(564) Concurrent Rebuild Remembered Sets and Scrub Regions
[251.644s][info][gc,start       ] GC(565) Pause Young (Normal) (G1 Evacuation Pause)
[251.644s][info][gc,task        ] GC(565) Using 2 workers of 2 for evacuation
[251.719s][info][gc,phases      ] GC(565)   Pre Evacuate Collection Set: 0.48ms
[251.719s][info][gc,phases      ] GC(565)   Merge Heap Roots: 0.56ms
[251.719s][info][gc,phases      ] GC(565)   Evacuate Collection Set: 73.43ms
[251.719s][info][gc,phases      ] GC(565)   Post Evacuate Collection Set: 0.61ms
[251.719s][info][gc,phases      ] GC(565)   Other: 0.10ms
[251.719s][info][gc,heap        ] GC(565) Eden regions: 300->0(396)
[251.719s][info][gc,heap        ] GC(565) Survivor regions: 43->12(43)
[251.719s][info][gc,heap        ] GC(565) Old regions: 364->407
[251.719s][info][gc,heap        ] GC(565) Humongous regions: 6->6
[251.719s][info][gc,metaspace   ] GC(565) Metaspace: 18762K(18944K)->18762K(18944K) NonClass: 16096K(16192K)->16096K(16192K) Class: 2666K(2752K)->2666K(2752K)
[251.719s][info][gc             ] GC(565) Pause Young (Normal) (G1 Evacuation Pause) 712M->423M(978M) 75.418ms
[251.719s][info][gc,cpu         ] GC(565) User=0.15s Sys=0.00s Real=0.07s
[251.782s][info][gc,marking     ] GC(564) Concurrent Rebuild Remembered Sets and Scrub Regions 312.852ms
[251.782s][info][gc,start       ] GC(564) Pause Cleanup
[251.782s][info][gc             ] GC(564) Pause Cleanup 443M->443M(978M) 0.085ms
[251.782s][info][gc,cpu         ] GC(564) User=0.00s Sys=0.00s Real=0.00s
[251.782s][info][gc,marking     ] GC(564) Concurrent Clear Claimed Marks
[251.782s][info][gc,marking     ] GC(564) Concurrent Clear Claimed Marks 0.028ms
[251.782s][info][gc,marking     ] GC(564) Concurrent Cleanup for Next Mark
[251.785s][info][gc,marking     ] GC(564) Concurrent Cleanup for Next Mark 2.845ms
[251.785s][info][gc             ] GC(564) Concurrent Mark Cycle 1107.855ms
[252.157s][info][gc,start       ] GC(566) Pause Young (Prepare Mixed) (G1 Evacuation Pause)
[252.157s][info][gc,task        ] GC(566) Using 2 workers of 2 for evacuation
[252.237s][info][gc,phases      ] GC(566)   Pre Evacuate Collection Set: 0.30ms
[252.237s][info][gc,phases      ] GC(566)   Merge Heap Roots: 0.41ms
[252.237s][info][gc,phases      ] GC(566)   Evacuate Collection Set: 78.05ms
[252.237s][info][gc,phases      ] GC(566)   Post Evacuate Collection Set: 0.82ms
[252.237s][info][gc,phases      ] GC(566)   Other: 0.10ms
[252.237s][info][gc,heap        ] GC(566) Eden regions: 396->0(336)
[252.237s][info][gc,heap        ] GC(566) Survivor regions: 12->51(51)
[252.237s][info][gc,heap        ] GC(566) Old regions: 407->436
[252.237s][info][gc,heap        ] GC(566) Humongous regions: 6->6
[252.237s][info][gc,metaspace   ] GC(566) Metaspace: 18762K(18944K)->18762K(18944K) NonClass: 16096K(16192K)->16096K(16192K) Class: 2666K(2752K)->2666K(2752K)
[252.237s][info][gc             ] GC(566) Pause Young (Prepare Mixed) (G1 Evacuation Pause) 819M->492M(978M) 79.934ms
[252.237s][info][gc,cpu         ] GC(566) User=0.15s Sys=0.00s Real=0.08s
[252.684s][info][gc,start       ] GC(567) Pause Young (Mixed) (G1 Evacuation Pause)
[252.684s][info][gc,task        ] GC(567) Using 2 workers of 2 for evacuation
[252.774s][info][gc,phases      ] GC(567)   Pre Evacuate Collection Set: 0.55ms
[252.774s][info][gc,phases      ] GC(567)   Merge Heap Roots: 0.56ms
[252.774s][info][gc,phases      ] GC(567)   Evacuate Collection Set: 87.84ms
[252.774s][info][gc,phases      ] GC(567)   Post Evacuate Collection Set: 0.68ms
[252.774s][info][gc,phases      ] GC(567)   Other: 0.10ms
[252.774s][info][gc,heap        ] GC(567) Eden regions: 336->0(348)
[252.774s][info][gc,heap        ] GC(567) Survivor regions: 51->17(49)
[252.774s][info][gc,heap        ] GC(567) Old regions: 436->470
[252.774s][info][gc,heap        ] GC(567) Humongous regions: 9->9
[252.774s][info][gc,metaspace   ] GC(567) Metaspace: 18762K(18944K)->18762K(18944K) NonClass: 16096K(16192K)->16096K(16192K) Class: 2666K(2752K)->2666K(2752K)
[252.774s][info][gc             ] GC(567) Pause Young (Mixed) (G1 Evacuation Pause) 831M->495M(978M) 90.014ms
[252.774s][info][gc,cpu         ] GC(567) User=0.18s Sys=0.00s Real=0.09s
[253.292s][info][gc,start       ] GC(568) Pause Young (Concurrent Start) (G1 Evacuation Pause)
[253.292s][info][gc,task        ] GC(568) Using 2 workers of 2 for evacuation
[253.322s][info][gc,phases      ] GC(568)   Pre Evacuate Collection Set: 0.35ms
[253.323s][info][gc,phases      ] GC(568)   Merge Heap Roots: 0.28ms
[253.323s][info][gc,phases      ] GC(568)   Evacuate Collection Set: 29.10ms
[253.323s][info][gc,phases      ] GC(568)   Post Evacuate Collection Set: 0.65ms
[253.323s][info][gc,phases      ] GC(568)   Other: 0.10ms
[253.323s][info][gc,heap        ] GC(568) Eden regions: 348->0(369)
[253.323s][info][gc,heap        ] GC(568) Survivor regions: 17->17(46)
[253.323s][info][gc,heap        ] GC(568) Old regions: 470->470
[253.323s][info][gc,heap        ] GC(568) Humongous regions: 9->9
[253.323s][info][gc,metaspace   ] GC(568) Metaspace: 18762K(18944K)->18762K(18944K) NonClass: 16096K(16192K)->16096K(16192K) Class: 2666K(2752K)->2666K(2752K)
[253.323s][info][gc             ] GC(568) Pause Young (Concurrent Start) (G1 Evacuation Pause) 843M->495M(978M) 30.720ms
[253.323s][info][gc,cpu         ] GC(568) User=0.05s Sys=0.00s Real=0.03s
[253.323s][info][gc             ] GC(569) Concurrent Mark Cycle
[253.323s][info][gc,marking     ] GC(569) Concurrent Scan Root Regions
[253.382s][info][gc,marking     ] GC(569) Concurrent Scan Root Regions 59.478ms
[253.382s][info][gc,marking     ] GC(569) Concurrent Mark
[253.382s][info][gc,marking     ] GC(569) Concurrent Mark From Roots
[253.382s][info][gc,task        ] GC(569) Using 1 workers of 1 for marking
[254.128s][info][gc,start       ] GC(570) Pause Young (Normal) (G1 Evacuation Pause)
[254.128s][info][gc,task        ] GC(570) Using 2 workers of 2 for evacuation
[254.197s][info][gc,phases      ] GC(570)   Pre Evacuate Collection Set: 0.30ms
[254.197s][info][gc,phases      ] GC(570)   Merge Heap Roots: 0.38ms
[254.197s][info][gc,phases      ] GC(570)   Evacuate Collection Set: 68.05ms
[254.197s][info][gc,phases      ] GC(570)   Post Evacuate Collection Set: 0.67ms
[254.197s][info][gc,phases      ] GC(570)   Other: 0.09ms
[254.197s][info][gc,heap        ] GC(570) Eden regions: 369->0(339)
[254.197s][info][gc,heap        ] GC(570) Survivor regions: 17->49(49)
[254.197s][info][gc,heap        ] GC(570) Old regions: 470->472
[254.197s][info][gc,heap        ] GC(570) Humongous regions: 9->9
[254.197s][info][gc,metaspace   ] GC(570) Metaspace: 18762K(18944K)->18762K(18944K) NonClass: 16096K(16192K)->16096K(16192K) Class: 2666K(2752K)->2666K(2752K)
[254.198s][info][gc             ] GC(570) Pause Young (Normal) (G1 Evacuation Pause) 864M->529M(978M) 69.737ms
[254.198s][info][gc,cpu         ] GC(570) User=0.14s Sys=0.00s Real=0.07s
[254.640s][info][gc,marking     ] GC(569) Concurrent Mark From Roots 1257.458ms
[254.640s][info][gc,marking     ] GC(569) Concurrent Preclean
[254.640s][info][gc,marking     ] GC(569) Concurrent Preclean 0.038ms
[254.640s][info][gc,start       ] GC(569) Pause Remark
[254.647s][info][gc             ] GC(569) Pause Remark 831M->829M(978M) 7.361ms
[254.647s][info][gc,cpu         ] GC(569) User=0.01s Sys=0.00s Real=0.01s
[254.649s][info][gc,marking     ] GC(569) Concurrent Mark 1267.203ms
[254.649s][info][gc,marking     ] GC(569) Concurrent Rebuild Remembered Sets and Scrub Regions
[254.710s][info][gc,start       ] GC(571) Pause Young (Normal) (G1 Evacuation Pause)
[254.710s][info][gc,task        ] GC(571) Using 2 workers of 2 for evacuation
[254.775s][info][gc,phases      ] GC(571)   Pre Evacuate Collection Set: 0.26ms
[254.775s][info][gc,phases      ] GC(571)   Merge Heap Roots: 0.30ms
[254.775s][info][gc,phases      ] GC(571)   Evacuate Collection Set: 63.66ms
[254.775s][info][gc,phases      ] GC(571)   Post Evacuate Collection Set: 0.55ms
[254.775s][info][gc,phases      ] GC(571)   Other: 0.11ms
[254.775s][info][gc,heap        ] GC(571) Eden regions: 339->0(351)
[254.775s][info][gc,heap        ] GC(571) Survivor regions: 49->5(49)
[254.775s][info][gc,heap        ] GC(571) Old regions: 472->522
[254.775s][info][gc,heap        ] GC(571) Humongous regions: 7->7
[254.775s][info][gc,metaspace   ] GC(571) Metaspace: 18762K(18944K)->18762K(18944K) NonClass: 16096K(16192K)->16096K(16192K) Class: 2666K(2752K)->2666K(2752K)
[254.775s][info][gc             ] GC(571) Pause Young (Normal) (G1 Evacuation Pause) 866M->533M(978M) 65.059ms
[254.775s][info][gc,cpu         ] GC(571) User=0.13s Sys=0.00s Real=0.07s
[255.100s][info][gc,marking     ] GC(569) Concurrent Rebuild Remembered Sets and Scrub Regions 450.569ms
[255.101s][info][gc,start       ] GC(569) Pause Cleanup
[255.101s][info][gc             ] GC(569) Pause Cleanup 727M->727M(978M) 0.108ms
[255.101s][info][gc,cpu         ] GC(569) User=0.00s Sys=0.00s Real=0.00s
[255.103s][info][gc,marking     ] GC(569) Concurrent Clear Claimed Marks
[255.103s][info][gc,marking     ] GC(569) Concurrent Clear Claimed Marks 0.044ms
[255.103s][info][gc,marking     ] GC(569) Concurrent Cleanup for Next Mark
[255.106s][info][gc,marking     ] GC(569) Concurrent Cleanup for Next Mark 2.917ms
[255.106s][info][gc             ] GC(569) Concurrent Mark Cycle 1783.295ms
[255.445s][info][gc,start       ] GC(572) Pause Young (Prepare Mixed) (G1 Evacuation Pause)
[255.445s][info][gc,task        ] GC(572) Using 2 workers of 2 for evacuation
[255.478s][info][gc,phases      ] GC(572)   Pre Evacuate Collection Set: 0.30ms
[255.479s][info][gc,phases      ] GC(572)   Merge Heap Roots: 0.30ms
[255.479s][info][gc,phases      ] GC(572)   Evacuate Collection Set: 32.23ms
[255.479s][info][gc,phases      ] GC(572)   Post Evacuate Collection Set: 0.58ms
[255.479s][info][gc,phases      ] GC(572)   Other: 0.09ms
[255.479s][info][gc,heap        ] GC(572) Eden regions: 351->0(336)
[255.479s][info][gc,heap        ] GC(572) Survivor regions: 5->28(45)
[255.479s][info][gc,heap        ] GC(572) Old regions: 522->522
[255.479s][info][gc,heap        ] GC(572) Humongous regions: 7->7
[255.479s][info][gc,metaspace   ] GC(572) Metaspace: 18762K(18944K)->18762K(18944K) NonClass: 16096K(16192K)->16096K(16192K) Class: 2666K(2752K)->2666K(2752K)
[255.479s][info][gc             ] GC(572) Pause Young (Prepare Mixed) (G1 Evacuation Pause) 884M->556M(978M) 33.776ms
[255.479s][info][gc,cpu         ] GC(572) User=0.07s Sys=0.00s Real=0.03s
[255.872s][info][gc,start       ] GC(573) Pause Young (Mixed) (G1 Evacuation Pause)
[255.872s][info][gc,task        ] GC(573) Using 2 workers of 2 for evacuation
[255.940s][info][gc,phases      ] GC(573)   Pre Evacuate Collection Set: 0.35ms
[255.940s][info][gc,phases      ] GC(573)   Merge Heap Roots: 0.31ms
[255.940s][info][gc,phases      ] GC(573)   Evacuate Collection Set: 66.84ms
[255.940s][info][gc,phases      ] GC(573)   Post Evacuate Collection Set: 0.60ms
[255.940s][info][gc,phases      ] GC(573)   Other: 0.09ms
[255.940s][info][gc,heap        ] GC(573) Eden regions: 336->0(301)
[255.940s][info][gc,heap        ] GC(573) Survivor regions: 28->46(46)
[255.940s][info][gc,heap        ] GC(573) Old regions: 522->528
[255.940s][info][gc,heap        ] GC(573) Humongous regions: 7->7
[255.940s][info][gc,metaspace   ] GC(573) Metaspace: 18762K(18944K)->18762K(18944K) NonClass: 16096K(16192K)->16096K(16192K) Class: 2666K(2752K)->2666K(2752K)
[255.940s][info][gc             ] GC(573) Pause Young (Mixed) (G1 Evacuation Pause) 892M->580M(978M) 68.440ms
[255.941s][info][gc,cpu         ] GC(573) User=0.13s Sys=0.00s Real=0.07s
[256.253s][info][gc,start       ] GC(574) Pause Young (Concurrent Start) (G1 Evacuation Pause)
[256.253s][info][gc,task        ] GC(574) Using 2 workers of 2 for evacuation
[256.305s][info][gc,phases      ] GC(574)   Pre Evacuate Collection Set: 0.35ms
[256.305s][info][gc,phases      ] GC(574)   Merge Heap Roots: 0.24ms
[256.305s][info][gc,phases      ] GC(574)   Evacuate Collection Set: 50.72ms
[256.305s][info][gc,phases      ] GC(574)   Post Evacuate Collection Set: 0.53ms
[256.305s][info][gc,phases      ] GC(574)   Other: 0.19ms
[256.305s][info][gc,heap        ] GC(574) Eden regions: 301->0(318)
[256.305s][info][gc,heap        ] GC(574) Survivor regions: 46->5(44)
[256.305s][info][gc,heap        ] GC(574) Old regions: 528->575
[256.305s][info][gc,heap        ] GC(574) Humongous regions: 7->7
[256.305s][info][gc,metaspace   ] GC(574) Metaspace: 18762K(18944K)->18762K(18944K) NonClass: 16096K(16192K)->16096K(16192K) Class: 2666K(2752K)->2666K(2752K)
[256.305s][info][gc             ] GC(574) Pause Young (Concurrent Start) (G1 Evacuation Pause) 881M->586M(978M) 52.287ms
[256.306s][info][gc,cpu         ] GC(574) User=0.11s Sys=0.00s Real=0.05s
[256.306s][info][gc             ] GC(575) Concurrent Mark Cycle
[256.306s][info][gc,marking     ] GC(575) Concurrent Scan Root Regions
[256.402s][info][gc,marking     ] GC(575) Concurrent Scan Root Regions 96.821ms
[256.402s][info][gc,marking     ] GC(575) Concurrent Mark
[256.402s][info][gc,marking     ] GC(575) Concurrent Mark From Roots
[256.402s][info][gc,task        ] GC(575) Using 1 workers of 1 for marking
[257.183s][info][gc,start       ] GC(576) Pause Young (Normal) (G1 Evacuation Pause)
[257.183s][info][gc,task        ] GC(576) Using 2 workers of 2 for evacuation
[257.218s][info][gc,phases      ] GC(576)   Pre Evacuate Collection Set: 0.31ms
[257.218s][info][gc,phases      ] GC(576)   Merge Heap Roots: 0.24ms
[257.218s][info][gc,phases      ] GC(576)   Evacuate Collection Set: 33.51ms
[257.218s][info][gc,phases      ] GC(576)   Post Evacuate Collection Set: 0.53ms
[257.218s][info][gc,phases      ] GC(576)   Other: 0.10ms
[257.218s][info][gc,heap        ] GC(576) Eden regions: 318->0(290)
[257.218s][info][gc,heap        ] GC(576) Survivor regions: 5->28(41)
[257.218s][info][gc,heap        ] GC(576) Old regions: 575->575
[257.218s][info][gc,heap        ] GC(576) Humongous regions: 7->7
[257.218s][info][gc,metaspace   ] GC(576) Metaspace: 18762K(18944K)->18762K(18944K) NonClass: 16096K(16192K)->16096K(16192K) Class: 2666K(2752K)->2666K(2752K)
[257.218s][info][gc             ] GC(576) Pause Young (Normal) (G1 Evacuation Pause) 904M->609M(978M) 34.947ms
[257.218s][info][gc,cpu         ] GC(576) User=0.07s Sys=0.00s Real=0.03s
[257.953s][info][gc,marking     ] GC(575) Concurrent Mark From Roots 1550.216ms
[257.953s][info][gc,marking     ] GC(575) Concurrent Preclean
[257.953s][info][gc,marking     ] GC(575) Concurrent Preclean 0.036ms
[257.953s][info][gc,start       ] GC(575) Pause Remark
[257.960s][info][gc             ] GC(575) Pause Remark 804M->804M(978M) 7.218ms
[257.960s][info][gc,cpu         ] GC(575) User=0.01s Sys=0.00s Real=0.00s
[257.962s][info][gc,marking     ] GC(575) Concurrent Mark 1559.463ms
[257.962s][info][gc,marking     ] GC(575) Concurrent Rebuild Remembered Sets and Scrub Regions
[258.308s][info][gc,start       ] GC(577) Pause Young (Normal) (G1 Evacuation Pause)
[258.308s][info][gc,task        ] GC(577) Using 2 workers of 2 for evacuation
[258.338s][info][gc,phases      ] GC(577)   Pre Evacuate Collection Set: 0.31ms
[258.338s][info][gc,phases      ] GC(577)   Merge Heap Roots: 0.21ms
[258.338s][info][gc,phases      ] GC(577)   Evacuate Collection Set: 28.68ms
[258.338s][info][gc,phases      ] GC(577)   Post Evacuate Collection Set: 0.46ms
[258.338s][info][gc,phases      ] GC(577)   Other: 0.09ms
[258.338s][info][gc,heap        ] GC(577) Eden regions: 290->0(309)
[258.338s][info][gc,heap        ] GC(577) Survivor regions: 28->1(40)
[258.338s][info][gc,heap        ] GC(577) Old regions: 575->602
[258.338s][info][gc,heap        ] GC(577) Humongous regions: 7->7
[258.338s][info][gc,metaspace   ] GC(577) Metaspace: 18762K(18944K)->18762K(18944K) NonClass: 16096K(16192K)->16096K(16192K) Class: 2666K(2752K)->2666K(2752K)
[258.338s][info][gc             ] GC(577) Pause Young (Normal) (G1 Evacuation Pause) 899M->609M(978M) 29.987ms
[258.338s][info][gc,cpu         ] GC(577) User=0.06s Sys=0.00s Real=0.03s
[258.542s][info][gc,marking     ] GC(575) Concurrent Rebuild Remembered Sets and Scrub Regions 580.289ms
[258.542s][info][gc,start       ] GC(575) Pause Cleanup
[258.543s][info][gc             ] GC(575) Pause Cleanup 674M->674M(978M) 0.103ms
[258.543s][info][gc,cpu         ] GC(575) User=0.00s Sys=0.00s Real=0.00s
[258.543s][info][gc,marking     ] GC(575) Concurrent Clear Claimed Marks
[258.543s][info][gc,marking     ] GC(575) Concurrent Clear Claimed Marks 0.029ms
[258.543s][info][gc,marking     ] GC(575) Concurrent Cleanup for Next Mark
[258.545s][info][gc,marking     ] GC(575) Concurrent Cleanup for Next Mark 2.821ms
[258.546s][info][gc             ] GC(575) Concurrent Mark Cycle 2239.980ms
[258.819s][info][gc,start       ] GC(578) Pause Young (Prepare Mixed) (G1 Evacuation Pause)
[258.819s][info][gc,task        ] GC(578) Using 2 workers of 2 for evacuation
[258.883s][info][gc,phases      ] GC(578)   Pre Evacuate Collection Set: 0.32ms
[258.883s][info][gc,phases      ] GC(578)   Merge Heap Roots: 0.15ms
[258.883s][info][gc,phases      ] GC(578)   Evacuate Collection Set: 60.35ms
[258.883s][info][gc,phases      ] GC(578)   Post Evacuate Collection Set: 3.53ms
[258.883s][info][gc,phases      ] GC(578)   Other: 0.09ms
[258.883s][info][gc,heap        ] GC(578) Eden regions: 309->0(181)
[258.883s][info][gc,heap        ] GC(578) Survivor regions: 1->39(39)
[258.883s][info][gc,heap        ] GC(578) Old regions: 602->662
[258.883s][info][gc,heap        ] GC(578) Humongous regions: 7->7
[258.883s][info][gc,metaspace   ] GC(578) Metaspace: 18762K(18944K)->18762K(18944K) NonClass: 16096K(16192K)->16096K(16192K) Class: 2666K(2752K)->2666K(2752K)
[258.883s][info][gc             ] GC(578) Pause Young (Prepare Mixed) (G1 Evacuation Pause) (Evacuation Failure: Allocation) 918M->707M(978M) 64.686ms
[258.883s][info][gc,cpu         ] GC(578) User=0.12s Sys=0.00s Real=0.07s
[259.141s][info][gc,start       ] GC(579) Pause Young (Mixed) (G1 Evacuation Pause)
[259.141s][info][gc,task        ] GC(579) Using 2 workers of 2 for evacuation
[259.199s][info][gc,phases      ] GC(579)   Pre Evacuate Collection Set: 0.52ms
[259.199s][info][gc,phases      ] GC(579)   Merge Heap Roots: 0.57ms
[259.199s][info][gc,phases      ] GC(579)   Evacuate Collection Set: 56.13ms
[259.199s][info][gc,phases      ] GC(579)   Post Evacuate Collection Set: 0.59ms
[259.199s][info][gc,phases      ] GC(579)   Other: 0.08ms
[259.199s][info][gc,heap        ] GC(579) Eden regions: 181->0(231)
[259.199s][info][gc,heap        ] GC(579) Survivor regions: 39->5(28)
[259.199s][info][gc,heap        ] GC(579) Old regions: 662->663
[259.199s][info][gc,heap        ] GC(579) Humongous regions: 7->7
[259.199s][info][gc,metaspace   ] GC(579) Metaspace: 18762K(18944K)->18762K(18944K) NonClass: 16096K(16192K)->16096K(16192K) Class: 2666K(2752K)->2666K(2752K)
[259.199s][info][gc             ] GC(579) Pause Young (Mixed) (G1 Evacuation Pause) 888M->673M(978M) 58.128ms
[259.199s][info][gc,cpu         ] GC(579) User=0.12s Sys=0.00s Real=0.06s
[259.232s][info][gc,start       ] GC(580) Pause Young (Concurrent Start) (G1 Humongous Allocation)
[259.232s][info][gc,task        ] GC(580) Using 2 workers of 2 for evacuation
[259.250s][info][gc,phases      ] GC(580)   Pre Evacuate Collection Set: 0.28ms
[259.250s][info][gc,phases      ] GC(580)   Merge Heap Roots: 0.22ms
[259.250s][info][gc,phases      ] GC(580)   Evacuate Collection Set: 17.82ms
[259.250s][info][gc,phases      ] GC(580)   Post Evacuate Collection Set: 0.36ms
[259.250s][info][gc,phases      ] GC(580)   Other: 0.07ms
[259.250s][info][gc,heap        ] GC(580) Eden regions: 9->0(184)
[259.250s][info][gc,heap        ] GC(580) Survivor regions: 5->9(30)
[259.250s][info][gc,heap        ] GC(580) Old regions: 663->663
[259.250s][info][gc,heap        ] GC(580) Humongous regions: 7->7
[259.250s][info][gc,metaspace   ] GC(580) Metaspace: 18762K(18944K)->18762K(18944K) NonClass: 16096K(16192K)->16096K(16192K) Class: 2666K(2752K)->2666K(2752K)
[259.251s][info][gc             ] GC(580) Pause Young (Concurrent Start) (G1 Humongous Allocation) 682M->677M(978M) 18.970ms
[259.251s][info][gc,cpu         ] GC(580) User=0.04s Sys=0.00s Real=0.02s
[259.253s][info][gc             ] GC(581) Concurrent Mark Cycle
[259.253s][info][gc,marking     ] GC(581) Concurrent Scan Root Regions
[259.280s][info][gc,marking     ] GC(581) Concurrent Scan Root Regions 27.277ms
[259.280s][info][gc,marking     ] GC(581) Concurrent Mark
[259.280s][info][gc,marking     ] GC(581) Concurrent Mark From Roots
[259.280s][info][gc,task        ] GC(581) Using 1 workers of 1 for marking
[259.837s][info][gc,start       ] GC(582) Pause Young (Normal) (G1 Evacuation Pause)
[259.837s][info][gc,task        ] GC(582) Using 2 workers of 2 for evacuation
[259.873s][info][gc,phases      ] GC(582)   Pre Evacuate Collection Set: 0.31ms
[259.873s][info][gc,phases      ] GC(582)   Merge Heap Roots: 0.32ms
[259.873s][info][gc,phases      ] GC(582)   Evacuate Collection Set: 35.00ms
[259.873s][info][gc,phases      ] GC(582)   Post Evacuate Collection Set: 0.52ms
[259.873s][info][gc,phases      ] GC(582)   Other: 0.10ms
[259.873s][info][gc,heap        ] GC(582) Eden regions: 184->0(185)
[259.873s][info][gc,heap        ] GC(582) Survivor regions: 9->20(25)
[259.873s][info][gc,heap        ] GC(582) Old regions: 663->663
[259.873s][info][gc,heap        ] GC(582) Humongous regions: 10->10
[259.873s][info][gc,metaspace   ] GC(582) Metaspace: 18762K(18944K)->18762K(18944K) NonClass: 16096K(16192K)->16096K(16192K) Class: 2666K(2752K)->2666K(2752K)
[259.873s][info][gc             ] GC(582) Pause Young (Normal) (G1 Evacuation Pause) 864M->691M(978M) 36.498ms
[259.873s][info][gc,cpu         ] GC(582) User=0.07s Sys=0.00s Real=0.04s
[260.353s][info][gc,marking     ] GC(581) Concurrent Mark From Roots 1072.712ms
[260.353s][info][gc,marking     ] GC(581) Concurrent Preclean
[260.353s][info][gc,marking     ] GC(581) Concurrent Preclean 0.038ms
[260.353s][info][gc,start       ] GC(581) Pause Remark
[260.361s][info][gc             ] GC(581) Pause Remark 834M->705M(978M) 7.291ms
[260.361s][info][gc,cpu         ] GC(581) User=0.01s Sys=0.00s Real=0.00s
[260.362s][info][gc,marking     ] GC(581) Concurrent Mark 1081.616ms
[260.362s][info][gc,marking     ] GC(581) Concurrent Rebuild Remembered Sets and Scrub Regions
[260.479s][info][gc,start       ] GC(583) Pause Young (Normal) (G1 Evacuation Pause)
[260.479s][info][gc,task        ] GC(583) Using 2 workers of 2 for evacuation
[260.514s][info][gc,phases      ] GC(583)   Pre Evacuate Collection Set: 0.29ms
[260.514s][info][gc,phases      ] GC(583)   Merge Heap Roots: 0.30ms
[260.514s][info][gc,phases      ] GC(583)   Evacuate Collection Set: 34.36ms
[260.514s][info][gc,phases      ] GC(583)   Post Evacuate Collection Set: 0.47ms
[260.514s][info][gc,phases      ] GC(583)   Other: 0.11ms
[260.514s][info][gc,heap        ] GC(583) Eden regions: 185->0(277)
[260.514s][info][gc,heap        ] GC(583) Survivor regions: 20->12(26)
[260.514s][info][gc,heap        ] GC(583) Old regions: 537->545
[260.514s][info][gc,heap        ] GC(583) Humongous regions: 7->7
[260.514s][info][gc,metaspace   ] GC(583) Metaspace: 18762K(18944K)->18762K(18944K) NonClass: 16096K(16192K)->16096K(16192K) Class: 2666K(2752K)->2666K(2752K)
[260.514s][info][gc             ] GC(583) Pause Young (Normal) (G1 Evacuation Pause) 747M->563M(978M) 35.793ms
[260.514s][info][gc,cpu         ] GC(583) User=0.07s Sys=0.00s Real=0.04s
[260.870s][info][gc,marking     ] GC(581) Concurrent Rebuild Remembered Sets and Scrub Regions 508.315ms
[260.870s][info][gc,start       ] GC(581) Pause Cleanup
[260.871s][info][gc             ] GC(581) Pause Cleanup 722M->722M(978M) 0.152ms
[260.871s][info][gc,cpu         ] GC(581) User=0.00s Sys=0.00s Real=0.00s
[260.871s][info][gc,marking     ] GC(581) Concurrent Clear Claimed Marks
[260.871s][info][gc,marking     ] GC(581) Concurrent Clear Claimed Marks 0.029ms
[260.871s][info][gc,marking     ] GC(581) Concurrent Cleanup for Next Mark
[260.874s][info][gc,marking     ] GC(581) Concurrent Cleanup for Next Mark 2.844ms
[260.874s][info][gc             ] GC(581) Concurrent Mark Cycle 1623.033ms
[260.943s][info][gc,start       ] GC(584) Pause Young (Prepare Mixed) (G1 Evacuation Pause)
[260.943s][info][gc,task        ] GC(584) Using 2 workers of 2 for evacuation
[261.000s][info][gc,phases      ] GC(584)   Pre Evacuate Collection Set: 0.45ms
[261.000s][info][gc,phases      ] GC(584)   Merge Heap Roots: 0.30ms
[261.000s][info][gc,phases      ] GC(584)   Evacuate Collection Set: 55.92ms
[261.000s][info][gc,phases      ] GC(584)   Post Evacuate Collection Set: 0.62ms
[261.000s][info][gc,phases      ] GC(584)   Other: 0.10ms
[261.000s][info][gc,heap        ] GC(584) Eden regions: 277->0(245)
[261.000s][info][gc,heap        ] GC(584) Survivor regions: 12->37(37)
[261.000s][info][gc,heap        ] GC(584) Old regions: 545->564
[261.000s][info][gc,heap        ] GC(584) Humongous regions: 7->7
[261.000s][info][gc,metaspace   ] GC(584) Metaspace: 18762K(18944K)->18762K(18944K) NonClass: 16096K(16192K)->16096K(16192K) Class: 2666K(2752K)->2666K(2752K)
[261.000s][info][gc             ] GC(584) Pause Young (Prepare Mixed) (G1 Evacuation Pause) 840M->607M(978M) 57.607ms
[261.000s][info][gc,cpu         ] GC(584) User=0.11s Sys=0.00s Real=0.06s
[261.266s][info][gc,start       ] GC(585) Pause Young (Mixed) (G1 Evacuation Pause)
[261.266s][info][gc,task        ] GC(585) Using 2 workers of 2 for evacuation
[261.341s][info][gc,phases      ] GC(585)   Pre Evacuate Collection Set: 0.35ms
[261.342s][info][gc,phases      ] GC(585)   Merge Heap Roots: 0.55ms
[261.342s][info][gc,phases      ] GC(585)   Evacuate Collection Set: 74.08ms
[261.342s][info][gc,phases      ] GC(585)   Post Evacuate Collection Set: 0.61ms
[261.342s][info][gc,phases      ] GC(585)   Other: 0.11ms
[261.342s][info][gc,heap        ] GC(585) Eden regions: 245->0(286)
[261.342s][info][gc,heap        ] GC(585) Survivor regions: 37->34(36)
[261.342s][info][gc,heap        ] GC(585) Old regions: 564->508
[261.342s][info][gc,heap        ] GC(585) Humongous regions: 7->7
[261.342s][info][gc,metaspace   ] GC(585) Metaspace: 18762K(18944K)->18762K(18944K) NonClass: 16096K(16192K)->16096K(16192K) Class: 2666K(2752K)->2666K(2752K)
[261.342s][info][gc             ] GC(585) Pause Young (Mixed) (G1 Evacuation Pause) 852M->547M(978M) 75.976ms
[261.342s][info][gc,cpu         ] GC(585) User=0.15s Sys=0.00s Real=0.07s
[261.649s][info][gc,start       ] GC(586) Pause Young (Concurrent Start) (G1 Evacuation Pause)
[261.649s][info][gc,task        ] GC(586) Using 2 workers of 2 for evacuation
[261.677s][info][gc,phases      ] GC(586)   Pre Evacuate Collection Set: 0.33ms
[261.677s][info][gc,phases      ] GC(586)   Merge Heap Roots: 0.12ms
[261.677s][info][gc,phases      ] GC(586)   Evacuate Collection Set: 26.53ms
[261.677s][info][gc,phases      ] GC(586)   Post Evacuate Collection Set: 0.52ms
[261.677s][info][gc,phases      ] GC(586)   Other: 0.12ms
[261.677s][info][gc,heap        ] GC(586) Eden regions: 286->0(309)
[261.677s][info][gc,heap        ] GC(586) Survivor regions: 34->1(40)
[261.677s][info][gc,heap        ] GC(586) Old regions: 508->541
[261.677s][info][gc,heap        ] GC(586) Humongous regions: 7->7
[261.677s][info][gc,metaspace   ] GC(586) Metaspace: 18762K(18944K)->18762K(18944K) NonClass: 16096K(16192K)->16096K(16192K) Class: 2666K(2752K)->2666K(2752K)
[261.677s][info][gc             ] GC(586) Pause Young (Concurrent Start) (G1 Evacuation Pause) 833M->548M(978M) 27.879ms
[261.677s][info][gc             ] GC(587) Concurrent Mark Cycle
[261.677s][info][gc,marking     ] GC(587) Concurrent Scan Root Regions
[261.678s][info][gc,cpu         ] GC(586) User=0.06s Sys=0.00s Real=0.03s
[261.709s][info][gc,marking     ] GC(587) Concurrent Scan Root Regions 31.967ms
[261.709s][info][gc,marking     ] GC(587) Concurrent Mark
[261.709s][info][gc,marking     ] GC(587) Concurrent Mark From Roots
[261.709s][info][gc,task        ] GC(587) Using 1 workers of 1 for marking
[262.272s][info][gc,start       ] GC(588) Pause Young (Normal) (G1 Evacuation Pause)
[262.272s][info][gc,task        ] GC(588) Using 2 workers of 2 for evacuation
[262.275s][info][gc,phases      ] GC(588)   Pre Evacuate Collection Set: 0.27ms
[262.275s][info][gc,phases      ] GC(588)   Merge Heap Roots: 0.10ms
[262.275s][info][gc,phases      ] GC(588)   Evacuate Collection Set: 1.81ms
[262.275s][info][gc,phases      ] GC(588)   Post Evacuate Collection Set: 0.44ms
[262.275s][info][gc,phases      ] GC(588)   Other: 0.09ms
[262.275s][info][gc,heap        ] GC(588) Eden regions: 309->0(329)
[262.275s][info][gc,heap        ] GC(588) Survivor regions: 1->1(39)
[262.275s][info][gc,heap        ] GC(588) Old regions: 541->541
[262.275s][info][gc,heap        ] GC(588) Humongous regions: 7->7
[262.275s][info][gc,metaspace   ] GC(588) Metaspace: 18762K(18944K)->18762K(18944K) NonClass: 16096K(16192K)->16096K(16192K) Class: 2666K(2752K)->2666K(2752K)
[262.275s][info][gc             ] GC(588) Pause Young (Normal) (G1 Evacuation Pause) 857M->548M(978M) 2.946ms
[262.275s][info][gc,cpu         ] GC(588) User=0.01s Sys=0.00s Real=0.01s
[262.715s][info][gc,marking     ] GC(587) Concurrent Mark From Roots 1005.885ms
[262.715s][info][gc,marking     ] GC(587) Concurrent Preclean
[262.715s][info][gc,marking     ] GC(587) Concurrent Preclean 0.036ms
[262.715s][info][gc,start       ] GC(587) Pause Remark
[262.722s][info][gc             ] GC(587) Pause Remark 776M->635M(978M) 7.276ms
[262.722s][info][gc,cpu         ] GC(587) User=0.01s Sys=0.00s Real=0.00s
[262.723s][info][gc,marking     ] GC(587) Concurrent Mark 1013.523ms
[262.723s][info][gc,marking     ] GC(587) Concurrent Rebuild Remembered Sets and Scrub Regions
[262.915s][info][gc,start       ] GC(589) Pause Young (Normal) (G1 Evacuation Pause)
[262.915s][info][gc,task        ] GC(589) Using 2 workers of 2 for evacuation
[262.945s][info][gc,phases      ] GC(589)   Pre Evacuate Collection Set: 0.30ms
[262.945s][info][gc,phases      ] GC(589)   Merge Heap Roots: 0.42ms
[262.945s][info][gc,phases      ] GC(589)   Evacuate Collection Set: 28.49ms
[262.945s][info][gc,phases      ] GC(589)   Post Evacuate Collection Set: 0.63ms
[262.945s][info][gc,phases      ] GC(589)   Other: 0.10ms
[262.945s][info][gc,heap        ] GC(589) Eden regions: 329->0(432)
[262.945s][info][gc,heap        ] GC(589) Survivor regions: 1->13(42)
[262.945s][info][gc,heap        ] GC(589) Old regions: 403->403
[262.945s][info][gc,heap        ] GC(589) Humongous regions: 5->5
[262.945s][info][gc,metaspace   ] GC(589) Metaspace: 18762K(18944K)->18762K(18944K) NonClass: 16096K(16192K)->16096K(16192K) Class: 2666K(2752K)->2666K(2752K)
[262.945s][info][gc             ] GC(589) Pause Young (Normal) (G1 Evacuation Pause) 737M->420M(978M) 30.224ms
[262.945s][info][gc,cpu         ] GC(589) User=0.06s Sys=0.00s Real=0.03s
[263.062s][info][gc,marking     ] GC(587) Concurrent Rebuild Remembered Sets and Scrub Regions 339.280ms
[263.062s][info][gc,start       ] GC(587) Pause Cleanup
[263.062s][info][gc             ] GC(587) Pause Cleanup 495M->495M(978M) 0.094ms
[263.062s][info][gc,cpu         ] GC(587) User=0.00s Sys=0.00s Real=0.00s
[263.062s][info][gc,marking     ] GC(587) Concurrent Clear Claimed Marks
[263.062s][info][gc,marking     ] GC(587) Concurrent Clear Claimed Marks 0.028ms
[263.062s][info][gc,marking     ] GC(587) Concurrent Cleanup for Next Mark
[263.065s][info][gc,marking     ] GC(587) Concurrent Cleanup for Next Mark 2.800ms
[263.065s][info][gc             ] GC(587) Concurrent Mark Cycle 1388.053ms
[263.381s][info][gc,start       ] GC(590) Pause Young (Prepare Mixed) (G1 Evacuation Pause)
[263.381s][info][gc,task        ] GC(590) Using 2 workers of 2 for evacuation
[263.458s][info][gc,phases      ] GC(590)   Pre Evacuate Collection Set: 0.52ms
[263.458s][info][gc,phases      ] GC(590)   Merge Heap Roots: 0.49ms
[263.458s][info][gc,phases      ] GC(590)   Evacuate Collection Set: 75.61ms
[263.458s][info][gc,phases      ] GC(590)   Post Evacuate Collection Set: 0.78ms
[263.458s][info][gc,phases      ] GC(590)   Other: 0.08ms
[263.458s][info][gc,heap        ] GC(590) Eden regions: 432->0(397)
[263.458s][info][gc,heap        ] GC(590) Survivor regions: 13->55(56)
[263.458s][info][gc,heap        ] GC(590) Old regions: 403->403
[263.458s][info][gc,heap        ] GC(590) Humongous regions: 7->7
[263.458s][info][gc,metaspace   ] GC(590) Metaspace: 18762K(18944K)->18762K(18944K) NonClass: 16096K(16192K)->16096K(16192K) Class: 2666K(2752K)->2666K(2752K)
[263.458s][info][gc             ] GC(590) Pause Young (Prepare Mixed) (G1 Evacuation Pause) 854M->464M(978M) 77.717ms
[263.458s][info][gc,cpu         ] GC(590) User=0.15s Sys=0.00s Real=0.08s
[263.862s][info][gc,start       ] GC(591) Pause Young (Mixed) (G1 Evacuation Pause)
[263.862s][info][gc,task        ] GC(591) Using 2 workers of 2 for evacuation
[263.949s][info][gc,phases      ] GC(591)   Pre Evacuate Collection Set: 0.54ms
[263.949s][info][gc,phases      ] GC(591)   Merge Heap Roots: 0.78ms
[263.949s][info][gc,phases      ] GC(591)   Evacuate Collection Set: 84.55ms
[263.949s][info][gc,phases      ] GC(591)   Post Evacuate Collection Set: 0.65ms
[263.949s][info][gc,phases      ] GC(591)   Other: 0.09ms
[263.949s][info][gc,heap        ] GC(591) Eden regions: 397->0(413)
[263.949s][info][gc,heap        ] GC(591) Survivor regions: 55->13(57)
[263.949s][info][gc,heap        ] GC(591) Old regions: 403->437
[263.949s][info][gc,heap        ] GC(591) Humongous regions: 7->7
[263.949s][info][gc,metaspace   ] GC(591) Metaspace: 18762K(18944K)->18762K(18944K) NonClass: 16096K(16192K)->16096K(16192K) Class: 2666K(2752K)->2666K(2752K)
[263.949s][info][gc             ] GC(591) Pause Young (Mixed) (G1 Evacuation Pause) 861M->455M(978M) 86.874ms
[263.949s][info][gc,cpu         ] GC(591) User=0.17s Sys=0.00s Real=0.09s
[264.605s][info][gc,start       ] GC(592) Pause Young (Concurrent Start) (G1 Evacuation Pause)
[264.605s][info][gc,task        ] GC(592) Using 2 workers of 2 for evacuation
[264.642s][info][gc,phases      ] GC(592)   Pre Evacuate Collection Set: 0.33ms
[264.642s][info][gc,phases      ] GC(592)   Merge Heap Roots: 0.34ms
[264.642s][info][gc,phases      ] GC(592)   Evacuate Collection Set: 35.26ms
[264.642s][info][gc,phases      ] GC(592)   Post Evacuate Collection Set: 0.63ms
[264.642s][info][gc,phases      ] GC(592)   Other: 0.19ms
[264.642s][info][gc,heap        ] GC(592) Eden regions: 413->0(409)
[264.642s][info][gc,heap        ] GC(592) Survivor regions: 13->29(54)
[264.642s][info][gc,heap        ] GC(592) Old regions: 437->437
[264.642s][info][gc,heap        ] GC(592) Humongous regions: 7->7
[264.642s][info][gc,metaspace   ] GC(592) Metaspace: 18762K(18944K)->18762K(18944K) NonClass: 16096K(16192K)->16096K(16192K) Class: 2666K(2752K)->2666K(2752K)
[264.642s][info][gc             ] GC(592) Pause Young (Concurrent Start) (G1 Evacuation Pause) 868M->472M(978M) 36.969ms
[264.642s][info][gc,cpu         ] GC(592) User=0.07s Sys=0.00s Real=0.03s
[264.642s][info][gc             ] GC(593) Concurrent Mark Cycle
[264.642s][info][gc,marking     ] GC(593) Concurrent Scan Root Regions
[264.699s][info][gc,marking     ] GC(593) Concurrent Scan Root Regions 56.674ms
[264.699s][info][gc,marking     ] GC(593) Concurrent Mark
[264.699s][info][gc,marking     ] GC(593) Concurrent Mark From Roots
[264.699s][info][gc,task        ] GC(593) Using 1 workers of 1 for marking
[265.288s][info][gc,marking     ] GC(593) Concurrent Mark From Roots 588.797ms
[265.288s][info][gc,marking     ] GC(593) Concurrent Preclean
[265.288s][info][gc,marking     ] GC(593) Concurrent Preclean 0.057ms
[265.288s][info][gc,start       ] GC(593) Pause Remark
[265.295s][info][gc             ] GC(593) Pause Remark 805M->693M(978M) 7.353ms
[265.295s][info][gc,cpu         ] GC(593) User=0.01s Sys=0.00s Real=0.01s
[265.296s][info][gc,marking     ] GC(593) Concurrent Mark 596.517ms
[265.296s][info][gc,marking     ] GC(593) Concurrent Rebuild Remembered Sets and Scrub Regions
[265.414s][info][gc,start       ] GC(594) Pause Young (Normal) (G1 Evacuation Pause)
[265.414s][info][gc,task        ] GC(594) Using 2 workers of 2 for evacuation
[265.490s][info][gc,phases      ] GC(594)   Pre Evacuate Collection Set: 0.47ms
[265.490s][info][gc,phases      ] GC(594)   Merge Heap Roots: 0.43ms
[265.490s][info][gc,phases      ] GC(594)   Evacuate Collection Set: 74.21ms
[265.490s][info][gc,phases      ] GC(594)   Post Evacuate Collection Set: 0.64ms
[265.490s][info][gc,phases      ] GC(594)   Other: 0.13ms
[265.490s][info][gc,heap        ] GC(594) Eden regions: 409->0(446)
[265.490s][info][gc,heap        ] GC(594) Survivor regions: 29->55(55)
[265.490s][info][gc,heap        ] GC(594) Old regions: 328->340
[265.490s][info][gc,heap        ] GC(594) Humongous regions: 4->4
[265.490s][info][gc,metaspace   ] GC(594) Metaspace: 18762K(18944K)->18762K(18944K) NonClass: 16096K(16192K)->16096K(16192K) Class: 2666K(2752K)->2666K(2752K)
[265.490s][info][gc             ] GC(594) Pause Young (Normal) (G1 Evacuation Pause) 769M->398M(978M) 76.175ms
[265.490s][info][gc,cpu         ] GC(594) User=0.15s Sys=0.00s Real=0.07s
[265.648s][info][gc,marking     ] GC(593) Concurrent Rebuild Remembered Sets and Scrub Regions 352.898ms
[265.649s][info][gc,start       ] GC(593) Pause Cleanup
[265.649s][info][gc             ] GC(593) Pause Cleanup 511M->511M(978M) 0.138ms
[265.649s][info][gc,cpu         ] GC(593) User=0.00s Sys=0.00s Real=0.00s
[265.649s][info][gc,marking     ] GC(593) Concurrent Clear Claimed Marks
[265.649s][info][gc,marking     ] GC(593) Concurrent Clear Claimed Marks 0.033ms
[265.649s][info][gc,marking     ] GC(593) Concurrent Cleanup for Next Mark
[265.653s][info][gc,marking     ] GC(593) Concurrent Cleanup for Next Mark 4.060ms
[265.653s][info][gc             ] GC(593) Concurrent Mark Cycle 1010.739ms
[265.985s][info][gc,start       ] GC(595) Pause Young (Prepare Mixed) (G1 Evacuation Pause)
[265.985s][info][gc,task        ] GC(595) Using 2 workers of 2 for evacuation
[266.053s][info][gc,phases      ] GC(595)   Pre Evacuate Collection Set: 0.50ms
[266.053s][info][gc,phases      ] GC(595)   Merge Heap Roots: 0.30ms
[266.053s][info][gc,phases      ] GC(595)   Evacuate Collection Set: 65.97ms
[266.053s][info][gc,phases      ] GC(595)   Post Evacuate Collection Set: 0.65ms
[266.053s][info][gc,phases      ] GC(595)   Other: 0.08ms
[266.053s][info][gc,heap        ] GC(595) Eden regions: 446->0(448)
[266.053s][info][gc,heap        ] GC(595) Survivor regions: 55->13(63)
[266.053s][info][gc,heap        ] GC(595) Old regions: 340->396
[266.053s][info][gc,heap        ] GC(595) Humongous regions: 4->4
[266.053s][info][gc,metaspace   ] GC(595) Metaspace: 18762K(18944K)->18762K(18944K) NonClass: 16096K(16192K)->16096K(16192K) Class: 2666K(2752K)->2666K(2752K)
[266.053s][info][gc             ] GC(595) Pause Young (Prepare Mixed) (G1 Evacuation Pause) 844M->412M(978M) 67.718ms
[266.053s][info][gc,cpu         ] GC(595) User=0.13s Sys=0.00s Real=0.07s
[267.003s][info][gc,start       ] GC(596) Pause Young (Mixed) (G1 Evacuation Pause)
[267.004s][info][gc,task        ] GC(596) Using 2 workers of 2 for evacuation
[267.034s][info][gc,phases      ] GC(596)   Pre Evacuate Collection Set: 0.54ms
[267.034s][info][gc,phases      ] GC(596)   Merge Heap Roots: 0.35ms
[267.034s][info][gc,phases      ] GC(596)   Evacuate Collection Set: 28.56ms
[267.034s][info][gc,phases      ] GC(596)   Post Evacuate Collection Set: 0.66ms
[267.034s][info][gc,phases      ] GC(596)   Other: 0.10ms
[267.034s][info][gc,heap        ] GC(596) Eden regions: 448->0(474)
[267.034s][info][gc,heap        ] GC(596) Survivor regions: 13->24(58)
[267.034s][info][gc,heap        ] GC(596) Old regions: 396->356
[267.034s][info][gc,heap        ] GC(596) Humongous regions: 4->4
[267.034s][info][gc,metaspace   ] GC(596) Metaspace: 18763K(18944K)->18763K(18944K) NonClass: 16096K(16192K)->16096K(16192K) Class: 2666K(2752K)->2666K(2752K)
[267.034s][info][gc             ] GC(596) Pause Young (Mixed) (G1 Evacuation Pause) 860M->383M(978M) 30.416ms
[267.034s][info][gc,cpu         ] GC(596) User=0.06s Sys=0.00s Real=0.03s
[267.626s][info][gc,start       ] GC(597) Pause Young (Concurrent Start) (G1 Evacuation Pause)
[267.626s][info][gc,task        ] GC(597) Using 2 workers of 2 for evacuation
[267.786s][info][gc,phases      ] GC(597)   Pre Evacuate Collection Set: 0.35ms
[267.786s][info][gc,phases      ] GC(597)   Merge Heap Roots: 0.23ms
[267.786s][info][gc,phases      ] GC(597)   Evacuate Collection Set: 147.72ms
[267.786s][info][gc,phases      ] GC(597)   Post Evacuate Collection Set: 11.38ms
[267.786s][info][gc,phases      ] GC(597)   Other: 0.15ms
[267.786s][info][gc,heap        ] GC(597) Eden regions: 474->0(249)
[267.786s][info][gc,heap        ] GC(597) Survivor regions: 24->63(63)
[267.786s][info][gc,heap        ] GC(597) Old regions: 356->549
[267.786s][info][gc,heap        ] GC(597) Humongous regions: 4->4
[267.786s][info][gc,metaspace   ] GC(597) Metaspace: 18763K(18944K)->18763K(18944K) NonClass: 16096K(16192K)->16096K(16192K) Class: 2666K(2752K)->2666K(2752K)
[267.786s][info][gc             ] GC(597) Pause Young (Concurrent Start) (G1 Evacuation Pause) (Evacuation Failure: Allocation) 857M->615M(978M) 160.108ms
[267.786s][info][gc,cpu         ] GC(597) User=0.32s Sys=0.00s Real=0.16s
[267.786s][info][gc             ] GC(598) Concurrent Mark Cycle
[267.788s][info][gc,marking     ] GC(598) Concurrent Scan Root Regions
[267.988s][info][gc,marking     ] GC(598) Concurrent Scan Root Regions 199.736ms
[267.988s][info][gc,marking     ] GC(598) Concurrent Mark
[267.988s][info][gc,marking     ] GC(598) Concurrent Mark From Roots
[267.988s][info][gc,task        ] GC(598) Using 1 workers of 1 for marking
[268.299s][info][gc,start       ] GC(599) Pause Young (Normal) (G1 Evacuation Pause)
[268.300s][info][gc,task        ] GC(599) Using 2 workers of 2 for evacuation
[268.443s][info][gc,phases      ] GC(599)   Pre Evacuate Collection Set: 0.58ms
[268.443s][info][gc,phases      ] GC(599)   Merge Heap Roots: 0.68ms
[268.443s][info][gc,phases      ] GC(599)   Evacuate Collection Set: 135.69ms
[268.443s][info][gc,phases      ] GC(599)   Post Evacuate Collection Set: 6.52ms
[268.443s][info][gc,phases      ] GC(599)   Other: 0.11ms
[268.443s][info][gc,heap        ] GC(599) Eden regions: 249->0(298)
[268.443s][info][gc,heap        ] GC(599) Survivor regions: 63->17(39)
[268.443s][info][gc,heap        ] GC(599) Old regions: 549->575
[268.443s][info][gc,heap        ] GC(599) Humongous regions: 4->4
[268.443s][info][gc,metaspace   ] GC(599) Metaspace: 18763K(18944K)->18763K(18944K) NonClass: 16096K(16192K)->16096K(16192K) Class: 2666K(2752K)->2666K(2752K)
[268.443s][info][gc             ] GC(599) Pause Young (Normal) (G1 Evacuation Pause) (Evacuation Failure: Allocation) 864M->595M(978M) 143.833ms
[268.443s][info][gc,cpu         ] GC(599) User=0.28s Sys=0.00s Real=0.15s
[269.118s][info][gc,start       ] GC(600) Pause Young (Normal) (G1 Evacuation Pause)
[269.118s][info][gc,task        ] GC(600) Using 2 workers of 2 for evacuation
[269.299s][info][gc,phases      ] GC(600)   Pre Evacuate Collection Set: 0.32ms
[269.300s][info][gc,phases      ] GC(600)   Merge Heap Roots: 0.90ms
[269.300s][info][gc,phases      ] GC(600)   Evacuate Collection Set: 166.75ms
[269.300s][info][gc,phases      ] GC(600)   Post Evacuate Collection Set: 13.43ms
[269.300s][info][gc,phases      ] GC(600)   Other: 0.10ms
[269.300s][info][gc,heap        ] GC(600) Eden regions: 298->0(181)
[269.300s][info][gc,heap        ] GC(600) Survivor regions: 17->40(40)
[269.300s][info][gc,heap        ] GC(600) Old regions: 575->654
[269.300s][info][gc,heap        ] GC(600) Humongous regions: 13->13
[269.300s][info][gc,metaspace   ] GC(600) Metaspace: 18763K(18944K)->18763K(18944K) NonClass: 16096K(16192K)->16096K(16192K) Class: 2666K(2752K)->2666K(2752K)
[269.300s][info][gc             ] GC(600) Pause Young (Normal) (G1 Evacuation Pause) (Evacuation Failure: Allocation) 902M->706M(978M) 181.779ms
[269.300s][info][gc,cpu         ] GC(600) User=0.36s Sys=0.00s Real=0.18s
[269.325s][info][gc,start       ] GC(601) Pause Young (Normal) (G1 Evacuation Pause)
[269.325s][info][gc,task        ] GC(601) Using 2 workers of 2 for evacuation
[269.455s][info][gc,phases      ] GC(601)   Pre Evacuate Collection Set: 0.27ms
[269.456s][info][gc,phases      ] GC(601)   Merge Heap Roots: 6.58ms
[269.456s][info][gc,phases      ] GC(601)   Evacuate Collection Set: 87.36ms
[269.456s][info][gc,phases      ] GC(601)   Merge Optional Heap Roots: 0.12ms
[269.456s][info][gc,phases      ] GC(601)   Evacuate Optional Collection Set: 34.39ms
[269.456s][info][gc,phases      ] GC(601)   Post Evacuate Collection Set: 1.28ms
[269.456s][info][gc,phases      ] GC(601)   Other: 0.11ms
[269.456s][info][gc,heap        ] GC(601) Eden regions: 8->0(255)
[269.456s][info][gc,heap        ] GC(601) Survivor regions: 40->1(6)
[269.456s][info][gc,heap        ] GC(601) Old regions: 654->614
[269.456s][info][gc,heap        ] GC(601) Humongous regions: 13->13
[269.456s][info][gc,metaspace   ] GC(601) Metaspace: 18763K(18944K)->18763K(18944K) NonClass: 16096K(16192K)->16096K(16192K) Class: 2666K(2752K)->2666K(2752K)
[269.456s][info][gc             ] GC(601) Pause Young (Normal) (G1 Evacuation Pause) 714M->627M(978M) 130.366ms
[269.456s][info][gc,cpu         ] GC(601) User=0.26s Sys=0.00s Real=0.13s
[269.603s][info][gc,marking     ] GC(598) Concurrent Mark From Roots 1615.684ms
[269.603s][info][gc,marking     ] GC(598) Concurrent Preclean
[269.604s][info][gc,marking     ] GC(598) Concurrent Preclean 0.033ms
[269.604s][info][gc,start       ] GC(598) Pause Remark
[269.611s][info][gc             ] GC(598) Pause Remark 669M->669M(978M) 7.292ms
[269.611s][info][gc,cpu         ] GC(598) User=0.01s Sys=0.00s Real=0.00s
[269.611s][info][gc,marking     ] GC(598) Concurrent Mark 1623.271ms
[269.611s][info][gc,marking     ] GC(598) Concurrent Rebuild Remembered Sets and Scrub Regions
[270.097s][info][gc,marking     ] GC(598) Concurrent Rebuild Remembered Sets and Scrub Regions 486.438ms
[270.098s][info][gc,start       ] GC(598) Pause Cleanup
[270.098s][info][gc             ] GC(598) Pause Cleanup 873M->873M(978M) 0.086ms
[270.098s][info][gc,cpu         ] GC(598) User=0.00s Sys=0.00s Real=0.00s
[270.098s][info][gc,marking     ] GC(598) Concurrent Clear Claimed Marks
[270.098s][info][gc,marking     ] GC(598) Concurrent Clear Claimed Marks 0.040ms
[270.098s][info][gc,marking     ] GC(598) Concurrent Cleanup for Next Mark
[270.101s][info][gc,marking     ] GC(598) Concurrent Cleanup for Next Mark 2.852ms
[270.101s][info][gc             ] GC(598) Concurrent Mark Cycle 2315.076ms
[270.117s][info][gc,start       ] GC(602) Pause Young (Prepare Mixed) (G1 Evacuation Pause)
[270.117s][info][gc,task        ] GC(602) Using 2 workers of 2 for evacuation
[270.129s][info][gc,phases      ] GC(602)   Pre Evacuate Collection Set: 0.48ms
[270.129s][info][gc,phases      ] GC(602)   Merge Heap Roots: 0.45ms
[270.129s][info][gc,phases      ] GC(602)   Evacuate Collection Set: 10.43ms
[270.129s][info][gc,phases      ] GC(602)   Post Evacuate Collection Set: 0.44ms
[270.129s][info][gc,phases      ] GC(602)   Other: 0.09ms
[270.129s][info][gc,heap        ] GC(602) Eden regions: 255->0(270)
[270.129s][info][gc,heap        ] GC(602) Survivor regions: 1->1(32)
[270.129s][info][gc,heap        ] GC(602) Old regions: 614->614
[270.129s][info][gc,heap        ] GC(602) Humongous regions: 13->13
[270.129s][info][gc,metaspace   ] GC(602) Metaspace: 18763K(18944K)->18763K(18944K) NonClass: 16096K(16192K)->16096K(16192K) Class: 2666K(2752K)->2666K(2752K)
[270.129s][info][gc             ] GC(602) Pause Young (Prepare Mixed) (G1 Evacuation Pause) 882M->627M(978M) 12.107ms
[270.129s][info][gc,cpu         ] GC(602) User=0.02s Sys=0.00s Real=0.01s
[270.529s][info][gc,start       ] GC(603) Pause Young (Mixed) (G1 Evacuation Pause)
[270.529s][info][gc,task        ] GC(603) Using 2 workers of 2 for evacuation
[270.530s][info][gc,phases      ] GC(603)   Pre Evacuate Collection Set: 0.31ms
[270.530s][info][gc,phases      ] GC(603)   Merge Heap Roots: 0.11ms
[270.530s][info][gc,phases      ] GC(603)   Evacuate Collection Set: 0.50ms
[270.530s][info][gc,phases      ] GC(603)   Post Evacuate Collection Set: 0.44ms
[270.530s][info][gc,phases      ] GC(603)   Other: 0.09ms
[270.530s][info][gc,heap        ] GC(603) Eden regions: 270->0(289)
[270.530s][info][gc,heap        ] GC(603) Survivor regions: 1->1(34)
[270.530s][info][gc,heap        ] GC(603) Old regions: 614->605
[270.530s][info][gc,heap        ] GC(603) Humongous regions: 13->13
[270.530s][info][gc,metaspace   ] GC(603) Metaspace: 18763K(18944K)->18763K(18944K) NonClass: 16096K(16192K)->16096K(16192K) Class: 2666K(2752K)->2666K(2752K)
[270.530s][info][gc             ] GC(603) Pause Young (Mixed) (G1 Evacuation Pause) 897M->618M(978M) 1.676ms
[270.530s][info][gc,cpu         ] GC(603) User=0.00s Sys=0.00s Real=0.00s
[270.955s][info][gc,start       ] GC(604) Pause Young (Concurrent Start) (G1 Evacuation Pause)
[270.955s][info][gc,task        ] GC(604) Using 2 workers of 2 for evacuation
[270.956s][info][gc,phases      ] GC(604)   Pre Evacuate Collection Set: 0.34ms
[270.956s][info][gc,phases      ] GC(604)   Merge Heap Roots: 0.09ms
[270.956s][info][gc,phases      ] GC(604)   Evacuate Collection Set: 0.46ms
[270.956s][info][gc,phases      ] GC(604)   Post Evacuate Collection Set: 0.48ms
[270.956s][info][gc,phases      ] GC(604)   Other: 0.12ms
[270.956s][info][gc,heap        ] GC(604) Eden regions: 289->0(301)
[270.956s][info][gc,heap        ] GC(604) Survivor regions: 1->1(37)
[270.956s][info][gc,heap        ] GC(604) Old regions: 605->605
[270.956s][info][gc,heap        ] GC(604) Humongous regions: 13->13
[270.956s][info][gc,metaspace   ] GC(604) Metaspace: 18763K(18944K)->18763K(18944K) NonClass: 16096K(16192K)->16096K(16192K) Class: 2666K(2752K)->2666K(2752K)
[270.956s][info][gc             ] GC(604) Pause Young (Concurrent Start) (G1 Evacuation Pause) 907M->618M(978M) 1.725ms
[270.956s][info][gc,cpu         ] GC(604) User=0.01s Sys=0.00s Real=0.00s
[270.956s][info][gc             ] GC(605) Concurrent Mark Cycle
[270.956s][info][gc,marking     ] GC(605) Concurrent Scan Root Regions
[270.959s][info][gc,marking     ] GC(605) Concurrent Scan Root Regions 2.234ms
[270.959s][info][gc,marking     ] GC(605) Concurrent Mark
[270.959s][info][gc,marking     ] GC(605) Concurrent Mark From Roots
[270.959s][info][gc,task        ] GC(605) Using 1 workers of 1 for marking
[271.790s][info][gc,start       ] GC(606) Pause Young (Normal) (G1 Evacuation Pause)
[271.790s][info][gc,task        ] GC(606) Using 2 workers of 2 for evacuation
[271.813s][info][gc,phases      ] GC(606)   Pre Evacuate Collection Set: 0.50ms
[271.813s][info][gc,phases      ] GC(606)   Merge Heap Roots: 0.18ms
[271.813s][info][gc,phases      ] GC(606)   Evacuate Collection Set: 21.76ms
[271.813s][info][gc,phases      ] GC(606)   Post Evacuate Collection Set: 0.49ms
[271.813s][info][gc,phases      ] GC(606)   Other: 0.10ms
[271.813s][info][gc,heap        ] GC(606) Eden regions: 301->0(272)
[271.813s][info][gc,heap        ] GC(606) Survivor regions: 1->19(38)
[271.813s][info][gc,heap        ] GC(606) Old regions: 605->605
[271.813s][info][gc,heap        ] GC(606) Humongous regions: 13->13
[271.813s][info][gc,metaspace   ] GC(606) Metaspace: 18763K(18944K)->18763K(18944K) NonClass: 16096K(16192K)->16096K(16192K) Class: 2666K(2752K)->2666K(2752K)
[271.813s][info][gc             ] GC(606) Pause Young (Normal) (G1 Evacuation Pause) 919M->636M(978M) 23.291ms
[271.813s][info][gc,cpu         ] GC(606) User=0.05s Sys=0.01s Real=0.03s
[272.300s][info][gc,marking     ] GC(605) Concurrent Mark From Roots 1340.942ms
[272.300s][info][gc,marking     ] GC(605) Concurrent Preclean
[272.300s][info][gc,marking     ] GC(605) Concurrent Preclean 0.036ms
[272.300s][info][gc,start       ] GC(605) Pause Remark
[272.307s][info][gc             ] GC(605) Pause Remark 901M->816M(978M) 7.368ms
[272.307s][info][gc,cpu         ] GC(605) User=0.01s Sys=0.00s Real=0.01s
[272.308s][info][gc,marking     ] GC(605) Concurrent Mark 1349.585ms
[272.308s][info][gc,marking     ] GC(605) Concurrent Rebuild Remembered Sets and Scrub Regions
[272.322s][info][gc,start       ] GC(607) Pause Young (Normal) (G1 Evacuation Pause)
[272.322s][info][gc,task        ] GC(607) Using 2 workers of 2 for evacuation
[272.357s][info][gc,phases      ] GC(607)   Pre Evacuate Collection Set: 0.28ms
[272.357s][info][gc,phases      ] GC(607)   Merge Heap Roots: 0.25ms
[272.357s][info][gc,phases      ] GC(607)   Evacuate Collection Set: 34.14ms
[272.357s][info][gc,phases      ] GC(607)   Post Evacuate Collection Set: 0.48ms
[272.358s][info][gc,phases      ] GC(607)   Other: 0.09ms
[272.358s][info][gc,heap        ] GC(607) Eden regions: 272->0(329)
[272.358s][info][gc,heap        ] GC(607) Survivor regions: 19->33(37)
[272.358s][info][gc,heap        ] GC(607) Old regions: 526->526
[272.358s][info][gc,heap        ] GC(607) Humongous regions: 7->7
[272.358s][info][gc,metaspace   ] GC(607) Metaspace: 18763K(18944K)->18763K(18944K) NonClass: 16096K(16192K)->16096K(16192K) Class: 2666K(2752K)->2666K(2752K)
[272.358s][info][gc             ] GC(607) Pause Young (Normal) (G1 Evacuation Pause) 823M->565M(978M) 35.441ms
[272.358s][info][gc,cpu         ] GC(607) User=0.07s Sys=0.00s Real=0.04s
[272.717s][info][gc,marking     ] GC(605) Concurrent Rebuild Remembered Sets and Scrub Regions 408.656ms
[272.717s][info][gc,start       ] GC(605) Pause Cleanup
[272.717s][info][gc             ] GC(605) Pause Cleanup 785M->785M(978M) 0.130ms
[272.717s][info][gc,cpu         ] GC(605) User=0.00s Sys=0.00s Real=0.00s
[272.717s][info][gc,marking     ] GC(605) Concurrent Clear Claimed Marks
[272.717s][info][gc,marking     ] GC(605) Concurrent Clear Claimed Marks 0.029ms
[272.717s][info][gc,marking     ] GC(605) Concurrent Cleanup for Next Mark
[272.720s][info][gc,marking     ] GC(605) Concurrent Cleanup for Next Mark 2.810ms
[272.720s][info][gc             ] GC(605) Concurrent Mark Cycle 1763.784ms
[272.957s][info][gc,start       ] GC(608) Pause Young (Prepare Mixed) (G1 Evacuation Pause)
[272.957s][info][gc,task        ] GC(608) Using 2 workers of 2 for evacuation
[272.999s][info][gc,phases      ] GC(608)   Pre Evacuate Collection Set: 0.54ms
[272.999s][info][gc,phases      ] GC(608)   Merge Heap Roots: 0.27ms
[272.999s][info][gc,phases      ] GC(608)   Evacuate Collection Set: 39.84ms
[272.999s][info][gc,phases      ] GC(608)   Post Evacuate Collection Set: 0.57ms
[272.999s][info][gc,phases      ] GC(608)   Other: 0.11ms
[272.999s][info][gc,heap        ] GC(608) Eden regions: 329->0(332)
[272.999s][info][gc,heap        ] GC(608) Survivor regions: 33->22(46)
[272.999s][info][gc,heap        ] GC(608) Old regions: 526->545
[272.999s][info][gc,heap        ] GC(608) Humongous regions: 7->7
[272.999s][info][gc,metaspace   ] GC(608) Metaspace: 18763K(18944K)->18763K(18944K) NonClass: 16096K(16192K)->16096K(16192K) Class: 2666K(2752K)->2666K(2752K)
[272.999s][info][gc             ] GC(608) Pause Young (Prepare Mixed) (G1 Evacuation Pause) 894M->573M(978M) 41.568ms
[272.999s][info][gc,cpu         ] GC(608) User=0.08s Sys=0.00s Real=0.04s
[273.577s][info][gc,start       ] GC(609) Pause Young (Mixed) (G1 Evacuation Pause)
[273.577s][info][gc,task        ] GC(609) Using 2 workers of 2 for evacuation
[273.612s][info][gc,phases      ] GC(609)   Pre Evacuate Collection Set: 0.33ms
[273.612s][info][gc,phases      ] GC(609)   Merge Heap Roots: 0.27ms
[273.612s][info][gc,phases      ] GC(609)   Evacuate Collection Set: 33.12ms
[273.612s][info][gc,phases      ] GC(609)   Post Evacuate Collection Set: 0.61ms
[273.612s][info][gc,phases      ] GC(609)   Other: 0.11ms
[273.612s][info][gc,heap        ] GC(609) Eden regions: 332->0(378)
[273.612s][info][gc,heap        ] GC(609) Survivor regions: 22->31(45)
[273.612s][info][gc,heap        ] GC(609) Old regions: 545->481
[273.612s][info][gc,heap        ] GC(609) Humongous regions: 7->7
[273.612s][info][gc,metaspace   ] GC(609) Metaspace: 18763K(18944K)->18763K(18944K) NonClass: 16096K(16192K)->16096K(16192K) Class: 2666K(2752K)->2666K(2752K)
[273.612s][info][gc             ] GC(609) Pause Young (Mixed) (G1 Evacuation Pause) 905M->517M(978M) 34.677ms
[273.612s][info][gc,cpu         ] GC(609) User=0.07s Sys=0.01s Real=0.03s
[274.049s][info][gc,start       ] GC(610) Pause Young (Concurrent Start) (G1 Evacuation Pause)
[274.049s][info][gc,task        ] GC(610) Using 2 workers of 2 for evacuation
[274.128s][info][gc,phases      ] GC(610)   Pre Evacuate Collection Set: 0.29ms
[274.128s][info][gc,phases      ] GC(610)   Merge Heap Roots: 0.19ms
[274.128s][info][gc,phases      ] GC(610)   Evacuate Collection Set: 76.04ms
[274.128s][info][gc,phases      ] GC(610)   Post Evacuate Collection Set: 2.70ms
[274.128s][info][gc,phases      ] GC(610)   Other: 0.14ms
[274.128s][info][gc,heap        ] GC(610) Eden regions: 378->0(266)
[274.128s][info][gc,heap        ] GC(610) Survivor regions: 31->52(52)
[274.128s][info][gc,heap        ] GC(610) Old regions: 481->551
[274.128s][info][gc,heap        ] GC(610) Humongous regions: 7->7
[274.128s][info][gc,metaspace   ] GC(610) Metaspace: 18763K(18944K)->18763K(18944K) NonClass: 16096K(16192K)->16096K(16192K) Class: 2666K(2752K)->2666K(2752K)
[274.128s][info][gc             ] GC(610) Pause Young (Concurrent Start) (G1 Evacuation Pause) (Evacuation Failure: Allocation) 895M->609M(978M) 79.701ms
[274.128s][info][gc,cpu         ] GC(610) User=0.16s Sys=0.00s Real=0.08s
[274.128s][info][gc             ] GC(611) Concurrent Mark Cycle
[274.128s][info][gc,marking     ] GC(611) Concurrent Scan Root Regions
[274.222s][info][gc,marking     ] GC(611) Concurrent Scan Root Regions 93.163ms
[274.222s][info][gc,marking     ] GC(611) Concurrent Mark
[274.222s][info][gc,marking     ] GC(611) Concurrent Mark From Roots
[274.222s][info][gc,task        ] GC(611) Using 1 workers of 1 for marking
[275.013s][info][gc,marking     ] GC(611) Concurrent Mark From Roots 791.109ms
[275.013s][info][gc,start       ] GC(612) Pause Young (Normal) (G1 Evacuation Pause)
[275.013s][info][gc,task        ] GC(612) Using 2 workers of 2 for evacuation
[275.013s][info][gc,marking     ] GC(611) Concurrent Preclean
[275.088s][info][gc,phases      ] GC(612)   Pre Evacuate Collection Set: 0.31ms
[275.088s][info][gc,phases      ] GC(612)   Merge Heap Roots: 0.40ms
[275.088s][info][gc,phases      ] GC(612)   Evacuate Collection Set: 73.25ms
[275.088s][info][gc,phases      ] GC(612)   Post Evacuate Collection Set: 0.66ms
[275.088s][info][gc,phases      ] GC(612)   Other: 0.12ms
[275.088s][info][gc,heap        ] GC(612) Eden regions: 266->0(305)
[275.088s][info][gc,heap        ] GC(612) Survivor regions: 52->13(40)
[275.088s][info][gc,heap        ] GC(612) Old regions: 551->568
[275.088s][info][gc,heap        ] GC(612) Humongous regions: 10->10
[275.088s][info][gc,metaspace   ] GC(612) Metaspace: 18763K(18944K)->18763K(18944K) NonClass: 16096K(16192K)->16096K(16192K) Class: 2666K(2752K)->2666K(2752K)
[275.088s][info][gc             ] GC(612) Pause Young (Normal) (G1 Evacuation Pause) 878M->590M(978M) 74.952ms
[275.088s][info][gc,cpu         ] GC(612) User=0.15s Sys=0.00s Real=0.08s
[275.090s][info][gc,marking     ] GC(611) Concurrent Preclean 76.602ms
[275.091s][info][gc,start       ] GC(611) Pause Remark
[275.098s][info][gc             ] GC(611) Pause Remark 591M->451M(978M) 7.301ms
[275.098s][info][gc,cpu         ] GC(611) User=0.02s Sys=0.00s Real=0.01s
[275.099s][info][gc,marking     ] GC(611) Concurrent Mark 877.689ms
[275.099s][info][gc,marking     ] GC(611) Concurrent Rebuild Remembered Sets and Scrub Regions
[275.450s][info][gc,marking     ] GC(611) Concurrent Rebuild Remembered Sets and Scrub Regions 350.392ms
[275.450s][info][gc,start       ] GC(611) Pause Cleanup
[275.450s][info][gc             ] GC(611) Pause Cleanup 608M->608M(978M) 0.093ms
[275.450s][info][gc,cpu         ] GC(611) User=0.00s Sys=0.00s Real=0.00s
[275.450s][info][gc,marking     ] GC(611) Concurrent Clear Claimed Marks
[275.450s][info][gc,marking     ] GC(611) Concurrent Clear Claimed Marks 0.028ms
[275.450s][info][gc,marking     ] GC(611) Concurrent Cleanup for Next Mark
[275.453s][info][gc,marking     ] GC(611) Concurrent Cleanup for Next Mark 2.834ms
[275.453s][info][gc             ] GC(611) Concurrent Mark Cycle 1324.604ms
[275.671s][info][gc,start       ] GC(613) Pause Young (Prepare Mixed) (G1 Evacuation Pause)
[275.671s][info][gc,task        ] GC(613) Using 2 workers of 2 for evacuation
[275.695s][info][gc,phases      ] GC(613)   Pre Evacuate Collection Set: 0.31ms
[275.695s][info][gc,phases      ] GC(613)   Merge Heap Roots: 0.46ms
[275.695s][info][gc,phases      ] GC(613)   Evacuate Collection Set: 22.49ms
[275.695s][info][gc,phases      ] GC(613)   Post Evacuate Collection Set: 0.62ms
[275.695s][info][gc,phases      ] GC(613)   Other: 0.11ms
[275.695s][info][gc,heap        ] GC(613) Eden regions: 305->0(431)
[275.695s][info][gc,heap        ] GC(613) Survivor regions: 13->12(40)
[275.695s][info][gc,heap        ] GC(613) Old regions: 430->430
[275.695s][info][gc,heap        ] GC(613) Humongous regions: 8->8
[275.695s][info][gc,metaspace   ] GC(613) Metaspace: 18763K(18944K)->18763K(18944K) NonClass: 16096K(16192K)->16096K(16192K) Class: 2666K(2752K)->2666K(2752K)
[275.695s][info][gc             ] GC(613) Pause Young (Prepare Mixed) (G1 Evacuation Pause) 755M->449M(978M) 24.288ms
[275.695s][info][gc,cpu         ] GC(613) User=0.04s Sys=0.00s Real=0.03s
[276.297s][info][gc,start       ] GC(614) Pause Young (Mixed) (G1 Evacuation Pause)
[276.297s][info][gc,task        ] GC(614) Using 2 workers of 2 for evacuation
[276.335s][info][gc,phases      ] GC(614)   Pre Evacuate Collection Set: 0.34ms
[276.335s][info][gc,phases      ] GC(614)   Merge Heap Roots: 0.38ms
[276.335s][info][gc,phases      ] GC(614)   Evacuate Collection Set: 36.70ms
[276.335s][info][gc,phases      ] GC(614)   Post Evacuate Collection Set: 0.72ms
[276.335s][info][gc,phases      ] GC(614)   Other: 0.11ms
[276.335s][info][gc,heap        ] GC(614) Eden regions: 431->0(445)
[276.335s][info][gc,heap        ] GC(614) Survivor regions: 12->24(56)
[276.335s][info][gc,heap        ] GC(614) Old regions: 430->408
[276.335s][info][gc,heap        ] GC(614) Humongous regions: 8->8
[276.335s][info][gc,metaspace   ] GC(614) Metaspace: 18763K(18944K)->18763K(18944K) NonClass: 16096K(16192K)->16096K(16192K) Class: 2666K(2752K)->2666K(2752K)
[276.335s][info][gc             ] GC(614) Pause Young (Mixed) (G1 Evacuation Pause) 880M->439M(978M) 38.491ms
[276.335s][info][gc,cpu         ] GC(614) User=0.07s Sys=0.00s Real=0.04s
[276.741s][info][gc,start       ] GC(615) Pause Young (Concurrent Start) (G1 Evacuation Pause)
[276.741s][info][gc,task        ] GC(615) Using 2 workers of 2 for evacuation
[276.802s][info][gc,phases      ] GC(615)   Pre Evacuate Collection Set: 0.50ms
[276.802s][info][gc,phases      ] GC(615)   Merge Heap Roots: 0.57ms
[276.802s][info][gc,phases      ] GC(615)   Evacuate Collection Set: 59.36ms
[276.802s][info][gc,phases      ] GC(615)   Post Evacuate Collection Set: 0.79ms
[276.802s][info][gc,phases      ] GC(615)   Other: 0.23ms
[276.802s][info][gc,heap        ] GC(615) Eden regions: 445->0(428)
[276.802s][info][gc,heap        ] GC(615) Survivor regions: 24->42(59)
[276.802s][info][gc,heap        ] GC(615) Old regions: 408->408
[276.802s][info][gc,heap        ] GC(615) Humongous regions: 8->8
[276.802s][info][gc,metaspace   ] GC(615) Metaspace: 18763K(18944K)->18763K(18944K) NonClass: 16096K(16192K)->16096K(16192K) Class: 2666K(2752K)->2666K(2752K)
[276.803s][info][gc             ] GC(615) Pause Young (Concurrent Start) (G1 Evacuation Pause) 884M->457M(978M) 61.719ms
[276.803s][info][gc             ] GC(616) Concurrent Mark Cycle
[276.803s][info][gc,marking     ] GC(616) Concurrent Scan Root Regions
[276.805s][info][gc,cpu         ] GC(615) User=0.12s Sys=0.01s Real=0.07s
[276.865s][info][gc,marking     ] GC(616) Concurrent Scan Root Regions 61.977ms
[276.865s][info][gc,marking     ] GC(616) Concurrent Mark
[276.865s][info][gc,marking     ] GC(616) Concurrent Mark From Roots
[276.865s][info][gc,task        ] GC(616) Using 1 workers of 1 for marking
[277.440s][info][gc,marking     ] GC(616) Concurrent Mark From Roots 574.970ms
[277.440s][info][gc,marking     ] GC(616) Concurrent Preclean
[277.440s][info][gc,marking     ] GC(616) Concurrent Preclean 0.038ms
[277.440s][info][gc,start       ] GC(616) Pause Remark
[277.448s][info][gc             ] GC(616) Pause Remark 773M->694M(978M) 7.398ms
[277.448s][info][gc,cpu         ] GC(616) User=0.01s Sys=0.00s Real=0.01s
[277.448s][info][gc,marking     ] GC(616) Concurrent Mark 583.196ms
[277.448s][info][gc,marking     ] GC(616) Concurrent Rebuild Remembered Sets and Scrub Regions
[277.667s][info][gc,start       ] GC(617) Pause Young (Normal) (G1 Evacuation Pause)
[277.667s][info][gc,task        ] GC(617) Using 2 workers of 2 for evacuation
[277.808s][info][gc,phases      ] GC(617)   Pre Evacuate Collection Set: 0.49ms
[277.808s][info][gc,phases      ] GC(617)   Merge Heap Roots: 0.80ms
[277.808s][info][gc,phases      ] GC(617)   Evacuate Collection Set: 139.07ms
[277.808s][info][gc,phases      ] GC(617)   Post Evacuate Collection Set: 0.80ms
[277.808s][info][gc,phases      ] GC(617)   Other: 0.13ms
[277.808s][info][gc,heap        ] GC(617) Eden regions: 428->0(406)
[277.808s][info][gc,heap        ] GC(617) Survivor regions: 42->59(59)
[277.808s][info][gc,heap        ] GC(617) Old regions: 332->384
[277.808s][info][gc,heap        ] GC(617) Humongous regions: 5->5
[277.808s][info][gc,metaspace   ] GC(617) Metaspace: 18763K(18944K)->18763K(18944K) NonClass: 16096K(16192K)->16096K(16192K) Class: 2666K(2752K)->2666K(2752K)
[277.808s][info][gc             ] GC(617) Pause Young (Normal) (G1 Evacuation Pause) 806M->447M(978M) 141.578ms
[277.808s][info][gc,cpu         ] GC(617) User=0.28s Sys=0.00s Real=0.14s
[277.860s][info][gc,marking     ] GC(616) Concurrent Rebuild Remembered Sets and Scrub Regions 411.670ms
[277.860s][info][gc,start       ] GC(616) Pause Cleanup
[277.860s][info][gc             ] GC(616) Pause Cleanup 495M->495M(978M) 0.101ms
[277.860s][info][gc,cpu         ] GC(616) User=0.00s Sys=0.00s Real=0.00s
[277.861s][info][gc,marking     ] GC(616) Concurrent Clear Claimed Marks
[277.861s][info][gc,marking     ] GC(616) Concurrent Clear Claimed Marks 0.058ms
[277.861s][info][gc,marking     ] GC(616) Concurrent Cleanup for Next Mark
[277.868s][info][gc,marking     ] GC(616) Concurrent Cleanup for Next Mark 7.043ms
[277.868s][info][gc             ] GC(616) Concurrent Mark Cycle 1065.286ms
[278.192s][info][gc,start       ] GC(618) Pause Young (Prepare Mixed) (G1 Evacuation Pause)
[278.192s][info][gc,task        ] GC(618) Using 2 workers of 2 for evacuation
[278.274s][info][gc,phases      ] GC(618)   Pre Evacuate Collection Set: 0.53ms
[278.274s][info][gc,phases      ] GC(618)   Merge Heap Roots: 0.90ms
[278.274s][info][gc,phases      ] GC(618)   Evacuate Collection Set: 79.50ms
[278.274s][info][gc,phases      ] GC(618)   Post Evacuate Collection Set: 0.77ms
[278.274s][info][gc,phases      ] GC(618)   Other: 0.09ms
[278.274s][info][gc,heap        ] GC(618) Eden regions: 406->0(403)
[278.274s][info][gc,heap        ] GC(618) Survivor regions: 59->18(59)
[278.274s][info][gc,heap        ] GC(618) Old regions: 384->443
[278.274s][info][gc,heap        ] GC(618) Humongous regions: 5->5
[278.274s][info][gc,metaspace   ] GC(618) Metaspace: 18763K(18944K)->18763K(18944K) NonClass: 16096K(16192K)->16096K(16192K) Class: 2666K(2752K)->2666K(2752K)
[278.274s][info][gc             ] GC(618) Pause Young (Prepare Mixed) (G1 Evacuation Pause) 853M->465M(978M) 82.034ms
[278.274s][info][gc,cpu         ] GC(618) User=0.16s Sys=0.00s Real=0.09s
[278.674s][info][gc,start       ] GC(619) Pause Young (Mixed) (G1 Evacuation Pause)
[278.674s][info][gc,task        ] GC(619) Using 2 workers of 2 for evacuation
[278.754s][info][gc,phases      ] GC(619)   Pre Evacuate Collection Set: 0.51ms
[278.754s][info][gc,phases      ] GC(619)   Merge Heap Roots: 0.67ms
[278.754s][info][gc,phases      ] GC(619)   Evacuate Collection Set: 77.64ms
[278.754s][info][gc,phases      ] GC(619)   Post Evacuate Collection Set: 0.76ms
[278.754s][info][gc,phases      ] GC(619)   Other: 0.08ms
[278.754s][info][gc,heap        ] GC(619) Eden regions: 403->0(398)
[278.754s][info][gc,heap        ] GC(619) Survivor regions: 18->53(53)
[278.754s][info][gc,heap        ] GC(619) Old regions: 443->402
[278.754s][info][gc,heap        ] GC(619) Humongous regions: 5->5
[278.754s][info][gc,metaspace   ] GC(619) Metaspace: 18763K(18944K)->18763K(18944K) NonClass: 16097K(16192K)->16097K(16192K) Class: 2666K(2752K)->2666K(2752K)
[278.754s][info][gc             ] GC(619) Pause Young (Mixed) (G1 Evacuation Pause) 868M->459M(978M) 79.908ms
[278.754s][info][gc,cpu         ] GC(619) User=0.16s Sys=0.00s Real=0.08s
[279.275s][info][gc,start       ] GC(620) Pause Young (Concurrent Start) (G1 Evacuation Pause)
[279.275s][info][gc,task        ] GC(620) Using 2 workers of 2 for evacuation
[279.374s][info][gc,phases      ] GC(620)   Pre Evacuate Collection Set: 0.33ms
[279.374s][info][gc,phases      ] GC(620)   Merge Heap Roots: 0.35ms
[279.374s][info][gc,phases      ] GC(620)   Evacuate Collection Set: 97.16ms
[279.374s][info][gc,phases      ] GC(620)   Post Evacuate Collection Set: 0.66ms
[279.374s][info][gc,phases      ] GC(620)   Other: 0.19ms
[279.374s][info][gc,heap        ] GC(620) Eden regions: 398->0(348)
[279.374s][info][gc,heap        ] GC(620) Survivor regions: 53->53(57)
[279.374s][info][gc,heap        ] GC(620) Old regions: 402->456
[279.374s][info][gc,heap        ] GC(620) Humongous regions: 5->5
[279.374s][info][gc,metaspace   ] GC(620) Metaspace: 18763K(18944K)->18763K(18944K) NonClass: 16097K(16192K)->16097K(16192K) Class: 2666K(2752K)->2666K(2752K)
[279.374s][info][gc             ] GC(620) Pause Young (Concurrent Start) (G1 Evacuation Pause) 857M->513M(978M) 98.919ms
[279.374s][info][gc,cpu         ] GC(620) User=0.19s Sys=0.00s Real=0.10s
[279.374s][info][gc             ] GC(621) Concurrent Mark Cycle
[279.374s][info][gc,marking     ] GC(621) Concurrent Scan Root Regions
[279.486s][info][gc,marking     ] GC(621) Concurrent Scan Root Regions 112.540ms
[279.486s][info][gc,marking     ] GC(621) Concurrent Mark
[279.486s][info][gc,marking     ] GC(621) Concurrent Mark From Roots
[279.486s][info][gc,task        ] GC(621) Using 1 workers of 1 for marking
[279.935s][info][gc,start       ] GC(622) Pause Young (Normal) (G1 Evacuation Pause)
[279.935s][info][gc,task        ] GC(622) Using 2 workers of 2 for evacuation
[279.995s][info][gc,phases      ] GC(622)   Pre Evacuate Collection Set: 0.34ms
[279.995s][info][gc,phases      ] GC(622)   Merge Heap Roots: 0.45ms
[279.995s][info][gc,phases      ] GC(622)   Evacuate Collection Set: 58.56ms
[279.995s][info][gc,phases      ] GC(622)   Post Evacuate Collection Set: 0.60ms
[279.995s][info][gc,phases      ] GC(622)   Other: 0.10ms
[279.995s][info][gc,heap        ] GC(622) Eden regions: 348->0(353)
[279.995s][info][gc,heap        ] GC(622) Survivor regions: 53->11(51)
[279.995s][info][gc,heap        ] GC(622) Old regions: 456->509
[279.995s][info][gc,heap        ] GC(622) Humongous regions: 5->5
[279.995s][info][gc,metaspace   ] GC(622) Metaspace: 18763K(18944K)->18763K(18944K) NonClass: 16097K(16192K)->16097K(16192K) Class: 2666K(2752K)->2666K(2752K)
[279.995s][info][gc             ] GC(622) Pause Young (Normal) (G1 Evacuation Pause) 861M->523M(978M) 60.254ms
[279.995s][info][gc,cpu         ] GC(622) User=0.11s Sys=0.00s Real=0.06s
[280.605s][info][gc,marking     ] GC(621) Concurrent Mark From Roots 1118.272ms
[280.605s][info][gc,marking     ] GC(621) Concurrent Preclean
[280.605s][info][gc,marking     ] GC(621) Concurrent Preclean 0.039ms
[280.605s][info][gc,start       ] GC(621) Pause Remark
[280.612s][info][gc             ] GC(621) Pause Remark 771M->771M(978M) 7.326ms
[280.612s][info][gc,cpu         ] GC(621) User=0.02s Sys=0.00s Real=0.00s
[280.614s][info][gc,marking     ] GC(621) Concurrent Mark 1127.484ms
[280.614s][info][gc,marking     ] GC(621) Concurrent Rebuild Remembered Sets and Scrub Regions
[280.827s][info][gc,start       ] GC(623) Pause Young (Normal) (G1 Evacuation Pause)
[280.827s][info][gc,task        ] GC(623) Using 2 workers of 2 for evacuation
[280.889s][info][gc,phases      ] GC(623)   Pre Evacuate Collection Set: 0.28ms
[280.889s][info][gc,phases      ] GC(623)   Merge Heap Roots: 0.43ms
[280.889s][info][gc,phases      ] GC(623)   Evacuate Collection Set: 61.20ms
[280.889s][info][gc,phases      ] GC(623)   Post Evacuate Collection Set: 0.66ms
[280.889s][info][gc,phases      ] GC(623)   Other: 0.08ms
[280.889s][info][gc,heap        ] GC(623) Eden regions: 353->0(323)
[280.889s][info][gc,heap        ] GC(623) Survivor regions: 11->43(46)
[280.889s][info][gc,heap        ] GC(623) Old regions: 509->509
[280.889s][info][gc,heap        ] GC(623) Humongous regions: 8->8
[280.889s][info][gc,metaspace   ] GC(623) Metaspace: 18767K(18944K)->18767K(18944K) NonClass: 16101K(16192K)->16101K(16192K) Class: 2666K(2752K)->2666K(2752K)
[280.889s][info][gc             ] GC(623) Pause Young (Normal) (G1 Evacuation Pause) 879M->559M(978M) 62.920ms
[280.890s][info][gc,cpu         ] GC(623) User=0.12s Sys=0.00s Real=0.06s
[281.178s][info][gc,marking     ] GC(621) Concurrent Rebuild Remembered Sets and Scrub Regions 564.045ms
[281.178s][info][gc,start       ] GC(621) Pause Cleanup
[281.178s][info][gc             ] GC(621) Pause Cleanup 766M->766M(978M) 0.117ms
[281.178s][info][gc,cpu         ] GC(621) User=0.00s Sys=0.00s Real=0.00s
[281.178s][info][gc,marking     ] GC(621) Concurrent Clear Claimed Marks
[281.178s][info][gc,marking     ] GC(621) Concurrent Clear Claimed Marks 0.036ms
[281.178s][info][gc,marking     ] GC(621) Concurrent Cleanup for Next Mark
[281.183s][info][gc,marking     ] GC(621) Concurrent Cleanup for Next Mark 4.860ms
[281.183s][info][gc             ] GC(621) Concurrent Mark Cycle 1809.580ms
[281.349s][info][gc,start       ] GC(624) Pause Young (Prepare Mixed) (G1 Evacuation Pause)
[281.349s][info][gc,task        ] GC(624) Using 2 workers of 2 for evacuation
[281.435s][info][gc,phases      ] GC(624)   Pre Evacuate Collection Set: 0.52ms
[281.435s][info][gc,phases      ] GC(624)   Merge Heap Roots: 0.93ms
[281.435s][info][gc,phases      ] GC(624)   Evacuate Collection Set: 83.56ms
[281.435s][info][gc,phases      ] GC(624)   Post Evacuate Collection Set: 0.61ms
[281.435s][info][gc,phases      ] GC(624)   Other: 0.10ms
[281.435s][info][gc,heap        ] GC(624) Eden regions: 323->0(309)
[281.435s][info][gc,heap        ] GC(624) Survivor regions: 43->23(46)
[281.435s][info][gc,heap        ] GC(624) Old regions: 509->551
[281.435s][info][gc,heap        ] GC(624) Humongous regions: 8->8
[281.435s][info][gc,metaspace   ] GC(624) Metaspace: 18768K(18944K)->18768K(18944K) NonClass: 16102K(16192K)->16102K(16192K) Class: 2666K(2752K)->2666K(2752K)
[281.435s][info][gc             ] GC(624) Pause Young (Prepare Mixed) (G1 Evacuation Pause) 882M->581M(978M) 85.980ms
[281.435s][info][gc,cpu         ] GC(624) User=0.16s Sys=0.00s Real=0.09s
[281.742s][info][gc,start       ] GC(625) Pause Young (Mixed) (G1 Evacuation Pause)
[281.743s][info][gc,task        ] GC(625) Using 2 workers of 2 for evacuation
[281.779s][info][gc,phases      ] GC(625)   Pre Evacuate Collection Set: 0.57ms
[281.779s][info][gc,phases      ] GC(625)   Merge Heap Roots: 0.32ms
[281.779s][info][gc,phases      ] GC(625)   Evacuate Collection Set: 34.55ms
[281.779s][info][gc,phases      ] GC(625)   Post Evacuate Collection Set: 0.53ms
[281.779s][info][gc,phases      ] GC(625)   Other: 0.10ms
[281.779s][info][gc,heap        ] GC(625) Eden regions: 309->0(323)
[281.779s][info][gc,heap        ] GC(625) Survivor regions: 23->6(42)
[281.779s][info][gc,heap        ] GC(625) Old regions: 551->563
[281.779s][info][gc,heap        ] GC(625) Humongous regions: 8->8
[281.779s][info][gc,metaspace   ] GC(625) Metaspace: 18768K(18944K)->18768K(18944K) NonClass: 16102K(16192K)->16102K(16192K) Class: 2666K(2752K)->2666K(2752K)
[281.779s][info][gc             ] GC(625) Pause Young (Mixed) (G1 Evacuation Pause) 890M->576M(978M) 36.328ms
[281.779s][info][gc,cpu         ] GC(625) User=0.08s Sys=0.00s Real=0.04s
[282.385s][info][gc,start       ] GC(626) Pause Young (Concurrent Start) (G1 Evacuation Pause)
[282.385s][info][gc,task        ] GC(626) Using 2 workers of 2 for evacuation
[282.400s][info][gc,phases      ] GC(626)   Pre Evacuate Collection Set: 0.31ms
[282.400s][info][gc,phases      ] GC(626)   Merge Heap Roots: 0.31ms
[282.400s][info][gc,phases      ] GC(626)   Evacuate Collection Set: 13.94ms
[282.400s][info][gc,phases      ] GC(626)   Post Evacuate Collection Set: 0.53ms
[282.400s][info][gc,phases      ] GC(626)   Other: 0.10ms
[282.400s][info][gc,heap        ] GC(626) Eden regions: 323->0(331)
[282.400s][info][gc,heap        ] GC(626) Survivor regions: 6->9(42)
[282.400s][info][gc,heap        ] GC(626) Old regions: 563->563
[282.400s][info][gc,heap        ] GC(626) Humongous regions: 8->8
[282.400s][info][gc,metaspace   ] GC(626) Metaspace: 18769K(18944K)->18769K(18944K) NonClass: 16103K(16192K)->16103K(16192K) Class: 2666K(2752K)->2666K(2752K)
[282.400s][info][gc             ] GC(626) Pause Young (Concurrent Start) (G1 Evacuation Pause) 899M->579M(978M) 15.468ms
[282.400s][info][gc,cpu         ] GC(626) User=0.03s Sys=0.00s Real=0.01s
[282.400s][info][gc             ] GC(627) Concurrent Mark Cycle
[282.400s][info][gc,marking     ] GC(627) Concurrent Scan Root Regions
[282.416s][info][gc,marking     ] GC(627) Concurrent Scan Root Regions 15.965ms
[282.416s][info][gc,marking     ] GC(627) Concurrent Mark
[282.416s][info][gc,marking     ] GC(627) Concurrent Mark From Roots
[282.416s][info][gc,task        ] GC(627) Using 1 workers of 1 for marking
[284.045s][info][gc,start       ] GC(628) Pause Young (Normal) (G1 Evacuation Pause)
[284.045s][info][gc,task        ] GC(628) Using 2 workers of 2 for evacuation
[284.078s][info][gc,phases      ] GC(628)   Pre Evacuate Collection Set: 0.31ms
[284.078s][info][gc,phases      ] GC(628)   Merge Heap Roots: 0.26ms
[284.078s][info][gc,phases      ] GC(628)   Evacuate Collection Set: 31.75ms
[284.078s][info][gc,phases      ] GC(628)   Post Evacuate Collection Set: 0.53ms
[284.078s][info][gc,phases      ] GC(628)   Other: 0.10ms
[284.078s][info][gc,heap        ] GC(628) Eden regions: 331->0(297)
[284.078s][info][gc,heap        ] GC(628) Survivor regions: 9->30(43)
[284.078s][info][gc,heap        ] GC(628) Old regions: 563->563
[284.078s][info][gc,heap        ] GC(628) Humongous regions: 8->8
[284.078s][info][gc,metaspace   ] GC(628) Metaspace: 18769K(18944K)->18769K(18944K) NonClass: 16103K(16192K)->16103K(16192K) Class: 2666K(2752K)->2666K(2752K)
[284.078s][info][gc             ] GC(628) Pause Young (Normal) (G1 Evacuation Pause) 910M->600M(978M) 33.165ms
[284.078s][info][gc,cpu         ] GC(628) User=0.06s Sys=0.00s Real=0.03s
[284.173s][info][gc,marking     ] GC(627) Concurrent Mark From Roots 1756.704ms
[284.173s][info][gc,marking     ] GC(627) Concurrent Preclean
[284.173s][info][gc,marking     ] GC(627) Concurrent Preclean 0.050ms
[284.173s][info][gc,start       ] GC(627) Pause Remark
[284.180s][info][gc             ] GC(627) Pause Remark 626M->625M(978M) 7.236ms
[284.180s][info][gc,cpu         ] GC(627) User=0.01s Sys=0.00s Real=0.00s
[284.181s][info][gc,marking     ] GC(627) Concurrent Mark 1765.103ms
[284.181s][info][gc,marking     ] GC(627) Concurrent Rebuild Remembered Sets and Scrub Regions
[284.690s][info][gc,marking     ] GC(627) Concurrent Rebuild Remembered Sets and Scrub Regions 509.093ms
[284.691s][info][gc,start       ] GC(627) Pause Cleanup
[284.691s][info][gc             ] GC(627) Pause Cleanup 822M->822M(978M) 0.087ms
[284.691s][info][gc,cpu         ] GC(627) User=0.00s Sys=0.00s Real=0.00s
[284.691s][info][gc,marking     ] GC(627) Concurrent Clear Claimed Marks
[284.691s][info][gc,marking     ] GC(627) Concurrent Clear Claimed Marks 0.027ms
[284.691s][info][gc,marking     ] GC(627) Concurrent Cleanup for Next Mark
[284.693s][info][gc,marking     ] GC(627) Concurrent Cleanup for Next Mark 2.810ms
[284.694s][info][gc             ] GC(627) Concurrent Mark Cycle 2293.455ms
[285.091s][info][gc,start       ] GC(629) Pause Young (Prepare Mixed) (G1 Evacuation Pause)
[285.091s][info][gc,task        ] GC(629) Using 2 workers of 2 for evacuation
[285.125s][info][gc,phases      ] GC(629)   Pre Evacuate Collection Set: 0.51ms
[285.125s][info][gc,phases      ] GC(629)   Merge Heap Roots: 0.36ms
[285.125s][info][gc,phases      ] GC(629)   Evacuate Collection Set: 31.89ms
[285.125s][info][gc,phases      ] GC(629)   Post Evacuate Collection Set: 0.51ms
[285.125s][info][gc,phases      ] GC(629)   Other: 0.11ms
[285.125s][info][gc,heap        ] GC(629) Eden regions: 297->0(320)
[285.125s][info][gc,heap        ] GC(629) Survivor regions: 30->1(41)
[285.125s][info][gc,heap        ] GC(629) Old regions: 563->593
[285.125s][info][gc,heap        ] GC(629) Humongous regions: 7->7
[285.125s][info][gc,metaspace   ] GC(629) Metaspace: 18769K(18944K)->18769K(18944K) NonClass: 16103K(16192K)->16103K(16192K) Class: 2666K(2752K)->2666K(2752K)
[285.125s][info][gc             ] GC(629) Pause Young (Prepare Mixed) (G1 Evacuation Pause) 896M->600M(978M) 33.604ms
[285.125s][info][gc,cpu         ] GC(629) User=0.06s Sys=0.00s Real=0.04s
[286.437s][info][gc,start       ] GC(630) Pause Young (Mixed) (G1 Evacuation Pause)
[286.437s][info][gc,task        ] GC(630) Using 2 workers of 2 for evacuation
[286.446s][info][gc,phases      ] GC(630)   Pre Evacuate Collection Set: 0.31ms
[286.446s][info][gc,phases      ] GC(630)   Merge Heap Roots: 0.18ms
[286.446s][info][gc,phases      ] GC(630)   Evacuate Collection Set: 7.68ms
[286.446s][info][gc,phases      ] GC(630)   Post Evacuate Collection Set: 0.52ms
[286.446s][info][gc,phases      ] GC(630)   Other: 0.09ms
[286.446s][info][gc,heap        ] GC(630) Eden regions: 320->0(330)
[286.446s][info][gc,heap        ] GC(630) Survivor regions: 1->3(41)
[286.446s][info][gc,heap        ] GC(630) Old regions: 593->585
[286.446s][info][gc,heap        ] GC(630) Humongous regions: 7->7
[286.446s][info][gc,metaspace   ] GC(630) Metaspace: 18811K(19008K)->18811K(19008K) NonClass: 16145K(16256K)->16145K(16256K) Class: 2666K(2752K)->2666K(2752K)
[286.446s][info][gc             ] GC(630) Pause Young (Mixed) (G1 Evacuation Pause) 920M->594M(978M) 8.982ms
[286.446s][info][gc,cpu         ] GC(630) User=0.01s Sys=0.00s Real=0.01s
[287.076s][info][gc,start       ] GC(631) Pause Young (Concurrent Start) (G1 Evacuation Pause)
[287.076s][info][gc,task        ] GC(631) Using 2 workers of 2 for evacuation
[287.118s][info][gc,phases      ] GC(631)   Pre Evacuate Collection Set: 0.30ms
[287.118s][info][gc,phases      ] GC(631)   Merge Heap Roots: 0.13ms
[287.118s][info][gc,phases      ] GC(631)   Evacuate Collection Set: 40.79ms
[287.118s][info][gc,phases      ] GC(631)   Post Evacuate Collection Set: 0.61ms
[287.118s][info][gc,phases      ] GC(631)   Other: 0.10ms
[287.118s][info][gc,heap        ] GC(631) Eden regions: 330->0(250)
[287.118s][info][gc,heap        ] GC(631) Survivor regions: 3->42(42)
[287.118s][info][gc,heap        ] GC(631) Old regions: 585->587
[287.118s][info][gc,heap        ] GC(631) Humongous regions: 7->7
[287.118s][info][gc,metaspace   ] GC(631) Metaspace: 18820K(19008K)->18820K(19008K) NonClass: 16154K(16256K)->16154K(16256K) Class: 2666K(2752K)->2666K(2752K)
[287.118s][info][gc             ] GC(631) Pause Young (Concurrent Start) (G1 Evacuation Pause) 924M->635M(978M) 42.152ms
[287.118s][info][gc,cpu         ] GC(631) User=0.09s Sys=0.00s Real=0.04s
[287.118s][info][gc             ] GC(632) Concurrent Mark Cycle
[287.118s][info][gc,marking     ] GC(632) Concurrent Scan Root Regions
[287.185s][info][gc,marking     ] GC(632) Concurrent Scan Root Regions 66.681ms
[287.185s][info][gc,marking     ] GC(632) Concurrent Mark
[287.185s][info][gc,marking     ] GC(632) Concurrent Mark From Roots
[287.185s][info][gc,task        ] GC(632) Using 1 workers of 1 for marking
[287.499s][info][gc,start       ] GC(633) Pause Young (Normal) (G1 Evacuation Pause)
[287.499s][info][gc,task        ] GC(633) Using 2 workers of 2 for evacuation
[287.644s][info][gc,phases      ] GC(633)   Pre Evacuate Collection Set: 0.55ms
[287.645s][info][gc,phases      ] GC(633)   Merge Heap Roots: 0.15ms
[287.645s][info][gc,phases      ] GC(633)   Evacuate Collection Set: 127.43ms
[287.645s][info][gc,phases      ] GC(633)   Post Evacuate Collection Set: 17.49ms
[287.645s][info][gc,phases      ] GC(633)   Other: 0.10ms
[287.645s][info][gc,heap        ] GC(633) Eden regions: 250->0(11)
[287.645s][info][gc,heap        ] GC(633) Survivor regions: 42->37(37)
[287.645s][info][gc,heap        ] GC(633) Old regions: 587->840
[287.645s][info][gc,heap        ] GC(633) Humongous regions: 7->7
[287.645s][info][gc,metaspace   ] GC(633) Metaspace: 18820K(19008K)->18820K(19008K) NonClass: 16154K(16256K)->16154K(16256K) Class: 2666K(2752K)->2666K(2752K)
[287.645s][info][gc             ] GC(633) Pause Young (Normal) (G1 Evacuation Pause) (Evacuation Failure: Allocation) 885M->883M(978M) 146.007ms
[287.645s][info][gc,cpu         ] GC(633) User=0.29s Sys=0.00s Real=0.15s
[287.666s][info][gc,start       ] GC(634) Pause Young (Normal) (G1 Evacuation Pause)
[287.666s][info][gc,task        ] GC(634) Using 2 workers of 2 for evacuation
[287.740s][info][gc,phases      ] GC(634)   Pre Evacuate Collection Set: 0.54ms
[287.740s][info][gc,phases      ] GC(634)   Merge Heap Roots: 0.56ms
[287.740s][info][gc,phases      ] GC(634)   Evacuate Collection Set: 72.57ms
[287.740s][info][gc,phases      ] GC(634)   Post Evacuate Collection Set: 0.45ms
[287.740s][info][gc,phases      ] GC(634)   Other: 0.07ms
[287.740s][info][gc,heap        ] GC(634) Eden regions: 11->0(146)
[287.740s][info][gc,heap        ] GC(634) Survivor regions: 37->6(6)
[287.740s][info][gc,heap        ] GC(634) Old regions: 840->742
[287.740s][info][gc,heap        ] GC(634) Humongous regions: 7->7
[287.740s][info][gc,metaspace   ] GC(634) Metaspace: 18820K(19008K)->18820K(19008K) NonClass: 16154K(16256K)->16154K(16256K) Class: 2666K(2752K)->2666K(2752K)
[287.740s][info][gc             ] GC(634) Pause Young (Normal) (G1 Evacuation Pause) (Evacuation Failure: Allocation) 894M->754M(978M) 74.395ms
[287.740s][info][gc,cpu         ] GC(634) User=0.15s Sys=0.00s Real=0.07s
[287.998s][info][gc,start       ] GC(635) Pause Young (Normal) (G1 Evacuation Pause)
[287.998s][info][gc,task        ] GC(635) Using 2 workers of 2 for evacuation
[288.041s][info][gc,phases      ] GC(635)   Pre Evacuate Collection Set: 0.55ms
[288.041s][info][gc,phases      ] GC(635)   Merge Heap Roots: 0.25ms
[288.041s][info][gc,phases      ] GC(635)   Evacuate Collection Set: 41.88ms
[288.041s][info][gc,phases      ] GC(635)   Post Evacuate Collection Set: 0.50ms
[288.041s][info][gc,phases      ] GC(635)   Other: 0.07ms
[288.041s][info][gc,heap        ] GC(635) Eden regions: 146->0(138)
[288.041s][info][gc,heap        ] GC(635) Survivor regions: 6->19(19)
[288.041s][info][gc,heap        ] GC(635) Old regions: 742->738
[288.041s][info][gc,heap        ] GC(635) Humongous regions: 8->8
[288.041s][info][gc,metaspace   ] GC(635) Metaspace: 18821K(19008K)->18821K(19008K) NonClass: 16154K(16256K)->16154K(16256K) Class: 2667K(2752K)->2667K(2752K)
[288.041s][info][gc             ] GC(635) Pause Young (Normal) (G1 Evacuation Pause) 901M->764M(978M) 43.487ms
[288.041s][info][gc,cpu         ] GC(635) User=0.08s Sys=0.00s Real=0.04s
[288.385s][info][gc,start       ] GC(636) Pause Young (Normal) (G1 Evacuation Pause)
[288.385s][info][gc,task        ] GC(636) Using 2 workers of 2 for evacuation
[288.438s][info][gc,phases      ] GC(636)   Pre Evacuate Collection Set: 0.47ms
[288.438s][info][gc,phases      ] GC(636)   Merge Heap Roots: 1.16ms
[288.438s][info][gc,phases      ] GC(636)   Evacuate Collection Set: 50.11ms
[288.438s][info][gc,phases      ] GC(636)   Post Evacuate Collection Set: 0.72ms
[288.438s][info][gc,phases      ] GC(636)   Other: 0.08ms
[288.438s][info][gc,heap        ] GC(636) Eden regions: 138->0(140)
[288.438s][info][gc,heap        ] GC(636) Survivor regions: 19->8(20)
[288.438s][info][gc,heap        ] GC(636) Old regions: 738->757
[288.438s][info][gc,heap        ] GC(636) Humongous regions: 8->8
[288.438s][info][gc,metaspace   ] GC(636) Metaspace: 18825K(19008K)->18825K(19008K) NonClass: 16157K(16256K)->16157K(16256K) Class: 2667K(2752K)->2667K(2752K)
[288.438s][info][gc             ] GC(636) Pause Young (Normal) (G1 Evacuation Pause) 902M->772M(978M) 52.792ms
[288.438s][info][gc,cpu         ] GC(636) User=0.11s Sys=0.00s Real=0.05s
[288.837s][info][gc,start       ] GC(637) Pause Young (Normal) (G1 Evacuation Pause)
[288.837s][info][gc,task        ] GC(637) Using 2 workers of 2 for evacuation
[288.909s][info][gc,phases      ] GC(637)   Pre Evacuate Collection Set: 0.29ms
[288.909s][info][gc,phases      ] GC(637)   Merge Heap Roots: 0.72ms
[288.909s][info][gc,phases      ] GC(637)   Evacuate Collection Set: 69.73ms
[288.909s][info][gc,phases      ] GC(637)   Post Evacuate Collection Set: 0.62ms
[288.909s][info][gc,phases      ] GC(637)   Other: 0.07ms
[288.909s][info][gc,heap        ] GC(637) Eden regions: 140->0(105)
[288.909s][info][gc,heap        ] GC(637) Survivor regions: 8->19(19)
[288.909s][info][gc,heap        ] GC(637) Old regions: 757->774
[288.909s][info][gc,heap        ] GC(637) Humongous regions: 11->11
[288.909s][info][gc,metaspace   ] GC(637) Metaspace: 18825K(19008K)->18825K(19008K) NonClass: 16157K(16256K)->16157K(16256K) Class: 2667K(2752K)->2667K(2752K)
[288.909s][info][gc             ] GC(637) Pause Young (Normal) (G1 Evacuation Pause) 915M->803M(978M) 71.685ms
[288.909s][info][gc,cpu         ] GC(637) User=0.14s Sys=0.01s Real=0.07s
[289.148s][info][gc,start       ] GC(638) Pause Young (Normal) (G1 Evacuation Pause)
[289.148s][info][gc,task        ] GC(638) Using 2 workers of 2 for evacuation
[289.195s][info][gc,phases      ] GC(638)   Pre Evacuate Collection Set: 0.32ms
[289.195s][info][gc,phases      ] GC(638)   Merge Heap Roots: 0.57ms
[289.195s][info][gc,phases      ] GC(638)   Evacuate Collection Set: 45.23ms
[289.195s][info][gc,phases      ] GC(638)   Post Evacuate Collection Set: 0.34ms
[289.195s][info][gc,phases      ] GC(638)   Other: 0.07ms
[289.195s][info][gc,heap        ] GC(638) Eden regions: 105->0(114)
[289.195s][info][gc,heap        ] GC(638) Survivor regions: 19->5(16)
[289.195s][info][gc,heap        ] GC(638) Old regions: 774->793
[289.195s][info][gc,heap        ] GC(638) Humongous regions: 11->11
[289.195s][info][gc,metaspace   ] GC(638) Metaspace: 18825K(19008K)->18825K(19008K) NonClass: 16157K(16256K)->16157K(16256K) Class: 2667K(2752K)->2667K(2752K)
[289.195s][info][gc             ] GC(638) Pause Young (Normal) (G1 Evacuation Pause) 908M->808M(978M) 46.776ms
[289.195s][info][gc,cpu         ] GC(638) User=0.09s Sys=0.00s Real=0.05s
[289.259s][info][gc,marking     ] GC(632) Concurrent Mark From Roots 2074.323ms
[289.259s][info][gc,marking     ] GC(632) Concurrent Preclean
[289.259s][info][gc,marking     ] GC(632) Concurrent Preclean 0.037ms
[289.260s][info][gc,start       ] GC(632) Pause Remark
[289.267s][info][gc             ] GC(632) Pause Remark 873M->790M(978M) 7.632ms
[289.267s][info][gc,cpu         ] GC(632) User=0.02s Sys=0.00s Real=0.01s
[289.268s][info][gc,marking     ] GC(632) Concurrent Mark 2082.969ms
[289.268s][info][gc,marking     ] GC(632) Concurrent Rebuild Remembered Sets and Scrub Regions
[289.339s][info][gc,start       ] GC(639) Pause Young (Normal) (G1 Evacuation Pause)
[289.339s][info][gc,task        ] GC(639) Using 2 workers of 2 for evacuation
[289.378s][info][gc,phases      ] GC(639)   Pre Evacuate Collection Set: 0.44ms
[289.378s][info][gc,phases      ] GC(639)   Merge Heap Roots: 0.22ms
[289.378s][info][gc,phases      ] GC(639)   Evacuate Collection Set: 37.48ms
[289.378s][info][gc,phases      ] GC(639)   Post Evacuate Collection Set: 0.35ms
[289.378s][info][gc,phases      ] GC(639)   Other: 0.06ms
[289.378s][info][gc,heap        ] GC(639) Eden regions: 114->0(138)
[289.378s][info][gc,heap        ] GC(639) Survivor regions: 5->15(15)
[289.378s][info][gc,heap        ] GC(639) Old regions: 712->733
[289.378s][info][gc,heap        ] GC(639) Humongous regions: 9->9
[289.378s][info][gc,metaspace   ] GC(639) Metaspace: 18825K(19008K)->18825K(19008K) NonClass: 16157K(16256K)->16157K(16256K) Class: 2667K(2752K)->2667K(2752K)
[289.378s][info][gc             ] GC(639) Pause Young (Normal) (G1 Evacuation Pause) 839M->756M(978M) 38.729ms
[289.378s][info][gc,cpu         ] GC(639) User=0.07s Sys=0.00s Real=0.04s
[289.511s][info][gc,start       ] GC(640) Pause Young (Normal) (G1 Evacuation Pause)
[289.511s][info][gc,task        ] GC(640) Using 2 workers of 2 for evacuation
[289.558s][info][gc,phases      ] GC(640)   Pre Evacuate Collection Set: 0.28ms
[289.558s][info][gc,phases      ] GC(640)   Merge Heap Roots: 0.24ms
[289.558s][info][gc,phases      ] GC(640)   Evacuate Collection Set: 45.61ms
[289.558s][info][gc,phases      ] GC(640)   Post Evacuate Collection Set: 0.42ms
[289.558s][info][gc,phases      ] GC(640)   Other: 0.08ms
[289.558s][info][gc,heap        ] GC(640) Eden regions: 138->0(119)
[289.558s][info][gc,heap        ] GC(640) Survivor regions: 15->20(20)
[289.558s][info][gc,heap        ] GC(640) Old regions: 733->759
[289.558s][info][gc,heap        ] GC(640) Humongous regions: 9->9
[289.558s][info][gc,metaspace   ] GC(640) Metaspace: 18825K(19008K)->18825K(19008K) NonClass: 16157K(16256K)->16157K(16256K) Class: 2667K(2752K)->2667K(2752K)
[289.558s][info][gc             ] GC(640) Pause Young (Normal) (G1 Evacuation Pause) 894M->787M(978M) 46.861ms
[289.558s][info][gc,cpu         ] GC(640) User=0.09s Sys=0.00s Real=0.05s
[289.699s][info][gc,start       ] GC(641) Pause Young (Normal) (G1 Evacuation Pause)
[289.699s][info][gc,task        ] GC(641) Using 2 workers of 2 for evacuation
[289.737s][info][gc,phases      ] GC(641)   Pre Evacuate Collection Set: 0.50ms
[289.737s][info][gc,phases      ] GC(641)   Merge Heap Roots: 0.24ms
[289.737s][info][gc,phases      ] GC(641)   Evacuate Collection Set: 36.56ms
[289.737s][info][gc,phases      ] GC(641)   Post Evacuate Collection Set: 0.48ms
[289.737s][info][gc,phases      ] GC(641)   Other: 0.11ms
[289.737s][info][gc,heap        ] GC(641) Eden regions: 119->0(115)
[289.737s][info][gc,heap        ] GC(641) Survivor regions: 20->12(18)
[289.737s][info][gc,heap        ] GC(641) Old regions: 759->779
[289.737s][info][gc,heap        ] GC(641) Humongous regions: 10->10
[289.737s][info][gc,metaspace   ] GC(641) Metaspace: 18825K(19008K)->18825K(19008K) NonClass: 16157K(16256K)->16157K(16256K) Class: 2667K(2752K)->2667K(2752K)
[289.737s][info][gc             ] GC(641) Pause Young (Normal) (G1 Evacuation Pause) 907M->800M(978M) 38.145ms
[289.737s][info][gc,cpu         ] GC(641) User=0.07s Sys=0.00s Real=0.04s
[289.867s][info][gc,start       ] GC(642) Pause Young (Normal) (G1 Evacuation Pause)
[289.867s][info][gc,task        ] GC(642) Using 2 workers of 2 for evacuation
[289.897s][info][gc,phases      ] GC(642)   Pre Evacuate Collection Set: 0.51ms
[289.897s][info][gc,phases      ] GC(642)   Merge Heap Roots: 0.33ms
[289.897s][info][gc,phases      ] GC(642)   Evacuate Collection Set: 28.33ms
[289.897s][info][gc,phases      ] GC(642)   Post Evacuate Collection Set: 0.34ms
[289.897s][info][gc,phases      ] GC(642)   Other: 0.09ms
[289.897s][info][gc,heap        ] GC(642) Eden regions: 115->0(115)
[289.897s][info][gc,heap        ] GC(642) Survivor regions: 12->6(16)
[289.897s][info][gc,heap        ] GC(642) Old regions: 779->791
[289.897s][info][gc,heap        ] GC(642) Humongous regions: 10->10
[289.897s][info][gc,metaspace   ] GC(642) Metaspace: 18825K(19008K)->18825K(19008K) NonClass: 16157K(16256K)->16157K(16256K) Class: 2667K(2752K)->2667K(2752K)
[289.897s][info][gc             ] GC(642) Pause Young (Normal) (G1 Evacuation Pause) 915M->806M(978M) 29.885ms
[289.897s][info][gc,cpu         ] GC(642) User=0.06s Sys=0.00s Real=0.03s
[289.994s][info][gc,start       ] GC(643) Pause Young (Normal) (G1 Evacuation Pause)
[289.994s][info][gc,task        ] GC(643) Using 2 workers of 2 for evacuation
[290.004s][info][gc,phases      ] GC(643)   Pre Evacuate Collection Set: 0.46ms
[290.004s][info][gc,phases      ] GC(643)   Merge Heap Roots: 0.14ms
[290.004s][info][gc,phases      ] GC(643)   Evacuate Collection Set: 8.59ms
[290.004s][info][gc,phases      ] GC(643)   Post Evacuate Collection Set: 0.35ms
[290.004s][info][gc,phases      ] GC(643)   Other: 0.09ms
[290.004s][info][gc,heap        ] GC(643) Eden regions: 115->0(113)
[290.004s][info][gc,heap        ] GC(643) Survivor regions: 6->7(16)
[290.004s][info][gc,heap        ] GC(643) Old regions: 791->791
[290.004s][info][gc,heap        ] GC(643) Humongous regions: 10->10
[290.004s][info][gc,metaspace   ] GC(643) Metaspace: 18827K(19008K)->18827K(19008K) NonClass: 16160K(16256K)->16160K(16256K) Class: 2667K(2752K)->2667K(2752K)
[290.004s][info][gc             ] GC(643) Pause Young (Normal) (G1 Evacuation Pause) 921M->807M(978M) 9.850ms
[290.004s][info][gc,cpu         ] GC(643) User=0.02s Sys=0.00s Real=0.01s
[290.038s][info][gc,marking     ] GC(632) Concurrent Rebuild Remembered Sets and Scrub Regions 769.918ms
[290.038s][info][gc,start       ] GC(632) Pause Cleanup
[290.038s][info][gc             ] GC(632) Pause Cleanup 844M->844M(978M) 0.098ms
[290.038s][info][gc,cpu         ] GC(632) User=0.00s Sys=0.00s Real=0.00s
[290.039s][info][gc,marking     ] GC(632) Concurrent Clear Claimed Marks
[290.039s][info][gc,marking     ] GC(632) Concurrent Clear Claimed Marks 0.044ms
[290.039s][info][gc,marking     ] GC(632) Concurrent Cleanup for Next Mark
[290.044s][info][gc,marking     ] GC(632) Concurrent Cleanup for Next Mark 4.868ms
[290.044s][info][gc             ] GC(632) Concurrent Mark Cycle 2925.539ms
[290.099s][info][gc,start       ] GC(644) Pause Young (Prepare Mixed) (G1 Evacuation Pause)
[290.099s][info][gc,task        ] GC(644) Using 2 workers of 2 for evacuation
[290.108s][info][gc,phases      ] GC(644)   Pre Evacuate Collection Set: 0.28ms
[290.108s][info][gc,phases      ] GC(644)   Merge Heap Roots: 0.11ms
[290.108s][info][gc,phases      ] GC(644)   Evacuate Collection Set: 8.74ms
[290.108s][info][gc,phases      ] GC(644)   Post Evacuate Collection Set: 0.38ms
[290.108s][info][gc,phases      ] GC(644)   Other: 0.09ms
[290.108s][info][gc,heap        ] GC(644) Eden regions: 113->0(113)
[290.108s][info][gc,heap        ] GC(644) Survivor regions: 7->7(15)
[290.108s][info][gc,heap        ] GC(644) Old regions: 791->791
[290.108s][info][gc,heap        ] GC(644) Humongous regions: 10->10
[290.108s][info][gc,metaspace   ] GC(644) Metaspace: 18827K(19008K)->18827K(19008K) NonClass: 16160K(16256K)->16160K(16256K) Class: 2667K(2752K)->2667K(2752K)
[290.108s][info][gc             ] GC(644) Pause Young (Prepare Mixed) (G1 Evacuation Pause) 920M->807M(978M) 9.829ms
[290.108s][info][gc,cpu         ] GC(644) User=0.01s Sys=0.00s Real=0.01s
[290.224s][info][gc,start       ] GC(645) Pause Young (Mixed) (G1 Evacuation Pause)
[290.224s][info][gc,task        ] GC(645) Using 2 workers of 2 for evacuation
[290.239s][info][gc,phases      ] GC(645)   Pre Evacuate Collection Set: 0.32ms
[290.239s][info][gc,phases      ] GC(645)   Merge Heap Roots: 0.17ms
[290.239s][info][gc,phases      ] GC(645)   Evacuate Collection Set: 13.79ms
[290.239s][info][gc,phases      ] GC(645)   Post Evacuate Collection Set: 0.38ms
[290.239s][info][gc,phases      ] GC(645)   Other: 0.10ms
[290.239s][info][gc,heap        ] GC(645) Eden regions: 113->0(126)
[290.239s][info][gc,heap        ] GC(645) Survivor regions: 7->11(15)
[290.239s][info][gc,heap        ] GC(645) Old regions: 791->770
[290.239s][info][gc,heap        ] GC(645) Humongous regions: 10->10
[290.239s][info][gc,metaspace   ] GC(645) Metaspace: 18832K(19008K)->18832K(19008K) NonClass: 16165K(16256K)->16165K(16256K) Class: 2667K(2752K)->2667K(2752K)
[290.239s][info][gc             ] GC(645) Pause Young (Mixed) (G1 Evacuation Pause) 920M->789M(978M) 14.994ms
[290.239s][info][gc,cpu         ] GC(645) User=0.03s Sys=0.00s Real=0.01s
[290.401s][info][gc,start       ] GC(646) Pause Young (Concurrent Start) (G1 Evacuation Pause)
[290.401s][info][gc,task        ] GC(646) Using 2 workers of 2 for evacuation
[290.417s][info][gc,phases      ] GC(646)   Pre Evacuate Collection Set: 0.37ms
[290.417s][info][gc,phases      ] GC(646)   Merge Heap Roots: 0.15ms
[290.417s][info][gc,phases      ] GC(646)   Evacuate Collection Set: 15.06ms
[290.417s][info][gc,phases      ] GC(646)   Post Evacuate Collection Set: 0.39ms
[290.417s][info][gc,phases      ] GC(646)   Other: 0.23ms
[290.417s][info][gc,heap        ] GC(646) Eden regions: 126->0(127)
[290.417s][info][gc,heap        ] GC(646) Survivor regions: 11->8(18)
[290.417s][info][gc,heap        ] GC(646) Old regions: 770->775
[290.417s][info][gc,heap        ] GC(646) Humongous regions: 10->10
[290.417s][info][gc,metaspace   ] GC(646) Metaspace: 18832K(19008K)->18832K(19008K) NonClass: 16165K(16256K)->16165K(16256K) Class: 2667K(2752K)->2667K(2752K)
[290.417s][info][gc             ] GC(646) Pause Young (Concurrent Start) (G1 Evacuation Pause) 915M->792M(978M) 16.403ms
[290.417s][info][gc,cpu         ] GC(646) User=0.03s Sys=0.00s Real=0.02s
[290.417s][info][gc             ] GC(647) Concurrent Mark Cycle
[290.417s][info][gc,marking     ] GC(647) Concurrent Scan Root Regions
[290.446s][info][gc,marking     ] GC(647) Concurrent Scan Root Regions 28.468ms
[290.446s][info][gc,marking     ] GC(647) Concurrent Mark
[290.446s][info][gc,marking     ] GC(647) Concurrent Mark From Roots
[290.446s][info][gc,task        ] GC(647) Using 1 workers of 1 for marking
[290.867s][info][gc,start       ] GC(648) Pause Young (Normal) (G1 Evacuation Pause)
[290.867s][info][gc,task        ] GC(648) Using 2 workers of 2 for evacuation
[290.909s][info][gc,phases      ] GC(648)   Pre Evacuate Collection Set: 0.31ms
[290.909s][info][gc,phases      ] GC(648)   Merge Heap Roots: 0.20ms
[290.909s][info][gc,phases      ] GC(648)   Evacuate Collection Set: 41.11ms
[290.909s][info][gc,phases      ] GC(648)   Post Evacuate Collection Set: 0.40ms
[290.909s][info][gc,phases      ] GC(648)   Other: 0.07ms
[290.909s][info][gc,heap        ] GC(648) Eden regions: 127->0(85)
[290.909s][info][gc,heap        ] GC(648) Survivor regions: 8->17(17)
[290.909s][info][gc,heap        ] GC(648) Old regions: 775->799
[290.909s][info][gc,heap        ] GC(648) Humongous regions: 10->10
[290.909s][info][gc,metaspace   ] GC(648) Metaspace: 18832K(19008K)->18832K(19008K) NonClass: 16165K(16256K)->16165K(16256K) Class: 2667K(2752K)->2667K(2752K)
[290.909s][info][gc             ] GC(648) Pause Young (Normal) (G1 Evacuation Pause) 919M->825M(978M) 42.275ms
[290.909s][info][gc,cpu         ] GC(648) User=0.08s Sys=0.00s Real=0.04s
[291.055s][info][gc,start       ] GC(649) Pause Young (Normal) (G1 Evacuation Pause)
[291.055s][info][gc,task        ] GC(649) Using 2 workers of 2 for evacuation
[291.102s][info][gc,phases      ] GC(649)   Pre Evacuate Collection Set: 0.30ms
[291.102s][info][gc,phases      ] GC(649)   Merge Heap Roots: 0.16ms
[291.102s][info][gc,phases      ] GC(649)   Evacuate Collection Set: 46.52ms
[291.102s][info][gc,phases      ] GC(649)   Post Evacuate Collection Set: 0.43ms
[291.102s][info][gc,phases      ] GC(649)   Other: 0.07ms
[291.102s][info][gc,heap        ] GC(649) Eden regions: 85->0(58)
[291.102s][info][gc,heap        ] GC(649) Survivor regions: 17->13(13)
[291.102s][info][gc,heap        ] GC(649) Old regions: 799->834
[291.102s][info][gc,heap        ] GC(649) Humongous regions: 10->10
[291.102s][info][gc,metaspace   ] GC(649) Metaspace: 18832K(19008K)->18832K(19008K) NonClass: 16165K(16256K)->16165K(16256K) Class: 2667K(2752K)->2667K(2752K)
[291.102s][info][gc             ] GC(649) Pause Young (Normal) (G1 Evacuation Pause) 910M->856M(978M) 47.696ms
[291.102s][info][gc,cpu         ] GC(649) User=0.10s Sys=0.00s Real=0.04s
[291.164s][info][gc,marking     ] GC(647) Concurrent Mark From Roots 717.822ms
[291.164s][info][gc,marking     ] GC(647) Concurrent Preclean
[291.164s][info][gc,marking     ] GC(647) Concurrent Preclean 0.055ms
[291.164s][info][gc,start       ] GC(647) Pause Remark
[291.172s][info][gc             ] GC(647) Pause Remark 877M->390M(978M) 7.964ms
[291.172s][info][gc,cpu         ] GC(647) User=0.01s Sys=0.00s Real=0.00s
[291.172s][info][gc,marking     ] GC(647) Concurrent Mark 726.176ms
[291.172s][info][gc,marking     ] GC(647) Concurrent Rebuild Remembered Sets and Scrub Regions
[291.295s][info][gc,start       ] GC(650) Pause Young (Normal) (G1 Evacuation Pause)
[291.295s][info][gc,task        ] GC(650) Using 2 workers of 2 for evacuation
[291.327s][info][gc,phases      ] GC(650)   Pre Evacuate Collection Set: 0.49ms
[291.327s][info][gc,phases      ] GC(650)   Merge Heap Roots: 0.48ms
[291.327s][info][gc,phases      ] GC(650)   Evacuate Collection Set: 30.59ms
[291.327s][info][gc,phases      ] GC(650)   Post Evacuate Collection Set: 0.44ms
[291.327s][info][gc,phases      ] GC(650)   Other: 0.09ms
[291.327s][info][gc,heap        ] GC(650) Eden regions: 58->0(475)
[291.327s][info][gc,heap        ] GC(650) Survivor regions: 13->9(9)
[291.327s][info][gc,heap        ] GC(650) Old regions: 354->368
[291.327s][info][gc,heap        ] GC(650) Humongous regions: 4->4
[291.327s][info][gc,metaspace   ] GC(650) Metaspace: 18832K(19008K)->18832K(19008K) NonClass: 16165K(16256K)->16165K(16256K) Class: 2667K(2752K)->2667K(2752K)
[291.327s][info][gc             ] GC(650) Pause Young (Normal) (G1 Evacuation Pause) 428M->380M(978M) 32.348ms
[291.327s][info][gc,cpu         ] GC(650) User=0.06s Sys=0.00s Real=0.03s
[291.449s][info][gc,marking     ] GC(647) Concurrent Rebuild Remembered Sets and Scrub Regions 276.543ms
[291.449s][info][gc,start       ] GC(647) Pause Cleanup
[291.449s][info][gc             ] GC(647) Pause Cleanup 471M->471M(978M) 0.111ms
[291.449s][info][gc,cpu         ] GC(647) User=0.00s Sys=0.00s Real=0.00s
[291.449s][info][gc,marking     ] GC(647) Concurrent Clear Claimed Marks
[291.449s][info][gc,marking     ] GC(647) Concurrent Clear Claimed Marks 0.034ms
[291.449s][info][gc,marking     ] GC(647) Concurrent Cleanup for Next Mark
[291.456s][info][gc,marking     ] GC(647) Concurrent Cleanup for Next Mark 6.573ms
[291.456s][info][gc             ] GC(647) Concurrent Mark Cycle 1038.448ms
[291.973s][info][gc,start       ] GC(651) Pause Young (Prepare Mixed) (G1 Evacuation Pause)
[291.973s][info][gc,task        ] GC(651) Using 2 workers of 2 for evacuation
[292.004s][info][gc,phases      ] GC(651)   Pre Evacuate Collection Set: 0.31ms
[292.004s][info][gc,phases      ] GC(651)   Merge Heap Roots: 0.47ms
[292.004s][info][gc,phases      ] GC(651)   Evacuate Collection Set: 29.71ms
[292.004s][info][gc,phases      ] GC(651)   Post Evacuate Collection Set: 0.77ms
[292.004s][info][gc,phases      ] GC(651)   Other: 0.11ms
[292.004s][info][gc,heap        ] GC(651) Eden regions: 475->0(486)
[292.004s][info][gc,heap        ] GC(651) Survivor regions: 9->17(61)
[292.004s][info][gc,heap        ] GC(651) Old regions: 368->368
[292.004s][info][gc,heap        ] GC(651) Humongous regions: 4->4
[292.004s][info][gc,metaspace   ] GC(651) Metaspace: 18832K(19008K)->18832K(19008K) NonClass: 16165K(16256K)->16165K(16256K) Class: 2667K(2752K)->2667K(2752K)
[292.004s][info][gc             ] GC(651) Pause Young (Prepare Mixed) (G1 Evacuation Pause) 855M->387M(978M) 31.625ms
[292.004s][info][gc,cpu         ] GC(651) User=0.06s Sys=0.00s Real=0.04s
[292.528s][info][gc,start       ] GC(652) Pause Young (Mixed) (G1 Evacuation Pause)
[292.528s][info][gc,task        ] GC(652) Using 2 workers of 2 for evacuation
[292.735s][info][gc,mmu         ] GC(652) MMU target violated: 201.0ms (200.0ms/201.0ms)
[292.735s][info][gc,phases      ] GC(652)   Pre Evacuate Collection Set: 0.55ms
[292.735s][info][gc,phases      ] GC(652)   Merge Heap Roots: 0.56ms
[292.735s][info][gc,phases      ] GC(652)   Evacuate Collection Set: 189.53ms
[292.735s][info][gc,phases      ] GC(652)   Post Evacuate Collection Set: 16.73ms
[292.735s][info][gc,phases      ] GC(652)   Other: 0.19ms
[292.735s][info][gc,heap        ] GC(652) Eden regions: 486->0(260)
[292.735s][info][gc,heap        ] GC(652) Survivor regions: 17->63(63)
[292.735s][info][gc,heap        ] GC(652) Old regions: 368->537
[292.735s][info][gc,heap        ] GC(652) Humongous regions: 5->5
[292.735s][info][gc,metaspace   ] GC(652) Metaspace: 18833K(19008K)->18833K(19008K) NonClass: 16166K(16256K)->16166K(16256K) Class: 2667K(2752K)->2667K(2752K)
[292.735s][info][gc             ] GC(652) Pause Young (Mixed) (G1 Evacuation Pause) (Evacuation Failure: Allocation) 874M->604M(978M) 207.732ms
[292.735s][info][gc,cpu         ] GC(652) User=0.41s Sys=0.00s Real=0.21s
[293.067s][info][gc,start       ] GC(653) Pause Young (Concurrent Start) (G1 Evacuation Pause)
[293.068s][info][gc,task        ] GC(653) Using 2 workers of 2 for evacuation
[293.217s][info][gc,phases      ] GC(653)   Pre Evacuate Collection Set: 0.43ms
[293.217s][info][gc,phases      ] GC(653)   Merge Heap Roots: 0.78ms
[293.217s][info][gc,phases      ] GC(653)   Evacuate Collection Set: 141.43ms
[293.217s][info][gc,phases      ] GC(653)   Post Evacuate Collection Set: 6.27ms
[293.217s][info][gc,phases      ] GC(653)   Other: 0.20ms
[293.217s][info][gc,heap        ] GC(653) Eden regions: 260->0(280)
[293.217s][info][gc,heap        ] GC(653) Survivor regions: 63->20(41)
[293.217s][info][gc,heap        ] GC(653) Old regions: 537->591
[293.217s][info][gc,heap        ] GC(653) Humongous regions: 5->5
[293.217s][info][gc,metaspace   ] GC(653) Metaspace: 18833K(19008K)->18833K(19008K) NonClass: 16166K(16256K)->16166K(16256K) Class: 2667K(2752K)->2667K(2752K)
[293.217s][info][gc             ] GC(653) Pause Young (Concurrent Start) (G1 Evacuation Pause) (Evacuation Failure: Allocation) 864M->615M(978M) 149.367ms
[293.217s][info][gc,cpu         ] GC(653) User=0.30s Sys=0.00s Real=0.15s
[293.217s][info][gc             ] GC(654) Concurrent Mark Cycle
[293.219s][info][gc,marking     ] GC(654) Concurrent Scan Root Regions
[293.369s][info][gc,marking     ] GC(654) Concurrent Scan Root Regions 149.598ms
[293.369s][info][gc,marking     ] GC(654) Concurrent Mark
[293.369s][info][gc,marking     ] GC(654) Concurrent Mark From Roots
[293.369s][info][gc,task        ] GC(654) Using 1 workers of 1 for marking
[293.643s][info][gc,start       ] GC(655) Pause Young (Normal) (G1 Evacuation Pause)
[293.643s][info][gc,task        ] GC(655) Using 2 workers of 2 for evacuation
[293.826s][info][gc,phases      ] GC(655)   Pre Evacuate Collection Set: 0.55ms
[293.826s][info][gc,phases      ] GC(655)   Merge Heap Roots: 0.42ms
[293.826s][info][gc,phases      ] GC(655)   Evacuate Collection Set: 163.03ms
[293.826s][info][gc,phases      ] GC(655)   Post Evacuate Collection Set: 18.74ms
[293.826s][info][gc,phases      ] GC(655)   Other: 0.10ms
[293.826s][info][gc,heap        ] GC(655) Eden regions: 280->0(170)
[293.826s][info][gc,heap        ] GC(655) Survivor regions: 20->38(38)
[293.826s][info][gc,heap        ] GC(655) Old regions: 591->677
[293.826s][info][gc,heap        ] GC(655) Humongous regions: 5->5
[293.826s][info][gc,metaspace   ] GC(655) Metaspace: 18833K(19008K)->18833K(19008K) NonClass: 16166K(16256K)->16166K(16256K) Class: 2667K(2752K)->2667K(2752K)
[293.826s][info][gc             ] GC(655) Pause Young (Normal) (G1 Evacuation Pause) (Evacuation Failure: Allocation) 895M->719M(978M) 183.053ms
[293.826s][info][gc,cpu         ] GC(655) User=0.36s Sys=0.00s Real=0.18s
[294.026s][info][gc,start       ] GC(656) Pause Young (Normal) (G1 Evacuation Pause)
[294.026s][info][gc,task        ] GC(656) Using 2 workers of 2 for evacuation
[294.173s][info][gc,phases      ] GC(656)   Pre Evacuate Collection Set: 0.37ms
[294.173s][info][gc,phases      ] GC(656)   Merge Heap Roots: 0.55ms
[294.173s][info][gc,phases      ] GC(656)   Evacuate Collection Set: 130.59ms
[294.173s][info][gc,phases      ] GC(656)   Post Evacuate Collection Set: 14.91ms
[294.173s][info][gc,phases      ] GC(656)   Other: 0.10ms
[294.173s][info][gc,heap        ] GC(656) Eden regions: 170->0(68)
[294.173s][info][gc,heap        ] GC(656) Survivor regions: 38->26(26)
[294.173s][info][gc,heap        ] GC(656) Old regions: 677->803
[294.173s][info][gc,heap        ] GC(656) Humongous regions: 5->5
[294.173s][info][gc,metaspace   ] GC(656) Metaspace: 18833K(19008K)->18833K(19008K) NonClass: 16166K(16256K)->16166K(16256K) Class: 2667K(2752K)->2667K(2752K)
[294.173s][info][gc             ] GC(656) Pause Young (Normal) (G1 Evacuation Pause) (Evacuation Failure: Allocation) 889M->833M(978M) 146.753ms
[294.173s][info][gc,cpu         ] GC(656) User=0.29s Sys=0.00s Real=0.15s
[294.348s][info][gc,start       ] GC(657) Pause Young (Normal) (G1 Evacuation Pause)
[294.348s][info][gc,task        ] GC(657) Using 2 workers of 2 for evacuation
[294.421s][info][gc,phases      ] GC(657)   Pre Evacuate Collection Set: 0.53ms
[294.421s][info][gc,phases      ] GC(657)   Merge Heap Roots: 0.51ms
[294.421s][info][gc,phases      ] GC(657)   Evacuate Collection Set: 69.89ms
[294.421s][info][gc,phases      ] GC(657)   Post Evacuate Collection Set: 1.30ms
[294.421s][info][gc,phases      ] GC(657)   Other: 0.10ms
[294.421s][info][gc,heap        ] GC(657) Eden regions: 68->0(135)
[294.421s][info][gc,heap        ] GC(657) Survivor regions: 26->12(12)
[294.421s][info][gc,heap        ] GC(657) Old regions: 803->760
[294.421s][info][gc,heap        ] GC(657) Humongous regions: 5->5
[294.421s][info][gc,metaspace   ] GC(657) Metaspace: 18833K(19008K)->18833K(19008K) NonClass: 16166K(16256K)->16166K(16256K) Class: 2667K(2752K)->2667K(2752K)
[294.421s][info][gc             ] GC(657) Pause Young (Normal) (G1 Evacuation Pause) (Evacuation Failure: Allocation) 901M->776M(978M) 72.587ms
[294.421s][info][gc,cpu         ] GC(657) User=0.14s Sys=0.00s Real=0.07s
[294.426s][info][gc,marking     ] GC(654) Concurrent Mark From Roots 1057.345ms
[294.426s][info][gc,marking     ] GC(654) Concurrent Preclean
[294.426s][info][gc,marking     ] GC(654) Concurrent Preclean 0.032ms
[294.427s][info][gc,start       ] GC(654) Pause Remark
[294.434s][info][gc             ] GC(654) Pause Remark 780M->726M(978M) 7.563ms
[294.434s][info][gc,cpu         ] GC(654) User=0.01s Sys=0.00s Real=0.01s
[294.434s][info][gc,marking     ] GC(654) Concurrent Mark 1065.764ms
[294.434s][info][gc,marking     ] GC(654) Concurrent Rebuild Remembered Sets and Scrub Regions
[294.520s][info][gc,start       ] GC(658) Pause Young (Normal) (G1 Evacuation Pause)
[294.520s][info][gc,task        ] GC(658) Using 2 workers of 2 for evacuation
[294.568s][info][gc,phases      ] GC(658)   Pre Evacuate Collection Set: 0.45ms
[294.568s][info][gc,phases      ] GC(658)   Merge Heap Roots: 0.33ms
[294.568s][info][gc,phases      ] GC(658)   Evacuate Collection Set: 46.79ms
[294.568s][info][gc,phases      ] GC(658)   Post Evacuate Collection Set: 0.46ms
[294.568s][info][gc,phases      ] GC(658)   Other: 0.08ms
[294.568s][info][gc,heap        ] GC(658) Eden regions: 135->0(221)
[294.568s][info][gc,heap        ] GC(658) Survivor regions: 12->4(19)
[294.568s][info][gc,heap        ] GC(658) Old regions: 707->658
[294.568s][info][gc,heap        ] GC(658) Humongous regions: 4->4
[294.568s][info][gc,metaspace   ] GC(658) Metaspace: 18833K(19008K)->18833K(19008K) NonClass: 16166K(16256K)->16166K(16256K) Class: 2667K(2752K)->2667K(2752K)
[294.568s][info][gc             ] GC(658) Pause Young (Normal) (G1 Evacuation Pause) 857M->664M(978M) 48.295ms
[294.568s][info][gc,cpu         ] GC(658) User=0.10s Sys=0.00s Real=0.05s
[294.930s][info][gc,start       ] GC(659) Pause Young (Normal) (G1 Evacuation Pause)
[294.930s][info][gc,task        ] GC(659) Using 2 workers of 2 for evacuation
[295.014s][info][gc,phases      ] GC(659)   Pre Evacuate Collection Set: 0.28ms
[295.014s][info][gc,phases      ] GC(659)   Merge Heap Roots: 0.84ms
[295.014s][info][gc,phases      ] GC(659)   Evacuate Collection Set: 81.35ms
[295.014s][info][gc,phases      ] GC(659)   Post Evacuate Collection Set: 0.68ms
[295.014s][info][gc,phases      ] GC(659)   Other: 0.10ms
[295.014s][info][gc,heap        ] GC(659) Eden regions: 221->0(168)
[295.014s][info][gc,heap        ] GC(659) Survivor regions: 4->29(29)
[295.014s][info][gc,heap        ] GC(659) Old regions: 658->677
[295.014s][info][gc,heap        ] GC(659) Humongous regions: 10->10
[295.014s][info][gc,metaspace   ] GC(659) Metaspace: 18833K(19008K)->18833K(19008K) NonClass: 16166K(16256K)->16166K(16256K) Class: 2667K(2752K)->2667K(2752K)
[295.014s][info][gc             ] GC(659) Pause Young (Normal) (G1 Evacuation Pause) 891M->715M(978M) 83.486ms
[295.014s][info][gc,cpu         ] GC(659) User=0.17s Sys=0.00s Real=0.09s
[295.121s][info][gc,marking     ] GC(654) Concurrent Rebuild Remembered Sets and Scrub Regions 686.169ms
[295.121s][info][gc,start       ] GC(654) Pause Cleanup
[295.121s][info][gc             ] GC(654) Pause Cleanup 821M->821M(978M) 0.135ms
[295.121s][info][gc,cpu         ] GC(654) User=0.00s Sys=0.00s Real=0.00s
[295.122s][info][gc,marking     ] GC(654) Concurrent Clear Claimed Marks
[295.122s][info][gc,marking     ] GC(654) Concurrent Clear Claimed Marks 0.033ms
[295.122s][info][gc,marking     ] GC(654) Concurrent Cleanup for Next Mark
[295.129s][info][gc,marking     ] GC(654) Concurrent Cleanup for Next Mark 7.152ms
[295.129s][info][gc             ] GC(654) Concurrent Mark Cycle 1911.978ms
[295.176s][info][gc,start       ] GC(660) Pause Young (Prepare Mixed) (G1 Evacuation Pause)
[295.177s][info][gc,task        ] GC(660) Using 2 workers of 2 for evacuation
[295.267s][info][gc,phases      ] GC(660)   Pre Evacuate Collection Set: 0.27ms
[295.267s][info][gc,phases      ] GC(660)   Merge Heap Roots: 0.50ms
[295.267s][info][gc,phases      ] GC(660)   Evacuate Collection Set: 89.09ms
[295.267s][info][gc,phases      ] GC(660)   Post Evacuate Collection Set: 0.43ms
[295.267s][info][gc,phases      ] GC(660)   Other: 0.07ms
[295.267s][info][gc,heap        ] GC(660) Eden regions: 168->0(141)
[295.267s][info][gc,heap        ] GC(660) Survivor regions: 29->25(25)
[295.267s][info][gc,heap        ] GC(660) Old regions: 677->720
[295.267s][info][gc,heap        ] GC(660) Humongous regions: 10->10
[295.267s][info][gc,metaspace   ] GC(660) Metaspace: 18833K(19008K)->18833K(19008K) NonClass: 16166K(16256K)->16166K(16256K) Class: 2667K(2752K)->2667K(2752K)
[295.267s][info][gc             ] GC(660) Pause Young (Prepare Mixed) (G1 Evacuation Pause) 883M->754M(978M) 90.614ms
[295.267s][info][gc,cpu         ] GC(660) User=0.18s Sys=0.00s Real=0.09s
[295.357s][info][gc,start       ] GC(661) Pause Young (Mixed) (G1 Evacuation Pause)
[295.357s][info][gc,task        ] GC(661) Using 2 workers of 2 for evacuation
[295.405s][info][gc,phases      ] GC(661)   Pre Evacuate Collection Set: 0.48ms
[295.405s][info][gc,phases      ] GC(661)   Merge Heap Roots: 0.32ms
[295.405s][info][gc,phases      ] GC(661)   Evacuate Collection Set: 46.20ms
[295.405s][info][gc,phases      ] GC(661)   Post Evacuate Collection Set: 0.44ms
[295.405s][info][gc,phases      ] GC(661)   Other: 0.09ms
[295.405s][info][gc,heap        ] GC(661) Eden regions: 141->0(157)
[295.405s][info][gc,heap        ] GC(661) Survivor regions: 25->12(21)
[295.405s][info][gc,heap        ] GC(661) Old regions: 720->716
[295.405s][info][gc,heap        ] GC(661) Humongous regions: 10->10
[295.405s][info][gc,metaspace   ] GC(661) Metaspace: 18833K(19008K)->18833K(19008K) NonClass: 16166K(16256K)->16166K(16256K) Class: 2667K(2752K)->2667K(2752K)
[295.405s][info][gc             ] GC(661) Pause Young (Mixed) (G1 Evacuation Pause) 895M->737M(978M) 47.744ms
[295.405s][info][gc,cpu         ] GC(661) User=0.09s Sys=0.00s Real=0.05s
[295.503s][info][gc,start       ] GC(662) Pause Young (Concurrent Start) (G1 Evacuation Pause)
[295.503s][info][gc,task        ] GC(662) Using 2 workers of 2 for evacuation
[295.524s][info][gc,phases      ] GC(662)   Pre Evacuate Collection Set: 0.27ms
[295.524s][info][gc,phases      ] GC(662)   Merge Heap Roots: 0.24ms
[295.524s][info][gc,phases      ] GC(662)   Evacuate Collection Set: 20.20ms
[295.524s][info][gc,phases      ] GC(662)   Post Evacuate Collection Set: 0.39ms
[295.524s][info][gc,phases      ] GC(662)   Other: 0.10ms
[295.524s][info][gc,heap        ] GC(662) Eden regions: 157->0(166)
[295.524s][info][gc,heap        ] GC(662) Survivor regions: 12->3(22)
[295.524s][info][gc,heap        ] GC(662) Old regions: 716->728
[295.524s][info][gc,heap        ] GC(662) Humongous regions: 10->10
[295.524s][info][gc,metaspace   ] GC(662) Metaspace: 18833K(19008K)->18833K(19008K) NonClass: 16166K(16256K)->16166K(16256K) Class: 2667K(2752K)->2667K(2752K)
[295.524s][info][gc             ] GC(662) Pause Young (Concurrent Start) (G1 Evacuation Pause) 894M->739M(978M) 21.406ms
[295.524s][info][gc             ] GC(663) Concurrent Mark Cycle
[295.524s][info][gc,marking     ] GC(663) Concurrent Scan Root Regions
[295.525s][info][gc,cpu         ] GC(662) User=0.04s Sys=0.00s Real=0.02s
[295.549s][info][gc,marking     ] GC(663) Concurrent Scan Root Regions 24.260ms
[295.549s][info][gc,marking     ] GC(663) Concurrent Mark
[295.549s][info][gc,marking     ] GC(663) Concurrent Mark From Roots
[295.549s][info][gc,task        ] GC(663) Using 1 workers of 1 for marking
[295.737s][info][gc,start       ] GC(664) Pause Young (Normal) (G1 Evacuation Pause)
[295.737s][info][gc,task        ] GC(664) Using 2 workers of 2 for evacuation
[295.756s][info][gc,phases      ] GC(664)   Pre Evacuate Collection Set: 0.29ms
[295.756s][info][gc,phases      ] GC(664)   Merge Heap Roots: 0.28ms
[295.756s][info][gc,phases      ] GC(664)   Evacuate Collection Set: 18.03ms
[295.756s][info][gc,phases      ] GC(664)   Post Evacuate Collection Set: 0.38ms
[295.756s][info][gc,phases      ] GC(664)   Other: 0.10ms
[295.756s][info][gc,heap        ] GC(664) Eden regions: 166->0(170)
[295.756s][info][gc,heap        ] GC(664) Survivor regions: 3->9(22)
[295.756s][info][gc,heap        ] GC(664) Old regions: 728->728
[295.756s][info][gc,heap        ] GC(664) Humongous regions: 10->10
[295.756s][info][gc,metaspace   ] GC(664) Metaspace: 18833K(19008K)->18833K(19008K) NonClass: 16166K(16256K)->16166K(16256K) Class: 2667K(2752K)->2667K(2752K)
[295.756s][info][gc             ] GC(664) Pause Young (Normal) (G1 Evacuation Pause) 905M->745M(978M) 19.358ms
[295.756s][info][gc,cpu         ] GC(664) User=0.04s Sys=0.00s Real=0.02s
[295.993s][info][gc,start       ] GC(665) Pause Young (Normal) (G1 Evacuation Pause)
[295.993s][info][gc,task        ] GC(665) Using 2 workers of 2 for evacuation
[296.015s][info][gc,phases      ] GC(665)   Pre Evacuate Collection Set: 0.51ms
[296.015s][info][gc,phases      ] GC(665)   Merge Heap Roots: 0.16ms
[296.015s][info][gc,phases      ] GC(665)   Evacuate Collection Set: 20.77ms
[296.015s][info][gc,phases      ] GC(665)   Post Evacuate Collection Set: 0.42ms
[296.015s][info][gc,phases      ] GC(665)   Other: 0.10ms
[296.015s][info][gc,heap        ] GC(665) Eden regions: 170->0(154)
[296.015s][info][gc,heap        ] GC(665) Survivor regions: 9->18(23)
[296.015s][info][gc,heap        ] GC(665) Old regions: 728->728
[296.015s][info][gc,heap        ] GC(665) Humongous regions: 10->10
[296.015s][info][gc,metaspace   ] GC(665) Metaspace: 18833K(19008K)->18833K(19008K) NonClass: 16166K(16256K)->16166K(16256K) Class: 2667K(2752K)->2667K(2752K)
[296.015s][info][gc             ] GC(665) Pause Young (Normal) (G1 Evacuation Pause) 915M->755M(978M) 22.197ms
[296.015s][info][gc,cpu         ] GC(665) User=0.05s Sys=0.00s Real=0.02s
[296.263s][info][gc,start       ] GC(666) Pause Young (Normal) (G1 Evacuation Pause)
[296.263s][info][gc,task        ] GC(666) Using 2 workers of 2 for evacuation
[296.317s][info][gc,phases      ] GC(666)   Pre Evacuate Collection Set: 0.51ms
[296.317s][info][gc,phases      ] GC(666)   Merge Heap Roots: 0.45ms
[296.317s][info][gc,phases      ] GC(666)   Evacuate Collection Set: 52.61ms
[296.317s][info][gc,phases      ] GC(666)   Post Evacuate Collection Set: 0.40ms
[296.317s][info][gc,phases      ] GC(666)   Other: 0.07ms
[296.317s][info][gc,heap        ] GC(666) Eden regions: 154->0(121)
[296.317s][info][gc,heap        ] GC(666) Survivor regions: 18->22(22)
[296.317s][info][gc,heap        ] GC(666) Old regions: 728->753
[296.317s][info][gc,heap        ] GC(666) Humongous regions: 10->10
[296.317s][info][gc,metaspace   ] GC(666) Metaspace: 18833K(19008K)->18833K(19008K) NonClass: 16166K(16256K)->16166K(16256K) Class: 2667K(2752K)->2667K(2752K)
[296.317s][info][gc             ] GC(666) Pause Young (Normal) (G1 Evacuation Pause) 909M->784M(978M) 54.270ms
[296.317s][info][gc,cpu         ] GC(666) User=0.11s Sys=0.00s Real=0.05s
[296.444s][info][gc,marking     ] GC(663) Concurrent Mark From Roots 895.321ms
[296.444s][info][gc,marking     ] GC(663) Concurrent Preclean
[296.444s][info][gc,marking     ] GC(663) Concurrent Preclean 0.043ms
[296.445s][info][gc,start       ] GC(663) Pause Remark
[296.453s][info][gc             ] GC(663) Pause Remark 817M->464M(978M) 7.574ms
[296.453s][info][gc,cpu         ] GC(663) User=0.01s Sys=0.00s Real=0.00s
[296.453s][info][gc,marking     ] GC(663) Concurrent Mark 903.880ms
[296.453s][info][gc,marking     ] GC(663) Concurrent Rebuild Remembered Sets and Scrub Regions
[296.781s][info][gc,marking     ] GC(663) Concurrent Rebuild Remembered Sets and Scrub Regions 327.813ms
[296.781s][info][gc,start       ] GC(663) Pause Cleanup
[296.781s][info][gc             ] GC(663) Pause Cleanup 525M->525M(978M) 0.129ms
[296.781s][info][gc,cpu         ] GC(663) User=0.00s Sys=0.00s Real=0.00s
[296.781s][info][gc,marking     ] GC(663) Concurrent Clear Claimed Marks
[296.781s][info][gc,marking     ] GC(663) Concurrent Clear Claimed Marks 0.068ms
[296.781s][info][gc,marking     ] GC(663) Concurrent Cleanup for Next Mark
[296.784s][info][gc,marking     ] GC(663) Concurrent Cleanup for Next Mark 2.849ms
[296.784s][info][gc             ] GC(663) Concurrent Mark Cycle 1259.354ms
[296.848s][info][gc,start       ] GC(667) Pause Young (Prepare Mixed) (G1 Evacuation Pause)
[296.849s][info][gc,task        ] GC(667) Using 2 workers of 2 for evacuation
[296.878s][info][gc,phases      ] GC(667)   Pre Evacuate Collection Set: 0.48ms
[296.878s][info][gc,phases      ] GC(667)   Merge Heap Roots: 0.26ms
[296.878s][info][gc,phases      ] GC(667)   Evacuate Collection Set: 27.84ms
[296.878s][info][gc,phases      ] GC(667)   Post Evacuate Collection Set: 0.41ms
[296.878s][info][gc,phases      ] GC(667)   Other: 0.07ms
[296.878s][info][gc,heap        ] GC(667) Eden regions: 121->0(385)
[296.878s][info][gc,heap        ] GC(667) Survivor regions: 22->3(18)
[296.878s][info][gc,heap        ] GC(667) Old regions: 406->429
[296.878s][info][gc,heap        ] GC(667) Humongous regions: 4->4
[296.878s][info][gc,metaspace   ] GC(667) Metaspace: 18833K(19008K)->18833K(19008K) NonClass: 16166K(16256K)->16166K(16256K) Class: 2667K(2752K)->2667K(2752K)
[296.878s][info][gc             ] GC(667) Pause Young (Prepare Mixed) (G1 Evacuation Pause) 552M->435M(978M) 29.264ms
[296.878s][info][gc,cpu         ] GC(667) User=0.06s Sys=0.00s Real=0.03s
[297.753s][info][gc,start       ] GC(668) Pause Young (Mixed) (G1 Evacuation Pause)
[297.753s][info][gc,task        ] GC(668) Using 2 workers of 2 for evacuation
[297.760s][info][gc,phases      ] GC(668)   Pre Evacuate Collection Set: 0.55ms
[297.760s][info][gc,phases      ] GC(668)   Merge Heap Roots: 0.25ms
[297.760s][info][gc,phases      ] GC(668)   Evacuate Collection Set: 5.23ms
[297.760s][info][gc,phases      ] GC(668)   Post Evacuate Collection Set: 0.60ms
[297.760s][info][gc,phases      ] GC(668)   Other: 0.09ms
[297.760s][info][gc,heap        ] GC(668) Eden regions: 385->0(458)
[297.760s][info][gc,heap        ] GC(668) Survivor regions: 3->4(49)
[297.760s][info][gc,heap        ] GC(668) Old regions: 429->350
[297.760s][info][gc,heap        ] GC(668) Humongous regions: 4->4
[297.760s][info][gc,metaspace   ] GC(668) Metaspace: 18833K(19008K)->18833K(19008K) NonClass: 16166K(16256K)->16166K(16256K) Class: 2667K(2752K)->2667K(2752K)
[297.760s][info][gc             ] GC(668) Pause Young (Mixed) (G1 Evacuation Pause) 820M->356M(978M) 6.934ms
[297.760s][info][gc,cpu         ] GC(668) User=0.01s Sys=0.00s Real=0.00s
[298.397s][info][gc,start       ] GC(669) Pause Young (Concurrent Start) (G1 Evacuation Pause)
[298.397s][info][gc,task        ] GC(669) Using 2 workers of 2 for evacuation
[298.483s][info][gc,phases      ] GC(669)   Pre Evacuate Collection Set: 0.32ms
[298.483s][info][gc,phases      ] GC(669)   Merge Heap Roots: 0.52ms
[298.483s][info][gc,phases      ] GC(669)   Evacuate Collection Set: 84.38ms
[298.483s][info][gc,phases      ] GC(669)   Post Evacuate Collection Set: 0.84ms
[298.483s][info][gc,phases      ] GC(669)   Other: 0.11ms
[298.483s][info][gc,heap        ] GC(669) Eden regions: 458->0(386)
[298.483s][info][gc,heap        ] GC(669) Survivor regions: 4->58(58)
[298.483s][info][gc,heap        ] GC(669) Old regions: 350->370
[298.483s][info][gc,heap        ] GC(669) Humongous regions: 4->4
[298.483s][info][gc,metaspace   ] GC(669) Metaspace: 18833K(19008K)->18833K(19008K) NonClass: 16166K(16256K)->16166K(16256K) Class: 2667K(2752K)->2667K(2752K)
[298.483s][info][gc             ] GC(669) Pause Young (Concurrent Start) (G1 Evacuation Pause) 814M->431M(978M) 86.432ms
[298.483s][info][gc,cpu         ] GC(669) User=0.17s Sys=0.00s Real=0.09s
[298.483s][info][gc             ] GC(670) Concurrent Mark Cycle
[298.485s][info][gc,marking     ] GC(670) Concurrent Scan Root Regions
[298.558s][info][gc,marking     ] GC(670) Concurrent Scan Root Regions 73.237ms
[298.558s][info][gc,marking     ] GC(670) Concurrent Mark
[298.558s][info][gc,marking     ] GC(670) Concurrent Mark From Roots
[298.558s][info][gc,task        ] GC(670) Using 1 workers of 1 for marking
[298.951s][info][gc,start       ] GC(671) Pause Young (Normal) (G1 Evacuation Pause)
[298.951s][info][gc,task        ] GC(671) Using 2 workers of 2 for evacuation
[299.052s][info][gc,phases      ] GC(671)   Pre Evacuate Collection Set: 0.31ms
[299.052s][info][gc,phases      ] GC(671)   Merge Heap Roots: 0.43ms
[299.052s][info][gc,phases      ] GC(671)   Evacuate Collection Set: 99.71ms
[299.052s][info][gc,phases      ] GC(671)   Post Evacuate Collection Set: 0.72ms
[299.053s][info][gc,phases      ] GC(671)   Other: 0.10ms
[299.053s][info][gc,heap        ] GC(671) Eden regions: 386->0(350)
[299.053s][info][gc,heap        ] GC(671) Survivor regions: 58->49(56)
[299.053s][info][gc,heap        ] GC(671) Old regions: 370->429
[299.053s][info][gc,heap        ] GC(671) Humongous regions: 4->4
[299.053s][info][gc,metaspace   ] GC(671) Metaspace: 18834K(19008K)->18834K(19008K) NonClass: 16167K(16256K)->16167K(16256K) Class: 2667K(2752K)->2667K(2752K)
[299.053s][info][gc             ] GC(671) Pause Young (Normal) (G1 Evacuation Pause) 817M->480M(978M) 101.498ms
[299.053s][info][gc,cpu         ] GC(671) User=0.20s Sys=0.00s Real=0.10s
[299.521s][info][gc,marking     ] GC(670) Concurrent Mark From Roots 962.868ms
[299.521s][info][gc,marking     ] GC(670) Concurrent Preclean
[299.521s][info][gc,marking     ] GC(670) Concurrent Preclean 0.039ms
[299.521s][info][gc,start       ] GC(670) Pause Remark
[299.529s][info][gc             ] GC(670) Pause Remark 796M->788M(978M) 7.379ms
[299.529s][info][gc,cpu         ] GC(670) User=0.02s Sys=0.00s Real=0.01s
[299.529s][info][gc,marking     ] GC(670) Concurrent Mark 970.612ms
[299.529s][info][gc,marking     ] GC(670) Concurrent Rebuild Remembered Sets and Scrub Regions
[299.595s][info][gc,start       ] GC(672) Pause Young (Normal) (G1 Evacuation Pause)
[299.595s][info][gc,task        ] GC(672) Using 2 workers of 2 for evacuation
[299.718s][info][gc,phases      ] GC(672)   Pre Evacuate Collection Set: 0.27ms
[299.718s][info][gc,phases      ] GC(672)   Merge Heap Roots: 0.43ms
[299.718s][info][gc,phases      ] GC(672)   Evacuate Collection Set: 121.12ms
[299.718s][info][gc,phases      ] GC(672)   Post Evacuate Collection Set: 1.63ms
[299.718s][info][gc,phases      ] GC(672)   Other: 0.16ms
[299.718s][info][gc,heap        ] GC(672) Eden regions: 350->0(307)
[299.718s][info][gc,heap        ] GC(672) Survivor regions: 49->50(50)
[299.718s][info][gc,heap        ] GC(672) Old regions: 421->474
[299.718s][info][gc,heap        ] GC(672) Humongous regions: 8->8
[299.718s][info][gc,metaspace   ] GC(672) Metaspace: 18836K(19008K)->18836K(19008K) NonClass: 16169K(16256K)->16169K(16256K) Class: 2667K(2752K)->2667K(2752K)
[299.719s][info][gc             ] GC(672) Pause Young (Normal) (G1 Evacuation Pause) 826M->531M(978M) 123.880ms
[299.719s][info][gc,cpu         ] GC(672) User=0.24s Sys=0.00s Real=0.12s
[299.990s][info][gc,marking     ] GC(670) Concurrent Rebuild Remembered Sets and Scrub Regions 461.294ms
[299.990s][info][gc,start       ] GC(670) Pause Cleanup
[299.990s][info][gc             ] GC(670) Pause Cleanup 706M->706M(978M) 0.118ms
[299.990s][info][gc,cpu         ] GC(670) User=0.00s Sys=0.00s Real=0.00s
[299.992s][info][gc,marking     ] GC(670) Concurrent Clear Claimed Marks
[299.992s][info][gc,marking     ] GC(670) Concurrent Clear Claimed Marks 0.063ms
[299.992s][info][gc,marking     ] GC(670) Concurrent Cleanup for Next Mark
[299.997s][info][gc,marking     ] GC(670) Concurrent Cleanup for Next Mark 4.860ms
[299.997s][info][gc             ] GC(670) Concurrent Mark Cycle 1513.514ms
[300.100s][info][gc,start       ] GC(673) Pause Young (Prepare Mixed) (G1 Evacuation Pause)
[300.100s][info][gc,task        ] GC(673) Using 2 workers of 2 for evacuation
[300.190s][info][gc,phases      ] GC(673)   Pre Evacuate Collection Set: 0.32ms
[300.190s][info][gc,phases      ] GC(673)   Merge Heap Roots: 0.34ms
[300.190s][info][gc,phases      ] GC(673)   Evacuate Collection Set: 88.90ms
[300.190s][info][gc,phases      ] GC(673)   Post Evacuate Collection Set: 0.59ms
[300.190s][info][gc,phases      ] GC(673)   Other: 0.10ms
[300.190s][info][gc,heap        ] GC(673) Eden regions: 307->0(296)
[300.190s][info][gc,heap        ] GC(673) Survivor regions: 50->27(45)
[300.190s][info][gc,heap        ] GC(673) Old regions: 474->525
[300.190s][info][gc,heap        ] GC(673) Humongous regions: 8->8
[300.190s][info][gc,metaspace   ] GC(673) Metaspace: 18841K(19008K)->18841K(19008K) NonClass: 16174K(16256K)->16174K(16256K) Class: 2667K(2752K)->2667K(2752K)
[300.190s][info][gc             ] GC(673) Pause Young (Prepare Mixed) (G1 Evacuation Pause) 838M->559M(978M) 90.491ms
[300.190s][info][gc,cpu         ] GC(673) User=0.18s Sys=0.00s Real=0.09s
[300.500s][info][gc,start       ] GC(674) Pause Young (Mixed) (G1 Evacuation Pause)
[300.500s][info][gc,task        ] GC(674) Using 2 workers of 2 for evacuation
[300.556s][info][gc,phases      ] GC(674)   Pre Evacuate Collection Set: 0.55ms
[300.556s][info][gc,phases      ] GC(674)   Merge Heap Roots: 0.43ms
[300.556s][info][gc,phases      ] GC(674)   Evacuate Collection Set: 54.35ms
[300.556s][info][gc,phases      ] GC(674)   Post Evacuate Collection Set: 0.56ms
[300.556s][info][gc,phases      ] GC(674)   Other: 0.10ms
[300.556s][info][gc,heap        ] GC(674) Eden regions: 296->0(297)
[300.556s][info][gc,heap        ] GC(674) Survivor regions: 27->20(41)
[300.556s][info][gc,heap        ] GC(674) Old regions: 525->540
[300.556s][info][gc,heap        ] GC(674) Humongous regions: 8->8
[300.556s][info][gc,metaspace   ] GC(674) Metaspace: 18845K(19008K)->18845K(19008K) NonClass: 16178K(16256K)->16178K(16256K) Class: 2667K(2752K)->2667K(2752K)
[300.556s][info][gc             ] GC(674) Pause Young (Mixed) (G1 Evacuation Pause) 855M->566M(978M) 56.248ms
[300.556s][info][gc,cpu         ] GC(674) User=0.10s Sys=0.00s Real=0.06s
[300.836s][info][gc,start       ] GC(675) Pause Young (Concurrent Start) (G1 Evacuation Pause)
[300.836s][info][gc,task        ] GC(675) Using 2 workers of 2 for evacuation
[300.906s][info][gc,phases      ] GC(675)   Pre Evacuate Collection Set: 0.29ms
[300.906s][info][gc,phases      ] GC(675)   Merge Heap Roots: 0.24ms
[300.906s][info][gc,phases      ] GC(675)   Evacuate Collection Set: 68.04ms
[300.906s][info][gc,phases      ] GC(675)   Post Evacuate Collection Set: 0.67ms
[300.906s][info][gc,phases      ] GC(675)   Other: 0.11ms
[300.906s][info][gc,heap        ] GC(675) Eden regions: 297->0(260)
[300.906s][info][gc,heap        ] GC(675) Survivor regions: 20->40(40)
[300.906s][info][gc,heap        ] GC(675) Old regions: 540->567
[300.906s][info][gc,heap        ] GC(675) Humongous regions: 8->8
[300.906s][info][gc,metaspace   ] GC(675) Metaspace: 18847K(19008K)->18847K(19008K) NonClass: 16180K(16256K)->16180K(16256K) Class: 2667K(2752K)->2667K(2752K)
[300.906s][info][gc             ] GC(675) Pause Young (Concurrent Start) (G1 Evacuation Pause) 863M->614M(978M) 69.565ms
[300.906s][info][gc             ] GC(676) Concurrent Mark Cycle
[300.906s][info][gc,marking     ] GC(676) Concurrent Scan Root Regions
[300.908s][info][gc,cpu         ] GC(675) User=0.14s Sys=0.00s Real=0.07s
[301.000s][info][gc,marking     ] GC(676) Concurrent Scan Root Regions 94.010ms
[301.000s][info][gc,marking     ] GC(676) Concurrent Mark
[301.000s][info][gc,marking     ] GC(676) Concurrent Mark From Roots
[301.000s][info][gc,task        ] GC(676) Using 1 workers of 1 for marking
[301.450s][info][gc,start       ] GC(677) Pause Young (Normal) (G1 Evacuation Pause)
[301.450s][info][gc,task        ] GC(677) Using 2 workers of 2 for evacuation
[301.544s][info][gc,phases      ] GC(677)   Pre Evacuate Collection Set: 0.51ms
[301.544s][info][gc,phases      ] GC(677)   Merge Heap Roots: 0.37ms
[301.544s][info][gc,phases      ] GC(677)   Evacuate Collection Set: 92.66ms
[301.544s][info][gc,phases      ] GC(677)   Post Evacuate Collection Set: 0.61ms
[301.544s][info][gc,phases      ] GC(677)   Other: 0.11ms
[301.544s][info][gc,heap        ] GC(677) Eden regions: 260->0(212)
[301.544s][info][gc,heap        ] GC(677) Survivor regions: 40->38(38)
[301.544s][info][gc,heap        ] GC(677) Old regions: 567->624
[301.544s][info][gc,heap        ] GC(677) Humongous regions: 8->8
[301.544s][info][gc,metaspace   ] GC(677) Metaspace: 18848K(19008K)->18848K(19008K) NonClass: 16181K(16256K)->16181K(16256K) Class: 2667K(2752K)->2667K(2752K)
[301.544s][info][gc             ] GC(677) Pause Young (Normal) (G1 Evacuation Pause) 874M->669M(978M) 94.521ms
[301.544s][info][gc,cpu         ] GC(677) User=0.19s Sys=0.00s Real=0.10s
[302.067s][info][gc,start       ] GC(678) Pause Young (Normal) (G1 Evacuation Pause)
[302.067s][info][gc,task        ] GC(678) Using 2 workers of 2 for evacuation
[302.161s][info][gc,phases      ] GC(678)   Pre Evacuate Collection Set: 0.33ms
[302.161s][info][gc,phases      ] GC(678)   Merge Heap Roots: 0.40ms
[302.161s][info][gc,phases      ] GC(678)   Evacuate Collection Set: 93.13ms
[302.161s][info][gc,phases      ] GC(678)   Post Evacuate Collection Set: 0.54ms
[302.161s][info][gc,phases      ] GC(678)   Other: 0.09ms
[302.161s][info][gc,heap        ] GC(678) Eden regions: 212->0(174)
[302.161s][info][gc,heap        ] GC(678) Survivor regions: 38->32(32)
[302.161s][info][gc,heap        ] GC(678) Old regions: 624->671
[302.161s][info][gc,heap        ] GC(678) Humongous regions: 11->11
[302.161s][info][gc,metaspace   ] GC(678) Metaspace: 18848K(19008K)->18848K(19008K) NonClass: 16181K(16256K)->16181K(16256K) Class: 2667K(2752K)->2667K(2752K)
[302.161s][info][gc             ] GC(678) Pause Young (Normal) (G1 Evacuation Pause) 884M->713M(978M) 94.746ms
[302.161s][info][gc,cpu         ] GC(678) User=0.19s Sys=0.00s Real=0.09s
[302.165s][info][gc,marking     ] GC(676) Concurrent Mark From Roots 1164.544ms
[302.165s][info][gc,marking     ] GC(676) Concurrent Preclean
[302.165s][info][gc,marking     ] GC(676) Concurrent Preclean 0.037ms
[302.165s][info][gc,start       ] GC(676) Pause Remark
[302.172s][info][gc             ] GC(676) Pause Remark 716M->668M(978M) 7.513ms
[302.172s][info][gc,cpu         ] GC(676) User=0.02s Sys=0.00s Real=0.00s
[302.172s][info][gc,marking     ] GC(676) Concurrent Mark 1172.482ms
[302.172s][info][gc,marking     ] GC(676) Concurrent Rebuild Remembered Sets and Scrub Regions
[302.381s][info][gc,start       ] GC(679) Pause Young (Normal) (G1 Evacuation Pause)
[302.381s][info][gc,task        ] GC(679) Using 2 workers of 2 for evacuation
[302.441s][info][gc,phases      ] GC(679)   Pre Evacuate Collection Set: 0.30ms
[302.441s][info][gc,phases      ] GC(679)   Merge Heap Roots: 0.56ms
[302.441s][info][gc,phases      ] GC(679)   Evacuate Collection Set: 58.30ms
[302.441s][info][gc,phases      ] GC(679)   Post Evacuate Collection Set: 0.41ms
[302.441s][info][gc,phases      ] GC(679)   Other: 0.08ms
[302.441s][info][gc,heap        ] GC(679) Eden regions: 174->0(201)
[302.441s][info][gc,heap        ] GC(679) Survivor regions: 32->15(26)
[302.441s][info][gc,heap        ] GC(679) Old regions: 626->659
[302.441s][info][gc,heap        ] GC(679) Humongous regions: 8->8
[302.441s][info][gc,metaspace   ] GC(679) Metaspace: 18848K(19008K)->18848K(19008K) NonClass: 16181K(16256K)->16181K(16256K) Class: 2667K(2752K)->2667K(2752K)
[302.441s][info][gc             ] GC(679) Pause Young (Normal) (G1 Evacuation Pause) 839M->680M(978M) 59.868ms
[302.441s][info][gc,cpu         ] GC(679) User=0.11s Sys=0.00s Real=0.06s
[302.744s][info][gc,marking     ] GC(676) Concurrent Rebuild Remembered Sets and Scrub Regions 571.557ms
[302.744s][info][gc,start       ] GC(676) Pause Cleanup
[302.744s][info][gc             ] GC(676) Pause Cleanup 850M->850M(978M) 0.165ms
[302.744s][info][gc,cpu         ] GC(676) User=0.00s Sys=0.00s Real=0.00s
[302.744s][info][gc,marking     ] GC(676) Concurrent Clear Claimed Marks
[302.744s][info][gc,marking     ] GC(676) Concurrent Clear Claimed Marks 0.030ms
[302.744s][info][gc,marking     ] GC(676) Concurrent Cleanup for Next Mark
[302.747s][info][gc,marking     ] GC(676) Concurrent Cleanup for Next Mark 2.854ms
[302.747s][info][gc             ] GC(676) Concurrent Mark Cycle 1841.445ms
[302.777s][info][gc,start       ] GC(680) Pause Young (Prepare Mixed) (G1 Evacuation Pause)
[302.777s][info][gc,task        ] GC(680) Using 2 workers of 2 for evacuation
[302.804s][info][gc,phases      ] GC(680)   Pre Evacuate Collection Set: 0.46ms
[302.804s][info][gc,phases      ] GC(680)   Merge Heap Roots: 0.27ms
[302.804s][info][gc,phases      ] GC(680)   Evacuate Collection Set: 25.30ms
[302.804s][info][gc,phases      ] GC(680)   Post Evacuate Collection Set: 0.44ms
[302.804s][info][gc,phases      ] GC(680)   Other: 0.08ms
[302.804s][info][gc,heap        ] GC(680) Eden regions: 201->0(209)
[302.804s][info][gc,heap        ] GC(680) Survivor regions: 15->5(27)
[302.804s][info][gc,heap        ] GC(680) Old regions: 659->673
[302.804s][info][gc,heap        ] GC(680) Humongous regions: 8->8
[302.804s][info][gc,metaspace   ] GC(680) Metaspace: 18848K(19008K)->18848K(19008K) NonClass: 16181K(16256K)->16181K(16256K) Class: 2667K(2752K)->2667K(2752K)
[302.804s][info][gc             ] GC(680) Pause Young (Prepare Mixed) (G1 Evacuation Pause) 881M->685M(978M) 26.726ms
[302.804s][info][gc,cpu         ] GC(680) User=0.05s Sys=0.00s Real=0.03s
[303.099s][info][gc,start       ] GC(681) Pause Young (Mixed) (G1 Evacuation Pause)
[303.099s][info][gc,task        ] GC(681) Using 2 workers of 2 for evacuation
[303.142s][info][gc,phases      ] GC(681)   Pre Evacuate Collection Set: 0.55ms
[303.142s][info][gc,phases      ] GC(681)   Merge Heap Roots: 0.39ms
[303.142s][info][gc,phases      ] GC(681)   Evacuate Collection Set: 40.79ms
[303.142s][info][gc,phases      ] GC(681)   Post Evacuate Collection Set: 0.58ms
[303.142s][info][gc,phases      ] GC(681)   Other: 0.08ms
[303.142s][info][gc,heap        ] GC(681) Eden regions: 209->0(252)
[303.142s][info][gc,heap        ] GC(681) Survivor regions: 5->27(27)
[303.142s][info][gc,heap        ] GC(681) Old regions: 673->583
[303.142s][info][gc,heap        ] GC(681) Humongous regions: 8->8
[303.142s][info][gc,metaspace   ] GC(681) Metaspace: 18850K(19008K)->18850K(19008K) NonClass: 16183K(16256K)->16183K(16256K) Class: 2667K(2752K)->2667K(2752K)
[303.142s][info][gc             ] GC(681) Pause Young (Mixed) (G1 Evacuation Pause) 894M->617M(978M) 42.580ms
[303.142s][info][gc,cpu         ] GC(681) User=0.08s Sys=0.00s Real=0.04s
[303.705s][info][gc,start       ] GC(682) Pause Young (Mixed) (G1 Evacuation Pause)
[303.705s][info][gc,task        ] GC(682) Using 2 workers of 2 for evacuation
[303.798s][info][gc,phases      ] GC(682)   Pre Evacuate Collection Set: 0.34ms
[303.798s][info][gc,phases      ] GC(682)   Merge Heap Roots: 0.84ms
[303.798s][info][gc,phases      ] GC(682)   Evacuate Collection Set: 90.73ms
[303.798s][info][gc,phases      ] GC(682)   Post Evacuate Collection Set: 0.54ms
[303.798s][info][gc,phases      ] GC(682)   Other: 0.10ms
[303.798s][info][gc,heap        ] GC(682) Eden regions: 252->0(248)
[303.798s][info][gc,heap        ] GC(682) Survivor regions: 27->23(35)
[303.798s][info][gc,heap        ] GC(682) Old regions: 583->600
[303.798s][info][gc,heap        ] GC(682) Humongous regions: 8->8
[303.798s][info][gc,metaspace   ] GC(682) Metaspace: 18850K(19008K)->18850K(19008K) NonClass: 16183K(16256K)->16183K(16256K) Class: 2667K(2752K)->2667K(2752K)
[303.798s][info][gc             ] GC(682) Pause Young (Mixed) (G1 Evacuation Pause) 869M->629M(978M) 92.773ms
[303.798s][info][gc,cpu         ] GC(682) User=0.18s Sys=0.00s Real=0.09s
[304.060s][info][gc,start       ] GC(683) Pause Young (Concurrent Start) (G1 Evacuation Pause)
[304.060s][info][gc,task        ] GC(683) Using 2 workers of 2 for evacuation
[304.132s][info][gc,phases      ] GC(683)   Pre Evacuate Collection Set: 0.34ms
[304.132s][info][gc,phases      ] GC(683)   Merge Heap Roots: 0.13ms
[304.132s][info][gc,phases      ] GC(683)   Evacuate Collection Set: 70.84ms
[304.132s][info][gc,phases      ] GC(683)   Post Evacuate Collection Set: 0.69ms
[304.132s][info][gc,phases      ] GC(683)   Other: 0.23ms
[304.132s][info][gc,heap        ] GC(683) Eden regions: 248->0(197)
[304.132s][info][gc,heap        ] GC(683) Survivor regions: 23->34(34)
[304.132s][info][gc,heap        ] GC(683) Old regions: 600->647
[304.132s][info][gc,heap        ] GC(683) Humongous regions: 8->8
[304.132s][info][gc,metaspace   ] GC(683) Metaspace: 18850K(19008K)->18850K(19008K) NonClass: 16183K(16256K)->16183K(16256K) Class: 2667K(2752K)->2667K(2752K)
[304.132s][info][gc             ] GC(683) Pause Young (Concurrent Start) (G1 Evacuation Pause) 877M->688M(978M) 72.517ms
[304.132s][info][gc,cpu         ] GC(683) User=0.15s Sys=0.00s Real=0.07s
[304.132s][info][gc             ] GC(684) Concurrent Mark Cycle
[304.132s][info][gc,marking     ] GC(684) Concurrent Scan Root Regions
[304.213s][info][gc,marking     ] GC(684) Concurrent Scan Root Regions 80.459ms
[304.213s][info][gc,marking     ] GC(684) Concurrent Mark
[304.213s][info][gc,marking     ] GC(684) Concurrent Mark From Roots
[304.213s][info][gc,task        ] GC(684) Using 1 workers of 1 for marking
[304.546s][info][gc,start       ] GC(685) Pause Young (Normal) (G1 Evacuation Pause)
[304.546s][info][gc,task        ] GC(685) Using 2 workers of 2 for evacuation
[304.629s][info][gc,phases      ] GC(685)   Pre Evacuate Collection Set: 0.78ms
[304.629s][info][gc,phases      ] GC(685)   Merge Heap Roots: 0.43ms
[304.629s][info][gc,phases      ] GC(685)   Evacuate Collection Set: 80.56ms
[304.629s][info][gc,phases      ] GC(685)   Post Evacuate Collection Set: 0.53ms
[304.629s][info][gc,phases      ] GC(685)   Other: 0.09ms
[304.629s][info][gc,heap        ] GC(685) Eden regions: 197->0(167)
[304.629s][info][gc,heap        ] GC(685) Survivor regions: 34->29(29)
[304.629s][info][gc,heap        ] GC(685) Old regions: 647->684
[304.629s][info][gc,heap        ] GC(685) Humongous regions: 11->11
[304.629s][info][gc,metaspace   ] GC(685) Metaspace: 18850K(19008K)->18850K(19008K) NonClass: 16183K(16256K)->16183K(16256K) Class: 2667K(2752K)->2667K(2752K)
[304.629s][info][gc             ] GC(685) Pause Young (Normal) (G1 Evacuation Pause) 888M->723M(978M) 82.574ms
[304.629s][info][gc,cpu         ] GC(685) User=0.16s Sys=0.00s Real=0.08s
[304.937s][info][gc,start       ] GC(686) Pause Young (Normal) (G1 Evacuation Pause)
[304.937s][info][gc,task        ] GC(686) Using 2 workers of 2 for evacuation
[305.003s][info][gc,phases      ] GC(686)   Pre Evacuate Collection Set: 0.30ms
[305.003s][info][gc,phases      ] GC(686)   Merge Heap Roots: 0.31ms
[305.003s][info][gc,phases      ] GC(686)   Evacuate Collection Set: 64.73ms
[305.003s][info][gc,phases      ] GC(686)   Post Evacuate Collection Set: 0.44ms
[305.003s][info][gc,phases      ] GC(686)   Other: 0.10ms
[305.003s][info][gc,heap        ] GC(686) Eden regions: 167->0(151)
[305.003s][info][gc,heap        ] GC(686) Survivor regions: 29->25(25)
[305.003s][info][gc,heap        ] GC(686) Old regions: 684->713
[305.003s][info][gc,heap        ] GC(686) Humongous regions: 11->11
[305.003s][info][gc,metaspace   ] GC(686) Metaspace: 18850K(19008K)->18850K(19008K) NonClass: 16183K(16256K)->16183K(16256K) Class: 2667K(2752K)->2667K(2752K)
[305.003s][info][gc             ] GC(686) Pause Young (Normal) (G1 Evacuation Pause) 890M->748M(978M) 66.106ms
[305.003s][info][gc,cpu         ] GC(686) User=0.13s Sys=0.00s Real=0.07s
[305.219s][info][gc,start       ] GC(687) Pause Young (Normal) (G1 Evacuation Pause)
[305.219s][info][gc,task        ] GC(687) Using 2 workers of 2 for evacuation
[305.246s][info][gc,phases      ] GC(687)   Pre Evacuate Collection Set: 0.30ms
[305.246s][info][gc,phases      ] GC(687)   Merge Heap Roots: 0.17ms
[305.246s][info][gc,phases      ] GC(687)   Evacuate Collection Set: 26.44ms
[305.246s][info][gc,phases      ] GC(687)   Post Evacuate Collection Set: 0.36ms
[305.246s][info][gc,phases      ] GC(687)   Other: 0.10ms
[305.246s][info][gc,heap        ] GC(687) Eden regions: 151->0(162)
[305.246s][info][gc,heap        ] GC(687) Survivor regions: 25->1(22)
[305.246s][info][gc,heap        ] GC(687) Old regions: 713->737
[305.246s][info][gc,heap        ] GC(687) Humongous regions: 11->11
[305.246s][info][gc,metaspace   ] GC(687) Metaspace: 18850K(19008K)->18850K(19008K) NonClass: 16183K(16256K)->16183K(16256K) Class: 2667K(2752K)->2667K(2752K)
[305.246s][info][gc             ] GC(687) Pause Young (Normal) (G1 Evacuation Pause) 899M->748M(978M) 27.602ms
[305.246s][info][gc,cpu         ] GC(687) User=0.06s Sys=0.00s Real=0.03s
[305.432s][info][gc,marking     ] GC(684) Concurrent Mark From Roots 1218.957ms
[305.432s][info][gc,marking     ] GC(684) Concurrent Preclean
[305.432s][info][gc,marking     ] GC(684) Concurrent Preclean 0.044ms
[305.432s][info][gc,start       ] GC(684) Pause Remark
[305.440s][info][gc             ] GC(684) Pause Remark 852M->658M(978M) 7.574ms
[305.440s][info][gc,cpu         ] GC(684) User=0.02s Sys=0.00s Real=0.01s
[305.440s][info][gc,marking     ] GC(684) Concurrent Mark 1226.902ms
[305.440s][info][gc,marking     ] GC(684) Concurrent Rebuild Remembered Sets and Scrub Regions
[305.573s][info][gc,start       ] GC(688) Pause Young (Normal) (G1 Evacuation Pause)
[305.573s][info][gc,task        ] GC(688) Using 2 workers of 2 for evacuation
[305.585s][info][gc,phases      ] GC(688)   Pre Evacuate Collection Set: 0.46ms
[305.585s][info][gc,phases      ] GC(688)   Merge Heap Roots: 0.18ms
[305.585s][info][gc,phases      ] GC(688)   Evacuate Collection Set: 10.63ms
[305.585s][info][gc,phases      ] GC(688)   Post Evacuate Collection Set: 0.36ms
[305.585s][info][gc,phases      ] GC(688)   Other: 0.09ms
[305.585s][info][gc,heap        ] GC(688) Eden regions: 162->0(293)
[305.585s][info][gc,heap        ] GC(688) Survivor regions: 1->5(21)
[305.585s][info][gc,heap        ] GC(688) Old regions: 547->547
[305.585s][info][gc,heap        ] GC(688) Humongous regions: 7->7
[305.585s][info][gc,metaspace   ] GC(688) Metaspace: 18850K(19008K)->18850K(19008K) NonClass: 16183K(16256K)->16183K(16256K) Class: 2667K(2752K)->2667K(2752K)
[305.585s][info][gc             ] GC(688) Pause Young (Normal) (G1 Evacuation Pause) 716M->558M(978M) 11.959ms
[305.585s][info][gc,cpu         ] GC(688) User=0.02s Sys=0.00s Real=0.01s
[305.848s][info][gc,marking     ] GC(684) Concurrent Rebuild Remembered Sets and Scrub Regions 408.030ms
[305.848s][info][gc,start       ] GC(684) Pause Cleanup
[305.848s][info][gc             ] GC(684) Pause Cleanup 685M->685M(978M) 0.123ms
[305.848s][info][gc,cpu         ] GC(684) User=0.00s Sys=0.00s Real=0.00s
[305.848s][info][gc,marking     ] GC(684) Concurrent Clear Claimed Marks
[305.848s][info][gc,marking     ] GC(684) Concurrent Clear Claimed Marks 0.032ms
[305.848s][info][gc,marking     ] GC(684) Concurrent Cleanup for Next Mark
[305.854s][info][gc,marking     ] GC(684) Concurrent Cleanup for Next Mark 5.303ms
[305.854s][info][gc             ] GC(684) Concurrent Mark Cycle 1721.366ms
[306.141s][info][gc,start       ] GC(689) Pause Young (Prepare Mixed) (G1 Evacuation Pause)
[306.141s][info][gc,task        ] GC(689) Using 2 workers of 2 for evacuation
[306.179s][info][gc,phases      ] GC(689)   Pre Evacuate Collection Set: 0.54ms
[306.179s][info][gc,phases      ] GC(689)   Merge Heap Roots: 0.28ms
[306.179s][info][gc,phases      ] GC(689)   Evacuate Collection Set: 37.15ms
[306.179s][info][gc,phases      ] GC(689)   Post Evacuate Collection Set: 0.53ms
[306.179s][info][gc,phases      ] GC(689)   Other: 0.09ms
[306.179s][info][gc,heap        ] GC(689) Eden regions: 293->0(280)
[306.179s][info][gc,heap        ] GC(689) Survivor regions: 5->31(38)
[306.179s][info][gc,heap        ] GC(689) Old regions: 547->547
[306.179s][info][gc,heap        ] GC(689) Humongous regions: 7->7
[306.179s][info][gc,metaspace   ] GC(689) Metaspace: 18850K(19008K)->18850K(19008K) NonClass: 16183K(16256K)->16183K(16256K) Class: 2667K(2752K)->2667K(2752K)
[306.180s][info][gc             ] GC(689) Pause Young (Prepare Mixed) (G1 Evacuation Pause) 851M->584M(978M) 38.841ms
[306.180s][info][gc,cpu         ] GC(689) User=0.08s Sys=0.00s Real=0.04s
[306.809s][info][gc,start       ] GC(690) Pause Young (Mixed) (G1 Evacuation Pause)
[306.810s][info][gc,task        ] GC(690) Using 2 workers of 2 for evacuation
[306.876s][info][gc,phases      ] GC(690)   Pre Evacuate Collection Set: 0.56ms
[306.876s][info][gc,phases      ] GC(690)   Merge Heap Roots: 0.58ms
[306.876s][info][gc,phases      ] GC(690)   Evacuate Collection Set: 65.01ms
[306.876s][info][gc,phases      ] GC(690)   Post Evacuate Collection Set: 0.55ms
[306.876s][info][gc,phases      ] GC(690)   Other: 0.11ms
[306.876s][info][gc,heap        ] GC(690) Eden regions: 280->0(284)
[306.876s][info][gc,heap        ] GC(690) Survivor regions: 31->23(39)
[306.876s][info][gc,heap        ] GC(690) Old regions: 547->554
[306.876s][info][gc,heap        ] GC(690) Humongous regions: 7->7
[306.876s][info][gc,metaspace   ] GC(690) Metaspace: 18850K(19008K)->18850K(19008K) NonClass: 16183K(16256K)->16183K(16256K) Class: 2667K(2752K)->2667K(2752K)
[306.877s][info][gc             ] GC(690) Pause Young (Mixed) (G1 Evacuation Pause) 864M->583M(978M) 67.081ms
[306.877s][info][gc,cpu         ] GC(690) User=0.13s Sys=0.00s Real=0.07s
[307.198s][info][gc,start       ] GC(691) Pause Young (Concurrent Start) (G1 Evacuation Pause)
[307.198s][info][gc,task        ] GC(691) Using 2 workers of 2 for evacuation
[307.265s][info][gc,phases      ] GC(691)   Pre Evacuate Collection Set: 0.32ms
[307.265s][info][gc,phases      ] GC(691)   Merge Heap Roots: 0.14ms
[307.265s][info][gc,phases      ] GC(691)   Evacuate Collection Set: 66.23ms
[307.265s][info][gc,phases      ] GC(691)   Post Evacuate Collection Set: 0.67ms
[307.265s][info][gc,phases      ] GC(691)   Other: 0.12ms
[307.265s][info][gc,heap        ] GC(691) Eden regions: 284->0(239)
[307.265s][info][gc,heap        ] GC(691) Survivor regions: 23->39(39)
[307.265s][info][gc,heap        ] GC(691) Old regions: 554->590
[307.265s][info][gc,heap        ] GC(691) Humongous regions: 7->7
[307.265s][info][gc,metaspace   ] GC(691) Metaspace: 18850K(19008K)->18850K(19008K) NonClass: 16183K(16256K)->16183K(16256K) Class: 2667K(2752K)->2667K(2752K)
[307.265s][info][gc             ] GC(691) Pause Young (Concurrent Start) (G1 Evacuation Pause) 867M->635M(978M) 67.748ms
[307.266s][info][gc             ] GC(692) Concurrent Mark Cycle
[307.266s][info][gc,marking     ] GC(692) Concurrent Scan Root Regions
[307.268s][info][gc,cpu         ] GC(691) User=0.13s Sys=0.00s Real=0.07s
[307.315s][info][gc,marking     ] GC(692) Concurrent Scan Root Regions 49.928ms
[307.315s][info][gc,marking     ] GC(692) Concurrent Mark
[307.315s][info][gc,marking     ] GC(692) Concurrent Mark From Roots
[307.316s][info][gc,task        ] GC(692) Using 1 workers of 1 for marking
[307.831s][info][gc,start       ] GC(693) Pause Young (Normal) (G1 Evacuation Pause)
[307.831s][info][gc,task        ] GC(693) Using 2 workers of 2 for evacuation
[307.934s][info][gc,phases      ] GC(693)   Pre Evacuate Collection Set: 0.30ms
[307.935s][info][gc,phases      ] GC(693)   Merge Heap Roots: 0.33ms
[307.935s][info][gc,phases      ] GC(693)   Evacuate Collection Set: 101.82ms
[307.935s][info][gc,phases      ] GC(693)   Post Evacuate Collection Set: 0.58ms
[307.935s][info][gc,phases      ] GC(693)   Other: 0.08ms
[307.935s][info][gc,heap        ] GC(693) Eden regions: 239->0(192)
[307.935s][info][gc,heap        ] GC(693) Survivor regions: 39->35(35)
[307.935s][info][gc,heap        ] GC(693) Old regions: 590->646
[307.935s][info][gc,heap        ] GC(693) Humongous regions: 10->10
[307.935s][info][gc,metaspace   ] GC(693) Metaspace: 18850K(19008K)->18850K(19008K) NonClass: 16183K(16256K)->16183K(16256K) Class: 2667K(2752K)->2667K(2752K)
[307.935s][info][gc             ] GC(693) Pause Young (Normal) (G1 Evacuation Pause) 877M->690M(978M) 103.368ms
[307.935s][info][gc,cpu         ] GC(693) User=0.21s Sys=0.00s Real=0.11s
[308.266s][info][gc,start       ] GC(694) Pause Young (Normal) (G1 Evacuation Pause)
[308.266s][info][gc,task        ] GC(694) Using 2 workers of 2 for evacuation
[308.318s][info][gc,phases      ] GC(694)   Pre Evacuate Collection Set: 0.50ms
[308.318s][info][gc,phases      ] GC(694)   Merge Heap Roots: 0.36ms
[308.319s][info][gc,phases      ] GC(694)   Evacuate Collection Set: 50.91ms
[308.319s][info][gc,phases      ] GC(694)   Post Evacuate Collection Set: 0.44ms
[308.319s][info][gc,phases      ] GC(694)   Other: 0.08ms
[308.319s][info][gc,heap        ] GC(694) Eden regions: 192->0(199)
[308.319s][info][gc,heap        ] GC(694) Survivor regions: 35->5(29)
[308.319s][info][gc,heap        ] GC(694) Old regions: 646->681
[308.319s][info][gc,heap        ] GC(694) Humongous regions: 10->10
[308.319s][info][gc,metaspace   ] GC(694) Metaspace: 18850K(19008K)->18850K(19008K) NonClass: 16183K(16256K)->16183K(16256K) Class: 2667K(2752K)->2667K(2752K)
[308.319s][info][gc             ] GC(694) Pause Young (Normal) (G1 Evacuation Pause) 882M->695M(978M) 52.546ms
[308.319s][info][gc,cpu         ] GC(694) User=0.10s Sys=0.00s Real=0.05s
[308.734s][info][gc,start       ] GC(695) Pause Young (Normal) (G1 Evacuation Pause)
[308.734s][info][gc,task        ] GC(695) Using 2 workers of 2 for evacuation
[308.750s][info][gc,phases      ] GC(695)   Pre Evacuate Collection Set: 0.52ms
[308.750s][info][gc,phases      ] GC(695)   Merge Heap Roots: 0.20ms
[308.750s][info][gc,phases      ] GC(695)   Evacuate Collection Set: 15.34ms
[308.750s][info][gc,phases      ] GC(695)   Post Evacuate Collection Set: 0.42ms
[308.750s][info][gc,phases      ] GC(695)   Other: 0.10ms
[308.750s][info][gc,heap        ] GC(695) Eden regions: 199->0(205)
[308.750s][info][gc,heap        ] GC(695) Survivor regions: 5->9(26)
[308.750s][info][gc,heap        ] GC(695) Old regions: 681->681
[308.750s][info][gc,heap        ] GC(695) Humongous regions: 10->10
[308.750s][info][gc,metaspace   ] GC(695) Metaspace: 18850K(19008K)->18850K(19008K) NonClass: 16183K(16256K)->16183K(16256K) Class: 2667K(2752K)->2667K(2752K)
[308.750s][info][gc             ] GC(695) Pause Young (Normal) (G1 Evacuation Pause) 894M->699M(978M) 16.792ms
[308.750s][info][gc,cpu         ] GC(695) User=0.03s Sys=0.00s Real=0.01s
[308.792s][info][gc,marking     ] GC(692) Concurrent Mark From Roots 1476.285ms
[308.792s][info][gc,marking     ] GC(692) Concurrent Preclean
[308.792s][info][gc,marking     ] GC(692) Concurrent Preclean 0.035ms
[308.792s][info][gc,start       ] GC(692) Pause Remark
[308.800s][info][gc             ] GC(692) Pause Remark 719M->715M(978M) 7.710ms
[308.800s][info][gc,cpu         ] GC(692) User=0.01s Sys=0.00s Real=0.01s
[308.802s][info][gc,marking     ] GC(692) Concurrent Mark 1486.155ms
[308.802s][info][gc,marking     ] GC(692) Concurrent Rebuild Remembered Sets and Scrub Regions
[309.225s][info][gc,start       ] GC(696) Pause Young (Normal) (G1 Evacuation Pause)
[309.225s][info][gc,task        ] GC(696) Using 2 workers of 2 for evacuation
[309.257s][info][gc,phases      ] GC(696)   Pre Evacuate Collection Set: 0.30ms
[309.257s][info][gc,phases      ] GC(696)   Merge Heap Roots: 0.23ms
[309.257s][info][gc,phases      ] GC(696)   Evacuate Collection Set: 30.87ms
[309.257s][info][gc,phases      ] GC(696)   Post Evacuate Collection Set: 0.42ms
[309.257s][info][gc,phases      ] GC(696)   Other: 0.08ms
[309.257s][info][gc,heap        ] GC(696) Eden regions: 205->0(187)
[309.257s][info][gc,heap        ] GC(696) Survivor regions: 9->27(27)
[309.257s][info][gc,heap        ] GC(696) Old regions: 678->678
[309.257s][info][gc,heap        ] GC(696) Humongous regions: 9->9
[309.257s][info][gc,metaspace   ] GC(696) Metaspace: 18850K(19008K)->18850K(19008K) NonClass: 16183K(16256K)->16183K(16256K) Class: 2667K(2752K)->2667K(2752K)
[309.257s][info][gc             ] GC(696) Pause Young (Normal) (G1 Evacuation Pause) 900M->713M(978M) 32.162ms
[309.257s][info][gc,cpu         ] GC(696) User=0.07s Sys=0.00s Real=0.03s
[309.485s][info][gc,marking     ] GC(692) Concurrent Rebuild Remembered Sets and Scrub Regions 683.380ms
[309.485s][info][gc,start       ] GC(692) Pause Cleanup
[309.485s][info][gc             ] GC(692) Pause Cleanup 800M->800M(978M) 0.148ms
[309.485s][info][gc,cpu         ] GC(692) User=0.00s Sys=0.00s Real=0.00s
[309.485s][info][gc,marking     ] GC(692) Concurrent Clear Claimed Marks
[309.486s][info][gc,marking     ] GC(692) Concurrent Clear Claimed Marks 0.036ms
[309.486s][info][gc,marking     ] GC(692) Concurrent Cleanup for Next Mark
[309.490s][info][gc,marking     ] GC(692) Concurrent Cleanup for Next Mark 4.868ms
[309.490s][info][gc             ] GC(692) Concurrent Mark Cycle 2224.947ms
[309.763s][info][gc,start       ] GC(697) Pause Young (Prepare Mixed) (G1 Evacuation Pause)
[309.764s][info][gc,task        ] GC(697) Using 2 workers of 2 for evacuation
[309.818s][info][gc,phases      ] GC(697)   Pre Evacuate Collection Set: 0.52ms
[309.818s][info][gc,phases      ] GC(697)   Merge Heap Roots: 0.84ms
[309.818s][info][gc,phases      ] GC(697)   Evacuate Collection Set: 52.70ms
[309.818s][info][gc,phases      ] GC(697)   Post Evacuate Collection Set: 0.44ms
[309.818s][info][gc,phases      ] GC(697)   Other: 0.08ms
[309.818s][info][gc,heap        ] GC(697) Eden regions: 187->0(188)
[309.818s][info][gc,heap        ] GC(697) Survivor regions: 27->13(27)
[309.818s][info][gc,heap        ] GC(697) Old regions: 678->705
[309.818s][info][gc,heap        ] GC(697) Humongous regions: 9->9
[309.818s][info][gc,metaspace   ] GC(697) Metaspace: 18852K(19008K)->18852K(19008K) NonClass: 16185K(16256K)->16185K(16256K) Class: 2667K(2752K)->2667K(2752K)
[309.818s][info][gc             ] GC(697) Pause Young (Prepare Mixed) (G1 Evacuation Pause) 900M->726M(978M) 54.774ms
[309.818s][info][gc,cpu         ] GC(697) User=0.10s Sys=0.00s Real=0.05s
[310.064s][info][gc,start       ] GC(698) Pause Young (Mixed) (G1 Evacuation Pause)
[310.064s][info][gc,task        ] GC(698) Using 2 workers of 2 for evacuation
[310.079s][info][gc,phases      ] GC(698)   Pre Evacuate Collection Set: 0.34ms
[310.079s][info][gc,phases      ] GC(698)   Merge Heap Roots: 0.15ms
[310.079s][info][gc,phases      ] GC(698)   Evacuate Collection Set: 14.24ms
[310.079s][info][gc,phases      ] GC(698)   Post Evacuate Collection Set: 0.40ms
[310.079s][info][gc,phases      ] GC(698)   Other: 0.08ms
[310.079s][info][gc,heap        ] GC(698) Eden regions: 188->0(203)
[310.079s][info][gc,heap        ] GC(698) Survivor regions: 13->14(26)
[310.079s][info][gc,heap        ] GC(698) Old regions: 705->688
[310.079s][info][gc,heap        ] GC(698) Humongous regions: 9->9
[310.079s][info][gc,metaspace   ] GC(698) Metaspace: 18856K(19008K)->18856K(19008K) NonClass: 16189K(16256K)->16189K(16256K) Class: 2667K(2752K)->2667K(2752K)
[310.079s][info][gc             ] GC(698) Pause Young (Mixed) (G1 Evacuation Pause) 914M->710M(978M) 15.419ms
[310.079s][info][gc,cpu         ] GC(698) User=0.03s Sys=0.00s Real=0.01s
[310.321s][info][gc,start       ] GC(699) Pause Young (Concurrent Start) (G1 Evacuation Pause)
[310.321s][info][gc,task        ] GC(699) Using 2 workers of 2 for evacuation
[310.364s][info][gc,phases      ] GC(699)   Pre Evacuate Collection Set: 0.32ms
[310.364s][info][gc,phases      ] GC(699)   Merge Heap Roots: 0.14ms
[310.364s][info][gc,phases      ] GC(699)   Evacuate Collection Set: 41.92ms
[310.364s][info][gc,phases      ] GC(699)   Post Evacuate Collection Set: 0.51ms
[310.364s][info][gc,phases      ] GC(699)   Other: 0.11ms
[310.364s][info][gc,heap        ] GC(699) Eden regions: 203->0(163)
[310.364s][info][gc,heap        ] GC(699) Survivor regions: 14->28(28)
[310.364s][info][gc,heap        ] GC(699) Old regions: 688->700
[310.364s][info][gc,heap        ] GC(699) Humongous regions: 9->9
[310.364s][info][gc,metaspace   ] GC(699) Metaspace: 18856K(19008K)->18856K(19008K) NonClass: 16189K(16256K)->16189K(16256K) Class: 2667K(2752K)->2667K(2752K)
[310.364s][info][gc             ] GC(699) Pause Young (Concurrent Start) (G1 Evacuation Pause) 913M->736M(978M) 43.234ms
[310.364s][info][gc             ] GC(700) Concurrent Mark Cycle
[310.364s][info][gc,marking     ] GC(700) Concurrent Scan Root Regions
[310.365s][info][gc,cpu         ] GC(699) User=0.08s Sys=0.00s Real=0.05s
[310.422s][info][gc,marking     ] GC(700) Concurrent Scan Root Regions 58.000ms
[310.422s][info][gc,marking     ] GC(700) Concurrent Mark
[310.422s][info][gc,marking     ] GC(700) Concurrent Mark From Roots
[310.422s][info][gc,task        ] GC(700) Using 1 workers of 1 for marking
[310.641s][info][gc,start       ] GC(701) Pause Young (Normal) (G1 Evacuation Pause)
[310.641s][info][gc,task        ] GC(701) Using 2 workers of 2 for evacuation
[310.679s][info][gc,phases      ] GC(701)   Pre Evacuate Collection Set: 0.31ms
[310.679s][info][gc,phases      ] GC(701)   Merge Heap Roots: 0.21ms
[310.679s][info][gc,phases      ] GC(701)   Evacuate Collection Set: 37.04ms
[310.679s][info][gc,phases      ] GC(701)   Post Evacuate Collection Set: 0.40ms
[310.679s][info][gc,phases      ] GC(701)   Other: 0.15ms
[310.679s][info][gc,heap        ] GC(701) Eden regions: 163->0(174)
[310.679s][info][gc,heap        ] GC(701) Survivor regions: 28->8(24)
[310.679s][info][gc,heap        ] GC(701) Old regions: 700->729
[310.679s][info][gc,heap        ] GC(701) Humongous regions: 9->9
[310.679s][info][gc,metaspace   ] GC(701) Metaspace: 18856K(19008K)->18856K(19008K) NonClass: 16189K(16256K)->16189K(16256K) Class: 2667K(2752K)->2667K(2752K)
[310.679s][info][gc             ] GC(701) Pause Young (Normal) (G1 Evacuation Pause) 899M->744M(978M) 38.366ms
[310.679s][info][gc,cpu         ] GC(701) User=0.08s Sys=0.00s Real=0.04s
[311.240s][info][gc,start       ] GC(702) Pause Young (Normal) (G1 Evacuation Pause)
[311.240s][info][gc,task        ] GC(702) Using 2 workers of 2 for evacuation
[311.252s][info][gc,phases      ] GC(702)   Pre Evacuate Collection Set: 0.30ms
[311.252s][info][gc,phases      ] GC(702)   Merge Heap Roots: 0.11ms
[311.252s][info][gc,phases      ] GC(702)   Evacuate Collection Set: 10.89ms
[311.252s][info][gc,phases      ] GC(702)   Post Evacuate Collection Set: 0.37ms
[311.252s][info][gc,phases      ] GC(702)   Other: 0.11ms
[311.252s][info][gc,heap        ] GC(702) Eden regions: 174->0(168)
[311.252s][info][gc,heap        ] GC(702) Survivor regions: 8->11(23)
[311.252s][info][gc,heap        ] GC(702) Old regions: 729->729
[311.252s][info][gc,heap        ] GC(702) Humongous regions: 9->9
[311.252s][info][gc,metaspace   ] GC(702) Metaspace: 18856K(19008K)->18856K(19008K) NonClass: 16189K(16256K)->16189K(16256K) Class: 2667K(2752K)->2667K(2752K)
[311.252s][info][gc             ] GC(702) Pause Young (Normal) (G1 Evacuation Pause) 918M->747M(978M) 12.014ms
[311.252s][info][gc,cpu         ] GC(702) User=0.03s Sys=0.00s Real=0.01s
[311.603s][info][gc,start       ] GC(703) Pause Young (Normal) (G1 Evacuation Pause)
[311.603s][info][gc,task        ] GC(703) Using 2 workers of 2 for evacuation
[311.628s][info][gc,phases      ] GC(703)   Pre Evacuate Collection Set: 0.31ms
[311.628s][info][gc,phases      ] GC(703)   Merge Heap Roots: 0.11ms
[311.628s][info][gc,phases      ] GC(703)   Evacuate Collection Set: 23.94ms
[311.628s][info][gc,phases      ] GC(703)   Post Evacuate Collection Set: 0.44ms
[311.628s][info][gc,phases      ] GC(703)   Other: 0.12ms
[311.628s][info][gc,heap        ] GC(703) Eden regions: 168->0(143)
[311.628s][info][gc,heap        ] GC(703) Survivor regions: 11->23(23)
[311.628s][info][gc,heap        ] GC(703) Old regions: 729->730
[311.628s][info][gc,heap        ] GC(703) Humongous regions: 9->9
[311.628s][info][gc,metaspace   ] GC(703) Metaspace: 18856K(19008K)->18856K(19008K) NonClass: 16189K(16256K)->16189K(16256K) Class: 2667K(2752K)->2667K(2752K)
[311.628s][info][gc             ] GC(703) Pause Young (Normal) (G1 Evacuation Pause) 915M->761M(978M) 25.207ms
[311.628s][info][gc,cpu         ] GC(703) User=0.05s Sys=0.00s Real=0.02s
[311.850s][info][gc,start       ] GC(704) Pause Young (Normal) (G1 Evacuation Pause)
[311.850s][info][gc,task        ] GC(704) Using 2 workers of 2 for evacuation
[311.907s][info][gc,phases      ] GC(704)   Pre Evacuate Collection Set: 0.33ms
[311.907s][info][gc,phases      ] GC(704)   Merge Heap Roots: 0.11ms
[311.907s][info][gc,phases      ] GC(704)   Evacuate Collection Set: 55.81ms
[311.907s][info][gc,phases      ] GC(704)   Post Evacuate Collection Set: 0.49ms
[311.907s][info][gc,phases      ] GC(704)   Other: 0.10ms
[311.907s][info][gc,heap        ] GC(704) Eden regions: 143->0(106)
[311.907s][info][gc,heap        ] GC(704) Survivor regions: 23->21(21)
[311.907s][info][gc,heap        ] GC(704) Old regions: 730->771
[311.907s][info][gc,heap        ] GC(704) Humongous regions: 9->9
[311.907s][info][gc,metaspace   ] GC(704) Metaspace: 18856K(19008K)->18856K(19008K) NonClass: 16189K(16256K)->16189K(16256K) Class: 2667K(2752K)->2667K(2752K)
[311.907s][info][gc             ] GC(704) Pause Young (Normal) (G1 Evacuation Pause) 904M->800M(978M) 57.112ms
[311.907s][info][gc,cpu         ] GC(704) User=0.11s Sys=0.00s Real=0.06s
[312.072s][info][gc,marking     ] GC(700) Concurrent Mark From Roots 1649.649ms
[312.072s][info][gc,marking     ] GC(700) Concurrent Preclean
[312.072s][info][gc,marking     ] GC(700) Concurrent Preclean 0.043ms
[312.073s][info][gc,start       ] GC(700) Pause Remark
[312.081s][info][gc             ] GC(700) Pause Remark 896M->766M(978M) 7.513ms
[312.081s][info][gc,cpu         ] GC(700) User=0.01s Sys=0.00s Real=0.00s
[312.081s][info][gc,marking     ] GC(700) Concurrent Mark 1658.599ms
[312.081s][info][gc,marking     ] GC(700) Concurrent Rebuild Remembered Sets and Scrub Regions
[312.123s][info][gc,start       ] GC(705) Pause Young (Normal) (G1 Evacuation Pause)
[312.123s][info][gc,task        ] GC(705) Using 2 workers of 2 for evacuation
[312.175s][info][gc,phases      ] GC(705)   Pre Evacuate Collection Set: 0.26ms
[312.175s][info][gc,phases      ] GC(705)   Merge Heap Roots: 0.27ms
[312.175s][info][gc,phases      ] GC(705)   Evacuate Collection Set: 50.65ms
[312.175s][info][gc,phases      ] GC(705)   Post Evacuate Collection Set: 0.45ms
[312.175s][info][gc,phases      ] GC(705)   Other: 0.11ms
[312.175s][info][gc,heap        ] GC(705) Eden regions: 106->0(183)
[312.175s][info][gc,heap        ] GC(705) Survivor regions: 21->16(16)
[312.175s][info][gc,heap        ] GC(705) Old regions: 644->682
[312.175s][info][gc,heap        ] GC(705) Humongous regions: 6->6
[312.175s][info][gc,metaspace   ] GC(705) Metaspace: 18856K(19008K)->18856K(19008K) NonClass: 16189K(16256K)->16189K(16256K) Class: 2667K(2752K)->2667K(2752K)
[312.175s][info][gc             ] GC(705) Pause Young (Normal) (G1 Evacuation Pause) 776M->703M(978M) 51.956ms
[312.175s][info][gc,cpu         ] GC(705) User=0.10s Sys=0.01s Real=0.05s
[312.556s][info][gc,start       ] GC(706) Pause Young (Normal) (G1 Evacuation Pause)
[312.556s][info][gc,task        ] GC(706) Using 2 workers of 2 for evacuation
[312.610s][info][gc,phases      ] GC(706)   Pre Evacuate Collection Set: 0.49ms
[312.610s][info][gc,phases      ] GC(706)   Merge Heap Roots: 0.42ms
[312.610s][info][gc,phases      ] GC(706)   Evacuate Collection Set: 52.47ms
[312.610s][info][gc,phases      ] GC(706)   Post Evacuate Collection Set: 0.53ms
[312.610s][info][gc,phases      ] GC(706)   Other: 0.07ms
[312.610s][info][gc,heap        ] GC(706) Eden regions: 183->0(169)
[312.610s][info][gc,heap        ] GC(706) Survivor regions: 16->19(25)
[312.610s][info][gc,heap        ] GC(706) Old regions: 682->698
[312.610s][info][gc,heap        ] GC(706) Humongous regions: 9->9
[312.610s][info][gc,metaspace   ] GC(706) Metaspace: 18856K(19008K)->18856K(19008K) NonClass: 16189K(16256K)->16189K(16256K) Class: 2667K(2752K)->2667K(2752K)
[312.610s][info][gc             ] GC(706) Pause Young (Normal) (G1 Evacuation Pause) 889M->725M(978M) 54.201ms
[312.610s][info][gc,cpu         ] GC(706) User=0.11s Sys=0.00s Real=0.05s
[312.748s][info][gc,marking     ] GC(700) Concurrent Rebuild Remembered Sets and Scrub Regions 667.058ms
[312.748s][info][gc,start       ] GC(700) Pause Cleanup
[312.748s][info][gc             ] GC(700) Pause Cleanup 806M->806M(978M) 0.141ms
[312.748s][info][gc,cpu         ] GC(700) User=0.00s Sys=0.00s Real=0.00s
[312.748s][info][gc,marking     ] GC(700) Concurrent Clear Claimed Marks
[312.748s][info][gc,marking     ] GC(700) Concurrent Clear Claimed Marks 0.036ms
[312.748s][info][gc,marking     ] GC(700) Concurrent Cleanup for Next Mark
[312.755s][info][gc,marking     ] GC(700) Concurrent Cleanup for Next Mark 6.618ms
[312.755s][info][gc             ] GC(700) Concurrent Mark Cycle 2390.870ms
[312.859s][info][gc,start       ] GC(707) Pause Young (Prepare Mixed) (G1 Evacuation Pause)
[312.859s][info][gc,task        ] GC(707) Using 2 workers of 2 for evacuation
[312.931s][info][gc,phases      ] GC(707)   Pre Evacuate Collection Set: 0.49ms
[312.931s][info][gc,phases      ] GC(707)   Merge Heap Roots: 0.37ms
[312.931s][info][gc,phases      ] GC(707)   Evacuate Collection Set: 70.41ms
[312.931s][info][gc,phases      ] GC(707)   Post Evacuate Collection Set: 0.44ms
[312.931s][info][gc,phases      ] GC(707)   Other: 0.07ms
[312.931s][info][gc,heap        ] GC(707) Eden regions: 169->0(143)
[312.931s][info][gc,heap        ] GC(707) Survivor regions: 19->24(24)
[312.931s][info][gc,heap        ] GC(707) Old regions: 698->728
[312.931s][info][gc,heap        ] GC(707) Humongous regions: 9->9
[312.931s][info][gc,metaspace   ] GC(707) Metaspace: 18856K(19008K)->18856K(19008K) NonClass: 16189K(16256K)->16189K(16256K) Class: 2667K(2752K)->2667K(2752K)
[312.931s][info][gc             ] GC(707) Pause Young (Prepare Mixed) (G1 Evacuation Pause) 894M->760M(978M) 72.046ms
[312.931s][info][gc,cpu         ] GC(707) User=0.14s Sys=0.00s Real=0.07s
[313.051s][info][gc,start       ] GC(708) Pause Young (Mixed) (G1 Evacuation Pause)
[313.052s][info][gc,task        ] GC(708) Using 2 workers of 2 for evacuation
[313.083s][info][gc,phases      ] GC(708)   Pre Evacuate Collection Set: 0.32ms
[313.083s][info][gc,phases      ] GC(708)   Merge Heap Roots: 0.20ms
[313.083s][info][gc,phases      ] GC(708)   Evacuate Collection Set: 30.16ms
[313.083s][info][gc,phases      ] GC(708)   Post Evacuate Collection Set: 0.39ms
[313.083s][info][gc,phases      ] GC(708)   Other: 0.07ms
[313.083s][info][gc,heap        ] GC(708) Eden regions: 143->0(163)
[313.083s][info][gc,heap        ] GC(708) Survivor regions: 24->5(21)
[313.083s][info][gc,heap        ] GC(708) Old regions: 728->725
[313.083s][info][gc,heap        ] GC(708) Humongous regions: 9->9
[313.083s][info][gc,metaspace   ] GC(708) Metaspace: 18856K(19008K)->18856K(19008K) NonClass: 16189K(16256K)->16189K(16256K) Class: 2667K(2752K)->2667K(2752K)
[313.083s][info][gc             ] GC(708) Pause Young (Mixed) (G1 Evacuation Pause) 903M->738M(978M) 31.384ms
[313.083s][info][gc,cpu         ] GC(708) User=0.06s Sys=0.00s Real=0.03s
[313.282s][info][gc,start       ] GC(709) Pause Young (Concurrent Start) (G1 Evacuation Pause)
[313.282s][info][gc,task        ] GC(709) Using 2 workers of 2 for evacuation
[313.311s][info][gc,phases      ] GC(709)   Pre Evacuate Collection Set: 0.35ms
[313.311s][info][gc,phases      ] GC(709)   Merge Heap Roots: 0.51ms
[313.311s][info][gc,phases      ] GC(709)   Evacuate Collection Set: 27.25ms
[313.311s][info][gc,phases      ] GC(709)   Post Evacuate Collection Set: 0.54ms
[313.311s][info][gc,phases      ] GC(709)   Other: 0.21ms
[313.311s][info][gc,heap        ] GC(709) Eden regions: 163->0(170)
[313.311s][info][gc,heap        ] GC(709) Survivor regions: 5->10(21)
[313.311s][info][gc,heap        ] GC(709) Old regions: 725->725
[313.311s][info][gc,heap        ] GC(709) Humongous regions: 9->9
[313.311s][info][gc,metaspace   ] GC(709) Metaspace: 18856K(19008K)->18856K(19008K) NonClass: 16189K(16256K)->16189K(16256K) Class: 2667K(2752K)->2667K(2752K)
[313.312s][info][gc             ] GC(709) Pause Young (Concurrent Start) (G1 Evacuation Pause) 901M->743M(978M) 29.106ms
[313.312s][info][gc,cpu         ] GC(709) User=0.06s Sys=0.00s Real=0.03s
[313.312s][info][gc             ] GC(710) Concurrent Mark Cycle
[313.314s][info][gc,marking     ] GC(710) Concurrent Scan Root Regions
[313.334s][info][gc,marking     ] GC(710) Concurrent Scan Root Regions 20.346ms
[313.334s][info][gc,marking     ] GC(710) Concurrent Mark
[313.334s][info][gc,marking     ] GC(710) Concurrent Mark From Roots
[313.334s][info][gc,task        ] GC(710) Using 1 workers of 1 for marking
[313.711s][info][gc,start       ] GC(711) Pause Young (Normal) (G1 Evacuation Pause)
[313.711s][info][gc,task        ] GC(711) Using 2 workers of 2 for evacuation
[313.733s][info][gc,phases      ] GC(711)   Pre Evacuate Collection Set: 0.50ms
[313.733s][info][gc,phases      ] GC(711)   Merge Heap Roots: 0.18ms
[313.733s][info][gc,phases      ] GC(711)   Evacuate Collection Set: 21.10ms
[313.733s][info][gc,phases      ] GC(711)   Post Evacuate Collection Set: 0.42ms
[313.734s][info][gc,phases      ] GC(711)   Other: 0.09ms
[313.734s][info][gc,heap        ] GC(711) Eden regions: 170->0(156)
[313.734s][info][gc,heap        ] GC(711) Survivor regions: 10->19(23)
[313.734s][info][gc,heap        ] GC(711) Old regions: 725->725
[313.734s][info][gc,heap        ] GC(711) Humongous regions: 9->9
[313.734s][info][gc,metaspace   ] GC(711) Metaspace: 18856K(19008K)->18856K(19008K) NonClass: 16189K(16256K)->16189K(16256K) Class: 2667K(2752K)->2667K(2752K)
[313.734s][info][gc             ] GC(711) Pause Young (Normal) (G1 Evacuation Pause) 913M->752M(978M) 22.503ms
[313.734s][info][gc,cpu         ] GC(711) User=0.05s Sys=0.00s Real=0.03s
[313.984s][info][gc,start       ] GC(712) Pause Young (Normal) (G1 Evacuation Pause)
[313.984s][info][gc,task        ] GC(712) Using 2 workers of 2 for evacuation
[314.058s][info][gc,phases      ] GC(712)   Pre Evacuate Collection Set: 0.52ms
[314.058s][info][gc,phases      ] GC(712)   Merge Heap Roots: 0.20ms
[314.058s][info][gc,phases      ] GC(712)   Evacuate Collection Set: 71.51ms
[314.058s][info][gc,phases      ] GC(712)   Post Evacuate Collection Set: 1.73ms
[314.059s][info][gc,phases      ] GC(712)   Other: 0.07ms
[314.059s][info][gc,heap        ] GC(712) Eden regions: 156->0(84)
[314.059s][info][gc,heap        ] GC(712) Survivor regions: 19->22(22)
[314.059s][info][gc,heap        ] GC(712) Old regions: 725->791
[314.059s][info][gc,heap        ] GC(712) Humongous regions: 9->9
[314.059s][info][gc,metaspace   ] GC(712) Metaspace: 18856K(19008K)->18856K(19008K) NonClass: 16189K(16256K)->16189K(16256K) Class: 2667K(2752K)->2667K(2752K)
[314.059s][info][gc             ] GC(712) Pause Young (Normal) (G1 Evacuation Pause) (Evacuation Failure: Allocation) 908M->821M(978M) 74.236ms
[314.059s][info][gc,cpu         ] GC(712) User=0.14s Sys=0.00s Real=0.07s
[314.222s][info][gc,start       ] GC(713) Pause Young (Normal) (G1 Evacuation Pause)
[314.222s][info][gc,task        ] GC(713) Using 2 workers of 2 for evacuation
[314.264s][info][gc,phases      ] GC(713)   Pre Evacuate Collection Set: 0.31ms
[314.264s][info][gc,phases      ] GC(713)   Merge Heap Roots: 0.44ms
[314.264s][info][gc,phases      ] GC(713)   Evacuate Collection Set: 40.70ms
[314.264s][info][gc,phases      ] GC(713)   Post Evacuate Collection Set: 0.35ms
[314.264s][info][gc,phases      ] GC(713)   Other: 0.07ms
[314.264s][info][gc,heap        ] GC(713) Eden regions: 84->0(114)
[314.264s][info][gc,heap        ] GC(713) Survivor regions: 22->3(14)
[314.264s][info][gc,heap        ] GC(713) Old regions: 791->799
[314.264s][info][gc,heap        ] GC(713) Humongous regions: 9->9
[314.264s][info][gc,metaspace   ] GC(713) Metaspace: 18856K(19008K)->18856K(19008K) NonClass: 16189K(16256K)->16189K(16256K) Class: 2667K(2752K)->2667K(2752K)
[314.264s][info][gc             ] GC(713) Pause Young (Normal) (G1 Evacuation Pause) 905M->810M(978M) 42.074ms
[314.264s][info][gc,cpu         ] GC(713) User=0.08s Sys=0.00s Real=0.05s
[314.467s][info][gc,marking     ] GC(710) Concurrent Mark From Roots 1132.634ms
[314.467s][info][gc,marking     ] GC(710) Concurrent Preclean
[314.467s][info][gc,marking     ] GC(710) Concurrent Preclean 0.043ms
[314.468s][info][gc,start       ] GC(710) Pause Remark
[314.476s][info][gc             ] GC(710) Pause Remark 873M->542M(978M) 7.795ms
[314.476s][info][gc,cpu         ] GC(710) User=0.01s Sys=0.00s Real=0.01s
[314.477s][info][gc,marking     ] GC(710) Concurrent Mark 1142.646ms
[314.477s][info][gc,marking     ] GC(710) Concurrent Rebuild Remembered Sets and Scrub Regions
[314.653s][info][gc,start       ] GC(714) Pause Young (Normal) (G1 Evacuation Pause)
[314.653s][info][gc,task        ] GC(714) Using 2 workers of 2 for evacuation
[314.675s][info][gc,phases      ] GC(714)   Pre Evacuate Collection Set: 0.28ms
[314.675s][info][gc,phases      ] GC(714)   Merge Heap Roots: 0.26ms
[314.675s][info][gc,phases      ] GC(714)   Evacuate Collection Set: 20.99ms
[314.675s][info][gc,phases      ] GC(714)   Post Evacuate Collection Set: 0.39ms
[314.675s][info][gc,phases      ] GC(714)   Other: 0.11ms
[314.675s][info][gc,heap        ] GC(714) Eden regions: 114->0(359)
[314.675s][info][gc,heap        ] GC(714) Survivor regions: 3->12(15)
[314.675s][info][gc,heap        ] GC(714) Old regions: 473->473
[314.675s][info][gc,heap        ] GC(714) Humongous regions: 5->5
[314.675s][info][gc,metaspace   ] GC(714) Metaspace: 18856K(19008K)->18856K(19008K) NonClass: 16189K(16256K)->16189K(16256K) Class: 2667K(2752K)->2667K(2752K)
[314.675s][info][gc             ] GC(714) Pause Young (Normal) (G1 Evacuation Pause) 594M->489M(978M) 22.273ms
[314.675s][info][gc,cpu         ] GC(714) User=0.04s Sys=0.00s Real=0.03s
[314.809s][info][gc,marking     ] GC(710) Concurrent Rebuild Remembered Sets and Scrub Regions 331.614ms
[314.809s][info][gc,start       ] GC(710) Pause Cleanup
[314.809s][info][gc             ] GC(710) Pause Cleanup 537M->537M(978M) 0.129ms
[314.809s][info][gc,cpu         ] GC(710) User=0.00s Sys=0.00s Real=0.00s
[314.809s][info][gc,marking     ] GC(710) Concurrent Clear Claimed Marks
[314.809s][info][gc,marking     ] GC(710) Concurrent Clear Claimed Marks 0.031ms
[314.809s][info][gc,marking     ] GC(710) Concurrent Cleanup for Next Mark
[314.812s][info][gc,marking     ] GC(710) Concurrent Cleanup for Next Mark 2.813ms
[314.812s][info][gc             ] GC(710) Concurrent Mark Cycle 1500.313ms
[315.141s][info][gc,start       ] GC(715) Pause Young (Prepare Mixed) (G1 Evacuation Pause)
[315.141s][info][gc,task        ] GC(715) Using 2 workers of 2 for evacuation
[315.188s][info][gc,phases      ] GC(715)   Pre Evacuate Collection Set: 0.30ms
[315.188s][info][gc,phases      ] GC(715)   Merge Heap Roots: 0.36ms
[315.188s][info][gc,phases      ] GC(715)   Evacuate Collection Set: 45.65ms
[315.188s][info][gc,phases      ] GC(715)   Post Evacuate Collection Set: 0.60ms
[315.188s][info][gc,phases      ] GC(715)   Other: 0.08ms
[315.188s][info][gc,heap        ] GC(715) Eden regions: 359->0(346)
[315.188s][info][gc,heap        ] GC(715) Survivor regions: 12->36(47)
[315.188s][info][gc,heap        ] GC(715) Old regions: 473->473
[315.188s][info][gc,heap        ] GC(715) Humongous regions: 5->5
[315.188s][info][gc,metaspace   ] GC(715) Metaspace: 18856K(19008K)->18856K(19008K) NonClass: 16189K(16256K)->16189K(16256K) Class: 2667K(2752K)->2667K(2752K)
[315.188s][info][gc             ] GC(715) Pause Young (Prepare Mixed) (G1 Evacuation Pause) 848M->512M(978M) 47.224ms
[315.188s][info][gc,cpu         ] GC(715) User=0.09s Sys=0.00s Real=0.05s
[315.840s][info][gc,start       ] GC(716) Pause Young (Mixed) (G1 Evacuation Pause)
[315.840s][info][gc,task        ] GC(716) Using 2 workers of 2 for evacuation
[315.902s][info][gc,phases      ] GC(716)   Pre Evacuate Collection Set: 0.37ms
[315.902s][info][gc,phases      ] GC(716)   Merge Heap Roots: 0.34ms
[315.902s][info][gc,phases      ] GC(716)   Evacuate Collection Set: 60.43ms
[315.902s][info][gc,phases      ] GC(716)   Post Evacuate Collection Set: 0.64ms
[315.902s][info][gc,phases      ] GC(716)   Other: 0.09ms
[315.902s][info][gc,heap        ] GC(716) Eden regions: 346->0(387)
[315.902s][info][gc,heap        ] GC(716) Survivor regions: 36->38(48)
[315.902s][info][gc,heap        ] GC(716) Old regions: 473->436
[315.902s][info][gc,heap        ] GC(716) Humongous regions: 5->5
[315.902s][info][gc,metaspace   ] GC(716) Metaspace: 18856K(19008K)->18856K(19008K) NonClass: 16189K(16256K)->16189K(16256K) Class: 2667K(2752K)->2667K(2752K)
[315.902s][info][gc             ] GC(716) Pause Young (Mixed) (G1 Evacuation Pause) 858M->478M(978M) 62.176ms
[315.902s][info][gc,cpu         ] GC(716) User=0.12s Sys=0.00s Real=0.06s
[316.440s][info][gc,start       ] GC(717) Pause Young (Concurrent Start) (G1 Evacuation Pause)
[316.440s][info][gc,task        ] GC(717) Using 2 workers of 2 for evacuation
[316.544s][info][gc,phases      ] GC(717)   Pre Evacuate Collection Set: 0.29ms
[316.544s][info][gc,phases      ] GC(717)   Merge Heap Roots: 0.41ms
[316.544s][info][gc,phases      ] GC(717)   Evacuate Collection Set: 103.07ms
[316.544s][info][gc,phases      ] GC(717)   Post Evacuate Collection Set: 0.83ms
[316.544s][info][gc,phases      ] GC(717)   Other: 0.10ms
[316.544s][info][gc,heap        ] GC(717) Eden regions: 387->0(302)
[316.544s][info][gc,heap        ] GC(717) Survivor regions: 38->54(54)
[316.544s][info][gc,heap        ] GC(717) Old regions: 436->487
[316.544s][info][gc,heap        ] GC(717) Humongous regions: 5->5
[316.544s][info][gc,metaspace   ] GC(717) Metaspace: 18856K(19008K)->18856K(19008K) NonClass: 16189K(16256K)->16189K(16256K) Class: 2667K(2752K)->2667K(2752K)
[316.545s][info][gc             ] GC(717) Pause Young (Concurrent Start) (G1 Evacuation Pause) 865M->545M(978M) 104.973ms
[316.545s][info][gc,cpu         ] GC(717) User=0.20s Sys=0.00s Real=0.11s
[316.545s][info][gc             ] GC(718) Concurrent Mark Cycle
[316.545s][info][gc,marking     ] GC(718) Concurrent Scan Root Regions
[316.652s][info][gc,marking     ] GC(718) Concurrent Scan Root Regions 107.673ms
[316.652s][info][gc,marking     ] GC(718) Concurrent Mark
[316.652s][info][gc,marking     ] GC(718) Concurrent Mark From Roots
[316.652s][info][gc,task        ] GC(718) Using 1 workers of 1 for marking
[317.263s][info][gc,marking     ] GC(718) Concurrent Mark From Roots 610.793ms
[317.263s][info][gc,marking     ] GC(718) Concurrent Preclean
[317.263s][info][gc,marking     ] GC(718) Concurrent Preclean 0.037ms
[317.263s][info][gc,start       ] GC(718) Pause Remark
[317.271s][info][gc             ] GC(718) Pause Remark 830M->695M(978M) 7.525ms
[317.271s][info][gc,cpu         ] GC(718) User=0.01s Sys=0.00s Real=0.00s
[317.271s][info][gc,marking     ] GC(718) Concurrent Mark 618.673ms
[317.271s][info][gc,marking     ] GC(718) Concurrent Rebuild Remembered Sets and Scrub Regions
[317.344s][info][gc,start       ] GC(719) Pause Young (Normal) (G1 Evacuation Pause)
[317.345s][info][gc,task        ] GC(719) Using 2 workers of 2 for evacuation
[317.430s][info][gc,phases      ] GC(719)   Pre Evacuate Collection Set: 0.45ms
[317.430s][info][gc,phases      ] GC(719)   Merge Heap Roots: 0.52ms
[317.430s][info][gc,phases      ] GC(719)   Evacuate Collection Set: 84.13ms
[317.430s][info][gc,phases      ] GC(719)   Post Evacuate Collection Set: 0.67ms
[317.430s][info][gc,phases      ] GC(719)   Other: 0.09ms
[317.430s][info][gc,heap        ] GC(719) Eden regions: 302->0(408)
[317.430s][info][gc,heap        ] GC(719) Survivor regions: 54->19(45)
[317.430s][info][gc,heap        ] GC(719) Old regions: 354->409
[317.430s][info][gc,heap        ] GC(719) Humongous regions: 6->6
[317.430s][info][gc,metaspace   ] GC(719) Metaspace: 18857K(19072K)->18857K(19072K) NonClass: 16190K(16320K)->16190K(16320K) Class: 2667K(2752K)->2667K(2752K)
[317.431s][info][gc             ] GC(719) Pause Young (Normal) (G1 Evacuation Pause) 715M->432M(978M) 86.094ms
[317.431s][info][gc,cpu         ] GC(719) User=0.17s Sys=0.00s Real=0.08s
[317.593s][info][gc,marking     ] GC(718) Concurrent Rebuild Remembered Sets and Scrub Regions 321.554ms
[317.593s][info][gc,start       ] GC(718) Pause Cleanup
[317.593s][info][gc             ] GC(718) Pause Cleanup 481M->481M(978M) 0.091ms
[317.593s][info][gc,cpu         ] GC(718) User=0.00s Sys=0.00s Real=0.00s
[317.593s][info][gc,marking     ] GC(718) Concurrent Clear Claimed Marks
[317.593s][info][gc,marking     ] GC(718) Concurrent Clear Claimed Marks 0.031ms
[317.593s][info][gc,marking     ] GC(718) Concurrent Cleanup for Next Mark
[317.596s][info][gc,marking     ] GC(718) Concurrent Cleanup for Next Mark 2.847ms
[317.596s][info][gc             ] GC(718) Concurrent Mark Cycle 1051.276ms
[318.008s][info][gc,start       ] GC(720) Pause Young (Prepare Mixed) (G1 Evacuation Pause)
[318.008s][info][gc,task        ] GC(720) Using 2 workers of 2 for evacuation
[318.108s][info][gc,phases      ] GC(720)   Pre Evacuate Collection Set: 0.53ms
[318.108s][info][gc,phases      ] GC(720)   Merge Heap Roots: 0.72ms
[318.108s][info][gc,phases      ] GC(720)   Evacuate Collection Set: 98.09ms
[318.108s][info][gc,phases      ] GC(720)   Post Evacuate Collection Set: 0.87ms
[318.108s][info][gc,phases      ] GC(720)   Other: 0.11ms
[318.108s][info][gc,heap        ] GC(720) Eden regions: 408->0(338)
[318.108s][info][gc,heap        ] GC(720) Survivor regions: 19->54(54)
[318.108s][info][gc,heap        ] GC(720) Old regions: 409->435
[318.108s][info][gc,heap        ] GC(720) Humongous regions: 6->6
[318.108s][info][gc,metaspace   ] GC(720) Metaspace: 18857K(19072K)->18857K(19072K) NonClass: 16190K(16320K)->16190K(16320K) Class: 2667K(2752K)->2667K(2752K)
[318.109s][info][gc             ] GC(720) Pause Young (Prepare Mixed) (G1 Evacuation Pause) 840M->494M(978M) 100.578ms
[318.109s][info][gc,cpu         ] GC(720) User=0.20s Sys=0.00s Real=0.10s
[318.529s][info][gc,start       ] GC(721) Pause Young (Mixed) (G1 Evacuation Pause)
[318.530s][info][gc,task        ] GC(721) Using 2 workers of 2 for evacuation
[318.636s][info][gc,phases      ] GC(721)   Pre Evacuate Collection Set: 0.35ms
[318.636s][info][gc,phases      ] GC(721)   Merge Heap Roots: 0.65ms
[318.636s][info][gc,phases      ] GC(721)   Evacuate Collection Set: 104.39ms
[318.636s][info][gc,phases      ] GC(721)   Post Evacuate Collection Set: 0.75ms
[318.636s][info][gc,phases      ] GC(721)   Other: 0.09ms
[318.636s][info][gc,heap        ] GC(721) Eden regions: 338->0(349)
[318.636s][info][gc,heap        ] GC(721) Survivor regions: 54->25(49)
[318.636s][info][gc,heap        ] GC(721) Old regions: 435->463
[318.636s][info][gc,heap        ] GC(721) Humongous regions: 9->9
[318.636s][info][gc,metaspace   ] GC(721) Metaspace: 18857K(19072K)->18857K(19072K) NonClass: 16190K(16320K)->16190K(16320K) Class: 2667K(2752K)->2667K(2752K)
[318.636s][info][gc             ] GC(721) Pause Young (Mixed) (G1 Evacuation Pause) 835M->496M(978M) 106.550ms
[318.636s][info][gc,cpu         ] GC(721) User=0.21s Sys=0.00s Real=0.11s
[319.165s][info][gc,start       ] GC(722) Pause Young (Concurrent Start) (G1 Evacuation Pause)
[319.165s][info][gc,task        ] GC(722) Using 2 workers of 2 for evacuation
[319.204s][info][gc,phases      ] GC(722)   Pre Evacuate Collection Set: 0.34ms
[319.204s][info][gc,phases      ] GC(722)   Merge Heap Roots: 0.32ms
[319.204s][info][gc,phases      ] GC(722)   Evacuate Collection Set: 37.72ms
[319.204s][info][gc,phases      ] GC(722)   Post Evacuate Collection Set: 0.56ms
[319.204s][info][gc,phases      ] GC(722)   Other: 0.11ms
[319.204s][info][gc,heap        ] GC(722) Eden regions: 349->0(373)
[319.204s][info][gc,heap        ] GC(722) Survivor regions: 25->1(47)
[319.204s][info][gc,heap        ] GC(722) Old regions: 463->488
[319.204s][info][gc,heap        ] GC(722) Humongous regions: 9->9
[319.204s][info][gc,metaspace   ] GC(722) Metaspace: 18857K(19072K)->18857K(19072K) NonClass: 16190K(16320K)->16190K(16320K) Class: 2667K(2752K)->2667K(2752K)
[319.204s][info][gc             ] GC(722) Pause Young (Concurrent Start) (G1 Evacuation Pause) 845M->497M(978M) 39.319ms
[319.204s][info][gc,cpu         ] GC(722) User=0.08s Sys=0.00s Real=0.04s
[319.204s][info][gc             ] GC(723) Concurrent Mark Cycle
[319.204s][info][gc,marking     ] GC(723) Concurrent Scan Root Regions
[319.270s][info][gc,marking     ] GC(723) Concurrent Scan Root Regions 65.916ms
[319.270s][info][gc,marking     ] GC(723) Concurrent Mark
[319.270s][info][gc,marking     ] GC(723) Concurrent Mark From Roots
[319.270s][info][gc,task        ] GC(723) Using 1 workers of 1 for marking
[320.256s][info][gc,start       ] GC(724) Pause Young (Normal) (G1 Evacuation Pause)
[320.256s][info][gc,task        ] GC(724) Using 2 workers of 2 for evacuation
[320.283s][info][gc,phases      ] GC(724)   Pre Evacuate Collection Set: 0.50ms
[320.283s][info][gc,phases      ] GC(724)   Merge Heap Roots: 0.21ms
[320.283s][info][gc,phases      ] GC(724)   Evacuate Collection Set: 25.29ms
[320.283s][info][gc,phases      ] GC(724)   Post Evacuate Collection Set: 0.55ms
[320.283s][info][gc,phases      ] GC(724)   Other: 0.08ms
[320.283s][info][gc,heap        ] GC(724) Eden regions: 373->0(361)
[320.283s][info][gc,heap        ] GC(724) Survivor regions: 1->22(47)
[320.283s][info][gc,heap        ] GC(724) Old regions: 488->488
[320.283s][info][gc,heap        ] GC(724) Humongous regions: 9->9
[320.283s][info][gc,metaspace   ] GC(724) Metaspace: 18857K(19072K)->18857K(19072K) NonClass: 16190K(16320K)->16190K(16320K) Class: 2667K(2752K)->2667K(2752K)
[320.283s][info][gc             ] GC(724) Pause Young (Normal) (G1 Evacuation Pause) 870M->518M(978M) 26.897ms
[320.283s][info][gc,cpu         ] GC(724) User=0.06s Sys=0.00s Real=0.03s
[320.531s][info][gc,marking     ] GC(723) Concurrent Mark From Roots 1260.539ms
[320.531s][info][gc,marking     ] GC(723) Concurrent Preclean
[320.531s][info][gc,marking     ] GC(723) Concurrent Preclean 0.037ms
[320.531s][info][gc,start       ] GC(723) Pause Remark
[320.539s][info][gc             ] GC(723) Pause Remark 678M->675M(978M) 7.451ms
[320.539s][info][gc,cpu         ] GC(723) User=0.01s Sys=0.00s Real=0.01s
[320.539s][info][gc,marking     ] GC(723) Concurrent Mark 1268.313ms
[320.539s][info][gc,marking     ] GC(723) Concurrent Rebuild Remembered Sets and Scrub Regions
[320.846s][info][gc,start       ] GC(725) Pause Young (Normal) (G1 Evacuation Pause)
[320.846s][info][gc,task        ] GC(725) Using 2 workers of 2 for evacuation
[320.888s][info][gc,phases      ] GC(725)   Pre Evacuate Collection Set: 0.44ms
[320.888s][info][gc,phases      ] GC(725)   Merge Heap Roots: 0.37ms
[320.889s][info][gc,phases      ] GC(725)   Evacuate Collection Set: 40.63ms
[320.889s][info][gc,phases      ] GC(725)   Post Evacuate Collection Set: 0.56ms
[320.889s][info][gc,phases      ] GC(725)   Other: 0.09ms
[320.889s][info][gc,heap        ] GC(725) Eden regions: 361->0(353)
[320.889s][info][gc,heap        ] GC(725) Survivor regions: 22->39(48)
[320.889s][info][gc,heap        ] GC(725) Old regions: 487->487
[320.889s][info][gc,heap        ] GC(725) Humongous regions: 7->7
[320.889s][info][gc,metaspace   ] GC(725) Metaspace: 18857K(19072K)->18857K(19072K) NonClass: 16190K(16320K)->16190K(16320K) Class: 2667K(2752K)->2667K(2752K)
[320.889s][info][gc             ] GC(725) Pause Young (Normal) (G1 Evacuation Pause) 876M->532M(978M) 42.319ms
[320.889s][info][gc,cpu         ] GC(725) User=0.09s Sys=0.00s Real=0.04s
[320.923s][info][gc,marking     ] GC(723) Concurrent Rebuild Remembered Sets and Scrub Regions 384.540ms
[320.923s][info][gc,start       ] GC(723) Pause Cleanup
[320.923s][info][gc             ] GC(723) Pause Cleanup 542M->542M(978M) 0.076ms
[320.923s][info][gc,cpu         ] GC(723) User=0.00s Sys=0.00s Real=0.00s
[320.925s][info][gc,marking     ] GC(723) Concurrent Clear Claimed Marks
[320.925s][info][gc,marking     ] GC(723) Concurrent Clear Claimed Marks 0.044ms
[320.925s][info][gc,marking     ] GC(723) Concurrent Cleanup for Next Mark
[320.932s][info][gc,marking     ] GC(723) Concurrent Cleanup for Next Mark 6.667ms
[320.932s][info][gc             ] GC(723) Concurrent Mark Cycle 1727.475ms
[321.258s][info][gc,start       ] GC(726) Pause Young (Prepare Mixed) (G1 Evacuation Pause)
[321.258s][info][gc,task        ] GC(726) Using 2 workers of 2 for evacuation
[321.320s][info][gc,phases      ] GC(726)   Pre Evacuate Collection Set: 0.50ms
[321.320s][info][gc,phases      ] GC(726)   Merge Heap Roots: 0.21ms
[321.320s][info][gc,phases      ] GC(726)   Evacuate Collection Set: 60.11ms
[321.320s][info][gc,phases      ] GC(726)   Post Evacuate Collection Set: 0.60ms
[321.320s][info][gc,phases      ] GC(726)   Other: 0.10ms
[321.320s][info][gc,heap        ] GC(726) Eden regions: 353->0(331)
[321.320s][info][gc,heap        ] GC(726) Survivor regions: 39->41(49)
[321.320s][info][gc,heap        ] GC(726) Old regions: 487->508
[321.320s][info][gc,heap        ] GC(726) Humongous regions: 7->7
[321.320s][info][gc,metaspace   ] GC(726) Metaspace: 18857K(19072K)->18857K(19072K) NonClass: 16190K(16320K)->16190K(16320K) Class: 2667K(2752K)->2667K(2752K)
[321.320s][info][gc             ] GC(726) Pause Young (Prepare Mixed) (G1 Evacuation Pause) 885M->555M(978M) 61.779ms
[321.320s][info][gc,cpu         ] GC(726) User=0.12s Sys=0.00s Real=0.06s
[321.795s][info][gc,start       ] GC(727) Pause Young (Mixed) (G1 Evacuation Pause)
[321.795s][info][gc,task        ] GC(727) Using 2 workers of 2 for evacuation
[321.878s][info][gc,phases      ] GC(727)   Pre Evacuate Collection Set: 0.35ms
[321.879s][info][gc,phases      ] GC(727)   Merge Heap Roots: 0.40ms
[321.879s][info][gc,phases      ] GC(727)   Evacuate Collection Set: 81.59ms
[321.879s][info][gc,phases      ] GC(727)   Post Evacuate Collection Set: 0.60ms
[321.879s][info][gc,phases      ] GC(727)   Other: 0.12ms
[321.879s][info][gc,heap        ] GC(727) Eden regions: 331->0(300)
[321.879s][info][gc,heap        ] GC(727) Survivor regions: 41->47(47)
[321.879s][info][gc,heap        ] GC(727) Old regions: 508->527
[321.879s][info][gc,heap        ] GC(727) Humongous regions: 7->7
[321.879s][info][gc,metaspace   ] GC(727) Metaspace: 18857K(19072K)->18857K(19072K) NonClass: 16190K(16320K)->16190K(16320K) Class: 2667K(2752K)->2667K(2752K)
[321.879s][info][gc             ] GC(727) Pause Young (Mixed) (G1 Evacuation Pause) 886M->580M(978M) 83.337ms
[321.879s][info][gc,cpu         ] GC(727) User=0.17s Sys=0.00s Real=0.08s
[322.208s][info][gc,start       ] GC(728) Pause Young (Concurrent Start) (G1 Evacuation Pause)
[322.208s][info][gc,task        ] GC(728) Using 2 workers of 2 for evacuation
[322.262s][info][gc,phases      ] GC(728)   Pre Evacuate Collection Set: 0.33ms
[322.262s][info][gc,phases      ] GC(728)   Merge Heap Roots: 0.25ms
[322.262s][info][gc,phases      ] GC(728)   Evacuate Collection Set: 52.61ms
[322.262s][info][gc,phases      ] GC(728)   Post Evacuate Collection Set: 0.53ms
[322.262s][info][gc,phases      ] GC(728)   Other: 0.11ms
[322.262s][info][gc,heap        ] GC(728) Eden regions: 300->0(314)
[322.262s][info][gc,heap        ] GC(728) Survivor regions: 47->6(44)
[322.262s][info][gc,heap        ] GC(728) Old regions: 527->575
[322.262s][info][gc,heap        ] GC(728) Humongous regions: 7->7
[322.262s][info][gc,metaspace   ] GC(728) Metaspace: 18857K(19072K)->18857K(19072K) NonClass: 16190K(16320K)->16190K(16320K) Class: 2667K(2752K)->2667K(2752K)
[322.262s][info][gc             ] GC(728) Pause Young (Concurrent Start) (G1 Evacuation Pause) 880M->586M(978M) 54.079ms
[322.262s][info][gc,cpu         ] GC(728) User=0.11s Sys=0.00s Real=0.05s
[322.262s][info][gc             ] GC(729) Concurrent Mark Cycle
[322.264s][info][gc,marking     ] GC(729) Concurrent Scan Root Regions
[322.364s][info][gc,marking     ] GC(729) Concurrent Scan Root Regions 100.233ms
[322.364s][info][gc,marking     ] GC(729) Concurrent Mark
[322.364s][info][gc,marking     ] GC(729) Concurrent Mark From Roots
[322.364s][info][gc,task        ] GC(729) Using 1 workers of 1 for marking
[322.920s][info][gc,start       ] GC(730) Pause Young (Normal) (G1 Evacuation Pause)
[322.920s][info][gc,task        ] GC(730) Using 2 workers of 2 for evacuation
[322.954s][info][gc,phases      ] GC(730)   Pre Evacuate Collection Set: 0.29ms
[322.954s][info][gc,phases      ] GC(730)   Merge Heap Roots: 0.26ms
[322.954s][info][gc,phases      ] GC(730)   Evacuate Collection Set: 33.03ms
[322.954s][info][gc,phases      ] GC(730)   Post Evacuate Collection Set: 0.52ms
[322.954s][info][gc,phases      ] GC(730)   Other: 0.10ms
[322.954s][info][gc,heap        ] GC(730) Eden regions: 314->0(288)
[322.954s][info][gc,heap        ] GC(730) Survivor regions: 6->29(40)
[322.954s][info][gc,heap        ] GC(730) Old regions: 575->575
[322.954s][info][gc,heap        ] GC(730) Humongous regions: 7->7
[322.954s][info][gc,metaspace   ] GC(730) Metaspace: 18857K(19072K)->18857K(19072K) NonClass: 16190K(16320K)->16190K(16320K) Class: 2667K(2752K)->2667K(2752K)
[322.954s][info][gc             ] GC(730) Pause Young (Normal) (G1 Evacuation Pause) 900M->609M(978M) 34.416ms
[322.954s][info][gc,cpu         ] GC(730) User=0.07s Sys=0.00s Real=0.04s
[323.981s][info][gc,start       ] GC(731) Pause Young (Normal) (G1 Evacuation Pause)
[323.981s][info][gc,task        ] GC(731) Using 2 workers of 2 for evacuation
[324.011s][info][gc,phases      ] GC(731)   Pre Evacuate Collection Set: 0.51ms
[324.011s][info][gc,phases      ] GC(731)   Merge Heap Roots: 0.22ms
[324.011s][info][gc,phases      ] GC(731)   Evacuate Collection Set: 28.38ms
[324.011s][info][gc,phases      ] GC(731)   Post Evacuate Collection Set: 0.47ms
[324.011s][info][gc,phases      ] GC(731)   Other: 0.10ms
[324.011s][info][gc,heap        ] GC(731) Eden regions: 288->0(305)
[324.011s][info][gc,heap        ] GC(731) Survivor regions: 29->1(40)
[324.011s][info][gc,heap        ] GC(731) Old regions: 575->603
[324.011s][info][gc,heap        ] GC(731) Humongous regions: 7->7
[324.011s][info][gc,metaspace   ] GC(731) Metaspace: 18857K(19072K)->18857K(19072K) NonClass: 16190K(16320K)->16190K(16320K) Class: 2667K(2752K)->2667K(2752K)
[324.011s][info][gc             ] GC(731) Pause Young (Normal) (G1 Evacuation Pause) 897M->610M(978M) 29.943ms
[324.011s][info][gc,cpu         ] GC(731) User=0.06s Sys=0.00s Real=0.03s
[324.061s][info][gc,marking     ] GC(729) Concurrent Mark From Roots 1697.209ms
[324.062s][info][gc,marking     ] GC(729) Concurrent Preclean
[324.062s][info][gc,marking     ] GC(729) Concurrent Preclean 0.036ms
[324.062s][info][gc,start       ] GC(729) Pause Remark
[324.069s][info][gc             ] GC(729) Pause Remark 627M->627M(978M) 7.420ms
[324.069s][info][gc,cpu         ] GC(729) User=0.02s Sys=0.00s Real=0.01s
[324.070s][info][gc,marking     ] GC(729) Concurrent Mark 1705.442ms
[324.070s][info][gc,marking     ] GC(729) Concurrent Rebuild Remembered Sets and Scrub Regions
[324.661s][info][gc,marking     ] GC(729) Concurrent Rebuild Remembered Sets and Scrub Regions 591.180ms
[324.661s][info][gc,start       ] GC(729) Pause Cleanup
[324.661s][info][gc             ] GC(729) Pause Cleanup 784M->784M(978M) 0.105ms
[324.661s][info][gc,cpu         ] GC(729) User=0.00s Sys=0.00s Real=0.00s
[324.661s][info][gc,marking     ] GC(729) Concurrent Clear Claimed Marks
[324.661s][info][gc,marking     ] GC(729) Concurrent Clear Claimed Marks 0.031ms
[324.661s][info][gc,marking     ] GC(729) Concurrent Cleanup for Next Mark
[324.668s][info][gc,marking     ] GC(729) Concurrent Cleanup for Next Mark 6.405ms
[324.668s][info][gc             ] GC(729) Concurrent Mark Cycle 2405.964ms
[324.922s][info][gc,start       ] GC(732) Pause Young (Prepare Mixed) (G1 Evacuation Pause)
[324.923s][info][gc,task        ] GC(732) Using 2 workers of 2 for evacuation
[324.929s][info][gc,phases      ] GC(732)   Pre Evacuate Collection Set: 0.51ms
[324.929s][info][gc,phases      ] GC(732)   Merge Heap Roots: 0.13ms
[324.929s][info][gc,phases      ] GC(732)   Evacuate Collection Set: 5.19ms
[324.929s][info][gc,phases      ] GC(732)   Post Evacuate Collection Set: 0.52ms
[324.929s][info][gc,phases      ] GC(732)   Other: 0.11ms
[324.929s][info][gc,heap        ] GC(732) Eden regions: 305->0(308)
[324.929s][info][gc,heap        ] GC(732) Survivor regions: 1->5(39)
[324.929s][info][gc,heap        ] GC(732) Old regions: 603->603
[324.929s][info][gc,heap        ] GC(732) Humongous regions: 7->7
[324.929s][info][gc,metaspace   ] GC(732) Metaspace: 18857K(19072K)->18857K(19072K) NonClass: 16190K(16320K)->16190K(16320K) Class: 2667K(2752K)->2667K(2752K)
[324.929s][info][gc             ] GC(732) Pause Young (Prepare Mixed) (G1 Evacuation Pause) 915M->614M(978M) 6.638ms
[324.929s][info][gc,cpu         ] GC(732) User=0.01s Sys=0.00s Real=0.01s
[325.221s][info][gc,start       ] GC(733) Pause Young (Mixed) (G1 Evacuation Pause)
[325.221s][info][gc,task        ] GC(733) Using 2 workers of 2 for evacuation
[325.298s][info][gc,phases      ] GC(733)   Pre Evacuate Collection Set: 0.53ms
[325.298s][info][gc,phases      ] GC(733)   Merge Heap Roots: 0.16ms
[325.298s][info][gc,phases      ] GC(733)   Evacuate Collection Set: 68.28ms
[325.298s][info][gc,phases      ] GC(733)   Post Evacuate Collection Set: 7.09ms
[325.298s][info][gc,phases      ] GC(733)   Other: 0.10ms
[325.298s][info][gc,heap        ] GC(733) Eden regions: 308->0(114)
[325.298s][info][gc,heap        ] GC(733) Survivor regions: 5->40(40)
[325.298s][info][gc,heap        ] GC(733) Old regions: 603->727
[325.298s][info][gc,heap        ] GC(733) Humongous regions: 7->7
[325.298s][info][gc,metaspace   ] GC(733) Metaspace: 18857K(19072K)->18857K(19072K) NonClass: 16190K(16320K)->16190K(16320K) Class: 2667K(2752K)->2667K(2752K)
[325.298s][info][gc             ] GC(733) Pause Young (Mixed) (G1 Evacuation Pause) (Evacuation Failure: Allocation) 922M->773M(978M) 76.421ms
[325.298s][info][gc,cpu         ] GC(733) User=0.15s Sys=0.00s Real=0.08s
[325.439s][info][gc,start       ] GC(734) Pause Young (Concurrent Start) (G1 Humongous Allocation)
[325.439s][info][gc,task        ] GC(734) Using 2 workers of 2 for evacuation
[325.503s][info][gc,phases      ] GC(734)   Pre Evacuate Collection Set: 0.40ms
[325.503s][info][gc,phases      ] GC(734)   Merge Heap Roots: 0.37ms
[325.503s][info][gc,phases      ] GC(734)   Evacuate Collection Set: 62.43ms
[325.503s][info][gc,phases      ] GC(734)   Post Evacuate Collection Set: 0.59ms
[325.503s][info][gc,phases      ] GC(734)   Other: 0.21ms
[325.503s][info][gc,heap        ] GC(734) Eden regions: 81->0(239)
[325.503s][info][gc,heap        ] GC(734) Survivor regions: 40->6(20)
[325.503s][info][gc,heap        ] GC(734) Old regions: 727->667
[325.503s][info][gc,heap        ] GC(734) Humongous regions: 7->7
[325.504s][info][gc,metaspace   ] GC(734) Metaspace: 18857K(19072K)->18857K(19072K) NonClass: 16190K(16320K)->16190K(16320K) Class: 2667K(2752K)->2667K(2752K)
[325.504s][info][gc             ] GC(734) Pause Young (Concurrent Start) (G1 Humongous Allocation) 854M->679M(978M) 64.243ms
[325.504s][info][gc             ] GC(735) Concurrent Mark Cycle
[325.504s][info][gc,marking     ] GC(735) Concurrent Scan Root Regions
[325.504s][info][gc,cpu         ] GC(734) User=0.12s Sys=0.00s Real=0.07s
[325.571s][info][gc,marking     ] GC(735) Concurrent Scan Root Regions 67.771ms
[325.571s][info][gc,marking     ] GC(735) Concurrent Mark
[325.571s][info][gc,marking     ] GC(735) Concurrent Mark From Roots
[325.571s][info][gc,task        ] GC(735) Using 1 workers of 1 for marking
[326.269s][info][gc,start       ] GC(736) Pause Young (Normal) (G1 Evacuation Pause)
[326.269s][info][gc,task        ] GC(736) Using 2 workers of 2 for evacuation
[326.301s][info][gc,phases      ] GC(736)   Pre Evacuate Collection Set: 0.50ms
[326.301s][info][gc,phases      ] GC(736)   Merge Heap Roots: 0.31ms
[326.301s][info][gc,phases      ] GC(736)   Evacuate Collection Set: 30.70ms
[326.301s][info][gc,phases      ] GC(736)   Post Evacuate Collection Set: 0.51ms
[326.301s][info][gc,phases      ] GC(736)   Other: 0.09ms
[326.301s][info][gc,heap        ] GC(736) Eden regions: 239->0(217)
[326.301s][info][gc,heap        ] GC(736) Survivor regions: 6->17(31)
[326.301s][info][gc,heap        ] GC(736) Old regions: 667->667
[326.301s][info][gc,heap        ] GC(736) Humongous regions: 10->10
[326.301s][info][gc,metaspace   ] GC(736) Metaspace: 18857K(19072K)->18857K(19072K) NonClass: 16190K(16320K)->16190K(16320K) Class: 2667K(2752K)->2667K(2752K)
[326.301s][info][gc             ] GC(736) Pause Young (Normal) (G1 Evacuation Pause) 921M->693M(978M) 32.370ms
[326.301s][info][gc,cpu         ] GC(736) User=0.06s Sys=0.01s Real=0.03s
[326.868s][info][gc,start       ] GC(737) Pause Young (Normal) (G1 Evacuation Pause)
[326.868s][info][gc,task        ] GC(737) Using 2 workers of 2 for evacuation
[326.933s][info][gc,phases      ] GC(737)   Pre Evacuate Collection Set: 0.32ms
[326.933s][info][gc,phases      ] GC(737)   Merge Heap Roots: 0.27ms
[326.933s][info][gc,phases      ] GC(737)   Evacuate Collection Set: 63.39ms
[326.933s][info][gc,phases      ] GC(737)   Post Evacuate Collection Set: 0.65ms
[326.933s][info][gc,phases      ] GC(737)   Other: 0.08ms
[326.933s][info][gc,heap        ] GC(737) Eden regions: 217->0(169)
[326.933s][info][gc,heap        ] GC(737) Survivor regions: 17->30(30)
[326.933s][info][gc,heap        ] GC(737) Old regions: 667->689
[326.933s][info][gc,heap        ] GC(737) Humongous regions: 10->10
[326.933s][info][gc,metaspace   ] GC(737) Metaspace: 18857K(19072K)->18857K(19072K) NonClass: 16190K(16320K)->16190K(16320K) Class: 2667K(2752K)->2667K(2752K)
[326.933s][info][gc             ] GC(737) Pause Young (Normal) (G1 Evacuation Pause) 910M->728M(978M) 64.964ms
[326.933s][info][gc,cpu         ] GC(737) User=0.13s Sys=0.00s Real=0.07s
[327.195s][info][gc,marking     ] GC(735) Concurrent Mark From Roots 1623.187ms
[327.195s][info][gc,marking     ] GC(735) Concurrent Preclean
[327.195s][info][gc,marking     ] GC(735) Concurrent Preclean 0.042ms
[327.195s][info][gc,start       ] GC(735) Pause Remark
[327.202s][info][gc             ] GC(735) Pause Remark 886M->827M(978M) 7.465ms
[327.202s][info][gc,cpu         ] GC(735) User=0.01s Sys=0.00s Real=0.00s
[327.202s][info][gc,marking     ] GC(735) Concurrent Mark 1630.971ms
[327.202s][info][gc,marking     ] GC(735) Concurrent Rebuild Remembered Sets and Scrub Regions
[327.231s][info][gc,start       ] GC(738) Pause Young (Normal) (G1 Evacuation Pause)
[327.231s][info][gc,task        ] GC(738) Using 2 workers of 2 for evacuation
[327.300s][info][gc,phases      ] GC(738)   Pre Evacuate Collection Set: 0.43ms
[327.300s][info][gc,phases      ] GC(738)   Merge Heap Roots: 0.44ms
[327.300s][info][gc,phases      ] GC(738)   Evacuate Collection Set: 68.20ms
[327.300s][info][gc,phases      ] GC(738)   Post Evacuate Collection Set: 0.50ms
[327.300s][info][gc,phases      ] GC(738)   Other: 0.07ms
[327.300s][info][gc,heap        ] GC(738) Eden regions: 169->0(181)
[327.300s][info][gc,heap        ] GC(738) Survivor regions: 30->25(25)
[327.300s][info][gc,heap        ] GC(738) Old regions: 631->679
[327.300s][info][gc,heap        ] GC(738) Humongous regions: 9->9
[327.300s][info][gc,metaspace   ] GC(738) Metaspace: 18857K(19072K)->18857K(19072K) NonClass: 16190K(16320K)->16190K(16320K) Class: 2667K(2752K)->2667K(2752K)
[327.300s][info][gc             ] GC(738) Pause Young (Normal) (G1 Evacuation Pause) 838M->712M(978M) 69.819ms
[327.300s][info][gc,cpu         ] GC(738) User=0.14s Sys=0.00s Real=0.07s
[327.582s][info][gc,start       ] GC(739) Pause Young (Normal) (G1 Evacuation Pause)
[327.582s][info][gc,task        ] GC(739) Using 2 workers of 2 for evacuation
[327.609s][info][gc,phases      ] GC(739)   Pre Evacuate Collection Set: 0.27ms
[327.609s][info][gc,phases      ] GC(739)   Merge Heap Roots: 0.28ms
[327.609s][info][gc,phases      ] GC(739)   Evacuate Collection Set: 25.96ms
[327.609s][info][gc,phases      ] GC(739)   Post Evacuate Collection Set: 0.38ms
[327.609s][info][gc,phases      ] GC(739)   Other: 0.08ms
[327.609s][info][gc,heap        ] GC(739) Eden regions: 181->0(195)
[327.609s][info][gc,heap        ] GC(739) Survivor regions: 25->1(26)
[327.609s][info][gc,heap        ] GC(739) Old regions: 679->704
[327.609s][info][gc,heap        ] GC(739) Humongous regions: 9->9
[327.609s][info][gc,metaspace   ] GC(739) Metaspace: 18857K(19072K)->18857K(19072K) NonClass: 16190K(16320K)->16190K(16320K) Class: 2667K(2752K)->2667K(2752K)
[327.609s][info][gc             ] GC(739) Pause Young (Normal) (G1 Evacuation Pause) 893M->713M(978M) 27.190ms
[327.609s][info][gc,cpu         ] GC(739) User=0.05s Sys=0.00s Real=0.03s
[327.898s][info][gc,start       ] GC(740) Pause Young (Normal) (G1 Evacuation Pause)
[327.898s][info][gc,task        ] GC(740) Using 2 workers of 2 for evacuation
[327.900s][info][gc,phases      ] GC(740)   Pre Evacuate Collection Set: 0.27ms
[327.900s][info][gc,phases      ] GC(740)   Merge Heap Roots: 0.08ms
[327.900s][info][gc,phases      ] GC(740)   Evacuate Collection Set: 1.30ms
[327.900s][info][gc,phases      ] GC(740)   Post Evacuate Collection Set: 0.35ms
[327.900s][info][gc,phases      ] GC(740)   Other: 0.07ms
[327.900s][info][gc,heap        ] GC(740) Eden regions: 195->0(207)
[327.900s][info][gc,heap        ] GC(740) Survivor regions: 1->1(25)
[327.900s][info][gc,heap        ] GC(740) Old regions: 704->704
[327.900s][info][gc,heap        ] GC(740) Humongous regions: 9->9
[327.900s][info][gc,metaspace   ] GC(740) Metaspace: 18857K(19072K)->18857K(19072K) NonClass: 16190K(16320K)->16190K(16320K) Class: 2667K(2752K)->2667K(2752K)
[327.900s][info][gc             ] GC(740) Pause Young (Normal) (G1 Evacuation Pause) 908M->713M(978M) 2.292ms
[327.900s][info][gc,cpu         ] GC(740) User=0.00s Sys=0.00s Real=0.00s
[327.925s][info][gc,marking     ] GC(735) Concurrent Rebuild Remembered Sets and Scrub Regions 722.829ms
[327.925s][info][gc,start       ] GC(735) Pause Cleanup
[327.925s][info][gc             ] GC(735) Pause Cleanup 732M->732M(978M) 0.092ms
[327.925s][info][gc,cpu         ] GC(735) User=0.00s Sys=0.00s Real=0.00s
[327.926s][info][gc,marking     ] GC(735) Concurrent Clear Claimed Marks
[327.926s][info][gc,marking     ] GC(735) Concurrent Clear Claimed Marks 0.038ms
[327.926s][info][gc,marking     ] GC(735) Concurrent Cleanup for Next Mark
[327.932s][info][gc,marking     ] GC(735) Concurrent Cleanup for Next Mark 5.902ms
[327.932s][info][gc             ] GC(735) Concurrent Mark Cycle 2428.466ms
[328.126s][info][gc,start       ] GC(741) Pause Young (Prepare Mixed) (G1 Evacuation Pause)
[328.126s][info][gc,task        ] GC(741) Using 2 workers of 2 for evacuation
[328.129s][info][gc,phases      ] GC(741)   Pre Evacuate Collection Set: 0.31ms
[328.129s][info][gc,phases      ] GC(741)   Merge Heap Roots: 0.09ms
[328.129s][info][gc,phases      ] GC(741)   Evacuate Collection Set: 1.24ms
[328.129s][info][gc,phases      ] GC(741)   Post Evacuate Collection Set: 0.40ms
[328.129s][info][gc,phases      ] GC(741)   Other: 0.07ms
[328.129s][info][gc,heap        ] GC(741) Eden regions: 207->0(213)
[328.129s][info][gc,heap        ] GC(741) Survivor regions: 1->1(26)
[328.129s][info][gc,heap        ] GC(741) Old regions: 704->704
[328.129s][info][gc,heap        ] GC(741) Humongous regions: 9->9
[328.129s][info][gc,metaspace   ] GC(741) Metaspace: 18857K(19072K)->18857K(19072K) NonClass: 16190K(16320K)->16190K(16320K) Class: 2667K(2752K)->2667K(2752K)
[328.129s][info][gc             ] GC(741) Pause Young (Prepare Mixed) (G1 Evacuation Pause) 920M->713M(978M) 2.298ms
[328.129s][info][gc,cpu         ] GC(741) User=0.00s Sys=0.00s Real=0.00s
[328.350s][info][gc,start       ] GC(742) Pause Young (Mixed) (G1 Evacuation Pause)
[328.350s][info][gc,task        ] GC(742) Using 2 workers of 2 for evacuation
[328.352s][info][gc,phases      ] GC(742)   Pre Evacuate Collection Set: 0.31ms
[328.352s][info][gc,phases      ] GC(742)   Merge Heap Roots: 0.09ms
[328.352s][info][gc,phases      ] GC(742)   Evacuate Collection Set: 1.73ms
[328.352s][info][gc,phases      ] GC(742)   Post Evacuate Collection Set: 0.41ms
[328.352s][info][gc,phases      ] GC(742)   Other: 0.07ms
[328.352s][info][gc,heap        ] GC(742) Eden regions: 213->0(227)
[328.352s][info][gc,heap        ] GC(742) Survivor regions: 1->1(27)
[328.352s][info][gc,heap        ] GC(742) Old regions: 704->690
[328.352s][info][gc,heap        ] GC(742) Humongous regions: 9->9
[328.352s][info][gc,metaspace   ] GC(742) Metaspace: 18857K(19072K)->18857K(19072K) NonClass: 16190K(16320K)->16190K(16320K) Class: 2667K(2752K)->2667K(2752K)
[328.352s][info][gc             ] GC(742) Pause Young (Mixed) (G1 Evacuation Pause) 926M->699M(978M) 2.809ms
[328.352s][info][gc,cpu         ] GC(742) User=0.00s Sys=0.00s Real=0.00s
[328.590s][info][gc,start       ] GC(743) Pause Young (Concurrent Start) (G1 Evacuation Pause)
[328.590s][info][gc,task        ] GC(743) Using 2 workers of 2 for evacuation
[328.603s][info][gc,phases      ] GC(743)   Pre Evacuate Collection Set: 0.30ms
[328.603s][info][gc,phases      ] GC(743)   Merge Heap Roots: 0.23ms
[328.603s][info][gc,phases      ] GC(743)   Evacuate Collection Set: 12.28ms
[328.603s][info][gc,phases      ] GC(743)   Post Evacuate Collection Set: 0.48ms
[328.603s][info][gc,phases      ] GC(743)   Other: 0.09ms
[328.603s][info][gc,heap        ] GC(743) Eden regions: 227->0(219)
[328.603s][info][gc,heap        ] GC(743) Survivor regions: 1->5(29)
[328.603s][info][gc,heap        ] GC(743) Old regions: 690->690
[328.603s][info][gc,heap        ] GC(743) Humongous regions: 9->9
[328.603s][info][gc,metaspace   ] GC(743) Metaspace: 18858K(19072K)->18858K(19072K) NonClass: 16190K(16320K)->16190K(16320K) Class: 2667K(2752K)->2667K(2752K)
[328.604s][info][gc             ] GC(743) Pause Young (Concurrent Start) (G1 Evacuation Pause) 926M->702M(978M) 13.581ms
[328.604s][info][gc             ] GC(744) Concurrent Mark Cycle
[328.604s][info][gc,marking     ] GC(744) Concurrent Scan Root Regions
[328.604s][info][gc,cpu         ] GC(743) User=0.02s Sys=0.00s Real=0.02s
[328.618s][info][gc,marking     ] GC(744) Concurrent Scan Root Regions 14.477ms
[328.618s][info][gc,marking     ] GC(744) Concurrent Mark
[328.618s][info][gc,marking     ] GC(744) Concurrent Mark From Roots
[328.618s][info][gc,task        ] GC(744) Using 1 workers of 1 for marking
[329.227s][info][gc,start       ] GC(745) Pause Young (Normal) (G1 Evacuation Pause)
[329.227s][info][gc,task        ] GC(745) Using 2 workers of 2 for evacuation
[329.268s][info][gc,phases      ] GC(745)   Pre Evacuate Collection Set: 0.30ms
[329.268s][info][gc,phases      ] GC(745)   Merge Heap Roots: 0.38ms
[329.268s][info][gc,phases      ] GC(745)   Evacuate Collection Set: 39.64ms
[329.268s][info][gc,phases      ] GC(745)   Post Evacuate Collection Set: 0.53ms
[329.268s][info][gc,phases      ] GC(745)   Other: 0.11ms
[329.268s][info][gc,heap        ] GC(745) Eden regions: 219->0(182)
[329.268s][info][gc,heap        ] GC(745) Survivor regions: 5->22(28)
[329.268s][info][gc,heap        ] GC(745) Old regions: 690->690
[329.268s][info][gc,heap        ] GC(745) Humongous regions: 12->12
[329.268s][info][gc,metaspace   ] GC(745) Metaspace: 18858K(19072K)->18858K(19072K) NonClass: 16190K(16320K)->16190K(16320K) Class: 2667K(2752K)->2667K(2752K)
[329.268s][info][gc             ] GC(745) Pause Young (Normal) (G1 Evacuation Pause) 924M->723M(978M) 41.174ms
[329.268s][info][gc,cpu         ] GC(745) User=0.08s Sys=0.00s Real=0.04s
[329.634s][info][gc,start       ] GC(746) Pause Young (Normal) (G1 Evacuation Pause)
[329.634s][info][gc,task        ] GC(746) Using 2 workers of 2 for evacuation
[329.707s][info][gc,phases      ] GC(746)   Pre Evacuate Collection Set: 0.32ms
[329.707s][info][gc,phases      ] GC(746)   Merge Heap Roots: 0.69ms
[329.707s][info][gc,phases      ] GC(746)   Evacuate Collection Set: 71.25ms
[329.707s][info][gc,phases      ] GC(746)   Post Evacuate Collection Set: 0.41ms
[329.707s][info][gc,phases      ] GC(746)   Other: 0.07ms
[329.707s][info][gc,heap        ] GC(746) Eden regions: 182->0(151)
[329.707s][info][gc,heap        ] GC(746) Survivor regions: 22->26(26)
[329.707s][info][gc,heap        ] GC(746) Old regions: 690->713
[329.707s][info][gc,heap        ] GC(746) Humongous regions: 12->12
[329.707s][info][gc,metaspace   ] GC(746) Metaspace: 18858K(19072K)->18858K(19072K) NonClass: 16190K(16320K)->16190K(16320K) Class: 2667K(2752K)->2667K(2752K)
[329.707s][info][gc             ] GC(746) Pause Young (Normal) (G1 Evacuation Pause) 905M->750M(978M) 72.965ms
[329.707s][info][gc,cpu         ] GC(746) User=0.14s Sys=0.00s Real=0.07s
[329.754s][info][gc,marking     ] GC(744) Concurrent Mark From Roots 1135.602ms
[329.754s][info][gc,marking     ] GC(744) Concurrent Preclean
[329.754s][info][gc,marking     ] GC(744) Concurrent Preclean 0.041ms
[329.754s][info][gc,start       ] GC(744) Pause Remark
[329.761s][info][gc             ] GC(744) Pause Remark 777M->553M(978M) 7.581ms
[329.762s][info][gc,cpu         ] GC(744) User=0.02s Sys=0.00s Real=0.00s
[329.762s][info][gc,marking     ] GC(744) Concurrent Mark 1144.321ms
[329.762s][info][gc,marking     ] GC(744) Concurrent Rebuild Remembered Sets and Scrub Regions
[329.918s][info][gc,start       ] GC(747) Pause Young (Normal) (G1 Evacuation Pause)
[329.918s][info][gc,task        ] GC(747) Using 2 workers of 2 for evacuation
[329.949s][info][gc,phases      ] GC(747)   Pre Evacuate Collection Set: 0.41ms
[329.949s][info][gc,phases      ] GC(747)   Merge Heap Roots: 0.17ms
[329.949s][info][gc,phases      ] GC(747)   Evacuate Collection Set: 29.94ms
[329.949s][info][gc,phases      ] GC(747)   Post Evacuate Collection Set: 0.39ms
[329.949s][info][gc,phases      ] GC(747)   Other: 0.07ms
[329.949s][info][gc,heap        ] GC(747) Eden regions: 151->0(361)
[329.949s][info][gc,heap        ] GC(747) Survivor regions: 26->5(23)
[329.949s][info][gc,heap        ] GC(747) Old regions: 494->521
[329.949s][info][gc,heap        ] GC(747) Humongous regions: 7->7
[329.949s][info][gc,metaspace   ] GC(747) Metaspace: 18858K(19072K)->18858K(19072K) NonClass: 16190K(16320K)->16190K(16320K) Class: 2667K(2752K)->2667K(2752K)
[329.949s][info][gc             ] GC(747) Pause Young (Normal) (G1 Evacuation Pause) 677M->531M(978M) 31.215ms
[329.949s][info][gc,cpu         ] GC(747) User=0.06s Sys=0.00s Real=0.03s
[330.127s][info][gc,marking     ] GC(744) Concurrent Rebuild Remembered Sets and Scrub Regions 365.003ms
[330.128s][info][gc,start       ] GC(744) Pause Cleanup
[330.128s][info][gc             ] GC(744) Pause Cleanup 666M->666M(978M) 0.132ms
[330.128s][info][gc,cpu         ] GC(744) User=0.00s Sys=0.00s Real=0.00s
[330.128s][info][gc,marking     ] GC(744) Concurrent Clear Claimed Marks
[330.128s][info][gc,marking     ] GC(744) Concurrent Clear Claimed Marks 0.030ms
[330.128s][info][gc,marking     ] GC(744) Concurrent Cleanup for Next Mark
[330.131s][info][gc,marking     ] GC(744) Concurrent Cleanup for Next Mark 2.816ms
[330.131s][info][gc             ] GC(744) Concurrent Mark Cycle 1527.164ms
[330.334s][info][gc,start       ] GC(748) Pause Young (Prepare Mixed) (G1 Evacuation Pause)
[330.334s][info][gc,task        ] GC(748) Using 2 workers of 2 for evacuation
[330.351s][info][gc,phases      ] GC(748)   Pre Evacuate Collection Set: 0.50ms
[330.351s][info][gc,phases      ] GC(748)   Merge Heap Roots: 0.26ms
[330.351s][info][gc,phases      ] GC(748)   Evacuate Collection Set: 15.26ms
[330.351s][info][gc,phases      ] GC(748)   Post Evacuate Collection Set: 0.53ms
[330.351s][info][gc,phases      ] GC(748)   Other: 0.11ms
[330.351s][info][gc,heap        ] GC(748) Eden regions: 361->0(371)
[330.351s][info][gc,heap        ] GC(748) Survivor regions: 5->9(46)
[330.351s][info][gc,heap        ] GC(748) Old regions: 521->521
[330.351s][info][gc,heap        ] GC(748) Humongous regions: 7->7
[330.351s][info][gc,metaspace   ] GC(748) Metaspace: 18858K(19072K)->18858K(19072K) NonClass: 16190K(16320K)->16190K(16320K) Class: 2667K(2752K)->2667K(2752K)
[330.351s][info][gc             ] GC(748) Pause Young (Prepare Mixed) (G1 Evacuation Pause) 892M->535M(978M) 16.882ms
[330.351s][info][gc,cpu         ] GC(748) User=0.03s Sys=0.00s Real=0.01s
[330.897s][info][gc,start       ] GC(749) Pause Young (Mixed) (G1 Evacuation Pause)
[330.897s][info][gc,task        ] GC(749) Using 2 workers of 2 for evacuation
[330.941s][info][gc,phases      ] GC(749)   Pre Evacuate Collection Set: 0.38ms
[330.941s][info][gc,phases      ] GC(749)   Merge Heap Roots: 0.37ms
[330.941s][info][gc,phases      ] GC(749)   Evacuate Collection Set: 42.64ms
[330.941s][info][gc,phases      ] GC(749)   Post Evacuate Collection Set: 0.71ms
[330.941s][info][gc,phases      ] GC(749)   Other: 0.10ms
[330.941s][info][gc,heap        ] GC(749) Eden regions: 371->0(424)
[330.941s][info][gc,heap        ] GC(749) Survivor regions: 9->32(48)
[330.941s][info][gc,heap        ] GC(749) Old regions: 521->433
[330.941s][info][gc,heap        ] GC(749) Humongous regions: 7->7
[330.941s][info][gc,metaspace   ] GC(749) Metaspace: 18858K(19072K)->18858K(19072K) NonClass: 16191K(16320K)->16191K(16320K) Class: 2667K(2752K)->2667K(2752K)
[330.941s][info][gc             ] GC(749) Pause Young (Mixed) (G1 Evacuation Pause) 906M->471M(978M) 44.474ms
[330.941s][info][gc,cpu         ] GC(749) User=0.09s Sys=0.00s Real=0.04s
[331.393s][info][gc,start       ] GC(750) Pause Young (Concurrent Start) (G1 Evacuation Pause)
[331.393s][info][gc,task        ] GC(750) Using 2 workers of 2 for evacuation
[331.476s][info][gc,phases      ] GC(750)   Pre Evacuate Collection Set: 0.34ms
[331.476s][info][gc,phases      ] GC(750)   Merge Heap Roots: 0.42ms
[331.476s][info][gc,phases      ] GC(750)   Evacuate Collection Set: 80.74ms
[331.476s][info][gc,phases      ] GC(750)   Post Evacuate Collection Set: 0.67ms
[331.476s][info][gc,phases      ] GC(750)   Other: 0.21ms
[331.476s][info][gc,heap        ] GC(750) Eden regions: 424->0(358)
[331.476s][info][gc,heap        ] GC(750) Survivor regions: 32->57(57)
[331.476s][info][gc,heap        ] GC(750) Old regions: 433->449
[331.476s][info][gc,heap        ] GC(750) Humongous regions: 7->7
[331.476s][info][gc,metaspace   ] GC(750) Metaspace: 18858K(19072K)->18858K(19072K) NonClass: 16191K(16320K)->16191K(16320K) Class: 2667K(2752K)->2667K(2752K)
[331.476s][info][gc             ] GC(750) Pause Young (Concurrent Start) (G1 Evacuation Pause) 895M->512M(978M) 82.626ms
[331.476s][info][gc,cpu         ] GC(750) User=0.16s Sys=0.00s Real=0.08s
[331.476s][info][gc             ] GC(751) Concurrent Mark Cycle
[331.476s][info][gc,marking     ] GC(751) Concurrent Scan Root Regions
[331.618s][info][gc,marking     ] GC(751) Concurrent Scan Root Regions 142.004ms
[331.618s][info][gc,marking     ] GC(751) Concurrent Mark
[331.618s][info][gc,marking     ] GC(751) Concurrent Mark From Roots
[331.618s][info][gc,task        ] GC(751) Using 1 workers of 1 for marking
[331.998s][info][gc,start       ] GC(752) Pause Young (Normal) (G1 Evacuation Pause)
[331.998s][info][gc,task        ] GC(752) Using 2 workers of 2 for evacuation
[332.063s][info][gc,phases      ] GC(752)   Pre Evacuate Collection Set: 0.51ms
[332.063s][info][gc,phases      ] GC(752)   Merge Heap Roots: 0.29ms
[332.063s][info][gc,phases      ] GC(752)   Evacuate Collection Set: 62.99ms
[332.063s][info][gc,phases      ] GC(752)   Post Evacuate Collection Set: 0.60ms
[332.063s][info][gc,phases      ] GC(752)   Other: 0.09ms
[332.063s][info][gc,heap        ] GC(752) Eden regions: 358->0(381)
[332.063s][info][gc,heap        ] GC(752) Survivor regions: 57->7(52)
[332.063s][info][gc,heap        ] GC(752) Old regions: 449->506
[332.063s][info][gc,heap        ] GC(752) Humongous regions: 7->7
[332.063s][info][gc,metaspace   ] GC(752) Metaspace: 18858K(19072K)->18858K(19072K) NonClass: 16191K(16320K)->16191K(16320K) Class: 2667K(2752K)->2667K(2752K)
[332.063s][info][gc             ] GC(752) Pause Young (Normal) (G1 Evacuation Pause) 870M->519M(978M) 64.695ms
[332.063s][info][gc,cpu         ] GC(752) User=0.13s Sys=0.00s Real=0.07s
[332.249s][info][gc,marking     ] GC(751) Concurrent Mark From Roots 630.645ms
[332.249s][info][gc,marking     ] GC(751) Concurrent Preclean
[332.249s][info][gc,marking     ] GC(751) Concurrent Preclean 0.039ms
[332.249s][info][gc,start       ] GC(751) Pause Remark
[332.256s][info][gc             ] GC(751) Pause Remark 588M->467M(978M) 7.511ms
[332.256s][info][gc,cpu         ] GC(751) User=0.02s Sys=0.00s Real=0.01s
[332.257s][info][gc,marking     ] GC(751) Concurrent Mark 638.525ms
[332.257s][info][gc,marking     ] GC(751) Concurrent Rebuild Remembered Sets and Scrub Regions
[332.483s][info][gc,marking     ] GC(751) Concurrent Rebuild Remembered Sets and Scrub Regions 226.495ms
[332.483s][info][gc,start       ] GC(751) Pause Cleanup
[332.483s][info][gc             ] GC(751) Pause Cleanup 571M->571M(978M) 0.117ms
[332.483s][info][gc,cpu         ] GC(751) User=0.00s Sys=0.00s Real=0.00s
[332.483s][info][gc,marking     ] GC(751) Concurrent Clear Claimed Marks
[332.483s][info][gc,marking     ] GC(751) Concurrent Clear Claimed Marks 0.032ms
[332.483s][info][gc,marking     ] GC(751) Concurrent Cleanup for Next Mark
[332.486s][info][gc,marking     ] GC(751) Concurrent Cleanup for Next Mark 2.819ms
[332.486s][info][gc             ] GC(751) Concurrent Mark Cycle 1010.393ms
[333.007s][info][gc,start       ] GC(753) Pause Young (Prepare Mixed) (G1 Evacuation Pause)
[333.007s][info][gc,task        ] GC(753) Using 2 workers of 2 for evacuation
[333.033s][info][gc,phases      ] GC(753)   Pre Evacuate Collection Set: 0.32ms
[333.033s][info][gc,phases      ] GC(753)   Merge Heap Roots: 0.28ms
[333.033s][info][gc,phases      ] GC(753)   Evacuate Collection Set: 25.00ms
[333.033s][info][gc,phases      ] GC(753)   Post Evacuate Collection Set: 0.58ms
[333.033s][info][gc,phases      ] GC(753)   Other: 0.11ms
[333.033s][info][gc,heap        ] GC(753) Eden regions: 381->0(480)
[333.033s][info][gc,heap        ] GC(753) Survivor regions: 7->22(49)
[333.033s][info][gc,heap        ] GC(753) Old regions: 388->388
[333.033s][info][gc,heap        ] GC(753) Humongous regions: 4->4
[333.033s][info][gc,metaspace   ] GC(753) Metaspace: 18858K(19072K)->18858K(19072K) NonClass: 16191K(16320K)->16191K(16320K) Class: 2667K(2752K)->2667K(2752K)
[333.033s][info][gc             ] GC(753) Pause Young (Prepare Mixed) (G1 Evacuation Pause) 779M->413M(978M) 26.555ms
[333.033s][info][gc,cpu         ] GC(753) User=0.05s Sys=0.00s Real=0.03s
[333.841s][info][gc,start       ] GC(754) Pause Young (Mixed) (G1 Evacuation Pause)
[333.841s][info][gc,task        ] GC(754) Using 2 workers of 2 for evacuation
[333.924s][info][gc,phases      ] GC(754)   Pre Evacuate Collection Set: 0.54ms
[333.924s][info][gc,phases      ] GC(754)   Merge Heap Roots: 0.29ms
[333.924s][info][gc,phases      ] GC(754)   Evacuate Collection Set: 81.54ms
[333.924s][info][gc,phases      ] GC(754)   Post Evacuate Collection Set: 0.85ms
[333.924s][info][gc,phases      ] GC(754)   Other: 0.11ms
[333.924s][info][gc,heap        ] GC(754) Eden regions: 480->0(406)
[333.924s][info][gc,heap        ] GC(754) Survivor regions: 22->63(63)
[333.924s][info][gc,heap        ] GC(754) Old regions: 388->377
[333.924s][info][gc,heap        ] GC(754) Humongous regions: 4->4
[333.924s][info][gc,metaspace   ] GC(754) Metaspace: 18858K(19072K)->18858K(19072K) NonClass: 16191K(16320K)->16191K(16320K) Class: 2667K(2752K)->2667K(2752K)
[333.924s][info][gc             ] GC(754) Pause Young (Mixed) (G1 Evacuation Pause) (Evacuation Failure: Allocation) 893M->443M(978M) 83.564ms
[333.924s][info][gc,cpu         ] GC(754) User=0.17s Sys=0.00s Real=0.09s
[334.377s][info][gc,start       ] GC(755) Pause Young (Concurrent Start) (G1 Evacuation Pause)
[334.377s][info][gc,task        ] GC(755) Using 2 workers of 2 for evacuation
[334.593s][info][gc,mmu         ] GC(755) MMU target violated: 201.0ms (200.0ms/201.0ms)
[334.593s][info][gc,phases      ] GC(755)   Pre Evacuate Collection Set: 0.58ms
[334.593s][info][gc,phases      ] GC(755)   Merge Heap Roots: 0.53ms
[334.593s][info][gc,phases      ] GC(755)   Evacuate Collection Set: 194.04ms
[334.593s][info][gc,phases      ] GC(755)   Post Evacuate Collection Set: 20.40ms
[334.593s][info][gc,phases      ] GC(755)   Other: 0.45ms
[334.593s][info][gc,heap        ] GC(755) Eden regions: 406->0(138)
[334.593s][info][gc,heap        ] GC(755) Survivor regions: 63->59(59)
[334.593s][info][gc,heap        ] GC(755) Old regions: 377->668
[334.593s][info][gc,heap        ] GC(755) Humongous regions: 4->4
[334.593s][info][gc,metaspace   ] GC(755) Metaspace: 18858K(19072K)->18858K(19072K) NonClass: 16191K(16320K)->16191K(16320K) Class: 2667K(2752K)->2667K(2752K)
[334.593s][info][gc             ] GC(755) Pause Young (Concurrent Start) (G1 Evacuation Pause) (Evacuation Failure: Allocation) 849M->730M(978M) 216.171ms
[334.593s][info][gc,cpu         ] GC(755) User=0.43s Sys=0.00s Real=0.21s
[334.593s][info][gc             ] GC(756) Concurrent Mark Cycle
[334.593s][info][gc,marking     ] GC(756) Concurrent Scan Root Regions
[334.804s][info][gc,marking     ] GC(756) Concurrent Scan Root Regions 211.230ms
[334.804s][info][gc,marking     ] GC(756) Concurrent Mark
[334.804s][info][gc,marking     ] GC(756) Concurrent Mark From Roots
[334.804s][info][gc,task        ] GC(756) Using 1 workers of 1 for marking
[334.905s][info][gc,start       ] GC(757) Pause Young (Normal) (G1 Evacuation Pause)
[334.905s][info][gc,task        ] GC(757) Using 2 workers of 2 for evacuation
[335.042s][info][gc,phases      ] GC(757)   Pre Evacuate Collection Set: 0.42ms
[335.042s][info][gc,phases      ] GC(757)   Merge Heap Roots: 0.63ms
[335.042s][info][gc,phases      ] GC(757)   Evacuate Collection Set: 128.33ms
[335.042s][info][gc,phases      ] GC(757)   Post Evacuate Collection Set: 7.83ms
[335.042s][info][gc,phases      ] GC(757)   Other: 0.11ms
[335.042s][info][gc,heap        ] GC(757) Eden regions: 138->0(158)
[335.042s][info][gc,heap        ] GC(757) Survivor regions: 59->10(25)
[335.042s][info][gc,heap        ] GC(757) Old regions: 668->719
[335.042s][info][gc,heap        ] GC(757) Humongous regions: 7->7
[335.042s][info][gc,metaspace   ] GC(757) Metaspace: 18858K(19072K)->18858K(19072K) NonClass: 16191K(16320K)->16191K(16320K) Class: 2667K(2752K)->2667K(2752K)
[335.042s][info][gc             ] GC(757) Pause Young (Normal) (G1 Evacuation Pause) (Evacuation Failure: Allocation) 871M->735M(978M) 137.653ms
[335.043s][info][gc,cpu         ] GC(757) User=0.27s Sys=0.00s Real=0.13s
[335.436s][info][gc,start       ] GC(758) Pause Young (Normal) (G1 Evacuation Pause)
[335.436s][info][gc,task        ] GC(758) Using 2 workers of 2 for evacuation
[335.548s][info][gc,phases      ] GC(758)   Pre Evacuate Collection Set: 0.37ms
[335.548s][info][gc,phases      ] GC(758)   Merge Heap Roots: 1.20ms
[335.548s][info][gc,phases      ] GC(758)   Evacuate Collection Set: 109.85ms
[335.548s][info][gc,phases      ] GC(758)   Post Evacuate Collection Set: 0.75ms
[335.548s][info][gc,phases      ] GC(758)   Other: 0.13ms
[335.548s][info][gc,heap        ] GC(758) Eden regions: 158->0(240)
[335.548s][info][gc,heap        ] GC(758) Survivor regions: 10->21(21)
[335.548s][info][gc,heap        ] GC(758) Old regions: 719->592
[335.548s][info][gc,heap        ] GC(758) Humongous regions: 13->13
[335.548s][info][gc,metaspace   ] GC(758) Metaspace: 18858K(19072K)->18858K(19072K) NonClass: 16191K(16320K)->16191K(16320K) Class: 2667K(2752K)->2667K(2752K)
[335.548s][info][gc             ] GC(758) Pause Young (Normal) (G1 Evacuation Pause) 899M->625M(978M) 112.569ms
[335.548s][info][gc,cpu         ] GC(758) User=0.22s Sys=0.00s Real=0.11s
[336.114s][info][gc,marking     ] GC(756) Concurrent Mark From Roots 1309.614ms
[336.114s][info][gc,marking     ] GC(756) Concurrent Preclean
[336.114s][info][gc,marking     ] GC(756) Concurrent Preclean 0.052ms
[336.114s][info][gc,start       ] GC(756) Pause Remark
[336.122s][info][gc             ] GC(756) Pause Remark 785M->785M(978M) 7.682ms
[336.122s][info][gc,cpu         ] GC(756) User=0.01s Sys=0.00s Real=0.00s
[336.123s][info][gc,marking     ] GC(756) Concurrent Mark 1318.792ms
[336.123s][info][gc,marking     ] GC(756) Concurrent Rebuild Remembered Sets and Scrub Regions
[336.310s][info][gc,start       ] GC(759) Pause Young (Normal) (G1 Evacuation Pause)
[336.310s][info][gc,task        ] GC(759) Using 2 workers of 2 for evacuation
[336.352s][info][gc,phases      ] GC(759)   Pre Evacuate Collection Set: 0.27ms
[336.352s][info][gc,phases      ] GC(759)   Merge Heap Roots: 0.48ms
[336.352s][info][gc,phases      ] GC(759)   Evacuate Collection Set: 40.71ms
[336.352s][info][gc,phases      ] GC(759)   Post Evacuate Collection Set: 0.58ms
[336.352s][info][gc,phases      ] GC(759)   Other: 0.08ms
[336.352s][info][gc,heap        ] GC(759) Eden regions: 240->0(258)
[336.352s][info][gc,heap        ] GC(759) Survivor regions: 21->13(33)
[336.352s][info][gc,heap        ] GC(759) Old regions: 592->600
[336.352s][info][gc,heap        ] GC(759) Humongous regions: 13->13
[336.352s][info][gc,metaspace   ] GC(759) Metaspace: 18858K(19072K)->18858K(19072K) NonClass: 16191K(16320K)->16191K(16320K) Class: 2667K(2752K)->2667K(2752K)
[336.353s][info][gc             ] GC(759) Pause Young (Normal) (G1 Evacuation Pause) 865M->625M(978M) 42.375ms
[336.353s][info][gc,cpu         ] GC(759) User=0.09s Sys=0.00s Real=0.04s
[336.644s][info][gc,marking     ] GC(756) Concurrent Rebuild Remembered Sets and Scrub Regions 521.125ms
[336.644s][info][gc,start       ] GC(756) Pause Cleanup
[336.645s][info][gc             ] GC(756) Pause Cleanup 742M->742M(978M) 0.119ms
[336.645s][info][gc,cpu         ] GC(756) User=0.00s Sys=0.00s Real=0.00s
[336.645s][info][gc,marking     ] GC(756) Concurrent Clear Claimed Marks
[336.645s][info][gc,marking     ] GC(756) Concurrent Clear Claimed Marks 0.037ms
[336.645s][info][gc,marking     ] GC(756) Concurrent Cleanup for Next Mark
[336.652s][info][gc,marking     ] GC(756) Concurrent Cleanup for Next Mark 6.915ms
[336.652s][info][gc             ] GC(756) Concurrent Mark Cycle 2058.696ms
[336.881s][info][gc,start       ] GC(760) Pause Young (Prepare Mixed) (G1 Evacuation Pause)
[336.881s][info][gc,task        ] GC(760) Using 2 workers of 2 for evacuation
[336.912s][info][gc,phases      ] GC(760)   Pre Evacuate Collection Set: 0.32ms
[336.912s][info][gc,phases      ] GC(760)   Merge Heap Roots: 0.39ms
[336.912s][info][gc,phases      ] GC(760)   Evacuate Collection Set: 29.70ms
[336.912s][info][gc,phases      ] GC(760)   Post Evacuate Collection Set: 0.65ms
[336.912s][info][gc,phases      ] GC(760)   Other: 0.12ms
[336.912s][info][gc,heap        ] GC(760) Eden regions: 258->0(275)
[336.912s][info][gc,heap        ] GC(760) Survivor regions: 13->13(34)
[336.912s][info][gc,heap        ] GC(760) Old regions: 600->600
[336.912s][info][gc,heap        ] GC(760) Humongous regions: 13->13
[336.912s][info][gc,metaspace   ] GC(760) Metaspace: 18858K(19072K)->18858K(19072K) NonClass: 16191K(16320K)->16191K(16320K) Class: 2667K(2752K)->2667K(2752K)
[336.912s][info][gc             ] GC(760) Pause Young (Prepare Mixed) (G1 Evacuation Pause) 883M->625M(978M) 31.509ms
[336.912s][info][gc,cpu         ] GC(760) User=0.06s Sys=0.00s Real=0.03s
[337.345s][info][gc,start       ] GC(761) Pause Young (Mixed) (G1 Evacuation Pause)
[337.345s][info][gc,task        ] GC(761) Using 2 workers of 2 for evacuation
[337.374s][info][gc,phases      ] GC(761)   Pre Evacuate Collection Set: 0.55ms
[337.374s][info][gc,phases      ] GC(761)   Merge Heap Roots: 0.35ms
[337.374s][info][gc,phases      ] GC(761)   Evacuate Collection Set: 28.03ms
[337.374s][info][gc,phases      ] GC(761)   Post Evacuate Collection Set: 0.62ms
[337.374s][info][gc,phases      ] GC(761)   Other: 0.10ms
[337.375s][info][gc,heap        ] GC(761) Eden regions: 275->0(296)
[337.375s][info][gc,heap        ] GC(761) Survivor regions: 13->13(36)
[337.375s][info][gc,heap        ] GC(761) Old regions: 600->591
[337.375s][info][gc,heap        ] GC(761) Humongous regions: 13->13
[337.375s][info][gc,metaspace   ] GC(761) Metaspace: 18858K(19072K)->18858K(19072K) NonClass: 16191K(16320K)->16191K(16320K) Class: 2667K(2752K)->2667K(2752K)
[337.375s][info][gc             ] GC(761) Pause Young (Mixed) (G1 Evacuation Pause) 900M->616M(978M) 29.876ms
[337.375s][info][gc,cpu         ] GC(761) User=0.05s Sys=0.00s Real=0.03s
[337.801s][info][gc,start       ] GC(762) Pause Young (Concurrent Start) (G1 Evacuation Pause)
[337.802s][info][gc,task        ] GC(762) Using 2 workers of 2 for evacuation
[337.845s][info][gc,phases      ] GC(762)   Pre Evacuate Collection Set: 0.34ms
[337.845s][info][gc,phases      ] GC(762)   Merge Heap Roots: 0.40ms
[337.845s][info][gc,phases      ] GC(762)   Evacuate Collection Set: 42.06ms
[337.845s][info][gc,phases      ] GC(762)   Post Evacuate Collection Set: 0.66ms
[337.845s][info][gc,phases      ] GC(762)   Other: 0.21ms
[337.845s][info][gc,heap        ] GC(762) Eden regions: 296->0(274)
[337.845s][info][gc,heap        ] GC(762) Survivor regions: 13->25(39)
[337.845s][info][gc,heap        ] GC(762) Old regions: 591->591
[337.845s][info][gc,heap        ] GC(762) Humongous regions: 13->13
[337.845s][info][gc,metaspace   ] GC(762) Metaspace: 18858K(19072K)->18858K(19072K) NonClass: 16191K(16320K)->16191K(16320K) Class: 2667K(2752K)->2667K(2752K)
[337.845s][info][gc             ] GC(762) Pause Young (Concurrent Start) (G1 Evacuation Pause) 912M->628M(978M) 43.907ms
[337.845s][info][gc             ] GC(763) Concurrent Mark Cycle
[337.845s][info][gc,marking     ] GC(763) Concurrent Scan Root Regions
[337.848s][info][gc,cpu         ] GC(762) User=0.09s Sys=0.00s Real=0.05s
[337.901s][info][gc,marking     ] GC(763) Concurrent Scan Root Regions 55.988ms
[337.901s][info][gc,marking     ] GC(763) Concurrent Mark
[337.901s][info][gc,marking     ] GC(763) Concurrent Mark From Roots
[337.901s][info][gc,task        ] GC(763) Using 1 workers of 1 for marking
[338.294s][info][gc,start       ] GC(764) Pause Young (Normal) (G1 Evacuation Pause)
[338.294s][info][gc,task        ] GC(764) Using 2 workers of 2 for evacuation
[338.355s][info][gc,phases      ] GC(764)   Pre Evacuate Collection Set: 0.30ms
[338.355s][info][gc,phases      ] GC(764)   Merge Heap Roots: 0.62ms
[338.355s][info][gc,phases      ] GC(764)   Evacuate Collection Set: 59.81ms
[338.355s][info][gc,phases      ] GC(764)   Post Evacuate Collection Set: 0.54ms
[338.355s][info][gc,phases      ] GC(764)   Other: 0.09ms
[338.355s][info][gc,heap        ] GC(764) Eden regions: 274->0(249)
[338.355s][info][gc,heap        ] GC(764) Survivor regions: 25->31(38)
[338.355s][info][gc,heap        ] GC(764) Old regions: 591->604
[338.355s][info][gc,heap        ] GC(764) Humongous regions: 13->13
[338.355s][info][gc,metaspace   ] GC(764) Metaspace: 18858K(19072K)->18858K(19072K) NonClass: 16191K(16320K)->16191K(16320K) Class: 2667K(2752K)->2667K(2752K)
[338.356s][info][gc             ] GC(764) Pause Young (Normal) (G1 Evacuation Pause) 902M->647M(978M) 61.639ms
[338.356s][info][gc,cpu         ] GC(764) User=0.12s Sys=0.00s Real=0.06s
[338.869s][info][gc,start       ] GC(765) Pause Young (Normal) (G1 Evacuation Pause)
[338.869s][info][gc,task        ] GC(765) Using 2 workers of 2 for evacuation
[338.909s][info][gc,phases      ] GC(765)   Pre Evacuate Collection Set: 0.31ms
[338.909s][info][gc,phases      ] GC(765)   Merge Heap Roots: 0.16ms
[338.909s][info][gc,phases      ] GC(765)   Evacuate Collection Set: 38.64ms
[338.909s][info][gc,phases      ] GC(765)   Post Evacuate Collection Set: 0.47ms
[338.909s][info][gc,phases      ] GC(765)   Other: 0.08ms
[338.909s][info][gc,heap        ] GC(765) Eden regions: 249->0(260)
[338.909s][info][gc,heap        ] GC(765) Survivor regions: 31->10(35)
[338.909s][info][gc,heap        ] GC(765) Old regions: 604->635
[338.909s][info][gc,heap        ] GC(765) Humongous regions: 13->13
[338.909s][info][gc,metaspace   ] GC(765) Metaspace: 18858K(19072K)->18858K(19072K) NonClass: 16191K(16320K)->16191K(16320K) Class: 2667K(2752K)->2667K(2752K)
[338.909s][info][gc             ] GC(765) Pause Young (Normal) (G1 Evacuation Pause) 896M->657M(978M) 39.901ms
[338.909s][info][gc,cpu         ] GC(765) User=0.08s Sys=0.00s Real=0.04s
[339.046s][info][gc,marking     ] GC(763) Concurrent Mark From Roots 1144.678ms
[339.046s][info][gc,marking     ] GC(763) Concurrent Preclean
[339.046s][info][gc,marking     ] GC(763) Concurrent Preclean 0.037ms
[339.046s][info][gc,start       ] GC(763) Pause Remark
[339.054s][info][gc             ] GC(763) Pause Remark 695M->618M(978M) 7.453ms
[339.054s][info][gc,cpu         ] GC(763) User=0.02s Sys=0.00s Real=0.01s
[339.054s][info][gc,marking     ] GC(763) Concurrent Mark 1152.486ms
[339.054s][info][gc,marking     ] GC(763) Concurrent Rebuild Remembered Sets and Scrub Regions
[339.534s][info][gc,marking     ] GC(763) Concurrent Rebuild Remembered Sets and Scrub Regions 480.018ms
[339.535s][info][gc,start       ] GC(763) Pause Cleanup
[339.535s][info][gc             ] GC(763) Pause Cleanup 779M->779M(978M) 0.154ms
[339.535s][info][gc,cpu         ] GC(763) User=0.00s Sys=0.00s Real=0.00s
[339.535s][info][gc,marking     ] GC(763) Concurrent Clear Claimed Marks
[339.535s][info][gc,marking     ] GC(763) Concurrent Clear Claimed Marks 0.074ms
[339.535s][info][gc,marking     ] GC(763) Concurrent Cleanup for Next Mark
[339.540s][info][gc,marking     ] GC(763) Concurrent Cleanup for Next Mark 4.878ms
[339.540s][info][gc             ] GC(763) Concurrent Mark Cycle 1694.890ms
[339.653s][info][gc,start       ] GC(766) Pause Young (Prepare Mixed) (G1 Evacuation Pause)
[339.653s][info][gc,task        ] GC(766) Using 2 workers of 2 for evacuation
[339.665s][info][gc,phases      ] GC(766)   Pre Evacuate Collection Set: 0.31ms
[339.665s][info][gc,phases      ] GC(766)   Merge Heap Roots: 0.18ms
[339.665s][info][gc,phases      ] GC(766)   Evacuate Collection Set: 10.90ms
[339.665s][info][gc,phases      ] GC(766)   Post Evacuate Collection Set: 0.46ms
[339.665s][info][gc,phases      ] GC(766)   Other: 0.09ms
[339.665s][info][gc,heap        ] GC(766) Eden regions: 260->0(337)
[339.665s][info][gc,heap        ] GC(766) Survivor regions: 10->10(34)
[339.665s][info][gc,heap        ] GC(766) Old regions: 564->564
[339.665s][info][gc,heap        ] GC(766) Humongous regions: 7->7
[339.665s][info][gc,metaspace   ] GC(766) Metaspace: 18858K(19072K)->18858K(19072K) NonClass: 16191K(16320K)->16191K(16320K) Class: 2667K(2752K)->2667K(2752K)
[339.665s][info][gc             ] GC(766) Pause Young (Prepare Mixed) (G1 Evacuation Pause) 840M->580M(978M) 12.127ms
[339.665s][info][gc,cpu         ] GC(766) User=0.02s Sys=0.00s Real=0.01s
[340.183s][info][gc,start       ] GC(767) Pause Young (Mixed) (G1 Evacuation Pause)
[340.183s][info][gc,task        ] GC(767) Using 2 workers of 2 for evacuation
[340.215s][info][gc,phases      ] GC(767)   Pre Evacuate Collection Set: 0.33ms
[340.215s][info][gc,phases      ] GC(767)   Merge Heap Roots: 0.30ms
[340.215s][info][gc,phases      ] GC(767)   Evacuate Collection Set: 30.37ms
[340.215s][info][gc,phases      ] GC(767)   Post Evacuate Collection Set: 0.57ms
[340.215s][info][gc,phases      ] GC(767)   Other: 0.08ms
[340.215s][info][gc,heap        ] GC(767) Eden regions: 337->0(381)
[340.215s][info][gc,heap        ] GC(767) Survivor regions: 10->23(44)
[340.215s][info][gc,heap        ] GC(767) Old regions: 564->494
[340.215s][info][gc,heap        ] GC(767) Humongous regions: 7->7
[340.215s][info][gc,metaspace   ] GC(767) Metaspace: 18858K(19072K)->18858K(19072K) NonClass: 16191K(16320K)->16191K(16320K) Class: 2667K(2752K)->2667K(2752K)
[340.215s][info][gc             ] GC(767) Pause Young (Mixed) (G1 Evacuation Pause) 917M->523M(978M) 31.857ms
[340.215s][info][gc,cpu         ] GC(767) User=0.07s Sys=0.00s Real=0.04s
[340.629s][info][gc,start       ] GC(768) Pause Young (Concurrent Start) (G1 Humongous Allocation)
[340.630s][info][gc,task        ] GC(768) Using 2 workers of 2 for evacuation
[340.713s][info][gc,phases      ] GC(768)   Pre Evacuate Collection Set: 0.29ms
[340.713s][info][gc,phases      ] GC(768)   Merge Heap Roots: 0.18ms
[340.713s][info][gc,phases      ] GC(768)   Evacuate Collection Set: 81.68ms
[340.713s][info][gc,phases      ] GC(768)   Post Evacuate Collection Set: 0.76ms
[340.713s][info][gc,phases      ] GC(768)   Other: 0.12ms
[340.713s][info][gc,heap        ] GC(768) Eden regions: 339->0(294)
[340.713s][info][gc,heap        ] GC(768) Survivor regions: 23->51(51)
[340.713s][info][gc,heap        ] GC(768) Old regions: 494->525
[340.713s][info][gc,heap        ] GC(768) Humongous regions: 7->7
[340.713s][info][gc,metaspace   ] GC(768) Metaspace: 18858K(19072K)->18858K(19072K) NonClass: 16191K(16320K)->16191K(16320K) Class: 2667K(2752K)->2667K(2752K)
[340.713s][info][gc             ] GC(768) Pause Young (Concurrent Start) (G1 Humongous Allocation) 862M->582M(978M) 83.289ms
[340.713s][info][gc,cpu         ] GC(768) User=0.16s Sys=0.00s Real=0.08s
[340.713s][info][gc             ] GC(769) Concurrent Mark Cycle
[340.713s][info][gc,marking     ] GC(769) Concurrent Scan Root Regions
[340.801s][info][gc,marking     ] GC(769) Concurrent Scan Root Regions 87.874ms
[340.801s][info][gc,marking     ] GC(769) Concurrent Mark
[340.801s][info][gc,marking     ] GC(769) Concurrent Mark From Roots
[340.801s][info][gc,task        ] GC(769) Using 1 workers of 1 for marking
[341.591s][info][gc,marking     ] GC(769) Concurrent Mark From Roots 789.697ms
[341.591s][info][gc,marking     ] GC(769) Concurrent Preclean
[341.591s][info][gc,marking     ] GC(769) Concurrent Preclean 0.042ms
[341.593s][info][gc,start       ] GC(769) Pause Remark
[341.601s][info][gc             ] GC(769) Pause Remark 834M->674M(978M) 7.737ms
[341.601s][info][gc,cpu         ] GC(769) User=0.01s Sys=0.00s Real=0.01s
[341.601s][info][gc,marking     ] GC(769) Concurrent Mark 799.548ms
[341.601s][info][gc,marking     ] GC(769) Concurrent Rebuild Remembered Sets and Scrub Regions
[341.686s][info][gc,start       ] GC(770) Pause Young (Normal) (G1 Evacuation Pause)
[341.686s][info][gc,task        ] GC(770) Using 2 workers of 2 for evacuation
[341.753s][info][gc,phases      ] GC(770)   Pre Evacuate Collection Set: 0.48ms
[341.753s][info][gc,phases      ] GC(770)   Merge Heap Roots: 0.46ms
[341.753s][info][gc,phases      ] GC(770)   Evacuate Collection Set: 65.36ms
[341.753s][info][gc,phases      ] GC(770)   Post Evacuate Collection Set: 0.54ms
[341.753s][info][gc,phases      ] GC(770)   Other: 0.09ms
[341.753s][info][gc,heap        ] GC(770) Eden regions: 294->0(447)
[341.753s][info][gc,heap        ] GC(770) Survivor regions: 51->6(44)
[341.753s][info][gc,heap        ] GC(770) Old regions: 367->418
[341.753s][info][gc,heap        ] GC(770) Humongous regions: 8->8
[341.753s][info][gc,metaspace   ] GC(770) Metaspace: 18858K(19072K)->18858K(19072K) NonClass: 16191K(16320K)->16191K(16320K) Class: 2667K(2752K)->2667K(2752K)
[341.753s][info][gc             ] GC(770) Pause Young (Normal) (G1 Evacuation Pause) 719M->431M(978M) 67.208ms
[341.753s][info][gc,cpu         ] GC(770) User=0.14s Sys=0.00s Real=0.07s
[342.032s][info][gc,marking     ] GC(769) Concurrent Rebuild Remembered Sets and Scrub Regions 431.578ms
[342.032s][info][gc,start       ] GC(769) Pause Cleanup
[342.033s][info][gc             ] GC(769) Pause Cleanup 563M->563M(978M) 0.101ms
[342.033s][info][gc,cpu         ] GC(769) User=0.00s Sys=0.00s Real=0.00s
[342.033s][info][gc,marking     ] GC(769) Concurrent Clear Claimed Marks
[342.033s][info][gc,marking     ] GC(769) Concurrent Clear Claimed Marks 0.036ms
[342.033s][info][gc,marking     ] GC(769) Concurrent Cleanup for Next Mark
[342.040s][info][gc,marking     ] GC(769) Concurrent Cleanup for Next Mark 6.599ms
[342.040s][info][gc             ] GC(769) Concurrent Mark Cycle 1327.078ms
[342.486s][info][gc,start       ] GC(771) Pause Young (Prepare Mixed) (G1 Evacuation Pause)
[342.486s][info][gc,task        ] GC(771) Using 2 workers of 2 for evacuation
[342.495s][info][gc,phases      ] GC(771)   Pre Evacuate Collection Set: 0.31ms
[342.495s][info][gc,phases      ] GC(771)   Merge Heap Roots: 0.14ms
[342.495s][info][gc,phases      ] GC(771)   Evacuate Collection Set: 7.76ms
[342.495s][info][gc,phases      ] GC(771)   Post Evacuate Collection Set: 0.58ms
[342.495s][info][gc,phases      ] GC(771)   Other: 0.11ms
[342.495s][info][gc,heap        ] GC(771) Eden regions: 447->0(467)
[342.495s][info][gc,heap        ] GC(771) Survivor regions: 6->6(57)
[342.495s][info][gc,heap        ] GC(771) Old regions: 418->418
[342.495s][info][gc,heap        ] GC(771) Humongous regions: 8->8
[342.495s][info][gc,metaspace   ] GC(771) Metaspace: 18858K(19072K)->18858K(19072K) NonClass: 16191K(16320K)->16191K(16320K) Class: 2667K(2752K)->2667K(2752K)
[342.495s][info][gc             ] GC(771) Pause Young (Prepare Mixed) (G1 Evacuation Pause) 878M->431M(978M) 9.102ms
[342.495s][info][gc,cpu         ] GC(771) User=0.02s Sys=0.00s Real=0.01s
[342.995s][info][gc,start       ] GC(772) Pause Young (Mixed) (G1 Evacuation Pause)
[342.995s][info][gc,task        ] GC(772) Using 2 workers of 2 for evacuation
[343.035s][info][gc,phases      ] GC(772)   Pre Evacuate Collection Set: 0.52ms
[343.035s][info][gc,phases      ] GC(772)   Merge Heap Roots: 0.25ms
[343.035s][info][gc,phases      ] GC(772)   Evacuate Collection Set: 38.93ms
[343.035s][info][gc,phases      ] GC(772)   Post Evacuate Collection Set: 0.65ms
[343.035s][info][gc,phases      ] GC(772)   Other: 0.13ms
[343.035s][info][gc,heap        ] GC(772) Eden regions: 467->0(444)
[343.035s][info][gc,heap        ] GC(772) Survivor regions: 6->32(60)
[343.035s][info][gc,heap        ] GC(772) Old regions: 418->409
[343.035s][info][gc,heap        ] GC(772) Humongous regions: 8->8
[343.035s][info][gc,metaspace   ] GC(772) Metaspace: 18858K(19072K)->18858K(19072K) NonClass: 16191K(16320K)->16191K(16320K) Class: 2667K(2752K)->2667K(2752K)
[343.035s][info][gc             ] GC(772) Pause Young (Mixed) (G1 Evacuation Pause) 898M->448M(978M) 40.697ms
[343.035s][info][gc,cpu         ] GC(772) User=0.08s Sys=0.00s Real=0.04s
[343.509s][info][gc,start       ] GC(773) Pause Young (Concurrent Start) (G1 Evacuation Pause)
[343.509s][info][gc,task        ] GC(773) Using 2 workers of 2 for evacuation
[343.599s][info][gc,phases      ] GC(773)   Pre Evacuate Collection Set: 0.29ms
[343.599s][info][gc,phases      ] GC(773)   Merge Heap Roots: 0.40ms
[343.599s][info][gc,phases      ] GC(773)   Evacuate Collection Set: 88.03ms
[343.599s][info][gc,phases      ] GC(773)   Post Evacuate Collection Set: 0.68ms
[343.599s][info][gc,phases      ] GC(773)   Other: 0.12ms
[343.599s][info][gc,heap        ] GC(773) Eden regions: 444->0(375)
[343.599s][info][gc,heap        ] GC(773) Survivor regions: 32->60(60)
[343.599s][info][gc,heap        ] GC(773) Old regions: 409->425
[343.599s][info][gc,heap        ] GC(773) Humongous regions: 8->8
[343.599s][info][gc,metaspace   ] GC(773) Metaspace: 18858K(19072K)->18858K(19072K) NonClass: 16191K(16320K)->16191K(16320K) Class: 2667K(2752K)->2667K(2752K)
[343.599s][info][gc             ] GC(773) Pause Young (Concurrent Start) (G1 Evacuation Pause) 892M->492M(978M) 89.784ms
[343.599s][info][gc,cpu         ] GC(773) User=0.18s Sys=0.00s Real=0.09s
[343.599s][info][gc             ] GC(774) Concurrent Mark Cycle
[343.601s][info][gc,marking     ] GC(774) Concurrent Scan Root Regions
[343.740s][info][gc,marking     ] GC(774) Concurrent Scan Root Regions 138.629ms
[343.740s][info][gc,marking     ] GC(774) Concurrent Mark
[343.740s][info][gc,marking     ] GC(774) Concurrent Mark From Roots
[343.740s][info][gc,task        ] GC(774) Using 1 workers of 1 for marking
[344.186s][info][gc,start       ] GC(775) Pause Young (Normal) (G1 Evacuation Pause)
[344.186s][info][gc,task        ] GC(775) Using 2 workers of 2 for evacuation
[344.292s][info][gc,phases      ] GC(775)   Pre Evacuate Collection Set: 0.32ms
[344.292s][info][gc,phases      ] GC(775)   Merge Heap Roots: 0.34ms
[344.292s][info][gc,phases      ] GC(775)   Evacuate Collection Set: 105.26ms
[344.292s][info][gc,phases      ] GC(775)   Post Evacuate Collection Set: 0.66ms
[344.292s][info][gc,phases      ] GC(775)   Other: 0.09ms
[344.292s][info][gc,heap        ] GC(775) Eden regions: 375->0(333)
[344.292s][info][gc,heap        ] GC(775) Survivor regions: 60->45(55)
[344.292s][info][gc,heap        ] GC(775) Old regions: 425->485
[344.292s][info][gc,heap        ] GC(775) Humongous regions: 8->8
[344.292s][info][gc,metaspace   ] GC(775) Metaspace: 18858K(19072K)->18858K(19072K) NonClass: 16191K(16320K)->16191K(16320K) Class: 2667K(2752K)->2667K(2752K)
[344.293s][info][gc             ] GC(775) Pause Young (Normal) (G1 Evacuation Pause) 867M->537M(978M) 106.938ms
[344.293s][info][gc,cpu         ] GC(775) User=0.22s Sys=0.00s Real=0.10s
[344.472s][info][gc,marking     ] GC(774) Concurrent Mark From Roots 731.894ms
[344.472s][info][gc,marking     ] GC(774) Concurrent Preclean
[344.472s][info][gc,marking     ] GC(774) Concurrent Preclean 0.039ms
[344.472s][info][gc,start       ] GC(774) Pause Remark
[344.479s][info][gc             ] GC(774) Pause Remark 636M->589M(978M) 7.392ms
[344.479s][info][gc,cpu         ] GC(774) User=0.01s Sys=0.00s Real=0.01s
[344.479s][info][gc,marking     ] GC(774) Concurrent Mark 739.646ms
[344.479s][info][gc,marking     ] GC(774) Concurrent Rebuild Remembered Sets and Scrub Regions
[344.828s][info][gc,marking     ] GC(774) Concurrent Rebuild Remembered Sets and Scrub Regions 348.776ms
[344.828s][info][gc,start       ] GC(774) Pause Cleanup
[344.828s][info][gc             ] GC(774) Pause Cleanup 792M->792M(978M) 0.135ms
[344.828s][info][gc,cpu         ] GC(774) User=0.00s Sys=0.00s Real=0.00s
[344.831s][info][gc,marking     ] GC(774) Concurrent Clear Claimed Marks
[344.831s][info][gc,marking     ] GC(774) Concurrent Clear Claimed Marks 0.063ms
[344.831s][info][gc,marking     ] GC(774) Concurrent Cleanup for Next Mark
[344.834s][info][gc,marking     ] GC(774) Concurrent Cleanup for Next Mark 2.861ms
[344.834s][info][gc             ] GC(774) Concurrent Mark Cycle 1234.899ms
[344.867s][info][gc,start       ] GC(776) Pause Young (Prepare Mixed) (G1 Evacuation Pause)
[344.867s][info][gc,task        ] GC(776) Using 2 workers of 2 for evacuation
[344.930s][info][gc,phases      ] GC(776)   Pre Evacuate Collection Set: 0.29ms
[344.930s][info][gc,phases      ] GC(776)   Merge Heap Roots: 0.44ms
[344.930s][info][gc,phases      ] GC(776)   Evacuate Collection Set: 61.73ms
[344.930s][info][gc,phases      ] GC(776)   Post Evacuate Collection Set: 0.65ms
[344.930s][info][gc,phases      ] GC(776)   Other: 0.07ms
[344.930s][info][gc,heap        ] GC(776) Eden regions: 333->0(373)
[344.930s][info][gc,heap        ] GC(776) Survivor regions: 45->12(48)
[344.930s][info][gc,heap        ] GC(776) Old regions: 441->486
[344.930s][info][gc,heap        ] GC(776) Humongous regions: 5->5
[344.930s][info][gc,metaspace   ] GC(776) Metaspace: 18858K(19072K)->18858K(19072K) NonClass: 16191K(16320K)->16191K(16320K) Class: 2667K(2752K)->2667K(2752K)
[344.930s][info][gc             ] GC(776) Pause Young (Prepare Mixed) (G1 Evacuation Pause) 823M->502M(978M) 63.371ms
[344.930s][info][gc,cpu         ] GC(776) User=0.13s Sys=0.00s Real=0.06s
[345.236s][info][gc,start       ] GC(777) Pause Young (Mixed) (G1 Evacuation Pause)
[345.236s][info][gc,task        ] GC(777) Using 2 workers of 2 for evacuation
[345.366s][info][gc,phases      ] GC(777)   Pre Evacuate Collection Set: 0.34ms
[345.366s][info][gc,phases      ] GC(777)   Merge Heap Roots: 1.19ms
[345.366s][info][gc,phases      ] GC(777)   Evacuate Collection Set: 123.05ms
[345.366s][info][gc,phases      ] GC(777)   Post Evacuate Collection Set: 5.67ms
[345.366s][info][gc,phases      ] GC(777)   Other: 0.10ms
[345.366s][info][gc,heap        ] GC(777) Eden regions: 373->0(260)
[345.366s][info][gc,heap        ] GC(777) Survivor regions: 12->49(49)
[345.366s][info][gc,heap        ] GC(777) Old regions: 486->553
[345.366s][info][gc,heap        ] GC(777) Humongous regions: 5->5
[345.366s][info][gc,metaspace   ] GC(777) Metaspace: 18858K(19072K)->18858K(19072K) NonClass: 16191K(16320K)->16191K(16320K) Class: 2667K(2752K)->2667K(2752K)
[345.366s][info][gc             ] GC(777) Pause Young (Mixed) (G1 Evacuation Pause) (Evacuation Failure: Allocation) 875M->606M(978M) 130.615ms
[345.366s][info][gc,cpu         ] GC(777) User=0.26s Sys=0.00s Real=0.13s
[345.717s][info][gc,start       ] GC(778) Pause Young (Mixed) (G1 Evacuation Pause)
[345.717s][info][gc,task        ] GC(778) Using 2 workers of 2 for evacuation
[345.812s][info][gc,phases      ] GC(778)   Pre Evacuate Collection Set: 0.38ms
[345.812s][info][gc,phases      ] GC(778)   Merge Heap Roots: 0.86ms
[345.812s][info][gc,phases      ] GC(778)   Evacuate Collection Set: 92.56ms
[345.812s][info][gc,phases      ] GC(778)   Post Evacuate Collection Set: 0.67ms
[345.812s][info][gc,phases      ] GC(778)   Other: 0.10ms
[345.812s][info][gc,heap        ] GC(778) Eden regions: 260->0(350)
[345.812s][info][gc,heap        ] GC(778) Survivor regions: 49->17(39)
[345.812s][info][gc,heap        ] GC(778) Old regions: 553->493
[345.812s][info][gc,heap        ] GC(778) Humongous regions: 5->5
[345.812s][info][gc,metaspace   ] GC(778) Metaspace: 18858K(19072K)->18858K(19072K) NonClass: 16191K(16320K)->16191K(16320K) Class: 2667K(2752K)->2667K(2752K)
[345.812s][info][gc             ] GC(778) Pause Young (Mixed) (G1 Evacuation Pause) 866M->514M(978M) 94.822ms
[345.812s][info][gc,cpu         ] GC(778) User=0.19s Sys=0.00s Real=0.09s
[346.177s][info][gc,start       ] GC(779) Pause Young (Concurrent Start) (G1 Evacuation Pause)
[346.177s][info][gc,task        ] GC(779) Using 2 workers of 2 for evacuation
[346.208s][info][gc,phases      ] GC(779)   Pre Evacuate Collection Set: 0.31ms
[346.208s][info][gc,phases      ] GC(779)   Merge Heap Roots: 0.26ms
[346.208s][info][gc,phases      ] GC(779)   Evacuate Collection Set: 29.87ms
[346.208s][info][gc,phases      ] GC(779)   Post Evacuate Collection Set: 0.55ms
[346.208s][info][gc,phases      ] GC(779)   Other: 0.12ms
[346.208s][info][gc,heap        ] GC(779) Eden regions: 350->0(358)
[346.208s][info][gc,heap        ] GC(779) Survivor regions: 17->27(46)
[346.208s][info][gc,heap        ] GC(779) Old regions: 493->493
[346.208s][info][gc,heap        ] GC(779) Humongous regions: 5->5
[346.208s][info][gc,metaspace   ] GC(779) Metaspace: 18859K(19072K)->18859K(19072K) NonClass: 16192K(16320K)->16192K(16320K) Class: 2667K(2752K)->2667K(2752K)
[346.208s][info][gc             ] GC(779) Pause Young (Concurrent Start) (G1 Evacuation Pause) 864M->524M(978M) 31.362ms
[346.208s][info][gc,cpu         ] GC(779) User=0.06s Sys=0.00s Real=0.03s
[346.208s][info][gc             ] GC(780) Concurrent Mark Cycle
[346.208s][info][gc,marking     ] GC(780) Concurrent Scan Root Regions
[346.262s][info][gc,marking     ] GC(780) Concurrent Scan Root Regions 53.883ms
[346.262s][info][gc,marking     ] GC(780) Concurrent Mark
[346.262s][info][gc,marking     ] GC(780) Concurrent Mark From Roots
[346.262s][info][gc,task        ] GC(780) Using 1 workers of 1 for marking
[347.189s][info][gc,start       ] GC(781) Pause Young (Normal) (G1 Evacuation Pause)
[347.189s][info][gc,task        ] GC(781) Using 2 workers of 2 for evacuation
[347.254s][info][gc,phases      ] GC(781)   Pre Evacuate Collection Set: 0.52ms
[347.254s][info][gc,phases      ] GC(781)   Merge Heap Roots: 0.45ms
[347.254s][info][gc,phases      ] GC(781)   Evacuate Collection Set: 63.17ms
[347.254s][info][gc,phases      ] GC(781)   Post Evacuate Collection Set: 0.70ms
[347.254s][info][gc,phases      ] GC(781)   Other: 0.11ms
[347.254s][info][gc,heap        ] GC(781) Eden regions: 358->0(339)
[347.254s][info][gc,heap        ] GC(781) Survivor regions: 27->30(49)
[347.254s][info][gc,heap        ] GC(781) Old regions: 493->510
[347.254s][info][gc,heap        ] GC(781) Humongous regions: 8->8
[347.254s][info][gc,metaspace   ] GC(781) Metaspace: 18862K(19072K)->18862K(19072K) NonClass: 16195K(16320K)->16195K(16320K) Class: 2667K(2752K)->2667K(2752K)
[347.254s][info][gc             ] GC(781) Pause Young (Normal) (G1 Evacuation Pause) 885M->547M(978M) 65.210ms
[347.254s][info][gc,cpu         ] GC(781) User=0.13s Sys=0.00s Real=0.07s
[347.759s][info][gc,marking     ] GC(780) Concurrent Mark From Roots 1497.170ms
[347.759s][info][gc,marking     ] GC(780) Concurrent Preclean
[347.759s][info][gc,marking     ] GC(780) Concurrent Preclean 0.045ms
[347.759s][info][gc,start       ] GC(780) Pause Remark
[347.767s][info][gc             ] GC(780) Pause Remark 833M->833M(978M) 7.513ms
[347.767s][info][gc,cpu         ] GC(780) User=0.02s Sys=0.00s Real=0.01s
[347.767s][info][gc,marking     ] GC(780) Concurrent Mark 1505.031ms
[347.767s][info][gc,marking     ] GC(780) Concurrent Rebuild Remembered Sets and Scrub Regions
[347.863s][info][gc,start       ] GC(782) Pause Young (Normal) (G1 Evacuation Pause)
[347.863s][info][gc,task        ] GC(782) Using 2 workers of 2 for evacuation
[347.945s][info][gc,phases      ] GC(782)   Pre Evacuate Collection Set: 0.26ms
[347.945s][info][gc,phases      ] GC(782)   Merge Heap Roots: 0.42ms
[347.945s][info][gc,phases      ] GC(782)   Evacuate Collection Set: 80.49ms
[347.945s][info][gc,phases      ] GC(782)   Post Evacuate Collection Set: 0.59ms
[347.945s][info][gc,phases      ] GC(782)   Other: 0.08ms
[347.945s][info][gc,heap        ] GC(782) Eden regions: 339->0(301)
[347.945s][info][gc,heap        ] GC(782) Survivor regions: 30->47(47)
[347.945s][info][gc,heap        ] GC(782) Old regions: 510->525
[347.945s][info][gc,heap        ] GC(782) Humongous regions: 8->8
[347.945s][info][gc,metaspace   ] GC(782) Metaspace: 18862K(19072K)->18862K(19072K) NonClass: 16195K(16320K)->16195K(16320K) Class: 2667K(2752K)->2667K(2752K)
[347.945s][info][gc             ] GC(782) Pause Young (Normal) (G1 Evacuation Pause) 886M->579M(978M) 82.057ms
[347.945s][info][gc,cpu         ] GC(782) User=0.16s Sys=0.00s Real=0.08s
[348.349s][info][gc,marking     ] GC(780) Concurrent Rebuild Remembered Sets and Scrub Regions 581.586ms
[348.349s][info][gc,start       ] GC(780) Pause Cleanup
[348.349s][info][gc             ] GC(780) Pause Cleanup 835M->835M(978M) 0.114ms
[348.349s][info][gc,cpu         ] GC(780) User=0.00s Sys=0.00s Real=0.00s
[348.349s][info][gc,marking     ] GC(780) Concurrent Clear Claimed Marks
[348.349s][info][gc,marking     ] GC(780) Concurrent Clear Claimed Marks 0.081ms
[348.349s][info][gc,marking     ] GC(780) Concurrent Cleanup for Next Mark
[348.352s][info][gc,marking     ] GC(780) Concurrent Cleanup for Next Mark 2.874ms
[348.352s][info][gc             ] GC(780) Concurrent Mark Cycle 2144.235ms
[348.383s][info][gc,start       ] GC(783) Pause Young (Prepare Mixed) (G1 Evacuation Pause)
[348.383s][info][gc,task        ] GC(783) Using 2 workers of 2 for evacuation
[348.440s][info][gc,phases      ] GC(783)   Pre Evacuate Collection Set: 0.27ms
[348.440s][info][gc,phases      ] GC(783)   Merge Heap Roots: 0.34ms
[348.440s][info][gc,phases      ] GC(783)   Evacuate Collection Set: 55.52ms
[348.440s][info][gc,phases      ] GC(783)   Post Evacuate Collection Set: 0.54ms
[348.440s][info][gc,phases      ] GC(783)   Other: 0.09ms
[348.440s][info][gc,heap        ] GC(783) Eden regions: 301->0(319)
[348.440s][info][gc,heap        ] GC(783) Survivor regions: 47->3(44)
[348.440s][info][gc,heap        ] GC(783) Old regions: 525->573
[348.440s][info][gc,heap        ] GC(783) Humongous regions: 8->8
[348.440s][info][gc,metaspace   ] GC(783) Metaspace: 18865K(19072K)->18865K(19072K) NonClass: 16197K(16320K)->16197K(16320K) Class: 2667K(2752K)->2667K(2752K)
[348.440s][info][gc             ] GC(783) Pause Young (Prepare Mixed) (G1 Evacuation Pause) 880M->583M(978M) 56.963ms
[348.440s][info][gc,cpu         ] GC(783) User=0.11s Sys=0.00s Real=0.05s
[348.887s][info][gc,start       ] GC(784) Pause Young (Mixed) (G1 Evacuation Pause)
[348.887s][info][gc,task        ] GC(784) Using 2 workers of 2 for evacuation
[348.922s][info][gc,phases      ] GC(784)   Pre Evacuate Collection Set: 0.31ms
[348.922s][info][gc,phases      ] GC(784)   Merge Heap Roots: 0.54ms
[348.922s][info][gc,phases      ] GC(784)   Evacuate Collection Set: 33.37ms
[348.922s][info][gc,phases      ] GC(784)   Post Evacuate Collection Set: 0.52ms
[348.922s][info][gc,phases      ] GC(784)   Other: 0.11ms
[348.922s][info][gc,heap        ] GC(784) Eden regions: 319->0(328)
[348.922s][info][gc,heap        ] GC(784) Survivor regions: 3->11(41)
[348.922s][info][gc,heap        ] GC(784) Old regions: 573->566
[348.922s][info][gc,heap        ] GC(784) Humongous regions: 8->8
[348.922s][info][gc,metaspace   ] GC(784) Metaspace: 18865K(19072K)->18865K(19072K) NonClass: 16198K(16320K)->16198K(16320K) Class: 2667K(2752K)->2667K(2752K)
[348.922s][info][gc             ] GC(784) Pause Young (Mixed) (G1 Evacuation Pause) 902M->584M(978M) 35.072ms
[348.922s][info][gc,cpu         ] GC(784) User=0.07s Sys=0.00s Real=0.03s
[349.864s][info][gc,start       ] GC(785) Pause Young (Concurrent Start) (G1 Evacuation Pause)
[349.864s][info][gc,task        ] GC(785) Using 2 workers of 2 for evacuation
[349.901s][info][gc,phases      ] GC(785)   Pre Evacuate Collection Set: 0.31ms
[349.901s][info][gc,phases      ] GC(785)   Merge Heap Roots: 0.29ms
[349.901s][info][gc,phases      ] GC(785)   Evacuate Collection Set: 35.68ms
[349.901s][info][gc,phases      ] GC(785)   Post Evacuate Collection Set: 0.61ms
[349.901s][info][gc,phases      ] GC(785)   Other: 0.11ms
[349.901s][info][gc,heap        ] GC(785) Eden regions: 328->0(290)
[349.901s][info][gc,heap        ] GC(785) Survivor regions: 11->32(43)
[349.901s][info][gc,heap        ] GC(785) Old regions: 566->566
[349.901s][info][gc,heap        ] GC(785) Humongous regions: 8->8
[349.901s][info][gc,metaspace   ] GC(785) Metaspace: 18865K(19072K)->18865K(19072K) NonClass: 16198K(16320K)->16198K(16320K) Class: 2667K(2752K)->2667K(2752K)
[349.901s][info][gc             ] GC(785) Pause Young (Concurrent Start) (G1 Evacuation Pause) 912M->605M(978M) 37.221ms
[349.901s][info][gc             ] GC(786) Concurrent Mark Cycle
[349.901s][info][gc,marking     ] GC(786) Concurrent Scan Root Regions
[349.901s][info][gc,cpu         ] GC(785) User=0.07s Sys=0.00s Real=0.03s
[349.961s][info][gc,marking     ] GC(786) Concurrent Scan Root Regions 60.065ms
[349.961s][info][gc,marking     ] GC(786) Concurrent Mark
[349.961s][info][gc,marking     ] GC(786) Concurrent Mark From Roots
[349.961s][info][gc,task        ] GC(786) Using 1 workers of 1 for marking
[351.513s][info][gc,marking     ] GC(786) Concurrent Mark From Roots 1551.982ms
[351.513s][info][gc,marking     ] GC(786) Concurrent Preclean
[351.513s][info][gc,marking     ] GC(786) Concurrent Preclean 0.036ms
[351.513s][info][gc,start       ] GC(786) Pause Remark
[351.521s][info][gc             ] GC(786) Pause Remark 885M->884M(978M) 7.545ms
[351.521s][info][gc,cpu         ] GC(786) User=0.02s Sys=0.00s Real=0.00s
[351.523s][info][gc,marking     ] GC(786) Concurrent Mark 1561.739ms
[351.523s][info][gc,marking     ] GC(786) Concurrent Rebuild Remembered Sets and Scrub Regions
[351.610s][info][gc,start       ] GC(787) Pause Young (Normal) (G1 Evacuation Pause)
[351.610s][info][gc,task        ] GC(787) Using 2 workers of 2 for evacuation
[351.645s][info][gc,phases      ] GC(787)   Pre Evacuate Collection Set: 0.29ms
[351.645s][info][gc,phases      ] GC(787)   Merge Heap Roots: 0.29ms
[351.645s][info][gc,phases      ] GC(787)   Evacuate Collection Set: 34.39ms
[351.645s][info][gc,phases      ] GC(787)   Post Evacuate Collection Set: 0.48ms
[351.645s][info][gc,phases      ] GC(787)   Other: 0.09ms
[351.645s][info][gc,heap        ] GC(787) Eden regions: 290->0(315)
[351.645s][info][gc,heap        ] GC(787) Survivor regions: 32->1(41)
[351.645s][info][gc,heap        ] GC(787) Old regions: 566->598
[351.645s][info][gc,heap        ] GC(787) Humongous regions: 7->7
[351.645s][info][gc,metaspace   ] GC(787) Metaspace: 18866K(19072K)->18866K(19072K) NonClass: 16199K(16320K)->16199K(16320K) Class: 2667K(2752K)->2667K(2752K)
[351.645s][info][gc             ] GC(787) Pause Young (Normal) (G1 Evacuation Pause) 894M->605M(978M) 35.720ms
[351.645s][info][gc,cpu         ] GC(787) User=0.07s Sys=0.00s Real=0.04s
[352.071s][info][gc,marking     ] GC(786) Concurrent Rebuild Remembered Sets and Scrub Regions 547.994ms
[352.072s][info][gc,start       ] GC(786) Pause Cleanup
[352.072s][info][gc             ] GC(786) Pause Cleanup 654M->654M(978M) 0.133ms
[352.072s][info][gc,cpu         ] GC(786) User=0.00s Sys=0.00s Real=0.00s
[352.072s][info][gc,marking     ] GC(786) Concurrent Clear Claimed Marks
[352.072s][info][gc,marking     ] GC(786) Concurrent Clear Claimed Marks 0.033ms
[352.072s][info][gc,marking     ] GC(786) Concurrent Cleanup for Next Mark
[352.075s][info][gc,marking     ] GC(786) Concurrent Cleanup for Next Mark 2.847ms
[352.075s][info][gc             ] GC(786) Concurrent Mark Cycle 2174.014ms
[353.177s][info][gc,start       ] GC(788) Pause Young (Prepare Mixed) (G1 Evacuation Pause)
[353.177s][info][gc,task        ] GC(788) Using 2 workers of 2 for evacuation
[353.183s][info][gc,phases      ] GC(788)   Pre Evacuate Collection Set: 0.46ms
[353.183s][info][gc,phases      ] GC(788)   Merge Heap Roots: 0.21ms
[353.183s][info][gc,phases      ] GC(788)   Evacuate Collection Set: 4.97ms
[353.183s][info][gc,phases      ] GC(788)   Post Evacuate Collection Set: 0.54ms
[353.183s][info][gc,phases      ] GC(788)   Other: 0.13ms
[353.183s][info][gc,heap        ] GC(788) Eden regions: 315->0(317)
[353.183s][info][gc,heap        ] GC(788) Survivor regions: 1->3(40)
[353.183s][info][gc,heap        ] GC(788) Old regions: 598->598
[353.183s][info][gc,heap        ] GC(788) Humongous regions: 7->7
[353.183s][info][gc,metaspace   ] GC(788) Metaspace: 18875K(19072K)->18875K(19072K) NonClass: 16208K(16320K)->16208K(16320K) Class: 2667K(2752K)->2667K(2752K)
[353.183s][info][gc             ] GC(788) Pause Young (Prepare Mixed) (G1 Evacuation Pause) 920M->606M(978M) 6.513ms
[353.183s][info][gc,cpu         ] GC(788) User=0.02s Sys=0.00s Real=0.01s
[353.844s][info][gc,start       ] GC(789) Pause Young (Mixed) (G1 Evacuation Pause)
[353.844s][info][gc,task        ] GC(789) Using 2 workers of 2 for evacuation
[353.915s][info][gc,phases      ] GC(789)   Pre Evacuate Collection Set: 0.50ms
[353.915s][info][gc,phases      ] GC(789)   Merge Heap Roots: 0.66ms
[353.915s][info][gc,phases      ] GC(789)   Evacuate Collection Set: 69.32ms
[353.915s][info][gc,phases      ] GC(789)   Post Evacuate Collection Set: 0.57ms
[353.915s][info][gc,phases      ] GC(789)   Other: 0.09ms
[353.915s][info][gc,heap        ] GC(789) Eden regions: 317->0(257)
[353.915s][info][gc,heap        ] GC(789) Survivor regions: 3->36(40)
[353.915s][info][gc,heap        ] GC(789) Old regions: 598->592
[353.915s][info][gc,heap        ] GC(789) Humongous regions: 7->7
[353.915s][info][gc,metaspace   ] GC(789) Metaspace: 18880K(19072K)->18880K(19072K) NonClass: 16213K(16320K)->16213K(16320K) Class: 2667K(2752K)->2667K(2752K)
[353.915s][info][gc             ] GC(789) Pause Young (Mixed) (G1 Evacuation Pause) 923M->634M(978M) 71.379ms
[353.915s][info][gc,cpu         ] GC(789) User=0.15s Sys=0.00s Real=0.07s
[354.149s][info][gc,start       ] GC(790) Pause Young (Concurrent Start) (G1 Evacuation Pause)
[354.149s][info][gc,task        ] GC(790) Using 2 workers of 2 for evacuation
[354.270s][info][gc,phases      ] GC(790)   Pre Evacuate Collection Set: 0.32ms
[354.270s][info][gc,phases      ] GC(790)   Merge Heap Roots: 0.13ms
[354.270s][info][gc,phases      ] GC(790)   Evacuate Collection Set: 108.93ms
[354.270s][info][gc,phases      ] GC(790)   Post Evacuate Collection Set: 11.46ms
[354.270s][info][gc,phases      ] GC(790)   Other: 0.12ms
[354.270s][info][gc,heap        ] GC(790) Eden regions: 257->0(72)
[354.270s][info][gc,heap        ] GC(790) Survivor regions: 36->37(37)
[354.270s][info][gc,heap        ] GC(790) Old regions: 592->775
[354.270s][info][gc,heap        ] GC(790) Humongous regions: 7->7
[354.270s][info][gc,metaspace   ] GC(790) Metaspace: 18884K(19072K)->18884K(19072K) NonClass: 16217K(16320K)->16217K(16320K) Class: 2667K(2752K)->2667K(2752K)
[354.270s][info][gc             ] GC(790) Pause Young (Concurrent Start) (G1 Evacuation Pause) (Evacuation Failure: Allocation) 891M->818M(978M) 121.225ms
[354.270s][info][gc             ] GC(791) Concurrent Mark Cycle
[354.270s][info][gc,marking     ] GC(791) Concurrent Scan Root Regions
[354.271s][info][gc,cpu         ] GC(790) User=0.25s Sys=0.00s Real=0.12s
[354.394s][info][gc,marking     ] GC(791) Concurrent Scan Root Regions 123.784ms
[354.394s][info][gc,marking     ] GC(791) Concurrent Mark
[354.394s][info][gc,marking     ] GC(791) Concurrent Mark From Roots
[354.394s][info][gc,task        ] GC(791) Using 1 workers of 1 for marking
[354.452s][info][gc,start       ] GC(792) Pause Young (Normal) (G1 Evacuation Pause)
[354.452s][info][gc,task        ] GC(792) Using 2 workers of 2 for evacuation
[354.545s][info][gc,phases      ] GC(792)   Pre Evacuate Collection Set: 0.57ms
[354.545s][info][gc,phases      ] GC(792)   Merge Heap Roots: 0.36ms
[354.545s][info][gc,phases      ] GC(792)   Evacuate Collection Set: 87.54ms
[354.545s][info][gc,phases      ] GC(792)   Post Evacuate Collection Set: 4.08ms
[354.545s][info][gc,phases      ] GC(792)   Other: 0.08ms
[354.545s][info][gc,heap        ] GC(792) Eden regions: 72->0(133)
[354.545s][info][gc,heap        ] GC(792) Survivor regions: 37->14(14)
[354.545s][info][gc,heap        ] GC(792) Old regions: 775->760
[354.545s][info][gc,heap        ] GC(792) Humongous regions: 7->7
[354.545s][info][gc,metaspace   ] GC(792) Metaspace: 18884K(19072K)->18884K(19072K) NonClass: 16217K(16320K)->16217K(16320K) Class: 2667K(2752K)->2667K(2752K)
[354.545s][info][gc             ] GC(792) Pause Young (Normal) (G1 Evacuation Pause) (Evacuation Failure: Allocation) 890M->780M(978M) 92.898ms
[354.545s][info][gc,cpu         ] GC(792) User=0.18s Sys=0.00s Real=0.10s
[354.771s][info][gc,start       ] GC(793) Pause Young (Normal) (G1 Evacuation Pause)
[354.771s][info][gc,task        ] GC(793) Using 2 workers of 2 for evacuation
[354.845s][info][gc,phases      ] GC(793)   Pre Evacuate Collection Set: 0.50ms
[354.846s][info][gc,phases      ] GC(793)   Merge Heap Roots: 1.02ms
[354.846s][info][gc,phases      ] GC(793)   Evacuate Collection Set: 71.63ms
[354.846s][info][gc,phases      ] GC(793)   Post Evacuate Collection Set: 0.80ms
[354.846s][info][gc,phases      ] GC(793)   Other: 0.08ms
[354.846s][info][gc,heap        ] GC(793) Eden regions: 133->0(135)
[354.846s][info][gc,heap        ] GC(793) Survivor regions: 14->19(19)
[354.846s][info][gc,heap        ] GC(793) Old regions: 760->747
[354.846s][info][gc,heap        ] GC(793) Humongous regions: 8->8
[354.846s][info][gc,metaspace   ] GC(793) Metaspace: 18886K(19072K)->18886K(19072K) NonClass: 16219K(16320K)->16219K(16320K) Class: 2667K(2752K)->2667K(2752K)
[354.846s][info][gc             ] GC(793) Pause Young (Normal) (G1 Evacuation Pause) 914M->773M(978M) 74.305ms
[354.846s][info][gc,cpu         ] GC(793) User=0.14s Sys=0.00s Real=0.08s
[355.130s][info][gc,start       ] GC(794) Pause Young (Normal) (G1 Evacuation Pause)
[355.130s][info][gc,task        ] GC(794) Using 2 workers of 2 for evacuation
[355.208s][info][gc,phases      ] GC(794)   Pre Evacuate Collection Set: 0.53ms
[355.208s][info][gc,phases      ] GC(794)   Merge Heap Roots: 0.90ms
[355.208s][info][gc,phases      ] GC(794)   Evacuate Collection Set: 75.94ms
[355.208s][info][gc,phases      ] GC(794)   Post Evacuate Collection Set: 0.42ms
[355.208s][info][gc,phases      ] GC(794)   Other: 0.10ms
[355.208s][info][gc,heap        ] GC(794) Eden regions: 135->0(110)
[355.208s][info][gc,heap        ] GC(794) Survivor regions: 19->20(20)
[355.208s][info][gc,heap        ] GC(794) Old regions: 747->767
[355.208s][info][gc,heap        ] GC(794) Humongous regions: 11->11
[355.208s][info][gc,metaspace   ] GC(794) Metaspace: 18895K(19136K)->18895K(19136K) NonClass: 16228K(16384K)->16228K(16384K) Class: 2667K(2752K)->2667K(2752K)
[355.208s][info][gc             ] GC(794) Pause Young (Normal) (G1 Evacuation Pause) 911M->797M(978M) 78.175ms
[355.208s][info][gc,cpu         ] GC(794) User=0.15s Sys=0.00s Real=0.08s
[355.342s][info][gc,start       ] GC(795) Pause Young (Normal) (G1 Evacuation Pause)
[355.342s][info][gc,task        ] GC(795) Using 2 workers of 2 for evacuation
[355.385s][info][gc,phases      ] GC(795)   Pre Evacuate Collection Set: 0.30ms
[355.385s][info][gc,phases      ] GC(795)   Merge Heap Roots: 0.13ms
[355.385s][info][gc,phases      ] GC(795)   Evacuate Collection Set: 42.58ms
[355.385s][info][gc,phases      ] GC(795)   Post Evacuate Collection Set: 0.37ms
[355.385s][info][gc,phases      ] GC(795)   Other: 0.11ms
[355.385s][info][gc,heap        ] GC(795) Eden regions: 110->0(105)
[355.385s][info][gc,heap        ] GC(795) Survivor regions: 20->12(17)
[355.385s][info][gc,heap        ] GC(795) Old regions: 767->788
[355.385s][info][gc,heap        ] GC(795) Humongous regions: 11->11
[355.385s][info][gc,metaspace   ] GC(795) Metaspace: 18895K(19136K)->18895K(19136K) NonClass: 16228K(16384K)->16228K(16384K) Class: 2667K(2752K)->2667K(2752K)
[355.386s][info][gc             ] GC(795) Pause Young (Normal) (G1 Evacuation Pause) 907M->810M(978M) 43.712ms
[355.386s][info][gc,cpu         ] GC(795) User=0.09s Sys=0.00s Real=0.05s
[355.562s][info][gc,start       ] GC(796) Pause Young (Normal) (G1 Evacuation Pause)
[355.562s][info][gc,task        ] GC(796) Using 2 workers of 2 for evacuation
[355.584s][info][gc,phases      ] GC(796)   Pre Evacuate Collection Set: 0.31ms
[355.584s][info][gc,phases      ] GC(796)   Merge Heap Roots: 0.13ms
[355.584s][info][gc,phases      ] GC(796)   Evacuate Collection Set: 21.13ms
[355.584s][info][gc,phases      ] GC(796)   Post Evacuate Collection Set: 0.34ms
[355.584s][info][gc,phases      ] GC(796)   Other: 0.09ms
[355.584s][info][gc,heap        ] GC(796) Eden regions: 105->0(101)
[355.584s][info][gc,heap        ] GC(796) Survivor regions: 12->8(15)
[355.584s][info][gc,heap        ] GC(796) Old regions: 788->800
[355.584s][info][gc,heap        ] GC(796) Humongous regions: 11->11
[355.584s][info][gc,metaspace   ] GC(796) Metaspace: 18895K(19136K)->18895K(19136K) NonClass: 16228K(16384K)->16228K(16384K) Class: 2667K(2752K)->2667K(2752K)
[355.584s][info][gc             ] GC(796) Pause Young (Normal) (G1 Evacuation Pause) 915M->818M(978M) 22.196ms
[355.584s][info][gc,cpu         ] GC(796) User=0.05s Sys=0.00s Real=0.03s
[355.706s][info][gc,start       ] GC(797) Pause Young (Normal) (G1 Evacuation Pause)
[355.706s][info][gc,task        ] GC(797) Using 2 workers of 2 for evacuation
[355.720s][info][gc,phases      ] GC(797)   Pre Evacuate Collection Set: 0.35ms
[355.720s][info][gc,phases      ] GC(797)   Merge Heap Roots: 0.15ms
[355.720s][info][gc,phases      ] GC(797)   Evacuate Collection Set: 12.87ms
[355.720s][info][gc,phases      ] GC(797)   Post Evacuate Collection Set: 0.32ms
[355.720s][info][gc,phases      ] GC(797)   Other: 0.08ms
[355.720s][info][gc,heap        ] GC(797) Eden regions: 101->0(103)
[355.720s][info][gc,heap        ] GC(797) Survivor regions: 8->3(14)
[355.720s][info][gc,heap        ] GC(797) Old regions: 800->808
[355.720s][info][gc,heap        ] GC(797) Humongous regions: 11->11
[355.720s][info][gc,metaspace   ] GC(797) Metaspace: 18895K(19136K)->18895K(19136K) NonClass: 16228K(16384K)->16228K(16384K) Class: 2667K(2752K)->2667K(2752K)
[355.720s][info][gc             ] GC(797) Pause Young (Normal) (G1 Evacuation Pause) 919M->821M(978M) 14.062ms
[355.720s][info][gc,cpu         ] GC(797) User=0.02s Sys=0.00s Real=0.01s
[355.869s][info][gc,start       ] GC(798) Pause Young (Normal) (G1 Evacuation Pause)
[355.869s][info][gc,task        ] GC(798) Using 2 workers of 2 for evacuation
[355.893s][info][gc,phases      ] GC(798)   Pre Evacuate Collection Set: 0.53ms
[355.893s][info][gc,phases      ] GC(798)   Merge Heap Roots: 0.13ms
[355.893s][info][gc,phases      ] GC(798)   Evacuate Collection Set: 23.46ms
[355.893s][info][gc,phases      ] GC(798)   Post Evacuate Collection Set: 0.35ms
[355.893s][info][gc,phases      ] GC(798)   Other: 0.07ms
[355.893s][info][gc,heap        ] GC(798) Eden regions: 103->0(72)
[355.893s][info][gc,heap        ] GC(798) Survivor regions: 3->14(14)
[355.893s][info][gc,heap        ] GC(798) Old regions: 808->817
[355.893s][info][gc,heap        ] GC(798) Humongous regions: 11->11
[355.893s][info][gc,metaspace   ] GC(798) Metaspace: 18895K(19136K)->18895K(19136K) NonClass: 16228K(16384K)->16228K(16384K) Class: 2667K(2752K)->2667K(2752K)
[355.893s][info][gc             ] GC(798) Pause Young (Normal) (G1 Evacuation Pause) 924M->841M(978M) 24.774ms
[355.893s][info][gc,cpu         ] GC(798) User=0.05s Sys=0.00s Real=0.03s
[355.972s][info][gc,start       ] GC(799) Pause Young (Normal) (G1 Evacuation Pause)
[355.972s][info][gc,task        ] GC(799) Using 2 workers of 2 for evacuation
[356.001s][info][gc,phases      ] GC(799)   Pre Evacuate Collection Set: 0.28ms
[356.001s][info][gc,phases      ] GC(799)   Merge Heap Roots: 0.10ms
[356.001s][info][gc,phases      ] GC(799)   Evacuate Collection Set: 28.13ms
[356.001s][info][gc,phases      ] GC(799)   Post Evacuate Collection Set: 0.33ms
[356.001s][info][gc,phases      ] GC(799)   Other: 0.08ms
[356.001s][info][gc,heap        ] GC(799) Eden regions: 72->0(59)
[356.001s][info][gc,heap        ] GC(799) Survivor regions: 14->11(11)
[356.001s][info][gc,heap        ] GC(799) Old regions: 817->836
[356.001s][info][gc,heap        ] GC(799) Humongous regions: 11->11
[356.001s][info][gc,metaspace   ] GC(799) Metaspace: 18896K(19136K)->18896K(19136K) NonClass: 16228K(16384K)->16228K(16384K) Class: 2667K(2752K)->2667K(2752K)
[356.001s][info][gc             ] GC(799) Pause Young (Normal) (G1 Evacuation Pause) 913M->857M(978M) 29.135ms
[356.001s][info][gc,cpu         ] GC(799) User=0.06s Sys=0.00s Real=0.03s
[356.056s][info][gc,start       ] GC(800) Pause Young (Normal) (G1 Evacuation Pause)
[356.056s][info][gc,task        ] GC(800) Using 2 workers of 2 for evacuation
[356.083s][info][gc,phases      ] GC(800)   Pre Evacuate Collection Set: 0.26ms
[356.083s][info][gc,phases      ] GC(800)   Merge Heap Roots: 0.12ms
[356.083s][info][gc,phases      ] GC(800)   Evacuate Collection Set: 26.38ms
[356.083s][info][gc,phases      ] GC(800)   Post Evacuate Collection Set: 0.33ms
[356.083s][info][gc,phases      ] GC(800)   Other: 0.10ms
[356.083s][info][gc,heap        ] GC(800) Eden regions: 59->0(43)
[356.083s][info][gc,heap        ] GC(800) Survivor regions: 11->9(9)
[356.083s][info][gc,heap        ] GC(800) Old regions: 836->856
[356.083s][info][gc,heap        ] GC(800) Humongous regions: 11->11
[356.083s][info][gc,metaspace   ] GC(800) Metaspace: 18896K(19136K)->18896K(19136K) NonClass: 16228K(16384K)->16228K(16384K) Class: 2667K(2752K)->2667K(2752K)
[356.083s][info][gc             ] GC(800) Pause Young (Normal) (G1 Evacuation Pause) 916M->875M(978M) 27.399ms
[356.083s][info][gc,cpu         ] GC(800) User=0.05s Sys=0.00s Real=0.03s
[356.145s][info][gc,start       ] GC(801) Pause Young (Normal) (G1 Evacuation Pause)
[356.145s][info][gc,task        ] GC(801) Using 2 workers of 2 for evacuation
[356.161s][info][gc,phases      ] GC(801)   Pre Evacuate Collection Set: 0.31ms
[356.161s][info][gc,phases      ] GC(801)   Merge Heap Roots: 0.18ms
[356.161s][info][gc,phases      ] GC(801)   Evacuate Collection Set: 15.32ms
[356.161s][info][gc,phases      ] GC(801)   Post Evacuate Collection Set: 0.26ms
[356.161s][info][gc,phases      ] GC(801)   Other: 0.09ms
[356.161s][info][gc,heap        ] GC(801) Eden regions: 43->0(43)
[356.161s][info][gc,heap        ] GC(801) Survivor regions: 9->5(7)
[356.161s][info][gc,heap        ] GC(801) Old regions: 856->865
[356.161s][info][gc,heap        ] GC(801) Humongous regions: 11->11
[356.161s][info][gc,metaspace   ] GC(801) Metaspace: 18896K(19136K)->18896K(19136K) NonClass: 16228K(16384K)->16228K(16384K) Class: 2667K(2752K)->2667K(2752K)
[356.161s][info][gc             ] GC(801) Pause Young (Normal) (G1 Evacuation Pause) 918M->880M(978M) 16.406ms
[356.162s][info][gc,cpu         ] GC(801) User=0.04s Sys=0.00s Real=0.01s
[356.215s][info][gc,start       ] GC(802) Pause Young (Normal) (G1 Evacuation Pause)
[356.215s][info][gc,task        ] GC(802) Using 2 workers of 2 for evacuation
[356.225s][info][gc,phases      ] GC(802)   Pre Evacuate Collection Set: 0.48ms
[356.226s][info][gc,phases      ] GC(802)   Merge Heap Roots: 0.17ms
[356.226s][info][gc,phases      ] GC(802)   Evacuate Collection Set: 9.11ms
[356.226s][info][gc,phases      ] GC(802)   Post Evacuate Collection Set: 0.31ms
[356.226s][info][gc,phases      ] GC(802)   Other: 0.08ms
[356.226s][info][gc,heap        ] GC(802) Eden regions: 43->0(46)
[356.226s][info][gc,heap        ] GC(802) Survivor regions: 5->2(6)
[356.226s][info][gc,heap        ] GC(802) Old regions: 865->870
[356.226s][info][gc,heap        ] GC(802) Humongous regions: 11->11
[356.226s][info][gc,metaspace   ] GC(802) Metaspace: 18896K(19136K)->18896K(19136K) NonClass: 16228K(16384K)->16228K(16384K) Class: 2667K(2752K)->2667K(2752K)
[356.226s][info][gc             ] GC(802) Pause Young (Normal) (G1 Evacuation Pause) 923M->882M(978M) 10.316ms
[356.226s][info][gc,cpu         ] GC(802) User=0.02s Sys=0.00s Real=0.01s
[356.271s][info][gc,start       ] GC(803) Pause Young (Normal) (G1 Evacuation Pause)
[356.271s][info][gc,task        ] GC(803) Using 2 workers of 2 for evacuation
[356.281s][info][gc,phases      ] GC(803)   Pre Evacuate Collection Set: 0.25ms
[356.281s][info][gc,phases      ] GC(803)   Merge Heap Roots: 0.23ms
[356.281s][info][gc,phases      ] GC(803)   Evacuate Collection Set: 9.25ms
[356.281s][info][gc,phases      ] GC(803)   Post Evacuate Collection Set: 0.33ms
[356.281s][info][gc,phases      ] GC(803)   Other: 0.08ms
[356.281s][info][gc,heap        ] GC(803) Eden regions: 46->0(45)
[356.281s][info][gc,heap        ] GC(803) Survivor regions: 2->3(6)
[356.281s][info][gc,heap        ] GC(803) Old regions: 870->870
[356.281s][info][gc,heap        ] GC(803) Humongous regions: 11->11
[356.281s][info][gc,metaspace   ] GC(803) Metaspace: 18896K(19136K)->18896K(19136K) NonClass: 16228K(16384K)->16228K(16384K) Class: 2667K(2752K)->2667K(2752K)
[356.281s][info][gc             ] GC(803) Pause Young (Normal) (G1 Evacuation Pause) 928M->883M(978M) 10.359ms
[356.281s][info][gc,cpu         ] GC(803) User=0.02s Sys=0.00s Real=0.01s
[356.339s][info][gc,start       ] GC(804) Pause Young (Normal) (G1 Evacuation Pause)
[356.339s][info][gc,task        ] GC(804) Using 2 workers of 2 for evacuation
[356.358s][info][gc,phases      ] GC(804)   Pre Evacuate Collection Set: 0.29ms
[356.358s][info][gc,phases      ] GC(804)   Merge Heap Roots: 0.28ms
[356.358s][info][gc,phases      ] GC(804)   Evacuate Collection Set: 17.64ms
[356.358s][info][gc,phases      ] GC(804)   Post Evacuate Collection Set: 0.39ms
[356.358s][info][gc,phases      ] GC(804)   Other: 0.06ms
[356.358s][info][gc,heap        ] GC(804) Eden regions: 45->0(42)
[356.358s][info][gc,heap        ] GC(804) Survivor regions: 3->6(6)
[356.358s][info][gc,heap        ] GC(804) Old regions: 870->872
[356.358s][info][gc,heap        ] GC(804) Humongous regions: 12->12
[356.358s][info][gc,metaspace   ] GC(804) Metaspace: 18896K(19136K)->18896K(19136K) NonClass: 16228K(16384K)->16228K(16384K) Class: 2667K(2752K)->2667K(2752K)
[356.358s][info][gc             ] GC(804) Pause Young (Normal) (G1 Evacuation Pause) 929M->889M(978M) 18.892ms
[356.358s][info][gc,cpu         ] GC(804) User=0.04s Sys=0.00s Real=0.02s
[356.415s][info][gc,start       ] GC(805) Pause Young (Normal) (G1 Evacuation Pause)
[356.415s][info][gc,task        ] GC(805) Using 2 workers of 2 for evacuation
[356.435s][info][gc,phases      ] GC(805)   Pre Evacuate Collection Set: 0.28ms
[356.435s][info][gc,phases      ] GC(805)   Merge Heap Roots: 0.25ms
[356.435s][info][gc,phases      ] GC(805)   Evacuate Collection Set: 19.29ms
[356.435s][info][gc,phases      ] GC(805)   Post Evacuate Collection Set: 0.26ms
[356.435s][info][gc,phases      ] GC(805)   Other: 0.07ms
[356.435s][info][gc,heap        ] GC(805) Eden regions: 42->0(43)
[356.435s][info][gc,heap        ] GC(805) Survivor regions: 6->5(6)
[356.435s][info][gc,heap        ] GC(805) Old regions: 872->878
[356.435s][info][gc,heap        ] GC(805) Humongous regions: 12->12
[356.435s][info][gc,metaspace   ] GC(805) Metaspace: 18896K(19136K)->18896K(19136K) NonClass: 16228K(16384K)->16228K(16384K) Class: 2667K(2752K)->2667K(2752K)
[356.436s][info][gc             ] GC(805) Pause Young (Normal) (G1 Evacuation Pause) 931M->894M(978M) 20.338ms
[356.436s][info][gc,cpu         ] GC(805) User=0.04s Sys=0.00s Real=0.02s
[356.493s][info][gc,start       ] GC(806) Pause Young (Normal) (G1 Evacuation Pause)
[356.493s][info][gc,task        ] GC(806) Using 2 workers of 2 for evacuation
[356.499s][info][gc,phases      ] GC(806)   Pre Evacuate Collection Set: 0.28ms
[356.499s][info][gc,phases      ] GC(806)   Merge Heap Roots: 0.07ms
[356.499s][info][gc,phases      ] GC(806)   Evacuate Collection Set: 5.29ms
[356.499s][info][gc,phases      ] GC(806)   Post Evacuate Collection Set: 0.27ms
[356.499s][info][gc,phases      ] GC(806)   Other: 0.10ms
[356.499s][info][gc,heap        ] GC(806) Eden regions: 43->0(47)
[356.499s][info][gc,heap        ] GC(806) Survivor regions: 5->1(6)
[356.499s][info][gc,heap        ] GC(806) Old regions: 878->883
[356.499s][info][gc,heap        ] GC(806) Humongous regions: 12->12
[356.499s][info][gc,metaspace   ] GC(806) Metaspace: 18896K(19136K)->18896K(19136K) NonClass: 16228K(16384K)->16228K(16384K) Class: 2667K(2752K)->2667K(2752K)
[356.499s][info][gc             ] GC(806) Pause Young (Normal) (G1 Evacuation Pause) 937M->895M(978M) 6.225ms
[356.499s][info][gc,cpu         ] GC(806) User=0.00s Sys=0.00s Real=0.01s
[356.552s][info][gc,start       ] GC(807) Pause Young (Normal) (G1 Evacuation Pause)
[356.552s][info][gc,task        ] GC(807) Using 2 workers of 2 for evacuation
[356.557s][info][gc,phases      ] GC(807)   Pre Evacuate Collection Set: 0.27ms
[356.557s][info][gc,phases      ] GC(807)   Merge Heap Roots: 0.06ms
[356.557s][info][gc,phases      ] GC(807)   Evacuate Collection Set: 4.51ms
[356.557s][info][gc,phases      ] GC(807)   Post Evacuate Collection Set: 0.25ms
[356.557s][info][gc,phases      ] GC(807)   Other: 0.09ms
[356.557s][info][gc,heap        ] GC(807) Eden regions: 47->0(44)
[356.557s][info][gc,heap        ] GC(807) Survivor regions: 1->4(6)
[356.557s][info][gc,heap        ] GC(807) Old regions: 883->883
[356.557s][info][gc,heap        ] GC(807) Humongous regions: 12->12
[356.557s][info][gc,metaspace   ] GC(807) Metaspace: 18896K(19136K)->18896K(19136K) NonClass: 16228K(16384K)->16228K(16384K) Class: 2667K(2752K)->2667K(2752K)
[356.557s][info][gc             ] GC(807) Pause Young (Normal) (G1 Evacuation Pause) 942M->898M(978M) 5.365ms
[356.557s][info][gc,cpu         ] GC(807) User=0.01s Sys=0.00s Real=0.01s
[356.582s][info][gc,marking     ] GC(791) Concurrent Mark From Roots 2187.581ms
[356.582s][info][gc,marking     ] GC(791) Concurrent Preclean
[356.582s][info][gc,marking     ] GC(791) Concurrent Preclean 0.042ms
[356.582s][info][gc,start       ] GC(791) Pause Remark
[356.590s][info][gc             ] GC(791) Pause Remark 932M->852M(978M) 7.939ms
[356.590s][info][gc,cpu         ] GC(791) User=0.02s Sys=0.00s Real=0.01s
[356.590s][info][gc,marking     ] GC(791) Concurrent Mark 2195.805ms
[356.590s][info][gc,marking     ] GC(791) Concurrent Rebuild Remembered Sets and Scrub Regions
[356.599s][info][gc,start       ] GC(808) Pause Young (Normal) (G1 Evacuation Pause)
[356.600s][info][gc,task        ] GC(808) Using 2 workers of 2 for evacuation
[356.607s][info][gc,phases      ] GC(808)   Pre Evacuate Collection Set: 0.38ms
[356.607s][info][gc,phases      ] GC(808)   Merge Heap Roots: 0.08ms
[356.607s][info][gc,phases      ] GC(808)   Evacuate Collection Set: 6.84ms
[356.607s][info][gc,phases      ] GC(808)   Post Evacuate Collection Set: 0.25ms
[356.607s][info][gc,phases      ] GC(808)   Other: 0.06ms
[356.607s][info][gc,heap        ] GC(808) Eden regions: 44->0(100)
[356.607s][info][gc,heap        ] GC(808) Survivor regions: 4->6(6)
[356.607s][info][gc,heap        ] GC(808) Old regions: 805->806
[356.607s][info][gc,heap        ] GC(808) Humongous regions: 10->10
[356.607s][info][gc,metaspace   ] GC(808) Metaspace: 18896K(19136K)->18896K(19136K) NonClass: 16228K(16384K)->16228K(16384K) Class: 2667K(2752K)->2667K(2752K)
[356.607s][info][gc             ] GC(808) Pause Young (Normal) (G1 Evacuation Pause) 862M->821M(978M) 7.749ms
[356.607s][info][gc,cpu         ] GC(808) User=0.01s Sys=0.00s Real=0.01s
[356.687s][info][gc,start       ] GC(809) Pause Young (Normal) (G1 Evacuation Pause)
[356.687s][info][gc,task        ] GC(809) Using 2 workers of 2 for evacuation
[356.699s][info][gc,phases      ] GC(809)   Pre Evacuate Collection Set: 0.30ms
[356.699s][info][gc,phases      ] GC(809)   Merge Heap Roots: 0.10ms
[356.699s][info][gc,phases      ] GC(809)   Evacuate Collection Set: 11.05ms
[356.699s][info][gc,phases      ] GC(809)   Post Evacuate Collection Set: 0.33ms
[356.699s][info][gc,phases      ] GC(809)   Other: 0.08ms
[356.699s][info][gc,heap        ] GC(809) Eden regions: 100->0(94)
[356.699s][info][gc,heap        ] GC(809) Survivor regions: 6->9(14)
[356.699s][info][gc,heap        ] GC(809) Old regions: 806->806
[356.699s][info][gc,heap        ] GC(809) Humongous regions: 10->10
[356.699s][info][gc,metaspace   ] GC(809) Metaspace: 18896K(19136K)->18896K(19136K) NonClass: 16228K(16384K)->16228K(16384K) Class: 2667K(2752K)->2667K(2752K)
[356.699s][info][gc             ] GC(809) Pause Young (Normal) (G1 Evacuation Pause) 921M->823M(978M) 12.066ms
[356.699s][info][gc,cpu         ] GC(809) User=0.02s Sys=0.00s Real=0.01s
[356.863s][info][gc,start       ] GC(810) Pause Young (Normal) (G1 Evacuation Pause)
[356.863s][info][gc,task        ] GC(810) Using 2 workers of 2 for evacuation
[356.874s][info][gc,phases      ] GC(810)   Pre Evacuate Collection Set: 0.49ms
[356.874s][info][gc,phases      ] GC(810)   Merge Heap Roots: 0.10ms
[356.874s][info][gc,phases      ] GC(810)   Evacuate Collection Set: 10.06ms
[356.874s][info][gc,phases      ] GC(810)   Post Evacuate Collection Set: 0.32ms
[356.874s][info][gc,phases      ] GC(810)   Other: 0.07ms
[356.874s][info][gc,heap        ] GC(810) Eden regions: 94->0(97)
[356.874s][info][gc,heap        ] GC(810) Survivor regions: 9->6(13)
[356.874s][info][gc,heap        ] GC(810) Old regions: 806->809
[356.874s][info][gc,heap        ] GC(810) Humongous regions: 10->10
[356.874s][info][gc,metaspace   ] GC(810) Metaspace: 18896K(19136K)->18896K(19136K) NonClass: 16228K(16384K)->16228K(16384K) Class: 2667K(2752K)->2667K(2752K)
[356.874s][info][gc             ] GC(810) Pause Young (Normal) (G1 Evacuation Pause) 917M->824M(978M) 11.263ms
[356.874s][info][gc,cpu         ] GC(810) User=0.02s Sys=0.00s Real=0.01s
[357.266s][info][gc,start       ] GC(811) Pause Young (Normal) (G1 Evacuation Pause)
[357.266s][info][gc,task        ] GC(811) Using 2 workers of 2 for evacuation
[357.276s][info][gc,phases      ] GC(811)   Pre Evacuate Collection Set: 0.51ms
[357.276s][info][gc,phases      ] GC(811)   Merge Heap Roots: 0.14ms
[357.276s][info][gc,phases      ] GC(811)   Evacuate Collection Set: 9.16ms
[357.277s][info][gc,phases      ] GC(811)   Post Evacuate Collection Set: 0.34ms
[357.277s][info][gc,phases      ] GC(811)   Other: 0.10ms
[357.277s][info][gc,heap        ] GC(811) Eden regions: 97->0(93)
[357.277s][info][gc,heap        ] GC(811) Survivor regions: 6->8(13)
[357.277s][info][gc,heap        ] GC(811) Old regions: 809->809
[357.277s][info][gc,heap        ] GC(811) Humongous regions: 10->10
[357.277s][info][gc,metaspace   ] GC(811) Metaspace: 18896K(19136K)->18896K(19136K) NonClass: 16228K(16384K)->16228K(16384K) Class: 2667K(2752K)->2667K(2752K)
[357.277s][info][gc             ] GC(811) Pause Young (Normal) (G1 Evacuation Pause) 921M->826M(978M) 10.489ms
[357.277s][info][gc,cpu         ] GC(811) User=0.02s Sys=0.00s Real=0.01s
[357.345s][info][gc,marking     ] GC(791) Concurrent Rebuild Remembered Sets and Scrub Regions 755.123ms
[357.345s][info][gc,start       ] GC(791) Pause Cleanup
[357.345s][info][gc             ] GC(791) Pause Cleanup 853M->853M(978M) 0.135ms
[357.345s][info][gc,cpu         ] GC(791) User=0.00s Sys=0.00s Real=0.00s
[357.346s][info][gc,marking     ] GC(791) Concurrent Clear Claimed Marks
[357.346s][info][gc,marking     ] GC(791) Concurrent Clear Claimed Marks 0.033ms
[357.346s][info][gc,marking     ] GC(791) Concurrent Cleanup for Next Mark
[357.351s][info][gc,marking     ] GC(791) Concurrent Cleanup for Next Mark 5.180ms
[357.351s][info][gc             ] GC(791) Concurrent Mark Cycle 3080.677ms
[357.467s][info][gc,start       ] GC(812) Pause Young (Prepare Mixed) (G1 Evacuation Pause)
[357.467s][info][gc,task        ] GC(812) Using 2 workers of 2 for evacuation
[357.478s][info][gc,phases      ] GC(812)   Pre Evacuate Collection Set: 0.32ms
[357.478s][info][gc,phases      ] GC(812)   Merge Heap Roots: 0.18ms
[357.478s][info][gc,phases      ] GC(812)   Evacuate Collection Set: 9.36ms
[357.478s][info][gc,phases      ] GC(812)   Post Evacuate Collection Set: 0.35ms
[357.478s][info][gc,phases      ] GC(812)   Other: 0.08ms
[357.478s][info][gc,heap        ] GC(812) Eden regions: 93->0(95)
[357.478s][info][gc,heap        ] GC(812) Survivor regions: 8->6(13)
[357.478s][info][gc,heap        ] GC(812) Old regions: 809->811
[357.478s][info][gc,heap        ] GC(812) Humongous regions: 10->10
[357.478s][info][gc,metaspace   ] GC(812) Metaspace: 18896K(19136K)->18896K(19136K) NonClass: 16229K(16384K)->16229K(16384K) Class: 2667K(2752K)->2667K(2752K)
[357.478s][info][gc             ] GC(812) Pause Young (Prepare Mixed) (G1 Evacuation Pause) 919M->826M(978M) 10.514ms
[357.478s][info][gc,cpu         ] GC(812) User=0.02s Sys=0.00s Real=0.01s
[357.614s][info][gc,start       ] GC(813) Pause Young (Mixed) (G1 Evacuation Pause)
[357.614s][info][gc,task        ] GC(813) Using 2 workers of 2 for evacuation
[357.658s][info][gc,phases      ] GC(813)   Pre Evacuate Collection Set: 0.33ms
[357.658s][info][gc,phases      ] GC(813)   Merge Heap Roots: 0.29ms
[357.658s][info][gc,phases      ] GC(813)   Evacuate Collection Set: 42.33ms
[357.658s][info][gc,phases      ] GC(813)   Post Evacuate Collection Set: 0.37ms
[357.658s][info][gc,phases      ] GC(813)   Other: 0.09ms
[357.658s][info][gc,heap        ] GC(813) Eden regions: 95->0(91)
[357.658s][info][gc,heap        ] GC(813) Survivor regions: 6->13(13)
[357.658s][info][gc,heap        ] GC(813) Old regions: 811->801
[357.658s][info][gc,heap        ] GC(813) Humongous regions: 10->10
[357.658s][info][gc,metaspace   ] GC(813) Metaspace: 18896K(19136K)->18896K(19136K) NonClass: 16229K(16384K)->16229K(16384K) Class: 2667K(2752K)->2667K(2752K)
[357.658s][info][gc             ] GC(813) Pause Young (Mixed) (G1 Evacuation Pause) 921M->823M(978M) 43.630ms
[357.658s][info][gc,cpu         ] GC(813) User=0.09s Sys=0.00s Real=0.04s
[357.745s][info][gc,start       ] GC(814) Pause Young (Concurrent Start) (G1 Evacuation Pause)
[357.745s][info][gc,task        ] GC(814) Using 2 workers of 2 for evacuation
[357.791s][info][gc,phases      ] GC(814)   Pre Evacuate Collection Set: 0.36ms
[357.791s][info][gc,phases      ] GC(814)   Merge Heap Roots: 0.12ms
[357.791s][info][gc,phases      ] GC(814)   Evacuate Collection Set: 45.49ms
[357.791s][info][gc,phases      ] GC(814)   Post Evacuate Collection Set: 0.49ms
[357.791s][info][gc,phases      ] GC(814)   Other: 0.21ms
[357.791s][info][gc,heap        ] GC(814) Eden regions: 91->0(57)
[357.791s][info][gc,heap        ] GC(814) Survivor regions: 13->13(13)
[357.791s][info][gc,heap        ] GC(814) Old regions: 801->835
[357.791s][info][gc,heap        ] GC(814) Humongous regions: 10->10
[357.791s][info][gc,metaspace   ] GC(814) Metaspace: 18897K(19136K)->18897K(19136K) NonClass: 16230K(16384K)->16230K(16384K) Class: 2667K(2752K)->2667K(2752K)
[357.792s][info][gc             ] GC(814) Pause Young (Concurrent Start) (G1 Evacuation Pause) 914M->857M(978M) 46.883ms
[357.792s][info][gc             ] GC(815) Concurrent Mark Cycle
[357.792s][info][gc,marking     ] GC(815) Concurrent Scan Root Regions
[357.793s][info][gc,cpu         ] GC(814) User=0.09s Sys=0.00s Real=0.05s
[357.845s][info][gc,marking     ] GC(815) Concurrent Scan Root Regions 53.942ms
[357.846s][info][gc,marking     ] GC(815) Concurrent Mark
[357.846s][info][gc,marking     ] GC(815) Concurrent Mark From Roots
[357.846s][info][gc,task        ] GC(815) Using 1 workers of 1 for marking
[357.943s][info][gc,start       ] GC(816) Pause Young (Normal) (G1 Evacuation Pause)
[357.943s][info][gc,task        ] GC(816) Using 2 workers of 2 for evacuation
[357.977s][info][gc,phases      ] GC(816)   Pre Evacuate Collection Set: 0.52ms
[357.977s][info][gc,phases      ] GC(816)   Merge Heap Roots: 0.30ms
[357.977s][info][gc,phases      ] GC(816)   Evacuate Collection Set: 32.16ms
[357.977s][info][gc,phases      ] GC(816)   Post Evacuate Collection Set: 0.47ms
[357.977s][info][gc,phases      ] GC(816)   Other: 0.09ms
[357.977s][info][gc,heap        ] GC(816) Eden regions: 57->0(49)
[357.977s][info][gc,heap        ] GC(816) Survivor regions: 13->9(9)
[357.977s][info][gc,heap        ] GC(816) Old regions: 835->850
[357.977s][info][gc,heap        ] GC(816) Humongous regions: 11->11
[357.977s][info][gc,metaspace   ] GC(816) Metaspace: 18898K(19136K)->18898K(19136K) NonClass: 16231K(16384K)->16231K(16384K) Class: 2667K(2752K)->2667K(2752K)
[357.977s][info][gc             ] GC(816) Pause Young (Normal) (G1 Evacuation Pause) 915M->869M(978M) 33.761ms
[357.977s][info][gc,cpu         ] GC(816) User=0.06s Sys=0.00s Real=0.03s
[358.017s][info][gc,start       ] GC(817) Pause Young (Normal) (G1 Evacuation Pause)
[358.017s][info][gc,task        ] GC(817) Using 2 workers of 2 for evacuation
[358.037s][info][gc,phases      ] GC(817)   Pre Evacuate Collection Set: 0.29ms
[358.037s][info][gc,phases      ] GC(817)   Merge Heap Roots: 0.24ms
[358.037s][info][gc,phases      ] GC(817)   Evacuate Collection Set: 19.18ms
[358.037s][info][gc,phases      ] GC(817)   Post Evacuate Collection Set: 0.28ms
[358.037s][info][gc,phases      ] GC(817)   Other: 0.09ms
[358.037s][info][gc,heap        ] GC(817) Eden regions: 49->0(52)
[358.037s][info][gc,heap        ] GC(817) Survivor regions: 9->3(8)
[358.037s][info][gc,heap        ] GC(817) Old regions: 850->859
[358.037s][info][gc,heap        ] GC(817) Humongous regions: 11->11
[358.037s][info][gc,metaspace   ] GC(817) Metaspace: 18898K(19136K)->18898K(19136K) NonClass: 16231K(16384K)->16231K(16384K) Class: 2667K(2752K)->2667K(2752K)
[358.037s][info][gc             ] GC(817) Pause Young (Normal) (G1 Evacuation Pause) 918M->872M(978M) 20.278ms
[358.037s][info][gc,cpu         ] GC(817) User=0.04s Sys=0.01s Real=0.02s
[358.092s][info][gc,start       ] GC(818) Pause Young (Normal) (G1 Evacuation Pause)
[358.092s][info][gc,task        ] GC(818) Using 2 workers of 2 for evacuation
[358.100s][info][gc,phases      ] GC(818)   Pre Evacuate Collection Set: 0.29ms
[358.100s][info][gc,phases      ] GC(818)   Merge Heap Roots: 0.09ms
[358.100s][info][gc,phases      ] GC(818)   Evacuate Collection Set: 7.53ms
[358.100s][info][gc,phases      ] GC(818)   Post Evacuate Collection Set: 0.27ms
[358.100s][info][gc,phases      ] GC(818)   Other: 0.07ms
[358.100s][info][gc,heap        ] GC(818) Eden regions: 52->0(44)
[358.100s][info][gc,heap        ] GC(818) Survivor regions: 3->7(7)
[358.100s][info][gc,heap        ] GC(818) Old regions: 859->859
[358.100s][info][gc,heap        ] GC(818) Humongous regions: 11->11
[358.100s][info][gc,metaspace   ] GC(818) Metaspace: 18898K(19136K)->18898K(19136K) NonClass: 16231K(16384K)->16231K(16384K) Class: 2667K(2752K)->2667K(2752K)
[358.100s][info][gc             ] GC(818) Pause Young (Normal) (G1 Evacuation Pause) 924M->876M(978M) 8.439ms
[358.100s][info][gc,cpu         ] GC(818) User=0.01s Sys=0.00s Real=0.01s
[358.155s][info][gc,start       ] GC(819) Pause Young (Normal) (G1 Evacuation Pause)
[358.156s][info][gc,task        ] GC(819) Using 2 workers of 2 for evacuation
[358.163s][info][gc,phases      ] GC(819)   Pre Evacuate Collection Set: 0.30ms
[358.163s][info][gc,phases      ] GC(819)   Merge Heap Roots: 0.11ms
[358.163s][info][gc,phases      ] GC(819)   Evacuate Collection Set: 7.16ms
[358.163s][info][gc,phases      ] GC(819)   Post Evacuate Collection Set: 0.28ms
[358.163s][info][gc,phases      ] GC(819)   Other: 0.08ms
[358.163s][info][gc,heap        ] GC(819) Eden regions: 44->0(47)
[358.163s][info][gc,heap        ] GC(819) Survivor regions: 7->4(7)
[358.164s][info][gc,heap        ] GC(819) Old regions: 859->862
[358.164s][info][gc,heap        ] GC(819) Humongous regions: 11->11
[358.164s][info][gc,metaspace   ] GC(819) Metaspace: 18898K(19136K)->18898K(19136K) NonClass: 16231K(16384K)->16231K(16384K) Class: 2667K(2752K)->2667K(2752K)
[358.164s][info][gc             ] GC(819) Pause Young (Normal) (G1 Evacuation Pause) 920M->876M(978M) 8.118ms
[358.164s][info][gc,cpu         ] GC(819) User=0.02s Sys=0.00s Real=0.01s
[358.219s][info][gc,start       ] GC(820) Pause Young (Normal) (G1 Evacuation Pause)
[358.219s][info][gc,task        ] GC(820) Using 2 workers of 2 for evacuation
[358.225s][info][gc,phases      ] GC(820)   Pre Evacuate Collection Set: 0.28ms
[358.225s][info][gc,phases      ] GC(820)   Merge Heap Roots: 0.09ms
[358.225s][info][gc,phases      ] GC(820)   Evacuate Collection Set: 5.72ms
[358.225s][info][gc,phases      ] GC(820)   Post Evacuate Collection Set: 0.27ms
[358.225s][info][gc,phases      ] GC(820)   Other: 0.08ms
[358.225s][info][gc,heap        ] GC(820) Eden regions: 47->0(45)
[358.225s][info][gc,heap        ] GC(820) Survivor regions: 4->5(7)
[358.225s][info][gc,heap        ] GC(820) Old regions: 862->862
[358.225s][info][gc,heap        ] GC(820) Humongous regions: 11->11
[358.225s][info][gc,metaspace   ] GC(820) Metaspace: 18898K(19136K)->18898K(19136K) NonClass: 16231K(16384K)->16231K(16384K) Class: 2667K(2752K)->2667K(2752K)
[358.225s][info][gc             ] GC(820) Pause Young (Normal) (G1 Evacuation Pause) 923M->877M(978M) 6.626ms
[358.225s][info][gc,cpu         ] GC(820) User=0.02s Sys=0.00s Real=0.01s
[358.307s][info][gc,start       ] GC(821) Pause Young (Normal) (G1 Evacuation Pause)
[358.307s][info][gc,task        ] GC(821) Using 2 workers of 2 for evacuation
[358.313s][info][gc,phases      ] GC(821)   Pre Evacuate Collection Set: 0.50ms
[358.313s][info][gc,phases      ] GC(821)   Merge Heap Roots: 0.11ms
[358.313s][info][gc,phases      ] GC(821)   Evacuate Collection Set: 5.58ms
[358.313s][info][gc,phases      ] GC(821)   Post Evacuate Collection Set: 0.24ms
[358.313s][info][gc,phases      ] GC(821)   Other: 0.08ms
[358.313s][info][gc,heap        ] GC(821) Eden regions: 45->0(49)
[358.313s][info][gc,heap        ] GC(821) Survivor regions: 5->1(7)
[358.313s][info][gc,heap        ] GC(821) Old regions: 862->866
[358.313s][info][gc,heap        ] GC(821) Humongous regions: 11->11
[358.313s][info][gc,metaspace   ] GC(821) Metaspace: 18898K(19136K)->18898K(19136K) NonClass: 16231K(16384K)->16231K(16384K) Class: 2667K(2752K)->2667K(2752K)
[358.313s][info][gc             ] GC(821) Pause Young (Normal) (G1 Evacuation Pause) 922M->877M(978M) 6.693ms
[358.313s][info][gc,cpu         ] GC(821) User=0.01s Sys=0.00s Real=0.01s
[358.389s][info][gc,start       ] GC(822) Pause Young (Normal) (G1 Evacuation Pause)
[358.389s][info][gc,task        ] GC(822) Using 2 workers of 2 for evacuation
[358.393s][info][gc,phases      ] GC(822)   Pre Evacuate Collection Set: 0.51ms
[358.393s][info][gc,phases      ] GC(822)   Merge Heap Roots: 0.07ms
[358.393s][info][gc,phases      ] GC(822)   Evacuate Collection Set: 2.88ms
[358.393s][info][gc,phases      ] GC(822)   Post Evacuate Collection Set: 0.28ms
[358.393s][info][gc,phases      ] GC(822)   Other: 0.11ms
[358.393s][info][gc,heap        ] GC(822) Eden regions: 49->0(45)
[358.393s][info][gc,heap        ] GC(822) Survivor regions: 1->3(7)
[358.393s][info][gc,heap        ] GC(822) Old regions: 866->866
[358.393s][info][gc,heap        ] GC(822) Humongous regions: 11->11
[358.393s][info][gc,metaspace   ] GC(822) Metaspace: 18899K(19136K)->18899K(19136K) NonClass: 16231K(16384K)->16231K(16384K) Class: 2667K(2752K)->2667K(2752K)
[358.393s][info][gc             ] GC(822) Pause Young (Normal) (G1 Evacuation Pause) 926M->878M(978M) 4.042ms
[358.393s][info][gc,cpu         ] GC(822) User=0.01s Sys=0.00s Real=0.01s
[358.539s][info][gc,start       ] GC(823) Pause Young (Normal) (G1 Evacuation Pause)
[358.539s][info][gc,task        ] GC(823) Using 2 workers of 2 for evacuation
[358.543s][info][gc,phases      ] GC(823)   Pre Evacuate Collection Set: 0.33ms
[358.543s][info][gc,phases      ] GC(823)   Merge Heap Roots: 0.09ms
[358.543s][info][gc,phases      ] GC(823)   Evacuate Collection Set: 3.24ms
[358.543s][info][gc,phases      ] GC(823)   Post Evacuate Collection Set: 0.27ms
[358.543s][info][gc,phases      ] GC(823)   Other: 0.07ms
[358.543s][info][gc,heap        ] GC(823) Eden regions: 45->0(45)
[358.543s][info][gc,heap        ] GC(823) Survivor regions: 3->3(6)
[358.543s][info][gc,heap        ] GC(823) Old regions: 866->866
[358.543s][info][gc,heap        ] GC(823) Humongous regions: 11->11
[358.543s][info][gc,metaspace   ] GC(823) Metaspace: 18900K(19136K)->18900K(19136K) NonClass: 16233K(16384K)->16233K(16384K) Class: 2667K(2752K)->2667K(2752K)
[358.543s][info][gc             ] GC(823) Pause Young (Normal) (G1 Evacuation Pause) 923M->878M(978M) 4.225ms
[358.543s][info][gc,cpu         ] GC(823) User=0.01s Sys=0.00s Real=0.00s
[358.642s][info][gc,start       ] GC(824) Pause Young (Normal) (G1 Evacuation Pause)
[358.642s][info][gc,task        ] GC(824) Using 2 workers of 2 for evacuation
[358.646s][info][gc,phases      ] GC(824)   Pre Evacuate Collection Set: 0.29ms
[358.646s][info][gc,phases      ] GC(824)   Merge Heap Roots: 0.09ms
[358.646s][info][gc,phases      ] GC(824)   Evacuate Collection Set: 3.04ms
[358.646s][info][gc,phases      ] GC(824)   Post Evacuate Collection Set: 0.27ms
[358.646s][info][gc,phases      ] GC(824)   Other: 0.08ms
[358.646s][info][gc,heap        ] GC(824) Eden regions: 45->0(45)
[358.646s][info][gc,heap        ] GC(824) Survivor regions: 3->3(6)
[358.646s][info][gc,heap        ] GC(824) Old regions: 866->866
[358.646s][info][gc,heap        ] GC(824) Humongous regions: 11->11
[358.646s][info][gc,metaspace   ] GC(824) Metaspace: 18900K(19136K)->18900K(19136K) NonClass: 16233K(16384K)->16233K(16384K) Class: 2667K(2752K)->2667K(2752K)
[358.646s][info][gc             ] GC(824) Pause Young (Normal) (G1 Evacuation Pause) 923M->878M(978M) 4.007ms
[358.646s][info][gc,cpu         ] GC(824) User=0.01s Sys=0.00s Real=0.01s
[358.761s][info][gc,marking     ] GC(815) Concurrent Mark From Roots 915.847ms
[358.761s][info][gc,marking     ] GC(815) Concurrent Preclean
[358.761s][info][gc,marking     ] GC(815) Concurrent Preclean 0.043ms
[358.762s][info][gc,start       ] GC(815) Pause Remark
[358.770s][info][gc             ] GC(815) Pause Remark 918M->405M(978M) 8.276ms
[358.770s][info][gc,cpu         ] GC(815) User=0.01s Sys=0.00s Real=0.01s
[358.770s][info][gc,marking     ] GC(815) Concurrent Mark 924.471ms
[358.770s][info][gc,marking     ] GC(815) Concurrent Rebuild Remembered Sets and Scrub Regions
[358.794s][info][gc,start       ] GC(825) Pause Young (Normal) (G1 Evacuation Pause)
[358.794s][info][gc,task        ] GC(825) Using 2 workers of 2 for evacuation
[358.799s][info][gc,phases      ] GC(825)   Pre Evacuate Collection Set: 0.25ms
[358.799s][info][gc,phases      ] GC(825)   Merge Heap Roots: 0.08ms
[358.799s][info][gc,phases      ] GC(825)   Evacuate Collection Set: 3.88ms
[358.799s][info][gc,phases      ] GC(825)   Post Evacuate Collection Set: 0.26ms
[358.799s][info][gc,phases      ] GC(825)   Other: 0.06ms
[358.799s][info][gc,heap        ] GC(825) Eden regions: 45->0(504)
[358.799s][info][gc,heap        ] GC(825) Survivor regions: 3->3(6)
[358.799s][info][gc,heap        ] GC(825) Old regions: 360->360
[358.799s][info][gc,heap        ] GC(825) Humongous regions: 4->4
[358.799s][info][gc,metaspace   ] GC(825) Metaspace: 18903K(19136K)->18903K(19136K) NonClass: 16236K(16384K)->16236K(16384K) Class: 2667K(2752K)->2667K(2752K)
[358.799s][info][gc             ] GC(825) Pause Young (Normal) (G1 Evacuation Pause) 410M->365M(978M) 4.724ms
[358.799s][info][gc,cpu         ] GC(825) User=0.01s Sys=0.00s Real=0.00s
[358.976s][info][gc,marking     ] GC(815) Concurrent Rebuild Remembered Sets and Scrub Regions 206.285ms
[358.976s][info][gc,start       ] GC(815) Pause Cleanup
[358.977s][info][gc             ] GC(815) Pause Cleanup 431M->431M(978M) 0.095ms
[358.977s][info][gc,cpu         ] GC(815) User=0.00s Sys=0.00s Real=0.00s
[358.977s][info][gc,marking     ] GC(815) Concurrent Clear Claimed Marks
[358.977s][info][gc,marking     ] GC(815) Concurrent Clear Claimed Marks 0.030ms
[358.977s][info][gc,marking     ] GC(815) Concurrent Cleanup for Next Mark
[358.979s][info][gc,marking     ] GC(815) Concurrent Cleanup for Next Mark 2.816ms
[358.980s][info][gc             ] GC(815) Concurrent Mark Cycle 1187.964ms
[359.411s][info][gc,start       ] GC(826) Pause Young (Prepare Mixed) (G1 Evacuation Pause)
[359.411s][info][gc,task        ] GC(826) Using 2 workers of 2 for evacuation
[359.620s][info][gc,mmu         ] GC(826) MMU target violated: 201.0ms (200.0ms/201.0ms)
[359.620s][info][gc,phases      ] GC(826)   Pre Evacuate Collection Set: 0.33ms
[359.620s][info][gc,phases      ] GC(826)   Merge Heap Roots: 0.33ms
[359.620s][info][gc,phases      ] GC(826)   Evacuate Collection Set: 189.59ms
[359.620s][info][gc,phases      ] GC(826)   Post Evacuate Collection Set: 18.16ms
[359.620s][info][gc,phases      ] GC(826)   Other: 0.17ms
[359.620s][info][gc,heap        ] GC(826) Eden regions: 504->0(139)
[359.620s][info][gc,heap        ] GC(826) Survivor regions: 3->64(64)
[359.620s][info][gc,heap        ] GC(826) Old regions: 360->656
[359.620s][info][gc,heap        ] GC(826) Humongous regions: 5->5
[359.620s][info][gc,metaspace   ] GC(826) Metaspace: 18904K(19136K)->18904K(19136K) NonClass: 16237K(16384K)->16237K(16384K) Class: 2667K(2752K)->2667K(2752K)
[359.620s][info][gc             ] GC(826) Pause Young (Prepare Mixed) (G1 Evacuation Pause) (Evacuation Failure: Allocation) 870M->724M(978M) 208.772ms
[359.620s][info][gc,cpu         ] GC(826) User=0.41s Sys=0.00s Real=0.21s
[359.814s][info][gc,start       ] GC(827) Pause Young (Mixed) (G1 Evacuation Pause)
[359.814s][info][gc,task        ] GC(827) Using 2 workers of 2 for evacuation
[359.924s][info][gc,phases      ] GC(827)   Pre Evacuate Collection Set: 0.42ms
[359.924s][info][gc,phases      ] GC(827)   Merge Heap Roots: 0.62ms
[359.924s][info][gc,phases      ] GC(827)   Evacuate Collection Set: 108.18ms
[359.924s][info][gc,phases      ] GC(827)   Post Evacuate Collection Set: 0.70ms
[359.924s][info][gc,phases      ] GC(827)   Other: 0.09ms
[359.924s][info][gc,heap        ] GC(827) Eden regions: 139->0(340)
[359.924s][info][gc,heap        ] GC(827) Survivor regions: 64->5(26)
[359.924s][info][gc,heap        ] GC(827) Old regions: 656->530
[359.924s][info][gc,heap        ] GC(827) Humongous regions: 5->5
[359.924s][info][gc,metaspace   ] GC(827) Metaspace: 18910K(19136K)->18910K(19136K) NonClass: 16243K(16384K)->16243K(16384K) Class: 2667K(2752K)->2667K(2752K)
[359.924s][info][gc             ] GC(827) Pause Young (Mixed) (G1 Evacuation Pause) 863M->539M(978M) 110.245ms
[359.925s][info][gc,cpu         ] GC(827) User=0.21s Sys=0.00s Real=0.11s
[360.211s][info][gc,start       ] GC(828) Pause Young (Concurrent Start) (G1 Evacuation Pause)
[360.211s][info][gc,task        ] GC(828) Using 2 workers of 2 for evacuation
[360.332s][info][gc,phases      ] GC(828)   Pre Evacuate Collection Set: 0.53ms
[360.332s][info][gc,phases      ] GC(828)   Merge Heap Roots: 0.38ms
[360.332s][info][gc,phases      ] GC(828)   Evacuate Collection Set: 114.18ms
[360.332s][info][gc,phases      ] GC(828)   Post Evacuate Collection Set: 6.26ms
[360.332s][info][gc,phases      ] GC(828)   Other: 0.21ms
[360.333s][info][gc,heap        ] GC(828) Eden regions: 340->0(191)
[360.333s][info][gc,heap        ] GC(828) Survivor regions: 5->44(44)
[360.333s][info][gc,heap        ] GC(828) Old regions: 530->636
[360.333s][info][gc,heap        ] GC(828) Humongous regions: 5->5
[360.333s][info][gc,metaspace   ] GC(828) Metaspace: 18910K(19136K)->18910K(19136K) NonClass: 16243K(16384K)->16243K(16384K) Class: 2667K(2752K)->2667K(2752K)
[360.333s][info][gc             ] GC(828) Pause Young (Concurrent Start) (G1 Evacuation Pause) (Evacuation Failure: Allocation) 879M->684M(978M) 121.876ms
[360.333s][info][gc,cpu         ] GC(828) User=0.24s Sys=0.00s Real=0.12s
[360.333s][info][gc             ] GC(829) Concurrent Mark Cycle
[360.333s][info][gc,marking     ] GC(829) Concurrent Scan Root Regions
[360.508s][info][gc,marking     ] GC(829) Concurrent Scan Root Regions 175.250ms
[360.508s][info][gc,marking     ] GC(829) Concurrent Mark
[360.508s][info][gc,marking     ] GC(829) Concurrent Mark From Roots
[360.508s][info][gc,task        ] GC(829) Using 1 workers of 1 for marking
[360.609s][info][gc,start       ] GC(830) Pause Young (Normal) (G1 Evacuation Pause)
[360.610s][info][gc,task        ] GC(830) Using 2 workers of 2 for evacuation
[360.746s][info][gc,phases      ] GC(830)   Pre Evacuate Collection Set: 0.36ms
[360.746s][info][gc,phases      ] GC(830)   Merge Heap Roots: 0.37ms
[360.746s][info][gc,phases      ] GC(830)   Evacuate Collection Set: 124.93ms
[360.746s][info][gc,phases      ] GC(830)   Post Evacuate Collection Set: 10.84ms
[360.746s][info][gc,phases      ] GC(830)   Other: 0.10ms
[360.746s][info][gc,heap        ] GC(830) Eden regions: 191->0(116)
[360.746s][info][gc,heap        ] GC(830) Survivor regions: 44->30(30)
[360.746s][info][gc,heap        ] GC(830) Old regions: 636->747
[360.746s][info][gc,heap        ] GC(830) Humongous regions: 5->5
[360.746s][info][gc,metaspace   ] GC(830) Metaspace: 18910K(19136K)->18910K(19136K) NonClass: 16243K(16384K)->16243K(16384K) Class: 2667K(2752K)->2667K(2752K)
[360.746s][info][gc             ] GC(830) Pause Young (Normal) (G1 Evacuation Pause) (Evacuation Failure: Allocation) 875M->781M(978M) 136.843ms
[360.746s][info][gc,cpu         ] GC(830) User=0.28s Sys=0.00s Real=0.14s
[360.839s][info][gc,start       ] GC(831) Pause Young (Normal) (G1 Evacuation Pause)
[360.839s][info][gc,task        ] GC(831) Using 2 workers of 2 for evacuation
[360.911s][info][gc,phases      ] GC(831)   Pre Evacuate Collection Set: 0.34ms
[360.911s][info][gc,phases      ] GC(831)   Merge Heap Roots: 0.40ms
[360.911s][info][gc,phases      ] GC(831)   Evacuate Collection Set: 69.26ms
[360.911s][info][gc,phases      ] GC(831)   Post Evacuate Collection Set: 1.90ms
[360.911s][info][gc,phases      ] GC(831)   Other: 0.08ms
[360.911s][info][gc,heap        ] GC(831) Eden regions: 116->0(164)
[360.911s][info][gc,heap        ] GC(831) Survivor regions: 30->14(19)
[360.911s][info][gc,heap        ] GC(831) Old regions: 747->710
[360.911s][info][gc,heap        ] GC(831) Humongous regions: 5->5
[360.911s][info][gc,metaspace   ] GC(831) Metaspace: 18910K(19136K)->18910K(19136K) NonClass: 16243K(16384K)->16243K(16384K) Class: 2667K(2752K)->2667K(2752K)
[360.911s][info][gc             ] GC(831) Pause Young (Normal) (G1 Evacuation Pause) (Evacuation Failure: Allocation) 897M->728M(978M) 72.209ms
[360.911s][info][gc,cpu         ] GC(831) User=0.14s Sys=0.00s Real=0.07s
[361.196s][info][gc,start       ] GC(832) Pause Young (Normal) (G1 Evacuation Pause)
[361.197s][info][gc,task        ] GC(832) Using 2 workers of 2 for evacuation
[361.256s][info][gc,phases      ] GC(832)   Pre Evacuate Collection Set: 0.59ms
[361.256s][info][gc,phases      ] GC(832)   Merge Heap Roots: 0.44ms
[361.256s][info][gc,phases      ] GC(832)   Evacuate Collection Set: 57.88ms
[361.256s][info][gc,phases      ] GC(832)   Post Evacuate Collection Set: 0.58ms
[361.256s][info][gc,phases      ] GC(832)   Other: 0.10ms
[361.256s][info][gc,heap        ] GC(832) Eden regions: 164->0(160)
[361.256s][info][gc,heap        ] GC(832) Survivor regions: 14->23(23)
[361.256s][info][gc,heap        ] GC(832) Old regions: 710->705
[361.256s][info][gc,heap        ] GC(832) Humongous regions: 8->8
[361.256s][info][gc,metaspace   ] GC(832) Metaspace: 18910K(19136K)->18910K(19136K) NonClass: 16243K(16384K)->16243K(16384K) Class: 2667K(2752K)->2667K(2752K)
[361.256s][info][gc             ] GC(832) Pause Young (Normal) (G1 Evacuation Pause) 895M->735M(978M) 59.890ms
[361.256s][info][gc,cpu         ] GC(832) User=0.11s Sys=0.00s Real=0.06s
[361.552s][info][gc,start       ] GC(833) Pause Young (Normal) (G1 Evacuation Pause)
[361.552s][info][gc,task        ] GC(833) Using 2 workers of 2 for evacuation
[361.639s][info][gc,phases      ] GC(833)   Pre Evacuate Collection Set: 0.53ms
[361.640s][info][gc,phases      ] GC(833)   Merge Heap Roots: 0.51ms
[361.640s][info][gc,phases      ] GC(833)   Evacuate Collection Set: 86.01ms
[361.640s][info][gc,phases      ] GC(833)   Post Evacuate Collection Set: 0.49ms
[361.640s][info][gc,phases      ] GC(833)   Other: 0.09ms
[361.640s][info][gc,heap        ] GC(833) Eden regions: 160->0(133)
[361.640s][info][gc,heap        ] GC(833) Survivor regions: 23->23(23)
[361.640s][info][gc,heap        ] GC(833) Old regions: 705->735
[361.640s][info][gc,heap        ] GC(833) Humongous regions: 11->11
[361.640s][info][gc,metaspace   ] GC(833) Metaspace: 18910K(19136K)->18910K(19136K) NonClass: 16243K(16384K)->16243K(16384K) Class: 2667K(2752K)->2667K(2752K)
[361.640s][info][gc             ] GC(833) Pause Young (Normal) (G1 Evacuation Pause) 898M->768M(978M) 87.825ms
[361.640s][info][gc,cpu         ] GC(833) User=0.17s Sys=0.00s Real=0.09s
[361.774s][info][gc,marking     ] GC(829) Concurrent Mark From Roots 1265.676ms
[361.774s][info][gc,marking     ] GC(829) Concurrent Preclean
[361.774s][info][gc,marking     ] GC(829) Concurrent Preclean 0.050ms
[361.774s][info][gc,start       ] GC(829) Pause Remark
[361.782s][info][gc             ] GC(829) Pause Remark 874M->780M(978M) 7.873ms
[361.782s][info][gc,cpu         ] GC(829) User=0.02s Sys=0.00s Real=0.00s
[361.782s][info][gc,marking     ] GC(829) Concurrent Mark 1273.909ms
[361.782s][info][gc,marking     ] GC(829) Concurrent Rebuild Remembered Sets and Scrub Regions
[361.827s][info][gc,start       ] GC(834) Pause Young (Normal) (G1 Evacuation Pause)
[361.827s][info][gc,task        ] GC(834) Using 2 workers of 2 for evacuation
[361.893s][info][gc,phases      ] GC(834)   Pre Evacuate Collection Set: 0.41ms
[361.893s][info][gc,phases      ] GC(834)   Merge Heap Roots: 0.47ms
[361.893s][info][gc,phases      ] GC(834)   Evacuate Collection Set: 65.05ms
[361.893s][info][gc,phases      ] GC(834)   Post Evacuate Collection Set: 0.37ms
[361.893s][info][gc,phases      ] GC(834)   Other: 0.07ms
[361.893s][info][gc,heap        ] GC(834) Eden regions: 133->0(171)
[361.893s][info][gc,heap        ] GC(834) Survivor regions: 23->20(20)
[361.893s][info][gc,heap        ] GC(834) Old regions: 643->678
[361.893s][info][gc,heap        ] GC(834) Humongous regions: 9->9
[361.893s][info][gc,metaspace   ] GC(834) Metaspace: 18910K(19136K)->18910K(19136K) NonClass: 16243K(16384K)->16243K(16384K) Class: 2667K(2752K)->2667K(2752K)
[361.893s][info][gc             ] GC(834) Pause Young (Normal) (G1 Evacuation Pause) 807M->706M(978M) 66.562ms
[361.893s][info][gc,cpu         ] GC(834) User=0.13s Sys=0.00s Real=0.07s
[362.060s][info][gc,start       ] GC(835) Pause Young (Normal) (G1 Evacuation Pause)
[362.060s][info][gc,task        ] GC(835) Using 2 workers of 2 for evacuation
[362.103s][info][gc,phases      ] GC(835)   Pre Evacuate Collection Set: 0.26ms
[362.103s][info][gc,phases      ] GC(835)   Merge Heap Roots: 0.24ms
[362.103s][info][gc,phases      ] GC(835)   Evacuate Collection Set: 41.44ms
[362.103s][info][gc,phases      ] GC(835)   Post Evacuate Collection Set: 0.38ms
[362.103s][info][gc,phases      ] GC(835)   Other: 0.08ms
[362.103s][info][gc,heap        ] GC(835) Eden regions: 171->0(163)
[362.103s][info][gc,heap        ] GC(835) Survivor regions: 20->19(24)
[362.103s][info][gc,heap        ] GC(835) Old regions: 678->698
[362.103s][info][gc,heap        ] GC(835) Humongous regions: 9->9
[362.103s][info][gc,metaspace   ] GC(835) Metaspace: 18910K(19136K)->18910K(19136K) NonClass: 16243K(16384K)->16243K(16384K) Class: 2667K(2752K)->2667K(2752K)
[362.103s][info][gc             ] GC(835) Pause Young (Normal) (G1 Evacuation Pause) 877M->725M(978M) 42.659ms
[362.103s][info][gc,cpu         ] GC(835) User=0.09s Sys=0.00s Real=0.05s
[362.261s][info][gc,start       ] GC(836) Pause Young (Normal) (G1 Evacuation Pause)
[362.261s][info][gc,task        ] GC(836) Using 2 workers of 2 for evacuation
[362.289s][info][gc,phases      ] GC(836)   Pre Evacuate Collection Set: 0.27ms
[362.289s][info][gc,phases      ] GC(836)   Merge Heap Roots: 0.25ms
[362.289s][info][gc,phases      ] GC(836)   Evacuate Collection Set: 26.82ms
[362.289s][info][gc,phases      ] GC(836)   Post Evacuate Collection Set: 0.35ms
[362.289s][info][gc,phases      ] GC(836)   Other: 0.09ms
[362.289s][info][gc,heap        ] GC(836) Eden regions: 163->0(175)
[362.289s][info][gc,heap        ] GC(836) Survivor regions: 19->2(23)
[362.289s][info][gc,heap        ] GC(836) Old regions: 698->716
[362.289s][info][gc,heap        ] GC(836) Humongous regions: 9->9
[362.289s][info][gc,metaspace   ] GC(836) Metaspace: 18910K(19136K)->18910K(19136K) NonClass: 16243K(16384K)->16243K(16384K) Class: 2667K(2752K)->2667K(2752K)
[362.289s][info][gc             ] GC(836) Pause Young (Normal) (G1 Evacuation Pause) 888M->726M(978M) 28.009ms
[362.289s][info][gc,cpu         ] GC(836) User=0.05s Sys=0.00s Real=0.03s
[362.425s][info][gc,marking     ] GC(829) Concurrent Rebuild Remembered Sets and Scrub Regions 642.947ms
[362.425s][info][gc,start       ] GC(829) Pause Cleanup
[362.425s][info][gc             ] GC(829) Pause Cleanup 861M->861M(978M) 0.145ms
[362.425s][info][gc,cpu         ] GC(829) User=0.00s Sys=0.00s Real=0.00s
[362.425s][info][gc,marking     ] GC(829) Concurrent Clear Claimed Marks
[362.425s][info][gc,marking     ] GC(829) Concurrent Clear Claimed Marks 0.034ms
[362.425s][info][gc,marking     ] GC(829) Concurrent Cleanup for Next Mark
[362.432s][info][gc,marking     ] GC(829) Concurrent Cleanup for Next Mark 6.398ms
[362.432s][info][gc             ] GC(829) Concurrent Mark Cycle 2099.189ms
[362.453s][info][gc,start       ] GC(837) Pause Young (Prepare Mixed) (G1 Evacuation Pause)
[362.453s][info][gc,task        ] GC(837) Using 2 workers of 2 for evacuation
[362.473s][info][gc,phases      ] GC(837)   Pre Evacuate Collection Set: 0.46ms
[362.473s][info][gc,phases      ] GC(837)   Merge Heap Roots: 0.28ms
[362.473s][info][gc,phases      ] GC(837)   Evacuate Collection Set: 18.44ms
[362.473s][info][gc,phases      ] GC(837)   Post Evacuate Collection Set: 0.39ms
[362.473s][info][gc,phases      ] GC(837)   Other: 0.08ms
[362.473s][info][gc,heap        ] GC(837) Eden regions: 175->0(178)
[362.473s][info][gc,heap        ] GC(837) Survivor regions: 2->9(23)
[362.473s][info][gc,heap        ] GC(837) Old regions: 716->716
[362.473s][info][gc,heap        ] GC(837) Humongous regions: 9->9
[362.473s][info][gc,metaspace   ] GC(837) Metaspace: 18910K(19136K)->18910K(19136K) NonClass: 16243K(16384K)->16243K(16384K) Class: 2667K(2752K)->2667K(2752K)
[362.473s][info][gc             ] GC(837) Pause Young (Prepare Mixed) (G1 Evacuation Pause) 901M->733M(978M) 19.856ms
[362.473s][info][gc,cpu         ] GC(837) User=0.04s Sys=0.01s Real=0.02s
[362.625s][info][gc,start       ] GC(838) Pause Young (Mixed) (G1 Evacuation Pause)
[362.625s][info][gc,task        ] GC(838) Using 2 workers of 2 for evacuation
[362.661s][info][gc,phases      ] GC(838)   Pre Evacuate Collection Set: 0.34ms
[362.661s][info][gc,phases      ] GC(838)   Merge Heap Roots: 0.35ms
[362.661s][info][gc,phases      ] GC(838)   Evacuate Collection Set: 34.90ms
[362.661s][info][gc,phases      ] GC(838)   Post Evacuate Collection Set: 0.50ms
[362.661s][info][gc,phases      ] GC(838)   Other: 0.11ms
[362.661s][info][gc,heap        ] GC(838) Eden regions: 178->0(220)
[362.661s][info][gc,heap        ] GC(838) Survivor regions: 9->22(24)
[362.661s][info][gc,heap        ] GC(838) Old regions: 716->644
[362.661s][info][gc,heap        ] GC(838) Humongous regions: 9->9
[362.661s][info][gc,metaspace   ] GC(838) Metaspace: 18910K(19136K)->18910K(19136K) NonClass: 16243K(16384K)->16243K(16384K) Class: 2667K(2752K)->2667K(2752K)
[362.661s][info][gc             ] GC(838) Pause Young (Mixed) (G1 Evacuation Pause) 911M->674M(978M) 36.424ms
[362.661s][info][gc,cpu         ] GC(838) User=0.07s Sys=0.00s Real=0.03s
[363.110s][info][gc,start       ] GC(839) Pause Young (Concurrent Start) (G1 Evacuation Pause)
[363.110s][info][gc,task        ] GC(839) Using 2 workers of 2 for evacuation
[363.169s][info][gc,phases      ] GC(839)   Pre Evacuate Collection Set: 0.31ms
[363.169s][info][gc,phases      ] GC(839)   Merge Heap Roots: 0.32ms
[363.169s][info][gc,phases      ] GC(839)   Evacuate Collection Set: 57.51ms
[363.169s][info][gc,phases      ] GC(839)   Post Evacuate Collection Set: 0.49ms
[363.169s][info][gc,phases      ] GC(839)   Other: 0.13ms
[363.169s][info][gc,heap        ] GC(839) Eden regions: 220->0(194)
[363.169s][info][gc,heap        ] GC(839) Survivor regions: 22->31(31)
[363.169s][info][gc,heap        ] GC(839) Old regions: 644->663
[363.169s][info][gc,heap        ] GC(839) Humongous regions: 9->9
[363.169s][info][gc,metaspace   ] GC(839) Metaspace: 18910K(19136K)->18910K(19136K) NonClass: 16243K(16384K)->16243K(16384K) Class: 2667K(2752K)->2667K(2752K)
[363.169s][info][gc             ] GC(839) Pause Young (Concurrent Start) (G1 Evacuation Pause) 894M->702M(978M) 58.984ms
[363.169s][info][gc             ] GC(840) Concurrent Mark Cycle
[363.169s][info][gc,marking     ] GC(840) Concurrent Scan Root Regions
[363.169s][info][gc,cpu         ] GC(839) User=0.11s Sys=0.00s Real=0.06s
[363.262s][info][gc,marking     ] GC(840) Concurrent Scan Root Regions 92.729ms
[363.262s][info][gc,marking     ] GC(840) Concurrent Mark
[363.262s][info][gc,marking     ] GC(840) Concurrent Mark From Roots
[363.262s][info][gc,task        ] GC(840) Using 1 workers of 1 for marking
[363.925s][info][gc,marking     ] GC(840) Concurrent Mark From Roots 663.526ms
[363.926s][info][gc,marking     ] GC(840) Concurrent Preclean
[363.926s][info][gc,marking     ] GC(840) Concurrent Preclean 0.046ms
[363.926s][info][gc,start       ] GC(840) Pause Remark
[363.933s][info][gc             ] GC(840) Pause Remark 894M->573M(978M) 7.738ms
[363.934s][info][gc,cpu         ] GC(840) User=0.02s Sys=0.00s Real=0.01s
[363.936s][info][gc,marking     ] GC(840) Concurrent Mark 673.998ms
[363.936s][info][gc,marking     ] GC(840) Concurrent Rebuild Remembered Sets and Scrub Regions
[363.944s][info][gc,start       ] GC(841) Pause Young (Normal) (G1 Evacuation Pause)
[363.944s][info][gc,task        ] GC(841) Using 2 workers of 2 for evacuation
[363.977s][info][gc,phases      ] GC(841)   Pre Evacuate Collection Set: 0.24ms
[363.977s][info][gc,phases      ] GC(841)   Merge Heap Roots: 0.20ms
[363.977s][info][gc,phases      ] GC(841)   Evacuate Collection Set: 32.32ms
[363.977s][info][gc,phases      ] GC(841)   Post Evacuate Collection Set: 0.39ms
[363.977s][info][gc,phases      ] GC(841)   Other: 0.09ms
[363.977s][info][gc,heap        ] GC(841) Eden regions: 194->0(458)
[363.977s][info][gc,heap        ] GC(841) Survivor regions: 31->1(29)
[363.977s][info][gc,heap        ] GC(841) Old regions: 347->379
[363.977s][info][gc,heap        ] GC(841) Humongous regions: 4->4
[363.977s][info][gc,metaspace   ] GC(841) Metaspace: 18910K(19136K)->18910K(19136K) NonClass: 16243K(16384K)->16243K(16384K) Class: 2667K(2752K)->2667K(2752K)
[363.977s][info][gc             ] GC(841) Pause Young (Normal) (G1 Evacuation Pause) 575M->383M(978M) 33.387ms
[363.977s][info][gc,cpu         ] GC(841) User=0.06s Sys=0.01s Real=0.03s
[364.322s][info][gc,marking     ] GC(840) Concurrent Rebuild Remembered Sets and Scrub Regions 386.212ms
[364.322s][info][gc,start       ] GC(840) Pause Cleanup
[364.322s][info][gc             ] GC(840) Pause Cleanup 502M->502M(978M) 0.118ms
[364.323s][info][gc,cpu         ] GC(840) User=0.00s Sys=0.00s Real=0.00s
[364.323s][info][gc,marking     ] GC(840) Concurrent Clear Claimed Marks
[364.323s][info][gc,marking     ] GC(840) Concurrent Clear Claimed Marks 0.048ms
[364.323s][info][gc,marking     ] GC(840) Concurrent Cleanup for Next Mark
[364.328s][info][gc,marking     ] GC(840) Concurrent Cleanup for Next Mark 4.905ms
[364.328s][info][gc             ] GC(840) Concurrent Mark Cycle 1158.820ms
[365.036s][info][gc,start       ] GC(842) Pause Young (Prepare Mixed) (G1 Evacuation Pause)
[365.036s][info][gc,task        ] GC(842) Using 2 workers of 2 for evacuation
[365.058s][info][gc,phases      ] GC(842)   Pre Evacuate Collection Set: 0.53ms
[365.058s][info][gc,phases      ] GC(842)   Merge Heap Roots: 0.48ms
[365.058s][info][gc,phases      ] GC(842)   Evacuate Collection Set: 20.06ms
[365.058s][info][gc,phases      ] GC(842)   Post Evacuate Collection Set: 0.60ms
[365.058s][info][gc,phases      ] GC(842)   Other: 0.12ms
[365.058s][info][gc,heap        ] GC(842) Eden regions: 458->0(467)
[365.058s][info][gc,heap        ] GC(842) Survivor regions: 1->10(58)
[365.058s][info][gc,heap        ] GC(842) Old regions: 379->379
[365.058s][info][gc,heap        ] GC(842) Humongous regions: 4->4
[365.058s][info][gc,metaspace   ] GC(842) Metaspace: 18910K(19136K)->18910K(19136K) NonClass: 16243K(16384K)->16243K(16384K) Class: 2667K(2752K)->2667K(2752K)
[365.058s][info][gc             ] GC(842) Pause Young (Prepare Mixed) (G1 Evacuation Pause) 841M->391M(978M) 21.992ms
[365.058s][info][gc,cpu         ] GC(842) User=0.04s Sys=0.00s Real=0.02s
[365.417s][info][gc,start       ] GC(843) Pause Young (Mixed) (G1 Evacuation Pause)
[365.417s][info][gc,task        ] GC(843) Using 2 workers of 2 for evacuation
[365.532s][info][gc,phases      ] GC(843)   Pre Evacuate Collection Set: 0.35ms
[365.532s][info][gc,phases      ] GC(843)   Merge Heap Roots: 0.21ms
[365.532s][info][gc,phases      ] GC(843)   Evacuate Collection Set: 112.30ms
[365.532s][info][gc,phases      ] GC(843)   Post Evacuate Collection Set: 2.23ms
[365.532s][info][gc,phases      ] GC(843)   Other: 0.11ms
[365.532s][info][gc,heap        ] GC(843) Eden regions: 467->0(349)
[365.532s][info][gc,heap        ] GC(843) Survivor regions: 10->60(60)
[365.532s][info][gc,heap        ] GC(843) Old regions: 379->435
[365.532s][info][gc,heap        ] GC(843) Humongous regions: 4->4
[365.532s][info][gc,metaspace   ] GC(843) Metaspace: 18911K(19136K)->18911K(19136K) NonClass: 16244K(16384K)->16244K(16384K) Class: 2667K(2752K)->2667K(2752K)
[365.532s][info][gc             ] GC(843) Pause Young (Mixed) (G1 Evacuation Pause) (Evacuation Failure: Allocation) 858M->498M(978M) 115.489ms
[365.532s][info][gc,cpu         ] GC(843) User=0.22s Sys=0.00s Real=0.11s
[365.658s][info][gc,start       ] GC(844) Pause Young (Concurrent Start) (G1 Humongous Allocation)
[365.658s][info][gc,task        ] GC(844) Using 2 workers of 2 for evacuation
[365.747s][info][gc,phases      ] GC(844)   Pre Evacuate Collection Set: 0.33ms
[365.747s][info][gc,phases      ] GC(844)   Merge Heap Roots: 0.80ms
[365.747s][info][gc,phases      ] GC(844)   Evacuate Collection Set: 86.38ms
[365.747s][info][gc,phases      ] GC(844)   Post Evacuate Collection Set: 0.67ms
[365.747s][info][gc,phases      ] GC(844)   Other: 0.13ms
[365.747s][info][gc,heap        ] GC(844) Eden regions: 194->0(374)
[365.747s][info][gc,heap        ] GC(844) Survivor regions: 60->8(52)
[365.747s][info][gc,heap        ] GC(844) Old regions: 435->474
[365.747s][info][gc,heap        ] GC(844) Humongous regions: 4->4
[365.747s][info][gc,metaspace   ] GC(844) Metaspace: 18911K(19136K)->18911K(19136K) NonClass: 16244K(16384K)->16244K(16384K) Class: 2667K(2752K)->2667K(2752K)
[365.747s][info][gc             ] GC(844) Pause Young (Concurrent Start) (G1 Humongous Allocation) 692M->484M(978M) 88.576ms
[365.747s][info][gc,cpu         ] GC(844) User=0.18s Sys=0.00s Real=0.09s
[365.747s][info][gc             ] GC(845) Concurrent Mark Cycle
[365.747s][info][gc,marking     ] GC(845) Concurrent Scan Root Regions
[365.847s][info][gc,marking     ] GC(845) Concurrent Scan Root Regions 100.094ms
[365.847s][info][gc,marking     ] GC(845) Concurrent Mark
[365.847s][info][gc,marking     ] GC(845) Concurrent Mark From Roots
[365.847s][info][gc,task        ] GC(845) Using 1 workers of 1 for marking
[366.292s][info][gc,start       ] GC(846) Pause Young (Normal) (G1 Evacuation Pause)
[366.292s][info][gc,task        ] GC(846) Using 2 workers of 2 for evacuation
[366.389s][info][gc,phases      ] GC(846)   Pre Evacuate Collection Set: 0.29ms
[366.389s][info][gc,phases      ] GC(846)   Merge Heap Roots: 0.46ms
[366.389s][info][gc,phases      ] GC(846)   Evacuate Collection Set: 95.68ms
[366.389s][info][gc,phases      ] GC(846)   Post Evacuate Collection Set: 0.71ms
[366.389s][info][gc,phases      ] GC(846)   Other: 0.08ms
[366.389s][info][gc,heap        ] GC(846) Eden regions: 374->0(311)
[366.389s][info][gc,heap        ] GC(846) Survivor regions: 8->48(48)
[366.389s][info][gc,heap        ] GC(846) Old regions: 474->498
[366.389s][info][gc,heap        ] GC(846) Humongous regions: 8->8
[366.389s][info][gc,metaspace   ] GC(846) Metaspace: 18911K(19136K)->18911K(19136K) NonClass: 16244K(16384K)->16244K(16384K) Class: 2667K(2752K)->2667K(2752K)
[366.389s][info][gc             ] GC(846) Pause Young (Normal) (G1 Evacuation Pause) 862M->553M(978M) 97.472ms
[366.389s][info][gc,cpu         ] GC(846) User=0.20s Sys=0.01s Real=0.10s
[366.831s][info][gc,start       ] GC(847) Pause Young (Normal) (G1 Evacuation Pause)
[366.831s][info][gc,task        ] GC(847) Using 2 workers of 2 for evacuation
[366.914s][info][gc,phases      ] GC(847)   Pre Evacuate Collection Set: 0.53ms
[366.914s][info][gc,phases      ] GC(847)   Merge Heap Roots: 0.45ms
[366.914s][info][gc,phases      ] GC(847)   Evacuate Collection Set: 81.69ms
[366.914s][info][gc,phases      ] GC(847)   Post Evacuate Collection Set: 0.59ms
[366.914s][info][gc,phases      ] GC(847)   Other: 0.08ms
[366.914s][info][gc,heap        ] GC(847) Eden regions: 311->0(314)
[366.914s][info][gc,heap        ] GC(847) Survivor regions: 48->13(45)
[366.914s][info][gc,heap        ] GC(847) Old regions: 498->546
[366.914s][info][gc,heap        ] GC(847) Humongous regions: 8->8
[366.914s][info][gc,metaspace   ] GC(847) Metaspace: 18911K(19136K)->18911K(19136K) NonClass: 16244K(16384K)->16244K(16384K) Class: 2667K(2752K)->2667K(2752K)
[366.914s][info][gc             ] GC(847) Pause Young (Normal) (G1 Evacuation Pause) 864M->566M(978M) 83.576ms
[366.914s][info][gc,cpu         ] GC(847) User=0.16s Sys=0.00s Real=0.09s
[367.127s][info][gc,marking     ] GC(845) Concurrent Mark From Roots 1280.410ms
[367.128s][info][gc,marking     ] GC(845) Concurrent Preclean
[367.128s][info][gc,marking     ] GC(845) Concurrent Preclean 0.041ms
[367.128s][info][gc,start       ] GC(845) Pause Remark
[367.135s][info][gc             ] GC(845) Pause Remark 682M->676M(978M) 7.717ms
[367.135s][info][gc,cpu         ] GC(845) User=0.01s Sys=0.00s Real=0.01s
[367.136s][info][gc,marking     ] GC(845) Concurrent Mark 1288.496ms
[367.136s][info][gc,marking     ] GC(845) Concurrent Rebuild Remembered Sets and Scrub Regions
[367.558s][info][gc,start       ] GC(848) Pause Young (Normal) (G1 Evacuation Pause)
[367.558s][info][gc,task        ] GC(848) Using 2 workers of 2 for evacuation
[367.617s][info][gc,phases      ] GC(848)   Pre Evacuate Collection Set: 0.28ms
[367.617s][info][gc,phases      ] GC(848)   Merge Heap Roots: 0.55ms
[367.617s][info][gc,phases      ] GC(848)   Evacuate Collection Set: 56.69ms
[367.617s][info][gc,phases      ] GC(848)   Post Evacuate Collection Set: 0.56ms
[367.617s][info][gc,phases      ] GC(848)   Other: 0.08ms
[367.617s][info][gc,heap        ] GC(848) Eden regions: 314->0(290)
[367.617s][info][gc,heap        ] GC(848) Survivor regions: 13->41(41)
[367.617s][info][gc,heap        ] GC(848) Old regions: 540->543
[367.617s][info][gc,heap        ] GC(848) Humongous regions: 8->8
[367.617s][info][gc,metaspace   ] GC(848) Metaspace: 18911K(19136K)->18911K(19136K) NonClass: 16244K(16384K)->16244K(16384K) Class: 2667K(2752K)->2667K(2752K)
[367.617s][info][gc             ] GC(848) Pause Young (Normal) (G1 Evacuation Pause) 874M->591M(978M) 58.405ms
[367.617s][info][gc,cpu         ] GC(848) User=0.12s Sys=0.00s Real=0.06s
[367.626s][info][gc,marking     ] GC(845) Concurrent Rebuild Remembered Sets and Scrub Regions 490.602ms
[367.626s][info][gc,start       ] GC(845) Pause Cleanup
[367.626s][info][gc             ] GC(845) Pause Cleanup 598M->598M(978M) 0.088ms
[367.626s][info][gc,cpu         ] GC(845) User=0.00s Sys=0.00s Real=0.00s
[367.627s][info][gc,marking     ] GC(845) Concurrent Clear Claimed Marks
[367.627s][info][gc,marking     ] GC(845) Concurrent Clear Claimed Marks 0.047ms
[367.627s][info][gc,marking     ] GC(845) Concurrent Cleanup for Next Mark
[367.634s][info][gc,marking     ] GC(845) Concurrent Cleanup for Next Mark 6.687ms
[367.634s][info][gc             ] GC(845) Concurrent Mark Cycle 1887.171ms
[367.993s][info][gc,start       ] GC(849) Pause Young (Prepare Mixed) (G1 Evacuation Pause)
[367.993s][info][gc,task        ] GC(849) Using 2 workers of 2 for evacuation
[368.089s][info][gc,phases      ] GC(849)   Pre Evacuate Collection Set: 0.32ms
[368.089s][info][gc,phases      ] GC(849)   Merge Heap Roots: 0.30ms
[368.089s][info][gc,phases      ] GC(849)   Evacuate Collection Set: 94.48ms
[368.089s][info][gc,phases      ] GC(849)   Post Evacuate Collection Set: 0.67ms
[368.089s][info][gc,phases      ] GC(849)   Other: 0.10ms
[368.089s][info][gc,heap        ] GC(849) Eden regions: 290->0(232)
[368.089s][info][gc,heap        ] GC(849) Survivor regions: 41->42(42)
[368.089s][info][gc,heap        ] GC(849) Old regions: 543->597
[368.089s][info][gc,heap        ] GC(849) Humongous regions: 8->8
[368.089s][info][gc,metaspace   ] GC(849) Metaspace: 18911K(19136K)->18911K(19136K) NonClass: 16244K(16384K)->16244K(16384K) Class: 2667K(2752K)->2667K(2752K)
[368.089s][info][gc             ] GC(849) Pause Young (Prepare Mixed) (G1 Evacuation Pause) 881M->646M(978M) 96.085ms
[368.089s][info][gc,cpu         ] GC(849) User=0.19s Sys=0.00s Real=0.10s
[368.379s][info][gc,start       ] GC(850) Pause Young (Mixed) (G1 Evacuation Pause)
[368.380s][info][gc,task        ] GC(850) Using 2 workers of 2 for evacuation
[368.455s][info][gc,phases      ] GC(850)   Pre Evacuate Collection Set: 0.31ms
[368.455s][info][gc,phases      ] GC(850)   Merge Heap Roots: 0.30ms
[368.455s][info][gc,phases      ] GC(850)   Evacuate Collection Set: 74.20ms
[368.455s][info][gc,phases      ] GC(850)   Post Evacuate Collection Set: 0.56ms
[368.455s][info][gc,phases      ] GC(850)   Other: 0.10ms
[368.455s][info][gc,heap        ] GC(850) Eden regions: 232->0(212)
[368.455s][info][gc,heap        ] GC(850) Survivor regions: 42->35(35)
[368.455s][info][gc,heap        ] GC(850) Old regions: 597->629
[368.455s][info][gc,heap        ] GC(850) Humongous regions: 8->8
[368.455s][info][gc,metaspace   ] GC(850) Metaspace: 18911K(19136K)->18911K(19136K) NonClass: 16244K(16384K)->16244K(16384K) Class: 2667K(2752K)->2667K(2752K)
[368.455s][info][gc             ] GC(850) Pause Young (Mixed) (G1 Evacuation Pause) 878M->671M(978M) 75.687ms
[368.455s][info][gc,cpu         ] GC(850) User=0.15s Sys=0.00s Real=0.08s
[368.511s][info][gc,start       ] GC(851) Pause Young (Concurrent Start) (G1 Humongous Allocation)
[368.511s][info][gc,task        ] GC(851) Using 2 workers of 2 for evacuation
[368.550s][info][gc,phases      ] GC(851)   Pre Evacuate Collection Set: 0.36ms
[368.550s][info][gc,phases      ] GC(851)   Merge Heap Roots: 0.16ms
[368.550s][info][gc,phases      ] GC(851)   Evacuate Collection Set: 38.09ms
[368.550s][info][gc,phases      ] GC(851)   Post Evacuate Collection Set: 0.36ms
[368.550s][info][gc,phases      ] GC(851)   Other: 0.21ms
[368.550s][info][gc,heap        ] GC(851) Eden regions: 24->0(218)
[368.550s][info][gc,heap        ] GC(851) Survivor regions: 35->6(31)
[368.550s][info][gc,heap        ] GC(851) Old regions: 629->665
[368.550s][info][gc,heap        ] GC(851) Humongous regions: 8->8
[368.550s][info][gc,metaspace   ] GC(851) Metaspace: 18911K(19136K)->18911K(19136K) NonClass: 16244K(16384K)->16244K(16384K) Class: 2667K(2752K)->2667K(2752K)
[368.550s][info][gc             ] GC(851) Pause Young (Concurrent Start) (G1 Humongous Allocation) 695M->677M(978M) 39.421ms
[368.550s][info][gc,cpu         ] GC(851) User=0.07s Sys=0.00s Real=0.04s
[368.550s][info][gc             ] GC(852) Concurrent Mark Cycle
[368.550s][info][gc,marking     ] GC(852) Concurrent Scan Root Regions
[368.607s][info][gc,marking     ] GC(852) Concurrent Scan Root Regions 56.214ms
[368.607s][info][gc,marking     ] GC(852) Concurrent Mark
[368.607s][info][gc,marking     ] GC(852) Concurrent Mark From Roots
[368.607s][info][gc,task        ] GC(852) Using 1 workers of 1 for marking
[369.005s][info][gc,start       ] GC(853) Pause Young (Normal) (G1 Evacuation Pause)
[369.005s][info][gc,task        ] GC(853) Using 2 workers of 2 for evacuation
[369.071s][info][gc,phases      ] GC(853)   Pre Evacuate Collection Set: 0.52ms
[369.071s][info][gc,phases      ] GC(853)   Merge Heap Roots: 0.23ms
[369.071s][info][gc,phases      ] GC(853)   Evacuate Collection Set: 64.62ms
[369.072s][info][gc,phases      ] GC(853)   Post Evacuate Collection Set: 0.55ms
[369.072s][info][gc,phases      ] GC(853)   Other: 0.08ms
[369.072s][info][gc,heap        ] GC(853) Eden regions: 218->0(173)
[369.072s][info][gc,heap        ] GC(853) Survivor regions: 6->28(28)
[369.072s][info][gc,heap        ] GC(853) Old regions: 665->688
[369.072s][info][gc,heap        ] GC(853) Humongous regions: 11->11
[369.072s][info][gc,metaspace   ] GC(853) Metaspace: 18911K(19136K)->18911K(19136K) NonClass: 16244K(16384K)->16244K(16384K) Class: 2667K(2752K)->2667K(2752K)
[369.072s][info][gc             ] GC(853) Pause Young (Normal) (G1 Evacuation Pause) 898M->726M(978M) 66.216ms
[369.072s][info][gc,cpu         ] GC(853) User=0.13s Sys=0.00s Real=0.06s
[369.330s][info][gc,start       ] GC(854) Pause Young (Normal) (G1 Evacuation Pause)
[369.330s][info][gc,task        ] GC(854) Using 2 workers of 2 for evacuation
[369.374s][info][gc,phases      ] GC(854)   Pre Evacuate Collection Set: 0.30ms
[369.374s][info][gc,phases      ] GC(854)   Merge Heap Roots: 0.27ms
[369.374s][info][gc,phases      ] GC(854)   Evacuate Collection Set: 42.78ms
[369.374s][info][gc,phases      ] GC(854)   Post Evacuate Collection Set: 0.41ms
[369.374s][info][gc,phases      ] GC(854)   Other: 0.08ms
[369.374s][info][gc,heap        ] GC(854) Eden regions: 173->0(180)
[369.374s][info][gc,heap        ] GC(854) Survivor regions: 28->5(26)
[369.374s][info][gc,heap        ] GC(854) Old regions: 688->716
[369.374s][info][gc,heap        ] GC(854) Humongous regions: 11->11
[369.374s][info][gc,metaspace   ] GC(854) Metaspace: 18911K(19136K)->18911K(19136K) NonClass: 16244K(16384K)->16244K(16384K) Class: 2667K(2752K)->2667K(2752K)
[369.374s][info][gc             ] GC(854) Pause Young (Normal) (G1 Evacuation Pause) 899M->731M(978M) 44.104ms
[369.374s][info][gc,cpu         ] GC(854) User=0.09s Sys=0.00s Real=0.05s
[369.661s][info][gc,start       ] GC(855) Pause Young (Normal) (G1 Evacuation Pause)
[369.661s][info][gc,task        ] GC(855) Using 2 workers of 2 for evacuation
[369.678s][info][gc,phases      ] GC(855)   Pre Evacuate Collection Set: 0.30ms
[369.678s][info][gc,phases      ] GC(855)   Merge Heap Roots: 0.23ms
[369.678s][info][gc,phases      ] GC(855)   Evacuate Collection Set: 16.14ms
[369.678s][info][gc,phases      ] GC(855)   Post Evacuate Collection Set: 0.41ms
[369.678s][info][gc,phases      ] GC(855)   Other: 0.08ms
[369.678s][info][gc,heap        ] GC(855) Eden regions: 180->0(183)
[369.678s][info][gc,heap        ] GC(855) Survivor regions: 5->9(24)
[369.678s][info][gc,heap        ] GC(855) Old regions: 716->716
[369.678s][info][gc,heap        ] GC(855) Humongous regions: 11->11
[369.678s][info][gc,metaspace   ] GC(855) Metaspace: 18911K(19136K)->18911K(19136K) NonClass: 16244K(16384K)->16244K(16384K) Class: 2667K(2752K)->2667K(2752K)
[369.678s][info][gc             ] GC(855) Pause Young (Normal) (G1 Evacuation Pause) 911M->735M(978M) 17.382ms
[369.678s][info][gc,cpu         ] GC(855) User=0.03s Sys=0.00s Real=0.02s
[369.884s][info][gc,marking     ] GC(852) Concurrent Mark From Roots 1277.870ms
[369.885s][info][gc,marking     ] GC(852) Concurrent Preclean
[369.885s][info][gc,marking     ] GC(852) Concurrent Preclean 0.047ms
[369.885s][info][gc,start       ] GC(852) Pause Remark
[369.892s][info][gc             ] GC(852) Pause Remark 835M->747M(978M) 7.763ms
[369.893s][info][gc,cpu         ] GC(852) User=0.01s Sys=0.00s Real=0.00s
[369.893s][info][gc,marking     ] GC(852) Concurrent Mark 1286.001ms
[369.893s][info][gc,marking     ] GC(852) Concurrent Rebuild Remembered Sets and Scrub Regions
[370.145s][info][gc,start       ] GC(856) Pause Young (Normal) (G1 Evacuation Pause)
[370.145s][info][gc,task        ] GC(856) Using 2 workers of 2 for evacuation
[370.190s][info][gc,phases      ] GC(856)   Pre Evacuate Collection Set: 0.30ms
[370.190s][info][gc,phases      ] GC(856)   Merge Heap Roots: 0.49ms
[370.190s][info][gc,phases      ] GC(856)   Evacuate Collection Set: 43.61ms
[370.190s][info][gc,phases      ] GC(856)   Post Evacuate Collection Set: 0.47ms
[370.190s][info][gc,phases      ] GC(856)   Other: 0.10ms
[370.190s][info][gc,heap        ] GC(856) Eden regions: 183->0(226)
[370.190s][info][gc,heap        ] GC(856) Survivor regions: 9->24(24)
[370.190s][info][gc,heap        ] GC(856) Old regions: 632->636
[370.190s][info][gc,heap        ] GC(856) Humongous regions: 7->7
[370.190s][info][gc,metaspace   ] GC(856) Metaspace: 18911K(19136K)->18911K(19136K) NonClass: 16244K(16384K)->16244K(16384K) Class: 2667K(2752K)->2667K(2752K)
[370.190s][info][gc             ] GC(856) Pause Young (Normal) (G1 Evacuation Pause) 830M->666M(978M) 45.243ms
[370.190s][info][gc,cpu         ] GC(856) User=0.09s Sys=0.00s Real=0.04s
[370.510s][info][gc,marking     ] GC(852) Concurrent Rebuild Remembered Sets and Scrub Regions 617.593ms
[370.510s][info][gc,start       ] GC(852) Pause Cleanup
[370.511s][info][gc             ] GC(852) Pause Cleanup 781M->781M(978M) 0.212ms
[370.511s][info][gc,cpu         ] GC(852) User=0.00s Sys=0.00s Real=0.00s
[370.511s][info][gc,marking     ] GC(852) Concurrent Clear Claimed Marks
[370.511s][info][gc,marking     ] GC(852) Concurrent Clear Claimed Marks 0.032ms
[370.511s][info][gc,marking     ] GC(852) Concurrent Cleanup for Next Mark
[370.514s][info][gc,marking     ] GC(852) Concurrent Cleanup for Next Mark 2.826ms
[370.514s][info][gc             ] GC(852) Concurrent Mark Cycle 1963.318ms
[370.593s][info][gc,start       ] GC(857) Pause Young (Prepare Mixed) (G1 Evacuation Pause)
[370.593s][info][gc,task        ] GC(857) Using 2 workers of 2 for evacuation
[370.678s][info][gc,phases      ] GC(857)   Pre Evacuate Collection Set: 0.31ms
[370.678s][info][gc,phases      ] GC(857)   Merge Heap Roots: 0.48ms
[370.678s][info][gc,phases      ] GC(857)   Evacuate Collection Set: 84.05ms
[370.678s][info][gc,phases      ] GC(857)   Post Evacuate Collection Set: 0.72ms
[370.678s][info][gc,phases      ] GC(857)   Other: 0.09ms
[370.678s][info][gc,heap        ] GC(857) Eden regions: 226->0(169)
[370.678s][info][gc,heap        ] GC(857) Survivor regions: 24->32(32)
[370.678s][info][gc,heap        ] GC(857) Old regions: 636->685
[370.678s][info][gc,heap        ] GC(857) Humongous regions: 7->7
[370.678s][info][gc,metaspace   ] GC(857) Metaspace: 18911K(19136K)->18911K(19136K) NonClass: 16244K(16384K)->16244K(16384K) Class: 2667K(2752K)->2667K(2752K)
[370.678s][info][gc             ] GC(857) Pause Young (Prepare Mixed) (G1 Evacuation Pause) 892M->723M(978M) 85.855ms
[370.678s][info][gc,cpu         ] GC(857) User=0.17s Sys=0.00s Real=0.09s
[370.891s][info][gc,start       ] GC(858) Pause Young (Mixed) (G1 Evacuation Pause)
[370.891s][info][gc,task        ] GC(858) Using 2 workers of 2 for evacuation
[370.970s][info][gc,phases      ] GC(858)   Pre Evacuate Collection Set: 0.55ms
[370.970s][info][gc,phases      ] GC(858)   Merge Heap Roots: 0.72ms
[370.970s][info][gc,phases      ] GC(858)   Evacuate Collection Set: 77.53ms
[370.970s][info][gc,phases      ] GC(858)   Post Evacuate Collection Set: 0.67ms
[370.970s][info][gc,phases      ] GC(858)   Other: 0.09ms
[370.970s][info][gc,heap        ] GC(858) Eden regions: 169->0(207)
[370.970s][info][gc,heap        ] GC(858) Survivor regions: 32->26(26)
[370.970s][info][gc,heap        ] GC(858) Old regions: 685->633
[370.970s][info][gc,heap        ] GC(858) Humongous regions: 7->7
[370.970s][info][gc,metaspace   ] GC(858) Metaspace: 18911K(19136K)->18911K(19136K) NonClass: 16244K(16384K)->16244K(16384K) Class: 2667K(2752K)->2667K(2752K)
[370.970s][info][gc             ] GC(858) Pause Young (Mixed) (G1 Evacuation Pause) 892M->665M(978M) 79.826ms
[370.970s][info][gc,cpu         ] GC(858) User=0.15s Sys=0.00s Real=0.08s
[371.249s][info][gc,start       ] GC(859) Pause Young (Mixed) (G1 Evacuation Pause)
[371.249s][info][gc,task        ] GC(859) Using 2 workers of 2 for evacuation
[371.404s][info][gc,phases      ] GC(859)   Pre Evacuate Collection Set: 0.54ms
[371.404s][info][gc,phases      ] GC(859)   Merge Heap Roots: 1.69ms
[371.404s][info][gc,phases      ] GC(859)   Evacuate Collection Set: 149.89ms
[371.404s][info][gc,phases      ] GC(859)   Post Evacuate Collection Set: 2.40ms
[371.404s][info][gc,phases      ] GC(859)   Other: 0.11ms
[371.404s][info][gc,heap        ] GC(859) Eden regions: 207->0(177)
[371.404s][info][gc,heap        ] GC(859) Survivor regions: 26->30(30)
[371.404s][info][gc,heap        ] GC(859) Old regions: 633->661
[371.404s][info][gc,heap        ] GC(859) Humongous regions: 10->10
[371.404s][info][gc,metaspace   ] GC(859) Metaspace: 18911K(19136K)->18911K(19136K) NonClass: 16244K(16384K)->16244K(16384K) Class: 2667K(2752K)->2667K(2752K)
[371.404s][info][gc             ] GC(859) Pause Young (Mixed) (G1 Evacuation Pause) (Evacuation Failure: Allocation) 875M->700M(978M) 154.922ms
[371.404s][info][gc,cpu         ] GC(859) User=0.30s Sys=0.00s Real=0.16s
[371.589s][info][gc,start       ] GC(860) Pause Young (Mixed) (G1 Evacuation Pause)
[371.589s][info][gc,task        ] GC(860) Using 2 workers of 2 for evacuation
[371.672s][info][gc,phases      ] GC(860)   Pre Evacuate Collection Set: 0.51ms
[371.672s][info][gc,phases      ] GC(860)   Merge Heap Roots: 0.87ms
[371.672s][info][gc,phases      ] GC(860)   Evacuate Collection Set: 80.73ms
[371.672s][info][gc,phases      ] GC(860)   Post Evacuate Collection Set: 0.47ms
[371.672s][info][gc,phases      ] GC(860)   Other: 0.09ms
[371.672s][info][gc,heap        ] GC(860) Eden regions: 177->0(201)
[371.672s][info][gc,heap        ] GC(860) Survivor regions: 30->18(26)
[371.672s][info][gc,heap        ] GC(860) Old regions: 661->651
[371.672s][info][gc,heap        ] GC(860) Humongous regions: 10->10
[371.672s][info][gc,metaspace   ] GC(860) Metaspace: 18911K(19136K)->18911K(19136K) NonClass: 16244K(16384K)->16244K(16384K) Class: 2667K(2752K)->2667K(2752K)
[371.672s][info][gc             ] GC(860) Pause Young (Mixed) (G1 Evacuation Pause) 877M->678M(978M) 82.902ms
[371.672s][info][gc,cpu         ] GC(860) User=0.16s Sys=0.00s Real=0.08s
[371.882s][info][gc,start       ] GC(861) Pause Young (Concurrent Start) (G1 Evacuation Pause)
[371.882s][info][gc,task        ] GC(861) Using 2 workers of 2 for evacuation
[371.910s][info][gc,phases      ] GC(861)   Pre Evacuate Collection Set: 0.30ms
[371.910s][info][gc,phases      ] GC(861)   Merge Heap Roots: 0.22ms
[371.910s][info][gc,phases      ] GC(861)   Evacuate Collection Set: 26.86ms
[371.910s][info][gc,phases      ] GC(861)   Post Evacuate Collection Set: 0.46ms
[371.910s][info][gc,phases      ] GC(861)   Other: 0.11ms
[371.910s][info][gc,heap        ] GC(861) Eden regions: 201->0(209)
[371.910s][info][gc,heap        ] GC(861) Survivor regions: 18->5(28)
[371.910s][info][gc,heap        ] GC(861) Old regions: 651->669
[371.910s][info][gc,heap        ] GC(861) Humongous regions: 10->10
[371.910s][info][gc,metaspace   ] GC(861) Metaspace: 18911K(19136K)->18911K(19136K) NonClass: 16244K(16384K)->16244K(16384K) Class: 2667K(2752K)->2667K(2752K)
[371.910s][info][gc             ] GC(861) Pause Young (Concurrent Start) (G1 Evacuation Pause) 879M->683M(978M) 28.151ms
[371.910s][info][gc,cpu         ] GC(861) User=0.05s Sys=0.00s Real=0.03s
[371.910s][info][gc             ] GC(862) Concurrent Mark Cycle
[371.912s][info][gc,marking     ] GC(862) Concurrent Scan Root Regions
[371.953s][info][gc,marking     ] GC(862) Concurrent Scan Root Regions 41.261ms
[371.953s][info][gc,marking     ] GC(862) Concurrent Mark
[371.953s][info][gc,marking     ] GC(862) Concurrent Mark From Roots
[371.953s][info][gc,task        ] GC(862) Using 1 workers of 1 for marking
[372.376s][info][gc,start       ] GC(863) Pause Young (Normal) (G1 Evacuation Pause)
[372.377s][info][gc,task        ] GC(863) Using 2 workers of 2 for evacuation
[372.394s][info][gc,phases      ] GC(863)   Pre Evacuate Collection Set: 0.30ms
[372.394s][info][gc,phases      ] GC(863)   Merge Heap Roots: 0.17ms
[372.394s][info][gc,phases      ] GC(863)   Evacuate Collection Set: 16.74ms
[372.394s][info][gc,phases      ] GC(863)   Post Evacuate Collection Set: 0.40ms
[372.394s][info][gc,phases      ] GC(863)   Other: 0.08ms
[372.394s][info][gc,heap        ] GC(863) Eden regions: 209->0(210)
[372.394s][info][gc,heap        ] GC(863) Survivor regions: 5->15(27)
[372.394s][info][gc,heap        ] GC(863) Old regions: 669->669
[372.394s][info][gc,heap        ] GC(863) Humongous regions: 10->10
[372.394s][info][gc,metaspace   ] GC(863) Metaspace: 18911K(19136K)->18911K(19136K) NonClass: 16244K(16384K)->16244K(16384K) Class: 2667K(2752K)->2667K(2752K)
[372.394s][info][gc             ] GC(863) Pause Young (Normal) (G1 Evacuation Pause) 892M->693M(978M) 17.931ms
[372.394s][info][gc,cpu         ] GC(863) User=0.03s Sys=0.00s Real=0.02s
[373.082s][info][gc,start       ] GC(864) Pause Young (Normal) (G1 Evacuation Pause)
[373.082s][info][gc,task        ] GC(864) Using 2 workers of 2 for evacuation
[373.120s][info][gc,phases      ] GC(864)   Pre Evacuate Collection Set: 0.55ms
[373.120s][info][gc,phases      ] GC(864)   Merge Heap Roots: 0.25ms
[373.120s][info][gc,phases      ] GC(864)   Evacuate Collection Set: 36.47ms
[373.120s][info][gc,phases      ] GC(864)   Post Evacuate Collection Set: 0.48ms
[373.120s][info][gc,phases      ] GC(864)   Other: 0.10ms
[373.120s][info][gc,heap        ] GC(864) Eden regions: 210->0(189)
[373.120s][info][gc,heap        ] GC(864) Survivor regions: 15->29(29)
[373.120s][info][gc,heap        ] GC(864) Old regions: 669->671
[373.120s][info][gc,heap        ] GC(864) Humongous regions: 10->10
[373.120s][info][gc,metaspace   ] GC(864) Metaspace: 18911K(19136K)->18911K(19136K) NonClass: 16244K(16384K)->16244K(16384K) Class: 2667K(2752K)->2667K(2752K)
[373.120s][info][gc             ] GC(864) Pause Young (Normal) (G1 Evacuation Pause) 903M->709M(978M) 38.084ms
[373.120s][info][gc,cpu         ] GC(864) User=0.08s Sys=0.00s Real=0.04s
[373.431s][info][gc,marking     ] GC(862) Concurrent Mark From Roots 1478.038ms
[373.431s][info][gc,marking     ] GC(862) Concurrent Preclean
[373.431s][info][gc,marking     ] GC(862) Concurrent Preclean 0.051ms
[373.432s][info][gc,start       ] GC(862) Pause Remark
[373.439s][info][gc             ] GC(862) Pause Remark 807M->681M(978M) 7.855ms
[373.440s][info][gc,cpu         ] GC(862) User=0.01s Sys=0.00s Real=0.01s
[373.440s][info][gc,marking     ] GC(862) Concurrent Mark 1486.261ms
[373.440s][info][gc,marking     ] GC(862) Concurrent Rebuild Remembered Sets and Scrub Regions
[373.801s][info][gc,start       ] GC(865) Pause Young (Normal) (G1 Evacuation Pause)
[373.801s][info][gc,task        ] GC(865) Using 2 workers of 2 for evacuation
[373.844s][info][gc,phases      ] GC(865)   Pre Evacuate Collection Set: 0.29ms
[373.844s][info][gc,phases      ] GC(865)   Merge Heap Roots: 0.47ms
[373.844s][info][gc,phases      ] GC(865)   Evacuate Collection Set: 41.49ms
[373.844s][info][gc,phases      ] GC(865)   Post Evacuate Collection Set: 0.42ms
[373.844s][info][gc,phases      ] GC(865)   Other: 0.10ms
[373.844s][info][gc,heap        ] GC(865) Eden regions: 189->0(297)
[373.844s][info][gc,heap        ] GC(865) Survivor regions: 29->1(28)
[373.844s][info][gc,heap        ] GC(865) Old regions: 549->579
[373.844s][info][gc,heap        ] GC(865) Humongous regions: 6->6
[373.844s][info][gc,metaspace   ] GC(865) Metaspace: 18911K(19136K)->18911K(19136K) NonClass: 16244K(16384K)->16244K(16384K) Class: 2667K(2752K)->2667K(2752K)
[373.844s][info][gc             ] GC(865) Pause Young (Normal) (G1 Evacuation Pause) 772M->585M(978M) 43.068ms
[373.844s][info][gc,cpu         ] GC(865) User=0.08s Sys=0.00s Real=0.05s
[373.971s][info][gc,marking     ] GC(862) Concurrent Rebuild Remembered Sets and Scrub Regions 531.096ms
[373.971s][info][gc,start       ] GC(862) Pause Cleanup
[373.971s][info][gc             ] GC(862) Pause Cleanup 620M->620M(978M) 0.133ms
[373.971s][info][gc,cpu         ] GC(862) User=0.00s Sys=0.00s Real=0.00s
[373.972s][info][gc,marking     ] GC(862) Concurrent Clear Claimed Marks
[373.972s][info][gc,marking     ] GC(862) Concurrent Clear Claimed Marks 0.058ms
[373.972s][info][gc,marking     ] GC(862) Concurrent Cleanup for Next Mark
[373.975s][info][gc,marking     ] GC(862) Concurrent Cleanup for Next Mark 2.893ms
[373.975s][info][gc             ] GC(862) Concurrent Mark Cycle 2065.116ms
[374.279s][info][gc,start       ] GC(866) Pause Young (Prepare Mixed) (G1 Evacuation Pause)
[374.279s][info][gc,task        ] GC(866) Using 2 workers of 2 for evacuation
[374.331s][info][gc,phases      ] GC(866)   Pre Evacuate Collection Set: 0.29ms
[374.331s][info][gc,phases      ] GC(866)   Merge Heap Roots: 0.13ms
[374.331s][info][gc,phases      ] GC(866)   Evacuate Collection Set: 50.39ms
[374.331s][info][gc,phases      ] GC(866)   Post Evacuate Collection Set: 0.68ms
[374.331s][info][gc,phases      ] GC(866)   Other: 0.07ms
[374.331s][info][gc,heap        ] GC(866) Eden regions: 297->0(231)
[374.331s][info][gc,heap        ] GC(866) Survivor regions: 1->38(38)
[374.331s][info][gc,heap        ] GC(866) Old regions: 579->599
[374.331s][info][gc,heap        ] GC(866) Humongous regions: 6->6
[374.331s][info][gc,metaspace   ] GC(866) Metaspace: 18911K(19136K)->18911K(19136K) NonClass: 16244K(16384K)->16244K(16384K) Class: 2667K(2752K)->2667K(2752K)
[374.331s][info][gc             ] GC(866) Pause Young (Prepare Mixed) (G1 Evacuation Pause) 882M->642M(978M) 51.785ms
[374.331s][info][gc,cpu         ] GC(866) User=0.10s Sys=0.00s Real=0.05s
[374.670s][info][gc,start       ] GC(867) Pause Young (Mixed) (G1 Evacuation Pause)
[374.671s][info][gc,task        ] GC(867) Using 2 workers of 2 for evacuation
[374.744s][info][gc,phases      ] GC(867)   Pre Evacuate Collection Set: 0.36ms
[374.744s][info][gc,phases      ] GC(867)   Merge Heap Roots: 0.40ms
[374.744s][info][gc,phases      ] GC(867)   Evacuate Collection Set: 71.96ms
[374.744s][info][gc,phases      ] GC(867)   Post Evacuate Collection Set: 0.63ms
[374.744s][info][gc,phases      ] GC(867)   Other: 0.09ms
[374.744s][info][gc,heap        ] GC(867) Eden regions: 231->0(230)
[374.744s][info][gc,heap        ] GC(867) Survivor regions: 38->27(34)
[374.744s][info][gc,heap        ] GC(867) Old regions: 599->612
[374.744s][info][gc,heap        ] GC(867) Humongous regions: 9->9
[374.744s][info][gc,metaspace   ] GC(867) Metaspace: 18912K(19136K)->18912K(19136K) NonClass: 16245K(16384K)->16245K(16384K) Class: 2667K(2752K)->2667K(2752K)
[374.744s][info][gc             ] GC(867) Pause Young (Mixed) (G1 Evacuation Pause) 876M->647M(978M) 73.689ms
[374.744s][info][gc,cpu         ] GC(867) User=0.15s Sys=0.00s Real=0.08s
[375.019s][info][gc,start       ] GC(868) Pause Young (Concurrent Start) (G1 Evacuation Pause)
[375.019s][info][gc,task        ] GC(868) Using 2 workers of 2 for evacuation
[375.104s][info][gc,phases      ] GC(868)   Pre Evacuate Collection Set: 0.36ms
[375.104s][info][gc,phases      ] GC(868)   Merge Heap Roots: 0.32ms
[375.104s][info][gc,phases      ] GC(868)   Evacuate Collection Set: 84.24ms
[375.104s][info][gc,phases      ] GC(868)   Post Evacuate Collection Set: 0.58ms
[375.104s][info][gc,phases      ] GC(868)   Other: 0.13ms
[375.104s][info][gc,heap        ] GC(868) Eden regions: 230->0(195)
[375.104s][info][gc,heap        ] GC(868) Survivor regions: 27->33(33)
[375.104s][info][gc,heap        ] GC(868) Old regions: 612->649
[375.105s][info][gc,heap        ] GC(868) Humongous regions: 9->9
[375.105s][info][gc,metaspace   ] GC(868) Metaspace: 18912K(19136K)->18912K(19136K) NonClass: 16245K(16384K)->16245K(16384K) Class: 2667K(2752K)->2667K(2752K)
[375.105s][info][gc             ] GC(868) Pause Young (Concurrent Start) (G1 Evacuation Pause) 877M->690M(978M) 85.914ms
[375.105s][info][gc,cpu         ] GC(868) User=0.17s Sys=0.00s Real=0.09s
[375.105s][info][gc             ] GC(869) Concurrent Mark Cycle
[375.105s][info][gc,marking     ] GC(869) Concurrent Scan Root Regions
[375.231s][info][gc,marking     ] GC(869) Concurrent Scan Root Regions 126.261ms
[375.231s][info][gc,marking     ] GC(869) Concurrent Mark
[375.231s][info][gc,marking     ] GC(869) Concurrent Mark From Roots
[375.231s][info][gc,task        ] GC(869) Using 1 workers of 1 for marking
[375.420s][info][gc,start       ] GC(870) Pause Young (Normal) (G1 Evacuation Pause)
[375.420s][info][gc,task        ] GC(870) Using 2 workers of 2 for evacuation
[375.460s][info][gc,phases      ] GC(870)   Pre Evacuate Collection Set: 0.51ms
[375.460s][info][gc,phases      ] GC(870)   Merge Heap Roots: 0.21ms
[375.460s][info][gc,phases      ] GC(870)   Evacuate Collection Set: 38.19ms
[375.460s][info][gc,phases      ] GC(870)   Post Evacuate Collection Set: 0.42ms
[375.460s][info][gc,phases      ] GC(870)   Other: 0.09ms
[375.460s][info][gc,heap        ] GC(870) Eden regions: 195->0(204)
[375.460s][info][gc,heap        ] GC(870) Survivor regions: 33->3(29)
[375.460s][info][gc,heap        ] GC(870) Old regions: 649->683
[375.460s][info][gc,heap        ] GC(870) Humongous regions: 9->9
[375.460s][info][gc,metaspace   ] GC(870) Metaspace: 18912K(19136K)->18912K(19136K) NonClass: 16245K(16384K)->16245K(16384K) Class: 2667K(2752K)->2667K(2752K)
[375.460s][info][gc             ] GC(870) Pause Young (Normal) (G1 Evacuation Pause) 885M->693M(978M) 39.621ms
[375.460s][info][gc,cpu         ] GC(870) User=0.08s Sys=0.00s Real=0.04s
[375.817s][info][gc,start       ] GC(871) Pause Young (Normal) (G1 Evacuation Pause)
[375.817s][info][gc,task        ] GC(871) Using 2 workers of 2 for evacuation
[375.837s][info][gc,phases      ] GC(871)   Pre Evacuate Collection Set: 0.30ms
[375.837s][info][gc,phases      ] GC(871)   Merge Heap Roots: 0.22ms
[375.837s][info][gc,phases      ] GC(871)   Evacuate Collection Set: 18.68ms
[375.837s][info][gc,phases      ] GC(871)   Post Evacuate Collection Set: 0.44ms
[375.837s][info][gc,phases      ] GC(871)   Other: 0.10ms
[375.837s][info][gc,heap        ] GC(871) Eden regions: 204->0(205)
[375.837s][info][gc,heap        ] GC(871) Survivor regions: 3->12(26)
[375.837s][info][gc,heap        ] GC(871) Old regions: 683->683
[375.837s][info][gc,heap        ] GC(871) Humongous regions: 9->9
[375.837s][info][gc,metaspace   ] GC(871) Metaspace: 18912K(19136K)->18912K(19136K) NonClass: 16245K(16384K)->16245K(16384K) Class: 2667K(2752K)->2667K(2752K)
[375.837s][info][gc             ] GC(871) Pause Young (Normal) (G1 Evacuation Pause) 897M->702M(978M) 19.964ms
[375.837s][info][gc,cpu         ] GC(871) User=0.04s Sys=0.00s Real=0.02s
[376.383s][info][gc,start       ] GC(872) Pause Young (Normal) (G1 Evacuation Pause)
[376.383s][info][gc,task        ] GC(872) Using 2 workers of 2 for evacuation
[376.433s][info][gc,phases      ] GC(872)   Pre Evacuate Collection Set: 0.31ms
[376.433s][info][gc,phases      ] GC(872)   Merge Heap Roots: 0.49ms
[376.433s][info][gc,phases      ] GC(872)   Evacuate Collection Set: 48.32ms
[376.433s][info][gc,phases      ] GC(872)   Post Evacuate Collection Set: 0.43ms
[376.433s][info][gc,phases      ] GC(872)   Other: 0.08ms
[376.433s][info][gc,heap        ] GC(872) Eden regions: 205->0(175)
[376.433s][info][gc,heap        ] GC(872) Survivor regions: 12->28(28)
[376.433s][info][gc,heap        ] GC(872) Old regions: 683->688
[376.433s][info][gc,heap        ] GC(872) Humongous regions: 9->9
[376.433s][info][gc,metaspace   ] GC(872) Metaspace: 18912K(19136K)->18912K(19136K) NonClass: 16245K(16384K)->16245K(16384K) Class: 2667K(2752K)->2667K(2752K)
[376.433s][info][gc             ] GC(872) Pause Young (Normal) (G1 Evacuation Pause) 907M->724M(978M) 49.953ms
[376.433s][info][gc,cpu         ] GC(872) User=0.10s Sys=0.01s Real=0.05s
[377.000s][info][gc,start       ] GC(873) Pause Young (Normal) (G1 Evacuation Pause)
[377.000s][info][gc,task        ] GC(873) Using 2 workers of 2 for evacuation
[377.044s][info][gc,phases      ] GC(873)   Pre Evacuate Collection Set: 0.31ms
[377.044s][info][gc,phases      ] GC(873)   Merge Heap Roots: 0.20ms
[377.044s][info][gc,phases      ] GC(873)   Evacuate Collection Set: 42.53ms
[377.044s][info][gc,phases      ] GC(873)   Post Evacuate Collection Set: 0.43ms
[377.044s][info][gc,phases      ] GC(873)   Other: 0.08ms
[377.044s][info][gc,heap        ] GC(873) Eden regions: 175->0(177)
[377.044s][info][gc,heap        ] GC(873) Survivor regions: 28->13(26)
[377.044s][info][gc,heap        ] GC(873) Old regions: 688->716
[377.044s][info][gc,heap        ] GC(873) Humongous regions: 9->9
[377.044s][info][gc,metaspace   ] GC(873) Metaspace: 18924K(19136K)->18924K(19136K) NonClass: 16257K(16384K)->16257K(16384K) Class: 2667K(2752K)->2667K(2752K)
[377.044s][info][gc             ] GC(873) Pause Young (Normal) (G1 Evacuation Pause) 899M->737M(978M) 43.808ms
[377.044s][info][gc,cpu         ] GC(873) User=0.08s Sys=0.00s Real=0.05s
[377.120s][info][gc,marking     ] GC(869) Concurrent Mark From Roots 1888.963ms
[377.120s][info][gc,marking     ] GC(869) Concurrent Preclean
[377.120s][info][gc,marking     ] GC(869) Concurrent Preclean 0.046ms
[377.120s][info][gc,start       ] GC(869) Pause Remark
[377.128s][info][gc             ] GC(869) Pause Remark 771M->757M(978M) 7.586ms
[377.128s][info][gc,cpu         ] GC(869) User=0.02s Sys=0.00s Real=0.01s
[377.128s][info][gc,marking     ] GC(869) Concurrent Mark 1896.877ms
[377.128s][info][gc,marking     ] GC(869) Concurrent Rebuild Remembered Sets and Scrub Regions
[377.330s][info][gc,start       ] GC(874) Pause Young (Normal) (G1 Evacuation Pause)
[377.330s][info][gc,task        ] GC(874) Using 2 workers of 2 for evacuation
[377.355s][info][gc,phases      ] GC(874)   Pre Evacuate Collection Set: 0.28ms
[377.355s][info][gc,phases      ] GC(874)   Merge Heap Roots: 0.11ms
[377.355s][info][gc,phases      ] GC(874)   Evacuate Collection Set: 24.60ms
[377.355s][info][gc,phases      ] GC(874)   Post Evacuate Collection Set: 0.40ms
[377.355s][info][gc,phases      ] GC(874)   Other: 0.08ms
[377.356s][info][gc,heap        ] GC(874) Eden regions: 177->0(164)
[377.356s][info][gc,heap        ] GC(874) Survivor regions: 13->24(24)
[377.356s][info][gc,heap        ] GC(874) Old regions: 703->708
[377.356s][info][gc,heap        ] GC(874) Humongous regions: 8->8
[377.356s][info][gc,metaspace   ] GC(874) Metaspace: 18926K(19136K)->18926K(19136K) NonClass: 16259K(16384K)->16259K(16384K) Class: 2667K(2752K)->2667K(2752K)
[377.356s][info][gc             ] GC(874) Pause Young (Normal) (G1 Evacuation Pause) 900M->738M(978M) 25.738ms
[377.356s][info][gc,cpu         ] GC(874) User=0.05s Sys=0.00s Real=0.03s
[377.586s][info][gc,start       ] GC(875) Pause Young (Normal) (G1 Evacuation Pause)
[377.586s][info][gc,task        ] GC(875) Using 2 workers of 2 for evacuation
[377.620s][info][gc,phases      ] GC(875)   Pre Evacuate Collection Set: 0.30ms
[377.620s][info][gc,phases      ] GC(875)   Merge Heap Roots: 0.09ms
[377.620s][info][gc,phases      ] GC(875)   Evacuate Collection Set: 33.09ms
[377.620s][info][gc,phases      ] GC(875)   Post Evacuate Collection Set: 0.46ms
[377.620s][info][gc,phases      ] GC(875)   Other: 0.10ms
[377.620s][info][gc,heap        ] GC(875) Eden regions: 164->0(164)
[377.620s][info][gc,heap        ] GC(875) Survivor regions: 24->15(24)
[377.620s][info][gc,heap        ] GC(875) Old regions: 708->726
[377.620s][info][gc,heap        ] GC(875) Humongous regions: 8->8
[377.620s][info][gc,metaspace   ] GC(875) Metaspace: 18926K(19136K)->18926K(19136K) NonClass: 16259K(16384K)->16259K(16384K) Class: 2667K(2752K)->2667K(2752K)
[377.620s][info][gc             ] GC(875) Pause Young (Normal) (G1 Evacuation Pause) 902M->748M(978M) 34.324ms
[377.620s][info][gc,cpu         ] GC(875) User=0.06s Sys=0.00s Real=0.03s
[377.907s][info][gc,marking     ] GC(869) Concurrent Rebuild Remembered Sets and Scrub Regions 778.869ms
[377.907s][info][gc,start       ] GC(869) Pause Cleanup
[377.907s][info][gc             ] GC(869) Pause Cleanup 879M->879M(978M) 0.134ms
[377.907s][info][gc,cpu         ] GC(869) User=0.00s Sys=0.00s Real=0.00s
[377.908s][info][gc,marking     ] GC(869) Concurrent Clear Claimed Marks
[377.908s][info][gc,marking     ] GC(869) Concurrent Clear Claimed Marks 0.047ms
[377.908s][info][gc,marking     ] GC(869) Concurrent Cleanup for Next Mark
[377.911s][info][gc,marking     ] GC(869) Concurrent Cleanup for Next Mark 2.902ms
[377.911s][info][gc             ] GC(869) Concurrent Mark Cycle 2806.431ms
[377.972s][info][gc,start       ] GC(876) Pause Young (Prepare Mixed) (G1 Evacuation Pause)
[377.972s][info][gc,task        ] GC(876) Using 2 workers of 2 for evacuation
[377.996s][info][gc,phases      ] GC(876)   Pre Evacuate Collection Set: 0.32ms
[377.996s][info][gc,phases      ] GC(876)   Merge Heap Roots: 0.18ms
[377.996s][info][gc,phases      ] GC(876)   Evacuate Collection Set: 22.90ms
[377.996s][info][gc,phases      ] GC(876)   Post Evacuate Collection Set: 0.43ms
[377.996s][info][gc,phases      ] GC(876)   Other: 0.09ms
[377.996s][info][gc,heap        ] GC(876) Eden regions: 164->0(171)
[377.996s][info][gc,heap        ] GC(876) Survivor regions: 15->4(23)
[377.996s][info][gc,heap        ] GC(876) Old regions: 726->741
[377.996s][info][gc,heap        ] GC(876) Humongous regions: 8->8
[377.996s][info][gc,metaspace   ] GC(876) Metaspace: 18927K(19136K)->18927K(19136K) NonClass: 16259K(16384K)->16259K(16384K) Class: 2667K(2752K)->2667K(2752K)
[377.996s][info][gc             ] GC(876) Pause Young (Prepare Mixed) (G1 Evacuation Pause) 912M->752M(978M) 24.129ms
[377.996s][info][gc,cpu         ] GC(876) User=0.05s Sys=0.00s Real=0.03s
[378.214s][info][gc,start       ] GC(877) Pause Young (Mixed) (G1 Evacuation Pause)
[378.215s][info][gc,task        ] GC(877) Using 2 workers of 2 for evacuation
[378.237s][info][gc,phases      ] GC(877)   Pre Evacuate Collection Set: 0.53ms
[378.237s][info][gc,phases      ] GC(877)   Merge Heap Roots: 0.18ms
[378.237s][info][gc,phases      ] GC(877)   Evacuate Collection Set: 20.75ms
[378.237s][info][gc,phases      ] GC(877)   Post Evacuate Collection Set: 0.44ms
[378.237s][info][gc,phases      ] GC(877)   Other: 0.09ms
[378.237s][info][gc,heap        ] GC(877) Eden regions: 171->0(151)
[378.237s][info][gc,heap        ] GC(877) Survivor regions: 4->20(22)
[378.237s][info][gc,heap        ] GC(877) Old regions: 741->729
[378.237s][info][gc,heap        ] GC(877) Humongous regions: 8->8
[378.237s][info][gc,metaspace   ] GC(877) Metaspace: 18927K(19136K)->18927K(19136K) NonClass: 16259K(16384K)->16259K(16384K) Class: 2667K(2752K)->2667K(2752K)
[378.237s][info][gc             ] GC(877) Pause Young (Mixed) (G1 Evacuation Pause) 923M->755M(978M) 22.203ms
[378.237s][info][gc,cpu         ] GC(877) User=0.04s Sys=0.00s Real=0.02s
[378.410s][info][gc,start       ] GC(878) Pause Young (Concurrent Start) (G1 Evacuation Pause)
[378.410s][info][gc,task        ] GC(878) Using 2 workers of 2 for evacuation
[378.453s][info][gc,phases      ] GC(878)   Pre Evacuate Collection Set: 0.32ms
[378.454s][info][gc,phases      ] GC(878)   Merge Heap Roots: 0.09ms
[378.454s][info][gc,phases      ] GC(878)   Evacuate Collection Set: 42.11ms
[378.454s][info][gc,phases      ] GC(878)   Post Evacuate Collection Set: 0.48ms
[378.454s][info][gc,phases      ] GC(878)   Other: 0.10ms
[378.454s][info][gc,heap        ] GC(878) Eden regions: 151->0(121)
[378.454s][info][gc,heap        ] GC(878) Survivor regions: 20->22(22)
[378.454s][info][gc,heap        ] GC(878) Old regions: 729->755
[378.454s][info][gc,heap        ] GC(878) Humongous regions: 8->8
[378.454s][info][gc,metaspace   ] GC(878) Metaspace: 18927K(19136K)->18927K(19136K) NonClass: 16259K(16384K)->16259K(16384K) Class: 2667K(2752K)->2667K(2752K)
[378.454s][info][gc             ] GC(878) Pause Young (Concurrent Start) (G1 Evacuation Pause) 906M->784M(978M) 43.361ms
[378.454s][info][gc,cpu         ] GC(878) User=0.08s Sys=0.00s Real=0.05s
[378.454s][info][gc             ] GC(879) Concurrent Mark Cycle
[378.454s][info][gc,marking     ] GC(879) Concurrent Scan Root Regions
[378.508s][info][gc,marking     ] GC(879) Concurrent Scan Root Regions 54.193ms
[378.508s][info][gc,marking     ] GC(879) Concurrent Mark
[378.508s][info][gc,marking     ] GC(879) Concurrent Mark From Roots
[378.508s][info][gc,task        ] GC(879) Using 1 workers of 1 for marking
[378.631s][info][gc,start       ] GC(880) Pause Young (Normal) (G1 Evacuation Pause)
[378.631s][info][gc,task        ] GC(880) Using 2 workers of 2 for evacuation
[378.686s][info][gc,phases      ] GC(880)   Pre Evacuate Collection Set: 0.30ms
[378.686s][info][gc,phases      ] GC(880)   Merge Heap Roots: 0.15ms
[378.686s][info][gc,phases      ] GC(880)   Evacuate Collection Set: 53.45ms
[378.686s][info][gc,phases      ] GC(880)   Post Evacuate Collection Set: 0.50ms
[378.686s][info][gc,phases      ] GC(880)   Other: 0.09ms
[378.686s][info][gc,heap        ] GC(880) Eden regions: 121->0(83)
[378.686s][info][gc,heap        ] GC(880) Survivor regions: 22->18(18)
[378.686s][info][gc,heap        ] GC(880) Old regions: 755->801
[378.686s][info][gc,heap        ] GC(880) Humongous regions: 8->8
[378.686s][info][gc,metaspace   ] GC(880) Metaspace: 18927K(19136K)->18927K(19136K) NonClass: 16259K(16384K)->16259K(16384K) Class: 2667K(2752K)->2667K(2752K)
[378.686s][info][gc             ] GC(880) Pause Young (Normal) (G1 Evacuation Pause) 905M->826M(978M) 54.707ms
[378.686s][info][gc,cpu         ] GC(880) User=0.11s Sys=0.00s Real=0.06s
[378.872s][info][gc,start       ] GC(881) Pause Young (Normal) (G1 Evacuation Pause)
[378.872s][info][gc,task        ] GC(881) Using 2 workers of 2 for evacuation
[378.900s][info][gc,phases      ] GC(881)   Pre Evacuate Collection Set: 0.51ms
[378.900s][info][gc,phases      ] GC(881)   Merge Heap Roots: 0.35ms
[378.900s][info][gc,phases      ] GC(881)   Evacuate Collection Set: 25.80ms
[378.900s][info][gc,phases      ] GC(881)   Post Evacuate Collection Set: 0.37ms
[378.900s][info][gc,phases      ] GC(881)   Other: 0.09ms
[378.900s][info][gc,heap        ] GC(881) Eden regions: 83->0(95)
[378.900s][info][gc,heap        ] GC(881) Survivor regions: 18->3(13)
[378.900s][info][gc,heap        ] GC(881) Old regions: 801->819
[378.900s][info][gc,heap        ] GC(881) Humongous regions: 8->8
[378.900s][info][gc,metaspace   ] GC(881) Metaspace: 18927K(19136K)->18927K(19136K) NonClass: 16259K(16384K)->16259K(16384K) Class: 2667K(2752K)->2667K(2752K)
[378.900s][info][gc             ] GC(881) Pause Young (Normal) (G1 Evacuation Pause) 909M->829M(978M) 27.336ms
[378.900s][info][gc,cpu         ] GC(881) User=0.05s Sys=0.01s Real=0.03s
[379.117s][info][gc,start       ] GC(882) Pause Young (Normal) (G1 Evacuation Pause)
[379.117s][info][gc,task        ] GC(882) Using 2 workers of 2 for evacuation
[379.134s][info][gc,phases      ] GC(882)   Pre Evacuate Collection Set: 0.29ms
[379.134s][info][gc,phases      ] GC(882)   Merge Heap Roots: 0.29ms
[379.134s][info][gc,phases      ] GC(882)   Evacuate Collection Set: 15.97ms
[379.134s][info][gc,phases      ] GC(882)   Post Evacuate Collection Set: 0.41ms
[379.134s][info][gc,phases      ] GC(882)   Other: 0.07ms
[379.134s][info][gc,heap        ] GC(882) Eden regions: 95->0(89)
[379.134s][info][gc,heap        ] GC(882) Survivor regions: 3->6(13)
[379.134s][info][gc,heap        ] GC(882) Old regions: 819->819
[379.134s][info][gc,heap        ] GC(882) Humongous regions: 8->8
[379.134s][info][gc,metaspace   ] GC(882) Metaspace: 18927K(19136K)->18927K(19136K) NonClass: 16259K(16384K)->16259K(16384K) Class: 2667K(2752K)->2667K(2752K)
[379.134s][info][gc             ] GC(882) Pause Young (Normal) (G1 Evacuation Pause) 924M->832M(978M) 17.233ms
[379.134s][info][gc,cpu         ] GC(882) User=0.03s Sys=0.00s Real=0.02s
[379.290s][info][gc,start       ] GC(883) Pause Young (Normal) (G1 Evacuation Pause)
[379.290s][info][gc,task        ] GC(883) Using 2 workers of 2 for evacuation
[379.343s][info][gc,phases      ] GC(883)   Pre Evacuate Collection Set: 0.33ms
[379.343s][info][gc,phases      ] GC(883)   Merge Heap Roots: 0.31ms
[379.343s][info][gc,phases      ] GC(883)   Evacuate Collection Set: 52.03ms
[379.343s][info][gc,phases      ] GC(883)   Post Evacuate Collection Set: 0.50ms
[379.343s][info][gc,phases      ] GC(883)   Other: 0.07ms
[379.343s][info][gc,heap        ] GC(883) Eden regions: 89->0(52)
[379.343s][info][gc,heap        ] GC(883) Survivor regions: 6->12(12)
[379.343s][info][gc,heap        ] GC(883) Old regions: 819->841
[379.343s][info][gc,heap        ] GC(883) Humongous regions: 11->11
[379.343s][info][gc,metaspace   ] GC(883) Metaspace: 18927K(19136K)->18927K(19136K) NonClass: 16259K(16384K)->16259K(16384K) Class: 2667K(2752K)->2667K(2752K)
[379.343s][info][gc             ] GC(883) Pause Young (Normal) (G1 Evacuation Pause) 924M->863M(978M) 53.504ms
[379.343s][info][gc,cpu         ] GC(883) User=0.11s Sys=0.00s Real=0.06s
[379.455s][info][gc,start       ] GC(884) Pause Young (Normal) (G1 Evacuation Pause)
[379.455s][info][gc,task        ] GC(884) Using 2 workers of 2 for evacuation
[379.494s][info][gc,phases      ] GC(884)   Pre Evacuate Collection Set: 0.28ms
[379.494s][info][gc,phases      ] GC(884)   Merge Heap Roots: 0.39ms
[379.494s][info][gc,phases      ] GC(884)   Evacuate Collection Set: 37.62ms
[379.494s][info][gc,phases      ] GC(884)   Post Evacuate Collection Set: 0.30ms
[379.494s][info][gc,phases      ] GC(884)   Other: 0.10ms
[379.494s][info][gc,heap        ] GC(884) Eden regions: 52->0(47)
[379.494s][info][gc,heap        ] GC(884) Survivor regions: 12->8(8)
[379.494s][info][gc,heap        ] GC(884) Old regions: 841->854
[379.494s][info][gc,heap        ] GC(884) Humongous regions: 11->11
[379.494s][info][gc,metaspace   ] GC(884) Metaspace: 18927K(19136K)->18927K(19136K) NonClass: 16259K(16384K)->16259K(16384K) Class: 2667K(2752K)->2667K(2752K)
[379.494s][info][gc             ] GC(884) Pause Young (Normal) (G1 Evacuation Pause) 915M->872M(978M) 38.940ms
[379.494s][info][gc,cpu         ] GC(884) User=0.08s Sys=0.00s Real=0.04s
[379.598s][info][gc,start       ] GC(885) Pause Young (Normal) (G1 Evacuation Pause)
[379.599s][info][gc,task        ] GC(885) Using 2 workers of 2 for evacuation
[379.615s][info][gc,phases      ] GC(885)   Pre Evacuate Collection Set: 0.29ms
[379.615s][info][gc,phases      ] GC(885)   Merge Heap Roots: 0.14ms
[379.615s][info][gc,phases      ] GC(885)   Evacuate Collection Set: 15.80ms
[379.615s][info][gc,phases      ] GC(885)   Post Evacuate Collection Set: 0.27ms
[379.615s][info][gc,phases      ] GC(885)   Other: 0.07ms
[379.615s][info][gc,heap        ] GC(885) Eden regions: 47->0(41)
[379.615s][info][gc,heap        ] GC(885) Survivor regions: 8->7(7)
[379.615s][info][gc,heap        ] GC(885) Old regions: 854->862
[379.615s][info][gc,heap        ] GC(885) Humongous regions: 11->11
[379.615s][info][gc,metaspace   ] GC(885) Metaspace: 18927K(19136K)->18927K(19136K) NonClass: 16259K(16384K)->16259K(16384K) Class: 2667K(2752K)->2667K(2752K)
[379.615s][info][gc             ] GC(885) Pause Young (Normal) (G1 Evacuation Pause) 919M->878M(978M) 16.753ms
[379.615s][info][gc,cpu         ] GC(885) User=0.03s Sys=0.00s Real=0.02s
[379.698s][info][gc,start       ] GC(886) Pause Young (Normal) (G1 Evacuation Pause)
[379.698s][info][gc,task        ] GC(886) Using 2 workers of 2 for evacuation
[379.714s][info][gc,phases      ] GC(886)   Pre Evacuate Collection Set: 0.26ms
[379.714s][info][gc,phases      ] GC(886)   Merge Heap Roots: 0.12ms
[379.714s][info][gc,phases      ] GC(886)   Evacuate Collection Set: 15.80ms
[379.714s][info][gc,phases      ] GC(886)   Post Evacuate Collection Set: 0.28ms
[379.714s][info][gc,phases      ] GC(886)   Other: 0.08ms
[379.714s][info][gc,heap        ] GC(886) Eden regions: 41->0(42)
[379.714s][info][gc,heap        ] GC(886) Survivor regions: 7->6(6)
[379.714s][info][gc,heap        ] GC(886) Old regions: 862->869
[379.714s][info][gc,heap        ] GC(886) Humongous regions: 11->11
[379.714s][info][gc,metaspace   ] GC(886) Metaspace: 18927K(19136K)->18927K(19136K) NonClass: 16259K(16384K)->16259K(16384K) Class: 2667K(2752K)->2667K(2752K)
[379.714s][info][gc             ] GC(886) Pause Young (Normal) (G1 Evacuation Pause) 919M->885M(978M) 16.745ms
[379.714s][info][gc,cpu         ] GC(886) User=0.04s Sys=0.00s Real=0.02s
[379.819s][info][gc,start       ] GC(887) Pause Young (Normal) (G1 Evacuation Pause)
[379.819s][info][gc,task        ] GC(887) Using 2 workers of 2 for evacuation
[379.831s][info][gc,phases      ] GC(887)   Pre Evacuate Collection Set: 0.28ms
[379.831s][info][gc,phases      ] GC(887)   Merge Heap Roots: 0.09ms
[379.831s][info][gc,phases      ] GC(887)   Evacuate Collection Set: 11.07ms
[379.831s][info][gc,phases      ] GC(887)   Post Evacuate Collection Set: 0.26ms
[379.831s][info][gc,phases      ] GC(887)   Other: 0.09ms
[379.831s][info][gc,heap        ] GC(887) Eden regions: 42->0(44)
[379.831s][info][gc,heap        ] GC(887) Survivor regions: 6->4(6)
[379.831s][info][gc,heap        ] GC(887) Old regions: 869->875
[379.831s][info][gc,heap        ] GC(887) Humongous regions: 11->11
[379.831s][info][gc,metaspace   ] GC(887) Metaspace: 18927K(19136K)->18927K(19136K) NonClass: 16259K(16384K)->16259K(16384K) Class: 2667K(2752K)->2667K(2752K)
[379.831s][info][gc             ] GC(887) Pause Young (Normal) (G1 Evacuation Pause) 927M->889M(978M) 11.978ms
[379.831s][info][gc,cpu         ] GC(887) User=0.02s Sys=0.00s Real=0.01s
[379.880s][info][gc,marking     ] GC(879) Concurrent Mark From Roots 1371.982ms
[379.880s][info][gc,marking     ] GC(879) Concurrent Preclean
[379.880s][info][gc,marking     ] GC(879) Concurrent Preclean 0.045ms
[379.880s][info][gc,start       ] GC(879) Pause Remark
[379.888s][info][gc             ] GC(879) Pause Remark 922M->674M(978M) 7.627ms
[379.888s][info][gc,cpu         ] GC(879) User=0.01s Sys=0.00s Real=0.01s
[379.889s][info][gc,marking     ] GC(879) Concurrent Mark 1380.654ms
[379.889s][info][gc,marking     ] GC(879) Concurrent Rebuild Remembered Sets and Scrub Regions
[379.903s][info][gc,start       ] GC(888) Pause Young (Normal) (G1 Evacuation Pause)
[379.903s][info][gc,task        ] GC(888) Using 2 workers of 2 for evacuation
[379.909s][info][gc,phases      ] GC(888)   Pre Evacuate Collection Set: 0.25ms
[379.909s][info][gc,phases      ] GC(888)   Merge Heap Roots: 0.12ms
[379.909s][info][gc,phases      ] GC(888)   Evacuate Collection Set: 5.39ms
[379.909s][info][gc,phases      ] GC(888)   Post Evacuate Collection Set: 0.27ms
[379.909s][info][gc,phases      ] GC(888)   Other: 0.09ms
[379.909s][info][gc,heap        ] GC(888) Eden regions: 44->0(240)
[379.909s][info][gc,heap        ] GC(888) Survivor regions: 4->1(6)
[379.909s][info][gc,heap        ] GC(888) Old regions: 631->636
[379.909s][info][gc,heap        ] GC(888) Humongous regions: 7->7
[379.909s][info][gc,metaspace   ] GC(888) Metaspace: 18927K(19136K)->18927K(19136K) NonClass: 16259K(16384K)->16259K(16384K) Class: 2667K(2752K)->2667K(2752K)
[379.909s][info][gc             ] GC(888) Pause Young (Normal) (G1 Evacuation Pause) 685M->643M(978M) 6.255ms
[379.909s][info][gc,cpu         ] GC(888) User=0.01s Sys=0.00s Real=0.01s
[380.343s][info][gc,start       ] GC(889) Pause Young (Normal) (G1 Evacuation Pause)
[380.343s][info][gc,task        ] GC(889) Using 2 workers of 2 for evacuation
[380.361s][info][gc,phases      ] GC(889)   Pre Evacuate Collection Set: 0.30ms
[380.361s][info][gc,phases      ] GC(889)   Merge Heap Roots: 0.38ms
[380.361s][info][gc,phases      ] GC(889)   Evacuate Collection Set: 16.54ms
[380.361s][info][gc,phases      ] GC(889)   Post Evacuate Collection Set: 0.44ms
[380.361s][info][gc,phases      ] GC(889)   Other: 0.09ms
[380.361s][info][gc,heap        ] GC(889) Eden regions: 240->0(250)
[380.361s][info][gc,heap        ] GC(889) Survivor regions: 1->4(31)
[380.361s][info][gc,heap        ] GC(889) Old regions: 636->636
[380.361s][info][gc,heap        ] GC(889) Humongous regions: 7->7
[380.361s][info][gc,metaspace   ] GC(889) Metaspace: 18927K(19136K)->18927K(19136K) NonClass: 16259K(16384K)->16259K(16384K) Class: 2667K(2752K)->2667K(2752K)
[380.361s][info][gc             ] GC(889) Pause Young (Normal) (G1 Evacuation Pause) 883M->646M(978M) 18.053ms
[380.361s][info][gc,cpu         ] GC(889) User=0.03s Sys=0.00s Real=0.02s
[380.429s][info][gc,marking     ] GC(879) Concurrent Rebuild Remembered Sets and Scrub Regions 540.544ms
[380.430s][info][gc,start       ] GC(879) Pause Cleanup
[380.430s][info][gc             ] GC(879) Pause Cleanup 700M->700M(978M) 0.158ms
[380.430s][info][gc,cpu         ] GC(879) User=0.00s Sys=0.00s Real=0.00s
[380.430s][info][gc,marking     ] GC(879) Concurrent Clear Claimed Marks
[380.430s][info][gc,marking     ] GC(879) Concurrent Clear Claimed Marks 0.042ms
[380.430s][info][gc,marking     ] GC(879) Concurrent Cleanup for Next Mark
[380.435s][info][gc,marking     ] GC(879) Concurrent Cleanup for Next Mark 4.851ms
[380.435s][info][gc             ] GC(879) Concurrent Mark Cycle 1981.129ms
[380.711s][info][gc,start       ] GC(890) Pause Young (Prepare Mixed) (G1 Evacuation Pause)
[380.711s][info][gc,task        ] GC(890) Using 2 workers of 2 for evacuation
[380.748s][info][gc,phases      ] GC(890)   Pre Evacuate Collection Set: 0.52ms
[380.748s][info][gc,phases      ] GC(890)   Merge Heap Roots: 0.20ms
[380.748s][info][gc,phases      ] GC(890)   Evacuate Collection Set: 36.02ms
[380.748s][info][gc,phases      ] GC(890)   Post Evacuate Collection Set: 0.52ms
[380.748s][info][gc,phases      ] GC(890)   Other: 0.08ms
[380.748s][info][gc,heap        ] GC(890) Eden regions: 250->0(220)
[380.748s][info][gc,heap        ] GC(890) Survivor regions: 4->32(32)
[380.748s][info][gc,heap        ] GC(890) Old regions: 636->637
[380.748s][info][gc,heap        ] GC(890) Humongous regions: 7->7
[380.748s][info][gc,metaspace   ] GC(890) Metaspace: 18927K(19136K)->18927K(19136K) NonClass: 16259K(16384K)->16259K(16384K) Class: 2667K(2752K)->2667K(2752K)
[380.748s][info][gc             ] GC(890) Pause Young (Prepare Mixed) (G1 Evacuation Pause) 896M->675M(978M) 37.532ms
[380.748s][info][gc,cpu         ] GC(890) User=0.08s Sys=0.00s Real=0.04s
[380.995s][info][gc,start       ] GC(891) Pause Young (Mixed) (G1 Evacuation Pause)
[380.996s][info][gc,task        ] GC(891) Using 2 workers of 2 for evacuation
[381.086s][info][gc,phases      ] GC(891)   Pre Evacuate Collection Set: 0.57ms
[381.086s][info][gc,phases      ] GC(891)   Merge Heap Roots: 0.37ms
[381.086s][info][gc,phases      ] GC(891)   Evacuate Collection Set: 88.65ms
[381.086s][info][gc,phases      ] GC(891)   Post Evacuate Collection Set: 0.58ms
[381.086s][info][gc,phases      ] GC(891)   Other: 0.10ms
[381.086s][info][gc,heap        ] GC(891) Eden regions: 220->0(217)
[381.086s][info][gc,heap        ] GC(891) Survivor regions: 32->32(32)
[381.086s][info][gc,heap        ] GC(891) Old regions: 637->618
[381.086s][info][gc,heap        ] GC(891) Humongous regions: 8->8
[381.086s][info][gc,metaspace   ] GC(891) Metaspace: 18927K(19136K)->18927K(19136K) NonClass: 16259K(16384K)->16259K(16384K) Class: 2667K(2752K)->2667K(2752K)
[381.086s][info][gc             ] GC(891) Pause Young (Mixed) (G1 Evacuation Pause) 896M->657M(978M) 90.520ms
[381.086s][info][gc,cpu         ] GC(891) User=0.18s Sys=0.00s Real=0.09s
[381.439s][info][gc,start       ] GC(892) Pause Young (Concurrent Start) (G1 Evacuation Pause)
[381.439s][info][gc,task        ] GC(892) Using 2 workers of 2 for evacuation
[381.486s][info][gc,phases      ] GC(892)   Pre Evacuate Collection Set: 0.30ms
[381.486s][info][gc,phases      ] GC(892)   Merge Heap Roots: 0.21ms
[381.486s][info][gc,phases      ] GC(892)   Evacuate Collection Set: 46.30ms
[381.486s][info][gc,phases      ] GC(892)   Post Evacuate Collection Set: 0.51ms
[381.486s][info][gc,phases      ] GC(892)   Other: 0.13ms
[381.486s][info][gc,heap        ] GC(892) Eden regions: 217->0(217)
[381.486s][info][gc,heap        ] GC(892) Survivor regions: 32->13(32)
[381.486s][info][gc,heap        ] GC(892) Old regions: 618->650
[381.486s][info][gc,heap        ] GC(892) Humongous regions: 8->8
[381.486s][info][gc,metaspace   ] GC(892) Metaspace: 18927K(19136K)->18927K(19136K) NonClass: 16259K(16384K)->16259K(16384K) Class: 2667K(2752K)->2667K(2752K)
[381.486s][info][gc             ] GC(892) Pause Young (Concurrent Start) (G1 Evacuation Pause) 874M->670M(978M) 47.690ms
[381.486s][info][gc             ] GC(893) Concurrent Mark Cycle
[381.486s][info][gc,marking     ] GC(893) Concurrent Scan Root Regions
[381.487s][info][gc,cpu         ] GC(892) User=0.10s Sys=0.00s Real=0.05s
[381.543s][info][gc,marking     ] GC(893) Concurrent Scan Root Regions 56.350ms
[381.543s][info][gc,marking     ] GC(893) Concurrent Mark
[381.543s][info][gc,marking     ] GC(893) Concurrent Mark From Roots
[381.543s][info][gc,task        ] GC(893) Using 1 workers of 1 for marking
[381.817s][info][gc,start       ] GC(894) Pause Young (Normal) (G1 Evacuation Pause)
[381.817s][info][gc,task        ] GC(894) Using 2 workers of 2 for evacuation
[381.843s][info][gc,phases      ] GC(894)   Pre Evacuate Collection Set: 0.51ms
[381.843s][info][gc,phases      ] GC(894)   Merge Heap Roots: 0.17ms
[381.843s][info][gc,phases      ] GC(894)   Evacuate Collection Set: 24.53ms
[381.843s][info][gc,phases      ] GC(894)   Post Evacuate Collection Set: 0.44ms
[381.843s][info][gc,phases      ] GC(894)   Other: 0.09ms
[381.843s][info][gc,heap        ] GC(894) Eden regions: 217->0(217)
[381.843s][info][gc,heap        ] GC(894) Survivor regions: 13->24(29)
[381.843s][info][gc,heap        ] GC(894) Old regions: 650->650
[381.843s][info][gc,heap        ] GC(894) Humongous regions: 8->8
[381.843s][info][gc,metaspace   ] GC(894) Metaspace: 18927K(19136K)->18927K(19136K) NonClass: 16259K(16384K)->16259K(16384K) Class: 2667K(2752K)->2667K(2752K)
[381.843s][info][gc             ] GC(894) Pause Young (Normal) (G1 Evacuation Pause) 887M->681M(978M) 25.945ms
[381.843s][info][gc,cpu         ] GC(894) User=0.05s Sys=0.00s Real=0.03s
[382.408s][info][gc,start       ] GC(895) Pause Young (Normal) (G1 Evacuation Pause)
[382.408s][info][gc,task        ] GC(895) Using 2 workers of 2 for evacuation
[382.448s][info][gc,phases      ] GC(895)   Pre Evacuate Collection Set: 0.52ms
[382.448s][info][gc,phases      ] GC(895)   Merge Heap Roots: 0.21ms
[382.448s][info][gc,phases      ] GC(895)   Evacuate Collection Set: 38.87ms
[382.448s][info][gc,phases      ] GC(895)   Post Evacuate Collection Set: 0.46ms
[382.448s][info][gc,phases      ] GC(895)   Other: 0.09ms
[382.448s][info][gc,heap        ] GC(895) Eden regions: 217->0(205)
[382.448s][info][gc,heap        ] GC(895) Survivor regions: 24->26(31)
[382.448s][info][gc,heap        ] GC(895) Old regions: 650->663
[382.448s][info][gc,heap        ] GC(895) Humongous regions: 8->8
[382.448s][info][gc,metaspace   ] GC(895) Metaspace: 18931K(19136K)->18931K(19136K) NonClass: 16264K(16384K)->16264K(16384K) Class: 2667K(2752K)->2667K(2752K)
[382.448s][info][gc             ] GC(895) Pause Young (Normal) (G1 Evacuation Pause) 898M->696M(978M) 40.388ms
[382.448s][info][gc,cpu         ] GC(895) User=0.08s Sys=0.00s Real=0.04s
[382.821s][info][gc,marking     ] GC(893) Concurrent Mark From Roots 1277.955ms
[382.821s][info][gc,marking     ] GC(893) Concurrent Preclean
[382.821s][info][gc,marking     ] GC(893) Concurrent Preclean 0.044ms
[382.821s][info][gc,start       ] GC(893) Pause Remark
[382.829s][info][gc             ] GC(893) Pause Remark 804M->629M(978M) 7.723ms
[382.829s][info][gc,cpu         ] GC(893) User=0.01s Sys=0.00s Real=0.01s
[382.829s][info][gc,marking     ] GC(893) Concurrent Mark 1286.052ms
[382.829s][info][gc,marking     ] GC(893) Concurrent Rebuild Remembered Sets and Scrub Regions
[383.117s][info][gc,start       ] GC(896) Pause Young (Normal) (G1 Evacuation Pause)
[383.117s][info][gc,task        ] GC(896) Using 2 workers of 2 for evacuation
[383.143s][info][gc,phases      ] GC(896)   Pre Evacuate Collection Set: 0.53ms
[383.143s][info][gc,phases      ] GC(896)   Merge Heap Roots: 0.22ms
[383.143s][info][gc,phases      ] GC(896)   Evacuate Collection Set: 25.03ms
[383.143s][info][gc,phases      ] GC(896)   Post Evacuate Collection Set: 0.42ms
[383.143s][info][gc,phases      ] GC(896)   Other: 0.13ms
[383.143s][info][gc,heap        ] GC(896) Eden regions: 205->0(349)
[383.143s][info][gc,heap        ] GC(896) Survivor regions: 26->15(29)
[383.143s][info][gc,heap        ] GC(896) Old regions: 491->502
[383.143s][info][gc,heap        ] GC(896) Humongous regions: 5->5
[383.143s][info][gc,metaspace   ] GC(896) Metaspace: 18931K(19136K)->18931K(19136K) NonClass: 16264K(16384K)->16264K(16384K) Class: 2667K(2752K)->2667K(2752K)
[383.143s][info][gc             ] GC(896) Pause Young (Normal) (G1 Evacuation Pause) 726M->521M(978M) 26.563ms
[383.143s][info][gc,cpu         ] GC(896) User=0.06s Sys=0.00s Real=0.03s
[383.245s][info][gc,marking     ] GC(893) Concurrent Rebuild Remembered Sets and Scrub Regions 416.622ms
[383.246s][info][gc,start       ] GC(893) Pause Cleanup
[383.246s][info][gc             ] GC(893) Pause Cleanup 557M->557M(978M) 0.119ms
[383.246s][info][gc,cpu         ] GC(893) User=0.00s Sys=0.00s Real=0.00s
[383.247s][info][gc,marking     ] GC(893) Concurrent Clear Claimed Marks
[383.247s][info][gc,marking     ] GC(893) Concurrent Clear Claimed Marks 0.048ms
[383.247s][info][gc,marking     ] GC(893) Concurrent Cleanup for Next Mark
[383.250s][info][gc,marking     ] GC(893) Concurrent Cleanup for Next Mark 2.952ms
[383.250s][info][gc             ] GC(893) Concurrent Mark Cycle 1763.909ms
[383.645s][info][gc,start       ] GC(897) Pause Young (Prepare Mixed) (G1 Evacuation Pause)
[383.645s][info][gc,task        ] GC(897) Using 2 workers of 2 for evacuation
[383.724s][info][gc,phases      ] GC(897)   Pre Evacuate Collection Set: 0.51ms
[383.724s][info][gc,phases      ] GC(897)   Merge Heap Roots: 0.34ms
[383.724s][info][gc,phases      ] GC(897)   Evacuate Collection Set: 76.87ms
[383.724s][info][gc,phases      ] GC(897)   Post Evacuate Collection Set: 0.77ms
[383.724s][info][gc,phases      ] GC(897)   Other: 0.13ms
[383.724s][info][gc,heap        ] GC(897) Eden regions: 349->0(275)
[383.724s][info][gc,heap        ] GC(897) Survivor regions: 15->46(46)
[383.724s][info][gc,heap        ] GC(897) Old regions: 502->535
[383.724s][info][gc,heap        ] GC(897) Humongous regions: 5->5
[383.724s][info][gc,metaspace   ] GC(897) Metaspace: 18931K(19136K)->18931K(19136K) NonClass: 16264K(16384K)->16264K(16384K) Class: 2667K(2752K)->2667K(2752K)
[383.724s][info][gc             ] GC(897) Pause Young (Prepare Mixed) (G1 Evacuation Pause) 870M->585M(978M) 78.847ms
[383.724s][info][gc,cpu         ] GC(897) User=0.16s Sys=0.00s Real=0.08s
[384.171s][info][gc,start       ] GC(898) Pause Young (Mixed) (G1 Evacuation Pause)
[384.171s][info][gc,task        ] GC(898) Using 2 workers of 2 for evacuation
[384.270s][info][gc,phases      ] GC(898)   Pre Evacuate Collection Set: 0.37ms
[384.270s][info][gc,phases      ] GC(898)   Merge Heap Roots: 0.60ms
[384.270s][info][gc,phases      ] GC(898)   Evacuate Collection Set: 97.06ms
[384.270s][info][gc,phases      ] GC(898)   Post Evacuate Collection Set: 0.70ms
[384.270s][info][gc,phases      ] GC(898)   Other: 0.10ms
[384.270s][info][gc,heap        ] GC(898) Eden regions: 275->0(295)
[384.270s][info][gc,heap        ] GC(898) Survivor regions: 46->22(41)
[384.270s][info][gc,heap        ] GC(898) Old regions: 535->539
[384.270s][info][gc,heap        ] GC(898) Humongous regions: 8->8
[384.270s][info][gc,metaspace   ] GC(898) Metaspace: 18931K(19136K)->18931K(19136K) NonClass: 16264K(16384K)->16264K(16384K) Class: 2667K(2752K)->2667K(2752K)
[384.270s][info][gc             ] GC(898) Pause Young (Mixed) (G1 Evacuation Pause) 863M->568M(978M) 99.082ms
[384.270s][info][gc,cpu         ] GC(898) User=0.19s Sys=0.00s Real=0.10s
[384.574s][info][gc,start       ] GC(899) Pause Young (Concurrent Start) (G1 Evacuation Pause)
[384.574s][info][gc,task        ] GC(899) Using 2 workers of 2 for evacuation
[384.661s][info][gc,phases      ] GC(899)   Pre Evacuate Collection Set: 0.32ms
[384.661s][info][gc,phases      ] GC(899)   Merge Heap Roots: 0.34ms
[384.661s][info][gc,phases      ] GC(899)   Evacuate Collection Set: 85.37ms
[384.661s][info][gc,phases      ] GC(899)   Post Evacuate Collection Set: 0.68ms
[384.661s][info][gc,phases      ] GC(899)   Other: 0.11ms
[384.661s][info][gc,heap        ] GC(899) Eden regions: 295->0(234)
[384.661s][info][gc,heap        ] GC(899) Survivor regions: 22->40(40)
[384.661s][info][gc,heap        ] GC(899) Old regions: 539->578
[384.661s][info][gc,heap        ] GC(899) Humongous regions: 8->8
[384.661s][info][gc,metaspace   ] GC(899) Metaspace: 18931K(19136K)->18931K(19136K) NonClass: 16264K(16384K)->16264K(16384K) Class: 2667K(2752K)->2667K(2752K)
[384.661s][info][gc             ] GC(899) Pause Young (Concurrent Start) (G1 Evacuation Pause) 863M->625M(978M) 87.069ms
[384.661s][info][gc             ] GC(900) Concurrent Mark Cycle
[384.661s][info][gc,marking     ] GC(900) Concurrent Scan Root Regions
[384.661s][info][gc,cpu         ] GC(899) User=0.17s Sys=0.00s Real=0.08s
[384.774s][info][gc,marking     ] GC(900) Concurrent Scan Root Regions 113.147ms
[384.774s][info][gc,marking     ] GC(900) Concurrent Mark
[384.774s][info][gc,marking     ] GC(900) Concurrent Mark From Roots
[384.774s][info][gc,task        ] GC(900) Using 1 workers of 1 for marking
[385.099s][info][gc,start       ] GC(901) Pause Young (Normal) (G1 Evacuation Pause)
[385.099s][info][gc,task        ] GC(901) Using 2 workers of 2 for evacuation
[385.178s][info][gc,phases      ] GC(901)   Pre Evacuate Collection Set: 0.31ms
[385.178s][info][gc,phases      ] GC(901)   Merge Heap Roots: 0.31ms
[385.178s][info][gc,phases      ] GC(901)   Evacuate Collection Set: 77.60ms
[385.178s][info][gc,phases      ] GC(901)   Post Evacuate Collection Set: 0.56ms
[385.178s][info][gc,phases      ] GC(901)   Other: 0.09ms
[385.178s][info][gc,heap        ] GC(901) Eden regions: 234->0(213)
[385.178s][info][gc,heap        ] GC(901) Survivor regions: 40->29(35)
[385.178s][info][gc,heap        ] GC(901) Old regions: 578->619
[385.178s][info][gc,heap        ] GC(901) Humongous regions: 11->11
[385.178s][info][gc,metaspace   ] GC(901) Metaspace: 18931K(19136K)->18931K(19136K) NonClass: 16264K(16384K)->16264K(16384K) Class: 2667K(2752K)->2667K(2752K)
[385.178s][info][gc             ] GC(901) Pause Young (Normal) (G1 Evacuation Pause) 862M->657M(978M) 79.171ms
[385.178s][info][gc,cpu         ] GC(901) User=0.16s Sys=0.00s Real=0.08s
[385.835s][info][gc,marking     ] GC(900) Concurrent Mark From Roots 1060.337ms
[385.835s][info][gc,marking     ] GC(900) Concurrent Preclean
[385.835s][info][gc,marking     ] GC(900) Concurrent Preclean 0.046ms
[385.835s][info][gc,start       ] GC(900) Pause Remark
[385.843s][info][gc             ] GC(900) Pause Remark 870M->736M(978M) 7.665ms
[385.843s][info][gc,cpu         ] GC(900) User=0.02s Sys=0.00s Real=0.00s
[385.845s][info][gc,marking     ] GC(900) Concurrent Mark 1070.687ms
[385.845s][info][gc,marking     ] GC(900) Concurrent Rebuild Remembered Sets and Scrub Regions
[385.845s][info][gc,start       ] GC(902) Pause Young (Normal) (G1 Evacuation Pause)
[385.845s][info][gc,task        ] GC(902) Using 2 workers of 2 for evacuation
[385.888s][info][gc,phases      ] GC(902)   Pre Evacuate Collection Set: 0.39ms
[385.888s][info][gc,phases      ] GC(902)   Merge Heap Roots: 0.45ms
[385.888s][info][gc,phases      ] GC(902)   Evacuate Collection Set: 41.26ms
[385.888s][info][gc,phases      ] GC(902)   Post Evacuate Collection Set: 0.40ms
[385.888s][info][gc,phases      ] GC(902)   Other: 0.07ms
[385.888s][info][gc,heap        ] GC(902) Eden regions: 213->0(336)
[385.888s][info][gc,heap        ] GC(902) Survivor regions: 29->1(31)
[385.888s][info][gc,heap        ] GC(902) Old regions: 488->516
[385.888s][info][gc,heap        ] GC(902) Humongous regions: 8->8
[385.888s][info][gc,metaspace   ] GC(902) Metaspace: 18931K(19136K)->18931K(19136K) NonClass: 16264K(16384K)->16264K(16384K) Class: 2667K(2752K)->2667K(2752K)
[385.888s][info][gc             ] GC(902) Pause Young (Normal) (G1 Evacuation Pause) 736M->524M(978M) 42.744ms
[385.888s][info][gc,cpu         ] GC(902) User=0.08s Sys=0.00s Real=0.04s
[386.195s][info][gc,marking     ] GC(900) Concurrent Rebuild Remembered Sets and Scrub Regions 350.151ms
[386.195s][info][gc,start       ] GC(900) Pause Cleanup
[386.195s][info][gc             ] GC(900) Pause Cleanup 646M->646M(978M) 0.125ms
[386.195s][info][gc,cpu         ] GC(900) User=0.00s Sys=0.00s Real=0.00s
[386.195s][info][gc,marking     ] GC(900) Concurrent Clear Claimed Marks
[386.196s][info][gc,marking     ] GC(900) Concurrent Clear Claimed Marks 0.036ms
[386.196s][info][gc,marking     ] GC(900) Concurrent Cleanup for Next Mark
[386.202s][info][gc,marking     ] GC(900) Concurrent Cleanup for Next Mark 6.843ms
[386.202s][info][gc             ] GC(900) Concurrent Mark Cycle 1541.404ms
[386.505s][info][gc,start       ] GC(903) Pause Young (Prepare Mixed) (G1 Evacuation Pause)
[386.505s][info][gc,task        ] GC(903) Using 2 workers of 2 for evacuation
[386.507s][info][gc,phases      ] GC(903)   Pre Evacuate Collection Set: 0.29ms
[386.507s][info][gc,phases      ] GC(903)   Merge Heap Roots: 0.09ms
[386.507s][info][gc,phases      ] GC(903)   Evacuate Collection Set: 0.21ms
[386.507s][info][gc,phases      ] GC(903)   Post Evacuate Collection Set: 0.50ms
[386.507s][info][gc,phases      ] GC(903)   Other: 0.10ms
[386.507s][info][gc,heap        ] GC(903) Eden regions: 336->0(357)
[386.507s][info][gc,heap        ] GC(903) Survivor regions: 1->1(43)
[386.507s][info][gc,heap        ] GC(903) Old regions: 516->516
[386.507s][info][gc,heap        ] GC(903) Humongous regions: 8->8
[386.507s][info][gc,metaspace   ] GC(903) Metaspace: 18931K(19136K)->18931K(19136K) NonClass: 16264K(16384K)->16264K(16384K) Class: 2667K(2752K)->2667K(2752K)
[386.507s][info][gc             ] GC(903) Pause Young (Prepare Mixed) (G1 Evacuation Pause) 860M->524M(978M) 1.404ms
[386.507s][info][gc,cpu         ] GC(903) User=0.00s Sys=0.00s Real=0.00s
[387.019s][info][gc,start       ] GC(904) Pause Young (Mixed) (G1 Evacuation Pause)
[387.019s][info][gc,task        ] GC(904) Using 2 workers of 2 for evacuation
[387.022s][info][gc,phases      ] GC(904)   Pre Evacuate Collection Set: 0.53ms
[387.022s][info][gc,phases      ] GC(904)   Merge Heap Roots: 0.14ms
[387.022s][info][gc,phases      ] GC(904)   Evacuate Collection Set: 1.06ms
[387.022s][info][gc,phases      ] GC(904)   Post Evacuate Collection Set: 0.55ms
[387.022s][info][gc,phases      ] GC(904)   Other: 0.10ms
[387.022s][info][gc,heap        ] GC(904) Eden regions: 357->0(398)
[387.022s][info][gc,heap        ] GC(904) Survivor regions: 1->1(45)
[387.022s][info][gc,heap        ] GC(904) Old regions: 516->487
[387.022s][info][gc,heap        ] GC(904) Humongous regions: 8->8
[387.022s][info][gc,metaspace   ] GC(904) Metaspace: 18931K(19136K)->18931K(19136K) NonClass: 16264K(16384K)->16264K(16384K) Class: 2667K(2752K)->2667K(2752K)
[387.022s][info][gc             ] GC(904) Pause Young (Mixed) (G1 Evacuation Pause) 881M->495M(978M) 2.589ms
[387.022s][info][gc,cpu         ] GC(904) User=0.00s Sys=0.00s Real=0.00s
[387.397s][info][gc,start       ] GC(905) Pause Young (Concurrent Start) (G1 Evacuation Pause)
[387.397s][info][gc,task        ] GC(905) Using 2 workers of 2 for evacuation
[387.439s][info][gc,phases      ] GC(905)   Pre Evacuate Collection Set: 0.32ms
[387.439s][info][gc,phases      ] GC(905)   Merge Heap Roots: 0.20ms
[387.439s][info][gc,phases      ] GC(905)   Evacuate Collection Set: 40.45ms
[387.439s][info][gc,phases      ] GC(905)   Post Evacuate Collection Set: 0.58ms
[387.439s][info][gc,phases      ] GC(905)   Other: 0.22ms
[387.439s][info][gc,heap        ] GC(905) Eden regions: 398->0(359)
[387.439s][info][gc,heap        ] GC(905) Survivor regions: 1->36(50)
[387.439s][info][gc,heap        ] GC(905) Old regions: 487->487
[387.439s][info][gc,heap        ] GC(905) Humongous regions: 8->8
[387.439s][info][gc,metaspace   ] GC(905) Metaspace: 18931K(19136K)->18931K(19136K) NonClass: 16264K(16384K)->16264K(16384K) Class: 2667K(2752K)->2667K(2752K)
[387.439s][info][gc             ] GC(905) Pause Young (Concurrent Start) (G1 Evacuation Pause) 893M->530M(978M) 41.987ms
[387.439s][info][gc             ] GC(906) Concurrent Mark Cycle
[387.439s][info][gc,marking     ] GC(906) Concurrent Scan Root Regions
[387.440s][info][gc,cpu         ] GC(905) User=0.08s Sys=0.00s Real=0.04s
[387.506s][info][gc,marking     ] GC(906) Concurrent Scan Root Regions 66.538ms
[387.506s][info][gc,marking     ] GC(906) Concurrent Mark
[387.506s][info][gc,marking     ] GC(906) Concurrent Mark From Roots
[387.506s][info][gc,task        ] GC(906) Using 1 workers of 1 for marking
[388.151s][info][gc,start       ] GC(907) Pause Young (Normal) (G1 Evacuation Pause)
[388.151s][info][gc,task        ] GC(907) Using 2 workers of 2 for evacuation
[388.204s][info][gc,phases      ] GC(907)   Pre Evacuate Collection Set: 0.30ms
[388.204s][info][gc,phases      ] GC(907)   Merge Heap Roots: 0.19ms
[388.204s][info][gc,phases      ] GC(907)   Evacuate Collection Set: 51.95ms
[388.204s][info][gc,phases      ] GC(907)   Post Evacuate Collection Set: 0.55ms
[388.204s][info][gc,phases      ] GC(907)   Other: 0.10ms
[388.204s][info][gc,heap        ] GC(907) Eden regions: 359->0(350)
[388.204s][info][gc,heap        ] GC(907) Survivor regions: 36->17(50)
[388.204s][info][gc,heap        ] GC(907) Old regions: 487->523
[388.204s][info][gc,heap        ] GC(907) Humongous regions: 8->8
[388.204s][info][gc,metaspace   ] GC(907) Metaspace: 18931K(19136K)->18931K(19136K) NonClass: 16264K(16384K)->16264K(16384K) Class: 2667K(2752K)->2667K(2752K)
[388.204s][info][gc             ] GC(907) Pause Young (Normal) (G1 Evacuation Pause) 889M->547M(978M) 53.331ms
[388.204s][info][gc,cpu         ] GC(907) User=0.11s Sys=0.00s Real=0.06s
[388.728s][info][gc,marking     ] GC(906) Concurrent Mark From Roots 1222.054ms
[388.728s][info][gc,marking     ] GC(906) Concurrent Preclean
[388.728s][info][gc,marking     ] GC(906) Concurrent Preclean 0.043ms
[388.728s][info][gc,start       ] GC(906) Pause Remark
[388.736s][info][gc             ] GC(906) Pause Remark 775M->774M(978M) 7.491ms
[388.736s][info][gc,cpu         ] GC(906) User=0.02s Sys=0.00s Real=0.01s
[388.736s][info][gc,marking     ] GC(906) Concurrent Mark 1229.896ms
[388.736s][info][gc,marking     ] GC(906) Concurrent Rebuild Remembered Sets and Scrub Regions
[388.875s][info][gc,start       ] GC(908) Pause Young (Normal) (G1 Evacuation Pause)
[388.875s][info][gc,task        ] GC(908) Using 2 workers of 2 for evacuation
[388.946s][info][gc,phases      ] GC(908)   Pre Evacuate Collection Set: 0.53ms
[388.946s][info][gc,phases      ] GC(908)   Merge Heap Roots: 0.38ms
[388.946s][info][gc,phases      ] GC(908)   Evacuate Collection Set: 69.17ms
[388.946s][info][gc,phases      ] GC(908)   Post Evacuate Collection Set: 0.60ms
[388.946s][info][gc,phases      ] GC(908)   Other: 0.11ms
[388.946s][info][gc,heap        ] GC(908) Eden regions: 350->0(291)
[388.946s][info][gc,heap        ] GC(908) Survivor regions: 17->46(46)
[388.946s][info][gc,heap        ] GC(908) Old regions: 523->538
[388.946s][info][gc,heap        ] GC(908) Humongous regions: 7->7
[388.946s][info][gc,metaspace   ] GC(908) Metaspace: 18931K(19136K)->18931K(19136K) NonClass: 16264K(16384K)->16264K(16384K) Class: 2667K(2752K)->2667K(2752K)
[388.946s][info][gc             ] GC(908) Pause Young (Normal) (G1 Evacuation Pause) 896M->590M(978M) 71.067ms
[388.946s][info][gc,cpu         ] GC(908) User=0.14s Sys=0.00s Real=0.07s
[389.348s][info][gc,marking     ] GC(906) Concurrent Rebuild Remembered Sets and Scrub Regions 612.433ms
[389.348s][info][gc,start       ] GC(906) Pause Cleanup
[389.349s][info][gc             ] GC(906) Pause Cleanup 838M->838M(978M) 0.109ms
[389.349s][info][gc,cpu         ] GC(906) User=0.00s Sys=0.00s Real=0.00s
[389.349s][info][gc,marking     ] GC(906) Concurrent Clear Claimed Marks
[389.349s][info][gc,marking     ] GC(906) Concurrent Clear Claimed Marks 0.029ms
[389.349s][info][gc,marking     ] GC(906) Concurrent Cleanup for Next Mark
[389.351s][info][gc,marking     ] GC(906) Concurrent Cleanup for Next Mark 2.821ms
[389.351s][info][gc             ] GC(906) Concurrent Mark Cycle 1912.219ms
[389.383s][info][gc,start       ] GC(909) Pause Young (Prepare Mixed) (G1 Evacuation Pause)
[389.383s][info][gc,task        ] GC(909) Using 2 workers of 2 for evacuation
[389.434s][info][gc,phases      ] GC(909)   Pre Evacuate Collection Set: 0.29ms
[389.434s][info][gc,phases      ] GC(909)   Merge Heap Roots: 0.28ms
[389.434s][info][gc,phases      ] GC(909)   Evacuate Collection Set: 49.83ms
[389.434s][info][gc,phases      ] GC(909)   Post Evacuate Collection Set: 0.52ms
[389.434s][info][gc,phases      ] GC(909)   Other: 0.07ms
[389.434s][info][gc,heap        ] GC(909) Eden regions: 291->0(306)
[389.434s][info][gc,heap        ] GC(909) Survivor regions: 46->5(43)
[389.434s][info][gc,heap        ] GC(909) Old regions: 538->585
[389.434s][info][gc,heap        ] GC(909) Humongous regions: 7->7
[389.434s][info][gc,metaspace   ] GC(909) Metaspace: 18931K(19136K)->18931K(19136K) NonClass: 16264K(16384K)->16264K(16384K) Class: 2667K(2752K)->2667K(2752K)
[389.434s][info][gc             ] GC(909) Pause Young (Prepare Mixed) (G1 Evacuation Pause) 881M->596M(978M) 51.177ms
[389.434s][info][gc,cpu         ] GC(909) User=0.10s Sys=0.00s Real=0.05s
[390.006s][info][gc,start       ] GC(910) Pause Young (Mixed) (G1 Evacuation Pause)
[390.006s][info][gc,task        ] GC(910) Using 2 workers of 2 for evacuation
[390.042s][info][gc,phases      ] GC(910)   Pre Evacuate Collection Set: 0.33ms
[390.042s][info][gc,phases      ] GC(910)   Merge Heap Roots: 0.34ms
[390.042s][info][gc,phases      ] GC(910)   Evacuate Collection Set: 35.23ms
[390.042s][info][gc,phases      ] GC(910)   Post Evacuate Collection Set: 0.55ms
[390.042s][info][gc,phases      ] GC(910)   Other: 0.08ms
[390.042s][info][gc,heap        ] GC(910) Eden regions: 306->0(291)
[390.042s][info][gc,heap        ] GC(910) Survivor regions: 5->28(39)
[390.042s][info][gc,heap        ] GC(910) Old regions: 585->574
[390.042s][info][gc,heap        ] GC(910) Humongous regions: 7->7
[390.042s][info][gc,metaspace   ] GC(910) Metaspace: 18931K(19136K)->18931K(19136K) NonClass: 16264K(16384K)->16264K(16384K) Class: 2667K(2752K)->2667K(2752K)
[390.042s][info][gc             ] GC(910) Pause Young (Mixed) (G1 Evacuation Pause) 902M->608M(978M) 36.806ms
[390.042s][info][gc,cpu         ] GC(910) User=0.07s Sys=0.00s Real=0.03s
[390.678s][info][gc,start       ] GC(911) Pause Young (Concurrent Start) (G1 Evacuation Pause)
[390.678s][info][gc,task        ] GC(911) Using 2 workers of 2 for evacuation
[390.708s][info][gc,phases      ] GC(911)   Pre Evacuate Collection Set: 0.35ms
[390.708s][info][gc,phases      ] GC(911)   Merge Heap Roots: 0.19ms
[390.708s][info][gc,phases      ] GC(911)   Evacuate Collection Set: 28.83ms
[390.708s][info][gc,phases      ] GC(911)   Post Evacuate Collection Set: 0.50ms
[390.708s][info][gc,phases      ] GC(911)   Other: 0.22ms
[390.708s][info][gc,heap        ] GC(911) Eden regions: 291->0(307)
[390.708s][info][gc,heap        ] GC(911) Survivor regions: 28->1(40)
[390.708s][info][gc,heap        ] GC(911) Old regions: 574->602
[390.708s][info][gc,heap        ] GC(911) Humongous regions: 7->7
[390.708s][info][gc,metaspace   ] GC(911) Metaspace: 18931K(19136K)->18931K(19136K) NonClass: 16264K(16384K)->16264K(16384K) Class: 2667K(2752K)->2667K(2752K)
[390.708s][info][gc             ] GC(911) Pause Young (Concurrent Start) (G1 Evacuation Pause) 899M->609M(978M) 30.307ms
[390.708s][info][gc             ] GC(912) Concurrent Mark Cycle
[390.708s][info][gc,marking     ] GC(912) Concurrent Scan Root Regions
[390.709s][info][gc,cpu         ] GC(911) User=0.06s Sys=0.00s Real=0.03s
[390.758s][info][gc,marking     ] GC(912) Concurrent Scan Root Regions 49.550ms
[390.758s][info][gc,marking     ] GC(912) Concurrent Mark
[390.758s][info][gc,marking     ] GC(912) Concurrent Mark From Roots
[390.758s][info][gc,task        ] GC(912) Using 1 workers of 1 for marking
[391.730s][info][gc,start       ] GC(913) Pause Young (Normal) (G1 Evacuation Pause)
[391.730s][info][gc,task        ] GC(913) Using 2 workers of 2 for evacuation
[391.734s][info][gc,phases      ] GC(913)   Pre Evacuate Collection Set: 0.34ms
[391.734s][info][gc,phases      ] GC(913)   Merge Heap Roots: 0.16ms
[391.734s][info][gc,phases      ] GC(913)   Evacuate Collection Set: 3.18ms
[391.734s][info][gc,phases      ] GC(913)   Post Evacuate Collection Set: 0.47ms
[391.734s][info][gc,phases      ] GC(913)   Other: 0.08ms
[391.734s][info][gc,heap        ] GC(913) Eden regions: 307->0(313)
[391.734s][info][gc,heap        ] GC(913) Survivor regions: 1->3(39)
[391.734s][info][gc,heap        ] GC(913) Old regions: 602->602
[391.734s][info][gc,heap        ] GC(913) Humongous regions: 7->7
[391.734s][info][gc,metaspace   ] GC(913) Metaspace: 18931K(19136K)->18931K(19136K) NonClass: 16264K(16384K)->16264K(16384K) Class: 2667K(2752K)->2667K(2752K)
[391.734s][info][gc             ] GC(913) Pause Young (Normal) (G1 Evacuation Pause) 916M->611M(978M) 4.445ms
[391.734s][info][gc,cpu         ] GC(913) User=0.01s Sys=0.00s Real=0.01s
[392.256s][info][gc,marking     ] GC(912) Concurrent Mark From Roots 1497.703ms
[392.256s][info][gc,marking     ] GC(912) Concurrent Preclean
[392.256s][info][gc,marking     ] GC(912) Concurrent Preclean 0.050ms
[392.256s][info][gc,start       ] GC(912) Pause Remark
[392.343s][info][gc             ] GC(912) Pause Remark 880M->880M(978M) 86.687ms
[392.343s][info][gc,cpu         ] GC(912) User=0.18s Sys=0.00s Real=0.08s
[392.345s][info][gc,marking     ] GC(912) Concurrent Mark 1586.980ms
[392.345s][info][gc,marking     ] GC(912) Concurrent Rebuild Remembered Sets and Scrub Regions
[392.404s][info][gc,start       ] GC(914) Pause Young (Normal) (G1 Evacuation Pause)
[392.404s][info][gc,task        ] GC(914) Using 2 workers of 2 for evacuation
[392.475s][info][gc,phases      ] GC(914)   Pre Evacuate Collection Set: 0.43ms
[392.475s][info][gc,phases      ] GC(914)   Merge Heap Roots: 0.14ms
[392.475s][info][gc,phases      ] GC(914)   Evacuate Collection Set: 64.03ms
[392.475s][info][gc,phases      ] GC(914)   Post Evacuate Collection Set: 6.40ms
[392.475s][info][gc,phases      ] GC(914)   Other: 0.07ms
[392.475s][info][gc,heap        ] GC(914) Eden regions: 313->0(140)
[392.475s][info][gc,heap        ] GC(914) Survivor regions: 3->40(40)
[392.475s][info][gc,heap        ] GC(914) Old regions: 602->701
[392.475s][info][gc,heap        ] GC(914) Humongous regions: 7->7
[392.475s][info][gc,metaspace   ] GC(914) Metaspace: 18931K(19136K)->18931K(19136K) NonClass: 16264K(16384K)->16264K(16384K) Class: 2667K(2752K)->2667K(2752K)
[392.475s][info][gc             ] GC(914) Pause Young (Normal) (G1 Evacuation Pause) (Evacuation Failure: Allocation) 924M->747M(978M) 71.244ms
[392.475s][info][gc,cpu         ] GC(914) User=0.14s Sys=0.00s Real=0.07s
[392.779s][info][gc,start       ] GC(915) Pause Young (Normal) (G1 Evacuation Pause)
[392.779s][info][gc,task        ] GC(915) Using 2 workers of 2 for evacuation
[392.864s][info][gc,phases      ] GC(915)   Pre Evacuate Collection Set: 0.34ms
[392.864s][info][gc,phases      ] GC(915)   Merge Heap Roots: 0.35ms
[392.864s][info][gc,phases      ] GC(915)   Evacuate Collection Set: 82.66ms
[392.864s][info][gc,phases      ] GC(915)   Post Evacuate Collection Set: 0.63ms
[392.864s][info][gc,phases      ] GC(915)   Other: 0.10ms
[392.864s][info][gc,heap        ] GC(915) Eden regions: 140->0(209)
[392.864s][info][gc,heap        ] GC(915) Survivor regions: 40->18(23)
[392.864s][info][gc,heap        ] GC(915) Old regions: 701->673
[392.864s][info][gc,heap        ] GC(915) Humongous regions: 10->10
[392.864s][info][gc,metaspace   ] GC(915) Metaspace: 18931K(19136K)->18931K(19136K) NonClass: 16264K(16384K)->16264K(16384K) Class: 2667K(2752K)->2667K(2752K)
[392.864s][info][gc             ] GC(915) Pause Young (Normal) (G1 Evacuation Pause) 890M->700M(978M) 84.337ms
[392.864s][info][gc,cpu         ] GC(915) User=0.17s Sys=0.00s Real=0.09s
[393.070s][info][gc,marking     ] GC(912) Concurrent Rebuild Remembered Sets and Scrub Regions 724.980ms
[393.070s][info][gc,start       ] GC(912) Pause Cleanup
[393.070s][info][gc             ] GC(912) Pause Cleanup 762M->762M(978M) 0.097ms
[393.070s][info][gc,cpu         ] GC(912) User=0.00s Sys=0.00s Real=0.00s
[393.071s][info][gc,marking     ] GC(912) Concurrent Clear Claimed Marks
[393.071s][info][gc,marking     ] GC(912) Concurrent Clear Claimed Marks 0.063ms
[393.071s][info][gc,marking     ] GC(912) Concurrent Cleanup for Next Mark
[393.076s][info][gc,marking     ] GC(912) Concurrent Cleanup for Next Mark 4.885ms
[393.076s][info][gc             ] GC(912) Concurrent Mark Cycle 2367.719ms
[393.275s][info][gc,start       ] GC(916) Pause Young (Prepare Mixed) (G1 Evacuation Pause)
[393.275s][info][gc,task        ] GC(916) Using 2 workers of 2 for evacuation
[393.320s][info][gc,phases      ] GC(916)   Pre Evacuate Collection Set: 0.30ms
[393.320s][info][gc,phases      ] GC(916)   Merge Heap Roots: 0.31ms
[393.320s][info][gc,phases      ] GC(916)   Evacuate Collection Set: 44.21ms
[393.320s][info][gc,phases      ] GC(916)   Post Evacuate Collection Set: 0.49ms
[393.320s][info][gc,phases      ] GC(916)   Other: 0.10ms
[393.320s][info][gc,heap        ] GC(916) Eden regions: 209->0(195)
[393.320s][info][gc,heap        ] GC(916) Survivor regions: 18->16(29)
[393.320s][info][gc,heap        ] GC(916) Old regions: 673->691
[393.320s][info][gc,heap        ] GC(916) Humongous regions: 10->10
[393.320s][info][gc,metaspace   ] GC(916) Metaspace: 18931K(19136K)->18931K(19136K) NonClass: 16264K(16384K)->16264K(16384K) Class: 2667K(2752K)->2667K(2752K)
[393.320s][info][gc             ] GC(916) Pause Young (Prepare Mixed) (G1 Evacuation Pause) 909M->716M(978M) 45.627ms
[393.320s][info][gc,cpu         ] GC(916) User=0.09s Sys=0.00s Real=0.04s
[393.466s][info][gc,start       ] GC(917) Pause Young (Mixed) (G1 Evacuation Pause)
[393.466s][info][gc,task        ] GC(917) Using 2 workers of 2 for evacuation
[393.536s][info][gc,phases      ] GC(917)   Pre Evacuate Collection Set: 0.28ms
[393.536s][info][gc,phases      ] GC(917)   Merge Heap Roots: 0.15ms
[393.537s][info][gc,phases      ] GC(917)   Evacuate Collection Set: 66.02ms
[393.537s][info][gc,phases      ] GC(917)   Post Evacuate Collection Set: 3.45ms
[393.537s][info][gc,phases      ] GC(917)   Other: 0.07ms
[393.537s][info][gc,heap        ] GC(917) Eden regions: 195->0(102)
[393.537s][info][gc,heap        ] GC(917) Survivor regions: 16->27(27)
[393.537s][info][gc,heap        ] GC(917) Old regions: 691->762
[393.537s][info][gc,heap        ] GC(917) Humongous regions: 10->10
[393.537s][info][gc,metaspace   ] GC(917) Metaspace: 18931K(19136K)->18931K(19136K) NonClass: 16264K(16384K)->16264K(16384K) Class: 2667K(2752K)->2667K(2752K)
[393.537s][info][gc             ] GC(917) Pause Young (Mixed) (G1 Evacuation Pause) (Evacuation Failure: Allocation) 911M->798M(978M) 70.165ms
[393.537s][info][gc,cpu         ] GC(917) User=0.14s Sys=0.00s Real=0.07s
[393.676s][info][gc,start       ] GC(918) Pause Young (Concurrent Start) (G1 Evacuation Pause)
[393.676s][info][gc,task        ] GC(918) Using 2 workers of 2 for evacuation
[393.714s][info][gc,phases      ] GC(918)   Pre Evacuate Collection Set: 0.32ms
[393.714s][info][gc,phases      ] GC(918)   Merge Heap Roots: 0.42ms
[393.714s][info][gc,phases      ] GC(918)   Evacuate Collection Set: 36.80ms
[393.714s][info][gc,phases      ] GC(918)   Post Evacuate Collection Set: 0.43ms
[393.714s][info][gc,phases      ] GC(918)   Other: 0.09ms
[393.714s][info][gc,heap        ] GC(918) Eden regions: 102->0(145)
[393.714s][info][gc,heap        ] GC(918) Survivor regions: 27->2(17)
[393.714s][info][gc,heap        ] GC(918) Old regions: 762->759
[393.714s][info][gc,heap        ] GC(918) Humongous regions: 10->10
[393.714s][info][gc,metaspace   ] GC(918) Metaspace: 18931K(19136K)->18931K(19136K) NonClass: 16264K(16384K)->16264K(16384K) Class: 2667K(2752K)->2667K(2752K)
[393.715s][info][gc             ] GC(918) Pause Young (Concurrent Start) (G1 Evacuation Pause) 900M->770M(978M) 38.274ms
[393.715s][info][gc,cpu         ] GC(918) User=0.07s Sys=0.00s Real=0.04s
[393.715s][info][gc             ] GC(919) Concurrent Mark Cycle
[393.717s][info][gc,marking     ] GC(919) Concurrent Scan Root Regions
[393.748s][info][gc,marking     ] GC(919) Concurrent Scan Root Regions 31.399ms
[393.748s][info][gc,marking     ] GC(919) Concurrent Mark
[393.748s][info][gc,marking     ] GC(919) Concurrent Mark From Roots
[393.748s][info][gc,task        ] GC(919) Using 1 workers of 1 for marking
[393.985s][info][gc,start       ] GC(920) Pause Young (Normal) (G1 Evacuation Pause)
[393.985s][info][gc,task        ] GC(920) Using 2 workers of 2 for evacuation
[393.990s][info][gc,phases      ] GC(920)   Pre Evacuate Collection Set: 0.30ms
[393.990s][info][gc,phases      ] GC(920)   Merge Heap Roots: 0.12ms
[393.990s][info][gc,phases      ] GC(920)   Evacuate Collection Set: 3.82ms
[393.990s][info][gc,phases      ] GC(920)   Post Evacuate Collection Set: 0.35ms
[393.990s][info][gc,phases      ] GC(920)   Other: 0.10ms
[393.990s][info][gc,heap        ] GC(920) Eden regions: 145->0(153)
[393.990s][info][gc,heap        ] GC(920) Survivor regions: 2->3(19)
[393.990s][info][gc,heap        ] GC(920) Old regions: 759->759
[393.990s][info][gc,heap        ] GC(920) Humongous regions: 10->10
[393.990s][info][gc,metaspace   ] GC(920) Metaspace: 18931K(19136K)->18931K(19136K) NonClass: 16264K(16384K)->16264K(16384K) Class: 2667K(2752K)->2667K(2752K)
[393.990s][info][gc             ] GC(920) Pause Young (Normal) (G1 Evacuation Pause) 915M->770M(978M) 4.904ms
[393.990s][info][gc,cpu         ] GC(920) User=0.01s Sys=0.00s Real=0.00s
[394.329s][info][gc,start       ] GC(921) Pause Young (Normal) (G1 Evacuation Pause)
[394.329s][info][gc,task        ] GC(921) Using 2 workers of 2 for evacuation
[394.335s][info][gc,phases      ] GC(921)   Pre Evacuate Collection Set: 0.52ms
[394.335s][info][gc,phases      ] GC(921)   Merge Heap Roots: 0.19ms
[394.335s][info][gc,phases      ] GC(921)   Evacuate Collection Set: 4.49ms
[394.335s][info][gc,phases      ] GC(921)   Post Evacuate Collection Set: 0.38ms
[394.335s][info][gc,phases      ] GC(921)   Other: 0.07ms
[394.335s][info][gc,heap        ] GC(921) Eden regions: 153->0(155)
[394.335s][info][gc,heap        ] GC(921) Survivor regions: 3->2(20)
[394.335s][info][gc,heap        ] GC(921) Old regions: 759->759
[394.335s][info][gc,heap        ] GC(921) Humongous regions: 10->10
[394.335s][info][gc,metaspace   ] GC(921) Metaspace: 18931K(19136K)->18931K(19136K) NonClass: 16264K(16384K)->16264K(16384K) Class: 2667K(2752K)->2667K(2752K)
[394.335s][info][gc             ] GC(921) Pause Young (Normal) (G1 Evacuation Pause) 923M->770M(978M) 5.836ms
[394.335s][info][gc,cpu         ] GC(921) User=0.01s Sys=0.00s Real=0.01s
[394.512s][info][gc,marking     ] GC(919) Concurrent Mark From Roots 763.214ms
[394.512s][info][gc,marking     ] GC(919) Concurrent Preclean
[394.512s][info][gc,marking     ] GC(919) Concurrent Preclean 0.046ms
[394.513s][info][gc,start       ] GC(919) Pause Remark
[394.520s][info][gc             ] GC(919) Pause Remark 847M->549M(978M) 7.716ms
[394.520s][info][gc,cpu         ] GC(919) User=0.01s Sys=0.00s Real=0.01s
[394.521s][info][gc,marking     ] GC(919) Concurrent Mark 772.106ms
[394.521s][info][gc,marking     ] GC(919) Concurrent Rebuild Remembered Sets and Scrub Regions
[394.638s][info][gc,start       ] GC(922) Pause Young (Normal) (G1 Evacuation Pause)
[394.638s][info][gc,task        ] GC(922) Using 2 workers of 2 for evacuation
[394.644s][info][gc,phases      ] GC(922)   Pre Evacuate Collection Set: 0.48ms
[394.644s][info][gc,phases      ] GC(922)   Merge Heap Roots: 0.12ms
[394.644s][info][gc,phases      ] GC(922)   Evacuate Collection Set: 4.76ms
[394.644s][info][gc,phases      ] GC(922)   Post Evacuate Collection Set: 0.36ms
[394.644s][info][gc,phases      ] GC(922)   Other: 0.09ms
[394.644s][info][gc,heap        ] GC(922) Eden regions: 155->0(381)
[394.644s][info][gc,heap        ] GC(922) Survivor regions: 2->3(20)
[394.644s][info][gc,heap        ] GC(922) Old regions: 467->467
[394.644s][info][gc,heap        ] GC(922) Humongous regions: 4->4
[394.644s][info][gc,metaspace   ] GC(922) Metaspace: 18931K(19136K)->18931K(19136K) NonClass: 16264K(16384K)->16264K(16384K) Class: 2667K(2752K)->2667K(2752K)
[394.644s][info][gc             ] GC(922) Pause Young (Normal) (G1 Evacuation Pause) 627M->472M(978M) 6.006ms
[394.644s][info][gc,cpu         ] GC(922) User=0.01s Sys=0.00s Real=0.01s
[394.865s][info][gc,marking     ] GC(919) Concurrent Rebuild Remembered Sets and Scrub Regions 344.028ms
[394.865s][info][gc,start       ] GC(919) Pause Cleanup
[394.865s][info][gc             ] GC(919) Pause Cleanup 611M->611M(978M) 0.133ms
[394.865s][info][gc,cpu         ] GC(919) User=0.00s Sys=0.00s Real=0.00s
[394.865s][info][gc,marking     ] GC(919) Concurrent Clear Claimed Marks
[394.865s][info][gc,marking     ] GC(919) Concurrent Clear Claimed Marks 0.030ms
[394.865s][info][gc,marking     ] GC(919) Concurrent Cleanup for Next Mark
[394.868s][info][gc,marking     ] GC(919) Concurrent Cleanup for Next Mark 2.793ms
[394.868s][info][gc             ] GC(919) Concurrent Mark Cycle 1153.271ms
[395.123s][info][gc,start       ] GC(923) Pause Young (Prepare Mixed) (G1 Evacuation Pause)
[395.123s][info][gc,task        ] GC(923) Using 2 workers of 2 for evacuation
[395.130s][info][gc,phases      ] GC(923)   Pre Evacuate Collection Set: 0.30ms
[395.130s][info][gc,phases      ] GC(923)   Merge Heap Roots: 0.22ms
[395.130s][info][gc,phases      ] GC(923)   Evacuate Collection Set: 5.69ms
[395.130s][info][gc,phases      ] GC(923)   Post Evacuate Collection Set: 0.56ms
[395.130s][info][gc,phases      ] GC(923)   Other: 0.09ms
[395.130s][info][gc,heap        ] GC(923) Eden regions: 381->0(402)
[395.130s][info][gc,heap        ] GC(923) Survivor regions: 3->3(48)
[395.130s][info][gc,heap        ] GC(923) Old regions: 467->467
[395.130s][info][gc,heap        ] GC(923) Humongous regions: 4->4
[395.130s][info][gc,metaspace   ] GC(923) Metaspace: 18931K(19136K)->18931K(19136K) NonClass: 16264K(16384K)->16264K(16384K) Class: 2667K(2752K)->2667K(2752K)
[395.130s][info][gc             ] GC(923) Pause Young (Prepare Mixed) (G1 Evacuation Pause) 853M->472M(978M) 7.092ms
[395.130s][info][gc,cpu         ] GC(923) User=0.02s Sys=0.00s Real=0.01s
[395.626s][info][gc,start       ] GC(924) Pause Young (Mixed) (G1 Evacuation Pause)
[395.626s][info][gc,task        ] GC(924) Using 2 workers of 2 for evacuation
[395.668s][info][gc,phases      ] GC(924)   Pre Evacuate Collection Set: 0.55ms
[395.668s][info][gc,phases      ] GC(924)   Merge Heap Roots: 0.50ms
[395.668s][info][gc,phases      ] GC(924)   Evacuate Collection Set: 39.68ms
[395.668s][info][gc,phases      ] GC(924)   Post Evacuate Collection Set: 0.76ms
[395.668s][info][gc,phases      ] GC(924)   Other: 0.09ms
[395.668s][info][gc,heap        ] GC(924) Eden regions: 402->0(462)
[395.668s][info][gc,heap        ] GC(924) Survivor regions: 3->20(51)
[395.668s][info][gc,heap        ] GC(924) Old regions: 467->381
[395.668s][info][gc,heap        ] GC(924) Humongous regions: 7->7
[395.668s][info][gc,metaspace   ] GC(924) Metaspace: 18931K(19136K)->18931K(19136K) NonClass: 16264K(16384K)->16264K(16384K) Class: 2667K(2752K)->2667K(2752K)
[395.668s][info][gc             ] GC(924) Pause Young (Mixed) (G1 Evacuation Pause) 877M->407M(978M) 41.835ms
[395.668s][info][gc,cpu         ] GC(924) User=0.08s Sys=0.00s Real=0.04s
[396.112s][info][gc,start       ] GC(925) Pause Young (Concurrent Start) (G1 Evacuation Pause)
[396.112s][info][gc,task        ] GC(925) Using 2 workers of 2 for evacuation
[396.191s][info][gc,phases      ] GC(925)   Pre Evacuate Collection Set: 0.27ms
[396.191s][info][gc,phases      ] GC(925)   Merge Heap Roots: 0.45ms
[396.191s][info][gc,phases      ] GC(925)   Evacuate Collection Set: 77.23ms
[396.191s][info][gc,phases      ] GC(925)   Post Evacuate Collection Set: 0.78ms
[396.191s][info][gc,phases      ] GC(925)   Other: 0.10ms
[396.191s][info][gc,heap        ] GC(925) Eden regions: 462->0(424)
[396.191s][info][gc,heap        ] GC(925) Survivor regions: 20->56(61)
[396.191s][info][gc,heap        ] GC(925) Old regions: 381->381
[396.191s][info][gc,heap        ] GC(925) Humongous regions: 7->7
[396.191s][info][gc,metaspace   ] GC(925) Metaspace: 18931K(19136K)->18931K(19136K) NonClass: 16264K(16384K)->16264K(16384K) Class: 2667K(2752K)->2667K(2752K)
[396.191s][info][gc             ] GC(925) Pause Young (Concurrent Start) (G1 Evacuation Pause) 869M->443M(978M) 79.093ms
[396.191s][info][gc,cpu         ] GC(925) User=0.16s Sys=0.00s Real=0.08s
[396.191s][info][gc             ] GC(926) Concurrent Mark Cycle
[396.191s][info][gc,marking     ] GC(926) Concurrent Scan Root Regions
[396.273s][info][gc,marking     ] GC(926) Concurrent Scan Root Regions 81.491ms
[396.273s][info][gc,marking     ] GC(926) Concurrent Mark
[396.273s][info][gc,marking     ] GC(926) Concurrent Mark From Roots
[396.273s][info][gc,task        ] GC(926) Using 1 workers of 1 for marking
[396.773s][info][gc,marking     ] GC(926) Concurrent Mark From Roots 500.016ms
[396.773s][info][gc,marking     ] GC(926) Concurrent Preclean
[396.773s][info][gc,marking     ] GC(926) Concurrent Preclean 0.035ms
[396.773s][info][gc,start       ] GC(926) Pause Remark
[396.781s][info][gc             ] GC(926) Pause Remark 781M->667M(978M) 8.056ms
[396.781s][info][gc,cpu         ] GC(926) User=0.02s Sys=0.00s Real=0.00s
[396.782s][info][gc,marking     ] GC(926) Concurrent Mark 509.538ms
[396.782s][info][gc,marking     ] GC(926) Concurrent Rebuild Remembered Sets and Scrub Regions
[396.905s][info][gc,start       ] GC(927) Pause Young (Normal) (G1 Evacuation Pause)
[396.905s][info][gc,task        ] GC(927) Using 2 workers of 2 for evacuation
[397.024s][info][gc,phases      ] GC(927)   Pre Evacuate Collection Set: 0.30ms
[397.024s][info][gc,phases      ] GC(927)   Merge Heap Roots: 0.69ms
[397.024s][info][gc,phases      ] GC(927)   Evacuate Collection Set: 116.70ms
[397.024s][info][gc,phases      ] GC(927)   Post Evacuate Collection Set: 0.71ms
[397.024s][info][gc,phases      ] GC(927)   Other: 0.12ms
[397.024s][info][gc,heap        ] GC(927) Eden regions: 424->0(497)
[397.024s][info][gc,heap        ] GC(927) Survivor regions: 56->27(60)
[397.024s][info][gc,heap        ] GC(927) Old regions: 270->326
[397.024s][info][gc,heap        ] GC(927) Humongous regions: 4->4
[397.024s][info][gc,metaspace   ] GC(927) Metaspace: 18934K(19136K)->18934K(19136K) NonClass: 16267K(16384K)->16267K(16384K) Class: 2667K(2752K)->2667K(2752K)
[397.024s][info][gc             ] GC(927) Pause Young (Normal) (G1 Evacuation Pause) 753M->356M(978M) 118.812ms
[397.024s][info][gc,cpu         ] GC(927) User=0.24s Sys=0.00s Real=0.12s
[397.086s][info][gc,marking     ] GC(926) Concurrent Rebuild Remembered Sets and Scrub Regions 303.650ms
[397.086s][info][gc,start       ] GC(926) Pause Cleanup
[397.086s][info][gc             ] GC(926) Pause Cleanup 384M->384M(978M) 0.121ms
[397.086s][info][gc,cpu         ] GC(926) User=0.00s Sys=0.00s Real=0.00s
[397.086s][info][gc,marking     ] GC(926) Concurrent Clear Claimed Marks
[397.086s][info][gc,marking     ] GC(926) Concurrent Clear Claimed Marks 0.036ms
[397.086s][info][gc,marking     ] GC(926) Concurrent Cleanup for Next Mark
[397.091s][info][gc,marking     ] GC(926) Concurrent Cleanup for Next Mark 4.871ms
[397.091s][info][gc             ] GC(926) Concurrent Mark Cycle 900.082ms
[397.787s][info][gc,start       ] GC(928) Pause Young (Prepare Mixed) (G1 Evacuation Pause)
[397.787s][info][gc,task        ] GC(928) Using 2 workers of 2 for evacuation
[397.867s][info][gc,phases      ] GC(928)   Pre Evacuate Collection Set: 0.30ms
[397.867s][info][gc,phases      ] GC(928)   Merge Heap Roots: 0.46ms
[397.867s][info][gc,phases      ] GC(928)   Evacuate Collection Set: 78.77ms
[397.867s][info][gc,phases      ] GC(928)   Post Evacuate Collection Set: 0.73ms
[397.867s][info][gc,phases      ] GC(928)   Other: 0.11ms
[397.867s][info][gc,heap        ] GC(928) Eden regions: 497->0(250)
[397.867s][info][gc,heap        ] GC(928) Survivor regions: 27->66(66)
[397.867s][info][gc,heap        ] GC(928) Old regions: 326->327
[397.867s][info][gc,heap        ] GC(928) Humongous regions: 4->4
[397.867s][info][gc,metaspace   ] GC(928) Metaspace: 18934K(19136K)->18934K(19136K) NonClass: 16267K(16384K)->16267K(16384K) Class: 2667K(2752K)->2667K(2752K)
[397.867s][info][gc             ] GC(928) Pause Young (Prepare Mixed) (G1 Evacuation Pause) 853M->396M(978M) 80.609ms
[397.867s][info][gc,cpu         ] GC(928) User=0.16s Sys=0.00s Real=0.08s
[398.152s][info][gc,start       ] GC(929) Pause Young (Mixed) (G1 Evacuation Pause)
[398.152s][info][gc,task        ] GC(929) Using 2 workers of 2 for evacuation
[398.225s][info][gc,phases      ] GC(929)   Pre Evacuate Collection Set: 0.56ms
[398.225s][info][gc,phases      ] GC(929)   Merge Heap Roots: 0.28ms
[398.225s][info][gc,phases      ] GC(929)   Evacuate Collection Set: 71.82ms
[398.225s][info][gc,phases      ] GC(929)   Post Evacuate Collection Set: 0.53ms
[398.225s][info][gc,phases      ] GC(929)   Other: 0.08ms
[398.225s][info][gc,heap        ] GC(929) Eden regions: 284->0(467)
[398.225s][info][gc,heap        ] GC(929) Survivor regions: 66->7(44)
[398.225s][info][gc,heap        ] GC(929) Old regions: 327->388
[398.225s][info][gc,heap        ] GC(929) Humongous regions: 4->4
[398.225s][info][gc,metaspace   ] GC(929) Metaspace: 18934K(19136K)->18934K(19136K) NonClass: 16267K(16384K)->16267K(16384K) Class: 2667K(2752K)->2667K(2752K)
[398.225s][info][gc             ] GC(929) Pause Young (Mixed) (G1 Evacuation Pause) 680M->398M(978M) 73.479ms
[398.225s][info][gc,cpu         ] GC(929) User=0.15s Sys=0.00s Real=0.08s
[398.789s][info][gc,start       ] GC(930) Pause Young (Mixed) (G1 Evacuation Pause)
[398.789s][info][gc,task        ] GC(930) Using 2 workers of 2 for evacuation
[398.817s][info][gc,phases      ] GC(930)   Pre Evacuate Collection Set: 0.51ms
[398.817s][info][gc,phases      ] GC(930)   Merge Heap Roots: 0.28ms
[398.817s][info][gc,phases      ] GC(930)   Evacuate Collection Set: 26.33ms
[398.817s][info][gc,phases      ] GC(930)   Post Evacuate Collection Set: 0.69ms
[398.817s][info][gc,phases      ] GC(930)   Other: 0.12ms
[398.817s][info][gc,heap        ] GC(930) Eden regions: 467->0(493)
[398.817s][info][gc,heap        ] GC(930) Survivor regions: 7->22(60)
[398.817s][info][gc,heap        ] GC(930) Old regions: 388->356
[398.817s][info][gc,heap        ] GC(930) Humongous regions: 4->4
[398.817s][info][gc,metaspace   ] GC(930) Metaspace: 18934K(19136K)->18934K(19136K) NonClass: 16267K(16384K)->16267K(16384K) Class: 2667K(2752K)->2667K(2752K)
[398.817s][info][gc             ] GC(930) Pause Young (Mixed) (G1 Evacuation Pause) 865M->381M(978M) 28.125ms
[398.817s][info][gc,cpu         ] GC(930) User=0.05s Sys=0.00s Real=0.03s
[399.852s][info][gc,start       ] GC(931) Pause Young (Concurrent Start) (G1 Evacuation Pause)
[399.852s][info][gc,task        ] GC(931) Using 2 workers of 2 for evacuation
[399.904s][info][gc,phases      ] GC(931)   Pre Evacuate Collection Set: 0.36ms
[399.904s][info][gc,phases      ] GC(931)   Merge Heap Roots: 0.26ms
[399.904s][info][gc,phases      ] GC(931)   Evacuate Collection Set: 50.50ms
[399.904s][info][gc,phases      ] GC(931)   Post Evacuate Collection Set: 0.73ms
[399.904s][info][gc,phases      ] GC(931)   Other: 0.12ms
[399.904s][info][gc,heap        ] GC(931) Eden regions: 493->0(463)
[399.904s][info][gc,heap        ] GC(931) Survivor regions: 22->51(65)
[399.904s][info][gc,heap        ] GC(931) Old regions: 356->356
[399.904s][info][gc,heap        ] GC(931) Humongous regions: 4->4
[399.904s][info][gc,metaspace   ] GC(931) Metaspace: 18935K(19136K)->18935K(19136K) NonClass: 16268K(16384K)->16268K(16384K) Class: 2667K(2752K)->2667K(2752K)
[399.904s][info][gc             ] GC(931) Pause Young (Concurrent Start) (G1 Evacuation Pause) 874M->409M(978M) 52.196ms
[399.904s][info][gc,cpu         ] GC(931) User=0.10s Sys=0.00s Real=0.06s
[399.904s][info][gc             ] GC(932) Concurrent Mark Cycle
[399.904s][info][gc,marking     ] GC(932) Concurrent Scan Root Regions
[399.971s][info][gc,marking     ] GC(932) Concurrent Scan Root Regions 66.447ms
[399.971s][info][gc,marking     ] GC(932) Concurrent Mark
[399.971s][info][gc,marking     ] GC(932) Concurrent Mark From Roots
[399.971s][info][gc,task        ] GC(932) Using 1 workers of 1 for marking
[400.796s][info][gc,start       ] GC(933) Pause Young (Normal) (G1 Evacuation Pause)
[400.796s][info][gc,task        ] GC(933) Using 2 workers of 2 for evacuation
[401.019s][info][gc,mmu         ] GC(933) MMU target violated: 201.0ms (200.0ms/201.0ms)
[401.019s][info][gc,phases      ] GC(933)   Pre Evacuate Collection Set: 0.49ms
[401.019s][info][gc,phases      ] GC(933)   Merge Heap Roots: 0.27ms
[401.019s][info][gc,phases      ] GC(933)   Evacuate Collection Set: 189.04ms
[401.019s][info][gc,phases      ] GC(933)   Post Evacuate Collection Set: 33.11ms
[401.019s][info][gc,phases      ] GC(933)   Other: 0.20ms
[401.019s][info][gc,heap        ] GC(933) Eden regions: 463->0(24)
[401.019s][info][gc,heap        ] GC(933) Survivor regions: 51->65(65)
[401.019s][info][gc,heap        ] GC(933) Old regions: 356->770
[401.019s][info][gc,heap        ] GC(933) Humongous regions: 4->4
[401.019s][info][gc,metaspace   ] GC(933) Metaspace: 18935K(19136K)->18935K(19136K) NonClass: 16268K(16384K)->16268K(16384K) Class: 2667K(2752K)->2667K(2752K)
[401.019s][info][gc             ] GC(933) Pause Young (Normal) (G1 Evacuation Pause) (Evacuation Failure: Allocation) 872M->838M(978M) 223.316ms
[401.019s][info][gc,cpu         ] GC(933) User=0.44s Sys=0.00s Real=0.22s
[401.094s][info][gc,start       ] GC(934) Pause Young (Normal) (G1 Evacuation Pause)
[401.094s][info][gc,task        ] GC(934) Using 2 workers of 2 for evacuation
[401.222s][info][gc,phases      ] GC(934)   Pre Evacuate Collection Set: 0.40ms
[401.222s][info][gc,phases      ] GC(934)   Merge Heap Roots: 1.47ms
[401.222s][info][gc,phases      ] GC(934)   Evacuate Collection Set: 122.25ms
[401.222s][info][gc,phases      ] GC(934)   Merge Optional Heap Roots: 0.03ms
[401.222s][info][gc,phases      ] GC(934)   Evacuate Optional Collection Set: 2.55ms
[401.222s][info][gc,phases      ] GC(934)   Post Evacuate Collection Set: 0.62ms
[401.222s][info][gc,phases      ] GC(934)   Other: 0.11ms
[401.222s][info][gc,heap        ] GC(934) Eden regions: 24->0(209)
[401.222s][info][gc,heap        ] GC(934) Survivor regions: 65->9(12)
[401.222s][info][gc,heap        ] GC(934) Old regions: 770->683
[401.222s][info][gc,heap        ] GC(934) Humongous regions: 4->4
[401.222s][info][gc,metaspace   ] GC(934) Metaspace: 18935K(19136K)->18935K(19136K) NonClass: 16268K(16384K)->16268K(16384K) Class: 2667K(2752K)->2667K(2752K)
[401.222s][info][gc             ] GC(934) Pause Young (Normal) (G1 Evacuation Pause) 862M->694M(978M) 127.698ms
[401.222s][info][gc,cpu         ] GC(934) User=0.25s Sys=0.00s Real=0.12s
[401.312s][info][gc,marking     ] GC(932) Concurrent Mark From Roots 1341.464ms
[401.312s][info][gc,marking     ] GC(932) Concurrent Preclean
[401.312s][info][gc,marking     ] GC(932) Concurrent Preclean 0.044ms
[401.312s][info][gc,start       ] GC(932) Pause Remark
[401.320s][info][gc             ] GC(932) Pause Remark 753M->753M(978M) 7.796ms
[401.320s][info][gc,cpu         ] GC(932) User=0.02s Sys=0.00s Real=0.01s
[401.320s][info][gc,marking     ] GC(932) Concurrent Mark 1349.597ms
[401.320s][info][gc,marking     ] GC(932) Concurrent Rebuild Remembered Sets and Scrub Regions
[401.560s][info][gc,start       ] GC(935) Pause Young (Normal) (G1 Evacuation Pause)
[401.560s][info][gc,task        ] GC(935) Using 2 workers of 2 for evacuation
[401.644s][info][gc,phases      ] GC(935)   Pre Evacuate Collection Set: 0.32ms
[401.644s][info][gc,phases      ] GC(935)   Merge Heap Roots: 1.54ms
[401.644s][info][gc,phases      ] GC(935)   Evacuate Collection Set: 80.55ms
[401.644s][info][gc,phases      ] GC(935)   Post Evacuate Collection Set: 0.89ms
[401.644s][info][gc,phases      ] GC(935)   Other: 0.09ms
[401.644s][info][gc,heap        ] GC(935) Eden regions: 209->0(255)
[401.644s][info][gc,heap        ] GC(935) Survivor regions: 9->24(28)
[401.644s][info][gc,heap        ] GC(935) Old regions: 683->609
[401.644s][info][gc,heap        ] GC(935) Humongous regions: 5->5
[401.644s][info][gc,metaspace   ] GC(935) Metaspace: 18935K(19136K)->18935K(19136K) NonClass: 16268K(16384K)->16268K(16384K) Class: 2667K(2752K)->2667K(2752K)
[401.644s][info][gc             ] GC(935) Pause Young (Normal) (G1 Evacuation Pause) 904M->637M(978M) 83.639ms
[401.644s][info][gc,cpu         ] GC(935) User=0.17s Sys=0.01s Real=0.09s
[401.935s][info][gc,marking     ] GC(932) Concurrent Rebuild Remembered Sets and Scrub Regions 614.592ms
[401.935s][info][gc,start       ] GC(932) Pause Cleanup
[401.935s][info][gc             ] GC(932) Pause Cleanup 755M->755M(978M) 0.105ms
[401.935s][info][gc,cpu         ] GC(932) User=0.00s Sys=0.00s Real=0.00s
[401.935s][info][gc,marking     ] GC(932) Concurrent Clear Claimed Marks
[401.936s][info][gc,marking     ] GC(932) Concurrent Clear Claimed Marks 0.032ms
[401.936s][info][gc,marking     ] GC(932) Concurrent Cleanup for Next Mark
[401.941s][info][gc,marking     ] GC(932) Concurrent Cleanup for Next Mark 5.229ms
[401.941s][info][gc             ] GC(932) Concurrent Mark Cycle 2036.652ms
[402.146s][info][gc,start       ] GC(936) Pause Young (Prepare Mixed) (G1 Evacuation Pause)
[402.146s][info][gc,task        ] GC(936) Using 2 workers of 2 for evacuation
[402.268s][info][gc,phases      ] GC(936)   Pre Evacuate Collection Set: 0.54ms
[402.268s][info][gc,phases      ] GC(936)   Merge Heap Roots: 1.09ms
[402.268s][info][gc,phases      ] GC(936)   Evacuate Collection Set: 118.56ms
[402.268s][info][gc,phases      ] GC(936)   Post Evacuate Collection Set: 0.98ms
[402.268s][info][gc,phases      ] GC(936)   Other: 0.09ms
[402.268s][info][gc,heap        ] GC(936) Eden regions: 255->0(256)
[402.268s][info][gc,heap        ] GC(936) Survivor regions: 24->35(35)
[402.268s][info][gc,heap        ] GC(936) Old regions: 609->581
[402.268s][info][gc,heap        ] GC(936) Humongous regions: 13->13
[402.268s][info][gc,metaspace   ] GC(936) Metaspace: 18935K(19136K)->18935K(19136K) NonClass: 16268K(16384K)->16268K(16384K) Class: 2667K(2752K)->2667K(2752K)
[402.268s][info][gc             ] GC(936) Pause Young (Prepare Mixed) (G1 Evacuation Pause) 900M->628M(978M) 121.497ms
[402.268s][info][gc,cpu         ] GC(936) User=0.24s Sys=0.00s Real=0.12s
[402.679s][info][gc,start       ] GC(937) Pause Young (Mixed) (G1 Evacuation Pause)
[402.679s][info][gc,task        ] GC(937) Using 2 workers of 2 for evacuation
[402.756s][info][gc,phases      ] GC(937)   Pre Evacuate Collection Set: 0.53ms
[402.756s][info][gc,phases      ] GC(937)   Merge Heap Roots: 0.85ms
[402.756s][info][gc,phases      ] GC(937)   Evacuate Collection Set: 75.27ms
[402.756s][info][gc,phases      ] GC(937)   Post Evacuate Collection Set: 0.53ms
[402.756s][info][gc,phases      ] GC(937)   Other: 0.08ms
[402.756s][info][gc,heap        ] GC(937) Eden regions: 256->0(273)
[402.756s][info][gc,heap        ] GC(937) Survivor regions: 35->1(37)
[402.756s][info][gc,heap        ] GC(937) Old regions: 581->607
[402.756s][info][gc,heap        ] GC(937) Humongous regions: 13->13
[402.756s][info][gc,metaspace   ] GC(937) Metaspace: 18935K(19136K)->18935K(19136K) NonClass: 16268K(16384K)->16268K(16384K) Class: 2667K(2752K)->2667K(2752K)
[402.756s][info][gc             ] GC(937) Pause Young (Mixed) (G1 Evacuation Pause) 884M->620M(978M) 77.513ms
[402.756s][info][gc,cpu         ] GC(937) User=0.15s Sys=0.00s Real=0.08s
[403.168s][info][gc,start       ] GC(938) Pause Young (Concurrent Start) (G1 Evacuation Pause)
[403.168s][info][gc,task        ] GC(938) Using 2 workers of 2 for evacuation
[403.169s][info][gc,phases      ] GC(938)   Pre Evacuate Collection Set: 0.31ms
[403.169s][info][gc,phases      ] GC(938)   Merge Heap Roots: 0.09ms
[403.169s][info][gc,phases      ] GC(938)   Evacuate Collection Set: 0.47ms
[403.169s][info][gc,phases      ] GC(938)   Post Evacuate Collection Set: 0.46ms
[403.169s][info][gc,phases      ] GC(938)   Other: 0.10ms
[403.169s][info][gc,heap        ] GC(938) Eden regions: 273->0(285)
[403.169s][info][gc,heap        ] GC(938) Survivor regions: 1->1(35)
[403.170s][info][gc,heap        ] GC(938) Old regions: 607->607
[403.170s][info][gc,heap        ] GC(938) Humongous regions: 13->13
[403.170s][info][gc,metaspace   ] GC(938) Metaspace: 18935K(19136K)->18935K(19136K) NonClass: 16268K(16384K)->16268K(16384K) Class: 2667K(2752K)->2667K(2752K)
[403.170s][info][gc             ] GC(938) Pause Young (Concurrent Start) (G1 Evacuation Pause) 893M->620M(978M) 1.668ms
[403.170s][info][gc,cpu         ] GC(938) User=0.00s Sys=0.00s Real=0.00s
[403.170s][info][gc             ] GC(939) Concurrent Mark Cycle
[403.170s][info][gc,marking     ] GC(939) Concurrent Scan Root Regions
[403.172s][info][gc,marking     ] GC(939) Concurrent Scan Root Regions 2.260ms
[403.172s][info][gc,marking     ] GC(939) Concurrent Mark
[403.172s][info][gc,marking     ] GC(939) Concurrent Mark From Roots
[403.172s][info][gc,task        ] GC(939) Using 1 workers of 1 for marking
[404.241s][info][gc,start       ] GC(940) Pause Young (Normal) (G1 Evacuation Pause)
[404.241s][info][gc,task        ] GC(940) Using 2 workers of 2 for evacuation
[404.243s][info][gc,phases      ] GC(940)   Pre Evacuate Collection Set: 0.28ms
[404.243s][info][gc,phases      ] GC(940)   Merge Heap Roots: 0.09ms
[404.243s][info][gc,phases      ] GC(940)   Evacuate Collection Set: 0.28ms
[404.243s][info][gc,phases      ] GC(940)   Post Evacuate Collection Set: 0.42ms
[404.243s][info][gc,phases      ] GC(940)   Other: 0.08ms
[404.243s][info][gc,heap        ] GC(940) Eden regions: 285->0(295)
[404.243s][info][gc,heap        ] GC(940) Survivor regions: 1->1(36)
[404.243s][info][gc,heap        ] GC(940) Old regions: 607->607
[404.243s][info][gc,heap        ] GC(940) Humongous regions: 13->13
[404.243s][info][gc,metaspace   ] GC(940) Metaspace: 18935K(19136K)->18935K(19136K) NonClass: 16268K(16384K)->16268K(16384K) Class: 2667K(2752K)->2667K(2752K)
[404.243s][info][gc             ] GC(940) Pause Young (Normal) (G1 Evacuation Pause) 905M->620M(978M) 1.342ms
[404.243s][info][gc,cpu         ] GC(940) User=0.00s Sys=0.00s Real=0.00s
[404.362s][info][gc,marking     ] GC(939) Concurrent Mark From Roots 1189.738ms
[404.362s][info][gc,marking     ] GC(939) Concurrent Preclean
[404.362s][info][gc,marking     ] GC(939) Concurrent Preclean 0.040ms
[404.362s][info][gc,start       ] GC(939) Pause Remark
[404.370s][info][gc             ] GC(939) Pause Remark 657M->590M(978M) 7.758ms
[404.370s][info][gc,cpu         ] GC(939) User=0.02s Sys=0.00s Real=0.01s
[404.371s][info][gc,marking     ] GC(939) Concurrent Mark 1199.010ms
[404.371s][info][gc,marking     ] GC(939) Concurrent Rebuild Remembered Sets and Scrub Regions
[404.702s][info][gc,start       ] GC(941) Pause Young (Normal) (G1 Evacuation Pause)
[404.702s][info][gc,task        ] GC(941) Using 2 workers of 2 for evacuation
[404.737s][info][gc,phases      ] GC(941)   Pre Evacuate Collection Set: 0.28ms
[404.737s][info][gc,phases      ] GC(941)   Merge Heap Roots: 0.21ms
[404.737s][info][gc,phases      ] GC(941)   Evacuate Collection Set: 34.08ms
[404.737s][info][gc,phases      ] GC(941)   Post Evacuate Collection Set: 0.47ms
[404.737s][info][gc,phases      ] GC(941)   Other: 0.10ms
[404.737s][info][gc,heap        ] GC(941) Eden regions: 295->0(311)
[404.737s][info][gc,heap        ] GC(941) Survivor regions: 1->31(37)
[404.737s][info][gc,heap        ] GC(941) Old regions: 546->546
[404.737s][info][gc,heap        ] GC(941) Humongous regions: 7->7
[404.737s][info][gc,metaspace   ] GC(941) Metaspace: 18935K(19136K)->18935K(19136K) NonClass: 16268K(16384K)->16268K(16384K) Class: 2667K(2752K)->2667K(2752K)
[404.737s][info][gc             ] GC(941) Pause Young (Normal) (G1 Evacuation Pause) 848M->583M(978M) 35.397ms
[404.737s][info][gc,cpu         ] GC(941) User=0.07s Sys=0.00s Real=0.04s
[404.923s][info][gc,marking     ] GC(939) Concurrent Rebuild Remembered Sets and Scrub Regions 551.724ms
[404.923s][info][gc,start       ] GC(939) Pause Cleanup
[404.923s][info][gc             ] GC(939) Pause Cleanup 734M->734M(978M) 0.166ms
[404.923s][info][gc,cpu         ] GC(939) User=0.00s Sys=0.00s Real=0.00s
[404.923s][info][gc,marking     ] GC(939) Concurrent Clear Claimed Marks
[404.923s][info][gc,marking     ] GC(939) Concurrent Clear Claimed Marks 0.044ms
[404.924s][info][gc,marking     ] GC(939) Concurrent Cleanup for Next Mark
[404.931s][info][gc,marking     ] GC(939) Concurrent Cleanup for Next Mark 7.240ms
[404.931s][info][gc             ] GC(939) Concurrent Mark Cycle 1761.186ms
[405.093s][info][gc,start       ] GC(942) Pause Young (Prepare Mixed) (G1 Evacuation Pause)
[405.093s][info][gc,task        ] GC(942) Using 2 workers of 2 for evacuation
[405.131s][info][gc,phases      ] GC(942)   Pre Evacuate Collection Set: 0.30ms
[405.131s][info][gc,phases      ] GC(942)   Merge Heap Roots: 0.16ms
[405.131s][info][gc,phases      ] GC(942)   Evacuate Collection Set: 36.58ms
[405.131s][info][gc,phases      ] GC(942)   Post Evacuate Collection Set: 0.54ms
[405.131s][info][gc,phases      ] GC(942)   Other: 0.10ms
[405.131s][info][gc,heap        ] GC(942) Eden regions: 311->0(314)
[405.131s][info][gc,heap        ] GC(942) Survivor regions: 31->7(43)
[405.131s][info][gc,heap        ] GC(942) Old regions: 546->577
[405.131s][info][gc,heap        ] GC(942) Humongous regions: 7->7
[405.131s][info][gc,metaspace   ] GC(942) Metaspace: 18935K(19136K)->18935K(19136K) NonClass: 16268K(16384K)->16268K(16384K) Class: 2667K(2752K)->2667K(2752K)
[405.131s][info][gc             ] GC(942) Pause Young (Prepare Mixed) (G1 Evacuation Pause) 894M->590M(978M) 37.975ms
[405.131s][info][gc,cpu         ] GC(942) User=0.07s Sys=0.00s Real=0.03s
[405.665s][info][gc,start       ] GC(943) Pause Young (Mixed) (G1 Evacuation Pause)
[405.665s][info][gc,task        ] GC(943) Using 2 workers of 2 for evacuation
[405.686s][info][gc,phases      ] GC(943)   Pre Evacuate Collection Set: 0.33ms
[405.686s][info][gc,phases      ] GC(943)   Merge Heap Roots: 0.36ms
[405.686s][info][gc,phases      ] GC(943)   Evacuate Collection Set: 18.89ms
[405.686s][info][gc,phases      ] GC(943)   Post Evacuate Collection Set: 0.64ms
[405.686s][info][gc,phases      ] GC(943)   Other: 0.12ms
[405.686s][info][gc,heap        ] GC(943) Eden regions: 314->0(382)
[405.686s][info][gc,heap        ] GC(943) Survivor regions: 7->11(41)
[405.686s][info][gc,heap        ] GC(943) Old regions: 577->493
[405.686s][info][gc,heap        ] GC(943) Humongous regions: 7->7
[405.686s][info][gc,metaspace   ] GC(943) Metaspace: 18935K(19136K)->18935K(19136K) NonClass: 16268K(16384K)->16268K(16384K) Class: 2667K(2752K)->2667K(2752K)
[405.686s][info][gc             ] GC(943) Pause Young (Mixed) (G1 Evacuation Pause) 904M->509M(978M) 20.600ms
[405.686s][info][gc,cpu         ] GC(943) User=0.04s Sys=0.00s Real=0.02s
[406.261s][info][gc,start       ] GC(944) Pause Young (Concurrent Start) (G1 Evacuation Pause)
[406.261s][info][gc,task        ] GC(944) Using 2 workers of 2 for evacuation
[406.288s][info][gc,phases      ] GC(944)   Pre Evacuate Collection Set: 0.29ms
[406.288s][info][gc,phases      ] GC(944)   Merge Heap Roots: 0.20ms
[406.288s][info][gc,phases      ] GC(944)   Evacuate Collection Set: 25.77ms
[406.288s][info][gc,phases      ] GC(944)   Post Evacuate Collection Set: 0.58ms
[406.288s][info][gc,phases      ] GC(944)   Other: 0.12ms
[406.288s][info][gc,heap        ] GC(944) Eden regions: 382->0(376)
[406.288s][info][gc,heap        ] GC(944) Survivor regions: 11->24(50)
[406.288s][info][gc,heap        ] GC(944) Old regions: 493->493
[406.288s][info][gc,heap        ] GC(944) Humongous regions: 7->7
[406.288s][info][gc,metaspace   ] GC(944) Metaspace: 18935K(19136K)->18935K(19136K) NonClass: 16268K(16384K)->16268K(16384K) Class: 2667K(2752K)->2667K(2752K)
[406.288s][info][gc             ] GC(944) Pause Young (Concurrent Start) (G1 Evacuation Pause) 891M->522M(978M) 27.209ms
[406.288s][info][gc,cpu         ] GC(944) User=0.06s Sys=0.00s Real=0.03s
[406.288s][info][gc             ] GC(945) Concurrent Mark Cycle
[406.288s][info][gc,marking     ] GC(945) Concurrent Scan Root Regions
[406.329s][info][gc,marking     ] GC(945) Concurrent Scan Root Regions 40.897ms
[406.329s][info][gc,marking     ] GC(945) Concurrent Mark
[406.329s][info][gc,marking     ] GC(945) Concurrent Mark From Roots
[406.329s][info][gc,task        ] GC(945) Using 1 workers of 1 for marking
[407.201s][info][gc,marking     ] GC(945) Concurrent Mark From Roots 872.171ms
[407.201s][info][gc,marking     ] GC(945) Concurrent Preclean
[407.201s][info][gc,marking     ] GC(945) Concurrent Preclean 0.034ms
[407.202s][info][gc,start       ] GC(945) Pause Remark
[407.209s][info][gc             ] GC(945) Pause Remark 864M->706M(978M) 7.764ms
[407.209s][info][gc,cpu         ] GC(945) User=0.01s Sys=0.00s Real=0.01s
[407.209s][info][gc,marking     ] GC(945) Concurrent Mark 880.283ms
[407.209s][info][gc,marking     ] GC(945) Concurrent Rebuild Remembered Sets and Scrub Regions
[407.309s][info][gc,start       ] GC(946) Pause Young (Normal) (G1 Evacuation Pause)
[407.309s][info][gc,task        ] GC(946) Using 2 workers of 2 for evacuation
[407.406s][info][gc,phases      ] GC(946)   Pre Evacuate Collection Set: 0.26ms
[407.406s][info][gc,phases      ] GC(946)   Merge Heap Roots: 0.23ms
[407.406s][info][gc,phases      ] GC(946)   Evacuate Collection Set: 95.92ms
[407.406s][info][gc,phases      ] GC(946)   Post Evacuate Collection Set: 0.73ms
[407.406s][info][gc,phases      ] GC(946)   Other: 0.08ms
[407.406s][info][gc,heap        ] GC(946) Eden regions: 376->0(414)
[407.406s][info][gc,heap        ] GC(946) Survivor regions: 24->50(50)
[407.406s][info][gc,heap        ] GC(946) Old regions: 337->374
[407.406s][info][gc,heap        ] GC(946) Humongous regions: 8->8
[407.406s][info][gc,metaspace   ] GC(946) Metaspace: 18939K(19136K)->18939K(19136K) NonClass: 16272K(16384K)->16272K(16384K) Class: 2667K(2752K)->2667K(2752K)
[407.406s][info][gc             ] GC(946) Pause Young (Normal) (G1 Evacuation Pause) 743M->431M(978M) 97.452ms
[407.406s][info][gc,cpu         ] GC(946) User=0.19s Sys=0.00s Real=0.10s
[407.585s][info][gc,marking     ] GC(945) Concurrent Rebuild Remembered Sets and Scrub Regions 375.564ms
[407.585s][info][gc,start       ] GC(945) Pause Cleanup
[407.585s][info][gc             ] GC(945) Pause Cleanup 516M->516M(978M) 0.092ms
[407.585s][info][gc,cpu         ] GC(945) User=0.00s Sys=0.00s Real=0.00s
[407.586s][info][gc,marking     ] GC(945) Concurrent Clear Claimed Marks
[407.586s][info][gc,marking     ] GC(945) Concurrent Clear Claimed Marks 0.036ms
[407.586s][info][gc,marking     ] GC(945) Concurrent Cleanup for Next Mark
[407.590s][info][gc,marking     ] GC(945) Concurrent Cleanup for Next Mark 3.844ms
[407.590s][info][gc             ] GC(945) Concurrent Mark Cycle 1301.959ms
[408.063s][info][gc,start       ] GC(947) Pause Young (Prepare Mixed) (G1 Evacuation Pause)
[408.063s][info][gc,task        ] GC(947) Using 2 workers of 2 for evacuation
[408.120s][info][gc,phases      ] GC(947)   Pre Evacuate Collection Set: 0.54ms
[408.120s][info][gc,phases      ] GC(947)   Merge Heap Roots: 0.70ms
[408.120s][info][gc,phases      ] GC(947)   Evacuate Collection Set: 55.68ms
[408.120s][info][gc,phases      ] GC(947)   Post Evacuate Collection Set: 0.62ms
[408.120s][info][gc,phases      ] GC(947)   Other: 0.08ms
[408.120s][info][gc,heap        ] GC(947) Eden regions: 414->0(435)
[408.120s][info][gc,heap        ] GC(947) Survivor regions: 50->1(58)
[408.120s][info][gc,heap        ] GC(947) Old regions: 374->425
[408.120s][info][gc,heap        ] GC(947) Humongous regions: 8->8
[408.120s][info][gc,metaspace   ] GC(947) Metaspace: 18939K(19136K)->18939K(19136K) NonClass: 16272K(16384K)->16272K(16384K) Class: 2667K(2752K)->2667K(2752K)
[408.121s][info][gc             ] GC(947) Pause Young (Prepare Mixed) (G1 Evacuation Pause) 845M->433M(978M) 57.844ms
[408.121s][info][gc,cpu         ] GC(947) User=0.11s Sys=0.00s Real=0.06s
[408.713s][info][gc,start       ] GC(948) Pause Young (Mixed) (G1 Evacuation Pause)
[408.713s][info][gc,task        ] GC(948) Using 2 workers of 2 for evacuation
[408.731s][info][gc,phases      ] GC(948)   Pre Evacuate Collection Set: 0.29ms
[408.731s][info][gc,phases      ] GC(948)   Merge Heap Roots: 0.21ms
[408.731s][info][gc,phases      ] GC(948)   Evacuate Collection Set: 16.54ms
[408.731s][info][gc,phases      ] GC(948)   Post Evacuate Collection Set: 0.62ms
[408.731s][info][gc,phases      ] GC(948)   Other: 0.11ms
[408.731s][info][gc,heap        ] GC(948) Eden regions: 435->0(441)
[408.731s][info][gc,heap        ] GC(948) Survivor regions: 1->14(55)
[408.731s][info][gc,heap        ] GC(948) Old regions: 425->414
[408.731s][info][gc,heap        ] GC(948) Humongous regions: 8->8
[408.731s][info][gc,metaspace   ] GC(948) Metaspace: 18939K(19136K)->18939K(19136K) NonClass: 16272K(16384K)->16272K(16384K) Class: 2667K(2752K)->2667K(2752K)
[408.731s][info][gc             ] GC(948) Pause Young (Mixed) (G1 Evacuation Pause) 868M->435M(978M) 18.038ms
[408.731s][info][gc,cpu         ] GC(948) User=0.04s Sys=0.00s Real=0.02s
[409.120s][info][gc,start       ] GC(949) Pause Young (Concurrent Start) (G1 Evacuation Pause)
[409.120s][info][gc,task        ] GC(949) Using 2 workers of 2 for evacuation
[409.153s][info][gc,phases      ] GC(949)   Pre Evacuate Collection Set: 0.30ms
[409.153s][info][gc,phases      ] GC(949)   Merge Heap Roots: 0.19ms
[409.153s][info][gc,phases      ] GC(949)   Evacuate Collection Set: 31.82ms
[409.153s][info][gc,phases      ] GC(949)   Post Evacuate Collection Set: 0.60ms
[409.153s][info][gc,phases      ] GC(949)   Other: 0.14ms
[409.153s][info][gc,heap        ] GC(949) Eden regions: 441->0(436)
[409.153s][info][gc,heap        ] GC(949) Survivor regions: 14->30(57)
[409.153s][info][gc,heap        ] GC(949) Old regions: 414->414
[409.153s][info][gc,heap        ] GC(949) Humongous regions: 8->8
[409.153s][info][gc,metaspace   ] GC(949) Metaspace: 18939K(19136K)->18939K(19136K) NonClass: 16272K(16384K)->16272K(16384K) Class: 2667K(2752K)->2667K(2752K)
[409.153s][info][gc             ] GC(949) Pause Young (Concurrent Start) (G1 Evacuation Pause) 876M->451M(978M) 33.242ms
[409.153s][info][gc             ] GC(950) Concurrent Mark Cycle
[409.153s][info][gc,marking     ] GC(950) Concurrent Scan Root Regions
[409.155s][info][gc,cpu         ] GC(949) User=0.07s Sys=0.00s Real=0.04s
[409.209s][info][gc,marking     ] GC(950) Concurrent Scan Root Regions 55.435ms
[409.209s][info][gc,marking     ] GC(950) Concurrent Mark
[409.209s][info][gc,marking     ] GC(950) Concurrent Mark From Roots
[409.209s][info][gc,task        ] GC(950) Using 1 workers of 1 for marking
[409.954s][info][gc,marking     ] GC(950) Concurrent Mark From Roots 745.416ms
[409.954s][info][gc,marking     ] GC(950) Concurrent Preclean
[409.954s][info][gc,marking     ] GC(950) Concurrent Preclean 0.035ms
[409.954s][info][gc,start       ] GC(950) Pause Remark
[409.962s][info][gc             ] GC(950) Pause Remark 834M->760M(978M) 7.504ms
[409.962s][info][gc,cpu         ] GC(950) User=0.01s Sys=0.00s Real=0.00s
[409.962s][info][gc,marking     ] GC(950) Concurrent Mark 753.243ms
[409.962s][info][gc,marking     ] GC(950) Concurrent Rebuild Remembered Sets and Scrub Regions
[410.077s][info][gc,start       ] GC(951) Pause Young (Normal) (G1 Evacuation Pause)
[410.077s][info][gc,task        ] GC(951) Using 2 workers of 2 for evacuation
[410.183s][info][gc,phases      ] GC(951)   Pre Evacuate Collection Set: 0.30ms
[410.183s][info][gc,phases      ] GC(951)   Merge Heap Roots: 0.49ms
[410.183s][info][gc,phases      ] GC(951)   Evacuate Collection Set: 104.00ms
[410.183s][info][gc,phases      ] GC(951)   Post Evacuate Collection Set: 0.66ms
[410.183s][info][gc,phases      ] GC(951)   Other: 0.11ms
[410.183s][info][gc,heap        ] GC(951) Eden regions: 436->0(416)
[410.183s][info][gc,heap        ] GC(951) Survivor regions: 30->59(59)
[410.183s][info][gc,heap        ] GC(951) Old regions: 343->376
[410.183s][info][gc,heap        ] GC(951) Humongous regions: 5->5
[410.183s][info][gc,metaspace   ] GC(951) Metaspace: 18940K(19136K)->18940K(19136K) NonClass: 16273K(16384K)->16273K(16384K) Class: 2667K(2752K)->2667K(2752K)
[410.183s][info][gc             ] GC(951) Pause Young (Normal) (G1 Evacuation Pause) 813M->439M(978M) 105.827ms
[410.183s][info][gc,cpu         ] GC(951) User=0.21s Sys=0.00s Real=0.10s
[410.301s][info][gc,marking     ] GC(950) Concurrent Rebuild Remembered Sets and Scrub Regions 339.454ms
[410.301s][info][gc,start       ] GC(950) Pause Cleanup
[410.302s][info][gc             ] GC(950) Pause Cleanup 505M->505M(978M) 0.126ms
[410.302s][info][gc,cpu         ] GC(950) User=0.00s Sys=0.00s Real=0.00s
[410.302s][info][gc,marking     ] GC(950) Concurrent Clear Claimed Marks
[410.302s][info][gc,marking     ] GC(950) Concurrent Clear Claimed Marks 0.034ms
[410.302s][info][gc,marking     ] GC(950) Concurrent Cleanup for Next Mark
[410.308s][info][gc,marking     ] GC(950) Concurrent Cleanup for Next Mark 6.065ms
[410.308s][info][gc             ] GC(950) Concurrent Mark Cycle 1154.768ms
[410.624s][info][gc,start       ] GC(952) Pause Young (Prepare Mixed) (G1 Evacuation Pause)
[410.624s][info][gc,task        ] GC(952) Using 2 workers of 2 for evacuation
[410.724s][info][gc,phases      ] GC(952)   Pre Evacuate Collection Set: 0.30ms
[410.724s][info][gc,phases      ] GC(952)   Merge Heap Roots: 0.49ms
[410.724s][info][gc,phases      ] GC(952)   Evacuate Collection Set: 98.93ms
[410.724s][info][gc,phases      ] GC(952)   Post Evacuate Collection Set: 0.71ms
[410.724s][info][gc,phases      ] GC(952)   Other: 0.11ms
[410.724s][info][gc,heap        ] GC(952) Eden regions: 416->0(390)
[410.725s][info][gc,heap        ] GC(952) Survivor regions: 59->34(60)
[410.725s][info][gc,heap        ] GC(952) Old regions: 376->436
[410.725s][info][gc,heap        ] GC(952) Humongous regions: 5->5
[410.725s][info][gc,metaspace   ] GC(952) Metaspace: 18940K(19136K)->18940K(19136K) NonClass: 16273K(16384K)->16273K(16384K) Class: 2667K(2752K)->2667K(2752K)
[410.725s][info][gc             ] GC(952) Pause Young (Prepare Mixed) (G1 Evacuation Pause) 855M->473M(978M) 100.787ms
[410.725s][info][gc,cpu         ] GC(952) User=0.20s Sys=0.00s Real=0.10s
[411.016s][info][gc,start       ] GC(953) Pause Young (Mixed) (G1 Evacuation Pause)
[411.016s][info][gc,task        ] GC(953) Using 2 workers of 2 for evacuation
[411.132s][info][gc,phases      ] GC(953)   Pre Evacuate Collection Set: 0.53ms
[411.133s][info][gc,phases      ] GC(953)   Merge Heap Roots: 0.70ms
[411.133s][info][gc,phases      ] GC(953)   Evacuate Collection Set: 114.67ms
[411.133s][info][gc,phases      ] GC(953)   Post Evacuate Collection Set: 0.80ms
[411.133s][info][gc,phases      ] GC(953)   Other: 0.12ms
[411.133s][info][gc,heap        ] GC(953) Eden regions: 390->0(343)
[411.133s][info][gc,heap        ] GC(953) Survivor regions: 34->53(53)
[411.133s][info][gc,heap        ] GC(953) Old regions: 436->439
[411.133s][info][gc,heap        ] GC(953) Humongous regions: 5->5
[411.133s][info][gc,metaspace   ] GC(953) Metaspace: 18943K(19136K)->18943K(19136K) NonClass: 16276K(16384K)->16276K(16384K) Class: 2667K(2752K)->2667K(2752K)
[411.133s][info][gc             ] GC(953) Pause Young (Mixed) (G1 Evacuation Pause) 863M->496M(978M) 117.070ms
[411.133s][info][gc,cpu         ] GC(953) User=0.23s Sys=0.00s Real=0.11s
[411.439s][info][gc,start       ] GC(954) Pause Young (Concurrent Start) (G1 Evacuation Pause)
[411.439s][info][gc,task        ] GC(954) Using 2 workers of 2 for evacuation
[411.502s][info][gc,phases      ] GC(954)   Pre Evacuate Collection Set: 0.33ms
[411.502s][info][gc,phases      ] GC(954)   Merge Heap Roots: 0.33ms
[411.502s][info][gc,phases      ] GC(954)   Evacuate Collection Set: 61.90ms
[411.502s][info][gc,phases      ] GC(954)   Post Evacuate Collection Set: 0.62ms
[411.502s][info][gc,phases      ] GC(954)   Other: 0.18ms
[411.502s][info][gc,heap        ] GC(954) Eden regions: 343->0(343)
[411.502s][info][gc,heap        ] GC(954) Survivor regions: 53->16(50)
[411.502s][info][gc,heap        ] GC(954) Old regions: 439->493
[411.502s][info][gc,heap        ] GC(954) Humongous regions: 5->5
[411.502s][info][gc,metaspace   ] GC(954) Metaspace: 18943K(19136K)->18943K(19136K) NonClass: 16276K(16384K)->16276K(16384K) Class: 2667K(2752K)->2667K(2752K)
[411.502s][info][gc             ] GC(954) Pause Young (Concurrent Start) (G1 Evacuation Pause) 839M->512M(978M) 63.605ms
[411.502s][info][gc             ] GC(955) Concurrent Mark Cycle
[411.502s][info][gc,marking     ] GC(955) Concurrent Scan Root Regions
[411.502s][info][gc,cpu         ] GC(954) User=0.13s Sys=0.00s Real=0.06s
[411.581s][info][gc,marking     ] GC(955) Concurrent Scan Root Regions 79.272ms
[411.582s][info][gc,marking     ] GC(955) Concurrent Mark
[411.582s][info][gc,marking     ] GC(955) Concurrent Mark From Roots
[411.582s][info][gc,task        ] GC(955) Using 1 workers of 1 for marking
[412.164s][info][gc,start       ] GC(956) Pause Young (Normal) (G1 Evacuation Pause)
[412.164s][info][gc,task        ] GC(956) Using 2 workers of 2 for evacuation
[412.194s][info][gc,phases      ] GC(956)   Pre Evacuate Collection Set: 0.30ms
[412.194s][info][gc,phases      ] GC(956)   Merge Heap Roots: 0.22ms
[412.194s][info][gc,phases      ] GC(956)   Evacuate Collection Set: 29.21ms
[412.194s][info][gc,phases      ] GC(956)   Post Evacuate Collection Set: 0.55ms
[412.194s][info][gc,phases      ] GC(956)   Other: 0.08ms
[412.194s][info][gc,heap        ] GC(956) Eden regions: 343->0(352)
[412.194s][info][gc,heap        ] GC(956) Survivor regions: 16->25(45)
[412.194s][info][gc,heap        ] GC(956) Old regions: 493->493
[412.194s][info][gc,heap        ] GC(956) Humongous regions: 5->5
[412.194s][info][gc,metaspace   ] GC(956) Metaspace: 18944K(19136K)->18944K(19136K) NonClass: 16276K(16384K)->16276K(16384K) Class: 2667K(2752K)->2667K(2752K)
[412.194s][info][gc             ] GC(956) Pause Young (Normal) (G1 Evacuation Pause) 855M->522M(978M) 30.566ms
[412.194s][info][gc,cpu         ] GC(956) User=0.06s Sys=0.00s Real=0.03s
[412.715s][info][gc,marking     ] GC(955) Concurrent Mark From Roots 1133.097ms
[412.715s][info][gc,marking     ] GC(955) Concurrent Preclean
[412.715s][info][gc,marking     ] GC(955) Concurrent Preclean 0.051ms
[412.715s][info][gc,start       ] GC(955) Pause Remark
[412.723s][info][gc             ] GC(955) Pause Remark 791M->791M(978M) 7.712ms
[412.723s][info][gc,cpu         ] GC(955) User=0.01s Sys=0.00s Real=0.00s
[412.724s][info][gc,marking     ] GC(955) Concurrent Mark 1142.001ms
[412.724s][info][gc,marking     ] GC(955) Concurrent Rebuild Remembered Sets and Scrub Regions
[412.994s][info][gc,start       ] GC(957) Pause Young (Normal) (G1 Evacuation Pause)
[412.994s][info][gc,task        ] GC(957) Using 2 workers of 2 for evacuation
[413.067s][info][gc,phases      ] GC(957)   Pre Evacuate Collection Set: 0.28ms
[413.067s][info][gc,phases      ] GC(957)   Merge Heap Roots: 0.51ms
[413.067s][info][gc,phases      ] GC(957)   Evacuate Collection Set: 71.53ms
[413.067s][info][gc,phases      ] GC(957)   Post Evacuate Collection Set: 0.66ms
[413.067s][info][gc,phases      ] GC(957)   Other: 0.10ms
[413.067s][info][gc,heap        ] GC(957) Eden regions: 352->0(325)
[413.067s][info][gc,heap        ] GC(957) Survivor regions: 25->38(48)
[413.067s][info][gc,heap        ] GC(957) Old regions: 493->508
[413.067s][info][gc,heap        ] GC(957) Humongous regions: 8->8
[413.067s][info][gc,metaspace   ] GC(957) Metaspace: 18945K(19136K)->18945K(19136K) NonClass: 16278K(16384K)->16278K(16384K) Class: 2667K(2752K)->2667K(2752K)
[413.067s][info][gc             ] GC(957) Pause Young (Normal) (G1 Evacuation Pause) 877M->553M(978M) 73.321ms
[413.067s][info][gc,cpu         ] GC(957) User=0.14s Sys=0.00s Real=0.07s
[413.241s][info][gc,marking     ] GC(955) Concurrent Rebuild Remembered Sets and Scrub Regions 516.962ms
[413.241s][info][gc,start       ] GC(955) Pause Cleanup
[413.241s][info][gc             ] GC(955) Pause Cleanup 648M->648M(978M) 0.088ms
[413.241s][info][gc,cpu         ] GC(955) User=0.00s Sys=0.00s Real=0.00s
[413.243s][info][gc,marking     ] GC(955) Concurrent Clear Claimed Marks
[413.243s][info][gc,marking     ] GC(955) Concurrent Clear Claimed Marks 0.048ms
[413.243s][info][gc,marking     ] GC(955) Concurrent Cleanup for Next Mark
[413.250s][info][gc,marking     ] GC(955) Concurrent Cleanup for Next Mark 6.781ms
[413.250s][info][gc             ] GC(955) Concurrent Mark Cycle 1747.611ms
[413.525s][info][gc,start       ] GC(958) Pause Young (Prepare Mixed) (G1 Evacuation Pause)
[413.526s][info][gc,task        ] GC(958) Using 2 workers of 2 for evacuation
[413.608s][info][gc,phases      ] GC(958)   Pre Evacuate Collection Set: 0.52ms
[413.608s][info][gc,phases      ] GC(958)   Merge Heap Roots: 0.62ms
[413.608s][info][gc,phases      ] GC(958)   Evacuate Collection Set: 80.29ms
[413.608s][info][gc,phases      ] GC(958)   Post Evacuate Collection Set: 0.59ms
[413.608s][info][gc,phases      ] GC(958)   Other: 0.10ms
[413.608s][info][gc,heap        ] GC(958) Eden regions: 325->0(304)
[413.608s][info][gc,heap        ] GC(958) Survivor regions: 38->27(46)
[413.608s][info][gc,heap        ] GC(958) Old regions: 508->545
[413.608s][info][gc,heap        ] GC(958) Humongous regions: 8->8
[413.608s][info][gc,metaspace   ] GC(958) Metaspace: 18946K(19136K)->18946K(19136K) NonClass: 16279K(16384K)->16279K(16384K) Class: 2667K(2752K)->2667K(2752K)
[413.608s][info][gc             ] GC(958) Pause Young (Prepare Mixed) (G1 Evacuation Pause) 878M->579M(978M) 82.353ms
[413.608s][info][gc,cpu         ] GC(958) User=0.17s Sys=0.00s Real=0.08s
[413.897s][info][gc,start       ] GC(959) Pause Young (Mixed) (G1 Evacuation Pause)
[413.897s][info][gc,task        ] GC(959) Using 2 workers of 2 for evacuation
[413.941s][info][gc,phases      ] GC(959)   Pre Evacuate Collection Set: 0.52ms
[413.941s][info][gc,phases      ] GC(959)   Merge Heap Roots: 0.40ms
[413.941s][info][gc,phases      ] GC(959)   Evacuate Collection Set: 42.01ms
[413.941s][info][gc,phases      ] GC(959)   Post Evacuate Collection Set: 0.53ms
[413.941s][info][gc,phases      ] GC(959)   Other: 0.10ms
[413.941s][info][gc,heap        ] GC(959) Eden regions: 304->0(320)
[413.941s][info][gc,heap        ] GC(959) Survivor regions: 27->4(42)
[413.941s][info][gc,heap        ] GC(959) Old regions: 545->564
[413.941s][info][gc,heap        ] GC(959) Humongous regions: 8->8
[413.941s][info][gc,metaspace   ] GC(959) Metaspace: 18948K(19136K)->18948K(19136K) NonClass: 16281K(16384K)->16281K(16384K) Class: 2667K(2752K)->2667K(2752K)
[413.941s][info][gc             ] GC(959) Pause Young (Mixed) (G1 Evacuation Pause) 883M->574M(978M) 43.754ms
[413.941s][info][gc,cpu         ] GC(959) User=0.09s Sys=0.00s Real=0.04s
[414.592s][info][gc,start       ] GC(960) Pause Young (Concurrent Start) (G1 Evacuation Pause)
[414.592s][info][gc,task        ] GC(960) Using 2 workers of 2 for evacuation
[414.608s][info][gc,phases      ] GC(960)   Pre Evacuate Collection Set: 0.31ms
[414.608s][info][gc,phases      ] GC(960)   Merge Heap Roots: 0.23ms
[414.608s][info][gc,phases      ] GC(960)   Evacuate Collection Set: 14.85ms
[414.608s][info][gc,phases      ] GC(960)   Post Evacuate Collection Set: 0.54ms
[414.608s][info][gc,phases      ] GC(960)   Other: 0.11ms
[414.608s][info][gc,heap        ] GC(960) Eden regions: 320->0(325)
[414.608s][info][gc,heap        ] GC(960) Survivor regions: 4->11(41)
[414.608s][info][gc,heap        ] GC(960) Old regions: 564->564
[414.608s][info][gc,heap        ] GC(960) Humongous regions: 8->8
[414.608s][info][gc,metaspace   ] GC(960) Metaspace: 18949K(19136K)->18949K(19136K) NonClass: 16282K(16384K)->16282K(16384K) Class: 2667K(2752K)->2667K(2752K)
[414.608s][info][gc             ] GC(960) Pause Young (Concurrent Start) (G1 Evacuation Pause) 894M->582M(978M) 16.251ms
[414.608s][info][gc             ] GC(961) Concurrent Mark Cycle
[414.608s][info][gc,marking     ] GC(961) Concurrent Scan Root Regions
[414.608s][info][gc,cpu         ] GC(960) User=0.03s Sys=0.00s Real=0.02s
[414.620s][info][gc,marking     ] GC(961) Concurrent Scan Root Regions 11.323ms
[414.620s][info][gc,marking     ] GC(961) Concurrent Mark
[414.620s][info][gc,marking     ] GC(961) Concurrent Mark From Roots
[414.620s][info][gc,task        ] GC(961) Using 1 workers of 1 for marking
[416.056s][info][gc,marking     ] GC(961) Concurrent Mark From Roots 1436.902ms
[416.057s][info][gc,marking     ] GC(961) Concurrent Preclean
[416.057s][info][gc,marking     ] GC(961) Concurrent Preclean 0.042ms
[416.057s][info][gc,start       ] GC(961) Pause Remark
[416.065s][info][gc             ] GC(961) Pause Remark 815M->814M(978M) 7.855ms
[416.065s][info][gc,cpu         ] GC(961) User=0.01s Sys=0.00s Real=0.01s
[416.065s][info][gc,marking     ] GC(961) Concurrent Mark 1445.082ms
[416.065s][info][gc,marking     ] GC(961) Concurrent Rebuild Remembered Sets and Scrub Regions
[416.363s][info][gc,start       ] GC(962) Pause Young (Normal) (G1 Evacuation Pause)
[416.363s][info][gc,task        ] GC(962) Using 2 workers of 2 for evacuation
[416.402s][info][gc,phases      ] GC(962)   Pre Evacuate Collection Set: 0.27ms
[416.402s][info][gc,phases      ] GC(962)   Merge Heap Roots: 0.35ms
[416.402s][info][gc,phases      ] GC(962)   Evacuate Collection Set: 37.42ms
[416.402s][info][gc,phases      ] GC(962)   Post Evacuate Collection Set: 0.53ms
[416.402s][info][gc,phases      ] GC(962)   Other: 0.11ms
[416.402s][info][gc,heap        ] GC(962) Eden regions: 325->0(293)
[416.402s][info][gc,heap        ] GC(962) Survivor regions: 11->32(42)
[416.402s][info][gc,heap        ] GC(962) Old regions: 564->564
[416.402s][info][gc,heap        ] GC(962) Humongous regions: 7->7
[416.402s][info][gc,metaspace   ] GC(962) Metaspace: 18949K(19136K)->18949K(19136K) NonClass: 16282K(16384K)->16282K(16384K) Class: 2667K(2752K)->2667K(2752K)
[416.402s][info][gc             ] GC(962) Pause Young (Normal) (G1 Evacuation Pause) 906M->602M(978M) 38.877ms
[416.402s][info][gc,cpu         ] GC(962) User=0.08s Sys=0.00s Real=0.03s
[416.589s][info][gc,marking     ] GC(961) Concurrent Rebuild Remembered Sets and Scrub Regions 524.577ms
[416.590s][info][gc,start       ] GC(961) Pause Cleanup
[416.590s][info][gc             ] GC(961) Pause Cleanup 668M->668M(978M) 0.090ms
[416.590s][info][gc,cpu         ] GC(961) User=0.00s Sys=0.00s Real=0.00s
[416.590s][info][gc,marking     ] GC(961) Concurrent Clear Claimed Marks
[416.590s][info][gc,marking     ] GC(961) Concurrent Clear Claimed Marks 0.040ms
[416.590s][info][gc,marking     ] GC(961) Concurrent Cleanup for Next Mark
[416.593s][info][gc,marking     ] GC(961) Concurrent Cleanup for Next Mark 2.806ms
[416.593s][info][gc             ] GC(961) Concurrent Mark Cycle 1984.886ms
[417.013s][info][gc,start       ] GC(963) Pause Young (Prepare Mixed) (G1 Evacuation Pause)
[417.013s][info][gc,task        ] GC(963) Using 2 workers of 2 for evacuation
[417.049s][info][gc,phases      ] GC(963)   Pre Evacuate Collection Set: 0.34ms
[417.049s][info][gc,phases      ] GC(963)   Merge Heap Roots: 0.33ms
[417.049s][info][gc,phases      ] GC(963)   Evacuate Collection Set: 35.34ms
[417.049s][info][gc,phases      ] GC(963)   Post Evacuate Collection Set: 0.54ms
[417.049s][info][gc,phases      ] GC(963)   Other: 0.12ms
[417.049s][info][gc,heap        ] GC(963) Eden regions: 293->0(316)
[417.049s][info][gc,heap        ] GC(963) Survivor regions: 32->1(41)
[417.049s][info][gc,heap        ] GC(963) Old regions: 564->595
[417.049s][info][gc,heap        ] GC(963) Humongous regions: 7->7
[417.049s][info][gc,metaspace   ] GC(963) Metaspace: 18952K(19136K)->18952K(19136K) NonClass: 16285K(16384K)->16285K(16384K) Class: 2667K(2752K)->2667K(2752K)
[417.049s][info][gc             ] GC(963) Pause Young (Prepare Mixed) (G1 Evacuation Pause) 895M->602M(978M) 36.879ms
[417.049s][info][gc,cpu         ] GC(963) User=0.08s Sys=0.00s Real=0.04s
[418.397s][info][gc,start       ] GC(964) Pause Young (Mixed) (G1 Evacuation Pause)
[418.397s][info][gc,task        ] GC(964) Using 2 workers of 2 for evacuation
[418.420s][info][gc,phases      ] GC(964)   Pre Evacuate Collection Set: 0.55ms
[418.420s][info][gc,phases      ] GC(964)   Merge Heap Roots: 0.54ms
[418.420s][info][gc,phases      ] GC(964)   Evacuate Collection Set: 21.24ms
[418.420s][info][gc,phases      ] GC(964)   Post Evacuate Collection Set: 0.54ms
[418.420s][info][gc,phases      ] GC(964)   Other: 0.10ms
[418.420s][info][gc,heap        ] GC(964) Eden regions: 316->0(326)
[418.420s][info][gc,heap        ] GC(964) Survivor regions: 1->3(40)
[418.420s][info][gc,heap        ] GC(964) Old regions: 595->589
[418.420s][info][gc,heap        ] GC(964) Humongous regions: 7->7
[418.420s][info][gc,metaspace   ] GC(964) Metaspace: 18960K(19136K)->18960K(19136K) NonClass: 16293K(16384K)->16293K(16384K) Class: 2667K(2752K)->2667K(2752K)
[418.420s][info][gc             ] GC(964) Pause Young (Mixed) (G1 Evacuation Pause) 918M->598M(978M) 23.156ms
[418.420s][info][gc,cpu         ] GC(964) User=0.04s Sys=0.00s Real=0.02s
[419.105s][info][gc,start       ] GC(965) Pause Young (Concurrent Start) (G1 Evacuation Pause)
[419.105s][info][gc,task        ] GC(965) Using 2 workers of 2 for evacuation
[419.129s][info][gc,phases      ] GC(965)   Pre Evacuate Collection Set: 0.34ms
[419.129s][info][gc,phases      ] GC(965)   Merge Heap Roots: 0.12ms
[419.129s][info][gc,phases      ] GC(965)   Evacuate Collection Set: 22.82ms
[419.129s][info][gc,phases      ] GC(965)   Post Evacuate Collection Set: 0.59ms
[419.129s][info][gc,phases      ] GC(965)   Other: 0.24ms
[419.129s][info][gc,heap        ] GC(965) Eden regions: 326->0(280)
[419.129s][info][gc,heap        ] GC(965) Survivor regions: 3->26(42)
[419.129s][info][gc,heap        ] GC(965) Old regions: 589->589
[419.129s][info][gc,heap        ] GC(965) Humongous regions: 7->7
[419.129s][info][gc,metaspace   ] GC(965) Metaspace: 18962K(19136K)->18962K(19136K) NonClass: 16295K(16384K)->16295K(16384K) Class: 2667K(2752K)->2667K(2752K)
[419.129s][info][gc             ] GC(965) Pause Young (Concurrent Start) (G1 Evacuation Pause) 924M->621M(978M) 24.327ms
[419.129s][info][gc             ] GC(966) Concurrent Mark Cycle
[419.129s][info][gc,marking     ] GC(966) Concurrent Scan Root Regions
[419.129s][info][gc,cpu         ] GC(965) User=0.05s Sys=0.00s Real=0.02s
[419.157s][info][gc,marking     ] GC(966) Concurrent Scan Root Regions 27.485ms
[419.157s][info][gc,marking     ] GC(966) Concurrent Mark
[419.157s][info][gc,marking     ] GC(966) Concurrent Mark From Roots
[419.157s][info][gc,task        ] GC(966) Using 1 workers of 1 for marking
[419.562s][info][gc,start       ] GC(967) Pause Young (Normal) (G1 Evacuation Pause)
[419.562s][info][gc,task        ] GC(967) Using 2 workers of 2 for evacuation
[419.687s][info][gc,phases      ] GC(967)   Pre Evacuate Collection Set: 0.53ms
[419.687s][info][gc,phases      ] GC(967)   Merge Heap Roots: 0.12ms
[419.687s][info][gc,phases      ] GC(967)   Evacuate Collection Set: 108.15ms
[419.687s][info][gc,phases      ] GC(967)   Post Evacuate Collection Set: 15.70ms
[419.687s][info][gc,phases      ] GC(967)   Other: 0.09ms
[419.687s][info][gc,heap        ] GC(967) Eden regions: 280->0(25)
[419.687s][info][gc,heap        ] GC(967) Survivor regions: 26->39(39)
[419.687s][info][gc,heap        ] GC(967) Old regions: 589->818
[419.687s][info][gc,heap        ] GC(967) Humongous regions: 7->7
[419.687s][info][gc,metaspace   ] GC(967) Metaspace: 18963K(19136K)->18963K(19136K) NonClass: 16296K(16384K)->16296K(16384K) Class: 2667K(2752K)->2667K(2752K)
[419.687s][info][gc             ] GC(967) Pause Young (Normal) (G1 Evacuation Pause) (Evacuation Failure: Allocation) 901M->863M(978M) 124.825ms
[419.687s][info][gc,cpu         ] GC(967) User=0.24s Sys=0.01s Real=0.13s
[419.769s][info][gc,start       ] GC(968) Pause Young (Normal) (G1 Evacuation Pause)
[419.769s][info][gc,task        ] GC(968) Using 2 workers of 2 for evacuation
[419.853s][info][gc,phases      ] GC(968)   Pre Evacuate Collection Set: 0.39ms
[419.853s][info][gc,phases      ] GC(968)   Merge Heap Roots: 0.36ms
[419.853s][info][gc,phases      ] GC(968)   Evacuate Collection Set: 80.99ms
[419.853s][info][gc,phases      ] GC(968)   Post Evacuate Collection Set: 1.66ms
[419.853s][info][gc,phases      ] GC(968)   Other: 0.07ms
[419.853s][info][gc,heap        ] GC(968) Eden regions: 25->0(168)
[419.853s][info][gc,heap        ] GC(968) Survivor regions: 39->8(8)
[419.853s][info][gc,heap        ] GC(968) Old regions: 818->737
[419.853s][info][gc,heap        ] GC(968) Humongous regions: 7->7
[419.853s][info][gc,metaspace   ] GC(968) Metaspace: 18963K(19136K)->18963K(19136K) NonClass: 16296K(16384K)->16296K(16384K) Class: 2667K(2752K)->2667K(2752K)
[419.853s][info][gc             ] GC(968) Pause Young (Normal) (G1 Evacuation Pause) (Evacuation Failure: Allocation) 888M->751M(978M) 83.703ms
[419.853s][info][gc,cpu         ] GC(968) User=0.17s Sys=0.00s Real=0.08s
[420.172s][info][gc,start       ] GC(969) Pause Young (Normal) (G1 Evacuation Pause)
[420.172s][info][gc,task        ] GC(969) Using 2 workers of 2 for evacuation
[420.244s][info][gc,phases      ] GC(969)   Pre Evacuate Collection Set: 0.32ms
[420.244s][info][gc,phases      ] GC(969)   Merge Heap Roots: 0.53ms
[420.244s][info][gc,phases      ] GC(969)   Evacuate Collection Set: 70.07ms
[420.244s][info][gc,phases      ] GC(969)   Post Evacuate Collection Set: 0.76ms
[420.244s][info][gc,phases      ] GC(969)   Other: 0.08ms
[420.244s][info][gc,heap        ] GC(969) Eden regions: 168->0(135)
[420.244s][info][gc,heap        ] GC(969) Survivor regions: 8->22(22)
[420.244s][info][gc,heap        ] GC(969) Old regions: 737->741
[420.244s][info][gc,heap        ] GC(969) Humongous regions: 8->8
[420.244s][info][gc,metaspace   ] GC(969) Metaspace: 18963K(19136K)->18963K(19136K) NonClass: 16296K(16384K)->16296K(16384K) Class: 2667K(2752K)->2667K(2752K)
[420.244s][info][gc             ] GC(969) Pause Young (Normal) (G1 Evacuation Pause) 920M->770M(978M) 72.097ms
[420.244s][info][gc,cpu         ] GC(969) User=0.14s Sys=0.00s Real=0.08s
[420.522s][info][gc,start       ] GC(970) Pause Young (Normal) (G1 Evacuation Pause)
[420.522s][info][gc,task        ] GC(970) Using 2 workers of 2 for evacuation
[420.590s][info][gc,phases      ] GC(970)   Pre Evacuate Collection Set: 0.52ms
[420.590s][info][gc,phases      ] GC(970)   Merge Heap Roots: 0.68ms
[420.590s][info][gc,phases      ] GC(970)   Evacuate Collection Set: 65.91ms
[420.590s][info][gc,phases      ] GC(970)   Post Evacuate Collection Set: 0.50ms
[420.590s][info][gc,phases      ] GC(970)   Other: 0.10ms
[420.590s][info][gc,heap        ] GC(970) Eden regions: 135->0(125)
[420.590s][info][gc,heap        ] GC(970) Survivor regions: 22->14(20)
[420.590s][info][gc,heap        ] GC(970) Old regions: 741->764
[420.590s][info][gc,heap        ] GC(970) Humongous regions: 11->11
[420.590s][info][gc,metaspace   ] GC(970) Metaspace: 18964K(19136K)->18964K(19136K) NonClass: 16297K(16384K)->16297K(16384K) Class: 2667K(2752K)->2667K(2752K)
[420.590s][info][gc             ] GC(970) Pause Young (Normal) (G1 Evacuation Pause) 908M->787M(978M) 67.948ms
[420.590s][info][gc,cpu         ] GC(970) User=0.14s Sys=0.00s Real=0.07s
[420.877s][info][gc,start       ] GC(971) Pause Young (Normal) (G1 Evacuation Pause)
[420.877s][info][gc,task        ] GC(971) Using 2 workers of 2 for evacuation
[420.934s][info][gc,phases      ] GC(971)   Pre Evacuate Collection Set: 0.30ms
[420.934s][info][gc,phases      ] GC(971)   Merge Heap Roots: 0.42ms
[420.934s][info][gc,phases      ] GC(971)   Evacuate Collection Set: 55.79ms
[420.934s][info][gc,phases      ] GC(971)   Post Evacuate Collection Set: 0.44ms
[420.934s][info][gc,phases      ] GC(971)   Other: 0.11ms
[420.934s][info][gc,heap        ] GC(971) Eden regions: 125->0(102)
[420.934s][info][gc,heap        ] GC(971) Survivor regions: 14->18(18)
[420.934s][info][gc,heap        ] GC(971) Old regions: 764->779
[420.934s][info][gc,heap        ] GC(971) Humongous regions: 11->11
[420.934s][info][gc,metaspace   ] GC(971) Metaspace: 18964K(19136K)->18964K(19136K) NonClass: 16297K(16384K)->16297K(16384K) Class: 2667K(2752K)->2667K(2752K)
[420.934s][info][gc             ] GC(971) Pause Young (Normal) (G1 Evacuation Pause) 912M->807M(978M) 57.360ms
[420.934s][info][gc,cpu         ] GC(971) User=0.12s Sys=0.00s Real=0.06s
[421.121s][info][gc,start       ] GC(972) Pause Young (Normal) (G1 Evacuation Pause)
[421.121s][info][gc,task        ] GC(972) Using 2 workers of 2 for evacuation
[421.151s][info][gc,phases      ] GC(972)   Pre Evacuate Collection Set: 0.31ms
[421.151s][info][gc,phases      ] GC(972)   Merge Heap Roots: 0.23ms
[421.151s][info][gc,phases      ] GC(972)   Evacuate Collection Set: 28.44ms
[421.151s][info][gc,phases      ] GC(972)   Post Evacuate Collection Set: 0.35ms
[421.151s][info][gc,phases      ] GC(972)   Other: 0.09ms
[421.151s][info][gc,heap        ] GC(972) Eden regions: 102->0(112)
[421.151s][info][gc,heap        ] GC(972) Survivor regions: 18->4(15)
[421.151s][info][gc,heap        ] GC(972) Old regions: 779->797
[421.151s][info][gc,heap        ] GC(972) Humongous regions: 11->11
[421.151s][info][gc,metaspace   ] GC(972) Metaspace: 18964K(19136K)->18964K(19136K) NonClass: 16297K(16384K)->16297K(16384K) Class: 2667K(2752K)->2667K(2752K)
[421.151s][info][gc             ] GC(972) Pause Young (Normal) (G1 Evacuation Pause) 909M->811M(978M) 29.713ms
[421.151s][info][gc,cpu         ] GC(972) User=0.06s Sys=0.00s Real=0.03s
[421.252s][info][gc,marking     ] GC(966) Concurrent Mark From Roots 2094.626ms
[421.252s][info][gc,marking     ] GC(966) Concurrent Preclean
[421.252s][info][gc,marking     ] GC(966) Concurrent Preclean 0.044ms
[421.253s][info][gc,start       ] GC(966) Pause Remark
[421.261s][info][gc             ] GC(966) Pause Remark 908M->829M(978M) 8.457ms
[421.261s][info][gc,cpu         ] GC(966) User=0.02s Sys=0.00s Real=0.01s
[421.261s][info][gc,marking     ] GC(966) Concurrent Mark 2104.279ms
[421.261s][info][gc,marking     ] GC(966) Concurrent Rebuild Remembered Sets and Scrub Regions
[421.277s][info][gc,start       ] GC(973) Pause Young (Normal) (G1 Evacuation Pause)
[421.277s][info][gc,task        ] GC(973) Using 2 workers of 2 for evacuation
[421.307s][info][gc,phases      ] GC(973)   Pre Evacuate Collection Set: 0.43ms
[421.307s][info][gc,phases      ] GC(973)   Merge Heap Roots: 0.14ms
[421.307s][info][gc,phases      ] GC(973)   Evacuate Collection Set: 29.21ms
[421.307s][info][gc,phases      ] GC(973)   Post Evacuate Collection Set: 0.35ms
[421.307s][info][gc,phases      ] GC(973)   Other: 0.07ms
[421.307s][info][gc,heap        ] GC(973) Eden regions: 112->0(149)
[421.307s][info][gc,heap        ] GC(973) Survivor regions: 4->15(15)
[421.307s][info][gc,heap        ] GC(973) Old regions: 720->732
[421.307s][info][gc,heap        ] GC(973) Humongous regions: 9->9
[421.307s][info][gc,metaspace   ] GC(973) Metaspace: 18964K(19136K)->18964K(19136K) NonClass: 16297K(16384K)->16297K(16384K) Class: 2667K(2752K)->2667K(2752K)
[421.307s][info][gc             ] GC(973) Pause Young (Normal) (G1 Evacuation Pause) 844M->755M(978M) 30.366ms
[421.307s][info][gc,cpu         ] GC(973) User=0.06s Sys=0.00s Real=0.03s
[421.465s][info][gc,start       ] GC(974) Pause Young (Normal) (G1 Evacuation Pause)
[421.465s][info][gc,task        ] GC(974) Using 2 workers of 2 for evacuation
[421.501s][info][gc,phases      ] GC(974)   Pre Evacuate Collection Set: 0.42ms
[421.501s][info][gc,phases      ] GC(974)   Merge Heap Roots: 0.16ms
[421.501s][info][gc,phases      ] GC(974)   Evacuate Collection Set: 34.59ms
[421.501s][info][gc,phases      ] GC(974)   Post Evacuate Collection Set: 0.39ms
[421.501s][info][gc,phases      ] GC(974)   Other: 0.07ms
[421.501s][info][gc,heap        ] GC(974) Eden regions: 149->0(131)
[421.501s][info][gc,heap        ] GC(974) Survivor regions: 15->20(21)
[421.501s][info][gc,heap        ] GC(974) Old regions: 732->748
[421.501s][info][gc,heap        ] GC(974) Humongous regions: 9->9
[421.501s][info][gc,metaspace   ] GC(974) Metaspace: 18967K(19136K)->18967K(19136K) NonClass: 16300K(16384K)->16300K(16384K) Class: 2667K(2752K)->2667K(2752K)
[421.501s][info][gc             ] GC(974) Pause Young (Normal) (G1 Evacuation Pause) 904M->776M(978M) 35.843ms
[421.501s][info][gc,cpu         ] GC(974) User=0.07s Sys=0.00s Real=0.03s
[421.686s][info][gc,start       ] GC(975) Pause Young (Normal) (G1 Evacuation Pause)
[421.686s][info][gc,task        ] GC(975) Using 2 workers of 2 for evacuation
[421.734s][info][gc,phases      ] GC(975)   Pre Evacuate Collection Set: 0.47ms
[421.734s][info][gc,phases      ] GC(975)   Merge Heap Roots: 0.12ms
[421.734s][info][gc,phases      ] GC(975)   Evacuate Collection Set: 47.10ms
[421.734s][info][gc,phases      ] GC(975)   Post Evacuate Collection Set: 0.48ms
[421.734s][info][gc,phases      ] GC(975)   Other: 0.10ms
[421.734s][info][gc,heap        ] GC(975) Eden regions: 131->0(105)
[421.734s][info][gc,heap        ] GC(975) Survivor regions: 20->19(19)
[421.734s][info][gc,heap        ] GC(975) Old regions: 748->776
[421.734s][info][gc,heap        ] GC(975) Humongous regions: 9->9
[421.734s][info][gc,metaspace   ] GC(975) Metaspace: 18967K(19136K)->18967K(19136K) NonClass: 16300K(16384K)->16300K(16384K) Class: 2667K(2752K)->2667K(2752K)
[421.734s][info][gc             ] GC(975) Pause Young (Normal) (G1 Evacuation Pause) 907M->803M(978M) 48.476ms
[421.734s][info][gc,cpu         ] GC(975) User=0.10s Sys=0.00s Real=0.05s
[421.862s][info][gc,start       ] GC(976) Pause Young (Normal) (G1 Evacuation Pause)
[421.862s][info][gc,task        ] GC(976) Using 2 workers of 2 for evacuation
[421.893s][info][gc,phases      ] GC(976)   Pre Evacuate Collection Set: 0.49ms
[421.893s][info][gc,phases      ] GC(976)   Merge Heap Roots: 0.24ms
[421.893s][info][gc,phases      ] GC(976)   Evacuate Collection Set: 29.76ms
[421.893s][info][gc,phases      ] GC(976)   Post Evacuate Collection Set: 0.36ms
[421.893s][info][gc,phases      ] GC(976)   Other: 0.09ms
[421.893s][info][gc,heap        ] GC(976) Eden regions: 105->0(107)
[421.893s][info][gc,heap        ] GC(976) Survivor regions: 19->8(16)
[421.893s][info][gc,heap        ] GC(976) Old regions: 776->795
[421.893s][info][gc,heap        ] GC(976) Humongous regions: 10->10
[421.893s][info][gc,metaspace   ] GC(976) Metaspace: 18967K(19136K)->18967K(19136K) NonClass: 16300K(16384K)->16300K(16384K) Class: 2667K(2752K)->2667K(2752K)
[421.893s][info][gc             ] GC(976) Pause Young (Normal) (G1 Evacuation Pause) 909M->812M(978M) 31.152ms
[421.893s][info][gc,cpu         ] GC(976) User=0.06s Sys=0.00s Real=0.04s
[421.983s][info][gc,start       ] GC(977) Pause Young (Normal) (G1 Evacuation Pause)
[421.983s][info][gc,task        ] GC(977) Using 2 workers of 2 for evacuation
[421.996s][info][gc,phases      ] GC(977)   Pre Evacuate Collection Set: 0.51ms
[421.996s][info][gc,phases      ] GC(977)   Merge Heap Roots: 0.09ms
[421.996s][info][gc,phases      ] GC(977)   Evacuate Collection Set: 11.78ms
[421.996s][info][gc,phases      ] GC(977)   Post Evacuate Collection Set: 0.31ms
[421.996s][info][gc,phases      ] GC(977)   Other: 0.10ms
[421.996s][info][gc,heap        ] GC(977) Eden regions: 107->0(103)
[421.996s][info][gc,heap        ] GC(977) Survivor regions: 8->10(15)
[421.996s][info][gc,heap        ] GC(977) Old regions: 795->795
[421.996s][info][gc,heap        ] GC(977) Humongous regions: 10->10
[421.996s][info][gc,metaspace   ] GC(977) Metaspace: 18967K(19136K)->18967K(19136K) NonClass: 16300K(16384K)->16300K(16384K) Class: 2667K(2752K)->2667K(2752K)
[421.996s][info][gc             ] GC(977) Pause Young (Normal) (G1 Evacuation Pause) 919M->814M(978M) 12.979ms
[421.996s][info][gc,cpu         ] GC(977) User=0.02s Sys=0.00s Real=0.02s
[422.010s][info][gc,marking     ] GC(966) Concurrent Rebuild Remembered Sets and Scrub Regions 748.613ms
[422.010s][info][gc,start       ] GC(966) Pause Cleanup
[422.010s][info][gc             ] GC(966) Pause Cleanup 825M->825M(978M) 0.103ms
[422.010s][info][gc,cpu         ] GC(966) User=0.00s Sys=0.00s Real=0.00s
[422.011s][info][gc,marking     ] GC(966) Concurrent Clear Claimed Marks
[422.011s][info][gc,marking     ] GC(966) Concurrent Clear Claimed Marks 0.042ms
[422.011s][info][gc,marking     ] GC(966) Concurrent Cleanup for Next Mark
[422.018s][info][gc,marking     ] GC(966) Concurrent Cleanup for Next Mark 6.750ms
[422.018s][info][gc             ] GC(966) Concurrent Mark Cycle 2888.347ms
[422.076s][info][gc,start       ] GC(978) Pause Young (Prepare Mixed) (G1 Evacuation Pause)
[422.076s][info][gc,task        ] GC(978) Using 2 workers of 2 for evacuation
[422.090s][info][gc,phases      ] GC(978)   Pre Evacuate Collection Set: 0.29ms
[422.090s][info][gc,phases      ] GC(978)   Merge Heap Roots: 0.10ms
[422.090s][info][gc,phases      ] GC(978)   Evacuate Collection Set: 12.76ms
[422.090s][info][gc,phases      ] GC(978)   Post Evacuate Collection Set: 0.35ms
[422.090s][info][gc,phases      ] GC(978)   Other: 0.07ms
[422.090s][info][gc,heap        ] GC(978) Eden regions: 103->0(107)
[422.090s][info][gc,heap        ] GC(978) Survivor regions: 10->4(15)
[422.090s][info][gc,heap        ] GC(978) Old regions: 795->803
[422.090s][info][gc,heap        ] GC(978) Humongous regions: 10->10
[422.090s][info][gc,metaspace   ] GC(978) Metaspace: 18967K(19136K)->18967K(19136K) NonClass: 16300K(16384K)->16300K(16384K) Class: 2667K(2752K)->2667K(2752K)
[422.090s][info][gc             ] GC(978) Pause Young (Prepare Mixed) (G1 Evacuation Pause) 917M->816M(978M) 13.831ms
[422.090s][info][gc,cpu         ] GC(978) User=0.03s Sys=0.00s Real=0.01s
[422.171s][info][gc,start       ] GC(979) Pause Young (Mixed) (G1 Evacuation Pause)
[422.171s][info][gc,task        ] GC(979) Using 2 workers of 2 for evacuation
[422.194s][info][gc,phases      ] GC(979)   Pre Evacuate Collection Set: 0.31ms
[422.194s][info][gc,phases      ] GC(979)   Merge Heap Roots: 0.36ms
[422.194s][info][gc,phases      ] GC(979)   Evacuate Collection Set: 21.80ms
[422.194s][info][gc,phases      ] GC(979)   Post Evacuate Collection Set: 0.38ms
[422.194s][info][gc,phases      ] GC(979)   Other: 0.09ms
[422.194s][info][gc,heap        ] GC(979) Eden regions: 107->0(131)
[422.194s][info][gc,heap        ] GC(979) Survivor regions: 4->7(14)
[422.194s][info][gc,heap        ] GC(979) Old regions: 803->773
[422.194s][info][gc,heap        ] GC(979) Humongous regions: 10->10
[422.194s][info][gc,metaspace   ] GC(979) Metaspace: 18967K(19136K)->18967K(19136K) NonClass: 16300K(16384K)->16300K(16384K) Class: 2667K(2752K)->2667K(2752K)
[422.194s][info][gc             ] GC(979) Pause Young (Mixed) (G1 Evacuation Pause) 923M->789M(978M) 23.180ms
[422.194s][info][gc,cpu         ] GC(979) User=0.04s Sys=0.00s Real=0.03s
[422.354s][info][gc,start       ] GC(980) Pause Young (Concurrent Start) (G1 Evacuation Pause)
[422.354s][info][gc,task        ] GC(980) Using 2 workers of 2 for evacuation
[422.366s][info][gc,phases      ] GC(980)   Pre Evacuate Collection Set: 0.34ms
[422.366s][info][gc,phases      ] GC(980)   Merge Heap Roots: 0.14ms
[422.366s][info][gc,phases      ] GC(980)   Evacuate Collection Set: 11.35ms
[422.366s][info][gc,phases      ] GC(980)   Post Evacuate Collection Set: 0.41ms
[422.366s][info][gc,phases      ] GC(980)   Other: 0.10ms
[422.366s][info][gc,heap        ] GC(980) Eden regions: 131->0(125)
[422.366s][info][gc,heap        ] GC(980) Survivor regions: 7->10(18)
[422.366s][info][gc,heap        ] GC(980) Old regions: 773->773
[422.366s][info][gc,heap        ] GC(980) Humongous regions: 10->10
[422.366s][info][gc,metaspace   ] GC(980) Metaspace: 18967K(19136K)->18967K(19136K) NonClass: 16300K(16384K)->16300K(16384K) Class: 2667K(2752K)->2667K(2752K)
[422.366s][info][gc             ] GC(980) Pause Young (Concurrent Start) (G1 Evacuation Pause) 920M->792M(978M) 12.575ms
[422.366s][info][gc,cpu         ] GC(980) User=0.02s Sys=0.00s Real=0.01s
[422.366s][info][gc             ] GC(981) Concurrent Mark Cycle
[422.366s][info][gc,marking     ] GC(981) Concurrent Scan Root Regions
[422.386s][info][gc,marking     ] GC(981) Concurrent Scan Root Regions 19.594ms
[422.386s][info][gc,marking     ] GC(981) Concurrent Mark
[422.386s][info][gc,marking     ] GC(981) Concurrent Mark From Roots
[422.386s][info][gc,task        ] GC(981) Using 1 workers of 1 for marking
[422.901s][info][gc,start       ] GC(982) Pause Young (Normal) (G1 Evacuation Pause)
[422.901s][info][gc,task        ] GC(982) Using 2 workers of 2 for evacuation
[422.916s][info][gc,phases      ] GC(982)   Pre Evacuate Collection Set: 0.33ms
[422.916s][info][gc,phases      ] GC(982)   Merge Heap Roots: 0.19ms
[422.916s][info][gc,phases      ] GC(982)   Evacuate Collection Set: 13.80ms
[422.916s][info][gc,phases      ] GC(982)   Post Evacuate Collection Set: 0.37ms
[422.916s][info][gc,phases      ] GC(982)   Other: 0.10ms
[422.916s][info][gc,heap        ] GC(982) Eden regions: 125->0(122)
[422.916s][info][gc,heap        ] GC(982) Survivor regions: 10->10(17)
[422.916s][info][gc,heap        ] GC(982) Old regions: 773->776
[422.916s][info][gc,heap        ] GC(982) Humongous regions: 10->10
[422.916s][info][gc,metaspace   ] GC(982) Metaspace: 18968K(19136K)->18968K(19136K) NonClass: 16301K(16384K)->16301K(16384K) Class: 2667K(2752K)->2667K(2752K)
[422.916s][info][gc             ] GC(982) Pause Young (Normal) (G1 Evacuation Pause) 917M->795M(978M) 15.059ms
[422.916s][info][gc,cpu         ] GC(982) User=0.02s Sys=0.00s Real=0.02s
[423.003s][info][gc,marking     ] GC(981) Concurrent Mark From Roots 617.132ms
[423.003s][info][gc,marking     ] GC(981) Concurrent Preclean
[423.003s][info][gc,marking     ] GC(981) Concurrent Preclean 0.059ms
[423.003s][info][gc,start       ] GC(981) Pause Remark
[423.012s][info][gc             ] GC(981) Pause Remark 847M->339M(960M) 8.420ms
[423.012s][info][gc,cpu         ] GC(981) User=0.02s Sys=0.00s Real=0.00s
[423.014s][info][gc,marking     ] GC(981) Concurrent Mark 627.683ms
[423.014s][info][gc,marking     ] GC(981) Concurrent Rebuild Remembered Sets and Scrub Regions
[423.154s][info][gc,start       ] GC(983) Pause Young (Normal) (G1 Evacuation Pause)
[423.154s][info][gc,task        ] GC(983) Using 2 workers of 2 for evacuation
[423.211s][info][gc,phases      ] GC(983)   Pre Evacuate Collection Set: 0.50ms
[423.211s][info][gc,phases      ] GC(983)   Merge Heap Roots: 0.22ms
[423.211s][info][gc,phases      ] GC(983)   Evacuate Collection Set: 55.73ms
[423.211s][info][gc,phases      ] GC(983)   Post Evacuate Collection Set: 0.47ms
[423.211s][info][gc,phases      ] GC(983)   Other: 0.08ms
[423.211s][info][gc,heap        ] GC(983) Eden regions: 124->0(496)
[423.211s][info][gc,heap        ] GC(983) Survivor regions: 10->17(17)
[423.211s][info][gc,heap        ] GC(983) Old regions: 275->314
[423.211s][info][gc,heap        ] GC(983) Humongous regions: 3->3
[423.211s][info][gc,metaspace   ] GC(983) Metaspace: 18970K(19136K)->18970K(19136K) NonClass: 16303K(16384K)->16303K(16384K) Class: 2667K(2752K)->2667K(2752K)
[423.211s][info][gc             ] GC(983) Pause Young (Normal) (G1 Evacuation Pause) 411M->333M(960M) 57.206ms
[423.211s][info][gc,cpu         ] GC(983) User=0.11s Sys=0.00s Real=0.05s
[423.231s][info][gc,marking     ] GC(981) Concurrent Rebuild Remembered Sets and Scrub Regions 216.847ms
[423.231s][info][gc,start       ] GC(981) Pause Cleanup
[423.231s][info][gc             ] GC(981) Pause Cleanup 343M->343M(960M) 0.098ms
[423.231s][info][gc,cpu         ] GC(981) User=0.00s Sys=0.00s Real=0.00s
[423.231s][info][gc,marking     ] GC(981) Concurrent Clear Claimed Marks
[423.231s][info][gc,marking     ] GC(981) Concurrent Clear Claimed Marks 0.034ms
[423.231s][info][gc,marking     ] GC(981) Concurrent Cleanup for Next Mark
[423.236s][info][gc,marking     ] GC(981) Concurrent Cleanup for Next Mark 4.827ms
[423.236s][info][gc             ] GC(981) Concurrent Mark Cycle 869.472ms
[423.841s][info][gc,start       ] GC(984) Pause Young (Prepare Mixed) (G1 Evacuation Pause)
[423.842s][info][gc,task        ] GC(984) Using 2 workers of 2 for evacuation
[423.902s][info][gc,phases      ] GC(984)   Pre Evacuate Collection Set: 0.29ms
[423.902s][info][gc,phases      ] GC(984)   Merge Heap Roots: 0.40ms
[423.902s][info][gc,phases      ] GC(984)   Evacuate Collection Set: 58.48ms
[423.902s][info][gc,phases      ] GC(984)   Post Evacuate Collection Set: 0.83ms
[423.902s][info][gc,phases      ] GC(984)   Other: 0.10ms
[423.902s][info][gc,heap        ] GC(984) Eden regions: 496->0(471)
[423.902s][info][gc,heap        ] GC(984) Survivor regions: 17->50(65)
[423.902s][info][gc,heap        ] GC(984) Old regions: 314->314
[423.902s][info][gc,heap        ] GC(984) Humongous regions: 4->4
[423.902s][info][gc,metaspace   ] GC(984) Metaspace: 18971K(19136K)->18971K(19136K) NonClass: 16304K(16384K)->16304K(16384K) Class: 2667K(2752K)->2667K(2752K)
[423.902s][info][gc             ] GC(984) Pause Young (Prepare Mixed) (G1 Evacuation Pause) 830M->367M(960M) 60.321ms
[423.902s][info][gc,cpu         ] GC(984) User=0.12s Sys=0.00s Real=0.06s
[424.449s][info][gc,start       ] GC(985) Pause Young (Mixed) (G1 Evacuation Pause)
[424.449s][info][gc,task        ] GC(985) Using 2 workers of 2 for evacuation
[424.721s][info][gc,mmu         ] GC(985) MMU target violated: 201.0ms (200.0ms/201.0ms)
[424.721s][info][gc,phases      ] GC(985)   Pre Evacuate Collection Set: 0.55ms
[424.721s][info][gc,phases      ] GC(985)   Merge Heap Roots: 0.50ms
[424.721s][info][gc,phases      ] GC(985)   Evacuate Collection Set: 249.87ms
[424.721s][info][gc,phases      ] GC(985)   Post Evacuate Collection Set: 20.52ms
[424.721s][info][gc,phases      ] GC(985)   Other: 0.17ms
[424.721s][info][gc,heap        ] GC(985) Eden regions: 471->0(179)
[424.721s][info][gc,heap        ] GC(985) Survivor regions: 50->66(66)
[424.721s][info][gc,heap        ] GC(985) Old regions: 314->612
[424.721s][info][gc,heap        ] GC(985) Humongous regions: 5->5
[424.721s][info][gc,metaspace   ] GC(985) Metaspace: 18972K(19136K)->18972K(19136K) NonClass: 16305K(16384K)->16305K(16384K) Class: 2667K(2752K)->2667K(2752K)
[424.721s][info][gc             ] GC(985) Pause Young (Mixed) (G1 Evacuation Pause) (Evacuation Failure: Allocation) 839M->682M(978M) 271.823ms
[424.721s][info][gc,cpu         ] GC(985) User=0.52s Sys=0.02s Real=0.27s
[424.918s][info][gc,start       ] GC(986) Pause Young (Concurrent Start) (G1 Evacuation Pause)
[424.918s][info][gc,task        ] GC(986) Using 2 workers of 2 for evacuation
[425.047s][info][gc,phases      ] GC(986)   Pre Evacuate Collection Set: 0.42ms
[425.047s][info][gc,phases      ] GC(986)   Merge Heap Roots: 0.84ms
[425.047s][info][gc,phases      ] GC(986)   Evacuate Collection Set: 126.50ms
[425.047s][info][gc,phases      ] GC(986)   Post Evacuate Collection Set: 0.76ms
[425.047s][info][gc,phases      ] GC(986)   Other: 0.12ms
[425.047s][info][gc,heap        ] GC(986) Eden regions: 179->0(271)
[425.047s][info][gc,heap        ] GC(986) Survivor regions: 66->9(31)
[425.047s][info][gc,heap        ] GC(986) Old regions: 612->526
[425.047s][info][gc,heap        ] GC(986) Humongous regions: 5->5
[425.047s][info][gc,metaspace   ] GC(986) Metaspace: 18973K(19136K)->18973K(19136K) NonClass: 16306K(16384K)->16306K(16384K) Class: 2667K(2752K)->2667K(2752K)
[425.047s][info][gc             ] GC(986) Pause Young (Concurrent Start) (G1 Evacuation Pause) 861M->539M(978M) 128.894ms
[425.047s][info][gc,cpu         ] GC(986) User=0.26s Sys=0.00s Real=0.13s
[425.047s][info][gc             ] GC(987) Concurrent Mark Cycle
[425.047s][info][gc,marking     ] GC(987) Concurrent Scan Root Regions
[425.262s][info][gc,marking     ] GC(987) Concurrent Scan Root Regions 214.700ms
[425.262s][info][gc,marking     ] GC(987) Concurrent Mark
[425.262s][info][gc,marking     ] GC(987) Concurrent Mark From Roots
[425.262s][info][gc,task        ] GC(987) Using 1 workers of 1 for marking
[425.568s][info][gc,start       ] GC(988) Pause Young (Normal) (G1 Evacuation Pause)
[425.569s][info][gc,task        ] GC(988) Using 2 workers of 2 for evacuation
[425.637s][info][gc,phases      ] GC(988)   Pre Evacuate Collection Set: 0.55ms
[425.637s][info][gc,phases      ] GC(988)   Merge Heap Roots: 0.46ms
[425.637s][info][gc,phases      ] GC(988)   Evacuate Collection Set: 66.95ms
[425.637s][info][gc,phases      ] GC(988)   Post Evacuate Collection Set: 0.60ms
[425.637s][info][gc,phases      ] GC(988)   Other: 0.09ms
[425.637s][info][gc,heap        ] GC(988) Eden regions: 271->0(270)
[425.637s][info][gc,heap        ] GC(988) Survivor regions: 9->35(35)
[425.637s][info][gc,heap        ] GC(988) Old regions: 526->512
[425.637s][info][gc,heap        ] GC(988) Humongous regions: 5->5
[425.637s][info][gc,metaspace   ] GC(988) Metaspace: 18981K(19136K)->18981K(19136K) NonClass: 16314K(16384K)->16314K(16384K) Class: 2667K(2752K)->2667K(2752K)
[425.637s][info][gc             ] GC(988) Pause Young (Normal) (G1 Evacuation Pause) 810M->551M(978M) 68.940ms
[425.637s][info][gc,cpu         ] GC(988) User=0.13s Sys=0.00s Real=0.07s
[426.021s][info][gc,start       ] GC(989) Pause Young (Normal) (G1 Evacuation Pause)
[426.021s][info][gc,task        ] GC(989) Using 2 workers of 2 for evacuation
[426.159s][info][gc,phases      ] GC(989)   Pre Evacuate Collection Set: 0.53ms
[426.160s][info][gc,phases      ] GC(989)   Merge Heap Roots: 0.25ms
[426.160s][info][gc,phases      ] GC(989)   Evacuate Collection Set: 136.38ms
[426.160s][info][gc,phases      ] GC(989)   Post Evacuate Collection Set: 0.74ms
[426.160s][info][gc,phases      ] GC(989)   Other: 0.10ms
[426.160s][info][gc,heap        ] GC(989) Eden regions: 270->0(182)
[426.160s][info][gc,heap        ] GC(989) Survivor regions: 35->39(39)
[426.160s][info][gc,heap        ] GC(989) Old regions: 512->626
[426.160s][info][gc,heap        ] GC(989) Humongous regions: 5->5
[426.160s][info][gc,metaspace   ] GC(989) Metaspace: 18982K(19136K)->18982K(19136K) NonClass: 16315K(16384K)->16315K(16384K) Class: 2667K(2752K)->2667K(2752K)
[426.160s][info][gc             ] GC(989) Pause Young (Normal) (G1 Evacuation Pause) 821M->669M(978M) 138.267ms
[426.160s][info][gc,cpu         ] GC(989) User=0.27s Sys=0.00s Real=0.14s
[426.345s][info][gc,start       ] GC(990) Pause Young (Normal) (G1 Evacuation Pause)
[426.345s][info][gc,task        ] GC(990) Using 2 workers of 2 for evacuation
[426.422s][info][gc,phases      ] GC(990)   Pre Evacuate Collection Set: 0.48ms
[426.422s][info][gc,phases      ] GC(990)   Merge Heap Roots: 0.48ms
[426.422s][info][gc,phases      ] GC(990)   Evacuate Collection Set: 75.40ms
[426.422s][info][gc,phases      ] GC(990)   Post Evacuate Collection Set: 0.59ms
[426.422s][info][gc,phases      ] GC(990)   Other: 0.09ms
[426.422s][info][gc,heap        ] GC(990) Eden regions: 182->0(162)
[426.422s][info][gc,heap        ] GC(990) Survivor regions: 39->28(28)
[426.422s][info][gc,heap        ] GC(990) Old regions: 626->676
[426.422s][info][gc,heap        ] GC(990) Humongous regions: 5->5
[426.422s][info][gc,metaspace   ] GC(990) Metaspace: 18982K(19136K)->18982K(19136K) NonClass: 16315K(16384K)->16315K(16384K) Class: 2667K(2752K)->2667K(2752K)
[426.422s][info][gc             ] GC(990) Pause Young (Normal) (G1 Evacuation Pause) 851M->708M(978M) 77.256ms
[426.422s][info][gc,cpu         ] GC(990) User=0.15s Sys=0.00s Real=0.07s
[426.470s][info][gc,marking     ] GC(987) Concurrent Mark From Roots 1207.595ms
[426.470s][info][gc,marking     ] GC(987) Concurrent Preclean
[426.470s][info][gc,marking     ] GC(987) Concurrent Preclean 0.036ms
[426.470s][info][gc,start       ] GC(987) Pause Remark
[426.478s][info][gc             ] GC(987) Pause Remark 730M->730M(978M) 7.727ms
[426.478s][info][gc,cpu         ] GC(987) User=0.01s Sys=0.00s Real=0.01s
[426.480s][info][gc,marking     ] GC(987) Concurrent Mark 1217.937ms
[426.480s][info][gc,marking     ] GC(987) Concurrent Rebuild Remembered Sets and Scrub Regions
[426.669s][info][gc,start       ] GC(991) Pause Young (Normal) (G1 Evacuation Pause)
[426.670s][info][gc,task        ] GC(991) Using 2 workers of 2 for evacuation
[426.748s][info][gc,phases      ] GC(991)   Pre Evacuate Collection Set: 0.50ms
[426.748s][info][gc,phases      ] GC(991)   Merge Heap Roots: 0.48ms
[426.748s][info][gc,phases      ] GC(991)   Evacuate Collection Set: 77.18ms
[426.748s][info][gc,phases      ] GC(991)   Post Evacuate Collection Set: 0.50ms
[426.748s][info][gc,phases      ] GC(991)   Other: 0.10ms
[426.748s][info][gc,heap        ] GC(991) Eden regions: 162->0(143)
[426.748s][info][gc,heap        ] GC(991) Survivor regions: 28->24(24)
[426.748s][info][gc,heap        ] GC(991) Old regions: 676->712
[426.748s][info][gc,heap        ] GC(991) Humongous regions: 8->8
[426.748s][info][gc,metaspace   ] GC(991) Metaspace: 18982K(19136K)->18982K(19136K) NonClass: 16315K(16384K)->16315K(16384K) Class: 2667K(2752K)->2667K(2752K)
[426.748s][info][gc             ] GC(991) Pause Young (Normal) (G1 Evacuation Pause) 873M->743M(978M) 79.008ms
[426.748s][info][gc,cpu         ] GC(991) User=0.16s Sys=0.00s Real=0.08s
[426.953s][info][gc,start       ] GC(992) Pause Young (Normal) (G1 Evacuation Pause)
[426.953s][info][gc,task        ] GC(992) Using 2 workers of 2 for evacuation
[427.036s][info][gc,phases      ] GC(992)   Pre Evacuate Collection Set: 0.50ms
[427.036s][info][gc,phases      ] GC(992)   Merge Heap Roots: 0.47ms
[427.036s][info][gc,phases      ] GC(992)   Evacuate Collection Set: 81.22ms
[427.036s][info][gc,phases      ] GC(992)   Post Evacuate Collection Set: 0.48ms
[427.036s][info][gc,phases      ] GC(992)   Other: 0.11ms
[427.036s][info][gc,heap        ] GC(992) Eden regions: 143->0(126)
[427.036s][info][gc,heap        ] GC(992) Survivor regions: 24->21(21)
[427.036s][info][gc,heap        ] GC(992) Old regions: 712->744
[427.036s][info][gc,heap        ] GC(992) Humongous regions: 11->11
[427.036s][info][gc,metaspace   ] GC(992) Metaspace: 18982K(19136K)->18982K(19136K) NonClass: 16315K(16384K)->16315K(16384K) Class: 2667K(2752K)->2667K(2752K)
[427.036s][info][gc             ] GC(992) Pause Young (Normal) (G1 Evacuation Pause) 889M->775M(978M) 83.028ms
[427.036s][info][gc,cpu         ] GC(992) User=0.16s Sys=0.00s Real=0.08s
[427.179s][info][gc,start       ] GC(993) Pause Young (Normal) (G1 Evacuation Pause)
[427.179s][info][gc,task        ] GC(993) Using 2 workers of 2 for evacuation
[427.232s][info][gc,phases      ] GC(993)   Pre Evacuate Collection Set: 0.48ms
[427.232s][info][gc,phases      ] GC(993)   Merge Heap Roots: 0.34ms
[427.232s][info][gc,phases      ] GC(993)   Evacuate Collection Set: 51.24ms
[427.232s][info][gc,phases      ] GC(993)   Post Evacuate Collection Set: 0.39ms
[427.232s][info][gc,phases      ] GC(993)   Other: 0.08ms
[427.232s][info][gc,heap        ] GC(993) Eden regions: 126->0(117)
[427.232s][info][gc,heap        ] GC(993) Survivor regions: 21->17(19)
[427.232s][info][gc,heap        ] GC(993) Old regions: 744->766
[427.232s][info][gc,heap        ] GC(993) Humongous regions: 11->11
[427.232s][info][gc,metaspace   ] GC(993) Metaspace: 18982K(19136K)->18982K(19136K) NonClass: 16315K(16384K)->16315K(16384K) Class: 2667K(2752K)->2667K(2752K)
[427.232s][info][gc             ] GC(993) Pause Young (Normal) (G1 Evacuation Pause) 901M->793M(978M) 52.757ms
[427.232s][info][gc,cpu         ] GC(993) User=0.10s Sys=0.00s Real=0.05s
[427.358s][info][gc,start       ] GC(994) Pause Young (Normal) (G1 Evacuation Pause)
[427.358s][info][gc,task        ] GC(994) Using 2 workers of 2 for evacuation
[427.394s][info][gc,phases      ] GC(994)   Pre Evacuate Collection Set: 0.29ms
[427.394s][info][gc,phases      ] GC(994)   Merge Heap Roots: 0.25ms
[427.394s][info][gc,phases      ] GC(994)   Evacuate Collection Set: 35.73ms
[427.394s][info][gc,phases      ] GC(994)   Post Evacuate Collection Set: 0.35ms
[427.394s][info][gc,phases      ] GC(994)   Other: 0.07ms
[427.394s][info][gc,heap        ] GC(994) Eden regions: 117->0(112)
[427.394s][info][gc,heap        ] GC(994) Survivor regions: 17->11(17)
[427.394s][info][gc,heap        ] GC(994) Old regions: 766->783
[427.394s][info][gc,heap        ] GC(994) Humongous regions: 11->11
[427.394s][info][gc,metaspace   ] GC(994) Metaspace: 18982K(19136K)->18982K(19136K) NonClass: 16315K(16384K)->16315K(16384K) Class: 2667K(2752K)->2667K(2752K)
[427.394s][info][gc             ] GC(994) Pause Young (Normal) (G1 Evacuation Pause) 910M->804M(978M) 36.904ms
[427.395s][info][gc,cpu         ] GC(994) User=0.07s Sys=0.00s Real=0.04s
[427.422s][info][gc,marking     ] GC(987) Concurrent Rebuild Remembered Sets and Scrub Regions 942.061ms
[427.422s][info][gc,start       ] GC(987) Pause Cleanup
[427.422s][info][gc             ] GC(987) Pause Cleanup 822M->822M(978M) 0.098ms
[427.422s][info][gc,cpu         ] GC(987) User=0.00s Sys=0.00s Real=0.00s
[427.422s][info][gc,marking     ] GC(987) Concurrent Clear Claimed Marks
[427.422s][info][gc,marking     ] GC(987) Concurrent Clear Claimed Marks 0.030ms
[427.422s][info][gc,marking     ] GC(987) Concurrent Cleanup for Next Mark
[427.425s][info][gc,marking     ] GC(987) Concurrent Cleanup for Next Mark 2.812ms
[427.425s][info][gc             ] GC(987) Concurrent Mark Cycle 2378.041ms
[427.493s][info][gc,start       ] GC(995) Pause Young (Prepare Mixed) (G1 Evacuation Pause)
[427.493s][info][gc,task        ] GC(995) Using 2 workers of 2 for evacuation
[427.527s][info][gc,phases      ] GC(995)   Pre Evacuate Collection Set: 0.26ms
[427.527s][info][gc,phases      ] GC(995)   Merge Heap Roots: 0.20ms
[427.527s][info][gc,phases      ] GC(995)   Evacuate Collection Set: 32.69ms
[427.527s][info][gc,phases      ] GC(995)   Post Evacuate Collection Set: 0.40ms
[427.527s][info][gc,phases      ] GC(995)   Other: 0.07ms
[427.527s][info][gc,heap        ] GC(995) Eden regions: 112->0(91)
[427.527s][info][gc,heap        ] GC(995) Survivor regions: 11->16(16)
[427.527s][info][gc,heap        ] GC(995) Old regions: 783->794
[427.527s][info][gc,heap        ] GC(995) Humongous regions: 11->11
[427.527s][info][gc,metaspace   ] GC(995) Metaspace: 18982K(19136K)->18982K(19136K) NonClass: 16315K(16384K)->16315K(16384K) Class: 2667K(2752K)->2667K(2752K)
[427.527s][info][gc             ] GC(995) Pause Young (Prepare Mixed) (G1 Evacuation Pause) 916M->820M(978M) 33.851ms
[427.527s][info][gc,cpu         ] GC(995) User=0.06s Sys=0.00s Real=0.03s
[427.601s][info][gc,start       ] GC(996) Pause Young (Mixed) (G1 Evacuation Pause)
[427.601s][info][gc,task        ] GC(996) Using 2 workers of 2 for evacuation
[427.627s][info][gc,phases      ] GC(996)   Pre Evacuate Collection Set: 0.50ms
[427.627s][info][gc,phases      ] GC(996)   Merge Heap Roots: 0.20ms
[427.627s][info][gc,phases      ] GC(996)   Evacuate Collection Set: 25.19ms
[427.627s][info][gc,phases      ] GC(996)   Post Evacuate Collection Set: 0.34ms
[427.627s][info][gc,phases      ] GC(996)   Other: 0.07ms
[427.627s][info][gc,heap        ] GC(996) Eden regions: 91->0(107)
[427.627s][info][gc,heap        ] GC(996) Survivor regions: 16->5(14)
[427.628s][info][gc,heap        ] GC(996) Old regions: 794->800
[427.628s][info][gc,heap        ] GC(996) Humongous regions: 11->11
[427.628s][info][gc,metaspace   ] GC(996) Metaspace: 18982K(19136K)->18982K(19136K) NonClass: 16315K(16384K)->16315K(16384K) Class: 2667K(2752K)->2667K(2752K)
[427.628s][info][gc             ] GC(996) Pause Young (Mixed) (G1 Evacuation Pause) 911M->815M(978M) 26.500ms
[427.628s][info][gc,cpu         ] GC(996) User=0.05s Sys=0.00s Real=0.03s
[427.697s][info][gc,start       ] GC(997) Pause Young (Concurrent Start) (G1 Evacuation Pause)
[427.697s][info][gc,task        ] GC(997) Using 2 workers of 2 for evacuation
[427.706s][info][gc,phases      ] GC(997)   Pre Evacuate Collection Set: 0.28ms
[427.706s][info][gc,phases      ] GC(997)   Merge Heap Roots: 0.10ms
[427.706s][info][gc,phases      ] GC(997)   Evacuate Collection Set: 7.31ms
[427.706s][info][gc,phases      ] GC(997)   Post Evacuate Collection Set: 0.38ms
[427.706s][info][gc,phases      ] GC(997)   Other: 0.10ms
[427.706s][info][gc,heap        ] GC(997) Eden regions: 107->0(105)
[427.706s][info][gc,heap        ] GC(997) Survivor regions: 5->6(14)
[427.706s][info][gc,heap        ] GC(997) Old regions: 800->800
[427.706s][info][gc,heap        ] GC(997) Humongous regions: 11->11
[427.706s][info][gc,metaspace   ] GC(997) Metaspace: 18982K(19136K)->18982K(19136K) NonClass: 16315K(16384K)->16315K(16384K) Class: 2667K(2752K)->2667K(2752K)
[427.706s][info][gc             ] GC(997) Pause Young (Concurrent Start) (G1 Evacuation Pause) 922M->816M(978M) 8.355ms
[427.706s][info][gc,cpu         ] GC(997) User=0.01s Sys=0.00s Real=0.01s
[427.706s][info][gc             ] GC(998) Concurrent Mark Cycle
[427.706s][info][gc,marking     ] GC(998) Concurrent Scan Root Regions
[427.716s][info][gc,marking     ] GC(998) Concurrent Scan Root Regions 10.235ms
[427.716s][info][gc,marking     ] GC(998) Concurrent Mark
[427.716s][info][gc,marking     ] GC(998) Concurrent Mark From Roots
[427.716s][info][gc,task        ] GC(998) Using 1 workers of 1 for marking
[427.857s][info][gc,start       ] GC(999) Pause Young (Normal) (G1 Evacuation Pause)
[427.857s][info][gc,task        ] GC(999) Using 2 workers of 2 for evacuation
[427.879s][info][gc,phases      ] GC(999)   Pre Evacuate Collection Set: 0.31ms
[427.879s][info][gc,phases      ] GC(999)   Merge Heap Roots: 0.21ms
[427.879s][info][gc,phases      ] GC(999)   Evacuate Collection Set: 20.85ms
[427.879s][info][gc,phases      ] GC(999)   Post Evacuate Collection Set: 0.33ms
[427.879s][info][gc,phases      ] GC(999)   Other: 0.07ms
[427.879s][info][gc,heap        ] GC(999) Eden regions: 105->0(87)
[427.879s][info][gc,heap        ] GC(999) Survivor regions: 6->14(14)
[427.879s][info][gc,heap        ] GC(999) Old regions: 800->802
[427.879s][info][gc,heap        ] GC(999) Humongous regions: 11->11
[427.879s][info][gc,metaspace   ] GC(999) Metaspace: 18982K(19136K)->18982K(19136K) NonClass: 16315K(16384K)->16315K(16384K) Class: 2667K(2752K)->2667K(2752K)
[427.879s][info][gc             ] GC(999) Pause Young (Normal) (G1 Evacuation Pause) 921M->825M(978M) 22.024ms
[427.879s][info][gc,cpu         ] GC(999) User=0.04s Sys=0.00s Real=0.02s
[427.973s][info][gc,start       ] GC(1000) Pause Young (Normal) (G1 Evacuation Pause)
[427.973s][info][gc,task        ] GC(1000) Using 2 workers of 2 for evacuation
[428.006s][info][gc,phases      ] GC(1000)   Pre Evacuate Collection Set: 0.49ms
[428.006s][info][gc,phases      ] GC(1000)   Merge Heap Roots: 0.24ms
[428.006s][info][gc,phases      ] GC(1000)   Evacuate Collection Set: 31.66ms
[428.006s][info][gc,phases      ] GC(1000)   Post Evacuate Collection Set: 0.31ms
[428.006s][info][gc,phases      ] GC(1000)   Other: 0.08ms
[428.006s][info][gc,heap        ] GC(1000) Eden regions: 87->0(77)
[428.006s][info][gc,heap        ] GC(1000) Survivor regions: 14->12(13)
[428.006s][info][gc,heap        ] GC(1000) Old regions: 802->816
[428.006s][info][gc,heap        ] GC(1000) Humongous regions: 11->11
[428.006s][info][gc,metaspace   ] GC(1000) Metaspace: 18982K(19136K)->18982K(19136K) NonClass: 16315K(16384K)->16315K(16384K) Class: 2667K(2752K)->2667K(2752K)
[428.006s][info][gc             ] GC(1000) Pause Young (Normal) (G1 Evacuation Pause) 912M->838M(978M) 32.982ms
[428.006s][info][gc,cpu         ] GC(1000) User=0.06s Sys=0.00s Real=0.03s
[428.126s][info][gc,start       ] GC(1001) Pause Young (Normal) (G1 Evacuation Pause)
[428.126s][info][gc,task        ] GC(1001) Using 2 workers of 2 for evacuation
[428.143s][info][gc,phases      ] GC(1001)   Pre Evacuate Collection Set: 0.31ms
[428.143s][info][gc,phases      ] GC(1001)   Merge Heap Roots: 0.11ms
[428.143s][info][gc,phases      ] GC(1001)   Evacuate Collection Set: 16.36ms
[428.143s][info][gc,phases      ] GC(1001)   Post Evacuate Collection Set: 0.28ms
[428.143s][info][gc,phases      ] GC(1001)   Other: 0.09ms
[428.143s][info][gc,heap        ] GC(1001) Eden regions: 77->0(81)
[428.143s][info][gc,heap        ] GC(1001) Survivor regions: 12->4(12)
[428.143s][info][gc,heap        ] GC(1001) Old regions: 816->828
[428.143s][info][gc,heap        ] GC(1001) Humongous regions: 11->11
[428.143s][info][gc,metaspace   ] GC(1001) Metaspace: 18982K(19136K)->18982K(19136K) NonClass: 16315K(16384K)->16315K(16384K) Class: 2667K(2752K)->2667K(2752K)
[428.143s][info][gc             ] GC(1001) Pause Young (Normal) (G1 Evacuation Pause) 915M->842M(978M) 17.359ms
[428.143s][info][gc,cpu         ] GC(1001) User=0.03s Sys=0.00s Real=0.02s
[428.385s][info][gc,start       ] GC(1002) Pause Young (Normal) (G1 Evacuation Pause)
[428.385s][info][gc,task        ] GC(1002) Using 2 workers of 2 for evacuation
[428.399s][info][gc,phases      ] GC(1002)   Pre Evacuate Collection Set: 0.30ms
[428.399s][info][gc,phases      ] GC(1002)   Merge Heap Roots: 0.13ms
[428.399s][info][gc,phases      ] GC(1002)   Evacuate Collection Set: 13.16ms
[428.399s][info][gc,phases      ] GC(1002)   Post Evacuate Collection Set: 0.30ms
[428.399s][info][gc,phases      ] GC(1002)   Other: 0.07ms
[428.399s][info][gc,heap        ] GC(1002) Eden regions: 81->0(66)
[428.399s][info][gc,heap        ] GC(1002) Survivor regions: 4->11(11)
[428.399s][info][gc,heap        ] GC(1002) Old regions: 828->829
[428.399s][info][gc,heap        ] GC(1002) Humongous regions: 11->11
[428.399s][info][gc,metaspace   ] GC(1002) Metaspace: 18982K(19136K)->18982K(19136K) NonClass: 16315K(16384K)->16315K(16384K) Class: 2667K(2752K)->2667K(2752K)
[428.399s][info][gc             ] GC(1002) Pause Young (Normal) (G1 Evacuation Pause) 923M->850M(978M) 14.190ms
[428.399s][info][gc,cpu         ] GC(1002) User=0.03s Sys=0.00s Real=0.01s
[428.521s][info][gc,start       ] GC(1003) Pause Young (Normal) (G1 Evacuation Pause)
[428.521s][info][gc,task        ] GC(1003) Using 2 workers of 2 for evacuation
[428.549s][info][gc,phases      ] GC(1003)   Pre Evacuate Collection Set: 0.30ms
[428.549s][info][gc,phases      ] GC(1003)   Merge Heap Roots: 0.19ms
[428.549s][info][gc,phases      ] GC(1003)   Evacuate Collection Set: 26.74ms
[428.549s][info][gc,phases      ] GC(1003)   Post Evacuate Collection Set: 0.29ms
[428.549s][info][gc,phases      ] GC(1003)   Other: 0.12ms
[428.549s][info][gc,heap        ] GC(1003) Eden regions: 66->0(54)
[428.549s][info][gc,heap        ] GC(1003) Survivor regions: 11->10(10)
[428.549s][info][gc,heap        ] GC(1003) Old regions: 829->843
[428.549s][info][gc,heap        ] GC(1003) Humongous regions: 11->11
[428.549s][info][gc,metaspace   ] GC(1003) Metaspace: 18982K(19136K)->18982K(19136K) NonClass: 16315K(16384K)->16315K(16384K) Class: 2667K(2752K)->2667K(2752K)
[428.549s][info][gc             ] GC(1003) Pause Young (Normal) (G1 Evacuation Pause) 916M->863M(978M) 27.902ms
[428.549s][info][gc,cpu         ] GC(1003) User=0.05s Sys=0.00s Real=0.03s
[428.625s][info][gc,marking     ] GC(998) Concurrent Mark From Roots 909.092ms
[428.625s][info][gc,marking     ] GC(998) Concurrent Preclean
[428.625s][info][gc,marking     ] GC(998) Concurrent Preclean 0.047ms
[428.626s][info][gc,start       ] GC(998) Pause Remark
[428.638s][info][metaspace      ] ChkMgr @0x00007f6b2c162700 (non-class-space): : reclaiming memory...
[428.638s][info][metaspace      ] ChkMgr @0x00007f6b2c162700 (non-class-space): nothing reclaimed.
[428.638s][info][metaspace      ] ChkMgr @0x00007f6b2c160810 (class-space): : reclaiming memory...
[428.638s][info][metaspace      ] ChkMgr @0x00007f6b2c160810 (class-space): nothing reclaimed.
[428.638s][info][gc             ] GC(998) Pause Remark 880M->460M(978M) 12.058ms
[428.638s][info][gc,cpu         ] GC(998) User=0.02s Sys=0.00s Real=0.01s
[428.640s][info][gc,marking     ] GC(998) Concurrent Mark 924.003ms
[428.640s][info][gc,marking     ] GC(998) Concurrent Rebuild Remembered Sets and Scrub Regions
[428.793s][info][gc,start       ] GC(1004) Pause Young (Normal) (G1 Evacuation Pause)
[428.794s][info][gc,task        ] GC(1004) Using 2 workers of 2 for evacuation
[428.805s][info][gc,phases      ] GC(1004)   Pre Evacuate Collection Set: 0.30ms
[428.805s][info][gc,phases      ] GC(1004)   Merge Heap Roots: 0.12ms
[428.805s][info][gc,phases      ] GC(1004)   Evacuate Collection Set: 10.57ms
[428.805s][info][gc,phases      ] GC(1004)   Post Evacuate Collection Set: 0.37ms
[428.805s][info][gc,phases      ] GC(1004)   Other: 0.09ms
[428.805s][info][gc,heap        ] GC(1004) Eden regions: 54->0(350)
[428.805s][info][gc,heap        ] GC(1004) Survivor regions: 10->1(8)
[428.805s][info][gc,heap        ] GC(1004) Old regions: 430->440
[428.805s][info][gc,heap        ] GC(1004) Humongous regions: 4->4
[428.805s][info][gc,metaspace   ] GC(1004) Metaspace: 18977K(19136K)->18977K(19136K) NonClass: 16310K(16384K)->16310K(16384K) Class: 2667K(2752K)->2667K(2752K)
[428.805s][info][gc             ] GC(1004) Pause Young (Normal) (G1 Evacuation Pause) 497M->444M(978M) 11.664ms
[428.805s][info][gc,cpu         ] GC(1004) User=0.02s Sys=0.00s Real=0.01s
[428.935s][info][gc,marking     ] GC(998) Concurrent Rebuild Remembered Sets and Scrub Regions 295.202ms
[428.935s][info][gc,start       ] GC(998) Pause Cleanup
[428.936s][info][gc             ] GC(998) Pause Cleanup 460M->460M(978M) 0.161ms
[428.936s][info][gc,cpu         ] GC(998) User=0.00s Sys=0.00s Real=0.00s
[428.936s][info][gc,marking     ] GC(998) Concurrent Clear Claimed Marks
[428.936s][info][gc,marking     ] GC(998) Concurrent Clear Claimed Marks 0.041ms
[428.936s][info][gc,marking     ] GC(998) Concurrent Cleanup for Next Mark
[428.941s][info][gc,marking     ] GC(998) Concurrent Cleanup for Next Mark 4.890ms
[428.941s][info][gc             ] GC(998) Concurrent Mark Cycle 1234.984ms
[429.704s][info][gc,start       ] GC(1005) Pause Young (Prepare Mixed) (G1 Evacuation Pause)
[429.704s][info][gc,task        ] GC(1005) Using 2 workers of 2 for evacuation
[429.707s][info][gc,phases      ] GC(1005)   Pre Evacuate Collection Set: 0.53ms
[429.707s][info][gc,phases      ] GC(1005)   Merge Heap Roots: 0.15ms
[429.707s][info][gc,phases      ] GC(1005)   Evacuate Collection Set: 1.52ms
[429.707s][info][gc,phases      ] GC(1005)   Post Evacuate Collection Set: 0.50ms
[429.707s][info][gc,phases      ] GC(1005)   Other: 0.10ms
[429.707s][info][gc,heap        ] GC(1005) Eden regions: 350->0(374)
[429.707s][info][gc,heap        ] GC(1005) Survivor regions: 1->1(44)
[429.707s][info][gc,heap        ] GC(1005) Old regions: 440->440
[429.707s][info][gc,heap        ] GC(1005) Humongous regions: 4->4
[429.707s][info][gc,metaspace   ] GC(1005) Metaspace: 18977K(19136K)->18977K(19136K) NonClass: 16310K(16384K)->16310K(16384K) Class: 2667K(2752K)->2667K(2752K)
[429.707s][info][gc             ] GC(1005) Pause Young (Prepare Mixed) (G1 Evacuation Pause) 794M->444M(978M) 3.051ms
[429.707s][info][gc,cpu         ] GC(1005) User=0.01s Sys=0.00s Real=0.00s
[430.368s][info][gc,start       ] GC(1006) Pause Young (Mixed) (G1 Evacuation Pause)
[430.368s][info][gc,task        ] GC(1006) Using 2 workers of 2 for evacuation
[430.419s][info][gc,phases      ] GC(1006)   Pre Evacuate Collection Set: 0.38ms
[430.419s][info][gc,phases      ] GC(1006)   Merge Heap Roots: 0.48ms
[430.419s][info][gc,phases      ] GC(1006)   Evacuate Collection Set: 49.26ms
[430.419s][info][gc,phases      ] GC(1006)   Post Evacuate Collection Set: 0.76ms
[430.419s][info][gc,phases      ] GC(1006)   Other: 0.09ms
[430.419s][info][gc,heap        ] GC(1006) Eden regions: 374->0(402)
[430.419s][info][gc,heap        ] GC(1006) Survivor regions: 1->42(47)
[430.419s][info][gc,heap        ] GC(1006) Old regions: 440->353
[430.419s][info][gc,heap        ] GC(1006) Humongous regions: 4->4
[430.419s][info][gc,metaspace   ] GC(1006) Metaspace: 18977K(19136K)->18977K(19136K) NonClass: 16310K(16384K)->16310K(16384K) Class: 2667K(2752K)->2667K(2752K)
[430.419s][info][gc             ] GC(1006) Pause Young (Mixed) (G1 Evacuation Pause) 818M->398M(978M) 51.187ms
[430.419s][info][gc,cpu         ] GC(1006) User=0.10s Sys=0.00s Real=0.05s
[430.762s][info][gc,start       ] GC(1007) Pause Young (Concurrent Start) (G1 Evacuation Pause)
[430.762s][info][gc,task        ] GC(1007) Using 2 workers of 2 for evacuation
[430.874s][info][gc,phases      ] GC(1007)   Pre Evacuate Collection Set: 0.30ms
[430.874s][info][gc,phases      ] GC(1007)   Merge Heap Roots: 0.18ms
[430.874s][info][gc,phases      ] GC(1007)   Evacuate Collection Set: 110.96ms
[430.874s][info][gc,phases      ] GC(1007)   Post Evacuate Collection Set: 0.84ms
[430.875s][info][gc,phases      ] GC(1007)   Other: 0.11ms
[430.875s][info][gc,heap        ] GC(1007) Eden regions: 402->0(340)
[430.875s][info][gc,heap        ] GC(1007) Survivor regions: 42->56(56)
[430.875s][info][gc,heap        ] GC(1007) Old regions: 353->420
[430.875s][info][gc,heap        ] GC(1007) Humongous regions: 4->4
[430.875s][info][gc,metaspace   ] GC(1007) Metaspace: 18977K(19136K)->18977K(19136K) NonClass: 16310K(16384K)->16310K(16384K) Class: 2667K(2752K)->2667K(2752K)
[430.875s][info][gc             ] GC(1007) Pause Young (Concurrent Start) (G1 Evacuation Pause) 800M->479M(978M) 112.651ms
[430.875s][info][gc             ] GC(1008) Concurrent Mark Cycle
[430.875s][info][gc,marking     ] GC(1008) Concurrent Scan Root Regions
[430.876s][info][gc,cpu         ] GC(1007) User=0.22s Sys=0.00s Real=0.12s
[430.955s][info][gc,marking     ] GC(1008) Concurrent Scan Root Regions 80.640ms
[430.955s][info][gc,marking     ] GC(1008) Concurrent Mark
[430.955s][info][gc,marking     ] GC(1008) Concurrent Mark From Roots
[430.955s][info][gc,task        ] GC(1008) Using 1 workers of 1 for marking
[431.329s][info][gc,start       ] GC(1009) Pause Young (Normal) (G1 Evacuation Pause)
[431.329s][info][gc,task        ] GC(1009) Using 2 workers of 2 for evacuation
[431.453s][info][gc,phases      ] GC(1009)   Pre Evacuate Collection Set: 0.31ms
[431.453s][info][gc,phases      ] GC(1009)   Merge Heap Roots: 0.46ms
[431.453s][info][gc,phases      ] GC(1009)   Evacuate Collection Set: 122.34ms
[431.453s][info][gc,phases      ] GC(1009)   Post Evacuate Collection Set: 0.63ms
[431.453s][info][gc,phases      ] GC(1009)   Other: 0.10ms
[431.453s][info][gc,heap        ] GC(1009) Eden regions: 340->0(311)
[431.453s][info][gc,heap        ] GC(1009) Survivor regions: 56->46(50)
[431.453s][info][gc,heap        ] GC(1009) Old regions: 420->476
[431.453s][info][gc,heap        ] GC(1009) Humongous regions: 8->8
[431.453s][info][gc,metaspace   ] GC(1009) Metaspace: 18977K(19136K)->18977K(19136K) NonClass: 16310K(16384K)->16310K(16384K) Class: 2667K(2752K)->2667K(2752K)
[431.453s][info][gc             ] GC(1009) Pause Young (Normal) (G1 Evacuation Pause) 823M->529M(978M) 124.140ms
[431.453s][info][gc,cpu         ] GC(1009) User=0.25s Sys=0.00s Real=0.13s
[431.840s][info][gc,start       ] GC(1010) Pause Young (Normal) (G1 Evacuation Pause)
[431.840s][info][gc,task        ] GC(1010) Using 2 workers of 2 for evacuation
[431.931s][info][gc,phases      ] GC(1010)   Pre Evacuate Collection Set: 0.30ms
[431.931s][info][gc,phases      ] GC(1010)   Merge Heap Roots: 0.24ms
[431.931s][info][gc,phases      ] GC(1010)   Evacuate Collection Set: 88.93ms
[431.931s][info][gc,phases      ] GC(1010)   Post Evacuate Collection Set: 0.55ms
[431.931s][info][gc,phases      ] GC(1010)   Other: 0.10ms
[431.931s][info][gc,heap        ] GC(1010) Eden regions: 311->0(295)
[431.931s][info][gc,heap        ] GC(1010) Survivor regions: 46->30(45)
[431.931s][info][gc,heap        ] GC(1010) Old regions: 476->522
[431.931s][info][gc,heap        ] GC(1010) Humongous regions: 8->8
[431.931s][info][gc,metaspace   ] GC(1010) Metaspace: 18977K(19136K)->18977K(19136K) NonClass: 16310K(16384K)->16310K(16384K) Class: 2667K(2752K)->2667K(2752K)
[431.931s][info][gc             ] GC(1010) Pause Young (Normal) (G1 Evacuation Pause) 840M->559M(978M) 90.367ms
[431.931s][info][gc,cpu         ] GC(1010) User=0.18s Sys=0.00s Real=0.09s
[432.022s][info][gc,marking     ] GC(1008) Concurrent Mark From Roots 1066.410ms
[432.022s][info][gc,marking     ] GC(1008) Concurrent Preclean
[432.022s][info][gc,marking     ] GC(1008) Concurrent Preclean 0.041ms
[432.023s][info][gc,start       ] GC(1008) Pause Remark
[432.031s][info][gc             ] GC(1008) Pause Remark 648M->638M(978M) 7.822ms
[432.031s][info][gc,cpu         ] GC(1008) User=0.01s Sys=0.01s Real=0.01s
[432.031s][info][gc,marking     ] GC(1008) Concurrent Mark 1075.324ms
[432.031s][info][gc,marking     ] GC(1008) Concurrent Rebuild Remembered Sets and Scrub Regions
[432.348s][info][gc,start       ] GC(1011) Pause Young (Normal) (G1 Evacuation Pause)
[432.348s][info][gc,task        ] GC(1011) Using 2 workers of 2 for evacuation
[432.396s][info][gc,phases      ] GC(1011)   Pre Evacuate Collection Set: 0.30ms
[432.396s][info][gc,phases      ] GC(1011)   Merge Heap Roots: 0.34ms
[432.396s][info][gc,phases      ] GC(1011)   Evacuate Collection Set: 46.63ms
[432.396s][info][gc,phases      ] GC(1011)   Post Evacuate Collection Set: 0.54ms
[432.396s][info][gc,phases      ] GC(1011)   Other: 0.08ms
[432.396s][info][gc,heap        ] GC(1011) Eden regions: 295->0(306)
[432.396s][info][gc,heap        ] GC(1011) Survivor regions: 30->12(41)
[432.396s][info][gc,heap        ] GC(1011) Old regions: 512->542
[432.396s][info][gc,heap        ] GC(1011) Humongous regions: 8->8
[432.397s][info][gc,metaspace   ] GC(1011) Metaspace: 18977K(19136K)->18977K(19136K) NonClass: 16310K(16384K)->16310K(16384K) Class: 2667K(2752K)->2667K(2752K)
[432.397s][info][gc             ] GC(1011) Pause Young (Normal) (G1 Evacuation Pause) 844M->561M(978M) 48.131ms
[432.397s][info][gc,cpu         ] GC(1011) User=0.09s Sys=0.00s Real=0.05s
[432.558s][info][gc,marking     ] GC(1008) Concurrent Rebuild Remembered Sets and Scrub Regions 527.261ms
[432.558s][info][gc,start       ] GC(1008) Pause Cleanup
[432.558s][info][gc             ] GC(1008) Pause Cleanup 640M->640M(978M) 0.108ms
[432.558s][info][gc,cpu         ] GC(1008) User=0.00s Sys=0.00s Real=0.00s
[432.558s][info][gc,marking     ] GC(1008) Concurrent Clear Claimed Marks
[432.558s][info][gc,marking     ] GC(1008) Concurrent Clear Claimed Marks 0.032ms
[432.558s][info][gc,marking     ] GC(1008) Concurrent Cleanup for Next Mark
[432.561s][info][gc,marking     ] GC(1008) Concurrent Cleanup for Next Mark 2.824ms
[432.561s][info][gc             ] GC(1008) Concurrent Mark Cycle 1686.599ms
[432.845s][info][gc,start       ] GC(1012) Pause Young (Prepare Mixed) (G1 Evacuation Pause)
[432.845s][info][gc,task        ] GC(1012) Using 2 workers of 2 for evacuation
[432.909s][info][gc,phases      ] GC(1012)   Pre Evacuate Collection Set: 0.33ms
[432.909s][info][gc,phases      ] GC(1012)   Merge Heap Roots: 0.42ms
[432.909s][info][gc,phases      ] GC(1012)   Evacuate Collection Set: 62.10ms
[432.909s][info][gc,phases      ] GC(1012)   Post Evacuate Collection Set: 0.62ms
[432.909s][info][gc,phases      ] GC(1012)   Other: 0.09ms
[432.909s][info][gc,heap        ] GC(1012) Eden regions: 306->0(272)
[432.909s][info][gc,heap        ] GC(1012) Survivor regions: 12->40(40)
[432.909s][info][gc,heap        ] GC(1012) Old regions: 542->552
[432.909s][info][gc,heap        ] GC(1012) Humongous regions: 8->8
[432.909s][info][gc,metaspace   ] GC(1012) Metaspace: 18977K(19136K)->18977K(19136K) NonClass: 16310K(16384K)->16310K(16384K) Class: 2667K(2752K)->2667K(2752K)
[432.909s][info][gc             ] GC(1012) Pause Young (Prepare Mixed) (G1 Evacuation Pause) 867M->599M(978M) 63.885ms
[432.909s][info][gc,cpu         ] GC(1012) User=0.12s Sys=0.00s Real=0.06s
[433.197s][info][gc,start       ] GC(1013) Pause Young (Mixed) (G1 Evacuation Pause)
[433.197s][info][gc,task        ] GC(1013) Using 2 workers of 2 for evacuation
[433.302s][info][gc,phases      ] GC(1013)   Pre Evacuate Collection Set: 0.34ms
[433.303s][info][gc,phases      ] GC(1013)   Merge Heap Roots: 0.28ms
[433.303s][info][gc,phases      ] GC(1013)   Evacuate Collection Set: 102.96ms
[433.303s][info][gc,phases      ] GC(1013)   Post Evacuate Collection Set: 1.83ms
[433.303s][info][gc,phases      ] GC(1013)   Other: 0.08ms
[433.303s][info][gc,heap        ] GC(1013) Eden regions: 272->0(201)
[433.303s][info][gc,heap        ] GC(1013) Survivor regions: 40->39(39)
[433.303s][info][gc,heap        ] GC(1013) Old regions: 552->622
[433.303s][info][gc,heap        ] GC(1013) Humongous regions: 8->8
[433.303s][info][gc,metaspace   ] GC(1013) Metaspace: 18977K(19136K)->18977K(19136K) NonClass: 16310K(16384K)->16310K(16384K) Class: 2667K(2752K)->2667K(2752K)
[433.303s][info][gc             ] GC(1013) Pause Young (Mixed) (G1 Evacuation Pause) (Evacuation Failure: Allocation) 871M->668M(978M) 105.781ms
[433.303s][info][gc,cpu         ] GC(1013) User=0.21s Sys=0.00s Real=0.10s
[433.607s][info][gc,start       ] GC(1014) Pause Young (Concurrent Start) (G1 Humongous Allocation)
[433.607s][info][gc,task        ] GC(1014) Using 2 workers of 2 for evacuation
[433.676s][info][gc,phases      ] GC(1014)   Pre Evacuate Collection Set: 0.49ms
[433.676s][info][gc,phases      ] GC(1014)   Merge Heap Roots: 0.71ms
[433.676s][info][gc,phases      ] GC(1014)   Evacuate Collection Set: 66.63ms
[433.676s][info][gc,phases      ] GC(1014)   Post Evacuate Collection Set: 0.61ms
[433.676s][info][gc,phases      ] GC(1014)   Other: 0.21ms
[433.676s][info][gc,heap        ] GC(1014) Eden regions: 189->0(204)
[433.676s][info][gc,heap        ] GC(1014) Survivor regions: 39->16(30)
[433.676s][info][gc,heap        ] GC(1014) Old regions: 622->651
[433.676s][info][gc,heap        ] GC(1014) Humongous regions: 8->8
[433.676s][info][gc,metaspace   ] GC(1014) Metaspace: 18977K(19136K)->18977K(19136K) NonClass: 16310K(16384K)->16310K(16384K) Class: 2667K(2752K)->2667K(2752K)
[433.676s][info][gc             ] GC(1014) Pause Young (Concurrent Start) (G1 Humongous Allocation) 857M->674M(978M) 68.937ms
[433.676s][info][gc             ] GC(1015) Concurrent Mark Cycle
[433.676s][info][gc,marking     ] GC(1015) Concurrent Scan Root Regions
[433.677s][info][gc,cpu         ] GC(1014) User=0.13s Sys=0.00s Real=0.07s
[433.742s][info][gc,marking     ] GC(1015) Concurrent Scan Root Regions 66.042ms
[433.742s][info][gc,marking     ] GC(1015) Concurrent Mark
[433.742s][info][gc,marking     ] GC(1015) Concurrent Mark From Roots
[433.742s][info][gc,task        ] GC(1015) Using 1 workers of 1 for marking
[434.091s][info][gc,start       ] GC(1016) Pause Young (Normal) (G1 Evacuation Pause)
[434.091s][info][gc,task        ] GC(1016) Using 2 workers of 2 for evacuation
[434.171s][info][gc,phases      ] GC(1016)   Pre Evacuate Collection Set: 0.30ms
[434.172s][info][gc,phases      ] GC(1016)   Merge Heap Roots: 0.39ms
[434.172s][info][gc,phases      ] GC(1016)   Evacuate Collection Set: 78.90ms
[434.172s][info][gc,phases      ] GC(1016)   Post Evacuate Collection Set: 0.46ms
[434.172s][info][gc,phases      ] GC(1016)   Other: 0.08ms
[434.172s][info][gc,heap        ] GC(1016) Eden regions: 204->0(165)
[434.172s][info][gc,heap        ] GC(1016) Survivor regions: 16->28(28)
[434.172s][info][gc,heap        ] GC(1016) Old regions: 651->684
[434.172s][info][gc,heap        ] GC(1016) Humongous regions: 11->11
[434.172s][info][gc,metaspace   ] GC(1016) Metaspace: 18977K(19136K)->18977K(19136K) NonClass: 16310K(16384K)->16310K(16384K) Class: 2667K(2752K)->2667K(2752K)
[434.172s][info][gc             ] GC(1016) Pause Young (Normal) (G1 Evacuation Pause) 881M->722M(978M) 80.446ms
[434.172s][info][gc,cpu         ] GC(1016) User=0.15s Sys=0.00s Real=0.08s
[434.430s][info][gc,start       ] GC(1017) Pause Young (Normal) (G1 Evacuation Pause)
[434.430s][info][gc,task        ] GC(1017) Using 2 workers of 2 for evacuation
[434.467s][info][gc,phases      ] GC(1017)   Pre Evacuate Collection Set: 0.31ms
[434.467s][info][gc,phases      ] GC(1017)   Merge Heap Roots: 0.18ms
[434.467s][info][gc,phases      ] GC(1017)   Evacuate Collection Set: 35.98ms
[434.467s][info][gc,phases      ] GC(1017)   Post Evacuate Collection Set: 0.41ms
[434.467s][info][gc,phases      ] GC(1017)   Other: 0.09ms
[434.467s][info][gc,heap        ] GC(1017) Eden regions: 165->0(173)
[434.467s][info][gc,heap        ] GC(1017) Survivor regions: 28->4(25)
[434.467s][info][gc,heap        ] GC(1017) Old regions: 684->713
[434.467s][info][gc,heap        ] GC(1017) Humongous regions: 11->11
[434.467s][info][gc,metaspace   ] GC(1017) Metaspace: 18977K(19136K)->18977K(19136K) NonClass: 16310K(16384K)->16310K(16384K) Class: 2667K(2752K)->2667K(2752K)
[434.467s][info][gc             ] GC(1017) Pause Young (Normal) (G1 Evacuation Pause) 887M->727M(978M) 37.218ms
[434.467s][info][gc,cpu         ] GC(1017) User=0.07s Sys=0.00s Real=0.04s
[434.797s][info][gc,start       ] GC(1018) Pause Young (Normal) (G1 Evacuation Pause)
[434.797s][info][gc,task        ] GC(1018) Using 2 workers of 2 for evacuation
[434.814s][info][gc,phases      ] GC(1018)   Pre Evacuate Collection Set: 0.32ms
[434.814s][info][gc,phases      ] GC(1018)   Merge Heap Roots: 0.21ms
[434.814s][info][gc,phases      ] GC(1018)   Evacuate Collection Set: 15.65ms
[434.814s][info][gc,phases      ] GC(1018)   Post Evacuate Collection Set: 0.38ms
[434.814s][info][gc,phases      ] GC(1018)   Other: 0.09ms
[434.814s][info][gc,heap        ] GC(1018) Eden regions: 173->0(178)
[434.814s][info][gc,heap        ] GC(1018) Survivor regions: 4->9(23)
[434.814s][info][gc,heap        ] GC(1018) Old regions: 713->713
[434.814s][info][gc,heap        ] GC(1018) Humongous regions: 11->11
[434.814s][info][gc,metaspace   ] GC(1018) Metaspace: 18977K(19136K)->18977K(19136K) NonClass: 16310K(16384K)->16310K(16384K) Class: 2667K(2752K)->2667K(2752K)
[434.814s][info][gc             ] GC(1018) Pause Young (Normal) (G1 Evacuation Pause) 900M->731M(978M) 16.844ms
[434.814s][info][gc,cpu         ] GC(1018) User=0.04s Sys=0.00s Real=0.02s
[434.870s][info][gc,marking     ] GC(1015) Concurrent Mark From Roots 1127.790ms
[434.870s][info][gc,marking     ] GC(1015) Concurrent Preclean
[434.870s][info][gc,marking     ] GC(1015) Concurrent Preclean 0.047ms
[434.871s][info][gc,start       ] GC(1015) Pause Remark
[434.879s][info][gc             ] GC(1015) Pause Remark 767M->623M(978M) 7.838ms
[434.879s][info][gc,cpu         ] GC(1015) User=0.01s Sys=0.00s Real=0.01s
[434.879s][info][gc,marking     ] GC(1015) Concurrent Mark 1136.541ms
[434.879s][info][gc,marking     ] GC(1015) Concurrent Rebuild Remembered Sets and Scrub Regions
[435.257s][info][gc,start       ] GC(1019) Pause Young (Normal) (G1 Evacuation Pause)
[435.257s][info][gc,task        ] GC(1019) Using 2 workers of 2 for evacuation
[435.290s][info][gc,phases      ] GC(1019)   Pre Evacuate Collection Set: 0.48ms
[435.290s][info][gc,phases      ] GC(1019)   Merge Heap Roots: 0.47ms
[435.290s][info][gc,phases      ] GC(1019)   Evacuate Collection Set: 31.54ms
[435.290s][info][gc,phases      ] GC(1019)   Post Evacuate Collection Set: 0.41ms
[435.290s][info][gc,phases      ] GC(1019)   Other: 0.11ms
[435.290s][info][gc,heap        ] GC(1019) Eden regions: 178->0(272)
[435.290s][info][gc,heap        ] GC(1019) Survivor regions: 9->19(24)
[435.290s][info][gc,heap        ] GC(1019) Old regions: 573->573
[435.290s][info][gc,heap        ] GC(1019) Humongous regions: 7->7
[435.290s][info][gc,metaspace   ] GC(1019) Metaspace: 18977K(19136K)->18977K(19136K) NonClass: 16310K(16384K)->16310K(16384K) Class: 2667K(2752K)->2667K(2752K)
[435.290s][info][gc             ] GC(1019) Pause Young (Normal) (G1 Evacuation Pause) 765M->597M(978M) 33.232ms
[435.290s][info][gc,cpu         ] GC(1019) User=0.06s Sys=0.00s Real=0.03s
[435.389s][info][gc,marking     ] GC(1015) Concurrent Rebuild Remembered Sets and Scrub Regions 510.155ms
[435.389s][info][gc,start       ] GC(1015) Pause Cleanup
[435.389s][info][gc             ] GC(1015) Pause Cleanup 659M->659M(978M) 0.162ms
[435.389s][info][gc,cpu         ] GC(1015) User=0.00s Sys=0.00s Real=0.00s
[435.389s][info][gc,marking     ] GC(1015) Concurrent Clear Claimed Marks
[435.389s][info][gc,marking     ] GC(1015) Concurrent Clear Claimed Marks 0.040ms
[435.389s][info][gc,marking     ] GC(1015) Concurrent Cleanup for Next Mark
[435.396s][info][gc,marking     ] GC(1015) Concurrent Cleanup for Next Mark 6.392ms
[435.396s][info][gc             ] GC(1015) Concurrent Mark Cycle 1719.800ms
[435.700s][info][gc,start       ] GC(1020) Pause Young (Prepare Mixed) (G1 Evacuation Pause)
[435.700s][info][gc,task        ] GC(1020) Using 2 workers of 2 for evacuation
[435.788s][info][gc,phases      ] GC(1020)   Pre Evacuate Collection Set: 0.57ms
[435.788s][info][gc,phases      ] GC(1020)   Merge Heap Roots: 0.41ms
[435.788s][info][gc,phases      ] GC(1020)   Evacuate Collection Set: 86.42ms
[435.788s][info][gc,phases      ] GC(1020)   Post Evacuate Collection Set: 0.81ms
[435.788s][info][gc,phases      ] GC(1020)   Other: 0.11ms
[435.788s][info][gc,heap        ] GC(1020) Eden regions: 272->0(211)
[435.788s][info][gc,heap        ] GC(1020) Survivor regions: 19->37(37)
[435.788s][info][gc,heap        ] GC(1020) Old regions: 573->618
[435.788s][info][gc,heap        ] GC(1020) Humongous regions: 7->7
[435.788s][info][gc,metaspace   ] GC(1020) Metaspace: 18977K(19136K)->18977K(19136K) NonClass: 16310K(16384K)->16310K(16384K) Class: 2667K(2752K)->2667K(2752K)
[435.788s][info][gc             ] GC(1020) Pause Young (Prepare Mixed) (G1 Evacuation Pause) 869M->661M(978M) 88.528ms
[435.788s][info][gc,cpu         ] GC(1020) User=0.18s Sys=0.00s Real=0.09s
[436.039s][info][gc,start       ] GC(1021) Pause Young (Mixed) (G1 Evacuation Pause)
[436.039s][info][gc,task        ] GC(1021) Using 2 workers of 2 for evacuation
[436.138s][info][gc,phases      ] GC(1021)   Pre Evacuate Collection Set: 0.57ms
[436.138s][info][gc,phases      ] GC(1021)   Merge Heap Roots: 0.91ms
[436.138s][info][gc,phases      ] GC(1021)   Evacuate Collection Set: 96.27ms
[436.138s][info][gc,phases      ] GC(1021)   Post Evacuate Collection Set: 0.57ms
[436.138s][info][gc,phases      ] GC(1021)   Other: 0.10ms
[436.138s][info][gc,heap        ] GC(1021) Eden regions: 211->0(238)
[436.138s][info][gc,heap        ] GC(1021) Survivor regions: 37->31(31)
[436.138s][info][gc,heap        ] GC(1021) Old regions: 618->583
[436.138s][info][gc,heap        ] GC(1021) Humongous regions: 7->7
[436.138s][info][gc,metaspace   ] GC(1021) Metaspace: 18977K(19136K)->18977K(19136K) NonClass: 16310K(16384K)->16310K(16384K) Class: 2667K(2752K)->2667K(2752K)
[436.138s][info][gc             ] GC(1021) Pause Young (Mixed) (G1 Evacuation Pause) 872M->620M(978M) 98.659ms
[436.138s][info][gc,cpu         ] GC(1021) User=0.19s Sys=0.00s Real=0.10s
[436.228s][info][gc,start       ] GC(1022) Pause Young (Concurrent Start) (G1 Humongous Allocation)
[436.228s][info][gc,task        ] GC(1022) Using 2 workers of 2 for evacuation
[436.267s][info][gc,phases      ] GC(1022)   Pre Evacuate Collection Set: 0.35ms
[436.267s][info][gc,phases      ] GC(1022)   Merge Heap Roots: 0.21ms
[436.267s][info][gc,phases      ] GC(1022)   Evacuate Collection Set: 38.34ms
[436.267s][info][gc,phases      ] GC(1022)   Post Evacuate Collection Set: 0.44ms
[436.267s][info][gc,phases      ] GC(1022)   Other: 0.24ms
[436.267s][info][gc,heap        ] GC(1022) Eden regions: 44->0(247)
[436.267s][info][gc,heap        ] GC(1022) Survivor regions: 31->6(34)
[436.267s][info][gc,heap        ] GC(1022) Old regions: 583->614
[436.267s][info][gc,heap        ] GC(1022) Humongous regions: 7->7
[436.268s][info][gc,metaspace   ] GC(1022) Metaspace: 18977K(19136K)->18977K(19136K) NonClass: 16310K(16384K)->16310K(16384K) Class: 2667K(2752K)->2667K(2752K)
[436.268s][info][gc             ] GC(1022) Pause Young (Concurrent Start) (G1 Humongous Allocation) 664M->625M(978M) 39.796ms
[436.268s][info][gc,cpu         ] GC(1022) User=0.08s Sys=0.01s Real=0.04s
[436.268s][info][gc             ] GC(1023) Concurrent Mark Cycle
[436.268s][info][gc,marking     ] GC(1023) Concurrent Scan Root Regions
[436.318s][info][gc,marking     ] GC(1023) Concurrent Scan Root Regions 50.320ms
[436.318s][info][gc,marking     ] GC(1023) Concurrent Mark
[436.318s][info][gc,marking     ] GC(1023) Concurrent Mark From Roots
[436.318s][info][gc,task        ] GC(1023) Using 1 workers of 1 for marking
[436.771s][info][gc,start       ] GC(1024) Pause Young (Normal) (G1 Evacuation Pause)
[436.771s][info][gc,task        ] GC(1024) Using 2 workers of 2 for evacuation
[436.849s][info][gc,phases      ] GC(1024)   Pre Evacuate Collection Set: 0.30ms
[436.849s][info][gc,phases      ] GC(1024)   Merge Heap Roots: 0.35ms
[436.849s][info][gc,phases      ] GC(1024)   Evacuate Collection Set: 76.43ms
[436.849s][info][gc,phases      ] GC(1024)   Post Evacuate Collection Set: 0.62ms
[436.849s][info][gc,phases      ] GC(1024)   Other: 0.08ms
[436.849s][info][gc,heap        ] GC(1024) Eden regions: 247->0(204)
[436.849s][info][gc,heap        ] GC(1024) Survivor regions: 6->32(32)
[436.849s][info][gc,heap        ] GC(1024) Old regions: 614->636
[436.849s][info][gc,heap        ] GC(1024) Humongous regions: 10->10
[436.849s][info][gc,metaspace   ] GC(1024) Metaspace: 18977K(19136K)->18977K(19136K) NonClass: 16310K(16384K)->16310K(16384K) Class: 2667K(2752K)->2667K(2752K)
[436.849s][info][gc             ] GC(1024) Pause Young (Normal) (G1 Evacuation Pause) 875M->677M(978M) 78.070ms
[436.849s][info][gc,cpu         ] GC(1024) User=0.15s Sys=0.00s Real=0.08s
[437.166s][info][gc,start       ] GC(1025) Pause Young (Normal) (G1 Evacuation Pause)
[437.166s][info][gc,task        ] GC(1025) Using 2 workers of 2 for evacuation
[437.215s][info][gc,phases      ] GC(1025)   Pre Evacuate Collection Set: 0.29ms
[437.215s][info][gc,phases      ] GC(1025)   Merge Heap Roots: 0.38ms
[437.215s][info][gc,phases      ] GC(1025)   Evacuate Collection Set: 47.49ms
[437.215s][info][gc,phases      ] GC(1025)   Post Evacuate Collection Set: 0.45ms
[437.215s][info][gc,phases      ] GC(1025)   Other: 0.08ms
[437.215s][info][gc,heap        ] GC(1025) Eden regions: 204->0(216)
[437.215s][info][gc,heap        ] GC(1025) Survivor regions: 32->3(30)
[437.215s][info][gc,heap        ] GC(1025) Old regions: 636->668
[437.215s][info][gc,heap        ] GC(1025) Humongous regions: 10->10
[437.215s][info][gc,metaspace   ] GC(1025) Metaspace: 18977K(19136K)->18977K(19136K) NonClass: 16310K(16384K)->16310K(16384K) Class: 2667K(2752K)->2667K(2752K)
[437.215s][info][gc             ] GC(1025) Pause Young (Normal) (G1 Evacuation Pause) 881M->680M(978M) 48.937ms
[437.215s][info][gc,cpu         ] GC(1025) User=0.09s Sys=0.00s Real=0.05s
[437.593s][info][gc,start       ] GC(1026) Pause Young (Normal) (G1 Evacuation Pause)
[437.593s][info][gc,task        ] GC(1026) Using 2 workers of 2 for evacuation
[437.615s][info][gc,phases      ] GC(1026)   Pre Evacuate Collection Set: 0.30ms
[437.615s][info][gc,phases      ] GC(1026)   Merge Heap Roots: 0.20ms
[437.615s][info][gc,phases      ] GC(1026)   Evacuate Collection Set: 20.48ms
[437.615s][info][gc,phases      ] GC(1026)   Post Evacuate Collection Set: 0.43ms
[437.615s][info][gc,phases      ] GC(1026)   Other: 0.08ms
[437.615s][info][gc,heap        ] GC(1026) Eden regions: 216->0(212)
[437.615s][info][gc,heap        ] GC(1026) Survivor regions: 3->15(28)
[437.615s][info][gc,heap        ] GC(1026) Old regions: 668->668
[437.615s][info][gc,heap        ] GC(1026) Humongous regions: 10->10
[437.615s][info][gc,metaspace   ] GC(1026) Metaspace: 18977K(19136K)->18977K(19136K) NonClass: 16310K(16384K)->16310K(16384K) Class: 2667K(2752K)->2667K(2752K)
[437.615s][info][gc             ] GC(1026) Pause Young (Normal) (G1 Evacuation Pause) 896M->692M(978M) 21.754ms
[437.615s][info][gc,cpu         ] GC(1026) User=0.04s Sys=0.00s Real=0.02s
[437.721s][info][gc,marking     ] GC(1023) Concurrent Mark From Roots 1402.852ms
[437.721s][info][gc,marking     ] GC(1023) Concurrent Preclean
[437.721s][info][gc,marking     ] GC(1023) Concurrent Preclean 0.043ms
[437.721s][info][gc,start       ] GC(1023) Pause Remark
[437.729s][info][gc             ] GC(1023) Pause Remark 718M->577M(978M) 7.769ms
[437.729s][info][gc,cpu         ] GC(1023) User=0.02s Sys=0.00s Real=0.01s
[437.729s][info][gc,marking     ] GC(1023) Concurrent Mark 1410.986ms
[437.729s][info][gc,marking     ] GC(1023) Concurrent Rebuild Remembered Sets and Scrub Regions
[438.174s][info][gc,marking     ] GC(1023) Concurrent Rebuild Remembered Sets and Scrub Regions 445.024ms
[438.174s][info][gc,start       ] GC(1023) Pause Cleanup
[438.174s][info][gc             ] GC(1023) Pause Cleanup 719M->719M(978M) 0.106ms
[438.174s][info][gc,cpu         ] GC(1023) User=0.00s Sys=0.00s Real=0.00s
[438.174s][info][gc,marking     ] GC(1023) Concurrent Clear Claimed Marks
[438.174s][info][gc,marking     ] GC(1023) Concurrent Clear Claimed Marks 0.033ms
[438.174s][info][gc,marking     ] GC(1023) Concurrent Cleanup for Next Mark
[438.177s][info][gc,marking     ] GC(1023) Concurrent Cleanup for Next Mark 2.830ms
[438.177s][info][gc             ] GC(1023) Concurrent Mark Cycle 1909.785ms
[438.304s][info][gc,start       ] GC(1027) Pause Young (Prepare Mixed) (G1 Evacuation Pause)
[438.304s][info][gc,task        ] GC(1027) Using 2 workers of 2 for evacuation
[438.343s][info][gc,phases      ] GC(1027)   Pre Evacuate Collection Set: 0.31ms
[438.343s][info][gc,phases      ] GC(1027)   Merge Heap Roots: 0.32ms
[438.343s][info][gc,phases      ] GC(1027)   Evacuate Collection Set: 37.51ms
[438.343s][info][gc,phases      ] GC(1027)   Post Evacuate Collection Set: 0.48ms
[438.343s][info][gc,phases      ] GC(1027)   Other: 0.08ms
[438.343s][info][gc,heap        ] GC(1027) Eden regions: 212->0(307)
[438.343s][info][gc,heap        ] GC(1027) Survivor regions: 15->29(29)
[438.343s][info][gc,heap        ] GC(1027) Old regions: 530->533
[438.343s][info][gc,heap        ] GC(1027) Humongous regions: 7->7
[438.343s][info][gc,metaspace   ] GC(1027) Metaspace: 18977K(19136K)->18977K(19136K) NonClass: 16310K(16384K)->16310K(16384K) Class: 2667K(2752K)->2667K(2752K)
[438.343s][info][gc             ] GC(1027) Pause Young (Prepare Mixed) (G1 Evacuation Pause) 763M->568M(978M) 38.939ms
[438.343s][info][gc,cpu         ] GC(1027) User=0.08s Sys=0.00s Real=0.03s
[439.028s][info][gc,start       ] GC(1028) Pause Young (Mixed) (G1 Evacuation Pause)
[439.028s][info][gc,task        ] GC(1028) Using 2 workers of 2 for evacuation
[439.072s][info][gc,phases      ] GC(1028)   Pre Evacuate Collection Set: 0.35ms
[439.072s][info][gc,phases      ] GC(1028)   Merge Heap Roots: 0.53ms
[439.072s][info][gc,phases      ] GC(1028)   Evacuate Collection Set: 42.08ms
[439.072s][info][gc,phases      ] GC(1028)   Post Evacuate Collection Set: 0.55ms
[439.072s][info][gc,phases      ] GC(1028)   Other: 0.09ms
[439.072s][info][gc,heap        ] GC(1028) Eden regions: 307->0(332)
[439.072s][info][gc,heap        ] GC(1028) Survivor regions: 29->17(42)
[439.072s][info][gc,heap        ] GC(1028) Old regions: 533->535
[439.072s][info][gc,heap        ] GC(1028) Humongous regions: 7->7
[439.072s][info][gc,metaspace   ] GC(1028) Metaspace: 18977K(19136K)->18977K(19136K) NonClass: 16310K(16384K)->16310K(16384K) Class: 2667K(2752K)->2667K(2752K)
[439.072s][info][gc             ] GC(1028) Pause Young (Mixed) (G1 Evacuation Pause) 875M->557M(978M) 43.874ms
[439.072s][info][gc,cpu         ] GC(1028) User=0.08s Sys=0.00s Real=0.04s
[439.496s][info][gc,start       ] GC(1029) Pause Young (Concurrent Start) (G1 Evacuation Pause)
[439.496s][info][gc,task        ] GC(1029) Using 2 workers of 2 for evacuation
[439.578s][info][gc,phases      ] GC(1029)   Pre Evacuate Collection Set: 0.32ms
[439.578s][info][gc,phases      ] GC(1029)   Merge Heap Roots: 0.18ms
[439.578s][info][gc,phases      ] GC(1029)   Evacuate Collection Set: 80.06ms
[439.578s][info][gc,phases      ] GC(1029)   Post Evacuate Collection Set: 0.86ms
[439.578s][info][gc,phases      ] GC(1029)   Other: 0.11ms
[439.578s][info][gc,heap        ] GC(1029) Eden regions: 332->0(237)
[439.578s][info][gc,heap        ] GC(1029) Survivor regions: 17->44(44)
[439.578s][info][gc,heap        ] GC(1029) Old regions: 535->578
[439.578s][info][gc,heap        ] GC(1029) Humongous regions: 7->7
[439.578s][info][gc,metaspace   ] GC(1029) Metaspace: 18979K(19136K)->18979K(19136K) NonClass: 16312K(16384K)->16312K(16384K) Class: 2667K(2752K)->2667K(2752K)
[439.578s][info][gc             ] GC(1029) Pause Young (Concurrent Start) (G1 Evacuation Pause) 889M->628M(978M) 81.799ms
[439.578s][info][gc             ] GC(1030) Concurrent Mark Cycle
[439.578s][info][gc,marking     ] GC(1030) Concurrent Scan Root Regions
[439.579s][info][gc,cpu         ] GC(1029) User=0.16s Sys=0.00s Real=0.08s
[439.675s][info][gc,marking     ] GC(1030) Concurrent Scan Root Regions 96.769ms
[439.675s][info][gc,marking     ] GC(1030) Concurrent Mark
[439.675s][info][gc,marking     ] GC(1030) Concurrent Mark From Roots
[439.675s][info][gc,task        ] GC(1030) Using 1 workers of 1 for marking
[440.094s][info][gc,start       ] GC(1031) Pause Young (Normal) (G1 Evacuation Pause)
[440.094s][info][gc,task        ] GC(1031) Using 2 workers of 2 for evacuation
[440.196s][info][gc,phases      ] GC(1031)   Pre Evacuate Collection Set: 0.30ms
[440.196s][info][gc,phases      ] GC(1031)   Merge Heap Roots: 0.53ms
[440.196s][info][gc,phases      ] GC(1031)   Evacuate Collection Set: 100.05ms
[440.196s][info][gc,phases      ] GC(1031)   Post Evacuate Collection Set: 0.60ms
[440.196s][info][gc,phases      ] GC(1031)   Other: 0.08ms
[440.196s][info][gc,heap        ] GC(1031) Eden regions: 237->0(207)
[440.196s][info][gc,heap        ] GC(1031) Survivor regions: 44->33(36)
[440.196s][info][gc,heap        ] GC(1031) Old regions: 578->623
[440.196s][info][gc,heap        ] GC(1031) Humongous regions: 10->10
[440.196s][info][gc,metaspace   ] GC(1031) Metaspace: 18979K(19136K)->18979K(19136K) NonClass: 16312K(16384K)->16312K(16384K) Class: 2667K(2752K)->2667K(2752K)
[440.196s][info][gc             ] GC(1031) Pause Young (Normal) (G1 Evacuation Pause) 868M->665M(978M) 101.804ms
[440.196s][info][gc,cpu         ] GC(1031) User=0.20s Sys=0.00s Real=0.10s
[440.580s][info][gc,start       ] GC(1032) Pause Young (Normal) (G1 Evacuation Pause)
[440.580s][info][gc,task        ] GC(1032) Using 2 workers of 2 for evacuation
[440.656s][info][gc,phases      ] GC(1032)   Pre Evacuate Collection Set: 0.52ms
[440.656s][info][gc,phases      ] GC(1032)   Merge Heap Roots: 0.31ms
[440.656s][info][gc,phases      ] GC(1032)   Evacuate Collection Set: 74.33ms
[440.656s][info][gc,phases      ] GC(1032)   Post Evacuate Collection Set: 0.50ms
[440.656s][info][gc,phases      ] GC(1032)   Other: 0.09ms
[440.656s][info][gc,heap        ] GC(1032) Eden regions: 207->0(192)
[440.656s][info][gc,heap        ] GC(1032) Survivor regions: 33->26(30)
[440.656s][info][gc,heap        ] GC(1032) Old regions: 623->656
[440.656s][info][gc,heap        ] GC(1032) Humongous regions: 10->10
[440.656s][info][gc,metaspace   ] GC(1032) Metaspace: 18979K(19136K)->18979K(19136K) NonClass: 16312K(16384K)->16312K(16384K) Class: 2667K(2752K)->2667K(2752K)
[440.656s][info][gc             ] GC(1032) Pause Young (Normal) (G1 Evacuation Pause) 872M->691M(978M) 76.034ms
[440.656s][info][gc,cpu         ] GC(1032) User=0.15s Sys=0.00s Real=0.08s
[440.912s][info][gc,start       ] GC(1033) Pause Young (Normal) (G1 Evacuation Pause)
[440.912s][info][gc,task        ] GC(1033) Using 2 workers of 2 for evacuation
[440.941s][info][gc,phases      ] GC(1033)   Pre Evacuate Collection Set: 0.50ms
[440.942s][info][gc,phases      ] GC(1033)   Merge Heap Roots: 0.20ms
[440.942s][info][gc,phases      ] GC(1033)   Evacuate Collection Set: 28.12ms
[440.942s][info][gc,phases      ] GC(1033)   Post Evacuate Collection Set: 0.42ms
[440.942s][info][gc,phases      ] GC(1033)   Other: 0.07ms
[440.942s][info][gc,heap        ] GC(1033) Eden regions: 192->0(206)
[440.942s][info][gc,heap        ] GC(1033) Survivor regions: 26->1(28)
[440.942s][info][gc,heap        ] GC(1033) Old regions: 656->681
[440.942s][info][gc,heap        ] GC(1033) Humongous regions: 10->10
[440.942s][info][gc,metaspace   ] GC(1033) Metaspace: 18979K(19136K)->18979K(19136K) NonClass: 16312K(16384K)->16312K(16384K) Class: 2667K(2752K)->2667K(2752K)
[440.942s][info][gc             ] GC(1033) Pause Young (Normal) (G1 Evacuation Pause) 883M->691M(978M) 29.535ms
[440.942s][info][gc,cpu         ] GC(1033) User=0.05s Sys=0.00s Real=0.03s
[441.392s][info][gc,marking     ] GC(1030) Concurrent Mark From Roots 1716.599ms
[441.392s][info][gc,marking     ] GC(1030) Concurrent Preclean
[441.392s][info][gc,marking     ] GC(1030) Concurrent Preclean 0.041ms
[441.392s][info][gc,start       ] GC(1030) Pause Remark
[441.400s][info][gc             ] GC(1030) Pause Remark 897M->887M(978M) 7.877ms
[441.400s][info][gc,cpu         ] GC(1030) User=0.01s Sys=0.00s Real=0.01s
[441.400s][info][gc,marking     ] GC(1030) Concurrent Mark 1724.852ms
[441.400s][info][gc,marking     ] GC(1030) Concurrent Rebuild Remembered Sets and Scrub Regions
[441.404s][info][gc,start       ] GC(1034) Pause Young (Normal) (G1 Evacuation Pause)
[441.404s][info][gc,task        ] GC(1034) Using 2 workers of 2 for evacuation
[441.437s][info][gc,phases      ] GC(1034)   Pre Evacuate Collection Set: 0.41ms
[441.437s][info][gc,phases      ] GC(1034)   Merge Heap Roots: 0.48ms
[441.437s][info][gc,phases      ] GC(1034)   Evacuate Collection Set: 30.79ms
[441.437s][info][gc,phases      ] GC(1034)   Post Evacuate Collection Set: 0.41ms
[441.437s][info][gc,phases      ] GC(1034)   Other: 0.06ms
[441.437s][info][gc,heap        ] GC(1034) Eden regions: 206->0(207)
[441.437s][info][gc,heap        ] GC(1034) Survivor regions: 1->15(26)
[441.437s][info][gc,heap        ] GC(1034) Old regions: 672->672
[441.437s][info][gc,heap        ] GC(1034) Humongous regions: 9->9
[441.437s][info][gc,metaspace   ] GC(1034) Metaspace: 18979K(19136K)->18979K(19136K) NonClass: 16312K(16384K)->16312K(16384K) Class: 2667K(2752K)->2667K(2752K)
[441.437s][info][gc             ] GC(1034) Pause Young (Normal) (G1 Evacuation Pause) 887M->695M(978M) 32.342ms
[441.437s][info][gc,cpu         ] GC(1034) User=0.06s Sys=0.00s Real=0.03s
[441.930s][info][gc,marking     ] GC(1030) Concurrent Rebuild Remembered Sets and Scrub Regions 530.451ms
[441.930s][info][gc,start       ] GC(1030) Pause Cleanup
[441.931s][info][gc             ] GC(1030) Pause Cleanup 875M->875M(978M) 0.126ms
[441.931s][info][gc,cpu         ] GC(1030) User=0.00s Sys=0.00s Real=0.00s
[441.933s][info][gc,marking     ] GC(1030) Concurrent Clear Claimed Marks
[441.933s][info][gc,marking     ] GC(1030) Concurrent Clear Claimed Marks 0.052ms
[441.933s][info][gc,marking     ] GC(1030) Concurrent Cleanup for Next Mark
[441.936s][info][gc,marking     ] GC(1030) Concurrent Cleanup for Next Mark 2.884ms
[441.936s][info][gc             ] GC(1030) Concurrent Mark Cycle 2357.920ms
[441.983s][info][gc,start       ] GC(1035) Pause Young (Prepare Mixed) (G1 Evacuation Pause)
[441.983s][info][gc,task        ] GC(1035) Using 2 workers of 2 for evacuation
[442.038s][info][gc,phases      ] GC(1035)   Pre Evacuate Collection Set: 0.55ms
[442.038s][info][gc,phases      ] GC(1035)   Merge Heap Roots: 0.39ms
[442.038s][info][gc,phases      ] GC(1035)   Evacuate Collection Set: 53.51ms
[442.038s][info][gc,phases      ] GC(1035)   Post Evacuate Collection Set: 0.50ms
[442.038s][info][gc,phases      ] GC(1035)   Other: 0.08ms
[442.038s][info][gc,heap        ] GC(1035) Eden regions: 207->0(177)
[442.038s][info][gc,heap        ] GC(1035) Survivor regions: 15->28(28)
[442.038s][info][gc,heap        ] GC(1035) Old regions: 672->686
[442.038s][info][gc,heap        ] GC(1035) Humongous regions: 9->9
[442.038s][info][gc,metaspace   ] GC(1035) Metaspace: 18979K(19136K)->18979K(19136K) NonClass: 16312K(16384K)->16312K(16384K) Class: 2667K(2752K)->2667K(2752K)
[442.038s][info][gc             ] GC(1035) Pause Young (Prepare Mixed) (G1 Evacuation Pause) 902M->722M(978M) 55.317ms
[442.038s][info][gc,cpu         ] GC(1035) User=0.10s Sys=0.00s Real=0.06s
[442.257s][info][gc,start       ] GC(1036) Pause Young (Mixed) (G1 Evacuation Pause)
[442.257s][info][gc,task        ] GC(1036) Using 2 workers of 2 for evacuation
[442.301s][info][gc,phases      ] GC(1036)   Pre Evacuate Collection Set: 0.32ms
[442.301s][info][gc,phases      ] GC(1036)   Merge Heap Roots: 0.22ms
[442.301s][info][gc,phases      ] GC(1036)   Evacuate Collection Set: 42.80ms
[442.301s][info][gc,phases      ] GC(1036)   Post Evacuate Collection Set: 0.44ms
[442.301s][info][gc,phases      ] GC(1036)   Other: 0.09ms
[442.301s][info][gc,heap        ] GC(1036) Eden regions: 177->0(181)
[442.301s][info][gc,heap        ] GC(1036) Survivor regions: 28->20(26)
[442.301s][info][gc,heap        ] GC(1036) Old regions: 686->698
[442.301s][info][gc,heap        ] GC(1036) Humongous regions: 9->9
[442.301s][info][gc,metaspace   ] GC(1036) Metaspace: 18984K(19136K)->18984K(19136K) NonClass: 16317K(16384K)->16317K(16384K) Class: 2667K(2752K)->2667K(2752K)
[442.301s][info][gc             ] GC(1036) Pause Young (Mixed) (G1 Evacuation Pause) 899M->726M(978M) 44.080ms
[442.301s][info][gc,cpu         ] GC(1036) User=0.09s Sys=0.00s Real=0.04s
[442.488s][info][gc,start       ] GC(1037) Pause Young (Concurrent Start) (G1 Evacuation Pause)
[442.488s][info][gc,task        ] GC(1037) Using 2 workers of 2 for evacuation
[442.526s][info][gc,phases      ] GC(1037)   Pre Evacuate Collection Set: 0.31ms
[442.526s][info][gc,phases      ] GC(1037)   Merge Heap Roots: 0.10ms
[442.526s][info][gc,phases      ] GC(1037)   Evacuate Collection Set: 36.85ms
[442.526s][info][gc,phases      ] GC(1037)   Post Evacuate Collection Set: 0.46ms
[442.526s][info][gc,phases      ] GC(1037)   Other: 0.09ms
[442.526s][info][gc,heap        ] GC(1037) Eden regions: 181->0(161)
[442.526s][info][gc,heap        ] GC(1037) Survivor regions: 20->23(26)
[442.526s][info][gc,heap        ] GC(1037) Old regions: 698->712
[442.526s][info][gc,heap        ] GC(1037) Humongous regions: 9->9
[442.526s][info][gc,metaspace   ] GC(1037) Metaspace: 18984K(19136K)->18984K(19136K) NonClass: 16317K(16384K)->16317K(16384K) Class: 2667K(2752K)->2667K(2752K)
[442.526s][info][gc             ] GC(1037) Pause Young (Concurrent Start) (G1 Evacuation Pause) 907M->742M(978M) 38.030ms
[442.526s][info][gc,cpu         ] GC(1037) User=0.07s Sys=0.00s Real=0.04s
[442.526s][info][gc             ] GC(1038) Concurrent Mark Cycle
[442.527s][info][gc,marking     ] GC(1038) Concurrent Scan Root Regions
[442.573s][info][gc,marking     ] GC(1038) Concurrent Scan Root Regions 46.008ms
[442.573s][info][gc,marking     ] GC(1038) Concurrent Mark
[442.573s][info][gc,marking     ] GC(1038) Concurrent Mark From Roots
[442.573s][info][gc,task        ] GC(1038) Using 1 workers of 1 for marking
[442.894s][info][gc,start       ] GC(1039) Pause Young (Normal) (G1 Evacuation Pause)
[442.894s][info][gc,task        ] GC(1039) Using 2 workers of 2 for evacuation
[442.924s][info][gc,phases      ] GC(1039)   Pre Evacuate Collection Set: 0.30ms
[442.924s][info][gc,phases      ] GC(1039)   Merge Heap Roots: 0.15ms
[442.924s][info][gc,phases      ] GC(1039)   Evacuate Collection Set: 28.65ms
[442.924s][info][gc,phases      ] GC(1039)   Post Evacuate Collection Set: 0.40ms
[442.924s][info][gc,phases      ] GC(1039)   Other: 0.07ms
[442.924s][info][gc,heap        ] GC(1039) Eden regions: 161->0(173)
[442.924s][info][gc,heap        ] GC(1039) Survivor regions: 23->5(23)
[442.924s][info][gc,heap        ] GC(1039) Old regions: 712->734
[442.924s][info][gc,heap        ] GC(1039) Humongous regions: 9->9
[442.924s][info][gc,metaspace   ] GC(1039) Metaspace: 18984K(19136K)->18984K(19136K) NonClass: 16317K(16384K)->16317K(16384K) Class: 2667K(2752K)->2667K(2752K)
[442.924s][info][gc             ] GC(1039) Pause Young (Normal) (G1 Evacuation Pause) 903M->747M(978M) 29.793ms
[442.924s][info][gc,cpu         ] GC(1039) User=0.06s Sys=0.00s Real=0.03s
[443.413s][info][gc,start       ] GC(1040) Pause Young (Normal) (G1 Evacuation Pause)
[443.414s][info][gc,task        ] GC(1040) Using 2 workers of 2 for evacuation
[443.427s][info][gc,phases      ] GC(1040)   Pre Evacuate Collection Set: 0.30ms
[443.427s][info][gc,phases      ] GC(1040)   Merge Heap Roots: 0.14ms
[443.427s][info][gc,phases      ] GC(1040)   Evacuate Collection Set: 12.20ms
[443.427s][info][gc,phases      ] GC(1040)   Post Evacuate Collection Set: 0.36ms
[443.427s][info][gc,phases      ] GC(1040)   Other: 0.07ms
[443.427s][info][gc,heap        ] GC(1040) Eden regions: 173->0(159)
[443.427s][info][gc,heap        ] GC(1040) Survivor regions: 5->13(23)
[443.427s][info][gc,heap        ] GC(1040) Old regions: 734->734
[443.427s][info][gc,heap        ] GC(1040) Humongous regions: 9->9
[443.427s][info][gc,metaspace   ] GC(1040) Metaspace: 18985K(19136K)->18985K(19136K) NonClass: 16318K(16384K)->16318K(16384K) Class: 2667K(2752K)->2667K(2752K)
[443.427s][info][gc             ] GC(1040) Pause Young (Normal) (G1 Evacuation Pause) 920M->755M(978M) 13.281ms
[443.427s][info][gc,cpu         ] GC(1040) User=0.02s Sys=0.00s Real=0.01s
[443.676s][info][gc,marking     ] GC(1038) Concurrent Mark From Roots 1102.648ms
[443.676s][info][gc,marking     ] GC(1038) Concurrent Preclean
[443.676s][info][gc,marking     ] GC(1038) Concurrent Preclean 0.044ms
[443.676s][info][gc,start       ] GC(1038) Pause Remark
[443.684s][info][gc             ] GC(1038) Pause Remark 868M->608M(978M) 7.885ms
[443.684s][info][gc,cpu         ] GC(1038) User=0.02s Sys=0.00s Real=0.01s
[443.684s][info][gc,marking     ] GC(1038) Concurrent Mark 1110.922ms
[443.684s][info][gc,marking     ] GC(1038) Concurrent Rebuild Remembered Sets and Scrub Regions
[443.782s][info][gc,start       ] GC(1041) Pause Young (Normal) (G1 Evacuation Pause)
[443.782s][info][gc,task        ] GC(1041) Using 2 workers of 2 for evacuation
[443.806s][info][gc,phases      ] GC(1041)   Pre Evacuate Collection Set: 0.30ms
[443.806s][info][gc,phases      ] GC(1041)   Merge Heap Roots: 0.11ms
[443.806s][info][gc,phases      ] GC(1041)   Evacuate Collection Set: 23.16ms
[443.806s][info][gc,phases      ] GC(1041)   Post Evacuate Collection Set: 0.39ms
[443.806s][info][gc,phases      ] GC(1041)   Other: 0.10ms
[443.806s][info][gc,heap        ] GC(1041) Eden regions: 159->0(349)
[443.806s][info][gc,heap        ] GC(1041) Survivor regions: 13->21(22)
[443.806s][info][gc,heap        ] GC(1041) Old regions: 479->484
[443.806s][info][gc,heap        ] GC(1041) Humongous regions: 4->4
[443.806s][info][gc,metaspace   ] GC(1041) Metaspace: 18985K(19136K)->18985K(19136K) NonClass: 16318K(16384K)->16318K(16384K) Class: 2667K(2752K)->2667K(2752K)
[443.806s][info][gc             ] GC(1041) Pause Young (Normal) (G1 Evacuation Pause) 654M->507M(978M) 24.300ms
[443.806s][info][gc,cpu         ] GC(1041) User=0.05s Sys=0.01s Real=0.03s
[444.039s][info][gc,marking     ] GC(1038) Concurrent Rebuild Remembered Sets and Scrub Regions 354.632ms
[444.040s][info][gc,start       ] GC(1038) Pause Cleanup
[444.040s][info][gc             ] GC(1038) Pause Cleanup 697M->697M(978M) 0.130ms
[444.040s][info][gc,cpu         ] GC(1038) User=0.00s Sys=0.00s Real=0.00s
[444.040s][info][gc,marking     ] GC(1038) Concurrent Clear Claimed Marks
[444.040s][info][gc,marking     ] GC(1038) Concurrent Clear Claimed Marks 0.061ms
[444.040s][info][gc,marking     ] GC(1038) Concurrent Cleanup for Next Mark
[444.047s][info][gc,marking     ] GC(1038) Concurrent Cleanup for Next Mark 6.639ms
[444.047s][info][gc             ] GC(1038) Concurrent Mark Cycle 1520.869ms
[444.271s][info][gc,start       ] GC(1042) Pause Young (Prepare Mixed) (G1 Evacuation Pause)
[444.271s][info][gc,task        ] GC(1042) Using 2 workers of 2 for evacuation
[444.344s][info][gc,phases      ] GC(1042)   Pre Evacuate Collection Set: 0.50ms
[444.344s][info][gc,phases      ] GC(1042)   Merge Heap Roots: 0.15ms
[444.344s][info][gc,phases      ] GC(1042)   Evacuate Collection Set: 71.07ms
[444.344s][info][gc,phases      ] GC(1042)   Post Evacuate Collection Set: 0.75ms
[444.344s][info][gc,phases      ] GC(1042)   Other: 0.11ms
[444.344s][info][gc,heap        ] GC(1042) Eden regions: 349->0(297)
[444.344s][info][gc,heap        ] GC(1042) Survivor regions: 21->47(47)
[444.344s][info][gc,heap        ] GC(1042) Old regions: 484->512
[444.344s][info][gc,heap        ] GC(1042) Humongous regions: 4->4
[444.344s][info][gc,metaspace   ] GC(1042) Metaspace: 18985K(19136K)->18985K(19136K) NonClass: 16318K(16384K)->16318K(16384K) Class: 2667K(2752K)->2667K(2752K)
[444.344s][info][gc             ] GC(1042) Pause Young (Prepare Mixed) (G1 Evacuation Pause) 856M->562M(978M) 72.847ms
[444.344s][info][gc,cpu         ] GC(1042) User=0.14s Sys=0.00s Real=0.08s
[444.706s][info][gc,start       ] GC(1043) Pause Young (Mixed) (G1 Evacuation Pause)
[444.706s][info][gc,task        ] GC(1043) Using 2 workers of 2 for evacuation
[444.828s][info][gc,phases      ] GC(1043)   Pre Evacuate Collection Set: 0.58ms
[444.828s][info][gc,phases      ] GC(1043)   Merge Heap Roots: 0.42ms
[444.828s][info][gc,phases      ] GC(1043)   Evacuate Collection Set: 119.57ms
[444.828s][info][gc,phases      ] GC(1043)   Post Evacuate Collection Set: 0.65ms
[444.828s][info][gc,phases      ] GC(1043)   Other: 0.11ms
[444.828s][info][gc,heap        ] GC(1043) Eden regions: 297->0(284)
[444.828s][info][gc,heap        ] GC(1043) Survivor regions: 47->43(43)
[444.828s][info][gc,heap        ] GC(1043) Old regions: 512->519
[444.828s][info][gc,heap        ] GC(1043) Humongous regions: 7->7
[444.828s][info][gc,metaspace   ] GC(1043) Metaspace: 18985K(19136K)->18985K(19136K) NonClass: 16318K(16384K)->16318K(16384K) Class: 2667K(2752K)->2667K(2752K)
[444.828s][info][gc             ] GC(1043) Pause Young (Mixed) (G1 Evacuation Pause) 862M->568M(978M) 121.618ms
[444.828s][info][gc,cpu         ] GC(1043) User=0.24s Sys=0.00s Real=0.12s
[445.125s][info][gc,start       ] GC(1044) Pause Young (Concurrent Start) (G1 Evacuation Pause)
[445.125s][info][gc,task        ] GC(1044) Using 2 workers of 2 for evacuation
[445.180s][info][gc,phases      ] GC(1044)   Pre Evacuate Collection Set: 0.30ms
[445.180s][info][gc,phases      ] GC(1044)   Merge Heap Roots: 0.19ms
[445.180s][info][gc,phases      ] GC(1044)   Evacuate Collection Set: 53.24ms
[445.180s][info][gc,phases      ] GC(1044)   Post Evacuate Collection Set: 0.53ms
[445.180s][info][gc,phases      ] GC(1044)   Other: 0.12ms
[445.180s][info][gc,heap        ] GC(1044) Eden regions: 284->0(294)
[445.180s][info][gc,heap        ] GC(1044) Survivor regions: 43->5(41)
[445.180s][info][gc,heap        ] GC(1044) Old regions: 519->563
[445.180s][info][gc,heap        ] GC(1044) Humongous regions: 7->7
[445.180s][info][gc,metaspace   ] GC(1044) Metaspace: 18985K(19136K)->18985K(19136K) NonClass: 16318K(16384K)->16318K(16384K) Class: 2667K(2752K)->2667K(2752K)
[445.180s][info][gc             ] GC(1044) Pause Young (Concurrent Start) (G1 Evacuation Pause) 852M->574M(978M) 54.673ms
[445.180s][info][gc             ] GC(1045) Concurrent Mark Cycle
[445.180s][info][gc,marking     ] GC(1045) Concurrent Scan Root Regions
[445.181s][info][gc,cpu         ] GC(1044) User=0.11s Sys=0.00s Real=0.05s
[445.275s][info][gc,marking     ] GC(1045) Concurrent Scan Root Regions 94.778ms
[445.275s][info][gc,marking     ] GC(1045) Concurrent Mark
[445.275s][info][gc,marking     ] GC(1045) Concurrent Mark From Roots
[445.275s][info][gc,task        ] GC(1045) Using 1 workers of 1 for marking
[445.961s][info][gc,start       ] GC(1046) Pause Young (Normal) (G1 Evacuation Pause)
[445.961s][info][gc,task        ] GC(1046) Using 2 workers of 2 for evacuation
[446.020s][info][gc,phases      ] GC(1046)   Pre Evacuate Collection Set: 0.31ms
[446.020s][info][gc,phases      ] GC(1046)   Merge Heap Roots: 0.49ms
[446.020s][info][gc,phases      ] GC(1046)   Evacuate Collection Set: 57.53ms
[446.020s][info][gc,phases      ] GC(1046)   Post Evacuate Collection Set: 0.58ms
[446.020s][info][gc,phases      ] GC(1046)   Other: 0.09ms
[446.020s][info][gc,heap        ] GC(1046) Eden regions: 294->0(261)
[446.020s][info][gc,heap        ] GC(1046) Survivor regions: 5->38(38)
[446.020s][info][gc,heap        ] GC(1046) Old regions: 563->570
[446.020s][info][gc,heap        ] GC(1046) Humongous regions: 7->7
[446.020s][info][gc,metaspace   ] GC(1046) Metaspace: 18989K(19200K)->18989K(19200K) NonClass: 16322K(16448K)->16322K(16448K) Class: 2667K(2752K)->2667K(2752K)
[446.020s][info][gc             ] GC(1046) Pause Young (Normal) (G1 Evacuation Pause) 868M->614M(978M) 59.212ms
[446.020s][info][gc,cpu         ] GC(1046) User=0.12s Sys=0.00s Real=0.06s
[446.586s][info][gc,marking     ] GC(1045) Concurrent Mark From Roots 1311.180ms
[446.586s][info][gc,marking     ] GC(1045) Concurrent Preclean
[446.586s][info][gc,marking     ] GC(1045) Concurrent Preclean 0.047ms
[446.587s][info][gc,start       ] GC(1045) Pause Remark
[446.595s][info][gc             ] GC(1045) Pause Remark 834M->806M(978M) 7.833ms
[446.595s][info][gc,cpu         ] GC(1045) User=0.01s Sys=0.00s Real=0.01s
[446.597s][info][gc,marking     ] GC(1045) Concurrent Mark 1322.094ms
[446.597s][info][gc,marking     ] GC(1045) Concurrent Rebuild Remembered Sets and Scrub Regions
[446.707s][info][gc,start       ] GC(1047) Pause Young (Normal) (G1 Evacuation Pause)
[446.707s][info][gc,task        ] GC(1047) Using 2 workers of 2 for evacuation
[446.795s][info][gc,phases      ] GC(1047)   Pre Evacuate Collection Set: 0.31ms
[446.795s][info][gc,phases      ] GC(1047)   Merge Heap Roots: 0.53ms
[446.795s][info][gc,phases      ] GC(1047)   Evacuate Collection Set: 86.36ms
[446.795s][info][gc,phases      ] GC(1047)   Post Evacuate Collection Set: 0.53ms
[446.795s][info][gc,phases      ] GC(1047)   Other: 0.11ms
[446.795s][info][gc,heap        ] GC(1047) Eden regions: 261->0(251)
[446.795s][info][gc,heap        ] GC(1047) Survivor regions: 38->36(38)
[446.795s][info][gc,heap        ] GC(1047) Old regions: 543->582
[446.795s][info][gc,heap        ] GC(1047) Humongous regions: 7->7
[446.795s][info][gc,metaspace   ] GC(1047) Metaspace: 18989K(19200K)->18989K(19200K) NonClass: 16322K(16448K)->16322K(16448K) Class: 2667K(2752K)->2667K(2752K)
[446.795s][info][gc             ] GC(1047) Pause Young (Normal) (G1 Evacuation Pause) 848M->624M(978M) 88.151ms
[446.795s][info][gc,cpu         ] GC(1047) User=0.17s Sys=0.00s Real=0.09s
[447.229s][info][gc,marking     ] GC(1045) Concurrent Rebuild Remembered Sets and Scrub Regions 631.700ms
[447.229s][info][gc,start       ] GC(1045) Pause Cleanup
[447.229s][info][gc             ] GC(1045) Pause Cleanup 822M->822M(978M) 0.133ms
[447.229s][info][gc,cpu         ] GC(1045) User=0.00s Sys=0.00s Real=0.00s
[447.230s][info][gc,marking     ] GC(1045) Concurrent Clear Claimed Marks
[447.230s][info][gc,marking     ] GC(1045) Concurrent Clear Claimed Marks 0.055ms
[447.230s][info][gc,marking     ] GC(1045) Concurrent Cleanup for Next Mark
[447.235s][info][gc,marking     ] GC(1045) Concurrent Cleanup for Next Mark 4.953ms
[447.235s][info][gc             ] GC(1045) Concurrent Mark Cycle 2054.878ms
[447.269s][info][gc,start       ] GC(1048) Pause Young (Prepare Mixed) (G1 Evacuation Pause)
[447.269s][info][gc,task        ] GC(1048) Using 2 workers of 2 for evacuation
[447.331s][info][gc,phases      ] GC(1048)   Pre Evacuate Collection Set: 0.49ms
[447.331s][info][gc,phases      ] GC(1048)   Merge Heap Roots: 0.20ms
[447.331s][info][gc,phases      ] GC(1048)   Evacuate Collection Set: 60.28ms
[447.331s][info][gc,phases      ] GC(1048)   Post Evacuate Collection Set: 0.51ms
[447.331s][info][gc,phases      ] GC(1048)   Other: 0.08ms
[447.331s][info][gc,heap        ] GC(1048) Eden regions: 251->0(240)
[447.331s][info][gc,heap        ] GC(1048) Survivor regions: 36->21(36)
[447.331s][info][gc,heap        ] GC(1048) Old regions: 582->618
[447.331s][info][gc,heap        ] GC(1048) Humongous regions: 7->7
[447.331s][info][gc,metaspace   ] GC(1048) Metaspace: 18989K(19200K)->18989K(19200K) NonClass: 16322K(16448K)->16322K(16448K) Class: 2667K(2752K)->2667K(2752K)
[447.331s][info][gc             ] GC(1048) Pause Young (Prepare Mixed) (G1 Evacuation Pause) 875M->645M(978M) 61.793ms
[447.331s][info][gc,cpu         ] GC(1048) User=0.12s Sys=0.00s Real=0.06s
[447.624s][info][gc,start       ] GC(1049) Pause Young (Mixed) (G1 Evacuation Pause)
[447.624s][info][gc,task        ] GC(1049) Using 2 workers of 2 for evacuation
[447.665s][info][gc,phases      ] GC(1049)   Pre Evacuate Collection Set: 0.53ms
[447.665s][info][gc,phases      ] GC(1049)   Merge Heap Roots: 0.27ms
[447.665s][info][gc,phases      ] GC(1049)   Evacuate Collection Set: 39.56ms
[447.665s][info][gc,phases      ] GC(1049)   Post Evacuate Collection Set: 0.52ms
[447.665s][info][gc,phases      ] GC(1049)   Other: 0.11ms
[447.665s][info][gc,heap        ] GC(1049) Eden regions: 240->0(246)
[447.665s][info][gc,heap        ] GC(1049) Survivor regions: 21->18(33)
[447.665s][info][gc,heap        ] GC(1049) Old regions: 618->617
[447.665s][info][gc,heap        ] GC(1049) Humongous regions: 7->7
[447.665s][info][gc,metaspace   ] GC(1049) Metaspace: 18989K(19200K)->18989K(19200K) NonClass: 16322K(16448K)->16322K(16448K) Class: 2667K(2752K)->2667K(2752K)
[447.665s][info][gc             ] GC(1049) Pause Young (Mixed) (G1 Evacuation Pause) 885M->640M(978M) 41.201ms
[447.665s][info][gc,cpu         ] GC(1049) User=0.08s Sys=0.00s Real=0.04s
[448.204s][info][gc,start       ] GC(1050) Pause Young (Concurrent Start) (G1 Evacuation Pause)
[448.205s][info][gc,task        ] GC(1050) Using 2 workers of 2 for evacuation
[448.223s][info][gc,phases      ] GC(1050)   Pre Evacuate Collection Set: 0.31ms
[448.223s][info][gc,phases      ] GC(1050)   Merge Heap Roots: 0.15ms
[448.223s][info][gc,phases      ] GC(1050)   Evacuate Collection Set: 17.39ms
[448.223s][info][gc,phases      ] GC(1050)   Post Evacuate Collection Set: 0.46ms
[448.223s][info][gc,phases      ] GC(1050)   Other: 0.13ms
[448.223s][info][gc,heap        ] GC(1050) Eden regions: 246->0(261)
[448.223s][info][gc,heap        ] GC(1050) Survivor regions: 18->1(33)
[448.223s][info][gc,heap        ] GC(1050) Old regions: 617->634
[448.223s][info][gc,heap        ] GC(1050) Humongous regions: 7->7
[448.223s][info][gc,metaspace   ] GC(1050) Metaspace: 18989K(19200K)->18989K(19200K) NonClass: 16322K(16448K)->16322K(16448K) Class: 2667K(2752K)->2667K(2752K)
[448.223s][info][gc             ] GC(1050) Pause Young (Concurrent Start) (G1 Evacuation Pause) 886M->641M(978M) 18.642ms
[448.223s][info][gc,cpu         ] GC(1050) User=0.04s Sys=0.00s Real=0.02s
[448.223s][info][gc             ] GC(1051) Concurrent Mark Cycle
[448.223s][info][gc,marking     ] GC(1051) Concurrent Scan Root Regions
[448.253s][info][gc,marking     ] GC(1051) Concurrent Scan Root Regions 29.986ms
[448.253s][info][gc,marking     ] GC(1051) Concurrent Mark
[448.253s][info][gc,marking     ] GC(1051) Concurrent Mark From Roots
[448.253s][info][gc,task        ] GC(1051) Using 1 workers of 1 for marking
[448.978s][info][gc,start       ] GC(1052) Pause Young (Normal) (G1 Evacuation Pause)
[448.978s][info][gc,task        ] GC(1052) Using 2 workers of 2 for evacuation
[449.009s][info][gc,phases      ] GC(1052)   Pre Evacuate Collection Set: 0.50ms
[449.009s][info][gc,phases      ] GC(1052)   Merge Heap Roots: 0.31ms
[449.009s][info][gc,phases      ] GC(1052)   Evacuate Collection Set: 29.23ms
[449.009s][info][gc,phases      ] GC(1052)   Post Evacuate Collection Set: 0.45ms
[449.009s][info][gc,phases      ] GC(1052)   Other: 0.09ms
[449.009s][info][gc,heap        ] GC(1052) Eden regions: 261->0(237)
[449.009s][info][gc,heap        ] GC(1052) Survivor regions: 1->25(33)
[449.009s][info][gc,heap        ] GC(1052) Old regions: 634->634
[449.009s][info][gc,heap        ] GC(1052) Humongous regions: 7->7
[449.009s][info][gc,metaspace   ] GC(1052) Metaspace: 18991K(19200K)->18991K(19200K) NonClass: 16324K(16448K)->16324K(16448K) Class: 2667K(2752K)->2667K(2752K)
[449.009s][info][gc             ] GC(1052) Pause Young (Normal) (G1 Evacuation Pause) 902M->665M(978M) 30.843ms
[449.009s][info][gc,cpu         ] GC(1052) User=0.06s Sys=0.00s Real=0.03s
[449.432s][info][gc,start       ] GC(1053) Pause Young (Normal) (G1 Evacuation Pause)
[449.432s][info][gc,task        ] GC(1053) Using 2 workers of 2 for evacuation
[449.493s][info][gc,phases      ] GC(1053)   Pre Evacuate Collection Set: 0.30ms
[449.493s][info][gc,phases      ] GC(1053)   Merge Heap Roots: 0.11ms
[449.493s][info][gc,phases      ] GC(1053)   Evacuate Collection Set: 59.40ms
[449.493s][info][gc,phases      ] GC(1053)   Post Evacuate Collection Set: 0.58ms
[449.493s][info][gc,phases      ] GC(1053)   Other: 0.10ms
[449.493s][info][gc,heap        ] GC(1053) Eden regions: 237->0(184)
[449.493s][info][gc,heap        ] GC(1053) Survivor regions: 25->33(33)
[449.493s][info][gc,heap        ] GC(1053) Old regions: 634->671
[449.493s][info][gc,heap        ] GC(1053) Humongous regions: 7->7
[449.493s][info][gc,metaspace   ] GC(1053) Metaspace: 18991K(19200K)->18991K(19200K) NonClass: 16324K(16448K)->16324K(16448K) Class: 2667K(2752K)->2667K(2752K)
[449.493s][info][gc             ] GC(1053) Pause Young (Normal) (G1 Evacuation Pause) 902M->710M(978M) 60.733ms
[449.493s][info][gc,cpu         ] GC(1053) User=0.12s Sys=0.00s Real=0.06s
[449.728s][info][gc,marking     ] GC(1051) Concurrent Mark From Roots 1474.458ms
[449.728s][info][gc,marking     ] GC(1051) Concurrent Preclean
[449.728s][info][gc,marking     ] GC(1051) Concurrent Preclean 0.038ms
[449.728s][info][gc,start       ] GC(1051) Pause Remark
[449.736s][info][gc             ] GC(1051) Pause Remark 799M->655M(978M) 7.773ms
[449.736s][info][gc,cpu         ] GC(1051) User=0.02s Sys=0.00s Real=0.01s
[449.736s][info][gc,marking     ] GC(1051) Concurrent Mark 1482.557ms
[449.736s][info][gc,marking     ] GC(1051) Concurrent Rebuild Remembered Sets and Scrub Regions
[449.976s][info][gc,start       ] GC(1054) Pause Young (Normal) (G1 Evacuation Pause)
[449.976s][info][gc,task        ] GC(1054) Using 2 workers of 2 for evacuation
[450.047s][info][gc,phases      ] GC(1054)   Pre Evacuate Collection Set: 0.29ms
[450.047s][info][gc,phases      ] GC(1054)   Merge Heap Roots: 0.46ms
[450.047s][info][gc,phases      ] GC(1054)   Evacuate Collection Set: 70.10ms
[450.047s][info][gc,phases      ] GC(1054)   Post Evacuate Collection Set: 0.51ms
[450.047s][info][gc,phases      ] GC(1054)   Other: 0.08ms
[450.047s][info][gc,heap        ] GC(1054) Eden regions: 184->0(283)
[450.047s][info][gc,heap        ] GC(1054) Survivor regions: 33->17(28)
[450.047s][info][gc,heap        ] GC(1054) Old regions: 529->562
[450.047s][info][gc,heap        ] GC(1054) Humongous regions: 8->8
[450.047s][info][gc,metaspace   ] GC(1054) Metaspace: 18991K(19200K)->18991K(19200K) NonClass: 16324K(16448K)->16324K(16448K) Class: 2667K(2752K)->2667K(2752K)
[450.047s][info][gc             ] GC(1054) Pause Young (Normal) (G1 Evacuation Pause) 753M->586M(978M) 71.682ms
[450.047s][info][gc,cpu         ] GC(1054) User=0.14s Sys=0.00s Real=0.07s
[450.227s][info][gc,marking     ] GC(1051) Concurrent Rebuild Remembered Sets and Scrub Regions 491.635ms
[450.228s][info][gc,start       ] GC(1051) Pause Cleanup
[450.228s][info][gc             ] GC(1051) Pause Cleanup 663M->663M(978M) 0.113ms
[450.228s][info][gc,cpu         ] GC(1051) User=0.00s Sys=0.00s Real=0.00s
[450.230s][info][gc,marking     ] GC(1051) Concurrent Clear Claimed Marks
[450.230s][info][gc,marking     ] GC(1051) Concurrent Clear Claimed Marks 0.052ms
[450.230s][info][gc,marking     ] GC(1051) Concurrent Cleanup for Next Mark
[450.233s][info][gc,marking     ] GC(1051) Concurrent Cleanup for Next Mark 2.901ms
[450.233s][info][gc             ] GC(1051) Concurrent Mark Cycle 2009.827ms
[450.426s][info][gc,start       ] GC(1055) Pause Young (Prepare Mixed) (G1 Evacuation Pause)
[450.426s][info][gc,task        ] GC(1055) Using 2 workers of 2 for evacuation
[450.504s][info][gc,phases      ] GC(1055)   Pre Evacuate Collection Set: 0.52ms
[450.504s][info][gc,phases      ] GC(1055)   Merge Heap Roots: 0.36ms
[450.504s][info][gc,phases      ] GC(1055)   Evacuate Collection Set: 76.74ms
[450.504s][info][gc,phases      ] GC(1055)   Post Evacuate Collection Set: 0.82ms
[450.504s][info][gc,phases      ] GC(1055)   Other: 0.08ms
[450.504s][info][gc,heap        ] GC(1055) Eden regions: 283->0(224)
[450.504s][info][gc,heap        ] GC(1055) Survivor regions: 17->38(38)
[450.504s][info][gc,heap        ] GC(1055) Old regions: 562->596
[450.504s][info][gc,heap        ] GC(1055) Humongous regions: 8->8
[450.504s][info][gc,metaspace   ] GC(1055) Metaspace: 18992K(19200K)->18992K(19200K) NonClass: 16325K(16448K)->16325K(16448K) Class: 2667K(2752K)->2667K(2752K)
[450.504s][info][gc             ] GC(1055) Pause Young (Prepare Mixed) (G1 Evacuation Pause) 869M->641M(978M) 78.759ms
[450.504s][info][gc,cpu         ] GC(1055) User=0.15s Sys=0.00s Real=0.08s
[450.764s][info][gc,start       ] GC(1056) Pause Young (Mixed) (G1 Evacuation Pause)
[450.764s][info][gc,task        ] GC(1056) Using 2 workers of 2 for evacuation
[450.837s][info][gc,phases      ] GC(1056)   Pre Evacuate Collection Set: 0.52ms
[450.837s][info][gc,phases      ] GC(1056)   Merge Heap Roots: 0.57ms
[450.837s][info][gc,phases      ] GC(1056)   Evacuate Collection Set: 70.87ms
[450.837s][info][gc,phases      ] GC(1056)   Post Evacuate Collection Set: 0.59ms
[450.837s][info][gc,phases      ] GC(1056)   Other: 0.08ms
[450.837s][info][gc,heap        ] GC(1056) Eden regions: 224->0(235)
[450.837s][info][gc,heap        ] GC(1056) Survivor regions: 38->16(33)
[450.837s][info][gc,heap        ] GC(1056) Old regions: 596->615
[450.837s][info][gc,heap        ] GC(1056) Humongous regions: 8->8
[450.837s][info][gc,metaspace   ] GC(1056) Metaspace: 18992K(19200K)->18992K(19200K) NonClass: 16325K(16448K)->16325K(16448K) Class: 2667K(2752K)->2667K(2752K)
[450.837s][info][gc             ] GC(1056) Pause Young (Mixed) (G1 Evacuation Pause) 865M->638M(978M) 72.885ms
[450.837s][info][gc,cpu         ] GC(1056) User=0.14s Sys=0.00s Real=0.07s
[450.888s][info][gc,start       ] GC(1057) Pause Young (Concurrent Start) (G1 Humongous Allocation)
[450.888s][info][gc,task        ] GC(1057) Using 2 workers of 2 for evacuation
[450.917s][info][gc,phases      ] GC(1057)   Pre Evacuate Collection Set: 0.34ms
[450.917s][info][gc,phases      ] GC(1057)   Merge Heap Roots: 0.23ms
[450.917s][info][gc,phases      ] GC(1057)   Evacuate Collection Set: 27.53ms
[450.917s][info][gc,phases      ] GC(1057)   Post Evacuate Collection Set: 0.41ms
[450.917s][info][gc,phases      ] GC(1057)   Other: 0.18ms
[450.917s][info][gc,heap        ] GC(1057) Eden regions: 32->0(246)
[450.917s][info][gc,heap        ] GC(1057) Survivor regions: 16->21(32)
[450.917s][info][gc,heap        ] GC(1057) Old regions: 615->615
[450.917s][info][gc,heap        ] GC(1057) Humongous regions: 8->8
[450.917s][info][gc,metaspace   ] GC(1057) Metaspace: 18992K(19200K)->18992K(19200K) NonClass: 16325K(16448K)->16325K(16448K) Class: 2667K(2752K)->2667K(2752K)
[450.917s][info][gc             ] GC(1057) Pause Young (Concurrent Start) (G1 Humongous Allocation) 670M->643M(978M) 28.891ms
[450.917s][info][gc,cpu         ] GC(1057) User=0.06s Sys=0.00s Real=0.03s
[450.917s][info][gc             ] GC(1058) Concurrent Mark Cycle
[450.917s][info][gc,marking     ] GC(1058) Concurrent Scan Root Regions
[450.954s][info][gc,marking     ] GC(1058) Concurrent Scan Root Regions 36.706ms
[450.954s][info][gc,marking     ] GC(1058) Concurrent Mark
[450.954s][info][gc,marking     ] GC(1058) Concurrent Mark From Roots
[450.954s][info][gc,task        ] GC(1058) Using 1 workers of 1 for marking
[451.623s][info][gc,start       ] GC(1059) Pause Young (Normal) (G1 Evacuation Pause)
[451.624s][info][gc,task        ] GC(1059) Using 2 workers of 2 for evacuation
[451.670s][info][gc,phases      ] GC(1059)   Pre Evacuate Collection Set: 0.53ms
[451.670s][info][gc,phases      ] GC(1059)   Merge Heap Roots: 0.34ms
[451.670s][info][gc,phases      ] GC(1059)   Evacuate Collection Set: 45.24ms
[451.670s][info][gc,phases      ] GC(1059)   Post Evacuate Collection Set: 0.49ms
[451.670s][info][gc,phases      ] GC(1059)   Other: 0.10ms
[451.670s][info][gc,heap        ] GC(1059) Eden regions: 246->0(242)
[451.670s][info][gc,heap        ] GC(1059) Survivor regions: 21->16(34)
[451.670s][info][gc,heap        ] GC(1059) Old regions: 615->631
[451.670s][info][gc,heap        ] GC(1059) Humongous regions: 11->11
[451.670s][info][gc,metaspace   ] GC(1059) Metaspace: 18992K(19200K)->18992K(19200K) NonClass: 16325K(16448K)->16325K(16448K) Class: 2667K(2752K)->2667K(2752K)
[451.670s][info][gc             ] GC(1059) Pause Young (Normal) (G1 Evacuation Pause) 892M->657M(978M) 46.932ms
[451.670s][info][gc,cpu         ] GC(1059) User=0.10s Sys=0.00s Real=0.04s
[452.241s][info][gc,marking     ] GC(1058) Concurrent Mark From Roots 1286.915ms
[452.241s][info][gc,marking     ] GC(1058) Concurrent Preclean
[452.241s][info][gc,marking     ] GC(1058) Concurrent Preclean 0.048ms
[452.241s][info][gc,start       ] GC(1058) Pause Remark
[452.249s][info][gc             ] GC(1058) Pause Remark 827M->682M(978M) 7.849ms
[452.249s][info][gc,cpu         ] GC(1058) User=0.01s Sys=0.00s Real=0.01s
[452.249s][info][gc,marking     ] GC(1058) Concurrent Mark 1295.127ms
[452.249s][info][gc,marking     ] GC(1058) Concurrent Rebuild Remembered Sets and Scrub Regions
[452.417s][info][gc,start       ] GC(1060) Pause Young (Normal) (G1 Evacuation Pause)
[452.417s][info][gc,task        ] GC(1060) Using 2 workers of 2 for evacuation
[452.441s][info][gc,phases      ] GC(1060)   Pre Evacuate Collection Set: 0.48ms
[452.442s][info][gc,phases      ] GC(1060)   Merge Heap Roots: 0.16ms
[452.442s][info][gc,phases      ] GC(1060)   Evacuate Collection Set: 23.26ms
[452.442s][info][gc,phases      ] GC(1060)   Post Evacuate Collection Set: 0.48ms
[452.442s][info][gc,phases      ] GC(1060)   Other: 0.10ms
[452.442s][info][gc,heap        ] GC(1060) Eden regions: 242->0(378)
[452.442s][info][gc,heap        ] GC(1060) Survivor regions: 16->16(33)
[452.442s][info][gc,heap        ] GC(1060) Old regions: 489->489
[452.442s][info][gc,heap        ] GC(1060) Humongous regions: 8->8
[452.442s][info][gc,metaspace   ] GC(1060) Metaspace: 18992K(19200K)->18992K(19200K) NonClass: 16325K(16448K)->16325K(16448K) Class: 2667K(2752K)->2667K(2752K)
[452.442s][info][gc             ] GC(1060) Pause Young (Normal) (G1 Evacuation Pause) 754M->512M(978M) 24.757ms
[452.442s][info][gc,cpu         ] GC(1060) User=0.05s Sys=0.00s Real=0.02s
[452.730s][info][gc,marking     ] GC(1058) Concurrent Rebuild Remembered Sets and Scrub Regions 480.962ms
[452.730s][info][gc,start       ] GC(1058) Pause Cleanup
[452.731s][info][gc             ] GC(1058) Pause Cleanup 658M->658M(978M) 0.106ms
[452.731s][info][gc,cpu         ] GC(1058) User=0.00s Sys=0.00s Real=0.00s
[452.732s][info][gc,marking     ] GC(1058) Concurrent Clear Claimed Marks
[452.732s][info][gc,marking     ] GC(1058) Concurrent Clear Claimed Marks 0.051ms
[452.732s][info][gc,marking     ] GC(1058) Concurrent Cleanup for Next Mark
[452.737s][info][gc,marking     ] GC(1058) Concurrent Cleanup for Next Mark 4.877ms
[452.737s][info][gc             ] GC(1058) Concurrent Mark Cycle 1819.745ms
[453.043s][info][gc,start       ] GC(1061) Pause Young (Prepare Mixed) (G1 Evacuation Pause)
[453.043s][info][gc,task        ] GC(1061) Using 2 workers of 2 for evacuation
[453.080s][info][gc,phases      ] GC(1061)   Pre Evacuate Collection Set: 0.30ms
[453.080s][info][gc,phases      ] GC(1061)   Merge Heap Roots: 0.28ms
[453.080s][info][gc,phases      ] GC(1061)   Evacuate Collection Set: 35.19ms
[453.080s][info][gc,phases      ] GC(1061)   Post Evacuate Collection Set: 0.60ms
[453.080s][info][gc,phases      ] GC(1061)   Other: 0.09ms
[453.080s][info][gc,heap        ] GC(1061) Eden regions: 378->0(377)
[453.080s][info][gc,heap        ] GC(1061) Survivor regions: 16->26(50)
[453.080s][info][gc,heap        ] GC(1061) Old regions: 489->489
[453.080s][info][gc,heap        ] GC(1061) Humongous regions: 8->8
[453.080s][info][gc,metaspace   ] GC(1061) Metaspace: 18992K(19200K)->18992K(19200K) NonClass: 16325K(16448K)->16325K(16448K) Class: 2667K(2752K)->2667K(2752K)
[453.080s][info][gc             ] GC(1061) Pause Young (Prepare Mixed) (G1 Evacuation Pause) 890M->522M(978M) 36.750ms
[453.080s][info][gc,cpu         ] GC(1061) User=0.07s Sys=0.00s Real=0.03s
[453.436s][info][gc,start       ] GC(1062) Pause Young (Mixed) (G1 Evacuation Pause)
[453.436s][info][gc,task        ] GC(1062) Using 2 workers of 2 for evacuation
[453.501s][info][gc,phases      ] GC(1062)   Pre Evacuate Collection Set: 0.33ms
[453.501s][info][gc,phases      ] GC(1062)   Merge Heap Roots: 0.28ms
[453.501s][info][gc,phases      ] GC(1062)   Evacuate Collection Set: 63.15ms
[453.501s][info][gc,phases      ] GC(1062)   Post Evacuate Collection Set: 0.69ms
[453.501s][info][gc,phases      ] GC(1062)   Other: 0.10ms
[453.501s][info][gc,heap        ] GC(1062) Eden regions: 377->0(348)
[453.501s][info][gc,heap        ] GC(1062) Survivor regions: 26->51(51)
[453.501s][info][gc,heap        ] GC(1062) Old regions: 489->470
[453.501s][info][gc,heap        ] GC(1062) Humongous regions: 8->8
[453.501s][info][gc,metaspace   ] GC(1062) Metaspace: 18992K(19200K)->18992K(19200K) NonClass: 16325K(16448K)->16325K(16448K) Class: 2667K(2752K)->2667K(2752K)
[453.501s][info][gc             ] GC(1062) Pause Young (Mixed) (G1 Evacuation Pause) 899M->528M(978M) 64.811ms
[453.501s][info][gc,cpu         ] GC(1062) User=0.13s Sys=0.01s Real=0.06s
[453.857s][info][gc,start       ] GC(1063) Pause Young (Concurrent Start) (G1 Evacuation Pause)
[453.858s][info][gc,task        ] GC(1063) Using 2 workers of 2 for evacuation
[453.931s][info][gc,phases      ] GC(1063)   Pre Evacuate Collection Set: 0.35ms
[453.931s][info][gc,phases      ] GC(1063)   Merge Heap Roots: 0.26ms
[453.931s][info][gc,phases      ] GC(1063)   Evacuate Collection Set: 71.80ms
[453.931s][info][gc,phases      ] GC(1063)   Post Evacuate Collection Set: 0.61ms
[453.931s][info][gc,phases      ] GC(1063)   Other: 0.19ms
[453.931s][info][gc,heap        ] GC(1063) Eden regions: 348->0(356)
[453.931s][info][gc,heap        ] GC(1063) Survivor regions: 51->16(50)
[453.931s][info][gc,heap        ] GC(1063) Old regions: 470->521
[453.931s][info][gc,heap        ] GC(1063) Humongous regions: 8->8
[453.931s][info][gc,metaspace   ] GC(1063) Metaspace: 18992K(19200K)->18992K(19200K) NonClass: 16325K(16448K)->16325K(16448K) Class: 2667K(2752K)->2667K(2752K)
[453.931s][info][gc             ] GC(1063) Pause Young (Concurrent Start) (G1 Evacuation Pause) 876M->543M(978M) 73.437ms
[453.931s][info][gc,cpu         ] GC(1063) User=0.14s Sys=0.00s Real=0.07s
[453.931s][info][gc             ] GC(1064) Concurrent Mark Cycle
[453.931s][info][gc,marking     ] GC(1064) Concurrent Scan Root Regions
[454.061s][info][gc,marking     ] GC(1064) Concurrent Scan Root Regions 129.769ms
[454.061s][info][gc,marking     ] GC(1064) Concurrent Mark
[454.061s][info][gc,marking     ] GC(1064) Concurrent Mark From Roots
[454.061s][info][gc,task        ] GC(1064) Using 1 workers of 1 for marking
[454.560s][info][gc,start       ] GC(1065) Pause Young (Normal) (G1 Evacuation Pause)
[454.561s][info][gc,task        ] GC(1065) Using 2 workers of 2 for evacuation
[454.631s][info][gc,phases      ] GC(1065)   Pre Evacuate Collection Set: 0.53ms
[454.631s][info][gc,phases      ] GC(1065)   Merge Heap Roots: 0.35ms
[454.631s][info][gc,phases      ] GC(1065)   Evacuate Collection Set: 68.85ms
[454.631s][info][gc,phases      ] GC(1065)   Post Evacuate Collection Set: 0.60ms
[454.631s][info][gc,phases      ] GC(1065)   Other: 0.08ms
[454.631s][info][gc,heap        ] GC(1065) Eden regions: 356->0(290)
[454.631s][info][gc,heap        ] GC(1065) Survivor regions: 16->47(47)
[454.631s][info][gc,heap        ] GC(1065) Old regions: 521->536
[454.631s][info][gc,heap        ] GC(1065) Humongous regions: 8->8
[454.631s][info][gc,metaspace   ] GC(1065) Metaspace: 18992K(19200K)->18992K(19200K) NonClass: 16325K(16448K)->16325K(16448K) Class: 2667K(2752K)->2667K(2752K)
[454.631s][info][gc             ] GC(1065) Pause Young (Normal) (G1 Evacuation Pause) 899M->590M(978M) 70.666ms
[454.631s][info][gc,cpu         ] GC(1065) User=0.14s Sys=0.00s Real=0.07s
[455.135s][info][gc,marking     ] GC(1064) Concurrent Mark From Roots 1074.089ms
[455.135s][info][gc,marking     ] GC(1064) Concurrent Preclean
[455.135s][info][gc,marking     ] GC(1064) Concurrent Preclean 0.048ms
[455.135s][info][gc,start       ] GC(1064) Pause Remark
[455.143s][info][gc             ] GC(1064) Pause Remark 836M->835M(978M) 7.837ms
[455.143s][info][gc,cpu         ] GC(1064) User=0.02s Sys=0.00s Real=0.01s
[455.143s][info][gc,marking     ] GC(1064) Concurrent Mark 1082.666ms
[455.143s][info][gc,marking     ] GC(1064) Concurrent Rebuild Remembered Sets and Scrub Regions
[455.208s][info][gc,start       ] GC(1066) Pause Young (Normal) (G1 Evacuation Pause)
[455.208s][info][gc,task        ] GC(1066) Using 2 workers of 2 for evacuation
[455.262s][info][gc,phases      ] GC(1066)   Pre Evacuate Collection Set: 0.48ms
[455.262s][info][gc,phases      ] GC(1066)   Merge Heap Roots: 0.35ms
[455.262s][info][gc,phases      ] GC(1066)   Evacuate Collection Set: 52.05ms
[455.262s][info][gc,phases      ] GC(1066)   Post Evacuate Collection Set: 0.50ms
[455.262s][info][gc,phases      ] GC(1066)   Other: 0.10ms
[455.262s][info][gc,heap        ] GC(1066) Eden regions: 290->0(311)
[455.262s][info][gc,heap        ] GC(1066) Survivor regions: 47->4(43)
[455.262s][info][gc,heap        ] GC(1066) Old regions: 536->583
[455.262s][info][gc,heap        ] GC(1066) Humongous regions: 7->7
[455.262s][info][gc,metaspace   ] GC(1066) Metaspace: 18992K(19200K)->18992K(19200K) NonClass: 16325K(16448K)->16325K(16448K) Class: 2667K(2752K)->2667K(2752K)
[455.262s][info][gc             ] GC(1066) Pause Young (Normal) (G1 Evacuation Pause) 879M->593M(978M) 53.685ms
[455.262s][info][gc,cpu         ] GC(1066) User=0.10s Sys=0.00s Real=0.05s
[455.718s][info][gc,marking     ] GC(1064) Concurrent Rebuild Remembered Sets and Scrub Regions 574.765ms
[455.719s][info][gc,start       ] GC(1064) Pause Cleanup
[455.719s][info][gc             ] GC(1064) Pause Cleanup 800M->800M(978M) 0.133ms
[455.719s][info][gc,cpu         ] GC(1064) User=0.00s Sys=0.00s Real=0.00s
[455.719s][info][gc,marking     ] GC(1064) Concurrent Clear Claimed Marks
[455.719s][info][gc,marking     ] GC(1064) Concurrent Clear Claimed Marks 0.039ms
[455.719s][info][gc,marking     ] GC(1064) Concurrent Cleanup for Next Mark
[455.726s][info][gc,marking     ] GC(1064) Concurrent Cleanup for Next Mark 7.034ms
[455.726s][info][gc             ] GC(1064) Concurrent Mark Cycle 1794.921ms
[456.026s][info][gc,start       ] GC(1067) Pause Young (Prepare Mixed) (G1 Evacuation Pause)
[456.026s][info][gc,task        ] GC(1067) Using 2 workers of 2 for evacuation
[456.060s][info][gc,phases      ] GC(1067)   Pre Evacuate Collection Set: 0.53ms
[456.060s][info][gc,phases      ] GC(1067)   Merge Heap Roots: 0.31ms
[456.060s][info][gc,phases      ] GC(1067)   Evacuate Collection Set: 32.21ms
[456.060s][info][gc,phases      ] GC(1067)   Post Evacuate Collection Set: 0.56ms
[456.060s][info][gc,phases      ] GC(1067)   Other: 0.13ms
[456.060s][info][gc,heap        ] GC(1067) Eden regions: 311->0(284)
[456.060s][info][gc,heap        ] GC(1067) Survivor regions: 4->27(40)
[456.060s][info][gc,heap        ] GC(1067) Old regions: 583->583
[456.060s][info][gc,heap        ] GC(1067) Humongous regions: 7->7
[456.060s][info][gc,metaspace   ] GC(1067) Metaspace: 18992K(19200K)->18992K(19200K) NonClass: 16325K(16448K)->16325K(16448K) Class: 2667K(2752K)->2667K(2752K)
[456.060s][info][gc             ] GC(1067) Pause Young (Prepare Mixed) (G1 Evacuation Pause) 904M->616M(978M) 34.008ms
[456.060s][info][gc,cpu         ] GC(1067) User=0.06s Sys=0.01s Real=0.03s
[456.698s][info][gc,start       ] GC(1068) Pause Young (Mixed) (G1 Evacuation Pause)
[456.698s][info][gc,task        ] GC(1068) Using 2 workers of 2 for evacuation
[456.728s][info][gc,phases      ] GC(1068)   Pre Evacuate Collection Set: 0.33ms
[456.728s][info][gc,phases      ] GC(1068)   Merge Heap Roots: 0.24ms
[456.728s][info][gc,phases      ] GC(1068)   Evacuate Collection Set: 29.23ms
[456.728s][info][gc,phases      ] GC(1068)   Post Evacuate Collection Set: 0.53ms
[456.729s][info][gc,phases      ] GC(1068)   Other: 0.08ms
[456.729s][info][gc,heap        ] GC(1068) Eden regions: 284->0(307)
[456.729s][info][gc,heap        ] GC(1068) Survivor regions: 27->1(39)
[456.729s][info][gc,heap        ] GC(1068) Old regions: 583->600
[456.729s][info][gc,heap        ] GC(1068) Humongous regions: 7->7
[456.729s][info][gc,metaspace   ] GC(1068) Metaspace: 18992K(19200K)->18992K(19200K) NonClass: 16325K(16448K)->16325K(16448K) Class: 2667K(2752K)->2667K(2752K)
[456.729s][info][gc             ] GC(1068) Pause Young (Mixed) (G1 Evacuation Pause) 900M->607M(978M) 30.679ms
[456.729s][info][gc,cpu         ] GC(1068) User=0.06s Sys=0.00s Real=0.03s
[457.449s][info][gc,start       ] GC(1069) Pause Young (Concurrent Start) (G1 Evacuation Pause)
[457.449s][info][gc,task        ] GC(1069) Using 2 workers of 2 for evacuation
[457.451s][info][gc,phases      ] GC(1069)   Pre Evacuate Collection Set: 0.31ms
[457.451s][info][gc,phases      ] GC(1069)   Merge Heap Roots: 0.12ms
[457.451s][info][gc,phases      ] GC(1069)   Evacuate Collection Set: 1.23ms
[457.451s][info][gc,phases      ] GC(1069)   Post Evacuate Collection Set: 0.48ms
[457.451s][info][gc,phases      ] GC(1069)   Other: 0.11ms
[457.451s][info][gc,heap        ] GC(1069) Eden regions: 307->0(318)
[457.451s][info][gc,heap        ] GC(1069) Survivor regions: 1->1(39)
[457.451s][info][gc,heap        ] GC(1069) Old regions: 600->600
[457.451s][info][gc,heap        ] GC(1069) Humongous regions: 7->7
[457.451s][info][gc,metaspace   ] GC(1069) Metaspace: 18992K(19200K)->18992K(19200K) NonClass: 16325K(16448K)->16325K(16448K) Class: 2667K(2752K)->2667K(2752K)
[457.451s][info][gc             ] GC(1069) Pause Young (Concurrent Start) (G1 Evacuation Pause) 914M->607M(978M) 2.460ms
[457.451s][info][gc             ] GC(1070) Concurrent Mark Cycle
[457.451s][info][gc,marking     ] GC(1070) Concurrent Scan Root Regions
[457.451s][info][gc,cpu         ] GC(1069) User=0.01s Sys=0.00s Real=0.00s
[457.453s][info][gc,marking     ] GC(1070) Concurrent Scan Root Regions 1.788ms
[457.453s][info][gc,marking     ] GC(1070) Concurrent Mark
[457.453s][info][gc,marking     ] GC(1070) Concurrent Mark From Roots
[457.453s][info][gc,task        ] GC(1070) Using 1 workers of 1 for marking
[458.260s][info][gc,start       ] GC(1071) Pause Young (Normal) (G1 Evacuation Pause)
[458.261s][info][gc,task        ] GC(1071) Using 2 workers of 2 for evacuation
[458.331s][info][gc,phases      ] GC(1071)   Pre Evacuate Collection Set: 0.52ms
[458.331s][info][gc,phases      ] GC(1071)   Merge Heap Roots: 0.14ms
[458.331s][info][gc,phases      ] GC(1071)   Evacuate Collection Set: 63.68ms
[458.331s][info][gc,phases      ] GC(1071)   Post Evacuate Collection Set: 5.77ms
[458.331s][info][gc,phases      ] GC(1071)   Other: 0.08ms
[458.331s][info][gc,heap        ] GC(1071) Eden regions: 318->0(149)
[458.331s][info][gc,heap        ] GC(1071) Survivor regions: 1->40(40)
[458.331s][info][gc,heap        ] GC(1071) Old regions: 600->692
[458.331s][info][gc,heap        ] GC(1071) Humongous regions: 7->7
[458.331s][info][gc,metaspace   ] GC(1071) Metaspace: 18992K(19200K)->18992K(19200K) NonClass: 16325K(16448K)->16325K(16448K) Class: 2667K(2752K)->2667K(2752K)
[458.331s][info][gc             ] GC(1071) Pause Young (Normal) (G1 Evacuation Pause) (Evacuation Failure: Allocation) 925M->738M(978M) 70.406ms
[458.331s][info][gc,cpu         ] GC(1071) User=0.14s Sys=0.00s Real=0.07s
[458.463s][info][gc,marking     ] GC(1070) Concurrent Mark From Roots 1010.470ms
[458.463s][info][gc,marking     ] GC(1070) Concurrent Preclean
[458.464s][info][gc,marking     ] GC(1070) Concurrent Preclean 0.042ms
[458.464s][info][gc,start       ] GC(1070) Pause Remark
[458.617s][info][gc             ] GC(1070) Pause Remark 776M->724M(978M) 152.886ms
[458.617s][info][gc,cpu         ] GC(1070) User=0.30s Sys=0.00s Real=0.15s
[458.617s][info][gc,marking     ] GC(1070) Concurrent Mark 1163.747ms
[458.617s][info][gc,marking     ] GC(1070) Concurrent Rebuild Remembered Sets and Scrub Regions
[458.786s][info][gc,start       ] GC(1072) Pause Young (Normal) (G1 Evacuation Pause)
[458.786s][info][gc,task        ] GC(1072) Using 2 workers of 2 for evacuation
[458.842s][info][gc,phases      ] GC(1072)   Pre Evacuate Collection Set: 0.49ms
[458.842s][info][gc,phases      ] GC(1072)   Merge Heap Roots: 0.34ms
[458.842s][info][gc,phases      ] GC(1072)   Evacuate Collection Set: 54.57ms
[458.842s][info][gc,phases      ] GC(1072)   Post Evacuate Collection Set: 0.56ms
[458.842s][info][gc,phases      ] GC(1072)   Other: 0.09ms
[458.842s][info][gc,heap        ] GC(1072) Eden regions: 149->0(277)
[458.842s][info][gc,heap        ] GC(1072) Survivor regions: 40->4(24)
[458.842s][info][gc,heap        ] GC(1072) Old regions: 641->619
[458.842s][info][gc,heap        ] GC(1072) Humongous regions: 6->6
[458.842s][info][gc,metaspace   ] GC(1072) Metaspace: 18992K(19200K)->18992K(19200K) NonClass: 16325K(16448K)->16325K(16448K) Class: 2667K(2752K)->2667K(2752K)
[458.842s][info][gc             ] GC(1072) Pause Young (Normal) (G1 Evacuation Pause) 835M->628M(978M) 56.293ms
[458.842s][info][gc,cpu         ] GC(1072) User=0.12s Sys=0.00s Real=0.05s
[459.126s][info][gc,marking     ] GC(1070) Concurrent Rebuild Remembered Sets and Scrub Regions 509.511ms
[459.126s][info][gc,start       ] GC(1070) Pause Cleanup
[459.127s][info][gc             ] GC(1070) Pause Cleanup 753M->753M(978M) 0.109ms
[459.127s][info][gc,cpu         ] GC(1070) User=0.00s Sys=0.00s Real=0.00s
[459.128s][info][gc,marking     ] GC(1070) Concurrent Clear Claimed Marks
[459.128s][info][gc,marking     ] GC(1070) Concurrent Clear Claimed Marks 0.042ms
[459.128s][info][gc,marking     ] GC(1070) Concurrent Cleanup for Next Mark
[459.132s][info][gc,marking     ] GC(1070) Concurrent Cleanup for Next Mark 3.977ms
[459.132s][info][gc             ] GC(1070) Concurrent Mark Cycle 1680.928ms
[459.235s][info][gc,start       ] GC(1073) Pause Young (Prepare Mixed) (G1 Evacuation Pause)
[459.235s][info][gc,task        ] GC(1073) Using 2 workers of 2 for evacuation
[459.310s][info][gc,phases      ] GC(1073)   Pre Evacuate Collection Set: 0.31ms
[459.310s][info][gc,phases      ] GC(1073)   Merge Heap Roots: 0.39ms
[459.310s][info][gc,phases      ] GC(1073)   Evacuate Collection Set: 73.43ms
[459.310s][info][gc,phases      ] GC(1073)   Post Evacuate Collection Set: 0.79ms
[459.310s][info][gc,phases      ] GC(1073)   Other: 0.08ms
[459.310s][info][gc,heap        ] GC(1073) Eden regions: 277->0(197)
[459.310s][info][gc,heap        ] GC(1073) Survivor regions: 4->36(36)
[459.310s][info][gc,heap        ] GC(1073) Old regions: 619->650
[459.310s][info][gc,heap        ] GC(1073) Humongous regions: 9->9
[459.310s][info][gc,metaspace   ] GC(1073) Metaspace: 18992K(19200K)->18992K(19200K) NonClass: 16325K(16448K)->16325K(16448K) Class: 2667K(2752K)->2667K(2752K)
[459.310s][info][gc             ] GC(1073) Pause Young (Prepare Mixed) (G1 Evacuation Pause) 908M->694M(978M) 75.277ms
[459.310s][info][gc,cpu         ] GC(1073) User=0.15s Sys=0.00s Real=0.07s
[459.533s][info][gc,start       ] GC(1074) Pause Young (Mixed) (G1 Evacuation Pause)
[459.533s][info][gc,task        ] GC(1074) Using 2 workers of 2 for evacuation
[459.613s][info][gc,phases      ] GC(1074)   Pre Evacuate Collection Set: 0.32ms
[459.613s][info][gc,phases      ] GC(1074)   Merge Heap Roots: 0.53ms
[459.613s][info][gc,phases      ] GC(1074)   Evacuate Collection Set: 78.04ms
[459.613s][info][gc,phases      ] GC(1074)   Post Evacuate Collection Set: 0.50ms
[459.613s][info][gc,phases      ] GC(1074)   Other: 0.09ms
[459.613s][info][gc,heap        ] GC(1074) Eden regions: 197->0(194)
[459.613s][info][gc,heap        ] GC(1074) Survivor regions: 36->30(30)
[459.613s][info][gc,heap        ] GC(1074) Old regions: 650->660
[459.613s][info][gc,heap        ] GC(1074) Humongous regions: 9->9
[459.613s][info][gc,metaspace   ] GC(1074) Metaspace: 18993K(19200K)->18993K(19200K) NonClass: 16326K(16448K)->16326K(16448K) Class: 2667K(2752K)->2667K(2752K)
[459.613s][info][gc             ] GC(1074) Pause Young (Mixed) (G1 Evacuation Pause) 891M->698M(978M) 79.746ms
[459.613s][info][gc,cpu         ] GC(1074) User=0.15s Sys=0.00s Real=0.07s
[459.827s][info][gc,start       ] GC(1075) Pause Young (Concurrent Start) (G1 Evacuation Pause)
[459.828s][info][gc,task        ] GC(1075) Using 2 workers of 2 for evacuation
[459.852s][info][gc,phases      ] GC(1075)   Pre Evacuate Collection Set: 0.33ms
[459.852s][info][gc,phases      ] GC(1075)   Merge Heap Roots: 0.11ms
[459.852s][info][gc,phases      ] GC(1075)   Evacuate Collection Set: 23.77ms
[459.852s][info][gc,phases      ] GC(1075)   Post Evacuate Collection Set: 0.45ms
[459.852s][info][gc,phases      ] GC(1075)   Other: 0.11ms
[459.852s][info][gc,heap        ] GC(1075) Eden regions: 194->0(207)
[459.852s][info][gc,heap        ] GC(1075) Survivor regions: 30->1(28)
[459.852s][info][gc,heap        ] GC(1075) Old regions: 660->690
[459.852s][info][gc,heap        ] GC(1075) Humongous regions: 9->9
[459.852s][info][gc,metaspace   ] GC(1075) Metaspace: 18993K(19200K)->18993K(19200K) NonClass: 16326K(16448K)->16326K(16448K) Class: 2667K(2752K)->2667K(2752K)
[459.852s][info][gc             ] GC(1075) Pause Young (Concurrent Start) (G1 Evacuation Pause) 892M->699M(978M) 25.005ms
[459.852s][info][gc,cpu         ] GC(1075) User=0.05s Sys=0.00s Real=0.02s
[459.853s][info][gc             ] GC(1076) Concurrent Mark Cycle
[459.855s][info][gc,marking     ] GC(1076) Concurrent Scan Root Regions
[459.883s][info][gc,marking     ] GC(1076) Concurrent Scan Root Regions 28.248ms
[459.883s][info][gc,marking     ] GC(1076) Concurrent Mark
[459.883s][info][gc,marking     ] GC(1076) Concurrent Mark From Roots
[459.883s][info][gc,task        ] GC(1076) Using 1 workers of 1 for marking
[460.232s][info][gc,start       ] GC(1077) Pause Young (Normal) (G1 Evacuation Pause)
[460.232s][info][gc,task        ] GC(1077) Using 2 workers of 2 for evacuation
[460.234s][info][gc,phases      ] GC(1077)   Pre Evacuate Collection Set: 0.30ms
[460.234s][info][gc,phases      ] GC(1077)   Merge Heap Roots: 0.09ms
[460.235s][info][gc,phases      ] GC(1077)   Evacuate Collection Set: 1.45ms
[460.235s][info][gc,phases      ] GC(1077)   Post Evacuate Collection Set: 0.39ms
[460.235s][info][gc,phases      ] GC(1077)   Other: 0.09ms
[460.235s][info][gc,heap        ] GC(1077) Eden regions: 207->0(219)
[460.235s][info][gc,heap        ] GC(1077) Survivor regions: 1->1(26)
[460.235s][info][gc,heap        ] GC(1077) Old regions: 690->690
[460.235s][info][gc,heap        ] GC(1077) Humongous regions: 9->9
[460.235s][info][gc,metaspace   ] GC(1077) Metaspace: 18993K(19200K)->18993K(19200K) NonClass: 16326K(16448K)->16326K(16448K) Class: 2667K(2752K)->2667K(2752K)
[460.235s][info][gc             ] GC(1077) Pause Young (Normal) (G1 Evacuation Pause) 906M->699M(978M) 2.555ms
[460.235s][info][gc,cpu         ] GC(1077) User=0.01s Sys=0.00s Real=0.01s
[460.690s][info][gc,start       ] GC(1078) Pause Young (Normal) (G1 Evacuation Pause)
[460.690s][info][gc,task        ] GC(1078) Using 2 workers of 2 for evacuation
[460.693s][info][gc,phases      ] GC(1078)   Pre Evacuate Collection Set: 0.51ms
[460.693s][info][gc,phases      ] GC(1078)   Merge Heap Roots: 0.09ms
[460.693s][info][gc,phases      ] GC(1078)   Evacuate Collection Set: 1.56ms
[460.693s][info][gc,phases      ] GC(1078)   Post Evacuate Collection Set: 0.40ms
[460.693s][info][gc,phases      ] GC(1078)   Other: 0.10ms
[460.693s][info][gc,heap        ] GC(1078) Eden regions: 219->0(227)
[460.693s][info][gc,heap        ] GC(1078) Survivor regions: 1->1(28)
[460.693s][info][gc,heap        ] GC(1078) Old regions: 690->690
[460.693s][info][gc,heap        ] GC(1078) Humongous regions: 9->9
[460.693s][info][gc,metaspace   ] GC(1078) Metaspace: 18993K(19200K)->18993K(19200K) NonClass: 16326K(16448K)->16326K(16448K) Class: 2667K(2752K)->2667K(2752K)
[460.693s][info][gc             ] GC(1078) Pause Young (Normal) (G1 Evacuation Pause) 918M->699M(978M) 2.914ms
[460.693s][info][gc,cpu         ] GC(1078) User=0.00s Sys=0.00s Real=0.00s
[460.714s][info][gc,marking     ] GC(1076) Concurrent Mark From Roots 830.743ms
[460.714s][info][gc,marking     ] GC(1076) Concurrent Preclean
[460.714s][info][gc,marking     ] GC(1076) Concurrent Preclean 0.039ms
[460.714s][info][gc,start       ] GC(1076) Pause Remark
[460.722s][info][gc             ] GC(1076) Pause Remark 705M->510M(978M) 7.828ms
[460.722s][info][gc,cpu         ] GC(1076) User=0.02s Sys=0.00s Real=0.00s
[460.723s][info][gc,marking     ] GC(1076) Concurrent Mark 839.742ms
[460.723s][info][gc,marking     ] GC(1076) Concurrent Rebuild Remembered Sets and Scrub Regions
[461.026s][info][gc,marking     ] GC(1076) Concurrent Rebuild Remembered Sets and Scrub Regions 303.155ms
[461.026s][info][gc,start       ] GC(1076) Pause Cleanup
[461.026s][info][gc             ] GC(1076) Pause Cleanup 687M->687M(978M) 0.153ms
[461.027s][info][gc,cpu         ] GC(1076) User=0.00s Sys=0.00s Real=0.00s
[461.027s][info][gc,marking     ] GC(1076) Concurrent Clear Claimed Marks
[461.027s][info][gc,marking     ] GC(1076) Concurrent Clear Claimed Marks 0.029ms
[461.027s][info][gc,marking     ] GC(1076) Concurrent Cleanup for Next Mark
[461.029s][info][gc,marking     ] GC(1076) Concurrent Cleanup for Next Mark 2.839ms
[461.029s][info][gc             ] GC(1076) Concurrent Mark Cycle 1176.930ms
[461.086s][info][gc,start       ] GC(1079) Pause Young (Prepare Mixed) (G1 Evacuation Pause)
[461.086s][info][gc,task        ] GC(1079) Using 2 workers of 2 for evacuation
[461.092s][info][gc,phases      ] GC(1079)   Pre Evacuate Collection Set: 0.28ms
[461.092s][info][gc,phases      ] GC(1079)   Merge Heap Roots: 0.13ms
[461.092s][info][gc,phases      ] GC(1079)   Evacuate Collection Set: 5.08ms
[461.092s][info][gc,phases      ] GC(1079)   Post Evacuate Collection Set: 0.42ms
[461.092s][info][gc,phases      ] GC(1079)   Other: 0.07ms
[461.092s][info][gc,heap        ] GC(1079) Eden regions: 227->0(404)
[461.092s][info][gc,heap        ] GC(1079) Survivor regions: 1->3(29)
[461.092s][info][gc,heap        ] GC(1079) Old regions: 500->500
[461.092s][info][gc,heap        ] GC(1079) Humongous regions: 4->4
[461.092s][info][gc,metaspace   ] GC(1079) Metaspace: 18993K(19200K)->18993K(19200K) NonClass: 16326K(16448K)->16326K(16448K) Class: 2667K(2752K)->2667K(2752K)
[461.092s][info][gc             ] GC(1079) Pause Young (Prepare Mixed) (G1 Evacuation Pause) 731M->506M(978M) 6.173ms
[461.092s][info][gc,cpu         ] GC(1079) User=0.01s Sys=0.00s Real=0.00s
[461.597s][info][gc,start       ] GC(1080) Pause Young (Mixed) (G1 Evacuation Pause)
[461.597s][info][gc,task        ] GC(1080) Using 2 workers of 2 for evacuation
[461.640s][info][gc,phases      ] GC(1080)   Pre Evacuate Collection Set: 0.56ms
[461.640s][info][gc,phases      ] GC(1080)   Merge Heap Roots: 0.57ms
[461.640s][info][gc,phases      ] GC(1080)   Evacuate Collection Set: 40.34ms
[461.640s][info][gc,phases      ] GC(1080)   Post Evacuate Collection Set: 0.82ms
[461.640s][info][gc,phases      ] GC(1080)   Other: 0.10ms
[461.640s][info][gc,heap        ] GC(1080) Eden regions: 404->0(474)
[461.640s][info][gc,heap        ] GC(1080) Survivor regions: 3->19(51)
[461.640s][info][gc,heap        ] GC(1080) Old regions: 500->405
[461.640s][info][gc,heap        ] GC(1080) Humongous regions: 7->7
[461.640s][info][gc,metaspace   ] GC(1080) Metaspace: 18993K(19200K)->18993K(19200K) NonClass: 16326K(16448K)->16326K(16448K) Class: 2667K(2752K)->2667K(2752K)
[461.640s][info][gc             ] GC(1080) Pause Young (Mixed) (G1 Evacuation Pause) 913M->429M(978M) 42.612ms
[461.640s][info][gc,cpu         ] GC(1080) User=0.08s Sys=0.00s Real=0.04s
[462.157s][info][gc,start       ] GC(1081) Pause Young (Mixed) (G1 Evacuation Pause)
[462.157s][info][gc,task        ] GC(1081) Using 2 workers of 2 for evacuation
[462.241s][info][gc,phases      ] GC(1081)   Pre Evacuate Collection Set: 0.35ms
[462.241s][info][gc,phases      ] GC(1081)   Merge Heap Roots: 0.65ms
[462.241s][info][gc,phases      ] GC(1081)   Evacuate Collection Set: 81.78ms
[462.241s][info][gc,phases      ] GC(1081)   Post Evacuate Collection Set: 0.85ms
[462.241s][info][gc,phases      ] GC(1081)   Other: 0.12ms
[462.241s][info][gc,heap        ] GC(1081) Eden regions: 474->0(432)
[462.241s][info][gc,heap        ] GC(1081) Survivor regions: 19->53(62)
[462.241s][info][gc,heap        ] GC(1081) Old regions: 405->383
[462.241s][info][gc,heap        ] GC(1081) Humongous regions: 7->7
[462.241s][info][gc,metaspace   ] GC(1081) Metaspace: 18993K(19200K)->18993K(19200K) NonClass: 16326K(16448K)->16326K(16448K) Class: 2667K(2752K)->2667K(2752K)
[462.241s][info][gc             ] GC(1081) Pause Young (Mixed) (G1 Evacuation Pause) 903M->442M(978M) 84.053ms
[462.241s][info][gc,cpu         ] GC(1081) User=0.16s Sys=0.00s Real=0.08s
[462.629s][info][gc,start       ] GC(1082) Pause Young (Concurrent Start) (G1 Evacuation Pause)
[462.629s][info][gc,task        ] GC(1082) Using 2 workers of 2 for evacuation
[462.712s][info][gc,phases      ] GC(1082)   Pre Evacuate Collection Set: 0.35ms
[462.712s][info][gc,phases      ] GC(1082)   Merge Heap Roots: 0.46ms
[462.712s][info][gc,phases      ] GC(1082)   Evacuate Collection Set: 81.10ms
[462.712s][info][gc,phases      ] GC(1082)   Post Evacuate Collection Set: 0.69ms
[462.712s][info][gc,phases      ] GC(1082)   Other: 0.21ms
[462.712s][info][gc,heap        ] GC(1082) Eden regions: 432->0(441)
[462.712s][info][gc,heap        ] GC(1082) Survivor regions: 53->14(61)
[462.712s][info][gc,heap        ] GC(1082) Old regions: 383->436
[462.712s][info][gc,heap        ] GC(1082) Humongous regions: 7->7
[462.712s][info][gc,metaspace   ] GC(1082) Metaspace: 18993K(19200K)->18993K(19200K) NonClass: 16326K(16448K)->16326K(16448K) Class: 2667K(2752K)->2667K(2752K)
[462.712s][info][gc             ] GC(1082) Pause Young (Concurrent Start) (G1 Evacuation Pause) 874M->455M(978M) 83.041ms
[462.712s][info][gc,cpu         ] GC(1082) User=0.16s Sys=0.00s Real=0.08s
[462.712s][info][gc             ] GC(1083) Concurrent Mark Cycle
[462.712s][info][gc,marking     ] GC(1083) Concurrent Scan Root Regions
[462.870s][info][gc,marking     ] GC(1083) Concurrent Scan Root Regions 158.139ms
[462.870s][info][gc,marking     ] GC(1083) Concurrent Mark
[462.870s][info][gc,marking     ] GC(1083) Concurrent Mark From Roots
[462.870s][info][gc,task        ] GC(1083) Using 1 workers of 1 for marking
[463.340s][info][gc,marking     ] GC(1083) Concurrent Mark From Roots 470.173ms
[463.340s][info][gc,marking     ] GC(1083) Concurrent Preclean
[463.340s][info][gc,marking     ] GC(1083) Concurrent Preclean 0.043ms
[463.340s][info][gc,start       ] GC(1083) Pause Remark
[463.348s][info][gc             ] GC(1083) Pause Remark 784M->668M(978M) 7.794ms
[463.348s][info][gc,cpu         ] GC(1083) User=0.02s Sys=0.00s Real=0.01s
[463.348s][info][gc,marking     ] GC(1083) Concurrent Mark 478.303ms
[463.348s][info][gc,marking     ] GC(1083) Concurrent Rebuild Remembered Sets and Scrub Regions
[463.519s][info][gc,marking     ] GC(1083) Concurrent Rebuild Remembered Sets and Scrub Regions 170.502ms
[463.519s][info][gc,start       ] GC(1083) Pause Cleanup
[463.519s][info][gc             ] GC(1083) Pause Cleanup 753M->753M(978M) 0.121ms
[463.519s][info][gc,cpu         ] GC(1083) User=0.00s Sys=0.00s Real=0.00s
[463.519s][info][gc,marking     ] GC(1083) Concurrent Clear Claimed Marks
[463.519s][info][gc,marking     ] GC(1083) Concurrent Clear Claimed Marks 0.048ms
[463.519s][info][gc,marking     ] GC(1083) Concurrent Cleanup for Next Mark
[463.522s][info][gc,marking     ] GC(1083) Concurrent Cleanup for Next Mark 2.836ms
[463.522s][info][gc             ] GC(1083) Concurrent Mark Cycle 810.427ms
[463.544s][info][gc,start       ] GC(1084) Pause Young (Prepare Mixed) (G1 Evacuation Pause)
[463.544s][info][gc,task        ] GC(1084) Using 2 workers of 2 for evacuation
[463.626s][info][gc,phases      ] GC(1084)   Pre Evacuate Collection Set: 0.29ms
[463.626s][info][gc,phases      ] GC(1084)   Merge Heap Roots: 0.57ms
[463.626s][info][gc,phases      ] GC(1084)   Evacuate Collection Set: 80.42ms
[463.626s][info][gc,phases      ] GC(1084)   Post Evacuate Collection Set: 0.67ms
[463.626s][info][gc,phases      ] GC(1084)   Other: 0.11ms
[463.626s][info][gc,heap        ] GC(1084) Eden regions: 441->0(468)
[463.626s][info][gc,heap        ] GC(1084) Survivor regions: 14->57(57)
[463.626s][info][gc,heap        ] GC(1084) Old regions: 323->334
[463.626s][info][gc,heap        ] GC(1084) Humongous regions: 4->4
[463.626s][info][gc,metaspace   ] GC(1084) Metaspace: 18993K(19200K)->18993K(19200K) NonClass: 16326K(16448K)->16326K(16448K) Class: 2667K(2752K)->2667K(2752K)
[463.626s][info][gc             ] GC(1084) Pause Young (Prepare Mixed) (G1 Evacuation Pause) 780M->394M(978M) 82.331ms
[463.626s][info][gc,cpu         ] GC(1084) User=0.16s Sys=0.00s Real=0.08s
[464.111s][info][gc,start       ] GC(1085) Pause Young (Mixed) (G1 Evacuation Pause)
[464.111s][info][gc,task        ] GC(1085) Using 2 workers of 2 for evacuation
[464.180s][info][gc,phases      ] GC(1085)   Pre Evacuate Collection Set: 0.37ms
[464.180s][info][gc,phases      ] GC(1085)   Merge Heap Roots: 0.35ms
[464.180s][info][gc,phases      ] GC(1085)   Evacuate Collection Set: 67.09ms
[464.180s][info][gc,phases      ] GC(1085)   Post Evacuate Collection Set: 0.69ms
[464.180s][info][gc,phases      ] GC(1085)   Other: 0.11ms
[464.180s][info][gc,heap        ] GC(1085) Eden regions: 468->0(508)
[464.180s][info][gc,heap        ] GC(1085) Survivor regions: 57->10(66)
[464.180s][info][gc,heap        ] GC(1085) Old regions: 334->356
[464.180s][info][gc,heap        ] GC(1085) Humongous regions: 4->4
[464.180s][info][gc,metaspace   ] GC(1085) Metaspace: 18993K(19200K)->18993K(19200K) NonClass: 16326K(16448K)->16326K(16448K) Class: 2667K(2752K)->2667K(2752K)
[464.180s][info][gc             ] GC(1085) Pause Young (Mixed) (G1 Evacuation Pause) 862M->368M(978M) 68.871ms
[464.180s][info][gc,cpu         ] GC(1085) User=0.14s Sys=0.00s Real=0.07s
[465.215s][info][gc,start       ] GC(1086) Pause Young (Concurrent Start) (G1 Evacuation Pause)
[465.216s][info][gc,task        ] GC(1086) Using 2 workers of 2 for evacuation
[465.242s][info][gc,phases      ] GC(1086)   Pre Evacuate Collection Set: 0.35ms
[465.242s][info][gc,phases      ] GC(1086)   Merge Heap Roots: 0.27ms
[465.242s][info][gc,phases      ] GC(1086)   Evacuate Collection Set: 25.29ms
[465.242s][info][gc,phases      ] GC(1086)   Post Evacuate Collection Set: 0.70ms
[465.242s][info][gc,phases      ] GC(1086)   Other: 0.21ms
[465.242s][info][gc,heap        ] GC(1086) Eden regions: 508->0(505)
[465.242s][info][gc,heap        ] GC(1086) Survivor regions: 10->22(65)
[465.242s][info][gc,heap        ] GC(1086) Old regions: 356->356
[465.242s][info][gc,heap        ] GC(1086) Humongous regions: 4->4
[465.242s][info][gc,metaspace   ] GC(1086) Metaspace: 18993K(19200K)->18993K(19200K) NonClass: 16326K(16448K)->16326K(16448K) Class: 2667K(2752K)->2667K(2752K)
[465.242s][info][gc             ] GC(1086) Pause Young (Concurrent Start) (G1 Evacuation Pause) 876M->380M(978M) 27.052ms
[465.243s][info][gc             ] GC(1087) Concurrent Mark Cycle
[465.243s][info][gc,marking     ] GC(1087) Concurrent Scan Root Regions
[465.243s][info][gc,cpu         ] GC(1086) User=0.05s Sys=0.00s Real=0.02s
[465.283s][info][gc,marking     ] GC(1087) Concurrent Scan Root Regions 40.317ms
[465.283s][info][gc,marking     ] GC(1087) Concurrent Mark
[465.283s][info][gc,marking     ] GC(1087) Concurrent Mark From Roots
[465.283s][info][gc,task        ] GC(1087) Using 1 workers of 1 for marking
[466.212s][info][gc,marking     ] GC(1087) Concurrent Mark From Roots 929.420ms
[466.212s][info][gc,marking     ] GC(1087) Concurrent Preclean
[466.212s][info][gc,marking     ] GC(1087) Concurrent Preclean 0.047ms
[466.213s][info][gc,start       ] GC(1087) Pause Remark
[466.220s][info][gc             ] GC(1087) Pause Remark 644M->644M(978M) 7.653ms
[466.220s][info][gc,cpu         ] GC(1087) User=0.02s Sys=0.00s Real=0.01s
[466.220s][info][gc,marking     ] GC(1087) Concurrent Mark 937.414ms
[466.220s][info][gc,marking     ] GC(1087) Concurrent Rebuild Remembered Sets and Scrub Regions
[466.554s][info][gc,start       ] GC(1088) Pause Young (Normal) (G1 Evacuation Pause)
[466.554s][info][gc,task        ] GC(1088) Using 2 workers of 2 for evacuation
[466.652s][info][gc,phases      ] GC(1088)   Pre Evacuate Collection Set: 0.46ms
[466.652s][info][gc,phases      ] GC(1088)   Merge Heap Roots: 0.38ms
[466.652s][info][gc,phases      ] GC(1088)   Evacuate Collection Set: 94.40ms
[466.652s][info][gc,phases      ] GC(1088)   Post Evacuate Collection Set: 2.64ms
[466.652s][info][gc,phases      ] GC(1088)   Other: 0.09ms
[466.652s][info][gc,heap        ] GC(1088) Eden regions: 505->0(380)
[466.652s][info][gc,heap        ] GC(1088) Survivor regions: 22->66(66)
[466.652s][info][gc,heap        ] GC(1088) Old regions: 356->400
[466.652s][info][gc,heap        ] GC(1088) Humongous regions: 4->4
[466.652s][info][gc,metaspace   ] GC(1088) Metaspace: 18998K(19200K)->18998K(19200K) NonClass: 16331K(16448K)->16331K(16448K) Class: 2667K(2752K)->2667K(2752K)
[466.652s][info][gc             ] GC(1088) Pause Young (Normal) (G1 Evacuation Pause) (Evacuation Failure: Allocation) 885M->469M(978M) 98.189ms
[466.652s][info][gc,cpu         ] GC(1088) User=0.20s Sys=0.00s Real=0.09s
[466.696s][info][gc,marking     ] GC(1087) Concurrent Rebuild Remembered Sets and Scrub Regions 475.282ms
[466.696s][info][gc,start       ] GC(1087) Pause Cleanup
[466.696s][info][gc             ] GC(1087) Pause Cleanup 543M->543M(978M) 0.078ms
[466.696s][info][gc,cpu         ] GC(1087) User=0.00s Sys=0.00s Real=0.00s
[466.696s][info][gc,marking     ] GC(1087) Concurrent Clear Claimed Marks
[466.696s][info][gc,marking     ] GC(1087) Concurrent Clear Claimed Marks 0.047ms
[466.696s][info][gc,marking     ] GC(1087) Concurrent Cleanup for Next Mark
[466.703s][info][gc,marking     ] GC(1087) Concurrent Cleanup for Next Mark 6.886ms
[466.703s][info][gc             ] GC(1087) Concurrent Mark Cycle 1460.810ms
[467.084s][info][gc,start       ] GC(1089) Pause Young (Prepare Mixed) (G1 Evacuation Pause)
[467.084s][info][gc,task        ] GC(1089) Using 2 workers of 2 for evacuation
[467.333s][info][gc,mmu         ] GC(1089) MMU target violated: 201.0ms (200.0ms/201.0ms)
[467.333s][info][gc,phases      ] GC(1089)   Pre Evacuate Collection Set: 0.33ms
[467.333s][info][gc,phases      ] GC(1089)   Merge Heap Roots: 0.48ms
[467.333s][info][gc,phases      ] GC(1089)   Evacuate Collection Set: 224.98ms
[467.333s][info][gc,phases      ] GC(1089)   Post Evacuate Collection Set: 23.22ms
[467.333s][info][gc,phases      ] GC(1089)   Other: 0.17ms
[467.333s][info][gc,heap        ] GC(1089) Eden regions: 380->0(106)
[467.333s][info][gc,heap        ] GC(1089) Survivor regions: 66->56(56)
[467.333s][info][gc,heap        ] GC(1089) Old regions: 400->703
[467.333s][info][gc,heap        ] GC(1089) Humongous regions: 7->7
[467.333s][info][gc,metaspace   ] GC(1089) Metaspace: 19015K(19200K)->19015K(19200K) NonClass: 16348K(16448K)->16348K(16448K) Class: 2667K(2752K)->2667K(2752K)
[467.333s][info][gc             ] GC(1089) Pause Young (Prepare Mixed) (G1 Evacuation Pause) (Evacuation Failure: Allocation) 852M->765M(978M) 249.373ms
[467.333s][info][gc,cpu         ] GC(1089) User=0.50s Sys=0.00s Real=0.25s
[467.540s][info][gc,start       ] GC(1090) Pause Young (Mixed) (G1 Evacuation Pause)
[467.540s][info][gc,task        ] GC(1090) Using 2 workers of 2 for evacuation
[467.640s][info][gc,phases      ] GC(1090)   Pre Evacuate Collection Set: 0.64ms
[467.640s][info][gc,phases      ] GC(1090)   Merge Heap Roots: 0.63ms
[467.640s][info][gc,phases      ] GC(1090)   Evacuate Collection Set: 98.36ms
[467.640s][info][gc,phases      ] GC(1090)   Post Evacuate Collection Set: 0.64ms
[467.640s][info][gc,phases      ] GC(1090)   Other: 0.09ms
[467.640s][info][gc,heap        ] GC(1090) Eden regions: 106->0(265)
[467.640s][info][gc,heap        ] GC(1090) Survivor regions: 56->4(21)
[467.640s][info][gc,heap        ] GC(1090) Old regions: 703->590
[467.640s][info][gc,heap        ] GC(1090) Humongous regions: 7->7
[467.640s][info][gc,metaspace   ] GC(1090) Metaspace: 19015K(19200K)->19015K(19200K) NonClass: 16348K(16448K)->16348K(16448K) Class: 2667K(2752K)->2667K(2752K)
[467.640s][info][gc             ] GC(1090) Pause Young (Mixed) (G1 Evacuation Pause) 871M->599M(978M) 100.663ms
[467.640s][info][gc,cpu         ] GC(1090) User=0.20s Sys=0.00s Real=0.10s
[467.829s][info][gc,start       ] GC(1091) Pause Young (Concurrent Start) (G1 Humongous Allocation)
[467.829s][info][gc,task        ] GC(1091) Using 2 workers of 2 for evacuation
[467.876s][info][gc,phases      ] GC(1091)   Pre Evacuate Collection Set: 0.32ms
[467.877s][info][gc,phases      ] GC(1091)   Merge Heap Roots: 0.72ms
[467.877s][info][gc,phases      ] GC(1091)   Evacuate Collection Set: 45.47ms
[467.877s][info][gc,phases      ] GC(1091)   Post Evacuate Collection Set: 0.74ms
[467.877s][info][gc,phases      ] GC(1091)   Other: 0.10ms
[467.877s][info][gc,heap        ] GC(1091) Eden regions: 165->0(283)
[467.877s][info][gc,heap        ] GC(1091) Survivor regions: 4->10(34)
[467.877s][info][gc,heap        ] GC(1091) Old regions: 590->576
[467.877s][info][gc,heap        ] GC(1091) Humongous regions: 7->7
[467.877s][info][gc,metaspace   ] GC(1091) Metaspace: 19015K(19200K)->19015K(19200K) NonClass: 16348K(16448K)->16348K(16448K) Class: 2667K(2752K)->2667K(2752K)
[467.877s][info][gc             ] GC(1091) Pause Young (Concurrent Start) (G1 Humongous Allocation) 764M->592M(978M) 47.569ms
[467.877s][info][gc             ] GC(1092) Concurrent Mark Cycle
[467.877s][info][gc,marking     ] GC(1092) Concurrent Scan Root Regions
[467.877s][info][gc,cpu         ] GC(1091) User=0.09s Sys=0.00s Real=0.05s
[467.914s][info][gc,marking     ] GC(1092) Concurrent Scan Root Regions 37.723ms
[467.914s][info][gc,marking     ] GC(1092) Concurrent Mark
[467.914s][info][gc,marking     ] GC(1092) Concurrent Mark From Roots
[467.914s][info][gc,task        ] GC(1092) Using 1 workers of 1 for marking
[468.815s][info][gc,start       ] GC(1093) Pause Young (Normal) (G1 Evacuation Pause)
[468.815s][info][gc,task        ] GC(1093) Using 2 workers of 2 for evacuation
[468.882s][info][gc,phases      ] GC(1093)   Pre Evacuate Collection Set: 0.28ms
[468.882s][info][gc,phases      ] GC(1093)   Merge Heap Roots: 0.73ms
[468.882s][info][gc,phases      ] GC(1093)   Evacuate Collection Set: 64.91ms
[468.882s][info][gc,phases      ] GC(1093)   Post Evacuate Collection Set: 0.77ms
[468.882s][info][gc,phases      ] GC(1093)   Other: 0.10ms
[468.882s][info][gc,heap        ] GC(1093) Eden regions: 283->0(272)
[468.882s][info][gc,heap        ] GC(1093) Survivor regions: 10->29(37)
[468.882s][info][gc,heap        ] GC(1093) Old regions: 576->576
[468.882s][info][gc,heap        ] GC(1093) Humongous regions: 13->13
[468.882s][info][gc,metaspace   ] GC(1093) Metaspace: 19015K(19200K)->19015K(19200K) NonClass: 16348K(16448K)->16348K(16448K) Class: 2667K(2752K)->2667K(2752K)
[468.882s][info][gc             ] GC(1093) Pause Young (Normal) (G1 Evacuation Pause) 881M->617M(978M) 67.050ms
[468.882s][info][gc,cpu         ] GC(1093) User=0.13s Sys=0.00s Real=0.06s
[469.454s][info][gc,marking     ] GC(1092) Concurrent Mark From Roots 1539.537ms
[469.454s][info][gc,marking     ] GC(1092) Concurrent Preclean
[469.454s][info][gc,marking     ] GC(1092) Concurrent Preclean 0.046ms
[469.454s][info][gc,start       ] GC(1092) Pause Remark
[469.462s][info][gc             ] GC(1092) Pause Remark 792M->791M(978M) 7.752ms
[469.462s][info][gc,cpu         ] GC(1092) User=0.02s Sys=0.00s Real=0.00s
[469.463s][info][gc,marking     ] GC(1092) Concurrent Mark 1548.706ms
[469.463s][info][gc,marking     ] GC(1092) Concurrent Rebuild Remembered Sets and Scrub Regions
[469.668s][info][gc,start       ] GC(1094) Pause Young (Normal) (G1 Evacuation Pause)
[469.668s][info][gc,task        ] GC(1094) Using 2 workers of 2 for evacuation
[469.735s][info][gc,phases      ] GC(1094)   Pre Evacuate Collection Set: 0.28ms
[469.735s][info][gc,phases      ] GC(1094)   Merge Heap Roots: 0.63ms
[469.735s][info][gc,phases      ] GC(1094)   Evacuate Collection Set: 65.15ms
[469.735s][info][gc,phases      ] GC(1094)   Post Evacuate Collection Set: 0.47ms
[469.735s][info][gc,phases      ] GC(1094)   Other: 0.10ms
[469.735s][info][gc,heap        ] GC(1094) Eden regions: 272->0(282)
[469.735s][info][gc,heap        ] GC(1094) Survivor regions: 29->1(38)
[469.735s][info][gc,heap        ] GC(1094) Old regions: 576->606
[469.735s][info][gc,heap        ] GC(1094) Humongous regions: 12->12
[469.735s][info][gc,metaspace   ] GC(1094) Metaspace: 19015K(19200K)->19015K(19200K) NonClass: 16348K(16448K)->16348K(16448K) Class: 2667K(2752K)->2667K(2752K)
[469.735s][info][gc             ] GC(1094) Pause Young (Normal) (G1 Evacuation Pause) 888M->618M(978M) 66.858ms
[469.735s][info][gc,cpu         ] GC(1094) User=0.13s Sys=0.00s Real=0.07s
[469.978s][info][gc,marking     ] GC(1092) Concurrent Rebuild Remembered Sets and Scrub Regions 514.683ms
[469.978s][info][gc,start       ] GC(1092) Pause Cleanup
[469.978s][info][gc             ] GC(1092) Pause Cleanup 710M->710M(978M) 0.095ms
[469.978s][info][gc,cpu         ] GC(1092) User=0.00s Sys=0.00s Real=0.00s
[469.978s][info][gc,marking     ] GC(1092) Concurrent Clear Claimed Marks
[469.978s][info][gc,marking     ] GC(1092) Concurrent Clear Claimed Marks 0.032ms
[469.978s][info][gc,marking     ] GC(1092) Concurrent Cleanup for Next Mark
[469.981s][info][gc,marking     ] GC(1092) Concurrent Cleanup for Next Mark 2.829ms
[469.981s][info][gc             ] GC(1092) Concurrent Mark Cycle 2104.451ms
[470.261s][info][gc,start       ] GC(1095) Pause Young (Prepare Mixed) (G1 Evacuation Pause)
[470.261s][info][gc,task        ] GC(1095) Using 2 workers of 2 for evacuation
[470.262s][info][gc,phases      ] GC(1095)   Pre Evacuate Collection Set: 0.30ms
[470.262s][info][gc,phases      ] GC(1095)   Merge Heap Roots: 0.10ms
[470.262s][info][gc,phases      ] GC(1095)   Evacuate Collection Set: 0.19ms
[470.262s][info][gc,phases      ] GC(1095)   Post Evacuate Collection Set: 0.45ms
[470.262s][info][gc,phases      ] GC(1095)   Other: 0.12ms
[470.262s][info][gc,heap        ] GC(1095) Eden regions: 282->0(295)
[470.262s][info][gc,heap        ] GC(1095) Survivor regions: 1->1(36)
[470.262s][info][gc,heap        ] GC(1095) Old regions: 606->606
[470.262s][info][gc,heap        ] GC(1095) Humongous regions: 12->12
[470.262s][info][gc,metaspace   ] GC(1095) Metaspace: 19015K(19200K)->19015K(19200K) NonClass: 16348K(16448K)->16348K(16448K) Class: 2667K(2752K)->2667K(2752K)
[470.262s][info][gc             ] GC(1095) Pause Young (Prepare Mixed) (G1 Evacuation Pause) 900M->618M(978M) 1.387ms
[470.262s][info][gc,cpu         ] GC(1095) User=0.01s Sys=0.00s Real=0.00s
[470.536s][info][gc,start       ] GC(1096) Pause Young (Mixed) (G1 Evacuation Pause)
[470.536s][info][gc,task        ] GC(1096) Using 2 workers of 2 for evacuation
[470.573s][info][gc,phases      ] GC(1096)   Pre Evacuate Collection Set: 0.31ms
[470.573s][info][gc,phases      ] GC(1096)   Merge Heap Roots: 0.20ms
[470.573s][info][gc,phases      ] GC(1096)   Evacuate Collection Set: 35.75ms
[470.573s][info][gc,phases      ] GC(1096)   Post Evacuate Collection Set: 0.51ms
[470.573s][info][gc,phases      ] GC(1096)   Other: 0.10ms
[470.573s][info][gc,heap        ] GC(1096) Eden regions: 295->0(256)
[470.573s][info][gc,heap        ] GC(1096) Survivor regions: 1->31(37)
[470.573s][info][gc,heap        ] GC(1096) Old regions: 606->598
[470.573s][info][gc,heap        ] GC(1096) Humongous regions: 12->12
[470.573s][info][gc,metaspace   ] GC(1096) Metaspace: 19016K(19200K)->19016K(19200K) NonClass: 16349K(16448K)->16349K(16448K) Class: 2667K(2752K)->2667K(2752K)
[470.573s][info][gc             ] GC(1096) Pause Young (Mixed) (G1 Evacuation Pause) 913M->640M(978M) 37.100ms
[470.573s][info][gc,cpu         ] GC(1096) User=0.08s Sys=0.00s Real=0.04s
[470.823s][info][gc,start       ] GC(1097) Pause Young (Concurrent Start) (G1 Evacuation Pause)
[470.823s][info][gc,task        ] GC(1097) Using 2 workers of 2 for evacuation
[470.860s][info][gc,phases      ] GC(1097)   Pre Evacuate Collection Set: 0.32ms
[470.861s][info][gc,phases      ] GC(1097)   Merge Heap Roots: 0.20ms
[470.861s][info][gc,phases      ] GC(1097)   Evacuate Collection Set: 35.93ms
[470.861s][info][gc,phases      ] GC(1097)   Post Evacuate Collection Set: 0.49ms
[470.861s][info][gc,phases      ] GC(1097)   Other: 0.10ms
[470.861s][info][gc,heap        ] GC(1097) Eden regions: 256->0(273)
[470.861s][info][gc,heap        ] GC(1097) Survivor regions: 31->7(36)
[470.861s][info][gc,heap        ] GC(1097) Old regions: 598->629
[470.861s][info][gc,heap        ] GC(1097) Humongous regions: 12->12
[470.861s][info][gc,metaspace   ] GC(1097) Metaspace: 19017K(19200K)->19017K(19200K) NonClass: 16349K(16448K)->16349K(16448K) Class: 2667K(2752K)->2667K(2752K)
[470.861s][info][gc             ] GC(1097) Pause Young (Concurrent Start) (G1 Evacuation Pause) 896M->647M(978M) 37.287ms
[470.861s][info][gc,cpu         ] GC(1097) User=0.07s Sys=0.00s Real=0.03s
[470.861s][info][gc             ] GC(1098) Concurrent Mark Cycle
[470.861s][info][gc,marking     ] GC(1098) Concurrent Scan Root Regions
[470.931s][info][gc,marking     ] GC(1098) Concurrent Scan Root Regions 70.191ms
[470.931s][info][gc,marking     ] GC(1098) Concurrent Mark
[470.931s][info][gc,marking     ] GC(1098) Concurrent Mark From Roots
[470.931s][info][gc,task        ] GC(1098) Using 1 workers of 1 for marking
[471.781s][info][gc,start       ] GC(1099) Pause Young (Normal) (G1 Evacuation Pause)
[471.781s][info][gc,task        ] GC(1099) Using 2 workers of 2 for evacuation
[471.794s][info][gc,phases      ] GC(1099)   Pre Evacuate Collection Set: 0.33ms
[471.794s][info][gc,phases      ] GC(1099)   Merge Heap Roots: 0.18ms
[471.794s][info][gc,phases      ] GC(1099)   Evacuate Collection Set: 11.91ms
[471.794s][info][gc,phases      ] GC(1099)   Post Evacuate Collection Set: 0.48ms
[471.794s][info][gc,phases      ] GC(1099)   Other: 0.11ms
[471.794s][info][gc,heap        ] GC(1099) Eden regions: 273->0(265)
[471.794s][info][gc,heap        ] GC(1099) Survivor regions: 7->11(35)
[471.794s][info][gc,heap        ] GC(1099) Old regions: 629->629
[471.794s][info][gc,heap        ] GC(1099) Humongous regions: 12->12
[471.794s][info][gc,metaspace   ] GC(1099) Metaspace: 19022K(19200K)->19022K(19200K) NonClass: 16355K(16448K)->16355K(16448K) Class: 2667K(2752K)->2667K(2752K)
[471.794s][info][gc             ] GC(1099) Pause Young (Normal) (G1 Evacuation Pause) 920M->651M(978M) 13.254ms
[471.794s][info][gc,cpu         ] GC(1099) User=0.03s Sys=0.00s Real=0.02s
[472.250s][info][gc,marking     ] GC(1098) Concurrent Mark From Roots 1318.751ms
[472.250s][info][gc,marking     ] GC(1098) Concurrent Preclean
[472.250s][info][gc,marking     ] GC(1098) Concurrent Preclean 0.042ms
[472.250s][info][gc,start       ] GC(1098) Pause Remark
[472.258s][info][gc             ] GC(1098) Pause Remark 765M->709M(978M) 7.854ms
[472.258s][info][gc,cpu         ] GC(1098) User=0.02s Sys=0.00s Real=0.01s
[472.258s][info][gc,marking     ] GC(1098) Concurrent Mark 1326.986ms
[472.258s][info][gc,marking     ] GC(1098) Concurrent Rebuild Remembered Sets and Scrub Regions
[472.594s][info][gc,start       ] GC(1100) Pause Young (Normal) (G1 Evacuation Pause)
[472.594s][info][gc,task        ] GC(1100) Using 2 workers of 2 for evacuation
[472.620s][info][gc,phases      ] GC(1100)   Pre Evacuate Collection Set: 0.48ms
[472.620s][info][gc,phases      ] GC(1100)   Merge Heap Roots: 0.23ms
[472.620s][info][gc,phases      ] GC(1100)   Evacuate Collection Set: 25.28ms
[472.620s][info][gc,phases      ] GC(1100)   Post Evacuate Collection Set: 0.46ms
[472.620s][info][gc,phases      ] GC(1100)   Other: 0.09ms
[472.620s][info][gc,heap        ] GC(1100) Eden regions: 265->0(297)
[472.620s][info][gc,heap        ] GC(1100) Survivor regions: 11->23(35)
[472.620s][info][gc,heap        ] GC(1100) Old regions: 578->578
[472.620s][info][gc,heap        ] GC(1100) Humongous regions: 7->7
[472.620s][info][gc,metaspace   ] GC(1100) Metaspace: 19032K(19200K)->19032K(19200K) NonClass: 16364K(16448K)->16364K(16448K) Class: 2667K(2752K)->2667K(2752K)
[472.620s][info][gc             ] GC(1100) Pause Young (Normal) (G1 Evacuation Pause) 860M->607M(978M) 26.753ms
[472.620s][info][gc,cpu         ] GC(1100) User=0.05s Sys=0.00s Real=0.02s
[472.745s][info][gc,marking     ] GC(1098) Concurrent Rebuild Remembered Sets and Scrub Regions 486.568ms
[472.745s][info][gc,start       ] GC(1098) Pause Cleanup
[472.745s][info][gc             ] GC(1098) Pause Cleanup 690M->690M(978M) 0.131ms
[472.745s][info][gc,cpu         ] GC(1098) User=0.00s Sys=0.00s Real=0.00s
[472.747s][info][gc,marking     ] GC(1098) Concurrent Clear Claimed Marks
[472.747s][info][gc,marking     ] GC(1098) Concurrent Clear Claimed Marks 0.050ms
[472.747s][info][gc,marking     ] GC(1098) Concurrent Cleanup for Next Mark
[472.750s][info][gc,marking     ] GC(1098) Concurrent Cleanup for Next Mark 2.840ms
[472.750s][info][gc             ] GC(1098) Concurrent Mark Cycle 1889.213ms
[472.986s][info][gc,start       ] GC(1101) Pause Young (Prepare Mixed) (G1 Evacuation Pause)
[472.986s][info][gc,task        ] GC(1101) Using 2 workers of 2 for evacuation
[473.057s][info][gc,phases      ] GC(1101)   Pre Evacuate Collection Set: 0.51ms
[473.057s][info][gc,phases      ] GC(1101)   Merge Heap Roots: 0.21ms
[473.057s][info][gc,phases      ] GC(1101)   Evacuate Collection Set: 68.33ms
[473.057s][info][gc,phases      ] GC(1101)   Post Evacuate Collection Set: 1.63ms
[473.057s][info][gc,phases      ] GC(1101)   Other: 0.07ms
[473.057s][info][gc,heap        ] GC(1101) Eden regions: 297->0(203)
[473.057s][info][gc,heap        ] GC(1101) Survivor regions: 23->40(40)
[473.057s][info][gc,heap        ] GC(1101) Old regions: 578->638
[473.057s][info][gc,heap        ] GC(1101) Humongous regions: 7->7
[473.057s][info][gc,metaspace   ] GC(1101) Metaspace: 19037K(19200K)->19037K(19200K) NonClass: 16369K(16448K)->16369K(16448K) Class: 2667K(2752K)->2667K(2752K)
[473.057s][info][gc             ] GC(1101) Pause Young (Prepare Mixed) (G1 Evacuation Pause) (Evacuation Failure: Allocation) 904M->684M(978M) 70.974ms
[473.057s][info][gc,cpu         ] GC(1101) User=0.14s Sys=0.00s Real=0.07s
[473.377s][info][gc,start       ] GC(1102) Pause Young (Mixed) (G1 Evacuation Pause)
[473.377s][info][gc,task        ] GC(1102) Using 2 workers of 2 for evacuation
[473.451s][info][gc,phases      ] GC(1102)   Pre Evacuate Collection Set: 0.37ms
[473.451s][info][gc,phases      ] GC(1102)   Merge Heap Roots: 0.62ms
[473.451s][info][gc,phases      ] GC(1102)   Evacuate Collection Set: 71.97ms
[473.451s][info][gc,phases      ] GC(1102)   Post Evacuate Collection Set: 0.68ms
[473.451s][info][gc,phases      ] GC(1102)   Other: 0.11ms
[473.451s][info][gc,heap        ] GC(1102) Eden regions: 203->0(300)
[473.451s][info][gc,heap        ] GC(1102) Survivor regions: 40->12(31)
[473.451s][info][gc,heap        ] GC(1102) Old regions: 638->568
[473.451s][info][gc,heap        ] GC(1102) Humongous regions: 10->10
[473.451s][info][gc,metaspace   ] GC(1102) Metaspace: 19037K(19200K)->19037K(19200K) NonClass: 16369K(16448K)->16369K(16448K) Class: 2667K(2752K)->2667K(2752K)
[473.451s][info][gc             ] GC(1102) Pause Young (Mixed) (G1 Evacuation Pause) 890M->589M(978M) 74.035ms
[473.451s][info][gc,cpu         ] GC(1102) User=0.15s Sys=0.00s Real=0.07s
[473.890s][info][gc,start       ] GC(1103) Pause Young (Concurrent Start) (G1 Evacuation Pause)
[473.890s][info][gc,task        ] GC(1103) Using 2 workers of 2 for evacuation
[473.914s][info][gc,phases      ] GC(1103)   Pre Evacuate Collection Set: 0.35ms
[473.914s][info][gc,phases      ] GC(1103)   Merge Heap Roots: 0.31ms
[473.914s][info][gc,phases      ] GC(1103)   Evacuate Collection Set: 22.45ms
[473.914s][info][gc,phases      ] GC(1103)   Post Evacuate Collection Set: 0.63ms
[473.914s][info][gc,phases      ] GC(1103)   Other: 0.23ms
[473.914s][info][gc,heap        ] GC(1103) Eden regions: 300->0(316)
[473.914s][info][gc,heap        ] GC(1103) Survivor regions: 12->13(39)
[473.914s][info][gc,heap        ] GC(1103) Old regions: 568->568
[473.914s][info][gc,heap        ] GC(1103) Humongous regions: 10->10
[473.914s][info][gc,metaspace   ] GC(1103) Metaspace: 19037K(19200K)->19037K(19200K) NonClass: 16369K(16448K)->16369K(16448K) Class: 2667K(2752K)->2667K(2752K)
[473.914s][info][gc             ] GC(1103) Pause Young (Concurrent Start) (G1 Evacuation Pause) 889M->590M(978M) 24.254ms
[473.914s][info][gc,cpu         ] GC(1103) User=0.05s Sys=0.00s Real=0.03s
[473.914s][info][gc             ] GC(1104) Concurrent Mark Cycle
[473.914s][info][gc,marking     ] GC(1104) Concurrent Scan Root Regions
[473.960s][info][gc,marking     ] GC(1104) Concurrent Scan Root Regions 45.692ms
[473.960s][info][gc,marking     ] GC(1104) Concurrent Mark
[473.960s][info][gc,marking     ] GC(1104) Concurrent Mark From Roots
[473.960s][info][gc,task        ] GC(1104) Using 1 workers of 1 for marking
[474.955s][info][gc,marking     ] GC(1104) Concurrent Mark From Roots 994.695ms
[474.955s][info][gc,marking     ] GC(1104) Concurrent Preclean
[474.955s][info][gc,marking     ] GC(1104) Concurrent Preclean 0.047ms
[474.955s][info][gc,start       ] GC(1104) Pause Remark
[474.963s][info][gc             ] GC(1104) Pause Remark 885M->830M(978M) 7.900ms
[474.963s][info][gc,cpu         ] GC(1104) User=0.02s Sys=0.00s Real=0.01s
[474.963s][info][gc,marking     ] GC(1104) Concurrent Mark 1002.956ms
[474.963s][info][gc,marking     ] GC(1104) Concurrent Rebuild Remembered Sets and Scrub Regions
[475.007s][info][gc,start       ] GC(1105) Pause Young (Normal) (G1 Evacuation Pause)
[475.007s][info][gc,task        ] GC(1105) Using 2 workers of 2 for evacuation
[475.031s][info][gc,phases      ] GC(1105)   Pre Evacuate Collection Set: 0.25ms
[475.031s][info][gc,phases      ] GC(1105)   Merge Heap Roots: 0.29ms
[475.031s][info][gc,phases      ] GC(1105)   Evacuate Collection Set: 23.29ms
[475.031s][info][gc,phases      ] GC(1105)   Post Evacuate Collection Set: 0.57ms
[475.031s][info][gc,phases      ] GC(1105)   Other: 0.09ms
[475.031s][info][gc,heap        ] GC(1105) Eden regions: 316->0(378)
[475.031s][info][gc,heap        ] GC(1105) Survivor regions: 13->12(42)
[475.031s][info][gc,heap        ] GC(1105) Old regions: 516->516
[475.031s][info][gc,heap        ] GC(1105) Humongous regions: 7->7
[475.031s][info][gc,metaspace   ] GC(1105) Metaspace: 19037K(19200K)->19037K(19200K) NonClass: 16369K(16448K)->16369K(16448K) Class: 2667K(2752K)->2667K(2752K)
[475.031s][info][gc             ] GC(1105) Pause Young (Normal) (G1 Evacuation Pause) 851M->534M(978M) 24.676ms
[475.031s][info][gc,cpu         ] GC(1105) User=0.05s Sys=0.00s Real=0.02s
[475.607s][info][gc,start       ] GC(1106) Pause Young (Normal) (G1 Evacuation Pause)
[475.607s][info][gc,task        ] GC(1106) Using 2 workers of 2 for evacuation
[475.661s][info][gc,phases      ] GC(1106)   Pre Evacuate Collection Set: 0.29ms
[475.661s][info][gc,phases      ] GC(1106)   Merge Heap Roots: 0.47ms
[475.661s][info][gc,phases      ] GC(1106)   Evacuate Collection Set: 52.05ms
[475.661s][info][gc,phases      ] GC(1106)   Post Evacuate Collection Set: 0.67ms
[475.661s][info][gc,phases      ] GC(1106)   Other: 0.12ms
[475.661s][info][gc,heap        ] GC(1106) Eden regions: 378->0(329)
[475.661s][info][gc,heap        ] GC(1106) Survivor regions: 12->38(49)
[475.661s][info][gc,heap        ] GC(1106) Old regions: 516->516
[475.661s][info][gc,heap        ] GC(1106) Humongous regions: 7->7
[475.661s][info][gc,metaspace   ] GC(1106) Metaspace: 19037K(19200K)->19037K(19200K) NonClass: 16369K(16448K)->16369K(16448K) Class: 2667K(2752K)->2667K(2752K)
[475.661s][info][gc             ] GC(1106) Pause Young (Normal) (G1 Evacuation Pause) 912M->560M(978M) 53.895ms
[475.661s][info][gc,cpu         ] GC(1106) User=0.11s Sys=0.00s Real=0.05s
[475.687s][info][gc,marking     ] GC(1104) Concurrent Rebuild Remembered Sets and Scrub Regions 723.492ms
[475.687s][info][gc,start       ] GC(1104) Pause Cleanup
[475.687s][info][gc             ] GC(1104) Pause Cleanup 579M->579M(978M) 0.156ms
[475.687s][info][gc,cpu         ] GC(1104) User=0.00s Sys=0.00s Real=0.00s
[475.688s][info][gc,marking     ] GC(1104) Concurrent Clear Claimed Marks
[475.688s][info][gc,marking     ] GC(1104) Concurrent Clear Claimed Marks 0.048ms
[475.688s][info][gc,marking     ] GC(1104) Concurrent Cleanup for Next Mark
[475.696s][info][gc,marking     ] GC(1104) Concurrent Cleanup for Next Mark 7.845ms
[475.696s][info][gc             ] GC(1104) Concurrent Mark Cycle 1781.352ms
[475.980s][info][gc,start       ] GC(1107) Pause Young (Prepare Mixed) (G1 Evacuation Pause)
[475.980s][info][gc,task        ] GC(1107) Using 2 workers of 2 for evacuation
[476.040s][info][gc,phases      ] GC(1107)   Pre Evacuate Collection Set: 0.31ms
[476.040s][info][gc,phases      ] GC(1107)   Merge Heap Roots: 0.29ms
[476.040s][info][gc,phases      ] GC(1107)   Evacuate Collection Set: 58.19ms
[476.040s][info][gc,phases      ] GC(1107)   Post Evacuate Collection Set: 0.58ms
[476.040s][info][gc,phases      ] GC(1107)   Other: 0.11ms
[476.040s][info][gc,heap        ] GC(1107) Eden regions: 329->0(346)
[476.040s][info][gc,heap        ] GC(1107) Survivor regions: 38->9(46)
[476.040s][info][gc,heap        ] GC(1107) Old regions: 516->554
[476.040s][info][gc,heap        ] GC(1107) Humongous regions: 7->7
[476.040s][info][gc,metaspace   ] GC(1107) Metaspace: 19037K(19200K)->19037K(19200K) NonClass: 16369K(16448K)->16369K(16448K) Class: 2667K(2752K)->2667K(2752K)
[476.040s][info][gc             ] GC(1107) Pause Young (Prepare Mixed) (G1 Evacuation Pause) 889M->569M(978M) 59.720ms
[476.040s][info][gc,cpu         ] GC(1107) User=0.12s Sys=0.00s Real=0.06s
[476.616s][info][gc,start       ] GC(1108) Pause Young (Mixed) (G1 Evacuation Pause)
[476.616s][info][gc,task        ] GC(1108) Using 2 workers of 2 for evacuation
[476.685s][info][gc,phases      ] GC(1108)   Pre Evacuate Collection Set: 0.35ms
[476.685s][info][gc,phases      ] GC(1108)   Merge Heap Roots: 0.84ms
[476.685s][info][gc,phases      ] GC(1108)   Evacuate Collection Set: 66.72ms
[476.685s][info][gc,phases      ] GC(1108)   Post Evacuate Collection Set: 0.86ms
[476.685s][info][gc,phases      ] GC(1108)   Other: 0.11ms
[476.685s][info][gc,heap        ] GC(1108) Eden regions: 346->0(393)
[476.685s][info][gc,heap        ] GC(1108) Survivor regions: 9->14(45)
[476.685s][info][gc,heap        ] GC(1108) Old regions: 554->500
[476.685s][info][gc,heap        ] GC(1108) Humongous regions: 7->7
[476.685s][info][gc,metaspace   ] GC(1108) Metaspace: 19037K(19200K)->19037K(19200K) NonClass: 16369K(16448K)->16369K(16448K) Class: 2667K(2752K)->2667K(2752K)
[476.685s][info][gc             ] GC(1108) Pause Young (Mixed) (G1 Evacuation Pause) 915M->520M(978M) 69.171ms
[476.685s][info][gc,cpu         ] GC(1108) User=0.13s Sys=0.00s Real=0.07s
[477.181s][info][gc,start       ] GC(1109) Pause Young (Mixed) (G1 Evacuation Pause)
[477.181s][info][gc,task        ] GC(1109) Using 2 workers of 2 for evacuation
[477.376s][info][gc,phases      ] GC(1109)   Pre Evacuate Collection Set: 0.33ms
[477.376s][info][gc,phases      ] GC(1109)   Merge Heap Roots: 1.30ms
[477.376s][info][gc,phases      ] GC(1109)   Evacuate Collection Set: 175.92ms
[477.376s][info][gc,phases      ] GC(1109)   Post Evacuate Collection Set: 17.35ms
[477.376s][info][gc,phases      ] GC(1109)   Other: 0.09ms
[477.376s][info][gc,heap        ] GC(1109) Eden regions: 393->0(139)
[477.376s][info][gc,heap        ] GC(1109) Survivor regions: 14->49(51)
[477.376s][info][gc,heap        ] GC(1109) Old regions: 500->684
[477.376s][info][gc,heap        ] GC(1109) Humongous regions: 7->7
[477.376s][info][gc,metaspace   ] GC(1109) Metaspace: 19037K(19200K)->19037K(19200K) NonClass: 16369K(16448K)->16369K(16448K) Class: 2667K(2752K)->2667K(2752K)
[477.376s][info][gc             ] GC(1109) Pause Young (Mixed) (G1 Evacuation Pause) (Evacuation Failure: Allocation) 913M->739M(978M) 195.205ms
[477.376s][info][gc,cpu         ] GC(1109) User=0.38s Sys=0.00s Real=0.20s
[477.498s][info][gc,start       ] GC(1110) Pause Young (Mixed) (G1 Evacuation Pause)
[477.498s][info][gc,task        ] GC(1110) Using 2 workers of 2 for evacuation
[477.681s][info][gc,phases      ] GC(1110)   Pre Evacuate Collection Set: 0.54ms
[477.681s][info][gc,phases      ] GC(1110)   Merge Heap Roots: 1.49ms
[477.681s][info][gc,phases      ] GC(1110)   Evacuate Collection Set: 175.54ms
[477.681s][info][gc,phases      ] GC(1110)   Post Evacuate Collection Set: 5.70ms
[477.681s][info][gc,phases      ] GC(1110)   Other: 0.09ms
[477.681s][info][gc,heap        ] GC(1110) Eden regions: 139->0(204)
[477.681s][info][gc,heap        ] GC(1110) Survivor regions: 49->24(24)
[477.681s][info][gc,heap        ] GC(1110) Old regions: 684->669
[477.681s][info][gc,heap        ] GC(1110) Humongous regions: 7->7
[477.681s][info][gc,metaspace   ] GC(1110) Metaspace: 19037K(19200K)->19037K(19200K) NonClass: 16369K(16448K)->16369K(16448K) Class: 2667K(2752K)->2667K(2752K)
[477.681s][info][gc             ] GC(1110) Pause Young (Mixed) (G1 Evacuation Pause) (Evacuation Failure: Allocation) 878M->699M(978M) 183.611ms
[477.681s][info][gc,cpu         ] GC(1110) User=0.37s Sys=0.00s Real=0.18s
[477.825s][info][gc,start       ] GC(1111) Pause Young (Concurrent Start) (G1 Evacuation Pause)
[477.825s][info][gc,task        ] GC(1111) Using 2 workers of 2 for evacuation
[477.901s][info][gc,phases      ] GC(1111)   Pre Evacuate Collection Set: 0.36ms
[477.901s][info][gc,phases      ] GC(1111)   Merge Heap Roots: 0.48ms
[477.901s][info][gc,phases      ] GC(1111)   Evacuate Collection Set: 73.05ms
[477.901s][info][gc,phases      ] GC(1111)   Post Evacuate Collection Set: 2.24ms
[477.901s][info][gc,phases      ] GC(1111)   Other: 0.10ms
[477.901s][info][gc,heap        ] GC(1111) Eden regions: 204->0(201)
[477.901s][info][gc,heap        ] GC(1111) Survivor regions: 24->23(29)
[477.901s][info][gc,heap        ] GC(1111) Old regions: 669->674
[477.901s][info][gc,heap        ] GC(1111) Humongous regions: 7->7
[477.901s][info][gc,metaspace   ] GC(1111) Metaspace: 19037K(19200K)->19037K(19200K) NonClass: 16369K(16448K)->16369K(16448K) Class: 2667K(2752K)->2667K(2752K)
[477.901s][info][gc             ] GC(1111) Pause Young (Concurrent Start) (G1 Evacuation Pause) (Evacuation Failure: Allocation) 903M->703M(978M) 76.461ms
[477.901s][info][gc,cpu         ] GC(1111) User=0.15s Sys=0.00s Real=0.07s
[477.901s][info][gc             ] GC(1112) Concurrent Mark Cycle
[477.901s][info][gc,marking     ] GC(1112) Concurrent Scan Root Regions
[478.031s][info][gc,marking     ] GC(1112) Concurrent Scan Root Regions 129.294ms
[478.031s][info][gc,marking     ] GC(1112) Concurrent Mark
[478.031s][info][gc,marking     ] GC(1112) Concurrent Mark From Roots
[478.031s][info][gc,task        ] GC(1112) Using 1 workers of 1 for marking
[478.175s][info][gc,start       ] GC(1113) Pause Young (Normal) (G1 Evacuation Pause)
[478.175s][info][gc,task        ] GC(1113) Using 2 workers of 2 for evacuation
[478.224s][info][gc,phases      ] GC(1113)   Pre Evacuate Collection Set: 0.35ms
[478.224s][info][gc,phases      ] GC(1113)   Merge Heap Roots: 0.39ms
[478.224s][info][gc,phases      ] GC(1113)   Evacuate Collection Set: 48.17ms
[478.224s][info][gc,phases      ] GC(1113)   Post Evacuate Collection Set: 0.49ms
[478.224s][info][gc,phases      ] GC(1113)   Other: 0.10ms
[478.224s][info][gc,heap        ] GC(1113) Eden regions: 201->0(246)
[478.224s][info][gc,heap        ] GC(1113) Survivor regions: 23->3(28)
[478.224s][info][gc,heap        ] GC(1113) Old regions: 674->647
[478.224s][info][gc,heap        ] GC(1113) Humongous regions: 7->7
[478.224s][info][gc,metaspace   ] GC(1113) Metaspace: 19037K(19200K)->19037K(19200K) NonClass: 16369K(16448K)->16369K(16448K) Class: 2667K(2752K)->2667K(2752K)
[478.225s][info][gc             ] GC(1113) Pause Young (Normal) (G1 Evacuation Pause) 904M->655M(978M) 49.722ms
[478.225s][info][gc,cpu         ] GC(1113) User=0.10s Sys=0.00s Real=0.05s
[478.532s][info][gc,start       ] GC(1114) Pause Young (Normal) (G1 Evacuation Pause)
[478.532s][info][gc,task        ] GC(1114) Using 2 workers of 2 for evacuation
[478.549s][info][gc,phases      ] GC(1114)   Pre Evacuate Collection Set: 0.51ms
[478.549s][info][gc,phases      ] GC(1114)   Merge Heap Roots: 0.37ms
[478.549s][info][gc,phases      ] GC(1114)   Evacuate Collection Set: 16.06ms
[478.549s][info][gc,phases      ] GC(1114)   Post Evacuate Collection Set: 0.45ms
[478.549s][info][gc,phases      ] GC(1114)   Other: 0.08ms
[478.549s][info][gc,heap        ] GC(1114) Eden regions: 246->0(254)
[478.549s][info][gc,heap        ] GC(1114) Survivor regions: 3->6(32)
[478.549s][info][gc,heap        ] GC(1114) Old regions: 647->647
[478.549s][info][gc,heap        ] GC(1114) Humongous regions: 7->7
[478.549s][info][gc,metaspace   ] GC(1114) Metaspace: 19037K(19200K)->19037K(19200K) NonClass: 16369K(16448K)->16369K(16448K) Class: 2667K(2752K)->2667K(2752K)
[478.549s][info][gc             ] GC(1114) Pause Young (Normal) (G1 Evacuation Pause) 901M->658M(978M) 17.725ms
[478.549s][info][gc,cpu         ] GC(1114) User=0.03s Sys=0.00s Real=0.02s
[478.889s][info][gc,start       ] GC(1115) Pause Young (Normal) (G1 Evacuation Pause)
[478.889s][info][gc,task        ] GC(1115) Using 2 workers of 2 for evacuation
[478.899s][info][gc,phases      ] GC(1115)   Pre Evacuate Collection Set: 0.31ms
[478.899s][info][gc,phases      ] GC(1115)   Merge Heap Roots: 0.18ms
[478.899s][info][gc,phases      ] GC(1115)   Evacuate Collection Set: 9.39ms
[478.900s][info][gc,phases      ] GC(1115)   Post Evacuate Collection Set: 0.44ms
[478.900s][info][gc,phases      ] GC(1115)   Other: 0.08ms
[478.900s][info][gc,heap        ] GC(1115) Eden regions: 254->0(260)
[478.900s][info][gc,heap        ] GC(1115) Survivor regions: 6->7(33)
[478.900s][info][gc,heap        ] GC(1115) Old regions: 647->647
[478.900s][info][gc,heap        ] GC(1115) Humongous regions: 7->7
[478.900s][info][gc,metaspace   ] GC(1115) Metaspace: 19037K(19200K)->19037K(19200K) NonClass: 16369K(16448K)->16369K(16448K) Class: 2667K(2752K)->2667K(2752K)
[478.900s][info][gc             ] GC(1115) Pause Young (Normal) (G1 Evacuation Pause) 912M->659M(978M) 10.630ms
[478.900s][info][gc,cpu         ] GC(1115) User=0.02s Sys=0.00s Real=0.01s
[479.267s][info][gc,start       ] GC(1116) Pause Young (Normal) (G1 Evacuation Pause)
[479.267s][info][gc,task        ] GC(1116) Using 2 workers of 2 for evacuation
[479.297s][info][gc,phases      ] GC(1116)   Pre Evacuate Collection Set: 0.49ms
[479.297s][info][gc,phases      ] GC(1116)   Merge Heap Roots: 0.24ms
[479.297s][info][gc,phases      ] GC(1116)   Evacuate Collection Set: 28.17ms
[479.297s][info][gc,phases      ] GC(1116)   Post Evacuate Collection Set: 0.48ms
[479.297s][info][gc,phases      ] GC(1116)   Other: 0.10ms
[479.297s][info][gc,heap        ] GC(1116) Eden regions: 260->0(228)
[479.297s][info][gc,heap        ] GC(1116) Survivor regions: 7->23(34)
[479.297s][info][gc,heap        ] GC(1116) Old regions: 647->647
[479.297s][info][gc,heap        ] GC(1116) Humongous regions: 7->7
[479.297s][info][gc,metaspace   ] GC(1116) Metaspace: 19037K(19200K)->19037K(19200K) NonClass: 16370K(16448K)->16370K(16448K) Class: 2667K(2752K)->2667K(2752K)
[479.297s][info][gc             ] GC(1116) Pause Young (Normal) (G1 Evacuation Pause) 919M->676M(978M) 29.667ms
[479.297s][info][gc,cpu         ] GC(1116) User=0.06s Sys=0.00s Real=0.03s
[479.657s][info][gc,marking     ] GC(1112) Concurrent Mark From Roots 1625.989ms
[479.657s][info][gc,marking     ] GC(1112) Concurrent Preclean
[479.657s][info][gc,marking     ] GC(1112) Concurrent Preclean 0.039ms
[479.657s][info][gc,start       ] GC(1112) Pause Remark
[479.665s][info][gc             ] GC(1112) Pause Remark 824M->824M(978M) 7.738ms
[479.665s][info][gc,cpu         ] GC(1112) User=0.01s Sys=0.00s Real=0.01s
[479.665s][info][gc,marking     ] GC(1112) Concurrent Mark 1634.049ms
[479.665s][info][gc,marking     ] GC(1112) Concurrent Rebuild Remembered Sets and Scrub Regions
[479.799s][info][gc,start       ] GC(1117) Pause Young (Normal) (G1 Evacuation Pause)
[479.799s][info][gc,task        ] GC(1117) Using 2 workers of 2 for evacuation
[479.864s][info][gc,phases      ] GC(1117)   Pre Evacuate Collection Set: 0.46ms
[479.864s][info][gc,phases      ] GC(1117)   Merge Heap Roots: 0.44ms
[479.864s][info][gc,phases      ] GC(1117)   Evacuate Collection Set: 63.45ms
[479.864s][info][gc,phases      ] GC(1117)   Post Evacuate Collection Set: 0.56ms
[479.864s][info][gc,phases      ] GC(1117)   Other: 0.08ms
[479.864s][info][gc,heap        ] GC(1117) Eden regions: 228->0(202)
[479.864s][info][gc,heap        ] GC(1117) Survivor regions: 23->23(32)
[479.864s][info][gc,heap        ] GC(1117) Old regions: 647->670
[479.864s][info][gc,heap        ] GC(1117) Humongous regions: 10->10
[479.864s][info][gc,metaspace   ] GC(1117) Metaspace: 19037K(19200K)->19037K(19200K) NonClass: 16370K(16448K)->16370K(16448K) Class: 2667K(2752K)->2667K(2752K)
[479.864s][info][gc             ] GC(1117) Pause Young (Normal) (G1 Evacuation Pause) 907M->702M(978M) 65.286ms
[479.864s][info][gc,cpu         ] GC(1117) User=0.13s Sys=0.00s Real=0.07s
[480.274s][info][gc,marking     ] GC(1112) Concurrent Rebuild Remembered Sets and Scrub Regions 609.034ms
[480.274s][info][gc,start       ] GC(1112) Pause Cleanup
[480.274s][info][gc             ] GC(1112) Pause Cleanup 887M->887M(978M) 0.102ms
[480.274s][info][gc,cpu         ] GC(1112) User=0.00s Sys=0.00s Real=0.00s
[480.274s][info][gc,marking     ] GC(1112) Concurrent Clear Claimed Marks
[480.274s][info][gc,marking     ] GC(1112) Concurrent Clear Claimed Marks 0.031ms
[480.274s][info][gc,marking     ] GC(1112) Concurrent Cleanup for Next Mark
[480.277s][info][gc,marking     ] GC(1112) Concurrent Cleanup for Next Mark 2.805ms
[480.277s][info][gc             ] GC(1112) Concurrent Mark Cycle 2375.882ms
[480.300s][info][gc,start       ] GC(1118) Pause Young (Prepare Mixed) (G1 Evacuation Pause)
[480.300s][info][gc,task        ] GC(1118) Using 2 workers of 2 for evacuation
[480.365s][info][gc,phases      ] GC(1118)   Pre Evacuate Collection Set: 0.46ms
[480.365s][info][gc,phases      ] GC(1118)   Merge Heap Roots: 0.54ms
[480.365s][info][gc,phases      ] GC(1118)   Evacuate Collection Set: 63.43ms
[480.365s][info][gc,phases      ] GC(1118)   Post Evacuate Collection Set: 0.51ms
[480.365s][info][gc,phases      ] GC(1118)   Other: 0.09ms
[480.365s][info][gc,heap        ] GC(1118) Eden regions: 202->0(177)
[480.365s][info][gc,heap        ] GC(1118) Survivor regions: 23->24(29)
[480.365s][info][gc,heap        ] GC(1118) Old regions: 670->693
[480.365s][info][gc,heap        ] GC(1118) Humongous regions: 10->10
[480.365s][info][gc,metaspace   ] GC(1118) Metaspace: 19037K(19200K)->19037K(19200K) NonClass: 16370K(16448K)->16370K(16448K) Class: 2667K(2752K)->2667K(2752K)
[480.365s][info][gc             ] GC(1118) Pause Young (Prepare Mixed) (G1 Evacuation Pause) 904M->725M(978M) 65.185ms
[480.365s][info][gc,cpu         ] GC(1118) User=0.13s Sys=0.00s Real=0.07s
[480.597s][info][gc,start       ] GC(1119) Pause Young (Mixed) (G1 Evacuation Pause)
[480.597s][info][gc,task        ] GC(1119) Using 2 workers of 2 for evacuation
[480.651s][info][gc,phases      ] GC(1119)   Pre Evacuate Collection Set: 0.52ms
[480.651s][info][gc,phases      ] GC(1119)   Merge Heap Roots: 0.47ms
[480.651s][info][gc,phases      ] GC(1119)   Evacuate Collection Set: 51.86ms
[480.651s][info][gc,phases      ] GC(1119)   Post Evacuate Collection Set: 0.47ms
[480.651s][info][gc,phases      ] GC(1119)   Other: 0.09ms
[480.651s][info][gc,heap        ] GC(1119) Eden regions: 177->0(179)
[480.651s][info][gc,heap        ] GC(1119) Survivor regions: 24->15(26)
[480.651s][info][gc,heap        ] GC(1119) Old regions: 693->709
[480.651s][info][gc,heap        ] GC(1119) Humongous regions: 10->10
[480.651s][info][gc,metaspace   ] GC(1119) Metaspace: 19037K(19200K)->19037K(19200K) NonClass: 16370K(16448K)->16370K(16448K) Class: 2667K(2752K)->2667K(2752K)
[480.651s][info][gc             ] GC(1119) Pause Young (Mixed) (G1 Evacuation Pause) 902M->733M(978M) 53.651ms
[480.651s][info][gc,cpu         ] GC(1119) User=0.10s Sys=0.00s Real=0.05s
[480.887s][info][gc,start       ] GC(1120) Pause Young (Concurrent Start) (G1 Evacuation Pause)
[480.887s][info][gc,task        ] GC(1120) Using 2 workers of 2 for evacuation
[480.911s][info][gc,phases      ] GC(1120)   Pre Evacuate Collection Set: 0.31ms
[480.911s][info][gc,phases      ] GC(1120)   Merge Heap Roots: 0.24ms
[480.911s][info][gc,phases      ] GC(1120)   Evacuate Collection Set: 23.02ms
[480.911s][info][gc,phases      ] GC(1120)   Post Evacuate Collection Set: 0.44ms
[480.911s][info][gc,phases      ] GC(1120)   Other: 0.12ms
[480.911s][info][gc,heap        ] GC(1120) Eden regions: 179->0(186)
[480.911s][info][gc,heap        ] GC(1120) Survivor regions: 15->4(25)
[480.911s][info][gc,heap        ] GC(1120) Old regions: 709->724
[480.911s][info][gc,heap        ] GC(1120) Humongous regions: 10->10
[480.911s][info][gc,metaspace   ] GC(1120) Metaspace: 19037K(19200K)->19037K(19200K) NonClass: 16370K(16448K)->16370K(16448K) Class: 2667K(2752K)->2667K(2752K)
[480.911s][info][gc             ] GC(1120) Pause Young (Concurrent Start) (G1 Evacuation Pause) 912M->737M(978M) 24.359ms
[480.911s][info][gc,cpu         ] GC(1120) User=0.05s Sys=0.00s Real=0.02s
[480.911s][info][gc             ] GC(1121) Concurrent Mark Cycle
[480.911s][info][gc,marking     ] GC(1121) Concurrent Scan Root Regions
[480.947s][info][gc,marking     ] GC(1121) Concurrent Scan Root Regions 35.532ms
[480.947s][info][gc,marking     ] GC(1121) Concurrent Mark
[480.947s][info][gc,marking     ] GC(1121) Concurrent Mark From Roots
[480.947s][info][gc,task        ] GC(1121) Using 1 workers of 1 for marking
[481.087s][info][gc,start       ] GC(1122) Pause Young (Normal) (G1 Evacuation Pause)
[481.087s][info][gc,task        ] GC(1122) Using 2 workers of 2 for evacuation
[481.093s][info][gc,phases      ] GC(1122)   Pre Evacuate Collection Set: 0.52ms
[481.093s][info][gc,phases      ] GC(1122)   Merge Heap Roots: 0.15ms
[481.093s][info][gc,phases      ] GC(1122)   Evacuate Collection Set: 4.81ms
[481.093s][info][gc,phases      ] GC(1122)   Post Evacuate Collection Set: 0.41ms
[481.093s][info][gc,phases      ] GC(1122)   Other: 0.09ms
[481.093s][info][gc,heap        ] GC(1122) Eden regions: 186->0(186)
[481.093s][info][gc,heap        ] GC(1122) Survivor regions: 4->4(24)
[481.093s][info][gc,heap        ] GC(1122) Old regions: 724->724
[481.093s][info][gc,heap        ] GC(1122) Humongous regions: 10->10
[481.093s][info][gc,metaspace   ] GC(1122) Metaspace: 19037K(19200K)->19037K(19200K) NonClass: 16370K(16448K)->16370K(16448K) Class: 2667K(2752K)->2667K(2752K)
[481.093s][info][gc             ] GC(1122) Pause Young (Normal) (G1 Evacuation Pause) 923M->737M(978M) 6.180ms
[481.093s][info][gc,cpu         ] GC(1122) User=0.01s Sys=0.00s Real=0.01s
[481.609s][info][gc,start       ] GC(1123) Pause Young (Normal) (G1 Evacuation Pause)
[481.609s][info][gc,task        ] GC(1123) Using 2 workers of 2 for evacuation
[481.625s][info][gc,phases      ] GC(1123)   Pre Evacuate Collection Set: 0.29ms
[481.625s][info][gc,phases      ] GC(1123)   Merge Heap Roots: 0.20ms
[481.625s][info][gc,phases      ] GC(1123)   Evacuate Collection Set: 15.11ms
[481.625s][info][gc,phases      ] GC(1123)   Post Evacuate Collection Set: 0.46ms
[481.626s][info][gc,phases      ] GC(1123)   Other: 0.10ms
[481.626s][info][gc,heap        ] GC(1123) Eden regions: 186->0(172)
[481.626s][info][gc,heap        ] GC(1123) Survivor regions: 4->11(24)
[481.626s][info][gc,heap        ] GC(1123) Old regions: 724->724
[481.626s][info][gc,heap        ] GC(1123) Humongous regions: 10->10
[481.626s][info][gc,metaspace   ] GC(1123) Metaspace: 19037K(19200K)->19037K(19200K) NonClass: 16370K(16448K)->16370K(16448K) Class: 2667K(2752K)->2667K(2752K)
[481.626s][info][gc             ] GC(1123) Pause Young (Normal) (G1 Evacuation Pause) 923M->744M(978M) 16.417ms
[481.626s][info][gc,cpu         ] GC(1123) User=0.03s Sys=0.00s Real=0.02s
[482.252s][info][gc,start       ] GC(1124) Pause Young (Normal) (G1 Evacuation Pause)
[482.253s][info][gc,task        ] GC(1124) Using 2 workers of 2 for evacuation
[482.266s][info][gc,phases      ] GC(1124)   Pre Evacuate Collection Set: 0.53ms
[482.266s][info][gc,phases      ] GC(1124)   Merge Heap Roots: 0.18ms
[482.266s][info][gc,phases      ] GC(1124)   Evacuate Collection Set: 12.65ms
[482.266s][info][gc,phases      ] GC(1124)   Post Evacuate Collection Set: 0.40ms
[482.266s][info][gc,phases      ] GC(1124)   Other: 0.09ms
[482.266s][info][gc,heap        ] GC(1124) Eden regions: 172->0(172)
[482.266s][info][gc,heap        ] GC(1124) Survivor regions: 11->11(23)
[482.267s][info][gc,heap        ] GC(1124) Old regions: 724->724
[482.267s][info][gc,heap        ] GC(1124) Humongous regions: 10->10
[482.267s][info][gc,metaspace   ] GC(1124) Metaspace: 19040K(19200K)->19040K(19200K) NonClass: 16373K(16448K)->16373K(16448K) Class: 2667K(2752K)->2667K(2752K)
[482.267s][info][gc             ] GC(1124) Pause Young (Normal) (G1 Evacuation Pause) 916M->744M(978M) 14.109ms
[482.267s][info][gc,cpu         ] GC(1124) User=0.03s Sys=0.00s Real=0.02s
[483.008s][info][gc,marking     ] GC(1121) Concurrent Mark From Roots 2060.721ms
[483.008s][info][gc,marking     ] GC(1121) Concurrent Preclean
[483.008s][info][gc,marking     ] GC(1121) Concurrent Preclean 0.040ms
[483.008s][info][gc,start       ] GC(1121) Pause Remark
[483.016s][info][gc             ] GC(1121) Pause Remark 866M->865M(978M) 7.742ms
[483.016s][info][gc,cpu         ] GC(1121) User=0.02s Sys=0.00s Real=0.01s
[483.018s][info][gc,marking     ] GC(1121) Concurrent Mark 2070.941ms
[483.018s][info][gc,marking     ] GC(1121) Concurrent Rebuild Remembered Sets and Scrub Regions
[483.323s][info][gc,start       ] GC(1125) Pause Young (Normal) (G1 Evacuation Pause)
[483.323s][info][gc,task        ] GC(1125) Using 2 workers of 2 for evacuation
[483.339s][info][gc,phases      ] GC(1125)   Pre Evacuate Collection Set: 0.49ms
[483.339s][info][gc,phases      ] GC(1125)   Merge Heap Roots: 0.25ms
[483.339s][info][gc,phases      ] GC(1125)   Evacuate Collection Set: 14.83ms
[483.339s][info][gc,phases      ] GC(1125)   Post Evacuate Collection Set: 0.40ms
[483.339s][info][gc,phases      ] GC(1125)   Other: 0.10ms
[483.339s][info][gc,heap        ] GC(1125) Eden regions: 172->0(173)
[483.339s][info][gc,heap        ] GC(1125) Survivor regions: 11->11(23)
[483.339s][info][gc,heap        ] GC(1125) Old regions: 724->724
[483.339s][info][gc,heap        ] GC(1125) Humongous regions: 9->9
[483.339s][info][gc,metaspace   ] GC(1125) Metaspace: 19040K(19200K)->19040K(19200K) NonClass: 16373K(16448K)->16373K(16448K) Class: 2667K(2752K)->2667K(2752K)
[483.339s][info][gc             ] GC(1125) Pause Young (Normal) (G1 Evacuation Pause) 915M->743M(978M) 16.274ms
[483.339s][info][gc,cpu         ] GC(1125) User=0.03s Sys=0.00s Real=0.02s
[483.725s][info][gc,marking     ] GC(1121) Concurrent Rebuild Remembered Sets and Scrub Regions 707.414ms
[483.726s][info][gc,start       ] GC(1121) Pause Cleanup
[483.726s][info][gc             ] GC(1121) Pause Cleanup 783M->783M(978M) 0.117ms
[483.726s][info][gc,cpu         ] GC(1121) User=0.00s Sys=0.00s Real=0.00s
[483.726s][info][gc,marking     ] GC(1121) Concurrent Clear Claimed Marks
[483.726s][info][gc,marking     ] GC(1121) Concurrent Clear Claimed Marks 0.042ms
[483.726s][info][gc,marking     ] GC(1121) Concurrent Cleanup for Next Mark
[483.729s][info][gc,marking     ] GC(1121) Concurrent Cleanup for Next Mark 2.864ms
[483.729s][info][gc             ] GC(1121) Concurrent Mark Cycle 2817.372ms
[484.042s][info][gc,start       ] GC(1126) Pause Young (Prepare Mixed) (G1 Evacuation Pause)
[484.042s][info][gc,task        ] GC(1126) Using 2 workers of 2 for evacuation
[484.078s][info][gc,phases      ] GC(1126)   Pre Evacuate Collection Set: 0.56ms
[484.078s][info][gc,phases      ] GC(1126)   Merge Heap Roots: 0.29ms
[484.078s][info][gc,phases      ] GC(1126)   Evacuate Collection Set: 34.89ms
[484.078s][info][gc,phases      ] GC(1126)   Post Evacuate Collection Set: 0.51ms
[484.078s][info][gc,phases      ] GC(1126)   Other: 0.10ms
[484.078s][info][gc,heap        ] GC(1126) Eden regions: 173->0(140)
[484.078s][info][gc,heap        ] GC(1126) Survivor regions: 11->23(23)
[484.078s][info][gc,heap        ] GC(1126) Old regions: 724->733
[484.078s][info][gc,heap        ] GC(1126) Humongous regions: 9->9
[484.079s][info][gc,metaspace   ] GC(1126) Metaspace: 19040K(19200K)->19040K(19200K) NonClass: 16373K(16448K)->16373K(16448K) Class: 2667K(2752K)->2667K(2752K)
[484.079s][info][gc             ] GC(1126) Pause Young (Prepare Mixed) (G1 Evacuation Pause) 916M->764M(978M) 36.608ms
[484.079s][info][gc,cpu         ] GC(1126) User=0.07s Sys=0.00s Real=0.04s
[484.303s][info][gc,start       ] GC(1127) Pause Young (Mixed) (G1 Evacuation Pause)
[484.303s][info][gc,task        ] GC(1127) Using 2 workers of 2 for evacuation
[484.340s][info][gc,phases      ] GC(1127)   Pre Evacuate Collection Set: 0.34ms
[484.340s][info][gc,phases      ] GC(1127)   Merge Heap Roots: 0.41ms
[484.340s][info][gc,phases      ] GC(1127)   Evacuate Collection Set: 35.68ms
[484.340s][info][gc,phases      ] GC(1127)   Post Evacuate Collection Set: 0.40ms
[484.340s][info][gc,phases      ] GC(1127)   Other: 0.07ms
[484.340s][info][gc,heap        ] GC(1127) Eden regions: 140->0(167)
[484.340s][info][gc,heap        ] GC(1127) Survivor regions: 23->1(21)
[484.340s][info][gc,heap        ] GC(1127) Old regions: 733->750
[484.340s][info][gc,heap        ] GC(1127) Humongous regions: 9->9
[484.340s][info][gc,metaspace   ] GC(1127) Metaspace: 19040K(19200K)->19040K(19200K) NonClass: 16373K(16448K)->16373K(16448K) Class: 2667K(2752K)->2667K(2752K)
[484.340s][info][gc             ] GC(1127) Pause Young (Mixed) (G1 Evacuation Pause) 904M->759M(978M) 37.123ms
[484.340s][info][gc,cpu         ] GC(1127) User=0.08s Sys=0.00s Real=0.03s
[484.596s][info][gc,start       ] GC(1128) Pause Young (Concurrent Start) (G1 Evacuation Pause)
[484.596s][info][gc,task        ] GC(1128) Using 2 workers of 2 for evacuation
[484.598s][info][gc,phases      ] GC(1128)   Pre Evacuate Collection Set: 0.33ms
[484.598s][info][gc,phases      ] GC(1128)   Merge Heap Roots: 0.10ms
[484.598s][info][gc,phases      ] GC(1128)   Evacuate Collection Set: 0.98ms
[484.598s][info][gc,phases      ] GC(1128)   Post Evacuate Collection Set: 0.39ms
[484.598s][info][gc,phases      ] GC(1128)   Other: 0.11ms
[484.598s][info][gc,heap        ] GC(1128) Eden regions: 167->0(167)
[484.598s][info][gc,heap        ] GC(1128) Survivor regions: 1->1(21)
[484.598s][info][gc,heap        ] GC(1128) Old regions: 750->750
[484.598s][info][gc,heap        ] GC(1128) Humongous regions: 9->9
[484.598s][info][gc,metaspace   ] GC(1128) Metaspace: 19040K(19200K)->19040K(19200K) NonClass: 16373K(16448K)->16373K(16448K) Class: 2667K(2752K)->2667K(2752K)
[484.598s][info][gc             ] GC(1128) Pause Young (Concurrent Start) (G1 Evacuation Pause) 926M->759M(978M) 2.142ms
[484.598s][info][gc,cpu         ] GC(1128) User=0.01s Sys=0.00s Real=0.00s
[484.598s][info][gc             ] GC(1129) Concurrent Mark Cycle
[484.598s][info][gc,marking     ] GC(1129) Concurrent Scan Root Regions
[484.600s][info][gc,marking     ] GC(1129) Concurrent Scan Root Regions 2.414ms
[484.600s][info][gc,marking     ] GC(1129) Concurrent Mark
[484.600s][info][gc,marking     ] GC(1129) Concurrent Mark From Roots
[484.600s][info][gc,task        ] GC(1129) Using 1 workers of 1 for marking
[485.828s][info][gc,marking     ] GC(1129) Concurrent Mark From Roots 1228.082ms
[485.828s][info][gc,marking     ] GC(1129) Concurrent Preclean
[485.828s][info][gc,marking     ] GC(1129) Concurrent Preclean 0.038ms
[485.829s][info][gc,start       ] GC(1129) Pause Remark
[485.837s][info][gc             ] GC(1129) Pause Remark 918M->687M(978M) 7.967ms
[485.837s][info][gc,cpu         ] GC(1129) User=0.02s Sys=0.00s Real=0.01s
[485.837s][info][gc,marking     ] GC(1129) Concurrent Mark 1236.377ms
[485.837s][info][gc,marking     ] GC(1129) Concurrent Rebuild Remembered Sets and Scrub Regions
[485.890s][info][gc,start       ] GC(1130) Pause Young (Normal) (G1 Evacuation Pause)
[485.890s][info][gc,task        ] GC(1130) Using 2 workers of 2 for evacuation
[485.896s][info][gc,phases      ] GC(1130)   Pre Evacuate Collection Set: 0.26ms
[485.896s][info][gc,phases      ] GC(1130)   Merge Heap Roots: 0.11ms
[485.896s][info][gc,phases      ] GC(1130)   Evacuate Collection Set: 4.99ms
[485.896s][info][gc,phases      ] GC(1130)   Post Evacuate Collection Set: 0.36ms
[485.896s][info][gc,phases      ] GC(1130)   Other: 0.09ms
[485.896s][info][gc,heap        ] GC(1130) Eden regions: 167->0(386)
[485.896s][info][gc,heap        ] GC(1130) Survivor regions: 1->7(21)
[485.896s][info][gc,heap        ] GC(1130) Old regions: 523->523
[485.896s][info][gc,heap        ] GC(1130) Humongous regions: 5->5
[485.896s][info][gc,metaspace   ] GC(1130) Metaspace: 19045K(19200K)->19045K(19200K) NonClass: 16378K(16448K)->16378K(16448K) Class: 2667K(2752K)->2667K(2752K)
[485.896s][info][gc             ] GC(1130) Pause Young (Normal) (G1 Evacuation Pause) 695M->534M(978M) 6.013ms
[485.896s][info][gc,cpu         ] GC(1130) User=0.01s Sys=0.00s Real=0.01s
[486.145s][info][gc,marking     ] GC(1129) Concurrent Rebuild Remembered Sets and Scrub Regions 308.324ms
[486.145s][info][gc,start       ] GC(1129) Pause Cleanup
[486.145s][info][gc             ] GC(1129) Pause Cleanup 569M->569M(978M) 0.127ms
[486.145s][info][gc,cpu         ] GC(1129) User=0.00s Sys=0.00s Real=0.00s
[486.145s][info][gc,marking     ] GC(1129) Concurrent Clear Claimed Marks
[486.145s][info][gc,marking     ] GC(1129) Concurrent Clear Claimed Marks 0.037ms
[486.145s][info][gc,marking     ] GC(1129) Concurrent Cleanup for Next Mark
[486.148s][info][gc,marking     ] GC(1129) Concurrent Cleanup for Next Mark 2.954ms
[486.148s][info][gc             ] GC(1129) Concurrent Mark Cycle 1550.634ms
[487.045s][info][gc,start       ] GC(1131) Pause Young (Prepare Mixed) (G1 Evacuation Pause)
[487.045s][info][gc,task        ] GC(1131) Using 2 workers of 2 for evacuation
[487.049s][info][gc,phases      ] GC(1131)   Pre Evacuate Collection Set: 0.29ms
[487.050s][info][gc,phases      ] GC(1131)   Merge Heap Roots: 0.16ms
[487.050s][info][gc,phases      ] GC(1131)   Evacuate Collection Set: 3.45ms
[487.050s][info][gc,phases      ] GC(1131)   Post Evacuate Collection Set: 0.61ms
[487.050s][info][gc,phases      ] GC(1131)   Other: 0.10ms
[487.050s][info][gc,heap        ] GC(1131) Eden regions: 386->0(394)
[487.050s][info][gc,heap        ] GC(1131) Survivor regions: 7->3(50)
[487.050s][info][gc,heap        ] GC(1131) Old regions: 523->523
[487.050s][info][gc,heap        ] GC(1131) Humongous regions: 5->5
[487.050s][info][gc,metaspace   ] GC(1131) Metaspace: 19049K(19200K)->19049K(19200K) NonClass: 16382K(16448K)->16382K(16448K) Class: 2667K(2752K)->2667K(2752K)
[487.050s][info][gc             ] GC(1131) Pause Young (Prepare Mixed) (G1 Evacuation Pause) 920M->530M(978M) 4.800ms
[487.050s][info][gc,cpu         ] GC(1131) User=0.00s Sys=0.00s Real=0.00s
[487.429s][info][gc,start       ] GC(1132) Pause Young (Mixed) (G1 Evacuation Pause)
[487.429s][info][gc,task        ] GC(1132) Using 2 workers of 2 for evacuation
[487.604s][info][gc,phases      ] GC(1132)   Pre Evacuate Collection Set: 0.33ms
[487.604s][info][gc,phases      ] GC(1132)   Merge Heap Roots: 0.21ms
[487.604s][info][gc,phases      ] GC(1132)   Evacuate Collection Set: 142.81ms
[487.604s][info][gc,phases      ] GC(1132)   Post Evacuate Collection Set: 31.08ms
[487.604s][info][gc,phases      ] GC(1132)   Other: 0.11ms
[487.604s][info][gc,heap        ] GC(1132) Eden regions: 394->0(0)
[487.604s][info][gc,heap        ] GC(1132) Survivor regions: 3->50(50)
[487.604s][info][gc,heap        ] GC(1132) Old regions: 523->853
[487.604s][info][gc,heap        ] GC(1132) Humongous regions: 5->5
[487.604s][info][gc,metaspace   ] GC(1132) Metaspace: 19054K(19200K)->19054K(19200K) NonClass: 16387K(16448K)->16387K(16448K) Class: 2667K(2752K)->2667K(2752K)
[487.604s][info][gc             ] GC(1132) Pause Young (Mixed) (G1 Evacuation Pause) (Evacuation Failure: Allocation) 924M->907M(978M) 174.810ms
[487.604s][info][gc,cpu         ] GC(1132) User=0.35s Sys=0.00s Real=0.18s
[487.604s][info][gc,ergo        ] Attempting full compaction
[487.604s][info][gc,start       ] GC(1133) Pause Full (G1 Compaction Pause)
[487.604s][info][gc,task        ] GC(1133) Using 2 workers of 2 for full compaction
[487.604s][info][gc,phases,start] GC(1133) Phase 1: Mark live objects
[487.716s][info][gc,phases      ] GC(1133) Phase 1: Mark live objects 111.841ms
[487.716s][info][gc,phases,start] GC(1133) Phase 2: Prepare compaction
[487.740s][info][gc,phases      ] GC(1133) Phase 2: Prepare compaction 23.686ms
[487.740s][info][gc,phases,start] GC(1133) Phase 3: Adjust pointers
[487.796s][info][gc,phases      ] GC(1133) Phase 3: Adjust pointers 56.448ms
[487.797s][info][gc,phases,start] GC(1133) Phase 4: Compact heap
[487.826s][info][gc,phases      ] GC(1133) Phase 4: Compact heap 29.362ms
[487.826s][info][gc,phases,start] GC(1133) Phase 5: Reset Metadata
[487.837s][info][gc,phases      ] GC(1133) Phase 5: Reset Metadata 10.957ms
[487.845s][info][gc,heap        ] GC(1133) Eden regions: 0->0(295)
[487.845s][info][gc,heap        ] GC(1133) Survivor regions: 50->0(50)
[487.845s][info][gc,heap        ] GC(1133) Old regions: 853->152
[487.845s][info][gc,heap        ] GC(1133) Humongous regions: 5->0
[487.845s][info][gc,metaspace   ] GC(1133) Metaspace: 19054K(19200K)->19054K(19200K) NonClass: 16387K(16448K)->16387K(16448K) Class: 2667K(2752K)->2667K(2752K)
[487.845s][info][gc             ] GC(1133) Pause Full (G1 Compaction Pause) 907M->150M(507M) 240.429ms
[487.845s][info][gc,cpu         ] GC(1133) User=0.47s Sys=0.00s Real=0.24s
[488.004s][info][gc,start       ] GC(1134) Pause Young (Concurrent Start) (G1 Humongous Allocation)
[488.004s][info][gc,task        ] GC(1134) Using 2 workers of 2 for evacuation
[488.060s][info][gc,phases      ] GC(1134)   Pre Evacuate Collection Set: 0.25ms
[488.060s][info][gc,phases      ] GC(1134)   Merge Heap Roots: 1.21ms
[488.060s][info][gc,phases      ] GC(1134)   Evacuate Collection Set: 53.37ms
[488.060s][info][gc,phases      ] GC(1134)   Post Evacuate Collection Set: 0.66ms
[488.060s][info][gc,phases      ] GC(1134)   Other: 0.09ms
[488.060s][info][gc,heap        ] GC(1134) Eden regions: 71->0(216)
[488.060s][info][gc,heap        ] GC(1134) Survivor regions: 0->24(37)
[488.060s][info][gc,heap        ] GC(1134) Old regions: 152->152
[488.060s][info][gc,heap        ] GC(1134) Humongous regions: 0->0
[488.060s][info][gc,metaspace   ] GC(1134) Metaspace: 19059K(19200K)->19059K(19200K) NonClass: 16391K(16448K)->16391K(16448K) Class: 2667K(2752K)->2667K(2752K)
[488.060s][info][gc             ] GC(1134) Pause Young (Concurrent Start) (G1 Humongous Allocation) 221M->174M(507M) 55.784ms
[488.060s][info][gc,cpu         ] GC(1134) User=0.11s Sys=0.00s Real=0.05s
[488.060s][info][gc             ] GC(1135) Concurrent Mark Cycle
[488.060s][info][gc,marking     ] GC(1135) Concurrent Scan Root Regions
[488.151s][info][gc,marking     ] GC(1135) Concurrent Scan Root Regions 90.505ms
[488.151s][info][gc,marking     ] GC(1135) Concurrent Mark
[488.151s][info][gc,marking     ] GC(1135) Concurrent Mark From Roots
[488.151s][info][gc,task        ] GC(1135) Using 1 workers of 1 for marking
[488.503s][info][gc,start       ] GC(1136) Pause Young (Normal) (G1 Evacuation Pause)
[488.503s][info][gc,task        ] GC(1136) Using 2 workers of 2 for evacuation
[488.602s][info][gc,phases      ] GC(1136)   Pre Evacuate Collection Set: 0.23ms
[488.602s][info][gc,phases      ] GC(1136)   Merge Heap Roots: 0.78ms
[488.602s][info][gc,phases      ] GC(1136)   Evacuate Collection Set: 97.61ms
[488.602s][info][gc,phases      ] GC(1136)   Post Evacuate Collection Set: 0.48ms
[488.602s][info][gc,phases      ] GC(1136)   Other: 0.07ms
[488.602s][info][gc,heap        ] GC(1136) Eden regions: 216->0(187)
[488.602s][info][gc,heap        ] GC(1136) Survivor regions: 24->30(30)
[488.602s][info][gc,heap        ] GC(1136) Old regions: 152->183
[488.602s][info][gc,heap        ] GC(1136) Humongous regions: 4->4
[488.602s][info][gc,metaspace   ] GC(1136) Metaspace: 19060K(19200K)->19060K(19200K) NonClass: 16393K(16448K)->16393K(16448K) Class: 2667K(2752K)->2667K(2752K)
[488.602s][info][gc             ] GC(1136) Pause Young (Normal) (G1 Evacuation Pause) 394M->215M(507M) 99.412ms
[488.602s][info][gc,cpu         ] GC(1136) User=0.20s Sys=0.00s Real=0.09s
[488.783s][info][gc,marking     ] GC(1135) Concurrent Mark From Roots 632.277ms
[488.783s][info][gc,marking     ] GC(1135) Concurrent Preclean
[488.783s][info][gc,marking     ] GC(1135) Concurrent Preclean 0.034ms
[488.784s][info][gc,start       ] GC(1135) Pause Remark
[488.791s][info][gc             ] GC(1135) Pause Remark 376M->376M(507M) 7.811ms
[488.791s][info][gc,cpu         ] GC(1135) User=0.02s Sys=0.00s Real=0.00s
[488.792s][info][gc,marking     ] GC(1135) Concurrent Mark 641.189ms
[488.792s][info][gc,marking     ] GC(1135) Concurrent Rebuild Remembered Sets and Scrub Regions
[488.811s][info][gc,start       ] GC(1137) Pause Young (Normal) (G1 Evacuation Pause)
[488.811s][info][gc,task        ] GC(1137) Using 2 workers of 2 for evacuation
[488.861s][info][gc,phases      ] GC(1137)   Pre Evacuate Collection Set: 0.28ms
[488.861s][info][gc,phases      ] GC(1137)   Merge Heap Roots: 0.16ms
[488.861s][info][gc,phases      ] GC(1137)   Evacuate Collection Set: 48.64ms
[488.861s][info][gc,phases      ] GC(1137)   Post Evacuate Collection Set: 0.38ms
[488.861s][info][gc,phases      ] GC(1137)   Other: 0.06ms
[488.861s][info][gc,heap        ] GC(1137) Eden regions: 187->0(190)
[488.861s][info][gc,heap        ] GC(1137) Survivor regions: 30->11(28)
[488.861s][info][gc,heap        ] GC(1137) Old regions: 183->213
[488.861s][info][gc,heap        ] GC(1137) Humongous regions: 4->4
[488.861s][info][gc,metaspace   ] GC(1137) Metaspace: 19060K(19200K)->19060K(19200K) NonClass: 16393K(16448K)->16393K(16448K) Class: 2667K(2752K)->2667K(2752K)
[488.861s][info][gc             ] GC(1137) Pause Young (Normal) (G1 Evacuation Pause) 402M->226M(507M) 49.706ms
[488.861s][info][gc,cpu         ] GC(1137) User=0.10s Sys=0.00s Real=0.05s
[489.046s][info][gc,marking     ] GC(1135) Concurrent Rebuild Remembered Sets and Scrub Regions 254.087ms
[489.047s][info][gc,start       ] GC(1135) Pause Cleanup
[489.047s][info][gc             ] GC(1135) Pause Cleanup 376M->376M(507M) 0.083ms
[489.047s][info][gc,cpu         ] GC(1135) User=0.00s Sys=0.00s Real=0.00s
[489.047s][info][gc,marking     ] GC(1135) Concurrent Clear Claimed Marks
[489.047s][info][gc,marking     ] GC(1135) Concurrent Clear Claimed Marks 0.041ms
[489.047s][info][gc,marking     ] GC(1135) Concurrent Cleanup for Next Mark
[489.048s][info][gc,marking     ] GC(1135) Concurrent Cleanup for Next Mark 1.499ms
[489.048s][info][gc             ] GC(1135) Concurrent Mark Cycle 987.857ms
[489.083s][info][gc,start       ] GC(1138) Pause Young (Prepare Mixed) (G1 Evacuation Pause)
[489.083s][info][gc,task        ] GC(1138) Using 2 workers of 2 for evacuation
[489.100s][info][gc,phases      ] GC(1138)   Pre Evacuate Collection Set: 0.24ms
[489.100s][info][gc,phases      ] GC(1138)   Merge Heap Roots: 0.16ms
[489.100s][info][gc,phases      ] GC(1138)   Evacuate Collection Set: 16.33ms
[489.100s][info][gc,phases      ] GC(1138)   Post Evacuate Collection Set: 0.41ms
[489.100s][info][gc,phases      ] GC(1138)   Other: 0.09ms
[489.100s][info][gc,heap        ] GC(1138) Eden regions: 190->0(200)
[489.100s][info][gc,heap        ] GC(1138) Survivor regions: 11->14(26)
[489.100s][info][gc,heap        ] GC(1138) Old regions: 213->213
[489.100s][info][gc,heap        ] GC(1138) Humongous regions: 4->4
[489.100s][info][gc,metaspace   ] GC(1138) Metaspace: 19060K(19200K)->19060K(19200K) NonClass: 16393K(16448K)->16393K(16448K) Class: 2667K(2752K)->2667K(2752K)
[489.100s][info][gc             ] GC(1138) Pause Young (Prepare Mixed) (G1 Evacuation Pause) 416M->229M(507M) 17.451ms
[489.100s][info][gc,cpu         ] GC(1138) User=0.03s Sys=0.00s Real=0.02s
[489.262s][info][gc,start       ] GC(1139) Pause Young (Mixed) (G1 Evacuation Pause)
[489.262s][info][gc,task        ] GC(1139) Using 2 workers of 2 for evacuation
[489.293s][info][gc,phases      ] GC(1139)   Pre Evacuate Collection Set: 0.24ms
[489.293s][info][gc,phases      ] GC(1139)   Merge Heap Roots: 0.19ms
[489.293s][info][gc,phases      ] GC(1139)   Evacuate Collection Set: 29.83ms
[489.293s][info][gc,phases      ] GC(1139)   Post Evacuate Collection Set: 0.40ms
[489.293s][info][gc,phases      ] GC(1139)   Other: 0.08ms
[489.293s][info][gc,heap        ] GC(1139) Eden regions: 200->0(195)
[489.293s][info][gc,heap        ] GC(1139) Survivor regions: 14->27(27)
[489.293s][info][gc,heap        ] GC(1139) Old regions: 213->213
[489.293s][info][gc,heap        ] GC(1139) Humongous regions: 4->4
[489.293s][info][gc,metaspace   ] GC(1139) Metaspace: 19060K(19200K)->19060K(19200K) NonClass: 16393K(16448K)->16393K(16448K) Class: 2667K(2752K)->2667K(2752K)
[489.293s][info][gc             ] GC(1139) Pause Young (Mixed) (G1 Evacuation Pause) 429M->242M(507M) 30.988ms
[489.293s][info][gc,cpu         ] GC(1139) User=0.06s Sys=0.00s Real=0.03s
[489.471s][info][gc,start       ] GC(1140) Pause Young (Concurrent Start) (G1 Evacuation Pause)
[489.472s][info][gc,task        ] GC(1140) Using 2 workers of 2 for evacuation
[489.543s][info][gc,phases      ] GC(1140)   Pre Evacuate Collection Set: 0.25ms
[489.543s][info][gc,phases      ] GC(1140)   Merge Heap Roots: 0.19ms
[489.543s][info][gc,phases      ] GC(1140)   Evacuate Collection Set: 69.48ms
[489.543s][info][gc,phases      ] GC(1140)   Post Evacuate Collection Set: 1.43ms
[489.543s][info][gc,phases      ] GC(1140)   Other: 0.18ms
[489.543s][info][gc,heap        ] GC(1140) Eden regions: 195->0(237)
[489.543s][info][gc,heap        ] GC(1140) Survivor regions: 27->28(28)
[489.543s][info][gc,heap        ] GC(1140) Old regions: 213->257
[489.543s][info][gc,heap        ] GC(1140) Humongous regions: 4->4
[489.543s][info][gc,metaspace   ] GC(1140) Metaspace: 19060K(19200K)->19060K(19200K) NonClass: 16393K(16448K)->16393K(16448K) Class: 2667K(2752K)->2667K(2752K)
[489.543s][info][gc             ] GC(1140) Pause Young (Concurrent Start) (G1 Evacuation Pause) 437M->288M(646M) 71.756ms
[489.543s][info][gc             ] GC(1141) Concurrent Mark Cycle
[489.543s][info][gc,marking     ] GC(1141) Concurrent Scan Root Regions
[489.545s][info][gc,cpu         ] GC(1140) User=0.14s Sys=0.00s Real=0.08s
[489.642s][info][gc,marking     ] GC(1141) Concurrent Scan Root Regions 98.483ms
[489.642s][info][gc,marking     ] GC(1141) Concurrent Mark
[489.642s][info][gc,marking     ] GC(1141) Concurrent Mark From Roots
[489.642s][info][gc,task        ] GC(1141) Using 1 workers of 1 for marking
[489.919s][info][gc,start       ] GC(1142) Pause Young (Normal) (G1 Evacuation Pause)
[489.919s][info][gc,task        ] GC(1142) Using 2 workers of 2 for evacuation
[489.973s][info][gc,phases      ] GC(1142)   Pre Evacuate Collection Set: 0.36ms
[489.973s][info][gc,phases      ] GC(1142)   Merge Heap Roots: 0.33ms
[489.973s][info][gc,phases      ] GC(1142)   Evacuate Collection Set: 53.16ms
[489.973s][info][gc,phases      ] GC(1142)   Post Evacuate Collection Set: 0.56ms
[489.973s][info][gc,phases      ] GC(1142)   Other: 0.08ms
[489.974s][info][gc,heap        ] GC(1142) Eden regions: 237->0(233)
[489.974s][info][gc,heap        ] GC(1142) Survivor regions: 28->18(34)
[489.974s][info][gc,heap        ] GC(1142) Old regions: 257->286
[489.974s][info][gc,heap        ] GC(1142) Humongous regions: 5->5
[489.974s][info][gc,metaspace   ] GC(1142) Metaspace: 19060K(19200K)->19060K(19200K) NonClass: 16393K(16448K)->16393K(16448K) Class: 2667K(2752K)->2667K(2752K)
[489.974s][info][gc             ] GC(1142) Pause Young (Normal) (G1 Evacuation Pause) 526M->307M(646M) 54.749ms
[489.974s][info][gc,cpu         ] GC(1142) User=0.11s Sys=0.00s Real=0.06s
[490.266s][info][gc,marking     ] GC(1141) Concurrent Mark From Roots 624.582ms
[490.266s][info][gc,marking     ] GC(1141) Concurrent Preclean
[490.267s][info][gc,marking     ] GC(1141) Concurrent Preclean 0.035ms
[490.267s][info][gc,start       ] GC(1141) Pause Remark
[490.274s][info][gc             ] GC(1141) Pause Remark 456M->451M(646M) 7.764ms
[490.274s][info][gc,cpu         ] GC(1141) User=0.01s Sys=0.00s Real=0.01s
[490.277s][info][gc,marking     ] GC(1141) Concurrent Mark 635.180ms
[490.277s][info][gc,marking     ] GC(1141) Concurrent Rebuild Remembered Sets and Scrub Regions
[490.480s][info][gc,marking     ] GC(1141) Concurrent Rebuild Remembered Sets and Scrub Regions 203.208ms
[490.480s][info][gc,start       ] GC(1141) Pause Cleanup
[490.481s][info][gc             ] GC(1141) Pause Cleanup 491M->491M(646M) 0.085ms
[490.481s][info][gc,cpu         ] GC(1141) User=0.00s Sys=0.00s Real=0.00s
[490.481s][info][gc,marking     ] GC(1141) Concurrent Clear Claimed Marks
[490.481s][info][gc,marking     ] GC(1141) Concurrent Clear Claimed Marks 0.059ms
[490.481s][info][gc,marking     ] GC(1141) Concurrent Cleanup for Next Mark
[490.484s][info][gc,marking     ] GC(1141) Concurrent Cleanup for Next Mark 3.402ms
[490.484s][info][gc             ] GC(1141) Concurrent Mark Cycle 940.859ms
[490.589s][info][gc,start       ] GC(1143) Pause Young (Prepare Mixed) (G1 Evacuation Pause)
[490.589s][info][gc,task        ] GC(1143) Using 2 workers of 2 for evacuation
[490.621s][info][gc,phases      ] GC(1143)   Pre Evacuate Collection Set: 0.26ms
[490.621s][info][gc,phases      ] GC(1143)   Merge Heap Roots: 0.45ms
[490.621s][info][gc,phases      ] GC(1143)   Evacuate Collection Set: 30.34ms
[490.621s][info][gc,phases      ] GC(1143)   Post Evacuate Collection Set: 0.46ms
[490.621s][info][gc,phases      ] GC(1143)   Other: 0.08ms
[490.621s][info][gc,heap        ] GC(1143) Eden regions: 233->0(248)
[490.621s][info][gc,heap        ] GC(1143) Survivor regions: 18->3(32)
[490.621s][info][gc,heap        ] GC(1143) Old regions: 282->300
[490.621s][info][gc,heap        ] GC(1143) Humongous regions: 4->4
[490.621s][info][gc,metaspace   ] GC(1143) Metaspace: 19060K(19200K)->19060K(19200K) NonClass: 16393K(16448K)->16393K(16448K) Class: 2667K(2752K)->2667K(2752K)
[490.621s][info][gc             ] GC(1143) Pause Young (Prepare Mixed) (G1 Evacuation Pause) 535M->305M(646M) 31.872ms
[490.621s][info][gc,cpu         ] GC(1143) User=0.06s Sys=0.00s Real=0.03s
[490.982s][info][gc,start       ] GC(1144) Pause Young (Mixed) (G1 Evacuation Pause)
[490.982s][info][gc,task        ] GC(1144) Using 2 workers of 2 for evacuation
[491.071s][info][gc,phases      ] GC(1144)   Pre Evacuate Collection Set: 0.37ms
[491.071s][info][gc,phases      ] GC(1144)   Merge Heap Roots: 0.24ms
[491.071s][info][gc,phases      ] GC(1144)   Evacuate Collection Set: 87.23ms
[491.071s][info][gc,phases      ] GC(1144)   Post Evacuate Collection Set: 0.63ms
[491.071s][info][gc,phases      ] GC(1144)   Other: 0.09ms
[491.071s][info][gc,heap        ] GC(1144) Eden regions: 248->0(177)
[491.071s][info][gc,heap        ] GC(1144) Survivor regions: 3->32(32)
[491.071s][info][gc,heap        ] GC(1144) Old regions: 300->341
[491.071s][info][gc,heap        ] GC(1144) Humongous regions: 5->5
[491.071s][info][gc,metaspace   ] GC(1144) Metaspace: 19060K(19200K)->19060K(19200K) NonClass: 16393K(16448K)->16393K(16448K) Class: 2667K(2752K)->2667K(2752K)
[491.071s][info][gc             ] GC(1144) Pause Young (Mixed) (G1 Evacuation Pause) 554M->377M(646M) 88.830ms
[491.071s][info][gc,cpu         ] GC(1144) User=0.18s Sys=0.00s Real=0.09s
[491.235s][info][gc,start       ] GC(1145) Pause Young (Concurrent Start) (G1 Evacuation Pause)
[491.235s][info][gc,task        ] GC(1145) Using 2 workers of 2 for evacuation
[491.284s][info][gc,phases      ] GC(1145)   Pre Evacuate Collection Set: 0.28ms
[491.284s][info][gc,phases      ] GC(1145)   Merge Heap Roots: 0.44ms
[491.284s][info][gc,phases      ] GC(1145)   Evacuate Collection Set: 47.61ms
[491.284s][info][gc,phases      ] GC(1145)   Post Evacuate Collection Set: 0.43ms
[491.284s][info][gc,phases      ] GC(1145)   Other: 0.09ms
[491.284s][info][gc,heap        ] GC(1145) Eden regions: 177->0(182)
[491.284s][info][gc,heap        ] GC(1145) Survivor regions: 32->7(27)
[491.284s][info][gc,heap        ] GC(1145) Old regions: 341->373
[491.284s][info][gc,heap        ] GC(1145) Humongous regions: 5->5
[491.284s][info][gc,metaspace   ] GC(1145) Metaspace: 19060K(19200K)->19060K(19200K) NonClass: 16393K(16448K)->16393K(16448K) Class: 2667K(2752K)->2667K(2752K)
[491.284s][info][gc             ] GC(1145) Pause Young (Concurrent Start) (G1 Evacuation Pause) 554M->384M(646M) 49.068ms
[491.284s][info][gc,cpu         ] GC(1145) User=0.10s Sys=0.00s Real=0.05s
[491.284s][info][gc             ] GC(1146) Concurrent Mark Cycle
[491.284s][info][gc,marking     ] GC(1146) Concurrent Scan Root Regions
[491.347s][info][gc,marking     ] GC(1146) Concurrent Scan Root Regions 63.059ms
[491.347s][info][gc,marking     ] GC(1146) Concurrent Mark
[491.347s][info][gc,marking     ] GC(1146) Concurrent Mark From Roots
[491.347s][info][gc,task        ] GC(1146) Using 1 workers of 1 for marking
[491.670s][info][gc,start       ] GC(1147) Pause Young (Normal) (G1 Evacuation Pause)
[491.671s][info][gc,task        ] GC(1147) Using 2 workers of 2 for evacuation
[491.682s][info][gc,phases      ] GC(1147)   Pre Evacuate Collection Set: 0.39ms
[491.682s][info][gc,phases      ] GC(1147)   Merge Heap Roots: 0.15ms
[491.682s][info][gc,phases      ] GC(1147)   Evacuate Collection Set: 9.41ms
[491.682s][info][gc,phases      ] GC(1147)   Post Evacuate Collection Set: 0.97ms
[491.682s][info][gc,phases      ] GC(1147)   Other: 0.09ms
[491.682s][info][gc,heap        ] GC(1147) Eden regions: 182->0(250)
[491.682s][info][gc,heap        ] GC(1147) Survivor regions: 7->9(24)
[491.682s][info][gc,heap        ] GC(1147) Old regions: 373->373
[491.682s][info][gc,heap        ] GC(1147) Humongous regions: 5->5
[491.682s][info][gc,metaspace   ] GC(1147) Metaspace: 19060K(19200K)->19060K(19200K) NonClass: 16393K(16448K)->16393K(16448K) Class: 2667K(2752K)->2667K(2752K)
[491.682s][info][gc             ] GC(1147) Pause Young (Normal) (G1 Evacuation Pause) 566M->386M(731M) 11.211ms
[491.682s][info][gc,cpu         ] GC(1147) User=0.02s Sys=0.00s Real=0.01s
[492.183s][info][gc,marking     ] GC(1146) Concurrent Mark From Roots 835.664ms
[492.183s][info][gc,marking     ] GC(1146) Concurrent Preclean
[492.183s][info][gc,marking     ] GC(1146) Concurrent Preclean 0.039ms
[492.183s][info][gc,start       ] GC(1146) Pause Remark
[492.191s][info][gc             ] GC(1146) Pause Remark 558M->546M(731M) 7.839ms
[492.191s][info][gc,cpu         ] GC(1146) User=0.01s Sys=0.00s Real=0.00s
[492.191s][info][gc,marking     ] GC(1146) Concurrent Mark 843.965ms
[492.191s][info][gc,marking     ] GC(1146) Concurrent Rebuild Remembered Sets and Scrub Regions
[492.361s][info][gc,start       ] GC(1148) Pause Young (Normal) (G1 Evacuation Pause)
[492.361s][info][gc,task        ] GC(1148) Using 2 workers of 2 for evacuation
[492.426s][info][gc,phases      ] GC(1148)   Pre Evacuate Collection Set: 0.24ms
[492.426s][info][gc,phases      ] GC(1148)   Merge Heap Roots: 0.19ms
[492.426s][info][gc,phases      ] GC(1148)   Evacuate Collection Set: 64.01ms
[492.426s][info][gc,phases      ] GC(1148)   Post Evacuate Collection Set: 0.58ms
[492.426s][info][gc,phases      ] GC(1148)   Other: 0.10ms
[492.426s][info][gc,heap        ] GC(1148) Eden regions: 250->0(194)
[492.426s][info][gc,heap        ] GC(1148) Survivor regions: 9->33(33)
[492.426s][info][gc,heap        ] GC(1148) Old regions: 362->393
[492.426s][info][gc,heap        ] GC(1148) Humongous regions: 4->4
[492.426s][info][gc,metaspace   ] GC(1148) Metaspace: 19060K(19200K)->19060K(19200K) NonClass: 16393K(16448K)->16393K(16448K) Class: 2667K(2752K)->2667K(2752K)
[492.426s][info][gc             ] GC(1148) Pause Young (Normal) (G1 Evacuation Pause) 624M->429M(731M) 65.365ms
[492.426s][info][gc,cpu         ] GC(1148) User=0.13s Sys=0.00s Real=0.07s
[492.499s][info][gc,marking     ] GC(1146) Concurrent Rebuild Remembered Sets and Scrub Regions 308.015ms
[492.499s][info][gc,start       ] GC(1146) Pause Cleanup
[492.499s][info][gc             ] GC(1146) Pause Cleanup 457M->457M(731M) 0.091ms
[492.499s][info][gc,cpu         ] GC(1146) User=0.00s Sys=0.00s Real=0.00s
[492.501s][info][gc,marking     ] GC(1146) Concurrent Clear Claimed Marks
[492.501s][info][gc,marking     ] GC(1146) Concurrent Clear Claimed Marks 0.059ms
[492.501s][info][gc,marking     ] GC(1146) Concurrent Cleanup for Next Mark
[492.506s][info][gc,marking     ] GC(1146) Concurrent Cleanup for Next Mark 5.039ms
[492.506s][info][gc             ] GC(1146) Concurrent Mark Cycle 1222.275ms
[492.687s][info][gc,start       ] GC(1149) Pause Young (Prepare Mixed) (G1 Evacuation Pause)
[492.687s][info][gc,task        ] GC(1149) Using 2 workers of 2 for evacuation
[492.756s][info][gc,phases      ] GC(1149)   Pre Evacuate Collection Set: 0.27ms
[492.756s][info][gc,phases      ] GC(1149)   Merge Heap Roots: 0.41ms
[492.756s][info][gc,phases      ] GC(1149)   Evacuate Collection Set: 66.89ms
[492.756s][info][gc,phases      ] GC(1149)   Post Evacuate Collection Set: 0.56ms
[492.756s][info][gc,phases      ] GC(1149)   Other: 0.11ms
[492.756s][info][gc,heap        ] GC(1149) Eden regions: 194->0(178)
[492.756s][info][gc,heap        ] GC(1149) Survivor regions: 33->27(29)
[492.756s][info][gc,heap        ] GC(1149) Old regions: 393->427
[492.756s][info][gc,heap        ] GC(1149) Humongous regions: 5->5
[492.756s][info][gc,metaspace   ] GC(1149) Metaspace: 19060K(19200K)->19060K(19200K) NonClass: 16393K(16448K)->16393K(16448K) Class: 2667K(2752K)->2667K(2752K)
[492.756s][info][gc             ] GC(1149) Pause Young (Prepare Mixed) (G1 Evacuation Pause) 624M->458M(731M) 68.532ms
[492.756s][info][gc,cpu         ] GC(1149) User=0.14s Sys=0.00s Real=0.07s
[492.860s][info][gc,start       ] GC(1150) Pause Young (Mixed) (G1 Evacuation Pause)
[492.860s][info][gc,task        ] GC(1150) Using 2 workers of 2 for evacuation
[492.995s][info][gc,phases      ] GC(1150)   Pre Evacuate Collection Set: 0.30ms
[492.995s][info][gc,phases      ] GC(1150)   Merge Heap Roots: 0.73ms
[492.995s][info][gc,phases      ] GC(1150)   Evacuate Collection Set: 133.58ms
[492.995s][info][gc,phases      ] GC(1150)   Post Evacuate Collection Set: 0.47ms
[492.995s][info][gc,phases      ] GC(1150)   Other: 0.08ms
[492.995s][info][gc,heap        ] GC(1150) Eden regions: 178->0(134)
[492.995s][info][gc,heap        ] GC(1150) Survivor regions: 27->26(26)
[492.995s][info][gc,heap        ] GC(1150) Old regions: 427->473
[492.995s][info][gc,heap        ] GC(1150) Humongous regions: 5->5
[492.995s][info][gc,metaspace   ] GC(1150) Metaspace: 19060K(19200K)->19060K(19200K) NonClass: 16393K(16448K)->16393K(16448K) Class: 2667K(2752K)->2667K(2752K)
[492.995s][info][gc             ] GC(1150) Pause Young (Mixed) (G1 Evacuation Pause) 636M->503M(747M) 135.391ms
[492.995s][info][gc,cpu         ] GC(1150) User=0.26s Sys=0.01s Real=0.14s
[493.175s][info][gc,start       ] GC(1151) Pause Young (Concurrent Start) (G1 Evacuation Pause)
[493.175s][info][gc,task        ] GC(1151) Using 2 workers of 2 for evacuation
[493.206s][info][gc,phases      ] GC(1151)   Pre Evacuate Collection Set: 0.28ms
[493.206s][info][gc,phases      ] GC(1151)   Merge Heap Roots: 0.12ms
[493.206s][info][gc,phases      ] GC(1151)   Evacuate Collection Set: 29.82ms
[493.206s][info][gc,phases      ] GC(1151)   Post Evacuate Collection Set: 0.38ms
[493.206s][info][gc,phases      ] GC(1151)   Other: 0.10ms
[493.206s][info][gc,heap        ] GC(1151) Eden regions: 134->0(142)
[493.206s][info][gc,heap        ] GC(1151) Survivor regions: 26->6(20)
[493.206s][info][gc,heap        ] GC(1151) Old regions: 473->500
[493.206s][info][gc,heap        ] GC(1151) Humongous regions: 5->5
[493.206s][info][gc,metaspace   ] GC(1151) Metaspace: 19060K(19200K)->19060K(19200K) NonClass: 16393K(16448K)->16393K(16448K) Class: 2667K(2752K)->2667K(2752K)
[493.206s][info][gc             ] GC(1151) Pause Young (Concurrent Start) (G1 Evacuation Pause) 637M->509M(747M) 30.939ms
[493.206s][info][gc             ] GC(1152) Concurrent Mark Cycle
[493.206s][info][gc,marking     ] GC(1152) Concurrent Scan Root Regions
[493.206s][info][gc,cpu         ] GC(1151) User=0.07s Sys=0.00s Real=0.03s
[493.260s][info][gc,marking     ] GC(1152) Concurrent Scan Root Regions 53.968ms
[493.260s][info][gc,marking     ] GC(1152) Concurrent Mark
[493.260s][info][gc,marking     ] GC(1152) Concurrent Mark From Roots
[493.260s][info][gc,task        ] GC(1152) Using 1 workers of 1 for marking
[493.471s][info][gc,start       ] GC(1153) Pause Young (Normal) (G1 Evacuation Pause)
[493.471s][info][gc,task        ] GC(1153) Using 2 workers of 2 for evacuation
[493.488s][info][gc,phases      ] GC(1153)   Pre Evacuate Collection Set: 0.43ms
[493.488s][info][gc,phases      ] GC(1153)   Merge Heap Roots: 0.10ms
[493.488s][info][gc,phases      ] GC(1153)   Evacuate Collection Set: 16.49ms
[493.488s][info][gc,phases      ] GC(1153)   Post Evacuate Collection Set: 0.36ms
[493.488s][info][gc,phases      ] GC(1153)   Other: 0.08ms
[493.488s][info][gc,heap        ] GC(1153) Eden regions: 142->0(141)
[493.488s][info][gc,heap        ] GC(1153) Survivor regions: 6->17(19)
[493.488s][info][gc,heap        ] GC(1153) Old regions: 500->500
[493.488s][info][gc,heap        ] GC(1153) Humongous regions: 5->5
[493.488s][info][gc,metaspace   ] GC(1153) Metaspace: 19060K(19200K)->19060K(19200K) NonClass: 16393K(16448K)->16393K(16448K) Class: 2667K(2752K)->2667K(2752K)
[493.488s][info][gc             ] GC(1153) Pause Young (Normal) (G1 Evacuation Pause) 651M->521M(747M) 17.722ms
[493.488s][info][gc,cpu         ] GC(1153) User=0.03s Sys=0.00s Real=0.02s
[493.702s][info][gc,start       ] GC(1154) Pause Young (Normal) (G1 Evacuation Pause)
[493.702s][info][gc,task        ] GC(1154) Using 2 workers of 2 for evacuation
[493.760s][info][gc,phases      ] GC(1154)   Pre Evacuate Collection Set: 0.42ms
[493.760s][info][gc,phases      ] GC(1154)   Merge Heap Roots: 0.07ms
[493.760s][info][gc,phases      ] GC(1154)   Evacuate Collection Set: 57.16ms
[493.760s][info][gc,phases      ] GC(1154)   Post Evacuate Collection Set: 0.54ms
[493.760s][info][gc,phases      ] GC(1154)   Other: 0.07ms
[493.760s][info][gc,heap        ] GC(1154) Eden regions: 141->0(101)
[493.760s][info][gc,heap        ] GC(1154) Survivor regions: 17->20(20)
[493.760s][info][gc,heap        ] GC(1154) Old regions: 500->542
[493.760s][info][gc,heap        ] GC(1154) Humongous regions: 5->5
[493.760s][info][gc,metaspace   ] GC(1154) Metaspace: 19060K(19200K)->19060K(19200K) NonClass: 16393K(16448K)->16393K(16448K) Class: 2667K(2752K)->2667K(2752K)
[493.760s][info][gc             ] GC(1154) Pause Young (Normal) (G1 Evacuation Pause) 662M->566M(747M) 58.504ms
[493.760s][info][gc,cpu         ] GC(1154) User=0.11s Sys=0.00s Real=0.06s
[493.867s][info][gc,start       ] GC(1155) Pause Young (Normal) (G1 Evacuation Pause)
[493.867s][info][gc,task        ] GC(1155) Using 2 workers of 2 for evacuation
[493.954s][info][gc,phases      ] GC(1155)   Pre Evacuate Collection Set: 0.27ms
[493.954s][info][gc,phases      ] GC(1155)   Merge Heap Roots: 0.34ms
[493.954s][info][gc,phases      ] GC(1155)   Evacuate Collection Set: 85.55ms
[493.954s][info][gc,phases      ] GC(1155)   Post Evacuate Collection Set: 0.94ms
[493.954s][info][gc,phases      ] GC(1155)   Other: 0.07ms
[493.954s][info][gc,heap        ] GC(1155) Eden regions: 101->0(95)
[493.954s][info][gc,heap        ] GC(1155) Survivor regions: 20->16(16)
[493.954s][info][gc,heap        ] GC(1155) Old regions: 542->609
[493.954s][info][gc,heap        ] GC(1155) Humongous regions: 5->5
[493.954s][info][gc,metaspace   ] GC(1155) Metaspace: 19060K(19200K)->19060K(19200K) NonClass: 16393K(16448K)->16393K(16448K) Class: 2667K(2752K)->2667K(2752K)
[493.954s][info][gc             ] GC(1155) Pause Young (Normal) (G1 Evacuation Pause) 667M->629M(828M) 87.379ms
[493.954s][info][gc,cpu         ] GC(1155) User=0.17s Sys=0.00s Real=0.09s
[494.182s][info][gc,marking     ] GC(1152) Concurrent Mark From Roots 922.473ms
[494.182s][info][gc,marking     ] GC(1152) Concurrent Preclean
[494.182s][info][gc,marking     ] GC(1152) Concurrent Preclean 0.042ms
[494.183s][info][gc,start       ] GC(1152) Pause Remark
[494.191s][info][gc             ] GC(1152) Pause Remark 705M->580M(842M) 8.013ms
[494.191s][info][gc,cpu         ] GC(1152) User=0.02s Sys=0.00s Real=0.01s
[494.191s][info][gc,marking     ] GC(1152) Concurrent Mark 931.001ms
[494.191s][info][gc,marking     ] GC(1152) Concurrent Rebuild Remembered Sets and Scrub Regions
[494.217s][info][gc,start       ] GC(1156) Pause Young (Normal) (G1 Evacuation Pause)
[494.217s][info][gc,task        ] GC(1156) Using 2 workers of 2 for evacuation
[494.264s][info][gc,phases      ] GC(1156)   Pre Evacuate Collection Set: 0.25ms
[494.264s][info][gc,phases      ] GC(1156)   Merge Heap Roots: 0.31ms
[494.264s][info][gc,phases      ] GC(1156)   Evacuate Collection Set: 46.06ms
[494.264s][info][gc,phases      ] GC(1156)   Post Evacuate Collection Set: 0.47ms
[494.264s][info][gc,phases      ] GC(1156)   Other: 0.09ms
[494.264s][info][gc,heap        ] GC(1156) Eden regions: 95->0(172)
[494.264s][info][gc,heap        ] GC(1156) Survivor regions: 16->14(14)
[494.264s][info][gc,heap        ] GC(1156) Old regions: 486->516
[494.264s][info][gc,heap        ] GC(1156) Humongous regions: 3->3
[494.264s][info][gc,metaspace   ] GC(1156) Metaspace: 19060K(19200K)->19060K(19200K) NonClass: 16393K(16448K)->16393K(16448K) Class: 2667K(2752K)->2667K(2752K)
[494.265s][info][gc             ] GC(1156) Pause Young (Normal) (G1 Evacuation Pause) 599M->532M(842M) 47.381ms
[494.265s][info][gc,cpu         ] GC(1156) User=0.09s Sys=0.00s Real=0.05s
[494.368s][info][gc,start       ] GC(1157) Pause Young (Normal) (G1 Evacuation Pause)
[494.368s][info][gc,task        ] GC(1157) Using 2 workers of 2 for evacuation
[494.421s][info][gc,phases      ] GC(1157)   Pre Evacuate Collection Set: 0.26ms
[494.421s][info][gc,phases      ] GC(1157)   Merge Heap Roots: 0.32ms
[494.421s][info][gc,phases      ] GC(1157)   Evacuate Collection Set: 51.77ms
[494.421s][info][gc,phases      ] GC(1157)   Post Evacuate Collection Set: 0.47ms
[494.421s][info][gc,phases      ] GC(1157)   Other: 0.09ms
[494.421s][info][gc,heap        ] GC(1157) Eden regions: 172->0(156)
[494.421s][info][gc,heap        ] GC(1157) Survivor regions: 14->24(24)
[494.421s][info][gc,heap        ] GC(1157) Old regions: 516->540
[494.421s][info][gc,heap        ] GC(1157) Humongous regions: 3->3
[494.421s][info][gc,metaspace   ] GC(1157) Metaspace: 19060K(19200K)->19060K(19200K) NonClass: 16393K(16448K)->16393K(16448K) Class: 2667K(2752K)->2667K(2752K)
[494.421s][info][gc             ] GC(1157) Pause Young (Normal) (G1 Evacuation Pause) 704M->566M(842M) 53.133ms
[494.421s][info][gc,cpu         ] GC(1157) User=0.10s Sys=0.00s Real=0.05s
[494.644s][info][gc,start       ] GC(1158) Pause Young (Normal) (G1 Evacuation Pause)
[494.644s][info][gc,task        ] GC(1158) Using 2 workers of 2 for evacuation
[494.715s][info][gc,phases      ] GC(1158)   Pre Evacuate Collection Set: 0.27ms
[494.715s][info][gc,phases      ] GC(1158)   Merge Heap Roots: 0.41ms
[494.715s][info][gc,phases      ] GC(1158)   Evacuate Collection Set: 69.98ms
[494.715s][info][gc,phases      ] GC(1158)   Post Evacuate Collection Set: 0.51ms
[494.715s][info][gc,phases      ] GC(1158)   Other: 0.10ms
[494.715s][info][gc,heap        ] GC(1158) Eden regions: 156->0(138)
[494.715s][info][gc,heap        ] GC(1158) Survivor regions: 24->23(23)
[494.715s][info][gc,heap        ] GC(1158) Old regions: 540->572
[494.715s][info][gc,heap        ] GC(1158) Humongous regions: 6->6
[494.715s][info][gc,metaspace   ] GC(1158) Metaspace: 19060K(19200K)->19060K(19200K) NonClass: 16393K(16448K)->16393K(16448K) Class: 2667K(2752K)->2667K(2752K)
[494.715s][info][gc             ] GC(1158) Pause Young (Normal) (G1 Evacuation Pause) 725M->600M(842M) 71.537ms
[494.715s][info][gc,cpu         ] GC(1158) User=0.14s Sys=0.00s Real=0.07s
[494.845s][info][gc,marking     ] GC(1152) Concurrent Rebuild Remembered Sets and Scrub Regions 654.357ms
[494.845s][info][gc,start       ] GC(1152) Pause Cleanup
[494.846s][info][gc             ] GC(1152) Pause Cleanup 694M->694M(842M) 0.115ms
[494.846s][info][gc,cpu         ] GC(1152) User=0.00s Sys=0.00s Real=0.00s
[494.846s][info][gc,marking     ] GC(1152) Concurrent Clear Claimed Marks
[494.846s][info][gc,marking     ] GC(1152) Concurrent Clear Claimed Marks 0.032ms
[494.846s][info][gc,marking     ] GC(1152) Concurrent Cleanup for Next Mark
[494.851s][info][gc,marking     ] GC(1152) Concurrent Cleanup for Next Mark 5.505ms
[494.851s][info][gc             ] GC(1152) Concurrent Mark Cycle 1645.469ms
[494.891s][info][gc,start       ] GC(1159) Pause Young (Prepare Mixed) (G1 Evacuation Pause)
[494.891s][info][gc,task        ] GC(1159) Using 2 workers of 2 for evacuation
[494.956s][info][gc,phases      ] GC(1159)   Pre Evacuate Collection Set: 0.29ms
[494.956s][info][gc,phases      ] GC(1159)   Merge Heap Roots: 0.53ms
[494.956s][info][gc,phases      ] GC(1159)   Evacuate Collection Set: 63.54ms
[494.956s][info][gc,phases      ] GC(1159)   Post Evacuate Collection Set: 0.51ms
[494.956s][info][gc,phases      ] GC(1159)   Other: 0.10ms
[494.956s][info][gc,heap        ] GC(1159) Eden regions: 138->0(125)
[494.956s][info][gc,heap        ] GC(1159) Survivor regions: 23->21(21)
[494.956s][info][gc,heap        ] GC(1159) Old regions: 572->600
[494.956s][info][gc,heap        ] GC(1159) Humongous regions: 7->7
[494.956s][info][gc,metaspace   ] GC(1159) Metaspace: 19060K(19200K)->19060K(19200K) NonClass: 16393K(16448K)->16393K(16448K) Class: 2667K(2752K)->2667K(2752K)
[494.956s][info][gc             ] GC(1159) Pause Young (Prepare Mixed) (G1 Evacuation Pause) 739M->627M(842M) 65.238ms
[494.956s][info][gc,cpu         ] GC(1159) User=0.12s Sys=0.00s Real=0.07s
[495.080s][info][gc,start       ] GC(1160) Pause Young (Mixed) (G1 Evacuation Pause)
[495.080s][info][gc,task        ] GC(1160) Using 2 workers of 2 for evacuation
[495.152s][info][gc,phases      ] GC(1160)   Pre Evacuate Collection Set: 0.47ms
[495.152s][info][gc,phases      ] GC(1160)   Merge Heap Roots: 0.45ms
[495.152s][info][gc,phases      ] GC(1160)   Evacuate Collection Set: 70.19ms
[495.152s][info][gc,phases      ] GC(1160)   Post Evacuate Collection Set: 0.44ms
[495.152s][info][gc,phases      ] GC(1160)   Other: 0.07ms
[495.152s][info][gc,heap        ] GC(1160) Eden regions: 125->0(126)
[495.152s][info][gc,heap        ] GC(1160) Survivor regions: 21->19(19)
[495.152s][info][gc,heap        ] GC(1160) Old regions: 600->596
[495.152s][info][gc,heap        ] GC(1160) Humongous regions: 9->9
[495.152s][info][gc,metaspace   ] GC(1160) Metaspace: 19060K(19200K)->19060K(19200K) NonClass: 16393K(16448K)->16393K(16448K) Class: 2667K(2752K)->2667K(2752K)
[495.152s][info][gc             ] GC(1160) Pause Young (Mixed) (G1 Evacuation Pause) 754M->623M(842M) 71.836ms
[495.152s][info][gc,cpu         ] GC(1160) User=0.14s Sys=0.00s Real=0.07s
[495.223s][info][gc,start       ] GC(1161) Pause Young (Concurrent Start) (G1 Evacuation Pause)
[495.223s][info][gc,task        ] GC(1161) Using 2 workers of 2 for evacuation
[495.257s][info][gc,phases      ] GC(1161)   Pre Evacuate Collection Set: 0.32ms
[495.257s][info][gc,phases      ] GC(1161)   Merge Heap Roots: 0.14ms
[495.257s][info][gc,phases      ] GC(1161)   Evacuate Collection Set: 32.72ms
[495.257s][info][gc,phases      ] GC(1161)   Post Evacuate Collection Set: 0.80ms
[495.257s][info][gc,phases      ] GC(1161)   Other: 0.11ms
[495.257s][info][gc,heap        ] GC(1161) Eden regions: 126->0(162)
[495.257s][info][gc,heap        ] GC(1161) Survivor regions: 19->10(19)
[495.257s][info][gc,heap        ] GC(1161) Old regions: 596->615
[495.257s][info][gc,heap        ] GC(1161) Humongous regions: 9->9
[495.257s][info][gc,metaspace   ] GC(1161) Metaspace: 19060K(19200K)->19060K(19200K) NonClass: 16393K(16448K)->16393K(16448K) Class: 2667K(2752K)->2667K(2752K)
[495.257s][info][gc             ] GC(1161) Pause Young (Concurrent Start) (G1 Evacuation Pause) 749M->633M(897M) 34.324ms
[495.257s][info][gc             ] GC(1162) Concurrent Mark Cycle
[495.257s][info][gc,marking     ] GC(1162) Concurrent Scan Root Regions
[495.257s][info][gc,cpu         ] GC(1161) User=0.07s Sys=0.00s Real=0.03s
[495.323s][info][gc,marking     ] GC(1162) Concurrent Scan Root Regions 65.803ms
[495.323s][info][gc,marking     ] GC(1162) Concurrent Mark
[495.323s][info][gc,marking     ] GC(1162) Concurrent Mark From Roots
[495.323s][info][gc,task        ] GC(1162) Using 1 workers of 1 for marking
[495.512s][info][gc,start       ] GC(1163) Pause Young (Normal) (G1 Evacuation Pause)
[495.512s][info][gc,task        ] GC(1163) Using 2 workers of 2 for evacuation
[495.544s][info][gc,phases      ] GC(1163)   Pre Evacuate Collection Set: 0.49ms
[495.544s][info][gc,phases      ] GC(1163)   Merge Heap Roots: 0.23ms
[495.544s][info][gc,phases      ] GC(1163)   Evacuate Collection Set: 30.64ms
[495.544s][info][gc,phases      ] GC(1163)   Post Evacuate Collection Set: 0.39ms
[495.544s][info][gc,phases      ] GC(1163)   Other: 0.09ms
[495.544s][info][gc,heap        ] GC(1163) Eden regions: 162->0(161)
[495.544s][info][gc,heap        ] GC(1163) Survivor regions: 10->22(22)
[495.544s][info][gc,heap        ] GC(1163) Old regions: 615->617
[495.544s][info][gc,heap        ] GC(1163) Humongous regions: 9->9
[495.544s][info][gc,metaspace   ] GC(1163) Metaspace: 19060K(19200K)->19060K(19200K) NonClass: 16393K(16448K)->16393K(16448K) Class: 2667K(2752K)->2667K(2752K)
[495.544s][info][gc             ] GC(1163) Pause Young (Normal) (G1 Evacuation Pause) 795M->647M(897M) 32.112ms
[495.544s][info][gc,cpu         ] GC(1163) User=0.06s Sys=0.00s Real=0.04s
[495.720s][info][gc,start       ] GC(1164) Pause Young (Normal) (G1 Evacuation Pause)
[495.720s][info][gc,task        ] GC(1164) Using 2 workers of 2 for evacuation
[495.751s][info][gc,phases      ] GC(1164)   Pre Evacuate Collection Set: 0.49ms
[495.751s][info][gc,phases      ] GC(1164)   Merge Heap Roots: 0.19ms
[495.751s][info][gc,phases      ] GC(1164)   Evacuate Collection Set: 30.19ms
[495.751s][info][gc,phases      ] GC(1164)   Post Evacuate Collection Set: 0.37ms
[495.751s][info][gc,phases      ] GC(1164)   Other: 0.07ms
[495.751s][info][gc,heap        ] GC(1164) Eden regions: 161->0(167)
[495.751s][info][gc,heap        ] GC(1164) Survivor regions: 22->5(23)
[495.751s][info][gc,heap        ] GC(1164) Old regions: 617->640
[495.751s][info][gc,heap        ] GC(1164) Humongous regions: 9->9
[495.751s][info][gc,metaspace   ] GC(1164) Metaspace: 19060K(19200K)->19060K(19200K) NonClass: 16393K(16448K)->16393K(16448K) Class: 2667K(2752K)->2667K(2752K)
[495.751s][info][gc             ] GC(1164) Pause Young (Normal) (G1 Evacuation Pause) 808M->653M(897M) 31.515ms
[495.751s][info][gc,cpu         ] GC(1164) User=0.06s Sys=0.00s Real=0.03s
[495.958s][info][gc,marking     ] GC(1162) Concurrent Mark From Roots 634.434ms
[495.958s][info][gc,marking     ] GC(1162) Concurrent Preclean
[495.958s][info][gc,marking     ] GC(1162) Concurrent Preclean 0.040ms
[495.958s][info][gc,start       ] GC(1162) Pause Remark
[495.967s][info][gc             ] GC(1162) Pause Remark 810M->501M(897M) 9.054ms
[495.967s][info][gc,cpu         ] GC(1162) User=0.02s Sys=0.00s Real=0.01s
[495.967s][info][gc,marking     ] GC(1162) Concurrent Mark 643.834ms
[495.967s][info][gc,marking     ] GC(1162) Concurrent Rebuild Remembered Sets and Scrub Regions
[495.983s][info][gc,start       ] GC(1165) Pause Young (Normal) (G1 Evacuation Pause)
[495.983s][info][gc,task        ] GC(1165) Using 2 workers of 2 for evacuation
[496.007s][info][gc,phases      ] GC(1165)   Pre Evacuate Collection Set: 0.38ms
[496.007s][info][gc,phases      ] GC(1165)   Merge Heap Roots: 0.32ms
[496.007s][info][gc,phases      ] GC(1165)   Evacuate Collection Set: 22.81ms
[496.007s][info][gc,phases      ] GC(1165)   Post Evacuate Collection Set: 0.41ms
[496.007s][info][gc,phases      ] GC(1165)   Other: 0.06ms
[496.007s][info][gc,heap        ] GC(1165) Eden regions: 167->0(365)
[496.007s][info][gc,heap        ] GC(1165) Survivor regions: 5->15(22)
[496.007s][info][gc,heap        ] GC(1165) Old regions: 336->336
[496.007s][info][gc,heap        ] GC(1165) Humongous regions: 4->4
[496.007s][info][gc,metaspace   ] GC(1165) Metaspace: 19060K(19200K)->19060K(19200K) NonClass: 16393K(16448K)->16393K(16448K) Class: 2667K(2752K)->2667K(2752K)
[496.007s][info][gc             ] GC(1165) Pause Young (Normal) (G1 Evacuation Pause) 511M->354M(897M) 24.135ms
[496.007s][info][gc,cpu         ] GC(1165) User=0.05s Sys=0.00s Real=0.02s
[496.259s][info][gc,marking     ] GC(1162) Concurrent Rebuild Remembered Sets and Scrub Regions 291.788ms
[496.259s][info][gc,start       ] GC(1162) Pause Cleanup
[496.259s][info][gc             ] GC(1162) Pause Cleanup 532M->532M(897M) 0.116ms
[496.259s][info][gc,cpu         ] GC(1162) User=0.00s Sys=0.00s Real=0.00s
[496.259s][info][gc,marking     ] GC(1162) Concurrent Clear Claimed Marks
[496.259s][info][gc,marking     ] GC(1162) Concurrent Clear Claimed Marks 0.049ms
[496.259s][info][gc,marking     ] GC(1162) Concurrent Cleanup for Next Mark
[496.268s][info][gc,marking     ] GC(1162) Concurrent Cleanup for Next Mark 8.927ms
[496.268s][info][gc             ] GC(1162) Concurrent Mark Cycle 1010.974ms
[496.741s][info][gc,start       ] GC(1166) Pause Young (Prepare Mixed) (G1 Evacuation Pause)
[496.741s][info][gc,task        ] GC(1166) Using 2 workers of 2 for evacuation
[496.802s][info][gc,phases      ] GC(1166)   Pre Evacuate Collection Set: 0.30ms
[496.802s][info][gc,phases      ] GC(1166)   Merge Heap Roots: 0.47ms
[496.802s][info][gc,phases      ] GC(1166)   Evacuate Collection Set: 59.43ms
[496.802s][info][gc,phases      ] GC(1166)   Post Evacuate Collection Set: 0.64ms
[496.802s][info][gc,phases      ] GC(1166)   Other: 0.10ms
[496.802s][info][gc,heap        ] GC(1166) Eden regions: 365->0(352)
[496.802s][info][gc,heap        ] GC(1166) Survivor regions: 15->48(48)
[496.802s][info][gc,heap        ] GC(1166) Old regions: 336->337
[496.802s][info][gc,heap        ] GC(1166) Humongous regions: 4->4
[496.802s][info][gc,metaspace   ] GC(1166) Metaspace: 19060K(19200K)->19060K(19200K) NonClass: 16393K(16448K)->16393K(16448K) Class: 2667K(2752K)->2667K(2752K)
[496.802s][info][gc             ] GC(1166) Pause Young (Prepare Mixed) (G1 Evacuation Pause) 719M->388M(897M) 61.179ms
[496.802s][info][gc,cpu         ] GC(1166) User=0.12s Sys=0.00s Real=0.06s
[497.576s][info][gc,start       ] GC(1167) Pause Young (Mixed) (G1 Evacuation Pause)
[497.576s][info][gc,task        ] GC(1167) Using 2 workers of 2 for evacuation
[497.629s][info][gc,phases      ] GC(1167)   Pre Evacuate Collection Set: 0.51ms
[497.629s][info][gc,phases      ] GC(1167)   Merge Heap Roots: 0.55ms
[497.629s][info][gc,phases      ] GC(1167)   Evacuate Collection Set: 51.62ms
[497.629s][info][gc,phases      ] GC(1167)   Post Evacuate Collection Set: 0.57ms
[497.629s][info][gc,phases      ] GC(1167)   Other: 0.10ms
[497.629s][info][gc,heap        ] GC(1167) Eden regions: 352->0(399)
[497.629s][info][gc,heap        ] GC(1167) Survivor regions: 48->1(50)
[497.629s][info][gc,heap        ] GC(1167) Old regions: 337->349
[497.629s][info][gc,heap        ] GC(1167) Humongous regions: 4->4
[497.629s][info][gc,metaspace   ] GC(1167) Metaspace: 19060K(19200K)->19060K(19200K) NonClass: 16393K(16448K)->16393K(16448K) Class: 2667K(2752K)->2667K(2752K)
[497.629s][info][gc             ] GC(1167) Pause Young (Mixed) (G1 Evacuation Pause) 740M->353M(897M) 53.579ms
[497.629s][info][gc,cpu         ] GC(1167) User=0.10s Sys=0.00s Real=0.05s
[498.236s][info][gc,start       ] GC(1168) Pause Young (Concurrent Start) (G1 Evacuation Pause)
[498.236s][info][gc,task        ] GC(1168) Using 2 workers of 2 for evacuation
[498.315s][info][gc,phases      ] GC(1168)   Pre Evacuate Collection Set: 0.30ms
[498.315s][info][gc,phases      ] GC(1168)   Merge Heap Roots: 0.44ms
[498.315s][info][gc,phases      ] GC(1168)   Evacuate Collection Set: 77.02ms
[498.315s][info][gc,phases      ] GC(1168)   Post Evacuate Collection Set: 0.74ms
[498.315s][info][gc,phases      ] GC(1168)   Other: 0.20ms
[498.315s][info][gc,heap        ] GC(1168) Eden regions: 399->0(325)
[498.315s][info][gc,heap        ] GC(1168) Survivor regions: 1->50(50)
[498.315s][info][gc,heap        ] GC(1168) Old regions: 349->371
[498.315s][info][gc,heap        ] GC(1168) Humongous regions: 4->4
[498.315s][info][gc,metaspace   ] GC(1168) Metaspace: 19060K(19200K)->19060K(19200K) NonClass: 16393K(16448K)->16393K(16448K) Class: 2667K(2752K)->2667K(2752K)
[498.315s][info][gc             ] GC(1168) Pause Young (Concurrent Start) (G1 Evacuation Pause) 752M->424M(897M) 78.939ms
[498.315s][info][gc,cpu         ] GC(1168) User=0.16s Sys=0.00s Real=0.08s
[498.315s][info][gc             ] GC(1169) Concurrent Mark Cycle
[498.317s][info][gc,marking     ] GC(1169) Concurrent Scan Root Regions
[498.384s][info][gc,marking     ] GC(1169) Concurrent Scan Root Regions 66.679ms
[498.384s][info][gc,marking     ] GC(1169) Concurrent Mark
[498.384s][info][gc,marking     ] GC(1169) Concurrent Mark From Roots
[498.384s][info][gc,task        ] GC(1169) Using 1 workers of 1 for marking
[498.943s][info][gc,start       ] GC(1170) Pause Young (Normal) (G1 Evacuation Pause)
[498.943s][info][gc,task        ] GC(1170) Using 2 workers of 2 for evacuation
[499.050s][info][gc,phases      ] GC(1170)   Pre Evacuate Collection Set: 0.29ms
[499.050s][info][gc,phases      ] GC(1170)   Merge Heap Roots: 0.43ms
[499.050s][info][gc,phases      ] GC(1170)   Evacuate Collection Set: 105.83ms
[499.050s][info][gc,phases      ] GC(1170)   Post Evacuate Collection Set: 0.92ms
[499.050s][info][gc,phases      ] GC(1170)   Other: 0.09ms
[499.050s][info][gc,heap        ] GC(1170) Eden regions: 325->0(302)
[499.050s][info][gc,heap        ] GC(1170) Survivor regions: 50->45(47)
[499.050s][info][gc,heap        ] GC(1170) Old regions: 371->422
[499.050s][info][gc,heap        ] GC(1170) Humongous regions: 7->7
[499.050s][info][gc,metaspace   ] GC(1170) Metaspace: 19060K(19200K)->19060K(19200K) NonClass: 16393K(16448K)->16393K(16448K) Class: 2667K(2752K)->2667K(2752K)
[499.050s][info][gc             ] GC(1170) Pause Young (Normal) (G1 Evacuation Pause) 752M->472M(914M) 107.843ms
[499.050s][info][gc,cpu         ] GC(1170) User=0.21s Sys=0.00s Real=0.11s
[499.342s][info][gc,marking     ] GC(1169) Concurrent Mark From Roots 958.402ms
[499.342s][info][gc,marking     ] GC(1169) Concurrent Preclean
[499.342s][info][gc,marking     ] GC(1169) Concurrent Preclean 0.038ms
[499.342s][info][gc,start       ] GC(1169) Pause Remark
[499.350s][info][gc             ] GC(1169) Pause Remark 693M->682M(914M) 7.706ms
[499.350s][info][gc,cpu         ] GC(1169) User=0.01s Sys=0.00s Real=0.01s
[499.350s][info][gc,marking     ] GC(1169) Concurrent Mark 966.452ms
[499.350s][info][gc,marking     ] GC(1169) Concurrent Rebuild Remembered Sets and Scrub Regions
[499.423s][info][gc,start       ] GC(1171) Pause Young (Normal) (G1 Evacuation Pause)
[499.423s][info][gc,task        ] GC(1171) Using 2 workers of 2 for evacuation
[499.538s][info][gc,phases      ] GC(1171)   Pre Evacuate Collection Set: 0.26ms
[499.538s][info][gc,phases      ] GC(1171)   Merge Heap Roots: 0.41ms
[499.538s][info][gc,phases      ] GC(1171)   Evacuate Collection Set: 113.08ms
[499.538s][info][gc,phases      ] GC(1171)   Post Evacuate Collection Set: 0.66ms
[499.538s][info][gc,phases      ] GC(1171)   Other: 0.12ms
[499.538s][info][gc,heap        ] GC(1171) Eden regions: 302->0(263)
[499.538s][info][gc,heap        ] GC(1171) Survivor regions: 45->44(44)
[499.538s][info][gc,heap        ] GC(1171) Old regions: 411->467
[499.538s][info][gc,heap        ] GC(1171) Humongous regions: 7->7
[499.538s][info][gc,metaspace   ] GC(1171) Metaspace: 19060K(19200K)->19060K(19200K) NonClass: 16393K(16448K)->16393K(16448K) Class: 2667K(2752K)->2667K(2752K)
[499.538s][info][gc             ] GC(1171) Pause Young (Normal) (G1 Evacuation Pause) 763M->517M(914M) 114.747ms
[499.538s][info][gc,cpu         ] GC(1171) User=0.23s Sys=0.00s Real=0.11s
[499.763s][info][gc,start       ] GC(1172) Pause Young (Normal) (G1 Evacuation Pause)
[499.763s][info][gc,task        ] GC(1172) Using 2 workers of 2 for evacuation
[499.824s][info][gc,phases      ] GC(1172)   Pre Evacuate Collection Set: 0.49ms
[499.824s][info][gc,phases      ] GC(1172)   Merge Heap Roots: 0.37ms
[499.824s][info][gc,phases      ] GC(1172)   Evacuate Collection Set: 60.05ms
[499.824s][info][gc,phases      ] GC(1172)   Post Evacuate Collection Set: 0.55ms
[499.824s][info][gc,phases      ] GC(1172)   Other: 0.10ms
[499.824s][info][gc,heap        ] GC(1172) Eden regions: 263->0(269)
[499.824s][info][gc,heap        ] GC(1172) Survivor regions: 44->11(39)
[499.824s][info][gc,heap        ] GC(1172) Old regions: 467->511
[499.824s][info][gc,heap        ] GC(1172) Humongous regions: 8->8
[499.824s][info][gc,metaspace   ] GC(1172) Metaspace: 19060K(19200K)->19060K(19200K) NonClass: 16393K(16448K)->16393K(16448K) Class: 2667K(2752K)->2667K(2752K)
[499.824s][info][gc             ] GC(1172) Pause Young (Normal) (G1 Evacuation Pause) 781M->529M(914M) 61.778ms
[499.824s][info][gc,cpu         ] GC(1172) User=0.13s Sys=0.00s Real=0.07s
[499.943s][info][gc,marking     ] GC(1169) Concurrent Rebuild Remembered Sets and Scrub Regions 592.359ms
[499.943s][info][gc,start       ] GC(1169) Pause Cleanup
[499.943s][info][gc             ] GC(1169) Pause Cleanup 630M->630M(914M) 0.094ms
[499.943s][info][gc,cpu         ] GC(1169) User=0.00s Sys=0.00s Real=0.00s
[499.943s][info][gc,marking     ] GC(1169) Concurrent Clear Claimed Marks
[499.943s][info][gc,marking     ] GC(1169) Concurrent Clear Claimed Marks 0.045ms
[499.943s][info][gc,marking     ] GC(1169) Concurrent Cleanup for Next Mark
[499.946s][info][gc,marking     ] GC(1169) Concurrent Cleanup for Next Mark 2.858ms
[499.946s][info][gc             ] GC(1169) Concurrent Mark Cycle 1630.689ms
[500.063s][info][gc,start       ] GC(1173) Pause Young (Prepare Mixed) (G1 Evacuation Pause)
[500.063s][info][gc,task        ] GC(1173) Using 2 workers of 2 for evacuation
[500.106s][info][gc,phases      ] GC(1173)   Pre Evacuate Collection Set: 0.30ms
[500.106s][info][gc,phases      ] GC(1173)   Merge Heap Roots: 0.29ms
[500.106s][info][gc,phases      ] GC(1173)   Evacuate Collection Set: 41.39ms
[500.106s][info][gc,phases      ] GC(1173)   Post Evacuate Collection Set: 0.55ms
[500.106s][info][gc,phases      ] GC(1173)   Other: 0.10ms
[500.106s][info][gc,heap        ] GC(1173) Eden regions: 269->0(263)
[500.106s][info][gc,heap        ] GC(1173) Survivor regions: 11->30(35)
[500.106s][info][gc,heap        ] GC(1173) Old regions: 511->511
[500.106s][info][gc,heap        ] GC(1173) Humongous regions: 8->8
[500.106s][info][gc,metaspace   ] GC(1173) Metaspace: 19060K(19200K)->19060K(19200K) NonClass: 16393K(16448K)->16393K(16448K) Class: 2667K(2752K)->2667K(2752K)
[500.106s][info][gc             ] GC(1173) Pause Young (Prepare Mixed) (G1 Evacuation Pause) 798M->548M(914M) 42.891ms
[500.106s][info][gc,cpu         ] GC(1173) User=0.09s Sys=0.00s Real=0.04s
[500.423s][info][gc,start       ] GC(1174) Pause Young (Mixed) (G1 Evacuation Pause)
[500.424s][info][gc,task        ] GC(1174) Using 2 workers of 2 for evacuation
[500.496s][info][gc,phases      ] GC(1174)   Pre Evacuate Collection Set: 0.52ms
[500.496s][info][gc,phases      ] GC(1174)   Merge Heap Roots: 0.36ms
[500.496s][info][gc,phases      ] GC(1174)   Evacuate Collection Set: 70.85ms
[500.496s][info][gc,phases      ] GC(1174)   Post Evacuate Collection Set: 0.56ms
[500.496s][info][gc,phases      ] GC(1174)   Other: 0.08ms
[500.496s][info][gc,heap        ] GC(1174) Eden regions: 263->0(250)
[500.496s][info][gc,heap        ] GC(1174) Survivor regions: 30->30(37)
[500.496s][info][gc,heap        ] GC(1174) Old regions: 511->532
[500.496s][info][gc,heap        ] GC(1174) Humongous regions: 8->8
[500.496s][info][gc,metaspace   ] GC(1174) Metaspace: 19060K(19200K)->19060K(19200K) NonClass: 16393K(16448K)->16393K(16448K) Class: 2667K(2752K)->2667K(2752K)
[500.496s][info][gc             ] GC(1174) Pause Young (Mixed) (G1 Evacuation Pause) 811M->569M(914M) 72.651ms
[500.496s][info][gc,cpu         ] GC(1174) User=0.14s Sys=0.00s Real=0.07s
[500.907s][info][gc,start       ] GC(1175) Pause Young (Concurrent Start) (G1 Evacuation Pause)
[500.907s][info][gc,task        ] GC(1175) Using 2 workers of 2 for evacuation
[500.963s][info][gc,phases      ] GC(1175)   Pre Evacuate Collection Set: 0.35ms
[500.963s][info][gc,phases      ] GC(1175)   Merge Heap Roots: 0.34ms
[500.963s][info][gc,phases      ] GC(1175)   Evacuate Collection Set: 55.22ms
[500.963s][info][gc,phases      ] GC(1175)   Post Evacuate Collection Set: 0.51ms
[500.963s][info][gc,phases      ] GC(1175)   Other: 0.20ms
[500.963s][info][gc,heap        ] GC(1175) Eden regions: 250->0(236)
[500.963s][info][gc,heap        ] GC(1175) Survivor regions: 30->21(35)
[500.963s][info][gc,heap        ] GC(1175) Old regions: 532->562
[500.963s][info][gc,heap        ] GC(1175) Humongous regions: 8->8
[500.963s][info][gc,metaspace   ] GC(1175) Metaspace: 19060K(19200K)->19060K(19200K) NonClass: 16393K(16448K)->16393K(16448K) Class: 2667K(2752K)->2667K(2752K)
[500.963s][info][gc             ] GC(1175) Pause Young (Concurrent Start) (G1 Evacuation Pause) 819M->590M(914M) 56.870ms
[500.963s][info][gc             ] GC(1176) Concurrent Mark Cycle
[500.963s][info][gc,marking     ] GC(1176) Concurrent Scan Root Regions
[500.966s][info][gc,cpu         ] GC(1175) User=0.12s Sys=0.00s Real=0.06s
[501.047s][info][gc,marking     ] GC(1176) Concurrent Scan Root Regions 83.529ms
[501.047s][info][gc,marking     ] GC(1176) Concurrent Mark
[501.047s][info][gc,marking     ] GC(1176) Concurrent Mark From Roots
[501.047s][info][gc,task        ] GC(1176) Using 1 workers of 1 for marking
[501.367s][info][gc,start       ] GC(1177) Pause Young (Normal) (G1 Evacuation Pause)
[501.367s][info][gc,task        ] GC(1177) Using 2 workers of 2 for evacuation
[501.450s][info][gc,phases      ] GC(1177)   Pre Evacuate Collection Set: 0.48ms
[501.450s][info][gc,phases      ] GC(1177)   Merge Heap Roots: 0.12ms
[501.450s][info][gc,phases      ] GC(1177)   Evacuate Collection Set: 80.83ms
[501.450s][info][gc,phases      ] GC(1177)   Post Evacuate Collection Set: 0.93ms
[501.450s][info][gc,phases      ] GC(1177)   Other: 0.08ms
[501.450s][info][gc,heap        ] GC(1177) Eden regions: 236->0(175)
[501.450s][info][gc,heap        ] GC(1177) Survivor regions: 21->33(33)
[501.450s][info][gc,heap        ] GC(1177) Old regions: 562->618
[501.450s][info][gc,heap        ] GC(1177) Humongous regions: 8->8
[501.450s][info][gc,metaspace   ] GC(1177) Metaspace: 19060K(19200K)->19060K(19200K) NonClass: 16393K(16448K)->16393K(16448K) Class: 2667K(2752K)->2667K(2752K)
[501.450s][info][gc             ] GC(1177) Pause Young (Normal) (G1 Evacuation Pause) 826M->658M(937M) 82.685ms
[501.450s][info][gc,cpu         ] GC(1177) User=0.16s Sys=0.00s Real=0.08s
[501.903s][info][gc,start       ] GC(1178) Pause Young (Normal) (G1 Evacuation Pause)
[501.903s][info][gc,task        ] GC(1178) Using 2 workers of 2 for evacuation
[501.975s][info][gc,phases      ] GC(1178)   Pre Evacuate Collection Set: 0.30ms
[501.976s][info][gc,phases      ] GC(1178)   Merge Heap Roots: 0.44ms
[501.976s][info][gc,phases      ] GC(1178)   Evacuate Collection Set: 71.25ms
[501.976s][info][gc,phases      ] GC(1178)   Post Evacuate Collection Set: 0.57ms
[501.976s][info][gc,phases      ] GC(1178)   Other: 0.08ms
[501.976s][info][gc,heap        ] GC(1178) Eden regions: 175->0(165)
[501.976s][info][gc,heap        ] GC(1178) Survivor regions: 33->21(26)
[501.976s][info][gc,heap        ] GC(1178) Old regions: 618->652
[501.976s][info][gc,heap        ] GC(1178) Humongous regions: 11->11
[501.976s][info][gc,metaspace   ] GC(1178) Metaspace: 19060K(19200K)->19060K(19200K) NonClass: 16393K(16448K)->16393K(16448K) Class: 2667K(2752K)->2667K(2752K)
[501.976s][info][gc             ] GC(1178) Pause Young (Normal) (G1 Evacuation Pause) 836M->682M(937M) 72.904ms
[501.976s][info][gc,cpu         ] GC(1178) User=0.14s Sys=0.00s Real=0.08s
[502.219s][info][gc,marking     ] GC(1176) Concurrent Mark From Roots 1171.818ms
[502.219s][info][gc,marking     ] GC(1176) Concurrent Preclean
[502.219s][info][gc,marking     ] GC(1176) Concurrent Preclean 0.040ms
[502.219s][info][gc,start       ] GC(1176) Pause Remark
[502.227s][info][gc             ] GC(1176) Pause Remark 828M->731M(978M) 8.115ms
[502.227s][info][gc,cpu         ] GC(1176) User=0.01s Sys=0.00s Real=0.01s
[502.229s][info][gc,marking     ] GC(1176) Concurrent Mark 1181.819ms
[502.229s][info][gc,marking     ] GC(1176) Concurrent Rebuild Remembered Sets and Scrub Regions
[502.262s][info][gc,start       ] GC(1179) Pause Young (Normal) (G1 Evacuation Pause)
[502.262s][info][gc,task        ] GC(1179) Using 2 workers of 2 for evacuation
[502.347s][info][gc,phases      ] GC(1179)   Pre Evacuate Collection Set: 0.32ms
[502.347s][info][gc,phases      ] GC(1179)   Merge Heap Roots: 0.35ms
[502.347s][info][gc,phases      ] GC(1179)   Evacuate Collection Set: 83.43ms
[502.347s][info][gc,phases      ] GC(1179)   Post Evacuate Collection Set: 0.43ms
[502.347s][info][gc,phases      ] GC(1179)   Other: 0.08ms
[502.347s][info][gc,heap        ] GC(1179) Eden regions: 165->0(233)
[502.347s][info][gc,heap        ] GC(1179) Survivor regions: 21->24(24)
[502.347s][info][gc,heap        ] GC(1179) Old regions: 558->590
[502.347s][info][gc,heap        ] GC(1179) Humongous regions: 8->8
[502.347s][info][gc,metaspace   ] GC(1179) Metaspace: 19060K(19200K)->19060K(19200K) NonClass: 16393K(16448K)->16393K(16448K) Class: 2667K(2752K)->2667K(2752K)
[502.347s][info][gc             ] GC(1179) Pause Young (Normal) (G1 Evacuation Pause) 750M->621M(978M) 84.853ms
[502.347s][info][gc,cpu         ] GC(1179) User=0.15s Sys=0.01s Real=0.09s
[502.679s][info][gc,start       ] GC(1180) Pause Young (Normal) (G1 Evacuation Pause)
[502.679s][info][gc,task        ] GC(1180) Using 2 workers of 2 for evacuation
[502.712s][info][gc,phases      ] GC(1180)   Pre Evacuate Collection Set: 0.31ms
[502.712s][info][gc,phases      ] GC(1180)   Merge Heap Roots: 0.21ms
[502.712s][info][gc,phases      ] GC(1180)   Evacuate Collection Set: 32.42ms
[502.712s][info][gc,phases      ] GC(1180)   Post Evacuate Collection Set: 0.43ms
[502.712s][info][gc,phases      ] GC(1180)   Other: 0.09ms
[502.712s][info][gc,heap        ] GC(1180) Eden regions: 233->0(246)
[502.712s][info][gc,heap        ] GC(1180) Survivor regions: 24->6(33)
[502.712s][info][gc,heap        ] GC(1180) Old regions: 590->615
[502.712s][info][gc,heap        ] GC(1180) Humongous regions: 8->8
[502.713s][info][gc,metaspace   ] GC(1180) Metaspace: 19060K(19200K)->19060K(19200K) NonClass: 16393K(16448K)->16393K(16448K) Class: 2667K(2752K)->2667K(2752K)
[502.713s][info][gc             ] GC(1180) Pause Young (Normal) (G1 Evacuation Pause) 854M->628M(978M) 33.670ms
[502.713s][info][gc,cpu         ] GC(1180) User=0.07s Sys=0.00s Real=0.03s
[502.938s][info][gc,marking     ] GC(1176) Concurrent Rebuild Remembered Sets and Scrub Regions 709.197ms
[502.939s][info][gc,start       ] GC(1176) Pause Cleanup
[502.939s][info][gc             ] GC(1176) Pause Cleanup 795M->795M(978M) 0.154ms
[502.939s][info][gc,cpu         ] GC(1176) User=0.00s Sys=0.00s Real=0.00s
[502.939s][info][gc,marking     ] GC(1176) Concurrent Clear Claimed Marks
[502.939s][info][gc,marking     ] GC(1176) Concurrent Clear Claimed Marks 0.058ms
[502.939s][info][gc,marking     ] GC(1176) Concurrent Cleanup for Next Mark
[502.945s][info][gc,marking     ] GC(1176) Concurrent Cleanup for Next Mark 5.506ms
[502.945s][info][gc             ] GC(1176) Concurrent Mark Cycle 1981.469ms
[503.054s][info][gc,start       ] GC(1181) Pause Young (Prepare Mixed) (G1 Evacuation Pause)
[503.055s][info][gc,task        ] GC(1181) Using 2 workers of 2 for evacuation
[503.083s][info][gc,phases      ] GC(1181)   Pre Evacuate Collection Set: 0.53ms
[503.083s][info][gc,phases      ] GC(1181)   Merge Heap Roots: 0.26ms
[503.083s][info][gc,phases      ] GC(1181)   Evacuate Collection Set: 27.41ms
[503.083s][info][gc,phases      ] GC(1181)   Post Evacuate Collection Set: 0.51ms
[503.083s][info][gc,phases      ] GC(1181)   Other: 0.09ms
[503.083s][info][gc,heap        ] GC(1181) Eden regions: 246->0(245)
[503.083s][info][gc,heap        ] GC(1181) Survivor regions: 6->19(32)
[503.083s][info][gc,heap        ] GC(1181) Old regions: 615->615
[503.083s][info][gc,heap        ] GC(1181) Humongous regions: 8->8
[503.083s][info][gc,metaspace   ] GC(1181) Metaspace: 19060K(19200K)->19060K(19200K) NonClass: 16393K(16448K)->16393K(16448K) Class: 2667K(2752K)->2667K(2752K)
[503.083s][info][gc             ] GC(1181) Pause Young (Prepare Mixed) (G1 Evacuation Pause) 874M->641M(978M) 29.028ms
[503.084s][info][gc,cpu         ] GC(1181) User=0.06s Sys=0.01s Real=0.03s
[503.531s][info][gc,start       ] GC(1182) Pause Young (Mixed) (G1 Evacuation Pause)
[503.531s][info][gc,task        ] GC(1182) Using 2 workers of 2 for evacuation
[503.612s][info][gc,phases      ] GC(1182)   Pre Evacuate Collection Set: 0.56ms
[503.612s][info][gc,phases      ] GC(1182)   Merge Heap Roots: 0.76ms
[503.612s][info][gc,phases      ] GC(1182)   Evacuate Collection Set: 78.71ms
[503.612s][info][gc,phases      ] GC(1182)   Post Evacuate Collection Set: 0.69ms
[503.612s][info][gc,phases      ] GC(1182)   Other: 0.10ms
[503.612s][info][gc,heap        ] GC(1182) Eden regions: 245->0(246)
[503.612s][info][gc,heap        ] GC(1182) Survivor regions: 19->33(33)
[503.612s][info][gc,heap        ] GC(1182) Old regions: 615->589
[503.612s][info][gc,heap        ] GC(1182) Humongous regions: 8->8
[503.612s][info][gc,metaspace   ] GC(1182) Metaspace: 19060K(19200K)->19060K(19200K) NonClass: 16393K(16448K)->16393K(16448K) Class: 2667K(2752K)->2667K(2752K)
[503.612s][info][gc             ] GC(1182) Pause Young (Mixed) (G1 Evacuation Pause) 886M->629M(978M) 81.099ms
[503.612s][info][gc,cpu         ] GC(1182) User=0.16s Sys=0.00s Real=0.08s
[503.898s][info][gc,start       ] GC(1183) Pause Young (Concurrent Start) (G1 Evacuation Pause)
[503.898s][info][gc,task        ] GC(1183) Using 2 workers of 2 for evacuation
[503.982s][info][gc,phases      ] GC(1183)   Pre Evacuate Collection Set: 0.35ms
[503.982s][info][gc,phases      ] GC(1183)   Merge Heap Roots: 0.37ms
[503.982s][info][gc,phases      ] GC(1183)   Evacuate Collection Set: 82.48ms
[503.982s][info][gc,phases      ] GC(1183)   Post Evacuate Collection Set: 0.62ms
[503.982s][info][gc,phases      ] GC(1183)   Other: 0.11ms
[503.982s][info][gc,heap        ] GC(1183) Eden regions: 246->0(195)
[503.982s][info][gc,heap        ] GC(1183) Survivor regions: 33->35(35)
[503.982s][info][gc,heap        ] GC(1183) Old regions: 589->642
[503.982s][info][gc,heap        ] GC(1183) Humongous regions: 8->8
[503.982s][info][gc,metaspace   ] GC(1183) Metaspace: 19060K(19200K)->19060K(19200K) NonClass: 16393K(16448K)->16393K(16448K) Class: 2667K(2752K)->2667K(2752K)
[503.982s][info][gc             ] GC(1183) Pause Young (Concurrent Start) (G1 Evacuation Pause) 875M->684M(978M) 84.210ms
[503.982s][info][gc             ] GC(1184) Concurrent Mark Cycle
[503.982s][info][gc,marking     ] GC(1184) Concurrent Scan Root Regions
[503.984s][info][gc,cpu         ] GC(1183) User=0.17s Sys=0.00s Real=0.09s
[504.085s][info][gc,marking     ] GC(1184) Concurrent Scan Root Regions 103.569ms
[504.086s][info][gc,marking     ] GC(1184) Concurrent Mark
[504.086s][info][gc,marking     ] GC(1184) Concurrent Mark From Roots
[504.086s][info][gc,task        ] GC(1184) Using 1 workers of 1 for marking
[504.458s][info][gc,start       ] GC(1185) Pause Young (Normal) (G1 Evacuation Pause)
[504.458s][info][gc,task        ] GC(1185) Using 2 workers of 2 for evacuation
[504.544s][info][gc,phases      ] GC(1185)   Pre Evacuate Collection Set: 0.51ms
[504.544s][info][gc,phases      ] GC(1185)   Merge Heap Roots: 0.40ms
[504.544s][info][gc,phases      ] GC(1185)   Evacuate Collection Set: 83.97ms
[504.544s][info][gc,phases      ] GC(1185)   Post Evacuate Collection Set: 0.57ms
[504.544s][info][gc,phases      ] GC(1185)   Other: 0.09ms
[504.544s][info][gc,heap        ] GC(1185) Eden regions: 195->0(166)
[504.544s][info][gc,heap        ] GC(1185) Survivor regions: 35->29(29)
[504.544s][info][gc,heap        ] GC(1185) Old regions: 642->682
[504.544s][info][gc,heap        ] GC(1185) Humongous regions: 11->11
[504.544s][info][gc,metaspace   ] GC(1185) Metaspace: 19060K(19200K)->19060K(19200K) NonClass: 16393K(16448K)->16393K(16448K) Class: 2667K(2752K)->2667K(2752K)
[504.544s][info][gc             ] GC(1185) Pause Young (Normal) (G1 Evacuation Pause) 882M->721M(978M) 85.810ms
[504.544s][info][gc,cpu         ] GC(1185) User=0.17s Sys=0.00s Real=0.09s
[504.779s][info][gc,start       ] GC(1186) Pause Young (Normal) (G1 Evacuation Pause)
[504.779s][info][gc,task        ] GC(1186) Using 2 workers of 2 for evacuation
[504.843s][info][gc,phases      ] GC(1186)   Pre Evacuate Collection Set: 0.51ms
[504.843s][info][gc,phases      ] GC(1186)   Merge Heap Roots: 0.32ms
[504.843s][info][gc,phases      ] GC(1186)   Evacuate Collection Set: 62.00ms
[504.843s][info][gc,phases      ] GC(1186)   Post Evacuate Collection Set: 0.42ms
[504.843s][info][gc,phases      ] GC(1186)   Other: 0.09ms
[504.843s][info][gc,heap        ] GC(1186) Eden regions: 166->0(154)
[504.843s][info][gc,heap        ] GC(1186) Survivor regions: 29->22(25)
[504.843s][info][gc,heap        ] GC(1186) Old regions: 682->711
[504.843s][info][gc,heap        ] GC(1186) Humongous regions: 11->11
[504.843s][info][gc,metaspace   ] GC(1186) Metaspace: 19060K(19200K)->19060K(19200K) NonClass: 16393K(16448K)->16393K(16448K) Class: 2667K(2752K)->2667K(2752K)
[504.843s][info][gc             ] GC(1186) Pause Young (Normal) (G1 Evacuation Pause) 887M->743M(978M) 63.564ms
[504.843s][info][gc,cpu         ] GC(1186) User=0.13s Sys=0.00s Real=0.06s
[505.089s][info][gc,start       ] GC(1187) Pause Young (Normal) (G1 Evacuation Pause)
[505.089s][info][gc,task        ] GC(1187) Using 2 workers of 2 for evacuation
[505.117s][info][gc,phases      ] GC(1187)   Pre Evacuate Collection Set: 0.51ms
[505.117s][info][gc,phases      ] GC(1187)   Merge Heap Roots: 0.20ms
[505.117s][info][gc,phases      ] GC(1187)   Evacuate Collection Set: 26.26ms
[505.117s][info][gc,phases      ] GC(1187)   Post Evacuate Collection Set: 0.39ms
[505.117s][info][gc,phases      ] GC(1187)   Other: 0.08ms
[505.117s][info][gc,heap        ] GC(1187) Eden regions: 154->0(164)
[505.117s][info][gc,heap        ] GC(1187) Survivor regions: 22->1(22)
[505.117s][info][gc,heap        ] GC(1187) Old regions: 711->733
[505.117s][info][gc,heap        ] GC(1187) Humongous regions: 11->11
[505.117s][info][gc,metaspace   ] GC(1187) Metaspace: 19060K(19200K)->19060K(19200K) NonClass: 16393K(16448K)->16393K(16448K) Class: 2667K(2752K)->2667K(2752K)
[505.117s][info][gc             ] GC(1187) Pause Young (Normal) (G1 Evacuation Pause) 897M->744M(978M) 27.658ms
[505.117s][info][gc,cpu         ] GC(1187) User=0.05s Sys=0.00s Real=0.03s
[505.132s][info][gc,marking     ] GC(1184) Concurrent Mark From Roots 1046.914ms
[505.132s][info][gc,marking     ] GC(1184) Concurrent Preclean
[505.133s][info][gc,marking     ] GC(1184) Concurrent Preclean 0.037ms
[505.133s][info][gc,start       ] GC(1184) Pause Remark
[505.141s][info][gc             ] GC(1184) Pause Remark 750M->569M(978M) 7.840ms
[505.141s][info][gc,cpu         ] GC(1184) User=0.01s Sys=0.01s Real=0.01s
[505.141s][info][gc,marking     ] GC(1184) Concurrent Mark 1055.085ms
[505.141s][info][gc,marking     ] GC(1184) Concurrent Rebuild Remembered Sets and Scrub Regions
[505.436s][info][gc,start       ] GC(1188) Pause Young (Normal) (G1 Evacuation Pause)
[505.436s][info][gc,task        ] GC(1188) Using 2 workers of 2 for evacuation
[505.446s][info][gc,phases      ] GC(1188)   Pre Evacuate Collection Set: 0.32ms
[505.446s][info][gc,phases      ] GC(1188)   Merge Heap Roots: 0.17ms
[505.446s][info][gc,phases      ] GC(1188)   Evacuate Collection Set: 8.89ms
[505.446s][info][gc,phases      ] GC(1188)   Post Evacuate Collection Set: 0.37ms
[505.446s][info][gc,phases      ] GC(1188)   Other: 0.09ms
[505.446s][info][gc,heap        ] GC(1188) Eden regions: 164->0(292)
[505.446s][info][gc,heap        ] GC(1188) Survivor regions: 1->5(21)
[505.446s][info][gc,heap        ] GC(1188) Old regions: 556->556
[505.446s][info][gc,heap        ] GC(1188) Humongous regions: 7->7
[505.446s][info][gc,metaspace   ] GC(1188) Metaspace: 19060K(19200K)->19060K(19200K) NonClass: 16393K(16448K)->16393K(16448K) Class: 2667K(2752K)->2667K(2752K)
[505.446s][info][gc             ] GC(1188) Pause Young (Normal) (G1 Evacuation Pause) 727M->567M(978M) 10.066ms
[505.446s][info][gc,cpu         ] GC(1188) User=0.02s Sys=0.00s Real=0.01s
[505.674s][info][gc,marking     ] GC(1184) Concurrent Rebuild Remembered Sets and Scrub Regions 533.063ms
[505.674s][info][gc,start       ] GC(1184) Pause Cleanup
[505.674s][info][gc             ] GC(1184) Pause Cleanup 663M->663M(978M) 0.128ms
[505.674s][info][gc,cpu         ] GC(1184) User=0.00s Sys=0.00s Real=0.00s
[505.674s][info][gc,marking     ] GC(1184) Concurrent Clear Claimed Marks
[505.674s][info][gc,marking     ] GC(1184) Concurrent Clear Claimed Marks 0.033ms
[505.674s][info][gc,marking     ] GC(1184) Concurrent Cleanup for Next Mark
[505.677s][info][gc,marking     ] GC(1184) Concurrent Cleanup for Next Mark 2.834ms
[505.677s][info][gc             ] GC(1184) Concurrent Mark Cycle 1695.134ms
[506.108s][info][gc,start       ] GC(1189) Pause Young (Prepare Mixed) (G1 Evacuation Pause)
[506.108s][info][gc,task        ] GC(1189) Using 2 workers of 2 for evacuation
[506.146s][info][gc,phases      ] GC(1189)   Pre Evacuate Collection Set: 0.30ms
[506.146s][info][gc,phases      ] GC(1189)   Merge Heap Roots: 0.31ms
[506.146s][info][gc,phases      ] GC(1189)   Evacuate Collection Set: 36.29ms
[506.146s][info][gc,phases      ] GC(1189)   Post Evacuate Collection Set: 0.53ms
[506.146s][info][gc,phases      ] GC(1189)   Other: 0.11ms
[506.146s][info][gc,heap        ] GC(1189) Eden regions: 292->0(276)
[506.146s][info][gc,heap        ] GC(1189) Survivor regions: 5->32(38)
[506.146s][info][gc,heap        ] GC(1189) Old regions: 556->556
[506.146s][info][gc,heap        ] GC(1189) Humongous regions: 7->7
[506.146s][info][gc,metaspace   ] GC(1189) Metaspace: 19060K(19200K)->19060K(19200K) NonClass: 16393K(16448K)->16393K(16448K) Class: 2667K(2752K)->2667K(2752K)
[506.146s][info][gc             ] GC(1189) Pause Young (Prepare Mixed) (G1 Evacuation Pause) 859M->594M(978M) 37.813ms
[506.146s][info][gc,cpu         ] GC(1189) User=0.07s Sys=0.00s Real=0.04s
[506.753s][info][gc,start       ] GC(1190) Pause Young (Mixed) (G1 Evacuation Pause)
[506.753s][info][gc,task        ] GC(1190) Using 2 workers of 2 for evacuation
[506.799s][info][gc,phases      ] GC(1190)   Pre Evacuate Collection Set: 0.35ms
[506.799s][info][gc,phases      ] GC(1190)   Merge Heap Roots: 0.60ms
[506.799s][info][gc,phases      ] GC(1190)   Evacuate Collection Set: 44.48ms
[506.799s][info][gc,phases      ] GC(1190)   Post Evacuate Collection Set: 0.56ms
[506.799s][info][gc,phases      ] GC(1190)   Other: 0.11ms
[506.799s][info][gc,heap        ] GC(1190) Eden regions: 276->0(319)
[506.799s][info][gc,heap        ] GC(1190) Survivor regions: 32->1(39)
[506.799s][info][gc,heap        ] GC(1190) Old regions: 556->554
[506.800s][info][gc,heap        ] GC(1190) Humongous regions: 7->7
[506.800s][info][gc,metaspace   ] GC(1190) Metaspace: 19060K(19200K)->19060K(19200K) NonClass: 16393K(16448K)->16393K(16448K) Class: 2667K(2752K)->2667K(2752K)
[506.800s][info][gc             ] GC(1190) Pause Young (Mixed) (G1 Evacuation Pause) 870M->561M(978M) 46.369ms
[506.800s][info][gc,cpu         ] GC(1190) User=0.09s Sys=0.00s Real=0.04s
[507.223s][info][gc,start       ] GC(1191) Pause Young (Concurrent Start) (G1 Evacuation Pause)
[507.223s][info][gc,task        ] GC(1191) Using 2 workers of 2 for evacuation
[507.290s][info][gc,phases      ] GC(1191)   Pre Evacuate Collection Set: 0.36ms
[507.290s][info][gc,phases      ] GC(1191)   Merge Heap Roots: 0.12ms
[507.290s][info][gc,phases      ] GC(1191)   Evacuate Collection Set: 65.36ms
[507.290s][info][gc,phases      ] GC(1191)   Post Evacuate Collection Set: 0.78ms
[507.290s][info][gc,phases      ] GC(1191)   Other: 0.12ms
[507.290s][info][gc,heap        ] GC(1191) Eden regions: 319->0(235)
[507.290s][info][gc,heap        ] GC(1191) Survivor regions: 1->40(40)
[507.290s][info][gc,heap        ] GC(1191) Old regions: 554->587
[507.290s][info][gc,heap        ] GC(1191) Humongous regions: 7->7
[507.290s][info][gc,metaspace   ] GC(1191) Metaspace: 19060K(19200K)->19060K(19200K) NonClass: 16393K(16448K)->16393K(16448K) Class: 2667K(2752K)->2667K(2752K)
[507.290s][info][gc             ] GC(1191) Pause Young (Concurrent Start) (G1 Evacuation Pause) 880M->633M(978M) 67.000ms
[507.290s][info][gc,cpu         ] GC(1191) User=0.13s Sys=0.00s Real=0.06s
[507.290s][info][gc             ] GC(1192) Concurrent Mark Cycle
[507.290s][info][gc,marking     ] GC(1192) Concurrent Scan Root Regions
[507.354s][info][gc,marking     ] GC(1192) Concurrent Scan Root Regions 63.764ms
[507.354s][info][gc,marking     ] GC(1192) Concurrent Mark
[507.354s][info][gc,marking     ] GC(1192) Concurrent Mark From Roots
[507.354s][info][gc,task        ] GC(1192) Using 1 workers of 1 for marking
[507.726s][info][gc,start       ] GC(1193) Pause Young (Normal) (G1 Evacuation Pause)
[507.726s][info][gc,task        ] GC(1193) Using 2 workers of 2 for evacuation
[507.821s][info][gc,phases      ] GC(1193)   Pre Evacuate Collection Set: 0.52ms
[507.821s][info][gc,phases      ] GC(1193)   Merge Heap Roots: 0.42ms
[507.821s][info][gc,phases      ] GC(1193)   Evacuate Collection Set: 92.85ms
[507.821s][info][gc,phases      ] GC(1193)   Post Evacuate Collection Set: 0.62ms
[507.821s][info][gc,phases      ] GC(1193)   Other: 0.10ms
[507.821s][info][gc,heap        ] GC(1193) Eden regions: 235->0(207)
[507.821s][info][gc,heap        ] GC(1193) Survivor regions: 40->35(35)
[507.821s][info][gc,heap        ] GC(1193) Old regions: 587->627
[507.821s][info][gc,heap        ] GC(1193) Humongous regions: 10->10
[507.821s][info][gc,metaspace   ] GC(1193) Metaspace: 19060K(19200K)->19060K(19200K) NonClass: 16393K(16448K)->16393K(16448K) Class: 2667K(2752K)->2667K(2752K)
[507.821s][info][gc             ] GC(1193) Pause Young (Normal) (G1 Evacuation Pause) 871M->671M(978M) 94.847ms
[507.821s][info][gc,cpu         ] GC(1193) User=0.18s Sys=0.00s Real=0.09s
[508.250s][info][gc,start       ] GC(1194) Pause Young (Normal) (G1 Evacuation Pause)
[508.250s][info][gc,task        ] GC(1194) Using 2 workers of 2 for evacuation
[508.325s][info][gc,phases      ] GC(1194)   Pre Evacuate Collection Set: 0.30ms
[508.325s][info][gc,phases      ] GC(1194)   Merge Heap Roots: 0.30ms
[508.325s][info][gc,phases      ] GC(1194)   Evacuate Collection Set: 73.34ms
[508.325s][info][gc,phases      ] GC(1194)   Post Evacuate Collection Set: 0.47ms
[508.325s][info][gc,phases      ] GC(1194)   Other: 0.10ms
[508.325s][info][gc,heap        ] GC(1194) Eden regions: 207->0(194)
[508.325s][info][gc,heap        ] GC(1194) Survivor regions: 35->24(31)
[508.325s][info][gc,heap        ] GC(1194) Old regions: 627->661
[508.325s][info][gc,heap        ] GC(1194) Humongous regions: 10->10
[508.325s][info][gc,metaspace   ] GC(1194) Metaspace: 19060K(19200K)->19060K(19200K) NonClass: 16393K(16448K)->16393K(16448K) Class: 2667K(2752K)->2667K(2752K)
[508.325s][info][gc             ] GC(1194) Pause Young (Normal) (G1 Evacuation Pause) 878M->694M(978M) 74.785ms
[508.325s][info][gc,cpu         ] GC(1194) User=0.15s Sys=0.00s Real=0.08s
[508.622s][info][gc,start       ] GC(1195) Pause Young (Normal) (G1 Evacuation Pause)
[508.622s][info][gc,task        ] GC(1195) Using 2 workers of 2 for evacuation
[508.650s][info][gc,phases      ] GC(1195)   Pre Evacuate Collection Set: 0.54ms
[508.650s][info][gc,phases      ] GC(1195)   Merge Heap Roots: 0.19ms
[508.650s][info][gc,phases      ] GC(1195)   Evacuate Collection Set: 26.62ms
[508.650s][info][gc,phases      ] GC(1195)   Post Evacuate Collection Set: 0.41ms
[508.650s][info][gc,phases      ] GC(1195)   Other: 0.09ms
[508.650s][info][gc,heap        ] GC(1195) Eden regions: 194->0(206)
[508.650s][info][gc,heap        ] GC(1195) Survivor regions: 24->1(28)
[508.650s][info][gc,heap        ] GC(1195) Old regions: 661->685
[508.650s][info][gc,heap        ] GC(1195) Humongous regions: 10->10
[508.650s][info][gc,metaspace   ] GC(1195) Metaspace: 19060K(19200K)->19060K(19200K) NonClass: 16393K(16448K)->16393K(16448K) Class: 2667K(2752K)->2667K(2752K)
[508.650s][info][gc             ] GC(1195) Pause Young (Normal) (G1 Evacuation Pause) 888M->695M(978M) 28.077ms
[508.650s][info][gc,cpu         ] GC(1195) User=0.05s Sys=0.00s Real=0.03s
[509.011s][info][gc,marking     ] GC(1192) Concurrent Mark From Roots 1657.118ms
[509.011s][info][gc,marking     ] GC(1192) Concurrent Preclean
[509.011s][info][gc,marking     ] GC(1192) Concurrent Preclean 0.049ms
[509.011s][info][gc,start       ] GC(1192) Pause Remark
[509.019s][info][gc             ] GC(1192) Pause Remark 845M->830M(978M) 7.865ms
[509.019s][info][gc,cpu         ] GC(1192) User=0.01s Sys=0.00s Real=0.01s
[509.020s][info][gc,marking     ] GC(1192) Concurrent Mark 1665.914ms
[509.020s][info][gc,marking     ] GC(1192) Concurrent Rebuild Remembered Sets and Scrub Regions
[509.162s][info][gc,start       ] GC(1196) Pause Young (Normal) (G1 Evacuation Pause)
[509.162s][info][gc,task        ] GC(1196) Using 2 workers of 2 for evacuation
[509.193s][info][gc,phases      ] GC(1196)   Pre Evacuate Collection Set: 0.29ms
[509.193s][info][gc,phases      ] GC(1196)   Merge Heap Roots: 0.45ms
[509.193s][info][gc,phases      ] GC(1196)   Evacuate Collection Set: 29.62ms
[509.193s][info][gc,phases      ] GC(1196)   Post Evacuate Collection Set: 0.40ms
[509.193s][info][gc,phases      ] GC(1196)   Other: 0.09ms
[509.193s][info][gc,heap        ] GC(1196) Eden regions: 206->0(210)
[509.193s][info][gc,heap        ] GC(1196) Survivor regions: 1->14(26)
[509.193s][info][gc,heap        ] GC(1196) Old regions: 671->671
[509.193s][info][gc,heap        ] GC(1196) Humongous regions: 9->9
[509.193s][info][gc,metaspace   ] GC(1196) Metaspace: 19060K(19200K)->19060K(19200K) NonClass: 16393K(16448K)->16393K(16448K) Class: 2667K(2752K)->2667K(2752K)
[509.193s][info][gc             ] GC(1196) Pause Young (Normal) (G1 Evacuation Pause) 886M->693M(978M) 31.128ms
[509.193s][info][gc,cpu         ] GC(1196) User=0.06s Sys=0.00s Real=0.04s
[509.639s][info][gc,marking     ] GC(1192) Concurrent Rebuild Remembered Sets and Scrub Regions 618.591ms
[509.639s][info][gc,start       ] GC(1192) Pause Cleanup
[509.639s][info][gc             ] GC(1192) Pause Cleanup 896M->896M(978M) 0.121ms
[509.639s][info][gc,cpu         ] GC(1192) User=0.00s Sys=0.00s Real=0.00s
[509.639s][info][gc,marking     ] GC(1192) Concurrent Clear Claimed Marks
[509.639s][info][gc,marking     ] GC(1192) Concurrent Clear Claimed Marks 0.038ms
[509.639s][info][gc,marking     ] GC(1192) Concurrent Cleanup for Next Mark
[509.642s][info][gc,marking     ] GC(1192) Concurrent Cleanup for Next Mark 2.935ms
[509.642s][info][gc             ] GC(1192) Concurrent Mark Cycle 2351.782ms
[509.661s][info][gc,start       ] GC(1197) Pause Young (Prepare Mixed) (G1 Evacuation Pause)
[509.662s][info][gc,task        ] GC(1197) Using 2 workers of 2 for evacuation
[509.708s][info][gc,phases      ] GC(1197)   Pre Evacuate Collection Set: 0.26ms
[509.708s][info][gc,phases      ] GC(1197)   Merge Heap Roots: 0.32ms
[509.708s][info][gc,phases      ] GC(1197)   Evacuate Collection Set: 45.55ms
[509.708s][info][gc,phases      ] GC(1197)   Post Evacuate Collection Set: 0.44ms
[509.708s][info][gc,phases      ] GC(1197)   Other: 0.07ms
[509.708s][info][gc,heap        ] GC(1197) Eden regions: 210->0(180)
[509.708s][info][gc,heap        ] GC(1197) Survivor regions: 14->28(28)
[509.708s][info][gc,heap        ] GC(1197) Old regions: 671->683
[509.708s][info][gc,heap        ] GC(1197) Humongous regions: 9->9
[509.708s][info][gc,metaspace   ] GC(1197) Metaspace: 19060K(19200K)->19060K(19200K) NonClass: 16393K(16448K)->16393K(16448K) Class: 2667K(2752K)->2667K(2752K)
[509.708s][info][gc             ] GC(1197) Pause Young (Prepare Mixed) (G1 Evacuation Pause) 903M->719M(978M) 46.807ms
[509.708s][info][gc,cpu         ] GC(1197) User=0.09s Sys=0.00s Real=0.05s
[509.974s][info][gc,start       ] GC(1198) Pause Young (Mixed) (G1 Evacuation Pause)
[509.974s][info][gc,task        ] GC(1198) Using 2 workers of 2 for evacuation
[510.025s][info][gc,phases      ] GC(1198)   Pre Evacuate Collection Set: 0.34ms
[510.025s][info][gc,phases      ] GC(1198)   Merge Heap Roots: 0.18ms
[510.025s][info][gc,phases      ] GC(1198)   Evacuate Collection Set: 49.30ms
[510.025s][info][gc,phases      ] GC(1198)   Post Evacuate Collection Set: 0.46ms
[510.025s][info][gc,phases      ] GC(1198)   Other: 0.08ms
[510.025s][info][gc,heap        ] GC(1198) Eden regions: 180->0(172)
[510.025s][info][gc,heap        ] GC(1198) Survivor regions: 28->23(26)
[510.025s][info][gc,heap        ] GC(1198) Old regions: 683->701
[510.025s][info][gc,heap        ] GC(1198) Humongous regions: 9->9
[510.025s][info][gc,metaspace   ] GC(1198) Metaspace: 19060K(19200K)->19060K(19200K) NonClass: 16393K(16448K)->16393K(16448K) Class: 2667K(2752K)->2667K(2752K)
[510.025s][info][gc             ] GC(1198) Pause Young (Mixed) (G1 Evacuation Pause) 899M->732M(978M) 50.582ms
[510.025s][info][gc,cpu         ] GC(1198) User=0.10s Sys=0.00s Real=0.05s
[510.205s][info][gc,start       ] GC(1199) Pause Young (Concurrent Start) (G1 Evacuation Pause)
[510.205s][info][gc,task        ] GC(1199) Using 2 workers of 2 for evacuation
[510.245s][info][gc,phases      ] GC(1199)   Pre Evacuate Collection Set: 0.35ms
[510.245s][info][gc,phases      ] GC(1199)   Merge Heap Roots: 0.12ms
[510.245s][info][gc,phases      ] GC(1199)   Evacuate Collection Set: 38.87ms
[510.245s][info][gc,phases      ] GC(1199)   Post Evacuate Collection Set: 0.48ms
[510.245s][info][gc,phases      ] GC(1199)   Other: 0.11ms
[510.245s][info][gc,heap        ] GC(1199) Eden regions: 172->0(158)
[510.245s][info][gc,heap        ] GC(1199) Survivor regions: 23->21(25)
[510.245s][info][gc,heap        ] GC(1199) Old regions: 701->719
[510.245s][info][gc,heap        ] GC(1199) Humongous regions: 9->9
[510.245s][info][gc,metaspace   ] GC(1199) Metaspace: 19060K(19200K)->19060K(19200K) NonClass: 16393K(16448K)->16393K(16448K) Class: 2667K(2752K)->2667K(2752K)
[510.245s][info][gc             ] GC(1199) Pause Young (Concurrent Start) (G1 Evacuation Pause) 904M->747M(978M) 40.214ms
[510.245s][info][gc,cpu         ] GC(1199) User=0.08s Sys=0.00s Real=0.04s
[510.245s][info][gc             ] GC(1200) Concurrent Mark Cycle
[510.245s][info][gc,marking     ] GC(1200) Concurrent Scan Root Regions
[510.296s][info][gc,marking     ] GC(1200) Concurrent Scan Root Regions 51.050ms
[510.296s][info][gc,marking     ] GC(1200) Concurrent Mark
[510.296s][info][gc,marking     ] GC(1200) Concurrent Mark From Roots
[510.296s][info][gc,task        ] GC(1200) Using 1 workers of 1 for marking
[510.534s][info][gc,start       ] GC(1201) Pause Young (Normal) (G1 Evacuation Pause)
[510.534s][info][gc,task        ] GC(1201) Using 2 workers of 2 for evacuation
[510.562s][info][gc,phases      ] GC(1201)   Pre Evacuate Collection Set: 0.32ms
[510.562s][info][gc,phases      ] GC(1201)   Merge Heap Roots: 0.15ms
[510.562s][info][gc,phases      ] GC(1201)   Evacuate Collection Set: 27.29ms
[510.562s][info][gc,phases      ] GC(1201)   Post Evacuate Collection Set: 0.39ms
[510.562s][info][gc,phases      ] GC(1201)   Other: 0.09ms
[510.562s][info][gc,heap        ] GC(1201) Eden regions: 158->0(167)
[510.562s][info][gc,heap        ] GC(1201) Survivor regions: 21->5(23)
[510.562s][info][gc,heap        ] GC(1201) Old regions: 719->739
[510.562s][info][gc,heap        ] GC(1201) Humongous regions: 9->9
[510.562s][info][gc,metaspace   ] GC(1201) Metaspace: 19060K(19200K)->19060K(19200K) NonClass: 16393K(16448K)->16393K(16448K) Class: 2667K(2752K)->2667K(2752K)
[510.562s][info][gc             ] GC(1201) Pause Young (Normal) (G1 Evacuation Pause) 905M->752M(978M) 28.466ms
[510.562s][info][gc,cpu         ] GC(1201) User=0.05s Sys=0.01s Real=0.02s
[511.155s][info][gc,start       ] GC(1202) Pause Young (Normal) (G1 Evacuation Pause)
[511.155s][info][gc,task        ] GC(1202) Using 2 workers of 2 for evacuation
[511.163s][info][gc,phases      ] GC(1202)   Pre Evacuate Collection Set: 0.30ms
[511.163s][info][gc,phases      ] GC(1202)   Merge Heap Roots: 0.12ms
[511.163s][info][gc,phases      ] GC(1202)   Evacuate Collection Set: 7.47ms
[511.163s][info][gc,phases      ] GC(1202)   Post Evacuate Collection Set: 0.38ms
[511.163s][info][gc,phases      ] GC(1202)   Other: 0.10ms
[511.163s][info][gc,heap        ] GC(1202) Eden regions: 167->0(166)
[511.163s][info][gc,heap        ] GC(1202) Survivor regions: 5->7(22)
[511.163s][info][gc,heap        ] GC(1202) Old regions: 739->739
[511.163s][info][gc,heap        ] GC(1202) Humongous regions: 9->9
[511.163s][info][gc,metaspace   ] GC(1202) Metaspace: 19060K(19200K)->19060K(19200K) NonClass: 16393K(16448K)->16393K(16448K) Class: 2667K(2752K)->2667K(2752K)
[511.163s][info][gc             ] GC(1202) Pause Young (Normal) (G1 Evacuation Pause) 919M->754M(978M) 8.557ms
[511.163s][info][gc,cpu         ] GC(1202) User=0.02s Sys=0.00s Real=0.01s
[511.394s][info][gc,marking     ] GC(1200) Concurrent Mark From Roots 1098.337ms
[511.394s][info][gc,marking     ] GC(1200) Concurrent Preclean
[511.394s][info][gc,marking     ] GC(1200) Concurrent Preclean 0.039ms
[511.395s][info][gc,start       ] GC(1200) Pause Remark
[511.403s][info][gc             ] GC(1200) Pause Remark 878M->618M(978M) 8.190ms
[511.403s][info][gc,cpu         ] GC(1200) User=0.02s Sys=0.00s Real=0.00s
[511.403s][info][gc,marking     ] GC(1200) Concurrent Mark 1106.887ms
[511.403s][info][gc,marking     ] GC(1200) Concurrent Rebuild Remembered Sets and Scrub Regions
[511.530s][info][gc,start       ] GC(1203) Pause Young (Normal) (G1 Evacuation Pause)
[511.530s][info][gc,task        ] GC(1203) Using 2 workers of 2 for evacuation
[511.551s][info][gc,phases      ] GC(1203)   Pre Evacuate Collection Set: 0.28ms
[511.551s][info][gc,phases      ] GC(1203)   Merge Heap Roots: 0.11ms
[511.551s][info][gc,phases      ] GC(1203)   Evacuate Collection Set: 20.71ms
[511.551s][info][gc,phases      ] GC(1203)   Post Evacuate Collection Set: 0.39ms
[511.551s][info][gc,phases      ] GC(1203)   Other: 0.08ms
[511.551s][info][gc,heap        ] GC(1203) Eden regions: 166->0(352)
[511.551s][info][gc,heap        ] GC(1203) Survivor regions: 7->21(22)
[511.551s][info][gc,heap        ] GC(1203) Old regions: 484->484
[511.551s][info][gc,heap        ] GC(1203) Humongous regions: 4->4
[511.551s][info][gc,metaspace   ] GC(1203) Metaspace: 19060K(19200K)->19060K(19200K) NonClass: 16393K(16448K)->16393K(16448K) Class: 2667K(2752K)->2667K(2752K)
[511.551s][info][gc             ] GC(1203) Pause Young (Normal) (G1 Evacuation Pause) 660M->508M(978M) 21.811ms
[511.551s][info][gc,cpu         ] GC(1203) User=0.04s Sys=0.00s Real=0.02s
[511.849s][info][gc,marking     ] GC(1200) Concurrent Rebuild Remembered Sets and Scrub Regions 445.678ms
[511.849s][info][gc,start       ] GC(1200) Pause Cleanup
[511.849s][info][gc             ] GC(1200) Pause Cleanup 736M->736M(978M) 0.174ms
[511.849s][info][gc,cpu         ] GC(1200) User=0.00s Sys=0.00s Real=0.00s
[511.849s][info][gc,marking     ] GC(1200) Concurrent Clear Claimed Marks
[511.849s][info][gc,marking     ] GC(1200) Concurrent Clear Claimed Marks 0.037ms
[511.849s][info][gc,marking     ] GC(1200) Concurrent Cleanup for Next Mark
[511.856s][info][gc,marking     ] GC(1200) Concurrent Cleanup for Next Mark 6.761ms
[511.856s][info][gc             ] GC(1200) Concurrent Mark Cycle 1611.034ms
[512.000s][info][gc,start       ] GC(1204) Pause Young (Prepare Mixed) (G1 Evacuation Pause)
[512.000s][info][gc,task        ] GC(1204) Using 2 workers of 2 for evacuation
[512.090s][info][gc,phases      ] GC(1204)   Pre Evacuate Collection Set: 0.30ms
[512.090s][info][gc,phases      ] GC(1204)   Merge Heap Roots: 0.16ms
[512.090s][info][gc,phases      ] GC(1204)   Evacuate Collection Set: 87.98ms
[512.090s][info][gc,phases      ] GC(1204)   Post Evacuate Collection Set: 0.91ms
[512.090s][info][gc,phases      ] GC(1204)   Other: 0.10ms
[512.090s][info][gc,heap        ] GC(1204) Eden regions: 352->0(282)
[512.090s][info][gc,heap        ] GC(1204) Survivor regions: 21->47(47)
[512.090s][info][gc,heap        ] GC(1204) Old regions: 484->532
[512.090s][info][gc,heap        ] GC(1204) Humongous regions: 4->4
[512.090s][info][gc,metaspace   ] GC(1204) Metaspace: 19060K(19200K)->19060K(19200K) NonClass: 16393K(16448K)->16393K(16448K) Class: 2667K(2752K)->2667K(2752K)
[512.090s][info][gc             ] GC(1204) Pause Young (Prepare Mixed) (G1 Evacuation Pause) 860M->582M(978M) 89.665ms
[512.090s][info][gc,cpu         ] GC(1204) User=0.18s Sys=0.00s Real=0.09s
[512.486s][info][gc,start       ] GC(1205) Pause Young (Mixed) (G1 Evacuation Pause)
[512.486s][info][gc,task        ] GC(1205) Using 2 workers of 2 for evacuation
[512.601s][info][gc,phases      ] GC(1205)   Pre Evacuate Collection Set: 0.35ms
[512.602s][info][gc,phases      ] GC(1205)   Merge Heap Roots: 0.48ms
[512.602s][info][gc,phases      ] GC(1205)   Evacuate Collection Set: 114.22ms
[512.602s][info][gc,phases      ] GC(1205)   Post Evacuate Collection Set: 0.70ms
[512.602s][info][gc,phases      ] GC(1205)   Other: 0.09ms
[512.602s][info][gc,heap        ] GC(1205) Eden regions: 282->0(279)
[512.602s][info][gc,heap        ] GC(1205) Survivor regions: 47->42(42)
[512.602s][info][gc,heap        ] GC(1205) Old regions: 532->520
[512.602s][info][gc,heap        ] GC(1205) Humongous regions: 7->7
[512.602s][info][gc,metaspace   ] GC(1205) Metaspace: 19060K(19200K)->19060K(19200K) NonClass: 16393K(16448K)->16393K(16448K) Class: 2667K(2752K)->2667K(2752K)
[512.602s][info][gc             ] GC(1205) Pause Young (Mixed) (G1 Evacuation Pause) 867M->568M(978M) 116.108ms
[512.602s][info][gc,cpu         ] GC(1205) User=0.23s Sys=0.00s Real=0.11s
[512.881s][info][gc,start       ] GC(1206) Pause Young (Concurrent Start) (G1 Evacuation Pause)
[512.881s][info][gc,task        ] GC(1206) Using 2 workers of 2 for evacuation
[512.940s][info][gc,phases      ] GC(1206)   Pre Evacuate Collection Set: 0.35ms
[512.940s][info][gc,phases      ] GC(1206)   Merge Heap Roots: 0.33ms
[512.940s][info][gc,phases      ] GC(1206)   Evacuate Collection Set: 57.21ms
[512.940s][info][gc,phases      ] GC(1206)   Post Evacuate Collection Set: 0.55ms
[512.940s][info][gc,phases      ] GC(1206)   Other: 0.11ms
[512.940s][info][gc,heap        ] GC(1206) Eden regions: 279->0(291)
[512.940s][info][gc,heap        ] GC(1206) Survivor regions: 42->5(41)
[512.940s][info][gc,heap        ] GC(1206) Old regions: 520->563
[512.940s][info][gc,heap        ] GC(1206) Humongous regions: 7->7
[512.940s][info][gc,metaspace   ] GC(1206) Metaspace: 19060K(19200K)->19060K(19200K) NonClass: 16393K(16448K)->16393K(16448K) Class: 2667K(2752K)->2667K(2752K)
[512.940s][info][gc             ] GC(1206) Pause Young (Concurrent Start) (G1 Evacuation Pause) 847M->574M(978M) 58.805ms
[512.940s][info][gc             ] GC(1207) Concurrent Mark Cycle
[512.940s][info][gc,cpu         ] GC(1206) User=0.11s Sys=0.00s Real=0.06s
[512.940s][info][gc,marking     ] GC(1207) Concurrent Scan Root Regions
[513.038s][info][gc,marking     ] GC(1207) Concurrent Scan Root Regions 98.099ms
[513.038s][info][gc,marking     ] GC(1207) Concurrent Mark
[513.038s][info][gc,marking     ] GC(1207) Concurrent Mark From Roots
[513.038s][info][gc,task        ] GC(1207) Using 1 workers of 1 for marking
[513.601s][info][gc,start       ] GC(1208) Pause Young (Normal) (G1 Evacuation Pause)
[513.601s][info][gc,task        ] GC(1208) Using 2 workers of 2 for evacuation
[513.651s][info][gc,phases      ] GC(1208)   Pre Evacuate Collection Set: 0.43ms
[513.651s][info][gc,phases      ] GC(1208)   Merge Heap Roots: 0.55ms
[513.651s][info][gc,phases      ] GC(1208)   Evacuate Collection Set: 48.60ms
[513.651s][info][gc,phases      ] GC(1208)   Post Evacuate Collection Set: 0.48ms
[513.651s][info][gc,phases      ] GC(1208)   Other: 0.11ms
[513.651s][info][gc,heap        ] GC(1208) Eden regions: 291->0(273)
[513.651s][info][gc,heap        ] GC(1208) Survivor regions: 5->32(37)
[513.651s][info][gc,heap        ] GC(1208) Old regions: 563->563
[513.651s][info][gc,heap        ] GC(1208) Humongous regions: 7->7
[513.651s][info][gc,metaspace   ] GC(1208) Metaspace: 19060K(19200K)->19060K(19200K) NonClass: 16393K(16448K)->16393K(16448K) Class: 2667K(2752K)->2667K(2752K)
[513.651s][info][gc             ] GC(1208) Pause Young (Normal) (G1 Evacuation Pause) 865M->601M(978M) 50.374ms
[513.651s][info][gc,cpu         ] GC(1208) User=0.10s Sys=0.00s Real=0.05s
[514.358s][info][gc,marking     ] GC(1207) Concurrent Mark From Roots 1319.368ms
[514.358s][info][gc,marking     ] GC(1207) Concurrent Preclean
[514.358s][info][gc,marking     ] GC(1207) Concurrent Preclean 0.047ms
[514.358s][info][gc,start       ] GC(1207) Pause Remark
[514.365s][info][gc             ] GC(1207) Pause Remark 860M->836M(978M) 7.713ms
[514.366s][info][gc,cpu         ] GC(1207) User=0.02s Sys=0.00s Real=0.01s
[514.368s][info][gc,marking     ] GC(1207) Concurrent Mark 1329.480ms
[514.368s][info][gc,marking     ] GC(1207) Concurrent Rebuild Remembered Sets and Scrub Regions
[514.396s][info][gc,start       ] GC(1209) Pause Young (Normal) (G1 Evacuation Pause)
[514.397s][info][gc,task        ] GC(1209) Using 2 workers of 2 for evacuation
[514.485s][info][gc,phases      ] GC(1209)   Pre Evacuate Collection Set: 0.47ms
[514.485s][info][gc,phases      ] GC(1209)   Merge Heap Roots: 0.25ms
[514.485s][info][gc,phases      ] GC(1209)   Evacuate Collection Set: 87.20ms
[514.485s][info][gc,phases      ] GC(1209)   Post Evacuate Collection Set: 0.57ms
[514.485s][info][gc,phases      ] GC(1209)   Other: 0.10ms
[514.485s][info][gc,heap        ] GC(1209) Eden regions: 273->0(243)
[514.485s][info][gc,heap        ] GC(1209) Survivor regions: 32->39(39)
[514.485s][info][gc,heap        ] GC(1209) Old regions: 540->582
[514.485s][info][gc,heap        ] GC(1209) Humongous regions: 7->7
[514.485s][info][gc,metaspace   ] GC(1209) Metaspace: 19060K(19200K)->19060K(19200K) NonClass: 16393K(16448K)->16393K(16448K) Class: 2667K(2752K)->2667K(2752K)
[514.485s][info][gc             ] GC(1209) Pause Young (Normal) (G1 Evacuation Pause) 851M->627M(978M) 88.821ms
[514.485s][info][gc,cpu         ] GC(1209) User=0.17s Sys=0.00s Real=0.09s
[514.902s][info][gc,marking     ] GC(1207) Concurrent Rebuild Remembered Sets and Scrub Regions 534.694ms
[514.903s][info][gc,start       ] GC(1207) Pause Cleanup
[514.903s][info][gc             ] GC(1207) Pause Cleanup 771M->771M(978M) 0.117ms
[514.903s][info][gc,cpu         ] GC(1207) User=0.00s Sys=0.00s Real=0.00s
[514.904s][info][gc,marking     ] GC(1207) Concurrent Clear Claimed Marks
[514.904s][info][gc,marking     ] GC(1207) Concurrent Clear Claimed Marks 0.048ms
[514.904s][info][gc,marking     ] GC(1207) Concurrent Cleanup for Next Mark
[514.909s][info][gc,marking     ] GC(1207) Concurrent Cleanup for Next Mark 4.968ms
[514.909s][info][gc             ] GC(1207) Concurrent Mark Cycle 1969.290ms
[515.018s][info][gc,start       ] GC(1210) Pause Young (Prepare Mixed) (G1 Evacuation Pause)
[515.018s][info][gc,task        ] GC(1210) Using 2 workers of 2 for evacuation
[515.078s][info][gc,phases      ] GC(1210)   Pre Evacuate Collection Set: 0.53ms
[515.078s][info][gc,phases      ] GC(1210)   Merge Heap Roots: 0.23ms
[515.078s][info][gc,phases      ] GC(1210)   Evacuate Collection Set: 57.85ms
[515.078s][info][gc,phases      ] GC(1210)   Post Evacuate Collection Set: 0.53ms
[515.078s][info][gc,phases      ] GC(1210)   Other: 0.10ms
[515.078s][info][gc,heap        ] GC(1210) Eden regions: 243->0(236)
[515.078s][info][gc,heap        ] GC(1210) Survivor regions: 39->19(36)
[515.078s][info][gc,heap        ] GC(1210) Old regions: 582->621
[515.078s][info][gc,heap        ] GC(1210) Humongous regions: 7->7
[515.078s][info][gc,metaspace   ] GC(1210) Metaspace: 19060K(19200K)->19060K(19200K) NonClass: 16393K(16448K)->16393K(16448K) Class: 2667K(2752K)->2667K(2752K)
[515.078s][info][gc             ] GC(1210) Pause Young (Prepare Mixed) (G1 Evacuation Pause) 870M->646M(978M) 59.478ms
[515.078s][info][gc,cpu         ] GC(1210) User=0.11s Sys=0.00s Real=0.06s
[515.325s][info][gc,start       ] GC(1211) Pause Young (Mixed) (G1 Evacuation Pause)
[515.325s][info][gc,task        ] GC(1211) Using 2 workers of 2 for evacuation
[515.357s][info][gc,phases      ] GC(1211)   Pre Evacuate Collection Set: 0.35ms
[515.357s][info][gc,phases      ] GC(1211)   Merge Heap Roots: 0.20ms
[515.357s][info][gc,phases      ] GC(1211)   Evacuate Collection Set: 30.32ms
[515.357s][info][gc,phases      ] GC(1211)   Post Evacuate Collection Set: 0.48ms
[515.357s][info][gc,phases      ] GC(1211)   Other: 0.08ms
[515.357s][info][gc,heap        ] GC(1211) Eden regions: 236->0(254)
[515.357s][info][gc,heap        ] GC(1211) Survivor regions: 19->11(32)
[515.357s][info][gc,heap        ] GC(1211) Old regions: 621->613
[515.357s][info][gc,heap        ] GC(1211) Humongous regions: 7->7
[515.357s][info][gc,metaspace   ] GC(1211) Metaspace: 19060K(19200K)->19060K(19200K) NonClass: 16393K(16448K)->16393K(16448K) Class: 2667K(2752K)->2667K(2752K)
[515.357s][info][gc             ] GC(1211) Pause Young (Mixed) (G1 Evacuation Pause) 882M->630M(978M) 31.677ms
[515.357s][info][gc,cpu         ] GC(1211) User=0.06s Sys=0.00s Real=0.03s
[515.857s][info][gc,start       ] GC(1212) Pause Young (Concurrent Start) (G1 Evacuation Pause)
[515.857s][info][gc,task        ] GC(1212) Using 2 workers of 2 for evacuation
[515.881s][info][gc,phases      ] GC(1212)   Pre Evacuate Collection Set: 0.32ms
[515.881s][info][gc,phases      ] GC(1212)   Merge Heap Roots: 0.19ms
[515.881s][info][gc,phases      ] GC(1212)   Evacuate Collection Set: 22.34ms
[515.881s][info][gc,phases      ] GC(1212)   Post Evacuate Collection Set: 0.52ms
[515.881s][info][gc,phases      ] GC(1212)   Other: 0.11ms
[515.881s][info][gc,heap        ] GC(1212) Eden regions: 254->0(257)
[515.881s][info][gc,heap        ] GC(1212) Survivor regions: 11->20(34)
[515.881s][info][gc,heap        ] GC(1212) Old regions: 613->613
[515.881s][info][gc,heap        ] GC(1212) Humongous regions: 7->7
[515.881s][info][gc,metaspace   ] GC(1212) Metaspace: 19060K(19200K)->19060K(19200K) NonClass: 16393K(16448K)->16393K(16448K) Class: 2667K(2752K)->2667K(2752K)
[515.881s][info][gc             ] GC(1212) Pause Young (Concurrent Start) (G1 Evacuation Pause) 884M->639M(978M) 23.773ms
[515.881s][info][gc,cpu         ] GC(1212) User=0.04s Sys=0.00s Real=0.02s
[515.881s][info][gc             ] GC(1213) Concurrent Mark Cycle
[515.881s][info][gc,marking     ] GC(1213) Concurrent Scan Root Regions
[515.919s][info][gc,marking     ] GC(1213) Concurrent Scan Root Regions 37.961ms
[515.919s][info][gc,marking     ] GC(1213) Concurrent Mark
[515.919s][info][gc,marking     ] GC(1213) Concurrent Mark From Roots
[515.919s][info][gc,task        ] GC(1213) Using 1 workers of 1 for marking
[516.651s][info][gc,start       ] GC(1214) Pause Young (Normal) (G1 Evacuation Pause)
[516.651s][info][gc,task        ] GC(1214) Using 2 workers of 2 for evacuation
[516.681s][info][gc,phases      ] GC(1214)   Pre Evacuate Collection Set: 0.29ms
[516.681s][info][gc,phases      ] GC(1214)   Merge Heap Roots: 0.36ms
[516.681s][info][gc,phases      ] GC(1214)   Evacuate Collection Set: 28.59ms
[516.681s][info][gc,phases      ] GC(1214)   Post Evacuate Collection Set: 0.47ms
[516.681s][info][gc,phases      ] GC(1214)   Other: 0.09ms
[516.681s][info][gc,heap        ] GC(1214) Eden regions: 257->0(271)
[516.681s][info][gc,heap        ] GC(1214) Survivor regions: 20->10(35)
[516.681s][info][gc,heap        ] GC(1214) Old regions: 613->624
[516.681s][info][gc,heap        ] GC(1214) Humongous regions: 7->7
[516.681s][info][gc,metaspace   ] GC(1214) Metaspace: 19060K(19200K)->19060K(19200K) NonClass: 16393K(16448K)->16393K(16448K) Class: 2667K(2752K)->2667K(2752K)
[516.681s][info][gc             ] GC(1214) Pause Young (Normal) (G1 Evacuation Pause) 896M->640M(978M) 30.015ms
[516.681s][info][gc,cpu         ] GC(1214) User=0.06s Sys=0.00s Real=0.03s
[517.225s][info][gc,marking     ] GC(1213) Concurrent Mark From Roots 1305.770ms
[517.225s][info][gc,marking     ] GC(1213) Concurrent Preclean
[517.225s][info][gc,marking     ] GC(1213) Concurrent Preclean 0.037ms
[517.225s][info][gc,start       ] GC(1213) Pause Remark
[517.233s][info][gc             ] GC(1213) Pause Remark 883M->729M(978M) 7.781ms
[517.233s][info][gc,cpu         ] GC(1213) User=0.01s Sys=0.00s Real=0.00s
[517.233s][info][gc,marking     ] GC(1213) Concurrent Mark 1313.847ms
[517.233s][info][gc,marking     ] GC(1213) Concurrent Rebuild Remembered Sets and Scrub Regions
[517.286s][info][gc,start       ] GC(1215) Pause Young (Normal) (G1 Evacuation Pause)
[517.286s][info][gc,task        ] GC(1215) Using 2 workers of 2 for evacuation
[517.373s][info][gc,phases      ] GC(1215)   Pre Evacuate Collection Set: 0.44ms
[517.373s][info][gc,phases      ] GC(1215)   Merge Heap Roots: 0.48ms
[517.373s][info][gc,phases      ] GC(1215)   Evacuate Collection Set: 84.55ms
[517.373s][info][gc,phases      ] GC(1215)   Post Evacuate Collection Set: 0.76ms
[517.373s][info][gc,phases      ] GC(1215)   Other: 0.10ms
[517.373s][info][gc,heap        ] GC(1215) Eden regions: 271->0(303)
[517.373s][info][gc,heap        ] GC(1215) Survivor regions: 10->36(36)
[517.373s][info][gc,heap        ] GC(1215) Old regions: 472->514
[517.373s][info][gc,heap        ] GC(1215) Humongous regions: 5->5
[517.373s][info][gc,metaspace   ] GC(1215) Metaspace: 19060K(19200K)->19060K(19200K) NonClass: 16393K(16448K)->16393K(16448K) Class: 2667K(2752K)->2667K(2752K)
[517.373s][info][gc             ] GC(1215) Pause Young (Normal) (G1 Evacuation Pause) 757M->554M(978M) 86.532ms
[517.373s][info][gc,cpu         ] GC(1215) User=0.17s Sys=0.00s Real=0.08s
[517.688s][info][gc,marking     ] GC(1213) Concurrent Rebuild Remembered Sets and Scrub Regions 455.099ms
[517.688s][info][gc,start       ] GC(1213) Pause Cleanup
[517.688s][info][gc             ] GC(1213) Pause Cleanup 708M->708M(978M) 0.180ms
[517.688s][info][gc,cpu         ] GC(1213) User=0.00s Sys=0.00s Real=0.00s
[517.691s][info][gc,marking     ] GC(1213) Concurrent Clear Claimed Marks
[517.691s][info][gc,marking     ] GC(1213) Concurrent Clear Claimed Marks 0.045ms
[517.691s][info][gc,marking     ] GC(1213) Concurrent Cleanup for Next Mark
[517.696s][info][gc,marking     ] GC(1213) Concurrent Cleanup for Next Mark 4.943ms
[517.696s][info][gc             ] GC(1213) Concurrent Mark Cycle 1815.061ms
[517.833s][info][gc,start       ] GC(1216) Pause Young (Prepare Mixed) (G1 Evacuation Pause)
[517.833s][info][gc,task        ] GC(1216) Using 2 workers of 2 for evacuation
[517.943s][info][gc,phases      ] GC(1216)   Pre Evacuate Collection Set: 0.55ms
[517.943s][info][gc,phases      ] GC(1216)   Merge Heap Roots: 0.61ms
[517.943s][info][gc,phases      ] GC(1216)   Evacuate Collection Set: 107.76ms
[517.943s][info][gc,phases      ] GC(1216)   Post Evacuate Collection Set: 0.78ms
[517.943s][info][gc,phases      ] GC(1216)   Other: 0.10ms
[517.943s][info][gc,heap        ] GC(1216) Eden regions: 303->0(240)
[517.943s][info][gc,heap        ] GC(1216) Survivor regions: 36->43(43)
[517.943s][info][gc,heap        ] GC(1216) Old regions: 514->563
[517.943s][info][gc,heap        ] GC(1216) Humongous regions: 8->8
[517.943s][info][gc,metaspace   ] GC(1216) Metaspace: 19060K(19200K)->19060K(19200K) NonClass: 16393K(16448K)->16393K(16448K) Class: 2667K(2752K)->2667K(2752K)
[517.943s][info][gc             ] GC(1216) Pause Young (Prepare Mixed) (G1 Evacuation Pause) 860M->613M(978M) 110.006ms
[517.943s][info][gc,cpu         ] GC(1216) User=0.21s Sys=0.00s Real=0.11s
[518.178s][info][gc,start       ] GC(1217) Pause Young (Mixed) (G1 Evacuation Pause)
[518.178s][info][gc,task        ] GC(1217) Using 2 workers of 2 for evacuation
[518.259s][info][gc,phases      ] GC(1217)   Pre Evacuate Collection Set: 0.35ms
[518.259s][info][gc,phases      ] GC(1217)   Merge Heap Roots: 0.45ms
[518.259s][info][gc,phases      ] GC(1217)   Evacuate Collection Set: 79.50ms
[518.259s][info][gc,phases      ] GC(1217)   Post Evacuate Collection Set: 0.56ms
[518.259s][info][gc,phases      ] GC(1217)   Other: 0.09ms
[518.259s][info][gc,heap        ] GC(1217) Eden regions: 240->0(228)
[518.259s][info][gc,heap        ] GC(1217) Survivor regions: 43->32(36)
[518.259s][info][gc,heap        ] GC(1217) Old regions: 563->597
[518.259s][info][gc,heap        ] GC(1217) Humongous regions: 8->8
[518.259s][info][gc,metaspace   ] GC(1217) Metaspace: 19060K(19200K)->19060K(19200K) NonClass: 16393K(16448K)->16393K(16448K) Class: 2667K(2752K)->2667K(2752K)
[518.259s][info][gc             ] GC(1217) Pause Young (Mixed) (G1 Evacuation Pause) 853M->635M(978M) 81.197ms
[518.259s][info][gc,cpu         ] GC(1217) User=0.16s Sys=0.00s Real=0.08s
[518.358s][info][gc,start       ] GC(1218) Pause Young (Concurrent Start) (G1 Humongous Allocation)
[518.358s][info][gc,task        ] GC(1218) Using 2 workers of 2 for evacuation
[518.396s][info][gc,phases      ] GC(1218)   Pre Evacuate Collection Set: 0.35ms
[518.396s][info][gc,phases      ] GC(1218)   Merge Heap Roots: 0.20ms
[518.396s][info][gc,phases      ] GC(1218)   Evacuate Collection Set: 36.72ms
[518.396s][info][gc,phases      ] GC(1218)   Post Evacuate Collection Set: 0.43ms
[518.396s][info][gc,phases      ] GC(1218)   Other: 0.21ms
[518.396s][info][gc,heap        ] GC(1218) Eden regions: 68->0(238)
[518.396s][info][gc,heap        ] GC(1218) Survivor regions: 32->6(33)
[518.396s][info][gc,heap        ] GC(1218) Old regions: 597->628
[518.396s][info][gc,heap        ] GC(1218) Humongous regions: 8->8
[518.396s][info][gc,metaspace   ] GC(1218) Metaspace: 19060K(19200K)->19060K(19200K) NonClass: 16393K(16448K)->16393K(16448K) Class: 2667K(2752K)->2667K(2752K)
[518.396s][info][gc             ] GC(1218) Pause Young (Concurrent Start) (G1 Humongous Allocation) 703M->641M(978M) 38.160ms
[518.396s][info][gc,cpu         ] GC(1218) User=0.08s Sys=0.01s Real=0.04s
[518.396s][info][gc             ] GC(1219) Concurrent Mark Cycle
[518.396s][info][gc,marking     ] GC(1219) Concurrent Scan Root Regions
[518.421s][info][gc,marking     ] GC(1219) Concurrent Scan Root Regions 24.752ms
[518.421s][info][gc,marking     ] GC(1219) Concurrent Mark
[518.421s][info][gc,marking     ] GC(1219) Concurrent Mark From Roots
[518.421s][info][gc,task        ] GC(1219) Using 1 workers of 1 for marking
[519.175s][info][gc,start       ] GC(1220) Pause Young (Normal) (G1 Evacuation Pause)
[519.175s][info][gc,task        ] GC(1220) Using 2 workers of 2 for evacuation
[519.205s][info][gc,phases      ] GC(1220)   Pre Evacuate Collection Set: 0.31ms
[519.205s][info][gc,phases      ] GC(1220)   Merge Heap Roots: 0.28ms
[519.205s][info][gc,phases      ] GC(1220)   Evacuate Collection Set: 28.63ms
[519.205s][info][gc,phases      ] GC(1220)   Post Evacuate Collection Set: 0.54ms
[519.205s][info][gc,phases      ] GC(1220)   Other: 0.10ms
[519.205s][info][gc,heap        ] GC(1220) Eden regions: 238->0(237)
[519.205s][info][gc,heap        ] GC(1220) Survivor regions: 6->16(31)
[519.205s][info][gc,heap        ] GC(1220) Old regions: 628->628
[519.205s][info][gc,heap        ] GC(1220) Humongous regions: 11->11
[519.205s][info][gc,metaspace   ] GC(1220) Metaspace: 19060K(19200K)->19060K(19200K) NonClass: 16393K(16448K)->16393K(16448K) Class: 2667K(2752K)->2667K(2752K)
[519.205s][info][gc             ] GC(1220) Pause Young (Normal) (G1 Evacuation Pause) 882M->654M(978M) 30.118ms
[519.205s][info][gc,cpu         ] GC(1220) User=0.06s Sys=0.00s Real=0.03s
[519.457s][info][gc,marking     ] GC(1219) Concurrent Mark From Roots 1035.961ms
[519.457s][info][gc,marking     ] GC(1219) Concurrent Preclean
[519.457s][info][gc,marking     ] GC(1219) Concurrent Preclean 0.043ms
[519.457s][info][gc,start       ] GC(1219) Pause Remark
[519.465s][info][gc             ] GC(1219) Pause Remark 722M->579M(978M) 7.778ms
[519.465s][info][gc,cpu         ] GC(1219) User=0.01s Sys=0.00s Real=0.01s
[519.465s][info][gc,marking     ] GC(1219) Concurrent Mark 1044.079ms
[519.465s][info][gc,marking     ] GC(1219) Concurrent Rebuild Remembered Sets and Scrub Regions
[519.811s][info][gc,marking     ] GC(1219) Concurrent Rebuild Remembered Sets and Scrub Regions 346.170ms
[519.812s][info][gc,start       ] GC(1219) Pause Cleanup
[519.813s][info][gc             ] GC(1219) Pause Cleanup 724M->724M(978M) 0.123ms
[519.813s][info][gc,cpu         ] GC(1219) User=0.00s Sys=0.00s Real=0.00s
[519.813s][info][gc,marking     ] GC(1219) Concurrent Clear Claimed Marks
[519.813s][info][gc,marking     ] GC(1219) Concurrent Clear Claimed Marks 0.047ms
[519.813s][info][gc,marking     ] GC(1219) Concurrent Cleanup for Next Mark
[519.818s][info][gc,marking     ] GC(1219) Concurrent Cleanup for Next Mark 5.144ms
[519.818s][info][gc             ] GC(1219) Concurrent Mark Cycle 1421.767ms
[519.850s][info][gc,start       ] GC(1221) Pause Young (Prepare Mixed) (G1 Evacuation Pause)
[519.850s][info][gc,task        ] GC(1221) Using 2 workers of 2 for evacuation
[519.880s][info][gc,phases      ] GC(1221)   Pre Evacuate Collection Set: 0.51ms
[519.880s][info][gc,phases      ] GC(1221)   Merge Heap Roots: 0.40ms
[519.880s][info][gc,phases      ] GC(1221)   Evacuate Collection Set: 28.31ms
[519.880s][info][gc,phases      ] GC(1221)   Post Evacuate Collection Set: 0.54ms
[519.880s][info][gc,phases      ] GC(1221)   Other: 0.08ms
[519.880s][info][gc,heap        ] GC(1221) Eden regions: 237->0(377)
[519.880s][info][gc,heap        ] GC(1221) Survivor regions: 16->16(32)
[519.880s][info][gc,heap        ] GC(1221) Old regions: 488->488
[519.880s][info][gc,heap        ] GC(1221) Humongous regions: 8->8
[519.880s][info][gc,metaspace   ] GC(1221) Metaspace: 19060K(19200K)->19060K(19200K) NonClass: 16393K(16448K)->16393K(16448K) Class: 2667K(2752K)->2667K(2752K)
[519.880s][info][gc             ] GC(1221) Pause Young (Prepare Mixed) (G1 Evacuation Pause) 748M->511M(978M) 30.018ms
[519.880s][info][gc,cpu         ] GC(1221) User=0.06s Sys=0.00s Real=0.03s
[520.423s][info][gc,start       ] GC(1222) Pause Young (Mixed) (G1 Evacuation Pause)
[520.423s][info][gc,task        ] GC(1222) Using 2 workers of 2 for evacuation
[520.453s][info][gc,phases      ] GC(1222)   Pre Evacuate Collection Set: 0.54ms
[520.453s][info][gc,phases      ] GC(1222)   Merge Heap Roots: 0.30ms
[520.453s][info][gc,phases      ] GC(1222)   Evacuate Collection Set: 27.85ms
[520.453s][info][gc,phases      ] GC(1222)   Post Evacuate Collection Set: 0.65ms
[520.453s][info][gc,phases      ] GC(1222)   Other: 0.09ms
[520.453s][info][gc,heap        ] GC(1222) Eden regions: 377->0(411)
[520.453s][info][gc,heap        ] GC(1222) Survivor regions: 16->16(50)
[520.453s][info][gc,heap        ] GC(1222) Old regions: 488->470
[520.453s][info][gc,heap        ] GC(1222) Humongous regions: 8->8
[520.453s][info][gc,metaspace   ] GC(1222) Metaspace: 19060K(19200K)->19060K(19200K) NonClass: 16393K(16448K)->16393K(16448K) Class: 2667K(2752K)->2667K(2752K)
[520.453s][info][gc             ] GC(1222) Pause Young (Mixed) (G1 Evacuation Pause) 888M->493M(978M) 29.722ms
[520.453s][info][gc,cpu         ] GC(1222) User=0.05s Sys=0.00s Real=0.03s
[520.972s][info][gc,start       ] GC(1223) Pause Young (Concurrent Start) (G1 Evacuation Pause)
[520.972s][info][gc,task        ] GC(1223) Using 2 workers of 2 for evacuation
[521.035s][info][gc,phases      ] GC(1223)   Pre Evacuate Collection Set: 0.32ms
[521.035s][info][gc,phases      ] GC(1223)   Merge Heap Roots: 0.35ms
[521.035s][info][gc,phases      ] GC(1223)   Evacuate Collection Set: 61.89ms
[521.035s][info][gc,phases      ] GC(1223)   Post Evacuate Collection Set: 0.73ms
[521.035s][info][gc,phases      ] GC(1223)   Other: 0.10ms
[521.035s][info][gc,heap        ] GC(1223) Eden regions: 411->0(356)
[521.035s][info][gc,heap        ] GC(1223) Survivor regions: 16->47(54)
[521.035s][info][gc,heap        ] GC(1223) Old regions: 470->470
[521.035s][info][gc,heap        ] GC(1223) Humongous regions: 8->8
[521.035s][info][gc,metaspace   ] GC(1223) Metaspace: 19060K(19200K)->19060K(19200K) NonClass: 16393K(16448K)->16393K(16448K) Class: 2667K(2752K)->2667K(2752K)
[521.036s][info][gc             ] GC(1223) Pause Young (Concurrent Start) (G1 Evacuation Pause) 904M->524M(978M) 63.661ms
[521.036s][info][gc,cpu         ] GC(1223) User=0.13s Sys=0.00s Real=0.07s
[521.036s][info][gc             ] GC(1224) Concurrent Mark Cycle
[521.038s][info][gc,marking     ] GC(1224) Concurrent Scan Root Regions
[521.136s][info][gc,marking     ] GC(1224) Concurrent Scan Root Regions 97.612ms
[521.136s][info][gc,marking     ] GC(1224) Concurrent Mark
[521.136s][info][gc,marking     ] GC(1224) Concurrent Mark From Roots
[521.136s][info][gc,task        ] GC(1224) Using 1 workers of 1 for marking
[521.615s][info][gc,start       ] GC(1225) Pause Young (Normal) (G1 Evacuation Pause)
[521.615s][info][gc,task        ] GC(1225) Using 2 workers of 2 for evacuation
[521.696s][info][gc,phases      ] GC(1225)   Pre Evacuate Collection Set: 0.29ms
[521.696s][info][gc,phases      ] GC(1225)   Merge Heap Roots: 0.35ms
[521.696s][info][gc,phases      ] GC(1225)   Evacuate Collection Set: 79.81ms
[521.696s][info][gc,phases      ] GC(1225)   Post Evacuate Collection Set: 0.59ms
[521.696s][info][gc,phases      ] GC(1225)   Other: 0.10ms
[521.696s][info][gc,heap        ] GC(1225) Eden regions: 356->0(351)
[521.696s][info][gc,heap        ] GC(1225) Survivor regions: 47->20(51)
[521.696s][info][gc,heap        ] GC(1225) Old regions: 470->517
[521.696s][info][gc,heap        ] GC(1225) Humongous regions: 8->8
[521.696s][info][gc,metaspace   ] GC(1225) Metaspace: 19060K(19200K)->19060K(19200K) NonClass: 16393K(16448K)->16393K(16448K) Class: 2667K(2752K)->2667K(2752K)
[521.696s][info][gc             ] GC(1225) Pause Young (Normal) (G1 Evacuation Pause) 880M->544M(978M) 81.430ms
[521.696s][info][gc,cpu         ] GC(1225) User=0.16s Sys=0.00s Real=0.08s
[522.111s][info][gc,start       ] GC(1226) Pause Young (Normal) (G1 Evacuation Pause)
[522.111s][info][gc,task        ] GC(1226) Using 2 workers of 2 for evacuation
[522.170s][info][gc,phases      ] GC(1226)   Pre Evacuate Collection Set: 0.51ms
[522.171s][info][gc,phases      ] GC(1226)   Merge Heap Roots: 0.27ms
[522.171s][info][gc,phases      ] GC(1226)   Evacuate Collection Set: 57.76ms
[522.171s][info][gc,phases      ] GC(1226)   Post Evacuate Collection Set: 0.60ms
[522.171s][info][gc,phases      ] GC(1226)   Other: 0.08ms
[522.171s][info][gc,heap        ] GC(1226) Eden regions: 351->0(304)
[522.171s][info][gc,heap        ] GC(1226) Survivor regions: 20->47(47)
[522.171s][info][gc,heap        ] GC(1226) Old regions: 517->522
[522.171s][info][gc,heap        ] GC(1226) Humongous regions: 8->8
[522.171s][info][gc,metaspace   ] GC(1226) Metaspace: 19060K(19200K)->19060K(19200K) NonClass: 16393K(16448K)->16393K(16448K) Class: 2667K(2752K)->2667K(2752K)
[522.171s][info][gc             ] GC(1226) Pause Young (Normal) (G1 Evacuation Pause) 895M->576M(978M) 59.471ms
[522.171s][info][gc,cpu         ] GC(1226) User=0.11s Sys=0.00s Real=0.06s
[522.404s][info][gc,marking     ] GC(1224) Concurrent Mark From Roots 1268.641ms
[522.404s][info][gc,marking     ] GC(1224) Concurrent Preclean
[522.404s][info][gc,marking     ] GC(1224) Concurrent Preclean 0.043ms
[522.405s][info][gc,start       ] GC(1224) Pause Remark
[522.412s][info][gc             ] GC(1224) Pause Remark 769M->768M(978M) 7.733ms
[522.412s][info][gc,cpu         ] GC(1224) User=0.01s Sys=0.00s Real=0.00s
[522.413s][info][gc,marking     ] GC(1224) Concurrent Mark 1277.834ms
[522.413s][info][gc,marking     ] GC(1224) Concurrent Rebuild Remembered Sets and Scrub Regions
[522.594s][info][gc,start       ] GC(1227) Pause Young (Normal) (G1 Evacuation Pause)
[522.594s][info][gc,task        ] GC(1227) Using 2 workers of 2 for evacuation
[522.664s][info][gc,phases      ] GC(1227)   Pre Evacuate Collection Set: 0.28ms
[522.664s][info][gc,phases      ] GC(1227)   Merge Heap Roots: 0.33ms
[522.664s][info][gc,phases      ] GC(1227)   Evacuate Collection Set: 68.52ms
[522.664s][info][gc,phases      ] GC(1227)   Post Evacuate Collection Set: 0.55ms
[522.664s][info][gc,phases      ] GC(1227)   Other: 0.08ms
[522.664s][info][gc,heap        ] GC(1227) Eden regions: 304->0(304)
[522.664s][info][gc,heap        ] GC(1227) Survivor regions: 47->19(44)
[522.664s][info][gc,heap        ] GC(1227) Old regions: 522->570
[522.664s][info][gc,heap        ] GC(1227) Humongous regions: 7->7
[522.664s][info][gc,metaspace   ] GC(1227) Metaspace: 19060K(19200K)->19060K(19200K) NonClass: 16393K(16448K)->16393K(16448K) Class: 2667K(2752K)->2667K(2752K)
[522.664s][info][gc             ] GC(1227) Pause Young (Normal) (G1 Evacuation Pause) 879M->594M(978M) 69.989ms
[522.664s][info][gc,cpu         ] GC(1227) User=0.14s Sys=0.00s Real=0.07s
[522.925s][info][gc,marking     ] GC(1224) Concurrent Rebuild Remembered Sets and Scrub Regions 511.495ms
[522.925s][info][gc,start       ] GC(1224) Pause Cleanup
[522.925s][info][gc             ] GC(1224) Pause Cleanup 722M->722M(978M) 0.098ms
[522.925s][info][gc,cpu         ] GC(1224) User=0.00s Sys=0.00s Real=0.00s
[522.925s][info][gc,marking     ] GC(1224) Concurrent Clear Claimed Marks
[522.925s][info][gc,marking     ] GC(1224) Concurrent Clear Claimed Marks 0.030ms
[522.925s][info][gc,marking     ] GC(1224) Concurrent Cleanup for Next Mark
[522.928s][info][gc,marking     ] GC(1224) Concurrent Cleanup for Next Mark 2.864ms
[522.928s][info][gc             ] GC(1224) Concurrent Mark Cycle 1892.672ms
[523.446s][info][gc,start       ] GC(1228) Pause Young (Prepare Mixed) (G1 Evacuation Pause)
[523.446s][info][gc,task        ] GC(1228) Using 2 workers of 2 for evacuation
[523.494s][info][gc,phases      ] GC(1228)   Pre Evacuate Collection Set: 0.32ms
[523.494s][info][gc,phases      ] GC(1228)   Merge Heap Roots: 0.35ms
[523.494s][info][gc,phases      ] GC(1228)   Evacuate Collection Set: 46.22ms
[523.494s][info][gc,phases      ] GC(1228)   Post Evacuate Collection Set: 0.56ms
[523.494s][info][gc,phases      ] GC(1228)   Other: 0.08ms
[523.494s][info][gc,heap        ] GC(1228) Eden regions: 304->0(269)
[523.494s][info][gc,heap        ] GC(1228) Survivor regions: 19->41(41)
[523.494s][info][gc,heap        ] GC(1228) Old regions: 570->570
[523.494s][info][gc,heap        ] GC(1228) Humongous regions: 7->7
[523.494s][info][gc,metaspace   ] GC(1228) Metaspace: 19060K(19200K)->19060K(19200K) NonClass: 16393K(16448K)->16393K(16448K) Class: 2667K(2752K)->2667K(2752K)
[523.494s][info][gc             ] GC(1228) Pause Young (Prepare Mixed) (G1 Evacuation Pause) 898M->617M(978M) 47.821ms
[523.494s][info][gc,cpu         ] GC(1228) User=0.09s Sys=0.00s Real=0.05s
[524.107s][info][gc,start       ] GC(1229) Pause Young (Mixed) (G1 Evacuation Pause)
[524.107s][info][gc,task        ] GC(1229) Using 2 workers of 2 for evacuation
[524.151s][info][gc,phases      ] GC(1229)   Pre Evacuate Collection Set: 0.56ms
[524.151s][info][gc,phases      ] GC(1229)   Merge Heap Roots: 0.29ms
[524.151s][info][gc,phases      ] GC(1229)   Evacuate Collection Set: 42.33ms
[524.151s][info][gc,phases      ] GC(1229)   Post Evacuate Collection Set: 0.48ms
[524.151s][info][gc,phases      ] GC(1229)   Other: 0.08ms
[524.151s][info][gc,heap        ] GC(1229) Eden regions: 269->0(302)
[524.151s][info][gc,heap        ] GC(1229) Survivor regions: 41->1(39)
[524.151s][info][gc,heap        ] GC(1229) Old regions: 570->603
[524.151s][info][gc,heap        ] GC(1229) Humongous regions: 7->7
[524.151s][info][gc,metaspace   ] GC(1229) Metaspace: 19060K(19200K)->19060K(19200K) NonClass: 16393K(16448K)->16393K(16448K) Class: 2667K(2752K)->2667K(2752K)
[524.151s][info][gc             ] GC(1229) Pause Young (Mixed) (G1 Evacuation Pause) 886M->610M(978M) 43.940ms
[524.151s][info][gc,cpu         ] GC(1229) User=0.09s Sys=0.00s Real=0.04s
[524.803s][info][gc,start       ] GC(1230) Pause Young (Concurrent Start) (G1 Evacuation Pause)
[524.804s][info][gc,task        ] GC(1230) Using 2 workers of 2 for evacuation
[524.806s][info][gc,phases      ] GC(1230)   Pre Evacuate Collection Set: 0.34ms
[524.806s][info][gc,phases      ] GC(1230)   Merge Heap Roots: 0.11ms
[524.806s][info][gc,phases      ] GC(1230)   Evacuate Collection Set: 0.84ms
[524.806s][info][gc,phases      ] GC(1230)   Post Evacuate Collection Set: 0.48ms
[524.806s][info][gc,phases      ] GC(1230)   Other: 0.15ms
[524.806s][info][gc,heap        ] GC(1230) Eden regions: 302->0(314)
[524.806s][info][gc,heap        ] GC(1230) Survivor regions: 1->1(38)
[524.806s][info][gc,heap        ] GC(1230) Old regions: 603->603
[524.806s][info][gc,heap        ] GC(1230) Humongous regions: 7->7
[524.806s][info][gc,metaspace   ] GC(1230) Metaspace: 19060K(19200K)->19060K(19200K) NonClass: 16393K(16448K)->16393K(16448K) Class: 2667K(2752K)->2667K(2752K)
[524.806s][info][gc             ] GC(1230) Pause Young (Concurrent Start) (G1 Evacuation Pause) 912M->610M(978M) 2.154ms
[524.806s][info][gc,cpu         ] GC(1230) User=0.00s Sys=0.00s Real=0.00s
[524.806s][info][gc             ] GC(1231) Concurrent Mark Cycle
[524.806s][info][gc,marking     ] GC(1231) Concurrent Scan Root Regions
[524.808s][info][gc,marking     ] GC(1231) Concurrent Scan Root Regions 2.502ms
[524.808s][info][gc,marking     ] GC(1231) Concurrent Mark
[524.808s][info][gc,marking     ] GC(1231) Concurrent Mark From Roots
[524.808s][info][gc,task        ] GC(1231) Using 1 workers of 1 for marking
[525.926s][info][gc,start       ] GC(1232) Pause Young (Normal) (G1 Evacuation Pause)
[525.926s][info][gc,task        ] GC(1232) Using 2 workers of 2 for evacuation
[525.935s][info][gc,phases      ] GC(1232)   Pre Evacuate Collection Set: 0.29ms
[525.935s][info][gc,phases      ] GC(1232)   Merge Heap Roots: 0.14ms
[525.935s][info][gc,phases      ] GC(1232)   Evacuate Collection Set: 7.84ms
[525.935s][info][gc,phases      ] GC(1232)   Post Evacuate Collection Set: 0.51ms
[525.935s][info][gc,phases      ] GC(1232)   Other: 0.10ms
[525.935s][info][gc,heap        ] GC(1232) Eden regions: 314->0(304)
[525.935s][info][gc,heap        ] GC(1232) Survivor regions: 1->7(40)
[525.935s][info][gc,heap        ] GC(1232) Old regions: 603->603
[525.935s][info][gc,heap        ] GC(1232) Humongous regions: 7->7
[525.935s][info][gc,metaspace   ] GC(1232) Metaspace: 19060K(19200K)->19060K(19200K) NonClass: 16393K(16448K)->16393K(16448K) Class: 2667K(2752K)->2667K(2752K)
[525.935s][info][gc             ] GC(1232) Pause Young (Normal) (G1 Evacuation Pause) 924M->616M(978M) 9.090ms
[525.935s][info][gc,cpu         ] GC(1232) User=0.02s Sys=0.00s Real=0.01s
[526.469s][info][gc,start       ] GC(1233) Pause Young (Normal) (G1 Evacuation Pause)
[526.469s][info][gc,task        ] GC(1233) Using 2 workers of 2 for evacuation
[526.566s][info][gc,phases      ] GC(1233)   Pre Evacuate Collection Set: 0.30ms
[526.566s][info][gc,phases      ] GC(1233)   Merge Heap Roots: 0.24ms
[526.566s][info][gc,phases      ] GC(1233)   Evacuate Collection Set: 83.97ms
[526.566s][info][gc,phases      ] GC(1233)   Post Evacuate Collection Set: 12.61ms
[526.566s][info][gc,phases      ] GC(1233)   Other: 0.10ms
[526.566s][info][gc,heap        ] GC(1233) Eden regions: 304->0(32)
[526.566s][info][gc,heap        ] GC(1233) Survivor regions: 7->39(39)
[526.566s][info][gc,heap        ] GC(1233) Old regions: 603->811
[526.566s][info][gc,heap        ] GC(1233) Humongous regions: 7->7
[526.566s][info][gc,metaspace   ] GC(1233) Metaspace: 19060K(19200K)->19060K(19200K) NonClass: 16393K(16448K)->16393K(16448K) Class: 2667K(2752K)->2667K(2752K)
[526.566s][info][gc             ] GC(1233) Pause Young (Normal) (G1 Evacuation Pause) (Evacuation Failure: Allocation) 920M->856M(978M) 97.447ms
[526.566s][info][gc,cpu         ] GC(1233) User=0.19s Sys=0.00s Real=0.10s
[526.618s][info][gc,start       ] GC(1234) Pause Young (Normal) (G1 Evacuation Pause)
[526.618s][info][gc,task        ] GC(1234) Using 2 workers of 2 for evacuation
[526.696s][info][gc,phases      ] GC(1234)   Pre Evacuate Collection Set: 0.36ms
[526.696s][info][gc,phases      ] GC(1234)   Merge Heap Roots: 0.52ms
[526.696s][info][gc,phases      ] GC(1234)   Evacuate Collection Set: 76.44ms
[526.696s][info][gc,phases      ] GC(1234)   Post Evacuate Collection Set: 0.55ms
[526.696s][info][gc,phases      ] GC(1234)   Other: 0.08ms
[526.696s][info][gc,heap        ] GC(1234) Eden regions: 32->0(206)
[526.696s][info][gc,heap        ] GC(1234) Survivor regions: 39->7(9)
[526.696s][info][gc,heap        ] GC(1234) Old regions: 811->693
[526.696s][info][gc,heap        ] GC(1234) Humongous regions: 7->7
[526.696s][info][gc,metaspace   ] GC(1234) Metaspace: 19060K(19200K)->19060K(19200K) NonClass: 16393K(16448K)->16393K(16448K) Class: 2667K(2752K)->2667K(2752K)
[526.696s][info][gc             ] GC(1234) Pause Young (Normal) (G1 Evacuation Pause) 888M->706M(978M) 78.180ms
[526.696s][info][gc,cpu         ] GC(1234) User=0.15s Sys=0.00s Real=0.08s
[526.894s][info][gc,marking     ] GC(1231) Concurrent Mark From Roots 2085.648ms
[526.894s][info][gc,marking     ] GC(1231) Concurrent Preclean
[526.894s][info][gc,marking     ] GC(1231) Concurrent Preclean 0.041ms
[526.894s][info][gc,start       ] GC(1231) Pause Remark
[526.902s][info][gc             ] GC(1231) Pause Remark 810M->810M(978M) 8.083ms
[526.902s][info][gc,cpu         ] GC(1231) User=0.02s Sys=0.00s Real=0.00s
[526.902s][info][gc,marking     ] GC(1231) Concurrent Mark 2094.101ms
[526.902s][info][gc,marking     ] GC(1231) Concurrent Rebuild Remembered Sets and Scrub Regions
[527.091s][info][gc,start       ] GC(1235) Pause Young (Normal) (G1 Evacuation Pause)
[527.091s][info][gc,task        ] GC(1235) Using 2 workers of 2 for evacuation
[527.180s][info][gc,phases      ] GC(1235)   Pre Evacuate Collection Set: 0.52ms
[527.180s][info][gc,phases      ] GC(1235)   Merge Heap Roots: 0.49ms
[527.180s][info][gc,phases      ] GC(1235)   Evacuate Collection Set: 83.10ms
[527.180s][info][gc,phases      ] GC(1235)   Post Evacuate Collection Set: 4.67ms
[527.180s][info][gc,phases      ] GC(1235)   Other: 0.10ms
[527.180s][info][gc,heap        ] GC(1235) Eden regions: 206->0(77)
[527.180s][info][gc,heap        ] GC(1235) Survivor regions: 7->27(27)
[527.180s][info][gc,heap        ] GC(1235) Old regions: 693->787
[527.180s][info][gc,heap        ] GC(1235) Humongous regions: 10->10
[527.180s][info][gc,metaspace   ] GC(1235) Metaspace: 19067K(19200K)->19067K(19200K) NonClass: 16400K(16448K)->16400K(16448K) Class: 2667K(2752K)->2667K(2752K)
[527.180s][info][gc             ] GC(1235) Pause Young (Normal) (G1 Evacuation Pause) (Evacuation Failure: Allocation) 915M->823M(978M) 89.215ms
[527.180s][info][gc,cpu         ] GC(1235) User=0.18s Sys=0.00s Real=0.09s
[527.367s][info][gc,start       ] GC(1236) Pause Young (Normal) (G1 Evacuation Pause)
[527.367s][info][gc,task        ] GC(1236) Using 2 workers of 2 for evacuation
[527.429s][info][gc,phases      ] GC(1236)   Pre Evacuate Collection Set: 0.51ms
[527.429s][info][gc,phases      ] GC(1236)   Merge Heap Roots: 0.87ms
[527.429s][info][gc,phases      ] GC(1236)   Evacuate Collection Set: 59.39ms
[527.429s][info][gc,phases      ] GC(1236)   Post Evacuate Collection Set: 0.37ms
[527.429s][info][gc,phases      ] GC(1236)   Other: 0.07ms
[527.429s][info][gc,heap        ] GC(1236) Eden regions: 77->0(138)
[527.429s][info][gc,heap        ] GC(1236) Survivor regions: 27->1(13)
[527.429s][info][gc,heap        ] GC(1236) Old regions: 787->769
[527.429s][info][gc,heap        ] GC(1236) Humongous regions: 10->10
[527.429s][info][gc,metaspace   ] GC(1236) Metaspace: 19067K(19200K)->19067K(19200K) NonClass: 16400K(16448K)->16400K(16448K) Class: 2667K(2752K)->2667K(2752K)
[527.429s][info][gc             ] GC(1236) Pause Young (Normal) (G1 Evacuation Pause) 900M->779M(978M) 61.469ms
[527.429s][info][gc,cpu         ] GC(1236) User=0.11s Sys=0.00s Real=0.06s
[527.627s][info][gc,marking     ] GC(1231) Concurrent Rebuild Remembered Sets and Scrub Regions 724.268ms
[527.627s][info][gc,start       ] GC(1231) Pause Cleanup
[527.627s][info][gc             ] GC(1231) Pause Cleanup 881M->881M(978M) 0.121ms
[527.627s][info][gc,cpu         ] GC(1231) User=0.00s Sys=0.00s Real=0.00s
[527.627s][info][gc,marking     ] GC(1231) Concurrent Clear Claimed Marks
[527.627s][info][gc,marking     ] GC(1231) Concurrent Clear Claimed Marks 0.031ms
[527.627s][info][gc,marking     ] GC(1231) Concurrent Cleanup for Next Mark
[527.630s][info][gc,marking     ] GC(1231) Concurrent Cleanup for Next Mark 2.896ms
[527.630s][info][gc             ] GC(1231) Concurrent Mark Cycle 2824.264ms
[527.670s][info][gc,start       ] GC(1237) Pause Young (Prepare Mixed) (G1 Evacuation Pause)
[527.671s][info][gc,task        ] GC(1237) Using 2 workers of 2 for evacuation
[527.672s][info][gc,phases      ] GC(1237)   Pre Evacuate Collection Set: 0.50ms
[527.672s][info][gc,phases      ] GC(1237)   Merge Heap Roots: 0.07ms
[527.672s][info][gc,phases      ] GC(1237)   Evacuate Collection Set: 0.64ms
[527.672s][info][gc,phases      ] GC(1237)   Post Evacuate Collection Set: 0.36ms
[527.672s][info][gc,phases      ] GC(1237)   Other: 0.09ms
[527.672s][info][gc,heap        ] GC(1237) Eden regions: 138->0(147)
[527.672s][info][gc,heap        ] GC(1237) Survivor regions: 1->1(18)
[527.672s][info][gc,heap        ] GC(1237) Old regions: 769->769
[527.672s][info][gc,heap        ] GC(1237) Humongous regions: 10->10
[527.672s][info][gc,metaspace   ] GC(1237) Metaspace: 19067K(19200K)->19067K(19200K) NonClass: 16400K(16448K)->16400K(16448K) Class: 2667K(2752K)->2667K(2752K)
[527.672s][info][gc             ] GC(1237) Pause Young (Prepare Mixed) (G1 Evacuation Pause) 917M->779M(978M) 1.851ms
[527.672s][info][gc,cpu         ] GC(1237) User=0.00s Sys=0.00s Real=0.00s
[527.829s][info][gc,start       ] GC(1238) Pause Young (Mixed) (G1 Evacuation Pause)
[527.830s][info][gc,task        ] GC(1238) Using 2 workers of 2 for evacuation
[527.833s][info][gc,phases      ] GC(1238)   Pre Evacuate Collection Set: 0.44ms
[527.833s][info][gc,phases      ] GC(1238)   Merge Heap Roots: 0.10ms
[527.833s][info][gc,phases      ] GC(1238)   Evacuate Collection Set: 2.13ms
[527.833s][info][gc,phases      ] GC(1238)   Post Evacuate Collection Set: 0.32ms
[527.833s][info][gc,phases      ] GC(1238)   Other: 0.08ms
[527.833s][info][gc,heap        ] GC(1238) Eden regions: 147->0(154)
[527.833s][info][gc,heap        ] GC(1238) Survivor regions: 1->1(19)
[527.833s][info][gc,heap        ] GC(1238) Old regions: 769->762
[527.833s][info][gc,heap        ] GC(1238) Humongous regions: 10->10
[527.833s][info][gc,metaspace   ] GC(1238) Metaspace: 19067K(19200K)->19067K(19200K) NonClass: 16400K(16448K)->16400K(16448K) Class: 2667K(2752K)->2667K(2752K)
[527.833s][info][gc             ] GC(1238) Pause Young (Mixed) (G1 Evacuation Pause) 926M->771M(978M) 3.276ms
[527.833s][info][gc,cpu         ] GC(1238) User=0.01s Sys=0.00s Real=0.00s
[527.996s][info][gc,start       ] GC(1239) Pause Young (Concurrent Start) (G1 Evacuation Pause)
[527.996s][info][gc,task        ] GC(1239) Using 2 workers of 2 for evacuation
[527.998s][info][gc,phases      ] GC(1239)   Pre Evacuate Collection Set: 0.28ms
[527.998s][info][gc,phases      ] GC(1239)   Merge Heap Roots: 0.07ms
[527.998s][info][gc,phases      ] GC(1239)   Evacuate Collection Set: 1.04ms
[527.998s][info][gc,phases      ] GC(1239)   Post Evacuate Collection Set: 0.38ms
[527.998s][info][gc,phases      ] GC(1239)   Other: 0.11ms
[527.998s][info][gc,heap        ] GC(1239) Eden regions: 154->0(154)
[527.998s][info][gc,heap        ] GC(1239) Survivor regions: 1->1(20)
[527.998s][info][gc,heap        ] GC(1239) Old regions: 762->762
[527.998s][info][gc,heap        ] GC(1239) Humongous regions: 10->10
[527.998s][info][gc,metaspace   ] GC(1239) Metaspace: 19067K(19200K)->19067K(19200K) NonClass: 16400K(16448K)->16400K(16448K) Class: 2667K(2752K)->2667K(2752K)
[527.998s][info][gc             ] GC(1239) Pause Young (Concurrent Start) (G1 Evacuation Pause) 925M->771M(978M) 2.082ms
[527.998s][info][gc,cpu         ] GC(1239) User=0.00s Sys=0.00s Real=0.00s
[527.998s][info][gc             ] GC(1240) Concurrent Mark Cycle
[527.998s][info][gc,marking     ] GC(1240) Concurrent Scan Root Regions
[527.999s][info][gc,marking     ] GC(1240) Concurrent Scan Root Regions 1.009ms
[528.000s][info][gc,marking     ] GC(1240) Concurrent Mark
[528.000s][info][gc,marking     ] GC(1240) Concurrent Mark From Roots
[528.000s][info][gc,task        ] GC(1240) Using 1 workers of 1 for marking
[528.311s][info][gc,start       ] GC(1241) Pause Young (Normal) (G1 Evacuation Pause)
[528.311s][info][gc,task        ] GC(1241) Using 2 workers of 2 for evacuation
[528.313s][info][gc,phases      ] GC(1241)   Pre Evacuate Collection Set: 0.52ms
[528.313s][info][gc,phases      ] GC(1241)   Merge Heap Roots: 0.09ms
[528.313s][info][gc,phases      ] GC(1241)   Evacuate Collection Set: 1.23ms
[528.313s][info][gc,phases      ] GC(1241)   Post Evacuate Collection Set: 0.34ms
[528.313s][info][gc,phases      ] GC(1241)   Other: 0.11ms
[528.313s][info][gc,heap        ] GC(1241) Eden regions: 154->0(154)
[528.313s][info][gc,heap        ] GC(1241) Survivor regions: 1->1(20)
[528.313s][info][gc,heap        ] GC(1241) Old regions: 762->762
[528.313s][info][gc,heap        ] GC(1241) Humongous regions: 10->10
[528.313s][info][gc,metaspace   ] GC(1241) Metaspace: 19067K(19200K)->19067K(19200K) NonClass: 16400K(16448K)->16400K(16448K) Class: 2667K(2752K)->2667K(2752K)
[528.313s][info][gc             ] GC(1241) Pause Young (Normal) (G1 Evacuation Pause) 925M->772M(978M) 2.514ms
[528.313s][info][gc,cpu         ] GC(1241) User=0.01s Sys=0.00s Real=0.01s
[528.603s][info][gc,start       ] GC(1242) Pause Young (Normal) (G1 Evacuation Pause)
[528.603s][info][gc,task        ] GC(1242) Using 2 workers of 2 for evacuation
[528.605s][info][gc,phases      ] GC(1242)   Pre Evacuate Collection Set: 0.29ms
[528.605s][info][gc,phases      ] GC(1242)   Merge Heap Roots: 0.08ms
[528.605s][info][gc,phases      ] GC(1242)   Evacuate Collection Set: 1.41ms
[528.605s][info][gc,phases      ] GC(1242)   Post Evacuate Collection Set: 0.36ms
[528.605s][info][gc,phases      ] GC(1242)   Other: 0.09ms
[528.605s][info][gc,heap        ] GC(1242) Eden regions: 154->0(154)
[528.605s][info][gc,heap        ] GC(1242) Survivor regions: 1->1(20)
[528.605s][info][gc,heap        ] GC(1242) Old regions: 762->762
[528.605s][info][gc,heap        ] GC(1242) Humongous regions: 10->10
[528.605s][info][gc,metaspace   ] GC(1242) Metaspace: 19067K(19200K)->19067K(19200K) NonClass: 16400K(16448K)->16400K(16448K) Class: 2667K(2752K)->2667K(2752K)
[528.605s][info][gc             ] GC(1242) Pause Young (Normal) (G1 Evacuation Pause) 926M->772M(978M) 2.505ms
[528.605s][info][gc,cpu         ] GC(1242) User=0.00s Sys=0.00s Real=0.01s
[528.896s][info][gc,start       ] GC(1243) Pause Young (Normal) (G1 Evacuation Pause)
[528.896s][info][gc,task        ] GC(1243) Using 2 workers of 2 for evacuation
[528.907s][info][gc,phases      ] GC(1243)   Pre Evacuate Collection Set: 0.52ms
[528.907s][info][gc,phases      ] GC(1243)   Merge Heap Roots: 0.19ms
[528.907s][info][gc,phases      ] GC(1243)   Evacuate Collection Set: 9.92ms
[528.907s][info][gc,phases      ] GC(1243)   Post Evacuate Collection Set: 0.42ms
[528.907s][info][gc,phases      ] GC(1243)   Other: 0.09ms
[528.907s][info][gc,heap        ] GC(1243) Eden regions: 154->0(146)
[528.908s][info][gc,heap        ] GC(1243) Survivor regions: 1->5(20)
[528.908s][info][gc,heap        ] GC(1243) Old regions: 762->762
[528.908s][info][gc,heap        ] GC(1243) Humongous regions: 10->10
[528.908s][info][gc,metaspace   ] GC(1243) Metaspace: 19070K(19200K)->19070K(19200K) NonClass: 16402K(16448K)->16402K(16448K) Class: 2667K(2752K)->2667K(2752K)
[528.908s][info][gc             ] GC(1243) Pause Young (Normal) (G1 Evacuation Pause) 926M->775M(978M) 11.351ms
[528.908s][info][gc,cpu         ] GC(1243) User=0.02s Sys=0.00s Real=0.01s
[528.921s][info][gc,marking     ] GC(1240) Concurrent Mark From Roots 921.299ms
[528.921s][info][gc,marking     ] GC(1240) Concurrent Preclean
[528.921s][info][gc,marking     ] GC(1240) Concurrent Preclean 0.037ms
[528.921s][info][gc,start       ] GC(1240) Pause Remark
[528.929s][info][gc             ] GC(1240) Pause Remark 778M->492M(978M) 7.818ms
[528.929s][info][gc,cpu         ] GC(1240) User=0.02s Sys=0.00s Real=0.01s
[528.931s][info][gc,marking     ] GC(1240) Concurrent Mark 931.262ms
[528.931s][info][gc,marking     ] GC(1240) Concurrent Rebuild Remembered Sets and Scrub Regions
[529.216s][info][gc,start       ] GC(1244) Pause Young (Normal) (G1 Evacuation Pause)
[529.216s][info][gc,task        ] GC(1244) Using 2 workers of 2 for evacuation
[529.254s][info][gc,phases      ] GC(1244)   Pre Evacuate Collection Set: 0.32ms
[529.254s][info][gc,phases      ] GC(1244)   Merge Heap Roots: 0.45ms
[529.254s][info][gc,phases      ] GC(1244)   Evacuate Collection Set: 36.16ms
[529.254s][info][gc,phases      ] GC(1244)   Post Evacuate Collection Set: 0.51ms
[529.254s][info][gc,phases      ] GC(1244)   Other: 0.10ms
[529.254s][info][gc,heap        ] GC(1244) Eden regions: 146->0(401)
[529.254s][info][gc,heap        ] GC(1244) Survivor regions: 5->19(19)
[529.254s][info][gc,heap        ] GC(1244) Old regions: 482->482
[529.254s][info][gc,heap        ] GC(1244) Humongous regions: 7->7
[529.254s][info][gc,metaspace   ] GC(1244) Metaspace: 19070K(19200K)->19070K(19200K) NonClass: 16402K(16448K)->16402K(16448K) Class: 2667K(2752K)->2667K(2752K)
[529.254s][info][gc             ] GC(1244) Pause Young (Normal) (G1 Evacuation Pause) 638M->507M(978M) 37.809ms
[529.254s][info][gc,cpu         ] GC(1244) User=0.08s Sys=0.00s Real=0.04s
[529.340s][info][gc,marking     ] GC(1240) Concurrent Rebuild Remembered Sets and Scrub Regions 409.126ms
[529.340s][info][gc,start       ] GC(1240) Pause Cleanup
[529.340s][info][gc             ] GC(1240) Pause Cleanup 552M->552M(978M) 0.159ms
[529.340s][info][gc,cpu         ] GC(1240) User=0.00s Sys=0.00s Real=0.00s
[529.341s][info][gc,marking     ] GC(1240) Concurrent Clear Claimed Marks
[529.341s][info][gc,marking     ] GC(1240) Concurrent Clear Claimed Marks 0.059ms
[529.341s][info][gc,marking     ] GC(1240) Concurrent Cleanup for Next Mark
[529.346s][info][gc,marking     ] GC(1240) Concurrent Cleanup for Next Mark 4.912ms
[529.346s][info][gc             ] GC(1240) Concurrent Mark Cycle 1347.762ms
[529.841s][info][gc,start       ] GC(1245) Pause Young (Prepare Mixed) (G1 Evacuation Pause)
[529.841s][info][gc,task        ] GC(1245) Using 2 workers of 2 for evacuation
[529.877s][info][gc,phases      ] GC(1245)   Pre Evacuate Collection Set: 0.53ms
[529.877s][info][gc,phases      ] GC(1245)   Merge Heap Roots: 0.46ms
[529.877s][info][gc,phases      ] GC(1245)   Evacuate Collection Set: 33.78ms
[529.877s][info][gc,phases      ] GC(1245)   Post Evacuate Collection Set: 0.73ms
[529.877s][info][gc,phases      ] GC(1245)   Other: 0.09ms
[529.877s][info][gc,heap        ] GC(1245) Eden regions: 401->0(401)
[529.877s][info][gc,heap        ] GC(1245) Survivor regions: 19->19(53)
[529.877s][info][gc,heap        ] GC(1245) Old regions: 482->482
[529.877s][info][gc,heap        ] GC(1245) Humongous regions: 7->7
[529.877s][info][gc,metaspace   ] GC(1245) Metaspace: 19070K(19200K)->19070K(19200K) NonClass: 16402K(16448K)->16402K(16448K) Class: 2667K(2752K)->2667K(2752K)
[529.877s][info][gc             ] GC(1245) Pause Young (Prepare Mixed) (G1 Evacuation Pause) 908M->507M(978M) 35.837ms
[529.877s][info][gc,cpu         ] GC(1245) User=0.07s Sys=0.00s Real=0.04s
[530.356s][info][gc,start       ] GC(1246) Pause Young (Mixed) (G1 Evacuation Pause)
[530.356s][info][gc,task        ] GC(1246) Using 2 workers of 2 for evacuation
[530.431s][info][gc,phases      ] GC(1246)   Pre Evacuate Collection Set: 0.37ms
[530.431s][info][gc,phases      ] GC(1246)   Merge Heap Roots: 0.52ms
[530.431s][info][gc,phases      ] GC(1246)   Evacuate Collection Set: 73.02ms
[530.431s][info][gc,phases      ] GC(1246)   Post Evacuate Collection Set: 0.87ms
[530.431s][info][gc,phases      ] GC(1246)   Other: 0.10ms
[530.431s][info][gc,heap        ] GC(1246) Eden regions: 401->0(433)
[530.431s][info][gc,heap        ] GC(1246) Survivor regions: 19->50(53)
[530.431s][info][gc,heap        ] GC(1246) Old regions: 482->388
[530.431s][info][gc,heap        ] GC(1246) Humongous regions: 7->7
[530.431s][info][gc,metaspace   ] GC(1246) Metaspace: 19070K(19200K)->19070K(19200K) NonClass: 16402K(16448K)->16402K(16448K) Class: 2667K(2752K)->2667K(2752K)
[530.431s][info][gc             ] GC(1246) Pause Young (Mixed) (G1 Evacuation Pause) 908M->443M(978M) 75.133ms
[530.431s][info][gc,cpu         ] GC(1246) User=0.15s Sys=0.00s Real=0.07s
[530.798s][info][gc,start       ] GC(1247) Pause Young (Mixed) (G1 Evacuation Pause)
[530.798s][info][gc,task        ] GC(1247) Using 2 workers of 2 for evacuation
[530.889s][info][gc,phases      ] GC(1247)   Pre Evacuate Collection Set: 0.51ms
[530.889s][info][gc,phases      ] GC(1247)   Merge Heap Roots: 0.59ms
[530.889s][info][gc,phases      ] GC(1247)   Evacuate Collection Set: 88.74ms
[530.889s][info][gc,phases      ] GC(1247)   Post Evacuate Collection Set: 0.68ms
[530.889s][info][gc,phases      ] GC(1247)   Other: 0.09ms
[530.889s][info][gc,heap        ] GC(1247) Eden regions: 433->0(448)
[530.889s][info][gc,heap        ] GC(1247) Survivor regions: 50->18(61)
[530.889s][info][gc,heap        ] GC(1247) Old regions: 388->432
[530.889s][info][gc,heap        ] GC(1247) Humongous regions: 7->7
[530.889s][info][gc,metaspace   ] GC(1247) Metaspace: 19070K(19200K)->19070K(19200K) NonClass: 16402K(16448K)->16402K(16448K) Class: 2667K(2752K)->2667K(2752K)
[530.889s][info][gc             ] GC(1247) Pause Young (Mixed) (G1 Evacuation Pause) 876M->456M(978M) 90.899ms
[530.889s][info][gc,cpu         ] GC(1247) User=0.18s Sys=0.00s Real=0.09s
[531.242s][info][gc,start       ] GC(1248) Pause Young (Concurrent Start) (G1 Evacuation Pause)
[531.242s][info][gc,task        ] GC(1248) Using 2 workers of 2 for evacuation
[531.323s][info][gc,phases      ] GC(1248)   Pre Evacuate Collection Set: 0.30ms
[531.323s][info][gc,phases      ] GC(1248)   Merge Heap Roots: 0.35ms
[531.323s][info][gc,phases      ] GC(1248)   Evacuate Collection Set: 79.98ms
[531.323s][info][gc,phases      ] GC(1248)   Post Evacuate Collection Set: 0.70ms
[531.323s][info][gc,phases      ] GC(1248)   Other: 0.12ms
[531.323s][info][gc,heap        ] GC(1248) Eden regions: 448->0(357)
[531.323s][info][gc,heap        ] GC(1248) Survivor regions: 18->59(59)
[531.323s][info][gc,heap        ] GC(1248) Old regions: 432->446
[531.323s][info][gc,heap        ] GC(1248) Humongous regions: 7->7
[531.323s][info][gc,metaspace   ] GC(1248) Metaspace: 19070K(19200K)->19070K(19200K) NonClass: 16402K(16448K)->16402K(16448K) Class: 2667K(2752K)->2667K(2752K)
[531.323s][info][gc             ] GC(1248) Pause Young (Concurrent Start) (G1 Evacuation Pause) 904M->511M(978M) 81.688ms
[531.324s][info][gc             ] GC(1249) Concurrent Mark Cycle
[531.324s][info][gc,marking     ] GC(1249) Concurrent Scan Root Regions
[531.326s][info][gc,cpu         ] GC(1248) User=0.16s Sys=0.00s Real=0.09s
[531.418s][info][gc,marking     ] GC(1249) Concurrent Scan Root Regions 94.391ms
[531.418s][info][gc,marking     ] GC(1249) Concurrent Mark
[531.418s][info][gc,marking     ] GC(1249) Concurrent Mark From Roots
[531.418s][info][gc,task        ] GC(1249) Using 1 workers of 1 for marking
[531.965s][info][gc,start       ] GC(1250) Pause Young (Normal) (G1 Evacuation Pause)
[531.965s][info][gc,task        ] GC(1250) Using 2 workers of 2 for evacuation
[532.041s][info][gc,phases      ] GC(1250)   Pre Evacuate Collection Set: 0.32ms
[532.041s][info][gc,phases      ] GC(1250)   Merge Heap Roots: 0.54ms
[532.041s][info][gc,phases      ] GC(1250)   Evacuate Collection Set: 73.77ms
[532.041s][info][gc,phases      ] GC(1250)   Post Evacuate Collection Set: 0.71ms
[532.041s][info][gc,phases      ] GC(1250)   Other: 0.10ms
[532.041s][info][gc,heap        ] GC(1250) Eden regions: 357->0(375)
[532.041s][info][gc,heap        ] GC(1250) Survivor regions: 59->7(52)
[532.041s][info][gc,heap        ] GC(1250) Old regions: 446->505
[532.041s][info][gc,heap        ] GC(1250) Humongous regions: 7->7
[532.041s][info][gc,metaspace   ] GC(1250) Metaspace: 19070K(19200K)->19070K(19200K) NonClass: 16402K(16448K)->16402K(16448K) Class: 2667K(2752K)->2667K(2752K)
[532.041s][info][gc             ] GC(1250) Pause Young (Normal) (G1 Evacuation Pause) 868M->518M(978M) 75.709ms
[532.041s][info][gc,cpu         ] GC(1250) User=0.14s Sys=0.00s Real=0.07s
[532.264s][info][gc,marking     ] GC(1249) Concurrent Mark From Roots 845.773ms
[532.264s][info][gc,marking     ] GC(1249) Concurrent Preclean
[532.264s][info][gc,marking     ] GC(1249) Concurrent Preclean 0.043ms
[532.264s][info][gc,start       ] GC(1249) Pause Remark
[532.272s][info][gc             ] GC(1249) Pause Remark 624M->509M(978M) 7.799ms
[532.272s][info][gc,cpu         ] GC(1249) User=0.02s Sys=0.00s Real=0.00s
[532.272s][info][gc,marking     ] GC(1249) Concurrent Mark 853.962ms
[532.272s][info][gc,marking     ] GC(1249) Concurrent Rebuild Remembered Sets and Scrub Regions
[532.490s][info][gc,marking     ] GC(1249) Concurrent Rebuild Remembered Sets and Scrub Regions 218.471ms
[532.491s][info][gc,start       ] GC(1249) Pause Cleanup
[532.491s][info][gc             ] GC(1249) Pause Cleanup 610M->610M(978M) 0.108ms
[532.491s][info][gc,cpu         ] GC(1249) User=0.00s Sys=0.00s Real=0.00s
[532.491s][info][gc,marking     ] GC(1249) Concurrent Clear Claimed Marks
[532.491s][info][gc,marking     ] GC(1249) Concurrent Clear Claimed Marks 0.032ms
[532.491s][info][gc,marking     ] GC(1249) Concurrent Cleanup for Next Mark
[532.494s][info][gc,marking     ] GC(1249) Concurrent Cleanup for Next Mark 2.828ms
[532.494s][info][gc             ] GC(1249) Concurrent Mark Cycle 1170.180ms
[532.926s][info][gc,start       ] GC(1251) Pause Young (Prepare Mixed) (G1 Evacuation Pause)
[532.926s][info][gc,task        ] GC(1251) Using 2 workers of 2 for evacuation
[532.954s][info][gc,phases      ] GC(1251)   Pre Evacuate Collection Set: 0.54ms
[532.954s][info][gc,phases      ] GC(1251)   Merge Heap Roots: 0.34ms
[532.954s][info][gc,phases      ] GC(1251)   Evacuate Collection Set: 25.93ms
[532.954s][info][gc,phases      ] GC(1251)   Post Evacuate Collection Set: 0.64ms
[532.954s][info][gc,phases      ] GC(1251)   Other: 0.12ms
[532.954s][info][gc,heap        ] GC(1251) Eden regions: 375->0(472)
[532.954s][info][gc,heap        ] GC(1251) Survivor regions: 7->22(48)
[532.954s][info][gc,heap        ] GC(1251) Old regions: 393->393
[532.954s][info][gc,heap        ] GC(1251) Humongous regions: 4->4
[532.954s][info][gc,metaspace   ] GC(1251) Metaspace: 19070K(19200K)->19070K(19200K) NonClass: 16402K(16448K)->16402K(16448K) Class: 2667K(2752K)->2667K(2752K)
[532.954s][info][gc             ] GC(1251) Pause Young (Prepare Mixed) (G1 Evacuation Pause) 778M->418M(978M) 27.823ms
[532.954s][info][gc,cpu         ] GC(1251) User=0.05s Sys=0.00s Real=0.03s
[533.962s][info][gc,start       ] GC(1252) Pause Young (Mixed) (G1 Evacuation Pause)
[533.962s][info][gc,task        ] GC(1252) Using 2 workers of 2 for evacuation
[533.993s][info][gc,phases      ] GC(1252)   Pre Evacuate Collection Set: 0.56ms
[533.993s][info][gc,phases      ] GC(1252)   Merge Heap Roots: 0.33ms
[533.993s][info][gc,phases      ] GC(1252)   Evacuate Collection Set: 29.32ms
[533.993s][info][gc,phases      ] GC(1252)   Post Evacuate Collection Set: 0.69ms
[533.993s][info][gc,phases      ] GC(1252)   Other: 0.12ms
[533.993s][info][gc,heap        ] GC(1252) Eden regions: 472->0(514)
[533.993s][info][gc,heap        ] GC(1252) Survivor regions: 22->27(62)
[533.993s][info][gc,heap        ] GC(1252) Old regions: 393->356
[533.993s][info][gc,heap        ] GC(1252) Humongous regions: 4->4
[533.993s][info][gc,metaspace   ] GC(1252) Metaspace: 19070K(19200K)->19070K(19200K) NonClass: 16402K(16448K)->16402K(16448K) Class: 2667K(2752K)->2667K(2752K)
[533.993s][info][gc             ] GC(1252) Pause Young (Mixed) (G1 Evacuation Pause) 890M->386M(978M) 31.277ms
[533.993s][info][gc,cpu         ] GC(1252) User=0.05s Sys=0.00s Real=0.03s
[534.382s][info][gc,start       ] GC(1253) Pause Young (Concurrent Start) (G1 Evacuation Pause)
[534.382s][info][gc,task        ] GC(1253) Using 2 workers of 2 for evacuation
[534.616s][info][gc,mmu         ] GC(1253) MMU target violated: 201.0ms (200.0ms/201.0ms)
[534.616s][info][gc,phases      ] GC(1253)   Pre Evacuate Collection Set: 0.28ms
[534.616s][info][gc,phases      ] GC(1253)   Merge Heap Roots: 0.27ms
[534.616s][info][gc,phases      ] GC(1253)   Evacuate Collection Set: 193.12ms
[534.616s][info][gc,phases      ] GC(1253)   Post Evacuate Collection Set: 39.56ms
[534.616s][info][gc,phases      ] GC(1253)   Other: 0.22ms
[534.616s][info][gc,heap        ] GC(1253) Eden regions: 514->0(0)
[534.616s][info][gc,heap        ] GC(1253) Survivor regions: 27->68(68)
[534.616s][info][gc,heap        ] GC(1253) Old regions: 356->815
[534.616s][info][gc,heap        ] GC(1253) Humongous regions: 4->4
[534.616s][info][gc,metaspace   ] GC(1253) Metaspace: 19070K(19200K)->19070K(19200K) NonClass: 16402K(16448K)->16402K(16448K) Class: 2667K(2752K)->2667K(2752K)
[534.616s][info][gc             ] GC(1253) Pause Young (Concurrent Start) (G1 Evacuation Pause) (Evacuation Failure: Allocation) 900M->886M(978M) 233.615ms
[534.616s][info][gc,cpu         ] GC(1253) User=0.47s Sys=0.00s Real=0.24s
[534.616s][info][gc,ergo        ] Attempting full compaction
[534.616s][info][gc,start       ] GC(1255) Pause Full (G1 Compaction Pause)
[534.616s][info][gc             ] GC(1254) Concurrent Mark Cycle
[534.616s][info][gc,task        ] GC(1255) Using 2 workers of 2 for full compaction
[534.616s][info][gc,marking     ] GC(1254) Concurrent Scan Root Regions
[534.616s][info][gc,marking     ] GC(1254) Concurrent Scan Root Regions 0.055ms
[534.616s][info][gc,marking     ] GC(1254) Concurrent Mark
[534.616s][info][gc,marking     ] GC(1254) Concurrent Mark From Roots
[534.616s][info][gc,task        ] GC(1254) Using 1 workers of 1 for marking
[534.617s][info][gc,phases,start] GC(1255) Phase 1: Mark live objects
[534.987s][info][gc,phases      ] GC(1255) Phase 1: Mark live objects 370.026ms
[534.987s][info][gc,phases,start] GC(1255) Phase 2: Prepare compaction
[535.021s][info][gc,phases      ] GC(1255) Phase 2: Prepare compaction 33.427ms
[535.021s][info][gc,phases,start] GC(1255) Phase 3: Adjust pointers
[535.172s][info][gc,phases      ] GC(1255) Phase 3: Adjust pointers 151.028ms
[535.172s][info][gc,phases,start] GC(1255) Phase 4: Compact heap
[535.216s][info][gc,phases      ] GC(1255) Phase 4: Compact heap 44.154ms
[535.216s][info][gc,phases,start] GC(1255) Phase 5: Reset Metadata
[535.278s][info][gc,phases      ] GC(1255) Phase 5: Reset Metadata 61.606ms
[535.286s][info][gc,heap        ] GC(1255) Eden regions: 0->0(383)
[535.286s][info][gc,heap        ] GC(1255) Survivor regions: 68->0(68)
[535.286s][info][gc,heap        ] GC(1255) Old regions: 815->510
[535.286s][info][gc,heap        ] GC(1255) Humongous regions: 4->4
[535.286s][info][gc,metaspace   ] GC(1255) Metaspace: 19070K(19200K)->19070K(19200K) NonClass: 16402K(16448K)->16402K(16448K) Class: 2667K(2752K)->2667K(2752K)
[535.286s][info][gc             ] GC(1255) Pause Full (G1 Compaction Pause) 886M->512M(978M) 670.494ms
[535.286s][info][gc,cpu         ] GC(1255) User=1.31s Sys=0.01s Real=0.67s
[535.288s][info][gc,marking     ] GC(1254) Concurrent Mark From Roots 672.163ms
[535.288s][info][gc,marking     ] GC(1254) Concurrent Mark Abort
[535.288s][info][gc             ] GC(1254) Concurrent Mark Cycle 672.357ms
[535.487s][info][gc,start       ] GC(1256) Pause Young (Concurrent Start) (G1 Humongous Allocation)
[535.487s][info][gc,task        ] GC(1256) Using 2 workers of 2 for evacuation
[535.520s][info][gc,phases      ] GC(1256)   Pre Evacuate Collection Set: 0.29ms
[535.520s][info][gc,phases      ] GC(1256)   Merge Heap Roots: 0.39ms
[535.520s][info][gc,phases      ] GC(1256)   Evacuate Collection Set: 32.18ms
[535.520s][info][gc,phases      ] GC(1256)   Post Evacuate Collection Set: 0.51ms
[535.520s][info][gc,phases      ] GC(1256)   Other: 0.11ms
[535.520s][info][gc,heap        ] GC(1256) Eden regions: 96->0(298)
[535.520s][info][gc,heap        ] GC(1256) Survivor regions: 0->19(48)
[535.520s][info][gc,heap        ] GC(1256) Old regions: 510->510
[535.520s][info][gc,heap        ] GC(1256) Humongous regions: 4->4
[535.520s][info][gc,metaspace   ] GC(1256) Metaspace: 19070K(19200K)->19070K(19200K) NonClass: 16402K(16448K)->16402K(16448K) Class: 2667K(2752K)->2667K(2752K)
[535.520s][info][gc             ] GC(1256) Pause Young (Concurrent Start) (G1 Humongous Allocation) 608M->531M(978M) 33.677ms
[535.520s][info][gc,cpu         ] GC(1256) User=0.07s Sys=0.00s Real=0.03s
[535.520s][info][gc             ] GC(1257) Concurrent Mark Cycle
[535.520s][info][gc,marking     ] GC(1257) Concurrent Scan Root Regions
[535.560s][info][gc,marking     ] GC(1257) Concurrent Scan Root Regions 39.603ms
[535.560s][info][gc,marking     ] GC(1257) Concurrent Mark
[535.560s][info][gc,marking     ] GC(1257) Concurrent Mark From Roots
[535.560s][info][gc,task        ] GC(1257) Using 1 workers of 1 for marking
[536.231s][info][gc,start       ] GC(1258) Pause Young (Normal) (G1 Evacuation Pause)
[536.231s][info][gc,task        ] GC(1258) Using 2 workers of 2 for evacuation
[536.316s][info][gc,phases      ] GC(1258)   Pre Evacuate Collection Set: 0.31ms
[536.316s][info][gc,phases      ] GC(1258)   Merge Heap Roots: 0.90ms
[536.316s][info][gc,phases      ] GC(1258)   Evacuate Collection Set: 82.07ms
[536.316s][info][gc,phases      ] GC(1258)   Post Evacuate Collection Set: 0.96ms
[536.316s][info][gc,phases      ] GC(1258)   Other: 0.10ms
[536.316s][info][gc,heap        ] GC(1258) Eden regions: 298->0(291)
[536.316s][info][gc,heap        ] GC(1258) Survivor regions: 19->40(40)
[536.316s][info][gc,heap        ] GC(1258) Old regions: 510->512
[536.316s][info][gc,heap        ] GC(1258) Humongous regions: 10->10
[536.316s][info][gc,metaspace   ] GC(1258) Metaspace: 19070K(19200K)->19070K(19200K) NonClass: 16402K(16448K)->16402K(16448K) Class: 2667K(2752K)->2667K(2752K)
[536.316s][info][gc             ] GC(1258) Pause Young (Normal) (G1 Evacuation Pause) 835M->560M(978M) 84.589ms
[536.316s][info][gc,cpu         ] GC(1258) User=0.17s Sys=0.00s Real=0.09s
[536.592s][info][gc,marking     ] GC(1257) Concurrent Mark From Roots 1032.205ms
[536.592s][info][gc,marking     ] GC(1257) Concurrent Preclean
[536.592s][info][gc,marking     ] GC(1257) Concurrent Preclean 0.042ms
[536.592s][info][gc,start       ] GC(1257) Pause Remark
[536.600s][info][gc             ] GC(1257) Pause Remark 646M->598M(978M) 7.749ms
[536.600s][info][gc,cpu         ] GC(1257) User=0.01s Sys=0.00s Real=0.01s
[536.601s][info][gc,marking     ] GC(1257) Concurrent Mark 1041.399ms
[536.601s][info][gc,marking     ] GC(1257) Concurrent Rebuild Remembered Sets and Scrub Regions
[537.083s][info][gc,start       ] GC(1259) Pause Young (Normal) (G1 Evacuation Pause)
[537.083s][info][gc,task        ] GC(1259) Using 2 workers of 2 for evacuation
[537.186s][info][gc,phases      ] GC(1259)   Pre Evacuate Collection Set: 0.50ms
[537.186s][info][gc,phases      ] GC(1259)   Merge Heap Roots: 1.20ms
[537.186s][info][gc,phases      ] GC(1259)   Evacuate Collection Set: 100.28ms
[537.186s][info][gc,phases      ] GC(1259)   Post Evacuate Collection Set: 0.57ms
[537.186s][info][gc,phases      ] GC(1259)   Other: 0.11ms
[537.186s][info][gc,heap        ] GC(1259) Eden regions: 291->0(318)
[537.186s][info][gc,heap        ] GC(1259) Survivor regions: 40->13(42)
[537.186s][info][gc,heap        ] GC(1259) Old regions: 466->506
[537.186s][info][gc,heap        ] GC(1259) Humongous regions: 11->11
[537.186s][info][gc,metaspace   ] GC(1259) Metaspace: 19070K(19200K)->19070K(19200K) NonClass: 16402K(16448K)->16402K(16448K) Class: 2667K(2752K)->2667K(2752K)
[537.186s][info][gc             ] GC(1259) Pause Young (Normal) (G1 Evacuation Pause) 806M->528M(978M) 102.987ms
[537.186s][info][gc,cpu         ] GC(1259) User=0.20s Sys=0.00s Real=0.10s
[537.219s][info][gc,marking     ] GC(1257) Concurrent Rebuild Remembered Sets and Scrub Regions 617.486ms
[537.219s][info][gc,start       ] GC(1257) Pause Cleanup
[537.219s][info][gc             ] GC(1257) Pause Cleanup 543M->543M(978M) 0.132ms
[537.219s][info][gc,cpu         ] GC(1257) User=0.00s Sys=0.00s Real=0.00s
[537.219s][info][gc,marking     ] GC(1257) Concurrent Clear Claimed Marks
[537.219s][info][gc,marking     ] GC(1257) Concurrent Clear Claimed Marks 0.037ms
[537.219s][info][gc,marking     ] GC(1257) Concurrent Cleanup for Next Mark
[537.226s][info][gc,marking     ] GC(1257) Concurrent Cleanup for Next Mark 6.448ms
[537.226s][info][gc             ] GC(1257) Concurrent Mark Cycle 1705.579ms
[537.678s][info][gc,start       ] GC(1260) Pause Young (Prepare Mixed) (G1 Evacuation Pause)
[537.678s][info][gc,task        ] GC(1260) Using 2 workers of 2 for evacuation
[537.701s][info][gc,phases      ] GC(1260)   Pre Evacuate Collection Set: 0.31ms
[537.702s][info][gc,phases      ] GC(1260)   Merge Heap Roots: 0.36ms
[537.702s][info][gc,phases      ] GC(1260)   Evacuate Collection Set: 21.95ms
[537.702s][info][gc,phases      ] GC(1260)   Post Evacuate Collection Set: 0.55ms
[537.702s][info][gc,phases      ] GC(1260)   Other: 0.08ms
[537.702s][info][gc,heap        ] GC(1260) Eden regions: 318->0(338)
[537.702s][info][gc,heap        ] GC(1260) Survivor regions: 13->13(42)
[537.702s][info][gc,heap        ] GC(1260) Old regions: 506->506
[537.702s][info][gc,heap        ] GC(1260) Humongous regions: 11->11
[537.702s][info][gc,metaspace   ] GC(1260) Metaspace: 19070K(19200K)->19070K(19200K) NonClass: 16402K(16448K)->16402K(16448K) Class: 2667K(2752K)->2667K(2752K)
[537.702s][info][gc             ] GC(1260) Pause Young (Prepare Mixed) (G1 Evacuation Pause) 846M->528M(978M) 23.470ms
[537.702s][info][gc,cpu         ] GC(1260) User=0.05s Sys=0.00s Real=0.02s
[538.181s][info][gc,start       ] GC(1261) Pause Young (Mixed) (G1 Evacuation Pause)
[538.181s][info][gc,task        ] GC(1261) Using 2 workers of 2 for evacuation
[538.220s][info][gc,phases      ] GC(1261)   Pre Evacuate Collection Set: 0.33ms
[538.220s][info][gc,phases      ] GC(1261)   Merge Heap Roots: 0.32ms
[538.220s][info][gc,phases      ] GC(1261)   Evacuate Collection Set: 37.00ms
[538.220s][info][gc,phases      ] GC(1261)   Post Evacuate Collection Set: 0.63ms
[538.220s][info][gc,phases      ] GC(1261)   Other: 0.12ms
[538.220s][info][gc,heap        ] GC(1261) Eden regions: 338->0(381)
[538.220s][info][gc,heap        ] GC(1261) Survivor regions: 13->23(44)
[538.220s][info][gc,heap        ] GC(1261) Old regions: 506->451
[538.220s][info][gc,heap        ] GC(1261) Humongous regions: 11->11
[538.220s][info][gc,metaspace   ] GC(1261) Metaspace: 19070K(19200K)->19070K(19200K) NonClass: 16402K(16448K)->16402K(16448K) Class: 2667K(2752K)->2667K(2752K)
[538.220s][info][gc             ] GC(1261) Pause Young (Mixed) (G1 Evacuation Pause) 866M->483M(978M) 38.697ms
[538.220s][info][gc,cpu         ] GC(1261) User=0.08s Sys=0.00s Real=0.04s
[538.576s][info][gc,start       ] GC(1262) Pause Young (Concurrent Start) (G1 Evacuation Pause)
[538.576s][info][gc,task        ] GC(1262) Using 2 workers of 2 for evacuation
[538.634s][info][gc,phases      ] GC(1262)   Pre Evacuate Collection Set: 0.36ms
[538.634s][info][gc,phases      ] GC(1262)   Merge Heap Roots: 0.23ms
[538.634s][info][gc,phases      ] GC(1262)   Evacuate Collection Set: 56.59ms
[538.634s][info][gc,phases      ] GC(1262)   Post Evacuate Collection Set: 0.63ms
[538.634s][info][gc,phases      ] GC(1262)   Other: 0.22ms
[538.634s][info][gc,heap        ] GC(1262) Eden regions: 381->0(371)
[538.634s][info][gc,heap        ] GC(1262) Survivor regions: 23->45(51)
[538.634s][info][gc,heap        ] GC(1262) Old regions: 451->451
[538.634s][info][gc,heap        ] GC(1262) Humongous regions: 11->11
[538.634s][info][gc,metaspace   ] GC(1262) Metaspace: 19070K(19200K)->19070K(19200K) NonClass: 16402K(16448K)->16402K(16448K) Class: 2667K(2752K)->2667K(2752K)
[538.634s][info][gc             ] GC(1262) Pause Young (Concurrent Start) (G1 Evacuation Pause) 864M->505M(978M) 58.236ms
[538.634s][info][gc             ] GC(1263) Concurrent Mark Cycle
[538.634s][info][gc,marking     ] GC(1263) Concurrent Scan Root Regions
[538.636s][info][gc,cpu         ] GC(1262) User=0.12s Sys=0.00s Real=0.06s
[538.746s][info][gc,marking     ] GC(1263) Concurrent Scan Root Regions 111.727ms
[538.746s][info][gc,marking     ] GC(1263) Concurrent Mark
[538.746s][info][gc,marking     ] GC(1263) Concurrent Mark From Roots
[538.746s][info][gc,task        ] GC(1263) Using 1 workers of 1 for marking
[539.656s][info][gc,start       ] GC(1264) Pause Young (Normal) (G1 Evacuation Pause)
[539.656s][info][gc,task        ] GC(1264) Using 2 workers of 2 for evacuation
[539.721s][info][gc,phases      ] GC(1264)   Pre Evacuate Collection Set: 0.54ms
[539.721s][info][gc,phases      ] GC(1264)   Merge Heap Roots: 0.31ms
[539.721s][info][gc,phases      ] GC(1264)   Evacuate Collection Set: 64.15ms
[539.721s][info][gc,phases      ] GC(1264)   Post Evacuate Collection Set: 0.64ms
[539.721s][info][gc,phases      ] GC(1264)   Other: 0.08ms
[539.721s][info][gc,heap        ] GC(1264) Eden regions: 371->0(375)
[539.721s][info][gc,heap        ] GC(1264) Survivor regions: 45->31(52)
[539.721s][info][gc,heap        ] GC(1264) Old regions: 451->474
[539.721s][info][gc,heap        ] GC(1264) Humongous regions: 11->11
[539.721s][info][gc,metaspace   ] GC(1264) Metaspace: 19070K(19200K)->19070K(19200K) NonClass: 16402K(16448K)->16402K(16448K) Class: 2667K(2752K)->2667K(2752K)
[539.721s][info][gc             ] GC(1264) Pause Young (Normal) (G1 Evacuation Pause) 876M->514M(978M) 65.927ms
[539.721s][info][gc,cpu         ] GC(1264) User=0.12s Sys=0.00s Real=0.06s
[540.006s][info][gc,marking     ] GC(1263) Concurrent Mark From Roots 1260.709ms
[540.006s][info][gc,marking     ] GC(1263) Concurrent Preclean
[540.007s][info][gc,marking     ] GC(1263) Concurrent Preclean 0.040ms
[540.007s][info][gc,start       ] GC(1263) Pause Remark
[540.014s][info][gc             ] GC(1263) Pause Remark 601M->597M(978M) 7.698ms
[540.014s][info][gc,cpu         ] GC(1263) User=0.01s Sys=0.00s Real=0.01s
[540.015s][info][gc,marking     ] GC(1263) Concurrent Mark 1269.042ms
[540.015s][info][gc,marking     ] GC(1263) Concurrent Rebuild Remembered Sets and Scrub Regions
[540.380s][info][gc,marking     ] GC(1263) Concurrent Rebuild Remembered Sets and Scrub Regions 365.348ms
[540.380s][info][gc,start       ] GC(1263) Pause Cleanup
[540.380s][info][gc             ] GC(1263) Pause Cleanup 718M->718M(978M) 0.098ms
[540.380s][info][gc,cpu         ] GC(1263) User=0.00s Sys=0.00s Real=0.00s
[540.381s][info][gc,marking     ] GC(1263) Concurrent Clear Claimed Marks
[540.381s][info][gc,marking     ] GC(1263) Concurrent Clear Claimed Marks 0.033ms
[540.381s][info][gc,marking     ] GC(1263) Concurrent Cleanup for Next Mark
[540.384s][info][gc,marking     ] GC(1263) Concurrent Cleanup for Next Mark 2.912ms
[540.384s][info][gc             ] GC(1263) Concurrent Mark Cycle 1750.113ms
[540.597s][info][gc,start       ] GC(1265) Pause Young (Prepare Mixed) (G1 Evacuation Pause)
[540.597s][info][gc,task        ] GC(1265) Using 2 workers of 2 for evacuation
[540.642s][info][gc,phases      ] GC(1265)   Pre Evacuate Collection Set: 0.30ms
[540.642s][info][gc,phases      ] GC(1265)   Merge Heap Roots: 0.29ms
[540.642s][info][gc,phases      ] GC(1265)   Evacuate Collection Set: 43.19ms
[540.642s][info][gc,phases      ] GC(1265)   Post Evacuate Collection Set: 0.60ms
[540.642s][info][gc,phases      ] GC(1265)   Other: 0.10ms
[540.642s][info][gc,heap        ] GC(1265) Eden regions: 375->0(373)
[540.642s][info][gc,heap        ] GC(1265) Survivor regions: 31->21(51)
[540.642s][info][gc,heap        ] GC(1265) Old regions: 474->497
[540.642s][info][gc,heap        ] GC(1265) Humongous regions: 7->7
[540.642s][info][gc,metaspace   ] GC(1265) Metaspace: 19070K(19200K)->19070K(19200K) NonClass: 16402K(16448K)->16402K(16448K) Class: 2667K(2752K)->2667K(2752K)
[540.642s][info][gc             ] GC(1265) Pause Young (Prepare Mixed) (G1 Evacuation Pause) 885M->523M(978M) 44.731ms
[540.642s][info][gc,cpu         ] GC(1265) User=0.09s Sys=0.00s Real=0.04s
[541.117s][info][gc,start       ] GC(1266) Pause Young (Mixed) (G1 Evacuation Pause)
[541.117s][info][gc,task        ] GC(1266) Using 2 workers of 2 for evacuation
[541.226s][info][gc,phases      ] GC(1266)   Pre Evacuate Collection Set: 0.31ms
[541.226s][info][gc,phases      ] GC(1266)   Merge Heap Roots: 0.33ms
[541.226s][info][gc,phases      ] GC(1266)   Evacuate Collection Set: 104.42ms
[541.226s][info][gc,phases      ] GC(1266)   Post Evacuate Collection Set: 3.90ms
[541.226s][info][gc,phases      ] GC(1266)   Other: 0.08ms
[541.226s][info][gc,heap        ] GC(1266) Eden regions: 373->0(264)
[541.226s][info][gc,heap        ] GC(1266) Survivor regions: 21->50(50)
[541.226s][info][gc,heap        ] GC(1266) Old regions: 497->554
[541.226s][info][gc,heap        ] GC(1266) Humongous regions: 10->10
[541.226s][info][gc,metaspace   ] GC(1266) Metaspace: 19070K(19200K)->19070K(19200K) NonClass: 16402K(16448K)->16402K(16448K) Class: 2667K(2752K)->2667K(2752K)
[541.226s][info][gc             ] GC(1266) Pause Young (Mixed) (G1 Evacuation Pause) (Evacuation Failure: Allocation) 899M->613M(978M) 109.350ms
[541.226s][info][gc,cpu         ] GC(1266) User=0.22s Sys=0.00s Real=0.11s
[541.616s][info][gc,start       ] GC(1267) Pause Young (Concurrent Start) (G1 Evacuation Pause)
[541.616s][info][gc,task        ] GC(1267) Using 2 workers of 2 for evacuation
[541.681s][info][gc,phases      ] GC(1267)   Pre Evacuate Collection Set: 0.39ms
[541.681s][info][gc,phases      ] GC(1267)   Merge Heap Roots: 0.42ms
[541.681s][info][gc,phases      ] GC(1267)   Evacuate Collection Set: 63.64ms
[541.681s][info][gc,phases      ] GC(1267)   Post Evacuate Collection Set: 0.59ms
[541.681s][info][gc,phases      ] GC(1267)   Other: 0.13ms
[541.681s][info][gc,heap        ] GC(1267) Eden regions: 264->0(309)
[541.681s][info][gc,heap        ] GC(1267) Survivor regions: 50->1(40)
[541.681s][info][gc,heap        ] GC(1267) Old regions: 554->572
[541.681s][info][gc,heap        ] GC(1267) Humongous regions: 10->10
[541.681s][info][gc,metaspace   ] GC(1267) Metaspace: 19070K(19200K)->19070K(19200K) NonClass: 16402K(16448K)->16402K(16448K) Class: 2667K(2752K)->2667K(2752K)
[541.682s][info][gc             ] GC(1267) Pause Young (Concurrent Start) (G1 Evacuation Pause) 877M->581M(978M) 65.464ms
[541.682s][info][gc,cpu         ] GC(1267) User=0.13s Sys=0.00s Real=0.06s
[541.682s][info][gc             ] GC(1268) Concurrent Mark Cycle
[541.682s][info][gc,marking     ] GC(1268) Concurrent Scan Root Regions
[541.748s][info][gc,marking     ] GC(1268) Concurrent Scan Root Regions 66.328ms
[541.748s][info][gc,marking     ] GC(1268) Concurrent Mark
[541.748s][info][gc,marking     ] GC(1268) Concurrent Mark From Roots
[541.748s][info][gc,task        ] GC(1268) Using 1 workers of 1 for marking
[542.744s][info][gc,start       ] GC(1269) Pause Young (Normal) (G1 Evacuation Pause)
[542.744s][info][gc,task        ] GC(1269) Using 2 workers of 2 for evacuation
[542.745s][info][gc,phases      ] GC(1269)   Pre Evacuate Collection Set: 0.31ms
[542.745s][info][gc,phases      ] GC(1269)   Merge Heap Roots: 0.10ms
[542.745s][info][gc,phases      ] GC(1269)   Evacuate Collection Set: 0.29ms
[542.745s][info][gc,phases      ] GC(1269)   Post Evacuate Collection Set: 0.48ms
[542.745s][info][gc,phases      ] GC(1269)   Other: 0.13ms
[542.745s][info][gc,heap        ] GC(1269) Eden regions: 309->0(325)
[542.745s][info][gc,heap        ] GC(1269) Survivor regions: 1->1(39)
[542.745s][info][gc,heap        ] GC(1269) Old regions: 572->572
[542.745s][info][gc,heap        ] GC(1269) Humongous regions: 10->10
[542.745s][info][gc,metaspace   ] GC(1269) Metaspace: 19070K(19200K)->19070K(19200K) NonClass: 16402K(16448K)->16402K(16448K) Class: 2667K(2752K)->2667K(2752K)
[542.746s][info][gc             ] GC(1269) Pause Young (Normal) (G1 Evacuation Pause) 890M->581M(978M) 1.534ms
[542.746s][info][gc,cpu         ] GC(1269) User=0.00s Sys=0.00s Real=0.00s
[543.245s][info][gc,marking     ] GC(1268) Concurrent Mark From Roots 1496.508ms
[543.245s][info][gc,marking     ] GC(1268) Concurrent Preclean
[543.245s][info][gc,marking     ] GC(1268) Concurrent Preclean 0.046ms
[543.245s][info][gc,start       ] GC(1268) Pause Remark
[543.252s][info][gc             ] GC(1268) Pause Remark 724M->723M(978M) 7.731ms
[543.253s][info][gc,cpu         ] GC(1268) User=0.02s Sys=0.01s Real=0.00s
[543.254s][info][gc,marking     ] GC(1268) Concurrent Mark 1505.852ms
[543.254s][info][gc,marking     ] GC(1268) Concurrent Rebuild Remembered Sets and Scrub Regions
[543.629s][info][gc,start       ] GC(1270) Pause Young (Normal) (G1 Evacuation Pause)
[543.629s][info][gc,task        ] GC(1270) Using 2 workers of 2 for evacuation
[543.641s][info][gc,phases      ] GC(1270)   Pre Evacuate Collection Set: 0.27ms
[543.642s][info][gc,phases      ] GC(1270)   Merge Heap Roots: 0.19ms
[543.642s][info][gc,phases      ] GC(1270)   Evacuate Collection Set: 11.54ms
[543.642s][info][gc,phases      ] GC(1270)   Post Evacuate Collection Set: 0.47ms
[543.642s][info][gc,phases      ] GC(1270)   Other: 0.12ms
[543.642s][info][gc,heap        ] GC(1270) Eden regions: 325->0(325)
[543.642s][info][gc,heap        ] GC(1270) Survivor regions: 1->9(41)
[543.642s][info][gc,heap        ] GC(1270) Old regions: 572->572
[543.642s][info][gc,heap        ] GC(1270) Humongous regions: 9->9
[543.642s][info][gc,metaspace   ] GC(1270) Metaspace: 19070K(19200K)->19070K(19200K) NonClass: 16402K(16448K)->16402K(16448K) Class: 2667K(2752K)->2667K(2752K)
[543.642s][info][gc             ] GC(1270) Pause Young (Normal) (G1 Evacuation Pause) 905M->588M(978M) 12.829ms
[543.642s][info][gc,cpu         ] GC(1270) User=0.03s Sys=0.00s Real=0.01s
[543.747s][info][gc,marking     ] GC(1268) Concurrent Rebuild Remembered Sets and Scrub Regions 493.291ms
[543.747s][info][gc,start       ] GC(1268) Pause Cleanup
[543.747s][info][gc             ] GC(1268) Pause Cleanup 657M->657M(978M) 0.111ms
[543.747s][info][gc,cpu         ] GC(1268) User=0.00s Sys=0.00s Real=0.00s
[543.748s][info][gc,marking     ] GC(1268) Concurrent Clear Claimed Marks
[543.748s][info][gc,marking     ] GC(1268) Concurrent Clear Claimed Marks 0.040ms
[543.748s][info][gc,marking     ] GC(1268) Concurrent Cleanup for Next Mark
[543.755s][info][gc,marking     ] GC(1268) Concurrent Cleanup for Next Mark 7.238ms
[543.755s][info][gc             ] GC(1268) Concurrent Mark Cycle 2073.282ms
[543.982s][info][gc,start       ] GC(1271) Pause Young (Prepare Mixed) (G1 Evacuation Pause)
[543.982s][info][gc,task        ] GC(1271) Using 2 workers of 2 for evacuation
[544.013s][info][gc,phases      ] GC(1271)   Pre Evacuate Collection Set: 0.52ms
[544.013s][info][gc,phases      ] GC(1271)   Merge Heap Roots: 0.19ms
[544.013s][info][gc,phases      ] GC(1271)   Evacuate Collection Set: 29.51ms
[544.013s][info][gc,phases      ] GC(1271)   Post Evacuate Collection Set: 0.54ms
[544.013s][info][gc,phases      ] GC(1271)   Other: 0.10ms
[544.013s][info][gc,heap        ] GC(1271) Eden regions: 325->0(293)
[544.013s][info][gc,heap        ] GC(1271) Survivor regions: 9->27(42)
[544.013s][info][gc,heap        ] GC(1271) Old regions: 572->572
[544.013s][info][gc,heap        ] GC(1271) Humongous regions: 9->9
[544.013s][info][gc,metaspace   ] GC(1271) Metaspace: 19070K(19200K)->19070K(19200K) NonClass: 16402K(16448K)->16402K(16448K) Class: 2667K(2752K)->2667K(2752K)
[544.013s][info][gc             ] GC(1271) Pause Young (Prepare Mixed) (G1 Evacuation Pause) 913M->606M(978M) 31.141ms
[544.013s][info][gc,cpu         ] GC(1271) User=0.06s Sys=0.00s Real=0.04s
[544.311s][info][gc,start       ] GC(1272) Pause Young (Mixed) (G1 Evacuation Pause)
[544.311s][info][gc,task        ] GC(1272) Using 2 workers of 2 for evacuation
[544.360s][info][gc,phases      ] GC(1272)   Pre Evacuate Collection Set: 0.33ms
[544.360s][info][gc,phases      ] GC(1272)   Merge Heap Roots: 0.32ms
[544.360s][info][gc,phases      ] GC(1272)   Evacuate Collection Set: 47.67ms
[544.360s][info][gc,phases      ] GC(1272)   Post Evacuate Collection Set: 0.59ms
[544.360s][info][gc,phases      ] GC(1272)   Other: 0.09ms
[544.360s][info][gc,heap        ] GC(1272) Eden regions: 293->0(283)
[544.360s][info][gc,heap        ] GC(1272) Survivor regions: 27->31(40)
[544.360s][info][gc,heap        ] GC(1272) Old regions: 572->574
[544.360s][info][gc,heap        ] GC(1272) Humongous regions: 9->9
[544.360s][info][gc,metaspace   ] GC(1272) Metaspace: 19070K(19200K)->19070K(19200K) NonClass: 16402K(16448K)->16402K(16448K) Class: 2667K(2752K)->2667K(2752K)
[544.360s][info][gc             ] GC(1272) Pause Young (Mixed) (G1 Evacuation Pause) 899M->612M(978M) 49.209ms
[544.360s][info][gc,cpu         ] GC(1272) User=0.10s Sys=0.00s Real=0.05s
[544.758s][info][gc,start       ] GC(1273) Pause Young (Concurrent Start) (G1 Evacuation Pause)
[544.758s][info][gc,task        ] GC(1273) Using 2 workers of 2 for evacuation
[544.834s][info][gc,phases      ] GC(1273)   Pre Evacuate Collection Set: 0.30ms
[544.834s][info][gc,phases      ] GC(1273)   Merge Heap Roots: 0.41ms
[544.834s][info][gc,phases      ] GC(1273)   Evacuate Collection Set: 74.91ms
[544.834s][info][gc,phases      ] GC(1273)   Post Evacuate Collection Set: 0.55ms
[544.834s][info][gc,phases      ] GC(1273)   Other: 0.11ms
[544.834s][info][gc,heap        ] GC(1273) Eden regions: 283->0(238)
[544.834s][info][gc,heap        ] GC(1273) Survivor regions: 31->40(40)
[544.834s][info][gc,heap        ] GC(1273) Old regions: 574->601
[544.834s][info][gc,heap        ] GC(1273) Humongous regions: 9->9
[544.834s][info][gc,metaspace   ] GC(1273) Metaspace: 19070K(19200K)->19070K(19200K) NonClass: 16402K(16448K)->16402K(16448K) Class: 2667K(2752K)->2667K(2752K)
[544.834s][info][gc             ] GC(1273) Pause Young (Concurrent Start) (G1 Evacuation Pause) 895M->649M(978M) 76.529ms
[544.834s][info][gc,cpu         ] GC(1273) User=0.15s Sys=0.00s Real=0.08s
[544.834s][info][gc             ] GC(1274) Concurrent Mark Cycle
[544.837s][info][gc,marking     ] GC(1274) Concurrent Scan Root Regions
[544.971s][info][gc,marking     ] GC(1274) Concurrent Scan Root Regions 133.587ms
[544.971s][info][gc,marking     ] GC(1274) Concurrent Mark
[544.971s][info][gc,marking     ] GC(1274) Concurrent Mark From Roots
[544.971s][info][gc,task        ] GC(1274) Using 1 workers of 1 for marking
[545.260s][info][gc,start       ] GC(1275) Pause Young (Normal) (G1 Evacuation Pause)
[545.260s][info][gc,task        ] GC(1275) Using 2 workers of 2 for evacuation
[545.339s][info][gc,phases      ] GC(1275)   Pre Evacuate Collection Set: 0.33ms
[545.339s][info][gc,phases      ] GC(1275)   Merge Heap Roots: 0.30ms
[545.339s][info][gc,phases      ] GC(1275)   Evacuate Collection Set: 77.67ms
[545.339s][info][gc,phases      ] GC(1275)   Post Evacuate Collection Set: 0.51ms
[545.339s][info][gc,phases      ] GC(1275)   Other: 0.09ms
[545.339s][info][gc,heap        ] GC(1275) Eden regions: 238->0(207)
[545.339s][info][gc,heap        ] GC(1275) Survivor regions: 40->35(35)
[545.339s][info][gc,heap        ] GC(1275) Old regions: 601->642
[545.339s][info][gc,heap        ] GC(1275) Humongous regions: 9->9
[545.339s][info][gc,metaspace   ] GC(1275) Metaspace: 19070K(19200K)->19070K(19200K) NonClass: 16402K(16448K)->16402K(16448K) Class: 2667K(2752K)->2667K(2752K)
[545.339s][info][gc             ] GC(1275) Pause Young (Normal) (G1 Evacuation Pause) 887M->684M(978M) 79.194ms
[545.339s][info][gc,cpu         ] GC(1275) User=0.16s Sys=0.00s Real=0.08s
[545.652s][info][gc,start       ] GC(1276) Pause Young (Normal) (G1 Evacuation Pause)
[545.653s][info][gc,task        ] GC(1276) Using 2 workers of 2 for evacuation
[545.708s][info][gc,phases      ] GC(1276)   Pre Evacuate Collection Set: 0.35ms
[545.708s][info][gc,phases      ] GC(1276)   Merge Heap Roots: 0.31ms
[545.708s][info][gc,phases      ] GC(1276)   Evacuate Collection Set: 53.88ms
[545.708s][info][gc,phases      ] GC(1276)   Post Evacuate Collection Set: 0.46ms
[545.708s][info][gc,phases      ] GC(1276)   Other: 0.11ms
[545.708s][info][gc,heap        ] GC(1276) Eden regions: 207->0(207)
[545.708s][info][gc,heap        ] GC(1276) Survivor regions: 35->16(31)
[545.708s][info][gc,heap        ] GC(1276) Old regions: 642->677
[545.708s][info][gc,heap        ] GC(1276) Humongous regions: 9->9
[545.708s][info][gc,metaspace   ] GC(1276) Metaspace: 19070K(19200K)->19070K(19200K) NonClass: 16402K(16448K)->16402K(16448K) Class: 2667K(2752K)->2667K(2752K)
[545.708s][info][gc             ] GC(1276) Pause Young (Normal) (G1 Evacuation Pause) 891M->700M(978M) 55.399ms
[545.708s][info][gc,cpu         ] GC(1276) User=0.11s Sys=0.00s Real=0.06s
[545.999s][info][gc,start       ] GC(1277) Pause Young (Normal) (G1 Evacuation Pause)
[545.999s][info][gc,task        ] GC(1277) Using 2 workers of 2 for evacuation
[546.060s][info][gc,phases      ] GC(1277)   Pre Evacuate Collection Set: 0.32ms
[546.060s][info][gc,phases      ] GC(1277)   Merge Heap Roots: 0.30ms
[546.060s][info][gc,phases      ] GC(1277)   Evacuate Collection Set: 60.07ms
[546.060s][info][gc,phases      ] GC(1277)   Post Evacuate Collection Set: 0.55ms
[546.060s][info][gc,phases      ] GC(1277)   Other: 0.09ms
[546.060s][info][gc,heap        ] GC(1277) Eden regions: 207->0(158)
[546.060s][info][gc,heap        ] GC(1277) Survivor regions: 16->28(28)
[546.060s][info][gc,heap        ] GC(1277) Old regions: 677->705
[546.060s][info][gc,heap        ] GC(1277) Humongous regions: 9->9
[546.060s][info][gc,metaspace   ] GC(1277) Metaspace: 19070K(19200K)->19070K(19200K) NonClass: 16402K(16448K)->16402K(16448K) Class: 2667K(2752K)->2667K(2752K)
[546.060s][info][gc             ] GC(1277) Pause Young (Normal) (G1 Evacuation Pause) 907M->740M(978M) 61.543ms
[546.060s][info][gc,cpu         ] GC(1277) User=0.12s Sys=0.00s Real=0.06s
[546.255s][info][gc,start       ] GC(1278) Pause Young (Normal) (G1 Evacuation Pause)
[546.255s][info][gc,task        ] GC(1278) Using 2 workers of 2 for evacuation
[546.314s][info][gc,phases      ] GC(1278)   Pre Evacuate Collection Set: 0.30ms
[546.314s][info][gc,phases      ] GC(1278)   Merge Heap Roots: 0.36ms
[546.314s][info][gc,phases      ] GC(1278)   Evacuate Collection Set: 57.21ms
[546.314s][info][gc,phases      ] GC(1278)   Post Evacuate Collection Set: 0.44ms
[546.314s][info][gc,phases      ] GC(1278)   Other: 0.09ms
[546.314s][info][gc,heap        ] GC(1278) Eden regions: 158->0(134)
[546.314s][info][gc,heap        ] GC(1278) Survivor regions: 28->24(24)
[546.314s][info][gc,heap        ] GC(1278) Old regions: 705->737
[546.314s][info][gc,heap        ] GC(1278) Humongous regions: 9->9
[546.314s][info][gc,metaspace   ] GC(1278) Metaspace: 19070K(19200K)->19070K(19200K) NonClass: 16403K(16448K)->16403K(16448K) Class: 2667K(2752K)->2667K(2752K)
[546.314s][info][gc             ] GC(1278) Pause Young (Normal) (G1 Evacuation Pause) 898M->769M(978M) 58.627ms
[546.314s][info][gc,cpu         ] GC(1278) User=0.11s Sys=0.00s Real=0.06s
[546.474s][info][gc,start       ] GC(1279) Pause Young (Normal) (G1 Evacuation Pause)
[546.474s][info][gc,task        ] GC(1279) Using 2 workers of 2 for evacuation
[546.498s][info][gc,phases      ] GC(1279)   Pre Evacuate Collection Set: 0.30ms
[546.498s][info][gc,phases      ] GC(1279)   Merge Heap Roots: 0.21ms
[546.498s][info][gc,phases      ] GC(1279)   Evacuate Collection Set: 22.86ms
[546.498s][info][gc,phases      ] GC(1279)   Post Evacuate Collection Set: 0.35ms
[546.498s][info][gc,phases      ] GC(1279)   Other: 0.08ms
[546.498s][info][gc,heap        ] GC(1279) Eden regions: 134->0(146)
[546.498s][info][gc,heap        ] GC(1279) Survivor regions: 24->1(20)
[546.498s][info][gc,heap        ] GC(1279) Old regions: 737->762
[546.498s][info][gc,heap        ] GC(1279) Humongous regions: 9->9
[546.498s][info][gc,metaspace   ] GC(1279) Metaspace: 19070K(19200K)->19070K(19200K) NonClass: 16403K(16448K)->16403K(16448K) Class: 2667K(2752K)->2667K(2752K)
[546.498s][info][gc             ] GC(1279) Pause Young (Normal) (G1 Evacuation Pause) 903M->770M(978M) 24.073ms
[546.498s][info][gc,cpu         ] GC(1279) User=0.05s Sys=0.01s Real=0.02s
[546.689s][info][gc,start       ] GC(1280) Pause Young (Normal) (G1 Evacuation Pause)
[546.689s][info][gc,task        ] GC(1280) Using 2 workers of 2 for evacuation
[546.692s][info][gc,phases      ] GC(1280)   Pre Evacuate Collection Set: 0.52ms
[546.692s][info][gc,phases      ] GC(1280)   Merge Heap Roots: 0.10ms
[546.692s][info][gc,phases      ] GC(1280)   Evacuate Collection Set: 1.99ms
[546.692s][info][gc,phases      ] GC(1280)   Post Evacuate Collection Set: 0.36ms
[546.692s][info][gc,phases      ] GC(1280)   Other: 0.07ms
[546.692s][info][gc,heap        ] GC(1280) Eden regions: 146->0(154)
[546.692s][info][gc,heap        ] GC(1280) Survivor regions: 1->1(19)
[546.692s][info][gc,heap        ] GC(1280) Old regions: 762->762
[546.692s][info][gc,heap        ] GC(1280) Humongous regions: 9->9
[546.692s][info][gc,metaspace   ] GC(1280) Metaspace: 19070K(19200K)->19070K(19200K) NonClass: 16403K(16448K)->16403K(16448K) Class: 2667K(2752K)->2667K(2752K)
[546.692s][info][gc             ] GC(1280) Pause Young (Normal) (G1 Evacuation Pause) 916M->770M(978M) 3.262ms
[546.692s][info][gc,cpu         ] GC(1280) User=0.01s Sys=0.00s Real=0.00s
[546.703s][info][gc,marking     ] GC(1274) Concurrent Mark From Roots 1732.762ms
[546.703s][info][gc,marking     ] GC(1274) Concurrent Preclean
[546.703s][info][gc,marking     ] GC(1274) Concurrent Preclean 0.037ms
[546.704s][info][gc,start       ] GC(1274) Pause Remark
[546.712s][info][gc             ] GC(1274) Pause Remark 776M->733M(978M) 8.164ms
[546.712s][info][gc,cpu         ] GC(1274) User=0.01s Sys=0.00s Real=0.00s
[546.712s][info][gc,marking     ] GC(1274) Concurrent Mark 1741.246ms
[546.712s][info][gc,marking     ] GC(1274) Concurrent Rebuild Remembered Sets and Scrub Regions
[546.938s][info][gc,start       ] GC(1281) Pause Young (Normal) (G1 Evacuation Pause)
[546.938s][info][gc,task        ] GC(1281) Using 2 workers of 2 for evacuation
[546.959s][info][gc,phases      ] GC(1281)   Pre Evacuate Collection Set: 0.48ms
[546.959s][info][gc,phases      ] GC(1281)   Merge Heap Roots: 0.14ms
[546.959s][info][gc,phases      ] GC(1281)   Evacuate Collection Set: 19.24ms
[546.959s][info][gc,phases      ] GC(1281)   Post Evacuate Collection Set: 0.39ms
[546.959s][info][gc,phases      ] GC(1281)   Other: 0.10ms
[546.959s][info][gc,heap        ] GC(1281) Eden regions: 154->0(168)
[546.959s][info][gc,heap        ] GC(1281) Survivor regions: 1->16(20)
[546.959s][info][gc,heap        ] GC(1281) Old regions: 721->721
[546.959s][info][gc,heap        ] GC(1281) Humongous regions: 7->7
[546.959s][info][gc,metaspace   ] GC(1281) Metaspace: 19070K(19200K)->19070K(19200K) NonClass: 16403K(16448K)->16403K(16448K) Class: 2667K(2752K)->2667K(2752K)
[546.959s][info][gc             ] GC(1281) Pause Young (Normal) (G1 Evacuation Pause) 881M->742M(978M) 20.597ms
[546.959s][info][gc,cpu         ] GC(1281) User=0.04s Sys=0.01s Real=0.02s
[547.328s][info][gc,start       ] GC(1282) Pause Young (Normal) (G1 Evacuation Pause)
[547.328s][info][gc,task        ] GC(1282) Using 2 workers of 2 for evacuation
[547.349s][info][gc,phases      ] GC(1282)   Pre Evacuate Collection Set: 0.50ms
[547.349s][info][gc,phases      ] GC(1282)   Merge Heap Roots: 0.22ms
[547.349s][info][gc,phases      ] GC(1282)   Evacuate Collection Set: 19.96ms
[547.349s][info][gc,phases      ] GC(1282)   Post Evacuate Collection Set: 0.45ms
[547.349s][info][gc,phases      ] GC(1282)   Other: 0.11ms
[547.349s][info][gc,heap        ] GC(1282) Eden regions: 168->0(180)
[547.349s][info][gc,heap        ] GC(1282) Survivor regions: 16->2(23)
[547.349s][info][gc,heap        ] GC(1282) Old regions: 721->737
[547.349s][info][gc,heap        ] GC(1282) Humongous regions: 7->7
[547.349s][info][gc,metaspace   ] GC(1282) Metaspace: 19070K(19200K)->19070K(19200K) NonClass: 16403K(16448K)->16403K(16448K) Class: 2667K(2752K)->2667K(2752K)
[547.349s][info][gc             ] GC(1282) Pause Young (Normal) (G1 Evacuation Pause) 910M->744M(978M) 21.492ms
[547.349s][info][gc,cpu         ] GC(1282) User=0.04s Sys=0.00s Real=0.02s
[547.553s][info][gc,start       ] GC(1283) Pause Young (Normal) (G1 Evacuation Pause)
[547.553s][info][gc,task        ] GC(1283) Using 2 workers of 2 for evacuation
[547.568s][info][gc,phases      ] GC(1283)   Pre Evacuate Collection Set: 0.29ms
[547.568s][info][gc,phases      ] GC(1283)   Merge Heap Roots: 0.27ms
[547.568s][info][gc,phases      ] GC(1283)   Evacuate Collection Set: 13.91ms
[547.568s][info][gc,phases      ] GC(1283)   Post Evacuate Collection Set: 0.44ms
[547.568s][info][gc,phases      ] GC(1283)   Other: 0.10ms
[547.568s][info][gc,heap        ] GC(1283) Eden regions: 180->0(172)
[547.568s][info][gc,heap        ] GC(1283) Survivor regions: 2->6(23)
[547.568s][info][gc,heap        ] GC(1283) Old regions: 737->737
[547.568s][info][gc,heap        ] GC(1283) Humongous regions: 7->7
[547.568s][info][gc,metaspace   ] GC(1283) Metaspace: 19070K(19200K)->19070K(19200K) NonClass: 16403K(16448K)->16403K(16448K) Class: 2667K(2752K)->2667K(2752K)
[547.568s][info][gc             ] GC(1283) Pause Young (Normal) (G1 Evacuation Pause) 924M->748M(978M) 15.259ms
[547.568s][info][gc,cpu         ] GC(1283) User=0.03s Sys=0.00s Real=0.02s
[547.599s][info][gc,marking     ] GC(1274) Concurrent Rebuild Remembered Sets and Scrub Regions 887.563ms
[547.600s][info][gc,start       ] GC(1274) Pause Cleanup
[547.600s][info][gc             ] GC(1274) Pause Cleanup 796M->796M(978M) 0.158ms
[547.600s][info][gc,cpu         ] GC(1274) User=0.00s Sys=0.00s Real=0.00s
[547.600s][info][gc,marking     ] GC(1274) Concurrent Clear Claimed Marks
[547.600s][info][gc,marking     ] GC(1274) Concurrent Clear Claimed Marks 0.046ms
[547.600s][info][gc,marking     ] GC(1274) Concurrent Cleanup for Next Mark
[547.607s][info][gc,marking     ] GC(1274) Concurrent Cleanup for Next Mark 6.656ms
[547.607s][info][gc             ] GC(1274) Concurrent Mark Cycle 2772.447ms
[547.720s][info][gc,start       ] GC(1284) Pause Young (Prepare Mixed) (G1 Evacuation Pause)
[547.720s][info][gc,task        ] GC(1284) Using 2 workers of 2 for evacuation
[547.757s][info][gc,phases      ] GC(1284)   Pre Evacuate Collection Set: 0.31ms
[547.757s][info][gc,phases      ] GC(1284)   Merge Heap Roots: 0.35ms
[547.757s][info][gc,phases      ] GC(1284)   Evacuate Collection Set: 34.55ms
[547.757s][info][gc,phases      ] GC(1284)   Post Evacuate Collection Set: 1.69ms
[547.757s][info][gc,phases      ] GC(1284)   Other: 0.10ms
[547.757s][info][gc,heap        ] GC(1284) Eden regions: 172->0(158)
[547.757s][info][gc,heap        ] GC(1284) Survivor regions: 6->13(23)
[547.757s][info][gc,heap        ] GC(1284) Old regions: 737->737
[547.757s][info][gc,heap        ] GC(1284) Humongous regions: 7->7
[547.757s][info][gc,metaspace   ] GC(1284) Metaspace: 19070K(19200K)->19070K(19200K) NonClass: 16403K(16448K)->16403K(16448K) Class: 2667K(2752K)->2667K(2752K)
[547.757s][info][gc             ] GC(1284) Pause Young (Prepare Mixed) (G1 Evacuation Pause) 920M->755M(978M) 37.225ms
[547.757s][info][gc,cpu         ] GC(1284) User=0.07s Sys=0.00s Real=0.04s
[548.120s][info][gc,start       ] GC(1285) Pause Young (Mixed) (G1 Evacuation Pause)
[548.120s][info][gc,task        ] GC(1285) Using 2 workers of 2 for evacuation
[548.266s][info][gc,phases      ] GC(1285)   Pre Evacuate Collection Set: 0.56ms
[548.266s][info][gc,phases      ] GC(1285)   Merge Heap Roots: 3.53ms
[548.266s][info][gc,phases      ] GC(1285)   Evacuate Collection Set: 135.14ms
[548.266s][info][gc,phases      ] GC(1285)   Post Evacuate Collection Set: 7.05ms
[548.266s][info][gc,phases      ] GC(1285)   Other: 0.09ms
[548.266s][info][gc,heap        ] GC(1285) Eden regions: 158->0(84)
[548.266s][info][gc,heap        ] GC(1285) Survivor regions: 13->22(22)
[548.266s][info][gc,heap        ] GC(1285) Old regions: 737->790
[548.266s][info][gc,heap        ] GC(1285) Humongous regions: 10->10
[548.266s][info][gc,metaspace   ] GC(1285) Metaspace: 19072K(19264K)->19072K(19264K) NonClass: 16405K(16512K)->16405K(16512K) Class: 2667K(2752K)->2667K(2752K)
[548.266s][info][gc             ] GC(1285) Pause Young (Mixed) (G1 Evacuation Pause) (Evacuation Failure: Allocation) 916M->821M(978M) 146.647ms
[548.266s][info][gc,cpu         ] GC(1285) User=0.28s Sys=0.00s Real=0.15s
[548.428s][info][gc,start       ] GC(1286) Pause Young (Mixed) (G1 Evacuation Pause)
[548.428s][info][gc,task        ] GC(1286) Using 2 workers of 2 for evacuation
[548.590s][info][gc,phases      ] GC(1286)   Pre Evacuate Collection Set: 0.53ms
[548.590s][info][gc,phases      ] GC(1286)   Merge Heap Roots: 1.24ms
[548.591s][info][gc,phases      ] GC(1286)   Evacuate Collection Set: 119.57ms
[548.591s][info][gc,phases      ] GC(1286)   Merge Optional Heap Roots: 0.50ms
[548.591s][info][gc,phases      ] GC(1286)   Evacuate Optional Collection Set: 39.66ms
[548.591s][info][gc,phases      ] GC(1286)   Post Evacuate Collection Set: 1.20ms
[548.591s][info][gc,phases      ] GC(1286)   Other: 0.13ms
[548.591s][info][gc,heap        ] GC(1286) Eden regions: 84->0(183)
[548.591s][info][gc,heap        ] GC(1286) Survivor regions: 22->14(14)
[548.591s][info][gc,heap        ] GC(1286) Old regions: 790->707
[548.591s][info][gc,heap        ] GC(1286) Humongous regions: 10->10
[548.591s][info][gc,metaspace   ] GC(1286) Metaspace: 19072K(19264K)->19072K(19264K) NonClass: 16405K(16512K)->16405K(16512K) Class: 2667K(2752K)->2667K(2752K)
[548.591s][info][gc             ] GC(1286) Pause Young (Mixed) (G1 Evacuation Pause) 905M->730M(978M) 163.100ms
[548.591s][info][gc,cpu         ] GC(1286) User=0.33s Sys=0.00s Real=0.16s
[548.840s][info][gc,start       ] GC(1287) Pause Young (Mixed) (G1 Evacuation Pause)
[548.840s][info][gc,task        ] GC(1287) Using 2 workers of 2 for evacuation
[548.901s][info][gc,phases      ] GC(1287)   Pre Evacuate Collection Set: 0.32ms
[548.901s][info][gc,phases      ] GC(1287)   Merge Heap Roots: 0.54ms
[548.901s][info][gc,phases      ] GC(1287)   Evacuate Collection Set: 60.08ms
[548.901s][info][gc,phases      ] GC(1287)   Post Evacuate Collection Set: 0.43ms
[548.901s][info][gc,phases      ] GC(1287)   Other: 0.08ms
[548.901s][info][gc,heap        ] GC(1287) Eden regions: 183->0(170)
[548.901s][info][gc,heap        ] GC(1287) Survivor regions: 14->14(25)
[548.901s][info][gc,heap        ] GC(1287) Old regions: 707->720
[548.901s][info][gc,heap        ] GC(1287) Humongous regions: 10->10
[548.901s][info][gc,metaspace   ] GC(1287) Metaspace: 19072K(19264K)->19072K(19264K) NonClass: 16405K(16512K)->16405K(16512K) Class: 2667K(2752K)->2667K(2752K)
[548.901s][info][gc             ] GC(1287) Pause Young (Mixed) (G1 Evacuation Pause) 913M->743M(978M) 61.705ms
[548.901s][info][gc,cpu         ] GC(1287) User=0.12s Sys=0.00s Real=0.06s
[549.149s][info][gc,start       ] GC(1288) Pause Young (Concurrent Start) (G1 Evacuation Pause)
[549.149s][info][gc,task        ] GC(1288) Using 2 workers of 2 for evacuation
[549.173s][info][gc,phases      ] GC(1288)   Pre Evacuate Collection Set: 0.30ms
[549.173s][info][gc,phases      ] GC(1288)   Merge Heap Roots: 0.24ms
[549.173s][info][gc,phases      ] GC(1288)   Evacuate Collection Set: 22.61ms
[549.173s][info][gc,phases      ] GC(1288)   Post Evacuate Collection Set: 0.42ms
[549.173s][info][gc,phases      ] GC(1288)   Other: 0.10ms
[549.173s][info][gc,heap        ] GC(1288) Eden regions: 170->0(176)
[549.173s][info][gc,heap        ] GC(1288) Survivor regions: 14->4(23)
[549.173s][info][gc,heap        ] GC(1288) Old regions: 720->734
[549.173s][info][gc,heap        ] GC(1288) Humongous regions: 10->10
[549.173s][info][gc,metaspace   ] GC(1288) Metaspace: 19073K(19264K)->19073K(19264K) NonClass: 16406K(16512K)->16406K(16512K) Class: 2667K(2752K)->2667K(2752K)
[549.173s][info][gc             ] GC(1288) Pause Young (Concurrent Start) (G1 Evacuation Pause) 913M->746M(978M) 23.951ms
[549.173s][info][gc             ] GC(1289) Concurrent Mark Cycle
[549.173s][info][gc,marking     ] GC(1289) Concurrent Scan Root Regions
[549.173s][info][gc,cpu         ] GC(1288) User=0.05s Sys=0.00s Real=0.03s
[549.204s][info][gc,marking     ] GC(1289) Concurrent Scan Root Regions 30.484ms
[549.204s][info][gc,marking     ] GC(1289) Concurrent Mark
[549.204s][info][gc,marking     ] GC(1289) Concurrent Mark From Roots
[549.204s][info][gc,task        ] GC(1289) Using 1 workers of 1 for marking
[549.398s][info][gc,start       ] GC(1290) Pause Young (Normal) (G1 Evacuation Pause)
[549.398s][info][gc,task        ] GC(1290) Using 2 workers of 2 for evacuation
[549.404s][info][gc,phases      ] GC(1290)   Pre Evacuate Collection Set: 0.30ms
[549.404s][info][gc,phases      ] GC(1290)   Merge Heap Roots: 0.13ms
[549.404s][info][gc,phases      ] GC(1290)   Evacuate Collection Set: 5.01ms
[549.404s][info][gc,phases      ] GC(1290)   Post Evacuate Collection Set: 0.39ms
[549.404s][info][gc,phases      ] GC(1290)   Other: 0.09ms
[549.404s][info][gc,heap        ] GC(1290) Eden regions: 176->0(176)
[549.404s][info][gc,heap        ] GC(1290) Survivor regions: 4->4(23)
[549.404s][info][gc,heap        ] GC(1290) Old regions: 734->734
[549.404s][info][gc,heap        ] GC(1290) Humongous regions: 10->10
[549.404s][info][gc,metaspace   ] GC(1290) Metaspace: 19073K(19264K)->19073K(19264K) NonClass: 16406K(16512K)->16406K(16512K) Class: 2667K(2752K)->2667K(2752K)
[549.404s][info][gc             ] GC(1290) Pause Young (Normal) (G1 Evacuation Pause) 922M->747M(978M) 6.163ms
[549.404s][info][gc,cpu         ] GC(1290) User=0.01s Sys=0.00s Real=0.01s
[549.865s][info][gc,start       ] GC(1291) Pause Young (Normal) (G1 Evacuation Pause)
[549.865s][info][gc,task        ] GC(1291) Using 2 workers of 2 for evacuation
[549.879s][info][gc,phases      ] GC(1291)   Pre Evacuate Collection Set: 0.30ms
[549.879s][info][gc,phases      ] GC(1291)   Merge Heap Roots: 0.16ms
[549.879s][info][gc,phases      ] GC(1291)   Evacuate Collection Set: 12.99ms
[549.879s][info][gc,phases      ] GC(1291)   Post Evacuate Collection Set: 0.37ms
[549.879s][info][gc,phases      ] GC(1291)   Other: 0.09ms
[549.879s][info][gc,heap        ] GC(1291) Eden regions: 176->0(162)
[549.879s][info][gc,heap        ] GC(1291) Survivor regions: 4->11(23)
[549.879s][info][gc,heap        ] GC(1291) Old regions: 734->734
[549.879s][info][gc,heap        ] GC(1291) Humongous regions: 10->10
[549.879s][info][gc,metaspace   ] GC(1291) Metaspace: 19073K(19264K)->19073K(19264K) NonClass: 16406K(16512K)->16406K(16512K) Class: 2667K(2752K)->2667K(2752K)
[549.879s][info][gc             ] GC(1291) Pause Young (Normal) (G1 Evacuation Pause) 923M->753M(978M) 14.134ms
[549.879s][info][gc,cpu         ] GC(1291) User=0.03s Sys=0.00s Real=0.01s
[550.362s][info][gc,start       ] GC(1292) Pause Young (Normal) (G1 Evacuation Pause)
[550.362s][info][gc,task        ] GC(1292) Using 2 workers of 2 for evacuation
[550.377s][info][gc,phases      ] GC(1292)   Pre Evacuate Collection Set: 0.31ms
[550.377s][info][gc,phases      ] GC(1292)   Merge Heap Roots: 0.22ms
[550.377s][info][gc,phases      ] GC(1292)   Evacuate Collection Set: 14.00ms
[550.377s][info][gc,phases      ] GC(1292)   Post Evacuate Collection Set: 0.39ms
[550.377s][info][gc,phases      ] GC(1292)   Other: 0.08ms
[550.377s][info][gc,heap        ] GC(1292) Eden regions: 162->0(162)
[550.377s][info][gc,heap        ] GC(1292) Survivor regions: 11->11(22)
[550.377s][info][gc,heap        ] GC(1292) Old regions: 734->734
[550.377s][info][gc,heap        ] GC(1292) Humongous regions: 10->10
[550.377s][info][gc,metaspace   ] GC(1292) Metaspace: 19073K(19264K)->19073K(19264K) NonClass: 16406K(16512K)->16406K(16512K) Class: 2667K(2752K)->2667K(2752K)
[550.377s][info][gc             ] GC(1292) Pause Young (Normal) (G1 Evacuation Pause) 915M->754M(978M) 15.268ms
[550.377s][info][gc,cpu         ] GC(1292) User=0.02s Sys=0.01s Real=0.02s
[550.972s][info][gc,start       ] GC(1293) Pause Young (Normal) (G1 Evacuation Pause)
[550.973s][info][gc,task        ] GC(1293) Using 2 workers of 2 for evacuation
[550.988s][info][gc,phases      ] GC(1293)   Pre Evacuate Collection Set: 0.33ms
[550.988s][info][gc,phases      ] GC(1293)   Merge Heap Roots: 0.23ms
[550.988s][info][gc,phases      ] GC(1293)   Evacuate Collection Set: 14.55ms
[550.988s][info][gc,phases      ] GC(1293)   Post Evacuate Collection Set: 0.39ms
[550.988s][info][gc,phases      ] GC(1293)   Other: 0.08ms
[550.988s][info][gc,heap        ] GC(1293) Eden regions: 162->0(160)
[550.988s][info][gc,heap        ] GC(1293) Survivor regions: 11->12(22)
[550.988s][info][gc,heap        ] GC(1293) Old regions: 734->734
[550.988s][info][gc,heap        ] GC(1293) Humongous regions: 10->10
[550.988s][info][gc,metaspace   ] GC(1293) Metaspace: 19073K(19264K)->19073K(19264K) NonClass: 16406K(16512K)->16406K(16512K) Class: 2667K(2752K)->2667K(2752K)
[550.988s][info][gc             ] GC(1293) Pause Young (Normal) (G1 Evacuation Pause) 916M->754M(978M) 15.823ms
[550.988s][info][gc,cpu         ] GC(1293) User=0.03s Sys=0.00s Real=0.02s
[551.335s][info][gc,marking     ] GC(1289) Concurrent Mark From Roots 2131.617ms
[551.335s][info][gc,marking     ] GC(1289) Concurrent Preclean
[551.335s][info][gc,marking     ] GC(1289) Concurrent Preclean 0.041ms
[551.336s][info][gc,start       ] GC(1289) Pause Remark
[551.343s][info][gc             ] GC(1289) Pause Remark 788M->787M(978M) 7.823ms
[551.343s][info][gc,cpu         ] GC(1289) User=0.01s Sys=0.00s Real=0.01s
[551.346s][info][gc,marking     ] GC(1289) Concurrent Mark 2142.303ms
[551.346s][info][gc,marking     ] GC(1289) Concurrent Rebuild Remembered Sets and Scrub Regions
[551.902s][info][gc,start       ] GC(1294) Pause Young (Normal) (G1 Evacuation Pause)
[551.902s][info][gc,task        ] GC(1294) Using 2 workers of 2 for evacuation
[551.938s][info][gc,phases      ] GC(1294)   Pre Evacuate Collection Set: 0.29ms
[551.938s][info][gc,phases      ] GC(1294)   Merge Heap Roots: 0.25ms
[551.938s][info][gc,phases      ] GC(1294)   Evacuate Collection Set: 34.88ms
[551.938s][info][gc,phases      ] GC(1294)   Post Evacuate Collection Set: 0.41ms
[551.938s][info][gc,phases      ] GC(1294)   Other: 0.08ms
[551.938s][info][gc,heap        ] GC(1294) Eden regions: 160->0(131)
[551.938s][info][gc,heap        ] GC(1294) Survivor regions: 12->22(22)
[551.938s][info][gc,heap        ] GC(1294) Old regions: 734->744
[551.938s][info][gc,heap        ] GC(1294) Humongous regions: 9->9
[551.938s][info][gc,metaspace   ] GC(1294) Metaspace: 19073K(19264K)->19073K(19264K) NonClass: 16406K(16512K)->16406K(16512K) Class: 2667K(2752K)->2667K(2752K)
[551.938s][info][gc             ] GC(1294) Pause Young (Normal) (G1 Evacuation Pause) 913M->774M(978M) 36.110ms
[551.938s][info][gc,cpu         ] GC(1294) User=0.07s Sys=0.00s Real=0.04s
[552.120s][info][gc,marking     ] GC(1289) Concurrent Rebuild Remembered Sets and Scrub Regions 773.870ms
[552.121s][info][gc,start       ] GC(1289) Pause Cleanup
[552.121s][info][gc             ] GC(1289) Pause Cleanup 847M->847M(978M) 0.098ms
[552.121s][info][gc,cpu         ] GC(1289) User=0.00s Sys=0.00s Real=0.00s
[552.121s][info][gc,marking     ] GC(1289) Concurrent Clear Claimed Marks
[552.121s][info][gc,marking     ] GC(1289) Concurrent Clear Claimed Marks 0.036ms
[552.121s][info][gc,marking     ] GC(1289) Concurrent Cleanup for Next Mark
[552.128s][info][gc,marking     ] GC(1289) Concurrent Cleanup for Next Mark 6.795ms
[552.128s][info][gc             ] GC(1289) Concurrent Mark Cycle 2954.623ms
[552.244s][info][gc,start       ] GC(1295) Pause Young (Prepare Mixed) (G1 Evacuation Pause)
[552.244s][info][gc,task        ] GC(1295) Using 2 workers of 2 for evacuation
[552.270s][info][gc,phases      ] GC(1295)   Pre Evacuate Collection Set: 0.24ms
[552.270s][info][gc,phases      ] GC(1295)   Merge Heap Roots: 0.20ms
[552.270s][info][gc,phases      ] GC(1295)   Evacuate Collection Set: 24.22ms
[552.270s][info][gc,phases      ] GC(1295)   Post Evacuate Collection Set: 0.36ms
[552.270s][info][gc,phases      ] GC(1295)   Other: 0.09ms
[552.270s][info][gc,heap        ] GC(1295) Eden regions: 131->0(151)
[552.270s][info][gc,heap        ] GC(1295) Survivor regions: 22->1(20)
[552.270s][info][gc,heap        ] GC(1295) Old regions: 744->766
[552.270s][info][gc,heap        ] GC(1295) Humongous regions: 9->9
[552.270s][info][gc,metaspace   ] GC(1295) Metaspace: 19073K(19264K)->19073K(19264K) NonClass: 16406K(16512K)->16406K(16512K) Class: 2667K(2752K)->2667K(2752K)
[552.270s][info][gc             ] GC(1295) Pause Young (Prepare Mixed) (G1 Evacuation Pause) 905M->775M(978M) 25.293ms
[552.270s][info][gc,cpu         ] GC(1295) User=0.05s Sys=0.00s Real=0.02s
[552.567s][info][gc,start       ] GC(1296) Pause Young (Mixed) (G1 Evacuation Pause)
[552.567s][info][gc,task        ] GC(1296) Using 2 workers of 2 for evacuation
[552.602s][info][gc,phases      ] GC(1296)   Pre Evacuate Collection Set: 0.23ms
[552.602s][info][gc,phases      ] GC(1296)   Merge Heap Roots: 0.62ms
[552.602s][info][gc,phases      ] GC(1296)   Evacuate Collection Set: 33.53ms
[552.602s][info][gc,phases      ] GC(1296)   Post Evacuate Collection Set: 0.34ms
[552.602s][info][gc,phases      ] GC(1296)   Other: 0.07ms
[552.602s][info][gc,heap        ] GC(1296) Eden regions: 151->0(160)
[552.602s][info][gc,heap        ] GC(1296) Survivor regions: 1->1(19)
[552.602s][info][gc,heap        ] GC(1296) Old regions: 766->757
[552.602s][info][gc,heap        ] GC(1296) Humongous regions: 9->9
[552.602s][info][gc,metaspace   ] GC(1296) Metaspace: 19073K(19264K)->19073K(19264K) NonClass: 16406K(16512K)->16406K(16512K) Class: 2667K(2752K)->2667K(2752K)
[552.602s][info][gc             ] GC(1296) Pause Young (Mixed) (G1 Evacuation Pause) 926M->766M(978M) 34.995ms
[552.602s][info][gc,cpu         ] GC(1296) User=0.07s Sys=0.00s Real=0.03s
[553.417s][info][gc,start       ] GC(1297) Pause Young (Concurrent Start) (G1 Evacuation Pause)
[553.417s][info][gc,task        ] GC(1297) Using 2 workers of 2 for evacuation
[553.421s][info][gc,phases      ] GC(1297)   Pre Evacuate Collection Set: 0.34ms
[553.421s][info][gc,phases      ] GC(1297)   Merge Heap Roots: 0.11ms
[553.421s][info][gc,phases      ] GC(1297)   Evacuate Collection Set: 2.67ms
[553.421s][info][gc,phases      ] GC(1297)   Post Evacuate Collection Set: 0.40ms
[553.421s][info][gc,phases      ] GC(1297)   Other: 0.11ms
[553.421s][info][gc,heap        ] GC(1297) Eden regions: 160->0(160)
[553.421s][info][gc,heap        ] GC(1297) Survivor regions: 1->1(21)
[553.421s][info][gc,heap        ] GC(1297) Old regions: 757->757
[553.421s][info][gc,heap        ] GC(1297) Humongous regions: 9->9
[553.421s][info][gc,metaspace   ] GC(1297) Metaspace: 19073K(19264K)->19073K(19264K) NonClass: 16406K(16512K)->16406K(16512K) Class: 2667K(2752K)->2667K(2752K)
[553.421s][info][gc             ] GC(1297) Pause Young (Concurrent Start) (G1 Evacuation Pause) 926M->766M(978M) 3.855ms
[553.421s][info][gc,cpu         ] GC(1297) User=0.01s Sys=0.00s Real=0.00s
[553.421s][info][gc             ] GC(1298) Concurrent Mark Cycle
[553.421s][info][gc,marking     ] GC(1298) Concurrent Scan Root Regions
[553.423s][info][gc,marking     ] GC(1298) Concurrent Scan Root Regions 1.636ms
[553.423s][info][gc,marking     ] GC(1298) Concurrent Mark
[553.423s][info][gc,marking     ] GC(1298) Concurrent Mark From Roots
[553.423s][info][gc,task        ] GC(1298) Using 1 workers of 1 for marking
[554.271s][info][gc,start       ] GC(1299) Pause Young (Normal) (G1 Evacuation Pause)
[554.271s][info][gc,task        ] GC(1299) Using 2 workers of 2 for evacuation
[554.275s][info][gc,phases      ] GC(1299)   Pre Evacuate Collection Set: 0.54ms
[554.275s][info][gc,phases      ] GC(1299)   Merge Heap Roots: 0.12ms
[554.275s][info][gc,phases      ] GC(1299)   Evacuate Collection Set: 3.54ms
[554.275s][info][gc,phases      ] GC(1299)   Post Evacuate Collection Set: 0.41ms
[554.275s][info][gc,phases      ] GC(1299)   Other: 0.08ms
[554.275s][info][gc,heap        ] GC(1299) Eden regions: 160->0(156)
[554.275s][info][gc,heap        ] GC(1299) Survivor regions: 1->3(21)
[554.275s][info][gc,heap        ] GC(1299) Old regions: 757->757
[554.275s][info][gc,heap        ] GC(1299) Humongous regions: 9->9
[554.275s][info][gc,metaspace   ] GC(1299) Metaspace: 19083K(19264K)->19083K(19264K) NonClass: 16416K(16512K)->16416K(16512K) Class: 2667K(2752K)->2667K(2752K)
[554.275s][info][gc             ] GC(1299) Pause Young (Normal) (G1 Evacuation Pause) 926M->768M(978M) 4.907ms
[554.275s][info][gc,cpu         ] GC(1299) User=0.01s Sys=0.00s Real=0.01s
[554.349s][info][gc,marking     ] GC(1298) Concurrent Mark From Roots 926.666ms
[554.349s][info][gc,marking     ] GC(1298) Concurrent Preclean
[554.349s][info][gc,marking     ] GC(1298) Concurrent Preclean 0.037ms
[554.349s][info][gc,start       ] GC(1298) Pause Remark
[554.357s][info][gc             ] GC(1298) Pause Remark 797M->597M(978M) 7.979ms
[554.357s][info][gc,cpu         ] GC(1298) User=0.02s Sys=0.00s Real=0.01s
[554.358s][info][gc,marking     ] GC(1298) Concurrent Mark 934.995ms
[554.358s][info][gc,marking     ] GC(1298) Concurrent Rebuild Remembered Sets and Scrub Regions
[554.650s][info][gc,start       ] GC(1300) Pause Young (Normal) (G1 Evacuation Pause)
[554.650s][info][gc,task        ] GC(1300) Using 2 workers of 2 for evacuation
[554.655s][info][gc,phases      ] GC(1300)   Pre Evacuate Collection Set: 0.52ms
[554.655s][info][gc,phases      ] GC(1300)   Merge Heap Roots: 0.13ms
[554.655s][info][gc,phases      ] GC(1300)   Evacuate Collection Set: 3.62ms
[554.655s][info][gc,phases      ] GC(1300)   Post Evacuate Collection Set: 0.38ms
[554.655s][info][gc,phases      ] GC(1300)   Other: 0.12ms
[554.655s][info][gc,heap        ] GC(1300) Eden regions: 156->0(356)
[554.655s][info][gc,heap        ] GC(1300) Survivor regions: 3->3(20)
[554.655s][info][gc,heap        ] GC(1300) Old regions: 561->561
[554.655s][info][gc,heap        ] GC(1300) Humongous regions: 5->5
[554.655s][info][gc,metaspace   ] GC(1300) Metaspace: 19083K(19264K)->19083K(19264K) NonClass: 16416K(16512K)->16416K(16512K) Class: 2667K(2752K)->2667K(2752K)
[554.655s][info][gc             ] GC(1300) Pause Young (Normal) (G1 Evacuation Pause) 724M->568M(978M) 4.948ms
[554.655s][info][gc,cpu         ] GC(1300) User=0.01s Sys=0.00s Real=0.01s
[554.727s][info][gc,marking     ] GC(1298) Concurrent Rebuild Remembered Sets and Scrub Regions 369.783ms
[554.727s][info][gc,start       ] GC(1298) Pause Cleanup
[554.728s][info][gc             ] GC(1298) Pause Cleanup 593M->593M(978M) 0.138ms
[554.728s][info][gc,cpu         ] GC(1298) User=0.00s Sys=0.00s Real=0.00s
[554.728s][info][gc,marking     ] GC(1298) Concurrent Clear Claimed Marks
[554.728s][info][gc,marking     ] GC(1298) Concurrent Clear Claimed Marks 0.035ms
[554.728s][info][gc,marking     ] GC(1298) Concurrent Cleanup for Next Mark
[554.731s][info][gc,marking     ] GC(1298) Concurrent Cleanup for Next Mark 2.869ms
[554.731s][info][gc             ] GC(1298) Concurrent Mark Cycle 1309.818ms
[555.200s][info][gc,start       ] GC(1301) Pause Young (Prepare Mixed) (G1 Evacuation Pause)
[555.200s][info][gc,task        ] GC(1301) Using 2 workers of 2 for evacuation
[555.279s][info][gc,phases      ] GC(1301)   Pre Evacuate Collection Set: 0.47ms
[555.279s][info][gc,phases      ] GC(1301)   Merge Heap Roots: 0.17ms
[555.279s][info][gc,phases      ] GC(1301)   Evacuate Collection Set: 70.67ms
[555.279s][info][gc,phases      ] GC(1301)   Post Evacuate Collection Set: 7.57ms
[555.279s][info][gc,phases      ] GC(1301)   Other: 0.11ms
[555.279s][info][gc,heap        ] GC(1301) Eden regions: 356->0(177)
[555.279s][info][gc,heap        ] GC(1301) Survivor regions: 3->45(45)
[555.279s][info][gc,heap        ] GC(1301) Old regions: 561->656
[555.279s][info][gc,heap        ] GC(1301) Humongous regions: 5->5
[555.279s][info][gc,metaspace   ] GC(1301) Metaspace: 19086K(19264K)->19086K(19264K) NonClass: 16419K(16512K)->16419K(16512K) Class: 2667K(2752K)->2667K(2752K)
[555.279s][info][gc             ] GC(1301) Pause Young (Prepare Mixed) (G1 Evacuation Pause) (Evacuation Failure: Allocation) 924M->705M(978M) 79.242ms
[555.279s][info][gc,cpu         ] GC(1301) User=0.16s Sys=0.00s Real=0.08s
[555.420s][info][gc,start       ] GC(1302) Pause Young (Mixed) (G1 Evacuation Pause)
[555.420s][info][gc,task        ] GC(1302) Using 2 workers of 2 for evacuation
[555.620s][info][gc,phases      ] GC(1302)   Pre Evacuate Collection Set: 0.58ms
[555.620s][info][gc,phases      ] GC(1302)   Merge Heap Roots: 1.09ms
[555.620s][info][gc,phases      ] GC(1302)   Evacuate Collection Set: 176.08ms
[555.620s][info][gc,phases      ] GC(1302)   Post Evacuate Collection Set: 21.96ms
[555.620s][info][gc,phases      ] GC(1302)   Other: 0.09ms
[555.620s][info][gc,heap        ] GC(1302) Eden regions: 177->0(48)
[555.620s][info][gc,heap        ] GC(1302) Survivor regions: 45->25(28)
[555.620s][info][gc,heap        ] GC(1302) Old regions: 656->825
[555.620s][info][gc,heap        ] GC(1302) Humongous regions: 5->5
[555.620s][info][gc,metaspace   ] GC(1302) Metaspace: 19089K(19264K)->19089K(19264K) NonClass: 16422K(16512K)->16422K(16512K) Class: 2667K(2752K)->2667K(2752K)
[555.620s][info][gc             ] GC(1302) Pause Young (Mixed) (G1 Evacuation Pause) (Evacuation Failure: Allocation) 882M->854M(978M) 200.065ms
[555.620s][info][gc,cpu         ] GC(1302) User=0.39s Sys=0.00s Real=0.20s
[555.785s][info][gc,start       ] GC(1303) Pause Young (Concurrent Start) (G1 Humongous Allocation)
[555.785s][info][gc,task        ] GC(1303) Using 2 workers of 2 for evacuation
[555.869s][info][gc,phases      ] GC(1303)   Pre Evacuate Collection Set: 0.44ms
[555.869s][info][gc,phases      ] GC(1303)   Merge Heap Roots: 0.68ms
[555.869s][info][gc,phases      ] GC(1303)   Evacuate Collection Set: 81.10ms
[555.869s][info][gc,phases      ] GC(1303)   Post Evacuate Collection Set: 1.54ms
[555.869s][info][gc,phases      ] GC(1303)   Other: 0.11ms
[555.869s][info][gc,heap        ] GC(1303) Eden regions: 45->0(167)
[555.869s][info][gc,heap        ] GC(1303) Survivor regions: 25->10(10)
[555.869s][info][gc,heap        ] GC(1303) Old regions: 825->688
[555.869s][info][gc,heap        ] GC(1303) Humongous regions: 5->5
[555.869s][info][gc,metaspace   ] GC(1303) Metaspace: 19089K(19264K)->19089K(19264K) NonClass: 16422K(16512K)->16422K(16512K) Class: 2667K(2752K)->2667K(2752K)
[555.869s][info][gc             ] GC(1303) Pause Young (Concurrent Start) (G1 Humongous Allocation) (Evacuation Failure: Allocation) 899M->702M(978M) 84.135ms
[555.869s][info][gc,cpu         ] GC(1303) User=0.16s Sys=0.00s Real=0.08s
[555.869s][info][gc             ] GC(1304) Concurrent Mark Cycle
[555.869s][info][gc,marking     ] GC(1304) Concurrent Scan Root Regions
[555.996s][info][gc,marking     ] GC(1304) Concurrent Scan Root Regions 126.651ms
[555.996s][info][gc,marking     ] GC(1304) Concurrent Mark
[555.996s][info][gc,marking     ] GC(1304) Concurrent Mark From Roots
[555.996s][info][gc,task        ] GC(1304) Using 1 workers of 1 for marking
[556.185s][info][gc,start       ] GC(1305) Pause Young (Normal) (G1 Evacuation Pause)
[556.185s][info][gc,task        ] GC(1305) Using 2 workers of 2 for evacuation
[556.259s][info][gc,phases      ] GC(1305)   Pre Evacuate Collection Set: 0.55ms
[556.260s][info][gc,phases      ] GC(1305)   Merge Heap Roots: 0.81ms
[556.260s][info][gc,phases      ] GC(1305)   Evacuate Collection Set: 71.74ms
[556.260s][info][gc,phases      ] GC(1305)   Post Evacuate Collection Set: 0.85ms
[556.260s][info][gc,phases      ] GC(1305)   Other: 0.08ms
[556.260s][info][gc,heap        ] GC(1305) Eden regions: 167->0(194)
[556.260s][info][gc,heap        ] GC(1305) Survivor regions: 10->23(23)
[556.260s][info][gc,heap        ] GC(1305) Old regions: 688->643
[556.260s][info][gc,heap        ] GC(1305) Humongous regions: 6->6
[556.260s][info][gc,metaspace   ] GC(1305) Metaspace: 19090K(19328K)->19090K(19328K) NonClass: 16423K(16576K)->16423K(16576K) Class: 2667K(2752K)->2667K(2752K)
[556.260s][info][gc             ] GC(1305) Pause Young (Normal) (G1 Evacuation Pause) 870M->671M(978M) 74.265ms
[556.260s][info][gc,cpu         ] GC(1305) User=0.15s Sys=0.00s Real=0.07s
[556.665s][info][gc,start       ] GC(1306) Pause Young (Normal) (G1 Evacuation Pause)
[556.665s][info][gc,task        ] GC(1306) Using 2 workers of 2 for evacuation
[556.760s][info][gc,phases      ] GC(1306)   Pre Evacuate Collection Set: 0.34ms
[556.760s][info][gc,phases      ] GC(1306)   Merge Heap Roots: 0.87ms
[556.760s][info][gc,phases      ] GC(1306)   Evacuate Collection Set: 92.59ms
[556.760s][info][gc,phases      ] GC(1306)   Post Evacuate Collection Set: 0.85ms
[556.760s][info][gc,phases      ] GC(1306)   Other: 0.10ms
[556.760s][info][gc,heap        ] GC(1306) Eden regions: 194->0(176)
[556.760s][info][gc,heap        ] GC(1306) Survivor regions: 23->28(28)
[556.760s][info][gc,heap        ] GC(1306) Old regions: 643->668
[556.760s][info][gc,heap        ] GC(1306) Humongous regions: 9->9
[556.760s][info][gc,metaspace   ] GC(1306) Metaspace: 19090K(19328K)->19090K(19328K) NonClass: 16423K(16576K)->16423K(16576K) Class: 2667K(2752K)->2667K(2752K)
[556.760s][info][gc             ] GC(1306) Pause Young (Normal) (G1 Evacuation Pause) 868M->704M(978M) 94.994ms
[556.760s][info][gc,cpu         ] GC(1306) User=0.19s Sys=0.00s Real=0.09s
[557.083s][info][gc,start       ] GC(1307) Pause Young (Normal) (G1 Evacuation Pause)
[557.083s][info][gc,task        ] GC(1307) Using 2 workers of 2 for evacuation
[557.154s][info][gc,phases      ] GC(1307)   Pre Evacuate Collection Set: 0.32ms
[557.154s][info][gc,phases      ] GC(1307)   Merge Heap Roots: 0.76ms
[557.154s][info][gc,phases      ] GC(1307)   Evacuate Collection Set: 69.56ms
[557.154s][info][gc,phases      ] GC(1307)   Post Evacuate Collection Set: 0.45ms
[557.154s][info][gc,phases      ] GC(1307)   Other: 0.08ms
[557.154s][info][gc,heap        ] GC(1307) Eden regions: 176->0(178)
[557.154s][info][gc,heap        ] GC(1307) Survivor regions: 28->11(26)
[557.154s][info][gc,heap        ] GC(1307) Old regions: 668->697
[557.154s][info][gc,heap        ] GC(1307) Humongous regions: 9->9
[557.154s][info][gc,metaspace   ] GC(1307) Metaspace: 19090K(19328K)->19090K(19328K) NonClass: 16423K(16576K)->16423K(16576K) Class: 2667K(2752K)->2667K(2752K)
[557.154s][info][gc             ] GC(1307) Pause Young (Normal) (G1 Evacuation Pause) 880M->715M(978M) 71.466ms
[557.154s][info][gc,cpu         ] GC(1307) User=0.14s Sys=0.00s Real=0.08s
[557.381s][info][gc,start       ] GC(1308) Pause Young (Normal) (G1 Evacuation Pause)
[557.381s][info][gc,task        ] GC(1308) Using 2 workers of 2 for evacuation
[557.428s][info][gc,phases      ] GC(1308)   Pre Evacuate Collection Set: 0.31ms
[557.428s][info][gc,phases      ] GC(1308)   Merge Heap Roots: 0.19ms
[557.428s][info][gc,phases      ] GC(1308)   Evacuate Collection Set: 45.97ms
[557.428s][info][gc,phases      ] GC(1308)   Post Evacuate Collection Set: 0.50ms
[557.428s][info][gc,phases      ] GC(1308)   Other: 0.10ms
[557.428s][info][gc,heap        ] GC(1308) Eden regions: 178->0(152)
[557.428s][info][gc,heap        ] GC(1308) Survivor regions: 11->24(24)
[557.428s][info][gc,heap        ] GC(1308) Old regions: 697->718
[557.428s][info][gc,heap        ] GC(1308) Humongous regions: 9->9
[557.428s][info][gc,metaspace   ] GC(1308) Metaspace: 19090K(19328K)->19090K(19328K) NonClass: 16423K(16576K)->16423K(16576K) Class: 2667K(2752K)->2667K(2752K)
[557.428s][info][gc             ] GC(1308) Pause Young (Normal) (G1 Evacuation Pause) 893M->750M(978M) 47.292ms
[557.428s][info][gc,cpu         ] GC(1308) User=0.09s Sys=0.00s Real=0.05s
[557.640s][info][gc,start       ] GC(1309) Pause Young (Normal) (G1 Evacuation Pause)
[557.640s][info][gc,task        ] GC(1309) Using 2 workers of 2 for evacuation
[557.707s][info][gc,phases      ] GC(1309)   Pre Evacuate Collection Set: 0.32ms
[557.707s][info][gc,phases      ] GC(1309)   Merge Heap Roots: 0.29ms
[557.707s][info][gc,phases      ] GC(1309)   Evacuate Collection Set: 65.64ms
[557.707s][info][gc,phases      ] GC(1309)   Post Evacuate Collection Set: 0.48ms
[557.707s][info][gc,phases      ] GC(1309)   Other: 0.10ms
[557.707s][info][gc,heap        ] GC(1309) Eden regions: 152->0(120)
[557.707s][info][gc,heap        ] GC(1309) Survivor regions: 24->22(22)
[557.707s][info][gc,heap        ] GC(1309) Old regions: 718->754
[557.707s][info][gc,heap        ] GC(1309) Humongous regions: 10->10
[557.707s][info][gc,metaspace   ] GC(1309) Metaspace: 19090K(19328K)->19090K(19328K) NonClass: 16423K(16576K)->16423K(16576K) Class: 2667K(2752K)->2667K(2752K)
[557.707s][info][gc             ] GC(1309) Pause Young (Normal) (G1 Evacuation Pause) 903M->785M(978M) 67.164ms
[557.707s][info][gc,cpu         ] GC(1309) User=0.13s Sys=0.00s Real=0.07s
[557.814s][info][gc,start       ] GC(1310) Pause Young (Normal) (G1 Evacuation Pause)
[557.814s][info][gc,task        ] GC(1310) Using 2 workers of 2 for evacuation
[557.845s][info][gc,phases      ] GC(1310)   Pre Evacuate Collection Set: 0.32ms
[557.845s][info][gc,phases      ] GC(1310)   Merge Heap Roots: 0.24ms
[557.845s][info][gc,phases      ] GC(1310)   Evacuate Collection Set: 29.78ms
[557.845s][info][gc,phases      ] GC(1310)   Post Evacuate Collection Set: 0.35ms
[557.845s][info][gc,phases      ] GC(1310)   Other: 0.11ms
[557.845s][info][gc,heap        ] GC(1310) Eden regions: 120->0(130)
[557.845s][info][gc,heap        ] GC(1310) Survivor regions: 22->4(18)
[557.845s][info][gc,heap        ] GC(1310) Old regions: 754->777
[557.845s][info][gc,heap        ] GC(1310) Humongous regions: 10->10
[557.845s][info][gc,metaspace   ] GC(1310) Metaspace: 19090K(19328K)->19090K(19328K) NonClass: 16423K(16576K)->16423K(16576K) Class: 2667K(2752K)->2667K(2752K)
[557.845s][info][gc             ] GC(1310) Pause Young (Normal) (G1 Evacuation Pause) 905M->790M(978M) 31.059ms
[557.845s][info][gc,cpu         ] GC(1310) User=0.06s Sys=0.00s Real=0.03s
[557.886s][info][gc,marking     ] GC(1304) Concurrent Mark From Roots 1890.269ms
[557.886s][info][gc,marking     ] GC(1304) Concurrent Preclean
[557.886s][info][gc,marking     ] GC(1304) Concurrent Preclean 0.049ms
[557.887s][info][gc,start       ] GC(1304) Pause Remark
[557.895s][info][gc             ] GC(1304) Pause Remark 840M->840M(978M) 8.048ms
[557.895s][info][gc,cpu         ] GC(1304) User=0.01s Sys=0.00s Real=0.01s
[557.895s][info][gc,marking     ] GC(1304) Concurrent Mark 1899.293ms
[557.895s][info][gc,marking     ] GC(1304) Concurrent Rebuild Remembered Sets and Scrub Regions
[557.967s][info][gc,start       ] GC(1311) Pause Young (Normal) (G1 Evacuation Pause)
[557.967s][info][gc,task        ] GC(1311) Using 2 workers of 2 for evacuation
[557.974s][info][gc,phases      ] GC(1311)   Pre Evacuate Collection Set: 0.49ms
[557.974s][info][gc,phases      ] GC(1311)   Merge Heap Roots: 0.10ms
[557.974s][info][gc,phases      ] GC(1311)   Evacuate Collection Set: 5.76ms
[557.974s][info][gc,phases      ] GC(1311)   Post Evacuate Collection Set: 0.34ms
[557.974s][info][gc,phases      ] GC(1311)   Other: 0.09ms
[557.974s][info][gc,heap        ] GC(1311) Eden regions: 130->0(131)
[557.974s][info][gc,heap        ] GC(1311) Survivor regions: 4->5(17)
[557.974s][info][gc,heap        ] GC(1311) Old regions: 777->777
[557.974s][info][gc,heap        ] GC(1311) Humongous regions: 10->10
[557.974s][info][gc,metaspace   ] GC(1311) Metaspace: 19090K(19328K)->19090K(19328K) NonClass: 16423K(16576K)->16423K(16576K) Class: 2667K(2752K)->2667K(2752K)
[557.974s][info][gc             ] GC(1311) Pause Young (Normal) (G1 Evacuation Pause) 920M->791M(978M) 6.985ms
[557.974s][info][gc,cpu         ] GC(1311) User=0.01s Sys=0.00s Real=0.01s
[558.125s][info][gc,start       ] GC(1312) Pause Young (Normal) (G1 Evacuation Pause)
[558.125s][info][gc,task        ] GC(1312) Using 2 workers of 2 for evacuation
[558.134s][info][gc,phases      ] GC(1312)   Pre Evacuate Collection Set: 0.29ms
[558.134s][info][gc,phases      ] GC(1312)   Merge Heap Roots: 0.12ms
[558.134s][info][gc,phases      ] GC(1312)   Evacuate Collection Set: 7.89ms
[558.134s][info][gc,phases      ] GC(1312)   Post Evacuate Collection Set: 0.32ms
[558.134s][info][gc,phases      ] GC(1312)   Other: 0.11ms
[558.134s][info][gc,heap        ] GC(1312) Eden regions: 131->0(127)
[558.134s][info][gc,heap        ] GC(1312) Survivor regions: 5->7(17)
[558.134s][info][gc,heap        ] GC(1312) Old regions: 777->777
[558.134s][info][gc,heap        ] GC(1312) Humongous regions: 10->10
[558.134s][info][gc,metaspace   ] GC(1312) Metaspace: 19090K(19328K)->19090K(19328K) NonClass: 16423K(16576K)->16423K(16576K) Class: 2667K(2752K)->2667K(2752K)
[558.134s][info][gc             ] GC(1312) Pause Young (Normal) (G1 Evacuation Pause) 922M->792M(978M) 8.974ms
[558.134s][info][gc,cpu         ] GC(1312) User=0.01s Sys=0.00s Real=0.01s
[558.335s][info][gc,start       ] GC(1313) Pause Young (Normal) (G1 Evacuation Pause)
[558.335s][info][gc,task        ] GC(1313) Using 2 workers of 2 for evacuation
[558.348s][info][gc,phases      ] GC(1313)   Pre Evacuate Collection Set: 0.29ms
[558.348s][info][gc,phases      ] GC(1313)   Merge Heap Roots: 0.15ms
[558.348s][info][gc,phases      ] GC(1313)   Evacuate Collection Set: 12.46ms
[558.348s][info][gc,phases      ] GC(1313)   Post Evacuate Collection Set: 0.37ms
[558.348s][info][gc,phases      ] GC(1313)   Other: 0.10ms
[558.348s][info][gc,heap        ] GC(1313) Eden regions: 127->0(119)
[558.348s][info][gc,heap        ] GC(1313) Survivor regions: 7->11(17)
[558.348s][info][gc,heap        ] GC(1313) Old regions: 777->777
[558.348s][info][gc,heap        ] GC(1313) Humongous regions: 10->10
[558.348s][info][gc,metaspace   ] GC(1313) Metaspace: 19090K(19328K)->19090K(19328K) NonClass: 16423K(16576K)->16423K(16576K) Class: 2667K(2752K)->2667K(2752K)
[558.348s][info][gc             ] GC(1313) Pause Young (Normal) (G1 Evacuation Pause) 919M->797M(978M) 13.600ms
[558.348s][info][gc,cpu         ] GC(1313) User=0.03s Sys=0.00s Real=0.01s
[558.692s][info][gc,marking     ] GC(1304) Concurrent Rebuild Remembered Sets and Scrub Regions 796.236ms
[558.692s][info][gc,start       ] GC(1304) Pause Cleanup
[558.692s][info][gc             ] GC(1304) Pause Cleanup 912M->912M(978M) 0.147ms
[558.692s][info][gc,cpu         ] GC(1304) User=0.00s Sys=0.00s Real=0.00s
[558.694s][info][gc,marking     ] GC(1304) Concurrent Clear Claimed Marks
[558.694s][info][gc,marking     ] GC(1304) Concurrent Clear Claimed Marks 0.057ms
[558.694s][info][gc,marking     ] GC(1304) Concurrent Cleanup for Next Mark
[558.699s][info][gc,marking     ] GC(1304) Concurrent Cleanup for Next Mark 4.956ms
[558.699s][info][gc             ] GC(1304) Concurrent Mark Cycle 2829.745ms
[558.707s][info][gc,start       ] GC(1314) Pause Young (Prepare Mixed) (G1 Evacuation Pause)
[558.707s][info][gc,task        ] GC(1314) Using 2 workers of 2 for evacuation
[558.721s][info][gc,phases      ] GC(1314)   Pre Evacuate Collection Set: 0.28ms
[558.721s][info][gc,phases      ] GC(1314)   Merge Heap Roots: 0.22ms
[558.721s][info][gc,phases      ] GC(1314)   Evacuate Collection Set: 13.08ms
[558.721s][info][gc,phases      ] GC(1314)   Post Evacuate Collection Set: 0.40ms
[558.721s][info][gc,phases      ] GC(1314)   Other: 0.07ms
[558.721s][info][gc,heap        ] GC(1314) Eden regions: 119->0(121)
[558.721s][info][gc,heap        ] GC(1314) Survivor regions: 11->8(17)
[558.721s][info][gc,heap        ] GC(1314) Old regions: 777->781
[558.721s][info][gc,heap        ] GC(1314) Humongous regions: 10->10
[558.721s][info][gc,metaspace   ] GC(1314) Metaspace: 19090K(19328K)->19090K(19328K) NonClass: 16423K(16576K)->16423K(16576K) Class: 2667K(2752K)->2667K(2752K)
[558.721s][info][gc             ] GC(1314) Pause Young (Prepare Mixed) (G1 Evacuation Pause) 916M->797M(978M) 14.256ms
[558.721s][info][gc,cpu         ] GC(1314) User=0.03s Sys=0.00s Real=0.01s
[558.877s][info][gc,start       ] GC(1315) Pause Young (Mixed) (G1 Evacuation Pause)
[558.877s][info][gc,task        ] GC(1315) Using 2 workers of 2 for evacuation
[558.965s][info][gc,phases      ] GC(1315)   Pre Evacuate Collection Set: 0.32ms
[558.965s][info][gc,phases      ] GC(1315)   Merge Heap Roots: 0.54ms
[558.965s][info][gc,phases      ] GC(1315)   Evacuate Collection Set: 81.48ms
[558.965s][info][gc,phases      ] GC(1315)   Post Evacuate Collection Set: 5.25ms
[558.965s][info][gc,phases      ] GC(1315)   Other: 0.09ms
[558.965s][info][gc,heap        ] GC(1315) Eden regions: 121->0(31)
[558.965s][info][gc,heap        ] GC(1315) Survivor regions: 8->17(17)
[558.965s][info][gc,heap        ] GC(1315) Old regions: 781->854
[558.965s][info][gc,heap        ] GC(1315) Humongous regions: 10->10
[558.965s][info][gc,metaspace   ] GC(1315) Metaspace: 19090K(19328K)->19090K(19328K) NonClass: 16423K(16576K)->16423K(16576K) Class: 2667K(2752K)->2667K(2752K)
[558.965s][info][gc             ] GC(1315) Pause Young (Mixed) (G1 Evacuation Pause) (Evacuation Failure: Allocation) 918M->880M(978M) 87.910ms
[558.965s][info][gc,cpu         ] GC(1315) User=0.17s Sys=0.00s Real=0.09s
[559.033s][info][gc,start       ] GC(1316) Pause Young (Concurrent Start) (G1 Evacuation Pause)
[559.033s][info][gc,task        ] GC(1316) Using 2 workers of 2 for evacuation
[559.071s][info][gc,phases      ] GC(1316)   Pre Evacuate Collection Set: 0.40ms
[559.071s][info][gc,phases      ] GC(1316)   Merge Heap Roots: 0.28ms
[559.071s][info][gc,phases      ] GC(1316)   Evacuate Collection Set: 36.42ms
[559.071s][info][gc,phases      ] GC(1316)   Post Evacuate Collection Set: 0.44ms
[559.071s][info][gc,phases      ] GC(1316)   Other: 0.11ms
[559.071s][info][gc,heap        ] GC(1316) Eden regions: 31->0(67)
[559.071s][info][gc,heap        ] GC(1316) Survivor regions: 17->6(6)
[559.071s][info][gc,heap        ] GC(1316) Old regions: 854->839
[559.071s][info][gc,heap        ] GC(1316) Humongous regions: 10->10
[559.071s][info][gc,metaspace   ] GC(1316) Metaspace: 19090K(19328K)->19090K(19328K) NonClass: 16423K(16576K)->16423K(16576K) Class: 2667K(2752K)->2667K(2752K)
[559.071s][info][gc             ] GC(1316) Pause Young (Concurrent Start) (G1 Evacuation Pause) 911M->854M(978M) 37.877ms
[559.071s][info][gc             ] GC(1317) Concurrent Mark Cycle
[559.071s][info][gc,marking     ] GC(1317) Concurrent Scan Root Regions
[559.071s][info][gc,cpu         ] GC(1316) User=0.07s Sys=0.00s Real=0.03s
[559.113s][info][gc,marking     ] GC(1317) Concurrent Scan Root Regions 41.897ms
[559.113s][info][gc,marking     ] GC(1317) Concurrent Mark
[559.113s][info][gc,marking     ] GC(1317) Concurrent Mark From Roots
[559.113s][info][gc,task        ] GC(1317) Using 1 workers of 1 for marking
[559.235s][info][gc,start       ] GC(1318) Pause Young (Normal) (G1 Evacuation Pause)
[559.235s][info][gc,task        ] GC(1318) Using 2 workers of 2 for evacuation
[559.261s][info][gc,phases      ] GC(1318)   Pre Evacuate Collection Set: 0.54ms
[559.261s][info][gc,phases      ] GC(1318)   Merge Heap Roots: 0.25ms
[559.261s][info][gc,phases      ] GC(1318)   Evacuate Collection Set: 24.52ms
[559.261s][info][gc,phases      ] GC(1318)   Post Evacuate Collection Set: 0.37ms
[559.261s][info][gc,phases      ] GC(1318)   Other: 0.11ms
[559.261s][info][gc,heap        ] GC(1318) Eden regions: 67->0(52)
[559.261s][info][gc,heap        ] GC(1318) Survivor regions: 6->10(10)
[559.261s][info][gc,heap        ] GC(1318) Old regions: 839->845
[559.261s][info][gc,heap        ] GC(1318) Humongous regions: 11->11
[559.261s][info][gc,metaspace   ] GC(1318) Metaspace: 19090K(19328K)->19090K(19328K) NonClass: 16423K(16576K)->16423K(16576K) Class: 2667K(2752K)->2667K(2752K)
[559.261s][info][gc             ] GC(1318) Pause Young (Normal) (G1 Evacuation Pause) 922M->865M(978M) 26.055ms
[559.261s][info][gc,cpu         ] GC(1318) User=0.05s Sys=0.00s Real=0.02s
[559.335s][info][gc,start       ] GC(1319) Pause Young (Normal) (G1 Evacuation Pause)
[559.335s][info][gc,task        ] GC(1319) Using 2 workers of 2 for evacuation
[559.356s][info][gc,phases      ] GC(1319)   Pre Evacuate Collection Set: 0.30ms
[559.356s][info][gc,phases      ] GC(1319)   Merge Heap Roots: 0.17ms
[559.356s][info][gc,phases      ] GC(1319)   Evacuate Collection Set: 19.81ms
[559.356s][info][gc,phases      ] GC(1319)   Post Evacuate Collection Set: 0.28ms
[559.356s][info][gc,phases      ] GC(1319)   Other: 0.10ms
[559.356s][info][gc,heap        ] GC(1319) Eden regions: 52->0(54)
[559.356s][info][gc,heap        ] GC(1319) Survivor regions: 10->4(8)
[559.356s][info][gc,heap        ] GC(1319) Old regions: 845->855
[559.356s][info][gc,heap        ] GC(1319) Humongous regions: 11->11
[559.356s][info][gc,metaspace   ] GC(1319) Metaspace: 19090K(19328K)->19090K(19328K) NonClass: 16423K(16576K)->16423K(16576K) Class: 2667K(2752K)->2667K(2752K)
[559.356s][info][gc             ] GC(1319) Pause Young (Normal) (G1 Evacuation Pause) 917M->869M(978M) 20.951ms
[559.356s][info][gc,cpu         ] GC(1319) User=0.04s Sys=0.00s Real=0.02s
[559.435s][info][gc,start       ] GC(1320) Pause Young (Normal) (G1 Evacuation Pause)
[559.435s][info][gc,task        ] GC(1320) Using 2 workers of 2 for evacuation
[559.441s][info][gc,phases      ] GC(1320)   Pre Evacuate Collection Set: 0.31ms
[559.441s][info][gc,phases      ] GC(1320)   Merge Heap Roots: 0.10ms
[559.441s][info][gc,phases      ] GC(1320)   Evacuate Collection Set: 5.52ms
[559.441s][info][gc,phases      ] GC(1320)   Post Evacuate Collection Set: 0.27ms
[559.442s][info][gc,phases      ] GC(1320)   Other: 0.10ms
[559.442s][info][gc,heap        ] GC(1320) Eden regions: 54->0(52)
[559.442s][info][gc,heap        ] GC(1320) Survivor regions: 4->5(8)
[559.442s][info][gc,heap        ] GC(1320) Old regions: 855->855
[559.442s][info][gc,heap        ] GC(1320) Humongous regions: 11->11
[559.442s][info][gc,metaspace   ] GC(1320) Metaspace: 19090K(19328K)->19090K(19328K) NonClass: 16423K(16576K)->16423K(16576K) Class: 2667K(2752K)->2667K(2752K)
[559.442s][info][gc             ] GC(1320) Pause Young (Normal) (G1 Evacuation Pause) 923M->870M(978M) 6.503ms
[559.442s][info][gc,cpu         ] GC(1320) User=0.01s Sys=0.00s Real=0.00s
[559.536s][info][gc,start       ] GC(1321) Pause Young (Normal) (G1 Evacuation Pause)
[559.536s][info][gc,task        ] GC(1321) Using 2 workers of 2 for evacuation
[559.543s][info][gc,phases      ] GC(1321)   Pre Evacuate Collection Set: 0.29ms
[559.543s][info][gc,phases      ] GC(1321)   Merge Heap Roots: 0.07ms
[559.543s][info][gc,phases      ] GC(1321)   Evacuate Collection Set: 5.58ms
[559.543s][info][gc,phases      ] GC(1321)   Post Evacuate Collection Set: 0.27ms
[559.543s][info][gc,phases      ] GC(1321)   Other: 0.10ms
[559.543s][info][gc,heap        ] GC(1321) Eden regions: 52->0(52)
[559.543s][info][gc,heap        ] GC(1321) Survivor regions: 5->5(8)
[559.543s][info][gc,heap        ] GC(1321) Old regions: 855->855
[559.543s][info][gc,heap        ] GC(1321) Humongous regions: 11->11
[559.543s][info][gc,metaspace   ] GC(1321) Metaspace: 19090K(19328K)->19090K(19328K) NonClass: 16423K(16576K)->16423K(16576K) Class: 2667K(2752K)->2667K(2752K)
[559.543s][info][gc             ] GC(1321) Pause Young (Normal) (G1 Evacuation Pause) 922M->870M(978M) 6.545ms
[559.543s][info][gc,cpu         ] GC(1321) User=0.02s Sys=0.00s Real=0.00s
[559.617s][info][gc,start       ] GC(1322) Pause Young (Normal) (G1 Evacuation Pause)
[559.617s][info][gc,task        ] GC(1322) Using 2 workers of 2 for evacuation
[559.623s][info][gc,phases      ] GC(1322)   Pre Evacuate Collection Set: 0.30ms
[559.623s][info][gc,phases      ] GC(1322)   Merge Heap Roots: 0.12ms
[559.623s][info][gc,phases      ] GC(1322)   Evacuate Collection Set: 5.60ms
[559.623s][info][gc,phases      ] GC(1322)   Post Evacuate Collection Set: 0.31ms
[559.623s][info][gc,phases      ] GC(1322)   Other: 0.06ms
[559.623s][info][gc,heap        ] GC(1322) Eden regions: 52->0(54)
[559.623s][info][gc,heap        ] GC(1322) Survivor regions: 5->2(8)
[559.623s][info][gc,heap        ] GC(1322) Old regions: 855->859
[559.623s][info][gc,heap        ] GC(1322) Humongous regions: 11->11
[559.623s][info][gc,metaspace   ] GC(1322) Metaspace: 19090K(19328K)->19090K(19328K) NonClass: 16423K(16576K)->16423K(16576K) Class: 2667K(2752K)->2667K(2752K)
[559.623s][info][gc             ] GC(1322) Pause Young (Normal) (G1 Evacuation Pause) 922M->871M(978M) 6.575ms
[559.623s][info][gc,cpu         ] GC(1322) User=0.01s Sys=0.00s Real=0.01s
[559.735s][info][gc,start       ] GC(1323) Pause Young (Normal) (G1 Evacuation Pause)
[559.735s][info][gc,task        ] GC(1323) Using 2 workers of 2 for evacuation
[559.739s][info][gc,phases      ] GC(1323)   Pre Evacuate Collection Set: 0.30ms
[559.739s][info][gc,phases      ] GC(1323)   Merge Heap Roots: 0.06ms
[559.739s][info][gc,phases      ] GC(1323)   Evacuate Collection Set: 2.89ms
[559.739s][info][gc,phases      ] GC(1323)   Post Evacuate Collection Set: 0.29ms
[559.739s][info][gc,phases      ] GC(1323)   Other: 0.08ms
[559.739s][info][gc,heap        ] GC(1323) Eden regions: 54->0(52)
[559.739s][info][gc,heap        ] GC(1323) Survivor regions: 2->3(7)
[559.739s][info][gc,heap        ] GC(1323) Old regions: 859->859
[559.739s][info][gc,heap        ] GC(1323) Humongous regions: 11->11
[559.739s][info][gc,metaspace   ] GC(1323) Metaspace: 19090K(19328K)->19090K(19328K) NonClass: 16423K(16576K)->16423K(16576K) Class: 2667K(2752K)->2667K(2752K)
[559.739s][info][gc             ] GC(1323) Pause Young (Normal) (G1 Evacuation Pause) 925M->872M(978M) 3.828ms
[559.739s][info][gc,cpu         ] GC(1323) User=0.00s Sys=0.00s Real=0.00s
[559.827s][info][gc,start       ] GC(1324) Pause Young (Normal) (G1 Evacuation Pause)
[559.827s][info][gc,task        ] GC(1324) Using 2 workers of 2 for evacuation
[559.831s][info][gc,phases      ] GC(1324)   Pre Evacuate Collection Set: 0.31ms
[559.831s][info][gc,phases      ] GC(1324)   Merge Heap Roots: 0.08ms
[559.831s][info][gc,phases      ] GC(1324)   Evacuate Collection Set: 3.31ms
[559.831s][info][gc,phases      ] GC(1324)   Post Evacuate Collection Set: 0.30ms
[559.831s][info][gc,phases      ] GC(1324)   Other: 0.10ms
[559.831s][info][gc,heap        ] GC(1324) Eden regions: 52->0(52)
[559.831s][info][gc,heap        ] GC(1324) Survivor regions: 3->3(7)
[559.831s][info][gc,heap        ] GC(1324) Old regions: 859->859
[559.831s][info][gc,heap        ] GC(1324) Humongous regions: 11->11
[559.831s][info][gc,metaspace   ] GC(1324) Metaspace: 19090K(19328K)->19090K(19328K) NonClass: 16423K(16576K)->16423K(16576K) Class: 2667K(2752K)->2667K(2752K)
[559.831s][info][gc             ] GC(1324) Pause Young (Normal) (G1 Evacuation Pause) 924M->872M(978M) 4.340ms
[559.831s][info][gc,cpu         ] GC(1324) User=0.00s Sys=0.00s Real=0.00s
[559.956s][info][gc,marking     ] GC(1317) Concurrent Mark From Roots 843.174ms
[559.956s][info][gc,marking     ] GC(1317) Concurrent Preclean
[559.956s][info][gc,marking     ] GC(1317) Concurrent Preclean 0.041ms
[559.956s][info][gc,start       ] GC(1317) Pause Remark
[559.965s][info][gc             ] GC(1317) Pause Remark 908M->441M(978M) 8.299ms
[559.965s][info][gc,cpu         ] GC(1317) User=0.02s Sys=0.00s Real=0.01s
[559.965s][info][gc,marking     ] GC(1317) Concurrent Mark 851.817ms
[559.965s][info][gc,marking     ] GC(1317) Concurrent Rebuild Remembered Sets and Scrub Regions
[560.035s][info][gc,start       ] GC(1325) Pause Young (Normal) (G1 Evacuation Pause)
[560.035s][info][gc,task        ] GC(1325) Using 2 workers of 2 for evacuation
[560.040s][info][gc,phases      ] GC(1325)   Pre Evacuate Collection Set: 0.46ms
[560.040s][info][gc,phases      ] GC(1325)   Merge Heap Roots: 0.13ms
[560.040s][info][gc,phases      ] GC(1325)   Evacuate Collection Set: 4.12ms
[560.040s][info][gc,phases      ] GC(1325)   Post Evacuate Collection Set: 0.31ms
[560.040s][info][gc,phases      ] GC(1325)   Other: 0.07ms
[560.040s][info][gc,heap        ] GC(1325) Eden regions: 52->0(382)
[560.040s][info][gc,heap        ] GC(1325) Survivor regions: 3->3(7)
[560.040s][info][gc,heap        ] GC(1325) Old regions: 399->399
[560.040s][info][gc,heap        ] GC(1325) Humongous regions: 4->4
[560.040s][info][gc,metaspace   ] GC(1325) Metaspace: 19090K(19328K)->19090K(19328K) NonClass: 16423K(16576K)->16423K(16576K) Class: 2667K(2752K)->2667K(2752K)
[560.041s][info][gc             ] GC(1325) Pause Young (Normal) (G1 Evacuation Pause) 457M->405M(978M) 5.301ms
[560.041s][info][gc,cpu         ] GC(1325) User=0.00s Sys=0.00s Real=0.00s
[560.225s][info][gc,marking     ] GC(1317) Concurrent Rebuild Remembered Sets and Scrub Regions 260.490ms
[560.225s][info][gc,start       ] GC(1317) Pause Cleanup
[560.225s][info][gc             ] GC(1317) Pause Cleanup 470M->470M(978M) 0.133ms
[560.225s][info][gc,cpu         ] GC(1317) User=0.00s Sys=0.00s Real=0.00s
[560.228s][info][gc,marking     ] GC(1317) Concurrent Clear Claimed Marks
[560.228s][info][gc,marking     ] GC(1317) Concurrent Clear Claimed Marks 0.049ms
[560.228s][info][gc,marking     ] GC(1317) Concurrent Cleanup for Next Mark
[560.233s][info][gc,marking     ] GC(1317) Concurrent Cleanup for Next Mark 4.916ms
[560.233s][info][gc             ] GC(1317) Concurrent Mark Cycle 1161.770ms
[560.705s][info][gc,start       ] GC(1326) Pause Young (Prepare Mixed) (G1 Evacuation Pause)
[560.705s][info][gc,task        ] GC(1326) Using 2 workers of 2 for evacuation
[560.788s][info][gc,phases      ] GC(1326)   Pre Evacuate Collection Set: 0.33ms
[560.788s][info][gc,phases      ] GC(1326)   Merge Heap Roots: 0.27ms
[560.788s][info][gc,phases      ] GC(1326)   Evacuate Collection Set: 82.01ms
[560.788s][info][gc,phases      ] GC(1326)   Post Evacuate Collection Set: 0.77ms
[560.788s][info][gc,phases      ] GC(1326)   Other: 0.10ms
[560.788s][info][gc,heap        ] GC(1326) Eden regions: 382->0(316)
[560.788s][info][gc,heap        ] GC(1326) Survivor regions: 3->49(49)
[560.788s][info][gc,heap        ] GC(1326) Old regions: 399->427
[560.788s][info][gc,heap        ] GC(1326) Humongous regions: 5->5
[560.788s][info][gc,metaspace   ] GC(1326) Metaspace: 19090K(19328K)->19090K(19328K) NonClass: 16423K(16576K)->16423K(16576K) Class: 2667K(2752K)->2667K(2752K)
[560.788s][info][gc             ] GC(1326) Pause Young (Prepare Mixed) (G1 Evacuation Pause) 788M->480M(978M) 83.729ms
[560.788s][info][gc,cpu         ] GC(1326) User=0.17s Sys=0.00s Real=0.08s
[561.024s][info][gc,start       ] GC(1327) Pause Young (Mixed) (G1 Evacuation Pause)
[561.024s][info][gc,task        ] GC(1327) Using 2 workers of 2 for evacuation
[561.188s][info][gc,phases      ] GC(1327)   Pre Evacuate Collection Set: 0.37ms
[561.188s][info][gc,phases      ] GC(1327)   Merge Heap Roots: 0.74ms
[561.188s][info][gc,phases      ] GC(1327)   Evacuate Collection Set: 155.36ms
[561.188s][info][gc,phases      ] GC(1327)   Merge Optional Heap Roots: 0.21ms
[561.188s][info][gc,phases      ] GC(1327)   Evacuate Optional Collection Set: 6.16ms
[561.188s][info][gc,phases      ] GC(1327)   Post Evacuate Collection Set: 0.81ms
[561.188s][info][gc,phases      ] GC(1327)   Other: 0.10ms
[561.188s][info][gc,heap        ] GC(1327) Eden regions: 316->0(277)
[561.188s][info][gc,heap        ] GC(1327) Survivor regions: 49->46(46)
[561.188s][info][gc,heap        ] GC(1327) Old regions: 427->467
[561.188s][info][gc,heap        ] GC(1327) Humongous regions: 5->5
[561.188s][info][gc,metaspace   ] GC(1327) Metaspace: 19090K(19328K)->19090K(19328K) NonClass: 16423K(16576K)->16423K(16576K) Class: 2667K(2752K)->2667K(2752K)
[561.188s][info][gc             ] GC(1327) Pause Young (Mixed) (G1 Evacuation Pause) 796M->517M(978M) 164.034ms
[561.188s][info][gc,cpu         ] GC(1327) User=0.32s Sys=0.00s Real=0.16s
[561.510s][info][gc,start       ] GC(1328) Pause Young (Mixed) (G1 Evacuation Pause)
[561.510s][info][gc,task        ] GC(1328) Using 2 workers of 2 for evacuation
[561.608s][info][gc,phases      ] GC(1328)   Pre Evacuate Collection Set: 0.52ms
[561.608s][info][gc,phases      ] GC(1328)   Merge Heap Roots: 0.63ms
[561.608s][info][gc,phases      ] GC(1328)   Evacuate Collection Set: 96.17ms
[561.608s][info][gc,phases      ] GC(1328)   Post Evacuate Collection Set: 0.83ms
[561.608s][info][gc,phases      ] GC(1328)   Other: 0.08ms
[561.608s][info][gc,heap        ] GC(1328) Eden regions: 277->0(264)
[561.608s][info][gc,heap        ] GC(1328) Survivor regions: 46->33(41)
[561.608s][info][gc,heap        ] GC(1328) Old regions: 467->513
[561.608s][info][gc,heap        ] GC(1328) Humongous regions: 5->5
[561.608s][info][gc,metaspace   ] GC(1328) Metaspace: 19093K(19328K)->19093K(19328K) NonClass: 16426K(16576K)->16426K(16576K) Class: 2667K(2752K)->2667K(2752K)
[561.609s][info][gc             ] GC(1328) Pause Young (Mixed) (G1 Evacuation Pause) 794M->549M(978M) 98.478ms
[561.609s][info][gc,cpu         ] GC(1328) User=0.20s Sys=0.00s Real=0.10s
[561.733s][info][gc,start       ] GC(1329) Pause Young (Concurrent Start) (G1 Evacuation Pause)
[561.733s][info][gc,task        ] GC(1329) Using 2 workers of 2 for evacuation
[561.871s][info][gc,phases      ] GC(1329)   Pre Evacuate Collection Set: 0.33ms
[561.871s][info][gc,phases      ] GC(1329)   Merge Heap Roots: 0.13ms
[561.871s][info][gc,phases      ] GC(1329)   Evacuate Collection Set: 136.62ms
[561.871s][info][gc,phases      ] GC(1329)   Post Evacuate Collection Set: 0.83ms
[561.871s][info][gc,phases      ] GC(1329)   Other: 0.31ms
[561.871s][info][gc,heap        ] GC(1329) Eden regions: 264->0(174)
[561.871s][info][gc,heap        ] GC(1329) Survivor regions: 33->38(38)
[561.871s][info][gc,heap        ] GC(1329) Old regions: 513->634
[561.871s][info][gc,heap        ] GC(1329) Humongous regions: 5->5
[561.871s][info][gc,metaspace   ] GC(1329) Metaspace: 19093K(19328K)->19093K(19328K) NonClass: 16426K(16576K)->16426K(16576K) Class: 2667K(2752K)->2667K(2752K)
[561.872s][info][gc             ] GC(1329) Pause Young (Concurrent Start) (G1 Evacuation Pause) 813M->676M(978M) 138.444ms
[561.872s][info][gc,cpu         ] GC(1329) User=0.27s Sys=0.00s Real=0.13s
[561.872s][info][gc             ] GC(1330) Concurrent Mark Cycle
[561.872s][info][gc,marking     ] GC(1330) Concurrent Scan Root Regions
[562.034s][info][gc,marking     ] GC(1330) Concurrent Scan Root Regions 161.963ms
[562.034s][info][gc,marking     ] GC(1330) Concurrent Mark
[562.034s][info][gc,marking     ] GC(1330) Concurrent Mark From Roots
[562.034s][info][gc,task        ] GC(1330) Using 1 workers of 1 for marking
[562.140s][info][gc,start       ] GC(1331) Pause Young (Normal) (G1 Evacuation Pause)
[562.140s][info][gc,task        ] GC(1331) Using 2 workers of 2 for evacuation
[562.224s][info][gc,phases      ] GC(1331)   Pre Evacuate Collection Set: 0.31ms
[562.224s][info][gc,phases      ] GC(1331)   Merge Heap Roots: 0.49ms
[562.224s][info][gc,phases      ] GC(1331)   Evacuate Collection Set: 82.84ms
[562.224s][info][gc,phases      ] GC(1331)   Post Evacuate Collection Set: 0.52ms
[562.224s][info][gc,phases      ] GC(1331)   Other: 0.12ms
[562.224s][info][gc,heap        ] GC(1331) Eden regions: 174->0(155)
[562.224s][info][gc,heap        ] GC(1331) Survivor regions: 38->27(27)
[562.224s][info][gc,heap        ] GC(1331) Old regions: 634->685
[562.224s][info][gc,heap        ] GC(1331) Humongous regions: 5->5
[562.224s][info][gc,metaspace   ] GC(1331) Metaspace: 19093K(19328K)->19093K(19328K) NonClass: 16426K(16576K)->16426K(16576K) Class: 2667K(2752K)->2667K(2752K)
[562.224s][info][gc             ] GC(1331) Pause Young (Normal) (G1 Evacuation Pause) 850M->716M(978M) 84.555ms
[562.224s][info][gc,cpu         ] GC(1331) User=0.17s Sys=0.00s Real=0.09s
[562.272s][info][gc,marking     ] GC(1330) Concurrent Mark From Roots 237.928ms
[562.272s][info][gc,marking     ] GC(1330) Concurrent Preclean
[562.272s][info][gc,marking     ] GC(1330) Concurrent Preclean 0.034ms
[562.272s][info][gc,start       ] GC(1330) Pause Remark
[562.280s][info][gc             ] GC(1330) Pause Remark 743M->400M(978M) 8.222ms
[562.280s][info][gc,cpu         ] GC(1330) User=0.02s Sys=0.00s Real=0.01s
[562.281s][info][gc,marking     ] GC(1330) Concurrent Mark 247.326ms
[562.281s][info][gc,marking     ] GC(1330) Concurrent Rebuild Remembered Sets and Scrub Regions
[562.436s][info][gc,start       ] GC(1332) Pause Young (Normal) (G1 Evacuation Pause)
[562.436s][info][gc,task        ] GC(1332) Using 2 workers of 2 for evacuation
[562.477s][info][gc,phases      ] GC(1332)   Pre Evacuate Collection Set: 0.28ms
[562.477s][info][gc,phases      ] GC(1332)   Merge Heap Roots: 0.48ms
[562.477s][info][gc,phases      ] GC(1332)   Evacuate Collection Set: 40.04ms
[562.477s][info][gc,phases      ] GC(1332)   Post Evacuate Collection Set: 0.48ms
[562.477s][info][gc,phases      ] GC(1332)   Other: 0.07ms
[562.477s][info][gc,heap        ] GC(1332) Eden regions: 155->0(332)
[562.477s][info][gc,heap        ] GC(1332) Survivor regions: 27->5(23)
[562.477s][info][gc,heap        ] GC(1332) Old regions: 346->373
[562.477s][info][gc,heap        ] GC(1332) Humongous regions: 1->1
[562.477s][info][gc,metaspace   ] GC(1332) Metaspace: 19096K(19328K)->19096K(19328K) NonClass: 16428K(16576K)->16428K(16576K) Class: 2667K(2752K)->2667K(2752K)
[562.477s][info][gc             ] GC(1332) Pause Young (Normal) (G1 Evacuation Pause) 528M->378M(978M) 41.593ms
[562.477s][info][gc,cpu         ] GC(1332) User=0.08s Sys=0.00s Real=0.04s
[562.516s][info][gc,marking     ] GC(1330) Concurrent Rebuild Remembered Sets and Scrub Regions 234.862ms
[562.516s][info][gc,start       ] GC(1330) Pause Cleanup
[562.516s][info][gc             ] GC(1330) Pause Cleanup 395M->395M(978M) 0.101ms
[562.516s][info][gc,cpu         ] GC(1330) User=0.00s Sys=0.00s Real=0.00s
[562.518s][info][gc,marking     ] GC(1330) Concurrent Clear Claimed Marks
[562.518s][info][gc,marking     ] GC(1330) Concurrent Clear Claimed Marks 0.044ms
[562.518s][info][gc,marking     ] GC(1330) Concurrent Cleanup for Next Mark
[562.523s][info][gc,marking     ] GC(1330) Concurrent Cleanup for Next Mark 4.885ms
[562.523s][info][gc             ] GC(1330) Concurrent Mark Cycle 651.084ms
[562.811s][info][gc,start       ] GC(1333) Pause Young (Prepare Mixed) (G1 Evacuation Pause)
[562.811s][info][gc,task        ] GC(1333) Using 2 workers of 2 for evacuation
[562.935s][info][gc,phases      ] GC(1333)   Pre Evacuate Collection Set: 0.52ms
[562.935s][info][gc,phases      ] GC(1333)   Merge Heap Roots: 0.59ms
[562.935s][info][gc,phases      ] GC(1333)   Evacuate Collection Set: 122.14ms
[562.935s][info][gc,phases      ] GC(1333)   Post Evacuate Collection Set: 0.76ms
[562.935s][info][gc,phases      ] GC(1333)   Other: 0.08ms
[562.935s][info][gc,heap        ] GC(1333) Eden regions: 332->0(288)
[562.935s][info][gc,heap        ] GC(1333) Survivor regions: 5->43(43)
[562.935s][info][gc,heap        ] GC(1333) Old regions: 373->421
[562.935s][info][gc,heap        ] GC(1333) Humongous regions: 7->7
[562.935s][info][gc,metaspace   ] GC(1333) Metaspace: 19096K(19328K)->19096K(19328K) NonClass: 16428K(16576K)->16428K(16576K) Class: 2667K(2752K)->2667K(2752K)
[562.935s][info][gc             ] GC(1333) Pause Young (Prepare Mixed) (G1 Evacuation Pause) 716M->470M(978M) 124.352ms
[562.935s][info][gc,cpu         ] GC(1333) User=0.25s Sys=0.00s Real=0.13s
[563.112s][info][gc,start       ] GC(1334) Pause Young (Mixed) (G1 Evacuation Pause)
[563.112s][info][gc,task        ] GC(1334) Using 2 workers of 2 for evacuation
[563.188s][info][gc,phases      ] GC(1334)   Pre Evacuate Collection Set: 0.36ms
[563.188s][info][gc,phases      ] GC(1334)   Merge Heap Roots: 0.56ms
[563.188s][info][gc,phases      ] GC(1334)   Evacuate Collection Set: 73.93ms
[563.188s][info][gc,phases      ] GC(1334)   Post Evacuate Collection Set: 0.61ms
[563.188s][info][gc,phases      ] GC(1334)   Other: 0.11ms
[563.188s][info][gc,heap        ] GC(1334) Eden regions: 288->0(338)
[563.188s][info][gc,heap        ] GC(1334) Survivor regions: 43->9(42)
[563.188s][info][gc,heap        ] GC(1334) Old regions: 421->396
[563.188s][info][gc,heap        ] GC(1334) Humongous regions: 7->7
[563.188s][info][gc,metaspace   ] GC(1334) Metaspace: 19096K(19328K)->19096K(19328K) NonClass: 16428K(16576K)->16428K(16576K) Class: 2667K(2752K)->2667K(2752K)
[563.188s][info][gc             ] GC(1334) Pause Young (Mixed) (G1 Evacuation Pause) 758M->411M(978M) 75.812ms
[563.188s][info][gc,cpu         ] GC(1334) User=0.15s Sys=0.00s Real=0.08s
[563.461s][info][gc,start       ] GC(1335) Pause Young (Concurrent Start) (G1 Evacuation Pause)
[563.461s][info][gc,task        ] GC(1335) Using 2 workers of 2 for evacuation
[563.502s][info][gc,phases      ] GC(1335)   Pre Evacuate Collection Set: 0.35ms
[563.502s][info][gc,phases      ] GC(1335)   Merge Heap Roots: 0.34ms
[563.502s][info][gc,phases      ] GC(1335)   Evacuate Collection Set: 39.43ms
[563.502s][info][gc,phases      ] GC(1335)   Post Evacuate Collection Set: 0.59ms
[563.502s][info][gc,phases      ] GC(1335)   Other: 0.23ms
[563.502s][info][gc,heap        ] GC(1335) Eden regions: 338->0(349)
[563.502s][info][gc,heap        ] GC(1335) Survivor regions: 9->27(44)
[563.502s][info][gc,heap        ] GC(1335) Old regions: 396->396
[563.502s][info][gc,heap        ] GC(1335) Humongous regions: 7->7
[563.502s][info][gc,metaspace   ] GC(1335) Metaspace: 19096K(19328K)->19096K(19328K) NonClass: 16428K(16576K)->16428K(16576K) Class: 2667K(2752K)->2667K(2752K)
[563.502s][info][gc             ] GC(1335) Pause Young (Concurrent Start) (G1 Evacuation Pause) 749M->429M(978M) 41.222ms
[563.502s][info][gc,cpu         ] GC(1335) User=0.08s Sys=0.00s Real=0.04s
[563.502s][info][gc             ] GC(1336) Concurrent Mark Cycle
[563.502s][info][gc,marking     ] GC(1336) Concurrent Scan Root Regions
[563.553s][info][gc,marking     ] GC(1336) Concurrent Scan Root Regions 50.464ms
[563.553s][info][gc,marking     ] GC(1336) Concurrent Mark
[563.553s][info][gc,marking     ] GC(1336) Concurrent Mark From Roots
[563.553s][info][gc,task        ] GC(1336) Using 1 workers of 1 for marking
[564.324s][info][gc,marking     ] GC(1336) Concurrent Mark From Roots 771.189ms
[564.324s][info][gc,marking     ] GC(1336) Concurrent Preclean
[564.324s][info][gc,marking     ] GC(1336) Concurrent Preclean 0.042ms
[564.324s][info][gc,start       ] GC(1336) Pause Remark
[564.332s][info][gc             ] GC(1336) Pause Remark 694M->621M(978M) 7.964ms
[564.332s][info][gc,cpu         ] GC(1336) User=0.01s Sys=0.00s Real=0.00s
[564.333s][info][gc,marking     ] GC(1336) Concurrent Mark 779.516ms
[564.333s][info][gc,marking     ] GC(1336) Concurrent Rebuild Remembered Sets and Scrub Regions
[564.571s][info][gc,marking     ] GC(1336) Concurrent Rebuild Remembered Sets and Scrub Regions 238.756ms
[564.572s][info][gc,start       ] GC(1336) Pause Cleanup
[564.572s][info][gc             ] GC(1336) Pause Cleanup 680M->680M(978M) 0.135ms
[564.572s][info][gc,cpu         ] GC(1336) User=0.00s Sys=0.00s Real=0.00s
[564.572s][info][gc,marking     ] GC(1336) Concurrent Clear Claimed Marks
[564.572s][info][gc,marking     ] GC(1336) Concurrent Clear Claimed Marks 0.039ms
[564.572s][info][gc,marking     ] GC(1336) Concurrent Cleanup for Next Mark
[564.575s][info][gc,marking     ] GC(1336) Concurrent Cleanup for Next Mark 2.851ms
[564.575s][info][gc             ] GC(1336) Concurrent Mark Cycle 1072.236ms
[564.643s][info][gc,start       ] GC(1337) Pause Young (Prepare Mixed) (G1 Evacuation Pause)
[564.643s][info][gc,task        ] GC(1337) Using 2 workers of 2 for evacuation
[564.713s][info][gc,phases      ] GC(1337)   Pre Evacuate Collection Set: 0.54ms
[564.713s][info][gc,phases      ] GC(1337)   Merge Heap Roots: 0.54ms
[564.713s][info][gc,phases      ] GC(1337)   Evacuate Collection Set: 68.08ms
[564.713s][info][gc,phases      ] GC(1337)   Post Evacuate Collection Set: 0.61ms
[564.713s][info][gc,phases      ] GC(1337)   Other: 0.09ms
[564.713s][info][gc,heap        ] GC(1337) Eden regions: 349->0(387)
[564.713s][info][gc,heap        ] GC(1337) Survivor regions: 27->47(47)
[564.713s][info][gc,heap        ] GC(1337) Old regions: 326->336
[564.713s][info][gc,heap        ] GC(1337) Humongous regions: 4->4
[564.713s][info][gc,metaspace   ] GC(1337) Metaspace: 19096K(19328K)->19096K(19328K) NonClass: 16428K(16576K)->16428K(16576K) Class: 2667K(2752K)->2667K(2752K)
[564.713s][info][gc             ] GC(1337) Pause Young (Prepare Mixed) (G1 Evacuation Pause) 705M->386M(978M) 70.055ms
[564.713s][info][gc,cpu         ] GC(1337) User=0.14s Sys=0.00s Real=0.07s
[565.540s][info][gc,start       ] GC(1338) Pause Young (Mixed) (G1 Evacuation Pause)
[565.540s][info][gc,task        ] GC(1338) Using 2 workers of 2 for evacuation
[565.592s][info][gc,phases      ] GC(1338)   Pre Evacuate Collection Set: 0.55ms
[565.592s][info][gc,phases      ] GC(1338)   Merge Heap Roots: 0.35ms
[565.592s][info][gc,phases      ] GC(1338)   Evacuate Collection Set: 50.17ms
[565.592s][info][gc,phases      ] GC(1338)   Post Evacuate Collection Set: 0.63ms
[565.592s][info][gc,phases      ] GC(1338)   Other: 0.08ms
[565.592s][info][gc,heap        ] GC(1338) Eden regions: 387->0(428)
[565.592s][info][gc,heap        ] GC(1338) Survivor regions: 47->1(55)
[565.592s][info][gc,heap        ] GC(1338) Old regions: 336->351
[565.592s][info][gc,heap        ] GC(1338) Humongous regions: 4->4
[565.592s][info][gc,metaspace   ] GC(1338) Metaspace: 19096K(19328K)->19096K(19328K) NonClass: 16428K(16576K)->16428K(16576K) Class: 2667K(2752K)->2667K(2752K)
[565.592s][info][gc             ] GC(1338) Pause Young (Mixed) (G1 Evacuation Pause) 773M->355M(978M) 52.053ms
[565.592s][info][gc,cpu         ] GC(1338) User=0.10s Sys=0.00s Real=0.05s
[566.165s][info][gc,start       ] GC(1339) Pause Young (Concurrent Start) (G1 Evacuation Pause)
[566.165s][info][gc,task        ] GC(1339) Using 2 workers of 2 for evacuation
[566.257s][info][gc,phases      ] GC(1339)   Pre Evacuate Collection Set: 0.33ms
[566.257s][info][gc,phases      ] GC(1339)   Merge Heap Roots: 0.43ms
[566.257s][info][gc,phases      ] GC(1339)   Evacuate Collection Set: 89.49ms
[566.257s][info][gc,phases      ] GC(1339)   Post Evacuate Collection Set: 0.91ms
[566.257s][info][gc,phases      ] GC(1339)   Other: 0.17ms
[566.257s][info][gc,heap        ] GC(1339) Eden regions: 428->0(352)
[566.257s][info][gc,heap        ] GC(1339) Survivor regions: 1->54(54)
[566.257s][info][gc,heap        ] GC(1339) Old regions: 351->387
[566.257s][info][gc,heap        ] GC(1339) Humongous regions: 4->4
[566.257s][info][gc,metaspace   ] GC(1339) Metaspace: 19097K(19328K)->19097K(19328K) NonClass: 16430K(16576K)->16430K(16576K) Class: 2667K(2752K)->2667K(2752K)
[566.257s][info][gc             ] GC(1339) Pause Young (Concurrent Start) (G1 Evacuation Pause) 783M->444M(978M) 91.524ms
[566.257s][info][gc,cpu         ] GC(1339) User=0.18s Sys=0.00s Real=0.09s
[566.257s][info][gc             ] GC(1340) Concurrent Mark Cycle
[566.257s][info][gc,marking     ] GC(1340) Concurrent Scan Root Regions
[566.346s][info][gc,marking     ] GC(1340) Concurrent Scan Root Regions 88.777ms
[566.346s][info][gc,marking     ] GC(1340) Concurrent Mark
[566.346s][info][gc,marking     ] GC(1340) Concurrent Mark From Roots
[566.346s][info][gc,task        ] GC(1340) Using 1 workers of 1 for marking
[566.701s][info][gc,start       ] GC(1341) Pause Young (Normal) (G1 Evacuation Pause)
[566.701s][info][gc,task        ] GC(1341) Using 2 workers of 2 for evacuation
[566.821s][info][gc,phases      ] GC(1341)   Pre Evacuate Collection Set: 0.55ms
[566.821s][info][gc,phases      ] GC(1341)   Merge Heap Roots: 0.61ms
[566.821s][info][gc,phases      ] GC(1341)   Evacuate Collection Set: 118.18ms
[566.821s][info][gc,phases      ] GC(1341)   Post Evacuate Collection Set: 0.74ms
[566.821s][info][gc,phases      ] GC(1341)   Other: 0.12ms
[566.821s][info][gc,heap        ] GC(1341) Eden regions: 352->0(320)
[566.821s][info][gc,heap        ] GC(1341) Survivor regions: 54->50(51)
[566.821s][info][gc,heap        ] GC(1341) Old regions: 387->442
[566.821s][info][gc,heap        ] GC(1341) Humongous regions: 7->7
[566.821s][info][gc,metaspace   ] GC(1341) Metaspace: 19097K(19328K)->19097K(19328K) NonClass: 16430K(16576K)->16430K(16576K) Class: 2667K(2752K)->2667K(2752K)
[566.821s][info][gc             ] GC(1341) Pause Young (Normal) (G1 Evacuation Pause) 799M->497M(978M) 120.470ms
[566.821s][info][gc,cpu         ] GC(1341) User=0.24s Sys=0.00s Real=0.12s
[567.267s][info][gc,start       ] GC(1342) Pause Young (Normal) (G1 Evacuation Pause)
[567.268s][info][gc,task        ] GC(1342) Using 2 workers of 2 for evacuation
[567.378s][info][gc,phases      ] GC(1342)   Pre Evacuate Collection Set: 0.53ms
[567.378s][info][gc,phases      ] GC(1342)   Merge Heap Roots: 0.37ms
[567.378s][info][gc,phases      ] GC(1342)   Evacuate Collection Set: 109.11ms
[567.378s][info][gc,phases      ] GC(1342)   Post Evacuate Collection Set: 0.68ms
[567.378s][info][gc,phases      ] GC(1342)   Other: 0.11ms
[567.378s][info][gc,heap        ] GC(1342) Eden regions: 320->0(287)
[567.378s][info][gc,heap        ] GC(1342) Survivor regions: 50->47(47)
[567.379s][info][gc,heap        ] GC(1342) Old regions: 442->491
[567.379s][info][gc,heap        ] GC(1342) Humongous regions: 8->8
[567.379s][info][gc,metaspace   ] GC(1342) Metaspace: 19097K(19328K)->19097K(19328K) NonClass: 16430K(16576K)->16430K(16576K) Class: 2667K(2752K)->2667K(2752K)
[567.379s][info][gc             ] GC(1342) Pause Young (Normal) (G1 Evacuation Pause) 818M->545M(978M) 111.067ms
[567.379s][info][gc,cpu         ] GC(1342) User=0.22s Sys=0.00s Real=0.11s
[567.449s][info][gc,marking     ] GC(1340) Concurrent Mark From Roots 1102.982ms
[567.449s][info][gc,marking     ] GC(1340) Concurrent Preclean
[567.449s][info][gc,marking     ] GC(1340) Concurrent Preclean 0.039ms
[567.449s][info][gc,start       ] GC(1340) Pause Remark
[567.457s][info][gc             ] GC(1340) Pause Remark 597M->591M(978M) 7.724ms
[567.457s][info][gc,cpu         ] GC(1340) User=0.01s Sys=0.00s Real=0.01s
[567.458s][info][gc,marking     ] GC(1340) Concurrent Mark 1111.845ms
[567.458s][info][gc,marking     ] GC(1340) Concurrent Rebuild Remembered Sets and Scrub Regions
[567.680s][info][gc,start       ] GC(1343) Pause Young (Normal) (G1 Evacuation Pause)
[567.680s][info][gc,task        ] GC(1343) Using 2 workers of 2 for evacuation
[567.755s][info][gc,phases      ] GC(1343)   Pre Evacuate Collection Set: 0.28ms
[567.755s][info][gc,phases      ] GC(1343)   Merge Heap Roots: 0.30ms
[567.755s][info][gc,phases      ] GC(1343)   Evacuate Collection Set: 73.18ms
[567.755s][info][gc,phases      ] GC(1343)   Post Evacuate Collection Set: 0.52ms
[567.755s][info][gc,phases      ] GC(1343)   Other: 0.08ms
[567.755s][info][gc,heap        ] GC(1343) Eden regions: 287->0(289)
[567.755s][info][gc,heap        ] GC(1343) Survivor regions: 47->20(42)
[567.755s][info][gc,heap        ] GC(1343) Old regions: 485->533
[567.755s][info][gc,heap        ] GC(1343) Humongous regions: 8->8
[567.755s][info][gc,metaspace   ] GC(1343) Metaspace: 19097K(19328K)->19097K(19328K) NonClass: 16430K(16576K)->16430K(16576K) Class: 2667K(2752K)->2667K(2752K)
[567.755s][info][gc             ] GC(1343) Pause Young (Normal) (G1 Evacuation Pause) 826M->560M(978M) 74.595ms
[567.755s][info][gc,cpu         ] GC(1343) User=0.15s Sys=0.00s Real=0.08s
[567.970s][info][gc,marking     ] GC(1340) Concurrent Rebuild Remembered Sets and Scrub Regions 512.329ms
[567.970s][info][gc,start       ] GC(1340) Pause Cleanup
[567.970s][info][gc             ] GC(1340) Pause Cleanup 691M->691M(978M) 0.107ms
[567.970s][info][gc,cpu         ] GC(1340) User=0.00s Sys=0.00s Real=0.00s
[567.970s][info][gc,marking     ] GC(1340) Concurrent Clear Claimed Marks
[567.970s][info][gc,marking     ] GC(1340) Concurrent Clear Claimed Marks 0.042ms
[567.970s][info][gc,marking     ] GC(1340) Concurrent Cleanup for Next Mark
[567.973s][info][gc,marking     ] GC(1340) Concurrent Cleanup for Next Mark 2.863ms
[567.973s][info][gc             ] GC(1340) Concurrent Mark Cycle 1716.397ms
[568.167s][info][gc,start       ] GC(1344) Pause Young (Prepare Mixed) (G1 Evacuation Pause)
[568.167s][info][gc,task        ] GC(1344) Using 2 workers of 2 for evacuation
[568.207s][info][gc,phases      ] GC(1344)   Pre Evacuate Collection Set: 0.29ms
[568.207s][info][gc,phases      ] GC(1344)   Merge Heap Roots: 0.33ms
[568.207s][info][gc,phases      ] GC(1344)   Evacuate Collection Set: 38.03ms
[568.207s][info][gc,phases      ] GC(1344)   Post Evacuate Collection Set: 0.54ms
[568.207s][info][gc,phases      ] GC(1344)   Other: 0.12ms
[568.207s][info][gc,heap        ] GC(1344) Eden regions: 289->0(294)
[568.207s][info][gc,heap        ] GC(1344) Survivor regions: 20->31(39)
[568.207s][info][gc,heap        ] GC(1344) Old regions: 533->533
[568.207s][info][gc,heap        ] GC(1344) Humongous regions: 8->8
[568.207s][info][gc,metaspace   ] GC(1344) Metaspace: 19097K(19328K)->19097K(19328K) NonClass: 16430K(16576K)->16430K(16576K) Class: 2667K(2752K)->2667K(2752K)
[568.207s][info][gc             ] GC(1344) Pause Young (Prepare Mixed) (G1 Evacuation Pause) 849M->571M(978M) 39.570ms
[568.207s][info][gc,cpu         ] GC(1344) User=0.07s Sys=0.00s Real=0.04s
[568.622s][info][gc,start       ] GC(1345) Pause Young (Mixed) (G1 Evacuation Pause)
[568.622s][info][gc,task        ] GC(1345) Using 2 workers of 2 for evacuation
[568.700s][info][gc,phases      ] GC(1345)   Pre Evacuate Collection Set: 0.33ms
[568.700s][info][gc,phases      ] GC(1345)   Merge Heap Roots: 0.45ms
[568.700s][info][gc,phases      ] GC(1345)   Evacuate Collection Set: 76.85ms
[568.700s][info][gc,phases      ] GC(1345)   Post Evacuate Collection Set: 0.68ms
[568.700s][info][gc,phases      ] GC(1345)   Other: 0.08ms
[568.700s][info][gc,heap        ] GC(1345) Eden regions: 294->0(276)
[568.700s][info][gc,heap        ] GC(1345) Survivor regions: 31->41(41)
[568.700s][info][gc,heap        ] GC(1345) Old regions: 533->547
[568.700s][info][gc,heap        ] GC(1345) Humongous regions: 8->8
[568.700s][info][gc,metaspace   ] GC(1345) Metaspace: 19097K(19328K)->19097K(19328K) NonClass: 16430K(16576K)->16430K(16576K) Class: 2667K(2752K)->2667K(2752K)
[568.700s][info][gc             ] GC(1345) Pause Young (Mixed) (G1 Evacuation Pause) 865M->595M(978M) 78.641ms
[568.700s][info][gc,cpu         ] GC(1345) User=0.15s Sys=0.01s Real=0.08s
[568.984s][info][gc,start       ] GC(1346) Pause Young (Concurrent Start) (G1 Evacuation Pause)
[568.984s][info][gc,task        ] GC(1346) Using 2 workers of 2 for evacuation
[569.097s][info][gc,phases      ] GC(1346)   Pre Evacuate Collection Set: 0.37ms
[569.097s][info][gc,phases      ] GC(1346)   Merge Heap Roots: 0.25ms
[569.097s][info][gc,phases      ] GC(1346)   Evacuate Collection Set: 107.95ms
[569.097s][info][gc,phases      ] GC(1346)   Post Evacuate Collection Set: 3.44ms
[569.097s][info][gc,phases      ] GC(1346)   Other: 0.22ms
[569.097s][info][gc,heap        ] GC(1346) Eden regions: 276->0(180)
[569.097s][info][gc,heap        ] GC(1346) Survivor regions: 41->40(40)
[569.097s][info][gc,heap        ] GC(1346) Old regions: 547->660
[569.097s][info][gc,heap        ] GC(1346) Humongous regions: 8->8
[569.097s][info][gc,metaspace   ] GC(1346) Metaspace: 19097K(19328K)->19097K(19328K) NonClass: 16430K(16576K)->16430K(16576K) Class: 2667K(2752K)->2667K(2752K)
[569.097s][info][gc             ] GC(1346) Pause Young (Concurrent Start) (G1 Evacuation Pause) (Evacuation Failure: Allocation) 871M->707M(978M) 112.494ms
[569.097s][info][gc,cpu         ] GC(1346) User=0.22s Sys=0.00s Real=0.11s
[569.097s][info][gc             ] GC(1347) Concurrent Mark Cycle
[569.099s][info][gc,marking     ] GC(1347) Concurrent Scan Root Regions
[569.214s][info][gc,marking     ] GC(1347) Concurrent Scan Root Regions 114.591ms
[569.214s][info][gc,marking     ] GC(1347) Concurrent Mark
[569.214s][info][gc,marking     ] GC(1347) Concurrent Mark From Roots
[569.214s][info][gc,task        ] GC(1347) Using 1 workers of 1 for marking
[569.496s][info][gc,start       ] GC(1348) Pause Young (Normal) (G1 Evacuation Pause)
[569.496s][info][gc,task        ] GC(1348) Using 2 workers of 2 for evacuation
[569.590s][info][gc,phases      ] GC(1348)   Pre Evacuate Collection Set: 0.57ms
[569.590s][info][gc,phases      ] GC(1348)   Merge Heap Roots: 0.47ms
[569.590s][info][gc,phases      ] GC(1348)   Evacuate Collection Set: 92.02ms
[569.590s][info][gc,phases      ] GC(1348)   Post Evacuate Collection Set: 0.62ms
[569.590s][info][gc,phases      ] GC(1348)   Other: 0.11ms
[569.590s][info][gc,heap        ] GC(1348) Eden regions: 180->0(182)
[569.590s][info][gc,heap        ] GC(1348) Survivor regions: 40->28(28)
[569.590s][info][gc,heap        ] GC(1348) Old regions: 660->664
[569.590s][info][gc,heap        ] GC(1348) Humongous regions: 11->11
[569.590s][info][gc,metaspace   ] GC(1348) Metaspace: 19097K(19328K)->19097K(19328K) NonClass: 16430K(16576K)->16430K(16576K) Class: 2667K(2752K)->2667K(2752K)
[569.590s][info][gc             ] GC(1348) Pause Young (Normal) (G1 Evacuation Pause) 890M->702M(978M) 94.055ms
[569.590s][info][gc,cpu         ] GC(1348) User=0.18s Sys=0.00s Real=0.09s
[569.962s][info][gc,start       ] GC(1349) Pause Young (Normal) (G1 Evacuation Pause)
[569.962s][info][gc,task        ] GC(1349) Using 2 workers of 2 for evacuation
[570.029s][info][gc,phases      ] GC(1349)   Pre Evacuate Collection Set: 0.30ms
[570.029s][info][gc,phases      ] GC(1349)   Merge Heap Roots: 0.32ms
[570.029s][info][gc,phases      ] GC(1349)   Evacuate Collection Set: 65.41ms
[570.029s][info][gc,phases      ] GC(1349)   Post Evacuate Collection Set: 0.48ms
[570.029s][info][gc,phases      ] GC(1349)   Other: 0.07ms
[570.029s][info][gc,heap        ] GC(1349) Eden regions: 182->0(165)
[570.029s][info][gc,heap        ] GC(1349) Survivor regions: 28->26(27)
[570.029s][info][gc,heap        ] GC(1349) Old regions: 664->693
[570.029s][info][gc,heap        ] GC(1349) Humongous regions: 11->11
[570.029s][info][gc,metaspace   ] GC(1349) Metaspace: 19097K(19328K)->19097K(19328K) NonClass: 16430K(16576K)->16430K(16576K) Class: 2667K(2752K)->2667K(2752K)
[570.029s][info][gc             ] GC(1349) Pause Young (Normal) (G1 Evacuation Pause) 884M->729M(978M) 66.817ms
[570.029s][info][gc,cpu         ] GC(1349) User=0.13s Sys=0.00s Real=0.07s
[570.272s][info][gc,start       ] GC(1350) Pause Young (Normal) (G1 Evacuation Pause)
[570.272s][info][gc,task        ] GC(1350) Using 2 workers of 2 for evacuation
[570.301s][info][gc,phases      ] GC(1350)   Pre Evacuate Collection Set: 0.30ms
[570.301s][info][gc,phases      ] GC(1350)   Merge Heap Roots: 0.18ms
[570.301s][info][gc,phases      ] GC(1350)   Evacuate Collection Set: 27.92ms
[570.301s][info][gc,phases      ] GC(1350)   Post Evacuate Collection Set: 0.39ms
[570.301s][info][gc,phases      ] GC(1350)   Other: 0.07ms
[570.301s][info][gc,heap        ] GC(1350) Eden regions: 165->0(177)
[570.301s][info][gc,heap        ] GC(1350) Survivor regions: 26->1(24)
[570.301s][info][gc,heap        ] GC(1350) Old regions: 693->718
[570.301s][info][gc,heap        ] GC(1350) Humongous regions: 11->11
[570.301s][info][gc,metaspace   ] GC(1350) Metaspace: 19097K(19328K)->19097K(19328K) NonClass: 16430K(16576K)->16430K(16576K) Class: 2667K(2752K)->2667K(2752K)
[570.301s][info][gc             ] GC(1350) Pause Young (Normal) (G1 Evacuation Pause) 894M->729M(978M) 29.065ms
[570.301s][info][gc,cpu         ] GC(1350) User=0.06s Sys=0.00s Real=0.03s
[570.417s][info][gc,marking     ] GC(1347) Concurrent Mark From Roots 1203.576ms
[570.417s][info][gc,marking     ] GC(1347) Concurrent Preclean
[570.417s][info][gc,marking     ] GC(1347) Concurrent Preclean 0.042ms
[570.417s][info][gc,start       ] GC(1347) Pause Remark
[570.425s][info][gc             ] GC(1347) Pause Remark 810M->709M(978M) 7.910ms
[570.425s][info][gc,cpu         ] GC(1347) User=0.02s Sys=0.00s Real=0.01s
[570.426s][info][gc,marking     ] GC(1347) Concurrent Mark 1212.676ms
[570.426s][info][gc,marking     ] GC(1347) Concurrent Rebuild Remembered Sets and Scrub Regions
[570.580s][info][gc,start       ] GC(1351) Pause Young (Normal) (G1 Evacuation Pause)
[570.580s][info][gc,task        ] GC(1351) Using 2 workers of 2 for evacuation
[570.592s][info][gc,phases      ] GC(1351)   Pre Evacuate Collection Set: 0.50ms
[570.592s][info][gc,phases      ] GC(1351)   Merge Heap Roots: 0.19ms
[570.592s][info][gc,phases      ] GC(1351)   Evacuate Collection Set: 10.90ms
[570.592s][info][gc,phases      ] GC(1351)   Post Evacuate Collection Set: 0.38ms
[570.592s][info][gc,phases      ] GC(1351)   Other: 0.08ms
[570.592s][info][gc,heap        ] GC(1351) Eden regions: 177->0(244)
[570.592s][info][gc,heap        ] GC(1351) Survivor regions: 1->6(23)
[570.592s][info][gc,heap        ] GC(1351) Old regions: 620->620
[570.592s][info][gc,heap        ] GC(1351) Humongous regions: 8->8
[570.592s][info][gc,metaspace   ] GC(1351) Metaspace: 19097K(19328K)->19097K(19328K) NonClass: 16430K(16576K)->16430K(16576K) Class: 2667K(2752K)->2667K(2752K)
[570.592s][info][gc             ] GC(1351) Pause Young (Normal) (G1 Evacuation Pause) 805M->633M(978M) 12.248ms
[570.592s][info][gc,cpu         ] GC(1351) User=0.03s Sys=0.00s Real=0.01s
[570.974s][info][gc,marking     ] GC(1347) Concurrent Rebuild Remembered Sets and Scrub Regions 547.694ms
[570.974s][info][gc,start       ] GC(1347) Pause Cleanup
[570.974s][info][gc             ] GC(1347) Pause Cleanup 808M->808M(978M) 0.169ms
[570.974s][info][gc,cpu         ] GC(1347) User=0.00s Sys=0.00s Real=0.00s
[570.975s][info][gc,marking     ] GC(1347) Concurrent Clear Claimed Marks
[570.975s][info][gc,marking     ] GC(1347) Concurrent Clear Claimed Marks 0.043ms
[570.975s][info][gc,marking     ] GC(1347) Concurrent Cleanup for Next Mark
[570.978s][info][gc,marking     ] GC(1347) Concurrent Cleanup for Next Mark 2.907ms
[570.978s][info][gc             ] GC(1347) Concurrent Mark Cycle 1881.068ms
[571.198s][info][gc,start       ] GC(1352) Pause Young (Prepare Mixed) (G1 Evacuation Pause)
[571.198s][info][gc,task        ] GC(1352) Using 2 workers of 2 for evacuation
[571.248s][info][gc,phases      ] GC(1352)   Pre Evacuate Collection Set: 0.32ms
[571.248s][info][gc,phases      ] GC(1352)   Merge Heap Roots: 0.53ms
[571.248s][info][gc,phases      ] GC(1352)   Evacuate Collection Set: 49.06ms
[571.248s][info][gc,phases      ] GC(1352)   Post Evacuate Collection Set: 0.52ms
[571.248s][info][gc,phases      ] GC(1352)   Other: 0.10ms
[571.248s][info][gc,heap        ] GC(1352) Eden regions: 244->0(227)
[571.248s][info][gc,heap        ] GC(1352) Survivor regions: 6->32(32)
[571.248s][info][gc,heap        ] GC(1352) Old regions: 620->621
[571.248s][info][gc,heap        ] GC(1352) Humongous regions: 8->8
[571.248s][info][gc,metaspace   ] GC(1352) Metaspace: 19097K(19328K)->19097K(19328K) NonClass: 16430K(16576K)->16430K(16576K) Class: 2667K(2752K)->2667K(2752K)
[571.248s][info][gc             ] GC(1352) Pause Young (Prepare Mixed) (G1 Evacuation Pause) 877M->660M(978M) 50.786ms
[571.248s][info][gc,cpu         ] GC(1352) User=0.10s Sys=0.00s Real=0.05s
[571.481s][info][gc,start       ] GC(1353) Pause Young (Mixed) (G1 Evacuation Pause)
[571.481s][info][gc,task        ] GC(1353) Using 2 workers of 2 for evacuation
[571.600s][info][gc,phases      ] GC(1353)   Pre Evacuate Collection Set: 0.55ms
[571.600s][info][gc,phases      ] GC(1353)   Merge Heap Roots: 0.74ms
[571.600s][info][gc,phases      ] GC(1353)   Evacuate Collection Set: 112.88ms
[571.600s][info][gc,phases      ] GC(1353)   Post Evacuate Collection Set: 4.78ms
[571.600s][info][gc,phases      ] GC(1353)   Other: 0.10ms
[571.600s][info][gc,heap        ] GC(1353) Eden regions: 227->0(182)
[571.600s][info][gc,heap        ] GC(1353) Survivor regions: 32->33(33)
[571.600s][info][gc,heap        ] GC(1353) Old regions: 621->670
[571.600s][info][gc,heap        ] GC(1353) Humongous regions: 8->8
[571.600s][info][gc,metaspace   ] GC(1353) Metaspace: 19097K(19328K)->19097K(19328K) NonClass: 16430K(16576K)->16430K(16576K) Class: 2667K(2752K)->2667K(2752K)
[571.601s][info][gc             ] GC(1353) Pause Young (Mixed) (G1 Evacuation Pause) (Evacuation Failure: Allocation) 887M->710M(978M) 119.297ms
[571.601s][info][gc,cpu         ] GC(1353) User=0.23s Sys=0.00s Real=0.12s
[571.883s][info][gc,start       ] GC(1354) Pause Young (Concurrent Start) (G1 Evacuation Pause)
[571.883s][info][gc,task        ] GC(1354) Using 2 workers of 2 for evacuation
[571.942s][info][gc,phases      ] GC(1354)   Pre Evacuate Collection Set: 0.39ms
[571.942s][info][gc,phases      ] GC(1354)   Merge Heap Roots: 0.41ms
[571.942s][info][gc,phases      ] GC(1354)   Evacuate Collection Set: 57.27ms
[571.942s][info][gc,phases      ] GC(1354)   Post Evacuate Collection Set: 0.64ms
[571.942s][info][gc,phases      ] GC(1354)   Other: 0.11ms
[571.942s][info][gc,heap        ] GC(1354) Eden regions: 182->0(204)
[571.942s][info][gc,heap        ] GC(1354) Survivor regions: 33->14(27)
[571.942s][info][gc,heap        ] GC(1354) Old regions: 670->666
[571.942s][info][gc,heap        ] GC(1354) Humongous regions: 8->8
[571.942s][info][gc,metaspace   ] GC(1354) Metaspace: 19097K(19328K)->19097K(19328K) NonClass: 16430K(16576K)->16430K(16576K) Class: 2667K(2752K)->2667K(2752K)
[571.942s][info][gc             ] GC(1354) Pause Young (Concurrent Start) (G1 Evacuation Pause) 892M->687M(978M) 59.077ms
[571.942s][info][gc,cpu         ] GC(1354) User=0.11s Sys=0.00s Real=0.06s
[571.942s][info][gc             ] GC(1355) Concurrent Mark Cycle
[571.942s][info][gc,marking     ] GC(1355) Concurrent Scan Root Regions
[572.004s][info][gc,marking     ] GC(1355) Concurrent Scan Root Regions 61.959ms
[572.004s][info][gc,marking     ] GC(1355) Concurrent Mark
[572.004s][info][gc,marking     ] GC(1355) Concurrent Mark From Roots
[572.004s][info][gc,task        ] GC(1355) Using 1 workers of 1 for marking
[572.312s][info][gc,start       ] GC(1356) Pause Young (Normal) (G1 Evacuation Pause)
[572.312s][info][gc,task        ] GC(1356) Using 2 workers of 2 for evacuation
[572.392s][info][gc,phases      ] GC(1356)   Pre Evacuate Collection Set: 0.54ms
[572.392s][info][gc,phases      ] GC(1356)   Merge Heap Roots: 0.36ms
[572.392s][info][gc,phases      ] GC(1356)   Evacuate Collection Set: 78.62ms
[572.392s][info][gc,phases      ] GC(1356)   Post Evacuate Collection Set: 0.61ms
[572.392s][info][gc,phases      ] GC(1356)   Other: 0.10ms
[572.392s][info][gc,heap        ] GC(1356) Eden regions: 204->0(158)
[572.392s][info][gc,heap        ] GC(1356) Survivor regions: 14->28(28)
[572.392s][info][gc,heap        ] GC(1356) Old regions: 666->701
[572.392s][info][gc,heap        ] GC(1356) Humongous regions: 11->11
[572.392s][info][gc,metaspace   ] GC(1356) Metaspace: 19097K(19328K)->19097K(19328K) NonClass: 16430K(16576K)->16430K(16576K) Class: 2667K(2752K)->2667K(2752K)
[572.392s][info][gc             ] GC(1356) Pause Young (Normal) (G1 Evacuation Pause) 894M->739M(978M) 80.455ms
[572.392s][info][gc,cpu         ] GC(1356) User=0.16s Sys=0.00s Real=0.08s
[572.621s][info][gc,start       ] GC(1357) Pause Young (Normal) (G1 Evacuation Pause)
[572.621s][info][gc,task        ] GC(1357) Using 2 workers of 2 for evacuation
[572.673s][info][gc,phases      ] GC(1357)   Pre Evacuate Collection Set: 0.29ms
[572.673s][info][gc,phases      ] GC(1357)   Merge Heap Roots: 0.47ms
[572.673s][info][gc,phases      ] GC(1357)   Evacuate Collection Set: 50.09ms
[572.673s][info][gc,phases      ] GC(1357)   Post Evacuate Collection Set: 0.39ms
[572.673s][info][gc,phases      ] GC(1357)   Other: 0.08ms
[572.673s][info][gc,heap        ] GC(1357) Eden regions: 158->0(161)
[572.673s][info][gc,heap        ] GC(1357) Survivor regions: 28->6(24)
[572.673s][info][gc,heap        ] GC(1357) Old regions: 701->730
[572.673s][info][gc,heap        ] GC(1357) Humongous regions: 11->11
[572.673s][info][gc,metaspace   ] GC(1357) Metaspace: 19097K(19328K)->19097K(19328K) NonClass: 16430K(16576K)->16430K(16576K) Class: 2667K(2752K)->2667K(2752K)
[572.673s][info][gc             ] GC(1357) Pause Young (Normal) (G1 Evacuation Pause) 897M->745M(978M) 51.580ms
[572.673s][info][gc,cpu         ] GC(1357) User=0.10s Sys=0.00s Real=0.05s
[572.968s][info][gc,start       ] GC(1358) Pause Young (Normal) (G1 Evacuation Pause)
[572.968s][info][gc,task        ] GC(1358) Using 2 workers of 2 for evacuation
[572.982s][info][gc,phases      ] GC(1358)   Pre Evacuate Collection Set: 0.56ms
[572.982s][info][gc,phases      ] GC(1358)   Merge Heap Roots: 0.20ms
[572.982s][info][gc,phases      ] GC(1358)   Evacuate Collection Set: 12.60ms
[572.982s][info][gc,phases      ] GC(1358)   Post Evacuate Collection Set: 0.38ms
[572.982s][info][gc,phases      ] GC(1358)   Other: 0.10ms
[572.982s][info][gc,heap        ] GC(1358) Eden regions: 161->0(169)
[572.982s][info][gc,heap        ] GC(1358) Survivor regions: 6->7(21)
[572.982s][info][gc,heap        ] GC(1358) Old regions: 730->730
[572.982s][info][gc,heap        ] GC(1358) Humongous regions: 11->11
[572.982s][info][gc,metaspace   ] GC(1358) Metaspace: 19097K(19328K)->19097K(19328K) NonClass: 16430K(16576K)->16430K(16576K) Class: 2667K(2752K)->2667K(2752K)
[572.982s][info][gc             ] GC(1358) Pause Young (Normal) (G1 Evacuation Pause) 906M->747M(978M) 14.064ms
[572.982s][info][gc,cpu         ] GC(1358) User=0.02s Sys=0.00s Real=0.01s
[573.310s][info][gc,start       ] GC(1359) Pause Young (Normal) (G1 Evacuation Pause)
[573.310s][info][gc,task        ] GC(1359) Using 2 workers of 2 for evacuation
[573.334s][info][gc,phases      ] GC(1359)   Pre Evacuate Collection Set: 0.30ms
[573.334s][info][gc,phases      ] GC(1359)   Merge Heap Roots: 0.24ms
[573.334s][info][gc,phases      ] GC(1359)   Evacuate Collection Set: 22.31ms
[573.334s][info][gc,phases      ] GC(1359)   Post Evacuate Collection Set: 0.43ms
[573.334s][info][gc,phases      ] GC(1359)   Other: 0.10ms
[573.334s][info][gc,heap        ] GC(1359) Eden regions: 169->0(149)
[573.334s][info][gc,heap        ] GC(1359) Survivor regions: 7->19(22)
[573.334s][info][gc,heap        ] GC(1359) Old regions: 730->730
[573.334s][info][gc,heap        ] GC(1359) Humongous regions: 11->11
[573.334s][info][gc,metaspace   ] GC(1359) Metaspace: 19097K(19328K)->19097K(19328K) NonClass: 16430K(16576K)->16430K(16576K) Class: 2667K(2752K)->2667K(2752K)
[573.334s][info][gc             ] GC(1359) Pause Young (Normal) (G1 Evacuation Pause) 916M->758M(978M) 23.611ms
[573.334s][info][gc,cpu         ] GC(1359) User=0.04s Sys=0.00s Real=0.03s
[573.398s][info][gc,marking     ] GC(1355) Concurrent Mark From Roots 1393.685ms
[573.398s][info][gc,marking     ] GC(1355) Concurrent Preclean
[573.398s][info][gc,marking     ] GC(1355) Concurrent Preclean 0.042ms
[573.398s][info][gc,start       ] GC(1355) Pause Remark
[573.406s][info][gc             ] GC(1355) Pause Remark 785M->590M(978M) 7.915ms
[573.406s][info][gc,cpu         ] GC(1355) User=0.01s Sys=0.00s Real=0.01s
[573.408s][info][gc,marking     ] GC(1355) Concurrent Mark 1403.940ms
[573.408s][info][gc,marking     ] GC(1355) Concurrent Rebuild Remembered Sets and Scrub Regions
[573.713s][info][gc,start       ] GC(1360) Pause Young (Normal) (G1 Evacuation Pause)
[573.713s][info][gc,task        ] GC(1360) Using 2 workers of 2 for evacuation
[573.756s][info][gc,phases      ] GC(1360)   Pre Evacuate Collection Set: 0.50ms
[573.756s][info][gc,phases      ] GC(1360)   Merge Heap Roots: 0.55ms
[573.756s][info][gc,phases      ] GC(1360)   Evacuate Collection Set: 40.95ms
[573.756s][info][gc,phases      ] GC(1360)   Post Evacuate Collection Set: 0.39ms
[573.756s][info][gc,phases      ] GC(1360)   Other: 0.09ms
[573.756s][info][gc,heap        ] GC(1360) Eden regions: 149->0(276)
[573.756s][info][gc,heap        ] GC(1360) Survivor regions: 19->18(21)
[573.756s][info][gc,heap        ] GC(1360) Old regions: 539->557
[573.756s][info][gc,heap        ] GC(1360) Humongous regions: 7->7
[573.756s][info][gc,metaspace   ] GC(1360) Metaspace: 19097K(19328K)->19097K(19328K) NonClass: 16430K(16576K)->16430K(16576K) Class: 2667K(2752K)->2667K(2752K)
[573.756s][info][gc             ] GC(1360) Pause Young (Normal) (G1 Evacuation Pause) 712M->581M(978M) 42.723ms
[573.756s][info][gc,cpu         ] GC(1360) User=0.08s Sys=0.00s Real=0.04s
[573.940s][info][gc,marking     ] GC(1355) Concurrent Rebuild Remembered Sets and Scrub Regions 531.643ms
[573.940s][info][gc,start       ] GC(1355) Pause Cleanup
[573.940s][info][gc             ] GC(1355) Pause Cleanup 622M->622M(978M) 0.134ms
[573.940s][info][gc,cpu         ] GC(1355) User=0.00s Sys=0.00s Real=0.00s
[573.941s][info][gc,marking     ] GC(1355) Concurrent Clear Claimed Marks
[573.941s][info][gc,marking     ] GC(1355) Concurrent Clear Claimed Marks 0.065ms
[573.941s][info][gc,marking     ] GC(1355) Concurrent Cleanup for Next Mark
[573.946s][info][gc,marking     ] GC(1355) Concurrent Cleanup for Next Mark 4.885ms
[573.946s][info][gc             ] GC(1355) Concurrent Mark Cycle 2003.980ms
[574.518s][info][gc,start       ] GC(1361) Pause Young (Prepare Mixed) (G1 Evacuation Pause)
[574.519s][info][gc,task        ] GC(1361) Using 2 workers of 2 for evacuation
[574.549s][info][gc,phases      ] GC(1361)   Pre Evacuate Collection Set: 0.55ms
[574.549s][info][gc,phases      ] GC(1361)   Merge Heap Roots: 0.48ms
[574.549s][info][gc,phases      ] GC(1361)   Evacuate Collection Set: 28.52ms
[574.549s][info][gc,phases      ] GC(1361)   Post Evacuate Collection Set: 0.53ms
[574.549s][info][gc,phases      ] GC(1361)   Other: 0.09ms
[574.549s][info][gc,heap        ] GC(1361) Eden regions: 276->0(296)
[574.549s][info][gc,heap        ] GC(1361) Survivor regions: 18->18(37)
[574.549s][info][gc,heap        ] GC(1361) Old regions: 557->557
[574.549s][info][gc,heap        ] GC(1361) Humongous regions: 7->7
[574.549s][info][gc,metaspace   ] GC(1361) Metaspace: 19097K(19328K)->19097K(19328K) NonClass: 16430K(16576K)->16430K(16576K) Class: 2667K(2752K)->2667K(2752K)
[574.549s][info][gc             ] GC(1361) Pause Young (Prepare Mixed) (G1 Evacuation Pause) 857M->581M(978M) 30.480ms
[574.549s][info][gc,cpu         ] GC(1361) User=0.06s Sys=0.00s Real=0.03s
[574.872s][info][gc,start       ] GC(1362) Pause Young (Mixed) (G1 Evacuation Pause)
[574.872s][info][gc,task        ] GC(1362) Using 2 workers of 2 for evacuation
[574.955s][info][gc,phases      ] GC(1362)   Pre Evacuate Collection Set: 0.54ms
[574.955s][info][gc,phases      ] GC(1362)   Merge Heap Roots: 0.21ms
[574.955s][info][gc,phases      ] GC(1362)   Evacuate Collection Set: 81.35ms
[574.955s][info][gc,phases      ] GC(1362)   Post Evacuate Collection Set: 0.86ms
[574.955s][info][gc,phases      ] GC(1362)   Other: 0.10ms
[574.955s][info][gc,heap        ] GC(1362) Eden regions: 296->0(227)
[574.955s][info][gc,heap        ] GC(1362) Survivor regions: 18->40(40)
[574.955s][info][gc,heap        ] GC(1362) Old regions: 557->586
[574.955s][info][gc,heap        ] GC(1362) Humongous regions: 7->7
[574.955s][info][gc,metaspace   ] GC(1362) Metaspace: 19097K(19328K)->19097K(19328K) NonClass: 16430K(16576K)->16430K(16576K) Class: 2667K(2752K)->2667K(2752K)
[574.955s][info][gc             ] GC(1362) Pause Young (Mixed) (G1 Evacuation Pause) 877M->632M(978M) 83.338ms
[574.955s][info][gc,cpu         ] GC(1362) User=0.16s Sys=0.00s Real=0.09s
[575.246s][info][gc,start       ] GC(1363) Pause Young (Concurrent Start) (G1 Humongous Allocation)
[575.246s][info][gc,task        ] GC(1363) Using 2 workers of 2 for evacuation
[575.314s][info][gc,phases      ] GC(1363)   Pre Evacuate Collection Set: 0.34ms
[575.314s][info][gc,phases      ] GC(1363)   Merge Heap Roots: 0.55ms
[575.314s][info][gc,phases      ] GC(1363)   Evacuate Collection Set: 66.60ms
[575.314s][info][gc,phases      ] GC(1363)   Post Evacuate Collection Set: 0.60ms
[575.314s][info][gc,phases      ] GC(1363)   Other: 0.11ms
[575.314s][info][gc,heap        ] GC(1363) Eden regions: 173->0(228)
[575.314s][info][gc,heap        ] GC(1363) Survivor regions: 40->10(34)
[575.314s][info][gc,heap        ] GC(1363) Old regions: 586->627
[575.314s][info][gc,heap        ] GC(1363) Humongous regions: 7->7
[575.314s][info][gc,metaspace   ] GC(1363) Metaspace: 19097K(19328K)->19097K(19328K) NonClass: 16430K(16576K)->16430K(16576K) Class: 2667K(2752K)->2667K(2752K)
[575.314s][info][gc             ] GC(1363) Pause Young (Concurrent Start) (G1 Humongous Allocation) 805M->642M(978M) 68.454ms
[575.314s][info][gc             ] GC(1364) Concurrent Mark Cycle
[575.314s][info][gc,marking     ] GC(1364) Concurrent Scan Root Regions
[575.315s][info][gc,cpu         ] GC(1363) User=0.13s Sys=0.00s Real=0.07s
[575.389s][info][gc,marking     ] GC(1364) Concurrent Scan Root Regions 74.222ms
[575.389s][info][gc,marking     ] GC(1364) Concurrent Mark
[575.389s][info][gc,marking     ] GC(1364) Concurrent Mark From Roots
[575.389s][info][gc,task        ] GC(1364) Using 1 workers of 1 for marking
[575.751s][info][gc,start       ] GC(1365) Pause Young (Normal) (G1 Evacuation Pause)
[575.751s][info][gc,task        ] GC(1365) Using 2 workers of 2 for evacuation
[575.827s][info][gc,phases      ] GC(1365)   Pre Evacuate Collection Set: 0.29ms
[575.827s][info][gc,phases      ] GC(1365)   Merge Heap Roots: 0.35ms
[575.827s][info][gc,phases      ] GC(1365)   Evacuate Collection Set: 74.79ms
[575.827s][info][gc,phases      ] GC(1365)   Post Evacuate Collection Set: 0.62ms
[575.827s][info][gc,phases      ] GC(1365)   Other: 0.09ms
[575.827s][info][gc,heap        ] GC(1365) Eden regions: 228->0(190)
[575.827s][info][gc,heap        ] GC(1365) Survivor regions: 10->30(30)
[575.827s][info][gc,heap        ] GC(1365) Old regions: 627->652
[575.827s][info][gc,heap        ] GC(1365) Humongous regions: 10->10
[575.827s][info][gc,metaspace   ] GC(1365) Metaspace: 19097K(19328K)->19097K(19328K) NonClass: 16430K(16576K)->16430K(16576K) Class: 2667K(2752K)->2667K(2752K)
[575.827s][info][gc             ] GC(1365) Pause Young (Normal) (G1 Evacuation Pause) 873M->691M(978M) 76.438ms
[575.827s][info][gc,cpu         ] GC(1365) User=0.15s Sys=0.00s Real=0.08s
[576.104s][info][gc,start       ] GC(1366) Pause Young (Normal) (G1 Evacuation Pause)
[576.104s][info][gc,task        ] GC(1366) Using 2 workers of 2 for evacuation
[576.158s][info][gc,phases      ] GC(1366)   Pre Evacuate Collection Set: 0.51ms
[576.158s][info][gc,phases      ] GC(1366)   Merge Heap Roots: 0.45ms
[576.158s][info][gc,phases      ] GC(1366)   Evacuate Collection Set: 52.13ms
[576.158s][info][gc,phases      ] GC(1366)   Post Evacuate Collection Set: 0.44ms
[576.158s][info][gc,phases      ] GC(1366)   Other: 0.09ms
[576.158s][info][gc,heap        ] GC(1366) Eden regions: 190->0(198)
[576.158s][info][gc,heap        ] GC(1366) Survivor regions: 30->5(28)
[576.158s][info][gc,heap        ] GC(1366) Old regions: 652->682
[576.158s][info][gc,heap        ] GC(1366) Humongous regions: 10->10
[576.158s][info][gc,metaspace   ] GC(1366) Metaspace: 19097K(19328K)->19097K(19328K) NonClass: 16430K(16576K)->16430K(16576K) Class: 2667K(2752K)->2667K(2752K)
[576.158s][info][gc             ] GC(1366) Pause Young (Normal) (G1 Evacuation Pause) 881M->696M(978M) 53.838ms
[576.158s][info][gc,cpu         ] GC(1366) User=0.11s Sys=0.00s Real=0.05s
[576.510s][info][gc,start       ] GC(1367) Pause Young (Normal) (G1 Evacuation Pause)
[576.510s][info][gc,task        ] GC(1367) Using 2 workers of 2 for evacuation
[576.527s][info][gc,phases      ] GC(1367)   Pre Evacuate Collection Set: 0.29ms
[576.527s][info][gc,phases      ] GC(1367)   Merge Heap Roots: 0.20ms
[576.527s][info][gc,phases      ] GC(1367)   Evacuate Collection Set: 15.86ms
[576.527s][info][gc,phases      ] GC(1367)   Post Evacuate Collection Set: 0.41ms
[576.527s][info][gc,phases      ] GC(1367)   Other: 0.08ms
[576.527s][info][gc,heap        ] GC(1367) Eden regions: 198->0(206)
[576.527s][info][gc,heap        ] GC(1367) Survivor regions: 5->9(26)
[576.527s][info][gc,heap        ] GC(1367) Old regions: 682->682
[576.527s][info][gc,heap        ] GC(1367) Humongous regions: 10->10
[576.527s][info][gc,metaspace   ] GC(1367) Metaspace: 19097K(19328K)->19097K(19328K) NonClass: 16430K(16576K)->16430K(16576K) Class: 2667K(2752K)->2667K(2752K)
[576.527s][info][gc             ] GC(1367) Pause Young (Normal) (G1 Evacuation Pause) 894M->700M(978M) 17.094ms
[576.527s][info][gc,cpu         ] GC(1367) User=0.03s Sys=0.00s Real=0.02s
[577.081s][info][gc,start       ] GC(1368) Pause Young (Normal) (G1 Evacuation Pause)
[577.081s][info][gc,task        ] GC(1368) Using 2 workers of 2 for evacuation
[577.135s][info][gc,phases      ] GC(1368)   Pre Evacuate Collection Set: 0.31ms
[577.135s][info][gc,phases      ] GC(1368)   Merge Heap Roots: 0.50ms
[577.135s][info][gc,phases      ] GC(1368)   Evacuate Collection Set: 52.83ms
[577.135s][info][gc,phases      ] GC(1368)   Post Evacuate Collection Set: 0.45ms
[577.135s][info][gc,phases      ] GC(1368)   Other: 0.08ms
[577.135s][info][gc,heap        ] GC(1368) Eden regions: 206->0(174)
[577.135s][info][gc,heap        ] GC(1368) Survivor regions: 9->27(27)
[577.135s][info][gc,heap        ] GC(1368) Old regions: 682->690
[577.135s][info][gc,heap        ] GC(1368) Humongous regions: 10->10
[577.135s][info][gc,metaspace   ] GC(1368) Metaspace: 19097K(19328K)->19097K(19328K) NonClass: 16430K(16576K)->16430K(16576K) Class: 2667K(2752K)->2667K(2752K)
[577.135s][info][gc             ] GC(1368) Pause Young (Normal) (G1 Evacuation Pause) 906M->726M(978M) 54.452ms
[577.135s][info][gc,cpu         ] GC(1368) User=0.11s Sys=0.00s Real=0.06s
[577.189s][info][gc,marking     ] GC(1364) Concurrent Mark From Roots 1800.518ms
[577.189s][info][gc,marking     ] GC(1364) Concurrent Preclean
[577.189s][info][gc,marking     ] GC(1364) Concurrent Preclean 0.038ms
[577.189s][info][gc,start       ] GC(1364) Pause Remark
[577.197s][info][gc             ] GC(1364) Pause Remark 739M->724M(978M) 7.726ms
[577.197s][info][gc,cpu         ] GC(1364) User=0.02s Sys=0.00s Real=0.01s
[577.199s][info][gc,marking     ] GC(1364) Concurrent Mark 1810.320ms
[577.199s][info][gc,marking     ] GC(1364) Concurrent Rebuild Remembered Sets and Scrub Regions
[577.758s][info][gc,marking     ] GC(1364) Concurrent Rebuild Remembered Sets and Scrub Regions 559.368ms
[577.759s][info][gc,start       ] GC(1364) Pause Cleanup
[577.759s][info][gc             ] GC(1364) Pause Cleanup 866M->866M(978M) 0.135ms
[577.759s][info][gc,cpu         ] GC(1364) User=0.00s Sys=0.00s Real=0.00s
[577.761s][info][gc,marking     ] GC(1364) Concurrent Clear Claimed Marks
[577.761s][info][gc,marking     ] GC(1364) Concurrent Clear Claimed Marks 0.049ms
[577.761s][info][gc,marking     ] GC(1364) Concurrent Cleanup for Next Mark
[577.764s][info][gc,marking     ] GC(1364) Concurrent Cleanup for Next Mark 2.983ms
[577.764s][info][gc             ] GC(1364) Concurrent Mark Cycle 2449.826ms
[577.783s][info][gc,start       ] GC(1369) Pause Young (Prepare Mixed) (G1 Evacuation Pause)
[577.783s][info][gc,task        ] GC(1369) Using 2 workers of 2 for evacuation
[577.821s][info][gc,phases      ] GC(1369)   Pre Evacuate Collection Set: 0.31ms
[577.821s][info][gc,phases      ] GC(1369)   Merge Heap Roots: 0.25ms
[577.821s][info][gc,phases      ] GC(1369)   Evacuate Collection Set: 37.04ms
[577.821s][info][gc,phases      ] GC(1369)   Post Evacuate Collection Set: 0.46ms
[577.821s][info][gc,phases      ] GC(1369)   Other: 0.08ms
[577.821s][info][gc,heap        ] GC(1369) Eden regions: 174->0(192)
[577.821s][info][gc,heap        ] GC(1369) Survivor regions: 27->10(26)
[577.821s][info][gc,heap        ] GC(1369) Old regions: 676->704
[577.821s][info][gc,heap        ] GC(1369) Humongous regions: 9->9
[577.821s][info][gc,metaspace   ] GC(1369) Metaspace: 19097K(19328K)->19097K(19328K) NonClass: 16430K(16576K)->16430K(16576K) Class: 2667K(2752K)->2667K(2752K)
[577.821s][info][gc             ] GC(1369) Pause Young (Prepare Mixed) (G1 Evacuation Pause) 885M->721M(978M) 38.313ms
[577.821s][info][gc,cpu         ] GC(1369) User=0.08s Sys=0.00s Real=0.03s
[578.062s][info][gc,start       ] GC(1370) Pause Young (Mixed) (G1 Evacuation Pause)
[578.062s][info][gc,task        ] GC(1370) Using 2 workers of 2 for evacuation
[578.076s][info][gc,phases      ] GC(1370)   Pre Evacuate Collection Set: 0.31ms
[578.076s][info][gc,phases      ] GC(1370)   Merge Heap Roots: 0.10ms
[578.076s][info][gc,phases      ] GC(1370)   Evacuate Collection Set: 13.24ms
[578.076s][info][gc,phases      ] GC(1370)   Post Evacuate Collection Set: 0.43ms
[578.076s][info][gc,phases      ] GC(1370)   Other: 0.10ms
[578.076s][info][gc,heap        ] GC(1370) Eden regions: 192->0(198)
[578.077s][info][gc,heap        ] GC(1370) Survivor regions: 10->15(26)
[578.077s][info][gc,heap        ] GC(1370) Old regions: 704->691
[578.077s][info][gc,heap        ] GC(1370) Humongous regions: 9->9
[578.077s][info][gc,metaspace   ] GC(1370) Metaspace: 19097K(19328K)->19097K(19328K) NonClass: 16430K(16576K)->16430K(16576K) Class: 2667K(2752K)->2667K(2752K)
[578.077s][info][gc             ] GC(1370) Pause Young (Mixed) (G1 Evacuation Pause) 913M->714M(978M) 14.410ms
[578.077s][info][gc,cpu         ] GC(1370) User=0.03s Sys=0.00s Real=0.02s
[578.288s][info][gc,start       ] GC(1371) Pause Young (Concurrent Start) (G1 Evacuation Pause)
[578.288s][info][gc,task        ] GC(1371) Using 2 workers of 2 for evacuation
[578.327s][info][gc,phases      ] GC(1371)   Pre Evacuate Collection Set: 0.34ms
[578.327s][info][gc,phases      ] GC(1371)   Merge Heap Roots: 0.11ms
[578.327s][info][gc,phases      ] GC(1371)   Evacuate Collection Set: 38.39ms
[578.327s][info][gc,phases      ] GC(1371)   Post Evacuate Collection Set: 0.53ms
[578.327s][info][gc,phases      ] GC(1371)   Other: 0.11ms
[578.327s][info][gc,heap        ] GC(1371) Eden regions: 198->0(164)
[578.327s][info][gc,heap        ] GC(1371) Survivor regions: 15->27(27)
[578.327s][info][gc,heap        ] GC(1371) Old regions: 691->701
[578.327s][info][gc,heap        ] GC(1371) Humongous regions: 9->9
[578.327s][info][gc,metaspace   ] GC(1371) Metaspace: 19097K(19328K)->19097K(19328K) NonClass: 16430K(16576K)->16430K(16576K) Class: 2667K(2752K)->2667K(2752K)
[578.328s][info][gc             ] GC(1371) Pause Young (Concurrent Start) (G1 Evacuation Pause) 912M->736M(978M) 39.763ms
[578.328s][info][gc,cpu         ] GC(1371) User=0.07s Sys=0.00s Real=0.04s
[578.328s][info][gc             ] GC(1372) Concurrent Mark Cycle
[578.328s][info][gc,marking     ] GC(1372) Concurrent Scan Root Regions
[578.373s][info][gc,marking     ] GC(1372) Concurrent Scan Root Regions 45.332ms
[578.373s][info][gc,marking     ] GC(1372) Concurrent Mark
[578.373s][info][gc,marking     ] GC(1372) Concurrent Mark From Roots
[578.373s][info][gc,task        ] GC(1372) Using 1 workers of 1 for marking
[578.691s][info][gc,start       ] GC(1373) Pause Young (Normal) (G1 Evacuation Pause)
[578.691s][info][gc,task        ] GC(1373) Using 2 workers of 2 for evacuation
[578.726s][info][gc,phases      ] GC(1373)   Pre Evacuate Collection Set: 0.55ms
[578.726s][info][gc,phases      ] GC(1373)   Merge Heap Roots: 0.15ms
[578.726s][info][gc,phases      ] GC(1373)   Evacuate Collection Set: 32.94ms
[578.726s][info][gc,phases      ] GC(1373)   Post Evacuate Collection Set: 0.44ms
[578.726s][info][gc,phases      ] GC(1373)   Other: 0.08ms
[578.726s][info][gc,heap        ] GC(1373) Eden regions: 164->0(181)
[578.726s][info][gc,heap        ] GC(1373) Survivor regions: 27->5(24)
[578.726s][info][gc,heap        ] GC(1373) Old regions: 701->728
[578.726s][info][gc,heap        ] GC(1373) Humongous regions: 9->9
[578.726s][info][gc,metaspace   ] GC(1373) Metaspace: 19097K(19328K)->19097K(19328K) NonClass: 16430K(16576K)->16430K(16576K) Class: 2667K(2752K)->2667K(2752K)
[578.726s][info][gc             ] GC(1373) Pause Young (Normal) (G1 Evacuation Pause) 900M->741M(978M) 34.394ms
[578.726s][info][gc,cpu         ] GC(1373) User=0.07s Sys=0.00s Real=0.04s
[579.185s][info][gc,start       ] GC(1374) Pause Young (Normal) (G1 Evacuation Pause)
[579.185s][info][gc,task        ] GC(1374) Using 2 workers of 2 for evacuation
[579.206s][info][gc,phases      ] GC(1374)   Pre Evacuate Collection Set: 0.54ms
[579.206s][info][gc,phases      ] GC(1374)   Merge Heap Roots: 0.15ms
[579.206s][info][gc,phases      ] GC(1374)   Evacuate Collection Set: 20.30ms
[579.206s][info][gc,phases      ] GC(1374)   Post Evacuate Collection Set: 0.43ms
[579.206s][info][gc,phases      ] GC(1374)   Other: 0.10ms
[579.206s][info][gc,heap        ] GC(1374) Eden regions: 181->0(155)
[579.206s][info][gc,heap        ] GC(1374) Survivor regions: 5->18(24)
[579.206s][info][gc,heap        ] GC(1374) Old regions: 728->728
[579.206s][info][gc,heap        ] GC(1374) Humongous regions: 9->9
[579.206s][info][gc,metaspace   ] GC(1374) Metaspace: 19098K(19328K)->19098K(19328K) NonClass: 16431K(16576K)->16431K(16576K) Class: 2667K(2752K)->2667K(2752K)
[579.206s][info][gc             ] GC(1374) Pause Young (Normal) (G1 Evacuation Pause) 922M->754M(978M) 21.749ms
[579.206s][info][gc,cpu         ] GC(1374) User=0.03s Sys=0.00s Real=0.02s
[579.520s][info][gc,start       ] GC(1375) Pause Young (Normal) (G1 Evacuation Pause)
[579.520s][info][gc,task        ] GC(1375) Using 2 workers of 2 for evacuation
[579.554s][info][gc,phases      ] GC(1375)   Pre Evacuate Collection Set: 0.54ms
[579.554s][info][gc,phases      ] GC(1375)   Merge Heap Roots: 0.11ms
[579.554s][info][gc,phases      ] GC(1375)   Evacuate Collection Set: 32.68ms
[579.554s][info][gc,phases      ] GC(1375)   Post Evacuate Collection Set: 0.43ms
[579.554s][info][gc,phases      ] GC(1375)   Other: 0.07ms
[579.554s][info][gc,heap        ] GC(1375) Eden regions: 155->0(135)
[579.554s][info][gc,heap        ] GC(1375) Survivor regions: 18->19(22)
[579.554s][info][gc,heap        ] GC(1375) Old regions: 728->746
[579.554s][info][gc,heap        ] GC(1375) Humongous regions: 9->9
[579.554s][info][gc,metaspace   ] GC(1375) Metaspace: 19098K(19328K)->19098K(19328K) NonClass: 16431K(16576K)->16431K(16576K) Class: 2667K(2752K)->2667K(2752K)
[579.554s][info][gc             ] GC(1375) Pause Young (Normal) (G1 Evacuation Pause) 909M->773M(978M) 34.076ms
[579.554s][info][gc,cpu         ] GC(1375) User=0.07s Sys=0.00s Real=0.04s
[579.701s][info][gc,start       ] GC(1376) Pause Young (Normal) (G1 Evacuation Pause)
[579.701s][info][gc,task        ] GC(1376) Using 2 workers of 2 for evacuation
[579.759s][info][gc,phases      ] GC(1376)   Pre Evacuate Collection Set: 0.51ms
[579.759s][info][gc,phases      ] GC(1376)   Merge Heap Roots: 0.08ms
[579.759s][info][gc,phases      ] GC(1376)   Evacuate Collection Set: 57.17ms
[579.759s][info][gc,phases      ] GC(1376)   Post Evacuate Collection Set: 0.56ms
[579.759s][info][gc,phases      ] GC(1376)   Other: 0.09ms
[579.759s][info][gc,heap        ] GC(1376) Eden regions: 135->0(85)
[579.759s][info][gc,heap        ] GC(1376) Survivor regions: 19->20(20)
[579.759s][info][gc,heap        ] GC(1376) Old regions: 746->794
[579.759s][info][gc,heap        ] GC(1376) Humongous regions: 9->9
[579.759s][info][gc,metaspace   ] GC(1376) Metaspace: 19098K(19328K)->19098K(19328K) NonClass: 16431K(16576K)->16431K(16576K) Class: 2667K(2752K)->2667K(2752K)
[579.759s][info][gc             ] GC(1376) Pause Young (Normal) (G1 Evacuation Pause) 908M->822M(978M) 58.614ms
[579.759s][info][gc,cpu         ] GC(1376) User=0.11s Sys=0.00s Real=0.06s
[580.028s][info][gc,start       ] GC(1377) Pause Young (Normal) (G1 Evacuation Pause)
[580.028s][info][gc,task        ] GC(1377) Using 2 workers of 2 for evacuation
[580.061s][info][gc,phases      ] GC(1377)   Pre Evacuate Collection Set: 0.33ms
[580.061s][info][gc,phases      ] GC(1377)   Merge Heap Roots: 0.51ms
[580.061s][info][gc,phases      ] GC(1377)   Evacuate Collection Set: 31.78ms
[580.061s][info][gc,phases      ] GC(1377)   Post Evacuate Collection Set: 0.37ms
[580.061s][info][gc,phases      ] GC(1377)   Other: 0.07ms
[580.061s][info][gc,heap        ] GC(1377) Eden regions: 85->0(88)
[580.061s][info][gc,heap        ] GC(1377) Survivor regions: 20->8(14)
[580.061s][info][gc,heap        ] GC(1377) Old regions: 794->815
[580.061s][info][gc,heap        ] GC(1377) Humongous regions: 9->9
[580.061s][info][gc,metaspace   ] GC(1377) Metaspace: 19098K(19328K)->19098K(19328K) NonClass: 16431K(16576K)->16431K(16576K) Class: 2667K(2752K)->2667K(2752K)
[580.061s][info][gc             ] GC(1377) Pause Young (Normal) (G1 Evacuation Pause) 907M->831M(978M) 33.345ms
[580.061s][info][gc,cpu         ] GC(1377) User=0.06s Sys=0.01s Real=0.03s
[580.073s][info][gc,marking     ] GC(1372) Concurrent Mark From Roots 1700.158ms
[580.073s][info][gc,marking     ] GC(1372) Concurrent Preclean
[580.073s][info][gc,marking     ] GC(1372) Concurrent Preclean 0.034ms
[580.073s][info][gc,start       ] GC(1372) Pause Remark
[580.081s][info][gc             ] GC(1372) Pause Remark 840M->705M(978M) 7.991ms
[580.081s][info][gc,cpu         ] GC(1372) User=0.02s Sys=0.00s Real=0.00s
[580.081s][info][gc,marking     ] GC(1372) Concurrent Mark 1708.446ms
[580.081s][info][gc,marking     ] GC(1372) Concurrent Rebuild Remembered Sets and Scrub Regions
[580.224s][info][gc,start       ] GC(1378) Pause Young (Normal) (G1 Evacuation Pause)
[580.224s][info][gc,task        ] GC(1378) Using 2 workers of 2 for evacuation
[580.240s][info][gc,phases      ] GC(1378)   Pre Evacuate Collection Set: 0.48ms
[580.240s][info][gc,phases      ] GC(1378)   Merge Heap Roots: 0.19ms
[580.240s][info][gc,phases      ] GC(1378)   Evacuate Collection Set: 14.40ms
[580.240s][info][gc,phases      ] GC(1378)   Post Evacuate Collection Set: 0.34ms
[580.240s][info][gc,phases      ] GC(1378)   Other: 0.09ms
[580.240s][info][gc,heap        ] GC(1378) Eden regions: 88->0(196)
[580.240s][info][gc,heap        ] GC(1378) Survivor regions: 8->3(12)
[580.240s][info][gc,heap        ] GC(1378) Old regions: 683->691
[580.240s][info][gc,heap        ] GC(1378) Humongous regions: 6->6
[580.240s][info][gc,metaspace   ] GC(1378) Metaspace: 19098K(19328K)->19098K(19328K) NonClass: 16431K(16576K)->16431K(16576K) Class: 2667K(2752K)->2667K(2752K)
[580.240s][info][gc             ] GC(1378) Pause Young (Normal) (G1 Evacuation Pause) 784M->698M(978M) 15.743ms
[580.240s][info][gc,cpu         ] GC(1378) User=0.03s Sys=0.00s Real=0.01s
[580.635s][info][gc,start       ] GC(1379) Pause Young (Normal) (G1 Evacuation Pause)
[580.635s][info][gc,task        ] GC(1379) Using 2 workers of 2 for evacuation
[580.696s][info][gc,phases      ] GC(1379)   Pre Evacuate Collection Set: 0.52ms
[580.696s][info][gc,phases      ] GC(1379)   Merge Heap Roots: 0.38ms
[580.696s][info][gc,phases      ] GC(1379)   Evacuate Collection Set: 59.05ms
[580.696s][info][gc,phases      ] GC(1379)   Post Evacuate Collection Set: 0.53ms
[580.696s][info][gc,phases      ] GC(1379)   Other: 0.09ms
[580.696s][info][gc,heap        ] GC(1379) Eden regions: 196->0(156)
[580.696s][info][gc,heap        ] GC(1379) Survivor regions: 3->25(25)
[580.696s][info][gc,heap        ] GC(1379) Old regions: 691->708
[580.696s][info][gc,heap        ] GC(1379) Humongous regions: 9->9
[580.696s][info][gc,metaspace   ] GC(1379) Metaspace: 19098K(19328K)->19098K(19328K) NonClass: 16431K(16576K)->16431K(16576K) Class: 2667K(2752K)->2667K(2752K)
[580.696s][info][gc             ] GC(1379) Pause Young (Normal) (G1 Evacuation Pause) 897M->741M(978M) 60.829ms
[580.696s][info][gc,cpu         ] GC(1379) User=0.12s Sys=0.00s Real=0.06s
[580.732s][info][gc,marking     ] GC(1372) Concurrent Rebuild Remembered Sets and Scrub Regions 650.649ms
[580.732s][info][gc,start       ] GC(1372) Pause Cleanup
[580.732s][info][gc             ] GC(1372) Pause Cleanup 765M->765M(978M) 0.128ms
[580.732s][info][gc,cpu         ] GC(1372) User=0.00s Sys=0.00s Real=0.00s
[580.732s][info][gc,marking     ] GC(1372) Concurrent Clear Claimed Marks
[580.732s][info][gc,marking     ] GC(1372) Concurrent Clear Claimed Marks 0.036ms
[580.732s][info][gc,marking     ] GC(1372) Concurrent Cleanup for Next Mark
[580.737s][info][gc,marking     ] GC(1372) Concurrent Cleanup for Next Mark 4.922ms
[580.737s][info][gc             ] GC(1372) Concurrent Mark Cycle 2409.923ms
[580.857s][info][gc,start       ] GC(1380) Pause Young (Prepare Mixed) (G1 Evacuation Pause)
[580.857s][info][gc,task        ] GC(1380) Using 2 workers of 2 for evacuation
[580.911s][info][gc,phases      ] GC(1380)   Pre Evacuate Collection Set: 0.53ms
[580.911s][info][gc,phases      ] GC(1380)   Merge Heap Roots: 0.43ms
[580.911s][info][gc,phases      ] GC(1380)   Evacuate Collection Set: 53.23ms
[580.911s][info][gc,phases      ] GC(1380)   Post Evacuate Collection Set: 0.42ms
[580.911s][info][gc,phases      ] GC(1380)   Other: 0.09ms
[580.911s][info][gc,heap        ] GC(1380) Eden regions: 156->0(151)
[580.911s][info][gc,heap        ] GC(1380) Survivor regions: 25->15(23)
[580.911s][info][gc,heap        ] GC(1380) Old regions: 708->733
[580.911s][info][gc,heap        ] GC(1380) Humongous regions: 9->9
[580.911s][info][gc,metaspace   ] GC(1380) Metaspace: 19098K(19328K)->19098K(19328K) NonClass: 16431K(16576K)->16431K(16576K) Class: 2667K(2752K)->2667K(2752K)
[580.911s][info][gc             ] GC(1380) Pause Young (Prepare Mixed) (G1 Evacuation Pause) 897M->756M(978M) 54.907ms
[580.911s][info][gc,cpu         ] GC(1380) User=0.11s Sys=0.00s Real=0.05s
[581.073s][info][gc,start       ] GC(1381) Pause Young (Mixed) (G1 Evacuation Pause)
[581.074s][info][gc,task        ] GC(1381) Using 2 workers of 2 for evacuation
[581.108s][info][gc,phases      ] GC(1381)   Pre Evacuate Collection Set: 0.53ms
[581.108s][info][gc,phases      ] GC(1381)   Merge Heap Roots: 0.57ms
[581.108s][info][gc,phases      ] GC(1381)   Evacuate Collection Set: 33.10ms
[581.108s][info][gc,phases      ] GC(1381)   Post Evacuate Collection Set: 0.40ms
[581.108s][info][gc,phases      ] GC(1381)   Other: 0.09ms
[581.108s][info][gc,heap        ] GC(1381) Eden regions: 151->0(170)
[581.108s][info][gc,heap        ] GC(1381) Survivor regions: 15->2(21)
[581.108s][info][gc,heap        ] GC(1381) Old regions: 733->732
[581.108s][info][gc,heap        ] GC(1381) Humongous regions: 9->9
[581.108s][info][gc,metaspace   ] GC(1381) Metaspace: 19098K(19328K)->19098K(19328K) NonClass: 16431K(16576K)->16431K(16576K) Class: 2667K(2752K)->2667K(2752K)
[581.108s][info][gc             ] GC(1381) Pause Young (Mixed) (G1 Evacuation Pause) 907M->741M(978M) 34.955ms
[581.108s][info][gc,cpu         ] GC(1381) User=0.07s Sys=0.00s Real=0.03s
[581.314s][info][gc,start       ] GC(1382) Pause Young (Concurrent Start) (G1 Evacuation Pause)
[581.314s][info][gc,task        ] GC(1382) Using 2 workers of 2 for evacuation
[581.332s][info][gc,phases      ] GC(1382)   Pre Evacuate Collection Set: 0.38ms
[581.332s][info][gc,phases      ] GC(1382)   Merge Heap Roots: 0.15ms
[581.332s][info][gc,phases      ] GC(1382)   Evacuate Collection Set: 17.39ms
[581.332s][info][gc,phases      ] GC(1382)   Post Evacuate Collection Set: 0.44ms
[581.332s][info][gc,phases      ] GC(1382)   Other: 0.25ms
[581.332s][info][gc,heap        ] GC(1382) Eden regions: 170->0(159)
[581.332s][info][gc,heap        ] GC(1382) Survivor regions: 2->14(22)
[581.332s][info][gc,heap        ] GC(1382) Old regions: 732->732
[581.332s][info][gc,heap        ] GC(1382) Humongous regions: 9->9
[581.332s][info][gc,metaspace   ] GC(1382) Metaspace: 19098K(19328K)->19098K(19328K) NonClass: 16431K(16576K)->16431K(16576K) Class: 2667K(2752K)->2667K(2752K)
[581.332s][info][gc             ] GC(1382) Pause Young (Concurrent Start) (G1 Evacuation Pause) 911M->754M(978M) 18.807ms
[581.332s][info][gc             ] GC(1383) Concurrent Mark Cycle
[581.332s][info][gc,marking     ] GC(1383) Concurrent Scan Root Regions
[581.335s][info][gc,cpu         ] GC(1382) User=0.04s Sys=0.00s Real=0.02s
[581.358s][info][gc,marking     ] GC(1383) Concurrent Scan Root Regions 25.062ms
[581.358s][info][gc,marking     ] GC(1383) Concurrent Mark
[581.358s][info][gc,marking     ] GC(1383) Concurrent Mark From Roots
[581.358s][info][gc,task        ] GC(1383) Using 1 workers of 1 for marking
[581.768s][info][gc,start       ] GC(1384) Pause Young (Normal) (G1 Evacuation Pause)
[581.768s][info][gc,task        ] GC(1384) Using 2 workers of 2 for evacuation
[581.816s][info][gc,phases      ] GC(1384)   Pre Evacuate Collection Set: 0.32ms
[581.816s][info][gc,phases      ] GC(1384)   Merge Heap Roots: 0.23ms
[581.816s][info][gc,phases      ] GC(1384)   Evacuate Collection Set: 47.16ms
[581.816s][info][gc,phases      ] GC(1384)   Post Evacuate Collection Set: 0.45ms
[581.816s][info][gc,phases      ] GC(1384)   Other: 0.08ms
[581.816s][info][gc,heap        ] GC(1384) Eden regions: 159->0(122)
[581.816s][info][gc,heap        ] GC(1384) Survivor regions: 14->22(22)
[581.816s][info][gc,heap        ] GC(1384) Old regions: 732->753
[581.816s][info][gc,heap        ] GC(1384) Humongous regions: 9->9
[581.816s][info][gc,metaspace   ] GC(1384) Metaspace: 19098K(19328K)->19098K(19328K) NonClass: 16431K(16576K)->16431K(16576K) Class: 2667K(2752K)->2667K(2752K)
[581.816s][info][gc             ] GC(1384) Pause Young (Normal) (G1 Evacuation Pause) 913M->783M(978M) 48.485ms
[581.816s][info][gc,cpu         ] GC(1384) User=0.10s Sys=0.00s Real=0.05s
[582.082s][info][gc,start       ] GC(1385) Pause Young (Normal) (G1 Evacuation Pause)
[582.082s][info][gc,task        ] GC(1385) Using 2 workers of 2 for evacuation
[582.130s][info][gc,phases      ] GC(1385)   Pre Evacuate Collection Set: 0.52ms
[582.130s][info][gc,phases      ] GC(1385)   Merge Heap Roots: 0.24ms
[582.130s][info][gc,phases      ] GC(1385)   Evacuate Collection Set: 46.89ms
[582.131s][info][gc,phases      ] GC(1385)   Post Evacuate Collection Set: 0.49ms
[582.131s][info][gc,phases      ] GC(1385)   Other: 0.10ms
[582.131s][info][gc,heap        ] GC(1385) Eden regions: 122->0(98)
[582.131s][info][gc,heap        ] GC(1385) Survivor regions: 22->18(18)
[582.131s][info][gc,heap        ] GC(1385) Old regions: 753->785
[582.131s][info][gc,heap        ] GC(1385) Humongous regions: 9->9
[582.131s][info][gc,metaspace   ] GC(1385) Metaspace: 19098K(19328K)->19098K(19328K) NonClass: 16431K(16576K)->16431K(16576K) Class: 2667K(2752K)->2667K(2752K)
[582.131s][info][gc             ] GC(1385) Pause Young (Normal) (G1 Evacuation Pause) 905M->811M(978M) 48.471ms
[582.131s][info][gc,cpu         ] GC(1385) User=0.09s Sys=0.00s Real=0.05s
[582.376s][info][gc,start       ] GC(1386) Pause Young (Normal) (G1 Evacuation Pause)
[582.376s][info][gc,task        ] GC(1386) Using 2 workers of 2 for evacuation
[582.411s][info][gc,phases      ] GC(1386)   Pre Evacuate Collection Set: 0.54ms
[582.411s][info][gc,phases      ] GC(1386)   Merge Heap Roots: 0.26ms
[582.411s][info][gc,phases      ] GC(1386)   Evacuate Collection Set: 34.39ms
[582.411s][info][gc,phases      ] GC(1386)   Post Evacuate Collection Set: 0.39ms
[582.411s][info][gc,phases      ] GC(1386)   Other: 0.08ms
[582.411s][info][gc,heap        ] GC(1386) Eden regions: 98->0(94)
[582.411s][info][gc,heap        ] GC(1386) Survivor regions: 18->10(15)
[582.411s][info][gc,heap        ] GC(1386) Old regions: 785->804
[582.411s][info][gc,heap        ] GC(1386) Humongous regions: 10->10
[582.411s][info][gc,metaspace   ] GC(1386) Metaspace: 19098K(19328K)->19098K(19328K) NonClass: 16431K(16576K)->16431K(16576K) Class: 2667K(2752K)->2667K(2752K)
[582.411s][info][gc             ] GC(1386) Pause Young (Normal) (G1 Evacuation Pause) 910M->823M(978M) 35.903ms
[582.411s][info][gc,cpu         ] GC(1386) User=0.07s Sys=0.00s Real=0.03s
[582.424s][info][gc,marking     ] GC(1383) Concurrent Mark From Roots 1066.775ms
[582.424s][info][gc,marking     ] GC(1383) Concurrent Preclean
[582.424s][info][gc,marking     ] GC(1383) Concurrent Preclean 0.039ms
[582.425s][info][gc,start       ] GC(1383) Pause Remark
[582.433s][info][gc             ] GC(1383) Pause Remark 826M->518M(978M) 8.109ms
[582.433s][info][gc,cpu         ] GC(1383) User=0.01s Sys=0.00s Real=0.00s
[582.436s][info][gc,marking     ] GC(1383) Concurrent Mark 1078.372ms
[582.436s][info][gc,marking     ] GC(1383) Concurrent Rebuild Remembered Sets and Scrub Regions
[582.690s][info][gc,start       ] GC(1387) Pause Young (Normal) (G1 Evacuation Pause)
[582.690s][info][gc,task        ] GC(1387) Using 2 workers of 2 for evacuation
[582.709s][info][gc,phases      ] GC(1387)   Pre Evacuate Collection Set: 0.50ms
[582.709s][info][gc,phases      ] GC(1387)   Merge Heap Roots: 0.37ms
[582.709s][info][gc,phases      ] GC(1387)   Evacuate Collection Set: 16.81ms
[582.709s][info][gc,phases      ] GC(1387)   Post Evacuate Collection Set: 0.31ms
[582.709s][info][gc,phases      ] GC(1387)   Other: 0.09ms
[582.709s][info][gc,heap        ] GC(1387) Eden regions: 94->0(348)
[582.709s][info][gc,heap        ] GC(1387) Survivor regions: 10->1(13)
[582.709s][info][gc,heap        ] GC(1387) Old regions: 501->510
[582.709s][info][gc,heap        ] GC(1387) Humongous regions: 5->5
[582.709s][info][gc,metaspace   ] GC(1387) Metaspace: 19098K(19328K)->19098K(19328K) NonClass: 16431K(16576K)->16431K(16576K) Class: 2667K(2752K)->2667K(2752K)
[582.709s][info][gc             ] GC(1387) Pause Young (Normal) (G1 Evacuation Pause) 609M->515M(978M) 18.301ms
[582.709s][info][gc,cpu         ] GC(1387) User=0.04s Sys=0.00s Real=0.02s
[582.764s][info][gc,marking     ] GC(1383) Concurrent Rebuild Remembered Sets and Scrub Regions 328.465ms
[582.765s][info][gc,start       ] GC(1383) Pause Cleanup
[582.765s][info][gc             ] GC(1383) Pause Cleanup 530M->530M(978M) 0.115ms
[582.765s][info][gc,cpu         ] GC(1383) User=0.00s Sys=0.00s Real=0.00s
[582.765s][info][gc,marking     ] GC(1383) Concurrent Clear Claimed Marks
[582.765s][info][gc,marking     ] GC(1383) Concurrent Clear Claimed Marks 0.031ms
[582.765s][info][gc,marking     ] GC(1383) Concurrent Cleanup for Next Mark
[582.768s][info][gc,marking     ] GC(1383) Concurrent Cleanup for Next Mark 2.857ms
[582.768s][info][gc             ] GC(1383) Concurrent Mark Cycle 1435.249ms
[583.144s][info][gc,start       ] GC(1388) Pause Young (Prepare Mixed) (G1 Evacuation Pause)
[583.144s][info][gc,task        ] GC(1388) Using 2 workers of 2 for evacuation
[583.172s][info][gc,phases      ] GC(1388)   Pre Evacuate Collection Set: 0.30ms
[583.172s][info][gc,phases      ] GC(1388)   Merge Heap Roots: 0.20ms
[583.172s][info][gc,phases      ] GC(1388)   Evacuate Collection Set: 26.53ms
[583.172s][info][gc,phases      ] GC(1388)   Post Evacuate Collection Set: 0.55ms
[583.172s][info][gc,phases      ] GC(1388)   Other: 0.10ms
[583.172s][info][gc,heap        ] GC(1388) Eden regions: 348->0(332)
[583.172s][info][gc,heap        ] GC(1388) Survivor regions: 1->24(44)
[583.172s][info][gc,heap        ] GC(1388) Old regions: 510->510
[583.172s][info][gc,heap        ] GC(1388) Humongous regions: 5->5
[583.172s][info][gc,metaspace   ] GC(1388) Metaspace: 19098K(19328K)->19098K(19328K) NonClass: 16431K(16576K)->16431K(16576K) Class: 2667K(2752K)->2667K(2752K)
[583.172s][info][gc             ] GC(1388) Pause Young (Prepare Mixed) (G1 Evacuation Pause) 863M->538M(978M) 27.945ms
[583.172s][info][gc,cpu         ] GC(1388) User=0.05s Sys=0.00s Real=0.02s
[583.791s][info][gc,start       ] GC(1389) Pause Young (Mixed) (G1 Evacuation Pause)
[583.791s][info][gc,task        ] GC(1389) Using 2 workers of 2 for evacuation
[583.832s][info][gc,phases      ] GC(1389)   Pre Evacuate Collection Set: 0.37ms
[583.832s][info][gc,phases      ] GC(1389)   Merge Heap Roots: 0.32ms
[583.832s][info][gc,phases      ] GC(1389)   Evacuate Collection Set: 39.69ms
[583.832s][info][gc,phases      ] GC(1389)   Post Evacuate Collection Set: 0.60ms
[583.832s][info][gc,phases      ] GC(1389)   Other: 0.11ms
[583.832s][info][gc,heap        ] GC(1389) Eden regions: 332->0(393)
[583.832s][info][gc,heap        ] GC(1389) Survivor regions: 24->15(45)
[583.832s][info][gc,heap        ] GC(1389) Old regions: 510->459
[583.832s][info][gc,heap        ] GC(1389) Humongous regions: 5->5
[583.832s][info][gc,metaspace   ] GC(1389) Metaspace: 19098K(19328K)->19098K(19328K) NonClass: 16431K(16576K)->16431K(16576K) Class: 2667K(2752K)->2667K(2752K)
[583.832s][info][gc             ] GC(1389) Pause Young (Mixed) (G1 Evacuation Pause) 870M->478M(978M) 41.323ms
[583.832s][info][gc,cpu         ] GC(1389) User=0.08s Sys=0.00s Real=0.04s
[584.358s][info][gc,start       ] GC(1390) Pause Young (Concurrent Start) (G1 Evacuation Pause)
[584.358s][info][gc,task        ] GC(1390) Using 2 workers of 2 for evacuation
[584.440s][info][gc,phases      ] GC(1390)   Pre Evacuate Collection Set: 0.32ms
[584.440s][info][gc,phases      ] GC(1390)   Merge Heap Roots: 0.38ms
[584.440s][info][gc,phases      ] GC(1390)   Evacuate Collection Set: 80.10ms
[584.440s][info][gc,phases      ] GC(1390)   Post Evacuate Collection Set: 0.80ms
[584.440s][info][gc,phases      ] GC(1390)   Other: 0.11ms
[584.440s][info][gc,heap        ] GC(1390) Eden regions: 393->0(306)
[584.440s][info][gc,heap        ] GC(1390) Survivor regions: 15->51(51)
[584.440s][info][gc,heap        ] GC(1390) Old regions: 459->489
[584.440s][info][gc,heap        ] GC(1390) Humongous regions: 5->5
[584.440s][info][gc,metaspace   ] GC(1390) Metaspace: 19098K(19328K)->19098K(19328K) NonClass: 16431K(16576K)->16431K(16576K) Class: 2667K(2752K)->2667K(2752K)
[584.440s][info][gc             ] GC(1390) Pause Young (Concurrent Start) (G1 Evacuation Pause) 871M->544M(978M) 81.962ms
[584.440s][info][gc,cpu         ] GC(1390) User=0.16s Sys=0.00s Real=0.08s
[584.440s][info][gc             ] GC(1391) Concurrent Mark Cycle
[584.440s][info][gc,marking     ] GC(1391) Concurrent Scan Root Regions
[584.524s][info][gc,marking     ] GC(1391) Concurrent Scan Root Regions 84.121ms
[584.524s][info][gc,marking     ] GC(1391) Concurrent Mark
[584.524s][info][gc,marking     ] GC(1391) Concurrent Mark From Roots
[584.524s][info][gc,task        ] GC(1391) Using 1 workers of 1 for marking
[585.228s][info][gc,start       ] GC(1392) Pause Young (Normal) (G1 Evacuation Pause)
[585.228s][info][gc,task        ] GC(1392) Using 2 workers of 2 for evacuation
[585.335s][info][gc,phases      ] GC(1392)   Pre Evacuate Collection Set: 0.30ms
[585.335s][info][gc,phases      ] GC(1392)   Merge Heap Roots: 0.61ms
[585.335s][info][gc,phases      ] GC(1392)   Evacuate Collection Set: 104.68ms
[585.335s][info][gc,phases      ] GC(1392)   Post Evacuate Collection Set: 0.67ms
[585.335s][info][gc,phases      ] GC(1392)   Other: 0.09ms
[585.335s][info][gc,heap        ] GC(1392) Eden regions: 306->0(298)
[585.335s][info][gc,heap        ] GC(1392) Survivor regions: 51->20(45)
[585.335s][info][gc,heap        ] GC(1392) Old regions: 489->541
[585.335s][info][gc,heap        ] GC(1392) Humongous regions: 8->8
[585.335s][info][gc,metaspace   ] GC(1392) Metaspace: 19098K(19328K)->19098K(19328K) NonClass: 16431K(16576K)->16431K(16576K) Class: 2667K(2752K)->2667K(2752K)
[585.335s][info][gc             ] GC(1392) Pause Young (Normal) (G1 Evacuation Pause) 853M->568M(978M) 106.645ms
[585.335s][info][gc,cpu         ] GC(1392) User=0.20s Sys=0.00s Real=0.11s
[585.434s][info][gc,marking     ] GC(1391) Concurrent Mark From Roots 909.724ms
[585.434s][info][gc,marking     ] GC(1391) Concurrent Preclean
[585.434s][info][gc,marking     ] GC(1391) Concurrent Preclean 0.037ms
[585.434s][info][gc,start       ] GC(1391) Pause Remark
[585.442s][info][gc             ] GC(1391) Pause Remark 590M->445M(978M) 7.935ms
[585.442s][info][gc,cpu         ] GC(1391) User=0.01s Sys=0.00s Real=0.00s
[585.443s][info][gc,marking     ] GC(1391) Concurrent Mark 918.957ms
[585.443s][info][gc,marking     ] GC(1391) Concurrent Rebuild Remembered Sets and Scrub Regions
[585.718s][info][gc,marking     ] GC(1391) Concurrent Rebuild Remembered Sets and Scrub Regions 275.339ms
[585.718s][info][gc,start       ] GC(1391) Pause Cleanup
[585.719s][info][gc             ] GC(1391) Pause Cleanup 608M->608M(978M) 0.091ms
[585.719s][info][gc,cpu         ] GC(1391) User=0.00s Sys=0.00s Real=0.00s
[585.719s][info][gc,marking     ] GC(1391) Concurrent Clear Claimed Marks
[585.719s][info][gc,marking     ] GC(1391) Concurrent Clear Claimed Marks 0.031ms
[585.719s][info][gc,marking     ] GC(1391) Concurrent Cleanup for Next Mark
[585.722s][info][gc,marking     ] GC(1391) Concurrent Cleanup for Next Mark 2.869ms
[585.722s][info][gc             ] GC(1391) Concurrent Mark Cycle 1281.812ms
[585.851s][info][gc,start       ] GC(1393) Pause Young (Prepare Mixed) (G1 Evacuation Pause)
[585.851s][info][gc,task        ] GC(1393) Using 2 workers of 2 for evacuation
[585.950s][info][gc,phases      ] GC(1393)   Pre Evacuate Collection Set: 0.51ms
[585.950s][info][gc,phases      ] GC(1393)   Merge Heap Roots: 1.02ms
[585.950s][info][gc,phases      ] GC(1393)   Evacuate Collection Set: 96.03ms
[585.950s][info][gc,phases      ] GC(1393)   Post Evacuate Collection Set: 0.93ms
[585.950s][info][gc,phases      ] GC(1393)   Other: 0.10ms
[585.950s][info][gc,heap        ] GC(1393) Eden regions: 298->0(339)
[585.950s][info][gc,heap        ] GC(1393) Survivor regions: 20->40(40)
[585.950s][info][gc,heap        ] GC(1393) Old regions: 398->445
[585.950s][info][gc,heap        ] GC(1393) Humongous regions: 6->6
[585.950s][info][gc,metaspace   ] GC(1393) Metaspace: 19098K(19328K)->19098K(19328K) NonClass: 16431K(16576K)->16431K(16576K) Class: 2667K(2752K)->2667K(2752K)
[585.950s][info][gc             ] GC(1393) Pause Young (Prepare Mixed) (G1 Evacuation Pause) 721M->490M(978M) 98.836ms
[585.950s][info][gc,cpu         ] GC(1393) User=0.19s Sys=0.00s Real=0.10s
[586.378s][info][gc,start       ] GC(1394) Pause Young (Mixed) (G1 Evacuation Pause)
[586.378s][info][gc,task        ] GC(1394) Using 2 workers of 2 for evacuation
[586.481s][info][gc,phases      ] GC(1394)   Pre Evacuate Collection Set: 0.33ms
[586.481s][info][gc,phases      ] GC(1394)   Merge Heap Roots: 0.65ms
[586.481s][info][gc,phases      ] GC(1394)   Evacuate Collection Set: 100.61ms
[586.481s][info][gc,phases      ] GC(1394)   Post Evacuate Collection Set: 0.86ms
[586.481s][info][gc,phases      ] GC(1394)   Other: 0.11ms
[586.481s][info][gc,heap        ] GC(1394) Eden regions: 339->0(351)
[586.481s][info][gc,heap        ] GC(1394) Survivor regions: 40->39(48)
[586.481s][info][gc,heap        ] GC(1394) Old regions: 445->448
[586.481s][info][gc,heap        ] GC(1394) Humongous regions: 9->9
[586.481s][info][gc,metaspace   ] GC(1394) Metaspace: 19098K(19328K)->19098K(19328K) NonClass: 16431K(16576K)->16431K(16576K) Class: 2667K(2752K)->2667K(2752K)
[586.481s][info][gc             ] GC(1394) Pause Young (Mixed) (G1 Evacuation Pause) 832M->495M(978M) 102.817ms
[586.481s][info][gc,cpu         ] GC(1394) User=0.20s Sys=0.00s Real=0.10s
[587.021s][info][gc,start       ] GC(1395) Pause Young (Concurrent Start) (G1 Evacuation Pause)
[587.021s][info][gc,task        ] GC(1395) Using 2 workers of 2 for evacuation
[587.084s][info][gc,phases      ] GC(1395)   Pre Evacuate Collection Set: 0.34ms
[587.084s][info][gc,phases      ] GC(1395)   Merge Heap Roots: 0.58ms
[587.084s][info][gc,phases      ] GC(1395)   Evacuate Collection Set: 61.30ms
[587.084s][info][gc,phases      ] GC(1395)   Post Evacuate Collection Set: 0.68ms
[587.084s][info][gc,phases      ] GC(1395)   Other: 0.20ms
[587.085s][info][gc,heap        ] GC(1395) Eden regions: 351->0(376)
[587.085s][info][gc,heap        ] GC(1395) Survivor regions: 39->19(49)
[587.085s][info][gc,heap        ] GC(1395) Old regions: 448->469
[587.085s][info][gc,heap        ] GC(1395) Humongous regions: 9->9
[587.085s][info][gc,metaspace   ] GC(1395) Metaspace: 19098K(19328K)->19098K(19328K) NonClass: 16431K(16576K)->16431K(16576K) Class: 2667K(2752K)->2667K(2752K)
[587.085s][info][gc             ] GC(1395) Pause Young (Concurrent Start) (G1 Evacuation Pause) 846M->496M(978M) 63.327ms
[587.085s][info][gc             ] GC(1396) Concurrent Mark Cycle
[587.085s][info][gc,marking     ] GC(1396) Concurrent Scan Root Regions
[587.087s][info][gc,cpu         ] GC(1395) User=0.12s Sys=0.00s Real=0.07s
[587.140s][info][gc,marking     ] GC(1396) Concurrent Scan Root Regions 55.051ms
[587.140s][info][gc,marking     ] GC(1396) Concurrent Mark
[587.140s][info][gc,marking     ] GC(1396) Concurrent Mark From Roots
[587.140s][info][gc,task        ] GC(1396) Using 1 workers of 1 for marking
[588.262s][info][gc,start       ] GC(1397) Pause Young (Normal) (G1 Evacuation Pause)
[588.262s][info][gc,task        ] GC(1397) Using 2 workers of 2 for evacuation
[588.295s][info][gc,phases      ] GC(1397)   Pre Evacuate Collection Set: 0.50ms
[588.295s][info][gc,phases      ] GC(1397)   Merge Heap Roots: 0.35ms
[588.295s][info][gc,phases      ] GC(1397)   Evacuate Collection Set: 31.33ms
[588.295s][info][gc,phases      ] GC(1397)   Post Evacuate Collection Set: 0.66ms
[588.295s][info][gc,phases      ] GC(1397)   Other: 0.11ms
[588.295s][info][gc,heap        ] GC(1397) Eden regions: 376->0(397)
[588.295s][info][gc,heap        ] GC(1397) Survivor regions: 19->19(50)
[588.295s][info][gc,heap        ] GC(1397) Old regions: 469->469
[588.295s][info][gc,heap        ] GC(1397) Humongous regions: 9->9
[588.295s][info][gc,metaspace   ] GC(1397) Metaspace: 19098K(19328K)->19098K(19328K) NonClass: 16431K(16576K)->16431K(16576K) Class: 2667K(2752K)->2667K(2752K)
[588.295s][info][gc             ] GC(1397) Pause Young (Normal) (G1 Evacuation Pause) 872M->496M(978M) 33.193ms
[588.295s][info][gc,cpu         ] GC(1397) User=0.06s Sys=0.00s Real=0.04s
[588.376s][info][gc,marking     ] GC(1396) Concurrent Mark From Roots 1236.094ms
[588.376s][info][gc,marking     ] GC(1396) Concurrent Preclean
[588.376s][info][gc,marking     ] GC(1396) Concurrent Preclean 0.036ms
[588.376s][info][gc,start       ] GC(1396) Pause Remark
[588.384s][info][gc             ] GC(1396) Pause Remark 514M->512M(978M) 7.710ms
[588.384s][info][gc,cpu         ] GC(1396) User=0.01s Sys=0.00s Real=0.01s
[588.384s][info][gc,marking     ] GC(1396) Concurrent Mark 1244.113ms
[588.384s][info][gc,marking     ] GC(1396) Concurrent Rebuild Remembered Sets and Scrub Regions
[588.773s][info][gc,marking     ] GC(1396) Concurrent Rebuild Remembered Sets and Scrub Regions 389.158ms
[588.773s][info][gc,start       ] GC(1396) Pause Cleanup
[588.773s][info][gc             ] GC(1396) Pause Cleanup 745M->745M(978M) 0.098ms
[588.773s][info][gc,cpu         ] GC(1396) User=0.00s Sys=0.00s Real=0.00s
[588.774s][info][gc,marking     ] GC(1396) Concurrent Clear Claimed Marks
[588.774s][info][gc,marking     ] GC(1396) Concurrent Clear Claimed Marks 0.044ms
[588.774s][info][gc,marking     ] GC(1396) Concurrent Cleanup for Next Mark
[588.778s][info][gc,marking     ] GC(1396) Concurrent Cleanup for Next Mark 3.896ms
[588.778s][info][gc             ] GC(1396) Concurrent Mark Cycle 1693.355ms
[588.884s][info][gc,start       ] GC(1398) Pause Young (Prepare Mixed) (G1 Evacuation Pause)
[588.885s][info][gc,task        ] GC(1398) Using 2 workers of 2 for evacuation
[588.958s][info][gc,phases      ] GC(1398)   Pre Evacuate Collection Set: 0.27ms
[588.958s][info][gc,phases      ] GC(1398)   Merge Heap Roots: 0.61ms
[588.958s][info][gc,phases      ] GC(1398)   Evacuate Collection Set: 71.67ms
[588.958s][info][gc,phases      ] GC(1398)   Post Evacuate Collection Set: 0.69ms
[588.958s][info][gc,phases      ] GC(1398)   Other: 0.10ms
[588.958s][info][gc,heap        ] GC(1398) Eden regions: 397->0(346)
[588.958s][info][gc,heap        ] GC(1398) Survivor regions: 19->52(52)
[588.958s][info][gc,heap        ] GC(1398) Old regions: 469->471
[588.958s][info][gc,heap        ] GC(1398) Humongous regions: 7->7
[588.958s][info][gc,metaspace   ] GC(1398) Metaspace: 19098K(19328K)->19098K(19328K) NonClass: 16431K(16576K)->16431K(16576K) Class: 2667K(2752K)->2667K(2752K)
[588.958s][info][gc             ] GC(1398) Pause Young (Prepare Mixed) (G1 Evacuation Pause) 891M->529M(978M) 73.565ms
[588.958s][info][gc,cpu         ] GC(1398) User=0.14s Sys=0.00s Real=0.07s
[589.287s][info][gc,start       ] GC(1399) Pause Young (Mixed) (G1 Evacuation Pause)
[589.287s][info][gc,task        ] GC(1399) Using 2 workers of 2 for evacuation
[589.364s][info][gc,phases      ] GC(1399)   Pre Evacuate Collection Set: 0.54ms
[589.364s][info][gc,phases      ] GC(1399)   Merge Heap Roots: 0.43ms
[589.364s][info][gc,phases      ] GC(1399)   Evacuate Collection Set: 75.29ms
[589.364s][info][gc,phases      ] GC(1399)   Post Evacuate Collection Set: 0.60ms
[589.364s][info][gc,phases      ] GC(1399)   Other: 0.09ms
[589.364s][info][gc,heap        ] GC(1399) Eden regions: 346->0(362)
[589.364s][info][gc,heap        ] GC(1399) Survivor regions: 52->10(50)
[589.364s][info][gc,heap        ] GC(1399) Old regions: 471->514
[589.364s][info][gc,heap        ] GC(1399) Humongous regions: 7->7
[589.364s][info][gc,metaspace   ] GC(1399) Metaspace: 19098K(19328K)->19098K(19328K) NonClass: 16431K(16576K)->16431K(16576K) Class: 2667K(2752K)->2667K(2752K)
[589.364s][info][gc             ] GC(1399) Pause Young (Mixed) (G1 Evacuation Pause) 875M->530M(978M) 77.186ms
[589.364s][info][gc,cpu         ] GC(1399) User=0.16s Sys=0.00s Real=0.08s
[589.691s][info][gc,start       ] GC(1400) Pause Young (Concurrent Start) (G1 Evacuation Pause)
[589.692s][info][gc,task        ] GC(1400) Using 2 workers of 2 for evacuation
[589.764s][info][gc,phases      ] GC(1400)   Pre Evacuate Collection Set: 0.31ms
[589.764s][info][gc,phases      ] GC(1400)   Merge Heap Roots: 0.36ms
[589.764s][info][gc,phases      ] GC(1400)   Evacuate Collection Set: 70.86ms
[589.764s][info][gc,phases      ] GC(1400)   Post Evacuate Collection Set: 0.60ms
[589.764s][info][gc,phases      ] GC(1400)   Other: 0.10ms
[589.764s][info][gc,heap        ] GC(1400) Eden regions: 362->0(299)
[589.764s][info][gc,heap        ] GC(1400) Survivor regions: 10->47(47)
[589.764s][info][gc,heap        ] GC(1400) Old regions: 514->528
[589.764s][info][gc,heap        ] GC(1400) Humongous regions: 7->7
[589.764s][info][gc,metaspace   ] GC(1400) Metaspace: 19098K(19328K)->19098K(19328K) NonClass: 16431K(16576K)->16431K(16576K) Class: 2667K(2752K)->2667K(2752K)
[589.764s][info][gc             ] GC(1400) Pause Young (Concurrent Start) (G1 Evacuation Pause) 892M->581M(978M) 72.462ms
[589.764s][info][gc             ] GC(1401) Concurrent Mark Cycle
[589.764s][info][gc,marking     ] GC(1401) Concurrent Scan Root Regions
[589.765s][info][gc,cpu         ] GC(1400) User=0.14s Sys=0.00s Real=0.08s
[589.880s][info][gc,marking     ] GC(1401) Concurrent Scan Root Regions 115.546ms
[589.880s][info][gc,marking     ] GC(1401) Concurrent Mark
[589.880s][info][gc,marking     ] GC(1401) Concurrent Mark From Roots
[589.880s][info][gc,task        ] GC(1401) Using 1 workers of 1 for marking
[590.274s][info][gc,start       ] GC(1402) Pause Young (Normal) (G1 Evacuation Pause)
[590.274s][info][gc,task        ] GC(1402) Using 2 workers of 2 for evacuation
[590.329s][info][gc,phases      ] GC(1402)   Pre Evacuate Collection Set: 0.30ms
[590.329s][info][gc,phases      ] GC(1402)   Merge Heap Roots: 0.28ms
[590.330s][info][gc,phases      ] GC(1402)   Evacuate Collection Set: 53.80ms
[590.330s][info][gc,phases      ] GC(1402)   Post Evacuate Collection Set: 0.53ms
[590.330s][info][gc,phases      ] GC(1402)   Other: 0.11ms
[590.330s][info][gc,heap        ] GC(1402) Eden regions: 299->0(308)
[590.330s][info][gc,heap        ] GC(1402) Survivor regions: 47->6(44)
[590.330s][info][gc,heap        ] GC(1402) Old regions: 528->576
[590.330s][info][gc,heap        ] GC(1402) Humongous regions: 7->7
[590.330s][info][gc,metaspace   ] GC(1402) Metaspace: 19098K(19328K)->19098K(19328K) NonClass: 16431K(16576K)->16431K(16576K) Class: 2667K(2752K)->2667K(2752K)
[590.330s][info][gc             ] GC(1402) Pause Young (Normal) (G1 Evacuation Pause) 880M->588M(978M) 55.223ms
[590.330s][info][gc,cpu         ] GC(1402) User=0.11s Sys=0.00s Real=0.05s
[591.344s][info][gc,start       ] GC(1403) Pause Young (Normal) (G1 Evacuation Pause)
[591.344s][info][gc,task        ] GC(1403) Using 2 workers of 2 for evacuation
[591.379s][info][gc,phases      ] GC(1403)   Pre Evacuate Collection Set: 0.56ms
[591.379s][info][gc,phases      ] GC(1403)   Merge Heap Roots: 0.29ms
[591.379s][info][gc,phases      ] GC(1403)   Evacuate Collection Set: 33.68ms
[591.379s][info][gc,phases      ] GC(1403)   Post Evacuate Collection Set: 0.56ms
[591.379s][info][gc,phases      ] GC(1403)   Other: 0.11ms
[591.379s][info][gc,heap        ] GC(1403) Eden regions: 308->0(289)
[591.379s][info][gc,heap        ] GC(1403) Survivor regions: 6->28(40)
[591.379s][info][gc,heap        ] GC(1403) Old regions: 576->576
[591.379s][info][gc,heap        ] GC(1403) Humongous regions: 7->7
[591.379s][info][gc,metaspace   ] GC(1403) Metaspace: 19098K(19328K)->19098K(19328K) NonClass: 16431K(16576K)->16431K(16576K) Class: 2667K(2752K)->2667K(2752K)
[591.379s][info][gc             ] GC(1403) Pause Young (Normal) (G1 Evacuation Pause) 896M->610M(978M) 35.436ms
[591.379s][info][gc,cpu         ] GC(1403) User=0.07s Sys=0.00s Real=0.03s
[591.406s][info][gc,marking     ] GC(1401) Concurrent Mark From Roots 1526.248ms
[591.406s][info][gc,marking     ] GC(1401) Concurrent Preclean
[591.406s][info][gc,marking     ] GC(1401) Concurrent Preclean 0.044ms
[591.406s][info][gc,start       ] GC(1401) Pause Remark
[591.414s][info][gc             ] GC(1401) Pause Remark 618M->618M(978M) 7.741ms
[591.414s][info][gc,cpu         ] GC(1401) User=0.01s Sys=0.00s Real=0.01s
[591.416s][info][gc,marking     ] GC(1401) Concurrent Mark 1536.401ms
[591.416s][info][gc,marking     ] GC(1401) Concurrent Rebuild Remembered Sets and Scrub Regions
[591.925s][info][gc,marking     ] GC(1401) Concurrent Rebuild Remembered Sets and Scrub Regions 508.901ms
[591.925s][info][gc,start       ] GC(1401) Pause Cleanup
[591.925s][info][gc             ] GC(1401) Pause Cleanup 759M->759M(978M) 0.141ms
[591.925s][info][gc,cpu         ] GC(1401) User=0.00s Sys=0.00s Real=0.00s
[591.925s][info][gc,marking     ] GC(1401) Concurrent Clear Claimed Marks
[591.925s][info][gc,marking     ] GC(1401) Concurrent Clear Claimed Marks 0.038ms
[591.925s][info][gc,marking     ] GC(1401) Concurrent Cleanup for Next Mark
[591.930s][info][gc,marking     ] GC(1401) Concurrent Cleanup for Next Mark 4.917ms
[591.930s][info][gc             ] GC(1401) Concurrent Mark Cycle 2166.376ms
[592.246s][info][gc,start       ] GC(1404) Pause Young (Prepare Mixed) (G1 Evacuation Pause)
[592.246s][info][gc,task        ] GC(1404) Using 2 workers of 2 for evacuation
[592.276s][info][gc,phases      ] GC(1404)   Pre Evacuate Collection Set: 0.52ms
[592.276s][info][gc,phases      ] GC(1404)   Merge Heap Roots: 0.30ms
[592.276s][info][gc,phases      ] GC(1404)   Evacuate Collection Set: 28.18ms
[592.276s][info][gc,phases      ] GC(1404)   Post Evacuate Collection Set: 0.53ms
[592.276s][info][gc,phases      ] GC(1404)   Other: 0.08ms
[592.276s][info][gc,heap        ] GC(1404) Eden regions: 289->0(305)
[592.276s][info][gc,heap        ] GC(1404) Survivor regions: 28->1(40)
[592.276s][info][gc,heap        ] GC(1404) Old regions: 576->603
[592.276s][info][gc,heap        ] GC(1404) Humongous regions: 7->7
[592.276s][info][gc,metaspace   ] GC(1404) Metaspace: 19098K(19328K)->19098K(19328K) NonClass: 16431K(16576K)->16431K(16576K) Class: 2667K(2752K)->2667K(2752K)
[592.276s][info][gc             ] GC(1404) Pause Young (Prepare Mixed) (G1 Evacuation Pause) 899M->610M(978M) 29.865ms
[592.276s][info][gc,cpu         ] GC(1404) User=0.06s Sys=0.00s Real=0.03s
[592.964s][info][gc,start       ] GC(1405) Pause Young (Mixed) (G1 Evacuation Pause)
[592.964s][info][gc,task        ] GC(1405) Using 2 workers of 2 for evacuation
[592.967s][info][gc,phases      ] GC(1405)   Pre Evacuate Collection Set: 0.33ms
[592.967s][info][gc,phases      ] GC(1405)   Merge Heap Roots: 0.15ms
[592.967s][info][gc,phases      ] GC(1405)   Evacuate Collection Set: 1.95ms
[592.967s][info][gc,phases      ] GC(1405)   Post Evacuate Collection Set: 0.48ms
[592.967s][info][gc,phases      ] GC(1405)   Other: 0.11ms
[592.967s][info][gc,heap        ] GC(1405) Eden regions: 305->0(318)
[592.967s][info][gc,heap        ] GC(1405) Survivor regions: 1->1(39)
[592.967s][info][gc,heap        ] GC(1405) Old regions: 603->595
[592.967s][info][gc,heap        ] GC(1405) Humongous regions: 7->7
[592.967s][info][gc,metaspace   ] GC(1405) Metaspace: 19098K(19328K)->19098K(19328K) NonClass: 16431K(16576K)->16431K(16576K) Class: 2667K(2752K)->2667K(2752K)
[592.967s][info][gc             ] GC(1405) Pause Young (Mixed) (G1 Evacuation Pause) 915M->602M(978M) 3.268ms
[592.967s][info][gc,cpu         ] GC(1405) User=0.01s Sys=0.00s Real=0.00s
[593.406s][info][gc,start       ] GC(1406) Pause Young (Concurrent Start) (G1 Evacuation Pause)
[593.406s][info][gc,task        ] GC(1406) Using 2 workers of 2 for evacuation
[593.497s][info][gc,phases      ] GC(1406)   Pre Evacuate Collection Set: 0.45ms
[593.497s][info][gc,phases      ] GC(1406)   Merge Heap Roots: 0.15ms
[593.497s][info][gc,phases      ] GC(1406)   Evacuate Collection Set: 83.48ms
[593.497s][info][gc,phases      ] GC(1406)   Post Evacuate Collection Set: 6.62ms
[593.497s][info][gc,phases      ] GC(1406)   Other: 0.21ms
[593.497s][info][gc,heap        ] GC(1406) Eden regions: 318->0(163)
[593.497s][info][gc,heap        ] GC(1406) Survivor regions: 1->40(40)
[593.497s][info][gc,heap        ] GC(1406) Old regions: 595->678
[593.497s][info][gc,heap        ] GC(1406) Humongous regions: 7->7
[593.497s][info][gc,metaspace   ] GC(1406) Metaspace: 19098K(19328K)->19098K(19328K) NonClass: 16431K(16576K)->16431K(16576K) Class: 2667K(2752K)->2667K(2752K)
[593.497s][info][gc             ] GC(1406) Pause Young (Concurrent Start) (G1 Evacuation Pause) (Evacuation Failure: Allocation) 920M->724M(978M) 91.169ms
[593.497s][info][gc             ] GC(1407) Concurrent Mark Cycle
[593.497s][info][gc,marking     ] GC(1407) Concurrent Scan Root Regions
[593.498s][info][gc,cpu         ] GC(1406) User=0.18s Sys=0.00s Real=0.09s
[593.567s][info][gc,marking     ] GC(1407) Concurrent Scan Root Regions 70.068ms
[593.567s][info][gc,marking     ] GC(1407) Concurrent Mark
[593.567s][info][gc,marking     ] GC(1407) Concurrent Mark From Roots
[593.567s][info][gc,task        ] GC(1407) Using 1 workers of 1 for marking
[593.861s][info][gc,start       ] GC(1408) Pause Young (Normal) (G1 Evacuation Pause)
[593.861s][info][gc,task        ] GC(1408) Using 2 workers of 2 for evacuation
[593.942s][info][gc,phases      ] GC(1408)   Pre Evacuate Collection Set: 0.34ms
[593.942s][info][gc,phases      ] GC(1408)   Merge Heap Roots: 0.32ms
[593.942s][info][gc,phases      ] GC(1408)   Evacuate Collection Set: 79.76ms
[593.942s][info][gc,phases      ] GC(1408)   Post Evacuate Collection Set: 0.60ms
[593.942s][info][gc,phases      ] GC(1408)   Other: 0.14ms
[593.942s][info][gc,heap        ] GC(1408) Eden regions: 163->0(212)
[593.942s][info][gc,heap        ] GC(1408) Survivor regions: 40->18(26)
[593.942s][info][gc,heap        ] GC(1408) Old regions: 678->666
[593.942s][info][gc,heap        ] GC(1408) Humongous regions: 10->10
[593.942s][info][gc,metaspace   ] GC(1408) Metaspace: 19098K(19328K)->19098K(19328K) NonClass: 16431K(16576K)->16431K(16576K) Class: 2667K(2752K)->2667K(2752K)
[593.942s][info][gc             ] GC(1408) Pause Young (Normal) (G1 Evacuation Pause) 890M->693M(978M) 81.476ms
[593.942s][info][gc,cpu         ] GC(1408) User=0.16s Sys=0.00s Real=0.08s
[594.530s][info][gc,start       ] GC(1409) Pause Young (Normal) (G1 Evacuation Pause)
[594.530s][info][gc,task        ] GC(1409) Using 2 workers of 2 for evacuation
[594.582s][info][gc,phases      ] GC(1409)   Pre Evacuate Collection Set: 0.31ms
[594.582s][info][gc,phases      ] GC(1409)   Merge Heap Roots: 0.30ms
[594.582s][info][gc,phases      ] GC(1409)   Evacuate Collection Set: 50.92ms
[594.582s][info][gc,phases      ] GC(1409)   Post Evacuate Collection Set: 0.46ms
[594.582s][info][gc,phases      ] GC(1409)   Other: 0.10ms
[594.582s][info][gc,heap        ] GC(1409) Eden regions: 212->0(188)
[594.582s][info][gc,heap        ] GC(1409) Survivor regions: 18->23(29)
[594.582s][info][gc,heap        ] GC(1409) Old regions: 666->684
[594.582s][info][gc,heap        ] GC(1409) Humongous regions: 10->10
[594.582s][info][gc,metaspace   ] GC(1409) Metaspace: 19098K(19328K)->19098K(19328K) NonClass: 16431K(16576K)->16431K(16576K) Class: 2667K(2752K)->2667K(2752K)
[594.582s][info][gc             ] GC(1409) Pause Young (Normal) (G1 Evacuation Pause) 905M->716M(978M) 52.339ms
[594.582s][info][gc,cpu         ] GC(1409) User=0.10s Sys=0.00s Real=0.05s
[594.887s][info][gc,start       ] GC(1410) Pause Young (Normal) (G1 Evacuation Pause)
[594.887s][info][gc,task        ] GC(1410) Using 2 workers of 2 for evacuation
[594.955s][info][gc,phases      ] GC(1410)   Pre Evacuate Collection Set: 0.51ms
[594.955s][info][gc,phases      ] GC(1410)   Merge Heap Roots: 0.10ms
[594.955s][info][gc,phases      ] GC(1410)   Evacuate Collection Set: 65.49ms
[594.955s][info][gc,phases      ] GC(1410)   Post Evacuate Collection Set: 2.25ms
[594.955s][info][gc,phases      ] GC(1410)   Other: 0.07ms
[594.955s][info][gc,heap        ] GC(1410) Eden regions: 188->0(98)
[594.955s][info][gc,heap        ] GC(1410) Survivor regions: 23->27(27)
[594.955s][info][gc,heap        ] GC(1410) Old regions: 684->766
[594.955s][info][gc,heap        ] GC(1410) Humongous regions: 10->10
[594.955s][info][gc,metaspace   ] GC(1410) Metaspace: 19098K(19328K)->19098K(19328K) NonClass: 16431K(16576K)->16431K(16576K) Class: 2667K(2752K)->2667K(2752K)
[594.955s][info][gc             ] GC(1410) Pause Young (Normal) (G1 Evacuation Pause) (Evacuation Failure: Allocation) 904M->802M(978M) 68.671ms
[594.955s][info][gc,cpu         ] GC(1410) User=0.13s Sys=0.00s Real=0.07s
[595.185s][info][gc,marking     ] GC(1407) Concurrent Mark From Roots 1618.076ms
[595.185s][info][gc,marking     ] GC(1407) Concurrent Preclean
[595.185s][info][gc,marking     ] GC(1407) Concurrent Preclean 0.041ms
[595.185s][info][gc,start       ] GC(1407) Pause Remark
[595.193s][info][gc             ] GC(1407) Pause Remark 895M->834M(978M) 7.840ms
[595.193s][info][gc,cpu         ] GC(1407) User=0.02s Sys=0.00s Real=0.01s
[595.194s][info][gc,marking     ] GC(1407) Concurrent Mark 1626.709ms
[595.194s][info][gc,marking     ] GC(1407) Concurrent Rebuild Remembered Sets and Scrub Regions
[595.202s][info][gc,start       ] GC(1411) Pause Young (Normal) (G1 Evacuation Pause)
[595.202s][info][gc,task        ] GC(1411) Using 2 workers of 2 for evacuation
[595.235s][info][gc,phases      ] GC(1411)   Pre Evacuate Collection Set: 0.26ms
[595.235s][info][gc,phases      ] GC(1411)   Merge Heap Roots: 0.34ms
[595.235s][info][gc,phases      ] GC(1411)   Evacuate Collection Set: 32.10ms
[595.235s][info][gc,phases      ] GC(1411)   Post Evacuate Collection Set: 0.34ms
[595.235s][info][gc,phases      ] GC(1411)   Other: 0.06ms
[595.235s][info][gc,heap        ] GC(1411) Eden regions: 98->0(185)
[595.236s][info][gc,heap        ] GC(1411) Survivor regions: 27->1(16)
[595.236s][info][gc,heap        ] GC(1411) Old regions: 706->702
[595.236s][info][gc,heap        ] GC(1411) Humongous regions: 9->9
[595.236s][info][gc,metaspace   ] GC(1411) Metaspace: 19098K(19328K)->19098K(19328K) NonClass: 16431K(16576K)->16431K(16576K) Class: 2667K(2752K)->2667K(2752K)
[595.236s][info][gc             ] GC(1411) Pause Young (Normal) (G1 Evacuation Pause) 839M->711M(978M) 33.308ms
[595.236s][info][gc,cpu         ] GC(1411) User=0.07s Sys=0.00s Real=0.04s
[595.602s][info][gc,start       ] GC(1412) Pause Young (Normal) (G1 Evacuation Pause)
[595.602s][info][gc,task        ] GC(1412) Using 2 workers of 2 for evacuation
[595.604s][info][gc,phases      ] GC(1412)   Pre Evacuate Collection Set: 0.50ms
[595.604s][info][gc,phases      ] GC(1412)   Merge Heap Roots: 0.08ms
[595.604s][info][gc,phases      ] GC(1412)   Evacuate Collection Set: 0.89ms
[595.604s][info][gc,phases      ] GC(1412)   Post Evacuate Collection Set: 0.35ms
[595.604s][info][gc,phases      ] GC(1412)   Other: 0.09ms
[595.604s][info][gc,heap        ] GC(1412) Eden regions: 185->0(198)
[595.604s][info][gc,heap        ] GC(1412) Survivor regions: 1->1(24)
[595.604s][info][gc,heap        ] GC(1412) Old regions: 702->702
[595.604s][info][gc,heap        ] GC(1412) Humongous regions: 9->9
[595.604s][info][gc,metaspace   ] GC(1412) Metaspace: 19098K(19328K)->19098K(19328K) NonClass: 16431K(16576K)->16431K(16576K) Class: 2667K(2752K)->2667K(2752K)
[595.604s][info][gc             ] GC(1412) Pause Young (Normal) (G1 Evacuation Pause) 896M->711M(978M) 2.103ms
[595.604s][info][gc,cpu         ] GC(1412) User=0.00s Sys=0.00s Real=0.01s
[595.725s][info][gc,marking     ] GC(1407) Concurrent Rebuild Remembered Sets and Scrub Regions 530.981ms
[595.725s][info][gc,start       ] GC(1407) Pause Cleanup
[595.725s][info][gc             ] GC(1407) Pause Cleanup 777M->777M(978M) 0.118ms
[595.725s][info][gc,cpu         ] GC(1407) User=0.00s Sys=0.00s Real=0.00s
[595.726s][info][gc,marking     ] GC(1407) Concurrent Clear Claimed Marks
[595.726s][info][gc,marking     ] GC(1407) Concurrent Clear Claimed Marks 0.033ms
[595.726s][info][gc,marking     ] GC(1407) Concurrent Cleanup for Next Mark
[595.732s][info][gc,marking     ] GC(1407) Concurrent Cleanup for Next Mark 5.945ms
[595.732s][info][gc             ] GC(1407) Concurrent Mark Cycle 2234.801ms
[595.871s][info][gc,start       ] GC(1413) Pause Young (Prepare Mixed) (G1 Evacuation Pause)
[595.871s][info][gc,task        ] GC(1413) Using 2 workers of 2 for evacuation
[595.873s][info][gc,phases      ] GC(1413)   Pre Evacuate Collection Set: 0.31ms
[595.873s][info][gc,phases      ] GC(1413)   Merge Heap Roots: 0.08ms
[595.873s][info][gc,phases      ] GC(1413)   Evacuate Collection Set: 0.99ms
[595.873s][info][gc,phases      ] GC(1413)   Post Evacuate Collection Set: 0.39ms
[595.873s][info][gc,phases      ] GC(1413)   Other: 0.10ms
[595.873s][info][gc,heap        ] GC(1413) Eden regions: 198->0(209)
[595.873s][info][gc,heap        ] GC(1413) Survivor regions: 1->1(25)
[595.873s][info][gc,heap        ] GC(1413) Old regions: 702->702
[595.873s][info][gc,heap        ] GC(1413) Humongous regions: 9->9
[595.873s][info][gc,metaspace   ] GC(1413) Metaspace: 19098K(19328K)->19098K(19328K) NonClass: 16431K(16576K)->16431K(16576K) Class: 2667K(2752K)->2667K(2752K)
[595.873s][info][gc             ] GC(1413) Pause Young (Prepare Mixed) (G1 Evacuation Pause) 909M->711M(978M) 2.078ms
[595.873s][info][gc,cpu         ] GC(1413) User=0.00s Sys=0.00s Real=0.00s
[596.101s][info][gc,start       ] GC(1414) Pause Young (Mixed) (G1 Evacuation Pause)
[596.102s][info][gc,task        ] GC(1414) Using 2 workers of 2 for evacuation
[596.104s][info][gc,phases      ] GC(1414)   Pre Evacuate Collection Set: 0.54ms
[596.104s][info][gc,phases      ] GC(1414)   Merge Heap Roots: 0.11ms
[596.104s][info][gc,phases      ] GC(1414)   Evacuate Collection Set: 1.66ms
[596.104s][info][gc,phases      ] GC(1414)   Post Evacuate Collection Set: 0.43ms
[596.104s][info][gc,phases      ] GC(1414)   Other: 0.10ms
[596.104s][info][gc,heap        ] GC(1414) Eden regions: 209->0(229)
[596.104s][info][gc,heap        ] GC(1414) Survivor regions: 1->1(27)
[596.104s][info][gc,heap        ] GC(1414) Old regions: 702->688
[596.104s][info][gc,heap        ] GC(1414) Humongous regions: 9->9
[596.104s][info][gc,metaspace   ] GC(1414) Metaspace: 19098K(19328K)->19098K(19328K) NonClass: 16431K(16576K)->16431K(16576K) Class: 2667K(2752K)->2667K(2752K)
[596.105s][info][gc             ] GC(1414) Pause Young (Mixed) (G1 Evacuation Pause) 920M->697M(978M) 3.098ms
[596.105s][info][gc,cpu         ] GC(1414) User=0.01s Sys=0.00s Real=0.01s
[596.351s][info][gc,start       ] GC(1415) Pause Young (Concurrent Start) (G1 Evacuation Pause)
[596.351s][info][gc,task        ] GC(1415) Using 2 workers of 2 for evacuation
[596.354s][info][gc,phases      ] GC(1415)   Pre Evacuate Collection Set: 0.34ms
[596.354s][info][gc,phases      ] GC(1415)   Merge Heap Roots: 0.09ms
[596.354s][info][gc,phases      ] GC(1415)   Evacuate Collection Set: 1.58ms
[596.354s][info][gc,phases      ] GC(1415)   Post Evacuate Collection Set: 0.44ms
[596.354s][info][gc,phases      ] GC(1415)   Other: 0.21ms
[596.354s][info][gc,heap        ] GC(1415) Eden regions: 229->0(229)
[596.354s][info][gc,heap        ] GC(1415) Survivor regions: 1->1(29)
[596.354s][info][gc,heap        ] GC(1415) Old regions: 688->688
[596.354s][info][gc,heap        ] GC(1415) Humongous regions: 9->9
[596.354s][info][gc,metaspace   ] GC(1415) Metaspace: 19098K(19328K)->19098K(19328K) NonClass: 16431K(16576K)->16431K(16576K) Class: 2667K(2752K)->2667K(2752K)
[596.354s][info][gc             ] GC(1415) Pause Young (Concurrent Start) (G1 Evacuation Pause) 926M->697M(978M) 2.856ms
[596.354s][info][gc             ] GC(1416) Concurrent Mark Cycle
[596.354s][info][gc,marking     ] GC(1416) Concurrent Scan Root Regions
[596.355s][info][gc,cpu         ] GC(1415) User=0.01s Sys=0.00s Real=0.01s
[596.358s][info][gc,marking     ] GC(1416) Concurrent Scan Root Regions 3.766ms
[596.358s][info][gc,marking     ] GC(1416) Concurrent Mark
[596.358s][info][gc,marking     ] GC(1416) Concurrent Mark From Roots
[596.358s][info][gc,task        ] GC(1416) Using 1 workers of 1 for marking
[596.831s][info][gc,start       ] GC(1417) Pause Young (Normal) (G1 Evacuation Pause)
[596.831s][info][gc,task        ] GC(1417) Using 2 workers of 2 for evacuation
[596.872s][info][gc,phases      ] GC(1417)   Pre Evacuate Collection Set: 0.52ms
[596.872s][info][gc,phases      ] GC(1417)   Merge Heap Roots: 0.38ms
[596.872s][info][gc,phases      ] GC(1417)   Evacuate Collection Set: 38.97ms
[596.872s][info][gc,phases      ] GC(1417)   Post Evacuate Collection Set: 0.54ms
[596.872s][info][gc,phases      ] GC(1417)   Other: 0.09ms
[596.872s][info][gc,heap        ] GC(1417) Eden regions: 229->0(190)
[596.872s][info][gc,heap        ] GC(1417) Survivor regions: 1->19(29)
[596.872s][info][gc,heap        ] GC(1417) Old regions: 688->688
[596.872s][info][gc,heap        ] GC(1417) Humongous regions: 12->12
[596.872s][info][gc,metaspace   ] GC(1417) Metaspace: 19098K(19328K)->19098K(19328K) NonClass: 16431K(16576K)->16431K(16576K) Class: 2667K(2752K)->2667K(2752K)
[596.872s][info][gc             ] GC(1417) Pause Young (Normal) (G1 Evacuation Pause) 929M->718M(978M) 40.737ms
[596.872s][info][gc,cpu         ] GC(1417) User=0.08s Sys=0.00s Real=0.04s
[597.444s][info][gc,start       ] GC(1418) Pause Young (Normal) (G1 Evacuation Pause)
[597.444s][info][gc,task        ] GC(1418) Using 2 workers of 2 for evacuation
[597.479s][info][gc,phases      ] GC(1418)   Pre Evacuate Collection Set: 0.31ms
[597.479s][info][gc,phases      ] GC(1418)   Merge Heap Roots: 0.32ms
[597.479s][info][gc,phases      ] GC(1418)   Evacuate Collection Set: 33.96ms
[597.479s][info][gc,phases      ] GC(1418)   Post Evacuate Collection Set: 0.39ms
[597.479s][info][gc,phases      ] GC(1418)   Other: 0.09ms
[597.479s][info][gc,heap        ] GC(1418) Eden regions: 190->0(207)
[597.479s][info][gc,heap        ] GC(1418) Survivor regions: 19->1(27)
[597.479s][info][gc,heap        ] GC(1418) Old regions: 688->707
[597.479s][info][gc,heap        ] GC(1418) Humongous regions: 12->12
[597.479s][info][gc,metaspace   ] GC(1418) Metaspace: 19098K(19328K)->19098K(19328K) NonClass: 16431K(16576K)->16431K(16576K) Class: 2667K(2752K)->2667K(2752K)
[597.479s][info][gc             ] GC(1418) Pause Young (Normal) (G1 Evacuation Pause) 908M->719M(978M) 35.317ms
[597.479s][info][gc,cpu         ] GC(1418) User=0.07s Sys=0.00s Real=0.03s
[597.510s][info][gc,marking     ] GC(1416) Concurrent Mark From Roots 1151.750ms
[597.510s][info][gc,marking     ] GC(1416) Concurrent Preclean
[597.510s][info][gc,marking     ] GC(1416) Concurrent Preclean 0.039ms
[597.510s][info][gc,start       ] GC(1416) Pause Remark
[597.518s][info][gc             ] GC(1416) Pause Remark 729M->515M(978M) 8.013ms
[597.518s][info][gc,cpu         ] GC(1416) User=0.01s Sys=0.00s Real=0.01s
[597.518s][info][gc,marking     ] GC(1416) Concurrent Mark 1160.067ms
[597.518s][info][gc,marking     ] GC(1416) Concurrent Rebuild Remembered Sets and Scrub Regions
[597.846s][info][gc,marking     ] GC(1416) Concurrent Rebuild Remembered Sets and Scrub Regions 327.904ms
[597.846s][info][gc,start       ] GC(1416) Pause Cleanup
[597.846s][info][gc             ] GC(1416) Pause Cleanup 705M->705M(978M) 0.147ms
[597.846s][info][gc,cpu         ] GC(1416) User=0.00s Sys=0.00s Real=0.00s
[597.846s][info][gc,marking     ] GC(1416) Concurrent Clear Claimed Marks
[597.846s][info][gc,marking     ] GC(1416) Concurrent Clear Claimed Marks 0.031ms
[597.846s][info][gc,marking     ] GC(1416) Concurrent Cleanup for Next Mark
[597.849s][info][gc,marking     ] GC(1416) Concurrent Cleanup for Next Mark 2.838ms
[597.849s][info][gc             ] GC(1416) Concurrent Mark Cycle 1495.061ms
[597.856s][info][gc,start       ] GC(1419) Pause Young (Prepare Mixed) (G1 Evacuation Pause)
[597.857s][info][gc,task        ] GC(1419) Using 2 workers of 2 for evacuation
[597.884s][info][gc,phases      ] GC(1419)   Pre Evacuate Collection Set: 0.46ms
[597.884s][info][gc,phases      ] GC(1419)   Merge Heap Roots: 0.35ms
[597.884s][info][gc,phases      ] GC(1419)   Evacuate Collection Set: 25.96ms
[597.884s][info][gc,phases      ] GC(1419)   Post Evacuate Collection Set: 0.43ms
[597.884s][info][gc,phases      ] GC(1419)   Other: 0.07ms
[597.884s][info][gc,heap        ] GC(1419) Eden regions: 207->0(379)
[597.884s][info][gc,heap        ] GC(1419) Survivor regions: 1->22(26)
[597.884s][info][gc,heap        ] GC(1419) Old regions: 498->498
[597.884s][info][gc,heap        ] GC(1419) Humongous regions: 7->7
[597.884s][info][gc,metaspace   ] GC(1419) Metaspace: 19098K(19328K)->19098K(19328K) NonClass: 16431K(16576K)->16431K(16576K) Class: 2667K(2752K)->2667K(2752K)
[597.884s][info][gc             ] GC(1419) Pause Young (Prepare Mixed) (G1 Evacuation Pause) 712M->526M(978M) 27.429ms
[597.884s][info][gc,cpu         ] GC(1419) User=0.05s Sys=0.00s Real=0.03s
[598.214s][info][gc,start       ] GC(1420) Pause Young (Mixed) (G1 Evacuation Pause)
[598.214s][info][gc,task        ] GC(1420) Using 2 workers of 2 for evacuation
[598.259s][info][gc,phases      ] GC(1420)   Pre Evacuate Collection Set: 0.36ms
[598.259s][info][gc,phases      ] GC(1420)   Merge Heap Roots: 0.29ms
[598.259s][info][gc,phases      ] GC(1420)   Evacuate Collection Set: 43.13ms
[598.259s][info][gc,phases      ] GC(1420)   Post Evacuate Collection Set: 0.68ms
[598.259s][info][gc,phases      ] GC(1420)   Other: 0.10ms
[598.259s][info][gc,heap        ] GC(1420) Eden regions: 379->0(444)
[598.259s][info][gc,heap        ] GC(1420) Survivor regions: 22->38(51)
[598.259s][info][gc,heap        ] GC(1420) Old regions: 498->401
[598.259s][info][gc,heap        ] GC(1420) Humongous regions: 7->7
[598.259s][info][gc,metaspace   ] GC(1420) Metaspace: 19098K(19328K)->19098K(19328K) NonClass: 16431K(16576K)->16431K(16576K) Class: 2667K(2752K)->2667K(2752K)
[598.259s][info][gc             ] GC(1420) Pause Young (Mixed) (G1 Evacuation Pause) 905M->445M(978M) 44.807ms
[598.259s][info][gc,cpu         ] GC(1420) User=0.08s Sys=0.00s Real=0.04s
[598.710s][info][gc,start       ] GC(1421) Pause Young (Concurrent Start) (G1 Evacuation Pause)
[598.710s][info][gc,task        ] GC(1421) Using 2 workers of 2 for evacuation
[598.775s][info][gc,phases      ] GC(1421)   Pre Evacuate Collection Set: 0.35ms
[598.775s][info][gc,phases      ] GC(1421)   Merge Heap Roots: 0.26ms
[598.775s][info][gc,phases      ] GC(1421)   Evacuate Collection Set: 63.19ms
[598.775s][info][gc,phases      ] GC(1421)   Post Evacuate Collection Set: 0.69ms
[598.775s][info][gc,phases      ] GC(1421)   Other: 0.12ms
[598.775s][info][gc,heap        ] GC(1421) Eden regions: 444->0(416)
[598.775s][info][gc,heap        ] GC(1421) Survivor regions: 38->41(61)
[598.775s][info][gc,heap        ] GC(1421) Old regions: 401->423
[598.775s][info][gc,heap        ] GC(1421) Humongous regions: 7->7
[598.775s][info][gc,metaspace   ] GC(1421) Metaspace: 19098K(19328K)->19098K(19328K) NonClass: 16431K(16576K)->16431K(16576K) Class: 2667K(2752K)->2667K(2752K)
[598.775s][info][gc             ] GC(1421) Pause Young (Concurrent Start) (G1 Evacuation Pause) 889M->470M(978M) 64.875ms
[598.775s][info][gc             ] GC(1422) Concurrent Mark Cycle
[598.775s][info][gc,marking     ] GC(1422) Concurrent Scan Root Regions
[598.775s][info][gc,cpu         ] GC(1421) User=0.13s Sys=0.00s Real=0.07s
[598.892s][info][gc,marking     ] GC(1422) Concurrent Scan Root Regions 116.754ms
[598.892s][info][gc,marking     ] GC(1422) Concurrent Mark
[598.892s][info][gc,marking     ] GC(1422) Concurrent Mark From Roots
[598.892s][info][gc,task        ] GC(1422) Using 1 workers of 1 for marking
[599.549s][info][gc,marking     ] GC(1422) Concurrent Mark From Roots 656.917ms
[599.549s][info][gc,marking     ] GC(1422) Concurrent Preclean
[599.549s][info][gc,marking     ] GC(1422) Concurrent Preclean 0.072ms
[599.549s][info][gc,start       ] GC(1422) Pause Remark
[599.557s][info][gc             ] GC(1422) Pause Remark 860M->748M(978M) 7.919ms
[599.557s][info][gc,cpu         ] GC(1422) User=0.02s Sys=0.00s Real=0.01s
[599.557s][info][gc,marking     ] GC(1422) Concurrent Mark 665.229ms
[599.557s][info][gc,marking     ] GC(1422) Concurrent Rebuild Remembered Sets and Scrub Regions
[599.609s][info][gc,start       ] GC(1423) Pause Young (Normal) (G1 Evacuation Pause)
[599.609s][info][gc,task        ] GC(1423) Using 2 workers of 2 for evacuation
[599.701s][info][gc,phases      ] GC(1423)   Pre Evacuate Collection Set: 0.48ms
[599.701s][info][gc,phases      ] GC(1423)   Merge Heap Roots: 0.44ms
[599.701s][info][gc,phases      ] GC(1423)   Evacuate Collection Set: 90.03ms
[599.701s][info][gc,phases      ] GC(1423)   Post Evacuate Collection Set: 0.67ms
[599.701s][info][gc,phases      ] GC(1423)   Other: 0.10ms
[599.701s][info][gc,heap        ] GC(1423) Eden regions: 416->0(465)
[599.701s][info][gc,heap        ] GC(1423) Survivor regions: 41->58(58)
[599.701s][info][gc,heap        ] GC(1423) Old regions: 314->338
[599.701s][info][gc,heap        ] GC(1423) Humongous regions: 4->4
[599.701s][info][gc,metaspace   ] GC(1423) Metaspace: 19098K(19328K)->19098K(19328K) NonClass: 16431K(16576K)->16431K(16576K) Class: 2667K(2752K)->2667K(2752K)
[599.701s][info][gc             ] GC(1423) Pause Young (Normal) (G1 Evacuation Pause) 774M->399M(978M) 91.974ms
[599.701s][info][gc,cpu         ] GC(1423) User=0.18s Sys=0.00s Real=0.09s
[599.932s][info][gc,marking     ] GC(1422) Concurrent Rebuild Remembered Sets and Scrub Regions 374.913ms
[599.932s][info][gc,start       ] GC(1422) Pause Cleanup
[599.933s][info][gc             ] GC(1422) Pause Cleanup 572M->572M(978M) 0.119ms
[599.933s][info][gc,cpu         ] GC(1422) User=0.00s Sys=0.00s Real=0.00s
[599.934s][info][gc,marking     ] GC(1422) Concurrent Clear Claimed Marks
[599.934s][info][gc,marking     ] GC(1422) Concurrent Clear Claimed Marks 0.058ms
[599.934s][info][gc,marking     ] GC(1422) Concurrent Cleanup for Next Mark
[599.941s][info][gc,marking     ] GC(1422) Concurrent Cleanup for Next Mark 7.277ms
[599.941s][info][gc             ] GC(1422) Concurrent Mark Cycle 1165.802ms
[600.241s][info][gc,start       ] GC(1424) Pause Young (Prepare Mixed) (G1 Evacuation Pause)
[600.241s][info][gc,task        ] GC(1424) Using 2 workers of 2 for evacuation
[600.317s][info][gc,phases      ] GC(1424)   Pre Evacuate Collection Set: 0.51ms
[600.317s][info][gc,phases      ] GC(1424)   Merge Heap Roots: 0.40ms
[600.317s][info][gc,phases      ] GC(1424)   Evacuate Collection Set: 74.04ms
[600.317s][info][gc,phases      ] GC(1424)   Post Evacuate Collection Set: 0.68ms
[600.317s][info][gc,phases      ] GC(1424)   Other: 0.11ms
[600.317s][info][gc,heap        ] GC(1424) Eden regions: 465->0(458)
[600.317s][info][gc,heap        ] GC(1424) Survivor regions: 58->17(66)
[600.317s][info][gc,heap        ] GC(1424) Old regions: 338->397
[600.317s][info][gc,heap        ] GC(1424) Humongous regions: 4->4
[600.317s][info][gc,metaspace   ] GC(1424) Metaspace: 19098K(19328K)->19098K(19328K) NonClass: 16431K(16576K)->16431K(16576K) Class: 2667K(2752K)->2667K(2752K)
[600.317s][info][gc             ] GC(1424) Pause Young (Prepare Mixed) (G1 Evacuation Pause) 864M->417M(978M) 75.970ms
[600.317s][info][gc,cpu         ] GC(1424) User=0.15s Sys=0.00s Real=0.08s
[601.298s][info][gc,start       ] GC(1425) Pause Young (Mixed) (G1 Evacuation Pause)
[601.298s][info][gc,task        ] GC(1425) Using 2 workers of 2 for evacuation
[601.327s][info][gc,phases      ] GC(1425)   Pre Evacuate Collection Set: 0.62ms
[601.327s][info][gc,phases      ] GC(1425)   Merge Heap Roots: 0.43ms
[601.327s][info][gc,phases      ] GC(1425)   Evacuate Collection Set: 27.48ms
[601.327s][info][gc,phases      ] GC(1425)   Post Evacuate Collection Set: 0.72ms
[601.327s][info][gc,phases      ] GC(1425)   Other: 0.09ms
[601.327s][info][gc,heap        ] GC(1425) Eden regions: 458->0(504)
[601.327s][info][gc,heap        ] GC(1425) Survivor regions: 17->22(60)
[601.327s][info][gc,heap        ] GC(1425) Old regions: 397->356
[601.327s][info][gc,heap        ] GC(1425) Humongous regions: 4->4
[601.327s][info][gc,metaspace   ] GC(1425) Metaspace: 19098K(19328K)->19098K(19328K) NonClass: 16431K(16576K)->16431K(16576K) Class: 2667K(2752K)->2667K(2752K)
[601.327s][info][gc             ] GC(1425) Pause Young (Mixed) (G1 Evacuation Pause) 875M->381M(978M) 29.559ms
[601.327s][info][gc,cpu         ] GC(1425) User=0.05s Sys=0.01s Real=0.03s
[602.039s][info][gc,start       ] GC(1426) Pause Young (Concurrent Start) (G1 Evacuation Pause)
[602.039s][info][gc,task        ] GC(1426) Using 2 workers of 2 for evacuation
[602.170s][info][gc,phases      ] GC(1426)   Pre Evacuate Collection Set: 0.30ms
[602.170s][info][gc,phases      ] GC(1426)   Merge Heap Roots: 0.27ms
[602.170s][info][gc,phases      ] GC(1426)   Evacuate Collection Set: 118.84ms
[602.170s][info][gc,phases      ] GC(1426)   Post Evacuate Collection Set: 11.69ms
[602.170s][info][gc,phases      ] GC(1426)   Other: 0.13ms
[602.170s][info][gc,heap        ] GC(1426) Eden regions: 504->0(209)
[602.170s][info][gc,heap        ] GC(1426) Survivor regions: 22->66(66)
[602.170s][info][gc,heap        ] GC(1426) Old regions: 356->583
[602.170s][info][gc,heap        ] GC(1426) Humongous regions: 4->4
[602.170s][info][gc,metaspace   ] GC(1426) Metaspace: 19098K(19328K)->19098K(19328K) NonClass: 16431K(16576K)->16431K(16576K) Class: 2667K(2752K)->2667K(2752K)
[602.170s][info][gc             ] GC(1426) Pause Young (Concurrent Start) (G1 Evacuation Pause) (Evacuation Failure: Allocation) 885M->652M(978M) 131.432ms
[602.170s][info][gc,cpu         ] GC(1426) User=0.26s Sys=0.00s Real=0.13s
[602.170s][info][gc             ] GC(1427) Concurrent Mark Cycle
[602.172s][info][gc,marking     ] GC(1427) Concurrent Scan Root Regions
[602.324s][info][gc,marking     ] GC(1427) Concurrent Scan Root Regions 152.578ms
[602.324s][info][gc,marking     ] GC(1427) Concurrent Mark
[602.324s][info][gc,marking     ] GC(1427) Concurrent Mark From Roots
[602.324s][info][gc,task        ] GC(1427) Using 1 workers of 1 for marking
[602.457s][info][gc,start       ] GC(1428) Pause Young (Normal) (G1 Evacuation Pause)
[602.457s][info][gc,task        ] GC(1428) Using 2 workers of 2 for evacuation
[602.644s][info][gc,phases      ] GC(1428)   Pre Evacuate Collection Set: 0.56ms
[602.644s][info][gc,phases      ] GC(1428)   Merge Heap Roots: 0.58ms
[602.644s][info][gc,phases      ] GC(1428)   Evacuate Collection Set: 164.77ms
[602.644s][info][gc,phases      ] GC(1428)   Post Evacuate Collection Set: 20.75ms
[602.644s][info][gc,phases      ] GC(1428)   Other: 0.09ms
[602.644s][info][gc,heap        ] GC(1428) Eden regions: 209->0(124)
[602.644s][info][gc,heap        ] GC(1428) Survivor regions: 66->32(35)
[602.644s][info][gc,heap        ] GC(1428) Old regions: 583->736
[602.644s][info][gc,heap        ] GC(1428) Humongous regions: 4->4
[602.644s][info][gc,metaspace   ] GC(1428) Metaspace: 19098K(19328K)->19098K(19328K) NonClass: 16431K(16576K)->16431K(16576K) Class: 2667K(2752K)->2667K(2752K)
[602.644s][info][gc             ] GC(1428) Pause Young (Normal) (G1 Evacuation Pause) (Evacuation Failure: Allocation) 861M->771M(978M) 187.042ms
[602.644s][info][gc,cpu         ] GC(1428) User=0.37s Sys=0.00s Real=0.19s
[603.052s][info][gc,start       ] GC(1429) Pause Young (Normal) (G1 Evacuation Pause)
[603.052s][info][gc,task        ] GC(1429) Using 2 workers of 2 for evacuation
[603.158s][info][gc,phases      ] GC(1429)   Pre Evacuate Collection Set: 0.41ms
[603.158s][info][gc,phases      ] GC(1429)   Merge Heap Roots: 0.86ms
[603.158s][info][gc,phases      ] GC(1429)   Evacuate Collection Set: 98.14ms
[603.158s][info][gc,phases      ] GC(1429)   Post Evacuate Collection Set: 6.44ms
[603.158s][info][gc,phases      ] GC(1429)   Other: 0.09ms
[603.158s][info][gc,heap        ] GC(1429) Eden regions: 124->0(186)
[603.158s][info][gc,heap        ] GC(1429) Survivor regions: 32->13(20)
[603.158s][info][gc,heap        ] GC(1429) Old regions: 736->696
[603.158s][info][gc,heap        ] GC(1429) Humongous regions: 7->7
[603.158s][info][gc,metaspace   ] GC(1429) Metaspace: 19098K(19328K)->19098K(19328K) NonClass: 16431K(16576K)->16431K(16576K) Class: 2667K(2752K)->2667K(2752K)
[603.158s][info][gc             ] GC(1429) Pause Young (Normal) (G1 Evacuation Pause) (Evacuation Failure: Allocation) 898M->715M(978M) 106.169ms
[603.158s][info][gc,cpu         ] GC(1429) User=0.21s Sys=0.00s Real=0.11s
[603.603s][info][gc,marking     ] GC(1427) Concurrent Mark From Roots 1278.934ms
[603.603s][info][gc,marking     ] GC(1427) Concurrent Preclean
[603.603s][info][gc,marking     ] GC(1427) Concurrent Preclean 0.037ms
[603.603s][info][gc,start       ] GC(1427) Pause Remark
[603.611s][info][gc             ] GC(1427) Pause Remark 842M->842M(978M) 7.767ms
[603.611s][info][gc,cpu         ] GC(1427) User=0.01s Sys=0.00s Real=0.00s
[603.611s][info][gc,marking     ] GC(1427) Concurrent Mark 1287.048ms
[603.611s][info][gc,marking     ] GC(1427) Concurrent Rebuild Remembered Sets and Scrub Regions
[603.706s][info][gc,start       ] GC(1430) Pause Young (Normal) (G1 Evacuation Pause)
[603.706s][info][gc,task        ] GC(1430) Using 2 workers of 2 for evacuation
[603.772s][info][gc,phases      ] GC(1430)   Pre Evacuate Collection Set: 0.54ms
[603.772s][info][gc,phases      ] GC(1430)   Merge Heap Roots: 1.19ms
[603.772s][info][gc,phases      ] GC(1430)   Evacuate Collection Set: 63.33ms
[603.772s][info][gc,phases      ] GC(1430)   Post Evacuate Collection Set: 0.57ms
[603.772s][info][gc,phases      ] GC(1430)   Other: 0.08ms
[603.772s][info][gc,heap        ] GC(1430) Eden regions: 186->0(283)
[603.772s][info][gc,heap        ] GC(1430) Survivor regions: 13->5(25)
[603.772s][info][gc,heap        ] GC(1430) Old regions: 696->587
[603.772s][info][gc,heap        ] GC(1430) Humongous regions: 7->7
[603.772s][info][gc,metaspace   ] GC(1430) Metaspace: 19098K(19328K)->19098K(19328K) NonClass: 16431K(16576K)->16431K(16576K) Class: 2667K(2752K)->2667K(2752K)
[603.772s][info][gc             ] GC(1430) Pause Young (Normal) (G1 Evacuation Pause) 901M->598M(978M) 65.942ms
[603.772s][info][gc,cpu         ] GC(1430) User=0.12s Sys=0.00s Real=0.06s
[604.158s][info][gc,marking     ] GC(1427) Concurrent Rebuild Remembered Sets and Scrub Regions 546.286ms
[604.158s][info][gc,start       ] GC(1427) Pause Cleanup
[604.158s][info][gc             ] GC(1427) Pause Cleanup 802M->802M(978M) 0.151ms
[604.158s][info][gc,cpu         ] GC(1427) User=0.00s Sys=0.00s Real=0.00s
[604.158s][info][gc,marking     ] GC(1427) Concurrent Clear Claimed Marks
[604.158s][info][gc,marking     ] GC(1427) Concurrent Clear Claimed Marks 0.060ms
[604.158s][info][gc,marking     ] GC(1427) Concurrent Cleanup for Next Mark
[604.165s][info][gc,marking     ] GC(1427) Concurrent Cleanup for Next Mark 6.780ms
[604.165s][info][gc             ] GC(1427) Concurrent Mark Cycle 1994.592ms
[604.285s][info][gc,start       ] GC(1431) Pause Young (Prepare Mixed) (G1 Evacuation Pause)
[604.285s][info][gc,task        ] GC(1431) Using 2 workers of 2 for evacuation
[604.355s][info][gc,phases      ] GC(1431)   Pre Evacuate Collection Set: 0.32ms
[604.355s][info][gc,phases      ] GC(1431)   Merge Heap Roots: 0.82ms
[604.355s][info][gc,phases      ] GC(1431)   Evacuate Collection Set: 67.65ms
[604.355s][info][gc,phases      ] GC(1431)   Post Evacuate Collection Set: 0.82ms
[604.355s][info][gc,phases      ] GC(1431)   Other: 0.11ms
[604.355s][info][gc,heap        ] GC(1431) Eden regions: 283->0(259)
[604.355s][info][gc,heap        ] GC(1431) Survivor regions: 5->30(36)
[604.355s][info][gc,heap        ] GC(1431) Old regions: 587->585
[604.355s][info][gc,heap        ] GC(1431) Humongous regions: 13->13
[604.355s][info][gc,metaspace   ] GC(1431) Metaspace: 19098K(19328K)->19098K(19328K) NonClass: 16431K(16576K)->16431K(16576K) Class: 2667K(2752K)->2667K(2752K)
[604.355s][info][gc             ] GC(1431) Pause Young (Prepare Mixed) (G1 Evacuation Pause) 887M->627M(978M) 69.941ms
[604.355s][info][gc,cpu         ] GC(1431) User=0.14s Sys=0.00s Real=0.07s
[604.754s][info][gc,start       ] GC(1432) Pause Young (Mixed) (G1 Evacuation Pause)
[604.754s][info][gc,task        ] GC(1432) Using 2 workers of 2 for evacuation
[604.820s][info][gc,phases      ] GC(1432)   Pre Evacuate Collection Set: 0.30ms
[604.820s][info][gc,phases      ] GC(1432)   Merge Heap Roots: 0.68ms
[604.820s][info][gc,phases      ] GC(1432)   Evacuate Collection Set: 63.96ms
[604.820s][info][gc,phases      ] GC(1432)   Post Evacuate Collection Set: 0.48ms
[604.820s][info][gc,phases      ] GC(1432)   Other: 0.10ms
[604.820s][info][gc,heap        ] GC(1432) Eden regions: 259->0(282)
[604.820s][info][gc,heap        ] GC(1432) Survivor regions: 30->1(37)
[604.820s][info][gc,heap        ] GC(1432) Old regions: 585->605
[604.820s][info][gc,heap        ] GC(1432) Humongous regions: 13->13
[604.820s][info][gc,metaspace   ] GC(1432) Metaspace: 19098K(19328K)->19098K(19328K) NonClass: 16431K(16576K)->16431K(16576K) Class: 2667K(2752K)->2667K(2752K)
[604.820s][info][gc             ] GC(1432) Pause Young (Mixed) (G1 Evacuation Pause) 886M->618M(978M) 65.751ms
[604.820s][info][gc,cpu         ] GC(1432) User=0.13s Sys=0.00s Real=0.06s
[605.244s][info][gc,start       ] GC(1433) Pause Young (Concurrent Start) (G1 Evacuation Pause)
[605.244s][info][gc,task        ] GC(1433) Using 2 workers of 2 for evacuation
[605.245s][info][gc,phases      ] GC(1433)   Pre Evacuate Collection Set: 0.32ms
[605.245s][info][gc,phases      ] GC(1433)   Merge Heap Roots: 0.09ms
[605.245s][info][gc,phases      ] GC(1433)   Evacuate Collection Set: 0.45ms
[605.245s][info][gc,phases      ] GC(1433)   Post Evacuate Collection Set: 0.46ms
[605.245s][info][gc,phases      ] GC(1433)   Other: 0.10ms
[605.246s][info][gc,heap        ] GC(1433) Eden regions: 282->0(297)
[605.246s][info][gc,heap        ] GC(1433) Survivor regions: 1->1(36)
[605.246s][info][gc,heap        ] GC(1433) Old regions: 605->605
[605.246s][info][gc,heap        ] GC(1433) Humongous regions: 13->13
[605.246s][info][gc,metaspace   ] GC(1433) Metaspace: 19098K(19328K)->19098K(19328K) NonClass: 16431K(16576K)->16431K(16576K) Class: 2667K(2752K)->2667K(2752K)
[605.246s][info][gc             ] GC(1433) Pause Young (Concurrent Start) (G1 Evacuation Pause) 900M->618M(978M) 1.624ms
[605.246s][info][gc             ] GC(1434) Concurrent Mark Cycle
[605.246s][info][gc,marking     ] GC(1434) Concurrent Scan Root Regions
[605.246s][info][gc,cpu         ] GC(1433) User=0.00s Sys=0.00s Real=0.00s
[605.248s][info][gc,marking     ] GC(1434) Concurrent Scan Root Regions 2.337ms
[605.248s][info][gc,marking     ] GC(1434) Concurrent Mark
[605.248s][info][gc,marking     ] GC(1434) Concurrent Mark From Roots
[605.248s][info][gc,task        ] GC(1434) Using 1 workers of 1 for marking
[605.854s][info][gc,start       ] GC(1435) Pause Young (Normal) (G1 Evacuation Pause)
[605.854s][info][gc,task        ] GC(1435) Using 2 workers of 2 for evacuation
[605.890s][info][gc,phases      ] GC(1435)   Pre Evacuate Collection Set: 0.52ms
[605.890s][info][gc,phases      ] GC(1435)   Merge Heap Roots: 0.19ms
[605.890s][info][gc,phases      ] GC(1435)   Evacuate Collection Set: 34.30ms
[605.890s][info][gc,phases      ] GC(1435)   Post Evacuate Collection Set: 0.49ms
[605.890s][info][gc,phases      ] GC(1435)   Other: 0.09ms
[605.890s][info][gc,heap        ] GC(1435) Eden regions: 297->0(248)
[605.890s][info][gc,heap        ] GC(1435) Survivor regions: 1->31(38)
[605.890s][info][gc,heap        ] GC(1435) Old regions: 605->605
[605.890s][info][gc,heap        ] GC(1435) Humongous regions: 13->13
[605.890s][info][gc,metaspace   ] GC(1435) Metaspace: 19098K(19328K)->19098K(19328K) NonClass: 16431K(16576K)->16431K(16576K) Class: 2667K(2752K)->2667K(2752K)
[605.890s][info][gc             ] GC(1435) Pause Young (Normal) (G1 Evacuation Pause) 915M->648M(978M) 35.814ms
[605.890s][info][gc,cpu         ] GC(1435) User=0.07s Sys=0.00s Real=0.03s
[606.336s][info][gc,start       ] GC(1436) Pause Young (Normal) (G1 Evacuation Pause)
[606.336s][info][gc,task        ] GC(1436) Using 2 workers of 2 for evacuation
[606.372s][info][gc,phases      ] GC(1436)   Pre Evacuate Collection Set: 0.52ms
[606.372s][info][gc,phases      ] GC(1436)   Merge Heap Roots: 0.15ms
[606.372s][info][gc,phases      ] GC(1436)   Evacuate Collection Set: 35.00ms
[606.372s][info][gc,phases      ] GC(1436)   Post Evacuate Collection Set: 0.49ms
[606.372s][info][gc,phases      ] GC(1436)   Other: 0.07ms
[606.372s][info][gc,heap        ] GC(1436) Eden regions: 248->0(261)
[606.372s][info][gc,heap        ] GC(1436) Survivor regions: 31->7(35)
[606.372s][info][gc,heap        ] GC(1436) Old regions: 605->636
[606.372s][info][gc,heap        ] GC(1436) Humongous regions: 13->13
[606.372s][info][gc,metaspace   ] GC(1436) Metaspace: 19098K(19328K)->19098K(19328K) NonClass: 16431K(16576K)->16431K(16576K) Class: 2667K(2752K)->2667K(2752K)
[606.372s][info][gc             ] GC(1436) Pause Young (Normal) (G1 Evacuation Pause) 896M->655M(978M) 36.454ms
[606.373s][info][gc,cpu         ] GC(1436) User=0.07s Sys=0.00s Real=0.03s
[606.620s][info][gc,marking     ] GC(1434) Concurrent Mark From Roots 1371.693ms
[606.620s][info][gc,marking     ] GC(1434) Concurrent Preclean
[606.620s][info][gc,marking     ] GC(1434) Concurrent Preclean 0.038ms
[606.620s][info][gc,start       ] GC(1434) Pause Remark
[606.628s][info][gc             ] GC(1434) Pause Remark 764M->674M(978M) 8.204ms
[606.628s][info][gc,cpu         ] GC(1434) User=0.02s Sys=0.01s Real=0.01s
[606.630s][info][gc,marking     ] GC(1434) Concurrent Mark 1381.973ms
[606.630s][info][gc,marking     ] GC(1434) Concurrent Rebuild Remembered Sets and Scrub Regions
[607.058s][info][gc,start       ] GC(1437) Pause Young (Normal) (G1 Evacuation Pause)
[607.058s][info][gc,task        ] GC(1437) Using 2 workers of 2 for evacuation
[607.074s][info][gc,phases      ] GC(1437)   Pre Evacuate Collection Set: 0.62ms
[607.074s][info][gc,phases      ] GC(1437)   Merge Heap Roots: 0.25ms
[607.074s][info][gc,phases      ] GC(1437)   Evacuate Collection Set: 14.51ms
[607.074s][info][gc,phases      ] GC(1437)   Post Evacuate Collection Set: 0.48ms
[607.074s][info][gc,phases      ] GC(1437)   Other: 0.11ms
[607.074s][info][gc,heap        ] GC(1437) Eden regions: 261->0(345)
[607.074s][info][gc,heap        ] GC(1437) Survivor regions: 7->11(34)
[607.074s][info][gc,heap        ] GC(1437) Old regions: 552->552
[607.074s][info][gc,heap        ] GC(1437) Humongous regions: 7->7
[607.074s][info][gc,metaspace   ] GC(1437) Metaspace: 19098K(19328K)->19098K(19328K) NonClass: 16431K(16576K)->16431K(16576K) Class: 2667K(2752K)->2667K(2752K)
[607.074s][info][gc             ] GC(1437) Pause Young (Normal) (G1 Evacuation Pause) 826M->569M(978M) 16.202ms
[607.074s][info][gc,cpu         ] GC(1437) User=0.03s Sys=0.00s Real=0.02s
[607.172s][info][gc,marking     ] GC(1434) Concurrent Rebuild Remembered Sets and Scrub Regions 541.983ms
[607.172s][info][gc,start       ] GC(1434) Pause Cleanup
[607.172s][info][gc             ] GC(1434) Pause Cleanup 599M->599M(978M) 0.111ms
[607.172s][info][gc,cpu         ] GC(1434) User=0.00s Sys=0.00s Real=0.00s
[607.174s][info][gc,marking     ] GC(1434) Concurrent Clear Claimed Marks
[607.174s][info][gc,marking     ] GC(1434) Concurrent Clear Claimed Marks 0.053ms
[607.174s][info][gc,marking     ] GC(1434) Concurrent Cleanup for Next Mark
[607.179s][info][gc,marking     ] GC(1434) Concurrent Cleanup for Next Mark 4.861ms
[607.179s][info][gc             ] GC(1434) Concurrent Mark Cycle 1933.245ms
[607.692s][info][gc,start       ] GC(1438) Pause Young (Prepare Mixed) (G1 Evacuation Pause)
[607.692s][info][gc,task        ] GC(1438) Using 2 workers of 2 for evacuation
[607.720s][info][gc,phases      ] GC(1438)   Pre Evacuate Collection Set: 0.53ms
[607.720s][info][gc,phases      ] GC(1438)   Merge Heap Roots: 0.23ms
[607.720s][info][gc,phases      ] GC(1438)   Evacuate Collection Set: 26.46ms
[607.720s][info][gc,phases      ] GC(1438)   Post Evacuate Collection Set: 0.57ms
[607.720s][info][gc,phases      ] GC(1438)   Other: 0.11ms
[607.720s][info][gc,heap        ] GC(1438) Eden regions: 345->0(323)
[607.720s][info][gc,heap        ] GC(1438) Survivor regions: 11->23(45)
[607.720s][info][gc,heap        ] GC(1438) Old regions: 552->552
[607.720s][info][gc,heap        ] GC(1438) Humongous regions: 7->7
[607.720s][info][gc,metaspace   ] GC(1438) Metaspace: 19098K(19328K)->19098K(19328K) NonClass: 16431K(16576K)->16431K(16576K) Class: 2667K(2752K)->2667K(2752K)
[607.720s][info][gc             ] GC(1438) Pause Young (Prepare Mixed) (G1 Evacuation Pause) 914M->581M(978M) 28.181ms
[607.720s][info][gc,cpu         ] GC(1438) User=0.06s Sys=0.00s Real=0.03s
[608.096s][info][gc,start       ] GC(1439) Pause Young (Mixed) (G1 Evacuation Pause)
[608.096s][info][gc,task        ] GC(1439) Using 2 workers of 2 for evacuation
[608.170s][info][gc,phases      ] GC(1439)   Pre Evacuate Collection Set: 0.34ms
[608.170s][info][gc,phases      ] GC(1439)   Merge Heap Roots: 0.25ms
[608.170s][info][gc,phases      ] GC(1439)   Evacuate Collection Set: 70.62ms
[608.170s][info][gc,phases      ] GC(1439)   Post Evacuate Collection Set: 2.31ms
[608.170s][info][gc,phases      ] GC(1439)   Other: 0.10ms
[608.170s][info][gc,heap        ] GC(1439) Eden regions: 323->0(263)
[608.170s][info][gc,heap        ] GC(1439) Survivor regions: 23->44(44)
[608.170s][info][gc,heap        ] GC(1439) Old regions: 552->570
[608.170s][info][gc,heap        ] GC(1439) Humongous regions: 7->7
[608.170s][info][gc,metaspace   ] GC(1439) Metaspace: 19098K(19328K)->19098K(19328K) NonClass: 16431K(16576K)->16431K(16576K) Class: 2667K(2752K)->2667K(2752K)
[608.170s][info][gc             ] GC(1439) Pause Young (Mixed) (G1 Evacuation Pause) (Evacuation Failure: Allocation) 904M->620M(978M) 73.941ms
[608.170s][info][gc,cpu         ] GC(1439) User=0.15s Sys=0.00s Real=0.07s
[608.259s][info][gc,start       ] GC(1440) Pause Young (Concurrent Start) (G1 Humongous Allocation)
[608.259s][info][gc,task        ] GC(1440) Using 2 workers of 2 for evacuation
[608.317s][info][gc,phases      ] GC(1440)   Pre Evacuate Collection Set: 0.31ms
[608.317s][info][gc,phases      ] GC(1440)   Merge Heap Roots: 0.40ms
[608.317s][info][gc,phases      ] GC(1440)   Evacuate Collection Set: 56.82ms
[608.317s][info][gc,phases      ] GC(1440)   Post Evacuate Collection Set: 0.54ms
[608.317s][info][gc,phases      ] GC(1440)   Other: 0.14ms
[608.317s][info][gc,heap        ] GC(1440) Eden regions: 57->0(300)
[608.317s][info][gc,heap        ] GC(1440) Survivor regions: 44->7(39)
[608.317s][info][gc,heap        ] GC(1440) Old regions: 570->568
[608.317s][info][gc,heap        ] GC(1440) Humongous regions: 7->7
[608.317s][info][gc,metaspace   ] GC(1440) Metaspace: 19098K(19328K)->19098K(19328K) NonClass: 16431K(16576K)->16431K(16576K) Class: 2667K(2752K)->2667K(2752K)
[608.317s][info][gc             ] GC(1440) Pause Young (Concurrent Start) (G1 Humongous Allocation) 677M->581M(978M) 58.491ms
[608.317s][info][gc,cpu         ] GC(1440) User=0.11s Sys=0.00s Real=0.06s
[608.317s][info][gc             ] GC(1441) Concurrent Mark Cycle
[608.317s][info][gc,marking     ] GC(1441) Concurrent Scan Root Regions
[608.394s][info][gc,marking     ] GC(1441) Concurrent Scan Root Regions 76.954ms
[608.394s][info][gc,marking     ] GC(1441) Concurrent Mark
[608.394s][info][gc,marking     ] GC(1441) Concurrent Mark From Roots
[608.394s][info][gc,task        ] GC(1441) Using 1 workers of 1 for marking
[609.202s][info][gc,marking     ] GC(1441) Concurrent Mark From Roots 808.002ms
[609.202s][info][gc,marking     ] GC(1441) Concurrent Preclean
[609.202s][info][gc,marking     ] GC(1441) Concurrent Preclean 0.039ms
[609.202s][info][gc,start       ] GC(1441) Pause Remark
[609.210s][info][gc             ] GC(1441) Pause Remark 841M->703M(978M) 8.023ms
[609.211s][info][gc,cpu         ] GC(1441) User=0.01s Sys=0.00s Real=0.01s
[609.211s][info][gc,marking     ] GC(1441) Concurrent Mark 816.373ms
[609.211s][info][gc,marking     ] GC(1441) Concurrent Rebuild Remembered Sets and Scrub Regions
[609.297s][info][gc,start       ] GC(1442) Pause Young (Normal) (G1 Evacuation Pause)
[609.297s][info][gc,task        ] GC(1442) Using 2 workers of 2 for evacuation
[609.322s][info][gc,phases      ] GC(1442)   Pre Evacuate Collection Set: 0.48ms
[609.322s][info][gc,phases      ] GC(1442)   Merge Heap Roots: 0.39ms
[609.322s][info][gc,phases      ] GC(1442)   Evacuate Collection Set: 23.27ms
[609.322s][info][gc,phases      ] GC(1442)   Post Evacuate Collection Set: 0.57ms
[609.322s][info][gc,phases      ] GC(1442)   Other: 0.09ms
[609.322s][info][gc,heap        ] GC(1442) Eden regions: 300->0(423)
[609.322s][info][gc,heap        ] GC(1442) Survivor regions: 7->13(39)
[609.322s][info][gc,heap        ] GC(1442) Old regions: 432->432
[609.322s][info][gc,heap        ] GC(1442) Humongous regions: 8->8
[609.322s][info][gc,metaspace   ] GC(1442) Metaspace: 19098K(19328K)->19098K(19328K) NonClass: 16431K(16576K)->16431K(16576K) Class: 2667K(2752K)->2667K(2752K)
[609.322s][info][gc             ] GC(1442) Pause Young (Normal) (G1 Evacuation Pause) 746M->451M(978M) 25.011ms
[609.322s][info][gc,cpu         ] GC(1442) User=0.05s Sys=0.00s Real=0.02s
[609.558s][info][gc,marking     ] GC(1441) Concurrent Rebuild Remembered Sets and Scrub Regions 347.175ms
[609.558s][info][gc,start       ] GC(1441) Pause Cleanup
[609.558s][info][gc             ] GC(1441) Pause Cleanup 547M->547M(978M) 0.099ms
[609.558s][info][gc,cpu         ] GC(1441) User=0.00s Sys=0.00s Real=0.00s
[609.558s][info][gc,marking     ] GC(1441) Concurrent Clear Claimed Marks
[609.558s][info][gc,marking     ] GC(1441) Concurrent Clear Claimed Marks 0.031ms
[609.558s][info][gc,marking     ] GC(1441) Concurrent Cleanup for Next Mark
[609.561s][info][gc,marking     ] GC(1441) Concurrent Cleanup for Next Mark 2.821ms
[609.561s][info][gc             ] GC(1441) Concurrent Mark Cycle 1243.914ms
[610.032s][info][gc,start       ] GC(1443) Pause Young (Prepare Mixed) (G1 Evacuation Pause)
[610.032s][info][gc,task        ] GC(1443) Using 2 workers of 2 for evacuation
[610.055s][info][gc,phases      ] GC(1443)   Pre Evacuate Collection Set: 0.56ms
[610.055s][info][gc,phases      ] GC(1443)   Merge Heap Roots: 0.39ms
[610.055s][info][gc,phases      ] GC(1443)   Evacuate Collection Set: 21.36ms
[610.055s][info][gc,phases      ] GC(1443)   Post Evacuate Collection Set: 0.69ms
[610.055s][info][gc,phases      ] GC(1443)   Other: 0.10ms
[610.055s][info][gc,heap        ] GC(1443) Eden regions: 423->0(442)
[610.055s][info][gc,heap        ] GC(1443) Survivor regions: 13->13(55)
[610.055s][info][gc,heap        ] GC(1443) Old regions: 432->432
[610.055s][info][gc,heap        ] GC(1443) Humongous regions: 8->8
[610.055s][info][gc,metaspace   ] GC(1443) Metaspace: 19098K(19328K)->19098K(19328K) NonClass: 16431K(16576K)->16431K(16576K) Class: 2667K(2752K)->2667K(2752K)
[610.055s][info][gc             ] GC(1443) Pause Young (Prepare Mixed) (G1 Evacuation Pause) 874M->451M(978M) 23.350ms
[610.055s][info][gc,cpu         ] GC(1443) User=0.05s Sys=0.00s Real=0.03s
[610.565s][info][gc,start       ] GC(1444) Pause Young (Mixed) (G1 Evacuation Pause)
[610.565s][info][gc,task        ] GC(1444) Using 2 workers of 2 for evacuation
[610.619s][info][gc,phases      ] GC(1444)   Pre Evacuate Collection Set: 0.33ms
[610.619s][info][gc,phases      ] GC(1444)   Merge Heap Roots: 0.37ms
[610.619s][info][gc,phases      ] GC(1444)   Evacuate Collection Set: 52.73ms
[610.619s][info][gc,phases      ] GC(1444)   Post Evacuate Collection Set: 0.74ms
[610.619s][info][gc,phases      ] GC(1444)   Other: 0.13ms
[610.619s][info][gc,heap        ] GC(1444) Eden regions: 442->0(436)
[610.619s][info][gc,heap        ] GC(1444) Survivor regions: 13->38(57)
[610.619s][info][gc,heap        ] GC(1444) Old regions: 432->408
[610.619s][info][gc,heap        ] GC(1444) Humongous regions: 8->8
[610.619s][info][gc,metaspace   ] GC(1444) Metaspace: 19098K(19328K)->19098K(19328K) NonClass: 16431K(16576K)->16431K(16576K) Class: 2667K(2752K)->2667K(2752K)
[610.619s][info][gc             ] GC(1444) Pause Young (Mixed) (G1 Evacuation Pause) 893M->453M(978M) 54.560ms
[610.619s][info][gc,cpu         ] GC(1444) User=0.10s Sys=0.00s Real=0.05s
[611.065s][info][gc,start       ] GC(1445) Pause Young (Concurrent Start) (G1 Evacuation Pause)
[611.065s][info][gc,task        ] GC(1445) Using 2 workers of 2 for evacuation
[611.131s][info][gc,phases      ] GC(1445)   Pre Evacuate Collection Set: 0.35ms
[611.131s][info][gc,phases      ] GC(1445)   Merge Heap Roots: 0.31ms
[611.131s][info][gc,phases      ] GC(1445)   Evacuate Collection Set: 64.56ms
[611.131s][info][gc,phases      ] GC(1445)   Post Evacuate Collection Set: 0.71ms
[611.131s][info][gc,phases      ] GC(1445)   Other: 0.22ms
[611.131s][info][gc,heap        ] GC(1445) Eden regions: 436->0(422)
[611.131s][info][gc,heap        ] GC(1445) Survivor regions: 38->39(60)
[611.131s][info][gc,heap        ] GC(1445) Old regions: 408->420
[611.131s][info][gc,heap        ] GC(1445) Humongous regions: 8->8
[611.131s][info][gc,metaspace   ] GC(1445) Metaspace: 19098K(19328K)->19098K(19328K) NonClass: 16431K(16576K)->16431K(16576K) Class: 2667K(2752K)->2667K(2752K)
[611.131s][info][gc             ] GC(1445) Pause Young (Concurrent Start) (G1 Evacuation Pause) 889M->466M(978M) 66.410ms
[611.131s][info][gc,cpu         ] GC(1445) User=0.13s Sys=0.00s Real=0.06s
[611.131s][info][gc             ] GC(1446) Concurrent Mark Cycle
[611.131s][info][gc,marking     ] GC(1446) Concurrent Scan Root Regions
[611.231s][info][gc,marking     ] GC(1446) Concurrent Scan Root Regions 99.932ms
[611.231s][info][gc,marking     ] GC(1446) Concurrent Mark
[611.231s][info][gc,marking     ] GC(1446) Concurrent Mark From Roots
[611.231s][info][gc,task        ] GC(1446) Using 1 workers of 1 for marking
[611.860s][info][gc,marking     ] GC(1446) Concurrent Mark From Roots 627.997ms
[611.860s][info][gc,marking     ] GC(1446) Concurrent Preclean
[611.860s][info][gc,marking     ] GC(1446) Concurrent Preclean 0.044ms
[611.860s][info][gc,start       ] GC(1446) Pause Remark
[611.868s][info][gc             ] GC(1446) Pause Remark 653M->578M(978M) 7.939ms
[611.868s][info][gc,cpu         ] GC(1446) User=0.02s Sys=0.00s Real=0.01s
[611.869s][info][gc,marking     ] GC(1446) Concurrent Mark 637.470ms
[611.869s][info][gc,marking     ] GC(1446) Concurrent Rebuild Remembered Sets and Scrub Regions
[612.077s][info][gc,marking     ] GC(1446) Concurrent Rebuild Remembered Sets and Scrub Regions 207.767ms
[612.077s][info][gc,start       ] GC(1446) Pause Cleanup
[612.077s][info][gc             ] GC(1446) Pause Cleanup 653M->653M(978M) 0.129ms
[612.077s][info][gc,cpu         ] GC(1446) User=0.00s Sys=0.00s Real=0.00s
[612.077s][info][gc,marking     ] GC(1446) Concurrent Clear Claimed Marks
[612.077s][info][gc,marking     ] GC(1446) Concurrent Clear Claimed Marks 0.030ms
[612.077s][info][gc,marking     ] GC(1446) Concurrent Cleanup for Next Mark
[612.080s][info][gc,marking     ] GC(1446) Concurrent Cleanup for Next Mark 2.899ms
[612.080s][info][gc             ] GC(1446) Concurrent Mark Cycle 948.613ms
[612.283s][info][gc,start       ] GC(1447) Pause Young (Prepare Mixed) (G1 Evacuation Pause)
[612.283s][info][gc,task        ] GC(1447) Using 2 workers of 2 for evacuation
[612.363s][info][gc,phases      ] GC(1447)   Pre Evacuate Collection Set: 0.51ms
[612.363s][info][gc,phases      ] GC(1447)   Merge Heap Roots: 0.47ms
[612.363s][info][gc,phases      ] GC(1447)   Evacuate Collection Set: 78.14ms
[612.363s][info][gc,phases      ] GC(1447)   Post Evacuate Collection Set: 0.71ms
[612.363s][info][gc,phases      ] GC(1447)   Other: 0.09ms
[612.363s][info][gc,heap        ] GC(1447) Eden regions: 422->0(451)
[612.363s][info][gc,heap        ] GC(1447) Survivor regions: 39->49(58)
[612.363s][info][gc,heap        ] GC(1447) Old regions: 348->374
[612.363s][info][gc,heap        ] GC(1447) Humongous regions: 5->5
[612.363s][info][gc,metaspace   ] GC(1447) Metaspace: 19098K(19328K)->19098K(19328K) NonClass: 16431K(16576K)->16431K(16576K) Class: 2667K(2752K)->2667K(2752K)
[612.363s][info][gc             ] GC(1447) Pause Young (Prepare Mixed) (G1 Evacuation Pause) 813M->427M(978M) 80.150ms
[612.363s][info][gc,cpu         ] GC(1447) User=0.16s Sys=0.00s Real=0.08s
[612.706s][info][gc,start       ] GC(1448) Pause Young (Mixed) (G1 Evacuation Pause)
[612.707s][info][gc,task        ] GC(1448) Using 2 workers of 2 for evacuation
[612.921s][info][gc,mmu         ] GC(1448) MMU target violated: 201.0ms (200.0ms/201.0ms)
[612.921s][info][gc,phases      ] GC(1448)   Pre Evacuate Collection Set: 0.35ms
[612.921s][info][gc,phases      ] GC(1448)   Merge Heap Roots: 0.50ms
[612.921s][info][gc,phases      ] GC(1448)   Evacuate Collection Set: 188.19ms
[612.921s][info][gc,phases      ] GC(1448)   Post Evacuate Collection Set: 25.26ms
[612.921s][info][gc,phases      ] GC(1448)   Other: 0.17ms
[612.921s][info][gc,heap        ] GC(1448) Eden regions: 451->0(47)
[612.921s][info][gc,heap        ] GC(1448) Survivor regions: 49->63(63)
[612.921s][info][gc,heap        ] GC(1448) Old regions: 374->750
[612.921s][info][gc,heap        ] GC(1448) Humongous regions: 5->5
[612.921s][info][gc,metaspace   ] GC(1448) Metaspace: 19103K(19328K)->19103K(19328K) NonClass: 16436K(16576K)->16436K(16576K) Class: 2667K(2752K)->2667K(2752K)
[612.921s][info][gc             ] GC(1448) Pause Young (Mixed) (G1 Evacuation Pause) (Evacuation Failure: Allocation) 878M->817M(978M) 214.674ms
[612.921s][info][gc,cpu         ] GC(1448) User=0.42s Sys=0.00s Real=0.21s
[612.954s][info][gc,start       ] GC(1449) Pause Young (Concurrent Start) (G1 Evacuation Pause)
[612.954s][info][gc,task        ] GC(1449) Using 2 workers of 2 for evacuation
[613.048s][info][gc,phases      ] GC(1449)   Pre Evacuate Collection Set: 0.41ms
[613.048s][info][gc,phases      ] GC(1449)   Merge Heap Roots: 0.98ms
[613.048s][info][gc,phases      ] GC(1449)   Evacuate Collection Set: 91.76ms
[613.048s][info][gc,phases      ] GC(1449)   Post Evacuate Collection Set: 0.68ms
[613.048s][info][gc,phases      ] GC(1449)   Other: 0.13ms
[613.048s][info][gc,heap        ] GC(1449) Eden regions: 47->0(365)
[613.048s][info][gc,heap        ] GC(1449) Survivor regions: 63->2(14)
[613.048s][info][gc,heap        ] GC(1449) Old regions: 750->491
[613.048s][info][gc,heap        ] GC(1449) Humongous regions: 5->5
[613.048s][info][gc,metaspace   ] GC(1449) Metaspace: 19103K(19328K)->19103K(19328K) NonClass: 16436K(16576K)->16436K(16576K) Class: 2667K(2752K)->2667K(2752K)
[613.048s][info][gc             ] GC(1449) Pause Young (Concurrent Start) (G1 Evacuation Pause) 864M->497M(978M) 94.188ms
[613.048s][info][gc,cpu         ] GC(1449) User=0.18s Sys=0.00s Real=0.09s
[613.048s][info][gc             ] GC(1450) Concurrent Mark Cycle
[613.050s][info][gc,marking     ] GC(1450) Concurrent Scan Root Regions
[613.177s][info][gc,marking     ] GC(1450) Concurrent Scan Root Regions 127.197ms
[613.177s][info][gc,marking     ] GC(1450) Concurrent Mark
[613.177s][info][gc,marking     ] GC(1450) Concurrent Mark From Roots
[613.177s][info][gc,task        ] GC(1450) Using 1 workers of 1 for marking
[613.525s][info][gc,start       ] GC(1451) Pause Young (Normal) (G1 Evacuation Pause)
[613.526s][info][gc,task        ] GC(1451) Using 2 workers of 2 for evacuation
[613.552s][info][gc,phases      ] GC(1451)   Pre Evacuate Collection Set: 0.52ms
[613.552s][info][gc,phases      ] GC(1451)   Merge Heap Roots: 0.38ms
[613.552s][info][gc,phases      ] GC(1451)   Evacuate Collection Set: 25.15ms
[613.552s][info][gc,phases      ] GC(1451)   Post Evacuate Collection Set: 0.55ms
[613.552s][info][gc,phases      ] GC(1451)   Other: 0.09ms
[613.552s][info][gc,heap        ] GC(1451) Eden regions: 365->0(387)
[613.552s][info][gc,heap        ] GC(1451) Survivor regions: 2->7(46)
[613.552s][info][gc,heap        ] GC(1451) Old regions: 491->483
[613.552s][info][gc,heap        ] GC(1451) Humongous regions: 5->5
[613.552s][info][gc,metaspace   ] GC(1451) Metaspace: 19105K(19328K)->19105K(19328K) NonClass: 16438K(16576K)->16438K(16576K) Class: 2667K(2752K)->2667K(2752K)
[613.552s][info][gc             ] GC(1451) Pause Young (Normal) (G1 Evacuation Pause) 862M->494M(978M) 26.937ms
[613.552s][info][gc,cpu         ] GC(1451) User=0.06s Sys=0.00s Real=0.02s
[614.069s][info][gc,start       ] GC(1452) Pause Young (Normal) (G1 Evacuation Pause)
[614.069s][info][gc,task        ] GC(1452) Using 2 workers of 2 for evacuation
[614.088s][info][gc,phases      ] GC(1452)   Pre Evacuate Collection Set: 0.31ms
[614.088s][info][gc,phases      ] GC(1452)   Merge Heap Roots: 0.30ms
[614.088s][info][gc,phases      ] GC(1452)   Evacuate Collection Set: 17.57ms
[614.088s][info][gc,phases      ] GC(1452)   Post Evacuate Collection Set: 0.55ms
[614.088s][info][gc,phases      ] GC(1452)   Other: 0.10ms
[614.088s][info][gc,heap        ] GC(1452) Eden regions: 387->0(400)
[614.088s][info][gc,heap        ] GC(1452) Survivor regions: 7->10(50)
[614.088s][info][gc,heap        ] GC(1452) Old regions: 483->483
[614.088s][info][gc,heap        ] GC(1452) Humongous regions: 5->5
[614.088s][info][gc,metaspace   ] GC(1452) Metaspace: 19105K(19328K)->19105K(19328K) NonClass: 16438K(16576K)->16438K(16576K) Class: 2667K(2752K)->2667K(2752K)
[614.088s][info][gc             ] GC(1452) Pause Young (Normal) (G1 Evacuation Pause) 881M->497M(978M) 19.070ms
[614.088s][info][gc,cpu         ] GC(1452) User=0.04s Sys=0.00s Real=0.02s
[614.169s][info][gc,marking     ] GC(1450) Concurrent Mark From Roots 991.584ms
[614.169s][info][gc,marking     ] GC(1450) Concurrent Preclean
[614.169s][info][gc,marking     ] GC(1450) Concurrent Preclean 0.047ms
[614.169s][info][gc,start       ] GC(1450) Pause Remark
[614.177s][info][gc             ] GC(1450) Pause Remark 543M->543M(978M) 7.789ms
[614.177s][info][gc,cpu         ] GC(1450) User=0.01s Sys=0.00s Real=0.01s
[614.177s][info][gc,marking     ] GC(1450) Concurrent Mark 999.765ms
[614.177s][info][gc,marking     ] GC(1450) Concurrent Rebuild Remembered Sets and Scrub Regions
[614.651s][info][gc,marking     ] GC(1450) Concurrent Rebuild Remembered Sets and Scrub Regions 474.445ms
[614.654s][info][gc,start       ] GC(1450) Pause Cleanup
[614.654s][info][gc             ] GC(1450) Pause Cleanup 869M->869M(978M) 0.114ms
[614.654s][info][gc,cpu         ] GC(1450) User=0.00s Sys=0.00s Real=0.00s
[614.654s][info][gc,marking     ] GC(1450) Concurrent Clear Claimed Marks
[614.654s][info][gc,marking     ] GC(1450) Concurrent Clear Claimed Marks 0.060ms
[614.654s][info][gc,marking     ] GC(1450) Concurrent Cleanup for Next Mark
[614.661s][info][gc,marking     ] GC(1450) Concurrent Cleanup for Next Mark 6.521ms
[614.661s][info][gc             ] GC(1450) Concurrent Mark Cycle 1613.024ms
[614.761s][info][gc,start       ] GC(1453) Pause Young (Prepare Mixed) (G1 Evacuation Pause)
[614.761s][info][gc,task        ] GC(1453) Using 2 workers of 2 for evacuation
[614.824s][info][gc,phases      ] GC(1453)   Pre Evacuate Collection Set: 0.27ms
[614.825s][info][gc,phases      ] GC(1453)   Merge Heap Roots: 0.64ms
[614.825s][info][gc,phases      ] GC(1453)   Evacuate Collection Set: 61.41ms
[614.825s][info][gc,phases      ] GC(1453)   Post Evacuate Collection Set: 0.72ms
[614.825s][info][gc,phases      ] GC(1453)   Other: 0.08ms
[614.825s][info][gc,heap        ] GC(1453) Eden regions: 400->0(353)
[614.825s][info][gc,heap        ] GC(1453) Survivor regions: 10->42(52)
[614.825s][info][gc,heap        ] GC(1453) Old regions: 483->483
[614.825s][info][gc,heap        ] GC(1453) Humongous regions: 8->8
[614.825s][info][gc,metaspace   ] GC(1453) Metaspace: 19105K(19328K)->19105K(19328K) NonClass: 16438K(16576K)->16438K(16576K) Class: 2667K(2752K)->2667K(2752K)
[614.825s][info][gc             ] GC(1453) Pause Young (Prepare Mixed) (G1 Evacuation Pause) 900M->532M(978M) 63.355ms
[614.825s][info][gc,cpu         ] GC(1453) User=0.13s Sys=0.00s Real=0.07s
[615.187s][info][gc,start       ] GC(1454) Pause Young (Mixed) (G1 Evacuation Pause)
[615.188s][info][gc,task        ] GC(1454) Using 2 workers of 2 for evacuation
[615.299s][info][gc,phases      ] GC(1454)   Pre Evacuate Collection Set: 0.54ms
[615.299s][info][gc,phases      ] GC(1454)   Merge Heap Roots: 0.56ms
[615.299s][info][gc,phases      ] GC(1454)   Evacuate Collection Set: 109.25ms
[615.299s][info][gc,phases      ] GC(1454)   Post Evacuate Collection Set: 0.66ms
[615.299s][info][gc,phases      ] GC(1454)   Other: 0.08ms
[615.299s][info][gc,heap        ] GC(1454) Eden regions: 353->0(312)
[615.299s][info][gc,heap        ] GC(1454) Survivor regions: 42->43(50)
[615.299s][info][gc,heap        ] GC(1454) Old regions: 483->517
[615.299s][info][gc,heap        ] GC(1454) Humongous regions: 8->8
[615.299s][info][gc,metaspace   ] GC(1454) Metaspace: 19105K(19328K)->19105K(19328K) NonClass: 16438K(16576K)->16438K(16576K) Class: 2667K(2752K)->2667K(2752K)
[615.299s][info][gc             ] GC(1454) Pause Young (Mixed) (G1 Evacuation Pause) 885M->567M(978M) 111.318ms
[615.299s][info][gc,cpu         ] GC(1454) User=0.22s Sys=0.00s Real=0.11s
[615.688s][info][gc,start       ] GC(1455) Pause Young (Concurrent Start) (G1 Evacuation Pause)
[615.688s][info][gc,task        ] GC(1455) Using 2 workers of 2 for evacuation
[615.738s][info][gc,phases      ] GC(1455)   Pre Evacuate Collection Set: 0.37ms
[615.738s][info][gc,phases      ] GC(1455)   Merge Heap Roots: 0.28ms
[615.738s][info][gc,phases      ] GC(1455)   Evacuate Collection Set: 48.94ms
[615.738s][info][gc,phases      ] GC(1455)   Post Evacuate Collection Set: 0.55ms
[615.738s][info][gc,phases      ] GC(1455)   Other: 0.19ms
[615.738s][info][gc,heap        ] GC(1455) Eden regions: 312->0(321)
[615.738s][info][gc,heap        ] GC(1455) Survivor regions: 43->6(45)
[615.738s][info][gc,heap        ] GC(1455) Old regions: 517->560
[615.738s][info][gc,heap        ] GC(1455) Humongous regions: 8->8
[615.738s][info][gc,metaspace   ] GC(1455) Metaspace: 19106K(19328K)->19106K(19328K) NonClass: 16439K(16576K)->16439K(16576K) Class: 2667K(2752K)->2667K(2752K)
[615.738s][info][gc             ] GC(1455) Pause Young (Concurrent Start) (G1 Evacuation Pause) 879M->573M(978M) 50.569ms
[615.738s][info][gc             ] GC(1456) Concurrent Mark Cycle
[615.738s][info][gc,marking     ] GC(1456) Concurrent Scan Root Regions
[615.738s][info][gc,cpu         ] GC(1455) User=0.10s Sys=0.00s Real=0.05s
[615.835s][info][gc,marking     ] GC(1456) Concurrent Scan Root Regions 97.026ms
[615.835s][info][gc,marking     ] GC(1456) Concurrent Mark
[615.835s][info][gc,marking     ] GC(1456) Concurrent Mark From Roots
[615.835s][info][gc,task        ] GC(1456) Using 1 workers of 1 for marking
[616.508s][info][gc,start       ] GC(1457) Pause Young (Normal) (G1 Evacuation Pause)
[616.508s][info][gc,task        ] GC(1457) Using 2 workers of 2 for evacuation
[616.527s][info][gc,phases      ] GC(1457)   Pre Evacuate Collection Set: 0.33ms
[616.527s][info][gc,phases      ] GC(1457)   Merge Heap Roots: 0.38ms
[616.527s][info][gc,phases      ] GC(1457)   Evacuate Collection Set: 17.68ms
[616.527s][info][gc,phases      ] GC(1457)   Post Evacuate Collection Set: 0.54ms
[616.527s][info][gc,phases      ] GC(1457)   Other: 0.07ms
[616.527s][info][gc,heap        ] GC(1457) Eden regions: 321->0(325)
[616.527s][info][gc,heap        ] GC(1457) Survivor regions: 6->14(41)
[616.527s][info][gc,heap        ] GC(1457) Old regions: 560->560
[616.527s][info][gc,heap        ] GC(1457) Humongous regions: 8->8
[616.527s][info][gc,metaspace   ] GC(1457) Metaspace: 19106K(19328K)->19106K(19328K) NonClass: 16439K(16576K)->16439K(16576K) Class: 2667K(2752K)->2667K(2752K)
[616.527s][info][gc             ] GC(1457) Pause Young (Normal) (G1 Evacuation Pause) 894M->581M(978M) 19.226ms
[616.527s][info][gc,cpu         ] GC(1457) User=0.03s Sys=0.00s Real=0.02s
[617.152s][info][gc,marking     ] GC(1456) Concurrent Mark From Roots 1316.437ms
[617.152s][info][gc,marking     ] GC(1456) Concurrent Preclean
[617.152s][info][gc,marking     ] GC(1456) Concurrent Preclean 0.040ms
[617.153s][info][gc,start       ] GC(1456) Pause Remark
[617.161s][info][gc             ] GC(1456) Pause Remark 725M->724M(978M) 7.991ms
[617.161s][info][gc,cpu         ] GC(1456) User=0.02s Sys=0.00s Real=0.00s
[617.161s][info][gc,marking     ] GC(1456) Concurrent Mark 1325.777ms
[617.161s][info][gc,marking     ] GC(1456) Concurrent Rebuild Remembered Sets and Scrub Regions
[617.664s][info][gc,marking     ] GC(1456) Concurrent Rebuild Remembered Sets and Scrub Regions 503.183ms
[617.665s][info][gc,start       ] GC(1456) Pause Cleanup
[617.665s][info][gc             ] GC(1456) Pause Cleanup 836M->836M(978M) 0.093ms
[617.665s][info][gc,cpu         ] GC(1456) User=0.00s Sys=0.00s Real=0.00s
[617.666s][info][gc,marking     ] GC(1456) Concurrent Clear Claimed Marks
[617.666s][info][gc,marking     ] GC(1456) Concurrent Clear Claimed Marks 0.061ms
[617.666s][info][gc,marking     ] GC(1456) Concurrent Cleanup for Next Mark
[617.669s][info][gc,marking     ] GC(1456) Concurrent Cleanup for Next Mark 2.861ms
[617.669s][info][gc             ] GC(1456) Concurrent Mark Cycle 1930.595ms
[617.901s][info][gc,start       ] GC(1458) Pause Young (Prepare Mixed) (G1 Evacuation Pause)
[617.901s][info][gc,task        ] GC(1458) Using 2 workers of 2 for evacuation
[617.921s][info][gc,phases      ] GC(1458)   Pre Evacuate Collection Set: 0.52ms
[617.921s][info][gc,phases      ] GC(1458)   Merge Heap Roots: 0.36ms
[617.921s][info][gc,phases      ] GC(1458)   Evacuate Collection Set: 18.23ms
[617.921s][info][gc,phases      ] GC(1458)   Post Evacuate Collection Set: 0.56ms
[617.921s][info][gc,phases      ] GC(1458)   Other: 0.07ms
[617.921s][info][gc,heap        ] GC(1458) Eden regions: 325->0(333)
[617.921s][info][gc,heap        ] GC(1458) Survivor regions: 14->14(43)
[617.921s][info][gc,heap        ] GC(1458) Old regions: 560->560
[617.921s][info][gc,heap        ] GC(1458) Humongous regions: 7->7
[617.921s][info][gc,metaspace   ] GC(1458) Metaspace: 19107K(19328K)->19107K(19328K) NonClass: 16440K(16576K)->16440K(16576K) Class: 2667K(2752K)->2667K(2752K)
[617.921s][info][gc             ] GC(1458) Pause Young (Prepare Mixed) (G1 Evacuation Pause) 905M->580M(978M) 19.920ms
[617.921s][info][gc,cpu         ] GC(1458) User=0.04s Sys=0.00s Real=0.02s
[618.886s][info][gc,start       ] GC(1459) Pause Young (Mixed) (G1 Evacuation Pause)
[618.886s][info][gc,task        ] GC(1459) Using 2 workers of 2 for evacuation
[618.937s][info][gc,phases      ] GC(1459)   Pre Evacuate Collection Set: 0.54ms
[618.937s][info][gc,phases      ] GC(1459)   Merge Heap Roots: 0.50ms
[618.937s][info][gc,phases      ] GC(1459)   Evacuate Collection Set: 48.72ms
[618.937s][info][gc,phases      ] GC(1459)   Post Evacuate Collection Set: 0.58ms
[618.937s][info][gc,phases      ] GC(1459)   Other: 0.08ms
[618.937s][info][gc,heap        ] GC(1459) Eden regions: 333->0(296)
[618.937s][info][gc,heap        ] GC(1459) Survivor regions: 14->35(44)
[618.937s][info][gc,heap        ] GC(1459) Old regions: 560->555
[618.937s][info][gc,heap        ] GC(1459) Humongous regions: 7->7
[618.937s][info][gc,metaspace   ] GC(1459) Metaspace: 19107K(19328K)->19107K(19328K) NonClass: 16440K(16576K)->16440K(16576K) Class: 2667K(2752K)->2667K(2752K)
[618.937s][info][gc             ] GC(1459) Pause Young (Mixed) (G1 Evacuation Pause) 913M->595M(978M) 50.700ms
[618.937s][info][gc,cpu         ] GC(1459) User=0.10s Sys=0.00s Real=0.05s
[619.525s][info][gc,start       ] GC(1460) Pause Young (Concurrent Start) (G1 Evacuation Pause)
[619.525s][info][gc,task        ] GC(1460) Using 2 workers of 2 for evacuation
[619.564s][info][gc,phases      ] GC(1460)   Pre Evacuate Collection Set: 0.39ms
[619.564s][info][gc,phases      ] GC(1460)   Merge Heap Roots: 0.29ms
[619.564s][info][gc,phases      ] GC(1460)   Evacuate Collection Set: 37.50ms
[619.564s][info][gc,phases      ] GC(1460)   Post Evacuate Collection Set: 0.55ms
[619.564s][info][gc,phases      ] GC(1460)   Other: 0.20ms
[619.564s][info][gc,heap        ] GC(1460) Eden regions: 296->0(309)
[619.564s][info][gc,heap        ] GC(1460) Survivor regions: 35->22(42)
[619.564s][info][gc,heap        ] GC(1460) Old regions: 555->568
[619.564s][info][gc,heap        ] GC(1460) Humongous regions: 7->7
[619.565s][info][gc,metaspace   ] GC(1460) Metaspace: 19107K(19328K)->19107K(19328K) NonClass: 16440K(16576K)->16440K(16576K) Class: 2667K(2752K)->2667K(2752K)
[619.565s][info][gc             ] GC(1460) Pause Young (Concurrent Start) (G1 Evacuation Pause) 891M->596M(978M) 39.149ms
[619.565s][info][gc,cpu         ] GC(1460) User=0.07s Sys=0.00s Real=0.04s
[619.565s][info][gc             ] GC(1461) Concurrent Mark Cycle
[619.565s][info][gc,marking     ] GC(1461) Concurrent Scan Root Regions
[619.630s][info][gc,marking     ] GC(1461) Concurrent Scan Root Regions 65.321ms
[619.630s][info][gc,marking     ] GC(1461) Concurrent Mark
[619.630s][info][gc,marking     ] GC(1461) Concurrent Mark From Roots
[619.630s][info][gc,task        ] GC(1461) Using 1 workers of 1 for marking
[620.567s][info][gc,marking     ] GC(1461) Concurrent Mark From Roots 937.449ms
[620.567s][info][gc,marking     ] GC(1461) Concurrent Preclean
[620.568s][info][gc,marking     ] GC(1461) Concurrent Preclean 0.032ms
[620.568s][info][gc,start       ] GC(1461) Pause Remark
[620.575s][info][gc             ] GC(1461) Pause Remark 756M->662M(978M) 7.746ms
[620.575s][info][gc,cpu         ] GC(1461) User=0.01s Sys=0.00s Real=0.01s
[620.575s][info][gc,marking     ] GC(1461) Concurrent Mark 945.483ms
[620.575s][info][gc,marking     ] GC(1461) Concurrent Rebuild Remembered Sets and Scrub Regions
[620.850s][info][gc,marking     ] GC(1461) Concurrent Rebuild Remembered Sets and Scrub Regions 274.350ms
[620.850s][info][gc,start       ] GC(1461) Pause Cleanup
[620.850s][info][gc             ] GC(1461) Pause Cleanup 768M->768M(978M) 0.098ms
[620.850s][info][gc,cpu         ] GC(1461) User=0.00s Sys=0.00s Real=0.00s
[620.850s][info][gc,marking     ] GC(1461) Concurrent Clear Claimed Marks
[620.850s][info][gc,marking     ] GC(1461) Concurrent Clear Claimed Marks 0.029ms
[620.850s][info][gc,marking     ] GC(1461) Concurrent Cleanup for Next Mark
[620.853s][info][gc,marking     ] GC(1461) Concurrent Cleanup for Next Mark 2.879ms
[620.853s][info][gc             ] GC(1461) Concurrent Mark Cycle 1288.529ms
[620.954s][info][gc,start       ] GC(1462) Pause Young (Prepare Mixed) (G1 Evacuation Pause)
[620.954s][info][gc,task        ] GC(1462) Using 2 workers of 2 for evacuation
[620.979s][info][gc,phases      ] GC(1462)   Pre Evacuate Collection Set: 0.54ms
[620.979s][info][gc,phases      ] GC(1462)   Merge Heap Roots: 0.27ms
[620.979s][info][gc,phases      ] GC(1462)   Evacuate Collection Set: 24.01ms
[620.979s][info][gc,phases      ] GC(1462)   Post Evacuate Collection Set: 0.55ms
[620.979s][info][gc,phases      ] GC(1462)   Other: 0.08ms
[620.979s][info][gc,heap        ] GC(1462) Eden regions: 309->0(416)
[620.979s][info][gc,heap        ] GC(1462) Survivor regions: 22->3(42)
[620.979s][info][gc,heap        ] GC(1462) Old regions: 476->497
[620.979s][info][gc,heap        ] GC(1462) Humongous regions: 5->5
[620.979s][info][gc,metaspace   ] GC(1462) Metaspace: 19116K(19328K)->19116K(19328K) NonClass: 16448K(16576K)->16448K(16576K) Class: 2667K(2752K)->2667K(2752K)
[620.979s][info][gc             ] GC(1462) Pause Young (Prepare Mixed) (G1 Evacuation Pause) 811M->504M(978M) 25.625ms
[620.979s][info][gc,cpu         ] GC(1462) User=0.05s Sys=0.00s Real=0.02s
[621.521s][info][gc,start       ] GC(1463) Pause Young (Mixed) (G1 Evacuation Pause)
[621.521s][info][gc,task        ] GC(1463) Using 2 workers of 2 for evacuation
[621.651s][info][gc,phases      ] GC(1463)   Pre Evacuate Collection Set: 0.53ms
[621.651s][info][gc,phases      ] GC(1463)   Merge Heap Roots: 0.16ms
[621.651s][info][gc,phases      ] GC(1463)   Evacuate Collection Set: 107.59ms
[621.651s][info][gc,phases      ] GC(1463)   Post Evacuate Collection Set: 21.18ms
[621.651s][info][gc,phases      ] GC(1463)   Other: 0.08ms
[621.651s][info][gc,heap        ] GC(1463) Eden regions: 416->0(90)
[621.651s][info][gc,heap        ] GC(1463) Survivor regions: 3->53(53)
[621.651s][info][gc,heap        ] GC(1463) Old regions: 497->727
[621.651s][info][gc,heap        ] GC(1463) Humongous regions: 5->5
[621.651s][info][gc,metaspace   ] GC(1463) Metaspace: 19125K(19328K)->19125K(19328K) NonClass: 16458K(16576K)->16458K(16576K) Class: 2667K(2752K)->2667K(2752K)
[621.651s][info][gc             ] GC(1463) Pause Young (Mixed) (G1 Evacuation Pause) (Evacuation Failure: Allocation) 920M->784M(978M) 129.786ms
[621.651s][info][gc,cpu         ] GC(1463) User=0.25s Sys=0.00s Real=0.13s
[621.829s][info][gc,start       ] GC(1464) Pause Young (Concurrent Start) (G1 Evacuation Pause)
[621.829s][info][gc,task        ] GC(1464) Using 2 workers of 2 for evacuation
[621.949s][info][gc,phases      ] GC(1464)   Pre Evacuate Collection Set: 0.57ms
[621.949s][info][gc,phases      ] GC(1464)   Merge Heap Roots: 0.85ms
[621.949s][info][gc,phases      ] GC(1464)   Evacuate Collection Set: 111.17ms
[621.949s][info][gc,phases      ] GC(1464)   Post Evacuate Collection Set: 6.80ms
[621.949s][info][gc,phases      ] GC(1464)   Other: 0.19ms
[621.949s][info][gc,heap        ] GC(1464) Eden regions: 90->0(185)
[621.949s][info][gc,heap        ] GC(1464) Survivor regions: 53->18(18)
[621.949s][info][gc,heap        ] GC(1464) Old regions: 727->696
[621.949s][info][gc,heap        ] GC(1464) Humongous regions: 5->5
[621.949s][info][gc,metaspace   ] GC(1464) Metaspace: 19125K(19328K)->19125K(19328K) NonClass: 16458K(16576K)->16458K(16576K) Class: 2667K(2752K)->2667K(2752K)
[621.949s][info][gc             ] GC(1464) Pause Young (Concurrent Start) (G1 Evacuation Pause) (Evacuation Failure: Allocation) 874M->718M(978M) 119.811ms
[621.949s][info][gc,cpu         ] GC(1464) User=0.23s Sys=0.00s Real=0.12s
[621.951s][info][gc             ] GC(1465) Concurrent Mark Cycle
[621.951s][info][gc,marking     ] GC(1465) Concurrent Scan Root Regions
[622.077s][info][gc,marking     ] GC(1465) Concurrent Scan Root Regions 126.093ms
[622.077s][info][gc,marking     ] GC(1465) Concurrent Mark
[622.077s][info][gc,marking     ] GC(1465) Concurrent Mark From Roots
[622.077s][info][gc,task        ] GC(1465) Using 1 workers of 1 for marking
[622.407s][info][gc,start       ] GC(1466) Pause Young (Normal) (G1 Evacuation Pause)
[622.407s][info][gc,task        ] GC(1466) Using 2 workers of 2 for evacuation
[622.547s][info][gc,phases      ] GC(1466)   Pre Evacuate Collection Set: 0.39ms
[622.547s][info][gc,phases      ] GC(1466)   Merge Heap Roots: 1.06ms
[622.547s][info][gc,phases      ] GC(1466)   Evacuate Collection Set: 125.50ms
[622.547s][info][gc,phases      ] GC(1466)   Post Evacuate Collection Set: 12.12ms
[622.547s][info][gc,phases      ] GC(1466)   Other: 0.09ms
[622.547s][info][gc,heap        ] GC(1466) Eden regions: 185->0(86)
[622.547s][info][gc,heap        ] GC(1466) Survivor regions: 18->23(26)
[622.547s][info][gc,heap        ] GC(1466) Old regions: 696->787
[622.547s][info][gc,heap        ] GC(1466) Humongous regions: 9->9
[622.547s][info][gc,metaspace   ] GC(1466) Metaspace: 19127K(19328K)->19127K(19328K) NonClass: 16459K(16576K)->16459K(16576K) Class: 2667K(2752K)->2667K(2752K)
[622.547s][info][gc             ] GC(1466) Pause Young (Normal) (G1 Evacuation Pause) (Evacuation Failure: Allocation) 907M->818M(978M) 139.428ms
[622.547s][info][gc,cpu         ] GC(1466) User=0.27s Sys=0.00s Real=0.14s
[622.596s][info][gc,start       ] GC(1467) Pause Young (Normal) (G1 Evacuation Pause)
[622.597s][info][gc,task        ] GC(1467) Using 2 workers of 2 for evacuation
[622.688s][info][gc,phases      ] GC(1467)   Pre Evacuate Collection Set: 0.36ms
[622.688s][info][gc,phases      ] GC(1467)   Merge Heap Roots: 2.01ms
[622.688s][info][gc,phases      ] GC(1467)   Evacuate Collection Set: 75.91ms
[622.688s][info][gc,phases      ] GC(1467)   Merge Optional Heap Roots: 0.09ms
[622.688s][info][gc,phases      ] GC(1467)   Evacuate Optional Collection Set: 12.40ms
[622.688s][info][gc,phases      ] GC(1467)   Post Evacuate Collection Set: 0.67ms
[622.688s][info][gc,phases      ] GC(1467)   Other: 0.10ms
[622.688s][info][gc,heap        ] GC(1467) Eden regions: 25->0(209)
[622.688s][info][gc,heap        ] GC(1467) Survivor regions: 23->6(6)
[622.688s][info][gc,heap        ] GC(1467) Old regions: 787->668
[622.688s][info][gc,heap        ] GC(1467) Humongous regions: 9->9
[622.688s][info][gc,metaspace   ] GC(1467) Metaspace: 19127K(19328K)->19127K(19328K) NonClass: 16459K(16576K)->16459K(16576K) Class: 2667K(2752K)->2667K(2752K)
[622.688s][info][gc             ] GC(1467) Pause Young (Normal) (G1 Evacuation Pause) 843M->682M(978M) 91.827ms
[622.688s][info][gc,cpu         ] GC(1467) User=0.18s Sys=0.00s Real=0.09s
[623.007s][info][gc,start       ] GC(1468) Pause Young (Normal) (G1 Evacuation Pause)
[623.007s][info][gc,task        ] GC(1468) Using 2 workers of 2 for evacuation
[623.047s][info][gc,phases      ] GC(1468)   Pre Evacuate Collection Set: 0.32ms
[623.047s][info][gc,phases      ] GC(1468)   Merge Heap Roots: 0.46ms
[623.047s][info][gc,phases      ] GC(1468)   Evacuate Collection Set: 38.62ms
[623.047s][info][gc,phases      ] GC(1468)   Post Evacuate Collection Set: 0.47ms
[623.047s][info][gc,phases      ] GC(1468)   Other: 0.08ms
[623.047s][info][gc,heap        ] GC(1468) Eden regions: 209->0(201)
[623.047s][info][gc,heap        ] GC(1468) Survivor regions: 6->23(27)
[623.047s][info][gc,heap        ] GC(1468) Old regions: 668->668
[623.047s][info][gc,heap        ] GC(1468) Humongous regions: 9->9
[623.047s][info][gc,metaspace   ] GC(1468) Metaspace: 19127K(19328K)->19127K(19328K) NonClass: 16459K(16576K)->16459K(16576K) Class: 2667K(2752K)->2667K(2752K)
[623.047s][info][gc             ] GC(1468) Pause Young (Normal) (G1 Evacuation Pause) 891M->699M(978M) 40.221ms
[623.047s][info][gc,cpu         ] GC(1468) User=0.08s Sys=0.00s Real=0.04s
[623.308s][info][gc,start       ] GC(1469) Pause Young (Normal) (G1 Evacuation Pause)
[623.308s][info][gc,task        ] GC(1469) Using 2 workers of 2 for evacuation
[623.349s][info][gc,phases      ] GC(1469)   Pre Evacuate Collection Set: 0.31ms
[623.349s][info][gc,phases      ] GC(1469)   Merge Heap Roots: 0.19ms
[623.349s][info][gc,phases      ] GC(1469)   Evacuate Collection Set: 39.91ms
[623.349s][info][gc,phases      ] GC(1469)   Post Evacuate Collection Set: 0.47ms
[623.349s][info][gc,phases      ] GC(1469)   Other: 0.10ms
[623.349s][info][gc,heap        ] GC(1469) Eden regions: 201->0(202)
[623.349s][info][gc,heap        ] GC(1469) Survivor regions: 23->10(28)
[623.349s][info][gc,heap        ] GC(1469) Old regions: 668->691
[623.349s][info][gc,heap        ] GC(1469) Humongous regions: 9->9
[623.349s][info][gc,metaspace   ] GC(1469) Metaspace: 19127K(19328K)->19127K(19328K) NonClass: 16459K(16576K)->16459K(16576K) Class: 2667K(2752K)->2667K(2752K)
[623.350s][info][gc             ] GC(1469) Pause Young (Normal) (G1 Evacuation Pause) 900M->709M(978M) 41.227ms
[623.350s][info][gc,cpu         ] GC(1469) User=0.08s Sys=0.00s Real=0.04s
[623.626s][info][gc,start       ] GC(1470) Pause Young (Normal) (G1 Evacuation Pause)
[623.626s][info][gc,task        ] GC(1470) Using 2 workers of 2 for evacuation
[623.662s][info][gc,phases      ] GC(1470)   Pre Evacuate Collection Set: 0.32ms
[623.662s][info][gc,phases      ] GC(1470)   Merge Heap Roots: 0.20ms
[623.662s][info][gc,phases      ] GC(1470)   Evacuate Collection Set: 35.17ms
[623.662s][info][gc,phases      ] GC(1470)   Post Evacuate Collection Set: 0.44ms
[623.662s][info][gc,phases      ] GC(1470)   Other: 0.08ms
[623.662s][info][gc,heap        ] GC(1470) Eden regions: 202->0(169)
[623.662s][info][gc,heap        ] GC(1470) Survivor regions: 10->27(27)
[623.662s][info][gc,heap        ] GC(1470) Old regions: 691->696
[623.662s][info][gc,heap        ] GC(1470) Humongous regions: 9->9
[623.662s][info][gc,metaspace   ] GC(1470) Metaspace: 19127K(19328K)->19127K(19328K) NonClass: 16459K(16576K)->16459K(16576K) Class: 2667K(2752K)->2667K(2752K)
[623.662s][info][gc             ] GC(1470) Pause Young (Normal) (G1 Evacuation Pause) 911M->731M(978M) 36.495ms
[623.662s][info][gc,cpu         ] GC(1470) User=0.07s Sys=0.00s Real=0.03s
[623.729s][info][gc,marking     ] GC(1465) Concurrent Mark From Roots 1651.664ms
[623.729s][info][gc,marking     ] GC(1465) Concurrent Preclean
[623.729s][info][gc,marking     ] GC(1465) Concurrent Preclean 0.046ms
[623.729s][info][gc,start       ] GC(1465) Pause Remark
[623.737s][info][gc             ] GC(1465) Pause Remark 799M->799M(978M) 8.129ms
[623.737s][info][gc,cpu         ] GC(1465) User=0.01s Sys=0.00s Real=0.01s
[623.737s][info][gc,marking     ] GC(1465) Concurrent Mark 1660.144ms
[623.737s][info][gc,marking     ] GC(1465) Concurrent Rebuild Remembered Sets and Scrub Regions
[623.839s][info][gc,start       ] GC(1471) Pause Young (Normal) (G1 Evacuation Pause)
[623.839s][info][gc,task        ] GC(1471) Using 2 workers of 2 for evacuation
[623.896s][info][gc,phases      ] GC(1471)   Pre Evacuate Collection Set: 0.25ms
[623.896s][info][gc,phases      ] GC(1471)   Merge Heap Roots: 0.14ms
[623.896s][info][gc,phases      ] GC(1471)   Evacuate Collection Set: 56.31ms
[623.896s][info][gc,phases      ] GC(1471)   Post Evacuate Collection Set: 0.44ms
[623.896s][info][gc,phases      ] GC(1471)   Other: 0.08ms
[623.896s][info][gc,heap        ] GC(1471) Eden regions: 169->0(139)
[623.896s][info][gc,heap        ] GC(1471) Survivor regions: 27->25(25)
[623.896s][info][gc,heap        ] GC(1471) Old regions: 696->730
[623.896s][info][gc,heap        ] GC(1471) Humongous regions: 9->9
[623.896s][info][gc,metaspace   ] GC(1471) Metaspace: 19127K(19328K)->19127K(19328K) NonClass: 16459K(16576K)->16459K(16576K) Class: 2667K(2752K)->2667K(2752K)
[623.896s][info][gc             ] GC(1471) Pause Young (Normal) (G1 Evacuation Pause) 900M->763M(978M) 57.411ms
[623.896s][info][gc,cpu         ] GC(1471) User=0.11s Sys=0.00s Real=0.06s
[624.116s][info][gc,start       ] GC(1472) Pause Young (Normal) (G1 Evacuation Pause)
[624.116s][info][gc,task        ] GC(1472) Using 2 workers of 2 for evacuation
[624.163s][info][gc,phases      ] GC(1472)   Pre Evacuate Collection Set: 0.29ms
[624.163s][info][gc,phases      ] GC(1472)   Merge Heap Roots: 0.18ms
[624.163s][info][gc,phases      ] GC(1472)   Evacuate Collection Set: 45.00ms
[624.163s][info][gc,phases      ] GC(1472)   Post Evacuate Collection Set: 0.48ms
[624.163s][info][gc,phases      ] GC(1472)   Other: 0.08ms
[624.163s][info][gc,heap        ] GC(1472) Eden regions: 139->0(127)
[624.163s][info][gc,heap        ] GC(1472) Survivor regions: 25->18(21)
[624.163s][info][gc,heap        ] GC(1472) Old regions: 730->755
[624.163s][info][gc,heap        ] GC(1472) Humongous regions: 10->10
[624.163s][info][gc,metaspace   ] GC(1472) Metaspace: 19127K(19328K)->19127K(19328K) NonClass: 16459K(16576K)->16459K(16576K) Class: 2667K(2752K)->2667K(2752K)
[624.163s][info][gc             ] GC(1472) Pause Young (Normal) (G1 Evacuation Pause) 903M->782M(978M) 46.304ms
[624.163s][info][gc,cpu         ] GC(1472) User=0.09s Sys=0.00s Real=0.04s
[624.289s][info][gc,start       ] GC(1473) Pause Young (Normal) (G1 Evacuation Pause)
[624.290s][info][gc,task        ] GC(1473) Using 2 workers of 2 for evacuation
[624.321s][info][gc,phases      ] GC(1473)   Pre Evacuate Collection Set: 0.27ms
[624.321s][info][gc,phases      ] GC(1473)   Merge Heap Roots: 0.27ms
[624.321s][info][gc,phases      ] GC(1473)   Evacuate Collection Set: 30.33ms
[624.321s][info][gc,phases      ] GC(1473)   Post Evacuate Collection Set: 0.36ms
[624.321s][info][gc,phases      ] GC(1473)   Other: 0.07ms
[624.321s][info][gc,heap        ] GC(1473) Eden regions: 127->0(133)
[624.321s][info][gc,heap        ] GC(1473) Survivor regions: 18->6(19)
[624.321s][info][gc,heap        ] GC(1473) Old regions: 755->773
[624.321s][info][gc,heap        ] GC(1473) Humongous regions: 10->10
[624.321s][info][gc,metaspace   ] GC(1473) Metaspace: 19127K(19328K)->19127K(19328K) NonClass: 16459K(16576K)->16459K(16576K) Class: 2667K(2752K)->2667K(2752K)
[624.321s][info][gc             ] GC(1473) Pause Young (Normal) (G1 Evacuation Pause) 909M->788M(978M) 31.595ms
[624.321s][info][gc,cpu         ] GC(1473) User=0.06s Sys=0.00s Real=0.03s
[624.421s][info][gc,marking     ] GC(1465) Concurrent Rebuild Remembered Sets and Scrub Regions 683.472ms
[624.421s][info][gc,start       ] GC(1465) Pause Cleanup
[624.421s][info][gc             ] GC(1465) Pause Cleanup 866M->866M(978M) 0.096ms
[624.421s][info][gc,cpu         ] GC(1465) User=0.00s Sys=0.00s Real=0.00s
[624.421s][info][gc,marking     ] GC(1465) Concurrent Clear Claimed Marks
[624.421s][info][gc,marking     ] GC(1465) Concurrent Clear Claimed Marks 0.032ms
[624.421s][info][gc,marking     ] GC(1465) Concurrent Cleanup for Next Mark
[624.428s][info][gc,marking     ] GC(1465) Concurrent Cleanup for Next Mark 6.676ms
[624.428s][info][gc             ] GC(1465) Concurrent Mark Cycle 2476.928ms
[624.489s][info][gc,start       ] GC(1474) Pause Young (Prepare Mixed) (G1 Evacuation Pause)
[624.489s][info][gc,task        ] GC(1474) Using 2 workers of 2 for evacuation
[624.499s][info][gc,phases      ] GC(1474)   Pre Evacuate Collection Set: 0.30ms
[624.499s][info][gc,phases      ] GC(1474)   Merge Heap Roots: 0.10ms
[624.499s][info][gc,phases      ] GC(1474)   Evacuate Collection Set: 8.90ms
[624.499s][info][gc,phases      ] GC(1474)   Post Evacuate Collection Set: 0.38ms
[624.499s][info][gc,phases      ] GC(1474)   Other: 0.09ms
[624.499s][info][gc,heap        ] GC(1474) Eden regions: 133->0(129)
[624.499s][info][gc,heap        ] GC(1474) Survivor regions: 6->8(18)
[624.499s][info][gc,heap        ] GC(1474) Old regions: 773->773
[624.499s][info][gc,heap        ] GC(1474) Humongous regions: 10->10
[624.499s][info][gc,metaspace   ] GC(1474) Metaspace: 19127K(19328K)->19127K(19328K) NonClass: 16459K(16576K)->16459K(16576K) Class: 2667K(2752K)->2667K(2752K)
[624.499s][info][gc             ] GC(1474) Pause Young (Prepare Mixed) (G1 Evacuation Pause) 921M->790M(978M) 9.993ms
[624.499s][info][gc,cpu         ] GC(1474) User=0.01s Sys=0.00s Real=0.01s
[624.777s][info][gc,start       ] GC(1475) Pause Young (Mixed) (G1 Evacuation Pause)
[624.777s][info][gc,task        ] GC(1475) Using 2 workers of 2 for evacuation
[624.799s][info][gc,phases      ] GC(1475)   Pre Evacuate Collection Set: 0.30ms
[624.799s][info][gc,phases      ] GC(1475)   Merge Heap Roots: 0.32ms
[624.799s][info][gc,phases      ] GC(1475)   Evacuate Collection Set: 20.58ms
[624.799s][info][gc,phases      ] GC(1475)   Post Evacuate Collection Set: 0.41ms
[624.799s][info][gc,phases      ] GC(1475)   Other: 0.09ms
[624.799s][info][gc,heap        ] GC(1475) Eden regions: 129->0(137)
[624.799s][info][gc,heap        ] GC(1475) Survivor regions: 8->9(18)
[624.799s][info][gc,heap        ] GC(1475) Old regions: 773->763
[624.799s][info][gc,heap        ] GC(1475) Humongous regions: 10->10
[624.799s][info][gc,metaspace   ] GC(1475) Metaspace: 19127K(19328K)->19127K(19328K) NonClass: 16459K(16576K)->16459K(16576K) Class: 2667K(2752K)->2667K(2752K)
[624.799s][info][gc             ] GC(1475) Pause Young (Mixed) (G1 Evacuation Pause) 919M->781M(978M) 21.907ms
[624.799s][info][gc,cpu         ] GC(1475) User=0.04s Sys=0.00s Real=0.02s
[625.023s][info][gc,start       ] GC(1476) Pause Young (Concurrent Start) (G1 Evacuation Pause)
[625.023s][info][gc,task        ] GC(1476) Using 2 workers of 2 for evacuation
[625.065s][info][gc,phases      ] GC(1476)   Pre Evacuate Collection Set: 0.38ms
[625.065s][info][gc,phases      ] GC(1476)   Merge Heap Roots: 0.18ms
[625.065s][info][gc,phases      ] GC(1476)   Evacuate Collection Set: 40.34ms
[625.065s][info][gc,phases      ] GC(1476)   Post Evacuate Collection Set: 0.42ms
[625.065s][info][gc,phases      ] GC(1476)   Other: 0.23ms
[625.065s][info][gc,heap        ] GC(1476) Eden regions: 137->0(96)
[625.065s][info][gc,heap        ] GC(1476) Survivor regions: 9->19(19)
[625.065s][info][gc,heap        ] GC(1476) Old regions: 763->784
[625.065s][info][gc,heap        ] GC(1476) Humongous regions: 10->10
[625.065s][info][gc,metaspace   ] GC(1476) Metaspace: 19127K(19328K)->19127K(19328K) NonClass: 16459K(16576K)->16459K(16576K) Class: 2667K(2752K)->2667K(2752K)
[625.065s][info][gc             ] GC(1476) Pause Young (Concurrent Start) (G1 Evacuation Pause) 918M->812M(978M) 41.745ms
[625.065s][info][gc,cpu         ] GC(1476) User=0.08s Sys=0.00s Real=0.04s
[625.065s][info][gc             ] GC(1477) Concurrent Mark Cycle
[625.067s][info][gc,marking     ] GC(1477) Concurrent Scan Root Regions
[625.139s][info][gc,marking     ] GC(1477) Concurrent Scan Root Regions 72.228ms
[625.139s][info][gc,marking     ] GC(1477) Concurrent Mark
[625.139s][info][gc,marking     ] GC(1477) Concurrent Mark From Roots
[625.139s][info][gc,task        ] GC(1477) Using 1 workers of 1 for marking
[625.227s][info][gc,start       ] GC(1478) Pause Young (Normal) (G1 Evacuation Pause)
[625.227s][info][gc,task        ] GC(1478) Using 2 workers of 2 for evacuation
[625.276s][info][gc,phases      ] GC(1478)   Pre Evacuate Collection Set: 0.30ms
[625.276s][info][gc,phases      ] GC(1478)   Merge Heap Roots: 0.15ms
[625.276s][info][gc,phases      ] GC(1478)   Evacuate Collection Set: 47.98ms
[625.276s][info][gc,phases      ] GC(1478)   Post Evacuate Collection Set: 0.46ms
[625.276s][info][gc,phases      ] GC(1478)   Other: 0.07ms
[625.276s][info][gc,heap        ] GC(1478) Eden regions: 96->0(65)
[625.276s][info][gc,heap        ] GC(1478) Survivor regions: 19->15(15)
[625.276s][info][gc,heap        ] GC(1478) Old regions: 784->823
[625.276s][info][gc,heap        ] GC(1478) Humongous regions: 10->10
[625.276s][info][gc,metaspace   ] GC(1478) Metaspace: 19127K(19328K)->19127K(19328K) NonClass: 16459K(16576K)->16459K(16576K) Class: 2667K(2752K)->2667K(2752K)
[625.276s][info][gc             ] GC(1478) Pause Young (Normal) (G1 Evacuation Pause) 908M->847M(978M) 49.198ms
[625.276s][info][gc,cpu         ] GC(1478) User=0.10s Sys=0.00s Real=0.05s
[625.420s][info][gc,start       ] GC(1479) Pause Young (Normal) (G1 Evacuation Pause)
[625.420s][info][gc,task        ] GC(1479) Using 2 workers of 2 for evacuation
[625.455s][info][gc,phases      ] GC(1479)   Pre Evacuate Collection Set: 0.32ms
[625.455s][info][gc,phases      ] GC(1479)   Merge Heap Roots: 0.42ms
[625.455s][info][gc,phases      ] GC(1479)   Evacuate Collection Set: 33.86ms
[625.455s][info][gc,phases      ] GC(1479)   Post Evacuate Collection Set: 0.43ms
[625.455s][info][gc,phases      ] GC(1479)   Other: 0.08ms
[625.455s][info][gc,heap        ] GC(1479) Eden regions: 65->0(58)
[625.455s][info][gc,heap        ] GC(1479) Survivor regions: 15->10(10)
[625.455s][info][gc,heap        ] GC(1479) Old regions: 823->839
[625.455s][info][gc,heap        ] GC(1479) Humongous regions: 11->11
[625.455s][info][gc,metaspace   ] GC(1479) Metaspace: 19127K(19328K)->19127K(19328K) NonClass: 16459K(16576K)->16459K(16576K) Class: 2667K(2752K)->2667K(2752K)
[625.455s][info][gc             ] GC(1479) Pause Young (Normal) (G1 Evacuation Pause) 913M->859M(978M) 35.368ms
[625.455s][info][gc,cpu         ] GC(1479) User=0.07s Sys=0.00s Real=0.04s
[625.565s][info][gc,start       ] GC(1480) Pause Young (Normal) (G1 Evacuation Pause)
[625.565s][info][gc,task        ] GC(1480) Using 2 workers of 2 for evacuation
[625.589s][info][gc,phases      ] GC(1480)   Pre Evacuate Collection Set: 0.53ms
[625.589s][info][gc,phases      ] GC(1480)   Merge Heap Roots: 0.25ms
[625.589s][info][gc,phases      ] GC(1480)   Evacuate Collection Set: 21.99ms
[625.589s][info][gc,phases      ] GC(1480)   Post Evacuate Collection Set: 0.31ms
[625.589s][info][gc,phases      ] GC(1480)   Other: 0.09ms
[625.589s][info][gc,heap        ] GC(1480) Eden regions: 58->0(60)
[625.589s][info][gc,heap        ] GC(1480) Survivor regions: 10->4(9)
[625.589s][info][gc,heap        ] GC(1480) Old regions: 839->849
[625.589s][info][gc,heap        ] GC(1480) Humongous regions: 11->11
[625.589s][info][gc,metaspace   ] GC(1480) Metaspace: 19127K(19328K)->19127K(19328K) NonClass: 16459K(16576K)->16459K(16576K) Class: 2667K(2752K)->2667K(2752K)
[625.589s][info][gc             ] GC(1480) Pause Young (Normal) (G1 Evacuation Pause) 917M->863M(978M) 23.401ms
[625.589s][info][gc,cpu         ] GC(1480) User=0.05s Sys=0.00s Real=0.02s
[625.664s][info][gc,start       ] GC(1481) Pause Young (Normal) (G1 Evacuation Pause)
[625.664s][info][gc,task        ] GC(1481) Using 2 workers of 2 for evacuation
[625.669s][info][gc,phases      ] GC(1481)   Pre Evacuate Collection Set: 0.49ms
[625.669s][info][gc,phases      ] GC(1481)   Merge Heap Roots: 0.07ms
[625.669s][info][gc,phases      ] GC(1481)   Evacuate Collection Set: 4.25ms
[625.669s][info][gc,phases      ] GC(1481)   Post Evacuate Collection Set: 0.28ms
[625.669s][info][gc,phases      ] GC(1481)   Other: 0.09ms
[625.669s][info][gc,heap        ] GC(1481) Eden regions: 60->0(60)
[625.669s][info][gc,heap        ] GC(1481) Survivor regions: 4->4(8)
[625.669s][info][gc,heap        ] GC(1481) Old regions: 849->849
[625.669s][info][gc,heap        ] GC(1481) Humongous regions: 11->11
[625.669s][info][gc,metaspace   ] GC(1481) Metaspace: 19127K(19328K)->19127K(19328K) NonClass: 16459K(16576K)->16459K(16576K) Class: 2667K(2752K)->2667K(2752K)
[625.670s][info][gc             ] GC(1481) Pause Young (Normal) (G1 Evacuation Pause) 923M->863M(978M) 5.376ms
[625.670s][info][gc,cpu         ] GC(1481) User=0.01s Sys=0.00s Real=0.00s
[625.711s][info][gc,start       ] GC(1482) Pause Young (Normal) (G1 Evacuation Pause)
[625.711s][info][gc,task        ] GC(1482) Using 2 workers of 2 for evacuation
[625.717s][info][gc,phases      ] GC(1482)   Pre Evacuate Collection Set: 0.48ms
[625.717s][info][gc,phases      ] GC(1482)   Merge Heap Roots: 0.06ms
[625.717s][info][gc,phases      ] GC(1482)   Evacuate Collection Set: 4.98ms
[625.717s][info][gc,phases      ] GC(1482)   Post Evacuate Collection Set: 0.32ms
[625.717s][info][gc,phases      ] GC(1482)   Other: 0.06ms
[625.717s][info][gc,heap        ] GC(1482) Eden regions: 60->0(58)
[625.717s][info][gc,heap        ] GC(1482) Survivor regions: 4->5(8)
[625.717s][info][gc,heap        ] GC(1482) Old regions: 849->849
[625.717s][info][gc,heap        ] GC(1482) Humongous regions: 11->11
[625.717s][info][gc,metaspace   ] GC(1482) Metaspace: 19127K(19328K)->19127K(19328K) NonClass: 16459K(16576K)->16459K(16576K) Class: 2667K(2752K)->2667K(2752K)
[625.717s][info][gc             ] GC(1482) Pause Young (Normal) (G1 Evacuation Pause) 923M->864M(978M) 6.078ms
[625.717s][info][gc,cpu         ] GC(1482) User=0.01s Sys=0.00s Real=0.01s
[625.787s][info][gc,start       ] GC(1483) Pause Young (Normal) (G1 Evacuation Pause)
[625.787s][info][gc,task        ] GC(1483) Using 2 workers of 2 for evacuation
[625.794s][info][gc,phases      ] GC(1483)   Pre Evacuate Collection Set: 0.52ms
[625.794s][info][gc,phases      ] GC(1483)   Merge Heap Roots: 0.13ms
[625.794s][info][gc,phases      ] GC(1483)   Evacuate Collection Set: 5.81ms
[625.794s][info][gc,phases      ] GC(1483)   Post Evacuate Collection Set: 0.30ms
[625.794s][info][gc,phases      ] GC(1483)   Other: 0.09ms
[625.794s][info][gc,heap        ] GC(1483) Eden regions: 58->0(60)
[625.794s][info][gc,heap        ] GC(1483) Survivor regions: 5->2(8)
[625.794s][info][gc,heap        ] GC(1483) Old regions: 849->853
[625.794s][info][gc,heap        ] GC(1483) Humongous regions: 11->11
[625.794s][info][gc,metaspace   ] GC(1483) Metaspace: 19127K(19328K)->19127K(19328K) NonClass: 16459K(16576K)->16459K(16576K) Class: 2667K(2752K)->2667K(2752K)
[625.794s][info][gc             ] GC(1483) Pause Young (Normal) (G1 Evacuation Pause) 922M->864M(978M) 7.036ms
[625.794s][info][gc,cpu         ] GC(1483) User=0.01s Sys=0.00s Real=0.01s
[625.939s][info][gc,start       ] GC(1484) Pause Young (Normal) (G1 Evacuation Pause)
[625.939s][info][gc,task        ] GC(1484) Using 2 workers of 2 for evacuation
[625.944s][info][gc,phases      ] GC(1484)   Pre Evacuate Collection Set: 0.54ms
[625.944s][info][gc,phases      ] GC(1484)   Merge Heap Roots: 0.11ms
[625.944s][info][gc,phases      ] GC(1484)   Evacuate Collection Set: 3.63ms
[625.944s][info][gc,phases      ] GC(1484)   Post Evacuate Collection Set: 0.31ms
[625.944s][info][gc,phases      ] GC(1484)   Other: 0.10ms
[625.944s][info][gc,heap        ] GC(1484) Eden regions: 60->0(58)
[625.944s][info][gc,heap        ] GC(1484) Survivor regions: 2->3(8)
[625.944s][info][gc,heap        ] GC(1484) Old regions: 853->853
[625.944s][info][gc,heap        ] GC(1484) Humongous regions: 11->11
[625.944s][info][gc,metaspace   ] GC(1484) Metaspace: 19127K(19328K)->19127K(19328K) NonClass: 16459K(16576K)->16459K(16576K) Class: 2667K(2752K)->2667K(2752K)
[625.944s][info][gc             ] GC(1484) Pause Young (Normal) (G1 Evacuation Pause) 924M->865M(978M) 4.926ms
[625.944s][info][gc,cpu         ] GC(1484) User=0.00s Sys=0.00s Real=0.01s
[625.970s][info][gc,marking     ] GC(1477) Concurrent Mark From Roots 830.354ms
[625.970s][info][gc,marking     ] GC(1477) Concurrent Preclean
[625.970s][info][gc,marking     ] GC(1477) Concurrent Preclean 0.039ms
[625.970s][info][gc,start       ] GC(1477) Pause Remark
[625.978s][info][gc             ] GC(1477) Pause Remark 872M->378M(978M) 8.320ms
[625.978s][info][gc,cpu         ] GC(1477) User=0.02s Sys=0.00s Real=0.01s
[625.978s][info][gc,marking     ] GC(1477) Concurrent Mark 839.044ms
[625.978s][info][gc,marking     ] GC(1477) Concurrent Rebuild Remembered Sets and Scrub Regions
[626.115s][info][gc,start       ] GC(1485) Pause Young (Normal) (G1 Evacuation Pause)
[626.115s][info][gc,task        ] GC(1485) Using 2 workers of 2 for evacuation
[626.121s][info][gc,phases      ] GC(1485)   Pre Evacuate Collection Set: 0.51ms
[626.121s][info][gc,phases      ] GC(1485)   Merge Heap Roots: 0.21ms
[626.121s][info][gc,phases      ] GC(1485)   Evacuate Collection Set: 4.79ms
[626.121s][info][gc,phases      ] GC(1485)   Post Evacuate Collection Set: 0.31ms
[626.121s][info][gc,phases      ] GC(1485)   Other: 0.10ms
[626.121s][info][gc,heap        ] GC(1485) Eden regions: 58->0(484)
[626.121s][info][gc,heap        ] GC(1485) Survivor regions: 3->3(8)
[626.121s][info][gc,heap        ] GC(1485) Old regions: 366->366
[626.121s][info][gc,heap        ] GC(1485) Humongous regions: 4->4
[626.121s][info][gc,metaspace   ] GC(1485) Metaspace: 19127K(19328K)->19127K(19328K) NonClass: 16459K(16576K)->16459K(16576K) Class: 2667K(2752K)->2667K(2752K)
[626.121s][info][gc             ] GC(1485) Pause Young (Normal) (G1 Evacuation Pause) 429M->371M(978M) 6.168ms
[626.121s][info][gc,cpu         ] GC(1485) User=0.01s Sys=0.00s Real=0.00s
[626.275s][info][gc,marking     ] GC(1477) Concurrent Rebuild Remembered Sets and Scrub Regions 296.240ms
[626.275s][info][gc,start       ] GC(1477) Pause Cleanup
[626.275s][info][gc             ] GC(1477) Pause Cleanup 434M->434M(978M) 0.108ms
[626.275s][info][gc,cpu         ] GC(1477) User=0.00s Sys=0.00s Real=0.00s
[626.275s][info][gc,marking     ] GC(1477) Concurrent Clear Claimed Marks
[626.275s][info][gc,marking     ] GC(1477) Concurrent Clear Claimed Marks 0.033ms
[626.275s][info][gc,marking     ] GC(1477) Concurrent Cleanup for Next Mark
[626.278s][info][gc,marking     ] GC(1477) Concurrent Cleanup for Next Mark 2.835ms
[626.278s][info][gc             ] GC(1477) Concurrent Mark Cycle 1212.679ms
[626.779s][info][gc,start       ] GC(1486) Pause Young (Prepare Mixed) (G1 Evacuation Pause)
[626.779s][info][gc,task        ] GC(1486) Using 2 workers of 2 for evacuation
[626.889s][info][gc,phases      ] GC(1486)   Pre Evacuate Collection Set: 0.33ms
[626.889s][info][gc,phases      ] GC(1486)   Merge Heap Roots: 0.30ms
[626.889s][info][gc,phases      ] GC(1486)   Evacuate Collection Set: 109.08ms
[626.889s][info][gc,phases      ] GC(1486)   Post Evacuate Collection Set: 0.73ms
[626.889s][info][gc,phases      ] GC(1486)   Other: 0.12ms
[626.889s][info][gc,heap        ] GC(1486) Eden regions: 484->0(363)
[626.889s][info][gc,heap        ] GC(1486) Survivor regions: 3->61(61)
[626.889s][info][gc,heap        ] GC(1486) Old regions: 366->402
[626.889s][info][gc,heap        ] GC(1486) Humongous regions: 5->5
[626.889s][info][gc,metaspace   ] GC(1486) Metaspace: 19128K(19328K)->19128K(19328K) NonClass: 16460K(16576K)->16460K(16576K) Class: 2667K(2752K)->2667K(2752K)
[626.889s][info][gc             ] GC(1486) Pause Young (Prepare Mixed) (G1 Evacuation Pause) 856M->467M(978M) 110.883ms
[626.889s][info][gc,cpu         ] GC(1486) User=0.22s Sys=0.00s Real=0.11s
[627.287s][info][gc,start       ] GC(1487) Pause Young (Mixed) (G1 Evacuation Pause)
[627.287s][info][gc,task        ] GC(1487) Using 2 workers of 2 for evacuation
[627.420s][info][gc,phases      ] GC(1487)   Pre Evacuate Collection Set: 0.54ms
[627.420s][info][gc,phases      ] GC(1487)   Merge Heap Roots: 0.37ms
[627.420s][info][gc,phases      ] GC(1487)   Evacuate Collection Set: 131.64ms
[627.420s][info][gc,phases      ] GC(1487)   Post Evacuate Collection Set: 0.68ms
[627.420s][info][gc,phases      ] GC(1487)   Other: 0.09ms
[627.420s][info][gc,heap        ] GC(1487) Eden regions: 363->0(312)
[627.420s][info][gc,heap        ] GC(1487) Survivor regions: 61->53(53)
[627.420s][info][gc,heap        ] GC(1487) Old regions: 402->472
[627.420s][info][gc,heap        ] GC(1487) Humongous regions: 5->5
[627.420s][info][gc,metaspace   ] GC(1487) Metaspace: 19128K(19328K)->19128K(19328K) NonClass: 16460K(16576K)->16460K(16576K) Class: 2667K(2752K)->2667K(2752K)
[627.421s][info][gc             ] GC(1487) Pause Young (Mixed) (G1 Evacuation Pause) 830M->529M(978M) 133.534ms
[627.421s][info][gc,cpu         ] GC(1487) User=0.26s Sys=0.00s Real=0.13s
[627.604s][info][gc,start       ] GC(1488) Pause Young (Concurrent Start) (G1 Evacuation Pause)
[627.604s][info][gc,task        ] GC(1488) Using 2 workers of 2 for evacuation
[627.783s][info][gc,phases      ] GC(1488)   Pre Evacuate Collection Set: 0.36ms
[627.783s][info][gc,phases      ] GC(1488)   Merge Heap Roots: 0.19ms
[627.783s][info][gc,phases      ] GC(1488)   Evacuate Collection Set: 164.56ms
[627.783s][info][gc,phases      ] GC(1488)   Post Evacuate Collection Set: 13.48ms
[627.783s][info][gc,phases      ] GC(1488)   Other: 0.20ms
[627.783s][info][gc,heap        ] GC(1488) Eden regions: 312->0(94)
[627.783s][info][gc,heap        ] GC(1488) Survivor regions: 53->46(46)
[627.783s][info][gc,heap        ] GC(1488) Old regions: 472->737
[627.783s][info][gc,heap        ] GC(1488) Humongous regions: 5->5
[627.783s][info][gc,metaspace   ] GC(1488) Metaspace: 19128K(19328K)->19128K(19328K) NonClass: 16460K(16576K)->16460K(16576K) Class: 2667K(2752K)->2667K(2752K)
[627.783s][info][gc             ] GC(1488) Pause Young (Concurrent Start) (G1 Evacuation Pause) (Evacuation Failure: Allocation) 841M->787M(978M) 179.017ms
[627.783s][info][gc,cpu         ] GC(1488) User=0.36s Sys=0.00s Real=0.18s
[627.783s][info][gc             ] GC(1489) Concurrent Mark Cycle
[627.783s][info][gc,marking     ] GC(1489) Concurrent Scan Root Regions
[627.914s][info][gc,start       ] GC(1490) Pause Young (Normal) (G1 Evacuation Pause)
[627.914s][info][gc,task        ] GC(1490) Using 2 workers of 2 for evacuation
[627.978s][info][gc,marking     ] GC(1489) Concurrent Scan Root Regions 195.032ms
[627.978s][info][gc,marking     ] GC(1489) Concurrent Mark
[627.978s][info][gc,marking     ] GC(1489) Concurrent Mark From Roots
[627.978s][info][gc,task        ] GC(1489) Using 1 workers of 1 for marking
[628.100s][info][gc,phases      ] GC(1490)   Pre Evacuate Collection Set: 0.35ms
[628.100s][info][gc,phases      ] GC(1490)   Merge Heap Roots: 0.43ms
[628.100s][info][gc,phases      ] GC(1490)   Evacuate Collection Set: 110.06ms
[628.100s][info][gc,phases      ] GC(1490)   Post Evacuate Collection Set: 10.58ms
[628.100s][info][gc,phases      ] GC(1490)   Other: 0.08ms
[628.100s][info][gc,heap        ] GC(1490) Eden regions: 94->0(30)
[628.100s][info][gc,heap        ] GC(1490) Survivor regions: 46->18(18)
[628.100s][info][gc,heap        ] GC(1490) Old regions: 737->893
[628.100s][info][gc,heap        ] GC(1490) Humongous regions: 5->5
[628.100s][info][gc,metaspace   ] GC(1490) Metaspace: 19128K(19328K)->19128K(19328K) NonClass: 16460K(16576K)->16460K(16576K) Class: 2667K(2752K)->2667K(2752K)
[628.100s][info][gc             ] GC(1490) Pause Young (Normal) (G1 Evacuation Pause) (Evacuation Failure: Allocation) 881M->915M(978M) 185.571ms
[628.100s][info][gc,cpu         ] GC(1490) User=0.30s Sys=0.00s Real=0.18s
[628.135s][info][gc,start       ] GC(1491) Pause Young (Normal) (G1 Evacuation Pause)
[628.135s][info][gc,task        ] GC(1491) Using 2 workers of 2 for evacuation
[628.196s][info][gc,phases      ] GC(1491)   Pre Evacuate Collection Set: 0.54ms
[628.196s][info][gc,phases      ] GC(1491)   Merge Heap Roots: 0.29ms
[628.196s][info][gc,phases      ] GC(1491)   Evacuate Collection Set: 48.75ms
[628.196s][info][gc,phases      ] GC(1491)   Post Evacuate Collection Set: 11.53ms
[628.196s][info][gc,phases      ] GC(1491)   Other: 0.07ms
[628.196s][info][gc,heap        ] GC(1491) Eden regions: 30->0(16)
[628.196s][info][gc,heap        ] GC(1491) Survivor regions: 18->3(6)
[628.196s][info][gc,heap        ] GC(1491) Old regions: 893->951
[628.196s][info][gc,heap        ] GC(1491) Humongous regions: 5->5
[628.196s][info][gc,metaspace   ] GC(1491) Metaspace: 19128K(19328K)->19128K(19328K) NonClass: 16460K(16576K)->16460K(16576K) Class: 2667K(2752K)->2667K(2752K)
[628.196s][info][gc             ] GC(1491) Pause Young (Normal) (G1 Evacuation Pause) (Evacuation Failure: Allocation) 945M->958M(978M) 61.393ms
[628.196s][info][gc,cpu         ] GC(1491) User=0.12s Sys=0.00s Real=0.06s
[628.268s][info][gc,start       ] GC(1492) Pause Young (Normal) (G1 Evacuation Pause)
[628.268s][info][gc,task        ] GC(1492) Using 2 workers of 2 for evacuation
[628.316s][info][gc,phases      ] GC(1492)   Pre Evacuate Collection Set: 0.53ms
[628.316s][info][gc,phases      ] GC(1492)   Merge Heap Roots: 0.31ms
[628.316s][info][gc,phases      ] GC(1492)   Evacuate Collection Set: 33.86ms
[628.316s][info][gc,phases      ] GC(1492)   Post Evacuate Collection Set: 12.81ms
[628.316s][info][gc,phases      ] GC(1492)   Other: 0.07ms
[628.316s][info][gc,heap        ] GC(1492) Eden regions: 16->0(0)
[628.316s][info][gc,heap        ] GC(1492) Survivor regions: 3->1(3)
[628.316s][info][gc,heap        ] GC(1492) Old regions: 951->972
[628.316s][info][gc,heap        ] GC(1492) Humongous regions: 5->5
[628.316s][info][gc,metaspace   ] GC(1492) Metaspace: 19128K(19328K)->19128K(19328K) NonClass: 16460K(16576K)->16460K(16576K) Class: 2667K(2752K)->2667K(2752K)
[628.316s][info][gc             ] GC(1492) Pause Young (Normal) (G1 Evacuation Pause) (Evacuation Failure: Allocation) 974M->977M(978M) 47.829ms
[628.316s][info][gc,cpu         ] GC(1492) User=0.09s Sys=0.00s Real=0.05s
[628.316s][info][gc,ergo        ] Attempting full compaction
[628.316s][info][gc,start       ] GC(1493) Pause Full (G1 Compaction Pause)
[628.316s][info][gc,task        ] GC(1493) Using 2 workers of 2 for full compaction
[628.318s][info][gc,phases,start] GC(1493) Phase 1: Mark live objects
[628.501s][info][metaspace      ] ChkMgr @0x00007f6b2c162700 (non-class-space): : reclaiming memory...
[628.501s][info][metaspace      ] ChkMgr @0x00007f6b2c162700 (non-class-space): nothing reclaimed.
[628.501s][info][metaspace      ] ChkMgr @0x00007f6b2c160810 (class-space): : reclaiming memory...
[628.501s][info][metaspace      ] ChkMgr @0x00007f6b2c160810 (class-space): nothing reclaimed.
[628.501s][info][gc,phases      ] GC(1493) Phase 1: Mark live objects 183.390ms
[628.501s][info][gc,phases,start] GC(1493) Phase 2: Prepare compaction
[628.515s][info][gc,phases      ] GC(1493) Phase 2: Prepare compaction 13.931ms
[628.515s][info][gc,phases,start] GC(1493) Phase 3: Adjust pointers
[628.586s][info][gc,phases      ] GC(1493) Phase 3: Adjust pointers 70.472ms
[628.586s][info][gc,phases,start] GC(1493) Phase 4: Compact heap
[628.604s][info][gc,phases      ] GC(1493) Phase 4: Compact heap 18.149ms
[628.604s][info][gc,phases,start] GC(1493) Phase 5: Reset Metadata
[628.638s][info][gc,phases      ] GC(1493) Phase 5: Reset Metadata 33.995ms
[628.646s][info][gc,heap        ] GC(1493) Eden regions: 0->0(364)
[628.646s][info][gc,heap        ] GC(1493) Survivor regions: 1->0(3)
[628.646s][info][gc,heap        ] GC(1493) Old regions: 972->247
[628.646s][info][gc,heap        ] GC(1493) Humongous regions: 5->1
[628.646s][info][gc,metaspace   ] GC(1493) Metaspace: 19128K(19328K)->19118K(19328K) NonClass: 16460K(16576K)->16451K(16576K) Class: 2667K(2752K)->2667K(2752K)
[628.646s][info][gc             ] GC(1493) Pause Full (G1 Compaction Pause) 977M->246M(827M) 329.552ms
[628.646s][info][gc,cpu         ] GC(1493) User=0.64s Sys=0.00s Real=0.33s
[628.648s][info][gc,marking     ] GC(1489) Concurrent Mark From Roots 669.701ms
[628.648s][info][gc,marking     ] GC(1489) Concurrent Mark Abort
[628.648s][info][gc             ] GC(1489) Concurrent Mark Cycle 864.900ms
[628.931s][info][gc,start       ] GC(1494) Pause Young (Concurrent Start) (G1 Humongous Allocation)
[628.931s][info][gc,task        ] GC(1494) Using 2 workers of 2 for evacuation
[628.972s][info][gc,phases      ] GC(1494)   Pre Evacuate Collection Set: 0.25ms
[628.972s][info][gc,phases      ] GC(1494)   Merge Heap Roots: 0.55ms
[628.972s][info][gc,phases      ] GC(1494)   Evacuate Collection Set: 39.73ms
[628.972s][info][gc,phases      ] GC(1494)   Post Evacuate Collection Set: 0.70ms
[628.972s][info][gc,phases      ] GC(1494)   Other: 0.11ms
[628.972s][info][gc,heap        ] GC(1494) Eden regions: 281->0(371)
[628.973s][info][gc,heap        ] GC(1494) Survivor regions: 0->16(46)
[628.973s][info][gc,heap        ] GC(1494) Old regions: 247->247
[628.973s][info][gc,heap        ] GC(1494) Humongous regions: 1->1
[628.973s][info][gc,metaspace   ] GC(1494) Metaspace: 19118K(19328K)->19118K(19328K) NonClass: 16451K(16576K)->16451K(16576K) Class: 2667K(2752K)->2667K(2752K)
[628.973s][info][gc             ] GC(1494) Pause Young (Concurrent Start) (G1 Humongous Allocation) 526M->261M(827M) 41.542ms
[628.973s][info][gc,cpu         ] GC(1494) User=0.08s Sys=0.00s Real=0.04s
[628.973s][info][gc             ] GC(1495) Concurrent Mark Cycle
[628.973s][info][gc,marking     ] GC(1495) Concurrent Scan Root Regions
[629.010s][info][gc,marking     ] GC(1495) Concurrent Scan Root Regions 37.560ms
[629.010s][info][gc,marking     ] GC(1495) Concurrent Mark
[629.010s][info][gc,marking     ] GC(1495) Concurrent Mark From Roots
[629.010s][info][gc,task        ] GC(1495) Using 1 workers of 1 for marking
[629.295s][info][gc,marking     ] GC(1495) Concurrent Mark From Roots 285.051ms
[629.295s][info][gc,marking     ] GC(1495) Concurrent Preclean
[629.295s][info][gc,marking     ] GC(1495) Concurrent Preclean 0.035ms
[629.296s][info][gc,start       ] GC(1495) Pause Remark
[629.303s][info][gc             ] GC(1495) Pause Remark 423M->359M(687M) 7.830ms
[629.303s][info][gc,cpu         ] GC(1495) User=0.02s Sys=0.00s Real=0.01s
[629.303s][info][gc,marking     ] GC(1495) Concurrent Mark 293.219ms
[629.304s][info][gc,marking     ] GC(1495) Concurrent Rebuild Remembered Sets and Scrub Regions
[629.499s][info][gc,marking     ] GC(1495) Concurrent Rebuild Remembered Sets and Scrub Regions 195.408ms
[629.499s][info][gc,start       ] GC(1495) Pause Cleanup
[629.499s][info][gc             ] GC(1495) Pause Cleanup 557M->557M(687M) 0.091ms
[629.499s][info][gc,cpu         ] GC(1495) User=0.00s Sys=0.00s Real=0.00s
[629.499s][info][gc,marking     ] GC(1495) Concurrent Clear Claimed Marks
[629.499s][info][gc,marking     ] GC(1495) Concurrent Clear Claimed Marks 0.038ms
[629.499s][info][gc,marking     ] GC(1495) Concurrent Cleanup for Next Mark
[629.503s][info][gc,marking     ] GC(1495) Concurrent Cleanup for Next Mark 4.040ms
[629.503s][info][gc             ] GC(1495) Concurrent Mark Cycle 530.824ms
[629.507s][info][gc,start       ] GC(1496) Pause Young (Prepare Mixed) (G1 Evacuation Pause)
[629.507s][info][gc,task        ] GC(1496) Using 2 workers of 2 for evacuation
[629.637s][info][gc,phases      ] GC(1496)   Pre Evacuate Collection Set: 0.24ms
[629.637s][info][gc,phases      ] GC(1496)   Merge Heap Roots: 0.90ms
[629.637s][info][gc,phases      ] GC(1496)   Evacuate Collection Set: 127.74ms
[629.637s][info][gc,phases      ] GC(1496)   Post Evacuate Collection Set: 0.86ms
[629.637s][info][gc,phases      ] GC(1496)   Other: 0.11ms
[629.637s][info][gc,heap        ] GC(1496) Eden regions: 371->0(270)
[629.637s][info][gc,heap        ] GC(1496) Survivor regions: 16->49(49)
[629.637s][info][gc,heap        ] GC(1496) Old regions: 184->229
[629.637s][info][gc,heap        ] GC(1496) Humongous regions: 6->6
[629.637s][info][gc,metaspace   ] GC(1496) Metaspace: 19118K(19328K)->19118K(19328K) NonClass: 16451K(16576K)->16451K(16576K) Class: 2667K(2752K)->2667K(2752K)
[629.637s][info][gc             ] GC(1496) Pause Young (Prepare Mixed) (G1 Evacuation Pause) 574M->281M(687M) 130.098ms
[629.637s][info][gc,cpu         ] GC(1496) User=0.26s Sys=0.00s Real=0.13s
[629.829s][info][gc,start       ] GC(1497) Pause Young (Mixed) (G1 Evacuation Pause)
[629.829s][info][gc,task        ] GC(1497) Using 2 workers of 2 for evacuation
[629.932s][info][gc,phases      ] GC(1497)   Pre Evacuate Collection Set: 0.26ms
[629.932s][info][gc,phases      ] GC(1497)   Merge Heap Roots: 0.70ms
[629.932s][info][gc,phases      ] GC(1497)   Evacuate Collection Set: 100.81ms
[629.932s][info][gc,phases      ] GC(1497)   Post Evacuate Collection Set: 0.53ms
[629.932s][info][gc,phases      ] GC(1497)   Other: 0.10ms
[629.932s][info][gc,heap        ] GC(1497) Eden regions: 270->0(281)
[629.932s][info][gc,heap        ] GC(1497) Survivor regions: 49->10(40)
[629.932s][info][gc,heap        ] GC(1497) Old regions: 229->271
[629.932s][info][gc,heap        ] GC(1497) Humongous regions: 6->6
[629.932s][info][gc,metaspace   ] GC(1497) Metaspace: 19118K(19328K)->19118K(19328K) NonClass: 16451K(16576K)->16451K(16576K) Class: 2667K(2752K)->2667K(2752K)
[629.932s][info][gc             ] GC(1497) Pause Young (Mixed) (G1 Evacuation Pause) 551M->284M(687M) 102.662ms
[629.932s][info][gc,cpu         ] GC(1497) User=0.18s Sys=0.00s Real=0.10s
[630.202s][info][gc,start       ] GC(1498) Pause Young (Concurrent Start) (G1 Evacuation Pause)
[630.202s][info][gc,task        ] GC(1498) Using 2 workers of 2 for evacuation
[630.233s][info][gc,phases      ] GC(1498)   Pre Evacuate Collection Set: 0.28ms
[630.233s][info][gc,phases      ] GC(1498)   Merge Heap Roots: 0.24ms
[630.233s][info][gc,phases      ] GC(1498)   Evacuate Collection Set: 30.02ms
[630.233s][info][gc,phases      ] GC(1498)   Post Evacuate Collection Set: 0.50ms
[630.233s][info][gc,phases      ] GC(1498)   Other: 0.12ms
[630.233s][info][gc,heap        ] GC(1498) Eden regions: 281->0(283)
[630.233s][info][gc,heap        ] GC(1498) Survivor regions: 10->22(37)
[630.233s][info][gc,heap        ] GC(1498) Old regions: 271->271
[630.233s][info][gc,heap        ] GC(1498) Humongous regions: 6->6
[630.233s][info][gc,metaspace   ] GC(1498) Metaspace: 19118K(19328K)->19118K(19328K) NonClass: 16451K(16576K)->16451K(16576K) Class: 2667K(2752K)->2667K(2752K)
[630.233s][info][gc             ] GC(1498) Pause Young (Concurrent Start) (G1 Evacuation Pause) 565M->297M(687M) 31.411ms
[630.233s][info][gc             ] GC(1499) Concurrent Mark Cycle
[630.233s][info][gc,marking     ] GC(1499) Concurrent Scan Root Regions
[630.234s][info][gc,cpu         ] GC(1498) User=0.07s Sys=0.00s Real=0.04s
[630.275s][info][gc,marking     ] GC(1499) Concurrent Scan Root Regions 41.178ms
[630.275s][info][gc,marking     ] GC(1499) Concurrent Mark
[630.275s][info][gc,marking     ] GC(1499) Concurrent Mark From Roots
[630.275s][info][gc,task        ] GC(1499) Using 1 workers of 1 for marking
[631.032s][info][gc,marking     ] GC(1499) Concurrent Mark From Roots 757.268ms
[631.032s][info][gc,marking     ] GC(1499) Concurrent Preclean
[631.032s][info][gc,marking     ] GC(1499) Concurrent Preclean 0.039ms
[631.032s][info][gc,start       ] GC(1499) Pause Remark
[631.040s][info][gc             ] GC(1499) Pause Remark 564M->562M(687M) 7.930ms
[631.040s][info][gc,cpu         ] GC(1499) User=0.01s Sys=0.00s Real=0.01s
[631.040s][info][gc,marking     ] GC(1499) Concurrent Mark 765.592ms
[631.040s][info][gc,marking     ] GC(1499) Concurrent Rebuild Remembered Sets and Scrub Regions
[631.092s][info][gc,start       ] GC(1500) Pause Young (Normal) (G1 Evacuation Pause)
[631.092s][info][gc,task        ] GC(1500) Using 2 workers of 2 for evacuation
[631.160s][info][gc,phases      ] GC(1500)   Pre Evacuate Collection Set: 0.23ms
[631.160s][info][gc,phases      ] GC(1500)   Merge Heap Roots: 0.38ms
[631.160s][info][gc,phases      ] GC(1500)   Evacuate Collection Set: 67.14ms
[631.160s][info][gc,phases      ] GC(1500)   Post Evacuate Collection Set: 0.50ms
[631.160s][info][gc,phases      ] GC(1500)   Other: 0.07ms
[631.160s][info][gc,heap        ] GC(1500) Eden regions: 283->0(263)
[631.160s][info][gc,heap        ] GC(1500) Survivor regions: 22->39(39)
[631.160s][info][gc,heap        ] GC(1500) Old regions: 271->288
[631.160s][info][gc,heap        ] GC(1500) Humongous regions: 4->4
[631.160s][info][gc,metaspace   ] GC(1500) Metaspace: 19118K(19328K)->19118K(19328K) NonClass: 16451K(16576K)->16451K(16576K) Class: 2667K(2752K)->2667K(2752K)
[631.160s][info][gc             ] GC(1500) Pause Young (Normal) (G1 Evacuation Pause) 578M->329M(687M) 68.521ms
[631.161s][info][gc,cpu         ] GC(1500) User=0.14s Sys=0.00s Real=0.07s
[631.408s][info][gc,marking     ] GC(1499) Concurrent Rebuild Remembered Sets and Scrub Regions 367.983ms
[631.408s][info][gc,start       ] GC(1499) Pause Cleanup
[631.408s][info][gc             ] GC(1499) Pause Cleanup 396M->396M(687M) 0.082ms
[631.408s][info][gc,cpu         ] GC(1499) User=0.00s Sys=0.00s Real=0.00s
[631.408s][info][gc,marking     ] GC(1499) Concurrent Clear Claimed Marks
[631.409s][info][gc,marking     ] GC(1499) Concurrent Clear Claimed Marks 0.032ms
[631.409s][info][gc,marking     ] GC(1499) Concurrent Cleanup for Next Mark
[631.411s][info][gc,marking     ] GC(1499) Concurrent Cleanup for Next Mark 2.397ms
[631.411s][info][gc             ] GC(1499) Concurrent Mark Cycle 1177.683ms
[631.887s][info][gc,start       ] GC(1501) Pause Young (Prepare Mixed) (G1 Evacuation Pause)
[631.887s][info][gc,task        ] GC(1501) Using 2 workers of 2 for evacuation
[631.929s][info][gc,phases      ] GC(1501)   Pre Evacuate Collection Set: 0.42ms
[631.929s][info][gc,phases      ] GC(1501)   Merge Heap Roots: 0.32ms
[631.929s][info][gc,phases      ] GC(1501)   Evacuate Collection Set: 41.12ms
[631.929s][info][gc,phases      ] GC(1501)   Post Evacuate Collection Set: 0.50ms
[631.929s][info][gc,phases      ] GC(1501)   Other: 0.11ms
[631.929s][info][gc,heap        ] GC(1501) Eden regions: 263->0(274)
[631.929s][info][gc,heap        ] GC(1501) Survivor regions: 39->1(38)
[631.929s][info][gc,heap        ] GC(1501) Old regions: 288->328
[631.929s][info][gc,heap        ] GC(1501) Humongous regions: 4->4
[631.929s][info][gc,metaspace   ] GC(1501) Metaspace: 19118K(19328K)->19118K(19328K) NonClass: 16451K(16576K)->16451K(16576K) Class: 2667K(2752K)->2667K(2752K)
[631.929s][info][gc             ] GC(1501) Pause Young (Prepare Mixed) (G1 Evacuation Pause) 592M->330M(687M) 42.715ms
[631.929s][info][gc,cpu         ] GC(1501) User=0.08s Sys=0.00s Real=0.04s
[632.541s][info][gc,start       ] GC(1502) Pause Young (Mixed) (G1 Evacuation Pause)
[632.541s][info][gc,task        ] GC(1502) Using 2 workers of 2 for evacuation
[632.558s][info][gc,phases      ] GC(1502)   Pre Evacuate Collection Set: 0.28ms
[632.558s][info][gc,phases      ] GC(1502)   Merge Heap Roots: 0.40ms
[632.558s][info][gc,phases      ] GC(1502)   Evacuate Collection Set: 14.88ms
[632.558s][info][gc,phases      ] GC(1502)   Post Evacuate Collection Set: 1.40ms
[632.558s][info][gc,phases      ] GC(1502)   Other: 0.12ms
[632.558s][info][gc,heap        ] GC(1502) Eden regions: 274->0(364)
[632.558s][info][gc,heap        ] GC(1502) Survivor regions: 1->3(35)
[632.558s][info][gc,heap        ] GC(1502) Old regions: 328->323
[632.558s][info][gc,heap        ] GC(1502) Humongous regions: 4->4
[632.558s][info][gc,metaspace   ] GC(1502) Metaspace: 19118K(19328K)->19118K(19328K) NonClass: 16451K(16576K)->16451K(16576K) Class: 2667K(2752K)->2667K(2752K)
[632.558s][info][gc             ] GC(1502) Pause Young (Mixed) (G1 Evacuation Pause) 604M->328M(804M) 17.343ms
[632.558s][info][gc,cpu         ] GC(1502) User=0.03s Sys=0.00s Real=0.02s
[633.001s][info][gc,start       ] GC(1503) Pause Young (Concurrent Start) (G1 Evacuation Pause)
[633.001s][info][gc,task        ] GC(1503) Using 2 workers of 2 for evacuation
[633.088s][info][gc,phases      ] GC(1503)   Pre Evacuate Collection Set: 0.29ms
[633.088s][info][gc,phases      ] GC(1503)   Merge Heap Roots: 0.18ms
[633.088s][info][gc,phases      ] GC(1503)   Evacuate Collection Set: 85.54ms
[633.088s][info][gc,phases      ] GC(1503)   Post Evacuate Collection Set: 0.97ms
[633.088s][info][gc,phases      ] GC(1503)   Other: 0.13ms
[633.088s][info][gc,heap        ] GC(1503) Eden regions: 364->0(270)
[633.088s][info][gc,heap        ] GC(1503) Survivor regions: 3->46(46)
[633.088s][info][gc,heap        ] GC(1503) Old regions: 323->369
[633.088s][info][gc,heap        ] GC(1503) Humongous regions: 4->4
[633.088s][info][gc,metaspace   ] GC(1503) Metaspace: 19118K(19328K)->19118K(19328K) NonClass: 16451K(16576K)->16451K(16576K) Class: 2667K(2752K)->2667K(2752K)
[633.088s][info][gc             ] GC(1503) Pause Young (Concurrent Start) (G1 Evacuation Pause) 692M->418M(804M) 87.326ms
[633.088s][info][gc,cpu         ] GC(1503) User=0.17s Sys=0.00s Real=0.09s
[633.088s][info][gc             ] GC(1504) Concurrent Mark Cycle
[633.088s][info][gc,marking     ] GC(1504) Concurrent Scan Root Regions
[633.186s][info][gc,marking     ] GC(1504) Concurrent Scan Root Regions 97.421ms
[633.186s][info][gc,marking     ] GC(1504) Concurrent Mark
[633.186s][info][gc,marking     ] GC(1504) Concurrent Mark From Roots
[633.186s][info][gc,task        ] GC(1504) Using 1 workers of 1 for marking
[633.381s][info][gc,start       ] GC(1505) Pause Young (Normal) (G1 Evacuation Pause)
[633.381s][info][gc,task        ] GC(1505) Using 2 workers of 2 for evacuation
[633.471s][info][gc,phases      ] GC(1505)   Pre Evacuate Collection Set: 0.44ms
[633.471s][info][gc,phases      ] GC(1505)   Merge Heap Roots: 0.51ms
[633.471s][info][gc,phases      ] GC(1505)   Evacuate Collection Set: 88.18ms
[633.471s][info][gc,phases      ] GC(1505)   Post Evacuate Collection Set: 0.61ms
[633.471s][info][gc,phases      ] GC(1505)   Other: 0.10ms
[633.471s][info][gc,heap        ] GC(1505) Eden regions: 270->0(253)
[633.471s][info][gc,heap        ] GC(1505) Survivor regions: 46->32(40)
[633.471s][info][gc,heap        ] GC(1505) Old regions: 369->416
[633.471s][info][gc,heap        ] GC(1505) Humongous regions: 4->4
[633.471s][info][gc,metaspace   ] GC(1505) Metaspace: 19118K(19328K)->19118K(19328K) NonClass: 16451K(16576K)->16451K(16576K) Class: 2667K(2752K)->2667K(2752K)
[633.471s][info][gc             ] GC(1505) Pause Young (Normal) (G1 Evacuation Pause) 688M->450M(804M) 90.137ms
[633.471s][info][gc,cpu         ] GC(1505) User=0.18s Sys=0.00s Real=0.09s
[633.798s][info][gc,start       ] GC(1506) Pause Young (Normal) (G1 Evacuation Pause)
[633.798s][info][gc,task        ] GC(1506) Using 2 workers of 2 for evacuation
[633.890s][info][gc,phases      ] GC(1506)   Pre Evacuate Collection Set: 0.29ms
[633.890s][info][gc,phases      ] GC(1506)   Merge Heap Roots: 0.34ms
[633.890s][info][gc,phases      ] GC(1506)   Evacuate Collection Set: 90.89ms
[633.890s][info][gc,phases      ] GC(1506)   Post Evacuate Collection Set: 0.54ms
[633.890s][info][gc,phases      ] GC(1506)   Other: 0.11ms
[633.890s][info][gc,heap        ] GC(1506) Eden regions: 253->0(216)
[633.890s][info][gc,heap        ] GC(1506) Survivor regions: 32->36(36)
[633.890s][info][gc,heap        ] GC(1506) Old regions: 416->455
[633.891s][info][gc,heap        ] GC(1506) Humongous regions: 8->8
[633.891s][info][gc,metaspace   ] GC(1506) Metaspace: 19118K(19328K)->19118K(19328K) NonClass: 16451K(16576K)->16451K(16576K) Class: 2667K(2752K)->2667K(2752K)
[633.891s][info][gc             ] GC(1506) Pause Young (Normal) (G1 Evacuation Pause) 707M->497M(804M) 92.444ms
[633.891s][info][gc,cpu         ] GC(1506) User=0.18s Sys=0.00s Real=0.09s
[634.147s][info][gc,start       ] GC(1507) Pause Young (Normal) (G1 Evacuation Pause)
[634.147s][info][gc,task        ] GC(1507) Using 2 workers of 2 for evacuation
[634.218s][info][gc,phases      ] GC(1507)   Pre Evacuate Collection Set: 0.27ms
[634.218s][info][gc,phases      ] GC(1507)   Merge Heap Roots: 0.25ms
[634.218s][info][gc,phases      ] GC(1507)   Evacuate Collection Set: 70.46ms
[634.218s][info][gc,phases      ] GC(1507)   Post Evacuate Collection Set: 0.49ms
[634.218s][info][gc,phases      ] GC(1507)   Other: 0.10ms
[634.218s][info][gc,heap        ] GC(1507) Eden regions: 216->0(198)
[634.218s][info][gc,heap        ] GC(1507) Survivor regions: 36->27(32)
[634.218s][info][gc,heap        ] GC(1507) Old regions: 455->491
[634.218s][info][gc,heap        ] GC(1507) Humongous regions: 8->8
[634.218s][info][gc,metaspace   ] GC(1507) Metaspace: 19118K(19328K)->19118K(19328K) NonClass: 16451K(16576K)->16451K(16576K) Class: 2667K(2752K)->2667K(2752K)
[634.218s][info][gc             ] GC(1507) Pause Young (Normal) (G1 Evacuation Pause) 713M->524M(804M) 71.792ms
[634.218s][info][gc,cpu         ] GC(1507) User=0.14s Sys=0.00s Real=0.07s
[634.439s][info][gc,marking     ] GC(1504) Concurrent Mark From Roots 1253.205ms
[634.439s][info][gc,marking     ] GC(1504) Concurrent Preclean
[634.439s][info][gc,marking     ] GC(1504) Concurrent Preclean 0.038ms
[634.439s][info][gc,start       ] GC(1504) Pause Remark
[634.448s][info][gc             ] GC(1504) Pause Remark 673M->671M(874M) 8.869ms
[634.448s][info][gc,cpu         ] GC(1504) User=0.01s Sys=0.00s Real=0.01s
[634.448s][info][gc,marking     ] GC(1504) Concurrent Mark 1262.435ms
[634.448s][info][gc,marking     ] GC(1504) Concurrent Rebuild Remembered Sets and Scrub Regions
[634.571s][info][gc,start       ] GC(1508) Pause Young (Normal) (G1 Evacuation Pause)
[634.571s][info][gc,task        ] GC(1508) Using 2 workers of 2 for evacuation
[634.615s][info][gc,phases      ] GC(1508)   Pre Evacuate Collection Set: 0.27ms
[634.615s][info][gc,phases      ] GC(1508)   Merge Heap Roots: 0.22ms
[634.615s][info][gc,phases      ] GC(1508)   Evacuate Collection Set: 42.84ms
[634.615s][info][gc,phases      ] GC(1508)   Post Evacuate Collection Set: 0.44ms
[634.615s][info][gc,phases      ] GC(1508)   Other: 0.09ms
[634.615s][info][gc,heap        ] GC(1508) Eden regions: 198->0(241)
[634.615s][info][gc,heap        ] GC(1508) Survivor regions: 27->12(29)
[634.615s][info][gc,heap        ] GC(1508) Old regions: 489->516
[634.615s][info][gc,heap        ] GC(1508) Humongous regions: 8->8
[634.615s][info][gc,metaspace   ] GC(1508) Metaspace: 19118K(19328K)->19118K(19328K) NonClass: 16451K(16576K)->16451K(16576K) Class: 2667K(2752K)->2667K(2752K)
[634.615s][info][gc             ] GC(1508) Pause Young (Normal) (G1 Evacuation Pause) 720M->534M(874M) 44.082ms
[634.615s][info][gc,cpu         ] GC(1508) User=0.08s Sys=0.00s Real=0.05s
[634.850s][info][gc,marking     ] GC(1504) Concurrent Rebuild Remembered Sets and Scrub Regions 402.165ms
[634.851s][info][gc,start       ] GC(1504) Pause Cleanup
[634.851s][info][gc             ] GC(1504) Pause Cleanup 656M->656M(874M) 0.126ms
[634.851s][info][gc,cpu         ] GC(1504) User=0.00s Sys=0.00s Real=0.00s
[634.853s][info][gc,marking     ] GC(1504) Concurrent Clear Claimed Marks
[634.853s][info][gc,marking     ] GC(1504) Concurrent Clear Claimed Marks 0.047ms
[634.853s][info][gc,marking     ] GC(1504) Concurrent Cleanup for Next Mark
[634.858s][info][gc,marking     ] GC(1504) Concurrent Cleanup for Next Mark 4.449ms
[634.858s][info][gc             ] GC(1504) Concurrent Mark Cycle 1769.283ms
[634.987s][info][gc,start       ] GC(1509) Pause Young (Prepare Mixed) (G1 Evacuation Pause)
[634.987s][info][gc,task        ] GC(1509) Using 2 workers of 2 for evacuation
[635.016s][info][gc,phases      ] GC(1509)   Pre Evacuate Collection Set: 0.47ms
[635.016s][info][gc,phases      ] GC(1509)   Merge Heap Roots: 0.42ms
[635.016s][info][gc,phases      ] GC(1509)   Evacuate Collection Set: 27.47ms
[635.016s][info][gc,phases      ] GC(1509)   Post Evacuate Collection Set: 0.50ms
[635.016s][info][gc,phases      ] GC(1509)   Other: 0.11ms
[635.016s][info][gc,heap        ] GC(1509) Eden regions: 241->0(249)
[635.016s][info][gc,heap        ] GC(1509) Survivor regions: 12->16(32)
[635.016s][info][gc,heap        ] GC(1509) Old regions: 516->516
[635.016s][info][gc,heap        ] GC(1509) Humongous regions: 8->8
[635.016s][info][gc,metaspace   ] GC(1509) Metaspace: 19118K(19328K)->19118K(19328K) NonClass: 16451K(16576K)->16451K(16576K) Class: 2667K(2752K)->2667K(2752K)
[635.016s][info][gc             ] GC(1509) Pause Young (Prepare Mixed) (G1 Evacuation Pause) 775M->538M(874M) 29.224ms
[635.016s][info][gc,cpu         ] GC(1509) User=0.06s Sys=0.00s Real=0.03s
[635.239s][info][gc,start       ] GC(1510) Pause Young (Mixed) (G1 Evacuation Pause)
[635.239s][info][gc,task        ] GC(1510) Using 2 workers of 2 for evacuation
[635.296s][info][gc,phases      ] GC(1510)   Pre Evacuate Collection Set: 0.47ms
[635.296s][info][gc,phases      ] GC(1510)   Merge Heap Roots: 0.24ms
[635.296s][info][gc,phases      ] GC(1510)   Evacuate Collection Set: 55.48ms
[635.296s][info][gc,phases      ] GC(1510)   Post Evacuate Collection Set: 0.80ms
[635.296s][info][gc,phases      ] GC(1510)   Other: 0.10ms
[635.296s][info][gc,heap        ] GC(1510) Eden regions: 249->0(237)
[635.296s][info][gc,heap        ] GC(1510) Survivor regions: 16->34(34)
[635.296s][info][gc,heap        ] GC(1510) Old regions: 516->527
[635.296s][info][gc,heap        ] GC(1510) Humongous regions: 8->8
[635.296s][info][gc,metaspace   ] GC(1510) Metaspace: 19118K(19328K)->19118K(19328K) NonClass: 16451K(16576K)->16451K(16576K) Class: 2667K(2752K)->2667K(2752K)
[635.296s][info][gc             ] GC(1510) Pause Young (Mixed) (G1 Evacuation Pause) 787M->568M(896M) 57.289ms
[635.296s][info][gc,cpu         ] GC(1510) User=0.11s Sys=0.00s Real=0.06s
[635.533s][info][gc,start       ] GC(1511) Pause Young (Concurrent Start) (G1 Evacuation Pause)
[635.533s][info][gc,task        ] GC(1511) Using 2 workers of 2 for evacuation
[635.629s][info][gc,phases      ] GC(1511)   Pre Evacuate Collection Set: 0.33ms
[635.629s][info][gc,phases      ] GC(1511)   Merge Heap Roots: 0.31ms
[635.630s][info][gc,phases      ] GC(1511)   Evacuate Collection Set: 94.60ms
[635.630s][info][gc,phases      ] GC(1511)   Post Evacuate Collection Set: 0.74ms
[635.630s][info][gc,phases      ] GC(1511)   Other: 0.12ms
[635.630s][info][gc,heap        ] GC(1511) Eden regions: 237->0(175)
[635.630s][info][gc,heap        ] GC(1511) Survivor regions: 34->34(34)
[635.630s][info][gc,heap        ] GC(1511) Old regions: 527->590
[635.630s][info][gc,heap        ] GC(1511) Humongous regions: 8->8
[635.630s][info][gc,metaspace   ] GC(1511) Metaspace: 19118K(19328K)->19118K(19328K) NonClass: 16451K(16576K)->16451K(16576K) Class: 2667K(2752K)->2667K(2752K)
[635.630s][info][gc             ] GC(1511) Pause Young (Concurrent Start) (G1 Evacuation Pause) 805M->631M(903M) 96.326ms
[635.630s][info][gc             ] GC(1512) Concurrent Mark Cycle
[635.630s][info][gc,marking     ] GC(1512) Concurrent Scan Root Regions
[635.632s][info][gc,cpu         ] GC(1511) User=0.18s Sys=0.01s Real=0.09s
[635.705s][info][gc,marking     ] GC(1512) Concurrent Scan Root Regions 75.257ms
[635.705s][info][gc,marking     ] GC(1512) Concurrent Mark
[635.705s][info][gc,marking     ] GC(1512) Concurrent Mark From Roots
[635.705s][info][gc,task        ] GC(1512) Using 1 workers of 1 for marking
[636.062s][info][gc,start       ] GC(1513) Pause Young (Normal) (G1 Evacuation Pause)
[636.062s][info][gc,task        ] GC(1513) Using 2 workers of 2 for evacuation
[636.118s][info][gc,phases      ] GC(1513)   Pre Evacuate Collection Set: 0.29ms
[636.118s][info][gc,phases      ] GC(1513)   Merge Heap Roots: 0.44ms
[636.118s][info][gc,phases      ] GC(1513)   Evacuate Collection Set: 54.84ms
[636.118s][info][gc,phases      ] GC(1513)   Post Evacuate Collection Set: 0.50ms
[636.118s][info][gc,phases      ] GC(1513)   Other: 0.09ms
[636.118s][info][gc,heap        ] GC(1513) Eden regions: 175->0(165)
[636.118s][info][gc,heap        ] GC(1513) Survivor regions: 34->20(27)
[636.118s][info][gc,heap        ] GC(1513) Old regions: 590->625
[636.118s][info][gc,heap        ] GC(1513) Humongous regions: 8->8
[636.118s][info][gc,metaspace   ] GC(1513) Metaspace: 19118K(19328K)->19118K(19328K) NonClass: 16451K(16576K)->16451K(16576K) Class: 2667K(2752K)->2667K(2752K)
[636.118s][info][gc             ] GC(1513) Pause Young (Normal) (G1 Evacuation Pause) 806M->651M(903M) 56.437ms
[636.118s][info][gc,cpu         ] GC(1513) User=0.11s Sys=0.00s Real=0.06s
[636.466s][info][gc,start       ] GC(1514) Pause Young (Normal) (G1 Evacuation Pause)
[636.466s][info][gc,task        ] GC(1514) Using 2 workers of 2 for evacuation
[636.541s][info][gc,phases      ] GC(1514)   Pre Evacuate Collection Set: 0.32ms
[636.541s][info][gc,phases      ] GC(1514)   Merge Heap Roots: 0.32ms
[636.541s][info][gc,phases      ] GC(1514)   Evacuate Collection Set: 73.69ms
[636.541s][info][gc,phases      ] GC(1514)   Post Evacuate Collection Set: 0.45ms
[636.541s][info][gc,phases      ] GC(1514)   Other: 0.08ms
[636.541s][info][gc,heap        ] GC(1514) Eden regions: 165->0(136)
[636.541s][info][gc,heap        ] GC(1514) Survivor regions: 20->24(24)
[636.541s][info][gc,heap        ] GC(1514) Old regions: 625->661
[636.541s][info][gc,heap        ] GC(1514) Humongous regions: 11->11
[636.541s][info][gc,metaspace   ] GC(1514) Metaspace: 19118K(19328K)->19118K(19328K) NonClass: 16451K(16576K)->16451K(16576K) Class: 2667K(2752K)->2667K(2752K)
[636.541s][info][gc             ] GC(1514) Pause Young (Normal) (G1 Evacuation Pause) 819M->695M(903M) 75.101ms
[636.541s][info][gc,cpu         ] GC(1514) User=0.15s Sys=0.00s Real=0.07s
[636.800s][info][gc,start       ] GC(1515) Pause Young (Normal) (G1 Evacuation Pause)
[636.800s][info][gc,task        ] GC(1515) Using 2 workers of 2 for evacuation
[636.850s][info][gc,phases      ] GC(1515)   Pre Evacuate Collection Set: 0.30ms
[636.850s][info][gc,phases      ] GC(1515)   Merge Heap Roots: 0.22ms
[636.850s][info][gc,phases      ] GC(1515)   Evacuate Collection Set: 48.90ms
[636.850s][info][gc,phases      ] GC(1515)   Post Evacuate Collection Set: 0.61ms
[636.850s][info][gc,phases      ] GC(1515)   Other: 0.09ms
[636.851s][info][gc,heap        ] GC(1515) Eden regions: 136->0(139)
[636.851s][info][gc,heap        ] GC(1515) Survivor regions: 24->15(20)
[636.851s][info][gc,heap        ] GC(1515) Old regions: 661->685
[636.851s][info][gc,heap        ] GC(1515) Humongous regions: 11->11
[636.851s][info][gc,metaspace   ] GC(1515) Metaspace: 19118K(19328K)->19118K(19328K) NonClass: 16451K(16576K)->16451K(16576K) Class: 2667K(2752K)->2667K(2752K)
[636.851s][info][gc             ] GC(1515) Pause Young (Normal) (G1 Evacuation Pause) 831M->710M(919M) 50.365ms
[636.851s][info][gc,cpu         ] GC(1515) User=0.10s Sys=0.00s Real=0.05s
[636.914s][info][gc,marking     ] GC(1512) Concurrent Mark From Roots 1208.976ms
[636.914s][info][gc,marking     ] GC(1512) Concurrent Preclean
[636.914s][info][gc,marking     ] GC(1512) Concurrent Preclean 0.039ms
[636.915s][info][gc,start       ] GC(1512) Pause Remark
[636.924s][info][gc             ] GC(1512) Pause Remark 760M->672M(978M) 9.038ms
[636.924s][info][gc,cpu         ] GC(1512) User=0.01s Sys=0.00s Real=0.01s
[636.924s][info][gc,marking     ] GC(1512) Concurrent Mark 1219.067ms
[636.924s][info][gc,marking     ] GC(1512) Concurrent Rebuild Remembered Sets and Scrub Regions
[637.112s][info][gc,start       ] GC(1516) Pause Young (Normal) (G1 Evacuation Pause)
[637.112s][info][gc,task        ] GC(1516) Using 2 workers of 2 for evacuation
[637.133s][info][gc,phases      ] GC(1516)   Pre Evacuate Collection Set: 0.51ms
[637.133s][info][gc,phases      ] GC(1516)   Merge Heap Roots: 0.22ms
[637.133s][info][gc,phases      ] GC(1516)   Evacuate Collection Set: 19.86ms
[637.133s][info][gc,phases      ] GC(1516)   Post Evacuate Collection Set: 0.34ms
[637.133s][info][gc,phases      ] GC(1516)   Other: 0.10ms
[637.133s][info][gc,heap        ] GC(1516) Eden regions: 139->0(243)
[637.133s][info][gc,heap        ] GC(1516) Survivor regions: 15->1(20)
[637.133s][info][gc,heap        ] GC(1516) Old regions: 600->615
[637.133s][info][gc,heap        ] GC(1516) Humongous regions: 8->8
[637.133s][info][gc,metaspace   ] GC(1516) Metaspace: 19118K(19328K)->19118K(19328K) NonClass: 16451K(16576K)->16451K(16576K) Class: 2667K(2752K)->2667K(2752K)
[637.133s][info][gc             ] GC(1516) Pause Young (Normal) (G1 Evacuation Pause) 761M->623M(978M) 21.288ms
[637.133s][info][gc,cpu         ] GC(1516) User=0.04s Sys=0.00s Real=0.03s
[637.514s][info][gc,marking     ] GC(1512) Concurrent Rebuild Remembered Sets and Scrub Regions 590.110ms
[637.514s][info][gc,start       ] GC(1512) Pause Cleanup
[637.515s][info][gc             ] GC(1512) Pause Cleanup 845M->845M(978M) 0.159ms
[637.515s][info][gc,cpu         ] GC(1512) User=0.00s Sys=0.00s Real=0.00s
[637.515s][info][gc,marking     ] GC(1512) Concurrent Clear Claimed Marks
[637.515s][info][gc,marking     ] GC(1512) Concurrent Clear Claimed Marks 0.038ms
[637.515s][info][gc,marking     ] GC(1512) Concurrent Cleanup for Next Mark
[637.521s][info][gc,marking     ] GC(1512) Concurrent Cleanup for Next Mark 5.971ms
[637.521s][info][gc             ] GC(1512) Concurrent Mark Cycle 1891.016ms
[637.577s][info][gc,start       ] GC(1517) Pause Young (Prepare Mixed) (G1 Evacuation Pause)
[637.577s][info][gc,task        ] GC(1517) Using 2 workers of 2 for evacuation
[637.598s][info][gc,phases      ] GC(1517)   Pre Evacuate Collection Set: 0.53ms
[637.598s][info][gc,phases      ] GC(1517)   Merge Heap Roots: 0.24ms
[637.598s][info][gc,phases      ] GC(1517)   Evacuate Collection Set: 19.79ms
[637.598s][info][gc,phases      ] GC(1517)   Post Evacuate Collection Set: 0.49ms
[637.598s][info][gc,phases      ] GC(1517)   Other: 0.08ms
[637.598s][info][gc,heap        ] GC(1517) Eden regions: 243->0(241)
[637.598s][info][gc,heap        ] GC(1517) Survivor regions: 1->15(31)
[637.598s][info][gc,heap        ] GC(1517) Old regions: 615->615
[637.598s][info][gc,heap        ] GC(1517) Humongous regions: 8->8
[637.598s][info][gc,metaspace   ] GC(1517) Metaspace: 19118K(19328K)->19118K(19328K) NonClass: 16451K(16576K)->16451K(16576K) Class: 2667K(2752K)->2667K(2752K)
[637.598s][info][gc             ] GC(1517) Pause Young (Prepare Mixed) (G1 Evacuation Pause) 866M->636M(978M) 21.331ms
[637.598s][info][gc,cpu         ] GC(1517) User=0.04s Sys=0.00s Real=0.02s
[638.135s][info][gc,start       ] GC(1518) Pause Young (Mixed) (G1 Evacuation Pause)
[638.135s][info][gc,task        ] GC(1518) Using 2 workers of 2 for evacuation
[638.204s][info][gc,phases      ] GC(1518)   Pre Evacuate Collection Set: 0.34ms
[638.204s][info][gc,phases      ] GC(1518)   Merge Heap Roots: 0.84ms
[638.204s][info][gc,phases      ] GC(1518)   Evacuate Collection Set: 67.14ms
[638.204s][info][gc,phases      ] GC(1518)   Post Evacuate Collection Set: 0.57ms
[638.204s][info][gc,phases      ] GC(1518)   Other: 0.11ms
[638.204s][info][gc,heap        ] GC(1518) Eden regions: 241->0(270)
[638.204s][info][gc,heap        ] GC(1518) Survivor regions: 15->31(32)
[638.204s][info][gc,heap        ] GC(1518) Old regions: 615->568
[638.204s][info][gc,heap        ] GC(1518) Humongous regions: 8->8
[638.204s][info][gc,metaspace   ] GC(1518) Metaspace: 19118K(19328K)->19118K(19328K) NonClass: 16451K(16576K)->16451K(16576K) Class: 2667K(2752K)->2667K(2752K)
[638.204s][info][gc             ] GC(1518) Pause Young (Mixed) (G1 Evacuation Pause) 877M->606M(978M) 69.255ms
[638.204s][info][gc,cpu         ] GC(1518) User=0.13s Sys=0.00s Real=0.07s
[638.545s][info][gc,start       ] GC(1519) Pause Young (Concurrent Start) (G1 Evacuation Pause)
[638.545s][info][gc,task        ] GC(1519) Using 2 workers of 2 for evacuation
[638.633s][info][gc,phases      ] GC(1519)   Pre Evacuate Collection Set: 0.37ms
[638.633s][info][gc,phases      ] GC(1519)   Merge Heap Roots: 0.22ms
[638.633s][info][gc,phases      ] GC(1519)   Evacuate Collection Set: 86.17ms
[638.633s][info][gc,phases      ] GC(1519)   Post Evacuate Collection Set: 0.86ms
[638.633s][info][gc,phases      ] GC(1519)   Other: 0.22ms
[638.633s][info][gc,heap        ] GC(1519) Eden regions: 270->0(202)
[638.633s][info][gc,heap        ] GC(1519) Survivor regions: 31->38(38)
[638.633s][info][gc,heap        ] GC(1519) Old regions: 568->624
[638.633s][info][gc,heap        ] GC(1519) Humongous regions: 8->8
[638.633s][info][gc,metaspace   ] GC(1519) Metaspace: 19118K(19328K)->19118K(19328K) NonClass: 16451K(16576K)->16451K(16576K) Class: 2667K(2752K)->2667K(2752K)
[638.633s][info][gc             ] GC(1519) Pause Young (Concurrent Start) (G1 Evacuation Pause) 876M->669M(978M) 88.104ms
[638.633s][info][gc             ] GC(1520) Concurrent Mark Cycle
[638.633s][info][gc,marking     ] GC(1520) Concurrent Scan Root Regions
[638.634s][info][gc,cpu         ] GC(1519) User=0.17s Sys=0.00s Real=0.09s
[638.751s][info][gc,marking     ] GC(1520) Concurrent Scan Root Regions 117.368ms
[638.751s][info][gc,marking     ] GC(1520) Concurrent Mark
[638.751s][info][gc,marking     ] GC(1520) Concurrent Mark From Roots
[638.751s][info][gc,task        ] GC(1520) Using 1 workers of 1 for marking
[639.063s][info][gc,start       ] GC(1521) Pause Young (Normal) (G1 Evacuation Pause)
[639.064s][info][gc,task        ] GC(1521) Using 2 workers of 2 for evacuation
[639.135s][info][gc,phases      ] GC(1521)   Pre Evacuate Collection Set: 0.52ms
[639.135s][info][gc,phases      ] GC(1521)   Merge Heap Roots: 0.56ms
[639.135s][info][gc,phases      ] GC(1521)   Evacuate Collection Set: 69.54ms
[639.135s][info][gc,phases      ] GC(1521)   Post Evacuate Collection Set: 0.55ms
[639.135s][info][gc,phases      ] GC(1521)   Other: 0.08ms
[639.135s][info][gc,heap        ] GC(1521) Eden regions: 202->0(196)
[639.135s][info][gc,heap        ] GC(1521) Survivor regions: 38->19(30)
[639.135s][info][gc,heap        ] GC(1521) Old regions: 624->662
[639.135s][info][gc,heap        ] GC(1521) Humongous regions: 8->8
[639.135s][info][gc,metaspace   ] GC(1521) Metaspace: 19118K(19328K)->19118K(19328K) NonClass: 16451K(16576K)->16451K(16576K) Class: 2667K(2752K)->2667K(2752K)
[639.135s][info][gc             ] GC(1521) Pause Young (Normal) (G1 Evacuation Pause) 871M->688M(978M) 71.517ms
[639.135s][info][gc,cpu         ] GC(1521) User=0.14s Sys=0.00s Real=0.07s
[639.530s][info][gc,start       ] GC(1522) Pause Young (Normal) (G1 Evacuation Pause)
[639.530s][info][gc,task        ] GC(1522) Using 2 workers of 2 for evacuation
[639.605s][info][gc,phases      ] GC(1522)   Pre Evacuate Collection Set: 0.31ms
[639.605s][info][gc,phases      ] GC(1522)   Merge Heap Roots: 0.32ms
[639.605s][info][gc,phases      ] GC(1522)   Evacuate Collection Set: 73.28ms
[639.605s][info][gc,phases      ] GC(1522)   Post Evacuate Collection Set: 0.45ms
[639.605s][info][gc,phases      ] GC(1522)   Other: 0.10ms
[639.605s][info][gc,heap        ] GC(1522) Eden regions: 196->0(170)
[639.605s][info][gc,heap        ] GC(1522) Survivor regions: 19->27(27)
[639.605s][info][gc,heap        ] GC(1522) Old regions: 662->692
[639.605s][info][gc,heap        ] GC(1522) Humongous regions: 11->11
[639.605s][info][gc,metaspace   ] GC(1522) Metaspace: 19118K(19328K)->19118K(19328K) NonClass: 16451K(16576K)->16451K(16576K) Class: 2667K(2752K)->2667K(2752K)
[639.605s][info][gc             ] GC(1522) Pause Young (Normal) (G1 Evacuation Pause) 887M->729M(978M) 74.685ms
[639.605s][info][gc,cpu         ] GC(1522) User=0.15s Sys=0.00s Real=0.08s
[639.833s][info][gc,start       ] GC(1523) Pause Young (Normal) (G1 Evacuation Pause)
[639.833s][info][gc,task        ] GC(1523) Using 2 workers of 2 for evacuation
[639.879s][info][gc,phases      ] GC(1523)   Pre Evacuate Collection Set: 0.32ms
[639.879s][info][gc,phases      ] GC(1523)   Merge Heap Roots: 0.15ms
[639.879s][info][gc,phases      ] GC(1523)   Evacuate Collection Set: 44.88ms
[639.879s][info][gc,phases      ] GC(1523)   Post Evacuate Collection Set: 0.41ms
[639.879s][info][gc,phases      ] GC(1523)   Other: 0.09ms
[639.879s][info][gc,heap        ] GC(1523) Eden regions: 170->0(163)
[639.879s][info][gc,heap        ] GC(1523) Survivor regions: 27->15(25)
[639.879s][info][gc,heap        ] GC(1523) Old regions: 692->720
[639.879s][info][gc,heap        ] GC(1523) Humongous regions: 11->11
[639.879s][info][gc,metaspace   ] GC(1523) Metaspace: 19118K(19328K)->19118K(19328K) NonClass: 16451K(16576K)->16451K(16576K) Class: 2667K(2752K)->2667K(2752K)
[639.879s][info][gc             ] GC(1523) Pause Young (Normal) (G1 Evacuation Pause) 899M->744M(978M) 46.065ms
[639.879s][info][gc,cpu         ] GC(1523) User=0.09s Sys=0.01s Real=0.04s
[640.008s][info][gc,marking     ] GC(1520) Concurrent Mark From Roots 1256.815ms
[640.008s][info][gc,marking     ] GC(1520) Concurrent Preclean
[640.008s][info][gc,marking     ] GC(1520) Concurrent Preclean 0.040ms
[640.008s][info][gc,start       ] GC(1520) Pause Remark
[640.016s][info][gc             ] GC(1520) Pause Remark 823M->669M(978M) 8.116ms
[640.016s][info][gc,cpu         ] GC(1520) User=0.02s Sys=0.00s Real=0.01s
[640.017s][info][gc,marking     ] GC(1520) Concurrent Mark 1266.615ms
[640.017s][info][gc,marking     ] GC(1520) Concurrent Rebuild Remembered Sets and Scrub Regions
[640.143s][info][gc,start       ] GC(1524) Pause Young (Normal) (G1 Evacuation Pause)
[640.143s][info][gc,task        ] GC(1524) Using 2 workers of 2 for evacuation
[640.168s][info][gc,phases      ] GC(1524)   Pre Evacuate Collection Set: 0.50ms
[640.168s][info][gc,phases      ] GC(1524)   Merge Heap Roots: 0.22ms
[640.168s][info][gc,phases      ] GC(1524)   Evacuate Collection Set: 23.67ms
[640.168s][info][gc,phases      ] GC(1524)   Post Evacuate Collection Set: 0.38ms
[640.168s][info][gc,phases      ] GC(1524)   Other: 0.09ms
[640.168s][info][gc,heap        ] GC(1524) Eden regions: 163->0(268)
[640.168s][info][gc,heap        ] GC(1524) Survivor regions: 15->5(23)
[640.168s][info][gc,heap        ] GC(1524) Old regions: 570->584
[640.168s][info][gc,heap        ] GC(1524) Humongous regions: 7->7
[640.168s][info][gc,metaspace   ] GC(1524) Metaspace: 19118K(19328K)->19118K(19328K) NonClass: 16451K(16576K)->16451K(16576K) Class: 2667K(2752K)->2667K(2752K)
[640.168s][info][gc             ] GC(1524) Pause Young (Normal) (G1 Evacuation Pause) 753M->595M(978M) 25.111ms
[640.168s][info][gc,cpu         ] GC(1524) User=0.05s Sys=0.00s Real=0.02s
[640.549s][info][gc,marking     ] GC(1520) Concurrent Rebuild Remembered Sets and Scrub Regions 531.127ms
[640.549s][info][gc,start       ] GC(1520) Pause Cleanup
[640.549s][info][gc             ] GC(1520) Pause Cleanup 769M->769M(978M) 0.176ms
[640.549s][info][gc,cpu         ] GC(1520) User=0.00s Sys=0.00s Real=0.00s
[640.549s][info][gc,marking     ] GC(1520) Concurrent Clear Claimed Marks
[640.549s][info][gc,marking     ] GC(1520) Concurrent Clear Claimed Marks 0.040ms
[640.549s][info][gc,marking     ] GC(1520) Concurrent Cleanup for Next Mark
[640.554s][info][gc,marking     ] GC(1520) Concurrent Cleanup for Next Mark 4.911ms
[640.554s][info][gc             ] GC(1520) Concurrent Mark Cycle 1920.662ms
[640.665s][info][gc,start       ] GC(1525) Pause Young (Prepare Mixed) (G1 Evacuation Pause)
[640.665s][info][gc,task        ] GC(1525) Using 2 workers of 2 for evacuation
[640.703s][info][gc,phases      ] GC(1525)   Pre Evacuate Collection Set: 0.30ms
[640.703s][info][gc,phases      ] GC(1525)   Merge Heap Roots: 0.28ms
[640.703s][info][gc,phases      ] GC(1525)   Evacuate Collection Set: 36.58ms
[640.703s][info][gc,phases      ] GC(1525)   Post Evacuate Collection Set: 0.48ms
[640.703s][info][gc,phases      ] GC(1525)   Other: 0.08ms
[640.703s][info][gc,heap        ] GC(1525) Eden regions: 268->0(251)
[640.703s][info][gc,heap        ] GC(1525) Survivor regions: 5->31(35)
[640.703s][info][gc,heap        ] GC(1525) Old regions: 584->584
[640.703s][info][gc,heap        ] GC(1525) Humongous regions: 7->7
[640.703s][info][gc,metaspace   ] GC(1525) Metaspace: 19118K(19328K)->19118K(19328K) NonClass: 16451K(16576K)->16451K(16576K) Class: 2667K(2752K)->2667K(2752K)
[640.703s][info][gc             ] GC(1525) Pause Young (Prepare Mixed) (G1 Evacuation Pause) 863M->621M(978M) 37.997ms
[640.703s][info][gc,cpu         ] GC(1525) User=0.07s Sys=0.00s Real=0.04s
[641.334s][info][gc,start       ] GC(1526) Pause Young (Mixed) (G1 Evacuation Pause)
[641.334s][info][gc,task        ] GC(1526) Using 2 workers of 2 for evacuation
[641.382s][info][gc,phases      ] GC(1526)   Pre Evacuate Collection Set: 0.33ms
[641.382s][info][gc,phases      ] GC(1526)   Merge Heap Roots: 0.63ms
[641.382s][info][gc,phases      ] GC(1526)   Evacuate Collection Set: 46.53ms
[641.382s][info][gc,phases      ] GC(1526)   Post Evacuate Collection Set: 0.53ms
[641.382s][info][gc,phases      ] GC(1526)   Other: 0.12ms
[641.382s][info][gc,heap        ] GC(1526) Eden regions: 251->0(317)
[641.382s][info][gc,heap        ] GC(1526) Survivor regions: 31->1(36)
[641.382s][info][gc,heap        ] GC(1526) Old regions: 584->556
[641.382s][info][gc,heap        ] GC(1526) Humongous regions: 7->7
[641.382s][info][gc,metaspace   ] GC(1526) Metaspace: 19118K(19328K)->19118K(19328K) NonClass: 16451K(16576K)->16451K(16576K) Class: 2667K(2752K)->2667K(2752K)
[641.382s][info][gc             ] GC(1526) Pause Young (Mixed) (G1 Evacuation Pause) 872M->563M(978M) 48.385ms
[641.382s][info][gc,cpu         ] GC(1526) User=0.09s Sys=0.00s Real=0.04s
[641.769s][info][gc,start       ] GC(1527) Pause Young (Concurrent Start) (G1 Evacuation Pause)
[641.769s][info][gc,task        ] GC(1527) Using 2 workers of 2 for evacuation
[641.835s][info][gc,phases      ] GC(1527)   Pre Evacuate Collection Set: 0.35ms
[641.835s][info][gc,phases      ] GC(1527)   Merge Heap Roots: 0.13ms
[641.835s][info][gc,phases      ] GC(1527)   Evacuate Collection Set: 65.19ms
[641.835s][info][gc,phases      ] GC(1527)   Post Evacuate Collection Set: 0.77ms
[641.835s][info][gc,phases      ] GC(1527)   Other: 0.21ms
[641.835s][info][gc,heap        ] GC(1527) Eden regions: 317->0(231)
[641.835s][info][gc,heap        ] GC(1527) Survivor regions: 1->40(40)
[641.836s][info][gc,heap        ] GC(1527) Old regions: 556->589
[641.836s][info][gc,heap        ] GC(1527) Humongous regions: 7->7
[641.836s][info][gc,metaspace   ] GC(1527) Metaspace: 19121K(19328K)->19121K(19328K) NonClass: 16453K(16576K)->16453K(16576K) Class: 2667K(2752K)->2667K(2752K)
[641.836s][info][gc             ] GC(1527) Pause Young (Concurrent Start) (G1 Evacuation Pause) 880M->635M(978M) 66.904ms
[641.836s][info][gc             ] GC(1528) Concurrent Mark Cycle
[641.836s][info][gc,marking     ] GC(1528) Concurrent Scan Root Regions
[641.838s][info][gc,cpu         ] GC(1527) User=0.13s Sys=0.00s Real=0.07s
[641.902s][info][gc,marking     ] GC(1528) Concurrent Scan Root Regions 66.418ms
[641.902s][info][gc,marking     ] GC(1528) Concurrent Mark
[641.902s][info][gc,marking     ] GC(1528) Concurrent Mark From Roots
[641.902s][info][gc,task        ] GC(1528) Using 1 workers of 1 for marking
[642.325s][info][gc,start       ] GC(1529) Pause Young (Normal) (G1 Evacuation Pause)
[642.325s][info][gc,task        ] GC(1529) Using 2 workers of 2 for evacuation
[642.418s][info][gc,phases      ] GC(1529)   Pre Evacuate Collection Set: 0.53ms
[642.418s][info][gc,phases      ] GC(1529)   Merge Heap Roots: 0.43ms
[642.418s][info][gc,phases      ] GC(1529)   Evacuate Collection Set: 90.82ms
[642.418s][info][gc,phases      ] GC(1529)   Post Evacuate Collection Set: 0.59ms
[642.418s][info][gc,phases      ] GC(1529)   Other: 0.10ms
[642.418s][info][gc,heap        ] GC(1529) Eden regions: 231->0(202)
[642.418s][info][gc,heap        ] GC(1529) Survivor regions: 40->34(34)
[642.418s][info][gc,heap        ] GC(1529) Old regions: 589->630
[642.418s][info][gc,heap        ] GC(1529) Humongous regions: 10->10
[642.418s][info][gc,metaspace   ] GC(1529) Metaspace: 19121K(19328K)->19121K(19328K) NonClass: 16453K(16576K)->16453K(16576K) Class: 2667K(2752K)->2667K(2752K)
[642.418s][info][gc             ] GC(1529) Pause Young (Normal) (G1 Evacuation Pause) 869M->672M(978M) 92.729ms
[642.418s][info][gc,cpu         ] GC(1529) User=0.18s Sys=0.00s Real=0.09s
[642.757s][info][gc,start       ] GC(1530) Pause Young (Normal) (G1 Evacuation Pause)
[642.757s][info][gc,task        ] GC(1530) Using 2 workers of 2 for evacuation
[642.833s][info][gc,phases      ] GC(1530)   Pre Evacuate Collection Set: 0.52ms
[642.833s][info][gc,phases      ] GC(1530)   Merge Heap Roots: 0.30ms
[642.833s][info][gc,phases      ] GC(1530)   Evacuate Collection Set: 74.05ms
[642.833s][info][gc,phases      ] GC(1530)   Post Evacuate Collection Set: 0.48ms
[642.833s][info][gc,phases      ] GC(1530)   Other: 0.14ms
[642.833s][info][gc,heap        ] GC(1530) Eden regions: 202->0(189)
[642.833s][info][gc,heap        ] GC(1530) Survivor regions: 34->24(30)
[642.833s][info][gc,heap        ] GC(1530) Old regions: 630->664
[642.833s][info][gc,heap        ] GC(1530) Humongous regions: 10->10
[642.833s][info][gc,metaspace   ] GC(1530) Metaspace: 19121K(19328K)->19121K(19328K) NonClass: 16453K(16576K)->16453K(16576K) Class: 2667K(2752K)->2667K(2752K)
[642.833s][info][gc             ] GC(1530) Pause Young (Normal) (G1 Evacuation Pause) 874M->696M(978M) 75.710ms
[642.833s][info][gc,cpu         ] GC(1530) User=0.15s Sys=0.00s Real=0.08s
[643.164s][info][gc,start       ] GC(1531) Pause Young (Normal) (G1 Evacuation Pause)
[643.164s][info][gc,task        ] GC(1531) Using 2 workers of 2 for evacuation
[643.192s][info][gc,phases      ] GC(1531)   Pre Evacuate Collection Set: 0.29ms
[643.192s][info][gc,phases      ] GC(1531)   Merge Heap Roots: 0.19ms
[643.192s][info][gc,phases      ] GC(1531)   Evacuate Collection Set: 26.31ms
[643.192s][info][gc,phases      ] GC(1531)   Post Evacuate Collection Set: 0.40ms
[643.192s][info][gc,phases      ] GC(1531)   Other: 0.09ms
[643.192s][info][gc,heap        ] GC(1531) Eden regions: 189->0(201)
[643.192s][info][gc,heap        ] GC(1531) Survivor regions: 24->1(27)
[643.192s][info][gc,heap        ] GC(1531) Old regions: 664->687
[643.192s][info][gc,heap        ] GC(1531) Humongous regions: 10->10
[643.192s][info][gc,metaspace   ] GC(1531) Metaspace: 19121K(19328K)->19121K(19328K) NonClass: 16453K(16576K)->16453K(16576K) Class: 2667K(2752K)->2667K(2752K)
[643.192s][info][gc             ] GC(1531) Pause Young (Normal) (G1 Evacuation Pause) 885M->697M(978M) 27.525ms
[643.192s][info][gc,cpu         ] GC(1531) User=0.05s Sys=0.00s Real=0.02s
[643.490s][info][gc,marking     ] GC(1528) Concurrent Mark From Roots 1587.745ms
[643.490s][info][gc,marking     ] GC(1528) Concurrent Preclean
[643.490s][info][gc,marking     ] GC(1528) Concurrent Preclean 0.052ms
[643.491s][info][gc,start       ] GC(1528) Pause Remark
[643.499s][info][gc             ] GC(1528) Pause Remark 836M->826M(978M) 7.978ms
[643.499s][info][gc,cpu         ] GC(1528) User=0.02s Sys=0.00s Real=0.01s
[643.501s][info][gc,marking     ] GC(1528) Concurrent Mark 1598.872ms
[643.501s][info][gc,marking     ] GC(1528) Concurrent Rebuild Remembered Sets and Scrub Regions
[643.611s][info][gc,start       ] GC(1532) Pause Young (Normal) (G1 Evacuation Pause)
[643.611s][info][gc,task        ] GC(1532) Using 2 workers of 2 for evacuation
[643.629s][info][gc,phases      ] GC(1532)   Pre Evacuate Collection Set: 0.29ms
[643.629s][info][gc,phases      ] GC(1532)   Merge Heap Roots: 0.15ms
[643.629s][info][gc,phases      ] GC(1532)   Evacuate Collection Set: 16.87ms
[643.629s][info][gc,phases      ] GC(1532)   Post Evacuate Collection Set: 0.40ms
[643.629s][info][gc,phases      ] GC(1532)   Other: 0.08ms
[643.629s][info][gc,heap        ] GC(1532) Eden regions: 201->0(204)
[643.629s][info][gc,heap        ] GC(1532) Survivor regions: 1->14(26)
[643.629s][info][gc,heap        ] GC(1532) Old regions: 678->678
[643.629s][info][gc,heap        ] GC(1532) Humongous regions: 9->9
[643.629s][info][gc,metaspace   ] GC(1532) Metaspace: 19121K(19328K)->19121K(19328K) NonClass: 16453K(16576K)->16453K(16576K) Class: 2667K(2752K)->2667K(2752K)
[643.629s][info][gc             ] GC(1532) Pause Young (Normal) (G1 Evacuation Pause) 888M->700M(978M) 18.019ms
[643.629s][info][gc,cpu         ] GC(1532) User=0.03s Sys=0.00s Real=0.02s
[644.164s][info][gc,marking     ] GC(1528) Concurrent Rebuild Remembered Sets and Scrub Regions 663.353ms
[644.164s][info][gc,start       ] GC(1528) Pause Cleanup
[644.165s][info][gc             ] GC(1528) Pause Cleanup 882M->882M(978M) 0.113ms
[644.165s][info][gc,cpu         ] GC(1528) User=0.01s Sys=0.00s Real=0.00s
[644.165s][info][gc,marking     ] GC(1528) Concurrent Clear Claimed Marks
[644.165s][info][gc,marking     ] GC(1528) Concurrent Clear Claimed Marks 0.032ms
[644.165s][info][gc,marking     ] GC(1528) Concurrent Cleanup for Next Mark
[644.168s][info][gc,marking     ] GC(1528) Concurrent Cleanup for Next Mark 2.914ms
[644.168s][info][gc             ] GC(1528) Concurrent Mark Cycle 2332.100ms
[644.223s][info][gc,start       ] GC(1533) Pause Young (Prepare Mixed) (G1 Evacuation Pause)
[644.223s][info][gc,task        ] GC(1533) Using 2 workers of 2 for evacuation
[644.270s][info][gc,phases      ] GC(1533)   Pre Evacuate Collection Set: 0.31ms
[644.270s][info][gc,phases      ] GC(1533)   Merge Heap Roots: 0.51ms
[644.270s][info][gc,phases      ] GC(1533)   Evacuate Collection Set: 45.17ms
[644.270s][info][gc,phases      ] GC(1533)   Post Evacuate Collection Set: 0.44ms
[644.270s][info][gc,phases      ] GC(1533)   Other: 0.09ms
[644.270s][info][gc,heap        ] GC(1533) Eden regions: 204->0(181)
[644.270s][info][gc,heap        ] GC(1533) Survivor regions: 14->28(28)
[644.270s][info][gc,heap        ] GC(1533) Old regions: 678->682
[644.270s][info][gc,heap        ] GC(1533) Humongous regions: 9->9
[644.270s][info][gc,metaspace   ] GC(1533) Metaspace: 19121K(19328K)->19121K(19328K) NonClass: 16453K(16576K)->16453K(16576K) Class: 2667K(2752K)->2667K(2752K)
[644.270s][info][gc             ] GC(1533) Pause Young (Prepare Mixed) (G1 Evacuation Pause) 904M->718M(978M) 46.694ms
[644.270s][info][gc,cpu         ] GC(1533) User=0.10s Sys=0.00s Real=0.04s
[644.571s][info][gc,start       ] GC(1534) Pause Young (Mixed) (G1 Evacuation Pause)
[644.572s][info][gc,task        ] GC(1534) Using 2 workers of 2 for evacuation
[644.620s][info][gc,phases      ] GC(1534)   Pre Evacuate Collection Set: 0.54ms
[644.620s][info][gc,phases      ] GC(1534)   Merge Heap Roots: 0.28ms
[644.620s][info][gc,phases      ] GC(1534)   Evacuate Collection Set: 47.02ms
[644.620s][info][gc,phases      ] GC(1534)   Post Evacuate Collection Set: 0.47ms
[644.620s][info][gc,phases      ] GC(1534)   Other: 0.10ms
[644.620s][info][gc,heap        ] GC(1534) Eden regions: 181->0(194)
[644.620s][info][gc,heap        ] GC(1534) Survivor regions: 28->14(27)
[644.620s][info][gc,heap        ] GC(1534) Old regions: 682->697
[644.620s][info][gc,heap        ] GC(1534) Humongous regions: 9->9
[644.620s][info][gc,metaspace   ] GC(1534) Metaspace: 19121K(19328K)->19121K(19328K) NonClass: 16453K(16576K)->16453K(16576K) Class: 2667K(2752K)->2667K(2752K)
[644.620s][info][gc             ] GC(1534) Pause Young (Mixed) (G1 Evacuation Pause) 899M->718M(978M) 48.639ms
[644.620s][info][gc,cpu         ] GC(1534) User=0.09s Sys=0.00s Real=0.05s
[644.854s][info][gc,start       ] GC(1535) Pause Young (Concurrent Start) (G1 Evacuation Pause)
[644.854s][info][gc,task        ] GC(1535) Using 2 workers of 2 for evacuation
[644.881s][info][gc,phases      ] GC(1535)   Pre Evacuate Collection Set: 0.31ms
[644.881s][info][gc,phases      ] GC(1535)   Merge Heap Roots: 0.10ms
[644.881s][info][gc,phases      ] GC(1535)   Evacuate Collection Set: 25.72ms
[644.881s][info][gc,phases      ] GC(1535)   Post Evacuate Collection Set: 0.47ms
[644.881s][info][gc,phases      ] GC(1535)   Other: 0.12ms
[644.881s][info][gc,heap        ] GC(1535) Eden regions: 194->0(170)
[644.881s][info][gc,heap        ] GC(1535) Survivor regions: 14->24(26)
[644.881s][info][gc,heap        ] GC(1535) Old regions: 697->701
[644.881s][info][gc,heap        ] GC(1535) Humongous regions: 9->9
[644.881s][info][gc,metaspace   ] GC(1535) Metaspace: 19121K(19328K)->19121K(19328K) NonClass: 16453K(16576K)->16453K(16576K) Class: 2667K(2752K)->2667K(2752K)
[644.881s][info][gc             ] GC(1535) Pause Young (Concurrent Start) (G1 Evacuation Pause) 912M->733M(978M) 26.950ms
[644.881s][info][gc             ] GC(1536) Concurrent Mark Cycle
[644.881s][info][gc,marking     ] GC(1536) Concurrent Scan Root Regions
[644.882s][info][gc,cpu         ] GC(1535) User=0.05s Sys=0.00s Real=0.02s
[644.909s][info][gc,marking     ] GC(1536) Concurrent Scan Root Regions 28.169ms
[644.909s][info][gc,marking     ] GC(1536) Concurrent Mark
[644.909s][info][gc,marking     ] GC(1536) Concurrent Mark From Roots
[644.909s][info][gc,task        ] GC(1536) Using 1 workers of 1 for marking
[645.158s][info][gc,start       ] GC(1537) Pause Young (Normal) (G1 Evacuation Pause)
[645.158s][info][gc,task        ] GC(1537) Using 2 workers of 2 for evacuation
[645.192s][info][gc,phases      ] GC(1537)   Pre Evacuate Collection Set: 0.32ms
[645.192s][info][gc,phases      ] GC(1537)   Merge Heap Roots: 0.11ms
[645.192s][info][gc,phases      ] GC(1537)   Evacuate Collection Set: 32.88ms
[645.192s][info][gc,phases      ] GC(1537)   Post Evacuate Collection Set: 0.47ms
[645.192s][info][gc,phases      ] GC(1537)   Other: 0.09ms
[645.192s][info][gc,heap        ] GC(1537) Eden regions: 170->0(168)
[645.192s][info][gc,heap        ] GC(1537) Survivor regions: 24->16(25)
[645.192s][info][gc,heap        ] GC(1537) Old regions: 701->719
[645.192s][info][gc,heap        ] GC(1537) Humongous regions: 9->9
[645.192s][info][gc,metaspace   ] GC(1537) Metaspace: 19121K(19328K)->19121K(19328K) NonClass: 16453K(16576K)->16453K(16576K) Class: 2667K(2752K)->2667K(2752K)
[645.192s][info][gc             ] GC(1537) Pause Young (Normal) (G1 Evacuation Pause) 903M->743M(978M) 34.093ms
[645.192s][info][gc,cpu         ] GC(1537) User=0.07s Sys=0.00s Real=0.03s
[645.646s][info][gc,start       ] GC(1538) Pause Young (Normal) (G1 Evacuation Pause)
[645.646s][info][gc,task        ] GC(1538) Using 2 workers of 2 for evacuation
[645.670s][info][gc,phases      ] GC(1538)   Pre Evacuate Collection Set: 0.31ms
[645.670s][info][gc,phases      ] GC(1538)   Merge Heap Roots: 0.16ms
[645.670s][info][gc,phases      ] GC(1538)   Evacuate Collection Set: 22.59ms
[645.670s][info][gc,phases      ] GC(1538)   Post Evacuate Collection Set: 0.40ms
[645.670s][info][gc,phases      ] GC(1538)   Other: 0.08ms
[645.670s][info][gc,heap        ] GC(1538) Eden regions: 168->0(176)
[645.670s][info][gc,heap        ] GC(1538) Survivor regions: 16->4(23)
[645.670s][info][gc,heap        ] GC(1538) Old regions: 719->735
[645.670s][info][gc,heap        ] GC(1538) Humongous regions: 9->9
[645.670s][info][gc,metaspace   ] GC(1538) Metaspace: 19121K(19328K)->19121K(19328K) NonClass: 16453K(16576K)->16453K(16576K) Class: 2667K(2752K)->2667K(2752K)
[645.670s][info][gc             ] GC(1538) Pause Young (Normal) (G1 Evacuation Pause) 911M->746M(978M) 23.808ms
[645.670s][info][gc,cpu         ] GC(1538) User=0.05s Sys=0.00s Real=0.02s
[646.042s][info][gc,start       ] GC(1539) Pause Young (Normal) (G1 Evacuation Pause)
[646.042s][info][gc,task        ] GC(1539) Using 2 workers of 2 for evacuation
[646.061s][info][gc,phases      ] GC(1539)   Pre Evacuate Collection Set: 0.30ms
[646.061s][info][gc,phases      ] GC(1539)   Merge Heap Roots: 0.10ms
[646.061s][info][gc,phases      ] GC(1539)   Evacuate Collection Set: 18.25ms
[646.061s][info][gc,phases      ] GC(1539)   Post Evacuate Collection Set: 0.44ms
[646.061s][info][gc,phases      ] GC(1539)   Other: 0.12ms
[646.061s][info][gc,heap        ] GC(1539) Eden regions: 176->0(146)
[646.061s][info][gc,heap        ] GC(1539) Survivor regions: 4->19(23)
[646.061s][info][gc,heap        ] GC(1539) Old regions: 735->735
[646.061s][info][gc,heap        ] GC(1539) Humongous regions: 9->9
[646.062s][info][gc,metaspace   ] GC(1539) Metaspace: 19121K(19328K)->19121K(19328K) NonClass: 16454K(16576K)->16454K(16576K) Class: 2667K(2752K)->2667K(2752K)
[646.062s][info][gc             ] GC(1539) Pause Young (Normal) (G1 Evacuation Pause) 922M->762M(978M) 19.455ms
[646.062s][info][gc,cpu         ] GC(1539) User=0.04s Sys=0.00s Real=0.02s
[646.331s][info][gc,start       ] GC(1540) Pause Young (Normal) (G1 Evacuation Pause)
[646.332s][info][gc,task        ] GC(1540) Using 2 workers of 2 for evacuation
[646.378s][info][gc,phases      ] GC(1540)   Pre Evacuate Collection Set: 0.33ms
[646.378s][info][gc,phases      ] GC(1540)   Merge Heap Roots: 0.09ms
[646.378s][info][gc,phases      ] GC(1540)   Evacuate Collection Set: 45.83ms
[646.378s][info][gc,phases      ] GC(1540)   Post Evacuate Collection Set: 0.51ms
[646.379s][info][gc,phases      ] GC(1540)   Other: 0.08ms
[646.379s][info][gc,heap        ] GC(1540) Eden regions: 146->0(112)
[646.379s][info][gc,heap        ] GC(1540) Survivor regions: 19->21(21)
[646.379s][info][gc,heap        ] GC(1540) Old regions: 735->765
[646.379s][info][gc,heap        ] GC(1540) Humongous regions: 9->9
[646.379s][info][gc,metaspace   ] GC(1540) Metaspace: 19121K(19328K)->19121K(19328K) NonClass: 16454K(16576K)->16454K(16576K) Class: 2667K(2752K)->2667K(2752K)
[646.379s][info][gc             ] GC(1540) Pause Young (Normal) (G1 Evacuation Pause) 908M->794M(978M) 47.106ms
[646.379s][info][gc,cpu         ] GC(1540) User=0.09s Sys=0.00s Real=0.05s
[646.534s][info][gc,start       ] GC(1541) Pause Young (Normal) (G1 Evacuation Pause)
[646.534s][info][gc,task        ] GC(1541) Using 2 workers of 2 for evacuation
[646.590s][info][gc,phases      ] GC(1541)   Pre Evacuate Collection Set: 0.31ms
[646.590s][info][gc,phases      ] GC(1541)   Merge Heap Roots: 0.20ms
[646.590s][info][gc,phases      ] GC(1541)   Evacuate Collection Set: 53.96ms
[646.590s][info][gc,phases      ] GC(1541)   Post Evacuate Collection Set: 0.49ms
[646.590s][info][gc,phases      ] GC(1541)   Other: 0.09ms
[646.590s][info][gc,heap        ] GC(1541) Eden regions: 112->0(79)
[646.590s][info][gc,heap        ] GC(1541) Survivor regions: 21->17(17)
[646.590s][info][gc,heap        ] GC(1541) Old regions: 765->806
[646.590s][info][gc,heap        ] GC(1541) Humongous regions: 9->9
[646.590s][info][gc,metaspace   ] GC(1541) Metaspace: 19121K(19328K)->19121K(19328K) NonClass: 16454K(16576K)->16454K(16576K) Class: 2667K(2752K)->2667K(2752K)
[646.590s][info][gc             ] GC(1541) Pause Young (Normal) (G1 Evacuation Pause) 906M->831M(978M) 55.271ms
[646.590s][info][gc,cpu         ] GC(1541) User=0.11s Sys=0.00s Real=0.05s
[646.660s][info][gc,marking     ] GC(1536) Concurrent Mark From Roots 1751.177ms
[646.660s][info][gc,marking     ] GC(1536) Concurrent Preclean
[646.661s][info][gc,marking     ] GC(1536) Concurrent Preclean 0.043ms
[646.661s][info][gc,start       ] GC(1536) Pause Remark
[646.669s][info][gc             ] GC(1536) Pause Remark 842M->698M(978M) 8.069ms
[646.669s][info][gc,cpu         ] GC(1536) User=0.02s Sys=0.00s Real=0.01s
[646.669s][info][gc,marking     ] GC(1536) Concurrent Mark 1759.565ms
[646.669s][info][gc,marking     ] GC(1536) Concurrent Rebuild Remembered Sets and Scrub Regions
[646.846s][info][gc,start       ] GC(1542) Pause Young (Normal) (G1 Evacuation Pause)
[646.846s][info][gc,task        ] GC(1542) Using 2 workers of 2 for evacuation
[646.873s][info][gc,phases      ] GC(1542)   Pre Evacuate Collection Set: 0.49ms
[646.873s][info][gc,phases      ] GC(1542)   Merge Heap Roots: 0.32ms
[646.873s][info][gc,phases      ] GC(1542)   Evacuate Collection Set: 25.41ms
[646.873s][info][gc,phases      ] GC(1542)   Post Evacuate Collection Set: 0.34ms
[646.873s][info][gc,phases      ] GC(1542)   Other: 0.09ms
[646.873s][info][gc,heap        ] GC(1542) Eden regions: 79->0(202)
[646.873s][info][gc,heap        ] GC(1542) Survivor regions: 17->4(12)
[646.873s][info][gc,heap        ] GC(1542) Old regions: 665->683
[646.873s][info][gc,heap        ] GC(1542) Humongous regions: 6->6
[646.873s][info][gc,metaspace   ] GC(1542) Metaspace: 19121K(19328K)->19121K(19328K) NonClass: 16454K(16576K)->16454K(16576K) Class: 2667K(2752K)->2667K(2752K)
[646.873s][info][gc             ] GC(1542) Pause Young (Normal) (G1 Evacuation Pause) 766M->691M(978M) 26.876ms
[646.873s][info][gc,cpu         ] GC(1542) User=0.05s Sys=0.00s Real=0.03s
[647.262s][info][gc,start       ] GC(1543) Pause Young (Normal) (G1 Evacuation Pause)
[647.262s][info][gc,task        ] GC(1543) Using 2 workers of 2 for evacuation
[647.319s][info][gc,phases      ] GC(1543)   Pre Evacuate Collection Set: 0.29ms
[647.319s][info][gc,phases      ] GC(1543)   Merge Heap Roots: 0.36ms
[647.319s][info][gc,phases      ] GC(1543)   Evacuate Collection Set: 55.85ms
[647.319s][info][gc,phases      ] GC(1543)   Post Evacuate Collection Set: 0.60ms
[647.319s][info][gc,phases      ] GC(1543)   Other: 0.08ms
[647.319s][info][gc,heap        ] GC(1543) Eden regions: 202->0(169)
[647.319s][info][gc,heap        ] GC(1543) Survivor regions: 4->26(26)
[647.319s][info][gc,heap        ] GC(1543) Old regions: 683->692
[647.319s][info][gc,heap        ] GC(1543) Humongous regions: 9->9
[647.319s][info][gc,metaspace   ] GC(1543) Metaspace: 19121K(19328K)->19121K(19328K) NonClass: 16454K(16576K)->16454K(16576K) Class: 2667K(2752K)->2667K(2752K)
[647.319s][info][gc             ] GC(1543) Pause Young (Normal) (G1 Evacuation Pause) 896M->726M(978M) 57.460ms
[647.319s][info][gc,cpu         ] GC(1543) User=0.11s Sys=0.00s Real=0.06s
[647.443s][info][gc,marking     ] GC(1536) Concurrent Rebuild Remembered Sets and Scrub Regions 773.746ms
[647.443s][info][gc,start       ] GC(1536) Pause Cleanup
[647.443s][info][gc             ] GC(1536) Pause Cleanup 793M->793M(978M) 0.108ms
[647.443s][info][gc,cpu         ] GC(1536) User=0.00s Sys=0.00s Real=0.00s
[647.443s][info][gc,marking     ] GC(1536) Concurrent Clear Claimed Marks
[647.443s][info][gc,marking     ] GC(1536) Concurrent Clear Claimed Marks 0.041ms
[647.443s][info][gc,marking     ] GC(1536) Concurrent Cleanup for Next Mark
[647.446s][info][gc,marking     ] GC(1536) Concurrent Cleanup for Next Mark 2.860ms
[647.446s][info][gc             ] GC(1536) Concurrent Mark Cycle 2564.828ms
[647.565s][info][gc,start       ] GC(1544) Pause Young (Prepare Mixed) (G1 Evacuation Pause)
[647.565s][info][gc,task        ] GC(1544) Using 2 workers of 2 for evacuation
[647.632s][info][gc,phases      ] GC(1544)   Pre Evacuate Collection Set: 0.29ms
[647.632s][info][gc,phases      ] GC(1544)   Merge Heap Roots: 0.95ms
[647.632s][info][gc,phases      ] GC(1544)   Evacuate Collection Set: 64.77ms
[647.632s][info][gc,phases      ] GC(1544)   Post Evacuate Collection Set: 0.43ms
[647.632s][info][gc,phases      ] GC(1544)   Other: 0.10ms
[647.632s][info][gc,heap        ] GC(1544) Eden regions: 169->0(148)
[647.632s][info][gc,heap        ] GC(1544) Survivor regions: 26->24(25)
[647.632s][info][gc,heap        ] GC(1544) Old regions: 692->718
[647.632s][info][gc,heap        ] GC(1544) Humongous regions: 9->9
[647.632s][info][gc,metaspace   ] GC(1544) Metaspace: 19121K(19328K)->19121K(19328K) NonClass: 16454K(16576K)->16454K(16576K) Class: 2667K(2752K)->2667K(2752K)
[647.632s][info][gc             ] GC(1544) Pause Young (Prepare Mixed) (G1 Evacuation Pause) 895M->750M(978M) 66.771ms
[647.632s][info][gc,cpu         ] GC(1544) User=0.14s Sys=0.00s Real=0.06s
[647.764s][info][gc,start       ] GC(1545) Pause Young (Mixed) (G1 Evacuation Pause)
[647.764s][info][gc,task        ] GC(1545) Using 2 workers of 2 for evacuation
[647.793s][info][gc,phases      ] GC(1545)   Pre Evacuate Collection Set: 0.34ms
[647.794s][info][gc,phases      ] GC(1545)   Merge Heap Roots: 0.21ms
[647.794s][info][gc,phases      ] GC(1545)   Evacuate Collection Set: 27.98ms
[647.794s][info][gc,phases      ] GC(1545)   Post Evacuate Collection Set: 0.38ms
[647.794s][info][gc,phases      ] GC(1545)   Other: 0.10ms
[647.794s][info][gc,heap        ] GC(1545) Eden regions: 148->0(172)
[647.794s][info][gc,heap        ] GC(1545) Survivor regions: 24->1(22)
[647.794s][info][gc,heap        ] GC(1545) Old regions: 718->729
[647.794s][info][gc,heap        ] GC(1545) Humongous regions: 9->9
[647.794s][info][gc,metaspace   ] GC(1545) Metaspace: 19121K(19328K)->19121K(19328K) NonClass: 16454K(16576K)->16454K(16576K) Class: 2667K(2752K)->2667K(2752K)
[647.794s][info][gc             ] GC(1545) Pause Young (Mixed) (G1 Evacuation Pause) 898M->738M(978M) 29.251ms
[647.794s][info][gc,cpu         ] GC(1545) User=0.06s Sys=0.00s Real=0.03s
[647.993s][info][gc,start       ] GC(1546) Pause Young (Concurrent Start) (G1 Evacuation Pause)
[647.993s][info][gc,task        ] GC(1546) Using 2 workers of 2 for evacuation
[648.015s][info][gc,phases      ] GC(1546)   Pre Evacuate Collection Set: 0.30ms
[648.015s][info][gc,phases      ] GC(1546)   Merge Heap Roots: 0.47ms
[648.015s][info][gc,phases      ] GC(1546)   Evacuate Collection Set: 20.28ms
[648.015s][info][gc,phases      ] GC(1546)   Post Evacuate Collection Set: 0.41ms
[648.015s][info][gc,phases      ] GC(1546)   Other: 0.13ms
[648.015s][info][gc,heap        ] GC(1546) Eden regions: 172->0(178)
[648.015s][info][gc,heap        ] GC(1546) Survivor regions: 1->6(22)
[648.015s][info][gc,heap        ] GC(1546) Old regions: 729->729
[648.015s][info][gc,heap        ] GC(1546) Humongous regions: 9->9
[648.015s][info][gc,metaspace   ] GC(1546) Metaspace: 19121K(19328K)->19121K(19328K) NonClass: 16454K(16576K)->16454K(16576K) Class: 2667K(2752K)->2667K(2752K)
[648.015s][info][gc             ] GC(1546) Pause Young (Concurrent Start) (G1 Evacuation Pause) 910M->742M(978M) 21.875ms
[648.015s][info][gc,cpu         ] GC(1546) User=0.04s Sys=0.01s Real=0.02s
[648.015s][info][gc             ] GC(1547) Concurrent Mark Cycle
[648.015s][info][gc,marking     ] GC(1547) Concurrent Scan Root Regions
[648.026s][info][gc,marking     ] GC(1547) Concurrent Scan Root Regions 10.745ms
[648.026s][info][gc,marking     ] GC(1547) Concurrent Mark
[648.026s][info][gc,marking     ] GC(1547) Concurrent Mark From Roots
[648.026s][info][gc,task        ] GC(1547) Using 1 workers of 1 for marking
[648.427s][info][gc,start       ] GC(1548) Pause Young (Normal) (G1 Evacuation Pause)
[648.427s][info][gc,task        ] GC(1548) Using 2 workers of 2 for evacuation
[648.462s][info][gc,phases      ] GC(1548)   Pre Evacuate Collection Set: 0.33ms
[648.462s][info][gc,phases      ] GC(1548)   Merge Heap Roots: 0.18ms
[648.462s][info][gc,phases      ] GC(1548)   Evacuate Collection Set: 33.83ms
[648.462s][info][gc,phases      ] GC(1548)   Post Evacuate Collection Set: 0.38ms
[648.462s][info][gc,phases      ] GC(1548)   Other: 0.09ms
[648.462s][info][gc,heap        ] GC(1548) Eden regions: 178->0(137)
[648.462s][info][gc,heap        ] GC(1548) Survivor regions: 6->23(23)
[648.462s][info][gc,heap        ] GC(1548) Old regions: 729->736
[648.462s][info][gc,heap        ] GC(1548) Humongous regions: 9->9
[648.462s][info][gc,metaspace   ] GC(1548) Metaspace: 19121K(19328K)->19121K(19328K) NonClass: 16454K(16576K)->16454K(16576K) Class: 2667K(2752K)->2667K(2752K)
[648.462s][info][gc             ] GC(1548) Pause Young (Normal) (G1 Evacuation Pause) 920M->767M(978M) 35.016ms
[648.462s][info][gc,cpu         ] GC(1548) User=0.07s Sys=0.00s Real=0.03s
[648.805s][info][gc,start       ] GC(1549) Pause Young (Normal) (G1 Evacuation Pause)
[648.805s][info][gc,task        ] GC(1549) Using 2 workers of 2 for evacuation
[648.864s][info][gc,phases      ] GC(1549)   Pre Evacuate Collection Set: 0.30ms
[648.864s][info][gc,phases      ] GC(1549)   Merge Heap Roots: 0.21ms
[648.864s][info][gc,phases      ] GC(1549)   Evacuate Collection Set: 56.91ms
[648.864s][info][gc,phases      ] GC(1549)   Post Evacuate Collection Set: 0.51ms
[648.864s][info][gc,phases      ] GC(1549)   Other: 0.08ms
[648.864s][info][gc,heap        ] GC(1549) Eden regions: 137->0(100)
[648.864s][info][gc,heap        ] GC(1549) Survivor regions: 23->20(20)
[648.864s][info][gc,heap        ] GC(1549) Old regions: 736->779
[648.864s][info][gc,heap        ] GC(1549) Humongous regions: 9->9
[648.864s][info][gc,metaspace   ] GC(1549) Metaspace: 19121K(19328K)->19121K(19328K) NonClass: 16454K(16576K)->16454K(16576K) Class: 2667K(2752K)->2667K(2752K)
[648.864s][info][gc             ] GC(1549) Pause Young (Normal) (G1 Evacuation Pause) 904M->807M(978M) 58.252ms
[648.864s][info][gc,cpu         ] GC(1549) User=0.11s Sys=0.00s Real=0.06s
[649.067s][info][gc,start       ] GC(1550) Pause Young (Normal) (G1 Evacuation Pause)
[649.067s][info][gc,task        ] GC(1550) Using 2 workers of 2 for evacuation
[649.108s][info][gc,phases      ] GC(1550)   Pre Evacuate Collection Set: 0.52ms
[649.108s][info][gc,phases      ] GC(1550)   Merge Heap Roots: 0.30ms
[649.108s][info][gc,phases      ] GC(1550)   Evacuate Collection Set: 39.00ms
[649.108s][info][gc,phases      ] GC(1550)   Post Evacuate Collection Set: 0.42ms
[649.108s][info][gc,phases      ] GC(1550)   Other: 0.10ms
[649.108s][info][gc,heap        ] GC(1550) Eden regions: 100->0(98)
[649.108s][info][gc,heap        ] GC(1550) Survivor regions: 20->10(15)
[649.108s][info][gc,heap        ] GC(1550) Old regions: 779->800
[649.108s][info][gc,heap        ] GC(1550) Humongous regions: 10->10
[649.108s][info][gc,metaspace   ] GC(1550) Metaspace: 19121K(19328K)->19121K(19328K) NonClass: 16454K(16576K)->16454K(16576K) Class: 2667K(2752K)->2667K(2752K)
[649.108s][info][gc             ] GC(1550) Pause Young (Normal) (G1 Evacuation Pause) 908M->818M(978M) 40.650ms
[649.108s][info][gc,cpu         ] GC(1550) User=0.08s Sys=0.00s Real=0.04s
[649.200s][info][gc,marking     ] GC(1547) Concurrent Mark From Roots 1174.189ms
[649.200s][info][gc,marking     ] GC(1547) Concurrent Preclean
[649.200s][info][gc,marking     ] GC(1547) Concurrent Preclean 0.047ms
[649.200s][info][gc,start       ] GC(1547) Pause Remark
[649.208s][info][gc             ] GC(1547) Pause Remark 851M->554M(978M) 8.003ms
[649.208s][info][gc,cpu         ] GC(1547) User=0.01s Sys=0.00s Real=0.01s
[649.209s][info][gc,marking     ] GC(1547) Concurrent Mark 1182.547ms
[649.209s][info][gc,marking     ] GC(1547) Concurrent Rebuild Remembered Sets and Scrub Regions
[649.405s][info][gc,start       ] GC(1551) Pause Young (Normal) (G1 Evacuation Pause)
[649.405s][info][gc,task        ] GC(1551) Using 2 workers of 2 for evacuation
[649.425s][info][gc,phases      ] GC(1551)   Pre Evacuate Collection Set: 0.50ms
[649.425s][info][gc,phases      ] GC(1551)   Merge Heap Roots: 0.22ms
[649.425s][info][gc,phases      ] GC(1551)   Evacuate Collection Set: 18.27ms
[649.425s][info][gc,phases      ] GC(1551)   Post Evacuate Collection Set: 0.34ms
[649.425s][info][gc,phases      ] GC(1551)   Other: 0.09ms
[649.425s][info][gc,heap        ] GC(1551) Eden regions: 98->0(354)
[649.425s][info][gc,heap        ] GC(1551) Survivor regions: 10->2(14)
[649.425s][info][gc,heap        ] GC(1551) Old regions: 508->518
[649.425s][info][gc,heap        ] GC(1551) Humongous regions: 5->5
[649.425s][info][gc,metaspace   ] GC(1551) Metaspace: 19121K(19328K)->19121K(19328K) NonClass: 16454K(16576K)->16454K(16576K) Class: 2667K(2752K)->2667K(2752K)
[649.425s][info][gc             ] GC(1551) Pause Young (Normal) (G1 Evacuation Pause) 619M->524M(978M) 19.653ms
[649.425s][info][gc,cpu         ] GC(1551) User=0.04s Sys=0.00s Real=0.02s
[649.510s][info][gc,marking     ] GC(1547) Concurrent Rebuild Remembered Sets and Scrub Regions 301.109ms
[649.510s][info][gc,start       ] GC(1547) Pause Cleanup
[649.510s][info][gc             ] GC(1547) Pause Cleanup 547M->547M(978M) 0.175ms
[649.510s][info][gc,cpu         ] GC(1547) User=0.00s Sys=0.00s Real=0.00s
[649.511s][info][gc,marking     ] GC(1547) Concurrent Clear Claimed Marks
[649.511s][info][gc,marking     ] GC(1547) Concurrent Clear Claimed Marks 0.035ms
[649.511s][info][gc,marking     ] GC(1547) Concurrent Cleanup for Next Mark
[649.514s][info][gc,marking     ] GC(1547) Concurrent Cleanup for Next Mark 2.884ms
[649.514s][info][gc             ] GC(1547) Concurrent Mark Cycle 1498.820ms
[649.913s][info][gc,start       ] GC(1552) Pause Young (Prepare Mixed) (G1 Evacuation Pause)
[649.913s][info][gc,task        ] GC(1552) Using 2 workers of 2 for evacuation
[649.943s][info][gc,phases      ] GC(1552)   Pre Evacuate Collection Set: 0.55ms
[649.943s][info][gc,phases      ] GC(1552)   Merge Heap Roots: 0.19ms
[649.943s][info][gc,phases      ] GC(1552)   Evacuate Collection Set: 27.78ms
[649.943s][info][gc,phases      ] GC(1552)   Post Evacuate Collection Set: 0.54ms
[649.943s][info][gc,phases      ] GC(1552)   Other: 0.10ms
[649.943s][info][gc,heap        ] GC(1552) Eden regions: 354->0(334)
[649.943s][info][gc,heap        ] GC(1552) Survivor regions: 2->25(45)
[649.943s][info][gc,heap        ] GC(1552) Old regions: 518->518
[649.943s][info][gc,heap        ] GC(1552) Humongous regions: 5->5
[649.943s][info][gc,metaspace   ] GC(1552) Metaspace: 19121K(19328K)->19121K(19328K) NonClass: 16454K(16576K)->16454K(16576K) Class: 2667K(2752K)->2667K(2752K)
[649.943s][info][gc             ] GC(1552) Pause Young (Prepare Mixed) (G1 Evacuation Pause) 878M->547M(978M) 29.405ms
[649.943s][info][gc,cpu         ] GC(1552) User=0.05s Sys=0.00s Real=0.02s
[650.522s][info][gc,start       ] GC(1553) Pause Young (Mixed) (G1 Evacuation Pause)
[650.523s][info][gc,task        ] GC(1553) Using 2 workers of 2 for evacuation
[650.565s][info][gc,phases      ] GC(1553)   Pre Evacuate Collection Set: 0.36ms
[650.565s][info][gc,phases      ] GC(1553)   Merge Heap Roots: 0.30ms
[650.565s][info][gc,phases      ] GC(1553)   Evacuate Collection Set: 41.18ms
[650.565s][info][gc,phases      ] GC(1553)   Post Evacuate Collection Set: 0.63ms
[650.565s][info][gc,phases      ] GC(1553)   Other: 0.09ms
[650.565s][info][gc,heap        ] GC(1553) Eden regions: 334->0(403)
[650.565s][info][gc,heap        ] GC(1553) Survivor regions: 25->15(45)
[650.565s][info][gc,heap        ] GC(1553) Old regions: 518->461
[650.565s][info][gc,heap        ] GC(1553) Humongous regions: 5->5
[650.565s][info][gc,metaspace   ] GC(1553) Metaspace: 19121K(19328K)->19121K(19328K) NonClass: 16454K(16576K)->16454K(16576K) Class: 2667K(2752K)->2667K(2752K)
[650.565s][info][gc             ] GC(1553) Pause Young (Mixed) (G1 Evacuation Pause) 881M->480M(978M) 42.862ms
[650.565s][info][gc,cpu         ] GC(1553) User=0.09s Sys=0.00s Real=0.05s
[651.131s][info][gc,start       ] GC(1554) Pause Young (Concurrent Start) (G1 Evacuation Pause)
[651.131s][info][gc,task        ] GC(1554) Using 2 workers of 2 for evacuation
[651.202s][info][gc,phases      ] GC(1554)   Pre Evacuate Collection Set: 0.31ms
[651.202s][info][gc,phases      ] GC(1554)   Merge Heap Roots: 0.38ms
[651.202s][info][gc,phases      ] GC(1554)   Evacuate Collection Set: 68.67ms
[651.202s][info][gc,phases      ] GC(1554)   Post Evacuate Collection Set: 0.75ms
[651.202s][info][gc,phases      ] GC(1554)   Other: 0.14ms
[651.202s][info][gc,heap        ] GC(1554) Eden regions: 403->0(328)
[651.202s][info][gc,heap        ] GC(1554) Survivor regions: 15->53(53)
[651.202s][info][gc,heap        ] GC(1554) Old regions: 461->477
[651.202s][info][gc,heap        ] GC(1554) Humongous regions: 5->5
[651.202s][info][gc,metaspace   ] GC(1554) Metaspace: 19121K(19328K)->19121K(19328K) NonClass: 16454K(16576K)->16454K(16576K) Class: 2667K(2752K)->2667K(2752K)
[651.202s][info][gc             ] GC(1554) Pause Young (Concurrent Start) (G1 Evacuation Pause) 883M->534M(978M) 70.482ms
[651.202s][info][gc,cpu         ] GC(1554) User=0.14s Sys=0.00s Real=0.07s
[651.202s][info][gc             ] GC(1555) Concurrent Mark Cycle
[651.204s][info][gc,marking     ] GC(1555) Concurrent Scan Root Regions
[651.278s][info][gc,marking     ] GC(1555) Concurrent Scan Root Regions 73.780ms
[651.278s][info][gc,marking     ] GC(1555) Concurrent Mark
[651.278s][info][gc,marking     ] GC(1555) Concurrent Mark From Roots
[651.278s][info][gc,task        ] GC(1555) Using 1 workers of 1 for marking
[652.030s][info][gc,start       ] GC(1556) Pause Young (Normal) (G1 Evacuation Pause)
[652.030s][info][gc,task        ] GC(1556) Using 2 workers of 2 for evacuation
[652.151s][info][gc,phases      ] GC(1556)   Pre Evacuate Collection Set: 0.30ms
[652.151s][info][gc,phases      ] GC(1556)   Merge Heap Roots: 0.61ms
[652.151s][info][gc,phases      ] GC(1556)   Evacuate Collection Set: 119.13ms
[652.151s][info][gc,phases      ] GC(1556)   Post Evacuate Collection Set: 0.68ms
[652.151s][info][gc,phases      ] GC(1556)   Other: 0.10ms
[652.151s][info][gc,heap        ] GC(1556) Eden regions: 328->0(300)
[652.151s][info][gc,heap        ] GC(1556) Survivor regions: 53->32(48)
[652.151s][info][gc,heap        ] GC(1556) Old regions: 477->530
[652.151s][info][gc,heap        ] GC(1556) Humongous regions: 8->8
[652.151s][info][gc,metaspace   ] GC(1556) Metaspace: 19121K(19328K)->19121K(19328K) NonClass: 16454K(16576K)->16454K(16576K) Class: 2667K(2752K)->2667K(2752K)
[652.151s][info][gc             ] GC(1556) Pause Young (Normal) (G1 Evacuation Pause) 865M->569M(978M) 121.060ms
[652.151s][info][gc,cpu         ] GC(1556) User=0.24s Sys=0.00s Real=0.12s
[652.184s][info][gc,marking     ] GC(1555) Concurrent Mark From Roots 906.388ms
[652.184s][info][gc,marking     ] GC(1555) Concurrent Preclean
[652.184s][info][gc,marking     ] GC(1555) Concurrent Preclean 0.043ms
[652.184s][info][gc,start       ] GC(1555) Pause Remark
[652.192s][info][gc             ] GC(1555) Pause Remark 581M->437M(978M) 8.046ms
[652.192s][info][gc,cpu         ] GC(1555) User=0.02s Sys=0.00s Real=0.00s
[652.194s][info][gc,marking     ] GC(1555) Concurrent Mark 915.789ms
[652.194s][info][gc,marking     ] GC(1555) Concurrent Rebuild Remembered Sets and Scrub Regions
[652.513s][info][gc,marking     ] GC(1555) Concurrent Rebuild Remembered Sets and Scrub Regions 319.124ms
[652.513s][info][gc,start       ] GC(1555) Pause Cleanup
[652.513s][info][gc             ] GC(1555) Pause Cleanup 658M->658M(978M) 0.103ms
[652.513s][info][gc,cpu         ] GC(1555) User=0.00s Sys=0.00s Real=0.01s
[652.513s][info][gc,marking     ] GC(1555) Concurrent Clear Claimed Marks
[652.513s][info][gc,marking     ] GC(1555) Concurrent Clear Claimed Marks 0.029ms
[652.513s][info][gc,marking     ] GC(1555) Concurrent Cleanup for Next Mark
[652.516s][info][gc,marking     ] GC(1555) Concurrent Cleanup for Next Mark 2.882ms
[652.516s][info][gc             ] GC(1555) Concurrent Mark Cycle 1314.143ms
[652.626s][info][gc,start       ] GC(1557) Pause Young (Prepare Mixed) (G1 Evacuation Pause)
[652.626s][info][gc,task        ] GC(1557) Using 2 workers of 2 for evacuation
[652.727s][info][gc,phases      ] GC(1557)   Pre Evacuate Collection Set: 0.29ms
[652.727s][info][gc,phases      ] GC(1557)   Merge Heap Roots: 0.51ms
[652.727s][info][gc,phases      ] GC(1557)   Evacuate Collection Set: 98.63ms
[652.727s][info][gc,phases      ] GC(1557)   Post Evacuate Collection Set: 0.71ms
[652.727s][info][gc,phases      ] GC(1557)   Other: 0.10ms
[652.727s][info][gc,heap        ] GC(1557) Eden regions: 300->0(337)
[652.727s][info][gc,heap        ] GC(1557) Survivor regions: 32->42(42)
[652.727s][info][gc,heap        ] GC(1557) Old regions: 388->446
[652.727s][info][gc,heap        ] GC(1557) Humongous regions: 6->6
[652.727s][info][gc,metaspace   ] GC(1557) Metaspace: 19121K(19328K)->19121K(19328K) NonClass: 16454K(16576K)->16454K(16576K) Class: 2667K(2752K)->2667K(2752K)
[652.727s][info][gc             ] GC(1557) Pause Young (Prepare Mixed) (G1 Evacuation Pause) 725M->493M(978M) 100.446ms
[652.727s][info][gc,cpu         ] GC(1557) User=0.20s Sys=0.00s Real=0.10s
[653.135s][info][gc,start       ] GC(1558) Pause Young (Mixed) (G1 Evacuation Pause)
[653.135s][info][gc,task        ] GC(1558) Using 2 workers of 2 for evacuation
[653.210s][info][gc,phases      ] GC(1558)   Pre Evacuate Collection Set: 0.57ms
[653.210s][info][gc,phases      ] GC(1558)   Merge Heap Roots: 0.50ms
[653.210s][info][gc,phases      ] GC(1558)   Evacuate Collection Set: 72.38ms
[653.210s][info][gc,phases      ] GC(1558)   Post Evacuate Collection Set: 0.69ms
[653.210s][info][gc,phases      ] GC(1558)   Other: 0.10ms
[653.210s][info][gc,heap        ] GC(1558) Eden regions: 337->0(353)
[653.210s][info][gc,heap        ] GC(1558) Survivor regions: 42->19(48)
[653.210s][info][gc,heap        ] GC(1558) Old regions: 446->468
[653.210s][info][gc,heap        ] GC(1558) Humongous regions: 9->9
[653.210s][info][gc,metaspace   ] GC(1558) Metaspace: 19121K(19328K)->19121K(19328K) NonClass: 16454K(16576K)->16454K(16576K) Class: 2667K(2752K)->2667K(2752K)
[653.210s][info][gc             ] GC(1558) Pause Young (Mixed) (G1 Evacuation Pause) 833M->495M(978M) 74.486ms
[653.210s][info][gc,cpu         ] GC(1558) User=0.15s Sys=0.00s Real=0.07s
[653.734s][info][gc,start       ] GC(1559) Pause Young (Concurrent Start) (G1 Evacuation Pause)
[653.734s][info][gc,task        ] GC(1559) Using 2 workers of 2 for evacuation
[653.769s][info][gc,phases      ] GC(1559)   Pre Evacuate Collection Set: 0.35ms
[653.769s][info][gc,phases      ] GC(1559)   Merge Heap Roots: 0.32ms
[653.769s][info][gc,phases      ] GC(1559)   Evacuate Collection Set: 33.31ms
[653.769s][info][gc,phases      ] GC(1559)   Post Evacuate Collection Set: 0.68ms
[653.769s][info][gc,phases      ] GC(1559)   Other: 0.14ms
[653.769s][info][gc,heap        ] GC(1559) Eden regions: 353->0(379)
[653.769s][info][gc,heap        ] GC(1559) Survivor regions: 19->19(47)
[653.769s][info][gc,heap        ] GC(1559) Old regions: 468->468
[653.769s][info][gc,heap        ] GC(1559) Humongous regions: 9->9
[653.769s][info][gc,metaspace   ] GC(1559) Metaspace: 19121K(19328K)->19121K(19328K) NonClass: 16454K(16576K)->16454K(16576K) Class: 2667K(2752K)->2667K(2752K)
[653.769s][info][gc             ] GC(1559) Pause Young (Concurrent Start) (G1 Evacuation Pause) 848M->495M(978M) 35.070ms
[653.769s][info][gc,cpu         ] GC(1559) User=0.07s Sys=0.00s Real=0.03s
[653.769s][info][gc             ] GC(1560) Concurrent Mark Cycle
[653.769s][info][gc,marking     ] GC(1560) Concurrent Scan Root Regions
[653.832s][info][gc,marking     ] GC(1560) Concurrent Scan Root Regions 62.900ms
[653.832s][info][gc,marking     ] GC(1560) Concurrent Mark
[653.832s][info][gc,marking     ] GC(1560) Concurrent Mark From Roots
[653.832s][info][gc,task        ] GC(1560) Using 1 workers of 1 for marking
[654.828s][info][gc,marking     ] GC(1560) Concurrent Mark From Roots 995.529ms
[654.828s][info][gc,marking     ] GC(1560) Concurrent Preclean
[654.828s][info][gc,marking     ] GC(1560) Concurrent Preclean 0.043ms
[654.828s][info][gc,start       ] GC(1560) Pause Remark
[654.836s][info][gc             ] GC(1560) Pause Remark 797M->795M(978M) 7.822ms
[654.836s][info][gc,cpu         ] GC(1560) User=0.01s Sys=0.00s Real=0.01s
[654.836s][info][gc,marking     ] GC(1560) Concurrent Mark 1003.706ms
[654.836s][info][gc,marking     ] GC(1560) Concurrent Rebuild Remembered Sets and Scrub Regions
[655.018s][info][gc,start       ] GC(1561) Pause Young (Normal) (G1 Evacuation Pause)
[655.019s][info][gc,task        ] GC(1561) Using 2 workers of 2 for evacuation
[655.052s][info][gc,phases      ] GC(1561)   Pre Evacuate Collection Set: 0.49ms
[655.052s][info][gc,phases      ] GC(1561)   Merge Heap Roots: 0.45ms
[655.052s][info][gc,phases      ] GC(1561)   Evacuate Collection Set: 31.86ms
[655.052s][info][gc,phases      ] GC(1561)   Post Evacuate Collection Set: 0.65ms
[655.052s][info][gc,phases      ] GC(1561)   Other: 0.11ms
[655.052s][info][gc,heap        ] GC(1561) Eden regions: 379->0(402)
[655.052s][info][gc,heap        ] GC(1561) Survivor regions: 19->19(50)
[655.052s][info][gc,heap        ] GC(1561) Old regions: 468->468
[655.052s][info][gc,heap        ] GC(1561) Humongous regions: 7->7
[655.052s][info][gc,metaspace   ] GC(1561) Metaspace: 19121K(19328K)->19121K(19328K) NonClass: 16454K(16576K)->16454K(16576K) Class: 2667K(2752K)->2667K(2752K)
[655.052s][info][gc             ] GC(1561) Pause Young (Normal) (G1 Evacuation Pause) 872M->493M(978M) 33.812ms
[655.052s][info][gc,cpu         ] GC(1561) User=0.07s Sys=0.00s Real=0.03s
[655.214s][info][gc,marking     ] GC(1560) Concurrent Rebuild Remembered Sets and Scrub Regions 378.051ms
[655.214s][info][gc,start       ] GC(1560) Pause Cleanup
[655.214s][info][gc             ] GC(1560) Pause Cleanup 563M->563M(978M) 0.103ms
[655.214s][info][gc,cpu         ] GC(1560) User=0.00s Sys=0.00s Real=0.00s
[655.214s][info][gc,marking     ] GC(1560) Concurrent Clear Claimed Marks
[655.214s][info][gc,marking     ] GC(1560) Concurrent Clear Claimed Marks 0.041ms
[655.214s][info][gc,marking     ] GC(1560) Concurrent Cleanup for Next Mark
[655.219s][info][gc,marking     ] GC(1560) Concurrent Cleanup for Next Mark 4.595ms
[655.219s][info][gc             ] GC(1560) Concurrent Mark Cycle 1449.849ms
[655.522s][info][gc,start       ] GC(1562) Pause Young (Prepare Mixed) (G1 Evacuation Pause)
[655.522s][info][gc,task        ] GC(1562) Using 2 workers of 2 for evacuation
[655.597s][info][gc,phases      ] GC(1562)   Pre Evacuate Collection Set: 0.55ms
[655.597s][info][gc,phases      ] GC(1562)   Merge Heap Roots: 0.45ms
[655.597s][info][gc,phases      ] GC(1562)   Evacuate Collection Set: 73.00ms
[655.597s][info][gc,phases      ] GC(1562)   Post Evacuate Collection Set: 0.74ms
[655.597s][info][gc,phases      ] GC(1562)   Other: 0.10ms
[655.597s][info][gc,heap        ] GC(1562) Eden regions: 402->0(346)
[655.597s][info][gc,heap        ] GC(1562) Survivor regions: 19->53(53)
[655.597s][info][gc,heap        ] GC(1562) Old regions: 468->469
[655.597s][info][gc,heap        ] GC(1562) Humongous regions: 7->7
[655.597s][info][gc,metaspace   ] GC(1562) Metaspace: 19121K(19328K)->19121K(19328K) NonClass: 16454K(16576K)->16454K(16576K) Class: 2667K(2752K)->2667K(2752K)
[655.597s][info][gc             ] GC(1562) Pause Young (Prepare Mixed) (G1 Evacuation Pause) 895M->528M(978M) 75.103ms
[655.597s][info][gc,cpu         ] GC(1562) User=0.15s Sys=0.00s Real=0.08s
[655.918s][info][gc,start       ] GC(1563) Pause Young (Mixed) (G1 Evacuation Pause)
[655.918s][info][gc,task        ] GC(1563) Using 2 workers of 2 for evacuation
[655.998s][info][gc,phases      ] GC(1563)   Pre Evacuate Collection Set: 0.55ms
[655.998s][info][gc,phases      ] GC(1563)   Merge Heap Roots: 0.38ms
[655.998s][info][gc,phases      ] GC(1563)   Evacuate Collection Set: 78.58ms
[655.998s][info][gc,phases      ] GC(1563)   Post Evacuate Collection Set: 0.63ms
[655.998s][info][gc,phases      ] GC(1563)   Other: 0.10ms
[655.998s][info][gc,heap        ] GC(1563) Eden regions: 346->0(357)
[655.998s][info][gc,heap        ] GC(1563) Survivor regions: 53->13(50)
[655.998s][info][gc,heap        ] GC(1563) Old regions: 469->513
[655.998s][info][gc,heap        ] GC(1563) Humongous regions: 7->7
[655.998s][info][gc,metaspace   ] GC(1563) Metaspace: 19121K(19328K)->19121K(19328K) NonClass: 16454K(16576K)->16454K(16576K) Class: 2667K(2752K)->2667K(2752K)
[655.998s][info][gc             ] GC(1563) Pause Young (Mixed) (G1 Evacuation Pause) 874M->532M(978M) 80.468ms
[655.998s][info][gc,cpu         ] GC(1563) User=0.16s Sys=0.00s Real=0.08s
[656.301s][info][gc,start       ] GC(1564) Pause Young (Concurrent Start) (G1 Evacuation Pause)
[656.301s][info][gc,task        ] GC(1564) Using 2 workers of 2 for evacuation
[656.373s][info][gc,phases      ] GC(1564)   Pre Evacuate Collection Set: 0.34ms
[656.373s][info][gc,phases      ] GC(1564)   Merge Heap Roots: 0.35ms
[656.373s][info][gc,phases      ] GC(1564)   Evacuate Collection Set: 69.92ms
[656.373s][info][gc,phases      ] GC(1564)   Post Evacuate Collection Set: 0.60ms
[656.373s][info][gc,phases      ] GC(1564)   Other: 0.22ms
[656.373s][info][gc,heap        ] GC(1564) Eden regions: 357->0(299)
[656.373s][info][gc,heap        ] GC(1564) Survivor regions: 13->47(47)
[656.373s][info][gc,heap        ] GC(1564) Old regions: 513->528
[656.373s][info][gc,heap        ] GC(1564) Humongous regions: 7->7
[656.373s][info][gc,metaspace   ] GC(1564) Metaspace: 19121K(19328K)->19121K(19328K) NonClass: 16454K(16576K)->16454K(16576K) Class: 2667K(2752K)->2667K(2752K)
[656.373s][info][gc             ] GC(1564) Pause Young (Concurrent Start) (G1 Evacuation Pause) 889M->581M(978M) 71.647ms
[656.373s][info][gc,cpu         ] GC(1564) User=0.14s Sys=0.00s Real=0.07s
[656.373s][info][gc             ] GC(1565) Concurrent Mark Cycle
[656.373s][info][gc,marking     ] GC(1565) Concurrent Scan Root Regions
[656.489s][info][gc,marking     ] GC(1565) Concurrent Scan Root Regions 116.303ms
[656.489s][info][gc,marking     ] GC(1565) Concurrent Mark
[656.489s][info][gc,marking     ] GC(1565) Concurrent Mark From Roots
[656.489s][info][gc,task        ] GC(1565) Using 1 workers of 1 for marking
[656.917s][info][gc,start       ] GC(1566) Pause Young (Normal) (G1 Evacuation Pause)
[656.917s][info][gc,task        ] GC(1566) Using 2 workers of 2 for evacuation
[656.981s][info][gc,phases      ] GC(1566)   Pre Evacuate Collection Set: 0.32ms
[656.981s][info][gc,phases      ] GC(1566)   Merge Heap Roots: 0.29ms
[656.981s][info][gc,phases      ] GC(1566)   Evacuate Collection Set: 63.01ms
[656.981s][info][gc,phases      ] GC(1566)   Post Evacuate Collection Set: 0.54ms
[656.981s][info][gc,phases      ] GC(1566)   Other: 0.10ms
[656.981s][info][gc,heap        ] GC(1566) Eden regions: 299->0(301)
[656.981s][info][gc,heap        ] GC(1566) Survivor regions: 47->12(44)
[656.981s][info][gc,heap        ] GC(1566) Old regions: 528->576
[656.981s][info][gc,heap        ] GC(1566) Humongous regions: 7->7
[656.981s][info][gc,metaspace   ] GC(1566) Metaspace: 19121K(19328K)->19121K(19328K) NonClass: 16454K(16576K)->16454K(16576K) Class: 2667K(2752K)->2667K(2752K)
[656.981s][info][gc             ] GC(1566) Pause Young (Normal) (G1 Evacuation Pause) 880M->593M(978M) 64.486ms
[656.981s][info][gc,cpu         ] GC(1566) User=0.12s Sys=0.00s Real=0.06s
[657.960s][info][gc,start       ] GC(1567) Pause Young (Normal) (G1 Evacuation Pause)
[657.960s][info][gc,task        ] GC(1567) Using 2 workers of 2 for evacuation
[657.993s][info][gc,phases      ] GC(1567)   Pre Evacuate Collection Set: 0.54ms
[657.993s][info][gc,phases      ] GC(1567)   Merge Heap Roots: 0.30ms
[657.993s][info][gc,phases      ] GC(1567)   Evacuate Collection Set: 31.09ms
[657.993s][info][gc,phases      ] GC(1567)   Post Evacuate Collection Set: 0.54ms
[657.993s][info][gc,phases      ] GC(1567)   Other: 0.11ms
[657.993s][info][gc,heap        ] GC(1567) Eden regions: 301->0(291)
[657.993s][info][gc,heap        ] GC(1567) Survivor regions: 12->27(40)
[657.993s][info][gc,heap        ] GC(1567) Old regions: 576->576
[657.993s][info][gc,heap        ] GC(1567) Humongous regions: 7->7
[657.993s][info][gc,metaspace   ] GC(1567) Metaspace: 19121K(19328K)->19121K(19328K) NonClass: 16454K(16576K)->16454K(16576K) Class: 2667K(2752K)->2667K(2752K)
[657.993s][info][gc             ] GC(1567) Pause Young (Normal) (G1 Evacuation Pause) 894M->609M(978M) 32.798ms
[657.993s][info][gc,cpu         ] GC(1567) User=0.06s Sys=0.00s Real=0.03s
[658.130s][info][gc,marking     ] GC(1565) Concurrent Mark From Roots 1641.114ms
[658.130s][info][gc,marking     ] GC(1565) Concurrent Preclean
[658.130s][info][gc,marking     ] GC(1565) Concurrent Preclean 0.044ms
[658.131s][info][gc,start       ] GC(1565) Pause Remark
[658.138s][info][gc             ] GC(1565) Pause Remark 648M->648M(978M) 7.945ms
[658.139s][info][gc,cpu         ] GC(1565) User=0.02s Sys=0.00s Real=0.01s
[658.139s][info][gc,marking     ] GC(1565) Concurrent Mark 1649.439ms
[658.139s][info][gc,marking     ] GC(1565) Concurrent Rebuild Remembered Sets and Scrub Regions
[658.580s][info][gc,marking     ] GC(1565) Concurrent Rebuild Remembered Sets and Scrub Regions 441.322ms
[658.580s][info][gc,start       ] GC(1565) Pause Cleanup
[658.580s][info][gc             ] GC(1565) Pause Cleanup 761M->761M(978M) 0.119ms
[658.580s][info][gc,cpu         ] GC(1565) User=0.00s Sys=0.00s Real=0.00s
[658.582s][info][gc,marking     ] GC(1565) Concurrent Clear Claimed Marks
[658.582s][info][gc,marking     ] GC(1565) Concurrent Clear Claimed Marks 0.056ms
[658.582s][info][gc,marking     ] GC(1565) Concurrent Cleanup for Next Mark
[658.587s][info][gc,marking     ] GC(1565) Concurrent Cleanup for Next Mark 4.875ms
[658.587s][info][gc             ] GC(1565) Concurrent Mark Cycle 2214.125ms
[658.886s][info][gc,start       ] GC(1568) Pause Young (Prepare Mixed) (G1 Evacuation Pause)
[658.886s][info][gc,task        ] GC(1568) Using 2 workers of 2 for evacuation
[658.915s][info][gc,phases      ] GC(1568)   Pre Evacuate Collection Set: 0.30ms
[658.915s][info][gc,phases      ] GC(1568)   Merge Heap Roots: 0.28ms
[658.915s][info][gc,phases      ] GC(1568)   Evacuate Collection Set: 28.17ms
[658.915s][info][gc,phases      ] GC(1568)   Post Evacuate Collection Set: 0.55ms
[658.915s][info][gc,phases      ] GC(1568)   Other: 0.09ms
[658.915s][info][gc,heap        ] GC(1568) Eden regions: 291->0(302)
[658.915s][info][gc,heap        ] GC(1568) Survivor regions: 27->16(40)
[658.915s][info][gc,heap        ] GC(1568) Old regions: 576->587
[658.915s][info][gc,heap        ] GC(1568) Humongous regions: 7->7
[658.915s][info][gc,metaspace   ] GC(1568) Metaspace: 19121K(19328K)->19121K(19328K) NonClass: 16454K(16576K)->16454K(16576K) Class: 2667K(2752K)->2667K(2752K)
[658.915s][info][gc             ] GC(1568) Pause Young (Prepare Mixed) (G1 Evacuation Pause) 900M->609M(978M) 29.632ms
[658.915s][info][gc,cpu         ] GC(1568) User=0.06s Sys=0.00s Real=0.03s
[659.600s][info][gc,start       ] GC(1569) Pause Young (Mixed) (G1 Evacuation Pause)
[659.600s][info][gc,task        ] GC(1569) Using 2 workers of 2 for evacuation
[659.620s][info][gc,phases      ] GC(1569)   Pre Evacuate Collection Set: 0.31ms
[659.620s][info][gc,phases      ] GC(1569)   Merge Heap Roots: 0.22ms
[659.620s][info][gc,phases      ] GC(1569)   Evacuate Collection Set: 18.87ms
[659.620s][info][gc,phases      ] GC(1569)   Post Evacuate Collection Set: 0.55ms
[659.620s][info][gc,phases      ] GC(1569)   Other: 0.11ms
[659.620s][info][gc,heap        ] GC(1569) Eden regions: 302->0(310)
[659.620s][info][gc,heap        ] GC(1569) Survivor regions: 16->16(40)
[659.620s][info][gc,heap        ] GC(1569) Old regions: 587->579
[659.620s][info][gc,heap        ] GC(1569) Humongous regions: 7->7
[659.620s][info][gc,metaspace   ] GC(1569) Metaspace: 19121K(19328K)->19121K(19328K) NonClass: 16454K(16576K)->16454K(16576K) Class: 2667K(2752K)->2667K(2752K)
[659.620s][info][gc             ] GC(1569) Pause Young (Mixed) (G1 Evacuation Pause) 911M->601M(978M) 20.287ms
[659.620s][info][gc,cpu         ] GC(1569) User=0.04s Sys=0.00s Real=0.02s
[660.004s][info][gc,start       ] GC(1570) Pause Young (Concurrent Start) (G1 Evacuation Pause)
[660.004s][info][gc,task        ] GC(1570) Using 2 workers of 2 for evacuation
[660.085s][info][gc,phases      ] GC(1570)   Pre Evacuate Collection Set: 0.31ms
[660.085s][info][gc,phases      ] GC(1570)   Merge Heap Roots: 0.19ms
[660.085s][info][gc,phases      ] GC(1570)   Evacuate Collection Set: 75.23ms
[660.085s][info][gc,phases      ] GC(1570)   Post Evacuate Collection Set: 4.86ms
[660.085s][info][gc,phases      ] GC(1570)   Other: 0.13ms
[660.085s][info][gc,heap        ] GC(1570) Eden regions: 310->0(185)
[660.085s][info][gc,heap        ] GC(1570) Survivor regions: 16->41(41)
[660.085s][info][gc,heap        ] GC(1570) Old regions: 579->654
[660.085s][info][gc,heap        ] GC(1570) Humongous regions: 7->7
[660.085s][info][gc,metaspace   ] GC(1570) Metaspace: 19121K(19328K)->19121K(19328K) NonClass: 16454K(16576K)->16454K(16576K) Class: 2667K(2752K)->2667K(2752K)
[660.085s][info][gc             ] GC(1570) Pause Young (Concurrent Start) (G1 Evacuation Pause) (Evacuation Failure: Allocation) 911M->701M(978M) 80.966ms
[660.085s][info][gc,cpu         ] GC(1570) User=0.16s Sys=0.00s Real=0.08s
[660.085s][info][gc             ] GC(1571) Concurrent Mark Cycle
[660.085s][info][gc,marking     ] GC(1571) Concurrent Scan Root Regions
[660.177s][info][gc,marking     ] GC(1571) Concurrent Scan Root Regions 92.305ms
[660.177s][info][gc,marking     ] GC(1571) Concurrent Mark
[660.177s][info][gc,marking     ] GC(1571) Concurrent Mark From Roots
[660.178s][info][gc,task        ] GC(1571) Using 1 workers of 1 for marking
[660.496s][info][gc,start       ] GC(1572) Pause Young (Normal) (G1 Evacuation Pause)
[660.496s][info][gc,task        ] GC(1572) Using 2 workers of 2 for evacuation
[660.567s][info][gc,phases      ] GC(1572)   Pre Evacuate Collection Set: 0.36ms
[660.567s][info][gc,phases      ] GC(1572)   Merge Heap Roots: 0.49ms
[660.567s][info][gc,phases      ] GC(1572)   Evacuate Collection Set: 69.92ms
[660.567s][info][gc,phases      ] GC(1572)   Post Evacuate Collection Set: 0.59ms
[660.567s][info][gc,phases      ] GC(1572)   Other: 0.10ms
[660.567s][info][gc,heap        ] GC(1572) Eden regions: 185->0(229)
[660.567s][info][gc,heap        ] GC(1572) Survivor regions: 41->11(29)
[660.567s][info][gc,heap        ] GC(1572) Old regions: 654->661
[660.567s][info][gc,heap        ] GC(1572) Humongous regions: 7->7
[660.567s][info][gc,metaspace   ] GC(1572) Metaspace: 19121K(19328K)->19121K(19328K) NonClass: 16454K(16576K)->16454K(16576K) Class: 2667K(2752K)->2667K(2752K)
[660.567s][info][gc             ] GC(1572) Pause Young (Normal) (G1 Evacuation Pause) 886M->678M(978M) 71.676ms
[660.567s][info][gc,cpu         ] GC(1572) User=0.14s Sys=0.00s Real=0.07s
[661.023s][info][gc,start       ] GC(1573) Pause Young (Normal) (G1 Evacuation Pause)
[661.023s][info][gc,task        ] GC(1573) Using 2 workers of 2 for evacuation
[661.118s][info][gc,phases      ] GC(1573)   Pre Evacuate Collection Set: 0.33ms
[661.119s][info][gc,phases      ] GC(1573)   Merge Heap Roots: 0.38ms
[661.119s][info][gc,phases      ] GC(1573)   Evacuate Collection Set: 90.17ms
[661.119s][info][gc,phases      ] GC(1573)   Post Evacuate Collection Set: 4.63ms
[661.119s][info][gc,phases      ] GC(1573)   Other: 0.13ms
[661.119s][info][gc,heap        ] GC(1573) Eden regions: 229->0(106)
[661.119s][info][gc,heap        ] GC(1573) Survivor regions: 11->30(30)
[661.119s][info][gc,heap        ] GC(1573) Old regions: 661->752
[661.119s][info][gc,heap        ] GC(1573) Humongous regions: 10->10
[661.119s][info][gc,metaspace   ] GC(1573) Metaspace: 19121K(19328K)->19121K(19328K) NonClass: 16454K(16576K)->16454K(16576K) Class: 2667K(2752K)->2667K(2752K)
[661.119s][info][gc             ] GC(1573) Pause Young (Normal) (G1 Evacuation Pause) (Evacuation Failure: Allocation) 910M->791M(978M) 95.897ms
[661.119s][info][gc,cpu         ] GC(1573) User=0.19s Sys=0.00s Real=0.10s
[661.340s][info][gc,marking     ] GC(1571) Concurrent Mark From Roots 1162.455ms
[661.340s][info][gc,marking     ] GC(1571) Concurrent Preclean
[661.340s][info][gc,marking     ] GC(1571) Concurrent Preclean 0.041ms
[661.340s][info][gc,start       ] GC(1571) Pause Remark
[661.348s][info][gc             ] GC(1571) Pause Remark 877M->676M(978M) 7.980ms
[661.348s][info][gc,cpu         ] GC(1571) User=0.01s Sys=0.00s Real=0.01s
[661.348s][info][gc,marking     ] GC(1571) Concurrent Mark 1170.792ms
[661.348s][info][gc,marking     ] GC(1571) Concurrent Rebuild Remembered Sets and Scrub Regions
[661.399s][info][gc,start       ] GC(1574) Pause Young (Normal) (G1 Evacuation Pause)
[661.399s][info][gc,task        ] GC(1574) Using 2 workers of 2 for evacuation
[661.481s][info][gc,phases      ] GC(1574)   Pre Evacuate Collection Set: 0.46ms
[661.481s][info][gc,phases      ] GC(1574)   Merge Heap Roots: 0.61ms
[661.481s][info][gc,phases      ] GC(1574)   Evacuate Collection Set: 80.51ms
[661.481s][info][gc,phases      ] GC(1574)   Post Evacuate Collection Set: 0.44ms
[661.481s][info][gc,phases      ] GC(1574)   Other: 0.11ms
[661.481s][info][gc,heap        ] GC(1574) Eden regions: 106->0(290)
[661.481s][info][gc,heap        ] GC(1574) Survivor regions: 30->17(17)
[661.481s][info][gc,heap        ] GC(1574) Old regions: 554->546
[661.481s][info][gc,heap        ] GC(1574) Humongous regions: 7->7
[661.481s][info][gc,metaspace   ] GC(1574) Metaspace: 19121K(19328K)->19121K(19328K) NonClass: 16454K(16576K)->16454K(16576K) Class: 2667K(2752K)->2667K(2752K)
[661.481s][info][gc             ] GC(1574) Pause Young (Normal) (G1 Evacuation Pause) 696M->569M(978M) 82.359ms
[661.481s][info][gc,cpu         ] GC(1574) User=0.17s Sys=0.00s Real=0.08s
[661.769s][info][gc,marking     ] GC(1571) Concurrent Rebuild Remembered Sets and Scrub Regions 420.624ms
[661.769s][info][gc,start       ] GC(1571) Pause Cleanup
[661.769s][info][gc             ] GC(1571) Pause Cleanup 717M->717M(978M) 0.136ms
[661.769s][info][gc,cpu         ] GC(1571) User=0.00s Sys=0.00s Real=0.00s
[661.769s][info][gc,marking     ] GC(1571) Concurrent Clear Claimed Marks
[661.769s][info][gc,marking     ] GC(1571) Concurrent Clear Claimed Marks 0.037ms
[661.769s][info][gc,marking     ] GC(1571) Concurrent Cleanup for Next Mark
[661.774s][info][gc,marking     ] GC(1571) Concurrent Cleanup for Next Mark 4.565ms
[661.774s][info][gc             ] GC(1571) Concurrent Mark Cycle 1688.929ms
[661.926s][info][gc,start       ] GC(1575) Pause Young (Prepare Mixed) (G1 Evacuation Pause)
[661.926s][info][gc,task        ] GC(1575) Using 2 workers of 2 for evacuation
[661.942s][info][gc,phases      ] GC(1575)   Pre Evacuate Collection Set: 0.29ms
[661.942s][info][gc,phases      ] GC(1575)   Merge Heap Roots: 0.17ms
[661.942s][info][gc,phases      ] GC(1575)   Evacuate Collection Set: 15.20ms
[661.942s][info][gc,phases      ] GC(1575)   Post Evacuate Collection Set: 0.53ms
[661.942s][info][gc,phases      ] GC(1575)   Other: 0.08ms
[661.942s][info][gc,heap        ] GC(1575) Eden regions: 290->0(312)
[661.942s][info][gc,heap        ] GC(1575) Survivor regions: 17->18(39)
[661.942s][info][gc,heap        ] GC(1575) Old regions: 546->546
[661.942s][info][gc,heap        ] GC(1575) Humongous regions: 7->7
[661.942s][info][gc,metaspace   ] GC(1575) Metaspace: 19121K(19328K)->19121K(19328K) NonClass: 16454K(16576K)->16454K(16576K) Class: 2667K(2752K)->2667K(2752K)
[661.942s][info][gc             ] GC(1575) Pause Young (Prepare Mixed) (G1 Evacuation Pause) 859M->570M(978M) 16.484ms
[661.942s][info][gc,cpu         ] GC(1575) User=0.04s Sys=0.00s Real=0.01s
[662.274s][info][gc,start       ] GC(1576) Pause Young (Mixed) (G1 Evacuation Pause)
[662.274s][info][gc,task        ] GC(1576) Using 2 workers of 2 for evacuation
[662.292s][info][gc,phases      ] GC(1576)   Pre Evacuate Collection Set: 0.54ms
[662.292s][info][gc,phases      ] GC(1576)   Merge Heap Roots: 0.21ms
[662.292s][info][gc,phases      ] GC(1576)   Evacuate Collection Set: 17.39ms
[662.293s][info][gc,phases      ] GC(1576)   Post Evacuate Collection Set: 0.59ms
[662.293s][info][gc,phases      ] GC(1576)   Other: 0.08ms
[662.293s][info][gc,heap        ] GC(1576) Eden regions: 312->0(355)
[662.293s][info][gc,heap        ] GC(1576) Survivor regions: 18->18(42)
[662.293s][info][gc,heap        ] GC(1576) Old regions: 546->515
[662.293s][info][gc,heap        ] GC(1576) Humongous regions: 7->7
[662.293s][info][gc,metaspace   ] GC(1576) Metaspace: 19121K(19328K)->19121K(19328K) NonClass: 16454K(16576K)->16454K(16576K) Class: 2667K(2752K)->2667K(2752K)
[662.293s][info][gc             ] GC(1576) Pause Young (Mixed) (G1 Evacuation Pause) 882M->539M(978M) 19.015ms
[662.293s][info][gc,cpu         ] GC(1576) User=0.04s Sys=0.00s Real=0.01s
[662.683s][info][gc,start       ] GC(1577) Pause Young (Concurrent Start) (G1 Evacuation Pause)
[662.683s][info][gc,task        ] GC(1577) Using 2 workers of 2 for evacuation
[662.702s][info][gc,phases      ] GC(1577)   Pre Evacuate Collection Set: 0.31ms
[662.702s][info][gc,phases      ] GC(1577)   Merge Heap Roots: 0.20ms
[662.702s][info][gc,phases      ] GC(1577)   Evacuate Collection Set: 18.27ms
[662.702s][info][gc,phases      ] GC(1577)   Post Evacuate Collection Set: 0.62ms
[662.702s][info][gc,phases      ] GC(1577)   Other: 0.10ms
[662.702s][info][gc,heap        ] GC(1577) Eden regions: 355->0(368)
[662.702s][info][gc,heap        ] GC(1577) Survivor regions: 18->19(47)
[662.702s][info][gc,heap        ] GC(1577) Old regions: 515->515
[662.702s][info][gc,heap        ] GC(1577) Humongous regions: 7->7
[662.702s][info][gc,metaspace   ] GC(1577) Metaspace: 19121K(19328K)->19121K(19328K) NonClass: 16454K(16576K)->16454K(16576K) Class: 2667K(2752K)->2667K(2752K)
[662.702s][info][gc             ] GC(1577) Pause Young (Concurrent Start) (G1 Evacuation Pause) 894M->539M(978M) 19.703ms
[662.702s][info][gc,cpu         ] GC(1577) User=0.04s Sys=0.00s Real=0.02s
[662.703s][info][gc             ] GC(1578) Concurrent Mark Cycle
[662.703s][info][gc,marking     ] GC(1578) Concurrent Scan Root Regions
[662.727s][info][gc,marking     ] GC(1578) Concurrent Scan Root Regions 24.374ms
[662.727s][info][gc,marking     ] GC(1578) Concurrent Mark
[662.727s][info][gc,marking     ] GC(1578) Concurrent Mark From Roots
[662.727s][info][gc,task        ] GC(1578) Using 1 workers of 1 for marking
[663.610s][info][gc,marking     ] GC(1578) Concurrent Mark From Roots 882.784ms
[663.610s][info][gc,marking     ] GC(1578) Concurrent Preclean
[663.610s][info][gc,marking     ] GC(1578) Concurrent Preclean 0.070ms
[663.610s][info][gc,start       ] GC(1578) Pause Remark
[663.618s][info][gc             ] GC(1578) Pause Remark 884M->811M(978M) 7.997ms
[663.618s][info][gc,cpu         ] GC(1578) User=0.01s Sys=0.00s Real=0.01s
[663.618s][info][gc,marking     ] GC(1578) Concurrent Mark 891.163ms
[663.618s][info][gc,marking     ] GC(1578) Concurrent Rebuild Remembered Sets and Scrub Regions
[663.686s][info][gc,start       ] GC(1579) Pause Young (Normal) (G1 Evacuation Pause)
[663.686s][info][gc,task        ] GC(1579) Using 2 workers of 2 for evacuation
[663.739s][info][gc,phases      ] GC(1579)   Pre Evacuate Collection Set: 0.48ms
[663.739s][info][gc,phases      ] GC(1579)   Merge Heap Roots: 0.41ms
[663.739s][info][gc,phases      ] GC(1579)   Evacuate Collection Set: 51.57ms
[663.739s][info][gc,phases      ] GC(1579)   Post Evacuate Collection Set: 0.66ms
[663.739s][info][gc,phases      ] GC(1579)   Other: 0.12ms
[663.739s][info][gc,heap        ] GC(1579) Eden regions: 368->0(404)
[663.739s][info][gc,heap        ] GC(1579) Survivor regions: 19->36(49)
[663.739s][info][gc,heap        ] GC(1579) Old regions: 445->445
[663.739s][info][gc,heap        ] GC(1579) Humongous regions: 7->7
[663.739s][info][gc,metaspace   ] GC(1579) Metaspace: 19121K(19328K)->19121K(19328K) NonClass: 16454K(16576K)->16454K(16576K) Class: 2667K(2752K)->2667K(2752K)
[663.739s][info][gc             ] GC(1579) Pause Young (Normal) (G1 Evacuation Pause) 837M->486M(978M) 53.483ms
[663.740s][info][gc,cpu         ] GC(1579) User=0.10s Sys=0.00s Real=0.05s
[663.946s][info][gc,marking     ] GC(1578) Concurrent Rebuild Remembered Sets and Scrub Regions 327.742ms
[663.946s][info][gc,start       ] GC(1578) Pause Cleanup
[663.946s][info][gc             ] GC(1578) Pause Cleanup 582M->582M(978M) 0.155ms
[663.946s][info][gc,cpu         ] GC(1578) User=0.00s Sys=0.00s Real=0.00s
[663.946s][info][gc,marking     ] GC(1578) Concurrent Clear Claimed Marks
[663.946s][info][gc,marking     ] GC(1578) Concurrent Clear Claimed Marks 0.037ms
[663.946s][info][gc,marking     ] GC(1578) Concurrent Cleanup for Next Mark
[663.951s][info][gc,marking     ] GC(1578) Concurrent Cleanup for Next Mark 4.839ms
[663.951s][info][gc             ] GC(1578) Concurrent Mark Cycle 1248.746ms
[664.298s][info][gc,start       ] GC(1580) Pause Young (Prepare Mixed) (G1 Evacuation Pause)
[664.298s][info][gc,task        ] GC(1580) Using 2 workers of 2 for evacuation
[664.384s][info][gc,phases      ] GC(1580)   Pre Evacuate Collection Set: 0.52ms
[664.384s][info][gc,phases      ] GC(1580)   Merge Heap Roots: 0.57ms
[664.384s][info][gc,phases      ] GC(1580)   Evacuate Collection Set: 84.35ms
[664.384s][info][gc,phases      ] GC(1580)   Post Evacuate Collection Set: 0.80ms
[664.384s][info][gc,phases      ] GC(1580)   Other: 0.11ms
[664.384s][info][gc,heap        ] GC(1580) Eden regions: 404->0(359)
[664.384s][info][gc,heap        ] GC(1580) Survivor regions: 36->50(55)
[664.384s][info][gc,heap        ] GC(1580) Old regions: 445->462
[664.384s][info][gc,heap        ] GC(1580) Humongous regions: 7->7
[664.384s][info][gc,metaspace   ] GC(1580) Metaspace: 19121K(19328K)->19121K(19328K) NonClass: 16454K(16576K)->16454K(16576K) Class: 2667K(2752K)->2667K(2752K)
[664.384s][info][gc             ] GC(1580) Pause Young (Prepare Mixed) (G1 Evacuation Pause) 890M->518M(978M) 86.615ms
[664.384s][info][gc,cpu         ] GC(1580) User=0.17s Sys=0.00s Real=0.09s
[664.695s][info][gc,start       ] GC(1581) Pause Young (Mixed) (G1 Evacuation Pause)
[664.695s][info][gc,task        ] GC(1581) Using 2 workers of 2 for evacuation
[664.776s][info][gc,phases      ] GC(1581)   Pre Evacuate Collection Set: 0.56ms
[664.776s][info][gc,phases      ] GC(1581)   Merge Heap Roots: 0.61ms
[664.776s][info][gc,phases      ] GC(1581)   Evacuate Collection Set: 79.48ms
[664.776s][info][gc,phases      ] GC(1581)   Post Evacuate Collection Set: 0.70ms
[664.776s][info][gc,phases      ] GC(1581)   Other: 0.09ms
[664.776s][info][gc,heap        ] GC(1581) Eden regions: 359->0(441)
[664.776s][info][gc,heap        ] GC(1581) Survivor regions: 50->9(52)
[664.776s][info][gc,heap        ] GC(1581) Old regions: 462->433
[664.776s][info][gc,heap        ] GC(1581) Humongous regions: 7->7
[664.776s][info][gc,metaspace   ] GC(1581) Metaspace: 19121K(19328K)->19121K(19328K) NonClass: 16454K(16576K)->16454K(16576K) Class: 2667K(2752K)->2667K(2752K)
[664.776s][info][gc             ] GC(1581) Pause Young (Mixed) (G1 Evacuation Pause) 877M->448M(978M) 81.689ms
[664.776s][info][gc,cpu         ] GC(1581) User=0.17s Sys=0.00s Real=0.08s
[665.237s][info][gc,start       ] GC(1582) Pause Young (Concurrent Start) (G1 Evacuation Pause)
[665.237s][info][gc,task        ] GC(1582) Using 2 workers of 2 for evacuation
[665.301s][info][gc,phases      ] GC(1582)   Pre Evacuate Collection Set: 0.29ms
[665.301s][info][gc,phases      ] GC(1582)   Merge Heap Roots: 0.45ms
[665.301s][info][gc,phases      ] GC(1582)   Evacuate Collection Set: 62.76ms
[665.301s][info][gc,phases      ] GC(1582)   Post Evacuate Collection Set: 0.70ms
[665.301s][info][gc,phases      ] GC(1582)   Other: 0.11ms
[665.301s][info][gc,heap        ] GC(1582) Eden regions: 441->0(386)
[665.301s][info][gc,heap        ] GC(1582) Survivor regions: 9->51(57)
[665.301s][info][gc,heap        ] GC(1582) Old regions: 433->433
[665.301s][info][gc,heap        ] GC(1582) Humongous regions: 7->7
[665.301s][info][gc,metaspace   ] GC(1582) Metaspace: 19121K(19328K)->19121K(19328K) NonClass: 16454K(16576K)->16454K(16576K) Class: 2667K(2752K)->2667K(2752K)
[665.301s][info][gc             ] GC(1582) Pause Young (Concurrent Start) (G1 Evacuation Pause) 889M->490M(978M) 64.560ms
[665.302s][info][gc             ] GC(1583) Concurrent Mark Cycle
[665.302s][info][gc,marking     ] GC(1583) Concurrent Scan Root Regions
[665.302s][info][gc,cpu         ] GC(1582) User=0.12s Sys=0.00s Real=0.06s
[665.399s][info][gc,marking     ] GC(1583) Concurrent Scan Root Regions 97.388ms
[665.399s][info][gc,marking     ] GC(1583) Concurrent Mark
[665.399s][info][gc,marking     ] GC(1583) Concurrent Mark From Roots
[665.399s][info][gc,task        ] GC(1583) Using 1 workers of 1 for marking
[666.033s][info][gc,start       ] GC(1584) Pause Young (Normal) (G1 Evacuation Pause)
[666.033s][info][gc,task        ] GC(1584) Using 2 workers of 2 for evacuation
[666.111s][info][gc,phases      ] GC(1584)   Pre Evacuate Collection Set: 0.32ms
[666.111s][info][gc,phases      ] GC(1584)   Merge Heap Roots: 0.56ms
[666.111s][info][gc,phases      ] GC(1584)   Evacuate Collection Set: 76.63ms
[666.111s][info][gc,phases      ] GC(1584)   Post Evacuate Collection Set: 0.61ms
[666.111s][info][gc,phases      ] GC(1584)   Other: 0.10ms
[666.111s][info][gc,heap        ] GC(1584) Eden regions: 386->0(370)
[666.111s][info][gc,heap        ] GC(1584) Survivor regions: 51->24(55)
[666.111s][info][gc,heap        ] GC(1584) Old regions: 433->484
[666.111s][info][gc,heap        ] GC(1584) Humongous regions: 7->7
[666.111s][info][gc,metaspace   ] GC(1584) Metaspace: 19121K(19328K)->19121K(19328K) NonClass: 16454K(16576K)->16454K(16576K) Class: 2667K(2752K)->2667K(2752K)
[666.111s][info][gc             ] GC(1584) Pause Young (Normal) (G1 Evacuation Pause) 876M->513M(978M) 78.455ms
[666.111s][info][gc,cpu         ] GC(1584) User=0.15s Sys=0.00s Real=0.08s
[666.191s][info][gc,marking     ] GC(1583) Concurrent Mark From Roots 792.081ms
[666.191s][info][gc,marking     ] GC(1583) Concurrent Preclean
[666.191s][info][gc,marking     ] GC(1583) Concurrent Preclean 0.043ms
[666.191s][info][gc,start       ] GC(1583) Pause Remark
[666.199s][info][gc             ] GC(1583) Pause Remark 558M->436M(978M) 8.125ms
[666.200s][info][gc,cpu         ] GC(1583) User=0.02s Sys=0.00s Real=0.01s
[666.201s][info][gc,marking     ] GC(1583) Concurrent Mark 802.168ms
[666.201s][info][gc,marking     ] GC(1583) Concurrent Rebuild Remembered Sets and Scrub Regions
[666.567s][info][gc,marking     ] GC(1583) Concurrent Rebuild Remembered Sets and Scrub Regions 366.073ms
[666.567s][info][gc,start       ] GC(1583) Pause Cleanup
[666.568s][info][gc             ] GC(1583) Pause Cleanup 729M->729M(978M) 0.111ms
[666.568s][info][gc,cpu         ] GC(1583) User=0.00s Sys=0.00s Real=0.00s
[666.569s][info][gc,marking     ] GC(1583) Concurrent Clear Claimed Marks
[666.569s][info][gc,marking     ] GC(1583) Concurrent Clear Claimed Marks 0.052ms
[666.569s][info][gc,marking     ] GC(1583) Concurrent Cleanup for Next Mark
[666.574s][info][gc,marking     ] GC(1583) Concurrent Cleanup for Next Mark 4.934ms
[666.574s][info][gc             ] GC(1583) Concurrent Mark Cycle 1272.219ms
[666.638s][info][gc,start       ] GC(1585) Pause Young (Prepare Mixed) (G1 Evacuation Pause)
[666.638s][info][gc,task        ] GC(1585) Using 2 workers of 2 for evacuation
[666.680s][info][gc,phases      ] GC(1585)   Pre Evacuate Collection Set: 0.55ms
[666.680s][info][gc,phases      ] GC(1585)   Merge Heap Roots: 0.36ms
[666.680s][info][gc,phases      ] GC(1585)   Evacuate Collection Set: 40.46ms
[666.680s][info][gc,phases      ] GC(1585)   Post Evacuate Collection Set: 0.67ms
[666.680s][info][gc,phases      ] GC(1585)   Other: 0.11ms
[666.680s][info][gc,heap        ] GC(1585) Eden regions: 370->0(475)
[666.680s][info][gc,heap        ] GC(1585) Survivor regions: 24->35(50)
[666.680s][info][gc,heap        ] GC(1585) Old regions: 365->365
[666.680s][info][gc,heap        ] GC(1585) Humongous regions: 4->4
[666.680s][info][gc,metaspace   ] GC(1585) Metaspace: 19121K(19328K)->19121K(19328K) NonClass: 16454K(16576K)->16454K(16576K) Class: 2667K(2752K)->2667K(2752K)
[666.680s][info][gc             ] GC(1585) Pause Young (Prepare Mixed) (G1 Evacuation Pause) 761M->403M(978M) 42.404ms
[666.680s][info][gc,cpu         ] GC(1585) User=0.08s Sys=0.00s Real=0.04s
[667.710s][info][gc,start       ] GC(1586) Pause Young (Mixed) (G1 Evacuation Pause)
[667.710s][info][gc,task        ] GC(1586) Using 2 workers of 2 for evacuation
[667.759s][info][gc,phases      ] GC(1586)   Pre Evacuate Collection Set: 0.37ms
[667.759s][info][gc,phases      ] GC(1586)   Merge Heap Roots: 0.29ms
[667.759s][info][gc,phases      ] GC(1586)   Evacuate Collection Set: 47.32ms
[667.759s][info][gc,phases      ] GC(1586)   Post Evacuate Collection Set: 0.73ms
[667.759s][info][gc,phases      ] GC(1586)   Other: 0.13ms
[667.759s][info][gc,heap        ] GC(1586) Eden regions: 475->0(507)
[667.759s][info][gc,heap        ] GC(1586) Survivor regions: 35->20(64)
[667.759s][info][gc,heap        ] GC(1586) Old regions: 365->358
[667.759s][info][gc,heap        ] GC(1586) Humongous regions: 4->4
[667.759s][info][gc,metaspace   ] GC(1586) Metaspace: 19121K(19328K)->19121K(19328K) NonClass: 16454K(16576K)->16454K(16576K) Class: 2667K(2752K)->2667K(2752K)
[667.759s][info][gc             ] GC(1586) Pause Young (Mixed) (G1 Evacuation Pause) 878M->381M(978M) 49.083ms
[667.759s][info][gc,cpu         ] GC(1586) User=0.10s Sys=0.00s Real=0.05s
[668.458s][info][gc,start       ] GC(1587) Pause Young (Concurrent Start) (G1 Evacuation Pause)
[668.458s][info][gc,task        ] GC(1587) Using 2 workers of 2 for evacuation
[668.586s][info][gc,phases      ] GC(1587)   Pre Evacuate Collection Set: 0.35ms
[668.586s][info][gc,phases      ] GC(1587)   Merge Heap Roots: 0.25ms
[668.586s][info][gc,phases      ] GC(1587)   Evacuate Collection Set: 115.09ms
[668.586s][info][gc,phases      ] GC(1587)   Post Evacuate Collection Set: 11.97ms
[668.586s][info][gc,phases      ] GC(1587)   Other: 0.22ms
[668.586s][info][gc,heap        ] GC(1587) Eden regions: 507->0(274)
[668.586s][info][gc,heap        ] GC(1587) Survivor regions: 20->66(66)
[668.586s][info][gc,heap        ] GC(1587) Old regions: 358->518
[668.586s][info][gc,heap        ] GC(1587) Humongous regions: 4->4
[668.586s][info][gc,metaspace   ] GC(1587) Metaspace: 19121K(19328K)->19121K(19328K) NonClass: 16454K(16576K)->16454K(16576K) Class: 2667K(2752K)->2667K(2752K)
[668.586s][info][gc             ] GC(1587) Pause Young (Concurrent Start) (G1 Evacuation Pause) (Evacuation Failure: Allocation) 888M->587M(978M) 128.100ms
[668.586s][info][gc             ] GC(1588) Concurrent Mark Cycle
[668.586s][info][gc,marking     ] GC(1588) Concurrent Scan Root Regions
[668.587s][info][gc,cpu         ] GC(1587) User=0.26s Sys=0.00s Real=0.13s
[668.741s][info][gc,marking     ] GC(1588) Concurrent Scan Root Regions 155.380ms
[668.741s][info][gc,marking     ] GC(1588) Concurrent Mark
[668.741s][info][gc,marking     ] GC(1588) Concurrent Mark From Roots
[668.741s][info][gc,task        ] GC(1588) Using 1 workers of 1 for marking
[669.069s][info][gc,start       ] GC(1589) Pause Young (Normal) (G1 Evacuation Pause)
[669.069s][info][gc,task        ] GC(1589) Using 2 workers of 2 for evacuation
[669.286s][info][gc,mmu         ] GC(1589) MMU target violated: 201.0ms (200.0ms/201.0ms)
[669.286s][info][gc,phases      ] GC(1589)   Pre Evacuate Collection Set: 0.37ms
[669.286s][info][gc,phases      ] GC(1589)   Merge Heap Roots: 0.50ms
[669.286s][info][gc,phases      ] GC(1589)   Evacuate Collection Set: 191.15ms
[669.286s][info][gc,phases      ] GC(1589)   Post Evacuate Collection Set: 24.54ms
[669.286s][info][gc,phases      ] GC(1589)   Other: 0.19ms
[669.286s][info][gc,heap        ] GC(1589) Eden regions: 274->0(51)
[669.286s][info][gc,heap        ] GC(1589) Survivor regions: 66->43(43)
[669.286s][info][gc,heap        ] GC(1589) Old regions: 518->786
[669.286s][info][gc,heap        ] GC(1589) Humongous regions: 5->5
[669.286s][info][gc,metaspace   ] GC(1589) Metaspace: 19121K(19328K)->19121K(19328K) NonClass: 16454K(16576K)->16454K(16576K) Class: 2667K(2752K)->2667K(2752K)
[669.286s][info][gc             ] GC(1589) Pause Young (Normal) (G1 Evacuation Pause) (Evacuation Failure: Allocation) 862M->833M(978M) 216.937ms
[669.286s][info][gc,cpu         ] GC(1589) User=0.43s Sys=0.00s Real=0.22s
[669.529s][info][gc,start       ] GC(1590) Pause Young (Normal) (G1 Evacuation Pause)
[669.529s][info][gc,task        ] GC(1590) Using 2 workers of 2 for evacuation
[669.617s][info][gc,phases      ] GC(1590)   Pre Evacuate Collection Set: 0.42ms
[669.617s][info][gc,phases      ] GC(1590)   Merge Heap Roots: 0.81ms
[669.617s][info][gc,phases      ] GC(1590)   Evacuate Collection Set: 86.09ms
[669.617s][info][gc,phases      ] GC(1590)   Post Evacuate Collection Set: 0.53ms
[669.617s][info][gc,phases      ] GC(1590)   Other: 0.10ms
[669.617s][info][gc,heap        ] GC(1590) Eden regions: 51->0(226)
[669.617s][info][gc,heap        ] GC(1590) Survivor regions: 43->5(12)
[669.617s][info][gc,heap        ] GC(1590) Old regions: 786->640
[669.617s][info][gc,heap        ] GC(1590) Humongous regions: 7->7
[669.617s][info][gc,metaspace   ] GC(1590) Metaspace: 19121K(19328K)->19121K(19328K) NonClass: 16454K(16576K)->16454K(16576K) Class: 2667K(2752K)->2667K(2752K)
[669.617s][info][gc             ] GC(1590) Pause Young (Normal) (G1 Evacuation Pause) 886M->651M(978M) 88.203ms
[669.617s][info][gc,cpu         ] GC(1590) User=0.17s Sys=0.00s Real=0.09s
[669.890s][info][gc,marking     ] GC(1588) Concurrent Mark From Roots 1148.970ms
[669.890s][info][gc,marking     ] GC(1588) Concurrent Preclean
[669.890s][info][gc,marking     ] GC(1588) Concurrent Preclean 0.040ms
[669.890s][info][gc,start       ] GC(1588) Pause Remark
[669.898s][info][gc             ] GC(1588) Pause Remark 745M->745M(978M) 7.861ms
[669.898s][info][gc,cpu         ] GC(1588) User=0.02s Sys=0.00s Real=0.01s
[669.898s][info][gc,marking     ] GC(1588) Concurrent Mark 1157.166ms
[669.898s][info][gc,marking     ] GC(1588) Concurrent Rebuild Remembered Sets and Scrub Regions
[670.120s][info][gc,start       ] GC(1591) Pause Young (Normal) (G1 Evacuation Pause)
[670.120s][info][gc,task        ] GC(1591) Using 2 workers of 2 for evacuation
[670.180s][info][gc,phases      ] GC(1591)   Pre Evacuate Collection Set: 0.52ms
[670.180s][info][gc,phases      ] GC(1591)   Merge Heap Roots: 0.76ms
[670.180s][info][gc,phases      ] GC(1591)   Evacuate Collection Set: 57.66ms
[670.180s][info][gc,phases      ] GC(1591)   Post Evacuate Collection Set: 0.83ms
[670.180s][info][gc,phases      ] GC(1591)   Other: 0.09ms
[670.180s][info][gc,heap        ] GC(1591) Eden regions: 226->0(273)
[670.180s][info][gc,heap        ] GC(1591) Survivor regions: 5->11(29)
[670.180s][info][gc,heap        ] GC(1591) Old regions: 640->580
[670.180s][info][gc,heap        ] GC(1591) Humongous regions: 7->7
[670.180s][info][gc,metaspace   ] GC(1591) Metaspace: 19121K(19328K)->19121K(19328K) NonClass: 16454K(16576K)->16454K(16576K) Class: 2667K(2752K)->2667K(2752K)
[670.180s][info][gc             ] GC(1591) Pause Young (Normal) (G1 Evacuation Pause) 877M->597M(978M) 60.129ms
[670.180s][info][gc,cpu         ] GC(1591) User=0.11s Sys=0.01s Real=0.06s
[670.457s][info][gc,marking     ] GC(1588) Concurrent Rebuild Remembered Sets and Scrub Regions 558.822ms
[670.458s][info][gc,start       ] GC(1588) Pause Cleanup
[670.458s][info][gc             ] GC(1588) Pause Cleanup 722M->722M(978M) 0.134ms
[670.458s][info][gc,cpu         ] GC(1588) User=0.00s Sys=0.00s Real=0.00s
[670.458s][info][gc,marking     ] GC(1588) Concurrent Clear Claimed Marks
[670.458s][info][gc,marking     ] GC(1588) Concurrent Clear Claimed Marks 0.031ms
[670.458s][info][gc,marking     ] GC(1588) Concurrent Cleanup for Next Mark
[670.461s][info][gc,marking     ] GC(1588) Concurrent Cleanup for Next Mark 2.827ms
[670.461s][info][gc             ] GC(1588) Concurrent Mark Cycle 1874.778ms
[670.691s][info][gc,start       ] GC(1592) Pause Young (Prepare Mixed) (G1 Evacuation Pause)
[670.691s][info][gc,task        ] GC(1592) Using 2 workers of 2 for evacuation
[670.765s][info][gc,phases      ] GC(1592)   Pre Evacuate Collection Set: 0.32ms
[670.765s][info][gc,phases      ] GC(1592)   Merge Heap Roots: 0.84ms
[670.765s][info][gc,phases      ] GC(1592)   Evacuate Collection Set: 72.23ms
[670.765s][info][gc,phases      ] GC(1592)   Post Evacuate Collection Set: 0.90ms
[670.765s][info][gc,phases      ] GC(1592)   Other: 0.10ms
[670.765s][info][gc,heap        ] GC(1592) Eden regions: 273->0(258)
[670.765s][info][gc,heap        ] GC(1592) Survivor regions: 11->34(36)
[670.765s][info][gc,heap        ] GC(1592) Old regions: 580->580
[670.765s][info][gc,heap        ] GC(1592) Humongous regions: 13->13
[670.765s][info][gc,metaspace   ] GC(1592) Metaspace: 19121K(19328K)->19121K(19328K) NonClass: 16454K(16576K)->16454K(16576K) Class: 2667K(2752K)->2667K(2752K)
[670.765s][info][gc             ] GC(1592) Pause Young (Prepare Mixed) (G1 Evacuation Pause) 876M->626M(978M) 74.661ms
[670.765s][info][gc,cpu         ] GC(1592) User=0.15s Sys=0.00s Real=0.08s
[671.159s][info][gc,start       ] GC(1593) Pause Young (Mixed) (G1 Evacuation Pause)
[671.159s][info][gc,task        ] GC(1593) Using 2 workers of 2 for evacuation
[671.232s][info][gc,phases      ] GC(1593)   Pre Evacuate Collection Set: 0.54ms
[671.232s][info][gc,phases      ] GC(1593)   Merge Heap Roots: 0.64ms
[671.232s][info][gc,phases      ] GC(1593)   Evacuate Collection Set: 71.05ms
[671.232s][info][gc,phases      ] GC(1593)   Post Evacuate Collection Set: 0.51ms
[671.232s][info][gc,phases      ] GC(1593)   Other: 0.08ms
[671.232s][info][gc,heap        ] GC(1593) Eden regions: 258->0(276)
[671.232s][info][gc,heap        ] GC(1593) Survivor regions: 34->1(37)
[671.232s][info][gc,heap        ] GC(1593) Old regions: 580->604
[671.232s][info][gc,heap        ] GC(1593) Humongous regions: 13->13
[671.232s][info][gc,metaspace   ] GC(1593) Metaspace: 19121K(19328K)->19121K(19328K) NonClass: 16454K(16576K)->16454K(16576K) Class: 2667K(2752K)->2667K(2752K)
[671.232s][info][gc             ] GC(1593) Pause Young (Mixed) (G1 Evacuation Pause) 884M->617M(978M) 73.079ms
[671.232s][info][gc,cpu         ] GC(1593) User=0.14s Sys=0.00s Real=0.07s
[671.645s][info][gc,start       ] GC(1594) Pause Young (Concurrent Start) (G1 Evacuation Pause)
[671.645s][info][gc,task        ] GC(1594) Using 2 workers of 2 for evacuation
[671.646s][info][gc,phases      ] GC(1594)   Pre Evacuate Collection Set: 0.38ms
[671.646s][info][gc,phases      ] GC(1594)   Merge Heap Roots: 0.07ms
[671.646s][info][gc,phases      ] GC(1594)   Evacuate Collection Set: 0.41ms
[671.646s][info][gc,phases      ] GC(1594)   Post Evacuate Collection Set: 0.44ms
[671.646s][info][gc,phases      ] GC(1594)   Other: 0.22ms
[671.646s][info][gc,heap        ] GC(1594) Eden regions: 276->0(291)
[671.646s][info][gc,heap        ] GC(1594) Survivor regions: 1->1(35)
[671.646s][info][gc,heap        ] GC(1594) Old regions: 604->604
[671.646s][info][gc,heap        ] GC(1594) Humongous regions: 13->13
[671.646s][info][gc,metaspace   ] GC(1594) Metaspace: 19121K(19328K)->19121K(19328K) NonClass: 16454K(16576K)->16454K(16576K) Class: 2667K(2752K)->2667K(2752K)
[671.646s][info][gc             ] GC(1594) Pause Young (Concurrent Start) (G1 Evacuation Pause) 893M->617M(978M) 1.717ms
[671.646s][info][gc,cpu         ] GC(1594) User=0.01s Sys=0.00s Real=0.00s
[671.646s][info][gc             ] GC(1595) Concurrent Mark Cycle
[671.646s][info][gc,marking     ] GC(1595) Concurrent Scan Root Regions
[671.649s][info][gc,marking     ] GC(1595) Concurrent Scan Root Regions 2.700ms
[671.649s][info][gc,marking     ] GC(1595) Concurrent Mark
[671.649s][info][gc,marking     ] GC(1595) Concurrent Mark From Roots
[671.649s][info][gc,task        ] GC(1595) Using 1 workers of 1 for marking
[672.267s][info][gc,start       ] GC(1596) Pause Young (Normal) (G1 Evacuation Pause)
[672.267s][info][gc,task        ] GC(1596) Using 2 workers of 2 for evacuation
[672.302s][info][gc,phases      ] GC(1596)   Pre Evacuate Collection Set: 0.53ms
[672.302s][info][gc,phases      ] GC(1596)   Merge Heap Roots: 0.20ms
[672.302s][info][gc,phases      ] GC(1596)   Evacuate Collection Set: 34.28ms
[672.302s][info][gc,phases      ] GC(1596)   Post Evacuate Collection Set: 0.50ms
[672.303s][info][gc,phases      ] GC(1596)   Other: 0.08ms
[672.303s][info][gc,heap        ] GC(1596) Eden regions: 291->0(249)
[672.303s][info][gc,heap        ] GC(1596) Survivor regions: 1->31(37)
[672.303s][info][gc,heap        ] GC(1596) Old regions: 604->604
[672.303s][info][gc,heap        ] GC(1596) Humongous regions: 13->13
[672.303s][info][gc,metaspace   ] GC(1596) Metaspace: 19121K(19328K)->19121K(19328K) NonClass: 16454K(16576K)->16454K(16576K) Class: 2667K(2752K)->2667K(2752K)
[672.303s][info][gc             ] GC(1596) Pause Young (Normal) (G1 Evacuation Pause) 908M->646M(978M) 35.818ms
[672.303s][info][gc,cpu         ] GC(1596) User=0.07s Sys=0.00s Real=0.03s
[672.736s][info][gc,start       ] GC(1597) Pause Young (Normal) (G1 Evacuation Pause)
[672.736s][info][gc,task        ] GC(1597) Using 2 workers of 2 for evacuation
[672.768s][info][gc,phases      ] GC(1597)   Pre Evacuate Collection Set: 0.54ms
[672.768s][info][gc,phases      ] GC(1597)   Merge Heap Roots: 0.17ms
[672.768s][info][gc,phases      ] GC(1597)   Evacuate Collection Set: 30.98ms
[672.768s][info][gc,phases      ] GC(1597)   Post Evacuate Collection Set: 0.49ms
[672.768s][info][gc,phases      ] GC(1597)   Other: 0.10ms
[672.768s][info][gc,heap        ] GC(1597) Eden regions: 249->0(266)
[672.768s][info][gc,heap        ] GC(1597) Survivor regions: 31->3(35)
[672.768s][info][gc,heap        ] GC(1597) Old regions: 604->634
[672.768s][info][gc,heap        ] GC(1597) Humongous regions: 13->13
[672.768s][info][gc,metaspace   ] GC(1597) Metaspace: 19121K(19328K)->19121K(19328K) NonClass: 16454K(16576K)->16454K(16576K) Class: 2667K(2752K)->2667K(2752K)
[672.768s][info][gc             ] GC(1597) Pause Young (Normal) (G1 Evacuation Pause) 895M->649M(978M) 32.499ms
[672.768s][info][gc,cpu         ] GC(1597) User=0.06s Sys=0.00s Real=0.03s
[672.973s][info][gc,marking     ] GC(1595) Concurrent Mark From Roots 1324.032ms
[672.973s][info][gc,marking     ] GC(1595) Concurrent Preclean
[672.973s][info][gc,marking     ] GC(1595) Concurrent Preclean 0.043ms
[672.974s][info][gc,start       ] GC(1595) Pause Remark
[672.981s][info][gc             ] GC(1595) Pause Remark 739M->668M(978M) 7.967ms
[672.982s][info][gc,cpu         ] GC(1595) User=0.01s Sys=0.00s Real=0.00s
[672.982s][info][gc,marking     ] GC(1595) Concurrent Mark 1332.375ms
[672.982s][info][gc,marking     ] GC(1595) Concurrent Rebuild Remembered Sets and Scrub Regions
[673.417s][info][gc,marking     ] GC(1595) Concurrent Rebuild Remembered Sets and Scrub Regions 435.163ms
[673.417s][info][gc,start       ] GC(1595) Pause Cleanup
[673.417s][info][gc             ] GC(1595) Pause Cleanup 814M->814M(978M) 0.140ms
[673.417s][info][gc,cpu         ] GC(1595) User=0.00s Sys=0.00s Real=0.00s
[673.418s][info][gc,marking     ] GC(1595) Concurrent Clear Claimed Marks
[673.418s][info][gc,marking     ] GC(1595) Concurrent Clear Claimed Marks 0.062ms
[673.418s][info][gc,marking     ] GC(1595) Concurrent Cleanup for Next Mark
[673.421s][info][gc,marking     ] GC(1595) Concurrent Cleanup for Next Mark 2.950ms
[673.421s][info][gc             ] GC(1595) Concurrent Mark Cycle 1774.611ms
[673.481s][info][gc,start       ] GC(1598) Pause Young (Prepare Mixed) (G1 Evacuation Pause)
[673.481s][info][gc,task        ] GC(1598) Using 2 workers of 2 for evacuation
[673.494s][info][gc,phases      ] GC(1598)   Pre Evacuate Collection Set: 0.30ms
[673.494s][info][gc,phases      ] GC(1598)   Merge Heap Roots: 0.19ms
[673.494s][info][gc,phases      ] GC(1598)   Evacuate Collection Set: 12.46ms
[673.494s][info][gc,phases      ] GC(1598)   Post Evacuate Collection Set: 0.48ms
[673.494s][info][gc,phases      ] GC(1598)   Other: 0.08ms
[673.494s][info][gc,heap        ] GC(1598) Eden regions: 266->0(328)
[673.495s][info][gc,heap        ] GC(1598) Survivor regions: 3->11(34)
[673.495s][info][gc,heap        ] GC(1598) Old regions: 569->569
[673.495s][info][gc,heap        ] GC(1598) Humongous regions: 7->7
[673.495s][info][gc,metaspace   ] GC(1598) Metaspace: 19121K(19328K)->19121K(19328K) NonClass: 16454K(16576K)->16454K(16576K) Class: 2667K(2752K)->2667K(2752K)
[673.495s][info][gc             ] GC(1598) Pause Young (Prepare Mixed) (G1 Evacuation Pause) 844M->586M(978M) 13.721ms
[673.495s][info][gc,cpu         ] GC(1598) User=0.03s Sys=0.00s Real=0.02s
[674.065s][info][gc,start       ] GC(1599) Pause Young (Mixed) (G1 Evacuation Pause)
[674.065s][info][gc,task        ] GC(1599) Using 2 workers of 2 for evacuation
[674.099s][info][gc,phases      ] GC(1599)   Pre Evacuate Collection Set: 0.36ms
[674.099s][info][gc,phases      ] GC(1599)   Merge Heap Roots: 0.40ms
[674.099s][info][gc,phases      ] GC(1599)   Evacuate Collection Set: 31.76ms
[674.099s][info][gc,phases      ] GC(1599)   Post Evacuate Collection Set: 0.61ms
[674.099s][info][gc,phases      ] GC(1599)   Other: 0.09ms
[674.099s][info][gc,heap        ] GC(1599) Eden regions: 328->0(380)
[674.099s][info][gc,heap        ] GC(1599) Survivor regions: 11->24(43)
[674.099s][info][gc,heap        ] GC(1599) Old regions: 569->493
[674.099s][info][gc,heap        ] GC(1599) Humongous regions: 7->7
[674.099s][info][gc,metaspace   ] GC(1599) Metaspace: 19121K(19328K)->19121K(19328K) NonClass: 16454K(16576K)->16454K(16576K) Class: 2667K(2752K)->2667K(2752K)
[674.099s][info][gc             ] GC(1599) Pause Young (Mixed) (G1 Evacuation Pause) 914M->523M(978M) 33.472ms
[674.099s][info][gc,cpu         ] GC(1599) User=0.07s Sys=0.00s Real=0.03s
[674.541s][info][gc,start       ] GC(1600) Pause Young (Concurrent Start) (G1 Evacuation Pause)
[674.541s][info][gc,task        ] GC(1600) Using 2 workers of 2 for evacuation
[674.612s][info][gc,phases      ] GC(1600)   Pre Evacuate Collection Set: 0.29ms
[674.612s][info][gc,phases      ] GC(1600)   Merge Heap Roots: 0.20ms
[674.612s][info][gc,phases      ] GC(1600)   Evacuate Collection Set: 68.87ms
[674.612s][info][gc,phases      ] GC(1600)   Post Evacuate Collection Set: 1.82ms
[674.612s][info][gc,phases      ] GC(1600)   Other: 0.12ms
[674.612s][info][gc,heap        ] GC(1600) Eden regions: 380->0(260)
[674.612s][info][gc,heap        ] GC(1600) Survivor regions: 24->51(51)
[674.612s][info][gc,heap        ] GC(1600) Old regions: 493->559
[674.612s][info][gc,heap        ] GC(1600) Humongous regions: 7->7
[674.612s][info][gc,metaspace   ] GC(1600) Metaspace: 19121K(19328K)->19121K(19328K) NonClass: 16454K(16576K)->16454K(16576K) Class: 2667K(2752K)->2667K(2752K)
[674.612s][info][gc             ] GC(1600) Pause Young (Concurrent Start) (G1 Evacuation Pause) (Evacuation Failure: Allocation) 903M->616M(978M) 71.579ms
[674.612s][info][gc,cpu         ] GC(1600) User=0.14s Sys=0.00s Real=0.07s
[674.612s][info][gc             ] GC(1601) Concurrent Mark Cycle
[674.612s][info][gc,marking     ] GC(1601) Concurrent Scan Root Regions
[674.705s][info][gc,marking     ] GC(1601) Concurrent Scan Root Regions 92.050ms
[674.705s][info][gc,marking     ] GC(1601) Concurrent Mark
[674.705s][info][gc,marking     ] GC(1601) Concurrent Mark From Roots
[674.705s][info][gc,task        ] GC(1601) Using 1 workers of 1 for marking
[675.379s][info][gc,start       ] GC(1602) Pause Young (Normal) (G1 Evacuation Pause)
[675.379s][info][gc,task        ] GC(1602) Using 2 workers of 2 for evacuation
[675.454s][info][gc,phases      ] GC(1602)   Pre Evacuate Collection Set: 0.35ms
[675.454s][info][gc,phases      ] GC(1602)   Merge Heap Roots: 0.44ms
[675.454s][info][gc,phases      ] GC(1602)   Evacuate Collection Set: 73.88ms
[675.454s][info][gc,phases      ] GC(1602)   Post Evacuate Collection Set: 0.67ms
[675.454s][info][gc,phases      ] GC(1602)   Other: 0.08ms
[675.455s][info][gc,heap        ] GC(1602) Eden regions: 260->0(300)
[675.455s][info][gc,heap        ] GC(1602) Survivor regions: 51->12(39)
[675.455s][info][gc,heap        ] GC(1602) Old regions: 559->569
[675.455s][info][gc,heap        ] GC(1602) Humongous regions: 10->10
[675.455s][info][gc,metaspace   ] GC(1602) Metaspace: 19121K(19328K)->19121K(19328K) NonClass: 16454K(16576K)->16454K(16576K) Class: 2667K(2752K)->2667K(2752K)
[675.455s][info][gc             ] GC(1602) Pause Young (Normal) (G1 Evacuation Pause) 879M->590M(978M) 75.706ms
[675.455s][info][gc,cpu         ] GC(1602) User=0.15s Sys=0.00s Real=0.08s
[675.669s][info][gc,marking     ] GC(1601) Concurrent Mark From Roots 964.250ms
[675.669s][info][gc,marking     ] GC(1601) Concurrent Preclean
[675.669s][info][gc,marking     ] GC(1601) Concurrent Preclean 0.041ms
[675.669s][info][gc,start       ] GC(1601) Pause Remark
[675.677s][info][gc             ] GC(1601) Pause Remark 651M->507M(978M) 7.867ms
[675.677s][info][gc,cpu         ] GC(1601) User=0.02s Sys=0.00s Real=0.01s
[675.677s][info][gc,marking     ] GC(1601) Concurrent Mark 972.489ms
[675.677s][info][gc,marking     ] GC(1601) Concurrent Rebuild Remembered Sets and Scrub Regions
[675.972s][info][gc,marking     ] GC(1601) Concurrent Rebuild Remembered Sets and Scrub Regions 294.582ms
[675.972s][info][gc,start       ] GC(1601) Pause Cleanup
[675.972s][info][gc             ] GC(1601) Pause Cleanup 633M->633M(978M) 0.116ms
[675.972s][info][gc,cpu         ] GC(1601) User=0.00s Sys=0.00s Real=0.00s
[675.972s][info][gc,marking     ] GC(1601) Concurrent Clear Claimed Marks
[675.972s][info][gc,marking     ] GC(1601) Concurrent Clear Claimed Marks 0.030ms
[675.972s][info][gc,marking     ] GC(1601) Concurrent Cleanup for Next Mark
[675.975s][info][gc,marking     ] GC(1601) Concurrent Cleanup for Next Mark 2.848ms
[675.975s][info][gc             ] GC(1601) Concurrent Mark Cycle 1362.477ms
[676.141s][info][gc,start       ] GC(1603) Pause Young (Prepare Mixed) (G1 Evacuation Pause)
[676.141s][info][gc,task        ] GC(1603) Using 2 workers of 2 for evacuation
[676.164s][info][gc,phases      ] GC(1603)   Pre Evacuate Collection Set: 0.53ms
[676.164s][info][gc,phases      ] GC(1603)   Merge Heap Roots: 0.46ms
[676.164s][info][gc,phases      ] GC(1603)   Evacuate Collection Set: 21.29ms
[676.164s][info][gc,phases      ] GC(1603)   Post Evacuate Collection Set: 0.62ms
[676.164s][info][gc,phases      ] GC(1603)   Other: 0.10ms
[676.164s][info][gc,heap        ] GC(1603) Eden regions: 300->0(450)
[676.164s][info][gc,heap        ] GC(1603) Survivor regions: 12->12(39)
[676.164s][info][gc,heap        ] GC(1603) Old regions: 427->427
[676.164s][info][gc,heap        ] GC(1603) Humongous regions: 8->8
[676.164s][info][gc,metaspace   ] GC(1603) Metaspace: 19121K(19328K)->19121K(19328K) NonClass: 16454K(16576K)->16454K(16576K) Class: 2667K(2752K)->2667K(2752K)
[676.164s][info][gc             ] GC(1603) Pause Young (Prepare Mixed) (G1 Evacuation Pause) 746M->446M(978M) 23.216ms
[676.164s][info][gc,cpu         ] GC(1603) User=0.05s Sys=0.00s Real=0.03s
[676.776s][info][gc,start       ] GC(1604) Pause Young (Mixed) (G1 Evacuation Pause)
[676.776s][info][gc,task        ] GC(1604) Using 2 workers of 2 for evacuation
[676.824s][info][gc,phases      ] GC(1604)   Pre Evacuate Collection Set: 0.32ms
[676.824s][info][gc,phases      ] GC(1604)   Merge Heap Roots: 0.38ms
[676.824s][info][gc,phases      ] GC(1604)   Evacuate Collection Set: 45.96ms
[676.824s][info][gc,phases      ] GC(1604)   Post Evacuate Collection Set: 0.78ms
[676.824s][info][gc,phases      ] GC(1604)   Other: 0.09ms
[676.824s][info][gc,heap        ] GC(1604) Eden regions: 450->0(454)
[676.824s][info][gc,heap        ] GC(1604) Survivor regions: 12->29(58)
[676.824s][info][gc,heap        ] GC(1604) Old regions: 427->408
[676.824s][info][gc,heap        ] GC(1604) Humongous regions: 8->8
[676.824s][info][gc,metaspace   ] GC(1604) Metaspace: 19121K(19328K)->19121K(19328K) NonClass: 16454K(16576K)->16454K(16576K) Class: 2667K(2752K)->2667K(2752K)
[676.824s][info][gc             ] GC(1604) Pause Young (Mixed) (G1 Evacuation Pause) 896M->444M(978M) 47.823ms
[676.824s][info][gc,cpu         ] GC(1604) User=0.09s Sys=0.00s Real=0.05s
[677.255s][info][gc,start       ] GC(1605) Pause Young (Concurrent Start) (G1 Evacuation Pause)
[677.255s][info][gc,task        ] GC(1605) Using 2 workers of 2 for evacuation
[677.315s][info][gc,phases      ] GC(1605)   Pre Evacuate Collection Set: 0.31ms
[677.315s][info][gc,phases      ] GC(1605)   Merge Heap Roots: 0.31ms
[677.315s][info][gc,phases      ] GC(1605)   Evacuate Collection Set: 58.12ms
[677.315s][info][gc,phases      ] GC(1605)   Post Evacuate Collection Set: 0.72ms
[677.315s][info][gc,phases      ] GC(1605)   Other: 0.10ms
[677.315s][info][gc,heap        ] GC(1605) Eden regions: 454->0(422)
[677.315s][info][gc,heap        ] GC(1605) Survivor regions: 29->45(61)
[677.315s][info][gc,heap        ] GC(1605) Old regions: 408->408
[677.315s][info][gc,heap        ] GC(1605) Humongous regions: 8->8
[677.315s][info][gc,metaspace   ] GC(1605) Metaspace: 19121K(19328K)->19121K(19328K) NonClass: 16454K(16576K)->16454K(16576K) Class: 2667K(2752K)->2667K(2752K)
[677.315s][info][gc             ] GC(1605) Pause Young (Concurrent Start) (G1 Evacuation Pause) 898M->459M(978M) 59.810ms
[677.315s][info][gc,cpu         ] GC(1605) User=0.12s Sys=0.00s Real=0.06s
[677.315s][info][gc             ] GC(1606) Concurrent Mark Cycle
[677.315s][info][gc,marking     ] GC(1606) Concurrent Scan Root Regions
[677.406s][info][gc,marking     ] GC(1606) Concurrent Scan Root Regions 91.455ms
[677.406s][info][gc,marking     ] GC(1606) Concurrent Mark
[677.406s][info][gc,marking     ] GC(1606) Concurrent Mark From Roots
[677.406s][info][gc,task        ] GC(1606) Using 1 workers of 1 for marking
[678.033s][info][gc,marking     ] GC(1606) Concurrent Mark From Roots 626.623ms
[678.033s][info][gc,marking     ] GC(1606) Concurrent Preclean
[678.033s][info][gc,marking     ] GC(1606) Concurrent Preclean 0.045ms
[678.033s][info][gc,start       ] GC(1606) Pause Remark
[678.041s][info][gc             ] GC(1606) Pause Remark 675M->616M(978M) 7.899ms
[678.041s][info][gc,cpu         ] GC(1606) User=0.01s Sys=0.00s Real=0.00s
[678.043s][info][gc,marking     ] GC(1606) Concurrent Mark 636.322ms
[678.043s][info][gc,marking     ] GC(1606) Concurrent Rebuild Remembered Sets and Scrub Regions
[678.314s][info][gc,marking     ] GC(1606) Concurrent Rebuild Remembered Sets and Scrub Regions 270.995ms
[678.314s][info][gc,start       ] GC(1606) Pause Cleanup
[678.314s][info][gc             ] GC(1606) Pause Cleanup 717M->717M(978M) 0.160ms
[678.314s][info][gc,cpu         ] GC(1606) User=0.00s Sys=0.00s Real=0.00s
[678.316s][info][gc,marking     ] GC(1606) Concurrent Clear Claimed Marks
[678.316s][info][gc,marking     ] GC(1606) Concurrent Clear Claimed Marks 0.045ms
[678.316s][info][gc,marking     ] GC(1606) Concurrent Cleanup for Next Mark
[678.321s][info][gc,marking     ] GC(1606) Concurrent Cleanup for Next Mark 4.956ms
[678.321s][info][gc             ] GC(1606) Concurrent Mark Cycle 1006.252ms
[678.485s][info][gc,start       ] GC(1607) Pause Young (Prepare Mixed) (G1 Evacuation Pause)
[678.485s][info][gc,task        ] GC(1607) Using 2 workers of 2 for evacuation
[678.560s][info][gc,phases      ] GC(1607)   Pre Evacuate Collection Set: 0.51ms
[678.560s][info][gc,phases      ] GC(1607)   Merge Heap Roots: 0.63ms
[678.560s][info][gc,phases      ] GC(1607)   Evacuate Collection Set: 73.13ms
[678.560s][info][gc,phases      ] GC(1607)   Post Evacuate Collection Set: 0.75ms
[678.560s][info][gc,phases      ] GC(1607)   Other: 0.10ms
[678.560s][info][gc,heap        ] GC(1607) Eden regions: 422->0(486)
[678.560s][info][gc,heap        ] GC(1607) Survivor regions: 45->28(59)
[678.560s][info][gc,heap        ] GC(1607) Old regions: 352->381
[678.560s][info][gc,heap        ] GC(1607) Humongous regions: 5->5
[678.560s][info][gc,metaspace   ] GC(1607) Metaspace: 19121K(19328K)->19121K(19328K) NonClass: 16454K(16576K)->16454K(16576K) Class: 2667K(2752K)->2667K(2752K)
[678.560s][info][gc             ] GC(1607) Pause Young (Prepare Mixed) (G1 Evacuation Pause) 822M->412M(978M) 75.349ms
[678.560s][info][gc,cpu         ] GC(1607) User=0.15s Sys=0.00s Real=0.07s
[678.997s][info][gc,start       ] GC(1608) Pause Young (Mixed) (G1 Evacuation Pause)
[678.997s][info][gc,task        ] GC(1608) Using 2 workers of 2 for evacuation
[679.234s][info][gc,mmu         ] GC(1608) MMU target violated: 201.0ms (200.0ms/201.0ms)
[679.234s][info][gc,phases      ] GC(1608)   Pre Evacuate Collection Set: 0.55ms
[679.234s][info][gc,phases      ] GC(1608)   Merge Heap Roots: 0.88ms
[679.234s][info][gc,phases      ] GC(1608)   Evacuate Collection Set: 202.82ms
[679.234s][info][gc,phases      ] GC(1608)   Post Evacuate Collection Set: 32.95ms
[679.234s][info][gc,phases      ] GC(1608)   Other: 0.15ms
[679.234s][info][gc,heap        ] GC(1608) Eden regions: 486->0(60)
[679.234s][info][gc,heap        ] GC(1608) Survivor regions: 28->63(65)
[679.234s][info][gc,heap        ] GC(1608) Old regions: 381->737
[679.234s][info][gc,heap        ] GC(1608) Humongous regions: 5->5
[679.234s][info][gc,metaspace   ] GC(1608) Metaspace: 19121K(19328K)->19121K(19328K) NonClass: 16454K(16576K)->16454K(16576K) Class: 2667K(2752K)->2667K(2752K)
[679.234s][info][gc             ] GC(1608) Pause Young (Mixed) (G1 Evacuation Pause) (Evacuation Failure: Allocation) 898M->804M(978M) 237.520ms
[679.234s][info][gc,cpu         ] GC(1608) User=0.48s Sys=0.00s Real=0.24s
[679.325s][info][gc,start       ] GC(1609) Pause Young (Mixed) (G1 Evacuation Pause)
[679.325s][info][gc,task        ] GC(1609) Using 2 workers of 2 for evacuation
[679.485s][info][gc,phases      ] GC(1609)   Pre Evacuate Collection Set: 0.38ms
[679.485s][info][gc,phases      ] GC(1609)   Merge Heap Roots: 1.17ms
[679.485s][info][gc,phases      ] GC(1609)   Evacuate Collection Set: 141.77ms
[679.485s][info][gc,phases      ] GC(1609)   Merge Optional Heap Roots: 0.10ms
[679.485s][info][gc,phases      ] GC(1609)   Evacuate Optional Collection Set: 15.74ms
[679.485s][info][gc,phases      ] GC(1609)   Post Evacuate Collection Set: 0.81ms
[679.485s][info][gc,phases      ] GC(1609)   Other: 0.14ms
[679.485s][info][gc,heap        ] GC(1609) Eden regions: 60->0(322)
[679.485s][info][gc,heap        ] GC(1609) Survivor regions: 63->11(16)
[679.485s][info][gc,heap        ] GC(1609) Old regions: 737->567
[679.485s][info][gc,heap        ] GC(1609) Humongous regions: 5->5
[679.485s][info][gc,metaspace   ] GC(1609) Metaspace: 19121K(19328K)->19121K(19328K) NonClass: 16454K(16576K)->16454K(16576K) Class: 2667K(2752K)->2667K(2752K)
[679.485s][info][gc             ] GC(1609) Pause Young (Mixed) (G1 Evacuation Pause) 864M->582M(978M) 160.387ms
[679.485s][info][gc,cpu         ] GC(1609) User=0.32s Sys=0.00s Real=0.16s
[679.731s][info][gc,start       ] GC(1610) Pause Young (Concurrent Start) (G1 Evacuation Pause)
[679.731s][info][gc,task        ] GC(1610) Using 2 workers of 2 for evacuation
[679.786s][info][gc,phases      ] GC(1610)   Pre Evacuate Collection Set: 0.41ms
[679.786s][info][gc,phases      ] GC(1610)   Merge Heap Roots: 0.47ms
[679.786s][info][gc,phases      ] GC(1610)   Evacuate Collection Set: 52.58ms
[679.786s][info][gc,phases      ] GC(1610)   Post Evacuate Collection Set: 0.68ms
[679.786s][info][gc,phases      ] GC(1610)   Other: 0.21ms
[679.786s][info][gc,heap        ] GC(1610) Eden regions: 322->0(387)
[679.786s][info][gc,heap        ] GC(1610) Survivor regions: 11->15(42)
[679.786s][info][gc,heap        ] GC(1610) Old regions: 567->502
[679.786s][info][gc,heap        ] GC(1610) Humongous regions: 5->5
[679.786s][info][gc,metaspace   ] GC(1610) Metaspace: 19121K(19328K)->19121K(19328K) NonClass: 16454K(16576K)->16454K(16576K) Class: 2667K(2752K)->2667K(2752K)
[679.786s][info][gc             ] GC(1610) Pause Young (Concurrent Start) (G1 Evacuation Pause) 904M->521M(978M) 54.641ms
[679.786s][info][gc,cpu         ] GC(1610) User=0.10s Sys=0.00s Real=0.06s
[679.786s][info][gc             ] GC(1611) Concurrent Mark Cycle
[679.788s][info][gc,marking     ] GC(1611) Concurrent Scan Root Regions
[679.892s][info][gc,marking     ] GC(1611) Concurrent Scan Root Regions 104.172ms
[679.892s][info][gc,marking     ] GC(1611) Concurrent Mark
[679.892s][info][gc,marking     ] GC(1611) Concurrent Mark From Roots
[679.892s][info][gc,task        ] GC(1611) Using 1 workers of 1 for marking
[680.288s][info][gc,start       ] GC(1612) Pause Young (Normal) (G1 Evacuation Pause)
[680.288s][info][gc,task        ] GC(1612) Using 2 workers of 2 for evacuation
[680.344s][info][gc,phases      ] GC(1612)   Pre Evacuate Collection Set: 0.32ms
[680.344s][info][gc,phases      ] GC(1612)   Merge Heap Roots: 0.50ms
[680.344s][info][gc,phases      ] GC(1612)   Evacuate Collection Set: 53.56ms
[680.344s][info][gc,phases      ] GC(1612)   Post Evacuate Collection Set: 0.69ms
[680.344s][info][gc,phases      ] GC(1612)   Other: 0.11ms
[680.344s][info][gc,heap        ] GC(1612) Eden regions: 387->0(409)
[680.344s][info][gc,heap        ] GC(1612) Survivor regions: 15->20(51)
[680.344s][info][gc,heap        ] GC(1612) Old regions: 502->474
[680.344s][info][gc,heap        ] GC(1612) Humongous regions: 5->5
[680.344s][info][gc,metaspace   ] GC(1612) Metaspace: 19121K(19328K)->19121K(19328K) NonClass: 16454K(16576K)->16454K(16576K) Class: 2667K(2752K)->2667K(2752K)
[680.344s][info][gc             ] GC(1612) Pause Young (Normal) (G1 Evacuation Pause) 908M->497M(978M) 55.441ms
[680.344s][info][gc,cpu         ] GC(1612) User=0.11s Sys=0.00s Real=0.06s
[680.858s][info][gc,start       ] GC(1613) Pause Young (Normal) (G1 Evacuation Pause)
[680.859s][info][gc,task        ] GC(1613) Using 2 workers of 2 for evacuation
[680.904s][info][gc,phases      ] GC(1613)   Pre Evacuate Collection Set: 0.52ms
[680.904s][info][gc,phases      ] GC(1613)   Merge Heap Roots: 0.37ms
[680.904s][info][gc,phases      ] GC(1613)   Evacuate Collection Set: 43.26ms
[680.904s][info][gc,phases      ] GC(1613)   Post Evacuate Collection Set: 0.69ms
[680.904s][info][gc,phases      ] GC(1613)   Other: 0.10ms
[680.904s][info][gc,heap        ] GC(1613) Eden regions: 409->0(375)
[680.904s][info][gc,heap        ] GC(1613) Survivor regions: 20->37(54)
[680.904s][info][gc,heap        ] GC(1613) Old regions: 474->474
[680.904s][info][gc,heap        ] GC(1613) Humongous regions: 5->5
[680.904s][info][gc,metaspace   ] GC(1613) Metaspace: 19121K(19328K)->19121K(19328K) NonClass: 16454K(16576K)->16454K(16576K) Class: 2667K(2752K)->2667K(2752K)
[680.904s][info][gc             ] GC(1613) Pause Young (Normal) (G1 Evacuation Pause) 906M->515M(978M) 45.163ms
[680.904s][info][gc,cpu         ] GC(1613) User=0.09s Sys=0.00s Real=0.05s
[681.142s][info][gc,marking     ] GC(1611) Concurrent Mark From Roots 1249.599ms
[681.142s][info][gc,marking     ] GC(1611) Concurrent Preclean
[681.142s][info][gc,marking     ] GC(1611) Concurrent Preclean 0.043ms
[681.142s][info][gc,start       ] GC(1611) Pause Remark
[681.150s][info][gc             ] GC(1611) Pause Remark 575M->575M(978M) 7.765ms
[681.150s][info][gc,cpu         ] GC(1611) User=0.01s Sys=0.00s Real=0.01s
[681.150s][info][gc,marking     ] GC(1611) Concurrent Mark 1257.716ms
[681.150s][info][gc,marking     ] GC(1611) Concurrent Rebuild Remembered Sets and Scrub Regions
[681.519s][info][gc,marking     ] GC(1611) Concurrent Rebuild Remembered Sets and Scrub Regions 369.291ms
[681.519s][info][gc,start       ] GC(1611) Pause Cleanup
[681.520s][info][gc             ] GC(1611) Pause Cleanup 756M->756M(978M) 0.092ms
[681.520s][info][gc,cpu         ] GC(1611) User=0.00s Sys=0.00s Real=0.00s
[681.520s][info][gc,marking     ] GC(1611) Concurrent Clear Claimed Marks
[681.520s][info][gc,marking     ] GC(1611) Concurrent Clear Claimed Marks 0.031ms
[681.520s][info][gc,marking     ] GC(1611) Concurrent Cleanup for Next Mark
[681.522s][info][gc,marking     ] GC(1611) Concurrent Cleanup for Next Mark 2.829ms
[681.522s][info][gc             ] GC(1611) Concurrent Mark Cycle 1736.481ms
[681.711s][info][gc,start       ] GC(1614) Pause Young (Prepare Mixed) (G1 Evacuation Pause)
[681.711s][info][gc,task        ] GC(1614) Using 2 workers of 2 for evacuation
[681.814s][info][gc,phases      ] GC(1614)   Pre Evacuate Collection Set: 0.51ms
[681.814s][info][gc,phases      ] GC(1614)   Merge Heap Roots: 1.21ms
[681.814s][info][gc,phases      ] GC(1614)   Evacuate Collection Set: 99.91ms
[681.814s][info][gc,phases      ] GC(1614)   Post Evacuate Collection Set: 0.75ms
[681.814s][info][gc,phases      ] GC(1614)   Other: 0.09ms
[681.814s][info][gc,heap        ] GC(1614) Eden regions: 375->0(313)
[681.814s][info][gc,heap        ] GC(1614) Survivor regions: 37->52(52)
[681.814s][info][gc,heap        ] GC(1614) Old regions: 474->503
[681.814s][info][gc,heap        ] GC(1614) Humongous regions: 8->8
[681.814s][info][gc,metaspace   ] GC(1614) Metaspace: 19121K(19328K)->19121K(19328K) NonClass: 16454K(16576K)->16454K(16576K) Class: 2667K(2752K)->2667K(2752K)
[681.814s][info][gc             ] GC(1614) Pause Young (Prepare Mixed) (G1 Evacuation Pause) 893M->562M(978M) 102.711ms
[681.814s][info][gc,cpu         ] GC(1614) User=0.20s Sys=0.00s Real=0.11s
[682.257s][info][gc,start       ] GC(1615) Pause Young (Mixed) (G1 Evacuation Pause)
[682.257s][info][gc,task        ] GC(1615) Using 2 workers of 2 for evacuation
[682.357s][info][gc,phases      ] GC(1615)   Pre Evacuate Collection Set: 0.31ms
[682.357s][info][gc,phases      ] GC(1615)   Merge Heap Roots: 0.66ms
[682.357s][info][gc,phases      ] GC(1615)   Evacuate Collection Set: 97.56ms
[682.357s][info][gc,phases      ] GC(1615)   Post Evacuate Collection Set: 0.61ms
[682.357s][info][gc,phases      ] GC(1615)   Other: 0.09ms
[682.357s][info][gc,heap        ] GC(1615) Eden regions: 313->0(320)
[682.357s][info][gc,heap        ] GC(1615) Survivor regions: 52->19(46)
[682.357s][info][gc,heap        ] GC(1615) Old regions: 503->548
[682.357s][info][gc,heap        ] GC(1615) Humongous regions: 8->8
[682.357s][info][gc,metaspace   ] GC(1615) Metaspace: 19123K(19328K)->19123K(19328K) NonClass: 16456K(16576K)->16456K(16576K) Class: 2667K(2752K)->2667K(2752K)
[682.357s][info][gc             ] GC(1615) Pause Young (Mixed) (G1 Evacuation Pause) 875M->574M(978M) 99.506ms
[682.357s][info][gc,cpu         ] GC(1615) User=0.20s Sys=0.00s Real=0.10s
[682.700s][info][gc,start       ] GC(1616) Pause Young (Concurrent Start) (G1 Evacuation Pause)
[682.700s][info][gc,task        ] GC(1616) Using 2 workers of 2 for evacuation
[682.729s][info][gc,phases      ] GC(1616)   Pre Evacuate Collection Set: 0.36ms
[682.729s][info][gc,phases      ] GC(1616)   Merge Heap Roots: 0.23ms
[682.729s][info][gc,phases      ] GC(1616)   Evacuate Collection Set: 26.84ms
[682.729s][info][gc,phases      ] GC(1616)   Post Evacuate Collection Set: 0.55ms
[682.729s][info][gc,phases      ] GC(1616)   Other: 0.20ms
[682.729s][info][gc,heap        ] GC(1616) Eden regions: 320->0(322)
[682.729s][info][gc,heap        ] GC(1616) Survivor regions: 19->25(43)
[682.729s][info][gc,heap        ] GC(1616) Old regions: 548->548
[682.729s][info][gc,heap        ] GC(1616) Humongous regions: 8->8
[682.729s][info][gc,metaspace   ] GC(1616) Metaspace: 19123K(19328K)->19123K(19328K) NonClass: 16456K(16576K)->16456K(16576K) Class: 2667K(2752K)->2667K(2752K)
[682.729s][info][gc             ] GC(1616) Pause Young (Concurrent Start) (G1 Evacuation Pause) 894M->580M(978M) 28.374ms
[682.729s][info][gc,cpu         ] GC(1616) User=0.05s Sys=0.00s Real=0.03s
[682.729s][info][gc             ] GC(1617) Concurrent Mark Cycle
[682.729s][info][gc,marking     ] GC(1617) Concurrent Scan Root Regions
[682.777s][info][gc,marking     ] GC(1617) Concurrent Scan Root Regions 47.772ms
[682.777s][info][gc,marking     ] GC(1617) Concurrent Mark
[682.777s][info][gc,marking     ] GC(1617) Concurrent Mark From Roots
[682.777s][info][gc,task        ] GC(1617) Using 1 workers of 1 for marking
[683.798s][info][gc,start       ] GC(1618) Pause Young (Normal) (G1 Evacuation Pause)
[683.798s][info][gc,task        ] GC(1618) Using 2 workers of 2 for evacuation
[683.828s][info][gc,phases      ] GC(1618)   Pre Evacuate Collection Set: 0.30ms
[683.828s][info][gc,phases      ] GC(1618)   Merge Heap Roots: 0.28ms
[683.828s][info][gc,phases      ] GC(1618)   Evacuate Collection Set: 29.08ms
[683.828s][info][gc,phases      ] GC(1618)   Post Evacuate Collection Set: 0.52ms
[683.828s][info][gc,phases      ] GC(1618)   Other: 0.11ms
[683.828s][info][gc,heap        ] GC(1618) Eden regions: 322->0(337)
[683.828s][info][gc,heap        ] GC(1618) Survivor regions: 25->8(44)
[683.828s][info][gc,heap        ] GC(1618) Old regions: 548->567
[683.828s][info][gc,heap        ] GC(1618) Humongous regions: 8->8
[683.828s][info][gc,metaspace   ] GC(1618) Metaspace: 19123K(19328K)->19123K(19328K) NonClass: 16456K(16576K)->16456K(16576K) Class: 2667K(2752K)->2667K(2752K)
[683.828s][info][gc             ] GC(1618) Pause Young (Normal) (G1 Evacuation Pause) 902M->582M(978M) 30.543ms
[683.828s][info][gc,cpu         ] GC(1618) User=0.06s Sys=0.00s Real=0.03s
[684.527s][info][gc,marking     ] GC(1617) Concurrent Mark From Roots 1750.778ms
[684.527s][info][gc,marking     ] GC(1617) Concurrent Preclean
[684.527s][info][gc,marking     ] GC(1617) Concurrent Preclean 0.042ms
[684.528s][info][gc,start       ] GC(1617) Pause Remark
[684.536s][info][gc             ] GC(1617) Pause Remark 708M->707M(978M) 7.889ms
[684.536s][info][gc,cpu         ] GC(1617) User=0.01s Sys=0.00s Real=0.01s
[684.536s][info][gc,marking     ] GC(1617) Concurrent Mark 1759.001ms
[684.536s][info][gc,marking     ] GC(1617) Concurrent Rebuild Remembered Sets and Scrub Regions
[685.021s][info][gc,marking     ] GC(1617) Concurrent Rebuild Remembered Sets and Scrub Regions 485.163ms
[685.021s][info][gc,start       ] GC(1617) Pause Cleanup
[685.021s][info][gc             ] GC(1617) Pause Cleanup 745M->745M(978M) 0.090ms
[685.021s][info][gc,cpu         ] GC(1617) User=0.01s Sys=0.00s Real=0.00s
[685.021s][info][gc,marking     ] GC(1617) Concurrent Clear Claimed Marks
[685.021s][info][gc,marking     ] GC(1617) Concurrent Clear Claimed Marks 0.031ms
[685.021s][info][gc,marking     ] GC(1617) Concurrent Cleanup for Next Mark
[685.024s][info][gc,marking     ] GC(1617) Concurrent Cleanup for Next Mark 2.827ms
[685.024s][info][gc             ] GC(1617) Concurrent Mark Cycle 2295.249ms
[685.419s][info][gc,start       ] GC(1619) Pause Young (Prepare Mixed) (G1 Evacuation Pause)
[685.419s][info][gc,task        ] GC(1619) Using 2 workers of 2 for evacuation
[685.454s][info][gc,phases      ] GC(1619)   Pre Evacuate Collection Set: 0.53ms
[685.454s][info][gc,phases      ] GC(1619)   Merge Heap Roots: 0.35ms
[685.454s][info][gc,phases      ] GC(1619)   Evacuate Collection Set: 33.85ms
[685.454s][info][gc,phases      ] GC(1619)   Post Evacuate Collection Set: 0.58ms
[685.454s][info][gc,phases      ] GC(1619)   Other: 0.10ms
[685.454s][info][gc,heap        ] GC(1619) Eden regions: 337->0(294)
[685.454s][info][gc,heap        ] GC(1619) Survivor regions: 8->30(44)
[685.454s][info][gc,heap        ] GC(1619) Old regions: 567->567
[685.454s][info][gc,heap        ] GC(1619) Humongous regions: 7->7
[685.454s][info][gc,metaspace   ] GC(1619) Metaspace: 19123K(19328K)->19123K(19328K) NonClass: 16456K(16576K)->16456K(16576K) Class: 2667K(2752K)->2667K(2752K)
[685.454s][info][gc             ] GC(1619) Pause Young (Prepare Mixed) (G1 Evacuation Pause) 918M->603M(978M) 35.633ms
[685.454s][info][gc,cpu         ] GC(1619) User=0.07s Sys=0.00s Real=0.04s
[685.913s][info][gc,start       ] GC(1620) Pause Young (Mixed) (G1 Evacuation Pause)
[685.913s][info][gc,task        ] GC(1620) Using 2 workers of 2 for evacuation
[685.966s][info][gc,phases      ] GC(1620)   Pre Evacuate Collection Set: 0.36ms
[685.966s][info][gc,phases      ] GC(1620)   Merge Heap Roots: 0.52ms
[685.966s][info][gc,phases      ] GC(1620)   Evacuate Collection Set: 51.45ms
[685.966s][info][gc,phases      ] GC(1620)   Post Evacuate Collection Set: 0.53ms
[685.966s][info][gc,phases      ] GC(1620)   Other: 0.09ms
[685.966s][info][gc,heap        ] GC(1620) Eden regions: 294->0(327)
[685.966s][info][gc,heap        ] GC(1620) Survivor regions: 30->1(41)
[685.966s][info][gc,heap        ] GC(1620) Old regions: 567->590
[685.966s][info][gc,heap        ] GC(1620) Humongous regions: 7->7
[685.966s][info][gc,metaspace   ] GC(1620) Metaspace: 19123K(19328K)->19123K(19328K) NonClass: 16456K(16576K)->16456K(16576K) Class: 2667K(2752K)->2667K(2752K)
[685.966s][info][gc             ] GC(1620) Pause Young (Mixed) (G1 Evacuation Pause) 897M->597M(978M) 53.271ms
[685.966s][info][gc,cpu         ] GC(1620) User=0.11s Sys=0.00s Real=0.06s
[687.266s][info][gc,start       ] GC(1621) Pause Young (Concurrent Start) (G1 Evacuation Pause)
[687.266s][info][gc,task        ] GC(1621) Using 2 workers of 2 for evacuation
[687.271s][info][gc,phases      ] GC(1621)   Pre Evacuate Collection Set: 0.32ms
[687.271s][info][gc,phases      ] GC(1621)   Merge Heap Roots: 0.16ms
[687.271s][info][gc,phases      ] GC(1621)   Evacuate Collection Set: 3.86ms
[687.271s][info][gc,phases      ] GC(1621)   Post Evacuate Collection Set: 0.53ms
[687.271s][info][gc,phases      ] GC(1621)   Other: 0.11ms
[687.271s][info][gc,heap        ] GC(1621) Eden regions: 327->0(325)
[687.271s][info][gc,heap        ] GC(1621) Survivor regions: 1->3(41)
[687.271s][info][gc,heap        ] GC(1621) Old regions: 590->590
[687.271s][info][gc,heap        ] GC(1621) Humongous regions: 7->7
[687.271s][info][gc,metaspace   ] GC(1621) Metaspace: 19154K(19328K)->19154K(19328K) NonClass: 16487K(16576K)->16487K(16576K) Class: 2667K(2752K)->2667K(2752K)
[687.271s][info][gc             ] GC(1621) Pause Young (Concurrent Start) (G1 Evacuation Pause) 924M->599M(978M) 5.195ms
[687.271s][info][gc,cpu         ] GC(1621) User=0.01s Sys=0.00s Real=0.00s
[687.271s][info][gc             ] GC(1622) Concurrent Mark Cycle
[687.271s][info][gc,marking     ] GC(1622) Concurrent Scan Root Regions
[687.274s][info][gc,marking     ] GC(1622) Concurrent Scan Root Regions 3.259ms
[687.274s][info][gc,marking     ] GC(1622) Concurrent Mark
[687.274s][info][gc,marking     ] GC(1622) Concurrent Mark From Roots
[687.275s][info][gc,task        ] GC(1622) Using 1 workers of 1 for marking
[687.974s][info][gc,start       ] GC(1623) Pause Young (Normal) (G1 Evacuation Pause)
[687.974s][info][gc,task        ] GC(1623) Using 2 workers of 2 for evacuation
[688.043s][info][gc,phases      ] GC(1623)   Pre Evacuate Collection Set: 0.51ms
[688.043s][info][gc,phases      ] GC(1623)   Merge Heap Roots: 0.13ms
[688.043s][info][gc,phases      ] GC(1623)   Evacuate Collection Set: 67.39ms
[688.043s][info][gc,phases      ] GC(1623)   Post Evacuate Collection Set: 1.20ms
[688.043s][info][gc,phases      ] GC(1623)   Other: 0.08ms
[688.043s][info][gc,heap        ] GC(1623) Eden regions: 325->0(235)
[688.043s][info][gc,heap        ] GC(1623) Survivor regions: 3->41(41)
[688.043s][info][gc,heap        ] GC(1623) Old regions: 590->604
[688.043s][info][gc,heap        ] GC(1623) Humongous regions: 7->7
[688.043s][info][gc,metaspace   ] GC(1623) Metaspace: 19190K(19392K)->19190K(19392K) NonClass: 16523K(16640K)->16523K(16640K) Class: 2667K(2752K)->2667K(2752K)
[688.043s][info][gc             ] GC(1623) Pause Young (Normal) (G1 Evacuation Pause) (Evacuation Failure: Allocation) 924M->651M(978M) 69.542ms
[688.043s][info][gc,cpu         ] GC(1623) User=0.13s Sys=0.00s Real=0.07s
[688.408s][info][gc,start       ] GC(1624) Pause Young (Normal) (G1 Evacuation Pause)
[688.408s][info][gc,task        ] GC(1624) Using 2 workers of 2 for evacuation
[688.531s][info][gc,phases      ] GC(1624)   Pre Evacuate Collection Set: 0.59ms
[688.531s][info][gc,phases      ] GC(1624)   Merge Heap Roots: 0.45ms
[688.532s][info][gc,phases      ] GC(1624)   Evacuate Collection Set: 112.45ms
[688.532s][info][gc,phases      ] GC(1624)   Post Evacuate Collection Set: 10.30ms
[688.532s][info][gc,phases      ] GC(1624)   Other: 0.08ms
[688.532s][info][gc,heap        ] GC(1624) Eden regions: 235->0(75)
[688.532s][info][gc,heap        ] GC(1624) Survivor regions: 41->35(35)
[688.532s][info][gc,heap        ] GC(1624) Old regions: 604->776
[688.532s][info][gc,heap        ] GC(1624) Humongous regions: 7->7
[688.532s][info][gc,metaspace   ] GC(1624) Metaspace: 19190K(19392K)->19190K(19392K) NonClass: 16523K(16640K)->16523K(16640K) Class: 2667K(2752K)->2667K(2752K)
[688.532s][info][gc             ] GC(1624) Pause Young (Normal) (G1 Evacuation Pause) (Evacuation Failure: Allocation) 886M->817M(978M) 124.103ms
[688.532s][info][gc,cpu         ] GC(1624) User=0.24s Sys=0.00s Real=0.12s
[688.681s][info][gc,start       ] GC(1625) Pause Young (Normal) (G1 Evacuation Pause)
[688.681s][info][gc,task        ] GC(1625) Using 2 workers of 2 for evacuation
[688.771s][info][gc,phases      ] GC(1625)   Pre Evacuate Collection Set: 0.61ms
[688.772s][info][gc,phases      ] GC(1625)   Merge Heap Roots: 0.75ms
[688.772s][info][gc,phases      ] GC(1625)   Evacuate Collection Set: 84.86ms
[688.772s][info][gc,phases      ] GC(1625)   Post Evacuate Collection Set: 4.48ms
[688.772s][info][gc,phases      ] GC(1625)   Other: 0.10ms
[688.772s][info][gc,heap        ] GC(1625) Eden regions: 75->0(101)
[688.772s][info][gc,heap        ] GC(1625) Survivor regions: 35->14(14)
[688.772s][info][gc,heap        ] GC(1625) Old regions: 776->789
[688.772s][info][gc,heap        ] GC(1625) Humongous regions: 7->7
[688.772s][info][gc,metaspace   ] GC(1625) Metaspace: 19190K(19392K)->19190K(19392K) NonClass: 16523K(16640K)->16523K(16640K) Class: 2667K(2752K)->2667K(2752K)
[688.772s][info][gc             ] GC(1625) Pause Young (Normal) (G1 Evacuation Pause) (Evacuation Failure: Allocation) 892M->809M(978M) 91.027ms
[688.772s][info][gc,cpu         ] GC(1625) User=0.17s Sys=0.00s Real=0.09s
[688.821s][info][gc,marking     ] GC(1622) Concurrent Mark From Roots 1546.448ms
[688.821s][info][gc,marking     ] GC(1622) Concurrent Preclean
[688.821s][info][gc,marking     ] GC(1622) Concurrent Preclean 0.036ms
[688.821s][info][gc,start       ] GC(1622) Pause Remark
[688.833s][info][metaspace      ] ChkMgr @0x00007f6b2c162700 (non-class-space): : reclaiming memory...
[688.833s][info][metaspace      ] ChkMgr @0x00007f6b2c162700 (non-class-space): nothing reclaimed.
[688.833s][info][metaspace      ] ChkMgr @0x00007f6b2c160810 (class-space): : reclaiming memory...
[688.833s][info][metaspace      ] ChkMgr @0x00007f6b2c160810 (class-space): nothing reclaimed.
[688.833s][info][gc             ] GC(1622) Pause Remark 823M->734M(978M) 12.001ms
[688.833s][info][gc,cpu         ] GC(1622) User=0.02s Sys=0.00s Real=0.02s
[688.837s][info][gc,marking     ] GC(1622) Concurrent Mark 1562.439ms
[688.837s][info][gc,marking     ] GC(1622) Concurrent Rebuild Remembered Sets and Scrub Regions
[688.976s][info][gc,start       ] GC(1626) Pause Young (Normal) (G1 Evacuation Pause)
[688.976s][info][gc,task        ] GC(1626) Using 2 workers of 2 for evacuation
[689.013s][info][gc,phases      ] GC(1626)   Pre Evacuate Collection Set: 0.54ms
[689.013s][info][gc,phases      ] GC(1626)   Merge Heap Roots: 0.40ms
[689.013s][info][gc,phases      ] GC(1626)   Evacuate Collection Set: 35.90ms
[689.013s][info][gc,phases      ] GC(1626)   Post Evacuate Collection Set: 0.41ms
[689.013s][info][gc,phases      ] GC(1626)   Other: 0.08ms
[689.013s][info][gc,heap        ] GC(1626) Eden regions: 101->0(203)
[689.013s][info][gc,heap        ] GC(1626) Survivor regions: 14->9(15)
[689.013s][info][gc,heap        ] GC(1626) Old regions: 702->666
[689.013s][info][gc,heap        ] GC(1626) Humongous regions: 6->6
[689.013s][info][gc,metaspace   ] GC(1626) Metaspace: 19181K(19392K)->19181K(19392K) NonClass: 16514K(16640K)->16514K(16640K) Class: 2667K(2752K)->2667K(2752K)
[689.013s][info][gc             ] GC(1626) Pause Young (Normal) (G1 Evacuation Pause) 822M->680M(978M) 37.578ms
[689.013s][info][gc,cpu         ] GC(1626) User=0.08s Sys=0.00s Real=0.04s
[689.441s][info][gc,marking     ] GC(1622) Concurrent Rebuild Remembered Sets and Scrub Regions 604.523ms
[689.443s][info][gc,start       ] GC(1622) Pause Cleanup
[689.443s][info][gc             ] GC(1622) Pause Cleanup 873M->873M(978M) 0.131ms
[689.443s][info][gc,cpu         ] GC(1622) User=0.00s Sys=0.00s Real=0.00s
[689.443s][info][gc,marking     ] GC(1622) Concurrent Clear Claimed Marks
[689.443s][info][gc,marking     ] GC(1622) Concurrent Clear Claimed Marks 0.035ms
[689.443s][info][gc,marking     ] GC(1622) Concurrent Cleanup for Next Mark
[689.450s][info][gc,marking     ] GC(1622) Concurrent Cleanup for Next Mark 6.933ms
[689.450s][info][gc             ] GC(1622) Concurrent Mark Cycle 2178.540ms
[689.464s][info][gc,start       ] GC(1627) Pause Young (Prepare Mixed) (G1 Evacuation Pause)
[689.465s][info][gc,task        ] GC(1627) Using 2 workers of 2 for evacuation
[689.540s][info][gc,phases      ] GC(1627)   Pre Evacuate Collection Set: 0.46ms
[689.540s][info][gc,phases      ] GC(1627)   Merge Heap Roots: 1.45ms
[689.540s][info][gc,phases      ] GC(1627)   Evacuate Collection Set: 72.78ms
[689.540s][info][gc,phases      ] GC(1627)   Post Evacuate Collection Set: 0.73ms
[689.540s][info][gc,phases      ] GC(1627)   Other: 0.10ms
[689.540s][info][gc,heap        ] GC(1627) Eden regions: 203->0(177)
[689.540s][info][gc,heap        ] GC(1627) Survivor regions: 9->27(27)
[689.540s][info][gc,heap        ] GC(1627) Old regions: 666->677
[689.540s][info][gc,heap        ] GC(1627) Humongous regions: 9->9
[689.540s][info][gc,metaspace   ] GC(1627) Metaspace: 19189K(19392K)->19189K(19392K) NonClass: 16522K(16640K)->16522K(16640K) Class: 2667K(2752K)->2667K(2752K)
[689.540s][info][gc             ] GC(1627) Pause Young (Prepare Mixed) (G1 Evacuation Pause) 886M->712M(978M) 75.718ms
[689.540s][info][gc,cpu         ] GC(1627) User=0.15s Sys=0.00s Real=0.07s
[689.722s][info][gc,start       ] GC(1628) Pause Young (Mixed) (G1 Evacuation Pause)
[689.722s][info][gc,task        ] GC(1628) Using 2 workers of 2 for evacuation
[689.788s][info][gc,phases      ] GC(1628)   Pre Evacuate Collection Set: 0.55ms
[689.788s][info][gc,phases      ] GC(1628)   Merge Heap Roots: 0.61ms
[689.788s][info][gc,phases      ] GC(1628)   Evacuate Collection Set: 64.33ms
[689.788s][info][gc,phases      ] GC(1628)   Post Evacuate Collection Set: 0.46ms
[689.788s][info][gc,phases      ] GC(1628)   Other: 0.11ms
[689.788s][info][gc,heap        ] GC(1628) Eden regions: 177->0(186)
[689.788s][info][gc,heap        ] GC(1628) Survivor regions: 27->16(26)
[689.788s][info][gc,heap        ] GC(1628) Old regions: 677->683
[689.788s][info][gc,heap        ] GC(1628) Humongous regions: 9->9
[689.788s][info][gc,metaspace   ] GC(1628) Metaspace: 19189K(19392K)->19189K(19392K) NonClass: 16522K(16640K)->16522K(16640K) Class: 2667K(2752K)->2667K(2752K)
[689.788s][info][gc             ] GC(1628) Pause Young (Mixed) (G1 Evacuation Pause) 889M->707M(978M) 66.342ms
[689.788s][info][gc,cpu         ] GC(1628) User=0.13s Sys=0.00s Real=0.07s
[689.902s][info][gc,start       ] GC(1629) Pause Young (Concurrent Start) (G1 Evacuation Pause)
[689.902s][info][gc,task        ] GC(1629) Using 2 workers of 2 for evacuation
[689.965s][info][gc,phases      ] GC(1629)   Pre Evacuate Collection Set: 0.30ms
[689.965s][info][gc,phases      ] GC(1629)   Merge Heap Roots: 0.18ms
[689.965s][info][gc,phases      ] GC(1629)   Evacuate Collection Set: 61.37ms
[689.965s][info][gc,phases      ] GC(1629)   Post Evacuate Collection Set: 0.59ms
[689.965s][info][gc,phases      ] GC(1629)   Other: 0.10ms
[689.965s][info][gc,heap        ] GC(1629) Eden regions: 186->0(146)
[689.965s][info][gc,heap        ] GC(1629) Survivor regions: 16->26(26)
[689.965s][info][gc,heap        ] GC(1629) Old regions: 683->721
[689.965s][info][gc,heap        ] GC(1629) Humongous regions: 9->9
[689.965s][info][gc,metaspace   ] GC(1629) Metaspace: 19189K(19392K)->19189K(19392K) NonClass: 16522K(16640K)->16522K(16640K) Class: 2667K(2752K)->2667K(2752K)
[689.965s][info][gc             ] GC(1629) Pause Young (Concurrent Start) (G1 Evacuation Pause) 893M->755M(978M) 62.744ms
[689.965s][info][gc,cpu         ] GC(1629) User=0.12s Sys=0.00s Real=0.07s
[689.967s][info][gc             ] GC(1630) Concurrent Mark Cycle
[689.967s][info][gc,marking     ] GC(1630) Concurrent Scan Root Regions
[690.050s][info][gc,marking     ] GC(1630) Concurrent Scan Root Regions 83.523ms
[690.051s][info][gc,marking     ] GC(1630) Concurrent Mark
[690.051s][info][gc,marking     ] GC(1630) Concurrent Mark From Roots
[690.051s][info][gc,task        ] GC(1630) Using 1 workers of 1 for marking
[690.188s][info][gc,start       ] GC(1631) Pause Young (Normal) (G1 Evacuation Pause)
[690.189s][info][gc,task        ] GC(1631) Using 2 workers of 2 for evacuation
[690.243s][info][gc,phases      ] GC(1631)   Pre Evacuate Collection Set: 0.52ms
[690.243s][info][gc,phases      ] GC(1631)   Merge Heap Roots: 0.35ms
[690.243s][info][gc,phases      ] GC(1631)   Evacuate Collection Set: 52.81ms
[690.243s][info][gc,phases      ] GC(1631)   Post Evacuate Collection Set: 0.47ms
[690.243s][info][gc,phases      ] GC(1631)   Other: 0.08ms
[690.243s][info][gc,heap        ] GC(1631) Eden regions: 146->0(135)
[690.243s][info][gc,heap        ] GC(1631) Survivor regions: 26->18(22)
[690.243s][info][gc,heap        ] GC(1631) Old regions: 721->747
[690.243s][info][gc,heap        ] GC(1631) Humongous regions: 10->10
[690.243s][info][gc,metaspace   ] GC(1631) Metaspace: 19189K(19392K)->19189K(19392K) NonClass: 16522K(16640K)->16522K(16640K) Class: 2667K(2752K)->2667K(2752K)
[690.243s][info][gc             ] GC(1631) Pause Young (Normal) (G1 Evacuation Pause) 902M->774M(978M) 54.447ms
[690.243s][info][gc,cpu         ] GC(1631) User=0.11s Sys=0.00s Real=0.05s
[690.395s][info][gc,start       ] GC(1632) Pause Young (Normal) (G1 Evacuation Pause)
[690.395s][info][gc,task        ] GC(1632) Using 2 workers of 2 for evacuation
[690.428s][info][gc,phases      ] GC(1632)   Pre Evacuate Collection Set: 0.51ms
[690.428s][info][gc,phases      ] GC(1632)   Merge Heap Roots: 0.29ms
[690.428s][info][gc,phases      ] GC(1632)   Evacuate Collection Set: 32.32ms
[690.428s][info][gc,phases      ] GC(1632)   Post Evacuate Collection Set: 0.40ms
[690.428s][info][gc,phases      ] GC(1632)   Other: 0.07ms
[690.428s][info][gc,heap        ] GC(1632) Eden regions: 135->0(136)
[690.428s][info][gc,heap        ] GC(1632) Survivor regions: 18->8(20)
[690.428s][info][gc,heap        ] GC(1632) Old regions: 747->765
[690.428s][info][gc,heap        ] GC(1632) Humongous regions: 10->10
[690.428s][info][gc,metaspace   ] GC(1632) Metaspace: 19189K(19392K)->19189K(19392K) NonClass: 16522K(16640K)->16522K(16640K) Class: 2667K(2752K)->2667K(2752K)
[690.428s][info][gc             ] GC(1632) Pause Young (Normal) (G1 Evacuation Pause) 909M->781M(978M) 33.809ms
[690.428s][info][gc,cpu         ] GC(1632) User=0.06s Sys=0.00s Real=0.03s
[690.566s][info][gc,start       ] GC(1633) Pause Young (Normal) (G1 Evacuation Pause)
[690.566s][info][gc,task        ] GC(1633) Using 2 workers of 2 for evacuation
[690.578s][info][gc,phases      ] GC(1633)   Pre Evacuate Collection Set: 0.30ms
[690.578s][info][gc,phases      ] GC(1633)   Merge Heap Roots: 0.19ms
[690.578s][info][gc,phases      ] GC(1633)   Evacuate Collection Set: 11.86ms
[690.578s][info][gc,phases      ] GC(1633)   Post Evacuate Collection Set: 0.38ms
[690.578s][info][gc,phases      ] GC(1633)   Other: 0.08ms
[690.578s][info][gc,heap        ] GC(1633) Eden regions: 136->0(133)
[690.578s][info][gc,heap        ] GC(1633) Survivor regions: 8->10(18)
[690.578s][info][gc,heap        ] GC(1633) Old regions: 765->765
[690.578s][info][gc,heap        ] GC(1633) Humongous regions: 10->10
[690.578s][info][gc,metaspace   ] GC(1633) Metaspace: 19189K(19392K)->19189K(19392K) NonClass: 16522K(16640K)->16522K(16640K) Class: 2667K(2752K)->2667K(2752K)
[690.578s][info][gc             ] GC(1633) Pause Young (Normal) (G1 Evacuation Pause) 917M->783M(978M) 12.992ms
[690.579s][info][gc,cpu         ] GC(1633) User=0.02s Sys=0.00s Real=0.01s
[690.680s][info][gc,marking     ] GC(1630) Concurrent Mark From Roots 629.929ms
[690.681s][info][gc,marking     ] GC(1630) Concurrent Preclean
[690.681s][info][gc,marking     ] GC(1630) Concurrent Preclean 0.046ms
[690.681s][info][gc,start       ] GC(1630) Pause Remark
[690.693s][info][metaspace      ] ChkMgr @0x00007f6b2c162700 (non-class-space): : reclaiming memory...
[690.693s][info][metaspace      ] ChkMgr @0x00007f6b2c162700 (non-class-space): nothing reclaimed.
[690.693s][info][metaspace      ] ChkMgr @0x00007f6b2c160810 (class-space): : reclaiming memory...
[690.693s][info][metaspace      ] ChkMgr @0x00007f6b2c160810 (class-space): nothing reclaimed.
[690.693s][info][gc             ] GC(1630) Pause Remark 883M->414M(978M) 12.242ms
[690.693s][info][gc,cpu         ] GC(1630) User=0.02s Sys=0.00s Real=0.02s
[690.695s][info][gc,marking     ] GC(1630) Concurrent Mark 644.939ms
[690.696s][info][gc,marking     ] GC(1630) Concurrent Rebuild Remembered Sets and Scrub Regions
[690.723s][info][gc,start       ] GC(1634) Pause Young (Normal) (G1 Evacuation Pause)
[690.723s][info][gc,task        ] GC(1634) Using 2 workers of 2 for evacuation
[690.738s][info][gc,phases      ] GC(1634)   Pre Evacuate Collection Set: 0.45ms
[690.738s][info][gc,phases      ] GC(1634)   Merge Heap Roots: 0.13ms
[690.738s][info][gc,phases      ] GC(1634)   Evacuate Collection Set: 13.47ms
[690.738s][info][gc,phases      ] GC(1634)   Post Evacuate Collection Set: 0.35ms
[690.738s][info][gc,phases      ] GC(1634)   Other: 0.10ms
[690.738s][info][gc,heap        ] GC(1634) Eden regions: 133->0(444)
[690.738s][info][gc,heap        ] GC(1634) Survivor regions: 10->5(18)
[690.738s][info][gc,heap        ] GC(1634) Old regions: 302->309
[690.738s][info][gc,heap        ] GC(1634) Humongous regions: 4->4
[690.738s][info][gc,metaspace   ] GC(1634) Metaspace: 19183K(19392K)->19183K(19392K) NonClass: 16516K(16640K)->16516K(16640K) Class: 2667K(2752K)->2667K(2752K)
[690.738s][info][gc             ] GC(1634) Pause Young (Normal) (G1 Evacuation Pause) 447M->317M(978M) 14.697ms
[690.738s][info][gc,cpu         ] GC(1634) User=0.03s Sys=0.00s Real=0.01s
[690.931s][info][gc,marking     ] GC(1630) Concurrent Rebuild Remembered Sets and Scrub Regions 235.422ms
[690.931s][info][gc,start       ] GC(1630) Pause Cleanup
[690.931s][info][gc             ] GC(1630) Pause Cleanup 400M->400M(978M) 0.113ms
[690.931s][info][gc,cpu         ] GC(1630) User=0.00s Sys=0.00s Real=0.00s
[690.932s][info][gc,marking     ] GC(1630) Concurrent Clear Claimed Marks
[690.932s][info][gc,marking     ] GC(1630) Concurrent Clear Claimed Marks 0.056ms
[690.932s][info][gc,marking     ] GC(1630) Concurrent Cleanup for Next Mark
[690.939s][info][gc,marking     ] GC(1630) Concurrent Cleanup for Next Mark 6.470ms
[690.939s][info][gc             ] GC(1630) Concurrent Mark Cycle 971.929ms
[691.457s][info][gc,start       ] GC(1635) Pause Young (Prepare Mixed) (G1 Evacuation Pause)
[691.457s][info][gc,task        ] GC(1635) Using 2 workers of 2 for evacuation
[691.544s][info][gc,phases      ] GC(1635)   Pre Evacuate Collection Set: 0.53ms
[691.544s][info][gc,phases      ] GC(1635)   Merge Heap Roots: 0.28ms
[691.544s][info][gc,phases      ] GC(1635)   Evacuate Collection Set: 84.80ms
[691.544s][info][gc,phases      ] GC(1635)   Post Evacuate Collection Set: 0.73ms
[691.544s][info][gc,phases      ] GC(1635)   Other: 0.11ms
[691.544s][info][gc,heap        ] GC(1635) Eden regions: 444->0(377)
[691.544s][info][gc,heap        ] GC(1635) Survivor regions: 5->57(57)
[691.544s][info][gc,heap        ] GC(1635) Old regions: 309->333
[691.544s][info][gc,heap        ] GC(1635) Humongous regions: 5->5
[691.544s][info][gc,metaspace   ] GC(1635) Metaspace: 19183K(19392K)->19183K(19392K) NonClass: 16516K(16640K)->16516K(16640K) Class: 2667K(2752K)->2667K(2752K)
[691.544s][info][gc             ] GC(1635) Pause Young (Prepare Mixed) (G1 Evacuation Pause) 762M->394M(978M) 86.754ms
[691.544s][info][gc,cpu         ] GC(1635) User=0.16s Sys=0.00s Real=0.09s
[692.008s][info][gc,start       ] GC(1636) Pause Young (Mixed) (G1 Evacuation Pause)
[692.008s][info][gc,task        ] GC(1636) Using 2 workers of 2 for evacuation
[692.076s][info][gc,phases      ] GC(1636)   Pre Evacuate Collection Set: 0.54ms
[692.076s][info][gc,phases      ] GC(1636)   Merge Heap Roots: 0.35ms
[692.077s][info][gc,phases      ] GC(1636)   Evacuate Collection Set: 66.70ms
[692.077s][info][gc,phases      ] GC(1636)   Post Evacuate Collection Set: 0.65ms
[692.077s][info][gc,phases      ] GC(1636)   Other: 0.09ms
[692.077s][info][gc,heap        ] GC(1636) Eden regions: 377->0(400)
[692.077s][info][gc,heap        ] GC(1636) Survivor regions: 57->10(55)
[692.077s][info][gc,heap        ] GC(1636) Old regions: 333->384
[692.077s][info][gc,heap        ] GC(1636) Humongous regions: 5->5
[692.077s][info][gc,metaspace   ] GC(1636) Metaspace: 19183K(19392K)->19183K(19392K) NonClass: 16516K(16640K)->16516K(16640K) Class: 2667K(2752K)->2667K(2752K)
[692.077s][info][gc             ] GC(1636) Pause Young (Mixed) (G1 Evacuation Pause) 771M->398M(978M) 68.588ms
[692.077s][info][gc,cpu         ] GC(1636) User=0.14s Sys=0.00s Real=0.07s
[692.571s][info][gc,start       ] GC(1637) Pause Young (Concurrent Start) (G1 Humongous Allocation)
[692.571s][info][gc,task        ] GC(1637) Using 2 workers of 2 for evacuation
[692.655s][info][gc,phases      ] GC(1637)   Pre Evacuate Collection Set: 0.33ms
[692.655s][info][gc,phases      ] GC(1637)   Merge Heap Roots: 0.22ms
[692.655s][info][gc,phases      ] GC(1637)   Evacuate Collection Set: 82.94ms
[692.655s][info][gc,phases      ] GC(1637)   Post Evacuate Collection Set: 0.71ms
[692.655s][info][gc,phases      ] GC(1637)   Other: 0.11ms
[692.655s][info][gc,heap        ] GC(1637) Eden regions: 328->0(331)
[692.655s][info][gc,heap        ] GC(1637) Survivor regions: 10->52(52)
[692.655s][info][gc,heap        ] GC(1637) Old regions: 384->414
[692.655s][info][gc,heap        ] GC(1637) Humongous regions: 5->5
[692.655s][info][gc,metaspace   ] GC(1637) Metaspace: 19185K(19392K)->19185K(19392K) NonClass: 16518K(16640K)->16518K(16640K) Class: 2667K(2752K)->2667K(2752K)
[692.655s][info][gc             ] GC(1637) Pause Young (Concurrent Start) (G1 Humongous Allocation) 725M->470M(978M) 84.555ms
[692.655s][info][gc             ] GC(1638) Concurrent Mark Cycle
[692.655s][info][gc,marking     ] GC(1638) Concurrent Scan Root Regions
[692.656s][info][gc,cpu         ] GC(1637) User=0.17s Sys=0.00s Real=0.09s
[692.742s][info][gc,marking     ] GC(1638) Concurrent Scan Root Regions 86.488ms
[692.742s][info][gc,marking     ] GC(1638) Concurrent Mark
[692.742s][info][gc,marking     ] GC(1638) Concurrent Mark From Roots
[692.742s][info][gc,task        ] GC(1638) Using 1 workers of 1 for marking
[693.232s][info][gc,start       ] GC(1639) Pause Young (Normal) (G1 Evacuation Pause)
[693.232s][info][gc,task        ] GC(1639) Using 2 workers of 2 for evacuation
[693.335s][info][gc,phases      ] GC(1639)   Pre Evacuate Collection Set: 0.52ms
[693.335s][info][gc,phases      ] GC(1639)   Merge Heap Roots: 0.42ms
[693.335s][info][gc,phases      ] GC(1639)   Evacuate Collection Set: 101.35ms
[693.335s][info][gc,phases      ] GC(1639)   Post Evacuate Collection Set: 0.60ms
[693.335s][info][gc,phases      ] GC(1639)   Other: 0.09ms
[693.335s][info][gc,heap        ] GC(1639) Eden regions: 331->0(287)
[693.335s][info][gc,heap        ] GC(1639) Survivor regions: 52->48(48)
[693.335s][info][gc,heap        ] GC(1639) Old regions: 414->469
[693.335s][info][gc,heap        ] GC(1639) Humongous regions: 6->6
[693.335s][info][gc,metaspace   ] GC(1639) Metaspace: 19185K(19392K)->19185K(19392K) NonClass: 16518K(16640K)->16518K(16640K) Class: 2667K(2752K)->2667K(2752K)
[693.335s][info][gc             ] GC(1639) Pause Young (Normal) (G1 Evacuation Pause) 802M->522M(978M) 103.218ms
[693.335s][info][gc,cpu         ] GC(1639) User=0.20s Sys=0.00s Real=0.11s
[693.485s][info][gc,marking     ] GC(1638) Concurrent Mark From Roots 743.294ms
[693.485s][info][gc,marking     ] GC(1638) Concurrent Preclean
[693.485s][info][gc,marking     ] GC(1638) Concurrent Preclean 0.047ms
[693.485s][info][gc,start       ] GC(1638) Pause Remark
[693.494s][info][gc             ] GC(1638) Pause Remark 603M->523M(978M) 8.387ms
[693.494s][info][gc,cpu         ] GC(1638) User=0.02s Sys=0.00s Real=0.01s
[693.495s][info][gc,marking     ] GC(1638) Concurrent Mark 753.179ms
[693.495s][info][gc,marking     ] GC(1638) Concurrent Rebuild Remembered Sets and Scrub Regions
[693.804s][info][gc,start       ] GC(1640) Pause Young (Normal) (G1 Evacuation Pause)
[693.804s][info][gc,task        ] GC(1640) Using 2 workers of 2 for evacuation
[693.934s][info][gc,phases      ] GC(1640)   Pre Evacuate Collection Set: 0.30ms
[693.935s][info][gc,phases      ] GC(1640)   Merge Heap Roots: 0.33ms
[693.935s][info][gc,phases      ] GC(1640)   Evacuate Collection Set: 129.32ms
[693.935s][info][gc,phases      ] GC(1640)   Post Evacuate Collection Set: 0.55ms
[693.935s][info][gc,phases      ] GC(1640)   Other: 0.10ms
[693.935s][info][gc,heap        ] GC(1640) Eden regions: 287->0(264)
[693.935s][info][gc,heap        ] GC(1640) Survivor regions: 48->42(42)
[693.935s][info][gc,heap        ] GC(1640) Old regions: 391->484
[693.935s][info][gc,heap        ] GC(1640) Humongous regions: 4->4
[693.935s][info][gc,metaspace   ] GC(1640) Metaspace: 19185K(19392K)->19185K(19392K) NonClass: 16518K(16640K)->16518K(16640K) Class: 2667K(2752K)->2667K(2752K)
[693.935s][info][gc             ] GC(1640) Pause Young (Normal) (G1 Evacuation Pause) 729M->529M(978M) 130.868ms
[693.935s][info][gc,cpu         ] GC(1640) User=0.26s Sys=0.00s Real=0.13s
