[0.002s][info][metaspace]  - commit_granule_bytes: 65536.
[0.002s][info][metaspace]  - commit_granule_words: 8192.
[0.002s][info][metaspace]  - virtual_space_node_default_size: 8388608.
[0.002s][info][metaspace]  - enlarge_chunks_in_place: 1.
[0.004s][info][gc,init  ] CardTable entry size: 512
[0.008s][info][gc       ] Using G1
[0.011s][info][gc,init  ] Version: 24-internal-adhoc.root.jdk (release)
[0.011s][info][gc,init  ] CPUs: 2 total, 2 available
[0.011s][info][gc,init  ] Memory: 3908M
[0.011s][info][gc,init  ] Large Page Support: Disabled
[0.011s][info][gc,init  ] NUMA Support: Disabled
[0.011s][info][gc,init  ] Compressed Oops: Enabled (32-bit)
[0.011s][info][gc,init  ] Heap Region Size: 1M
[0.011s][info][gc,init  ] Heap Min Capacity: 256M
[0.011s][info][gc,init  ] Heap Initial Capacity: 256M
[0.011s][info][gc,init  ] Heap Max Capacity: 978M
[0.011s][info][gc,init  ] Pre-touch: Disabled
[0.011s][info][gc,init  ] Parallel Workers: 2
[0.012s][info][gc,init  ] Concurrent Workers: 1
[0.012s][info][gc,init  ] Concurrent Refinement Workers: 2
[0.012s][info][gc,init  ] Periodic GC: Disabled
[0.025s][info][gc,metaspace] CDS archive(s) mapped at: [0x00007feea6000000-0x00007feea6e7b000-0x00007feea6e7b000), size 15183872, SharedBaseAddress: 0x00007feea6000000, ArchiveRelocationMode: 1.
[0.025s][info][gc,metaspace] Compressed class space mapped at: 0x00007feea7000000-0x00007feee7000000, reserved size: 1073741824
[0.025s][info][gc,metaspace] UseCompressedClassPointers 1, UseCompactObjectHeaders 1
[0.025s][info][gc,metaspace] Narrow klass pointer bits 22, Max shift 10
[0.025s][info][gc,metaspace] Narrow klass base: 0x00007feea6000000, Narrow klass shift: 10
[0.025s][info][gc,metaspace] Encoding Range: [0x00007feea6000000 - 0x00007fefa6000000), (4294967296 bytes)
[0.025s][info][gc,metaspace] Klass Range:    [0x00007feea6000000 - 0x00007feee7000000), (1090519040 bytes)
[0.025s][info][gc,metaspace] Klass ID Range:  [1 - 1064960) (1064959)
[0.283s][info][gc,start    ] GC(0) Pause Young (Normal) (G1 Evacuation Pause)
[0.283s][info][gc,task     ] GC(0) Using 2 workers of 2 for evacuation
[0.287s][info][gc,phases   ] GC(0)   Pre Evacuate Collection Set: 0.17ms
[0.287s][info][gc,phases   ] GC(0)   Merge Heap Roots: 0.07ms
[0.287s][info][gc,phases   ] GC(0)   Evacuate Collection Set: 2.84ms
[0.287s][info][gc,phases   ] GC(0)   Post Evacuate Collection Set: 0.24ms
[0.287s][info][gc,phases   ] GC(0)   Other: 0.20ms
[0.287s][info][gc,heap     ] GC(0) Eden regions: 12->0(10)
[0.287s][info][gc,heap     ] GC(0) Survivor regions: 0->2(2)
[0.287s][info][gc,heap     ] GC(0) Old regions: 2->2
[0.287s][info][gc,heap     ] GC(0) Humongous regions: 0->0
[0.287s][info][gc,metaspace] GC(0) Metaspace: 2345K(2496K)->2345K(2496K) NonClass: 2017K(2112K)->2017K(2112K) Class: 327K(384K)->327K(384K)
[0.287s][info][gc          ] GC(0) Pause Young (Normal) (G1 Evacuation Pause) 13M->2M(258M) 3.741ms
[0.287s][info][gc,cpu      ] GC(0) User=0.01s Sys=0.01s Real=0.00s
[0.312s][info][gc,start    ] GC(1) Pause Young (Normal) (G1 Evacuation Pause)
[0.312s][info][gc,task     ] GC(1) Using 2 workers of 2 for evacuation
[0.315s][info][gc,phases   ] GC(1)   Pre Evacuate Collection Set: 0.14ms
[0.315s][info][gc,phases   ] GC(1)   Merge Heap Roots: 0.04ms
[0.315s][info][gc,phases   ] GC(1)   Evacuate Collection Set: 2.14ms
[0.315s][info][gc,phases   ] GC(1)   Post Evacuate Collection Set: 0.19ms
[0.315s][info][gc,phases   ] GC(1)   Other: 0.06ms
[0.315s][info][gc,heap     ] GC(1) Eden regions: 10->0(20)
[0.315s][info][gc,heap     ] GC(1) Survivor regions: 2->1(2)
[0.315s][info][gc,heap     ] GC(1) Old regions: 2->4
[0.315s][info][gc,heap     ] GC(1) Humongous regions: 0->0
[0.315s][info][gc,metaspace] GC(1) Metaspace: 2412K(2560K)->2412K(2560K) NonClass: 2083K(2176K)->2083K(2176K) Class: 329K(384K)->329K(384K)
[0.315s][info][gc          ] GC(1) Pause Young (Normal) (G1 Evacuation Pause) 12M->2M(258M) 2.743ms
[0.315s][info][gc,cpu      ] GC(1) User=0.00s Sys=0.00s Real=0.00s
[0.359s][info][gc,start    ] GC(2) Pause Young (Normal) (G1 Evacuation Pause)
[0.359s][info][gc,task     ] GC(2) Using 2 workers of 2 for evacuation
[0.360s][info][gc,phases   ] GC(2)   Pre Evacuate Collection Set: 0.17ms
[0.360s][info][gc,phases   ] GC(2)   Merge Heap Roots: 0.04ms
[0.360s][info][gc,phases   ] GC(2)   Evacuate Collection Set: 0.26ms
[0.360s][info][gc,phases   ] GC(2)   Post Evacuate Collection Set: 0.17ms
[0.360s][info][gc,phases   ] GC(2)   Other: 0.08ms
[0.360s][info][gc,heap     ] GC(2) Eden regions: 20->0(25)
[0.360s][info][gc,heap     ] GC(2) Survivor regions: 1->1(3)
[0.360s][info][gc,heap     ] GC(2) Old regions: 4->4
[0.360s][info][gc,heap     ] GC(2) Humongous regions: 0->0
[0.360s][info][gc,metaspace] GC(2) Metaspace: 2572K(2688K)->2572K(2688K) NonClass: 2243K(2304K)->2243K(2304K) Class: 329K(384K)->329K(384K)
[0.360s][info][gc          ] GC(2) Pause Young (Normal) (G1 Evacuation Pause) 22M->2M(258M) 0.881ms
[0.360s][info][gc,cpu      ] GC(2) User=0.00s Sys=0.00s Real=0.00s
[0.746s][info][gc,start    ] GC(3) Pause Young (Normal) (G1 Evacuation Pause)
[0.746s][info][gc,task     ] GC(3) Using 2 workers of 2 for evacuation
[0.750s][info][gc,phases   ] GC(3)   Pre Evacuate Collection Set: 0.24ms
[0.750s][info][gc,phases   ] GC(3)   Merge Heap Roots: 0.07ms
[0.750s][info][gc,phases   ] GC(3)   Evacuate Collection Set: 3.33ms
[0.750s][info][gc,phases   ] GC(3)   Post Evacuate Collection Set: 0.26ms
[0.750s][info][gc,phases   ] GC(3)   Other: 0.08ms
[0.750s][info][gc,heap     ] GC(3) Eden regions: 25->0(33)
[0.750s][info][gc,heap     ] GC(3) Survivor regions: 1->2(4)
[0.750s][info][gc,heap     ] GC(3) Old regions: 4->4
[0.750s][info][gc,heap     ] GC(3) Humongous regions: 0->0
[0.750s][info][gc,metaspace] GC(3) Metaspace: 6400K(6592K)->6400K(6592K) NonClass: 5515K(5632K)->5515K(5632K) Class: 884K(960K)->884K(960K)
[0.751s][info][gc          ] GC(3) Pause Young (Normal) (G1 Evacuation Pause) 27M->4M(258M) 4.146ms
[0.751s][info][gc,cpu      ] GC(3) User=0.00s Sys=0.01s Real=0.01s
[0.955s][info][gc,start    ] GC(4) Pause Young (Normal) (G1 Evacuation Pause)
[0.955s][info][gc,task     ] GC(4) Using 2 workers of 2 for evacuation
[0.958s][info][gc,phases   ] GC(4)   Pre Evacuate Collection Set: 0.19ms
[0.958s][info][gc,phases   ] GC(4)   Merge Heap Roots: 0.04ms
[0.958s][info][gc,phases   ] GC(4)   Evacuate Collection Set: 2.84ms
[0.958s][info][gc,phases   ] GC(4)   Post Evacuate Collection Set: 0.27ms
[0.958s][info][gc,phases   ] GC(4)   Other: 0.08ms
[0.958s][info][gc,heap     ] GC(4) Eden regions: 33->0(44)
[0.958s][info][gc,heap     ] GC(4) Survivor regions: 2->2(5)
[0.958s][info][gc,heap     ] GC(4) Old regions: 4->4
[0.958s][info][gc,heap     ] GC(4) Humongous regions: 0->0
[0.958s][info][gc,metaspace] GC(4) Metaspace: 6631K(6848K)->6631K(6848K) NonClass: 5713K(5824K)->5713K(5824K) Class: 917K(1024K)->917K(1024K)
[0.958s][info][gc          ] GC(4) Pause Young (Normal) (G1 Evacuation Pause) 37M->4M(258M) 3.614ms
[0.958s][info][gc,cpu      ] GC(4) User=0.01s Sys=0.01s Real=0.01s
[1.172s][info][gc,start    ] GC(5) Pause Young (Normal) (G1 Evacuation Pause)
[1.172s][info][gc,task     ] GC(5) Using 2 workers of 2 for evacuation
[1.176s][info][gc,phases   ] GC(5)   Pre Evacuate Collection Set: 0.17ms
[1.176s][info][gc,phases   ] GC(5)   Merge Heap Roots: 0.03ms
[1.176s][info][gc,phases   ] GC(5)   Evacuate Collection Set: 3.23ms
[1.176s][info][gc,phases   ] GC(5)   Post Evacuate Collection Set: 0.35ms
[1.176s][info][gc,phases   ] GC(5)   Other: 0.09ms
[1.176s][info][gc,heap     ] GC(5) Eden regions: 44->0(57)
[1.176s][info][gc,heap     ] GC(5) Survivor regions: 2->2(6)
[1.176s][info][gc,heap     ] GC(5) Old regions: 4->4
[1.176s][info][gc,heap     ] GC(5) Humongous regions: 0->0
[1.176s][info][gc,metaspace] GC(5) Metaspace: 6973K(7104K)->6973K(7104K) NonClass: 5955K(6016K)->5955K(6016K) Class: 1018K(1088K)->1018K(1088K)
[1.176s][info][gc          ] GC(5) Pause Young (Normal) (G1 Evacuation Pause) 48M->4M(258M) 4.053ms
[1.176s][info][gc,cpu      ] GC(5) User=0.01s Sys=0.00s Real=0.00s
[1.406s][info][gc,start    ] GC(6) Pause Young (Normal) (G1 Evacuation Pause)
[1.406s][info][gc,task     ] GC(6) Using 2 workers of 2 for evacuation
[1.409s][info][gc,phases   ] GC(6)   Pre Evacuate Collection Set: 0.18ms
[1.409s][info][gc,phases   ] GC(6)   Merge Heap Roots: 0.04ms
[1.409s][info][gc,phases   ] GC(6)   Evacuate Collection Set: 2.85ms
[1.409s][info][gc,phases   ] GC(6)   Post Evacuate Collection Set: 0.36ms
[1.409s][info][gc,phases   ] GC(6)   Other: 0.10ms
[1.409s][info][gc,heap     ] GC(6) Eden regions: 57->0(73)
[1.409s][info][gc,heap     ] GC(6) Survivor regions: 2->2(8)
[1.409s][info][gc,heap     ] GC(6) Old regions: 4->4
[1.409s][info][gc,heap     ] GC(6) Humongous regions: 0->0
[1.409s][info][gc,metaspace] GC(6) Metaspace: 7486K(7680K)->7486K(7680K) NonClass: 6338K(6464K)->6338K(6464K) Class: 1148K(1216K)->1148K(1216K)
[1.409s][info][gc          ] GC(6) Pause Young (Normal) (G1 Evacuation Pause) 61M->4M(258M) 3.705ms
[1.409s][info][gc,cpu      ] GC(6) User=0.01s Sys=0.00s Real=0.01s
[1.675s][info][gc,start    ] GC(7) Pause Young (Normal) (G1 Evacuation Pause)
[1.675s][info][gc,task     ] GC(7) Using 2 workers of 2 for evacuation
[1.679s][info][gc,phases   ] GC(7)   Pre Evacuate Collection Set: 0.17ms
[1.679s][info][gc,phases   ] GC(7)   Merge Heap Roots: 0.04ms
[1.679s][info][gc,phases   ] GC(7)   Evacuate Collection Set: 3.54ms
[1.679s][info][gc,phases   ] GC(7)   Post Evacuate Collection Set: 0.32ms
[1.679s][info][gc,phases   ] GC(7)   Other: 0.07ms
[1.679s][info][gc,heap     ] GC(7) Eden regions: 73->0(93)
[1.679s][info][gc,heap     ] GC(7) Survivor regions: 2->2(10)
[1.679s][info][gc,heap     ] GC(7) Old regions: 4->4
[1.679s][info][gc,heap     ] GC(7) Humongous regions: 0->0
[1.679s][info][gc,metaspace] GC(7) Metaspace: 7764K(7936K)->7764K(7936K) NonClass: 6550K(6656K)->6550K(6656K) Class: 1214K(1280K)->1214K(1280K)
[1.679s][info][gc          ] GC(7) Pause Young (Normal) (G1 Evacuation Pause) 77M->4M(258M) 4.301ms
[1.679s][info][gc,cpu      ] GC(7) User=0.00s Sys=0.01s Real=0.01s
[1.976s][info][gc,start    ] GC(8) Pause Young (Normal) (G1 Evacuation Pause)
[1.976s][info][gc,task     ] GC(8) Using 2 workers of 2 for evacuation
[1.980s][info][gc,phases   ] GC(8)   Pre Evacuate Collection Set: 0.17ms
[1.980s][info][gc,phases   ] GC(8)   Merge Heap Roots: 0.05ms
[1.980s][info][gc,phases   ] GC(8)   Evacuate Collection Set: 2.86ms
[1.980s][info][gc,phases   ] GC(8)   Post Evacuate Collection Set: 0.36ms
[1.980s][info][gc,phases   ] GC(8)   Other: 0.06ms
[1.980s][info][gc,heap     ] GC(8) Eden regions: 93->0(116)
[1.980s][info][gc,heap     ] GC(8) Survivor regions: 2->3(12)
[1.980s][info][gc,heap     ] GC(8) Old regions: 4->4
[1.980s][info][gc,heap     ] GC(8) Humongous regions: 0->0
[1.980s][info][gc,metaspace] GC(8) Metaspace: 8016K(8256K)->8016K(8256K) NonClass: 6708K(6848K)->6708K(6848K) Class: 1307K(1408K)->1307K(1408K)
[1.980s][info][gc          ] GC(8) Pause Young (Normal) (G1 Evacuation Pause) 97M->4M(258M) 3.668ms
[1.980s][info][gc,cpu      ] GC(8) User=0.00s Sys=0.01s Real=0.01s
[2.598s][info][gc,start    ] GC(9) Pause Young (Normal) (G1 Evacuation Pause)
[2.598s][info][gc,task     ] GC(9) Using 2 workers of 2 for evacuation
[2.640s][info][gc,phases   ] GC(9)   Pre Evacuate Collection Set: 0.15ms
[2.640s][info][gc,phases   ] GC(9)   Merge Heap Roots: 0.06ms
[2.640s][info][gc,phases   ] GC(9)   Evacuate Collection Set: 41.09ms
[2.640s][info][gc,phases   ] GC(9)   Post Evacuate Collection Set: 0.75ms
[2.640s][info][gc,phases   ] GC(9)   Other: 0.09ms
[2.640s][info][gc,heap     ] GC(9) Eden regions: 116->0(101)
[2.640s][info][gc,heap     ] GC(9) Survivor regions: 3->15(15)
[2.640s][info][gc,heap     ] GC(9) Old regions: 4->17
[2.640s][info][gc,heap     ] GC(9) Humongous regions: 0->0
[2.640s][info][gc,metaspace] GC(9) Metaspace: 10547K(10688K)->10547K(10688K) NonClass: 8796K(8896K)->8796K(8896K) Class: 1751K(1792K)->1751K(1792K)
[2.640s][info][gc          ] GC(9) Pause Young (Normal) (G1 Evacuation Pause) 120M->30M(258M) 42.339ms
[2.640s][info][gc,cpu      ] GC(9) User=0.07s Sys=0.02s Real=0.04s
[2.991s][info][gc,start    ] GC(10) Pause Young (Normal) (G1 Evacuation Pause)
[2.991s][info][gc,task     ] GC(10) Using 2 workers of 2 for evacuation
[3.107s][info][gc,phases   ] GC(10)   Pre Evacuate Collection Set: 0.18ms
[3.107s][info][gc,phases   ] GC(10)   Merge Heap Roots: 0.22ms
[3.107s][info][gc,phases   ] GC(10)   Evacuate Collection Set: 114.76ms
[3.107s][info][gc,phases   ] GC(10)   Post Evacuate Collection Set: 0.92ms
[3.107s][info][gc,phases   ] GC(10)   Other: 0.09ms
[3.107s][info][gc,heap     ] GC(10) Eden regions: 101->0(1)
[3.107s][info][gc,heap     ] GC(10) Survivor regions: 15->15(15)
[3.107s][info][gc,heap     ] GC(10) Old regions: 17->61
[3.107s][info][gc,heap     ] GC(10) Humongous regions: 0->0
[3.107s][info][gc,metaspace] GC(10) Metaspace: 13468K(13696K)->13468K(13696K) NonClass: 11235K(11328K)->11235K(11328K) Class: 2232K(2368K)->2232K(2368K)
[3.107s][info][gc          ] GC(10) Pause Young (Normal) (G1 Evacuation Pause) 131M->74M(258M) 116.354ms
[3.107s][info][gc,cpu      ] GC(10) User=0.18s Sys=0.05s Real=0.12s
[3.111s][info][gc,start    ] GC(11) Pause Young (Normal) (G1 Evacuation Pause)
[3.111s][info][gc,task     ] GC(11) Using 2 workers of 2 for evacuation
[3.142s][info][gc,phases   ] GC(11)   Pre Evacuate Collection Set: 0.14ms
[3.142s][info][gc,phases   ] GC(11)   Merge Heap Roots: 0.48ms
[3.142s][info][gc,phases   ] GC(11)   Evacuate Collection Set: 29.69ms
[3.142s][info][gc,phases   ] GC(11)   Post Evacuate Collection Set: 0.20ms
[3.142s][info][gc,phases   ] GC(11)   Other: 0.09ms
[3.142s][info][gc,heap     ] GC(11) Eden regions: 1->0(11)
[3.142s][info][gc,heap     ] GC(11) Survivor regions: 15->1(2)
[3.142s][info][gc,heap     ] GC(11) Old regions: 61->76
[3.142s][info][gc,heap     ] GC(11) Humongous regions: 0->0
[3.142s][info][gc,metaspace] GC(11) Metaspace: 13502K(13760K)->13502K(13760K) NonClass: 11261K(11392K)->11261K(11392K) Class: 2241K(2368K)->2241K(2368K)
[3.142s][info][gc          ] GC(11) Pause Young (Normal) (G1 Evacuation Pause) 75M->76M(258M) 30.795ms
[3.142s][info][gc,cpu      ] GC(11) User=0.05s Sys=0.01s Real=0.03s
[3.538s][info][gc,start    ] GC(12) Pause Young (Normal) (G1 Evacuation Pause)
[3.538s][info][gc,task     ] GC(12) Using 2 workers of 2 for evacuation
[3.598s][info][gc,phases   ] GC(12)   Pre Evacuate Collection Set: 0.19ms
[3.598s][info][gc,phases   ] GC(12)   Merge Heap Roots: 0.07ms
[3.598s][info][gc,phases   ] GC(12)   Evacuate Collection Set: 57.80ms
[3.598s][info][gc,phases   ] GC(12)   Post Evacuate Collection Set: 1.30ms
[3.598s][info][gc,phases   ] GC(12)   Other: 0.09ms
[3.598s][info][gc,heap     ] GC(12) Eden regions: 103->0(3)
[3.598s][info][gc,heap     ] GC(12) Survivor regions: 1->13(13)
[3.598s][info][gc,heap     ] GC(12) Old regions: 76->110
[3.598s][info][gc,heap     ] GC(12) Humongous regions: 0->0
[3.598s][info][gc,metaspace] GC(12) Metaspace: 14403K(14592K)->14403K(14592K) NonClass: 12022K(12096K)->12022K(12096K) Class: 2381K(2496K)->2381K(2496K)
[3.598s][info][gc          ] GC(12) Pause Young (Normal) (G1 Evacuation Pause) 179M->121M(323M) 59.678ms
[3.598s][info][gc,cpu      ] GC(12) User=0.09s Sys=0.03s Real=0.06s
[3.663s][info][gc,start    ] GC(13) Pause Young (Normal) (G1 Evacuation Pause)
[3.663s][info][gc,task     ] GC(13) Using 2 workers of 2 for evacuation
[3.703s][info][gc,phases   ] GC(13)   Pre Evacuate Collection Set: 0.22ms
[3.703s][info][gc,phases   ] GC(13)   Merge Heap Roots: 0.50ms
[3.703s][info][gc,phases   ] GC(13)   Evacuate Collection Set: 38.66ms
[3.703s][info][gc,phases   ] GC(13)   Post Evacuate Collection Set: 0.22ms
[3.703s][info][gc,phases   ] GC(13)   Other: 0.08ms
[3.703s][info][gc,heap     ] GC(13) Eden regions: 3->0(14)
[3.703s][info][gc,heap     ] GC(13) Survivor regions: 13->2(2)
[3.703s][info][gc,heap     ] GC(13) Old regions: 110->123
[3.703s][info][gc,heap     ] GC(13) Humongous regions: 0->0
[3.703s][info][gc,metaspace] GC(13) Metaspace: 14706K(14912K)->14706K(14912K) NonClass: 12290K(12416K)->12290K(12416K) Class: 2416K(2496K)->2416K(2496K)
[3.703s][info][gc          ] GC(13) Pause Young (Normal) (G1 Evacuation Pause) 124M->124M(323M) 39.859ms
[3.703s][info][gc,cpu      ] GC(13) User=0.06s Sys=0.02s Real=0.04s
[4.575s][info][gc,start    ] GC(14) Pause Young (Normal) (G1 Evacuation Pause)
[4.575s][info][gc,task     ] GC(14) Using 2 workers of 2 for evacuation
[4.592s][info][gc,phases   ] GC(14)   Pre Evacuate Collection Set: 0.24ms
[4.592s][info][gc,phases   ] GC(14)   Merge Heap Roots: 0.18ms
[4.592s][info][gc,phases   ] GC(14)   Evacuate Collection Set: 15.68ms
[4.592s][info][gc,phases   ] GC(14)   Post Evacuate Collection Set: 0.34ms
[4.592s][info][gc,phases   ] GC(14)   Other: 0.11ms
[4.592s][info][gc,heap     ] GC(14) Eden regions: 90->0(9)
[4.592s][info][gc,heap     ] GC(14) Survivor regions: 2->10(12)
[4.592s][info][gc,heap     ] GC(14) Old regions: 123->123
[4.592s][info][gc,heap     ] GC(14) Humongous regions: 0->0
[4.592s][info][gc,metaspace] GC(14) Metaspace: 15760K(15936K)->15760K(15936K) NonClass: 13257K(13376K)->13257K(13376K) Class: 2503K(2560K)->2503K(2560K)
[4.592s][info][gc          ] GC(14) Pause Young (Normal) (G1 Evacuation Pause) 214M->131M(323M) 16.752ms
[4.592s][info][gc,cpu      ] GC(14) User=0.03s Sys=0.00s Real=0.02s
[4.684s][info][gc,start    ] GC(15) Pause Young (Normal) (G1 Evacuation Pause)
[4.684s][info][gc,task     ] GC(15) Using 2 workers of 2 for evacuation
[4.709s][info][gc,phases   ] GC(15)   Pre Evacuate Collection Set: 0.20ms
[4.709s][info][gc,phases   ] GC(15)   Merge Heap Roots: 0.53ms
[4.709s][info][gc,phases   ] GC(15)   Evacuate Collection Set: 24.00ms
[4.709s][info][gc,phases   ] GC(15)   Post Evacuate Collection Set: 0.33ms
[4.709s][info][gc,phases   ] GC(15)   Other: 0.07ms
[4.709s][info][gc,heap     ] GC(15) Eden regions: 11->0(31)
[4.709s][info][gc,heap     ] GC(15) Survivor regions: 10->1(3)
[4.709s][info][gc,heap     ] GC(15) Old regions: 123->132
[4.709s][info][gc,heap     ] GC(15) Humongous regions: 0->0
[4.709s][info][gc,metaspace] GC(15) Metaspace: 15879K(16128K)->15879K(16128K) NonClass: 13366K(13504K)->13366K(13504K) Class: 2513K(2624K)->2513K(2624K)
[4.709s][info][gc          ] GC(15) Pause Young (Normal) (G1 Evacuation Pause) 142M->132M(323M) 25.306ms
[4.709s][info][gc,cpu      ] GC(15) User=0.05s Sys=0.00s Real=0.03s
[4.829s][info][gc,start    ] GC(16) Pause Young (Normal) (G1 Evacuation Pause)
[4.829s][info][gc,task     ] GC(16) Using 2 workers of 2 for evacuation
[4.850s][info][gc,phases   ] GC(16)   Pre Evacuate Collection Set: 0.25ms
[4.850s][info][gc,phases   ] GC(16)   Merge Heap Roots: 0.46ms
[4.850s][info][gc,phases   ] GC(16)   Evacuate Collection Set: 19.57ms
[4.850s][info][gc,phases   ] GC(16)   Post Evacuate Collection Set: 0.44ms
[4.850s][info][gc,phases   ] GC(16)   Other: 0.08ms
[4.850s][info][gc,heap     ] GC(16) Eden regions: 15->0(14)
[4.850s][info][gc,heap     ] GC(16) Survivor regions: 1->2(2)
[4.850s][info][gc,heap     ] GC(16) Old regions: 132->132
[4.850s][info][gc,heap     ] GC(16) Humongous regions: 0->0
[4.850s][info][gc,metaspace] GC(16) Metaspace: 16147K(16384K)->16147K(16384K) NonClass: 13596K(13760K)->13596K(13760K) Class: 2550K(2624K)->2550K(2624K)
[4.850s][info][gc          ] GC(16) Pause Young (Normal) (G1 Evacuation Pause) 147M->132M(323M) 20.982ms
[4.850s][info][gc,cpu      ] GC(16) User=0.04s Sys=0.00s Real=0.02s
[4.924s][info][gc,start    ] GC(17) Pause Young (Normal) (G1 Evacuation Pause)
[4.924s][info][gc,task     ] GC(17) Using 2 workers of 2 for evacuation
[4.947s][info][gc,phases   ] GC(17)   Pre Evacuate Collection Set: 0.19ms
[4.947s][info][gc,phases   ] GC(17)   Merge Heap Roots: 0.48ms
[4.947s][info][gc,phases   ] GC(17)   Evacuate Collection Set: 20.19ms
[4.947s][info][gc,phases   ] GC(17)   Post Evacuate Collection Set: 2.44ms
[4.947s][info][gc,phases   ] GC(17)   Other: 0.09ms
[4.947s][info][gc,heap     ] GC(17) Eden regions: 14->0(31)
[4.947s][info][gc,heap     ] GC(17) Survivor regions: 2->2(2)
[4.947s][info][gc,heap     ] GC(17) Old regions: 132->133
[4.947s][info][gc,heap     ] GC(17) Humongous regions: 0->0
[4.947s][info][gc,metaspace] GC(17) Metaspace: 16425K(16576K)->16425K(16576K) NonClass: 13851K(13952K)->13851K(13952K) Class: 2574K(2624K)->2574K(2624K)
[4.947s][info][gc          ] GC(17) Pause Young (Normal) (G1 Evacuation Pause) 146M->132M(498M) 23.585ms
[4.947s][info][gc,cpu      ] GC(17) User=0.04s Sys=0.01s Real=0.03s
[5.388s][info][gc,start    ] GC(18) Pause Young (Normal) (G1 Evacuation Pause)
[5.388s][info][gc,task     ] GC(18) Using 2 workers of 2 for evacuation
[5.467s][info][gc,phases   ] GC(18)   Pre Evacuate Collection Set: 0.25ms
[5.467s][info][gc,phases   ] GC(18)   Merge Heap Roots: 0.39ms
[5.467s][info][gc,phases   ] GC(18)   Evacuate Collection Set: 77.79ms
[5.467s][info][gc,phases   ] GC(18)   Post Evacuate Collection Set: 0.60ms
[5.467s][info][gc,phases   ] GC(18)   Other: 0.12ms
[5.467s][info][gc,heap     ] GC(18) Eden regions: 103->0(43)
[5.467s][info][gc,heap     ] GC(18) Survivor regions: 2->14(14)
[5.467s][info][gc,heap     ] GC(18) Old regions: 133->170
[5.467s][info][gc,heap     ] GC(18) Humongous regions: 3->3
[5.467s][info][gc,metaspace] GC(18) Metaspace: 16579K(16768K)->16579K(16768K) NonClass: 14004K(14144K)->14004K(14144K) Class: 2575K(2624K)->2575K(2624K)
[5.467s][info][gc          ] GC(18) Pause Young (Normal) (G1 Evacuation Pause) 238M->185M(498M) 79.381ms
[5.467s][info][gc,cpu      ] GC(18) User=0.15s Sys=0.00s Real=0.08s
[5.556s][info][gc,start    ] GC(19) Pause Young (Normal) (G1 Evacuation Pause)
[5.556s][info][gc,task     ] GC(19) Using 2 workers of 2 for evacuation
[5.595s][info][gc,phases   ] GC(19)   Pre Evacuate Collection Set: 0.25ms
[5.595s][info][gc,phases   ] GC(19)   Merge Heap Roots: 0.49ms
[5.595s][info][gc,phases   ] GC(19)   Evacuate Collection Set: 38.19ms
[5.595s][info][gc,phases   ] GC(19)   Post Evacuate Collection Set: 0.25ms
[5.595s][info][gc,phases   ] GC(19)   Other: 0.07ms
[5.595s][info][gc,heap     ] GC(19) Eden regions: 23->0(112)
[5.595s][info][gc,heap     ] GC(19) Survivor regions: 14->5(5)
[5.595s][info][gc,heap     ] GC(19) Old regions: 170->184
[5.595s][info][gc,heap     ] GC(19) Humongous regions: 3->3
[5.595s][info][gc,metaspace] GC(19) Metaspace: 16585K(16768K)->16585K(16768K) NonClass: 14010K(14144K)->14010K(14144K) Class: 2575K(2624K)->2575K(2624K)
[5.595s][info][gc          ] GC(19) Pause Young (Normal) (G1 Evacuation Pause) 208M->191M(498M) 39.435ms
[5.595s][info][gc,cpu      ] GC(19) User=0.07s Sys=0.00s Real=0.04s
[6.141s][info][gc,start    ] GC(20) Pause Young (Normal) (G1 Evacuation Pause)
[6.141s][info][gc,task     ] GC(20) Using 2 workers of 2 for evacuation
[6.188s][info][gc,phases   ] GC(20)   Pre Evacuate Collection Set: 0.30ms
[6.188s][info][gc,phases   ] GC(20)   Merge Heap Roots: 0.39ms
[6.188s][info][gc,phases   ] GC(20)   Evacuate Collection Set: 45.89ms
[6.188s][info][gc,phases   ] GC(20)   Post Evacuate Collection Set: 0.47ms
[6.188s][info][gc,phases   ] GC(20)   Other: 0.13ms
[6.188s][info][gc,heap     ] GC(20) Eden regions: 190->0(135)
[6.188s][info][gc,heap     ] GC(20) Survivor regions: 5->25(25)
[6.188s][info][gc,heap     ] GC(20) Old regions: 184->189
[6.188s][info][gc,heap     ] GC(20) Humongous regions: 4->4
[6.188s][info][gc,metaspace] GC(20) Metaspace: 16657K(16832K)->16657K(16832K) NonClass: 14081K(14208K)->14081K(14208K) Class: 2576K(2624K)->2576K(2624K)
[6.188s][info][gc          ] GC(20) Pause Young (Normal) (G1 Evacuation Pause) 382M->216M(498M) 47.420ms
[6.188s][info][gc,cpu      ] GC(20) User=0.09s Sys=0.00s Real=0.05s
[6.467s][info][gc,start    ] GC(21) Pause Young (Normal) (G1 Evacuation Pause)
[6.467s][info][gc,task     ] GC(21) Using 2 workers of 2 for evacuation
[6.516s][info][gc,phases   ] GC(21)   Pre Evacuate Collection Set: 0.26ms
[6.516s][info][gc,phases   ] GC(21)   Merge Heap Roots: 0.26ms
[6.516s][info][gc,phases   ] GC(21)   Evacuate Collection Set: 46.31ms
[6.516s][info][gc,phases   ] GC(21)   Post Evacuate Collection Set: 1.58ms
[6.516s][info][gc,phases   ] GC(21)   Other: 0.11ms
[6.516s][info][gc,heap     ] GC(21) Eden regions: 156->0(225)
[6.516s][info][gc,heap     ] GC(21) Survivor regions: 25->10(23)
[6.516s][info][gc,heap     ] GC(21) Old regions: 189->214
[6.516s][info][gc,heap     ] GC(21) Humongous regions: 4->4
[6.516s][info][gc,metaspace] GC(21) Metaspace: 16677K(16832K)->16677K(16832K) NonClass: 14101K(14208K)->14101K(14208K) Class: 2576K(2624K)->2576K(2624K)
[6.516s][info][gc          ] GC(21) Pause Young (Normal) (G1 Evacuation Pause) 372M->226M(596M) 48.785ms
[6.516s][info][gc,cpu      ] GC(21) User=0.10s Sys=0.00s Real=0.04s
[7.119s][info][gc,start    ] GC(22) Pause Young (Normal) (G1 Evacuation Pause)
[7.119s][info][gc,task     ] GC(22) Using 2 workers of 2 for evacuation
[7.136s][info][gc,phases   ] GC(22)   Pre Evacuate Collection Set: 0.34ms
[7.136s][info][gc,phases   ] GC(22)   Merge Heap Roots: 0.16ms
[7.136s][info][gc,phases   ] GC(22)   Evacuate Collection Set: 16.09ms
[7.136s][info][gc,phases   ] GC(22)   Post Evacuate Collection Set: 0.40ms
[7.136s][info][gc,phases   ] GC(22)   Other: 0.11ms
[7.136s][info][gc,heap     ] GC(22) Eden regions: 225->0(229)
[7.136s][info][gc,heap     ] GC(22) Survivor regions: 10->13(30)
[7.136s][info][gc,heap     ] GC(22) Old regions: 214->214
[7.136s][info][gc,heap     ] GC(22) Humongous regions: 4->4
[7.136s][info][gc,metaspace] GC(22) Metaspace: 16803K(16960K)->16803K(16960K) NonClass: 14225K(14336K)->14225K(14336K) Class: 2577K(2624K)->2577K(2624K)
[7.136s][info][gc          ] GC(22) Pause Young (Normal) (G1 Evacuation Pause) 451M->230M(596M) 17.284ms
[7.137s][info][gc,cpu      ] GC(22) User=0.03s Sys=0.00s Real=0.01s
[7.593s][info][gc,start    ] GC(23) Pause Young (Normal) (G1 Evacuation Pause)
[7.593s][info][gc,task     ] GC(23) Using 2 workers of 2 for evacuation
[7.618s][info][gc,phases   ] GC(23)   Pre Evacuate Collection Set: 0.24ms
[7.618s][info][gc,phases   ] GC(23)   Merge Heap Roots: 0.16ms
[7.618s][info][gc,phases   ] GC(23)   Evacuate Collection Set: 24.37ms
[7.618s][info][gc,phases   ] GC(23)   Post Evacuate Collection Set: 0.41ms
[7.618s][info][gc,phases   ] GC(23)   Other: 0.12ms
[7.618s][info][gc,heap     ] GC(23) Eden regions: 229->0(245)
[7.618s][info][gc,heap     ] GC(23) Survivor regions: 13->15(31)
[7.618s][info][gc,heap     ] GC(23) Old regions: 214->214
[7.619s][info][gc,heap     ] GC(23) Humongous regions: 4->4
[7.619s][info][gc,metaspace] GC(23) Metaspace: 16890K(17024K)->16890K(17024K) NonClass: 14311K(14400K)->14311K(14400K) Class: 2578K(2624K)->2578K(2624K)
[7.619s][info][gc          ] GC(23) Pause Young (Normal) (G1 Evacuation Pause) 459M->232M(596M) 25.522ms
[7.619s][info][gc,cpu      ] GC(23) User=0.05s Sys=0.00s Real=0.03s
[8.089s][info][gc,start    ] GC(24) Pause Young (Normal) (G1 Evacuation Pause)
[8.089s][info][gc,task     ] GC(24) Using 2 workers of 2 for evacuation
[8.147s][info][gc,phases   ] GC(24)   Pre Evacuate Collection Set: 0.96ms
[8.147s][info][gc,phases   ] GC(24)   Merge Heap Roots: 0.18ms
[8.147s][info][gc,phases   ] GC(24)   Evacuate Collection Set: 55.60ms
[8.147s][info][gc,phases   ] GC(24)   Post Evacuate Collection Set: 0.55ms
[8.147s][info][gc,phases   ] GC(24)   Other: 0.10ms
[8.147s][info][gc,heap     ] GC(24) Eden regions: 245->0(220)
[8.147s][info][gc,heap     ] GC(24) Survivor regions: 15->33(33)
[8.147s][info][gc,heap     ] GC(24) Old regions: 214->236
[8.147s][info][gc,heap     ] GC(24) Humongous regions: 4->4
[8.147s][info][gc,metaspace] GC(24) Metaspace: 16957K(17088K)->16957K(17088K) NonClass: 14377K(14464K)->14377K(14464K) Class: 2579K(2624K)->2579K(2624K)
[8.147s][info][gc          ] GC(24) Pause Young (Normal) (G1 Evacuation Pause) 477M->272M(596M) 57.562ms
[8.147s][info][gc,cpu      ] GC(24) User=0.11s Sys=0.00s Real=0.05s
[8.728s][info][gc,start    ] GC(25) Pause Young (Normal) (G1 Evacuation Pause)
[8.728s][info][gc,task     ] GC(25) Using 2 workers of 2 for evacuation
[8.808s][info][gc,phases   ] GC(25)   Pre Evacuate Collection Set: 0.39ms
[8.808s][info][gc,phases   ] GC(25)   Merge Heap Roots: 0.50ms
[8.808s][info][gc,phases   ] GC(25)   Evacuate Collection Set: 77.97ms
[8.808s][info][gc,phases   ] GC(25)   Post Evacuate Collection Set: 0.41ms
[8.808s][info][gc,phases   ] GC(25)   Other: 0.15ms
[8.808s][info][gc,heap     ] GC(25) Eden regions: 220->0(195)
[8.808s][info][gc,heap     ] GC(25) Survivor regions: 33->32(32)
[8.808s][info][gc,heap     ] GC(25) Old regions: 236->273
[8.808s][info][gc,heap     ] GC(25) Humongous regions: 5->5
[8.808s][info][gc,metaspace] GC(25) Metaspace: 16986K(17088K)->16986K(17088K) NonClass: 14404K(14464K)->14404K(14464K) Class: 2582K(2624K)->2582K(2624K)
[8.808s][info][gc          ] GC(25) Pause Young (Normal) (G1 Evacuation Pause) 493M->309M(596M) 79.757ms
[8.808s][info][gc,cpu      ] GC(25) User=0.15s Sys=0.00s Real=0.08s
[9.295s][info][gc,start    ] GC(26) Pause Young (Concurrent Start) (G1 Evacuation Pause)
[9.295s][info][gc,task     ] GC(26) Using 2 workers of 2 for evacuation
[9.329s][info][gc,phases   ] GC(26)   Pre Evacuate Collection Set: 0.25ms
[9.329s][info][gc,phases   ] GC(26)   Merge Heap Roots: 0.09ms
[9.329s][info][gc,phases   ] GC(26)   Evacuate Collection Set: 33.40ms
[9.329s][info][gc,phases   ] GC(26)   Post Evacuate Collection Set: 0.40ms
[9.329s][info][gc,phases   ] GC(26)   Other: 0.10ms
[9.329s][info][gc,heap     ] GC(26) Eden regions: 195->0(204)
[9.329s][info][gc,heap     ] GC(26) Survivor regions: 32->3(29)
[9.329s][info][gc,heap     ] GC(26) Old regions: 273->306
[9.329s][info][gc,heap     ] GC(26) Humongous regions: 5->5
[9.329s][info][gc,metaspace] GC(26) Metaspace: 16996K(17088K)->16996K(17088K) NonClass: 14413K(14464K)->14413K(14464K) Class: 2582K(2624K)->2582K(2624K)
[9.330s][info][gc          ] GC(26) Pause Young (Concurrent Start) (G1 Evacuation Pause) 504M->312M(596M) 34.440ms
[9.330s][info][gc,cpu      ] GC(26) User=0.07s Sys=0.00s Real=0.04s
[9.330s][info][gc          ] GC(27) Concurrent Mark Cycle
[9.330s][info][gc,marking  ] GC(27) Concurrent Scan Root Regions
[9.396s][info][gc,marking  ] GC(27) Concurrent Scan Root Regions 66.316ms
[9.396s][info][gc,marking  ] GC(27) Concurrent Mark
[9.396s][info][gc,marking  ] GC(27) Concurrent Mark From Roots
[9.396s][info][gc,task     ] GC(27) Using 1 workers of 1 for marking
[10.100s][info][gc,marking  ] GC(27) Concurrent Mark From Roots 704.370ms
[10.100s][info][gc,marking  ] GC(27) Concurrent Preclean
[10.100s][info][gc,marking  ] GC(27) Concurrent Preclean 0.051ms
[10.101s][info][gc,start    ] GC(27) Pause Remark
[10.109s][info][gc          ] GC(27) Pause Remark 451M->411M(596M) 7.939ms
[10.109s][info][gc,cpu      ] GC(27) User=0.01s Sys=0.00s Real=0.01s
[10.109s][info][gc,marking  ] GC(27) Concurrent Mark 712.679ms
[10.109s][info][gc,marking  ] GC(27) Concurrent Rebuild Remembered Sets and Scrub Regions
[10.247s][info][gc,start    ] GC(28) Pause Young (Normal) (G1 Evacuation Pause)
[10.247s][info][gc,task     ] GC(28) Using 2 workers of 2 for evacuation
[10.267s][info][gc,phases   ] GC(28)   Pre Evacuate Collection Set: 0.29ms
[10.267s][info][gc,phases   ] GC(28)   Merge Heap Roots: 0.18ms
[10.267s][info][gc,phases   ] GC(28)   Evacuate Collection Set: 18.67ms
[10.267s][info][gc,phases   ] GC(28)   Post Evacuate Collection Set: 0.36ms
[10.267s][info][gc,phases   ] GC(28)   Other: 0.07ms
[10.267s][info][gc,heap     ] GC(28) Eden regions: 204->0(224)
[10.267s][info][gc,heap     ] GC(28) Survivor regions: 3->17(26)
[10.267s][info][gc,heap     ] GC(28) Old regions: 268->268
[10.267s][info][gc,heap     ] GC(28) Humongous regions: 3->3
[10.267s][info][gc,metaspace] GC(28) Metaspace: 17005K(17152K)->17005K(17152K) NonClass: 14422K(14528K)->14422K(14528K) Class: 2582K(2624K)->2582K(2624K)
[10.267s][info][gc          ] GC(28) Pause Young (Normal) (G1 Evacuation Pause) 476M->286M(596M) 19.757ms
[10.267s][info][gc,cpu      ] GC(28) User=0.04s Sys=0.00s Real=0.01s
[10.331s][info][gc,marking  ] GC(27) Concurrent Rebuild Remembered Sets and Scrub Regions 222.274ms
[10.333s][info][gc,start    ] GC(27) Pause Cleanup
[10.333s][info][gc          ] GC(27) Pause Cleanup 311M->311M(596M) 0.080ms
[10.333s][info][gc,cpu      ] GC(27) User=0.00s Sys=0.00s Real=0.00s
[10.333s][info][gc,marking  ] GC(27) Concurrent Clear Claimed Marks
[10.333s][info][gc,marking  ] GC(27) Concurrent Clear Claimed Marks 0.042ms
[10.333s][info][gc,marking  ] GC(27) Concurrent Cleanup for Next Mark
[10.346s][info][gc,marking  ] GC(27) Concurrent Cleanup for Next Mark 12.900ms
[10.346s][info][gc          ] GC(27) Concurrent Mark Cycle 1016.616ms
[10.867s][info][gc,start    ] GC(29) Pause Young (Prepare Mixed) (G1 Evacuation Pause)
[10.867s][info][gc,task     ] GC(29) Using 2 workers of 2 for evacuation
[10.951s][info][gc,phases   ] GC(29)   Pre Evacuate Collection Set: 0.33ms
[10.951s][info][gc,phases   ] GC(29)   Merge Heap Roots: 0.41ms
[10.951s][info][gc,phases   ] GC(29)   Evacuate Collection Set: 82.11ms
[10.951s][info][gc,phases   ] GC(29)   Post Evacuate Collection Set: 0.56ms
[10.951s][info][gc,phases   ] GC(29)   Other: 0.10ms
[10.951s][info][gc,heap     ] GC(29) Eden regions: 224->0(166)
[10.951s][info][gc,heap     ] GC(29) Survivor regions: 17->31(31)
[10.951s][info][gc,heap     ] GC(29) Old regions: 268->314
[10.951s][info][gc,heap     ] GC(29) Humongous regions: 4->4
[10.951s][info][gc,metaspace] GC(29) Metaspace: 17007K(17152K)->17007K(17152K) NonClass: 14424K(14528K)->14424K(14528K) Class: 2582K(2624K)->2582K(2624K)
[10.951s][info][gc          ] GC(29) Pause Young (Prepare Mixed) (G1 Evacuation Pause) 511M->348M(596M) 83.771ms
[10.951s][info][gc,cpu      ] GC(29) User=0.16s Sys=0.00s Real=0.08s
[11.230s][info][gc,start    ] GC(30) Pause Young (Mixed) (G1 Evacuation Pause)
[11.230s][info][gc,task     ] GC(30) Using 2 workers of 2 for evacuation
[11.276s][info][gc,phases   ] GC(30)   Pre Evacuate Collection Set: 0.31ms
[11.276s][info][gc,phases   ] GC(30)   Merge Heap Roots: 0.46ms
[11.276s][info][gc,phases   ] GC(30)   Evacuate Collection Set: 44.26ms
[11.276s][info][gc,phases   ] GC(30)   Post Evacuate Collection Set: 1.04ms
[11.276s][info][gc,phases   ] GC(30)   Other: 0.09ms
[11.276s][info][gc,heap     ] GC(30) Eden regions: 166->0(218)
[11.276s][info][gc,heap     ] GC(30) Survivor regions: 31->5(25)
[11.276s][info][gc,heap     ] GC(30) Old regions: 314->321
[11.276s][info][gc,heap     ] GC(30) Humongous regions: 4->4
[11.276s][info][gc,metaspace] GC(30) Metaspace: 17013K(17152K)->17013K(17152K) NonClass: 14430K(14528K)->14430K(14528K) Class: 2583K(2624K)->2583K(2624K)
[11.276s][info][gc          ] GC(30) Pause Young (Mixed) (G1 Evacuation Pause) 514M->329M(647M) 46.356ms
[11.276s][info][gc,cpu      ] GC(30) User=0.09s Sys=0.00s Real=0.04s
[11.879s][info][gc,start    ] GC(31) Pause Young (Concurrent Start) (G1 Evacuation Pause)
[11.879s][info][gc,task     ] GC(31) Using 2 workers of 2 for evacuation
[11.936s][info][gc,phases   ] GC(31)   Pre Evacuate Collection Set: 0.29ms
[11.936s][info][gc,phases   ] GC(31)   Merge Heap Roots: 0.18ms
[11.936s][info][gc,phases   ] GC(31)   Evacuate Collection Set: 55.50ms
[11.936s][info][gc,phases   ] GC(31)   Post Evacuate Collection Set: 0.36ms
[11.936s][info][gc,phases   ] GC(31)   Other: 0.13ms
[11.936s][info][gc,heap     ] GC(31) Eden regions: 218->0(167)
[11.936s][info][gc,heap     ] GC(31) Survivor regions: 5->28(28)
[11.936s][info][gc,heap     ] GC(31) Old regions: 321->349
[11.936s][info][gc,heap     ] GC(31) Humongous regions: 4->4
[11.936s][info][gc,metaspace] GC(31) Metaspace: 17020K(17152K)->17020K(17152K) NonClass: 14436K(14528K)->14436K(14528K) Class: 2583K(2624K)->2583K(2624K)
[11.936s][info][gc          ] GC(31) Pause Young (Concurrent Start) (G1 Evacuation Pause) 547M->380M(647M) 56.703ms
[11.936s][info][gc          ] GC(32) Concurrent Mark Cycle
[11.936s][info][gc,marking  ] GC(32) Concurrent Scan Root Regions
[11.936s][info][gc,cpu      ] GC(31) User=0.11s Sys=0.00s Real=0.05s
[12.041s][info][gc,marking  ] GC(32) Concurrent Scan Root Regions 104.698ms
[12.041s][info][gc,marking  ] GC(32) Concurrent Mark
[12.041s][info][gc,marking  ] GC(32) Concurrent Mark From Roots
[12.041s][info][gc,task     ] GC(32) Using 1 workers of 1 for marking
[12.523s][info][gc,start    ] GC(33) Pause Young (Normal) (G1 Evacuation Pause)
[12.523s][info][gc,task     ] GC(33) Using 2 workers of 2 for evacuation
[12.607s][info][gc,phases   ] GC(33)   Pre Evacuate Collection Set: 0.24ms
[12.607s][info][gc,phases   ] GC(33)   Merge Heap Roots: 0.20ms
[12.607s][info][gc,phases   ] GC(33)   Evacuate Collection Set: 82.31ms
[12.607s][info][gc,phases   ] GC(33)   Post Evacuate Collection Set: 0.35ms
[12.607s][info][gc,phases   ] GC(33)   Other: 0.07ms
[12.607s][info][gc,heap     ] GC(33) Eden regions: 167->0(119)
[12.607s][info][gc,heap     ] GC(33) Survivor regions: 28->25(25)
[12.607s][info][gc,heap     ] GC(33) Old regions: 349->411
[12.607s][info][gc,heap     ] GC(33) Humongous regions: 4->4
[12.607s][info][gc,metaspace] GC(33) Metaspace: 17021K(17152K)->17021K(17152K) NonClass: 14438K(14528K)->14438K(14528K) Class: 2583K(2624K)->2583K(2624K)
[12.607s][info][gc          ] GC(33) Pause Young (Normal) (G1 Evacuation Pause) 547M->439M(647M) 83.422ms
[12.607s][info][gc,cpu      ] GC(33) User=0.17s Sys=0.00s Real=0.08s
[12.974s][info][gc,start    ] GC(34) Pause Young (Normal) (G1 Evacuation Pause)
[12.974s][info][gc,task     ] GC(34) Using 2 workers of 2 for evacuation
[13.045s][info][gc,phases   ] GC(34)   Pre Evacuate Collection Set: 0.36ms
[13.045s][info][gc,phases   ] GC(34)   Merge Heap Roots: 0.12ms
[13.045s][info][gc,phases   ] GC(34)   Evacuate Collection Set: 69.93ms
[13.045s][info][gc,phases   ] GC(34)   Post Evacuate Collection Set: 0.46ms
[13.045s][info][gc,phases   ] GC(34)   Other: 0.08ms
[13.045s][info][gc,heap     ] GC(34) Eden regions: 119->0(84)
[13.045s][info][gc,heap     ] GC(34) Survivor regions: 25->18(18)
[13.045s][info][gc,heap     ] GC(34) Old regions: 411->466
[13.045s][info][gc,heap     ] GC(34) Humongous regions: 4->4
[13.045s][info][gc,metaspace] GC(34) Metaspace: 17056K(17280K)->17056K(17280K) NonClass: 14468K(14592K)->14468K(14592K) Class: 2588K(2688K)->2588K(2688K)
[13.045s][info][gc          ] GC(34) Pause Young (Normal) (G1 Evacuation Pause) 558M->487M(647M) 71.151ms
[13.045s][info][gc,cpu      ] GC(34) User=0.14s Sys=0.00s Real=0.07s
[13.314s][info][gc,start    ] GC(35) Pause Young (Normal) (G1 Evacuation Pause)
[13.314s][info][gc,task     ] GC(35) Using 2 workers of 2 for evacuation
[13.360s][info][gc,phases   ] GC(35)   Pre Evacuate Collection Set: 0.25ms
[13.361s][info][gc,phases   ] GC(35)   Merge Heap Roots: 0.34ms
[13.361s][info][gc,phases   ] GC(35)   Evacuate Collection Set: 44.70ms
[13.361s][info][gc,phases   ] GC(35)   Post Evacuate Collection Set: 1.02ms
[13.361s][info][gc,phases   ] GC(35)   Other: 0.08ms
[13.361s][info][gc,heap     ] GC(35) Eden regions: 84->0(105)
[13.361s][info][gc,heap     ] GC(35) Survivor regions: 18->13(13)
[13.361s][info][gc,heap     ] GC(35) Old regions: 466->489
[13.361s][info][gc,heap     ] GC(35) Humongous regions: 5->5
[13.361s][info][gc,metaspace] GC(35) Metaspace: 17095K(17280K)->17095K(17280K) NonClass: 14503K(14592K)->14503K(14592K) Class: 2591K(2688K)->2591K(2688K)
[13.361s][info][gc          ] GC(35) Pause Young (Normal) (G1 Evacuation Pause) 572M->505M(692M) 46.602ms
[13.361s][info][gc,cpu      ] GC(35) User=0.09s Sys=0.00s Real=0.05s
[13.512s][info][gc,marking  ] GC(32) Concurrent Mark From Roots 1470.931ms
[13.512s][info][gc,marking  ] GC(32) Concurrent Preclean
[13.512s][info][gc,marking  ] GC(32) Concurrent Preclean 0.042ms
[13.512s][info][gc,start    ] GC(32) Pause Remark
[13.528s][info][gc          ] GC(32) Pause Remark 555M->555M(845M) 15.164ms
[13.528s][info][gc,cpu      ] GC(32) User=0.02s Sys=0.00s Real=0.02s
[13.528s][info][gc,marking  ] GC(32) Concurrent Mark 1486.795ms
[13.528s][info][gc,marking  ] GC(32) Concurrent Rebuild Remembered Sets and Scrub Regions
[13.700s][info][gc,start    ] GC(36) Pause Young (Normal) (G1 Evacuation Pause)
[13.700s][info][gc,task     ] GC(36) Using 2 workers of 2 for evacuation
[13.748s][info][gc,phases   ] GC(36)   Pre Evacuate Collection Set: 0.40ms
[13.748s][info][gc,phases   ] GC(36)   Merge Heap Roots: 0.53ms
[13.748s][info][gc,phases   ] GC(36)   Evacuate Collection Set: 46.12ms
[13.748s][info][gc,phases   ] GC(36)   Post Evacuate Collection Set: 0.29ms
[13.748s][info][gc,phases   ] GC(36)   Other: 0.12ms
[13.748s][info][gc,heap     ] GC(36) Eden regions: 105->0(192)
[13.748s][info][gc,heap     ] GC(36) Survivor regions: 13->10(15)
[13.748s][info][gc,heap     ] GC(36) Old regions: 489->502
[13.748s][info][gc,heap     ] GC(36) Humongous regions: 5->5
[13.748s][info][gc,metaspace] GC(36) Metaspace: 17107K(17280K)->17107K(17280K) NonClass: 14511K(14592K)->14511K(14592K) Class: 2595K(2688K)->2595K(2688K)
[13.748s][info][gc          ] GC(36) Pause Young (Normal) (G1 Evacuation Pause) 610M->515M(845M) 47.725ms
[13.748s][info][gc,cpu      ] GC(36) User=0.09s Sys=0.01s Real=0.05s
[14.121s][info][gc,start    ] GC(37) Pause Young (Normal) (G1 Evacuation Pause)
[14.121s][info][gc,task     ] GC(37) Using 2 workers of 2 for evacuation
[14.145s][info][gc,phases   ] GC(37)   Pre Evacuate Collection Set: 0.28ms
[14.145s][info][gc,phases   ] GC(37)   Merge Heap Roots: 0.10ms
[14.145s][info][gc,phases   ] GC(37)   Evacuate Collection Set: 22.91ms
[14.145s][info][gc,phases   ] GC(37)   Post Evacuate Collection Set: 0.41ms
[14.145s][info][gc,phases   ] GC(37)   Other: 0.08ms
[14.145s][info][gc,heap     ] GC(37) Eden regions: 192->0(194)
[14.145s][info][gc,heap     ] GC(37) Survivor regions: 10->26(26)
[14.145s][info][gc,heap     ] GC(37) Old regions: 502->502
[14.145s][info][gc,heap     ] GC(37) Humongous regions: 5->5
[14.145s][info][gc,metaspace] GC(37) Metaspace: 17122K(17344K)->17122K(17344K) NonClass: 14527K(14656K)->14527K(14656K) Class: 2595K(2688K)->2595K(2688K)
[14.145s][info][gc          ] GC(37) Pause Young (Normal) (G1 Evacuation Pause) 707M->532M(845M) 23.973ms
[14.145s][info][gc,cpu      ] GC(37) User=0.05s Sys=0.00s Real=0.02s
[14.152s][info][gc,marking  ] GC(32) Concurrent Rebuild Remembered Sets and Scrub Regions 624.723ms
[14.154s][info][gc,start    ] GC(32) Pause Cleanup
[14.154s][info][gc          ] GC(32) Pause Cleanup 537M->537M(845M) 0.097ms
[14.154s][info][gc,cpu      ] GC(32) User=0.00s Sys=0.00s Real=0.00s
[14.154s][info][gc,marking  ] GC(32) Concurrent Clear Claimed Marks
[14.154s][info][gc,marking  ] GC(32) Concurrent Clear Claimed Marks 0.045ms
[14.154s][info][gc,marking  ] GC(32) Concurrent Cleanup for Next Mark
[14.164s][info][gc,marking  ] GC(32) Concurrent Cleanup for Next Mark 9.527ms
[14.164s][info][gc          ] GC(32) Concurrent Mark Cycle 2227.800ms
[14.512s][info][gc,start    ] GC(38) Pause Young (Prepare Mixed) (G1 Evacuation Pause)
[14.512s][info][gc,task     ] GC(38) Using 2 workers of 2 for evacuation
[14.583s][info][gc,phases   ] GC(38)   Pre Evacuate Collection Set: 0.49ms
[14.583s][info][gc,phases   ] GC(38)   Merge Heap Roots: 0.10ms
[14.583s][info][gc,phases   ] GC(38)   Evacuate Collection Set: 69.19ms
[14.583s][info][gc,phases   ] GC(38)   Post Evacuate Collection Set: 0.52ms
[14.583s][info][gc,phases   ] GC(38)   Other: 0.11ms
[14.583s][info][gc,heap     ] GC(38) Eden regions: 194->0(152)
[14.583s][info][gc,heap     ] GC(38) Survivor regions: 26->28(28)
[14.583s][info][gc,heap     ] GC(38) Old regions: 502->551
[14.583s][info][gc,heap     ] GC(38) Humongous regions: 5->5
[14.583s][info][gc,metaspace] GC(38) Metaspace: 17136K(17344K)->17136K(17344K) NonClass: 14538K(14656K)->14538K(14656K) Class: 2597K(2688K)->2597K(2688K)
[14.583s][info][gc          ] GC(38) Pause Young (Prepare Mixed) (G1 Evacuation Pause) 726M->583M(845M) 70.631ms
[14.583s][info][gc,cpu      ] GC(38) User=0.13s Sys=0.00s Real=0.07s
[14.892s][info][gc,start    ] GC(39) Pause Young (Mixed) (G1 Evacuation Pause)
[14.893s][info][gc,task     ] GC(39) Using 2 workers of 2 for evacuation
[14.939s][info][gc,phases   ] GC(39)   Pre Evacuate Collection Set: 0.39ms
[14.939s][info][gc,phases   ] GC(39)   Merge Heap Roots: 0.63ms
[14.939s][info][gc,phases   ] GC(39)   Evacuate Collection Set: 44.04ms
[14.939s][info][gc,phases   ] GC(39)   Post Evacuate Collection Set: 1.32ms
[14.939s][info][gc,phases   ] GC(39)   Other: 0.09ms
[14.939s][info][gc,heap     ] GC(39) Eden regions: 152->0(167)
[14.939s][info][gc,heap     ] GC(39) Survivor regions: 28->4(23)
[14.939s][info][gc,heap     ] GC(39) Old regions: 551->573
[14.939s][info][gc,heap     ] GC(39) Humongous regions: 5->5
[14.939s][info][gc,metaspace] GC(39) Metaspace: 17138K(17344K)->17138K(17344K) NonClass: 14540K(14656K)->14540K(14656K) Class: 2597K(2688K)->2597K(2688K)
[14.939s][info][gc          ] GC(39) Pause Young (Mixed) (G1 Evacuation Pause) 735M->581M(845M) 46.672ms
[14.939s][info][gc,cpu      ] GC(39) User=0.09s Sys=0.00s Real=0.05s
[15.177s][info][gc,start    ] GC(40) Pause Young (Concurrent Start) (G1 Humongous Allocation)
[15.177s][info][gc,task     ] GC(40) Using 2 workers of 2 for evacuation
[15.253s][info][gc,phases   ] GC(40)   Pre Evacuate Collection Set: 0.87ms
[15.253s][info][gc,phases   ] GC(40)   Merge Heap Roots: 0.46ms
[15.253s][info][gc,phases   ] GC(40)   Evacuate Collection Set: 73.86ms
[15.253s][info][gc,phases   ] GC(40)   Post Evacuate Collection Set: 0.81ms
[15.253s][info][gc,phases   ] GC(40)   Other: 0.09ms
[15.253s][info][gc,heap     ] GC(40) Eden regions: 121->0(128)
[15.253s][info][gc,heap     ] GC(40) Survivor regions: 4->22(22)
[15.253s][info][gc,heap     ] GC(40) Old regions: 573->610
[15.253s][info][gc,heap     ] GC(40) Humongous regions: 5->5
[15.253s][info][gc,metaspace] GC(40) Metaspace: 17151K(17344K)->17151K(17344K) NonClass: 14551K(14656K)->14551K(14656K) Class: 2600K(2688K)->2600K(2688K)
[15.253s][info][gc          ] GC(40) Pause Young (Concurrent Start) (G1 Humongous Allocation) 702M->636M(871M) 76.338ms
[15.253s][info][gc          ] GC(41) Concurrent Mark Cycle
[15.253s][info][gc,marking  ] GC(41) Concurrent Scan Root Regions
[15.254s][info][gc,cpu      ] GC(40) User=0.15s Sys=0.00s Real=0.07s
[15.376s][info][gc,marking  ] GC(41) Concurrent Scan Root Regions 122.616ms
[15.376s][info][gc,marking  ] GC(41) Concurrent Mark
[15.376s][info][gc,marking  ] GC(41) Concurrent Mark From Roots
[15.376s][info][gc,task     ] GC(41) Using 1 workers of 1 for marking
[15.667s][info][gc,start    ] GC(42) Pause Young (Normal) (G1 Evacuation Pause)
[15.667s][info][gc,task     ] GC(42) Using 2 workers of 2 for evacuation
[15.768s][info][gc,phases   ] GC(42)   Pre Evacuate Collection Set: 0.29ms
[15.768s][info][gc,phases   ] GC(42)   Merge Heap Roots: 0.32ms
[15.768s][info][gc,phases   ] GC(42)   Evacuate Collection Set: 99.20ms
[15.768s][info][gc,phases   ] GC(42)   Post Evacuate Collection Set: 0.67ms
[15.768s][info][gc,phases   ] GC(42)   Other: 0.13ms
[15.768s][info][gc,heap     ] GC(42) Eden regions: 128->0(102)
[15.768s][info][gc,heap     ] GC(42) Survivor regions: 22->19(19)
[15.768s][info][gc,heap     ] GC(42) Old regions: 610->653
[15.768s][info][gc,heap     ] GC(42) Humongous regions: 8->8
[15.768s][info][gc,metaspace] GC(42) Metaspace: 17151K(17344K)->17151K(17344K) NonClass: 14551K(14656K)->14551K(14656K) Class: 2600K(2688K)->2600K(2688K)
[15.768s][info][gc          ] GC(42) Pause Young (Normal) (G1 Evacuation Pause) 767M->680M(871M) 100.834ms
[15.768s][info][gc,cpu      ] GC(42) User=0.20s Sys=0.00s Real=0.10s
[15.951s][info][gc,marking  ] GC(41) Concurrent Mark From Roots 575.440ms
[15.952s][info][gc,marking  ] GC(41) Concurrent Preclean
[15.952s][info][gc,marking  ] GC(41) Concurrent Preclean 0.026ms
[15.952s][info][gc,start    ] GC(41) Pause Remark
[15.962s][info][gc          ] GC(41) Pause Remark 764M->463M(871M) 10.016ms
[15.962s][info][gc,cpu      ] GC(41) User=0.01s Sys=0.00s Real=0.01s
[15.963s][info][gc,marking  ] GC(41) Concurrent Mark 586.747ms
[15.963s][info][gc,marking  ] GC(41) Concurrent Rebuild Remembered Sets and Scrub Regions
[15.997s][info][gc,start    ] GC(43) Pause Young (Normal) (G1 Evacuation Pause)
[15.997s][info][gc,task     ] GC(43) Using 2 workers of 2 for evacuation
[16.067s][info][gc,phases   ] GC(43)   Pre Evacuate Collection Set: 0.37ms
[16.067s][info][gc,phases   ] GC(43)   Merge Heap Roots: 0.42ms
[16.067s][info][gc,phases   ] GC(43)   Evacuate Collection Set: 69.17ms
[16.067s][info][gc,phases   ] GC(43)   Post Evacuate Collection Set: 0.40ms
[16.067s][info][gc,phases   ] GC(43)   Other: 0.08ms
[16.067s][info][gc,heap     ] GC(43) Eden regions: 102->0(277)
[16.067s][info][gc,heap     ] GC(43) Survivor regions: 19->16(16)
[16.067s][info][gc,heap     ] GC(43) Old regions: 356->390
[16.067s][info][gc,heap     ] GC(43) Humongous regions: 4->4
[16.067s][info][gc,metaspace] GC(43) Metaspace: 17151K(17344K)->17151K(17344K) NonClass: 14551K(14656K)->14551K(14656K) Class: 2600K(2688K)->2600K(2688K)
[16.067s][info][gc          ] GC(43) Pause Young (Normal) (G1 Evacuation Pause) 481M->409M(871M) 70.666ms
[16.067s][info][gc,cpu      ] GC(43) User=0.14s Sys=0.00s Real=0.08s
[16.298s][info][gc,marking  ] GC(41) Concurrent Rebuild Remembered Sets and Scrub Regions 335.512ms
[16.298s][info][gc,start    ] GC(41) Pause Cleanup
[16.299s][info][gc          ] GC(41) Pause Cleanup 537M->537M(871M) 0.152ms
[16.299s][info][gc,cpu      ] GC(41) User=0.00s Sys=0.00s Real=0.00s
[16.301s][info][gc,marking  ] GC(41) Concurrent Clear Claimed Marks
[16.301s][info][gc,marking  ] GC(41) Concurrent Clear Claimed Marks 0.043ms
[16.301s][info][gc,marking  ] GC(41) Concurrent Cleanup for Next Mark
[16.306s][info][gc,marking  ] GC(41) Concurrent Cleanup for Next Mark 4.828ms
[16.306s][info][gc          ] GC(41) Concurrent Mark Cycle 1052.562ms
[16.536s][info][gc,start    ] GC(44) Pause Young (Prepare Mixed) (G1 Evacuation Pause)
[16.536s][info][gc,task     ] GC(44) Using 2 workers of 2 for evacuation
[16.593s][info][gc,phases   ] GC(44)   Pre Evacuate Collection Set: 0.27ms
[16.593s][info][gc,phases   ] GC(44)   Merge Heap Roots: 0.30ms
[16.593s][info][gc,phases   ] GC(44)   Evacuate Collection Set: 56.39ms
[16.593s][info][gc,phases   ] GC(44)   Post Evacuate Collection Set: 0.58ms
[16.593s][info][gc,phases   ] GC(44)   Other: 0.10ms
[16.593s][info][gc,heap     ] GC(44) Eden regions: 277->0(256)
[16.593s][info][gc,heap     ] GC(44) Survivor regions: 16->37(37)
[16.593s][info][gc,heap     ] GC(44) Old regions: 390->407
[16.593s][info][gc,heap     ] GC(44) Humongous regions: 4->4
[16.593s][info][gc,metaspace] GC(44) Metaspace: 17153K(17344K)->17153K(17344K) NonClass: 14553K(14656K)->14553K(14656K) Class: 2600K(2688K)->2600K(2688K)
[16.593s][info][gc          ] GC(44) Pause Young (Prepare Mixed) (G1 Evacuation Pause) 686M->448M(871M) 57.875ms
[16.594s][info][gc,cpu      ] GC(44) User=0.11s Sys=0.00s Real=0.06s
[16.959s][info][gc,start    ] GC(45) Pause Young (Mixed) (G1 Evacuation Pause)
[16.959s][info][gc,task     ] GC(45) Using 2 workers of 2 for evacuation
[17.023s][info][gc,phases   ] GC(45)   Pre Evacuate Collection Set: 0.34ms
[17.023s][info][gc,phases   ] GC(45)   Merge Heap Roots: 0.46ms
[17.023s][info][gc,phases   ] GC(45)   Evacuate Collection Set: 62.17ms
[17.023s][info][gc,phases   ] GC(45)   Merge Optional Heap Roots: 0.09ms
[17.023s][info][gc,phases   ] GC(45)   Evacuate Optional Collection Set: 0.63ms
[17.023s][info][gc,phases   ] GC(45)   Post Evacuate Collection Set: 0.72ms
[17.023s][info][gc,phases   ] GC(45)   Other: 0.10ms
[17.023s][info][gc,heap     ] GC(45) Eden regions: 256->0(299)
[17.023s][info][gc,heap     ] GC(45) Survivor regions: 37->15(37)
[17.023s][info][gc,heap     ] GC(45) Old regions: 407->357
[17.023s][info][gc,heap     ] GC(45) Humongous regions: 5->5
[17.023s][info][gc,metaspace] GC(45) Metaspace: 17168K(17344K)->17168K(17344K) NonClass: 14562K(14656K)->14562K(14656K) Class: 2606K(2688K)->2606K(2688K)
[17.023s][info][gc          ] GC(45) Pause Young (Mixed) (G1 Evacuation Pause) 705M->376M(871M) 64.727ms
[17.023s][info][gc,cpu      ] GC(45) User=0.13s Sys=0.00s Real=0.06s
[17.527s][info][gc,start    ] GC(46) Pause Young (Mixed) (G1 Evacuation Pause)
[17.527s][info][gc,task     ] GC(46) Using 2 workers of 2 for evacuation
[17.626s][info][gc,phases   ] GC(46)   Pre Evacuate Collection Set: 1.09ms
[17.626s][info][gc,phases   ] GC(46)   Merge Heap Roots: 0.86ms
[17.626s][info][gc,phases   ] GC(46)   Evacuate Collection Set: 96.01ms
[17.626s][info][gc,phases   ] GC(46)   Post Evacuate Collection Set: 0.64ms
[17.626s][info][gc,phases   ] GC(46)   Other: 0.11ms
[17.626s][info][gc,heap     ] GC(46) Eden regions: 299->0(282)
[17.626s][info][gc,heap     ] GC(46) Survivor regions: 15->40(40)
[17.626s][info][gc,heap     ] GC(46) Old regions: 357->373
[17.626s][info][gc,heap     ] GC(46) Humongous regions: 7->7
[17.626s][info][gc,metaspace] GC(46) Metaspace: 17171K(17344K)->17171K(17344K) NonClass: 14565K(14656K)->14565K(14656K) Class: 2606K(2688K)->2606K(2688K)
[17.626s][info][gc          ] GC(46) Pause Young (Mixed) (G1 Evacuation Pause) 677M->419M(871M) 98.980ms
[17.626s][info][gc,cpu      ] GC(46) User=0.20s Sys=0.00s Real=0.09s
[18.163s][info][gc,start    ] GC(47) Pause Young (Concurrent Start) (G1 Evacuation Pause)
[18.163s][info][gc,task     ] GC(47) Using 2 workers of 2 for evacuation
[18.224s][info][gc,phases   ] GC(47)   Pre Evacuate Collection Set: 0.29ms
[18.224s][info][gc,phases   ] GC(47)   Merge Heap Roots: 0.43ms
[18.224s][info][gc,phases   ] GC(47)   Evacuate Collection Set: 59.67ms
[18.224s][info][gc,phases   ] GC(47)   Post Evacuate Collection Set: 0.78ms
[18.224s][info][gc,phases   ] GC(47)   Other: 0.11ms
[18.224s][info][gc,heap     ] GC(47) Eden regions: 282->0(309)
[18.224s][info][gc,heap     ] GC(47) Survivor regions: 40->5(41)
[18.224s][info][gc,heap     ] GC(47) Old regions: 373->413
[18.224s][info][gc,heap     ] GC(47) Humongous regions: 7->7
[18.224s][info][gc,metaspace] GC(47) Metaspace: 17176K(17344K)->17176K(17344K) NonClass: 14570K(14656K)->14570K(14656K) Class: 2606K(2688K)->2606K(2688K)
[18.224s][info][gc          ] GC(47) Pause Young (Concurrent Start) (G1 Evacuation Pause) 701M->425M(893M) 61.521ms
[18.225s][info][gc          ] GC(48) Concurrent Mark Cycle
[18.225s][info][gc,marking  ] GC(48) Concurrent Scan Root Regions
[18.227s][info][gc,cpu      ] GC(47) User=0.12s Sys=0.00s Real=0.07s
[18.331s][info][gc,marking  ] GC(48) Concurrent Scan Root Regions 106.709ms
[18.331s][info][gc,marking  ] GC(48) Concurrent Mark
[18.331s][info][gc,marking  ] GC(48) Concurrent Mark From Roots
[18.331s][info][gc,task     ] GC(48) Using 1 workers of 1 for marking
[19.110s][info][gc,marking  ] GC(48) Concurrent Mark From Roots 778.650ms
[19.110s][info][gc,marking  ] GC(48) Concurrent Preclean
[19.110s][info][gc,marking  ] GC(48) Concurrent Preclean 0.032ms
[19.110s][info][gc,start    ] GC(48) Pause Remark
[19.117s][info][gc          ] GC(48) Pause Remark 630M->547M(893M) 6.555ms
[19.117s][info][gc,cpu      ] GC(48) User=0.01s Sys=0.00s Real=0.00s
[19.117s][info][gc,marking  ] GC(48) Concurrent Mark 785.801ms
[19.117s][info][gc,marking  ] GC(48) Concurrent Rebuild Remembered Sets and Scrub Regions
[19.477s][info][gc,marking  ] GC(48) Concurrent Rebuild Remembered Sets and Scrub Regions 359.453ms
[19.477s][info][gc,start    ] GC(48) Pause Cleanup
[19.477s][info][gc          ] GC(48) Pause Cleanup 626M->626M(893M) 0.095ms
[19.477s][info][gc,cpu      ] GC(48) User=0.00s Sys=0.00s Real=0.00s
[19.477s][info][gc,marking  ] GC(48) Concurrent Clear Claimed Marks
[19.477s][info][gc,marking  ] GC(48) Concurrent Clear Claimed Marks 0.024ms
[19.477s][info][gc,marking  ] GC(48) Concurrent Cleanup for Next Mark
[19.480s][info][gc,marking  ] GC(48) Concurrent Cleanup for Next Mark 2.853ms
[19.480s][info][gc          ] GC(48) Concurrent Mark Cycle 1255.305ms
[19.538s][info][gc,start    ] GC(49) Pause Young (Prepare Mixed) (G1 Evacuation Pause)
[19.538s][info][gc,task     ] GC(49) Using 2 workers of 2 for evacuation
[19.570s][info][gc,phases   ] GC(49)   Pre Evacuate Collection Set: 0.26ms
[19.571s][info][gc,phases   ] GC(49)   Merge Heap Roots: 0.30ms
[19.571s][info][gc,phases   ] GC(49)   Evacuate Collection Set: 31.19ms
[19.571s][info][gc,phases   ] GC(49)   Post Evacuate Collection Set: 0.51ms
[19.571s][info][gc,phases   ] GC(49)   Other: 0.10ms
[19.571s][info][gc,heap     ] GC(49) Eden regions: 309->0(348)
[19.571s][info][gc,heap     ] GC(49) Survivor regions: 5->26(40)
[19.571s][info][gc,heap     ] GC(49) Old regions: 333->333
[19.571s][info][gc,heap     ] GC(49) Humongous regions: 4->4
[19.571s][info][gc,metaspace] GC(49) Metaspace: 17199K(17408K)->17199K(17408K) NonClass: 14593K(14720K)->14593K(14720K) Class: 2606K(2688K)->2606K(2688K)
[19.571s][info][gc          ] GC(49) Pause Young (Prepare Mixed) (G1 Evacuation Pause) 651M->362M(893M) 32.573ms
[19.571s][info][gc,cpu      ] GC(49) User=0.06s Sys=0.01s Real=0.03s
[20.632s][info][gc,start    ] GC(50) Pause Young (Mixed) (G1 Evacuation Pause)
[20.632s][info][gc,task     ] GC(50) Using 2 workers of 2 for evacuation
[20.690s][info][gc,phases   ] GC(50)   Pre Evacuate Collection Set: 0.44ms
[20.690s][info][gc,phases   ] GC(50)   Merge Heap Roots: 0.93ms
[20.690s][info][gc,phases   ] GC(50)   Evacuate Collection Set: 55.07ms
[20.690s][info][gc,phases   ] GC(50)   Post Evacuate Collection Set: 0.60ms
[20.690s][info][gc,phases   ] GC(50)   Other: 0.10ms
[20.690s][info][gc,heap     ] GC(50) Eden regions: 348->0(356)
[20.690s][info][gc,heap     ] GC(50) Survivor regions: 26->38(47)
[20.690s][info][gc,heap     ] GC(50) Old regions: 333->323
[20.690s][info][gc,heap     ] GC(50) Humongous regions: 4->4
[20.690s][info][gc,metaspace] GC(50) Metaspace: 17216K(17408K)->17216K(17408K) NonClass: 14610K(14720K)->14610K(14720K) Class: 2606K(2688K)->2606K(2688K)
[20.690s][info][gc          ] GC(50) Pause Young (Mixed) (G1 Evacuation Pause) 710M->364M(893M) 57.325ms
[20.690s][info][gc,cpu      ] GC(50) User=0.11s Sys=0.00s Real=0.06s
[21.319s][info][gc,start    ] GC(51) Pause Young (Concurrent Start) (G1 Evacuation Pause)
[21.319s][info][gc,task     ] GC(51) Using 2 workers of 2 for evacuation
[21.411s][info][gc,phases   ] GC(51)   Pre Evacuate Collection Set: 0.25ms
[21.411s][info][gc,phases   ] GC(51)   Merge Heap Roots: 0.21ms
[21.411s][info][gc,phases   ] GC(51)   Evacuate Collection Set: 90.70ms
[21.411s][info][gc,phases   ] GC(51)   Post Evacuate Collection Set: 0.72ms
[21.411s][info][gc,phases   ] GC(51)   Other: 0.12ms
[21.411s][info][gc,heap     ] GC(51) Eden regions: 356->0(326)
[21.411s][info][gc,heap     ] GC(51) Survivor regions: 38->50(50)
[21.411s][info][gc,heap     ] GC(51) Old regions: 323->370
[21.411s][info][gc,heap     ] GC(51) Humongous regions: 4->4
[21.411s][info][gc,metaspace] GC(51) Metaspace: 17221K(17408K)->17221K(17408K) NonClass: 14615K(14720K)->14615K(14720K) Class: 2606K(2688K)->2606K(2688K)
[21.411s][info][gc          ] GC(51) Pause Young (Concurrent Start) (G1 Evacuation Pause) 720M->424M(893M) 92.220ms
[21.411s][info][gc,cpu      ] GC(51) User=0.18s Sys=0.00s Real=0.09s
[21.411s][info][gc          ] GC(52) Concurrent Mark Cycle
[21.411s][info][gc,marking  ] GC(52) Concurrent Scan Root Regions
[21.529s][info][gc,marking  ] GC(52) Concurrent Scan Root Regions 118.000ms
[21.530s][info][gc,marking  ] GC(52) Concurrent Mark
[21.530s][info][gc,marking  ] GC(52) Concurrent Mark From Roots
[21.530s][info][gc,task     ] GC(52) Using 1 workers of 1 for marking
[22.290s][info][gc,start    ] GC(53) Pause Young (Normal) (G1 Evacuation Pause)
[22.290s][info][gc,task     ] GC(53) Using 2 workers of 2 for evacuation
[22.428s][info][gc,phases   ] GC(53)   Pre Evacuate Collection Set: 0.27ms
[22.428s][info][gc,phases   ] GC(53)   Merge Heap Roots: 0.43ms
[22.428s][info][gc,phases   ] GC(53)   Evacuate Collection Set: 136.42ms
[22.428s][info][gc,phases   ] GC(53)   Post Evacuate Collection Set: 0.62ms
[22.428s][info][gc,phases   ] GC(53)   Other: 0.09ms
[22.428s][info][gc,heap     ] GC(53) Eden regions: 326->0(283)
[22.428s][info][gc,heap     ] GC(53) Survivor regions: 50->47(47)
[22.428s][info][gc,heap     ] GC(53) Old regions: 370->433
[22.428s][info][gc,heap     ] GC(53) Humongous regions: 7->7
[22.428s][info][gc,metaspace] GC(53) Metaspace: 17239K(17472K)->17239K(17472K) NonClass: 14632K(14784K)->14632K(14784K) Class: 2607K(2688K)->2607K(2688K)
[22.428s][info][gc          ] GC(53) Pause Young (Normal) (G1 Evacuation Pause) 753M->486M(893M) 138.051ms
[22.428s][info][gc,cpu      ] GC(53) User=0.27s Sys=0.00s Real=0.14s
[22.681s][info][gc,marking  ] GC(52) Concurrent Mark From Roots 1151.801ms
[22.681s][info][gc,marking  ] GC(52) Concurrent Preclean
[22.681s][info][gc,marking  ] GC(52) Concurrent Preclean 0.028ms
[22.682s][info][gc,start    ] GC(52) Pause Remark
[22.691s][info][gc          ] GC(52) Pause Remark 639M->631M(893M) 9.403ms
[22.691s][info][gc,cpu      ] GC(52) User=0.02s Sys=0.00s Real=0.01s
[22.691s][info][gc,marking  ] GC(52) Concurrent Mark 1161.786ms
[22.691s][info][gc,marking  ] GC(52) Concurrent Rebuild Remembered Sets and Scrub Regions
[22.927s][info][gc,start    ] GC(54) Pause Young (Normal) (G1 Evacuation Pause)
[22.927s][info][gc,task     ] GC(54) Using 2 workers of 2 for evacuation
[23.015s][info][gc,phases   ] GC(54)   Pre Evacuate Collection Set: 0.26ms
[23.015s][info][gc,phases   ] GC(54)   Merge Heap Roots: 0.27ms
[23.015s][info][gc,phases   ] GC(54)   Evacuate Collection Set: 86.34ms
[23.015s][info][gc,phases   ] GC(54)   Post Evacuate Collection Set: 0.50ms
[23.015s][info][gc,phases   ] GC(54)   Other: 0.10ms
[23.015s][info][gc,heap     ] GC(54) Eden regions: 283->0(261)
[23.015s][info][gc,heap     ] GC(54) Survivor regions: 47->39(42)
[23.015s][info][gc,heap     ] GC(54) Old regions: 425->472
[23.015s][info][gc,heap     ] GC(54) Humongous regions: 7->7
[23.015s][info][gc,metaspace] GC(54) Metaspace: 17244K(17472K)->17244K(17472K) NonClass: 14637K(14784K)->14637K(14784K) Class: 2607K(2688K)->2607K(2688K)
[23.015s][info][gc          ] GC(54) Pause Young (Normal) (G1 Evacuation Pause) 761M->517M(893M) 87.762ms
[23.015s][info][gc,cpu      ] GC(54) User=0.18s Sys=0.00s Real=0.08s
[23.280s][info][gc,marking  ] GC(52) Concurrent Rebuild Remembered Sets and Scrub Regions 588.302ms
[23.280s][info][gc,start    ] GC(52) Pause Cleanup
[23.280s][info][gc          ] GC(52) Pause Cleanup 734M->734M(893M) 0.133ms
[23.280s][info][gc,cpu      ] GC(52) User=0.00s Sys=0.00s Real=0.00s
[23.280s][info][gc,marking  ] GC(52) Concurrent Clear Claimed Marks
[23.280s][info][gc,marking  ] GC(52) Concurrent Clear Claimed Marks 0.033ms
[23.280s][info][gc,marking  ] GC(52) Concurrent Cleanup for Next Mark
[23.285s][info][gc,marking  ] GC(52) Concurrent Cleanup for Next Mark 4.610ms
[23.285s][info][gc          ] GC(52) Concurrent Mark Cycle 1873.265ms
[23.314s][info][gc,start    ] GC(55) Pause Young (Prepare Mixed) (G1 Evacuation Pause)
[23.314s][info][gc,task     ] GC(55) Using 2 workers of 2 for evacuation
[23.355s][info][gc,phases   ] GC(55)   Pre Evacuate Collection Set: 0.26ms
[23.355s][info][gc,phases   ] GC(55)   Merge Heap Roots: 0.20ms
[23.355s][info][gc,phases   ] GC(55)   Evacuate Collection Set: 40.20ms
[23.355s][info][gc,phases   ] GC(55)   Post Evacuate Collection Set: 0.47ms
[23.356s][info][gc,phases   ] GC(55)   Other: 0.07ms
[23.356s][info][gc,heap     ] GC(55) Eden regions: 261->0(275)
[23.356s][info][gc,heap     ] GC(55) Survivor regions: 39->4(38)
[23.356s][info][gc,heap     ] GC(55) Old regions: 472->510
[23.356s][info][gc,heap     ] GC(55) Humongous regions: 7->7
[23.356s][info][gc,metaspace] GC(55) Metaspace: 17261K(17472K)->17261K(17472K) NonClass: 14654K(14784K)->14654K(14784K) Class: 2607K(2688K)->2607K(2688K)
[23.356s][info][gc          ] GC(55) Pause Young (Prepare Mixed) (G1 Evacuation Pause) 778M->521M(893M) 41.382ms
[23.356s][info][gc,cpu      ] GC(55) User=0.08s Sys=0.00s Real=0.04s
[23.736s][info][gc,start    ] GC(56) Pause Young (Mixed) (G1 Evacuation Pause)
[23.736s][info][gc,task     ] GC(56) Using 2 workers of 2 for evacuation
[23.817s][info][gc,phases   ] GC(56)   Pre Evacuate Collection Set: 0.29ms
[23.817s][info][gc,phases   ] GC(56)   Merge Heap Roots: 1.56ms
[23.817s][info][gc,phases   ] GC(56)   Evacuate Collection Set: 78.09ms
[23.817s][info][gc,phases   ] GC(56)   Post Evacuate Collection Set: 0.55ms
[23.817s][info][gc,phases   ] GC(56)   Other: 0.11ms
[23.817s][info][gc,heap     ] GC(56) Eden regions: 275->0(239)
[23.817s][info][gc,heap     ] GC(56) Survivor regions: 4->35(35)
[23.817s][info][gc,heap     ] GC(56) Old regions: 510->512
[23.817s][info][gc,heap     ] GC(56) Humongous regions: 8->8
[23.817s][info][gc,metaspace] GC(56) Metaspace: 17263K(17472K)->17263K(17472K) NonClass: 14656K(14784K)->14656K(14784K) Class: 2607K(2688K)->2607K(2688K)
[23.817s][info][gc          ] GC(56) Pause Young (Mixed) (G1 Evacuation Pause) 797M->555M(893M) 80.853ms
[23.817s][info][gc,cpu      ] GC(56) User=0.16s Sys=0.00s Real=0.08s
[24.447s][info][gc,start    ] GC(57) Pause Young (Concurrent Start) (G1 Evacuation Pause)
[24.447s][info][gc,task     ] GC(57) Using 2 workers of 2 for evacuation
[24.504s][info][gc,phases   ] GC(57)   Pre Evacuate Collection Set: 0.28ms
[24.504s][info][gc,phases   ] GC(57)   Merge Heap Roots: 0.28ms
[24.504s][info][gc,phases   ] GC(57)   Evacuate Collection Set: 54.77ms
[24.504s][info][gc,phases   ] GC(57)   Post Evacuate Collection Set: 0.85ms
[24.504s][info][gc,phases   ] GC(57)   Other: 0.12ms
[24.504s][info][gc,heap     ] GC(57) Eden regions: 239->0(260)
[24.504s][info][gc,heap     ] GC(57) Survivor regions: 35->13(35)
[24.504s][info][gc,heap     ] GC(57) Old regions: 512->548
[24.504s][info][gc,heap     ] GC(57) Humongous regions: 8->8
[24.504s][info][gc,metaspace] GC(57) Metaspace: 17283K(17472K)->17283K(17472K) NonClass: 14675K(14784K)->14675K(14784K) Class: 2607K(2688K)->2607K(2688K)
[24.504s][info][gc          ] GC(57) Pause Young (Concurrent Start) (G1 Evacuation Pause) 794M->568M(922M) 56.555ms
[24.504s][info][gc,cpu      ] GC(57) User=0.11s Sys=0.00s Real=0.05s
[24.504s][info][gc          ] GC(58) Concurrent Mark Cycle
[24.506s][info][gc,marking  ] GC(58) Concurrent Scan Root Regions
[24.608s][info][gc,marking  ] GC(58) Concurrent Scan Root Regions 101.968ms
[24.608s][info][gc,marking  ] GC(58) Concurrent Mark
[24.608s][info][gc,marking  ] GC(58) Concurrent Mark From Roots
[24.608s][info][gc,task     ] GC(58) Using 1 workers of 1 for marking
[25.688s][info][gc,marking  ] GC(58) Concurrent Mark From Roots 1079.864ms
[25.688s][info][gc,marking  ] GC(58) Concurrent Preclean
[25.688s][info][gc,marking  ] GC(58) Concurrent Preclean 0.030ms
[25.688s][info][gc,start    ] GC(58) Pause Remark
[25.695s][info][gc          ] GC(58) Pause Remark 823M->742M(922M) 6.881ms
[25.695s][info][gc,cpu      ] GC(58) User=0.01s Sys=0.00s Real=0.00s
[25.695s][info][gc,marking  ] GC(58) Concurrent Mark 1087.365ms
[25.695s][info][gc,marking  ] GC(58) Concurrent Rebuild Remembered Sets and Scrub Regions
[25.715s][info][gc,start    ] GC(59) Pause Young (Normal) (G1 Evacuation Pause)
[25.715s][info][gc,task     ] GC(59) Using 2 workers of 2 for evacuation
[25.761s][info][gc,phases   ] GC(59)   Pre Evacuate Collection Set: 0.30ms
[25.761s][info][gc,phases   ] GC(59)   Merge Heap Roots: 0.38ms
[25.761s][info][gc,phases   ] GC(59)   Evacuate Collection Set: 45.02ms
[25.761s][info][gc,phases   ] GC(59)   Post Evacuate Collection Set: 0.52ms
[25.761s][info][gc,phases   ] GC(59)   Other: 0.12ms
[25.761s][info][gc,heap     ] GC(59) Eden regions: 260->0(308)
[25.761s][info][gc,heap     ] GC(59) Survivor regions: 13->30(35)
[25.761s][info][gc,heap     ] GC(59) Old regions: 470->470
[25.761s][info][gc,heap     ] GC(59) Humongous regions: 5->5
[25.761s][info][gc,metaspace] GC(59) Metaspace: 17295K(17472K)->17295K(17472K) NonClass: 14687K(14784K)->14687K(14784K) Class: 2608K(2688K)->2608K(2688K)
[25.761s][info][gc          ] GC(59) Pause Young (Normal) (G1 Evacuation Pause) 747M->504M(922M) 46.560ms
[25.761s][info][gc,cpu      ] GC(59) User=0.09s Sys=0.00s Real=0.05s
[26.419s][info][gc,marking  ] GC(58) Concurrent Rebuild Remembered Sets and Scrub Regions 723.309ms
[26.419s][info][gc,start    ] GC(58) Pause Cleanup
[26.419s][info][gc          ] GC(58) Pause Cleanup 806M->806M(922M) 0.145ms
[26.419s][info][gc,cpu      ] GC(58) User=0.00s Sys=0.00s Real=0.00s
[26.419s][info][gc,marking  ] GC(58) Concurrent Clear Claimed Marks
[26.419s][info][gc,marking  ] GC(58) Concurrent Clear Claimed Marks 0.045ms
[26.419s][info][gc,marking  ] GC(58) Concurrent Cleanup for Next Mark
[26.426s][info][gc,marking  ] GC(58) Concurrent Cleanup for Next Mark 6.779ms
[26.426s][info][gc          ] GC(58) Concurrent Mark Cycle 1922.118ms
[26.428s][info][gc,start    ] GC(60) Pause Young (Prepare Mixed) (G1 Evacuation Pause)
[26.428s][info][gc,task     ] GC(60) Using 2 workers of 2 for evacuation
[26.538s][info][gc,phases   ] GC(60)   Pre Evacuate Collection Set: 0.43ms
[26.538s][info][gc,phases   ] GC(60)   Merge Heap Roots: 0.34ms
[26.538s][info][gc,phases   ] GC(60)   Evacuate Collection Set: 108.53ms
[26.538s][info][gc,phases   ] GC(60)   Post Evacuate Collection Set: 0.87ms
[26.538s][info][gc,phases   ] GC(60)   Other: 0.09ms
[26.538s][info][gc,heap     ] GC(60) Eden regions: 308->0(237)
[26.538s][info][gc,heap     ] GC(60) Survivor regions: 30->43(43)
[26.538s][info][gc,heap     ] GC(60) Old regions: 470->523
[26.538s][info][gc,heap     ] GC(60) Humongous regions: 5->5
[26.538s][info][gc,metaspace] GC(60) Metaspace: 17315K(17472K)->17315K(17472K) NonClass: 14706K(14784K)->14706K(14784K) Class: 2608K(2688K)->2608K(2688K)
[26.538s][info][gc          ] GC(60) Pause Young (Prepare Mixed) (G1 Evacuation Pause) 812M->570M(922M) 110.518ms
[26.538s][info][gc,cpu      ] GC(60) User=0.22s Sys=0.00s Real=0.11s
[27.114s][info][gc,start    ] GC(61) Pause Young (Mixed) (G1 Evacuation Pause)
[27.114s][info][gc,task     ] GC(61) Using 2 workers of 2 for evacuation
[27.208s][info][gc,phases   ] GC(61)   Pre Evacuate Collection Set: 0.45ms
[27.208s][info][gc,phases   ] GC(61)   Merge Heap Roots: 1.07ms
[27.208s][info][gc,phases   ] GC(61)   Evacuate Collection Set: 91.01ms
[27.208s][info][gc,phases   ] GC(61)   Post Evacuate Collection Set: 0.90ms
[27.208s][info][gc,phases   ] GC(61)   Other: 0.10ms
[27.208s][info][gc,heap     ] GC(61) Eden regions: 237->0(31)
[27.208s][info][gc,heap     ] GC(61) Survivor regions: 43->15(35)
[27.208s][info][gc,heap     ] GC(61) Old regions: 523->498
[27.208s][info][gc,heap     ] GC(61) Humongous regions: 5->5
[27.208s][info][gc,metaspace] GC(61) Metaspace: 17318K(17472K)->17318K(17472K) NonClass: 14710K(14784K)->14710K(14784K) Class: 2608K(2688K)->2608K(2688K)
[27.208s][info][gc          ] GC(61) Pause Young (Mixed) (G1 Evacuation Pause) 807M->517M(922M) 93.805ms
[27.208s][info][gc,cpu      ] GC(61) User=0.19s Sys=0.00s Real=0.10s
[27.380s][info][gc,start    ] GC(62) Pause Young (Mixed) (G1 Evacuation Pause)
[27.380s][info][gc,task     ] GC(62) Using 2 workers of 2 for evacuation
[27.529s][info][gc,phases   ] GC(62)   Pre Evacuate Collection Set: 0.44ms
[27.529s][info][gc,phases   ] GC(62)   Merge Heap Roots: 1.11ms
[27.529s][info][gc,phases   ] GC(62)   Evacuate Collection Set: 146.57ms
[27.529s][info][gc,phases   ] GC(62)   Post Evacuate Collection Set: 0.40ms
[27.529s][info][gc,phases   ] GC(62)   Other: 0.09ms
[27.529s][info][gc,heap     ] GC(62) Eden regions: 31->0(291)
[27.529s][info][gc,heap     ] GC(62) Survivor regions: 15->1(6)
[27.529s][info][gc,heap     ] GC(62) Old regions: 498->511
[27.529s][info][gc,heap     ] GC(62) Humongous regions: 5->5
[27.529s][info][gc,metaspace] GC(62) Metaspace: 17318K(17472K)->17318K(17472K) NonClass: 14710K(14784K)->14710K(14784K) Class: 2608K(2688K)->2608K(2688K)
[27.529s][info][gc          ] GC(62) Pause Young (Mixed) (G1 Evacuation Pause) 548M->517M(922M) 148.890ms
[27.529s][info][gc,cpu      ] GC(62) User=0.29s Sys=0.00s Real=0.15s
[27.560s][info][gc,start    ] GC(63) Pause Young (Concurrent Start) (G1 Humongous Allocation)
[27.560s][info][gc,task     ] GC(63) Using 2 workers of 2 for evacuation
[27.573s][info][gc,phases   ] GC(63)   Pre Evacuate Collection Set: 0.28ms
[27.573s][info][gc,phases   ] GC(63)   Merge Heap Roots: 0.14ms
[27.573s][info][gc,phases   ] GC(63)   Evacuate Collection Set: 12.00ms
[27.573s][info][gc,phases   ] GC(63)   Post Evacuate Collection Set: 0.26ms
[27.573s][info][gc,phases   ] GC(63)   Other: 0.18ms
[27.573s][info][gc,heap     ] GC(63) Eden regions: 13->0(302)
[27.573s][info][gc,heap     ] GC(63) Survivor regions: 1->6(37)
[27.573s][info][gc,heap     ] GC(63) Old regions: 511->511
[27.573s][info][gc,heap     ] GC(63) Humongous regions: 5->5
[27.573s][info][gc,metaspace] GC(63) Metaspace: 17318K(17472K)->17318K(17472K) NonClass: 14710K(14784K)->14710K(14784K) Class: 2608K(2688K)->2608K(2688K)
[27.573s][info][gc          ] GC(63) Pause Young (Concurrent Start) (G1 Humongous Allocation) 530M->521M(922M) 13.051ms
[27.573s][info][gc          ] GC(64) Concurrent Mark Cycle
[27.573s][info][gc,marking  ] GC(64) Concurrent Scan Root Regions
[27.573s][info][gc,cpu      ] GC(63) User=0.03s Sys=0.00s Real=0.01s
[27.596s][info][gc,marking  ] GC(64) Concurrent Scan Root Regions 22.828ms
[27.596s][info][gc,marking  ] GC(64) Concurrent Mark
[27.596s][info][gc,marking  ] GC(64) Concurrent Mark From Roots
[27.596s][info][gc,task     ] GC(64) Using 1 workers of 1 for marking
[28.187s][info][gc,start    ] GC(65) Pause Young (Normal) (G1 Evacuation Pause)
[28.187s][info][gc,task     ] GC(65) Using 2 workers of 2 for evacuation
[28.268s][info][gc,phases   ] GC(65)   Pre Evacuate Collection Set: 0.46ms
[28.268s][info][gc,phases   ] GC(65)   Merge Heap Roots: 0.27ms
[28.268s][info][gc,phases   ] GC(65)   Evacuate Collection Set: 78.93ms
[28.268s][info][gc,phases   ] GC(65)   Post Evacuate Collection Set: 0.87ms
[28.268s][info][gc,phases   ] GC(65)   Other: 0.10ms
[28.268s][info][gc,heap     ] GC(65) Eden regions: 302->0(259)
[28.268s][info][gc,heap     ] GC(65) Survivor regions: 6->39(39)
[28.268s][info][gc,heap     ] GC(65) Old regions: 511->536
[28.268s][info][gc,heap     ] GC(65) Humongous regions: 8->8
[28.268s][info][gc,metaspace] GC(65) Metaspace: 17321K(17472K)->17321K(17472K) NonClass: 14713K(14784K)->14713K(14784K) Class: 2608K(2688K)->2608K(2688K)
[28.268s][info][gc          ] GC(65) Pause Young (Normal) (G1 Evacuation Pause) 826M->583M(945M) 80.836ms
[28.268s][info][gc,cpu      ] GC(65) User=0.16s Sys=0.01s Real=0.08s
[28.704s][info][gc,marking  ] GC(64) Concurrent Mark From Roots 1108.575ms
[28.704s][info][gc,marking  ] GC(64) Concurrent Preclean
[28.704s][info][gc,marking  ] GC(64) Concurrent Preclean 0.022ms
[28.705s][info][gc,start    ] GC(64) Pause Remark
[28.714s][info][gc          ] GC(64) Pause Remark 840M->718M(945M) 9.237ms
[28.714s][info][gc,cpu      ] GC(64) User=0.02s Sys=0.00s Real=0.01s
[28.714s][info][gc,marking  ] GC(64) Concurrent Mark 1118.170ms
[28.714s][info][gc,marking  ] GC(64) Concurrent Rebuild Remembered Sets and Scrub Regions
[28.719s][info][gc,start    ] GC(66) Pause Young (Normal) (G1 Evacuation Pause)
[28.719s][info][gc,task     ] GC(66) Using 2 workers of 2 for evacuation
[28.823s][info][gc,phases   ] GC(66)   Pre Evacuate Collection Set: 0.32ms
[28.823s][info][gc,phases   ] GC(66)   Merge Heap Roots: 0.44ms
[28.823s][info][gc,phases   ] GC(66)   Evacuate Collection Set: 102.49ms
[28.823s][info][gc,phases   ] GC(66)   Post Evacuate Collection Set: 0.59ms
[28.823s][info][gc,phases   ] GC(66)   Other: 0.09ms
[28.823s][info][gc,heap     ] GC(66) Eden regions: 259->0(293)
[28.823s][info][gc,heap     ] GC(66) Survivor regions: 39->38(38)
[28.823s][info][gc,heap     ] GC(66) Old regions: 417->472
[28.823s][info][gc,heap     ] GC(66) Humongous regions: 5->5
[28.823s][info][gc,metaspace] GC(66) Metaspace: 17321K(17472K)->17321K(17472K) NonClass: 14713K(14784K)->14713K(14784K) Class: 2608K(2688K)->2608K(2688K)
[28.823s][info][gc          ] GC(66) Pause Young (Normal) (G1 Evacuation Pause) 720M->515M(945M) 104.111ms
[28.823s][info][gc,cpu      ] GC(66) User=0.20s Sys=0.00s Real=0.10s
[29.151s][info][gc,marking  ] GC(64) Concurrent Rebuild Remembered Sets and Scrub Regions 437.333ms
[29.151s][info][gc,start    ] GC(64) Pause Cleanup
[29.151s][info][gc          ] GC(64) Pause Cleanup 651M->651M(945M) 0.132ms
[29.151s][info][gc,cpu      ] GC(64) User=0.00s Sys=0.00s Real=0.00s
[29.153s][info][gc,marking  ] GC(64) Concurrent Clear Claimed Marks
[29.153s][info][gc,marking  ] GC(64) Concurrent Clear Claimed Marks 0.042ms
[29.153s][info][gc,marking  ] GC(64) Concurrent Cleanup for Next Mark
[29.162s][info][gc,marking  ] GC(64) Concurrent Cleanup for Next Mark 8.663ms
[29.162s][info][gc          ] GC(64) Concurrent Mark Cycle 1589.227ms
[29.427s][info][gc,start    ] GC(67) Pause Young (Prepare Mixed) (G1 Evacuation Pause)
[29.427s][info][gc,task     ] GC(67) Using 2 workers of 2 for evacuation
[29.501s][info][gc,phases   ] GC(67)   Pre Evacuate Collection Set: 0.45ms
[29.501s][info][gc,phases   ] GC(67)   Merge Heap Roots: 0.53ms
[29.501s][info][gc,phases   ] GC(67)   Evacuate Collection Set: 72.36ms
[29.501s][info][gc,phases   ] GC(67)   Post Evacuate Collection Set: 0.60ms
[29.501s][info][gc,phases   ] GC(67)   Other: 0.10ms
[29.501s][info][gc,heap     ] GC(67) Eden regions: 293->0(255)
[29.501s][info][gc,heap     ] GC(67) Survivor regions: 38->32(42)
[29.501s][info][gc,heap     ] GC(67) Old regions: 472->511
[29.501s][info][gc,heap     ] GC(67) Humongous regions: 5->5
[29.501s][info][gc,metaspace] GC(67) Metaspace: 17323K(17472K)->17323K(17472K) NonClass: 14714K(14784K)->14714K(14784K) Class: 2608K(2688K)->2608K(2688K)
[29.501s][info][gc          ] GC(67) Pause Young (Prepare Mixed) (G1 Evacuation Pause) 808M->547M(945M) 74.271ms
[29.501s][info][gc,cpu      ] GC(67) User=0.15s Sys=0.00s Real=0.07s
[29.938s][info][gc,start    ] GC(68) Pause Young (Mixed) (G1 Evacuation Pause)
[29.938s][info][gc,task     ] GC(68) Using 2 workers of 2 for evacuation
[30.060s][info][gc,phases   ] GC(68)   Pre Evacuate Collection Set: 0.30ms
[30.060s][info][gc,phases   ] GC(68)   Merge Heap Roots: 0.49ms
[30.060s][info][gc,phases   ] GC(68)   Evacuate Collection Set: 120.57ms
[30.060s][info][gc,phases   ] GC(68)   Post Evacuate Collection Set: 0.57ms
[30.060s][info][gc,phases   ] GC(68)   Other: 0.09ms
[30.060s][info][gc,heap     ] GC(68) Eden regions: 275->0(226)
[30.060s][info][gc,heap     ] GC(68) Survivor regions: 32->39(39)
[30.060s][info][gc,heap     ] GC(68) Old regions: 511->561
[30.060s][info][gc,heap     ] GC(68) Humongous regions: 8->8
[30.060s][info][gc,metaspace] GC(68) Metaspace: 17331K(17472K)->17331K(17472K) NonClass: 14722K(14784K)->14722K(14784K) Class: 2609K(2688K)->2609K(2688K)
[30.060s][info][gc          ] GC(68) Pause Young (Mixed) (G1 Evacuation Pause) 825M->607M(945M) 122.285ms
[30.060s][info][gc,cpu      ] GC(68) User=0.24s Sys=0.00s Real=0.12s
[30.336s][info][gc,start    ] GC(69) Pause Young (Mixed) (G1 Evacuation Pause)
[30.336s][info][gc,task     ] GC(69) Using 2 workers of 2 for evacuation
[30.388s][info][gc,phases   ] GC(69)   Pre Evacuate Collection Set: 0.53ms
[30.388s][info][gc,phases   ] GC(69)   Merge Heap Roots: 0.41ms
[30.388s][info][gc,phases   ] GC(69)   Evacuate Collection Set: 50.46ms
[30.388s][info][gc,phases   ] GC(69)   Post Evacuate Collection Set: 0.51ms
[30.388s][info][gc,phases   ] GC(69)   Other: 0.09ms
[30.388s][info][gc,heap     ] GC(69) Eden regions: 226->0(284)
[30.388s][info][gc,heap     ] GC(69) Survivor regions: 39->2(34)
[30.388s][info][gc,heap     ] GC(69) Old regions: 561->520
[30.388s][info][gc,heap     ] GC(69) Humongous regions: 8->8
[30.388s][info][gc,metaspace] GC(69) Metaspace: 17331K(17472K)->17331K(17472K) NonClass: 14722K(14784K)->14722K(14784K) Class: 2609K(2688K)->2609K(2688K)
[30.388s][info][gc          ] GC(69) Pause Young (Mixed) (G1 Evacuation Pause) 833M->529M(945M) 52.225ms
[30.388s][info][gc,cpu      ] GC(69) User=0.11s Sys=0.00s Real=0.06s
[30.930s][info][gc,start    ] GC(70) Pause Young (Concurrent Start) (G1 Evacuation Pause)
[30.930s][info][gc,task     ] GC(70) Using 2 workers of 2 for evacuation
[30.965s][info][gc,phases   ] GC(70)   Pre Evacuate Collection Set: 0.33ms
[30.965s][info][gc,phases   ] GC(70)   Merge Heap Roots: 0.21ms
[30.965s][info][gc,phases   ] GC(70)   Evacuate Collection Set: 34.30ms
[30.965s][info][gc,phases   ] GC(70)   Post Evacuate Collection Set: 0.48ms
[30.965s][info][gc,phases   ] GC(70)   Other: 0.10ms
[30.965s][info][gc,heap     ] GC(70) Eden regions: 284->0(270)
[30.965s][info][gc,heap     ] GC(70) Survivor regions: 2->30(36)
[30.965s][info][gc,heap     ] GC(70) Old regions: 520->520
[30.965s][info][gc,heap     ] GC(70) Humongous regions: 8->8
[30.965s][info][gc,metaspace] GC(70) Metaspace: 17338K(17536K)->17338K(17536K) NonClass: 14729K(14848K)->14729K(14848K) Class: 2609K(2688K)->2609K(2688K)
[30.965s][info][gc          ] GC(70) Pause Young (Concurrent Start) (G1 Evacuation Pause) 813M->557M(945M) 35.634ms
[30.965s][info][gc,cpu      ] GC(70) User=0.07s Sys=0.01s Real=0.03s
[30.965s][info][gc          ] GC(71) Concurrent Mark Cycle
[30.965s][info][gc,marking  ] GC(71) Concurrent Scan Root Regions
[31.020s][info][gc,marking  ] GC(71) Concurrent Scan Root Regions 54.477ms
[31.020s][info][gc,marking  ] GC(71) Concurrent Mark
[31.020s][info][gc,marking  ] GC(71) Concurrent Mark From Roots
[31.020s][info][gc,task     ] GC(71) Using 1 workers of 1 for marking
[31.930s][info][gc,start    ] GC(72) Pause Young (Normal) (G1 Evacuation Pause)
[31.930s][info][gc,task     ] GC(72) Using 2 workers of 2 for evacuation
[31.966s][info][gc,phases   ] GC(72)   Pre Evacuate Collection Set: 0.30ms
[31.966s][info][gc,phases   ] GC(72)   Merge Heap Roots: 0.26ms
[31.966s][info][gc,phases   ] GC(72)   Evacuate Collection Set: 34.95ms
[31.966s][info][gc,phases   ] GC(72)   Post Evacuate Collection Set: 0.45ms
[31.966s][info][gc,phases   ] GC(72)   Other: 0.10ms
[31.966s][info][gc,heap     ] GC(72) Eden regions: 270->0(285)
[31.966s][info][gc,heap     ] GC(72) Survivor regions: 30->2(38)
[31.966s][info][gc,heap     ] GC(72) Old regions: 520->549
[31.966s][info][gc,heap     ] GC(72) Humongous regions: 8->8
[31.966s][info][gc,metaspace] GC(72) Metaspace: 17339K(17536K)->17339K(17536K) NonClass: 14730K(14848K)->14730K(14848K) Class: 2609K(2688K)->2609K(2688K)
[31.966s][info][gc          ] GC(72) Pause Young (Normal) (G1 Evacuation Pause) 827M->559M(945M) 36.298ms
[31.966s][info][gc,cpu      ] GC(72) User=0.07s Sys=0.01s Real=0.03s
[32.704s][info][gc,marking  ] GC(71) Concurrent Mark From Roots 1684.134ms
[32.704s][info][gc,marking  ] GC(71) Concurrent Preclean
[32.704s][info][gc,marking  ] GC(71) Concurrent Preclean 0.029ms
[32.704s][info][gc,start    ] GC(71) Pause Remark
[32.711s][info][gc          ] GC(71) Pause Remark 770M->768M(945M) 6.252ms
[32.711s][info][gc,cpu      ] GC(71) User=0.01s Sys=0.00s Real=0.01s
[32.711s][info][gc,marking  ] GC(71) Concurrent Mark 1690.732ms
[32.711s][info][gc,marking  ] GC(71) Concurrent Rebuild Remembered Sets and Scrub Regions
[32.973s][info][gc,start    ] GC(73) Pause Young (Normal) (G1 Evacuation Pause)
[32.973s][info][gc,task     ] GC(73) Using 2 workers of 2 for evacuation
[32.977s][info][gc,phases   ] GC(73)   Pre Evacuate Collection Set: 0.28ms
[32.977s][info][gc,phases   ] GC(73)   Merge Heap Roots: 0.14ms
[32.977s][info][gc,phases   ] GC(73)   Evacuate Collection Set: 3.07ms
[32.977s][info][gc,phases   ] GC(73)   Post Evacuate Collection Set: 0.47ms
[32.977s][info][gc,phases   ] GC(73)   Other: 0.08ms
[32.978s][info][gc,heap     ] GC(73) Eden regions: 285->0(299)
[32.978s][info][gc,heap     ] GC(73) Survivor regions: 2->3(36)
[32.978s][info][gc,heap     ] GC(73) Old regions: 549->549
[32.978s][info][gc,heap     ] GC(73) Humongous regions: 6->6
[32.978s][info][gc,metaspace] GC(73) Metaspace: 17339K(17536K)->17339K(17536K) NonClass: 14730K(14848K)->14730K(14848K) Class: 2609K(2688K)->2609K(2688K)
[32.978s][info][gc          ] GC(73) Pause Young (Normal) (G1 Evacuation Pause) 842M->557M(945M) 4.251ms
[32.978s][info][gc,cpu      ] GC(73) User=0.01s Sys=0.00s Real=0.01s
[33.300s][info][gc,marking  ] GC(71) Concurrent Rebuild Remembered Sets and Scrub Regions 589.198ms
[33.301s][info][gc,start    ] GC(71) Pause Cleanup
[33.301s][info][gc          ] GC(71) Pause Cleanup 643M->643M(945M) 0.115ms
[33.301s][info][gc,cpu      ] GC(71) User=0.00s Sys=0.00s Real=0.00s
[33.301s][info][gc,marking  ] GC(71) Concurrent Clear Claimed Marks
[33.301s][info][gc,marking  ] GC(71) Concurrent Clear Claimed Marks 0.036ms
[33.301s][info][gc,marking  ] GC(71) Concurrent Cleanup for Next Mark
[33.308s][info][gc,marking  ] GC(71) Concurrent Cleanup for Next Mark 6.765ms
[33.308s][info][gc          ] GC(71) Concurrent Mark Cycle 2342.183ms
[33.806s][info][gc,start    ] GC(74) Pause Young (Prepare Mixed) (G1 Evacuation Pause)
[33.806s][info][gc,task     ] GC(74) Using 2 workers of 2 for evacuation
[33.837s][info][gc,phases   ] GC(74)   Pre Evacuate Collection Set: 0.53ms
[33.837s][info][gc,phases   ] GC(74)   Merge Heap Roots: 0.56ms
[33.837s][info][gc,phases   ] GC(74)   Evacuate Collection Set: 29.23ms
[33.837s][info][gc,phases   ] GC(74)   Post Evacuate Collection Set: 0.49ms
[33.837s][info][gc,phases   ] GC(74)   Other: 0.10ms
[33.837s][info][gc,heap     ] GC(74) Eden regions: 299->0(291)
[33.837s][info][gc,heap     ] GC(74) Survivor regions: 3->20(38)
[33.837s][info][gc,heap     ] GC(74) Old regions: 549->549
[33.837s][info][gc,heap     ] GC(74) Humongous regions: 6->6
[33.837s][info][gc,metaspace] GC(74) Metaspace: 17346K(17536K)->17346K(17536K) NonClass: 14736K(14848K)->14736K(14848K) Class: 2609K(2688K)->2609K(2688K)
[33.837s][info][gc          ] GC(74) Pause Young (Prepare Mixed) (G1 Evacuation Pause) 856M->574M(945M) 31.129ms
[33.837s][info][gc,cpu      ] GC(74) User=0.05s Sys=0.00s Real=0.04s
[34.254s][info][gc,start    ] GC(75) Pause Young (Mixed) (G1 Evacuation Pause)
[34.254s][info][gc,task     ] GC(75) Using 2 workers of 2 for evacuation
[34.335s][info][gc,phases   ] GC(75)   Pre Evacuate Collection Set: 0.30ms
[34.335s][info][gc,phases   ] GC(75)   Merge Heap Roots: 0.35ms
[34.335s][info][gc,phases   ] GC(75)   Evacuate Collection Set: 78.93ms
[34.335s][info][gc,phases   ] GC(75)   Post Evacuate Collection Set: 1.53ms
[34.335s][info][gc,phases   ] GC(75)   Other: 0.08ms
[34.335s][info][gc,heap     ] GC(75) Eden regions: 291->0(237)
[34.335s][info][gc,heap     ] GC(75) Survivor regions: 20->39(39)
[34.335s][info][gc,heap     ] GC(75) Old regions: 549->576
[34.335s][info][gc,heap     ] GC(75) Humongous regions: 6->6
[34.335s][info][gc,metaspace] GC(75) Metaspace: 17346K(17536K)->17346K(17536K) NonClass: 14736K(14848K)->14736K(14848K) Class: 2609K(2688K)->2609K(2688K)
[34.335s][info][gc          ] GC(75) Pause Young (Mixed) (G1 Evacuation Pause) 865M->621M(945M) 81.471ms
[34.335s][info][gc,cpu      ] GC(75) User=0.16s Sys=0.00s Real=0.08s
[34.436s][info][gc,start    ] GC(76) Pause Young (Concurrent Start) (G1 Humongous Allocation)
[34.436s][info][gc,task     ] GC(76) Using 2 workers of 2 for evacuation
[34.505s][info][gc,phases   ] GC(76)   Pre Evacuate Collection Set: 0.41ms
[34.505s][info][gc,phases   ] GC(76)   Merge Heap Roots: 0.72ms
[34.505s][info][gc,phases   ] GC(76)   Evacuate Collection Set: 66.58ms
[34.505s][info][gc,phases   ] GC(76)   Post Evacuate Collection Set: 0.55ms
[34.505s][info][gc,phases   ] GC(76)   Other: 0.18ms
[34.505s][info][gc,heap     ] GC(76) Eden regions: 47->0(247)
[34.505s][info][gc,heap     ] GC(76) Survivor regions: 39->7(35)
[34.505s][info][gc,heap     ] GC(76) Old regions: 576->616
[34.505s][info][gc,heap     ] GC(76) Humongous regions: 6->6
[34.505s][info][gc,metaspace] GC(76) Metaspace: 17347K(17536K)->17347K(17536K) NonClass: 14738K(14848K)->14738K(14848K) Class: 2609K(2688K)->2609K(2688K)
[34.505s][info][gc          ] GC(76) Pause Young (Concurrent Start) (G1 Humongous Allocation) 667M->628M(952M) 68.697ms
[34.505s][info][gc,cpu      ] GC(76) User=0.13s Sys=0.00s Real=0.07s
[34.505s][info][gc          ] GC(77) Concurrent Mark Cycle
[34.507s][info][gc,marking  ] GC(77) Concurrent Scan Root Regions
[34.562s][info][gc,marking  ] GC(77) Concurrent Scan Root Regions 55.340ms
[34.562s][info][gc,marking  ] GC(77) Concurrent Mark
[34.562s][info][gc,marking  ] GC(77) Concurrent Mark From Roots
[34.562s][info][gc,task     ] GC(77) Using 1 workers of 1 for marking
[35.080s][info][gc,start    ] GC(78) Pause Young (Normal) (G1 Evacuation Pause)
[35.080s][info][gc,task     ] GC(78) Using 2 workers of 2 for evacuation
[35.166s][info][gc,phases   ] GC(78)   Pre Evacuate Collection Set: 0.51ms
[35.166s][info][gc,phases   ] GC(78)   Merge Heap Roots: 0.61ms
[35.166s][info][gc,phases   ] GC(78)   Evacuate Collection Set: 84.34ms
[35.166s][info][gc,phases   ] GC(78)   Post Evacuate Collection Set: 0.58ms
[35.166s][info][gc,phases   ] GC(78)   Other: 0.08ms
[35.166s][info][gc,heap     ] GC(78) Eden regions: 247->0(191)
[35.166s][info][gc,heap     ] GC(78) Survivor regions: 7->32(32)
[35.166s][info][gc,heap     ] GC(78) Old regions: 616->639
[35.166s][info][gc,heap     ] GC(78) Humongous regions: 9->9
[35.166s][info][gc,metaspace] GC(78) Metaspace: 17347K(17536K)->17347K(17536K) NonClass: 14738K(14848K)->14738K(14848K) Class: 2609K(2688K)->2609K(2688K)
[35.166s][info][gc          ] GC(78) Pause Young (Normal) (G1 Evacuation Pause) 878M->679M(952M) 86.386ms
[35.166s][info][gc,cpu      ] GC(78) User=0.17s Sys=0.00s Real=0.08s
[35.471s][info][gc,start    ] GC(79) Pause Young (Normal) (G1 Evacuation Pause)
[35.471s][info][gc,task     ] GC(79) Using 2 workers of 2 for evacuation
[35.520s][info][gc,phases   ] GC(79)   Pre Evacuate Collection Set: 0.29ms
[35.520s][info][gc,phases   ] GC(79)   Merge Heap Roots: 0.37ms
[35.520s][info][gc,phases   ] GC(79)   Evacuate Collection Set: 47.95ms
[35.520s][info][gc,phases   ] GC(79)   Post Evacuate Collection Set: 0.38ms
[35.520s][info][gc,phases   ] GC(79)   Other: 0.08ms
[35.520s][info][gc,heap     ] GC(79) Eden regions: 191->0(205)
[35.520s][info][gc,heap     ] GC(79) Survivor regions: 32->2(28)
[35.520s][info][gc,heap     ] GC(79) Old regions: 639->671
[35.520s][info][gc,heap     ] GC(79) Humongous regions: 9->9
[35.520s][info][gc,metaspace] GC(79) Metaspace: 17347K(17536K)->17347K(17536K) NonClass: 14738K(14848K)->14738K(14848K) Class: 2609K(2688K)->2609K(2688K)
[35.520s][info][gc          ] GC(79) Pause Young (Normal) (G1 Evacuation Pause) 870M->681M(952M) 49.321ms
[35.520s][info][gc,cpu      ] GC(79) User=0.09s Sys=0.00s Real=0.05s
[35.934s][info][gc,start    ] GC(80) Pause Young (Normal) (G1 Evacuation Pause)
[35.934s][info][gc,task     ] GC(80) Using 2 workers of 2 for evacuation
[35.960s][info][gc,phases   ] GC(80)   Pre Evacuate Collection Set: 0.44ms
[35.960s][info][gc,phases   ] GC(80)   Merge Heap Roots: 0.23ms
[35.960s][info][gc,phases   ] GC(80)   Evacuate Collection Set: 25.01ms
[35.960s][info][gc,phases   ] GC(80)   Post Evacuate Collection Set: 0.43ms
[35.960s][info][gc,phases   ] GC(80)   Other: 0.08ms
[35.960s][info][gc,heap     ] GC(80) Eden regions: 205->0(187)
[35.960s][info][gc,heap     ] GC(80) Survivor regions: 2->18(26)
[35.960s][info][gc,heap     ] GC(80) Old regions: 671->671
[35.960s][info][gc,heap     ] GC(80) Humongous regions: 9->9
[35.960s][info][gc,metaspace] GC(80) Metaspace: 17363K(17664K)->17363K(17664K) NonClass: 14752K(14912K)->14752K(14912K) Class: 2611K(2752K)->2611K(2752K)
[35.960s][info][gc          ] GC(80) Pause Young (Normal) (G1 Evacuation Pause) 886M->697M(952M) 26.385ms
[35.960s][info][gc,cpu      ] GC(80) User=0.05s Sys=0.00s Real=0.03s
[36.368s][info][gc,start    ] GC(81) Pause Young (Normal) (G1 Evacuation Pause)
[36.368s][info][gc,task     ] GC(81) Using 2 workers of 2 for evacuation
[36.424s][info][gc,phases   ] GC(81)   Pre Evacuate Collection Set: 0.31ms
[36.424s][info][gc,phases   ] GC(81)   Merge Heap Roots: 0.26ms
[36.424s][info][gc,phases   ] GC(81)   Evacuate Collection Set: 54.81ms
[36.424s][info][gc,phases   ] GC(81)   Post Evacuate Collection Set: 0.46ms
[36.424s][info][gc,phases   ] GC(81)   Other: 0.07ms
[36.424s][info][gc,heap     ] GC(81) Eden regions: 187->0(147)
[36.424s][info][gc,heap     ] GC(81) Survivor regions: 18->26(26)
[36.424s][info][gc,heap     ] GC(81) Old regions: 671->695
[36.424s][info][gc,heap     ] GC(81) Humongous regions: 9->9
[36.424s][info][gc,metaspace] GC(81) Metaspace: 17388K(17664K)->17388K(17664K) NonClass: 14775K(14912K)->14775K(14912K) Class: 2613K(2752K)->2613K(2752K)
[36.424s][info][gc          ] GC(81) Pause Young (Normal) (G1 Evacuation Pause) 884M->729M(952M) 56.166ms
[36.424s][info][gc,cpu      ] GC(81) User=0.11s Sys=0.00s Real=0.05s
[36.616s][info][gc,marking  ] GC(77) Concurrent Mark From Roots 2053.230ms
[36.616s][info][gc,marking  ] GC(77) Concurrent Preclean
[36.616s][info][gc,marking  ] GC(77) Concurrent Preclean 0.031ms
[36.616s][info][gc,start    ] GC(77) Pause Remark
[36.622s][info][gc          ] GC(77) Pause Remark 810M->806M(978M) 6.241ms
[36.622s][info][gc,cpu      ] GC(77) User=0.01s Sys=0.00s Real=0.01s
[36.622s][info][gc,marking  ] GC(77) Concurrent Mark 2059.781ms
[36.622s][info][gc,marking  ] GC(77) Concurrent Rebuild Remembered Sets and Scrub Regions
[36.935s][info][gc,start    ] GC(82) Pause Young (Normal) (G1 Evacuation Pause)
[36.935s][info][gc,task     ] GC(82) Using 2 workers of 2 for evacuation
[36.987s][info][gc,phases   ] GC(82)   Pre Evacuate Collection Set: 0.30ms
[36.987s][info][gc,phases   ] GC(82)   Merge Heap Roots: 0.21ms
[36.987s][info][gc,phases   ] GC(82)   Evacuate Collection Set: 51.01ms
[36.987s][info][gc,phases   ] GC(82)   Post Evacuate Collection Set: 0.37ms
[36.987s][info][gc,phases   ] GC(82)   Other: 0.12ms
[36.987s][info][gc,heap     ] GC(82) Eden regions: 146->0(153)
[36.987s][info][gc,heap     ] GC(82) Survivor regions: 26->22(22)
[36.987s][info][gc,heap     ] GC(82) Old regions: 691->722
[36.987s][info][gc,heap     ] GC(82) Humongous regions: 9->9
[36.987s][info][gc,metaspace] GC(82) Metaspace: 17397K(17664K)->17397K(17664K) NonClass: 14784K(14912K)->14784K(14912K) Class: 2613K(2752K)->2613K(2752K)
[36.987s][info][gc          ] GC(82) Pause Young (Normal) (G1 Evacuation Pause) 871M->752M(978M) 52.245ms
[36.987s][info][gc,cpu      ] GC(82) User=0.10s Sys=0.00s Real=0.05s
[37.331s][info][gc,start    ] GC(83) Pause Young (Normal) (G1 Evacuation Pause)
[37.331s][info][gc,task     ] GC(83) Using 2 workers of 2 for evacuation
[37.366s][info][gc,phases   ] GC(83)   Pre Evacuate Collection Set: 0.49ms
[37.366s][info][gc,phases   ] GC(83)   Merge Heap Roots: 0.15ms
[37.366s][info][gc,phases   ] GC(83)   Evacuate Collection Set: 33.34ms
[37.366s][info][gc,phases   ] GC(83)   Post Evacuate Collection Set: 0.41ms
[37.366s][info][gc,phases   ] GC(83)   Other: 0.09ms
[37.366s][info][gc,heap     ] GC(83) Eden regions: 153->0(151)
[37.366s][info][gc,heap     ] GC(83) Survivor regions: 22->15(22)
[37.366s][info][gc,heap     ] GC(83) Old regions: 722->738
[37.366s][info][gc,heap     ] GC(83) Humongous regions: 9->9
[37.366s][info][gc,metaspace] GC(83) Metaspace: 17433K(17664K)->17433K(17664K) NonClass: 14814K(14912K)->14814K(14912K) Class: 2619K(2752K)->2619K(2752K)
[37.366s][info][gc          ] GC(83) Pause Young (Normal) (G1 Evacuation Pause) 905M->762M(978M) 34.703ms
[37.366s][info][gc,cpu      ] GC(83) User=0.07s Sys=0.00s Real=0.03s
[37.459s][info][gc,marking  ] GC(77) Concurrent Rebuild Remembered Sets and Scrub Regions 837.021ms
[37.459s][info][gc,start    ] GC(77) Pause Cleanup
[37.459s][info][gc          ] GC(77) Pause Cleanup 814M->814M(978M) 0.106ms
[37.459s][info][gc,cpu      ] GC(77) User=0.00s Sys=0.00s Real=0.00s
[37.460s][info][gc,marking  ] GC(77) Concurrent Clear Claimed Marks
[37.460s][info][gc,marking  ] GC(77) Concurrent Clear Claimed Marks 0.024ms
[37.460s][info][gc,marking  ] GC(77) Concurrent Cleanup for Next Mark
[37.463s][info][gc,marking  ] GC(77) Concurrent Cleanup for Next Mark 3.183ms
[37.463s][info][gc          ] GC(77) Concurrent Mark Cycle 2957.703ms
[37.633s][info][gc,start    ] GC(84) Pause Young (Prepare Mixed) (G1 Evacuation Pause)
[37.633s][info][gc,task     ] GC(84) Using 2 workers of 2 for evacuation
[37.658s][info][gc,phases   ] GC(84)   Pre Evacuate Collection Set: 0.52ms
[37.658s][info][gc,phases   ] GC(84)   Merge Heap Roots: 0.20ms
[37.658s][info][gc,phases   ] GC(84)   Evacuate Collection Set: 23.77ms
[37.658s][info][gc,phases   ] GC(84)   Post Evacuate Collection Set: 0.40ms
[37.658s][info][gc,phases   ] GC(84)   Other: 0.08ms
[37.658s][info][gc,heap     ] GC(84) Eden regions: 151->0(156)
[37.658s][info][gc,heap     ] GC(84) Survivor regions: 15->5(21)
[37.658s][info][gc,heap     ] GC(84) Old regions: 738->753
[37.658s][info][gc,heap     ] GC(84) Humongous regions: 9->9
[37.658s][info][gc,metaspace] GC(84) Metaspace: 17445K(17664K)->17445K(17664K) NonClass: 14825K(14912K)->14825K(14912K) Class: 2619K(2752K)->2619K(2752K)
[37.658s][info][gc          ] GC(84) Pause Young (Prepare Mixed) (G1 Evacuation Pause) 913M->766M(978M) 25.204ms
[37.658s][info][gc,cpu      ] GC(84) User=0.05s Sys=0.00s Real=0.03s
[38.071s][info][gc,start    ] GC(85) Pause Young (Mixed) (G1 Evacuation Pause)
[38.071s][info][gc,task     ] GC(85) Using 2 workers of 2 for evacuation
[38.099s][info][gc,phases   ] GC(85)   Pre Evacuate Collection Set: 0.52ms
[38.099s][info][gc,phases   ] GC(85)   Merge Heap Roots: 0.43ms
[38.099s][info][gc,phases   ] GC(85)   Evacuate Collection Set: 25.93ms
[38.099s][info][gc,phases   ] GC(85)   Post Evacuate Collection Set: 0.40ms
[38.099s][info][gc,phases   ] GC(85)   Other: 0.08ms
[38.099s][info][gc,heap     ] GC(85) Eden regions: 156->0(155)
[38.099s][info][gc,heap     ] GC(85) Survivor regions: 5->11(21)
[38.099s][info][gc,heap     ] GC(85) Old regions: 753->742
[38.099s][info][gc,heap     ] GC(85) Humongous regions: 9->9
[38.099s][info][gc,metaspace] GC(85) Metaspace: 17476K(17728K)->17476K(17728K) NonClass: 14857K(14976K)->14857K(14976K) Class: 2619K(2752K)->2619K(2752K)
[38.099s][info][gc          ] GC(85) Pause Young (Mixed) (G1 Evacuation Pause) 922M->761M(978M) 27.533ms
[38.099s][info][gc,cpu      ] GC(85) User=0.05s Sys=0.00s Real=0.03s
[38.302s][info][gc,start    ] GC(86) Pause Young (Concurrent Start) (G1 Evacuation Pause)
[38.302s][info][gc,task     ] GC(86) Using 2 workers of 2 for evacuation
[38.324s][info][gc,phases   ] GC(86)   Pre Evacuate Collection Set: 0.30ms
[38.324s][info][gc,phases   ] GC(86)   Merge Heap Roots: 0.11ms
[38.324s][info][gc,phases   ] GC(86)   Evacuate Collection Set: 20.93ms
[38.324s][info][gc,phases   ] GC(86)   Post Evacuate Collection Set: 0.37ms
[38.324s][info][gc,phases   ] GC(86)   Other: 0.12ms
[38.324s][info][gc,heap     ] GC(86) Eden regions: 155->0(135)
[38.324s][info][gc,heap     ] GC(86) Survivor regions: 11->21(21)
[38.324s][info][gc,heap     ] GC(86) Old regions: 742->742
[38.324s][info][gc,heap     ] GC(86) Humongous regions: 9->9
[38.324s][info][gc,metaspace] GC(86) Metaspace: 17478K(17728K)->17478K(17728K) NonClass: 14858K(14976K)->14858K(14976K) Class: 2619K(2752K)->2619K(2752K)
[38.324s][info][gc          ] GC(86) Pause Young (Concurrent Start) (G1 Evacuation Pause) 916M->771M(978M) 22.049ms
[38.324s][info][gc          ] GC(87) Concurrent Mark Cycle
[38.324s][info][gc,marking  ] GC(87) Concurrent Scan Root Regions
[38.325s][info][gc,cpu      ] GC(86) User=0.05s Sys=0.00s Real=0.02s
[38.353s][info][gc,marking  ] GC(87) Concurrent Scan Root Regions 28.920ms
[38.353s][info][gc,marking  ] GC(87) Concurrent Mark
[38.353s][info][gc,marking  ] GC(87) Concurrent Mark From Roots
[38.353s][info][gc,task     ] GC(87) Using 1 workers of 1 for marking
[38.586s][info][gc,start    ] GC(88) Pause Young (Normal) (G1 Evacuation Pause)
[38.586s][info][gc,task     ] GC(88) Using 2 workers of 2 for evacuation
[38.640s][info][gc,phases   ] GC(88)   Pre Evacuate Collection Set: 0.28ms
[38.640s][info][gc,phases   ] GC(88)   Merge Heap Roots: 0.10ms
[38.640s][info][gc,phases   ] GC(88)   Evacuate Collection Set: 53.35ms
[38.640s][info][gc,phases   ] GC(88)   Post Evacuate Collection Set: 0.54ms
[38.640s][info][gc,phases   ] GC(88)   Other: 0.09ms
[38.640s][info][gc,heap     ] GC(88) Eden regions: 135->0(98)
[38.640s][info][gc,heap     ] GC(88) Survivor regions: 21->20(20)
[38.640s][info][gc,heap     ] GC(88) Old regions: 742->781
[38.640s][info][gc,heap     ] GC(88) Humongous regions: 9->9
[38.640s][info][gc,metaspace] GC(88) Metaspace: 17478K(17728K)->17478K(17728K) NonClass: 14858K(14976K)->14858K(14976K) Class: 2619K(2752K)->2619K(2752K)
[38.640s][info][gc          ] GC(88) Pause Young (Normal) (G1 Evacuation Pause) 906M->809M(978M) 54.623ms
[38.640s][info][gc,cpu      ] GC(88) User=0.11s Sys=0.00s Real=0.06s
[38.846s][info][gc,start    ] GC(89) Pause Young (Normal) (G1 Evacuation Pause)
[38.846s][info][gc,task     ] GC(89) Using 2 workers of 2 for evacuation
[38.899s][info][gc,phases   ] GC(89)   Pre Evacuate Collection Set: 0.40ms
[38.899s][info][gc,phases   ] GC(89)   Merge Heap Roots: 0.29ms
[38.899s][info][gc,phases   ] GC(89)   Evacuate Collection Set: 52.15ms
[38.899s][info][gc,phases   ] GC(89)   Post Evacuate Collection Set: 0.43ms
[38.899s][info][gc,phases   ] GC(89)   Other: 0.09ms
[38.899s][info][gc,heap     ] GC(89) Eden regions: 98->0(71)
[38.899s][info][gc,heap     ] GC(89) Survivor regions: 20->15(15)
[38.899s][info][gc,heap     ] GC(89) Old regions: 781->818
[38.899s][info][gc,heap     ] GC(89) Humongous regions: 9->9
[38.899s][info][gc,metaspace] GC(89) Metaspace: 17478K(17728K)->17478K(17728K) NonClass: 14858K(14976K)->14858K(14976K) Class: 2619K(2752K)->2619K(2752K)
[38.899s][info][gc          ] GC(89) Pause Young (Normal) (G1 Evacuation Pause) 907M->841M(978M) 53.596ms
[38.899s][info][gc,cpu      ] GC(89) User=0.10s Sys=0.00s Real=0.06s
[39.098s][info][gc,start    ] GC(90) Pause Young (Normal) (G1 Evacuation Pause)
[39.098s][info][gc,task     ] GC(90) Using 2 workers of 2 for evacuation
[39.122s][info][gc,phases   ] GC(90)   Pre Evacuate Collection Set: 0.30ms
[39.122s][info][gc,phases   ] GC(90)   Merge Heap Roots: 0.26ms
[39.122s][info][gc,phases   ] GC(90)   Evacuate Collection Set: 22.77ms
[39.122s][info][gc,phases   ] GC(90)   Post Evacuate Collection Set: 0.29ms
[39.122s][info][gc,phases   ] GC(90)   Other: 0.08ms
[39.122s][info][gc,heap     ] GC(90) Eden regions: 71->0(80)
[39.122s][info][gc,heap     ] GC(90) Survivor regions: 15->3(11)
[39.122s][info][gc,heap     ] GC(90) Old regions: 818->833
[39.122s][info][gc,heap     ] GC(90) Humongous regions: 9->9
[39.122s][info][gc,metaspace] GC(90) Metaspace: 17478K(17728K)->17478K(17728K) NonClass: 14858K(14976K)->14858K(14976K) Class: 2619K(2752K)->2619K(2752K)
[39.122s][info][gc          ] GC(90) Pause Young (Normal) (G1 Evacuation Pause) 912M->845M(978M) 23.968ms
[39.122s][info][gc,cpu      ] GC(90) User=0.05s Sys=0.00s Real=0.02s
[39.308s][info][gc,start    ] GC(91) Pause Young (Normal) (G1 Evacuation Pause)
[39.308s][info][gc,task     ] GC(91) Using 2 workers of 2 for evacuation
[39.321s][info][gc,phases   ] GC(91)   Pre Evacuate Collection Set: 0.31ms
[39.321s][info][gc,phases   ] GC(91)   Merge Heap Roots: 0.24ms
[39.321s][info][gc,phases   ] GC(91)   Evacuate Collection Set: 12.64ms
[39.321s][info][gc,phases   ] GC(91)   Post Evacuate Collection Set: 0.36ms
[39.321s][info][gc,phases   ] GC(91)   Other: 0.09ms
[39.321s][info][gc,heap     ] GC(91) Eden regions: 80->0(78)
[39.321s][info][gc,heap     ] GC(91) Survivor regions: 3->4(11)
[39.321s][info][gc,heap     ] GC(91) Old regions: 833->833
[39.321s][info][gc,heap     ] GC(91) Humongous regions: 9->9
[39.321s][info][gc,metaspace] GC(91) Metaspace: 17478K(17728K)->17478K(17728K) NonClass: 14859K(14976K)->14859K(14976K) Class: 2619K(2752K)->2619K(2752K)
[39.321s][info][gc          ] GC(91) Pause Young (Normal) (G1 Evacuation Pause) 925M->846M(978M) 13.828ms
[39.321s][info][gc,cpu      ] GC(91) User=0.02s Sys=0.00s Real=0.01s
[39.527s][info][gc,start    ] GC(92) Pause Young (Normal) (G1 Evacuation Pause)
[39.527s][info][gc,task     ] GC(92) Using 2 workers of 2 for evacuation
[39.572s][info][gc,phases   ] GC(92)   Pre Evacuate Collection Set: 0.28ms
[39.572s][info][gc,phases   ] GC(92)   Merge Heap Roots: 0.28ms
[39.572s][info][gc,phases   ] GC(92)   Evacuate Collection Set: 43.85ms
[39.572s][info][gc,phases   ] GC(92)   Post Evacuate Collection Set: 0.45ms
[39.572s][info][gc,phases   ] GC(92)   Other: 0.09ms
[39.572s][info][gc,heap     ] GC(92) Eden regions: 78->0(46)
[39.572s][info][gc,heap     ] GC(92) Survivor regions: 4->11(11)
[39.572s][info][gc,heap     ] GC(92) Old regions: 833->848
[39.572s][info][gc,heap     ] GC(92) Humongous regions: 12->12
[39.572s][info][gc,metaspace] GC(92) Metaspace: 17479K(17728K)->17479K(17728K) NonClass: 14860K(14976K)->14860K(14976K) Class: 2619K(2752K)->2619K(2752K)
[39.572s][info][gc          ] GC(92) Pause Young (Normal) (G1 Evacuation Pause) 927M->871M(978M) 45.187ms
[39.572s][info][gc,cpu      ] GC(92) User=0.09s Sys=0.00s Real=0.04s
[39.697s][info][gc,start    ] GC(93) Pause Young (Normal) (G1 Evacuation Pause)
[39.697s][info][gc,task     ] GC(93) Using 2 workers of 2 for evacuation
[39.735s][info][gc,phases   ] GC(93)   Pre Evacuate Collection Set: 0.30ms
[39.735s][info][gc,phases   ] GC(93)   Merge Heap Roots: 0.37ms
[39.735s][info][gc,phases   ] GC(93)   Evacuate Collection Set: 36.75ms
[39.735s][info][gc,phases   ] GC(93)   Post Evacuate Collection Set: 0.28ms
[39.735s][info][gc,phases   ] GC(93)   Other: 0.09ms
[39.735s][info][gc,heap     ] GC(93) Eden regions: 46->0(40)
[39.735s][info][gc,heap     ] GC(93) Survivor regions: 11->8(8)
[39.735s][info][gc,heap     ] GC(93) Old regions: 848->860
[39.735s][info][gc,heap     ] GC(93) Humongous regions: 12->12
[39.735s][info][gc,metaspace] GC(93) Metaspace: 17479K(17728K)->17479K(17728K) NonClass: 14860K(14976K)->14860K(14976K) Class: 2619K(2752K)->2619K(2752K)
[39.735s][info][gc          ] GC(93) Pause Young (Normal) (G1 Evacuation Pause) 917M->880M(978M) 38.069ms
[39.735s][info][gc,cpu      ] GC(93) User=0.07s Sys=0.00s Real=0.03s
[39.810s][info][gc,start    ] GC(94) Pause Young (Normal) (G1 Evacuation Pause)
[39.810s][info][gc,task     ] GC(94) Using 2 workers of 2 for evacuation
[39.827s][info][gc,phases   ] GC(94)   Pre Evacuate Collection Set: 0.30ms
[39.828s][info][gc,phases   ] GC(94)   Merge Heap Roots: 0.11ms
[39.828s][info][gc,phases   ] GC(94)   Evacuate Collection Set: 16.96ms
[39.828s][info][gc,phases   ] GC(94)   Post Evacuate Collection Set: 0.27ms
[39.828s][info][gc,phases   ] GC(94)   Other: 0.09ms
[39.828s][info][gc,heap     ] GC(94) Eden regions: 40->0(42)
[39.828s][info][gc,heap     ] GC(94) Survivor regions: 8->6(6)
[39.828s][info][gc,heap     ] GC(94) Old regions: 860->868
[39.828s][info][gc,heap     ] GC(94) Humongous regions: 12->12
[39.828s][info][gc,metaspace] GC(94) Metaspace: 17479K(17728K)->17479K(17728K) NonClass: 14860K(14976K)->14860K(14976K) Class: 2619K(2752K)->2619K(2752K)
[39.828s][info][gc          ] GC(94) Pause Young (Normal) (G1 Evacuation Pause) 920M->886M(978M) 17.982ms
[39.828s][info][gc,cpu      ] GC(94) User=0.03s Sys=0.00s Real=0.02s
[39.915s][info][gc,start    ] GC(95) Pause Young (Normal) (G1 Evacuation Pause)
[39.915s][info][gc,task     ] GC(95) Using 2 workers of 2 for evacuation
[39.929s][info][gc,phases   ] GC(95)   Pre Evacuate Collection Set: 0.29ms
[39.929s][info][gc,phases   ] GC(95)   Merge Heap Roots: 0.10ms
[39.929s][info][gc,phases   ] GC(95)   Evacuate Collection Set: 12.90ms
[39.929s][info][gc,phases   ] GC(95)   Post Evacuate Collection Set: 0.26ms
[39.929s][info][gc,phases   ] GC(95)   Other: 0.09ms
[39.929s][info][gc,heap     ] GC(95) Eden regions: 42->0(44)
[39.929s][info][gc,heap     ] GC(95) Survivor regions: 6->4(6)
[39.929s][info][gc,heap     ] GC(95) Old regions: 868->875
[39.929s][info][gc,heap     ] GC(95) Humongous regions: 12->12
[39.929s][info][gc,metaspace] GC(95) Metaspace: 17479K(17728K)->17479K(17728K) NonClass: 14860K(14976K)->14860K(14976K) Class: 2619K(2752K)->2619K(2752K)
[39.929s][info][gc          ] GC(95) Pause Young (Normal) (G1 Evacuation Pause) 928M->890M(978M) 13.890ms
[39.929s][info][gc,cpu      ] GC(95) User=0.03s Sys=0.00s Real=0.02s
[39.961s][info][gc,marking  ] GC(87) Concurrent Mark From Roots 1608.420ms
[39.961s][info][gc,marking  ] GC(87) Concurrent Preclean
[39.961s][info][gc,marking  ] GC(87) Concurrent Preclean 0.023ms
[39.962s][info][gc,start    ] GC(87) Pause Remark
[39.968s][info][gc          ] GC(87) Pause Remark 900M->664M(978M) 6.778ms
[39.968s][info][gc,cpu      ] GC(87) User=0.01s Sys=0.00s Real=0.01s
[39.968s][info][gc,marking  ] GC(87) Concurrent Mark 1615.479ms
[39.968s][info][gc,marking  ] GC(87) Concurrent Rebuild Remembered Sets and Scrub Regions
[40.054s][info][gc,start    ] GC(96) Pause Young (Normal) (G1 Evacuation Pause)
[40.054s][info][gc,task     ] GC(96) Using 2 workers of 2 for evacuation
[40.072s][info][gc,phases   ] GC(96)   Pre Evacuate Collection Set: 0.27ms
[40.072s][info][gc,phases   ] GC(96)   Merge Heap Roots: 0.11ms
[40.072s][info][gc,phases   ] GC(96)   Evacuate Collection Set: 17.19ms
[40.072s][info][gc,phases   ] GC(96)   Post Evacuate Collection Set: 0.26ms
[40.072s][info][gc,phases   ] GC(96)   Other: 0.07ms
[40.072s][info][gc,heap     ] GC(96) Eden regions: 44->0(211)
[40.072s][info][gc,heap     ] GC(96) Survivor regions: 4->6(6)
[40.072s][info][gc,heap     ] GC(96) Old regions: 644->652
[40.072s][info][gc,heap     ] GC(96) Humongous regions: 7->7
[40.072s][info][gc,metaspace] GC(96) Metaspace: 17479K(17728K)->17479K(17728K) NonClass: 14860K(14976K)->14860K(14976K) Class: 2619K(2752K)->2619K(2752K)
[40.072s][info][gc          ] GC(96) Pause Young (Normal) (G1 Evacuation Pause) 698M->664M(978M) 18.105ms
[40.072s][info][gc,cpu      ] GC(96) User=0.04s Sys=0.00s Real=0.02s
[40.370s][info][gc,start    ] GC(97) Pause Young (Normal) (G1 Evacuation Pause)
[40.370s][info][gc,task     ] GC(97) Using 2 workers of 2 for evacuation
[40.387s][info][gc,phases   ] GC(97)   Pre Evacuate Collection Set: 0.49ms
[40.387s][info][gc,phases   ] GC(97)   Merge Heap Roots: 0.21ms
[40.387s][info][gc,phases   ] GC(97)   Evacuate Collection Set: 15.87ms
[40.387s][info][gc,phases   ] GC(97)   Post Evacuate Collection Set: 0.41ms
[40.387s][info][gc,phases   ] GC(97)   Other: 0.10ms
[40.387s][info][gc,heap     ] GC(97) Eden regions: 211->0(221)
[40.387s][info][gc,heap     ] GC(97) Survivor regions: 6->11(28)
[40.387s][info][gc,heap     ] GC(97) Old regions: 652->652
[40.387s][info][gc,heap     ] GC(97) Humongous regions: 7->7
[40.387s][info][gc,metaspace] GC(97) Metaspace: 17479K(17728K)->17479K(17728K) NonClass: 14860K(14976K)->14860K(14976K) Class: 2619K(2752K)->2619K(2752K)
[40.387s][info][gc          ] GC(97) Pause Young (Normal) (G1 Evacuation Pause) 875M->669M(978M) 17.300ms
[40.387s][info][gc,cpu      ] GC(97) User=0.03s Sys=0.00s Real=0.02s
[40.454s][info][gc,marking  ] GC(87) Concurrent Rebuild Remembered Sets and Scrub Regions 485.230ms
[40.454s][info][gc,start    ] GC(87) Pause Cleanup
[40.454s][info][gc          ] GC(87) Pause Cleanup 717M->717M(978M) 0.165ms
[40.454s][info][gc,cpu      ] GC(87) User=0.00s Sys=0.00s Real=0.00s
[40.455s][info][gc,marking  ] GC(87) Concurrent Clear Claimed Marks
[40.455s][info][gc,marking  ] GC(87) Concurrent Clear Claimed Marks 0.032ms
[40.455s][info][gc,marking  ] GC(87) Concurrent Cleanup for Next Mark
[40.458s][info][gc,marking  ] GC(87) Concurrent Cleanup for Next Mark 2.803ms
[40.458s][info][gc          ] GC(87) Concurrent Mark Cycle 2133.836ms
[40.675s][info][gc,start    ] GC(98) Pause Young (Prepare Mixed) (G1 Evacuation Pause)
[40.675s][info][gc,task     ] GC(98) Using 2 workers of 2 for evacuation
[40.715s][info][gc,phases   ] GC(98)   Pre Evacuate Collection Set: 0.28ms
[40.715s][info][gc,phases   ] GC(98)   Merge Heap Roots: 0.39ms
[40.715s][info][gc,phases   ] GC(98)   Evacuate Collection Set: 38.28ms
[40.715s][info][gc,phases   ] GC(98)   Post Evacuate Collection Set: 0.50ms
[40.715s][info][gc,phases   ] GC(98)   Other: 0.09ms
[40.715s][info][gc,heap     ] GC(98) Eden regions: 221->0(218)
[40.715s][info][gc,heap     ] GC(98) Survivor regions: 11->24(29)
[40.715s][info][gc,heap     ] GC(98) Old regions: 652->652
[40.715s][info][gc,heap     ] GC(98) Humongous regions: 7->7
[40.715s][info][gc,metaspace] GC(98) Metaspace: 17481K(17728K)->17481K(17728K) NonClass: 14861K(14976K)->14861K(14976K) Class: 2619K(2752K)->2619K(2752K)
[40.715s][info][gc          ] GC(98) Pause Young (Prepare Mixed) (G1 Evacuation Pause) 890M->682M(978M) 39.819ms
[40.715s][info][gc,cpu      ] GC(98) User=0.08s Sys=0.00s Real=0.04s
[41.157s][info][gc,start    ] GC(99) Pause Young (Mixed) (G1 Evacuation Pause)
[41.157s][info][gc,task     ] GC(99) Using 2 workers of 2 for evacuation
[41.232s][info][gc,phases   ] GC(99)   Pre Evacuate Collection Set: 0.34ms
[41.232s][info][gc,phases   ] GC(99)   Merge Heap Roots: 0.62ms
[41.232s][info][gc,phases   ] GC(99)   Evacuate Collection Set: 72.91ms
[41.232s][info][gc,phases   ] GC(99)   Post Evacuate Collection Set: 0.68ms
[41.232s][info][gc,phases   ] GC(99)   Other: 0.09ms
[41.232s][info][gc,heap     ] GC(99) Eden regions: 218->0(260)
[41.232s][info][gc,heap     ] GC(99) Survivor regions: 24->31(31)
[41.232s][info][gc,heap     ] GC(99) Old regions: 652->580
[41.232s][info][gc,heap     ] GC(99) Humongous regions: 7->7
[41.232s][info][gc,metaspace] GC(99) Metaspace: 17481K(17728K)->17481K(17728K) NonClass: 14861K(14976K)->14861K(14976K) Class: 2619K(2752K)->2619K(2752K)
[41.232s][info][gc          ] GC(99) Pause Young (Mixed) (G1 Evacuation Pause) 900M->618M(978M) 74.837ms
[41.232s][info][gc,cpu      ] GC(99) User=0.15s Sys=0.00s Real=0.07s
[41.562s][info][gc,start    ] GC(100) Pause Young (Concurrent Start) (G1 Humongous Allocation)
[41.562s][info][gc,task     ] GC(100) Using 2 workers of 2 for evacuation
[41.635s][info][gc,phases   ] GC(100)   Pre Evacuate Collection Set: 0.35ms
[41.635s][info][gc,phases   ] GC(100)   Merge Heap Roots: 0.31ms
[41.635s][info][gc,phases   ] GC(100)   Evacuate Collection Set: 71.79ms
[41.635s][info][gc,phases   ] GC(100)   Post Evacuate Collection Set: 0.51ms
[41.635s][info][gc,phases   ] GC(100)   Other: 0.17ms
[41.635s][info][gc,heap     ] GC(100) Eden regions: 177->0(224)
[41.635s][info][gc,heap     ] GC(100) Survivor regions: 31->37(37)
[41.635s][info][gc,heap     ] GC(100) Old regions: 580->608
[41.635s][info][gc,heap     ] GC(100) Humongous regions: 7->7
[41.635s][info][gc,metaspace] GC(100) Metaspace: 17481K(17728K)->17481K(17728K) NonClass: 14862K(14976K)->14862K(14976K) Class: 2619K(2752K)->2619K(2752K)
[41.635s][info][gc          ] GC(100) Pause Young (Concurrent Start) (G1 Humongous Allocation) 794M->651M(978M) 73.450ms
[41.635s][info][gc,cpu      ] GC(100) User=0.15s Sys=0.00s Real=0.07s
[41.637s][info][gc          ] GC(101) Concurrent Mark Cycle
[41.637s][info][gc,marking  ] GC(101) Concurrent Scan Root Regions
[41.735s][info][gc,marking  ] GC(101) Concurrent Scan Root Regions 97.664ms
[41.735s][info][gc,marking  ] GC(101) Concurrent Mark
[41.735s][info][gc,marking  ] GC(101) Concurrent Mark From Roots
[41.735s][info][gc,task     ] GC(101) Using 1 workers of 1 for marking
[42.296s][info][gc,start    ] GC(102) Pause Young (Normal) (G1 Evacuation Pause)
[42.296s][info][gc,task     ] GC(102) Using 2 workers of 2 for evacuation
[42.348s][info][gc,phases   ] GC(102)   Pre Evacuate Collection Set: 0.52ms
[42.348s][info][gc,phases   ] GC(102)   Merge Heap Roots: 0.32ms
[42.348s][info][gc,phases   ] GC(102)   Evacuate Collection Set: 50.48ms
[42.348s][info][gc,phases   ] GC(102)   Post Evacuate Collection Set: 0.45ms
[42.348s][info][gc,phases   ] GC(102)   Other: 0.09ms
[42.348s][info][gc,heap     ] GC(102) Eden regions: 224->0(227)
[42.348s][info][gc,heap     ] GC(102) Survivor regions: 37->10(33)
[42.348s][info][gc,heap     ] GC(102) Old regions: 608->645
[42.348s][info][gc,heap     ] GC(102) Humongous regions: 8->8
[42.348s][info][gc,metaspace] GC(102) Metaspace: 17482K(17728K)->17482K(17728K) NonClass: 14863K(14976K)->14863K(14976K) Class: 2619K(2752K)->2619K(2752K)
[42.348s][info][gc          ] GC(102) Pause Young (Normal) (G1 Evacuation Pause) 876M->663M(978M) 52.076ms
[42.348s][info][gc,cpu      ] GC(102) User=0.11s Sys=0.00s Real=0.06s
[42.731s][info][gc,start    ] GC(103) Pause Young (Normal) (G1 Evacuation Pause)
[42.731s][info][gc,task     ] GC(103) Using 2 workers of 2 for evacuation
[42.762s][info][gc,phases   ] GC(103)   Pre Evacuate Collection Set: 0.50ms
[42.762s][info][gc,phases   ] GC(103)   Merge Heap Roots: 0.15ms
[42.762s][info][gc,phases   ] GC(103)   Evacuate Collection Set: 29.72ms
[42.762s][info][gc,phases   ] GC(103)   Post Evacuate Collection Set: 0.44ms
[42.762s][info][gc,phases   ] GC(103)   Other: 0.10ms
[42.762s][info][gc,heap     ] GC(103) Eden regions: 227->0(221)
[42.762s][info][gc,heap     ] GC(103) Survivor regions: 10->26(30)
[42.762s][info][gc,heap     ] GC(103) Old regions: 645->645
[42.762s][info][gc,heap     ] GC(103) Humongous regions: 8->8
[42.762s][info][gc,metaspace] GC(103) Metaspace: 17482K(17728K)->17482K(17728K) NonClass: 14863K(14976K)->14863K(14976K) Class: 2619K(2752K)->2619K(2752K)
[42.762s][info][gc          ] GC(103) Pause Young (Normal) (G1 Evacuation Pause) 890M->679M(978M) 31.132ms
[42.762s][info][gc,cpu      ] GC(103) User=0.06s Sys=0.00s Real=0.03s
[42.998s][info][gc,marking  ] GC(101) Concurrent Mark From Roots 1262.955ms
[42.998s][info][gc,marking  ] GC(101) Concurrent Preclean
[42.998s][info][gc,marking  ] GC(101) Concurrent Preclean 0.031ms
[43.001s][info][gc,start    ] GC(101) Pause Remark
[43.009s][info][gc          ] GC(101) Pause Remark 799M->663M(978M) 8.199ms
[43.009s][info][gc,cpu      ] GC(101) User=0.01s Sys=0.00s Real=0.01s
[43.011s][info][gc,marking  ] GC(101) Concurrent Mark 1276.209ms
[43.011s][info][gc,marking  ] GC(101) Concurrent Rebuild Remembered Sets and Scrub Regions
[43.205s][info][gc,start    ] GC(104) Pause Young (Normal) (G1 Evacuation Pause)
[43.205s][info][gc,task     ] GC(104) Using 2 workers of 2 for evacuation
[43.251s][info][gc,phases   ] GC(104)   Pre Evacuate Collection Set: 0.47ms
[43.251s][info][gc,phases   ] GC(104)   Merge Heap Roots: 0.22ms
[43.251s][info][gc,phases   ] GC(104)   Evacuate Collection Set: 44.75ms
[43.251s][info][gc,phases   ] GC(104)   Post Evacuate Collection Set: 0.42ms
[43.251s][info][gc,phases   ] GC(104)   Other: 0.09ms
[43.251s][info][gc,heap     ] GC(104) Eden regions: 221->0(306)
[43.251s][info][gc,heap     ] GC(104) Survivor regions: 26->17(31)
[43.251s][info][gc,heap     ] GC(104) Old regions: 512->539
[43.251s][info][gc,heap     ] GC(104) Humongous regions: 5->5
[43.251s][info][gc,metaspace] GC(104) Metaspace: 17482K(17728K)->17482K(17728K) NonClass: 14863K(14976K)->14863K(14976K) Class: 2619K(2752K)->2619K(2752K)
[43.251s][info][gc          ] GC(104) Pause Young (Normal) (G1 Evacuation Pause) 764M->560M(978M) 46.204ms
[43.252s][info][gc,cpu      ] GC(104) User=0.09s Sys=0.00s Real=0.05s
[43.452s][info][gc,marking  ] GC(101) Concurrent Rebuild Remembered Sets and Scrub Regions 440.751ms
[43.452s][info][gc,start    ] GC(101) Pause Cleanup
[43.452s][info][gc          ] GC(101) Pause Cleanup 606M->606M(978M) 0.149ms
[43.452s][info][gc,cpu      ] GC(101) User=0.00s Sys=0.00s Real=0.00s
[43.452s][info][gc,marking  ] GC(101) Concurrent Clear Claimed Marks
[43.452s][info][gc,marking  ] GC(101) Concurrent Clear Claimed Marks 0.027ms
[43.452s][info][gc,marking  ] GC(101) Concurrent Cleanup for Next Mark
[43.455s][info][gc,marking  ] GC(101) Concurrent Cleanup for Next Mark 2.829ms
[43.455s][info][gc          ] GC(101) Concurrent Mark Cycle 1818.139ms
[43.981s][info][gc,start    ] GC(105) Pause Young (Prepare Mixed) (G1 Evacuation Pause)
[43.982s][info][gc,task     ] GC(105) Using 2 workers of 2 for evacuation
[44.000s][info][gc,phases   ] GC(105)   Pre Evacuate Collection Set: 0.29ms
[44.000s][info][gc,phases   ] GC(105)   Merge Heap Roots: 0.20ms
[44.000s][info][gc,phases   ] GC(105)   Evacuate Collection Set: 16.96ms
[44.000s][info][gc,phases   ] GC(105)   Post Evacuate Collection Set: 0.48ms
[44.000s][info][gc,phases   ] GC(105)   Other: 0.11ms
[44.000s][info][gc,heap     ] GC(105) Eden regions: 306->0(325)
[44.000s][info][gc,heap     ] GC(105) Survivor regions: 17->17(41)
[44.000s][info][gc,heap     ] GC(105) Old regions: 539->539
[44.000s][info][gc,heap     ] GC(105) Humongous regions: 5->5
[44.000s][info][gc,metaspace] GC(105) Metaspace: 17484K(17728K)->17484K(17728K) NonClass: 14865K(14976K)->14865K(14976K) Class: 2619K(2752K)->2619K(2752K)
[44.000s][info][gc          ] GC(105) Pause Young (Prepare Mixed) (G1 Evacuation Pause) 866M->560M(978M) 18.248ms
[44.000s][info][gc,cpu      ] GC(105) User=0.04s Sys=0.00s Real=0.02s
[44.571s][info][gc,start    ] GC(106) Pause Young (Mixed) (G1 Evacuation Pause)
[44.571s][info][gc,task     ] GC(106) Using 2 workers of 2 for evacuation
[44.668s][info][gc,phases   ] GC(106)   Pre Evacuate Collection Set: 0.31ms
[44.668s][info][gc,phases   ] GC(106)   Merge Heap Roots: 0.95ms
[44.668s][info][gc,phases   ] GC(106)   Evacuate Collection Set: 94.39ms
[44.668s][info][gc,phases   ] GC(106)   Post Evacuate Collection Set: 0.85ms
[44.668s][info][gc,phases   ] GC(106)   Other: 0.10ms
[44.668s][info][gc,heap     ] GC(106) Eden regions: 325->0(306)
[44.668s][info][gc,heap     ] GC(106) Survivor regions: 17->43(43)
[44.668s][info][gc,heap     ] GC(106) Old regions: 539->497
[44.668s][info][gc,heap     ] GC(106) Humongous regions: 5->5
[44.668s][info][gc,metaspace] GC(106) Metaspace: 17484K(17728K)->17484K(17728K) NonClass: 14865K(14976K)->14865K(14976K) Class: 2619K(2752K)->2619K(2752K)
[44.668s][info][gc          ] GC(106) Pause Young (Mixed) (G1 Evacuation Pause) 885M->544M(978M) 96.852ms
[44.668s][info][gc,cpu      ] GC(106) User=0.19s Sys=0.00s Real=0.10s
[45.006s][info][gc,start    ] GC(107) Pause Young (Concurrent Start) (G1 Evacuation Pause)
[45.006s][info][gc,task     ] GC(107) Using 2 workers of 2 for evacuation
[45.114s][info][gc,phases   ] GC(107)   Pre Evacuate Collection Set: 0.30ms
[45.114s][info][gc,phases   ] GC(107)   Merge Heap Roots: 0.49ms
[45.114s][info][gc,phases   ] GC(107)   Evacuate Collection Set: 106.12ms
[45.114s][info][gc,phases   ] GC(107)   Post Evacuate Collection Set: 0.74ms
[45.114s][info][gc,phases   ] GC(107)   Other: 0.12ms
[45.114s][info][gc,heap     ] GC(107) Eden regions: 306->0(244)
[45.114s][info][gc,heap     ] GC(107) Survivor regions: 43->44(44)
[45.114s][info][gc,heap     ] GC(107) Old regions: 497->556
[45.114s][info][gc,heap     ] GC(107) Humongous regions: 5->5
[45.114s][info][gc,metaspace] GC(107) Metaspace: 17497K(17728K)->17497K(17728K) NonClass: 14878K(14976K)->14878K(14976K) Class: 2619K(2752K)->2619K(2752K)
[45.114s][info][gc          ] GC(107) Pause Young (Concurrent Start) (G1 Evacuation Pause) 850M->605M(978M) 108.010ms
[45.114s][info][gc,cpu      ] GC(107) User=0.21s Sys=0.00s Real=0.11s
[45.114s][info][gc          ] GC(108) Concurrent Mark Cycle
[45.114s][info][gc,marking  ] GC(108) Concurrent Scan Root Regions
[45.248s][info][gc,marking  ] GC(108) Concurrent Scan Root Regions 133.496ms
[45.248s][info][gc,marking  ] GC(108) Concurrent Mark
[45.248s][info][gc,marking  ] GC(108) Concurrent Mark From Roots
[45.248s][info][gc,task     ] GC(108) Using 1 workers of 1 for marking
[45.735s][info][gc,start    ] GC(109) Pause Young (Normal) (G1 Evacuation Pause)
[45.735s][info][gc,task     ] GC(109) Using 2 workers of 2 for evacuation
[45.824s][info][gc,phases   ] GC(109)   Pre Evacuate Collection Set: 0.48ms
[45.825s][info][gc,phases   ] GC(109)   Merge Heap Roots: 0.59ms
[45.825s][info][gc,phases   ] GC(109)   Evacuate Collection Set: 87.61ms
[45.825s][info][gc,phases   ] GC(109)   Post Evacuate Collection Set: 0.56ms
[45.825s][info][gc,phases   ] GC(109)   Other: 0.09ms
[45.825s][info][gc,heap     ] GC(109) Eden regions: 244->0(222)
[45.825s][info][gc,heap     ] GC(109) Survivor regions: 44->30(36)
[45.825s][info][gc,heap     ] GC(109) Old regions: 556->601
[45.825s][info][gc,heap     ] GC(109) Humongous regions: 8->8
[45.825s][info][gc,metaspace] GC(109) Metaspace: 17501K(17728K)->17501K(17728K) NonClass: 14882K(14976K)->14882K(14976K) Class: 2619K(2752K)->2619K(2752K)
[45.825s][info][gc          ] GC(109) Pause Young (Normal) (G1 Evacuation Pause) 852M->638M(978M) 89.573ms
[45.825s][info][gc,cpu      ] GC(109) User=0.17s Sys=0.00s Real=0.09s
[46.184s][info][gc,marking  ] GC(108) Concurrent Mark From Roots 935.740ms
[46.184s][info][gc,marking  ] GC(108) Concurrent Preclean
[46.184s][info][gc,marking  ] GC(108) Concurrent Preclean 0.028ms
[46.184s][info][gc,start    ] GC(108) Pause Remark
[46.190s][info][gc          ] GC(108) Pause Remark 770M->638M(978M) 6.410ms
[46.190s][info][gc,cpu      ] GC(108) User=0.01s Sys=0.00s Real=0.01s
[46.191s][info][gc,marking  ] GC(108) Concurrent Mark 942.513ms
[46.191s][info][gc,marking  ] GC(108) Concurrent Rebuild Remembered Sets and Scrub Regions
[46.403s][info][gc,start    ] GC(110) Pause Young (Normal) (G1 Evacuation Pause)
[46.403s][info][gc,task     ] GC(110) Using 2 workers of 2 for evacuation
[46.471s][info][gc,phases   ] GC(110)   Pre Evacuate Collection Set: 0.51ms
[46.471s][info][gc,phases   ] GC(110)   Merge Heap Roots: 0.57ms
[46.471s][info][gc,phases   ] GC(110)   Evacuate Collection Set: 66.02ms
[46.471s][info][gc,phases   ] GC(110)   Post Evacuate Collection Set: 0.43ms
[46.471s][info][gc,phases   ] GC(110)   Other: 0.09ms
[46.471s][info][gc,heap     ] GC(110) Eden regions: 222->0(320)
[46.471s][info][gc,heap     ] GC(110) Survivor regions: 30->16(32)
[46.471s][info][gc,heap     ] GC(110) Old regions: 471->501
[46.471s][info][gc,heap     ] GC(110) Humongous regions: 9->9
[46.471s][info][gc,metaspace] GC(110) Metaspace: 17502K(17728K)->17502K(17728K) NonClass: 14883K(14976K)->14883K(14976K) Class: 2619K(2752K)->2619K(2752K)
[46.471s][info][gc          ] GC(110) Pause Young (Normal) (G1 Evacuation Pause) 731M->525M(978M) 67.869ms
[46.471s][info][gc,cpu      ] GC(110) User=0.13s Sys=0.00s Real=0.07s
[46.629s][info][gc,marking  ] GC(108) Concurrent Rebuild Remembered Sets and Scrub Regions 438.285ms
[46.629s][info][gc,start    ] GC(108) Pause Cleanup
[46.629s][info][gc          ] GC(108) Pause Cleanup 603M->603M(978M) 0.118ms
[46.629s][info][gc,cpu      ] GC(108) User=0.00s Sys=0.00s Real=0.00s
[46.629s][info][gc,marking  ] GC(108) Concurrent Clear Claimed Marks
[46.629s][info][gc,marking  ] GC(108) Concurrent Clear Claimed Marks 0.026ms
[46.629s][info][gc,marking  ] GC(108) Concurrent Cleanup for Next Mark
[46.632s][info][gc,marking  ] GC(108) Concurrent Cleanup for Next Mark 2.811ms
[46.632s][info][gc          ] GC(108) Concurrent Mark Cycle 1517.697ms
[46.987s][info][gc,start    ] GC(111) Pause Young (Prepare Mixed) (G1 Evacuation Pause)
[46.987s][info][gc,task     ] GC(111) Using 2 workers of 2 for evacuation
[47.009s][info][gc,phases   ] GC(111)   Pre Evacuate Collection Set: 0.33ms
[47.009s][info][gc,phases   ] GC(111)   Merge Heap Roots: 0.10ms
[47.009s][info][gc,phases   ] GC(111)   Evacuate Collection Set: 20.59ms
[47.009s][info][gc,phases   ] GC(111)   Post Evacuate Collection Set: 0.48ms
[47.009s][info][gc,phases   ] GC(111)   Other: 0.10ms
[47.009s][info][gc,heap     ] GC(111) Eden regions: 320->0(342)
[47.009s][info][gc,heap     ] GC(111) Survivor regions: 16->16(42)
[47.009s][info][gc,heap     ] GC(111) Old regions: 501->501
[47.009s][info][gc,heap     ] GC(111) Humongous regions: 9->9
[47.009s][info][gc,metaspace] GC(111) Metaspace: 17502K(17728K)->17502K(17728K) NonClass: 14883K(14976K)->14883K(14976K) Class: 2619K(2752K)->2619K(2752K)
[47.009s][info][gc          ] GC(111) Pause Young (Prepare Mixed) (G1 Evacuation Pause) 845M->525M(978M) 21.913ms
[47.009s][info][gc,cpu      ] GC(111) User=0.04s Sys=0.00s Real=0.03s
[47.508s][info][gc,start    ] GC(112) Pause Young (Mixed) (G1 Evacuation Pause)
[47.508s][info][gc,task     ] GC(112) Using 2 workers of 2 for evacuation
[47.532s][info][gc,phases   ] GC(112)   Pre Evacuate Collection Set: 0.54ms
[47.532s][info][gc,phases   ] GC(112)   Merge Heap Roots: 0.24ms
[47.532s][info][gc,phases   ] GC(112)   Evacuate Collection Set: 22.63ms
[47.532s][info][gc,phases   ] GC(112)   Post Evacuate Collection Set: 0.54ms
[47.532s][info][gc,phases   ] GC(112)   Other: 0.13ms
[47.532s][info][gc,heap     ] GC(112) Eden regions: 342->0(385)
[47.532s][info][gc,heap     ] GC(112) Survivor regions: 16->16(45)
[47.532s][info][gc,heap     ] GC(112) Old regions: 501->469
[47.532s][info][gc,heap     ] GC(112) Humongous regions: 9->9
[47.532s][info][gc,metaspace] GC(112) Metaspace: 17502K(17728K)->17502K(17728K) NonClass: 14883K(14976K)->14883K(14976K) Class: 2619K(2752K)->2619K(2752K)
[47.532s][info][gc          ] GC(112) Pause Young (Mixed) (G1 Evacuation Pause) 867M->493M(978M) 24.370ms
[47.532s][info][gc,cpu      ] GC(112) User=0.04s Sys=0.00s Real=0.02s
[48.065s][info][gc,start    ] GC(113) Pause Young (Concurrent Start) (G1 Evacuation Pause)
[48.065s][info][gc,task     ] GC(113) Using 2 workers of 2 for evacuation
[48.103s][info][gc,phases   ] GC(113)   Pre Evacuate Collection Set: 0.30ms
[48.103s][info][gc,phases   ] GC(113)   Merge Heap Roots: 0.17ms
[48.103s][info][gc,phases   ] GC(113)   Evacuate Collection Set: 36.95ms
[48.103s][info][gc,phases   ] GC(113)   Post Evacuate Collection Set: 0.57ms
[48.103s][info][gc,phases   ] GC(113)   Other: 0.13ms
[48.103s][info][gc,heap     ] GC(113) Eden regions: 385->0(372)
[48.103s][info][gc,heap     ] GC(113) Survivor regions: 16->29(51)
[48.103s][info][gc,heap     ] GC(113) Old regions: 469->469
[48.103s][info][gc,heap     ] GC(113) Humongous regions: 9->9
[48.103s][info][gc,metaspace] GC(113) Metaspace: 17504K(17728K)->17504K(17728K) NonClass: 14885K(14976K)->14885K(14976K) Class: 2619K(2752K)->2619K(2752K)
[48.103s][info][gc          ] GC(113) Pause Young (Concurrent Start) (G1 Evacuation Pause) 878M->506M(978M) 38.386ms
[48.103s][info][gc          ] GC(114) Concurrent Mark Cycle
[48.103s][info][gc,marking  ] GC(114) Concurrent Scan Root Regions
[48.104s][info][gc,cpu      ] GC(113) User=0.08s Sys=0.00s Real=0.04s
[48.186s][info][gc,marking  ] GC(114) Concurrent Scan Root Regions 82.739ms
[48.186s][info][gc,marking  ] GC(114) Concurrent Mark
[48.186s][info][gc,marking  ] GC(114) Concurrent Mark From Roots
[48.186s][info][gc,task     ] GC(114) Using 1 workers of 1 for marking
[48.687s][info][gc,start    ] GC(115) Pause Young (Normal) (G1 Evacuation Pause)
[48.688s][info][gc,task     ] GC(115) Using 2 workers of 2 for evacuation
[48.762s][info][gc,phases   ] GC(115)   Pre Evacuate Collection Set: 0.28ms
[48.762s][info][gc,phases   ] GC(115)   Merge Heap Roots: 0.24ms
[48.762s][info][gc,phases   ] GC(115)   Evacuate Collection Set: 73.30ms
[48.762s][info][gc,phases   ] GC(115)   Post Evacuate Collection Set: 0.59ms
[48.762s][info][gc,phases   ] GC(115)   Other: 0.08ms
[48.762s][info][gc,heap     ] GC(115) Eden regions: 372->0(338)
[48.762s][info][gc,heap     ] GC(115) Survivor regions: 29->48(51)
[48.762s][info][gc,heap     ] GC(115) Old regions: 469->485
[48.762s][info][gc,heap     ] GC(115) Humongous regions: 9->9
[48.762s][info][gc,metaspace] GC(115) Metaspace: 17504K(17728K)->17504K(17728K) NonClass: 14885K(14976K)->14885K(14976K) Class: 2619K(2752K)->2619K(2752K)
[48.762s][info][gc          ] GC(115) Pause Young (Normal) (G1 Evacuation Pause) 878M->541M(978M) 74.773ms
[48.762s][info][gc,cpu      ] GC(115) User=0.15s Sys=0.00s Real=0.07s
[49.170s][info][gc,start    ] GC(116) Pause Young (Normal) (G1 Evacuation Pause)
[49.170s][info][gc,task     ] GC(116) Using 2 workers of 2 for evacuation
[49.247s][info][gc,phases   ] GC(116)   Pre Evacuate Collection Set: 0.28ms
[49.247s][info][gc,phases   ] GC(116)   Merge Heap Roots: 0.26ms
[49.247s][info][gc,phases   ] GC(116)   Evacuate Collection Set: 75.14ms
[49.247s][info][gc,phases   ] GC(116)   Post Evacuate Collection Set: 0.55ms
[49.247s][info][gc,phases   ] GC(116)   Other: 0.09ms
[49.247s][info][gc,heap     ] GC(116) Eden regions: 338->0(321)
[49.247s][info][gc,heap     ] GC(116) Survivor regions: 48->27(49)
[49.247s][info][gc,heap     ] GC(116) Old regions: 485->533
[49.247s][info][gc,heap     ] GC(116) Humongous regions: 9->9
[49.247s][info][gc,metaspace] GC(116) Metaspace: 17507K(17728K)->17507K(17728K) NonClass: 14888K(14976K)->14888K(14976K) Class: 2619K(2752K)->2619K(2752K)
[49.247s][info][gc          ] GC(116) Pause Young (Normal) (G1 Evacuation Pause) 879M->568M(978M) 76.561ms
[49.247s][info][gc,cpu      ] GC(116) User=0.15s Sys=0.00s Real=0.07s
[49.611s][info][gc,marking  ] GC(114) Concurrent Mark From Roots 1424.829ms
[49.611s][info][gc,marking  ] GC(114) Concurrent Preclean
[49.611s][info][gc,marking  ] GC(114) Concurrent Preclean 0.027ms
[49.611s][info][gc,start    ] GC(114) Pause Remark
[49.617s][info][gc          ] GC(114) Pause Remark 850M->848M(978M) 6.246ms
[49.617s][info][gc,cpu      ] GC(114) User=0.01s Sys=0.00s Real=0.01s
[49.618s][info][gc,marking  ] GC(114) Concurrent Mark 1432.070ms
[49.618s][info][gc,marking  ] GC(114) Concurrent Rebuild Remembered Sets and Scrub Regions
[49.675s][info][gc,start    ] GC(117) Pause Young (Normal) (G1 Evacuation Pause)
[49.675s][info][gc,task     ] GC(117) Using 2 workers of 2 for evacuation
[49.740s][info][gc,phases   ] GC(117)   Pre Evacuate Collection Set: 0.26ms
[49.740s][info][gc,phases   ] GC(117)   Merge Heap Roots: 0.32ms
[49.740s][info][gc,phases   ] GC(117)   Evacuate Collection Set: 63.53ms
[49.740s][info][gc,phases   ] GC(117)   Post Evacuate Collection Set: 0.54ms
[49.740s][info][gc,phases   ] GC(117)   Other: 0.11ms
[49.740s][info][gc,heap     ] GC(117) Eden regions: 321->0(299)
[49.740s][info][gc,heap     ] GC(117) Survivor regions: 27->28(44)
[49.740s][info][gc,heap     ] GC(117) Old regions: 533->560
[49.740s][info][gc,heap     ] GC(117) Humongous regions: 7->7
[49.740s][info][gc,metaspace] GC(117) Metaspace: 17527K(17792K)->17527K(17792K) NonClass: 14908K(15040K)->14908K(15040K) Class: 2619K(2752K)->2619K(2752K)
[49.740s][info][gc          ] GC(117) Pause Young (Normal) (G1 Evacuation Pause) 887M->594M(978M) 65.013ms
[49.740s][info][gc,cpu      ] GC(117) User=0.13s Sys=0.01s Real=0.07s
[50.164s][info][gc,marking  ] GC(114) Concurrent Rebuild Remembered Sets and Scrub Regions 545.737ms
[50.164s][info][gc,start    ] GC(114) Pause Cleanup
[50.164s][info][gc          ] GC(114) Pause Cleanup 749M->749M(978M) 0.104ms
[50.164s][info][gc,cpu      ] GC(114) User=0.00s Sys=0.00s Real=0.00s
[50.165s][info][gc,marking  ] GC(114) Concurrent Clear Claimed Marks
[50.165s][info][gc,marking  ] GC(114) Concurrent Clear Claimed Marks 0.056ms
[50.165s][info][gc,marking  ] GC(114) Concurrent Cleanup for Next Mark
[50.171s][info][gc,marking  ] GC(114) Concurrent Cleanup for Next Mark 5.619ms
[50.171s][info][gc          ] GC(114) Concurrent Mark Cycle 2067.560ms
[50.631s][info][gc,start    ] GC(118) Pause Young (Prepare Mixed) (G1 Evacuation Pause)
[50.631s][info][gc,task     ] GC(118) Using 2 workers of 2 for evacuation
[50.687s][info][gc,phases   ] GC(118)   Pre Evacuate Collection Set: 0.34ms
[50.688s][info][gc,phases   ] GC(118)   Merge Heap Roots: 0.55ms
[50.688s][info][gc,phases   ] GC(118)   Evacuate Collection Set: 55.21ms
[50.688s][info][gc,phases   ] GC(118)   Post Evacuate Collection Set: 0.51ms
[50.688s][info][gc,phases   ] GC(118)   Other: 0.07ms
[50.688s][info][gc,heap     ] GC(118) Eden regions: 299->0(282)
[50.688s][info][gc,heap     ] GC(118) Survivor regions: 28->24(41)
[50.688s][info][gc,heap     ] GC(118) Old regions: 560->587
[50.688s][info][gc,heap     ] GC(118) Humongous regions: 7->7
[50.688s][info][gc,metaspace] GC(118) Metaspace: 17533K(17792K)->17533K(17792K) NonClass: 14914K(15040K)->14914K(15040K) Class: 2619K(2752K)->2619K(2752K)
[50.688s][info][gc          ] GC(118) Pause Young (Prepare Mixed) (G1 Evacuation Pause) 893M->617M(978M) 56.901ms
[50.688s][info][gc,cpu      ] GC(118) User=0.11s Sys=0.00s Real=0.06s
[51.479s][info][gc,start    ] GC(119) Pause Young (Mixed) (G1 Evacuation Pause)
[51.479s][info][gc,task     ] GC(119) Using 2 workers of 2 for evacuation
[51.506s][info][gc,phases   ] GC(119)   Pre Evacuate Collection Set: 0.32ms
[51.506s][info][gc,phases   ] GC(119)   Merge Heap Roots: 0.23ms
[51.506s][info][gc,phases   ] GC(119)   Evacuate Collection Set: 25.74ms
[51.506s][info][gc,phases   ] GC(119)   Post Evacuate Collection Set: 0.46ms
[51.506s][info][gc,phases   ] GC(119)   Other: 0.10ms
[51.506s][info][gc,heap     ] GC(119) Eden regions: 282->0(300)
[51.506s][info][gc,heap     ] GC(119) Survivor regions: 24->1(39)
[51.506s][info][gc,heap     ] GC(119) Old regions: 587->601
[51.506s][info][gc,heap     ] GC(119) Humongous regions: 7->7
[51.506s][info][gc,metaspace] GC(119) Metaspace: 17534K(17792K)->17534K(17792K) NonClass: 14915K(15040K)->14915K(15040K) Class: 2619K(2752K)->2619K(2752K)
[51.506s][info][gc          ] GC(119) Pause Young (Mixed) (G1 Evacuation Pause) 899M->609M(978M) 27.098ms
[51.506s][info][gc,cpu      ] GC(119) User=0.05s Sys=0.00s Real=0.02s
[52.177s][info][gc,start    ] GC(120) Pause Young (Concurrent Start) (G1 Evacuation Pause)
[52.177s][info][gc,task     ] GC(120) Using 2 workers of 2 for evacuation
[52.179s][info][gc,phases   ] GC(120)   Pre Evacuate Collection Set: 0.34ms
[52.179s][info][gc,phases   ] GC(120)   Merge Heap Roots: 0.09ms
[52.179s][info][gc,phases   ] GC(120)   Evacuate Collection Set: 0.83ms
[52.179s][info][gc,phases   ] GC(120)   Post Evacuate Collection Set: 0.42ms
[52.179s][info][gc,phases   ] GC(120)   Other: 0.12ms
[52.179s][info][gc,heap     ] GC(120) Eden regions: 300->0(312)
[52.179s][info][gc,heap     ] GC(120) Survivor regions: 1->1(38)
[52.179s][info][gc,heap     ] GC(120) Old regions: 601->601
[52.179s][info][gc,heap     ] GC(120) Humongous regions: 7->7
[52.179s][info][gc,metaspace] GC(120) Metaspace: 17536K(17792K)->17536K(17792K) NonClass: 14916K(15040K)->14916K(15040K) Class: 2619K(2752K)->2619K(2752K)
[52.179s][info][gc          ] GC(120) Pause Young (Concurrent Start) (G1 Evacuation Pause) 909M->609M(978M) 2.034ms
[52.179s][info][gc          ] GC(121) Concurrent Mark Cycle
[52.179s][info][gc,marking  ] GC(121) Concurrent Scan Root Regions
[52.179s][info][gc,marking  ] GC(121) Concurrent Scan Root Regions 0.373ms
[52.179s][info][gc,marking  ] GC(121) Concurrent Mark
[52.179s][info][gc,marking  ] GC(121) Concurrent Mark From Roots
[52.179s][info][gc,task     ] GC(121) Using 1 workers of 1 for marking
[52.179s][info][gc,cpu      ] GC(120) User=0.01s Sys=0.00s Real=0.00s
[53.482s][info][gc,start    ] GC(122) Pause Young (Normal) (G1 Evacuation Pause)
[53.483s][info][gc,task     ] GC(122) Using 2 workers of 2 for evacuation
[53.487s][info][gc,phases   ] GC(122)   Pre Evacuate Collection Set: 0.28ms
[53.487s][info][gc,phases   ] GC(122)   Merge Heap Roots: 0.15ms
[53.487s][info][gc,phases   ] GC(122)   Evacuate Collection Set: 3.71ms
[53.487s][info][gc,phases   ] GC(122)   Post Evacuate Collection Set: 0.49ms
[53.487s][info][gc,phases   ] GC(122)   Other: 0.09ms
[53.487s][info][gc,heap     ] GC(122) Eden regions: 312->0(314)
[53.487s][info][gc,heap     ] GC(122) Survivor regions: 1->3(40)
[53.487s][info][gc,heap     ] GC(122) Old regions: 601->601
[53.487s][info][gc,heap     ] GC(122) Humongous regions: 7->7
[53.487s][info][gc,metaspace] GC(122) Metaspace: 17536K(17792K)->17536K(17792K) NonClass: 14916K(15040K)->14916K(15040K) Class: 2619K(2752K)->2619K(2752K)
[53.487s][info][gc          ] GC(122) Pause Young (Normal) (G1 Evacuation Pause) 921M->610M(978M) 4.914ms
[53.487s][info][gc,cpu      ] GC(122) User=0.01s Sys=0.00s Real=0.01s
[54.108s][info][gc,start    ] GC(123) Pause Young (Normal) (G1 Evacuation Pause)
[54.108s][info][gc,task     ] GC(123) Using 2 workers of 2 for evacuation
[54.185s][info][gc,phases   ] GC(123)   Pre Evacuate Collection Set: 0.28ms
[54.185s][info][gc,phases   ] GC(123)   Merge Heap Roots: 0.15ms
[54.185s][info][gc,phases   ] GC(123)   Evacuate Collection Set: 68.11ms
[54.185s][info][gc,phases   ] GC(123)   Post Evacuate Collection Set: 8.37ms
[54.185s][info][gc,phases   ] GC(123)   Other: 0.10ms
[54.185s][info][gc,heap     ] GC(123) Eden regions: 314->0(93)
[54.185s][info][gc,heap     ] GC(123) Survivor regions: 3->40(40)
[54.185s][info][gc,heap     ] GC(123) Old regions: 601->748
[54.185s][info][gc,heap     ] GC(123) Humongous regions: 7->7
[54.185s][info][gc,metaspace] GC(123) Metaspace: 17538K(17792K)->17538K(17792K) NonClass: 14918K(15040K)->14918K(15040K) Class: 2619K(2752K)->2619K(2752K)
[54.185s][info][gc          ] GC(123) Pause Young (Normal) (G1 Evacuation Pause) (Evacuation Failure: Allocation) 924M->795M(978M) 77.254ms
[54.185s][info][gc,cpu      ] GC(123) User=0.15s Sys=0.00s Real=0.07s
[54.196s][info][gc,marking  ] GC(121) Concurrent Mark From Roots 2016.391ms
[54.196s][info][gc,marking  ] GC(121) Concurrent Preclean
[54.196s][info][gc,marking  ] GC(121) Concurrent Preclean 0.028ms
[54.197s][info][gc,start    ] GC(121) Pause Remark
[54.203s][info][gc          ] GC(121) Pause Remark 801M->801M(978M) 5.961ms
[54.203s][info][gc,cpu      ] GC(121) User=0.01s Sys=0.00s Real=0.00s
[54.203s][info][gc,marking  ] GC(121) Concurrent Mark 2023.660ms
[54.203s][info][gc,marking  ] GC(121) Concurrent Rebuild Remembered Sets and Scrub Regions
[54.361s][info][gc,start    ] GC(124) Pause Young (Normal) (G1 Evacuation Pause)
[54.361s][info][gc,task     ] GC(124) Using 2 workers of 2 for evacuation
[54.434s][info][gc,phases   ] GC(124)   Pre Evacuate Collection Set: 0.41ms
[54.434s][info][gc,phases   ] GC(124)   Merge Heap Roots: 0.34ms
[54.434s][info][gc,phases   ] GC(124)   Evacuate Collection Set: 71.74ms
[54.434s][info][gc,phases   ] GC(124)   Post Evacuate Collection Set: 0.56ms
[54.434s][info][gc,phases   ] GC(124)   Other: 0.08ms
[54.434s][info][gc,heap     ] GC(124) Eden regions: 93->0(209)
[54.434s][info][gc,heap     ] GC(124) Survivor regions: 40->17(17)
[54.434s][info][gc,heap     ] GC(124) Old regions: 748->676
[54.434s][info][gc,heap     ] GC(124) Humongous regions: 7->7
[54.435s][info][gc,metaspace] GC(124) Metaspace: 17545K(17792K)->17545K(17792K) NonClass: 14926K(15040K)->14926K(15040K) Class: 2619K(2752K)->2619K(2752K)
[54.435s][info][gc          ] GC(124) Pause Young (Normal) (G1 Evacuation Pause) 888M->700M(978M) 73.349ms
[54.435s][info][gc,cpu      ] GC(124) User=0.15s Sys=0.00s Real=0.07s
[54.778s][info][gc,start    ] GC(125) Pause Young (Normal) (G1 Evacuation Pause)
[54.778s][info][gc,task     ] GC(125) Using 2 workers of 2 for evacuation
[54.879s][info][gc,phases   ] GC(125)   Pre Evacuate Collection Set: 0.49ms
[54.879s][info][gc,phases   ] GC(125)   Merge Heap Roots: 0.46ms
[54.879s][info][gc,phases   ] GC(125)   Evacuate Collection Set: 92.14ms
[54.879s][info][gc,phases   ] GC(125)   Post Evacuate Collection Set: 7.99ms
[54.879s][info][gc,phases   ] GC(125)   Other: 0.10ms
[54.879s][info][gc,heap     ] GC(125) Eden regions: 209->0(43)
[54.879s][info][gc,heap     ] GC(125) Survivor regions: 17->29(29)
[54.879s][info][gc,heap     ] GC(125) Old regions: 676->817
[54.879s][info][gc,heap     ] GC(125) Humongous regions: 10->10
[54.879s][info][gc,metaspace] GC(125) Metaspace: 17545K(17792K)->17545K(17792K) NonClass: 14926K(15040K)->14926K(15040K) Class: 2619K(2752K)->2619K(2752K)
[54.879s][info][gc          ] GC(125) Pause Young (Normal) (G1 Evacuation Pause) (Evacuation Failure: Allocation) 912M->856M(978M) 101.460ms
[54.879s][info][gc,cpu      ] GC(125) User=0.20s Sys=0.00s Real=0.10s
[55.013s][info][gc,start    ] GC(126) Pause Young (Normal) (G1 Evacuation Pause)
[55.013s][info][gc,task     ] GC(126) Using 2 workers of 2 for evacuation
[55.072s][info][gc,phases   ] GC(126)   Pre Evacuate Collection Set: 0.49ms
[55.072s][info][gc,phases   ] GC(126)   Merge Heap Roots: 0.62ms
[55.072s][info][gc,phases   ] GC(126)   Evacuate Collection Set: 57.59ms
[55.072s][info][gc,phases   ] GC(126)   Post Evacuate Collection Set: 0.37ms
[55.072s][info][gc,phases   ] GC(126)   Other: 0.10ms
[55.072s][info][gc,heap     ] GC(126) Eden regions: 43->0(148)
[55.072s][info][gc,heap     ] GC(126) Survivor regions: 29->1(9)
[55.073s][info][gc,heap     ] GC(126) Old regions: 817->768
[55.073s][info][gc,heap     ] GC(126) Humongous regions: 10->10
[55.073s][info][gc,metaspace] GC(126) Metaspace: 17545K(17792K)->17545K(17792K) NonClass: 14926K(15040K)->14926K(15040K) Class: 2619K(2752K)->2619K(2752K)
[55.073s][info][gc          ] GC(126) Pause Young (Normal) (G1 Evacuation Pause) 899M->779M(978M) 59.393ms
[55.073s][info][gc,cpu      ] GC(126) User=0.12s Sys=0.00s Real=0.06s
[55.234s][info][gc,marking  ] GC(121) Concurrent Rebuild Remembered Sets and Scrub Regions 1030.904ms
[55.234s][info][gc,start    ] GC(121) Pause Cleanup
[55.234s][info][gc          ] GC(121) Pause Cleanup 846M->846M(978M) 0.113ms
[55.234s][info][gc,cpu      ] GC(121) User=0.00s Sys=0.00s Real=0.00s
[55.236s][info][gc,marking  ] GC(121) Concurrent Clear Claimed Marks
[55.236s][info][gc,marking  ] GC(121) Concurrent Clear Claimed Marks 0.042ms
[55.236s][info][gc,marking  ] GC(121) Concurrent Cleanup for Next Mark
[55.241s][info][gc,marking  ] GC(121) Concurrent Cleanup for Next Mark 4.843ms
[55.241s][info][gc          ] GC(121) Concurrent Mark Cycle 3061.859ms
[55.366s][info][gc,start    ] GC(127) Pause Young (Prepare Mixed) (G1 Evacuation Pause)
[55.366s][info][gc,task     ] GC(127) Using 2 workers of 2 for evacuation
[55.367s][info][gc,phases   ] GC(127)   Pre Evacuate Collection Set: 0.52ms
[55.367s][info][gc,phases   ] GC(127)   Merge Heap Roots: 0.07ms
[55.367s][info][gc,phases   ] GC(127)   Evacuate Collection Set: 0.77ms
[55.367s][info][gc,phases   ] GC(127)   Post Evacuate Collection Set: 0.32ms
[55.367s][info][gc,phases   ] GC(127)   Other: 0.09ms
[55.368s][info][gc,heap     ] GC(127) Eden regions: 148->0(148)
[55.368s][info][gc,heap     ] GC(127) Survivor regions: 1->1(19)
[55.368s][info][gc,heap     ] GC(127) Old regions: 768->768
[55.368s][info][gc,heap     ] GC(127) Humongous regions: 10->10
[55.368s][info][gc,metaspace] GC(127) Metaspace: 17545K(17792K)->17545K(17792K) NonClass: 14926K(15040K)->14926K(15040K) Class: 2619K(2752K)->2619K(2752K)
[55.368s][info][gc          ] GC(127) Pause Young (Prepare Mixed) (G1 Evacuation Pause) 927M->779M(978M) 1.968ms
[55.368s][info][gc,cpu      ] GC(127) User=0.00s Sys=0.00s Real=0.01s
[55.609s][info][gc,start    ] GC(128) Pause Young (Mixed) (G1 Evacuation Pause)
[55.609s][info][gc,task     ] GC(128) Using 2 workers of 2 for evacuation
[55.614s][info][gc,phases   ] GC(128)   Pre Evacuate Collection Set: 0.52ms
[55.614s][info][gc,phases   ] GC(128)   Merge Heap Roots: 0.15ms
[55.614s][info][gc,phases   ] GC(128)   Evacuate Collection Set: 4.34ms
[55.614s][info][gc,phases   ] GC(128)   Post Evacuate Collection Set: 0.35ms
[55.614s][info][gc,phases   ] GC(128)   Other: 0.08ms
[55.614s][info][gc,heap     ] GC(128) Eden regions: 148->0(156)
[55.614s][info][gc,heap     ] GC(128) Survivor regions: 1->1(19)
[55.614s][info][gc,heap     ] GC(128) Old regions: 768->760
[55.614s][info][gc,heap     ] GC(128) Humongous regions: 10->10
[55.614s][info][gc,metaspace] GC(128) Metaspace: 17545K(17792K)->17545K(17792K) NonClass: 14926K(15040K)->14926K(15040K) Class: 2619K(2752K)->2619K(2752K)
[55.614s][info][gc          ] GC(128) Pause Young (Mixed) (G1 Evacuation Pause) 927M->770M(978M) 5.638ms
[55.614s][info][gc,cpu      ] GC(128) User=0.01s Sys=0.00s Real=0.00s
[55.802s][info][gc,start    ] GC(129) Pause Young (Concurrent Start) (G1 Evacuation Pause)
[55.802s][info][gc,task     ] GC(129) Using 2 workers of 2 for evacuation
[55.804s][info][gc,phases   ] GC(129)   Pre Evacuate Collection Set: 0.34ms
[55.804s][info][gc,phases   ] GC(129)   Merge Heap Roots: 0.07ms
[55.804s][info][gc,phases   ] GC(129)   Evacuate Collection Set: 1.13ms
[55.804s][info][gc,phases   ] GC(129)   Post Evacuate Collection Set: 0.35ms
[55.804s][info][gc,phases   ] GC(129)   Other: 0.22ms
[55.804s][info][gc,heap     ] GC(129) Eden regions: 156->0(156)
[55.804s][info][gc,heap     ] GC(129) Survivor regions: 1->1(20)
[55.804s][info][gc,heap     ] GC(129) Old regions: 760->760
[55.804s][info][gc,heap     ] GC(129) Humongous regions: 10->10
[55.804s][info][gc,metaspace] GC(129) Metaspace: 17545K(17792K)->17545K(17792K) NonClass: 14926K(15040K)->14926K(15040K) Class: 2619K(2752K)->2619K(2752K)
[55.804s][info][gc          ] GC(129) Pause Young (Concurrent Start) (G1 Evacuation Pause) 926M->769M(978M) 2.333ms
[55.804s][info][gc          ] GC(130) Concurrent Mark Cycle
[55.804s][info][gc,marking  ] GC(130) Concurrent Scan Root Regions
[55.805s][info][gc,cpu      ] GC(129) User=0.00s Sys=0.00s Real=0.00s
[55.805s][info][gc,marking  ] GC(130) Concurrent Scan Root Regions 1.030ms
[55.805s][info][gc,marking  ] GC(130) Concurrent Mark
[55.805s][info][gc,marking  ] GC(130) Concurrent Mark From Roots
[55.805s][info][gc,task     ] GC(130) Using 1 workers of 1 for marking
[56.127s][info][gc,start    ] GC(131) Pause Young (Normal) (G1 Evacuation Pause)
[56.127s][info][gc,task     ] GC(131) Using 2 workers of 2 for evacuation
[56.129s][info][gc,phases   ] GC(131)   Pre Evacuate Collection Set: 0.48ms
[56.129s][info][gc,phases   ] GC(131)   Merge Heap Roots: 0.08ms
[56.129s][info][gc,phases   ] GC(131)   Evacuate Collection Set: 1.24ms
[56.129s][info][gc,phases   ] GC(131)   Post Evacuate Collection Set: 0.36ms
[56.129s][info][gc,phases   ] GC(131)   Other: 0.07ms
[56.129s][info][gc,heap     ] GC(131) Eden regions: 156->0(156)
[56.129s][info][gc,heap     ] GC(131) Survivor regions: 1->1(20)
[56.129s][info][gc,heap     ] GC(131) Old regions: 760->760
[56.129s][info][gc,heap     ] GC(131) Humongous regions: 10->10
[56.129s][info][gc,metaspace] GC(131) Metaspace: 17545K(17792K)->17545K(17792K) NonClass: 14926K(15040K)->14926K(15040K) Class: 2619K(2752K)->2619K(2752K)
[56.129s][info][gc          ] GC(131) Pause Young (Normal) (G1 Evacuation Pause) 925M->770M(978M) 2.450ms
[56.130s][info][gc,cpu      ] GC(131) User=0.00s Sys=0.00s Real=0.00s
[56.434s][info][gc,start    ] GC(132) Pause Young (Normal) (G1 Evacuation Pause)
[56.435s][info][gc,task     ] GC(132) Using 2 workers of 2 for evacuation
[56.437s][info][gc,phases   ] GC(132)   Pre Evacuate Collection Set: 0.27ms
[56.437s][info][gc,phases   ] GC(132)   Merge Heap Roots: 0.08ms
[56.437s][info][gc,phases   ] GC(132)   Evacuate Collection Set: 1.37ms
[56.437s][info][gc,phases   ] GC(132)   Post Evacuate Collection Set: 0.33ms
[56.437s][info][gc,phases   ] GC(132)   Other: 0.07ms
[56.437s][info][gc,heap     ] GC(132) Eden regions: 156->0(156)
[56.437s][info][gc,heap     ] GC(132) Survivor regions: 1->1(20)
[56.437s][info][gc,heap     ] GC(132) Old regions: 760->760
[56.437s][info][gc,heap     ] GC(132) Humongous regions: 10->10
[56.437s][info][gc,metaspace] GC(132) Metaspace: 17545K(17792K)->17545K(17792K) NonClass: 14926K(15040K)->14926K(15040K) Class: 2619K(2752K)->2619K(2752K)
[56.437s][info][gc          ] GC(132) Pause Young (Normal) (G1 Evacuation Pause) 926M->770M(978M) 2.316ms
[56.437s][info][gc,cpu      ] GC(132) User=0.01s Sys=0.00s Real=0.00s
[56.677s][info][gc,marking  ] GC(130) Concurrent Mark From Roots 871.616ms
[56.677s][info][gc,marking  ] GC(130) Concurrent Preclean
[56.677s][info][gc,marking  ] GC(130) Concurrent Preclean 0.027ms
[56.677s][info][gc,start    ] GC(130) Pause Remark
[56.684s][info][gc          ] GC(130) Pause Remark 873M->640M(978M) 6.256ms
[56.684s][info][gc,cpu      ] GC(130) User=0.01s Sys=0.00s Real=0.00s
[56.685s][info][gc,marking  ] GC(130) Concurrent Mark 879.083ms
[56.685s][info][gc,marking  ] GC(130) Concurrent Rebuild Remembered Sets and Scrub Regions
[56.773s][info][gc,start    ] GC(133) Pause Young (Normal) (G1 Evacuation Pause)
[56.773s][info][gc,task     ] GC(133) Using 2 workers of 2 for evacuation
[56.785s][info][gc,phases   ] GC(133)   Pre Evacuate Collection Set: 0.50ms
[56.785s][info][gc,phases   ] GC(133)   Merge Heap Roots: 0.17ms
[56.785s][info][gc,phases   ] GC(133)   Evacuate Collection Set: 10.33ms
[56.785s][info][gc,phases   ] GC(133)   Post Evacuate Collection Set: 0.36ms
[56.785s][info][gc,phases   ] GC(133)   Other: 0.12ms
[56.785s][info][gc,heap     ] GC(133) Eden regions: 156->0(369)
[56.785s][info][gc,heap     ] GC(133) Survivor regions: 1->5(20)
[56.785s][info][gc,heap     ] GC(133) Old regions: 533->533
[56.785s][info][gc,heap     ] GC(133) Humongous regions: 4->4
[56.785s][info][gc,metaspace] GC(133) Metaspace: 17545K(17792K)->17545K(17792K) NonClass: 14926K(15040K)->14926K(15040K) Class: 2619K(2752K)->2619K(2752K)
[56.785s][info][gc          ] GC(133) Pause Young (Normal) (G1 Evacuation Pause) 693M->540M(978M) 11.673ms
[56.785s][info][gc,cpu      ] GC(133) User=0.02s Sys=0.00s Real=0.01s
[57.123s][info][gc,marking  ] GC(130) Concurrent Rebuild Remembered Sets and Scrub Regions 438.257ms
[57.123s][info][gc,start    ] GC(130) Pause Cleanup
[57.123s][info][gc          ] GC(130) Pause Cleanup 670M->670M(978M) 0.189ms
[57.123s][info][gc,cpu      ] GC(130) User=0.00s Sys=0.00s Real=0.00s
[57.123s][info][gc,marking  ] GC(130) Concurrent Clear Claimed Marks
[57.123s][info][gc,marking  ] GC(130) Concurrent Clear Claimed Marks 0.024ms
[57.123s][info][gc,marking  ] GC(130) Concurrent Cleanup for Next Mark
[57.126s][info][gc,marking  ] GC(130) Concurrent Cleanup for Next Mark 2.795ms
[57.126s][info][gc          ] GC(130) Concurrent Mark Cycle 1321.735ms
[57.453s][info][gc,start    ] GC(134) Pause Young (Prepare Mixed) (G1 Evacuation Pause)
[57.453s][info][gc,task     ] GC(134) Using 2 workers of 2 for evacuation
[57.491s][info][gc,phases   ] GC(134)   Pre Evacuate Collection Set: 0.28ms
[57.491s][info][gc,phases   ] GC(134)   Merge Heap Roots: 0.60ms
[57.491s][info][gc,phases   ] GC(134)   Evacuate Collection Set: 37.05ms
[57.491s][info][gc,phases   ] GC(134)   Post Evacuate Collection Set: 0.68ms
[57.491s][info][gc,phases   ] GC(134)   Other: 0.12ms
[57.491s][info][gc,heap     ] GC(134) Eden regions: 369->0(350)
[57.491s][info][gc,heap     ] GC(134) Survivor regions: 5->19(47)
[57.491s][info][gc,heap     ] GC(134) Old regions: 533->533
[57.491s][info][gc,heap     ] GC(134) Humongous regions: 7->7
[57.491s][info][gc,metaspace] GC(134) Metaspace: 17545K(17792K)->17545K(17792K) NonClass: 14926K(15040K)->14926K(15040K) Class: 2619K(2752K)->2619K(2752K)
[57.491s][info][gc          ] GC(134) Pause Young (Prepare Mixed) (G1 Evacuation Pause) 912M->558M(978M) 38.955ms
[57.491s][info][gc,cpu      ] GC(134) User=0.08s Sys=0.00s Real=0.04s
[57.991s][info][gc,start    ] GC(135) Pause Young (Mixed) (G1 Evacuation Pause)
[57.991s][info][gc,task     ] GC(135) Using 2 workers of 2 for evacuation
[58.029s][info][gc,phases   ] GC(135)   Pre Evacuate Collection Set: 0.33ms
[58.029s][info][gc,phases   ] GC(135)   Merge Heap Roots: 0.40ms
[58.029s][info][gc,phases   ] GC(135)   Evacuate Collection Set: 36.29ms
[58.029s][info][gc,phases   ] GC(135)   Post Evacuate Collection Set: 0.72ms
[58.029s][info][gc,phases   ] GC(135)   Other: 0.12ms
[58.029s][info][gc,heap     ] GC(135) Eden regions: 350->0(445)
[58.029s][info][gc,heap     ] GC(135) Survivor regions: 19->19(47)
[58.029s][info][gc,heap     ] GC(135) Old regions: 533->435
[58.029s][info][gc,heap     ] GC(135) Humongous regions: 7->7
[58.029s][info][gc,metaspace] GC(135) Metaspace: 17545K(17792K)->17545K(17792K) NonClass: 14926K(15040K)->14926K(15040K) Class: 2619K(2752K)->2619K(2752K)
[58.029s][info][gc          ] GC(135) Pause Young (Mixed) (G1 Evacuation Pause) 908M->460M(978M) 38.108ms
[58.029s][info][gc,cpu      ] GC(135) User=0.08s Sys=0.00s Real=0.04s
[58.470s][info][gc,start    ] GC(136) Pause Young (Mixed) (G1 Evacuation Pause)
[58.470s][info][gc,task     ] GC(136) Using 2 workers of 2 for evacuation
[58.550s][info][gc,phases   ] GC(136)   Pre Evacuate Collection Set: 0.50ms
[58.550s][info][gc,phases   ] GC(136)   Merge Heap Roots: 0.54ms
[58.550s][info][gc,phases   ] GC(136)   Evacuate Collection Set: 78.08ms
[58.550s][info][gc,phases   ] GC(136)   Post Evacuate Collection Set: 0.83ms
[58.550s][info][gc,phases   ] GC(136)   Other: 0.13ms
[58.550s][info][gc,heap     ] GC(136) Eden regions: 445->0(418)
[58.550s][info][gc,heap     ] GC(136) Survivor regions: 19->55(58)
[58.550s][info][gc,heap     ] GC(136) Old regions: 435->382
[58.550s][info][gc,heap     ] GC(136) Humongous regions: 7->7
[58.550s][info][gc,metaspace] GC(136) Metaspace: 17547K(17792K)->17547K(17792K) NonClass: 14928K(15040K)->14928K(15040K) Class: 2619K(2752K)->2619K(2752K)
[58.550s][info][gc          ] GC(136) Pause Young (Mixed) (G1 Evacuation Pause) 905M->443M(978M) 80.307ms
[58.550s][info][gc,cpu      ] GC(136) User=0.16s Sys=0.00s Real=0.08s
[58.939s][info][gc,start    ] GC(137) Pause Young (Concurrent Start) (G1 Evacuation Pause)
[58.939s][info][gc,task     ] GC(137) Using 2 workers of 2 for evacuation
[59.056s][info][gc,phases   ] GC(137)   Pre Evacuate Collection Set: 0.31ms
[59.056s][info][gc,phases   ] GC(137)   Merge Heap Roots: 0.67ms
[59.056s][info][gc,phases   ] GC(137)   Evacuate Collection Set: 115.48ms
[59.056s][info][gc,phases   ] GC(137)   Post Evacuate Collection Set: 0.64ms
[59.056s][info][gc,phases   ] GC(137)   Other: 0.11ms
[59.056s][info][gc,heap     ] GC(137) Eden regions: 418->0(390)
[59.056s][info][gc,heap     ] GC(137) Survivor regions: 55->42(60)
[59.056s][info][gc,heap     ] GC(137) Old regions: 382->436
[59.056s][info][gc,heap     ] GC(137) Humongous regions: 7->7
[59.056s][info][gc,metaspace] GC(137) Metaspace: 17547K(17792K)->17547K(17792K) NonClass: 14928K(15040K)->14928K(15040K) Class: 2619K(2752K)->2619K(2752K)
[59.056s][info][gc          ] GC(137) Pause Young (Concurrent Start) (G1 Evacuation Pause) 861M->484M(978M) 117.422ms
[59.056s][info][gc          ] GC(138) Concurrent Mark Cycle
[59.056s][info][gc,marking  ] GC(138) Concurrent Scan Root Regions
[59.057s][info][gc,cpu      ] GC(137) User=0.23s Sys=0.00s Real=0.12s
[59.203s][info][gc,marking  ] GC(138) Concurrent Scan Root Regions 146.874ms
[59.203s][info][gc,marking  ] GC(138) Concurrent Mark
[59.203s][info][gc,marking  ] GC(138) Concurrent Mark From Roots
[59.203s][info][gc,task     ] GC(138) Using 1 workers of 1 for marking
[59.679s][info][gc,marking  ] GC(138) Concurrent Mark From Roots 475.624ms
[59.679s][info][gc,marking  ] GC(138) Concurrent Preclean
[59.679s][info][gc,marking  ] GC(138) Concurrent Preclean 0.038ms
[59.679s][info][gc,start    ] GC(138) Pause Remark
[59.686s][info][gc          ] GC(138) Pause Remark 833M->716M(978M) 6.465ms
[59.686s][info][gc,cpu      ] GC(138) User=0.01s Sys=0.00s Real=0.00s
[59.686s][info][gc,marking  ] GC(138) Concurrent Mark 482.440ms
[59.686s][info][gc,marking  ] GC(138) Concurrent Rebuild Remembered Sets and Scrub Regions
[59.799s][info][gc,start    ] GC(139) Pause Young (Normal) (G1 Evacuation Pause)
[59.799s][info][gc,task     ] GC(139) Using 2 workers of 2 for evacuation
[59.883s][info][gc,phases   ] GC(139)   Pre Evacuate Collection Set: 0.49ms
[59.883s][info][gc,phases   ] GC(139)   Merge Heap Roots: 0.40ms
[59.883s][info][gc,phases   ] GC(139)   Evacuate Collection Set: 82.17ms
[59.883s][info][gc,phases   ] GC(139)   Post Evacuate Collection Set: 0.61ms
[59.883s][info][gc,phases   ] GC(139)   Other: 0.10ms
[59.883s][info][gc,heap     ] GC(139) Eden regions: 390->0(435)
[59.883s][info][gc,heap     ] GC(139) Survivor regions: 42->33(54)
[59.883s][info][gc,heap     ] GC(139) Old regions: 322->364
[59.883s][info][gc,heap     ] GC(139) Humongous regions: 4->4
[59.883s][info][gc,metaspace] GC(139) Metaspace: 17549K(17792K)->17549K(17792K) NonClass: 14930K(15040K)->14930K(15040K) Class: 2619K(2752K)->2619K(2752K)
[59.883s][info][gc          ] GC(139) Pause Young (Normal) (G1 Evacuation Pause) 757M->400M(978M) 84.030ms
[59.883s][info][gc,cpu      ] GC(139) User=0.17s Sys=0.00s Real=0.08s
[60.052s][info][gc,marking  ] GC(138) Concurrent Rebuild Remembered Sets and Scrub Regions 366.077ms
[60.052s][info][gc,start    ] GC(138) Pause Cleanup
[60.052s][info][gc          ] GC(138) Pause Cleanup 502M->502M(978M) 0.141ms
[60.052s][info][gc,cpu      ] GC(138) User=0.00s Sys=0.00s Real=0.00s
[60.052s][info][gc,marking  ] GC(138) Concurrent Clear Claimed Marks
[60.052s][info][gc,marking  ] GC(138) Concurrent Clear Claimed Marks 0.035ms
[60.052s][info][gc,marking  ] GC(138) Concurrent Cleanup for Next Mark
[60.057s][info][gc,marking  ] GC(138) Concurrent Cleanup for Next Mark 4.881ms
[60.057s][info][gc          ] GC(138) Concurrent Mark Cycle 1001.003ms
[60.472s][info][gc,start    ] GC(140) Pause Young (Prepare Mixed) (G1 Evacuation Pause)
[60.472s][info][gc,task     ] GC(140) Using 2 workers of 2 for evacuation
[60.524s][info][gc,phases   ] GC(140)   Pre Evacuate Collection Set: 0.30ms
[60.524s][info][gc,phases   ] GC(140)   Merge Heap Roots: 0.31ms
[60.524s][info][gc,phases   ] GC(140)   Evacuate Collection Set: 50.30ms
[60.524s][info][gc,phases   ] GC(140)   Post Evacuate Collection Set: 0.59ms
[60.524s][info][gc,phases   ] GC(140)   Other: 0.09ms
[60.524s][info][gc,heap     ] GC(140) Eden regions: 435->0(437)
[60.524s][info][gc,heap     ] GC(140) Survivor regions: 33->16(59)
[60.524s][info][gc,heap     ] GC(140) Old regions: 364->396
[60.524s][info][gc,heap     ] GC(140) Humongous regions: 4->4
[60.524s][info][gc,metaspace] GC(140) Metaspace: 17554K(17792K)->17554K(17792K) NonClass: 14935K(15040K)->14935K(15040K) Class: 2619K(2752K)->2619K(2752K)
[60.524s][info][gc          ] GC(140) Pause Young (Prepare Mixed) (G1 Evacuation Pause) 835M->415M(978M) 51.862ms
[60.524s][info][gc,cpu      ] GC(140) User=0.10s Sys=0.00s Real=0.05s
[61.628s][info][gc,start    ] GC(141) Pause Young (Mixed) (G1 Evacuation Pause)
[61.628s][info][gc,task     ] GC(141) Using 2 workers of 2 for evacuation
[61.647s][info][gc,phases   ] GC(141)   Pre Evacuate Collection Set: 0.54ms
[61.647s][info][gc,phases   ] GC(141)   Merge Heap Roots: 0.23ms
[61.647s][info][gc,phases   ] GC(141)   Evacuate Collection Set: 17.57ms
[61.647s][info][gc,phases   ] GC(141)   Post Evacuate Collection Set: 0.64ms
[61.647s][info][gc,phases   ] GC(141)   Other: 0.10ms
[61.647s][info][gc,heap     ] GC(141) Eden regions: 437->0(477)
[61.647s][info][gc,heap     ] GC(141) Survivor regions: 16->16(57)
[61.647s][info][gc,heap     ] GC(141) Old regions: 396->361
[61.647s][info][gc,heap     ] GC(141) Humongous regions: 4->4
[61.647s][info][gc,metaspace] GC(141) Metaspace: 17558K(17792K)->17558K(17792K) NonClass: 14939K(15040K)->14939K(15040K) Class: 2619K(2752K)->2619K(2752K)
[61.647s][info][gc          ] GC(141) Pause Young (Mixed) (G1 Evacuation Pause) 852M->380M(978M) 19.285ms
[61.647s][info][gc,cpu      ] GC(141) User=0.04s Sys=0.00s Real=0.02s
[62.491s][info][gc,start    ] GC(142) Pause Young (Concurrent Start) (G1 Evacuation Pause)
[62.491s][info][gc,task     ] GC(142) Using 2 workers of 2 for evacuation
[62.593s][info][gc,phases   ] GC(142)   Pre Evacuate Collection Set: 0.28ms
[62.593s][info][gc,phases   ] GC(142)   Merge Heap Roots: 1.04ms
[62.593s][info][gc,phases   ] GC(142)   Evacuate Collection Set: 99.07ms
[62.593s][info][gc,phases   ] GC(142)   Post Evacuate Collection Set: 0.91ms
[62.593s][info][gc,phases   ] GC(142)   Other: 0.11ms
[62.593s][info][gc,heap     ] GC(142) Eden regions: 477->0(368)
[62.593s][info][gc,heap     ] GC(142) Survivor regions: 16->62(62)
[62.593s][info][gc,heap     ] GC(142) Old regions: 361->403
[62.593s][info][gc,heap     ] GC(142) Humongous regions: 4->4
[62.593s][info][gc,metaspace] GC(142) Metaspace: 17560K(17792K)->17560K(17792K) NonClass: 14941K(15040K)->14941K(15040K) Class: 2619K(2752K)->2619K(2752K)
[62.593s][info][gc          ] GC(142) Pause Young (Concurrent Start) (G1 Evacuation Pause) 857M->469M(978M) 101.653ms
[62.593s][info][gc,cpu      ] GC(142) User=0.20s Sys=0.00s Real=0.10s
[62.593s][info][gc          ] GC(143) Concurrent Mark Cycle
[62.593s][info][gc,marking  ] GC(143) Concurrent Scan Root Regions
[62.713s][info][gc,marking  ] GC(143) Concurrent Scan Root Regions 120.277ms
[62.713s][info][gc,marking  ] GC(143) Concurrent Mark
[62.713s][info][gc,marking  ] GC(143) Concurrent Mark From Roots
[62.713s][info][gc,task     ] GC(143) Using 1 workers of 1 for marking
[63.693s][info][gc,start    ] GC(144) Pause Young (Normal) (G1 Evacuation Pause)
[63.693s][info][gc,task     ] GC(144) Using 2 workers of 2 for evacuation
[63.881s][info][gc,phases   ] GC(144)   Pre Evacuate Collection Set: 0.45ms
[63.881s][info][gc,phases   ] GC(144)   Merge Heap Roots: 0.76ms
[63.881s][info][gc,phases   ] GC(144)   Evacuate Collection Set: 177.00ms
[63.881s][info][gc,phases   ] GC(144)   Post Evacuate Collection Set: 9.72ms
[63.881s][info][gc,phases   ] GC(144)   Other: 0.10ms
[63.881s][info][gc,heap     ] GC(144) Eden regions: 368->0(194)
[63.881s][info][gc,heap     ] GC(144) Survivor regions: 62->54(54)
[63.881s][info][gc,heap     ] GC(144) Old regions: 403->615
[63.881s][info][gc,heap     ] GC(144) Humongous regions: 4->4
[63.881s][info][gc,metaspace] GC(144) Metaspace: 17565K(17792K)->17565K(17792K) NonClass: 14946K(15040K)->14946K(15040K) Class: 2619K(2752K)->2619K(2752K)
[63.881s][info][gc          ] GC(144) Pause Young (Normal) (G1 Evacuation Pause) (Evacuation Failure: Allocation) 837M->673M(978M) 188.310ms
[63.881s][info][gc,cpu      ] GC(144) User=0.37s Sys=0.00s Real=0.19s
[63.974s][info][gc,marking  ] GC(143) Concurrent Mark From Roots 1260.585ms
[63.974s][info][gc,marking  ] GC(143) Concurrent Preclean
[63.974s][info][gc,marking  ] GC(143) Concurrent Preclean 0.030ms
[63.974s][info][gc,start    ] GC(143) Pause Remark
[63.981s][info][gc          ] GC(143) Pause Remark 717M->717M(978M) 6.451ms
[63.981s][info][gc,cpu      ] GC(143) User=0.01s Sys=0.00s Real=0.01s
[63.981s][info][gc,marking  ] GC(143) Concurrent Mark 1267.903ms
[63.981s][info][gc,marking  ] GC(143) Concurrent Rebuild Remembered Sets and Scrub Regions
[64.305s][info][gc,start    ] GC(145) Pause Young (Normal) (G1 Evacuation Pause)
[64.305s][info][gc,task     ] GC(145) Using 2 workers of 2 for evacuation
[64.432s][info][gc,phases   ] GC(145)   Pre Evacuate Collection Set: 0.53ms
[64.432s][info][gc,phases   ] GC(145)   Merge Heap Roots: 0.83ms
[64.432s][info][gc,phases   ] GC(145)   Evacuate Collection Set: 124.80ms
[64.432s][info][gc,phases   ] GC(145)   Post Evacuate Collection Set: 0.80ms
[64.432s][info][gc,phases   ] GC(145)   Other: 0.08ms
[64.432s][info][gc,heap     ] GC(145) Eden regions: 194->0(253)
[64.432s][info][gc,heap     ] GC(145) Survivor regions: 54->15(31)
[64.432s][info][gc,heap     ] GC(145) Old regions: 615->575
[64.432s][info][gc,heap     ] GC(145) Humongous regions: 7->7
[64.432s][info][gc,metaspace] GC(145) Metaspace: 17566K(17792K)->17566K(17792K) NonClass: 14947K(15040K)->14947K(15040K) Class: 2619K(2752K)->2619K(2752K)
[64.432s][info][gc          ] GC(145) Pause Young (Normal) (G1 Evacuation Pause) 870M->596M(978M) 127.240ms
[64.432s][info][gc,cpu      ] GC(145) User=0.23s Sys=0.00s Real=0.13s
[64.713s][info][gc,marking  ] GC(143) Concurrent Rebuild Remembered Sets and Scrub Regions 731.881ms
[64.713s][info][gc,start    ] GC(143) Pause Cleanup
[64.713s][info][gc          ] GC(143) Pause Cleanup 727M->727M(978M) 0.101ms
[64.713s][info][gc,cpu      ] GC(143) User=0.00s Sys=0.00s Real=0.00s
[64.714s][info][gc,marking  ] GC(143) Concurrent Clear Claimed Marks
[64.714s][info][gc,marking  ] GC(143) Concurrent Clear Claimed Marks 0.028ms
[64.714s][info][gc,marking  ] GC(143) Concurrent Cleanup for Next Mark
[64.721s][info][gc,marking  ] GC(143) Concurrent Cleanup for Next Mark 6.718ms
[64.721s][info][gc          ] GC(143) Concurrent Mark Cycle 2127.903ms
[64.914s][info][gc,start    ] GC(146) Pause Young (Prepare Mixed) (G1 Evacuation Pause)
[64.914s][info][gc,task     ] GC(146) Using 2 workers of 2 for evacuation
[64.995s][info][gc,phases   ] GC(146)   Pre Evacuate Collection Set: 0.30ms
[64.995s][info][gc,phases   ] GC(146)   Merge Heap Roots: 0.80ms
[64.995s][info][gc,phases   ] GC(146)   Evacuate Collection Set: 79.03ms
[64.995s][info][gc,phases   ] GC(146)   Post Evacuate Collection Set: 0.72ms
[64.995s][info][gc,phases   ] GC(146)   Other: 0.14ms
[64.995s][info][gc,heap     ] GC(146) Eden regions: 253->0(237)
[64.995s][info][gc,heap     ] GC(146) Survivor regions: 15->34(34)
[64.995s][info][gc,heap     ] GC(146) Old regions: 575->580
[64.995s][info][gc,heap     ] GC(146) Humongous regions: 13->13
[64.995s][info][gc,metaspace] GC(146) Metaspace: 17566K(17792K)->17566K(17792K) NonClass: 14947K(15040K)->14947K(15040K) Class: 2619K(2752K)->2619K(2752K)
[64.995s][info][gc          ] GC(146) Pause Young (Prepare Mixed) (G1 Evacuation Pause) 855M->626M(978M) 81.249ms
[64.995s][info][gc,cpu      ] GC(146) User=0.16s Sys=0.00s Real=0.08s
[65.381s][info][gc,start    ] GC(147) Pause Young (Mixed) (G1 Evacuation Pause)
[65.382s][info][gc,task     ] GC(147) Using 2 workers of 2 for evacuation
[65.450s][info][gc,phases   ] GC(147)   Pre Evacuate Collection Set: 0.32ms
[65.450s][info][gc,phases   ] GC(147)   Merge Heap Roots: 0.69ms
[65.450s][info][gc,phases   ] GC(147)   Evacuate Collection Set: 66.56ms
[65.450s][info][gc,phases   ] GC(147)   Post Evacuate Collection Set: 0.44ms
[65.450s][info][gc,phases   ] GC(147)   Other: 0.09ms
[65.450s][info][gc,heap     ] GC(147) Eden regions: 237->0(260)
[65.450s][info][gc,heap     ] GC(147) Survivor regions: 34->1(34)
[65.450s][info][gc,heap     ] GC(147) Old regions: 580->604
[65.450s][info][gc,heap     ] GC(147) Humongous regions: 13->13
[65.450s][info][gc,metaspace] GC(147) Metaspace: 17566K(17792K)->17566K(17792K) NonClass: 14947K(15040K)->14947K(15040K) Class: 2619K(2752K)->2619K(2752K)
[65.450s][info][gc          ] GC(147) Pause Young (Mixed) (G1 Evacuation Pause) 863M->618M(978M) 68.385ms
[65.450s][info][gc,cpu      ] GC(147) User=0.14s Sys=0.00s Real=0.07s
[65.849s][info][gc,start    ] GC(148) Pause Young (Concurrent Start) (G1 Evacuation Pause)
[65.849s][info][gc,task     ] GC(148) Using 2 workers of 2 for evacuation
[65.851s][info][gc,phases   ] GC(148)   Pre Evacuate Collection Set: 0.33ms
[65.851s][info][gc,phases   ] GC(148)   Merge Heap Roots: 0.07ms
[65.851s][info][gc,phases   ] GC(148)   Evacuate Collection Set: 0.51ms
[65.851s][info][gc,phases   ] GC(148)   Post Evacuate Collection Set: 0.39ms
[65.851s][info][gc,phases   ] GC(148)   Other: 0.24ms
[65.851s][info][gc,heap     ] GC(148) Eden regions: 260->0(277)
[65.851s][info][gc,heap     ] GC(148) Survivor regions: 1->1(33)
[65.851s][info][gc,heap     ] GC(148) Old regions: 604->604
[65.851s][info][gc,heap     ] GC(148) Humongous regions: 13->13
[65.851s][info][gc,metaspace] GC(148) Metaspace: 17566K(17792K)->17566K(17792K) NonClass: 14947K(15040K)->14947K(15040K) Class: 2619K(2752K)->2619K(2752K)
[65.851s][info][gc          ] GC(148) Pause Young (Concurrent Start) (G1 Evacuation Pause) 878M->618M(978M) 1.775ms
[65.851s][info][gc          ] GC(149) Concurrent Mark Cycle
[65.851s][info][gc,marking  ] GC(149) Concurrent Scan Root Regions
[65.851s][info][gc,cpu      ] GC(148) User=0.00s Sys=0.00s Real=0.00s
[65.852s][info][gc,marking  ] GC(149) Concurrent Scan Root Regions 0.917ms
[65.852s][info][gc,marking  ] GC(149) Concurrent Mark
[65.852s][info][gc,marking  ] GC(149) Concurrent Mark From Roots
[65.852s][info][gc,task     ] GC(149) Using 1 workers of 1 for marking
[66.904s][info][gc,start    ] GC(150) Pause Young (Normal) (G1 Evacuation Pause)
[66.904s][info][gc,task     ] GC(150) Using 2 workers of 2 for evacuation
[66.905s][info][gc,phases   ] GC(150)   Pre Evacuate Collection Set: 0.28ms
[66.905s][info][gc,phases   ] GC(150)   Merge Heap Roots: 0.08ms
[66.905s][info][gc,phases   ] GC(150)   Evacuate Collection Set: 0.23ms
[66.905s][info][gc,phases   ] GC(150)   Post Evacuate Collection Set: 0.40ms
[66.905s][info][gc,phases   ] GC(150)   Other: 0.07ms
[66.905s][info][gc,heap     ] GC(150) Eden regions: 277->0(290)
[66.905s][info][gc,heap     ] GC(150) Survivor regions: 1->1(35)
[66.905s][info][gc,heap     ] GC(150) Old regions: 604->604
[66.905s][info][gc,heap     ] GC(150) Humongous regions: 13->13
[66.905s][info][gc,metaspace] GC(150) Metaspace: 17566K(17792K)->17566K(17792K) NonClass: 14947K(15040K)->14947K(15040K) Class: 2619K(2752K)->2619K(2752K)
[66.905s][info][gc          ] GC(150) Pause Young (Normal) (G1 Evacuation Pause) 895M->617M(978M) 1.335ms
[66.905s][info][gc,cpu      ] GC(150) User=0.00s Sys=0.00s Real=0.00s
[67.153s][info][gc,marking  ] GC(149) Concurrent Mark From Roots 1300.610ms
[67.153s][info][gc,marking  ] GC(149) Concurrent Preclean
[67.153s][info][gc,marking  ] GC(149) Concurrent Preclean 0.026ms
[67.153s][info][gc,start    ] GC(149) Pause Remark
[67.159s][info][gc          ] GC(149) Pause Remark 758M->709M(978M) 6.306ms
[67.159s][info][gc,cpu      ] GC(149) User=0.01s Sys=0.00s Real=0.01s
[67.159s][info][gc,marking  ] GC(149) Concurrent Mark 1307.246ms
[67.159s][info][gc,marking  ] GC(149) Concurrent Rebuild Remembered Sets and Scrub Regions
[67.369s][info][gc,start    ] GC(151) Pause Young (Normal) (G1 Evacuation Pause)
[67.369s][info][gc,task     ] GC(151) Using 2 workers of 2 for evacuation
[67.404s][info][gc,phases   ] GC(151)   Pre Evacuate Collection Set: 0.27ms
[67.404s][info][gc,phases   ] GC(151)   Merge Heap Roots: 0.22ms
[67.404s][info][gc,phases   ] GC(151)   Evacuate Collection Set: 34.01ms
[67.404s][info][gc,phases   ] GC(151)   Post Evacuate Collection Set: 0.46ms
[67.404s][info][gc,phases   ] GC(151)   Other: 0.10ms
[67.404s][info][gc,heap     ] GC(151) Eden regions: 290->0(297)
[67.404s][info][gc,heap     ] GC(151) Survivor regions: 1->31(37)
[67.404s][info][gc,heap     ] GC(151) Old regions: 561->561
[67.404s][info][gc,heap     ] GC(151) Humongous regions: 7->7
[67.404s][info][gc,metaspace] GC(151) Metaspace: 17567K(17792K)->17567K(17792K) NonClass: 14947K(15040K)->14947K(15040K) Class: 2619K(2752K)->2619K(2752K)
[67.404s][info][gc          ] GC(151) Pause Young (Normal) (G1 Evacuation Pause) 858M->599M(978M) 35.306ms
[67.404s][info][gc,cpu      ] GC(151) User=0.07s Sys=0.00s Real=0.03s
[67.617s][info][gc,marking  ] GC(149) Concurrent Rebuild Remembered Sets and Scrub Regions 457.747ms
[67.617s][info][gc,start    ] GC(149) Pause Cleanup
[67.617s][info][gc          ] GC(149) Pause Cleanup 770M->770M(978M) 0.158ms
[67.617s][info][gc,cpu      ] GC(149) User=0.00s Sys=0.00s Real=0.00s
[67.618s][info][gc,marking  ] GC(149) Concurrent Clear Claimed Marks
[67.618s][info][gc,marking  ] GC(149) Concurrent Clear Claimed Marks 0.033ms
[67.618s][info][gc,marking  ] GC(149) Concurrent Cleanup for Next Mark
[67.621s][info][gc,marking  ] GC(149) Concurrent Cleanup for Next Mark 2.834ms
[67.621s][info][gc          ] GC(149) Concurrent Mark Cycle 1769.887ms
[67.781s][info][gc,start    ] GC(152) Pause Young (Prepare Mixed) (G1 Evacuation Pause)
[67.781s][info][gc,task     ] GC(152) Using 2 workers of 2 for evacuation
[67.820s][info][gc,phases   ] GC(152)   Pre Evacuate Collection Set: 0.52ms
[67.820s][info][gc,phases   ] GC(152)   Merge Heap Roots: 0.18ms
[67.820s][info][gc,phases   ] GC(152)   Evacuate Collection Set: 37.85ms
[67.820s][info][gc,phases   ] GC(152)   Post Evacuate Collection Set: 0.54ms
[67.820s][info][gc,phases   ] GC(152)   Other: 0.10ms
[67.820s][info][gc,heap     ] GC(152) Eden regions: 297->0(298)
[67.820s][info][gc,heap     ] GC(152) Survivor regions: 31->9(41)
[67.820s][info][gc,heap     ] GC(152) Old regions: 561->592
[67.820s][info][gc,heap     ] GC(152) Humongous regions: 7->7
[67.820s][info][gc,metaspace] GC(152) Metaspace: 17567K(17792K)->17567K(17792K) NonClass: 14947K(15040K)->14947K(15040K) Class: 2619K(2752K)->2619K(2752K)
[67.820s][info][gc          ] GC(152) Pause Young (Prepare Mixed) (G1 Evacuation Pause) 896M->607M(978M) 39.448ms
[67.820s][info][gc,cpu      ] GC(152) User=0.07s Sys=0.01s Real=0.04s
[68.402s][info][gc,start    ] GC(153) Pause Young (Mixed) (G1 Evacuation Pause)
[68.402s][info][gc,task     ] GC(153) Using 2 workers of 2 for evacuation
[68.426s][info][gc,phases   ] GC(153)   Pre Evacuate Collection Set: 0.34ms
[68.426s][info][gc,phases   ] GC(153)   Merge Heap Roots: 0.42ms
[68.426s][info][gc,phases   ] GC(153)   Evacuate Collection Set: 22.46ms
[68.426s][info][gc,phases   ] GC(153)   Post Evacuate Collection Set: 0.64ms
[68.426s][info][gc,phases   ] GC(153)   Other: 0.16ms
[68.426s][info][gc,heap     ] GC(153) Eden regions: 298->0(388)
[68.426s][info][gc,heap     ] GC(153) Survivor regions: 9->10(39)
[68.426s][info][gc,heap     ] GC(153) Old regions: 592->500
[68.426s][info][gc,heap     ] GC(153) Humongous regions: 7->7
[68.426s][info][gc,metaspace] GC(153) Metaspace: 17567K(17792K)->17567K(17792K) NonClass: 14948K(15040K)->14948K(15040K) Class: 2619K(2752K)->2619K(2752K)
[68.426s][info][gc          ] GC(153) Pause Young (Mixed) (G1 Evacuation Pause) 905M->516M(978M) 24.285ms
[68.426s][info][gc,cpu      ] GC(153) User=0.04s Sys=0.00s Real=0.02s
[69.112s][info][gc,start    ] GC(154) Pause Young (Mixed) (G1 Evacuation Pause)
[69.112s][info][gc,task     ] GC(154) Using 2 workers of 2 for evacuation
[69.161s][info][gc,phases   ] GC(154)   Pre Evacuate Collection Set: 0.29ms
[69.161s][info][gc,phases   ] GC(154)   Merge Heap Roots: 0.75ms
[69.161s][info][gc,phases   ] GC(154)   Evacuate Collection Set: 46.86ms
[69.161s][info][gc,phases   ] GC(154)   Post Evacuate Collection Set: 0.70ms
[69.161s][info][gc,phases   ] GC(154)   Other: 0.08ms
[69.161s][info][gc,heap     ] GC(154) Eden regions: 388->0(384)
[69.161s][info][gc,heap     ] GC(154) Survivor regions: 10->23(50)
[69.161s][info][gc,heap     ] GC(154) Old regions: 500->491
[69.161s][info][gc,heap     ] GC(154) Humongous regions: 7->7
[69.161s][info][gc,metaspace] GC(154) Metaspace: 17567K(17792K)->17567K(17792K) NonClass: 14948K(15040K)->14948K(15040K) Class: 2619K(2752K)->2619K(2752K)
[69.161s][info][gc          ] GC(154) Pause Young (Mixed) (G1 Evacuation Pause) 904M->521M(978M) 48.932ms
[69.161s][info][gc,cpu      ] GC(154) User=0.10s Sys=0.00s Real=0.05s
[69.798s][info][gc,start    ] GC(155) Pause Young (Concurrent Start) (G1 Humongous Allocation)
[69.798s][info][gc,task     ] GC(155) Using 2 workers of 2 for evacuation
[69.888s][info][gc,phases   ] GC(155)   Pre Evacuate Collection Set: 0.30ms
[69.888s][info][gc,phases   ] GC(155)   Merge Heap Roots: 0.23ms
[69.888s][info][gc,phases   ] GC(155)   Evacuate Collection Set: 89.26ms
[69.888s][info][gc,phases   ] GC(155)   Post Evacuate Collection Set: 0.64ms
[69.888s][info][gc,phases   ] GC(155)   Other: 0.11ms
[69.888s][info][gc,heap     ] GC(155) Eden regions: 368->0(296)
[69.888s][info][gc,heap     ] GC(155) Survivor regions: 23->51(51)
[69.888s][info][gc,heap     ] GC(155) Old regions: 491->523
[69.888s][info][gc,heap     ] GC(155) Humongous regions: 7->7
[69.888s][info][gc,metaspace] GC(155) Metaspace: 17600K(17856K)->17600K(17856K) NonClass: 14975K(15104K)->14975K(15104K) Class: 2624K(2752K)->2624K(2752K)
[69.888s][info][gc          ] GC(155) Pause Young (Concurrent Start) (G1 Humongous Allocation) 889M->580M(978M) 90.794ms
[69.888s][info][gc,cpu      ] GC(155) User=0.18s Sys=0.00s Real=0.09s
[69.888s][info][gc          ] GC(156) Concurrent Mark Cycle
[69.889s][info][gc,marking  ] GC(156) Concurrent Scan Root Regions
[69.964s][info][gc,marking  ] GC(156) Concurrent Scan Root Regions 75.853ms
[69.964s][info][gc,marking  ] GC(156) Concurrent Mark
[69.964s][info][gc,marking  ] GC(156) Concurrent Mark From Roots
[69.964s][info][gc,task     ] GC(156) Using 1 workers of 1 for marking
[70.963s][info][gc,start    ] GC(157) Pause Young (Normal) (G1 Evacuation Pause)
[70.963s][info][gc,task     ] GC(157) Using 2 workers of 2 for evacuation
[71.020s][info][gc,phases   ] GC(157)   Pre Evacuate Collection Set: 0.48ms
[71.020s][info][gc,phases   ] GC(157)   Merge Heap Roots: 0.25ms
[71.020s][info][gc,phases   ] GC(157)   Evacuate Collection Set: 55.66ms
[71.020s][info][gc,phases   ] GC(157)   Post Evacuate Collection Set: 0.51ms
[71.020s][info][gc,phases   ] GC(157)   Other: 0.11ms
[71.020s][info][gc,heap     ] GC(157) Eden regions: 296->0(304)
[71.020s][info][gc,heap     ] GC(157) Survivor regions: 51->6(44)
[71.020s][info][gc,heap     ] GC(157) Old regions: 523->574
[71.020s][info][gc,heap     ] GC(157) Humongous regions: 10->10
[71.020s][info][gc,metaspace] GC(157) Metaspace: 17600K(17856K)->17600K(17856K) NonClass: 14975K(15104K)->14975K(15104K) Class: 2624K(2752K)->2624K(2752K)
[71.020s][info][gc          ] GC(157) Pause Young (Normal) (G1 Evacuation Pause) 879M->589M(978M) 57.281ms
[71.020s][info][gc,cpu      ] GC(157) User=0.11s Sys=0.00s Real=0.06s
[71.435s][info][gc,marking  ] GC(156) Concurrent Mark From Roots 1470.944ms
[71.435s][info][gc,marking  ] GC(156) Concurrent Preclean
[71.436s][info][gc,marking  ] GC(156) Concurrent Preclean 0.032ms
[71.436s][info][gc,start    ] GC(156) Pause Remark
[71.442s][info][gc          ] GC(156) Pause Remark 709M->709M(978M) 6.305ms
[71.442s][info][gc,cpu      ] GC(156) User=0.01s Sys=0.00s Real=0.01s
[71.444s][info][gc,marking  ] GC(156) Concurrent Mark 1479.095ms
[71.444s][info][gc,marking  ] GC(156) Concurrent Rebuild Remembered Sets and Scrub Regions
[71.868s][info][gc,start    ] GC(158) Pause Young (Normal) (G1 Evacuation Pause)
[71.868s][info][gc,task     ] GC(158) Using 2 workers of 2 for evacuation
[71.877s][info][gc,phases   ] GC(158)   Pre Evacuate Collection Set: 0.28ms
[71.877s][info][gc,phases   ] GC(158)   Merge Heap Roots: 0.12ms
[71.877s][info][gc,phases   ] GC(158)   Evacuate Collection Set: 8.01ms
[71.877s][info][gc,phases   ] GC(158)   Post Evacuate Collection Set: 0.52ms
[71.877s][info][gc,phases   ] GC(158)   Other: 0.09ms
[71.877s][info][gc,heap     ] GC(158) Eden regions: 304->0(320)
[71.877s][info][gc,heap     ] GC(158) Survivor regions: 6->6(39)
[71.877s][info][gc,heap     ] GC(158) Old regions: 574->574
[71.877s][info][gc,heap     ] GC(158) Humongous regions: 10->10
[71.877s][info][gc,metaspace] GC(158) Metaspace: 17600K(17856K)->17600K(17856K) NonClass: 14975K(15104K)->14975K(15104K) Class: 2624K(2752K)->2624K(2752K)
[71.877s][info][gc          ] GC(158) Pause Young (Normal) (G1 Evacuation Pause) 893M->589M(978M) 9.232ms
[71.877s][info][gc,cpu      ] GC(158) User=0.02s Sys=0.00s Real=0.01s
[72.027s][info][gc,marking  ] GC(156) Concurrent Rebuild Remembered Sets and Scrub Regions 583.830ms
[72.029s][info][gc,start    ] GC(156) Pause Cleanup
[72.029s][info][gc          ] GC(156) Pause Cleanup 663M->663M(978M) 0.125ms
[72.029s][info][gc,cpu      ] GC(156) User=0.00s Sys=0.00s Real=0.00s
[72.029s][info][gc,marking  ] GC(156) Concurrent Clear Claimed Marks
[72.029s][info][gc,marking  ] GC(156) Concurrent Clear Claimed Marks 0.054ms
[72.029s][info][gc,marking  ] GC(156) Concurrent Cleanup for Next Mark
[72.034s][info][gc,marking  ] GC(156) Concurrent Cleanup for Next Mark 4.872ms
[72.034s][info][gc          ] GC(156) Concurrent Mark Cycle 2145.679ms
[72.383s][info][gc,start    ] GC(159) Pause Young (Prepare Mixed) (G1 Evacuation Pause)
[72.383s][info][gc,task     ] GC(159) Using 2 workers of 2 for evacuation
[72.405s][info][gc,phases   ] GC(159)   Pre Evacuate Collection Set: 0.46ms
[72.405s][info][gc,phases   ] GC(159)   Merge Heap Roots: 0.21ms
[72.405s][info][gc,phases   ] GC(159)   Evacuate Collection Set: 19.95ms
[72.405s][info][gc,phases   ] GC(159)   Post Evacuate Collection Set: 0.49ms
[72.405s][info][gc,phases   ] GC(159)   Other: 0.11ms
[72.405s][info][gc,heap     ] GC(159) Eden regions: 320->0(314)
[72.405s][info][gc,heap     ] GC(159) Survivor regions: 6->15(41)
[72.405s][info][gc,heap     ] GC(159) Old regions: 574->574
[72.405s][info][gc,heap     ] GC(159) Humongous regions: 10->10
[72.405s][info][gc,metaspace] GC(159) Metaspace: 17600K(17856K)->17600K(17856K) NonClass: 14975K(15104K)->14975K(15104K) Class: 2624K(2752K)->2624K(2752K)
[72.405s][info][gc          ] GC(159) Pause Young (Prepare Mixed) (G1 Evacuation Pause) 909M->598M(978M) 21.413ms
[72.405s][info][gc,cpu      ] GC(159) User=0.04s Sys=0.00s Real=0.02s
[72.712s][info][gc,start    ] GC(160) Pause Young (Mixed) (G1 Evacuation Pause)
[72.712s][info][gc,task     ] GC(160) Using 2 workers of 2 for evacuation
[72.863s][info][gc,phases   ] GC(160)   Pre Evacuate Collection Set: 0.31ms
[72.863s][info][gc,phases   ] GC(160)   Merge Heap Roots: 0.45ms
[72.863s][info][gc,phases   ] GC(160)   Evacuate Collection Set: 149.06ms
[72.863s][info][gc,phases   ] GC(160)   Post Evacuate Collection Set: 1.20ms
[72.863s][info][gc,phases   ] GC(160)   Other: 0.11ms
[72.863s][info][gc,heap     ] GC(160) Eden regions: 314->0(282)
[72.863s][info][gc,heap     ] GC(160) Survivor regions: 15->35(42)
[72.863s][info][gc,heap     ] GC(160) Old regions: 574->566
[72.863s][info][gc,heap     ] GC(160) Humongous regions: 10->10
[72.863s][info][gc,metaspace] GC(160) Metaspace: 17600K(17856K)->17600K(17856K) NonClass: 14975K(15104K)->14975K(15104K) Class: 2624K(2752K)->2624K(2752K)
[72.863s][info][gc          ] GC(160) Pause Young (Mixed) (G1 Evacuation Pause) 912M->610M(978M) 151.362ms
[72.863s][info][gc,cpu      ] GC(160) User=0.30s Sys=0.00s Real=0.15s
[73.125s][info][gc,start    ] GC(161) Pause Young (Concurrent Start) (G1 Evacuation Pause)
[73.125s][info][gc,task     ] GC(161) Using 2 workers of 2 for evacuation
[73.205s][info][gc,phases   ] GC(161)   Pre Evacuate Collection Set: 0.28ms
[73.205s][info][gc,phases   ] GC(161)   Merge Heap Roots: 0.34ms
[73.205s][info][gc,phases   ] GC(161)   Evacuate Collection Set: 78.94ms
[73.205s][info][gc,phases   ] GC(161)   Post Evacuate Collection Set: 0.52ms
[73.205s][info][gc,phases   ] GC(161)   Other: 0.11ms
[73.205s][info][gc,heap     ] GC(161) Eden regions: 282->0(243)
[73.205s][info][gc,heap     ] GC(161) Survivor regions: 35->40(40)
[73.205s][info][gc,heap     ] GC(161) Old regions: 566->595
[73.205s][info][gc,heap     ] GC(161) Humongous regions: 10->10
[73.205s][info][gc,metaspace] GC(161) Metaspace: 17623K(17856K)->17623K(17856K) NonClass: 14998K(15104K)->14998K(15104K) Class: 2625K(2752K)->2625K(2752K)
[73.206s][info][gc          ] GC(161) Pause Young (Concurrent Start) (G1 Evacuation Pause) 892M->645M(978M) 80.420ms
[73.206s][info][gc,cpu      ] GC(161) User=0.16s Sys=0.00s Real=0.08s
[73.206s][info][gc          ] GC(162) Concurrent Mark Cycle
[73.206s][info][gc,marking  ] GC(162) Concurrent Scan Root Regions
[73.344s][info][gc,marking  ] GC(162) Concurrent Scan Root Regions 138.006ms
[73.344s][info][gc,marking  ] GC(162) Concurrent Mark
[73.344s][info][gc,marking  ] GC(162) Concurrent Mark From Roots
[73.344s][info][gc,task     ] GC(162) Using 1 workers of 1 for marking
[73.777s][info][gc,start    ] GC(163) Pause Young (Normal) (G1 Evacuation Pause)
[73.777s][info][gc,task     ] GC(163) Using 2 workers of 2 for evacuation
[73.856s][info][gc,phases   ] GC(163)   Pre Evacuate Collection Set: 0.53ms
[73.856s][info][gc,phases   ] GC(163)   Merge Heap Roots: 0.32ms
[73.856s][info][gc,phases   ] GC(163)   Evacuate Collection Set: 78.24ms
[73.856s][info][gc,phases   ] GC(163)   Post Evacuate Collection Set: 0.49ms
[73.856s][info][gc,phases   ] GC(163)   Other: 0.09ms
[73.856s][info][gc,heap     ] GC(163) Eden regions: 243->0(212)
[73.856s][info][gc,heap     ] GC(163) Survivor regions: 40->35(36)
[73.856s][info][gc,heap     ] GC(163) Old regions: 595->636
[73.856s][info][gc,heap     ] GC(163) Humongous regions: 10->10
[73.856s][info][gc,metaspace] GC(163) Metaspace: 17624K(17856K)->17624K(17856K) NonClass: 14998K(15104K)->14998K(15104K) Class: 2625K(2752K)->2625K(2752K)
[73.856s][info][gc          ] GC(163) Pause Young (Normal) (G1 Evacuation Pause) 888M->680M(978M) 79.893ms
[73.856s][info][gc,cpu      ] GC(163) User=0.16s Sys=0.00s Real=0.08s
[74.197s][info][gc,start    ] GC(164) Pause Young (Normal) (G1 Evacuation Pause)
[74.197s][info][gc,task     ] GC(164) Using 2 workers of 2 for evacuation
[74.250s][info][gc,phases   ] GC(164)   Pre Evacuate Collection Set: 0.28ms
[74.250s][info][gc,phases   ] GC(164)   Merge Heap Roots: 0.25ms
[74.250s][info][gc,phases   ] GC(164)   Evacuate Collection Set: 51.44ms
[74.250s][info][gc,phases   ] GC(164)   Post Evacuate Collection Set: 0.44ms
[74.250s][info][gc,phases   ] GC(164)   Other: 0.09ms
[74.250s][info][gc,heap     ] GC(164) Eden regions: 212->0(213)
[74.250s][info][gc,heap     ] GC(164) Survivor regions: 35->17(31)
[74.250s][info][gc,heap     ] GC(164) Old regions: 636->670
[74.250s][info][gc,heap     ] GC(164) Humongous regions: 10->10
[74.250s][info][gc,metaspace] GC(164) Metaspace: 17624K(17856K)->17624K(17856K) NonClass: 14998K(15104K)->14998K(15104K) Class: 2625K(2752K)->2625K(2752K)
[74.250s][info][gc          ] GC(164) Pause Young (Normal) (G1 Evacuation Pause) 892M->696M(978M) 52.793ms
[74.250s][info][gc,cpu      ] GC(164) User=0.10s Sys=0.00s Real=0.05s
[74.638s][info][gc,start    ] GC(165) Pause Young (Normal) (G1 Evacuation Pause)
[74.638s][info][gc,task     ] GC(165) Using 2 workers of 2 for evacuation
[74.667s][info][gc,phases   ] GC(165)   Pre Evacuate Collection Set: 0.29ms
[74.667s][info][gc,phases   ] GC(165)   Merge Heap Roots: 0.32ms
[74.667s][info][gc,phases   ] GC(165)   Evacuate Collection Set: 27.36ms
[74.667s][info][gc,phases   ] GC(165)   Post Evacuate Collection Set: 0.41ms
[74.667s][info][gc,phases   ] GC(165)   Other: 0.08ms
[74.667s][info][gc,heap     ] GC(165) Eden regions: 213->0(223)
[74.667s][info][gc,heap     ] GC(165) Survivor regions: 17->2(29)
[74.667s][info][gc,heap     ] GC(165) Old regions: 670->686
[74.667s][info][gc,heap     ] GC(165) Humongous regions: 10->10
[74.667s][info][gc,metaspace] GC(165) Metaspace: 17624K(17856K)->17624K(17856K) NonClass: 14998K(15104K)->14998K(15104K) Class: 2625K(2752K)->2625K(2752K)
[74.667s][info][gc          ] GC(165) Pause Young (Normal) (G1 Evacuation Pause) 909M->698M(978M) 28.686ms
[74.667s][info][gc,cpu      ] GC(165) User=0.05s Sys=0.00s Real=0.02s
[74.725s][info][gc,marking  ] GC(162) Concurrent Mark From Roots 1381.554ms
[74.725s][info][gc,marking  ] GC(162) Concurrent Preclean
[74.725s][info][gc,marking  ] GC(162) Concurrent Preclean 0.026ms
[74.725s][info][gc,start    ] GC(162) Pause Remark
[74.732s][info][gc          ] GC(162) Pause Remark 738M->687M(978M) 6.245ms
[74.732s][info][gc,cpu      ] GC(162) User=0.01s Sys=0.00s Real=0.01s
[74.733s][info][gc,marking  ] GC(162) Concurrent Mark 1389.503ms
[74.733s][info][gc,marking  ] GC(162) Concurrent Rebuild Remembered Sets and Scrub Regions
[74.968s][info][gc,start    ] GC(166) Pause Young (Normal) (G1 Evacuation Pause)
[74.968s][info][gc,task     ] GC(166) Using 2 workers of 2 for evacuation
[74.988s][info][gc,phases   ] GC(166)   Pre Evacuate Collection Set: 0.29ms
[74.988s][info][gc,phases   ] GC(166)   Merge Heap Roots: 0.24ms
[74.988s][info][gc,phases   ] GC(166)   Evacuate Collection Set: 18.96ms
[74.988s][info][gc,phases   ] GC(166)   Post Evacuate Collection Set: 0.43ms
[74.988s][info][gc,phases   ] GC(166)   Other: 0.11ms
[74.988s][info][gc,heap     ] GC(166) Eden regions: 223->0(257)
[74.988s][info][gc,heap     ] GC(166) Survivor regions: 2->12(29)
[74.988s][info][gc,heap     ] GC(166) Old regions: 638->638
[74.988s][info][gc,heap     ] GC(166) Humongous regions: 7->7
[74.988s][info][gc,metaspace] GC(166) Metaspace: 17624K(17856K)->17624K(17856K) NonClass: 14999K(15104K)->14999K(15104K) Class: 2625K(2752K)->2625K(2752K)
[74.988s][info][gc          ] GC(166) Pause Young (Normal) (G1 Evacuation Pause) 870M->657M(978M) 20.258ms
[74.988s][info][gc,cpu      ] GC(166) User=0.04s Sys=0.00s Real=0.02s
[75.451s][info][gc,start    ] GC(167) Pause Young (Normal) (G1 Evacuation Pause)
[75.451s][info][gc,task     ] GC(167) Using 2 workers of 2 for evacuation
[75.532s][info][gc,phases   ] GC(167)   Pre Evacuate Collection Set: 0.29ms
[75.532s][info][gc,phases   ] GC(167)   Merge Heap Roots: 0.31ms
[75.532s][info][gc,phases   ] GC(167)   Evacuate Collection Set: 76.34ms
[75.532s][info][gc,phases   ] GC(167)   Post Evacuate Collection Set: 3.83ms
[75.532s][info][gc,phases   ] GC(167)   Other: 0.10ms
[75.532s][info][gc,heap     ] GC(167) Eden regions: 257->0(140)
[75.532s][info][gc,heap     ] GC(167) Survivor regions: 12->34(34)
[75.532s][info][gc,heap     ] GC(167) Old regions: 638->713
[75.532s][info][gc,heap     ] GC(167) Humongous regions: 7->7
[75.532s][info][gc,metaspace] GC(167) Metaspace: 17643K(17920K)->17643K(17920K) NonClass: 15014K(15168K)->15014K(15168K) Class: 2629K(2752K)->2629K(2752K)
[75.532s][info][gc          ] GC(167) Pause Young (Normal) (G1 Evacuation Pause) (Evacuation Failure: Allocation) 914M->754M(978M) 81.139ms
[75.532s][info][gc,cpu      ] GC(167) User=0.16s Sys=0.00s Real=0.08s
[75.719s][info][gc,marking  ] GC(162) Concurrent Rebuild Remembered Sets and Scrub Regions 985.787ms
[75.720s][info][gc,start    ] GC(162) Pause Cleanup
[75.720s][info][gc          ] GC(162) Pause Cleanup 823M->823M(978M) 0.172ms
[75.720s][info][gc,cpu      ] GC(162) User=0.00s Sys=0.00s Real=0.00s
[75.722s][info][gc,marking  ] GC(162) Concurrent Clear Claimed Marks
[75.722s][info][gc,marking  ] GC(162) Concurrent Clear Claimed Marks 0.041ms
[75.722s][info][gc,marking  ] GC(162) Concurrent Cleanup for Next Mark
[75.727s][info][gc,marking  ] GC(162) Concurrent Cleanup for Next Mark 4.846ms
[75.727s][info][gc          ] GC(162) Concurrent Mark Cycle 2521.338ms
[75.928s][info][gc,start    ] GC(168) Pause Young (Prepare Mixed) (G1 Evacuation Pause)
[75.928s][info][gc,task     ] GC(168) Using 2 workers of 2 for evacuation
[76.022s][info][gc,phases   ] GC(168)   Pre Evacuate Collection Set: 0.49ms
[76.022s][info][gc,phases   ] GC(168)   Merge Heap Roots: 0.69ms
[76.022s][info][gc,phases   ] GC(168)   Evacuate Collection Set: 91.69ms
[76.022s][info][gc,phases   ] GC(168)   Post Evacuate Collection Set: 0.55ms
[76.022s][info][gc,phases   ] GC(168)   Other: 0.10ms
[76.022s][info][gc,heap     ] GC(168) Eden regions: 140->0(161)
[76.022s][info][gc,heap     ] GC(168) Survivor regions: 34->22(22)
[76.022s][info][gc,heap     ] GC(168) Old regions: 713->713
[76.022s][info][gc,heap     ] GC(168) Humongous regions: 7->7
[76.022s][info][gc,metaspace] GC(168) Metaspace: 17654K(17920K)->17654K(17920K) NonClass: 15024K(15168K)->15024K(15168K) Class: 2629K(2752K)->2629K(2752K)
[76.022s][info][gc          ] GC(168) Pause Young (Prepare Mixed) (G1 Evacuation Pause) 894M->742M(978M) 93.779ms
[76.022s][info][gc,cpu      ] GC(168) User=0.18s Sys=0.00s Real=0.09s
[76.248s][info][gc,start    ] GC(169) Pause Young (Mixed) (G1 Evacuation Pause)
[76.248s][info][gc,task     ] GC(169) Using 2 workers of 2 for evacuation
[76.342s][info][gc,phases   ] GC(169)   Pre Evacuate Collection Set: 0.53ms
[76.342s][info][gc,phases   ] GC(169)   Merge Heap Roots: 1.12ms
[76.342s][info][gc,phases   ] GC(169)   Evacuate Collection Set: 78.47ms
[76.342s][info][gc,phases   ] GC(169)   Merge Optional Heap Roots: 0.28ms
[76.343s][info][gc,phases   ] GC(169)   Evacuate Optional Collection Set: 12.79ms
[76.343s][info][gc,phases   ] GC(169)   Post Evacuate Collection Set: 0.83ms
[76.343s][info][gc,phases   ] GC(169)   Other: 0.12ms
[76.343s][info][gc,heap     ] GC(169) Eden regions: 161->0(197)
[76.343s][info][gc,heap     ] GC(169) Survivor regions: 22->8(23)
[76.343s][info][gc,heap     ] GC(169) Old regions: 713->689
[76.343s][info][gc,heap     ] GC(169) Humongous regions: 7->7
[76.343s][info][gc,metaspace] GC(169) Metaspace: 17654K(17920K)->17654K(17920K) NonClass: 15024K(15168K)->15024K(15168K) Class: 2629K(2752K)->2629K(2752K)
[76.343s][info][gc          ] GC(169) Pause Young (Mixed) (G1 Evacuation Pause) 903M->703M(978M) 94.414ms
[76.343s][info][gc,cpu      ] GC(169) User=0.18s Sys=0.00s Real=0.09s
[76.684s][info][gc,start    ] GC(170) Pause Young (Mixed) (G1 Evacuation Pause)
[76.684s][info][gc,task     ] GC(170) Using 2 workers of 2 for evacuation
[76.787s][info][gc,phases   ] GC(170)   Pre Evacuate Collection Set: 0.51ms
[76.787s][info][gc,phases   ] GC(170)   Merge Heap Roots: 2.28ms
[76.787s][info][gc,phases   ] GC(170)   Evacuate Collection Set: 81.59ms
[76.787s][info][gc,phases   ] GC(170)   Merge Optional Heap Roots: 0.38ms
[76.787s][info][gc,phases   ] GC(170)   Evacuate Optional Collection Set: 17.32ms
[76.787s][info][gc,phases   ] GC(170)   Post Evacuate Collection Set: 0.80ms
[76.787s][info][gc,phases   ] GC(170)   Other: 0.11ms
[76.787s][info][gc,heap     ] GC(170) Eden regions: 197->0(223)
[76.787s][info][gc,heap     ] GC(170) Survivor regions: 8->10(26)
[76.787s][info][gc,heap     ] GC(170) Old regions: 689->668
[76.787s][info][gc,heap     ] GC(170) Humongous regions: 7->7
[76.787s][info][gc,metaspace] GC(170) Metaspace: 17654K(17920K)->17654K(17920K) NonClass: 15024K(15168K)->15024K(15168K) Class: 2629K(2752K)->2629K(2752K)
[76.787s][info][gc          ] GC(170) Pause Young (Mixed) (G1 Evacuation Pause) 900M->685M(978M) 103.284ms
[76.787s][info][gc,cpu      ] GC(170) User=0.20s Sys=0.00s Real=0.10s
[77.191s][info][gc,start    ] GC(171) Pause Young (Concurrent Start) (G1 Evacuation Pause)
[77.191s][info][gc,task     ] GC(171) Using 2 workers of 2 for evacuation
[77.216s][info][gc,phases   ] GC(171)   Pre Evacuate Collection Set: 0.34ms
[77.216s][info][gc,phases   ] GC(171)   Merge Heap Roots: 0.40ms
[77.216s][info][gc,phases   ] GC(171)   Evacuate Collection Set: 23.75ms
[77.216s][info][gc,phases   ] GC(171)   Post Evacuate Collection Set: 0.39ms
[77.216s][info][gc,phases   ] GC(171)   Other: 0.12ms
[77.216s][info][gc,heap     ] GC(171) Eden regions: 223->0(229)
[77.216s][info][gc,heap     ] GC(171) Survivor regions: 10->12(30)
[77.216s][info][gc,heap     ] GC(171) Old regions: 668->668
[77.216s][info][gc,heap     ] GC(171) Humongous regions: 7->7
[77.216s][info][gc,metaspace] GC(171) Metaspace: 17655K(17920K)->17655K(17920K) NonClass: 15026K(15168K)->15026K(15168K) Class: 2629K(2752K)->2629K(2752K)
[77.216s][info][gc          ] GC(171) Pause Young (Concurrent Start) (G1 Evacuation Pause) 908M->686M(978M) 25.248ms
[77.216s][info][gc          ] GC(172) Concurrent Mark Cycle
[77.216s][info][gc,marking  ] GC(172) Concurrent Scan Root Regions
[77.217s][info][gc,cpu      ] GC(171) User=0.05s Sys=0.00s Real=0.03s
[77.242s][info][gc,marking  ] GC(172) Concurrent Scan Root Regions 25.649ms
[77.242s][info][gc,marking  ] GC(172) Concurrent Mark
[77.242s][info][gc,marking  ] GC(172) Concurrent Mark From Roots
[77.242s][info][gc,task     ] GC(172) Using 1 workers of 1 for marking
[77.849s][info][gc,start    ] GC(173) Pause Young (Normal) (G1 Evacuation Pause)
[77.849s][info][gc,task     ] GC(173) Using 2 workers of 2 for evacuation
[77.875s][info][gc,phases   ] GC(173)   Pre Evacuate Collection Set: 0.29ms
[77.875s][info][gc,phases   ] GC(173)   Merge Heap Roots: 0.35ms
[77.875s][info][gc,phases   ] GC(173)   Evacuate Collection Set: 24.31ms
[77.875s][info][gc,phases   ] GC(173)   Post Evacuate Collection Set: 0.49ms
[77.875s][info][gc,phases   ] GC(173)   Other: 0.09ms
[77.875s][info][gc,heap     ] GC(173) Eden regions: 229->0(225)
[77.875s][info][gc,heap     ] GC(173) Survivor regions: 12->14(31)
[77.875s][info][gc,heap     ] GC(173) Old regions: 668->668
[77.875s][info][gc,heap     ] GC(173) Humongous regions: 7->7
[77.875s][info][gc,metaspace] GC(173) Metaspace: 17671K(17920K)->17671K(17920K) NonClass: 15042K(15168K)->15042K(15168K) Class: 2629K(2752K)->2629K(2752K)
[77.875s][info][gc          ] GC(173) Pause Young (Normal) (G1 Evacuation Pause) 915M->688M(978M) 25.742ms
[77.875s][info][gc,cpu      ] GC(173) User=0.05s Sys=0.00s Real=0.02s
[78.723s][info][gc,start    ] GC(174) Pause Young (Normal) (G1 Evacuation Pause)
[78.723s][info][gc,task     ] GC(174) Using 2 workers of 2 for evacuation
[78.794s][info][gc,phases   ] GC(174)   Pre Evacuate Collection Set: 0.50ms
[78.794s][info][gc,phases   ] GC(174)   Merge Heap Roots: 0.43ms
[78.794s][info][gc,phases   ] GC(174)   Evacuate Collection Set: 69.33ms
[78.794s][info][gc,phases   ] GC(174)   Post Evacuate Collection Set: 0.59ms
[78.794s][info][gc,phases   ] GC(174)   Other: 0.07ms
[78.794s][info][gc,heap     ] GC(174) Eden regions: 225->0(171)
[78.794s][info][gc,heap     ] GC(174) Survivor regions: 14->30(30)
[78.794s][info][gc,heap     ] GC(174) Old regions: 668->687
[78.794s][info][gc,heap     ] GC(174) Humongous regions: 10->10
[78.794s][info][gc,metaspace] GC(174) Metaspace: 17687K(17920K)->17687K(17920K) NonClass: 15052K(15168K)->15052K(15168K) Class: 2634K(2752K)->2634K(2752K)
[78.794s][info][gc          ] GC(174) Pause Young (Normal) (G1 Evacuation Pause) 916M->727M(978M) 71.141ms
[78.794s][info][gc,cpu      ] GC(174) User=0.14s Sys=0.00s Real=0.07s
[79.145s][info][gc,start    ] GC(175) Pause Young (Normal) (G1 Evacuation Pause)
[79.145s][info][gc,task     ] GC(175) Using 2 workers of 2 for evacuation
[79.207s][info][gc,phases   ] GC(175)   Pre Evacuate Collection Set: 0.27ms
[79.207s][info][gc,phases   ] GC(175)   Merge Heap Roots: 0.49ms
[79.207s][info][gc,phases   ] GC(175)   Evacuate Collection Set: 60.50ms
[79.207s][info][gc,phases   ] GC(175)   Post Evacuate Collection Set: 0.41ms
[79.207s][info][gc,phases   ] GC(175)   Other: 0.09ms
[79.207s][info][gc,heap     ] GC(175) Eden regions: 171->0(174)
[79.207s][info][gc,heap     ] GC(175) Survivor regions: 30->13(26)
[79.207s][info][gc,heap     ] GC(175) Old regions: 687->718
[79.207s][info][gc,heap     ] GC(175) Humongous regions: 10->10
[79.207s][info][gc,metaspace] GC(175) Metaspace: 17693K(17920K)->17693K(17920K) NonClass: 15059K(15168K)->15059K(15168K) Class: 2634K(2752K)->2634K(2752K)
[79.207s][info][gc          ] GC(175) Pause Young (Normal) (G1 Evacuation Pause) 898M->740M(978M) 61.984ms
[79.207s][info][gc,cpu      ] GC(175) User=0.13s Sys=0.00s Real=0.07s
[79.577s][info][gc,marking  ] GC(172) Concurrent Mark From Roots 2335.037ms
[79.577s][info][gc,marking  ] GC(172) Concurrent Preclean
[79.577s][info][gc,marking  ] GC(172) Concurrent Preclean 0.056ms
[79.577s][info][gc,start    ] GC(172) Pause Remark
[79.584s][info][gc          ] GC(172) Pause Remark 878M->878M(978M) 6.564ms
[79.584s][info][gc,cpu      ] GC(172) User=0.01s Sys=0.00s Real=0.00s
[79.587s][info][gc,marking  ] GC(172) Concurrent Mark 2344.867ms
[79.587s][info][gc,marking  ] GC(172) Concurrent Rebuild Remembered Sets and Scrub Regions
[79.664s][info][gc,start    ] GC(176) Pause Young (Normal) (G1 Evacuation Pause)
[79.664s][info][gc,task     ] GC(176) Using 2 workers of 2 for evacuation
[79.691s][info][gc,phases   ] GC(176)   Pre Evacuate Collection Set: 0.29ms
[79.692s][info][gc,phases   ] GC(176)   Merge Heap Roots: 0.30ms
[79.692s][info][gc,phases   ] GC(176)   Evacuate Collection Set: 25.99ms
[79.692s][info][gc,phases   ] GC(176)   Post Evacuate Collection Set: 0.40ms
[79.692s][info][gc,phases   ] GC(176)   Other: 0.08ms
[79.692s][info][gc,heap     ] GC(176) Eden regions: 174->0(177)
[79.692s][info][gc,heap     ] GC(176) Survivor regions: 13->5(24)
[79.692s][info][gc,heap     ] GC(176) Old regions: 718->731
[79.692s][info][gc,heap     ] GC(176) Humongous regions: 10->10
[79.692s][info][gc,metaspace] GC(176) Metaspace: 17697K(17920K)->17697K(17920K) NonClass: 15063K(15168K)->15063K(15168K) Class: 2634K(2752K)->2634K(2752K)
[79.692s][info][gc          ] GC(176) Pause Young (Normal) (G1 Evacuation Pause) 914M->745M(978M) 27.282ms
[79.692s][info][gc,cpu      ] GC(176) User=0.06s Sys=0.00s Real=0.03s
[79.954s][info][gc,start    ] GC(177) Pause Young (Normal) (G1 Evacuation Pause)
[79.954s][info][gc,task     ] GC(177) Using 2 workers of 2 for evacuation
[79.964s][info][gc,phases   ] GC(177)   Pre Evacuate Collection Set: 0.47ms
[79.965s][info][gc,phases   ] GC(177)   Merge Heap Roots: 0.20ms
[79.965s][info][gc,phases   ] GC(177)   Evacuate Collection Set: 9.15ms
[79.965s][info][gc,phases   ] GC(177)   Post Evacuate Collection Set: 0.41ms
[79.965s][info][gc,phases   ] GC(177)   Other: 0.11ms
[79.965s][info][gc,heap     ] GC(177) Eden regions: 177->0(175)
[79.965s][info][gc,heap     ] GC(177) Survivor regions: 5->6(23)
[79.965s][info][gc,heap     ] GC(177) Old regions: 731->731
[79.965s][info][gc,heap     ] GC(177) Humongous regions: 10->10
[79.965s][info][gc,metaspace] GC(177) Metaspace: 17699K(17920K)->17699K(17920K) NonClass: 15064K(15168K)->15064K(15168K) Class: 2634K(2752K)->2634K(2752K)
[79.965s][info][gc          ] GC(177) Pause Young (Normal) (G1 Evacuation Pause) 922M->746M(978M) 10.579ms
[79.965s][info][gc,cpu      ] GC(177) User=0.02s Sys=0.00s Real=0.01s
[80.224s][info][gc,start    ] GC(178) Pause Young (Normal) (G1 Evacuation Pause)
[80.224s][info][gc,task     ] GC(178) Using 2 workers of 2 for evacuation
[80.238s][info][gc,phases   ] GC(178)   Pre Evacuate Collection Set: 0.27ms
[80.238s][info][gc,phases   ] GC(178)   Merge Heap Roots: 0.16ms
[80.238s][info][gc,phases   ] GC(178)   Evacuate Collection Set: 12.67ms
[80.238s][info][gc,phases   ] GC(178)   Post Evacuate Collection Set: 0.36ms
[80.238s][info][gc,phases   ] GC(178)   Other: 0.10ms
[80.238s][info][gc,heap     ] GC(178) Eden regions: 175->0(165)
[80.238s][info][gc,heap     ] GC(178) Survivor regions: 6->11(23)
[80.238s][info][gc,heap     ] GC(178) Old regions: 731->731
[80.238s][info][gc,heap     ] GC(178) Humongous regions: 10->10
[80.238s][info][gc,metaspace] GC(178) Metaspace: 17710K(17920K)->17710K(17920K) NonClass: 15069K(15168K)->15069K(15168K) Class: 2640K(2752K)->2640K(2752K)
[80.238s][info][gc          ] GC(178) Pause Young (Normal) (G1 Evacuation Pause) 921M->751M(978M) 13.823ms
[80.238s][info][gc,cpu      ] GC(178) User=0.03s Sys=0.00s Real=0.02s
[80.380s][info][gc,marking  ] GC(172) Concurrent Rebuild Remembered Sets and Scrub Regions 793.803ms
[80.381s][info][gc,start    ] GC(172) Pause Cleanup
[80.381s][info][gc          ] GC(172) Pause Cleanup 778M->778M(978M) 0.111ms
[80.381s][info][gc,cpu      ] GC(172) User=0.00s Sys=0.00s Real=0.00s
[80.383s][info][gc,marking  ] GC(172) Concurrent Clear Claimed Marks
[80.383s][info][gc,marking  ] GC(172) Concurrent Clear Claimed Marks 0.051ms
[80.383s][info][gc,marking  ] GC(172) Concurrent Cleanup for Next Mark
[80.390s][info][gc,marking  ] GC(172) Concurrent Cleanup for Next Mark 6.614ms
[80.390s][info][gc          ] GC(172) Concurrent Mark Cycle 3173.593ms
[80.574s][info][gc,start    ] GC(179) Pause Young (Prepare Mixed) (G1 Evacuation Pause)
[80.574s][info][gc,task     ] GC(179) Using 2 workers of 2 for evacuation
[80.591s][info][gc,phases   ] GC(179)   Pre Evacuate Collection Set: 0.28ms
[80.591s][info][gc,phases   ] GC(179)   Merge Heap Roots: 0.22ms
[80.591s][info][gc,phases   ] GC(179)   Evacuate Collection Set: 15.96ms
[80.591s][info][gc,phases   ] GC(179)   Post Evacuate Collection Set: 0.38ms
[80.591s][info][gc,phases   ] GC(179)   Other: 0.07ms
[80.591s][info][gc,heap     ] GC(179) Eden regions: 165->0(161)
[80.591s][info][gc,heap     ] GC(179) Survivor regions: 11->13(22)
[80.591s][info][gc,heap     ] GC(179) Old regions: 731->731
[80.591s][info][gc,heap     ] GC(179) Humongous regions: 10->10
[80.591s][info][gc,metaspace] GC(179) Metaspace: 17711K(17920K)->17711K(17920K) NonClass: 15071K(15168K)->15071K(15168K) Class: 2640K(2752K)->2640K(2752K)
[80.592s][info][gc          ] GC(179) Pause Young (Prepare Mixed) (G1 Evacuation Pause) 916M->753M(978M) 17.128ms
[80.592s][info][gc,cpu      ] GC(179) User=0.04s Sys=0.00s Real=0.02s
[80.987s][info][gc,start    ] GC(180) Pause Young (Mixed) (G1 Evacuation Pause)
[80.987s][info][gc,task     ] GC(180) Using 2 workers of 2 for evacuation
[81.047s][info][gc,phases   ] GC(180)   Pre Evacuate Collection Set: 0.31ms
[81.047s][info][gc,phases   ] GC(180)   Merge Heap Roots: 0.61ms
[81.047s][info][gc,phases   ] GC(180)   Evacuate Collection Set: 58.67ms
[81.047s][info][gc,phases   ] GC(180)   Post Evacuate Collection Set: 0.40ms
[81.047s][info][gc,phases   ] GC(180)   Other: 0.09ms
[81.047s][info][gc,heap     ] GC(180) Eden regions: 161->0(139)
[81.047s][info][gc,heap     ] GC(180) Survivor regions: 13->22(22)
[81.047s][info][gc,heap     ] GC(180) Old regions: 731->735
[81.047s][info][gc,heap     ] GC(180) Humongous regions: 10->10
[81.047s][info][gc,metaspace] GC(180) Metaspace: 17739K(17984K)->17739K(17984K) NonClass: 15098K(15232K)->15098K(15232K) Class: 2640K(2752K)->2640K(2752K)
[81.047s][info][gc          ] GC(180) Pause Young (Mixed) (G1 Evacuation Pause) 914M->767M(978M) 60.314ms
[81.047s][info][gc,cpu      ] GC(180) User=0.12s Sys=0.00s Real=0.06s
[81.281s][info][gc,start    ] GC(181) Pause Young (Concurrent Start) (G1 Evacuation Pause)
[81.281s][info][gc,task     ] GC(181) Using 2 workers of 2 for evacuation
[81.306s][info][gc,phases   ] GC(181)   Pre Evacuate Collection Set: 0.36ms
[81.306s][info][gc,phases   ] GC(181)   Merge Heap Roots: 0.16ms
[81.306s][info][gc,phases   ] GC(181)   Evacuate Collection Set: 24.26ms
[81.306s][info][gc,phases   ] GC(181)   Post Evacuate Collection Set: 0.38ms
[81.306s][info][gc,phases   ] GC(181)   Other: 0.28ms
[81.306s][info][gc,heap     ] GC(181) Eden regions: 139->0(158)
[81.306s][info][gc,heap     ] GC(181) Survivor regions: 22->1(21)
[81.306s][info][gc,heap     ] GC(181) Old regions: 735->758
[81.306s][info][gc,heap     ] GC(181) Humongous regions: 10->10
[81.306s][info][gc,metaspace] GC(181) Metaspace: 17739K(17984K)->17739K(17984K) NonClass: 15098K(15232K)->15098K(15232K) Class: 2640K(2752K)->2640K(2752K)
[81.306s][info][gc          ] GC(181) Pause Young (Concurrent Start) (G1 Evacuation Pause) 906M->768M(978M) 25.713ms
[81.306s][info][gc          ] GC(182) Concurrent Mark Cycle
[81.306s][info][gc,marking  ] GC(182) Concurrent Scan Root Regions
[81.306s][info][gc,cpu      ] GC(181) User=0.05s Sys=0.00s Real=0.02s
[81.370s][info][gc,marking  ] GC(182) Concurrent Scan Root Regions 63.287ms
[81.370s][info][gc,marking  ] GC(182) Concurrent Mark
[81.370s][info][gc,marking  ] GC(182) Concurrent Mark From Roots
[81.370s][info][gc,task     ] GC(182) Using 1 workers of 1 for marking
[82.060s][info][gc,start    ] GC(183) Pause Young (Normal) (G1 Evacuation Pause)
[82.060s][info][gc,task     ] GC(183) Using 2 workers of 2 for evacuation
[82.061s][info][gc,phases   ] GC(183)   Pre Evacuate Collection Set: 0.51ms
[82.061s][info][gc,phases   ] GC(183)   Merge Heap Roots: 0.09ms
[82.061s][info][gc,phases   ] GC(183)   Evacuate Collection Set: 0.38ms
[82.061s][info][gc,phases   ] GC(183)   Post Evacuate Collection Set: 0.35ms
[82.061s][info][gc,phases   ] GC(183)   Other: 0.06ms
[82.061s][info][gc,heap     ] GC(183) Eden regions: 158->0(158)
[82.061s][info][gc,heap     ] GC(183) Survivor regions: 1->1(20)
[82.061s][info][gc,heap     ] GC(183) Old regions: 758->758
[82.061s][info][gc,heap     ] GC(183) Humongous regions: 10->10
[82.061s][info][gc,metaspace] GC(183) Metaspace: 17739K(17984K)->17739K(17984K) NonClass: 15099K(15232K)->15099K(15232K) Class: 2640K(2752K)->2640K(2752K)
[82.061s][info][gc          ] GC(183) Pause Young (Normal) (G1 Evacuation Pause) 926M->768M(978M) 1.557ms
[82.061s][info][gc,cpu      ] GC(183) User=0.00s Sys=0.00s Real=0.00s
[83.222s][info][gc,marking  ] GC(182) Concurrent Mark From Roots 1851.683ms
[83.222s][info][gc,marking  ] GC(182) Concurrent Preclean
[83.222s][info][gc,marking  ] GC(182) Concurrent Preclean 0.027ms
[83.224s][info][gc,start    ] GC(182) Pause Remark
[83.231s][info][gc          ] GC(182) Pause Remark 841M->730M(978M) 6.843ms
[83.231s][info][gc,cpu      ] GC(182) User=0.01s Sys=0.01s Real=0.01s
[83.234s][info][gc,marking  ] GC(182) Concurrent Mark 1864.114ms
[83.234s][info][gc,marking  ] GC(182) Concurrent Rebuild Remembered Sets and Scrub Regions
[83.695s][info][gc,marking  ] GC(182) Concurrent Rebuild Remembered Sets and Scrub Regions 461.292ms
[83.695s][info][gc,start    ] GC(182) Pause Cleanup
[83.696s][info][gc          ] GC(182) Pause Cleanup 797M->797M(978M) 0.141ms
[83.696s][info][gc,cpu      ] GC(182) User=0.00s Sys=0.00s Real=0.00s
[83.696s][info][gc,marking  ] GC(182) Concurrent Clear Claimed Marks
[83.696s][info][gc,marking  ] GC(182) Concurrent Clear Claimed Marks 0.033ms
[83.696s][info][gc,marking  ] GC(182) Concurrent Cleanup for Next Mark
[83.699s][info][gc,marking  ] GC(182) Concurrent Cleanup for Next Mark 2.836ms
[83.699s][info][gc          ] GC(182) Concurrent Mark Cycle 2392.151ms
[83.794s][info][gc,start    ] GC(184) Pause Young (Prepare Mixed) (G1 Evacuation Pause)
[83.794s][info][gc,task     ] GC(184) Using 2 workers of 2 for evacuation
[83.798s][info][gc,phases   ] GC(184)   Pre Evacuate Collection Set: 0.49ms
[83.798s][info][gc,phases   ] GC(184)   Merge Heap Roots: 0.15ms
[83.798s][info][gc,phases   ] GC(184)   Evacuate Collection Set: 2.15ms
[83.798s][info][gc,phases   ] GC(184)   Post Evacuate Collection Set: 0.33ms
[83.798s][info][gc,phases   ] GC(184)   Other: 0.08ms
[83.798s][info][gc,heap     ] GC(184) Eden regions: 158->0(269)
[83.798s][info][gc,heap     ] GC(184) Survivor regions: 1->1(20)
[83.798s][info][gc,heap     ] GC(184) Old regions: 650->650
[83.798s][info][gc,heap     ] GC(184) Humongous regions: 7->7
[83.798s][info][gc,metaspace] GC(184) Metaspace: 17743K(17984K)->17743K(17984K) NonClass: 15102K(15232K)->15102K(15232K) Class: 2640K(2752K)->2640K(2752K)
[83.798s][info][gc          ] GC(184) Pause Young (Prepare Mixed) (G1 Evacuation Pause) 815M->657M(978M) 3.390ms
[83.798s][info][gc,cpu      ] GC(184) User=0.00s Sys=0.00s Real=0.01s
[85.185s][info][gc,start    ] GC(185) Pause Young (Mixed) (G1 Evacuation Pause)
[85.185s][info][gc,task     ] GC(185) Using 2 workers of 2 for evacuation
[85.197s][info][gc,phases   ] GC(185)   Pre Evacuate Collection Set: 0.32ms
[85.197s][info][gc,phases   ] GC(185)   Merge Heap Roots: 0.30ms
[85.197s][info][gc,phases   ] GC(185)   Evacuate Collection Set: 10.99ms
[85.197s][info][gc,phases   ] GC(185)   Post Evacuate Collection Set: 0.57ms
[85.197s][info][gc,phases   ] GC(185)   Other: 0.11ms
[85.197s][info][gc,heap     ] GC(185) Eden regions: 269->0(311)
[85.197s][info][gc,heap     ] GC(185) Survivor regions: 1->4(34)
[85.197s][info][gc,heap     ] GC(185) Old regions: 650->602
[85.197s][info][gc,heap     ] GC(185) Humongous regions: 7->7
[85.197s][info][gc,metaspace] GC(185) Metaspace: 17965K(18112K)->17965K(18112K) NonClass: 15306K(15360K)->15306K(15360K) Class: 2658K(2752K)->2658K(2752K)
[85.197s][info][gc          ] GC(185) Pause Young (Mixed) (G1 Evacuation Pause) 926M->611M(978M) 12.476ms
[85.197s][info][gc,cpu      ] GC(185) User=0.02s Sys=0.00s Real=0.02s
[85.915s][info][gc,start    ] GC(186) Pause Young (Concurrent Start) (G1 Evacuation Pause)
[85.915s][info][gc,task     ] GC(186) Using 2 workers of 2 for evacuation
[85.942s][info][gc,phases   ] GC(186)   Pre Evacuate Collection Set: 0.29ms
[85.942s][info][gc,phases   ] GC(186)   Merge Heap Roots: 0.14ms
[85.942s][info][gc,phases   ] GC(186)   Evacuate Collection Set: 26.24ms
[85.943s][info][gc,phases   ] GC(186)   Post Evacuate Collection Set: 0.56ms
[85.943s][info][gc,phases   ] GC(186)   Other: 0.13ms
[85.943s][info][gc,heap     ] GC(186) Eden regions: 311->0(265)
[85.943s][info][gc,heap     ] GC(186) Survivor regions: 4->27(40)
[85.943s][info][gc,heap     ] GC(186) Old regions: 602->602
[85.943s][info][gc,heap     ] GC(186) Humongous regions: 7->7
[85.943s][info][gc,metaspace] GC(186) Metaspace: 18087K(18304K)->18087K(18304K) NonClass: 15429K(15552K)->15429K(15552K) Class: 2658K(2752K)->2658K(2752K)
[85.943s][info][gc          ] GC(186) Pause Young (Concurrent Start) (G1 Evacuation Pause) 922M->634M(978M) 27.553ms
[85.943s][info][gc,cpu      ] GC(186) User=0.05s Sys=0.00s Real=0.03s
[85.943s][info][gc          ] GC(187) Concurrent Mark Cycle
[85.943s][info][gc,marking  ] GC(187) Concurrent Scan Root Regions
[85.985s][info][gc,marking  ] GC(187) Concurrent Scan Root Regions 42.286ms
[85.985s][info][gc,marking  ] GC(187) Concurrent Mark
[85.985s][info][gc,marking  ] GC(187) Concurrent Mark From Roots
[85.985s][info][gc,task     ] GC(187) Using 1 workers of 1 for marking
[86.430s][info][gc,start    ] GC(188) Pause Young (Normal) (G1 Evacuation Pause)
[86.430s][info][gc,task     ] GC(188) Using 2 workers of 2 for evacuation
[86.551s][info][gc,phases   ] GC(188)   Pre Evacuate Collection Set: 0.27ms
[86.551s][info][gc,phases   ] GC(188)   Merge Heap Roots: 0.14ms
[86.551s][info][gc,phases   ] GC(188)   Evacuate Collection Set: 107.13ms
[86.551s][info][gc,phases   ] GC(188)   Post Evacuate Collection Set: 13.40ms
[86.551s][info][gc,phases   ] GC(188)   Other: 0.09ms
[86.551s][info][gc,heap     ] GC(188) Eden regions: 265->0(53)
[86.551s][info][gc,heap     ] GC(188) Survivor regions: 27->37(37)
[86.551s][info][gc,heap     ] GC(188) Old regions: 602->794
[86.551s][info][gc,heap     ] GC(188) Humongous regions: 7->7
[86.551s][info][gc,metaspace] GC(188) Metaspace: 18110K(18304K)->18110K(18304K) NonClass: 15452K(15552K)->15452K(15552K) Class: 2658K(2752K)->2658K(2752K)
[86.551s][info][gc          ] GC(188) Pause Young (Normal) (G1 Evacuation Pause) (Evacuation Failure: Allocation) 899M->838M(978M) 121.264ms
[86.551s][info][gc,cpu      ] GC(188) User=0.24s Sys=0.00s Real=0.12s
[86.694s][info][gc,start    ] GC(189) Pause Young (Normal) (G1 Evacuation Pause)
[86.694s][info][gc,task     ] GC(189) Using 2 workers of 2 for evacuation
[86.781s][info][gc,phases   ] GC(189)   Pre Evacuate Collection Set: 0.34ms
[86.781s][info][gc,phases   ] GC(189)   Merge Heap Roots: 0.27ms
[86.781s][info][gc,phases   ] GC(189)   Evacuate Collection Set: 82.74ms
[86.781s][info][gc,phases   ] GC(189)   Post Evacuate Collection Set: 3.69ms
[86.781s][info][gc,phases   ] GC(189)   Other: 0.11ms
[86.781s][info][gc,heap     ] GC(189) Eden regions: 53->0(138)
[86.781s][info][gc,heap     ] GC(189) Survivor regions: 37->12(12)
[86.781s][info][gc,heap     ] GC(189) Old regions: 794->759
[86.781s][info][gc,heap     ] GC(189) Humongous regions: 7->7
[86.781s][info][gc,metaspace] GC(189) Metaspace: 18110K(18304K)->18110K(18304K) NonClass: 15452K(15552K)->15452K(15552K) Class: 2658K(2752K)->2658K(2752K)
[86.781s][info][gc          ] GC(189) Pause Young (Normal) (G1 Evacuation Pause) (Evacuation Failure: Allocation) 891M->778M(978M) 87.359ms
[86.781s][info][gc,cpu      ] GC(189) User=0.18s Sys=0.00s Real=0.09s
[87.346s][info][gc,start    ] GC(190) Pause Young (Normal) (G1 Evacuation Pause)
[87.346s][info][gc,task     ] GC(190) Using 2 workers of 2 for evacuation
[87.425s][info][gc,phases   ] GC(190)   Pre Evacuate Collection Set: 0.49ms
[87.425s][info][gc,phases   ] GC(190)   Merge Heap Roots: 0.97ms
[87.425s][info][gc,phases   ] GC(190)   Evacuate Collection Set: 76.87ms
[87.425s][info][gc,phases   ] GC(190)   Post Evacuate Collection Set: 0.72ms
[87.425s][info][gc,phases   ] GC(190)   Other: 0.07ms
[87.425s][info][gc,heap     ] GC(190) Eden regions: 138->0(124)
[87.425s][info][gc,heap     ] GC(190) Survivor regions: 12->19(19)
[87.425s][info][gc,heap     ] GC(190) Old regions: 759->758
[87.425s][info][gc,heap     ] GC(190) Humongous regions: 8->8
[87.425s][info][gc,metaspace] GC(190) Metaspace: 18164K(18368K)->18164K(18368K) NonClass: 15506K(15616K)->15506K(15616K) Class: 2658K(2752K)->2658K(2752K)
[87.425s][info][gc          ] GC(190) Pause Young (Normal) (G1 Evacuation Pause) 917M->784M(978M) 79.326ms
[87.425s][info][gc,cpu      ] GC(190) User=0.15s Sys=0.00s Real=0.08s
[87.662s][info][gc,start    ] GC(191) Pause Young (Normal) (G1 Evacuation Pause)
[87.662s][info][gc,task     ] GC(191) Using 2 workers of 2 for evacuation
[87.736s][info][gc,phases   ] GC(191)   Pre Evacuate Collection Set: 0.47ms
[87.736s][info][gc,phases   ] GC(191)   Merge Heap Roots: 1.02ms
[87.736s][info][gc,phases   ] GC(191)   Evacuate Collection Set: 71.90ms
[87.736s][info][gc,phases   ] GC(191)   Post Evacuate Collection Set: 0.36ms
[87.736s][info][gc,phases   ] GC(191)   Other: 0.07ms
[87.736s][info][gc,heap     ] GC(191) Eden regions: 124->0(98)
[87.736s][info][gc,heap     ] GC(191) Survivor regions: 19->18(18)
[87.736s][info][gc,heap     ] GC(191) Old regions: 758->783
[87.736s][info][gc,heap     ] GC(191) Humongous regions: 11->11
[87.736s][info][gc,metaspace] GC(191) Metaspace: 18164K(18368K)->18164K(18368K) NonClass: 15506K(15616K)->15506K(15616K) Class: 2658K(2752K)->2658K(2752K)
[87.736s][info][gc          ] GC(191) Pause Young (Normal) (G1 Evacuation Pause) 911M->812M(978M) 74.072ms
[87.736s][info][gc,cpu      ] GC(191) User=0.15s Sys=0.00s Real=0.07s
[87.856s][info][gc,start    ] GC(192) Pause Young (Normal) (G1 Evacuation Pause)
[87.856s][info][gc,task     ] GC(192) Using 2 workers of 2 for evacuation
[87.890s][info][gc,phases   ] GC(192)   Pre Evacuate Collection Set: 0.50ms
[87.890s][info][gc,phases   ] GC(192)   Merge Heap Roots: 0.18ms
[87.890s][info][gc,phases   ] GC(192)   Evacuate Collection Set: 32.41ms
[87.890s][info][gc,phases   ] GC(192)   Post Evacuate Collection Set: 0.30ms
[87.890s][info][gc,phases   ] GC(192)   Other: 0.11ms
[87.890s][info][gc,heap     ] GC(192) Eden regions: 98->0(99)
[87.890s][info][gc,heap     ] GC(192) Survivor regions: 18->8(15)
[87.890s][info][gc,heap     ] GC(192) Old regions: 783->802
[87.890s][info][gc,heap     ] GC(192) Humongous regions: 11->11
[87.890s][info][gc,metaspace] GC(192) Metaspace: 18164K(18368K)->18164K(18368K) NonClass: 15506K(15616K)->15506K(15616K) Class: 2658K(2752K)->2658K(2752K)
[87.890s][info][gc          ] GC(192) Pause Young (Normal) (G1 Evacuation Pause) 910M->820M(978M) 33.774ms
[87.890s][info][gc,cpu      ] GC(192) User=0.06s Sys=0.00s Real=0.04s
[88.044s][info][gc,start    ] GC(193) Pause Young (Normal) (G1 Evacuation Pause)
[88.044s][info][gc,task     ] GC(193) Using 2 workers of 2 for evacuation
[88.057s][info][gc,phases   ] GC(193)   Pre Evacuate Collection Set: 0.29ms
[88.058s][info][gc,phases   ] GC(193)   Merge Heap Roots: 0.19ms
[88.058s][info][gc,phases   ] GC(193)   Evacuate Collection Set: 12.42ms
[88.058s][info][gc,phases   ] GC(193)   Post Evacuate Collection Set: 0.35ms
[88.058s][info][gc,phases   ] GC(193)   Other: 0.10ms
[88.058s][info][gc,heap     ] GC(193) Eden regions: 99->0(101)
[88.058s][info][gc,heap     ] GC(193) Survivor regions: 8->3(14)
[88.058s][info][gc,heap     ] GC(193) Old regions: 802->810
[88.058s][info][gc,heap     ] GC(193) Humongous regions: 11->11
[88.058s][info][gc,metaspace] GC(193) Metaspace: 18164K(18368K)->18164K(18368K) NonClass: 15506K(15616K)->15506K(15616K) Class: 2658K(2752K)->2658K(2752K)
[88.058s][info][gc          ] GC(193) Pause Young (Normal) (G1 Evacuation Pause) 919M->823M(978M) 13.589ms
[88.058s][info][gc,cpu      ] GC(193) User=0.02s Sys=0.00s Real=0.02s
[88.181s][info][gc,marking  ] GC(187) Concurrent Mark From Roots 2195.978ms
[88.181s][info][gc,marking  ] GC(187) Concurrent Preclean
[88.181s][info][gc,marking  ] GC(187) Concurrent Preclean 0.024ms
[88.181s][info][gc,start    ] GC(187) Pause Remark
[88.189s][info][gc          ] GC(187) Pause Remark 921M->874M(978M) 7.587ms
[88.189s][info][gc,cpu      ] GC(187) User=0.02s Sys=0.01s Real=0.01s
[88.189s][info][gc,marking  ] GC(187) Concurrent Mark 2203.955ms
[88.189s][info][gc,marking  ] GC(187) Concurrent Rebuild Remembered Sets and Scrub Regions
[88.199s][info][gc,start    ] GC(194) Pause Young (Normal) (G1 Evacuation Pause)
[88.199s][info][gc,task     ] GC(194) Using 2 workers of 2 for evacuation
[88.213s][info][gc,phases   ] GC(194)   Pre Evacuate Collection Set: 0.24ms
[88.213s][info][gc,phases   ] GC(194)   Merge Heap Roots: 0.12ms
[88.213s][info][gc,phases   ] GC(194)   Evacuate Collection Set: 13.07ms
[88.213s][info][gc,phases   ] GC(194)   Post Evacuate Collection Set: 0.33ms
[88.213s][info][gc,phases   ] GC(194)   Other: 0.11ms
[88.213s][info][gc,heap     ] GC(194) Eden regions: 101->0(132)
[88.213s][info][gc,heap     ] GC(194) Survivor regions: 3->11(13)
[88.213s][info][gc,heap     ] GC(194) Old regions: 765->765
[88.213s][info][gc,heap     ] GC(194) Humongous regions: 9->9
[88.213s][info][gc,metaspace] GC(194) Metaspace: 18164K(18368K)->18164K(18368K) NonClass: 15506K(15616K)->15506K(15616K) Class: 2658K(2752K)->2658K(2752K)
[88.213s][info][gc          ] GC(194) Pause Young (Normal) (G1 Evacuation Pause) 877M->784M(978M) 14.035ms
[88.213s][info][gc,cpu      ] GC(194) User=0.03s Sys=0.00s Real=0.01s
[88.408s][info][gc,start    ] GC(195) Pause Young (Normal) (G1 Evacuation Pause)
[88.409s][info][gc,task     ] GC(195) Using 2 workers of 2 for evacuation
[88.438s][info][gc,phases   ] GC(195)   Pre Evacuate Collection Set: 0.50ms
[88.438s][info][gc,phases   ] GC(195)   Merge Heap Roots: 0.21ms
[88.438s][info][gc,phases   ] GC(195)   Evacuate Collection Set: 28.21ms
[88.438s][info][gc,phases   ] GC(195)   Post Evacuate Collection Set: 0.44ms
[88.438s][info][gc,phases   ] GC(195)   Other: 0.07ms
[88.438s][info][gc,heap     ] GC(195) Eden regions: 132->0(111)
[88.438s][info][gc,heap     ] GC(195) Survivor regions: 11->18(18)
[88.438s][info][gc,heap     ] GC(195) Old regions: 765->772
[88.438s][info][gc,heap     ] GC(195) Humongous regions: 9->9
[88.438s][info][gc,metaspace] GC(195) Metaspace: 18164K(18368K)->18164K(18368K) NonClass: 15506K(15616K)->15506K(15616K) Class: 2658K(2752K)->2658K(2752K)
[88.438s][info][gc          ] GC(195) Pause Young (Normal) (G1 Evacuation Pause) 916M->799M(978M) 29.641ms
[88.438s][info][gc,cpu      ] GC(195) User=0.06s Sys=0.00s Real=0.03s
[88.570s][info][gc,start    ] GC(196) Pause Young (Normal) (G1 Evacuation Pause)
[88.570s][info][gc,task     ] GC(196) Using 2 workers of 2 for evacuation
[88.621s][info][gc,phases   ] GC(196)   Pre Evacuate Collection Set: 0.27ms
[88.621s][info][gc,phases   ] GC(196)   Merge Heap Roots: 0.28ms
[88.621s][info][gc,phases   ] GC(196)   Evacuate Collection Set: 49.72ms
[88.621s][info][gc,phases   ] GC(196)   Post Evacuate Collection Set: 0.58ms
[88.621s][info][gc,phases   ] GC(196)   Other: 0.12ms
[88.621s][info][gc,heap     ] GC(196) Eden regions: 111->0(84)
[88.621s][info][gc,heap     ] GC(196) Survivor regions: 18->17(17)
[88.621s][info][gc,heap     ] GC(196) Old regions: 772->801
[88.621s][info][gc,heap     ] GC(196) Humongous regions: 9->9
[88.621s][info][gc,metaspace] GC(196) Metaspace: 18164K(18368K)->18164K(18368K) NonClass: 15506K(15616K)->15506K(15616K) Class: 2658K(2752K)->2658K(2752K)
[88.621s][info][gc          ] GC(196) Pause Young (Normal) (G1 Evacuation Pause) 910M->826M(978M) 51.194ms
[88.621s][info][gc,cpu      ] GC(196) User=0.10s Sys=0.00s Real=0.05s
[88.735s][info][gc,start    ] GC(197) Pause Young (Normal) (G1 Evacuation Pause)
[88.735s][info][gc,task     ] GC(197) Using 2 workers of 2 for evacuation
[88.781s][info][gc,phases   ] GC(197)   Pre Evacuate Collection Set: 0.45ms
[88.781s][info][gc,phases   ] GC(197)   Merge Heap Roots: 0.64ms
[88.781s][info][gc,phases   ] GC(197)   Evacuate Collection Set: 44.77ms
[88.781s][info][gc,phases   ] GC(197)   Post Evacuate Collection Set: 0.51ms
[88.781s][info][gc,phases   ] GC(197)   Other: 0.07ms
[88.781s][info][gc,heap     ] GC(197) Eden regions: 84->0(72)
[88.781s][info][gc,heap     ] GC(197) Survivor regions: 17->13(13)
[88.781s][info][gc,heap     ] GC(197) Old regions: 801->821
[88.781s][info][gc,heap     ] GC(197) Humongous regions: 9->9
[88.781s][info][gc,metaspace] GC(197) Metaspace: 18164K(18368K)->18164K(18368K) NonClass: 15506K(15616K)->15506K(15616K) Class: 2658K(2752K)->2658K(2752K)
[88.781s][info][gc          ] GC(197) Pause Young (Normal) (G1 Evacuation Pause) 910M->842M(978M) 46.655ms
[88.781s][info][gc,cpu      ] GC(197) User=0.09s Sys=0.00s Real=0.05s
[88.880s][info][gc,start    ] GC(198) Pause Young (Normal) (G1 Evacuation Pause)
[88.880s][info][gc,task     ] GC(198) Using 2 workers of 2 for evacuation
[88.926s][info][gc,phases   ] GC(198)   Pre Evacuate Collection Set: 0.50ms
[88.926s][info][gc,phases   ] GC(198)   Merge Heap Roots: 0.74ms
[88.926s][info][gc,phases   ] GC(198)   Evacuate Collection Set: 44.33ms
[88.926s][info][gc,phases   ] GC(198)   Post Evacuate Collection Set: 0.50ms
[88.926s][info][gc,phases   ] GC(198)   Other: 0.11ms
[88.926s][info][gc,heap     ] GC(198) Eden regions: 72->0(60)
[88.926s][info][gc,heap     ] GC(198) Survivor regions: 13->11(11)
[88.926s][info][gc,heap     ] GC(198) Old regions: 821->836
[88.926s][info][gc,heap     ] GC(198) Humongous regions: 10->10
[88.926s][info][gc,metaspace] GC(198) Metaspace: 18164K(18368K)->18164K(18368K) NonClass: 15506K(15616K)->15506K(15616K) Class: 2658K(2752K)->2658K(2752K)
[88.926s][info][gc          ] GC(198) Pause Young (Normal) (G1 Evacuation Pause) 915M->856M(978M) 46.427ms
[88.926s][info][gc,cpu      ] GC(198) User=0.09s Sys=0.00s Real=0.04s
[88.978s][info][gc,start    ] GC(199) Pause Young (Normal) (G1 Evacuation Pause)
[88.978s][info][gc,task     ] GC(199) Using 2 workers of 2 for evacuation
[89.010s][info][gc,phases   ] GC(199)   Pre Evacuate Collection Set: 0.28ms
[89.011s][info][gc,phases   ] GC(199)   Merge Heap Roots: 0.41ms
[89.011s][info][gc,phases   ] GC(199)   Evacuate Collection Set: 31.23ms
[89.011s][info][gc,phases   ] GC(199)   Post Evacuate Collection Set: 0.46ms
[89.011s][info][gc,phases   ] GC(199)   Other: 0.09ms
[89.011s][info][gc,heap     ] GC(199) Eden regions: 60->0(67)
[89.011s][info][gc,heap     ] GC(199) Survivor regions: 11->2(9)
[89.011s][info][gc,heap     ] GC(199) Old regions: 836->847
[89.011s][info][gc,heap     ] GC(199) Humongous regions: 10->10
[89.011s][info][gc,metaspace] GC(199) Metaspace: 18164K(18368K)->18164K(18368K) NonClass: 15506K(15616K)->15506K(15616K) Class: 2658K(2752K)->2658K(2752K)
[89.011s][info][gc          ] GC(199) Pause Young (Normal) (G1 Evacuation Pause) 916M->858M(978M) 32.683ms
[89.011s][info][gc,cpu      ] GC(199) User=0.07s Sys=0.00s Real=0.03s
[89.076s][info][gc,start    ] GC(200) Pause Young (Normal) (G1 Evacuation Pause)
[89.076s][info][gc,task     ] GC(200) Using 2 workers of 2 for evacuation
[89.100s][info][gc,phases   ] GC(200)   Pre Evacuate Collection Set: 0.25ms
[89.100s][info][gc,phases   ] GC(200)   Merge Heap Roots: 0.39ms
[89.101s][info][gc,phases   ] GC(200)   Evacuate Collection Set: 23.14ms
[89.101s][info][gc,phases   ] GC(200)   Post Evacuate Collection Set: 0.42ms
[89.101s][info][gc,phases   ] GC(200)   Other: 0.07ms
[89.101s][info][gc,heap     ] GC(200) Eden regions: 67->0(63)
[89.101s][info][gc,heap     ] GC(200) Survivor regions: 2->4(9)
[89.101s][info][gc,heap     ] GC(200) Old regions: 847->847
[89.101s][info][gc,heap     ] GC(200) Humongous regions: 10->10
[89.101s][info][gc,metaspace] GC(200) Metaspace: 18164K(18368K)->18164K(18368K) NonClass: 15506K(15616K)->15506K(15616K) Class: 2658K(2752K)->2658K(2752K)
[89.101s][info][gc          ] GC(200) Pause Young (Normal) (G1 Evacuation Pause) 925M->860M(978M) 24.449ms
[89.101s][info][gc,cpu      ] GC(200) User=0.05s Sys=0.00s Real=0.03s
[89.172s][info][gc,start    ] GC(201) Pause Young (Normal) (G1 Evacuation Pause)
[89.172s][info][gc,task     ] GC(201) Using 2 workers of 2 for evacuation
[89.196s][info][gc,phases   ] GC(201)   Pre Evacuate Collection Set: 0.25ms
[89.196s][info][gc,phases   ] GC(201)   Merge Heap Roots: 0.39ms
[89.196s][info][gc,phases   ] GC(201)   Evacuate Collection Set: 22.52ms
[89.196s][info][gc,phases   ] GC(201)   Post Evacuate Collection Set: 0.41ms
[89.196s][info][gc,phases   ] GC(201)   Other: 0.06ms
[89.196s][info][gc,heap     ] GC(201) Eden regions: 63->0(63)
[89.196s][info][gc,heap     ] GC(201) Survivor regions: 4->4(9)
[89.196s][info][gc,heap     ] GC(201) Old regions: 847->847
[89.196s][info][gc,heap     ] GC(201) Humongous regions: 10->10
[89.196s][info][gc,metaspace] GC(201) Metaspace: 18164K(18368K)->18164K(18368K) NonClass: 15506K(15616K)->15506K(15616K) Class: 2658K(2752K)->2658K(2752K)
[89.196s][info][gc          ] GC(201) Pause Young (Normal) (G1 Evacuation Pause) 923M->860M(978M) 23.844ms
[89.196s][info][gc,cpu      ] GC(201) User=0.04s Sys=0.00s Real=0.02s
[89.251s][info][gc,start    ] GC(202) Pause Young (Normal) (G1 Evacuation Pause)
[89.251s][info][gc,task     ] GC(202) Using 2 workers of 2 for evacuation
[89.276s][info][gc,phases   ] GC(202)   Pre Evacuate Collection Set: 0.25ms
[89.276s][info][gc,phases   ] GC(202)   Merge Heap Roots: 0.40ms
[89.276s][info][gc,phases   ] GC(202)   Evacuate Collection Set: 23.71ms
[89.276s][info][gc,phases   ] GC(202)   Post Evacuate Collection Set: 0.44ms
[89.276s][info][gc,phases   ] GC(202)   Other: 0.07ms
[89.276s][info][gc,heap     ] GC(202) Eden regions: 63->0(61)
[89.276s][info][gc,heap     ] GC(202) Survivor regions: 4->5(9)
[89.276s][info][gc,heap     ] GC(202) Old regions: 847->847
[89.276s][info][gc,heap     ] GC(202) Humongous regions: 10->10
[89.276s][info][gc,metaspace] GC(202) Metaspace: 18164K(18368K)->18164K(18368K) NonClass: 15506K(15616K)->15506K(15616K) Class: 2658K(2752K)->2658K(2752K)
[89.276s][info][gc          ] GC(202) Pause Young (Normal) (G1 Evacuation Pause) 923M->861M(978M) 25.097ms
[89.276s][info][gc,cpu      ] GC(202) User=0.05s Sys=0.00s Real=0.02s
[89.321s][info][gc,marking  ] GC(187) Concurrent Rebuild Remembered Sets and Scrub Regions 1131.758ms
[89.321s][info][gc,start    ] GC(187) Pause Cleanup
[89.321s][info][gc          ] GC(187) Pause Cleanup 903M->903M(978M) 0.143ms
[89.321s][info][gc,cpu      ] GC(187) User=0.00s Sys=0.00s Real=0.00s
[89.322s][info][gc,marking  ] GC(187) Concurrent Clear Claimed Marks
[89.322s][info][gc,marking  ] GC(187) Concurrent Clear Claimed Marks 0.044ms
[89.322s][info][gc,marking  ] GC(187) Concurrent Cleanup for Next Mark
[89.328s][info][gc,marking  ] GC(187) Concurrent Cleanup for Next Mark 5.870ms
[89.328s][info][gc          ] GC(187) Concurrent Mark Cycle 3385.217ms
[89.351s][info][gc,start    ] GC(203) Pause Young (Prepare Mixed) (G1 Evacuation Pause)
[89.352s][info][gc,task     ] GC(203) Using 2 workers of 2 for evacuation
[89.376s][info][gc,phases   ] GC(203)   Pre Evacuate Collection Set: 0.48ms
[89.376s][info][gc,phases   ] GC(203)   Merge Heap Roots: 0.44ms
[89.376s][info][gc,phases   ] GC(203)   Evacuate Collection Set: 23.24ms
[89.376s][info][gc,phases   ] GC(203)   Post Evacuate Collection Set: 0.50ms
[89.376s][info][gc,phases   ] GC(203)   Other: 0.09ms
[89.376s][info][gc,heap     ] GC(203) Eden regions: 61->0(61)
[89.376s][info][gc,heap     ] GC(203) Survivor regions: 5->5(9)
[89.376s][info][gc,heap     ] GC(203) Old regions: 847->847
[89.376s][info][gc,heap     ] GC(203) Humongous regions: 10->10
[89.376s][info][gc,metaspace] GC(203) Metaspace: 18164K(18368K)->18164K(18368K) NonClass: 15506K(15616K)->15506K(15616K) Class: 2658K(2752K)->2658K(2752K)
[89.376s][info][gc          ] GC(203) Pause Young (Prepare Mixed) (G1 Evacuation Pause) 922M->861M(978M) 24.925ms
[89.376s][info][gc,cpu      ] GC(203) User=0.05s Sys=0.00s Real=0.02s
[89.432s][info][gc,start    ] GC(204) Pause Young (Mixed) (G1 Evacuation Pause)
[89.432s][info][gc,task     ] GC(204) Using 2 workers of 2 for evacuation
[89.488s][info][gc,phases   ] GC(204)   Pre Evacuate Collection Set: 0.30ms
[89.488s][info][gc,phases   ] GC(204)   Merge Heap Roots: 0.91ms
[89.488s][info][gc,phases   ] GC(204)   Evacuate Collection Set: 54.03ms
[89.488s][info][gc,phases   ] GC(204)   Post Evacuate Collection Set: 0.62ms
[89.488s][info][gc,phases   ] GC(204)   Other: 0.07ms
[89.488s][info][gc,heap     ] GC(204) Eden regions: 61->0(110)
[89.488s][info][gc,heap     ] GC(204) Survivor regions: 5->8(9)
[89.488s][info][gc,heap     ] GC(204) Old regions: 847->775
[89.488s][info][gc,heap     ] GC(204) Humongous regions: 10->10
[89.488s][info][gc,metaspace] GC(204) Metaspace: 18164K(18368K)->18164K(18368K) NonClass: 15506K(15616K)->15506K(15616K) Class: 2658K(2752K)->2658K(2752K)
[89.488s][info][gc          ] GC(204) Pause Young (Mixed) (G1 Evacuation Pause) 922M->792M(978M) 56.141ms
[89.488s][info][gc,cpu      ] GC(204) User=0.11s Sys=0.00s Real=0.06s
[89.539s][info][gc,start    ] GC(205) Pause Young (Mixed) (G1 Evacuation Pause)
[89.539s][info][gc,task     ] GC(205) Using 2 workers of 2 for evacuation
[89.736s][info][gc,phases   ] GC(205)   Pre Evacuate Collection Set: 0.25ms
[89.737s][info][gc,phases   ] GC(205)   Merge Heap Roots: 0.81ms
[89.737s][info][gc,phases   ] GC(205)   Evacuate Collection Set: 194.69ms
[89.737s][info][gc,phases   ] GC(205)   Post Evacuate Collection Set: 1.17ms
[89.737s][info][gc,phases   ] GC(205)   Other: 0.08ms
[89.737s][info][gc,heap     ] GC(205) Eden regions: 59->0(126)
[89.737s][info][gc,heap     ] GC(205) Survivor regions: 8->7(9)
[89.737s][info][gc,heap     ] GC(205) Old regions: 775->778
[89.737s][info][gc,heap     ] GC(205) Humongous regions: 10->10
[89.737s][info][gc,metaspace] GC(205) Metaspace: 18164K(18368K)->18164K(18368K) NonClass: 15506K(15616K)->15506K(15616K) Class: 2658K(2752K)->2658K(2752K)
[89.737s][info][gc          ] GC(205) Pause Young (Mixed) (G1 Evacuation Pause) 851M->794M(978M) 197.227ms
[89.737s][info][gc,cpu      ] GC(205) User=0.39s Sys=0.00s Real=0.19s
[90.058s][info][gc,start    ] GC(206) Pause Young (Concurrent Start) (G1 Evacuation Pause)
[90.058s][info][gc,task     ] GC(206) Using 2 workers of 2 for evacuation
[90.071s][info][gc,phases   ] GC(206)   Pre Evacuate Collection Set: 0.30ms
[90.072s][info][gc,phases   ] GC(206)   Merge Heap Roots: 0.15ms
[90.072s][info][gc,phases   ] GC(206)   Evacuate Collection Set: 12.43ms
[90.072s][info][gc,phases   ] GC(206)   Post Evacuate Collection Set: 0.35ms
[90.072s][info][gc,phases   ] GC(206)   Other: 0.09ms
[90.072s][info][gc,heap     ] GC(206) Eden regions: 126->0(124)
[90.072s][info][gc,heap     ] GC(206) Survivor regions: 7->8(17)
[90.072s][info][gc,heap     ] GC(206) Old regions: 778->778
[90.072s][info][gc,heap     ] GC(206) Humongous regions: 10->10
[90.072s][info][gc,metaspace] GC(206) Metaspace: 18166K(18368K)->18166K(18368K) NonClass: 15508K(15616K)->15508K(15616K) Class: 2658K(2752K)->2658K(2752K)
[90.072s][info][gc          ] GC(206) Pause Young (Concurrent Start) (G1 Evacuation Pause) 920M->795M(978M) 13.603ms
[90.072s][info][gc,cpu      ] GC(206) User=0.02s Sys=0.00s Real=0.01s
[90.072s][info][gc          ] GC(207) Concurrent Mark Cycle
[90.072s][info][gc,marking  ] GC(207) Concurrent Scan Root Regions
[90.091s][info][gc,marking  ] GC(207) Concurrent Scan Root Regions 19.388ms
[90.091s][info][gc,marking  ] GC(207) Concurrent Mark
[90.091s][info][gc,marking  ] GC(207) Concurrent Mark From Roots
[90.091s][info][gc,task     ] GC(207) Using 1 workers of 1 for marking
[90.552s][info][gc,start    ] GC(208) Pause Young (Normal) (G1 Evacuation Pause)
[90.552s][info][gc,task     ] GC(208) Using 2 workers of 2 for evacuation
[90.590s][info][gc,phases   ] GC(208)   Pre Evacuate Collection Set: 0.28ms
[90.590s][info][gc,phases   ] GC(208)   Merge Heap Roots: 0.23ms
[90.590s][info][gc,phases   ] GC(208)   Evacuate Collection Set: 36.72ms
[90.590s][info][gc,phases   ] GC(208)   Post Evacuate Collection Set: 0.33ms
[90.590s][info][gc,phases   ] GC(208)   Other: 0.08ms
[90.590s][info][gc,heap     ] GC(208) Eden regions: 124->0(87)
[90.590s][info][gc,heap     ] GC(208) Survivor regions: 8->17(17)
[90.590s][info][gc,heap     ] GC(208) Old regions: 778->797
[90.590s][info][gc,heap     ] GC(208) Humongous regions: 10->10
[90.590s][info][gc,metaspace] GC(208) Metaspace: 18166K(18368K)->18166K(18368K) NonClass: 15508K(15616K)->15508K(15616K) Class: 2658K(2752K)->2658K(2752K)
[90.590s][info][gc          ] GC(208) Pause Young (Normal) (G1 Evacuation Pause) 919M->824M(978M) 37.852ms
[90.590s][info][gc,cpu      ] GC(208) User=0.07s Sys=0.00s Real=0.04s
[90.742s][info][gc,start    ] GC(209) Pause Young (Normal) (G1 Evacuation Pause)
[90.742s][info][gc,task     ] GC(209) Using 2 workers of 2 for evacuation
[90.790s][info][gc,phases   ] GC(209)   Pre Evacuate Collection Set: 0.29ms
[90.790s][info][gc,phases   ] GC(209)   Merge Heap Roots: 0.13ms
[90.790s][info][gc,phases   ] GC(209)   Evacuate Collection Set: 47.16ms
[90.790s][info][gc,phases   ] GC(209)   Post Evacuate Collection Set: 0.41ms
[90.790s][info][gc,phases   ] GC(209)   Other: 0.09ms
[90.790s][info][gc,heap     ] GC(209) Eden regions: 87->0(58)
[90.790s][info][gc,heap     ] GC(209) Survivor regions: 17->13(13)
[90.790s][info][gc,heap     ] GC(209) Old regions: 797->834
[90.790s][info][gc,heap     ] GC(209) Humongous regions: 10->10
[90.790s][info][gc,metaspace] GC(209) Metaspace: 18166K(18368K)->18166K(18368K) NonClass: 15508K(15616K)->15508K(15616K) Class: 2658K(2752K)->2658K(2752K)
[90.790s][info][gc          ] GC(209) Pause Young (Normal) (G1 Evacuation Pause) 911M->857M(978M) 48.298ms
[90.790s][info][gc,cpu      ] GC(209) User=0.09s Sys=0.00s Real=0.05s
[90.855s][info][gc,marking  ] GC(207) Concurrent Mark From Roots 763.760ms
[90.855s][info][gc,marking  ] GC(207) Concurrent Preclean
[90.855s][info][gc,marking  ] GC(207) Concurrent Preclean 0.030ms
[90.857s][info][gc,start    ] GC(207) Pause Remark
[90.866s][info][gc          ] GC(207) Pause Remark 872M->510M(978M) 9.442ms
[90.867s][info][gc,cpu      ] GC(207) User=0.02s Sys=0.00s Real=0.00s
[90.869s][info][gc,marking  ] GC(207) Concurrent Mark 777.792ms
[90.869s][info][gc,marking  ] GC(207) Concurrent Rebuild Remembered Sets and Scrub Regions
[91.031s][info][gc,start    ] GC(210) Pause Young (Normal) (G1 Evacuation Pause)
[91.031s][info][gc,task     ] GC(210) Using 2 workers of 2 for evacuation
[91.067s][info][gc,phases   ] GC(210)   Pre Evacuate Collection Set: 0.48ms
[91.068s][info][gc,phases   ] GC(210)   Merge Heap Roots: 0.52ms
[91.068s][info][gc,phases   ] GC(210)   Evacuate Collection Set: 34.68ms
[91.068s][info][gc,phases   ] GC(210)   Post Evacuate Collection Set: 0.51ms
[91.068s][info][gc,phases   ] GC(210)   Other: 0.09ms
[91.068s][info][gc,heap     ] GC(210) Eden regions: 58->0(355)
[91.068s][info][gc,heap     ] GC(210) Survivor regions: 13->9(9)
[91.068s][info][gc,heap     ] GC(210) Old regions: 479->496
[91.068s][info][gc,heap     ] GC(210) Humongous regions: 4->4
[91.068s][info][gc,metaspace] GC(210) Metaspace: 18166K(18368K)->18166K(18368K) NonClass: 15508K(15616K)->15508K(15616K) Class: 2658K(2752K)->2658K(2752K)
[91.068s][info][gc          ] GC(210) Pause Young (Normal) (G1 Evacuation Pause) 554M->508M(978M) 36.532ms
[91.068s][info][gc,cpu      ] GC(210) User=0.06s Sys=0.00s Real=0.04s
[91.191s][info][gc,marking  ] GC(207) Concurrent Rebuild Remembered Sets and Scrub Regions 321.852ms
[91.191s][info][gc,start    ] GC(207) Pause Cleanup
[91.191s][info][gc          ] GC(207) Pause Cleanup 593M->593M(978M) 0.204ms
[91.191s][info][gc,cpu      ] GC(207) User=0.00s Sys=0.00s Real=0.00s
[91.192s][info][gc,marking  ] GC(207) Concurrent Clear Claimed Marks
[91.192s][info][gc,marking  ] GC(207) Concurrent Clear Claimed Marks 0.061ms
[91.192s][info][gc,marking  ] GC(207) Concurrent Cleanup for Next Mark
[91.198s][info][gc,marking  ] GC(207) Concurrent Cleanup for Next Mark 5.882ms
[91.198s][info][gc          ] GC(207) Concurrent Mark Cycle 1126.437ms
[91.513s][info][gc,start    ] GC(211) Pause Young (Prepare Mixed) (G1 Evacuation Pause)
[91.513s][info][gc,task     ] GC(211) Using 2 workers of 2 for evacuation
[91.542s][info][gc,phases   ] GC(211)   Pre Evacuate Collection Set: 0.31ms
[91.542s][info][gc,phases   ] GC(211)   Merge Heap Roots: 0.38ms
[91.542s][info][gc,phases   ] GC(211)   Evacuate Collection Set: 27.86ms
[91.542s][info][gc,phases   ] GC(211)   Post Evacuate Collection Set: 0.65ms
[91.542s][info][gc,phases   ] GC(211)   Other: 0.09ms
[91.542s][info][gc,heap     ] GC(211) Eden regions: 355->0(127)
[91.542s][info][gc,heap     ] GC(211) Survivor regions: 9->17(46)
[91.542s][info][gc,heap     ] GC(211) Old regions: 496->496
[91.542s][info][gc,heap     ] GC(211) Humongous regions: 4->4
[91.542s][info][gc,metaspace] GC(211) Metaspace: 18167K(18368K)->18167K(18368K) NonClass: 15509K(15616K)->15509K(15616K) Class: 2658K(2752K)->2658K(2752K)
[91.542s][info][gc          ] GC(211) Pause Young (Prepare Mixed) (G1 Evacuation Pause) 863M->516M(978M) 29.539ms
[91.542s][info][gc,cpu      ] GC(211) User=0.05s Sys=0.00s Real=0.03s
[91.848s][info][gc,start    ] GC(212) Pause Young (Mixed) (G1 Evacuation Pause)
[91.848s][info][gc,task     ] GC(212) Using 2 workers of 2 for evacuation
[91.905s][info][gc,phases   ] GC(212)   Pre Evacuate Collection Set: 0.32ms
[91.905s][info][gc,phases   ] GC(212)   Merge Heap Roots: 0.37ms
[91.905s][info][gc,phases   ] GC(212)   Evacuate Collection Set: 55.06ms
[91.905s][info][gc,phases   ] GC(212)   Post Evacuate Collection Set: 0.46ms
[91.905s][info][gc,phases   ] GC(212)   Other: 0.09ms
[91.905s][info][gc,heap     ] GC(212) Eden regions: 178->0(70)
[91.905s][info][gc,heap     ] GC(212) Survivor regions: 17->25(25)
[91.905s][info][gc,heap     ] GC(212) Old regions: 496->498
[91.905s][info][gc,heap     ] GC(212) Humongous regions: 4->4
[91.905s][info][gc,metaspace] GC(212) Metaspace: 18167K(18368K)->18167K(18368K) NonClass: 15509K(15616K)->15509K(15616K) Class: 2658K(2752K)->2658K(2752K)
[91.905s][info][gc          ] GC(212) Pause Young (Mixed) (G1 Evacuation Pause) 694M->526M(978M) 56.555ms
[91.905s][info][gc,cpu      ] GC(212) User=0.11s Sys=0.00s Real=0.05s
[92.166s][info][gc,start    ] GC(213) Pause Young (Mixed) (G1 Evacuation Pause)
[92.166s][info][gc,task     ] GC(213) Using 2 workers of 2 for evacuation
[92.239s][info][gc,phases   ] GC(213)   Pre Evacuate Collection Set: 0.54ms
[92.240s][info][gc,phases   ] GC(213)   Merge Heap Roots: 0.18ms
[92.240s][info][gc,phases   ] GC(213)   Evacuate Collection Set: 72.19ms
[92.240s][info][gc,phases   ] GC(213)   Post Evacuate Collection Set: 0.55ms
[92.240s][info][gc,phases   ] GC(213)   Other: 0.12ms
[92.240s][info][gc,heap     ] GC(213) Eden regions: 147->0(117)
[92.240s][info][gc,heap     ] GC(213) Survivor regions: 25->22(22)
[92.240s][info][gc,heap     ] GC(213) Old regions: 498->523
[92.240s][info][gc,heap     ] GC(213) Humongous regions: 5->5
[92.240s][info][gc,metaspace] GC(213) Metaspace: 18167K(18368K)->18167K(18368K) NonClass: 15509K(15616K)->15509K(15616K) Class: 2658K(2752K)->2658K(2752K)
[92.240s][info][gc          ] GC(213) Pause Young (Mixed) (G1 Evacuation Pause) 674M->550M(978M) 73.839ms
[92.240s][info][gc,cpu      ] GC(213) User=0.15s Sys=0.00s Real=0.08s
[92.348s][info][gc,start    ] GC(214) Pause Young (Mixed) (G1 Evacuation Pause)
[92.348s][info][gc,task     ] GC(214) Using 2 workers of 2 for evacuation
[92.386s][info][gc,phases   ] GC(214)   Pre Evacuate Collection Set: 0.30ms
[92.386s][info][gc,phases   ] GC(214)   Merge Heap Roots: 0.32ms
[92.386s][info][gc,phases   ] GC(214)   Evacuate Collection Set: 37.25ms
[92.386s][info][gc,phases   ] GC(214)   Post Evacuate Collection Set: 0.43ms
[92.386s][info][gc,phases   ] GC(214)   Other: 0.10ms
[92.386s][info][gc,heap     ] GC(214) Eden regions: 129->0(321)
[92.386s][info][gc,heap     ] GC(214) Survivor regions: 22->13(19)
[92.386s][info][gc,heap     ] GC(214) Old regions: 523->525
[92.386s][info][gc,heap     ] GC(214) Humongous regions: 5->5
[92.387s][info][gc,metaspace] GC(214) Metaspace: 18167K(18368K)->18167K(18368K) NonClass: 15509K(15616K)->15509K(15616K) Class: 2658K(2752K)->2658K(2752K)
[92.387s][info][gc          ] GC(214) Pause Young (Mixed) (G1 Evacuation Pause) 679M->542M(978M) 38.668ms
[92.387s][info][gc,cpu      ] GC(214) User=0.08s Sys=0.01s Real=0.03s
[92.728s][info][gc,start    ] GC(215) Pause Young (Mixed) (G1 Evacuation Pause)
[92.728s][info][gc,task     ] GC(215) Using 2 workers of 2 for evacuation
[92.827s][info][gc,phases   ] GC(215)   Pre Evacuate Collection Set: 0.37ms
[92.827s][info][gc,phases   ] GC(215)   Merge Heap Roots: 0.44ms
[92.827s][info][gc,phases   ] GC(215)   Evacuate Collection Set: 97.23ms
[92.827s][info][gc,phases   ] GC(215)   Post Evacuate Collection Set: 0.69ms
[92.827s][info][gc,phases   ] GC(215)   Other: 0.09ms
[92.827s][info][gc,heap     ] GC(215) Eden regions: 321->0(207)
[92.827s][info][gc,heap     ] GC(215) Survivor regions: 13->42(42)
[92.827s][info][gc,heap     ] GC(215) Old regions: 525->481
[92.827s][info][gc,heap     ] GC(215) Humongous regions: 5->5
[92.827s][info][gc,metaspace] GC(215) Metaspace: 18172K(18368K)->18172K(18368K) NonClass: 15514K(15616K)->15514K(15616K) Class: 2658K(2752K)->2658K(2752K)
[92.827s][info][gc          ] GC(215) Pause Young (Mixed) (G1 Evacuation Pause) 863M->528M(978M) 99.086ms
[92.827s][info][gc,cpu      ] GC(215) User=0.19s Sys=0.00s Real=0.09s
[93.065s][info][gc,start    ] GC(216) Pause Young (Mixed) (G1 Evacuation Pause)
[93.065s][info][gc,task     ] GC(216) Using 2 workers of 2 for evacuation
[93.148s][info][gc,phases   ] GC(216)   Pre Evacuate Collection Set: 0.52ms
[93.148s][info][gc,phases   ] GC(216)   Merge Heap Roots: 0.35ms
[93.148s][info][gc,phases   ] GC(216)   Evacuate Collection Set: 80.94ms
[93.148s][info][gc,phases   ] GC(216)   Post Evacuate Collection Set: 0.52ms
[93.148s][info][gc,phases   ] GC(216)   Other: 0.09ms
[93.148s][info][gc,heap     ] GC(216) Eden regions: 225->0(264)
[93.148s][info][gc,heap     ] GC(216) Survivor regions: 42->34(34)
[93.148s][info][gc,heap     ] GC(216) Old regions: 481->530
[93.148s][info][gc,heap     ] GC(216) Humongous regions: 5->5
[93.148s][info][gc,metaspace] GC(216) Metaspace: 18173K(18368K)->18173K(18368K) NonClass: 15515K(15616K)->15515K(15616K) Class: 2658K(2752K)->2658K(2752K)
[93.148s][info][gc          ] GC(216) Pause Young (Mixed) (G1 Evacuation Pause) 753M->569M(978M) 82.682ms
[93.148s][info][gc,cpu      ] GC(216) User=0.16s Sys=0.00s Real=0.09s
[93.331s][info][gc,start    ] GC(217) Pause Young (Concurrent Start) (G1 Evacuation Pause)
[93.331s][info][gc,task     ] GC(217) Using 2 workers of 2 for evacuation
[93.483s][info][gc,phases   ] GC(217)   Pre Evacuate Collection Set: 0.42ms
[93.483s][info][gc,phases   ] GC(217)   Merge Heap Roots: 0.31ms
[93.483s][info][gc,phases   ] GC(217)   Evacuate Collection Set: 147.17ms
[93.483s][info][gc,phases   ] GC(217)   Post Evacuate Collection Set: 3.47ms
[93.483s][info][gc,phases   ] GC(217)   Other: 0.18ms
[93.483s][info][gc,heap     ] GC(217) Eden regions: 264->0(154)
[93.483s][info][gc,heap     ] GC(217) Survivor regions: 34->38(38)
[93.483s][info][gc,heap     ] GC(217) Old regions: 530->674
[93.483s][info][gc,heap     ] GC(217) Humongous regions: 5->5
[93.483s][info][gc,metaspace] GC(217) Metaspace: 18174K(18368K)->18174K(18368K) NonClass: 15516K(15616K)->15516K(15616K) Class: 2658K(2752K)->2658K(2752K)
[93.483s][info][gc          ] GC(217) Pause Young (Concurrent Start) (G1 Evacuation Pause) (Evacuation Failure: Allocation) 833M->717M(978M) 151.852ms
[93.483s][info][gc          ] GC(218) Concurrent Mark Cycle
[93.483s][info][gc,marking  ] GC(218) Concurrent Scan Root Regions
[93.483s][info][gc,cpu      ] GC(217) User=0.30s Sys=0.00s Real=0.15s
[93.678s][info][gc,start    ] GC(219) Pause Young (Normal) (G1 Evacuation Pause)
[93.678s][info][gc,task     ] GC(219) Using 2 workers of 2 for evacuation
[93.697s][info][gc,marking  ] GC(218) Concurrent Scan Root Regions 214.199ms
[93.697s][info][gc,marking  ] GC(218) Concurrent Mark
[93.697s][info][gc,marking  ] GC(218) Concurrent Mark From Roots
[93.697s][info][gc,task     ] GC(218) Using 1 workers of 1 for marking
[93.778s][info][gc,phases   ] GC(219)   Pre Evacuate Collection Set: 0.56ms
[93.778s][info][gc,phases   ] GC(219)   Merge Heap Roots: 0.83ms
[93.778s][info][gc,phases   ] GC(219)   Evacuate Collection Set: 78.17ms
[93.778s][info][gc,phases   ] GC(219)   Post Evacuate Collection Set: 0.48ms
[93.778s][info][gc,phases   ] GC(219)   Other: 0.10ms
[93.778s][info][gc,heap     ] GC(219) Eden regions: 154->0(159)
[93.778s][info][gc,heap     ] GC(219) Survivor regions: 38->24(24)
[93.778s][info][gc,heap     ] GC(219) Old regions: 674->687
[93.778s][info][gc,heap     ] GC(219) Humongous regions: 5->5
[93.778s][info][gc,metaspace] GC(219) Metaspace: 18180K(18368K)->18180K(18368K) NonClass: 15521K(15616K)->15521K(15616K) Class: 2658K(2752K)->2658K(2752K)
[93.778s][info][gc          ] GC(219) Pause Young (Normal) (G1 Evacuation Pause) 871M->716M(978M) 99.726ms
[93.778s][info][gc,cpu      ] GC(219) User=0.17s Sys=0.00s Real=0.10s
[94.042s][info][gc,marking  ] GC(218) Concurrent Mark From Roots 344.448ms
[94.042s][info][gc,marking  ] GC(218) Concurrent Preclean
[94.042s][info][gc,marking  ] GC(218) Concurrent Preclean 0.035ms
[94.042s][info][gc,start    ] GC(218) Pause Remark
[94.049s][info][gc          ] GC(218) Pause Remark 830M->475M(978M) 7.253ms
[94.050s][info][gc,cpu      ] GC(218) User=0.01s Sys=0.00s Real=0.01s
[94.050s][info][gc,marking  ] GC(218) Concurrent Mark 352.855ms
[94.050s][info][gc,marking  ] GC(218) Concurrent Rebuild Remembered Sets and Scrub Regions
[94.089s][info][gc,start    ] GC(220) Pause Young (Normal) (G1 Evacuation Pause)
[94.089s][info][gc,task     ] GC(220) Using 2 workers of 2 for evacuation
[94.159s][info][gc,phases   ] GC(220)   Pre Evacuate Collection Set: 0.24ms
[94.159s][info][gc,phases   ] GC(220)   Merge Heap Roots: 0.43ms
[94.159s][info][gc,phases   ] GC(220)   Evacuate Collection Set: 68.44ms
[94.159s][info][gc,phases   ] GC(220)   Post Evacuate Collection Set: 0.48ms
[94.159s][info][gc,phases   ] GC(220)   Other: 0.11ms
[94.159s][info][gc,heap     ] GC(220) Eden regions: 159->0(327)
[94.159s][info][gc,heap     ] GC(220) Survivor regions: 24->23(23)
[94.159s][info][gc,heap     ] GC(220) Old regions: 336->367
[94.159s][info][gc,heap     ] GC(220) Humongous regions: 4->4
[94.159s][info][gc,metaspace] GC(220) Metaspace: 18180K(18368K)->18180K(18368K) NonClass: 15521K(15616K)->15521K(15616K) Class: 2658K(2752K)->2658K(2752K)
[94.159s][info][gc          ] GC(220) Pause Young (Normal) (G1 Evacuation Pause) 523M->393M(978M) 69.930ms
[94.159s][info][gc,cpu      ] GC(220) User=0.14s Sys=0.00s Real=0.07s
[94.324s][info][gc,marking  ] GC(218) Concurrent Rebuild Remembered Sets and Scrub Regions 273.289ms
[94.325s][info][gc,start    ] GC(218) Pause Cleanup
[94.325s][info][gc          ] GC(218) Pause Cleanup 530M->530M(978M) 0.158ms
[94.325s][info][gc,cpu      ] GC(218) User=0.00s Sys=0.00s Real=0.00s
[94.325s][info][gc,marking  ] GC(218) Concurrent Clear Claimed Marks
[94.325s][info][gc,marking  ] GC(218) Concurrent Clear Claimed Marks 0.058ms
[94.325s][info][gc,marking  ] GC(218) Concurrent Cleanup for Next Mark
[94.330s][info][gc,marking  ] GC(218) Concurrent Cleanup for Next Mark 4.887ms
[94.330s][info][gc          ] GC(218) Concurrent Mark Cycle 846.915ms
[94.484s][info][gc,start    ] GC(221) Pause Young (Prepare Mixed) (G1 Evacuation Pause)
[94.484s][info][gc,task     ] GC(221) Using 2 workers of 2 for evacuation
[94.585s][info][gc,phases   ] GC(221)   Pre Evacuate Collection Set: 0.29ms
[94.585s][info][gc,phases   ] GC(221)   Merge Heap Roots: 0.77ms
[94.585s][info][gc,phases   ] GC(221)   Evacuate Collection Set: 99.07ms
[94.585s][info][gc,phases   ] GC(221)   Post Evacuate Collection Set: 0.61ms
[94.585s][info][gc,phases   ] GC(221)   Other: 0.08ms
[94.585s][info][gc,heap     ] GC(221) Eden regions: 327->0(197)
[94.585s][info][gc,heap     ] GC(221) Survivor regions: 23->44(44)
[94.585s][info][gc,heap     ] GC(221) Old regions: 367->395
[94.585s][info][gc,heap     ] GC(221) Humongous regions: 7->7
[94.585s][info][gc,metaspace] GC(221) Metaspace: 18180K(18368K)->18180K(18368K) NonClass: 15521K(15616K)->15521K(15616K) Class: 2658K(2752K)->2658K(2752K)
[94.585s][info][gc          ] GC(221) Pause Young (Prepare Mixed) (G1 Evacuation Pause) 723M->445M(978M) 101.069ms
[94.585s][info][gc,cpu      ] GC(221) User=0.20s Sys=0.00s Real=0.10s
[94.750s][info][gc,start    ] GC(222) Pause Young (Mixed) (G1 Evacuation Pause)
[94.750s][info][gc,task     ] GC(222) Using 2 workers of 2 for evacuation
[94.824s][info][gc,phases   ] GC(222)   Pre Evacuate Collection Set: 0.31ms
[94.824s][info][gc,phases   ] GC(222)   Merge Heap Roots: 0.30ms
[94.824s][info][gc,phases   ] GC(222)   Evacuate Collection Set: 72.70ms
[94.824s][info][gc,phases   ] GC(222)   Post Evacuate Collection Set: 0.43ms
[94.824s][info][gc,phases   ] GC(222)   Other: 0.07ms
[94.824s][info][gc,heap     ] GC(222) Eden regions: 198->0(308)
[94.824s][info][gc,heap     ] GC(222) Survivor regions: 44->19(31)
[94.824s][info][gc,heap     ] GC(222) Old regions: 395->431
[94.824s][info][gc,heap     ] GC(222) Humongous regions: 7->7
[94.824s][info][gc,metaspace] GC(222) Metaspace: 18180K(18368K)->18180K(18368K) NonClass: 15521K(15616K)->15521K(15616K) Class: 2658K(2752K)->2658K(2752K)
[94.824s][info][gc          ] GC(222) Pause Young (Mixed) (G1 Evacuation Pause) 643M->457M(978M) 74.040ms
[94.824s][info][gc,cpu      ] GC(222) User=0.15s Sys=0.00s Real=0.07s
[95.060s][info][gc,start    ] GC(223) Pause Young (Mixed) (G1 Evacuation Pause)
[95.060s][info][gc,task     ] GC(223) Using 2 workers of 2 for evacuation
[95.100s][info][gc,phases   ] GC(223)   Pre Evacuate Collection Set: 0.29ms
[95.100s][info][gc,phases   ] GC(223)   Merge Heap Roots: 0.27ms
[95.100s][info][gc,phases   ] GC(223)   Evacuate Collection Set: 39.00ms
[95.100s][info][gc,phases   ] GC(223)   Merge Optional Heap Roots: 0.04ms
[95.100s][info][gc,phases   ] GC(223)   Evacuate Optional Collection Set: 0.32ms
[95.100s][info][gc,phases   ] GC(223)   Post Evacuate Collection Set: 0.63ms
[95.100s][info][gc,phases   ] GC(223)   Other: 0.08ms
[95.100s][info][gc,heap     ] GC(223) Eden regions: 313->0(354)
[95.100s][info][gc,heap     ] GC(223) Survivor regions: 19->34(42)
[95.100s][info][gc,heap     ] GC(223) Old regions: 431->382
[95.100s][info][gc,heap     ] GC(223) Humongous regions: 7->7
[95.100s][info][gc,metaspace] GC(223) Metaspace: 18185K(18368K)->18185K(18368K) NonClass: 15527K(15616K)->15527K(15616K) Class: 2658K(2752K)->2658K(2752K)
[95.100s][info][gc          ] GC(223) Pause Young (Mixed) (G1 Evacuation Pause) 770M->423M(978M) 40.814ms
[95.100s][info][gc,cpu      ] GC(223) User=0.08s Sys=0.00s Real=0.04s
[95.775s][info][gc,start    ] GC(224) Pause Young (Concurrent Start) (G1 Evacuation Pause)
[95.775s][info][gc,task     ] GC(224) Using 2 workers of 2 for evacuation
[95.855s][info][gc,phases   ] GC(224)   Pre Evacuate Collection Set: 0.30ms
[95.855s][info][gc,phases   ] GC(224)   Merge Heap Roots: 0.38ms
[95.855s][info][gc,phases   ] GC(224)   Evacuate Collection Set: 79.05ms
[95.855s][info][gc,phases   ] GC(224)   Post Evacuate Collection Set: 0.61ms
[95.855s][info][gc,phases   ] GC(224)   Other: 0.11ms
[95.855s][info][gc,heap     ] GC(224) Eden regions: 354->0(342)
[95.855s][info][gc,heap     ] GC(224) Survivor regions: 34->49(49)
[95.855s][info][gc,heap     ] GC(224) Old regions: 382->405
[95.855s][info][gc,heap     ] GC(224) Humongous regions: 7->7
[95.855s][info][gc,metaspace] GC(224) Metaspace: 18201K(18432K)->18201K(18432K) NonClass: 15543K(15680K)->15543K(15680K) Class: 2658K(2752K)->2658K(2752K)
[95.855s][info][gc          ] GC(224) Pause Young (Concurrent Start) (G1 Evacuation Pause) 777M->460M(978M) 80.672ms
[95.855s][info][gc,cpu      ] GC(224) User=0.16s Sys=0.00s Real=0.08s
[95.856s][info][gc          ] GC(225) Concurrent Mark Cycle
[95.856s][info][gc,marking  ] GC(225) Concurrent Scan Root Regions
[95.994s][info][gc,marking  ] GC(225) Concurrent Scan Root Regions 138.639ms
[95.994s][info][gc,marking  ] GC(225) Concurrent Mark
[95.994s][info][gc,marking  ] GC(225) Concurrent Mark From Roots
[95.994s][info][gc,task     ] GC(225) Using 1 workers of 1 for marking
[96.590s][info][gc,marking  ] GC(225) Concurrent Mark From Roots 595.548ms
[96.590s][info][gc,marking  ] GC(225) Concurrent Preclean
[96.590s][info][gc,marking  ] GC(225) Concurrent Preclean 0.031ms
[96.590s][info][gc,start    ] GC(225) Pause Remark
[96.597s][info][gc          ] GC(225) Pause Remark 639M->563M(978M) 6.840ms
[96.597s][info][gc,cpu      ] GC(225) User=0.02s Sys=0.00s Real=0.01s
[96.600s][info][gc,marking  ] GC(225) Concurrent Mark 605.751ms
[96.600s][info][gc,marking  ] GC(225) Concurrent Rebuild Remembered Sets and Scrub Regions
[96.845s][info][gc,marking  ] GC(225) Concurrent Rebuild Remembered Sets and Scrub Regions 245.023ms
[96.845s][info][gc,start    ] GC(225) Pause Cleanup
[96.846s][info][gc          ] GC(225) Pause Cleanup 640M->640M(978M) 0.128ms
[96.846s][info][gc,cpu      ] GC(225) User=0.00s Sys=0.00s Real=0.00s
[96.846s][info][gc,marking  ] GC(225) Concurrent Clear Claimed Marks
[96.846s][info][gc,marking  ] GC(225) Concurrent Clear Claimed Marks 0.034ms
[96.846s][info][gc,marking  ] GC(225) Concurrent Cleanup for Next Mark
[96.848s][info][gc,marking  ] GC(225) Concurrent Cleanup for Next Mark 2.828ms
[96.849s][info][gc          ] GC(225) Concurrent Mark Cycle 993.099ms
[97.037s][info][gc,start    ] GC(226) Pause Young (Prepare Mixed) (G1 Evacuation Pause)
[97.038s][info][gc,task     ] GC(226) Using 2 workers of 2 for evacuation
[97.090s][info][gc,phases   ] GC(226)   Pre Evacuate Collection Set: 0.54ms
[97.090s][info][gc,phases   ] GC(226)   Merge Heap Roots: 0.43ms
[97.090s][info][gc,phases   ] GC(226)   Evacuate Collection Set: 51.24ms
[97.090s][info][gc,phases   ] GC(226)   Post Evacuate Collection Set: 0.54ms
[97.090s][info][gc,phases   ] GC(226)   Other: 0.10ms
[97.090s][info][gc,heap     ] GC(226) Eden regions: 342->0(423)
[97.090s][info][gc,heap     ] GC(226) Survivor regions: 49->1(49)
[97.090s][info][gc,heap     ] GC(226) Old regions: 332->381
[97.090s][info][gc,heap     ] GC(226) Humongous regions: 4->4
[97.090s][info][gc,metaspace] GC(226) Metaspace: 18211K(18432K)->18211K(18432K) NonClass: 15552K(15680K)->15552K(15680K) Class: 2658K(2752K)->2658K(2752K)
[97.090s][info][gc          ] GC(226) Pause Young (Prepare Mixed) (G1 Evacuation Pause) 726M->386M(978M) 53.052ms
[97.091s][info][gc,cpu      ] GC(226) User=0.11s Sys=0.00s Real=0.05s
[97.838s][info][gc,start    ] GC(227) Pause Young (Mixed) (G1 Evacuation Pause)
[97.838s][info][gc,task     ] GC(227) Using 2 workers of 2 for evacuation
[97.900s][info][gc,phases   ] GC(227)   Pre Evacuate Collection Set: 0.29ms
[97.900s][info][gc,phases   ] GC(227)   Merge Heap Roots: 0.50ms
[97.900s][info][gc,phases   ] GC(227)   Evacuate Collection Set: 59.98ms
[97.900s][info][gc,phases   ] GC(227)   Post Evacuate Collection Set: 0.65ms
[97.900s][info][gc,phases   ] GC(227)   Other: 0.09ms
[97.900s][info][gc,heap     ] GC(227) Eden regions: 423->0(400)
[97.900s][info][gc,heap     ] GC(227) Survivor regions: 1->53(53)
[97.900s][info][gc,heap     ] GC(227) Old regions: 381->352
[97.900s][info][gc,heap     ] GC(227) Humongous regions: 4->4
[97.900s][info][gc,metaspace] GC(227) Metaspace: 18216K(18432K)->18216K(18432K) NonClass: 15558K(15680K)->15558K(15680K) Class: 2658K(2752K)->2658K(2752K)
[97.900s][info][gc          ] GC(227) Pause Young (Mixed) (G1 Evacuation Pause) 809M->409M(978M) 61.727ms
[97.900s][info][gc,cpu      ] GC(227) User=0.12s Sys=0.00s Real=0.06s
[98.242s][info][gc,start    ] GC(228) Pause Young (Concurrent Start) (G1 Humongous Allocation)
[98.242s][info][gc,task     ] GC(228) Using 2 workers of 2 for evacuation
[98.363s][info][gc,phases   ] GC(228)   Pre Evacuate Collection Set: 0.28ms
[98.363s][info][gc,phases   ] GC(228)   Merge Heap Roots: 0.18ms
[98.363s][info][gc,phases   ] GC(228)   Evacuate Collection Set: 119.37ms
[98.363s][info][gc,phases   ] GC(228)   Post Evacuate Collection Set: 0.80ms
[98.363s][info][gc,phases   ] GC(228)   Other: 0.12ms
[98.363s][info][gc,heap     ] GC(228) Eden regions: 369->0(333)
[98.363s][info][gc,heap     ] GC(228) Survivor regions: 53->57(57)
[98.363s][info][gc,heap     ] GC(228) Old regions: 352->423
[98.363s][info][gc,heap     ] GC(228) Humongous regions: 4->4
[98.363s][info][gc,metaspace] GC(228) Metaspace: 18221K(18432K)->18221K(18432K) NonClass: 15563K(15680K)->15563K(15680K) Class: 2658K(2752K)->2658K(2752K)
[98.363s][info][gc          ] GC(228) Pause Young (Concurrent Start) (G1 Humongous Allocation) 778M->484M(978M) 121.011ms
[98.363s][info][gc,cpu      ] GC(228) User=0.24s Sys=0.00s Real=0.12s
[98.363s][info][gc          ] GC(229) Concurrent Mark Cycle
[98.363s][info][gc,marking  ] GC(229) Concurrent Scan Root Regions
[98.492s][info][gc,marking  ] GC(229) Concurrent Scan Root Regions 128.373ms
[98.492s][info][gc,marking  ] GC(229) Concurrent Mark
[98.492s][info][gc,marking  ] GC(229) Concurrent Mark From Roots
[98.492s][info][gc,task     ] GC(229) Using 1 workers of 1 for marking
[98.816s][info][gc,start    ] GC(230) Pause Young (Normal) (G1 Evacuation Pause)
[98.816s][info][gc,task     ] GC(230) Using 2 workers of 2 for evacuation
[98.934s][info][gc,phases   ] GC(230)   Pre Evacuate Collection Set: 0.31ms
[98.934s][info][gc,phases   ] GC(230)   Merge Heap Roots: 0.82ms
[98.934s][info][gc,phases   ] GC(230)   Evacuate Collection Set: 116.21ms
[98.934s][info][gc,phases   ] GC(230)   Post Evacuate Collection Set: 0.69ms
[98.934s][info][gc,phases   ] GC(230)   Other: 0.12ms
[98.934s][info][gc,heap     ] GC(230) Eden regions: 333->0(308)
[98.934s][info][gc,heap     ] GC(230) Survivor regions: 57->41(49)
[98.934s][info][gc,heap     ] GC(230) Old regions: 423->481
[98.934s][info][gc,heap     ] GC(230) Humongous regions: 8->8
[98.934s][info][gc,metaspace] GC(230) Metaspace: 18221K(18432K)->18221K(18432K) NonClass: 15563K(15680K)->15563K(15680K) Class: 2658K(2752K)->2658K(2752K)
[98.934s][info][gc          ] GC(230) Pause Young (Normal) (G1 Evacuation Pause) 821M->529M(978M) 118.422ms
[98.934s][info][gc,cpu      ] GC(230) User=0.23s Sys=0.00s Real=0.12s
[99.307s][info][gc,start    ] GC(231) Pause Young (Normal) (G1 Evacuation Pause)
[99.307s][info][gc,task     ] GC(231) Using 2 workers of 2 for evacuation
[99.391s][info][gc,phases   ] GC(231)   Pre Evacuate Collection Set: 0.49ms
[99.391s][info][gc,phases   ] GC(231)   Merge Heap Roots: 0.52ms
[99.391s][info][gc,phases   ] GC(231)   Evacuate Collection Set: 82.39ms
[99.391s][info][gc,phases   ] GC(231)   Post Evacuate Collection Set: 0.54ms
[99.391s][info][gc,phases   ] GC(231)   Other: 0.08ms
[99.391s][info][gc,heap     ] GC(231) Eden regions: 308->0(295)
[99.391s][info][gc,heap     ] GC(231) Survivor regions: 41->29(44)
[99.391s][info][gc,heap     ] GC(231) Old regions: 481->521
[99.391s][info][gc,heap     ] GC(231) Humongous regions: 8->8
[99.391s][info][gc,metaspace] GC(231) Metaspace: 18231K(18432K)->18231K(18432K) NonClass: 15573K(15680K)->15573K(15680K) Class: 2658K(2752K)->2658K(2752K)
[99.391s][info][gc          ] GC(231) Pause Young (Normal) (G1 Evacuation Pause) 837M->558M(978M) 84.239ms
[99.391s][info][gc,cpu      ] GC(231) User=0.17s Sys=0.01s Real=0.09s
[99.598s][info][gc,marking  ] GC(229) Concurrent Mark From Roots 1106.626ms
[99.598s][info][gc,marking  ] GC(229) Concurrent Preclean
[99.598s][info][gc,marking  ] GC(229) Concurrent Preclean 0.042ms
[99.599s][info][gc,start    ] GC(229) Pause Remark
[99.606s][info][gc          ] GC(229) Pause Remark 725M->723M(978M) 7.018ms
[99.606s][info][gc,cpu      ] GC(229) User=0.01s Sys=0.00s Real=0.00s
[99.606s][info][gc,marking  ] GC(229) Concurrent Mark 1114.032ms
[99.606s][info][gc,marking  ] GC(229) Concurrent Rebuild Remembered Sets and Scrub Regions
[99.882s][info][gc,start    ] GC(232) Pause Young (Normal) (G1 Evacuation Pause)
[99.882s][info][gc,task     ] GC(232) Using 2 workers of 2 for evacuation
[99.938s][info][gc,phases   ] GC(232)   Pre Evacuate Collection Set: 0.32ms
[99.938s][info][gc,phases   ] GC(232)   Merge Heap Roots: 0.30ms
[99.938s][info][gc,phases   ] GC(232)   Evacuate Collection Set: 54.42ms
[99.938s][info][gc,phases   ] GC(232)   Post Evacuate Collection Set: 0.51ms
[99.938s][info][gc,phases   ] GC(232)   Other: 0.10ms
[99.938s][info][gc,heap     ] GC(232) Eden regions: 295->0(292)
[99.938s][info][gc,heap     ] GC(232) Survivor regions: 29->19(41)
[99.938s][info][gc,heap     ] GC(232) Old regions: 519->548
[99.938s][info][gc,heap     ] GC(232) Humongous regions: 8->8
[99.938s][info][gc,metaspace] GC(232) Metaspace: 18237K(18432K)->18237K(18432K) NonClass: 15579K(15680K)->15579K(15680K) Class: 2658K(2752K)->2658K(2752K)
[99.938s][info][gc          ] GC(232) Pause Young (Normal) (G1 Evacuation Pause) 851M->574M(978M) 55.901ms
[99.938s][info][gc,cpu      ] GC(232) User=0.11s Sys=0.00s Real=0.06s
[100.116s][info][gc,marking  ] GC(229) Concurrent Rebuild Remembered Sets and Scrub Regions 510.181ms
[100.116s][info][gc,start    ] GC(229) Pause Cleanup
[100.116s][info][gc          ] GC(229) Pause Cleanup 676M->676M(978M) 0.120ms
[100.116s][info][gc,cpu      ] GC(229) User=0.00s Sys=0.00s Real=0.00s
[100.116s][info][gc,marking  ] GC(229) Concurrent Clear Claimed Marks
[100.116s][info][gc,marking  ] GC(229) Concurrent Clear Claimed Marks 0.026ms
[100.116s][info][gc,marking  ] GC(229) Concurrent Cleanup for Next Mark
[100.119s][info][gc,marking  ] GC(229) Concurrent Cleanup for Next Mark 2.824ms
[100.119s][info][gc          ] GC(229) Concurrent Mark Cycle 1755.935ms
[100.492s][info][gc,start    ] GC(233) Pause Young (Prepare Mixed) (G1 Evacuation Pause)
[100.492s][info][gc,task     ] GC(233) Using 2 workers of 2 for evacuation
[100.552s][info][gc,phases   ] GC(233)   Pre Evacuate Collection Set: 0.32ms
[100.552s][info][gc,phases   ] GC(233)   Merge Heap Roots: 0.45ms
[100.552s][info][gc,phases   ] GC(233)   Evacuate Collection Set: 58.77ms
[100.552s][info][gc,phases   ] GC(233)   Post Evacuate Collection Set: 0.51ms
[100.552s][info][gc,phases   ] GC(233)   Other: 0.08ms
[100.552s][info][gc,heap     ] GC(233) Eden regions: 292->0(270)
[100.552s][info][gc,heap     ] GC(233) Survivor regions: 19->39(39)
[100.552s][info][gc,heap     ] GC(233) Old regions: 548->558
[100.552s][info][gc,heap     ] GC(233) Humongous regions: 8->8
[100.552s][info][gc,metaspace] GC(233) Metaspace: 18240K(18432K)->18240K(18432K) NonClass: 15582K(15680K)->15582K(15680K) Class: 2658K(2752K)->2658K(2752K)
[100.552s][info][gc          ] GC(233) Pause Young (Prepare Mixed) (G1 Evacuation Pause) 866M->605M(978M) 60.418ms
[100.552s][info][gc,cpu      ] GC(233) User=0.12s Sys=0.00s Real=0.06s
[100.886s][info][gc,start    ] GC(234) Pause Young (Mixed) (G1 Evacuation Pause)
[100.886s][info][gc,task     ] GC(234) Using 2 workers of 2 for evacuation
[100.971s][info][gc,phases   ] GC(234)   Pre Evacuate Collection Set: 0.31ms
[100.971s][info][gc,phases   ] GC(234)   Merge Heap Roots: 0.24ms
[100.971s][info][gc,phases   ] GC(234)   Evacuate Collection Set: 83.92ms
[100.971s][info][gc,phases   ] GC(234)   Post Evacuate Collection Set: 0.66ms
[100.971s][info][gc,phases   ] GC(234)   Other: 0.09ms
[100.971s][info][gc,heap     ] GC(234) Eden regions: 270->0(231)
[100.971s][info][gc,heap     ] GC(234) Survivor regions: 39->39(39)
[100.971s][info][gc,heap     ] GC(234) Old regions: 558->596
[100.971s][info][gc,heap     ] GC(234) Humongous regions: 8->8
[100.971s][info][gc,metaspace] GC(234) Metaspace: 18240K(18432K)->18240K(18432K) NonClass: 15582K(15680K)->15582K(15680K) Class: 2658K(2752K)->2658K(2752K)
[100.971s][info][gc          ] GC(234) Pause Young (Mixed) (G1 Evacuation Pause) 875M->642M(978M) 85.497ms
[100.971s][info][gc,cpu      ] GC(234) User=0.17s Sys=0.00s Real=0.09s
[101.304s][info][gc,start    ] GC(235) Pause Young (Concurrent Start) (G1 Evacuation Pause)
[101.304s][info][gc,task     ] GC(235) Using 2 workers of 2 for evacuation
[101.369s][info][gc,phases   ] GC(235)   Pre Evacuate Collection Set: 0.46ms
[101.369s][info][gc,phases   ] GC(235)   Merge Heap Roots: 0.38ms
[101.369s][info][gc,phases   ] GC(235)   Evacuate Collection Set: 63.43ms
[101.369s][info][gc,phases   ] GC(235)   Post Evacuate Collection Set: 0.60ms
[101.369s][info][gc,phases   ] GC(235)   Other: 0.23ms
[101.369s][info][gc,heap     ] GC(235) Eden regions: 231->0(205)
[101.369s][info][gc,heap     ] GC(235) Survivor regions: 39->34(34)
[101.369s][info][gc,heap     ] GC(235) Old regions: 596->635
[101.369s][info][gc,heap     ] GC(235) Humongous regions: 8->8
[101.369s][info][gc,metaspace] GC(235) Metaspace: 18243K(18432K)->18243K(18432K) NonClass: 15585K(15680K)->15585K(15680K) Class: 2658K(2752K)->2658K(2752K)
[101.369s][info][gc          ] GC(235) Pause Young (Concurrent Start) (G1 Evacuation Pause) 873M->677M(978M) 65.341ms
[101.369s][info][gc,cpu      ] GC(235) User=0.13s Sys=0.00s Real=0.07s
[101.369s][info][gc          ] GC(236) Concurrent Mark Cycle
[101.372s][info][gc,marking  ] GC(236) Concurrent Scan Root Regions
[101.446s][info][gc,marking  ] GC(236) Concurrent Scan Root Regions 74.304ms
[101.446s][info][gc,marking  ] GC(236) Concurrent Mark
[101.446s][info][gc,marking  ] GC(236) Concurrent Mark From Roots
[101.446s][info][gc,task     ] GC(236) Using 1 workers of 1 for marking
[101.787s][info][gc,start    ] GC(237) Pause Young (Normal) (G1 Evacuation Pause)
[101.787s][info][gc,task     ] GC(237) Using 2 workers of 2 for evacuation
[101.883s][info][gc,phases   ] GC(237)   Pre Evacuate Collection Set: 0.29ms
[101.883s][info][gc,phases   ] GC(237)   Merge Heap Roots: 0.26ms
[101.883s][info][gc,phases   ] GC(237)   Evacuate Collection Set: 94.85ms
[101.883s][info][gc,phases   ] GC(237)   Post Evacuate Collection Set: 0.52ms
[101.883s][info][gc,phases   ] GC(237)   Other: 0.08ms
[101.883s][info][gc,heap     ] GC(237) Eden regions: 205->0(164)
[101.883s][info][gc,heap     ] GC(237) Survivor regions: 34->30(30)
[101.883s][info][gc,heap     ] GC(237) Old regions: 635->689
[101.883s][info][gc,heap     ] GC(237) Humongous regions: 11->11
[101.883s][info][gc,metaspace] GC(237) Metaspace: 18243K(18432K)->18243K(18432K) NonClass: 15585K(15680K)->15585K(15680K) Class: 2658K(2752K)->2658K(2752K)
[101.883s][info][gc          ] GC(237) Pause Young (Normal) (G1 Evacuation Pause) 885M->730M(978M) 96.268ms
[101.883s][info][gc,cpu      ] GC(237) User=0.19s Sys=0.00s Real=0.09s
[102.149s][info][gc,start    ] GC(238) Pause Young (Normal) (G1 Evacuation Pause)
[102.149s][info][gc,task     ] GC(238) Using 2 workers of 2 for evacuation
[102.193s][info][gc,phases   ] GC(238)   Pre Evacuate Collection Set: 0.29ms
[102.193s][info][gc,phases   ] GC(238)   Merge Heap Roots: 0.24ms
[102.193s][info][gc,phases   ] GC(238)   Evacuate Collection Set: 43.09ms
[102.193s][info][gc,phases   ] GC(238)   Post Evacuate Collection Set: 0.40ms
[102.193s][info][gc,phases   ] GC(238)   Other: 0.07ms
[102.193s][info][gc,heap     ] GC(238) Eden regions: 164->0(170)
[102.193s][info][gc,heap     ] GC(238) Survivor regions: 30->5(25)
[102.193s][info][gc,heap     ] GC(238) Old regions: 689->720
[102.193s][info][gc,heap     ] GC(238) Humongous regions: 11->11
[102.193s][info][gc,metaspace] GC(238) Metaspace: 18243K(18432K)->18243K(18432K) NonClass: 15585K(15680K)->15585K(15680K) Class: 2658K(2752K)->2658K(2752K)
[102.193s][info][gc          ] GC(238) Pause Young (Normal) (G1 Evacuation Pause) 894M->735M(978M) 44.318ms
[102.193s][info][gc,cpu      ] GC(238) User=0.09s Sys=0.00s Real=0.04s
[102.466s][info][gc,marking  ] GC(236) Concurrent Mark From Roots 1019.187ms
[102.466s][info][gc,marking  ] GC(236) Concurrent Preclean
[102.466s][info][gc,marking  ] GC(236) Concurrent Preclean 0.054ms
[102.468s][info][gc,start    ] GC(236) Pause Remark
[102.475s][info][gc          ] GC(236) Pause Remark 890M->780M(978M) 6.946ms
[102.475s][info][gc,cpu      ] GC(236) User=0.02s Sys=0.00s Real=0.00s
[102.477s][info][gc,marking  ] GC(236) Concurrent Mark 1030.600ms
[102.477s][info][gc,marking  ] GC(236) Concurrent Rebuild Remembered Sets and Scrub Regions
[102.501s][info][gc,start    ] GC(239) Pause Young (Normal) (G1 Evacuation Pause)
[102.501s][info][gc,task     ] GC(239) Using 2 workers of 2 for evacuation
[102.518s][info][gc,phases   ] GC(239)   Pre Evacuate Collection Set: 0.44ms
[102.518s][info][gc,phases   ] GC(239)   Merge Heap Roots: 0.21ms
[102.518s][info][gc,phases   ] GC(239)   Evacuate Collection Set: 16.20ms
[102.518s][info][gc,phases   ] GC(239)   Post Evacuate Collection Set: 0.44ms
[102.518s][info][gc,phases   ] GC(239)   Other: 0.09ms
[102.518s][info][gc,heap     ] GC(239) Eden regions: 170->0(241)
[102.518s][info][gc,heap     ] GC(239) Survivor regions: 5->9(22)
[102.518s][info][gc,heap     ] GC(239) Old regions: 614->614
[102.518s][info][gc,heap     ] GC(239) Humongous regions: 7->7
[102.518s][info][gc,metaspace] GC(239) Metaspace: 18243K(18432K)->18243K(18432K) NonClass: 15585K(15680K)->15585K(15680K) Class: 2658K(2752K)->2658K(2752K)
[102.518s][info][gc          ] GC(239) Pause Young (Normal) (G1 Evacuation Pause) 795M->629M(978M) 17.566ms
[102.518s][info][gc,cpu      ] GC(239) User=0.03s Sys=0.00s Real=0.02s
[103.053s][info][gc,start    ] GC(240) Pause Young (Normal) (G1 Evacuation Pause)
[103.053s][info][gc,task     ] GC(240) Using 2 workers of 2 for evacuation
[103.106s][info][gc,phases   ] GC(240)   Pre Evacuate Collection Set: 0.50ms
[103.106s][info][gc,phases   ] GC(240)   Merge Heap Roots: 0.51ms
[103.106s][info][gc,phases   ] GC(240)   Evacuate Collection Set: 51.28ms
[103.106s][info][gc,phases   ] GC(240)   Post Evacuate Collection Set: 0.57ms
[103.106s][info][gc,phases   ] GC(240)   Other: 0.11ms
[103.106s][info][gc,heap     ] GC(240) Eden regions: 241->0(224)
[103.106s][info][gc,heap     ] GC(240) Survivor regions: 9->32(32)
[103.106s][info][gc,heap     ] GC(240) Old regions: 614->617
[103.106s][info][gc,heap     ] GC(240) Humongous regions: 7->7
[103.106s][info][gc,metaspace] GC(240) Metaspace: 18243K(18432K)->18243K(18432K) NonClass: 15585K(15680K)->15585K(15680K) Class: 2658K(2752K)->2658K(2752K)
[103.106s][info][gc          ] GC(240) Pause Young (Normal) (G1 Evacuation Pause) 870M->655M(978M) 53.177ms
[103.106s][info][gc,cpu      ] GC(240) User=0.10s Sys=0.00s Real=0.05s
[103.230s][info][gc,marking  ] GC(236) Concurrent Rebuild Remembered Sets and Scrub Regions 752.912ms
[103.230s][info][gc,start    ] GC(236) Pause Cleanup
[103.230s][info][gc          ] GC(236) Pause Cleanup 684M->684M(978M) 0.207ms
[103.230s][info][gc,cpu      ] GC(236) User=0.00s Sys=0.00s Real=0.00s
[103.230s][info][gc,marking  ] GC(236) Concurrent Clear Claimed Marks
[103.230s][info][gc,marking  ] GC(236) Concurrent Clear Claimed Marks 0.029ms
[103.230s][info][gc,marking  ] GC(236) Concurrent Cleanup for Next Mark
[103.233s][info][gc,marking  ] GC(236) Concurrent Cleanup for Next Mark 2.810ms
[103.233s][info][gc          ] GC(236) Concurrent Mark Cycle 1863.918ms
[103.490s][info][gc,start    ] GC(241) Pause Young (Prepare Mixed) (G1 Evacuation Pause)
[103.490s][info][gc,task     ] GC(241) Using 2 workers of 2 for evacuation
[103.579s][info][gc,phases   ] GC(241)   Pre Evacuate Collection Set: 0.52ms
[103.579s][info][gc,phases   ] GC(241)   Merge Heap Roots: 0.48ms
[103.579s][info][gc,phases   ] GC(241)   Evacuate Collection Set: 86.32ms
[103.579s][info][gc,phases   ] GC(241)   Post Evacuate Collection Set: 0.83ms
[103.579s][info][gc,phases   ] GC(241)   Other: 0.09ms
[103.579s][info][gc,heap     ] GC(241) Eden regions: 224->0(175)
[103.579s][info][gc,heap     ] GC(241) Survivor regions: 32->32(32)
[103.579s][info][gc,heap     ] GC(241) Old regions: 617->670
[103.579s][info][gc,heap     ] GC(241) Humongous regions: 7->7
[103.579s][info][gc,metaspace] GC(241) Metaspace: 18243K(18432K)->18243K(18432K) NonClass: 15585K(15680K)->15585K(15680K) Class: 2658K(2752K)->2658K(2752K)
[103.579s][info][gc          ] GC(241) Pause Young (Prepare Mixed) (G1 Evacuation Pause) 879M->709M(978M) 88.520ms
[103.579s][info][gc,cpu      ] GC(241) User=0.17s Sys=0.00s Real=0.09s
[103.898s][info][gc,start    ] GC(242) Pause Young (Mixed) (G1 Evacuation Pause)
[103.898s][info][gc,task     ] GC(242) Using 2 workers of 2 for evacuation
[103.985s][info][gc,phases   ] GC(242)   Pre Evacuate Collection Set: 0.55ms
[103.985s][info][gc,phases   ] GC(242)   Merge Heap Roots: 0.75ms
[103.985s][info][gc,phases   ] GC(242)   Evacuate Collection Set: 85.57ms
[103.986s][info][gc,phases   ] GC(242)   Post Evacuate Collection Set: 0.85ms
[103.986s][info][gc,phases   ] GC(242)   Other: 0.11ms
[103.986s][info][gc,heap     ] GC(242) Eden regions: 175->0(212)
[103.986s][info][gc,heap     ] GC(242) Survivor regions: 32->26(26)
[103.986s][info][gc,heap     ] GC(242) Old regions: 670->620
[103.986s][info][gc,heap     ] GC(242) Humongous regions: 7->7
[103.986s][info][gc,metaspace] GC(242) Metaspace: 18245K(18432K)->18245K(18432K) NonClass: 15587K(15680K)->15587K(15680K) Class: 2658K(2752K)->2658K(2752K)
[103.986s][info][gc          ] GC(242) Pause Young (Mixed) (G1 Evacuation Pause) 884M->652M(978M) 88.057ms
[103.986s][info][gc,cpu      ] GC(242) User=0.18s Sys=0.00s Real=0.08s
[104.312s][info][gc,start    ] GC(243) Pause Young (Mixed) (G1 Evacuation Pause)
[104.312s][info][gc,task     ] GC(243) Using 2 workers of 2 for evacuation
[104.463s][info][gc,phases   ] GC(243)   Pre Evacuate Collection Set: 0.51ms
[104.463s][info][gc,phases   ] GC(243)   Merge Heap Roots: 1.36ms
[104.463s][info][gc,phases   ] GC(243)   Evacuate Collection Set: 134.63ms
[104.463s][info][gc,phases   ] GC(243)   Merge Optional Heap Roots: 0.37ms
[104.463s][info][gc,phases   ] GC(243)   Evacuate Optional Collection Set: 12.23ms
[104.463s][info][gc,phases   ] GC(243)   Post Evacuate Collection Set: 1.30ms
[104.463s][info][gc,phases   ] GC(243)   Other: 0.01ms
[104.463s][info][gc,heap     ] GC(243) Eden regions: 212->0(49)
[104.463s][info][gc,heap     ] GC(243) Survivor regions: 26->30(30)
[104.463s][info][gc,heap     ] GC(243) Old regions: 620->625
[104.463s][info][gc,heap     ] GC(243) Humongous regions: 10->10
[104.463s][info][gc,metaspace] GC(243) Metaspace: 18247K(18432K)->18247K(18432K) NonClass: 15589K(15680K)->15589K(15680K) Class: 2658K(2752K)->2658K(2752K)
[104.463s][info][gc          ] GC(243) Pause Young (Mixed) (G1 Evacuation Pause) 867M->665M(978M) 150.653ms
[104.463s][info][gc,cpu      ] GC(243) User=0.30s Sys=0.00s Real=0.15s
[104.493s][info][gc,start    ] GC(244) Pause Young (Mixed) (G1 Evacuation Pause)
[104.494s][info][gc,task     ] GC(244) Using 2 workers of 2 for evacuation
[104.708s][info][gc,mmu      ] GC(244) MMU target violated: 201.0ms (200.0ms/201.0ms)
[104.708s][info][gc,phases   ] GC(244)   Pre Evacuate Collection Set: 0.39ms
[104.708s][info][gc,phases   ] GC(244)   Merge Heap Roots: 1.22ms
[104.708s][info][gc,phases   ] GC(244)   Evacuate Collection Set: 212.04ms
[104.708s][info][gc,phases   ] GC(244)   Post Evacuate Collection Set: 1.04ms
[104.708s][info][gc,phases   ] GC(244)   Other: 0.13ms
[104.708s][info][gc,heap     ] GC(244) Eden regions: 18->0(199)
[104.708s][info][gc,heap     ] GC(244) Survivor regions: 30->2(6)
[104.708s][info][gc,heap     ] GC(244) Old regions: 625->654
[104.708s][info][gc,heap     ] GC(244) Humongous regions: 10->10
[104.708s][info][gc,metaspace] GC(244) Metaspace: 18247K(18432K)->18247K(18432K) NonClass: 15589K(15680K)->15589K(15680K) Class: 2658K(2752K)->2658K(2752K)
[104.708s][info][gc          ] GC(244) Pause Young (Mixed) (G1 Evacuation Pause) 683M->665M(978M) 214.969ms
[104.708s][info][gc,cpu      ] GC(244) User=0.43s Sys=0.00s Real=0.22s
[104.904s][info][gc,start    ] GC(245) Pause Young (Concurrent Start) (G1 Evacuation Pause)
[104.904s][info][gc,task     ] GC(245) Using 2 workers of 2 for evacuation
[104.926s][info][gc,phases   ] GC(245)   Pre Evacuate Collection Set: 0.30ms
[104.926s][info][gc,phases   ] GC(245)   Merge Heap Roots: 0.16ms
[104.926s][info][gc,phases   ] GC(245)   Evacuate Collection Set: 21.13ms
[104.926s][info][gc,phases   ] GC(245)   Post Evacuate Collection Set: 0.39ms
[104.926s][info][gc,phases   ] GC(245)   Other: 0.11ms
[104.926s][info][gc,heap     ] GC(245) Eden regions: 199->0(199)
[104.926s][info][gc,heap     ] GC(245) Survivor regions: 2->16(26)
[104.926s][info][gc,heap     ] GC(245) Old regions: 654->654
[104.926s][info][gc,heap     ] GC(245) Humongous regions: 10->10
[104.926s][info][gc,metaspace] GC(245) Metaspace: 18247K(18432K)->18247K(18432K) NonClass: 15589K(15680K)->15589K(15680K) Class: 2658K(2752K)->2658K(2752K)
[104.926s][info][gc          ] GC(245) Pause Young (Concurrent Start) (G1 Evacuation Pause) 864M->680M(978M) 22.366ms
[104.926s][info][gc          ] GC(246) Concurrent Mark Cycle
[104.926s][info][gc,marking  ] GC(246) Concurrent Scan Root Regions
[104.927s][info][gc,cpu      ] GC(245) User=0.05s Sys=0.00s Real=0.03s
[104.956s][info][gc,marking  ] GC(246) Concurrent Scan Root Regions 29.998ms
[104.956s][info][gc,marking  ] GC(246) Concurrent Mark
[104.956s][info][gc,marking  ] GC(246) Concurrent Mark From Roots
[104.956s][info][gc,task     ] GC(246) Using 1 workers of 1 for marking
[105.259s][info][gc,start    ] GC(247) Pause Young (Normal) (G1 Evacuation Pause)
[105.259s][info][gc,task     ] GC(247) Using 2 workers of 2 for evacuation
[105.284s][info][gc,phases   ] GC(247)   Pre Evacuate Collection Set: 0.29ms
[105.284s][info][gc,phases   ] GC(247)   Merge Heap Roots: 0.21ms
[105.284s][info][gc,phases   ] GC(247)   Evacuate Collection Set: 24.35ms
[105.284s][info][gc,phases   ] GC(247)   Post Evacuate Collection Set: 0.40ms
[105.284s][info][gc,phases   ] GC(247)   Other: 0.07ms
[105.284s][info][gc,heap     ] GC(247) Eden regions: 199->0(209)
[105.284s][info][gc,heap     ] GC(247) Survivor regions: 16->5(27)
[105.284s][info][gc,heap     ] GC(247) Old regions: 654->670
[105.284s][info][gc,heap     ] GC(247) Humongous regions: 10->10
[105.284s][info][gc,metaspace] GC(247) Metaspace: 18248K(18432K)->18248K(18432K) NonClass: 15590K(15680K)->15590K(15680K) Class: 2658K(2752K)->2658K(2752K)
[105.284s][info][gc          ] GC(247) Pause Young (Normal) (G1 Evacuation Pause) 879M->684M(978M) 25.522ms
[105.284s][info][gc,cpu      ] GC(247) User=0.05s Sys=0.00s Real=0.02s
[105.711s][info][gc,start    ] GC(248) Pause Young (Normal) (G1 Evacuation Pause)
[105.711s][info][gc,task     ] GC(248) Using 2 workers of 2 for evacuation
[105.745s][info][gc,phases   ] GC(248)   Pre Evacuate Collection Set: 0.54ms
[105.745s][info][gc,phases   ] GC(248)   Merge Heap Roots: 0.17ms
[105.745s][info][gc,phases   ] GC(248)   Evacuate Collection Set: 33.29ms
[105.745s][info][gc,phases   ] GC(248)   Post Evacuate Collection Set: 0.45ms
[105.745s][info][gc,phases   ] GC(248)   Other: 0.10ms
[105.745s][info][gc,heap     ] GC(248) Eden regions: 209->0(188)
[105.745s][info][gc,heap     ] GC(248) Survivor regions: 5->27(27)
[105.745s][info][gc,heap     ] GC(248) Old regions: 670->673
[105.745s][info][gc,heap     ] GC(248) Humongous regions: 10->10
[105.745s][info][gc,metaspace] GC(248) Metaspace: 18248K(18432K)->18248K(18432K) NonClass: 15590K(15680K)->15590K(15680K) Class: 2658K(2752K)->2658K(2752K)
[105.745s][info][gc          ] GC(248) Pause Young (Normal) (G1 Evacuation Pause) 893M->710M(978M) 34.770ms
[105.745s][info][gc,cpu      ] GC(248) User=0.07s Sys=0.00s Real=0.03s
[106.448s][info][gc,marking  ] GC(246) Concurrent Mark From Roots 1492.007ms
[106.448s][info][gc,marking  ] GC(246) Concurrent Preclean
[106.448s][info][gc,marking  ] GC(246) Concurrent Preclean 0.034ms
[106.448s][info][gc,start    ] GC(246) Pause Remark
[106.455s][info][gc          ] GC(246) Pause Remark 866M->743M(978M) 6.835ms
[106.455s][info][gc,cpu      ] GC(246) User=0.01s Sys=0.00s Real=0.00s
[106.455s][info][gc,marking  ] GC(246) Concurrent Mark 1499.182ms
[106.455s][info][gc,marking  ] GC(246) Concurrent Rebuild Remembered Sets and Scrub Regions
[106.543s][info][gc,start    ] GC(249) Pause Young (Normal) (G1 Evacuation Pause)
[106.543s][info][gc,task     ] GC(249) Using 2 workers of 2 for evacuation
[106.575s][info][gc,phases   ] GC(249)   Pre Evacuate Collection Set: 0.46ms
[106.575s][info][gc,phases   ] GC(249)   Merge Heap Roots: 0.26ms
[106.575s][info][gc,phases   ] GC(249)   Evacuate Collection Set: 30.88ms
[106.575s][info][gc,phases   ] GC(249)   Post Evacuate Collection Set: 0.41ms
[106.575s][info][gc,phases   ] GC(249)   Other: 0.10ms
[106.575s][info][gc,heap     ] GC(249) Eden regions: 188->0(297)
[106.575s][info][gc,heap     ] GC(249) Survivor regions: 27->1(27)
[106.575s][info][gc,heap     ] GC(249) Old regions: 554->582
[106.575s][info][gc,heap     ] GC(249) Humongous regions: 6->6
[106.575s][info][gc,metaspace] GC(249) Metaspace: 18248K(18432K)->18248K(18432K) NonClass: 15590K(15680K)->15590K(15680K) Class: 2658K(2752K)->2658K(2752K)
[106.575s][info][gc          ] GC(249) Pause Young (Normal) (G1 Evacuation Pause) 775M->588M(978M) 32.370ms
[106.575s][info][gc,cpu      ] GC(249) User=0.06s Sys=0.00s Real=0.03s
[107.059s][info][gc,marking  ] GC(246) Concurrent Rebuild Remembered Sets and Scrub Regions 604.102ms
[107.061s][info][gc,start    ] GC(246) Pause Cleanup
[107.061s][info][gc          ] GC(246) Pause Cleanup 731M->731M(978M) 0.152ms
[107.061s][info][gc,cpu      ] GC(246) User=0.00s Sys=0.00s Real=0.00s
[107.062s][info][gc,marking  ] GC(246) Concurrent Clear Claimed Marks
[107.062s][info][gc,marking  ] GC(246) Concurrent Clear Claimed Marks 0.066ms
[107.062s][info][gc,marking  ] GC(246) Concurrent Cleanup for Next Mark
[107.068s][info][gc,marking  ] GC(246) Concurrent Cleanup for Next Mark 5.911ms
[107.068s][info][gc          ] GC(246) Concurrent Mark Cycle 2142.046ms
[107.334s][info][gc,start    ] GC(250) Pause Young (Prepare Mixed) (G1 Evacuation Pause)
[107.334s][info][gc,task     ] GC(250) Using 2 workers of 2 for evacuation
[107.362s][info][gc,phases   ] GC(250)   Pre Evacuate Collection Set: 0.31ms
[107.362s][info][gc,phases   ] GC(250)   Merge Heap Roots: 0.38ms
[107.362s][info][gc,phases   ] GC(250)   Evacuate Collection Set: 26.38ms
[107.362s][info][gc,phases   ] GC(250)   Post Evacuate Collection Set: 0.49ms
[107.362s][info][gc,phases   ] GC(250)   Other: 0.10ms
[107.362s][info][gc,heap     ] GC(250) Eden regions: 297->0(289)
[107.362s][info][gc,heap     ] GC(250) Survivor regions: 1->18(38)
[107.362s][info][gc,heap     ] GC(250) Old regions: 582->582
[107.362s][info][gc,heap     ] GC(250) Humongous regions: 6->6
[107.362s][info][gc,metaspace] GC(250) Metaspace: 18253K(18432K)->18253K(18432K) NonClass: 15595K(15680K)->15595K(15680K) Class: 2658K(2752K)->2658K(2752K)
[107.362s][info][gc          ] GC(250) Pause Young (Prepare Mixed) (G1 Evacuation Pause) 885M->605M(978M) 27.877ms
[107.362s][info][gc,cpu      ] GC(250) User=0.06s Sys=0.00s Real=0.03s
[107.683s][info][gc,start    ] GC(251) Pause Young (Mixed) (G1 Evacuation Pause)
[107.683s][info][gc,task     ] GC(251) Using 2 workers of 2 for evacuation
[107.759s][info][gc,phases   ] GC(251)   Pre Evacuate Collection Set: 0.54ms
[107.759s][info][gc,phases   ] GC(251)   Merge Heap Roots: 0.28ms
[107.759s][info][gc,phases   ] GC(251)   Evacuate Collection Set: 74.73ms
[107.759s][info][gc,phases   ] GC(251)   Post Evacuate Collection Set: 0.77ms
[107.759s][info][gc,phases   ] GC(251)   Other: 0.11ms
[107.759s][info][gc,heap     ] GC(251) Eden regions: 289->0(246)
[107.759s][info][gc,heap     ] GC(251) Survivor regions: 18->39(39)
[107.759s][info][gc,heap     ] GC(251) Old regions: 582->590
[107.759s][info][gc,heap     ] GC(251) Humongous regions: 6->6
[107.759s][info][gc,metaspace] GC(251) Metaspace: 18253K(18432K)->18253K(18432K) NonClass: 15595K(15680K)->15595K(15680K) Class: 2658K(2752K)->2658K(2752K)
[107.759s][info][gc          ] GC(251) Pause Young (Mixed) (G1 Evacuation Pause) 894M->635M(978M) 76.698ms
[107.759s][info][gc,cpu      ] GC(251) User=0.15s Sys=0.00s Real=0.08s
[107.856s][info][gc,start    ] GC(252) Pause Young (Concurrent Start) (G1 Humongous Allocation)
[107.856s][info][gc,task     ] GC(252) Using 2 workers of 2 for evacuation
[107.911s][info][gc,phases   ] GC(252)   Pre Evacuate Collection Set: 0.30ms
[107.911s][info][gc,phases   ] GC(252)   Merge Heap Roots: 0.46ms
[107.911s][info][gc,phases   ] GC(252)   Evacuate Collection Set: 52.95ms
[107.911s][info][gc,phases   ] GC(252)   Post Evacuate Collection Set: 0.39ms
[107.911s][info][gc,phases   ] GC(252)   Other: 0.14ms
[107.911s][info][gc,heap     ] GC(252) Eden regions: 54->0(252)
[107.911s][info][gc,heap     ] GC(252) Survivor regions: 39->6(36)
[107.911s][info][gc,heap     ] GC(252) Old regions: 590->630
[107.911s][info][gc,heap     ] GC(252) Humongous regions: 6->6
[107.911s][info][gc,metaspace] GC(252) Metaspace: 18253K(18432K)->18253K(18432K) NonClass: 15595K(15680K)->15595K(15680K) Class: 2658K(2752K)->2658K(2752K)
[107.911s][info][gc          ] GC(252) Pause Young (Concurrent Start) (G1 Humongous Allocation) 688M->641M(978M) 54.476ms
[107.911s][info][gc          ] GC(253) Concurrent Mark Cycle
[107.911s][info][gc,marking  ] GC(253) Concurrent Scan Root Regions
[107.911s][info][gc,cpu      ] GC(252) User=0.10s Sys=0.00s Real=0.06s
[107.962s][info][gc,marking  ] GC(253) Concurrent Scan Root Regions 50.922ms
[107.962s][info][gc,marking  ] GC(253) Concurrent Mark
[107.962s][info][gc,marking  ] GC(253) Concurrent Mark From Roots
[107.962s][info][gc,task     ] GC(253) Using 1 workers of 1 for marking
[108.360s][info][gc,start    ] GC(254) Pause Young (Normal) (G1 Evacuation Pause)
[108.360s][info][gc,task     ] GC(254) Using 2 workers of 2 for evacuation
[108.433s][info][gc,phases   ] GC(254)   Pre Evacuate Collection Set: 0.31ms
[108.433s][info][gc,phases   ] GC(254)   Merge Heap Roots: 0.33ms
[108.433s][info][gc,phases   ] GC(254)   Evacuate Collection Set: 71.87ms
[108.433s][info][gc,phases   ] GC(254)   Post Evacuate Collection Set: 0.56ms
[108.433s][info][gc,phases   ] GC(254)   Other: 0.09ms
[108.433s][info][gc,heap     ] GC(254) Eden regions: 252->0(201)
[108.433s][info][gc,heap     ] GC(254) Survivor regions: 6->33(33)
[108.433s][info][gc,heap     ] GC(254) Old regions: 630->652
[108.433s][info][gc,heap     ] GC(254) Humongous regions: 9->9
[108.433s][info][gc,metaspace] GC(254) Metaspace: 18253K(18432K)->18253K(18432K) NonClass: 15595K(15680K)->15595K(15680K) Class: 2658K(2752K)->2658K(2752K)
[108.433s][info][gc          ] GC(254) Pause Young (Normal) (G1 Evacuation Pause) 896M->693M(978M) 73.404ms
[108.433s][info][gc,cpu      ] GC(254) User=0.14s Sys=0.00s Real=0.07s
[108.755s][info][gc,start    ] GC(255) Pause Young (Normal) (G1 Evacuation Pause)
[108.755s][info][gc,task     ] GC(255) Using 2 workers of 2 for evacuation
[108.803s][info][gc,phases   ] GC(255)   Pre Evacuate Collection Set: 0.29ms
[108.803s][info][gc,phases   ] GC(255)   Merge Heap Roots: 0.35ms
[108.803s][info][gc,phases   ] GC(255)   Evacuate Collection Set: 46.94ms
[108.803s][info][gc,phases   ] GC(255)   Post Evacuate Collection Set: 0.43ms
[108.803s][info][gc,phases   ] GC(255)   Other: 0.10ms
[108.803s][info][gc,heap     ] GC(255) Eden regions: 201->0(214)
[108.803s][info][gc,heap     ] GC(255) Survivor regions: 33->1(30)
[108.803s][info][gc,heap     ] GC(255) Old regions: 652->685
[108.803s][info][gc,heap     ] GC(255) Humongous regions: 9->9
[108.803s][info][gc,metaspace] GC(255) Metaspace: 18253K(18432K)->18253K(18432K) NonClass: 15595K(15680K)->15595K(15680K) Class: 2658K(2752K)->2658K(2752K)
[108.803s][info][gc          ] GC(255) Pause Young (Normal) (G1 Evacuation Pause) 894M->695M(978M) 48.347ms
[108.803s][info][gc,cpu      ] GC(255) User=0.09s Sys=0.00s Real=0.05s
[109.230s][info][gc,start    ] GC(256) Pause Young (Normal) (G1 Evacuation Pause)
[109.230s][info][gc,task     ] GC(256) Using 2 workers of 2 for evacuation
[109.251s][info][gc,phases   ] GC(256)   Pre Evacuate Collection Set: 0.30ms
[109.252s][info][gc,phases   ] GC(256)   Merge Heap Roots: 0.21ms
[109.252s][info][gc,phases   ] GC(256)   Evacuate Collection Set: 20.39ms
[109.252s][info][gc,phases   ] GC(256)   Post Evacuate Collection Set: 0.41ms
[109.252s][info][gc,phases   ] GC(256)   Other: 0.10ms
[109.252s][info][gc,heap     ] GC(256) Eden regions: 214->0(206)
[109.252s][info][gc,heap     ] GC(256) Survivor regions: 1->14(27)
[109.252s][info][gc,heap     ] GC(256) Old regions: 685->685
[109.252s][info][gc,heap     ] GC(256) Humongous regions: 9->9
[109.252s][info][gc,metaspace] GC(256) Metaspace: 18253K(18432K)->18253K(18432K) NonClass: 15595K(15680K)->15595K(15680K) Class: 2658K(2752K)->2658K(2752K)
[109.252s][info][gc          ] GC(256) Pause Young (Normal) (G1 Evacuation Pause) 909M->708M(978M) 21.657ms
[109.252s][info][gc,cpu      ] GC(256) User=0.04s Sys=0.00s Real=0.02s
[109.695s][info][gc,marking  ] GC(253) Concurrent Mark From Roots 1733.260ms
[109.695s][info][gc,marking  ] GC(253) Concurrent Preclean
[109.695s][info][gc,marking  ] GC(253) Concurrent Preclean 0.039ms
[109.695s][info][gc,start    ] GC(253) Pause Remark
[109.702s][info][gc          ] GC(253) Pause Remark 858M->847M(978M) 6.768ms
[109.702s][info][gc,cpu      ] GC(253) User=0.02s Sys=0.00s Real=0.01s
[109.703s][info][gc,marking  ] GC(253) Concurrent Mark 1741.146ms
[109.703s][info][gc,marking  ] GC(253) Concurrent Rebuild Remembered Sets and Scrub Regions
[109.886s][info][gc,start    ] GC(257) Pause Young (Normal) (G1 Evacuation Pause)
[109.886s][info][gc,task     ] GC(257) Using 2 workers of 2 for evacuation
[109.934s][info][gc,phases   ] GC(257)   Pre Evacuate Collection Set: 0.27ms
[109.934s][info][gc,phases   ] GC(257)   Merge Heap Roots: 0.51ms
[109.934s][info][gc,phases   ] GC(257)   Evacuate Collection Set: 46.97ms
[109.934s][info][gc,phases   ] GC(257)   Post Evacuate Collection Set: 0.44ms
[109.934s][info][gc,phases   ] GC(257)   Other: 0.10ms
[109.934s][info][gc,heap     ] GC(257) Eden regions: 206->0(186)
[109.934s][info][gc,heap     ] GC(257) Survivor regions: 14->28(28)
[109.934s][info][gc,heap     ] GC(257) Old regions: 674->677
[109.934s][info][gc,heap     ] GC(257) Humongous regions: 9->9
[109.934s][info][gc,metaspace] GC(257) Metaspace: 18253K(18432K)->18253K(18432K) NonClass: 15595K(15680K)->15595K(15680K) Class: 2658K(2752K)->2658K(2752K)
[109.935s][info][gc          ] GC(257) Pause Young (Normal) (G1 Evacuation Pause) 903M->714M(978M) 48.535ms
[109.935s][info][gc,cpu      ] GC(257) User=0.09s Sys=0.00s Real=0.05s
[110.401s][info][gc,start    ] GC(258) Pause Young (Normal) (G1 Evacuation Pause)
[110.401s][info][gc,task     ] GC(258) Using 2 workers of 2 for evacuation
[110.451s][info][gc,phases   ] GC(258)   Pre Evacuate Collection Set: 0.53ms
[110.451s][info][gc,phases   ] GC(258)   Merge Heap Roots: 0.27ms
[110.451s][info][gc,phases   ] GC(258)   Evacuate Collection Set: 48.71ms
[110.451s][info][gc,phases   ] GC(258)   Post Evacuate Collection Set: 0.41ms
[110.451s][info][gc,phases   ] GC(258)   Other: 0.10ms
[110.451s][info][gc,heap     ] GC(258) Eden regions: 186->0(173)
[110.451s][info][gc,heap     ] GC(258) Survivor regions: 28->20(27)
[110.451s][info][gc,heap     ] GC(258) Old regions: 677->706
[110.451s][info][gc,heap     ] GC(258) Humongous regions: 9->9
[110.451s][info][gc,metaspace] GC(258) Metaspace: 18264K(18432K)->18264K(18432K) NonClass: 15605K(15680K)->15605K(15680K) Class: 2658K(2752K)->2658K(2752K)
[110.451s][info][gc          ] GC(258) Pause Young (Normal) (G1 Evacuation Pause) 900M->734M(978M) 50.280ms
[110.451s][info][gc,cpu      ] GC(258) User=0.10s Sys=0.00s Real=0.05s
[110.542s][info][gc,marking  ] GC(253) Concurrent Rebuild Remembered Sets and Scrub Regions 838.722ms
[110.545s][info][gc,start    ] GC(253) Pause Cleanup
[110.545s][info][gc          ] GC(253) Pause Cleanup 792M->792M(978M) 0.135ms
[110.545s][info][gc,cpu      ] GC(253) User=0.00s Sys=0.00s Real=0.00s
[110.546s][info][gc,marking  ] GC(253) Concurrent Clear Claimed Marks
[110.546s][info][gc,marking  ] GC(253) Concurrent Clear Claimed Marks 0.044ms
[110.546s][info][gc,marking  ] GC(253) Concurrent Cleanup for Next Mark
[110.552s][info][gc,marking  ] GC(253) Concurrent Cleanup for Next Mark 5.888ms
[110.552s][info][gc          ] GC(253) Concurrent Mark Cycle 2640.863ms
[110.708s][info][gc,start    ] GC(259) Pause Young (Prepare Mixed) (G1 Evacuation Pause)
[110.708s][info][gc,task     ] GC(259) Using 2 workers of 2 for evacuation
[110.736s][info][gc,phases   ] GC(259)   Pre Evacuate Collection Set: 0.52ms
[110.736s][info][gc,phases   ] GC(259)   Merge Heap Roots: 0.10ms
[110.736s][info][gc,phases   ] GC(259)   Evacuate Collection Set: 26.31ms
[110.736s][info][gc,phases   ] GC(259)   Post Evacuate Collection Set: 0.41ms
[110.736s][info][gc,phases   ] GC(259)   Other: 0.10ms
[110.736s][info][gc,heap     ] GC(259) Eden regions: 173->0(161)
[110.736s][info][gc,heap     ] GC(259) Survivor regions: 20->24(25)
[110.736s][info][gc,heap     ] GC(259) Old regions: 706->710
[110.736s][info][gc,heap     ] GC(259) Humongous regions: 9->9
[110.736s][info][gc,metaspace] GC(259) Metaspace: 18264K(18432K)->18264K(18432K) NonClass: 15606K(15680K)->15606K(15680K) Class: 2658K(2752K)->2658K(2752K)
[110.736s][info][gc          ] GC(259) Pause Young (Prepare Mixed) (G1 Evacuation Pause) 907M->743M(978M) 27.732ms
[110.736s][info][gc,cpu      ] GC(259) User=0.06s Sys=0.01s Real=0.02s
[110.976s][info][gc,start    ] GC(260) Pause Young (Mixed) (G1 Evacuation Pause)
[110.976s][info][gc,task     ] GC(260) Using 2 workers of 2 for evacuation
[111.022s][info][gc,phases   ] GC(260)   Pre Evacuate Collection Set: 0.31ms
[111.022s][info][gc,phases   ] GC(260)   Merge Heap Roots: 0.27ms
[111.022s][info][gc,phases   ] GC(260)   Evacuate Collection Set: 44.44ms
[111.022s][info][gc,phases   ] GC(260)   Post Evacuate Collection Set: 0.45ms
[111.022s][info][gc,phases   ] GC(260)   Other: 0.08ms
[111.022s][info][gc,heap     ] GC(260) Eden regions: 161->0(168)
[111.022s][info][gc,heap     ] GC(260) Survivor regions: 24->16(24)
[111.022s][info][gc,heap     ] GC(260) Old regions: 710->719
[111.022s][info][gc,heap     ] GC(260) Humongous regions: 9->9
[111.022s][info][gc,metaspace] GC(260) Metaspace: 18265K(18432K)->18265K(18432K) NonClass: 15607K(15680K)->15607K(15680K) Class: 2658K(2752K)->2658K(2752K)
[111.022s][info][gc          ] GC(260) Pause Young (Mixed) (G1 Evacuation Pause) 904M->743M(978M) 45.758ms
[111.022s][info][gc,cpu      ] GC(260) User=0.09s Sys=0.00s Real=0.05s
[111.336s][info][gc,start    ] GC(261) Pause Young (Concurrent Start) (G1 Evacuation Pause)
[111.336s][info][gc,task     ] GC(261) Using 2 workers of 2 for evacuation
[111.359s][info][gc,phases   ] GC(261)   Pre Evacuate Collection Set: 0.36ms
[111.359s][info][gc,phases   ] GC(261)   Merge Heap Roots: 0.15ms
[111.359s][info][gc,phases   ] GC(261)   Evacuate Collection Set: 22.12ms
[111.359s][info][gc,phases   ] GC(261)   Post Evacuate Collection Set: 0.38ms
[111.359s][info][gc,phases   ] GC(261)   Other: 0.23ms
[111.359s][info][gc,heap     ] GC(261) Eden regions: 168->0(177)
[111.359s][info][gc,heap     ] GC(261) Survivor regions: 16->4(23)
[111.359s][info][gc,heap     ] GC(261) Old regions: 719->734
[111.359s][info][gc,heap     ] GC(261) Humongous regions: 9->9
[111.359s][info][gc,metaspace] GC(261) Metaspace: 18266K(18432K)->18266K(18432K) NonClass: 15608K(15680K)->15608K(15680K) Class: 2658K(2752K)->2658K(2752K)
[111.359s][info][gc          ] GC(261) Pause Young (Concurrent Start) (G1 Evacuation Pause) 911M->746M(978M) 23.450ms
[111.359s][info][gc,cpu      ] GC(261) User=0.04s Sys=0.00s Real=0.03s
[111.359s][info][gc          ] GC(262) Concurrent Mark Cycle
[111.359s][info][gc,marking  ] GC(262) Concurrent Scan Root Regions
[111.392s][info][gc,marking  ] GC(262) Concurrent Scan Root Regions 32.783ms
[111.392s][info][gc,marking  ] GC(262) Concurrent Mark
[111.392s][info][gc,marking  ] GC(262) Concurrent Mark From Roots
[111.392s][info][gc,task     ] GC(262) Using 1 workers of 1 for marking
[111.841s][info][gc,start    ] GC(263) Pause Young (Normal) (G1 Evacuation Pause)
[111.841s][info][gc,task     ] GC(263) Using 2 workers of 2 for evacuation
[111.861s][info][gc,phases   ] GC(263)   Pre Evacuate Collection Set: 0.31ms
[111.861s][info][gc,phases   ] GC(263)   Merge Heap Roots: 0.10ms
[111.861s][info][gc,phases   ] GC(263)   Evacuate Collection Set: 18.22ms
[111.861s][info][gc,phases   ] GC(263)   Post Evacuate Collection Set: 0.41ms
[111.861s][info][gc,phases   ] GC(263)   Other: 0.11ms
[111.861s][info][gc,heap     ] GC(263) Eden regions: 177->0(147)
[111.861s][info][gc,heap     ] GC(263) Survivor regions: 4->19(23)
[111.861s][info][gc,heap     ] GC(263) Old regions: 734->734
[111.861s][info][gc,heap     ] GC(263) Humongous regions: 9->9
[111.861s][info][gc,metaspace] GC(263) Metaspace: 18267K(18432K)->18267K(18432K) NonClass: 15609K(15680K)->15609K(15680K) Class: 2658K(2752K)->2658K(2752K)
[111.861s][info][gc          ] GC(263) Pause Young (Normal) (G1 Evacuation Pause) 923M->761M(978M) 19.418ms
[111.861s][info][gc,cpu      ] GC(263) User=0.04s Sys=0.00s Real=0.02s
[112.162s][info][gc,start    ] GC(264) Pause Young (Normal) (G1 Evacuation Pause)
[112.162s][info][gc,task     ] GC(264) Using 2 workers of 2 for evacuation
[112.200s][info][gc,phases   ] GC(264)   Pre Evacuate Collection Set: 0.29ms
[112.200s][info][gc,phases   ] GC(264)   Merge Heap Roots: 0.11ms
[112.200s][info][gc,phases   ] GC(264)   Evacuate Collection Set: 37.33ms
[112.200s][info][gc,phases   ] GC(264)   Post Evacuate Collection Set: 0.39ms
[112.200s][info][gc,phases   ] GC(264)   Other: 0.09ms
[112.200s][info][gc,heap     ] GC(264) Eden regions: 147->0(121)
[112.200s][info][gc,heap     ] GC(264) Survivor regions: 19->21(21)
[112.200s][info][gc,heap     ] GC(264) Old regions: 734->756
[112.200s][info][gc,heap     ] GC(264) Humongous regions: 9->9
[112.200s][info][gc,metaspace] GC(264) Metaspace: 18269K(18432K)->18269K(18432K) NonClass: 15611K(15680K)->15611K(15680K) Class: 2658K(2752K)->2658K(2752K)
[112.200s][info][gc          ] GC(264) Pause Young (Normal) (G1 Evacuation Pause) 908M->785M(978M) 38.477ms
[112.200s][info][gc,cpu      ] GC(264) User=0.07s Sys=0.00s Real=0.04s
[112.352s][info][gc,start    ] GC(265) Pause Young (Normal) (G1 Evacuation Pause)
[112.352s][info][gc,task     ] GC(265) Using 2 workers of 2 for evacuation
[112.408s][info][gc,phases   ] GC(265)   Pre Evacuate Collection Set: 0.28ms
[112.408s][info][gc,phases   ] GC(265)   Merge Heap Roots: 0.11ms
[112.408s][info][gc,phases   ] GC(265)   Evacuate Collection Set: 54.47ms
[112.408s][info][gc,phases   ] GC(265)   Post Evacuate Collection Set: 0.48ms
[112.408s][info][gc,phases   ] GC(265)   Other: 0.09ms
[112.408s][info][gc,heap     ] GC(265) Eden regions: 121->0(80)
[112.408s][info][gc,heap     ] GC(265) Survivor regions: 21->18(18)
[112.408s][info][gc,heap     ] GC(265) Old regions: 756->803
[112.408s][info][gc,heap     ] GC(265) Humongous regions: 9->9
[112.408s][info][gc,metaspace] GC(265) Metaspace: 18269K(18432K)->18269K(18432K) NonClass: 15611K(15680K)->15611K(15680K) Class: 2658K(2752K)->2658K(2752K)
[112.408s][info][gc          ] GC(265) Pause Young (Normal) (G1 Evacuation Pause) 906M->829M(978M) 55.702ms
[112.408s][info][gc,cpu      ] GC(265) User=0.11s Sys=0.00s Real=0.06s
[112.546s][info][gc,marking  ] GC(262) Concurrent Mark From Roots 1153.653ms
[112.546s][info][gc,marking  ] GC(262) Concurrent Preclean
[112.546s][info][gc,marking  ] GC(262) Concurrent Preclean 0.030ms
[112.546s][info][gc,start    ] GC(262) Pause Remark
[112.553s][info][gc          ] GC(262) Pause Remark 863M->605M(978M) 6.840ms
[112.553s][info][gc,cpu      ] GC(262) User=0.01s Sys=0.00s Real=0.01s
[112.553s][info][gc,marking  ] GC(262) Concurrent Mark 1160.844ms
[112.553s][info][gc,marking  ] GC(262) Concurrent Rebuild Remembered Sets and Scrub Regions
[112.648s][info][gc,start    ] GC(266) Pause Young (Normal) (G1 Evacuation Pause)
[112.648s][info][gc,task     ] GC(266) Using 2 workers of 2 for evacuation
[112.679s][info][gc,phases   ] GC(266)   Pre Evacuate Collection Set: 0.42ms
[112.679s][info][gc,phases   ] GC(266)   Merge Heap Roots: 0.56ms
[112.679s][info][gc,phases   ] GC(266)   Evacuate Collection Set: 29.02ms
[112.679s][info][gc,phases   ] GC(266)   Post Evacuate Collection Set: 0.34ms
[112.679s][info][gc,phases   ] GC(266)   Other: 0.09ms
[112.679s][info][gc,heap     ] GC(266) Eden regions: 80->0(290)
[112.679s][info][gc,heap     ] GC(266) Survivor regions: 18->6(13)
[112.679s][info][gc,heap     ] GC(266) Old regions: 550->568
[112.679s][info][gc,heap     ] GC(266) Humongous regions: 4->4
[112.679s][info][gc,metaspace] GC(266) Metaspace: 18270K(18432K)->18270K(18432K) NonClass: 15612K(15680K)->15612K(15680K) Class: 2658K(2752K)->2658K(2752K)
[112.679s][info][gc          ] GC(266) Pause Young (Normal) (G1 Evacuation Pause) 651M->578M(978M) 30.667ms
[112.679s][info][gc,cpu      ] GC(266) User=0.06s Sys=0.00s Real=0.03s
[112.963s][info][gc,marking  ] GC(262) Concurrent Rebuild Remembered Sets and Scrub Regions 410.067ms
[112.963s][info][gc,start    ] GC(262) Pause Cleanup
[112.963s][info][gc          ] GC(262) Pause Cleanup 710M->710M(978M) 0.138ms
[112.963s][info][gc,cpu      ] GC(262) User=0.00s Sys=0.00s Real=0.00s
[112.964s][info][gc,marking  ] GC(262) Concurrent Clear Claimed Marks
[112.964s][info][gc,marking  ] GC(262) Concurrent Clear Claimed Marks 0.050ms
[112.964s][info][gc,marking  ] GC(262) Concurrent Cleanup for Next Mark
[112.968s][info][gc,marking  ] GC(262) Concurrent Cleanup for Next Mark 3.885ms
[112.968s][info][gc          ] GC(262) Concurrent Mark Cycle 1608.793ms
[113.142s][info][gc,start    ] GC(267) Pause Young (Prepare Mixed) (G1 Evacuation Pause)
[113.142s][info][gc,task     ] GC(267) Using 2 workers of 2 for evacuation
[113.221s][info][gc,phases   ] GC(267)   Pre Evacuate Collection Set: 0.51ms
[113.221s][info][gc,phases   ] GC(267)   Merge Heap Roots: 0.51ms
[113.221s][info][gc,phases   ] GC(267)   Evacuate Collection Set: 76.83ms
[113.221s][info][gc,phases   ] GC(267)   Post Evacuate Collection Set: 0.62ms
[113.221s][info][gc,phases   ] GC(267)   Other: 0.08ms
[113.221s][info][gc,heap     ] GC(267) Eden regions: 290->0(230)
[113.221s][info][gc,heap     ] GC(267) Survivor regions: 6->37(37)
[113.221s][info][gc,heap     ] GC(267) Old regions: 568->589
[113.221s][info][gc,heap     ] GC(267) Humongous regions: 7->7
[113.221s][info][gc,metaspace] GC(267) Metaspace: 18270K(18432K)->18270K(18432K) NonClass: 15612K(15680K)->15612K(15680K) Class: 2658K(2752K)->2658K(2752K)
[113.221s][info][gc          ] GC(267) Pause Young (Prepare Mixed) (G1 Evacuation Pause) 871M->632M(978M) 78.786ms
[113.221s][info][gc,cpu      ] GC(267) User=0.16s Sys=0.00s Real=0.08s
[113.454s][info][gc,start    ] GC(268) Pause Young (Mixed) (G1 Evacuation Pause)
[113.454s][info][gc,task     ] GC(268) Using 2 workers of 2 for evacuation
[113.516s][info][gc,phases   ] GC(268)   Pre Evacuate Collection Set: 0.30ms
[113.516s][info][gc,phases   ] GC(268)   Merge Heap Roots: 0.50ms
[113.516s][info][gc,phases   ] GC(268)   Evacuate Collection Set: 59.75ms
[113.516s][info][gc,phases   ] GC(268)   Post Evacuate Collection Set: 0.51ms
[113.516s][info][gc,phases   ] GC(268)   Other: 0.08ms
[113.516s][info][gc,heap     ] GC(268) Eden regions: 230->0(294)
[113.516s][info][gc,heap     ] GC(268) Survivor regions: 37->5(34)
[113.516s][info][gc,heap     ] GC(268) Old regions: 589->563
[113.516s][info][gc,heap     ] GC(268) Humongous regions: 7->7
[113.516s][info][gc,metaspace] GC(268) Metaspace: 18270K(18432K)->18270K(18432K) NonClass: 15612K(15680K)->15612K(15680K) Class: 2658K(2752K)->2658K(2752K)
[113.516s][info][gc          ] GC(268) Pause Young (Mixed) (G1 Evacuation Pause) 862M->575M(978M) 61.347ms
[113.516s][info][gc,cpu      ] GC(268) User=0.12s Sys=0.00s Real=0.06s
[113.924s][info][gc,start    ] GC(269) Pause Young (Concurrent Start) (G1 Evacuation Pause)
[113.924s][info][gc,task     ] GC(269) Using 2 workers of 2 for evacuation
[113.965s][info][gc,phases   ] GC(269)   Pre Evacuate Collection Set: 0.28ms
[113.965s][info][gc,phases   ] GC(269)   Merge Heap Roots: 0.56ms
[113.965s][info][gc,phases   ] GC(269)   Evacuate Collection Set: 39.70ms
[113.965s][info][gc,phases   ] GC(269)   Post Evacuate Collection Set: 0.52ms
[113.965s][info][gc,phases   ] GC(269)   Other: 0.10ms
[113.965s][info][gc,heap     ] GC(269) Eden regions: 294->0(289)
[113.965s][info][gc,heap     ] GC(269) Survivor regions: 5->21(38)
[113.965s][info][gc,heap     ] GC(269) Old regions: 563->563
[113.965s][info][gc,heap     ] GC(269) Humongous regions: 7->7
[113.965s][info][gc,metaspace] GC(269) Metaspace: 18270K(18432K)->18270K(18432K) NonClass: 15612K(15680K)->15612K(15680K) Class: 2658K(2752K)->2658K(2752K)
[113.965s][info][gc          ] GC(269) Pause Young (Concurrent Start) (G1 Evacuation Pause) 869M->590M(978M) 41.374ms
[113.965s][info][gc,cpu      ] GC(269) User=0.08s Sys=0.00s Real=0.04s
[113.965s][info][gc          ] GC(270) Concurrent Mark Cycle
[113.966s][info][gc,marking  ] GC(270) Concurrent Scan Root Regions
[114.005s][info][gc,marking  ] GC(270) Concurrent Scan Root Regions 39.311ms
[114.005s][info][gc,marking  ] GC(270) Concurrent Mark
[114.005s][info][gc,marking  ] GC(270) Concurrent Mark From Roots
[114.005s][info][gc,task     ] GC(270) Using 1 workers of 1 for marking
[114.690s][info][gc,start    ] GC(271) Pause Young (Normal) (G1 Evacuation Pause)
[114.690s][info][gc,task     ] GC(271) Using 2 workers of 2 for evacuation
[114.785s][info][gc,phases   ] GC(271)   Pre Evacuate Collection Set: 0.27ms
[114.785s][info][gc,phases   ] GC(271)   Merge Heap Roots: 0.30ms
[114.785s][info][gc,phases   ] GC(271)   Evacuate Collection Set: 92.74ms
[114.785s][info][gc,phases   ] GC(271)   Post Evacuate Collection Set: 0.63ms
[114.785s][info][gc,phases   ] GC(271)   Other: 0.08ms
[114.785s][info][gc,heap     ] GC(271) Eden regions: 289->0(219)
[114.785s][info][gc,heap     ] GC(271) Survivor regions: 21->39(39)
[114.785s][info][gc,heap     ] GC(271) Old regions: 563->609
[114.785s][info][gc,heap     ] GC(271) Humongous regions: 8->8
[114.785s][info][gc,metaspace] GC(271) Metaspace: 18274K(18432K)->18274K(18432K) NonClass: 15616K(15680K)->15616K(15680K) Class: 2658K(2752K)->2658K(2752K)
[114.785s][info][gc          ] GC(271) Pause Young (Normal) (G1 Evacuation Pause) 880M->656M(978M) 94.264ms
[114.785s][info][gc,cpu      ] GC(271) User=0.18s Sys=0.00s Real=0.09s
[115.037s][info][gc,marking  ] GC(270) Concurrent Mark From Roots 1032.180ms
[115.037s][info][gc,marking  ] GC(270) Concurrent Preclean
[115.037s][info][gc,marking  ] GC(270) Concurrent Preclean 0.038ms
[115.037s][info][gc,start    ] GC(270) Pause Remark
[115.044s][info][gc          ] GC(270) Pause Remark 747M->567M(978M) 6.910ms
[115.044s][info][gc,cpu      ] GC(270) User=0.01s Sys=0.00s Real=0.00s
[115.047s][info][gc,marking  ] GC(270) Concurrent Mark 1042.216ms
[115.047s][info][gc,marking  ] GC(270) Concurrent Rebuild Remembered Sets and Scrub Regions
[115.357s][info][gc,marking  ] GC(270) Concurrent Rebuild Remembered Sets and Scrub Regions 309.843ms
[115.357s][info][gc,start    ] GC(270) Pause Cleanup
[115.357s][info][gc          ] GC(270) Pause Cleanup 692M->692M(978M) 0.116ms
[115.357s][info][gc,cpu      ] GC(270) User=0.00s Sys=0.00s Real=0.00s
[115.358s][info][gc,marking  ] GC(270) Concurrent Clear Claimed Marks
[115.358s][info][gc,marking  ] GC(270) Concurrent Clear Claimed Marks 0.054ms
[115.358s][info][gc,marking  ] GC(270) Concurrent Cleanup for Next Mark
[115.363s][info][gc,marking  ] GC(270) Concurrent Cleanup for Next Mark 4.808ms
[115.363s][info][gc,start    ] GC(272) Pause Young (Prepare Mixed) (G1 Evacuation Pause)
[115.363s][info][gc,task     ] GC(272) Using 2 workers of 2 for evacuation
[115.423s][info][gc,phases   ] GC(272)   Pre Evacuate Collection Set: 0.48ms
[115.423s][info][gc,phases   ] GC(272)   Merge Heap Roots: 0.50ms
[115.423s][info][gc,phases   ] GC(272)   Evacuate Collection Set: 58.17ms
[115.423s][info][gc,phases   ] GC(272)   Post Evacuate Collection Set: 0.48ms
[115.423s][info][gc,phases   ] GC(272)   Other: 0.07ms
[115.423s][info][gc,heap     ] GC(272) Eden regions: 219->0(373)
[115.423s][info][gc,heap     ] GC(272) Survivor regions: 39->11(33)
[115.423s][info][gc,heap     ] GC(272) Old regions: 432->472
[115.423s][info][gc,heap     ] GC(272) Humongous regions: 5->5
[115.423s][info][gc,metaspace] GC(272) Metaspace: 18276K(18432K)->18276K(18432K) NonClass: 15618K(15680K)->15618K(15680K) Class: 2658K(2752K)->2658K(2752K)
[115.423s][info][gc          ] GC(272) Pause Young (Prepare Mixed) (G1 Evacuation Pause) 695M->487M(978M) 59.892ms
[115.423s][info][gc,cpu      ] GC(272) User=0.12s Sys=0.00s Real=0.06s
[115.423s][info][gc          ] GC(270) Concurrent Mark Cycle 1457.818ms
[115.869s][info][gc,start    ] GC(273) Pause Young (Mixed) (G1 Evacuation Pause)
[115.869s][info][gc,task     ] GC(273) Using 2 workers of 2 for evacuation
[115.912s][info][gc,phases   ] GC(273)   Pre Evacuate Collection Set: 0.30ms
[115.912s][info][gc,phases   ] GC(273)   Merge Heap Roots: 0.26ms
[115.912s][info][gc,phases   ] GC(273)   Evacuate Collection Set: 42.02ms
[115.912s][info][gc,phases   ] GC(273)   Post Evacuate Collection Set: 0.61ms
[115.912s][info][gc,phases   ] GC(273)   Other: 0.08ms
[115.912s][info][gc,heap     ] GC(273) Eden regions: 373->0(382)
[115.912s][info][gc,heap     ] GC(273) Survivor regions: 11->38(48)
[115.913s][info][gc,heap     ] GC(273) Old regions: 472->437
[115.913s][info][gc,heap     ] GC(273) Humongous regions: 5->5
[115.913s][info][gc,metaspace] GC(273) Metaspace: 18276K(18432K)->18276K(18432K) NonClass: 15618K(15680K)->15618K(15680K) Class: 2658K(2752K)->2658K(2752K)
[115.913s][info][gc          ] GC(273) Pause Young (Mixed) (G1 Evacuation Pause) 860M->480M(978M) 43.499ms
[115.913s][info][gc,cpu      ] GC(273) User=0.08s Sys=0.00s Real=0.04s
[116.706s][info][gc,start    ] GC(274) Pause Young (Concurrent Start) (G1 Evacuation Pause)
[116.707s][info][gc,task     ] GC(274) Using 2 workers of 2 for evacuation
[116.751s][info][gc,phases   ] GC(274)   Pre Evacuate Collection Set: 0.31ms
[116.751s][info][gc,phases   ] GC(274)   Merge Heap Roots: 0.37ms
[116.751s][info][gc,phases   ] GC(274)   Evacuate Collection Set: 42.73ms
[116.751s][info][gc,phases   ] GC(274)   Post Evacuate Collection Set: 0.57ms
[116.751s][info][gc,phases   ] GC(274)   Other: 0.12ms
[116.751s][info][gc,heap     ] GC(274) Eden regions: 382->0(404)
[116.751s][info][gc,heap     ] GC(274) Survivor regions: 38->1(53)
[116.751s][info][gc,heap     ] GC(274) Old regions: 437->475
[116.751s][info][gc,heap     ] GC(274) Humongous regions: 5->5
[116.751s][info][gc,metaspace] GC(274) Metaspace: 18276K(18432K)->18276K(18432K) NonClass: 15618K(15680K)->15618K(15680K) Class: 2658K(2752K)->2658K(2752K)
[116.751s][info][gc          ] GC(274) Pause Young (Concurrent Start) (G1 Evacuation Pause) 862M->481M(978M) 44.338ms
[116.751s][info][gc          ] GC(275) Concurrent Mark Cycle
[116.751s][info][gc,marking  ] GC(275) Concurrent Scan Root Regions
[116.751s][info][gc,cpu      ] GC(274) User=0.09s Sys=0.00s Real=0.05s
[116.819s][info][gc,marking  ] GC(275) Concurrent Scan Root Regions 68.216ms
[116.819s][info][gc,marking  ] GC(275) Concurrent Mark
[116.819s][info][gc,marking  ] GC(275) Concurrent Mark From Roots
[116.819s][info][gc,task     ] GC(275) Using 1 workers of 1 for marking
[117.555s][info][gc,start    ] GC(276) Pause Young (Normal) (G1 Evacuation Pause)
[117.555s][info][gc,task     ] GC(276) Using 2 workers of 2 for evacuation
[117.633s][info][gc,phases   ] GC(276)   Pre Evacuate Collection Set: 0.28ms
[117.633s][info][gc,phases   ] GC(276)   Merge Heap Roots: 0.46ms
[117.633s][info][gc,phases   ] GC(276)   Evacuate Collection Set: 76.36ms
[117.633s][info][gc,phases   ] GC(276)   Post Evacuate Collection Set: 0.70ms
[117.633s][info][gc,phases   ] GC(276)   Other: 0.10ms
[117.633s][info][gc,heap     ] GC(276) Eden regions: 404->0(316)
[117.633s][info][gc,heap     ] GC(276) Survivor regions: 1->51(51)
[117.633s][info][gc,heap     ] GC(276) Old regions: 475->495
[117.633s][info][gc,heap     ] GC(276) Humongous regions: 5->5
[117.633s][info][gc,metaspace] GC(276) Metaspace: 18280K(18496K)->18280K(18496K) NonClass: 15622K(15744K)->15622K(15744K) Class: 2658K(2752K)->2658K(2752K)
[117.633s][info][gc          ] GC(276) Pause Young (Normal) (G1 Evacuation Pause) 885M->550M(978M) 78.165ms
[117.633s][info][gc,cpu      ] GC(276) User=0.15s Sys=0.00s Real=0.08s
[117.648s][info][gc,marking  ] GC(275) Concurrent Mark From Roots 828.815ms
[117.648s][info][gc,marking  ] GC(275) Concurrent Preclean
[117.648s][info][gc,marking  ] GC(275) Concurrent Preclean 0.035ms
[117.648s][info][gc,start    ] GC(275) Pause Remark
[117.655s][info][gc          ] GC(275) Pause Remark 554M->410M(978M) 6.652ms
[117.655s][info][gc,cpu      ] GC(275) User=0.01s Sys=0.00s Real=0.00s
[117.656s][info][gc,marking  ] GC(275) Concurrent Mark 836.834ms
[117.656s][info][gc,marking  ] GC(275) Concurrent Rebuild Remembered Sets and Scrub Regions
[118.041s][info][gc,marking  ] GC(275) Concurrent Rebuild Remembered Sets and Scrub Regions 385.137ms
[118.041s][info][gc,start    ] GC(275) Pause Cleanup
[118.041s][info][gc          ] GC(275) Pause Cleanup 569M->569M(978M) 0.101ms
[118.041s][info][gc,cpu      ] GC(275) User=0.00s Sys=0.00s Real=0.00s
[118.042s][info][gc,marking  ] GC(275) Concurrent Clear Claimed Marks
[118.042s][info][gc,marking  ] GC(275) Concurrent Clear Claimed Marks 0.028ms
[118.042s][info][gc,marking  ] GC(275) Concurrent Cleanup for Next Mark
[118.047s][info][gc,marking  ] GC(275) Concurrent Cleanup for Next Mark 4.888ms
[118.047s][info][gc          ] GC(275) Concurrent Mark Cycle 1295.841ms
[118.148s][info][gc,start    ] GC(277) Pause Young (Prepare Mixed) (G1 Evacuation Pause)
[118.148s][info][gc,task     ] GC(277) Using 2 workers of 2 for evacuation
[118.265s][info][gc,phases   ] GC(277)   Pre Evacuate Collection Set: 0.49ms
[118.265s][info][gc,phases   ] GC(277)   Merge Heap Roots: 0.40ms
[118.265s][info][gc,phases   ] GC(277)   Evacuate Collection Set: 115.30ms
[118.265s][info][gc,phases   ] GC(277)   Post Evacuate Collection Set: 0.77ms
[118.265s][info][gc,phases   ] GC(277)   Other: 0.08ms
[118.265s][info][gc,heap     ] GC(277) Eden regions: 316->0(351)
[118.265s][info][gc,heap     ] GC(277) Survivor regions: 51->46(46)
[118.265s][info][gc,heap     ] GC(277) Old regions: 353->421
[118.265s][info][gc,heap     ] GC(277) Humongous regions: 6->6
[118.265s][info][gc,metaspace] GC(277) Metaspace: 18285K(18496K)->18285K(18496K) NonClass: 15627K(15744K)->15627K(15744K) Class: 2658K(2752K)->2658K(2752K)
[118.265s][info][gc          ] GC(277) Pause Young (Prepare Mixed) (G1 Evacuation Pause) 725M->472M(978M) 117.245ms
[118.265s][info][gc,cpu      ] GC(277) User=0.23s Sys=0.01s Real=0.11s
[118.685s][info][gc,start    ] GC(278) Pause Young (Mixed) (G1 Evacuation Pause)
[118.685s][info][gc,task     ] GC(278) Using 2 workers of 2 for evacuation
[118.796s][info][gc,phases   ] GC(278)   Pre Evacuate Collection Set: 0.51ms
[118.796s][info][gc,phases   ] GC(278)   Merge Heap Roots: 0.54ms
[118.796s][info][gc,phases   ] GC(278)   Evacuate Collection Set: 108.57ms
[118.796s][info][gc,phases   ] GC(278)   Post Evacuate Collection Set: 0.68ms
[118.796s][info][gc,phases   ] GC(278)   Other: 0.08ms
[118.796s][info][gc,heap     ] GC(278) Eden regions: 351->0(339)
[118.796s][info][gc,heap     ] GC(278) Survivor regions: 46->39(50)
[118.796s][info][gc,heap     ] GC(278) Old regions: 421->448
[118.796s][info][gc,heap     ] GC(278) Humongous regions: 9->9
[118.796s][info][gc,metaspace] GC(278) Metaspace: 18285K(18496K)->18285K(18496K) NonClass: 15627K(15744K)->15627K(15744K) Class: 2658K(2752K)->2658K(2752K)
[118.796s][info][gc          ] GC(278) Pause Young (Mixed) (G1 Evacuation Pause) 826M->495M(978M) 110.627ms
[118.796s][info][gc,cpu      ] GC(278) User=0.22s Sys=0.00s Real=0.11s
[119.305s][info][gc,start    ] GC(279) Pause Young (Concurrent Start) (G1 Evacuation Pause)
[119.305s][info][gc,task     ] GC(279) Using 2 workers of 2 for evacuation
[119.354s][info][gc,phases   ] GC(279)   Pre Evacuate Collection Set: 0.32ms
[119.354s][info][gc,phases   ] GC(279)   Merge Heap Roots: 0.28ms
[119.354s][info][gc,phases   ] GC(279)   Evacuate Collection Set: 47.01ms
[119.354s][info][gc,phases   ] GC(279)   Post Evacuate Collection Set: 0.53ms
[119.354s][info][gc,phases   ] GC(279)   Other: 0.21ms
[119.354s][info][gc,heap     ] GC(279) Eden regions: 339->0(361)
[119.354s][info][gc,heap     ] GC(279) Survivor regions: 39->1(48)
[119.354s][info][gc,heap     ] GC(279) Old regions: 448->487
[119.354s][info][gc,heap     ] GC(279) Humongous regions: 9->9
[119.354s][info][gc,metaspace] GC(279) Metaspace: 18285K(18496K)->18285K(18496K) NonClass: 15627K(15744K)->15627K(15744K) Class: 2658K(2752K)->2658K(2752K)
[119.354s][info][gc          ] GC(279) Pause Young (Concurrent Start) (G1 Evacuation Pause) 834M->497M(978M) 48.595ms
[119.354s][info][gc,cpu      ] GC(279) User=0.10s Sys=0.00s Real=0.05s
[119.354s][info][gc          ] GC(280) Concurrent Mark Cycle
[119.354s][info][gc,marking  ] GC(280) Concurrent Scan Root Regions
[119.428s][info][gc,marking  ] GC(280) Concurrent Scan Root Regions 74.086ms
[119.428s][info][gc,marking  ] GC(280) Concurrent Mark
[119.428s][info][gc,marking  ] GC(280) Concurrent Mark From Roots
[119.428s][info][gc,task     ] GC(280) Using 1 workers of 1 for marking
[120.572s][info][gc,start    ] GC(281) Pause Young (Normal) (G1 Evacuation Pause)
[120.573s][info][gc,task     ] GC(281) Using 2 workers of 2 for evacuation
[120.574s][info][gc,phases   ] GC(281)   Pre Evacuate Collection Set: 0.51ms
[120.574s][info][gc,phases   ] GC(281)   Merge Heap Roots: 0.13ms
[120.574s][info][gc,phases   ] GC(281)   Evacuate Collection Set: 0.28ms
[120.574s][info][gc,phases   ] GC(281)   Post Evacuate Collection Set: 0.47ms
[120.574s][info][gc,phases   ] GC(281)   Other: 0.08ms
[120.574s][info][gc,heap     ] GC(281) Eden regions: 361->0(385)
[120.574s][info][gc,heap     ] GC(281) Survivor regions: 1->1(46)
[120.574s][info][gc,heap     ] GC(281) Old regions: 487->487
[120.574s][info][gc,heap     ] GC(281) Humongous regions: 9->9
[120.574s][info][gc,metaspace] GC(281) Metaspace: 18285K(18496K)->18285K(18496K) NonClass: 15627K(15744K)->15627K(15744K) Class: 2658K(2752K)->2658K(2752K)
[120.574s][info][gc          ] GC(281) Pause Young (Normal) (G1 Evacuation Pause) 858M->497M(978M) 1.660ms
[120.574s][info][gc,cpu      ] GC(281) User=0.00s Sys=0.00s Real=0.00s
[120.623s][info][gc,marking  ] GC(280) Concurrent Mark From Roots 1194.819ms
[120.623s][info][gc,marking  ] GC(280) Concurrent Preclean
[120.623s][info][gc,marking  ] GC(280) Concurrent Preclean 0.032ms
[120.623s][info][gc,start    ] GC(280) Pause Remark
[120.630s][info][gc          ] GC(280) Pause Remark 509M->507M(978M) 6.585ms
[120.630s][info][gc,cpu      ] GC(280) User=0.02s Sys=0.00s Real=0.01s
[120.630s][info][gc,marking  ] GC(280) Concurrent Mark 1201.687ms
[120.630s][info][gc,marking  ] GC(280) Concurrent Rebuild Remembered Sets and Scrub Regions
[121.061s][info][gc,marking  ] GC(280) Concurrent Rebuild Remembered Sets and Scrub Regions 430.903ms
[121.061s][info][gc,start    ] GC(280) Pause Cleanup
[121.061s][info][gc          ] GC(280) Pause Cleanup 717M->717M(978M) 0.090ms
[121.061s][info][gc,cpu      ] GC(280) User=0.00s Sys=0.00s Real=0.00s
[121.062s][info][gc,marking  ] GC(280) Concurrent Clear Claimed Marks
[121.062s][info][gc,marking  ] GC(280) Concurrent Clear Claimed Marks 0.045ms
[121.062s][info][gc,marking  ] GC(280) Concurrent Cleanup for Next Mark
[121.065s][info][gc,marking  ] GC(280) Concurrent Cleanup for Next Mark 2.861ms
[121.065s][info][gc          ] GC(280) Concurrent Mark Cycle 1711.143ms
[121.243s][info][gc,start    ] GC(282) Pause Young (Prepare Mixed) (G1 Evacuation Pause)
[121.243s][info][gc,task     ] GC(282) Using 2 workers of 2 for evacuation
[121.279s][info][gc,phases   ] GC(282)   Pre Evacuate Collection Set: 0.29ms
[121.279s][info][gc,phases   ] GC(282)   Merge Heap Roots: 0.21ms
[121.279s][info][gc,phases   ] GC(282)   Evacuate Collection Set: 35.06ms
[121.279s][info][gc,phases   ] GC(282)   Post Evacuate Collection Set: 0.56ms
[121.279s][info][gc,phases   ] GC(282)   Other: 0.11ms
[121.279s][info][gc,heap     ] GC(282) Eden regions: 385->0(353)
[121.279s][info][gc,heap     ] GC(282) Survivor regions: 1->32(49)
[121.279s][info][gc,heap     ] GC(282) Old regions: 487->487
[121.279s][info][gc,heap     ] GC(282) Humongous regions: 7->7
[121.279s][info][gc,metaspace] GC(282) Metaspace: 18285K(18496K)->18285K(18496K) NonClass: 15627K(15744K)->15627K(15744K) Class: 2658K(2752K)->2658K(2752K)
[121.279s][info][gc          ] GC(282) Pause Young (Prepare Mixed) (G1 Evacuation Pause) 880M->525M(978M) 36.504ms
[121.279s][info][gc,cpu      ] GC(282) User=0.08s Sys=0.00s Real=0.04s
[121.593s][info][gc,start    ] GC(283) Pause Young (Mixed) (G1 Evacuation Pause)
[121.593s][info][gc,task     ] GC(283) Using 2 workers of 2 for evacuation
[121.635s][info][gc,phases   ] GC(283)   Pre Evacuate Collection Set: 0.31ms
[121.635s][info][gc,phases   ] GC(283)   Merge Heap Roots: 0.25ms
[121.635s][info][gc,phases   ] GC(283)   Evacuate Collection Set: 41.31ms
[121.635s][info][gc,phases   ] GC(283)   Post Evacuate Collection Set: 0.56ms
[121.635s][info][gc,phases   ] GC(283)   Other: 0.12ms
[121.635s][info][gc,heap     ] GC(283) Eden regions: 353->0(368)
[121.635s][info][gc,heap     ] GC(283) Survivor regions: 32->9(49)
[121.635s][info][gc,heap     ] GC(283) Old regions: 487->508
[121.635s][info][gc,heap     ] GC(283) Humongous regions: 7->7
[121.635s][info][gc,metaspace] GC(283) Metaspace: 18289K(18496K)->18289K(18496K) NonClass: 15631K(15744K)->15631K(15744K) Class: 2658K(2752K)->2658K(2752K)
[121.635s][info][gc          ] GC(283) Pause Young (Mixed) (G1 Evacuation Pause) 878M->523M(978M) 42.745ms
[121.635s][info][gc,cpu      ] GC(283) User=0.08s Sys=0.00s Real=0.04s
[121.948s][info][gc,start    ] GC(284) Pause Young (Concurrent Start) (G1 Evacuation Pause)
[121.948s][info][gc,task     ] GC(284) Using 2 workers of 2 for evacuation
[122.019s][info][gc,phases   ] GC(284)   Pre Evacuate Collection Set: 0.32ms
[122.019s][info][gc,phases   ] GC(284)   Merge Heap Roots: 0.28ms
[122.019s][info][gc,phases   ] GC(284)   Evacuate Collection Set: 69.70ms
[122.019s][info][gc,phases   ] GC(284)   Post Evacuate Collection Set: 0.58ms
[122.019s][info][gc,phases   ] GC(284)   Other: 0.11ms
[122.019s][info][gc,heap     ] GC(284) Eden regions: 368->0(298)
[122.019s][info][gc,heap     ] GC(284) Survivor regions: 9->48(48)
[122.019s][info][gc,heap     ] GC(284) Old regions: 508->523
[122.019s][info][gc,heap     ] GC(284) Humongous regions: 7->7
[122.019s][info][gc,metaspace] GC(284) Metaspace: 18289K(18496K)->18289K(18496K) NonClass: 15631K(15744K)->15631K(15744K) Class: 2658K(2752K)->2658K(2752K)
[122.019s][info][gc          ] GC(284) Pause Young (Concurrent Start) (G1 Evacuation Pause) 891M->577M(978M) 71.265ms
[122.019s][info][gc,cpu      ] GC(284) User=0.14s Sys=0.00s Real=0.07s
[122.019s][info][gc          ] GC(285) Concurrent Mark Cycle
[122.019s][info][gc,marking  ] GC(285) Concurrent Scan Root Regions
[122.126s][info][gc,marking  ] GC(285) Concurrent Scan Root Regions 106.661ms
[122.126s][info][gc,marking  ] GC(285) Concurrent Mark
[122.126s][info][gc,marking  ] GC(285) Concurrent Mark From Roots
[122.126s][info][gc,task     ] GC(285) Using 1 workers of 1 for marking
[122.537s][info][gc,start    ] GC(286) Pause Young (Normal) (G1 Evacuation Pause)
[122.537s][info][gc,task     ] GC(286) Using 2 workers of 2 for evacuation
[122.597s][info][gc,phases   ] GC(286)   Pre Evacuate Collection Set: 0.28ms
[122.597s][info][gc,phases   ] GC(286)   Merge Heap Roots: 0.29ms
[122.597s][info][gc,phases   ] GC(286)   Evacuate Collection Set: 57.86ms
[122.597s][info][gc,phases   ] GC(286)   Post Evacuate Collection Set: 0.55ms
[122.597s][info][gc,phases   ] GC(286)   Other: 0.09ms
[122.597s][info][gc,heap     ] GC(286) Eden regions: 298->0(304)
[122.597s][info][gc,heap     ] GC(286) Survivor regions: 48->9(44)
[122.597s][info][gc,heap     ] GC(286) Old regions: 523->571
[122.597s][info][gc,heap     ] GC(286) Humongous regions: 7->7
[122.597s][info][gc,metaspace] GC(286) Metaspace: 18290K(18496K)->18290K(18496K) NonClass: 15632K(15744K)->15632K(15744K) Class: 2658K(2752K)->2658K(2752K)
[122.597s][info][gc          ] GC(286) Pause Young (Normal) (G1 Evacuation Pause) 875M->586M(978M) 59.256ms
[122.597s][info][gc,cpu      ] GC(286) User=0.12s Sys=0.00s Real=0.05s
[123.201s][info][gc,start    ] GC(287) Pause Young (Normal) (G1 Evacuation Pause)
[123.201s][info][gc,task     ] GC(287) Using 2 workers of 2 for evacuation
[123.239s][info][gc,phases   ] GC(287)   Pre Evacuate Collection Set: 0.29ms
[123.239s][info][gc,phases   ] GC(287)   Merge Heap Roots: 0.29ms
[123.239s][info][gc,phases   ] GC(287)   Evacuate Collection Set: 36.60ms
[123.239s][info][gc,phases   ] GC(287)   Post Evacuate Collection Set: 0.52ms
[123.239s][info][gc,phases   ] GC(287)   Other: 0.11ms
[123.239s][info][gc,heap     ] GC(287) Eden regions: 304->0(284)
[123.239s][info][gc,heap     ] GC(287) Survivor regions: 9->32(40)
[123.239s][info][gc,heap     ] GC(287) Old regions: 571->571
[123.239s][info][gc,heap     ] GC(287) Humongous regions: 7->7
[123.239s][info][gc,metaspace] GC(287) Metaspace: 18290K(18496K)->18290K(18496K) NonClass: 15632K(15744K)->15632K(15744K) Class: 2658K(2752K)->2658K(2752K)
[123.239s][info][gc          ] GC(287) Pause Young (Normal) (G1 Evacuation Pause) 890M->610M(978M) 38.059ms
[123.239s][info][gc,cpu      ] GC(287) User=0.08s Sys=0.00s Real=0.04s
[123.849s][info][gc,marking  ] GC(285) Concurrent Mark From Roots 1722.988ms
[123.849s][info][gc,marking  ] GC(285) Concurrent Preclean
[123.849s][info][gc,marking  ] GC(285) Concurrent Preclean 0.043ms
[123.849s][info][gc,start    ] GC(285) Pause Remark
[123.856s][info][gc          ] GC(285) Pause Remark 765M->765M(978M) 6.673ms
[123.856s][info][gc,cpu      ] GC(285) User=0.02s Sys=0.00s Real=0.00s
[123.856s][info][gc,marking  ] GC(285) Concurrent Mark 1730.028ms
[123.856s][info][gc,marking  ] GC(285) Concurrent Rebuild Remembered Sets and Scrub Regions
[124.356s][info][gc,marking  ] GC(285) Concurrent Rebuild Remembered Sets and Scrub Regions 499.899ms
[124.356s][info][gc,start    ] GC(285) Pause Cleanup
[124.356s][info][gc          ] GC(285) Pause Cleanup 891M->891M(978M) 0.112ms
[124.356s][info][gc,cpu      ] GC(285) User=0.00s Sys=0.00s Real=0.00s
[124.358s][info][gc,marking  ] GC(285) Concurrent Clear Claimed Marks
[124.358s][info][gc,marking  ] GC(285) Concurrent Clear Claimed Marks 0.054ms
[124.358s][info][gc,marking  ] GC(285) Concurrent Cleanup for Next Mark
[124.363s][info][gc,marking  ] GC(285) Concurrent Cleanup for Next Mark 5.085ms
[124.363s][info][gc          ] GC(285) Concurrent Mark Cycle 2343.609ms
[124.366s][info][gc,start    ] GC(288) Pause Young (Prepare Mixed) (G1 Evacuation Pause)
[124.366s][info][gc,task     ] GC(288) Using 2 workers of 2 for evacuation
[124.399s][info][gc,phases   ] GC(288)   Pre Evacuate Collection Set: 0.30ms
[124.399s][info][gc,phases   ] GC(288)   Merge Heap Roots: 0.31ms
[124.399s][info][gc,phases   ] GC(288)   Evacuate Collection Set: 32.12ms
[124.399s][info][gc,phases   ] GC(288)   Post Evacuate Collection Set: 0.48ms
[124.399s][info][gc,phases   ] GC(288)   Other: 0.07ms
[124.399s][info][gc,heap     ] GC(288) Eden regions: 284->0(299)
[124.399s][info][gc,heap     ] GC(288) Survivor regions: 32->1(40)
[124.399s][info][gc,heap     ] GC(288) Old regions: 571->603
[124.399s][info][gc,heap     ] GC(288) Humongous regions: 7->7
[124.399s][info][gc,metaspace] GC(288) Metaspace: 18291K(18496K)->18291K(18496K) NonClass: 15633K(15744K)->15633K(15744K) Class: 2658K(2752K)->2658K(2752K)
[124.399s][info][gc          ] GC(288) Pause Young (Prepare Mixed) (G1 Evacuation Pause) 894M->610M(978M) 33.500ms
[124.399s][info][gc,cpu      ] GC(288) User=0.06s Sys=0.00s Real=0.04s
[125.053s][info][gc,start    ] GC(289) Pause Young (Mixed) (G1 Evacuation Pause)
[125.053s][info][gc,task     ] GC(289) Using 2 workers of 2 for evacuation
[125.056s][info][gc,phases   ] GC(289)   Pre Evacuate Collection Set: 0.31ms
[125.056s][info][gc,phases   ] GC(289)   Merge Heap Roots: 0.15ms
[125.056s][info][gc,phases   ] GC(289)   Evacuate Collection Set: 2.42ms
[125.056s][info][gc,phases   ] GC(289)   Post Evacuate Collection Set: 0.47ms
[125.056s][info][gc,phases   ] GC(289)   Other: 0.14ms
[125.056s][info][gc,heap     ] GC(289) Eden regions: 299->0(319)
[125.056s][info][gc,heap     ] GC(289) Survivor regions: 1->1(38)
[125.056s][info][gc,heap     ] GC(289) Old regions: 603->595
[125.056s][info][gc,heap     ] GC(289) Humongous regions: 7->7
[125.056s][info][gc,metaspace] GC(289) Metaspace: 18291K(18496K)->18291K(18496K) NonClass: 15633K(15744K)->15633K(15744K) Class: 2658K(2752K)->2658K(2752K)
[125.056s][info][gc          ] GC(289) Pause Young (Mixed) (G1 Evacuation Pause) 909M->602M(978M) 3.724ms
[125.056s][info][gc,cpu      ] GC(289) User=0.01s Sys=0.00s Real=0.00s
[125.707s][info][gc,start    ] GC(290) Pause Young (Concurrent Start) (G1 Evacuation Pause)
[125.707s][info][gc,task     ] GC(290) Using 2 workers of 2 for evacuation
[125.724s][info][gc,phases   ] GC(290)   Pre Evacuate Collection Set: 0.34ms
[125.724s][info][gc,phases   ] GC(290)   Merge Heap Roots: 0.14ms
[125.724s][info][gc,phases   ] GC(290)   Evacuate Collection Set: 15.95ms
[125.724s][info][gc,phases   ] GC(290)   Post Evacuate Collection Set: 0.48ms
[125.724s][info][gc,phases   ] GC(290)   Other: 0.23ms
[125.724s][info][gc,heap     ] GC(290) Eden regions: 319->0(292)
[125.724s][info][gc,heap     ] GC(290) Survivor regions: 1->17(40)
[125.724s][info][gc,heap     ] GC(290) Old regions: 595->595
[125.724s][info][gc,heap     ] GC(290) Humongous regions: 7->7
[125.724s][info][gc,metaspace] GC(290) Metaspace: 18291K(18496K)->18291K(18496K) NonClass: 15633K(15744K)->15633K(15744K) Class: 2658K(2752K)->2658K(2752K)
[125.725s][info][gc          ] GC(290) Pause Young (Concurrent Start) (G1 Evacuation Pause) 921M->618M(978M) 17.373ms
[125.725s][info][gc          ] GC(291) Concurrent Mark Cycle
[125.725s][info][gc,marking  ] GC(291) Concurrent Scan Root Regions
[125.725s][info][gc,cpu      ] GC(290) User=0.03s Sys=0.00s Real=0.01s
[125.753s][info][gc,marking  ] GC(291) Concurrent Scan Root Regions 28.923ms
[125.754s][info][gc,marking  ] GC(291) Concurrent Mark
[125.754s][info][gc,marking  ] GC(291) Concurrent Mark From Roots
[125.754s][info][gc,task     ] GC(291) Using 1 workers of 1 for marking
[126.353s][info][gc,start    ] GC(292) Pause Young (Normal) (G1 Evacuation Pause)
[126.353s][info][gc,task     ] GC(292) Using 2 workers of 2 for evacuation
[126.424s][info][gc,phases   ] GC(292)   Pre Evacuate Collection Set: 0.49ms
[126.424s][info][gc,phases   ] GC(292)   Merge Heap Roots: 0.14ms
[126.424s][info][gc,phases   ] GC(292)   Evacuate Collection Set: 66.97ms
[126.424s][info][gc,phases   ] GC(292)   Post Evacuate Collection Set: 3.40ms
[126.424s][info][gc,phases   ] GC(292)   Other: 0.10ms
[126.424s][info][gc,heap     ] GC(292) Eden regions: 292->0(160)
[126.424s][info][gc,heap     ] GC(292) Survivor regions: 17->39(39)
[126.424s][info][gc,heap     ] GC(292) Old regions: 595->683
[126.424s][info][gc,heap     ] GC(292) Humongous regions: 7->7
[126.424s][info][gc,metaspace] GC(292) Metaspace: 18291K(18496K)->18291K(18496K) NonClass: 15633K(15744K)->15633K(15744K) Class: 2658K(2752K)->2658K(2752K)
[126.424s][info][gc          ] GC(292) Pause Young (Normal) (G1 Evacuation Pause) (Evacuation Failure: Allocation) 910M->729M(978M) 71.365ms
[126.424s][info][gc,cpu      ] GC(292) User=0.14s Sys=0.00s Real=0.07s
[126.810s][info][gc,start    ] GC(293) Pause Young (Normal) (G1 Evacuation Pause)
[126.810s][info][gc,task     ] GC(293) Using 2 workers of 2 for evacuation
[126.914s][info][gc,phases   ] GC(293)   Pre Evacuate Collection Set: 0.32ms
[126.914s][info][gc,phases   ] GC(293)   Merge Heap Roots: 0.40ms
[126.914s][info][gc,phases   ] GC(293)   Evacuate Collection Set: 100.65ms
[126.914s][info][gc,phases   ] GC(293)   Post Evacuate Collection Set: 2.56ms
[126.914s][info][gc,phases   ] GC(293)   Other: 0.08ms
[126.914s][info][gc,heap     ] GC(293) Eden regions: 160->0(157)
[126.914s][info][gc,heap     ] GC(293) Survivor regions: 39->25(25)
[126.914s][info][gc,heap     ] GC(293) Old regions: 683->711
[126.914s][info][gc,heap     ] GC(293) Humongous regions: 10->10
[126.914s][info][gc,metaspace] GC(293) Metaspace: 18291K(18496K)->18291K(18496K) NonClass: 15633K(15744K)->15633K(15744K) Class: 2658K(2752K)->2658K(2752K)
[126.915s][info][gc          ] GC(293) Pause Young (Normal) (G1 Evacuation Pause) (Evacuation Failure: Allocation) 892M->746M(978M) 104.260ms
[126.915s][info][gc,cpu      ] GC(293) User=0.21s Sys=0.00s Real=0.10s
[127.238s][info][gc,start    ] GC(294) Pause Young (Normal) (G1 Evacuation Pause)
[127.238s][info][gc,task     ] GC(294) Using 2 workers of 2 for evacuation
[127.325s][info][gc,phases   ] GC(294)   Pre Evacuate Collection Set: 0.50ms
[127.325s][info][gc,phases   ] GC(294)   Merge Heap Roots: 0.43ms
[127.325s][info][gc,phases   ] GC(294)   Evacuate Collection Set: 84.35ms
[127.325s][info][gc,phases   ] GC(294)   Post Evacuate Collection Set: 1.09ms
[127.325s][info][gc,phases   ] GC(294)   Other: 0.09ms
[127.325s][info][gc,heap     ] GC(294) Eden regions: 157->0(115)
[127.325s][info][gc,heap     ] GC(294) Survivor regions: 25->23(23)
[127.325s][info][gc,heap     ] GC(294) Old regions: 711->757
[127.325s][info][gc,heap     ] GC(294) Humongous regions: 10->10
[127.325s][info][gc,metaspace] GC(294) Metaspace: 18291K(18496K)->18291K(18496K) NonClass: 15633K(15744K)->15633K(15744K) Class: 2658K(2752K)->2658K(2752K)
[127.325s][info][gc          ] GC(294) Pause Young (Normal) (G1 Evacuation Pause) (Evacuation Failure: Allocation) 903M->790M(978M) 86.718ms
[127.325s][info][gc,cpu      ] GC(294) User=0.17s Sys=0.00s Real=0.08s
[127.475s][info][gc,marking  ] GC(291) Concurrent Mark From Roots 1721.273ms
[127.475s][info][gc,marking  ] GC(291) Concurrent Preclean
[127.475s][info][gc,marking  ] GC(291) Concurrent Preclean 0.034ms
[127.475s][info][gc,start    ] GC(291) Pause Remark
[127.482s][info][gc          ] GC(291) Pause Remark 851M->799M(978M) 6.602ms
[127.482s][info][gc,cpu      ] GC(291) User=0.01s Sys=0.00s Real=0.01s
[127.482s][info][gc,marking  ] GC(291) Concurrent Mark 1728.243ms
[127.482s][info][gc,marking  ] GC(291) Concurrent Rebuild Remembered Sets and Scrub Regions
[127.571s][info][gc,start    ] GC(295) Pause Young (Normal) (G1 Evacuation Pause)
[127.571s][info][gc,task     ] GC(295) Using 2 workers of 2 for evacuation
[127.598s][info][gc,phases   ] GC(295)   Pre Evacuate Collection Set: 0.26ms
[127.598s][info][gc,phases   ] GC(295)   Merge Heap Roots: 0.29ms
[127.598s][info][gc,phases   ] GC(295)   Evacuate Collection Set: 25.70ms
[127.598s][info][gc,phases   ] GC(295)   Post Evacuate Collection Set: 0.32ms
[127.598s][info][gc,phases   ] GC(295)   Other: 0.07ms
[127.598s][info][gc,heap     ] GC(295) Eden regions: 115->0(178)
[127.598s][info][gc,heap     ] GC(295) Survivor regions: 23->1(18)
[127.598s][info][gc,heap     ] GC(295) Old regions: 706->709
[127.598s][info][gc,heap     ] GC(295) Humongous regions: 9->9
[127.598s][info][gc,metaspace] GC(295) Metaspace: 18291K(18496K)->18291K(18496K) NonClass: 15633K(15744K)->15633K(15744K) Class: 2658K(2752K)->2658K(2752K)
[127.598s][info][gc          ] GC(295) Pause Young (Normal) (G1 Evacuation Pause) 853M->719M(978M) 26.909ms
[127.598s][info][gc,cpu      ] GC(295) User=0.05s Sys=0.00s Real=0.03s
[127.885s][info][gc,start    ] GC(296) Pause Young (Normal) (G1 Evacuation Pause)
[127.885s][info][gc,task     ] GC(296) Using 2 workers of 2 for evacuation
[127.887s][info][gc,phases   ] GC(296)   Pre Evacuate Collection Set: 0.27ms
[127.887s][info][gc,phases   ] GC(296)   Merge Heap Roots: 0.08ms
[127.887s][info][gc,phases   ] GC(296)   Evacuate Collection Set: 1.04ms
[127.887s][info][gc,phases   ] GC(296)   Post Evacuate Collection Set: 0.33ms
[127.887s][info][gc,phases   ] GC(296)   Other: 0.09ms
[127.887s][info][gc,heap     ] GC(296) Eden regions: 178->0(190)
[127.887s][info][gc,heap     ] GC(296) Survivor regions: 1->1(23)
[127.887s][info][gc,heap     ] GC(296) Old regions: 709->709
[127.887s][info][gc,heap     ] GC(296) Humongous regions: 9->9
[127.887s][info][gc,metaspace] GC(296) Metaspace: 18291K(18496K)->18291K(18496K) NonClass: 15633K(15744K)->15633K(15744K) Class: 2658K(2752K)->2658K(2752K)
[127.887s][info][gc          ] GC(296) Pause Young (Normal) (G1 Evacuation Pause) 897M->719M(978M) 2.028ms
[127.887s][info][gc,cpu      ] GC(296) User=0.00s Sys=0.00s Real=0.00s
[128.158s][info][gc,start    ] GC(297) Pause Young (Normal) (G1 Evacuation Pause)
[128.158s][info][gc,task     ] GC(297) Using 2 workers of 2 for evacuation
[128.160s][info][gc,phases   ] GC(297)   Pre Evacuate Collection Set: 0.47ms
[128.160s][info][gc,phases   ] GC(297)   Merge Heap Roots: 0.08ms
[128.160s][info][gc,phases   ] GC(297)   Evacuate Collection Set: 1.23ms
[128.160s][info][gc,phases   ] GC(297)   Post Evacuate Collection Set: 0.36ms
[128.160s][info][gc,phases   ] GC(297)   Other: 0.09ms
[128.160s][info][gc,heap     ] GC(297) Eden regions: 190->0(199)
[128.161s][info][gc,heap     ] GC(297) Survivor regions: 1->1(24)
[128.161s][info][gc,heap     ] GC(297) Old regions: 709->709
[128.161s][info][gc,heap     ] GC(297) Humongous regions: 9->9
[128.161s][info][gc,metaspace] GC(297) Metaspace: 18291K(18496K)->18291K(18496K) NonClass: 15633K(15744K)->15633K(15744K) Class: 2658K(2752K)->2658K(2752K)
[128.161s][info][gc          ] GC(297) Pause Young (Normal) (G1 Evacuation Pause) 909M->718M(978M) 2.472ms
[128.161s][info][gc,cpu      ] GC(297) User=0.00s Sys=0.00s Real=0.00s
[128.188s][info][gc,marking  ] GC(291) Concurrent Rebuild Remembered Sets and Scrub Regions 706.074ms
[128.189s][info][gc,start    ] GC(291) Pause Cleanup
[128.189s][info][gc          ] GC(291) Pause Cleanup 737M->737M(978M) 0.117ms
[128.189s][info][gc,cpu      ] GC(291) User=0.00s Sys=0.00s Real=0.00s
[128.189s][info][gc,marking  ] GC(291) Concurrent Clear Claimed Marks
[128.189s][info][gc,marking  ] GC(291) Concurrent Clear Claimed Marks 0.041ms
[128.189s][info][gc,marking  ] GC(291) Concurrent Cleanup for Next Mark
[128.194s][info][gc,marking  ] GC(291) Concurrent Cleanup for Next Mark 4.837ms
[128.194s][info][gc          ] GC(291) Concurrent Mark Cycle 2469.179ms
[128.381s][info][gc,start    ] GC(298) Pause Young (Prepare Mixed) (G1 Evacuation Pause)
[128.382s][info][gc,task     ] GC(298) Using 2 workers of 2 for evacuation
[128.384s][info][gc,phases   ] GC(298)   Pre Evacuate Collection Set: 0.53ms
[128.384s][info][gc,phases   ] GC(298)   Merge Heap Roots: 0.09ms
[128.384s][info][gc,phases   ] GC(298)   Evacuate Collection Set: 1.16ms
[128.384s][info][gc,phases   ] GC(298)   Post Evacuate Collection Set: 0.38ms
[128.384s][info][gc,phases   ] GC(298)   Other: 0.07ms
[128.384s][info][gc,heap     ] GC(298) Eden regions: 199->0(208)
[128.384s][info][gc,heap     ] GC(298) Survivor regions: 1->1(25)
[128.384s][info][gc,heap     ] GC(298) Old regions: 709->709
[128.384s][info][gc,heap     ] GC(298) Humongous regions: 9->9
[128.384s][info][gc,metaspace] GC(298) Metaspace: 18291K(18496K)->18291K(18496K) NonClass: 15633K(15744K)->15633K(15744K) Class: 2658K(2752K)->2658K(2752K)
[128.384s][info][gc          ] GC(298) Pause Young (Prepare Mixed) (G1 Evacuation Pause) 917M->718M(978M) 2.418ms
[128.384s][info][gc,cpu      ] GC(298) User=0.00s Sys=0.00s Real=0.00s
[128.600s][info][gc,start    ] GC(299) Pause Young (Mixed) (G1 Evacuation Pause)
[128.600s][info][gc,task     ] GC(299) Using 2 workers of 2 for evacuation
[128.629s][info][gc,phases   ] GC(299)   Pre Evacuate Collection Set: 0.52ms
[128.629s][info][gc,phases   ] GC(299)   Merge Heap Roots: 0.29ms
[128.629s][info][gc,phases   ] GC(299)   Evacuate Collection Set: 27.82ms
[128.629s][info][gc,phases   ] GC(299)   Post Evacuate Collection Set: 0.41ms
[128.629s][info][gc,phases   ] GC(299)   Other: 0.10ms
[128.629s][info][gc,heap     ] GC(299) Eden regions: 208->0(229)
[128.629s][info][gc,heap     ] GC(299) Survivor regions: 1->1(27)
[128.629s][info][gc,heap     ] GC(299) Old regions: 709->688
[128.629s][info][gc,heap     ] GC(299) Humongous regions: 9->9
[128.629s][info][gc,metaspace] GC(299) Metaspace: 18291K(18496K)->18291K(18496K) NonClass: 15633K(15744K)->15633K(15744K) Class: 2658K(2752K)->2658K(2752K)
[128.629s][info][gc          ] GC(299) Pause Young (Mixed) (G1 Evacuation Pause) 926M->697M(978M) 29.337ms
[128.629s][info][gc,cpu      ] GC(299) User=0.06s Sys=0.01s Real=0.03s
[128.859s][info][gc,start    ] GC(300) Pause Young (Concurrent Start) (G1 Humongous Allocation)
[128.859s][info][gc,task     ] GC(300) Using 2 workers of 2 for evacuation
[128.883s][info][gc,phases   ] GC(300)   Pre Evacuate Collection Set: 0.30ms
[128.883s][info][gc,phases   ] GC(300)   Merge Heap Roots: 0.31ms
[128.883s][info][gc,phases   ] GC(300)   Evacuate Collection Set: 22.41ms
[128.883s][info][gc,phases   ] GC(300)   Post Evacuate Collection Set: 0.52ms
[128.883s][info][gc,phases   ] GC(300)   Other: 0.09ms
[128.883s][info][gc,heap     ] GC(300) Eden regions: 192->0(211)
[128.883s][info][gc,heap     ] GC(300) Survivor regions: 1->10(29)
[128.883s][info][gc,heap     ] GC(300) Old regions: 688->688
[128.883s][info][gc,heap     ] GC(300) Humongous regions: 9->9
[128.883s][info][gc,metaspace] GC(300) Metaspace: 18291K(18496K)->18291K(18496K) NonClass: 15633K(15744K)->15633K(15744K) Class: 2658K(2752K)->2658K(2752K)
[128.883s][info][gc          ] GC(300) Pause Young (Concurrent Start) (G1 Humongous Allocation) 889M->705M(978M) 23.872ms
[128.883s][info][gc,cpu      ] GC(300) User=0.05s Sys=0.00s Real=0.02s
[128.883s][info][gc          ] GC(301) Concurrent Mark Cycle
[128.883s][info][gc,marking  ] GC(301) Concurrent Scan Root Regions
[128.912s][info][gc,marking  ] GC(301) Concurrent Scan Root Regions 28.868ms
[128.912s][info][gc,marking  ] GC(301) Concurrent Mark
[128.912s][info][gc,marking  ] GC(301) Concurrent Mark From Roots
[128.912s][info][gc,task     ] GC(301) Using 1 workers of 1 for marking
[129.342s][info][gc,marking  ] GC(301) Concurrent Mark From Roots 429.967ms
[129.342s][info][gc,marking  ] GC(301) Concurrent Preclean
[129.342s][info][gc,marking  ] GC(301) Concurrent Preclean 0.046ms
[129.342s][info][gc,start    ] GC(301) Pause Remark
[129.349s][info][gc          ] GC(301) Pause Remark 856M->525M(978M) 6.994ms
[129.349s][info][gc,cpu      ] GC(301) User=0.01s Sys=0.00s Real=0.01s
[129.349s][info][gc,marking  ] GC(301) Concurrent Mark 437.340ms
[129.349s][info][gc,marking  ] GC(301) Concurrent Rebuild Remembered Sets and Scrub Regions
[129.486s][info][gc,start    ] GC(302) Pause Young (Normal) (G1 Evacuation Pause)
[129.487s][info][gc,task     ] GC(302) Using 2 workers of 2 for evacuation
[129.523s][info][gc,phases   ] GC(302)   Pre Evacuate Collection Set: 0.26ms
[129.523s][info][gc,phases   ] GC(302)   Merge Heap Roots: 0.49ms
[129.523s][info][gc,phases   ] GC(302)   Evacuate Collection Set: 35.51ms
[129.523s][info][gc,phases   ] GC(302)   Post Evacuate Collection Set: 0.53ms
[129.524s][info][gc,phases   ] GC(302)   Other: 0.11ms
[129.524s][info][gc,heap     ] GC(302) Eden regions: 211->0(521)
[129.524s][info][gc,heap     ] GC(302) Survivor regions: 10->19(28)
[129.524s][info][gc,heap     ] GC(302) Old regions: 364->364
[129.524s][info][gc,heap     ] GC(302) Humongous regions: 5->5
[129.524s][info][gc,metaspace] GC(302) Metaspace: 18291K(18496K)->18291K(18496K) NonClass: 15633K(15744K)->15633K(15744K) Class: 2658K(2752K)->2658K(2752K)
[129.524s][info][gc          ] GC(302) Pause Young (Normal) (G1 Evacuation Pause) 588M->386M(978M) 37.139ms
[129.524s][info][gc,cpu      ] GC(302) User=0.08s Sys=0.00s Real=0.04s
[129.548s][info][gc,marking  ] GC(301) Concurrent Rebuild Remembered Sets and Scrub Regions 198.731ms
[129.548s][info][gc,start    ] GC(301) Pause Cleanup
[129.548s][info][gc          ] GC(301) Pause Cleanup 397M->397M(978M) 0.164ms
[129.548s][info][gc,cpu      ] GC(301) User=0.00s Sys=0.00s Real=0.00s
[129.549s][info][gc,marking  ] GC(301) Concurrent Clear Claimed Marks
[129.549s][info][gc,marking  ] GC(301) Concurrent Clear Claimed Marks 0.054ms
[129.549s][info][gc,marking  ] GC(301) Concurrent Cleanup for Next Mark
[129.556s][info][gc,marking  ] GC(301) Concurrent Cleanup for Next Mark 6.727ms
[129.556s][info][gc          ] GC(301) Concurrent Mark Cycle 672.949ms
[130.216s][info][gc,start    ] GC(303) Pause Young (Prepare Mixed) (G1 Evacuation Pause)
[130.216s][info][gc,task     ] GC(303) Using 2 workers of 2 for evacuation
[130.277s][info][gc,phases   ] GC(303)   Pre Evacuate Collection Set: 0.28ms
[130.277s][info][gc,phases   ] GC(303)   Merge Heap Roots: 0.47ms
[130.277s][info][gc,phases   ] GC(303)   Evacuate Collection Set: 59.54ms
[130.277s][info][gc,phases   ] GC(303)   Post Evacuate Collection Set: 0.79ms
[130.277s][info][gc,phases   ] GC(303)   Other: 0.15ms
[130.277s][info][gc,heap     ] GC(303) Eden regions: 521->0(477)
[130.277s][info][gc,heap     ] GC(303) Survivor regions: 19->41(68)
[130.277s][info][gc,heap     ] GC(303) Old regions: 364->364
[130.277s][info][gc,heap     ] GC(303) Humongous regions: 5->5
[130.277s][info][gc,metaspace] GC(303) Metaspace: 18291K(18496K)->18291K(18496K) NonClass: 15633K(15744K)->15633K(15744K) Class: 2658K(2752K)->2658K(2752K)
[130.277s][info][gc          ] GC(303) Pause Young (Prepare Mixed) (G1 Evacuation Pause) 907M->408M(978M) 61.495ms
[130.277s][info][gc,cpu      ] GC(303) User=0.12s Sys=0.00s Real=0.07s
[130.735s][info][gc,start    ] GC(304) Pause Young (Mixed) (G1 Evacuation Pause)
[130.735s][info][gc,task     ] GC(304) Using 2 workers of 2 for evacuation
[130.822s][info][gc,phases   ] GC(304)   Pre Evacuate Collection Set: 0.34ms
[130.822s][info][gc,phases   ] GC(304)   Merge Heap Roots: 0.48ms
[130.822s][info][gc,phases   ] GC(304)   Evacuate Collection Set: 85.27ms
[130.822s][info][gc,phases   ] GC(304)   Post Evacuate Collection Set: 0.83ms
[130.822s][info][gc,phases   ] GC(304)   Other: 0.10ms
[130.822s][info][gc,heap     ] GC(304) Eden regions: 477->0(523)
[130.822s][info][gc,heap     ] GC(304) Survivor regions: 41->49(65)
[130.822s][info][gc,heap     ] GC(304) Old regions: 364->275
[130.822s][info][gc,heap     ] GC(304) Humongous regions: 5->5
[130.822s][info][gc,metaspace] GC(304) Metaspace: 18291K(18496K)->18291K(18496K) NonClass: 15633K(15744K)->15633K(15744K) Class: 2658K(2752K)->2658K(2752K)
[130.822s][info][gc          ] GC(304) Pause Young (Mixed) (G1 Evacuation Pause) 885M->328M(978M) 87.273ms
[130.822s][info][gc,cpu      ] GC(304) User=0.17s Sys=0.00s Real=0.09s
[131.288s][info][gc,start    ] GC(305) Pause Young (Mixed) (G1 Evacuation Pause)
[131.288s][info][gc,task     ] GC(305) Using 2 workers of 2 for evacuation
[131.416s][info][gc,phases   ] GC(305)   Pre Evacuate Collection Set: 0.50ms
[131.417s][info][gc,phases   ] GC(305)   Merge Heap Roots: 1.00ms
[131.417s][info][gc,phases   ] GC(305)   Evacuate Collection Set: 126.35ms
[131.417s][info][gc,phases   ] GC(305)   Post Evacuate Collection Set: 0.80ms
[131.417s][info][gc,phases   ] GC(305)   Other: 0.09ms
[131.417s][info][gc,heap     ] GC(305) Eden regions: 523->0(489)
[131.417s][info][gc,heap     ] GC(305) Survivor regions: 49->72(72)
[131.417s][info][gc,heap     ] GC(305) Old regions: 275->282
[131.417s][info][gc,heap     ] GC(305) Humongous regions: 5->5
[131.417s][info][gc,metaspace] GC(305) Metaspace: 18291K(18496K)->18291K(18496K) NonClass: 15633K(15744K)->15633K(15744K) Class: 2658K(2752K)->2658K(2752K)
[131.417s][info][gc          ] GC(305) Pause Young (Mixed) (G1 Evacuation Pause) 851M->359M(978M) 129.009ms
[131.417s][info][gc,cpu      ] GC(305) User=0.25s Sys=0.00s Real=0.12s
[131.970s][info][gc,start    ] GC(306) Pause Young (Concurrent Start) (G1 Evacuation Pause)
[131.970s][info][gc,task     ] GC(306) Using 2 workers of 2 for evacuation
[132.064s][info][gc,phases   ] GC(306)   Pre Evacuate Collection Set: 0.33ms
[132.064s][info][gc,phases   ] GC(306)   Merge Heap Roots: 0.32ms
[132.064s][info][gc,phases   ] GC(306)   Evacuate Collection Set: 92.91ms
[132.064s][info][gc,phases   ] GC(306)   Post Evacuate Collection Set: 0.71ms
[132.064s][info][gc,phases   ] GC(306)   Other: 0.13ms
[132.064s][info][gc,heap     ] GC(306) Eden regions: 489->0(480)
[132.064s][info][gc,heap     ] GC(306) Survivor regions: 72->22(71)
[132.064s][info][gc,heap     ] GC(306) Old regions: 282->355
[132.064s][info][gc,heap     ] GC(306) Humongous regions: 5->5
[132.064s][info][gc,metaspace] GC(306) Metaspace: 18291K(18496K)->18291K(18496K) NonClass: 15633K(15744K)->15633K(15744K) Class: 2658K(2752K)->2658K(2752K)
[132.064s][info][gc          ] GC(306) Pause Young (Concurrent Start) (G1 Evacuation Pause) 848M->381M(978M) 94.662ms
[132.065s][info][gc,cpu      ] GC(306) User=0.19s Sys=0.00s Real=0.09s
[132.065s][info][gc          ] GC(307) Concurrent Mark Cycle
[132.065s][info][gc,marking  ] GC(307) Concurrent Scan Root Regions
[132.244s][info][gc,marking  ] GC(307) Concurrent Scan Root Regions 179.736ms
[132.244s][info][gc,marking  ] GC(307) Concurrent Mark
[132.244s][info][gc,marking  ] GC(307) Concurrent Mark From Roots
[132.244s][info][gc,task     ] GC(307) Using 1 workers of 1 for marking
[132.853s][info][gc,marking  ] GC(307) Concurrent Mark From Roots 608.165ms
[132.853s][info][gc,marking  ] GC(307) Concurrent Preclean
[132.853s][info][gc,marking  ] GC(307) Concurrent Preclean 0.034ms
[132.853s][info][gc,start    ] GC(307) Pause Remark
[132.860s][info][gc          ] GC(307) Pause Remark 579M->578M(978M) 6.756ms
[132.860s][info][gc,cpu      ] GC(307) User=0.01s Sys=0.00s Real=0.01s
[132.860s][info][gc,marking  ] GC(307) Concurrent Mark 615.298ms
[132.860s][info][gc,marking  ] GC(307) Concurrent Rebuild Remembered Sets and Scrub Regions
[133.145s][info][gc,marking  ] GC(307) Concurrent Rebuild Remembered Sets and Scrub Regions 284.970ms
[133.146s][info][gc,start    ] GC(307) Pause Cleanup
[133.146s][info][gc          ] GC(307) Pause Cleanup 663M->663M(978M) 0.110ms
[133.146s][info][gc,cpu      ] GC(307) User=0.00s Sys=0.00s Real=0.00s
[133.146s][info][gc,marking  ] GC(307) Concurrent Clear Claimed Marks
[133.146s][info][gc,marking  ] GC(307) Concurrent Clear Claimed Marks 0.029ms
[133.146s][info][gc,marking  ] GC(307) Concurrent Cleanup for Next Mark
[133.154s][info][gc,marking  ] GC(307) Concurrent Cleanup for Next Mark 7.300ms
[133.154s][info][gc          ] GC(307) Concurrent Mark Cycle 1089.335ms
[133.581s][info][gc,start    ] GC(308) Pause Young (Prepare Mixed) (G1 Evacuation Pause)
[133.581s][info][gc,task     ] GC(308) Using 2 workers of 2 for evacuation
[133.608s][info][gc,phases   ] GC(308)   Pre Evacuate Collection Set: 0.49ms
[133.608s][info][gc,phases   ] GC(308)   Merge Heap Roots: 0.39ms
[133.608s][info][gc,phases   ] GC(308)   Evacuate Collection Set: 24.84ms
[133.608s][info][gc,phases   ] GC(308)   Post Evacuate Collection Set: 0.65ms
[133.608s][info][gc,phases   ] GC(308)   Other: 0.11ms
[133.608s][info][gc,heap     ] GC(308) Eden regions: 480->0(499)
[133.608s][info][gc,heap     ] GC(308) Survivor regions: 22->22(63)
[133.608s][info][gc,heap     ] GC(308) Old regions: 355->355
[133.608s][info][gc,heap     ] GC(308) Humongous regions: 4->4
[133.608s][info][gc,metaspace] GC(308) Metaspace: 18291K(18496K)->18291K(18496K) NonClass: 15633K(15744K)->15633K(15744K) Class: 2658K(2752K)->2658K(2752K)
[133.608s][info][gc          ] GC(308) Pause Young (Prepare Mixed) (G1 Evacuation Pause) 860M->380M(978M) 26.693ms
[133.608s][info][gc,cpu      ] GC(308) User=0.05s Sys=0.00s Real=0.03s
[134.228s][info][gc,start    ] GC(309) Pause Young (Mixed) (G1 Evacuation Pause)
[134.228s][info][gc,task     ] GC(309) Using 2 workers of 2 for evacuation
[134.380s][info][gc,phases   ] GC(309)   Pre Evacuate Collection Set: 0.30ms
[134.380s][info][gc,phases   ] GC(309)   Merge Heap Roots: 0.27ms
[134.380s][info][gc,phases   ] GC(309)   Evacuate Collection Set: 136.72ms
[134.380s][info][gc,phases   ] GC(309)   Post Evacuate Collection Set: 14.16ms
[134.380s][info][gc,phases   ] GC(309)   Other: 0.08ms
[134.380s][info][gc,heap     ] GC(309) Eden regions: 499->0(274)
[134.380s][info][gc,heap     ] GC(309) Survivor regions: 22->66(66)
[134.380s][info][gc,heap     ] GC(309) Old regions: 355->518
[134.380s][info][gc,heap     ] GC(309) Humongous regions: 4->4
[134.380s][info][gc,metaspace] GC(309) Metaspace: 18292K(18496K)->18292K(18496K) NonClass: 15634K(15744K)->15634K(15744K) Class: 2658K(2752K)->2658K(2752K)
[134.380s][info][gc          ] GC(309) Pause Young (Mixed) (G1 Evacuation Pause) (Evacuation Failure: Allocation) 879M->588M(978M) 151.768ms
[134.380s][info][gc,cpu      ] GC(309) User=0.30s Sys=0.00s Real=0.15s
[134.961s][info][gc,start    ] GC(310) Pause Young (Concurrent Start) (G1 Evacuation Pause)
[134.961s][info][gc,task     ] GC(310) Using 2 workers of 2 for evacuation
[135.130s][info][gc,phases   ] GC(310)   Pre Evacuate Collection Set: 0.43ms
[135.130s][info][gc,phases   ] GC(310)   Merge Heap Roots: 1.20ms
[135.130s][info][gc,phases   ] GC(310)   Evacuate Collection Set: 153.16ms
[135.130s][info][gc,phases   ] GC(310)   Post Evacuate Collection Set: 14.78ms
[135.130s][info][gc,phases   ] GC(310)   Other: 0.12ms
[135.130s][info][gc,heap     ] GC(310) Eden regions: 274->0(160)
[135.130s][info][gc,heap     ] GC(310) Survivor regions: 66->22(43)
[135.130s][info][gc,heap     ] GC(310) Old regions: 518->720
[135.130s][info][gc,heap     ] GC(310) Humongous regions: 4->4
[135.130s][info][gc,metaspace] GC(310) Metaspace: 18292K(18496K)->18292K(18496K) NonClass: 15634K(15744K)->15634K(15744K) Class: 2658K(2752K)->2658K(2752K)
[135.130s][info][gc          ] GC(310) Pause Young (Concurrent Start) (G1 Evacuation Pause) (Evacuation Failure: Allocation) 862M->746M(978M) 169.974ms
[135.131s][info][gc,cpu      ] GC(310) User=0.33s Sys=0.00s Real=0.17s
[135.131s][info][gc          ] GC(311) Concurrent Mark Cycle
[135.131s][info][gc,marking  ] GC(311) Concurrent Scan Root Regions
[135.378s][info][gc,marking  ] GC(311) Concurrent Scan Root Regions 247.539ms
[135.378s][info][gc,marking  ] GC(311) Concurrent Mark
[135.378s][info][gc,marking  ] GC(311) Concurrent Mark From Roots
[135.378s][info][gc,task     ] GC(311) Using 1 workers of 1 for marking
[135.442s][info][gc,start    ] GC(312) Pause Young (Normal) (G1 Evacuation Pause)
[135.442s][info][gc,task     ] GC(312) Using 2 workers of 2 for evacuation
[135.534s][info][gc,phases   ] GC(312)   Pre Evacuate Collection Set: 0.60ms
[135.534s][info][gc,phases   ] GC(312)   Merge Heap Roots: 0.91ms
[135.534s][info][gc,phases   ] GC(312)   Evacuate Collection Set: 86.06ms
[135.534s][info][gc,phases   ] GC(312)   Post Evacuate Collection Set: 4.23ms
[135.534s][info][gc,phases   ] GC(312)   Other: 0.08ms
[135.534s][info][gc,heap     ] GC(312) Eden regions: 160->0(227)
[135.534s][info][gc,heap     ] GC(312) Survivor regions: 22->21(23)
[135.534s][info][gc,heap     ] GC(312) Old regions: 720->655
[135.534s][info][gc,heap     ] GC(312) Humongous regions: 4->4
[135.534s][info][gc,metaspace] GC(312) Metaspace: 18292K(18496K)->18292K(18496K) NonClass: 15634K(15744K)->15634K(15744K) Class: 2658K(2752K)->2658K(2752K)
[135.534s][info][gc          ] GC(312) Pause Young (Normal) (G1 Evacuation Pause) (Evacuation Failure: Allocation) 906M->680M(978M) 92.133ms
[135.534s][info][gc,cpu      ] GC(312) User=0.18s Sys=0.00s Real=0.09s
[136.192s][info][gc,start    ] GC(313) Pause Young (Normal) (G1 Evacuation Pause)
[136.192s][info][gc,task     ] GC(313) Using 2 workers of 2 for evacuation
[136.340s][info][gc,phases   ] GC(313)   Pre Evacuate Collection Set: 0.35ms
[136.340s][info][gc,phases   ] GC(313)   Merge Heap Roots: 0.94ms
[136.340s][info][gc,phases   ] GC(313)   Evacuate Collection Set: 135.72ms
[136.340s][info][gc,phases   ] GC(313)   Post Evacuate Collection Set: 10.22ms
[136.340s][info][gc,phases   ] GC(313)   Other: 0.09ms
[136.340s][info][gc,heap     ] GC(313) Eden regions: 227->0(212)
[136.340s][info][gc,heap     ] GC(313) Survivor regions: 21->20(31)
[136.340s][info][gc,heap     ] GC(313) Old regions: 655->663
[136.340s][info][gc,heap     ] GC(313) Humongous regions: 13->13
[136.340s][info][gc,metaspace] GC(313) Metaspace: 18292K(18496K)->18292K(18496K) NonClass: 15634K(15744K)->15634K(15744K) Class: 2658K(2752K)->2658K(2752K)
[136.340s][info][gc          ] GC(313) Pause Young (Normal) (G1 Evacuation Pause) (Evacuation Failure: Allocation) 916M->696M(978M) 147.601ms
[136.340s][info][gc,cpu      ] GC(313) User=0.30s Sys=0.00s Real=0.15s
[136.466s][info][gc,start    ] GC(314) Pause Young (Normal) (G1 Evacuation Pause)
[136.467s][info][gc,task     ] GC(314) Using 2 workers of 2 for evacuation
[136.555s][info][gc,phases   ] GC(314)   Pre Evacuate Collection Set: 0.52ms
[136.556s][info][gc,phases   ] GC(314)   Merge Heap Roots: 3.07ms
[136.556s][info][gc,phases   ] GC(314)   Evacuate Collection Set: 62.53ms
[136.556s][info][gc,phases   ] GC(314)   Merge Optional Heap Roots: 0.20ms
[136.556s][info][gc,phases   ] GC(314)   Evacuate Optional Collection Set: 21.85ms
[136.556s][info][gc,phases   ] GC(314)   Post Evacuate Collection Set: 0.66ms
[136.556s][info][gc,phases   ] GC(314)   Other: 0.11ms
[136.556s][info][gc,heap     ] GC(314) Eden regions: 28->0(267)
[136.556s][info][gc,heap     ] GC(314) Survivor regions: 20->1(6)
[136.556s][info][gc,heap     ] GC(314) Old regions: 663->603
[136.556s][info][gc,heap     ] GC(314) Humongous regions: 13->13
[136.556s][info][gc,metaspace] GC(314) Metaspace: 18292K(18496K)->18292K(18496K) NonClass: 15634K(15744K)->15634K(15744K) Class: 2658K(2752K)->2658K(2752K)
[136.556s][info][gc          ] GC(314) Pause Young (Normal) (G1 Evacuation Pause) 724M->617M(978M) 89.161ms
[136.556s][info][gc,cpu      ] GC(314) User=0.18s Sys=0.00s Real=0.09s
[136.824s][info][gc,marking  ] GC(311) Concurrent Mark From Roots 1445.582ms
[136.824s][info][gc,marking  ] GC(311) Concurrent Preclean
[136.824s][info][gc,marking  ] GC(311) Concurrent Preclean 0.032ms
[136.824s][info][gc,start    ] GC(311) Pause Remark
[136.831s][info][gc          ] GC(311) Pause Remark 693M->693M(978M) 6.739ms
[136.831s][info][gc,cpu      ] GC(311) User=0.02s Sys=0.00s Real=0.01s
[136.832s][info][gc,marking  ] GC(311) Concurrent Mark 1453.500ms
[136.832s][info][gc,marking  ] GC(311) Concurrent Rebuild Remembered Sets and Scrub Regions
[137.274s][info][gc,start    ] GC(315) Pause Young (Normal) (G1 Evacuation Pause)
[137.274s][info][gc,task     ] GC(315) Using 2 workers of 2 for evacuation
[137.282s][info][gc,phases   ] GC(315)   Pre Evacuate Collection Set: 0.26ms
[137.282s][info][gc,phases   ] GC(315)   Merge Heap Roots: 0.25ms
[137.282s][info][gc,phases   ] GC(315)   Evacuate Collection Set: 6.93ms
[137.282s][info][gc,phases   ] GC(315)   Post Evacuate Collection Set: 0.44ms
[137.282s][info][gc,phases   ] GC(315)   Other: 0.09ms
[137.282s][info][gc,heap     ] GC(315) Eden regions: 267->0(280)
[137.282s][info][gc,heap     ] GC(315) Survivor regions: 1->1(34)
[137.282s][info][gc,heap     ] GC(315) Old regions: 603->603
[137.282s][info][gc,heap     ] GC(315) Humongous regions: 13->13
[137.282s][info][gc,metaspace] GC(315) Metaspace: 18292K(18496K)->18292K(18496K) NonClass: 15634K(15744K)->15634K(15744K) Class: 2658K(2752K)->2658K(2752K)
[137.282s][info][gc          ] GC(315) Pause Young (Normal) (G1 Evacuation Pause) 884M->617M(978M) 8.185ms
[137.282s][info][gc,cpu      ] GC(315) User=0.01s Sys=0.00s Real=0.01s
[137.357s][info][gc,marking  ] GC(311) Concurrent Rebuild Remembered Sets and Scrub Regions 525.602ms
[137.359s][info][gc,start    ] GC(311) Pause Cleanup
[137.359s][info][gc          ] GC(311) Pause Cleanup 656M->656M(978M) 0.102ms
[137.359s][info][gc,cpu      ] GC(311) User=0.00s Sys=0.00s Real=0.00s
[137.359s][info][gc,marking  ] GC(311) Concurrent Clear Claimed Marks
[137.359s][info][gc,marking  ] GC(311) Concurrent Clear Claimed Marks 0.037ms
[137.359s][info][gc,marking  ] GC(311) Concurrent Cleanup for Next Mark
[137.364s][info][gc,marking  ] GC(311) Concurrent Cleanup for Next Mark 4.858ms
[137.364s][info][gc          ] GC(311) Concurrent Mark Cycle 2233.520ms
[137.717s][info][gc,start    ] GC(316) Pause Young (Prepare Mixed) (G1 Evacuation Pause)
[137.717s][info][gc,task     ] GC(316) Using 2 workers of 2 for evacuation
[137.719s][info][gc,phases   ] GC(316)   Pre Evacuate Collection Set: 0.50ms
[137.719s][info][gc,phases   ] GC(316)   Merge Heap Roots: 0.09ms
[137.719s][info][gc,phases   ] GC(316)   Evacuate Collection Set: 0.20ms
[137.719s][info][gc,phases   ] GC(316)   Post Evacuate Collection Set: 0.45ms
[137.719s][info][gc,phases   ] GC(316)   Other: 0.09ms
[137.719s][info][gc,heap     ] GC(316) Eden regions: 280->0(292)
[137.719s][info][gc,heap     ] GC(316) Survivor regions: 1->1(36)
[137.719s][info][gc,heap     ] GC(316) Old regions: 603->603
[137.719s][info][gc,heap     ] GC(316) Humongous regions: 13->13
[137.719s][info][gc,metaspace] GC(316) Metaspace: 18292K(18496K)->18292K(18496K) NonClass: 15634K(15744K)->15634K(15744K) Class: 2658K(2752K)->2658K(2752K)
[137.719s][info][gc          ] GC(316) Pause Young (Prepare Mixed) (G1 Evacuation Pause) 897M->616M(978M) 1.537ms
[137.719s][info][gc,cpu      ] GC(316) User=0.00s Sys=0.00s Real=0.00s
[138.149s][info][gc,start    ] GC(317) Pause Young (Mixed) (G1 Evacuation Pause)
[138.149s][info][gc,task     ] GC(317) Using 2 workers of 2 for evacuation
[138.151s][info][gc,phases   ] GC(317)   Pre Evacuate Collection Set: 0.52ms
[138.151s][info][gc,phases   ] GC(317)   Merge Heap Roots: 0.11ms
[138.151s][info][gc,phases   ] GC(317)   Evacuate Collection Set: 1.08ms
[138.151s][info][gc,phases   ] GC(317)   Post Evacuate Collection Set: 0.45ms
[138.151s][info][gc,phases   ] GC(317)   Other: 0.11ms
[138.151s][info][gc,heap     ] GC(317) Eden regions: 292->0(308)
[138.151s][info][gc,heap     ] GC(317) Survivor regions: 1->1(37)
[138.151s][info][gc,heap     ] GC(317) Old regions: 603->596
[138.151s][info][gc,heap     ] GC(317) Humongous regions: 13->13
[138.151s][info][gc,metaspace] GC(317) Metaspace: 18292K(18496K)->18292K(18496K) NonClass: 15634K(15744K)->15634K(15744K) Class: 2658K(2752K)->2658K(2752K)
[138.151s][info][gc          ] GC(317) Pause Young (Mixed) (G1 Evacuation Pause) 908M->608M(978M) 2.509ms
[138.151s][info][gc,cpu      ] GC(317) User=0.00s Sys=0.00s Real=0.00s
[138.461s][info][gc,start    ] GC(318) Pause Young (Concurrent Start) (G1 Evacuation Pause)
[138.461s][info][gc,task     ] GC(318) Using 2 workers of 2 for evacuation
[138.497s][info][gc,phases   ] GC(318)   Pre Evacuate Collection Set: 0.34ms
[138.497s][info][gc,phases   ] GC(318)   Merge Heap Roots: 0.17ms
[138.497s][info][gc,phases   ] GC(318)   Evacuate Collection Set: 34.31ms
[138.497s][info][gc,phases   ] GC(318)   Post Evacuate Collection Set: 0.53ms
[138.497s][info][gc,phases   ] GC(318)   Other: 0.10ms
[138.497s][info][gc,heap     ] GC(318) Eden regions: 308->0(257)
[138.497s][info][gc,heap     ] GC(318) Survivor regions: 1->31(39)
[138.497s][info][gc,heap     ] GC(318) Old regions: 596->596
[138.497s][info][gc,heap     ] GC(318) Humongous regions: 13->13
[138.497s][info][gc,metaspace] GC(318) Metaspace: 18292K(18496K)->18292K(18496K) NonClass: 15634K(15744K)->15634K(15744K) Class: 2658K(2752K)->2658K(2752K)
[138.497s][info][gc          ] GC(318) Pause Young (Concurrent Start) (G1 Evacuation Pause) 916M->639M(978M) 35.675ms
[138.497s][info][gc          ] GC(319) Concurrent Mark Cycle
[138.497s][info][gc,marking  ] GC(319) Concurrent Scan Root Regions
[138.499s][info][gc,cpu      ] GC(318) User=0.07s Sys=0.00s Real=0.04s
[138.551s][info][gc,marking  ] GC(319) Concurrent Scan Root Regions 54.212ms
[138.551s][info][gc,marking  ] GC(319) Concurrent Mark
[138.551s][info][gc,marking  ] GC(319) Concurrent Mark From Roots
[138.551s][info][gc,task     ] GC(319) Using 1 workers of 1 for marking
[138.949s][info][gc,start    ] GC(320) Pause Young (Normal) (G1 Evacuation Pause)
[138.949s][info][gc,task     ] GC(320) Using 2 workers of 2 for evacuation
[138.986s][info][gc,phases   ] GC(320)   Pre Evacuate Collection Set: 0.30ms
[138.986s][info][gc,phases   ] GC(320)   Merge Heap Roots: 0.16ms
[138.986s][info][gc,phases   ] GC(320)   Evacuate Collection Set: 36.50ms
[138.986s][info][gc,phases   ] GC(320)   Post Evacuate Collection Set: 0.48ms
[138.986s][info][gc,phases   ] GC(320)   Other: 0.09ms
[138.986s][info][gc,heap     ] GC(320) Eden regions: 257->0(273)
[138.986s][info][gc,heap     ] GC(320) Survivor regions: 31->7(36)
[138.986s][info][gc,heap     ] GC(320) Old regions: 596->627
[138.986s][info][gc,heap     ] GC(320) Humongous regions: 13->13
[138.986s][info][gc,metaspace] GC(320) Metaspace: 18292K(18496K)->18292K(18496K) NonClass: 15634K(15744K)->15634K(15744K) Class: 2658K(2752K)->2658K(2752K)
[138.986s][info][gc          ] GC(320) Pause Young (Normal) (G1 Evacuation Pause) 896M->646M(978M) 37.722ms
[138.986s][info][gc,cpu      ] GC(320) User=0.07s Sys=0.00s Real=0.03s
[139.852s][info][gc,marking  ] GC(319) Concurrent Mark From Roots 1300.726ms
[139.852s][info][gc,marking  ] GC(319) Concurrent Preclean
[139.852s][info][gc,marking  ] GC(319) Concurrent Preclean 0.031ms
[139.852s][info][gc,start    ] GC(319) Pause Remark
[139.859s][info][gc          ] GC(319) Pause Remark 896M->825M(978M) 6.897ms
[139.859s][info][gc,cpu      ] GC(319) User=0.01s Sys=0.00s Real=0.01s
[139.859s][info][gc,marking  ] GC(319) Concurrent Mark 1307.982ms
[139.859s][info][gc,marking  ] GC(319) Concurrent Rebuild Remembered Sets and Scrub Regions
[139.957s][info][gc,start    ] GC(321) Pause Young (Normal) (G1 Evacuation Pause)
[139.957s][info][gc,task     ] GC(321) Using 2 workers of 2 for evacuation
[139.970s][info][gc,phases   ] GC(321)   Pre Evacuate Collection Set: 0.27ms
[139.970s][info][gc,phases   ] GC(321)   Merge Heap Roots: 0.17ms
[139.970s][info][gc,phases   ] GC(321)   Evacuate Collection Set: 12.08ms
[139.970s][info][gc,phases   ] GC(321)   Post Evacuate Collection Set: 0.46ms
[139.970s][info][gc,phases   ] GC(321)   Other: 0.12ms
[139.970s][info][gc,heap     ] GC(321) Eden regions: 273->0(336)
[139.970s][info][gc,heap     ] GC(321) Survivor regions: 7->11(35)
[139.970s][info][gc,heap     ] GC(321) Old regions: 562->562
[139.970s][info][gc,heap     ] GC(321) Humongous regions: 7->7
[139.970s][info][gc,metaspace] GC(321) Metaspace: 18292K(18496K)->18292K(18496K) NonClass: 15634K(15744K)->15634K(15744K) Class: 2658K(2752K)->2658K(2752K)
[139.970s][info][gc          ] GC(321) Pause Young (Normal) (G1 Evacuation Pause) 848M->579M(978M) 13.379ms
[139.970s][info][gc,cpu      ] GC(321) User=0.03s Sys=0.00s Real=0.01s
[140.249s][info][gc,marking  ] GC(319) Concurrent Rebuild Remembered Sets and Scrub Regions 389.668ms
[140.249s][info][gc,start    ] GC(319) Pause Cleanup
[140.249s][info][gc          ] GC(319) Pause Cleanup 677M->677M(978M) 0.161ms
[140.249s][info][gc,cpu      ] GC(319) User=0.00s Sys=0.00s Real=0.00s
[140.249s][info][gc,marking  ] GC(319) Concurrent Clear Claimed Marks
[140.249s][info][gc,marking  ] GC(319) Concurrent Clear Claimed Marks 0.029ms
[140.249s][info][gc,marking  ] GC(319) Concurrent Cleanup for Next Mark
[140.252s][info][gc,marking  ] GC(319) Concurrent Cleanup for Next Mark 2.800ms
[140.252s][info][gc          ] GC(319) Concurrent Mark Cycle 1755.226ms
[140.620s][info][gc,start    ] GC(322) Pause Young (Prepare Mixed) (G1 Evacuation Pause)
[140.620s][info][gc,task     ] GC(322) Using 2 workers of 2 for evacuation
[140.647s][info][gc,phases   ] GC(322)   Pre Evacuate Collection Set: 0.51ms
[140.647s][info][gc,phases   ] GC(322)   Merge Heap Roots: 0.22ms
[140.647s][info][gc,phases   ] GC(322)   Evacuate Collection Set: 24.79ms
[140.647s][info][gc,phases   ] GC(322)   Post Evacuate Collection Set: 0.51ms
[140.647s][info][gc,phases   ] GC(322)   Other: 0.10ms
[140.647s][info][gc,heap     ] GC(322) Eden regions: 336->0(313)
[140.647s][info][gc,heap     ] GC(322) Survivor regions: 11->23(44)
[140.647s][info][gc,heap     ] GC(322) Old regions: 562->562
[140.647s][info][gc,heap     ] GC(322) Humongous regions: 7->7
[140.647s][info][gc,metaspace] GC(322) Metaspace: 18292K(18496K)->18292K(18496K) NonClass: 15634K(15744K)->15634K(15744K) Class: 2658K(2752K)->2658K(2752K)
[140.647s][info][gc          ] GC(322) Pause Young (Prepare Mixed) (G1 Evacuation Pause) 915M->591M(978M) 26.353ms
[140.647s][info][gc,cpu      ] GC(322) User=0.05s Sys=0.00s Real=0.02s
[141.060s][info][gc,start    ] GC(323) Pause Young (Mixed) (G1 Evacuation Pause)
[141.060s][info][gc,task     ] GC(323) Using 2 workers of 2 for evacuation
[141.178s][info][gc,phases   ] GC(323)   Pre Evacuate Collection Set: 0.33ms
[141.178s][info][gc,phases   ] GC(323)   Merge Heap Roots: 0.33ms
[141.178s][info][gc,phases   ] GC(323)   Evacuate Collection Set: 110.57ms
[141.178s][info][gc,phases   ] GC(323)   Post Evacuate Collection Set: 6.83ms
[141.178s][info][gc,phases   ] GC(323)   Other: 0.10ms
[141.178s][info][gc,heap     ] GC(323) Eden regions: 313->0(268)
[141.178s][info][gc,heap     ] GC(323) Survivor regions: 23->42(42)
[141.178s][info][gc,heap     ] GC(323) Old regions: 562->565
[141.178s][info][gc,heap     ] GC(323) Humongous regions: 10->10
[141.178s][info][gc,metaspace] GC(323) Metaspace: 18293K(18496K)->18293K(18496K) NonClass: 15635K(15744K)->15635K(15744K) Class: 2658K(2752K)->2658K(2752K)
[141.178s][info][gc          ] GC(323) Pause Young (Mixed) (G1 Evacuation Pause) (Evacuation Failure: Allocation) 907M->617M(978M) 118.463ms
[141.178s][info][gc,cpu      ] GC(323) User=0.23s Sys=0.00s Real=0.12s
[141.599s][info][gc,start    ] GC(324) Pause Young (Concurrent Start) (G1 Evacuation Pause)
[141.599s][info][gc,task     ] GC(324) Using 2 workers of 2 for evacuation
[141.659s][info][gc,phases   ] GC(324)   Pre Evacuate Collection Set: 0.35ms
[141.659s][info][gc,phases   ] GC(324)   Merge Heap Roots: 0.56ms
[141.659s][info][gc,phases   ] GC(324)   Evacuate Collection Set: 58.16ms
[141.659s][info][gc,phases   ] GC(324)   Post Evacuate Collection Set: 0.56ms
[141.659s][info][gc,phases   ] GC(324)   Other: 0.22ms
[141.659s][info][gc,heap     ] GC(324) Eden regions: 268->0(304)
[141.659s][info][gc,heap     ] GC(324) Survivor regions: 42->1(39)
[141.659s][info][gc,heap     ] GC(324) Old regions: 565->580
[141.659s][info][gc,heap     ] GC(324) Humongous regions: 10->10
[141.659s][info][gc,metaspace] GC(324) Metaspace: 18293K(18496K)->18293K(18496K) NonClass: 15635K(15744K)->15635K(15744K) Class: 2658K(2752K)->2658K(2752K)
[141.659s][info][gc          ] GC(324) Pause Young (Concurrent Start) (G1 Evacuation Pause) 885M->590M(978M) 60.108ms
[141.659s][info][gc,cpu      ] GC(324) User=0.12s Sys=0.00s Real=0.06s
[141.659s][info][gc          ] GC(325) Concurrent Mark Cycle
[141.660s][info][gc,marking  ] GC(325) Concurrent Scan Root Regions
[141.735s][info][gc,marking  ] GC(325) Concurrent Scan Root Regions 75.426ms
[141.735s][info][gc,marking  ] GC(325) Concurrent Mark
[141.735s][info][gc,marking  ] GC(325) Concurrent Mark From Roots
[141.735s][info][gc,task     ] GC(325) Using 1 workers of 1 for marking
[142.698s][info][gc,start    ] GC(326) Pause Young (Normal) (G1 Evacuation Pause)
[142.698s][info][gc,task     ] GC(326) Using 2 workers of 2 for evacuation
[142.700s][info][gc,phases   ] GC(326)   Pre Evacuate Collection Set: 0.49ms
[142.700s][info][gc,phases   ] GC(326)   Merge Heap Roots: 0.10ms
[142.700s][info][gc,phases   ] GC(326)   Evacuate Collection Set: 1.22ms
[142.700s][info][gc,phases   ] GC(326)   Post Evacuate Collection Set: 0.46ms
[142.700s][info][gc,phases   ] GC(326)   Other: 0.09ms
[142.700s][info][gc,heap     ] GC(326) Eden regions: 304->0(319)
[142.700s][info][gc,heap     ] GC(326) Survivor regions: 1->1(39)
[142.700s][info][gc,heap     ] GC(326) Old regions: 580->580
[142.700s][info][gc,heap     ] GC(326) Humongous regions: 10->10
[142.700s][info][gc,metaspace] GC(326) Metaspace: 18293K(18496K)->18293K(18496K) NonClass: 15635K(15744K)->15635K(15744K) Class: 2658K(2752K)->2658K(2752K)
[142.700s][info][gc          ] GC(326) Pause Young (Normal) (G1 Evacuation Pause) 894M->590M(978M) 2.582ms
[142.700s][info][gc,cpu      ] GC(326) User=0.00s Sys=0.00s Real=0.00s
[143.243s][info][gc,marking  ] GC(325) Concurrent Mark From Roots 1508.285ms
[143.243s][info][gc,marking  ] GC(325) Concurrent Preclean
[143.243s][info][gc,marking  ] GC(325) Concurrent Preclean 0.037ms
[143.244s][info][gc,start    ] GC(325) Pause Remark
[143.250s][info][gc          ] GC(325) Pause Remark 746M->745M(978M) 6.732ms
[143.250s][info][gc,cpu      ] GC(325) User=0.01s Sys=0.00s Real=0.01s
[143.250s][info][gc,marking  ] GC(325) Concurrent Mark 1515.356ms
[143.250s][info][gc,marking  ] GC(325) Concurrent Rebuild Remembered Sets and Scrub Regions
[143.595s][info][gc,start    ] GC(327) Pause Young (Normal) (G1 Evacuation Pause)
[143.595s][info][gc,task     ] GC(327) Using 2 workers of 2 for evacuation
[143.599s][info][gc,phases   ] GC(327)   Pre Evacuate Collection Set: 0.28ms
[143.599s][info][gc,phases   ] GC(327)   Merge Heap Roots: 0.11ms
[143.599s][info][gc,phases   ] GC(327)   Evacuate Collection Set: 2.77ms
[143.599s][info][gc,phases   ] GC(327)   Post Evacuate Collection Set: 0.46ms
[143.599s][info][gc,phases   ] GC(327)   Other: 0.09ms
[143.599s][info][gc,heap     ] GC(327) Eden regions: 319->0(331)
[143.599s][info][gc,heap     ] GC(327) Survivor regions: 1->1(40)
[143.599s][info][gc,heap     ] GC(327) Old regions: 580->580
[143.599s][info][gc,heap     ] GC(327) Humongous regions: 9->9
[143.599s][info][gc,metaspace] GC(327) Metaspace: 18293K(18496K)->18293K(18496K) NonClass: 15635K(15744K)->15635K(15744K) Class: 2658K(2752K)->2658K(2752K)
[143.599s][info][gc          ] GC(327) Pause Young (Normal) (G1 Evacuation Pause) 908M->589M(978M) 3.898ms
[143.599s][info][gc,cpu      ] GC(327) User=0.00s Sys=0.00s Real=0.01s
[143.759s][info][gc,marking  ] GC(325) Concurrent Rebuild Remembered Sets and Scrub Regions 508.775ms
[143.759s][info][gc,start    ] GC(325) Pause Cleanup
[143.759s][info][gc          ] GC(325) Pause Cleanup 698M->698M(978M) 0.108ms
[143.760s][info][gc,cpu      ] GC(325) User=0.00s Sys=0.00s Real=0.00s
[143.760s][info][gc,marking  ] GC(325) Concurrent Clear Claimed Marks
[143.760s][info][gc,marking  ] GC(325) Concurrent Clear Claimed Marks 0.036ms
[143.760s][info][gc,marking  ] GC(325) Concurrent Cleanup for Next Mark
[143.767s][info][gc,marking  ] GC(325) Concurrent Cleanup for Next Mark 6.895ms
[143.767s][info][gc          ] GC(325) Concurrent Mark Cycle 2107.102ms
[143.964s][info][gc,start    ] GC(328) Pause Young (Prepare Mixed) (G1 Evacuation Pause)
[143.964s][info][gc,task     ] GC(328) Using 2 workers of 2 for evacuation
[143.998s][info][gc,phases   ] GC(328)   Pre Evacuate Collection Set: 0.49ms
[143.998s][info][gc,phases   ] GC(328)   Merge Heap Roots: 0.22ms
[143.998s][info][gc,phases   ] GC(328)   Evacuate Collection Set: 32.77ms
[143.998s][info][gc,phases   ] GC(328)   Post Evacuate Collection Set: 0.51ms
[143.998s][info][gc,phases   ] GC(328)   Other: 0.08ms
[143.998s][info][gc,heap     ] GC(328) Eden regions: 331->0(285)
[143.998s][info][gc,heap     ] GC(328) Survivor regions: 1->27(42)
[143.998s][info][gc,heap     ] GC(328) Old regions: 580->580
[143.998s][info][gc,heap     ] GC(328) Humongous regions: 9->9
[143.998s][info][gc,metaspace] GC(328) Metaspace: 18293K(18496K)->18293K(18496K) NonClass: 15635K(15744K)->15635K(15744K) Class: 2658K(2752K)->2658K(2752K)
[143.998s][info][gc          ] GC(328) Pause Young (Prepare Mixed) (G1 Evacuation Pause) 920M->615M(978M) 34.287ms
[143.998s][info][gc,cpu      ] GC(328) User=0.07s Sys=0.00s Real=0.04s
[144.267s][info][gc,start    ] GC(329) Pause Young (Mixed) (G1 Evacuation Pause)
[144.267s][info][gc,task     ] GC(329) Using 2 workers of 2 for evacuation
[144.316s][info][gc,phases   ] GC(329)   Pre Evacuate Collection Set: 0.49ms
[144.316s][info][gc,phases   ] GC(329)   Merge Heap Roots: 0.32ms
[144.316s][info][gc,phases   ] GC(329)   Evacuate Collection Set: 47.52ms
[144.316s][info][gc,phases   ] GC(329)   Post Evacuate Collection Set: 0.52ms
[144.316s][info][gc,phases   ] GC(329)   Other: 0.07ms
[144.316s][info][gc,heap     ] GC(329) Eden regions: 285->0(296)
[144.316s][info][gc,heap     ] GC(329) Survivor regions: 27->13(39)
[144.316s][info][gc,heap     ] GC(329) Old regions: 580->597
[144.316s][info][gc,heap     ] GC(329) Humongous regions: 9->9
[144.316s][info][gc,metaspace] GC(329) Metaspace: 18293K(18496K)->18293K(18496K) NonClass: 15635K(15744K)->15635K(15744K) Class: 2658K(2752K)->2658K(2752K)
[144.316s][info][gc          ] GC(329) Pause Young (Mixed) (G1 Evacuation Pause) 900M->619M(978M) 49.135ms
[144.316s][info][gc,cpu      ] GC(329) User=0.09s Sys=0.00s Real=0.04s
[144.791s][info][gc,start    ] GC(330) Pause Young (Concurrent Start) (G1 Evacuation Pause)
[144.791s][info][gc,task     ] GC(330) Using 2 workers of 2 for evacuation
[144.840s][info][gc,phases   ] GC(330)   Pre Evacuate Collection Set: 0.30ms
[144.840s][info][gc,phases   ] GC(330)   Merge Heap Roots: 0.36ms
[144.840s][info][gc,phases   ] GC(330)   Evacuate Collection Set: 46.84ms
[144.840s][info][gc,phases   ] GC(330)   Post Evacuate Collection Set: 0.53ms
[144.840s][info][gc,phases   ] GC(330)   Other: 0.12ms
[144.840s][info][gc,heap     ] GC(330) Eden regions: 296->0(246)
[144.840s][info][gc,heap     ] GC(330) Survivor regions: 13->38(39)
[144.840s][info][gc,heap     ] GC(330) Old regions: 597->597
[144.840s][info][gc,heap     ] GC(330) Humongous regions: 9->9
[144.840s][info][gc,metaspace] GC(330) Metaspace: 18295K(18496K)->18295K(18496K) NonClass: 15637K(15744K)->15637K(15744K) Class: 2658K(2752K)->2658K(2752K)
[144.840s][info][gc          ] GC(330) Pause Young (Concurrent Start) (G1 Evacuation Pause) 915M->644M(978M) 48.361ms
[144.840s][info][gc,cpu      ] GC(330) User=0.09s Sys=0.00s Real=0.05s
[144.840s][info][gc          ] GC(331) Concurrent Mark Cycle
[144.840s][info][gc,marking  ] GC(331) Concurrent Scan Root Regions
[144.913s][info][gc,marking  ] GC(331) Concurrent Scan Root Regions 72.817ms
[144.913s][info][gc,marking  ] GC(331) Concurrent Mark
[144.913s][info][gc,marking  ] GC(331) Concurrent Mark From Roots
[144.913s][info][gc,task     ] GC(331) Using 1 workers of 1 for marking
[145.310s][info][gc,start    ] GC(332) Pause Young (Normal) (G1 Evacuation Pause)
[145.310s][info][gc,task     ] GC(332) Using 2 workers of 2 for evacuation
[145.396s][info][gc,phases   ] GC(332)   Pre Evacuate Collection Set: 0.29ms
[145.396s][info][gc,phases   ] GC(332)   Merge Heap Roots: 0.49ms
[145.396s][info][gc,phases   ] GC(332)   Evacuate Collection Set: 84.21ms
[145.396s][info][gc,phases   ] GC(332)   Post Evacuate Collection Set: 0.52ms
[145.396s][info][gc,phases   ] GC(332)   Other: 0.07ms
[145.396s][info][gc,heap     ] GC(332) Eden regions: 246->0(205)
[145.396s][info][gc,heap     ] GC(332) Survivor regions: 38->36(36)
[145.396s][info][gc,heap     ] GC(332) Old regions: 597->642
[145.396s][info][gc,heap     ] GC(332) Humongous regions: 9->9
[145.396s][info][gc,metaspace] GC(332) Metaspace: 18295K(18496K)->18295K(18496K) NonClass: 15637K(15744K)->15637K(15744K) Class: 2658K(2752K)->2658K(2752K)
[145.396s][info][gc          ] GC(332) Pause Young (Normal) (G1 Evacuation Pause) 890M->687M(978M) 85.799ms
[145.396s][info][gc,cpu      ] GC(332) User=0.17s Sys=0.00s Real=0.08s
[145.675s][info][gc,start    ] GC(333) Pause Young (Normal) (G1 Evacuation Pause)
[145.676s][info][gc,task     ] GC(333) Using 2 workers of 2 for evacuation
[145.732s][info][gc,phases   ] GC(333)   Pre Evacuate Collection Set: 0.51ms
[145.732s][info][gc,phases   ] GC(333)   Merge Heap Roots: 0.27ms
[145.732s][info][gc,phases   ] GC(333)   Evacuate Collection Set: 54.88ms
[145.732s][info][gc,phases   ] GC(333)   Post Evacuate Collection Set: 0.43ms
[145.732s][info][gc,phases   ] GC(333)   Other: 0.07ms
[145.732s][info][gc,heap     ] GC(333) Eden regions: 205->0(202)
[145.732s][info][gc,heap     ] GC(333) Survivor regions: 36->19(31)
[145.732s][info][gc,heap     ] GC(333) Old regions: 642->679
[145.732s][info][gc,heap     ] GC(333) Humongous regions: 9->9
[145.732s][info][gc,metaspace] GC(333) Metaspace: 18295K(18496K)->18295K(18496K) NonClass: 15637K(15744K)->15637K(15744K) Class: 2658K(2752K)->2658K(2752K)
[145.732s][info][gc          ] GC(333) Pause Young (Normal) (G1 Evacuation Pause) 892M->706M(978M) 56.404ms
[145.732s][info][gc,cpu      ] GC(333) User=0.11s Sys=0.00s Real=0.06s
[146.068s][info][gc,start    ] GC(334) Pause Young (Normal) (G1 Evacuation Pause)
[146.068s][info][gc,task     ] GC(334) Using 2 workers of 2 for evacuation
[146.117s][info][gc,phases   ] GC(334)   Pre Evacuate Collection Set: 0.28ms
[146.117s][info][gc,phases   ] GC(334)   Merge Heap Roots: 0.31ms
[146.117s][info][gc,phases   ] GC(334)   Evacuate Collection Set: 47.65ms
[146.117s][info][gc,phases   ] GC(334)   Post Evacuate Collection Set: 0.40ms
[146.117s][info][gc,phases   ] GC(334)   Other: 0.08ms
[146.117s][info][gc,heap     ] GC(334) Eden regions: 202->0(174)
[146.117s][info][gc,heap     ] GC(334) Survivor regions: 19->24(28)
[146.117s][info][gc,heap     ] GC(334) Old regions: 679->697
[146.117s][info][gc,heap     ] GC(334) Humongous regions: 9->9
[146.117s][info][gc,metaspace] GC(334) Metaspace: 18295K(18496K)->18295K(18496K) NonClass: 15637K(15744K)->15637K(15744K) Class: 2658K(2752K)->2658K(2752K)
[146.117s][info][gc          ] GC(334) Pause Young (Normal) (G1 Evacuation Pause) 908M->730M(978M) 48.975ms
[146.117s][info][gc,cpu      ] GC(334) User=0.10s Sys=0.00s Real=0.05s
[146.345s][info][gc,start    ] GC(335) Pause Young (Normal) (G1 Evacuation Pause)
[146.345s][info][gc,task     ] GC(335) Using 2 workers of 2 for evacuation
[146.411s][info][gc,phases   ] GC(335)   Pre Evacuate Collection Set: 0.49ms
[146.411s][info][gc,phases   ] GC(335)   Merge Heap Roots: 0.22ms
[146.411s][info][gc,phases   ] GC(335)   Evacuate Collection Set: 64.24ms
[146.411s][info][gc,phases   ] GC(335)   Post Evacuate Collection Set: 0.53ms
[146.411s][info][gc,phases   ] GC(335)   Other: 0.09ms
[146.411s][info][gc,heap     ] GC(335) Eden regions: 174->0(130)
[146.411s][info][gc,heap     ] GC(335) Survivor regions: 24->25(25)
[146.411s][info][gc,heap     ] GC(335) Old regions: 697->739
[146.411s][info][gc,heap     ] GC(335) Humongous regions: 9->9
[146.411s][info][gc,metaspace] GC(335) Metaspace: 18301K(18496K)->18301K(18496K) NonClass: 15643K(15744K)->15643K(15744K) Class: 2658K(2752K)->2658K(2752K)
[146.411s][info][gc          ] GC(335) Pause Young (Normal) (G1 Evacuation Pause) 904M->772M(978M) 65.774ms
[146.411s][info][gc,cpu      ] GC(335) User=0.13s Sys=0.00s Real=0.07s
[146.417s][info][gc,marking  ] GC(331) Concurrent Mark From Roots 1504.645ms
[146.417s][info][gc,marking  ] GC(331) Concurrent Preclean
[146.417s][info][gc,marking  ] GC(331) Concurrent Preclean 0.027ms
[146.418s][info][gc,start    ] GC(331) Pause Remark
[146.424s][info][gc          ] GC(331) Pause Remark 774M->706M(978M) 6.573ms
[146.424s][info][gc,cpu      ] GC(331) User=0.01s Sys=0.00s Real=0.00s
[146.424s][info][gc,marking  ] GC(331) Concurrent Mark 1511.502ms
[146.424s][info][gc,marking  ] GC(331) Concurrent Rebuild Remembered Sets and Scrub Regions
[146.582s][info][gc,start    ] GC(336) Pause Young (Normal) (G1 Evacuation Pause)
[146.583s][info][gc,task     ] GC(336) Using 2 workers of 2 for evacuation
[146.615s][info][gc,phases   ] GC(336)   Pre Evacuate Collection Set: 0.47ms
[146.615s][info][gc,phases   ] GC(336)   Merge Heap Roots: 0.50ms
[146.615s][info][gc,phases   ] GC(336)   Evacuate Collection Set: 31.20ms
[146.615s][info][gc,phases   ] GC(336)   Post Evacuate Collection Set: 0.43ms
[146.615s][info][gc,phases   ] GC(336)   Other: 0.08ms
[146.615s][info][gc,heap     ] GC(336) Eden regions: 130->0(193)
[146.615s][info][gc,heap     ] GC(336) Survivor regions: 25->4(20)
[146.615s][info][gc,heap     ] GC(336) Old regions: 673->698
[146.615s][info][gc,heap     ] GC(336) Humongous regions: 7->7
[146.615s][info][gc,metaspace] GC(336) Metaspace: 18301K(18496K)->18301K(18496K) NonClass: 15643K(15744K)->15643K(15744K) Class: 2658K(2752K)->2658K(2752K)
[146.615s][info][gc          ] GC(336) Pause Young (Normal) (G1 Evacuation Pause) 834M->708M(978M) 32.903ms
[146.615s][info][gc,cpu      ] GC(336) User=0.07s Sys=0.00s Real=0.03s
[146.886s][info][gc,start    ] GC(337) Pause Young (Normal) (G1 Evacuation Pause)
[146.886s][info][gc,task     ] GC(337) Using 2 workers of 2 for evacuation
[146.897s][info][gc,phases   ] GC(337)   Pre Evacuate Collection Set: 0.49ms
[146.897s][info][gc,phases   ] GC(337)   Merge Heap Roots: 0.37ms
[146.897s][info][gc,phases   ] GC(337)   Evacuate Collection Set: 9.64ms
[146.897s][info][gc,phases   ] GC(337)   Post Evacuate Collection Set: 0.43ms
[146.897s][info][gc,phases   ] GC(337)   Other: 0.10ms
[146.897s][info][gc,heap     ] GC(337) Eden regions: 193->0(206)
[146.897s][info][gc,heap     ] GC(337) Survivor regions: 4->4(25)
[146.897s][info][gc,heap     ] GC(337) Old regions: 698->698
[146.897s][info][gc,heap     ] GC(337) Humongous regions: 7->7
[146.897s][info][gc,metaspace] GC(337) Metaspace: 18301K(18496K)->18301K(18496K) NonClass: 15643K(15744K)->15643K(15744K) Class: 2658K(2752K)->2658K(2752K)
[146.897s][info][gc          ] GC(337) Pause Young (Normal) (G1 Evacuation Pause) 901M->708M(978M) 11.279ms
[146.897s][info][gc,cpu      ] GC(337) User=0.02s Sys=0.00s Real=0.02s
[147.170s][info][gc,marking  ] GC(331) Concurrent Rebuild Remembered Sets and Scrub Regions 745.569ms
[147.170s][info][gc,start    ] GC(331) Pause Cleanup
[147.170s][info][gc          ] GC(331) Pause Cleanup 858M->858M(978M) 0.140ms
[147.170s][info][gc,cpu      ] GC(331) User=0.00s Sys=0.00s Real=0.00s
[147.170s][info][gc,marking  ] GC(331) Concurrent Clear Claimed Marks
[147.170s][info][gc,marking  ] GC(331) Concurrent Clear Claimed Marks 0.029ms
[147.170s][info][gc,marking  ] GC(331) Concurrent Cleanup for Next Mark
[147.173s][info][gc,marking  ] GC(331) Concurrent Cleanup for Next Mark 2.802ms
[147.173s][info][gc          ] GC(331) Concurrent Mark Cycle 2333.327ms
[147.261s][info][gc,start    ] GC(338) Pause Young (Prepare Mixed) (G1 Evacuation Pause)
[147.261s][info][gc,task     ] GC(338) Using 2 workers of 2 for evacuation
[147.291s][info][gc,phases   ] GC(338)   Pre Evacuate Collection Set: 0.49ms
[147.291s][info][gc,phases   ] GC(338)   Merge Heap Roots: 0.54ms
[147.292s][info][gc,phases   ] GC(338)   Evacuate Collection Set: 28.63ms
[147.292s][info][gc,phases   ] GC(338)   Post Evacuate Collection Set: 0.57ms
[147.292s][info][gc,phases   ] GC(338)   Other: 0.10ms
[147.292s][info][gc,heap     ] GC(338) Eden regions: 206->0(183)
[147.292s][info][gc,heap     ] GC(338) Survivor regions: 4->20(27)
[147.292s][info][gc,heap     ] GC(338) Old regions: 698->698
[147.292s][info][gc,heap     ] GC(338) Humongous regions: 7->7
[147.292s][info][gc,metaspace] GC(338) Metaspace: 18301K(18496K)->18301K(18496K) NonClass: 15643K(15744K)->15643K(15744K) Class: 2658K(2752K)->2658K(2752K)
[147.292s][info][gc          ] GC(338) Pause Young (Prepare Mixed) (G1 Evacuation Pause) 914M->724M(978M) 30.563ms
[147.292s][info][gc,cpu      ] GC(338) User=0.06s Sys=0.00s Real=0.03s
[147.489s][info][gc,start    ] GC(339) Pause Young (Mixed) (G1 Evacuation Pause)
[147.490s][info][gc,task     ] GC(339) Using 2 workers of 2 for evacuation
[147.560s][info][gc,phases   ] GC(339)   Pre Evacuate Collection Set: 0.31ms
[147.560s][info][gc,phases   ] GC(339)   Merge Heap Roots: 1.40ms
[147.560s][info][gc,phases   ] GC(339)   Evacuate Collection Set: 68.07ms
[147.560s][info][gc,phases   ] GC(339)   Post Evacuate Collection Set: 0.79ms
[147.560s][info][gc,phases   ] GC(339)   Other: 0.08ms
[147.560s][info][gc,heap     ] GC(339) Eden regions: 183->0(200)
[147.560s][info][gc,heap     ] GC(339) Survivor regions: 20->9(26)
[147.560s][info][gc,heap     ] GC(339) Old regions: 698->671
[147.560s][info][gc,heap     ] GC(339) Humongous regions: 7->7
[147.560s][info][gc,metaspace] GC(339) Metaspace: 18301K(18496K)->18301K(18496K) NonClass: 15643K(15744K)->15643K(15744K) Class: 2658K(2752K)->2658K(2752K)
[147.560s][info][gc          ] GC(339) Pause Young (Mixed) (G1 Evacuation Pause) 907M->686M(978M) 70.890ms
[147.560s][info][gc,cpu      ] GC(339) User=0.14s Sys=0.00s Real=0.07s
[147.692s][info][gc,start    ] GC(340) Pause Young (Mixed) (G1 Evacuation Pause)
[147.692s][info][gc,task     ] GC(340) Using 2 workers of 2 for evacuation
[147.871s][info][gc,phases   ] GC(340)   Pre Evacuate Collection Set: 0.27ms
[147.871s][info][gc,phases   ] GC(340)   Merge Heap Roots: 0.98ms
[147.871s][info][gc,phases   ] GC(340)   Evacuate Collection Set: 176.01ms
[147.871s][info][gc,phases   ] GC(340)   Post Evacuate Collection Set: 1.13ms
[147.871s][info][gc,phases   ] GC(340)   Other: 0.07ms
[147.871s][info][gc,heap     ] GC(340) Eden regions: 148->0(228)
[147.871s][info][gc,heap     ] GC(340) Survivor regions: 9->11(20)
[147.871s][info][gc,heap     ] GC(340) Old regions: 671->671
[147.871s][info][gc,heap     ] GC(340) Humongous regions: 7->7
[147.871s][info][gc,metaspace] GC(340) Metaspace: 18302K(18496K)->18302K(18496K) NonClass: 15644K(15744K)->15644K(15744K) Class: 2658K(2752K)->2658K(2752K)
[147.871s][info][gc          ] GC(340) Pause Young (Mixed) (G1 Evacuation Pause) 834M->688M(978M) 178.777ms
[147.871s][info][gc,cpu      ] GC(340) User=0.35s Sys=0.00s Real=0.18s
[148.112s][info][gc,start    ] GC(341) Pause Young (Concurrent Start) (G1 Humongous Allocation)
[148.112s][info][gc,task     ] GC(341) Using 2 workers of 2 for evacuation
[148.142s][info][gc,phases   ] GC(341)   Pre Evacuate Collection Set: 0.30ms
[148.142s][info][gc,phases   ] GC(341)   Merge Heap Roots: 0.32ms
[148.142s][info][gc,phases   ] GC(341)   Evacuate Collection Set: 28.69ms
[148.142s][info][gc,phases   ] GC(341)   Post Evacuate Collection Set: 0.50ms
[148.142s][info][gc,phases   ] GC(341)   Other: 0.12ms
[148.142s][info][gc,heap     ] GC(341) Eden regions: 188->0(216)
[148.142s][info][gc,heap     ] GC(341) Survivor regions: 11->17(30)
[148.142s][info][gc,heap     ] GC(341) Old regions: 671->671
[148.142s][info][gc,heap     ] GC(341) Humongous regions: 7->7
[148.142s][info][gc,metaspace] GC(341) Metaspace: 18308K(18496K)->18308K(18496K) NonClass: 15650K(15744K)->15650K(15744K) Class: 2658K(2752K)->2658K(2752K)
[148.142s][info][gc          ] GC(341) Pause Young (Concurrent Start) (G1 Humongous Allocation) 876M->694M(978M) 30.208ms
[148.142s][info][gc,cpu      ] GC(341) User=0.06s Sys=0.00s Real=0.03s
[148.142s][info][gc          ] GC(342) Concurrent Mark Cycle
[148.142s][info][gc,marking  ] GC(342) Concurrent Scan Root Regions
[148.189s][info][gc,marking  ] GC(342) Concurrent Scan Root Regions 46.465ms
[148.189s][info][gc,marking  ] GC(342) Concurrent Mark
[148.189s][info][gc,marking  ] GC(342) Concurrent Mark From Roots
[148.189s][info][gc,task     ] GC(342) Using 1 workers of 1 for marking
[148.851s][info][gc,start    ] GC(343) Pause Young (Normal) (G1 Evacuation Pause)
[148.851s][info][gc,task     ] GC(343) Using 2 workers of 2 for evacuation
[148.919s][info][gc,phases   ] GC(343)   Pre Evacuate Collection Set: 0.53ms
[148.919s][info][gc,phases   ] GC(343)   Merge Heap Roots: 0.40ms
[148.919s][info][gc,phases   ] GC(343)   Evacuate Collection Set: 66.73ms
[148.919s][info][gc,phases   ] GC(343)   Post Evacuate Collection Set: 0.59ms
[148.919s][info][gc,phases   ] GC(343)   Other: 0.09ms
[148.919s][info][gc,heap     ] GC(343) Eden regions: 216->0(168)
[148.919s][info][gc,heap     ] GC(343) Survivor regions: 17->30(30)
[148.919s][info][gc,heap     ] GC(343) Old regions: 671->690
[148.919s][info][gc,heap     ] GC(343) Humongous regions: 10->10
[148.919s][info][gc,metaspace] GC(343) Metaspace: 18312K(18496K)->18312K(18496K) NonClass: 15654K(15744K)->15654K(15744K) Class: 2658K(2752K)->2658K(2752K)
[148.919s][info][gc          ] GC(343) Pause Young (Normal) (G1 Evacuation Pause) 913M->729M(978M) 68.579ms
[148.919s][info][gc,cpu      ] GC(343) User=0.13s Sys=0.00s Real=0.07s
[149.265s][info][gc,start    ] GC(344) Pause Young (Normal) (G1 Evacuation Pause)
[149.265s][info][gc,task     ] GC(344) Using 2 workers of 2 for evacuation
[149.323s][info][gc,phases   ] GC(344)   Pre Evacuate Collection Set: 0.30ms
[149.323s][info][gc,phases   ] GC(344)   Merge Heap Roots: 0.38ms
[149.323s][info][gc,phases   ] GC(344)   Evacuate Collection Set: 57.17ms
[149.323s][info][gc,phases   ] GC(344)   Post Evacuate Collection Set: 0.42ms
[149.323s][info][gc,phases   ] GC(344)   Other: 0.09ms
[149.323s][info][gc,heap     ] GC(344) Eden regions: 168->0(170)
[149.323s][info][gc,heap     ] GC(344) Survivor regions: 30->14(25)
[149.323s][info][gc,heap     ] GC(344) Old regions: 690->720
[149.323s][info][gc,heap     ] GC(344) Humongous regions: 10->10
[149.323s][info][gc,metaspace] GC(344) Metaspace: 18316K(18496K)->18316K(18496K) NonClass: 15658K(15744K)->15658K(15744K) Class: 2658K(2752K)->2658K(2752K)
[149.323s][info][gc          ] GC(344) Pause Young (Normal) (G1 Evacuation Pause) 897M->744M(978M) 58.619ms
[149.323s][info][gc,cpu      ] GC(344) User=0.11s Sys=0.00s Real=0.06s
[149.681s][info][gc,start    ] GC(345) Pause Young (Normal) (G1 Evacuation Pause)
[149.681s][info][gc,task     ] GC(345) Using 2 workers of 2 for evacuation
[149.705s][info][gc,phases   ] GC(345)   Pre Evacuate Collection Set: 0.31ms
[149.705s][info][gc,phases   ] GC(345)   Merge Heap Roots: 0.21ms
[149.705s][info][gc,phases   ] GC(345)   Evacuate Collection Set: 22.77ms
[149.705s][info][gc,phases   ] GC(345)   Post Evacuate Collection Set: 0.39ms
[149.705s][info][gc,phases   ] GC(345)   Other: 0.12ms
[149.705s][info][gc,heap     ] GC(345) Eden regions: 170->0(178)
[149.705s][info][gc,heap     ] GC(345) Survivor regions: 14->3(23)
[149.705s][info][gc,heap     ] GC(345) Old regions: 720->734
[149.705s][info][gc,heap     ] GC(345) Humongous regions: 10->10
[149.705s][info][gc,metaspace] GC(345) Metaspace: 18319K(18496K)->18319K(18496K) NonClass: 15661K(15744K)->15661K(15744K) Class: 2658K(2752K)->2658K(2752K)
[149.705s][info][gc          ] GC(345) Pause Young (Normal) (G1 Evacuation Pause) 914M->747M(978M) 24.042ms
[149.705s][info][gc,cpu      ] GC(345) User=0.05s Sys=0.00s Real=0.02s
[149.948s][info][gc,start    ] GC(346) Pause Young (Normal) (G1 Evacuation Pause)
[149.948s][info][gc,task     ] GC(346) Using 2 workers of 2 for evacuation
[149.954s][info][gc,phases   ] GC(346)   Pre Evacuate Collection Set: 0.29ms
[149.954s][info][gc,phases   ] GC(346)   Merge Heap Roots: 0.12ms
[149.954s][info][gc,phases   ] GC(346)   Evacuate Collection Set: 4.66ms
[149.954s][info][gc,phases   ] GC(346)   Post Evacuate Collection Set: 0.39ms
[149.954s][info][gc,phases   ] GC(346)   Other: 0.11ms
[149.954s][info][gc,heap     ] GC(346) Eden regions: 178->0(176)
[149.954s][info][gc,heap     ] GC(346) Survivor regions: 3->4(23)
[149.954s][info][gc,heap     ] GC(346) Old regions: 734->734
[149.954s][info][gc,heap     ] GC(346) Humongous regions: 10->10
[149.954s][info][gc,metaspace] GC(346) Metaspace: 18321K(18496K)->18321K(18496K) NonClass: 15663K(15744K)->15663K(15744K) Class: 2658K(2752K)->2658K(2752K)
[149.954s][info][gc          ] GC(346) Pause Young (Normal) (G1 Evacuation Pause) 925M->748M(978M) 5.877ms
[149.954s][info][gc,cpu      ] GC(346) User=0.01s Sys=0.00s Real=0.00s
[150.210s][info][gc,marking  ] GC(342) Concurrent Mark From Roots 2021.660ms
[150.210s][info][gc,marking  ] GC(342) Concurrent Preclean
[150.211s][info][gc,marking  ] GC(342) Concurrent Preclean 0.035ms
[150.211s][info][gc,start    ] GC(342) Pause Remark
[150.217s][info][gc          ] GC(342) Pause Remark 868M->868M(978M) 6.590ms
[150.217s][info][gc,cpu      ] GC(342) User=0.01s Sys=0.00s Real=0.01s
[150.217s][info][gc,marking  ] GC(342) Concurrent Mark 2028.580ms
[150.217s][info][gc,marking  ] GC(342) Concurrent Rebuild Remembered Sets and Scrub Regions
[150.334s][info][gc,start    ] GC(347) Pause Young (Normal) (G1 Evacuation Pause)
[150.334s][info][gc,task     ] GC(347) Using 2 workers of 2 for evacuation
[150.348s][info][gc,phases   ] GC(347)   Pre Evacuate Collection Set: 0.25ms
[150.348s][info][gc,phases   ] GC(347)   Merge Heap Roots: 0.15ms
[150.348s][info][gc,phases   ] GC(347)   Evacuate Collection Set: 13.34ms
[150.348s][info][gc,phases   ] GC(347)   Post Evacuate Collection Set: 0.41ms
[150.348s][info][gc,phases   ] GC(347)   Other: 0.10ms
[150.348s][info][gc,heap     ] GC(347) Eden regions: 176->0(162)
[150.348s][info][gc,heap     ] GC(347) Survivor regions: 4->11(23)
[150.348s][info][gc,heap     ] GC(347) Old regions: 734->734
[150.348s][info][gc,heap     ] GC(347) Humongous regions: 10->10
[150.349s][info][gc,metaspace] GC(347) Metaspace: 18323K(18496K)->18323K(18496K) NonClass: 15665K(15744K)->15665K(15744K) Class: 2658K(2752K)->2658K(2752K)
[150.349s][info][gc          ] GC(347) Pause Young (Normal) (G1 Evacuation Pause) 924M->755M(978M) 14.472ms
[150.349s][info][gc,cpu      ] GC(347) User=0.03s Sys=0.00s Real=0.02s
[150.790s][info][gc,start    ] GC(348) Pause Young (Normal) (G1 Evacuation Pause)
[150.790s][info][gc,task     ] GC(348) Using 2 workers of 2 for evacuation
[150.809s][info][gc,phases   ] GC(348)   Pre Evacuate Collection Set: 0.30ms
[150.810s][info][gc,phases   ] GC(348)   Merge Heap Roots: 0.32ms
[150.810s][info][gc,phases   ] GC(348)   Evacuate Collection Set: 18.14ms
[150.810s][info][gc,phases   ] GC(348)   Post Evacuate Collection Set: 0.40ms
[150.810s][info][gc,phases   ] GC(348)   Other: 0.11ms
[150.810s][info][gc,heap     ] GC(348) Eden regions: 162->0(162)
[150.810s][info][gc,heap     ] GC(348) Survivor regions: 11->11(22)
[150.810s][info][gc,heap     ] GC(348) Old regions: 734->734
[150.810s][info][gc,heap     ] GC(348) Humongous regions: 10->10
[150.810s][info][gc,metaspace] GC(348) Metaspace: 18325K(18496K)->18325K(18496K) NonClass: 15667K(15744K)->15667K(15744K) Class: 2658K(2752K)->2658K(2752K)
[150.810s][info][gc          ] GC(348) Pause Young (Normal) (G1 Evacuation Pause) 917M->754M(978M) 19.519ms
[150.810s][info][gc,cpu      ] GC(348) User=0.03s Sys=0.00s Real=0.02s
[151.079s][info][gc,marking  ] GC(342) Concurrent Rebuild Remembered Sets and Scrub Regions 861.486ms
[151.079s][info][gc,start    ] GC(342) Pause Cleanup
[151.079s][info][gc          ] GC(342) Pause Cleanup 824M->824M(978M) 0.143ms
[151.079s][info][gc,cpu      ] GC(342) User=0.00s Sys=0.00s Real=0.00s
[151.079s][info][gc,marking  ] GC(342) Concurrent Clear Claimed Marks
[151.079s][info][gc,marking  ] GC(342) Concurrent Clear Claimed Marks 0.035ms
[151.079s][info][gc,marking  ] GC(342) Concurrent Cleanup for Next Mark
[151.082s][info][gc,marking  ] GC(342) Concurrent Cleanup for Next Mark 2.870ms
[151.082s][info][gc          ] GC(342) Concurrent Mark Cycle 2940.105ms
[151.347s][info][gc,start    ] GC(349) Pause Young (Prepare Mixed) (G1 Evacuation Pause)
[151.347s][info][gc,task     ] GC(349) Using 2 workers of 2 for evacuation
[151.363s][info][gc,phases   ] GC(349)   Pre Evacuate Collection Set: 0.50ms
[151.363s][info][gc,phases   ] GC(349)   Merge Heap Roots: 0.25ms
[151.363s][info][gc,phases   ] GC(349)   Evacuate Collection Set: 14.07ms
[151.363s][info][gc,phases   ] GC(349)   Post Evacuate Collection Set: 0.43ms
[151.363s][info][gc,phases   ] GC(349)   Other: 0.09ms
[151.363s][info][gc,heap     ] GC(349) Eden regions: 162->0(160)
[151.363s][info][gc,heap     ] GC(349) Survivor regions: 11->12(22)
[151.363s][info][gc,heap     ] GC(349) Old regions: 734->734
[151.363s][info][gc,heap     ] GC(349) Humongous regions: 10->10
[151.363s][info][gc,metaspace] GC(349) Metaspace: 18328K(18496K)->18328K(18496K) NonClass: 15670K(15744K)->15670K(15744K) Class: 2658K(2752K)->2658K(2752K)
[151.363s][info][gc          ] GC(349) Pause Young (Prepare Mixed) (G1 Evacuation Pause) 916M->755M(978M) 15.531ms
[151.363s][info][gc,cpu      ] GC(349) User=0.03s Sys=0.00s Real=0.01s
[151.841s][info][gc,start    ] GC(350) Pause Young (Mixed) (G1 Evacuation Pause)
[151.841s][info][gc,task     ] GC(350) Using 2 workers of 2 for evacuation
[151.913s][info][gc,phases   ] GC(350)   Pre Evacuate Collection Set: 0.32ms
[151.913s][info][gc,phases   ] GC(350)   Merge Heap Roots: 0.51ms
[151.913s][info][gc,phases   ] GC(350)   Evacuate Collection Set: 70.43ms
[151.913s][info][gc,phases   ] GC(350)   Post Evacuate Collection Set: 0.58ms
[151.913s][info][gc,phases   ] GC(350)   Other: 0.10ms
[151.913s][info][gc,heap     ] GC(350) Eden regions: 160->0(26)
[151.913s][info][gc,heap     ] GC(350) Survivor regions: 12->22(22)
[151.913s][info][gc,heap     ] GC(350) Old regions: 734->737
[151.913s][info][gc,heap     ] GC(350) Humongous regions: 10->10
[151.913s][info][gc,metaspace] GC(350) Metaspace: 18328K(18496K)->18328K(18496K) NonClass: 15670K(15744K)->15670K(15744K) Class: 2658K(2752K)->2658K(2752K)
[151.913s][info][gc          ] GC(350) Pause Young (Mixed) (G1 Evacuation Pause) 915M->768M(978M) 72.152ms
[151.913s][info][gc,cpu      ] GC(350) User=0.15s Sys=0.00s Real=0.07s
[151.968s][info][gc,start    ] GC(351) Pause Young (Mixed) (G1 Evacuation Pause)
[151.968s][info][gc,task     ] GC(351) Using 2 workers of 2 for evacuation
[152.152s][info][gc,phases   ] GC(351)   Pre Evacuate Collection Set: 0.44ms
[152.152s][info][gc,phases   ] GC(351)   Merge Heap Roots: 0.73ms
[152.152s][info][gc,phases   ] GC(351)   Evacuate Collection Set: 183.14ms
[152.152s][info][gc,phases   ] GC(351)   Post Evacuate Collection Set: 0.28ms
[152.152s][info][gc,phases   ] GC(351)   Other: 0.05ms
[152.152s][info][gc,heap     ] GC(351) Eden regions: 26->0(158)
[152.152s][info][gc,heap     ] GC(351) Survivor regions: 22->1(6)
[152.152s][info][gc,heap     ] GC(351) Old regions: 737->758
[152.152s][info][gc,heap     ] GC(351) Humongous regions: 10->10
[152.152s][info][gc,metaspace] GC(351) Metaspace: 18328K(18496K)->18328K(18496K) NonClass: 15670K(15744K)->15670K(15744K) Class: 2658K(2752K)->2658K(2752K)
[152.153s][info][gc          ] GC(351) Pause Young (Mixed) (G1 Evacuation Pause) 794M->769M(978M) 184.806ms
[152.153s][info][gc,cpu      ] GC(351) User=0.37s Sys=0.01s Real=0.18s
[152.497s][info][gc,start    ] GC(352) Pause Young (Concurrent Start) (G1 Evacuation Pause)
[152.497s][info][gc,task     ] GC(352) Using 2 workers of 2 for evacuation
[152.498s][info][gc,phases   ] GC(352)   Pre Evacuate Collection Set: 0.25ms
[152.498s][info][gc,phases   ] GC(352)   Merge Heap Roots: 0.05ms
[152.498s][info][gc,phases   ] GC(352)   Evacuate Collection Set: 0.46ms
[152.498s][info][gc,phases   ] GC(352)   Post Evacuate Collection Set: 0.31ms
[152.498s][info][gc,phases   ] GC(352)   Other: 0.12ms
[152.498s][info][gc,heap     ] GC(352) Eden regions: 158->0(158)
[152.498s][info][gc,heap     ] GC(352) Survivor regions: 1->1(20)
[152.498s][info][gc,heap     ] GC(352) Old regions: 758->758
[152.498s][info][gc,heap     ] GC(352) Humongous regions: 10->10
[152.498s][info][gc,metaspace] GC(352) Metaspace: 18328K(18496K)->18328K(18496K) NonClass: 15670K(15744K)->15670K(15744K) Class: 2658K(2752K)->2658K(2752K)
[152.498s][info][gc          ] GC(352) Pause Young (Concurrent Start) (G1 Evacuation Pause) 927M->768M(978M) 1.405ms
[152.498s][info][gc,cpu      ] GC(352) User=0.00s Sys=0.00s Real=0.01s
[152.498s][info][gc          ] GC(353) Concurrent Mark Cycle
[152.498s][info][gc,marking  ] GC(353) Concurrent Scan Root Regions
[152.502s][info][gc,marking  ] GC(353) Concurrent Scan Root Regions 3.666ms
[152.502s][info][gc,marking  ] GC(353) Concurrent Mark
[152.502s][info][gc,marking  ] GC(353) Concurrent Mark From Roots
[152.502s][info][gc,task     ] GC(353) Using 1 workers of 1 for marking
[153.394s][info][gc,start    ] GC(354) Pause Young (Normal) (G1 Evacuation Pause)
[153.394s][info][gc,task     ] GC(354) Using 2 workers of 2 for evacuation
[153.396s][info][gc,phases   ] GC(354)   Pre Evacuate Collection Set: 0.30ms
[153.396s][info][gc,phases   ] GC(354)   Merge Heap Roots: 0.12ms
[153.396s][info][gc,phases   ] GC(354)   Evacuate Collection Set: 1.78ms
[153.396s][info][gc,phases   ] GC(354)   Post Evacuate Collection Set: 0.35ms
[153.396s][info][gc,phases   ] GC(354)   Other: 0.10ms
[153.396s][info][gc,heap     ] GC(354) Eden regions: 158->0(158)
[153.396s][info][gc,heap     ] GC(354) Survivor regions: 1->1(20)
[153.396s][info][gc,heap     ] GC(354) Old regions: 758->758
[153.396s][info][gc,heap     ] GC(354) Humongous regions: 10->10
[153.396s][info][gc,metaspace] GC(354) Metaspace: 18329K(18496K)->18329K(18496K) NonClass: 15671K(15744K)->15671K(15744K) Class: 2658K(2752K)->2658K(2752K)
[153.397s][info][gc          ] GC(354) Pause Young (Normal) (G1 Evacuation Pause) 926M->768M(978M) 2.878ms
[153.397s][info][gc,cpu      ] GC(354) User=0.01s Sys=0.00s Real=0.00s
[154.185s][info][gc,marking  ] GC(353) Concurrent Mark From Roots 1683.383ms
[154.185s][info][gc,marking  ] GC(353) Concurrent Preclean
[154.185s][info][gc,marking  ] GC(353) Concurrent Preclean 0.025ms
[154.186s][info][gc,start    ] GC(353) Pause Remark
[154.192s][info][gc          ] GC(353) Pause Remark 869M->741M(978M) 6.861ms
[154.192s][info][gc,cpu      ] GC(353) User=0.02s Sys=0.00s Real=0.01s
[154.195s][info][gc,marking  ] GC(353) Concurrent Mark 1693.071ms
[154.195s][info][gc,marking  ] GC(353) Concurrent Rebuild Remembered Sets and Scrub Regions
[154.613s][info][gc,marking  ] GC(353) Concurrent Rebuild Remembered Sets and Scrub Regions 417.890ms
[154.613s][info][gc,start    ] GC(353) Pause Cleanup
[154.613s][info][gc          ] GC(353) Pause Cleanup 785M->785M(978M) 0.117ms
[154.613s][info][gc,cpu      ] GC(353) User=0.00s Sys=0.00s Real=0.00s
[154.613s][info][gc,marking  ] GC(353) Concurrent Clear Claimed Marks
[154.613s][info][gc,marking  ] GC(353) Concurrent Clear Claimed Marks 0.026ms
[154.613s][info][gc,marking  ] GC(353) Concurrent Cleanup for Next Mark
[154.616s][info][gc,marking  ] GC(353) Concurrent Cleanup for Next Mark 2.848ms
[154.616s][info][gc          ] GC(353) Concurrent Mark Cycle 2117.966ms
[154.724s][info][gc,start    ] GC(355) Pause Young (Prepare Mixed) (G1 Evacuation Pause)
[154.724s][info][gc,task     ] GC(355) Using 2 workers of 2 for evacuation
[154.728s][info][gc,phases   ] GC(355)   Pre Evacuate Collection Set: 0.29ms
[154.728s][info][gc,phases   ] GC(355)   Merge Heap Roots: 0.11ms
[154.728s][info][gc,phases   ] GC(355)   Evacuate Collection Set: 3.34ms
[154.728s][info][gc,phases   ] GC(355)   Post Evacuate Collection Set: 0.37ms
[154.728s][info][gc,phases   ] GC(355)   Other: 0.07ms
[154.728s][info][gc,heap     ] GC(355) Eden regions: 158->0(284)
[154.728s][info][gc,heap     ] GC(355) Survivor regions: 1->2(20)
[154.728s][info][gc,heap     ] GC(355) Old regions: 633->633
[154.728s][info][gc,heap     ] GC(355) Humongous regions: 7->7
[154.728s][info][gc,metaspace] GC(355) Metaspace: 18332K(18496K)->18332K(18496K) NonClass: 15674K(15744K)->15674K(15744K) Class: 2658K(2752K)->2658K(2752K)
[154.728s][info][gc          ] GC(355) Pause Young (Prepare Mixed) (G1 Evacuation Pause) 798M->641M(978M) 4.383ms
[154.728s][info][gc,cpu      ] GC(355) User=0.01s Sys=0.00s Real=0.01s
[155.478s][info][gc,start    ] GC(356) Pause Young (Mixed) (G1 Evacuation Pause)
[155.478s][info][gc,task     ] GC(356) Using 2 workers of 2 for evacuation
[155.496s][info][gc,phases   ] GC(356)   Pre Evacuate Collection Set: 0.32ms
[155.496s][info][gc,phases   ] GC(356)   Merge Heap Roots: 0.37ms
[155.496s][info][gc,phases   ] GC(356)   Evacuate Collection Set: 16.60ms
[155.496s][info][gc,phases   ] GC(356)   Post Evacuate Collection Set: 0.50ms
[155.496s][info][gc,phases   ] GC(356)   Other: 0.10ms
[155.496s][info][gc,heap     ] GC(356) Eden regions: 284->0(314)
[155.496s][info][gc,heap     ] GC(356) Survivor regions: 2->3(36)
[155.496s][info][gc,heap     ] GC(356) Old regions: 633->601
[155.496s][info][gc,heap     ] GC(356) Humongous regions: 7->7
[155.496s][info][gc,metaspace] GC(356) Metaspace: 18446K(18688K)->18446K(18688K) NonClass: 15788K(15936K)->15788K(15936K) Class: 2658K(2752K)->2658K(2752K)
[155.496s][info][gc          ] GC(356) Pause Young (Mixed) (G1 Evacuation Pause) 925M->610M(978M) 18.061ms
[155.496s][info][gc,cpu      ] GC(356) User=0.03s Sys=0.00s Real=0.01s
[155.935s][info][gc,start    ] GC(357) Pause Young (Concurrent Start) (G1 Evacuation Pause)
[155.935s][info][gc,task     ] GC(357) Using 2 workers of 2 for evacuation
[156.026s][info][gc,phases   ] GC(357)   Pre Evacuate Collection Set: 0.29ms
[156.026s][info][gc,phases   ] GC(357)   Merge Heap Roots: 0.15ms
[156.026s][info][gc,phases   ] GC(357)   Evacuate Collection Set: 79.97ms
[156.026s][info][gc,phases   ] GC(357)   Post Evacuate Collection Set: 10.65ms
[156.026s][info][gc,phases   ] GC(357)   Other: 0.09ms
[156.026s][info][gc,heap     ] GC(357) Eden regions: 314->0(101)
[156.026s][info][gc,heap     ] GC(357) Survivor regions: 3->40(40)
[156.026s][info][gc,heap     ] GC(357) Old regions: 601->740
[156.026s][info][gc,heap     ] GC(357) Humongous regions: 7->7
[156.026s][info][gc,metaspace] GC(357) Metaspace: 18499K(18688K)->18499K(18688K) NonClass: 15840K(15936K)->15840K(15936K) Class: 2658K(2752K)->2658K(2752K)
[156.026s][info][gc          ] GC(357) Pause Young (Concurrent Start) (G1 Evacuation Pause) (Evacuation Failure: Allocation) 924M->787M(978M) 91.388ms
[156.026s][info][gc,cpu      ] GC(357) User=0.18s Sys=0.00s Real=0.09s
[156.028s][info][gc          ] GC(358) Concurrent Mark Cycle
[156.028s][info][gc,marking  ] GC(358) Concurrent Scan Root Regions
[156.149s][info][gc,marking  ] GC(358) Concurrent Scan Root Regions 120.774ms
[156.149s][info][gc,marking  ] GC(358) Concurrent Mark
[156.149s][info][gc,marking  ] GC(358) Concurrent Mark From Roots
[156.149s][info][gc,task     ] GC(358) Using 1 workers of 1 for marking
[156.256s][info][gc,start    ] GC(359) Pause Young (Normal) (G1 Evacuation Pause)
[156.256s][info][gc,task     ] GC(359) Using 2 workers of 2 for evacuation
[156.358s][info][gc,phases   ] GC(359)   Pre Evacuate Collection Set: 0.54ms
[156.359s][info][gc,phases   ] GC(359)   Merge Heap Roots: 0.68ms
[156.359s][info][gc,phases   ] GC(359)   Evacuate Collection Set: 96.63ms
[156.359s][info][gc,phases   ] GC(359)   Post Evacuate Collection Set: 4.10ms
[156.359s][info][gc,phases   ] GC(359)   Other: 0.07ms
[156.359s][info][gc,heap     ] GC(359) Eden regions: 101->0(134)
[156.359s][info][gc,heap     ] GC(359) Survivor regions: 40->18(18)
[156.359s][info][gc,heap     ] GC(359) Old regions: 740->751
[156.359s][info][gc,heap     ] GC(359) Humongous regions: 7->7
[156.359s][info][gc,metaspace] GC(359) Metaspace: 18499K(18688K)->18499K(18688K) NonClass: 15840K(15936K)->15840K(15936K) Class: 2658K(2752K)->2658K(2752K)
[156.359s][info][gc          ] GC(359) Pause Young (Normal) (G1 Evacuation Pause) (Evacuation Failure: Allocation) 888M->776M(978M) 102.235ms
[156.359s][info][gc,cpu      ] GC(359) User=0.20s Sys=0.00s Real=0.11s
[156.641s][info][gc,start    ] GC(360) Pause Young (Normal) (G1 Evacuation Pause)
[156.641s][info][gc,task     ] GC(360) Using 2 workers of 2 for evacuation
[156.734s][info][gc,phases   ] GC(360)   Pre Evacuate Collection Set: 0.52ms
[156.734s][info][gc,phases   ] GC(360)   Merge Heap Roots: 0.34ms
[156.734s][info][gc,phases   ] GC(360)   Evacuate Collection Set: 86.05ms
[156.734s][info][gc,phases   ] GC(360)   Post Evacuate Collection Set: 5.53ms
[156.734s][info][gc,phases   ] GC(360)   Other: 0.10ms
[156.734s][info][gc,heap     ] GC(360) Eden regions: 134->0(79)
[156.734s][info][gc,heap     ] GC(360) Survivor regions: 18->19(19)
[156.734s][info][gc,heap     ] GC(360) Old regions: 751->803
[156.734s][info][gc,heap     ] GC(360) Humongous regions: 8->8
[156.734s][info][gc,metaspace] GC(360) Metaspace: 18499K(18688K)->18499K(18688K) NonClass: 15840K(15936K)->15840K(15936K) Class: 2658K(2752K)->2658K(2752K)
[156.734s][info][gc          ] GC(360) Pause Young (Normal) (G1 Evacuation Pause) (Evacuation Failure: Allocation) 911M->830M(978M) 92.792ms
[156.734s][info][gc,cpu      ] GC(360) User=0.19s Sys=0.00s Real=0.09s
[156.917s][info][gc,start    ] GC(361) Pause Young (Normal) (G1 Evacuation Pause)
[156.917s][info][gc,task     ] GC(361) Using 2 workers of 2 for evacuation
[156.968s][info][gc,phases   ] GC(361)   Pre Evacuate Collection Set: 0.32ms
[156.969s][info][gc,phases   ] GC(361)   Merge Heap Roots: 0.76ms
[156.969s][info][gc,phases   ] GC(361)   Evacuate Collection Set: 49.74ms
[156.969s][info][gc,phases   ] GC(361)   Post Evacuate Collection Set: 0.50ms
[156.969s][info][gc,phases   ] GC(361)   Other: 0.07ms
[156.969s][info][gc,heap     ] GC(361) Eden regions: 79->0(130)
[156.969s][info][gc,heap     ] GC(361) Survivor regions: 19->6(13)
[156.969s][info][gc,heap     ] GC(361) Old regions: 803->770
[156.969s][info][gc,heap     ] GC(361) Humongous regions: 8->8
[156.969s][info][gc,metaspace] GC(361) Metaspace: 18499K(18688K)->18499K(18688K) NonClass: 15840K(15936K)->15840K(15936K) Class: 2658K(2752K)->2658K(2752K)
[156.969s][info][gc          ] GC(361) Pause Young (Normal) (G1 Evacuation Pause) 909M->783M(978M) 51.620ms
[156.969s][info][gc,cpu      ] GC(361) User=0.11s Sys=0.00s Real=0.05s
[157.316s][info][gc,start    ] GC(362) Pause Young (Normal) (G1 Evacuation Pause)
[157.316s][info][gc,task     ] GC(362) Using 2 workers of 2 for evacuation
[157.371s][info][gc,phases   ] GC(362)   Pre Evacuate Collection Set: 0.28ms
[157.371s][info][gc,phases   ] GC(362)   Merge Heap Roots: 0.67ms
[157.371s][info][gc,phases   ] GC(362)   Evacuate Collection Set: 52.59ms
[157.371s][info][gc,phases   ] GC(362)   Post Evacuate Collection Set: 0.49ms
[157.371s][info][gc,phases   ] GC(362)   Other: 0.07ms
[157.371s][info][gc,heap     ] GC(362) Eden regions: 130->0(107)
[157.371s][info][gc,heap     ] GC(362) Survivor regions: 6->17(17)
[157.371s][info][gc,heap     ] GC(362) Old regions: 770->776
[157.371s][info][gc,heap     ] GC(362) Humongous regions: 11->11
[157.371s][info][gc,metaspace] GC(362) Metaspace: 18525K(18752K)->18525K(18752K) NonClass: 15866K(16000K)->15866K(16000K) Class: 2658K(2752K)->2658K(2752K)
[157.371s][info][gc          ] GC(362) Pause Young (Normal) (G1 Evacuation Pause) 916M->803M(978M) 54.339ms
[157.371s][info][gc,cpu      ] GC(362) User=0.11s Sys=0.00s Real=0.06s
[157.654s][info][gc,start    ] GC(363) Pause Young (Normal) (G1 Evacuation Pause)
[157.654s][info][gc,task     ] GC(363) Using 2 workers of 2 for evacuation
[157.709s][info][gc,phases   ] GC(363)   Pre Evacuate Collection Set: 0.30ms
[157.710s][info][gc,phases   ] GC(363)   Merge Heap Roots: 0.48ms
[157.710s][info][gc,phases   ] GC(363)   Evacuate Collection Set: 54.18ms
[157.710s][info][gc,phases   ] GC(363)   Post Evacuate Collection Set: 0.37ms
[157.710s][info][gc,phases   ] GC(363)   Other: 0.09ms
[157.710s][info][gc,heap     ] GC(363) Eden regions: 107->0(92)
[157.710s][info][gc,heap     ] GC(363) Survivor regions: 17->16(16)
[157.710s][info][gc,heap     ] GC(363) Old regions: 776->793
[157.710s][info][gc,heap     ] GC(363) Humongous regions: 11->11
[157.710s][info][gc,metaspace] GC(363) Metaspace: 18525K(18752K)->18525K(18752K) NonClass: 15866K(16000K)->15866K(16000K) Class: 2658K(2752K)->2658K(2752K)
[157.710s][info][gc          ] GC(363) Pause Young (Normal) (G1 Evacuation Pause) 910M->819M(978M) 55.679ms
[157.710s][info][gc,cpu      ] GC(363) User=0.11s Sys=0.00s Real=0.06s
[157.885s][info][gc,start    ] GC(364) Pause Young (Normal) (G1 Evacuation Pause)
[157.885s][info][gc,task     ] GC(364) Using 2 workers of 2 for evacuation
[157.910s][info][gc,phases   ] GC(364)   Pre Evacuate Collection Set: 0.30ms
[157.910s][info][gc,phases   ] GC(364)   Merge Heap Roots: 0.15ms
[157.910s][info][gc,phases   ] GC(364)   Evacuate Collection Set: 24.42ms
[157.910s][info][gc,phases   ] GC(364)   Post Evacuate Collection Set: 0.33ms
[157.910s][info][gc,phases   ] GC(364)   Other: 0.10ms
[157.910s][info][gc,heap     ] GC(364) Eden regions: 92->0(102)
[157.910s][info][gc,heap     ] GC(364) Survivor regions: 16->3(14)
[157.910s][info][gc,heap     ] GC(364) Old regions: 793->809
[157.910s][info][gc,heap     ] GC(364) Humongous regions: 11->11
[157.910s][info][gc,metaspace] GC(364) Metaspace: 18525K(18752K)->18525K(18752K) NonClass: 15867K(16000K)->15867K(16000K) Class: 2658K(2752K)->2658K(2752K)
[157.910s][info][gc          ] GC(364) Pause Young (Normal) (G1 Evacuation Pause) 911M->823M(978M) 25.537ms
[157.910s][info][gc,cpu      ] GC(364) User=0.05s Sys=0.00s Real=0.03s
[157.987s][info][gc,marking  ] GC(358) Concurrent Mark From Roots 1838.539ms
[157.987s][info][gc,marking  ] GC(358) Concurrent Preclean
[157.987s][info][gc,marking  ] GC(358) Concurrent Preclean 0.039ms
[157.988s][info][gc,start    ] GC(358) Pause Remark
[157.998s][info][metaspace   ] ChkMgr @0x00007fef1c1626e0 (non-class-space): : reclaiming memory...
[157.998s][info][metaspace   ] ChkMgr @0x00007fef1c1626e0 (non-class-space): nothing reclaimed.
[157.998s][info][metaspace   ] ChkMgr @0x00007fef1c1607f0 (class-space): : reclaiming memory...
[157.998s][info][metaspace   ] ChkMgr @0x00007fef1c1607f0 (class-space): nothing reclaimed.
[157.999s][info][gc          ] GC(358) Pause Remark 867M->790M(978M) 10.788ms
[157.999s][info][gc,cpu      ] GC(358) User=0.02s Sys=0.00s Real=0.01s
[158.000s][info][gc,marking  ] GC(358) Concurrent Mark 1851.569ms
[158.000s][info][gc,marking  ] GC(358) Concurrent Rebuild Remembered Sets and Scrub Regions
[158.055s][info][gc,start    ] GC(365) Pause Young (Normal) (G1 Evacuation Pause)
[158.055s][info][gc,task     ] GC(365) Using 2 workers of 2 for evacuation
[158.082s][info][gc,phases   ] GC(365)   Pre Evacuate Collection Set: 0.45ms
[158.082s][info][gc,phases   ] GC(365)   Merge Heap Roots: 0.15ms
[158.082s][info][gc,phases   ] GC(365)   Evacuate Collection Set: 26.21ms
[158.082s][info][gc,phases   ] GC(365)   Post Evacuate Collection Set: 0.31ms
[158.082s][info][gc,phases   ] GC(365)   Other: 0.08ms
[158.082s][info][gc,heap     ] GC(365) Eden regions: 102->0(139)
[158.082s][info][gc,heap     ] GC(365) Survivor regions: 3->14(14)
[158.082s][info][gc,heap     ] GC(365) Old regions: 734->745
[158.082s][info][gc,heap     ] GC(365) Humongous regions: 9->9
[158.082s][info][gc,metaspace] GC(365) Metaspace: 18520K(18752K)->18520K(18752K) NonClass: 15862K(16000K)->15862K(16000K) Class: 2658K(2752K)->2658K(2752K)
[158.082s][info][gc          ] GC(365) Pause Young (Normal) (G1 Evacuation Pause) 848M->767M(978M) 27.380ms
[158.082s][info][gc,cpu      ] GC(365) User=0.05s Sys=0.00s Real=0.03s
[158.207s][info][gc,start    ] GC(366) Pause Young (Normal) (G1 Evacuation Pause)
[158.207s][info][gc,task     ] GC(366) Using 2 workers of 2 for evacuation
[158.256s][info][gc,phases   ] GC(366)   Pre Evacuate Collection Set: 0.26ms
[158.256s][info][gc,phases   ] GC(366)   Merge Heap Roots: 0.13ms
[158.256s][info][gc,phases   ] GC(366)   Evacuate Collection Set: 48.20ms
[158.256s][info][gc,phases   ] GC(366)   Post Evacuate Collection Set: 0.44ms
[158.256s][info][gc,phases   ] GC(366)   Other: 0.07ms
[158.256s][info][gc,heap     ] GC(366) Eden regions: 139->0(104)
[158.257s][info][gc,heap     ] GC(366) Survivor regions: 14->20(20)
[158.257s][info][gc,heap     ] GC(366) Old regions: 745->775
[158.257s][info][gc,heap     ] GC(366) Humongous regions: 9->9
[158.257s][info][gc,metaspace] GC(366) Metaspace: 18520K(18752K)->18520K(18752K) NonClass: 15862K(16000K)->15862K(16000K) Class: 2658K(2752K)->2658K(2752K)
[158.257s][info][gc          ] GC(366) Pause Young (Normal) (G1 Evacuation Pause) 906M->803M(978M) 49.363ms
[158.257s][info][gc,cpu      ] GC(366) User=0.09s Sys=0.00s Real=0.04s
[158.447s][info][gc,start    ] GC(367) Pause Young (Normal) (G1 Evacuation Pause)
[158.448s][info][gc,task     ] GC(367) Using 2 workers of 2 for evacuation
[158.495s][info][gc,phases   ] GC(367)   Pre Evacuate Collection Set: 0.27ms
[158.496s][info][gc,phases   ] GC(367)   Merge Heap Roots: 0.32ms
[158.496s][info][gc,phases   ] GC(367)   Evacuate Collection Set: 46.84ms
[158.496s][info][gc,phases   ] GC(367)   Post Evacuate Collection Set: 0.45ms
[158.496s][info][gc,phases   ] GC(367)   Other: 0.08ms
[158.496s][info][gc,heap     ] GC(367) Eden regions: 104->0(93)
[158.496s][info][gc,heap     ] GC(367) Survivor regions: 20->15(16)
[158.496s][info][gc,heap     ] GC(367) Old regions: 775->795
[158.496s][info][gc,heap     ] GC(367) Humongous regions: 10->10
[158.496s][info][gc,metaspace] GC(367) Metaspace: 18520K(18752K)->18520K(18752K) NonClass: 15862K(16000K)->15862K(16000K) Class: 2658K(2752K)->2658K(2752K)
[158.496s][info][gc          ] GC(367) Pause Young (Normal) (G1 Evacuation Pause) 908M->819M(978M) 48.243ms
[158.496s][info][gc,cpu      ] GC(367) User=0.10s Sys=0.00s Real=0.04s
[158.594s][info][gc,start    ] GC(368) Pause Young (Normal) (G1 Evacuation Pause)
[158.594s][info][gc,task     ] GC(368) Using 2 workers of 2 for evacuation
[158.622s][info][gc,phases   ] GC(368)   Pre Evacuate Collection Set: 0.30ms
[158.622s][info][gc,phases   ] GC(368)   Merge Heap Roots: 0.25ms
[158.622s][info][gc,phases   ] GC(368)   Evacuate Collection Set: 27.25ms
[158.622s][info][gc,phases   ] GC(368)   Post Evacuate Collection Set: 0.31ms
[158.622s][info][gc,phases   ] GC(368)   Other: 0.08ms
[158.622s][info][gc,heap     ] GC(368) Eden regions: 93->0(96)
[158.622s][info][gc,heap     ] GC(368) Survivor regions: 15->6(14)
[158.622s][info][gc,heap     ] GC(368) Old regions: 795->810
[158.622s][info][gc,heap     ] GC(368) Humongous regions: 10->10
[158.622s][info][gc,metaspace] GC(368) Metaspace: 18520K(18752K)->18520K(18752K) NonClass: 15862K(16000K)->15862K(16000K) Class: 2658K(2752K)->2658K(2752K)
[158.622s][info][gc          ] GC(368) Pause Young (Normal) (G1 Evacuation Pause) 912M->825M(978M) 28.439ms
[158.622s][info][gc,cpu      ] GC(368) User=0.06s Sys=0.00s Real=0.03s
[158.730s][info][gc,start    ] GC(369) Pause Young (Normal) (G1 Evacuation Pause)
[158.730s][info][gc,task     ] GC(369) Using 2 workers of 2 for evacuation
[158.742s][info][gc,phases   ] GC(369)   Pre Evacuate Collection Set: 0.26ms
[158.742s][info][gc,phases   ] GC(369)   Merge Heap Roots: 0.11ms
[158.742s][info][gc,phases   ] GC(369)   Evacuate Collection Set: 11.76ms
[158.742s][info][gc,phases   ] GC(369)   Post Evacuate Collection Set: 0.30ms
[158.742s][info][gc,phases   ] GC(369)   Other: 0.07ms
[158.743s][info][gc,heap     ] GC(369) Eden regions: 96->0(88)
[158.743s][info][gc,heap     ] GC(369) Survivor regions: 6->10(13)
[158.743s][info][gc,heap     ] GC(369) Old regions: 810->810
[158.743s][info][gc,heap     ] GC(369) Humongous regions: 10->10
[158.743s][info][gc,metaspace] GC(369) Metaspace: 18520K(18752K)->18520K(18752K) NonClass: 15862K(16000K)->15862K(16000K) Class: 2658K(2752K)->2658K(2752K)
[158.743s][info][gc          ] GC(369) Pause Young (Normal) (G1 Evacuation Pause) 921M->829M(978M) 12.737ms
[158.743s][info][gc,cpu      ] GC(369) User=0.02s Sys=0.00s Real=0.01s
[158.802s][info][gc,start    ] GC(370) Pause Young (Normal) (G1 Evacuation Pause)
[158.803s][info][gc,task     ] GC(370) Using 2 workers of 2 for evacuation
[158.814s][info][gc,phases   ] GC(370)   Pre Evacuate Collection Set: 0.24ms
[158.814s][info][gc,phases   ] GC(370)   Merge Heap Roots: 0.10ms
[158.814s][info][gc,phases   ] GC(370)   Evacuate Collection Set: 10.84ms
[158.814s][info][gc,phases   ] GC(370)   Post Evacuate Collection Set: 0.28ms
[158.814s][info][gc,phases   ] GC(370)   Other: 0.07ms
[158.814s][info][gc,heap     ] GC(370) Eden regions: 88->0(92)
[158.814s][info][gc,heap     ] GC(370) Survivor regions: 10->5(13)
[158.814s][info][gc,heap     ] GC(370) Old regions: 810->816
[158.814s][info][gc,heap     ] GC(370) Humongous regions: 10->10
[158.814s][info][gc,metaspace] GC(370) Metaspace: 18520K(18752K)->18520K(18752K) NonClass: 15862K(16000K)->15862K(16000K) Class: 2658K(2752K)->2658K(2752K)
[158.814s][info][gc          ] GC(370) Pause Young (Normal) (G1 Evacuation Pause) 917M->829M(978M) 11.767ms
[158.814s][info][gc,cpu      ] GC(370) User=0.02s Sys=0.00s Real=0.01s
[158.870s][info][gc,marking  ] GC(358) Concurrent Rebuild Remembered Sets and Scrub Regions 869.664ms
[158.870s][info][gc,start    ] GC(358) Pause Cleanup
[158.870s][info][gc          ] GC(358) Pause Cleanup 881M->881M(978M) 0.103ms
[158.870s][info][gc,cpu      ] GC(358) User=0.00s Sys=0.00s Real=0.00s
[158.870s][info][gc,marking  ] GC(358) Concurrent Clear Claimed Marks
[158.870s][info][gc,marking  ] GC(358) Concurrent Clear Claimed Marks 0.027ms
[158.870s][info][gc,marking  ] GC(358) Concurrent Cleanup for Next Mark
[158.873s][info][gc,marking  ] GC(358) Concurrent Cleanup for Next Mark 2.809ms
[158.873s][info][gc          ] GC(358) Concurrent Mark Cycle 2845.288ms
[158.908s][info][gc,start    ] GC(371) Pause Young (Prepare Mixed) (G1 Evacuation Pause)
[158.908s][info][gc,task     ] GC(371) Using 2 workers of 2 for evacuation
[158.916s][info][gc,phases   ] GC(371)   Pre Evacuate Collection Set: 0.42ms
[158.916s][info][gc,phases   ] GC(371)   Merge Heap Roots: 0.12ms
[158.916s][info][gc,phases   ] GC(371)   Evacuate Collection Set: 6.99ms
[158.916s][info][gc,phases   ] GC(371)   Post Evacuate Collection Set: 0.33ms
[158.916s][info][gc,phases   ] GC(371)   Other: 0.07ms
[158.916s][info][gc,heap     ] GC(371) Eden regions: 92->0(90)
[158.916s][info][gc,heap     ] GC(371) Survivor regions: 5->6(13)
[158.916s][info][gc,heap     ] GC(371) Old regions: 816->816
[158.916s][info][gc,heap     ] GC(371) Humongous regions: 10->10
[158.916s][info][gc,metaspace] GC(371) Metaspace: 18520K(18752K)->18520K(18752K) NonClass: 15862K(16000K)->15862K(16000K) Class: 2658K(2752K)->2658K(2752K)
[158.916s][info][gc          ] GC(371) Pause Young (Prepare Mixed) (G1 Evacuation Pause) 921M->830M(978M) 8.066ms
[158.916s][info][gc,cpu      ] GC(371) User=0.01s Sys=0.00s Real=0.00s
[158.995s][info][gc,start    ] GC(372) Pause Young (Mixed) (G1 Evacuation Pause)
[158.995s][info][gc,task     ] GC(372) Using 2 workers of 2 for evacuation
[159.027s][info][gc,phases   ] GC(372)   Pre Evacuate Collection Set: 0.49ms
[159.027s][info][gc,phases   ] GC(372)   Merge Heap Roots: 0.47ms
[159.027s][info][gc,phases   ] GC(372)   Evacuate Collection Set: 30.21ms
[159.027s][info][gc,phases   ] GC(372)   Post Evacuate Collection Set: 0.52ms
[159.027s][info][gc,phases   ] GC(372)   Other: 0.08ms
[159.027s][info][gc,heap     ] GC(372) Eden regions: 90->0(130)
[159.027s][info][gc,heap     ] GC(372) Survivor regions: 6->7(12)
[159.027s][info][gc,heap     ] GC(372) Old regions: 816->774
[159.027s][info][gc,heap     ] GC(372) Humongous regions: 10->10
[159.027s][info][gc,metaspace] GC(372) Metaspace: 18520K(18752K)->18520K(18752K) NonClass: 15862K(16000K)->15862K(16000K) Class: 2658K(2752K)->2658K(2752K)
[159.027s][info][gc          ] GC(372) Pause Young (Mixed) (G1 Evacuation Pause) 920M->791M(978M) 31.961ms
[159.027s][info][gc,cpu      ] GC(372) User=0.07s Sys=0.00s Real=0.04s
[159.157s][info][gc,start    ] GC(373) Pause Young (Concurrent Start) (G1 Evacuation Pause)
[159.157s][info][gc,task     ] GC(373) Using 2 workers of 2 for evacuation
[159.172s][info][gc,phases   ] GC(373)   Pre Evacuate Collection Set: 0.36ms
[159.172s][info][gc,phases   ] GC(373)   Merge Heap Roots: 0.14ms
[159.172s][info][gc,phases   ] GC(373)   Evacuate Collection Set: 13.68ms
[159.172s][info][gc,phases   ] GC(373)   Post Evacuate Collection Set: 0.38ms
[159.172s][info][gc,phases   ] GC(373)   Other: 0.23ms
[159.172s][info][gc,heap     ] GC(373) Eden regions: 130->0(120)
[159.172s][info][gc,heap     ] GC(373) Survivor regions: 7->12(18)
[159.172s][info][gc,heap     ] GC(373) Old regions: 774->774
[159.172s][info][gc,heap     ] GC(373) Humongous regions: 10->10
[159.172s][info][gc,metaspace] GC(373) Metaspace: 18520K(18752K)->18520K(18752K) NonClass: 15862K(16000K)->15862K(16000K) Class: 2658K(2752K)->2658K(2752K)
[159.172s][info][gc          ] GC(373) Pause Young (Concurrent Start) (G1 Evacuation Pause) 921M->795M(978M) 15.018ms
[159.172s][info][gc          ] GC(374) Concurrent Mark Cycle
[159.172s][info][gc,marking  ] GC(374) Concurrent Scan Root Regions
[159.175s][info][gc,cpu      ] GC(373) User=0.03s Sys=0.00s Real=0.01s
[159.195s][info][gc,marking  ] GC(374) Concurrent Scan Root Regions 23.019ms
[159.195s][info][gc,marking  ] GC(374) Concurrent Mark
[159.196s][info][gc,marking  ] GC(374) Concurrent Mark From Roots
[159.196s][info][gc,task     ] GC(374) Using 1 workers of 1 for marking
[159.600s][info][gc,start    ] GC(375) Pause Young (Normal) (G1 Evacuation Pause)
[159.600s][info][gc,task     ] GC(375) Using 2 workers of 2 for evacuation
[159.615s][info][gc,phases   ] GC(375)   Pre Evacuate Collection Set: 0.28ms
[159.615s][info][gc,phases   ] GC(375)   Merge Heap Roots: 0.17ms
[159.615s][info][gc,phases   ] GC(375)   Evacuate Collection Set: 14.34ms
[159.615s][info][gc,phases   ] GC(375)   Post Evacuate Collection Set: 0.35ms
[159.615s][info][gc,phases   ] GC(375)   Other: 0.11ms
[159.615s][info][gc,heap     ] GC(375) Eden regions: 120->0(123)
[159.615s][info][gc,heap     ] GC(375) Survivor regions: 12->8(17)
[159.615s][info][gc,heap     ] GC(375) Old regions: 774->779
[159.615s][info][gc,heap     ] GC(375) Humongous regions: 10->10
[159.615s][info][gc,metaspace] GC(375) Metaspace: 18520K(18752K)->18520K(18752K) NonClass: 15862K(16000K)->15862K(16000K) Class: 2658K(2752K)->2658K(2752K)
[159.615s][info][gc          ] GC(375) Pause Young (Normal) (G1 Evacuation Pause) 915M->796M(978M) 15.441ms
[159.615s][info][gc,cpu      ] GC(375) User=0.03s Sys=0.00s Real=0.01s
[159.840s][info][gc,marking  ] GC(374) Concurrent Mark From Roots 644.960ms
[159.841s][info][gc,marking  ] GC(374) Concurrent Preclean
[159.841s][info][gc,marking  ] GC(374) Concurrent Preclean 0.028ms
[159.841s][info][gc,start    ] GC(374) Pause Remark
[159.848s][info][gc          ] GC(374) Pause Remark 873M->392M(978M) 7.610ms
[159.848s][info][gc,cpu      ] GC(374) User=0.01s Sys=0.00s Real=0.01s
[159.849s][info][gc,marking  ] GC(374) Concurrent Mark 653.480ms
[159.849s][info][gc,marking  ] GC(374) Concurrent Rebuild Remembered Sets and Scrub Regions
[159.920s][info][gc,start    ] GC(376) Pause Young (Normal) (G1 Evacuation Pause)
[159.920s][info][gc,task     ] GC(376) Using 2 workers of 2 for evacuation
[159.986s][info][gc,phases   ] GC(376)   Pre Evacuate Collection Set: 0.44ms
[159.986s][info][gc,phases   ] GC(376)   Merge Heap Roots: 0.30ms
[159.986s][info][gc,phases   ] GC(376)   Evacuate Collection Set: 64.51ms
[159.986s][info][gc,phases   ] GC(376)   Post Evacuate Collection Set: 0.64ms
[159.986s][info][gc,phases   ] GC(376)   Other: 0.10ms
[159.986s][info][gc,heap     ] GC(376) Eden regions: 123->0(485)
[159.986s][info][gc,heap     ] GC(376) Survivor regions: 8->17(17)
[159.986s][info][gc,heap     ] GC(376) Old regions: 305->351
[159.986s][info][gc,heap     ] GC(376) Humongous regions: 3->3
[159.986s][info][gc,metaspace] GC(376) Metaspace: 18521K(18752K)->18521K(18752K) NonClass: 15863K(16000K)->15863K(16000K) Class: 2658K(2752K)->2658K(2752K)
[159.986s][info][gc          ] GC(376) Pause Young (Normal) (G1 Evacuation Pause) 438M->370M(978M) 66.190ms
[159.986s][info][gc,cpu      ] GC(376) User=0.13s Sys=0.00s Real=0.06s
[160.128s][info][gc,marking  ] GC(374) Concurrent Rebuild Remembered Sets and Scrub Regions 279.234ms
[160.129s][info][gc,start    ] GC(374) Pause Cleanup
[160.129s][info][gc          ] GC(374) Pause Cleanup 430M->430M(978M) 0.143ms
[160.129s][info][gc,cpu      ] GC(374) User=0.00s Sys=0.00s Real=0.00s
[160.129s][info][gc,marking  ] GC(374) Concurrent Clear Claimed Marks
[160.129s][info][gc,marking  ] GC(374) Concurrent Clear Claimed Marks 0.070ms
[160.129s][info][gc,marking  ] GC(374) Concurrent Cleanup for Next Mark
[160.132s][info][gc,marking  ] GC(374) Concurrent Cleanup for Next Mark 2.855ms
[160.132s][info][gc          ] GC(374) Concurrent Mark Cycle 959.828ms
[160.671s][info][gc,start    ] GC(377) Pause Young (Prepare Mixed) (G1 Evacuation Pause)
[160.672s][info][gc,task     ] GC(377) Using 2 workers of 2 for evacuation
[160.741s][info][gc,phases   ] GC(377)   Pre Evacuate Collection Set: 0.51ms
[160.741s][info][gc,phases   ] GC(377)   Merge Heap Roots: 0.68ms
[160.741s][info][gc,phases   ] GC(377)   Evacuate Collection Set: 66.95ms
[160.741s][info][gc,phases   ] GC(377)   Post Evacuate Collection Set: 0.92ms
[160.741s][info][gc,phases   ] GC(377)   Other: 0.10ms
[160.741s][info][gc,heap     ] GC(377) Eden regions: 485->0(467)
[160.741s][info][gc,heap     ] GC(377) Survivor regions: 17->43(63)
[160.741s][info][gc,heap     ] GC(377) Old regions: 351->351
[160.741s][info][gc,heap     ] GC(377) Humongous regions: 4->4
[160.741s][info][gc,metaspace] GC(377) Metaspace: 18521K(18752K)->18521K(18752K) NonClass: 15863K(16000K)->15863K(16000K) Class: 2658K(2752K)->2658K(2752K)
[160.741s][info][gc          ] GC(377) Pause Young (Prepare Mixed) (G1 Evacuation Pause) 856M->397M(978M) 69.417ms
[160.741s][info][gc,cpu      ] GC(377) User=0.14s Sys=0.00s Real=0.07s
[161.355s][info][gc,start    ] GC(378) Pause Young (Mixed) (G1 Evacuation Pause)
[161.355s][info][gc,task     ] GC(378) Using 2 workers of 2 for evacuation
[161.491s][info][gc,phases   ] GC(378)   Pre Evacuate Collection Set: 0.32ms
[161.491s][info][gc,phases   ] GC(378)   Merge Heap Roots: 0.51ms
[161.491s][info][gc,phases   ] GC(378)   Evacuate Collection Set: 134.16ms
[161.491s][info][gc,phases   ] GC(378)   Post Evacuate Collection Set: 0.99ms
[161.491s][info][gc,phases   ] GC(378)   Other: 0.11ms
[161.491s][info][gc,heap     ] GC(378) Eden regions: 441->0(269)
[161.491s][info][gc,heap     ] GC(378) Survivor regions: 43->61(61)
[161.491s][info][gc,heap     ] GC(378) Old regions: 351->400
[161.491s][info][gc,heap     ] GC(378) Humongous regions: 5->5
[161.491s][info][gc,metaspace] GC(378) Metaspace: 18521K(18752K)->18521K(18752K) NonClass: 15863K(16000K)->15863K(16000K) Class: 2658K(2752K)->2658K(2752K)
[161.491s][info][gc          ] GC(378) Pause Young (Mixed) (G1 Evacuation Pause) 839M->466M(978M) 136.357ms
[161.491s][info][gc,cpu      ] GC(378) User=0.27s Sys=0.00s Real=0.14s
[161.775s][info][gc,start    ] GC(379) Pause Young (Mixed) (G1 Evacuation Pause)
[161.775s][info][gc,task     ] GC(379) Using 2 workers of 2 for evacuation
[161.937s][info][gc,phases   ] GC(379)   Pre Evacuate Collection Set: 0.32ms
[161.937s][info][gc,phases   ] GC(379)   Merge Heap Roots: 0.60ms
[161.937s][info][gc,phases   ] GC(379)   Evacuate Collection Set: 159.33ms
[161.937s][info][gc,phases   ] GC(379)   Post Evacuate Collection Set: 1.09ms
[161.937s][info][gc,phases   ] GC(379)   Other: 0.09ms
[161.937s][info][gc,heap     ] GC(379) Eden regions: 232->0(269)
[161.937s][info][gc,heap     ] GC(379) Survivor regions: 61->37(37)
[161.937s][info][gc,heap     ] GC(379) Old regions: 400->507
[161.937s][info][gc,heap     ] GC(379) Humongous regions: 5->5
[161.937s][info][gc,metaspace] GC(379) Metaspace: 18521K(18752K)->18521K(18752K) NonClass: 15863K(16000K)->15863K(16000K) Class: 2658K(2752K)->2658K(2752K)
[161.937s][info][gc          ] GC(379) Pause Young (Mixed) (G1 Evacuation Pause) 698M->548M(978M) 161.691ms
[161.937s][info][gc,cpu      ] GC(379) User=0.32s Sys=0.00s Real=0.16s
[162.324s][info][gc,start    ] GC(380) Pause Young (Mixed) (G1 Evacuation Pause)
[162.324s][info][gc,task     ] GC(380) Using 2 workers of 2 for evacuation
[162.439s][info][gc,phases   ] GC(380)   Pre Evacuate Collection Set: 0.54ms
[162.439s][info][gc,phases   ] GC(380)   Merge Heap Roots: 0.50ms
[162.439s][info][gc,phases   ] GC(380)   Evacuate Collection Set: 113.23ms
[162.439s][info][gc,phases   ] GC(380)   Merge Optional Heap Roots: 0.06ms
[162.439s][info][gc,phases   ] GC(380)   Evacuate Optional Collection Set: 0.13ms
[162.439s][info][gc,phases   ] GC(380)   Post Evacuate Collection Set: 1.16ms
[162.439s][info][gc,phases   ] GC(380)   Other: 0.09ms
[162.439s][info][gc,heap     ] GC(380) Eden regions: 269->0(212)
[162.439s][info][gc,heap     ] GC(380) Survivor regions: 37->39(39)
[162.439s][info][gc,heap     ] GC(380) Old regions: 507->564
[162.439s][info][gc,heap     ] GC(380) Humongous regions: 5->5
[162.439s][info][gc,metaspace] GC(380) Metaspace: 18522K(18752K)->18522K(18752K) NonClass: 15864K(16000K)->15864K(16000K) Class: 2658K(2752K)->2658K(2752K)
[162.439s][info][gc          ] GC(380) Pause Young (Mixed) (G1 Evacuation Pause) 817M->607M(978M) 115.946ms
[162.439s][info][gc,cpu      ] GC(380) User=0.23s Sys=0.00s Real=0.12s
[162.644s][info][gc,start    ] GC(381) Pause Young (Mixed) (G1 Evacuation Pause)
[162.644s][info][gc,task     ] GC(381) Using 2 workers of 2 for evacuation
[162.753s][info][gc,phases   ] GC(381)   Pre Evacuate Collection Set: 0.29ms
[162.753s][info][gc,phases   ] GC(381)   Merge Heap Roots: 0.50ms
[162.753s][info][gc,phases   ] GC(381)   Evacuate Collection Set: 106.93ms
[162.753s][info][gc,phases   ] GC(381)   Post Evacuate Collection Set: 1.07ms
[162.753s][info][gc,phases   ] GC(381)   Other: 0.10ms
[162.753s][info][gc,heap     ] GC(381) Eden regions: 212->0(34)
[162.753s][info][gc,heap     ] GC(381) Survivor regions: 39->32(32)
[162.753s][info][gc,heap     ] GC(381) Old regions: 564->616
[162.753s][info][gc,heap     ] GC(381) Humongous regions: 5->5
[162.753s][info][gc,metaspace] GC(381) Metaspace: 18523K(18752K)->18523K(18752K) NonClass: 15865K(16000K)->15865K(16000K) Class: 2658K(2752K)->2658K(2752K)
[162.753s][info][gc          ] GC(381) Pause Young (Mixed) (G1 Evacuation Pause) 819M->653M(978M) 109.105ms
[162.753s][info][gc,cpu      ] GC(381) User=0.21s Sys=0.00s Real=0.11s
[162.768s][info][gc,start    ] GC(382) Pause Young (Mixed) (G1 Evacuation Pause)
[162.768s][info][gc,task     ] GC(382) Using 2 workers of 2 for evacuation
[162.971s][info][gc,mmu      ] GC(382) MMU target violated: 201.0ms (200.0ms/201.0ms)
[162.971s][info][gc,phases   ] GC(382)   Pre Evacuate Collection Set: 0.27ms
[162.971s][info][gc,phases   ] GC(382)   Merge Heap Roots: 1.29ms
[162.971s][info][gc,phases   ] GC(382)   Evacuate Collection Set: 200.65ms
[162.971s][info][gc,phases   ] GC(382)   Post Evacuate Collection Set: 0.29ms
[162.971s][info][gc,phases   ] GC(382)   Other: 0.14ms
[162.971s][info][gc,heap     ] GC(382) Eden regions: 16->0(169)
[162.971s][info][gc,heap     ] GC(382) Survivor regions: 32->6(6)
[162.971s][info][gc,heap     ] GC(382) Old regions: 616->647
[162.971s][info][gc,heap     ] GC(382) Humongous regions: 5->5
[162.971s][info][gc,metaspace] GC(382) Metaspace: 18523K(18752K)->18523K(18752K) NonClass: 15865K(16000K)->15865K(16000K) Class: 2658K(2752K)->2658K(2752K)
[162.971s][info][gc          ] GC(382) Pause Young (Mixed) (G1 Evacuation Pause) 669M->658M(978M) 202.809ms
[162.971s][info][gc,cpu      ] GC(382) User=0.40s Sys=0.00s Real=0.20s
[163.087s][info][gc,start    ] GC(383) Pause Young (Concurrent Start) (G1 Evacuation Pause)
[163.087s][info][gc,task     ] GC(383) Using 2 workers of 2 for evacuation
[163.129s][info][gc,phases   ] GC(383)   Pre Evacuate Collection Set: 0.28ms
[163.129s][info][gc,phases   ] GC(383)   Merge Heap Roots: 0.11ms
[163.129s][info][gc,phases   ] GC(383)   Evacuate Collection Set: 40.94ms
[163.129s][info][gc,phases   ] GC(383)   Post Evacuate Collection Set: 0.50ms
[163.129s][info][gc,phases   ] GC(383)   Other: 0.11ms
[163.129s][info][gc,heap     ] GC(383) Eden regions: 169->0(151)
[163.129s][info][gc,heap     ] GC(383) Survivor regions: 6->22(22)
[163.129s][info][gc,heap     ] GC(383) Old regions: 647->671
[163.129s][info][gc,heap     ] GC(383) Humongous regions: 5->5
[163.129s][info][gc,metaspace] GC(383) Metaspace: 18523K(18752K)->18523K(18752K) NonClass: 15865K(16000K)->15865K(16000K) Class: 2658K(2752K)->2658K(2752K)
[163.129s][info][gc          ] GC(383) Pause Young (Concurrent Start) (G1 Evacuation Pause) 827M->697M(978M) 42.163ms
[163.129s][info][gc,cpu      ] GC(383) User=0.08s Sys=0.00s Real=0.05s
[163.129s][info][gc          ] GC(384) Concurrent Mark Cycle
[163.129s][info][gc,marking  ] GC(384) Concurrent Scan Root Regions
[163.176s][info][gc,marking  ] GC(384) Concurrent Scan Root Regions 46.776ms
[163.176s][info][gc,marking  ] GC(384) Concurrent Mark
[163.176s][info][gc,marking  ] GC(384) Concurrent Mark From Roots
[163.176s][info][gc,task     ] GC(384) Using 1 workers of 1 for marking
[163.417s][info][gc,marking  ] GC(384) Concurrent Mark From Roots 240.537ms
[163.417s][info][gc,marking  ] GC(384) Concurrent Preclean
[163.417s][info][gc,marking  ] GC(384) Concurrent Preclean 0.029ms
[163.417s][info][gc,start    ] GC(384) Pause Remark
[163.424s][info][gc          ] GC(384) Pause Remark 837M->416M(934M) 7.419ms
[163.424s][info][gc,cpu      ] GC(384) User=0.01s Sys=0.01s Real=0.01s
[163.425s][info][gc,marking  ] GC(384) Concurrent Mark 248.959ms
[163.425s][info][gc,marking  ] GC(384) Concurrent Rebuild Remembered Sets and Scrub Regions
[163.449s][info][gc,start    ] GC(385) Pause Young (Normal) (G1 Evacuation Pause)
[163.449s][info][gc,task     ] GC(385) Using 2 workers of 2 for evacuation
[163.523s][info][gc,phases   ] GC(385)   Pre Evacuate Collection Set: 0.23ms
[163.523s][info][gc,phases   ] GC(385)   Merge Heap Roots: 0.50ms
[163.523s][info][gc,phases   ] GC(385)   Evacuate Collection Set: 72.70ms
[163.523s][info][gc,phases   ] GC(385)   Post Evacuate Collection Set: 0.45ms
[163.523s][info][gc,phases   ] GC(385)   Other: 0.07ms
[163.524s][info][gc,heap     ] GC(385) Eden regions: 151->0(375)
[163.524s][info][gc,heap     ] GC(385) Survivor regions: 22->22(22)
[163.524s][info][gc,heap     ] GC(385) Old regions: 255->291
[163.524s][info][gc,heap     ] GC(385) Humongous regions: 3->3
[163.524s][info][gc,metaspace] GC(385) Metaspace: 18526K(18752K)->18526K(18752K) NonClass: 15868K(16000K)->15868K(16000K) Class: 2658K(2752K)->2658K(2752K)
[163.524s][info][gc          ] GC(385) Pause Young (Normal) (G1 Evacuation Pause) 430M->315M(934M) 74.171ms
[163.524s][info][gc,cpu      ] GC(385) User=0.15s Sys=0.00s Real=0.07s
[163.574s][info][gc,marking  ] GC(384) Concurrent Rebuild Remembered Sets and Scrub Regions 149.387ms
[163.575s][info][gc,start    ] GC(384) Pause Cleanup
[163.575s][info][gc          ] GC(384) Pause Cleanup 351M->351M(934M) 0.112ms
[163.575s][info][gc,cpu      ] GC(384) User=0.00s Sys=0.00s Real=0.00s
[163.575s][info][gc,marking  ] GC(384) Concurrent Clear Claimed Marks
[163.575s][info][gc,marking  ] GC(384) Concurrent Clear Claimed Marks 0.049ms
[163.575s][info][gc,marking  ] GC(384) Concurrent Cleanup for Next Mark
[163.578s][info][gc,marking  ] GC(384) Concurrent Cleanup for Next Mark 2.730ms
[163.578s][info][gc          ] GC(384) Concurrent Mark Cycle 448.684ms
[163.850s][info][gc,start    ] GC(386) Pause Young (Prepare Mixed) (G1 Evacuation Pause)
[163.850s][info][gc,task     ] GC(386) Using 2 workers of 2 for evacuation
[163.951s][info][gc,phases   ] GC(386)   Pre Evacuate Collection Set: 0.51ms
[163.951s][info][gc,phases   ] GC(386)   Merge Heap Roots: 0.75ms
[163.951s][info][gc,phases   ] GC(386)   Evacuate Collection Set: 99.21ms
[163.951s][info][gc,phases   ] GC(386)   Post Evacuate Collection Set: 0.79ms
[163.951s][info][gc,phases   ] GC(386)   Other: 0.09ms
[163.951s][info][gc,heap     ] GC(386) Eden regions: 375->0(147)
[163.951s][info][gc,heap     ] GC(386) Survivor regions: 22->50(50)
[163.951s][info][gc,heap     ] GC(386) Old regions: 291->322
[163.951s][info][gc,heap     ] GC(386) Humongous regions: 6->6
[163.951s][info][gc,metaspace] GC(386) Metaspace: 18527K(18752K)->18527K(18752K) NonClass: 15869K(16000K)->15869K(16000K) Class: 2658K(2752K)->2658K(2752K)
[163.951s][info][gc          ] GC(386) Pause Young (Prepare Mixed) (G1 Evacuation Pause) 693M->377M(934M) 101.633ms
[163.951s][info][gc,cpu      ] GC(386) User=0.20s Sys=0.00s Real=0.10s
[164.086s][info][gc,start    ] GC(387) Pause Young (Mixed) (G1 Evacuation Pause)
[164.086s][info][gc,task     ] GC(387) Using 2 workers of 2 for evacuation
[164.173s][info][gc,phases   ] GC(387)   Pre Evacuate Collection Set: 0.30ms
[164.173s][info][gc,phases   ] GC(387)   Merge Heap Roots: 0.49ms
[164.173s][info][gc,phases   ] GC(387)   Evacuate Collection Set: 85.63ms
[164.173s][info][gc,phases   ] GC(387)   Post Evacuate Collection Set: 0.45ms
[164.173s][info][gc,phases   ] GC(387)   Other: 0.09ms
[164.173s][info][gc,heap     ] GC(387) Eden regions: 171->0(352)
[164.173s][info][gc,heap     ] GC(387) Survivor regions: 50->18(28)
[164.173s][info][gc,heap     ] GC(387) Old regions: 322->362
[164.173s][info][gc,heap     ] GC(387) Humongous regions: 6->6
[164.173s][info][gc,metaspace] GC(387) Metaspace: 18529K(18752K)->18529K(18752K) NonClass: 15871K(16000K)->15871K(16000K) Class: 2658K(2752K)->2658K(2752K)
[164.173s][info][gc          ] GC(387) Pause Young (Mixed) (G1 Evacuation Pause) 548M->385M(934M) 87.225ms
[164.173s][info][gc,cpu      ] GC(387) User=0.18s Sys=0.00s Real=0.09s
[164.450s][info][gc,start    ] GC(388) Pause Young (Mixed) (G1 Evacuation Pause)
[164.450s][info][gc,task     ] GC(388) Using 2 workers of 2 for evacuation
[164.494s][info][gc,phases   ] GC(388)   Pre Evacuate Collection Set: 0.32ms
[164.494s][info][gc,phases   ] GC(388)   Merge Heap Roots: 0.35ms
[164.494s][info][gc,phases   ] GC(388)   Evacuate Collection Set: 42.32ms
[164.494s][info][gc,phases   ] GC(388)   Post Evacuate Collection Set: 0.65ms
[164.494s][info][gc,phases   ] GC(388)   Other: 0.12ms
[164.494s][info][gc,heap     ] GC(388) Eden regions: 352->0(409)
[164.494s][info][gc,heap     ] GC(388) Survivor regions: 18->35(47)
[164.494s][info][gc,heap     ] GC(388) Old regions: 362->289
[164.494s][info][gc,heap     ] GC(388) Humongous regions: 6->6
[164.494s][info][gc,metaspace] GC(388) Metaspace: 18529K(18752K)->18529K(18752K) NonClass: 15871K(16000K)->15871K(16000K) Class: 2658K(2752K)->2658K(2752K)
[164.494s][info][gc          ] GC(388) Pause Young (Mixed) (G1 Evacuation Pause) 737M->328M(934M) 44.016ms
[164.494s][info][gc,cpu      ] GC(388) User=0.09s Sys=0.00s Real=0.04s
[165.223s][info][gc,start    ] GC(389) Pause Young (Normal) (G1 Evacuation Pause)
[165.224s][info][gc,task     ] GC(389) Using 2 workers of 2 for evacuation
[165.305s][info][gc,phases   ] GC(389)   Pre Evacuate Collection Set: 0.28ms
[165.305s][info][gc,phases   ] GC(389)   Merge Heap Roots: 0.41ms
[165.305s][info][gc,phases   ] GC(389)   Evacuate Collection Set: 79.63ms
[165.305s][info][gc,phases   ] GC(389)   Post Evacuate Collection Set: 0.67ms
[165.305s][info][gc,phases   ] GC(389)   Other: 0.08ms
[165.305s][info][gc,heap     ] GC(389) Eden regions: 409->0(391)
[165.305s][info][gc,heap     ] GC(389) Survivor regions: 35->56(56)
[165.305s][info][gc,heap     ] GC(389) Old regions: 289->307
[165.305s][info][gc,heap     ] GC(389) Humongous regions: 6->6
[165.305s][info][gc,metaspace] GC(389) Metaspace: 18530K(18752K)->18530K(18752K) NonClass: 15872K(16000K)->15872K(16000K) Class: 2658K(2752K)->2658K(2752K)
[165.305s][info][gc          ] GC(389) Pause Young (Normal) (G1 Evacuation Pause) 737M->367M(934M) 81.272ms
[165.305s][info][gc,cpu      ] GC(389) User=0.16s Sys=0.00s Real=0.08s
[166.162s][info][gc,start    ] GC(390) Pause Young (Normal) (G1 Evacuation Pause)
[166.162s][info][gc,task     ] GC(390) Using 2 workers of 2 for evacuation
[166.220s][info][gc,phases   ] GC(390)   Pre Evacuate Collection Set: 0.30ms
[166.220s][info][gc,phases   ] GC(390)   Merge Heap Roots: 0.32ms
[166.220s][info][gc,phases   ] GC(390)   Evacuate Collection Set: 56.47ms
[166.220s][info][gc,phases   ] GC(390)   Post Evacuate Collection Set: 0.78ms
[166.220s][info][gc,phases   ] GC(390)   Other: 0.08ms
[166.220s][info][gc,heap     ] GC(390) Eden regions: 391->0(432)
[166.220s][info][gc,heap     ] GC(390) Survivor regions: 56->1(56)
[166.220s][info][gc,heap     ] GC(390) Old regions: 307->362
[166.220s][info][gc,heap     ] GC(390) Humongous regions: 6->6
[166.220s][info][gc,metaspace] GC(390) Metaspace: 18531K(18752K)->18531K(18752K) NonClass: 15872K(16000K)->15872K(16000K) Class: 2658K(2752K)->2658K(2752K)
[166.220s][info][gc          ] GC(390) Pause Young (Normal) (G1 Evacuation Pause) 758M->368M(945M) 58.163ms
[166.220s][info][gc,cpu      ] GC(390) User=0.11s Sys=0.00s Real=0.06s
[166.871s][info][gc,start    ] GC(391) Pause Young (Concurrent Start) (G1 Evacuation Pause)
[166.871s][info][gc,task     ] GC(391) Using 2 workers of 2 for evacuation
[166.961s][info][gc,phases   ] GC(391)   Pre Evacuate Collection Set: 0.29ms
[166.961s][info][gc,phases   ] GC(391)   Merge Heap Roots: 0.45ms
[166.961s][info][gc,phases   ] GC(391)   Evacuate Collection Set: 87.73ms
[166.961s][info][gc,phases   ] GC(391)   Post Evacuate Collection Set: 0.84ms
[166.961s][info][gc,phases   ] GC(391)   Other: 0.20ms
[166.961s][info][gc,heap     ] GC(391) Eden regions: 432->0(334)
[166.961s][info][gc,heap     ] GC(391) Survivor regions: 1->55(55)
[166.961s][info][gc,heap     ] GC(391) Old regions: 362->393
[166.961s][info][gc,heap     ] GC(391) Humongous regions: 6->6
[166.961s][info][gc,metaspace] GC(391) Metaspace: 18531K(18752K)->18531K(18752K) NonClass: 15872K(16000K)->15872K(16000K) Class: 2658K(2752K)->2658K(2752K)
[166.961s][info][gc          ] GC(391) Pause Young (Concurrent Start) (G1 Evacuation Pause) 800M->453M(945M) 89.708ms
[166.961s][info][gc,cpu      ] GC(391) User=0.17s Sys=0.00s Real=0.09s
[166.961s][info][gc          ] GC(392) Concurrent Mark Cycle
[166.961s][info][gc,marking  ] GC(392) Concurrent Scan Root Regions
[167.023s][info][gc,marking  ] GC(392) Concurrent Scan Root Regions 61.898ms
[167.023s][info][gc,marking  ] GC(392) Concurrent Mark
[167.023s][info][gc,marking  ] GC(392) Concurrent Mark From Roots
[167.023s][info][gc,task     ] GC(392) Using 1 workers of 1 for marking
[167.440s][info][gc,start    ] GC(393) Pause Young (Normal) (G1 Evacuation Pause)
[167.440s][info][gc,task     ] GC(393) Using 2 workers of 2 for evacuation
[167.562s][info][gc,phases   ] GC(393)   Pre Evacuate Collection Set: 0.29ms
[167.562s][info][gc,phases   ] GC(393)   Merge Heap Roots: 0.54ms
[167.562s][info][gc,phases   ] GC(393)   Evacuate Collection Set: 120.33ms
[167.562s][info][gc,phases   ] GC(393)   Post Evacuate Collection Set: 0.71ms
[167.562s][info][gc,phases   ] GC(393)   Other: 0.08ms
[167.562s][info][gc,heap     ] GC(393) Eden regions: 334->0(286)
[167.562s][info][gc,heap     ] GC(393) Survivor regions: 55->49(49)
[167.562s][info][gc,heap     ] GC(393) Old regions: 393->452
[167.562s][info][gc,heap     ] GC(393) Humongous regions: 9->9
[167.562s][info][gc,metaspace] GC(393) Metaspace: 18533K(18752K)->18533K(18752K) NonClass: 15875K(16000K)->15875K(16000K) Class: 2658K(2752K)->2658K(2752K)
[167.562s][info][gc          ] GC(393) Pause Young (Normal) (G1 Evacuation Pause) 790M->509M(945M) 122.187ms
[167.562s][info][gc,cpu      ] GC(393) User=0.24s Sys=0.00s Real=0.12s
[167.850s][info][gc,start    ] GC(394) Pause Young (Normal) (G1 Evacuation Pause)
[167.850s][info][gc,task     ] GC(394) Using 2 workers of 2 for evacuation
[167.950s][info][gc,phases   ] GC(394)   Pre Evacuate Collection Set: 0.27ms
[167.950s][info][gc,phases   ] GC(394)   Merge Heap Roots: 0.41ms
[167.950s][info][gc,phases   ] GC(394)   Evacuate Collection Set: 98.13ms
[167.950s][info][gc,phases   ] GC(394)   Post Evacuate Collection Set: 0.62ms
[167.950s][info][gc,phases   ] GC(394)   Other: 0.08ms
[167.950s][info][gc,heap     ] GC(394) Eden regions: 286->0(265)
[167.950s][info][gc,heap     ] GC(394) Survivor regions: 49->35(42)
[167.950s][info][gc,heap     ] GC(394) Old regions: 452->502
[167.950s][info][gc,heap     ] GC(394) Humongous regions: 9->9
[167.950s][info][gc,metaspace] GC(394) Metaspace: 18533K(18752K)->18533K(18752K) NonClass: 15875K(16000K)->15875K(16000K) Class: 2658K(2752K)->2658K(2752K)
[167.950s][info][gc          ] GC(394) Pause Young (Normal) (G1 Evacuation Pause) 795M->544M(945M) 99.746ms
[167.950s][info][gc,cpu      ] GC(394) User=0.20s Sys=0.00s Real=0.10s
[168.223s][info][gc,marking  ] GC(392) Concurrent Mark From Roots 1200.237ms
[168.223s][info][gc,marking  ] GC(392) Concurrent Preclean
[168.223s][info][gc,marking  ] GC(392) Concurrent Preclean 0.042ms
[168.223s][info][gc,start    ] GC(392) Pause Remark
[168.230s][info][gc          ] GC(392) Pause Remark 786M->772M(945M) 6.985ms
[168.230s][info][gc,cpu      ] GC(392) User=0.02s Sys=0.00s Real=0.01s
[168.230s][info][gc,marking  ] GC(392) Concurrent Mark 1207.544ms
[168.230s][info][gc,marking  ] GC(392) Concurrent Rebuild Remembered Sets and Scrub Regions
[168.252s][info][gc,start    ] GC(395) Pause Young (Normal) (G1 Evacuation Pause)
[168.252s][info][gc,task     ] GC(395) Using 2 workers of 2 for evacuation
[168.318s][info][gc,phases   ] GC(395)   Pre Evacuate Collection Set: 0.23ms
[168.318s][info][gc,phases   ] GC(395)   Merge Heap Roots: 0.29ms
[168.318s][info][gc,phases   ] GC(395)   Evacuate Collection Set: 64.14ms
[168.318s][info][gc,phases   ] GC(395)   Post Evacuate Collection Set: 0.53ms
[168.318s][info][gc,phases   ] GC(395)   Other: 0.09ms
[168.318s][info][gc,heap     ] GC(395) Eden regions: 265->0(266)
[168.318s][info][gc,heap     ] GC(395) Survivor regions: 35->25(38)
[168.318s][info][gc,heap     ] GC(395) Old regions: 490->524
[168.318s][info][gc,heap     ] GC(395) Humongous regions: 8->8
[168.318s][info][gc,metaspace] GC(395) Metaspace: 18533K(18752K)->18533K(18752K) NonClass: 15875K(16000K)->15875K(16000K) Class: 2658K(2752K)->2658K(2752K)
[168.318s][info][gc          ] GC(395) Pause Young (Normal) (G1 Evacuation Pause) 796M->555M(945M) 65.497ms
[168.318s][info][gc,cpu      ] GC(395) User=0.13s Sys=0.00s Real=0.07s
[168.646s][info][gc,start    ] GC(396) Pause Young (Normal) (G1 Evacuation Pause)
[168.646s][info][gc,task     ] GC(396) Using 2 workers of 2 for evacuation
[168.691s][info][gc,phases   ] GC(396)   Pre Evacuate Collection Set: 0.29ms
[168.691s][info][gc,phases   ] GC(396)   Merge Heap Roots: 0.32ms
[168.691s][info][gc,phases   ] GC(396)   Evacuate Collection Set: 43.98ms
[168.691s][info][gc,phases   ] GC(396)   Post Evacuate Collection Set: 0.49ms
[168.692s][info][gc,phases   ] GC(396)   Other: 0.10ms
[168.692s][info][gc,heap     ] GC(396) Eden regions: 266->0(270)
[168.692s][info][gc,heap     ] GC(396) Survivor regions: 25->13(37)
[168.692s][info][gc,heap     ] GC(396) Old regions: 524->548
[168.692s][info][gc,heap     ] GC(396) Humongous regions: 8->8
[168.692s][info][gc,metaspace] GC(396) Metaspace: 18533K(18752K)->18533K(18752K) NonClass: 15875K(16000K)->15875K(16000K) Class: 2658K(2752K)->2658K(2752K)
[168.692s][info][gc          ] GC(396) Pause Young (Normal) (G1 Evacuation Pause) 821M->568M(945M) 45.438ms
[168.692s][info][gc,cpu      ] GC(396) User=0.09s Sys=0.00s Real=0.05s
[168.746s][info][gc,marking  ] GC(392) Concurrent Rebuild Remembered Sets and Scrub Regions 515.911ms
[168.746s][info][gc,start    ] GC(392) Pause Cleanup
[168.746s][info][gc          ] GC(392) Pause Cleanup 585M->585M(945M) 0.135ms
[168.746s][info][gc,cpu      ] GC(392) User=0.00s Sys=0.00s Real=0.00s
[168.747s][info][gc,marking  ] GC(392) Concurrent Clear Claimed Marks
[168.747s][info][gc,marking  ] GC(392) Concurrent Clear Claimed Marks 0.034ms
[168.747s][info][gc,marking  ] GC(392) Concurrent Cleanup for Next Mark
[168.754s][info][gc,marking  ] GC(392) Concurrent Cleanup for Next Mark 6.940ms
[168.754s][info][gc          ] GC(392) Concurrent Mark Cycle 1792.865ms
[169.087s][info][gc,start    ] GC(397) Pause Young (Prepare Mixed) (G1 Evacuation Pause)
[169.087s][info][gc,task     ] GC(397) Using 2 workers of 2 for evacuation
[169.136s][info][gc,phases   ] GC(397)   Pre Evacuate Collection Set: 0.32ms
[169.136s][info][gc,phases   ] GC(397)   Merge Heap Roots: 0.39ms
[169.136s][info][gc,phases   ] GC(397)   Evacuate Collection Set: 47.65ms
[169.136s][info][gc,phases   ] GC(397)   Post Evacuate Collection Set: 0.54ms
[169.136s][info][gc,phases   ] GC(397)   Other: 0.11ms
[169.136s][info][gc,heap     ] GC(397) Eden regions: 270->0(256)
[169.136s][info][gc,heap     ] GC(397) Survivor regions: 13->36(36)
[169.136s][info][gc,heap     ] GC(397) Old regions: 548->550
[169.136s][info][gc,heap     ] GC(397) Humongous regions: 8->8
[169.136s][info][gc,metaspace] GC(397) Metaspace: 18533K(18752K)->18533K(18752K) NonClass: 15875K(16000K)->15875K(16000K) Class: 2658K(2752K)->2658K(2752K)
[169.136s][info][gc          ] GC(397) Pause Young (Prepare Mixed) (G1 Evacuation Pause) 838M->593M(945M) 49.301ms
[169.136s][info][gc,cpu      ] GC(397) User=0.10s Sys=0.00s Real=0.04s
[169.492s][info][gc,start    ] GC(398) Pause Young (Mixed) (G1 Evacuation Pause)
[169.493s][info][gc,task     ] GC(398) Using 2 workers of 2 for evacuation
[169.567s][info][gc,phases   ] GC(398)   Pre Evacuate Collection Set: 0.32ms
[169.567s][info][gc,phases   ] GC(398)   Merge Heap Roots: 0.23ms
[169.567s][info][gc,phases   ] GC(398)   Evacuate Collection Set: 73.46ms
[169.567s][info][gc,phases   ] GC(398)   Post Evacuate Collection Set: 0.68ms
[169.567s][info][gc,phases   ] GC(398)   Other: 0.12ms
[169.567s][info][gc,heap     ] GC(398) Eden regions: 256->0(233)
[169.567s][info][gc,heap     ] GC(398) Survivor regions: 36->37(37)
[169.567s][info][gc,heap     ] GC(398) Old regions: 550->578
[169.567s][info][gc,heap     ] GC(398) Humongous regions: 8->8
[169.567s][info][gc,metaspace] GC(398) Metaspace: 18533K(18752K)->18533K(18752K) NonClass: 15875K(16000K)->15875K(16000K) Class: 2658K(2752K)->2658K(2752K)
[169.567s][info][gc          ] GC(398) Pause Young (Mixed) (G1 Evacuation Pause) 849M->622M(957M) 75.018ms
[169.567s][info][gc,cpu      ] GC(398) User=0.15s Sys=0.00s Real=0.08s
[169.854s][info][gc,start    ] GC(399) Pause Young (Concurrent Start) (G1 Evacuation Pause)
[169.854s][info][gc,task     ] GC(399) Using 2 workers of 2 for evacuation
[169.936s][info][gc,phases   ] GC(399)   Pre Evacuate Collection Set: 0.34ms
[169.936s][info][gc,phases   ] GC(399)   Merge Heap Roots: 0.13ms
[169.936s][info][gc,phases   ] GC(399)   Evacuate Collection Set: 80.46ms
[169.936s][info][gc,phases   ] GC(399)   Post Evacuate Collection Set: 0.60ms
[169.936s][info][gc,phases   ] GC(399)   Other: 0.12ms
[169.936s][info][gc,heap     ] GC(399) Eden regions: 233->0(190)
[169.936s][info][gc,heap     ] GC(399) Survivor regions: 37->34(34)
[169.936s][info][gc,heap     ] GC(399) Old regions: 578->633
[169.936s][info][gc,heap     ] GC(399) Humongous regions: 8->8
[169.936s][info][gc,metaspace] GC(399) Metaspace: 18533K(18752K)->18533K(18752K) NonClass: 15875K(16000K)->15875K(16000K) Class: 2658K(2752K)->2658K(2752K)
[169.936s][info][gc          ] GC(399) Pause Young (Concurrent Start) (G1 Evacuation Pause) 855M->674M(957M) 81.964ms
[169.936s][info][gc,cpu      ] GC(399) User=0.16s Sys=0.00s Real=0.08s
[169.936s][info][gc          ] GC(400) Concurrent Mark Cycle
[169.936s][info][gc,marking  ] GC(400) Concurrent Scan Root Regions
[170.019s][info][gc,marking  ] GC(400) Concurrent Scan Root Regions 83.408ms
[170.019s][info][gc,marking  ] GC(400) Concurrent Mark
[170.019s][info][gc,marking  ] GC(400) Concurrent Mark From Roots
[170.019s][info][gc,task     ] GC(400) Using 1 workers of 1 for marking
[170.332s][info][gc,start    ] GC(401) Pause Young (Normal) (G1 Evacuation Pause)
[170.332s][info][gc,task     ] GC(401) Using 2 workers of 2 for evacuation
[170.416s][info][gc,phases   ] GC(401)   Pre Evacuate Collection Set: 0.30ms
[170.416s][info][gc,phases   ] GC(401)   Merge Heap Roots: 0.42ms
[170.416s][info][gc,phases   ] GC(401)   Evacuate Collection Set: 81.97ms
[170.416s][info][gc,phases   ] GC(401)   Post Evacuate Collection Set: 0.56ms
[170.416s][info][gc,phases   ] GC(401)   Other: 0.10ms
[170.416s][info][gc,heap     ] GC(401) Eden regions: 190->0(160)
[170.416s][info][gc,heap     ] GC(401) Survivor regions: 34->28(28)
[170.416s][info][gc,heap     ] GC(401) Old regions: 633->673
[170.416s][info][gc,heap     ] GC(401) Humongous regions: 11->11
[170.416s][info][gc,metaspace] GC(401) Metaspace: 18533K(18752K)->18533K(18752K) NonClass: 15875K(16000K)->15875K(16000K) Class: 2658K(2752K)->2658K(2752K)
[170.416s][info][gc          ] GC(401) Pause Young (Normal) (G1 Evacuation Pause) 867M->711M(957M) 83.592ms
[170.416s][info][gc,cpu      ] GC(401) User=0.17s Sys=0.00s Real=0.08s
[170.691s][info][gc,start    ] GC(402) Pause Young (Normal) (G1 Evacuation Pause)
[170.691s][info][gc,task     ] GC(402) Using 2 workers of 2 for evacuation
[170.754s][info][gc,phases   ] GC(402)   Pre Evacuate Collection Set: 0.51ms
[170.754s][info][gc,phases   ] GC(402)   Merge Heap Roots: 0.31ms
[170.754s][info][gc,phases   ] GC(402)   Evacuate Collection Set: 61.06ms
[170.754s][info][gc,phases   ] GC(402)   Post Evacuate Collection Set: 0.41ms
[170.754s][info][gc,phases   ] GC(402)   Other: 0.07ms
[170.754s][info][gc,heap     ] GC(402) Eden regions: 160->0(145)
[170.754s][info][gc,heap     ] GC(402) Survivor regions: 28->23(24)
[170.754s][info][gc,heap     ] GC(402) Old regions: 673->702
[170.754s][info][gc,heap     ] GC(402) Humongous regions: 11->11
[170.754s][info][gc,metaspace] GC(402) Metaspace: 18533K(18752K)->18533K(18752K) NonClass: 15875K(16000K)->15875K(16000K) Class: 2658K(2752K)->2658K(2752K)
[170.754s][info][gc          ] GC(402) Pause Young (Normal) (G1 Evacuation Pause) 871M->734M(957M) 62.642ms
[170.754s][info][gc,cpu      ] GC(402) User=0.12s Sys=0.00s Real=0.06s
[170.965s][info][gc,start    ] GC(403) Pause Young (Normal) (G1 Evacuation Pause)
[170.966s][info][gc,task     ] GC(403) Using 2 workers of 2 for evacuation
[170.992s][info][gc,phases   ] GC(403)   Pre Evacuate Collection Set: 0.27ms
[170.992s][info][gc,phases   ] GC(403)   Merge Heap Roots: 0.19ms
[170.992s][info][gc,phases   ] GC(403)   Evacuate Collection Set: 25.27ms
[170.992s][info][gc,phases   ] GC(403)   Post Evacuate Collection Set: 0.46ms
[170.992s][info][gc,phases   ] GC(403)   Other: 0.08ms
[170.992s][info][gc,heap     ] GC(403) Eden regions: 145->0(159)
[170.992s][info][gc,heap     ] GC(403) Survivor regions: 23->1(21)
[170.992s][info][gc,heap     ] GC(403) Old regions: 702->724
[170.992s][info][gc,heap     ] GC(403) Humongous regions: 11->11
[170.992s][info][gc,metaspace] GC(403) Metaspace: 18533K(18752K)->18533K(18752K) NonClass: 15875K(16000K)->15875K(16000K) Class: 2658K(2752K)->2658K(2752K)
[170.992s][info][gc          ] GC(403) Pause Young (Normal) (G1 Evacuation Pause) 879M->735M(962M) 26.494ms
[170.992s][info][gc,cpu      ] GC(403) User=0.05s Sys=0.00s Real=0.03s
[171.242s][info][gc,marking  ] GC(400) Concurrent Mark From Roots 1222.768ms
[171.242s][info][gc,marking  ] GC(400) Concurrent Preclean
[171.242s][info][gc,marking  ] GC(400) Concurrent Preclean 0.043ms
[171.242s][info][gc,start    ] GC(400) Pause Remark
[171.250s][info][gc          ] GC(400) Pause Remark 867M->779M(978M) 7.217ms
[171.250s][info][gc,cpu      ] GC(400) User=0.02s Sys=0.00s Real=0.01s
[171.250s][info][gc,marking  ] GC(400) Concurrent Mark 1230.359ms
[171.250s][info][gc,marking  ] GC(400) Concurrent Rebuild Remembered Sets and Scrub Regions
[171.316s][info][gc,start    ] GC(404) Pause Young (Normal) (G1 Evacuation Pause)
[171.316s][info][gc,task     ] GC(404) Using 2 workers of 2 for evacuation
[171.330s][info][gc,phases   ] GC(404)   Pre Evacuate Collection Set: 0.42ms
[171.330s][info][gc,phases   ] GC(404)   Merge Heap Roots: 0.22ms
[171.330s][info][gc,phases   ] GC(404)   Evacuate Collection Set: 12.36ms
[171.330s][info][gc,phases   ] GC(404)   Post Evacuate Collection Set: 0.41ms
[171.330s][info][gc,phases   ] GC(404)   Other: 0.09ms
[171.330s][info][gc,heap     ] GC(404) Eden regions: 159->0(231)
[171.330s][info][gc,heap     ] GC(404) Survivor regions: 1->5(20)
[171.330s][info][gc,heap     ] GC(404) Old regions: 640->640
[171.330s][info][gc,heap     ] GC(404) Humongous regions: 7->7
[171.330s][info][gc,metaspace] GC(404) Metaspace: 18533K(18752K)->18533K(18752K) NonClass: 15875K(16000K)->15875K(16000K) Class: 2658K(2752K)->2658K(2752K)
[171.330s][info][gc          ] GC(404) Pause Young (Normal) (G1 Evacuation Pause) 807M->652M(978M) 13.697ms
[171.330s][info][gc,cpu      ] GC(404) User=0.03s Sys=0.00s Real=0.02s
[171.848s][info][gc,start    ] GC(405) Pause Young (Normal) (G1 Evacuation Pause)
[171.848s][info][gc,task     ] GC(405) Using 2 workers of 2 for evacuation
[171.899s][info][gc,phases   ] GC(405)   Pre Evacuate Collection Set: 0.26ms
[171.899s][info][gc,phases   ] GC(405)   Merge Heap Roots: 0.55ms
[171.899s][info][gc,phases   ] GC(405)   Evacuate Collection Set: 49.72ms
[171.899s][info][gc,phases   ] GC(405)   Post Evacuate Collection Set: 0.51ms
[171.899s][info][gc,phases   ] GC(405)   Other: 0.11ms
[171.899s][info][gc,heap     ] GC(405) Eden regions: 231->0(208)
[171.899s][info][gc,heap     ] GC(405) Survivor regions: 5->30(30)
[171.899s][info][gc,heap     ] GC(405) Old regions: 640->646
[171.899s][info][gc,heap     ] GC(405) Humongous regions: 7->7
[171.899s][info][gc,metaspace] GC(405) Metaspace: 18533K(18752K)->18533K(18752K) NonClass: 15875K(16000K)->15875K(16000K) Class: 2658K(2752K)->2658K(2752K)
[171.900s][info][gc          ] GC(405) Pause Young (Normal) (G1 Evacuation Pause) 883M->683M(978M) 51.448ms
[171.900s][info][gc,cpu      ] GC(405) User=0.10s Sys=0.00s Real=0.05s
[171.946s][info][gc,marking  ] GC(400) Concurrent Rebuild Remembered Sets and Scrub Regions 696.171ms
[171.946s][info][gc,start    ] GC(400) Pause Cleanup
[171.946s][info][gc          ] GC(400) Pause Cleanup 698M->698M(978M) 0.205ms
[171.946s][info][gc,cpu      ] GC(400) User=0.00s Sys=0.00s Real=0.00s
[171.946s][info][gc,marking  ] GC(400) Concurrent Clear Claimed Marks
[171.946s][info][gc,marking  ] GC(400) Concurrent Clear Claimed Marks 0.031ms
[171.946s][info][gc,marking  ] GC(400) Concurrent Cleanup for Next Mark
[171.953s][info][gc,marking  ] GC(400) Concurrent Cleanup for Next Mark 6.765ms
[171.953s][info][gc          ] GC(400) Concurrent Mark Cycle 2017.339ms
[172.175s][info][gc,start    ] GC(406) Pause Young (Prepare Mixed) (G1 Evacuation Pause)
[172.175s][info][gc,task     ] GC(406) Using 2 workers of 2 for evacuation
[172.266s][info][gc,phases   ] GC(406)   Pre Evacuate Collection Set: 0.29ms
[172.266s][info][gc,phases   ] GC(406)   Merge Heap Roots: 0.25ms
[172.266s][info][gc,phases   ] GC(406)   Evacuate Collection Set: 87.31ms
[172.266s][info][gc,phases   ] GC(406)   Post Evacuate Collection Set: 2.64ms
[172.266s][info][gc,phases   ] GC(406)   Other: 0.10ms
[172.266s][info][gc,heap     ] GC(406) Eden regions: 208->0(134)
[172.266s][info][gc,heap     ] GC(406) Survivor regions: 30->30(30)
[172.266s][info][gc,heap     ] GC(406) Old regions: 646->727
[172.266s][info][gc,heap     ] GC(406) Humongous regions: 7->7
[172.266s][info][gc,metaspace] GC(406) Metaspace: 18533K(18752K)->18533K(18752K) NonClass: 15875K(16000K)->15875K(16000K) Class: 2658K(2752K)->2658K(2752K)
[172.266s][info][gc          ] GC(406) Pause Young (Prepare Mixed) (G1 Evacuation Pause) (Evacuation Failure: Allocation) 891M->764M(978M) 90.809ms
[172.266s][info][gc,cpu      ] GC(406) User=0.18s Sys=0.00s Real=0.09s
[172.490s][info][gc,start    ] GC(407) Pause Young (Mixed) (G1 Evacuation Pause)
[172.490s][info][gc,task     ] GC(407) Using 2 workers of 2 for evacuation
[172.560s][info][gc,phases   ] GC(407)   Pre Evacuate Collection Set: 0.38ms
[172.560s][info][gc,phases   ] GC(407)   Merge Heap Roots: 0.71ms
[172.560s][info][gc,phases   ] GC(407)   Evacuate Collection Set: 68.34ms
[172.560s][info][gc,phases   ] GC(407)   Post Evacuate Collection Set: 0.77ms
[172.560s][info][gc,phases   ] GC(407)   Other: 0.11ms
[172.560s][info][gc,heap     ] GC(407) Eden regions: 134->0(206)
[172.560s][info][gc,heap     ] GC(407) Survivor regions: 30->11(21)
[172.560s][info][gc,heap     ] GC(407) Old regions: 727->652
[172.560s][info][gc,heap     ] GC(407) Humongous regions: 7->7
[172.560s][info][gc,metaspace] GC(407) Metaspace: 18533K(18752K)->18533K(18752K) NonClass: 15875K(16000K)->15875K(16000K) Class: 2658K(2752K)->2658K(2752K)
[172.560s][info][gc          ] GC(407) Pause Young (Mixed) (G1 Evacuation Pause) 898M->669M(978M) 70.598ms
[172.560s][info][gc,cpu      ] GC(407) User=0.14s Sys=0.00s Real=0.07s
[172.877s][info][gc,start    ] GC(408) Pause Young (Mixed) (G1 Evacuation Pause)
[172.877s][info][gc,task     ] GC(408) Using 2 workers of 2 for evacuation
[173.034s][info][gc,phases   ] GC(408)   Pre Evacuate Collection Set: 0.52ms
[173.034s][info][gc,phases   ] GC(408)   Merge Heap Roots: 2.79ms
[173.034s][info][gc,phases   ] GC(408)   Evacuate Collection Set: 133.94ms
[173.034s][info][gc,phases   ] GC(408)   Merge Optional Heap Roots: 0.31ms
[173.034s][info][gc,phases   ] GC(408)   Evacuate Optional Collection Set: 17.57ms
[173.034s][info][gc,phases   ] GC(408)   Post Evacuate Collection Set: 1.55ms
[173.034s][info][gc,phases   ] GC(408)   Other: 0.04ms
[173.034s][info][gc,heap     ] GC(408) Eden regions: 206->0(20)
[173.034s][info][gc,heap     ] GC(408) Survivor regions: 11->28(28)
[173.034s][info][gc,heap     ] GC(408) Old regions: 652->628
[173.034s][info][gc,heap     ] GC(408) Humongous regions: 10->10
[173.034s][info][gc,metaspace] GC(408) Metaspace: 18533K(18752K)->18533K(18752K) NonClass: 15875K(16000K)->15875K(16000K) Class: 2658K(2752K)->2658K(2752K)
[173.034s][info][gc          ] GC(408) Pause Young (Mixed) (G1 Evacuation Pause) 878M->666M(978M) 157.035ms
[173.034s][info][gc,cpu      ] GC(408) User=0.30s Sys=0.00s Real=0.15s
[173.057s][info][gc,start    ] GC(409) Pause Young (Mixed) (G1 Evacuation Pause)
[173.057s][info][gc,task     ] GC(409) Using 2 workers of 2 for evacuation
[173.242s][info][gc,phases   ] GC(409)   Pre Evacuate Collection Set: 0.41ms
[173.242s][info][gc,phases   ] GC(409)   Merge Heap Roots: 2.32ms
[173.242s][info][gc,phases   ] GC(409)   Evacuate Collection Set: 180.51ms
[173.242s][info][gc,phases   ] GC(409)   Post Evacuate Collection Set: 1.13ms
[173.242s][info][gc,phases   ] GC(409)   Other: 0.08ms
[173.242s][info][gc,heap     ] GC(409) Eden regions: 20->0(192)
[173.242s][info][gc,heap     ] GC(409) Survivor regions: 28->6(6)
[173.242s][info][gc,heap     ] GC(409) Old regions: 628->657
[173.242s][info][gc,heap     ] GC(409) Humongous regions: 10->10
[173.242s][info][gc,metaspace] GC(409) Metaspace: 18533K(18752K)->18533K(18752K) NonClass: 15875K(16000K)->15875K(16000K) Class: 2658K(2752K)->2658K(2752K)
[173.242s][info][gc          ] GC(409) Pause Young (Mixed) (G1 Evacuation Pause) 686M->672M(978M) 184.674ms
[173.242s][info][gc,cpu      ] GC(409) User=0.36s Sys=0.01s Real=0.18s
[173.436s][info][gc,start    ] GC(410) Pause Young (Concurrent Start) (G1 Evacuation Pause)
[173.436s][info][gc,task     ] GC(410) Using 2 workers of 2 for evacuation
[173.456s][info][gc,phases   ] GC(410)   Pre Evacuate Collection Set: 0.33ms
[173.456s][info][gc,phases   ] GC(410)   Merge Heap Roots: 0.29ms
[173.456s][info][gc,phases   ] GC(410)   Evacuate Collection Set: 19.22ms
[173.456s][info][gc,phases   ] GC(410)   Post Evacuate Collection Set: 0.42ms
[173.456s][info][gc,phases   ] GC(410)   Other: 0.13ms
[173.456s][info][gc,heap     ] GC(410) Eden regions: 192->0(202)
[173.456s][info][gc,heap     ] GC(410) Survivor regions: 6->12(25)
[173.456s][info][gc,heap     ] GC(410) Old regions: 657->657
[173.456s][info][gc,heap     ] GC(410) Humongous regions: 10->10
[173.456s][info][gc,metaspace] GC(410) Metaspace: 18533K(18752K)->18533K(18752K) NonClass: 15875K(16000K)->15875K(16000K) Class: 2658K(2752K)->2658K(2752K)
[173.456s][info][gc          ] GC(410) Pause Young (Concurrent Start) (G1 Evacuation Pause) 864M->678M(978M) 20.637ms
[173.456s][info][gc,cpu      ] GC(410) User=0.04s Sys=0.00s Real=0.02s
[173.456s][info][gc          ] GC(411) Concurrent Mark Cycle
[173.456s][info][gc,marking  ] GC(411) Concurrent Scan Root Regions
[173.482s][info][gc,marking  ] GC(411) Concurrent Scan Root Regions 25.554ms
[173.482s][info][gc,marking  ] GC(411) Concurrent Mark
[173.482s][info][gc,marking  ] GC(411) Concurrent Mark From Roots
[173.482s][info][gc,task     ] GC(411) Using 1 workers of 1 for marking
[173.892s][info][gc,start    ] GC(412) Pause Young (Normal) (G1 Evacuation Pause)
[173.892s][info][gc,task     ] GC(412) Using 2 workers of 2 for evacuation
[173.915s][info][gc,phases   ] GC(412)   Pre Evacuate Collection Set: 0.30ms
[173.915s][info][gc,phases   ] GC(412)   Merge Heap Roots: 0.20ms
[173.915s][info][gc,phases   ] GC(412)   Evacuate Collection Set: 21.50ms
[173.915s][info][gc,phases   ] GC(412)   Post Evacuate Collection Set: 0.45ms
[173.915s][info][gc,phases   ] GC(412)   Other: 0.09ms
[173.915s][info][gc,heap     ] GC(412) Eden regions: 202->0(211)
[173.915s][info][gc,heap     ] GC(412) Survivor regions: 12->16(27)
[173.915s][info][gc,heap     ] GC(412) Old regions: 657->657
[173.915s][info][gc,heap     ] GC(412) Humongous regions: 10->10
[173.915s][info][gc,metaspace] GC(412) Metaspace: 18533K(18752K)->18533K(18752K) NonClass: 15875K(16000K)->15875K(16000K) Class: 2658K(2752K)->2658K(2752K)
[173.915s][info][gc          ] GC(412) Pause Young (Normal) (G1 Evacuation Pause) 880M->682M(978M) 22.777ms
[173.915s][info][gc,cpu      ] GC(412) User=0.04s Sys=0.00s Real=0.02s
[174.376s][info][gc,start    ] GC(413) Pause Young (Normal) (G1 Evacuation Pause)
[174.376s][info][gc,task     ] GC(413) Using 2 workers of 2 for evacuation
[174.417s][info][gc,phases   ] GC(413)   Pre Evacuate Collection Set: 0.28ms
[174.417s][info][gc,phases   ] GC(413)   Merge Heap Roots: 0.19ms
[174.417s][info][gc,phases   ] GC(413)   Evacuate Collection Set: 39.79ms
[174.417s][info][gc,phases   ] GC(413)   Post Evacuate Collection Set: 0.44ms
[174.417s][info][gc,phases   ] GC(413)   Other: 0.09ms
[174.417s][info][gc,heap     ] GC(413) Eden regions: 211->0(195)
[174.417s][info][gc,heap     ] GC(413) Survivor regions: 16->29(29)
[174.417s][info][gc,heap     ] GC(413) Old regions: 657->665
[174.417s][info][gc,heap     ] GC(413) Humongous regions: 10->10
[174.417s][info][gc,metaspace] GC(413) Metaspace: 18533K(18752K)->18533K(18752K) NonClass: 15875K(16000K)->15875K(16000K) Class: 2658K(2752K)->2658K(2752K)
[174.417s][info][gc          ] GC(413) Pause Young (Normal) (G1 Evacuation Pause) 893M->703M(978M) 41.011ms
[174.417s][info][gc,cpu      ] GC(413) User=0.08s Sys=0.00s Real=0.04s
[174.914s][info][gc,marking  ] GC(411) Concurrent Mark From Roots 1431.885ms
[174.914s][info][gc,marking  ] GC(411) Concurrent Preclean
[174.914s][info][gc,marking  ] GC(411) Concurrent Preclean 0.028ms
[174.914s][info][gc,start    ] GC(411) Pause Remark
[174.921s][info][gc          ] GC(411) Pause Remark 840M->732M(978M) 7.184ms
[174.921s][info][gc,cpu      ] GC(411) User=0.01s Sys=0.00s Real=0.01s
[174.924s][info][gc,marking  ] GC(411) Concurrent Mark 1441.963ms
[174.924s][info][gc,marking  ] GC(411) Concurrent Rebuild Remembered Sets and Scrub Regions
[175.176s][info][gc,start    ] GC(414) Pause Young (Normal) (G1 Evacuation Pause)
[175.176s][info][gc,task     ] GC(414) Using 2 workers of 2 for evacuation
[175.217s][info][gc,phases   ] GC(414)   Pre Evacuate Collection Set: 0.28ms
[175.217s][info][gc,phases   ] GC(414)   Merge Heap Roots: 0.37ms
[175.217s][info][gc,phases   ] GC(414)   Evacuate Collection Set: 39.61ms
[175.217s][info][gc,phases   ] GC(414)   Post Evacuate Collection Set: 0.64ms
[175.217s][info][gc,phases   ] GC(414)   Other: 0.09ms
[175.217s][info][gc,heap     ] GC(414) Eden regions: 195->0(271)
[175.217s][info][gc,heap     ] GC(414) Survivor regions: 29->6(28)
[175.217s][info][gc,heap     ] GC(414) Old regions: 561->590
[175.217s][info][gc,heap     ] GC(414) Humongous regions: 6->6
[175.217s][info][gc,metaspace] GC(414) Metaspace: 18533K(18752K)->18533K(18752K) NonClass: 15875K(16000K)->15875K(16000K) Class: 2658K(2752K)->2658K(2752K)
[175.217s][info][gc          ] GC(414) Pause Young (Normal) (G1 Evacuation Pause) 790M->601M(978M) 41.206ms
[175.217s][info][gc,cpu      ] GC(414) User=0.08s Sys=0.00s Real=0.05s
[175.555s][info][gc,marking  ] GC(411) Concurrent Rebuild Remembered Sets and Scrub Regions 630.536ms
[175.557s][info][gc,start    ] GC(411) Pause Cleanup
[175.557s][info][gc          ] GC(411) Pause Cleanup 713M->713M(978M) 0.139ms
[175.557s][info][gc,cpu      ] GC(411) User=0.00s Sys=0.00s Real=0.00s
[175.557s][info][gc,marking  ] GC(411) Concurrent Clear Claimed Marks
[175.558s][info][gc,marking  ] GC(411) Concurrent Clear Claimed Marks 0.054ms
[175.558s][info][gc,marking  ] GC(411) Concurrent Cleanup for Next Mark
[175.562s][info][gc,marking  ] GC(411) Concurrent Cleanup for Next Mark 4.911ms
[175.563s][info][gc          ] GC(411) Concurrent Mark Cycle 2106.170ms
[175.910s][info][gc,start    ] GC(415) Pause Young (Prepare Mixed) (G1 Evacuation Pause)
[175.910s][info][gc,task     ] GC(415) Using 2 workers of 2 for evacuation
[175.938s][info][gc,phases   ] GC(415)   Pre Evacuate Collection Set: 0.54ms
[175.938s][info][gc,phases   ] GC(415)   Merge Heap Roots: 0.44ms
[175.939s][info][gc,phases   ] GC(415)   Evacuate Collection Set: 26.86ms
[175.939s][info][gc,phases   ] GC(415)   Post Evacuate Collection Set: 0.52ms
[175.939s][info][gc,phases   ] GC(415)   Other: 0.10ms
[175.939s][info][gc,heap     ] GC(415) Eden regions: 271->0(273)
[175.939s][info][gc,heap     ] GC(415) Survivor regions: 6->17(35)
[175.939s][info][gc,heap     ] GC(415) Old regions: 590->590
[175.939s][info][gc,heap     ] GC(415) Humongous regions: 6->6
[175.939s][info][gc,metaspace] GC(415) Metaspace: 18533K(18752K)->18533K(18752K) NonClass: 15875K(16000K)->15875K(16000K) Class: 2658K(2752K)->2658K(2752K)
[175.939s][info][gc          ] GC(415) Pause Young (Prepare Mixed) (G1 Evacuation Pause) 872M->613M(978M) 28.648ms
[175.939s][info][gc,cpu      ] GC(415) User=0.06s Sys=0.00s Real=0.03s
[176.222s][info][gc,start    ] GC(416) Pause Young (Mixed) (G1 Evacuation Pause)
[176.222s][info][gc,task     ] GC(416) Using 2 workers of 2 for evacuation
[176.300s][info][gc,phases   ] GC(416)   Pre Evacuate Collection Set: 0.54ms
[176.300s][info][gc,phases   ] GC(416)   Merge Heap Roots: 0.28ms
[176.300s][info][gc,phases   ] GC(416)   Evacuate Collection Set: 76.53ms
[176.300s][info][gc,phases   ] GC(416)   Post Evacuate Collection Set: 1.02ms
[176.300s][info][gc,phases   ] GC(416)   Other: 0.12ms
[176.300s][info][gc,heap     ] GC(416) Eden regions: 273->0(11)
[176.300s][info][gc,heap     ] GC(416) Survivor regions: 17->37(37)
[176.300s][info][gc,heap     ] GC(416) Old regions: 590->591
[176.300s][info][gc,heap     ] GC(416) Humongous regions: 6->6
[176.300s][info][gc,metaspace] GC(416) Metaspace: 18533K(18752K)->18533K(18752K) NonClass: 15875K(16000K)->15875K(16000K) Class: 2658K(2752K)->2658K(2752K)
[176.301s][info][gc          ] GC(416) Pause Young (Mixed) (G1 Evacuation Pause) 886M->634M(978M) 78.723ms
[176.301s][info][gc,cpu      ] GC(416) User=0.16s Sys=0.00s Real=0.08s
[176.336s][info][gc,start    ] GC(417) Pause Young (Mixed) (G1 Evacuation Pause)
[176.336s][info][gc,task     ] GC(417) Using 2 workers of 2 for evacuation
[176.507s][info][gc,phases   ] GC(417)   Pre Evacuate Collection Set: 0.25ms
[176.507s][info][gc,phases   ] GC(417)   Merge Heap Roots: 0.55ms
[176.507s][info][gc,phases   ] GC(417)   Evacuate Collection Set: 169.37ms
[176.507s][info][gc,phases   ] GC(417)   Post Evacuate Collection Set: 0.31ms
[176.507s][info][gc,phases   ] GC(417)   Other: 0.06ms
[176.507s][info][gc,heap     ] GC(417) Eden regions: 27->0(241)
[176.507s][info][gc,heap     ] GC(417) Survivor regions: 37->1(8)
[176.507s][info][gc,heap     ] GC(417) Old regions: 591->628
[176.507s][info][gc,heap     ] GC(417) Humongous regions: 6->6
[176.507s][info][gc,metaspace] GC(417) Metaspace: 18533K(18752K)->18533K(18752K) NonClass: 15875K(16000K)->15875K(16000K) Class: 2658K(2752K)->2658K(2752K)
[176.507s][info][gc          ] GC(417) Pause Young (Mixed) (G1 Evacuation Pause) 661M->634M(978M) 170.786ms
[176.507s][info][gc,cpu      ] GC(417) User=0.34s Sys=0.00s Real=0.18s
[176.605s][info][gc,start    ] GC(418) Pause Young (Concurrent Start) (G1 Humongous Allocation)
[176.605s][info][gc,task     ] GC(418) Using 2 workers of 2 for evacuation
[176.622s][info][gc,phases   ] GC(418)   Pre Evacuate Collection Set: 0.34ms
[176.622s][info][gc,phases   ] GC(418)   Merge Heap Roots: 0.23ms
[176.622s][info][gc,phases   ] GC(418)   Evacuate Collection Set: 15.92ms
[176.622s][info][gc,phases   ] GC(418)   Post Evacuate Collection Set: 0.39ms
[176.622s][info][gc,phases   ] GC(418)   Other: 0.22ms
[176.622s][info][gc,heap     ] GC(418) Eden regions: 52->0(247)
[176.622s][info][gc,heap     ] GC(418) Survivor regions: 1->6(31)
[176.622s][info][gc,heap     ] GC(418) Old regions: 628->628
[176.622s][info][gc,heap     ] GC(418) Humongous regions: 6->6
[176.622s][info][gc,metaspace] GC(418) Metaspace: 18533K(18752K)->18533K(18752K) NonClass: 15875K(16000K)->15875K(16000K) Class: 2658K(2752K)->2658K(2752K)
[176.622s][info][gc          ] GC(418) Pause Young (Concurrent Start) (G1 Humongous Allocation) 686M->639M(978M) 17.324ms
[176.622s][info][gc          ] GC(419) Concurrent Mark Cycle
[176.622s][info][gc,marking  ] GC(419) Concurrent Scan Root Regions
[176.623s][info][gc,cpu      ] GC(418) User=0.04s Sys=0.00s Real=0.02s
[176.647s][info][gc,marking  ] GC(419) Concurrent Scan Root Regions 24.590ms
[176.647s][info][gc,marking  ] GC(419) Concurrent Mark
[176.647s][info][gc,marking  ] GC(419) Concurrent Mark From Roots
[176.647s][info][gc,task     ] GC(419) Using 1 workers of 1 for marking
[177.146s][info][gc,start    ] GC(420) Pause Young (Normal) (G1 Evacuation Pause)
[177.146s][info][gc,task     ] GC(420) Using 2 workers of 2 for evacuation
[177.217s][info][gc,phases   ] GC(420)   Pre Evacuate Collection Set: 0.28ms
[177.217s][info][gc,phases   ] GC(420)   Merge Heap Roots: 0.29ms
[177.217s][info][gc,phases   ] GC(420)   Evacuate Collection Set: 69.57ms
[177.217s][info][gc,phases   ] GC(420)   Post Evacuate Collection Set: 0.53ms
[177.217s][info][gc,phases   ] GC(420)   Other: 0.09ms
[177.217s][info][gc,heap     ] GC(420) Eden regions: 247->0(205)
[177.217s][info][gc,heap     ] GC(420) Survivor regions: 6->32(32)
[177.217s][info][gc,heap     ] GC(420) Old regions: 628->648
[177.217s][info][gc,heap     ] GC(420) Humongous regions: 9->9
[177.217s][info][gc,metaspace] GC(420) Metaspace: 18533K(18752K)->18533K(18752K) NonClass: 15875K(16000K)->15875K(16000K) Class: 2658K(2752K)->2658K(2752K)
[177.217s][info][gc          ] GC(420) Pause Young (Normal) (G1 Evacuation Pause) 889M->688M(978M) 71.025ms
[177.217s][info][gc,cpu      ] GC(420) User=0.14s Sys=0.00s Real=0.08s
[177.507s][info][gc,start    ] GC(421) Pause Young (Normal) (G1 Evacuation Pause)
[177.507s][info][gc,task     ] GC(421) Using 2 workers of 2 for evacuation
[177.556s][info][gc,phases   ] GC(421)   Pre Evacuate Collection Set: 0.29ms
[177.556s][info][gc,phases   ] GC(421)   Merge Heap Roots: 0.30ms
[177.556s][info][gc,phases   ] GC(421)   Evacuate Collection Set: 47.68ms
[177.556s][info][gc,phases   ] GC(421)   Post Evacuate Collection Set: 0.42ms
[177.556s][info][gc,phases   ] GC(421)   Other: 0.08ms
[177.556s][info][gc,heap     ] GC(421) Eden regions: 205->0(212)
[177.556s][info][gc,heap     ] GC(421) Survivor regions: 32->5(30)
[177.556s][info][gc,heap     ] GC(421) Old regions: 648->680
[177.556s][info][gc,heap     ] GC(421) Humongous regions: 9->9
[177.556s][info][gc,metaspace] GC(421) Metaspace: 18533K(18752K)->18533K(18752K) NonClass: 15875K(16000K)->15875K(16000K) Class: 2658K(2752K)->2658K(2752K)
[177.556s][info][gc          ] GC(421) Pause Young (Normal) (G1 Evacuation Pause) 893M->694M(978M) 49.049ms
[177.556s][info][gc,cpu      ] GC(421) User=0.10s Sys=0.00s Real=0.04s
[177.962s][info][gc,start    ] GC(422) Pause Young (Normal) (G1 Evacuation Pause)
[177.962s][info][gc,task     ] GC(422) Using 2 workers of 2 for evacuation
[177.983s][info][gc,phases   ] GC(422)   Pre Evacuate Collection Set: 0.30ms
[177.983s][info][gc,phases   ] GC(422)   Merge Heap Roots: 0.22ms
[177.983s][info][gc,phases   ] GC(422)   Evacuate Collection Set: 19.90ms
[177.983s][info][gc,phases   ] GC(422)   Post Evacuate Collection Set: 0.43ms
[177.983s][info][gc,phases   ] GC(422)   Other: 0.09ms
[177.983s][info][gc,heap     ] GC(422) Eden regions: 212->0(213)
[177.983s][info][gc,heap     ] GC(422) Survivor regions: 5->13(28)
[177.983s][info][gc,heap     ] GC(422) Old regions: 680->680
[177.983s][info][gc,heap     ] GC(422) Humongous regions: 9->9
[177.983s][info][gc,metaspace] GC(422) Metaspace: 18533K(18752K)->18533K(18752K) NonClass: 15875K(16000K)->15875K(16000K) Class: 2658K(2752K)->2658K(2752K)
[177.983s][info][gc          ] GC(422) Pause Young (Normal) (G1 Evacuation Pause) 906M->702M(978M) 21.170ms
[177.983s][info][gc,cpu      ] GC(422) User=0.04s Sys=0.00s Real=0.02s
[178.478s][info][gc,marking  ] GC(419) Concurrent Mark From Roots 1830.999ms
[178.478s][info][gc,marking  ] GC(419) Concurrent Preclean
[178.478s][info][gc,marking  ] GC(419) Concurrent Preclean 0.032ms
[178.479s][info][gc,start    ] GC(419) Pause Remark
[178.486s][info][gc          ] GC(419) Pause Remark 879M->866M(978M) 7.091ms
[178.486s][info][gc,cpu      ] GC(419) User=0.01s Sys=0.00s Real=0.00s
[178.487s][info][gc,marking  ] GC(419) Concurrent Mark 1839.992ms
[178.487s][info][gc,marking  ] GC(419) Concurrent Rebuild Remembered Sets and Scrub Regions
[178.737s][info][gc,start    ] GC(423) Pause Young (Normal) (G1 Evacuation Pause)
[178.737s][info][gc,task     ] GC(423) Using 2 workers of 2 for evacuation
[178.791s][info][gc,phases   ] GC(423)   Pre Evacuate Collection Set: 0.51ms
[178.791s][info][gc,phases   ] GC(423)   Merge Heap Roots: 0.53ms
[178.791s][info][gc,phases   ] GC(423)   Evacuate Collection Set: 52.43ms
[178.791s][info][gc,phases   ] GC(423)   Post Evacuate Collection Set: 0.44ms
[178.791s][info][gc,phases   ] GC(423)   Other: 0.09ms
[178.791s][info][gc,heap     ] GC(423) Eden regions: 213->0(188)
[178.791s][info][gc,heap     ] GC(423) Survivor regions: 13->29(29)
[178.791s][info][gc,heap     ] GC(423) Old regions: 667->673
[178.791s][info][gc,heap     ] GC(423) Humongous regions: 9->9
[178.791s][info][gc,metaspace] GC(423) Metaspace: 18533K(18752K)->18533K(18752K) NonClass: 15875K(16000K)->15875K(16000K) Class: 2658K(2752K)->2658K(2752K)
[178.791s][info][gc          ] GC(423) Pause Young (Normal) (G1 Evacuation Pause) 902M->711M(978M) 54.248ms
[178.791s][info][gc,cpu      ] GC(423) User=0.10s Sys=0.00s Real=0.06s
[179.075s][info][gc,marking  ] GC(419) Concurrent Rebuild Remembered Sets and Scrub Regions 587.540ms
[179.075s][info][gc,start    ] GC(419) Pause Cleanup
[179.076s][info][gc          ] GC(419) Pause Cleanup 799M->799M(978M) 0.127ms
[179.076s][info][gc,cpu      ] GC(419) User=0.00s Sys=0.00s Real=0.00s
[179.076s][info][gc,marking  ] GC(419) Concurrent Clear Claimed Marks
[179.076s][info][gc,marking  ] GC(419) Concurrent Clear Claimed Marks 0.030ms
[179.076s][info][gc,marking  ] GC(419) Concurrent Cleanup for Next Mark
[179.081s][info][gc,marking  ] GC(419) Concurrent Cleanup for Next Mark 5.174ms
[179.081s][info][gc          ] GC(419) Concurrent Mark Cycle 2458.554ms
[179.277s][info][gc,start    ] GC(424) Pause Young (Prepare Mixed) (G1 Evacuation Pause)
[179.277s][info][gc,task     ] GC(424) Using 2 workers of 2 for evacuation
[179.316s][info][gc,phases   ] GC(424)   Pre Evacuate Collection Set: 0.32ms
[179.316s][info][gc,phases   ] GC(424)   Merge Heap Roots: 0.27ms
[179.316s][info][gc,phases   ] GC(424)   Evacuate Collection Set: 38.43ms
[179.316s][info][gc,phases   ] GC(424)   Post Evacuate Collection Set: 0.45ms
[179.316s][info][gc,phases   ] GC(424)   Other: 0.08ms
[179.316s][info][gc,heap     ] GC(424) Eden regions: 188->0(197)
[179.316s][info][gc,heap     ] GC(424) Survivor regions: 29->10(28)
[179.316s][info][gc,heap     ] GC(424) Old regions: 673->702
[179.316s][info][gc,heap     ] GC(424) Humongous regions: 9->9
[179.316s][info][gc,metaspace] GC(424) Metaspace: 18533K(18752K)->18533K(18752K) NonClass: 15875K(16000K)->15875K(16000K) Class: 2658K(2752K)->2658K(2752K)
[179.316s][info][gc          ] GC(424) Pause Young (Prepare Mixed) (G1 Evacuation Pause) 899M->720M(978M) 39.779ms
[179.316s][info][gc,cpu      ] GC(424) User=0.08s Sys=0.00s Real=0.04s
[179.554s][info][gc,start    ] GC(425) Pause Young (Mixed) (G1 Evacuation Pause)
[179.554s][info][gc,task     ] GC(425) Using 2 workers of 2 for evacuation
[179.602s][info][gc,phases   ] GC(425)   Pre Evacuate Collection Set: 0.42ms
[179.602s][info][gc,phases   ] GC(425)   Merge Heap Roots: 0.58ms
[179.602s][info][gc,phases   ] GC(425)   Evacuate Collection Set: 46.38ms
[179.602s][info][gc,phases   ] GC(425)   Post Evacuate Collection Set: 0.63ms
[179.602s][info][gc,phases   ] GC(425)   Other: 0.08ms
[179.602s][info][gc,heap     ] GC(425) Eden regions: 197->0(200)
[179.602s][info][gc,heap     ] GC(425) Survivor regions: 10->15(26)
[179.602s][info][gc,heap     ] GC(425) Old regions: 702->689
[179.602s][info][gc,heap     ] GC(425) Humongous regions: 9->9
[179.602s][info][gc,metaspace] GC(425) Metaspace: 18537K(18752K)->18537K(18752K) NonClass: 15879K(16000K)->15879K(16000K) Class: 2658K(2752K)->2658K(2752K)
[179.602s][info][gc          ] GC(425) Pause Young (Mixed) (G1 Evacuation Pause) 917M->713M(978M) 48.328ms
[179.602s][info][gc,cpu      ] GC(425) User=0.06s Sys=0.00s Real=0.05s
[179.837s][info][gc,start    ] GC(426) Pause Young (Concurrent Start) (G1 Evacuation Pause)
[179.837s][info][gc,task     ] GC(426) Using 2 workers of 2 for evacuation
[179.878s][info][gc,phases   ] GC(426)   Pre Evacuate Collection Set: 0.33ms
[179.878s][info][gc,phases   ] GC(426)   Merge Heap Roots: 0.10ms
[179.878s][info][gc,phases   ] GC(426)   Evacuate Collection Set: 39.91ms
[179.878s][info][gc,phases   ] GC(426)   Post Evacuate Collection Set: 0.49ms
[179.878s][info][gc,phases   ] GC(426)   Other: 0.12ms
[179.878s][info][gc,heap     ] GC(426) Eden regions: 200->0(166)
[179.878s][info][gc,heap     ] GC(426) Survivor regions: 15->27(27)
[179.878s][info][gc,heap     ] GC(426) Old regions: 689->699
[179.878s][info][gc,heap     ] GC(426) Humongous regions: 9->9
[179.878s][info][gc,metaspace] GC(426) Metaspace: 18538K(18752K)->18538K(18752K) NonClass: 15880K(16000K)->15880K(16000K) Class: 2658K(2752K)->2658K(2752K)
[179.878s][info][gc          ] GC(426) Pause Young (Concurrent Start) (G1 Evacuation Pause) 913M->735M(978M) 41.181ms
[179.878s][info][gc,cpu      ] GC(426) User=0.08s Sys=0.00s Real=0.05s
[179.878s][info][gc          ] GC(427) Concurrent Mark Cycle
[179.878s][info][gc,marking  ] GC(427) Concurrent Scan Root Regions
[179.927s][info][gc,marking  ] GC(427) Concurrent Scan Root Regions 48.848ms
[179.927s][info][gc,marking  ] GC(427) Concurrent Mark
[179.927s][info][gc,marking  ] GC(427) Concurrent Mark From Roots
[179.927s][info][gc,task     ] GC(427) Using 1 workers of 1 for marking
[180.233s][info][gc,start    ] GC(428) Pause Young (Normal) (G1 Evacuation Pause)
[180.234s][info][gc,task     ] GC(428) Using 2 workers of 2 for evacuation
[180.265s][info][gc,phases   ] GC(428)   Pre Evacuate Collection Set: 0.28ms
[180.266s][info][gc,phases   ] GC(428)   Merge Heap Roots: 0.13ms
[180.266s][info][gc,phases   ] GC(428)   Evacuate Collection Set: 31.07ms
[180.266s][info][gc,phases   ] GC(428)   Post Evacuate Collection Set: 0.41ms
[180.266s][info][gc,phases   ] GC(428)   Other: 0.07ms
[180.266s][info][gc,heap     ] GC(428) Eden regions: 166->0(182)
[180.266s][info][gc,heap     ] GC(428) Survivor regions: 27->5(25)
[180.266s][info][gc,heap     ] GC(428) Old regions: 699->727
[180.266s][info][gc,heap     ] GC(428) Humongous regions: 9->9
[180.266s][info][gc,metaspace] GC(428) Metaspace: 18542K(18752K)->18542K(18752K) NonClass: 15883K(16000K)->15883K(16000K) Class: 2658K(2752K)->2658K(2752K)
[180.266s][info][gc          ] GC(428) Pause Young (Normal) (G1 Evacuation Pause) 901M->740M(978M) 32.149ms
[180.266s][info][gc,cpu      ] GC(428) User=0.06s Sys=0.00s Real=0.03s
[180.796s][info][gc,start    ] GC(429) Pause Young (Normal) (G1 Evacuation Pause)
[180.797s][info][gc,task     ] GC(429) Using 2 workers of 2 for evacuation
[180.815s][info][gc,phases   ] GC(429)   Pre Evacuate Collection Set: 0.28ms
[180.815s][info][gc,phases   ] GC(429)   Merge Heap Roots: 0.13ms
[180.815s][info][gc,phases   ] GC(429)   Evacuate Collection Set: 17.15ms
[180.815s][info][gc,phases   ] GC(429)   Post Evacuate Collection Set: 0.38ms
[180.815s][info][gc,phases   ] GC(429)   Other: 0.10ms
[180.815s][info][gc,heap     ] GC(429) Eden regions: 182->0(156)
[180.815s][info][gc,heap     ] GC(429) Survivor regions: 5->18(24)
[180.815s][info][gc,heap     ] GC(429) Old regions: 727->727
[180.815s][info][gc,heap     ] GC(429) Humongous regions: 9->9
[180.815s][info][gc,metaspace] GC(429) Metaspace: 18543K(18752K)->18543K(18752K) NonClass: 15885K(16000K)->15885K(16000K) Class: 2658K(2752K)->2658K(2752K)
[180.815s][info][gc          ] GC(429) Pause Young (Normal) (G1 Evacuation Pause) 922M->753M(978M) 18.290ms
[180.815s][info][gc,cpu      ] GC(429) User=0.04s Sys=0.00s Real=0.02s
[181.199s][info][gc,start    ] GC(430) Pause Young (Normal) (G1 Evacuation Pause)
[181.199s][info][gc,task     ] GC(430) Using 2 workers of 2 for evacuation
[181.224s][info][gc,phases   ] GC(430)   Pre Evacuate Collection Set: 0.29ms
[181.224s][info][gc,phases   ] GC(430)   Merge Heap Roots: 0.10ms
[181.224s][info][gc,phases   ] GC(430)   Evacuate Collection Set: 23.82ms
[181.224s][info][gc,phases   ] GC(430)   Post Evacuate Collection Set: 0.40ms
[181.224s][info][gc,phases   ] GC(430)   Other: 0.12ms
[181.224s][info][gc,heap     ] GC(430) Eden regions: 156->0(157)
[181.224s][info][gc,heap     ] GC(430) Survivor regions: 18->9(22)
[181.224s][info][gc,heap     ] GC(430) Old regions: 727->744
[181.224s][info][gc,heap     ] GC(430) Humongous regions: 9->9
[181.224s][info][gc,metaspace] GC(430) Metaspace: 18543K(18752K)->18543K(18752K) NonClass: 15885K(16000K)->15885K(16000K) Class: 2658K(2752K)->2658K(2752K)
[181.224s][info][gc          ] GC(430) Pause Young (Normal) (G1 Evacuation Pause) 909M->761M(978M) 24.971ms
[181.224s][info][gc,cpu      ] GC(430) User=0.04s Sys=0.00s Real=0.02s
[181.450s][info][gc,start    ] GC(431) Pause Young (Normal) (G1 Evacuation Pause)
[181.450s][info][gc,task     ] GC(431) Using 2 workers of 2 for evacuation
[181.503s][info][gc,phases   ] GC(431)   Pre Evacuate Collection Set: 0.54ms
[181.503s][info][gc,phases   ] GC(431)   Merge Heap Roots: 0.08ms
[181.503s][info][gc,phases   ] GC(431)   Evacuate Collection Set: 51.90ms
[181.503s][info][gc,phases   ] GC(431)   Post Evacuate Collection Set: 0.96ms
[181.503s][info][gc,phases   ] GC(431)   Other: 0.06ms
[181.503s][info][gc,heap     ] GC(431) Eden regions: 157->0(90)
[181.503s][info][gc,heap     ] GC(431) Survivor regions: 9->21(21)
[181.503s][info][gc,heap     ] GC(431) Old regions: 744->787
[181.503s][info][gc,heap     ] GC(431) Humongous regions: 9->9
[181.503s][info][gc,metaspace] GC(431) Metaspace: 18543K(18752K)->18543K(18752K) NonClass: 15885K(16000K)->15885K(16000K) Class: 2658K(2752K)->2658K(2752K)
[181.504s][info][gc          ] GC(431) Pause Young (Normal) (G1 Evacuation Pause) (Evacuation Failure: Allocation) 918M->817M(978M) 53.731ms
[181.504s][info][gc,cpu      ] GC(431) User=0.11s Sys=0.01s Real=0.05s
[181.666s][info][gc,marking  ] GC(427) Concurrent Mark From Roots 1739.024ms
[181.666s][info][gc,marking  ] GC(427) Concurrent Preclean
[181.666s][info][gc,marking  ] GC(427) Concurrent Preclean 0.028ms
[181.667s][info][gc,start    ] GC(427) Pause Remark
[181.674s][info][gc          ] GC(427) Pause Remark 875M->742M(978M) 6.971ms
[181.674s][info][gc,cpu      ] GC(427) User=0.02s Sys=0.00s Real=0.00s
[181.675s][info][gc,marking  ] GC(427) Concurrent Mark 1748.366ms
[181.675s][info][gc,marking  ] GC(427) Concurrent Rebuild Remembered Sets and Scrub Regions
[181.720s][info][gc,start    ] GC(432) Pause Young (Normal) (G1 Evacuation Pause)
[181.720s][info][gc,task     ] GC(432) Using 2 workers of 2 for evacuation
[181.764s][info][gc,phases   ] GC(432)   Pre Evacuate Collection Set: 0.25ms
[181.764s][info][gc,phases   ] GC(432)   Merge Heap Roots: 0.33ms
[181.764s][info][gc,phases   ] GC(432)   Evacuate Collection Set: 43.10ms
[181.764s][info][gc,phases   ] GC(432)   Post Evacuate Collection Set: 0.29ms
[181.764s][info][gc,phases   ] GC(432)   Other: 0.06ms
[181.764s][info][gc,heap     ] GC(432) Eden regions: 90->0(193)
[181.764s][info][gc,heap     ] GC(432) Survivor regions: 21->14(14)
[181.764s][info][gc,heap     ] GC(432) Old regions: 657->676
[181.764s][info][gc,heap     ] GC(432) Humongous regions: 6->6
[181.764s][info][gc,metaspace] GC(432) Metaspace: 18543K(18752K)->18543K(18752K) NonClass: 15885K(16000K)->15885K(16000K) Class: 2658K(2752K)->2658K(2752K)
[181.764s][info][gc          ] GC(432) Pause Young (Normal) (G1 Evacuation Pause) 774M->696M(978M) 44.196ms
[181.764s][info][gc,cpu      ] GC(432) User=0.08s Sys=0.00s Real=0.04s
[182.108s][info][gc,start    ] GC(433) Pause Young (Normal) (G1 Evacuation Pause)
[182.108s][info][gc,task     ] GC(433) Using 2 workers of 2 for evacuation
[182.175s][info][gc,phases   ] GC(433)   Pre Evacuate Collection Set: 0.30ms
[182.175s][info][gc,phases   ] GC(433)   Merge Heap Roots: 0.31ms
[182.175s][info][gc,phases   ] GC(433)   Evacuate Collection Set: 65.38ms
[182.175s][info][gc,phases   ] GC(433)   Post Evacuate Collection Set: 0.51ms
[182.175s][info][gc,phases   ] GC(433)   Other: 0.10ms
[182.175s][info][gc,heap     ] GC(433) Eden regions: 193->0(165)
[182.175s][info][gc,heap     ] GC(433) Survivor regions: 14->26(26)
[182.175s][info][gc,heap     ] GC(433) Old regions: 676->695
[182.175s][info][gc,heap     ] GC(433) Humongous regions: 9->9
[182.175s][info][gc,metaspace] GC(433) Metaspace: 18543K(18752K)->18543K(18752K) NonClass: 15885K(16000K)->15885K(16000K) Class: 2658K(2752K)->2658K(2752K)
[182.175s][info][gc          ] GC(433) Pause Young (Normal) (G1 Evacuation Pause) 892M->729M(978M) 66.860ms
[182.175s][info][gc,cpu      ] GC(433) User=0.12s Sys=0.00s Real=0.06s
[182.499s][info][gc,start    ] GC(434) Pause Young (Normal) (G1 Evacuation Pause)
[182.499s][info][gc,task     ] GC(434) Using 2 workers of 2 for evacuation
[182.571s][info][gc,phases   ] GC(434)   Pre Evacuate Collection Set: 0.29ms
[182.571s][info][gc,phases   ] GC(434)   Merge Heap Roots: 0.68ms
[182.571s][info][gc,phases   ] GC(434)   Evacuate Collection Set: 70.50ms
[182.571s][info][gc,phases   ] GC(434)   Post Evacuate Collection Set: 0.42ms
[182.571s][info][gc,phases   ] GC(434)   Other: 0.10ms
[182.571s][info][gc,heap     ] GC(434) Eden regions: 165->0(148)
[182.571s][info][gc,heap     ] GC(434) Survivor regions: 26->22(24)
[182.571s][info][gc,heap     ] GC(434) Old regions: 695->721
[182.571s][info][gc,heap     ] GC(434) Humongous regions: 9->9
[182.571s][info][gc,metaspace] GC(434) Metaspace: 18543K(18752K)->18543K(18752K) NonClass: 15885K(16000K)->15885K(16000K) Class: 2658K(2752K)->2658K(2752K)
[182.571s][info][gc          ] GC(434) Pause Young (Normal) (G1 Evacuation Pause) 894M->752M(978M) 72.263ms
[182.571s][info][gc,cpu      ] GC(434) User=0.14s Sys=0.00s Real=0.07s
[182.575s][info][gc,marking  ] GC(427) Concurrent Rebuild Remembered Sets and Scrub Regions 899.255ms
[182.575s][info][gc,start    ] GC(427) Pause Cleanup
[182.575s][info][gc          ] GC(427) Pause Cleanup 754M->754M(978M) 0.090ms
[182.575s][info][gc,cpu      ] GC(427) User=0.00s Sys=0.00s Real=0.00s
[182.575s][info][gc,marking  ] GC(427) Concurrent Clear Claimed Marks
[182.575s][info][gc,marking  ] GC(427) Concurrent Clear Claimed Marks 0.028ms
[182.575s][info][gc,marking  ] GC(427) Concurrent Cleanup for Next Mark
[182.578s][info][gc,marking  ] GC(427) Concurrent Cleanup for Next Mark 2.796ms
[182.578s][info][gc          ] GC(427) Concurrent Mark Cycle 2699.800ms
[182.697s][info][gc,start    ] GC(435) Pause Young (Prepare Mixed) (G1 Evacuation Pause)
[182.697s][info][gc,task     ] GC(435) Using 2 workers of 2 for evacuation
[182.726s][info][gc,phases   ] GC(435)   Pre Evacuate Collection Set: 0.53ms
[182.726s][info][gc,phases   ] GC(435)   Merge Heap Roots: 0.19ms
[182.727s][info][gc,phases   ] GC(435)   Evacuate Collection Set: 27.99ms
[182.727s][info][gc,phases   ] GC(435)   Post Evacuate Collection Set: 0.38ms
[182.727s][info][gc,phases   ] GC(435)   Other: 0.07ms
[182.727s][info][gc,heap     ] GC(435) Eden regions: 148->0(154)
[182.727s][info][gc,heap     ] GC(435) Survivor regions: 22->5(22)
[182.727s][info][gc,heap     ] GC(435) Old regions: 721->743
[182.727s][info][gc,heap     ] GC(435) Humongous regions: 9->9
[182.727s][info][gc,metaspace] GC(435) Metaspace: 18543K(18752K)->18543K(18752K) NonClass: 15885K(16000K)->15885K(16000K) Class: 2658K(2752K)->2658K(2752K)
[182.727s][info][gc          ] GC(435) Pause Young (Prepare Mixed) (G1 Evacuation Pause) 900M->757M(978M) 29.342ms
[182.727s][info][gc,cpu      ] GC(435) User=0.06s Sys=0.00s Real=0.02s
[182.838s][info][gc,start    ] GC(436) Pause Young (Mixed) (G1 Evacuation Pause)
[182.838s][info][gc,task     ] GC(436) Using 2 workers of 2 for evacuation
[182.879s][info][gc,phases   ] GC(436)   Pre Evacuate Collection Set: 0.28ms
[182.879s][info][gc,phases   ] GC(436)   Merge Heap Roots: 0.20ms
[182.879s][info][gc,phases   ] GC(436)   Evacuate Collection Set: 39.78ms
[182.879s][info][gc,phases   ] GC(436)   Post Evacuate Collection Set: 0.50ms
[182.879s][info][gc,phases   ] GC(436)   Other: 0.10ms
[182.879s][info][gc,heap     ] GC(436) Eden regions: 154->0(134)
[182.879s][info][gc,heap     ] GC(436) Survivor regions: 5->20(20)
[182.879s][info][gc,heap     ] GC(436) Old regions: 743->745
[182.879s][info][gc,heap     ] GC(436) Humongous regions: 9->9
[182.879s][info][gc,metaspace] GC(436) Metaspace: 18546K(18752K)->18546K(18752K) NonClass: 15888K(16000K)->15888K(16000K) Class: 2658K(2752K)->2658K(2752K)
[182.879s][info][gc          ] GC(436) Pause Young (Mixed) (G1 Evacuation Pause) 911M->774M(978M) 41.099ms
[182.879s][info][gc,cpu      ] GC(436) User=0.08s Sys=0.00s Real=0.04s
[182.983s][info][gc,start    ] GC(437) Pause Young (Concurrent Start) (G1 Evacuation Pause)
[182.983s][info][gc,task     ] GC(437) Using 2 workers of 2 for evacuation
[183.020s][info][gc,phases   ] GC(437)   Pre Evacuate Collection Set: 0.34ms
[183.020s][info][gc,phases   ] GC(437)   Merge Heap Roots: 0.32ms
[183.020s][info][gc,phases   ] GC(437)   Evacuate Collection Set: 35.88ms
[183.020s][info][gc,phases   ] GC(437)   Post Evacuate Collection Set: 0.39ms
[183.020s][info][gc,phases   ] GC(437)   Other: 0.21ms
[183.020s][info][gc,heap     ] GC(437) Eden regions: 134->0(129)
[183.020s][info][gc,heap     ] GC(437) Survivor regions: 20->12(20)
[183.020s][info][gc,heap     ] GC(437) Old regions: 745->766
[183.020s][info][gc,heap     ] GC(437) Humongous regions: 9->9
[183.020s][info][gc,metaspace] GC(437) Metaspace: 18546K(18752K)->18546K(18752K) NonClass: 15888K(16000K)->15888K(16000K) Class: 2658K(2752K)->2658K(2752K)
[183.020s][info][gc          ] GC(437) Pause Young (Concurrent Start) (G1 Evacuation Pause) 908M->786M(978M) 37.358ms
[183.020s][info][gc,cpu      ] GC(437) User=0.07s Sys=0.00s Real=0.04s
[183.020s][info][gc          ] GC(438) Concurrent Mark Cycle
[183.020s][info][gc,marking  ] GC(438) Concurrent Scan Root Regions
[183.041s][info][gc,marking  ] GC(438) Concurrent Scan Root Regions 20.848ms
[183.041s][info][gc,marking  ] GC(438) Concurrent Mark
[183.041s][info][gc,marking  ] GC(438) Concurrent Mark From Roots
[183.041s][info][gc,task     ] GC(438) Using 1 workers of 1 for marking
[183.264s][info][gc,start    ] GC(439) Pause Young (Normal) (G1 Evacuation Pause)
[183.264s][info][gc,task     ] GC(439) Using 2 workers of 2 for evacuation
[183.303s][info][gc,phases   ] GC(439)   Pre Evacuate Collection Set: 0.50ms
[183.303s][info][gc,phases   ] GC(439)   Merge Heap Roots: 0.26ms
[183.303s][info][gc,phases   ] GC(439)   Evacuate Collection Set: 37.70ms
[183.303s][info][gc,phases   ] GC(439)   Post Evacuate Collection Set: 0.42ms
[183.303s][info][gc,phases   ] GC(439)   Other: 0.09ms
[183.303s][info][gc,heap     ] GC(439) Eden regions: 129->0(104)
[183.303s][info][gc,heap     ] GC(439) Survivor regions: 12->18(18)
[183.303s][info][gc,heap     ] GC(439) Old regions: 766->778
[183.303s][info][gc,heap     ] GC(439) Humongous regions: 10->10
[183.303s][info][gc,metaspace] GC(439) Metaspace: 18546K(18752K)->18546K(18752K) NonClass: 15888K(16000K)->15888K(16000K) Class: 2658K(2752K)->2658K(2752K)
[183.303s][info][gc          ] GC(439) Pause Young (Normal) (G1 Evacuation Pause) 916M->806M(978M) 39.215ms
[183.303s][info][gc,cpu      ] GC(439) User=0.08s Sys=0.00s Real=0.04s
[183.517s][info][gc,start    ] GC(440) Pause Young (Normal) (G1 Evacuation Pause)
[183.517s][info][gc,task     ] GC(440) Using 2 workers of 2 for evacuation
[183.564s][info][gc,phases   ] GC(440)   Pre Evacuate Collection Set: 0.30ms
[183.564s][info][gc,phases   ] GC(440)   Merge Heap Roots: 0.46ms
[183.564s][info][gc,phases   ] GC(440)   Evacuate Collection Set: 45.24ms
[183.564s][info][gc,phases   ] GC(440)   Post Evacuate Collection Set: 0.36ms
[183.564s][info][gc,phases   ] GC(440)   Other: 0.08ms
[183.564s][info][gc,heap     ] GC(440) Eden regions: 104->0(89)
[183.564s][info][gc,heap     ] GC(440) Survivor regions: 18->16(16)
[183.564s][info][gc,heap     ] GC(440) Old regions: 778->797
[183.564s][info][gc,heap     ] GC(440) Humongous regions: 10->10
[183.564s][info][gc,metaspace] GC(440) Metaspace: 18546K(18752K)->18546K(18752K) NonClass: 15888K(16000K)->15888K(16000K) Class: 2658K(2752K)->2658K(2752K)
[183.564s][info][gc          ] GC(440) Pause Young (Normal) (G1 Evacuation Pause) 910M->823M(978M) 46.704ms
[183.564s][info][gc,cpu      ] GC(440) User=0.09s Sys=0.00s Real=0.04s
[183.979s][info][gc,start    ] GC(441) Pause Young (Normal) (G1 Evacuation Pause)
[183.979s][info][gc,task     ] GC(441) Using 2 workers of 2 for evacuation
[183.996s][info][gc,phases   ] GC(441)   Pre Evacuate Collection Set: 0.30ms
[183.996s][info][gc,phases   ] GC(441)   Merge Heap Roots: 0.11ms
[183.996s][info][gc,phases   ] GC(441)   Evacuate Collection Set: 16.19ms
[183.996s][info][gc,phases   ] GC(441)   Post Evacuate Collection Set: 0.30ms
[183.996s][info][gc,phases   ] GC(441)   Other: 0.07ms
[183.996s][info][gc,heap     ] GC(441) Eden regions: 89->0(102)
[183.996s][info][gc,heap     ] GC(441) Survivor regions: 16->1(14)
[183.996s][info][gc,heap     ] GC(441) Old regions: 797->814
[183.996s][info][gc,heap     ] GC(441) Humongous regions: 10->10
[183.996s][info][gc,metaspace] GC(441) Metaspace: 18546K(18752K)->18546K(18752K) NonClass: 15888K(16000K)->15888K(16000K) Class: 2658K(2752K)->2658K(2752K)
[183.996s][info][gc          ] GC(441) Pause Young (Normal) (G1 Evacuation Pause) 912M->824M(978M) 17.212ms
[183.996s][info][gc,cpu      ] GC(441) User=0.03s Sys=0.00s Real=0.01s
[184.112s][info][gc,marking  ] GC(438) Concurrent Mark From Roots 1071.088ms
[184.112s][info][gc,marking  ] GC(438) Concurrent Preclean
[184.113s][info][gc,marking  ] GC(438) Concurrent Preclean 0.033ms
[184.113s][info][gc,start    ] GC(438) Pause Remark
[184.123s][info][metaspace   ] ChkMgr @0x00007fef1c1626e0 (non-class-space): : reclaiming memory...
[184.123s][info][metaspace   ] ChkMgr @0x00007fef1c1626e0 (non-class-space): nothing reclaimed.
[184.123s][info][metaspace   ] ChkMgr @0x00007fef1c1607f0 (class-space): : reclaiming memory...
[184.123s][info][metaspace   ] ChkMgr @0x00007fef1c1607f0 (class-space): nothing reclaimed.
[184.124s][info][gc          ] GC(438) Pause Remark 856M->545M(978M) 10.434ms
[184.124s][info][gc,cpu      ] GC(438) User=0.02s Sys=0.00s Real=0.01s
[184.124s][info][gc,marking  ] GC(438) Concurrent Mark 1082.536ms
[184.124s][info][gc,marking  ] GC(438) Concurrent Rebuild Remembered Sets and Scrub Regions
[184.265s][info][gc,start    ] GC(442) Pause Young (Normal) (G1 Evacuation Pause)
[184.265s][info][gc,task     ] GC(442) Using 2 workers of 2 for evacuation
[184.282s][info][gc,phases   ] GC(442)   Pre Evacuate Collection Set: 0.48ms
[184.282s][info][gc,phases   ] GC(442)   Merge Heap Roots: 0.14ms
[184.282s][info][gc,phases   ] GC(442)   Evacuate Collection Set: 15.28ms
[184.282s][info][gc,phases   ] GC(442)   Post Evacuate Collection Set: 0.32ms
[184.282s][info][gc,phases   ] GC(442)   Other: 0.07ms
[184.282s][info][gc,heap     ] GC(442) Eden regions: 102->0(323)
[184.282s][info][gc,heap     ] GC(442) Survivor regions: 1->13(13)
[184.282s][info][gc,heap     ] GC(442) Old regions: 508->508
[184.282s][info][gc,heap     ] GC(442) Humongous regions: 5->5
[184.282s][info][gc,metaspace] GC(442) Metaspace: 18541K(18752K)->18541K(18752K) NonClass: 15883K(16000K)->15883K(16000K) Class: 2658K(2752K)->2658K(2752K)
[184.282s][info][gc          ] GC(442) Pause Young (Normal) (G1 Evacuation Pause) 615M->525M(978M) 16.522ms
[184.282s][info][gc,cpu      ] GC(442) User=0.04s Sys=0.00s Real=0.02s
[184.444s][info][gc,marking  ] GC(438) Concurrent Rebuild Remembered Sets and Scrub Regions 320.199ms
[184.444s][info][gc,start    ] GC(438) Pause Cleanup
[184.444s][info][gc          ] GC(438) Pause Cleanup 605M->605M(978M) 0.144ms
[184.444s][info][gc,cpu      ] GC(438) User=0.00s Sys=0.00s Real=0.00s
[184.447s][info][gc,marking  ] GC(438) Concurrent Clear Claimed Marks
[184.447s][info][gc,marking  ] GC(438) Concurrent Clear Claimed Marks 0.041ms
[184.447s][info][gc,marking  ] GC(438) Concurrent Cleanup for Next Mark
[184.450s][info][gc,marking  ] GC(438) Concurrent Cleanup for Next Mark 2.901ms
[184.450s][info][gc          ] GC(438) Concurrent Mark Cycle 1429.636ms
[184.719s][info][gc,start    ] GC(443) Pause Young (Prepare Mixed) (G1 Evacuation Pause)
[184.719s][info][gc,task     ] GC(443) Using 2 workers of 2 for evacuation
[184.757s][info][gc,phases   ] GC(443)   Pre Evacuate Collection Set: 0.53ms
[184.757s][info][gc,phases   ] GC(443)   Merge Heap Roots: 0.22ms
[184.757s][info][gc,phases   ] GC(443)   Evacuate Collection Set: 36.55ms
[184.757s][info][gc,phases   ] GC(443)   Post Evacuate Collection Set: 0.57ms
[184.757s][info][gc,phases   ] GC(443)   Other: 0.11ms
[184.757s][info][gc,heap     ] GC(443) Eden regions: 323->0(313)
[184.757s][info][gc,heap     ] GC(443) Survivor regions: 13->36(42)
[184.757s][info][gc,heap     ] GC(443) Old regions: 508->508
[184.757s][info][gc,heap     ] GC(443) Humongous regions: 5->5
[184.757s][info][gc,metaspace] GC(443) Metaspace: 18541K(18752K)->18541K(18752K) NonClass: 15883K(16000K)->15883K(16000K) Class: 2658K(2752K)->2658K(2752K)
[184.758s][info][gc          ] GC(443) Pause Young (Prepare Mixed) (G1 Evacuation Pause) 848M->548M(978M) 38.199ms
[184.758s][info][gc,cpu      ] GC(443) User=0.07s Sys=0.00s Real=0.04s
[185.393s][info][gc,start    ] GC(444) Pause Young (Mixed) (G1 Evacuation Pause)
[185.393s][info][gc,task     ] GC(444) Using 2 workers of 2 for evacuation
[185.434s][info][gc,phases   ] GC(444)   Pre Evacuate Collection Set: 0.37ms
[185.434s][info][gc,phases   ] GC(444)   Merge Heap Roots: 0.32ms
[185.434s][info][gc,phases   ] GC(444)   Evacuate Collection Set: 39.89ms
[185.434s][info][gc,phases   ] GC(444)   Post Evacuate Collection Set: 0.59ms
[185.434s][info][gc,phases   ] GC(444)   Other: 0.08ms
[185.434s][info][gc,heap     ] GC(444) Eden regions: 313->0(383)
[185.434s][info][gc,heap     ] GC(444) Survivor regions: 36->3(44)
[185.434s][info][gc,heap     ] GC(444) Old regions: 508->473
[185.434s][info][gc,heap     ] GC(444) Humongous regions: 5->5
[185.434s][info][gc,metaspace] GC(444) Metaspace: 18541K(18752K)->18541K(18752K) NonClass: 15883K(16000K)->15883K(16000K) Class: 2658K(2752K)->2658K(2752K)
[185.434s][info][gc          ] GC(444) Pause Young (Mixed) (G1 Evacuation Pause) 861M->480M(978M) 41.512ms
[185.435s][info][gc,cpu      ] GC(444) User=0.08s Sys=0.00s Real=0.04s
[185.956s][info][gc,start    ] GC(445) Pause Young (Concurrent Start) (G1 Evacuation Pause)
[185.956s][info][gc,task     ] GC(445) Using 2 workers of 2 for evacuation
[186.027s][info][gc,phases   ] GC(445)   Pre Evacuate Collection Set: 0.32ms
[186.027s][info][gc,phases   ] GC(445)   Merge Heap Roots: 0.31ms
[186.027s][info][gc,phases   ] GC(445)   Evacuate Collection Set: 69.78ms
[186.027s][info][gc,phases   ] GC(445)   Post Evacuate Collection Set: 0.72ms
[186.027s][info][gc,phases   ] GC(445)   Other: 0.22ms
[186.027s][info][gc,heap     ] GC(445) Eden regions: 383->0(304)
[186.027s][info][gc,heap     ] GC(445) Survivor regions: 3->49(49)
[186.027s][info][gc,heap     ] GC(445) Old regions: 473->494
[186.027s][info][gc,heap     ] GC(445) Humongous regions: 5->5
[186.027s][info][gc,metaspace] GC(445) Metaspace: 18555K(18752K)->18555K(18752K) NonClass: 15897K(16000K)->15897K(16000K) Class: 2658K(2752K)->2658K(2752K)
[186.027s][info][gc          ] GC(445) Pause Young (Concurrent Start) (G1 Evacuation Pause) 863M->547M(978M) 71.560ms
[186.027s][info][gc,cpu      ] GC(445) User=0.14s Sys=0.00s Real=0.08s
[186.027s][info][gc          ] GC(446) Concurrent Mark Cycle
[186.030s][info][gc,marking  ] GC(446) Concurrent Scan Root Regions
[186.094s][info][gc,marking  ] GC(446) Concurrent Scan Root Regions 64.329ms
[186.094s][info][gc,marking  ] GC(446) Concurrent Mark
[186.094s][info][gc,marking  ] GC(446) Concurrent Mark From Roots
[186.094s][info][gc,task     ] GC(446) Using 1 workers of 1 for marking
[186.830s][info][gc,marking  ] GC(446) Concurrent Mark From Roots 735.999ms
[186.830s][info][gc,marking  ] GC(446) Concurrent Preclean
[186.830s][info][gc,marking  ] GC(446) Concurrent Preclean 0.033ms
[186.831s][info][gc,start    ] GC(446) Pause Remark
[186.838s][info][gc          ] GC(446) Pause Remark 846M->701M(978M) 7.106ms
[186.838s][info][gc,cpu      ] GC(446) User=0.01s Sys=0.00s Real=0.01s
[186.840s][info][gc,marking  ] GC(446) Concurrent Mark 745.604ms
[186.840s][info][gc,marking  ] GC(446) Concurrent Rebuild Remembered Sets and Scrub Regions
[186.862s][info][gc,start    ] GC(447) Pause Young (Normal) (G1 Evacuation Pause)
[186.862s][info][gc,task     ] GC(447) Using 2 workers of 2 for evacuation
[186.955s][info][gc,phases   ] GC(447)   Pre Evacuate Collection Set: 0.45ms
[186.955s][info][gc,phases   ] GC(447)   Merge Heap Roots: 0.57ms
[186.955s][info][gc,phases   ] GC(447)   Evacuate Collection Set: 91.48ms
[186.955s][info][gc,phases   ] GC(447)   Post Evacuate Collection Set: 0.68ms
[186.955s][info][gc,phases   ] GC(447)   Other: 0.08ms
[186.955s][info][gc,heap     ] GC(447) Eden regions: 304->0(412)
[186.955s][info][gc,heap     ] GC(447) Survivor regions: 49->18(45)
[186.955s][info][gc,heap     ] GC(447) Old regions: 351->400
[186.955s][info][gc,heap     ] GC(447) Humongous regions: 6->6
[186.955s][info][gc,metaspace] GC(447) Metaspace: 18555K(18752K)->18555K(18752K) NonClass: 15897K(16000K)->15897K(16000K) Class: 2658K(2752K)->2658K(2752K)
[186.955s][info][gc          ] GC(447) Pause Young (Normal) (G1 Evacuation Pause) 709M->423M(978M) 93.449ms
[186.955s][info][gc,cpu      ] GC(447) User=0.19s Sys=0.00s Real=0.09s
[187.255s][info][gc,marking  ] GC(446) Concurrent Rebuild Remembered Sets and Scrub Regions 415.138ms
[187.255s][info][gc,start    ] GC(446) Pause Cleanup
[187.255s][info][gc          ] GC(446) Pause Cleanup 528M->528M(978M) 0.092ms
[187.255s][info][gc,cpu      ] GC(446) User=0.00s Sys=0.00s Real=0.00s
[187.258s][info][gc,marking  ] GC(446) Concurrent Clear Claimed Marks
[187.258s][info][gc,marking  ] GC(446) Concurrent Clear Claimed Marks 0.055ms
[187.258s][info][gc,marking  ] GC(446) Concurrent Cleanup for Next Mark
[187.264s][info][gc,marking  ] GC(446) Concurrent Cleanup for Next Mark 5.868ms
[187.264s][info][gc          ] GC(446) Concurrent Mark Cycle 1236.725ms
[187.551s][info][gc,start    ] GC(448) Pause Young (Prepare Mixed) (G1 Evacuation Pause)
[187.551s][info][gc,task     ] GC(448) Using 2 workers of 2 for evacuation
[187.647s][info][gc,phases   ] GC(448)   Pre Evacuate Collection Set: 0.52ms
[187.648s][info][gc,phases   ] GC(448)   Merge Heap Roots: 0.44ms
[187.648s][info][gc,phases   ] GC(448)   Evacuate Collection Set: 94.73ms
[187.648s][info][gc,phases   ] GC(448)   Post Evacuate Collection Set: 0.91ms
[187.648s][info][gc,phases   ] GC(448)   Other: 0.09ms
[187.648s][info][gc,heap     ] GC(448) Eden regions: 412->0(335)
[187.648s][info][gc,heap     ] GC(448) Survivor regions: 18->54(54)
[187.648s][info][gc,heap     ] GC(448) Old regions: 400->433
[187.648s][info][gc,heap     ] GC(448) Humongous regions: 6->6
[187.648s][info][gc,metaspace] GC(448) Metaspace: 18555K(18752K)->18555K(18752K) NonClass: 15897K(16000K)->15897K(16000K) Class: 2658K(2752K)->2658K(2752K)
[187.648s][info][gc          ] GC(448) Pause Young (Prepare Mixed) (G1 Evacuation Pause) 835M->492M(978M) 96.924ms
[187.648s][info][gc,cpu      ] GC(448) User=0.19s Sys=0.00s Real=0.10s
[188.089s][info][gc,start    ] GC(449) Pause Young (Mixed) (G1 Evacuation Pause)
[188.089s][info][gc,task     ] GC(449) Using 2 workers of 2 for evacuation
[188.195s][info][gc,phases   ] GC(449)   Pre Evacuate Collection Set: 0.53ms
[188.195s][info][gc,phases   ] GC(449)   Merge Heap Roots: 1.07ms
[188.195s][info][gc,phases   ] GC(449)   Evacuate Collection Set: 103.38ms
[188.195s][info][gc,phases   ] GC(449)   Post Evacuate Collection Set: 0.80ms
[188.195s][info][gc,phases   ] GC(449)   Other: 0.09ms
[188.195s][info][gc,heap     ] GC(449) Eden regions: 335->0(281)
[188.195s][info][gc,heap     ] GC(449) Survivor regions: 54->17(49)
[188.195s][info][gc,heap     ] GC(449) Old regions: 433->471
[188.195s][info][gc,heap     ] GC(449) Humongous regions: 9->9
[188.195s][info][gc,metaspace] GC(449) Metaspace: 18557K(18752K)->18557K(18752K) NonClass: 15899K(16000K)->15899K(16000K) Class: 2658K(2752K)->2658K(2752K)
[188.195s][info][gc          ] GC(449) Pause Young (Mixed) (G1 Evacuation Pause) 830M->497M(978M) 106.133ms
[188.195s][info][gc,cpu      ] GC(449) User=0.21s Sys=0.00s Real=0.10s
[188.717s][info][gc,start    ] GC(450) Pause Young (Mixed) (G1 Evacuation Pause)
[188.717s][info][gc,task     ] GC(450) Using 2 workers of 2 for evacuation
[188.821s][info][gc,phases   ] GC(450)   Pre Evacuate Collection Set: 0.31ms
[188.821s][info][gc,phases   ] GC(450)   Merge Heap Roots: 0.69ms
[188.821s][info][gc,phases   ] GC(450)   Evacuate Collection Set: 102.80ms
[188.821s][info][gc,phases   ] GC(450)   Post Evacuate Collection Set: 0.65ms
[188.821s][info][gc,phases   ] GC(450)   Other: 0.08ms
[188.821s][info][gc,heap     ] GC(450) Eden regions: 347->0(373)
[188.821s][info][gc,heap     ] GC(450) Survivor regions: 17->17(46)
[188.821s][info][gc,heap     ] GC(450) Old regions: 471->470
[188.822s][info][gc,heap     ] GC(450) Humongous regions: 9->9
[188.822s][info][gc,metaspace] GC(450) Metaspace: 18557K(18752K)->18557K(18752K) NonClass: 15899K(16000K)->15899K(16000K) Class: 2658K(2752K)->2658K(2752K)
[188.822s][info][gc          ] GC(450) Pause Young (Mixed) (G1 Evacuation Pause) 844M->496M(978M) 104.781ms
[188.822s][info][gc,cpu      ] GC(450) User=0.20s Sys=0.00s Real=0.11s
[189.306s][info][gc,start    ] GC(451) Pause Young (Concurrent Start) (G1 Evacuation Pause)
[189.306s][info][gc,task     ] GC(451) Using 2 workers of 2 for evacuation
[189.362s][info][gc,phases   ] GC(451)   Pre Evacuate Collection Set: 0.35ms
[189.362s][info][gc,phases   ] GC(451)   Merge Heap Roots: 0.35ms
[189.362s][info][gc,phases   ] GC(451)   Evacuate Collection Set: 55.02ms
[189.362s][info][gc,phases   ] GC(451)   Post Evacuate Collection Set: 0.70ms
[189.362s][info][gc,phases   ] GC(451)   Other: 0.12ms
[189.363s][info][gc,heap     ] GC(451) Eden regions: 373->0(359)
[189.363s][info][gc,heap     ] GC(451) Survivor regions: 17->39(49)
[189.363s][info][gc,heap     ] GC(451) Old regions: 470->470
[189.363s][info][gc,heap     ] GC(451) Humongous regions: 9->9
[189.363s][info][gc,metaspace] GC(451) Metaspace: 18557K(18752K)->18557K(18752K) NonClass: 15899K(16000K)->15899K(16000K) Class: 2658K(2752K)->2658K(2752K)
[189.363s][info][gc          ] GC(451) Pause Young (Concurrent Start) (G1 Evacuation Pause) 869M->518M(978M) 56.793ms
[189.363s][info][gc          ] GC(452) Concurrent Mark Cycle
[189.363s][info][gc,marking  ] GC(452) Concurrent Scan Root Regions
[189.363s][info][gc,cpu      ] GC(451) User=0.11s Sys=0.01s Real=0.06s
[189.467s][info][gc,marking  ] GC(452) Concurrent Scan Root Regions 104.699ms
[189.467s][info][gc,marking  ] GC(452) Concurrent Mark
[189.467s][info][gc,marking  ] GC(452) Concurrent Mark From Roots
[189.467s][info][gc,task     ] GC(452) Using 1 workers of 1 for marking
[190.032s][info][gc,start    ] GC(453) Pause Young (Normal) (G1 Evacuation Pause)
[190.032s][info][gc,task     ] GC(453) Using 2 workers of 2 for evacuation
[190.105s][info][gc,phases   ] GC(453)   Pre Evacuate Collection Set: 0.32ms
[190.105s][info][gc,phases   ] GC(453)   Merge Heap Roots: 0.36ms
[190.105s][info][gc,phases   ] GC(453)   Evacuate Collection Set: 72.04ms
[190.106s][info][gc,phases   ] GC(453)   Post Evacuate Collection Set: 0.59ms
[190.106s][info][gc,phases   ] GC(453)   Other: 0.11ms
[190.106s][info][gc,heap     ] GC(453) Eden regions: 359->0(351)
[190.106s][info][gc,heap     ] GC(453) Survivor regions: 39->40(50)
[190.106s][info][gc,heap     ] GC(453) Old regions: 470->487
[190.106s][info][gc,heap     ] GC(453) Humongous regions: 9->9
[190.106s][info][gc,metaspace] GC(453) Metaspace: 18557K(18752K)->18557K(18752K) NonClass: 15899K(16000K)->15899K(16000K) Class: 2658K(2752K)->2658K(2752K)
[190.106s][info][gc          ] GC(453) Pause Young (Normal) (G1 Evacuation Pause) 877M->535M(978M) 73.710ms
[190.106s][info][gc,cpu      ] GC(453) User=0.14s Sys=0.00s Real=0.07s
[190.702s][info][gc,marking  ] GC(452) Concurrent Mark From Roots 1235.062ms
[190.703s][info][gc,marking  ] GC(452) Concurrent Preclean
[190.703s][info][gc,marking  ] GC(452) Concurrent Preclean 0.027ms
[190.703s][info][gc,start    ] GC(452) Pause Remark
[190.710s][info][gc          ] GC(452) Pause Remark 855M->853M(978M) 7.031ms
[190.710s][info][gc,cpu      ] GC(452) User=0.01s Sys=0.00s Real=0.01s
[190.710s][info][gc,marking  ] GC(452) Concurrent Mark 1242.446ms
[190.710s][info][gc,marking  ] GC(452) Concurrent Rebuild Remembered Sets and Scrub Regions
[190.823s][info][gc,start    ] GC(454) Pause Young (Normal) (G1 Evacuation Pause)
[190.823s][info][gc,task     ] GC(454) Using 2 workers of 2 for evacuation
[190.889s][info][gc,phases   ] GC(454)   Pre Evacuate Collection Set: 0.31ms
[190.889s][info][gc,phases   ] GC(454)   Merge Heap Roots: 0.28ms
[190.889s][info][gc,phases   ] GC(454)   Evacuate Collection Set: 63.97ms
[190.889s][info][gc,phases   ] GC(454)   Post Evacuate Collection Set: 0.76ms
[190.889s][info][gc,phases   ] GC(454)   Other: 0.11ms
[190.889s][info][gc,heap     ] GC(454) Eden regions: 351->0(330)
[190.889s][info][gc,heap     ] GC(454) Survivor regions: 40->41(49)
[190.889s][info][gc,heap     ] GC(454) Old regions: 487->509
[190.889s][info][gc,heap     ] GC(454) Humongous regions: 7->7
[190.889s][info][gc,metaspace] GC(454) Metaspace: 18557K(18752K)->18557K(18752K) NonClass: 15899K(16000K)->15899K(16000K) Class: 2658K(2752K)->2658K(2752K)
[190.889s][info][gc          ] GC(454) Pause Young (Normal) (G1 Evacuation Pause) 884M->557M(978M) 65.674ms
[190.889s][info][gc,cpu      ] GC(454) User=0.13s Sys=0.00s Real=0.07s
[191.248s][info][gc,marking  ] GC(452) Concurrent Rebuild Remembered Sets and Scrub Regions 537.928ms
[191.248s][info][gc,start    ] GC(452) Pause Cleanup
[191.248s][info][gc          ] GC(452) Pause Cleanup 660M->660M(978M) 0.118ms
[191.248s][info][gc,cpu      ] GC(452) User=0.00s Sys=0.00s Real=0.00s
[191.249s][info][gc,marking  ] GC(452) Concurrent Clear Claimed Marks
[191.249s][info][gc,marking  ] GC(452) Concurrent Clear Claimed Marks 0.046ms
[191.249s][info][gc,marking  ] GC(452) Concurrent Cleanup for Next Mark
[191.255s][info][gc,marking  ] GC(452) Concurrent Cleanup for Next Mark 5.939ms
[191.255s][info][gc          ] GC(452) Concurrent Mark Cycle 1892.473ms
[191.508s][info][gc,start    ] GC(455) Pause Young (Prepare Mixed) (G1 Evacuation Pause)
[191.508s][info][gc,task     ] GC(455) Using 2 workers of 2 for evacuation
[191.595s][info][gc,phases   ] GC(455)   Pre Evacuate Collection Set: 0.29ms
[191.596s][info][gc,phases   ] GC(455)   Merge Heap Roots: 0.53ms
[191.596s][info][gc,phases   ] GC(455)   Evacuate Collection Set: 85.61ms
[191.596s][info][gc,phases   ] GC(455)   Post Evacuate Collection Set: 0.91ms
[191.596s][info][gc,phases   ] GC(455)   Other: 0.10ms
[191.596s][info][gc,heap     ] GC(455) Eden regions: 330->0(289)
[191.596s][info][gc,heap     ] GC(455) Survivor regions: 41->47(47)
[191.596s][info][gc,heap     ] GC(455) Old regions: 509->538
[191.596s][info][gc,heap     ] GC(455) Humongous regions: 7->7
[191.596s][info][gc,metaspace] GC(455) Metaspace: 18557K(18752K)->18557K(18752K) NonClass: 15899K(16000K)->15899K(16000K) Class: 2658K(2752K)->2658K(2752K)
[191.596s][info][gc          ] GC(455) Pause Young (Prepare Mixed) (G1 Evacuation Pause) 887M->591M(978M) 87.727ms
[191.596s][info][gc,cpu      ] GC(455) User=0.17s Sys=0.00s Real=0.08s
[191.922s][info][gc,start    ] GC(456) Pause Young (Mixed) (G1 Evacuation Pause)
[191.922s][info][gc,task     ] GC(456) Using 2 workers of 2 for evacuation
[192.008s][info][gc,phases   ] GC(456)   Pre Evacuate Collection Set: 0.34ms
[192.008s][info][gc,phases   ] GC(456)   Merge Heap Roots: 0.70ms
[192.008s][info][gc,phases   ] GC(456)   Evacuate Collection Set: 84.23ms
[192.008s][info][gc,phases   ] GC(456)   Post Evacuate Collection Set: 1.08ms
[192.008s][info][gc,phases   ] GC(456)   Other: 0.10ms
[192.008s][info][gc,heap     ] GC(456) Eden regions: 289->0(311)
[192.008s][info][gc,heap     ] GC(456) Survivor regions: 47->6(42)
[192.008s][info][gc,heap     ] GC(456) Old regions: 538->577
[192.008s][info][gc,heap     ] GC(456) Humongous regions: 7->7
[192.008s][info][gc,metaspace] GC(456) Metaspace: 18561K(18752K)->18561K(18752K) NonClass: 15903K(16000K)->15903K(16000K) Class: 2658K(2752K)->2658K(2752K)
[192.008s][info][gc          ] GC(456) Pause Young (Mixed) (G1 Evacuation Pause) 880M->589M(978M) 86.710ms
[192.008s][info][gc,cpu      ] GC(456) User=0.17s Sys=0.00s Real=0.09s
[192.413s][info][gc,start    ] GC(457) Pause Young (Mixed) (G1 Evacuation Pause)
[192.413s][info][gc,task     ] GC(457) Using 2 workers of 2 for evacuation
[192.572s][info][gc,phases   ] GC(457)   Pre Evacuate Collection Set: 0.52ms
[192.572s][info][gc,phases   ] GC(457)   Merge Heap Roots: 0.72ms
[192.572s][info][gc,phases   ] GC(457)   Evacuate Collection Set: 157.54ms
[192.572s][info][gc,phases   ] GC(457)   Post Evacuate Collection Set: 0.51ms
[192.573s][info][gc,phases   ] GC(457)   Other: 0.08ms
[192.573s][info][gc,heap     ] GC(457) Eden regions: 253->0(288)
[192.573s][info][gc,heap     ] GC(457) Survivor regions: 6->28(33)
[192.573s][info][gc,heap     ] GC(457) Old regions: 577->577
[192.573s][info][gc,heap     ] GC(457) Humongous regions: 7->7
[192.573s][info][gc,metaspace] GC(457) Metaspace: 18561K(18752K)->18561K(18752K) NonClass: 15903K(16000K)->15903K(16000K) Class: 2658K(2752K)->2658K(2752K)
[192.573s][info][gc          ] GC(457) Pause Young (Mixed) (G1 Evacuation Pause) 842M->611M(978M) 159.605ms
[192.573s][info][gc,cpu      ] GC(457) User=0.32s Sys=0.00s Real=0.16s
[193.331s][info][gc,start    ] GC(458) Pause Young (Concurrent Start) (G1 Evacuation Pause)
[193.331s][info][gc,task     ] GC(458) Using 2 workers of 2 for evacuation
[193.360s][info][gc,phases   ] GC(458)   Pre Evacuate Collection Set: 0.35ms
[193.360s][info][gc,phases   ] GC(458)   Merge Heap Roots: 0.21ms
[193.360s][info][gc,phases   ] GC(458)   Evacuate Collection Set: 28.24ms
[193.360s][info][gc,phases   ] GC(458)   Post Evacuate Collection Set: 0.49ms
[193.360s][info][gc,phases   ] GC(458)   Other: 0.12ms
[193.360s][info][gc,heap     ] GC(458) Eden regions: 288->0(302)
[193.360s][info][gc,heap     ] GC(458) Survivor regions: 28->1(40)
[193.360s][info][gc,heap     ] GC(458) Old regions: 577->605
[193.360s][info][gc,heap     ] GC(458) Humongous regions: 7->7
[193.360s][info][gc,metaspace] GC(458) Metaspace: 18562K(18752K)->18562K(18752K) NonClass: 15904K(16000K)->15904K(16000K) Class: 2658K(2752K)->2658K(2752K)
[193.361s][info][gc          ] GC(458) Pause Young (Concurrent Start) (G1 Evacuation Pause) 899M->612M(978M) 29.666ms
[193.361s][info][gc          ] GC(459) Concurrent Mark Cycle
[193.361s][info][gc,marking  ] GC(459) Concurrent Scan Root Regions
[193.363s][info][gc,cpu      ] GC(458) User=0.06s Sys=0.00s Real=0.03s
[193.413s][info][gc,marking  ] GC(459) Concurrent Scan Root Regions 52.051ms
[193.413s][info][gc,marking  ] GC(459) Concurrent Mark
[193.413s][info][gc,marking  ] GC(459) Concurrent Mark From Roots
[193.413s][info][gc,task     ] GC(459) Using 1 workers of 1 for marking
[194.383s][info][gc,start    ] GC(460) Pause Young (Normal) (G1 Evacuation Pause)
[194.383s][info][gc,task     ] GC(460) Using 2 workers of 2 for evacuation
[194.387s][info][gc,phases   ] GC(460)   Pre Evacuate Collection Set: 0.54ms
[194.387s][info][gc,phases   ] GC(460)   Merge Heap Roots: 0.13ms
[194.387s][info][gc,phases   ] GC(460)   Evacuate Collection Set: 3.25ms
[194.387s][info][gc,phases   ] GC(460)   Post Evacuate Collection Set: 0.48ms
[194.387s][info][gc,phases   ] GC(460)   Other: 0.11ms
[194.387s][info][gc,heap     ] GC(460) Eden regions: 302->0(310)
[194.387s][info][gc,heap     ] GC(460) Survivor regions: 1->3(38)
[194.387s][info][gc,heap     ] GC(460) Old regions: 605->605
[194.387s][info][gc,heap     ] GC(460) Humongous regions: 7->7
[194.387s][info][gc,metaspace] GC(460) Metaspace: 18562K(18752K)->18562K(18752K) NonClass: 15904K(16000K)->15904K(16000K) Class: 2658K(2752K)->2658K(2752K)
[194.387s][info][gc          ] GC(460) Pause Young (Normal) (G1 Evacuation Pause) 914M->614M(978M) 4.738ms
[194.387s][info][gc,cpu      ] GC(460) User=0.01s Sys=0.00s Real=0.01s
[195.079s][info][gc,start    ] GC(461) Pause Young (Normal) (G1 Evacuation Pause)
[195.079s][info][gc,task     ] GC(461) Using 2 workers of 2 for evacuation
[195.148s][info][gc,phases   ] GC(461)   Pre Evacuate Collection Set: 0.29ms
[195.149s][info][gc,phases   ] GC(461)   Merge Heap Roots: 0.13ms
[195.149s][info][gc,phases   ] GC(461)   Evacuate Collection Set: 62.79ms
[195.149s][info][gc,phases   ] GC(461)   Post Evacuate Collection Set: 5.97ms
[195.149s][info][gc,phases   ] GC(461)   Other: 0.10ms
[195.149s][info][gc,heap     ] GC(461) Eden regions: 310->0(141)
[195.149s][info][gc,heap     ] GC(461) Survivor regions: 3->40(40)
[195.149s][info][gc,heap     ] GC(461) Old regions: 605->700
[195.149s][info][gc,heap     ] GC(461) Humongous regions: 7->7
[195.149s][info][gc,metaspace] GC(461) Metaspace: 18562K(18752K)->18562K(18752K) NonClass: 15904K(16000K)->15904K(16000K) Class: 2658K(2752K)->2658K(2752K)
[195.149s][info][gc          ] GC(461) Pause Young (Normal) (G1 Evacuation Pause) (Evacuation Failure: Allocation) 924M->747M(978M) 69.578ms
[195.149s][info][gc,cpu      ] GC(461) User=0.14s Sys=0.00s Real=0.07s
[195.246s][info][gc,marking  ] GC(459) Concurrent Mark From Roots 1833.294ms
[195.246s][info][gc,marking  ] GC(459) Concurrent Preclean
[195.246s][info][gc,marking  ] GC(459) Concurrent Preclean 0.031ms
[195.246s][info][gc,start    ] GC(459) Pause Remark
[195.254s][info][gc          ] GC(459) Pause Remark 836M->836M(978M) 8.280ms
[195.255s][info][gc,cpu      ] GC(459) User=0.01s Sys=0.00s Real=0.01s
[195.257s][info][gc,marking  ] GC(459) Concurrent Mark 1844.269ms
[195.257s][info][gc,marking  ] GC(459) Concurrent Rebuild Remembered Sets and Scrub Regions
[195.382s][info][gc,start    ] GC(462) Pause Young (Normal) (G1 Evacuation Pause)
[195.382s][info][gc,task     ] GC(462) Using 2 workers of 2 for evacuation
[195.447s][info][gc,phases   ] GC(462)   Pre Evacuate Collection Set: 0.32ms
[195.447s][info][gc,phases   ] GC(462)   Merge Heap Roots: 0.33ms
[195.447s][info][gc,phases   ] GC(462)   Evacuate Collection Set: 64.03ms
[195.447s][info][gc,phases   ] GC(462)   Post Evacuate Collection Set: 0.60ms
[195.447s][info][gc,phases   ] GC(462)   Other: 0.07ms
[195.447s][info][gc,heap     ] GC(462) Eden regions: 141->0(222)
[195.447s][info][gc,heap     ] GC(462) Survivor regions: 40->8(23)
[195.447s][info][gc,heap     ] GC(462) Old regions: 700->675
[195.447s][info][gc,heap     ] GC(462) Humongous regions: 8->8
[195.447s][info][gc,metaspace] GC(462) Metaspace: 18569K(18752K)->18569K(18752K) NonClass: 15911K(16000K)->15911K(16000K) Class: 2658K(2752K)->2658K(2752K)
[195.447s][info][gc          ] GC(462) Pause Young (Normal) (G1 Evacuation Pause) 889M->691M(978M) 65.599ms
[195.447s][info][gc,cpu      ] GC(462) User=0.13s Sys=0.00s Real=0.07s
[195.964s][info][gc,start    ] GC(463) Pause Young (Normal) (G1 Evacuation Pause)
[195.964s][info][gc,task     ] GC(463) Using 2 workers of 2 for evacuation
[196.000s][info][gc,phases   ] GC(463)   Pre Evacuate Collection Set: 0.28ms
[196.000s][info][gc,phases   ] GC(463)   Merge Heap Roots: 0.34ms
[196.000s][info][gc,phases   ] GC(463)   Evacuate Collection Set: 34.98ms
[196.000s][info][gc,phases   ] GC(463)   Post Evacuate Collection Set: 0.53ms
[196.000s][info][gc,phases   ] GC(463)   Other: 0.11ms
[196.000s][info][gc,heap     ] GC(463) Eden regions: 222->0(201)
[196.000s][info][gc,heap     ] GC(463) Survivor regions: 8->21(29)
[196.000s][info][gc,heap     ] GC(463) Old regions: 675->675
[196.000s][info][gc,heap     ] GC(463) Humongous regions: 10->10
[196.000s][info][gc,metaspace] GC(463) Metaspace: 18569K(18752K)->18569K(18752K) NonClass: 15911K(16000K)->15911K(16000K) Class: 2658K(2752K)->2658K(2752K)
[196.000s][info][gc          ] GC(463) Pause Young (Normal) (G1 Evacuation Pause) 915M->705M(978M) 36.518ms
[196.000s][info][gc,cpu      ] GC(463) User=0.07s Sys=0.00s Real=0.04s
[196.106s][info][gc,marking  ] GC(459) Concurrent Rebuild Remembered Sets and Scrub Regions 849.295ms
[196.106s][info][gc,start    ] GC(459) Pause Cleanup
[196.107s][info][gc          ] GC(459) Pause Cleanup 743M->743M(978M) 0.106ms
[196.107s][info][gc,cpu      ] GC(459) User=0.00s Sys=0.00s Real=0.00s
[196.109s][info][gc,marking  ] GC(459) Concurrent Clear Claimed Marks
[196.109s][info][gc,marking  ] GC(459) Concurrent Clear Claimed Marks 0.048ms
[196.109s][info][gc,marking  ] GC(459) Concurrent Cleanup for Next Mark
[196.112s][info][gc,marking  ] GC(459) Concurrent Cleanup for Next Mark 2.901ms
[196.112s][info][gc          ] GC(459) Concurrent Mark Cycle 2751.445ms
[196.227s][info][gc,start    ] GC(464) Pause Young (Prepare Mixed) (G1 Evacuation Pause)
[196.227s][info][gc,task     ] GC(464) Using 2 workers of 2 for evacuation
[196.305s][info][gc,phases   ] GC(464)   Pre Evacuate Collection Set: 0.48ms
[196.305s][info][gc,phases   ] GC(464)   Merge Heap Roots: 0.57ms
[196.305s][info][gc,phases   ] GC(464)   Evacuate Collection Set: 76.39ms
[196.305s][info][gc,phases   ] GC(464)   Post Evacuate Collection Set: 0.70ms
[196.305s][info][gc,phases   ] GC(464)   Other: 0.09ms
[196.305s][info][gc,heap     ] GC(464) Eden regions: 201->0(144)
[196.305s][info][gc,heap     ] GC(464) Survivor regions: 21->28(28)
[196.305s][info][gc,heap     ] GC(464) Old regions: 675->718
[196.305s][info][gc,heap     ] GC(464) Humongous regions: 10->10
[196.305s][info][gc,metaspace] GC(464) Metaspace: 18569K(18752K)->18569K(18752K) NonClass: 15911K(16000K)->15911K(16000K) Class: 2658K(2752K)->2658K(2752K)
[196.305s][info][gc          ] GC(464) Pause Young (Prepare Mixed) (G1 Evacuation Pause) 906M->755M(978M) 78.425ms
[196.305s][info][gc,cpu      ] GC(464) User=0.15s Sys=0.00s Real=0.07s
[196.467s][info][gc,start    ] GC(465) Pause Young (Mixed) (G1 Evacuation Pause)
[196.467s][info][gc,task     ] GC(465) Using 2 workers of 2 for evacuation
[196.542s][info][gc,phases   ] GC(465)   Pre Evacuate Collection Set: 0.29ms
[196.542s][info][gc,phases   ] GC(465)   Merge Heap Roots: 0.75ms
[196.542s][info][gc,phases   ] GC(465)   Evacuate Collection Set: 73.25ms
[196.542s][info][gc,phases   ] GC(465)   Post Evacuate Collection Set: 0.50ms
[196.542s][info][gc,phases   ] GC(465)   Other: 0.07ms
[196.542s][info][gc,heap     ] GC(465) Eden regions: 144->0(133)
[196.542s][info][gc,heap     ] GC(465) Survivor regions: 28->22(22)
[196.542s][info][gc,heap     ] GC(465) Old regions: 718->741
[196.542s][info][gc,heap     ] GC(465) Humongous regions: 10->10
[196.542s][info][gc,metaspace] GC(465) Metaspace: 18569K(18752K)->18569K(18752K) NonClass: 15911K(16000K)->15911K(16000K) Class: 2658K(2752K)->2658K(2752K)
[196.542s][info][gc          ] GC(465) Pause Young (Mixed) (G1 Evacuation Pause) 899M->772M(978M) 75.101ms
[196.542s][info][gc,cpu      ] GC(465) User=0.14s Sys=0.00s Real=0.08s
[196.686s][info][gc,start    ] GC(466) Pause Young (Concurrent Start) (G1 Evacuation Pause)
[196.686s][info][gc,task     ] GC(466) Using 2 workers of 2 for evacuation
[196.707s][info][gc,phases   ] GC(466)   Pre Evacuate Collection Set: 0.35ms
[196.707s][info][gc,phases   ] GC(466)   Merge Heap Roots: 0.15ms
[196.707s][info][gc,phases   ] GC(466)   Evacuate Collection Set: 19.16ms
[196.707s][info][gc,phases   ] GC(466)   Post Evacuate Collection Set: 0.36ms
[196.707s][info][gc,phases   ] GC(466)   Other: 0.19ms
[196.707s][info][gc,heap     ] GC(466) Eden regions: 133->0(146)
[196.707s][info][gc,heap     ] GC(466) Survivor regions: 22->1(20)
[196.707s][info][gc,heap     ] GC(466) Old regions: 741->763
[196.707s][info][gc,heap     ] GC(466) Humongous regions: 10->10
[196.707s][info][gc,metaspace] GC(466) Metaspace: 18569K(18752K)->18569K(18752K) NonClass: 15911K(16000K)->15911K(16000K) Class: 2658K(2752K)->2658K(2752K)
[196.707s][info][gc          ] GC(466) Pause Young (Concurrent Start) (G1 Evacuation Pause) 905M->774M(978M) 20.408ms
[196.707s][info][gc,cpu      ] GC(466) User=0.04s Sys=0.00s Real=0.02s
[196.707s][info][gc          ] GC(467) Concurrent Mark Cycle
[196.708s][info][gc,marking  ] GC(467) Concurrent Scan Root Regions
[196.729s][info][gc,marking  ] GC(467) Concurrent Scan Root Regions 20.583ms
[196.729s][info][gc,marking  ] GC(467) Concurrent Mark
[196.729s][info][gc,marking  ] GC(467) Concurrent Mark From Roots
[196.729s][info][gc,task     ] GC(467) Using 1 workers of 1 for marking
[196.960s][info][gc,start    ] GC(468) Pause Young (Normal) (G1 Evacuation Pause)
[196.960s][info][gc,task     ] GC(468) Using 2 workers of 2 for evacuation
[196.962s][info][gc,phases   ] GC(468)   Pre Evacuate Collection Set: 0.50ms
[196.963s][info][gc,phases   ] GC(468)   Merge Heap Roots: 0.08ms
[196.963s][info][gc,phases   ] GC(468)   Evacuate Collection Set: 1.08ms
[196.963s][info][gc,phases   ] GC(468)   Post Evacuate Collection Set: 0.30ms
[196.963s][info][gc,phases   ] GC(468)   Other: 0.07ms
[196.963s][info][gc,heap     ] GC(468) Eden regions: 146->0(153)
[196.963s][info][gc,heap     ] GC(468) Survivor regions: 1->1(19)
[196.963s][info][gc,heap     ] GC(468) Old regions: 763->763
[196.963s][info][gc,heap     ] GC(468) Humongous regions: 10->10
[196.963s][info][gc,metaspace] GC(468) Metaspace: 18569K(18752K)->18569K(18752K) NonClass: 15911K(16000K)->15911K(16000K) Class: 2658K(2752K)->2658K(2752K)
[196.963s][info][gc          ] GC(468) Pause Young (Normal) (G1 Evacuation Pause) 920M->774M(978M) 2.237ms
[196.963s][info][gc,cpu      ] GC(468) User=0.00s Sys=0.00s Real=0.00s
[197.260s][info][gc,start    ] GC(469) Pause Young (Normal) (G1 Evacuation Pause)
[197.260s][info][gc,task     ] GC(469) Using 2 workers of 2 for evacuation
[197.262s][info][gc,phases   ] GC(469)   Pre Evacuate Collection Set: 0.28ms
[197.262s][info][gc,phases   ] GC(469)   Merge Heap Roots: 0.09ms
[197.262s][info][gc,phases   ] GC(469)   Evacuate Collection Set: 1.10ms
[197.262s][info][gc,phases   ] GC(469)   Post Evacuate Collection Set: 0.32ms
[197.262s][info][gc,phases   ] GC(469)   Other: 0.09ms
[197.262s][info][gc,heap     ] GC(469) Eden regions: 153->0(153)
[197.262s][info][gc,heap     ] GC(469) Survivor regions: 1->1(20)
[197.262s][info][gc,heap     ] GC(469) Old regions: 763->763
[197.262s][info][gc,heap     ] GC(469) Humongous regions: 10->10
[197.262s][info][gc,metaspace] GC(469) Metaspace: 18569K(18752K)->18569K(18752K) NonClass: 15911K(16000K)->15911K(16000K) Class: 2658K(2752K)->2658K(2752K)
[197.262s][info][gc          ] GC(469) Pause Young (Normal) (G1 Evacuation Pause) 927M->773M(978M) 2.126ms
[197.262s][info][gc,cpu      ] GC(469) User=0.00s Sys=0.00s Real=0.00s
[197.521s][info][gc,start    ] GC(470) Pause Young (Normal) (G1 Evacuation Pause)
[197.521s][info][gc,task     ] GC(470) Using 2 workers of 2 for evacuation
[197.526s][info][gc,phases   ] GC(470)   Pre Evacuate Collection Set: 0.49ms
[197.526s][info][gc,phases   ] GC(470)   Merge Heap Roots: 0.08ms
[197.526s][info][gc,phases   ] GC(470)   Evacuate Collection Set: 3.53ms
[197.526s][info][gc,phases   ] GC(470)   Post Evacuate Collection Set: 0.41ms
[197.526s][info][gc,phases   ] GC(470)   Other: 0.09ms
[197.526s][info][gc,heap     ] GC(470) Eden regions: 153->0(153)
[197.526s][info][gc,heap     ] GC(470) Survivor regions: 1->1(20)
[197.526s][info][gc,heap     ] GC(470) Old regions: 763->763
[197.526s][info][gc,heap     ] GC(470) Humongous regions: 10->10
[197.526s][info][gc,metaspace] GC(470) Metaspace: 18569K(18752K)->18569K(18752K) NonClass: 15911K(16000K)->15911K(16000K) Class: 2658K(2752K)->2658K(2752K)
[197.526s][info][gc          ] GC(470) Pause Young (Normal) (G1 Evacuation Pause) 926M->773M(978M) 4.823ms
[197.526s][info][gc,cpu      ] GC(470) User=0.00s Sys=0.00s Real=0.00s
[197.774s][info][gc,marking  ] GC(467) Concurrent Mark From Roots 1045.055ms
[197.774s][info][gc,marking  ] GC(467) Concurrent Preclean
[197.774s][info][gc,marking  ] GC(467) Concurrent Preclean 0.025ms
[197.774s][info][gc,start    ] GC(467) Pause Remark
[197.784s][info][gc          ] GC(467) Pause Remark 891M->616M(978M) 9.509ms
[197.784s][info][gc,cpu      ] GC(467) User=0.02s Sys=0.00s Real=0.01s
[197.784s][info][gc,marking  ] GC(467) Concurrent Mark 1054.910ms
[197.784s][info][gc,marking  ] GC(467) Concurrent Rebuild Remembered Sets and Scrub Regions
[197.835s][info][gc,start    ] GC(471) Pause Young (Normal) (G1 Evacuation Pause)
[197.835s][info][gc,task     ] GC(471) Using 2 workers of 2 for evacuation
[197.839s][info][gc,phases   ] GC(471)   Pre Evacuate Collection Set: 0.42ms
[197.839s][info][gc,phases   ] GC(471)   Merge Heap Roots: 0.12ms
[197.839s][info][gc,phases   ] GC(471)   Evacuate Collection Set: 2.50ms
[197.839s][info][gc,phases   ] GC(471)   Post Evacuate Collection Set: 0.33ms
[197.839s][info][gc,phases   ] GC(471)   Other: 0.10ms
[197.839s][info][gc,heap     ] GC(471) Eden regions: 153->0(420)
[197.839s][info][gc,heap     ] GC(471) Survivor regions: 1->1(20)
[197.839s][info][gc,heap     ] GC(471) Old regions: 494->494
[197.839s][info][gc,heap     ] GC(471) Humongous regions: 4->4
[197.839s][info][gc,metaspace] GC(471) Metaspace: 18569K(18752K)->18569K(18752K) NonClass: 15911K(16000K)->15911K(16000K) Class: 2658K(2752K)->2658K(2752K)
[197.839s][info][gc          ] GC(471) Pause Young (Normal) (G1 Evacuation Pause) 651M->498M(978M) 3.697ms
[197.839s][info][gc,cpu      ] GC(471) User=0.00s Sys=0.00s Real=0.01s
[198.191s][info][gc,marking  ] GC(467) Concurrent Rebuild Remembered Sets and Scrub Regions 407.420ms
[198.191s][info][gc,start    ] GC(467) Pause Cleanup
[198.192s][info][gc          ] GC(467) Pause Cleanup 726M->726M(978M) 0.165ms
[198.192s][info][gc,cpu      ] GC(467) User=0.00s Sys=0.00s Real=0.00s
[198.192s][info][gc,marking  ] GC(467) Concurrent Clear Claimed Marks
[198.192s][info][gc,marking  ] GC(467) Concurrent Clear Claimed Marks 0.035ms
[198.192s][info][gc,marking  ] GC(467) Concurrent Cleanup for Next Mark
[198.197s][info][gc,marking  ] GC(467) Concurrent Cleanup for Next Mark 4.927ms
[198.197s][info][gc          ] GC(467) Concurrent Mark Cycle 1490.052ms
[198.455s][info][gc,start    ] GC(472) Pause Young (Prepare Mixed) (G1 Evacuation Pause)
[198.455s][info][gc,task     ] GC(472) Using 2 workers of 2 for evacuation
[198.493s][info][gc,phases   ] GC(472)   Pre Evacuate Collection Set: 0.30ms
[198.493s][info][gc,phases   ] GC(472)   Merge Heap Roots: 0.45ms
[198.493s][info][gc,phases   ] GC(472)   Evacuate Collection Set: 36.48ms
[198.493s][info][gc,phases   ] GC(472)   Post Evacuate Collection Set: 0.69ms
[198.493s][info][gc,phases   ] GC(472)   Other: 0.08ms
[198.493s][info][gc,heap     ] GC(472) Eden regions: 420->0(389)
[198.493s][info][gc,heap     ] GC(472) Survivor regions: 1->19(53)
[198.493s][info][gc,heap     ] GC(472) Old regions: 494->494
[198.493s][info][gc,heap     ] GC(472) Humongous regions: 7->7
[198.493s][info][gc,metaspace] GC(472) Metaspace: 18573K(18752K)->18573K(18752K) NonClass: 15914K(16000K)->15914K(16000K) Class: 2658K(2752K)->2658K(2752K)
[198.493s][info][gc          ] GC(472) Pause Young (Prepare Mixed) (G1 Evacuation Pause) 921M->519M(978M) 38.238ms
[198.493s][info][gc,cpu      ] GC(472) User=0.07s Sys=0.00s Real=0.04s
[198.926s][info][gc,start    ] GC(473) Pause Young (Mixed) (G1 Evacuation Pause)
[198.926s][info][gc,task     ] GC(473) Using 2 workers of 2 for evacuation
[199.002s][info][gc,phases   ] GC(473)   Pre Evacuate Collection Set: 0.35ms
[199.002s][info][gc,phases   ] GC(473)   Merge Heap Roots: 0.50ms
[199.002s][info][gc,phases   ] GC(473)   Evacuate Collection Set: 74.69ms
[199.002s][info][gc,phases   ] GC(473)   Post Evacuate Collection Set: 0.81ms
[199.002s][info][gc,phases   ] GC(473)   Other: 0.12ms
[199.002s][info][gc,heap     ] GC(473) Eden regions: 389->0(420)
[199.002s][info][gc,heap     ] GC(473) Survivor regions: 19->51(51)
[199.002s][info][gc,heap     ] GC(473) Old regions: 494->399
[199.003s][info][gc,heap     ] GC(473) Humongous regions: 7->7
[199.003s][info][gc,metaspace] GC(473) Metaspace: 18573K(18752K)->18573K(18752K) NonClass: 15914K(16000K)->15914K(16000K) Class: 2658K(2752K)->2658K(2752K)
[199.003s][info][gc          ] GC(473) Pause Young (Mixed) (G1 Evacuation Pause) 908M->457M(978M) 76.738ms
[199.003s][info][gc,cpu      ] GC(473) User=0.15s Sys=0.00s Real=0.08s
[199.364s][info][gc,start    ] GC(474) Pause Young (Mixed) (G1 Evacuation Pause)
[199.364s][info][gc,task     ] GC(474) Using 2 workers of 2 for evacuation
[199.500s][info][gc,phases   ] GC(474)   Pre Evacuate Collection Set: 0.31ms
[199.501s][info][gc,phases   ] GC(474)   Merge Heap Roots: 0.61ms
[199.501s][info][gc,phases   ] GC(474)   Evacuate Collection Set: 89.84ms
[199.501s][info][gc,phases   ] GC(474)   Merge Optional Heap Roots: 0.48ms
[199.501s][info][gc,phases   ] GC(474)   Evacuate Optional Collection Set: 42.99ms
[199.501s][info][gc,phases   ] GC(474)   Post Evacuate Collection Set: 2.61ms
[199.501s][info][gc,phases   ] GC(474)   Other: -0.24ms
[199.501s][info][gc,heap     ] GC(474) Eden regions: 420->0(460)
[199.501s][info][gc,heap     ] GC(474) Survivor regions: 51->5(59)
[199.501s][info][gc,heap     ] GC(474) Old regions: 399->436
[199.501s][info][gc,heap     ] GC(474) Humongous regions: 7->7
[199.501s][info][gc,metaspace] GC(474) Metaspace: 18573K(18752K)->18573K(18752K) NonClass: 15914K(16000K)->15914K(16000K) Class: 2658K(2752K)->2658K(2752K)
[199.501s][info][gc          ] GC(474) Pause Young (Mixed) (G1 Evacuation Pause) 877M->447M(978M) 136.868ms
[199.501s][info][gc,cpu      ] GC(474) User=0.27s Sys=0.00s Real=0.14s
[200.147s][info][gc,start    ] GC(475) Pause Young (Concurrent Start) (G1 Evacuation Pause)
[200.147s][info][gc,task     ] GC(475) Using 2 workers of 2 for evacuation
[200.218s][info][gc,phases   ] GC(475)   Pre Evacuate Collection Set: 0.33ms
[200.218s][info][gc,phases   ] GC(475)   Merge Heap Roots: 0.49ms
[200.218s][info][gc,phases   ] GC(475)   Evacuate Collection Set: 69.38ms
[200.218s][info][gc,phases   ] GC(475)   Post Evacuate Collection Set: 0.68ms
[200.218s][info][gc,phases   ] GC(475)   Other: 0.13ms
[200.218s][info][gc,heap     ] GC(475) Eden regions: 460->0(377)
[200.218s][info][gc,heap     ] GC(475) Survivor regions: 5->54(59)
[200.218s][info][gc,heap     ] GC(475) Old regions: 436->436
[200.218s][info][gc,heap     ] GC(475) Humongous regions: 7->7
[200.218s][info][gc,metaspace] GC(475) Metaspace: 18573K(18752K)->18573K(18752K) NonClass: 15914K(16000K)->15914K(16000K) Class: 2658K(2752K)->2658K(2752K)
[200.218s][info][gc          ] GC(475) Pause Young (Concurrent Start) (G1 Evacuation Pause) 907M->496M(978M) 71.291ms
[200.218s][info][gc,cpu      ] GC(475) User=0.14s Sys=0.00s Real=0.08s
[200.218s][info][gc          ] GC(476) Concurrent Mark Cycle
[200.220s][info][gc,marking  ] GC(476) Concurrent Scan Root Regions
[200.324s][info][gc,marking  ] GC(476) Concurrent Scan Root Regions 104.052ms
[200.324s][info][gc,marking  ] GC(476) Concurrent Mark
[200.324s][info][gc,marking  ] GC(476) Concurrent Mark From Roots
[200.324s][info][gc,task     ] GC(476) Using 1 workers of 1 for marking
[200.865s][info][gc,start    ] GC(477) Pause Young (Normal) (G1 Evacuation Pause)
[200.865s][info][gc,task     ] GC(477) Using 2 workers of 2 for evacuation
[200.941s][info][gc,phases   ] GC(477)   Pre Evacuate Collection Set: 0.52ms
[200.941s][info][gc,phases   ] GC(477)   Merge Heap Roots: 0.31ms
[200.941s][info][gc,phases   ] GC(477)   Evacuate Collection Set: 75.22ms
[200.941s][info][gc,phases   ] GC(477)   Post Evacuate Collection Set: 0.61ms
[200.941s][info][gc,phases   ] GC(477)   Other: 0.10ms
[200.941s][info][gc,heap     ] GC(477) Eden regions: 377->0(367)
[200.941s][info][gc,heap     ] GC(477) Survivor regions: 54->22(54)
[200.941s][info][gc,heap     ] GC(477) Old regions: 436->490
[200.941s][info][gc,heap     ] GC(477) Humongous regions: 7->7
[200.941s][info][gc,metaspace] GC(477) Metaspace: 18573K(18752K)->18573K(18752K) NonClass: 15914K(16000K)->15914K(16000K) Class: 2658K(2752K)->2658K(2752K)
[200.942s][info][gc          ] GC(477) Pause Young (Normal) (G1 Evacuation Pause) 873M->518M(978M) 76.968ms
[200.942s][info][gc,cpu      ] GC(477) User=0.15s Sys=0.00s Real=0.08s
[201.144s][info][gc,marking  ] GC(476) Concurrent Mark From Roots 819.846ms
[201.144s][info][gc,marking  ] GC(476) Concurrent Preclean
[201.144s][info][gc,marking  ] GC(476) Concurrent Preclean 0.030ms
[201.144s][info][gc,start    ] GC(476) Pause Remark
[201.151s][info][gc          ] GC(476) Pause Remark 655M->531M(978M) 7.069ms
[201.151s][info][gc,cpu      ] GC(476) User=0.01s Sys=0.00s Real=0.01s
[201.151s][info][gc,marking  ] GC(476) Concurrent Mark 827.229ms
[201.151s][info][gc,marking  ] GC(476) Concurrent Rebuild Remembered Sets and Scrub Regions
[201.486s][info][gc,marking  ] GC(476) Concurrent Rebuild Remembered Sets and Scrub Regions 334.646ms
[201.486s][info][gc,start    ] GC(476) Pause Cleanup
[201.486s][info][gc          ] GC(476) Pause Cleanup 714M->714M(978M) 0.119ms
[201.486s][info][gc,cpu      ] GC(476) User=0.00s Sys=0.00s Real=0.00s
[201.487s][info][gc,marking  ] GC(476) Concurrent Clear Claimed Marks
[201.487s][info][gc,marking  ] GC(476) Concurrent Clear Claimed Marks 0.070ms
[201.487s][info][gc,marking  ] GC(476) Concurrent Cleanup for Next Mark
[201.493s][info][gc,marking  ] GC(476) Concurrent Cleanup for Next Mark 5.538ms
[201.493s][info][gc          ] GC(476) Concurrent Mark Cycle 1274.731ms
[201.566s][info][gc,start    ] GC(478) Pause Young (Prepare Mixed) (G1 Evacuation Pause)
[201.566s][info][gc,task     ] GC(478) Using 2 workers of 2 for evacuation
[201.601s][info][gc,phases   ] GC(478)   Pre Evacuate Collection Set: 0.31ms
[201.601s][info][gc,phases   ] GC(478)   Merge Heap Roots: 0.27ms
[201.601s][info][gc,phases   ] GC(478)   Evacuate Collection Set: 33.39ms
[201.601s][info][gc,phases   ] GC(478)   Post Evacuate Collection Set: 0.57ms
[201.601s][info][gc,phases   ] GC(478)   Other: 0.09ms
[201.601s][info][gc,heap     ] GC(478) Eden regions: 367->0(482)
[201.601s][info][gc,heap     ] GC(478) Survivor regions: 22->32(49)
[201.601s][info][gc,heap     ] GC(478) Old regions: 369->369
[201.601s][info][gc,heap     ] GC(478) Humongous regions: 4->4
[201.601s][info][gc,metaspace] GC(478) Metaspace: 18574K(18752K)->18574K(18752K) NonClass: 15916K(16000K)->15916K(16000K) Class: 2658K(2752K)->2658K(2752K)
[201.601s][info][gc          ] GC(478) Pause Young (Prepare Mixed) (G1 Evacuation Pause) 761M->404M(978M) 34.814ms
[201.601s][info][gc,cpu      ] GC(478) User=0.07s Sys=0.00s Real=0.04s
[202.669s][info][gc,start    ] GC(479) Pause Young (Mixed) (G1 Evacuation Pause)
[202.669s][info][gc,task     ] GC(479) Using 2 workers of 2 for evacuation
[202.709s][info][gc,phases   ] GC(479)   Pre Evacuate Collection Set: 0.32ms
[202.709s][info][gc,phases   ] GC(479)   Merge Heap Roots: 0.29ms
[202.709s][info][gc,phases   ] GC(479)   Evacuate Collection Set: 38.95ms
[202.709s][info][gc,phases   ] GC(479)   Post Evacuate Collection Set: 0.68ms
[202.709s][info][gc,phases   ] GC(479)   Other: 0.09ms
[202.709s][info][gc,heap     ] GC(479) Eden regions: 482->0(510)
[202.709s][info][gc,heap     ] GC(479) Survivor regions: 32->37(65)
[202.709s][info][gc,heap     ] GC(479) Old regions: 369->340
[202.709s][info][gc,heap     ] GC(479) Humongous regions: 4->4
[202.709s][info][gc,metaspace] GC(479) Metaspace: 18574K(18752K)->18574K(18752K) NonClass: 15916K(16000K)->15916K(16000K) Class: 2658K(2752K)->2658K(2752K)
[202.709s][info][gc          ] GC(479) Pause Young (Mixed) (G1 Evacuation Pause) 886M->381M(978M) 40.584ms
[202.709s][info][gc,cpu      ] GC(479) User=0.08s Sys=0.00s Real=0.04s
[203.264s][info][gc,start    ] GC(480) Pause Young (Concurrent Start) (G1 Evacuation Pause)
[203.264s][info][gc,task     ] GC(480) Using 2 workers of 2 for evacuation
[203.447s][info][gc,phases   ] GC(480)   Pre Evacuate Collection Set: 0.28ms
[203.447s][info][gc,phases   ] GC(480)   Merge Heap Roots: 0.28ms
[203.447s][info][gc,phases   ] GC(480)   Evacuate Collection Set: 157.66ms
[203.447s][info][gc,phases   ] GC(480)   Post Evacuate Collection Set: 24.22ms
[203.447s][info][gc,phases   ] GC(480)   Other: 0.11ms
[203.447s][info][gc,heap     ] GC(480) Eden regions: 510->0(149)
[203.447s][info][gc,heap     ] GC(480) Survivor regions: 37->65(69)
[203.447s][info][gc,heap     ] GC(480) Old regions: 340->645
[203.447s][info][gc,heap     ] GC(480) Humongous regions: 4->4
[203.447s][info][gc,metaspace] GC(480) Metaspace: 18582K(18752K)->18582K(18752K) NonClass: 15924K(16000K)->15924K(16000K) Class: 2658K(2752K)->2658K(2752K)
[203.447s][info][gc          ] GC(480) Pause Young (Concurrent Start) (G1 Evacuation Pause) (Evacuation Failure: Allocation) 891M->714M(978M) 182.845ms
[203.447s][info][gc,cpu      ] GC(480) User=0.36s Sys=0.00s Real=0.18s
[203.447s][info][gc          ] GC(481) Concurrent Mark Cycle
[203.449s][info][gc,marking  ] GC(481) Concurrent Scan Root Regions
[203.668s][info][gc,marking  ] GC(481) Concurrent Scan Root Regions 219.327ms
[203.668s][info][gc,marking  ] GC(481) Concurrent Mark
[203.668s][info][gc,marking  ] GC(481) Concurrent Mark From Roots
[203.668s][info][gc,task     ] GC(481) Using 1 workers of 1 for marking
[203.911s][info][gc,start    ] GC(482) Pause Young (Normal) (G1 Evacuation Pause)
[203.911s][info][gc,task     ] GC(482) Using 2 workers of 2 for evacuation
[204.078s][info][gc,phases   ] GC(482)   Pre Evacuate Collection Set: 0.36ms
[204.078s][info][gc,phases   ] GC(482)   Merge Heap Roots: 1.04ms
[204.078s][info][gc,phases   ] GC(482)   Evacuate Collection Set: 153.53ms
[204.078s][info][gc,phases   ] GC(482)   Post Evacuate Collection Set: 12.07ms
[204.078s][info][gc,phases   ] GC(482)   Other: 0.08ms
[204.078s][info][gc,heap     ] GC(482) Eden regions: 149->0(143)
[204.078s][info][gc,heap     ] GC(482) Survivor regions: 65->22(27)
[204.078s][info][gc,heap     ] GC(482) Old regions: 645->737
[204.078s][info][gc,heap     ] GC(482) Humongous regions: 4->4
[204.078s][info][gc,metaspace] GC(482) Metaspace: 18582K(18752K)->18582K(18752K) NonClass: 15924K(16000K)->15924K(16000K) Class: 2658K(2752K)->2658K(2752K)
[204.078s][info][gc          ] GC(482) Pause Young (Normal) (G1 Evacuation Pause) (Evacuation Failure: Allocation) 863M->763M(978M) 167.326ms
[204.078s][info][gc,cpu      ] GC(482) User=0.33s Sys=0.00s Real=0.17s
[204.403s][info][gc,start    ] GC(483) Pause Young (Normal) (G1 Evacuation Pause)
[204.403s][info][gc,task     ] GC(483) Using 2 workers of 2 for evacuation
[204.492s][info][gc,phases   ] GC(483)   Pre Evacuate Collection Set: 0.35ms
[204.492s][info][gc,phases   ] GC(483)   Merge Heap Roots: 0.61ms
[204.492s][info][gc,phases   ] GC(483)   Evacuate Collection Set: 85.61ms
[204.492s][info][gc,phases   ] GC(483)   Post Evacuate Collection Set: 2.30ms
[204.492s][info][gc,phases   ] GC(483)   Other: 0.08ms
[204.492s][info][gc,heap     ] GC(483) Eden regions: 143->0(163)
[204.492s][info][gc,heap     ] GC(483) Survivor regions: 22->21(21)
[204.492s][info][gc,heap     ] GC(483) Old regions: 737->716
[204.492s][info][gc,heap     ] GC(483) Humongous regions: 7->7
[204.492s][info][gc,metaspace] GC(483) Metaspace: 18583K(18752K)->18583K(18752K) NonClass: 15925K(16000K)->15925K(16000K) Class: 2658K(2752K)->2658K(2752K)
[204.492s][info][gc          ] GC(483) Pause Young (Normal) (G1 Evacuation Pause) (Evacuation Failure: Allocation) 909M->744M(978M) 89.221ms
[204.492s][info][gc,cpu      ] GC(483) User=0.17s Sys=0.00s Real=0.09s
[204.859s][info][gc,start    ] GC(484) Pause Young (Normal) (G1 Evacuation Pause)
[204.859s][info][gc,task     ] GC(484) Using 2 workers of 2 for evacuation
[204.959s][info][gc,phases   ] GC(484)   Pre Evacuate Collection Set: 0.34ms
[204.959s][info][gc,phases   ] GC(484)   Merge Heap Roots: 0.96ms
[204.959s][info][gc,phases   ] GC(484)   Evacuate Collection Set: 97.47ms
[204.959s][info][gc,phases   ] GC(484)   Post Evacuate Collection Set: 0.91ms
[204.959s][info][gc,phases   ] GC(484)   Other: 0.09ms
[204.959s][info][gc,heap     ] GC(484) Eden regions: 163->0(237)
[204.959s][info][gc,heap     ] GC(484) Survivor regions: 21->17(23)
[204.959s][info][gc,heap     ] GC(484) Old regions: 716->644
[204.959s][info][gc,heap     ] GC(484) Humongous regions: 10->10
[204.959s][info][gc,metaspace] GC(484) Metaspace: 18583K(18752K)->18583K(18752K) NonClass: 15925K(16000K)->15925K(16000K) Class: 2658K(2752K)->2658K(2752K)
[204.959s][info][gc          ] GC(484) Pause Young (Normal) (G1 Evacuation Pause) 910M->670M(978M) 100.085ms
[204.959s][info][gc,cpu      ] GC(484) User=0.20s Sys=0.00s Real=0.10s
[205.085s][info][gc,marking  ] GC(481) Concurrent Mark From Roots 1416.344ms
[205.085s][info][gc,marking  ] GC(481) Concurrent Preclean
[205.085s][info][gc,marking  ] GC(481) Concurrent Preclean 0.034ms
[205.087s][info][gc,start    ] GC(481) Pause Remark
[205.094s][info][gc          ] GC(481) Pause Remark 719M->719M(978M) 6.952ms
[205.094s][info][gc,cpu      ] GC(481) User=0.01s Sys=0.00s Real=0.00s
[205.094s][info][gc,marking  ] GC(481) Concurrent Mark 1425.735ms
[205.094s][info][gc,marking  ] GC(481) Concurrent Rebuild Remembered Sets and Scrub Regions
[205.571s][info][gc,start    ] GC(485) Pause Young (Normal) (G1 Evacuation Pause)
[205.571s][info][gc,task     ] GC(485) Using 2 workers of 2 for evacuation
[205.662s][info][gc,phases   ] GC(485)   Pre Evacuate Collection Set: 0.49ms
[205.662s][info][gc,phases   ] GC(485)   Merge Heap Roots: 1.77ms
[205.662s][info][gc,phases   ] GC(485)   Evacuate Collection Set: 87.37ms
[205.662s][info][gc,phases   ] GC(485)   Post Evacuate Collection Set: 0.64ms
[205.662s][info][gc,phases   ] GC(485)   Other: 0.14ms
[205.662s][info][gc,heap     ] GC(485) Eden regions: 237->0(270)
[205.662s][info][gc,heap     ] GC(485) Survivor regions: 17->12(32)
[205.662s][info][gc,heap     ] GC(485) Old regions: 644->612
[205.662s][info][gc,heap     ] GC(485) Humongous regions: 13->13
[205.662s][info][gc,metaspace] GC(485) Metaspace: 18583K(18752K)->18583K(18752K) NonClass: 15925K(16000K)->15925K(16000K) Class: 2658K(2752K)->2658K(2752K)
[205.662s][info][gc          ] GC(485) Pause Young (Normal) (G1 Evacuation Pause) 910M->637M(978M) 90.703ms
[205.662s][info][gc,cpu      ] GC(485) User=0.18s Sys=0.00s Real=0.09s
[205.686s][info][gc,marking  ] GC(481) Concurrent Rebuild Remembered Sets and Scrub Regions 591.833ms
[205.687s][info][gc,start    ] GC(481) Pause Cleanup
[205.687s][info][gc          ] GC(481) Pause Cleanup 647M->647M(978M) 0.104ms
[205.687s][info][gc,cpu      ] GC(481) User=0.00s Sys=0.00s Real=0.00s
[205.687s][info][gc,marking  ] GC(481) Concurrent Clear Claimed Marks
[205.687s][info][gc,marking  ] GC(481) Concurrent Clear Claimed Marks 0.030ms
[205.687s][info][gc,marking  ] GC(481) Concurrent Cleanup for Next Mark
[205.694s][info][gc,marking  ] GC(481) Concurrent Cleanup for Next Mark 6.449ms
[205.694s][info][gc          ] GC(481) Concurrent Mark Cycle 2247.060ms
[206.101s][info][gc,start    ] GC(486) Pause Young (Prepare Mixed) (G1 Evacuation Pause)
[206.101s][info][gc,task     ] GC(486) Using 2 workers of 2 for evacuation
[206.133s][info][gc,phases   ] GC(486)   Pre Evacuate Collection Set: 0.54ms
[206.133s][info][gc,phases   ] GC(486)   Merge Heap Roots: 0.58ms
[206.133s][info][gc,phases   ] GC(486)   Evacuate Collection Set: 29.58ms
[206.133s][info][gc,phases   ] GC(486)   Post Evacuate Collection Set: 0.51ms
[206.133s][info][gc,phases   ] GC(486)   Other: 0.08ms
[206.133s][info][gc,heap     ] GC(486) Eden regions: 270->0(287)
[206.133s][info][gc,heap     ] GC(486) Survivor regions: 12->12(36)
[206.133s][info][gc,heap     ] GC(486) Old regions: 612->604
[206.133s][info][gc,heap     ] GC(486) Humongous regions: 13->13
[206.133s][info][gc,metaspace] GC(486) Metaspace: 18583K(18752K)->18583K(18752K) NonClass: 15925K(16000K)->15925K(16000K) Class: 2658K(2752K)->2658K(2752K)
[206.133s][info][gc          ] GC(486) Pause Young (Prepare Mixed) (G1 Evacuation Pause) 907M->628M(978M) 31.534ms
[206.133s][info][gc,cpu      ] GC(486) User=0.06s Sys=0.00s Real=0.03s
[206.564s][info][gc,start    ] GC(487) Pause Young (Mixed) (G1 Evacuation Pause)
[206.564s][info][gc,task     ] GC(487) Using 2 workers of 2 for evacuation
[206.585s][info][gc,phases   ] GC(487)   Pre Evacuate Collection Set: 0.50ms
[206.585s][info][gc,phases   ] GC(487)   Merge Heap Roots: 0.16ms
[206.585s][info][gc,phases   ] GC(487)   Evacuate Collection Set: 20.03ms
[206.585s][info][gc,phases   ] GC(487)   Post Evacuate Collection Set: 0.52ms
[206.585s][info][gc,phases   ] GC(487)   Other: 0.08ms
[206.586s][info][gc,heap     ] GC(487) Eden regions: 287->0(296)
[206.586s][info][gc,heap     ] GC(487) Survivor regions: 12->12(38)
[206.586s][info][gc,heap     ] GC(487) Old regions: 604->595
[206.586s][info][gc,heap     ] GC(487) Humongous regions: 13->13
[206.586s][info][gc,metaspace] GC(487) Metaspace: 18583K(18752K)->18583K(18752K) NonClass: 15925K(16000K)->15925K(16000K) Class: 2658K(2752K)->2658K(2752K)
[206.586s][info][gc          ] GC(487) Pause Young (Mixed) (G1 Evacuation Pause) 915M->619M(978M) 21.505ms
[206.586s][info][gc,cpu      ] GC(487) User=0.04s Sys=0.00s Real=0.02s
[206.991s][info][gc,start    ] GC(488) Pause Young (Concurrent Start) (G1 Evacuation Pause)
[206.991s][info][gc,task     ] GC(488) Using 2 workers of 2 for evacuation
[207.029s][info][gc,phases   ] GC(488)   Pre Evacuate Collection Set: 0.29ms
[207.029s][info][gc,phases   ] GC(488)   Merge Heap Roots: 0.22ms
[207.029s][info][gc,phases   ] GC(488)   Evacuate Collection Set: 36.60ms
[207.029s][info][gc,phases   ] GC(488)   Post Evacuate Collection Set: 0.56ms
[207.029s][info][gc,phases   ] GC(488)   Other: 0.09ms
[207.029s][info][gc,heap     ] GC(488) Eden regions: 296->0(270)
[207.029s][info][gc,heap     ] GC(488) Survivor regions: 12->25(39)
[207.029s][info][gc,heap     ] GC(488) Old regions: 595->595
[207.029s][info][gc,heap     ] GC(488) Humongous regions: 13->13
[207.029s][info][gc,metaspace] GC(488) Metaspace: 18583K(18752K)->18583K(18752K) NonClass: 15925K(16000K)->15925K(16000K) Class: 2658K(2752K)->2658K(2752K)
[207.029s][info][gc          ] GC(488) Pause Young (Concurrent Start) (G1 Evacuation Pause) 915M->632M(978M) 37.969ms
[207.029s][info][gc          ] GC(489) Concurrent Mark Cycle
[207.029s][info][gc,marking  ] GC(489) Concurrent Scan Root Regions
[207.030s][info][gc,cpu      ] GC(488) User=0.07s Sys=0.00s Real=0.04s
[207.105s][info][gc,marking  ] GC(489) Concurrent Scan Root Regions 75.259ms
[207.105s][info][gc,marking  ] GC(489) Concurrent Mark
[207.105s][info][gc,marking  ] GC(489) Concurrent Mark From Roots
[207.105s][info][gc,task     ] GC(489) Using 1 workers of 1 for marking
[207.558s][info][gc,start    ] GC(490) Pause Young (Normal) (G1 Evacuation Pause)
[207.558s][info][gc,task     ] GC(490) Using 2 workers of 2 for evacuation
[207.612s][info][gc,phases   ] GC(490)   Pre Evacuate Collection Set: 0.28ms
[207.612s][info][gc,phases   ] GC(490)   Merge Heap Roots: 0.21ms
[207.612s][info][gc,phases   ] GC(490)   Evacuate Collection Set: 52.75ms
[207.612s][info][gc,phases   ] GC(490)   Post Evacuate Collection Set: 0.50ms
[207.612s][info][gc,phases   ] GC(490)   Other: 0.10ms
[207.612s][info][gc,heap     ] GC(490) Eden regions: 270->0(245)
[207.612s][info][gc,heap     ] GC(490) Survivor regions: 25->32(37)
[207.612s][info][gc,heap     ] GC(490) Old regions: 595->606
[207.612s][info][gc,heap     ] GC(490) Humongous regions: 13->13
[207.612s][info][gc,metaspace] GC(490) Metaspace: 18583K(18752K)->18583K(18752K) NonClass: 15925K(16000K)->15925K(16000K) Class: 2658K(2752K)->2658K(2752K)
[207.612s][info][gc          ] GC(490) Pause Young (Normal) (G1 Evacuation Pause) 902M->650M(978M) 54.119ms
[207.612s][info][gc,cpu      ] GC(490) User=0.11s Sys=0.00s Real=0.05s
[208.013s][info][gc,start    ] GC(491) Pause Young (Normal) (G1 Evacuation Pause)
[208.013s][info][gc,task     ] GC(491) Using 2 workers of 2 for evacuation
[208.054s][info][gc,phases   ] GC(491)   Pre Evacuate Collection Set: 0.50ms
[208.054s][info][gc,phases   ] GC(491)   Merge Heap Roots: 0.20ms
[208.054s][info][gc,phases   ] GC(491)   Evacuate Collection Set: 39.69ms
[208.054s][info][gc,phases   ] GC(491)   Post Evacuate Collection Set: 0.48ms
[208.054s][info][gc,phases   ] GC(491)   Other: 0.07ms
[208.054s][info][gc,heap     ] GC(491) Eden regions: 245->0(241)
[208.054s][info][gc,heap     ] GC(491) Survivor regions: 32->27(35)
[208.054s][info][gc,heap     ] GC(491) Old regions: 606->620
[208.054s][info][gc,heap     ] GC(491) Humongous regions: 13->13
[208.054s][info][gc,metaspace] GC(491) Metaspace: 18587K(18752K)->18587K(18752K) NonClass: 15929K(16000K)->15929K(16000K) Class: 2658K(2752K)->2658K(2752K)
[208.054s][info][gc          ] GC(491) Pause Young (Normal) (G1 Evacuation Pause) 895M->660M(978M) 41.142ms
[208.054s][info][gc,cpu      ] GC(491) User=0.08s Sys=0.00s Real=0.04s
[208.299s][info][gc,marking  ] GC(489) Concurrent Mark From Roots 1194.529ms
[208.299s][info][gc,marking  ] GC(489) Concurrent Preclean
[208.299s][info][gc,marking  ] GC(489) Concurrent Preclean 0.033ms
[208.299s][info][gc,start    ] GC(489) Pause Remark
[208.307s][info][gc          ] GC(489) Pause Remark 716M->654M(978M) 7.094ms
[208.307s][info][gc,cpu      ] GC(489) User=0.01s Sys=0.00s Real=0.00s
[208.307s][info][gc,marking  ] GC(489) Concurrent Mark 1201.936ms
[208.307s][info][gc,marking  ] GC(489) Concurrent Rebuild Remembered Sets and Scrub Regions
[208.679s][info][gc,marking  ] GC(489) Concurrent Rebuild Remembered Sets and Scrub Regions 371.918ms
[208.679s][info][gc,start    ] GC(489) Pause Cleanup
[208.679s][info][gc          ] GC(489) Pause Cleanup 760M->760M(978M) 0.137ms
[208.679s][info][gc,cpu      ] GC(489) User=0.00s Sys=0.00s Real=0.00s
[208.679s][info][gc,marking  ] GC(489) Concurrent Clear Claimed Marks
[208.679s][info][gc,marking  ] GC(489) Concurrent Clear Claimed Marks 0.028ms
[208.679s][info][gc,marking  ] GC(489) Concurrent Cleanup for Next Mark
[208.682s][info][gc,marking  ] GC(489) Concurrent Cleanup for Next Mark 2.909ms
[208.682s][info][gc          ] GC(489) Concurrent Mark Cycle 1652.666ms
[208.849s][info][gc,start    ] GC(492) Pause Young (Prepare Mixed) (G1 Evacuation Pause)
[208.849s][info][gc,task     ] GC(492) Using 2 workers of 2 for evacuation
[208.878s][info][gc,phases   ] GC(492)   Pre Evacuate Collection Set: 0.51ms
[208.878s][info][gc,phases   ] GC(492)   Merge Heap Roots: 0.23ms
[208.878s][info][gc,phases   ] GC(492)   Evacuate Collection Set: 27.19ms
[208.878s][info][gc,phases   ] GC(492)   Post Evacuate Collection Set: 0.59ms
[208.878s][info][gc,phases   ] GC(492)   Other: 0.13ms
[208.878s][info][gc,heap     ] GC(492) Eden regions: 241->0(319)
[208.878s][info][gc,heap     ] GC(492) Survivor regions: 27->10(34)
[208.878s][info][gc,heap     ] GC(492) Old regions: 564->582
[208.878s][info][gc,heap     ] GC(492) Humongous regions: 7->7
[208.878s][info][gc,metaspace] GC(492) Metaspace: 18587K(18752K)->18587K(18752K) NonClass: 15929K(16000K)->15929K(16000K) Class: 2658K(2752K)->2658K(2752K)
[208.878s][info][gc          ] GC(492) Pause Young (Prepare Mixed) (G1 Evacuation Pause) 839M->598M(978M) 28.884ms
[208.878s][info][gc,cpu      ] GC(492) User=0.05s Sys=0.00s Real=0.03s
[209.427s][info][gc,start    ] GC(493) Pause Young (Mixed) (G1 Evacuation Pause)
[209.428s][info][gc,task     ] GC(493) Using 2 workers of 2 for evacuation
[209.530s][info][gc,phases   ] GC(493)   Pre Evacuate Collection Set: 0.54ms
[209.530s][info][gc,phases   ] GC(493)   Merge Heap Roots: 0.76ms
[209.530s][info][gc,phases   ] GC(493)   Evacuate Collection Set: 100.33ms
[209.530s][info][gc,phases   ] GC(493)   Post Evacuate Collection Set: 0.61ms
[209.530s][info][gc,phases   ] GC(493)   Other: 0.10ms
[209.530s][info][gc,heap     ] GC(493) Eden regions: 319->0(381)
[209.530s][info][gc,heap     ] GC(493) Survivor regions: 10->23(42)
[209.530s][info][gc,heap     ] GC(493) Old regions: 582->494
[209.530s][info][gc,heap     ] GC(493) Humongous regions: 7->7
[209.530s][info][gc,metaspace] GC(493) Metaspace: 18587K(18752K)->18587K(18752K) NonClass: 15929K(16000K)->15929K(16000K) Class: 2658K(2752K)->2658K(2752K)
[209.530s][info][gc          ] GC(493) Pause Young (Mixed) (G1 Evacuation Pause) 917M->523M(978M) 102.626ms
[209.530s][info][gc,cpu      ] GC(493) User=0.21s Sys=0.00s Real=0.10s
[209.994s][info][gc,start    ] GC(494) Pause Young (Concurrent Start) (G1 Evacuation Pause)
[209.994s][info][gc,task     ] GC(494) Using 2 workers of 2 for evacuation
[210.069s][info][gc,phases   ] GC(494)   Pre Evacuate Collection Set: 0.36ms
[210.069s][info][gc,phases   ] GC(494)   Merge Heap Roots: 0.19ms
[210.069s][info][gc,phases   ] GC(494)   Evacuate Collection Set: 72.06ms
[210.069s][info][gc,phases   ] GC(494)   Post Evacuate Collection Set: 2.48ms
[210.069s][info][gc,phases   ] GC(494)   Other: 0.23ms
[210.069s][info][gc,heap     ] GC(494) Eden regions: 381->0(250)
[210.069s][info][gc,heap     ] GC(494) Survivor regions: 23->51(51)
[210.069s][info][gc,heap     ] GC(494) Old regions: 494->569
[210.069s][info][gc,heap     ] GC(494) Humongous regions: 7->7
[210.069s][info][gc,metaspace] GC(494) Metaspace: 18598K(18816K)->18598K(18816K) NonClass: 15940K(16064K)->15940K(16064K) Class: 2658K(2752K)->2658K(2752K)
[210.069s][info][gc          ] GC(494) Pause Young (Concurrent Start) (G1 Evacuation Pause) (Evacuation Failure: Allocation) 904M->627M(978M) 75.603ms
[210.069s][info][gc,cpu      ] GC(494) User=0.15s Sys=0.00s Real=0.08s
[210.069s][info][gc          ] GC(495) Concurrent Mark Cycle
[210.069s][info][gc,marking  ] GC(495) Concurrent Scan Root Regions
[210.134s][info][gc,marking  ] GC(495) Concurrent Scan Root Regions 64.357ms
[210.134s][info][gc,marking  ] GC(495) Concurrent Mark
[210.134s][info][gc,marking  ] GC(495) Concurrent Mark From Roots
[210.134s][info][gc,task     ] GC(495) Using 1 workers of 1 for marking
[210.853s][info][gc,marking  ] GC(495) Concurrent Mark From Roots 719.577ms
[210.853s][info][gc,marking  ] GC(495) Concurrent Preclean
[210.853s][info][gc,marking  ] GC(495) Concurrent Preclean 0.029ms
[210.854s][info][gc,start    ] GC(495) Pause Remark
[210.861s][info][gc          ] GC(495) Pause Remark 844M->704M(978M) 7.128ms
[210.861s][info][gc,cpu      ] GC(495) User=0.01s Sys=0.00s Real=0.01s
[210.861s][info][gc,marking  ] GC(495) Concurrent Mark 727.045ms
[210.861s][info][gc,marking  ] GC(495) Concurrent Rebuild Remembered Sets and Scrub Regions
[210.960s][info][gc,start    ] GC(496) Pause Young (Normal) (G1 Evacuation Pause)
[210.960s][info][gc,task     ] GC(496) Using 2 workers of 2 for evacuation
[211.036s][info][gc,phases   ] GC(496)   Pre Evacuate Collection Set: 0.29ms
[211.036s][info][gc,phases   ] GC(496)   Merge Heap Roots: 0.48ms
[211.036s][info][gc,phases   ] GC(496)   Evacuate Collection Set: 74.25ms
[211.036s][info][gc,phases   ] GC(496)   Post Evacuate Collection Set: 0.61ms
[211.036s][info][gc,phases   ] GC(496)   Other: 0.08ms
[211.036s][info][gc,heap     ] GC(496) Eden regions: 250->0(434)
[211.036s][info][gc,heap     ] GC(496) Survivor regions: 51->11(38)
[211.036s][info][gc,heap     ] GC(496) Old regions: 431->433
[211.036s][info][gc,heap     ] GC(496) Humongous regions: 8->8
[211.036s][info][gc,metaspace] GC(496) Metaspace: 18598K(18816K)->18598K(18816K) NonClass: 15940K(16064K)->15940K(16064K) Class: 2658K(2752K)->2658K(2752K)
[211.036s][info][gc          ] GC(496) Pause Young (Normal) (G1 Evacuation Pause) 740M->451M(978M) 75.956ms
[211.036s][info][gc,cpu      ] GC(496) User=0.15s Sys=0.00s Real=0.07s
[211.197s][info][gc,marking  ] GC(495) Concurrent Rebuild Remembered Sets and Scrub Regions 336.575ms
[211.198s][info][gc,start    ] GC(495) Pause Cleanup
[211.198s][info][gc          ] GC(495) Pause Cleanup 523M->523M(978M) 0.106ms
[211.198s][info][gc,cpu      ] GC(495) User=0.00s Sys=0.00s Real=0.00s
[211.198s][info][gc,marking  ] GC(495) Concurrent Clear Claimed Marks
[211.198s][info][gc,marking  ] GC(495) Concurrent Clear Claimed Marks 0.036ms
[211.198s][info][gc,marking  ] GC(495) Concurrent Cleanup for Next Mark
[211.201s][info][gc,marking  ] GC(495) Concurrent Cleanup for Next Mark 2.818ms
[211.201s][info][gc          ] GC(495) Concurrent Mark Cycle 1131.338ms
[211.732s][info][gc,start    ] GC(497) Pause Young (Prepare Mixed) (G1 Evacuation Pause)
[211.732s][info][gc,task     ] GC(497) Using 2 workers of 2 for evacuation
[211.751s][info][gc,phases   ] GC(497)   Pre Evacuate Collection Set: 0.30ms
[211.751s][info][gc,phases   ] GC(497)   Merge Heap Roots: 0.28ms
[211.751s][info][gc,phases   ] GC(497)   Evacuate Collection Set: 16.97ms
[211.751s][info][gc,phases   ] GC(497)   Post Evacuate Collection Set: 0.63ms
[211.751s][info][gc,phases   ] GC(497)   Other: 0.10ms
[211.751s][info][gc,heap     ] GC(497) Eden regions: 434->0(453)
[211.751s][info][gc,heap     ] GC(497) Survivor regions: 11->11(56)
[211.751s][info][gc,heap     ] GC(497) Old regions: 433->433
[211.751s][info][gc,heap     ] GC(497) Humongous regions: 8->8
[211.751s][info][gc,metaspace] GC(497) Metaspace: 18598K(18816K)->18598K(18816K) NonClass: 15940K(16064K)->15940K(16064K) Class: 2658K(2752K)->2658K(2752K)
[211.751s][info][gc          ] GC(497) Pause Young (Prepare Mixed) (G1 Evacuation Pause) 885M->451M(978M) 18.495ms
[211.751s][info][gc,cpu      ] GC(497) User=0.03s Sys=0.00s Real=0.02s
[212.295s][info][gc,start    ] GC(498) Pause Young (Mixed) (G1 Evacuation Pause)
[212.295s][info][gc,task     ] GC(498) Using 2 workers of 2 for evacuation
[212.345s][info][gc,phases   ] GC(498)   Pre Evacuate Collection Set: 0.54ms
[212.345s][info][gc,phases   ] GC(498)   Merge Heap Roots: 0.31ms
[212.345s][info][gc,phases   ] GC(498)   Evacuate Collection Set: 48.34ms
[212.345s][info][gc,phases   ] GC(498)   Post Evacuate Collection Set: 0.65ms
[212.345s][info][gc,phases   ] GC(498)   Other: 0.10ms
[212.345s][info][gc,heap     ] GC(498) Eden regions: 453->0(438)
[212.345s][info][gc,heap     ] GC(498) Survivor regions: 11->36(58)
[212.345s][info][gc,heap     ] GC(498) Old regions: 433->410
[212.345s][info][gc,heap     ] GC(498) Humongous regions: 8->8
[212.345s][info][gc,metaspace] GC(498) Metaspace: 18601K(18816K)->18601K(18816K) NonClass: 15943K(16064K)->15943K(16064K) Class: 2658K(2752K)->2658K(2752K)
[212.345s][info][gc          ] GC(498) Pause Young (Mixed) (G1 Evacuation Pause) 904M->453M(978M) 50.205ms
[212.345s][info][gc,cpu      ] GC(498) User=0.10s Sys=0.00s Real=0.05s
[212.765s][info][gc,start    ] GC(499) Pause Young (Concurrent Start) (G1 Evacuation Pause)
[212.765s][info][gc,task     ] GC(499) Using 2 workers of 2 for evacuation
[212.844s][info][gc,phases   ] GC(499)   Pre Evacuate Collection Set: 0.28ms
[212.844s][info][gc,phases   ] GC(499)   Merge Heap Roots: 0.37ms
[212.844s][info][gc,phases   ] GC(499)   Evacuate Collection Set: 77.26ms
[212.844s][info][gc,phases   ] GC(499)   Post Evacuate Collection Set: 0.68ms
[212.844s][info][gc,phases   ] GC(499)   Other: 0.21ms
[212.844s][info][gc,heap     ] GC(499) Eden regions: 438->0(394)
[212.844s][info][gc,heap     ] GC(499) Survivor regions: 36->53(60)
[212.844s][info][gc,heap     ] GC(499) Old regions: 410->420
[212.844s][info][gc,heap     ] GC(499) Humongous regions: 8->8
[212.844s][info][gc,metaspace] GC(499) Metaspace: 18606K(18816K)->18606K(18816K) NonClass: 15948K(16064K)->15948K(16064K) Class: 2658K(2752K)->2658K(2752K)
[212.844s][info][gc          ] GC(499) Pause Young (Concurrent Start) (G1 Evacuation Pause) 891M->480M(978M) 79.029ms
[212.844s][info][gc,cpu      ] GC(499) User=0.16s Sys=0.00s Real=0.08s
[212.844s][info][gc          ] GC(500) Concurrent Mark Cycle
[212.844s][info][gc,marking  ] GC(500) Concurrent Scan Root Regions
[212.924s][info][gc,marking  ] GC(500) Concurrent Scan Root Regions 79.753ms
[212.924s][info][gc,marking  ] GC(500) Concurrent Mark
[212.924s][info][gc,marking  ] GC(500) Concurrent Mark From Roots
[212.924s][info][gc,task     ] GC(500) Using 1 workers of 1 for marking
[213.586s][info][gc,marking  ] GC(500) Concurrent Mark From Roots 661.983ms
[213.586s][info][gc,marking  ] GC(500) Concurrent Preclean
[213.586s][info][gc,marking  ] GC(500) Concurrent Preclean 0.036ms
[213.586s][info][gc,start    ] GC(500) Pause Remark
[213.593s][info][gc          ] GC(500) Pause Remark 858M->782M(978M) 7.022ms
[213.593s][info][gc,cpu      ] GC(500) User=0.02s Sys=0.00s Real=0.01s
[213.594s][info][gc,marking  ] GC(500) Concurrent Mark 669.565ms
[213.594s][info][gc,marking  ] GC(500) Concurrent Rebuild Remembered Sets and Scrub Regions
[213.606s][info][gc,start    ] GC(501) Pause Young (Normal) (G1 Evacuation Pause)
[213.606s][info][gc,task     ] GC(501) Using 2 workers of 2 for evacuation
[213.726s][info][gc,phases   ] GC(501)   Pre Evacuate Collection Set: 0.26ms
[213.726s][info][gc,phases   ] GC(501)   Merge Heap Roots: 0.37ms
[213.726s][info][gc,phases   ] GC(501)   Evacuate Collection Set: 117.49ms
[213.726s][info][gc,phases   ] GC(501)   Post Evacuate Collection Set: 1.02ms
[213.726s][info][gc,phases   ] GC(501)   Other: 0.09ms
[213.726s][info][gc,heap     ] GC(501) Eden regions: 394->0(393)
[213.726s][info][gc,heap     ] GC(501) Survivor regions: 53->56(56)
[213.726s][info][gc,heap     ] GC(501) Old regions: 347->402
[213.726s][info][gc,heap     ] GC(501) Humongous regions: 5->5
[213.726s][info][gc,metaspace] GC(501) Metaspace: 18630K(18816K)->18630K(18816K) NonClass: 15972K(16064K)->15972K(16064K) Class: 2658K(2752K)->2658K(2752K)
[213.726s][info][gc          ] GC(501) Pause Young (Normal) (G1 Evacuation Pause) 798M->462M(978M) 119.419ms
[213.726s][info][gc,cpu      ] GC(501) User=0.24s Sys=0.00s Real=0.12s
[213.971s][info][gc,marking  ] GC(500) Concurrent Rebuild Remembered Sets and Scrub Regions 377.242ms
[213.971s][info][gc,start    ] GC(500) Pause Cleanup
[213.971s][info][gc          ] GC(500) Pause Cleanup 639M->639M(978M) 0.111ms
[213.971s][info][gc,cpu      ] GC(500) User=0.00s Sys=0.00s Real=0.00s
[213.971s][info][gc,marking  ] GC(500) Concurrent Clear Claimed Marks
[213.971s][info][gc,marking  ] GC(500) Concurrent Clear Claimed Marks 0.029ms
[213.971s][info][gc,marking  ] GC(500) Concurrent Cleanup for Next Mark
[213.979s][info][gc,marking  ] GC(500) Concurrent Cleanup for Next Mark 7.561ms
[213.979s][info][gc          ] GC(500) Concurrent Mark Cycle 1134.858ms
[214.240s][info][gc,start    ] GC(502) Pause Young (Prepare Mixed) (G1 Evacuation Pause)
[214.240s][info][gc,task     ] GC(502) Using 2 workers of 2 for evacuation
[214.315s][info][gc,phases   ] GC(502)   Pre Evacuate Collection Set: 0.31ms
[214.315s][info][gc,phases   ] GC(502)   Merge Heap Roots: 0.56ms
[214.315s][info][gc,phases   ] GC(502)   Evacuate Collection Set: 72.64ms
[214.315s][info][gc,phases   ] GC(502)   Post Evacuate Collection Set: 1.08ms
[214.315s][info][gc,phases   ] GC(502)   Other: 0.12ms
[214.315s][info][gc,heap     ] GC(502) Eden regions: 393->0(409)
[214.315s][info][gc,heap     ] GC(502) Survivor regions: 56->6(57)
[214.315s][info][gc,heap     ] GC(502) Old regions: 402->458
[214.315s][info][gc,heap     ] GC(502) Humongous regions: 5->5
[214.315s][info][gc,metaspace] GC(502) Metaspace: 18647K(18816K)->18647K(18816K) NonClass: 15989K(16064K)->15989K(16064K) Class: 2658K(2752K)->2658K(2752K)
[214.315s][info][gc          ] GC(502) Pause Young (Prepare Mixed) (G1 Evacuation Pause) 855M->468M(978M) 74.910ms
[214.315s][info][gc,cpu      ] GC(502) User=0.15s Sys=0.00s Real=0.07s
[214.734s][info][gc,start    ] GC(503) Pause Young (Mixed) (G1 Evacuation Pause)
[214.734s][info][gc,task     ] GC(503) Using 2 workers of 2 for evacuation
[214.865s][info][gc,phases   ] GC(503)   Pre Evacuate Collection Set: 0.34ms
[214.865s][info][gc,phases   ] GC(503)   Merge Heap Roots: 0.95ms
[214.865s][info][gc,phases   ] GC(503)   Evacuate Collection Set: 127.69ms
[214.865s][info][gc,phases   ] GC(503)   Post Evacuate Collection Set: 2.46ms
[214.865s][info][gc,phases   ] GC(503)   Other: 0.10ms
[214.865s][info][gc,heap     ] GC(503) Eden regions: 409->0(1)
[214.865s][info][gc,heap     ] GC(503) Survivor regions: 6->52(52)
[214.865s][info][gc,heap     ] GC(503) Old regions: 458->453
[214.865s][info][gc,heap     ] GC(503) Humongous regions: 5->5
[214.865s][info][gc,metaspace] GC(503) Metaspace: 18648K(18816K)->18648K(18816K) NonClass: 15990K(16064K)->15990K(16064K) Class: 2658K(2752K)->2658K(2752K)
[214.865s][info][gc          ] GC(503) Pause Young (Mixed) (G1 Evacuation Pause) 877M->510M(978M) 131.780ms
[214.865s][info][gc,cpu      ] GC(503) User=0.26s Sys=0.00s Real=0.13s
[214.870s][info][gc,start    ] GC(504) Pause Young (Mixed) (G1 Evacuation Pause)
[214.870s][info][gc,task     ] GC(504) Using 2 workers of 2 for evacuation
[215.018s][info][gc,phases   ] GC(504)   Pre Evacuate Collection Set: 0.24ms
[215.018s][info][gc,phases   ] GC(504)   Merge Heap Roots: 1.79ms
[215.018s][info][gc,phases   ] GC(504)   Evacuate Collection Set: 144.60ms
[215.018s][info][gc,phases   ] GC(504)   Post Evacuate Collection Set: 1.09ms
[215.018s][info][gc,phases   ] GC(504)   Other: 0.05ms
[215.018s][info][gc,heap     ] GC(504) Eden regions: 1->0(334)
[215.018s][info][gc,heap     ] GC(504) Survivor regions: 52->1(7)
[215.018s][info][gc,heap     ] GC(504) Old regions: 453->504
[215.018s][info][gc,heap     ] GC(504) Humongous regions: 5->5
[215.018s][info][gc,metaspace] GC(504) Metaspace: 18648K(18816K)->18648K(18816K) NonClass: 15990K(16064K)->15990K(16064K) Class: 2658K(2752K)->2658K(2752K)
[215.018s][info][gc          ] GC(504) Pause Young (Mixed) (G1 Evacuation Pause) 511M->510M(978M) 147.941ms
[215.018s][info][gc,cpu      ] GC(504) User=0.29s Sys=0.01s Real=0.15s
[215.475s][info][gc,start    ] GC(505) Pause Young (Concurrent Start) (G1 Evacuation Pause)
[215.475s][info][gc,task     ] GC(505) Using 2 workers of 2 for evacuation
[215.488s][info][gc,phases   ] GC(505)   Pre Evacuate Collection Set: 0.29ms
[215.488s][info][gc,phases   ] GC(505)   Merge Heap Roots: 0.19ms
[215.488s][info][gc,phases   ] GC(505)   Evacuate Collection Set: 10.97ms
[215.488s][info][gc,phases   ] GC(505)   Post Evacuate Collection Set: 0.49ms
[215.488s][info][gc,phases   ] GC(505)   Other: 0.11ms
[215.488s][info][gc,heap     ] GC(505) Eden regions: 334->0(346)
[215.488s][info][gc,heap     ] GC(505) Survivor regions: 1->8(42)
[215.488s][info][gc,heap     ] GC(505) Old regions: 504->504
[215.488s][info][gc,heap     ] GC(505) Humongous regions: 5->5
[215.488s][info][gc,metaspace] GC(505) Metaspace: 18648K(18816K)->18648K(18816K) NonClass: 15990K(16064K)->15990K(16064K) Class: 2658K(2752K)->2658K(2752K)
[215.488s][info][gc          ] GC(505) Pause Young (Concurrent Start) (G1 Evacuation Pause) 844M->516M(978M) 12.253ms
[215.488s][info][gc          ] GC(506) Concurrent Mark Cycle
[215.488s][info][gc,marking  ] GC(506) Concurrent Scan Root Regions
[215.488s][info][gc,cpu      ] GC(505) User=0.03s Sys=0.00s Real=0.02s
[215.503s][info][gc,marking  ] GC(506) Concurrent Scan Root Regions 15.740ms
[215.503s][info][gc,marking  ] GC(506) Concurrent Mark
[215.503s][info][gc,marking  ] GC(506) Concurrent Mark From Roots
[215.503s][info][gc,task     ] GC(506) Using 1 workers of 1 for marking
[216.038s][info][gc,start    ] GC(507) Pause Young (Normal) (G1 Evacuation Pause)
[216.038s][info][gc,task     ] GC(507) Using 2 workers of 2 for evacuation
[216.060s][info][gc,phases   ] GC(507)   Pre Evacuate Collection Set: 0.30ms
[216.060s][info][gc,phases   ] GC(507)   Merge Heap Roots: 0.25ms
[216.060s][info][gc,phases   ] GC(507)   Evacuate Collection Set: 20.64ms
[216.060s][info][gc,phases   ] GC(507)   Post Evacuate Collection Set: 0.52ms
[216.060s][info][gc,phases   ] GC(507)   Other: 0.07ms
[216.060s][info][gc,heap     ] GC(507) Eden regions: 346->0(353)
[216.060s][info][gc,heap     ] GC(507) Survivor regions: 8->17(45)
[216.060s][info][gc,heap     ] GC(507) Old regions: 504->504
[216.060s][info][gc,heap     ] GC(507) Humongous regions: 5->5
[216.060s][info][gc,metaspace] GC(507) Metaspace: 18648K(18816K)->18648K(18816K) NonClass: 15990K(16064K)->15990K(16064K) Class: 2658K(2752K)->2658K(2752K)
[216.060s][info][gc          ] GC(507) Pause Young (Normal) (G1 Evacuation Pause) 862M->525M(978M) 21.986ms
[216.060s][info][gc,cpu      ] GC(507) User=0.04s Sys=0.00s Real=0.02s
[216.905s][info][gc,marking  ] GC(506) Concurrent Mark From Roots 1401.752ms
[216.905s][info][gc,marking  ] GC(506) Concurrent Preclean
[216.905s][info][gc,marking  ] GC(506) Concurrent Preclean 0.034ms
[216.906s][info][gc,start    ] GC(506) Pause Remark
[216.914s][info][gc          ] GC(506) Pause Remark 782M->782M(978M) 7.986ms
[216.914s][info][gc,cpu      ] GC(506) User=0.01s Sys=0.00s Real=0.01s
[216.914s][info][gc,marking  ] GC(506) Concurrent Mark 1410.676ms
[216.914s][info][gc,marking  ] GC(506) Concurrent Rebuild Remembered Sets and Scrub Regions
[217.135s][info][gc,start    ] GC(508) Pause Young (Normal) (G1 Evacuation Pause)
[217.136s][info][gc,task     ] GC(508) Using 2 workers of 2 for evacuation
[217.203s][info][gc,phases   ] GC(508)   Pre Evacuate Collection Set: 0.46ms
[217.203s][info][gc,phases   ] GC(508)   Merge Heap Roots: 0.76ms
[217.203s][info][gc,phases   ] GC(508)   Evacuate Collection Set: 65.87ms
[217.203s][info][gc,phases   ] GC(508)   Post Evacuate Collection Set: 0.71ms
[217.203s][info][gc,phases   ] GC(508)   Other: 0.08ms
[217.204s][info][gc,heap     ] GC(508) Eden regions: 353->0(321)
[217.204s][info][gc,heap     ] GC(508) Survivor regions: 17->47(47)
[217.204s][info][gc,heap     ] GC(508) Old regions: 504->505
[217.204s][info][gc,heap     ] GC(508) Humongous regions: 8->8
[217.204s][info][gc,metaspace] GC(508) Metaspace: 18648K(18816K)->18648K(18816K) NonClass: 15990K(16064K)->15990K(16064K) Class: 2658K(2752K)->2658K(2752K)
[217.204s][info][gc          ] GC(508) Pause Young (Normal) (G1 Evacuation Pause) 881M->559M(978M) 68.099ms
[217.204s][info][gc,cpu      ] GC(508) User=0.13s Sys=0.00s Real=0.07s
[217.437s][info][gc,marking  ] GC(506) Concurrent Rebuild Remembered Sets and Scrub Regions 522.981ms
[217.437s][info][gc,start    ] GC(506) Pause Cleanup
[217.438s][info][gc          ] GC(506) Pause Cleanup 718M->718M(978M) 0.144ms
[217.438s][info][gc,cpu      ] GC(506) User=0.00s Sys=0.00s Real=0.00s
[217.438s][info][gc,marking  ] GC(506) Concurrent Clear Claimed Marks
[217.438s][info][gc,marking  ] GC(506) Concurrent Clear Claimed Marks 0.040ms
[217.438s][info][gc,marking  ] GC(506) Concurrent Cleanup for Next Mark
[217.443s][info][gc,marking  ] GC(506) Concurrent Cleanup for Next Mark 4.885ms
[217.443s][info][gc          ] GC(506) Concurrent Mark Cycle 1954.942ms
[217.653s][info][gc,start    ] GC(509) Pause Young (Prepare Mixed) (G1 Evacuation Pause)
[217.653s][info][gc,task     ] GC(509) Using 2 workers of 2 for evacuation
[217.738s][info][gc,phases   ] GC(509)   Pre Evacuate Collection Set: 0.29ms
[217.738s][info][gc,phases   ] GC(509)   Merge Heap Roots: 0.51ms
[217.738s][info][gc,phases   ] GC(509)   Evacuate Collection Set: 83.54ms
[217.738s][info][gc,phases   ] GC(509)   Post Evacuate Collection Set: 0.57ms
[217.738s][info][gc,phases   ] GC(509)   Other: 0.09ms
[217.738s][info][gc,heap     ] GC(509) Eden regions: 321->0(306)
[217.738s][info][gc,heap     ] GC(509) Survivor regions: 47->23(46)
[217.738s][info][gc,heap     ] GC(509) Old regions: 505->553
[217.738s][info][gc,heap     ] GC(509) Humongous regions: 8->8
[217.738s][info][gc,metaspace] GC(509) Metaspace: 18655K(18880K)->18655K(18880K) NonClass: 15997K(16128K)->15997K(16128K) Class: 2658K(2752K)->2658K(2752K)
[217.738s][info][gc          ] GC(509) Pause Young (Prepare Mixed) (G1 Evacuation Pause) 880M->583M(978M) 85.214ms
[217.738s][info][gc,cpu      ] GC(509) User=0.17s Sys=0.00s Real=0.09s
[218.012s][info][gc,start    ] GC(510) Pause Young (Mixed) (G1 Evacuation Pause)
[218.012s][info][gc,task     ] GC(510) Using 2 workers of 2 for evacuation
[218.050s][info][gc,phases   ] GC(510)   Pre Evacuate Collection Set: 0.48ms
[218.050s][info][gc,phases   ] GC(510)   Merge Heap Roots: 0.46ms
[218.050s][info][gc,phases   ] GC(510)   Evacuate Collection Set: 36.22ms
[218.050s][info][gc,phases   ] GC(510)   Post Evacuate Collection Set: 0.53ms
[218.050s][info][gc,phases   ] GC(510)   Other: 0.11ms
[218.050s][info][gc,heap     ] GC(510) Eden regions: 306->0(325)
[218.050s][info][gc,heap     ] GC(510) Survivor regions: 23->1(42)
[218.050s][info][gc,heap     ] GC(510) Old regions: 553->566
[218.050s][info][gc,heap     ] GC(510) Humongous regions: 8->8
[218.050s][info][gc,metaspace] GC(510) Metaspace: 18659K(18880K)->18659K(18880K) NonClass: 16000K(16128K)->16000K(16128K) Class: 2658K(2752K)->2658K(2752K)
[218.050s][info][gc          ] GC(510) Pause Young (Mixed) (G1 Evacuation Pause) 889M->574M(978M) 38.000ms
[218.050s][info][gc,cpu      ] GC(510) User=0.07s Sys=0.00s Real=0.04s
[218.714s][info][gc,start    ] GC(511) Pause Young (Concurrent Start) (G1 Evacuation Pause)
[218.714s][info][gc,task     ] GC(511) Using 2 workers of 2 for evacuation
[218.729s][info][gc,phases   ] GC(511)   Pre Evacuate Collection Set: 0.31ms
[218.729s][info][gc,phases   ] GC(511)   Merge Heap Roots: 0.31ms
[218.729s][info][gc,phases   ] GC(511)   Evacuate Collection Set: 13.88ms
[218.729s][info][gc,phases   ] GC(511)   Post Evacuate Collection Set: 0.50ms
[218.729s][info][gc,phases   ] GC(511)   Other: 0.11ms
[218.729s][info][gc,heap     ] GC(511) Eden regions: 325->0(327)
[218.729s][info][gc,heap     ] GC(511) Survivor regions: 1->9(41)
[218.729s][info][gc,heap     ] GC(511) Old regions: 566->566
[218.729s][info][gc,heap     ] GC(511) Humongous regions: 8->8
[218.729s][info][gc,metaspace] GC(511) Metaspace: 18665K(18880K)->18665K(18880K) NonClass: 16007K(16128K)->16007K(16128K) Class: 2658K(2752K)->2658K(2752K)
[218.729s][info][gc          ] GC(511) Pause Young (Concurrent Start) (G1 Evacuation Pause) 899M->582M(978M) 15.305ms
[218.729s][info][gc,cpu      ] GC(511) User=0.03s Sys=0.00s Real=0.02s
[218.729s][info][gc          ] GC(512) Concurrent Mark Cycle
[218.731s][info][gc,marking  ] GC(512) Concurrent Scan Root Regions
[218.745s][info][gc,marking  ] GC(512) Concurrent Scan Root Regions 13.979ms
[218.745s][info][gc,marking  ] GC(512) Concurrent Mark
[218.745s][info][gc,marking  ] GC(512) Concurrent Mark From Roots
[218.745s][info][gc,task     ] GC(512) Using 1 workers of 1 for marking
[220.214s][info][gc,marking  ] GC(512) Concurrent Mark From Roots 1469.351ms
[220.214s][info][gc,marking  ] GC(512) Concurrent Preclean
[220.214s][info][gc,marking  ] GC(512) Concurrent Preclean 0.036ms
[220.215s][info][gc,start    ] GC(512) Pause Remark
[220.222s][info][gc          ] GC(512) Pause Remark 862M->861M(978M) 7.110ms
[220.222s][info][gc,cpu      ] GC(512) User=0.01s Sys=0.00s Real=0.01s
[220.222s][info][gc,marking  ] GC(512) Concurrent Mark 1476.808ms
[220.222s][info][gc,marking  ] GC(512) Concurrent Rebuild Remembered Sets and Scrub Regions
[220.378s][info][gc,start    ] GC(513) Pause Young (Normal) (G1 Evacuation Pause)
[220.378s][info][gc,task     ] GC(513) Using 2 workers of 2 for evacuation
[220.411s][info][gc,phases   ] GC(513)   Pre Evacuate Collection Set: 0.22ms
[220.411s][info][gc,phases   ] GC(513)   Merge Heap Roots: 0.24ms
[220.411s][info][gc,phases   ] GC(513)   Evacuate Collection Set: 32.07ms
[220.411s][info][gc,phases   ] GC(513)   Post Evacuate Collection Set: 0.50ms
[220.411s][info][gc,phases   ] GC(513)   Other: 0.10ms
[220.411s][info][gc,heap     ] GC(513) Eden regions: 327->0(297)
[220.411s][info][gc,heap     ] GC(513) Survivor regions: 9->29(42)
[220.411s][info][gc,heap     ] GC(513) Old regions: 566->566
[220.411s][info][gc,heap     ] GC(513) Humongous regions: 7->7
[220.411s][info][gc,metaspace] GC(513) Metaspace: 18665K(18880K)->18665K(18880K) NonClass: 16007K(16128K)->16007K(16128K) Class: 2658K(2752K)->2658K(2752K)
[220.411s][info][gc          ] GC(513) Pause Young (Normal) (G1 Evacuation Pause) 908M->601M(978M) 33.310ms
[220.411s][info][gc,cpu      ] GC(513) User=0.06s Sys=0.00s Real=0.03s
[220.827s][info][gc,marking  ] GC(512) Concurrent Rebuild Remembered Sets and Scrub Regions 604.927ms
[220.827s][info][gc,start    ] GC(512) Pause Cleanup
[220.827s][info][gc          ] GC(512) Pause Cleanup 756M->756M(978M) 0.134ms
[220.827s][info][gc,cpu      ] GC(512) User=0.00s Sys=0.00s Real=0.00s
[220.828s][info][gc,marking  ] GC(512) Concurrent Clear Claimed Marks
[220.828s][info][gc,marking  ] GC(512) Concurrent Clear Claimed Marks 0.039ms
[220.828s][info][gc,marking  ] GC(512) Concurrent Cleanup for Next Mark
[220.831s][info][gc,marking  ] GC(512) Concurrent Cleanup for Next Mark 2.958ms
[220.831s][info][gc          ] GC(512) Concurrent Mark Cycle 2102.091ms
[221.518s][info][gc,start    ] GC(514) Pause Young (Prepare Mixed) (G1 Evacuation Pause)
[221.518s][info][gc,task     ] GC(514) Using 2 workers of 2 for evacuation
[221.551s][info][gc,phases   ] GC(514)   Pre Evacuate Collection Set: 0.32ms
[221.551s][info][gc,phases   ] GC(514)   Merge Heap Roots: 0.35ms
[221.551s][info][gc,phases   ] GC(514)   Evacuate Collection Set: 31.89ms
[221.551s][info][gc,phases   ] GC(514)   Post Evacuate Collection Set: 0.48ms
[221.551s][info][gc,phases   ] GC(514)   Other: 0.10ms
[221.551s][info][gc,heap     ] GC(514) Eden regions: 297->0(318)
[221.551s][info][gc,heap     ] GC(514) Survivor regions: 29->1(41)
[221.551s][info][gc,heap     ] GC(514) Old regions: 566->595
[221.551s][info][gc,heap     ] GC(514) Humongous regions: 7->7
[221.551s][info][gc,metaspace] GC(514) Metaspace: 18674K(18880K)->18674K(18880K) NonClass: 16016K(16128K)->16016K(16128K) Class: 2658K(2752K)->2658K(2752K)
[221.551s][info][gc          ] GC(514) Pause Young (Prepare Mixed) (G1 Evacuation Pause) 898M->603M(978M) 33.348ms
[221.551s][info][gc,cpu      ] GC(514) User=0.06s Sys=0.00s Real=0.03s
[222.607s][info][gc,start    ] GC(515) Pause Young (Mixed) (G1 Evacuation Pause)
[222.607s][info][gc,task     ] GC(515) Using 2 workers of 2 for evacuation
[222.619s][info][gc,phases   ] GC(515)   Pre Evacuate Collection Set: 0.51ms
[222.619s][info][gc,phases   ] GC(515)   Merge Heap Roots: 0.20ms
[222.619s][info][gc,phases   ] GC(515)   Evacuate Collection Set: 10.72ms
[222.619s][info][gc,phases   ] GC(515)   Post Evacuate Collection Set: 0.53ms
[222.619s][info][gc,phases   ] GC(515)   Other: 0.12ms
[222.619s][info][gc,heap     ] GC(515) Eden regions: 318->0(326)
[222.619s][info][gc,heap     ] GC(515) Survivor regions: 1->3(40)
[222.619s][info][gc,heap     ] GC(515) Old regions: 595->589
[222.619s][info][gc,heap     ] GC(515) Humongous regions: 7->7
[222.619s][info][gc,metaspace] GC(515) Metaspace: 18700K(18880K)->18700K(18880K) NonClass: 16042K(16128K)->16042K(16128K) Class: 2658K(2752K)->2658K(2752K)
[222.619s][info][gc          ] GC(515) Pause Young (Mixed) (G1 Evacuation Pause) 920M->598M(978M) 12.296ms
[222.619s][info][gc,cpu      ] GC(515) User=0.02s Sys=0.00s Real=0.01s
[223.167s][info][gc,start    ] GC(516) Pause Young (Concurrent Start) (G1 Evacuation Pause)
[223.167s][info][gc,task     ] GC(516) Using 2 workers of 2 for evacuation
[223.232s][info][gc,phases   ] GC(516)   Pre Evacuate Collection Set: 0.42ms
[223.232s][info][gc,phases   ] GC(516)   Merge Heap Roots: 0.13ms
[223.232s][info][gc,phases   ] GC(516)   Evacuate Collection Set: 60.09ms
[223.232s][info][gc,phases   ] GC(516)   Post Evacuate Collection Set: 4.01ms
[223.232s][info][gc,phases   ] GC(516)   Other: 0.21ms
[223.232s][info][gc,heap     ] GC(516) Eden regions: 326->0(186)
[223.232s][info][gc,heap     ] GC(516) Survivor regions: 3->42(42)
[223.232s][info][gc,heap     ] GC(516) Old regions: 589->651
[223.232s][info][gc,heap     ] GC(516) Humongous regions: 7->7
[223.232s][info][gc,metaspace] GC(516) Metaspace: 18731K(18944K)->18731K(18944K) NonClass: 16071K(16192K)->16071K(16192K) Class: 2659K(2752K)->2659K(2752K)
[223.232s][info][gc          ] GC(516) Pause Young (Concurrent Start) (G1 Evacuation Pause) (Evacuation Failure: Allocation) 924M->700M(978M) 65.094ms
[223.232s][info][gc          ] GC(517) Concurrent Mark Cycle
[223.232s][info][gc,marking  ] GC(517) Concurrent Scan Root Regions
[223.235s][info][gc,cpu      ] GC(516) User=0.13s Sys=0.00s Real=0.06s
[223.299s][info][gc,marking  ] GC(517) Concurrent Scan Root Regions 66.014ms
[223.299s][info][gc,marking  ] GC(517) Concurrent Mark
[223.299s][info][gc,marking  ] GC(517) Concurrent Mark From Roots
[223.299s][info][gc,task     ] GC(517) Using 1 workers of 1 for marking
[223.581s][info][gc,start    ] GC(518) Pause Young (Normal) (G1 Evacuation Pause)
[223.581s][info][gc,task     ] GC(518) Using 2 workers of 2 for evacuation
[223.709s][info][gc,phases   ] GC(518)   Pre Evacuate Collection Set: 0.52ms
[223.709s][info][gc,phases   ] GC(518)   Merge Heap Roots: 0.33ms
[223.709s][info][gc,phases   ] GC(518)   Evacuate Collection Set: 117.52ms
[223.709s][info][gc,phases   ] GC(518)   Post Evacuate Collection Set: 9.07ms
[223.709s][info][gc,phases   ] GC(518)   Other: 0.10ms
[223.709s][info][gc,heap     ] GC(518) Eden regions: 186->0(94)
[223.709s][info][gc,heap     ] GC(518) Survivor regions: 42->29(29)
[223.709s][info][gc,heap     ] GC(518) Old regions: 651->769
[223.709s][info][gc,heap     ] GC(518) Humongous regions: 7->7
[223.709s][info][gc,metaspace] GC(518) Metaspace: 18735K(18944K)->18735K(18944K) NonClass: 16076K(16192K)->16076K(16192K) Class: 2659K(2752K)->2659K(2752K)
[223.709s][info][gc          ] GC(518) Pause Young (Normal) (G1 Evacuation Pause) (Evacuation Failure: Allocation) 886M->805M(978M) 127.773ms
[223.709s][info][gc,cpu      ] GC(518) User=0.24s Sys=0.00s Real=0.13s
[224.101s][info][gc,start    ] GC(519) Pause Young (Normal) (G1 Evacuation Pause)
[224.102s][info][gc,task     ] GC(519) Using 2 workers of 2 for evacuation
[224.202s][info][gc,phases   ] GC(519)   Pre Evacuate Collection Set: 0.53ms
[224.202s][info][gc,phases   ] GC(519)   Merge Heap Roots: 0.49ms
[224.202s][info][gc,phases   ] GC(519)   Evacuate Collection Set: 94.86ms
[224.202s][info][gc,phases   ] GC(519)   Post Evacuate Collection Set: 4.31ms
[224.202s][info][gc,phases   ] GC(519)   Other: 0.10ms
[224.202s][info][gc,heap     ] GC(519) Eden regions: 94->0(111)
[224.202s][info][gc,heap     ] GC(519) Survivor regions: 29->16(16)
[224.202s][info][gc,heap     ] GC(519) Old regions: 769->778
[224.202s][info][gc,heap     ] GC(519) Humongous regions: 7->7
[224.202s][info][gc,metaspace] GC(519) Metaspace: 18735K(18944K)->18735K(18944K) NonClass: 16076K(16192K)->16076K(16192K) Class: 2659K(2752K)->2659K(2752K)
[224.202s][info][gc          ] GC(519) Pause Young (Normal) (G1 Evacuation Pause) (Evacuation Failure: Allocation) 899M->801M(978M) 100.589ms
[224.202s][info][gc,cpu      ] GC(519) User=0.20s Sys=0.01s Real=0.10s
[224.495s][info][gc,start    ] GC(520) Pause Young (Normal) (G1 Evacuation Pause)
[224.495s][info][gc,task     ] GC(520) Using 2 workers of 2 for evacuation
[224.564s][info][gc,phases   ] GC(520)   Pre Evacuate Collection Set: 0.32ms
[224.564s][info][gc,phases   ] GC(520)   Merge Heap Roots: 0.72ms
[224.564s][info][gc,phases   ] GC(520)   Evacuate Collection Set: 67.45ms
[224.564s][info][gc,phases   ] GC(520)   Post Evacuate Collection Set: 0.67ms
[224.564s][info][gc,phases   ] GC(520)   Other: 0.08ms
[224.564s][info][gc,heap     ] GC(520) Eden regions: 111->0(131)
[224.564s][info][gc,heap     ] GC(520) Survivor regions: 16->15(16)
[224.564s][info][gc,heap     ] GC(520) Old regions: 778->754
[224.564s][info][gc,heap     ] GC(520) Humongous regions: 8->8
[224.564s][info][gc,metaspace] GC(520) Metaspace: 18746K(18944K)->18746K(18944K) NonClass: 16087K(16192K)->16087K(16192K) Class: 2659K(2752K)->2659K(2752K)
[224.564s][info][gc          ] GC(520) Pause Young (Normal) (G1 Evacuation Pause) 913M->776M(978M) 69.459ms
[224.565s][info][gc,cpu      ] GC(520) User=0.14s Sys=0.00s Real=0.07s
[224.770s][info][gc,start    ] GC(521) Pause Young (Normal) (G1 Evacuation Pause)
[224.770s][info][gc,task     ] GC(521) Using 2 workers of 2 for evacuation
[224.841s][info][gc,phases   ] GC(521)   Pre Evacuate Collection Set: 0.50ms
[224.841s][info][gc,phases   ] GC(521)   Merge Heap Roots: 0.64ms
[224.841s][info][gc,phases   ] GC(521)   Evacuate Collection Set: 69.06ms
[224.841s][info][gc,phases   ] GC(521)   Post Evacuate Collection Set: 0.39ms
[224.841s][info][gc,phases   ] GC(521)   Other: 0.10ms
[224.841s][info][gc,heap     ] GC(521) Eden regions: 131->0(105)
[224.841s][info][gc,heap     ] GC(521) Survivor regions: 15->19(19)
[224.841s][info][gc,heap     ] GC(521) Old regions: 754->774
[224.841s][info][gc,heap     ] GC(521) Humongous regions: 11->11
[224.841s][info][gc,metaspace] GC(521) Metaspace: 18746K(18944K)->18746K(18944K) NonClass: 16087K(16192K)->16087K(16192K) Class: 2659K(2752K)->2659K(2752K)
[224.841s][info][gc          ] GC(521) Pause Young (Normal) (G1 Evacuation Pause) 910M->804M(978M) 70.976ms
[224.841s][info][gc,cpu      ] GC(521) User=0.14s Sys=0.00s Real=0.07s
[224.992s][info][gc,start    ] GC(522) Pause Young (Normal) (G1 Evacuation Pause)
[224.992s][info][gc,task     ] GC(522) Using 2 workers of 2 for evacuation
[225.021s][info][gc,phases   ] GC(522)   Pre Evacuate Collection Set: 0.51ms
[225.021s][info][gc,phases   ] GC(522)   Merge Heap Roots: 0.15ms
[225.021s][info][gc,phases   ] GC(522)   Evacuate Collection Set: 27.51ms
[225.021s][info][gc,phases   ] GC(522)   Post Evacuate Collection Set: 0.36ms
[225.021s][info][gc,phases   ] GC(522)   Other: 0.07ms
[225.021s][info][gc,heap     ] GC(522) Eden regions: 105->0(115)
[225.021s][info][gc,heap     ] GC(522) Survivor regions: 19->4(16)
[225.021s][info][gc,heap     ] GC(522) Old regions: 774->794
[225.021s][info][gc,heap     ] GC(522) Humongous regions: 11->11
[225.021s][info][gc,metaspace] GC(522) Metaspace: 18746K(18944K)->18746K(18944K) NonClass: 16087K(16192K)->16087K(16192K) Class: 2659K(2752K)->2659K(2752K)
[225.021s][info][gc          ] GC(522) Pause Young (Normal) (G1 Evacuation Pause) 909M->808M(978M) 28.811ms
[225.021s][info][gc,cpu      ] GC(522) User=0.06s Sys=0.00s Real=0.03s
[225.200s][info][gc,start    ] GC(523) Pause Young (Normal) (G1 Evacuation Pause)
[225.200s][info][gc,task     ] GC(523) Using 2 workers of 2 for evacuation
[225.216s][info][gc,phases   ] GC(523)   Pre Evacuate Collection Set: 0.53ms
[225.216s][info][gc,phases   ] GC(523)   Merge Heap Roots: 0.13ms
[225.216s][info][gc,phases   ] GC(523)   Evacuate Collection Set: 15.62ms
[225.216s][info][gc,phases   ] GC(523)   Post Evacuate Collection Set: 0.34ms
[225.217s][info][gc,phases   ] GC(523)   Other: 0.07ms
[225.217s][info][gc,heap     ] GC(523) Eden regions: 115->0(95)
[225.217s][info][gc,heap     ] GC(523) Survivor regions: 4->14(15)
[225.217s][info][gc,heap     ] GC(523) Old regions: 794->794
[225.217s][info][gc,heap     ] GC(523) Humongous regions: 11->11
[225.217s][info][gc,metaspace] GC(523) Metaspace: 18746K(18944K)->18746K(18944K) NonClass: 16087K(16192K)->16087K(16192K) Class: 2659K(2752K)->2659K(2752K)
[225.217s][info][gc          ] GC(523) Pause Young (Normal) (G1 Evacuation Pause) 923M->818M(978M) 16.918ms
[225.217s][info][gc,cpu      ] GC(523) User=0.03s Sys=0.00s Real=0.01s
[225.245s][info][gc,marking  ] GC(517) Concurrent Mark From Roots 1946.890ms
[225.246s][info][gc,marking  ] GC(517) Concurrent Preclean
[225.246s][info][gc,marking  ] GC(517) Concurrent Preclean 0.033ms
[225.246s][info][gc,start    ] GC(517) Pause Remark
[225.254s][info][gc          ] GC(517) Pause Remark 840M->757M(978M) 7.628ms
[225.254s][info][gc,cpu      ] GC(517) User=0.01s Sys=0.00s Real=0.01s
[225.254s][info][gc,marking  ] GC(517) Concurrent Mark 1955.163ms
[225.254s][info][gc,marking  ] GC(517) Concurrent Rebuild Remembered Sets and Scrub Regions
[225.343s][info][gc,start    ] GC(524) Pause Young (Normal) (G1 Evacuation Pause)
[225.343s][info][gc,task     ] GC(524) Using 2 workers of 2 for evacuation
[225.359s][info][gc,phases   ] GC(524)   Pre Evacuate Collection Set: 0.29ms
[225.359s][info][gc,phases   ] GC(524)   Merge Heap Roots: 0.14ms
[225.359s][info][gc,phases   ] GC(524)   Evacuate Collection Set: 14.97ms
[225.359s][info][gc,phases   ] GC(524)   Post Evacuate Collection Set: 0.29ms
[225.359s][info][gc,phases   ] GC(524)   Other: 0.14ms
[225.359s][info][gc,heap     ] GC(524) Eden regions: 95->0(166)
[225.359s][info][gc,heap     ] GC(524) Survivor regions: 14->1(14)
[225.359s][info][gc,heap     ] GC(524) Old regions: 713->726
[225.359s][info][gc,heap     ] GC(524) Humongous regions: 9->9
[225.359s][info][gc,metaspace] GC(524) Metaspace: 18747K(18944K)->18747K(18944K) NonClass: 16088K(16192K)->16088K(16192K) Class: 2659K(2752K)->2659K(2752K)
[225.359s][info][gc          ] GC(524) Pause Young (Normal) (G1 Evacuation Pause) 830M->736M(978M) 16.099ms
[225.359s][info][gc,cpu      ] GC(524) User=0.03s Sys=0.00s Real=0.02s
[225.558s][info][gc,start    ] GC(525) Pause Young (Normal) (G1 Evacuation Pause)
[225.558s][info][gc,task     ] GC(525) Using 2 workers of 2 for evacuation
[225.582s][info][gc,phases   ] GC(525)   Pre Evacuate Collection Set: 0.27ms
[225.582s][info][gc,phases   ] GC(525)   Merge Heap Roots: 0.16ms
[225.582s][info][gc,phases   ] GC(525)   Evacuate Collection Set: 22.77ms
[225.582s][info][gc,phases   ] GC(525)   Post Evacuate Collection Set: 0.37ms
[225.582s][info][gc,phases   ] GC(525)   Other: 0.10ms
[225.582s][info][gc,heap     ] GC(525) Eden regions: 166->0(151)
[225.582s][info][gc,heap     ] GC(525) Survivor regions: 1->21(21)
[225.582s][info][gc,heap     ] GC(525) Old regions: 726->726
[225.582s][info][gc,heap     ] GC(525) Humongous regions: 9->9
[225.582s][info][gc,metaspace] GC(525) Metaspace: 18747K(18944K)->18747K(18944K) NonClass: 16088K(16192K)->16088K(16192K) Class: 2659K(2752K)->2659K(2752K)
[225.582s][info][gc          ] GC(525) Pause Young (Normal) (G1 Evacuation Pause) 902M->756M(978M) 23.881ms
[225.582s][info][gc,cpu      ] GC(525) User=0.05s Sys=0.00s Real=0.02s
[225.696s][info][gc,start    ] GC(526) Pause Young (Normal) (G1 Evacuation Pause)
[225.697s][info][gc,task     ] GC(526) Using 2 workers of 2 for evacuation
[225.750s][info][gc,phases   ] GC(526)   Pre Evacuate Collection Set: 0.28ms
[225.750s][info][gc,phases   ] GC(526)   Merge Heap Roots: 0.15ms
[225.750s][info][gc,phases   ] GC(526)   Evacuate Collection Set: 52.31ms
[225.750s][info][gc,phases   ] GC(526)   Post Evacuate Collection Set: 0.42ms
[225.750s][info][gc,phases   ] GC(526)   Other: 0.09ms
[225.750s][info][gc,heap     ] GC(526) Eden regions: 151->0(117)
[225.750s][info][gc,heap     ] GC(526) Survivor regions: 21->22(22)
[225.750s][info][gc,heap     ] GC(526) Old regions: 726->758
[225.750s][info][gc,heap     ] GC(526) Humongous regions: 9->9
[225.750s][info][gc,metaspace] GC(526) Metaspace: 18747K(18944K)->18747K(18944K) NonClass: 16088K(16192K)->16088K(16192K) Class: 2659K(2752K)->2659K(2752K)
[225.750s][info][gc          ] GC(526) Pause Young (Normal) (G1 Evacuation Pause) 907M->789M(978M) 53.502ms
[225.750s][info][gc,cpu      ] GC(526) User=0.10s Sys=0.00s Real=0.06s
[225.954s][info][gc,start    ] GC(527) Pause Young (Normal) (G1 Evacuation Pause)
[225.954s][info][gc,task     ] GC(527) Using 2 workers of 2 for evacuation
[225.997s][info][gc,phases   ] GC(527)   Pre Evacuate Collection Set: 0.46ms
[225.998s][info][gc,phases   ] GC(527)   Merge Heap Roots: 0.25ms
[225.998s][info][gc,phases   ] GC(527)   Evacuate Collection Set: 42.10ms
[225.998s][info][gc,phases   ] GC(527)   Post Evacuate Collection Set: 0.45ms
[225.998s][info][gc,phases   ] GC(527)   Other: 0.07ms
[225.998s][info][gc,heap     ] GC(527) Eden regions: 117->0(105)
[225.998s][info][gc,heap     ] GC(527) Survivor regions: 22->16(18)
[225.998s][info][gc,heap     ] GC(527) Old regions: 758->781
[225.998s][info][gc,heap     ] GC(527) Humongous regions: 10->10
[225.998s][info][gc,metaspace] GC(527) Metaspace: 18747K(18944K)->18747K(18944K) NonClass: 16088K(16192K)->16088K(16192K) Class: 2659K(2752K)->2659K(2752K)
[225.998s][info][gc          ] GC(527) Pause Young (Normal) (G1 Evacuation Pause) 907M->806M(978M) 43.577ms
[225.998s][info][gc,cpu      ] GC(527) User=0.09s Sys=0.00s Real=0.05s
[226.063s][info][gc,marking  ] GC(517) Concurrent Rebuild Remembered Sets and Scrub Regions 809.457ms
[226.064s][info][gc,start    ] GC(517) Pause Cleanup
[226.064s][info][gc          ] GC(517) Pause Cleanup 874M->874M(978M) 0.149ms
[226.064s][info][gc,cpu      ] GC(517) User=0.00s Sys=0.00s Real=0.00s
[226.064s][info][gc,marking  ] GC(517) Concurrent Clear Claimed Marks
[226.064s][info][gc,marking  ] GC(517) Concurrent Clear Claimed Marks 0.031ms
[226.064s][info][gc,marking  ] GC(517) Concurrent Cleanup for Next Mark
[226.071s][info][gc,marking  ] GC(517) Concurrent Cleanup for Next Mark 6.455ms
[226.071s][info][gc          ] GC(517) Concurrent Mark Cycle 2838.370ms
[226.097s][info][gc,start    ] GC(528) Pause Young (Prepare Mixed) (G1 Evacuation Pause)
[226.097s][info][gc,task     ] GC(528) Using 2 workers of 2 for evacuation
[226.126s][info][gc,phases   ] GC(528)   Pre Evacuate Collection Set: 0.52ms
[226.126s][info][gc,phases   ] GC(528)   Merge Heap Roots: 0.30ms
[226.126s][info][gc,phases   ] GC(528)   Evacuate Collection Set: 28.00ms
[226.126s][info][gc,phases   ] GC(528)   Post Evacuate Collection Set: 0.34ms
[226.126s][info][gc,phases   ] GC(528)   Other: 0.07ms
[226.126s][info][gc,heap     ] GC(528) Eden regions: 105->0(113)
[226.126s][info][gc,heap     ] GC(528) Survivor regions: 16->4(16)
[226.126s][info][gc,heap     ] GC(528) Old regions: 781->797
[226.126s][info][gc,heap     ] GC(528) Humongous regions: 10->10
[226.126s][info][gc,metaspace] GC(528) Metaspace: 18747K(18944K)->18747K(18944K) NonClass: 16088K(16192K)->16088K(16192K) Class: 2659K(2752K)->2659K(2752K)
[226.126s][info][gc          ] GC(528) Pause Young (Prepare Mixed) (G1 Evacuation Pause) 911M->810M(978M) 29.426ms
[226.126s][info][gc,cpu      ] GC(528) User=0.06s Sys=0.00s Real=0.03s
[226.197s][info][gc,start    ] GC(529) Pause Young (Mixed) (G1 Evacuation Pause)
[226.198s][info][gc,task     ] GC(529) Using 2 workers of 2 for evacuation
[226.215s][info][gc,phases   ] GC(529)   Pre Evacuate Collection Set: 0.27ms
[226.215s][info][gc,phases   ] GC(529)   Merge Heap Roots: 0.29ms
[226.215s][info][gc,phases   ] GC(529)   Evacuate Collection Set: 16.28ms
[226.215s][info][gc,phases   ] GC(529)   Post Evacuate Collection Set: 0.34ms
[226.215s][info][gc,phases   ] GC(529)   Other: 0.06ms
[226.215s][info][gc,heap     ] GC(529) Eden regions: 113->0(130)
[226.215s][info][gc,heap     ] GC(529) Survivor regions: 4->8(15)
[226.215s][info][gc,heap     ] GC(529) Old regions: 797->772
[226.215s][info][gc,heap     ] GC(529) Humongous regions: 10->10
[226.215s][info][gc,metaspace] GC(529) Metaspace: 18747K(18944K)->18747K(18944K) NonClass: 16088K(16192K)->16088K(16192K) Class: 2659K(2752K)->2659K(2752K)
[226.215s][info][gc          ] GC(529) Pause Young (Mixed) (G1 Evacuation Pause) 923M->789M(978M) 17.464ms
[226.215s][info][gc,cpu      ] GC(529) User=0.03s Sys=0.00s Real=0.01s
[226.309s][info][gc,start    ] GC(530) Pause Young (Concurrent Start) (G1 Evacuation Pause)
[226.309s][info][gc,task     ] GC(530) Using 2 workers of 2 for evacuation
[226.322s][info][gc,phases   ] GC(530)   Pre Evacuate Collection Set: 0.31ms
[226.322s][info][gc,phases   ] GC(530)   Merge Heap Roots: 0.12ms
[226.322s][info][gc,phases   ] GC(530)   Evacuate Collection Set: 11.86ms
[226.322s][info][gc,phases   ] GC(530)   Post Evacuate Collection Set: 0.34ms
[226.322s][info][gc,phases   ] GC(530)   Other: 0.09ms
[226.322s][info][gc,heap     ] GC(530) Eden regions: 130->0(124)
[226.322s][info][gc,heap     ] GC(530) Survivor regions: 8->11(18)
[226.322s][info][gc,heap     ] GC(530) Old regions: 772->772
[226.322s][info][gc,heap     ] GC(530) Humongous regions: 10->10
[226.322s][info][gc,metaspace] GC(530) Metaspace: 18747K(18944K)->18747K(18944K) NonClass: 16088K(16192K)->16088K(16192K) Class: 2659K(2752K)->2659K(2752K)
[226.322s][info][gc          ] GC(530) Pause Young (Concurrent Start) (G1 Evacuation Pause) 919M->792M(978M) 12.967ms
[226.322s][info][gc          ] GC(531) Concurrent Mark Cycle
[226.322s][info][gc,marking  ] GC(531) Concurrent Scan Root Regions
[226.322s][info][gc,cpu      ] GC(530) User=0.02s Sys=0.00s Real=0.01s
[226.340s][info][gc,marking  ] GC(531) Concurrent Scan Root Regions 17.713ms
[226.340s][info][gc,marking  ] GC(531) Concurrent Mark
[226.340s][info][gc,marking  ] GC(531) Concurrent Mark From Roots
[226.340s][info][gc,task     ] GC(531) Using 1 workers of 1 for marking
[226.838s][info][gc,start    ] GC(532) Pause Young (Normal) (G1 Evacuation Pause)
[226.838s][info][gc,task     ] GC(532) Using 2 workers of 2 for evacuation
[226.852s][info][gc,phases   ] GC(532)   Pre Evacuate Collection Set: 0.30ms
[226.852s][info][gc,phases   ] GC(532)   Merge Heap Roots: 0.14ms
[226.852s][info][gc,phases   ] GC(532)   Evacuate Collection Set: 12.79ms
[226.852s][info][gc,phases   ] GC(532)   Post Evacuate Collection Set: 0.34ms
[226.852s][info][gc,phases   ] GC(532)   Other: 0.10ms
[226.852s][info][gc,heap     ] GC(532) Eden regions: 124->0(126)
[226.852s][info][gc,heap     ] GC(532) Survivor regions: 11->8(17)
[226.852s][info][gc,heap     ] GC(532) Old regions: 772->776
[226.852s][info][gc,heap     ] GC(532) Humongous regions: 10->10
[226.852s][info][gc,metaspace] GC(532) Metaspace: 18747K(18944K)->18747K(18944K) NonClass: 16088K(16192K)->16088K(16192K) Class: 2659K(2752K)->2659K(2752K)
[226.852s][info][gc          ] GC(532) Pause Young (Normal) (G1 Evacuation Pause) 916M->792M(978M) 13.906ms
[226.852s][info][gc,cpu      ] GC(532) User=0.02s Sys=0.00s Real=0.01s
[227.058s][info][gc,marking  ] GC(531) Concurrent Mark From Roots 717.944ms
[227.058s][info][gc,marking  ] GC(531) Concurrent Preclean
[227.058s][info][gc,marking  ] GC(531) Concurrent Preclean 0.068ms
[227.058s][info][gc,start    ] GC(531) Pause Remark
[227.069s][info][metaspace   ] ChkMgr @0x00007fef1c1626e0 (non-class-space): : reclaiming memory...
[227.069s][info][metaspace   ] ChkMgr @0x00007fef1c1626e0 (non-class-space): nothing reclaimed.
[227.069s][info][metaspace   ] ChkMgr @0x00007fef1c1607f0 (class-space): : reclaiming memory...
[227.069s][info][metaspace   ] ChkMgr @0x00007fef1c1607f0 (class-space): nothing reclaimed.
[227.069s][info][gc          ] GC(531) Pause Remark 840M->356M(978M) 11.466ms
[227.069s][info][gc,cpu      ] GC(531) User=0.02s Sys=0.00s Real=0.01s
[227.070s][info][gc,marking  ] GC(531) Concurrent Mark 729.772ms
[227.070s][info][gc,marking  ] GC(531) Concurrent Rebuild Remembered Sets and Scrub Regions
[227.230s][info][gc,start    ] GC(533) Pause Young (Normal) (G1 Evacuation Pause)
[227.230s][info][gc,task     ] GC(533) Using 2 workers of 2 for evacuation
[227.269s][info][gc,phases   ] GC(533)   Pre Evacuate Collection Set: 0.49ms
[227.269s][info][gc,phases   ] GC(533)   Merge Heap Roots: 0.31ms
[227.269s][info][gc,phases   ] GC(533)   Evacuate Collection Set: 37.94ms
[227.269s][info][gc,phases   ] GC(533)   Post Evacuate Collection Set: 0.48ms
[227.269s][info][gc,phases   ] GC(533)   Other: 0.09ms
[227.270s][info][gc,heap     ] GC(533) Eden regions: 126->0(513)
[227.270s][info][gc,heap     ] GC(533) Survivor regions: 8->17(17)
[227.270s][info][gc,heap     ] GC(533) Old regions: 299->318
[227.270s][info][gc,heap     ] GC(533) Humongous regions: 3->3
[227.270s][info][gc,metaspace] GC(533) Metaspace: 18735K(18944K)->18735K(18944K) NonClass: 16076K(16192K)->16076K(16192K) Class: 2659K(2752K)->2659K(2752K)
[227.270s][info][gc          ] GC(533) Pause Young (Normal) (G1 Evacuation Pause) 434M->337M(978M) 39.555ms
[227.270s][info][gc,cpu      ] GC(533) User=0.07s Sys=0.00s Real=0.04s
[227.314s][info][gc,marking  ] GC(531) Concurrent Rebuild Remembered Sets and Scrub Regions 244.083ms
[227.314s][info][gc,start    ] GC(531) Pause Cleanup
[227.314s][info][gc          ] GC(531) Pause Cleanup 348M->348M(978M) 0.083ms
[227.314s][info][gc,cpu      ] GC(531) User=0.00s Sys=0.00s Real=0.00s
[227.314s][info][gc,marking  ] GC(531) Concurrent Clear Claimed Marks
[227.314s][info][gc,marking  ] GC(531) Concurrent Clear Claimed Marks 0.025ms
[227.314s][info][gc,marking  ] GC(531) Concurrent Cleanup for Next Mark
[227.317s][info][gc,marking  ] GC(531) Concurrent Cleanup for Next Mark 2.846ms
[227.317s][info][gc          ] GC(531) Concurrent Mark Cycle 994.813ms
[227.924s][info][gc,start    ] GC(534) Pause Young (Prepare Mixed) (G1 Evacuation Pause)
[227.924s][info][gc,task     ] GC(534) Using 2 workers of 2 for evacuation
[228.011s][info][gc,phases   ] GC(534)   Pre Evacuate Collection Set: 0.32ms
[228.011s][info][gc,phases   ] GC(534)   Merge Heap Roots: 0.47ms
[228.011s][info][gc,phases   ] GC(534)   Evacuate Collection Set: 85.43ms
[228.011s][info][gc,phases   ] GC(534)   Post Evacuate Collection Set: 0.85ms
[228.011s][info][gc,phases   ] GC(534)   Other: 0.09ms
[228.011s][info][gc,heap     ] GC(534) Eden regions: 513->0(462)
[228.011s][info][gc,heap     ] GC(534) Survivor regions: 17->67(67)
[228.011s][info][gc,heap     ] GC(534) Old regions: 318->320
[228.011s][info][gc,heap     ] GC(534) Humongous regions: 4->4
[228.011s][info][gc,metaspace] GC(534) Metaspace: 18737K(18944K)->18737K(18944K) NonClass: 16078K(16192K)->16078K(16192K) Class: 2659K(2752K)->2659K(2752K)
[228.011s][info][gc          ] GC(534) Pause Young (Prepare Mixed) (G1 Evacuation Pause) 851M->391M(978M) 87.459ms
[228.011s][info][gc,cpu      ] GC(534) User=0.17s Sys=0.01s Real=0.09s
[228.654s][info][gc,start    ] GC(535) Pause Young (Mixed) (G1 Evacuation Pause)
[228.654s][info][gc,task     ] GC(535) Using 2 workers of 2 for evacuation
[228.971s][info][gc,mmu      ] GC(535) MMU target violated: 201.0ms (200.0ms/201.0ms)
[228.972s][info][gc,phases   ] GC(535)   Pre Evacuate Collection Set: 0.54ms
[228.972s][info][gc,phases   ] GC(535)   Merge Heap Roots: 1.22ms
[228.972s][info][gc,phases   ] GC(535)   Evacuate Collection Set: 283.65ms
[228.972s][info][gc,phases   ] GC(535)   Post Evacuate Collection Set: 31.55ms
[228.972s][info][gc,phases   ] GC(535)   Other: 0.18ms
[228.972s][info][gc,heap     ] GC(535) Eden regions: 462->0(150)
[228.972s][info][gc,heap     ] GC(535) Survivor regions: 67->67(67)
[228.972s][info][gc,heap     ] GC(535) Old regions: 320->639
[228.972s][info][gc,heap     ] GC(535) Humongous regions: 5->5
[228.972s][info][gc,metaspace] GC(535) Metaspace: 18737K(18944K)->18737K(18944K) NonClass: 16078K(16192K)->16078K(16192K) Class: 2659K(2752K)->2659K(2752K)
[228.972s][info][gc          ] GC(535) Pause Young (Mixed) (G1 Evacuation Pause) (Evacuation Failure: Allocation) 854M->711M(978M) 317.340ms
[228.972s][info][gc,cpu      ] GC(535) User=0.63s Sys=0.00s Real=0.32s
[228.977s][info][gc,start    ] GC(536) Pause Young (Mixed) (G1 Evacuation Pause)
[228.977s][info][gc,task     ] GC(536) Using 2 workers of 2 for evacuation
[229.178s][info][gc,mmu      ] GC(536) MMU target violated: 201.0ms (200.0ms/201.0ms)
[229.178s][info][gc,phases   ] GC(536)   Pre Evacuate Collection Set: 0.46ms
[229.178s][info][gc,phases   ] GC(536)   Merge Heap Roots: 3.53ms
[229.178s][info][gc,phases   ] GC(536)   Evacuate Collection Set: 176.95ms
[229.178s][info][gc,phases   ] GC(536)   Merge Optional Heap Roots: 0.17ms
[229.178s][info][gc,phases   ] GC(536)   Evacuate Optional Collection Set: 18.04ms
[229.178s][info][gc,phases   ] GC(536)   Post Evacuate Collection Set: 1.75ms
[229.178s][info][gc,phases   ] GC(536)   Other: 0.21ms
[229.178s][info][gc,heap     ] GC(536) Eden regions: 1->0(277)
[229.178s][info][gc,heap     ] GC(536) Survivor regions: 67->1(9)
[229.178s][info][gc,heap     ] GC(536) Old regions: 639->583
[229.178s][info][gc,heap     ] GC(536) Humongous regions: 5->5
[229.178s][info][gc,metaspace] GC(536) Metaspace: 18737K(18944K)->18737K(18944K) NonClass: 16078K(16192K)->16078K(16192K) Class: 2659K(2752K)->2659K(2752K)
[229.178s][info][gc          ] GC(536) Pause Young (Mixed) (G1 Evacuation Pause) 712M->589M(978M) 201.275ms
[229.178s][info][gc,cpu      ] GC(536) User=0.39s Sys=0.00s Real=0.21s
[229.395s][info][gc,start    ] GC(537) Pause Young (Concurrent Start) (G1 Evacuation Pause)
[229.395s][info][gc,task     ] GC(537) Using 2 workers of 2 for evacuation
[229.456s][info][gc,phases   ] GC(537)   Pre Evacuate Collection Set: 0.41ms
[229.456s][info][gc,phases   ] GC(537)   Merge Heap Roots: 0.36ms
[229.456s][info][gc,phases   ] GC(537)   Evacuate Collection Set: 59.42ms
[229.456s][info][gc,phases   ] GC(537)   Post Evacuate Collection Set: 0.62ms
[229.456s][info][gc,phases   ] GC(537)   Other: 0.13ms
[229.456s][info][gc,heap     ] GC(537) Eden regions: 277->0(325)
[229.456s][info][gc,heap     ] GC(537) Survivor regions: 1->15(35)
[229.456s][info][gc,heap     ] GC(537) Old regions: 583->525
[229.456s][info][gc,heap     ] GC(537) Humongous regions: 5->5
[229.456s][info][gc,metaspace] GC(537) Metaspace: 18743K(18944K)->18743K(18944K) NonClass: 16084K(16192K)->16084K(16192K) Class: 2659K(2752K)->2659K(2752K)
[229.456s][info][gc          ] GC(537) Pause Young (Concurrent Start) (G1 Evacuation Pause) 866M->544M(978M) 61.198ms
[229.456s][info][gc,cpu      ] GC(537) User=0.12s Sys=0.00s Real=0.06s
[229.456s][info][gc          ] GC(538) Concurrent Mark Cycle
[229.456s][info][gc,marking  ] GC(538) Concurrent Scan Root Regions
[229.580s][info][gc,marking  ] GC(538) Concurrent Scan Root Regions 124.222ms
[229.580s][info][gc,marking  ] GC(538) Concurrent Mark
[229.580s][info][gc,marking  ] GC(538) Concurrent Mark From Roots
[229.580s][info][gc,task     ] GC(538) Using 1 workers of 1 for marking
[230.007s][info][gc,start    ] GC(539) Pause Young (Normal) (G1 Evacuation Pause)
[230.007s][info][gc,task     ] GC(539) Using 2 workers of 2 for evacuation
[230.129s][info][gc,phases   ] GC(539)   Pre Evacuate Collection Set: 0.32ms
[230.129s][info][gc,phases   ] GC(539)   Merge Heap Roots: 0.24ms
[230.129s][info][gc,phases   ] GC(539)   Evacuate Collection Set: 115.39ms
[230.129s][info][gc,phases   ] GC(539)   Post Evacuate Collection Set: 5.43ms
[230.129s][info][gc,phases   ] GC(539)   Other: 0.09ms
[230.129s][info][gc,heap     ] GC(539) Eden regions: 325->0(220)
[230.129s][info][gc,heap     ] GC(539) Survivor regions: 15->43(43)
[230.129s][info][gc,heap     ] GC(539) Old regions: 525->598
[230.129s][info][gc,heap     ] GC(539) Humongous regions: 5->5
[230.129s][info][gc,metaspace] GC(539) Metaspace: 18744K(18944K)->18744K(18944K) NonClass: 16085K(16192K)->16085K(16192K) Class: 2659K(2752K)->2659K(2752K)
[230.129s][info][gc          ] GC(539) Pause Young (Normal) (G1 Evacuation Pause) (Evacuation Failure: Allocation) 869M->646M(978M) 121.737ms
[230.129s][info][gc,cpu      ] GC(539) User=0.24s Sys=0.00s Real=0.12s
[230.423s][info][gc,start    ] GC(540) Pause Young (Normal) (G1 Evacuation Pause)
[230.423s][info][gc,task     ] GC(540) Using 2 workers of 2 for evacuation
[230.550s][info][gc,phases   ] GC(540)   Pre Evacuate Collection Set: 0.55ms
[230.550s][info][gc,phases   ] GC(540)   Merge Heap Roots: 0.55ms
[230.550s][info][gc,phases   ] GC(540)   Evacuate Collection Set: 122.53ms
[230.550s][info][gc,phases   ] GC(540)   Post Evacuate Collection Set: 2.70ms
[230.550s][info][gc,phases   ] GC(540)   Other: 0.09ms
[230.550s][info][gc,heap     ] GC(540) Eden regions: 220->0(189)
[230.550s][info][gc,heap     ] GC(540) Survivor regions: 43->33(33)
[230.550s][info][gc,heap     ] GC(540) Old regions: 598->640
[230.550s][info][gc,heap     ] GC(540) Humongous regions: 5->5
[230.550s][info][gc,metaspace] GC(540) Metaspace: 18744K(18944K)->18744K(18944K) NonClass: 16085K(16192K)->16085K(16192K) Class: 2659K(2752K)->2659K(2752K)
[230.550s][info][gc          ] GC(540) Pause Young (Normal) (G1 Evacuation Pause) (Evacuation Failure: Allocation) 866M->678M(978M) 126.702ms
[230.550s][info][gc,cpu      ] GC(540) User=0.25s Sys=0.00s Real=0.13s
[230.807s][info][gc,start    ] GC(541) Pause Young (Normal) (G1 Evacuation Pause)
[230.807s][info][gc,task     ] GC(541) Using 2 workers of 2 for evacuation
[230.920s][info][gc,phases   ] GC(541)   Pre Evacuate Collection Set: 0.32ms
[230.920s][info][gc,phases   ] GC(541)   Merge Heap Roots: 0.40ms
[230.920s][info][gc,phases   ] GC(541)   Evacuate Collection Set: 110.57ms
[230.920s][info][gc,phases   ] GC(541)   Post Evacuate Collection Set: 1.98ms
[230.920s][info][gc,phases   ] GC(541)   Other: 0.09ms
[230.921s][info][gc,heap     ] GC(541) Eden regions: 189->0(142)
[230.921s][info][gc,heap     ] GC(541) Survivor regions: 33->28(28)
[230.921s][info][gc,heap     ] GC(541) Old regions: 640->706
[230.921s][info][gc,heap     ] GC(541) Humongous regions: 8->8
[230.921s][info][gc,metaspace] GC(541) Metaspace: 18744K(18944K)->18744K(18944K) NonClass: 16085K(16192K)->16085K(16192K) Class: 2659K(2752K)->2659K(2752K)
[230.921s][info][gc          ] GC(541) Pause Young (Normal) (G1 Evacuation Pause) (Evacuation Failure: Allocation) 870M->742M(978M) 113.593ms
[230.921s][info][gc,cpu      ] GC(541) User=0.22s Sys=0.00s Real=0.11s
[231.119s][info][gc,start    ] GC(542) Pause Young (Normal) (G1 Evacuation Pause)
[231.119s][info][gc,task     ] GC(542) Using 2 workers of 2 for evacuation
[231.184s][info][gc,phases   ] GC(542)   Pre Evacuate Collection Set: 0.29ms
[231.184s][info][gc,phases   ] GC(542)   Merge Heap Roots: 0.48ms
[231.184s][info][gc,phases   ] GC(542)   Evacuate Collection Set: 63.44ms
[231.184s][info][gc,phases   ] GC(542)   Post Evacuate Collection Set: 0.44ms
[231.184s][info][gc,phases   ] GC(542)   Other: 0.09ms
[231.184s][info][gc,heap     ] GC(542) Eden regions: 142->0(139)
[231.184s][info][gc,heap     ] GC(542) Survivor regions: 28->20(22)
[231.184s][info][gc,heap     ] GC(542) Old regions: 706->729
[231.184s][info][gc,heap     ] GC(542) Humongous regions: 8->8
[231.184s][info][gc,metaspace] GC(542) Metaspace: 18744K(18944K)->18744K(18944K) NonClass: 16085K(16192K)->16085K(16192K) Class: 2659K(2752K)->2659K(2752K)
[231.184s][info][gc          ] GC(542) Pause Young (Normal) (G1 Evacuation Pause) 884M->756M(978M) 64.978ms
[231.184s][info][gc,cpu      ] GC(542) User=0.12s Sys=0.00s Real=0.06s
[231.348s][info][gc,marking  ] GC(538) Concurrent Mark From Roots 1768.000ms
[231.348s][info][gc,marking  ] GC(538) Concurrent Preclean
[231.348s][info][gc,marking  ] GC(538) Concurrent Preclean 0.036ms
[231.348s][info][gc,start    ] GC(538) Pause Remark
[231.356s][info][gc          ] GC(538) Pause Remark 876M->876M(978M) 7.900ms
[231.356s][info][gc,cpu      ] GC(538) User=0.01s Sys=0.00s Real=0.00s
[231.357s][info][gc,marking  ] GC(538) Concurrent Mark 1776.404ms
[231.357s][info][gc,marking  ] GC(538) Concurrent Rebuild Remembered Sets and Scrub Regions
[231.384s][info][gc,start    ] GC(543) Pause Young (Normal) (G1 Evacuation Pause)
[231.384s][info][gc,task     ] GC(543) Using 2 workers of 2 for evacuation
[231.448s][info][gc,phases   ] GC(543)   Pre Evacuate Collection Set: 0.24ms
[231.448s][info][gc,phases   ] GC(543)   Merge Heap Roots: 0.40ms
[231.448s][info][gc,phases   ] GC(543)   Evacuate Collection Set: 62.19ms
[231.448s][info][gc,phases   ] GC(543)   Post Evacuate Collection Set: 0.46ms
[231.448s][info][gc,phases   ] GC(543)   Other: 0.08ms
[231.448s][info][gc,heap     ] GC(543) Eden regions: 139->0(122)
[231.448s][info][gc,heap     ] GC(543) Survivor regions: 20->20(20)
[231.448s][info][gc,heap     ] GC(543) Old regions: 729->754
[231.448s][info][gc,heap     ] GC(543) Humongous regions: 11->11
[231.448s][info][gc,metaspace] GC(543) Metaspace: 18744K(18944K)->18744K(18944K) NonClass: 16085K(16192K)->16085K(16192K) Class: 2659K(2752K)->2659K(2752K)
[231.448s][info][gc          ] GC(543) Pause Young (Normal) (G1 Evacuation Pause) 898M->784M(978M) 63.587ms
[231.448s][info][gc,cpu      ] GC(543) User=0.13s Sys=0.00s Real=0.07s
[231.569s][info][gc,start    ] GC(544) Pause Young (Normal) (G1 Evacuation Pause)
[231.569s][info][gc,task     ] GC(544) Using 2 workers of 2 for evacuation
[231.618s][info][gc,phases   ] GC(544)   Pre Evacuate Collection Set: 0.46ms
[231.618s][info][gc,phases   ] GC(544)   Merge Heap Roots: 0.34ms
[231.618s][info][gc,phases   ] GC(544)   Evacuate Collection Set: 47.03ms
[231.618s][info][gc,phases   ] GC(544)   Post Evacuate Collection Set: 0.39ms
[231.618s][info][gc,phases   ] GC(544)   Other: 0.07ms
[231.618s][info][gc,heap     ] GC(544) Eden regions: 122->0(115)
[231.618s][info][gc,heap     ] GC(544) Survivor regions: 20->14(18)
[231.618s][info][gc,heap     ] GC(544) Old regions: 754->774
[231.618s][info][gc,heap     ] GC(544) Humongous regions: 11->11
[231.618s][info][gc,metaspace] GC(544) Metaspace: 18744K(18944K)->18744K(18944K) NonClass: 16085K(16192K)->16085K(16192K) Class: 2659K(2752K)->2659K(2752K)
[231.618s][info][gc          ] GC(544) Pause Young (Normal) (G1 Evacuation Pause) 906M->798M(978M) 48.537ms
[231.618s][info][gc,cpu      ] GC(544) User=0.09s Sys=0.00s Real=0.05s
[231.776s][info][gc,start    ] GC(545) Pause Young (Normal) (G1 Evacuation Pause)
[231.776s][info][gc,task     ] GC(545) Using 2 workers of 2 for evacuation
[231.809s][info][gc,phases   ] GC(545)   Pre Evacuate Collection Set: 0.45ms
[231.809s][info][gc,phases   ] GC(545)   Merge Heap Roots: 0.23ms
[231.809s][info][gc,phases   ] GC(545)   Evacuate Collection Set: 31.15ms
[231.809s][info][gc,phases   ] GC(545)   Post Evacuate Collection Set: 0.36ms
[231.809s][info][gc,phases   ] GC(545)   Other: 0.07ms
[231.809s][info][gc,heap     ] GC(545) Eden regions: 115->0(105)
[231.809s][info][gc,heap     ] GC(545) Survivor regions: 14->12(17)
[231.809s][info][gc,heap     ] GC(545) Old regions: 774->788
[231.809s][info][gc,heap     ] GC(545) Humongous regions: 11->11
[231.809s][info][gc,metaspace] GC(545) Metaspace: 18744K(18944K)->18744K(18944K) NonClass: 16085K(16192K)->16085K(16192K) Class: 2659K(2752K)->2659K(2752K)
[231.809s][info][gc          ] GC(545) Pause Young (Normal) (G1 Evacuation Pause) 913M->810M(978M) 32.487ms
[231.809s][info][gc,cpu      ] GC(545) User=0.06s Sys=0.00s Real=0.04s
[231.921s][info][gc,start    ] GC(546) Pause Young (Normal) (G1 Evacuation Pause)
[231.921s][info][gc,task     ] GC(546) Using 2 workers of 2 for evacuation
[231.951s][info][gc,phases   ] GC(546)   Pre Evacuate Collection Set: 0.47ms
[231.951s][info][gc,phases   ] GC(546)   Merge Heap Roots: 0.24ms
[231.951s][info][gc,phases   ] GC(546)   Evacuate Collection Set: 29.49ms
[231.951s][info][gc,phases   ] GC(546)   Post Evacuate Collection Set: 0.40ms
[231.951s][info][gc,phases   ] GC(546)   Other: 0.08ms
[231.951s][info][gc,heap     ] GC(546) Eden regions: 105->0(94)
[231.951s][info][gc,heap     ] GC(546) Survivor regions: 12->12(15)
[231.951s][info][gc,heap     ] GC(546) Old regions: 788->799
[231.951s][info][gc,heap     ] GC(546) Humongous regions: 11->11
[231.951s][info][gc,metaspace] GC(546) Metaspace: 18744K(18944K)->18744K(18944K) NonClass: 16085K(16192K)->16085K(16192K) Class: 2659K(2752K)->2659K(2752K)
[231.951s][info][gc          ] GC(546) Pause Young (Normal) (G1 Evacuation Pause) 915M->821M(978M) 30.869ms
[231.951s][info][gc,cpu      ] GC(546) User=0.06s Sys=0.00s Real=0.03s
[232.024s][info][gc,start    ] GC(547) Pause Young (Normal) (G1 Evacuation Pause)
[232.024s][info][gc,task     ] GC(547) Using 2 workers of 2 for evacuation
[232.049s][info][gc,phases   ] GC(547)   Pre Evacuate Collection Set: 0.24ms
[232.049s][info][gc,phases   ] GC(547)   Merge Heap Roots: 0.23ms
[232.049s][info][gc,phases   ] GC(547)   Evacuate Collection Set: 24.08ms
[232.049s][info][gc,phases   ] GC(547)   Post Evacuate Collection Set: 0.38ms
[232.049s][info][gc,phases   ] GC(547)   Other: 0.08ms
[232.049s][info][gc,heap     ] GC(547) Eden regions: 94->0(99)
[232.049s][info][gc,heap     ] GC(547) Survivor regions: 12->4(14)
[232.049s][info][gc,heap     ] GC(547) Old regions: 799->810
[232.049s][info][gc,heap     ] GC(547) Humongous regions: 11->11
[232.049s][info][gc,metaspace] GC(547) Metaspace: 18744K(18944K)->18744K(18944K) NonClass: 16085K(16192K)->16085K(16192K) Class: 2659K(2752K)->2659K(2752K)
[232.049s][info][gc          ] GC(547) Pause Young (Normal) (G1 Evacuation Pause) 915M->824M(978M) 25.217ms
[232.049s][info][gc,cpu      ] GC(547) User=0.05s Sys=0.00s Real=0.03s
[232.148s][info][gc,start    ] GC(548) Pause Young (Normal) (G1 Evacuation Pause)
[232.148s][info][gc,task     ] GC(548) Using 2 workers of 2 for evacuation
[232.164s][info][gc,phases   ] GC(548)   Pre Evacuate Collection Set: 0.46ms
[232.164s][info][gc,phases   ] GC(548)   Merge Heap Roots: 0.26ms
[232.164s][info][gc,phases   ] GC(548)   Evacuate Collection Set: 15.03ms
[232.164s][info][gc,phases   ] GC(548)   Post Evacuate Collection Set: 0.39ms
[232.164s][info][gc,phases   ] GC(548)   Other: 0.07ms
[232.164s][info][gc,heap     ] GC(548) Eden regions: 99->0(97)
[232.164s][info][gc,heap     ] GC(548) Survivor regions: 4->5(13)
[232.164s][info][gc,heap     ] GC(548) Old regions: 810->810
[232.164s][info][gc,heap     ] GC(548) Humongous regions: 11->11
[232.164s][info][gc,metaspace] GC(548) Metaspace: 18744K(18944K)->18744K(18944K) NonClass: 16085K(16192K)->16085K(16192K) Class: 2659K(2752K)->2659K(2752K)
[232.164s][info][gc          ] GC(548) Pause Young (Normal) (G1 Evacuation Pause) 923M->825M(978M) 16.416ms
[232.164s][info][gc,cpu      ] GC(548) User=0.03s Sys=0.00s Real=0.01s
[232.284s][info][gc,start    ] GC(549) Pause Young (Normal) (G1 Evacuation Pause)
[232.284s][info][gc,task     ] GC(549) Using 2 workers of 2 for evacuation
[232.311s][info][gc,phases   ] GC(549)   Pre Evacuate Collection Set: 0.27ms
[232.311s][info][gc,phases   ] GC(549)   Merge Heap Roots: 0.28ms
[232.311s][info][gc,phases   ] GC(549)   Evacuate Collection Set: 25.90ms
[232.311s][info][gc,phases   ] GC(549)   Post Evacuate Collection Set: 0.43ms
[232.311s][info][gc,phases   ] GC(549)   Other: 0.07ms
[232.311s][info][gc,heap     ] GC(549) Eden regions: 97->0(79)
[232.311s][info][gc,heap     ] GC(549) Survivor regions: 5->13(13)
[232.311s][info][gc,heap     ] GC(549) Old regions: 810->812
[232.311s][info][gc,heap     ] GC(549) Humongous regions: 11->11
[232.311s][info][gc,metaspace] GC(549) Metaspace: 18746K(18944K)->18746K(18944K) NonClass: 16087K(16192K)->16087K(16192K) Class: 2659K(2752K)->2659K(2752K)
[232.311s][info][gc          ] GC(549) Pause Young (Normal) (G1 Evacuation Pause) 922M->835M(978M) 27.189ms
[232.311s][info][gc,cpu      ] GC(549) User=0.05s Sys=0.00s Real=0.03s
[232.381s][info][gc,start    ] GC(550) Pause Young (Normal) (G1 Evacuation Pause)
[232.381s][info][gc,task     ] GC(550) Using 2 workers of 2 for evacuation
[232.420s][info][gc,phases   ] GC(550)   Pre Evacuate Collection Set: 0.48ms
[232.420s][info][gc,phases   ] GC(550)   Merge Heap Roots: 0.30ms
[232.420s][info][gc,phases   ] GC(550)   Evacuate Collection Set: 37.63ms
[232.420s][info][gc,phases   ] GC(550)   Post Evacuate Collection Set: 0.44ms
[232.420s][info][gc,phases   ] GC(550)   Other: 0.06ms
[232.420s][info][gc,heap     ] GC(550) Eden regions: 79->0(67)
[232.420s][info][gc,heap     ] GC(550) Survivor regions: 13->12(12)
[232.420s][info][gc,heap     ] GC(550) Old regions: 812->826
[232.420s][info][gc,heap     ] GC(550) Humongous regions: 11->11
[232.420s][info][gc,metaspace] GC(550) Metaspace: 18746K(18944K)->18746K(18944K) NonClass: 16087K(16192K)->16087K(16192K) Class: 2659K(2752K)->2659K(2752K)
[232.420s][info][gc          ] GC(550) Pause Young (Normal) (G1 Evacuation Pause) 914M->848M(978M) 39.103ms
[232.420s][info][gc,cpu      ] GC(550) User=0.08s Sys=0.00s Real=0.04s
[232.501s][info][gc,start    ] GC(551) Pause Young (Normal) (G1 Evacuation Pause)
[232.501s][info][gc,task     ] GC(551) Using 2 workers of 2 for evacuation
[232.533s][info][gc,phases   ] GC(551)   Pre Evacuate Collection Set: 0.25ms
[232.533s][info][gc,phases   ] GC(551)   Merge Heap Roots: 0.37ms
[232.533s][info][gc,phases   ] GC(551)   Evacuate Collection Set: 30.61ms
[232.533s][info][gc,phases   ] GC(551)   Post Evacuate Collection Set: 0.46ms
[232.533s][info][gc,phases   ] GC(551)   Other: 0.08ms
[232.533s][info][gc,heap     ] GC(551) Eden regions: 67->0(75)
[232.533s][info][gc,heap     ] GC(551) Survivor regions: 12->2(10)
[232.533s][info][gc,heap     ] GC(551) Old regions: 826->838
[232.533s][info][gc,heap     ] GC(551) Humongous regions: 11->11
[232.533s][info][gc,metaspace] GC(551) Metaspace: 18746K(18944K)->18746K(18944K) NonClass: 16087K(16192K)->16087K(16192K) Class: 2659K(2752K)->2659K(2752K)
[232.533s][info][gc          ] GC(551) Pause Young (Normal) (G1 Evacuation Pause) 915M->851M(978M) 31.975ms
[232.533s][info][gc,cpu      ] GC(551) User=0.06s Sys=0.00s Real=0.03s
[232.535s][info][gc,marking  ] GC(538) Concurrent Rebuild Remembered Sets and Scrub Regions 1178.071ms
[232.535s][info][gc,start    ] GC(538) Pause Cleanup
[232.535s][info][gc          ] GC(538) Pause Cleanup 852M->852M(978M) 0.098ms
[232.535s][info][gc,cpu      ] GC(538) User=0.00s Sys=0.00s Real=0.00s
[232.536s][info][gc,marking  ] GC(538) Concurrent Clear Claimed Marks
[232.536s][info][gc,marking  ] GC(538) Concurrent Clear Claimed Marks 0.040ms
[232.536s][info][gc,marking  ] GC(538) Concurrent Cleanup for Next Mark
[232.550s][info][gc,marking  ] GC(538) Concurrent Cleanup for Next Mark 13.264ms
[232.550s][info][gc          ] GC(538) Concurrent Mark Cycle 3093.880ms
[232.661s][info][gc,start    ] GC(552) Pause Young (Prepare Mixed) (G1 Evacuation Pause)
[232.661s][info][gc,task     ] GC(552) Using 2 workers of 2 for evacuation
[232.690s][info][gc,phases   ] GC(552)   Pre Evacuate Collection Set: 0.29ms
[232.690s][info][gc,phases   ] GC(552)   Merge Heap Roots: 0.40ms
[232.690s][info][gc,phases   ] GC(552)   Evacuate Collection Set: 27.69ms
[232.690s][info][gc,phases   ] GC(552)   Post Evacuate Collection Set: 0.45ms
[232.690s][info][gc,phases   ] GC(552)   Other: 0.07ms
[232.690s][info][gc,heap     ] GC(552) Eden regions: 75->0(58)
[232.690s][info][gc,heap     ] GC(552) Survivor regions: 2->10(10)
[232.690s][info][gc,heap     ] GC(552) Old regions: 838->839
[232.690s][info][gc,heap     ] GC(552) Humongous regions: 11->11
[232.690s][info][gc,metaspace] GC(552) Metaspace: 18746K(18944K)->18746K(18944K) NonClass: 16087K(16192K)->16087K(16192K) Class: 2659K(2752K)->2659K(2752K)
[232.690s][info][gc          ] GC(552) Pause Young (Prepare Mixed) (G1 Evacuation Pause) 926M->859M(978M) 29.088ms
[232.690s][info][gc,cpu      ] GC(552) User=0.06s Sys=0.00s Real=0.03s
[232.758s][info][gc,start    ] GC(553) Pause Young (Mixed) (G1 Evacuation Pause)
[232.758s][info][gc,task     ] GC(553) Using 2 workers of 2 for evacuation
[232.867s][info][gc,phases   ] GC(553)   Pre Evacuate Collection Set: 0.47ms
[232.867s][info][gc,phases   ] GC(553)   Merge Heap Roots: 2.22ms
[232.867s][info][gc,phases   ] GC(553)   Evacuate Collection Set: 104.84ms
[232.867s][info][gc,phases   ] GC(553)   Post Evacuate Collection Set: 0.81ms
[232.867s][info][gc,phases   ] GC(553)   Other: 0.06ms
[232.867s][info][gc,heap     ] GC(553) Eden regions: 58->0(39)
[232.867s][info][gc,heap     ] GC(553) Survivor regions: 10->9(9)
[232.867s][info][gc,heap     ] GC(553) Old regions: 839->844
[232.867s][info][gc,heap     ] GC(553) Humongous regions: 11->11
[232.867s][info][gc,metaspace] GC(553) Metaspace: 18746K(18944K)->18746K(18944K) NonClass: 16087K(16192K)->16087K(16192K) Class: 2659K(2752K)->2659K(2752K)
[232.867s][info][gc          ] GC(553) Pause Young (Mixed) (G1 Evacuation Pause) 917M->863M(978M) 108.625ms
[232.867s][info][gc,cpu      ] GC(553) User=0.21s Sys=0.00s Real=0.11s
[233.094s][info][gc,start    ] GC(554) Pause Young (Mixed) (G1 Evacuation Pause)
[233.094s][info][gc,task     ] GC(554) Using 2 workers of 2 for evacuation
[233.237s][info][gc,phases   ] GC(554)   Pre Evacuate Collection Set: 0.31ms
[233.237s][info][gc,phases   ] GC(554)   Merge Heap Roots: 0.96ms
[233.237s][info][gc,phases   ] GC(554)   Evacuate Collection Set: 141.56ms
[233.237s][info][gc,phases   ] GC(554)   Post Evacuate Collection Set: 0.32ms
[233.237s][info][gc,phases   ] GC(554)   Other: 0.10ms
[233.237s][info][gc,heap     ] GC(554) Eden regions: 55->0(63)
[233.237s][info][gc,heap     ] GC(554) Survivor regions: 9->1(8)
[233.237s][info][gc,heap     ] GC(554) Old regions: 844->852
[233.237s][info][gc,heap     ] GC(554) Humongous regions: 11->11
[233.237s][info][gc,metaspace] GC(554) Metaspace: 18746K(18944K)->18746K(18944K) NonClass: 16087K(16192K)->16087K(16192K) Class: 2659K(2752K)->2659K(2752K)
[233.237s][info][gc          ] GC(554) Pause Young (Mixed) (G1 Evacuation Pause) 918M->864M(978M) 143.475ms
[233.237s][info][gc,cpu      ] GC(554) User=0.28s Sys=0.01s Real=0.15s
[233.412s][info][gc,start    ] GC(555) Pause Young (Concurrent Start) (G1 Evacuation Pause)
[233.412s][info][gc,task     ] GC(555) Using 2 workers of 2 for evacuation
[233.414s][info][gc,phases   ] GC(555)   Pre Evacuate Collection Set: 0.32ms
[233.414s][info][gc,phases   ] GC(555)   Merge Heap Roots: 0.08ms
[233.414s][info][gc,phases   ] GC(555)   Evacuate Collection Set: 1.08ms
[233.414s][info][gc,phases   ] GC(555)   Post Evacuate Collection Set: 0.28ms
[233.414s][info][gc,phases   ] GC(555)   Other: 0.09ms
[233.414s][info][gc,heap     ] GC(555) Eden regions: 63->0(63)
[233.414s][info][gc,heap     ] GC(555) Survivor regions: 1->1(8)
[233.414s][info][gc,heap     ] GC(555) Old regions: 852->852
[233.414s][info][gc,heap     ] GC(555) Humongous regions: 11->11
[233.414s][info][gc,metaspace] GC(555) Metaspace: 18746K(18944K)->18746K(18944K) NonClass: 16087K(16192K)->16087K(16192K) Class: 2659K(2752K)->2659K(2752K)
[233.414s][info][gc          ] GC(555) Pause Young (Concurrent Start) (G1 Evacuation Pause) 927M->863M(978M) 2.035ms
[233.414s][info][gc          ] GC(556) Concurrent Mark Cycle
[233.414s][info][gc,marking  ] GC(556) Concurrent Scan Root Regions
[233.414s][info][gc,cpu      ] GC(555) User=0.00s Sys=0.00s Real=0.00s
[233.416s][info][gc,marking  ] GC(556) Concurrent Scan Root Regions 2.341ms
[233.416s][info][gc,marking  ] GC(556) Concurrent Mark
[233.416s][info][gc,marking  ] GC(556) Concurrent Mark From Roots
[233.416s][info][gc,task     ] GC(556) Using 1 workers of 1 for marking
[233.654s][info][gc,start    ] GC(557) Pause Young (Normal) (G1 Evacuation Pause)
[233.654s][info][gc,task     ] GC(557) Using 2 workers of 2 for evacuation
[233.656s][info][gc,phases   ] GC(557)   Pre Evacuate Collection Set: 0.31ms
[233.656s][info][gc,phases   ] GC(557)   Merge Heap Roots: 0.09ms
[233.656s][info][gc,phases   ] GC(557)   Evacuate Collection Set: 1.13ms
[233.656s][info][gc,phases   ] GC(557)   Post Evacuate Collection Set: 0.31ms
[233.656s][info][gc,phases   ] GC(557)   Other: 0.08ms
[233.656s][info][gc,heap     ] GC(557) Eden regions: 63->0(63)
[233.656s][info][gc,heap     ] GC(557) Survivor regions: 1->1(8)
[233.656s][info][gc,heap     ] GC(557) Old regions: 852->852
[233.656s][info][gc,heap     ] GC(557) Humongous regions: 11->11
[233.656s][info][gc,metaspace] GC(557) Metaspace: 18746K(18944K)->18746K(18944K) NonClass: 16087K(16192K)->16087K(16192K) Class: 2659K(2752K)->2659K(2752K)
[233.656s][info][gc          ] GC(557) Pause Young (Normal) (G1 Evacuation Pause) 926M->863M(978M) 2.156ms
[233.656s][info][gc,cpu      ] GC(557) User=0.00s Sys=0.00s Real=0.00s
[233.898s][info][gc,start    ] GC(558) Pause Young (Normal) (G1 Evacuation Pause)
[233.899s][info][gc,task     ] GC(558) Using 2 workers of 2 for evacuation
[233.900s][info][gc,phases   ] GC(558)   Pre Evacuate Collection Set: 0.29ms
[233.900s][info][gc,phases   ] GC(558)   Merge Heap Roots: 0.10ms
[233.901s][info][gc,phases   ] GC(558)   Evacuate Collection Set: 1.19ms
[233.901s][info][gc,phases   ] GC(558)   Post Evacuate Collection Set: 0.26ms
[233.901s][info][gc,phases   ] GC(558)   Other: 0.10ms
[233.901s][info][gc,heap     ] GC(558) Eden regions: 63->0(63)
[233.901s][info][gc,heap     ] GC(558) Survivor regions: 1->1(8)
[233.901s][info][gc,heap     ] GC(558) Old regions: 852->852
[233.901s][info][gc,heap     ] GC(558) Humongous regions: 11->11
[233.901s][info][gc,metaspace] GC(558) Metaspace: 18746K(18944K)->18746K(18944K) NonClass: 16087K(16192K)->16087K(16192K) Class: 2659K(2752K)->2659K(2752K)
[233.901s][info][gc          ] GC(558) Pause Young (Normal) (G1 Evacuation Pause) 926M->863M(978M) 2.195ms
[233.901s][info][gc,cpu      ] GC(558) User=0.00s Sys=0.00s Real=0.00s
[234.123s][info][gc,start    ] GC(559) Pause Young (Normal) (G1 Evacuation Pause)
[234.123s][info][gc,task     ] GC(559) Using 2 workers of 2 for evacuation
[234.125s][info][gc,phases   ] GC(559)   Pre Evacuate Collection Set: 0.27ms
[234.125s][info][gc,phases   ] GC(559)   Merge Heap Roots: 0.08ms
[234.125s][info][gc,phases   ] GC(559)   Evacuate Collection Set: 0.97ms
[234.125s][info][gc,phases   ] GC(559)   Post Evacuate Collection Set: 0.25ms
[234.125s][info][gc,phases   ] GC(559)   Other: 0.06ms
[234.125s][info][gc,heap     ] GC(559) Eden regions: 63->0(63)
[234.125s][info][gc,heap     ] GC(559) Survivor regions: 1->1(8)
[234.125s][info][gc,heap     ] GC(559) Old regions: 852->852
[234.125s][info][gc,heap     ] GC(559) Humongous regions: 11->11
[234.125s][info][gc,metaspace] GC(559) Metaspace: 18746K(18944K)->18746K(18944K) NonClass: 16087K(16192K)->16087K(16192K) Class: 2659K(2752K)->2659K(2752K)
[234.125s][info][gc          ] GC(559) Pause Young (Normal) (G1 Evacuation Pause) 926M->863M(978M) 1.831ms
[234.125s][info][gc,cpu      ] GC(559) User=0.00s Sys=0.00s Real=0.00s
[234.330s][info][gc,start    ] GC(560) Pause Young (Normal) (G1 Evacuation Pause)
[234.330s][info][gc,task     ] GC(560) Using 2 workers of 2 for evacuation
[234.332s][info][gc,phases   ] GC(560)   Pre Evacuate Collection Set: 0.30ms
[234.332s][info][gc,phases   ] GC(560)   Merge Heap Roots: 0.09ms
[234.332s][info][gc,phases   ] GC(560)   Evacuate Collection Set: 0.98ms
[234.332s][info][gc,phases   ] GC(560)   Post Evacuate Collection Set: 0.28ms
[234.332s][info][gc,phases   ] GC(560)   Other: 0.12ms
[234.332s][info][gc,heap     ] GC(560) Eden regions: 63->0(63)
[234.332s][info][gc,heap     ] GC(560) Survivor regions: 1->1(8)
[234.332s][info][gc,heap     ] GC(560) Old regions: 852->852
[234.332s][info][gc,heap     ] GC(560) Humongous regions: 11->11
[234.332s][info][gc,metaspace] GC(560) Metaspace: 18746K(18944K)->18746K(18944K) NonClass: 16087K(16192K)->16087K(16192K) Class: 2659K(2752K)->2659K(2752K)
[234.332s][info][gc          ] GC(560) Pause Young (Normal) (G1 Evacuation Pause) 926M->863M(978M) 2.005ms
[234.332s][info][gc,cpu      ] GC(560) User=0.01s Sys=0.00s Real=0.00s
[234.335s][info][gc,marking  ] GC(556) Concurrent Mark From Roots 918.759ms
[234.335s][info][gc,marking  ] GC(556) Concurrent Preclean
[234.335s][info][gc,marking  ] GC(556) Concurrent Preclean 0.028ms
[234.339s][info][gc,start    ] GC(556) Pause Remark
[234.347s][info][gc          ] GC(556) Pause Remark 864M->439M(978M) 7.486ms
[234.347s][info][gc,cpu      ] GC(556) User=0.01s Sys=0.00s Real=0.00s
[234.349s][info][gc,marking  ] GC(556) Concurrent Mark 932.038ms
[234.349s][info][gc,marking  ] GC(556) Concurrent Rebuild Remembered Sets and Scrub Regions
[234.566s][info][gc,start    ] GC(561) Pause Young (Normal) (G1 Evacuation Pause)
[234.566s][info][gc,task     ] GC(561) Using 2 workers of 2 for evacuation
[234.568s][info][gc,phases   ] GC(561)   Pre Evacuate Collection Set: 0.27ms
[234.568s][info][gc,phases   ] GC(561)   Merge Heap Roots: 0.08ms
[234.568s][info][gc,phases   ] GC(561)   Evacuate Collection Set: 0.97ms
[234.568s][info][gc,phases   ] GC(561)   Post Evacuate Collection Set: 0.28ms
[234.568s][info][gc,phases   ] GC(561)   Other: 0.08ms
[234.568s][info][gc,heap     ] GC(561) Eden regions: 63->0(436)
[234.568s][info][gc,heap     ] GC(561) Survivor regions: 1->1(8)
[234.568s][info][gc,heap     ] GC(561) Old regions: 434->434
[234.568s][info][gc,heap     ] GC(561) Humongous regions: 4->4
[234.568s][info][gc,metaspace] GC(561) Metaspace: 18746K(18944K)->18746K(18944K) NonClass: 16087K(16192K)->16087K(16192K) Class: 2659K(2752K)->2659K(2752K)
[234.568s][info][gc          ] GC(561) Pause Young (Normal) (G1 Evacuation Pause) 501M->438M(978M) 1.910ms
[234.568s][info][gc,cpu      ] GC(561) User=0.00s Sys=0.00s Real=0.01s
[234.726s][info][gc,marking  ] GC(556) Concurrent Rebuild Remembered Sets and Scrub Regions 377.272ms
[234.728s][info][gc,start    ] GC(556) Pause Cleanup
[234.728s][info][gc          ] GC(556) Pause Cleanup 499M->499M(978M) 0.172ms
[234.728s][info][gc,cpu      ] GC(556) User=0.00s Sys=0.00s Real=0.00s
[234.728s][info][gc,marking  ] GC(556) Concurrent Clear Claimed Marks
[234.728s][info][gc,marking  ] GC(556) Concurrent Clear Claimed Marks 0.027ms
[234.728s][info][gc,marking  ] GC(556) Concurrent Cleanup for Next Mark
[234.733s][info][gc,marking  ] GC(556) Concurrent Cleanup for Next Mark 4.829ms
[234.733s][info][gc          ] GC(556) Concurrent Mark Cycle 1318.839ms
[235.348s][info][gc,start    ] GC(562) Pause Young (Prepare Mixed) (G1 Evacuation Pause)
[235.348s][info][gc,task     ] GC(562) Using 2 workers of 2 for evacuation
[235.414s][info][gc,phases   ] GC(562)   Pre Evacuate Collection Set: 0.27ms
[235.414s][info][gc,phases   ] GC(562)   Merge Heap Roots: 0.61ms
[235.414s][info][gc,phases   ] GC(562)   Evacuate Collection Set: 64.79ms
[235.414s][info][gc,phases   ] GC(562)   Post Evacuate Collection Set: 0.65ms
[235.414s][info][gc,phases   ] GC(562)   Other: 0.08ms
[235.414s][info][gc,heap     ] GC(562) Eden regions: 436->0(28)
[235.414s][info][gc,heap     ] GC(562) Survivor regions: 1->52(55)
[235.414s][info][gc,heap     ] GC(562) Old regions: 434->434
[235.414s][info][gc,heap     ] GC(562) Humongous regions: 4->4
[235.414s][info][gc,metaspace] GC(562) Metaspace: 18746K(18944K)->18746K(18944K) NonClass: 16087K(16192K)->16087K(16192K) Class: 2659K(2752K)->2659K(2752K)
[235.414s][info][gc          ] GC(562) Pause Young (Prepare Mixed) (G1 Evacuation Pause) 874M->490M(978M) 66.603ms
[235.414s][info][gc,cpu      ] GC(562) User=0.13s Sys=0.00s Real=0.06s
[235.529s][info][gc,start    ] GC(563) Pause Young (Mixed) (G1 Evacuation Pause)
[235.529s][info][gc,task     ] GC(563) Using 2 workers of 2 for evacuation
[235.628s][info][gc,phases   ] GC(563)   Pre Evacuate Collection Set: 0.31ms
[235.629s][info][gc,phases   ] GC(563)   Merge Heap Roots: 0.20ms
[235.629s][info][gc,phases   ] GC(563)   Evacuate Collection Set: 98.37ms
[235.629s][info][gc,phases   ] GC(563)   Post Evacuate Collection Set: 0.77ms
[235.629s][info][gc,phases   ] GC(563)   Other: 0.08ms
[235.629s][info][gc,heap     ] GC(563) Eden regions: 177->0(74)
[235.629s][info][gc,heap     ] GC(563) Survivor regions: 52->29(29)
[235.629s][info][gc,heap     ] GC(563) Old regions: 434->511
[235.629s][info][gc,heap     ] GC(563) Humongous regions: 4->4
[235.629s][info][gc,metaspace] GC(563) Metaspace: 18747K(18944K)->18747K(18944K) NonClass: 16088K(16192K)->16088K(16192K) Class: 2659K(2752K)->2659K(2752K)
[235.629s][info][gc          ] GC(563) Pause Young (Mixed) (G1 Evacuation Pause) 667M->543M(978M) 99.965ms
[235.629s][info][gc,cpu      ] GC(563) User=0.20s Sys=0.00s Real=0.10s
[235.761s][info][gc,start    ] GC(564) Pause Young (Mixed) (G1 Evacuation Pause)
[235.761s][info][gc,task     ] GC(564) Using 2 workers of 2 for evacuation
[235.823s][info][gc,phases   ] GC(564)   Pre Evacuate Collection Set: 0.54ms
[235.823s][info][gc,phases   ] GC(564)   Merge Heap Roots: 0.91ms
[235.823s][info][gc,phases   ] GC(564)   Evacuate Collection Set: 59.89ms
[235.823s][info][gc,phases   ] GC(564)   Post Evacuate Collection Set: 0.62ms
[235.823s][info][gc,phases   ] GC(564)   Other: 0.11ms
[235.823s][info][gc,heap     ] GC(564) Eden regions: 159->0(239)
[235.823s][info][gc,heap     ] GC(564) Survivor regions: 29->6(24)
[235.823s][info][gc,heap     ] GC(564) Old regions: 511->529
[235.823s][info][gc,heap     ] GC(564) Humongous regions: 4->4
[235.823s][info][gc,metaspace] GC(564) Metaspace: 18747K(18944K)->18747K(18944K) NonClass: 16088K(16192K)->16088K(16192K) Class: 2659K(2752K)->2659K(2752K)
[235.823s][info][gc          ] GC(564) Pause Young (Mixed) (G1 Evacuation Pause) 702M->538M(978M) 62.399ms
[235.823s][info][gc,cpu      ] GC(564) User=0.12s Sys=0.01s Real=0.06s
[236.099s][info][gc,start    ] GC(565) Pause Young (Mixed) (G1 Evacuation Pause)
[236.099s][info][gc,task     ] GC(565) Using 2 workers of 2 for evacuation
[236.181s][info][gc,phases   ] GC(565)   Pre Evacuate Collection Set: 0.33ms
[236.181s][info][gc,phases   ] GC(565)   Merge Heap Roots: 0.64ms
[236.181s][info][gc,phases   ] GC(565)   Evacuate Collection Set: 79.76ms
[236.181s][info][gc,phases   ] GC(565)   Post Evacuate Collection Set: 0.85ms
[236.181s][info][gc,phases   ] GC(565)   Other: 0.09ms
[236.181s][info][gc,heap     ] GC(565) Eden regions: 311->0(8)
[236.181s][info][gc,heap     ] GC(565) Survivor regions: 6->40(40)
[236.181s][info][gc,heap     ] GC(565) Old regions: 529->474
[236.181s][info][gc,heap     ] GC(565) Humongous regions: 8->8
[236.181s][info][gc,metaspace] GC(565) Metaspace: 18747K(18944K)->18747K(18944K) NonClass: 16088K(16192K)->16088K(16192K) Class: 2659K(2752K)->2659K(2752K)
[236.181s][info][gc          ] GC(565) Pause Young (Mixed) (G1 Evacuation Pause) 853M->522M(978M) 81.907ms
[236.181s][info][gc,cpu      ] GC(565) User=0.16s Sys=0.00s Real=0.08s
[236.201s][info][gc,start    ] GC(566) Pause Young (Mixed) (G1 Evacuation Pause)
[236.201s][info][gc,task     ] GC(566) Using 2 workers of 2 for evacuation
[236.357s][info][gc,phases   ] GC(566)   Pre Evacuate Collection Set: 0.24ms
[236.357s][info][gc,phases   ] GC(566)   Merge Heap Roots: 0.60ms
[236.357s][info][gc,phases   ] GC(566)   Evacuate Collection Set: 153.44ms
[236.357s][info][gc,phases   ] GC(566)   Post Evacuate Collection Set: 1.14ms
[236.357s][info][gc,phases   ] GC(566)   Other: 0.06ms
[236.357s][info][gc,heap     ] GC(566) Eden regions: 30->0(324)
[236.357s][info][gc,heap     ] GC(566) Survivor regions: 40->1(9)
[236.357s][info][gc,heap     ] GC(566) Old regions: 474->514
[236.357s][info][gc,heap     ] GC(566) Humongous regions: 8->8
[236.357s][info][gc,metaspace] GC(566) Metaspace: 18747K(18944K)->18747K(18944K) NonClass: 16088K(16192K)->16088K(16192K) Class: 2659K(2752K)->2659K(2752K)
[236.357s][info][gc          ] GC(566) Pause Young (Mixed) (G1 Evacuation Pause) 552M->522M(978M) 155.661ms
[236.357s][info][gc,cpu      ] GC(566) User=0.30s Sys=0.00s Real=0.15s
[236.651s][info][gc,start    ] GC(567) Pause Young (Concurrent Start) (G1 Evacuation Pause)
[236.651s][info][gc,task     ] GC(567) Using 2 workers of 2 for evacuation
[236.704s][info][gc,phases   ] GC(567)   Pre Evacuate Collection Set: 0.33ms
[236.704s][info][gc,phases   ] GC(567)   Merge Heap Roots: 0.27ms
[236.704s][info][gc,phases   ] GC(567)   Evacuate Collection Set: 51.55ms
[236.704s][info][gc,phases   ] GC(567)   Post Evacuate Collection Set: 0.55ms
[236.704s][info][gc,phases   ] GC(567)   Other: 0.10ms
[236.704s][info][gc,heap     ] GC(567) Eden regions: 324->0(283)
[236.704s][info][gc,heap     ] GC(567) Survivor regions: 1->41(41)
[236.704s][info][gc,heap     ] GC(567) Old regions: 514->515
[236.704s][info][gc,heap     ] GC(567) Humongous regions: 8->8
[236.704s][info][gc,metaspace] GC(567) Metaspace: 18747K(18944K)->18747K(18944K) NonClass: 16088K(16192K)->16088K(16192K) Class: 2659K(2752K)->2659K(2752K)
[236.704s][info][gc          ] GC(567) Pause Young (Concurrent Start) (G1 Evacuation Pause) 846M->564M(978M) 53.068ms
[236.704s][info][gc          ] GC(568) Concurrent Mark Cycle
[236.704s][info][gc,marking  ] GC(568) Concurrent Scan Root Regions
[236.705s][info][gc,cpu      ] GC(567) User=0.10s Sys=0.00s Real=0.05s
[236.785s][info][gc,marking  ] GC(568) Concurrent Scan Root Regions 80.595ms
[236.785s][info][gc,marking  ] GC(568) Concurrent Mark
[236.785s][info][gc,marking  ] GC(568) Concurrent Mark From Roots
[236.785s][info][gc,task     ] GC(568) Using 1 workers of 1 for marking
[237.156s][info][gc,start    ] GC(569) Pause Young (Normal) (G1 Evacuation Pause)
[237.156s][info][gc,task     ] GC(569) Using 2 workers of 2 for evacuation
[237.212s][info][gc,phases   ] GC(569)   Pre Evacuate Collection Set: 0.33ms
[237.212s][info][gc,phases   ] GC(569)   Merge Heap Roots: 0.40ms
[237.212s][info][gc,phases   ] GC(569)   Evacuate Collection Set: 53.74ms
[237.212s][info][gc,phases   ] GC(569)   Post Evacuate Collection Set: 0.53ms
[237.212s][info][gc,phases   ] GC(569)   Other: 0.10ms
[237.212s][info][gc,heap     ] GC(569) Eden regions: 283->0(296)
[237.212s][info][gc,heap     ] GC(569) Survivor regions: 41->8(41)
[237.212s][info][gc,heap     ] GC(569) Old regions: 515->557
[237.212s][info][gc,heap     ] GC(569) Humongous regions: 8->8
[237.212s][info][gc,metaspace] GC(569) Metaspace: 18747K(18944K)->18747K(18944K) NonClass: 16088K(16192K)->16088K(16192K) Class: 2659K(2752K)->2659K(2752K)
[237.212s][info][gc          ] GC(569) Pause Young (Normal) (G1 Evacuation Pause) 847M->572M(978M) 55.378ms
[237.212s][info][gc,cpu      ] GC(569) User=0.11s Sys=0.00s Real=0.06s
[237.729s][info][gc,start    ] GC(570) Pause Young (Normal) (G1 Evacuation Pause)
[237.729s][info][gc,task     ] GC(570) Using 2 workers of 2 for evacuation
[237.778s][info][gc,phases   ] GC(570)   Pre Evacuate Collection Set: 0.52ms
[237.778s][info][gc,phases   ] GC(570)   Merge Heap Roots: 0.19ms
[237.778s][info][gc,phases   ] GC(570)   Evacuate Collection Set: 47.66ms
[237.778s][info][gc,phases   ] GC(570)   Post Evacuate Collection Set: 0.57ms
[237.778s][info][gc,phases   ] GC(570)   Other: 0.11ms
[237.778s][info][gc,heap     ] GC(570) Eden regions: 296->0(259)
[237.778s][info][gc,heap     ] GC(570) Survivor regions: 8->38(38)
[237.778s][info][gc,heap     ] GC(570) Old regions: 557->565
[237.778s][info][gc,heap     ] GC(570) Humongous regions: 8->8
[237.778s][info][gc,metaspace] GC(570) Metaspace: 18758K(18944K)->18758K(18944K) NonClass: 16099K(16192K)->16099K(16192K) Class: 2659K(2752K)->2659K(2752K)
[237.778s][info][gc          ] GC(570) Pause Young (Normal) (G1 Evacuation Pause) 868M->611M(978M) 49.297ms
[237.778s][info][gc,cpu      ] GC(570) User=0.09s Sys=0.00s Real=0.05s
[237.791s][info][gc,marking  ] GC(568) Concurrent Mark From Roots 1006.729ms
[237.791s][info][gc,marking  ] GC(568) Concurrent Preclean
[237.792s][info][gc,marking  ] GC(568) Concurrent Preclean 0.022ms
[237.792s][info][gc,start    ] GC(568) Pause Remark
[237.799s][info][gc          ] GC(568) Pause Remark 620M->559M(978M) 7.561ms
[237.799s][info][gc,cpu      ] GC(568) User=0.02s Sys=0.00s Real=0.01s
[237.800s][info][gc,marking  ] GC(568) Concurrent Mark 1015.259ms
[237.800s][info][gc,marking  ] GC(568) Concurrent Rebuild Remembered Sets and Scrub Regions
[238.223s][info][gc,start    ] GC(571) Pause Young (Normal) (G1 Evacuation Pause)
[238.224s][info][gc,task     ] GC(571) Using 2 workers of 2 for evacuation
[238.330s][info][gc,phases   ] GC(571)   Pre Evacuate Collection Set: 0.48ms
[238.330s][info][gc,phases   ] GC(571)   Merge Heap Roots: 0.39ms
[238.330s][info][gc,phases   ] GC(571)   Evacuate Collection Set: 104.09ms
[238.330s][info][gc,phases   ] GC(571)   Post Evacuate Collection Set: 0.90ms
[238.330s][info][gc,phases   ] GC(571)   Other: 0.11ms
[238.330s][info][gc,heap     ] GC(571) Eden regions: 259->0(225)
[238.330s][info][gc,heap     ] GC(571) Survivor regions: 38->38(38)
[238.330s][info][gc,heap     ] GC(571) Old regions: 507->581
[238.330s][info][gc,heap     ] GC(571) Humongous regions: 5->5
[238.330s][info][gc,metaspace] GC(571) Metaspace: 18762K(18944K)->18762K(18944K) NonClass: 16102K(16192K)->16102K(16192K) Class: 2659K(2752K)->2659K(2752K)
[238.330s][info][gc          ] GC(571) Pause Young (Normal) (G1 Evacuation Pause) 809M->624M(978M) 106.221ms
[238.330s][info][gc,cpu      ] GC(571) User=0.21s Sys=0.00s Real=0.11s
[238.345s][info][gc,marking  ] GC(568) Concurrent Rebuild Remembered Sets and Scrub Regions 545.066ms
[238.347s][info][gc,start    ] GC(568) Pause Cleanup
[238.347s][info][gc          ] GC(568) Pause Cleanup 625M->625M(978M) 0.172ms
[238.347s][info][gc,cpu      ] GC(568) User=0.00s Sys=0.00s Real=0.00s
[238.348s][info][gc,marking  ] GC(568) Concurrent Clear Claimed Marks
[238.348s][info][gc,marking  ] GC(568) Concurrent Clear Claimed Marks 0.047ms
[238.348s][info][gc,marking  ] GC(568) Concurrent Cleanup for Next Mark
[238.356s][info][gc,marking  ] GC(568) Concurrent Cleanup for Next Mark 7.936ms
[238.356s][info][gc          ] GC(568) Concurrent Mark Cycle 1651.957ms
[238.744s][info][gc,start    ] GC(572) Pause Young (Prepare Mixed) (G1 Evacuation Pause)
[238.744s][info][gc,task     ] GC(572) Using 2 workers of 2 for evacuation
[238.834s][info][gc,phases   ] GC(572)   Pre Evacuate Collection Set: 0.54ms
[238.834s][info][gc,phases   ] GC(572)   Merge Heap Roots: 0.59ms
[238.834s][info][gc,phases   ] GC(572)   Evacuate Collection Set: 87.91ms
[238.834s][info][gc,phases   ] GC(572)   Post Evacuate Collection Set: 0.73ms
[238.834s][info][gc,phases   ] GC(572)   Other: 0.11ms
[238.834s][info][gc,heap     ] GC(572) Eden regions: 225->0(186)
[238.834s][info][gc,heap     ] GC(572) Survivor regions: 38->24(33)
[238.834s][info][gc,heap     ] GC(572) Old regions: 581->620
[238.834s][info][gc,heap     ] GC(572) Humongous regions: 8->8
[238.834s][info][gc,metaspace] GC(572) Metaspace: 18762K(18944K)->18762K(18944K) NonClass: 16103K(16192K)->16103K(16192K) Class: 2659K(2752K)->2659K(2752K)
[238.834s][info][gc          ] GC(572) Pause Young (Prepare Mixed) (G1 Evacuation Pause) 852M->651M(978M) 90.150ms
[238.834s][info][gc,cpu      ] GC(572) User=0.18s Sys=0.00s Real=0.09s
[239.080s][info][gc,start    ] GC(573) Pause Young (Mixed) (G1 Evacuation Pause)
[239.080s][info][gc,task     ] GC(573) Using 2 workers of 2 for evacuation
[239.174s][info][gc,phases   ] GC(573)   Pre Evacuate Collection Set: 0.31ms
[239.175s][info][gc,phases   ] GC(573)   Merge Heap Roots: 0.62ms
[239.175s][info][gc,phases   ] GC(573)   Evacuate Collection Set: 89.13ms
[239.175s][info][gc,phases   ] GC(573)   Merge Optional Heap Roots: 0.08ms
[239.175s][info][gc,phases   ] GC(573)   Evacuate Optional Collection Set: 3.14ms
[239.175s][info][gc,phases   ] GC(573)   Post Evacuate Collection Set: 0.83ms
[239.175s][info][gc,phases   ] GC(573)   Other: 0.09ms
[239.175s][info][gc,heap     ] GC(573) Eden regions: 210->0(190)
[239.175s][info][gc,heap     ] GC(573) Survivor regions: 24->30(30)
[239.175s][info][gc,heap     ] GC(573) Old regions: 620->583
[239.175s][info][gc,heap     ] GC(573) Humongous regions: 8->8
[239.175s][info][gc,metaspace] GC(573) Metaspace: 18762K(18944K)->18762K(18944K) NonClass: 16103K(16192K)->16103K(16192K) Class: 2659K(2752K)->2659K(2752K)
[239.175s][info][gc          ] GC(573) Pause Young (Mixed) (G1 Evacuation Pause) 861M->621M(978M) 94.423ms
[239.175s][info][gc,cpu      ] GC(573) User=0.19s Sys=0.00s Real=0.09s
[239.401s][info][gc,start    ] GC(574) Pause Young (Mixed) (G1 Evacuation Pause)
[239.401s][info][gc,task     ] GC(574) Using 2 workers of 2 for evacuation
[239.462s][info][gc,phases   ] GC(574)   Pre Evacuate Collection Set: 0.33ms
[239.462s][info][gc,phases   ] GC(574)   Merge Heap Roots: 0.57ms
[239.462s][info][gc,phases   ] GC(574)   Evacuate Collection Set: 56.21ms
[239.462s][info][gc,phases   ] GC(574)   Merge Optional Heap Roots: 0.06ms
[239.462s][info][gc,phases   ] GC(574)   Evacuate Optional Collection Set: 2.87ms
[239.462s][info][gc,phases   ] GC(574)   Post Evacuate Collection Set: 0.80ms
[239.462s][info][gc,phases   ] GC(574)   Other: 0.11ms
[239.462s][info][gc,heap     ] GC(574) Eden regions: 234->0(265)
[239.462s][info][gc,heap     ] GC(574) Survivor regions: 30->2(33)
[239.462s][info][gc,heap     ] GC(574) Old regions: 583->594
[239.462s][info][gc,heap     ] GC(574) Humongous regions: 8->8
[239.462s][info][gc,metaspace] GC(574) Metaspace: 18762K(18944K)->18762K(18944K) NonClass: 16103K(16192K)->16103K(16192K) Class: 2659K(2752K)->2659K(2752K)
[239.462s][info][gc          ] GC(574) Pause Young (Mixed) (G1 Evacuation Pause) 855M->604M(978M) 61.213ms
[239.462s][info][gc,cpu      ] GC(574) User=0.12s Sys=0.00s Real=0.06s
[239.833s][info][gc,start    ] GC(575) Pause Young (Mixed) (G1 Evacuation Pause)
[239.833s][info][gc,task     ] GC(575) Using 2 workers of 2 for evacuation
[239.960s][info][gc,phases   ] GC(575)   Pre Evacuate Collection Set: 0.34ms
[239.960s][info][gc,phases   ] GC(575)   Merge Heap Roots: 1.25ms
[239.960s][info][gc,phases   ] GC(575)   Evacuate Collection Set: 87.01ms
[239.960s][info][gc,phases   ] GC(575)   Merge Optional Heap Roots: 0.46ms
[239.960s][info][gc,phases   ] GC(575)   Evacuate Optional Collection Set: 36.37ms
[239.960s][info][gc,phases   ] GC(575)   Post Evacuate Collection Set: 1.53ms
[239.960s][info][gc,phases   ] GC(575)   Other: 0.15ms
[239.960s][info][gc,heap     ] GC(575) Eden regions: 265->0(267)
[239.960s][info][gc,heap     ] GC(575) Survivor regions: 2->26(34)
[239.960s][info][gc,heap     ] GC(575) Old regions: 594->573
[239.960s][info][gc,heap     ] GC(575) Humongous regions: 8->8
[239.960s][info][gc,metaspace] GC(575) Metaspace: 18767K(18944K)->18767K(18944K) NonClass: 16107K(16192K)->16107K(16192K) Class: 2659K(2752K)->2659K(2752K)
[239.960s][info][gc          ] GC(575) Pause Young (Mixed) (G1 Evacuation Pause) 869M->606M(978M) 127.385ms
[239.960s][info][gc,cpu      ] GC(575) User=0.25s Sys=0.00s Real=0.13s
[240.513s][info][gc,start    ] GC(576) Pause Young (Mixed) (G1 Evacuation Pause)
[240.513s][info][gc,task     ] GC(576) Using 2 workers of 2 for evacuation
[240.612s][info][gc,phases   ] GC(576)   Pre Evacuate Collection Set: 0.29ms
[240.612s][info][gc,phases   ] GC(576)   Merge Heap Roots: 0.85ms
[240.612s][info][gc,phases   ] GC(576)   Evacuate Collection Set: 96.58ms
[240.612s][info][gc,phases   ] GC(576)   Post Evacuate Collection Set: 0.64ms
[240.612s][info][gc,phases   ] GC(576)   Other: 0.10ms
[240.612s][info][gc,heap     ] GC(576) Eden regions: 267->0(222)
[240.612s][info][gc,heap     ] GC(576) Survivor regions: 26->37(37)
[240.612s][info][gc,heap     ] GC(576) Old regions: 573->609
[240.612s][info][gc,heap     ] GC(576) Humongous regions: 8->8
[240.612s][info][gc,metaspace] GC(576) Metaspace: 18772K(18944K)->18772K(18944K) NonClass: 16113K(16192K)->16113K(16192K) Class: 2659K(2752K)->2659K(2752K)
[240.612s][info][gc          ] GC(576) Pause Young (Mixed) (G1 Evacuation Pause) 873M->653M(978M) 98.685ms
[240.612s][info][gc,cpu      ] GC(576) User=0.19s Sys=0.00s Real=0.10s
[240.869s][info][gc,start    ] GC(577) Pause Young (Concurrent Start) (G1 Evacuation Pause)
[240.869s][info][gc,task     ] GC(577) Using 2 workers of 2 for evacuation
[240.936s][info][gc,phases   ] GC(577)   Pre Evacuate Collection Set: 0.31ms
[240.936s][info][gc,phases   ] GC(577)   Merge Heap Roots: 0.27ms
[240.936s][info][gc,phases   ] GC(577)   Evacuate Collection Set: 65.10ms
[240.936s][info][gc,phases   ] GC(577)   Post Evacuate Collection Set: 0.53ms
[240.936s][info][gc,phases   ] GC(577)   Other: 0.12ms
[240.936s][info][gc,heap     ] GC(577) Eden regions: 222->0(191)
[240.936s][info][gc,heap     ] GC(577) Survivor regions: 37->33(33)
[240.936s][info][gc,heap     ] GC(577) Old regions: 609->650
[240.936s][info][gc,heap     ] GC(577) Humongous regions: 8->8
[240.936s][info][gc,metaspace] GC(577) Metaspace: 18772K(18944K)->18772K(18944K) NonClass: 16113K(16192K)->16113K(16192K) Class: 2659K(2752K)->2659K(2752K)
[240.936s][info][gc          ] GC(577) Pause Young (Concurrent Start) (G1 Evacuation Pause) 875M->690M(978M) 66.572ms
[240.936s][info][gc          ] GC(578) Concurrent Mark Cycle
[240.936s][info][gc,marking  ] GC(578) Concurrent Scan Root Regions
[240.936s][info][gc,cpu      ] GC(577) User=0.13s Sys=0.00s Real=0.06s
[241.013s][info][gc,marking  ] GC(578) Concurrent Scan Root Regions 77.464ms
[241.013s][info][gc,marking  ] GC(578) Concurrent Mark
[241.013s][info][gc,marking  ] GC(578) Concurrent Mark From Roots
[241.013s][info][gc,task     ] GC(578) Using 1 workers of 1 for marking
[241.363s][info][gc,start    ] GC(579) Pause Young (Normal) (G1 Evacuation Pause)
[241.364s][info][gc,task     ] GC(579) Using 2 workers of 2 for evacuation
[241.443s][info][gc,phases   ] GC(579)   Pre Evacuate Collection Set: 0.55ms
[241.443s][info][gc,phases   ] GC(579)   Merge Heap Roots: 0.29ms
[241.443s][info][gc,phases   ] GC(579)   Evacuate Collection Set: 78.12ms
[241.443s][info][gc,phases   ] GC(579)   Post Evacuate Collection Set: 0.58ms
[241.443s][info][gc,phases   ] GC(579)   Other: 0.12ms
[241.443s][info][gc,heap     ] GC(579) Eden regions: 191->0(156)
[241.443s][info][gc,heap     ] GC(579) Survivor regions: 33->28(28)
[241.443s][info][gc,heap     ] GC(579) Old regions: 650->692
[241.443s][info][gc,heap     ] GC(579) Humongous regions: 11->11
[241.443s][info][gc,metaspace] GC(579) Metaspace: 18772K(18944K)->18772K(18944K) NonClass: 16113K(16192K)->16113K(16192K) Class: 2659K(2752K)->2659K(2752K)
[241.443s][info][gc          ] GC(579) Pause Young (Normal) (G1 Evacuation Pause) 884M->731M(978M) 79.983ms
[241.443s][info][gc,cpu      ] GC(579) User=0.15s Sys=0.00s Real=0.08s
[241.701s][info][gc,start    ] GC(580) Pause Young (Normal) (G1 Evacuation Pause)
[241.701s][info][gc,task     ] GC(580) Using 2 workers of 2 for evacuation
[241.759s][info][gc,phases   ] GC(580)   Pre Evacuate Collection Set: 0.49ms
[241.759s][info][gc,phases   ] GC(580)   Merge Heap Roots: 0.32ms
[241.759s][info][gc,phases   ] GC(580)   Evacuate Collection Set: 56.26ms
[241.759s][info][gc,phases   ] GC(580)   Post Evacuate Collection Set: 0.41ms
[241.759s][info][gc,phases   ] GC(580)   Other: 0.09ms
[241.759s][info][gc,heap     ] GC(580) Eden regions: 156->0(147)
[241.759s][info][gc,heap     ] GC(580) Survivor regions: 28->18(23)
[241.759s][info][gc,heap     ] GC(580) Old regions: 692->721
[241.759s][info][gc,heap     ] GC(580) Humongous regions: 11->11
[241.759s][info][gc,metaspace] GC(580) Metaspace: 18772K(18944K)->18772K(18944K) NonClass: 16113K(16192K)->16113K(16192K) Class: 2659K(2752K)->2659K(2752K)
[241.759s][info][gc          ] GC(580) Pause Young (Normal) (G1 Evacuation Pause) 887M->749M(978M) 57.807ms
[241.759s][info][gc,cpu      ] GC(580) User=0.11s Sys=0.00s Real=0.06s
[242.001s][info][gc,start    ] GC(581) Pause Young (Normal) (G1 Evacuation Pause)
[242.001s][info][gc,task     ] GC(581) Using 2 workers of 2 for evacuation
[242.024s][info][gc,phases   ] GC(581)   Pre Evacuate Collection Set: 0.31ms
[242.024s][info][gc,phases   ] GC(581)   Merge Heap Roots: 0.19ms
[242.024s][info][gc,phases   ] GC(581)   Evacuate Collection Set: 21.74ms
[242.024s][info][gc,phases   ] GC(581)   Post Evacuate Collection Set: 0.37ms
[242.024s][info][gc,phases   ] GC(581)   Other: 0.07ms
[242.024s][info][gc,heap     ] GC(581) Eden regions: 147->0(158)
[242.024s][info][gc,heap     ] GC(581) Survivor regions: 18->1(21)
[242.024s][info][gc,heap     ] GC(581) Old regions: 721->739
[242.024s][info][gc,heap     ] GC(581) Humongous regions: 11->11
[242.024s][info][gc,metaspace] GC(581) Metaspace: 18772K(18944K)->18772K(18944K) NonClass: 16113K(16192K)->16113K(16192K) Class: 2659K(2752K)->2659K(2752K)
[242.024s][info][gc          ] GC(581) Pause Young (Normal) (G1 Evacuation Pause) 896M->750M(978M) 22.894ms
[242.024s][info][gc,cpu      ] GC(581) User=0.05s Sys=0.00s Real=0.02s
[242.257s][info][gc,start    ] GC(582) Pause Young (Normal) (G1 Evacuation Pause)
[242.257s][info][gc,task     ] GC(582) Using 2 workers of 2 for evacuation
[242.268s][info][gc,phases   ] GC(582)   Pre Evacuate Collection Set: 0.29ms
[242.268s][info][gc,phases   ] GC(582)   Merge Heap Roots: 0.19ms
[242.268s][info][gc,phases   ] GC(582)   Evacuate Collection Set: 10.75ms
[242.268s][info][gc,phases   ] GC(582)   Post Evacuate Collection Set: 0.37ms
[242.268s][info][gc,phases   ] GC(582)   Other: 0.10ms
[242.268s][info][gc,heap     ] GC(582) Eden regions: 158->0(164)
[242.268s][info][gc,heap     ] GC(582) Survivor regions: 1->5(20)
[242.268s][info][gc,heap     ] GC(582) Old regions: 739->739
[242.268s][info][gc,heap     ] GC(582) Humongous regions: 11->11
[242.268s][info][gc,metaspace] GC(582) Metaspace: 18772K(18944K)->18772K(18944K) NonClass: 16113K(16192K)->16113K(16192K) Class: 2659K(2752K)->2659K(2752K)
[242.269s][info][gc          ] GC(582) Pause Young (Normal) (G1 Evacuation Pause) 908M->754M(978M) 11.908ms
[242.269s][info][gc,cpu      ] GC(582) User=0.02s Sys=0.00s Real=0.02s
[242.363s][info][gc,marking  ] GC(578) Concurrent Mark From Roots 1350.045ms
[242.364s][info][gc,marking  ] GC(578) Concurrent Preclean
[242.364s][info][gc,marking  ] GC(578) Concurrent Preclean 0.026ms
[242.364s][info][gc,start    ] GC(578) Pause Remark
[242.371s][info][gc          ] GC(578) Pause Remark 805M->672M(978M) 7.359ms
[242.371s][info][gc,cpu      ] GC(578) User=0.02s Sys=0.00s Real=0.01s
[242.371s][info][gc,marking  ] GC(578) Concurrent Mark 1357.756ms
[242.371s][info][gc,marking  ] GC(578) Concurrent Rebuild Remembered Sets and Scrub Regions
[242.624s][info][gc,start    ] GC(583) Pause Young (Normal) (G1 Evacuation Pause)
[242.624s][info][gc,task     ] GC(583) Using 2 workers of 2 for evacuation
[242.657s][info][gc,phases   ] GC(583)   Pre Evacuate Collection Set: 0.27ms
[242.657s][info][gc,phases   ] GC(583)   Merge Heap Roots: 0.16ms
[242.657s][info][gc,phases   ] GC(583)   Evacuate Collection Set: 32.64ms
[242.657s][info][gc,phases   ] GC(583)   Post Evacuate Collection Set: 0.48ms
[242.657s][info][gc,phases   ] GC(583)   Other: 0.07ms
[242.657s][info][gc,heap     ] GC(583) Eden regions: 164->0(236)
[242.657s][info][gc,heap     ] GC(583) Survivor regions: 5->22(22)
[242.657s][info][gc,heap     ] GC(583) Old regions: 610->618
[242.657s][info][gc,heap     ] GC(583) Humongous regions: 7->7
[242.657s][info][gc,metaspace] GC(583) Metaspace: 18772K(18944K)->18772K(18944K) NonClass: 16113K(16192K)->16113K(16192K) Class: 2659K(2752K)->2659K(2752K)
[242.657s][info][gc          ] GC(583) Pause Young (Normal) (G1 Evacuation Pause) 785M->646M(978M) 33.815ms
[242.657s][info][gc,cpu      ] GC(583) User=0.07s Sys=0.00s Real=0.04s
[243.059s][info][gc,marking  ] GC(578) Concurrent Rebuild Remembered Sets and Scrub Regions 688.268ms
[243.060s][info][gc,start    ] GC(578) Pause Cleanup
[243.060s][info][gc          ] GC(578) Pause Cleanup 757M->757M(978M) 0.155ms
[243.060s][info][gc,cpu      ] GC(578) User=0.01s Sys=0.00s Real=0.00s
[243.060s][info][gc,marking  ] GC(578) Concurrent Clear Claimed Marks
[243.060s][info][gc,marking  ] GC(578) Concurrent Clear Claimed Marks 0.027ms
[243.060s][info][gc,marking  ] GC(578) Concurrent Cleanup for Next Mark
[243.063s][info][gc,marking  ] GC(578) Concurrent Cleanup for Next Mark 2.805ms
[243.063s][info][gc          ] GC(578) Concurrent Mark Cycle 2126.878ms
[243.350s][info][gc,start    ] GC(584) Pause Young (Prepare Mixed) (G1 Evacuation Pause)
[243.350s][info][gc,task     ] GC(584) Using 2 workers of 2 for evacuation
[243.384s][info][gc,phases   ] GC(584)   Pre Evacuate Collection Set: 0.33ms
[243.384s][info][gc,phases   ] GC(584)   Merge Heap Roots: 0.42ms
[243.384s][info][gc,phases   ] GC(584)   Evacuate Collection Set: 32.80ms
[243.384s][info][gc,phases   ] GC(584)   Post Evacuate Collection Set: 0.68ms
[243.384s][info][gc,phases   ] GC(584)   Other: 0.11ms
[243.384s][info][gc,heap     ] GC(584) Eden regions: 236->0(248)
[243.384s][info][gc,heap     ] GC(584) Survivor regions: 22->2(33)
[243.384s][info][gc,heap     ] GC(584) Old regions: 618->640
[243.385s][info][gc,heap     ] GC(584) Humongous regions: 7->7
[243.385s][info][gc,metaspace] GC(584) Metaspace: 18772K(18944K)->18772K(18944K) NonClass: 16113K(16192K)->16113K(16192K) Class: 2659K(2752K)->2659K(2752K)
[243.385s][info][gc          ] GC(584) Pause Young (Prepare Mixed) (G1 Evacuation Pause) 882M->649M(978M) 34.582ms
[243.385s][info][gc,cpu      ] GC(584) User=0.07s Sys=0.00s Real=0.03s
[243.902s][info][gc,start    ] GC(585) Pause Young (Mixed) (G1 Evacuation Pause)
[243.902s][info][gc,task     ] GC(585) Using 2 workers of 2 for evacuation
[243.978s][info][gc,phases   ] GC(585)   Pre Evacuate Collection Set: 0.32ms
[243.978s][info][gc,phases   ] GC(585)   Merge Heap Roots: 1.11ms
[243.978s][info][gc,phases   ] GC(585)   Evacuate Collection Set: 72.94ms
[243.978s][info][gc,phases   ] GC(585)   Post Evacuate Collection Set: 1.23ms
[243.978s][info][gc,phases   ] GC(585)   Other: 0.09ms
[243.978s][info][gc,heap     ] GC(585) Eden regions: 248->0(20)
[243.978s][info][gc,heap     ] GC(585) Survivor regions: 2->28(32)
[243.978s][info][gc,heap     ] GC(585) Old regions: 640->557
[243.978s][info][gc,heap     ] GC(585) Humongous regions: 7->7
[243.978s][info][gc,metaspace] GC(585) Metaspace: 18772K(18944K)->18772K(18944K) NonClass: 16113K(16192K)->16113K(16192K) Class: 2659K(2752K)->2659K(2752K)
[243.978s][info][gc          ] GC(585) Pause Young (Mixed) (G1 Evacuation Pause) 897M->592M(978M) 75.935ms
[243.978s][info][gc,cpu      ] GC(585) User=0.15s Sys=0.00s Real=0.08s
[243.990s][info][gc,start    ] GC(586) Pause Young (Mixed) (G1 Evacuation Pause)
[243.990s][info][gc,task     ] GC(586) Using 2 workers of 2 for evacuation
[244.168s][info][gc,phases   ] GC(586)   Pre Evacuate Collection Set: 0.25ms
[244.168s][info][gc,phases   ] GC(586)   Merge Heap Roots: 1.26ms
[244.168s][info][gc,phases   ] GC(586)   Evacuate Collection Set: 175.27ms
[244.168s][info][gc,phases   ] GC(586)   Post Evacuate Collection Set: 1.43ms
[244.169s][info][gc,phases   ] GC(586)   Other: 0.07ms
[244.169s][info][gc,heap     ] GC(586) Eden regions: 20->0(278)
[244.169s][info][gc,heap     ] GC(586) Survivor regions: 28->6(6)
[244.169s][info][gc,heap     ] GC(586) Old regions: 557->585
[244.169s][info][gc,heap     ] GC(586) Humongous regions: 7->7
[244.169s][info][gc,metaspace] GC(586) Metaspace: 18772K(18944K)->18772K(18944K) NonClass: 16113K(16192K)->16113K(16192K) Class: 2659K(2752K)->2659K(2752K)
[244.169s][info][gc          ] GC(586) Pause Young (Mixed) (G1 Evacuation Pause) 612M->597M(978M) 178.465ms
[244.169s][info][gc,cpu      ] GC(586) User=0.35s Sys=0.00s Real=0.18s
[244.532s][info][gc,start    ] GC(587) Pause Young (Concurrent Start) (G1 Evacuation Pause)
[244.532s][info][gc,task     ] GC(587) Using 2 workers of 2 for evacuation
[244.579s][info][gc,phases   ] GC(587)   Pre Evacuate Collection Set: 0.31ms
[244.579s][info][gc,phases   ] GC(587)   Merge Heap Roots: 0.19ms
[244.579s][info][gc,phases   ] GC(587)   Evacuate Collection Set: 45.73ms
[244.579s][info][gc,phases   ] GC(587)   Post Evacuate Collection Set: 0.63ms
[244.579s][info][gc,phases   ] GC(587)   Other: 0.12ms
[244.579s][info][gc,heap     ] GC(587) Eden regions: 278->0(245)
[244.579s][info][gc,heap     ] GC(587) Survivor regions: 6->36(36)
[244.579s][info][gc,heap     ] GC(587) Old regions: 585->596
[244.579s][info][gc,heap     ] GC(587) Humongous regions: 7->7
[244.579s][info][gc,metaspace] GC(587) Metaspace: 18773K(18944K)->18773K(18944K) NonClass: 16113K(16192K)->16113K(16192K) Class: 2659K(2752K)->2659K(2752K)
[244.580s][info][gc          ] GC(587) Pause Young (Concurrent Start) (G1 Evacuation Pause) 875M->639M(978M) 47.199ms
[244.580s][info][gc,cpu      ] GC(587) User=0.09s Sys=0.00s Real=0.05s
[244.580s][info][gc          ] GC(588) Concurrent Mark Cycle
[244.580s][info][gc,marking  ] GC(588) Concurrent Scan Root Regions
[244.630s][info][gc,marking  ] GC(588) Concurrent Scan Root Regions 50.331ms
[244.630s][info][gc,marking  ] GC(588) Concurrent Mark
[244.630s][info][gc,marking  ] GC(588) Concurrent Mark From Roots
[244.630s][info][gc,task     ] GC(588) Using 1 workers of 1 for marking
[245.056s][info][gc,start    ] GC(589) Pause Young (Normal) (G1 Evacuation Pause)
[245.056s][info][gc,task     ] GC(589) Using 2 workers of 2 for evacuation
[245.161s][info][gc,phases   ] GC(589)   Pre Evacuate Collection Set: 0.51ms
[245.161s][info][gc,phases   ] GC(589)   Merge Heap Roots: 0.35ms
[245.161s][info][gc,phases   ] GC(589)   Evacuate Collection Set: 102.97ms
[245.161s][info][gc,phases   ] GC(589)   Post Evacuate Collection Set: 0.57ms
[245.161s][info][gc,phases   ] GC(589)   Other: 0.08ms
[245.161s][info][gc,heap     ] GC(589) Eden regions: 245->0(195)
[245.161s][info][gc,heap     ] GC(589) Survivor regions: 36->36(36)
[245.161s][info][gc,heap     ] GC(589) Old regions: 596->651
[245.161s][info][gc,heap     ] GC(589) Humongous regions: 10->10
[245.161s][info][gc,metaspace] GC(589) Metaspace: 18773K(18944K)->18773K(18944K) NonClass: 16113K(16192K)->16113K(16192K) Class: 2659K(2752K)->2659K(2752K)
[245.161s][info][gc          ] GC(589) Pause Young (Normal) (G1 Evacuation Pause) 887M->697M(978M) 104.734ms
[245.161s][info][gc,cpu      ] GC(589) User=0.21s Sys=0.00s Real=0.11s
[245.459s][info][gc,start    ] GC(590) Pause Young (Normal) (G1 Evacuation Pause)
[245.460s][info][gc,task     ] GC(590) Using 2 workers of 2 for evacuation
[245.506s][info][gc,phases   ] GC(590)   Pre Evacuate Collection Set: 0.51ms
[245.506s][info][gc,phases   ] GC(590)   Merge Heap Roots: 0.21ms
[245.506s][info][gc,phases   ] GC(590)   Evacuate Collection Set: 44.81ms
[245.506s][info][gc,phases   ] GC(590)   Post Evacuate Collection Set: 0.43ms
[245.506s][info][gc,phases   ] GC(590)   Other: 0.07ms
[245.506s][info][gc,heap     ] GC(590) Eden regions: 195->0(206)
[245.506s][info][gc,heap     ] GC(590) Survivor regions: 36->1(29)
[245.506s][info][gc,heap     ] GC(590) Old regions: 651->688
[245.506s][info][gc,heap     ] GC(590) Humongous regions: 10->10
[245.506s][info][gc,metaspace] GC(590) Metaspace: 18773K(18944K)->18773K(18944K) NonClass: 16113K(16192K)->16113K(16192K) Class: 2659K(2752K)->2659K(2752K)
[245.506s][info][gc          ] GC(590) Pause Young (Normal) (G1 Evacuation Pause) 892M->698M(978M) 46.247ms
[245.506s][info][gc,cpu      ] GC(590) User=0.09s Sys=0.00s Real=0.04s
[245.872s][info][gc,start    ] GC(591) Pause Young (Normal) (G1 Evacuation Pause)
[245.872s][info][gc,task     ] GC(591) Using 2 workers of 2 for evacuation
[245.893s][info][gc,phases   ] GC(591)   Pre Evacuate Collection Set: 0.30ms
[245.893s][info][gc,phases   ] GC(591)   Merge Heap Roots: 0.21ms
[245.893s][info][gc,phases   ] GC(591)   Evacuate Collection Set: 20.00ms
[245.893s][info][gc,phases   ] GC(591)   Post Evacuate Collection Set: 0.41ms
[245.893s][info][gc,phases   ] GC(591)   Other: 0.07ms
[245.893s][info][gc,heap     ] GC(591) Eden regions: 206->0(199)
[245.893s][info][gc,heap     ] GC(591) Survivor regions: 1->14(26)
[245.893s][info][gc,heap     ] GC(591) Old regions: 688->688
[245.893s][info][gc,heap     ] GC(591) Humongous regions: 10->10
[245.893s][info][gc,metaspace] GC(591) Metaspace: 18773K(18944K)->18773K(18944K) NonClass: 16113K(16192K)->16113K(16192K) Class: 2659K(2752K)->2659K(2752K)
[245.893s][info][gc          ] GC(591) Pause Young (Normal) (G1 Evacuation Pause) 904M->711M(978M) 21.181ms
[245.893s][info][gc,cpu      ] GC(591) User=0.04s Sys=0.00s Real=0.02s
[246.431s][info][gc,marking  ] GC(588) Concurrent Mark From Roots 1801.045ms
[246.431s][info][gc,marking  ] GC(588) Concurrent Preclean
[246.431s][info][gc,marking  ] GC(588) Concurrent Preclean 0.031ms
[246.431s][info][gc,start    ] GC(588) Pause Remark
[246.439s][info][gc          ] GC(588) Pause Remark 904M->895M(978M) 7.500ms
[246.439s][info][gc,cpu      ] GC(588) User=0.02s Sys=0.00s Real=0.01s
[246.439s][info][gc,marking  ] GC(588) Concurrent Mark 1808.908ms
[246.439s][info][gc,marking  ] GC(588) Concurrent Rebuild Remembered Sets and Scrub Regions
[246.471s][info][gc,start    ] GC(592) Pause Young (Normal) (G1 Evacuation Pause)
[246.471s][info][gc,task     ] GC(592) Using 2 workers of 2 for evacuation
[246.513s][info][gc,phases   ] GC(592)   Pre Evacuate Collection Set: 0.43ms
[246.513s][info][gc,phases   ] GC(592)   Merge Heap Roots: 0.35ms
[246.513s][info][gc,phases   ] GC(592)   Evacuate Collection Set: 40.64ms
[246.513s][info][gc,phases   ] GC(592)   Post Evacuate Collection Set: 0.44ms
[246.513s][info][gc,phases   ] GC(592)   Other: 0.07ms
[246.513s][info][gc,heap     ] GC(592) Eden regions: 199->0(181)
[246.513s][info][gc,heap     ] GC(592) Survivor regions: 14->27(27)
[246.513s][info][gc,heap     ] GC(592) Old regions: 680->684
[246.513s][info][gc,heap     ] GC(592) Humongous regions: 9->9
[246.513s][info][gc,metaspace] GC(592) Metaspace: 18774K(18944K)->18774K(18944K) NonClass: 16115K(16192K)->16115K(16192K) Class: 2659K(2752K)->2659K(2752K)
[246.513s][info][gc          ] GC(592) Pause Young (Normal) (G1 Evacuation Pause) 901M->720M(978M) 42.115ms
[246.513s][info][gc,cpu      ] GC(592) User=0.08s Sys=0.00s Real=0.04s
[247.135s][info][gc,start    ] GC(593) Pause Young (Normal) (G1 Evacuation Pause)
[247.135s][info][gc,task     ] GC(593) Using 2 workers of 2 for evacuation
[247.177s][info][gc,phases   ] GC(593)   Pre Evacuate Collection Set: 0.30ms
[247.177s][info][gc,phases   ] GC(593)   Merge Heap Roots: 0.45ms
[247.177s][info][gc,phases   ] GC(593)   Evacuate Collection Set: 40.26ms
[247.177s][info][gc,phases   ] GC(593)   Post Evacuate Collection Set: 0.40ms
[247.177s][info][gc,phases   ] GC(593)   Other: 0.08ms
[247.177s][info][gc,heap     ] GC(593) Eden regions: 181->0(198)
[247.177s][info][gc,heap     ] GC(593) Survivor regions: 27->4(26)
[247.177s][info][gc,heap     ] GC(593) Old regions: 684->712
[247.177s][info][gc,heap     ] GC(593) Humongous regions: 9->9
[247.177s][info][gc,metaspace] GC(593) Metaspace: 18775K(18944K)->18775K(18944K) NonClass: 16115K(16192K)->16115K(16192K) Class: 2659K(2752K)->2659K(2752K)
[247.177s][info][gc          ] GC(593) Pause Young (Normal) (G1 Evacuation Pause) 901M->724M(978M) 41.717ms
[247.177s][info][gc,cpu      ] GC(593) User=0.09s Sys=0.00s Real=0.04s
[247.199s][info][gc,marking  ] GC(588) Concurrent Rebuild Remembered Sets and Scrub Regions 760.417ms
[247.200s][info][gc,start    ] GC(588) Pause Cleanup
[247.200s][info][gc          ] GC(588) Pause Cleanup 739M->739M(978M) 0.103ms
[247.200s][info][gc,cpu      ] GC(588) User=0.00s Sys=0.00s Real=0.00s
[247.200s][info][gc,marking  ] GC(588) Concurrent Clear Claimed Marks
[247.200s][info][gc,marking  ] GC(588) Concurrent Clear Claimed Marks 0.056ms
[247.200s][info][gc,marking  ] GC(588) Concurrent Cleanup for Next Mark
[247.205s][info][gc,marking  ] GC(588) Concurrent Cleanup for Next Mark 4.842ms
[247.205s][info][gc          ] GC(588) Concurrent Mark Cycle 2625.266ms
[247.443s][info][gc,start    ] GC(594) Pause Young (Prepare Mixed) (G1 Evacuation Pause)
[247.443s][info][gc,task     ] GC(594) Using 2 workers of 2 for evacuation
[247.453s][info][gc,phases   ] GC(594)   Pre Evacuate Collection Set: 0.53ms
[247.453s][info][gc,phases   ] GC(594)   Merge Heap Roots: 0.12ms
[247.453s][info][gc,phases   ] GC(594)   Evacuate Collection Set: 8.43ms
[247.453s][info][gc,phases   ] GC(594)   Post Evacuate Collection Set: 0.41ms
[247.453s][info][gc,phases   ] GC(594)   Other: 0.10ms
[247.453s][info][gc,heap     ] GC(594) Eden regions: 198->0(189)
[247.453s][info][gc,heap     ] GC(594) Survivor regions: 4->9(26)
[247.453s][info][gc,heap     ] GC(594) Old regions: 712->712
[247.453s][info][gc,heap     ] GC(594) Humongous regions: 9->9
[247.453s][info][gc,metaspace] GC(594) Metaspace: 18775K(18944K)->18775K(18944K) NonClass: 16116K(16192K)->16116K(16192K) Class: 2659K(2752K)->2659K(2752K)
[247.453s][info][gc          ] GC(594) Pause Young (Prepare Mixed) (G1 Evacuation Pause) 922M->729M(978M) 9.786ms
[247.453s][info][gc,cpu      ] GC(594) User=0.02s Sys=0.00s Real=0.01s
[247.661s][info][gc,start    ] GC(595) Pause Young (Mixed) (G1 Evacuation Pause)
[247.662s][info][gc,task     ] GC(595) Using 2 workers of 2 for evacuation
[247.709s][info][gc,phases   ] GC(595)   Pre Evacuate Collection Set: 0.54ms
[247.709s][info][gc,phases   ] GC(595)   Merge Heap Roots: 0.41ms
[247.709s][info][gc,phases   ] GC(595)   Evacuate Collection Set: 46.29ms
[247.709s][info][gc,phases   ] GC(595)   Post Evacuate Collection Set: 0.50ms
[247.709s][info][gc,phases   ] GC(595)   Other: 0.08ms
[247.709s][info][gc,heap     ] GC(595) Eden regions: 189->0(168)
[247.709s][info][gc,heap     ] GC(595) Survivor regions: 9->25(25)
[247.709s][info][gc,heap     ] GC(595) Old regions: 712->701
[247.709s][info][gc,heap     ] GC(595) Humongous regions: 9->9
[247.709s][info][gc,metaspace] GC(595) Metaspace: 18775K(18944K)->18775K(18944K) NonClass: 16116K(16192K)->16116K(16192K) Class: 2659K(2752K)->2659K(2752K)
[247.709s][info][gc          ] GC(595) Pause Young (Mixed) (G1 Evacuation Pause) 918M->735M(978M) 48.065ms
[247.710s][info][gc,cpu      ] GC(595) User=0.10s Sys=0.00s Real=0.05s
[247.894s][info][gc,start    ] GC(596) Pause Young (Concurrent Start) (G1 Evacuation Pause)
[247.894s][info][gc,task     ] GC(596) Using 2 workers of 2 for evacuation
[247.931s][info][gc,phases   ] GC(596)   Pre Evacuate Collection Set: 0.47ms
[247.931s][info][gc,phases   ] GC(596)   Merge Heap Roots: 0.23ms
[247.931s][info][gc,phases   ] GC(596)   Evacuate Collection Set: 35.81ms
[247.931s][info][gc,phases   ] GC(596)   Post Evacuate Collection Set: 0.44ms
[247.931s][info][gc,phases   ] GC(596)   Other: 0.26ms
[247.931s][info][gc,heap     ] GC(596) Eden regions: 168->0(172)
[247.931s][info][gc,heap     ] GC(596) Survivor regions: 25->10(25)
[247.931s][info][gc,heap     ] GC(596) Old regions: 701->727
[247.931s][info][gc,heap     ] GC(596) Humongous regions: 9->9
[247.931s][info][gc,metaspace] GC(596) Metaspace: 18778K(18944K)->18778K(18944K) NonClass: 16119K(16192K)->16119K(16192K) Class: 2659K(2752K)->2659K(2752K)
[247.931s][info][gc          ] GC(596) Pause Young (Concurrent Start) (G1 Evacuation Pause) 903M->745M(978M) 37.467ms
[247.931s][info][gc,cpu      ] GC(596) User=0.07s Sys=0.00s Real=0.04s
[247.931s][info][gc          ] GC(597) Concurrent Mark Cycle
[247.931s][info][gc,marking  ] GC(597) Concurrent Scan Root Regions
[247.976s][info][gc,marking  ] GC(597) Concurrent Scan Root Regions 44.222ms
[247.976s][info][gc,marking  ] GC(597) Concurrent Mark
[247.976s][info][gc,marking  ] GC(597) Concurrent Mark From Roots
[247.976s][info][gc,task     ] GC(597) Using 1 workers of 1 for marking
[248.512s][info][gc,start    ] GC(598) Pause Young (Normal) (G1 Evacuation Pause)
[248.512s][info][gc,task     ] GC(598) Using 2 workers of 2 for evacuation
[248.524s][info][gc,phases   ] GC(598)   Pre Evacuate Collection Set: 0.53ms
[248.524s][info][gc,phases   ] GC(598)   Merge Heap Roots: 0.11ms
[248.524s][info][gc,phases   ] GC(598)   Evacuate Collection Set: 11.32ms
[248.524s][info][gc,phases   ] GC(598)   Post Evacuate Collection Set: 0.39ms
[248.524s][info][gc,phases   ] GC(598)   Other: 0.09ms
[248.524s][info][gc,heap     ] GC(598) Eden regions: 172->0(170)
[248.524s][info][gc,heap     ] GC(598) Survivor regions: 10->11(23)
[248.524s][info][gc,heap     ] GC(598) Old regions: 727->727
[248.524s][info][gc,heap     ] GC(598) Humongous regions: 9->9
[248.524s][info][gc,metaspace] GC(598) Metaspace: 18778K(18944K)->18778K(18944K) NonClass: 16119K(16192K)->16119K(16192K) Class: 2659K(2752K)->2659K(2752K)
[248.524s][info][gc          ] GC(598) Pause Young (Normal) (G1 Evacuation Pause) 917M->746M(978M) 12.649ms
[248.524s][info][gc,cpu      ] GC(598) User=0.03s Sys=0.00s Real=0.01s
[248.926s][info][gc,start    ] GC(599) Pause Young (Normal) (G1 Evacuation Pause)
[248.926s][info][gc,task     ] GC(599) Using 2 workers of 2 for evacuation
[248.953s][info][gc,phases   ] GC(599)   Pre Evacuate Collection Set: 0.51ms
[248.953s][info][gc,phases   ] GC(599)   Merge Heap Roots: 0.10ms
[248.953s][info][gc,phases   ] GC(599)   Evacuate Collection Set: 25.66ms
[248.953s][info][gc,phases   ] GC(599)   Post Evacuate Collection Set: 0.45ms
[248.953s][info][gc,phases   ] GC(599)   Other: 0.08ms
[248.953s][info][gc,heap     ] GC(599) Eden regions: 170->0(143)
[248.953s][info][gc,heap     ] GC(599) Survivor regions: 11->23(23)
[248.953s][info][gc,heap     ] GC(599) Old regions: 727->730
[248.953s][info][gc,heap     ] GC(599) Humongous regions: 9->9
[248.953s][info][gc,metaspace] GC(599) Metaspace: 18778K(18944K)->18778K(18944K) NonClass: 16119K(16192K)->16119K(16192K) Class: 2659K(2752K)->2659K(2752K)
[248.953s][info][gc          ] GC(599) Pause Young (Normal) (G1 Evacuation Pause) 916M->762M(978M) 27.076ms
[248.953s][info][gc,cpu      ] GC(599) User=0.05s Sys=0.00s Real=0.03s
[249.247s][info][gc,start    ] GC(600) Pause Young (Normal) (G1 Evacuation Pause)
[249.247s][info][gc,task     ] GC(600) Using 2 workers of 2 for evacuation
[249.292s][info][gc,phases   ] GC(600)   Pre Evacuate Collection Set: 0.27ms
[249.292s][info][gc,phases   ] GC(600)   Merge Heap Roots: 0.13ms
[249.292s][info][gc,phases   ] GC(600)   Evacuate Collection Set: 43.93ms
[249.292s][info][gc,phases   ] GC(600)   Post Evacuate Collection Set: 0.44ms
[249.292s][info][gc,phases   ] GC(600)   Other: 0.09ms
[249.292s][info][gc,heap     ] GC(600) Eden regions: 143->0(120)
[249.292s][info][gc,heap     ] GC(600) Survivor regions: 23->21(21)
[249.292s][info][gc,heap     ] GC(600) Old regions: 730->757
[249.292s][info][gc,heap     ] GC(600) Humongous regions: 9->9
[249.292s][info][gc,metaspace] GC(600) Metaspace: 18778K(18944K)->18778K(18944K) NonClass: 16119K(16192K)->16119K(16192K) Class: 2659K(2752K)->2659K(2752K)
[249.292s][info][gc          ] GC(600) Pause Young (Normal) (G1 Evacuation Pause) 905M->787M(978M) 45.087ms
[249.292s][info][gc,cpu      ] GC(600) User=0.09s Sys=0.00s Real=0.04s
[249.448s][info][gc,start    ] GC(601) Pause Young (Normal) (G1 Evacuation Pause)
[249.448s][info][gc,task     ] GC(601) Using 2 workers of 2 for evacuation
[249.499s][info][gc,phases   ] GC(601)   Pre Evacuate Collection Set: 0.29ms
[249.499s][info][gc,phases   ] GC(601)   Merge Heap Roots: 0.10ms
[249.499s][info][gc,phases   ] GC(601)   Evacuate Collection Set: 50.42ms
[249.499s][info][gc,phases   ] GC(601)   Post Evacuate Collection Set: 0.47ms
[249.499s][info][gc,phases   ] GC(601)   Other: 0.11ms
[249.499s][info][gc,heap     ] GC(601) Eden regions: 120->0(84)
[249.499s][info][gc,heap     ] GC(601) Survivor regions: 21->18(18)
[249.499s][info][gc,heap     ] GC(601) Old regions: 757->799
[249.499s][info][gc,heap     ] GC(601) Humongous regions: 9->9
[249.499s][info][gc,metaspace] GC(601) Metaspace: 18778K(18944K)->18778K(18944K) NonClass: 16119K(16192K)->16119K(16192K) Class: 2659K(2752K)->2659K(2752K)
[249.500s][info][gc          ] GC(601) Pause Young (Normal) (G1 Evacuation Pause) 907M->826M(978M) 51.660ms
[249.500s][info][gc,cpu      ] GC(601) User=0.10s Sys=0.00s Real=0.05s
[249.674s][info][gc,marking  ] GC(597) Concurrent Mark From Roots 1698.375ms
[249.674s][info][gc,marking  ] GC(597) Concurrent Preclean
[249.674s][info][gc,marking  ] GC(597) Concurrent Preclean 0.043ms
[249.676s][info][gc,start    ] GC(597) Pause Remark
[249.684s][info][gc          ] GC(597) Pause Remark 878M->755M(978M) 7.577ms
[249.684s][info][gc,cpu      ] GC(597) User=0.01s Sys=0.00s Real=0.01s
[249.684s][info][gc,marking  ] GC(597) Concurrent Mark 1708.135ms
[249.684s][info][gc,marking  ] GC(597) Concurrent Rebuild Remembered Sets and Scrub Regions
[249.789s][info][gc,start    ] GC(602) Pause Young (Normal) (G1 Evacuation Pause)
[249.789s][info][gc,task     ] GC(602) Using 2 workers of 2 for evacuation
[249.829s][info][gc,phases   ] GC(602)   Pre Evacuate Collection Set: 0.29ms
[249.829s][info][gc,phases   ] GC(602)   Merge Heap Roots: 0.53ms
[249.829s][info][gc,phases   ] GC(602)   Evacuate Collection Set: 38.88ms
[249.829s][info][gc,phases   ] GC(602)   Post Evacuate Collection Set: 0.35ms
[249.829s][info][gc,phases   ] GC(602)   Other: 0.08ms
[249.829s][info][gc,heap     ] GC(602) Eden regions: 84->0(187)
[249.829s][info][gc,heap     ] GC(602) Survivor regions: 18->10(13)
[249.829s][info][gc,heap     ] GC(602) Old regions: 679->698
[249.829s][info][gc,heap     ] GC(602) Humongous regions: 6->6
[249.829s][info][gc,metaspace] GC(602) Metaspace: 18778K(18944K)->18778K(18944K) NonClass: 16119K(16192K)->16119K(16192K) Class: 2659K(2752K)->2659K(2752K)
[249.829s][info][gc          ] GC(602) Pause Young (Normal) (G1 Evacuation Pause) 787M->713M(978M) 40.391ms
[249.829s][info][gc,cpu      ] GC(602) User=0.08s Sys=0.00s Real=0.04s
[250.145s][info][gc,start    ] GC(603) Pause Young (Normal) (G1 Evacuation Pause)
[250.145s][info][gc,task     ] GC(603) Using 2 workers of 2 for evacuation
[250.209s][info][gc,phases   ] GC(603)   Pre Evacuate Collection Set: 0.28ms
[250.209s][info][gc,phases   ] GC(603)   Merge Heap Roots: 0.46ms
[250.209s][info][gc,phases   ] GC(603)   Evacuate Collection Set: 62.21ms
[250.209s][info][gc,phases   ] GC(603)   Post Evacuate Collection Set: 0.51ms
[250.209s][info][gc,phases   ] GC(603)   Other: 0.09ms
[250.209s][info][gc,heap     ] GC(603) Eden regions: 187->0(154)
[250.209s][info][gc,heap     ] GC(603) Survivor regions: 10->25(25)
[250.209s][info][gc,heap     ] GC(603) Old regions: 698->712
[250.209s][info][gc,heap     ] GC(603) Humongous regions: 9->9
[250.209s][info][gc,metaspace] GC(603) Metaspace: 18778K(18944K)->18778K(18944K) NonClass: 16119K(16192K)->16119K(16192K) Class: 2659K(2752K)->2659K(2752K)
[250.209s][info][gc          ] GC(603) Pause Young (Normal) (G1 Evacuation Pause) 903M->745M(978M) 63.782ms
[250.209s][info][gc,cpu      ] GC(603) User=0.12s Sys=0.00s Real=0.07s
[250.454s][info][gc,marking  ] GC(597) Concurrent Rebuild Remembered Sets and Scrub Regions 770.237ms
[250.454s][info][gc,start    ] GC(597) Pause Cleanup
[250.454s][info][gc          ] GC(597) Pause Cleanup 895M->895M(978M) 0.112ms
[250.454s][info][gc,cpu      ] GC(597) User=0.00s Sys=0.00s Real=0.00s
[250.454s][info][gc,marking  ] GC(597) Concurrent Clear Claimed Marks
[250.454s][info][gc,marking  ] GC(597) Concurrent Clear Claimed Marks 0.027ms
[250.454s][info][gc,marking  ] GC(597) Concurrent Cleanup for Next Mark
[250.457s][info][gc,marking  ] GC(597) Concurrent Cleanup for Next Mark 2.801ms
[250.457s][info][gc          ] GC(597) Concurrent Mark Cycle 2525.965ms
[250.462s][info][gc,start    ] GC(604) Pause Young (Prepare Mixed) (G1 Evacuation Pause)
[250.462s][info][gc,task     ] GC(604) Using 2 workers of 2 for evacuation
[250.527s][info][gc,phases   ] GC(604)   Pre Evacuate Collection Set: 0.42ms
[250.527s][info][gc,phases   ] GC(604)   Merge Heap Roots: 0.52ms
[250.527s][info][gc,phases   ] GC(604)   Evacuate Collection Set: 62.80ms
[250.527s][info][gc,phases   ] GC(604)   Post Evacuate Collection Set: 0.42ms
[250.527s][info][gc,phases   ] GC(604)   Other: 0.08ms
[250.527s][info][gc,heap     ] GC(604) Eden regions: 154->0(134)
[250.527s][info][gc,heap     ] GC(604) Survivor regions: 25->23(23)
[250.527s][info][gc,heap     ] GC(604) Old regions: 712->738
[250.527s][info][gc,heap     ] GC(604) Humongous regions: 9->9
[250.527s][info][gc,metaspace] GC(604) Metaspace: 18778K(18944K)->18778K(18944K) NonClass: 16119K(16192K)->16119K(16192K) Class: 2659K(2752K)->2659K(2752K)
[250.527s][info][gc          ] GC(604) Pause Young (Prepare Mixed) (G1 Evacuation Pause) 899M->770M(978M) 64.417ms
[250.527s][info][gc,cpu      ] GC(604) User=0.13s Sys=0.00s Real=0.06s
[250.590s][info][gc,start    ] GC(605) Pause Young (Mixed) (G1 Evacuation Pause)
[250.590s][info][gc,task     ] GC(605) Using 2 workers of 2 for evacuation
[250.666s][info][gc,phases   ] GC(605)   Pre Evacuate Collection Set: 0.45ms
[250.666s][info][gc,phases   ] GC(605)   Merge Heap Roots: 0.60ms
[250.666s][info][gc,phases   ] GC(605)   Evacuate Collection Set: 74.43ms
[250.666s][info][gc,phases   ] GC(605)   Post Evacuate Collection Set: 0.53ms
[250.666s][info][gc,phases   ] GC(605)   Other: 0.09ms
[250.666s][info][gc,heap     ] GC(605) Eden regions: 134->0(134)
[250.666s][info][gc,heap     ] GC(605) Survivor regions: 23->20(20)
[250.666s][info][gc,heap     ] GC(605) Old regions: 738->738
[250.666s][info][gc,heap     ] GC(605) Humongous regions: 9->9
[250.666s][info][gc,metaspace] GC(605) Metaspace: 18778K(18944K)->18778K(18944K) NonClass: 16119K(16192K)->16119K(16192K) Class: 2659K(2752K)->2659K(2752K)
[250.666s][info][gc          ] GC(605) Pause Young (Mixed) (G1 Evacuation Pause) 904M->767M(978M) 76.258ms
[250.666s][info][gc,cpu      ] GC(605) User=0.15s Sys=0.00s Real=0.07s
[250.775s][info][gc,start    ] GC(606) Pause Young (Concurrent Start) (G1 Evacuation Pause)
[250.775s][info][gc,task     ] GC(606) Using 2 workers of 2 for evacuation
[250.816s][info][gc,phases   ] GC(606)   Pre Evacuate Collection Set: 0.31ms
[250.816s][info][gc,phases   ] GC(606)   Merge Heap Roots: 0.30ms
[250.816s][info][gc,phases   ] GC(606)   Evacuate Collection Set: 40.08ms
[250.816s][info][gc,phases   ] GC(606)   Post Evacuate Collection Set: 0.47ms
[250.816s][info][gc,phases   ] GC(606)   Other: 0.13ms
[250.816s][info][gc,heap     ] GC(606) Eden regions: 134->0(130)
[250.816s][info][gc,heap     ] GC(606) Survivor regions: 20->14(20)
[250.816s][info][gc,heap     ] GC(606) Old regions: 738->759
[250.816s][info][gc,heap     ] GC(606) Humongous regions: 9->9
[250.816s][info][gc,metaspace] GC(606) Metaspace: 18778K(18944K)->18778K(18944K) NonClass: 16119K(16192K)->16119K(16192K) Class: 2659K(2752K)->2659K(2752K)
[250.816s][info][gc          ] GC(606) Pause Young (Concurrent Start) (G1 Evacuation Pause) 901M->781M(978M) 41.531ms
[250.816s][info][gc,cpu      ] GC(606) User=0.08s Sys=0.00s Real=0.04s
[250.816s][info][gc          ] GC(607) Concurrent Mark Cycle
[250.816s][info][gc,marking  ] GC(607) Concurrent Scan Root Regions
[250.838s][info][gc,marking  ] GC(607) Concurrent Scan Root Regions 21.380ms
[250.838s][info][gc,marking  ] GC(607) Concurrent Mark
[250.838s][info][gc,marking  ] GC(607) Concurrent Mark From Roots
[250.838s][info][gc,task     ] GC(607) Using 1 workers of 1 for marking
[251.020s][info][gc,start    ] GC(608) Pause Young (Normal) (G1 Evacuation Pause)
[251.020s][info][gc,task     ] GC(608) Using 2 workers of 2 for evacuation
[251.060s][info][gc,phases   ] GC(608)   Pre Evacuate Collection Set: 0.27ms
[251.060s][info][gc,phases   ] GC(608)   Merge Heap Roots: 0.30ms
[251.060s][info][gc,phases   ] GC(608)   Evacuate Collection Set: 38.37ms
[251.060s][info][gc,phases   ] GC(608)   Post Evacuate Collection Set: 0.42ms
[251.060s][info][gc,phases   ] GC(608)   Other: 0.09ms
[251.060s][info][gc,heap     ] GC(608) Eden regions: 130->0(117)
[251.060s][info][gc,heap     ] GC(608) Survivor regions: 14->14(18)
[251.060s][info][gc,heap     ] GC(608) Old regions: 759->773
[251.060s][info][gc,heap     ] GC(608) Humongous regions: 10->10
[251.060s][info][gc,metaspace] GC(608) Metaspace: 18778K(18944K)->18778K(18944K) NonClass: 16119K(16192K)->16119K(16192K) Class: 2659K(2752K)->2659K(2752K)
[251.060s][info][gc          ] GC(608) Pause Young (Normal) (G1 Evacuation Pause) 912M->796M(978M) 39.691ms
[251.060s][info][gc,cpu      ] GC(608) User=0.08s Sys=0.00s Real=0.04s
[251.271s][info][gc,start    ] GC(609) Pause Young (Normal) (G1 Evacuation Pause)
[251.271s][info][gc,task     ] GC(609) Using 2 workers of 2 for evacuation
[251.304s][info][gc,phases   ] GC(609)   Pre Evacuate Collection Set: 0.48ms
[251.304s][info][gc,phases   ] GC(609)   Merge Heap Roots: 0.24ms
[251.304s][info][gc,phases   ] GC(609)   Evacuate Collection Set: 31.66ms
[251.304s][info][gc,phases   ] GC(609)   Post Evacuate Collection Set: 0.36ms
[251.304s][info][gc,phases   ] GC(609)   Other: 0.09ms
[251.304s][info][gc,heap     ] GC(609) Eden regions: 117->0(113)
[251.304s][info][gc,heap     ] GC(609) Survivor regions: 14->9(17)
[251.304s][info][gc,heap     ] GC(609) Old regions: 773->787
[251.304s][info][gc,heap     ] GC(609) Humongous regions: 10->10
[251.304s][info][gc,metaspace] GC(609) Metaspace: 18778K(18944K)->18778K(18944K) NonClass: 16119K(16192K)->16119K(16192K) Class: 2659K(2752K)->2659K(2752K)
[251.304s][info][gc          ] GC(609) Pause Young (Normal) (G1 Evacuation Pause) 913M->805M(978M) 33.028ms
[251.304s][info][gc,cpu      ] GC(609) User=0.07s Sys=0.01s Real=0.03s
[251.592s][info][gc,start    ] GC(610) Pause Young (Normal) (G1 Evacuation Pause)
[251.592s][info][gc,task     ] GC(610) Using 2 workers of 2 for evacuation
[251.619s][info][gc,phases   ] GC(610)   Pre Evacuate Collection Set: 0.29ms
[251.619s][info][gc,phases   ] GC(610)   Merge Heap Roots: 0.12ms
[251.620s][info][gc,phases   ] GC(610)   Evacuate Collection Set: 26.38ms
[251.620s][info][gc,phases   ] GC(610)   Post Evacuate Collection Set: 0.35ms
[251.620s][info][gc,phases   ] GC(610)   Other: 0.07ms
[251.620s][info][gc,heap     ] GC(610) Eden regions: 113->0(90)
[251.620s][info][gc,heap     ] GC(610) Survivor regions: 9->16(16)
[251.620s][info][gc,heap     ] GC(610) Old regions: 787->796
[251.620s][info][gc,heap     ] GC(610) Humongous regions: 10->10
[251.620s][info][gc,metaspace] GC(610) Metaspace: 18778K(18944K)->18778K(18944K) NonClass: 16119K(16192K)->16119K(16192K) Class: 2659K(2752K)->2659K(2752K)
[251.620s][info][gc          ] GC(610) Pause Young (Normal) (G1 Evacuation Pause) 918M->822M(978M) 27.448ms
[251.620s][info][gc,cpu      ] GC(610) User=0.05s Sys=0.00s Real=0.03s
[251.826s][info][gc,marking  ] GC(607) Concurrent Mark From Roots 988.624ms
[251.826s][info][gc,marking  ] GC(607) Concurrent Preclean
[251.826s][info][gc,marking  ] GC(607) Concurrent Preclean 0.035ms
[251.827s][info][gc,start    ] GC(607) Pause Remark
[251.834s][info][gc          ] GC(607) Pause Remark 883M->569M(978M) 7.638ms
[251.834s][info][gc,cpu      ] GC(607) User=0.01s Sys=0.00s Real=0.01s
[251.834s][info][gc,marking  ] GC(607) Concurrent Mark 996.651ms
[251.834s][info][gc,marking  ] GC(607) Concurrent Rebuild Remembered Sets and Scrub Regions
[251.897s][info][gc,start    ] GC(611) Pause Young (Normal) (G1 Evacuation Pause)
[251.897s][info][gc,task     ] GC(611) Using 2 workers of 2 for evacuation
[251.924s][info][gc,phases   ] GC(611)   Pre Evacuate Collection Set: 0.25ms
[251.924s][info][gc,phases   ] GC(611)   Merge Heap Roots: 0.20ms
[251.924s][info][gc,phases   ] GC(611)   Evacuate Collection Set: 25.70ms
[251.924s][info][gc,phases   ] GC(611)   Post Evacuate Collection Set: 0.31ms
[251.924s][info][gc,phases   ] GC(611)   Other: 0.10ms
[251.924s][info][gc,heap     ] GC(611) Eden regions: 90->0(317)
[251.924s][info][gc,heap     ] GC(611) Survivor regions: 16->7(14)
[251.924s][info][gc,heap     ] GC(611) Old regions: 487->503
[251.924s][info][gc,heap     ] GC(611) Humongous regions: 5->5
[251.924s][info][gc,metaspace] GC(611) Metaspace: 18778K(18944K)->18778K(18944K) NonClass: 16119K(16192K)->16119K(16192K) Class: 2659K(2752K)->2659K(2752K)
[251.924s][info][gc          ] GC(611) Pause Young (Normal) (G1 Evacuation Pause) 598M->515M(978M) 26.764ms
[251.924s][info][gc,cpu      ] GC(611) User=0.05s Sys=0.00s Real=0.03s
[252.243s][info][gc,marking  ] GC(607) Concurrent Rebuild Remembered Sets and Scrub Regions 409.019ms
[252.244s][info][gc,start    ] GC(607) Pause Cleanup
[252.244s][info][gc          ] GC(607) Pause Cleanup 697M->697M(978M) 0.131ms
[252.244s][info][gc,cpu      ] GC(607) User=0.00s Sys=0.00s Real=0.00s
[252.244s][info][gc,marking  ] GC(607) Concurrent Clear Claimed Marks
[252.244s][info][gc,marking  ] GC(607) Concurrent Clear Claimed Marks 0.029ms
[252.244s][info][gc,marking  ] GC(607) Concurrent Cleanup for Next Mark
[252.247s][info][gc,marking  ] GC(607) Concurrent Cleanup for Next Mark 2.828ms
[252.247s][info][gc          ] GC(607) Concurrent Mark Cycle 1430.403ms
[252.412s][info][gc,start    ] GC(612) Pause Young (Prepare Mixed) (G1 Evacuation Pause)
[252.413s][info][gc,task     ] GC(612) Using 2 workers of 2 for evacuation
[252.452s][info][gc,phases   ] GC(612)   Pre Evacuate Collection Set: 0.52ms
[252.452s][info][gc,phases   ] GC(612)   Merge Heap Roots: 0.25ms
[252.452s][info][gc,phases   ] GC(612)   Evacuate Collection Set: 37.87ms
[252.452s][info][gc,phases   ] GC(612)   Post Evacuate Collection Set: 0.51ms
[252.452s][info][gc,phases   ] GC(612)   Other: 0.09ms
[252.452s][info][gc,heap     ] GC(612) Eden regions: 317->0(305)
[252.452s][info][gc,heap     ] GC(612) Survivor regions: 7->35(41)
[252.452s][info][gc,heap     ] GC(612) Old regions: 503->503
[252.452s][info][gc,heap     ] GC(612) Humongous regions: 5->5
[252.452s][info][gc,metaspace] GC(612) Metaspace: 18778K(18944K)->18778K(18944K) NonClass: 16119K(16192K)->16119K(16192K) Class: 2659K(2752K)->2659K(2752K)
[252.452s][info][gc          ] GC(612) Pause Young (Prepare Mixed) (G1 Evacuation Pause) 832M->543M(978M) 39.455ms
[252.452s][info][gc,cpu      ] GC(612) User=0.08s Sys=0.00s Real=0.04s
[253.087s][info][gc,start    ] GC(613) Pause Young (Mixed) (G1 Evacuation Pause)
[253.087s][info][gc,task     ] GC(613) Using 2 workers of 2 for evacuation
[253.149s][info][gc,phases   ] GC(613)   Pre Evacuate Collection Set: 0.35ms
[253.149s][info][gc,phases   ] GC(613)   Merge Heap Roots: 0.66ms
[253.149s][info][gc,phases   ] GC(613)   Evacuate Collection Set: 60.75ms
[253.149s][info][gc,phases   ] GC(613)   Post Evacuate Collection Set: 0.57ms
[253.149s][info][gc,phases   ] GC(613)   Other: 0.10ms
[253.149s][info][gc,heap     ] GC(613) Eden regions: 305->0(361)
[253.149s][info][gc,heap     ] GC(613) Survivor regions: 35->6(43)
[253.149s][info][gc,heap     ] GC(613) Old regions: 503->471
[253.149s][info][gc,heap     ] GC(613) Humongous regions: 5->5
[253.149s][info][gc,metaspace] GC(613) Metaspace: 18778K(18944K)->18778K(18944K) NonClass: 16119K(16192K)->16119K(16192K) Class: 2659K(2752K)->2659K(2752K)
[253.149s][info][gc          ] GC(613) Pause Young (Mixed) (G1 Evacuation Pause) 848M->481M(978M) 62.670ms
[253.149s][info][gc,cpu      ] GC(613) User=0.12s Sys=0.00s Real=0.07s
[253.636s][info][gc,start    ] GC(614) Pause Young (Concurrent Start) (G1 Evacuation Pause)
[253.636s][info][gc,task     ] GC(614) Using 2 workers of 2 for evacuation
[253.710s][info][gc,phases   ] GC(614)   Pre Evacuate Collection Set: 0.28ms
[253.710s][info][gc,phases   ] GC(614)   Merge Heap Roots: 0.37ms
[253.710s][info][gc,phases   ] GC(614)   Evacuate Collection Set: 72.23ms
[253.710s][info][gc,phases   ] GC(614)   Post Evacuate Collection Set: 0.73ms
[253.710s][info][gc,phases   ] GC(614)   Other: 0.12ms
[253.710s][info][gc,heap     ] GC(614) Eden regions: 361->0(294)
[253.710s][info][gc,heap     ] GC(614) Survivor regions: 6->46(46)
[253.710s][info][gc,heap     ] GC(614) Old regions: 471->497
[253.710s][info][gc,heap     ] GC(614) Humongous regions: 5->5
[253.710s][info][gc,metaspace] GC(614) Metaspace: 18778K(18944K)->18778K(18944K) NonClass: 16119K(16192K)->16119K(16192K) Class: 2659K(2752K)->2659K(2752K)
[253.710s][info][gc          ] GC(614) Pause Young (Concurrent Start) (G1 Evacuation Pause) 842M->548M(978M) 73.966ms
[253.710s][info][gc,cpu      ] GC(614) User=0.15s Sys=0.00s Real=0.08s
[253.710s][info][gc          ] GC(615) Concurrent Mark Cycle
[253.710s][info][gc,marking  ] GC(615) Concurrent Scan Root Regions
[253.781s][info][gc,marking  ] GC(615) Concurrent Scan Root Regions 70.140ms
[253.781s][info][gc,marking  ] GC(615) Concurrent Mark
[253.781s][info][gc,marking  ] GC(615) Concurrent Mark From Roots
[253.781s][info][gc,task     ] GC(615) Using 1 workers of 1 for marking
[254.374s][info][gc,start    ] GC(616) Pause Young (Normal) (G1 Evacuation Pause)
[254.374s][info][gc,task     ] GC(616) Using 2 workers of 2 for evacuation
[254.454s][info][gc,phases   ] GC(616)   Pre Evacuate Collection Set: 0.33ms
[254.454s][info][gc,phases   ] GC(616)   Merge Heap Roots: 0.48ms
[254.454s][info][gc,phases   ] GC(616)   Evacuate Collection Set: 78.81ms
[254.454s][info][gc,phases   ] GC(616)   Post Evacuate Collection Set: 0.62ms
[254.454s][info][gc,phases   ] GC(616)   Other: 0.09ms
[254.455s][info][gc,heap     ] GC(616) Eden regions: 294->0(289)
[254.455s][info][gc,heap     ] GC(616) Survivor regions: 46->19(43)
[254.455s][info][gc,heap     ] GC(616) Old regions: 497->544
[254.455s][info][gc,heap     ] GC(616) Humongous regions: 8->8
[254.455s][info][gc,metaspace] GC(616) Metaspace: 18778K(18944K)->18778K(18944K) NonClass: 16119K(16192K)->16119K(16192K) Class: 2659K(2752K)->2659K(2752K)
[254.455s][info][gc          ] GC(616) Pause Young (Normal) (G1 Evacuation Pause) 845M->570M(978M) 80.561ms
[254.455s][info][gc,cpu      ] GC(616) User=0.16s Sys=0.00s Real=0.08s
[254.723s][info][gc,marking  ] GC(615) Concurrent Mark From Roots 942.032ms
[254.723s][info][gc,marking  ] GC(615) Concurrent Preclean
[254.723s][info][gc,marking  ] GC(615) Concurrent Preclean 0.032ms
[254.723s][info][gc,start    ] GC(615) Pause Remark
[254.730s][info][gc          ] GC(615) Pause Remark 661M->524M(978M) 7.364ms
[254.730s][info][gc,cpu      ] GC(615) User=0.02s Sys=0.00s Real=0.01s
[254.731s][info][gc,marking  ] GC(615) Concurrent Mark 950.379ms
[254.731s][info][gc,marking  ] GC(615) Concurrent Rebuild Remembered Sets and Scrub Regions
[255.026s][info][gc,marking  ] GC(615) Concurrent Rebuild Remembered Sets and Scrub Regions 294.732ms
[255.026s][info][gc,start    ] GC(615) Pause Cleanup
[255.026s][info][gc          ] GC(615) Pause Cleanup 617M->617M(978M) 0.102ms
[255.026s][info][gc,cpu      ] GC(615) User=0.00s Sys=0.00s Real=0.00s
[255.026s][info][gc,marking  ] GC(615) Concurrent Clear Claimed Marks
[255.026s][info][gc,marking  ] GC(615) Concurrent Clear Claimed Marks 0.032ms
[255.026s][info][gc,marking  ] GC(615) Concurrent Cleanup for Next Mark
[255.033s][info][gc,marking  ] GC(615) Concurrent Cleanup for Next Mark 6.539ms
[255.033s][info][gc          ] GC(615) Concurrent Mark Cycle 1322.612ms
[255.206s][info][gc,start    ] GC(617) Pause Young (Prepare Mixed) (G1 Evacuation Pause)
[255.206s][info][gc,task     ] GC(617) Using 2 workers of 2 for evacuation
[255.254s][info][gc,phases   ] GC(617)   Pre Evacuate Collection Set: 0.32ms
[255.254s][info][gc,phases   ] GC(617)   Merge Heap Roots: 0.72ms
[255.254s][info][gc,phases   ] GC(617)   Evacuate Collection Set: 45.85ms
[255.254s][info][gc,phases   ] GC(617)   Post Evacuate Collection Set: 0.62ms
[255.254s][info][gc,phases   ] GC(617)   Other: 0.14ms
[255.254s][info][gc,heap     ] GC(617) Eden regions: 289->0(409)
[255.254s][info][gc,heap     ] GC(617) Survivor regions: 19->19(39)
[255.254s][info][gc,heap     ] GC(617) Old regions: 409->409
[255.254s][info][gc,heap     ] GC(617) Humongous regions: 6->6
[255.254s][info][gc,metaspace] GC(617) Metaspace: 18778K(18944K)->18778K(18944K) NonClass: 16119K(16192K)->16119K(16192K) Class: 2659K(2752K)->2659K(2752K)
[255.254s][info][gc          ] GC(617) Pause Young (Prepare Mixed) (G1 Evacuation Pause) 722M->433M(978M) 47.915ms
[255.254s][info][gc,cpu      ] GC(617) User=0.10s Sys=0.00s Real=0.05s
[255.683s][info][gc,start    ] GC(618) Pause Young (Mixed) (G1 Evacuation Pause)
[255.683s][info][gc,task     ] GC(618) Using 2 workers of 2 for evacuation
[255.780s][info][gc,phases   ] GC(618)   Pre Evacuate Collection Set: 0.31ms
[255.780s][info][gc,phases   ] GC(618)   Merge Heap Roots: 0.33ms
[255.780s][info][gc,phases   ] GC(618)   Evacuate Collection Set: 95.32ms
[255.780s][info][gc,phases   ] GC(618)   Post Evacuate Collection Set: 0.95ms
[255.780s][info][gc,phases   ] GC(618)   Other: 0.12ms
[255.780s][info][gc,heap     ] GC(618) Eden regions: 409->0(355)
[255.780s][info][gc,heap     ] GC(618) Survivor regions: 19->54(54)
[255.780s][info][gc,heap     ] GC(618) Old regions: 409->416
[255.780s][info][gc,heap     ] GC(618) Humongous regions: 6->6
[255.780s][info][gc,metaspace] GC(618) Metaspace: 18778K(18944K)->18778K(18944K) NonClass: 16119K(16192K)->16119K(16192K) Class: 2659K(2752K)->2659K(2752K)
[255.780s][info][gc          ] GC(618) Pause Young (Mixed) (G1 Evacuation Pause) 842M->475M(978M) 97.292ms
[255.780s][info][gc,cpu      ] GC(618) User=0.19s Sys=0.00s Real=0.10s
[255.928s][info][gc,start    ] GC(619) Pause Young (Concurrent Start) (G1 Humongous Allocation)
[255.928s][info][gc,task     ] GC(619) Using 2 workers of 2 for evacuation
[256.012s][info][gc,phases   ] GC(619)   Pre Evacuate Collection Set: 0.31ms
[256.012s][info][gc,phases   ] GC(619)   Merge Heap Roots: 0.62ms
[256.012s][info][gc,phases   ] GC(619)   Evacuate Collection Set: 82.59ms
[256.012s][info][gc,phases   ] GC(619)   Post Evacuate Collection Set: 0.73ms
[256.012s][info][gc,phases   ] GC(619)   Other: 0.12ms
[256.012s][info][gc,heap     ] GC(619) Eden regions: 112->0(370)
[256.012s][info][gc,heap     ] GC(619) Survivor regions: 54->7(52)
[256.012s][info][gc,heap     ] GC(619) Old regions: 416->470
[256.012s][info][gc,heap     ] GC(619) Humongous regions: 6->6
[256.012s][info][gc,metaspace] GC(619) Metaspace: 18778K(18944K)->18778K(18944K) NonClass: 16119K(16192K)->16119K(16192K) Class: 2659K(2752K)->2659K(2752K)
[256.012s][info][gc          ] GC(619) Pause Young (Concurrent Start) (G1 Humongous Allocation) 587M->482M(978M) 84.594ms
[256.013s][info][gc,cpu      ] GC(619) User=0.17s Sys=0.00s Real=0.08s
[256.013s][info][gc          ] GC(620) Concurrent Mark Cycle
[256.013s][info][gc,marking  ] GC(620) Concurrent Scan Root Regions
[256.130s][info][gc,marking  ] GC(620) Concurrent Scan Root Regions 117.617ms
[256.130s][info][gc,marking  ] GC(620) Concurrent Mark
[256.130s][info][gc,marking  ] GC(620) Concurrent Mark From Roots
[256.130s][info][gc,task     ] GC(620) Using 1 workers of 1 for marking
[257.079s][info][gc,start    ] GC(621) Pause Young (Normal) (G1 Evacuation Pause)
[257.079s][info][gc,task     ] GC(621) Using 2 workers of 2 for evacuation
[257.111s][info][gc,phases   ] GC(621)   Pre Evacuate Collection Set: 0.51ms
[257.111s][info][gc,phases   ] GC(621)   Merge Heap Roots: 0.54ms
[257.111s][info][gc,phases   ] GC(621)   Evacuate Collection Set: 30.41ms
[257.111s][info][gc,phases   ] GC(621)   Post Evacuate Collection Set: 0.62ms
[257.111s][info][gc,phases   ] GC(621)   Other: 0.08ms
[257.111s][info][gc,heap     ] GC(621) Eden regions: 370->0(373)
[257.111s][info][gc,heap     ] GC(621) Survivor regions: 7->17(48)
[257.111s][info][gc,heap     ] GC(621) Old regions: 470->470
[257.111s][info][gc,heap     ] GC(621) Humongous regions: 9->9
[257.111s][info][gc,metaspace] GC(621) Metaspace: 18778K(18944K)->18778K(18944K) NonClass: 16119K(16192K)->16119K(16192K) Class: 2659K(2752K)->2659K(2752K)
[257.112s][info][gc          ] GC(621) Pause Young (Normal) (G1 Evacuation Pause) 855M->496M(978M) 32.437ms
[257.112s][info][gc,cpu      ] GC(621) User=0.06s Sys=0.00s Real=0.03s
[257.226s][info][gc,marking  ] GC(620) Concurrent Mark From Roots 1096.039ms
[257.226s][info][gc,marking  ] GC(620) Concurrent Preclean
[257.226s][info][gc,marking  ] GC(620) Concurrent Preclean 0.034ms
[257.228s][info][gc,start    ] GC(620) Pause Remark
[257.235s][info][gc          ] GC(620) Pause Remark 534M->533M(978M) 7.366ms
[257.235s][info][gc,cpu      ] GC(620) User=0.01s Sys=0.00s Real=0.00s
[257.235s][info][gc,marking  ] GC(620) Concurrent Mark 1105.139ms
[257.235s][info][gc,marking  ] GC(620) Concurrent Rebuild Remembered Sets and Scrub Regions
[257.647s][info][gc,marking  ] GC(620) Concurrent Rebuild Remembered Sets and Scrub Regions 411.334ms
[257.647s][info][gc,start    ] GC(620) Pause Cleanup
[257.647s][info][gc          ] GC(620) Pause Cleanup 751M->751M(978M) 0.114ms
[257.647s][info][gc,cpu      ] GC(620) User=0.00s Sys=0.00s Real=0.00s
[257.648s][info][gc,marking  ] GC(620) Concurrent Clear Claimed Marks
[257.648s][info][gc,marking  ] GC(620) Concurrent Clear Claimed Marks 0.034ms
[257.648s][info][gc,marking  ] GC(620) Concurrent Cleanup for Next Mark
[257.651s][info][gc,marking  ] GC(620) Concurrent Cleanup for Next Mark 2.802ms
[257.651s][info][gc          ] GC(620) Concurrent Mark Cycle 1638.338ms
[257.780s][info][gc,start    ] GC(622) Pause Young (Prepare Mixed) (G1 Evacuation Pause)
[257.781s][info][gc,task     ] GC(622) Using 2 workers of 2 for evacuation
[257.848s][info][gc,phases   ] GC(622)   Pre Evacuate Collection Set: 0.52ms
[257.848s][info][gc,phases   ] GC(622)   Merge Heap Roots: 0.92ms
[257.848s][info][gc,phases   ] GC(622)   Evacuate Collection Set: 65.02ms
[257.848s][info][gc,phases   ] GC(622)   Post Evacuate Collection Set: 0.66ms
[257.848s][info][gc,phases   ] GC(622)   Other: 0.09ms
[257.848s][info][gc,heap     ] GC(622) Eden regions: 373->0(350)
[257.848s][info][gc,heap     ] GC(622) Survivor regions: 17->49(49)
[257.848s][info][gc,heap     ] GC(622) Old regions: 470->470
[257.848s][info][gc,heap     ] GC(622) Humongous regions: 8->8
[257.848s][info][gc,metaspace] GC(622) Metaspace: 18778K(18944K)->18778K(18944K) NonClass: 16119K(16192K)->16119K(16192K) Class: 2659K(2752K)->2659K(2752K)
[257.848s][info][gc          ] GC(622) Pause Young (Prepare Mixed) (G1 Evacuation Pause) 868M->526M(978M) 67.468ms
[257.848s][info][gc,cpu      ] GC(622) User=0.13s Sys=0.00s Real=0.07s
[258.160s][info][gc,start    ] GC(623) Pause Young (Mixed) (G1 Evacuation Pause)
[258.160s][info][gc,task     ] GC(623) Using 2 workers of 2 for evacuation
[258.233s][info][gc,phases   ] GC(623)   Pre Evacuate Collection Set: 0.50ms
[258.233s][info][gc,phases   ] GC(623)   Merge Heap Roots: 0.71ms
[258.233s][info][gc,phases   ] GC(623)   Evacuate Collection Set: 70.48ms
[258.233s][info][gc,phases   ] GC(623)   Post Evacuate Collection Set: 0.59ms
[258.233s][info][gc,phases   ] GC(623)   Other: 0.11ms
[258.233s][info][gc,heap     ] GC(623) Eden regions: 350->0(361)
[258.233s][info][gc,heap     ] GC(623) Survivor regions: 49->9(50)
[258.233s][info][gc,heap     ] GC(623) Old regions: 470->509
[258.233s][info][gc,heap     ] GC(623) Humongous regions: 8->8
[258.233s][info][gc,metaspace] GC(623) Metaspace: 18778K(18944K)->18778K(18944K) NonClass: 16119K(16192K)->16119K(16192K) Class: 2659K(2752K)->2659K(2752K)
[258.233s][info][gc          ] GC(623) Pause Young (Mixed) (G1 Evacuation Pause) 876M->525M(978M) 72.628ms
[258.233s][info][gc,cpu      ] GC(623) User=0.14s Sys=0.00s Real=0.07s
[258.646s][info][gc,start    ] GC(624) Pause Young (Concurrent Start) (G1 Evacuation Pause)
[258.646s][info][gc,task     ] GC(624) Using 2 workers of 2 for evacuation
[258.683s][info][gc,phases   ] GC(624)   Pre Evacuate Collection Set: 0.32ms
[258.683s][info][gc,phases   ] GC(624)   Merge Heap Roots: 0.26ms
[258.683s][info][gc,phases   ] GC(624)   Evacuate Collection Set: 35.69ms
[258.683s][info][gc,phases   ] GC(624)   Post Evacuate Collection Set: 0.56ms
[258.683s][info][gc,phases   ] GC(624)   Other: 0.13ms
[258.683s][info][gc,heap     ] GC(624) Eden regions: 361->0(344)
[258.683s][info][gc,heap     ] GC(624) Survivor regions: 9->32(47)
[258.683s][info][gc,heap     ] GC(624) Old regions: 509->509
[258.683s][info][gc,heap     ] GC(624) Humongous regions: 8->8
[258.683s][info][gc,metaspace] GC(624) Metaspace: 18778K(18944K)->18778K(18944K) NonClass: 16119K(16192K)->16119K(16192K) Class: 2659K(2752K)->2659K(2752K)
[258.683s][info][gc          ] GC(624) Pause Young (Concurrent Start) (G1 Evacuation Pause) 886M->548M(978M) 37.238ms
[258.683s][info][gc,cpu      ] GC(624) User=0.07s Sys=0.00s Real=0.04s
[258.683s][info][gc          ] GC(625) Concurrent Mark Cycle
[258.683s][info][gc,marking  ] GC(625) Concurrent Scan Root Regions
[258.737s][info][gc,marking  ] GC(625) Concurrent Scan Root Regions 54.195ms
[258.737s][info][gc,marking  ] GC(625) Concurrent Mark
[258.737s][info][gc,marking  ] GC(625) Concurrent Mark From Roots
[258.737s][info][gc,task     ] GC(625) Using 1 workers of 1 for marking
[259.769s][info][gc,start    ] GC(626) Pause Young (Normal) (G1 Evacuation Pause)
[259.769s][info][gc,task     ] GC(626) Using 2 workers of 2 for evacuation
[259.830s][info][gc,phases   ] GC(626)   Pre Evacuate Collection Set: 0.30ms
[259.830s][info][gc,phases   ] GC(626)   Merge Heap Roots: 0.30ms
[259.830s][info][gc,phases   ] GC(626)   Evacuate Collection Set: 59.19ms
[259.830s][info][gc,phases   ] GC(626)   Post Evacuate Collection Set: 0.62ms
[259.830s][info][gc,phases   ] GC(626)   Other: 0.09ms
[259.830s][info][gc,heap     ] GC(626) Eden regions: 344->0(313)
[259.830s][info][gc,heap     ] GC(626) Survivor regions: 32->45(47)
[259.830s][info][gc,heap     ] GC(626) Old regions: 509->517
[259.830s][info][gc,heap     ] GC(626) Humongous regions: 8->8
[259.830s][info][gc,metaspace] GC(626) Metaspace: 18778K(18944K)->18778K(18944K) NonClass: 16119K(16192K)->16119K(16192K) Class: 2659K(2752K)->2659K(2752K)
[259.830s][info][gc          ] GC(626) Pause Young (Normal) (G1 Evacuation Pause) 892M->570M(978M) 60.769ms
[259.830s][info][gc,cpu      ] GC(626) User=0.12s Sys=0.00s Real=0.06s
[260.260s][info][gc,marking  ] GC(625) Concurrent Mark From Roots 1523.064ms
[260.260s][info][gc,marking  ] GC(625) Concurrent Preclean
[260.260s][info][gc,marking  ] GC(625) Concurrent Preclean 0.033ms
[260.260s][info][gc,start    ] GC(625) Pause Remark
[260.268s][info][gc          ] GC(625) Pause Remark 817M->816M(978M) 7.242ms
[260.268s][info][gc,cpu      ] GC(625) User=0.01s Sys=0.00s Real=0.01s
[260.268s][info][gc,marking  ] GC(625) Concurrent Mark 1530.669ms
[260.268s][info][gc,marking  ] GC(625) Concurrent Rebuild Remembered Sets and Scrub Regions
[260.386s][info][gc,start    ] GC(627) Pause Young (Normal) (G1 Evacuation Pause)
[260.386s][info][gc,task     ] GC(627) Using 2 workers of 2 for evacuation
[260.448s][info][gc,phases   ] GC(627)   Pre Evacuate Collection Set: 0.30ms
[260.448s][info][gc,phases   ] GC(627)   Merge Heap Roots: 0.24ms
[260.448s][info][gc,phases   ] GC(627)   Evacuate Collection Set: 60.73ms
[260.448s][info][gc,phases   ] GC(627)   Post Evacuate Collection Set: 0.56ms
[260.448s][info][gc,phases   ] GC(627)   Other: 0.10ms
[260.448s][info][gc,heap     ] GC(627) Eden regions: 313->0(309)
[260.448s][info][gc,heap     ] GC(627) Survivor regions: 45->36(45)
[260.448s][info][gc,heap     ] GC(627) Old regions: 517->540
[260.448s][info][gc,heap     ] GC(627) Humongous regions: 7->7
[260.448s][info][gc,metaspace] GC(627) Metaspace: 18778K(18944K)->18778K(18944K) NonClass: 16119K(16192K)->16119K(16192K) Class: 2659K(2752K)->2659K(2752K)
[260.448s][info][gc          ] GC(627) Pause Young (Normal) (G1 Evacuation Pause) 882M->583M(978M) 62.199ms
[260.448s][info][gc,cpu      ] GC(627) User=0.13s Sys=0.00s Real=0.07s
[260.935s][info][gc,marking  ] GC(625) Concurrent Rebuild Remembered Sets and Scrub Regions 666.808ms
[260.935s][info][gc,start    ] GC(625) Pause Cleanup
[260.935s][info][gc          ] GC(625) Pause Cleanup 876M->876M(978M) 0.107ms
[260.935s][info][gc,cpu      ] GC(625) User=0.00s Sys=0.00s Real=0.00s
[260.936s][info][gc,marking  ] GC(625) Concurrent Clear Claimed Marks
[260.936s][info][gc,marking  ] GC(625) Concurrent Clear Claimed Marks 0.050ms
[260.936s][info][gc,marking  ] GC(625) Concurrent Cleanup for Next Mark
[260.940s][info][gc,marking  ] GC(625) Concurrent Cleanup for Next Mark 4.881ms
[260.941s][info][gc          ] GC(625) Concurrent Mark Cycle 2257.722ms
[260.951s][info][gc,start    ] GC(628) Pause Young (Prepare Mixed) (G1 Evacuation Pause)
[260.951s][info][gc,task     ] GC(628) Using 2 workers of 2 for evacuation
[261.003s][info][gc,phases   ] GC(628)   Pre Evacuate Collection Set: 0.29ms
[261.003s][info][gc,phases   ] GC(628)   Merge Heap Roots: 0.26ms
[261.003s][info][gc,phases   ] GC(628)   Evacuate Collection Set: 51.43ms
[261.003s][info][gc,phases   ] GC(628)   Post Evacuate Collection Set: 0.56ms
[261.003s][info][gc,phases   ] GC(628)   Other: 0.10ms
[261.003s][info][gc,heap     ] GC(628) Eden regions: 309->0(297)
[261.003s][info][gc,heap     ] GC(628) Survivor regions: 36->31(44)
[261.003s][info][gc,heap     ] GC(628) Old regions: 540->562
[261.003s][info][gc,heap     ] GC(628) Humongous regions: 7->7
[261.003s][info][gc,metaspace] GC(628) Metaspace: 18778K(18944K)->18778K(18944K) NonClass: 16119K(16192K)->16119K(16192K) Class: 2659K(2752K)->2659K(2752K)
[261.003s][info][gc          ] GC(628) Pause Young (Prepare Mixed) (G1 Evacuation Pause) 892M->600M(978M) 52.820ms
[261.003s][info][gc,cpu      ] GC(628) User=0.11s Sys=0.00s Real=0.05s
[261.692s][info][gc,start    ] GC(629) Pause Young (Mixed) (G1 Evacuation Pause)
[261.692s][info][gc,task     ] GC(629) Using 2 workers of 2 for evacuation
[261.739s][info][gc,phases   ] GC(629)   Pre Evacuate Collection Set: 0.29ms
[261.739s][info][gc,phases   ] GC(629)   Merge Heap Roots: 0.30ms
[261.739s][info][gc,phases   ] GC(629)   Evacuate Collection Set: 45.66ms
[261.739s][info][gc,phases   ] GC(629)   Post Evacuate Collection Set: 0.59ms
[261.739s][info][gc,phases   ] GC(629)   Other: 0.07ms
[261.739s][info][gc,heap     ] GC(629) Eden regions: 297->0(298)
[261.739s][info][gc,heap     ] GC(629) Survivor regions: 31->27(41)
[261.739s][info][gc,heap     ] GC(629) Old regions: 562->569
[261.739s][info][gc,heap     ] GC(629) Humongous regions: 7->7
[261.739s][info][gc,metaspace] GC(629) Metaspace: 18778K(18944K)->18778K(18944K) NonClass: 16119K(16192K)->16119K(16192K) Class: 2659K(2752K)->2659K(2752K)
[261.739s][info][gc          ] GC(629) Pause Young (Mixed) (G1 Evacuation Pause) 897M->602M(978M) 47.126ms
[261.739s][info][gc,cpu      ] GC(629) User=0.10s Sys=0.00s Real=0.05s
[262.105s][info][gc,start    ] GC(630) Pause Young (Concurrent Start) (G1 Evacuation Pause)
[262.105s][info][gc,task     ] GC(630) Using 2 workers of 2 for evacuation
[262.192s][info][gc,phases   ] GC(630)   Pre Evacuate Collection Set: 0.33ms
[262.192s][info][gc,phases   ] GC(630)   Merge Heap Roots: 0.23ms
[262.192s][info][gc,phases   ] GC(630)   Evacuate Collection Set: 82.60ms
[262.192s][info][gc,phases   ] GC(630)   Post Evacuate Collection Set: 3.72ms
[262.192s][info][gc,phases   ] GC(630)   Other: 0.12ms
[262.192s][info][gc,heap     ] GC(630) Eden regions: 298->0(194)
[262.192s][info][gc,heap     ] GC(630) Survivor regions: 27->41(41)
[262.192s][info][gc,heap     ] GC(630) Old regions: 569->645
[262.192s][info][gc,heap     ] GC(630) Humongous regions: 7->7
[262.192s][info][gc,metaspace] GC(630) Metaspace: 18778K(18944K)->18778K(18944K) NonClass: 16119K(16192K)->16119K(16192K) Class: 2659K(2752K)->2659K(2752K)
[262.192s][info][gc          ] GC(630) Pause Young (Concurrent Start) (G1 Evacuation Pause) (Evacuation Failure: Allocation) 900M->693M(978M) 87.238ms
[262.192s][info][gc,cpu      ] GC(630) User=0.17s Sys=0.00s Real=0.09s
[262.192s][info][gc          ] GC(631) Concurrent Mark Cycle
[262.192s][info][gc,marking  ] GC(631) Concurrent Scan Root Regions
[262.280s][info][gc,marking  ] GC(631) Concurrent Scan Root Regions 87.655ms
[262.280s][info][gc,marking  ] GC(631) Concurrent Mark
[262.280s][info][gc,marking  ] GC(631) Concurrent Mark From Roots
[262.280s][info][gc,task     ] GC(631) Using 1 workers of 1 for marking
[262.580s][info][gc,start    ] GC(632) Pause Young (Normal) (G1 Evacuation Pause)
[262.580s][info][gc,task     ] GC(632) Using 2 workers of 2 for evacuation
[262.643s][info][gc,phases   ] GC(632)   Pre Evacuate Collection Set: 0.52ms
[262.643s][info][gc,phases   ] GC(632)   Merge Heap Roots: 0.43ms
[262.643s][info][gc,phases   ] GC(632)   Evacuate Collection Set: 61.48ms
[262.643s][info][gc,phases   ] GC(632)   Post Evacuate Collection Set: 0.58ms
[262.643s][info][gc,phases   ] GC(632)   Other: 0.09ms
[262.643s][info][gc,heap     ] GC(632) Eden regions: 194->0(232)
[262.643s][info][gc,heap     ] GC(632) Survivor regions: 41->10(30)
[262.643s][info][gc,heap     ] GC(632) Old regions: 645->658
[262.643s][info][gc,heap     ] GC(632) Humongous regions: 7->7
[262.643s][info][gc,metaspace] GC(632) Metaspace: 18778K(18944K)->18778K(18944K) NonClass: 16119K(16192K)->16119K(16192K) Class: 2659K(2752K)->2659K(2752K)
[262.644s][info][gc          ] GC(632) Pause Young (Normal) (G1 Evacuation Pause) 887M->675M(978M) 63.338ms
[262.644s][info][gc,cpu      ] GC(632) User=0.12s Sys=0.00s Real=0.06s
[263.349s][info][gc,start    ] GC(633) Pause Young (Normal) (G1 Evacuation Pause)
[263.349s][info][gc,task     ] GC(633) Using 2 workers of 2 for evacuation
[263.391s][info][gc,phases   ] GC(633)   Pre Evacuate Collection Set: 0.30ms
[263.391s][info][gc,phases   ] GC(633)   Merge Heap Roots: 0.33ms
[263.391s][info][gc,phases   ] GC(633)   Evacuate Collection Set: 40.20ms
[263.391s][info][gc,phases   ] GC(633)   Post Evacuate Collection Set: 0.51ms
[263.391s][info][gc,phases   ] GC(633)   Other: 0.09ms
[263.391s][info][gc,heap     ] GC(633) Eden regions: 232->0(208)
[263.391s][info][gc,heap     ] GC(633) Survivor regions: 10->26(31)
[263.391s][info][gc,heap     ] GC(633) Old regions: 658->658
[263.391s][info][gc,heap     ] GC(633) Humongous regions: 10->10
[263.391s][info][gc,metaspace] GC(633) Metaspace: 18778K(18944K)->18778K(18944K) NonClass: 16119K(16192K)->16119K(16192K) Class: 2659K(2752K)->2659K(2752K)
[263.391s][info][gc          ] GC(633) Pause Young (Normal) (G1 Evacuation Pause) 910M->694M(978M) 41.653ms
[263.391s][info][gc,cpu      ] GC(633) User=0.08s Sys=0.00s Real=0.04s
[263.819s][info][gc,marking  ] GC(631) Concurrent Mark From Roots 1539.605ms
[263.819s][info][gc,marking  ] GC(631) Concurrent Preclean
[263.819s][info][gc,marking  ] GC(631) Concurrent Preclean 0.037ms
[263.819s][info][gc,start    ] GC(631) Pause Remark
[263.827s][info][gc          ] GC(631) Pause Remark 837M->793M(978M) 7.333ms
[263.827s][info][gc,cpu      ] GC(631) User=0.02s Sys=0.00s Real=0.00s
[263.827s][info][gc,marking  ] GC(631) Concurrent Mark 1547.283ms
[263.827s][info][gc,marking  ] GC(631) Concurrent Rebuild Remembered Sets and Scrub Regions
[263.971s][info][gc,start    ] GC(634) Pause Young (Normal) (G1 Evacuation Pause)
[263.971s][info][gc,task     ] GC(634) Using 2 workers of 2 for evacuation
[264.013s][info][gc,phases   ] GC(634)   Pre Evacuate Collection Set: 0.49ms
[264.013s][info][gc,phases   ] GC(634)   Merge Heap Roots: 0.48ms
[264.013s][info][gc,phases   ] GC(634)   Evacuate Collection Set: 40.72ms
[264.013s][info][gc,phases   ] GC(634)   Post Evacuate Collection Set: 0.40ms
[264.013s][info][gc,phases   ] GC(634)   Other: 0.09ms
[264.013s][info][gc,heap     ] GC(634) Eden regions: 208->0(261)
[264.013s][info][gc,heap     ] GC(634) Survivor regions: 26->1(30)
[264.013s][info][gc,heap     ] GC(634) Old regions: 615->641
[264.013s][info][gc,heap     ] GC(634) Humongous regions: 9->9
[264.013s][info][gc,metaspace] GC(634) Metaspace: 18778K(18944K)->18778K(18944K) NonClass: 16119K(16192K)->16119K(16192K) Class: 2659K(2752K)->2659K(2752K)
[264.013s][info][gc          ] GC(634) Pause Young (Normal) (G1 Evacuation Pause) 858M->650M(978M) 42.455ms
[264.013s][info][gc,cpu      ] GC(634) User=0.08s Sys=0.00s Real=0.04s
[264.421s][info][gc,marking  ] GC(631) Concurrent Rebuild Remembered Sets and Scrub Regions 594.231ms
[264.421s][info][gc,start    ] GC(631) Pause Cleanup
[264.422s][info][gc          ] GC(631) Pause Cleanup 780M->780M(978M) 0.121ms
[264.422s][info][gc,cpu      ] GC(631) User=0.00s Sys=0.00s Real=0.00s
[264.422s][info][gc,marking  ] GC(631) Concurrent Clear Claimed Marks
[264.422s][info][gc,marking  ] GC(631) Concurrent Clear Claimed Marks 0.029ms
[264.422s][info][gc,marking  ] GC(631) Concurrent Cleanup for Next Mark
[264.424s][info][gc,marking  ] GC(631) Concurrent Cleanup for Next Mark 2.808ms
[264.424s][info][gc          ] GC(631) Concurrent Mark Cycle 2232.622ms
[264.633s][info][gc,start    ] GC(635) Pause Young (Prepare Mixed) (G1 Evacuation Pause)
[264.633s][info][gc,task     ] GC(635) Using 2 workers of 2 for evacuation
[264.640s][info][gc,phases   ] GC(635)   Pre Evacuate Collection Set: 0.31ms
[264.640s][info][gc,phases   ] GC(635)   Merge Heap Roots: 0.10ms
[264.640s][info][gc,phases   ] GC(635)   Evacuate Collection Set: 5.44ms
[264.640s][info][gc,phases   ] GC(635)   Post Evacuate Collection Set: 0.43ms
[264.640s][info][gc,phases   ] GC(635)   Other: 0.10ms
[264.640s][info][gc,heap     ] GC(635) Eden regions: 261->0(264)
[264.640s][info][gc,heap     ] GC(635) Survivor regions: 1->6(33)
[264.640s][info][gc,heap     ] GC(635) Old regions: 641->641
[264.640s][info][gc,heap     ] GC(635) Humongous regions: 9->9
[264.640s][info][gc,metaspace] GC(635) Metaspace: 18778K(18944K)->18778K(18944K) NonClass: 16119K(16192K)->16119K(16192K) Class: 2659K(2752K)->2659K(2752K)
[264.640s][info][gc          ] GC(635) Pause Young (Prepare Mixed) (G1 Evacuation Pause) 911M->655M(978M) 6.591ms
[264.640s][info][gc,cpu      ] GC(635) User=0.01s Sys=0.00s Real=0.01s
[264.864s][info][gc,start    ] GC(636) Pause Young (Mixed) (G1 Evacuation Pause)
[264.865s][info][gc,task     ] GC(636) Using 2 workers of 2 for evacuation
[264.939s][info][gc,phases   ] GC(636)   Pre Evacuate Collection Set: 0.52ms
[264.940s][info][gc,phases   ] GC(636)   Merge Heap Roots: 0.15ms
[264.940s][info][gc,phases   ] GC(636)   Evacuate Collection Set: 67.78ms
[264.940s][info][gc,phases   ] GC(636)   Post Evacuate Collection Set: 6.42ms
[264.940s][info][gc,phases   ] GC(636)   Other: 0.07ms
[264.940s][info][gc,heap     ] GC(636) Eden regions: 264->0(120)
[264.940s][info][gc,heap     ] GC(636) Survivor regions: 6->34(34)
[264.940s][info][gc,heap     ] GC(636) Old regions: 641->731
[264.940s][info][gc,heap     ] GC(636) Humongous regions: 9->9
[264.940s][info][gc,metaspace] GC(636) Metaspace: 18778K(18944K)->18778K(18944K) NonClass: 16119K(16192K)->16119K(16192K) Class: 2659K(2752K)->2659K(2752K)
[264.940s][info][gc          ] GC(636) Pause Young (Mixed) (G1 Evacuation Pause) (Evacuation Failure: Allocation) 919M->774M(978M) 75.175ms
[264.940s][info][gc,cpu      ] GC(636) User=0.14s Sys=0.00s Real=0.08s
[265.094s][info][gc,start    ] GC(637) Pause Young (Concurrent Start) (G1 Evacuation Pause)
[265.094s][info][gc,task     ] GC(637) Using 2 workers of 2 for evacuation
[265.145s][info][gc,phases   ] GC(637)   Pre Evacuate Collection Set: 0.40ms
[265.145s][info][gc,phases   ] GC(637)   Merge Heap Roots: 0.39ms
[265.145s][info][gc,phases   ] GC(637)   Evacuate Collection Set: 49.15ms
[265.145s][info][gc,phases   ] GC(637)   Post Evacuate Collection Set: 0.48ms
[265.145s][info][gc,phases   ] GC(637)   Other: 0.21ms
[265.145s][info][gc,heap     ] GC(637) Eden regions: 120->0(221)
[265.145s][info][gc,heap     ] GC(637) Survivor regions: 34->1(20)
[265.145s][info][gc,heap     ] GC(637) Old regions: 731->689
[265.145s][info][gc,heap     ] GC(637) Humongous regions: 9->9
[265.145s][info][gc,metaspace] GC(637) Metaspace: 18778K(18944K)->18778K(18944K) NonClass: 16119K(16192K)->16119K(16192K) Class: 2659K(2752K)->2659K(2752K)
[265.145s][info][gc          ] GC(637) Pause Young (Concurrent Start) (G1 Evacuation Pause) 894M->698M(978M) 50.898ms
[265.145s][info][gc,cpu      ] GC(637) User=0.10s Sys=0.00s Real=0.05s
[265.145s][info][gc          ] GC(638) Concurrent Mark Cycle
[265.148s][info][gc,marking  ] GC(638) Concurrent Scan Root Regions
[265.196s][info][gc,marking  ] GC(638) Concurrent Scan Root Regions 48.368ms
[265.196s][info][gc,marking  ] GC(638) Concurrent Mark
[265.196s][info][gc,marking  ] GC(638) Concurrent Mark From Roots
[265.196s][info][gc,task     ] GC(638) Using 1 workers of 1 for marking
[265.582s][info][gc,start    ] GC(639) Pause Young (Normal) (G1 Evacuation Pause)
[265.582s][info][gc,task     ] GC(639) Using 2 workers of 2 for evacuation
[265.584s][info][gc,phases   ] GC(639)   Pre Evacuate Collection Set: 0.49ms
[265.584s][info][gc,phases   ] GC(639)   Merge Heap Roots: 0.08ms
[265.584s][info][gc,phases   ] GC(639)   Evacuate Collection Set: 0.89ms
[265.584s][info][gc,phases   ] GC(639)   Post Evacuate Collection Set: 0.51ms
[265.584s][info][gc,phases   ] GC(639)   Other: 0.09ms
[265.584s][info][gc,heap     ] GC(639) Eden regions: 221->0(228)
[265.584s][info][gc,heap     ] GC(639) Survivor regions: 1->1(28)
[265.584s][info][gc,heap     ] GC(639) Old regions: 689->689
[265.584s][info][gc,heap     ] GC(639) Humongous regions: 9->9
[265.584s][info][gc,metaspace] GC(639) Metaspace: 18778K(18944K)->18778K(18944K) NonClass: 16119K(16192K)->16119K(16192K) Class: 2659K(2752K)->2659K(2752K)
[265.584s][info][gc          ] GC(639) Pause Young (Normal) (G1 Evacuation Pause) 919M->698M(978M) 2.261ms
[265.584s][info][gc,cpu      ] GC(639) User=0.00s Sys=0.00s Real=0.00s
[266.024s][info][gc,start    ] GC(640) Pause Young (Normal) (G1 Evacuation Pause)
[266.024s][info][gc,task     ] GC(640) Using 2 workers of 2 for evacuation
[266.027s][info][gc,phases   ] GC(640)   Pre Evacuate Collection Set: 0.29ms
[266.027s][info][gc,phases   ] GC(640)   Merge Heap Roots: 0.10ms
[266.027s][info][gc,phases   ] GC(640)   Evacuate Collection Set: 1.20ms
[266.027s][info][gc,phases   ] GC(640)   Post Evacuate Collection Set: 0.39ms
[266.027s][info][gc,phases   ] GC(640)   Other: 0.09ms
[266.027s][info][gc,heap     ] GC(640) Eden regions: 228->0(228)
[266.027s][info][gc,heap     ] GC(640) Survivor regions: 1->1(29)
[266.027s][info][gc,heap     ] GC(640) Old regions: 689->689
[266.027s][info][gc,heap     ] GC(640) Humongous regions: 9->9
[266.027s][info][gc,metaspace] GC(640) Metaspace: 18778K(18944K)->18778K(18944K) NonClass: 16119K(16192K)->16119K(16192K) Class: 2659K(2752K)->2659K(2752K)
[266.027s][info][gc          ] GC(640) Pause Young (Normal) (G1 Evacuation Pause) 926M->698M(978M) 2.291ms
[266.027s][info][gc,cpu      ] GC(640) User=0.01s Sys=0.01s Real=0.00s
[266.123s][info][gc,marking  ] GC(638) Concurrent Mark From Roots 926.391ms
[266.123s][info][gc,marking  ] GC(638) Concurrent Preclean
[266.123s][info][gc,marking  ] GC(638) Concurrent Preclean 0.028ms
[266.123s][info][gc,start    ] GC(638) Pause Remark
[266.130s][info][gc          ] GC(638) Pause Remark 741M->541M(978M) 7.397ms
[266.130s][info][gc,cpu      ] GC(638) User=0.02s Sys=0.00s Real=0.01s
[266.130s][info][gc,marking  ] GC(638) Concurrent Mark 934.104ms
[266.130s][info][gc,marking  ] GC(638) Concurrent Rebuild Remembered Sets and Scrub Regions
[266.438s][info][gc,start    ] GC(641) Pause Young (Normal) (G1 Evacuation Pause)
[266.438s][info][gc,task     ] GC(641) Using 2 workers of 2 for evacuation
[266.440s][info][gc,phases   ] GC(641)   Pre Evacuate Collection Set: 0.48ms
[266.441s][info][gc,phases   ] GC(641)   Merge Heap Roots: 0.10ms
[266.441s][info][gc,phases   ] GC(641)   Evacuate Collection Set: 1.59ms
[266.441s][info][gc,phases   ] GC(641)   Post Evacuate Collection Set: 0.40ms
[266.441s][info][gc,phases   ] GC(641)   Other: 0.09ms
[266.441s][info][gc,heap     ] GC(641) Eden regions: 228->0(420)
[266.441s][info][gc,heap     ] GC(641) Survivor regions: 1->1(29)
[266.441s][info][gc,heap     ] GC(641) Old regions: 494->494
[266.441s][info][gc,heap     ] GC(641) Humongous regions: 4->4
[266.441s][info][gc,metaspace] GC(641) Metaspace: 18778K(18944K)->18778K(18944K) NonClass: 16119K(16192K)->16119K(16192K) Class: 2659K(2752K)->2659K(2752K)
[266.441s][info][gc          ] GC(641) Pause Young (Normal) (G1 Evacuation Pause) 726M->498M(978M) 2.914ms
[266.441s][info][gc,cpu      ] GC(641) User=0.01s Sys=0.00s Real=0.00s
[266.453s][info][gc,marking  ] GC(638) Concurrent Rebuild Remembered Sets and Scrub Regions 322.014ms
[266.453s][info][gc,start    ] GC(638) Pause Cleanup
[266.453s][info][gc          ] GC(638) Pause Cleanup 505M->505M(978M) 0.112ms
[266.453s][info][gc,cpu      ] GC(638) User=0.00s Sys=0.00s Real=0.00s
[266.453s][info][gc,marking  ] GC(638) Concurrent Clear Claimed Marks
[266.453s][info][gc,marking  ] GC(638) Concurrent Clear Claimed Marks 0.035ms
[266.453s][info][gc,marking  ] GC(638) Concurrent Cleanup for Next Mark
[266.460s][info][gc,marking  ] GC(638) Concurrent Cleanup for Next Mark 6.307ms
[266.460s][info][gc          ] GC(638) Concurrent Mark Cycle 1314.482ms
[266.804s][info][gc,start    ] GC(642) Pause Young (Prepare Mixed) (G1 Evacuation Pause)
[266.804s][info][gc,task     ] GC(642) Using 2 workers of 2 for evacuation
[266.883s][info][gc,phases   ] GC(642)   Pre Evacuate Collection Set: 0.44ms
[266.883s][info][gc,phases   ] GC(642)   Merge Heap Roots: 0.47ms
[266.883s][info][gc,phases   ] GC(642)   Evacuate Collection Set: 76.58ms
[266.883s][info][gc,phases   ] GC(642)   Post Evacuate Collection Set: 0.71ms
[266.883s][info][gc,phases   ] GC(642)   Other: 0.08ms
[266.883s][info][gc,heap     ] GC(642) Eden regions: 420->0(321)
[266.883s][info][gc,heap     ] GC(642) Survivor regions: 1->53(53)
[266.883s][info][gc,heap     ] GC(642) Old regions: 494->494
[266.883s][info][gc,heap     ] GC(642) Humongous regions: 7->7
[266.883s][info][gc,metaspace] GC(642) Metaspace: 18778K(18944K)->18778K(18944K) NonClass: 16119K(16192K)->16119K(16192K) Class: 2659K(2752K)->2659K(2752K)
[266.883s][info][gc          ] GC(642) Pause Young (Prepare Mixed) (G1 Evacuation Pause) 921M->553M(978M) 78.546ms
[266.883s][info][gc,cpu      ] GC(642) User=0.15s Sys=0.00s Real=0.08s
[267.187s][info][gc,start    ] GC(643) Pause Young (Mixed) (G1 Evacuation Pause)
[267.187s][info][gc,task     ] GC(643) Using 2 workers of 2 for evacuation
[267.264s][info][gc,phases   ] GC(643)   Pre Evacuate Collection Set: 0.35ms
[267.264s][info][gc,phases   ] GC(643)   Merge Heap Roots: 0.48ms
[267.264s][info][gc,phases   ] GC(643)   Evacuate Collection Set: 75.83ms
[267.264s][info][gc,phases   ] GC(643)   Post Evacuate Collection Set: 0.72ms
[267.264s][info][gc,phases   ] GC(643)   Other: 0.09ms
[267.264s][info][gc,heap     ] GC(643) Eden regions: 321->0(431)
[267.264s][info][gc,heap     ] GC(643) Survivor regions: 53->5(47)
[267.264s][info][gc,heap     ] GC(643) Old regions: 494->451
[267.264s][info][gc,heap     ] GC(643) Humongous regions: 7->7
[267.264s][info][gc,metaspace] GC(643) Metaspace: 18778K(18944K)->18778K(18944K) NonClass: 16119K(16192K)->16119K(16192K) Class: 2659K(2752K)->2659K(2752K)
[267.264s][info][gc          ] GC(643) Pause Young (Mixed) (G1 Evacuation Pause) 874M->462M(978M) 77.701ms
[267.264s][info][gc,cpu      ] GC(643) User=0.15s Sys=0.00s Real=0.08s
[267.908s][info][gc,start    ] GC(644) Pause Young (Mixed) (G1 Evacuation Pause)
[267.908s][info][gc,task     ] GC(644) Using 2 workers of 2 for evacuation
[267.972s][info][gc,phases   ] GC(644)   Pre Evacuate Collection Set: 0.52ms
[267.972s][info][gc,phases   ] GC(644)   Merge Heap Roots: 1.24ms
[267.972s][info][gc,phases   ] GC(644)   Evacuate Collection Set: 61.38ms
[267.972s][info][gc,phases   ] GC(644)   Post Evacuate Collection Set: 0.71ms
[267.972s][info][gc,phases   ] GC(644)   Other: 0.10ms
[267.972s][info][gc,heap     ] GC(644) Eden regions: 431->0(420)
[267.972s][info][gc,heap     ] GC(644) Survivor regions: 5->28(55)
[267.972s][info][gc,heap     ] GC(644) Old regions: 451->437
[267.972s][info][gc,heap     ] GC(644) Humongous regions: 7->7
[267.972s][info][gc,metaspace] GC(644) Metaspace: 18778K(18944K)->18778K(18944K) NonClass: 16119K(16192K)->16119K(16192K) Class: 2659K(2752K)->2659K(2752K)
[267.972s][info][gc          ] GC(644) Pause Young (Mixed) (G1 Evacuation Pause) 893M->471M(978M) 64.197ms
[267.972s][info][gc,cpu      ] GC(644) User=0.13s Sys=0.00s Real=0.06s
[268.622s][info][gc,start    ] GC(645) Pause Young (Concurrent Start) (G1 Evacuation Pause)
[268.622s][info][gc,task     ] GC(645) Using 2 workers of 2 for evacuation
[268.678s][info][gc,phases   ] GC(645)   Pre Evacuate Collection Set: 0.31ms
[268.678s][info][gc,phases   ] GC(645)   Merge Heap Roots: 0.38ms
[268.678s][info][gc,phases   ] GC(645)   Evacuate Collection Set: 54.56ms
[268.678s][info][gc,phases   ] GC(645)   Post Evacuate Collection Set: 0.65ms
[268.678s][info][gc,phases   ] GC(645)   Other: 0.13ms
[268.678s][info][gc,heap     ] GC(645) Eden regions: 420->0(390)
[268.678s][info][gc,heap     ] GC(645) Survivor regions: 28->47(56)
[268.678s][info][gc,heap     ] GC(645) Old regions: 437->437
[268.678s][info][gc,heap     ] GC(645) Humongous regions: 7->7
[268.678s][info][gc,metaspace] GC(645) Metaspace: 18778K(18944K)->18778K(18944K) NonClass: 16119K(16192K)->16119K(16192K) Class: 2659K(2752K)->2659K(2752K)
[268.678s][info][gc          ] GC(645) Pause Young (Concurrent Start) (G1 Evacuation Pause) 891M->490M(978M) 56.257ms
[268.678s][info][gc,cpu      ] GC(645) User=0.11s Sys=0.00s Real=0.06s
[268.678s][info][gc          ] GC(646) Concurrent Mark Cycle
[268.678s][info][gc,marking  ] GC(646) Concurrent Scan Root Regions
[268.766s][info][gc,marking  ] GC(646) Concurrent Scan Root Regions 88.054ms
[268.766s][info][gc,marking  ] GC(646) Concurrent Mark
[268.766s][info][gc,marking  ] GC(646) Concurrent Mark From Roots
[268.766s][info][gc,task     ] GC(646) Using 1 workers of 1 for marking
[269.303s][info][gc,start    ] GC(647) Pause Young (Normal) (G1 Evacuation Pause)
[269.304s][info][gc,task     ] GC(647) Using 2 workers of 2 for evacuation
[269.377s][info][gc,phases   ] GC(647)   Pre Evacuate Collection Set: 0.30ms
[269.377s][info][gc,phases   ] GC(647)   Merge Heap Roots: 0.31ms
[269.377s][info][gc,phases   ] GC(647)   Evacuate Collection Set: 72.24ms
[269.377s][info][gc,phases   ] GC(647)   Post Evacuate Collection Set: 0.64ms
[269.377s][info][gc,phases   ] GC(647)   Other: 0.12ms
[269.377s][info][gc,heap     ] GC(647) Eden regions: 390->0(371)
[269.377s][info][gc,heap     ] GC(647) Survivor regions: 47->43(55)
[269.377s][info][gc,heap     ] GC(647) Old regions: 437->464
[269.377s][info][gc,heap     ] GC(647) Humongous regions: 7->7
[269.377s][info][gc,metaspace] GC(647) Metaspace: 18778K(18944K)->18778K(18944K) NonClass: 16119K(16192K)->16119K(16192K) Class: 2659K(2752K)->2659K(2752K)
[269.377s][info][gc          ] GC(647) Pause Young (Normal) (G1 Evacuation Pause) 880M->514M(978M) 73.869ms
[269.377s][info][gc,cpu      ] GC(647) User=0.15s Sys=0.00s Real=0.08s
[269.568s][info][gc,marking  ] GC(646) Concurrent Mark From Roots 802.076ms
[269.568s][info][gc,marking  ] GC(646) Concurrent Preclean
[269.568s][info][gc,marking  ] GC(646) Concurrent Preclean 0.033ms
[269.568s][info][gc,start    ] GC(646) Pause Remark
[269.576s][info][gc          ] GC(646) Pause Remark 633M->517M(978M) 7.382ms
[269.576s][info][gc,cpu      ] GC(646) User=0.01s Sys=0.00s Real=0.00s
[269.576s][info][gc,marking  ] GC(646) Concurrent Mark 809.797ms
[269.576s][info][gc,marking  ] GC(646) Concurrent Rebuild Remembered Sets and Scrub Regions
[269.779s][info][gc,marking  ] GC(646) Concurrent Rebuild Remembered Sets and Scrub Regions 203.389ms
[269.779s][info][gc,start    ] GC(646) Pause Cleanup
[269.780s][info][gc          ] GC(646) Pause Cleanup 667M->667M(978M) 0.113ms
[269.780s][info][gc,cpu      ] GC(646) User=0.00s Sys=0.00s Real=0.00s
[269.780s][info][gc,marking  ] GC(646) Concurrent Clear Claimed Marks
[269.780s][info][gc,marking  ] GC(646) Concurrent Clear Claimed Marks 0.030ms
[269.780s][info][gc,marking  ] GC(646) Concurrent Cleanup for Next Mark
[269.782s][info][gc,marking  ] GC(646) Concurrent Cleanup for Next Mark 2.847ms
[269.782s][info][gc          ] GC(646) Concurrent Mark Cycle 1104.654ms
[269.948s][info][gc,start    ] GC(648) Pause Young (Prepare Mixed) (G1 Evacuation Pause)
[269.948s][info][gc,task     ] GC(648) Using 2 workers of 2 for evacuation
[270.007s][info][gc,phases   ] GC(648)   Pre Evacuate Collection Set: 0.51ms
[270.007s][info][gc,phases   ] GC(648)   Merge Heap Roots: 0.50ms
[270.007s][info][gc,phases   ] GC(648)   Evacuate Collection Set: 56.90ms
[270.007s][info][gc,phases   ] GC(648)   Post Evacuate Collection Set: 0.62ms
[270.007s][info][gc,phases   ] GC(648)   Other: 0.13ms
[270.007s][info][gc,heap     ] GC(648) Eden regions: 371->0(483)
[270.007s][info][gc,heap     ] GC(648) Survivor regions: 43->35(52)
[270.007s][info][gc,heap     ] GC(648) Old regions: 351->371
[270.007s][info][gc,heap     ] GC(648) Humongous regions: 4->4
[270.007s][info][gc,metaspace] GC(648) Metaspace: 18778K(18944K)->18778K(18944K) NonClass: 16119K(16192K)->16119K(16192K) Class: 2659K(2752K)->2659K(2752K)
[270.007s][info][gc          ] GC(648) Pause Young (Prepare Mixed) (G1 Evacuation Pause) 769M->409M(978M) 58.994ms
[270.007s][info][gc,cpu      ] GC(648) User=0.12s Sys=0.00s Real=0.06s
[270.789s][info][gc,start    ] GC(649) Pause Young (Mixed) (G1 Evacuation Pause)
[270.789s][info][gc,task     ] GC(649) Using 2 workers of 2 for evacuation
[270.899s][info][gc,phases   ] GC(649)   Pre Evacuate Collection Set: 0.55ms
[270.900s][info][gc,phases   ] GC(649)   Merge Heap Roots: 0.34ms
[270.900s][info][gc,phases   ] GC(649)   Evacuate Collection Set: 102.92ms
[270.900s][info][gc,phases   ] GC(649)   Post Evacuate Collection Set: 6.79ms
[270.900s][info][gc,phases   ] GC(649)   Other: 0.09ms
[270.900s][info][gc,heap     ] GC(649) Eden regions: 483->0(373)
[270.900s][info][gc,heap     ] GC(649) Survivor regions: 35->61(65)
[270.900s][info][gc,heap     ] GC(649) Old regions: 371->429
[270.900s][info][gc,heap     ] GC(649) Humongous regions: 4->4
[270.900s][info][gc,metaspace] GC(649) Metaspace: 18778K(18944K)->18778K(18944K) NonClass: 16119K(16192K)->16119K(16192K) Class: 2659K(2752K)->2659K(2752K)
[270.900s][info][gc          ] GC(649) Pause Young (Mixed) (G1 Evacuation Pause) (Evacuation Failure: Allocation) 892M->494M(978M) 110.916ms
[270.900s][info][gc,cpu      ] GC(649) User=0.22s Sys=0.00s Real=0.11s
[271.506s][info][gc,start    ] GC(650) Pause Young (Concurrent Start) (G1 Evacuation Pause)
[271.506s][info][gc,task     ] GC(650) Using 2 workers of 2 for evacuation
[271.654s][info][gc,phases   ] GC(650)   Pre Evacuate Collection Set: 0.35ms
[271.654s][info][gc,phases   ] GC(650)   Merge Heap Roots: 0.46ms
[271.654s][info][gc,phases   ] GC(650)   Evacuate Collection Set: 133.30ms
[271.654s][info][gc,phases   ] GC(650)   Post Evacuate Collection Set: 13.05ms
[271.654s][info][gc,phases   ] GC(650)   Other: 0.11ms
[271.654s][info][gc,heap     ] GC(650) Eden regions: 373->0(229)
[271.654s][info][gc,heap     ] GC(650) Survivor regions: 61->55(55)
[271.654s][info][gc,heap     ] GC(650) Old regions: 429->585
[271.654s][info][gc,heap     ] GC(650) Humongous regions: 4->4
[271.654s][info][gc,metaspace] GC(650) Metaspace: 18779K(18944K)->18779K(18944K) NonClass: 16120K(16192K)->16120K(16192K) Class: 2659K(2752K)->2659K(2752K)
[271.654s][info][gc          ] GC(650) Pause Young (Concurrent Start) (G1 Evacuation Pause) (Evacuation Failure: Allocation) 867M->644M(978M) 147.543ms
[271.654s][info][gc          ] GC(651) Concurrent Mark Cycle
[271.654s][info][gc,marking  ] GC(651) Concurrent Scan Root Regions
[271.656s][info][gc,cpu      ] GC(650) User=0.29s Sys=0.00s Real=0.15s
[271.839s][info][gc,marking  ] GC(651) Concurrent Scan Root Regions 184.874ms
[271.839s][info][gc,marking  ] GC(651) Concurrent Mark
[271.839s][info][gc,marking  ] GC(651) Concurrent Mark From Roots
[271.839s][info][gc,task     ] GC(651) Using 1 workers of 1 for marking
[272.164s][info][gc,start    ] GC(652) Pause Young (Normal) (G1 Evacuation Pause)
[272.164s][info][gc,task     ] GC(652) Using 2 workers of 2 for evacuation
[272.330s][info][gc,phases   ] GC(652)   Pre Evacuate Collection Set: 0.36ms
[272.330s][info][gc,phases   ] GC(652)   Merge Heap Roots: 0.51ms
[272.330s][info][gc,phases   ] GC(652)   Evacuate Collection Set: 153.49ms
[272.330s][info][gc,phases   ] GC(652)   Post Evacuate Collection Set: 11.11ms
[272.330s][info][gc,phases   ] GC(652)   Other: 0.12ms
[272.330s][info][gc,heap     ] GC(652) Eden regions: 229->0(226)
[272.330s][info][gc,heap     ] GC(652) Survivor regions: 55->12(36)
[272.330s][info][gc,heap     ] GC(652) Old regions: 585->666
[272.330s][info][gc,heap     ] GC(652) Humongous regions: 10->10
[272.330s][info][gc,metaspace] GC(652) Metaspace: 18779K(18944K)->18779K(18944K) NonClass: 16120K(16192K)->16120K(16192K) Class: 2659K(2752K)->2659K(2752K)
[272.330s][info][gc          ] GC(652) Pause Young (Normal) (G1 Evacuation Pause) (Evacuation Failure: Allocation) 879M->688M(978M) 165.849ms
[272.330s][info][gc,cpu      ] GC(652) User=0.33s Sys=0.00s Real=0.17s
[272.890s][info][gc,start    ] GC(653) Pause Young (Normal) (G1 Evacuation Pause)
[272.890s][info][gc,task     ] GC(653) Using 2 workers of 2 for evacuation
[273.018s][info][gc,phases   ] GC(653)   Pre Evacuate Collection Set: 0.38ms
[273.018s][info][gc,phases   ] GC(653)   Merge Heap Roots: 1.51ms
[273.018s][info][gc,phases   ] GC(653)   Evacuate Collection Set: 117.05ms
[273.018s][info][gc,phases   ] GC(653)   Post Evacuate Collection Set: 8.69ms
[273.018s][info][gc,phases   ] GC(653)   Other: 0.08ms
[273.018s][info][gc,heap     ] GC(653) Eden regions: 226->0(195)
[273.018s][info][gc,heap     ] GC(653) Survivor regions: 12->30(30)
[273.018s][info][gc,heap     ] GC(653) Old regions: 666->663
[273.018s][info][gc,heap     ] GC(653) Humongous regions: 10->10
[273.018s][info][gc,metaspace] GC(653) Metaspace: 18779K(18944K)->18779K(18944K) NonClass: 16120K(16192K)->16120K(16192K) Class: 2659K(2752K)->2659K(2752K)
[273.018s][info][gc          ] GC(653) Pause Young (Normal) (G1 Evacuation Pause) (Evacuation Failure: Allocation) 914M->703M(978M) 127.958ms
[273.018s][info][gc,cpu      ] GC(653) User=0.25s Sys=0.00s Real=0.13s
[273.194s][info][gc,marking  ] GC(651) Concurrent Mark From Roots 1354.707ms
[273.194s][info][gc,marking  ] GC(651) Concurrent Preclean
[273.194s][info][gc,marking  ] GC(651) Concurrent Preclean 0.031ms
[273.196s][info][gc,start    ] GC(651) Pause Remark
[273.203s][info][gc          ] GC(651) Pause Remark 770M->770M(978M) 7.320ms
[273.203s][info][gc,cpu      ] GC(651) User=0.01s Sys=0.00s Real=0.01s
[273.203s][info][gc,marking  ] GC(651) Concurrent Mark 1364.408ms
[273.203s][info][gc,marking  ] GC(651) Concurrent Rebuild Remembered Sets and Scrub Regions
[273.482s][info][gc,start    ] GC(654) Pause Young (Normal) (G1 Evacuation Pause)
[273.482s][info][gc,task     ] GC(654) Using 2 workers of 2 for evacuation
[273.585s][info][gc,phases   ] GC(654)   Pre Evacuate Collection Set: 0.49ms
[273.586s][info][gc,phases   ] GC(654)   Merge Heap Roots: 0.85ms
[273.586s][info][gc,phases   ] GC(654)   Evacuate Collection Set: 101.00ms
[273.586s][info][gc,phases   ] GC(654)   Post Evacuate Collection Set: 0.68ms
[273.586s][info][gc,phases   ] GC(654)   Other: 0.10ms
[273.586s][info][gc,heap     ] GC(654) Eden regions: 195->0(261)
[273.586s][info][gc,heap     ] GC(654) Survivor regions: 30->12(29)
[273.586s][info][gc,heap     ] GC(654) Old regions: 663->603
[273.586s][info][gc,heap     ] GC(654) Humongous regions: 13->13
[273.586s][info][gc,metaspace] GC(654) Metaspace: 18779K(18944K)->18779K(18944K) NonClass: 16120K(16192K)->16120K(16192K) Class: 2659K(2752K)->2659K(2752K)
[273.586s][info][gc          ] GC(654) Pause Young (Normal) (G1 Evacuation Pause) 901M->627M(978M) 103.363ms
[273.586s][info][gc,cpu      ] GC(654) User=0.20s Sys=0.00s Real=0.10s
[273.828s][info][gc,marking  ] GC(651) Concurrent Rebuild Remembered Sets and Scrub Regions 624.658ms
[273.828s][info][gc,start    ] GC(651) Pause Cleanup
[273.828s][info][gc          ] GC(651) Pause Cleanup 721M->721M(978M) 0.108ms
[273.828s][info][gc,cpu      ] GC(651) User=0.00s Sys=0.00s Real=0.00s
[273.828s][info][gc,marking  ] GC(651) Concurrent Clear Claimed Marks
[273.828s][info][gc,marking  ] GC(651) Concurrent Clear Claimed Marks 0.038ms
[273.828s][info][gc,marking  ] GC(651) Concurrent Cleanup for Next Mark
[273.833s][info][gc,marking  ] GC(651) Concurrent Cleanup for Next Mark 4.866ms
[273.833s][info][gc          ] GC(651) Concurrent Mark Cycle 2179.424ms
[274.083s][info][gc,start    ] GC(655) Pause Young (Prepare Mixed) (G1 Evacuation Pause)
[274.083s][info][gc,task     ] GC(655) Using 2 workers of 2 for evacuation
[274.107s][info][gc,phases   ] GC(655)   Pre Evacuate Collection Set: 0.29ms
[274.107s][info][gc,phases   ] GC(655)   Merge Heap Roots: 0.40ms
[274.107s][info][gc,phases   ] GC(655)   Evacuate Collection Set: 22.17ms
[274.107s][info][gc,phases   ] GC(655)   Post Evacuate Collection Set: 0.60ms
[274.107s][info][gc,phases   ] GC(655)   Other: 0.09ms
[274.107s][info][gc,heap     ] GC(655) Eden regions: 261->0(275)
[274.107s][info][gc,heap     ] GC(655) Survivor regions: 12->12(35)
[274.107s][info][gc,heap     ] GC(655) Old regions: 603->603
[274.107s][info][gc,heap     ] GC(655) Humongous regions: 13->13
[274.107s][info][gc,metaspace] GC(655) Metaspace: 18779K(18944K)->18779K(18944K) NonClass: 16120K(16192K)->16120K(16192K) Class: 2659K(2752K)->2659K(2752K)
[274.107s][info][gc          ] GC(655) Pause Young (Prepare Mixed) (G1 Evacuation Pause) 888M->627M(978M) 23.779ms
[274.107s][info][gc,cpu      ] GC(655) User=0.04s Sys=0.00s Real=0.03s
[274.524s][info][gc,start    ] GC(656) Pause Young (Mixed) (G1 Evacuation Pause)
[274.524s][info][gc,task     ] GC(656) Using 2 workers of 2 for evacuation
[274.549s][info][gc,phases   ] GC(656)   Pre Evacuate Collection Set: 0.51ms
[274.549s][info][gc,phases   ] GC(656)   Merge Heap Roots: 0.34ms
[274.549s][info][gc,phases   ] GC(656)   Evacuate Collection Set: 22.64ms
[274.549s][info][gc,phases   ] GC(656)   Post Evacuate Collection Set: 0.61ms
[274.549s][info][gc,phases   ] GC(656)   Other: 0.10ms
[274.549s][info][gc,heap     ] GC(656) Eden regions: 275->0(295)
[274.549s][info][gc,heap     ] GC(656) Survivor regions: 12->12(36)
[274.549s][info][gc,heap     ] GC(656) Old regions: 603->593
[274.549s][info][gc,heap     ] GC(656) Humongous regions: 13->13
[274.549s][info][gc,metaspace] GC(656) Metaspace: 18779K(18944K)->18779K(18944K) NonClass: 16120K(16192K)->16120K(16192K) Class: 2659K(2752K)->2659K(2752K)
[274.549s][info][gc          ] GC(656) Pause Young (Mixed) (G1 Evacuation Pause) 902M->617M(978M) 24.446ms
[274.549s][info][gc,cpu      ] GC(656) User=0.05s Sys=0.00s Real=0.03s
[274.992s][info][gc,start    ] GC(657) Pause Young (Concurrent Start) (G1 Evacuation Pause)
[274.993s][info][gc,task     ] GC(657) Using 2 workers of 2 for evacuation
[275.016s][info][gc,phases   ] GC(657)   Pre Evacuate Collection Set: 0.32ms
[275.016s][info][gc,phases   ] GC(657)   Merge Heap Roots: 0.31ms
[275.016s][info][gc,phases   ] GC(657)   Evacuate Collection Set: 22.08ms
[275.016s][info][gc,phases   ] GC(657)   Post Evacuate Collection Set: 0.58ms
[275.016s][info][gc,phases   ] GC(657)   Other: 0.13ms
[275.016s][info][gc,heap     ] GC(657) Eden regions: 295->0(298)
[275.016s][info][gc,heap     ] GC(657) Survivor regions: 12->12(39)
[275.016s][info][gc,heap     ] GC(657) Old regions: 593->593
[275.016s][info][gc,heap     ] GC(657) Humongous regions: 13->13
[275.016s][info][gc,metaspace] GC(657) Metaspace: 18779K(18944K)->18779K(18944K) NonClass: 16120K(16192K)->16120K(16192K) Class: 2659K(2752K)->2659K(2752K)
[275.016s][info][gc          ] GC(657) Pause Young (Concurrent Start) (G1 Evacuation Pause) 912M->617M(978M) 23.651ms
[275.016s][info][gc,cpu      ] GC(657) User=0.05s Sys=0.00s Real=0.02s
[275.016s][info][gc          ] GC(658) Concurrent Mark Cycle
[275.016s][info][gc,marking  ] GC(658) Concurrent Scan Root Regions
[275.060s][info][gc,marking  ] GC(658) Concurrent Scan Root Regions 43.903ms
[275.060s][info][gc,marking  ] GC(658) Concurrent Mark
[275.060s][info][gc,marking  ] GC(658) Concurrent Mark From Roots
[275.060s][info][gc,task     ] GC(658) Using 1 workers of 1 for marking
[275.872s][info][gc,start    ] GC(659) Pause Young (Normal) (G1 Evacuation Pause)
[275.872s][info][gc,task     ] GC(659) Using 2 workers of 2 for evacuation
[275.924s][info][gc,phases   ] GC(659)   Pre Evacuate Collection Set: 0.27ms
[275.924s][info][gc,phases   ] GC(659)   Merge Heap Roots: 0.32ms
[275.924s][info][gc,phases   ] GC(659)   Evacuate Collection Set: 50.95ms
[275.924s][info][gc,phases   ] GC(659)   Post Evacuate Collection Set: 0.58ms
[275.924s][info][gc,phases   ] GC(659)   Other: 0.10ms
[275.924s][info][gc,heap     ] GC(659) Eden regions: 298->0(252)
[275.924s][info][gc,heap     ] GC(659) Survivor regions: 12->35(39)
[275.924s][info][gc,heap     ] GC(659) Old regions: 593->593
[275.924s][info][gc,heap     ] GC(659) Humongous regions: 13->13
[275.924s][info][gc,metaspace] GC(659) Metaspace: 18779K(18944K)->18779K(18944K) NonClass: 16120K(16192K)->16120K(16192K) Class: 2659K(2752K)->2659K(2752K)
[275.924s][info][gc          ] GC(659) Pause Young (Normal) (G1 Evacuation Pause) 915M->641M(978M) 52.487ms
[275.924s][info][gc,cpu      ] GC(659) User=0.10s Sys=0.00s Real=0.05s
[276.308s][info][gc,marking  ] GC(658) Concurrent Mark From Roots 1248.106ms
[276.308s][info][gc,marking  ] GC(658) Concurrent Preclean
[276.308s][info][gc,marking  ] GC(658) Concurrent Preclean 0.029ms
[276.308s][info][gc,start    ] GC(658) Pause Remark
[276.316s][info][gc          ] GC(658) Pause Remark 893M->806M(978M) 7.466ms
[276.316s][info][gc,cpu      ] GC(658) User=0.01s Sys=0.00s Real=0.00s
[276.316s][info][gc,marking  ] GC(658) Concurrent Mark 1255.911ms
[276.316s][info][gc,marking  ] GC(658) Concurrent Rebuild Remembered Sets and Scrub Regions
[276.317s][info][gc,start    ] GC(660) Pause Young (Normal) (G1 Evacuation Pause)
[276.317s][info][gc,task     ] GC(660) Using 2 workers of 2 for evacuation
[276.377s][info][gc,phases   ] GC(660)   Pre Evacuate Collection Set: 0.37ms
[276.377s][info][gc,phases   ] GC(660)   Merge Heap Roots: 0.32ms
[276.377s][info][gc,phases   ] GC(660)   Evacuate Collection Set: 58.70ms
[276.377s][info][gc,phases   ] GC(660)   Post Evacuate Collection Set: 0.49ms
[276.377s][info][gc,phases   ] GC(660)   Other: 0.08ms
[276.377s][info][gc,heap     ] GC(660) Eden regions: 252->0(343)
[276.377s][info][gc,heap     ] GC(660) Survivor regions: 35->9(36)
[276.377s][info][gc,heap     ] GC(660) Old regions: 512->547
[276.377s][info][gc,heap     ] GC(660) Humongous regions: 7->7
[276.377s][info][gc,metaspace] GC(660) Metaspace: 18779K(18944K)->18779K(18944K) NonClass: 16120K(16192K)->16120K(16192K) Class: 2659K(2752K)->2659K(2752K)
[276.377s][info][gc          ] GC(660) Pause Young (Normal) (G1 Evacuation Pause) 806M->563M(978M) 60.110ms
[276.377s][info][gc,cpu      ] GC(660) User=0.11s Sys=0.00s Real=0.06s
[276.732s][info][gc,marking  ] GC(658) Concurrent Rebuild Remembered Sets and Scrub Regions 416.070ms
[276.732s][info][gc,start    ] GC(658) Pause Cleanup
[276.733s][info][gc          ] GC(658) Pause Cleanup 766M->766M(978M) 0.143ms
[276.733s][info][gc,cpu      ] GC(658) User=0.00s Sys=0.00s Real=0.00s
[276.733s][info][gc,marking  ] GC(658) Concurrent Clear Claimed Marks
[276.733s][info][gc,marking  ] GC(658) Concurrent Clear Claimed Marks 0.035ms
[276.733s][info][gc,marking  ] GC(658) Concurrent Cleanup for Next Mark
[276.737s][info][gc,marking  ] GC(658) Concurrent Cleanup for Next Mark 4.852ms
[276.738s][info][gc          ] GC(658) Concurrent Mark Cycle 1721.371ms
[277.022s][info][gc,start    ] GC(661) Pause Young (Prepare Mixed) (G1 Evacuation Pause)
[277.022s][info][gc,task     ] GC(661) Using 2 workers of 2 for evacuation
[277.043s][info][gc,phases   ] GC(661)   Pre Evacuate Collection Set: 0.32ms
[277.043s][info][gc,phases   ] GC(661)   Merge Heap Roots: 0.20ms
[277.043s][info][gc,phases   ] GC(661)   Evacuate Collection Set: 20.11ms
[277.043s][info][gc,phases   ] GC(661)   Post Evacuate Collection Set: 0.52ms
[277.043s][info][gc,phases   ] GC(661)   Other: 0.10ms
[277.043s][info][gc,heap     ] GC(661) Eden regions: 343->0(338)
[277.043s][info][gc,heap     ] GC(661) Survivor regions: 9->18(44)
[277.043s][info][gc,heap     ] GC(661) Old regions: 547->547
[277.043s][info][gc,heap     ] GC(661) Humongous regions: 7->7
[277.043s][info][gc,metaspace] GC(661) Metaspace: 18779K(18944K)->18779K(18944K) NonClass: 16120K(16192K)->16120K(16192K) Class: 2659K(2752K)->2659K(2752K)
[277.043s][info][gc          ] GC(661) Pause Young (Prepare Mixed) (G1 Evacuation Pause) 906M->571M(978M) 21.551ms
[277.043s][info][gc,cpu      ] GC(661) User=0.05s Sys=0.00s Real=0.02s
[277.624s][info][gc,start    ] GC(662) Pause Young (Mixed) (G1 Evacuation Pause)
[277.624s][info][gc,task     ] GC(662) Using 2 workers of 2 for evacuation
[277.658s][info][gc,phases   ] GC(662)   Pre Evacuate Collection Set: 0.34ms
[277.658s][info][gc,phases   ] GC(662)   Merge Heap Roots: 0.25ms
[277.658s][info][gc,phases   ] GC(662)   Evacuate Collection Set: 32.92ms
[277.658s][info][gc,phases   ] GC(662)   Post Evacuate Collection Set: 0.61ms
[277.658s][info][gc,phases   ] GC(662)   Other: 0.09ms
[277.658s][info][gc,heap     ] GC(662) Eden regions: 338->0(375)
[277.658s][info][gc,heap     ] GC(662) Survivor regions: 18->30(45)
[277.658s][info][gc,heap     ] GC(662) Old regions: 547->486
[277.658s][info][gc,heap     ] GC(662) Humongous regions: 7->7
[277.658s][info][gc,metaspace] GC(662) Metaspace: 18779K(18944K)->18779K(18944K) NonClass: 16120K(16192K)->16120K(16192K) Class: 2659K(2752K)->2659K(2752K)
[277.658s][info][gc          ] GC(662) Pause Young (Mixed) (G1 Evacuation Pause) 909M->522M(978M) 34.456ms
[277.659s][info][gc,cpu      ] GC(662) User=0.07s Sys=0.00s Real=0.04s
[278.104s][info][gc,start    ] GC(663) Pause Young (Concurrent Start) (G1 Evacuation Pause)
[278.105s][info][gc,task     ] GC(663) Using 2 workers of 2 for evacuation
[278.180s][info][gc,phases   ] GC(663)   Pre Evacuate Collection Set: 0.29ms
[278.180s][info][gc,phases   ] GC(663)   Merge Heap Roots: 0.20ms
[278.180s][info][gc,phases   ] GC(663)   Evacuate Collection Set: 73.24ms
[278.180s][info][gc,phases   ] GC(663)   Post Evacuate Collection Set: 1.68ms
[278.180s][info][gc,phases   ] GC(663)   Other: 0.10ms
[278.180s][info][gc,heap     ] GC(663) Eden regions: 375->0(265)
[278.180s][info][gc,heap     ] GC(663) Survivor regions: 30->51(51)
[278.180s][info][gc,heap     ] GC(663) Old regions: 486->554
[278.180s][info][gc,heap     ] GC(663) Humongous regions: 7->7
[278.180s][info][gc,metaspace] GC(663) Metaspace: 18779K(18944K)->18779K(18944K) NonClass: 16120K(16192K)->16120K(16192K) Class: 2659K(2752K)->2659K(2752K)
[278.180s][info][gc          ] GC(663) Pause Young (Concurrent Start) (G1 Evacuation Pause) (Evacuation Failure: Allocation) 897M->612M(978M) 75.754ms
[278.180s][info][gc          ] GC(664) Concurrent Mark Cycle
[278.180s][info][gc,marking  ] GC(664) Concurrent Scan Root Regions
[278.180s][info][gc,cpu      ] GC(663) User=0.15s Sys=0.00s Real=0.08s
[278.282s][info][gc,marking  ] GC(664) Concurrent Scan Root Regions 102.130ms
[278.282s][info][gc,marking  ] GC(664) Concurrent Mark
[278.282s][info][gc,marking  ] GC(664) Concurrent Mark From Roots
[278.282s][info][gc,task     ] GC(664) Using 1 workers of 1 for marking
[279.056s][info][gc,start    ] GC(665) Pause Young (Normal) (G1 Evacuation Pause)
[279.056s][info][gc,task     ] GC(665) Using 2 workers of 2 for evacuation
[279.131s][info][gc,phases   ] GC(665)   Pre Evacuate Collection Set: 0.30ms
[279.131s][info][gc,phases   ] GC(665)   Merge Heap Roots: 0.38ms
[279.131s][info][gc,phases   ] GC(665)   Evacuate Collection Set: 73.69ms
[279.131s][info][gc,phases   ] GC(665)   Post Evacuate Collection Set: 0.66ms
[279.131s][info][gc,phases   ] GC(665)   Other: 0.10ms
[279.131s][info][gc,heap     ] GC(665) Eden regions: 265->0(303)
[279.131s][info][gc,heap     ] GC(665) Survivor regions: 51->12(40)
[279.131s][info][gc,heap     ] GC(665) Old regions: 554->568
[279.131s][info][gc,heap     ] GC(665) Humongous regions: 10->10
[279.131s][info][gc,metaspace] GC(665) Metaspace: 18779K(18944K)->18779K(18944K) NonClass: 16120K(16192K)->16120K(16192K) Class: 2659K(2752K)->2659K(2752K)
[279.131s][info][gc          ] GC(665) Pause Young (Normal) (G1 Evacuation Pause) 880M->590M(978M) 75.373ms
[279.131s][info][gc,cpu      ] GC(665) User=0.14s Sys=0.00s Real=0.08s
[279.198s][info][gc,marking  ] GC(664) Concurrent Mark From Roots 915.509ms
[279.198s][info][gc,marking  ] GC(664) Concurrent Preclean
[279.198s][info][gc,marking  ] GC(664) Concurrent Preclean 0.031ms
[279.198s][info][gc,start    ] GC(664) Pause Remark
[279.206s][info][gc          ] GC(664) Pause Remark 611M->464M(978M) 7.467ms
[279.206s][info][gc,cpu      ] GC(664) User=0.01s Sys=0.00s Real=0.00s
[279.207s][info][gc,marking  ] GC(664) Concurrent Mark 924.579ms
[279.207s][info][gc,marking  ] GC(664) Concurrent Rebuild Remembered Sets and Scrub Regions
[279.653s][info][gc,marking  ] GC(664) Concurrent Rebuild Remembered Sets and Scrub Regions 446.094ms
[279.654s][info][gc,start    ] GC(664) Pause Cleanup
[279.654s][info][gc          ] GC(664) Pause Cleanup 686M->686M(978M) 0.150ms
[279.654s][info][gc,cpu      ] GC(664) User=0.00s Sys=0.00s Real=0.00s
[279.654s][info][gc,marking  ] GC(664) Concurrent Clear Claimed Marks
[279.654s][info][gc,marking  ] GC(664) Concurrent Clear Claimed Marks 0.044ms
[279.654s][info][gc,marking  ] GC(664) Concurrent Cleanup for Next Mark
[279.659s][info][gc,marking  ] GC(664) Concurrent Cleanup for Next Mark 4.911ms
[279.659s][info][gc          ] GC(664) Concurrent Mark Cycle 1479.057ms
[279.747s][info][gc,start    ] GC(666) Pause Young (Prepare Mixed) (G1 Evacuation Pause)
[279.747s][info][gc,task     ] GC(666) Using 2 workers of 2 for evacuation
[279.771s][info][gc,phases   ] GC(666)   Pre Evacuate Collection Set: 0.30ms
[279.771s][info][gc,phases   ] GC(666)   Merge Heap Roots: 0.45ms
[279.771s][info][gc,phases   ] GC(666)   Evacuate Collection Set: 22.78ms
[279.771s][info][gc,phases   ] GC(666)   Post Evacuate Collection Set: 0.57ms
[279.771s][info][gc,phases   ] GC(666)   Other: 0.12ms
[279.771s][info][gc,heap     ] GC(666) Eden regions: 303->0(455)
[279.771s][info][gc,heap     ] GC(666) Survivor regions: 12->13(40)
[279.771s][info][gc,heap     ] GC(666) Old regions: 423->423
[279.771s][info][gc,heap     ] GC(666) Humongous regions: 8->8
[279.771s][info][gc,metaspace] GC(666) Metaspace: 18779K(18944K)->18779K(18944K) NonClass: 16120K(16192K)->16120K(16192K) Class: 2659K(2752K)->2659K(2752K)
[279.771s][info][gc          ] GC(666) Pause Young (Prepare Mixed) (G1 Evacuation Pause) 746M->443M(978M) 24.440ms
[279.771s][info][gc,cpu      ] GC(666) User=0.05s Sys=0.00s Real=0.03s
[280.393s][info][gc,start    ] GC(667) Pause Young (Mixed) (G1 Evacuation Pause)
[280.393s][info][gc,task     ] GC(667) Using 2 workers of 2 for evacuation
[280.437s][info][gc,phases   ] GC(667)   Pre Evacuate Collection Set: 0.31ms
[280.437s][info][gc,phases   ] GC(667)   Merge Heap Roots: 0.35ms
[280.437s][info][gc,phases   ] GC(667)   Evacuate Collection Set: 41.69ms
[280.437s][info][gc,phases   ] GC(667)   Post Evacuate Collection Set: 0.74ms
[280.437s][info][gc,phases   ] GC(667)   Other: 0.09ms
[280.437s][info][gc,heap     ] GC(667) Eden regions: 455->0(453)
[280.437s][info][gc,heap     ] GC(667) Survivor regions: 13->29(59)
[280.437s][info][gc,heap     ] GC(667) Old regions: 423->409
[280.437s][info][gc,heap     ] GC(667) Humongous regions: 8->8
[280.437s][info][gc,metaspace] GC(667) Metaspace: 18779K(18944K)->18779K(18944K) NonClass: 16120K(16192K)->16120K(16192K) Class: 2659K(2752K)->2659K(2752K)
[280.437s][info][gc          ] GC(667) Pause Young (Mixed) (G1 Evacuation Pause) 898M->445M(978M) 43.428ms
[280.437s][info][gc,cpu      ] GC(667) User=0.09s Sys=0.00s Real=0.04s
[280.782s][info][gc,start    ] GC(668) Pause Young (Concurrent Start) (G1 Evacuation Pause)
[280.782s][info][gc,task     ] GC(668) Using 2 workers of 2 for evacuation
[280.903s][info][gc,phases   ] GC(668)   Pre Evacuate Collection Set: 0.32ms
[280.903s][info][gc,phases   ] GC(668)   Merge Heap Roots: 0.50ms
[280.903s][info][gc,phases   ] GC(668)   Evacuate Collection Set: 117.05ms
[280.903s][info][gc,phases   ] GC(668)   Post Evacuate Collection Set: 2.56ms
[280.903s][info][gc,phases   ] GC(668)   Other: 0.11ms
[280.903s][info][gc,heap     ] GC(668) Eden regions: 453->0(330)
[280.903s][info][gc,heap     ] GC(668) Survivor regions: 29->61(61)
[280.903s][info][gc,heap     ] GC(668) Old regions: 409->468
[280.903s][info][gc,heap     ] GC(668) Humongous regions: 8->8
[280.903s][info][gc,metaspace] GC(668) Metaspace: 18779K(18944K)->18779K(18944K) NonClass: 16120K(16192K)->16120K(16192K) Class: 2659K(2752K)->2659K(2752K)
[280.903s][info][gc          ] GC(668) Pause Young (Concurrent Start) (G1 Evacuation Pause) (Evacuation Failure: Allocation) 898M->536M(978M) 120.800ms
[280.903s][info][gc          ] GC(669) Concurrent Mark Cycle
[280.903s][info][gc,marking  ] GC(669) Concurrent Scan Root Regions
[280.904s][info][gc,cpu      ] GC(668) User=0.24s Sys=0.00s Real=0.12s
[281.010s][info][gc,marking  ] GC(669) Concurrent Scan Root Regions 107.297ms
[281.010s][info][gc,marking  ] GC(669) Concurrent Mark
[281.010s][info][gc,marking  ] GC(669) Concurrent Mark From Roots
[281.010s][info][gc,task     ] GC(669) Using 1 workers of 1 for marking
[281.342s][info][gc,start    ] GC(670) Pause Young (Normal) (G1 Evacuation Pause)
[281.342s][info][gc,task     ] GC(670) Using 2 workers of 2 for evacuation
[281.462s][info][gc,phases   ] GC(670)   Pre Evacuate Collection Set: 0.30ms
[281.462s][info][gc,phases   ] GC(670)   Merge Heap Roots: 0.48ms
[281.462s][info][gc,phases   ] GC(670)   Evacuate Collection Set: 118.61ms
[281.462s][info][gc,phases   ] GC(670)   Post Evacuate Collection Set: 0.65ms
[281.462s][info][gc,phases   ] GC(670)   Other: 0.11ms
[281.462s][info][gc,heap     ] GC(670) Eden regions: 330->0(331)
[281.462s][info][gc,heap     ] GC(670) Survivor regions: 61->41(49)
[281.462s][info][gc,heap     ] GC(670) Old regions: 468->492
[281.462s][info][gc,heap     ] GC(670) Humongous regions: 8->8
[281.462s][info][gc,metaspace] GC(670) Metaspace: 18779K(18944K)->18779K(18944K) NonClass: 16120K(16192K)->16120K(16192K) Class: 2659K(2752K)->2659K(2752K)
[281.463s][info][gc          ] GC(670) Pause Young (Normal) (G1 Evacuation Pause) 866M->541M(978M) 120.428ms
[281.463s][info][gc,cpu      ] GC(670) User=0.24s Sys=0.00s Real=0.12s
[281.720s][info][gc,marking  ] GC(669) Concurrent Mark From Roots 709.493ms
[281.720s][info][gc,marking  ] GC(669) Concurrent Preclean
[281.720s][info][gc,marking  ] GC(669) Concurrent Preclean 0.035ms
[281.720s][info][gc,start    ] GC(669) Pause Remark
[281.727s][info][gc          ] GC(669) Pause Remark 702M->609M(978M) 7.466ms
[281.727s][info][gc,cpu      ] GC(669) User=0.01s Sys=0.00s Real=0.01s
[281.728s][info][gc,marking  ] GC(669) Concurrent Mark 717.305ms
[281.728s][info][gc,marking  ] GC(669) Concurrent Rebuild Remembered Sets and Scrub Regions
[282.012s][info][gc,marking  ] GC(669) Concurrent Rebuild Remembered Sets and Scrub Regions 284.869ms
[282.013s][info][gc,start    ] GC(669) Pause Cleanup
[282.013s][info][gc          ] GC(669) Pause Cleanup 759M->759M(978M) 0.130ms
[282.013s][info][gc,cpu      ] GC(669) User=0.00s Sys=0.00s Real=0.00s
[282.013s][info][gc,marking  ] GC(669) Concurrent Clear Claimed Marks
[282.013s][info][gc,marking  ] GC(669) Concurrent Clear Claimed Marks 0.036ms
[282.013s][info][gc,marking  ] GC(669) Concurrent Cleanup for Next Mark
[282.016s][info][gc,marking  ] GC(669) Concurrent Cleanup for Next Mark 2.827ms
[282.016s][info][gc          ] GC(669) Concurrent Mark Cycle 1112.938ms
[282.038s][info][gc,start    ] GC(671) Pause Young (Prepare Mixed) (G1 Evacuation Pause)
[282.038s][info][gc,task     ] GC(671) Using 2 workers of 2 for evacuation
[282.092s][info][gc,phases   ] GC(671)   Pre Evacuate Collection Set: 0.26ms
[282.092s][info][gc,phases   ] GC(671)   Merge Heap Roots: 0.48ms
[282.092s][info][gc,phases   ] GC(671)   Evacuate Collection Set: 51.95ms
[282.092s][info][gc,phases   ] GC(671)   Post Evacuate Collection Set: 0.51ms
[282.092s][info][gc,phases   ] GC(671)   Other: 0.07ms
[282.092s][info][gc,heap     ] GC(671) Eden regions: 331->0(427)
[282.092s][info][gc,heap     ] GC(671) Survivor regions: 41->4(47)
[282.092s][info][gc,heap     ] GC(671) Old regions: 402->443
[282.092s][info][gc,heap     ] GC(671) Humongous regions: 5->5
[282.092s][info][gc,metaspace] GC(671) Metaspace: 18779K(18944K)->18779K(18944K) NonClass: 16120K(16192K)->16120K(16192K) Class: 2659K(2752K)->2659K(2752K)
[282.092s][info][gc          ] GC(671) Pause Young (Prepare Mixed) (G1 Evacuation Pause) 779M->452M(978M) 53.458ms
[282.092s][info][gc,cpu      ] GC(671) User=0.11s Sys=0.00s Real=0.05s
[282.692s][info][gc,start    ] GC(672) Pause Young (Mixed) (G1 Evacuation Pause)
[282.692s][info][gc,task     ] GC(672) Using 2 workers of 2 for evacuation
[282.737s][info][gc,phases   ] GC(672)   Pre Evacuate Collection Set: 0.29ms
[282.737s][info][gc,phases   ] GC(672)   Merge Heap Roots: 0.36ms
[282.737s][info][gc,phases   ] GC(672)   Evacuate Collection Set: 43.98ms
[282.737s][info][gc,phases   ] GC(672)   Post Evacuate Collection Set: 0.67ms
[282.737s][info][gc,phases   ] GC(672)   Other: 0.09ms
[282.737s][info][gc,heap     ] GC(672) Eden regions: 427->0(419)
[282.737s][info][gc,heap     ] GC(672) Survivor regions: 4->36(54)
[282.737s][info][gc,heap     ] GC(672) Old regions: 443->411
[282.737s][info][gc,heap     ] GC(672) Humongous regions: 5->5
[282.737s][info][gc,metaspace] GC(672) Metaspace: 18779K(18944K)->18779K(18944K) NonClass: 16120K(16192K)->16120K(16192K) Class: 2659K(2752K)->2659K(2752K)
[282.737s][info][gc          ] GC(672) Pause Young (Mixed) (G1 Evacuation Pause) 879M->451M(978M) 45.557ms
[282.737s][info][gc,cpu      ] GC(672) User=0.09s Sys=0.00s Real=0.05s
[283.177s][info][gc,start    ] GC(673) Pause Young (Concurrent Start) (G1 Evacuation Pause)
[283.177s][info][gc,task     ] GC(673) Using 2 workers of 2 for evacuation
[283.275s][info][gc,phases   ] GC(673)   Pre Evacuate Collection Set: 0.32ms
[283.275s][info][gc,phases   ] GC(673)   Merge Heap Roots: 0.30ms
[283.275s][info][gc,phases   ] GC(673)   Evacuate Collection Set: 96.31ms
[283.275s][info][gc,phases   ] GC(673)   Post Evacuate Collection Set: 0.72ms
[283.275s][info][gc,phases   ] GC(673)   Other: 0.19ms
[283.275s][info][gc,heap     ] GC(673) Eden regions: 419->0(344)
[283.275s][info][gc,heap     ] GC(673) Survivor regions: 36->57(57)
[283.275s][info][gc,heap     ] GC(673) Old regions: 411->461
[283.275s][info][gc,heap     ] GC(673) Humongous regions: 5->5
[283.275s][info][gc,metaspace] GC(673) Metaspace: 18779K(18944K)->18779K(18944K) NonClass: 16120K(16192K)->16120K(16192K) Class: 2659K(2752K)->2659K(2752K)
[283.275s][info][gc          ] GC(673) Pause Young (Concurrent Start) (G1 Evacuation Pause) 870M->522M(978M) 98.097ms
[283.275s][info][gc,cpu      ] GC(673) User=0.20s Sys=0.00s Real=0.10s
[283.275s][info][gc          ] GC(674) Concurrent Mark Cycle
[283.275s][info][gc,marking  ] GC(674) Concurrent Scan Root Regions
[283.415s][info][gc,marking  ] GC(674) Concurrent Scan Root Regions 139.931ms
[283.415s][info][gc,marking  ] GC(674) Concurrent Mark
[283.415s][info][gc,marking  ] GC(674) Concurrent Mark From Roots
[283.415s][info][gc,task     ] GC(674) Using 1 workers of 1 for marking
[284.101s][info][gc,start    ] GC(675) Pause Young (Normal) (G1 Evacuation Pause)
[284.101s][info][gc,task     ] GC(675) Using 2 workers of 2 for evacuation
[284.155s][info][gc,phases   ] GC(675)   Pre Evacuate Collection Set: 0.30ms
[284.156s][info][gc,phases   ] GC(675)   Merge Heap Roots: 0.31ms
[284.156s][info][gc,phases   ] GC(675)   Evacuate Collection Set: 53.14ms
[284.156s][info][gc,phases   ] GC(675)   Post Evacuate Collection Set: 0.58ms
[284.156s][info][gc,phases   ] GC(675)   Other: 0.10ms
[284.156s][info][gc,heap     ] GC(675) Eden regions: 344->0(358)
[284.156s][info][gc,heap     ] GC(675) Survivor regions: 57->2(51)
[284.156s][info][gc,heap     ] GC(675) Old regions: 461->518
[284.156s][info][gc,heap     ] GC(675) Humongous regions: 5->5
[284.156s][info][gc,metaspace] GC(675) Metaspace: 18779K(18944K)->18779K(18944K) NonClass: 16120K(16192K)->16120K(16192K) Class: 2659K(2752K)->2659K(2752K)
[284.156s][info][gc          ] GC(675) Pause Young (Normal) (G1 Evacuation Pause) 866M->525M(978M) 54.643ms
[284.156s][info][gc,cpu      ] GC(675) User=0.11s Sys=0.00s Real=0.05s
[284.715s][info][gc,marking  ] GC(674) Concurrent Mark From Roots 1299.753ms
[284.715s][info][gc,marking  ] GC(674) Concurrent Preclean
[284.715s][info][gc,marking  ] GC(674) Concurrent Preclean 0.034ms
[284.715s][info][gc,start    ] GC(674) Pause Remark
[284.722s][info][gc          ] GC(674) Pause Remark 812M->812M(978M) 7.334ms
[284.722s][info][gc,cpu      ] GC(674) User=0.02s Sys=0.00s Real=0.01s
[284.725s][info][gc,marking  ] GC(674) Concurrent Mark 1310.355ms
[284.725s][info][gc,marking  ] GC(674) Concurrent Rebuild Remembered Sets and Scrub Regions
[284.927s][info][gc,start    ] GC(676) Pause Young (Normal) (G1 Evacuation Pause)
[284.927s][info][gc,task     ] GC(676) Using 2 workers of 2 for evacuation
[284.967s][info][gc,phases   ] GC(676)   Pre Evacuate Collection Set: 0.26ms
[284.967s][info][gc,phases   ] GC(676)   Merge Heap Roots: 0.44ms
[284.967s][info][gc,phases   ] GC(676)   Evacuate Collection Set: 37.65ms
[284.967s][info][gc,phases   ] GC(676)   Post Evacuate Collection Set: 0.64ms
[284.967s][info][gc,phases   ] GC(676)   Other: 0.10ms
[284.967s][info][gc,heap     ] GC(676) Eden regions: 358->0(344)
[284.967s][info][gc,heap     ] GC(676) Survivor regions: 2->21(45)
[284.967s][info][gc,heap     ] GC(676) Old regions: 518->518
[284.967s][info][gc,heap     ] GC(676) Humongous regions: 8->8
[284.967s][info][gc,metaspace] GC(676) Metaspace: 18780K(18944K)->18780K(18944K) NonClass: 16121K(16192K)->16121K(16192K) Class: 2659K(2752K)->2659K(2752K)
[284.967s][info][gc          ] GC(676) Pause Young (Normal) (G1 Evacuation Pause) 886M->546M(978M) 39.370ms
[284.967s][info][gc,cpu      ] GC(676) User=0.08s Sys=0.00s Real=0.03s
[285.335s][info][gc,marking  ] GC(674) Concurrent Rebuild Remembered Sets and Scrub Regions 609.414ms
[285.335s][info][gc,start    ] GC(674) Pause Cleanup
[285.335s][info][gc          ] GC(674) Pause Cleanup 783M->783M(978M) 0.111ms
[285.335s][info][gc,cpu      ] GC(674) User=0.00s Sys=0.00s Real=0.00s
[285.336s][info][gc,marking  ] GC(674) Concurrent Clear Claimed Marks
[285.336s][info][gc,marking  ] GC(674) Concurrent Clear Claimed Marks 0.044ms
[285.336s][info][gc,marking  ] GC(674) Concurrent Cleanup for Next Mark
[285.343s][info][gc,marking  ] GC(674) Concurrent Cleanup for Next Mark 6.951ms
[285.343s][info][gc          ] GC(674) Concurrent Mark Cycle 2067.880ms
[285.462s][info][gc,start    ] GC(677) Pause Young (Prepare Mixed) (G1 Evacuation Pause)
[285.462s][info][gc,task     ] GC(677) Using 2 workers of 2 for evacuation
[285.534s][info][gc,phases   ] GC(677)   Pre Evacuate Collection Set: 0.28ms
[285.534s][info][gc,phases   ] GC(677)   Merge Heap Roots: 0.52ms
[285.534s][info][gc,phases   ] GC(677)   Evacuate Collection Set: 70.40ms
[285.534s][info][gc,phases   ] GC(677)   Post Evacuate Collection Set: 0.60ms
[285.534s][info][gc,phases   ] GC(677)   Other: 0.08ms
[285.534s][info][gc,heap     ] GC(677) Eden regions: 344->0(302)
[285.534s][info][gc,heap     ] GC(677) Survivor regions: 21->46(46)
[285.534s][info][gc,heap     ] GC(677) Old regions: 518->526
[285.534s][info][gc,heap     ] GC(677) Humongous regions: 8->8
[285.534s][info][gc,metaspace] GC(677) Metaspace: 18780K(18944K)->18780K(18944K) NonClass: 16121K(16192K)->16121K(16192K) Class: 2659K(2752K)->2659K(2752K)
[285.534s][info][gc          ] GC(677) Pause Young (Prepare Mixed) (G1 Evacuation Pause) 890M->580M(978M) 72.136ms
[285.534s][info][gc,cpu      ] GC(677) User=0.14s Sys=0.00s Real=0.07s
[285.844s][info][gc,start    ] GC(678) Pause Young (Mixed) (G1 Evacuation Pause)
[285.844s][info][gc,task     ] GC(678) Using 2 workers of 2 for evacuation
[285.911s][info][gc,phases   ] GC(678)   Pre Evacuate Collection Set: 0.51ms
[285.911s][info][gc,phases   ] GC(678)   Merge Heap Roots: 0.81ms
[285.911s][info][gc,phases   ] GC(678)   Evacuate Collection Set: 65.54ms
[285.911s][info][gc,phases   ] GC(678)   Post Evacuate Collection Set: 0.59ms
[285.912s][info][gc,phases   ] GC(678)   Other: 0.08ms
[285.912s][info][gc,heap     ] GC(678) Eden regions: 302->0(329)
[285.912s][info][gc,heap     ] GC(678) Survivor regions: 46->4(44)
[285.912s][info][gc,heap     ] GC(678) Old regions: 526->563
[285.912s][info][gc,heap     ] GC(678) Humongous regions: 8->8
[285.912s][info][gc,metaspace] GC(678) Metaspace: 18780K(18944K)->18780K(18944K) NonClass: 16121K(16192K)->16121K(16192K) Class: 2659K(2752K)->2659K(2752K)
[285.912s][info][gc          ] GC(678) Pause Young (Mixed) (G1 Evacuation Pause) 882M->574M(978M) 67.791ms
[285.912s][info][gc,cpu      ] GC(678) User=0.13s Sys=0.00s Real=0.07s
[286.400s][info][gc,start    ] GC(679) Pause Young (Concurrent Start) (G1 Evacuation Pause)
[286.400s][info][gc,task     ] GC(679) Using 2 workers of 2 for evacuation
[286.417s][info][gc,phases   ] GC(679)   Pre Evacuate Collection Set: 0.34ms
[286.417s][info][gc,phases   ] GC(679)   Merge Heap Roots: 0.23ms
[286.417s][info][gc,phases   ] GC(679)   Evacuate Collection Set: 15.07ms
[286.417s][info][gc,phases   ] GC(679)   Post Evacuate Collection Set: 0.49ms
[286.417s][info][gc,phases   ] GC(679)   Other: 0.21ms
[286.417s][info][gc,heap     ] GC(679) Eden regions: 329->0(331)
[286.417s][info][gc,heap     ] GC(679) Survivor regions: 4->11(42)
[286.417s][info][gc,heap     ] GC(679) Old regions: 563->563
[286.417s][info][gc,heap     ] GC(679) Humongous regions: 8->8
[286.417s][info][gc,metaspace] GC(679) Metaspace: 18780K(18944K)->18780K(18944K) NonClass: 16121K(16192K)->16121K(16192K) Class: 2659K(2752K)->2659K(2752K)
[286.417s][info][gc          ] GC(679) Pause Young (Concurrent Start) (G1 Evacuation Pause) 903M->581M(978M) 16.567ms
[286.417s][info][gc,cpu      ] GC(679) User=0.03s Sys=0.00s Real=0.02s
[286.417s][info][gc          ] GC(680) Concurrent Mark Cycle
[286.417s][info][gc,marking  ] GC(680) Concurrent Scan Root Regions
[286.439s][info][gc,marking  ] GC(680) Concurrent Scan Root Regions 21.891ms
[286.439s][info][gc,marking  ] GC(680) Concurrent Mark
[286.439s][info][gc,marking  ] GC(680) Concurrent Mark From Roots
[286.439s][info][gc,task     ] GC(680) Using 1 workers of 1 for marking
[287.778s][info][gc,start    ] GC(681) Pause Young (Normal) (G1 Evacuation Pause)
[287.778s][info][gc,task     ] GC(681) Using 2 workers of 2 for evacuation
[287.814s][info][gc,phases   ] GC(681)   Pre Evacuate Collection Set: 0.50ms
[287.814s][info][gc,phases   ] GC(681)   Merge Heap Roots: 0.25ms
[287.814s][info][gc,phases   ] GC(681)   Evacuate Collection Set: 34.49ms
[287.814s][info][gc,phases   ] GC(681)   Post Evacuate Collection Set: 0.54ms
[287.814s][info][gc,phases   ] GC(681)   Other: 0.07ms
[287.814s][info][gc,heap     ] GC(681) Eden regions: 331->0(293)
[287.814s][info][gc,heap     ] GC(681) Survivor regions: 11->32(43)
[287.814s][info][gc,heap     ] GC(681) Old regions: 563->563
[287.814s][info][gc,heap     ] GC(681) Humongous regions: 8->8
[287.814s][info][gc,metaspace] GC(681) Metaspace: 18781K(18944K)->18781K(18944K) NonClass: 16122K(16192K)->16122K(16192K) Class: 2659K(2752K)->2659K(2752K)
[287.814s][info][gc          ] GC(681) Pause Young (Normal) (G1 Evacuation Pause) 912M->602M(978M) 36.036ms
[287.814s][info][gc,cpu      ] GC(681) User=0.07s Sys=0.00s Real=0.03s
[288.054s][info][gc,marking  ] GC(680) Concurrent Mark From Roots 1615.151ms
[288.054s][info][gc,marking  ] GC(680) Concurrent Preclean
[288.054s][info][gc,marking  ] GC(680) Concurrent Preclean 0.030ms
[288.056s][info][gc,start    ] GC(680) Pause Remark
[288.063s][info][gc          ] GC(680) Pause Remark 641M->640M(978M) 7.466ms
[288.064s][info][gc,cpu      ] GC(680) User=0.01s Sys=0.00s Real=0.01s
[288.064s][info][gc,marking  ] GC(680) Concurrent Mark 1624.594ms
[288.064s][info][gc,marking  ] GC(680) Concurrent Rebuild Remembered Sets and Scrub Regions
[288.605s][info][gc,marking  ] GC(680) Concurrent Rebuild Remembered Sets and Scrub Regions 541.548ms
[288.606s][info][gc,start    ] GC(680) Pause Cleanup
[288.606s][info][gc          ] GC(680) Pause Cleanup 739M->739M(978M) 0.102ms
[288.606s][info][gc,cpu      ] GC(680) User=0.00s Sys=0.00s Real=0.00s
[288.606s][info][gc,marking  ] GC(680) Concurrent Clear Claimed Marks
[288.606s][info][gc,marking  ] GC(680) Concurrent Clear Claimed Marks 0.047ms
[288.606s][info][gc,marking  ] GC(680) Concurrent Cleanup for Next Mark
[288.611s][info][gc,marking  ] GC(680) Concurrent Cleanup for Next Mark 4.756ms
[288.611s][info][gc          ] GC(680) Concurrent Mark Cycle 2194.059ms
[289.489s][info][gc,start    ] GC(682) Pause Young (Prepare Mixed) (G1 Evacuation Pause)
[289.489s][info][gc,task     ] GC(682) Using 2 workers of 2 for evacuation
[289.525s][info][gc,phases   ] GC(682)   Pre Evacuate Collection Set: 0.31ms
[289.525s][info][gc,phases   ] GC(682)   Merge Heap Roots: 0.38ms
[289.525s][info][gc,phases   ] GC(682)   Evacuate Collection Set: 34.56ms
[289.525s][info][gc,phases   ] GC(682)   Post Evacuate Collection Set: 0.50ms
[289.525s][info][gc,phases   ] GC(682)   Other: 0.08ms
[289.525s][info][gc,heap     ] GC(682) Eden regions: 293->0(320)
[289.525s][info][gc,heap     ] GC(682) Survivor regions: 32->2(41)
[289.525s][info][gc,heap     ] GC(682) Old regions: 563->594
[289.525s][info][gc,heap     ] GC(682) Humongous regions: 7->7
[289.525s][info][gc,metaspace] GC(682) Metaspace: 18781K(18944K)->18781K(18944K) NonClass: 16122K(16192K)->16122K(16192K) Class: 2659K(2752K)->2659K(2752K)
[289.525s][info][gc          ] GC(682) Pause Young (Prepare Mixed) (G1 Evacuation Pause) 894M->602M(978M) 36.056ms
[289.525s][info][gc,cpu      ] GC(682) User=0.08s Sys=0.00s Real=0.03s
[290.634s][info][gc,start    ] GC(683) Pause Young (Mixed) (G1 Evacuation Pause)
[290.634s][info][gc,task     ] GC(683) Using 2 workers of 2 for evacuation
[290.649s][info][gc,phases   ] GC(683)   Pre Evacuate Collection Set: 0.51ms
[290.649s][info][gc,phases   ] GC(683)   Merge Heap Roots: 0.32ms
[290.649s][info][gc,phases   ] GC(683)   Evacuate Collection Set: 12.95ms
[290.649s][info][gc,phases   ] GC(683)   Post Evacuate Collection Set: 0.55ms
[290.649s][info][gc,phases   ] GC(683)   Other: 0.08ms
[290.649s][info][gc,heap     ] GC(683) Eden regions: 320->0(328)
[290.649s][info][gc,heap     ] GC(683) Survivor regions: 2->3(41)
[290.649s][info][gc,heap     ] GC(683) Old regions: 594->587
[290.649s][info][gc,heap     ] GC(683) Humongous regions: 7->7
[290.649s][info][gc,metaspace] GC(683) Metaspace: 18796K(19008K)->18796K(19008K) NonClass: 16137K(16256K)->16137K(16256K) Class: 2659K(2752K)->2659K(2752K)
[290.649s][info][gc          ] GC(683) Pause Young (Mixed) (G1 Evacuation Pause) 922M->596M(978M) 14.596ms
[290.649s][info][gc,cpu      ] GC(683) User=0.03s Sys=0.00s Real=0.02s
[291.128s][info][gc,start    ] GC(684) Pause Young (Concurrent Start) (G1 Evacuation Pause)
[291.128s][info][gc,task     ] GC(684) Using 2 workers of 2 for evacuation
[291.209s][info][gc,phases   ] GC(684)   Pre Evacuate Collection Set: 0.29ms
[291.209s][info][gc,phases   ] GC(684)   Merge Heap Roots: 0.13ms
[291.209s][info][gc,phases   ] GC(684)   Evacuate Collection Set: 72.57ms
[291.209s][info][gc,phases   ] GC(684)   Post Evacuate Collection Set: 8.18ms
[291.209s][info][gc,phases   ] GC(684)   Other: 0.10ms
[291.209s][info][gc,heap     ] GC(684) Eden regions: 328->0(144)
[291.209s][info][gc,heap     ] GC(684) Survivor regions: 3->42(42)
[291.209s][info][gc,heap     ] GC(684) Old regions: 587->693
[291.209s][info][gc,heap     ] GC(684) Humongous regions: 7->7
[291.209s][info][gc,metaspace] GC(684) Metaspace: 18810K(19008K)->18810K(19008K) NonClass: 16151K(16256K)->16151K(16256K) Class: 2659K(2752K)->2659K(2752K)
[291.209s][info][gc          ] GC(684) Pause Young (Concurrent Start) (G1 Evacuation Pause) (Evacuation Failure: Allocation) 924M->742M(978M) 81.477ms
[291.209s][info][gc,cpu      ] GC(684) User=0.16s Sys=0.00s Real=0.08s
[291.209s][info][gc          ] GC(685) Concurrent Mark Cycle
[291.210s][info][gc,marking  ] GC(685) Concurrent Scan Root Regions
[291.295s][info][gc,marking  ] GC(685) Concurrent Scan Root Regions 85.450ms
[291.295s][info][gc,marking  ] GC(685) Concurrent Mark
[291.295s][info][gc,marking  ] GC(685) Concurrent Mark From Roots
[291.295s][info][gc,task     ] GC(685) Using 1 workers of 1 for marking
[291.405s][info][gc,start    ] GC(686) Pause Young (Normal) (G1 Evacuation Pause)
[291.405s][info][gc,task     ] GC(686) Using 2 workers of 2 for evacuation
[291.511s][info][gc,phases   ] GC(686)   Pre Evacuate Collection Set: 0.34ms
[291.511s][info][gc,phases   ] GC(686)   Merge Heap Roots: 0.37ms
[291.511s][info][gc,phases   ] GC(686)   Evacuate Collection Set: 97.93ms
[291.511s][info][gc,phases   ] GC(686)   Post Evacuate Collection Set: 6.82ms
[291.511s][info][gc,phases   ] GC(686)   Other: 0.10ms
[291.511s][info][gc,heap     ] GC(686) Eden regions: 144->0(133)
[291.511s][info][gc,heap     ] GC(686) Survivor regions: 42->24(24)
[291.511s][info][gc,heap     ] GC(686) Old regions: 693->740
[291.511s][info][gc,heap     ] GC(686) Humongous regions: 7->7
[291.511s][info][gc,metaspace] GC(686) Metaspace: 18811K(19008K)->18811K(19008K) NonClass: 16151K(16256K)->16151K(16256K) Class: 2660K(2752K)->2660K(2752K)
[291.511s][info][gc          ] GC(686) Pause Young (Normal) (G1 Evacuation Pause) (Evacuation Failure: Allocation) 886M->771M(978M) 105.887ms
[291.511s][info][gc,cpu      ] GC(686) User=0.21s Sys=0.00s Real=0.11s
[291.971s][info][gc,start    ] GC(687) Pause Young (Normal) (G1 Evacuation Pause)
[291.971s][info][gc,task     ] GC(687) Using 2 workers of 2 for evacuation
[292.079s][info][gc,phases   ] GC(687)   Pre Evacuate Collection Set: 0.52ms
[292.079s][info][gc,phases   ] GC(687)   Merge Heap Roots: 0.78ms
[292.079s][info][gc,phases   ] GC(687)   Evacuate Collection Set: 101.27ms
[292.079s][info][gc,phases   ] GC(687)   Post Evacuate Collection Set: 5.97ms
[292.079s][info][gc,phases   ] GC(687)   Other: 0.07ms
[292.079s][info][gc,heap     ] GC(687) Eden regions: 133->0(101)
[292.079s][info][gc,heap     ] GC(687) Survivor regions: 24->20(20)
[292.079s][info][gc,heap     ] GC(687) Old regions: 740->779
[292.079s][info][gc,heap     ] GC(687) Humongous regions: 8->8
[292.079s][info][gc,metaspace] GC(687) Metaspace: 18814K(19008K)->18814K(19008K) NonClass: 16154K(16256K)->16154K(16256K) Class: 2660K(2752K)->2660K(2752K)
[292.080s][info][gc          ] GC(687) Pause Young (Normal) (G1 Evacuation Pause) (Evacuation Failure: Allocation) 905M->807M(978M) 108.860ms
[292.080s][info][gc,cpu      ] GC(687) User=0.22s Sys=0.00s Real=0.11s
[292.327s][info][gc,start    ] GC(688) Pause Young (Normal) (G1 Evacuation Pause)
[292.327s][info][gc,task     ] GC(688) Using 2 workers of 2 for evacuation
[292.421s][info][gc,phases   ] GC(688)   Pre Evacuate Collection Set: 0.33ms
[292.421s][info][gc,phases   ] GC(688)   Merge Heap Roots: 0.72ms
[292.421s][info][gc,phases   ] GC(688)   Evacuate Collection Set: 92.93ms
[292.421s][info][gc,phases   ] GC(688)   Post Evacuate Collection Set: 0.47ms
[292.421s][info][gc,phases   ] GC(688)   Other: 0.09ms
[292.421s][info][gc,heap     ] GC(688) Eden regions: 101->0(119)
[292.421s][info][gc,heap     ] GC(688) Survivor regions: 20->16(16)
[292.421s][info][gc,heap     ] GC(688) Old regions: 779->764
[292.421s][info][gc,heap     ] GC(688) Humongous regions: 11->11
[292.421s][info][gc,metaspace] GC(688) Metaspace: 18814K(19008K)->18814K(19008K) NonClass: 16154K(16256K)->16154K(16256K) Class: 2660K(2752K)->2660K(2752K)
[292.422s][info][gc          ] GC(688) Pause Young (Normal) (G1 Evacuation Pause) 911M->790M(978M) 94.815ms
[292.422s][info][gc,cpu      ] GC(688) User=0.19s Sys=0.00s Real=0.10s
[292.642s][info][gc,start    ] GC(689) Pause Young (Normal) (G1 Evacuation Pause)
[292.642s][info][gc,task     ] GC(689) Using 2 workers of 2 for evacuation
[292.686s][info][gc,phases   ] GC(689)   Pre Evacuate Collection Set: 0.29ms
[292.686s][info][gc,phases   ] GC(689)   Merge Heap Roots: 0.26ms
[292.686s][info][gc,phases   ] GC(689)   Evacuate Collection Set: 42.87ms
[292.686s][info][gc,phases   ] GC(689)   Post Evacuate Collection Set: 0.37ms
[292.686s][info][gc,phases   ] GC(689)   Other: 0.10ms
[292.686s][info][gc,heap     ] GC(689) Eden regions: 119->0(113)
[292.686s][info][gc,heap     ] GC(689) Survivor regions: 16->12(17)
[292.686s][info][gc,heap     ] GC(689) Old regions: 764->780
[292.686s][info][gc,heap     ] GC(689) Humongous regions: 11->11
[292.686s][info][gc,metaspace] GC(689) Metaspace: 18814K(19008K)->18814K(19008K) NonClass: 16154K(16256K)->16154K(16256K) Class: 2660K(2752K)->2660K(2752K)
[292.686s][info][gc          ] GC(689) Pause Young (Normal) (G1 Evacuation Pause) 909M->802M(978M) 44.149ms
[292.686s][info][gc,cpu      ] GC(689) User=0.09s Sys=0.00s Real=0.04s
[292.866s][info][gc,start    ] GC(690) Pause Young (Normal) (G1 Evacuation Pause)
[292.866s][info][gc,task     ] GC(690) Using 2 workers of 2 for evacuation
[292.887s][info][gc,phases   ] GC(690)   Pre Evacuate Collection Set: 0.46ms
[292.887s][info][gc,phases   ] GC(690)   Merge Heap Roots: 0.13ms
[292.887s][info][gc,phases   ] GC(690)   Evacuate Collection Set: 19.47ms
[292.887s][info][gc,phases   ] GC(690)   Post Evacuate Collection Set: 0.34ms
[292.887s][info][gc,phases   ] GC(690)   Other: 0.07ms
[292.887s][info][gc,heap     ] GC(690) Eden regions: 113->0(117)
[292.887s][info][gc,heap     ] GC(690) Survivor regions: 12->4(16)
[292.887s][info][gc,heap     ] GC(690) Old regions: 780->792
[292.887s][info][gc,heap     ] GC(690) Humongous regions: 11->11
[292.887s][info][gc,metaspace] GC(690) Metaspace: 18814K(19008K)->18814K(19008K) NonClass: 16154K(16256K)->16154K(16256K) Class: 2660K(2752K)->2660K(2752K)
[292.887s][info][gc          ] GC(690) Pause Young (Normal) (G1 Evacuation Pause) 915M->806M(978M) 20.680ms
[292.887s][info][gc,cpu      ] GC(690) User=0.04s Sys=0.00s Real=0.02s
[293.142s][info][gc,start    ] GC(691) Pause Young (Normal) (G1 Evacuation Pause)
[293.142s][info][gc,task     ] GC(691) Using 2 workers of 2 for evacuation
[293.159s][info][gc,phases   ] GC(691)   Pre Evacuate Collection Set: 0.29ms
[293.159s][info][gc,phases   ] GC(691)   Merge Heap Roots: 0.14ms
[293.159s][info][gc,phases   ] GC(691)   Evacuate Collection Set: 15.98ms
[293.159s][info][gc,phases   ] GC(691)   Post Evacuate Collection Set: 0.37ms
[293.159s][info][gc,phases   ] GC(691)   Other: 0.09ms
[293.159s][info][gc,heap     ] GC(691) Eden regions: 117->0(97)
[293.159s][info][gc,heap     ] GC(691) Survivor regions: 4->14(16)
[293.159s][info][gc,heap     ] GC(691) Old regions: 792->792
[293.159s][info][gc,heap     ] GC(691) Humongous regions: 11->11
[293.159s][info][gc,metaspace] GC(691) Metaspace: 18814K(19008K)->18814K(19008K) NonClass: 16154K(16256K)->16154K(16256K) Class: 2660K(2752K)->2660K(2752K)
[293.159s][info][gc          ] GC(691) Pause Young (Normal) (G1 Evacuation Pause) 923M->816M(978M) 17.102ms
[293.159s][info][gc,cpu      ] GC(691) User=0.04s Sys=0.00s Real=0.02s
[293.273s][info][gc,marking  ] GC(685) Concurrent Mark From Roots 1978.352ms
[293.274s][info][gc,marking  ] GC(685) Concurrent Preclean
[293.274s][info][gc,marking  ] GC(685) Concurrent Preclean 0.038ms
[293.274s][info][gc,start    ] GC(685) Pause Remark
[293.281s][info][gc          ] GC(685) Pause Remark 905M->848M(978M) 7.670ms
[293.281s][info][gc,cpu      ] GC(685) User=0.02s Sys=0.00s Real=0.01s
[293.281s][info][gc,marking  ] GC(685) Concurrent Mark 1986.390ms
[293.281s][info][gc,marking  ] GC(685) Concurrent Rebuild Remembered Sets and Scrub Regions
[293.294s][info][gc,start    ] GC(692) Pause Young (Normal) (G1 Evacuation Pause)
[293.294s][info][gc,task     ] GC(692) Using 2 workers of 2 for evacuation
[293.310s][info][gc,phases   ] GC(692)   Pre Evacuate Collection Set: 0.45ms
[293.310s][info][gc,phases   ] GC(692)   Merge Heap Roots: 0.14ms
[293.310s][info][gc,phases   ] GC(692)   Evacuate Collection Set: 14.82ms
[293.310s][info][gc,phases   ] GC(692)   Post Evacuate Collection Set: 0.37ms
[293.310s][info][gc,phases   ] GC(692)   Other: 0.10ms
[293.310s][info][gc,heap     ] GC(692) Eden regions: 97->0(160)
[293.310s][info][gc,heap     ] GC(692) Survivor regions: 14->1(14)
[293.310s][info][gc,heap     ] GC(692) Old regions: 737->750
[293.310s][info][gc,heap     ] GC(692) Humongous regions: 9->9
[293.310s][info][gc,metaspace] GC(692) Metaspace: 18814K(19008K)->18814K(19008K) NonClass: 16154K(16256K)->16154K(16256K) Class: 2660K(2752K)->2660K(2752K)
[293.310s][info][gc          ] GC(692) Pause Young (Normal) (G1 Evacuation Pause) 856M->760M(978M) 16.081ms
[293.310s][info][gc,cpu      ] GC(692) User=0.03s Sys=0.00s Real=0.02s
[293.506s][info][gc,start    ] GC(693) Pause Young (Normal) (G1 Evacuation Pause)
[293.506s][info][gc,task     ] GC(693) Using 2 workers of 2 for evacuation
[293.528s][info][gc,phases   ] GC(693)   Pre Evacuate Collection Set: 0.49ms
[293.529s][info][gc,phases   ] GC(693)   Merge Heap Roots: 0.27ms
[293.529s][info][gc,phases   ] GC(693)   Evacuate Collection Set: 20.99ms
[293.529s][info][gc,phases   ] GC(693)   Post Evacuate Collection Set: 0.41ms
[293.529s][info][gc,phases   ] GC(693)   Other: 0.09ms
[293.529s][info][gc,heap     ] GC(693) Eden regions: 160->0(139)
[293.529s][info][gc,heap     ] GC(693) Survivor regions: 1->15(21)
[293.529s][info][gc,heap     ] GC(693) Old regions: 750->750
[293.529s][info][gc,heap     ] GC(693) Humongous regions: 9->9
[293.529s][info][gc,metaspace] GC(693) Metaspace: 18814K(19008K)->18814K(19008K) NonClass: 16154K(16256K)->16154K(16256K) Class: 2660K(2752K)->2660K(2752K)
[293.529s][info][gc          ] GC(693) Pause Young (Normal) (G1 Evacuation Pause) 920M->773M(978M) 22.493ms
[293.529s][info][gc,cpu      ] GC(693) User=0.04s Sys=0.00s Real=0.03s
[293.666s][info][gc,start    ] GC(694) Pause Young (Normal) (G1 Evacuation Pause)
[293.666s][info][gc,task     ] GC(694) Using 2 workers of 2 for evacuation
[293.702s][info][gc,phases   ] GC(694)   Pre Evacuate Collection Set: 0.45ms
[293.702s][info][gc,phases   ] GC(694)   Merge Heap Roots: 0.21ms
[293.702s][info][gc,phases   ] GC(694)   Evacuate Collection Set: 34.64ms
[293.702s][info][gc,phases   ] GC(694)   Post Evacuate Collection Set: 0.48ms
[293.702s][info][gc,phases   ] GC(694)   Other: 0.06ms
[293.702s][info][gc,heap     ] GC(694) Eden regions: 139->0(120)
[293.702s][info][gc,heap     ] GC(694) Survivor regions: 15->17(20)
[293.702s][info][gc,heap     ] GC(694) Old regions: 750->765
[293.702s][info][gc,heap     ] GC(694) Humongous regions: 9->9
[293.702s][info][gc,metaspace] GC(694) Metaspace: 18814K(19008K)->18814K(19008K) NonClass: 16154K(16256K)->16154K(16256K) Class: 2660K(2752K)->2660K(2752K)
[293.702s][info][gc          ] GC(694) Pause Young (Normal) (G1 Evacuation Pause) 912M->790M(978M) 36.027ms
[293.702s][info][gc,cpu      ] GC(694) User=0.07s Sys=0.00s Real=0.04s
[293.869s][info][gc,start    ] GC(695) Pause Young (Normal) (G1 Evacuation Pause)
[293.869s][info][gc,task     ] GC(695) Using 2 workers of 2 for evacuation
[293.917s][info][gc,phases   ] GC(695)   Pre Evacuate Collection Set: 0.45ms
[293.917s][info][gc,phases   ] GC(695)   Merge Heap Roots: 0.31ms
[293.917s][info][gc,phases   ] GC(695)   Evacuate Collection Set: 46.19ms
[293.917s][info][gc,phases   ] GC(695)   Post Evacuate Collection Set: 0.56ms
[293.917s][info][gc,phases   ] GC(695)   Other: 0.07ms
[293.917s][info][gc,heap     ] GC(695) Eden regions: 120->0(92)
[293.917s][info][gc,heap     ] GC(695) Survivor regions: 17->18(18)
[293.917s][info][gc,heap     ] GC(695) Old regions: 765->791
[293.917s][info][gc,heap     ] GC(695) Humongous regions: 9->9
[293.917s][info][gc,metaspace] GC(695) Metaspace: 18814K(19008K)->18814K(19008K) NonClass: 16154K(16256K)->16154K(16256K) Class: 2660K(2752K)->2660K(2752K)
[293.917s][info][gc          ] GC(695) Pause Young (Normal) (G1 Evacuation Pause) 910M->818M(978M) 47.800ms
[293.917s][info][gc,cpu      ] GC(695) User=0.10s Sys=0.00s Real=0.05s
[294.053s][info][gc,start    ] GC(696) Pause Young (Normal) (G1 Evacuation Pause)
[294.053s][info][gc,task     ] GC(696) Using 2 workers of 2 for evacuation
[294.101s][info][gc,phases   ] GC(696)   Pre Evacuate Collection Set: 0.47ms
[294.101s][info][gc,phases   ] GC(696)   Merge Heap Roots: 0.46ms
[294.101s][info][gc,phases   ] GC(696)   Evacuate Collection Set: 46.04ms
[294.101s][info][gc,phases   ] GC(696)   Post Evacuate Collection Set: 0.54ms
[294.101s][info][gc,phases   ] GC(696)   Other: 0.12ms
[294.101s][info][gc,heap     ] GC(696) Eden regions: 92->0(86)
[294.101s][info][gc,heap     ] GC(696) Survivor regions: 18->11(14)
[294.101s][info][gc,heap     ] GC(696) Old regions: 791->810
[294.101s][info][gc,heap     ] GC(696) Humongous regions: 10->10
[294.101s][info][gc,metaspace] GC(696) Metaspace: 18820K(19008K)->18820K(19008K) NonClass: 16159K(16256K)->16159K(16256K) Class: 2660K(2752K)->2660K(2752K)
[294.101s][info][gc          ] GC(696) Pause Young (Normal) (G1 Evacuation Pause) 911M->830M(978M) 47.927ms
[294.101s][info][gc,cpu      ] GC(696) User=0.10s Sys=0.00s Real=0.05s
[294.162s][info][gc,marking  ] GC(685) Concurrent Rebuild Remembered Sets and Scrub Regions 880.086ms
[294.162s][info][gc,start    ] GC(685) Pause Cleanup
[294.162s][info][gc          ] GC(685) Pause Cleanup 898M->898M(978M) 0.134ms
[294.162s][info][gc,cpu      ] GC(685) User=0.00s Sys=0.00s Real=0.00s
[294.162s][info][gc,marking  ] GC(685) Concurrent Clear Claimed Marks
[294.162s][info][gc,marking  ] GC(685) Concurrent Clear Claimed Marks 0.043ms
[294.162s][info][gc,marking  ] GC(685) Concurrent Cleanup for Next Mark
[294.167s][info][gc,marking  ] GC(685) Concurrent Cleanup for Next Mark 4.877ms
[294.167s][info][gc          ] GC(685) Concurrent Mark Cycle 2957.796ms
[294.179s][info][gc,start    ] GC(697) Pause Young (Prepare Mixed) (G1 Evacuation Pause)
[294.179s][info][gc,task     ] GC(697) Using 2 workers of 2 for evacuation
[294.217s][info][gc,phases   ] GC(697)   Pre Evacuate Collection Set: 0.27ms
[294.217s][info][gc,phases   ] GC(697)   Merge Heap Roots: 0.45ms
[294.217s][info][gc,phases   ] GC(697)   Evacuate Collection Set: 36.21ms
[294.217s][info][gc,phases   ] GC(697)   Post Evacuate Collection Set: 0.43ms
[294.217s][info][gc,phases   ] GC(697)   Other: 0.09ms
[294.217s][info][gc,heap     ] GC(697) Eden regions: 86->0(84)
[294.217s][info][gc,heap     ] GC(697) Survivor regions: 11->7(13)
[294.217s][info][gc,heap     ] GC(697) Old regions: 810->820
[294.217s][info][gc,heap     ] GC(697) Humongous regions: 10->10
[294.217s][info][gc,metaspace] GC(697) Metaspace: 18820K(19008K)->18820K(19008K) NonClass: 16159K(16256K)->16159K(16256K) Class: 2660K(2752K)->2660K(2752K)
[294.217s][info][gc          ] GC(697) Pause Young (Prepare Mixed) (G1 Evacuation Pause) 916M->837M(978M) 37.633ms
[294.217s][info][gc,cpu      ] GC(697) User=0.07s Sys=0.00s Real=0.03s
[294.296s][info][gc,start    ] GC(698) Pause Young (Mixed) (G1 Evacuation Pause)
[294.296s][info][gc,task     ] GC(698) Using 2 workers of 2 for evacuation
[294.377s][info][gc,phases   ] GC(698)   Pre Evacuate Collection Set: 0.50ms
[294.377s][info][gc,phases   ] GC(698)   Merge Heap Roots: 1.03ms
[294.377s][info][gc,phases   ] GC(698)   Evacuate Collection Set: 79.06ms
[294.377s][info][gc,phases   ] GC(698)   Post Evacuate Collection Set: 0.38ms
[294.377s][info][gc,phases   ] GC(698)   Other: 0.08ms
[294.377s][info][gc,heap     ] GC(698) Eden regions: 84->0(132)
[294.377s][info][gc,heap     ] GC(698) Survivor regions: 7->3(12)
[294.377s][info][gc,heap     ] GC(698) Old regions: 820->780
[294.377s][info][gc,heap     ] GC(698) Humongous regions: 10->10
[294.377s][info][gc,metaspace] GC(698) Metaspace: 18822K(19008K)->18822K(19008K) NonClass: 16162K(16256K)->16162K(16256K) Class: 2660K(2752K)->2660K(2752K)
[294.377s][info][gc          ] GC(698) Pause Young (Mixed) (G1 Evacuation Pause) 921M->792M(978M) 81.257ms
[294.377s][info][gc,cpu      ] GC(698) User=0.16s Sys=0.00s Real=0.09s
[294.518s][info][gc,start    ] GC(699) Pause Young (Concurrent Start) (G1 Evacuation Pause)
[294.518s][info][gc,task     ] GC(699) Using 2 workers of 2 for evacuation
[294.526s][info][gc,phases   ] GC(699)   Pre Evacuate Collection Set: 0.36ms
[294.526s][info][gc,phases   ] GC(699)   Merge Heap Roots: 0.12ms
[294.526s][info][gc,phases   ] GC(699)   Evacuate Collection Set: 6.91ms
[294.526s][info][gc,phases   ] GC(699)   Post Evacuate Collection Set: 0.36ms
[294.526s][info][gc,phases   ] GC(699)   Other: 0.11ms
[294.526s][info][gc,heap     ] GC(699) Eden regions: 132->0(128)
[294.526s][info][gc,heap     ] GC(699) Survivor regions: 3->5(17)
[294.526s][info][gc,heap     ] GC(699) Old regions: 780->780
[294.526s][info][gc,heap     ] GC(699) Humongous regions: 10->10
[294.526s][info][gc,metaspace] GC(699) Metaspace: 18822K(19008K)->18822K(19008K) NonClass: 16162K(16256K)->16162K(16256K) Class: 2660K(2752K)->2660K(2752K)
[294.526s][info][gc          ] GC(699) Pause Young (Concurrent Start) (G1 Evacuation Pause) 924M->794M(978M) 8.087ms
[294.526s][info][gc          ] GC(700) Concurrent Mark Cycle
[294.526s][info][gc,marking  ] GC(700) Concurrent Scan Root Regions
[294.526s][info][gc,cpu      ] GC(699) User=0.02s Sys=0.00s Real=0.00s
[294.538s][info][gc,marking  ] GC(700) Concurrent Scan Root Regions 11.804ms
[294.538s][info][gc,marking  ] GC(700) Concurrent Mark
[294.538s][info][gc,marking  ] GC(700) Concurrent Mark From Roots
[294.538s][info][gc,task     ] GC(700) Using 1 workers of 1 for marking
[295.010s][info][gc,start    ] GC(701) Pause Young (Normal) (G1 Evacuation Pause)
[295.010s][info][gc,task     ] GC(701) Using 2 workers of 2 for evacuation
[295.019s][info][gc,phases   ] GC(701)   Pre Evacuate Collection Set: 0.50ms
[295.019s][info][gc,phases   ] GC(701)   Merge Heap Roots: 0.14ms
[295.019s][info][gc,phases   ] GC(701)   Evacuate Collection Set: 7.54ms
[295.019s][info][gc,phases   ] GC(701)   Post Evacuate Collection Set: 0.36ms
[295.019s][info][gc,phases   ] GC(701)   Other: 0.08ms
[295.019s][info][gc,heap     ] GC(701) Eden regions: 128->0(126)
[295.019s][info][gc,heap     ] GC(701) Survivor regions: 5->6(17)
[295.019s][info][gc,heap     ] GC(701) Old regions: 780->780
[295.019s][info][gc,heap     ] GC(701) Humongous regions: 10->10
[295.019s][info][gc,metaspace] GC(701) Metaspace: 18822K(19008K)->18822K(19008K) NonClass: 16162K(16256K)->16162K(16256K) Class: 2660K(2752K)->2660K(2752K)
[295.019s][info][gc          ] GC(701) Pause Young (Normal) (G1 Evacuation Pause) 922M->795M(978M) 8.900ms
[295.019s][info][gc,cpu      ] GC(701) User=0.02s Sys=0.00s Real=0.01s
[295.223s][info][gc,marking  ] GC(700) Concurrent Mark From Roots 684.712ms
[295.223s][info][gc,marking  ] GC(700) Concurrent Preclean
[295.223s][info][gc,marking  ] GC(700) Concurrent Preclean 0.042ms
[295.223s][info][gc,start    ] GC(700) Pause Remark
[295.231s][info][gc          ] GC(700) Pause Remark 875M->367M(960M) 7.989ms
[295.231s][info][gc,cpu      ] GC(700) User=0.02s Sys=0.00s Real=0.01s
[295.232s][info][gc,marking  ] GC(700) Concurrent Mark 693.743ms
[295.232s][info][gc,marking  ] GC(700) Concurrent Rebuild Remembered Sets and Scrub Regions
[295.312s][info][gc,start    ] GC(702) Pause Young (Normal) (G1 Evacuation Pause)
[295.312s][info][gc,task     ] GC(702) Using 2 workers of 2 for evacuation
[295.351s][info][gc,phases   ] GC(702)   Pre Evacuate Collection Set: 0.47ms
[295.351s][info][gc,phases   ] GC(702)   Merge Heap Roots: 0.25ms
[295.351s][info][gc,phases   ] GC(702)   Evacuate Collection Set: 37.56ms
[295.351s][info][gc,phases   ] GC(702)   Post Evacuate Collection Set: 0.38ms
[295.351s][info][gc,phases   ] GC(702)   Other: 0.07ms
[295.351s][info][gc,heap     ] GC(702) Eden regions: 128->0(518)
[295.351s][info][gc,heap     ] GC(702) Survivor regions: 6->17(17)
[295.351s][info][gc,heap     ] GC(702) Old regions: 279->299
[295.351s][info][gc,heap     ] GC(702) Humongous regions: 3->3
[295.351s][info][gc,metaspace] GC(702) Metaspace: 18822K(19008K)->18822K(19008K) NonClass: 16162K(16256K)->16162K(16256K) Class: 2660K(2752K)->2660K(2752K)
[295.351s][info][gc          ] GC(702) Pause Young (Normal) (G1 Evacuation Pause) 415M->319M(960M) 38.955ms
[295.351s][info][gc,cpu      ] GC(702) User=0.07s Sys=0.00s Real=0.04s
[295.529s][info][gc,marking  ] GC(700) Concurrent Rebuild Remembered Sets and Scrub Regions 297.183ms
[295.530s][info][gc,start    ] GC(700) Pause Cleanup
[295.530s][info][gc          ] GC(700) Pause Cleanup 451M->451M(960M) 0.106ms
[295.530s][info][gc,cpu      ] GC(700) User=0.00s Sys=0.00s Real=0.00s
[295.530s][info][gc,marking  ] GC(700) Concurrent Clear Claimed Marks
[295.530s][info][gc,marking  ] GC(700) Concurrent Clear Claimed Marks 0.049ms
[295.530s][info][gc,marking  ] GC(700) Concurrent Cleanup for Next Mark
[295.535s][info][gc,marking  ] GC(700) Concurrent Cleanup for Next Mark 4.830ms
[295.535s][info][gc          ] GC(700) Concurrent Mark Cycle 1008.600ms
[296.086s][info][gc,start    ] GC(703) Pause Young (Prepare Mixed) (G1 Evacuation Pause)
[296.086s][info][gc,task     ] GC(703) Using 2 workers of 2 for evacuation
[296.161s][info][gc,phases   ] GC(703)   Pre Evacuate Collection Set: 0.51ms
[296.161s][info][gc,phases   ] GC(703)   Merge Heap Roots: 0.34ms
[296.161s][info][gc,phases   ] GC(703)   Evacuate Collection Set: 72.92ms
[296.161s][info][gc,phases   ] GC(703)   Post Evacuate Collection Set: 0.78ms
[296.161s][info][gc,phases   ] GC(703)   Other: 0.09ms
[296.161s][info][gc,heap     ] GC(703) Eden regions: 518->0(469)
[296.161s][info][gc,heap     ] GC(703) Survivor regions: 17->67(67)
[296.161s][info][gc,heap     ] GC(703) Old regions: 299->299
[296.161s][info][gc,heap     ] GC(703) Humongous regions: 4->4
[296.161s][info][gc,metaspace] GC(703) Metaspace: 18822K(19008K)->18822K(19008K) NonClass: 16162K(16256K)->16162K(16256K) Class: 2660K(2752K)->2660K(2752K)
[296.161s][info][gc          ] GC(703) Pause Young (Prepare Mixed) (G1 Evacuation Pause) 838M->369M(960M) 74.903ms
[296.161s][info][gc,cpu      ] GC(703) User=0.14s Sys=0.00s Real=0.08s
[296.720s][info][gc,start    ] GC(704) Pause Young (Mixed) (G1 Evacuation Pause)
[296.720s][info][gc,task     ] GC(704) Using 2 workers of 2 for evacuation
[297.020s][info][gc,mmu      ] GC(704) MMU target violated: 201.0ms (200.0ms/201.0ms)
[297.020s][info][gc,phases   ] GC(704)   Pre Evacuate Collection Set: 0.32ms
[297.020s][info][gc,phases   ] GC(704)   Merge Heap Roots: 0.40ms
[297.020s][info][gc,phases   ] GC(704)   Evacuate Collection Set: 273.10ms
[297.020s][info][gc,phases   ] GC(704)   Post Evacuate Collection Set: 26.31ms
[297.020s][info][gc,phases   ] GC(704)   Other: 0.18ms
[297.020s][info][gc,heap     ] GC(704) Eden regions: 469->0(177)
[297.020s][info][gc,heap     ] GC(704) Survivor regions: 67->67(67)
[297.020s][info][gc,heap     ] GC(704) Old regions: 299->613
[297.020s][info][gc,heap     ] GC(704) Humongous regions: 4->4
[297.020s][info][gc,metaspace] GC(704) Metaspace: 18823K(19008K)->18823K(19008K) NonClass: 16162K(16256K)->16162K(16256K) Class: 2660K(2752K)->2660K(2752K)
[297.020s][info][gc          ] GC(704) Pause Young (Mixed) (G1 Evacuation Pause) (Evacuation Failure: Allocation) 838M->683M(978M) 300.518ms
[297.020s][info][gc,cpu      ] GC(704) User=0.59s Sys=0.01s Real=0.30s
[297.036s][info][gc,start    ] GC(705) Pause Young (Concurrent Start) (G1 Humongous Allocation)
[297.036s][info][gc,task     ] GC(705) Using 2 workers of 2 for evacuation
[297.148s][info][gc,phases   ] GC(705)   Pre Evacuate Collection Set: 0.35ms
[297.148s][info][gc,phases   ] GC(705)   Merge Heap Roots: 1.00ms
[297.148s][info][gc,phases   ] GC(705)   Evacuate Collection Set: 109.57ms
[297.148s][info][gc,phases   ] GC(705)   Post Evacuate Collection Set: 0.53ms
[297.148s][info][gc,phases   ] GC(705)   Other: 0.10ms
[297.148s][info][gc,heap     ] GC(705) Eden regions: 7->0(248)
[297.148s][info][gc,heap     ] GC(705) Survivor regions: 67->4(26)
[297.148s][info][gc,heap     ] GC(705) Old regions: 613->534
[297.148s][info][gc,heap     ] GC(705) Humongous regions: 4->4
[297.148s][info][gc,metaspace] GC(705) Metaspace: 18823K(19008K)->18823K(19008K) NonClass: 16162K(16256K)->16162K(16256K) Class: 2660K(2752K)->2660K(2752K)
[297.148s][info][gc          ] GC(705) Pause Young (Concurrent Start) (G1 Humongous Allocation) 690M->541M(978M) 111.787ms
[297.148s][info][gc          ] GC(706) Concurrent Mark Cycle
[297.148s][info][gc,marking  ] GC(706) Concurrent Scan Root Regions
[297.148s][info][gc,cpu      ] GC(705) User=0.22s Sys=0.00s Real=0.12s
[297.333s][info][gc,marking  ] GC(706) Concurrent Scan Root Regions 185.452ms
[297.333s][info][gc,marking  ] GC(706) Concurrent Mark
[297.333s][info][gc,marking  ] GC(706) Concurrent Mark From Roots
[297.333s][info][gc,task     ] GC(706) Using 1 workers of 1 for marking
[297.436s][info][gc,start    ] GC(707) Pause Young (Normal) (G1 Evacuation Pause)
[297.436s][info][gc,task     ] GC(707) Using 2 workers of 2 for evacuation
[297.489s][info][gc,phases   ] GC(707)   Pre Evacuate Collection Set: 0.32ms
[297.489s][info][gc,phases   ] GC(707)   Merge Heap Roots: 0.21ms
[297.490s][info][gc,phases   ] GC(707)   Evacuate Collection Set: 51.84ms
[297.490s][info][gc,phases   ] GC(707)   Post Evacuate Collection Set: 0.55ms
[297.490s][info][gc,phases   ] GC(707)   Other: 0.09ms
[297.490s][info][gc,heap     ] GC(707) Eden regions: 248->0(270)
[297.490s][info][gc,heap     ] GC(707) Survivor regions: 4->16(32)
[297.490s][info][gc,heap     ] GC(707) Old regions: 534->515
[297.490s][info][gc,heap     ] GC(707) Humongous regions: 5->5
[297.490s][info][gc,metaspace] GC(707) Metaspace: 18823K(19008K)->18823K(19008K) NonClass: 16162K(16256K)->16162K(16256K) Class: 2660K(2752K)->2660K(2752K)
[297.490s][info][gc          ] GC(707) Pause Young (Normal) (G1 Evacuation Pause) 790M->535M(978M) 53.281ms
[297.490s][info][gc,cpu      ] GC(707) User=0.10s Sys=0.00s Real=0.06s
[297.941s][info][gc,start    ] GC(708) Pause Young (Normal) (G1 Evacuation Pause)
[297.941s][info][gc,task     ] GC(708) Using 2 workers of 2 for evacuation
[298.019s][info][gc,phases   ] GC(708)   Pre Evacuate Collection Set: 0.49ms
[298.019s][info][gc,phases   ] GC(708)   Merge Heap Roots: 0.23ms
[298.019s][info][gc,phases   ] GC(708)   Evacuate Collection Set: 75.68ms
[298.019s][info][gc,phases   ] GC(708)   Post Evacuate Collection Set: 0.83ms
[298.019s][info][gc,phases   ] GC(708)   Other: 0.10ms
[298.019s][info][gc,heap     ] GC(708) Eden regions: 270->0(230)
[298.019s][info][gc,heap     ] GC(708) Survivor regions: 16->36(36)
[298.019s][info][gc,heap     ] GC(708) Old regions: 515->560
[298.019s][info][gc,heap     ] GC(708) Humongous regions: 5->5
[298.019s][info][gc,metaspace] GC(708) Metaspace: 18823K(19008K)->18823K(19008K) NonClass: 16162K(16256K)->16162K(16256K) Class: 2660K(2752K)->2660K(2752K)
[298.019s][info][gc          ] GC(708) Pause Young (Normal) (G1 Evacuation Pause) 805M->601M(978M) 77.583ms
[298.019s][info][gc,cpu      ] GC(708) User=0.16s Sys=0.00s Real=0.08s
[298.370s][info][gc,marking  ] GC(706) Concurrent Mark From Roots 1036.233ms
[298.370s][info][gc,marking  ] GC(706) Concurrent Preclean
[298.370s][info][gc,marking  ] GC(706) Concurrent Preclean 0.030ms
[298.370s][info][gc,start    ] GC(706) Pause Remark
[298.378s][info][gc          ] GC(706) Pause Remark 820M->820M(978M) 7.613ms
[298.378s][info][gc,cpu      ] GC(706) User=0.02s Sys=0.00s Real=0.01s
[298.378s][info][gc,marking  ] GC(706) Concurrent Mark 1044.220ms
[298.378s][info][gc,marking  ] GC(706) Concurrent Rebuild Remembered Sets and Scrub Regions
[298.417s][info][gc,start    ] GC(709) Pause Young (Normal) (G1 Evacuation Pause)
[298.417s][info][gc,task     ] GC(709) Using 2 workers of 2 for evacuation
[298.522s][info][gc,phases   ] GC(709)   Pre Evacuate Collection Set: 0.23ms
[298.522s][info][gc,phases   ] GC(709)   Merge Heap Roots: 0.56ms
[298.522s][info][gc,phases   ] GC(709)   Evacuate Collection Set: 102.67ms
[298.522s][info][gc,phases   ] GC(709)   Post Evacuate Collection Set: 0.55ms
[298.522s][info][gc,phases   ] GC(709)   Other: 0.09ms
[298.522s][info][gc,heap     ] GC(709) Eden regions: 230->0(184)
[298.522s][info][gc,heap     ] GC(709) Survivor regions: 36->34(34)
[298.522s][info][gc,heap     ] GC(709) Old regions: 560->616
[298.522s][info][gc,heap     ] GC(709) Humongous regions: 5->5
[298.522s][info][gc,metaspace] GC(709) Metaspace: 18823K(19008K)->18823K(19008K) NonClass: 16162K(16256K)->16162K(16256K) Class: 2660K(2752K)->2660K(2752K)
[298.522s][info][gc          ] GC(709) Pause Young (Normal) (G1 Evacuation Pause) 831M->654M(978M) 104.281ms
[298.522s][info][gc,cpu      ] GC(709) User=0.20s Sys=0.00s Real=0.10s
[298.717s][info][gc,start    ] GC(710) Pause Young (Normal) (G1 Evacuation Pause)
[298.717s][info][gc,task     ] GC(710) Using 2 workers of 2 for evacuation
[298.829s][info][gc,phases   ] GC(710)   Pre Evacuate Collection Set: 0.26ms
[298.829s][info][gc,phases   ] GC(710)   Merge Heap Roots: 0.48ms
[298.829s][info][gc,phases   ] GC(710)   Evacuate Collection Set: 110.21ms
[298.829s][info][gc,phases   ] GC(710)   Post Evacuate Collection Set: 0.70ms
[298.829s][info][gc,phases   ] GC(710)   Other: 0.07ms
[298.829s][info][gc,heap     ] GC(710) Eden regions: 184->0(131)
[298.829s][info][gc,heap     ] GC(710) Survivor regions: 34->28(28)
[298.829s][info][gc,heap     ] GC(710) Old regions: 616->694
[298.829s][info][gc,heap     ] GC(710) Humongous regions: 8->8
[298.829s][info][gc,metaspace] GC(710) Metaspace: 18823K(19008K)->18823K(19008K) NonClass: 16162K(16256K)->16162K(16256K) Class: 2660K(2752K)->2660K(2752K)
[298.829s][info][gc          ] GC(710) Pause Young (Normal) (G1 Evacuation Pause) 841M->730M(978M) 111.970ms
[298.829s][info][gc,cpu      ] GC(710) User=0.22s Sys=0.00s Real=0.11s
[299.009s][info][gc,marking  ] GC(706) Concurrent Rebuild Remembered Sets and Scrub Regions 631.282ms
[299.009s][info][gc,start    ] GC(706) Pause Cleanup
[299.009s][info][gc          ] GC(706) Pause Cleanup 845M->845M(978M) 0.113ms
[299.009s][info][gc,cpu      ] GC(706) User=0.00s Sys=0.00s Real=0.00s
[299.010s][info][gc,marking  ] GC(706) Concurrent Clear Claimed Marks
[299.010s][info][gc,marking  ] GC(706) Concurrent Clear Claimed Marks 0.031ms
[299.010s][info][gc,marking  ] GC(706) Concurrent Cleanup for Next Mark
[299.014s][info][gc,marking  ] GC(706) Concurrent Cleanup for Next Mark 4.870ms
[299.014s][info][gc          ] GC(706) Concurrent Mark Cycle 1866.627ms
[299.020s][info][gc,start    ] GC(711) Pause Young (Prepare Mixed) (G1 Evacuation Pause)
[299.020s][info][gc,task     ] GC(711) Using 2 workers of 2 for evacuation
[299.094s][info][gc,phases   ] GC(711)   Pre Evacuate Collection Set: 0.27ms
[299.094s][info][gc,phases   ] GC(711)   Merge Heap Roots: 0.55ms
[299.094s][info][gc,phases   ] GC(711)   Evacuate Collection Set: 73.00ms
[299.094s][info][gc,phases   ] GC(711)   Post Evacuate Collection Set: 0.40ms
[299.094s][info][gc,phases   ] GC(711)   Other: 0.07ms
[299.094s][info][gc,heap     ] GC(711) Eden regions: 131->0(123)
[299.094s][info][gc,heap     ] GC(711) Survivor regions: 28->20(20)
[299.094s][info][gc,heap     ] GC(711) Old regions: 694->728
[299.094s][info][gc,heap     ] GC(711) Humongous regions: 8->8
[299.094s][info][gc,metaspace] GC(711) Metaspace: 18823K(19008K)->18823K(19008K) NonClass: 16162K(16256K)->16162K(16256K) Class: 2660K(2752K)->2660K(2752K)
[299.094s][info][gc          ] GC(711) Pause Young (Prepare Mixed) (G1 Evacuation Pause) 861M->755M(978M) 74.489ms
[299.094s][info][gc,cpu      ] GC(711) User=0.14s Sys=0.00s Real=0.07s
[299.188s][info][gc,start    ] GC(712) Pause Young (Mixed) (G1 Evacuation Pause)
[299.188s][info][gc,task     ] GC(712) Using 2 workers of 2 for evacuation
[299.231s][info][gc,phases   ] GC(712)   Pre Evacuate Collection Set: 0.49ms
[299.231s][info][gc,phases   ] GC(712)   Merge Heap Roots: 0.33ms
[299.231s][info][gc,phases   ] GC(712)   Evacuate Collection Set: 42.40ms
[299.231s][info][gc,phases   ] GC(712)   Post Evacuate Collection Set: 0.43ms
[299.232s][info][gc,phases   ] GC(712)   Other: 0.06ms
[299.232s][info][gc,heap     ] GC(712) Eden regions: 123->0(128)
[299.232s][info][gc,heap     ] GC(712) Survivor regions: 20->14(18)
[299.232s][info][gc,heap     ] GC(712) Old regions: 728->737
[299.232s][info][gc,heap     ] GC(712) Humongous regions: 8->8
[299.232s][info][gc,metaspace] GC(712) Metaspace: 18823K(19008K)->18823K(19008K) NonClass: 16162K(16256K)->16162K(16256K) Class: 2660K(2752K)->2660K(2752K)
[299.232s][info][gc          ] GC(712) Pause Young (Mixed) (G1 Evacuation Pause) 878M->758M(978M) 43.899ms
[299.232s][info][gc,cpu      ] GC(712) User=0.09s Sys=0.00s Real=0.04s
[299.280s][info][gc,start    ] GC(713) Pause Young (Concurrent Start) (G1 Humongous Allocation)
[299.280s][info][gc,task     ] GC(713) Using 2 workers of 2 for evacuation
[299.312s][info][gc,phases   ] GC(713)   Pre Evacuate Collection Set: 0.29ms
[299.312s][info][gc,phases   ] GC(713)   Merge Heap Roots: 0.27ms
[299.312s][info][gc,phases   ] GC(713)   Evacuate Collection Set: 31.22ms
[299.312s][info][gc,phases   ] GC(713)   Post Evacuate Collection Set: 0.35ms
[299.312s][info][gc,phases   ] GC(713)   Other: 0.11ms
[299.312s][info][gc,heap     ] GC(713) Eden regions: 43->0(130)
[299.312s][info][gc,heap     ] GC(713) Survivor regions: 14->9(18)
[299.312s][info][gc,heap     ] GC(713) Old regions: 737->751
[299.312s][info][gc,heap     ] GC(713) Humongous regions: 8->8
[299.312s][info][gc,metaspace] GC(713) Metaspace: 18823K(19008K)->18823K(19008K) NonClass: 16162K(16256K)->16162K(16256K) Class: 2660K(2752K)->2660K(2752K)
[299.312s][info][gc          ] GC(713) Pause Young (Concurrent Start) (G1 Humongous Allocation) 801M->767M(978M) 32.465ms
[299.312s][info][gc,cpu      ] GC(713) User=0.06s Sys=0.00s Real=0.03s
[299.312s][info][gc          ] GC(714) Concurrent Mark Cycle
[299.312s][info][gc,marking  ] GC(714) Concurrent Scan Root Regions
[299.363s][info][gc,marking  ] GC(714) Concurrent Scan Root Regions 50.085ms
[299.363s][info][gc,marking  ] GC(714) Concurrent Mark
[299.363s][info][gc,marking  ] GC(714) Concurrent Mark From Roots
[299.363s][info][gc,task     ] GC(714) Using 1 workers of 1 for marking
[299.477s][info][gc,start    ] GC(715) Pause Young (Normal) (G1 Evacuation Pause)
[299.477s][info][gc,task     ] GC(715) Using 2 workers of 2 for evacuation
[299.509s][info][gc,phases   ] GC(715)   Pre Evacuate Collection Set: 0.47ms
[299.509s][info][gc,phases   ] GC(715)   Merge Heap Roots: 0.22ms
[299.509s][info][gc,phases   ] GC(715)   Evacuate Collection Set: 30.92ms
[299.509s][info][gc,phases   ] GC(715)   Post Evacuate Collection Set: 0.39ms
[299.509s][info][gc,phases   ] GC(715)   Other: 0.07ms
[299.509s][info][gc,heap     ] GC(715) Eden regions: 130->0(127)
[299.509s][info][gc,heap     ] GC(715) Survivor regions: 9->18(18)
[299.509s][info][gc,heap     ] GC(715) Old regions: 751->753
[299.509s][info][gc,heap     ] GC(715) Humongous regions: 11->11
[299.509s][info][gc,metaspace] GC(715) Metaspace: 18823K(19008K)->18823K(19008K) NonClass: 16162K(16256K)->16162K(16256K) Class: 2660K(2752K)->2660K(2752K)
[299.509s][info][gc          ] GC(715) Pause Young (Normal) (G1 Evacuation Pause) 900M->781M(978M) 32.297ms
[299.509s][info][gc,cpu      ] GC(715) User=0.06s Sys=0.00s Real=0.03s
[299.686s][info][gc,start    ] GC(716) Pause Young (Normal) (G1 Evacuation Pause)
[299.686s][info][gc,task     ] GC(716) Using 2 workers of 2 for evacuation
[299.736s][info][gc,phases   ] GC(716)   Pre Evacuate Collection Set: 0.51ms
[299.736s][info][gc,phases   ] GC(716)   Merge Heap Roots: 0.22ms
[299.736s][info][gc,phases   ] GC(716)   Evacuate Collection Set: 48.96ms
[299.736s][info][gc,phases   ] GC(716)   Post Evacuate Collection Set: 0.38ms
[299.736s][info][gc,phases   ] GC(716)   Other: 0.07ms
[299.736s][info][gc,heap     ] GC(716) Eden regions: 127->0(114)
[299.736s][info][gc,heap     ] GC(716) Survivor regions: 18->16(19)
[299.736s][info][gc,heap     ] GC(716) Old regions: 753->771
[299.736s][info][gc,heap     ] GC(716) Humongous regions: 11->11
[299.736s][info][gc,metaspace] GC(716) Metaspace: 18823K(19008K)->18823K(19008K) NonClass: 16162K(16256K)->16162K(16256K) Class: 2660K(2752K)->2660K(2752K)
[299.736s][info][gc          ] GC(716) Pause Young (Normal) (G1 Evacuation Pause) 908M->797M(978M) 50.375ms
[299.736s][info][gc,cpu      ] GC(716) User=0.10s Sys=0.00s Real=0.05s
[299.902s][info][gc,start    ] GC(717) Pause Young (Normal) (G1 Evacuation Pause)
[299.902s][info][gc,task     ] GC(717) Using 2 workers of 2 for evacuation
[299.940s][info][gc,phases   ] GC(717)   Pre Evacuate Collection Set: 0.49ms
[299.940s][info][gc,phases   ] GC(717)   Merge Heap Roots: 0.17ms
[299.940s][info][gc,phases   ] GC(717)   Evacuate Collection Set: 36.91ms
[299.940s][info][gc,phases   ] GC(717)   Post Evacuate Collection Set: 0.36ms
[299.940s][info][gc,phases   ] GC(717)   Other: 0.07ms
[299.940s][info][gc,heap     ] GC(717) Eden regions: 114->0(96)
[299.940s][info][gc,heap     ] GC(717) Survivor regions: 16->17(17)
[299.940s][info][gc,heap     ] GC(717) Old regions: 771->787
[299.940s][info][gc,heap     ] GC(717) Humongous regions: 11->11
[299.940s][info][gc,metaspace] GC(717) Metaspace: 18823K(19008K)->18823K(19008K) NonClass: 16162K(16256K)->16162K(16256K) Class: 2660K(2752K)->2660K(2752K)
[299.940s][info][gc          ] GC(717) Pause Young (Normal) (G1 Evacuation Pause) 911M->814M(978M) 38.209ms
[299.940s][info][gc,cpu      ] GC(717) User=0.08s Sys=0.00s Real=0.04s
[299.983s][info][gc,marking  ] GC(714) Concurrent Mark From Roots 620.798ms
[299.983s][info][gc,marking  ] GC(714) Concurrent Preclean
[299.984s][info][gc,marking  ] GC(714) Concurrent Preclean 0.066ms
[299.984s][info][gc,start    ] GC(714) Pause Remark
[299.992s][info][gc          ] GC(714) Pause Remark 843M->408M(978M) 8.010ms
[299.992s][info][gc,cpu      ] GC(714) User=0.01s Sys=0.00s Real=0.01s
[299.994s][info][gc,marking  ] GC(714) Concurrent Mark 630.937ms
[299.994s][info][gc,marking  ] GC(714) Concurrent Rebuild Remembered Sets and Scrub Regions
[300.068s][info][gc,start    ] GC(718) Pause Young (Normal) (G1 Evacuation Pause)
[300.069s][info][gc,task     ] GC(718) Using 2 workers of 2 for evacuation
[300.091s][info][gc,phases   ] GC(718)   Pre Evacuate Collection Set: 0.24ms
[300.091s][info][gc,phases   ] GC(718)   Merge Heap Roots: 0.15ms
[300.091s][info][gc,phases   ] GC(718)   Evacuate Collection Set: 21.89ms
[300.091s][info][gc,phases   ] GC(718)   Post Evacuate Collection Set: 0.32ms
[300.091s][info][gc,phases   ] GC(718)   Other: 0.06ms
[300.091s][info][gc,heap     ] GC(718) Eden regions: 96->0(374)
[300.091s][info][gc,heap     ] GC(718) Survivor regions: 17->4(15)
[300.091s][info][gc,heap     ] GC(718) Old regions: 358->374
[300.091s][info][gc,heap     ] GC(718) Humongous regions: 5->5
[300.091s][info][gc,metaspace] GC(718) Metaspace: 18823K(19008K)->18823K(19008K) NonClass: 16162K(16256K)->16162K(16256K) Class: 2660K(2752K)->2660K(2752K)
[300.091s][info][gc          ] GC(718) Pause Young (Normal) (G1 Evacuation Pause) 475M->383M(978M) 22.840ms
[300.091s][info][gc,cpu      ] GC(718) User=0.05s Sys=0.00s Real=0.02s
[300.237s][info][gc,marking  ] GC(714) Concurrent Rebuild Remembered Sets and Scrub Regions 243.869ms
[300.238s][info][gc,start    ] GC(714) Pause Cleanup
[300.238s][info][gc          ] GC(714) Pause Cleanup 511M->511M(978M) 0.108ms
[300.238s][info][gc,cpu      ] GC(714) User=0.00s Sys=0.00s Real=0.00s
[300.238s][info][gc,marking  ] GC(714) Concurrent Clear Claimed Marks
[300.238s][info][gc,marking  ] GC(714) Concurrent Clear Claimed Marks 0.027ms
[300.238s][info][gc,marking  ] GC(714) Concurrent Cleanup for Next Mark
[300.241s][info][gc,marking  ] GC(714) Concurrent Cleanup for Next Mark 2.797ms
[300.241s][info][gc          ] GC(714) Concurrent Mark Cycle 928.260ms
[300.495s][info][gc,start    ] GC(719) Pause Young (Prepare Mixed) (G1 Evacuation Pause)
[300.495s][info][gc,task     ] GC(719) Using 2 workers of 2 for evacuation
[300.541s][info][gc,phases   ] GC(719)   Pre Evacuate Collection Set: 0.29ms
[300.541s][info][gc,phases   ] GC(719)   Merge Heap Roots: 0.35ms
[300.541s][info][gc,phases   ] GC(719)   Evacuate Collection Set: 44.92ms
[300.541s][info][gc,phases   ] GC(719)   Post Evacuate Collection Set: 0.60ms
[300.541s][info][gc,phases   ] GC(719)   Other: 0.08ms
[300.541s][info][gc,heap     ] GC(719) Eden regions: 374->0(371)
[300.541s][info][gc,heap     ] GC(719) Survivor regions: 4->36(48)
[300.541s][info][gc,heap     ] GC(719) Old regions: 374->374
[300.541s][info][gc,heap     ] GC(719) Humongous regions: 5->5
[300.541s][info][gc,metaspace] GC(719) Metaspace: 18823K(19008K)->18823K(19008K) NonClass: 16162K(16256K)->16162K(16256K) Class: 2660K(2752K)->2660K(2752K)
[300.541s][info][gc          ] GC(719) Pause Young (Prepare Mixed) (G1 Evacuation Pause) 757M->414M(978M) 46.489ms
[300.541s][info][gc,cpu      ] GC(719) User=0.09s Sys=0.00s Real=0.05s
[301.392s][info][gc,start    ] GC(720) Pause Young (Mixed) (G1 Evacuation Pause)
[301.392s][info][gc,task     ] GC(720) Using 2 workers of 2 for evacuation
[301.448s][info][gc,phases   ] GC(720)   Pre Evacuate Collection Set: 0.56ms
[301.448s][info][gc,phases   ] GC(720)   Merge Heap Roots: 0.38ms
[301.448s][info][gc,phases   ] GC(720)   Evacuate Collection Set: 53.82ms
[301.448s][info][gc,phases   ] GC(720)   Post Evacuate Collection Set: 1.39ms
[301.448s][info][gc,phases   ] GC(720)   Other: 0.11ms
[301.448s][info][gc,heap     ] GC(720) Eden regions: 371->0(430)
[301.448s][info][gc,heap     ] GC(720) Survivor regions: 36->15(51)
[301.448s][info][gc,heap     ] GC(720) Old regions: 374->339
[301.448s][info][gc,heap     ] GC(720) Humongous regions: 5->5
[301.448s][info][gc,metaspace] GC(720) Metaspace: 18823K(19008K)->18823K(19008K) NonClass: 16162K(16256K)->16162K(16256K) Class: 2660K(2752K)->2660K(2752K)
[301.448s][info][gc          ] GC(720) Pause Young (Mixed) (G1 Evacuation Pause) 785M->358M(978M) 56.509ms
[301.448s][info][gc,cpu      ] GC(720) User=0.10s Sys=0.00s Real=0.06s
[302.287s][info][gc,start    ] GC(721) Pause Young (Concurrent Start) (G1 Evacuation Pause)
[302.287s][info][gc,task     ] GC(721) Using 2 workers of 2 for evacuation
[302.338s][info][gc,phases   ] GC(721)   Pre Evacuate Collection Set: 0.27ms
[302.338s][info][gc,phases   ] GC(721)   Merge Heap Roots: 0.81ms
[302.338s][info][gc,phases   ] GC(721)   Evacuate Collection Set: 49.02ms
[302.338s][info][gc,phases   ] GC(721)   Post Evacuate Collection Set: 0.70ms
[302.338s][info][gc,phases   ] GC(721)   Other: 0.12ms
[302.338s][info][gc,heap     ] GC(721) Eden regions: 430->0(427)
[302.338s][info][gc,heap     ] GC(721) Survivor regions: 15->39(56)
[302.338s][info][gc,heap     ] GC(721) Old regions: 339->339
[302.338s][info][gc,heap     ] GC(721) Humongous regions: 5->5
[302.338s][info][gc,metaspace] GC(721) Metaspace: 18823K(19008K)->18823K(19008K) NonClass: 16162K(16256K)->16162K(16256K) Class: 2660K(2752K)->2660K(2752K)
[302.338s][info][gc          ] GC(721) Pause Young (Concurrent Start) (G1 Evacuation Pause) 788M->383M(978M) 51.126ms
[302.338s][info][gc,cpu      ] GC(721) User=0.10s Sys=0.00s Real=0.05s
[302.339s][info][gc          ] GC(722) Concurrent Mark Cycle
[302.339s][info][gc,marking  ] GC(722) Concurrent Scan Root Regions
[302.365s][info][gc,marking  ] GC(722) Concurrent Scan Root Regions 26.143ms
[302.365s][info][gc,marking  ] GC(722) Concurrent Mark
[302.365s][info][gc,marking  ] GC(722) Concurrent Mark From Roots
[302.365s][info][gc,task     ] GC(722) Using 1 workers of 1 for marking
[302.950s][info][gc,start    ] GC(723) Pause Young (Normal) (G1 Evacuation Pause)
[302.950s][info][gc,task     ] GC(723) Using 2 workers of 2 for evacuation
[303.064s][info][gc,phases   ] GC(723)   Pre Evacuate Collection Set: 0.49ms
[303.064s][info][gc,phases   ] GC(723)   Merge Heap Roots: 0.24ms
[303.064s][info][gc,phases   ] GC(723)   Evacuate Collection Set: 111.90ms
[303.064s][info][gc,phases   ] GC(723)   Post Evacuate Collection Set: 0.95ms
[303.064s][info][gc,phases   ] GC(723)   Other: 0.10ms
[303.064s][info][gc,heap     ] GC(723) Eden regions: 427->0(350)
[303.064s][info][gc,heap     ] GC(723) Survivor regions: 39->59(59)
[303.064s][info][gc,heap     ] GC(723) Old regions: 339->407
[303.064s][info][gc,heap     ] GC(723) Humongous regions: 5->5
[303.064s][info][gc,metaspace] GC(723) Metaspace: 18823K(19008K)->18823K(19008K) NonClass: 16163K(16256K)->16163K(16256K) Class: 2660K(2752K)->2660K(2752K)
[303.064s][info][gc          ] GC(723) Pause Young (Normal) (G1 Evacuation Pause) 810M->471M(978M) 113.935ms
[303.064s][info][gc,cpu      ] GC(723) User=0.22s Sys=0.00s Real=0.11s
[303.433s][info][gc,marking  ] GC(722) Concurrent Mark From Roots 1067.986ms
[303.433s][info][gc,marking  ] GC(722) Concurrent Preclean
[303.433s][info][gc,marking  ] GC(722) Concurrent Preclean 0.030ms
[303.435s][info][gc,start    ] GC(722) Pause Remark
[303.443s][info][gc          ] GC(722) Pause Remark 748M->729M(978M) 7.540ms
[303.443s][info][gc,cpu      ] GC(722) User=0.02s Sys=0.00s Real=0.01s
[303.443s][info][gc,marking  ] GC(722) Concurrent Mark 1077.917ms
[303.443s][info][gc,marking  ] GC(722) Concurrent Rebuild Remembered Sets and Scrub Regions
[303.534s][info][gc,start    ] GC(724) Pause Young (Normal) (G1 Evacuation Pause)
[303.534s][info][gc,task     ] GC(724) Using 2 workers of 2 for evacuation
[303.670s][info][gc,phases   ] GC(724)   Pre Evacuate Collection Set: 0.48ms
[303.670s][info][gc,phases   ] GC(724)   Merge Heap Roots: 0.53ms
[303.670s][info][gc,phases   ] GC(724)   Evacuate Collection Set: 133.91ms
[303.670s][info][gc,phases   ] GC(724)   Post Evacuate Collection Set: 0.72ms
[303.670s][info][gc,phases   ] GC(724)   Other: 0.10ms
[303.670s][info][gc,heap     ] GC(724) Eden regions: 350->0(328)
[303.670s][info][gc,heap     ] GC(724) Survivor regions: 59->51(52)
[303.670s][info][gc,heap     ] GC(724) Old regions: 389->449
[303.670s][info][gc,heap     ] GC(724) Humongous regions: 8->8
[303.670s][info][gc,metaspace] GC(724) Metaspace: 18823K(19008K)->18823K(19008K) NonClass: 16163K(16256K)->16163K(16256K) Class: 2660K(2752K)->2660K(2752K)
[303.670s][info][gc          ] GC(724) Pause Young (Normal) (G1 Evacuation Pause) 806M->507M(978M) 135.990ms
[303.670s][info][gc,cpu      ] GC(724) User=0.27s Sys=0.00s Real=0.14s
[303.937s][info][gc,marking  ] GC(722) Concurrent Rebuild Remembered Sets and Scrub Regions 493.891ms
[303.937s][info][gc,start    ] GC(722) Pause Cleanup
[303.937s][info][gc          ] GC(722) Pause Cleanup 722M->722M(978M) 0.082ms
[303.937s][info][gc,cpu      ] GC(722) User=0.00s Sys=0.00s Real=0.00s
[303.938s][info][gc,marking  ] GC(722) Concurrent Clear Claimed Marks
[303.938s][info][gc,marking  ] GC(722) Concurrent Clear Claimed Marks 0.047ms
[303.938s][info][gc,marking  ] GC(722) Concurrent Cleanup for Next Mark
[303.941s][info][gc,marking  ] GC(722) Concurrent Cleanup for Next Mark 2.918ms
[303.941s][info][gc          ] GC(722) Concurrent Mark Cycle 1602.723ms
[304.004s][info][gc,start    ] GC(725) Pause Young (Prepare Mixed) (G1 Evacuation Pause)
[304.004s][info][gc,task     ] GC(725) Using 2 workers of 2 for evacuation
[304.112s][info][gc,phases   ] GC(725)   Pre Evacuate Collection Set: 0.28ms
[304.112s][info][gc,phases   ] GC(725)   Merge Heap Roots: 0.46ms
[304.112s][info][gc,phases   ] GC(725)   Evacuate Collection Set: 106.35ms
[304.112s][info][gc,phases   ] GC(725)   Post Evacuate Collection Set: 0.64ms
[304.112s][info][gc,phases   ] GC(725)   Other: 0.09ms
[304.112s][info][gc,heap     ] GC(725) Eden regions: 328->0(308)
[304.112s][info][gc,heap     ] GC(725) Survivor regions: 51->35(48)
[304.112s][info][gc,heap     ] GC(725) Old regions: 449->500
[304.112s][info][gc,heap     ] GC(725) Humongous regions: 8->8
[304.112s][info][gc,metaspace] GC(725) Metaspace: 18825K(19008K)->18825K(19008K) NonClass: 16165K(16256K)->16165K(16256K) Class: 2660K(2752K)->2660K(2752K)
[304.112s][info][gc          ] GC(725) Pause Young (Prepare Mixed) (G1 Evacuation Pause) 835M->542M(978M) 108.018ms
[304.112s][info][gc,cpu      ] GC(725) User=0.21s Sys=0.00s Real=0.11s
[304.408s][info][gc,start    ] GC(726) Pause Young (Mixed) (G1 Evacuation Pause)
[304.408s][info][gc,task     ] GC(726) Using 2 workers of 2 for evacuation
[304.486s][info][gc,phases   ] GC(726)   Pre Evacuate Collection Set: 0.53ms
[304.486s][info][gc,phases   ] GC(726)   Merge Heap Roots: 0.64ms
[304.486s][info][gc,phases   ] GC(726)   Evacuate Collection Set: 76.69ms
[304.486s][info][gc,phases   ] GC(726)   Post Evacuate Collection Set: 0.60ms
[304.486s][info][gc,phases   ] GC(726)   Other: 0.09ms
[304.486s][info][gc,heap     ] GC(726) Eden regions: 308->0(319)
[304.486s][info][gc,heap     ] GC(726) Survivor regions: 35->12(43)
[304.486s][info][gc,heap     ] GC(726) Old regions: 500->526
[304.486s][info][gc,heap     ] GC(726) Humongous regions: 8->8
[304.486s][info][gc,metaspace] GC(726) Metaspace: 18830K(19008K)->18830K(19008K) NonClass: 16170K(16256K)->16170K(16256K) Class: 2660K(2752K)->2660K(2752K)
[304.486s][info][gc          ] GC(726) Pause Young (Mixed) (G1 Evacuation Pause) 850M->545M(978M) 78.748ms
[304.486s][info][gc,cpu      ] GC(726) User=0.16s Sys=0.00s Real=0.07s
[304.892s][info][gc,start    ] GC(727) Pause Young (Concurrent Start) (G1 Evacuation Pause)
[304.892s][info][gc,task     ] GC(727) Using 2 workers of 2 for evacuation
[304.956s][info][gc,phases   ] GC(727)   Pre Evacuate Collection Set: 0.33ms
[304.956s][info][gc,phases   ] GC(727)   Merge Heap Roots: 0.47ms
[304.956s][info][gc,phases   ] GC(727)   Evacuate Collection Set: 62.07ms
[304.956s][info][gc,phases   ] GC(727)   Post Evacuate Collection Set: 0.60ms
[304.956s][info][gc,phases   ] GC(727)   Other: 0.11ms
[304.956s][info][gc,heap     ] GC(727) Eden regions: 319->0(284)
[304.956s][info][gc,heap     ] GC(727) Survivor regions: 12->42(42)
[304.956s][info][gc,heap     ] GC(727) Old regions: 526->536
[304.956s][info][gc,heap     ] GC(727) Humongous regions: 8->8
[304.956s][info][gc,metaspace] GC(727) Metaspace: 18833K(19008K)->18833K(19008K) NonClass: 16173K(16256K)->16173K(16256K) Class: 2660K(2752K)->2660K(2752K)
[304.956s][info][gc          ] GC(727) Pause Young (Concurrent Start) (G1 Evacuation Pause) 864M->585M(978M) 63.886ms
[304.956s][info][gc,cpu      ] GC(727) User=0.12s Sys=0.00s Real=0.06s
[304.956s][info][gc          ] GC(728) Concurrent Mark Cycle
[304.958s][info][gc,marking  ] GC(728) Concurrent Scan Root Regions
[305.043s][info][gc,marking  ] GC(728) Concurrent Scan Root Regions 85.175ms
[305.043s][info][gc,marking  ] GC(728) Concurrent Mark
[305.043s][info][gc,marking  ] GC(728) Concurrent Mark From Roots
[305.043s][info][gc,task     ] GC(728) Using 1 workers of 1 for marking
[305.459s][info][gc,start    ] GC(729) Pause Young (Normal) (G1 Evacuation Pause)
[305.459s][info][gc,task     ] GC(729) Using 2 workers of 2 for evacuation
[305.568s][info][gc,phases   ] GC(729)   Pre Evacuate Collection Set: 0.49ms
[305.568s][info][gc,phases   ] GC(729)   Merge Heap Roots: 0.29ms
[305.568s][info][gc,phases   ] GC(729)   Evacuate Collection Set: 105.93ms
[305.568s][info][gc,phases   ] GC(729)   Post Evacuate Collection Set: 1.74ms
[305.568s][info][gc,phases   ] GC(729)   Other: 0.09ms
[305.568s][info][gc,heap     ] GC(729) Eden regions: 284->0(202)
[305.568s][info][gc,heap     ] GC(729) Survivor regions: 42->41(41)
[305.568s][info][gc,heap     ] GC(729) Old regions: 536->617
[305.568s][info][gc,heap     ] GC(729) Humongous regions: 8->8
[305.568s][info][gc,metaspace] GC(729) Metaspace: 18835K(19008K)->18835K(19008K) NonClass: 16175K(16256K)->16175K(16256K) Class: 2660K(2752K)->2660K(2752K)
[305.568s][info][gc          ] GC(729) Pause Young (Normal) (G1 Evacuation Pause) (Evacuation Failure: Allocation) 869M->666M(978M) 108.755ms
[305.568s][info][gc,cpu      ] GC(729) User=0.21s Sys=0.00s Real=0.11s
[306.088s][info][gc,start    ] GC(730) Pause Young (Normal) (G1 Evacuation Pause)
[306.088s][info][gc,task     ] GC(730) Using 2 workers of 2 for evacuation
[306.173s][info][gc,phases   ] GC(730)   Pre Evacuate Collection Set: 0.50ms
[306.173s][info][gc,phases   ] GC(730)   Merge Heap Roots: 0.51ms
[306.173s][info][gc,phases   ] GC(730)   Evacuate Collection Set: 82.51ms
[306.173s][info][gc,phases   ] GC(730)   Post Evacuate Collection Set: 0.62ms
[306.173s][info][gc,phases   ] GC(730)   Other: 0.09ms
[306.173s][info][gc,heap     ] GC(730) Eden regions: 202->0(195)
[306.173s][info][gc,heap     ] GC(730) Survivor regions: 41->24(31)
[306.173s][info][gc,heap     ] GC(730) Old regions: 617->649
[306.173s][info][gc,heap     ] GC(730) Humongous regions: 11->11
[306.173s][info][gc,metaspace] GC(730) Metaspace: 18835K(19008K)->18835K(19008K) NonClass: 16175K(16256K)->16175K(16256K) Class: 2660K(2752K)->2660K(2752K)
[306.173s][info][gc          ] GC(730) Pause Young (Normal) (G1 Evacuation Pause) 871M->683M(978M) 84.491ms
[306.173s][info][gc,cpu      ] GC(730) User=0.16s Sys=0.00s Real=0.08s
[306.301s][info][gc,marking  ] GC(728) Concurrent Mark From Roots 1257.417ms
[306.301s][info][gc,marking  ] GC(728) Concurrent Preclean
[306.301s][info][gc,marking  ] GC(728) Concurrent Preclean 0.032ms
[306.301s][info][gc,start    ] GC(728) Pause Remark
[306.308s][info][gc          ] GC(728) Pause Remark 745M->641M(978M) 7.602ms
[306.308s][info][gc,cpu      ] GC(728) User=0.02s Sys=0.00s Real=0.01s
[306.311s][info][gc,marking  ] GC(728) Concurrent Mark 1267.834ms
[306.311s][info][gc,marking  ] GC(728) Concurrent Rebuild Remembered Sets and Scrub Regions
[306.612s][info][gc,start    ] GC(731) Pause Young (Normal) (G1 Evacuation Pause)
[306.612s][info][gc,task     ] GC(731) Using 2 workers of 2 for evacuation
[306.689s][info][gc,phases   ] GC(731)   Pre Evacuate Collection Set: 0.26ms
[306.689s][info][gc,phases   ] GC(731)   Merge Heap Roots: 0.39ms
[306.689s][info][gc,phases   ] GC(731)   Evacuate Collection Set: 75.90ms
[306.689s][info][gc,phases   ] GC(731)   Post Evacuate Collection Set: 0.44ms
[306.689s][info][gc,phases   ] GC(731)   Other: 0.09ms
[306.689s][info][gc,heap     ] GC(731) Eden regions: 195->0(245)
[306.689s][info][gc,heap     ] GC(731) Survivor regions: 24->28(28)
[306.690s][info][gc,heap     ] GC(731) Old regions: 548->578
[306.690s][info][gc,heap     ] GC(731) Humongous regions: 8->8
[306.690s][info][gc,metaspace] GC(731) Metaspace: 18835K(19008K)->18835K(19008K) NonClass: 16175K(16256K)->16175K(16256K) Class: 2660K(2752K)->2660K(2752K)
[306.690s][info][gc          ] GC(731) Pause Young (Normal) (G1 Evacuation Pause) 774M->614M(978M) 77.315ms
[306.690s][info][gc,cpu      ] GC(731) User=0.16s Sys=0.01s Real=0.08s
[306.797s][info][gc,marking  ] GC(728) Concurrent Rebuild Remembered Sets and Scrub Regions 486.218ms
[306.797s][info][gc,start    ] GC(728) Pause Cleanup
[306.798s][info][gc          ] GC(728) Pause Cleanup 666M->666M(978M) 0.121ms
[306.798s][info][gc,cpu      ] GC(728) User=0.00s Sys=0.00s Real=0.00s
[306.799s][info][gc,marking  ] GC(728) Concurrent Clear Claimed Marks
[306.799s][info][gc,marking  ] GC(728) Concurrent Clear Claimed Marks 0.038ms
[306.799s][info][gc,marking  ] GC(728) Concurrent Cleanup for Next Mark
[306.802s][info][gc,marking  ] GC(728) Concurrent Cleanup for Next Mark 2.830ms
[306.802s][info][gc          ] GC(728) Concurrent Mark Cycle 1845.707ms
[306.984s][info][gc,start    ] GC(732) Pause Young (Prepare Mixed) (G1 Evacuation Pause)
[306.984s][info][gc,task     ] GC(732) Using 2 workers of 2 for evacuation
[307.019s][info][gc,phases   ] GC(732)   Pre Evacuate Collection Set: 0.28ms
[307.019s][info][gc,phases   ] GC(732)   Merge Heap Roots: 0.21ms
[307.019s][info][gc,phases   ] GC(732)   Evacuate Collection Set: 34.23ms
[307.019s][info][gc,phases   ] GC(732)   Post Evacuate Collection Set: 0.47ms
[307.019s][info][gc,phases   ] GC(732)   Other: 0.09ms
[307.019s][info][gc,heap     ] GC(732) Eden regions: 245->0(258)
[307.019s][info][gc,heap     ] GC(732) Survivor regions: 28->5(35)
[307.019s][info][gc,heap     ] GC(732) Old regions: 578->607
[307.019s][info][gc,heap     ] GC(732) Humongous regions: 8->8
[307.019s][info][gc,metaspace] GC(732) Metaspace: 18835K(19008K)->18835K(19008K) NonClass: 16175K(16256K)->16175K(16256K) Class: 2660K(2752K)->2660K(2752K)
[307.019s][info][gc          ] GC(732) Pause Young (Prepare Mixed) (G1 Evacuation Pause) 859M->619M(978M) 35.507ms
[307.019s][info][gc,cpu      ] GC(732) User=0.07s Sys=0.00s Real=0.04s
[307.393s][info][gc,start    ] GC(733) Pause Young (Mixed) (G1 Evacuation Pause)
[307.393s][info][gc,task     ] GC(733) Using 2 workers of 2 for evacuation
[307.437s][info][gc,phases   ] GC(733)   Pre Evacuate Collection Set: 0.56ms
[307.437s][info][gc,phases   ] GC(733)   Merge Heap Roots: 0.65ms
[307.437s][info][gc,phases   ] GC(733)   Evacuate Collection Set: 42.30ms
[307.437s][info][gc,phases   ] GC(733)   Post Evacuate Collection Set: 0.54ms
[307.437s][info][gc,phases   ] GC(733)   Other: 0.09ms
[307.437s][info][gc,heap     ] GC(733) Eden regions: 258->0(282)
[307.437s][info][gc,heap     ] GC(733) Survivor regions: 5->21(33)
[307.437s][info][gc,heap     ] GC(733) Old regions: 607->567
[307.437s][info][gc,heap     ] GC(733) Humongous regions: 8->8
[307.437s][info][gc,metaspace] GC(733) Metaspace: 18837K(19008K)->18837K(19008K) NonClass: 16177K(16256K)->16177K(16256K) Class: 2660K(2752K)->2660K(2752K)
[307.437s][info][gc          ] GC(733) Pause Young (Mixed) (G1 Evacuation Pause) 877M->595M(978M) 44.427ms
[307.437s][info][gc,cpu      ] GC(733) User=0.09s Sys=0.00s Real=0.05s
[307.792s][info][gc,start    ] GC(734) Pause Young (Concurrent Start) (G1 Evacuation Pause)
[307.792s][info][gc,task     ] GC(734) Using 2 workers of 2 for evacuation
[307.887s][info][gc,phases   ] GC(734)   Pre Evacuate Collection Set: 0.36ms
[307.887s][info][gc,phases   ] GC(734)   Merge Heap Roots: 0.30ms
[307.887s][info][gc,phases   ] GC(734)   Evacuate Collection Set: 93.03ms
[307.887s][info][gc,phases   ] GC(734)   Post Evacuate Collection Set: 0.83ms
[307.887s][info][gc,phases   ] GC(734)   Other: 0.12ms
[307.887s][info][gc,heap     ] GC(734) Eden regions: 282->0(200)
[307.887s][info][gc,heap     ] GC(734) Survivor regions: 21->38(38)
[307.887s][info][gc,heap     ] GC(734) Old regions: 567->624
[307.887s][info][gc,heap     ] GC(734) Humongous regions: 8->8
[307.887s][info][gc,metaspace] GC(734) Metaspace: 18837K(19008K)->18837K(19008K) NonClass: 16177K(16256K)->16177K(16256K) Class: 2660K(2752K)->2660K(2752K)
[307.887s][info][gc          ] GC(734) Pause Young (Concurrent Start) (G1 Evacuation Pause) 877M->669M(978M) 94.955ms
[307.887s][info][gc,cpu      ] GC(734) User=0.18s Sys=0.00s Real=0.09s
[307.887s][info][gc          ] GC(735) Concurrent Mark Cycle
[307.887s][info][gc,marking  ] GC(735) Concurrent Scan Root Regions
[308.010s][info][gc,marking  ] GC(735) Concurrent Scan Root Regions 123.065ms
[308.010s][info][gc,marking  ] GC(735) Concurrent Mark
[308.010s][info][gc,marking  ] GC(735) Concurrent Mark From Roots
[308.010s][info][gc,task     ] GC(735) Using 1 workers of 1 for marking
[308.368s][info][gc,start    ] GC(736) Pause Young (Normal) (G1 Evacuation Pause)
[308.368s][info][gc,task     ] GC(736) Using 2 workers of 2 for evacuation
[308.441s][info][gc,phases   ] GC(736)   Pre Evacuate Collection Set: 0.32ms
[308.441s][info][gc,phases   ] GC(736)   Merge Heap Roots: 0.56ms
[308.441s][info][gc,phases   ] GC(736)   Evacuate Collection Set: 70.91ms
[308.441s][info][gc,phases   ] GC(736)   Post Evacuate Collection Set: 0.46ms
[308.441s][info][gc,phases   ] GC(736)   Other: 0.10ms
[308.441s][info][gc,heap     ] GC(736) Eden regions: 200->0(193)
[308.441s][info][gc,heap     ] GC(736) Survivor regions: 38->20(30)
[308.441s][info][gc,heap     ] GC(736) Old regions: 624->662
[308.441s][info][gc,heap     ] GC(736) Humongous regions: 8->8
[308.441s][info][gc,metaspace] GC(736) Metaspace: 18837K(19008K)->18837K(19008K) NonClass: 16177K(16256K)->16177K(16256K) Class: 2660K(2752K)->2660K(2752K)
[308.441s][info][gc          ] GC(736) Pause Young (Normal) (G1 Evacuation Pause) 869M->689M(978M) 72.614ms
[308.441s][info][gc,cpu      ] GC(736) User=0.15s Sys=0.00s Real=0.07s
[308.919s][info][gc,start    ] GC(737) Pause Young (Normal) (G1 Evacuation Pause)
[308.919s][info][gc,task     ] GC(737) Using 2 workers of 2 for evacuation
[308.992s][info][gc,phases   ] GC(737)   Pre Evacuate Collection Set: 0.29ms
[308.992s][info][gc,phases   ] GC(737)   Merge Heap Roots: 0.32ms
[308.992s][info][gc,phases   ] GC(737)   Evacuate Collection Set: 71.72ms
[308.992s][info][gc,phases   ] GC(737)   Post Evacuate Collection Set: 0.53ms
[308.992s][info][gc,phases   ] GC(737)   Other: 0.10ms
[308.992s][info][gc,heap     ] GC(737) Eden regions: 193->0(159)
[308.992s][info][gc,heap     ] GC(737) Survivor regions: 20->27(27)
[308.992s][info][gc,heap     ] GC(737) Old regions: 662->692
[308.992s][info][gc,heap     ] GC(737) Humongous regions: 11->11
[308.992s][info][gc,metaspace] GC(737) Metaspace: 18837K(19008K)->18837K(19008K) NonClass: 16177K(16256K)->16177K(16256K) Class: 2660K(2752K)->2660K(2752K)
[308.992s][info][gc          ] GC(737) Pause Young (Normal) (G1 Evacuation Pause) 885M->729M(978M) 73.227ms
[308.992s][info][gc,cpu      ] GC(737) User=0.14s Sys=0.00s Real=0.07s
[308.995s][info][gc,marking  ] GC(735) Concurrent Mark From Roots 984.572ms
[308.995s][info][gc,marking  ] GC(735) Concurrent Preclean
[308.995s][info][gc,marking  ] GC(735) Concurrent Preclean 0.028ms
[308.997s][info][gc,start    ] GC(735) Pause Remark
[309.005s][info][gc          ] GC(735) Pause Remark 732M->564M(978M) 7.563ms
[309.005s][info][gc,cpu      ] GC(735) User=0.02s Sys=0.00s Real=0.00s
[309.005s][info][gc,marking  ] GC(735) Concurrent Mark 994.675ms
[309.005s][info][gc,marking  ] GC(735) Concurrent Rebuild Remembered Sets and Scrub Regions
[309.278s][info][gc,start    ] GC(738) Pause Young (Normal) (G1 Evacuation Pause)
[309.278s][info][gc,task     ] GC(738) Using 2 workers of 2 for evacuation
[309.337s][info][gc,phases   ] GC(738)   Pre Evacuate Collection Set: 0.45ms
[309.337s][info][gc,phases   ] GC(738)   Merge Heap Roots: 0.58ms
[309.337s][info][gc,phases   ] GC(738)   Evacuate Collection Set: 57.29ms
[309.337s][info][gc,phases   ] GC(738)   Post Evacuate Collection Set: 0.43ms
[309.337s][info][gc,phases   ] GC(738)   Other: 0.09ms
[309.337s][info][gc,heap     ] GC(738) Eden regions: 159->0(270)
[309.337s][info][gc,heap     ] GC(738) Survivor regions: 27->18(24)
[309.337s][info][gc,heap     ] GC(738) Old regions: 528->555
[309.337s][info][gc,heap     ] GC(738) Humongous regions: 7->7
[309.337s][info][gc,metaspace] GC(738) Metaspace: 18837K(19008K)->18837K(19008K) NonClass: 16177K(16256K)->16177K(16256K) Class: 2660K(2752K)->2660K(2752K)
[309.337s][info][gc          ] GC(738) Pause Young (Normal) (G1 Evacuation Pause) 720M->580M(978M) 59.135ms
[309.337s][info][gc,cpu      ] GC(738) User=0.11s Sys=0.00s Real=0.06s
[309.570s][info][gc,marking  ] GC(735) Concurrent Rebuild Remembered Sets and Scrub Regions 564.940ms
[309.570s][info][gc,start    ] GC(735) Pause Cleanup
[309.570s][info][gc          ] GC(735) Pause Cleanup 775M->775M(978M) 0.148ms
[309.570s][info][gc,cpu      ] GC(735) User=0.00s Sys=0.00s Real=0.00s
[309.570s][info][gc,marking  ] GC(735) Concurrent Clear Claimed Marks
[309.570s][info][gc,marking  ] GC(735) Concurrent Clear Claimed Marks 0.037ms
[309.570s][info][gc,marking  ] GC(735) Concurrent Cleanup for Next Mark
[309.577s][info][gc,marking  ] GC(735) Concurrent Cleanup for Next Mark 6.890ms
[309.577s][info][gc          ] GC(735) Concurrent Mark Cycle 1690.560ms
[309.659s][info][gc,start    ] GC(739) Pause Young (Prepare Mixed) (G1 Evacuation Pause)
[309.659s][info][gc,task     ] GC(739) Using 2 workers of 2 for evacuation
[309.688s][info][gc,phases   ] GC(739)   Pre Evacuate Collection Set: 0.31ms
[309.688s][info][gc,phases   ] GC(739)   Merge Heap Roots: 0.21ms
[309.688s][info][gc,phases   ] GC(739)   Evacuate Collection Set: 28.31ms
[309.688s][info][gc,phases   ] GC(739)   Post Evacuate Collection Set: 0.52ms
[309.688s][info][gc,phases   ] GC(739)   Other: 0.10ms
[309.688s][info][gc,heap     ] GC(739) Eden regions: 270->0(285)
[309.688s][info][gc,heap     ] GC(739) Survivor regions: 18->23(36)
[309.688s][info][gc,heap     ] GC(739) Old regions: 555->555
[309.688s][info][gc,heap     ] GC(739) Humongous regions: 7->7
[309.688s][info][gc,metaspace] GC(739) Metaspace: 18837K(19008K)->18837K(19008K) NonClass: 16177K(16256K)->16177K(16256K) Class: 2660K(2752K)->2660K(2752K)
[309.688s][info][gc          ] GC(739) Pause Young (Prepare Mixed) (G1 Evacuation Pause) 850M->584M(978M) 29.687ms
[309.688s][info][gc,cpu      ] GC(739) User=0.05s Sys=0.00s Real=0.03s
[310.149s][info][gc,start    ] GC(740) Pause Young (Mixed) (G1 Evacuation Pause)
[310.149s][info][gc,task     ] GC(740) Using 2 workers of 2 for evacuation
[310.210s][info][gc,phases   ] GC(740)   Pre Evacuate Collection Set: 0.31ms
[310.210s][info][gc,phases   ] GC(740)   Merge Heap Roots: 0.41ms
[310.210s][info][gc,phases   ] GC(740)   Evacuate Collection Set: 59.08ms
[310.210s][info][gc,phases   ] GC(740)   Post Evacuate Collection Set: 0.57ms
[310.210s][info][gc,phases   ] GC(740)   Other: 0.10ms
[310.210s][info][gc,heap     ] GC(740) Eden regions: 285->0(306)
[310.210s][info][gc,heap     ] GC(740) Survivor regions: 23->32(39)
[310.210s][info][gc,heap     ] GC(740) Old regions: 555->525
[310.210s][info][gc,heap     ] GC(740) Humongous regions: 7->7
[310.210s][info][gc,metaspace] GC(740) Metaspace: 18837K(19008K)->18837K(19008K) NonClass: 16177K(16256K)->16177K(16256K) Class: 2660K(2752K)->2660K(2752K)
[310.210s][info][gc          ] GC(740) Pause Young (Mixed) (G1 Evacuation Pause) 869M->563M(978M) 60.732ms
[310.210s][info][gc,cpu      ] GC(740) User=0.12s Sys=0.00s Real=0.06s
[310.958s][info][gc,start    ] GC(741) Pause Young (Concurrent Start) (G1 Evacuation Pause)
[310.958s][info][gc,task     ] GC(741) Using 2 workers of 2 for evacuation
[311.003s][info][gc,phases   ] GC(741)   Pre Evacuate Collection Set: 0.39ms
[311.003s][info][gc,phases   ] GC(741)   Merge Heap Roots: 0.53ms
[311.003s][info][gc,phases   ] GC(741)   Evacuate Collection Set: 43.85ms
[311.003s][info][gc,phases   ] GC(741)   Post Evacuate Collection Set: 0.51ms
[311.003s][info][gc,phases   ] GC(741)   Other: 0.13ms
[311.003s][info][gc,heap     ] GC(741) Eden regions: 306->0(324)
[311.003s][info][gc,heap     ] GC(741) Survivor regions: 32->1(43)
[311.003s][info][gc,heap     ] GC(741) Old regions: 525->556
[311.003s][info][gc,heap     ] GC(741) Humongous regions: 7->7
[311.003s][info][gc,metaspace] GC(741) Metaspace: 18837K(19008K)->18837K(19008K) NonClass: 16177K(16256K)->16177K(16256K) Class: 2660K(2752K)->2660K(2752K)
[311.003s][info][gc          ] GC(741) Pause Young (Concurrent Start) (G1 Evacuation Pause) 869M->564M(978M) 45.670ms
[311.003s][info][gc          ] GC(742) Concurrent Mark Cycle
[311.003s][info][gc,marking  ] GC(742) Concurrent Scan Root Regions
[311.004s][info][gc,cpu      ] GC(741) User=0.09s Sys=0.00s Real=0.04s
[311.060s][info][gc,marking  ] GC(742) Concurrent Scan Root Regions 56.951ms
[311.060s][info][gc,marking  ] GC(742) Concurrent Mark
[311.060s][info][gc,marking  ] GC(742) Concurrent Mark From Roots
[311.060s][info][gc,task     ] GC(742) Using 1 workers of 1 for marking
[311.679s][info][gc,start    ] GC(743) Pause Young (Normal) (G1 Evacuation Pause)
[311.679s][info][gc,task     ] GC(743) Using 2 workers of 2 for evacuation
[311.746s][info][gc,phases   ] GC(743)   Pre Evacuate Collection Set: 0.51ms
[311.746s][info][gc,phases   ] GC(743)   Merge Heap Roots: 0.13ms
[311.746s][info][gc,phases   ] GC(743)   Evacuate Collection Set: 64.82ms
[311.746s][info][gc,phases   ] GC(743)   Post Evacuate Collection Set: 0.72ms
[311.746s][info][gc,phases   ] GC(743)   Other: 0.08ms
[311.746s][info][gc,heap     ] GC(743) Eden regions: 324->0(238)
[311.746s][info][gc,heap     ] GC(743) Survivor regions: 1->41(41)
[311.746s][info][gc,heap     ] GC(743) Old regions: 556->588
[311.746s][info][gc,heap     ] GC(743) Humongous regions: 7->7
[311.746s][info][gc,metaspace] GC(743) Metaspace: 18837K(19008K)->18837K(19008K) NonClass: 16177K(16256K)->16177K(16256K) Class: 2660K(2752K)->2660K(2752K)
[311.746s][info][gc          ] GC(743) Pause Young (Normal) (G1 Evacuation Pause) 888M->636M(978M) 66.485ms
[311.746s][info][gc,cpu      ] GC(743) User=0.14s Sys=0.00s Real=0.06s
[312.166s][info][gc,start    ] GC(744) Pause Young (Normal) (G1 Evacuation Pause)
[312.166s][info][gc,task     ] GC(744) Using 2 workers of 2 for evacuation
[312.266s][info][gc,phases   ] GC(744)   Pre Evacuate Collection Set: 0.30ms
[312.266s][info][gc,phases   ] GC(744)   Merge Heap Roots: 0.41ms
[312.266s][info][gc,phases   ] GC(744)   Evacuate Collection Set: 98.29ms
[312.266s][info][gc,phases   ] GC(744)   Post Evacuate Collection Set: 0.61ms
[312.266s][info][gc,phases   ] GC(744)   Other: 0.08ms
[312.266s][info][gc,heap     ] GC(744) Eden regions: 238->0(200)
[312.266s][info][gc,heap     ] GC(744) Survivor regions: 41->35(35)
[312.266s][info][gc,heap     ] GC(744) Old regions: 588->635
[312.266s][info][gc,heap     ] GC(744) Humongous regions: 10->10
[312.266s][info][gc,metaspace] GC(744) Metaspace: 18837K(19008K)->18837K(19008K) NonClass: 16177K(16256K)->16177K(16256K) Class: 2660K(2752K)->2660K(2752K)
[312.266s][info][gc          ] GC(744) Pause Young (Normal) (G1 Evacuation Pause) 877M->679M(978M) 99.988ms
[312.266s][info][gc,cpu      ] GC(744) User=0.20s Sys=0.00s Real=0.10s
[312.572s][info][gc,start    ] GC(745) Pause Young (Normal) (G1 Evacuation Pause)
[312.572s][info][gc,task     ] GC(745) Using 2 workers of 2 for evacuation
[312.635s][info][gc,phases   ] GC(745)   Pre Evacuate Collection Set: 0.29ms
[312.635s][info][gc,phases   ] GC(745)   Merge Heap Roots: 0.31ms
[312.635s][info][gc,phases   ] GC(745)   Evacuate Collection Set: 62.20ms
[312.635s][info][gc,phases   ] GC(745)   Post Evacuate Collection Set: 0.45ms
[312.635s][info][gc,phases   ] GC(745)   Other: 0.08ms
[312.635s][info][gc,heap     ] GC(745) Eden regions: 200->0(194)
[312.635s][info][gc,heap     ] GC(745) Survivor regions: 35->17(30)
[312.635s][info][gc,heap     ] GC(745) Old regions: 635->670
[312.635s][info][gc,heap     ] GC(745) Humongous regions: 10->10
[312.635s][info][gc,metaspace] GC(745) Metaspace: 18837K(19008K)->18837K(19008K) NonClass: 16177K(16256K)->16177K(16256K) Class: 2660K(2752K)->2660K(2752K)
[312.635s][info][gc          ] GC(745) Pause Young (Normal) (G1 Evacuation Pause) 879M->697M(978M) 63.622ms
[312.635s][info][gc,cpu      ] GC(745) User=0.12s Sys=0.00s Real=0.06s
[312.738s][info][gc,marking  ] GC(742) Concurrent Mark From Roots 1677.543ms
[312.738s][info][gc,marking  ] GC(742) Concurrent Preclean
[312.738s][info][gc,marking  ] GC(742) Concurrent Preclean 0.030ms
[312.738s][info][gc,start    ] GC(742) Pause Remark
[312.746s][info][gc          ] GC(742) Pause Remark 759M->743M(978M) 7.467ms
[312.746s][info][gc,cpu      ] GC(742) User=0.02s Sys=0.00s Real=0.00s
[312.748s][info][gc,marking  ] GC(742) Concurrent Mark 1687.219ms
[312.748s][info][gc,marking  ] GC(742) Concurrent Rebuild Remembered Sets and Scrub Regions
[312.957s][info][gc,start    ] GC(746) Pause Young (Normal) (G1 Evacuation Pause)
[312.958s][info][gc,task     ] GC(746) Using 2 workers of 2 for evacuation
[312.984s][info][gc,phases   ] GC(746)   Pre Evacuate Collection Set: 0.28ms
[312.984s][info][gc,phases   ] GC(746)   Merge Heap Roots: 0.21ms
[312.984s][info][gc,phases   ] GC(746)   Evacuate Collection Set: 25.66ms
[312.984s][info][gc,phases   ] GC(746)   Post Evacuate Collection Set: 0.39ms
[312.984s][info][gc,phases   ] GC(746)   Other: 0.08ms
[312.984s][info][gc,heap     ] GC(746) Eden regions: 194->0(211)
[312.984s][info][gc,heap     ] GC(746) Survivor regions: 17->5(27)
[312.984s][info][gc,heap     ] GC(746) Old regions: 655->672
[312.984s][info][gc,heap     ] GC(746) Humongous regions: 9->9
[312.984s][info][gc,metaspace] GC(746) Metaspace: 18837K(19008K)->18837K(19008K) NonClass: 16177K(16256K)->16177K(16256K) Class: 2660K(2752K)->2660K(2752K)
[312.984s][info][gc          ] GC(746) Pause Young (Normal) (G1 Evacuation Pause) 875M->686M(978M) 26.837ms
[312.984s][info][gc,cpu      ] GC(746) User=0.05s Sys=0.00s Real=0.02s
[313.356s][info][gc,marking  ] GC(742) Concurrent Rebuild Remembered Sets and Scrub Regions 608.694ms
[313.357s][info][gc,start    ] GC(742) Pause Cleanup
[313.357s][info][gc          ] GC(742) Pause Cleanup 838M->838M(978M) 0.105ms
[313.357s][info][gc,cpu      ] GC(742) User=0.00s Sys=0.00s Real=0.00s
[313.357s][info][gc,marking  ] GC(742) Concurrent Clear Claimed Marks
[313.357s][info][gc,marking  ] GC(742) Concurrent Clear Claimed Marks 0.027ms
[313.357s][info][gc,marking  ] GC(742) Concurrent Cleanup for Next Mark
[313.360s][info][gc,marking  ] GC(742) Concurrent Cleanup for Next Mark 2.800ms
[313.360s][info][gc          ] GC(742) Concurrent Mark Cycle 2356.179ms
[313.414s][info][gc,start    ] GC(747) Pause Young (Prepare Mixed) (G1 Evacuation Pause)
[313.414s][info][gc,task     ] GC(747) Using 2 workers of 2 for evacuation
[313.446s][info][gc,phases   ] GC(747)   Pre Evacuate Collection Set: 0.26ms
[313.446s][info][gc,phases   ] GC(747)   Merge Heap Roots: 0.19ms
[313.446s][info][gc,phases   ] GC(747)   Evacuate Collection Set: 30.67ms
[313.446s][info][gc,phases   ] GC(747)   Post Evacuate Collection Set: 0.43ms
[313.446s][info][gc,phases   ] GC(747)   Other: 0.08ms
[313.446s][info][gc,heap     ] GC(747) Eden regions: 211->0(192)
[313.446s][info][gc,heap     ] GC(747) Survivor regions: 5->27(27)
[313.446s][info][gc,heap     ] GC(747) Old regions: 672->673
[313.446s][info][gc,heap     ] GC(747) Humongous regions: 9->9
[313.446s][info][gc,metaspace] GC(747) Metaspace: 18837K(19008K)->18837K(19008K) NonClass: 16177K(16256K)->16177K(16256K) Class: 2660K(2752K)->2660K(2752K)
[313.446s][info][gc          ] GC(747) Pause Young (Prepare Mixed) (G1 Evacuation Pause) 897M->708M(978M) 31.818ms
[313.446s][info][gc,cpu      ] GC(747) User=0.06s Sys=0.00s Real=0.03s
[313.942s][info][gc,start    ] GC(748) Pause Young (Mixed) (G1 Evacuation Pause)
[313.942s][info][gc,task     ] GC(748) Using 2 workers of 2 for evacuation
[314.043s][info][gc,phases   ] GC(748)   Pre Evacuate Collection Set: 0.30ms
[314.043s][info][gc,phases   ] GC(748)   Merge Heap Roots: 1.34ms
[314.043s][info][gc,phases   ] GC(748)   Evacuate Collection Set: 98.81ms
[314.043s][info][gc,phases   ] GC(748)   Post Evacuate Collection Set: 0.46ms
[314.043s][info][gc,phases   ] GC(748)   Other: 0.08ms
[314.043s][info][gc,heap     ] GC(748) Eden regions: 192->0(205)
[314.043s][info][gc,heap     ] GC(748) Survivor regions: 27->7(28)
[314.043s][info][gc,heap     ] GC(748) Old regions: 673->689
[314.043s][info][gc,heap     ] GC(748) Humongous regions: 9->9
[314.043s][info][gc,metaspace] GC(748) Metaspace: 18838K(19008K)->18838K(19008K) NonClass: 16178K(16256K)->16178K(16256K) Class: 2660K(2752K)->2660K(2752K)
[314.043s][info][gc          ] GC(748) Pause Young (Mixed) (G1 Evacuation Pause) 900M->704M(978M) 101.239ms
[314.043s][info][gc,cpu      ] GC(748) User=0.20s Sys=0.00s Real=0.10s
[314.316s][info][gc,start    ] GC(749) Pause Young (Concurrent Start) (G1 Evacuation Pause)
[314.316s][info][gc,task     ] GC(749) Using 2 workers of 2 for evacuation
[314.329s][info][gc,phases   ] GC(749)   Pre Evacuate Collection Set: 0.36ms
[314.329s][info][gc,phases   ] GC(749)   Merge Heap Roots: 0.11ms
[314.329s][info][gc,phases   ] GC(749)   Evacuate Collection Set: 11.30ms
[314.329s][info][gc,phases   ] GC(749)   Post Evacuate Collection Set: 0.44ms
[314.329s][info][gc,phases   ] GC(749)   Other: 0.25ms
[314.329s][info][gc,heap     ] GC(749) Eden regions: 205->0(206)
[314.329s][info][gc,heap     ] GC(749) Survivor regions: 7->12(27)
[314.329s][info][gc,heap     ] GC(749) Old regions: 689->689
[314.329s][info][gc,heap     ] GC(749) Humongous regions: 9->9
[314.329s][info][gc,metaspace] GC(749) Metaspace: 18841K(19008K)->18841K(19008K) NonClass: 16180K(16256K)->16180K(16256K) Class: 2660K(2752K)->2660K(2752K)
[314.329s][info][gc          ] GC(749) Pause Young (Concurrent Start) (G1 Evacuation Pause) 909M->709M(978M) 12.621ms
[314.329s][info][gc,cpu      ] GC(749) User=0.02s Sys=0.00s Real=0.02s
[314.329s][info][gc          ] GC(750) Concurrent Mark Cycle
[314.329s][info][gc,marking  ] GC(750) Concurrent Scan Root Regions
[314.339s][info][gc,marking  ] GC(750) Concurrent Scan Root Regions 10.212ms
[314.339s][info][gc,marking  ] GC(750) Concurrent Mark
[314.339s][info][gc,marking  ] GC(750) Concurrent Mark From Roots
[314.339s][info][gc,task     ] GC(750) Using 1 workers of 1 for marking
[314.705s][info][gc,start    ] GC(751) Pause Young (Normal) (G1 Evacuation Pause)
[314.705s][info][gc,task     ] GC(751) Using 2 workers of 2 for evacuation
[314.748s][info][gc,phases   ] GC(751)   Pre Evacuate Collection Set: 0.36ms
[314.748s][info][gc,phases   ] GC(751)   Merge Heap Roots: 0.20ms
[314.748s][info][gc,phases   ] GC(751)   Evacuate Collection Set: 41.74ms
[314.748s][info][gc,phases   ] GC(751)   Post Evacuate Collection Set: 0.48ms
[314.748s][info][gc,phases   ] GC(751)   Other: 0.11ms
[314.748s][info][gc,heap     ] GC(751) Eden regions: 206->0(163)
[314.748s][info][gc,heap     ] GC(751) Survivor regions: 12->28(28)
[314.748s][info][gc,heap     ] GC(751) Old regions: 689->700
[314.748s][info][gc,heap     ] GC(751) Humongous regions: 9->9
[314.748s][info][gc,metaspace] GC(751) Metaspace: 18841K(19008K)->18841K(19008K) NonClass: 16180K(16256K)->16180K(16256K) Class: 2660K(2752K)->2660K(2752K)
[314.748s][info][gc          ] GC(751) Pause Young (Normal) (G1 Evacuation Pause) 915M->736M(978M) 43.105ms
[314.748s][info][gc,cpu      ] GC(751) User=0.08s Sys=0.00s Real=0.05s
[315.035s][info][gc,start    ] GC(752) Pause Young (Normal) (G1 Evacuation Pause)
[315.035s][info][gc,task     ] GC(752) Using 2 workers of 2 for evacuation
[315.072s][info][gc,phases   ] GC(752)   Pre Evacuate Collection Set: 0.30ms
[315.072s][info][gc,phases   ] GC(752)   Merge Heap Roots: 0.23ms
[315.072s][info][gc,phases   ] GC(752)   Evacuate Collection Set: 36.07ms
[315.072s][info][gc,phases   ] GC(752)   Post Evacuate Collection Set: 0.38ms
[315.072s][info][gc,phases   ] GC(752)   Other: 0.08ms
[315.072s][info][gc,heap     ] GC(752) Eden regions: 163->0(179)
[315.072s][info][gc,heap     ] GC(752) Survivor regions: 28->6(24)
[315.072s][info][gc,heap     ] GC(752) Old regions: 700->728
[315.072s][info][gc,heap     ] GC(752) Humongous regions: 9->9
[315.072s][info][gc,metaspace] GC(752) Metaspace: 18841K(19008K)->18841K(19008K) NonClass: 16180K(16256K)->16180K(16256K) Class: 2660K(2752K)->2660K(2752K)
[315.072s][info][gc          ] GC(752) Pause Young (Normal) (G1 Evacuation Pause) 899M->743M(978M) 37.372ms
[315.072s][info][gc,cpu      ] GC(752) User=0.08s Sys=0.00s Real=0.04s
[315.629s][info][gc,start    ] GC(753) Pause Young (Normal) (G1 Evacuation Pause)
[315.629s][info][gc,task     ] GC(753) Using 2 workers of 2 for evacuation
[315.642s][info][gc,phases   ] GC(753)   Pre Evacuate Collection Set: 0.29ms
[315.642s][info][gc,phases   ] GC(753)   Merge Heap Roots: 0.12ms
[315.642s][info][gc,phases   ] GC(753)   Evacuate Collection Set: 12.52ms
[315.642s][info][gc,phases   ] GC(753)   Post Evacuate Collection Set: 0.40ms
[315.642s][info][gc,phases   ] GC(753)   Other: 0.10ms
[315.642s][info][gc,heap     ] GC(753) Eden regions: 179->0(165)
[315.642s][info][gc,heap     ] GC(753) Survivor regions: 6->13(24)
[315.642s][info][gc,heap     ] GC(753) Old regions: 728->728
[315.642s][info][gc,heap     ] GC(753) Humongous regions: 9->9
[315.643s][info][gc,metaspace] GC(753) Metaspace: 18841K(19008K)->18841K(19008K) NonClass: 16181K(16256K)->16181K(16256K) Class: 2660K(2752K)->2660K(2752K)
[315.643s][info][gc          ] GC(753) Pause Young (Normal) (G1 Evacuation Pause) 922M->750M(978M) 13.669ms
[315.643s][info][gc,cpu      ] GC(753) User=0.02s Sys=0.00s Real=0.01s
[315.916s][info][gc,start    ] GC(754) Pause Young (Normal) (G1 Evacuation Pause)
[315.916s][info][gc,task     ] GC(754) Using 2 workers of 2 for evacuation
[315.942s][info][gc,phases   ] GC(754)   Pre Evacuate Collection Set: 0.29ms
[315.942s][info][gc,phases   ] GC(754)   Merge Heap Roots: 0.10ms
[315.942s][info][gc,phases   ] GC(754)   Evacuate Collection Set: 25.50ms
[315.942s][info][gc,phases   ] GC(754)   Post Evacuate Collection Set: 0.46ms
[315.942s][info][gc,phases   ] GC(754)   Other: 0.10ms
[315.943s][info][gc,heap     ] GC(754) Eden regions: 165->0(141)
[315.943s][info][gc,heap     ] GC(754) Survivor regions: 13->22(23)
[315.943s][info][gc,heap     ] GC(754) Old regions: 728->734
[315.943s][info][gc,heap     ] GC(754) Humongous regions: 9->9
[315.943s][info][gc,metaspace] GC(754) Metaspace: 18841K(19008K)->18841K(19008K) NonClass: 16181K(16256K)->16181K(16256K) Class: 2660K(2752K)->2660K(2752K)
[315.943s][info][gc          ] GC(754) Pause Young (Normal) (G1 Evacuation Pause) 915M->765M(978M) 26.673ms
[315.943s][info][gc,cpu      ] GC(754) User=0.05s Sys=0.00s Real=0.03s
[316.021s][info][gc,marking  ] GC(750) Concurrent Mark From Roots 1681.996ms
[316.021s][info][gc,marking  ] GC(750) Concurrent Preclean
[316.021s][info][gc,marking  ] GC(750) Concurrent Preclean 0.040ms
[316.021s][info][gc,start    ] GC(750) Pause Remark
[316.029s][info][gc          ] GC(750) Pause Remark 831M->675M(978M) 7.455ms
[316.029s][info][gc,cpu      ] GC(750) User=0.02s Sys=0.00s Real=0.01s
[316.029s][info][gc,marking  ] GC(750) Concurrent Mark 1689.764ms
[316.029s][info][gc,marking  ] GC(750) Concurrent Rebuild Remembered Sets and Scrub Regions
[316.085s][info][gc,start    ] GC(755) Pause Young (Normal) (G1 Evacuation Pause)
[316.085s][info][gc,task     ] GC(755) Using 2 workers of 2 for evacuation
[316.153s][info][gc,phases   ] GC(755)   Pre Evacuate Collection Set: 0.45ms
[316.153s][info][gc,phases   ] GC(755)   Merge Heap Roots: 0.13ms
[316.153s][info][gc,phases   ] GC(755)   Evacuate Collection Set: 66.56ms
[316.153s][info][gc,phases   ] GC(755)   Post Evacuate Collection Set: 0.57ms
[316.153s][info][gc,phases   ] GC(755)   Other: 0.09ms
[316.153s][info][gc,heap     ] GC(755) Eden regions: 141->0(217)
[316.153s][info][gc,heap     ] GC(755) Survivor regions: 22->21(21)
[316.153s][info][gc,heap     ] GC(755) Old regions: 581->634
[316.153s][info][gc,heap     ] GC(755) Humongous regions: 6->6
[316.153s][info][gc,metaspace] GC(755) Metaspace: 18841K(19008K)->18841K(19008K) NonClass: 16181K(16256K)->16181K(16256K) Class: 2660K(2752K)->2660K(2752K)
[316.153s][info][gc          ] GC(755) Pause Young (Normal) (G1 Evacuation Pause) 750M->661M(978M) 68.051ms
[316.153s][info][gc,cpu      ] GC(755) User=0.13s Sys=0.00s Real=0.07s
[316.623s][info][gc,marking  ] GC(750) Concurrent Rebuild Remembered Sets and Scrub Regions 594.520ms
[316.623s][info][gc,start    ] GC(750) Pause Cleanup
[316.624s][info][gc          ] GC(750) Pause Cleanup 860M->860M(978M) 0.100ms
[316.624s][info][gc,cpu      ] GC(750) User=0.00s Sys=0.00s Real=0.00s
[316.624s][info][gc,marking  ] GC(750) Concurrent Clear Claimed Marks
[316.624s][info][gc,marking  ] GC(750) Concurrent Clear Claimed Marks 0.027ms
[316.624s][info][gc,marking  ] GC(750) Concurrent Cleanup for Next Mark
[316.626s][info][gc,marking  ] GC(750) Concurrent Cleanup for Next Mark 2.812ms
[316.626s][info][gc          ] GC(750) Concurrent Mark Cycle 2297.780ms
[316.665s][info][gc,start    ] GC(756) Pause Young (Prepare Mixed) (G1 Evacuation Pause)
[316.665s][info][gc,task     ] GC(756) Using 2 workers of 2 for evacuation
[316.722s][info][gc,phases   ] GC(756)   Pre Evacuate Collection Set: 0.27ms
[316.722s][info][gc,phases   ] GC(756)   Merge Heap Roots: 0.35ms
[316.722s][info][gc,phases   ] GC(756)   Evacuate Collection Set: 55.63ms
[316.722s][info][gc,phases   ] GC(756)   Post Evacuate Collection Set: 0.55ms
[316.722s][info][gc,phases   ] GC(756)   Other: 0.07ms
[316.722s][info][gc,heap     ] GC(756) Eden regions: 217->0(202)
[316.722s][info][gc,heap     ] GC(756) Survivor regions: 21->24(30)
[316.722s][info][gc,heap     ] GC(756) Old regions: 634->656
[316.722s][info][gc,heap     ] GC(756) Humongous regions: 7->7
[316.722s][info][gc,metaspace] GC(756) Metaspace: 18841K(19008K)->18841K(19008K) NonClass: 16181K(16256K)->16181K(16256K) Class: 2660K(2752K)->2660K(2752K)
[316.722s][info][gc          ] GC(756) Pause Young (Prepare Mixed) (G1 Evacuation Pause) 879M->686M(978M) 57.112ms
[316.722s][info][gc,cpu      ] GC(756) User=0.11s Sys=0.00s Real=0.06s
[316.970s][info][gc,start    ] GC(757) Pause Young (Mixed) (G1 Evacuation Pause)
[316.971s][info][gc,task     ] GC(757) Using 2 workers of 2 for evacuation
[317.053s][info][gc,phases   ] GC(757)   Pre Evacuate Collection Set: 0.30ms
[317.053s][info][gc,phases   ] GC(757)   Merge Heap Roots: 0.33ms
[317.053s][info][gc,phases   ] GC(757)   Evacuate Collection Set: 80.81ms
[317.053s][info][gc,phases   ] GC(757)   Post Evacuate Collection Set: 0.49ms
[317.053s][info][gc,phases   ] GC(757)   Other: 0.08ms
[317.053s][info][gc,heap     ] GC(757) Eden regions: 202->0(169)
[317.053s][info][gc,heap     ] GC(757) Survivor regions: 24->29(29)
[317.053s][info][gc,heap     ] GC(757) Old regions: 656->684
[317.053s][info][gc,heap     ] GC(757) Humongous regions: 9->9
[317.053s][info][gc,metaspace] GC(757) Metaspace: 18841K(19008K)->18841K(19008K) NonClass: 16181K(16256K)->16181K(16256K) Class: 2660K(2752K)->2660K(2752K)
[317.053s][info][gc          ] GC(757) Pause Young (Mixed) (G1 Evacuation Pause) 890M->721M(978M) 82.272ms
[317.053s][info][gc,cpu      ] GC(757) User=0.16s Sys=0.00s Real=0.08s
[317.202s][info][gc,start    ] GC(758) Pause Young (Concurrent Start) (G1 Evacuation Pause)
[317.202s][info][gc,task     ] GC(758) Using 2 workers of 2 for evacuation
[317.239s][info][gc,phases   ] GC(758)   Pre Evacuate Collection Set: 0.31ms
[317.239s][info][gc,phases   ] GC(758)   Merge Heap Roots: 0.18ms
[317.239s][info][gc,phases   ] GC(758)   Evacuate Collection Set: 36.05ms
[317.239s][info][gc,phases   ] GC(758)   Post Evacuate Collection Set: 0.45ms
[317.239s][info][gc,phases   ] GC(758)   Other: 0.11ms
[317.239s][info][gc,heap     ] GC(758) Eden regions: 169->0(178)
[317.239s][info][gc,heap     ] GC(758) Survivor regions: 29->5(25)
[317.239s][info][gc,heap     ] GC(758) Old regions: 684->713
[317.239s][info][gc,heap     ] GC(758) Humongous regions: 9->9
[317.239s][info][gc,metaspace] GC(758) Metaspace: 18841K(19008K)->18841K(19008K) NonClass: 16181K(16256K)->16181K(16256K) Class: 2660K(2752K)->2660K(2752K)
[317.240s][info][gc          ] GC(758) Pause Young (Concurrent Start) (G1 Evacuation Pause) 890M->727M(978M) 37.332ms
[317.240s][info][gc,cpu      ] GC(758) User=0.07s Sys=0.00s Real=0.04s
[317.240s][info][gc          ] GC(759) Concurrent Mark Cycle
[317.242s][info][gc,marking  ] GC(759) Concurrent Scan Root Regions
[317.307s][info][gc,marking  ] GC(759) Concurrent Scan Root Regions 64.828ms
[317.307s][info][gc,marking  ] GC(759) Concurrent Mark
[317.307s][info][gc,marking  ] GC(759) Concurrent Mark From Roots
[317.307s][info][gc,task     ] GC(759) Using 1 workers of 1 for marking
[317.621s][info][gc,start    ] GC(760) Pause Young (Normal) (G1 Evacuation Pause)
[317.621s][info][gc,task     ] GC(760) Using 2 workers of 2 for evacuation
[317.647s][info][gc,phases   ] GC(760)   Pre Evacuate Collection Set: 0.31ms
[317.647s][info][gc,phases   ] GC(760)   Merge Heap Roots: 0.48ms
[317.647s][info][gc,phases   ] GC(760)   Evacuate Collection Set: 24.82ms
[317.647s][info][gc,phases   ] GC(760)   Post Evacuate Collection Set: 0.40ms
[317.647s][info][gc,phases   ] GC(760)   Other: 0.09ms
[317.647s][info][gc,heap     ] GC(760) Eden regions: 178->0(184)
[317.647s][info][gc,heap     ] GC(760) Survivor regions: 5->9(23)
[317.647s][info][gc,heap     ] GC(760) Old regions: 713->713
[317.647s][info][gc,heap     ] GC(760) Humongous regions: 9->9
[317.647s][info][gc,metaspace] GC(760) Metaspace: 18841K(19008K)->18841K(19008K) NonClass: 16181K(16256K)->16181K(16256K) Class: 2660K(2752K)->2660K(2752K)
[317.647s][info][gc          ] GC(760) Pause Young (Normal) (G1 Evacuation Pause) 905M->731M(978M) 26.356ms
[317.647s][info][gc,cpu      ] GC(760) User=0.05s Sys=0.00s Real=0.03s
[318.193s][info][gc,start    ] GC(761) Pause Young (Normal) (G1 Evacuation Pause)
[318.193s][info][gc,task     ] GC(761) Using 2 workers of 2 for evacuation
[318.227s][info][gc,phases   ] GC(761)   Pre Evacuate Collection Set: 0.51ms
[318.227s][info][gc,phases   ] GC(761)   Merge Heap Roots: 0.18ms
[318.227s][info][gc,phases   ] GC(761)   Evacuate Collection Set: 33.34ms
[318.227s][info][gc,phases   ] GC(761)   Post Evacuate Collection Set: 0.48ms
[318.227s][info][gc,phases   ] GC(761)   Other: 0.07ms
[318.227s][info][gc,heap     ] GC(761) Eden regions: 184->0(150)
[318.227s][info][gc,heap     ] GC(761) Survivor regions: 9->25(25)
[318.227s][info][gc,heap     ] GC(761) Old regions: 713->719
[318.227s][info][gc,heap     ] GC(761) Humongous regions: 9->9
[318.227s][info][gc,metaspace] GC(761) Metaspace: 18841K(19008K)->18841K(19008K) NonClass: 16181K(16256K)->16181K(16256K) Class: 2660K(2752K)->2660K(2752K)
[318.227s][info][gc          ] GC(761) Pause Young (Normal) (G1 Evacuation Pause) 915M->753M(978M) 34.768ms
[318.227s][info][gc,cpu      ] GC(761) User=0.07s Sys=0.00s Real=0.04s
[318.413s][info][gc,start    ] GC(762) Pause Young (Normal) (G1 Evacuation Pause)
[318.413s][info][gc,task     ] GC(762) Using 2 workers of 2 for evacuation
[318.483s][info][gc,phases   ] GC(762)   Pre Evacuate Collection Set: 0.48ms
[318.483s][info][gc,phases   ] GC(762)   Merge Heap Roots: 0.34ms
[318.483s][info][gc,phases   ] GC(762)   Evacuate Collection Set: 68.40ms
[318.483s][info][gc,phases   ] GC(762)   Post Evacuate Collection Set: 0.45ms
[318.483s][info][gc,phases   ] GC(762)   Other: 0.09ms
[318.483s][info][gc,heap     ] GC(762) Eden regions: 150->0(109)
[318.483s][info][gc,heap     ] GC(762) Survivor regions: 25->22(22)
[318.483s][info][gc,heap     ] GC(762) Old regions: 719->766
[318.483s][info][gc,heap     ] GC(762) Humongous regions: 9->9
[318.483s][info][gc,metaspace] GC(762) Metaspace: 18841K(19008K)->18841K(19008K) NonClass: 16181K(16256K)->16181K(16256K) Class: 2660K(2752K)->2660K(2752K)
[318.483s][info][gc          ] GC(762) Pause Young (Normal) (G1 Evacuation Pause) 903M->797M(978M) 70.007ms
[318.483s][info][gc,cpu      ] GC(762) User=0.13s Sys=0.00s Real=0.07s
[318.609s][info][gc,marking  ] GC(759) Concurrent Mark From Roots 1302.373ms
[318.609s][info][gc,marking  ] GC(759) Concurrent Preclean
[318.609s][info][gc,marking  ] GC(759) Concurrent Preclean 0.041ms
[318.609s][info][gc,start    ] GC(759) Pause Remark
[318.617s][info][gc          ] GC(759) Pause Remark 877M->718M(978M) 7.499ms
[318.617s][info][gc,cpu      ] GC(759) User=0.02s Sys=0.00s Real=0.01s
[318.618s][info][gc,marking  ] GC(759) Concurrent Mark 1311.431ms
[318.618s][info][gc,marking  ] GC(759) Concurrent Rebuild Remembered Sets and Scrub Regions
[318.673s][info][gc,start    ] GC(763) Pause Young (Normal) (G1 Evacuation Pause)
[318.673s][info][gc,task     ] GC(763) Using 2 workers of 2 for evacuation
[318.711s][info][gc,phases   ] GC(763)   Pre Evacuate Collection Set: 0.25ms
[318.711s][info][gc,phases   ] GC(763)   Merge Heap Roots: 0.23ms
[318.711s][info][gc,phases   ] GC(763)   Evacuate Collection Set: 37.00ms
[318.711s][info][gc,phases   ] GC(763)   Post Evacuate Collection Set: 0.36ms
[318.711s][info][gc,phases   ] GC(763)   Other: 0.09ms
[318.711s][info][gc,heap     ] GC(763) Eden regions: 109->0(224)
[318.711s][info][gc,heap     ] GC(763) Survivor regions: 22->10(17)
[318.711s][info][gc,heap     ] GC(763) Old regions: 610->633
[318.711s][info][gc,heap     ] GC(763) Humongous regions: 7->7
[318.711s][info][gc,metaspace] GC(763) Metaspace: 18841K(19008K)->18841K(19008K) NonClass: 16181K(16256K)->16181K(16256K) Class: 2660K(2752K)->2660K(2752K)
[318.711s][info][gc          ] GC(763) Pause Young (Normal) (G1 Evacuation Pause) 748M->649M(978M) 38.140ms
[318.711s][info][gc,cpu      ] GC(763) User=0.07s Sys=0.00s Real=0.04s
[319.208s][info][gc,marking  ] GC(759) Concurrent Rebuild Remembered Sets and Scrub Regions 589.314ms
[319.208s][info][gc,start    ] GC(759) Pause Cleanup
[319.208s][info][gc          ] GC(759) Pause Cleanup 870M->870M(978M) 0.142ms
[319.208s][info][gc,cpu      ] GC(759) User=0.00s Sys=0.00s Real=0.00s
[319.208s][info][gc,marking  ] GC(759) Concurrent Clear Claimed Marks
[319.208s][info][gc,marking  ] GC(759) Concurrent Clear Claimed Marks 0.035ms
[319.208s][info][gc,marking  ] GC(759) Concurrent Cleanup for Next Mark
[319.211s][info][gc,start    ] GC(764) Pause Young (Prepare Mixed) (G1 Evacuation Pause)
[319.211s][info][gc,task     ] GC(764) Using 2 workers of 2 for evacuation
[319.250s][info][gc,phases   ] GC(764)   Pre Evacuate Collection Set: 0.47ms
[319.251s][info][gc,phases   ] GC(764)   Merge Heap Roots: 0.24ms
[319.251s][info][gc,phases   ] GC(764)   Evacuate Collection Set: 38.32ms
[319.251s][info][gc,phases   ] GC(764)   Post Evacuate Collection Set: 0.46ms
[319.251s][info][gc,phases   ] GC(764)   Other: 0.09ms
[319.251s][info][gc,heap     ] GC(764) Eden regions: 224->0(213)
[319.251s][info][gc,heap     ] GC(764) Survivor regions: 10->30(30)
[319.251s][info][gc,heap     ] GC(764) Old regions: 633->634
[319.251s][info][gc,heap     ] GC(764) Humongous regions: 7->7
[319.251s][info][gc,metaspace] GC(764) Metaspace: 18841K(19008K)->18841K(19008K) NonClass: 16181K(16256K)->16181K(16256K) Class: 2660K(2752K)->2660K(2752K)
[319.251s][info][gc          ] GC(764) Pause Young (Prepare Mixed) (G1 Evacuation Pause) 873M->670M(978M) 39.741ms
[319.251s][info][gc,cpu      ] GC(764) User=0.08s Sys=0.00s Real=0.04s
[319.251s][info][gc,marking  ] GC(759) Concurrent Cleanup for Next Mark 42.750ms
[319.251s][info][gc          ] GC(759) Concurrent Mark Cycle 2011.697ms
[319.496s][info][gc,start    ] GC(765) Pause Young (Mixed) (G1 Evacuation Pause)
[319.496s][info][gc,task     ] GC(765) Using 2 workers of 2 for evacuation
[319.568s][info][gc,phases   ] GC(765)   Pre Evacuate Collection Set: 0.53ms
[319.568s][info][gc,phases   ] GC(765)   Merge Heap Roots: 0.30ms
[319.568s][info][gc,phases   ] GC(765)   Evacuate Collection Set: 70.43ms
[319.568s][info][gc,phases   ] GC(765)   Post Evacuate Collection Set: 0.48ms
[319.568s][info][gc,phases   ] GC(765)   Other: 0.09ms
[319.568s][info][gc,heap     ] GC(765) Eden regions: 213->0(253)
[319.568s][info][gc,heap     ] GC(765) Survivor regions: 30->12(31)
[319.568s][info][gc,heap     ] GC(765) Old regions: 634->616
[319.568s][info][gc,heap     ] GC(765) Humongous regions: 7->7
[319.568s][info][gc,metaspace] GC(765) Metaspace: 18841K(19008K)->18841K(19008K) NonClass: 16181K(16256K)->16181K(16256K) Class: 2660K(2752K)->2660K(2752K)
[319.568s][info][gc          ] GC(765) Pause Young (Mixed) (G1 Evacuation Pause) 883M->635M(978M) 72.064ms
[319.568s][info][gc,cpu      ] GC(765) User=0.14s Sys=0.00s Real=0.08s
[320.109s][info][gc,start    ] GC(766) Pause Young (Concurrent Start) (G1 Evacuation Pause)
[320.109s][info][gc,task     ] GC(766) Using 2 workers of 2 for evacuation
[320.131s][info][gc,phases   ] GC(766)   Pre Evacuate Collection Set: 0.39ms
[320.131s][info][gc,phases   ] GC(766)   Merge Heap Roots: 0.22ms
[320.131s][info][gc,phases   ] GC(766)   Evacuate Collection Set: 21.13ms
[320.131s][info][gc,phases   ] GC(766)   Post Evacuate Collection Set: 0.48ms
[320.131s][info][gc,phases   ] GC(766)   Other: 0.13ms
[320.131s][info][gc,heap     ] GC(766) Eden regions: 253->0(259)
[320.131s][info][gc,heap     ] GC(766) Survivor regions: 12->18(34)
[320.131s][info][gc,heap     ] GC(766) Old regions: 616->616
[320.131s][info][gc,heap     ] GC(766) Humongous regions: 7->7
[320.131s][info][gc,metaspace] GC(766) Metaspace: 18841K(19008K)->18841K(19008K) NonClass: 16181K(16256K)->16181K(16256K) Class: 2660K(2752K)->2660K(2752K)
[320.131s][info][gc          ] GC(766) Pause Young (Concurrent Start) (G1 Evacuation Pause) 888M->640M(978M) 22.609ms
[320.131s][info][gc,cpu      ] GC(766) User=0.04s Sys=0.00s Real=0.02s
[320.131s][info][gc          ] GC(767) Concurrent Mark Cycle
[320.131s][info][gc,marking  ] GC(767) Concurrent Scan Root Regions
[320.168s][info][gc,marking  ] GC(767) Concurrent Scan Root Regions 36.583ms
[320.168s][info][gc,marking  ] GC(767) Concurrent Mark
[320.168s][info][gc,marking  ] GC(767) Concurrent Mark From Roots
[320.168s][info][gc,task     ] GC(767) Using 1 workers of 1 for marking
[320.910s][info][gc,start    ] GC(768) Pause Young (Normal) (G1 Evacuation Pause)
[320.910s][info][gc,task     ] GC(768) Using 2 workers of 2 for evacuation
[320.946s][info][gc,phases   ] GC(768)   Pre Evacuate Collection Set: 0.29ms
[320.946s][info][gc,phases   ] GC(768)   Merge Heap Roots: 0.35ms
[320.946s][info][gc,phases   ] GC(768)   Evacuate Collection Set: 34.60ms
[320.946s][info][gc,phases   ] GC(768)   Post Evacuate Collection Set: 0.48ms
[320.946s][info][gc,phases   ] GC(768)   Other: 0.09ms
[320.946s][info][gc,heap     ] GC(768) Eden regions: 259->0(251)
[320.946s][info][gc,heap     ] GC(768) Survivor regions: 18->27(35)
[320.946s][info][gc,heap     ] GC(768) Old regions: 616->616
[320.946s][info][gc,heap     ] GC(768) Humongous regions: 7->7
[320.946s][info][gc,metaspace] GC(768) Metaspace: 18841K(19008K)->18841K(19008K) NonClass: 16181K(16256K)->16181K(16256K) Class: 2660K(2752K)->2660K(2752K)
[320.946s][info][gc          ] GC(768) Pause Young (Normal) (G1 Evacuation Pause) 899M->650M(978M) 36.053ms
[320.946s][info][gc,cpu      ] GC(768) User=0.06s Sys=0.01s Real=0.03s
[321.398s][info][gc,start    ] GC(769) Pause Young (Normal) (G1 Evacuation Pause)
[321.398s][info][gc,task     ] GC(769) Using 2 workers of 2 for evacuation
[321.482s][info][gc,phases   ] GC(769)   Pre Evacuate Collection Set: 0.31ms
[321.482s][info][gc,phases   ] GC(769)   Merge Heap Roots: 0.18ms
[321.482s][info][gc,phases   ] GC(769)   Evacuate Collection Set: 80.21ms
[321.482s][info][gc,phases   ] GC(769)   Post Evacuate Collection Set: 3.53ms
[321.482s][info][gc,phases   ] GC(769)   Other: 0.10ms
[321.482s][info][gc,heap     ] GC(769) Eden regions: 251->0(146)
[321.482s][info][gc,heap     ] GC(769) Survivor regions: 27->35(35)
[321.482s][info][gc,heap     ] GC(769) Old regions: 616->705
[321.482s][info][gc,heap     ] GC(769) Humongous regions: 7->7
[321.482s][info][gc,metaspace] GC(769) Metaspace: 18841K(19008K)->18841K(19008K) NonClass: 16181K(16256K)->16181K(16256K) Class: 2660K(2752K)->2660K(2752K)
[321.482s][info][gc          ] GC(769) Pause Young (Normal) (G1 Evacuation Pause) (Evacuation Failure: Allocation) 901M->747M(978M) 84.617ms
[321.482s][info][gc,cpu      ] GC(769) User=0.17s Sys=0.00s Real=0.08s
[321.670s][info][gc,marking  ] GC(767) Concurrent Mark From Roots 1501.740ms
[321.670s][info][gc,marking  ] GC(767) Concurrent Preclean
[321.670s][info][gc,marking  ] GC(767) Concurrent Preclean 0.035ms
[321.672s][info][gc,start    ] GC(767) Pause Remark
[321.680s][info][gc          ] GC(767) Pause Remark 853M->716M(978M) 7.641ms
[321.680s][info][gc,cpu      ] GC(767) User=0.02s Sys=0.00s Real=0.01s
[321.680s][info][gc,marking  ] GC(767) Concurrent Mark 1511.784ms
[321.680s][info][gc,marking  ] GC(767) Concurrent Rebuild Remembered Sets and Scrub Regions
[321.778s][info][gc,start    ] GC(770) Pause Young (Normal) (G1 Evacuation Pause)
[321.778s][info][gc,task     ] GC(770) Using 2 workers of 2 for evacuation
[321.857s][info][gc,phases   ] GC(770)   Pre Evacuate Collection Set: 0.52ms
[321.857s][info][gc,phases   ] GC(770)   Merge Heap Roots: 0.53ms
[321.857s][info][gc,phases   ] GC(770)   Evacuate Collection Set: 77.14ms
[321.857s][info][gc,phases   ] GC(770)   Post Evacuate Collection Set: 0.58ms
[321.857s][info][gc,phases   ] GC(770)   Other: 0.10ms
[321.857s][info][gc,heap     ] GC(770) Eden regions: 146->0(277)
[321.857s][info][gc,heap     ] GC(770) Survivor regions: 35->18(23)
[321.857s][info][gc,heap     ] GC(770) Old regions: 570->567
[321.857s][info][gc,heap     ] GC(770) Humongous regions: 8->8
[321.857s][info][gc,metaspace] GC(770) Metaspace: 18842K(19008K)->18842K(19008K) NonClass: 16181K(16256K)->16181K(16256K) Class: 2660K(2752K)->2660K(2752K)
[321.857s][info][gc          ] GC(770) Pause Young (Normal) (G1 Evacuation Pause) 759M->592M(978M) 79.113ms
[321.857s][info][gc,cpu      ] GC(770) User=0.16s Sys=0.00s Real=0.08s
[322.210s][info][gc,marking  ] GC(767) Concurrent Rebuild Remembered Sets and Scrub Regions 529.727ms
[322.210s][info][gc,start    ] GC(767) Pause Cleanup
[322.210s][info][gc          ] GC(767) Pause Cleanup 723M->723M(978M) 0.107ms
[322.210s][info][gc,cpu      ] GC(767) User=0.00s Sys=0.00s Real=0.00s
[322.210s][info][gc,marking  ] GC(767) Concurrent Clear Claimed Marks
[322.210s][info][gc,marking  ] GC(767) Concurrent Clear Claimed Marks 0.041ms
[322.210s][info][gc,marking  ] GC(767) Concurrent Cleanup for Next Mark
[322.213s][info][gc,marking  ] GC(767) Concurrent Cleanup for Next Mark 2.822ms
[322.213s][info][gc          ] GC(767) Concurrent Mark Cycle 2081.467ms
[322.504s][info][gc,start    ] GC(771) Pause Young (Prepare Mixed) (G1 Evacuation Pause)
[322.504s][info][gc,task     ] GC(771) Using 2 workers of 2 for evacuation
[322.549s][info][gc,phases   ] GC(771)   Pre Evacuate Collection Set: 0.30ms
[322.549s][info][gc,phases   ] GC(771)   Merge Heap Roots: 0.65ms
[322.549s][info][gc,phases   ] GC(771)   Evacuate Collection Set: 43.25ms
[322.549s][info][gc,phases   ] GC(771)   Post Evacuate Collection Set: 0.59ms
[322.549s][info][gc,phases   ] GC(771)   Other: 0.10ms
[322.549s][info][gc,heap     ] GC(771) Eden regions: 277->0(298)
[322.549s][info][gc,heap     ] GC(771) Survivor regions: 18->17(37)
[322.549s][info][gc,heap     ] GC(771) Old regions: 567->567
[322.549s][info][gc,heap     ] GC(771) Humongous regions: 8->8
[322.549s][info][gc,metaspace] GC(771) Metaspace: 18842K(19008K)->18842K(19008K) NonClass: 16181K(16256K)->16181K(16256K) Class: 2660K(2752K)->2660K(2752K)
[322.549s][info][gc          ] GC(771) Pause Young (Prepare Mixed) (G1 Evacuation Pause) 869M->592M(978M) 45.154ms
[322.549s][info][gc,cpu      ] GC(771) User=0.09s Sys=0.00s Real=0.05s
[322.856s][info][gc,start    ] GC(772) Pause Young (Mixed) (G1 Evacuation Pause)
[322.856s][info][gc,task     ] GC(772) Using 2 workers of 2 for evacuation
[322.939s][info][gc,phases   ] GC(772)   Pre Evacuate Collection Set: 0.34ms
[322.939s][info][gc,phases   ] GC(772)   Merge Heap Roots: 0.32ms
[322.939s][info][gc,phases   ] GC(772)   Evacuate Collection Set: 80.89ms
[322.939s][info][gc,phases   ] GC(772)   Post Evacuate Collection Set: 0.94ms
[322.939s][info][gc,phases   ] GC(772)   Other: 0.10ms
[322.939s][info][gc,heap     ] GC(772) Eden regions: 298->0(241)
[322.939s][info][gc,heap     ] GC(772) Survivor regions: 17->40(40)
[322.939s][info][gc,heap     ] GC(772) Old regions: 567->579
[322.939s][info][gc,heap     ] GC(772) Humongous regions: 8->8
[322.939s][info][gc,metaspace] GC(772) Metaspace: 18842K(19008K)->18842K(19008K) NonClass: 16181K(16256K)->16181K(16256K) Class: 2660K(2752K)->2660K(2752K)
[322.939s][info][gc          ] GC(772) Pause Young (Mixed) (G1 Evacuation Pause) 890M->627M(978M) 82.853ms
[322.939s][info][gc,cpu      ] GC(772) User=0.17s Sys=0.00s Real=0.09s
[323.251s][info][gc,start    ] GC(773) Pause Young (Concurrent Start) (G1 Evacuation Pause)
[323.251s][info][gc,task     ] GC(773) Using 2 workers of 2 for evacuation
[323.324s][info][gc,phases   ] GC(773)   Pre Evacuate Collection Set: 0.35ms
[323.324s][info][gc,phases   ] GC(773)   Merge Heap Roots: 0.56ms
[323.324s][info][gc,phases   ] GC(773)   Evacuate Collection Set: 71.42ms
[323.324s][info][gc,phases   ] GC(773)   Post Evacuate Collection Set: 0.59ms
[323.324s][info][gc,phases   ] GC(773)   Other: 0.20ms
[323.324s][info][gc,heap     ] GC(773) Eden regions: 241->0(244)
[323.324s][info][gc,heap     ] GC(773) Survivor regions: 40->11(36)
[323.324s][info][gc,heap     ] GC(773) Old regions: 579->620
[323.324s][info][gc,heap     ] GC(773) Humongous regions: 8->8
[323.324s][info][gc,metaspace] GC(773) Metaspace: 18842K(19008K)->18842K(19008K) NonClass: 16181K(16256K)->16181K(16256K) Class: 2660K(2752K)->2660K(2752K)
[323.324s][info][gc          ] GC(773) Pause Young (Concurrent Start) (G1 Evacuation Pause) 868M->638M(978M) 73.371ms
[323.324s][info][gc,cpu      ] GC(773) User=0.15s Sys=0.00s Real=0.07s
[323.324s][info][gc          ] GC(774) Concurrent Mark Cycle
[323.328s][info][gc,marking  ] GC(774) Concurrent Scan Root Regions
[323.428s][info][gc,marking  ] GC(774) Concurrent Scan Root Regions 100.080ms
[323.428s][info][gc,marking  ] GC(774) Concurrent Mark
[323.428s][info][gc,marking  ] GC(774) Concurrent Mark From Roots
[323.428s][info][gc,task     ] GC(774) Using 1 workers of 1 for marking
[324.072s][info][gc,start    ] GC(775) Pause Young (Normal) (G1 Evacuation Pause)
[324.072s][info][gc,task     ] GC(775) Using 2 workers of 2 for evacuation
[324.115s][info][gc,phases   ] GC(775)   Pre Evacuate Collection Set: 0.29ms
[324.115s][info][gc,phases   ] GC(775)   Merge Heap Roots: 0.33ms
[324.115s][info][gc,phases   ] GC(775)   Evacuate Collection Set: 41.41ms
[324.115s][info][gc,phases   ] GC(775)   Post Evacuate Collection Set: 0.56ms
[324.115s][info][gc,phases   ] GC(775)   Other: 0.10ms
[324.115s][info][gc,heap     ] GC(775) Eden regions: 244->0(236)
[324.115s][info][gc,heap     ] GC(775) Survivor regions: 11->26(32)
[324.115s][info][gc,heap     ] GC(775) Old regions: 620->620
[324.115s][info][gc,heap     ] GC(775) Humongous regions: 11->11
[324.115s][info][gc,metaspace] GC(775) Metaspace: 18842K(19008K)->18842K(19008K) NonClass: 16181K(16256K)->16181K(16256K) Class: 2660K(2752K)->2660K(2752K)
[324.115s][info][gc          ] GC(775) Pause Young (Normal) (G1 Evacuation Pause) 885M->656M(978M) 42.947ms
[324.115s][info][gc,cpu      ] GC(775) User=0.08s Sys=0.00s Real=0.04s
[324.456s][info][gc,marking  ] GC(774) Concurrent Mark From Roots 1028.352ms
[324.457s][info][gc,marking  ] GC(774) Concurrent Preclean
[324.457s][info][gc,marking  ] GC(774) Concurrent Preclean 0.036ms
[324.457s][info][gc,start    ] GC(774) Pause Remark
[324.464s][info][gc          ] GC(774) Pause Remark 771M->635M(978M) 7.731ms
[324.465s][info][gc,cpu      ] GC(774) User=0.01s Sys=0.00s Real=0.01s
[324.465s][info][gc,marking  ] GC(774) Concurrent Mark 1037.123ms
[324.465s][info][gc,marking  ] GC(774) Concurrent Rebuild Remembered Sets and Scrub Regions
[324.745s][info][gc,start    ] GC(776) Pause Young (Normal) (G1 Evacuation Pause)
[324.745s][info][gc,task     ] GC(776) Using 2 workers of 2 for evacuation
[324.785s][info][gc,phases   ] GC(776)   Pre Evacuate Collection Set: 0.50ms
[324.785s][info][gc,phases   ] GC(776)   Merge Heap Roots: 0.42ms
[324.785s][info][gc,phases   ] GC(776)   Evacuate Collection Set: 38.34ms
[324.785s][info][gc,phases   ] GC(776)   Post Evacuate Collection Set: 0.44ms
[324.785s][info][gc,phases   ] GC(776)   Other: 0.10ms
[324.785s][info][gc,heap     ] GC(776) Eden regions: 236->0(353)
[324.785s][info][gc,heap     ] GC(776) Survivor regions: 26->16(33)
[324.785s][info][gc,heap     ] GC(776) Old regions: 487->497
[324.785s][info][gc,heap     ] GC(776) Humongous regions: 8->8
[324.785s][info][gc,metaspace] GC(776) Metaspace: 18842K(19008K)->18842K(19008K) NonClass: 16181K(16256K)->16181K(16256K) Class: 2660K(2752K)->2660K(2752K)
[324.785s][info][gc          ] GC(776) Pause Young (Normal) (G1 Evacuation Pause) 756M->520M(978M) 40.098ms
[324.785s][info][gc,cpu      ] GC(776) User=0.08s Sys=0.00s Real=0.04s
[324.845s][info][gc,marking  ] GC(774) Concurrent Rebuild Remembered Sets and Scrub Regions 379.847ms
[324.845s][info][gc,start    ] GC(774) Pause Cleanup
[324.845s][info][gc          ] GC(774) Pause Cleanup 540M->540M(978M) 0.091ms
[324.845s][info][gc,cpu      ] GC(774) User=0.00s Sys=0.00s Real=0.00s
[324.846s][info][gc,marking  ] GC(774) Concurrent Clear Claimed Marks
[324.846s][info][gc,marking  ] GC(774) Concurrent Clear Claimed Marks 0.031ms
[324.846s][info][gc,marking  ] GC(774) Concurrent Cleanup for Next Mark
[324.851s][info][gc,marking  ] GC(774) Concurrent Cleanup for Next Mark 4.867ms
[324.851s][info][gc          ] GC(774) Concurrent Mark Cycle 1526.743ms
[325.177s][info][gc,start    ] GC(777) Pause Young (Prepare Mixed) (G1 Evacuation Pause)
[325.177s][info][gc,task     ] GC(777) Using 2 workers of 2 for evacuation
[325.238s][info][gc,phases   ] GC(777)   Pre Evacuate Collection Set: 0.28ms
[325.238s][info][gc,phases   ] GC(777)   Merge Heap Roots: 0.20ms
[325.238s][info][gc,phases   ] GC(777)   Evacuate Collection Set: 59.71ms
[325.238s][info][gc,phases   ] GC(777)   Post Evacuate Collection Set: 0.58ms
[325.238s][info][gc,phases   ] GC(777)   Other: 0.11ms
[325.238s][info][gc,heap     ] GC(777) Eden regions: 353->0(321)
[325.238s][info][gc,heap     ] GC(777) Survivor regions: 16->47(47)
[325.238s][info][gc,heap     ] GC(777) Old regions: 497->500
[325.238s][info][gc,heap     ] GC(777) Humongous regions: 8->8
[325.238s][info][gc,metaspace] GC(777) Metaspace: 18842K(19008K)->18842K(19008K) NonClass: 16181K(16256K)->16181K(16256K) Class: 2660K(2752K)->2660K(2752K)
[325.238s][info][gc          ] GC(777) Pause Young (Prepare Mixed) (G1 Evacuation Pause) 873M->555M(978M) 61.190ms
[325.238s][info][gc,cpu      ] GC(777) User=0.12s Sys=0.00s Real=0.07s
[325.538s][info][gc,start    ] GC(778) Pause Young (Mixed) (G1 Evacuation Pause)
[325.538s][info][gc,task     ] GC(778) Using 2 workers of 2 for evacuation
[325.598s][info][gc,phases   ] GC(778)   Pre Evacuate Collection Set: 0.52ms
[325.598s][info][gc,phases   ] GC(778)   Merge Heap Roots: 0.26ms
[325.598s][info][gc,phases   ] GC(778)   Evacuate Collection Set: 58.64ms
[325.598s][info][gc,phases   ] GC(778)   Post Evacuate Collection Set: 0.56ms
[325.598s][info][gc,phases   ] GC(778)   Other: 0.08ms
[325.598s][info][gc,heap     ] GC(778) Eden regions: 321->0(353)
[325.598s][info][gc,heap     ] GC(778) Survivor regions: 47->5(46)
[325.598s][info][gc,heap     ] GC(778) Old regions: 500->521
[325.598s][info][gc,heap     ] GC(778) Humongous regions: 8->8
[325.598s][info][gc,metaspace] GC(778) Metaspace: 18842K(19008K)->18842K(19008K) NonClass: 16181K(16256K)->16181K(16256K) Class: 2660K(2752K)->2660K(2752K)
[325.598s][info][gc          ] GC(778) Pause Young (Mixed) (G1 Evacuation Pause) 876M->533M(978M) 60.261ms
[325.598s][info][gc,cpu      ] GC(778) User=0.12s Sys=0.00s Real=0.06s
[326.109s][info][gc,start    ] GC(779) Pause Young (Concurrent Start) (G1 Evacuation Pause)
[326.109s][info][gc,task     ] GC(779) Using 2 workers of 2 for evacuation
[326.143s][info][gc,phases   ] GC(779)   Pre Evacuate Collection Set: 0.30ms
[326.143s][info][gc,phases   ] GC(779)   Merge Heap Roots: 0.27ms
[326.143s][info][gc,phases   ] GC(779)   Evacuate Collection Set: 32.40ms
[326.143s][info][gc,phases   ] GC(779)   Post Evacuate Collection Set: 0.56ms
[326.143s][info][gc,phases   ] GC(779)   Other: 0.09ms
[326.143s][info][gc,heap     ] GC(779) Eden regions: 353->0(335)
[326.143s][info][gc,heap     ] GC(779) Survivor regions: 5->28(45)
[326.143s][info][gc,heap     ] GC(779) Old regions: 521->521
[326.143s][info][gc,heap     ] GC(779) Humongous regions: 8->8
[326.143s][info][gc,metaspace] GC(779) Metaspace: 18842K(19008K)->18842K(19008K) NonClass: 16181K(16256K)->16181K(16256K) Class: 2660K(2752K)->2660K(2752K)
[326.143s][info][gc          ] GC(779) Pause Young (Concurrent Start) (G1 Evacuation Pause) 886M->556M(978M) 33.891ms
[326.143s][info][gc,cpu      ] GC(779) User=0.06s Sys=0.00s Real=0.03s
[326.145s][info][gc          ] GC(780) Concurrent Mark Cycle
[326.145s][info][gc,marking  ] GC(780) Concurrent Scan Root Regions
[326.196s][info][gc,marking  ] GC(780) Concurrent Scan Root Regions 51.311ms
[326.196s][info][gc,marking  ] GC(780) Concurrent Mark
[326.196s][info][gc,marking  ] GC(780) Concurrent Mark From Roots
[326.196s][info][gc,task     ] GC(780) Using 1 workers of 1 for marking
[327.141s][info][gc,start    ] GC(781) Pause Young (Normal) (G1 Evacuation Pause)
[327.141s][info][gc,task     ] GC(781) Using 2 workers of 2 for evacuation
[327.196s][info][gc,phases   ] GC(781)   Pre Evacuate Collection Set: 0.50ms
[327.196s][info][gc,phases   ] GC(781)   Merge Heap Roots: 0.28ms
[327.196s][info][gc,phases   ] GC(781)   Evacuate Collection Set: 53.70ms
[327.196s][info][gc,phases   ] GC(781)   Post Evacuate Collection Set: 0.59ms
[327.196s][info][gc,phases   ] GC(781)   Other: 0.09ms
[327.196s][info][gc,heap     ] GC(781) Eden regions: 335->0(304)
[327.196s][info][gc,heap     ] GC(781) Survivor regions: 28->45(46)
[327.196s][info][gc,heap     ] GC(781) Old regions: 521->526
[327.196s][info][gc,heap     ] GC(781) Humongous regions: 8->8
[327.196s][info][gc,metaspace] GC(781) Metaspace: 18842K(19008K)->18842K(19008K) NonClass: 16181K(16256K)->16181K(16256K) Class: 2660K(2752K)->2660K(2752K)
[327.196s][info][gc          ] GC(781) Pause Young (Normal) (G1 Evacuation Pause) 891M->578M(978M) 55.410ms
[327.196s][info][gc,cpu      ] GC(781) User=0.11s Sys=0.00s Real=0.05s
[327.665s][info][gc,start    ] GC(782) Pause Young (Normal) (G1 Evacuation Pause)
[327.665s][info][gc,task     ] GC(782) Using 2 workers of 2 for evacuation
[327.726s][info][gc,phases   ] GC(782)   Pre Evacuate Collection Set: 0.29ms
[327.726s][info][gc,phases   ] GC(782)   Merge Heap Roots: 0.24ms
[327.726s][info][gc,phases   ] GC(782)   Evacuate Collection Set: 59.70ms
[327.726s][info][gc,phases   ] GC(782)   Post Evacuate Collection Set: 0.54ms
[327.726s][info][gc,phases   ] GC(782)   Other: 0.09ms
[327.726s][info][gc,heap     ] GC(782) Eden regions: 304->0(297)
[327.726s][info][gc,heap     ] GC(782) Survivor regions: 45->37(44)
[327.726s][info][gc,heap     ] GC(782) Old regions: 526->549
[327.726s][info][gc,heap     ] GC(782) Humongous regions: 8->8
[327.726s][info][gc,metaspace] GC(782) Metaspace: 18842K(19008K)->18842K(19008K) NonClass: 16181K(16256K)->16181K(16256K) Class: 2660K(2752K)->2660K(2752K)
[327.726s][info][gc          ] GC(782) Pause Young (Normal) (G1 Evacuation Pause) 882M->593M(978M) 61.119ms
[327.726s][info][gc,cpu      ] GC(782) User=0.12s Sys=0.00s Real=0.06s
[327.754s][info][gc,marking  ] GC(780) Concurrent Mark From Roots 1557.474ms
[327.754s][info][gc,marking  ] GC(780) Concurrent Preclean
[327.754s][info][gc,marking  ] GC(780) Concurrent Preclean 0.029ms
[327.755s][info][gc,start    ] GC(780) Pause Remark
[327.763s][info][gc          ] GC(780) Pause Remark 608M->607M(978M) 7.450ms
[327.763s][info][gc,cpu      ] GC(780) User=0.01s Sys=0.00s Real=0.01s
[327.763s][info][gc,marking  ] GC(780) Concurrent Mark 1566.448ms
[327.763s][info][gc,marking  ] GC(780) Concurrent Rebuild Remembered Sets and Scrub Regions
[328.249s][info][gc,marking  ] GC(780) Concurrent Rebuild Remembered Sets and Scrub Regions 486.404ms
[328.249s][info][gc,start    ] GC(780) Pause Cleanup
[328.250s][info][gc          ] GC(780) Pause Cleanup 864M->864M(978M) 0.103ms
[328.250s][info][gc,cpu      ] GC(780) User=0.00s Sys=0.00s Real=0.00s
[328.251s][info][gc,marking  ] GC(780) Concurrent Clear Claimed Marks
[328.252s][info][gc,marking  ] GC(780) Concurrent Clear Claimed Marks 0.053ms
[328.252s][info][gc,marking  ] GC(780) Concurrent Cleanup for Next Mark
[328.259s][info][gc,marking  ] GC(780) Concurrent Cleanup for Next Mark 7.263ms
[328.259s][info][gc          ] GC(780) Concurrent Mark Cycle 2113.933ms
[328.278s][info][gc,start    ] GC(783) Pause Young (Prepare Mixed) (G1 Evacuation Pause)
[328.278s][info][gc,task     ] GC(783) Using 2 workers of 2 for evacuation
[328.333s][info][gc,phases   ] GC(783)   Pre Evacuate Collection Set: 0.47ms
[328.333s][info][gc,phases   ] GC(783)   Merge Heap Roots: 0.30ms
[328.333s][info][gc,phases   ] GC(783)   Evacuate Collection Set: 52.77ms
[328.333s][info][gc,phases   ] GC(783)   Post Evacuate Collection Set: 0.54ms
[328.333s][info][gc,phases   ] GC(783)   Other: 0.08ms
[328.333s][info][gc,heap     ] GC(783) Eden regions: 297->0(286)
[328.333s][info][gc,heap     ] GC(783) Survivor regions: 37->32(42)
[328.333s][info][gc,heap     ] GC(783) Old regions: 549->571
[328.333s][info][gc,heap     ] GC(783) Humongous regions: 7->7
[328.333s][info][gc,metaspace] GC(783) Metaspace: 18842K(19008K)->18842K(19008K) NonClass: 16181K(16256K)->16181K(16256K) Class: 2660K(2752K)->2660K(2752K)
[328.333s][info][gc          ] GC(783) Pause Young (Prepare Mixed) (G1 Evacuation Pause) 889M->610M(978M) 54.396ms
[328.333s][info][gc,cpu      ] GC(783) User=0.11s Sys=0.00s Real=0.05s
[328.994s][info][gc,start    ] GC(784) Pause Young (Mixed) (G1 Evacuation Pause)
[328.994s][info][gc,task     ] GC(784) Using 2 workers of 2 for evacuation
[329.040s][info][gc,phases   ] GC(784)   Pre Evacuate Collection Set: 0.55ms
[329.040s][info][gc,phases   ] GC(784)   Merge Heap Roots: 0.31ms
[329.040s][info][gc,phases   ] GC(784)   Evacuate Collection Set: 43.68ms
[329.040s][info][gc,phases   ] GC(784)   Post Evacuate Collection Set: 0.51ms
[329.040s][info][gc,phases   ] GC(784)   Other: 0.08ms
[329.040s][info][gc,heap     ] GC(784) Eden regions: 286->0(290)
[329.040s][info][gc,heap     ] GC(784) Survivor regions: 32->27(40)
[329.040s][info][gc,heap     ] GC(784) Old regions: 571->577
[329.040s][info][gc,heap     ] GC(784) Humongous regions: 7->7
[329.040s][info][gc,metaspace] GC(784) Metaspace: 18842K(19008K)->18842K(19008K) NonClass: 16181K(16256K)->16181K(16256K) Class: 2660K(2752K)->2660K(2752K)
[329.040s][info][gc          ] GC(784) Pause Young (Mixed) (G1 Evacuation Pause) 896M->610M(978M) 45.393ms
[329.040s][info][gc,cpu      ] GC(784) User=0.09s Sys=0.00s Real=0.05s
[329.423s][info][gc,start    ] GC(785) Pause Young (Concurrent Start) (G1 Evacuation Pause)
[329.423s][info][gc,task     ] GC(785) Using 2 workers of 2 for evacuation
[329.504s][info][gc,phases   ] GC(785)   Pre Evacuate Collection Set: 0.31ms
[329.504s][info][gc,phases   ] GC(785)   Merge Heap Roots: 0.20ms
[329.504s][info][gc,phases   ] GC(785)   Evacuate Collection Set: 78.07ms
[329.504s][info][gc,phases   ] GC(785)   Post Evacuate Collection Set: 2.16ms
[329.504s][info][gc,phases   ] GC(785)   Other: 0.10ms
[329.504s][info][gc,heap     ] GC(785) Eden regions: 290->0(206)
[329.504s][info][gc,heap     ] GC(785) Survivor regions: 27->40(40)
[329.504s][info][gc,heap     ] GC(785) Old regions: 577->635
[329.504s][info][gc,heap     ] GC(785) Humongous regions: 7->7
[329.504s][info][gc,metaspace] GC(785) Metaspace: 18842K(19008K)->18842K(19008K) NonClass: 16181K(16256K)->16181K(16256K) Class: 2660K(2752K)->2660K(2752K)
[329.504s][info][gc          ] GC(785) Pause Young (Concurrent Start) (G1 Evacuation Pause) (Evacuation Failure: Allocation) 900M->682M(978M) 81.137ms
[329.504s][info][gc          ] GC(786) Concurrent Mark Cycle
[329.504s][info][gc,marking  ] GC(786) Concurrent Scan Root Regions
[329.504s][info][gc,cpu      ] GC(785) User=0.16s Sys=0.00s Real=0.08s
[329.606s][info][gc,marking  ] GC(786) Concurrent Scan Root Regions 101.555ms
[329.606s][info][gc,marking  ] GC(786) Concurrent Mark
[329.606s][info][gc,marking  ] GC(786) Concurrent Mark From Roots
[329.606s][info][gc,task     ] GC(786) Using 1 workers of 1 for marking
[329.894s][info][gc,start    ] GC(787) Pause Young (Normal) (G1 Evacuation Pause)
[329.894s][info][gc,task     ] GC(787) Using 2 workers of 2 for evacuation
[329.953s][info][gc,phases   ] GC(787)   Pre Evacuate Collection Set: 0.32ms
[329.953s][info][gc,phases   ] GC(787)   Merge Heap Roots: 0.41ms
[329.953s][info][gc,phases   ] GC(787)   Evacuate Collection Set: 57.77ms
[329.953s][info][gc,phases   ] GC(787)   Post Evacuate Collection Set: 0.59ms
[329.953s][info][gc,phases   ] GC(787)   Other: 0.10ms
[329.953s][info][gc,heap     ] GC(787) Eden regions: 206->0(220)
[329.953s][info][gc,heap     ] GC(787) Survivor regions: 40->16(31)
[329.953s][info][gc,heap     ] GC(787) Old regions: 635->660
[329.953s][info][gc,heap     ] GC(787) Humongous regions: 7->7
[329.953s][info][gc,metaspace] GC(787) Metaspace: 18842K(19008K)->18842K(19008K) NonClass: 16181K(16256K)->16181K(16256K) Class: 2660K(2752K)->2660K(2752K)
[329.954s][info][gc          ] GC(787) Pause Young (Normal) (G1 Evacuation Pause) 888M->682M(978M) 59.459ms
[329.954s][info][gc,cpu      ] GC(787) User=0.12s Sys=0.00s Real=0.06s
[330.608s][info][gc,start    ] GC(788) Pause Young (Normal) (G1 Evacuation Pause)
[330.608s][info][gc,task     ] GC(788) Using 2 workers of 2 for evacuation
[330.653s][info][gc,phases   ] GC(788)   Pre Evacuate Collection Set: 0.31ms
[330.653s][info][gc,phases   ] GC(788)   Merge Heap Roots: 0.33ms
[330.653s][info][gc,phases   ] GC(788)   Evacuate Collection Set: 43.86ms
[330.653s][info][gc,phases   ] GC(788)   Post Evacuate Collection Set: 0.51ms
[330.653s][info][gc,phases   ] GC(788)   Other: 0.09ms
[330.653s][info][gc,heap     ] GC(788) Eden regions: 220->0(205)
[330.653s][info][gc,heap     ] GC(788) Survivor regions: 16->16(30)
[330.653s][info][gc,heap     ] GC(788) Old regions: 660->676
[330.653s][info][gc,heap     ] GC(788) Humongous regions: 10->10
[330.653s][info][gc,metaspace] GC(788) Metaspace: 18842K(19008K)->18842K(19008K) NonClass: 16181K(16256K)->16181K(16256K) Class: 2660K(2752K)->2660K(2752K)
[330.653s][info][gc          ] GC(788) Pause Young (Normal) (G1 Evacuation Pause) 905M->702M(978M) 45.326ms
[330.653s][info][gc,cpu      ] GC(788) User=0.09s Sys=0.00s Real=0.04s
[331.097s][info][gc,marking  ] GC(786) Concurrent Mark From Roots 1490.605ms
[331.097s][info][gc,marking  ] GC(786) Concurrent Preclean
[331.097s][info][gc,marking  ] GC(786) Concurrent Preclean 0.042ms
[331.097s][info][gc,start    ] GC(786) Pause Remark
[331.104s][info][gc          ] GC(786) Pause Remark 836M->774M(978M) 7.574ms
[331.104s][info][gc,cpu      ] GC(786) User=0.02s Sys=0.00s Real=0.01s
[331.104s][info][gc,marking  ] GC(786) Concurrent Mark 1498.544ms
[331.105s][info][gc,marking  ] GC(786) Concurrent Rebuild Remembered Sets and Scrub Regions
[331.269s][info][gc,start    ] GC(789) Pause Young (Normal) (G1 Evacuation Pause)
[331.269s][info][gc,task     ] GC(789) Using 2 workers of 2 for evacuation
[331.295s][info][gc,phases   ] GC(789)   Pre Evacuate Collection Set: 0.27ms
[331.295s][info][gc,phases   ] GC(789)   Merge Heap Roots: 0.17ms
[331.295s][info][gc,phases   ] GC(789)   Evacuate Collection Set: 24.44ms
[331.295s][info][gc,phases   ] GC(789)   Post Evacuate Collection Set: 0.40ms
[331.295s][info][gc,phases   ] GC(789)   Other: 0.10ms
[331.295s][info][gc,heap     ] GC(789) Eden regions: 205->0(269)
[331.295s][info][gc,heap     ] GC(789) Survivor regions: 16->1(28)
[331.295s][info][gc,heap     ] GC(789) Old regions: 615->631
[331.295s][info][gc,heap     ] GC(789) Humongous regions: 9->9
[331.295s][info][gc,metaspace] GC(789) Metaspace: 18842K(19008K)->18842K(19008K) NonClass: 16181K(16256K)->16181K(16256K) Class: 2660K(2752K)->2660K(2752K)
[331.295s][info][gc          ] GC(789) Pause Young (Normal) (G1 Evacuation Pause) 845M->641M(978M) 25.592ms
[331.295s][info][gc,cpu      ] GC(789) User=0.05s Sys=0.00s Real=0.02s
[331.662s][info][gc,marking  ] GC(786) Concurrent Rebuild Remembered Sets and Scrub Regions 557.433ms
[331.664s][info][gc,start    ] GC(786) Pause Cleanup
[331.664s][info][gc          ] GC(786) Pause Cleanup 751M->751M(978M) 0.137ms
[331.664s][info][gc,cpu      ] GC(786) User=0.00s Sys=0.00s Real=0.00s
[331.664s][info][gc,marking  ] GC(786) Concurrent Clear Claimed Marks
[331.664s][info][gc,marking  ] GC(786) Concurrent Clear Claimed Marks 0.031ms
[331.664s][info][gc,marking  ] GC(786) Concurrent Cleanup for Next Mark
[331.669s][info][gc,marking  ] GC(786) Concurrent Cleanup for Next Mark 4.897ms
[331.669s][info][gc          ] GC(786) Concurrent Mark Cycle 2164.542ms
[331.885s][info][gc,start    ] GC(790) Pause Young (Prepare Mixed) (G1 Evacuation Pause)
[331.885s][info][gc,task     ] GC(790) Using 2 workers of 2 for evacuation
[331.902s][info][gc,phases   ] GC(790)   Pre Evacuate Collection Set: 0.28ms
[331.902s][info][gc,phases   ] GC(790)   Merge Heap Roots: 0.09ms
[331.902s][info][gc,phases   ] GC(790)   Evacuate Collection Set: 15.58ms
[331.902s][info][gc,phases   ] GC(790)   Post Evacuate Collection Set: 0.46ms
[331.902s][info][gc,phases   ] GC(790)   Other: 0.10ms
[331.902s][info][gc,heap     ] GC(790) Eden regions: 269->0(252)
[331.902s][info][gc,heap     ] GC(790) Survivor regions: 1->18(34)
[331.902s][info][gc,heap     ] GC(790) Old regions: 631->631
[331.902s][info][gc,heap     ] GC(790) Humongous regions: 9->9
[331.902s][info][gc,metaspace] GC(790) Metaspace: 18842K(19008K)->18842K(19008K) NonClass: 16181K(16256K)->16181K(16256K) Class: 2660K(2752K)->2660K(2752K)
[331.902s][info][gc          ] GC(790) Pause Young (Prepare Mixed) (G1 Evacuation Pause) 910M->658M(978M) 16.724ms
[331.902s][info][gc,cpu      ] GC(790) User=0.03s Sys=0.00s Real=0.02s
[332.134s][info][gc,start    ] GC(791) Pause Young (Mixed) (G1 Evacuation Pause)
[332.134s][info][gc,task     ] GC(791) Using 2 workers of 2 for evacuation
[332.228s][info][gc,phases   ] GC(791)   Pre Evacuate Collection Set: 0.51ms
[332.228s][info][gc,phases   ] GC(791)   Merge Heap Roots: 0.51ms
[332.228s][info][gc,phases   ] GC(791)   Evacuate Collection Set: 88.44ms
[332.228s][info][gc,phases   ] GC(791)   Post Evacuate Collection Set: 4.28ms
[332.228s][info][gc,phases   ] GC(791)   Other: 0.08ms
[332.228s][info][gc,heap     ] GC(791) Eden regions: 252->0(122)
[332.228s][info][gc,heap     ] GC(791) Survivor regions: 18->34(34)
[332.228s][info][gc,heap     ] GC(791) Old regions: 631->729
[332.228s][info][gc,heap     ] GC(791) Humongous regions: 9->9
[332.228s][info][gc,metaspace] GC(791) Metaspace: 18842K(19008K)->18842K(19008K) NonClass: 16181K(16256K)->16181K(16256K) Class: 2660K(2752K)->2660K(2752K)
[332.228s][info][gc          ] GC(791) Pause Young (Mixed) (G1 Evacuation Pause) (Evacuation Failure: Allocation) 910M->772M(978M) 94.066ms
[332.228s][info][gc,cpu      ] GC(791) User=0.19s Sys=0.00s Real=0.10s
[332.369s][info][gc,start    ] GC(792) Pause Young (Concurrent Start) (G1 Evacuation Pause)
[332.369s][info][gc,task     ] GC(792) Using 2 workers of 2 for evacuation
[332.408s][info][gc,phases   ] GC(792)   Pre Evacuate Collection Set: 0.38ms
[332.408s][info][gc,phases   ] GC(792)   Merge Heap Roots: 0.35ms
[332.408s][info][gc,phases   ] GC(792)   Evacuate Collection Set: 37.01ms
[332.408s][info][gc,phases   ] GC(792)   Post Evacuate Collection Set: 0.46ms
[332.408s][info][gc,phases   ] GC(792)   Other: 0.20ms
[332.408s][info][gc,heap     ] GC(792) Eden regions: 122->0(214)
[332.408s][info][gc,heap     ] GC(792) Survivor regions: 34->1(20)
[332.408s][info][gc,heap     ] GC(792) Old regions: 729->690
[332.408s][info][gc,heap     ] GC(792) Humongous regions: 9->9
[332.408s][info][gc,metaspace] GC(792) Metaspace: 18842K(19008K)->18842K(19008K) NonClass: 16181K(16256K)->16181K(16256K) Class: 2660K(2752K)->2660K(2752K)
[332.408s][info][gc          ] GC(792) Pause Young (Concurrent Start) (G1 Evacuation Pause) 894M->699M(978M) 38.641ms
[332.408s][info][gc          ] GC(793) Concurrent Mark Cycle
[332.408s][info][gc,marking  ] GC(793) Concurrent Scan Root Regions
[332.408s][info][gc,cpu      ] GC(792) User=0.07s Sys=0.00s Real=0.04s
[332.449s][info][gc,marking  ] GC(793) Concurrent Scan Root Regions 41.359ms
[332.449s][info][gc,marking  ] GC(793) Concurrent Mark
[332.449s][info][gc,marking  ] GC(793) Concurrent Mark From Roots
[332.449s][info][gc,task     ] GC(793) Using 1 workers of 1 for marking
[332.823s][info][gc,start    ] GC(794) Pause Young (Normal) (G1 Evacuation Pause)
[332.824s][info][gc,task     ] GC(794) Using 2 workers of 2 for evacuation
[332.826s][info][gc,phases   ] GC(794)   Pre Evacuate Collection Set: 0.29ms
[332.826s][info][gc,phases   ] GC(794)   Merge Heap Roots: 0.09ms
[332.826s][info][gc,phases   ] GC(794)   Evacuate Collection Set: 1.15ms
[332.826s][info][gc,phases   ] GC(794)   Post Evacuate Collection Set: 0.37ms
[332.826s][info][gc,phases   ] GC(794)   Other: 0.08ms
[332.826s][info][gc,heap     ] GC(794) Eden regions: 214->0(225)
[332.826s][info][gc,heap     ] GC(794) Survivor regions: 1->1(27)
[332.826s][info][gc,heap     ] GC(794) Old regions: 690->690
[332.826s][info][gc,heap     ] GC(794) Humongous regions: 9->9
[332.826s][info][gc,metaspace] GC(794) Metaspace: 18842K(19008K)->18842K(19008K) NonClass: 16181K(16256K)->16181K(16256K) Class: 2660K(2752K)->2660K(2752K)
[332.826s][info][gc          ] GC(794) Pause Young (Normal) (G1 Evacuation Pause) 913M->699M(978M) 2.210ms
[332.826s][info][gc,cpu      ] GC(794) User=0.00s Sys=0.00s Real=0.00s
[333.307s][info][gc,start    ] GC(795) Pause Young (Normal) (G1 Evacuation Pause)
[333.307s][info][gc,task     ] GC(795) Using 2 workers of 2 for evacuation
[333.309s][info][gc,phases   ] GC(795)   Pre Evacuate Collection Set: 0.29ms
[333.309s][info][gc,phases   ] GC(795)   Merge Heap Roots: 0.10ms
[333.309s][info][gc,phases   ] GC(795)   Evacuate Collection Set: 1.17ms
[333.309s][info][gc,phases   ] GC(795)   Post Evacuate Collection Set: 0.40ms
[333.309s][info][gc,phases   ] GC(795)   Other: 0.08ms
[333.309s][info][gc,heap     ] GC(795) Eden regions: 225->0(227)
[333.309s][info][gc,heap     ] GC(795) Survivor regions: 1->1(29)
[333.309s][info][gc,heap     ] GC(795) Old regions: 690->690
[333.309s][info][gc,heap     ] GC(795) Humongous regions: 9->9
[333.309s][info][gc,metaspace] GC(795) Metaspace: 18842K(19008K)->18842K(19008K) NonClass: 16181K(16256K)->16181K(16256K) Class: 2660K(2752K)->2660K(2752K)
[333.309s][info][gc          ] GC(795) Pause Young (Normal) (G1 Evacuation Pause) 924M->699M(978M) 2.257ms
[333.309s][info][gc,cpu      ] GC(795) User=0.01s Sys=0.00s Real=0.00s
[333.350s][info][gc,marking  ] GC(793) Concurrent Mark From Roots 900.809ms
[333.350s][info][gc,marking  ] GC(793) Concurrent Preclean
[333.350s][info][gc,marking  ] GC(793) Concurrent Preclean 0.036ms
[333.350s][info][gc,start    ] GC(793) Pause Remark
[333.358s][info][gc          ] GC(793) Pause Remark 718M->507M(978M) 7.667ms
[333.358s][info][gc,cpu      ] GC(793) User=0.01s Sys=0.00s Real=0.01s
[333.359s][info][gc,marking  ] GC(793) Concurrent Mark 909.810ms
[333.359s][info][gc,marking  ] GC(793) Concurrent Rebuild Remembered Sets and Scrub Regions
[333.646s][info][gc,marking  ] GC(793) Concurrent Rebuild Remembered Sets and Scrub Regions 287.474ms
[333.647s][info][gc,start    ] GC(793) Pause Cleanup
[333.647s][info][gc          ] GC(793) Pause Cleanup 676M->676M(978M) 0.156ms
[333.647s][info][gc,cpu      ] GC(793) User=0.00s Sys=0.00s Real=0.00s
[333.647s][info][gc,marking  ] GC(793) Concurrent Clear Claimed Marks
[333.647s][info][gc,marking  ] GC(793) Concurrent Clear Claimed Marks 0.039ms
[333.647s][info][gc,marking  ] GC(793) Concurrent Cleanup for Next Mark
[333.650s][info][gc,marking  ] GC(793) Concurrent Cleanup for Next Mark 2.981ms
[333.650s][info][gc          ] GC(793) Concurrent Mark Cycle 1242.271ms
[333.711s][info][gc,start    ] GC(796) Pause Young (Prepare Mixed) (G1 Evacuation Pause)
[333.711s][info][gc,task     ] GC(796) Using 2 workers of 2 for evacuation
[333.713s][info][gc,phases   ] GC(796)   Pre Evacuate Collection Set: 0.45ms
[333.713s][info][gc,phases   ] GC(796)   Merge Heap Roots: 0.11ms
[333.713s][info][gc,phases   ] GC(796)   Evacuate Collection Set: 1.45ms
[333.713s][info][gc,phases   ] GC(796)   Post Evacuate Collection Set: 0.42ms
[333.713s][info][gc,phases   ] GC(796)   Other: 0.10ms
[333.713s][info][gc,heap     ] GC(796) Eden regions: 227->0(426)
[333.713s][info][gc,heap     ] GC(796) Survivor regions: 1->1(29)
[333.713s][info][gc,heap     ] GC(796) Old regions: 484->484
[333.713s][info][gc,heap     ] GC(796) Humongous regions: 4->4
[333.713s][info][gc,metaspace] GC(796) Metaspace: 18842K(19008K)->18842K(19008K) NonClass: 16181K(16256K)->16181K(16256K) Class: 2660K(2752K)->2660K(2752K)
[333.713s][info][gc          ] GC(796) Pause Young (Prepare Mixed) (G1 Evacuation Pause) 715M->488M(978M) 2.686ms
[333.713s][info][gc,cpu      ] GC(796) User=0.00s Sys=0.00s Real=0.00s
[334.099s][info][gc,start    ] GC(797) Pause Young (Mixed) (G1 Evacuation Pause)
[334.099s][info][gc,task     ] GC(797) Using 2 workers of 2 for evacuation
[334.183s][info][gc,phases   ] GC(797)   Pre Evacuate Collection Set: 0.34ms
[334.183s][info][gc,phases   ] GC(797)   Merge Heap Roots: 0.55ms
[334.183s][info][gc,phases   ] GC(797)   Evacuate Collection Set: 81.82ms
[334.183s][info][gc,phases   ] GC(797)   Post Evacuate Collection Set: 0.85ms
[334.183s][info][gc,phases   ] GC(797)   Other: 0.11ms
[334.183s][info][gc,heap     ] GC(797) Eden regions: 426->0(425)
[334.183s][info][gc,heap     ] GC(797) Survivor regions: 1->54(54)
[334.183s][info][gc,heap     ] GC(797) Old regions: 484->388
[334.183s][info][gc,heap     ] GC(797) Humongous regions: 7->7
[334.183s][info][gc,metaspace] GC(797) Metaspace: 18843K(19008K)->18843K(19008K) NonClass: 16183K(16256K)->16183K(16256K) Class: 2660K(2752K)->2660K(2752K)
[334.183s][info][gc          ] GC(797) Pause Young (Mixed) (G1 Evacuation Pause) 917M->448M(978M) 83.906ms
[334.183s][info][gc,cpu      ] GC(797) User=0.16s Sys=0.00s Real=0.08s
[334.578s][info][gc,start    ] GC(798) Pause Young (Mixed) (G1 Evacuation Pause)
[334.578s][info][gc,task     ] GC(798) Using 2 workers of 2 for evacuation
[334.666s][info][gc,phases   ] GC(798)   Pre Evacuate Collection Set: 0.31ms
[334.666s][info][gc,phases   ] GC(798)   Merge Heap Roots: 0.53ms
[334.666s][info][gc,phases   ] GC(798)   Evacuate Collection Set: 86.67ms
[334.666s][info][gc,phases   ] GC(798)   Post Evacuate Collection Set: 0.70ms
[334.666s][info][gc,phases   ] GC(798)   Other: 0.08ms
[334.666s][info][gc,heap     ] GC(798) Eden regions: 425->0(431)
[334.666s][info][gc,heap     ] GC(798) Survivor regions: 54->14(60)
[334.666s][info][gc,heap     ] GC(798) Old regions: 388->436
[334.666s][info][gc,heap     ] GC(798) Humongous regions: 7->7
[334.666s][info][gc,metaspace] GC(798) Metaspace: 18844K(19008K)->18844K(19008K) NonClass: 16184K(16256K)->16184K(16256K) Class: 2660K(2752K)->2660K(2752K)
[334.667s][info][gc          ] GC(798) Pause Young (Mixed) (G1 Evacuation Pause) 873M->456M(978M) 88.545ms
[334.667s][info][gc,cpu      ] GC(798) User=0.18s Sys=0.00s Real=0.08s
[335.360s][info][gc,start    ] GC(799) Pause Young (Concurrent Start) (G1 Evacuation Pause)
[335.360s][info][gc,task     ] GC(799) Using 2 workers of 2 for evacuation
[335.395s][info][gc,phases   ] GC(799)   Pre Evacuate Collection Set: 0.36ms
[335.395s][info][gc,phases   ] GC(799)   Merge Heap Roots: 0.26ms
[335.395s][info][gc,phases   ] GC(799)   Evacuate Collection Set: 34.15ms
[335.395s][info][gc,phases   ] GC(799)   Post Evacuate Collection Set: 0.65ms
[335.395s][info][gc,phases   ] GC(799)   Other: 0.11ms
[335.395s][info][gc,heap     ] GC(799) Eden regions: 431->0(423)
[335.395s][info][gc,heap     ] GC(799) Survivor regions: 14->28(56)
[335.395s][info][gc,heap     ] GC(799) Old regions: 436->436
[335.395s][info][gc,heap     ] GC(799) Humongous regions: 7->7
[335.395s][info][gc,metaspace] GC(799) Metaspace: 18844K(19008K)->18844K(19008K) NonClass: 16184K(16256K)->16184K(16256K) Class: 2660K(2752K)->2660K(2752K)
[335.395s][info][gc          ] GC(799) Pause Young (Concurrent Start) (G1 Evacuation Pause) 887M->471M(978M) 35.764ms
[335.395s][info][gc,cpu      ] GC(799) User=0.07s Sys=0.00s Real=0.03s
[335.395s][info][gc          ] GC(800) Concurrent Mark Cycle
[335.395s][info][gc,marking  ] GC(800) Concurrent Scan Root Regions
[335.449s][info][gc,marking  ] GC(800) Concurrent Scan Root Regions 53.541ms
[335.449s][info][gc,marking  ] GC(800) Concurrent Mark
[335.449s][info][gc,marking  ] GC(800) Concurrent Mark From Roots
[335.449s][info][gc,task     ] GC(800) Using 1 workers of 1 for marking
[336.155s][info][gc,marking  ] GC(800) Concurrent Mark From Roots 706.296ms
[336.155s][info][gc,marking  ] GC(800) Concurrent Preclean
[336.155s][info][gc,marking  ] GC(800) Concurrent Preclean 0.035ms
[336.156s][info][gc,start    ] GC(800) Pause Remark
[336.163s][info][gc          ] GC(800) Pause Remark 699M->585M(978M) 7.648ms
[336.163s][info][gc,cpu      ] GC(800) User=0.02s Sys=0.00s Real=0.01s
[336.164s][info][gc,marking  ] GC(800) Concurrent Mark 715.021ms
[336.164s][info][gc,marking  ] GC(800) Concurrent Rebuild Remembered Sets and Scrub Regions
[336.463s][info][gc,marking  ] GC(800) Concurrent Rebuild Remembered Sets and Scrub Regions 298.858ms
[336.463s][info][gc,start    ] GC(800) Pause Cleanup
[336.463s][info][gc          ] GC(800) Pause Cleanup 759M->759M(978M) 0.115ms
[336.463s][info][gc,cpu      ] GC(800) User=0.00s Sys=0.00s Real=0.00s
[336.464s][info][gc,marking  ] GC(800) Concurrent Clear Claimed Marks
[336.464s][info][gc,marking  ] GC(800) Concurrent Clear Claimed Marks 0.059ms
[336.464s][info][gc,marking  ] GC(800) Concurrent Cleanup for Next Mark
[336.472s][info][gc,marking  ] GC(800) Concurrent Cleanup for Next Mark 7.325ms
[336.472s][info][gc          ] GC(800) Concurrent Mark Cycle 1076.476ms
[336.489s][info][gc,start    ] GC(801) Pause Young (Prepare Mixed) (G1 Evacuation Pause)
[336.489s][info][gc,task     ] GC(801) Using 2 workers of 2 for evacuation
[336.553s][info][gc,phases   ] GC(801)   Pre Evacuate Collection Set: 0.30ms
[336.553s][info][gc,phases   ] GC(801)   Merge Heap Roots: 0.47ms
[336.553s][info][gc,phases   ] GC(801)   Evacuate Collection Set: 63.13ms
[336.553s][info][gc,phases   ] GC(801)   Post Evacuate Collection Set: 0.65ms
[336.553s][info][gc,phases   ] GC(801)   Other: 0.08ms
[336.554s][info][gc,heap     ] GC(801) Eden regions: 423->0(491)
[336.554s][info][gc,heap     ] GC(801) Survivor regions: 28->54(57)
[336.554s][info][gc,heap     ] GC(801) Old regions: 325->325
[336.554s][info][gc,heap     ] GC(801) Humongous regions: 4->4
[336.554s][info][gc,metaspace] GC(801) Metaspace: 18844K(19008K)->18844K(19008K) NonClass: 16184K(16256K)->16184K(16256K) Class: 2660K(2752K)->2660K(2752K)
[336.554s][info][gc          ] GC(801) Pause Young (Prepare Mixed) (G1 Evacuation Pause) 780M->382M(978M) 64.816ms
[336.554s][info][gc,cpu      ] GC(801) User=0.13s Sys=0.00s Real=0.06s
[337.072s][info][gc,start    ] GC(802) Pause Young (Mixed) (G1 Evacuation Pause)
[337.072s][info][gc,task     ] GC(802) Using 2 workers of 2 for evacuation
[337.148s][info][gc,phases   ] GC(802)   Pre Evacuate Collection Set: 0.31ms
[337.148s][info][gc,phases   ] GC(802)   Merge Heap Roots: 0.32ms
[337.148s][info][gc,phases   ] GC(802)   Evacuate Collection Set: 74.93ms
[337.148s][info][gc,phases   ] GC(802)   Post Evacuate Collection Set: 0.72ms
[337.148s][info][gc,phases   ] GC(802)   Other: 0.10ms
[337.148s][info][gc,heap     ] GC(802) Eden regions: 491->0(516)
[337.148s][info][gc,heap     ] GC(802) Survivor regions: 54->47(69)
[337.148s][info][gc,heap     ] GC(802) Old regions: 325->314
[337.148s][info][gc,heap     ] GC(802) Humongous regions: 4->4
[337.148s][info][gc,metaspace] GC(802) Metaspace: 18844K(19008K)->18844K(19008K) NonClass: 16184K(16256K)->16184K(16256K) Class: 2660K(2752K)->2660K(2752K)
[337.149s][info][gc          ] GC(802) Pause Young (Mixed) (G1 Evacuation Pause) 873M->364M(978M) 76.633ms
[337.149s][info][gc,cpu      ] GC(802) User=0.15s Sys=0.01s Real=0.08s
[337.868s][info][gc,start    ] GC(803) Pause Young (Concurrent Start) (G1 Evacuation Pause)
[337.868s][info][gc,task     ] GC(803) Using 2 workers of 2 for evacuation
[337.959s][info][gc,phases   ] GC(803)   Pre Evacuate Collection Set: 0.30ms
[337.959s][info][gc,phases   ] GC(803)   Merge Heap Roots: 0.32ms
[337.959s][info][gc,phases   ] GC(803)   Evacuate Collection Set: 89.24ms
[337.959s][info][gc,phases   ] GC(803)   Post Evacuate Collection Set: 0.73ms
[337.959s][info][gc,phases   ] GC(803)   Other: 0.12ms
[337.959s][info][gc,heap     ] GC(803) Eden regions: 516->0(448)
[337.959s][info][gc,heap     ] GC(803) Survivor regions: 47->68(71)
[337.959s][info][gc,heap     ] GC(803) Old regions: 314->340
[337.959s][info][gc,heap     ] GC(803) Humongous regions: 4->4
[337.959s][info][gc,metaspace] GC(803) Metaspace: 18844K(19008K)->18844K(19008K) NonClass: 16184K(16256K)->16184K(16256K) Class: 2660K(2752K)->2660K(2752K)
[337.959s][info][gc          ] GC(803) Pause Young (Concurrent Start) (G1 Evacuation Pause) 880M->412M(978M) 90.960ms
[337.959s][info][gc,cpu      ] GC(803) User=0.18s Sys=0.00s Real=0.09s
[337.959s][info][gc          ] GC(804) Concurrent Mark Cycle
[337.959s][info][gc,marking  ] GC(804) Concurrent Scan Root Regions
[338.081s][info][gc,marking  ] GC(804) Concurrent Scan Root Regions 121.939ms
[338.081s][info][gc,marking  ] GC(804) Concurrent Mark
[338.081s][info][gc,marking  ] GC(804) Concurrent Mark From Roots
[338.081s][info][gc,task     ] GC(804) Using 1 workers of 1 for marking
[338.872s][info][gc,marking  ] GC(804) Concurrent Mark From Roots 790.768ms
[338.872s][info][gc,marking  ] GC(804) Concurrent Preclean
[338.872s][info][gc,marking  ] GC(804) Concurrent Preclean 0.037ms
[338.872s][info][gc,start    ] GC(804) Pause Remark
[338.879s][info][gc          ] GC(804) Pause Remark 820M->820M(978M) 7.297ms
[338.879s][info][gc,cpu      ] GC(804) User=0.01s Sys=0.00s Real=0.01s
[338.879s][info][gc,marking  ] GC(804) Concurrent Mark 798.452ms
[338.879s][info][gc,marking  ] GC(804) Concurrent Rebuild Remembered Sets and Scrub Regions
[338.999s][info][gc,start    ] GC(805) Pause Young (Normal) (G1 Evacuation Pause)
[338.999s][info][gc,task     ] GC(805) Using 2 workers of 2 for evacuation
[339.171s][info][gc,phases   ] GC(805)   Pre Evacuate Collection Set: 0.24ms
[339.171s][info][gc,phases   ] GC(805)   Merge Heap Roots: 0.35ms
[339.171s][info][gc,phases   ] GC(805)   Evacuate Collection Set: 154.63ms
[339.171s][info][gc,phases   ] GC(805)   Post Evacuate Collection Set: 16.86ms
[339.171s][info][gc,phases   ] GC(805)   Other: 0.10ms
[339.171s][info][gc,heap     ] GC(805) Eden regions: 448->0(192)
[339.171s][info][gc,heap     ] GC(805) Survivor regions: 68->50(65)
[339.172s][info][gc,heap     ] GC(805) Old regions: 340->632
[339.172s][info][gc,heap     ] GC(805) Humongous regions: 4->4
[339.172s][info][gc,metaspace] GC(805) Metaspace: 18844K(19008K)->18844K(19008K) NonClass: 16184K(16256K)->16184K(16256K) Class: 2660K(2752K)->2660K(2752K)
[339.172s][info][gc          ] GC(805) Pause Young (Normal) (G1 Evacuation Pause) (Evacuation Failure: Allocation) 860M->686M(978M) 172.419ms
[339.172s][info][gc,cpu      ] GC(805) User=0.34s Sys=0.00s Real=0.17s
[339.350s][info][gc,marking  ] GC(804) Concurrent Rebuild Remembered Sets and Scrub Regions 470.427ms
[339.350s][info][gc,start    ] GC(804) Pause Cleanup
[339.350s][info][gc          ] GC(804) Pause Cleanup 765M->765M(978M) 0.113ms
[339.350s][info][gc,cpu      ] GC(804) User=0.00s Sys=0.00s Real=0.00s
[339.350s][info][gc,marking  ] GC(804) Concurrent Clear Claimed Marks
[339.350s][info][gc,marking  ] GC(804) Concurrent Clear Claimed Marks 0.041ms
[339.351s][info][gc,marking  ] GC(804) Concurrent Cleanup for Next Mark
[339.355s][info][gc,marking  ] GC(804) Concurrent Cleanup for Next Mark 4.874ms
[339.355s][info][gc          ] GC(804) Concurrent Mark Cycle 1396.506ms
[339.540s][info][gc,start    ] GC(806) Pause Young (Prepare Mixed) (G1 Evacuation Pause)
[339.540s][info][gc,task     ] GC(806) Using 2 workers of 2 for evacuation
[339.657s][info][gc,phases   ] GC(806)   Pre Evacuate Collection Set: 0.40ms
[339.657s][info][gc,phases   ] GC(806)   Merge Heap Roots: 0.64ms
[339.657s][info][gc,phases   ] GC(806)   Evacuate Collection Set: 112.06ms
[339.657s][info][gc,phases   ] GC(806)   Post Evacuate Collection Set: 4.19ms
[339.657s][info][gc,phases   ] GC(806)   Other: 0.10ms
[339.657s][info][gc,heap     ] GC(806) Eden regions: 192->0(292)
[339.657s][info][gc,heap     ] GC(806) Survivor regions: 50->9(31)
[339.658s][info][gc,heap     ] GC(806) Old regions: 632->586
[339.658s][info][gc,heap     ] GC(806) Humongous regions: 7->7
[339.658s][info][gc,metaspace] GC(806) Metaspace: 18844K(19008K)->18844K(19008K) NonClass: 16184K(16256K)->16184K(16256K) Class: 2660K(2752K)->2660K(2752K)
[339.658s][info][gc          ] GC(806) Pause Young (Prepare Mixed) (G1 Evacuation Pause) (Evacuation Failure: Allocation) 881M->602M(978M) 117.675ms
[339.658s][info][gc,cpu      ] GC(806) User=0.23s Sys=0.01s Real=0.12s
[340.033s][info][gc,start    ] GC(807) Pause Young (Mixed) (G1 Evacuation Pause)
[340.033s][info][gc,task     ] GC(807) Using 2 workers of 2 for evacuation
[340.171s][info][gc,phases   ] GC(807)   Pre Evacuate Collection Set: 0.35ms
[340.171s][info][gc,phases   ] GC(807)   Merge Heap Roots: 0.99ms
[340.171s][info][gc,phases   ] GC(807)   Evacuate Collection Set: 128.60ms
[340.171s][info][gc,phases   ] GC(807)   Post Evacuate Collection Set: 7.21ms
[340.171s][info][gc,phases   ] GC(807)   Other: 0.11ms
[340.171s][info][gc,heap     ] GC(807) Eden regions: 292->0(236)
[340.171s][info][gc,heap     ] GC(807) Survivor regions: 9->38(38)
[340.171s][info][gc,heap     ] GC(807) Old regions: 586->605
[340.171s][info][gc,heap     ] GC(807) Humongous regions: 10->10
[340.171s][info][gc,metaspace] GC(807) Metaspace: 18844K(19008K)->18844K(19008K) NonClass: 16184K(16256K)->16184K(16256K) Class: 2660K(2752K)->2660K(2752K)
[340.171s][info][gc          ] GC(807) Pause Young (Mixed) (G1 Evacuation Pause) (Evacuation Failure: Allocation) 897M->653M(978M) 137.524ms
[340.171s][info][gc,cpu      ] GC(807) User=0.28s Sys=0.00s Real=0.14s
[340.396s][info][gc,start    ] GC(808) Pause Young (Concurrent Start) (G1 Humongous Allocation)
[340.396s][info][gc,task     ] GC(808) Using 2 workers of 2 for evacuation
[340.503s][info][gc,phases   ] GC(808)   Pre Evacuate Collection Set: 0.33ms
[340.503s][info][gc,phases   ] GC(808)   Merge Heap Roots: 0.83ms
[340.503s][info][gc,phases   ] GC(808)   Evacuate Collection Set: 105.37ms
[340.503s][info][gc,phases   ] GC(808)   Post Evacuate Collection Set: 0.64ms
[340.503s][info][gc,phases   ] GC(808)   Other: 0.12ms
[340.503s][info][gc,heap     ] GC(808) Eden regions: 125->0(262)
[340.503s][info][gc,heap     ] GC(808) Survivor regions: 38->11(35)
[340.503s][info][gc,heap     ] GC(808) Old regions: 605->588
[340.503s][info][gc,heap     ] GC(808) Humongous regions: 10->10
[340.504s][info][gc,metaspace] GC(808) Metaspace: 18844K(19008K)->18844K(19008K) NonClass: 16184K(16256K)->16184K(16256K) Class: 2660K(2752K)->2660K(2752K)
[340.504s][info][gc          ] GC(808) Pause Young (Concurrent Start) (G1 Humongous Allocation) 778M->608M(978M) 107.561ms
[340.504s][info][gc          ] GC(809) Concurrent Mark Cycle
[340.504s][info][gc,marking  ] GC(809) Concurrent Scan Root Regions
[340.506s][info][gc,cpu      ] GC(808) User=0.22s Sys=0.00s Real=0.11s
[340.649s][info][gc,marking  ] GC(809) Concurrent Scan Root Regions 145.779ms
[340.649s][info][gc,marking  ] GC(809) Concurrent Mark
[340.649s][info][gc,marking  ] GC(809) Concurrent Mark From Roots
[340.649s][info][gc,task     ] GC(809) Using 1 workers of 1 for marking
[341.403s][info][gc,start    ] GC(810) Pause Young (Normal) (G1 Evacuation Pause)
[341.403s][info][gc,task     ] GC(810) Using 2 workers of 2 for evacuation
[341.434s][info][gc,phases   ] GC(810)   Pre Evacuate Collection Set: 0.51ms
[341.434s][info][gc,phases   ] GC(810)   Merge Heap Roots: 0.36ms
[341.434s][info][gc,phases   ] GC(810)   Evacuate Collection Set: 29.43ms
[341.435s][info][gc,phases   ] GC(810)   Post Evacuate Collection Set: 0.58ms
[341.435s][info][gc,phases   ] GC(810)   Other: 0.10ms
[341.435s][info][gc,heap     ] GC(810) Eden regions: 262->0(268)
[341.435s][info][gc,heap     ] GC(810) Survivor regions: 11->17(35)
[341.435s][info][gc,heap     ] GC(810) Old regions: 588->588
[341.435s][info][gc,heap     ] GC(810) Humongous regions: 13->13
[341.435s][info][gc,metaspace] GC(810) Metaspace: 18844K(19008K)->18844K(19008K) NonClass: 16184K(16256K)->16184K(16256K) Class: 2660K(2752K)->2660K(2752K)
[341.435s][info][gc          ] GC(810) Pause Young (Normal) (G1 Evacuation Pause) 873M->617M(978M) 31.244ms
[341.435s][info][gc,cpu      ] GC(810) User=0.06s Sys=0.00s Real=0.03s
[341.553s][info][gc,marking  ] GC(809) Concurrent Mark From Roots 903.972ms
[341.553s][info][gc,marking  ] GC(809) Concurrent Preclean
[341.554s][info][gc,marking  ] GC(809) Concurrent Preclean 0.031ms
[341.554s][info][gc,start    ] GC(809) Pause Remark
[341.561s][info][gc          ] GC(809) Pause Remark 653M->558M(978M) 7.602ms
[341.561s][info][gc,cpu      ] GC(809) User=0.02s Sys=0.00s Real=0.01s
[341.563s][info][gc,marking  ] GC(809) Concurrent Mark 913.497ms
[341.563s][info][gc,marking  ] GC(809) Concurrent Rebuild Remembered Sets and Scrub Regions
[341.931s][info][gc,marking  ] GC(809) Concurrent Rebuild Remembered Sets and Scrub Regions 367.929ms
[341.931s][info][gc,start    ] GC(809) Pause Cleanup
[341.931s][info][gc          ] GC(809) Pause Cleanup 717M->717M(978M) 0.116ms
[341.931s][info][gc,cpu      ] GC(809) User=0.00s Sys=0.00s Real=0.00s
[341.931s][info][gc,marking  ] GC(809) Concurrent Clear Claimed Marks
[341.931s][info][gc,marking  ] GC(809) Concurrent Clear Claimed Marks 0.031ms
[341.931s][info][gc,marking  ] GC(809) Concurrent Cleanup for Next Mark
[341.934s][info][gc,marking  ] GC(809) Concurrent Cleanup for Next Mark 2.779ms
[341.934s][info][gc          ] GC(809) Concurrent Mark Cycle 1430.576ms
[342.046s][info][gc,start    ] GC(811) Pause Young (Prepare Mixed) (G1 Evacuation Pause)
[342.046s][info][gc,task     ] GC(811) Using 2 workers of 2 for evacuation
[342.075s][info][gc,phases   ] GC(811)   Pre Evacuate Collection Set: 0.49ms
[342.075s][info][gc,phases   ] GC(811)   Merge Heap Roots: 0.52ms
[342.075s][info][gc,phases   ] GC(811)   Evacuate Collection Set: 27.30ms
[342.075s][info][gc,phases   ] GC(811)   Post Evacuate Collection Set: 0.60ms
[342.075s][info][gc,phases   ] GC(811)   Other: 0.10ms
[342.075s][info][gc,heap     ] GC(811) Eden regions: 268->0(355)
[342.075s][info][gc,heap     ] GC(811) Survivor regions: 17->17(36)
[342.075s][info][gc,heap     ] GC(811) Old regions: 498->498
[342.075s][info][gc,heap     ] GC(811) Humongous regions: 8->8
[342.075s][info][gc,metaspace] GC(811) Metaspace: 18844K(19008K)->18844K(19008K) NonClass: 16184K(16256K)->16184K(16256K) Class: 2660K(2752K)->2660K(2752K)
[342.076s][info][gc          ] GC(811) Pause Young (Prepare Mixed) (G1 Evacuation Pause) 790M->522M(978M) 29.250ms
[342.076s][info][gc,cpu      ] GC(811) User=0.06s Sys=0.00s Real=0.03s
[342.611s][info][gc,start    ] GC(812) Pause Young (Mixed) (G1 Evacuation Pause)
[342.611s][info][gc,task     ] GC(812) Using 2 workers of 2 for evacuation
[342.640s][info][gc,phases   ] GC(812)   Pre Evacuate Collection Set: 0.34ms
[342.640s][info][gc,phases   ] GC(812)   Merge Heap Roots: 0.39ms
[342.640s][info][gc,phases   ] GC(812)   Evacuate Collection Set: 28.06ms
[342.640s][info][gc,phases   ] GC(812)   Post Evacuate Collection Set: 0.72ms
[342.641s][info][gc,phases   ] GC(812)   Other: 0.08ms
[342.641s][info][gc,heap     ] GC(812) Eden regions: 355->0(414)
[342.641s][info][gc,heap     ] GC(812) Survivor regions: 17->17(47)
[342.641s][info][gc,heap     ] GC(812) Old regions: 498->446
[342.641s][info][gc,heap     ] GC(812) Humongous regions: 8->8
[342.641s][info][gc,metaspace] GC(812) Metaspace: 18844K(19008K)->18844K(19008K) NonClass: 16184K(16256K)->16184K(16256K) Class: 2660K(2752K)->2660K(2752K)
[342.641s][info][gc          ] GC(812) Pause Young (Mixed) (G1 Evacuation Pause) 877M->470M(978M) 29.800ms
[342.641s][info][gc,cpu      ] GC(812) User=0.05s Sys=0.00s Real=0.03s
[343.207s][info][gc,start    ] GC(813) Pause Young (Concurrent Start) (G1 Evacuation Pause)
[343.207s][info][gc,task     ] GC(813) Using 2 workers of 2 for evacuation
[343.256s][info][gc,phases   ] GC(813)   Pre Evacuate Collection Set: 0.31ms
[343.256s][info][gc,phases   ] GC(813)   Merge Heap Roots: 0.35ms
[343.256s][info][gc,phases   ] GC(813)   Evacuate Collection Set: 48.08ms
[343.256s][info][gc,phases   ] GC(813)   Post Evacuate Collection Set: 0.73ms
[343.256s][info][gc,phases   ] GC(813)   Other: 0.09ms
[343.256s][info][gc,heap     ] GC(813) Eden regions: 414->0(403)
[343.256s][info][gc,heap     ] GC(813) Survivor regions: 17->35(54)
[343.256s][info][gc,heap     ] GC(813) Old regions: 446->446
[343.256s][info][gc,heap     ] GC(813) Humongous regions: 8->8
[343.256s][info][gc,metaspace] GC(813) Metaspace: 18844K(19008K)->18844K(19008K) NonClass: 16184K(16256K)->16184K(16256K) Class: 2660K(2752K)->2660K(2752K)
[343.256s][info][gc          ] GC(813) Pause Young (Concurrent Start) (G1 Evacuation Pause) 884M->489M(978M) 49.773ms
[343.257s][info][gc,cpu      ] GC(813) User=0.10s Sys=0.00s Real=0.05s
[343.257s][info][gc          ] GC(814) Concurrent Mark Cycle
[343.259s][info][gc,marking  ] GC(814) Concurrent Scan Root Regions
[343.332s][info][gc,marking  ] GC(814) Concurrent Scan Root Regions 72.829ms
[343.332s][info][gc,marking  ] GC(814) Concurrent Mark
[343.332s][info][gc,marking  ] GC(814) Concurrent Mark From Roots
[343.332s][info][gc,task     ] GC(814) Using 1 workers of 1 for marking
[343.939s][info][gc,start    ] GC(815) Pause Young (Normal) (G1 Evacuation Pause)
[343.939s][info][gc,task     ] GC(815) Using 2 workers of 2 for evacuation
[344.008s][info][gc,phases   ] GC(815)   Pre Evacuate Collection Set: 0.27ms
[344.008s][info][gc,phases   ] GC(815)   Merge Heap Roots: 0.33ms
[344.008s][info][gc,phases   ] GC(815)   Evacuate Collection Set: 67.44ms
[344.008s][info][gc,phases   ] GC(815)   Post Evacuate Collection Set: 0.66ms
[344.008s][info][gc,phases   ] GC(815)   Other: 0.09ms
[344.008s][info][gc,heap     ] GC(815) Eden regions: 403->0(375)
[344.008s][info][gc,heap     ] GC(815) Survivor regions: 35->44(55)
[344.008s][info][gc,heap     ] GC(815) Old regions: 446->457
[344.008s][info][gc,heap     ] GC(815) Humongous regions: 8->8
[344.008s][info][gc,metaspace] GC(815) Metaspace: 18844K(19008K)->18844K(19008K) NonClass: 16184K(16256K)->16184K(16256K) Class: 2660K(2752K)->2660K(2752K)
[344.008s][info][gc          ] GC(815) Pause Young (Normal) (G1 Evacuation Pause) 892M->508M(978M) 69.007ms
[344.008s][info][gc,cpu      ] GC(815) User=0.13s Sys=0.00s Real=0.07s
[344.556s][info][gc,marking  ] GC(814) Concurrent Mark From Roots 1224.322ms
[344.556s][info][gc,marking  ] GC(814) Concurrent Preclean
[344.556s][info][gc,marking  ] GC(814) Concurrent Preclean 0.031ms
[344.556s][info][gc,start    ] GC(814) Pause Remark
[344.564s][info][gc          ] GC(814) Pause Remark 664M->663M(978M) 7.500ms
[344.564s][info][gc,cpu      ] GC(814) User=0.01s Sys=0.00s Real=0.01s
[344.566s][info][gc,marking  ] GC(814) Concurrent Mark 1234.108ms
[344.566s][info][gc,marking  ] GC(814) Concurrent Rebuild Remembered Sets and Scrub Regions
[344.925s][info][gc,marking  ] GC(814) Concurrent Rebuild Remembered Sets and Scrub Regions 358.978ms
[344.925s][info][gc,start    ] GC(814) Pause Cleanup
[344.925s][info][gc          ] GC(814) Pause Cleanup 787M->787M(978M) 0.104ms
[344.925s][info][gc,cpu      ] GC(814) User=0.00s Sys=0.00s Real=0.00s
[344.925s][info][gc,marking  ] GC(814) Concurrent Clear Claimed Marks
[344.925s][info][gc,marking  ] GC(814) Concurrent Clear Claimed Marks 0.030ms
[344.925s][info][gc,marking  ] GC(814) Concurrent Cleanup for Next Mark
[344.928s][info][gc,marking  ] GC(814) Concurrent Cleanup for Next Mark 2.806ms
[344.928s][info][gc          ] GC(814) Concurrent Mark Cycle 1671.710ms
[345.096s][info][gc,start    ] GC(816) Pause Young (Prepare Mixed) (G1 Evacuation Pause)
[345.096s][info][gc,task     ] GC(816) Using 2 workers of 2 for evacuation
[345.148s][info][gc,phases   ] GC(816)   Pre Evacuate Collection Set: 0.30ms
[345.148s][info][gc,phases   ] GC(816)   Merge Heap Roots: 0.27ms
[345.148s][info][gc,phases   ] GC(816)   Evacuate Collection Set: 50.62ms
[345.148s][info][gc,phases   ] GC(816)   Post Evacuate Collection Set: 0.59ms
[345.148s][info][gc,phases   ] GC(816)   Other: 0.09ms
[345.148s][info][gc,heap     ] GC(816) Eden regions: 375->0(394)
[345.148s][info][gc,heap     ] GC(816) Survivor regions: 44->23(53)
[345.148s][info][gc,heap     ] GC(816) Old regions: 457->481
[345.148s][info][gc,heap     ] GC(816) Humongous regions: 7->7
[345.148s][info][gc,metaspace] GC(816) Metaspace: 18844K(19008K)->18844K(19008K) NonClass: 16184K(16256K)->16184K(16256K) Class: 2660K(2752K)->2660K(2752K)
[345.148s][info][gc          ] GC(816) Pause Young (Prepare Mixed) (G1 Evacuation Pause) 882M->510M(978M) 52.144ms
[345.148s][info][gc,cpu      ] GC(816) User=0.10s Sys=0.00s Real=0.06s
[345.664s][info][gc,start    ] GC(817) Pause Young (Mixed) (G1 Evacuation Pause)
[345.664s][info][gc,task     ] GC(817) Using 2 workers of 2 for evacuation
[345.730s][info][gc,phases   ] GC(817)   Pre Evacuate Collection Set: 0.53ms
[345.730s][info][gc,phases   ] GC(817)   Merge Heap Roots: 0.28ms
[345.730s][info][gc,phases   ] GC(817)   Evacuate Collection Set: 64.28ms
[345.730s][info][gc,phases   ] GC(817)   Post Evacuate Collection Set: 0.78ms
[345.730s][info][gc,phases   ] GC(817)   Other: 0.10ms
[345.730s][info][gc,heap     ] GC(817) Eden regions: 394->0(330)
[345.730s][info][gc,heap     ] GC(817) Survivor regions: 23->53(53)
[345.730s][info][gc,heap     ] GC(817) Old regions: 481->485
[345.730s][info][gc,heap     ] GC(817) Humongous regions: 7->7
[345.730s][info][gc,metaspace] GC(817) Metaspace: 18844K(19008K)->18844K(19008K) NonClass: 16184K(16256K)->16184K(16256K) Class: 2660K(2752K)->2660K(2752K)
[345.730s][info][gc          ] GC(817) Pause Young (Mixed) (G1 Evacuation Pause) 904M->544M(978M) 66.170ms
[345.730s][info][gc,cpu      ] GC(817) User=0.13s Sys=0.00s Real=0.07s
[345.993s][info][gc,start    ] GC(818) Pause Young (Concurrent Start) (G1 Humongous Allocation)
[345.993s][info][gc,task     ] GC(818) Using 2 workers of 2 for evacuation
[346.075s][info][gc,phases   ] GC(818)   Pre Evacuate Collection Set: 0.35ms
[346.075s][info][gc,phases   ] GC(818)   Merge Heap Roots: 0.33ms
[346.075s][info][gc,phases   ] GC(818)   Evacuate Collection Set: 80.81ms
[346.075s][info][gc,phases   ] GC(818)   Post Evacuate Collection Set: 0.52ms
[346.075s][info][gc,phases   ] GC(818)   Other: 0.21ms
[346.075s][info][gc,heap     ] GC(818) Eden regions: 177->0(297)
[346.075s][info][gc,heap     ] GC(818) Survivor regions: 53->28(48)
[346.075s][info][gc,heap     ] GC(818) Old regions: 485->538
[346.075s][info][gc,heap     ] GC(818) Humongous regions: 7->7
[346.075s][info][gc,metaspace] GC(818) Metaspace: 18844K(19008K)->18844K(19008K) NonClass: 16184K(16256K)->16184K(16256K) Class: 2660K(2752K)->2660K(2752K)
[346.075s][info][gc          ] GC(818) Pause Young (Concurrent Start) (G1 Humongous Allocation) 721M->572M(978M) 82.452ms
[346.075s][info][gc,cpu      ] GC(818) User=0.16s Sys=0.00s Real=0.08s
[346.075s][info][gc          ] GC(819) Concurrent Mark Cycle
[346.077s][info][gc,marking  ] GC(819) Concurrent Scan Root Regions
[346.173s][info][gc,marking  ] GC(819) Concurrent Scan Root Regions 96.327ms
[346.173s][info][gc,marking  ] GC(819) Concurrent Mark
[346.173s][info][gc,marking  ] GC(819) Concurrent Mark From Roots
[346.173s][info][gc,task     ] GC(819) Using 1 workers of 1 for marking
[346.944s][info][gc,marking  ] GC(819) Concurrent Mark From Roots 770.440ms
[346.944s][info][gc,marking  ] GC(819) Concurrent Preclean
[346.944s][info][gc,marking  ] GC(819) Concurrent Preclean 0.048ms
[346.946s][info][gc,start    ] GC(819) Pause Remark
[346.954s][info][gc          ] GC(819) Pause Remark 824M->682M(978M) 7.554ms
[346.954s][info][gc,cpu      ] GC(819) User=0.01s Sys=0.00s Real=0.01s
[346.954s][info][gc,marking  ] GC(819) Concurrent Mark 780.310ms
[346.954s][info][gc,marking  ] GC(819) Concurrent Rebuild Remembered Sets and Scrub Regions
[347.050s][info][gc,start    ] GC(820) Pause Young (Normal) (G1 Evacuation Pause)
[347.050s][info][gc,task     ] GC(820) Using 2 workers of 2 for evacuation
[347.091s][info][gc,phases   ] GC(820)   Pre Evacuate Collection Set: 0.44ms
[347.091s][info][gc,phases   ] GC(820)   Merge Heap Roots: 0.34ms
[347.091s][info][gc,phases   ] GC(820)   Evacuate Collection Set: 38.91ms
[347.091s][info][gc,phases   ] GC(820)   Post Evacuate Collection Set: 0.52ms
[347.091s][info][gc,phases   ] GC(820)   Other: 0.09ms
[347.091s][info][gc,heap     ] GC(820) Eden regions: 297->0(413)
[347.091s][info][gc,heap     ] GC(820) Survivor regions: 28->6(41)
[347.091s][info][gc,heap     ] GC(820) Old regions: 398->426
[347.091s][info][gc,heap     ] GC(820) Humongous regions: 8->8
[347.091s][info][gc,metaspace] GC(820) Metaspace: 18844K(19008K)->18844K(19008K) NonClass: 16184K(16256K)->16184K(16256K) Class: 2660K(2752K)->2660K(2752K)
[347.091s][info][gc          ] GC(820) Pause Young (Normal) (G1 Evacuation Pause) 730M->439M(978M) 40.505ms
[347.091s][info][gc,cpu      ] GC(820) User=0.07s Sys=0.00s Real=0.04s
[347.350s][info][gc,marking  ] GC(819) Concurrent Rebuild Remembered Sets and Scrub Regions 396.295ms
[347.350s][info][gc,start    ] GC(819) Pause Cleanup
[347.350s][info][gc          ] GC(819) Pause Cleanup 557M->557M(978M) 0.105ms
[347.350s][info][gc,cpu      ] GC(819) User=0.00s Sys=0.00s Real=0.00s
[347.350s][info][gc,marking  ] GC(819) Concurrent Clear Claimed Marks
[347.350s][info][gc,marking  ] GC(819) Concurrent Clear Claimed Marks 0.040ms
[347.350s][info][gc,marking  ] GC(819) Concurrent Cleanup for Next Mark
[347.353s][info][gc,marking  ] GC(819) Concurrent Cleanup for Next Mark 2.822ms
[347.353s][info][gc          ] GC(819) Concurrent Mark Cycle 1278.314ms
[347.785s][info][gc,start    ] GC(821) Pause Young (Prepare Mixed) (G1 Evacuation Pause)
[347.785s][info][gc,task     ] GC(821) Using 2 workers of 2 for evacuation
[347.794s][info][gc,phases   ] GC(821)   Pre Evacuate Collection Set: 0.51ms
[347.794s][info][gc,phases   ] GC(821)   Merge Heap Roots: 0.33ms
[347.794s][info][gc,phases   ] GC(821)   Evacuate Collection Set: 7.69ms
[347.794s][info][gc,phases   ] GC(821)   Post Evacuate Collection Set: 0.56ms
[347.794s][info][gc,phases   ] GC(821)   Other: 0.11ms
[347.794s][info][gc,heap     ] GC(821) Eden regions: 413->0(435)
[347.794s][info][gc,heap     ] GC(821) Survivor regions: 6->6(53)
[347.794s][info][gc,heap     ] GC(821) Old regions: 426->426
[347.794s][info][gc,heap     ] GC(821) Humongous regions: 8->8
[347.794s][info][gc,metaspace] GC(821) Metaspace: 18844K(19008K)->18844K(19008K) NonClass: 16184K(16256K)->16184K(16256K) Class: 2660K(2752K)->2660K(2752K)
[347.794s][info][gc          ] GC(821) Pause Young (Prepare Mixed) (G1 Evacuation Pause) 852M->439M(978M) 9.431ms
[347.794s][info][gc,cpu      ] GC(821) User=0.01s Sys=0.00s Real=0.01s
[348.248s][info][gc,start    ] GC(822) Pause Young (Mixed) (G1 Evacuation Pause)
[348.248s][info][gc,task     ] GC(822) Using 2 workers of 2 for evacuation
[348.329s][info][gc,phases   ] GC(822)   Pre Evacuate Collection Set: 0.54ms
[348.329s][info][gc,phases   ] GC(822)   Merge Heap Roots: 0.43ms
[348.329s][info][gc,phases   ] GC(822)   Evacuate Collection Set: 78.82ms
[348.329s][info][gc,phases   ] GC(822)   Post Evacuate Collection Set: 0.93ms
[348.329s][info][gc,phases   ] GC(822)   Other: 0.08ms
[348.329s][info][gc,heap     ] GC(822) Eden regions: 435->0(370)
[348.329s][info][gc,heap     ] GC(822) Survivor regions: 6->56(56)
[348.329s][info][gc,heap     ] GC(822) Old regions: 426->423
[348.329s][info][gc,heap     ] GC(822) Humongous regions: 8->8
[348.329s][info][gc,metaspace] GC(822) Metaspace: 18844K(19008K)->18844K(19008K) NonClass: 16184K(16256K)->16184K(16256K) Class: 2660K(2752K)->2660K(2752K)
[348.329s][info][gc          ] GC(822) Pause Young (Mixed) (G1 Evacuation Pause) 874M->486M(978M) 81.027ms
[348.329s][info][gc,cpu      ] GC(822) User=0.16s Sys=0.00s Real=0.08s
[348.592s][info][gc,start    ] GC(823) Pause Young (Concurrent Start) (G1 Evacuation Pause)
[348.592s][info][gc,task     ] GC(823) Using 2 workers of 2 for evacuation
[348.694s][info][gc,phases   ] GC(823)   Pre Evacuate Collection Set: 0.30ms
[348.694s][info][gc,phases   ] GC(823)   Merge Heap Roots: 0.29ms
[348.694s][info][gc,phases   ] GC(823)   Evacuate Collection Set: 100.28ms
[348.694s][info][gc,phases   ] GC(823)   Post Evacuate Collection Set: 0.63ms
[348.694s][info][gc,phases   ] GC(823)   Other: 0.12ms
[348.694s][info][gc,heap     ] GC(823) Eden regions: 370->0(337)
[348.694s][info][gc,heap     ] GC(823) Survivor regions: 56->39(54)
[348.694s][info][gc,heap     ] GC(823) Old regions: 423->479
[348.694s][info][gc,heap     ] GC(823) Humongous regions: 8->8
[348.694s][info][gc,metaspace] GC(823) Metaspace: 18844K(19008K)->18844K(19008K) NonClass: 16184K(16256K)->16184K(16256K) Class: 2660K(2752K)->2660K(2752K)
[348.694s][info][gc          ] GC(823) Pause Young (Concurrent Start) (G1 Evacuation Pause) 856M->526M(978M) 101.863ms
[348.694s][info][gc,cpu      ] GC(823) User=0.20s Sys=0.00s Real=0.10s
[348.694s][info][gc          ] GC(824) Concurrent Mark Cycle
[348.694s][info][gc,marking  ] GC(824) Concurrent Scan Root Regions
[348.787s][info][gc,marking  ] GC(824) Concurrent Scan Root Regions 92.471ms
[348.787s][info][gc,marking  ] GC(824) Concurrent Mark
[348.787s][info][gc,marking  ] GC(824) Concurrent Mark From Roots
[348.787s][info][gc,task     ] GC(824) Using 1 workers of 1 for marking
[349.179s][info][gc,start    ] GC(825) Pause Young (Normal) (G1 Evacuation Pause)
[349.179s][info][gc,task     ] GC(825) Using 2 workers of 2 for evacuation
[349.243s][info][gc,phases   ] GC(825)   Pre Evacuate Collection Set: 0.30ms
[349.243s][info][gc,phases   ] GC(825)   Merge Heap Roots: 0.38ms
[349.243s][info][gc,phases   ] GC(825)   Evacuate Collection Set: 62.88ms
[349.243s][info][gc,phases   ] GC(825)   Post Evacuate Collection Set: 0.55ms
[349.243s][info][gc,phases   ] GC(825)   Other: 0.08ms
[349.243s][info][gc,heap     ] GC(825) Eden regions: 337->0(335)
[349.243s][info][gc,heap     ] GC(825) Survivor regions: 39->17(47)
[349.243s][info][gc,heap     ] GC(825) Old regions: 479->518
[349.243s][info][gc,heap     ] GC(825) Humongous regions: 8->8
[349.244s][info][gc,metaspace] GC(825) Metaspace: 18844K(19008K)->18844K(19008K) NonClass: 16184K(16256K)->16184K(16256K) Class: 2660K(2752K)->2660K(2752K)
[349.244s][info][gc          ] GC(825) Pause Young (Normal) (G1 Evacuation Pause) 863M->542M(978M) 64.442ms
[349.244s][info][gc,cpu      ] GC(825) User=0.12s Sys=0.00s Real=0.06s
[349.693s][info][gc,marking  ] GC(824) Concurrent Mark From Roots 906.653ms
[349.693s][info][gc,marking  ] GC(824) Concurrent Preclean
[349.693s][info][gc,marking  ] GC(824) Concurrent Preclean 0.034ms
[349.694s][info][gc,start    ] GC(824) Pause Remark
[349.702s][info][gc          ] GC(824) Pause Remark 796M->713M(978M) 7.781ms
[349.702s][info][gc,cpu      ] GC(824) User=0.01s Sys=0.00s Real=0.01s
[349.702s][info][gc,marking  ] GC(824) Concurrent Mark 915.303ms
[349.702s][info][gc,marking  ] GC(824) Concurrent Rebuild Remembered Sets and Scrub Regions
[349.837s][info][gc,start    ] GC(826) Pause Young (Normal) (G1 Evacuation Pause)
[349.837s][info][gc,task     ] GC(826) Using 2 workers of 2 for evacuation
[349.875s][info][gc,phases   ] GC(826)   Pre Evacuate Collection Set: 0.48ms
[349.875s][info][gc,phases   ] GC(826)   Merge Heap Roots: 0.70ms
[349.875s][info][gc,phases   ] GC(826)   Evacuate Collection Set: 35.83ms
[349.875s][info][gc,phases   ] GC(826)   Post Evacuate Collection Set: 0.56ms
[349.875s][info][gc,phases   ] GC(826)   Other: 0.13ms
[349.875s][info][gc,heap     ] GC(826) Eden regions: 335->0(411)
[349.875s][info][gc,heap     ] GC(826) Survivor regions: 17->22(44)
[349.875s][info][gc,heap     ] GC(826) Old regions: 438->438
[349.875s][info][gc,heap     ] GC(826) Humongous regions: 5->5
[349.875s][info][gc,metaspace] GC(826) Metaspace: 18844K(19008K)->18844K(19008K) NonClass: 16184K(16256K)->16184K(16256K) Class: 2660K(2752K)->2660K(2752K)
[349.875s][info][gc          ] GC(826) Pause Young (Normal) (G1 Evacuation Pause) 794M->464M(978M) 37.982ms
[349.875s][info][gc,cpu      ] GC(826) User=0.07s Sys=0.00s Real=0.03s
[350.136s][info][gc,marking  ] GC(824) Concurrent Rebuild Remembered Sets and Scrub Regions 433.812ms
[350.137s][info][gc,start    ] GC(824) Pause Cleanup
[350.137s][info][gc          ] GC(824) Pause Cleanup 605M->605M(978M) 0.134ms
[350.137s][info][gc,cpu      ] GC(824) User=0.00s Sys=0.00s Real=0.00s
[350.137s][info][gc,marking  ] GC(824) Concurrent Clear Claimed Marks
[350.137s][info][gc,marking  ] GC(824) Concurrent Clear Claimed Marks 0.029ms
[350.137s][info][gc,marking  ] GC(824) Concurrent Cleanup for Next Mark
[350.142s][info][gc,marking  ] GC(824) Concurrent Cleanup for Next Mark 4.849ms
[350.142s][info][gc          ] GC(824) Concurrent Mark Cycle 1447.716ms
[350.455s][info][gc,start    ] GC(827) Pause Young (Prepare Mixed) (G1 Evacuation Pause)
[350.455s][info][gc,task     ] GC(827) Using 2 workers of 2 for evacuation
[350.562s][info][gc,phases   ] GC(827)   Pre Evacuate Collection Set: 0.28ms
[350.562s][info][gc,phases   ] GC(827)   Merge Heap Roots: 0.31ms
[350.562s][info][gc,phases   ] GC(827)   Evacuate Collection Set: 104.64ms
[350.562s][info][gc,phases   ] GC(827)   Post Evacuate Collection Set: 1.33ms
[350.562s][info][gc,phases   ] GC(827)   Other: 0.10ms
[350.562s][info][gc,heap     ] GC(827) Eden regions: 411->0(292)
[350.562s][info][gc,heap     ] GC(827) Survivor regions: 22->55(55)
[350.562s][info][gc,heap     ] GC(827) Old regions: 438->491
[350.562s][info][gc,heap     ] GC(827) Humongous regions: 5->5
[350.562s][info][gc,metaspace] GC(827) Metaspace: 18844K(19008K)->18844K(19008K) NonClass: 16184K(16256K)->16184K(16256K) Class: 2660K(2752K)->2660K(2752K)
[350.562s][info][gc          ] GC(827) Pause Young (Prepare Mixed) (G1 Evacuation Pause) (Evacuation Failure: Allocation) 875M->551M(978M) 106.920ms
[350.562s][info][gc,cpu      ] GC(827) User=0.21s Sys=0.00s Real=0.11s
[350.909s][info][gc,start    ] GC(828) Pause Young (Mixed) (G1 Evacuation Pause)
[350.909s][info][gc,task     ] GC(828) Using 2 workers of 2 for evacuation
[351.001s][info][gc,phases   ] GC(828)   Pre Evacuate Collection Set: 0.35ms
[351.001s][info][gc,phases   ] GC(828)   Merge Heap Roots: 0.59ms
[351.001s][info][gc,phases   ] GC(828)   Evacuate Collection Set: 90.08ms
[351.001s][info][gc,phases   ] GC(828)   Post Evacuate Collection Set: 0.64ms
[351.001s][info][gc,phases   ] GC(828)   Other: 0.09ms
[351.001s][info][gc,heap     ] GC(828) Eden regions: 292->0(331)
[351.001s][info][gc,heap     ] GC(828) Survivor regions: 55->18(44)
[351.001s][info][gc,heap     ] GC(828) Old regions: 491->500
[351.001s][info][gc,heap     ] GC(828) Humongous regions: 5->5
[351.001s][info][gc,metaspace] GC(828) Metaspace: 18844K(19008K)->18844K(19008K) NonClass: 16184K(16256K)->16184K(16256K) Class: 2660K(2752K)->2660K(2752K)
[351.001s][info][gc          ] GC(828) Pause Young (Mixed) (G1 Evacuation Pause) 843M->522M(978M) 92.020ms
[351.001s][info][gc,cpu      ] GC(828) User=0.18s Sys=0.00s Real=0.09s
[351.499s][info][gc,start    ] GC(829) Pause Young (Concurrent Start) (G1 Evacuation Pause)
[351.499s][info][gc,task     ] GC(829) Using 2 workers of 2 for evacuation
[351.523s][info][gc,phases   ] GC(829)   Pre Evacuate Collection Set: 0.35ms
[351.523s][info][gc,phases   ] GC(829)   Merge Heap Roots: 0.24ms
[351.523s][info][gc,phases   ] GC(829)   Evacuate Collection Set: 22.93ms
[351.523s][info][gc,phases   ] GC(829)   Post Evacuate Collection Set: 0.57ms
[351.523s][info][gc,phases   ] GC(829)   Other: 0.24ms
[351.523s][info][gc,heap     ] GC(829) Eden regions: 331->0(353)
[351.523s][info][gc,heap     ] GC(829) Survivor regions: 18->19(44)
[351.523s][info][gc,heap     ] GC(829) Old regions: 500->500
[351.523s][info][gc,heap     ] GC(829) Humongous regions: 5->5
[351.523s][info][gc,metaspace] GC(829) Metaspace: 18844K(19008K)->18844K(19008K) NonClass: 16184K(16256K)->16184K(16256K) Class: 2660K(2752K)->2660K(2752K)
[351.523s][info][gc          ] GC(829) Pause Young (Concurrent Start) (G1 Evacuation Pause) 853M->523M(978M) 24.566ms
[351.523s][info][gc          ] GC(830) Concurrent Mark Cycle
[351.523s][info][gc,marking  ] GC(830) Concurrent Scan Root Regions
[351.524s][info][gc,cpu      ] GC(829) User=0.04s Sys=0.00s Real=0.02s
[351.554s][info][gc,marking  ] GC(830) Concurrent Scan Root Regions 30.915ms
[351.554s][info][gc,marking  ] GC(830) Concurrent Mark
[351.554s][info][gc,marking  ] GC(830) Concurrent Mark From Roots
[351.554s][info][gc,task     ] GC(830) Using 1 workers of 1 for marking
[352.444s][info][gc,start    ] GC(831) Pause Young (Normal) (G1 Evacuation Pause)
[352.444s][info][gc,task     ] GC(831) Using 2 workers of 2 for evacuation
[352.496s][info][gc,phases   ] GC(831)   Pre Evacuate Collection Set: 0.29ms
[352.496s][info][gc,phases   ] GC(831)   Merge Heap Roots: 0.39ms
[352.496s][info][gc,phases   ] GC(831)   Evacuate Collection Set: 50.79ms
[352.496s][info][gc,phases   ] GC(831)   Post Evacuate Collection Set: 0.68ms
[352.496s][info][gc,phases   ] GC(831)   Other: 0.11ms
[352.496s][info][gc,heap     ] GC(831) Eden regions: 353->0(344)
[352.496s][info][gc,heap     ] GC(831) Survivor regions: 19->35(47)
[352.496s][info][gc,heap     ] GC(831) Old regions: 500->500
[352.496s][info][gc,heap     ] GC(831) Humongous regions: 8->8
[352.496s][info][gc,metaspace] GC(831) Metaspace: 18847K(19008K)->18847K(19008K) NonClass: 16187K(16256K)->16187K(16256K) Class: 2660K(2752K)->2660K(2752K)
[352.496s][info][gc          ] GC(831) Pause Young (Normal) (G1 Evacuation Pause) 879M->542M(978M) 52.555ms
[352.496s][info][gc,cpu      ] GC(831) User=0.10s Sys=0.00s Real=0.05s
[352.952s][info][gc,marking  ] GC(830) Concurrent Mark From Roots 1397.930ms
[352.952s][info][gc,marking  ] GC(830) Concurrent Preclean
[352.952s][info][gc,marking  ] GC(830) Concurrent Preclean 0.028ms
[352.952s][info][gc,start    ] GC(830) Pause Remark
[352.960s][info][gc          ] GC(830) Pause Remark 724M->724M(978M) 7.516ms
[352.960s][info][gc,cpu      ] GC(830) User=0.01s Sys=0.00s Real=0.01s
[352.960s][info][gc,marking  ] GC(830) Concurrent Mark 1406.152ms
[352.960s][info][gc,marking  ] GC(830) Concurrent Rebuild Remembered Sets and Scrub Regions
[353.192s][info][gc,start    ] GC(832) Pause Young (Normal) (G1 Evacuation Pause)
[353.192s][info][gc,task     ] GC(832) Using 2 workers of 2 for evacuation
[353.281s][info][gc,phases   ] GC(832)   Pre Evacuate Collection Set: 0.26ms
[353.281s][info][gc,phases   ] GC(832)   Merge Heap Roots: 0.58ms
[353.281s][info][gc,phases   ] GC(832)   Evacuate Collection Set: 87.12ms
[353.281s][info][gc,phases   ] GC(832)   Post Evacuate Collection Set: 0.60ms
[353.281s][info][gc,phases   ] GC(832)   Other: 0.10ms
[353.281s][info][gc,heap     ] GC(832) Eden regions: 344->0(304)
[353.281s][info][gc,heap     ] GC(832) Survivor regions: 35->48(48)
[353.281s][info][gc,heap     ] GC(832) Old regions: 500->520
[353.281s][info][gc,heap     ] GC(832) Humongous regions: 8->8
[353.281s][info][gc,metaspace] GC(832) Metaspace: 18847K(19008K)->18847K(19008K) NonClass: 16187K(16256K)->16187K(16256K) Class: 2660K(2752K)->2660K(2752K)
[353.281s][info][gc          ] GC(832) Pause Young (Normal) (G1 Evacuation Pause) 886M->576M(978M) 88.930ms
[353.281s][info][gc,cpu      ] GC(832) User=0.18s Sys=0.00s Real=0.09s
[353.549s][info][gc,marking  ] GC(830) Concurrent Rebuild Remembered Sets and Scrub Regions 588.543ms
[353.549s][info][gc,start    ] GC(830) Pause Cleanup
[353.549s][info][gc          ] GC(830) Pause Cleanup 732M->732M(978M) 0.115ms
[353.549s][info][gc,cpu      ] GC(830) User=0.00s Sys=0.00s Real=0.00s
[353.549s][info][gc,marking  ] GC(830) Concurrent Clear Claimed Marks
[353.549s][info][gc,marking  ] GC(830) Concurrent Clear Claimed Marks 0.033ms
[353.549s][info][gc,marking  ] GC(830) Concurrent Cleanup for Next Mark
[353.554s][info][gc,marking  ] GC(830) Concurrent Cleanup for Next Mark 4.865ms
[353.554s][info][gc          ] GC(830) Concurrent Mark Cycle 2031.009ms
[353.730s][info][gc,start    ] GC(833) Pause Young (Prepare Mixed) (G1 Evacuation Pause)
[353.730s][info][gc,task     ] GC(833) Using 2 workers of 2 for evacuation
[353.796s][info][gc,phases   ] GC(833)   Pre Evacuate Collection Set: 0.52ms
[353.796s][info][gc,phases   ] GC(833)   Merge Heap Roots: 0.35ms
[353.796s][info][gc,phases   ] GC(833)   Evacuate Collection Set: 64.76ms
[353.796s][info][gc,phases   ] GC(833)   Post Evacuate Collection Set: 0.54ms
[353.796s][info][gc,phases   ] GC(833)   Other: 0.08ms
[353.796s][info][gc,heap     ] GC(833) Eden regions: 304->0(314)
[353.796s][info][gc,heap     ] GC(833) Survivor regions: 48->6(44)
[353.796s][info][gc,heap     ] GC(833) Old regions: 520->569
[353.796s][info][gc,heap     ] GC(833) Humongous regions: 8->8
[353.796s][info][gc,metaspace] GC(833) Metaspace: 18849K(19008K)->18849K(19008K) NonClass: 16189K(16256K)->16189K(16256K) Class: 2660K(2752K)->2660K(2752K)
[353.796s][info][gc          ] GC(833) Pause Young (Prepare Mixed) (G1 Evacuation Pause) 880M->582M(978M) 66.484ms
[353.796s][info][gc,cpu      ] GC(833) User=0.13s Sys=0.00s Real=0.06s
[354.169s][info][gc,start    ] GC(834) Pause Young (Mixed) (G1 Evacuation Pause)
[354.169s][info][gc,task     ] GC(834) Using 2 workers of 2 for evacuation
[354.208s][info][gc,phases   ] GC(834)   Pre Evacuate Collection Set: 0.33ms
[354.208s][info][gc,phases   ] GC(834)   Merge Heap Roots: 0.45ms
[354.208s][info][gc,phases   ] GC(834)   Evacuate Collection Set: 37.59ms
[354.208s][info][gc,phases   ] GC(834)   Post Evacuate Collection Set: 0.55ms
[354.208s][info][gc,phases   ] GC(834)   Other: 0.13ms
[354.208s][info][gc,heap     ] GC(834) Eden regions: 314->0(327)
[354.208s][info][gc,heap     ] GC(834) Survivor regions: 6->13(40)
[354.208s][info][gc,heap     ] GC(834) Old regions: 569->559
[354.208s][info][gc,heap     ] GC(834) Humongous regions: 8->8
[354.208s][info][gc,metaspace] GC(834) Metaspace: 18850K(19008K)->18850K(19008K) NonClass: 16190K(16256K)->16190K(16256K) Class: 2660K(2752K)->2660K(2752K)
[354.208s][info][gc          ] GC(834) Pause Young (Mixed) (G1 Evacuation Pause) 896M->579M(978M) 39.304ms
[354.208s][info][gc,cpu      ] GC(834) User=0.07s Sys=0.00s Real=0.04s
[354.726s][info][gc,start    ] GC(835) Pause Young (Concurrent Start) (G1 Evacuation Pause)
[354.726s][info][gc,task     ] GC(835) Using 2 workers of 2 for evacuation
[354.765s][info][gc,phases   ] GC(835)   Pre Evacuate Collection Set: 0.37ms
[354.765s][info][gc,phases   ] GC(835)   Merge Heap Roots: 0.23ms
[354.765s][info][gc,phases   ] GC(835)   Evacuate Collection Set: 37.57ms
[354.765s][info][gc,phases   ] GC(835)   Post Evacuate Collection Set: 0.57ms
[354.765s][info][gc,phases   ] GC(835)   Other: 0.20ms
[354.765s][info][gc,heap     ] GC(835) Eden regions: 327->0(293)
[354.765s][info][gc,heap     ] GC(835) Survivor regions: 13->34(43)
[354.765s][info][gc,heap     ] GC(835) Old regions: 559->559
[354.765s][info][gc,heap     ] GC(835) Humongous regions: 8->8
[354.765s][info][gc,metaspace] GC(835) Metaspace: 18850K(19008K)->18850K(19008K) NonClass: 16190K(16256K)->16190K(16256K) Class: 2660K(2752K)->2660K(2752K)
[354.765s][info][gc          ] GC(835) Pause Young (Concurrent Start) (G1 Evacuation Pause) 906M->600M(978M) 39.171ms
[354.765s][info][gc          ] GC(836) Concurrent Mark Cycle
[354.765s][info][gc,marking  ] GC(836) Concurrent Scan Root Regions
[354.767s][info][gc,cpu      ] GC(835) User=0.08s Sys=0.00s Real=0.05s
[354.812s][info][gc,marking  ] GC(836) Concurrent Scan Root Regions 47.640ms
[354.812s][info][gc,marking  ] GC(836) Concurrent Mark
[354.812s][info][gc,marking  ] GC(836) Concurrent Mark From Roots
[354.812s][info][gc,task     ] GC(836) Using 1 workers of 1 for marking
[356.344s][info][gc,marking  ] GC(836) Concurrent Mark From Roots 1531.964ms
[356.344s][info][gc,marking  ] GC(836) Concurrent Preclean
[356.344s][info][gc,marking  ] GC(836) Concurrent Preclean 0.029ms
[356.345s][info][gc,start    ] GC(836) Pause Remark
[356.352s][info][gc          ] GC(836) Pause Remark 772M->771M(978M) 7.488ms
[356.352s][info][gc,cpu      ] GC(836) User=0.01s Sys=0.00s Real=0.01s
[356.354s][info][gc,marking  ] GC(836) Concurrent Mark 1541.544ms
[356.354s][info][gc,marking  ] GC(836) Concurrent Rebuild Remembered Sets and Scrub Regions
[356.825s][info][gc,marking  ] GC(836) Concurrent Rebuild Remembered Sets and Scrub Regions 471.287ms
[356.825s][info][gc,start    ] GC(836) Pause Cleanup
[356.826s][info][gc          ] GC(836) Pause Cleanup 811M->811M(978M) 0.085ms
[356.826s][info][gc,cpu      ] GC(836) User=0.00s Sys=0.00s Real=0.00s
[356.828s][info][gc,marking  ] GC(836) Concurrent Clear Claimed Marks
[356.828s][info][gc,marking  ] GC(836) Concurrent Clear Claimed Marks 0.048ms
[356.828s][info][gc,marking  ] GC(836) Concurrent Cleanup for Next Mark
[356.831s][info][gc,marking  ] GC(836) Concurrent Cleanup for Next Mark 2.812ms
[356.831s][info][gc          ] GC(836) Concurrent Mark Cycle 2066.148ms
[357.354s][info][gc,start    ] GC(837) Pause Young (Prepare Mixed) (G1 Evacuation Pause)
[357.354s][info][gc,task     ] GC(837) Using 2 workers of 2 for evacuation
[357.395s][info][gc,phases   ] GC(837)   Pre Evacuate Collection Set: 0.31ms
[357.395s][info][gc,phases   ] GC(837)   Merge Heap Roots: 0.62ms
[357.395s][info][gc,phases   ] GC(837)   Evacuate Collection Set: 38.57ms
[357.395s][info][gc,phases   ] GC(837)   Post Evacuate Collection Set: 0.78ms
[357.395s][info][gc,phases   ] GC(837)   Other: 0.08ms
[357.395s][info][gc,heap     ] GC(837) Eden regions: 293->0(317)
[357.395s][info][gc,heap     ] GC(837) Survivor regions: 34->1(41)
[357.395s][info][gc,heap     ] GC(837) Old regions: 559->593
[357.395s][info][gc,heap     ] GC(837) Humongous regions: 7->7
[357.395s][info][gc,metaspace] GC(837) Metaspace: 18851K(19008K)->18851K(19008K) NonClass: 16191K(16256K)->16191K(16256K) Class: 2660K(2752K)->2660K(2752K)
[357.395s][info][gc          ] GC(837) Pause Young (Prepare Mixed) (G1 Evacuation Pause) 892M->600M(978M) 40.588ms
[357.395s][info][gc,cpu      ] GC(837) User=0.08s Sys=0.00s Real=0.04s
[358.504s][info][gc,start    ] GC(838) Pause Young (Mixed) (G1 Evacuation Pause)
[358.504s][info][gc,task     ] GC(838) Using 2 workers of 2 for evacuation
[358.595s][info][gc,phases   ] GC(838)   Pre Evacuate Collection Set: 0.56ms
[358.595s][info][gc,phases   ] GC(838)   Merge Heap Roots: 1.54ms
[358.595s][info][gc,phases   ] GC(838)   Evacuate Collection Set: 87.87ms
[358.595s][info][gc,phases   ] GC(838)   Post Evacuate Collection Set: 0.59ms
[358.595s][info][gc,phases   ] GC(838)   Other: 0.08ms
[358.595s][info][gc,heap     ] GC(838) Eden regions: 317->0(327)
[358.595s][info][gc,heap     ] GC(838) Survivor regions: 1->4(40)
[358.595s][info][gc,heap     ] GC(838) Old regions: 593->586
[358.595s][info][gc,heap     ] GC(838) Humongous regions: 7->7
[358.595s][info][gc,metaspace] GC(838) Metaspace: 18857K(19008K)->18857K(19008K) NonClass: 16197K(16256K)->16197K(16256K) Class: 2660K(2752K)->2660K(2752K)
[358.595s][info][gc          ] GC(838) Pause Young (Mixed) (G1 Evacuation Pause) 917M->596M(978M) 90.827ms
[358.595s][info][gc,cpu      ] GC(838) User=0.18s Sys=0.00s Real=0.09s
[359.120s][info][gc,start    ] GC(839) Pause Young (Concurrent Start) (G1 Evacuation Pause)
[359.120s][info][gc,task     ] GC(839) Using 2 workers of 2 for evacuation
[359.188s][info][gc,phases   ] GC(839)   Pre Evacuate Collection Set: 0.30ms
[359.188s][info][gc,phases   ] GC(839)   Merge Heap Roots: 0.13ms
[359.188s][info][gc,phases   ] GC(839)   Evacuate Collection Set: 63.01ms
[359.188s][info][gc,phases   ] GC(839)   Post Evacuate Collection Set: 4.53ms
[359.188s][info][gc,phases   ] GC(839)   Other: 0.11ms
[359.188s][info][gc,heap     ] GC(839) Eden regions: 327->0(197)
[359.188s][info][gc,heap     ] GC(839) Survivor regions: 4->42(42)
[359.188s][info][gc,heap     ] GC(839) Old regions: 586->640
[359.188s][info][gc,heap     ] GC(839) Humongous regions: 7->7
[359.188s][info][gc,metaspace] GC(839) Metaspace: 18866K(19008K)->18866K(19008K) NonClass: 16206K(16256K)->16206K(16256K) Class: 2660K(2752K)->2660K(2752K)
[359.188s][info][gc          ] GC(839) Pause Young (Concurrent Start) (G1 Evacuation Pause) (Evacuation Failure: Allocation) 923M->689M(978M) 68.292ms
[359.188s][info][gc          ] GC(840) Concurrent Mark Cycle
[359.188s][info][gc,marking  ] GC(840) Concurrent Scan Root Regions
[359.188s][info][gc,cpu      ] GC(839) User=0.13s Sys=0.00s Real=0.07s
[359.260s][info][gc,marking  ] GC(840) Concurrent Scan Root Regions 72.073ms
[359.260s][info][gc,marking  ] GC(840) Concurrent Mark
[359.260s][info][gc,marking  ] GC(840) Concurrent Mark From Roots
[359.260s][info][gc,task     ] GC(840) Using 1 workers of 1 for marking
[359.496s][info][gc,start    ] GC(841) Pause Young (Normal) (G1 Evacuation Pause)
[359.496s][info][gc,task     ] GC(841) Using 2 workers of 2 for evacuation
[359.603s][info][gc,phases   ] GC(841)   Pre Evacuate Collection Set: 0.33ms
[359.603s][info][gc,phases   ] GC(841)   Merge Heap Roots: 0.36ms
[359.603s][info][gc,phases   ] GC(841)   Evacuate Collection Set: 100.82ms
[359.603s][info][gc,phases   ] GC(841)   Post Evacuate Collection Set: 5.46ms
[359.603s][info][gc,phases   ] GC(841)   Other: 0.11ms
[359.603s][info][gc,heap     ] GC(841) Eden regions: 197->0(125)
[359.603s][info][gc,heap     ] GC(841) Survivor regions: 42->30(30)
[359.603s][info][gc,heap     ] GC(841) Old regions: 640->736
[359.603s][info][gc,heap     ] GC(841) Humongous regions: 7->7
[359.604s][info][gc,metaspace] GC(841) Metaspace: 18866K(19008K)->18866K(19008K) NonClass: 16206K(16256K)->16206K(16256K) Class: 2660K(2752K)->2660K(2752K)
[359.604s][info][gc          ] GC(841) Pause Young (Normal) (G1 Evacuation Pause) (Evacuation Failure: Allocation) 886M->773M(978M) 107.380ms
[359.604s][info][gc,cpu      ] GC(841) User=0.22s Sys=0.00s Real=0.11s
[359.918s][info][gc,start    ] GC(842) Pause Young (Normal) (G1 Evacuation Pause)
[359.918s][info][gc,task     ] GC(842) Using 2 workers of 2 for evacuation
[360.011s][info][gc,phases   ] GC(842)   Pre Evacuate Collection Set: 0.36ms
[360.011s][info][gc,phases   ] GC(842)   Merge Heap Roots: 0.42ms
[360.011s][info][gc,phases   ] GC(842)   Evacuate Collection Set: 89.08ms
[360.011s][info][gc,phases   ] GC(842)   Post Evacuate Collection Set: 2.95ms
[360.011s][info][gc,phases   ] GC(842)   Other: 0.12ms
[360.011s][info][gc,heap     ] GC(842) Eden regions: 125->0(115)
[360.011s][info][gc,heap     ] GC(842) Survivor regions: 30->20(20)
[360.011s][info][gc,heap     ] GC(842) Old regions: 736->761
[360.011s][info][gc,heap     ] GC(842) Humongous regions: 8->8
[360.011s][info][gc,metaspace] GC(842) Metaspace: 18873K(19072K)->18873K(19072K) NonClass: 16213K(16320K)->16213K(16320K) Class: 2660K(2752K)->2660K(2752K)
[360.011s][info][gc          ] GC(842) Pause Young (Normal) (G1 Evacuation Pause) (Evacuation Failure: Allocation) 899M->789M(978M) 93.251ms
[360.011s][info][gc,cpu      ] GC(842) User=0.18s Sys=0.00s Real=0.09s
[360.333s][info][gc,start    ] GC(843) Pause Young (Normal) (G1 Evacuation Pause)
[360.333s][info][gc,task     ] GC(843) Using 2 workers of 2 for evacuation
[360.410s][info][gc,phases   ] GC(843)   Pre Evacuate Collection Set: 0.50ms
[360.410s][info][gc,phases   ] GC(843)   Merge Heap Roots: 1.09ms
[360.410s][info][gc,phases   ] GC(843)   Evacuate Collection Set: 74.51ms
[360.410s][info][gc,phases   ] GC(843)   Post Evacuate Collection Set: 0.70ms
[360.410s][info][gc,phases   ] GC(843)   Other: 0.07ms
[360.410s][info][gc,heap     ] GC(843) Eden regions: 115->0(122)
[360.410s][info][gc,heap     ] GC(843) Survivor regions: 20->17(17)
[360.410s][info][gc,heap     ] GC(843) Old regions: 761->755
[360.410s][info][gc,heap     ] GC(843) Humongous regions: 9->9
[360.410s][info][gc,metaspace] GC(843) Metaspace: 18881K(19072K)->18881K(19072K) NonClass: 16221K(16320K)->16221K(16320K) Class: 2660K(2752K)->2660K(2752K)
[360.410s][info][gc          ] GC(843) Pause Young (Normal) (G1 Evacuation Pause) 905M->780M(978M) 77.090ms
[360.410s][info][gc,cpu      ] GC(843) User=0.15s Sys=0.00s Real=0.08s
[360.583s][info][gc,start    ] GC(844) Pause Young (Normal) (G1 Evacuation Pause)
[360.583s][info][gc,task     ] GC(844) Using 2 workers of 2 for evacuation
[360.650s][info][gc,phases   ] GC(844)   Pre Evacuate Collection Set: 0.33ms
[360.650s][info][gc,phases   ] GC(844)   Merge Heap Roots: 0.68ms
[360.650s][info][gc,phases   ] GC(844)   Evacuate Collection Set: 65.76ms
[360.650s][info][gc,phases   ] GC(844)   Post Evacuate Collection Set: 0.44ms
[360.650s][info][gc,phases   ] GC(844)   Other: 0.07ms
[360.650s][info][gc,heap     ] GC(844) Eden regions: 122->0(114)
[360.650s][info][gc,heap     ] GC(844) Survivor regions: 17->16(18)
[360.650s][info][gc,heap     ] GC(844) Old regions: 755->771
[360.650s][info][gc,heap     ] GC(844) Humongous regions: 11->11
[360.650s][info][gc,metaspace] GC(844) Metaspace: 18881K(19072K)->18881K(19072K) NonClass: 16221K(16320K)->16221K(16320K) Class: 2660K(2752K)->2660K(2752K)
[360.650s][info][gc          ] GC(844) Pause Young (Normal) (G1 Evacuation Pause) 904M->798M(978M) 67.509ms
[360.650s][info][gc,cpu      ] GC(844) User=0.14s Sys=0.00s Real=0.07s
[360.862s][info][gc,start    ] GC(845) Pause Young (Normal) (G1 Evacuation Pause)
[360.862s][info][gc,task     ] GC(845) Using 2 workers of 2 for evacuation
[360.896s][info][gc,phases   ] GC(845)   Pre Evacuate Collection Set: 0.29ms
[360.896s][info][gc,phases   ] GC(845)   Merge Heap Roots: 0.57ms
[360.896s][info][gc,phases   ] GC(845)   Evacuate Collection Set: 32.01ms
[360.896s][info][gc,phases   ] GC(845)   Post Evacuate Collection Set: 0.34ms
[360.896s][info][gc,phases   ] GC(845)   Other: 0.11ms
[360.896s][info][gc,heap     ] GC(845) Eden regions: 114->0(111)
[360.896s][info][gc,heap     ] GC(845) Survivor regions: 16->9(17)
[360.896s][info][gc,heap     ] GC(845) Old regions: 771->788
[360.896s][info][gc,heap     ] GC(845) Humongous regions: 11->11
[360.896s][info][gc,metaspace] GC(845) Metaspace: 18881K(19072K)->18881K(19072K) NonClass: 16221K(16320K)->16221K(16320K) Class: 2660K(2752K)->2660K(2752K)
[360.896s][info][gc          ] GC(845) Pause Young (Normal) (G1 Evacuation Pause) 912M->807M(978M) 33.642ms
[360.896s][info][gc,cpu      ] GC(845) User=0.07s Sys=0.00s Real=0.03s
[361.023s][info][gc,start    ] GC(846) Pause Young (Normal) (G1 Evacuation Pause)
[361.023s][info][gc,task     ] GC(846) Using 2 workers of 2 for evacuation
[361.042s][info][gc,phases   ] GC(846)   Pre Evacuate Collection Set: 0.50ms
[361.042s][info][gc,phases   ] GC(846)   Merge Heap Roots: 0.13ms
[361.042s][info][gc,phases   ] GC(846)   Evacuate Collection Set: 17.92ms
[361.042s][info][gc,phases   ] GC(846)   Post Evacuate Collection Set: 0.34ms
[361.042s][info][gc,phases   ] GC(846)   Other: 0.07ms
[361.042s][info][gc,heap     ] GC(846) Eden regions: 111->0(104)
[361.042s][info][gc,heap     ] GC(846) Survivor regions: 9->8(15)
[361.042s][info][gc,heap     ] GC(846) Old regions: 788->797
[361.042s][info][gc,heap     ] GC(846) Humongous regions: 11->11
[361.042s][info][gc,metaspace] GC(846) Metaspace: 18881K(19072K)->18881K(19072K) NonClass: 16221K(16320K)->16221K(16320K) Class: 2660K(2752K)->2660K(2752K)
[361.042s][info][gc          ] GC(846) Pause Young (Normal) (G1 Evacuation Pause) 918M->815M(978M) 19.170ms
[361.042s][info][gc,cpu      ] GC(846) User=0.04s Sys=0.00s Real=0.02s
[361.179s][info][gc,marking  ] GC(840) Concurrent Mark From Roots 1918.076ms
[361.179s][info][gc,marking  ] GC(840) Concurrent Preclean
[361.179s][info][gc,marking  ] GC(840) Concurrent Preclean 0.039ms
[361.179s][info][gc,start    ] GC(840) Pause Remark
[361.187s][info][gc          ] GC(840) Pause Remark 903M->850M(978M) 7.827ms
[361.187s][info][gc,cpu      ] GC(840) User=0.01s Sys=0.00s Real=0.00s
[361.188s][info][gc,marking  ] GC(840) Concurrent Mark 1927.591ms
[361.188s][info][gc,marking  ] GC(840) Concurrent Rebuild Remembered Sets and Scrub Regions
[361.212s][info][gc,start    ] GC(847) Pause Young (Normal) (G1 Evacuation Pause)
[361.212s][info][gc,task     ] GC(847) Using 2 workers of 2 for evacuation
[361.226s][info][gc,phases   ] GC(847)   Pre Evacuate Collection Set: 0.53ms
[361.226s][info][gc,phases   ] GC(847)   Merge Heap Roots: 0.20ms
[361.226s][info][gc,phases   ] GC(847)   Evacuate Collection Set: 12.42ms
[361.226s][info][gc,phases   ] GC(847)   Post Evacuate Collection Set: 0.33ms
[361.226s][info][gc,phases   ] GC(847)   Other: 0.10ms
[361.226s][info][gc,heap     ] GC(847) Eden regions: 104->0(150)
[361.226s][info][gc,heap     ] GC(847) Survivor regions: 8->1(14)
[361.226s][info][gc,heap     ] GC(847) Old regions: 746->754
[361.226s][info][gc,heap     ] GC(847) Humongous regions: 9->9
[361.226s][info][gc,metaspace] GC(847) Metaspace: 18881K(19072K)->18881K(19072K) NonClass: 16221K(16320K)->16221K(16320K) Class: 2660K(2752K)->2660K(2752K)
[361.226s][info][gc          ] GC(847) Pause Young (Normal) (G1 Evacuation Pause) 866M->763M(978M) 13.786ms
[361.226s][info][gc,cpu      ] GC(847) User=0.02s Sys=0.00s Real=0.01s
[361.371s][info][gc,start    ] GC(848) Pause Young (Normal) (G1 Evacuation Pause)
[361.371s][info][gc,task     ] GC(848) Using 2 workers of 2 for evacuation
[361.406s][info][gc,phases   ] GC(848)   Pre Evacuate Collection Set: 0.50ms
[361.406s][info][gc,phases   ] GC(848)   Merge Heap Roots: 0.15ms
[361.406s][info][gc,phases   ] GC(848)   Evacuate Collection Set: 34.21ms
[361.406s][info][gc,phases   ] GC(848)   Post Evacuate Collection Set: 0.42ms
[361.406s][info][gc,phases   ] GC(848)   Other: 0.10ms
[361.406s][info][gc,heap     ] GC(848) Eden regions: 150->0(112)
[361.406s][info][gc,heap     ] GC(848) Survivor regions: 1->19(19)
[361.406s][info][gc,heap     ] GC(848) Old regions: 754->769
[361.406s][info][gc,heap     ] GC(848) Humongous regions: 9->9
[361.406s][info][gc,metaspace] GC(848) Metaspace: 18881K(19072K)->18881K(19072K) NonClass: 16221K(16320K)->16221K(16320K) Class: 2660K(2752K)->2660K(2752K)
[361.406s][info][gc          ] GC(848) Pause Young (Normal) (G1 Evacuation Pause) 913M->797M(978M) 35.597ms
[361.406s][info][gc,cpu      ] GC(848) User=0.07s Sys=0.00s Real=0.03s
[361.555s][info][gc,start    ] GC(849) Pause Young (Normal) (G1 Evacuation Pause)
[361.555s][info][gc,task     ] GC(849) Using 2 workers of 2 for evacuation
[361.600s][info][gc,phases   ] GC(849)   Pre Evacuate Collection Set: 0.49ms
[361.600s][info][gc,phases   ] GC(849)   Merge Heap Roots: 0.25ms
[361.600s][info][gc,phases   ] GC(849)   Evacuate Collection Set: 44.16ms
[361.600s][info][gc,phases   ] GC(849)   Post Evacuate Collection Set: 0.40ms
[361.600s][info][gc,phases   ] GC(849)   Other: 0.10ms
[361.600s][info][gc,heap     ] GC(849) Eden regions: 112->0(89)
[361.600s][info][gc,heap     ] GC(849) Survivor regions: 19->17(17)
[361.600s][info][gc,heap     ] GC(849) Old regions: 769->796
[361.600s][info][gc,heap     ] GC(849) Humongous regions: 9->9
[361.600s][info][gc,metaspace] GC(849) Metaspace: 18881K(19072K)->18881K(19072K) NonClass: 16221K(16320K)->16221K(16320K) Class: 2660K(2752K)->2660K(2752K)
[361.600s][info][gc          ] GC(849) Pause Young (Normal) (G1 Evacuation Pause) 909M->821M(978M) 45.603ms
[361.600s][info][gc,cpu      ] GC(849) User=0.08s Sys=0.01s Real=0.05s
[361.706s][info][gc,start    ] GC(850) Pause Young (Normal) (G1 Evacuation Pause)
[361.706s][info][gc,task     ] GC(850) Using 2 workers of 2 for evacuation
[361.736s][info][gc,phases   ] GC(850)   Pre Evacuate Collection Set: 0.50ms
[361.736s][info][gc,phases   ] GC(850)   Merge Heap Roots: 0.23ms
[361.736s][info][gc,phases   ] GC(850)   Evacuate Collection Set: 28.82ms
[361.736s][info][gc,phases   ] GC(850)   Post Evacuate Collection Set: 0.36ms
[361.736s][info][gc,phases   ] GC(850)   Other: 0.09ms
[361.736s][info][gc,heap     ] GC(850) Eden regions: 89->0(91)
[361.736s][info][gc,heap     ] GC(850) Survivor regions: 17->7(14)
[361.736s][info][gc,heap     ] GC(850) Old regions: 796->813
[361.736s][info][gc,heap     ] GC(850) Humongous regions: 10->10
[361.736s][info][gc,metaspace] GC(850) Metaspace: 18881K(19072K)->18881K(19072K) NonClass: 16221K(16320K)->16221K(16320K) Class: 2660K(2752K)->2660K(2752K)
[361.736s][info][gc          ] GC(850) Pause Young (Normal) (G1 Evacuation Pause) 911M->829M(978M) 30.222ms
[361.736s][info][gc,cpu      ] GC(850) User=0.06s Sys=0.00s Real=0.03s
[361.876s][info][gc,start    ] GC(851) Pause Young (Normal) (G1 Evacuation Pause)
[361.876s][info][gc,task     ] GC(851) Using 2 workers of 2 for evacuation
[361.897s][info][gc,phases   ] GC(851)   Pre Evacuate Collection Set: 0.46ms
[361.897s][info][gc,phases   ] GC(851)   Merge Heap Roots: 0.23ms
[361.897s][info][gc,phases   ] GC(851)   Evacuate Collection Set: 19.60ms
[361.897s][info][gc,phases   ] GC(851)   Post Evacuate Collection Set: 0.36ms
[361.897s][info][gc,phases   ] GC(851)   Other: 0.07ms
[361.897s][info][gc,heap     ] GC(851) Eden regions: 91->0(81)
[361.897s][info][gc,heap     ] GC(851) Survivor regions: 7->12(13)
[361.897s][info][gc,heap     ] GC(851) Old regions: 813->813
[361.897s][info][gc,heap     ] GC(851) Humongous regions: 10->10
[361.897s][info][gc,metaspace] GC(851) Metaspace: 18881K(19072K)->18881K(19072K) NonClass: 16221K(16320K)->16221K(16320K) Class: 2660K(2752K)->2660K(2752K)
[361.897s][info][gc          ] GC(851) Pause Young (Normal) (G1 Evacuation Pause) 920M->834M(978M) 20.932ms
[361.897s][info][gc,cpu      ] GC(851) User=0.04s Sys=0.00s Real=0.03s
[361.948s][info][gc,marking  ] GC(840) Concurrent Rebuild Remembered Sets and Scrub Regions 759.951ms
[361.949s][info][gc,start    ] GC(840) Pause Cleanup
[361.949s][info][gc          ] GC(840) Pause Cleanup 881M->881M(978M) 0.158ms
[361.949s][info][gc,cpu      ] GC(840) User=0.00s Sys=0.00s Real=0.00s
[361.949s][info][gc,marking  ] GC(840) Concurrent Clear Claimed Marks
[361.949s][info][gc,marking  ] GC(840) Concurrent Clear Claimed Marks 0.059ms
[361.949s][info][gc,marking  ] GC(840) Concurrent Cleanup for Next Mark
[361.955s][info][gc,marking  ] GC(840) Concurrent Cleanup for Next Mark 5.825ms
[361.955s][info][gc          ] GC(840) Concurrent Mark Cycle 2766.681ms
[361.978s][info][gc,start    ] GC(852) Pause Young (Prepare Mixed) (G1 Evacuation Pause)
[361.979s][info][gc,task     ] GC(852) Using 2 workers of 2 for evacuation
[362.002s][info][gc,phases   ] GC(852)   Pre Evacuate Collection Set: 0.29ms
[362.002s][info][gc,phases   ] GC(852)   Merge Heap Roots: 0.21ms
[362.002s][info][gc,phases   ] GC(852)   Evacuate Collection Set: 22.71ms
[362.002s][info][gc,phases   ] GC(852)   Post Evacuate Collection Set: 0.31ms
[362.002s][info][gc,phases   ] GC(852)   Other: 0.07ms
[362.002s][info][gc,heap     ] GC(852) Eden regions: 81->0(80)
[362.002s][info][gc,heap     ] GC(852) Survivor regions: 12->9(12)
[362.002s][info][gc,heap     ] GC(852) Old regions: 813->820
[362.002s][info][gc,heap     ] GC(852) Humongous regions: 10->10
[362.002s][info][gc,metaspace] GC(852) Metaspace: 18881K(19072K)->18881K(19072K) NonClass: 16221K(16320K)->16221K(16320K) Class: 2660K(2752K)->2660K(2752K)
[362.002s][info][gc          ] GC(852) Pause Young (Prepare Mixed) (G1 Evacuation Pause) 915M->838M(978M) 23.782ms
[362.002s][info][gc,cpu      ] GC(852) User=0.05s Sys=0.00s Real=0.02s
[362.047s][info][gc,start    ] GC(853) Pause Young (Mixed) (G1 Evacuation Pause)
[362.047s][info][gc,task     ] GC(853) Using 2 workers of 2 for evacuation
[362.061s][info][gc,phases   ] GC(853)   Pre Evacuate Collection Set: 0.50ms
[362.062s][info][gc,phases   ] GC(853)   Merge Heap Roots: 0.16ms
[362.062s][info][gc,phases   ] GC(853)   Evacuate Collection Set: 13.82ms
[362.062s][info][gc,phases   ] GC(853)   Post Evacuate Collection Set: 0.34ms
[362.062s][info][gc,phases   ] GC(853)   Other: 0.06ms
[362.062s][info][gc,heap     ] GC(853) Eden regions: 80->0(132)
[362.062s][info][gc,heap     ] GC(853) Survivor regions: 9->6(12)
[362.062s][info][gc,heap     ] GC(853) Old regions: 820->774
[362.062s][info][gc,heap     ] GC(853) Humongous regions: 10->10
[362.062s][info][gc,metaspace] GC(853) Metaspace: 18881K(19072K)->18881K(19072K) NonClass: 16221K(16320K)->16221K(16320K) Class: 2660K(2752K)->2660K(2752K)
[362.062s][info][gc          ] GC(853) Pause Young (Mixed) (G1 Evacuation Pause) 918M->790M(978M) 15.073ms
[362.062s][info][gc,cpu      ] GC(853) User=0.03s Sys=0.00s Real=0.02s
[362.165s][info][gc,start    ] GC(854) Pause Young (Concurrent Start) (G1 Evacuation Pause)
[362.165s][info][gc,task     ] GC(854) Using 2 workers of 2 for evacuation
[362.176s][info][gc,phases   ] GC(854)   Pre Evacuate Collection Set: 0.31ms
[362.176s][info][gc,phases   ] GC(854)   Merge Heap Roots: 0.12ms
[362.176s][info][gc,phases   ] GC(854)   Evacuate Collection Set: 9.96ms
[362.176s][info][gc,phases   ] GC(854)   Post Evacuate Collection Set: 0.36ms
[362.176s][info][gc,phases   ] GC(854)   Other: 0.09ms
[362.176s][info][gc,heap     ] GC(854) Eden regions: 132->0(126)
[362.176s][info][gc,heap     ] GC(854) Survivor regions: 6->9(18)
[362.176s][info][gc,heap     ] GC(854) Old regions: 774->774
[362.176s][info][gc,heap     ] GC(854) Humongous regions: 10->10
[362.176s][info][gc,metaspace] GC(854) Metaspace: 18881K(19072K)->18881K(19072K) NonClass: 16221K(16320K)->16221K(16320K) Class: 2660K(2752K)->2660K(2752K)
[362.176s][info][gc          ] GC(854) Pause Young (Concurrent Start) (G1 Evacuation Pause) 922M->793M(978M) 11.063ms
[362.176s][info][gc          ] GC(855) Concurrent Mark Cycle
[362.176s][info][gc,marking  ] GC(855) Concurrent Scan Root Regions
[362.177s][info][gc,cpu      ] GC(854) User=0.02s Sys=0.00s Real=0.01s
[362.195s][info][gc,marking  ] GC(855) Concurrent Scan Root Regions 18.390ms
[362.195s][info][gc,marking  ] GC(855) Concurrent Mark
[362.195s][info][gc,marking  ] GC(855) Concurrent Mark From Roots
[362.195s][info][gc,task     ] GC(855) Using 1 workers of 1 for marking
[362.659s][info][gc,start    ] GC(856) Pause Young (Normal) (G1 Evacuation Pause)
[362.659s][info][gc,task     ] GC(856) Using 2 workers of 2 for evacuation
[362.672s][info][gc,phases   ] GC(856)   Pre Evacuate Collection Set: 0.31ms
[362.672s][info][gc,phases   ] GC(856)   Merge Heap Roots: 0.16ms
[362.672s][info][gc,phases   ] GC(856)   Evacuate Collection Set: 11.68ms
[362.672s][info][gc,phases   ] GC(856)   Post Evacuate Collection Set: 0.36ms
[362.672s][info][gc,phases   ] GC(856)   Other: 0.09ms
[362.672s][info][gc,heap     ] GC(856) Eden regions: 126->0(124)
[362.672s][info][gc,heap     ] GC(856) Survivor regions: 9->10(17)
[362.672s][info][gc,heap     ] GC(856) Old regions: 774->774
[362.672s][info][gc,heap     ] GC(856) Humongous regions: 10->10
[362.672s][info][gc,metaspace] GC(856) Metaspace: 18881K(19072K)->18881K(19072K) NonClass: 16221K(16320K)->16221K(16320K) Class: 2660K(2752K)->2660K(2752K)
[362.672s][info][gc          ] GC(856) Pause Young (Normal) (G1 Evacuation Pause) 919M->794M(978M) 12.841ms
[362.672s][info][gc,cpu      ] GC(856) User=0.03s Sys=0.00s Real=0.01s
[362.841s][info][gc,marking  ] GC(855) Concurrent Mark From Roots 646.252ms
[362.841s][info][gc,marking  ] GC(855) Concurrent Preclean
[362.841s][info][gc,marking  ] GC(855) Concurrent Preclean 0.034ms
[362.841s][info][gc,start    ] GC(855) Pause Remark
[362.850s][info][gc          ] GC(855) Pause Remark 847M->348M(978M) 8.206ms
[362.850s][info][gc,cpu      ] GC(855) User=0.02s Sys=0.00s Real=0.01s
[362.850s][info][gc,marking  ] GC(855) Concurrent Mark 654.802ms
[362.850s][info][gc,marking  ] GC(855) Concurrent Rebuild Remembered Sets and Scrub Regions
[363.008s][info][gc,marking  ] GC(855) Concurrent Rebuild Remembered Sets and Scrub Regions 157.819ms
[363.008s][info][gc,start    ] GC(855) Pause Cleanup
[363.008s][info][gc          ] GC(855) Pause Cleanup 390M->390M(978M) 0.096ms
[363.008s][info][gc,cpu      ] GC(855) User=0.00s Sys=0.00s Real=0.00s
[363.008s][info][gc,marking  ] GC(855) Concurrent Clear Claimed Marks
[363.008s][info][gc,marking  ] GC(855) Concurrent Clear Claimed Marks 0.039ms
[363.008s][info][gc,marking  ] GC(855) Concurrent Cleanup for Next Mark
[363.011s][info][gc,marking  ] GC(855) Concurrent Cleanup for Next Mark 2.812ms
[363.011s][info][gc          ] GC(855) Concurrent Mark Cycle 834.304ms
[363.075s][info][gc,start    ] GC(857) Pause Young (Prepare Mixed) (G1 Evacuation Pause)
[363.075s][info][gc,task     ] GC(857) Using 2 workers of 2 for evacuation
[363.093s][info][gc,phases   ] GC(857)   Pre Evacuate Collection Set: 0.53ms
[363.093s][info][gc,phases   ] GC(857)   Merge Heap Roots: 0.20ms
[363.093s][info][gc,phases   ] GC(857)   Evacuate Collection Set: 16.69ms
[363.093s][info][gc,phases   ] GC(857)   Post Evacuate Collection Set: 0.42ms
[363.093s][info][gc,phases   ] GC(857)   Other: 0.09ms
[363.093s][info][gc,heap     ] GC(857) Eden regions: 124->0(575)
[363.093s][info][gc,heap     ] GC(857) Survivor regions: 10->11(17)
[363.093s][info][gc,heap     ] GC(857) Old regions: 282->286
[363.093s][info][gc,heap     ] GC(857) Humongous regions: 3->3
[363.093s][info][gc,metaspace] GC(857) Metaspace: 18881K(19072K)->18881K(19072K) NonClass: 16221K(16320K)->16221K(16320K) Class: 2660K(2752K)->2660K(2752K)
[363.093s][info][gc          ] GC(857) Pause Young (Prepare Mixed) (G1 Evacuation Pause) 419M->299M(978M) 18.150ms
[363.093s][info][gc,cpu      ] GC(857) User=0.03s Sys=0.00s Real=0.02s
[363.794s][info][gc,start    ] GC(858) Pause Young (Mixed) (G1 Evacuation Pause)
[363.794s][info][gc,task     ] GC(858) Using 2 workers of 2 for evacuation
[363.905s][info][gc,phases   ] GC(858)   Pre Evacuate Collection Set: 0.32ms
[363.905s][info][gc,phases   ] GC(858)   Merge Heap Roots: 0.49ms
[363.905s][info][gc,phases   ] GC(858)   Evacuate Collection Set: 108.48ms
[363.905s][info][gc,phases   ] GC(858)   Post Evacuate Collection Set: 0.93ms
[363.905s][info][gc,phases   ] GC(858)   Other: 0.15ms
[363.905s][info][gc,heap     ] GC(858) Eden regions: 575->0(502)
[363.905s][info][gc,heap     ] GC(858) Survivor regions: 11->74(74)
[363.905s][info][gc,heap     ] GC(858) Old regions: 286->274
[363.905s][info][gc,heap     ] GC(858) Humongous regions: 4->4
[363.905s][info][gc,metaspace] GC(858) Metaspace: 18885K(19136K)->18885K(19136K) NonClass: 16225K(16384K)->16225K(16384K) Class: 2660K(2752K)->2660K(2752K)
[363.905s][info][gc          ] GC(858) Pause Young (Mixed) (G1 Evacuation Pause) 875M->352M(978M) 110.637ms
[363.905s][info][gc,cpu      ] GC(858) User=0.22s Sys=0.00s Real=0.11s
[364.487s][info][gc,start    ] GC(859) Pause Young (Concurrent Start) (G1 Humongous Allocation)
[364.487s][info][gc,task     ] GC(859) Using 2 workers of 2 for evacuation
[364.746s][info][gc,mmu      ] GC(859) MMU target violated: 201.0ms (200.0ms/201.0ms)
[364.746s][info][gc,phases   ] GC(859)   Pre Evacuate Collection Set: 0.31ms
[364.746s][info][gc,phases   ] GC(859)   Merge Heap Roots: 0.45ms
[364.746s][info][gc,phases   ] GC(859)   Evacuate Collection Set: 248.34ms
[364.746s][info][gc,phases   ] GC(859)   Post Evacuate Collection Set: 9.65ms
[364.746s][info][gc,phases   ] GC(859)   Other: 0.27ms
[364.746s][info][gc,heap     ] GC(859) Eden regions: 419->0(261)
[364.746s][info][gc,heap     ] GC(859) Survivor regions: 74->72(72)
[364.746s][info][gc,heap     ] GC(859) Old regions: 274->504
[364.746s][info][gc,heap     ] GC(859) Humongous regions: 4->4
[364.746s][info][gc,metaspace] GC(859) Metaspace: 18894K(19136K)->18894K(19136K) NonClass: 16233K(16384K)->16233K(16384K) Class: 2660K(2752K)->2660K(2752K)
[364.746s][info][gc          ] GC(859) Pause Young (Concurrent Start) (G1 Humongous Allocation) (Evacuation Failure: Allocation) 770M->579M(978M) 259.191ms
[364.746s][info][gc,cpu      ] GC(859) User=0.52s Sys=0.00s Real=0.25s
[364.746s][info][gc          ] GC(860) Concurrent Mark Cycle
[364.746s][info][gc,marking  ] GC(860) Concurrent Scan Root Regions
[365.019s][info][gc,marking  ] GC(860) Concurrent Scan Root Regions 272.619ms
[365.019s][info][gc,marking  ] GC(860) Concurrent Mark
[365.019s][info][gc,marking  ] GC(860) Concurrent Mark From Roots
[365.019s][info][gc,task     ] GC(860) Using 1 workers of 1 for marking
[365.057s][info][gc,start    ] GC(861) Pause Young (Normal) (G1 Evacuation Pause)
[365.057s][info][gc,task     ] GC(861) Using 2 workers of 2 for evacuation
[365.169s][info][gc,phases   ] GC(861)   Pre Evacuate Collection Set: 0.35ms
[365.169s][info][gc,phases   ] GC(861)   Merge Heap Roots: 0.39ms
[365.169s][info][gc,phases   ] GC(861)   Evacuate Collection Set: 110.21ms
[365.169s][info][gc,phases   ] GC(861)   Post Evacuate Collection Set: 0.63ms
[365.169s][info][gc,phases   ] GC(861)   Other: 0.10ms
[365.169s][info][gc,heap     ] GC(861) Eden regions: 261->0(294)
[365.169s][info][gc,heap     ] GC(861) Survivor regions: 72->20(42)
[365.169s][info][gc,heap     ] GC(861) Old regions: 504->509
[365.169s][info][gc,heap     ] GC(861) Humongous regions: 5->5
[365.169s][info][gc,metaspace] GC(861) Metaspace: 18895K(19136K)->18895K(19136K) NonClass: 16235K(16384K)->16235K(16384K) Class: 2660K(2752K)->2660K(2752K)
[365.169s][info][gc          ] GC(861) Pause Young (Normal) (G1 Evacuation Pause) 841M->533M(978M) 111.914ms
[365.169s][info][gc,cpu      ] GC(861) User=0.22s Sys=0.00s Real=0.11s
[365.577s][info][gc,start    ] GC(862) Pause Young (Normal) (G1 Evacuation Pause)
[365.577s][info][gc,task     ] GC(862) Using 2 workers of 2 for evacuation
[365.658s][info][gc,phases   ] GC(862)   Pre Evacuate Collection Set: 0.50ms
[365.658s][info][gc,phases   ] GC(862)   Merge Heap Roots: 0.18ms
[365.658s][info][gc,phases   ] GC(862)   Evacuate Collection Set: 79.00ms
[365.658s][info][gc,phases   ] GC(862)   Post Evacuate Collection Set: 0.80ms
[365.658s][info][gc,phases   ] GC(862)   Other: 0.10ms
[365.658s][info][gc,heap     ] GC(862) Eden regions: 294->0(247)
[365.658s][info][gc,heap     ] GC(862) Survivor regions: 20->40(40)
[365.658s][info][gc,heap     ] GC(862) Old regions: 509->554
[365.658s][info][gc,heap     ] GC(862) Humongous regions: 5->5
[365.658s][info][gc,metaspace] GC(862) Metaspace: 18896K(19136K)->18896K(19136K) NonClass: 16236K(16384K)->16236K(16384K) Class: 2660K(2752K)->2660K(2752K)
[365.658s][info][gc          ] GC(862) Pause Young (Normal) (G1 Evacuation Pause) 827M->599M(978M) 80.863ms
[365.658s][info][gc,cpu      ] GC(862) User=0.16s Sys=0.00s Real=0.08s
[366.001s][info][gc,marking  ] GC(860) Concurrent Mark From Roots 982.401ms
[366.001s][info][gc,marking  ] GC(860) Concurrent Preclean
[366.002s][info][gc,marking  ] GC(860) Concurrent Preclean 0.028ms
[366.003s][info][gc,start    ] GC(860) Pause Remark
[366.011s][info][gc          ] GC(860) Pause Remark 793M->793M(978M) 7.831ms
[366.011s][info][gc,cpu      ] GC(860) User=0.01s Sys=0.00s Real=0.01s
[366.011s][info][gc,marking  ] GC(860) Concurrent Mark 992.172ms
[366.011s][info][gc,marking  ] GC(860) Concurrent Rebuild Remembered Sets and Scrub Regions
[366.088s][info][gc,start    ] GC(863) Pause Young (Normal) (G1 Evacuation Pause)
[366.088s][info][gc,task     ] GC(863) Using 2 workers of 2 for evacuation
[366.189s][info][gc,phases   ] GC(863)   Pre Evacuate Collection Set: 0.28ms
[366.189s][info][gc,phases   ] GC(863)   Merge Heap Roots: 0.48ms
[366.189s][info][gc,phases   ] GC(863)   Evacuate Collection Set: 99.71ms
[366.189s][info][gc,phases   ] GC(863)   Post Evacuate Collection Set: 0.59ms
[366.189s][info][gc,phases   ] GC(863)   Other: 0.11ms
[366.189s][info][gc,heap     ] GC(863) Eden regions: 247->0(218)
[366.189s][info][gc,heap     ] GC(863) Survivor regions: 40->36(36)
[366.189s][info][gc,heap     ] GC(863) Old regions: 554->598
[366.189s][info][gc,heap     ] GC(863) Humongous regions: 8->8
[366.189s][info][gc,metaspace] GC(863) Metaspace: 18896K(19136K)->18896K(19136K) NonClass: 16236K(16384K)->16236K(16384K) Class: 2660K(2752K)->2660K(2752K)
[366.189s][info][gc          ] GC(863) Pause Young (Normal) (G1 Evacuation Pause) 849M->641M(978M) 101.410ms
[366.189s][info][gc,cpu      ] GC(863) User=0.20s Sys=0.00s Real=0.10s
[366.414s][info][gc,start    ] GC(864) Pause Young (Normal) (G1 Evacuation Pause)
[366.414s][info][gc,task     ] GC(864) Using 2 workers of 2 for evacuation
[366.542s][info][gc,phases   ] GC(864)   Pre Evacuate Collection Set: 0.28ms
[366.542s][info][gc,phases   ] GC(864)   Merge Heap Roots: 0.51ms
[366.542s][info][gc,phases   ] GC(864)   Evacuate Collection Set: 126.47ms
[366.542s][info][gc,phases   ] GC(864)   Post Evacuate Collection Set: 0.70ms
[366.542s][info][gc,phases   ] GC(864)   Other: 0.09ms
[366.542s][info][gc,heap     ] GC(864) Eden regions: 218->0(151)
[366.542s][info][gc,heap     ] GC(864) Survivor regions: 36->32(32)
[366.542s][info][gc,heap     ] GC(864) Old regions: 598->683
[366.542s][info][gc,heap     ] GC(864) Humongous regions: 8->8
[366.542s][info][gc,metaspace] GC(864) Metaspace: 18896K(19136K)->18896K(19136K) NonClass: 16236K(16384K)->16236K(16384K) Class: 2660K(2752K)->2660K(2752K)
[366.542s][info][gc          ] GC(864) Pause Young (Normal) (G1 Evacuation Pause) 859M->723M(978M) 128.294ms
[366.542s][info][gc,cpu      ] GC(864) User=0.26s Sys=0.00s Real=0.13s
[366.676s][info][gc,start    ] GC(865) Pause Young (Normal) (G1 Evacuation Pause)
[366.676s][info][gc,task     ] GC(865) Using 2 workers of 2 for evacuation
[366.761s][info][gc,phases   ] GC(865)   Pre Evacuate Collection Set: 0.49ms
[366.761s][info][gc,phases   ] GC(865)   Merge Heap Roots: 0.48ms
[366.761s][info][gc,phases   ] GC(865)   Evacuate Collection Set: 83.62ms
[366.761s][info][gc,phases   ] GC(865)   Post Evacuate Collection Set: 0.58ms
[366.761s][info][gc,phases   ] GC(865)   Other: 0.08ms
[366.761s][info][gc,heap     ] GC(865) Eden regions: 151->0(122)
[366.761s][info][gc,heap     ] GC(865) Survivor regions: 32->23(23)
[366.761s][info][gc,heap     ] GC(865) Old regions: 683->735
[366.761s][info][gc,heap     ] GC(865) Humongous regions: 8->8
[366.761s][info][gc,metaspace] GC(865) Metaspace: 18896K(19136K)->18896K(19136K) NonClass: 16236K(16384K)->16236K(16384K) Class: 2660K(2752K)->2660K(2752K)
[366.761s][info][gc          ] GC(865) Pause Young (Normal) (G1 Evacuation Pause) 874M->765M(978M) 85.479ms
[366.761s][info][gc,cpu      ] GC(865) User=0.17s Sys=0.00s Real=0.09s
[366.867s][info][gc,marking  ] GC(860) Concurrent Rebuild Remembered Sets and Scrub Regions 855.727ms
[366.867s][info][gc,start    ] GC(860) Pause Cleanup
[366.867s][info][gc          ] GC(860) Pause Cleanup 849M->849M(978M) 0.102ms
[366.867s][info][gc,cpu      ] GC(860) User=0.00s Sys=0.00s Real=0.00s
[366.867s][info][gc,marking  ] GC(860) Concurrent Clear Claimed Marks
[366.867s][info][gc,marking  ] GC(860) Concurrent Clear Claimed Marks 0.030ms
[366.867s][info][gc,marking  ] GC(860) Concurrent Cleanup for Next Mark
[366.870s][info][gc,marking  ] GC(860) Concurrent Cleanup for Next Mark 2.819ms
[366.870s][info][gc          ] GC(860) Concurrent Mark Cycle 2123.882ms
[366.907s][info][gc,start    ] GC(866) Pause Young (Prepare Mixed) (G1 Evacuation Pause)
[366.907s][info][gc,task     ] GC(866) Using 2 workers of 2 for evacuation
[366.948s][info][gc,phases   ] GC(866)   Pre Evacuate Collection Set: 0.25ms
[366.948s][info][gc,phases   ] GC(866)   Merge Heap Roots: 0.50ms
[366.948s][info][gc,phases   ] GC(866)   Evacuate Collection Set: 39.65ms
[366.948s][info][gc,phases   ] GC(866)   Post Evacuate Collection Set: 0.47ms
[366.948s][info][gc,phases   ] GC(866)   Other: 0.08ms
[366.948s][info][gc,heap     ] GC(866) Eden regions: 122->0(131)
[366.948s][info][gc,heap     ] GC(866) Survivor regions: 23->3(19)
[366.948s][info][gc,heap     ] GC(866) Old regions: 735->758
[366.948s][info][gc,heap     ] GC(866) Humongous regions: 8->8
[366.948s][info][gc,metaspace] GC(866) Metaspace: 18896K(19136K)->18896K(19136K) NonClass: 16236K(16384K)->16236K(16384K) Class: 2660K(2752K)->2660K(2752K)
[366.948s][info][gc          ] GC(866) Pause Young (Prepare Mixed) (G1 Evacuation Pause) 887M->769M(978M) 41.141ms
[366.948s][info][gc,cpu      ] GC(866) User=0.08s Sys=0.00s Real=0.04s
[367.021s][info][gc,start    ] GC(867) Pause Young (Mixed) (G1 Evacuation Pause)
[367.021s][info][gc,task     ] GC(867) Using 2 workers of 2 for evacuation
[367.061s][info][gc,phases   ] GC(867)   Pre Evacuate Collection Set: 0.25ms
[367.061s][info][gc,phases   ] GC(867)   Merge Heap Roots: 0.66ms
[367.061s][info][gc,phases   ] GC(867)   Evacuate Collection Set: 38.68ms
[367.061s][info][gc,phases   ] GC(867)   Post Evacuate Collection Set: 0.42ms
[367.061s][info][gc,phases   ] GC(867)   Other: 0.06ms
[367.061s][info][gc,heap     ] GC(867) Eden regions: 131->0(144)
[367.061s][info][gc,heap     ] GC(867) Survivor regions: 3->7(17)
[367.061s][info][gc,heap     ] GC(867) Old regions: 758->748
[367.061s][info][gc,heap     ] GC(867) Humongous regions: 8->8
[367.061s][info][gc,metaspace] GC(867) Metaspace: 18896K(19136K)->18896K(19136K) NonClass: 16236K(16384K)->16236K(16384K) Class: 2660K(2752K)->2660K(2752K)
[367.061s][info][gc          ] GC(867) Pause Young (Mixed) (G1 Evacuation Pause) 900M->762M(978M) 40.261ms
[367.061s][info][gc,cpu      ] GC(867) User=0.08s Sys=0.00s Real=0.04s
[367.153s][info][gc,start    ] GC(868) Pause Young (Concurrent Start) (G1 Humongous Allocation)
[367.153s][info][gc,task     ] GC(868) Using 2 workers of 2 for evacuation
[367.180s][info][gc,phases   ] GC(868)   Pre Evacuate Collection Set: 0.34ms
[367.180s][info][gc,phases   ] GC(868)   Merge Heap Roots: 0.29ms
[367.180s][info][gc,phases   ] GC(868)   Evacuate Collection Set: 25.71ms
[367.180s][info][gc,phases   ] GC(868)   Post Evacuate Collection Set: 0.46ms
[367.180s][info][gc,phases   ] GC(868)   Other: 0.20ms
[367.180s][info][gc,heap     ] GC(868) Eden regions: 95->0(144)
[367.180s][info][gc,heap     ] GC(868) Survivor regions: 7->13(19)
[367.180s][info][gc,heap     ] GC(868) Old regions: 748->748
[367.180s][info][gc,heap     ] GC(868) Humongous regions: 8->8
[367.180s][info][gc,metaspace] GC(868) Metaspace: 18896K(19136K)->18896K(19136K) NonClass: 16236K(16384K)->16236K(16384K) Class: 2660K(2752K)->2660K(2752K)
[367.180s][info][gc          ] GC(868) Pause Young (Concurrent Start) (G1 Humongous Allocation) 857M->769M(978M) 27.211ms
[367.180s][info][gc,cpu      ] GC(868) User=0.05s Sys=0.00s Real=0.03s
[367.180s][info][gc          ] GC(869) Concurrent Mark Cycle
[367.180s][info][gc,marking  ] GC(869) Concurrent Scan Root Regions
[367.223s][info][gc,marking  ] GC(869) Concurrent Scan Root Regions 42.882ms
[367.223s][info][gc,marking  ] GC(869) Concurrent Mark
[367.223s][info][gc,marking  ] GC(869) Concurrent Mark From Roots
[367.223s][info][gc,task     ] GC(869) Using 1 workers of 1 for marking
[367.447s][info][gc,start    ] GC(870) Pause Young (Normal) (G1 Evacuation Pause)
[367.447s][info][gc,task     ] GC(870) Using 2 workers of 2 for evacuation
[367.509s][info][gc,phases   ] GC(870)   Pre Evacuate Collection Set: 0.29ms
[367.509s][info][gc,phases   ] GC(870)   Merge Heap Roots: 0.35ms
[367.509s][info][gc,phases   ] GC(870)   Evacuate Collection Set: 60.83ms
[367.509s][info][gc,phases   ] GC(870)   Post Evacuate Collection Set: 0.51ms
[367.509s][info][gc,phases   ] GC(870)   Other: 0.08ms
[367.509s][info][gc,heap     ] GC(870) Eden regions: 144->0(106)
[367.509s][info][gc,heap     ] GC(870) Survivor regions: 13->20(20)
[367.509s][info][gc,heap     ] GC(870) Old regions: 748->771
[367.509s][info][gc,heap     ] GC(870) Humongous regions: 11->11
[367.509s][info][gc,metaspace] GC(870) Metaspace: 18896K(19136K)->18896K(19136K) NonClass: 16236K(16384K)->16236K(16384K) Class: 2660K(2752K)->2660K(2752K)
[367.509s][info][gc          ] GC(870) Pause Young (Normal) (G1 Evacuation Pause) 916M->801M(978M) 62.269ms
[367.509s][info][gc,cpu      ] GC(870) User=0.13s Sys=0.00s Real=0.06s
[367.646s][info][gc,start    ] GC(871) Pause Young (Normal) (G1 Evacuation Pause)
[367.646s][info][gc,task     ] GC(871) Using 2 workers of 2 for evacuation
[367.707s][info][gc,phases   ] GC(871)   Pre Evacuate Collection Set: 0.28ms
[367.707s][info][gc,phases   ] GC(871)   Merge Heap Roots: 0.34ms
[367.707s][info][gc,phases   ] GC(871)   Evacuate Collection Set: 59.17ms
[367.707s][info][gc,phases   ] GC(871)   Post Evacuate Collection Set: 0.35ms
[367.707s][info][gc,phases   ] GC(871)   Other: 0.08ms
[367.707s][info][gc,heap     ] GC(871) Eden regions: 106->0(83)
[367.707s][info][gc,heap     ] GC(871) Survivor regions: 20->16(16)
[367.707s][info][gc,heap     ] GC(871) Old regions: 771->802
[367.707s][info][gc,heap     ] GC(871) Humongous regions: 11->11
[367.707s][info][gc,metaspace] GC(871) Metaspace: 18896K(19136K)->18896K(19136K) NonClass: 16236K(16384K)->16236K(16384K) Class: 2660K(2752K)->2660K(2752K)
[367.707s][info][gc          ] GC(871) Pause Young (Normal) (G1 Evacuation Pause) 907M->828M(978M) 60.416ms
[367.707s][info][gc,cpu      ] GC(871) User=0.12s Sys=0.00s Real=0.06s
[367.836s][info][gc,start    ] GC(872) Pause Young (Normal) (G1 Evacuation Pause)
[367.836s][info][gc,task     ] GC(872) Using 2 workers of 2 for evacuation
[367.863s][info][gc,phases   ] GC(872)   Pre Evacuate Collection Set: 0.28ms
[367.863s][info][gc,phases   ] GC(872)   Merge Heap Roots: 0.22ms
[367.863s][info][gc,phases   ] GC(872)   Evacuate Collection Set: 26.84ms
[367.863s][info][gc,phases   ] GC(872)   Post Evacuate Collection Set: 0.31ms
[367.863s][info][gc,phases   ] GC(872)   Other: 0.08ms
[367.864s][info][gc,heap     ] GC(872) Eden regions: 83->0(85)
[367.864s][info][gc,heap     ] GC(872) Survivor regions: 16->7(13)
[367.864s][info][gc,heap     ] GC(872) Old regions: 802->818
[367.864s][info][gc,heap     ] GC(872) Humongous regions: 11->11
[367.864s][info][gc,metaspace] GC(872) Metaspace: 18896K(19136K)->18896K(19136K) NonClass: 16236K(16384K)->16236K(16384K) Class: 2660K(2752K)->2660K(2752K)
[367.864s][info][gc          ] GC(872) Pause Young (Normal) (G1 Evacuation Pause) 911M->835M(978M) 27.928ms
[367.864s][info][gc,cpu      ] GC(872) User=0.06s Sys=0.00s Real=0.03s
[367.914s][info][gc,marking  ] GC(869) Concurrent Mark From Roots 690.915ms
[367.914s][info][gc,marking  ] GC(869) Concurrent Preclean
[367.914s][info][gc,marking  ] GC(869) Concurrent Preclean 0.031ms
[367.914s][info][gc,start    ] GC(869) Pause Remark
[367.922s][info][gc          ] GC(869) Pause Remark 883M->446M(978M) 7.774ms
[367.922s][info][gc,cpu      ] GC(869) User=0.01s Sys=0.00s Real=0.01s
[367.922s][info][gc,marking  ] GC(869) Concurrent Mark 698.996ms
[367.922s][info][gc,marking  ] GC(869) Concurrent Rebuild Remembered Sets and Scrub Regions
[368.002s][info][gc,start    ] GC(873) Pause Young (Normal) (G1 Evacuation Pause)
[368.002s][info][gc,task     ] GC(873) Using 2 workers of 2 for evacuation
[368.014s][info][gc,phases   ] GC(873)   Pre Evacuate Collection Set: 0.41ms
[368.014s][info][gc,phases   ] GC(873)   Merge Heap Roots: 0.20ms
[368.014s][info][gc,phases   ] GC(873)   Evacuate Collection Set: 10.46ms
[368.014s][info][gc,phases   ] GC(873)   Post Evacuate Collection Set: 0.28ms
[368.014s][info][gc,phases   ] GC(873)   Other: 0.09ms
[368.014s][info][gc,heap     ] GC(873) Eden regions: 85->0(386)
[368.014s][info][gc,heap     ] GC(873) Survivor regions: 7->8(12)
[368.014s][info][gc,heap     ] GC(873) Old regions: 387->387
[368.014s][info][gc,heap     ] GC(873) Humongous regions: 5->5
[368.014s][info][gc,metaspace] GC(873) Metaspace: 18896K(19136K)->18896K(19136K) NonClass: 16236K(16384K)->16236K(16384K) Class: 2660K(2752K)->2660K(2752K)
[368.014s][info][gc          ] GC(873) Pause Young (Normal) (G1 Evacuation Pause) 483M->399M(978M) 11.621ms
[368.014s][info][gc,cpu      ] GC(873) User=0.02s Sys=0.00s Real=0.01s
[368.211s][info][gc,marking  ] GC(869) Concurrent Rebuild Remembered Sets and Scrub Regions 288.727ms
[368.211s][info][gc,start    ] GC(869) Pause Cleanup
[368.211s][info][gc          ] GC(869) Pause Cleanup 492M->492M(978M) 0.145ms
[368.211s][info][gc,cpu      ] GC(869) User=0.00s Sys=0.00s Real=0.00s
[368.211s][info][gc,marking  ] GC(869) Concurrent Clear Claimed Marks
[368.211s][info][gc,marking  ] GC(869) Concurrent Clear Claimed Marks 0.039ms
[368.211s][info][gc,marking  ] GC(869) Concurrent Cleanup for Next Mark
[368.214s][info][gc,marking  ] GC(869) Concurrent Cleanup for Next Mark 2.834ms
[368.214s][info][gc          ] GC(869) Concurrent Mark Cycle 1034.071ms
[368.660s][info][gc,start    ] GC(874) Pause Young (Prepare Mixed) (G1 Evacuation Pause)
[368.660s][info][gc,task     ] GC(874) Using 2 workers of 2 for evacuation
[368.702s][info][gc,phases   ] GC(874)   Pre Evacuate Collection Set: 0.31ms
[368.702s][info][gc,phases   ] GC(874)   Merge Heap Roots: 0.36ms
[368.702s][info][gc,phases   ] GC(874)   Evacuate Collection Set: 40.86ms
[368.702s][info][gc,phases   ] GC(874)   Post Evacuate Collection Set: 0.60ms
[368.702s][info][gc,phases   ] GC(874)   Other: 0.10ms
[368.702s][info][gc,heap     ] GC(874) Eden regions: 386->0(387)
[368.702s][info][gc,heap     ] GC(874) Survivor regions: 8->32(50)
[368.702s][info][gc,heap     ] GC(874) Old regions: 387->387
[368.702s][info][gc,heap     ] GC(874) Humongous regions: 5->5
[368.702s][info][gc,metaspace] GC(874) Metaspace: 18896K(19136K)->18896K(19136K) NonClass: 16236K(16384K)->16236K(16384K) Class: 2660K(2752K)->2660K(2752K)
[368.702s][info][gc          ] GC(874) Pause Young (Prepare Mixed) (G1 Evacuation Pause) 785M->423M(978M) 42.474ms
[368.702s][info][gc,cpu      ] GC(874) User=0.08s Sys=0.00s Real=0.04s
[369.591s][info][gc,start    ] GC(875) Pause Young (Mixed) (G1 Evacuation Pause)
[369.591s][info][gc,task     ] GC(875) Using 2 workers of 2 for evacuation
[369.638s][info][gc,phases   ] GC(875)   Pre Evacuate Collection Set: 0.51ms
[369.638s][info][gc,phases   ] GC(875)   Merge Heap Roots: 0.56ms
[369.638s][info][gc,phases   ] GC(875)   Evacuate Collection Set: 45.49ms
[369.638s][info][gc,phases   ] GC(875)   Post Evacuate Collection Set: 0.62ms
[369.638s][info][gc,phases   ] GC(875)   Other: 0.08ms
[369.638s][info][gc,heap     ] GC(875) Eden regions: 377->0(423)
[369.638s][info][gc,heap     ] GC(875) Survivor regions: 32->26(52)
[369.638s][info][gc,heap     ] GC(875) Old regions: 387->385
[369.638s][info][gc,heap     ] GC(875) Humongous regions: 5->5
[369.638s][info][gc,metaspace] GC(875) Metaspace: 18897K(19136K)->18897K(19136K) NonClass: 16237K(16384K)->16237K(16384K) Class: 2660K(2752K)->2660K(2752K)
[369.638s][info][gc          ] GC(875) Pause Young (Mixed) (G1 Evacuation Pause) 800M->414M(978M) 47.516ms
[369.638s][info][gc,cpu      ] GC(875) User=0.10s Sys=0.00s Real=0.05s
[370.191s][info][gc,start    ] GC(876) Pause Young (Mixed) (G1 Evacuation Pause)
[370.191s][info][gc,task     ] GC(876) Using 2 workers of 2 for evacuation
[370.329s][info][gc,phases   ] GC(876)   Pre Evacuate Collection Set: 0.52ms
[370.329s][info][gc,phases   ] GC(876)   Merge Heap Roots: 1.47ms
[370.329s][info][gc,phases   ] GC(876)   Evacuate Collection Set: 109.99ms
[370.329s][info][gc,phases   ] GC(876)   Merge Optional Heap Roots: 0.37ms
[370.329s][info][gc,phases   ] GC(876)   Evacuate Optional Collection Set: 24.33ms
[370.329s][info][gc,phases   ] GC(876)   Post Evacuate Collection Set: 1.25ms
[370.329s][info][gc,phases   ] GC(876)   Other: 0.14ms
[370.329s][info][gc,heap     ] GC(876) Eden regions: 423->0(386)
[370.329s][info][gc,heap     ] GC(876) Survivor regions: 26->57(57)
[370.329s][info][gc,heap     ] GC(876) Old regions: 385->369
[370.329s][info][gc,heap     ] GC(876) Humongous regions: 5->5
[370.329s][info][gc,metaspace] GC(876) Metaspace: 18897K(19136K)->18897K(19136K) NonClass: 16237K(16384K)->16237K(16384K) Class: 2660K(2752K)->2660K(2752K)
[370.329s][info][gc          ] GC(876) Pause Young (Mixed) (G1 Evacuation Pause) 837M->431M(978M) 138.336ms
[370.329s][info][gc,cpu      ] GC(876) User=0.27s Sys=0.00s Real=0.14s
[370.475s][info][gc,start    ] GC(877) Pause Young (Concurrent Start) (G1 Humongous Allocation)
[370.475s][info][gc,task     ] GC(877) Using 2 workers of 2 for evacuation
[370.568s][info][gc,phases   ] GC(877)   Pre Evacuate Collection Set: 0.28ms
[370.568s][info][gc,phases   ] GC(877)   Merge Heap Roots: 0.82ms
[370.568s][info][gc,phases   ] GC(877)   Evacuate Collection Set: 91.61ms
[370.568s][info][gc,phases   ] GC(877)   Post Evacuate Collection Set: 0.58ms
[370.568s][info][gc,phases   ] GC(877)   Other: 0.10ms
[370.568s][info][gc,heap     ] GC(877) Eden regions: 130->0(391)
[370.568s][info][gc,heap     ] GC(877) Survivor regions: 57->15(56)
[370.568s][info][gc,heap     ] GC(877) Old regions: 369->427
[370.568s][info][gc,heap     ] GC(877) Humongous regions: 5->5
[370.568s][info][gc,metaspace] GC(877) Metaspace: 18897K(19136K)->18897K(19136K) NonClass: 16237K(16384K)->16237K(16384K) Class: 2660K(2752K)->2660K(2752K)
[370.569s][info][gc          ] GC(877) Pause Young (Concurrent Start) (G1 Humongous Allocation) 561M->446M(978M) 93.581ms
[370.569s][info][gc,cpu      ] GC(877) User=0.18s Sys=0.00s Real=0.10s
[370.569s][info][gc          ] GC(878) Concurrent Mark Cycle
[370.569s][info][gc,marking  ] GC(878) Concurrent Scan Root Regions
[370.674s][info][gc,marking  ] GC(878) Concurrent Scan Root Regions 105.103ms
[370.674s][info][gc,marking  ] GC(878) Concurrent Mark
[370.674s][info][gc,marking  ] GC(878) Concurrent Mark From Roots
[370.674s][info][gc,task     ] GC(878) Using 1 workers of 1 for marking
[371.149s][info][gc,start    ] GC(879) Pause Young (Normal) (G1 Evacuation Pause)
[371.149s][info][gc,task     ] GC(879) Using 2 workers of 2 for evacuation
[371.244s][info][gc,phases   ] GC(879)   Pre Evacuate Collection Set: 0.52ms
[371.244s][info][gc,phases   ] GC(879)   Merge Heap Roots: 0.40ms
[371.244s][info][gc,phases   ] GC(879)   Evacuate Collection Set: 93.51ms
[371.244s][info][gc,phases   ] GC(879)   Post Evacuate Collection Set: 0.86ms
[371.244s][info][gc,phases   ] GC(879)   Other: 0.10ms
[371.244s][info][gc,heap     ] GC(879) Eden regions: 391->0(326)
[371.244s][info][gc,heap     ] GC(879) Survivor regions: 15->51(51)
[371.244s][info][gc,heap     ] GC(879) Old regions: 427->456
[371.244s][info][gc,heap     ] GC(879) Humongous regions: 8->8
[371.244s][info][gc,metaspace] GC(879) Metaspace: 18897K(19136K)->18897K(19136K) NonClass: 16237K(16384K)->16237K(16384K) Class: 2660K(2752K)->2660K(2752K)
[371.244s][info][gc          ] GC(879) Pause Young (Normal) (G1 Evacuation Pause) 840M->514M(978M) 95.600ms
[371.244s][info][gc,cpu      ] GC(879) User=0.19s Sys=0.00s Real=0.09s
[371.631s][info][gc,marking  ] GC(878) Concurrent Mark From Roots 957.158ms
[371.631s][info][gc,marking  ] GC(878) Concurrent Preclean
[371.631s][info][gc,marking  ] GC(878) Concurrent Preclean 0.033ms
[371.631s][info][gc,start    ] GC(878) Pause Remark
[371.639s][info][gc          ] GC(878) Pause Remark 818M->808M(978M) 7.476ms
[371.639s][info][gc,cpu      ] GC(878) User=0.01s Sys=0.00s Real=0.01s
[371.639s][info][gc,marking  ] GC(878) Concurrent Mark 965.204ms
[371.639s][info][gc,marking  ] GC(878) Concurrent Rebuild Remembered Sets and Scrub Regions
[371.656s][info][gc,start    ] GC(880) Pause Young (Normal) (G1 Evacuation Pause)
[371.656s][info][gc,task     ] GC(880) Using 2 workers of 2 for evacuation
[371.778s][info][gc,phases   ] GC(880)   Pre Evacuate Collection Set: 0.41ms
[371.778s][info][gc,phases   ] GC(880)   Merge Heap Roots: 0.57ms
[371.778s][info][gc,phases   ] GC(880)   Evacuate Collection Set: 120.20ms
[371.778s][info][gc,phases   ] GC(880)   Post Evacuate Collection Set: 0.66ms
[371.778s][info][gc,phases   ] GC(880)   Other: 0.10ms
[371.778s][info][gc,heap     ] GC(880) Eden regions: 326->0(298)
[371.778s][info][gc,heap     ] GC(880) Survivor regions: 51->42(48)
[371.778s][info][gc,heap     ] GC(880) Old regions: 447->498
[371.778s][info][gc,heap     ] GC(880) Humongous regions: 8->8
[371.778s][info][gc,metaspace] GC(880) Metaspace: 18897K(19136K)->18897K(19136K) NonClass: 16237K(16384K)->16237K(16384K) Class: 2660K(2752K)->2660K(2752K)
[371.778s][info][gc          ] GC(880) Pause Young (Normal) (G1 Evacuation Pause) 831M->548M(978M) 122.139ms
[371.778s][info][gc,cpu      ] GC(880) User=0.24s Sys=0.00s Real=0.13s
[372.158s][info][gc,start    ] GC(881) Pause Young (Normal) (G1 Evacuation Pause)
[372.158s][info][gc,task     ] GC(881) Using 2 workers of 2 for evacuation
[372.227s][info][gc,phases   ] GC(881)   Pre Evacuate Collection Set: 0.32ms
[372.227s][info][gc,phases   ] GC(881)   Merge Heap Roots: 0.43ms
[372.227s][info][gc,phases   ] GC(881)   Evacuate Collection Set: 67.48ms
[372.227s][info][gc,phases   ] GC(881)   Post Evacuate Collection Set: 0.53ms
[372.227s][info][gc,phases   ] GC(881)   Other: 0.08ms
[372.227s][info][gc,heap     ] GC(881) Eden regions: 298->0(303)
[372.227s][info][gc,heap     ] GC(881) Survivor regions: 42->14(43)
[372.227s][info][gc,heap     ] GC(881) Old regions: 498->540
[372.227s][info][gc,heap     ] GC(881) Humongous regions: 8->8
[372.227s][info][gc,metaspace] GC(881) Metaspace: 18897K(19136K)->18897K(19136K) NonClass: 16237K(16384K)->16237K(16384K) Class: 2660K(2752K)->2660K(2752K)
[372.227s][info][gc          ] GC(881) Pause Young (Normal) (G1 Evacuation Pause) 846M->561M(978M) 69.064ms
[372.227s][info][gc,cpu      ] GC(881) User=0.14s Sys=0.00s Real=0.06s
[372.255s][info][gc,marking  ] GC(878) Concurrent Rebuild Remembered Sets and Scrub Regions 616.157ms
[372.255s][info][gc,start    ] GC(878) Pause Cleanup
[372.255s][info][gc          ] GC(878) Pause Cleanup 587M->587M(978M) 0.089ms
[372.255s][info][gc,cpu      ] GC(878) User=0.00s Sys=0.00s Real=0.00s
[372.256s][info][gc,marking  ] GC(878) Concurrent Clear Claimed Marks
[372.256s][info][gc,marking  ] GC(878) Concurrent Clear Claimed Marks 0.049ms
[372.256s][info][gc,marking  ] GC(878) Concurrent Cleanup for Next Mark
[372.260s][info][gc,marking  ] GC(878) Concurrent Cleanup for Next Mark 3.860ms
[372.260s][info][gc          ] GC(878) Concurrent Mark Cycle 1691.285ms
[372.611s][info][gc,start    ] GC(882) Pause Young (Prepare Mixed) (G1 Evacuation Pause)
[372.611s][info][gc,task     ] GC(882) Using 2 workers of 2 for evacuation
[372.668s][info][gc,phases   ] GC(882)   Pre Evacuate Collection Set: 0.32ms
[372.668s][info][gc,phases   ] GC(882)   Merge Heap Roots: 0.51ms
[372.668s][info][gc,phases   ] GC(882)   Evacuate Collection Set: 55.38ms
[372.668s][info][gc,phases   ] GC(882)   Post Evacuate Collection Set: 0.60ms
[372.668s][info][gc,phases   ] GC(882)   Other: 0.09ms
[372.668s][info][gc,heap     ] GC(882) Eden regions: 303->0(282)
[372.668s][info][gc,heap     ] GC(882) Survivor regions: 14->40(40)
[372.668s][info][gc,heap     ] GC(882) Old regions: 540->541
[372.668s][info][gc,heap     ] GC(882) Humongous regions: 8->8
[372.668s][info][gc,metaspace] GC(882) Metaspace: 18897K(19136K)->18897K(19136K) NonClass: 16237K(16384K)->16237K(16384K) Class: 2660K(2752K)->2660K(2752K)
[372.668s][info][gc          ] GC(882) Pause Young (Prepare Mixed) (G1 Evacuation Pause) 864M->589M(978M) 57.060ms
[372.668s][info][gc,cpu      ] GC(882) User=0.12s Sys=0.00s Real=0.06s
[373.032s][info][gc,start    ] GC(883) Pause Young (Mixed) (G1 Evacuation Pause)
[373.032s][info][gc,task     ] GC(883) Using 2 workers of 2 for evacuation
[373.149s][info][gc,phases   ] GC(883)   Pre Evacuate Collection Set: 0.53ms
[373.149s][info][gc,phases   ] GC(883)   Merge Heap Roots: 0.51ms
[373.149s][info][gc,phases   ] GC(883)   Evacuate Collection Set: 115.27ms
[373.149s][info][gc,phases   ] GC(883)   Post Evacuate Collection Set: 0.64ms
[373.149s][info][gc,phases   ] GC(883)   Other: 0.09ms
[373.149s][info][gc,heap     ] GC(883) Eden regions: 282->0(240)
[373.149s][info][gc,heap     ] GC(883) Survivor regions: 40->41(41)
[373.149s][info][gc,heap     ] GC(883) Old regions: 541->582
[373.149s][info][gc,heap     ] GC(883) Humongous regions: 8->8
[373.149s][info][gc,metaspace] GC(883) Metaspace: 18897K(19136K)->18897K(19136K) NonClass: 16237K(16384K)->16237K(16384K) Class: 2660K(2752K)->2660K(2752K)
[373.149s][info][gc          ] GC(883) Pause Young (Mixed) (G1 Evacuation Pause) 871M->631M(978M) 117.259ms
[373.149s][info][gc,cpu      ] GC(883) User=0.23s Sys=0.00s Real=0.12s
[373.442s][info][gc,start    ] GC(884) Pause Young (Concurrent Start) (G1 Evacuation Pause)
[373.443s][info][gc,task     ] GC(884) Using 2 workers of 2 for evacuation
[373.517s][info][gc,phases   ] GC(884)   Pre Evacuate Collection Set: 0.30ms
[373.517s][info][gc,phases   ] GC(884)   Merge Heap Roots: 0.27ms
[373.517s][info][gc,phases   ] GC(884)   Evacuate Collection Set: 73.08ms
[373.517s][info][gc,phases   ] GC(884)   Post Evacuate Collection Set: 0.57ms
[373.517s][info][gc,phases   ] GC(884)   Other: 0.11ms
[373.517s][info][gc,heap     ] GC(884) Eden regions: 240->0(211)
[373.517s][info][gc,heap     ] GC(884) Survivor regions: 41->36(36)
[373.517s][info][gc,heap     ] GC(884) Old regions: 582->627
[373.517s][info][gc,heap     ] GC(884) Humongous regions: 8->8
[373.517s][info][gc,metaspace] GC(884) Metaspace: 18897K(19136K)->18897K(19136K) NonClass: 16237K(16384K)->16237K(16384K) Class: 2660K(2752K)->2660K(2752K)
[373.517s][info][gc          ] GC(884) Pause Young (Concurrent Start) (G1 Evacuation Pause) 871M->670M(978M) 74.591ms
[373.517s][info][gc          ] GC(885) Concurrent Mark Cycle
[373.517s][info][gc,marking  ] GC(885) Concurrent Scan Root Regions
[373.517s][info][gc,cpu      ] GC(884) User=0.15s Sys=0.00s Real=0.08s
[373.598s][info][gc,marking  ] GC(885) Concurrent Scan Root Regions 80.998ms
[373.598s][info][gc,marking  ] GC(885) Concurrent Mark
[373.598s][info][gc,marking  ] GC(885) Concurrent Mark From Roots
[373.598s][info][gc,task     ] GC(885) Using 1 workers of 1 for marking
[374.004s][info][gc,start    ] GC(886) Pause Young (Normal) (G1 Evacuation Pause)
[374.004s][info][gc,task     ] GC(886) Using 2 workers of 2 for evacuation
[374.094s][info][gc,phases   ] GC(886)   Pre Evacuate Collection Set: 0.30ms
[374.094s][info][gc,phases   ] GC(886)   Merge Heap Roots: 0.29ms
[374.094s][info][gc,phases   ] GC(886)   Evacuate Collection Set: 88.43ms
[374.094s][info][gc,phases   ] GC(886)   Post Evacuate Collection Set: 0.54ms
[374.094s][info][gc,phases   ] GC(886)   Other: 0.08ms
[374.094s][info][gc,heap     ] GC(886) Eden regions: 211->0(175)
[374.094s][info][gc,heap     ] GC(886) Survivor regions: 36->31(31)
[374.094s][info][gc,heap     ] GC(886) Old regions: 627->673
[374.094s][info][gc,heap     ] GC(886) Humongous regions: 11->11
[374.094s][info][gc,metaspace] GC(886) Metaspace: 18897K(19136K)->18897K(19136K) NonClass: 16237K(16384K)->16237K(16384K) Class: 2660K(2752K)->2660K(2752K)
[374.094s][info][gc          ] GC(886) Pause Young (Normal) (G1 Evacuation Pause) 884M->715M(978M) 89.928ms
[374.094s][info][gc,cpu      ] GC(886) User=0.18s Sys=0.00s Real=0.09s
[374.407s][info][gc,start    ] GC(887) Pause Young (Normal) (G1 Evacuation Pause)
[374.407s][info][gc,task     ] GC(887) Using 2 workers of 2 for evacuation
[374.462s][info][gc,phases   ] GC(887)   Pre Evacuate Collection Set: 0.51ms
[374.462s][info][gc,phases   ] GC(887)   Merge Heap Roots: 0.29ms
[374.462s][info][gc,phases   ] GC(887)   Evacuate Collection Set: 53.43ms
[374.462s][info][gc,phases   ] GC(887)   Post Evacuate Collection Set: 0.42ms
[374.462s][info][gc,phases   ] GC(887)   Other: 0.08ms
[374.462s][info][gc,heap     ] GC(887) Eden regions: 175->0(172)
[374.462s][info][gc,heap     ] GC(887) Survivor regions: 31->14(26)
[374.462s][info][gc,heap     ] GC(887) Old regions: 673->705
[374.462s][info][gc,heap     ] GC(887) Humongous regions: 11->11
[374.462s][info][gc,metaspace] GC(887) Metaspace: 18897K(19136K)->18897K(19136K) NonClass: 16237K(16384K)->16237K(16384K) Class: 2660K(2752K)->2660K(2752K)
[374.462s][info][gc          ] GC(887) Pause Young (Normal) (G1 Evacuation Pause) 890M->729M(978M) 54.957ms
[374.462s][info][gc,cpu      ] GC(887) User=0.11s Sys=0.00s Real=0.05s
[374.626s][info][gc,marking  ] GC(885) Concurrent Mark From Roots 1027.672ms
[374.626s][info][gc,marking  ] GC(885) Concurrent Preclean
[374.626s][info][gc,marking  ] GC(885) Concurrent Preclean 0.046ms
[374.626s][info][gc,start    ] GC(885) Pause Remark
[374.634s][info][gc          ] GC(885) Pause Remark 816M->676M(978M) 7.716ms
[374.634s][info][gc,cpu      ] GC(885) User=0.01s Sys=0.00s Real=0.01s
[374.634s][info][gc,marking  ] GC(885) Concurrent Mark 1036.356ms
[374.634s][info][gc,marking  ] GC(885) Concurrent Rebuild Remembered Sets and Scrub Regions
[374.784s][info][gc,start    ] GC(888) Pause Young (Normal) (G1 Evacuation Pause)
[374.784s][info][gc,task     ] GC(888) Using 2 workers of 2 for evacuation
[374.809s][info][gc,phases   ] GC(888)   Pre Evacuate Collection Set: 0.28ms
[374.809s][info][gc,phases   ] GC(888)   Merge Heap Roots: 0.21ms
[374.809s][info][gc,phases   ] GC(888)   Evacuate Collection Set: 23.32ms
[374.809s][info][gc,phases   ] GC(888)   Post Evacuate Collection Set: 0.37ms
[374.809s][info][gc,phases   ] GC(888)   Other: 0.08ms
[374.809s][info][gc,heap     ] GC(888) Eden regions: 172->0(267)
[374.809s][info][gc,heap     ] GC(888) Survivor regions: 14->5(24)
[374.809s][info][gc,heap     ] GC(888) Old regions: 569->583
[374.809s][info][gc,heap     ] GC(888) Humongous regions: 7->7
[374.809s][info][gc,metaspace] GC(888) Metaspace: 18897K(19136K)->18897K(19136K) NonClass: 16237K(16384K)->16237K(16384K) Class: 2660K(2752K)->2660K(2752K)
[374.809s][info][gc          ] GC(888) Pause Young (Normal) (G1 Evacuation Pause) 761M->594M(978M) 24.504ms
[374.809s][info][gc,cpu      ] GC(888) User=0.05s Sys=0.00s Real=0.03s
[375.144s][info][gc,marking  ] GC(885) Concurrent Rebuild Remembered Sets and Scrub Regions 509.411ms
[375.144s][info][gc,start    ] GC(885) Pause Cleanup
[375.145s][info][gc          ] GC(885) Pause Cleanup 771M->771M(978M) 0.165ms
[375.145s][info][gc,cpu      ] GC(885) User=0.00s Sys=0.00s Real=0.00s
[375.145s][info][gc,marking  ] GC(885) Concurrent Clear Claimed Marks
[375.145s][info][gc,marking  ] GC(885) Concurrent Clear Claimed Marks 0.047ms
[375.145s][info][gc,marking  ] GC(885) Concurrent Cleanup for Next Mark
[375.151s][info][gc,marking  ] GC(885) Concurrent Cleanup for Next Mark 5.884ms
[375.151s][info][gc          ] GC(885) Concurrent Mark Cycle 1633.509ms
[375.284s][info][gc,start    ] GC(889) Pause Young (Prepare Mixed) (G1 Evacuation Pause)
[375.284s][info][gc,task     ] GC(889) Using 2 workers of 2 for evacuation
[375.335s][info][gc,phases   ] GC(889)   Pre Evacuate Collection Set: 0.53ms
[375.335s][info][gc,phases   ] GC(889)   Merge Heap Roots: 0.60ms
[375.335s][info][gc,phases   ] GC(889)   Evacuate Collection Set: 49.07ms
[375.335s][info][gc,phases   ] GC(889)   Post Evacuate Collection Set: 0.53ms
[375.335s][info][gc,phases   ] GC(889)   Other: 0.09ms
[375.335s][info][gc,heap     ] GC(889) Eden regions: 267->0(250)
[375.335s][info][gc,heap     ] GC(889) Survivor regions: 5->31(34)
[375.335s][info][gc,heap     ] GC(889) Old regions: 583->583
[375.335s][info][gc,heap     ] GC(889) Humongous regions: 7->7
[375.335s][info][gc,metaspace] GC(889) Metaspace: 18897K(19136K)->18897K(19136K) NonClass: 16237K(16384K)->16237K(16384K) Class: 2660K(2752K)->2660K(2752K)
[375.335s][info][gc          ] GC(889) Pause Young (Prepare Mixed) (G1 Evacuation Pause) 861M->620M(978M) 51.109ms
[375.335s][info][gc,cpu      ] GC(889) User=0.10s Sys=0.00s Real=0.05s
[375.650s][info][gc,start    ] GC(890) Pause Young (Mixed) (G1 Evacuation Pause)
[375.650s][info][gc,task     ] GC(890) Using 2 workers of 2 for evacuation
[375.799s][info][gc,phases   ] GC(890)   Pre Evacuate Collection Set: 0.38ms
[375.799s][info][gc,phases   ] GC(890)   Merge Heap Roots: 1.09ms
[375.799s][info][gc,phases   ] GC(890)   Evacuate Collection Set: 144.22ms
[375.799s][info][gc,phases   ] GC(890)   Post Evacuate Collection Set: 3.74ms
[375.799s][info][gc,phases   ] GC(890)   Other: 0.11ms
[375.799s][info][gc,heap     ] GC(890) Eden regions: 250->0(218)
[375.799s][info][gc,heap     ] GC(890) Survivor regions: 31->36(36)
[375.799s][info][gc,heap     ] GC(890) Old regions: 583->596
[375.799s][info][gc,heap     ] GC(890) Humongous regions: 7->7
[375.799s][info][gc,metaspace] GC(890) Metaspace: 18897K(19136K)->18897K(19136K) NonClass: 16237K(16384K)->16237K(16384K) Class: 2660K(2752K)->2660K(2752K)
[375.799s][info][gc          ] GC(890) Pause Young (Mixed) (G1 Evacuation Pause) (Evacuation Failure: Allocation) 870M->639M(978M) 149.796ms
[375.799s][info][gc,cpu      ] GC(890) User=0.29s Sys=0.00s Real=0.15s
[376.103s][info][gc,start    ] GC(891) Pause Young (Concurrent Start) (G1 Humongous Allocation)
[376.104s][info][gc,task     ] GC(891) Using 2 workers of 2 for evacuation
[376.169s][info][gc,phases   ] GC(891)   Pre Evacuate Collection Set: 0.34ms
[376.169s][info][gc,phases   ] GC(891)   Merge Heap Roots: 0.50ms
[376.169s][info][gc,phases   ] GC(891)   Evacuate Collection Set: 63.87ms
[376.169s][info][gc,phases   ] GC(891)   Post Evacuate Collection Set: 0.62ms
[376.169s][info][gc,phases   ] GC(891)   Other: 0.10ms
[376.169s][info][gc,heap     ] GC(891) Eden regions: 186->0(237)
[376.169s][info][gc,heap     ] GC(891) Survivor regions: 36->10(32)
[376.169s][info][gc,heap     ] GC(891) Old regions: 596->609
[376.169s][info][gc,heap     ] GC(891) Humongous regions: 7->7
[376.169s][info][gc,metaspace] GC(891) Metaspace: 18897K(19136K)->18897K(19136K) NonClass: 16237K(16384K)->16237K(16384K) Class: 2660K(2752K)->2660K(2752K)
[376.169s][info][gc          ] GC(891) Pause Young (Concurrent Start) (G1 Humongous Allocation) 824M->626M(978M) 65.717ms
[376.169s][info][gc,cpu      ] GC(891) User=0.13s Sys=0.00s Real=0.07s
[376.169s][info][gc          ] GC(892) Concurrent Mark Cycle
[376.171s][info][gc,marking  ] GC(892) Concurrent Scan Root Regions
[376.236s][info][gc,marking  ] GC(892) Concurrent Scan Root Regions 65.105ms
[376.236s][info][gc,marking  ] GC(892) Concurrent Mark
[376.236s][info][gc,marking  ] GC(892) Concurrent Mark From Roots
[376.236s][info][gc,task     ] GC(892) Using 1 workers of 1 for marking
[376.672s][info][gc,start    ] GC(893) Pause Young (Normal) (G1 Evacuation Pause)
[376.672s][info][gc,task     ] GC(893) Using 2 workers of 2 for evacuation
[376.751s][info][gc,phases   ] GC(893)   Pre Evacuate Collection Set: 0.51ms
[376.751s][info][gc,phases   ] GC(893)   Merge Heap Roots: 0.40ms
[376.751s][info][gc,phases   ] GC(893)   Evacuate Collection Set: 77.22ms
[376.751s][info][gc,phases   ] GC(893)   Post Evacuate Collection Set: 0.64ms
[376.751s][info][gc,phases   ] GC(893)   Other: 0.08ms
[376.751s][info][gc,heap     ] GC(893) Eden regions: 237->0(198)
[376.751s][info][gc,heap     ] GC(893) Survivor regions: 10->31(31)
[376.751s][info][gc,heap     ] GC(893) Old regions: 609->636
[376.751s][info][gc,heap     ] GC(893) Humongous regions: 10->10
[376.751s][info][gc,metaspace] GC(893) Metaspace: 18897K(19136K)->18897K(19136K) NonClass: 16237K(16384K)->16237K(16384K) Class: 2660K(2752K)->2660K(2752K)
[376.751s][info][gc          ] GC(893) Pause Young (Normal) (G1 Evacuation Pause) 866M->676M(978M) 79.063ms
[376.751s][info][gc,cpu      ] GC(893) User=0.15s Sys=0.00s Real=0.08s
[377.051s][info][gc,start    ] GC(894) Pause Young (Normal) (G1 Evacuation Pause)
[377.051s][info][gc,task     ] GC(894) Using 2 workers of 2 for evacuation
[377.106s][info][gc,phases   ] GC(894)   Pre Evacuate Collection Set: 0.53ms
[377.106s][info][gc,phases   ] GC(894)   Merge Heap Roots: 0.45ms
[377.106s][info][gc,phases   ] GC(894)   Evacuate Collection Set: 53.32ms
[377.106s][info][gc,phases   ] GC(894)   Post Evacuate Collection Set: 0.45ms
[377.106s][info][gc,phases   ] GC(894)   Other: 0.07ms
[377.106s][info][gc,heap     ] GC(894) Eden regions: 198->0(210)
[377.106s][info][gc,heap     ] GC(894) Survivor regions: 31->4(29)
[377.106s][info][gc,heap     ] GC(894) Old regions: 636->667
[377.106s][info][gc,heap     ] GC(894) Humongous regions: 10->10
[377.106s][info][gc,metaspace] GC(894) Metaspace: 18897K(19136K)->18897K(19136K) NonClass: 16237K(16384K)->16237K(16384K) Class: 2660K(2752K)->2660K(2752K)
[377.106s][info][gc          ] GC(894) Pause Young (Normal) (G1 Evacuation Pause) 874M->680M(978M) 55.074ms
[377.106s][info][gc,cpu      ] GC(894) User=0.11s Sys=0.00s Real=0.05s
[377.470s][info][gc,marking  ] GC(892) Concurrent Mark From Roots 1233.684ms
[377.470s][info][gc,marking  ] GC(892) Concurrent Preclean
[377.470s][info][gc,marking  ] GC(892) Concurrent Preclean 0.035ms
[377.470s][info][gc,start    ] GC(892) Pause Remark
[377.478s][info][gc          ] GC(892) Pause Remark 868M->733M(978M) 7.801ms
[377.478s][info][gc,cpu      ] GC(892) User=0.01s Sys=0.00s Real=0.01s
[377.478s][info][gc,marking  ] GC(892) Concurrent Mark 1241.853ms
[377.478s][info][gc,marking  ] GC(892) Concurrent Rebuild Remembered Sets and Scrub Regions
[377.534s][info][gc,start    ] GC(895) Pause Young (Normal) (G1 Evacuation Pause)
[377.534s][info][gc,task     ] GC(895) Using 2 workers of 2 for evacuation
[377.549s][info][gc,phases   ] GC(895)   Pre Evacuate Collection Set: 0.27ms
[377.549s][info][gc,phases   ] GC(895)   Merge Heap Roots: 0.22ms
[377.549s][info][gc,phases   ] GC(895)   Evacuate Collection Set: 14.70ms
[377.549s][info][gc,phases   ] GC(895)   Post Evacuate Collection Set: 0.40ms
[377.549s][info][gc,phases   ] GC(895)   Other: 0.10ms
[377.549s][info][gc,heap     ] GC(895) Eden regions: 210->0(308)
[377.549s][info][gc,heap     ] GC(895) Survivor regions: 4->9(27)
[377.549s][info][gc,heap     ] GC(895) Old regions: 535->535
[377.549s][info][gc,heap     ] GC(895) Humongous regions: 7->7
[377.549s][info][gc,metaspace] GC(895) Metaspace: 18897K(19136K)->18897K(19136K) NonClass: 16237K(16384K)->16237K(16384K) Class: 2660K(2752K)->2660K(2752K)
[377.549s][info][gc          ] GC(895) Pause Young (Normal) (G1 Evacuation Pause) 755M->550M(978M) 15.870ms
[377.549s][info][gc,cpu      ] GC(895) User=0.03s Sys=0.00s Real=0.02s
[377.975s][info][gc,marking  ] GC(892) Concurrent Rebuild Remembered Sets and Scrub Regions 496.756ms
[377.975s][info][gc,start    ] GC(892) Pause Cleanup
[377.975s][info][gc          ] GC(892) Pause Cleanup 732M->732M(978M) 0.105ms
[377.975s][info][gc,cpu      ] GC(892) User=0.00s Sys=0.00s Real=0.00s
[377.976s][info][gc,marking  ] GC(892) Concurrent Clear Claimed Marks
[377.976s][info][gc,marking  ] GC(892) Concurrent Clear Claimed Marks 0.042ms
[377.976s][info][gc,marking  ] GC(892) Concurrent Cleanup for Next Mark
[377.979s][info][gc,marking  ] GC(892) Concurrent Cleanup for Next Mark 2.868ms
[377.979s][info][gc          ] GC(892) Concurrent Mark Cycle 1809.753ms
[378.337s][info][gc,start    ] GC(896) Pause Young (Prepare Mixed) (G1 Evacuation Pause)
[378.337s][info][gc,task     ] GC(896) Using 2 workers of 2 for evacuation
[378.378s][info][gc,phases   ] GC(896)   Pre Evacuate Collection Set: 0.30ms
[378.378s][info][gc,phases   ] GC(896)   Merge Heap Roots: 0.32ms
[378.378s][info][gc,phases   ] GC(896)   Evacuate Collection Set: 39.69ms
[378.378s][info][gc,phases   ] GC(896)   Post Evacuate Collection Set: 0.54ms
[378.378s][info][gc,phases   ] GC(896)   Other: 0.09ms
[378.378s][info][gc,heap     ] GC(896) Eden regions: 308->0(298)
[378.378s][info][gc,heap     ] GC(896) Survivor regions: 9->34(40)
[378.378s][info][gc,heap     ] GC(896) Old regions: 535->535
[378.378s][info][gc,heap     ] GC(896) Humongous regions: 7->7
[378.378s][info][gc,metaspace] GC(896) Metaspace: 18897K(19136K)->18897K(19136K) NonClass: 16237K(16384K)->16237K(16384K) Class: 2660K(2752K)->2660K(2752K)
[378.378s][info][gc          ] GC(896) Pause Young (Prepare Mixed) (G1 Evacuation Pause) 858M->575M(978M) 41.250ms
[378.378s][info][gc,cpu      ] GC(896) User=0.08s Sys=0.00s Real=0.05s
[379.025s][info][gc,start    ] GC(897) Pause Young (Mixed) (G1 Evacuation Pause)
[379.025s][info][gc,task     ] GC(897) Using 2 workers of 2 for evacuation
[379.073s][info][gc,phases   ] GC(897)   Pre Evacuate Collection Set: 0.31ms
[379.073s][info][gc,phases   ] GC(897)   Merge Heap Roots: 0.53ms
[379.073s][info][gc,phases   ] GC(897)   Evacuate Collection Set: 46.18ms
[379.073s][info][gc,phases   ] GC(897)   Post Evacuate Collection Set: 0.55ms
[379.073s][info][gc,phases   ] GC(897)   Other: 0.08ms
[379.073s][info][gc,heap     ] GC(897) Eden regions: 298->0(321)
[379.073s][info][gc,heap     ] GC(897) Survivor regions: 34->1(42)
[379.073s][info][gc,heap     ] GC(897) Old regions: 535->554
[379.073s][info][gc,heap     ] GC(897) Humongous regions: 7->7
[379.073s][info][gc,metaspace] GC(897) Metaspace: 18897K(19136K)->18897K(19136K) NonClass: 16237K(16384K)->16237K(16384K) Class: 2660K(2752K)->2660K(2752K)
[379.073s][info][gc          ] GC(897) Pause Young (Mixed) (G1 Evacuation Pause) 873M->562M(978M) 47.916ms
[379.073s][info][gc,cpu      ] GC(897) User=0.10s Sys=0.01s Real=0.05s
[379.433s][info][gc,start    ] GC(898) Pause Young (Concurrent Start) (G1 Evacuation Pause)
[379.433s][info][gc,task     ] GC(898) Using 2 workers of 2 for evacuation
[379.500s][info][gc,phases   ] GC(898)   Pre Evacuate Collection Set: 0.31ms
[379.500s][info][gc,phases   ] GC(898)   Merge Heap Roots: 0.12ms
[379.500s][info][gc,phases   ] GC(898)   Evacuate Collection Set: 65.92ms
[379.500s][info][gc,phases   ] GC(898)   Post Evacuate Collection Set: 0.81ms
[379.500s][info][gc,phases   ] GC(898)   Other: 0.10ms
[379.500s][info][gc,heap     ] GC(898) Eden regions: 321->0(248)
[379.500s][info][gc,heap     ] GC(898) Survivor regions: 1->41(41)
[379.500s][info][gc,heap     ] GC(898) Old regions: 554->587
[379.500s][info][gc,heap     ] GC(898) Humongous regions: 7->7
[379.500s][info][gc,metaspace] GC(898) Metaspace: 18898K(19136K)->18898K(19136K) NonClass: 16238K(16384K)->16238K(16384K) Class: 2660K(2752K)->2660K(2752K)
[379.500s][info][gc          ] GC(898) Pause Young (Concurrent Start) (G1 Evacuation Pause) 883M->635M(978M) 67.563ms
[379.500s][info][gc,cpu      ] GC(898) User=0.14s Sys=0.00s Real=0.07s
[379.500s][info][gc          ] GC(899) Concurrent Mark Cycle
[379.501s][info][gc,marking  ] GC(899) Concurrent Scan Root Regions
[379.566s][info][gc,marking  ] GC(899) Concurrent Scan Root Regions 64.741ms
[379.566s][info][gc,marking  ] GC(899) Concurrent Mark
[379.566s][info][gc,marking  ] GC(899) Concurrent Mark From Roots
[379.566s][info][gc,task     ] GC(899) Using 1 workers of 1 for marking
[380.050s][info][gc,start    ] GC(900) Pause Young (Normal) (G1 Evacuation Pause)
[380.051s][info][gc,task     ] GC(900) Using 2 workers of 2 for evacuation
[380.153s][info][gc,phases   ] GC(900)   Pre Evacuate Collection Set: 0.54ms
[380.153s][info][gc,phases   ] GC(900)   Merge Heap Roots: 0.43ms
[380.153s][info][gc,phases   ] GC(900)   Evacuate Collection Set: 100.83ms
[380.153s][info][gc,phases   ] GC(900)   Post Evacuate Collection Set: 0.59ms
[380.153s][info][gc,phases   ] GC(900)   Other: 0.10ms
[380.153s][info][gc,heap     ] GC(900) Eden regions: 248->0(208)
[380.153s][info][gc,heap     ] GC(900) Survivor regions: 41->37(37)
[380.153s][info][gc,heap     ] GC(900) Old regions: 587->633
[380.153s][info][gc,heap     ] GC(900) Humongous regions: 10->10
[380.153s][info][gc,metaspace] GC(900) Metaspace: 18898K(19136K)->18898K(19136K) NonClass: 16238K(16384K)->16238K(16384K) Class: 2660K(2752K)->2660K(2752K)
[380.153s][info][gc          ] GC(900) Pause Young (Normal) (G1 Evacuation Pause) 886M->679M(978M) 102.783ms
[380.153s][info][gc,cpu      ] GC(900) User=0.20s Sys=0.00s Real=0.10s
[380.503s][info][gc,start    ] GC(901) Pause Young (Normal) (G1 Evacuation Pause)
[380.503s][info][gc,task     ] GC(901) Using 2 workers of 2 for evacuation
[380.567s][info][gc,phases   ] GC(901)   Pre Evacuate Collection Set: 0.29ms
[380.567s][info][gc,phases   ] GC(901)   Merge Heap Roots: 0.31ms
[380.567s][info][gc,phases   ] GC(901)   Evacuate Collection Set: 62.10ms
[380.567s][info][gc,phases   ] GC(901)   Post Evacuate Collection Set: 0.45ms
[380.567s][info][gc,phases   ] GC(901)   Other: 0.08ms
[380.567s][info][gc,heap     ] GC(901) Eden regions: 208->0(203)
[380.567s][info][gc,heap     ] GC(901) Survivor regions: 37->15(31)
[380.567s][info][gc,heap     ] GC(901) Old regions: 633->670
[380.567s][info][gc,heap     ] GC(901) Humongous regions: 10->10
[380.567s][info][gc,metaspace] GC(901) Metaspace: 18898K(19136K)->18898K(19136K) NonClass: 16238K(16384K)->16238K(16384K) Class: 2660K(2752K)->2660K(2752K)
[380.567s][info][gc          ] GC(901) Pause Young (Normal) (G1 Evacuation Pause) 887M->694M(978M) 63.506ms
[380.567s][info][gc,cpu      ] GC(901) User=0.13s Sys=0.00s Real=0.06s
[380.925s][info][gc,start    ] GC(902) Pause Young (Normal) (G1 Evacuation Pause)
[380.925s][info][gc,task     ] GC(902) Using 2 workers of 2 for evacuation
[380.951s][info][gc,phases   ] GC(902)   Pre Evacuate Collection Set: 0.28ms
[380.951s][info][gc,phases   ] GC(902)   Merge Heap Roots: 0.23ms
[380.951s][info][gc,phases   ] GC(902)   Evacuate Collection Set: 24.37ms
[380.951s][info][gc,phases   ] GC(902)   Post Evacuate Collection Set: 0.44ms
[380.951s][info][gc,phases   ] GC(902)   Other: 0.11ms
[380.951s][info][gc,heap     ] GC(902) Eden regions: 203->0(210)
[380.951s][info][gc,heap     ] GC(902) Survivor regions: 15->5(28)
[380.951s][info][gc,heap     ] GC(902) Old regions: 670->685
[380.951s][info][gc,heap     ] GC(902) Humongous regions: 10->10
[380.951s][info][gc,metaspace] GC(902) Metaspace: 18898K(19136K)->18898K(19136K) NonClass: 16238K(16384K)->16238K(16384K) Class: 2660K(2752K)->2660K(2752K)
[380.951s][info][gc          ] GC(902) Pause Young (Normal) (G1 Evacuation Pause) 897M->700M(978M) 25.653ms
[380.951s][info][gc,cpu      ] GC(902) User=0.05s Sys=0.00s Real=0.03s
[381.307s][info][gc,marking  ] GC(899) Concurrent Mark From Roots 1740.585ms
[381.307s][info][gc,marking  ] GC(899) Concurrent Preclean
[381.307s][info][gc,marking  ] GC(899) Concurrent Preclean 0.037ms
[381.308s][info][gc,start    ] GC(899) Pause Remark
[381.316s][info][gc          ] GC(899) Pause Remark 838M->831M(978M) 7.638ms
[381.316s][info][gc,cpu      ] GC(899) User=0.01s Sys=0.00s Real=0.00s
[381.316s][info][gc,marking  ] GC(899) Concurrent Mark 1749.842ms
[381.316s][info][gc,marking  ] GC(899) Concurrent Rebuild Remembered Sets and Scrub Regions
[381.448s][info][gc,start    ] GC(903) Pause Young (Normal) (G1 Evacuation Pause)
[381.448s][info][gc,task     ] GC(903) Using 2 workers of 2 for evacuation
[381.489s][info][gc,phases   ] GC(903)   Pre Evacuate Collection Set: 0.28ms
[381.489s][info][gc,phases   ] GC(903)   Merge Heap Roots: 0.45ms
[381.489s][info][gc,phases   ] GC(903)   Evacuate Collection Set: 39.85ms
[381.489s][info][gc,phases   ] GC(903)   Post Evacuate Collection Set: 0.45ms
[381.489s][info][gc,phases   ] GC(903)   Other: 0.09ms
[381.489s][info][gc,heap     ] GC(903) Eden regions: 210->0(190)
[381.489s][info][gc,heap     ] GC(903) Survivor regions: 5->25(27)
[381.489s][info][gc,heap     ] GC(903) Old regions: 679->679
[381.489s][info][gc,heap     ] GC(903) Humongous regions: 9->9
[381.489s][info][gc,metaspace] GC(903) Metaspace: 18898K(19136K)->18898K(19136K) NonClass: 16238K(16384K)->16238K(16384K) Class: 2660K(2752K)->2660K(2752K)
[381.489s][info][gc          ] GC(903) Pause Young (Normal) (G1 Evacuation Pause) 903M->712M(978M) 41.390ms
[381.489s][info][gc,cpu      ] GC(903) User=0.09s Sys=0.00s Real=0.04s
[382.003s][info][gc,start    ] GC(904) Pause Young (Normal) (G1 Evacuation Pause)
[382.003s][info][gc,task     ] GC(904) Using 2 workers of 2 for evacuation
[382.053s][info][gc,phases   ] GC(904)   Pre Evacuate Collection Set: 0.29ms
[382.053s][info][gc,phases   ] GC(904)   Merge Heap Roots: 0.33ms
[382.053s][info][gc,phases   ] GC(904)   Evacuate Collection Set: 48.73ms
[382.053s][info][gc,phases   ] GC(904)   Post Evacuate Collection Set: 0.46ms
[382.053s][info][gc,phases   ] GC(904)   Other: 0.10ms
[382.053s][info][gc,heap     ] GC(904) Eden regions: 190->0(171)
[382.053s][info][gc,heap     ] GC(904) Survivor regions: 25->22(27)
[382.053s][info][gc,heap     ] GC(904) Old regions: 679->704
[382.053s][info][gc,heap     ] GC(904) Humongous regions: 9->9
[382.053s][info][gc,metaspace] GC(904) Metaspace: 18911K(19136K)->18911K(19136K) NonClass: 16251K(16384K)->16251K(16384K) Class: 2660K(2752K)->2660K(2752K)
[382.053s][info][gc          ] GC(904) Pause Young (Normal) (G1 Evacuation Pause) 902M->734M(978M) 50.215ms
[382.053s][info][gc,cpu      ] GC(904) User=0.10s Sys=0.00s Real=0.05s
[382.098s][info][gc,marking  ] GC(899) Concurrent Rebuild Remembered Sets and Scrub Regions 782.523ms
[382.099s][info][gc,start    ] GC(899) Pause Cleanup
[382.099s][info][gc          ] GC(899) Pause Cleanup 758M->758M(978M) 0.126ms
[382.099s][info][gc,cpu      ] GC(899) User=0.00s Sys=0.00s Real=0.00s
[382.099s][info][gc,marking  ] GC(899) Concurrent Clear Claimed Marks
[382.099s][info][gc,marking  ] GC(899) Concurrent Clear Claimed Marks 0.036ms
[382.099s][info][gc,marking  ] GC(899) Concurrent Cleanup for Next Mark
[382.106s][info][gc,marking  ] GC(899) Concurrent Cleanup for Next Mark 7.018ms
[382.106s][info][gc          ] GC(899) Concurrent Mark Cycle 2605.443ms
[382.259s][info][gc,start    ] GC(905) Pause Young (Prepare Mixed) (G1 Evacuation Pause)
[382.259s][info][gc,task     ] GC(905) Using 2 workers of 2 for evacuation
[382.290s][info][gc,phases   ] GC(905)   Pre Evacuate Collection Set: 0.54ms
[382.290s][info][gc,phases   ] GC(905)   Merge Heap Roots: 0.11ms
[382.290s][info][gc,phases   ] GC(905)   Evacuate Collection Set: 30.28ms
[382.290s][info][gc,phases   ] GC(905)   Post Evacuate Collection Set: 0.47ms
[382.290s][info][gc,phases   ] GC(905)   Other: 0.07ms
[382.290s][info][gc,heap     ] GC(905) Eden regions: 171->0(156)
[382.290s][info][gc,heap     ] GC(905) Survivor regions: 22->24(25)
[382.290s][info][gc,heap     ] GC(905) Old regions: 704->715
[382.290s][info][gc,heap     ] GC(905) Humongous regions: 9->9
[382.290s][info][gc,metaspace] GC(905) Metaspace: 18913K(19136K)->18913K(19136K) NonClass: 16253K(16384K)->16253K(16384K) Class: 2660K(2752K)->2660K(2752K)
[382.290s][info][gc          ] GC(905) Pause Young (Prepare Mixed) (G1 Evacuation Pause) 905M->748M(978M) 31.689ms
[382.290s][info][gc,cpu      ] GC(905) User=0.06s Sys=0.00s Real=0.03s
[382.456s][info][gc,start    ] GC(906) Pause Young (Mixed) (G1 Evacuation Pause)
[382.456s][info][gc,task     ] GC(906) Using 2 workers of 2 for evacuation
[382.492s][info][gc,phases   ] GC(906)   Pre Evacuate Collection Set: 0.30ms
[382.492s][info][gc,phases   ] GC(906)   Merge Heap Roots: 0.11ms
[382.492s][info][gc,phases   ] GC(906)   Evacuate Collection Set: 35.21ms
[382.492s][info][gc,phases   ] GC(906)   Post Evacuate Collection Set: 0.46ms
[382.492s][info][gc,phases   ] GC(906)   Other: 0.07ms
[382.492s][info][gc,heap     ] GC(906) Eden regions: 156->0(171)
[382.492s][info][gc,heap     ] GC(906) Survivor regions: 24->15(23)
[382.492s][info][gc,heap     ] GC(906) Old regions: 715->718
[382.492s][info][gc,heap     ] GC(906) Humongous regions: 9->9
[382.492s][info][gc,metaspace] GC(906) Metaspace: 18913K(19136K)->18913K(19136K) NonClass: 16253K(16384K)->16253K(16384K) Class: 2660K(2752K)->2660K(2752K)
[382.492s][info][gc          ] GC(906) Pause Young (Mixed) (G1 Evacuation Pause) 904M->742M(978M) 36.406ms
[382.492s][info][gc,cpu      ] GC(906) User=0.07s Sys=0.00s Real=0.04s
[382.766s][info][gc,start    ] GC(907) Pause Young (Concurrent Start) (G1 Evacuation Pause)
[382.767s][info][gc,task     ] GC(907) Using 2 workers of 2 for evacuation
[382.790s][info][gc,phases   ] GC(907)   Pre Evacuate Collection Set: 0.37ms
[382.790s][info][gc,phases   ] GC(907)   Merge Heap Roots: 0.18ms
[382.790s][info][gc,phases   ] GC(907)   Evacuate Collection Set: 22.66ms
[382.790s][info][gc,phases   ] GC(907)   Post Evacuate Collection Set: 0.44ms
[382.790s][info][gc,phases   ] GC(907)   Other: 0.12ms
[382.790s][info][gc,heap     ] GC(907) Eden regions: 171->0(176)
[382.790s][info][gc,heap     ] GC(907) Survivor regions: 15->5(24)
[382.790s][info][gc,heap     ] GC(907) Old regions: 718->733
[382.790s][info][gc,heap     ] GC(907) Humongous regions: 9->9
[382.790s][info][gc,metaspace] GC(907) Metaspace: 18913K(19136K)->18913K(19136K) NonClass: 16253K(16384K)->16253K(16384K) Class: 2660K(2752K)->2660K(2752K)
[382.791s][info][gc          ] GC(907) Pause Young (Concurrent Start) (G1 Evacuation Pause) 913M->746M(978M) 24.037ms
[382.791s][info][gc          ] GC(908) Concurrent Mark Cycle
[382.791s][info][gc,marking  ] GC(908) Concurrent Scan Root Regions
[382.791s][info][gc,cpu      ] GC(907) User=0.05s Sys=0.00s Real=0.03s
[382.825s][info][gc,marking  ] GC(908) Concurrent Scan Root Regions 34.647ms
[382.825s][info][gc,marking  ] GC(908) Concurrent Mark
[382.825s][info][gc,marking  ] GC(908) Concurrent Mark From Roots
[382.825s][info][gc,task     ] GC(908) Using 1 workers of 1 for marking
[383.295s][info][gc,start    ] GC(909) Pause Young (Normal) (G1 Evacuation Pause)
[383.295s][info][gc,task     ] GC(909) Using 2 workers of 2 for evacuation
[383.308s][info][gc,phases   ] GC(909)   Pre Evacuate Collection Set: 0.52ms
[383.308s][info][gc,phases   ] GC(909)   Merge Heap Roots: 0.19ms
[383.308s][info][gc,phases   ] GC(909)   Evacuate Collection Set: 11.59ms
[383.308s][info][gc,phases   ] GC(909)   Post Evacuate Collection Set: 0.40ms
[383.308s][info][gc,phases   ] GC(909)   Other: 0.12ms
[383.308s][info][gc,heap     ] GC(909) Eden regions: 176->0(160)
[383.308s][info][gc,heap     ] GC(909) Survivor regions: 5->13(23)
[383.308s][info][gc,heap     ] GC(909) Old regions: 733->733
[383.308s][info][gc,heap     ] GC(909) Humongous regions: 9->9
[383.308s][info][gc,metaspace] GC(909) Metaspace: 18914K(19136K)->18914K(19136K) NonClass: 16254K(16384K)->16254K(16384K) Class: 2660K(2752K)->2660K(2752K)
[383.308s][info][gc          ] GC(909) Pause Young (Normal) (G1 Evacuation Pause) 922M->754M(978M) 13.056ms
[383.308s][info][gc,cpu      ] GC(909) User=0.02s Sys=0.00s Real=0.02s
[383.593s][info][gc,start    ] GC(910) Pause Young (Normal) (G1 Evacuation Pause)
[383.593s][info][gc,task     ] GC(910) Using 2 workers of 2 for evacuation
[383.620s][info][gc,phases   ] GC(910)   Pre Evacuate Collection Set: 0.29ms
[383.620s][info][gc,phases   ] GC(910)   Merge Heap Roots: 0.09ms
[383.620s][info][gc,phases   ] GC(910)   Evacuate Collection Set: 26.18ms
[383.620s][info][gc,phases   ] GC(910)   Post Evacuate Collection Set: 0.41ms
[383.620s][info][gc,phases   ] GC(910)   Other: 0.11ms
[383.620s][info][gc,heap     ] GC(910) Eden regions: 160->0(135)
[383.620s][info][gc,heap     ] GC(910) Survivor regions: 13->22(22)
[383.620s][info][gc,heap     ] GC(910) Old regions: 733->740
[383.620s][info][gc,heap     ] GC(910) Humongous regions: 9->9
[383.620s][info][gc,metaspace] GC(910) Metaspace: 18914K(19136K)->18914K(19136K) NonClass: 16254K(16384K)->16254K(16384K) Class: 2660K(2752K)->2660K(2752K)
[383.620s][info][gc          ] GC(910) Pause Young (Normal) (G1 Evacuation Pause) 914M->770M(978M) 27.315ms
[383.620s][info][gc,cpu      ] GC(910) User=0.05s Sys=0.00s Real=0.03s
[383.838s][info][gc,start    ] GC(911) Pause Young (Normal) (G1 Evacuation Pause)
[383.838s][info][gc,task     ] GC(911) Using 2 workers of 2 for evacuation
[383.899s][info][gc,phases   ] GC(911)   Pre Evacuate Collection Set: 0.28ms
[383.899s][info][gc,phases   ] GC(911)   Merge Heap Roots: 0.10ms
[383.899s][info][gc,phases   ] GC(911)   Evacuate Collection Set: 60.28ms
[383.899s][info][gc,phases   ] GC(911)   Post Evacuate Collection Set: 0.54ms
[383.900s][info][gc,phases   ] GC(911)   Other: 0.09ms
[383.900s][info][gc,heap     ] GC(911) Eden regions: 135->0(91)
[383.900s][info][gc,heap     ] GC(911) Survivor regions: 22->20(20)
[383.900s][info][gc,heap     ] GC(911) Old regions: 740->788
[383.900s][info][gc,heap     ] GC(911) Humongous regions: 9->9
[383.900s][info][gc,metaspace] GC(911) Metaspace: 18914K(19136K)->18914K(19136K) NonClass: 16254K(16384K)->16254K(16384K) Class: 2660K(2752K)->2660K(2752K)
[383.900s][info][gc          ] GC(911) Pause Young (Normal) (G1 Evacuation Pause) 905M->817M(978M) 61.594ms
[383.900s][info][gc,cpu      ] GC(911) User=0.12s Sys=0.00s Real=0.06s
[384.003s][info][gc,marking  ] GC(908) Concurrent Mark From Roots 1177.314ms
[384.003s][info][gc,marking  ] GC(908) Concurrent Preclean
[384.003s][info][gc,marking  ] GC(908) Concurrent Preclean 0.043ms
[384.003s][info][gc,start    ] GC(908) Pause Remark
[384.011s][info][gc          ] GC(908) Pause Remark 874M->588M(978M) 7.767ms
[384.011s][info][gc,cpu      ] GC(908) User=0.01s Sys=0.00s Real=0.01s
[384.013s][info][gc,marking  ] GC(908) Concurrent Mark 1187.641ms
[384.013s][info][gc,marking  ] GC(908) Concurrent Rebuild Remembered Sets and Scrub Regions
[384.181s][info][gc,start    ] GC(912) Pause Young (Normal) (G1 Evacuation Pause)
[384.181s][info][gc,task     ] GC(912) Using 2 workers of 2 for evacuation
[384.220s][info][gc,phases   ] GC(912)   Pre Evacuate Collection Set: 0.53ms
[384.220s][info][gc,phases   ] GC(912)   Merge Heap Roots: 0.54ms
[384.220s][info][gc,phases   ] GC(912)   Evacuate Collection Set: 37.65ms
[384.220s][info][gc,phases   ] GC(912)   Post Evacuate Collection Set: 0.35ms
[384.220s][info][gc,phases   ] GC(912)   Other: 0.09ms
[384.220s][info][gc,heap     ] GC(912) Eden regions: 91->0(306)
[384.220s][info][gc,heap     ] GC(912) Survivor regions: 20->14(14)
[384.220s][info][gc,heap     ] GC(912) Old regions: 507->530
[384.220s][info][gc,heap     ] GC(912) Humongous regions: 4->4
[384.220s][info][gc,metaspace] GC(912) Metaspace: 18914K(19136K)->18914K(19136K) NonClass: 16254K(16384K)->16254K(16384K) Class: 2660K(2752K)->2660K(2752K)
[384.220s][info][gc          ] GC(912) Pause Young (Normal) (G1 Evacuation Pause) 622M->548M(978M) 39.404ms
[384.220s][info][gc,cpu      ] GC(912) User=0.07s Sys=0.00s Real=0.04s
[384.390s][info][gc,marking  ] GC(908) Concurrent Rebuild Remembered Sets and Scrub Regions 377.181ms
[384.391s][info][gc,start    ] GC(908) Pause Cleanup
[384.391s][info][gc          ] GC(908) Pause Cleanup 649M->649M(978M) 0.141ms
[384.391s][info][gc,cpu      ] GC(908) User=0.00s Sys=0.00s Real=0.00s
[384.391s][info][gc,marking  ] GC(908) Concurrent Clear Claimed Marks
[384.391s][info][gc,marking  ] GC(908) Concurrent Clear Claimed Marks 0.032ms
[384.391s][info][gc,marking  ] GC(908) Concurrent Cleanup for Next Mark
[384.396s][info][gc,marking  ] GC(908) Concurrent Cleanup for Next Mark 4.845ms
[384.396s][info][gc          ] GC(908) Concurrent Mark Cycle 1605.421ms
[384.672s][info][gc,start    ] GC(913) Pause Young (Prepare Mixed) (G1 Evacuation Pause)
[384.672s][info][gc,task     ] GC(913) Using 2 workers of 2 for evacuation
[384.748s][info][gc,phases   ] GC(913)   Pre Evacuate Collection Set: 0.51ms
[384.748s][info][gc,phases   ] GC(913)   Merge Heap Roots: 0.40ms
[384.748s][info][gc,phases   ] GC(913)   Evacuate Collection Set: 74.16ms
[384.748s][info][gc,phases   ] GC(913)   Post Evacuate Collection Set: 0.67ms
[384.748s][info][gc,phases   ] GC(913)   Other: 0.11ms
[384.748s][info][gc,heap     ] GC(913) Eden regions: 306->0(266)
[384.748s][info][gc,heap     ] GC(913) Survivor regions: 14->40(40)
[384.748s][info][gc,heap     ] GC(913) Old regions: 530->547
[384.748s][info][gc,heap     ] GC(913) Humongous regions: 7->7
[384.748s][info][gc,metaspace] GC(913) Metaspace: 18914K(19136K)->18914K(19136K) NonClass: 16254K(16384K)->16254K(16384K) Class: 2660K(2752K)->2660K(2752K)
[384.748s][info][gc          ] GC(913) Pause Young (Prepare Mixed) (G1 Evacuation Pause) 857M->594M(978M) 76.112ms
[384.748s][info][gc,cpu      ] GC(913) User=0.15s Sys=0.00s Real=0.08s
[385.025s][info][gc,start    ] GC(914) Pause Young (Mixed) (G1 Evacuation Pause)
[385.025s][info][gc,task     ] GC(914) Using 2 workers of 2 for evacuation
[385.105s][info][gc,phases   ] GC(914)   Pre Evacuate Collection Set: 0.54ms
[385.105s][info][gc,phases   ] GC(914)   Merge Heap Roots: 1.19ms
[385.105s][info][gc,phases   ] GC(914)   Evacuate Collection Set: 77.16ms
[385.105s][info][gc,phases   ] GC(914)   Post Evacuate Collection Set: 0.56ms
[385.105s][info][gc,phases   ] GC(914)   Other: 0.08ms
[385.105s][info][gc,heap     ] GC(914) Eden regions: 266->0(289)
[385.105s][info][gc,heap     ] GC(914) Survivor regions: 40->16(39)
[385.105s][info][gc,heap     ] GC(914) Old regions: 547->554
[385.105s][info][gc,heap     ] GC(914) Humongous regions: 7->7
[385.105s][info][gc,metaspace] GC(914) Metaspace: 18914K(19136K)->18914K(19136K) NonClass: 16254K(16384K)->16254K(16384K) Class: 2660K(2752K)->2660K(2752K)
[385.105s][info][gc          ] GC(914) Pause Young (Mixed) (G1 Evacuation Pause) 860M->576M(978M) 79.816ms
[385.105s][info][gc,cpu      ] GC(914) User=0.16s Sys=0.00s Real=0.08s
[385.485s][info][gc,start    ] GC(915) Pause Young (Concurrent Start) (G1 Evacuation Pause)
[385.485s][info][gc,task     ] GC(915) Using 2 workers of 2 for evacuation
[385.536s][info][gc,phases   ] GC(915)   Pre Evacuate Collection Set: 0.30ms
[385.536s][info][gc,phases   ] GC(915)   Merge Heap Roots: 0.38ms
[385.536s][info][gc,phases   ] GC(915)   Evacuate Collection Set: 49.37ms
[385.536s][info][gc,phases   ] GC(915)   Post Evacuate Collection Set: 0.57ms
[385.536s][info][gc,phases   ] GC(915)   Other: 0.12ms
[385.536s][info][gc,heap     ] GC(915) Eden regions: 289->0(273)
[385.536s][info][gc,heap     ] GC(915) Survivor regions: 16->39(39)
[385.536s][info][gc,heap     ] GC(915) Old regions: 554->554
[385.536s][info][gc,heap     ] GC(915) Humongous regions: 7->7
[385.536s][info][gc,metaspace] GC(915) Metaspace: 18914K(19136K)->18914K(19136K) NonClass: 16254K(16384K)->16254K(16384K) Class: 2660K(2752K)->2660K(2752K)
[385.536s][info][gc          ] GC(915) Pause Young (Concurrent Start) (G1 Evacuation Pause) 865M->600M(978M) 50.965ms
[385.536s][info][gc          ] GC(916) Concurrent Mark Cycle
[385.536s][info][gc,marking  ] GC(916) Concurrent Scan Root Regions
[385.539s][info][gc,cpu      ] GC(915) User=0.11s Sys=0.00s Real=0.06s
[385.598s][info][gc,marking  ] GC(916) Concurrent Scan Root Regions 61.290ms
[385.598s][info][gc,marking  ] GC(916) Concurrent Mark
[385.598s][info][gc,marking  ] GC(916) Concurrent Mark From Roots
[385.598s][info][gc,task     ] GC(916) Using 1 workers of 1 for marking
[386.125s][info][gc,start    ] GC(917) Pause Young (Normal) (G1 Evacuation Pause)
[386.125s][info][gc,task     ] GC(917) Using 2 workers of 2 for evacuation
[386.229s][info][gc,phases   ] GC(917)   Pre Evacuate Collection Set: 0.29ms
[386.229s][info][gc,phases   ] GC(917)   Merge Heap Roots: 0.31ms
[386.229s][info][gc,phases   ] GC(917)   Evacuate Collection Set: 102.10ms
[386.229s][info][gc,phases   ] GC(917)   Post Evacuate Collection Set: 0.57ms
[386.229s][info][gc,phases   ] GC(917)   Other: 0.11ms
[386.229s][info][gc,heap     ] GC(917) Eden regions: 273->0(221)
[386.229s][info][gc,heap     ] GC(917) Survivor regions: 39->39(39)
[386.229s][info][gc,heap     ] GC(917) Old regions: 554->610
[386.229s][info][gc,heap     ] GC(917) Humongous regions: 8->8
[386.229s][info][gc,metaspace] GC(917) Metaspace: 18914K(19136K)->18914K(19136K) NonClass: 16254K(16384K)->16254K(16384K) Class: 2660K(2752K)->2660K(2752K)
[386.229s][info][gc          ] GC(917) Pause Young (Normal) (G1 Evacuation Pause) 874M->656M(978M) 103.662ms
[386.229s][info][gc,cpu      ] GC(917) User=0.20s Sys=0.00s Real=0.11s
[386.607s][info][gc,marking  ] GC(916) Concurrent Mark From Roots 1009.213ms
[386.607s][info][gc,marking  ] GC(916) Concurrent Preclean
[386.607s][info][gc,marking  ] GC(916) Concurrent Preclean 0.047ms
[386.607s][info][gc,start    ] GC(916) Pause Remark
[386.615s][info][gc          ] GC(916) Pause Remark 766M->609M(978M) 7.793ms
[386.615s][info][gc,cpu      ] GC(916) User=0.01s Sys=0.00s Real=0.00s
[386.619s][info][gc,marking  ] GC(916) Concurrent Mark 1021.169ms
[386.619s][info][gc,marking  ] GC(916) Concurrent Rebuild Remembered Sets and Scrub Regions
[386.842s][info][gc,start    ] GC(918) Pause Young (Normal) (G1 Evacuation Pause)
[386.842s][info][gc,task     ] GC(918) Using 2 workers of 2 for evacuation
[386.902s][info][gc,phases   ] GC(918)   Pre Evacuate Collection Set: 0.51ms
[386.902s][info][gc,phases   ] GC(918)   Merge Heap Roots: 0.28ms
[386.902s][info][gc,phases   ] GC(918)   Evacuate Collection Set: 59.20ms
[386.902s][info][gc,phases   ] GC(918)   Post Evacuate Collection Set: 0.49ms
[386.902s][info][gc,phases   ] GC(918)   Other: 0.13ms
[386.902s][info][gc,heap     ] GC(918) Eden regions: 221->0(326)
[386.902s][info][gc,heap     ] GC(918) Survivor regions: 39->19(33)
[386.902s][info][gc,heap     ] GC(918) Old regions: 456->495
[386.902s][info][gc,heap     ] GC(918) Humongous regions: 5->5
[386.902s][info][gc,metaspace] GC(918) Metaspace: 18914K(19136K)->18914K(19136K) NonClass: 16254K(16384K)->16254K(16384K) Class: 2660K(2752K)->2660K(2752K)
[386.902s][info][gc          ] GC(918) Pause Young (Normal) (G1 Evacuation Pause) 720M->518M(978M) 60.882ms
[386.903s][info][gc,cpu      ] GC(918) User=0.12s Sys=0.00s Real=0.06s
[387.082s][info][gc,marking  ] GC(916) Concurrent Rebuild Remembered Sets and Scrub Regions 462.990ms
[387.082s][info][gc,start    ] GC(916) Pause Cleanup
[387.082s][info][gc          ] GC(916) Pause Cleanup 646M->646M(978M) 0.130ms
[387.082s][info][gc,cpu      ] GC(916) User=0.00s Sys=0.00s Real=0.00s
[387.084s][info][gc,marking  ] GC(916) Concurrent Clear Claimed Marks
[387.084s][info][gc,marking  ] GC(916) Concurrent Clear Claimed Marks 0.056ms
[387.084s][info][gc,marking  ] GC(916) Concurrent Cleanup for Next Mark
[387.090s][info][gc,marking  ] GC(916) Concurrent Cleanup for Next Mark 6.102ms
[387.090s][info][gc          ] GC(916) Concurrent Mark Cycle 1553.421ms
[387.339s][info][gc,start    ] GC(919) Pause Young (Prepare Mixed) (G1 Evacuation Pause)
[387.339s][info][gc,task     ] GC(919) Using 2 workers of 2 for evacuation
[387.380s][info][gc,phases   ] GC(919)   Pre Evacuate Collection Set: 0.52ms
[387.380s][info][gc,phases   ] GC(919)   Merge Heap Roots: 0.25ms
[387.380s][info][gc,phases   ] GC(919)   Evacuate Collection Set: 39.76ms
[387.380s][info][gc,phases   ] GC(919)   Post Evacuate Collection Set: 0.56ms
[387.380s][info][gc,phases   ] GC(919)   Other: 0.14ms
[387.380s][info][gc,heap     ] GC(919) Eden regions: 326->0(322)
[387.380s][info][gc,heap     ] GC(919) Survivor regions: 19->38(44)
[387.380s][info][gc,heap     ] GC(919) Old regions: 495->495
[387.380s][info][gc,heap     ] GC(919) Humongous regions: 5->5
[387.380s][info][gc,metaspace] GC(919) Metaspace: 18914K(19136K)->18914K(19136K) NonClass: 16254K(16384K)->16254K(16384K) Class: 2660K(2752K)->2660K(2752K)
[387.380s][info][gc          ] GC(919) Pause Young (Prepare Mixed) (G1 Evacuation Pause) 844M->537M(978M) 41.495ms
[387.380s][info][gc,cpu      ] GC(919) User=0.09s Sys=0.00s Real=0.04s
[388.050s][info][gc,start    ] GC(920) Pause Young (Mixed) (G1 Evacuation Pause)
[388.050s][info][gc,task     ] GC(920) Using 2 workers of 2 for evacuation
[388.089s][info][gc,phases   ] GC(920)   Pre Evacuate Collection Set: 0.56ms
[388.089s][info][gc,phases   ] GC(920)   Merge Heap Roots: 0.28ms
[388.089s][info][gc,phases   ] GC(920)   Evacuate Collection Set: 37.35ms
[388.089s][info][gc,phases   ] GC(920)   Post Evacuate Collection Set: 0.63ms
[388.089s][info][gc,phases   ] GC(920)   Other: 0.08ms
[388.089s][info][gc,heap     ] GC(920) Eden regions: 322->0(394)
[388.089s][info][gc,heap     ] GC(920) Survivor regions: 38->20(45)
[388.089s][info][gc,heap     ] GC(920) Old regions: 495->455
[388.089s][info][gc,heap     ] GC(920) Humongous regions: 5->5
[388.089s][info][gc,metaspace] GC(920) Metaspace: 18918K(19136K)->18918K(19136K) NonClass: 16258K(16384K)->16258K(16384K) Class: 2660K(2752K)->2660K(2752K)
[388.089s][info][gc          ] GC(920) Pause Young (Mixed) (G1 Evacuation Pause) 859M->479M(978M) 39.122ms
[388.089s][info][gc,cpu      ] GC(920) User=0.08s Sys=0.00s Real=0.04s
[388.565s][info][gc,start    ] GC(921) Pause Young (Concurrent Start) (G1 Evacuation Pause)
[388.566s][info][gc,task     ] GC(921) Using 2 workers of 2 for evacuation
[388.658s][info][gc,phases   ] GC(921)   Pre Evacuate Collection Set: 0.32ms
[388.658s][info][gc,phases   ] GC(921)   Merge Heap Roots: 0.39ms
[388.658s][info][gc,phases   ] GC(921)   Evacuate Collection Set: 90.31ms
[388.658s][info][gc,phases   ] GC(921)   Post Evacuate Collection Set: 0.85ms
[388.658s][info][gc,phases   ] GC(921)   Other: 0.10ms
[388.658s][info][gc,heap     ] GC(921) Eden regions: 394->0(301)
[388.658s][info][gc,heap     ] GC(921) Survivor regions: 20->52(52)
[388.658s][info][gc,heap     ] GC(921) Old regions: 455->491
[388.658s][info][gc,heap     ] GC(921) Humongous regions: 5->5
[388.658s][info][gc,metaspace] GC(921) Metaspace: 18918K(19136K)->18918K(19136K) NonClass: 16258K(16384K)->16258K(16384K) Class: 2660K(2752K)->2660K(2752K)
[388.658s][info][gc          ] GC(921) Pause Young (Concurrent Start) (G1 Evacuation Pause) 873M->548M(978M) 92.219ms
[388.658s][info][gc,cpu      ] GC(921) User=0.19s Sys=0.00s Real=0.10s
[388.658s][info][gc          ] GC(922) Concurrent Mark Cycle
[388.660s][info][gc,marking  ] GC(922) Concurrent Scan Root Regions
[388.756s][info][gc,marking  ] GC(922) Concurrent Scan Root Regions 95.615ms
[388.756s][info][gc,marking  ] GC(922) Concurrent Mark
[388.756s][info][gc,marking  ] GC(922) Concurrent Mark From Roots
[388.756s][info][gc,task     ] GC(922) Using 1 workers of 1 for marking
[389.523s][info][gc,start    ] GC(923) Pause Young (Normal) (G1 Evacuation Pause)
[389.523s][info][gc,task     ] GC(923) Using 2 workers of 2 for evacuation
[389.626s][info][gc,phases   ] GC(923)   Pre Evacuate Collection Set: 0.29ms
[389.626s][info][gc,phases   ] GC(923)   Merge Heap Roots: 0.59ms
[389.626s][info][gc,phases   ] GC(923)   Evacuate Collection Set: 101.09ms
[389.626s][info][gc,phases   ] GC(923)   Post Evacuate Collection Set: 0.64ms
[389.626s][info][gc,phases   ] GC(923)   Other: 0.11ms
[389.626s][info][gc,heap     ] GC(923) Eden regions: 301->0(296)
[389.626s][info][gc,heap     ] GC(923) Survivor regions: 52->17(45)
[389.626s][info][gc,heap     ] GC(923) Old regions: 491->544
[389.626s][info][gc,heap     ] GC(923) Humongous regions: 8->8
[389.626s][info][gc,metaspace] GC(923) Metaspace: 18918K(19136K)->18918K(19136K) NonClass: 16258K(16384K)->16258K(16384K) Class: 2660K(2752K)->2660K(2752K)
[389.626s][info][gc          ] GC(923) Pause Young (Normal) (G1 Evacuation Pause) 852M->568M(978M) 103.011ms
[389.626s][info][gc,cpu      ] GC(923) User=0.20s Sys=0.00s Real=0.10s
[389.755s][info][gc,marking  ] GC(922) Concurrent Mark From Roots 999.384ms
[389.755s][info][gc,marking  ] GC(922) Concurrent Preclean
[389.755s][info][gc,marking  ] GC(922) Concurrent Preclean 0.034ms
[389.755s][info][gc,start    ] GC(922) Pause Remark
[389.763s][info][gc          ] GC(922) Pause Remark 606M->465M(978M) 7.917ms
[389.763s][info][gc,cpu      ] GC(922) User=0.02s Sys=0.00s Real=0.01s
[389.764s][info][gc,marking  ] GC(922) Concurrent Mark 1008.340ms
[389.764s][info][gc,marking  ] GC(922) Concurrent Rebuild Remembered Sets and Scrub Regions
[390.075s][info][gc,marking  ] GC(922) Concurrent Rebuild Remembered Sets and Scrub Regions 311.140ms
[390.075s][info][gc,start    ] GC(922) Pause Cleanup
[390.075s][info][gc          ] GC(922) Pause Cleanup 666M->666M(978M) 0.100ms
[390.075s][info][gc,cpu      ] GC(922) User=0.00s Sys=0.00s Real=0.00s
[390.075s][info][gc,marking  ] GC(922) Concurrent Clear Claimed Marks
[390.076s][info][gc,marking  ] GC(922) Concurrent Clear Claimed Marks 0.028ms
[390.076s][info][gc,marking  ] GC(922) Concurrent Cleanup for Next Mark
[390.082s][info][gc,marking  ] GC(922) Concurrent Cleanup for Next Mark 6.887ms
[390.082s][info][gc          ] GC(922) Concurrent Mark Cycle 1424.735ms
[390.159s][info][gc,start    ] GC(924) Pause Young (Prepare Mixed) (G1 Evacuation Pause)
[390.159s][info][gc,task     ] GC(924) Using 2 workers of 2 for evacuation
[390.247s][info][gc,phases   ] GC(924)   Pre Evacuate Collection Set: 0.27ms
[390.247s][info][gc,phases   ] GC(924)   Merge Heap Roots: 0.44ms
[390.247s][info][gc,phases   ] GC(924)   Evacuate Collection Set: 86.32ms
[390.247s][info][gc,phases   ] GC(924)   Post Evacuate Collection Set: 0.86ms
[390.247s][info][gc,phases   ] GC(924)   Other: 0.08ms
[390.247s][info][gc,heap     ] GC(924) Eden regions: 296->0(335)
[390.247s][info][gc,heap     ] GC(924) Survivor regions: 17->40(40)
[390.247s][info][gc,heap     ] GC(924) Old regions: 405->448
[390.247s][info][gc,heap     ] GC(924) Humongous regions: 6->6
[390.247s][info][gc,metaspace] GC(924) Metaspace: 18918K(19136K)->18918K(19136K) NonClass: 16258K(16384K)->16258K(16384K) Class: 2660K(2752K)->2660K(2752K)
[390.247s][info][gc          ] GC(924) Pause Young (Prepare Mixed) (G1 Evacuation Pause) 723M->494M(978M) 88.199ms
[390.247s][info][gc,cpu      ] GC(924) User=0.18s Sys=0.00s Real=0.09s
[390.678s][info][gc,start    ] GC(925) Pause Young (Mixed) (G1 Evacuation Pause)
[390.678s][info][gc,task     ] GC(925) Using 2 workers of 2 for evacuation
[390.769s][info][gc,phases   ] GC(925)   Pre Evacuate Collection Set: 0.35ms
[390.769s][info][gc,phases   ] GC(925)   Merge Heap Roots: 0.60ms
[390.769s][info][gc,phases   ] GC(925)   Evacuate Collection Set: 89.00ms
[390.769s][info][gc,phases   ] GC(925)   Post Evacuate Collection Set: 0.68ms
[390.769s][info][gc,phases   ] GC(925)   Other: 0.11ms
[390.769s][info][gc,heap     ] GC(925) Eden regions: 335->0(350)
[390.769s][info][gc,heap     ] GC(925) Survivor regions: 40->19(47)
[390.769s][info][gc,heap     ] GC(925) Old regions: 448->468
[390.769s][info][gc,heap     ] GC(925) Humongous regions: 9->9
[390.769s][info][gc,metaspace] GC(925) Metaspace: 18918K(19136K)->18918K(19136K) NonClass: 16258K(16384K)->16258K(16384K) Class: 2660K(2752K)->2660K(2752K)
[390.769s][info][gc          ] GC(925) Pause Young (Mixed) (G1 Evacuation Pause) 832M->495M(978M) 90.980ms
[390.769s][info][gc,cpu      ] GC(925) User=0.18s Sys=0.00s Real=0.09s
[391.296s][info][gc,start    ] GC(926) Pause Young (Concurrent Start) (G1 Evacuation Pause)
[391.296s][info][gc,task     ] GC(926) Using 2 workers of 2 for evacuation
[391.330s][info][gc,phases   ] GC(926)   Pre Evacuate Collection Set: 0.29ms
[391.330s][info][gc,phases   ] GC(926)   Merge Heap Roots: 0.32ms
[391.330s][info][gc,phases   ] GC(926)   Evacuate Collection Set: 32.46ms
[391.330s][info][gc,phases   ] GC(926)   Post Evacuate Collection Set: 0.67ms
[391.330s][info][gc,phases   ] GC(926)   Other: 0.13ms
[391.330s][info][gc,heap     ] GC(926) Eden regions: 350->0(377)
[391.330s][info][gc,heap     ] GC(926) Survivor regions: 19->19(47)
[391.330s][info][gc,heap     ] GC(926) Old regions: 468->468
[391.330s][info][gc,heap     ] GC(926) Humongous regions: 9->9
[391.330s][info][gc,metaspace] GC(926) Metaspace: 18918K(19136K)->18918K(19136K) NonClass: 16258K(16384K)->16258K(16384K) Class: 2660K(2752K)->2660K(2752K)
[391.330s][info][gc          ] GC(926) Pause Young (Concurrent Start) (G1 Evacuation Pause) 845M->495M(978M) 34.083ms
[391.330s][info][gc          ] GC(927) Concurrent Mark Cycle
[391.330s][info][gc,marking  ] GC(927) Concurrent Scan Root Regions
[391.332s][info][gc,cpu      ] GC(926) User=0.06s Sys=0.00s Real=0.04s
[391.376s][info][gc,marking  ] GC(927) Concurrent Scan Root Regions 46.548ms
[391.376s][info][gc,marking  ] GC(927) Concurrent Mark
[391.376s][info][gc,marking  ] GC(927) Concurrent Mark From Roots
[391.376s][info][gc,task     ] GC(927) Using 1 workers of 1 for marking
[392.445s][info][gc,marking  ] GC(927) Concurrent Mark From Roots 1069.055ms
[392.445s][info][gc,marking  ] GC(927) Concurrent Preclean
[392.446s][info][gc,marking  ] GC(927) Concurrent Preclean 0.033ms
[392.446s][info][gc,start    ] GC(927) Pause Remark
[392.453s][info][gc          ] GC(927) Pause Remark 814M->812M(978M) 7.678ms
[392.453s][info][gc,cpu      ] GC(927) User=0.01s Sys=0.00s Real=0.01s
[392.454s][info][gc,marking  ] GC(927) Concurrent Mark 1077.606ms
[392.454s][info][gc,marking  ] GC(927) Concurrent Rebuild Remembered Sets and Scrub Regions
[392.556s][info][gc,start    ] GC(928) Pause Young (Normal) (G1 Evacuation Pause)
[392.556s][info][gc,task     ] GC(928) Using 2 workers of 2 for evacuation
[392.605s][info][gc,phases   ] GC(928)   Pre Evacuate Collection Set: 0.47ms
[392.605s][info][gc,phases   ] GC(928)   Merge Heap Roots: 0.36ms
[392.605s][info][gc,phases   ] GC(928)   Evacuate Collection Set: 47.38ms
[392.605s][info][gc,phases   ] GC(928)   Post Evacuate Collection Set: 0.67ms
[392.605s][info][gc,phases   ] GC(928)   Other: 0.09ms
[392.605s][info][gc,heap     ] GC(928) Eden regions: 377->0(379)
[392.605s][info][gc,heap     ] GC(928) Survivor regions: 19->31(50)
[392.605s][info][gc,heap     ] GC(928) Old regions: 468->468
[392.605s][info][gc,heap     ] GC(928) Humongous regions: 7->7
[392.605s][info][gc,metaspace] GC(928) Metaspace: 18918K(19136K)->18918K(19136K) NonClass: 16258K(16384K)->16258K(16384K) Class: 2660K(2752K)->2660K(2752K)
[392.605s][info][gc          ] GC(928) Pause Young (Normal) (G1 Evacuation Pause) 870M->505M(978M) 49.239ms
[392.605s][info][gc,cpu      ] GC(928) User=0.10s Sys=0.00s Real=0.05s
[392.906s][info][gc,marking  ] GC(927) Concurrent Rebuild Remembered Sets and Scrub Regions 451.648ms
[392.906s][info][gc,start    ] GC(927) Pause Cleanup
[392.906s][info][gc          ] GC(927) Pause Cleanup 725M->725M(978M) 0.088ms
[392.906s][info][gc,cpu      ] GC(927) User=0.00s Sys=0.00s Real=0.00s
[392.906s][info][gc,marking  ] GC(927) Concurrent Clear Claimed Marks
[392.906s][info][gc,marking  ] GC(927) Concurrent Clear Claimed Marks 0.034ms
[392.906s][info][gc,marking  ] GC(927) Concurrent Cleanup for Next Mark
[392.911s][info][gc,marking  ] GC(927) Concurrent Cleanup for Next Mark 4.850ms
[392.911s][info][gc          ] GC(927) Concurrent Mark Cycle 1581.453ms
[393.059s][info][gc,start    ] GC(929) Pause Young (Prepare Mixed) (G1 Evacuation Pause)
[393.059s][info][gc,task     ] GC(929) Using 2 workers of 2 for evacuation
[393.132s][info][gc,phases   ] GC(929)   Pre Evacuate Collection Set: 0.50ms
[393.132s][info][gc,phases   ] GC(929)   Merge Heap Roots: 0.62ms
[393.132s][info][gc,phases   ] GC(929)   Evacuate Collection Set: 71.17ms
[393.132s][info][gc,phases   ] GC(929)   Post Evacuate Collection Set: 0.59ms
[393.132s][info][gc,phases   ] GC(929)   Other: 0.11ms
[393.132s][info][gc,heap     ] GC(929) Eden regions: 379->0(356)
[393.132s][info][gc,heap     ] GC(929) Survivor regions: 31->36(52)
[393.132s][info][gc,heap     ] GC(929) Old regions: 468->487
[393.132s][info][gc,heap     ] GC(929) Humongous regions: 7->7
[393.132s][info][gc,metaspace] GC(929) Metaspace: 18918K(19136K)->18918K(19136K) NonClass: 16258K(16384K)->16258K(16384K) Class: 2660K(2752K)->2660K(2752K)
[393.132s][info][gc          ] GC(929) Pause Young (Prepare Mixed) (G1 Evacuation Pause) 884M->529M(978M) 73.217ms
[393.132s][info][gc,cpu      ] GC(929) User=0.14s Sys=0.00s Real=0.07s
[393.491s][info][gc,start    ] GC(930) Pause Young (Mixed) (G1 Evacuation Pause)
[393.491s][info][gc,task     ] GC(930) Using 2 workers of 2 for evacuation
[393.559s][info][gc,phases   ] GC(930)   Pre Evacuate Collection Set: 0.53ms
[393.559s][info][gc,phases   ] GC(930)   Merge Heap Roots: 0.40ms
[393.559s][info][gc,phases   ] GC(930)   Evacuate Collection Set: 66.45ms
[393.559s][info][gc,phases   ] GC(930)   Post Evacuate Collection Set: 0.59ms
[393.559s][info][gc,phases   ] GC(930)   Other: 0.09ms
[393.559s][info][gc,heap     ] GC(930) Eden regions: 356->0(338)
[393.559s][info][gc,heap     ] GC(930) Survivor regions: 36->47(49)
[393.559s][info][gc,heap     ] GC(930) Old regions: 487->489
[393.559s][info][gc,heap     ] GC(930) Humongous regions: 7->7
[393.559s][info][gc,metaspace] GC(930) Metaspace: 18918K(19136K)->18918K(19136K) NonClass: 16258K(16384K)->16258K(16384K) Class: 2660K(2752K)->2660K(2752K)
[393.559s][info][gc          ] GC(930) Pause Young (Mixed) (G1 Evacuation Pause) 885M->542M(978M) 68.305ms
[393.559s][info][gc,cpu      ] GC(930) User=0.13s Sys=0.00s Real=0.07s
[393.944s][info][gc,start    ] GC(931) Pause Young (Concurrent Start) (G1 Evacuation Pause)
[393.944s][info][gc,task     ] GC(931) Using 2 workers of 2 for evacuation
[394.035s][info][gc,phases   ] GC(931)   Pre Evacuate Collection Set: 0.32ms
[394.035s][info][gc,phases   ] GC(931)   Merge Heap Roots: 0.35ms
[394.035s][info][gc,phases   ] GC(931)   Evacuate Collection Set: 90.02ms
[394.035s][info][gc,phases   ] GC(931)   Post Evacuate Collection Set: 0.64ms
[394.035s][info][gc,phases   ] GC(931)   Other: 0.12ms
[394.035s][info][gc,heap     ] GC(931) Eden regions: 338->0(297)
[394.035s][info][gc,heap     ] GC(931) Survivor regions: 47->49(49)
[394.035s][info][gc,heap     ] GC(931) Old regions: 489->526
[394.035s][info][gc,heap     ] GC(931) Humongous regions: 7->7
[394.035s][info][gc,metaspace] GC(931) Metaspace: 18918K(19136K)->18918K(19136K) NonClass: 16258K(16384K)->16258K(16384K) Class: 2660K(2752K)->2660K(2752K)
[394.035s][info][gc          ] GC(931) Pause Young (Concurrent Start) (G1 Evacuation Pause) 880M->582M(978M) 91.685ms
[394.035s][info][gc          ] GC(932) Concurrent Mark Cycle
[394.035s][info][gc,marking  ] GC(932) Concurrent Scan Root Regions
[394.035s][info][gc,cpu      ] GC(931) User=0.18s Sys=0.00s Real=0.09s
[394.196s][info][gc,marking  ] GC(932) Concurrent Scan Root Regions 160.240ms
[394.196s][info][gc,marking  ] GC(932) Concurrent Mark
[394.196s][info][gc,marking  ] GC(932) Concurrent Mark From Roots
[394.196s][info][gc,task     ] GC(932) Using 1 workers of 1 for marking
[394.542s][info][gc,start    ] GC(933) Pause Young (Normal) (G1 Evacuation Pause)
[394.542s][info][gc,task     ] GC(933) Using 2 workers of 2 for evacuation
[394.597s][info][gc,phases   ] GC(933)   Pre Evacuate Collection Set: 0.53ms
[394.597s][info][gc,phases   ] GC(933)   Merge Heap Roots: 0.28ms
[394.597s][info][gc,phases   ] GC(933)   Evacuate Collection Set: 53.62ms
[394.597s][info][gc,phases   ] GC(933)   Post Evacuate Collection Set: 0.49ms
[394.597s][info][gc,phases   ] GC(933)   Other: 0.09ms
[394.597s][info][gc,heap     ] GC(933) Eden regions: 297->0(312)
[394.597s][info][gc,heap     ] GC(933) Survivor regions: 49->4(44)
[394.597s][info][gc,heap     ] GC(933) Old regions: 526->576
[394.597s][info][gc,heap     ] GC(933) Humongous regions: 7->7
[394.597s][info][gc,metaspace] GC(933) Metaspace: 18918K(19136K)->18918K(19136K) NonClass: 16258K(16384K)->16258K(16384K) Class: 2660K(2752K)->2660K(2752K)
[394.597s][info][gc          ] GC(933) Pause Young (Normal) (G1 Evacuation Pause) 879M->586M(978M) 55.233ms
[394.597s][info][gc,cpu      ] GC(933) User=0.10s Sys=0.00s Real=0.06s
[395.509s][info][gc,marking  ] GC(932) Concurrent Mark From Roots 1313.575ms
[395.509s][info][gc,marking  ] GC(932) Concurrent Preclean
[395.509s][info][gc,marking  ] GC(932) Concurrent Preclean 0.031ms
[395.510s][info][gc,start    ] GC(932) Pause Remark
[395.517s][info][gc          ] GC(932) Pause Remark 875M->875M(978M) 7.716ms
[395.517s][info][gc,cpu      ] GC(932) User=0.01s Sys=0.00s Real=0.01s
[395.517s][info][gc,marking  ] GC(932) Concurrent Mark 1321.608ms
[395.517s][info][gc,marking  ] GC(932) Concurrent Rebuild Remembered Sets and Scrub Regions
[395.604s][info][gc,start    ] GC(934) Pause Young (Normal) (G1 Evacuation Pause)
[395.604s][info][gc,task     ] GC(934) Using 2 workers of 2 for evacuation
[395.638s][info][gc,phases   ] GC(934)   Pre Evacuate Collection Set: 0.26ms
[395.638s][info][gc,phases   ] GC(934)   Merge Heap Roots: 0.23ms
[395.638s][info][gc,phases   ] GC(934)   Evacuate Collection Set: 32.62ms
[395.638s][info][gc,phases   ] GC(934)   Post Evacuate Collection Set: 0.52ms
[395.638s][info][gc,phases   ] GC(934)   Other: 0.10ms
[395.638s][info][gc,heap     ] GC(934) Eden regions: 312->0(291)
[395.638s][info][gc,heap     ] GC(934) Survivor regions: 4->27(40)
[395.638s][info][gc,heap     ] GC(934) Old regions: 576->576
[395.638s][info][gc,heap     ] GC(934) Humongous regions: 7->7
[395.638s][info][gc,metaspace] GC(934) Metaspace: 18918K(19136K)->18918K(19136K) NonClass: 16258K(16384K)->16258K(16384K) Class: 2660K(2752K)->2660K(2752K)
[395.638s][info][gc          ] GC(934) Pause Young (Normal) (G1 Evacuation Pause) 898M->609M(978M) 33.983ms
[395.638s][info][gc,cpu      ] GC(934) User=0.06s Sys=0.00s Real=0.04s
[396.059s][info][gc,marking  ] GC(932) Concurrent Rebuild Remembered Sets and Scrub Regions 541.606ms
[396.059s][info][gc,start    ] GC(932) Pause Cleanup
[396.059s][info][gc          ] GC(932) Pause Cleanup 721M->721M(978M) 0.111ms
[396.059s][info][gc,cpu      ] GC(932) User=0.00s Sys=0.00s Real=0.00s
[396.059s][info][gc,marking  ] GC(932) Concurrent Clear Claimed Marks
[396.059s][info][gc,marking  ] GC(932) Concurrent Clear Claimed Marks 0.030ms
[396.059s][info][gc,marking  ] GC(932) Concurrent Cleanup for Next Mark
[396.062s][info][gc,marking  ] GC(932) Concurrent Cleanup for Next Mark 2.850ms
[396.062s][info][gc          ] GC(932) Concurrent Mark Cycle 2026.850ms
[396.455s][info][gc,start    ] GC(935) Pause Young (Prepare Mixed) (G1 Evacuation Pause)
[396.455s][info][gc,task     ] GC(935) Using 2 workers of 2 for evacuation
[396.485s][info][gc,phases   ] GC(935)   Pre Evacuate Collection Set: 0.53ms
[396.485s][info][gc,phases   ] GC(935)   Merge Heap Roots: 0.28ms
[396.485s][info][gc,phases   ] GC(935)   Evacuate Collection Set: 28.11ms
[396.485s][info][gc,phases   ] GC(935)   Post Evacuate Collection Set: 0.61ms
[396.485s][info][gc,phases   ] GC(935)   Other: 0.12ms
[396.485s][info][gc,heap     ] GC(935) Eden regions: 291->0(306)
[396.485s][info][gc,heap     ] GC(935) Survivor regions: 27->1(40)
[396.485s][info][gc,heap     ] GC(935) Old regions: 576->602
[396.485s][info][gc,heap     ] GC(935) Humongous regions: 7->7
[396.485s][info][gc,metaspace] GC(935) Metaspace: 18918K(19136K)->18918K(19136K) NonClass: 16258K(16384K)->16258K(16384K) Class: 2660K(2752K)->2660K(2752K)
[396.485s][info][gc          ] GC(935) Pause Young (Prepare Mixed) (G1 Evacuation Pause) 900M->610M(978M) 29.902ms
[396.485s][info][gc,cpu      ] GC(935) User=0.06s Sys=0.00s Real=0.03s
[397.171s][info][gc,start    ] GC(936) Pause Young (Mixed) (G1 Evacuation Pause)
[397.171s][info][gc,task     ] GC(936) Using 2 workers of 2 for evacuation
[397.210s][info][gc,phases   ] GC(936)   Pre Evacuate Collection Set: 0.30ms
[397.210s][info][gc,phases   ] GC(936)   Merge Heap Roots: 0.66ms
[397.210s][info][gc,phases   ] GC(936)   Evacuate Collection Set: 36.68ms
[397.210s][info][gc,phases   ] GC(936)   Post Evacuate Collection Set: 0.49ms
[397.210s][info][gc,phases   ] GC(936)   Other: 0.11ms
[397.210s][info][gc,heap     ] GC(936) Eden regions: 306->0(321)
[397.210s][info][gc,heap     ] GC(936) Survivor regions: 1->1(39)
[397.210s][info][gc,heap     ] GC(936) Old regions: 602->595
[397.210s][info][gc,heap     ] GC(936) Humongous regions: 7->7
[397.210s][info][gc,metaspace] GC(936) Metaspace: 18918K(19136K)->18918K(19136K) NonClass: 16258K(16384K)->16258K(16384K) Class: 2660K(2752K)->2660K(2752K)
[397.210s][info][gc          ] GC(936) Pause Young (Mixed) (G1 Evacuation Pause) 916M->602M(978M) 38.469ms
[397.210s][info][gc,cpu      ] GC(936) User=0.07s Sys=0.00s Real=0.04s
[397.632s][info][gc,start    ] GC(937) Pause Young (Concurrent Start) (G1 Evacuation Pause)
[397.632s][info][gc,task     ] GC(937) Using 2 workers of 2 for evacuation
[397.702s][info][gc,phases   ] GC(937)   Pre Evacuate Collection Set: 0.35ms
[397.702s][info][gc,phases   ] GC(937)   Merge Heap Roots: 0.13ms
[397.702s][info][gc,phases   ] GC(937)   Evacuate Collection Set: 63.30ms
[397.702s][info][gc,phases   ] GC(937)   Post Evacuate Collection Set: 5.63ms
[397.702s][info][gc,phases   ] GC(937)   Other: 0.24ms
[397.702s][info][gc,heap     ] GC(937) Eden regions: 321->0(157)
[397.702s][info][gc,heap     ] GC(937) Survivor regions: 1->41(41)
[397.702s][info][gc,heap     ] GC(937) Old regions: 595->682
[397.702s][info][gc,heap     ] GC(937) Humongous regions: 7->7
[397.702s][info][gc,metaspace] GC(937) Metaspace: 18918K(19136K)->18918K(19136K) NonClass: 16258K(16384K)->16258K(16384K) Class: 2660K(2752K)->2660K(2752K)
[397.702s][info][gc          ] GC(937) Pause Young (Concurrent Start) (G1 Evacuation Pause) (Evacuation Failure: Allocation) 923M->730M(978M) 69.924ms
[397.702s][info][gc,cpu      ] GC(937) User=0.14s Sys=0.00s Real=0.07s
[397.702s][info][gc          ] GC(938) Concurrent Mark Cycle
[397.702s][info][gc,marking  ] GC(938) Concurrent Scan Root Regions
[397.778s][info][gc,marking  ] GC(938) Concurrent Scan Root Regions 75.119ms
[397.778s][info][gc,marking  ] GC(938) Concurrent Mark
[397.778s][info][gc,marking  ] GC(938) Concurrent Mark From Roots
[397.778s][info][gc,task     ] GC(938) Using 1 workers of 1 for marking
[398.003s][info][gc,start    ] GC(939) Pause Young (Normal) (G1 Evacuation Pause)
[398.004s][info][gc,task     ] GC(939) Using 2 workers of 2 for evacuation
[398.072s][info][gc,phases   ] GC(939)   Pre Evacuate Collection Set: 0.55ms
[398.072s][info][gc,phases   ] GC(939)   Merge Heap Roots: 0.38ms
[398.072s][info][gc,phases   ] GC(939)   Evacuate Collection Set: 67.01ms
[398.072s][info][gc,phases   ] GC(939)   Post Evacuate Collection Set: 0.58ms
[398.072s][info][gc,phases   ] GC(939)   Other: 0.08ms
[398.072s][info][gc,heap     ] GC(939) Eden regions: 157->0(224)
[398.072s][info][gc,heap     ] GC(939) Survivor regions: 41->11(25)
[398.072s][info][gc,heap     ] GC(939) Old regions: 682->666
[398.072s][info][gc,heap     ] GC(939) Humongous regions: 8->8
[398.072s][info][gc,metaspace] GC(939) Metaspace: 18918K(19136K)->18918K(19136K) NonClass: 16258K(16384K)->16258K(16384K) Class: 2660K(2752K)->2660K(2752K)
[398.072s][info][gc          ] GC(939) Pause Young (Normal) (G1 Evacuation Pause) 888M->684M(978M) 68.816ms
[398.072s][info][gc,cpu      ] GC(939) User=0.14s Sys=0.00s Real=0.07s
[398.542s][info][gc,start    ] GC(940) Pause Young (Normal) (G1 Evacuation Pause)
[398.542s][info][gc,task     ] GC(940) Using 2 workers of 2 for evacuation
[398.628s][info][gc,phases   ] GC(940)   Pre Evacuate Collection Set: 0.46ms
[398.628s][info][gc,phases   ] GC(940)   Merge Heap Roots: 0.30ms
[398.628s][info][gc,phases   ] GC(940)   Evacuate Collection Set: 82.64ms
[398.628s][info][gc,phases   ] GC(940)   Post Evacuate Collection Set: 2.83ms
[398.628s][info][gc,phases   ] GC(940)   Other: 0.07ms
[398.628s][info][gc,heap     ] GC(940) Eden regions: 224->0(125)
[398.628s][info][gc,heap     ] GC(940) Survivor regions: 11->30(30)
[398.628s][info][gc,heap     ] GC(940) Old regions: 666->733
[398.628s][info][gc,heap     ] GC(940) Humongous regions: 10->10
[398.628s][info][gc,metaspace] GC(940) Metaspace: 18918K(19136K)->18918K(19136K) NonClass: 16258K(16384K)->16258K(16384K) Class: 2660K(2752K)->2660K(2752K)
[398.629s][info][gc          ] GC(940) Pause Young (Normal) (G1 Evacuation Pause) (Evacuation Failure: Allocation) 910M->773M(978M) 86.533ms
[398.629s][info][gc,cpu      ] GC(940) User=0.17s Sys=0.00s Real=0.09s
[398.953s][info][gc,start    ] GC(941) Pause Young (Normal) (G1 Evacuation Pause)
[398.953s][info][gc,task     ] GC(941) Using 2 workers of 2 for evacuation
[399.032s][info][gc,phases   ] GC(941)   Pre Evacuate Collection Set: 0.32ms
[399.032s][info][gc,phases   ] GC(941)   Merge Heap Roots: 0.51ms
[399.032s][info][gc,phases   ] GC(941)   Evacuate Collection Set: 78.06ms
[399.032s][info][gc,phases   ] GC(941)   Post Evacuate Collection Set: 0.42ms
[399.032s][info][gc,phases   ] GC(941)   Other: 0.09ms
[399.032s][info][gc,heap     ] GC(941) Eden regions: 125->0(137)
[399.032s][info][gc,heap     ] GC(941) Survivor regions: 30->20(20)
[399.032s][info][gc,heap     ] GC(941) Old regions: 733->741
[399.032s][info][gc,heap     ] GC(941) Humongous regions: 10->10
[399.032s][info][gc,metaspace] GC(941) Metaspace: 18918K(19136K)->18918K(19136K) NonClass: 16258K(16384K)->16258K(16384K) Class: 2660K(2752K)->2660K(2752K)
[399.032s][info][gc          ] GC(941) Pause Young (Normal) (G1 Evacuation Pause) 898M->771M(978M) 79.617ms
[399.032s][info][gc,cpu      ] GC(941) User=0.16s Sys=0.00s Real=0.08s
[399.051s][info][gc,marking  ] GC(938) Concurrent Mark From Roots 1273.316ms
[399.051s][info][gc,marking  ] GC(938) Concurrent Preclean
[399.051s][info][gc,marking  ] GC(938) Concurrent Preclean 0.037ms
[399.051s][info][gc,start    ] GC(938) Pause Remark
[399.059s][info][gc          ] GC(938) Pause Remark 781M->580M(978M) 7.617ms
[399.059s][info][gc,cpu      ] GC(938) User=0.01s Sys=0.00s Real=0.01s
[399.059s][info][gc,marking  ] GC(938) Concurrent Mark 1281.244ms
[399.059s][info][gc,marking  ] GC(938) Concurrent Rebuild Remembered Sets and Scrub Regions
[399.274s][info][gc,start    ] GC(942) Pause Young (Normal) (G1 Evacuation Pause)
[399.274s][info][gc,task     ] GC(942) Using 2 workers of 2 for evacuation
[399.293s][info][gc,phases   ] GC(942)   Pre Evacuate Collection Set: 0.46ms
[399.293s][info][gc,phases   ] GC(942)   Merge Heap Roots: 0.17ms
[399.293s][info][gc,phases   ] GC(942)   Evacuate Collection Set: 17.79ms
[399.293s][info][gc,phases   ] GC(942)   Post Evacuate Collection Set: 0.33ms
[399.293s][info][gc,phases   ] GC(942)   Other: 0.10ms
[399.293s][info][gc,heap     ] GC(942) Eden regions: 137->0(300)
[399.293s][info][gc,heap     ] GC(942) Survivor regions: 20->1(20)
[399.293s][info][gc,heap     ] GC(942) Old regions: 543->564
[399.293s][info][gc,heap     ] GC(942) Humongous regions: 7->7
[399.293s][info][gc,metaspace] GC(942) Metaspace: 18918K(19136K)->18918K(19136K) NonClass: 16258K(16384K)->16258K(16384K) Class: 2660K(2752K)->2660K(2752K)
[399.293s][info][gc          ] GC(942) Pause Young (Normal) (G1 Evacuation Pause) 707M->571M(978M) 19.105ms
[399.293s][info][gc,cpu      ] GC(942) User=0.03s Sys=0.00s Real=0.02s
[399.501s][info][gc,marking  ] GC(938) Concurrent Rebuild Remembered Sets and Scrub Regions 441.751ms
[399.501s][info][gc,start    ] GC(938) Pause Cleanup
[399.501s][info][gc          ] GC(938) Pause Cleanup 705M->705M(978M) 0.136ms
[399.501s][info][gc,cpu      ] GC(938) User=0.00s Sys=0.00s Real=0.00s
[399.501s][info][gc,marking  ] GC(938) Concurrent Clear Claimed Marks
[399.501s][info][gc,marking  ] GC(938) Concurrent Clear Claimed Marks 0.036ms
[399.501s][info][gc,marking  ] GC(938) Concurrent Cleanup for Next Mark
[399.508s][info][gc,marking  ] GC(938) Concurrent Cleanup for Next Mark 6.733ms
[399.508s][info][gc          ] GC(938) Concurrent Mark Cycle 1805.435ms
[399.690s][info][gc,start    ] GC(943) Pause Young (Prepare Mixed) (G1 Evacuation Pause)
[399.690s][info][gc,task     ] GC(943) Using 2 workers of 2 for evacuation
[399.693s][info][gc,phases   ] GC(943)   Pre Evacuate Collection Set: 0.31ms
[399.693s][info][gc,phases   ] GC(943)   Merge Heap Roots: 0.12ms
[399.693s][info][gc,phases   ] GC(943)   Evacuate Collection Set: 1.72ms
[399.693s][info][gc,phases   ] GC(943)   Post Evacuate Collection Set: 0.47ms
[399.693s][info][gc,phases   ] GC(943)   Other: 0.09ms
[399.693s][info][gc,heap     ] GC(943) Eden regions: 300->0(233)
[399.693s][info][gc,heap     ] GC(943) Survivor regions: 1->1(38)
[399.693s][info][gc,heap     ] GC(943) Old regions: 564->564
[399.693s][info][gc,heap     ] GC(943) Humongous regions: 7->7
[399.693s][info][gc,metaspace] GC(943) Metaspace: 18918K(19136K)->18918K(19136K) NonClass: 16258K(16384K)->16258K(16384K) Class: 2660K(2752K)->2660K(2752K)
[399.693s][info][gc          ] GC(943) Pause Young (Prepare Mixed) (G1 Evacuation Pause) 871M->571M(978M) 2.964ms
[399.693s][info][gc,cpu      ] GC(943) User=0.00s Sys=0.00s Real=0.00s
[400.011s][info][gc,start    ] GC(944) Pause Young (Mixed) (G1 Evacuation Pause)
[400.011s][info][gc,task     ] GC(944) Using 2 workers of 2 for evacuation
[400.014s][info][gc,phases   ] GC(944)   Pre Evacuate Collection Set: 0.31ms
[400.014s][info][gc,phases   ] GC(944)   Merge Heap Roots: 0.12ms
[400.014s][info][gc,phases   ] GC(944)   Evacuate Collection Set: 1.89ms
[400.014s][info][gc,phases   ] GC(944)   Post Evacuate Collection Set: 0.41ms
[400.014s][info][gc,phases   ] GC(944)   Other: 0.10ms
[400.014s][info][gc,heap     ] GC(944) Eden regions: 272->0(336)
[400.014s][info][gc,heap     ] GC(944) Survivor regions: 1->1(35)
[400.014s][info][gc,heap     ] GC(944) Old regions: 564->560
[400.014s][info][gc,heap     ] GC(944) Humongous regions: 7->7
[400.014s][info][gc,metaspace] GC(944) Metaspace: 18918K(19136K)->18918K(19136K) NonClass: 16258K(16384K)->16258K(16384K) Class: 2660K(2752K)->2660K(2752K)
[400.014s][info][gc          ] GC(944) Pause Young (Mixed) (G1 Evacuation Pause) 843M->567M(978M) 3.063ms
[400.014s][info][gc,cpu      ] GC(944) User=0.01s Sys=0.00s Real=0.00s
[400.391s][info][gc,start    ] GC(945) Pause Young (Mixed) (G1 Evacuation Pause)
[400.391s][info][gc,task     ] GC(945) Using 2 workers of 2 for evacuation
[400.409s][info][gc,phases   ] GC(945)   Pre Evacuate Collection Set: 0.34ms
[400.409s][info][gc,phases   ] GC(945)   Merge Heap Roots: 0.38ms
[400.409s][info][gc,phases   ] GC(945)   Evacuate Collection Set: 16.27ms
[400.409s][info][gc,phases   ] GC(945)   Post Evacuate Collection Set: 0.61ms
[400.409s][info][gc,phases   ] GC(945)   Other: 0.11ms
[400.409s][info][gc,heap     ] GC(945) Eden regions: 336->0(368)
[400.409s][info][gc,heap     ] GC(945) Survivor regions: 1->5(43)
[400.409s][info][gc,heap     ] GC(945) Old regions: 560->533
[400.409s][info][gc,heap     ] GC(945) Humongous regions: 7->7
[400.409s][info][gc,metaspace] GC(945) Metaspace: 18918K(19136K)->18918K(19136K) NonClass: 16258K(16384K)->16258K(16384K) Class: 2660K(2752K)->2660K(2752K)
[400.409s][info][gc          ] GC(945) Pause Young (Mixed) (G1 Evacuation Pause) 903M->543M(978M) 17.981ms
[400.409s][info][gc,cpu      ] GC(945) User=0.03s Sys=0.00s Real=0.02s
[400.436s][info][gc,start    ] GC(946) Pause Young (Concurrent Start) (G1 Humongous Allocation)
[400.437s][info][gc,task     ] GC(946) Using 2 workers of 2 for evacuation
[400.458s][info][gc,phases   ] GC(946)   Pre Evacuate Collection Set: 0.31ms
[400.458s][info][gc,phases   ] GC(946)   Merge Heap Roots: 0.25ms
[400.458s][info][gc,phases   ] GC(946)   Evacuate Collection Set: 20.39ms
[400.458s][info][gc,phases   ] GC(946)   Post Evacuate Collection Set: 0.38ms
[400.458s][info][gc,phases   ] GC(946)   Other: 0.17ms
[400.458s][info][gc,heap     ] GC(946) Eden regions: 18->0(368)
[400.458s][info][gc,heap     ] GC(946) Survivor regions: 5->10(47)
[400.458s][info][gc,heap     ] GC(946) Old regions: 533->533
[400.458s][info][gc,heap     ] GC(946) Humongous regions: 7->7
[400.458s][info][gc,metaspace] GC(946) Metaspace: 18918K(19136K)->18918K(19136K) NonClass: 16258K(16384K)->16258K(16384K) Class: 2660K(2752K)->2660K(2752K)
[400.458s][info][gc          ] GC(946) Pause Young (Concurrent Start) (G1 Humongous Allocation) 561M->548M(978M) 21.705ms
[400.458s][info][gc          ] GC(947) Concurrent Mark Cycle
[400.458s][info][gc,marking  ] GC(947) Concurrent Scan Root Regions
[400.458s][info][gc,cpu      ] GC(946) User=0.04s Sys=0.00s Real=0.03s
[400.489s][info][gc,marking  ] GC(947) Concurrent Scan Root Regions 30.743ms
[400.489s][info][gc,marking  ] GC(947) Concurrent Mark
[400.489s][info][gc,marking  ] GC(947) Concurrent Mark From Roots
[400.489s][info][gc,task     ] GC(947) Using 1 workers of 1 for marking
[401.062s][info][gc,marking  ] GC(947) Concurrent Mark From Roots 572.745ms
[401.062s][info][gc,marking  ] GC(947) Concurrent Preclean
[401.062s][info][gc,marking  ] GC(947) Concurrent Preclean 0.051ms
[401.062s][info][gc,start    ] GC(947) Pause Remark
[401.070s][info][gc          ] GC(947) Pause Remark 754M->559M(978M) 7.677ms
[401.070s][info][gc,cpu      ] GC(947) User=0.02s Sys=0.00s Real=0.01s
[401.071s][info][gc,marking  ] GC(947) Concurrent Mark 581.596ms
[401.071s][info][gc,marking  ] GC(947) Concurrent Rebuild Remembered Sets and Scrub Regions
[401.286s][info][gc,marking  ] GC(947) Concurrent Rebuild Remembered Sets and Scrub Regions 215.750ms
[401.287s][info][gc,start    ] GC(947) Pause Cleanup
[401.287s][info][gc          ] GC(947) Pause Cleanup 678M->678M(978M) 0.148ms
[401.287s][info][gc,cpu      ] GC(947) User=0.00s Sys=0.00s Real=0.00s
[401.287s][info][gc,marking  ] GC(947) Concurrent Clear Claimed Marks
[401.287s][info][gc,marking  ] GC(947) Concurrent Clear Claimed Marks 0.030ms
[401.287s][info][gc,marking  ] GC(947) Concurrent Cleanup for Next Mark
[401.292s][info][gc,marking  ] GC(947) Concurrent Cleanup for Next Mark 5.025ms
[401.292s][info][gc          ] GC(947) Concurrent Mark Cycle 833.753ms
[401.361s][info][gc,start    ] GC(948) Pause Young (Prepare Mixed) (G1 Evacuation Pause)
[401.361s][info][gc,task     ] GC(948) Using 2 workers of 2 for evacuation
[401.399s][info][gc,phases   ] GC(948)   Pre Evacuate Collection Set: 0.52ms
[401.399s][info][gc,phases   ] GC(948)   Merge Heap Roots: 0.59ms
[401.399s][info][gc,phases   ] GC(948)   Evacuate Collection Set: 35.70ms
[401.399s][info][gc,phases   ] GC(948)   Post Evacuate Collection Set: 0.69ms
[401.399s][info][gc,phases   ] GC(948)   Other: 0.11ms
[401.399s][info][gc,heap     ] GC(948) Eden regions: 368->0(392)
[401.399s][info][gc,heap     ] GC(948) Survivor regions: 10->19(48)
[401.399s][info][gc,heap     ] GC(948) Old regions: 343->343
[401.399s][info][gc,heap     ] GC(948) Humongous regions: 5->5
[401.399s][info][gc,metaspace] GC(948) Metaspace: 18918K(19136K)->18918K(19136K) NonClass: 16258K(16384K)->16258K(16384K) Class: 2660K(2752K)->2660K(2752K)
[401.399s][info][gc          ] GC(948) Pause Young (Prepare Mixed) (G1 Evacuation Pause) 724M->366M(978M) 37.865ms
[401.399s][info][gc,cpu      ] GC(948) User=0.08s Sys=0.00s Real=0.04s
[401.807s][info][gc,start    ] GC(949) Pause Young (Mixed) (G1 Evacuation Pause)
[401.807s][info][gc,task     ] GC(949) Using 2 workers of 2 for evacuation
[401.881s][info][gc,phases   ] GC(949)   Pre Evacuate Collection Set: 0.32ms
[401.882s][info][gc,phases   ] GC(949)   Merge Heap Roots: 0.47ms
[401.882s][info][gc,phases   ] GC(949)   Evacuate Collection Set: 72.23ms
[401.882s][info][gc,phases   ] GC(949)   Merge Optional Heap Roots: 0.05ms
[401.882s][info][gc,phases   ] GC(949)   Evacuate Optional Collection Set: 0.11ms
[401.882s][info][gc,phases   ] GC(949)   Post Evacuate Collection Set: 0.82ms
[401.882s][info][gc,phases   ] GC(949)   Other: 0.11ms
[401.882s][info][gc,heap     ] GC(949) Eden regions: 390->0(128)
[401.882s][info][gc,heap     ] GC(949) Survivor regions: 19->52(52)
[401.882s][info][gc,heap     ] GC(949) Old regions: 343->260
[401.882s][info][gc,heap     ] GC(949) Humongous regions: 5->5
[401.882s][info][gc,metaspace] GC(949) Metaspace: 18918K(19136K)->18918K(19136K) NonClass: 16258K(16384K)->16258K(16384K) Class: 2660K(2752K)->2660K(2752K)
[401.882s][info][gc          ] GC(949) Pause Young (Mixed) (G1 Evacuation Pause) 756M->316M(978M) 74.374ms
[401.882s][info][gc,cpu      ] GC(949) User=0.14s Sys=0.00s Real=0.07s
[402.001s][info][gc,start    ] GC(950) Pause Young (Mixed) (G1 Evacuation Pause)
[402.001s][info][gc,task     ] GC(950) Using 2 workers of 2 for evacuation
[402.071s][info][gc,phases   ] GC(950)   Pre Evacuate Collection Set: 0.28ms
[402.071s][info][gc,phases   ] GC(950)   Merge Heap Roots: 0.35ms
[402.071s][info][gc,phases   ] GC(950)   Evacuate Collection Set: 68.56ms
[402.071s][info][gc,phases   ] GC(950)   Post Evacuate Collection Set: 0.39ms
[402.071s][info][gc,phases   ] GC(950)   Other: 0.09ms
[402.071s][info][gc,heap     ] GC(950) Eden regions: 130->0(487)
[402.071s][info][gc,heap     ] GC(950) Survivor regions: 52->2(23)
[402.071s][info][gc,heap     ] GC(950) Old regions: 260->299
[402.071s][info][gc,heap     ] GC(950) Humongous regions: 5->5
[402.071s][info][gc,metaspace] GC(950) Metaspace: 18918K(19136K)->18918K(19136K) NonClass: 16258K(16384K)->16258K(16384K) Class: 2660K(2752K)->2660K(2752K)
[402.071s][info][gc          ] GC(950) Pause Young (Mixed) (G1 Evacuation Pause) 446M->305M(978M) 69.940ms
[402.071s][info][gc,cpu      ] GC(950) User=0.14s Sys=0.00s Real=0.07s
[402.534s][info][gc,start    ] GC(951) Pause Young (Mixed) (G1 Evacuation Pause)
[402.534s][info][gc,task     ] GC(951) Using 2 workers of 2 for evacuation
[402.588s][info][gc,phases   ] GC(951)   Pre Evacuate Collection Set: 0.27ms
[402.588s][info][gc,phases   ] GC(951)   Merge Heap Roots: 0.48ms
[402.588s][info][gc,phases   ] GC(951)   Evacuate Collection Set: 52.64ms
[402.588s][info][gc,phases   ] GC(951)   Post Evacuate Collection Set: 0.69ms
[402.588s][info][gc,phases   ] GC(951)   Other: 0.10ms
[402.588s][info][gc,heap     ] GC(951) Eden regions: 488->0(499)
[402.588s][info][gc,heap     ] GC(951) Survivor regions: 2->37(62)
[402.588s][info][gc,heap     ] GC(951) Old regions: 299->287
[402.588s][info][gc,heap     ] GC(951) Humongous regions: 5->5
[402.588s][info][gc,metaspace] GC(951) Metaspace: 18921K(19136K)->18921K(19136K) NonClass: 16260K(16384K)->16260K(16384K) Class: 2660K(2752K)->2660K(2752K)
[402.588s][info][gc          ] GC(951) Pause Young (Mixed) (G1 Evacuation Pause) 793M->329M(978M) 54.439ms
[402.588s][info][gc,cpu      ] GC(951) User=0.11s Sys=0.00s Real=0.06s
[403.159s][info][gc,start    ] GC(952) Pause Young (Concurrent Start) (G1 Evacuation Pause)
[403.159s][info][gc,task     ] GC(952) Using 2 workers of 2 for evacuation
[403.238s][info][gc,phases   ] GC(952)   Pre Evacuate Collection Set: 0.32ms
[403.239s][info][gc,phases   ] GC(952)   Merge Heap Roots: 0.29ms
[403.239s][info][gc,phases   ] GC(952)   Evacuate Collection Set: 77.97ms
[403.239s][info][gc,phases   ] GC(952)   Post Evacuate Collection Set: 0.70ms
[403.239s][info][gc,phases   ] GC(952)   Other: 0.17ms
[403.239s][info][gc,heap     ] GC(952) Eden regions: 499->0(474)
[403.239s][info][gc,heap     ] GC(952) Survivor regions: 37->39(67)
[403.239s][info][gc,heap     ] GC(952) Old regions: 287->324
[403.239s][info][gc,heap     ] GC(952) Humongous regions: 5->5
[403.239s][info][gc,metaspace] GC(952) Metaspace: 18921K(19136K)->18921K(19136K) NonClass: 16260K(16384K)->16260K(16384K) Class: 2660K(2752K)->2660K(2752K)
[403.239s][info][gc          ] GC(952) Pause Young (Concurrent Start) (G1 Evacuation Pause) 828M->367M(978M) 79.675ms
[403.239s][info][gc,cpu      ] GC(952) User=0.16s Sys=0.00s Real=0.08s
[403.239s][info][gc          ] GC(953) Concurrent Mark Cycle
[403.239s][info][gc,marking  ] GC(953) Concurrent Scan Root Regions
[403.381s][info][gc,marking  ] GC(953) Concurrent Scan Root Regions 142.222ms
[403.381s][info][gc,marking  ] GC(953) Concurrent Mark
[403.381s][info][gc,marking  ] GC(953) Concurrent Mark From Roots
[403.381s][info][gc,task     ] GC(953) Using 1 workers of 1 for marking
[404.045s][info][gc,marking  ] GC(953) Concurrent Mark From Roots 663.724ms
[404.045s][info][gc,marking  ] GC(953) Concurrent Preclean
[404.045s][info][gc,marking  ] GC(953) Concurrent Preclean 0.031ms
[404.045s][info][gc,start    ] GC(953) Pause Remark
[404.053s][info][gc          ] GC(953) Pause Remark 785M->784M(978M) 7.678ms
[404.053s][info][gc,cpu      ] GC(953) User=0.01s Sys=0.00s Real=0.01s
[404.053s][info][gc,marking  ] GC(953) Concurrent Mark 671.762ms
[404.053s][info][gc,marking  ] GC(953) Concurrent Rebuild Remembered Sets and Scrub Regions
[404.332s][info][gc,start    ] GC(954) Pause Young (Normal) (G1 Evacuation Pause)
[404.332s][info][gc,task     ] GC(954) Using 2 workers of 2 for evacuation
[404.387s][info][gc,phases   ] GC(954)   Pre Evacuate Collection Set: 0.27ms
[404.387s][info][gc,phases   ] GC(954)   Merge Heap Roots: 0.32ms
[404.387s][info][gc,phases   ] GC(954)   Evacuate Collection Set: 53.13ms
[404.387s][info][gc,phases   ] GC(954)   Post Evacuate Collection Set: 0.66ms
[404.387s][info][gc,phases   ] GC(954)   Other: 0.08ms
[404.387s][info][gc,heap     ] GC(954) Eden regions: 474->0(474)
[404.387s][info][gc,heap     ] GC(954) Survivor regions: 39->16(65)
[404.387s][info][gc,heap     ] GC(954) Old regions: 324->363
[404.387s][info][gc,heap     ] GC(954) Humongous regions: 4->4
[404.387s][info][gc,metaspace] GC(954) Metaspace: 18921K(19136K)->18921K(19136K) NonClass: 16260K(16384K)->16260K(16384K) Class: 2660K(2752K)->2660K(2752K)
[404.387s][info][gc          ] GC(954) Pause Young (Normal) (G1 Evacuation Pause) 840M->382M(978M) 54.690ms
[404.387s][info][gc,cpu      ] GC(954) User=0.11s Sys=0.00s Real=0.05s
[404.413s][info][gc,marking  ] GC(953) Concurrent Rebuild Remembered Sets and Scrub Regions 360.140ms
[404.413s][info][gc,start    ] GC(953) Pause Cleanup
[404.413s][info][gc          ] GC(953) Pause Cleanup 391M->391M(978M) 0.081ms
[404.413s][info][gc,cpu      ] GC(953) User=0.00s Sys=0.00s Real=0.00s
[404.414s][info][gc,marking  ] GC(953) Concurrent Clear Claimed Marks
[404.414s][info][gc,marking  ] GC(953) Concurrent Clear Claimed Marks 0.043ms
[404.414s][info][gc,marking  ] GC(953) Concurrent Cleanup for Next Mark
[404.419s][info][gc,marking  ] GC(953) Concurrent Cleanup for Next Mark 4.836ms
[404.419s][info][gc          ] GC(953) Concurrent Mark Cycle 1180.234ms
[405.429s][info][gc,start    ] GC(955) Pause Young (Prepare Mixed) (G1 Evacuation Pause)
[405.429s][info][gc,task     ] GC(955) Using 2 workers of 2 for evacuation
[405.448s][info][gc,phases   ] GC(955)   Pre Evacuate Collection Set: 0.51ms
[405.448s][info][gc,phases   ] GC(955)   Merge Heap Roots: 0.25ms
[405.448s][info][gc,phases   ] GC(955)   Evacuate Collection Set: 17.80ms
[405.448s][info][gc,phases   ] GC(955)   Post Evacuate Collection Set: 0.70ms
[405.449s][info][gc,phases   ] GC(955)   Other: 0.12ms
[405.449s][info][gc,heap     ] GC(955) Eden regions: 474->0(492)
[405.449s][info][gc,heap     ] GC(955) Survivor regions: 16->16(62)
[405.449s][info][gc,heap     ] GC(955) Old regions: 363->363
[405.449s][info][gc,heap     ] GC(955) Humongous regions: 4->4
[405.449s][info][gc,metaspace] GC(955) Metaspace: 18921K(19136K)->18921K(19136K) NonClass: 16260K(16384K)->16260K(16384K) Class: 2660K(2752K)->2660K(2752K)
[405.449s][info][gc          ] GC(955) Pause Young (Prepare Mixed) (G1 Evacuation Pause) 856M->382M(978M) 19.634ms
[405.449s][info][gc,cpu      ] GC(955) User=0.04s Sys=0.00s Real=0.02s
[405.914s][info][gc,start    ] GC(956) Pause Young (Mixed) (G1 Evacuation Pause)
[405.914s][info][gc,task     ] GC(956) Using 2 workers of 2 for evacuation
[406.107s][info][gc,phases   ] GC(956)   Pre Evacuate Collection Set: 0.30ms
[406.107s][info][gc,phases   ] GC(956)   Merge Heap Roots: 0.30ms
[406.107s][info][gc,phases   ] GC(956)   Evacuate Collection Set: 168.77ms
[406.107s][info][gc,phases   ] GC(956)   Post Evacuate Collection Set: 23.93ms
[406.107s][info][gc,phases   ] GC(956)   Other: 0.12ms
[406.107s][info][gc,heap     ] GC(956) Eden regions: 492->0(130)
[406.107s][info][gc,heap     ] GC(956) Survivor regions: 16->64(64)
[406.107s][info][gc,heap     ] GC(956) Old regions: 363->666
[406.107s][info][gc,heap     ] GC(956) Humongous regions: 4->4
[406.107s][info][gc,metaspace] GC(956) Metaspace: 18921K(19136K)->18921K(19136K) NonClass: 16260K(16384K)->16260K(16384K) Class: 2660K(2752K)->2660K(2752K)
[406.107s][info][gc          ] GC(956) Pause Young (Mixed) (G1 Evacuation Pause) (Evacuation Failure: Allocation) 874M->734M(978M) 193.693ms
[406.107s][info][gc,cpu      ] GC(956) User=0.39s Sys=0.00s Real=0.20s
[406.453s][info][gc,start    ] GC(957) Pause Young (Concurrent Start) (G1 Evacuation Pause)
[406.453s][info][gc,task     ] GC(957) Using 2 workers of 2 for evacuation
[406.614s][info][gc,phases   ] GC(957)   Pre Evacuate Collection Set: 0.39ms
[406.614s][info][gc,phases   ] GC(957)   Merge Heap Roots: 1.11ms
[406.614s][info][gc,phases   ] GC(957)   Evacuate Collection Set: 149.34ms
[406.614s][info][gc,phases   ] GC(957)   Post Evacuate Collection Set: 10.12ms
[406.614s][info][gc,phases   ] GC(957)   Other: 0.11ms
[406.614s][info][gc,heap     ] GC(957) Eden regions: 130->0(89)
[406.614s][info][gc,heap     ] GC(957) Survivor regions: 64->19(25)
[406.614s][info][gc,heap     ] GC(957) Old regions: 666->797
[406.614s][info][gc,heap     ] GC(957) Humongous regions: 4->4
[406.614s][info][gc,metaspace] GC(957) Metaspace: 18921K(19136K)->18921K(19136K) NonClass: 16260K(16384K)->16260K(16384K) Class: 2660K(2752K)->2660K(2752K)
[406.614s][info][gc          ] GC(957) Pause Young (Concurrent Start) (G1 Evacuation Pause) (Evacuation Failure: Allocation) 864M->820M(978M) 161.310ms
[406.614s][info][gc          ] GC(958) Concurrent Mark Cycle
[406.614s][info][gc,marking  ] GC(958) Concurrent Scan Root Regions
[406.614s][info][gc,cpu      ] GC(957) User=0.32s Sys=0.00s Real=0.16s
[406.771s][info][gc,marking  ] GC(958) Concurrent Scan Root Regions 156.284ms
[406.771s][info][gc,marking  ] GC(958) Concurrent Mark
[406.771s][info][gc,marking  ] GC(958) Concurrent Mark From Roots
[406.771s][info][gc,task     ] GC(958) Using 1 workers of 1 for marking
[406.954s][info][gc,start    ] GC(959) Pause Young (Normal) (G1 Evacuation Pause)
[406.955s][info][gc,task     ] GC(959) Using 2 workers of 2 for evacuation
[407.033s][info][gc,phases   ] GC(959)   Pre Evacuate Collection Set: 0.44ms
[407.033s][info][gc,phases   ] GC(959)   Merge Heap Roots: 0.62ms
[407.033s][info][gc,phases   ] GC(959)   Evacuate Collection Set: 75.55ms
[407.034s][info][gc,phases   ] GC(959)   Post Evacuate Collection Set: 2.17ms
[407.034s][info][gc,phases   ] GC(959)   Other: 0.08ms
[407.034s][info][gc,heap     ] GC(959) Eden regions: 89->0(253)
[407.034s][info][gc,heap     ] GC(959) Survivor regions: 19->10(14)
[407.034s][info][gc,heap     ] GC(959) Old regions: 797->626
[407.034s][info][gc,heap     ] GC(959) Humongous regions: 7->7
[407.034s][info][gc,metaspace] GC(959) Metaspace: 18921K(19136K)->18921K(19136K) NonClass: 16260K(16384K)->16260K(16384K) Class: 2660K(2752K)->2660K(2752K)
[407.034s][info][gc          ] GC(959) Pause Young (Normal) (G1 Evacuation Pause) (Evacuation Failure: Allocation) 912M->643M(978M) 79.140ms
[407.034s][info][gc,cpu      ] GC(959) User=0.16s Sys=0.00s Real=0.08s
[407.548s][info][gc,start    ] GC(960) Pause Young (Normal) (G1 Evacuation Pause)
[407.548s][info][gc,task     ] GC(960) Using 2 workers of 2 for evacuation
[407.650s][info][gc,phases   ] GC(960)   Pre Evacuate Collection Set: 0.57ms
[407.650s][info][gc,phases   ] GC(960)   Merge Heap Roots: 0.86ms
[407.650s][info][gc,phases   ] GC(960)   Evacuate Collection Set: 99.87ms
[407.650s][info][gc,phases   ] GC(960)   Post Evacuate Collection Set: 0.83ms
[407.650s][info][gc,phases   ] GC(960)   Other: 0.09ms
[407.650s][info][gc,heap     ] GC(960) Eden regions: 253->0(267)
[407.650s][info][gc,heap     ] GC(960) Survivor regions: 10->33(33)
[407.650s][info][gc,heap     ] GC(960) Old regions: 626->571
[407.650s][info][gc,heap     ] GC(960) Humongous regions: 13->13
[407.650s][info][gc,metaspace] GC(960) Metaspace: 18921K(19136K)->18921K(19136K) NonClass: 16260K(16384K)->16260K(16384K) Class: 2660K(2752K)->2660K(2752K)
[407.650s][info][gc          ] GC(960) Pause Young (Normal) (G1 Evacuation Pause) 902M->617M(978M) 102.505ms
[407.650s][info][gc,cpu      ] GC(960) User=0.20s Sys=0.00s Real=0.10s
[408.013s][info][gc,marking  ] GC(958) Concurrent Mark From Roots 1241.932ms
[408.013s][info][gc,marking  ] GC(958) Concurrent Preclean
[408.013s][info][gc,marking  ] GC(958) Concurrent Preclean 0.034ms
[408.014s][info][gc,start    ] GC(958) Pause Remark
[408.022s][info][gc          ] GC(958) Pause Remark 722M->722M(978M) 7.694ms
[408.022s][info][gc,cpu      ] GC(958) User=0.01s Sys=0.00s Real=0.01s
[408.022s][info][gc,marking  ] GC(958) Concurrent Mark 1251.073ms
[408.022s][info][gc,marking  ] GC(958) Concurrent Rebuild Remembered Sets and Scrub Regions
[408.404s][info][gc,start    ] GC(961) Pause Young (Normal) (G1 Evacuation Pause)
[408.404s][info][gc,task     ] GC(961) Using 2 workers of 2 for evacuation
[408.472s][info][gc,phases   ] GC(961)   Pre Evacuate Collection Set: 0.27ms
[408.472s][info][gc,phases   ] GC(961)   Merge Heap Roots: 0.88ms
[408.472s][info][gc,phases   ] GC(961)   Evacuate Collection Set: 65.67ms
[408.472s][info][gc,phases   ] GC(961)   Post Evacuate Collection Set: 0.50ms
[408.472s][info][gc,phases   ] GC(961)   Other: 0.10ms
[408.472s][info][gc,heap     ] GC(961) Eden regions: 267->0(281)
[408.472s][info][gc,heap     ] GC(961) Survivor regions: 33->1(38)
[408.472s][info][gc,heap     ] GC(961) Old regions: 571->605
[408.472s][info][gc,heap     ] GC(961) Humongous regions: 13->13
[408.472s][info][gc,metaspace] GC(961) Metaspace: 18921K(19136K)->18921K(19136K) NonClass: 16260K(16384K)->16260K(16384K) Class: 2660K(2752K)->2660K(2752K)
[408.472s][info][gc          ] GC(961) Pause Young (Normal) (G1 Evacuation Pause) 884M->619M(978M) 67.668ms
[408.472s][info][gc,cpu      ] GC(961) User=0.13s Sys=0.00s Real=0.07s
[408.650s][info][gc,marking  ] GC(958) Concurrent Rebuild Remembered Sets and Scrub Regions 628.517ms
[408.651s][info][gc,start    ] GC(958) Pause Cleanup
[408.651s][info][gc          ] GC(958) Pause Cleanup 699M->699M(978M) 0.090ms
[408.651s][info][gc,cpu      ] GC(958) User=0.00s Sys=0.00s Real=0.00s
[408.651s][info][gc,marking  ] GC(958) Concurrent Clear Claimed Marks
[408.651s][info][gc,marking  ] GC(958) Concurrent Clear Claimed Marks 0.030ms
[408.651s][info][gc,marking  ] GC(958) Concurrent Cleanup for Next Mark
[408.654s][info][gc,marking  ] GC(958) Concurrent Cleanup for Next Mark 2.798ms
[408.654s][info][gc          ] GC(958) Concurrent Mark Cycle 2039.184ms
[408.957s][info][gc,start    ] GC(962) Pause Young (Prepare Mixed) (G1 Evacuation Pause)
[408.957s][info][gc,task     ] GC(962) Using 2 workers of 2 for evacuation
[408.959s][info][gc,phases   ] GC(962)   Pre Evacuate Collection Set: 0.29ms
[408.959s][info][gc,phases   ] GC(962)   Merge Heap Roots: 0.11ms
[408.959s][info][gc,phases   ] GC(962)   Evacuate Collection Set: 0.29ms
[408.959s][info][gc,phases   ] GC(962)   Post Evacuate Collection Set: 0.45ms
[408.959s][info][gc,phases   ] GC(962)   Other: 0.10ms
[408.959s][info][gc,heap     ] GC(962) Eden regions: 281->0(296)
[408.959s][info][gc,heap     ] GC(962) Survivor regions: 1->1(36)
[408.959s][info][gc,heap     ] GC(962) Old regions: 605->605
[408.959s][info][gc,heap     ] GC(962) Humongous regions: 13->13
[408.959s][info][gc,metaspace] GC(962) Metaspace: 18921K(19136K)->18921K(19136K) NonClass: 16260K(16384K)->16260K(16384K) Class: 2660K(2752K)->2660K(2752K)
[408.959s][info][gc          ] GC(962) Pause Young (Prepare Mixed) (G1 Evacuation Pause) 900M->619M(978M) 1.487ms
[408.959s][info][gc,cpu      ] GC(962) User=0.00s Sys=0.00s Real=0.00s
[409.396s][info][gc,start    ] GC(963) Pause Young (Mixed) (G1 Evacuation Pause)
[409.396s][info][gc,task     ] GC(963) Using 2 workers of 2 for evacuation
[409.412s][info][gc,phases   ] GC(963)   Pre Evacuate Collection Set: 0.32ms
[409.412s][info][gc,phases   ] GC(963)   Merge Heap Roots: 0.36ms
[409.412s][info][gc,phases   ] GC(963)   Evacuate Collection Set: 14.96ms
[409.412s][info][gc,phases   ] GC(963)   Post Evacuate Collection Set: 0.47ms
[409.412s][info][gc,phases   ] GC(963)   Other: 0.09ms
[409.412s][info][gc,heap     ] GC(963) Eden regions: 296->0(314)
[409.412s][info][gc,heap     ] GC(963) Survivor regions: 1->1(38)
[409.412s][info][gc,heap     ] GC(963) Old regions: 605->598
[409.412s][info][gc,heap     ] GC(963) Humongous regions: 13->13
[409.412s][info][gc,metaspace] GC(963) Metaspace: 18921K(19136K)->18921K(19136K) NonClass: 16260K(16384K)->16260K(16384K) Class: 2660K(2752K)->2660K(2752K)
[409.412s][info][gc          ] GC(963) Pause Young (Mixed) (G1 Evacuation Pause) 915M->610M(978M) 16.448ms
[409.412s][info][gc,cpu      ] GC(963) User=0.04s Sys=0.00s Real=0.02s
[409.714s][info][gc,start    ] GC(964) Pause Young (Concurrent Start) (G1 Evacuation Pause)
[409.714s][info][gc,task     ] GC(964) Using 2 workers of 2 for evacuation
[409.752s][info][gc,phases   ] GC(964)   Pre Evacuate Collection Set: 0.33ms
[409.752s][info][gc,phases   ] GC(964)   Merge Heap Roots: 0.19ms
[409.752s][info][gc,phases   ] GC(964)   Evacuate Collection Set: 36.62ms
[409.752s][info][gc,phases   ] GC(964)   Post Evacuate Collection Set: 0.53ms
[409.752s][info][gc,phases   ] GC(964)   Other: 0.09ms
[409.752s][info][gc,heap     ] GC(964) Eden regions: 314->0(255)
[409.752s][info][gc,heap     ] GC(964) Survivor regions: 1->31(40)
[409.752s][info][gc,heap     ] GC(964) Old regions: 598->598
[409.752s][info][gc,heap     ] GC(964) Humongous regions: 13->13
[409.752s][info][gc,metaspace] GC(964) Metaspace: 18921K(19136K)->18921K(19136K) NonClass: 16260K(16384K)->16260K(16384K) Class: 2660K(2752K)->2660K(2752K)
[409.752s][info][gc          ] GC(964) Pause Young (Concurrent Start) (G1 Evacuation Pause) 924M->641M(978M) 38.019ms
[409.752s][info][gc,cpu      ] GC(964) User=0.07s Sys=0.00s Real=0.04s
[409.752s][info][gc          ] GC(965) Concurrent Mark Cycle
[409.752s][info][gc,marking  ] GC(965) Concurrent Scan Root Regions
[409.814s][info][gc,marking  ] GC(965) Concurrent Scan Root Regions 62.366ms
[409.814s][info][gc,marking  ] GC(965) Concurrent Mark
[409.814s][info][gc,marking  ] GC(965) Concurrent Mark From Roots
[409.814s][info][gc,task     ] GC(965) Using 1 workers of 1 for marking
[410.215s][info][gc,start    ] GC(966) Pause Young (Normal) (G1 Evacuation Pause)
[410.215s][info][gc,task     ] GC(966) Using 2 workers of 2 for evacuation
[410.254s][info][gc,phases   ] GC(966)   Pre Evacuate Collection Set: 0.29ms
[410.254s][info][gc,phases   ] GC(966)   Merge Heap Roots: 0.14ms
[410.254s][info][gc,phases   ] GC(966)   Evacuate Collection Set: 38.43ms
[410.254s][info][gc,phases   ] GC(966)   Post Evacuate Collection Set: 0.48ms
[410.254s][info][gc,phases   ] GC(966)   Other: 0.10ms
[410.254s][info][gc,heap     ] GC(966) Eden regions: 255->0(266)
[410.254s][info][gc,heap     ] GC(966) Survivor regions: 31->10(36)
[410.254s][info][gc,heap     ] GC(966) Old regions: 598->629
[410.254s][info][gc,heap     ] GC(966) Humongous regions: 13->13
[410.254s][info][gc,metaspace] GC(966) Metaspace: 18921K(19136K)->18921K(19136K) NonClass: 16260K(16384K)->16260K(16384K) Class: 2660K(2752K)->2660K(2752K)
[410.254s][info][gc          ] GC(966) Pause Young (Normal) (G1 Evacuation Pause) 896M->651M(978M) 39.657ms
[410.254s][info][gc,cpu      ] GC(966) User=0.08s Sys=0.00s Real=0.04s
[411.137s][info][gc,marking  ] GC(965) Concurrent Mark From Roots 1322.654ms
[411.137s][info][gc,marking  ] GC(965) Concurrent Preclean
[411.137s][info][gc,marking  ] GC(965) Concurrent Preclean 0.044ms
[411.137s][info][gc,start    ] GC(965) Pause Remark
[411.145s][info][gc          ] GC(965) Pause Remark 890M->823M(978M) 7.762ms
[411.145s][info][gc,cpu      ] GC(965) User=0.02s Sys=0.00s Real=0.00s
[411.148s][info][gc,marking  ] GC(965) Concurrent Mark 1333.592ms
[411.148s][info][gc,marking  ] GC(965) Concurrent Rebuild Remembered Sets and Scrub Regions
[411.224s][info][gc,start    ] GC(967) Pause Young (Normal) (G1 Evacuation Pause)
[411.224s][info][gc,task     ] GC(967) Using 2 workers of 2 for evacuation
[411.238s][info][gc,phases   ] GC(967)   Pre Evacuate Collection Set: 0.26ms
[411.238s][info][gc,phases   ] GC(967)   Merge Heap Roots: 0.18ms
[411.238s][info][gc,phases   ] GC(967)   Evacuate Collection Set: 12.28ms
[411.238s][info][gc,phases   ] GC(967)   Post Evacuate Collection Set: 0.42ms
[411.238s][info][gc,phases   ] GC(967)   Other: 0.10ms
[411.238s][info][gc,heap     ] GC(967) Eden regions: 266->0(333)
[411.238s][info][gc,heap     ] GC(967) Survivor regions: 10->10(35)
[411.238s][info][gc,heap     ] GC(967) Old regions: 568->568
[411.238s][info][gc,heap     ] GC(967) Humongous regions: 7->7
[411.238s][info][gc,metaspace] GC(967) Metaspace: 18921K(19136K)->18921K(19136K) NonClass: 16260K(16384K)->16260K(16384K) Class: 2660K(2752K)->2660K(2752K)
[411.238s][info][gc          ] GC(967) Pause Young (Normal) (G1 Evacuation Pause) 850M->584M(978M) 13.411ms
[411.238s][info][gc,cpu      ] GC(967) User=0.03s Sys=0.00s Real=0.02s
[411.548s][info][gc,marking  ] GC(965) Concurrent Rebuild Remembered Sets and Scrub Regions 399.891ms
[411.548s][info][gc,start    ] GC(965) Pause Cleanup
[411.548s][info][gc          ] GC(965) Pause Cleanup 672M->672M(978M) 0.153ms
[411.548s][info][gc,cpu      ] GC(965) User=0.00s Sys=0.00s Real=0.00s
[411.550s][info][gc,marking  ] GC(965) Concurrent Clear Claimed Marks
[411.550s][info][gc,marking  ] GC(965) Concurrent Clear Claimed Marks 0.057ms
[411.550s][info][gc,marking  ] GC(965) Concurrent Cleanup for Next Mark
[411.556s][info][gc,marking  ] GC(965) Concurrent Cleanup for Next Mark 6.180ms
[411.556s][info][gc          ] GC(965) Concurrent Mark Cycle 1803.965ms
[411.885s][info][gc,start    ] GC(968) Pause Young (Prepare Mixed) (G1 Evacuation Pause)
[411.885s][info][gc,task     ] GC(968) Using 2 workers of 2 for evacuation
[411.912s][info][gc,phases   ] GC(968)   Pre Evacuate Collection Set: 0.52ms
[411.912s][info][gc,phases   ] GC(968)   Merge Heap Roots: 0.21ms
[411.912s][info][gc,phases   ] GC(968)   Evacuate Collection Set: 26.10ms
[411.912s][info][gc,phases   ] GC(968)   Post Evacuate Collection Set: 0.57ms
[411.912s][info][gc,phases   ] GC(968)   Other: 0.11ms
[411.912s][info][gc,heap     ] GC(968) Eden regions: 333->0(303)
[411.912s][info][gc,heap     ] GC(968) Survivor regions: 10->25(43)
[411.912s][info][gc,heap     ] GC(968) Old regions: 568->568
[411.912s][info][gc,heap     ] GC(968) Humongous regions: 7->7
[411.912s][info][gc,metaspace] GC(968) Metaspace: 18921K(19136K)->18921K(19136K) NonClass: 16261K(16384K)->16261K(16384K) Class: 2660K(2752K)->2660K(2752K)
[411.912s][info][gc          ] GC(968) Pause Young (Prepare Mixed) (G1 Evacuation Pause) 917M->599M(978M) 27.665ms
[411.912s][info][gc,cpu      ] GC(968) User=0.06s Sys=0.00s Real=0.03s
[412.299s][info][gc,start    ] GC(969) Pause Young (Mixed) (G1 Evacuation Pause)
[412.300s][info][gc,task     ] GC(969) Using 2 workers of 2 for evacuation
[412.417s][info][gc,phases   ] GC(969)   Pre Evacuate Collection Set: 0.36ms
[412.417s][info][gc,phases   ] GC(969)   Merge Heap Roots: 0.34ms
[412.417s][info][gc,phases   ] GC(969)   Evacuate Collection Set: 110.32ms
[412.417s][info][gc,phases   ] GC(969)   Post Evacuate Collection Set: 6.35ms
[412.417s][info][gc,phases   ] GC(969)   Other: 0.09ms
[412.417s][info][gc,heap     ] GC(969) Eden regions: 303->0(258)
[412.417s][info][gc,heap     ] GC(969) Survivor regions: 25->41(41)
[412.417s][info][gc,heap     ] GC(969) Old regions: 568->578
[412.417s][info][gc,heap     ] GC(969) Humongous regions: 10->10
[412.417s][info][gc,metaspace] GC(969) Metaspace: 18923K(19136K)->18923K(19136K) NonClass: 16263K(16384K)->16263K(16384K) Class: 2660K(2752K)->2660K(2752K)
[412.417s][info][gc          ] GC(969) Pause Young (Mixed) (G1 Evacuation Pause) (Evacuation Failure: Allocation) 905M->629M(978M) 117.757ms
[412.417s][info][gc,cpu      ] GC(969) User=0.24s Sys=0.00s Real=0.12s
[412.825s][info][gc,start    ] GC(970) Pause Young (Concurrent Start) (G1 Evacuation Pause)
[412.825s][info][gc,task     ] GC(970) Using 2 workers of 2 for evacuation
[412.885s][info][gc,phases   ] GC(970)   Pre Evacuate Collection Set: 0.39ms
[412.885s][info][gc,phases   ] GC(970)   Merge Heap Roots: 0.56ms
[412.885s][info][gc,phases   ] GC(970)   Evacuate Collection Set: 58.63ms
[412.885s][info][gc,phases   ] GC(970)   Post Evacuate Collection Set: 0.56ms
[412.885s][info][gc,phases   ] GC(970)   Other: 0.12ms
[412.885s][info][gc,heap     ] GC(970) Eden regions: 258->0(309)
[412.885s][info][gc,heap     ] GC(970) Survivor regions: 41->1(38)
[412.885s][info][gc,heap     ] GC(970) Old regions: 578->579
[412.885s][info][gc,heap     ] GC(970) Humongous regions: 10->10
[412.885s][info][gc,metaspace] GC(970) Metaspace: 18923K(19136K)->18923K(19136K) NonClass: 16263K(16384K)->16263K(16384K) Class: 2660K(2752K)->2660K(2752K)
[412.885s][info][gc          ] GC(970) Pause Young (Concurrent Start) (G1 Evacuation Pause) 887M->590M(978M) 60.545ms
[412.885s][info][gc          ] GC(971) Concurrent Mark Cycle
[412.885s][info][gc,marking  ] GC(971) Concurrent Scan Root Regions
[412.887s][info][gc,cpu      ] GC(970) User=0.13s Sys=0.00s Real=0.07s
[412.962s][info][gc,marking  ] GC(971) Concurrent Scan Root Regions 76.536ms
[412.962s][info][gc,marking  ] GC(971) Concurrent Mark
[412.962s][info][gc,marking  ] GC(971) Concurrent Mark From Roots
[412.962s][info][gc,task     ] GC(971) Using 1 workers of 1 for marking
[414.044s][info][gc,start    ] GC(972) Pause Young (Normal) (G1 Evacuation Pause)
[414.044s][info][gc,task     ] GC(972) Using 2 workers of 2 for evacuation
[414.045s][info][gc,phases   ] GC(972)   Pre Evacuate Collection Set: 0.30ms
[414.045s][info][gc,phases   ] GC(972)   Merge Heap Roots: 0.10ms
[414.045s][info][gc,phases   ] GC(972)   Evacuate Collection Set: 0.29ms
[414.045s][info][gc,phases   ] GC(972)   Post Evacuate Collection Set: 0.43ms
[414.045s][info][gc,phases   ] GC(972)   Other: 0.09ms
[414.045s][info][gc,heap     ] GC(972) Eden regions: 309->0(325)
[414.045s][info][gc,heap     ] GC(972) Survivor regions: 1->1(39)
[414.045s][info][gc,heap     ] GC(972) Old regions: 579->579
[414.045s][info][gc,heap     ] GC(972) Humongous regions: 10->10
[414.045s][info][gc,metaspace] GC(972) Metaspace: 18923K(19136K)->18923K(19136K) NonClass: 16263K(16384K)->16263K(16384K) Class: 2660K(2752K)->2660K(2752K)
[414.045s][info][gc          ] GC(972) Pause Young (Normal) (G1 Evacuation Pause) 899M->590M(978M) 1.427ms
[414.045s][info][gc,cpu      ] GC(972) User=0.00s Sys=0.01s Real=0.00s
[414.422s][info][gc,marking  ] GC(971) Concurrent Mark From Roots 1460.077ms
[414.422s][info][gc,marking  ] GC(971) Concurrent Preclean
[414.422s][info][gc,marking  ] GC(971) Concurrent Preclean 0.054ms
[414.422s][info][gc,start    ] GC(971) Pause Remark
[414.430s][info][gc          ] GC(971) Pause Remark 712M->711M(978M) 7.527ms
[414.430s][info][gc,cpu      ] GC(971) User=0.02s Sys=0.00s Real=0.01s
[414.430s][info][gc,marking  ] GC(971) Concurrent Mark 1468.539ms
[414.430s][info][gc,marking  ] GC(971) Concurrent Rebuild Remembered Sets and Scrub Regions
[414.860s][info][gc,start    ] GC(973) Pause Young (Normal) (G1 Evacuation Pause)
[414.860s][info][gc,task     ] GC(973) Using 2 workers of 2 for evacuation
[414.873s][info][gc,phases   ] GC(973)   Pre Evacuate Collection Set: 0.50ms
[414.873s][info][gc,phases   ] GC(973)   Merge Heap Roots: 0.17ms
[414.873s][info][gc,phases   ] GC(973)   Evacuate Collection Set: 11.54ms
[414.873s][info][gc,phases   ] GC(973)   Post Evacuate Collection Set: 0.52ms
[414.873s][info][gc,phases   ] GC(973)   Other: 0.09ms
[414.873s][info][gc,heap     ] GC(973) Eden regions: 325->0(322)
[414.873s][info][gc,heap     ] GC(973) Survivor regions: 1->9(41)
[414.873s][info][gc,heap     ] GC(973) Old regions: 579->579
[414.873s][info][gc,heap     ] GC(973) Humongous regions: 9->9
[414.873s][info][gc,metaspace] GC(973) Metaspace: 18923K(19136K)->18923K(19136K) NonClass: 16263K(16384K)->16263K(16384K) Class: 2660K(2752K)->2660K(2752K)
[414.873s][info][gc          ] GC(973) Pause Young (Normal) (G1 Evacuation Pause) 914M->596M(978M) 13.031ms
[414.873s][info][gc,cpu      ] GC(973) User=0.03s Sys=0.00s Real=0.01s
[414.916s][info][gc,marking  ] GC(971) Concurrent Rebuild Remembered Sets and Scrub Regions 485.998ms
[414.916s][info][gc,start    ] GC(971) Pause Cleanup
[414.917s][info][gc          ] GC(971) Pause Cleanup 630M->630M(978M) 0.089ms
[414.917s][info][gc,cpu      ] GC(971) User=0.00s Sys=0.00s Real=0.00s
[414.917s][info][gc,marking  ] GC(971) Concurrent Clear Claimed Marks
[414.917s][info][gc,marking  ] GC(971) Concurrent Clear Claimed Marks 0.035ms
[414.917s][info][gc,marking  ] GC(971) Concurrent Cleanup for Next Mark
[414.923s][info][gc,marking  ] GC(971) Concurrent Cleanup for Next Mark 5.599ms
[414.923s][info][gc          ] GC(971) Concurrent Mark Cycle 2037.843ms
[415.184s][info][gc,start    ] GC(974) Pause Young (Prepare Mixed) (G1 Evacuation Pause)
[415.184s][info][gc,task     ] GC(974) Using 2 workers of 2 for evacuation
[415.216s][info][gc,phases   ] GC(974)   Pre Evacuate Collection Set: 0.29ms
[415.216s][info][gc,phases   ] GC(974)   Merge Heap Roots: 0.16ms
[415.216s][info][gc,phases   ] GC(974)   Evacuate Collection Set: 30.99ms
[415.216s][info][gc,phases   ] GC(974)   Post Evacuate Collection Set: 0.53ms
[415.216s][info][gc,phases   ] GC(974)   Other: 0.08ms
[415.217s][info][gc,heap     ] GC(974) Eden regions: 322->0(282)
[415.217s][info][gc,heap     ] GC(974) Survivor regions: 9->29(42)
[415.217s][info][gc,heap     ] GC(974) Old regions: 579->579
[415.217s][info][gc,heap     ] GC(974) Humongous regions: 9->9
[415.217s][info][gc,metaspace] GC(974) Metaspace: 18923K(19136K)->18923K(19136K) NonClass: 16263K(16384K)->16263K(16384K) Class: 2660K(2752K)->2660K(2752K)
[415.217s][info][gc          ] GC(974) Pause Young (Prepare Mixed) (G1 Evacuation Pause) 918M->617M(978M) 32.274ms
[415.217s][info][gc,cpu      ] GC(974) User=0.06s Sys=0.00s Real=0.03s
[415.494s][info][gc,start    ] GC(975) Pause Young (Mixed) (G1 Evacuation Pause)
[415.494s][info][gc,task     ] GC(975) Using 2 workers of 2 for evacuation
[415.538s][info][gc,phases   ] GC(975)   Pre Evacuate Collection Set: 0.30ms
[415.538s][info][gc,phases   ] GC(975)   Merge Heap Roots: 0.24ms
[415.538s][info][gc,phases   ] GC(975)   Evacuate Collection Set: 43.00ms
[415.538s][info][gc,phases   ] GC(975)   Post Evacuate Collection Set: 0.52ms
[415.538s][info][gc,phases   ] GC(975)   Other: 0.10ms
[415.538s][info][gc,heap     ] GC(975) Eden regions: 282->0(301)
[415.538s][info][gc,heap     ] GC(975) Survivor regions: 29->10(39)
[415.538s][info][gc,heap     ] GC(975) Old regions: 579->598
[415.538s][info][gc,heap     ] GC(975) Humongous regions: 9->9
[415.538s][info][gc,metaspace] GC(975) Metaspace: 18923K(19136K)->18923K(19136K) NonClass: 16263K(16384K)->16263K(16384K) Class: 2660K(2752K)->2660K(2752K)
[415.538s][info][gc          ] GC(975) Pause Young (Mixed) (G1 Evacuation Pause) 899M->617M(978M) 44.412ms
[415.538s][info][gc,cpu      ] GC(975) User=0.09s Sys=0.00s Real=0.05s
[416.108s][info][gc,start    ] GC(976) Pause Young (Concurrent Start) (G1 Evacuation Pause)
[416.109s][info][gc,task     ] GC(976) Using 2 workers of 2 for evacuation
[416.121s][info][gc,phases   ] GC(976)   Pre Evacuate Collection Set: 0.32ms
[416.121s][info][gc,phases   ] GC(976)   Merge Heap Roots: 0.15ms
[416.121s][info][gc,phases   ] GC(976)   Evacuate Collection Set: 11.39ms
[416.121s][info][gc,phases   ] GC(976)   Post Evacuate Collection Set: 0.50ms
[416.121s][info][gc,phases   ] GC(976)   Other: 0.10ms
[416.121s][info][gc,heap     ] GC(976) Eden regions: 301->0(299)
[416.121s][info][gc,heap     ] GC(976) Survivor regions: 10->11(39)
[416.121s][info][gc,heap     ] GC(976) Old regions: 598->598
[416.121s][info][gc,heap     ] GC(976) Humongous regions: 9->9
[416.121s][info][gc,metaspace] GC(976) Metaspace: 18924K(19136K)->18924K(19136K) NonClass: 16264K(16384K)->16264K(16384K) Class: 2660K(2752K)->2660K(2752K)
[416.121s][info][gc          ] GC(976) Pause Young (Concurrent Start) (G1 Evacuation Pause) 918M->617M(978M) 12.710ms
[416.121s][info][gc          ] GC(977) Concurrent Mark Cycle
[416.121s][info][gc,marking  ] GC(977) Concurrent Scan Root Regions
[416.122s][info][gc,cpu      ] GC(976) User=0.03s Sys=0.00s Real=0.01s
[416.139s][info][gc,marking  ] GC(977) Concurrent Scan Root Regions 17.345ms
[416.139s][info][gc,marking  ] GC(977) Concurrent Mark
[416.139s][info][gc,marking  ] GC(977) Concurrent Mark From Roots
[416.139s][info][gc,task     ] GC(977) Using 1 workers of 1 for marking
[416.684s][info][gc,start    ] GC(978) Pause Young (Normal) (G1 Evacuation Pause)
[416.684s][info][gc,task     ] GC(978) Using 2 workers of 2 for evacuation
[416.787s][info][gc,phases   ] GC(978)   Pre Evacuate Collection Set: 0.51ms
[416.787s][info][gc,phases   ] GC(978)   Merge Heap Roots: 0.45ms
[416.787s][info][gc,phases   ] GC(978)   Evacuate Collection Set: 94.29ms
[416.787s][info][gc,phases   ] GC(978)   Post Evacuate Collection Set: 7.16ms
[416.787s][info][gc,phases   ] GC(978)   Other: 0.09ms
[416.787s][info][gc,heap     ] GC(978) Eden regions: 299->0(104)
[416.787s][info][gc,heap     ] GC(978) Survivor regions: 11->39(39)
[416.787s][info][gc,heap     ] GC(978) Old regions: 598->737
[416.787s][info][gc,heap     ] GC(978) Humongous regions: 9->9
[416.787s][info][gc,metaspace] GC(978) Metaspace: 18924K(19136K)->18924K(19136K) NonClass: 16264K(16384K)->16264K(16384K) Class: 2660K(2752K)->2660K(2752K)
[416.787s][info][gc          ] GC(978) Pause Young (Normal) (G1 Evacuation Pause) (Evacuation Failure: Allocation) 916M->784M(978M) 102.750ms
[416.787s][info][gc,cpu      ] GC(978) User=0.20s Sys=0.00s Real=0.11s
[416.996s][info][gc,start    ] GC(979) Pause Young (Normal) (G1 Evacuation Pause)
[416.996s][info][gc,task     ] GC(979) Using 2 workers of 2 for evacuation
[417.074s][info][gc,phases   ] GC(979)   Pre Evacuate Collection Set: 0.54ms
[417.074s][info][gc,phases   ] GC(979)   Merge Heap Roots: 0.31ms
[417.074s][info][gc,phases   ] GC(979)   Evacuate Collection Set: 76.31ms
[417.074s][info][gc,phases   ] GC(979)   Post Evacuate Collection Set: 0.48ms
[417.074s][info][gc,phases   ] GC(979)   Other: 0.10ms
[417.074s][info][gc,heap     ] GC(979) Eden regions: 104->0(205)
[417.074s][info][gc,heap     ] GC(979) Survivor regions: 39->18(18)
[417.074s][info][gc,heap     ] GC(979) Old regions: 737->678
[417.074s][info][gc,heap     ] GC(979) Humongous regions: 9->9
[417.074s][info][gc,metaspace] GC(979) Metaspace: 18924K(19136K)->18924K(19136K) NonClass: 16264K(16384K)->16264K(16384K) Class: 2660K(2752K)->2660K(2752K)
[417.074s][info][gc          ] GC(979) Pause Young (Normal) (G1 Evacuation Pause) 888M->704M(978M) 77.930ms
[417.074s][info][gc,cpu      ] GC(979) User=0.15s Sys=0.00s Real=0.08s
[417.288s][info][gc,start    ] GC(980) Pause Young (Normal) (G1 Evacuation Pause)
[417.288s][info][gc,task     ] GC(980) Using 2 workers of 2 for evacuation
[417.341s][info][gc,phases   ] GC(980)   Pre Evacuate Collection Set: 0.31ms
[417.341s][info][gc,phases   ] GC(980)   Merge Heap Roots: 0.17ms
[417.341s][info][gc,phases   ] GC(980)   Evacuate Collection Set: 52.59ms
[417.341s][info][gc,phases   ] GC(980)   Post Evacuate Collection Set: 0.52ms
[417.341s][info][gc,phases   ] GC(980)   Other: 0.08ms
[417.341s][info][gc,heap     ] GC(980) Eden regions: 205->0(155)
[417.341s][info][gc,heap     ] GC(980) Survivor regions: 18->28(28)
[417.341s][info][gc,heap     ] GC(980) Old regions: 678->708
[417.341s][info][gc,heap     ] GC(980) Humongous regions: 9->9
[417.341s][info][gc,metaspace] GC(980) Metaspace: 18926K(19136K)->18926K(19136K) NonClass: 16266K(16384K)->16266K(16384K) Class: 2660K(2752K)->2660K(2752K)
[417.341s][info][gc          ] GC(980) Pause Young (Normal) (G1 Evacuation Pause) 909M->745M(978M) 53.938ms
[417.342s][info][gc,cpu      ] GC(980) User=0.11s Sys=0.00s Real=0.05s
[417.589s][info][gc,start    ] GC(981) Pause Young (Normal) (G1 Evacuation Pause)
[417.590s][info][gc,task     ] GC(981) Using 2 workers of 2 for evacuation
[417.641s][info][gc,phases   ] GC(981)   Pre Evacuate Collection Set: 0.28ms
[417.641s][info][gc,phases   ] GC(981)   Merge Heap Roots: 0.38ms
[417.641s][info][gc,phases   ] GC(981)   Evacuate Collection Set: 50.58ms
[417.641s][info][gc,phases   ] GC(981)   Post Evacuate Collection Set: 0.40ms
[417.641s][info][gc,phases   ] GC(981)   Other: 0.07ms
[417.641s][info][gc,heap     ] GC(981) Eden regions: 155->0(135)
[417.641s][info][gc,heap     ] GC(981) Survivor regions: 28->23(23)
[417.641s][info][gc,heap     ] GC(981) Old regions: 708->738
[417.641s][info][gc,heap     ] GC(981) Humongous regions: 9->9
[417.641s][info][gc,metaspace] GC(981) Metaspace: 18927K(19136K)->18927K(19136K) NonClass: 16267K(16384K)->16267K(16384K) Class: 2660K(2752K)->2660K(2752K)
[417.641s][info][gc          ] GC(981) Pause Young (Normal) (G1 Evacuation Pause) 900M->769M(978M) 51.935ms
[417.641s][info][gc,cpu      ] GC(981) User=0.10s Sys=0.00s Real=0.05s
[417.752s][info][gc,marking  ] GC(977) Concurrent Mark From Roots 1613.177ms
[417.752s][info][gc,marking  ] GC(977) Concurrent Preclean
[417.752s][info][gc,marking  ] GC(977) Concurrent Preclean 0.037ms
[417.752s][info][gc,start    ] GC(977) Pause Remark
[417.760s][info][gc          ] GC(977) Pause Remark 851M->791M(978M) 7.662ms
[417.760s][info][gc,cpu      ] GC(977) User=0.02s Sys=0.00s Real=0.01s
[417.760s][info][gc,marking  ] GC(977) Concurrent Mark 1621.192ms
[417.760s][info][gc,marking  ] GC(977) Concurrent Rebuild Remembered Sets and Scrub Regions
[417.823s][info][gc,start    ] GC(982) Pause Young (Normal) (G1 Evacuation Pause)
[417.823s][info][gc,task     ] GC(982) Using 2 workers of 2 for evacuation
[417.846s][info][gc,phases   ] GC(982)   Pre Evacuate Collection Set: 0.26ms
[417.846s][info][gc,phases   ] GC(982)   Merge Heap Roots: 0.17ms
[417.846s][info][gc,phases   ] GC(982)   Evacuate Collection Set: 22.14ms
[417.846s][info][gc,phases   ] GC(982)   Post Evacuate Collection Set: 0.39ms
[417.846s][info][gc,phases   ] GC(982)   Other: 0.07ms
[417.846s][info][gc,heap     ] GC(982) Eden regions: 135->0(194)
[417.846s][info][gc,heap     ] GC(982) Survivor regions: 23->2(20)
[417.846s][info][gc,heap     ] GC(982) Old regions: 680->703
[417.846s][info][gc,heap     ] GC(982) Humongous regions: 7->7
[417.846s][info][gc,metaspace] GC(982) Metaspace: 18927K(19136K)->18927K(19136K) NonClass: 16267K(16384K)->16267K(16384K) Class: 2660K(2752K)->2660K(2752K)
[417.846s][info][gc          ] GC(982) Pause Young (Normal) (G1 Evacuation Pause) 844M->711M(978M) 23.189ms
[417.846s][info][gc,cpu      ] GC(982) User=0.05s Sys=0.00s Real=0.02s
[418.068s][info][gc,start    ] GC(983) Pause Young (Normal) (G1 Evacuation Pause)
[418.068s][info][gc,task     ] GC(983) Using 2 workers of 2 for evacuation
[418.082s][info][gc,phases   ] GC(983)   Pre Evacuate Collection Set: 0.46ms
[418.082s][info][gc,phases   ] GC(983)   Merge Heap Roots: 0.32ms
[418.082s][info][gc,phases   ] GC(983)   Evacuate Collection Set: 12.87ms
[418.082s][info][gc,phases   ] GC(983)   Post Evacuate Collection Set: 0.48ms
[418.082s][info][gc,phases   ] GC(983)   Other: 0.08ms
[418.082s][info][gc,heap     ] GC(983) Eden regions: 194->0(205)
[418.082s][info][gc,heap     ] GC(983) Survivor regions: 2->2(25)
[418.082s][info][gc,heap     ] GC(983) Old regions: 703->703
[418.082s][info][gc,heap     ] GC(983) Humongous regions: 7->7
[418.082s][info][gc,metaspace] GC(983) Metaspace: 18927K(19136K)->18927K(19136K) NonClass: 16267K(16384K)->16267K(16384K) Class: 2660K(2752K)->2660K(2752K)
[418.082s][info][gc          ] GC(983) Pause Young (Normal) (G1 Evacuation Pause) 905M->711M(978M) 14.434ms
[418.083s][info][gc,cpu      ] GC(983) User=0.03s Sys=0.00s Real=0.01s
[418.301s][info][gc,start    ] GC(984) Pause Young (Normal) (G1 Evacuation Pause)
[418.301s][info][gc,task     ] GC(984) Using 2 workers of 2 for evacuation
[418.322s][info][gc,phases   ] GC(984)   Pre Evacuate Collection Set: 0.25ms
[418.322s][info][gc,phases   ] GC(984)   Merge Heap Roots: 0.34ms
[418.322s][info][gc,phases   ] GC(984)   Evacuate Collection Set: 19.50ms
[418.322s][info][gc,phases   ] GC(984)   Post Evacuate Collection Set: 0.53ms
[418.322s][info][gc,phases   ] GC(984)   Other: 0.10ms
[418.322s][info][gc,heap     ] GC(984) Eden regions: 205->0(206)
[418.322s][info][gc,heap     ] GC(984) Survivor regions: 2->6(26)
[418.322s][info][gc,heap     ] GC(984) Old regions: 703->703
[418.322s][info][gc,heap     ] GC(984) Humongous regions: 7->7
[418.322s][info][gc,metaspace] GC(984) Metaspace: 18927K(19136K)->18927K(19136K) NonClass: 16267K(16384K)->16267K(16384K) Class: 2660K(2752K)->2660K(2752K)
[418.322s][info][gc          ] GC(984) Pause Young (Normal) (G1 Evacuation Pause) 916M->715M(978M) 20.936ms
[418.322s][info][gc,cpu      ] GC(984) User=0.04s Sys=0.00s Real=0.02s
[418.558s][info][gc,start    ] GC(985) Pause Young (Normal) (G1 Evacuation Pause)
[418.558s][info][gc,task     ] GC(985) Using 2 workers of 2 for evacuation
[418.581s][info][gc,phases   ] GC(985)   Pre Evacuate Collection Set: 0.49ms
[418.581s][info][gc,phases   ] GC(985)   Merge Heap Roots: 0.69ms
[418.581s][info][gc,phases   ] GC(985)   Evacuate Collection Set: 21.14ms
[418.581s][info][gc,phases   ] GC(985)   Post Evacuate Collection Set: 0.56ms
[418.581s][info][gc,phases   ] GC(985)   Other: 0.10ms
[418.581s][info][gc,heap     ] GC(985) Eden regions: 206->0(204)
[418.581s][info][gc,heap     ] GC(985) Survivor regions: 6->7(27)
[418.581s][info][gc,heap     ] GC(985) Old regions: 703->703
[418.581s][info][gc,heap     ] GC(985) Humongous regions: 7->7
[418.581s][info][gc,metaspace] GC(985) Metaspace: 18928K(19136K)->18928K(19136K) NonClass: 16268K(16384K)->16268K(16384K) Class: 2660K(2752K)->2660K(2752K)
[418.581s][info][gc          ] GC(985) Pause Young (Normal) (G1 Evacuation Pause) 921M->716M(978M) 23.250ms
[418.581s][info][gc,cpu      ] GC(985) User=0.05s Sys=0.01s Real=0.02s
[418.709s][info][gc,marking  ] GC(977) Concurrent Rebuild Remembered Sets and Scrub Regions 948.941ms
[418.709s][info][gc,start    ] GC(977) Pause Cleanup
[418.709s][info][gc          ] GC(977) Pause Cleanup 833M->833M(978M) 0.131ms
[418.709s][info][gc,cpu      ] GC(977) User=0.00s Sys=0.00s Real=0.00s
[418.710s][info][gc,marking  ] GC(977) Concurrent Clear Claimed Marks
[418.710s][info][gc,marking  ] GC(977) Concurrent Clear Claimed Marks 0.058ms
[418.710s][info][gc,marking  ] GC(977) Concurrent Cleanup for Next Mark
[418.715s][info][gc,marking  ] GC(977) Concurrent Cleanup for Next Mark 4.822ms
[418.715s][info][gc          ] GC(977) Concurrent Mark Cycle 2593.621ms
[418.765s][info][gc,start    ] GC(986) Pause Young (Prepare Mixed) (G1 Evacuation Pause)
[418.765s][info][gc,task     ] GC(986) Using 2 workers of 2 for evacuation
[418.806s][info][gc,phases   ] GC(986)   Pre Evacuate Collection Set: 0.28ms
[418.806s][info][gc,phases   ] GC(986)   Merge Heap Roots: 0.42ms
[418.806s][info][gc,phases   ] GC(986)   Evacuate Collection Set: 39.43ms
[418.806s][info][gc,phases   ] GC(986)   Post Evacuate Collection Set: 0.58ms
[418.806s][info][gc,phases   ] GC(986)   Other: 0.07ms
[418.806s][info][gc,heap     ] GC(986) Eden regions: 204->0(172)
[418.806s][info][gc,heap     ] GC(986) Survivor regions: 7->23(27)
[418.806s][info][gc,heap     ] GC(986) Old regions: 703->703
[418.806s][info][gc,heap     ] GC(986) Humongous regions: 7->7
[418.806s][info][gc,metaspace] GC(986) Metaspace: 18929K(19136K)->18929K(19136K) NonClass: 16269K(16384K)->16269K(16384K) Class: 2660K(2752K)->2660K(2752K)
[418.806s][info][gc          ] GC(986) Pause Young (Prepare Mixed) (G1 Evacuation Pause) 920M->732M(978M) 41.004ms
[418.806s][info][gc,cpu      ] GC(986) User=0.08s Sys=0.00s Real=0.04s
[419.141s][info][gc,start    ] GC(987) Pause Young (Mixed) (G1 Evacuation Pause)
[419.141s][info][gc,task     ] GC(987) Using 2 workers of 2 for evacuation
[419.250s][info][gc,phases   ] GC(987)   Pre Evacuate Collection Set: 0.56ms
[419.250s][info][gc,phases   ] GC(987)   Merge Heap Roots: 1.15ms
[419.250s][info][gc,phases   ] GC(987)   Evacuate Collection Set: 98.75ms
[419.250s][info][gc,phases   ] GC(987)   Merge Optional Heap Roots: 0.21ms
[419.250s][info][gc,phases   ] GC(987)   Evacuate Optional Collection Set: 7.48ms
[419.250s][info][gc,phases   ] GC(987)   Post Evacuate Collection Set: 1.13ms
[419.250s][info][gc,phases   ] GC(987)   Other: 0.10ms
[419.250s][info][gc,heap     ] GC(987) Eden regions: 172->0(193)
[419.250s][info][gc,heap     ] GC(987) Survivor regions: 23->23(25)
[419.250s][info][gc,heap     ] GC(987) Old regions: 703->679
[419.250s][info][gc,heap     ] GC(987) Humongous regions: 10->10
[419.250s][info][gc,metaspace] GC(987) Metaspace: 18929K(19136K)->18929K(19136K) NonClass: 16269K(16384K)->16269K(16384K) Class: 2660K(2752K)->2660K(2752K)
[419.250s][info][gc          ] GC(987) Pause Young (Mixed) (G1 Evacuation Pause) 907M->711M(978M) 109.617ms
[419.250s][info][gc,cpu      ] GC(987) User=0.22s Sys=0.00s Real=0.11s
[419.530s][info][gc,start    ] GC(988) Pause Young (Mixed) (G1 Evacuation Pause)
[419.530s][info][gc,task     ] GC(988) Using 2 workers of 2 for evacuation
[419.660s][info][gc,phases   ] GC(988)   Pre Evacuate Collection Set: 0.32ms
[419.660s][info][gc,phases   ] GC(988)   Merge Heap Roots: 1.18ms
[419.660s][info][gc,phases   ] GC(988)   Evacuate Collection Set: 109.26ms
[419.660s][info][gc,phases   ] GC(988)   Merge Optional Heap Roots: 0.37ms
[419.660s][info][gc,phases   ] GC(988)   Evacuate Optional Collection Set: 17.60ms
[419.660s][info][gc,phases   ] GC(988)   Post Evacuate Collection Set: 1.25ms
[419.660s][info][gc,phases   ] GC(988)   Other: 0.10ms
[419.660s][info][gc,heap     ] GC(988) Eden regions: 193->0(23)
[419.660s][info][gc,heap     ] GC(988) Survivor regions: 23->25(27)
[419.660s][info][gc,heap     ] GC(988) Old regions: 679->693
[419.660s][info][gc,heap     ] GC(988) Humongous regions: 10->10
[419.660s][info][gc,metaspace] GC(988) Metaspace: 18929K(19136K)->18929K(19136K) NonClass: 16269K(16384K)->16269K(16384K) Class: 2660K(2752K)->2660K(2752K)
[419.660s][info][gc          ] GC(988) Pause Young (Mixed) (G1 Evacuation Pause) 904M->727M(978M) 130.390ms
[419.660s][info][gc,cpu      ] GC(988) User=0.25s Sys=0.00s Real=0.13s
[419.697s][info][gc,start    ] GC(989) Pause Young (Mixed) (G1 Evacuation Pause)
[419.697s][info][gc,task     ] GC(989) Using 2 workers of 2 for evacuation
[419.899s][info][gc,mmu      ] GC(989) MMU target violated: 201.0ms (200.0ms/201.0ms)
[419.899s][info][gc,phases   ] GC(989)   Pre Evacuate Collection Set: 0.46ms
[419.899s][info][gc,phases   ] GC(989)   Merge Heap Roots: 1.33ms
[419.899s][info][gc,phases   ] GC(989)   Evacuate Collection Set: 199.13ms
[419.899s][info][gc,phases   ] GC(989)   Post Evacuate Collection Set: 1.37ms
[419.899s][info][gc,phases   ] GC(989)   Other: 0.16ms
[419.899s][info][gc,heap     ] GC(989) Eden regions: 23->0(187)
[419.899s][info][gc,heap     ] GC(989) Survivor regions: 25->1(6)
[419.899s][info][gc,heap     ] GC(989) Old regions: 693->718
[419.899s][info][gc,heap     ] GC(989) Humongous regions: 10->10
[419.899s][info][gc,metaspace] GC(989) Metaspace: 18929K(19136K)->18929K(19136K) NonClass: 16269K(16384K)->16269K(16384K) Class: 2660K(2752K)->2660K(2752K)
[419.899s][info][gc          ] GC(989) Pause Young (Mixed) (G1 Evacuation Pause) 750M->728M(978M) 202.616ms
[419.899s][info][gc,cpu      ] GC(989) User=0.41s Sys=0.00s Real=0.21s
[420.166s][info][gc,start    ] GC(990) Pause Young (Concurrent Start) (G1 Evacuation Pause)
[420.166s][info][gc,task     ] GC(990) Using 2 workers of 2 for evacuation
[420.188s][info][gc,phases   ] GC(990)   Pre Evacuate Collection Set: 0.36ms
[420.188s][info][gc,phases   ] GC(990)   Merge Heap Roots: 0.25ms
[420.188s][info][gc,phases   ] GC(990)   Evacuate Collection Set: 21.32ms
[420.188s][info][gc,phases   ] GC(990)   Post Evacuate Collection Set: 0.44ms
[420.188s][info][gc,phases   ] GC(990)   Other: 0.12ms
[420.188s][info][gc,heap     ] GC(990) Eden regions: 187->0(172)
[420.188s][info][gc,heap     ] GC(990) Survivor regions: 1->14(24)
[420.188s][info][gc,heap     ] GC(990) Old regions: 718->718
[420.188s][info][gc,heap     ] GC(990) Humongous regions: 10->10
[420.188s][info][gc,metaspace] GC(990) Metaspace: 18930K(19136K)->18930K(19136K) NonClass: 16270K(16384K)->16270K(16384K) Class: 2660K(2752K)->2660K(2752K)
[420.188s][info][gc          ] GC(990) Pause Young (Concurrent Start) (G1 Evacuation Pause) 915M->741M(978M) 22.724ms
[420.188s][info][gc          ] GC(991) Concurrent Mark Cycle
[420.188s][info][gc,marking  ] GC(991) Concurrent Scan Root Regions
[420.188s][info][gc,cpu      ] GC(990) User=0.05s Sys=0.00s Real=0.03s
[420.213s][info][gc,marking  ] GC(991) Concurrent Scan Root Regions 24.825ms
[420.213s][info][gc,marking  ] GC(991) Concurrent Mark
[420.213s][info][gc,marking  ] GC(991) Concurrent Mark From Roots
[420.213s][info][gc,task     ] GC(991) Using 1 workers of 1 for marking
[420.544s][info][gc,start    ] GC(992) Pause Young (Normal) (G1 Evacuation Pause)
[420.544s][info][gc,task     ] GC(992) Using 2 workers of 2 for evacuation
[420.568s][info][gc,phases   ] GC(992)   Pre Evacuate Collection Set: 0.58ms
[420.568s][info][gc,phases   ] GC(992)   Merge Heap Roots: 0.26ms
[420.568s][info][gc,phases   ] GC(992)   Evacuate Collection Set: 22.67ms
[420.568s][info][gc,phases   ] GC(992)   Post Evacuate Collection Set: 0.41ms
[420.568s][info][gc,phases   ] GC(992)   Other: 0.10ms
[420.568s][info][gc,heap     ] GC(992) Eden regions: 172->0(180)
[420.568s][info][gc,heap     ] GC(992) Survivor regions: 14->3(24)
[420.568s][info][gc,heap     ] GC(992) Old regions: 718->732
[420.568s][info][gc,heap     ] GC(992) Humongous regions: 10->10
[420.568s][info][gc,metaspace] GC(992) Metaspace: 18932K(19136K)->18932K(19136K) NonClass: 16272K(16384K)->16272K(16384K) Class: 2660K(2752K)->2660K(2752K)
[420.568s][info][gc          ] GC(992) Pause Young (Normal) (G1 Evacuation Pause) 913M->744M(978M) 24.262ms
[420.569s][info][gc,cpu      ] GC(992) User=0.05s Sys=0.00s Real=0.03s
[420.768s][info][gc,start    ] GC(993) Pause Young (Normal) (G1 Evacuation Pause)
[420.768s][info][gc,task     ] GC(993) Using 2 workers of 2 for evacuation
[420.774s][info][gc,phases   ] GC(993)   Pre Evacuate Collection Set: 0.31ms
[420.774s][info][gc,phases   ] GC(993)   Merge Heap Roots: 0.13ms
[420.774s][info][gc,phases   ] GC(993)   Evacuate Collection Set: 4.76ms
[420.774s][info][gc,phases   ] GC(993)   Post Evacuate Collection Set: 0.36ms
[420.774s][info][gc,phases   ] GC(993)   Other: 0.10ms
[420.774s][info][gc,heap     ] GC(993) Eden regions: 180->0(178)
[420.774s][info][gc,heap     ] GC(993) Survivor regions: 3->4(23)
[420.774s][info][gc,heap     ] GC(993) Old regions: 732->732
[420.774s][info][gc,heap     ] GC(993) Humongous regions: 10->10
[420.774s][info][gc,metaspace] GC(993) Metaspace: 18932K(19136K)->18932K(19136K) NonClass: 16272K(16384K)->16272K(16384K) Class: 2660K(2752K)->2660K(2752K)
[420.774s][info][gc          ] GC(993) Pause Young (Normal) (G1 Evacuation Pause) 924M->745M(978M) 5.900ms
[420.774s][info][gc,cpu      ] GC(993) User=0.01s Sys=0.00s Real=0.00s
[421.306s][info][gc,start    ] GC(994) Pause Young (Normal) (G1 Evacuation Pause)
[421.307s][info][gc,task     ] GC(994) Using 2 workers of 2 for evacuation
[421.321s][info][gc,phases   ] GC(994)   Pre Evacuate Collection Set: 0.52ms
[421.321s][info][gc,phases   ] GC(994)   Merge Heap Roots: 0.19ms
[421.322s][info][gc,phases   ] GC(994)   Evacuate Collection Set: 13.71ms
[421.322s][info][gc,phases   ] GC(994)   Post Evacuate Collection Set: 0.40ms
[421.322s][info][gc,phases   ] GC(994)   Other: 0.10ms
[421.322s][info][gc,heap     ] GC(994) Eden regions: 178->0(164)
[421.322s][info][gc,heap     ] GC(994) Survivor regions: 4->11(23)
[421.322s][info][gc,heap     ] GC(994) Old regions: 732->732
[421.322s][info][gc,heap     ] GC(994) Humongous regions: 10->10
[421.322s][info][gc,metaspace] GC(994) Metaspace: 18932K(19136K)->18932K(19136K) NonClass: 16272K(16384K)->16272K(16384K) Class: 2660K(2752K)->2660K(2752K)
[421.322s][info][gc          ] GC(994) Pause Young (Normal) (G1 Evacuation Pause) 923M->752M(978M) 15.169ms
[421.322s][info][gc,cpu      ] GC(994) User=0.03s Sys=0.00s Real=0.02s
[421.955s][info][gc,start    ] GC(995) Pause Young (Normal) (G1 Evacuation Pause)
[421.955s][info][gc,task     ] GC(995) Using 2 workers of 2 for evacuation
[421.969s][info][gc,phases   ] GC(995)   Pre Evacuate Collection Set: 0.53ms
[421.969s][info][gc,phases   ] GC(995)   Merge Heap Roots: 0.18ms
[421.969s][info][gc,phases   ] GC(995)   Evacuate Collection Set: 13.17ms
[421.969s][info][gc,phases   ] GC(995)   Post Evacuate Collection Set: 0.41ms
[421.969s][info][gc,phases   ] GC(995)   Other: 0.09ms
[421.969s][info][gc,heap     ] GC(995) Eden regions: 164->0(164)
[421.969s][info][gc,heap     ] GC(995) Survivor regions: 11->11(22)
[421.969s][info][gc,heap     ] GC(995) Old regions: 732->732
[421.969s][info][gc,heap     ] GC(995) Humongous regions: 10->10
[421.969s][info][gc,metaspace] GC(995) Metaspace: 18933K(19136K)->18933K(19136K) NonClass: 16273K(16384K)->16273K(16384K) Class: 2660K(2752K)->2660K(2752K)
[421.969s][info][gc          ] GC(995) Pause Young (Normal) (G1 Evacuation Pause) 916M->752M(978M) 14.584ms
[421.969s][info][gc,cpu      ] GC(995) User=0.03s Sys=0.00s Real=0.02s
[422.375s][info][gc,marking  ] GC(991) Concurrent Mark From Roots 2162.114ms
[422.375s][info][gc,marking  ] GC(991) Concurrent Preclean
[422.375s][info][gc,marking  ] GC(991) Concurrent Preclean 0.033ms
[422.376s][info][gc,start    ] GC(991) Pause Remark
[422.383s][info][gc          ] GC(991) Pause Remark 884M->883M(978M) 7.585ms
[422.383s][info][gc,cpu      ] GC(991) User=0.01s Sys=0.00s Real=0.01s
[422.383s][info][gc,marking  ] GC(991) Concurrent Mark 2170.008ms
[422.383s][info][gc,marking  ] GC(991) Concurrent Rebuild Remembered Sets and Scrub Regions
[422.575s][info][gc,start    ] GC(996) Pause Young (Normal) (G1 Evacuation Pause)
[422.575s][info][gc,task     ] GC(996) Using 2 workers of 2 for evacuation
[422.591s][info][gc,phases   ] GC(996)   Pre Evacuate Collection Set: 0.25ms
[422.591s][info][gc,phases   ] GC(996)   Merge Heap Roots: 0.27ms
[422.591s][info][gc,phases   ] GC(996)   Evacuate Collection Set: 15.06ms
[422.591s][info][gc,phases   ] GC(996)   Post Evacuate Collection Set: 0.39ms
[422.591s][info][gc,phases   ] GC(996)   Other: 0.10ms
[422.591s][info][gc,heap     ] GC(996) Eden regions: 164->0(163)
[422.591s][info][gc,heap     ] GC(996) Survivor regions: 11->12(22)
[422.591s][info][gc,heap     ] GC(996) Old regions: 732->732
[422.591s][info][gc,heap     ] GC(996) Humongous regions: 9->9
[422.591s][info][gc,metaspace] GC(996) Metaspace: 18933K(19136K)->18933K(19136K) NonClass: 16273K(16384K)->16273K(16384K) Class: 2660K(2752K)->2660K(2752K)
[422.591s][info][gc          ] GC(996) Pause Young (Normal) (G1 Evacuation Pause) 915M->752M(978M) 16.242ms
[422.591s][info][gc,cpu      ] GC(996) User=0.03s Sys=0.00s Real=0.02s
[422.955s][info][gc,marking  ] GC(991) Concurrent Rebuild Remembered Sets and Scrub Regions 572.179ms
[422.956s][info][gc,start    ] GC(991) Pause Cleanup
[422.956s][info][gc          ] GC(991) Pause Cleanup 788M->788M(978M) 0.093ms
[422.956s][info][gc,cpu      ] GC(991) User=0.00s Sys=0.00s Real=0.00s
[422.956s][info][gc,marking  ] GC(991) Concurrent Clear Claimed Marks
[422.956s][info][gc,marking  ] GC(991) Concurrent Clear Claimed Marks 0.029ms
[422.956s][info][gc,marking  ] GC(991) Concurrent Cleanup for Next Mark
[422.959s][info][gc,marking  ] GC(991) Concurrent Cleanup for Next Mark 2.846ms
[422.959s][info][gc          ] GC(991) Concurrent Mark Cycle 2770.314ms
[423.370s][info][gc,start    ] GC(997) Pause Young (Prepare Mixed) (G1 Evacuation Pause)
[423.370s][info][gc,task     ] GC(997) Using 2 workers of 2 for evacuation
[423.405s][info][gc,phases   ] GC(997)   Pre Evacuate Collection Set: 0.30ms
[423.405s][info][gc,phases   ] GC(997)   Merge Heap Roots: 0.22ms
[423.405s][info][gc,phases   ] GC(997)   Evacuate Collection Set: 34.45ms
[423.405s][info][gc,phases   ] GC(997)   Post Evacuate Collection Set: 0.43ms
[423.405s][info][gc,phases   ] GC(997)   Other: 0.08ms
[423.405s][info][gc,heap     ] GC(997) Eden regions: 163->0(133)
[423.405s][info][gc,heap     ] GC(997) Survivor regions: 12->22(22)
[423.405s][info][gc,heap     ] GC(997) Old regions: 732->742
[423.405s][info][gc,heap     ] GC(997) Humongous regions: 9->9
[423.405s][info][gc,metaspace] GC(997) Metaspace: 18933K(19136K)->18933K(19136K) NonClass: 16273K(16384K)->16273K(16384K) Class: 2660K(2752K)->2660K(2752K)
[423.405s][info][gc          ] GC(997) Pause Young (Prepare Mixed) (G1 Evacuation Pause) 915M->772M(978M) 35.674ms
[423.405s][info][gc,cpu      ] GC(997) User=0.07s Sys=0.00s Real=0.03s
[423.685s][info][gc,start    ] GC(998) Pause Young (Mixed) (G1 Evacuation Pause)
[423.685s][info][gc,task     ] GC(998) Using 2 workers of 2 for evacuation
[423.732s][info][gc,phases   ] GC(998)   Pre Evacuate Collection Set: 0.25ms
[423.732s][info][gc,phases   ] GC(998)   Merge Heap Roots: 0.46ms
[423.732s][info][gc,phases   ] GC(998)   Evacuate Collection Set: 46.00ms
[423.732s][info][gc,phases   ] GC(998)   Post Evacuate Collection Set: 0.34ms
[423.732s][info][gc,phases   ] GC(998)   Other: 0.07ms
[423.732s][info][gc,heap     ] GC(998) Eden regions: 133->0(161)
[423.732s][info][gc,heap     ] GC(998) Survivor regions: 22->1(20)
[423.732s][info][gc,heap     ] GC(998) Old regions: 742->756
[423.732s][info][gc,heap     ] GC(998) Humongous regions: 9->9
[423.732s][info][gc,metaspace] GC(998) Metaspace: 18933K(19136K)->18933K(19136K) NonClass: 16273K(16384K)->16273K(16384K) Class: 2660K(2752K)->2660K(2752K)
[423.732s][info][gc          ] GC(998) Pause Young (Mixed) (G1 Evacuation Pause) 905M->765M(978M) 47.281ms
[423.732s][info][gc,cpu      ] GC(998) User=0.10s Sys=0.00s Real=0.05s
[424.002s][info][gc,start    ] GC(999) Pause Young (Concurrent Start) (G1 Evacuation Pause)
[424.002s][info][gc,task     ] GC(999) Using 2 workers of 2 for evacuation
[424.003s][info][gc,phases   ] GC(999)   Pre Evacuate Collection Set: 0.29ms
[424.003s][info][gc,phases   ] GC(999)   Merge Heap Roots: 0.07ms
[424.003s][info][gc,phases   ] GC(999)   Evacuate Collection Set: 0.64ms
[424.003s][info][gc,phases   ] GC(999)   Post Evacuate Collection Set: 0.35ms
[424.003s][info][gc,phases   ] GC(999)   Other: 0.12ms
[424.003s][info][gc,heap     ] GC(999) Eden regions: 161->0(161)
[424.003s][info][gc,heap     ] GC(999) Survivor regions: 1->1(21)
[424.003s][info][gc,heap     ] GC(999) Old regions: 756->756
[424.003s][info][gc,heap     ] GC(999) Humongous regions: 9->9
[424.003s][info][gc,metaspace] GC(999) Metaspace: 18933K(19136K)->18933K(19136K) NonClass: 16273K(16384K)->16273K(16384K) Class: 2660K(2752K)->2660K(2752K)
[424.003s][info][gc          ] GC(999) Pause Young (Concurrent Start) (G1 Evacuation Pause) 926M->765M(978M) 1.661ms
[424.004s][info][gc,cpu      ] GC(999) User=0.01s Sys=0.00s Real=0.00s
[424.006s][info][gc          ] GC(1000) Concurrent Mark Cycle
[424.006s][info][gc,marking  ] GC(1000) Concurrent Scan Root Regions
[424.008s][info][gc,marking  ] GC(1000) Concurrent Scan Root Regions 2.359ms
[424.008s][info][gc,marking  ] GC(1000) Concurrent Mark
[424.008s][info][gc,marking  ] GC(1000) Concurrent Mark From Roots
[424.008s][info][gc,task     ] GC(1000) Using 1 workers of 1 for marking
[425.363s][info][gc,start    ] GC(1001) Pause Young (Normal) (G1 Evacuation Pause)
[425.363s][info][gc,task     ] GC(1001) Using 2 workers of 2 for evacuation
[425.366s][info][gc,phases   ] GC(1001)   Pre Evacuate Collection Set: 0.30ms
[425.367s][info][gc,phases   ] GC(1001)   Merge Heap Roots: 0.11ms
[425.367s][info][gc,phases   ] GC(1001)   Evacuate Collection Set: 2.54ms
[425.367s][info][gc,phases   ] GC(1001)   Post Evacuate Collection Set: 0.35ms
[425.367s][info][gc,phases   ] GC(1001)   Other: 0.11ms
[425.367s][info][gc,heap     ] GC(1001) Eden regions: 161->0(161)
[425.367s][info][gc,heap     ] GC(1001) Survivor regions: 1->1(21)
[425.367s][info][gc,heap     ] GC(1001) Old regions: 756->756
[425.367s][info][gc,heap     ] GC(1001) Humongous regions: 9->9
[425.367s][info][gc,metaspace] GC(1001) Metaspace: 18936K(19136K)->18936K(19136K) NonClass: 16276K(16384K)->16276K(16384K) Class: 2660K(2752K)->2660K(2752K)
[425.367s][info][gc          ] GC(1001) Pause Young (Normal) (G1 Evacuation Pause) 926M->765M(978M) 3.614ms
[425.367s][info][gc,cpu      ] GC(1001) User=0.01s Sys=0.00s Real=0.00s
[425.618s][info][gc,marking  ] GC(1000) Concurrent Mark From Roots 1609.490ms
[425.618s][info][gc,marking  ] GC(1000) Concurrent Preclean
[425.618s][info][gc,marking  ] GC(1000) Concurrent Preclean 0.055ms
[425.618s][info][gc,start    ] GC(1000) Pause Remark
[425.626s][info][gc          ] GC(1000) Pause Remark 801M->681M(978M) 7.784ms
[425.626s][info][gc,cpu      ] GC(1000) User=0.02s Sys=0.00s Real=0.00s
[425.628s][info][gc,marking  ] GC(1000) Concurrent Mark 1619.594ms
[425.628s][info][gc,marking  ] GC(1000) Concurrent Rebuild Remembered Sets and Scrub Regions
[426.010s][info][gc,marking  ] GC(1000) Concurrent Rebuild Remembered Sets and Scrub Regions 382.525ms
[426.011s][info][gc,start    ] GC(1000) Pause Cleanup
[426.011s][info][gc          ] GC(1000) Pause Cleanup 752M->752M(978M) 0.119ms
[426.011s][info][gc,cpu      ] GC(1000) User=0.00s Sys=0.00s Real=0.00s
[426.013s][info][gc,marking  ] GC(1000) Concurrent Clear Claimed Marks
[426.013s][info][gc,marking  ] GC(1000) Concurrent Clear Claimed Marks 0.045ms
[426.013s][info][gc,marking  ] GC(1000) Concurrent Cleanup for Next Mark
[426.016s][info][gc,marking  ] GC(1000) Concurrent Cleanup for Next Mark 2.939ms
[426.016s][info][gc          ] GC(1000) Concurrent Mark Cycle 2010.053ms
[426.132s][info][gc,start    ] GC(1002) Pause Young (Prepare Mixed) (G1 Evacuation Pause)
[426.132s][info][gc,task     ] GC(1002) Using 2 workers of 2 for evacuation
[426.137s][info][gc,phases   ] GC(1002)   Pre Evacuate Collection Set: 0.30ms
[426.137s][info][gc,phases   ] GC(1002)   Merge Heap Roots: 0.13ms
[426.137s][info][gc,phases   ] GC(1002)   Evacuate Collection Set: 4.18ms
[426.137s][info][gc,phases   ] GC(1002)   Post Evacuate Collection Set: 0.40ms
[426.137s][info][gc,phases   ] GC(1002)   Other: 0.10ms
[426.137s][info][gc,heap     ] GC(1002) Eden regions: 161->0(277)
[426.137s][info][gc,heap     ] GC(1002) Survivor regions: 1->3(21)
[426.137s][info][gc,heap     ] GC(1002) Old regions: 638->638
[426.137s][info][gc,heap     ] GC(1002) Humongous regions: 7->7
[426.137s][info][gc,metaspace] GC(1002) Metaspace: 18941K(19136K)->18941K(19136K) NonClass: 16281K(16384K)->16281K(16384K) Class: 2660K(2752K)->2660K(2752K)
[426.137s][info][gc          ] GC(1002) Pause Young (Prepare Mixed) (G1 Evacuation Pause) 806M->646M(978M) 5.331ms
[426.137s][info][gc,cpu      ] GC(1002) User=0.01s Sys=0.00s Real=0.01s
[426.759s][info][gc,start    ] GC(1003) Pause Young (Mixed) (G1 Evacuation Pause)
[426.759s][info][gc,task     ] GC(1003) Using 2 workers of 2 for evacuation
[426.792s][info][gc,phases   ] GC(1003)   Pre Evacuate Collection Set: 0.32ms
[426.792s][info][gc,phases   ] GC(1003)   Merge Heap Roots: 0.69ms
[426.792s][info][gc,phases   ] GC(1003)   Evacuate Collection Set: 30.79ms
[426.792s][info][gc,phases   ] GC(1003)   Post Evacuate Collection Set: 0.53ms
[426.792s][info][gc,phases   ] GC(1003)   Other: 0.07ms
[426.792s][info][gc,heap     ] GC(1003) Eden regions: 277->0(311)
[426.792s][info][gc,heap     ] GC(1003) Survivor regions: 3->4(35)
[426.792s][info][gc,heap     ] GC(1003) Old regions: 638->602
[426.792s][info][gc,heap     ] GC(1003) Humongous regions: 7->7
[426.792s][info][gc,metaspace] GC(1003) Metaspace: 18946K(19136K)->18946K(19136K) NonClass: 16286K(16384K)->16286K(16384K) Class: 2660K(2752K)->2660K(2752K)
[426.792s][info][gc          ] GC(1003) Pause Young (Mixed) (G1 Evacuation Pause) 923M->612M(978M) 32.616ms
[426.792s][info][gc,cpu      ] GC(1003) User=0.07s Sys=0.00s Real=0.03s
[427.093s][info][gc,start    ] GC(1004) Pause Young (Concurrent Start) (G1 Evacuation Pause)
[427.093s][info][gc,task     ] GC(1004) Using 2 workers of 2 for evacuation
[427.241s][info][gc,phases   ] GC(1004)   Pre Evacuate Collection Set: 0.41ms
[427.241s][info][gc,phases   ] GC(1004)   Merge Heap Roots: 0.13ms
[427.241s][info][gc,phases   ] GC(1004)   Evacuate Collection Set: 123.17ms
[427.241s][info][gc,phases   ] GC(1004)   Post Evacuate Collection Set: 24.31ms
[427.241s][info][gc,phases   ] GC(1004)   Other: 0.21ms
[427.241s][info][gc,heap     ] GC(1004) Eden regions: 311->0(0)
[427.241s][info][gc,heap     ] GC(1004) Survivor regions: 4->40(40)
[427.241s][info][gc,heap     ] GC(1004) Old regions: 602->912
[427.241s][info][gc,heap     ] GC(1004) Humongous regions: 7->7
[427.241s][info][gc,metaspace] GC(1004) Metaspace: 18946K(19136K)->18946K(19136K) NonClass: 16286K(16384K)->16286K(16384K) Class: 2660K(2752K)->2660K(2752K)
[427.241s][info][gc          ] GC(1004) Pause Young (Concurrent Start) (G1 Evacuation Pause) (Evacuation Failure: Allocation) 923M->959M(978M) 148.473ms
[427.241s][info][gc,cpu      ] GC(1004) User=0.30s Sys=0.00s Real=0.15s
[427.241s][info][gc,ergo     ] Attempting full compaction
[427.241s][info][gc,start    ] GC(1006) Pause Full (G1 Compaction Pause)
[427.241s][info][gc          ] GC(1005) Concurrent Mark Cycle
[427.241s][info][gc,marking  ] GC(1005) Concurrent Scan Root Regions
[427.241s][info][gc,task     ] GC(1006) Using 2 workers of 2 for full compaction
[427.242s][info][gc,marking  ] GC(1005) Concurrent Scan Root Regions 0.862ms
[427.242s][info][gc,marking  ] GC(1005) Concurrent Mark
[427.242s][info][gc,marking  ] GC(1005) Concurrent Mark From Roots
[427.242s][info][gc,task     ] GC(1005) Using 1 workers of 1 for marking
[427.244s][info][gc,phases,start] GC(1006) Phase 1: Mark live objects
[427.334s][info][gc,phases      ] GC(1006) Phase 1: Mark live objects 90.660ms
[427.334s][info][gc,phases,start] GC(1006) Phase 2: Prepare compaction
[427.355s][info][gc,phases      ] GC(1006) Phase 2: Prepare compaction 20.503ms
[427.355s][info][gc,phases,start] GC(1006) Phase 3: Adjust pointers
[427.402s][info][gc,phases      ] GC(1006) Phase 3: Adjust pointers 47.480ms
[427.402s][info][gc,phases,start] GC(1006) Phase 4: Compact heap
[427.427s][info][gc,phases      ] GC(1006) Phase 4: Compact heap 24.752ms
[427.427s][info][gc,phases,start] GC(1006) Phase 5: Reset Metadata
[427.438s][info][gc,phases      ] GC(1006) Phase 5: Reset Metadata 10.832ms
[427.446s][info][gc,heap        ] GC(1006) Eden regions: 0->0(244)
[427.446s][info][gc,heap        ] GC(1006) Survivor regions: 40->0(40)
[427.446s][info][gc,heap        ] GC(1006) Old regions: 912->123
[427.446s][info][gc,heap        ] GC(1006) Humongous regions: 7->0
[427.446s][info][gc,metaspace   ] GC(1006) Metaspace: 18946K(19136K)->18946K(19136K) NonClass: 16286K(16384K)->16286K(16384K) Class: 2660K(2752K)->2660K(2752K)
[427.446s][info][gc             ] GC(1006) Pause Full (G1 Compaction Pause) 959M->122M(410M) 204.819ms
[427.446s][info][gc,cpu         ] GC(1006) User=0.39s Sys=0.00s Real=0.20s
[427.446s][info][gc,marking     ] GC(1005) Concurrent Mark From Roots 204.077ms
[427.446s][info][gc,marking     ] GC(1005) Concurrent Mark Abort
[427.446s][info][gc             ] GC(1005) Concurrent Mark Cycle 205.098ms
[427.696s][info][gc,start       ] GC(1007) Pause Young (Concurrent Start) (G1 Humongous Allocation)
[427.696s][info][gc,task        ] GC(1007) Using 2 workers of 2 for evacuation
[427.750s][info][gc,phases      ] GC(1007)   Pre Evacuate Collection Set: 0.23ms
[427.750s][info][gc,phases      ] GC(1007)   Merge Heap Roots: 0.20ms
[427.750s][info][gc,phases      ] GC(1007)   Evacuate Collection Set: 52.29ms
[427.750s][info][gc,phases      ] GC(1007)   Post Evacuate Collection Set: 0.49ms
[427.750s][info][gc,phases      ] GC(1007)   Other: 0.17ms
[427.750s][info][gc,heap        ] GC(1007) Eden regions: 127->0(163)
[427.750s][info][gc,heap        ] GC(1007) Survivor regions: 0->31(31)
[427.750s][info][gc,heap        ] GC(1007) Old regions: 123->141
[427.750s][info][gc,heap        ] GC(1007) Humongous regions: 0->0
[427.750s][info][gc,metaspace   ] GC(1007) Metaspace: 18947K(19136K)->18947K(19136K) NonClass: 16287K(16384K)->16287K(16384K) Class: 2660K(2752K)->2660K(2752K)
[427.750s][info][gc             ] GC(1007) Pause Young (Concurrent Start) (G1 Humongous Allocation) 248M->170M(410M) 53.675ms
[427.750s][info][gc,cpu         ] GC(1007) User=0.11s Sys=0.00s Real=0.06s
[427.750s][info][gc             ] GC(1008) Concurrent Mark Cycle
[427.754s][info][gc,marking     ] GC(1008) Concurrent Scan Root Regions
[427.809s][info][gc,marking     ] GC(1008) Concurrent Scan Root Regions 55.527ms
[427.810s][info][gc,marking     ] GC(1008) Concurrent Mark
[427.810s][info][gc,marking     ] GC(1008) Concurrent Mark From Roots
[427.810s][info][gc,task        ] GC(1008) Using 1 workers of 1 for marking
[428.157s][info][gc,start       ] GC(1009) Pause Young (Normal) (G1 Evacuation Pause)
[428.158s][info][gc,task        ] GC(1009) Using 2 workers of 2 for evacuation
[428.266s][info][gc,phases      ] GC(1009)   Pre Evacuate Collection Set: 0.26ms
[428.266s][info][gc,phases      ] GC(1009)   Merge Heap Roots: 1.06ms
[428.266s][info][gc,phases      ] GC(1009)   Evacuate Collection Set: 106.02ms
[428.266s][info][gc,phases      ] GC(1009)   Post Evacuate Collection Set: 0.76ms
[428.266s][info][gc,phases      ] GC(1009)   Other: 0.08ms
[428.266s][info][gc,heap        ] GC(1009) Eden regions: 163->0(154)
[428.266s][info][gc,heap        ] GC(1009) Survivor regions: 31->17(25)
[428.266s][info][gc,heap        ] GC(1009) Old regions: 141->172
[428.266s][info][gc,heap        ] GC(1009) Humongous regions: 1->1
[428.266s][info][gc,metaspace   ] GC(1009) Metaspace: 18949K(19136K)->18949K(19136K) NonClass: 16288K(16384K)->16288K(16384K) Class: 2660K(2752K)->2660K(2752K)
[428.266s][info][gc             ] GC(1009) Pause Young (Normal) (G1 Evacuation Pause) 334M->188M(410M) 108.448ms
[428.266s][info][gc,cpu         ] GC(1009) User=0.21s Sys=0.00s Real=0.10s
[428.299s][info][gc,marking     ] GC(1008) Concurrent Mark From Roots 489.289ms
[428.299s][info][gc,marking     ] GC(1008) Concurrent Preclean
[428.299s][info][gc,marking     ] GC(1008) Concurrent Preclean 0.032ms
[428.299s][info][gc,start       ] GC(1008) Pause Remark
[428.307s][info][gc             ] GC(1008) Pause Remark 201M->201M(410M) 7.737ms
[428.307s][info][gc,cpu         ] GC(1008) User=0.02s Sys=0.00s Real=0.01s
[428.307s][info][gc,marking     ] GC(1008) Concurrent Mark 497.484ms
[428.307s][info][gc,marking     ] GC(1008) Concurrent Rebuild Remembered Sets and Scrub Regions
[428.557s][info][gc,marking     ] GC(1008) Concurrent Rebuild Remembered Sets and Scrub Regions 249.909ms
[428.557s][info][gc,start       ] GC(1008) Pause Cleanup
[428.557s][info][gc             ] GC(1008) Pause Cleanup 299M->299M(410M) 0.058ms
[428.557s][info][gc,cpu         ] GC(1008) User=0.00s Sys=0.00s Real=0.00s
[428.558s][info][gc,marking     ] GC(1008) Concurrent Clear Claimed Marks
[428.558s][info][gc,marking     ] GC(1008) Concurrent Clear Claimed Marks 0.059ms
[428.558s][info][gc,marking     ] GC(1008) Concurrent Cleanup for Next Mark
[428.559s][info][gc,marking     ] GC(1008) Concurrent Cleanup for Next Mark 1.208ms
[428.559s][info][gc             ] GC(1008) Concurrent Mark Cycle 809.592ms
[428.627s][info][gc,start       ] GC(1010) Pause Young (Prepare Mixed) (G1 Evacuation Pause)
[428.628s][info][gc,task        ] GC(1010) Using 2 workers of 2 for evacuation
[428.708s][info][gc,phases      ] GC(1010)   Pre Evacuate Collection Set: 0.21ms
[428.708s][info][gc,phases      ] GC(1010)   Merge Heap Roots: 0.84ms
[428.708s][info][gc,phases      ] GC(1010)   Evacuate Collection Set: 78.45ms
[428.708s][info][gc,phases      ] GC(1010)   Post Evacuate Collection Set: 0.44ms
[428.708s][info][gc,phases      ] GC(1010)   Other: 0.07ms
[428.708s][info][gc,heap        ] GC(1010) Eden regions: 154->0(128)
[428.708s][info][gc,heap        ] GC(1010) Survivor regions: 17->22(22)
[428.708s][info][gc,heap        ] GC(1010) Old regions: 172->194
[428.708s][info][gc,heap        ] GC(1010) Humongous regions: 4->4
[428.708s][info][gc,metaspace   ] GC(1010) Metaspace: 18949K(19136K)->18949K(19136K) NonClass: 16288K(16384K)->16288K(16384K) Class: 2660K(2752K)->2660K(2752K)
[428.708s][info][gc             ] GC(1010) Pause Young (Prepare Mixed) (G1 Evacuation Pause) 345M->218M(410M) 80.277ms
[428.708s][info][gc,cpu         ] GC(1010) User=0.16s Sys=0.00s Real=0.08s
[428.839s][info][gc,start       ] GC(1011) Pause Young (Mixed) (G1 Evacuation Pause)
[428.839s][info][gc,task        ] GC(1011) Using 2 workers of 2 for evacuation
[428.875s][info][gc,phases      ] GC(1011)   Pre Evacuate Collection Set: 0.23ms
[428.875s][info][gc,phases      ] GC(1011)   Merge Heap Roots: 0.16ms
[428.875s][info][gc,phases      ] GC(1011)   Evacuate Collection Set: 34.86ms
[428.875s][info][gc,phases      ] GC(1011)   Post Evacuate Collection Set: 0.38ms
[428.875s][info][gc,phases      ] GC(1011)   Other: 0.11ms
[428.875s][info][gc,heap        ] GC(1011) Eden regions: 128->0(131)
[428.875s][info][gc,heap        ] GC(1011) Survivor regions: 22->6(19)
[428.875s][info][gc,heap        ] GC(1011) Old regions: 194->216
[428.875s][info][gc,heap        ] GC(1011) Humongous regions: 4->4
[428.875s][info][gc,metaspace   ] GC(1011) Metaspace: 18949K(19136K)->18949K(19136K) NonClass: 16288K(16384K)->16288K(16384K) Class: 2660K(2752K)->2660K(2752K)
[428.875s][info][gc             ] GC(1011) Pause Young (Mixed) (G1 Evacuation Pause) 346M->225M(410M) 35.942ms
[428.875s][info][gc,cpu         ] GC(1011) User=0.07s Sys=0.00s Real=0.03s
[428.988s][info][gc,start       ] GC(1012) Pause Young (Concurrent Start) (G1 Evacuation Pause)
[428.988s][info][gc,task        ] GC(1012) Using 2 workers of 2 for evacuation
[429.004s][info][gc,phases      ] GC(1012)   Pre Evacuate Collection Set: 0.25ms
[429.004s][info][gc,phases      ] GC(1012)   Merge Heap Roots: 0.15ms
[429.004s][info][gc,phases      ] GC(1012)   Evacuate Collection Set: 14.05ms
[429.004s][info][gc,phases      ] GC(1012)   Post Evacuate Collection Set: 1.69ms
[429.004s][info][gc,phases      ] GC(1012)   Other: 0.25ms
[429.004s][info][gc,heap        ] GC(1012) Eden regions: 131->0(293)
[429.004s][info][gc,heap        ] GC(1012) Survivor regions: 6->12(18)
[429.004s][info][gc,heap        ] GC(1012) Old regions: 216->216
[429.004s][info][gc,heap        ] GC(1012) Humongous regions: 4->4
[429.004s][info][gc,metaspace   ] GC(1012) Metaspace: 18949K(19136K)->18949K(19136K) NonClass: 16288K(16384K)->16288K(16384K) Class: 2660K(2752K)->2660K(2752K)
[429.004s][info][gc             ] GC(1012) Pause Young (Concurrent Start) (G1 Evacuation Pause) 356M->230M(619M) 16.599ms
[429.004s][info][gc             ] GC(1013) Concurrent Mark Cycle
[429.004s][info][gc,marking     ] GC(1013) Concurrent Scan Root Regions
[429.005s][info][gc,cpu         ] GC(1012) User=0.04s Sys=0.00s Real=0.01s
[429.029s][info][gc,marking     ] GC(1013) Concurrent Scan Root Regions 24.850ms
[429.029s][info][gc,marking     ] GC(1013) Concurrent Mark
[429.029s][info][gc,marking     ] GC(1013) Concurrent Mark From Roots
[429.029s][info][gc,task        ] GC(1013) Using 1 workers of 1 for marking
[429.549s][info][gc,marking     ] GC(1013) Concurrent Mark From Roots 520.251ms
[429.550s][info][gc,marking     ] GC(1013) Concurrent Preclean
[429.550s][info][gc,marking     ] GC(1013) Concurrent Preclean 0.034ms
[429.550s][info][gc,start       ] GC(1013) Pause Remark
[429.557s][info][gc             ] GC(1013) Pause Remark 510M->503M(619M) 7.660ms
[429.557s][info][gc,cpu         ] GC(1013) User=0.01s Sys=0.00s Real=0.01s
[429.558s][info][gc,marking     ] GC(1013) Concurrent Mark 528.304ms
[429.558s][info][gc,marking     ] GC(1013) Concurrent Rebuild Remembered Sets and Scrub Regions
[429.570s][info][gc,start       ] GC(1014) Pause Young (Normal) (G1 Evacuation Pause)
[429.570s][info][gc,task        ] GC(1014) Using 2 workers of 2 for evacuation
[429.639s][info][gc,phases      ] GC(1014)   Pre Evacuate Collection Set: 0.23ms
[429.639s][info][gc,phases      ] GC(1014)   Merge Heap Roots: 0.19ms
[429.639s][info][gc,phases      ] GC(1014)   Evacuate Collection Set: 67.87ms
[429.639s][info][gc,phases      ] GC(1014)   Post Evacuate Collection Set: 0.59ms
[429.639s][info][gc,phases      ] GC(1014)   Other: 0.15ms
[429.639s][info][gc,heap        ] GC(1014) Eden regions: 293->0(245)
[429.639s][info][gc,heap        ] GC(1014) Survivor regions: 12->39(39)
[429.639s][info][gc,heap        ] GC(1014) Old regions: 210->239
[429.639s][info][gc,heap        ] GC(1014) Humongous regions: 3->3
[429.639s][info][gc,metaspace   ] GC(1014) Metaspace: 18952K(19136K)->18952K(19136K) NonClass: 16292K(16384K)->16292K(16384K) Class: 2660K(2752K)->2660K(2752K)
[429.639s][info][gc             ] GC(1014) Pause Young (Normal) (G1 Evacuation Pause) 516M->280M(619M) 69.302ms
[429.639s][info][gc,cpu         ] GC(1014) User=0.13s Sys=0.01s Real=0.07s
[429.798s][info][gc,marking     ] GC(1013) Concurrent Rebuild Remembered Sets and Scrub Regions 240.880ms
[429.799s][info][gc,start       ] GC(1013) Pause Cleanup
[429.799s][info][gc             ] GC(1013) Pause Cleanup 382M->382M(619M) 0.093ms
[429.799s][info][gc,cpu         ] GC(1013) User=0.00s Sys=0.00s Real=0.00s
[429.799s][info][gc,marking     ] GC(1013) Concurrent Clear Claimed Marks
[429.799s][info][gc,marking     ] GC(1013) Concurrent Clear Claimed Marks 0.037ms
[429.799s][info][gc,marking     ] GC(1013) Concurrent Cleanup for Next Mark
[429.807s][info][gc,marking     ] GC(1013) Concurrent Cleanup for Next Mark 8.112ms
[429.807s][info][gc             ] GC(1013) Concurrent Mark Cycle 802.705ms
[429.915s][info][gc,start       ] GC(1015) Pause Young (Prepare Mixed) (G1 Evacuation Pause)
[429.915s][info][gc,task        ] GC(1015) Using 2 workers of 2 for evacuation
[429.977s][info][gc,phases      ] GC(1015)   Pre Evacuate Collection Set: 0.43ms
[429.977s][info][gc,phases      ] GC(1015)   Merge Heap Roots: 0.37ms
[429.978s][info][gc,phases      ] GC(1015)   Evacuate Collection Set: 60.99ms
[429.978s][info][gc,phases      ] GC(1015)   Post Evacuate Collection Set: 0.65ms
[429.978s][info][gc,phases      ] GC(1015)   Other: 0.10ms
[429.978s][info][gc,heap        ] GC(1015) Eden regions: 245->0(239)
[429.978s][info][gc,heap        ] GC(1015) Survivor regions: 39->15(36)
[429.978s][info][gc,heap        ] GC(1015) Old regions: 239->279
[429.978s][info][gc,heap        ] GC(1015) Humongous regions: 4->4
[429.978s][info][gc,metaspace   ] GC(1015) Metaspace: 18952K(19136K)->18952K(19136K) NonClass: 16292K(16384K)->16292K(16384K) Class: 2660K(2752K)->2660K(2752K)
[429.978s][info][gc             ] GC(1015) Pause Young (Prepare Mixed) (G1 Evacuation Pause) 526M->297M(619M) 62.841ms
[429.978s][info][gc,cpu         ] GC(1015) User=0.12s Sys=0.00s Real=0.07s
[430.144s][info][gc,start       ] GC(1016) Pause Young (Mixed) (G1 Evacuation Pause)
[430.144s][info][gc,task        ] GC(1016) Using 2 workers of 2 for evacuation
[430.177s][info][gc,phases      ] GC(1016)   Pre Evacuate Collection Set: 0.29ms
[430.177s][info][gc,phases      ] GC(1016)   Merge Heap Roots: 0.35ms
[430.177s][info][gc,phases      ] GC(1016)   Evacuate Collection Set: 32.45ms
[430.177s][info][gc,phases      ] GC(1016)   Post Evacuate Collection Set: 0.53ms
[430.177s][info][gc,phases      ] GC(1016)   Other: 0.10ms
[430.177s][info][gc,heap        ] GC(1016) Eden regions: 239->0(246)
[430.177s][info][gc,heap        ] GC(1016) Survivor regions: 15->22(32)
[430.177s][info][gc,heap        ] GC(1016) Old regions: 279->276
[430.178s][info][gc,heap        ] GC(1016) Humongous regions: 4->4
[430.178s][info][gc,metaspace   ] GC(1016) Metaspace: 18952K(19136K)->18952K(19136K) NonClass: 16292K(16384K)->16292K(16384K) Class: 2660K(2752K)->2660K(2752K)
[430.178s][info][gc             ] GC(1016) Pause Young (Mixed) (G1 Evacuation Pause) 536M->301M(619M) 33.955ms
[430.178s][info][gc,cpu         ] GC(1016) User=0.06s Sys=0.00s Real=0.04s
[430.670s][info][gc,start       ] GC(1017) Pause Young (Concurrent Start) (G1 Evacuation Pause)
[430.670s][info][gc,task        ] GC(1017) Using 2 workers of 2 for evacuation
[430.749s][info][gc,phases      ] GC(1017)   Pre Evacuate Collection Set: 0.27ms
[430.749s][info][gc,phases      ] GC(1017)   Merge Heap Roots: 0.38ms
[430.749s][info][gc,phases      ] GC(1017)   Evacuate Collection Set: 77.45ms
[430.749s][info][gc,phases      ] GC(1017)   Post Evacuate Collection Set: 0.58ms
[430.749s][info][gc,phases      ] GC(1017)   Other: 0.16ms
[430.749s][info][gc,heap        ] GC(1017) Eden regions: 246->0(186)
[430.749s][info][gc,heap        ] GC(1017) Survivor regions: 22->34(34)
[430.749s][info][gc,heap        ] GC(1017) Old regions: 276->307
[430.749s][info][gc,heap        ] GC(1017) Humongous regions: 4->4
[430.749s][info][gc,metaspace   ] GC(1017) Metaspace: 18955K(19136K)->18955K(19136K) NonClass: 16295K(16384K)->16295K(16384K) Class: 2660K(2752K)->2660K(2752K)
[430.749s][info][gc             ] GC(1017) Pause Young (Concurrent Start) (G1 Evacuation Pause) 547M->344M(619M) 79.062ms
[430.749s][info][gc,cpu         ] GC(1017) User=0.16s Sys=0.00s Real=0.08s
[430.749s][info][gc             ] GC(1018) Concurrent Mark Cycle
[430.751s][info][gc,marking     ] GC(1018) Concurrent Scan Root Regions
[430.839s][info][gc,marking     ] GC(1018) Concurrent Scan Root Regions 88.315ms
[430.839s][info][gc,marking     ] GC(1018) Concurrent Mark
[430.839s][info][gc,marking     ] GC(1018) Concurrent Mark From Roots
[430.839s][info][gc,task        ] GC(1018) Using 1 workers of 1 for marking
[431.169s][info][gc,start       ] GC(1019) Pause Young (Normal) (G1 Evacuation Pause)
[431.169s][info][gc,task        ] GC(1019) Using 2 workers of 2 for evacuation
[431.247s][info][gc,phases      ] GC(1019)   Pre Evacuate Collection Set: 0.26ms
[431.247s][info][gc,phases      ] GC(1019)   Merge Heap Roots: 0.30ms
[431.247s][info][gc,phases      ] GC(1019)   Evacuate Collection Set: 76.52ms
[431.247s][info][gc,phases      ] GC(1019)   Post Evacuate Collection Set: 0.48ms
[431.247s][info][gc,phases      ] GC(1019)   Other: 0.10ms
[431.247s][info][gc,heap        ] GC(1019) Eden regions: 186->0(157)
[431.247s][info][gc,heap        ] GC(1019) Survivor regions: 34->28(28)
[431.247s][info][gc,heap        ] GC(1019) Old regions: 307->349
[431.247s][info][gc,heap        ] GC(1019) Humongous regions: 5->5
[431.247s][info][gc,metaspace   ] GC(1019) Metaspace: 18955K(19136K)->18955K(19136K) NonClass: 16295K(16384K)->16295K(16384K) Class: 2660K(2752K)->2660K(2752K)
[431.247s][info][gc             ] GC(1019) Pause Young (Normal) (G1 Evacuation Pause) 531M->381M(619M) 77.934ms
[431.247s][info][gc,cpu         ] GC(1019) User=0.15s Sys=0.00s Real=0.08s
[431.463s][info][gc,marking     ] GC(1018) Concurrent Mark From Roots 623.877ms
[431.463s][info][gc,marking     ] GC(1018) Concurrent Preclean
[431.463s][info][gc,marking     ] GC(1018) Concurrent Preclean 0.036ms
[431.463s][info][gc,start       ] GC(1018) Pause Remark
[431.471s][info][gc             ] GC(1018) Pause Remark 515M->491M(619M) 7.835ms
[431.471s][info][gc,cpu         ] GC(1018) User=0.01s Sys=0.00s Real=0.01s
[431.471s][info][gc,marking     ] GC(1018) Concurrent Mark 632.062ms
[431.471s][info][gc,marking     ] GC(1018) Concurrent Rebuild Remembered Sets and Scrub Regions
[431.542s][info][gc,start       ] GC(1020) Pause Young (Normal) (G1 Evacuation Pause)
[431.542s][info][gc,task        ] GC(1020) Using 2 workers of 2 for evacuation
[431.573s][info][gc,phases      ] GC(1020)   Pre Evacuate Collection Set: 0.24ms
[431.573s][info][gc,phases      ] GC(1020)   Merge Heap Roots: 0.23ms
[431.573s][info][gc,phases      ] GC(1020)   Evacuate Collection Set: 30.64ms
[431.573s][info][gc,phases      ] GC(1020)   Post Evacuate Collection Set: 0.38ms
[431.573s][info][gc,phases      ] GC(1020)   Other: 0.10ms
[431.573s][info][gc,heap        ] GC(1020) Eden regions: 157->0(180)
[431.573s][info][gc,heap        ] GC(1020) Survivor regions: 28->2(24)
[431.573s][info][gc,heap        ] GC(1020) Old regions: 326->355
[431.573s][info][gc,heap        ] GC(1020) Humongous regions: 4->4
[431.573s][info][gc,metaspace   ] GC(1020) Metaspace: 18956K(19136K)->18956K(19136K) NonClass: 16296K(16384K)->16296K(16384K) Class: 2660K(2752K)->2660K(2752K)
[431.573s][info][gc             ] GC(1020) Pause Young (Normal) (G1 Evacuation Pause) 514M->359M(619M) 31.848ms
[431.573s][info][gc,cpu         ] GC(1020) User=0.07s Sys=0.00s Real=0.03s
[431.678s][info][gc,marking     ] GC(1018) Concurrent Rebuild Remembered Sets and Scrub Regions 206.373ms
[431.678s][info][gc,start       ] GC(1018) Pause Cleanup
[431.678s][info][gc             ] GC(1018) Pause Cleanup 440M->440M(619M) 0.091ms
[431.678s][info][gc,cpu         ] GC(1018) User=0.00s Sys=0.00s Real=0.00s
[431.678s][info][gc,marking     ] GC(1018) Concurrent Clear Claimed Marks
[431.678s][info][gc,marking     ] GC(1018) Concurrent Clear Claimed Marks 0.043ms
[431.678s][info][gc,marking     ] GC(1018) Concurrent Cleanup for Next Mark
[431.682s][info][gc,marking     ] GC(1018) Concurrent Cleanup for Next Mark 3.630ms
[431.682s][info][gc             ] GC(1018) Concurrent Mark Cycle 932.901ms
[431.907s][info][gc,start       ] GC(1021) Pause Young (Prepare Mixed) (G1 Evacuation Pause)
[431.907s][info][gc,task        ] GC(1021) Using 2 workers of 2 for evacuation
[431.912s][info][gc,phases      ] GC(1021)   Pre Evacuate Collection Set: 0.27ms
[431.912s][info][gc,phases      ] GC(1021)   Merge Heap Roots: 0.16ms
[431.912s][info][gc,phases      ] GC(1021)   Evacuate Collection Set: 4.34ms
[431.912s][info][gc,phases      ] GC(1021)   Post Evacuate Collection Set: 0.42ms
[431.912s][info][gc,phases      ] GC(1021)   Other: 0.10ms
[431.912s][info][gc,heap        ] GC(1021) Eden regions: 180->0(193)
[431.912s][info][gc,heap        ] GC(1021) Survivor regions: 2->3(23)
[431.912s][info][gc,heap        ] GC(1021) Old regions: 355->355
[431.912s][info][gc,heap        ] GC(1021) Humongous regions: 4->4
[431.912s][info][gc,metaspace   ] GC(1021) Metaspace: 18956K(19136K)->18956K(19136K) NonClass: 16296K(16384K)->16296K(16384K) Class: 2660K(2752K)->2660K(2752K)
[431.912s][info][gc             ] GC(1021) Pause Young (Prepare Mixed) (G1 Evacuation Pause) 539M->360M(619M) 5.527ms
[431.912s][info][gc,cpu         ] GC(1021) User=0.01s Sys=0.00s Real=0.01s
[432.194s][info][gc,start       ] GC(1022) Pause Young (Mixed) (G1 Evacuation Pause)
[432.195s][info][gc,task        ] GC(1022) Using 2 workers of 2 for evacuation
[432.259s][info][gc,phases      ] GC(1022)   Pre Evacuate Collection Set: 0.27ms
[432.259s][info][gc,phases      ] GC(1022)   Merge Heap Roots: 0.35ms
[432.259s][info][gc,phases      ] GC(1022)   Evacuate Collection Set: 62.81ms
[432.259s][info][gc,phases      ] GC(1022)   Post Evacuate Collection Set: 0.57ms
[432.259s][info][gc,phases      ] GC(1022)   Other: 0.07ms
[432.259s][info][gc,heap        ] GC(1022) Eden regions: 193->0(148)
[432.259s][info][gc,heap        ] GC(1022) Survivor regions: 3->25(25)
[432.259s][info][gc,heap        ] GC(1022) Old regions: 355->358
[432.259s][info][gc,heap        ] GC(1022) Humongous regions: 4->4
[432.259s][info][gc,metaspace   ] GC(1022) Metaspace: 18957K(19136K)->18957K(19136K) NonClass: 16297K(16384K)->16297K(16384K) Class: 2660K(2752K)->2660K(2752K)
[432.259s][info][gc             ] GC(1022) Pause Young (Mixed) (G1 Evacuation Pause) 553M->386M(619M) 64.257ms
[432.259s][info][gc,cpu         ] GC(1022) User=0.12s Sys=0.00s Real=0.07s
[432.376s][info][gc,start       ] GC(1023) Pause Young (Concurrent Start) (G1 Humongous Allocation)
[432.376s][info][gc,task        ] GC(1023) Using 2 workers of 2 for evacuation
[432.431s][info][gc,phases      ] GC(1023)   Pre Evacuate Collection Set: 0.28ms
[432.431s][info][gc,phases      ] GC(1023)   Merge Heap Roots: 0.30ms
[432.431s][info][gc,phases      ] GC(1023)   Evacuate Collection Set: 52.53ms
[432.431s][info][gc,phases      ] GC(1023)   Post Evacuate Collection Set: 1.03ms
[432.431s][info][gc,phases      ] GC(1023)   Other: 0.09ms
[432.431s][info][gc,heap        ] GC(1023) Eden regions: 64->0(180)
[432.431s][info][gc,heap        ] GC(1023) Survivor regions: 25->21(22)
[432.431s][info][gc,heap        ] GC(1023) Old regions: 358->384
[432.431s][info][gc,heap        ] GC(1023) Humongous regions: 4->4
[432.431s][info][gc,metaspace   ] GC(1023) Metaspace: 18957K(19136K)->18957K(19136K) NonClass: 16297K(16384K)->16297K(16384K) Class: 2660K(2752K)->2660K(2752K)
[432.431s][info][gc             ] GC(1023) Pause Young (Concurrent Start) (G1 Humongous Allocation) 450M->408M(700M) 54.467ms
[432.431s][info][gc             ] GC(1024) Concurrent Mark Cycle
[432.431s][info][gc,marking     ] GC(1024) Concurrent Scan Root Regions
[432.431s][info][gc,cpu         ] GC(1023) User=0.10s Sys=0.00s Real=0.06s
[432.499s][info][gc,marking     ] GC(1024) Concurrent Scan Root Regions 68.244ms
[432.499s][info][gc,marking     ] GC(1024) Concurrent Mark
[432.499s][info][gc,marking     ] GC(1024) Concurrent Mark From Roots
[432.499s][info][gc,task        ] GC(1024) Using 1 workers of 1 for marking
[432.791s][info][gc,start       ] GC(1025) Pause Young (Normal) (G1 Evacuation Pause)
[432.791s][info][gc,task        ] GC(1025) Using 2 workers of 2 for evacuation
[432.842s][info][gc,phases      ] GC(1025)   Pre Evacuate Collection Set: 0.26ms
[432.842s][info][gc,phases      ] GC(1025)   Merge Heap Roots: 0.28ms
[432.842s][info][gc,phases      ] GC(1025)   Evacuate Collection Set: 49.38ms
[432.842s][info][gc,phases      ] GC(1025)   Post Evacuate Collection Set: 0.42ms
[432.842s][info][gc,phases      ] GC(1025)   Other: 0.07ms
[432.842s][info][gc,heap        ] GC(1025) Eden regions: 180->0(164)
[432.842s][info][gc,heap        ] GC(1025) Survivor regions: 21->26(26)
[432.842s][info][gc,heap        ] GC(1025) Old regions: 384->405
[432.842s][info][gc,heap        ] GC(1025) Humongous regions: 5->5
[432.842s][info][gc,metaspace   ] GC(1025) Metaspace: 18957K(19136K)->18957K(19136K) NonClass: 16297K(16384K)->16297K(16384K) Class: 2660K(2752K)->2660K(2752K)
[432.842s][info][gc             ] GC(1025) Pause Young (Normal) (G1 Evacuation Pause) 589M->434M(700M) 50.675ms
[432.842s][info][gc,cpu         ] GC(1025) User=0.10s Sys=0.00s Real=0.05s
[432.998s][info][gc,start       ] GC(1026) Pause Young (Normal) (G1 Evacuation Pause)
[432.998s][info][gc,task        ] GC(1026) Using 2 workers of 2 for evacuation
[433.088s][info][gc,phases      ] GC(1026)   Pre Evacuate Collection Set: 0.42ms
[433.088s][info][gc,phases      ] GC(1026)   Merge Heap Roots: 0.22ms
[433.088s][info][gc,phases      ] GC(1026)   Evacuate Collection Set: 88.20ms
[433.088s][info][gc,phases      ] GC(1026)   Post Evacuate Collection Set: 0.39ms
[433.088s][info][gc,phases      ] GC(1026)   Other: 0.09ms
[433.088s][info][gc,heap        ] GC(1026) Eden regions: 164->0(107)
[433.088s][info][gc,heap        ] GC(1026) Survivor regions: 26->24(24)
[433.088s][info][gc,heap        ] GC(1026) Old regions: 405->472
[433.088s][info][gc,heap        ] GC(1026) Humongous regions: 5->5
[433.088s][info][gc,metaspace   ] GC(1026) Metaspace: 18957K(19136K)->18957K(19136K) NonClass: 16297K(16384K)->16297K(16384K) Class: 2660K(2752K)->2660K(2752K)
[433.088s][info][gc             ] GC(1026) Pause Young (Normal) (G1 Evacuation Pause) 598M->500M(700M) 89.591ms
[433.088s][info][gc,cpu         ] GC(1026) User=0.17s Sys=0.00s Real=0.09s
[433.344s][info][gc,marking     ] GC(1024) Concurrent Mark From Roots 844.915ms
[433.344s][info][gc,marking     ] GC(1024) Concurrent Preclean
[433.344s][info][gc,marking     ] GC(1024) Concurrent Preclean 0.037ms
[433.344s][info][gc,start       ] GC(1024) Pause Remark
[433.352s][info][gc             ] GC(1024) Pause Remark 593M->526M(724M) 7.933ms
[433.352s][info][gc,cpu         ] GC(1024) User=0.01s Sys=0.00s Real=0.01s
[433.356s][info][gc,marking     ] GC(1024) Concurrent Mark 856.996ms
[433.356s][info][gc,marking     ] GC(1024) Concurrent Rebuild Remembered Sets and Scrub Regions
[433.419s][info][gc,start       ] GC(1027) Pause Young (Normal) (G1 Evacuation Pause)
[433.419s][info][gc,task        ] GC(1027) Using 2 workers of 2 for evacuation
[433.444s][info][gc,phases      ] GC(1027)   Pre Evacuate Collection Set: 0.37ms
[433.444s][info][gc,phases      ] GC(1027)   Merge Heap Roots: 0.11ms
[433.444s][info][gc,phases      ] GC(1027)   Evacuate Collection Set: 23.89ms
[433.444s][info][gc,phases      ] GC(1027)   Post Evacuate Collection Set: 0.34ms
[433.444s][info][gc,phases      ] GC(1027)   Other: 0.12ms
[433.444s][info][gc,heap        ] GC(1027) Eden regions: 107->0(171)
[433.444s][info][gc,heap        ] GC(1027) Survivor regions: 24->2(17)
[433.444s][info][gc,heap        ] GC(1027) Old regions: 406->430
[433.444s][info][gc,heap        ] GC(1027) Humongous regions: 4->4
[433.444s][info][gc,metaspace   ] GC(1027) Metaspace: 18958K(19136K)->18958K(19136K) NonClass: 16298K(16384K)->16298K(16384K) Class: 2660K(2752K)->2660K(2752K)
[433.444s][info][gc             ] GC(1027) Pause Young (Normal) (G1 Evacuation Pause) 540M->435M(724M) 25.074ms
[433.444s][info][gc,cpu         ] GC(1027) User=0.05s Sys=0.01s Real=0.02s
[433.681s][info][gc,marking     ] GC(1024) Concurrent Rebuild Remembered Sets and Scrub Regions 324.695ms
[433.681s][info][gc,start       ] GC(1024) Pause Cleanup
[433.681s][info][gc             ] GC(1024) Pause Cleanup 538M->538M(724M) 0.089ms
[433.681s][info][gc,cpu         ] GC(1024) User=0.00s Sys=0.00s Real=0.00s
[433.681s][info][gc,marking     ] GC(1024) Concurrent Clear Claimed Marks
[433.681s][info][gc,marking     ] GC(1024) Concurrent Clear Claimed Marks 0.038ms
[433.681s][info][gc,marking     ] GC(1024) Concurrent Cleanup for Next Mark
[433.684s][info][gc,marking     ] GC(1024) Concurrent Cleanup for Next Mark 3.114ms
[433.684s][info][gc             ] GC(1024) Concurrent Mark Cycle 1253.564ms
[433.755s][info][gc,start       ] GC(1028) Pause Young (Prepare Mixed) (G1 Evacuation Pause)
[433.755s][info][gc,task        ] GC(1028) Using 2 workers of 2 for evacuation
[433.777s][info][gc,phases      ] GC(1028)   Pre Evacuate Collection Set: 0.42ms
[433.777s][info][gc,phases      ] GC(1028)   Merge Heap Roots: 0.09ms
[433.777s][info][gc,phases      ] GC(1028)   Evacuate Collection Set: 21.00ms
[433.777s][info][gc,phases      ] GC(1028)   Post Evacuate Collection Set: 0.40ms
[433.777s][info][gc,phases      ] GC(1028)   Other: 0.07ms
[433.777s][info][gc,heap        ] GC(1028) Eden regions: 171->0(166)
[433.777s][info][gc,heap        ] GC(1028) Survivor regions: 2->21(22)
[433.777s][info][gc,heap        ] GC(1028) Old regions: 430->430
[433.777s][info][gc,heap        ] GC(1028) Humongous regions: 4->4
[433.777s][info][gc,metaspace   ] GC(1028) Metaspace: 18963K(19136K)->18963K(19136K) NonClass: 16303K(16384K)->16303K(16384K) Class: 2660K(2752K)->2660K(2752K)
[433.777s][info][gc             ] GC(1028) Pause Young (Prepare Mixed) (G1 Evacuation Pause) 606M->454M(724M) 22.197ms
[433.777s][info][gc,cpu         ] GC(1028) User=0.05s Sys=0.00s Real=0.02s
[433.882s][info][gc,start       ] GC(1029) Pause Young (Mixed) (G1 Evacuation Pause)
[433.882s][info][gc,task        ] GC(1029) Using 2 workers of 2 for evacuation
[433.971s][info][gc,phases      ] GC(1029)   Pre Evacuate Collection Set: 0.41ms
[433.971s][info][gc,phases      ] GC(1029)   Merge Heap Roots: 0.13ms
[433.971s][info][gc,phases      ] GC(1029)   Evacuate Collection Set: 88.05ms
[433.971s][info][gc,phases      ] GC(1029)   Post Evacuate Collection Set: 0.61ms
[433.971s][info][gc,phases      ] GC(1029)   Other: 0.07ms
[433.971s][info][gc,heap        ] GC(1029) Eden regions: 166->0(115)
[433.971s][info][gc,heap        ] GC(1029) Survivor regions: 21->24(24)
[433.971s][info][gc,heap        ] GC(1029) Old regions: 430->490
[433.971s][info][gc,heap        ] GC(1029) Humongous regions: 4->4
[433.971s][info][gc,metaspace   ] GC(1029) Metaspace: 18964K(19136K)->18964K(19136K) NonClass: 16303K(16384K)->16303K(16384K) Class: 2660K(2752K)->2660K(2752K)
[433.971s][info][gc             ] GC(1029) Pause Young (Mixed) (G1 Evacuation Pause) 620M->517M(724M) 89.476ms
[433.971s][info][gc,cpu         ] GC(1029) User=0.18s Sys=0.00s Real=0.09s
[434.019s][info][gc,start       ] GC(1030) Pause Young (Concurrent Start) (G1 Evacuation Pause)
[434.019s][info][gc,task        ] GC(1030) Using 2 workers of 2 for evacuation
[434.092s][info][gc,phases      ] GC(1030)   Pre Evacuate Collection Set: 0.26ms
[434.092s][info][gc,phases      ] GC(1030)   Merge Heap Roots: 0.34ms
[434.092s][info][gc,phases      ] GC(1030)   Evacuate Collection Set: 71.10ms
[434.092s][info][gc,phases      ] GC(1030)   Post Evacuate Collection Set: 1.08ms
[434.092s][info][gc,phases      ] GC(1030)   Other: 0.18ms
[434.092s][info][gc,heap        ] GC(1030) Eden regions: 115->0(126)
[434.092s][info][gc,heap        ] GC(1030) Survivor regions: 24->18(18)
[434.092s][info][gc,heap        ] GC(1030) Old regions: 490->544
[434.092s][info][gc,heap        ] GC(1030) Humongous regions: 4->4
[434.092s][info][gc,metaspace   ] GC(1030) Metaspace: 18964K(19136K)->18964K(19136K) NonClass: 16303K(16384K)->16303K(16384K) Class: 2660K(2752K)->2660K(2752K)
[434.092s][info][gc             ] GC(1030) Pause Young (Concurrent Start) (G1 Evacuation Pause) 632M->565M(805M) 73.137ms
[434.093s][info][gc,cpu         ] GC(1030) User=0.15s Sys=0.01s Real=0.07s
[434.093s][info][gc             ] GC(1031) Concurrent Mark Cycle
[434.093s][info][gc,marking     ] GC(1031) Concurrent Scan Root Regions
[434.170s][info][gc,marking     ] GC(1031) Concurrent Scan Root Regions 76.888ms
[434.170s][info][gc,marking     ] GC(1031) Concurrent Mark
[434.170s][info][gc,marking     ] GC(1031) Concurrent Mark From Roots
[434.170s][info][gc,task        ] GC(1031) Using 1 workers of 1 for marking
[434.369s][info][gc,start       ] GC(1032) Pause Young (Normal) (G1 Evacuation Pause)
[434.369s][info][gc,task        ] GC(1032) Using 2 workers of 2 for evacuation
[434.438s][info][gc,phases      ] GC(1032)   Pre Evacuate Collection Set: 0.27ms
[434.438s][info][gc,phases      ] GC(1032)   Merge Heap Roots: 0.40ms
[434.438s][info][gc,phases      ] GC(1032)   Evacuate Collection Set: 68.17ms
[434.438s][info][gc,phases      ] GC(1032)   Post Evacuate Collection Set: 0.55ms
[434.438s][info][gc,phases      ] GC(1032)   Other: 0.07ms
[434.438s][info][gc,heap        ] GC(1032) Eden regions: 126->0(97)
[434.438s][info][gc,heap        ] GC(1032) Survivor regions: 18->18(18)
[434.438s][info][gc,heap        ] GC(1032) Old regions: 544->596
[434.438s][info][gc,heap        ] GC(1032) Humongous regions: 4->4
[434.438s][info][gc,metaspace   ] GC(1032) Metaspace: 18965K(19136K)->18965K(19136K) NonClass: 16305K(16384K)->16305K(16384K) Class: 2660K(2752K)->2660K(2752K)
[434.438s][info][gc             ] GC(1032) Pause Young (Normal) (G1 Evacuation Pause) 691M->617M(805M) 69.704ms
[434.438s][info][gc,cpu         ] GC(1032) User=0.14s Sys=0.00s Real=0.07s
[434.530s][info][gc,marking     ] GC(1031) Concurrent Mark From Roots 360.749ms
[434.530s][info][gc,marking     ] GC(1031) Concurrent Preclean
[434.530s][info][gc,marking     ] GC(1031) Concurrent Preclean 0.043ms
[434.531s][info][gc,start       ] GC(1031) Pause Remark
[434.538s][info][gc             ] GC(1031) Pause Remark 639M->366M(805M) 7.790ms
[434.538s][info][gc,cpu         ] GC(1031) User=0.02s Sys=0.00s Real=0.01s
[434.539s][info][gc,marking     ] GC(1031) Concurrent Mark 368.906ms
[434.539s][info][gc,marking     ] GC(1031) Concurrent Rebuild Remembered Sets and Scrub Regions
[434.626s][info][gc,start       ] GC(1033) Pause Young (Normal) (G1 Evacuation Pause)
[434.626s][info][gc,task        ] GC(1033) Using 2 workers of 2 for evacuation
[434.660s][info][gc,phases      ] GC(1033)   Pre Evacuate Collection Set: 0.23ms
[434.660s][info][gc,phases      ] GC(1033)   Merge Heap Roots: 0.49ms
[434.660s][info][gc,phases      ] GC(1033)   Evacuate Collection Set: 32.82ms
[434.660s][info][gc,phases      ] GC(1033)   Post Evacuate Collection Set: 0.31ms
[434.660s][info][gc,phases      ] GC(1033)   Other: 0.07ms
[434.660s][info][gc,heap        ] GC(1033) Eden regions: 97->0(258)
[434.660s][info][gc,heap        ] GC(1033) Survivor regions: 18->4(15)
[434.660s][info][gc,heap        ] GC(1033) Old regions: 326->344
[434.660s][info][gc,heap        ] GC(1033) Humongous regions: 1->1
[434.660s][info][gc,metaspace   ] GC(1033) Metaspace: 18965K(19136K)->18965K(19136K) NonClass: 16305K(16384K)->16305K(16384K) Class: 2660K(2752K)->2660K(2752K)
[434.660s][info][gc             ] GC(1033) Pause Young (Normal) (G1 Evacuation Pause) 441M->348M(805M) 34.168ms
[434.660s][info][gc,cpu         ] GC(1033) User=0.07s Sys=0.00s Real=0.04s
[434.706s][info][gc,marking     ] GC(1031) Concurrent Rebuild Remembered Sets and Scrub Regions 167.320ms
[434.706s][info][gc,start       ] GC(1031) Pause Cleanup
[434.706s][info][gc             ] GC(1031) Pause Cleanup 395M->395M(805M) 0.117ms
[434.706s][info][gc,cpu         ] GC(1031) User=0.00s Sys=0.00s Real=0.00s
[434.707s][info][gc,marking     ] GC(1031) Concurrent Clear Claimed Marks
[434.707s][info][gc,marking     ] GC(1031) Concurrent Clear Claimed Marks 0.035ms
[434.707s][info][gc,marking     ] GC(1031) Concurrent Cleanup for Next Mark
[434.710s][info][gc,marking     ] GC(1031) Concurrent Cleanup for Next Mark 3.125ms
[434.710s][info][gc             ] GC(1031) Concurrent Mark Cycle 617.805ms
[434.939s][info][gc,start       ] GC(1034) Pause Young (Prepare Mixed) (G1 Evacuation Pause)
[434.940s][info][gc,task        ] GC(1034) Using 2 workers of 2 for evacuation
[435.014s][info][gc,phases      ] GC(1034)   Pre Evacuate Collection Set: 0.27ms
[435.014s][info][gc,phases      ] GC(1034)   Merge Heap Roots: 0.56ms
[435.014s][info][gc,phases      ] GC(1034)   Evacuate Collection Set: 72.45ms
[435.014s][info][gc,phases      ] GC(1034)   Post Evacuate Collection Set: 0.73ms
[435.014s][info][gc,phases      ] GC(1034)   Other: 0.08ms
[435.014s][info][gc,heap        ] GC(1034) Eden regions: 258->0(239)
[435.014s][info][gc,heap        ] GC(1034) Survivor regions: 4->33(33)
[435.014s][info][gc,heap        ] GC(1034) Old regions: 344->352
[435.014s][info][gc,heap        ] GC(1034) Humongous regions: 7->7
[435.014s][info][gc,metaspace   ] GC(1034) Metaspace: 18965K(19136K)->18965K(19136K) NonClass: 16305K(16384K)->16305K(16384K) Class: 2660K(2752K)->2660K(2752K)
[435.014s][info][gc             ] GC(1034) Pause Young (Prepare Mixed) (G1 Evacuation Pause) 612M->391M(805M) 74.339ms
[435.014s][info][gc,cpu         ] GC(1034) User=0.15s Sys=0.00s Real=0.07s
[435.212s][info][gc,start       ] GC(1035) Pause Young (Mixed) (G1 Evacuation Pause)
[435.213s][info][gc,task        ] GC(1035) Using 2 workers of 2 for evacuation
[435.326s][info][gc,phases      ] GC(1035)   Pre Evacuate Collection Set: 0.29ms
[435.326s][info][gc,phases      ] GC(1035)   Merge Heap Roots: 0.64ms
[435.326s][info][gc,phases      ] GC(1035)   Evacuate Collection Set: 111.83ms
[435.326s][info][gc,phases      ] GC(1035)   Post Evacuate Collection Set: 0.66ms
[435.326s][info][gc,phases      ] GC(1035)   Other: 0.09ms
[435.326s][info][gc,heap        ] GC(1035) Eden regions: 239->0(243)
[435.326s][info][gc,heap        ] GC(1035) Survivor regions: 33->34(34)
[435.326s][info][gc,heap        ] GC(1035) Old regions: 352->347
[435.326s][info][gc,heap        ] GC(1035) Humongous regions: 7->7
[435.326s][info][gc,metaspace   ] GC(1035) Metaspace: 18965K(19136K)->18965K(19136K) NonClass: 16305K(16384K)->16305K(16384K) Class: 2660K(2752K)->2660K(2752K)
[435.326s][info][gc             ] GC(1035) Pause Young (Mixed) (G1 Evacuation Pause) 630M->387M(805M) 113.786ms
[435.326s][info][gc,cpu         ] GC(1035) User=0.23s Sys=0.00s Real=0.11s
[435.461s][info][gc,start       ] GC(1036) Pause Young (Concurrent Start) (G1 Evacuation Pause)
[435.461s][info][gc,task        ] GC(1036) Using 2 workers of 2 for evacuation
[435.508s][info][gc,phases      ] GC(1036)   Pre Evacuate Collection Set: 0.24ms
[435.508s][info][gc,phases      ] GC(1036)   Merge Heap Roots: 0.22ms
[435.508s][info][gc,phases      ] GC(1036)   Evacuate Collection Set: 45.58ms
[435.508s][info][gc,phases      ] GC(1036)   Post Evacuate Collection Set: 0.92ms
[435.508s][info][gc,phases      ] GC(1036)   Other: 0.17ms
[435.508s][info][gc,heap        ] GC(1036) Eden regions: 243->0(305)
[435.508s][info][gc,heap        ] GC(1036) Survivor regions: 34->9(35)
[435.508s][info][gc,heap        ] GC(1036) Old regions: 347->382
[435.508s][info][gc,heap        ] GC(1036) Humongous regions: 7->7
[435.508s][info][gc,metaspace   ] GC(1036) Metaspace: 18965K(19136K)->18965K(19136K) NonClass: 16305K(16384K)->16305K(16384K) Class: 2660K(2752K)->2660K(2752K)
[435.508s][info][gc             ] GC(1036) Pause Young (Concurrent Start) (G1 Evacuation Pause) 630M->397M(869M) 47.381ms
[435.508s][info][gc,cpu         ] GC(1036) User=0.09s Sys=0.00s Real=0.05s
[435.508s][info][gc             ] GC(1037) Concurrent Mark Cycle
[435.508s][info][gc,marking     ] GC(1037) Concurrent Scan Root Regions
[435.593s][info][gc,marking     ] GC(1037) Concurrent Scan Root Regions 84.846ms
[435.593s][info][gc,marking     ] GC(1037) Concurrent Mark
[435.593s][info][gc,marking     ] GC(1037) Concurrent Mark From Roots
[435.593s][info][gc,task        ] GC(1037) Using 1 workers of 1 for marking
[435.936s][info][gc,start       ] GC(1038) Pause Young (Normal) (G1 Evacuation Pause)
[435.936s][info][gc,task        ] GC(1038) Using 2 workers of 2 for evacuation
[435.971s][info][gc,phases      ] GC(1038)   Pre Evacuate Collection Set: 0.29ms
[435.971s][info][gc,phases      ] GC(1038)   Merge Heap Roots: 0.35ms
[435.971s][info][gc,phases      ] GC(1038)   Evacuate Collection Set: 34.29ms
[435.971s][info][gc,phases      ] GC(1038)   Post Evacuate Collection Set: 0.51ms
[435.972s][info][gc,phases      ] GC(1038)   Other: 0.08ms
[435.972s][info][gc,heap        ] GC(1038) Eden regions: 305->0(314)
[435.972s][info][gc,heap        ] GC(1038) Survivor regions: 9->22(40)
[435.972s][info][gc,heap        ] GC(1038) Old regions: 382->382
[435.972s][info][gc,heap        ] GC(1038) Humongous regions: 7->7
[435.972s][info][gc,metaspace   ] GC(1038) Metaspace: 18965K(19136K)->18965K(19136K) NonClass: 16305K(16384K)->16305K(16384K) Class: 2660K(2752K)->2660K(2752K)
[435.972s][info][gc             ] GC(1038) Pause Young (Normal) (G1 Evacuation Pause) 702M->410M(869M) 35.780ms
[435.972s][info][gc,cpu         ] GC(1038) User=0.07s Sys=0.00s Real=0.04s
[436.285s][info][gc,marking     ] GC(1037) Concurrent Mark From Roots 691.546ms
[436.285s][info][gc,marking     ] GC(1037) Concurrent Preclean
[436.285s][info][gc,marking     ] GC(1037) Concurrent Preclean 0.038ms
[436.285s][info][gc,start       ] GC(1037) Pause Remark
[436.293s][info][gc             ] GC(1037) Pause Remark 597M->510M(869M) 7.755ms
[436.293s][info][gc,cpu         ] GC(1037) User=0.02s Sys=0.00s Real=0.01s
[436.293s][info][gc,marking     ] GC(1037) Concurrent Mark 700.389ms
[436.293s][info][gc,marking     ] GC(1037) Concurrent Rebuild Remembered Sets and Scrub Regions
[436.562s][info][gc,marking     ] GC(1037) Concurrent Rebuild Remembered Sets and Scrub Regions 268.938ms
[436.563s][info][gc,start       ] GC(1037) Pause Cleanup
[436.563s][info][gc             ] GC(1037) Pause Cleanup 580M->580M(869M) 0.111ms
[436.563s][info][gc,cpu         ] GC(1037) User=0.00s Sys=0.00s Real=0.00s
[436.563s][info][gc,marking     ] GC(1037) Concurrent Clear Claimed Marks
[436.563s][info][gc,marking     ] GC(1037) Concurrent Clear Claimed Marks 0.038ms
[436.563s][info][gc,marking     ] GC(1037) Concurrent Cleanup for Next Mark
[436.570s][info][gc,marking     ] GC(1037) Concurrent Cleanup for Next Mark 7.347ms
[436.570s][info][gc             ] GC(1037) Concurrent Mark Cycle 1062.166ms
[436.757s][info][gc,start       ] GC(1039) Pause Young (Prepare Mixed) (G1 Evacuation Pause)
[436.757s][info][gc,task        ] GC(1039) Using 2 workers of 2 for evacuation
[436.825s][info][gc,phases      ] GC(1039)   Pre Evacuate Collection Set: 0.28ms
[436.825s][info][gc,phases      ] GC(1039)   Merge Heap Roots: 0.51ms
[436.825s][info][gc,phases      ] GC(1039)   Evacuate Collection Set: 65.81ms
[436.825s][info][gc,phases      ] GC(1039)   Post Evacuate Collection Set: 0.60ms
[436.825s][info][gc,phases      ] GC(1039)   Other: 0.09ms
[436.825s][info][gc,heap        ] GC(1039) Eden regions: 314->0(359)
[436.825s][info][gc,heap        ] GC(1039) Survivor regions: 22->42(42)
[436.825s][info][gc,heap        ] GC(1039) Old regions: 298->313
[436.825s][info][gc,heap        ] GC(1039) Humongous regions: 4->4
[436.825s][info][gc,metaspace   ] GC(1039) Metaspace: 18965K(19136K)->18965K(19136K) NonClass: 16305K(16384K)->16305K(16384K) Class: 2660K(2752K)->2660K(2752K)
[436.825s][info][gc             ] GC(1039) Pause Young (Prepare Mixed) (G1 Evacuation Pause) 637M->358M(869M) 67.578ms
[436.825s][info][gc,cpu         ] GC(1039) User=0.13s Sys=0.00s Real=0.06s
[437.623s][info][gc,start       ] GC(1040) Pause Young (Mixed) (G1 Evacuation Pause)
[437.623s][info][gc,task        ] GC(1040) Using 2 workers of 2 for evacuation
[437.668s][info][gc,phases      ] GC(1040)   Pre Evacuate Collection Set: 0.29ms
[437.668s][info][gc,phases      ] GC(1040)   Merge Heap Roots: 0.28ms
[437.668s][info][gc,phases      ] GC(1040)   Evacuate Collection Set: 43.46ms
[437.668s][info][gc,phases      ] GC(1040)   Post Evacuate Collection Set: 0.54ms
[437.668s][info][gc,phases      ] GC(1040)   Other: 0.08ms
[437.668s][info][gc,heap        ] GC(1040) Eden regions: 359->0(391)
[437.668s][info][gc,heap        ] GC(1040) Survivor regions: 42->1(51)
[437.668s][info][gc,heap        ] GC(1040) Old regions: 313->345
[437.668s][info][gc,heap        ] GC(1040) Humongous regions: 4->4
[437.668s][info][gc,metaspace   ] GC(1040) Metaspace: 18965K(19136K)->18965K(19136K) NonClass: 16305K(16384K)->16305K(16384K) Class: 2660K(2752K)->2660K(2752K)
[437.668s][info][gc             ] GC(1040) Pause Young (Mixed) (G1 Evacuation Pause) 717M->349M(869M) 44.911ms
[437.668s][info][gc,cpu         ] GC(1040) User=0.08s Sys=0.00s Real=0.05s
[438.305s][info][gc,start       ] GC(1041) Pause Young (Concurrent Start) (G1 Evacuation Pause)
[438.305s][info][gc,task        ] GC(1041) Using 2 workers of 2 for evacuation
[438.366s][info][gc,phases      ] GC(1041)   Pre Evacuate Collection Set: 0.27ms
[438.367s][info][gc,phases      ] GC(1041)   Merge Heap Roots: 0.46ms
[438.367s][info][gc,phases      ] GC(1041)   Evacuate Collection Set: 59.53ms
[438.367s][info][gc,phases      ] GC(1041)   Post Evacuate Collection Set: 0.63ms
[438.367s][info][gc,phases      ] GC(1041)   Other: 0.11ms
[438.367s][info][gc,heap        ] GC(1041) Eden regions: 391->0(338)
[438.367s][info][gc,heap        ] GC(1041) Survivor regions: 1->49(49)
[438.367s][info][gc,heap        ] GC(1041) Old regions: 345->348
[438.367s][info][gc,heap        ] GC(1041) Humongous regions: 4->4
[438.367s][info][gc,metaspace   ] GC(1041) Metaspace: 18965K(19136K)->18965K(19136K) NonClass: 16305K(16384K)->16305K(16384K) Class: 2660K(2752K)->2660K(2752K)
[438.367s][info][gc             ] GC(1041) Pause Young (Concurrent Start) (G1 Evacuation Pause) 740M->400M(869M) 61.192ms
[438.367s][info][gc,cpu         ] GC(1041) User=0.12s Sys=0.00s Real=0.06s
[438.367s][info][gc             ] GC(1042) Concurrent Mark Cycle
[438.367s][info][gc,marking     ] GC(1042) Concurrent Scan Root Regions
[438.427s][info][gc,marking     ] GC(1042) Concurrent Scan Root Regions 60.258ms
[438.427s][info][gc,marking     ] GC(1042) Concurrent Mark
[438.427s][info][gc,marking     ] GC(1042) Concurrent Mark From Roots
[438.427s][info][gc,task        ] GC(1042) Using 1 workers of 1 for marking
[438.896s][info][gc,start       ] GC(1043) Pause Young (Normal) (G1 Evacuation Pause)
[438.897s][info][gc,task        ] GC(1043) Using 2 workers of 2 for evacuation
[439.005s][info][gc,phases      ] GC(1043)   Pre Evacuate Collection Set: 0.27ms
[439.005s][info][gc,phases      ] GC(1043)   Merge Heap Roots: 0.25ms
[439.005s][info][gc,phases      ] GC(1043)   Evacuate Collection Set: 106.58ms
[439.005s][info][gc,phases      ] GC(1043)   Post Evacuate Collection Set: 0.79ms
[439.005s][info][gc,phases      ] GC(1043)   Other: 0.09ms
[439.005s][info][gc,heap        ] GC(1043) Eden regions: 338->0(274)
[439.005s][info][gc,heap        ] GC(1043) Survivor regions: 49->49(49)
[439.005s][info][gc,heap        ] GC(1043) Old regions: 348->417
[439.005s][info][gc,heap        ] GC(1043) Humongous regions: 4->4
[439.005s][info][gc,metaspace   ] GC(1043) Metaspace: 18965K(19136K)->18965K(19136K) NonClass: 16305K(16384K)->16305K(16384K) Class: 2660K(2752K)->2660K(2752K)
[439.005s][info][gc             ] GC(1043) Pause Young (Normal) (G1 Evacuation Pause) 738M->469M(869M) 108.249ms
[439.005s][info][gc,cpu         ] GC(1043) User=0.21s Sys=0.00s Real=0.11s
[439.319s][info][gc,start       ] GC(1044) Pause Young (Normal) (G1 Evacuation Pause)
[439.319s][info][gc,task        ] GC(1044) Using 2 workers of 2 for evacuation
[439.412s][info][gc,phases      ] GC(1044)   Pre Evacuate Collection Set: 0.28ms
[439.412s][info][gc,phases      ] GC(1044)   Merge Heap Roots: 0.40ms
[439.412s][info][gc,phases      ] GC(1044)   Evacuate Collection Set: 91.00ms
[439.412s][info][gc,phases      ] GC(1044)   Post Evacuate Collection Set: 0.86ms
[439.412s][info][gc,phases      ] GC(1044)   Other: 0.09ms
[439.412s][info][gc,heap        ] GC(1044) Eden regions: 274->0(271)
[439.412s][info][gc,heap        ] GC(1044) Survivor regions: 49->29(41)
[439.412s][info][gc,heap        ] GC(1044) Old regions: 417->466
[439.412s][info][gc,heap        ] GC(1044) Humongous regions: 7->7
[439.412s][info][gc,metaspace   ] GC(1044) Metaspace: 18965K(19136K)->18965K(19136K) NonClass: 16305K(16384K)->16305K(16384K) Class: 2660K(2752K)->2660K(2752K)
[439.412s][info][gc             ] GC(1044) Pause Young (Normal) (G1 Evacuation Pause) 746M->501M(891M) 92.943ms
[439.412s][info][gc,cpu         ] GC(1044) User=0.18s Sys=0.00s Real=0.09s
[439.676s][info][gc,marking     ] GC(1042) Concurrent Mark From Roots 1249.229ms
[439.676s][info][gc,marking     ] GC(1042) Concurrent Preclean
[439.676s][info][gc,marking     ] GC(1042) Concurrent Preclean 0.039ms
[439.676s][info][gc,start       ] GC(1042) Pause Remark
[439.684s][info][gc             ] GC(1042) Pause Remark 660M->653M(891M) 7.933ms
[439.684s][info][gc,cpu         ] GC(1042) User=0.02s Sys=0.00s Real=0.01s
[439.685s][info][gc,marking     ] GC(1042) Concurrent Mark 1257.959ms
[439.685s][info][gc,marking     ] GC(1042) Concurrent Rebuild Remembered Sets and Scrub Regions
[439.775s][info][gc,start       ] GC(1045) Pause Young (Normal) (G1 Evacuation Pause)
[439.775s][info][gc,task        ] GC(1045) Using 2 workers of 2 for evacuation
[439.865s][info][gc,phases      ] GC(1045)   Pre Evacuate Collection Set: 0.43ms
[439.865s][info][gc,phases      ] GC(1045)   Merge Heap Roots: 0.34ms
[439.865s][info][gc,phases      ] GC(1045)   Evacuate Collection Set: 89.14ms
[439.865s][info][gc,phases      ] GC(1045)   Post Evacuate Collection Set: 0.57ms
[439.865s][info][gc,phases      ] GC(1045)   Other: 0.08ms
[439.865s][info][gc,heap        ] GC(1045) Eden regions: 271->0(241)
[439.865s][info][gc,heap        ] GC(1045) Survivor regions: 29->38(38)
[439.865s][info][gc,heap        ] GC(1045) Old regions: 459->495
[439.865s][info][gc,heap        ] GC(1045) Humongous regions: 8->8
[439.865s][info][gc,metaspace   ] GC(1045) Metaspace: 18965K(19136K)->18965K(19136K) NonClass: 16305K(16384K)->16305K(16384K) Class: 2660K(2752K)->2660K(2752K)
[439.865s][info][gc             ] GC(1045) Pause Young (Normal) (G1 Evacuation Pause) 766M->540M(891M) 90.803ms
[439.865s][info][gc,cpu         ] GC(1045) User=0.18s Sys=0.00s Real=0.09s
[440.088s][info][gc,start       ] GC(1046) Pause Young (Normal) (G1 Evacuation Pause)
[440.088s][info][gc,task        ] GC(1046) Using 2 workers of 2 for evacuation
[440.137s][info][gc,phases      ] GC(1046)   Pre Evacuate Collection Set: 0.46ms
[440.137s][info][gc,phases      ] GC(1046)   Merge Heap Roots: 0.28ms
[440.137s][info][gc,phases      ] GC(1046)   Evacuate Collection Set: 47.07ms
[440.137s][info][gc,phases      ] GC(1046)   Post Evacuate Collection Set: 0.47ms
[440.137s][info][gc,phases      ] GC(1046)   Other: 0.09ms
[440.137s][info][gc,heap        ] GC(1046) Eden regions: 241->0(251)
[440.137s][info][gc,heap        ] GC(1046) Survivor regions: 38->5(35)
[440.137s][info][gc,heap        ] GC(1046) Old regions: 495->534
[440.137s][info][gc,heap        ] GC(1046) Humongous regions: 8->8
[440.137s][info][gc,metaspace   ] GC(1046) Metaspace: 18965K(19136K)->18965K(19136K) NonClass: 16305K(16384K)->16305K(16384K) Class: 2660K(2752K)->2660K(2752K)
[440.137s][info][gc             ] GC(1046) Pause Young (Normal) (G1 Evacuation Pause) 781M->545M(891M) 48.642ms
[440.137s][info][gc,cpu         ] GC(1046) User=0.10s Sys=0.00s Real=0.05s
[440.282s][info][gc,marking     ] GC(1042) Concurrent Rebuild Remembered Sets and Scrub Regions 596.826ms
[440.282s][info][gc,start       ] GC(1042) Pause Cleanup
[440.282s][info][gc             ] GC(1042) Pause Cleanup 648M->648M(891M) 0.106ms
[440.282s][info][gc,cpu         ] GC(1042) User=0.00s Sys=0.00s Real=0.00s
[440.282s][info][gc,marking     ] GC(1042) Concurrent Clear Claimed Marks
[440.282s][info][gc,marking     ] GC(1042) Concurrent Clear Claimed Marks 0.033ms
[440.282s][info][gc,marking     ] GC(1042) Concurrent Cleanup for Next Mark
[440.285s][info][gc,marking     ] GC(1042) Concurrent Cleanup for Next Mark 2.829ms
[440.285s][info][gc             ] GC(1042) Concurrent Mark Cycle 1918.466ms
[440.487s][info][gc,start       ] GC(1047) Pause Young (Prepare Mixed) (G1 Evacuation Pause)
[440.487s][info][gc,task        ] GC(1047) Using 2 workers of 2 for evacuation
[440.517s][info][gc,phases      ] GC(1047)   Pre Evacuate Collection Set: 0.31ms
[440.517s][info][gc,phases      ] GC(1047)   Merge Heap Roots: 0.20ms
[440.517s][info][gc,phases      ] GC(1047)   Evacuate Collection Set: 28.44ms
[440.517s][info][gc,phases      ] GC(1047)   Post Evacuate Collection Set: 0.53ms
[440.517s][info][gc,phases      ] GC(1047)   Other: 0.10ms
[440.517s][info][gc,heap        ] GC(1047) Eden regions: 251->0(243)
[440.517s][info][gc,heap        ] GC(1047) Survivor regions: 5->23(32)
[440.517s][info][gc,heap        ] GC(1047) Old regions: 534->534
[440.517s][info][gc,heap        ] GC(1047) Humongous regions: 8->8
[440.517s][info][gc,metaspace   ] GC(1047) Metaspace: 18965K(19136K)->18965K(19136K) NonClass: 16305K(16384K)->16305K(16384K) Class: 2660K(2752K)->2660K(2752K)
[440.517s][info][gc             ] GC(1047) Pause Young (Prepare Mixed) (G1 Evacuation Pause) 796M->563M(891M) 29.817ms
[440.517s][info][gc,cpu         ] GC(1047) User=0.06s Sys=0.00s Real=0.02s
[440.886s][info][gc,start       ] GC(1048) Pause Young (Mixed) (G1 Evacuation Pause)
[440.886s][info][gc,task        ] GC(1048) Using 2 workers of 2 for evacuation
[440.953s][info][gc,phases      ] GC(1048)   Pre Evacuate Collection Set: 0.30ms
[440.953s][info][gc,phases      ] GC(1048)   Merge Heap Roots: 0.48ms
[440.953s][info][gc,phases      ] GC(1048)   Evacuate Collection Set: 65.46ms
[440.953s][info][gc,phases      ] GC(1048)   Post Evacuate Collection Set: 0.52ms
[440.953s][info][gc,phases      ] GC(1048)   Other: 0.09ms
[440.953s][info][gc,heap        ] GC(1048) Eden regions: 243->0(221)
[440.953s][info][gc,heap        ] GC(1048) Survivor regions: 23->33(34)
[440.953s][info][gc,heap        ] GC(1048) Old regions: 534->547
[440.953s][info][gc,heap        ] GC(1048) Humongous regions: 8->8
[440.953s][info][gc,metaspace   ] GC(1048) Metaspace: 18965K(19136K)->18965K(19136K) NonClass: 16305K(16384K)->16305K(16384K) Class: 2660K(2752K)->2660K(2752K)
[440.953s][info][gc             ] GC(1048) Pause Young (Mixed) (G1 Evacuation Pause) 806M->587M(891M) 67.137ms
[440.953s][info][gc,cpu         ] GC(1048) User=0.13s Sys=0.00s Real=0.07s
[441.182s][info][gc,start       ] GC(1049) Pause Young (Concurrent Start) (G1 Evacuation Pause)
[441.182s][info][gc,task        ] GC(1049) Using 2 workers of 2 for evacuation
[441.254s][info][gc,phases      ] GC(1049)   Pre Evacuate Collection Set: 0.32ms
[441.254s][info][gc,phases      ] GC(1049)   Merge Heap Roots: 0.16ms
[441.254s][info][gc,phases      ] GC(1049)   Evacuate Collection Set: 70.33ms
[441.254s][info][gc,phases      ] GC(1049)   Post Evacuate Collection Set: 0.55ms
[441.254s][info][gc,phases      ] GC(1049)   Other: 0.11ms
[441.254s][info][gc,heap        ] GC(1049) Eden regions: 221->0(179)
[441.254s][info][gc,heap        ] GC(1049) Survivor regions: 33->32(32)
[441.254s][info][gc,heap        ] GC(1049) Old regions: 547->591
[441.254s][info][gc,heap        ] GC(1049) Humongous regions: 8->8
[441.254s][info][gc,metaspace   ] GC(1049) Metaspace: 18965K(19136K)->18965K(19136K) NonClass: 16305K(16384K)->16305K(16384K) Class: 2660K(2752K)->2660K(2752K)
[441.254s][info][gc             ] GC(1049) Pause Young (Concurrent Start) (G1 Evacuation Pause) 808M->630M(891M) 71.737ms
[441.254s][info][gc             ] GC(1050) Concurrent Mark Cycle
[441.254s][info][gc,marking     ] GC(1050) Concurrent Scan Root Regions
[441.255s][info][gc,cpu         ] GC(1049) User=0.14s Sys=0.00s Real=0.07s
[441.345s][info][gc,marking     ] GC(1050) Concurrent Scan Root Regions 91.317ms
[441.345s][info][gc,marking     ] GC(1050) Concurrent Mark
[441.345s][info][gc,marking     ] GC(1050) Concurrent Mark From Roots
[441.345s][info][gc,task        ] GC(1050) Using 1 workers of 1 for marking
[441.672s][info][gc,start       ] GC(1051) Pause Young (Normal) (G1 Evacuation Pause)
[441.672s][info][gc,task        ] GC(1051) Using 2 workers of 2 for evacuation
[441.732s][info][gc,phases      ] GC(1051)   Pre Evacuate Collection Set: 0.27ms
[441.732s][info][gc,phases      ] GC(1051)   Merge Heap Roots: 0.22ms
[441.732s][info][gc,phases      ] GC(1051)   Evacuate Collection Set: 58.48ms
[441.732s][info][gc,phases      ] GC(1051)   Post Evacuate Collection Set: 0.76ms
[441.732s][info][gc,phases      ] GC(1051)   Other: 0.09ms
[441.732s][info][gc,heap        ] GC(1051) Eden regions: 179->0(165)
[441.732s][info][gc,heap        ] GC(1051) Survivor regions: 32->27(27)
[441.732s][info][gc,heap        ] GC(1051) Old regions: 591->630
[441.732s][info][gc,heap        ] GC(1051) Humongous regions: 8->8
[441.732s][info][gc,metaspace   ] GC(1051) Metaspace: 18965K(19136K)->18965K(19136K) NonClass: 16305K(16384K)->16305K(16384K) Class: 2660K(2752K)->2660K(2752K)
[441.732s][info][gc             ] GC(1051) Pause Young (Normal) (G1 Evacuation Pause) 809M->664M(916M) 60.047ms
[441.732s][info][gc,cpu         ] GC(1051) User=0.12s Sys=0.00s Real=0.06s
[442.075s][info][gc,start       ] GC(1052) Pause Young (Normal) (G1 Evacuation Pause)
[442.075s][info][gc,task        ] GC(1052) Using 2 workers of 2 for evacuation
[442.146s][info][gc,phases      ] GC(1052)   Pre Evacuate Collection Set: 0.28ms
[442.146s][info][gc,phases      ] GC(1052)   Merge Heap Roots: 0.34ms
[442.146s][info][gc,phases      ] GC(1052)   Evacuate Collection Set: 69.89ms
[442.146s][info][gc,phases      ] GC(1052)   Post Evacuate Collection Set: 0.49ms
[442.146s][info][gc,phases      ] GC(1052)   Other: 0.09ms
[442.146s][info][gc,heap        ] GC(1052) Eden regions: 165->0(136)
[442.146s][info][gc,heap        ] GC(1052) Survivor regions: 27->24(24)
[442.146s][info][gc,heap        ] GC(1052) Old regions: 630->664
[442.146s][info][gc,heap        ] GC(1052) Humongous regions: 11->11
[442.146s][info][gc,metaspace   ] GC(1052) Metaspace: 18965K(19136K)->18965K(19136K) NonClass: 16305K(16384K)->16305K(16384K) Class: 2660K(2752K)->2660K(2752K)
[442.147s][info][gc             ] GC(1052) Pause Young (Normal) (G1 Evacuation Pause) 832M->698M(916M) 71.320ms
[442.147s][info][gc,cpu         ] GC(1052) User=0.14s Sys=0.00s Real=0.07s
[442.429s][info][gc,start       ] GC(1053) Pause Young (Normal) (G1 Evacuation Pause)
[442.429s][info][gc,task        ] GC(1053) Using 2 workers of 2 for evacuation
[442.483s][info][gc,phases      ] GC(1053)   Pre Evacuate Collection Set: 0.29ms
[442.483s][info][gc,phases      ] GC(1053)   Merge Heap Roots: 0.20ms
[442.483s][info][gc,phases      ] GC(1053)   Evacuate Collection Set: 52.96ms
[442.483s][info][gc,phases      ] GC(1053)   Post Evacuate Collection Set: 0.39ms
[442.483s][info][gc,phases      ] GC(1053)   Other: 0.08ms
[442.483s][info][gc,heap        ] GC(1053) Eden regions: 136->0(123)
[442.483s][info][gc,heap        ] GC(1053) Survivor regions: 24->20(20)
[442.483s][info][gc,heap        ] GC(1053) Old regions: 664->690
[442.483s][info][gc,heap        ] GC(1053) Humongous regions: 11->11
[442.483s][info][gc,metaspace   ] GC(1053) Metaspace: 18965K(19136K)->18965K(19136K) NonClass: 16305K(16384K)->16305K(16384K) Class: 2660K(2752K)->2660K(2752K)
[442.483s][info][gc             ] GC(1053) Pause Young (Normal) (G1 Evacuation Pause) 834M->720M(916M) 54.191ms
[442.483s][info][gc,cpu         ] GC(1053) User=0.11s Sys=0.01s Real=0.05s
[442.607s][info][gc,marking     ] GC(1050) Concurrent Mark From Roots 1261.925ms
[442.607s][info][gc,marking     ] GC(1050) Concurrent Preclean
[442.607s][info][gc,marking     ] GC(1050) Concurrent Preclean 0.046ms
[442.607s][info][gc,start       ] GC(1050) Pause Remark
[442.616s][info][gc             ] GC(1050) Pause Remark 776M->738M(978M) 8.373ms
[442.616s][info][gc,cpu         ] GC(1050) User=0.02s Sys=0.00s Real=0.00s
[442.618s][info][gc,marking     ] GC(1050) Concurrent Mark 1272.600ms
[442.618s][info][gc,marking     ] GC(1050) Concurrent Rebuild Remembered Sets and Scrub Regions
[442.733s][info][gc,start       ] GC(1054) Pause Young (Normal) (G1 Evacuation Pause)
[442.733s][info][gc,task        ] GC(1054) Using 2 workers of 2 for evacuation
[442.760s][info][gc,phases      ] GC(1054)   Pre Evacuate Collection Set: 0.51ms
[442.760s][info][gc,phases      ] GC(1054)   Merge Heap Roots: 0.23ms
[442.760s][info][gc,phases      ] GC(1054)   Evacuate Collection Set: 26.16ms
[442.760s][info][gc,phases      ] GC(1054)   Post Evacuate Collection Set: 0.52ms
[442.760s][info][gc,phases      ] GC(1054)   Other: 0.09ms
[442.760s][info][gc,heap        ] GC(1054) Eden regions: 123->0(202)
[442.760s][info][gc,heap        ] GC(1054) Survivor regions: 20->4(18)
[442.760s][info][gc,heap        ] GC(1054) Old regions: 655->675
[442.760s][info][gc,heap        ] GC(1054) Humongous regions: 8->8
[442.760s][info][gc,metaspace   ] GC(1054) Metaspace: 18965K(19136K)->18965K(19136K) NonClass: 16305K(16384K)->16305K(16384K) Class: 2660K(2752K)->2660K(2752K)
[442.760s][info][gc             ] GC(1054) Pause Young (Normal) (G1 Evacuation Pause) 805M->686M(978M) 27.724ms
[442.760s][info][gc,cpu         ] GC(1054) User=0.05s Sys=0.00s Real=0.03s
[443.079s][info][gc,start       ] GC(1055) Pause Young (Normal) (G1 Evacuation Pause)
[443.079s][info][gc,task        ] GC(1055) Using 2 workers of 2 for evacuation
[443.105s][info][gc,phases      ] GC(1055)   Pre Evacuate Collection Set: 0.48ms
[443.105s][info][gc,phases      ] GC(1055)   Merge Heap Roots: 0.45ms
[443.105s][info][gc,phases      ] GC(1055)   Evacuate Collection Set: 23.56ms
[443.105s][info][gc,phases      ] GC(1055)   Post Evacuate Collection Set: 0.59ms
[443.105s][info][gc,phases      ] GC(1055)   Other: 0.09ms
[443.105s][info][gc,heap        ] GC(1055) Eden regions: 202->0(209)
[443.105s][info][gc,heap        ] GC(1055) Survivor regions: 4->9(26)
[443.105s][info][gc,heap        ] GC(1055) Old regions: 675->675
[443.105s][info][gc,heap        ] GC(1055) Humongous regions: 8->8
[443.105s][info][gc,metaspace   ] GC(1055) Metaspace: 18965K(19136K)->18965K(19136K) NonClass: 16305K(16384K)->16305K(16384K) Class: 2660K(2752K)->2660K(2752K)
[443.105s][info][gc             ] GC(1055) Pause Young (Normal) (G1 Evacuation Pause) 888M->691M(978M) 25.399ms
[443.105s][info][gc,cpu         ] GC(1055) User=0.05s Sys=0.00s Real=0.02s
[443.420s][info][gc,marking     ] GC(1050) Concurrent Rebuild Remembered Sets and Scrub Regions 801.693ms
[443.420s][info][gc,start       ] GC(1050) Pause Cleanup
[443.420s][info][gc             ] GC(1050) Pause Cleanup 836M->836M(978M) 0.218ms
[443.420s][info][gc,cpu         ] GC(1050) User=0.00s Sys=0.00s Real=0.00s
[443.420s][info][gc,marking     ] GC(1050) Concurrent Clear Claimed Marks
[443.420s][info][gc,marking     ] GC(1050) Concurrent Clear Claimed Marks 0.037ms
[443.420s][info][gc,marking     ] GC(1050) Concurrent Cleanup for Next Mark
[443.428s][info][gc,marking     ] GC(1050) Concurrent Cleanup for Next Mark 7.916ms
[443.428s][info][gc             ] GC(1050) Concurrent Mark Cycle 2174.490ms
[443.512s][info][gc,start       ] GC(1056) Pause Young (Prepare Mixed) (G1 Evacuation Pause)
[443.512s][info][gc,task        ] GC(1056) Using 2 workers of 2 for evacuation
[443.554s][info][gc,phases      ] GC(1056)   Pre Evacuate Collection Set: 0.53ms
[443.554s][info][gc,phases      ] GC(1056)   Merge Heap Roots: 0.57ms
[443.554s][info][gc,phases      ] GC(1056)   Evacuate Collection Set: 39.92ms
[443.554s][info][gc,phases      ] GC(1056)   Post Evacuate Collection Set: 0.54ms
[443.554s][info][gc,phases      ] GC(1056)   Other: 0.08ms
[443.554s][info][gc,heap        ] GC(1056) Eden regions: 209->0(197)
[443.554s][info][gc,heap        ] GC(1056) Survivor regions: 9->24(28)
[443.554s][info][gc,heap        ] GC(1056) Old regions: 675->675
[443.554s][info][gc,heap        ] GC(1056) Humongous regions: 8->8
[443.554s][info][gc,metaspace   ] GC(1056) Metaspace: 18965K(19136K)->18965K(19136K) NonClass: 16305K(16384K)->16305K(16384K) Class: 2660K(2752K)->2660K(2752K)
[443.554s][info][gc             ] GC(1056) Pause Young (Prepare Mixed) (G1 Evacuation Pause) 900M->706M(978M) 41.913ms
[443.554s][info][gc,cpu         ] GC(1056) User=0.08s Sys=0.00s Real=0.04s
[443.718s][info][gc,start       ] GC(1057) Pause Young (Mixed) (G1 Evacuation Pause)
[443.718s][info][gc,task        ] GC(1057) Using 2 workers of 2 for evacuation
[443.842s][info][gc,phases      ] GC(1057)   Pre Evacuate Collection Set: 0.34ms
[443.842s][info][gc,phases      ] GC(1057)   Merge Heap Roots: 0.69ms
[443.842s][info][gc,phases      ] GC(1057)   Evacuate Collection Set: 113.60ms
[443.842s][info][gc,phases      ] GC(1057)   Post Evacuate Collection Set: 9.12ms
[443.842s][info][gc,phases      ] GC(1057)   Other: 0.09ms
[443.842s][info][gc,heap        ] GC(1057) Eden regions: 197->0(142)
[443.842s][info][gc,heap        ] GC(1057) Survivor regions: 24->28(28)
[443.842s][info][gc,heap        ] GC(1057) Old regions: 675->722
[443.842s][info][gc,heap        ] GC(1057) Humongous regions: 8->8
[443.842s][info][gc,metaspace   ] GC(1057) Metaspace: 18965K(19136K)->18965K(19136K) NonClass: 16305K(16384K)->16305K(16384K) Class: 2660K(2752K)->2660K(2752K)
[443.842s][info][gc             ] GC(1057) Pause Young (Mixed) (G1 Evacuation Pause) (Evacuation Failure: Allocation) 903M->757M(978M) 124.080ms
[443.842s][info][gc,cpu         ] GC(1057) User=0.24s Sys=0.00s Real=0.12s
[444.149s][info][gc,start       ] GC(1058) Pause Young (Mixed) (G1 Evacuation Pause)
[444.150s][info][gc,task        ] GC(1058) Using 2 workers of 2 for evacuation
[444.278s][info][gc,phases      ] GC(1058)   Pre Evacuate Collection Set: 0.38ms
[444.278s][info][gc,phases      ] GC(1058)   Merge Heap Roots: 1.66ms
[444.278s][info][gc,phases      ] GC(1058)   Evacuate Collection Set: 122.45ms
[444.278s][info][gc,phases      ] GC(1058)   Post Evacuate Collection Set: 3.78ms
[444.278s][info][gc,phases      ] GC(1058)   Other: 0.11ms
[444.278s][info][gc,heap        ] GC(1058) Eden regions: 142->0(26)
[444.278s][info][gc,heap        ] GC(1058) Survivor regions: 28->22(22)
[444.278s][info][gc,heap        ] GC(1058) Old regions: 722->758
[444.278s][info][gc,heap        ] GC(1058) Humongous regions: 8->8
[444.278s][info][gc,metaspace   ] GC(1058) Metaspace: 18965K(19136K)->18965K(19136K) NonClass: 16305K(16384K)->16305K(16384K) Class: 2660K(2752K)->2660K(2752K)
[444.278s][info][gc             ] GC(1058) Pause Young (Mixed) (G1 Evacuation Pause) (Evacuation Failure: Allocation) 899M->787M(978M) 128.646ms
[444.278s][info][gc,cpu         ] GC(1058) User=0.25s Sys=0.00s Real=0.13s
[444.303s][info][gc,start       ] GC(1059) Pause Young (Mixed) (G1 Evacuation Pause)
[444.303s][info][gc,task        ] GC(1059) Using 2 workers of 2 for evacuation
[444.512s][info][gc,mmu         ] GC(1059) MMU target violated: 201.0ms (200.0ms/201.0ms)
[444.513s][info][gc,phases      ] GC(1059)   Pre Evacuate Collection Set: 0.44ms
[444.513s][info][gc,phases      ] GC(1059)   Merge Heap Roots: 2.28ms
[444.513s][info][gc,phases      ] GC(1059)   Evacuate Collection Set: 205.44ms
[444.513s][info][gc,phases      ] GC(1059)   Post Evacuate Collection Set: 0.92ms
[444.513s][info][gc,phases      ] GC(1059)   Other: 0.14ms
[444.513s][info][gc,heap        ] GC(1059) Eden regions: 26->0(133)
[444.513s][info][gc,heap        ] GC(1059) Survivor regions: 22->1(6)
[444.513s][info][gc,heap        ] GC(1059) Old regions: 758->776
[444.513s][info][gc,heap        ] GC(1059) Humongous regions: 8->8
[444.513s][info][gc,metaspace   ] GC(1059) Metaspace: 18965K(19136K)->18965K(19136K) NonClass: 16305K(16384K)->16305K(16384K) Class: 2660K(2752K)->2660K(2752K)
[444.513s][info][gc             ] GC(1059) Pause Young (Mixed) (G1 Evacuation Pause) 813M->784M(978M) 209.380ms
[444.513s][info][gc,cpu         ] GC(1059) User=0.41s Sys=0.00s Real=0.21s
[444.621s][info][gc,start       ] GC(1060) Pause Young (Concurrent Start) (G1 Humongous Allocation)
[444.621s][info][gc,task        ] GC(1060) Using 2 workers of 2 for evacuation
[444.665s][info][gc,phases      ] GC(1060)   Pre Evacuate Collection Set: 0.48ms
[444.665s][info][gc,phases      ] GC(1060)   Merge Heap Roots: 0.30ms
[444.665s][info][gc,phases      ] GC(1060)   Evacuate Collection Set: 42.77ms
[444.665s][info][gc,phases      ] GC(1060)   Post Evacuate Collection Set: 0.57ms
[444.665s][info][gc,phases      ] GC(1060)   Other: 0.18ms
[444.665s][info][gc,heap        ] GC(1060) Eden regions: 57->0(210)
[444.665s][info][gc,heap        ] GC(1060) Survivor regions: 1->7(17)
[444.665s][info][gc,heap        ] GC(1060) Old regions: 776->676
[444.665s][info][gc,heap        ] GC(1060) Humongous regions: 8->8
[444.665s][info][gc,metaspace   ] GC(1060) Metaspace: 18965K(19136K)->18965K(19136K) NonClass: 16305K(16384K)->16305K(16384K) Class: 2660K(2752K)->2660K(2752K)
[444.665s][info][gc             ] GC(1060) Pause Young (Concurrent Start) (G1 Humongous Allocation) 841M->689M(978M) 44.544ms
[444.665s][info][gc             ] GC(1061) Concurrent Mark Cycle
[444.665s][info][gc,marking     ] GC(1061) Concurrent Scan Root Regions
[444.665s][info][gc,cpu         ] GC(1060) User=0.08s Sys=0.00s Real=0.04s
[444.720s][info][gc,marking     ] GC(1061) Concurrent Scan Root Regions 55.116ms
[444.720s][info][gc,marking     ] GC(1061) Concurrent Mark
[444.720s][info][gc,marking     ] GC(1061) Concurrent Mark From Roots
[444.720s][info][gc,task        ] GC(1061) Using 1 workers of 1 for marking
[445.085s][info][gc,start       ] GC(1062) Pause Young (Normal) (G1 Evacuation Pause)
[445.085s][info][gc,task        ] GC(1062) Using 2 workers of 2 for evacuation
[445.155s][info][gc,phases      ] GC(1062)   Pre Evacuate Collection Set: 0.30ms
[445.155s][info][gc,phases      ] GC(1062)   Merge Heap Roots: 0.32ms
[445.155s][info][gc,phases      ] GC(1062)   Evacuate Collection Set: 68.41ms
[445.155s][info][gc,phases      ] GC(1062)   Post Evacuate Collection Set: 0.57ms
[445.155s][info][gc,phases      ] GC(1062)   Other: 0.09ms
[445.155s][info][gc,heap        ] GC(1062) Eden regions: 210->0(161)
[445.155s][info][gc,heap        ] GC(1062) Survivor regions: 7->28(28)
[445.155s][info][gc,heap        ] GC(1062) Old regions: 676->700
[445.155s][info][gc,heap        ] GC(1062) Humongous regions: 11->11
[445.155s][info][gc,metaspace   ] GC(1062) Metaspace: 18965K(19136K)->18965K(19136K) NonClass: 16305K(16384K)->16305K(16384K) Class: 2660K(2752K)->2660K(2752K)
[445.155s][info][gc             ] GC(1062) Pause Young (Normal) (G1 Evacuation Pause) 902M->738M(978M) 69.975ms
[445.155s][info][gc,cpu         ] GC(1062) User=0.14s Sys=0.00s Real=0.07s
[445.424s][info][gc,start       ] GC(1063) Pause Young (Normal) (G1 Evacuation Pause)
[445.425s][info][gc,task        ] GC(1063) Using 2 workers of 2 for evacuation
[445.473s][info][gc,phases      ] GC(1063)   Pre Evacuate Collection Set: 0.29ms
[445.473s][info][gc,phases      ] GC(1063)   Merge Heap Roots: 0.42ms
[445.473s][info][gc,phases      ] GC(1063)   Evacuate Collection Set: 47.37ms
[445.473s][info][gc,phases      ] GC(1063)   Post Evacuate Collection Set: 0.39ms
[445.473s][info][gc,phases      ] GC(1063)   Other: 0.08ms
[445.473s][info][gc,heap        ] GC(1063) Eden regions: 161->0(170)
[445.473s][info][gc,heap        ] GC(1063) Survivor regions: 28->5(24)
[445.473s][info][gc,heap        ] GC(1063) Old regions: 700->728
[445.473s][info][gc,heap        ] GC(1063) Humongous regions: 11->11
[445.473s][info][gc,metaspace   ] GC(1063) Metaspace: 18965K(19136K)->18965K(19136K) NonClass: 16305K(16384K)->16305K(16384K) Class: 2660K(2752K)->2660K(2752K)
[445.473s][info][gc             ] GC(1063) Pause Young (Normal) (G1 Evacuation Pause) 899M->743M(978M) 48.783ms
[445.473s][info][gc,cpu         ] GC(1063) User=0.10s Sys=0.00s Real=0.05s
[445.817s][info][gc,start       ] GC(1064) Pause Young (Normal) (G1 Evacuation Pause)
[445.818s][info][gc,task        ] GC(1064) Using 2 workers of 2 for evacuation
[445.829s][info][gc,phases      ] GC(1064)   Pre Evacuate Collection Set: 0.29ms
[445.829s][info][gc,phases      ] GC(1064)   Merge Heap Roots: 0.22ms
[445.829s][info][gc,phases      ] GC(1064)   Evacuate Collection Set: 10.72ms
[445.829s][info][gc,phases      ] GC(1064)   Post Evacuate Collection Set: 0.40ms
[445.829s][info][gc,phases      ] GC(1064)   Other: 0.07ms
[445.829s][info][gc,heap        ] GC(1064) Eden regions: 170->0(178)
[445.829s][info][gc,heap        ] GC(1064) Survivor regions: 5->5(22)
[445.829s][info][gc,heap        ] GC(1064) Old regions: 728->728
[445.829s][info][gc,heap        ] GC(1064) Humongous regions: 11->11
[445.829s][info][gc,metaspace   ] GC(1064) Metaspace: 18965K(19136K)->18965K(19136K) NonClass: 16305K(16384K)->16305K(16384K) Class: 2660K(2752K)->2660K(2752K)
[445.829s][info][gc             ] GC(1064) Pause Young (Normal) (G1 Evacuation Pause) 913M->743M(978M) 11.942ms
[445.829s][info][gc,cpu         ] GC(1064) User=0.03s Sys=0.00s Real=0.01s
[446.203s][info][gc,start       ] GC(1065) Pause Young (Normal) (G1 Evacuation Pause)
[446.203s][info][gc,task        ] GC(1065) Using 2 workers of 2 for evacuation
[446.226s][info][gc,phases      ] GC(1065)   Pre Evacuate Collection Set: 0.29ms
[446.226s][info][gc,phases      ] GC(1065)   Merge Heap Roots: 0.17ms
[446.226s][info][gc,phases      ] GC(1065)   Evacuate Collection Set: 21.81ms
[446.226s][info][gc,phases      ] GC(1065)   Post Evacuate Collection Set: 0.42ms
[446.226s][info][gc,phases      ] GC(1065)   Other: 0.10ms
[446.226s][info][gc,heap        ] GC(1065) Eden regions: 178->0(153)
[446.226s][info][gc,heap        ] GC(1065) Survivor regions: 5->18(23)
[446.226s][info][gc,heap        ] GC(1065) Old regions: 728->728
[446.226s][info][gc,heap        ] GC(1065) Humongous regions: 11->11
[446.226s][info][gc,metaspace   ] GC(1065) Metaspace: 18965K(19136K)->18965K(19136K) NonClass: 16305K(16384K)->16305K(16384K) Class: 2660K(2752K)->2660K(2752K)
[446.226s][info][gc             ] GC(1065) Pause Young (Normal) (G1 Evacuation Pause) 921M->756M(978M) 23.012ms
[446.226s][info][gc,cpu         ] GC(1065) User=0.04s Sys=0.00s Real=0.02s
[446.495s][info][gc,marking     ] GC(1061) Concurrent Mark From Roots 1774.902ms
[446.495s][info][gc,marking     ] GC(1061) Concurrent Preclean
[446.495s][info][gc,marking     ] GC(1061) Concurrent Preclean 0.050ms
[446.495s][info][gc,start       ] GC(1061) Pause Remark
[446.504s][info][gc             ] GC(1061) Pause Remark 854M->832M(978M) 8.096ms
[446.504s][info][gc,cpu         ] GC(1061) User=0.02s Sys=0.00s Real=0.01s
[446.505s][info][gc,marking     ] GC(1061) Concurrent Mark 1784.859ms
[446.505s][info][gc,marking     ] GC(1061) Concurrent Rebuild Remembered Sets and Scrub Regions
[446.635s][info][gc,start       ] GC(1066) Pause Young (Normal) (G1 Evacuation Pause)
[446.635s][info][gc,task        ] GC(1066) Using 2 workers of 2 for evacuation
[446.676s][info][gc,phases      ] GC(1066)   Pre Evacuate Collection Set: 0.28ms
[446.677s][info][gc,phases      ] GC(1066)   Merge Heap Roots: 0.28ms
[446.677s][info][gc,phases      ] GC(1066)   Evacuate Collection Set: 40.56ms
[446.677s][info][gc,phases      ] GC(1066)   Post Evacuate Collection Set: 0.37ms
[446.677s][info][gc,phases      ] GC(1066)   Other: 0.09ms
[446.677s][info][gc,heap        ] GC(1066) Eden regions: 153->0(157)
[446.677s][info][gc,heap        ] GC(1066) Survivor regions: 18->18(22)
[446.677s][info][gc,heap        ] GC(1066) Old regions: 708->726
[446.677s][info][gc,heap        ] GC(1066) Humongous regions: 9->9
[446.677s][info][gc,metaspace   ] GC(1066) Metaspace: 18965K(19136K)->18965K(19136K) NonClass: 16305K(16384K)->16305K(16384K) Class: 2660K(2752K)->2660K(2752K)
[446.677s][info][gc             ] GC(1066) Pause Young (Normal) (G1 Evacuation Pause) 887M->752M(978M) 41.803ms
[446.677s][info][gc,cpu         ] GC(1066) User=0.08s Sys=0.00s Real=0.04s
[447.251s][info][gc,marking     ] GC(1061) Concurrent Rebuild Remembered Sets and Scrub Regions 745.792ms
[447.251s][info][gc,start       ] GC(1061) Pause Cleanup
[447.251s][info][gc             ] GC(1061) Pause Cleanup 900M->900M(978M) 0.161ms
[447.251s][info][gc,cpu         ] GC(1061) User=0.00s Sys=0.00s Real=0.00s
[447.251s][info][gc,marking     ] GC(1061) Concurrent Clear Claimed Marks
[447.251s][info][gc,marking     ] GC(1061) Concurrent Clear Claimed Marks 0.031ms
[447.251s][info][gc,marking     ] GC(1061) Concurrent Cleanup for Next Mark
[447.254s][info][gc,marking     ] GC(1061) Concurrent Cleanup for Next Mark 2.844ms
[447.254s][info][gc             ] GC(1061) Concurrent Mark Cycle 2589.236ms
[447.267s][info][gc,start       ] GC(1067) Pause Young (Prepare Mixed) (G1 Evacuation Pause)
[447.268s][info][gc,task        ] GC(1067) Using 2 workers of 2 for evacuation
[447.287s][info][gc,phases      ] GC(1067)   Pre Evacuate Collection Set: 0.46ms
[447.287s][info][gc,phases      ] GC(1067)   Merge Heap Roots: 0.20ms
[447.287s][info][gc,phases      ] GC(1067)   Evacuate Collection Set: 18.00ms
[447.287s][info][gc,phases      ] GC(1067)   Post Evacuate Collection Set: 0.38ms
[447.287s][info][gc,phases      ] GC(1067)   Other: 0.10ms
[447.287s][info][gc,heap        ] GC(1067) Eden regions: 157->0(173)
[447.287s][info][gc,heap        ] GC(1067) Survivor regions: 18->1(22)
[447.287s][info][gc,heap        ] GC(1067) Old regions: 726->744
[447.287s][info][gc,heap        ] GC(1067) Humongous regions: 9->9
[447.287s][info][gc,metaspace   ] GC(1067) Metaspace: 18965K(19136K)->18965K(19136K) NonClass: 16305K(16384K)->16305K(16384K) Class: 2660K(2752K)->2660K(2752K)
[447.287s][info][gc             ] GC(1067) Pause Young (Prepare Mixed) (G1 Evacuation Pause) 909M->753M(978M) 19.286ms
[447.287s][info][gc,cpu         ] GC(1067) User=0.04s Sys=0.00s Real=0.01s
[447.694s][info][gc,start       ] GC(1068) Pause Young (Mixed) (G1 Evacuation Pause)
[447.694s][info][gc,task        ] GC(1068) Using 2 workers of 2 for evacuation
[447.761s][info][gc,phases      ] GC(1068)   Pre Evacuate Collection Set: 0.37ms
[447.761s][info][gc,phases      ] GC(1068)   Merge Heap Roots: 1.01ms
[447.761s][info][gc,phases      ] GC(1068)   Evacuate Collection Set: 64.74ms
[447.761s][info][gc,phases      ] GC(1068)   Post Evacuate Collection Set: 0.47ms
[447.761s][info][gc,phases      ] GC(1068)   Other: 0.08ms
[447.761s][info][gc,heap        ] GC(1068) Eden regions: 173->0(217)
[447.761s][info][gc,heap        ] GC(1068) Survivor regions: 1->1(22)
[447.761s][info][gc,heap        ] GC(1068) Old regions: 744->698
[447.761s][info][gc,heap        ] GC(1068) Humongous regions: 9->9
[447.761s][info][gc,metaspace   ] GC(1068) Metaspace: 18965K(19136K)->18965K(19136K) NonClass: 16305K(16384K)->16305K(16384K) Class: 2660K(2752K)->2660K(2752K)
[447.761s][info][gc             ] GC(1068) Pause Young (Mixed) (G1 Evacuation Pause) 926M->707M(978M) 66.969ms
[447.761s][info][gc,cpu         ] GC(1068) User=0.13s Sys=0.00s Real=0.07s
[448.022s][info][gc,start       ] GC(1069) Pause Young (Concurrent Start) (G1 Evacuation Pause)
[448.022s][info][gc,task        ] GC(1069) Using 2 workers of 2 for evacuation
[448.067s][info][gc,phases      ] GC(1069)   Pre Evacuate Collection Set: 0.30ms
[448.067s][info][gc,phases      ] GC(1069)   Merge Heap Roots: 0.11ms
[448.067s][info][gc,phases      ] GC(1069)   Evacuate Collection Set: 43.55ms
[448.067s][info][gc,phases      ] GC(1069)   Post Evacuate Collection Set: 0.60ms
[448.067s][info][gc,phases      ] GC(1069)   Other: 0.10ms
[448.067s][info][gc,heap        ] GC(1069) Eden regions: 217->0(143)
[448.067s][info][gc,heap        ] GC(1069) Survivor regions: 1->28(28)
[448.067s][info][gc,heap        ] GC(1069) Old regions: 698->720
[448.067s][info][gc,heap        ] GC(1069) Humongous regions: 9->9
[448.067s][info][gc,metaspace   ] GC(1069) Metaspace: 18966K(19200K)->18966K(19200K) NonClass: 16306K(16448K)->16306K(16448K) Class: 2660K(2752K)->2660K(2752K)
[448.067s][info][gc             ] GC(1069) Pause Young (Concurrent Start) (G1 Evacuation Pause) 924M->756M(978M) 44.889ms
[448.067s][info][gc,cpu         ] GC(1069) User=0.09s Sys=0.00s Real=0.04s
[448.067s][info][gc             ] GC(1070) Concurrent Mark Cycle
[448.067s][info][gc,marking     ] GC(1070) Concurrent Scan Root Regions
[448.115s][info][gc,marking     ] GC(1070) Concurrent Scan Root Regions 48.000ms
[448.115s][info][gc,marking     ] GC(1070) Concurrent Mark
[448.115s][info][gc,marking     ] GC(1070) Concurrent Mark From Roots
[448.115s][info][gc,task        ] GC(1070) Using 1 workers of 1 for marking
[448.440s][info][gc,start       ] GC(1071) Pause Young (Normal) (G1 Evacuation Pause)
[448.440s][info][gc,task        ] GC(1071) Using 2 workers of 2 for evacuation
[448.490s][info][gc,phases      ] GC(1071)   Pre Evacuate Collection Set: 0.30ms
[448.490s][info][gc,phases      ] GC(1071)   Merge Heap Roots: 0.35ms
[448.490s][info][gc,phases      ] GC(1071)   Evacuate Collection Set: 48.64ms
[448.490s][info][gc,phases      ] GC(1071)   Post Evacuate Collection Set: 0.40ms
[448.490s][info][gc,phases      ] GC(1071)   Other: 0.11ms
[448.490s][info][gc,heap        ] GC(1071) Eden regions: 143->0(126)
[448.490s][info][gc,heap        ] GC(1071) Survivor regions: 28->22(22)
[448.490s][info][gc,heap        ] GC(1071) Old regions: 720->749
[448.490s][info][gc,heap        ] GC(1071) Humongous regions: 9->9
[448.490s][info][gc,metaspace   ] GC(1071) Metaspace: 18966K(19200K)->18966K(19200K) NonClass: 16306K(16448K)->16306K(16448K) Class: 2660K(2752K)->2660K(2752K)
[448.490s][info][gc             ] GC(1071) Pause Young (Normal) (G1 Evacuation Pause) 899M->779M(978M) 50.056ms
[448.490s][info][gc,cpu         ] GC(1071) User=0.10s Sys=0.00s Real=0.05s
[448.713s][info][gc,start       ] GC(1072) Pause Young (Normal) (G1 Evacuation Pause)
[448.713s][info][gc,task        ] GC(1072) Using 2 workers of 2 for evacuation
[448.754s][info][gc,phases      ] GC(1072)   Pre Evacuate Collection Set: 0.31ms
[448.754s][info][gc,phases      ] GC(1072)   Merge Heap Roots: 0.29ms
[448.754s][info][gc,phases      ] GC(1072)   Evacuate Collection Set: 40.04ms
[448.754s][info][gc,phases      ] GC(1072)   Post Evacuate Collection Set: 0.47ms
[448.754s][info][gc,phases      ] GC(1072)   Other: 0.11ms
[448.754s][info][gc,heap        ] GC(1072) Eden regions: 126->0(121)
[448.754s][info][gc,heap        ] GC(1072) Survivor regions: 22->12(19)
[448.754s][info][gc,heap        ] GC(1072) Old regions: 749->771
[448.754s][info][gc,heap        ] GC(1072) Humongous regions: 12->12
[448.754s][info][gc,metaspace   ] GC(1072) Metaspace: 18966K(19200K)->18966K(19200K) NonClass: 16306K(16448K)->16306K(16448K) Class: 2660K(2752K)->2660K(2752K)
[448.754s][info][gc             ] GC(1072) Pause Young (Normal) (G1 Evacuation Pause) 908M->794M(978M) 41.482ms
[448.754s][info][gc,cpu         ] GC(1072) User=0.08s Sys=0.00s Real=0.04s
[448.985s][info][gc,start       ] GC(1073) Pause Young (Normal) (G1 Evacuation Pause)
[448.985s][info][gc,task        ] GC(1073) Using 2 workers of 2 for evacuation
[449.042s][info][gc,phases      ] GC(1073)   Pre Evacuate Collection Set: 0.28ms
[449.042s][info][gc,phases      ] GC(1073)   Merge Heap Roots: 0.30ms
[449.042s][info][gc,phases      ] GC(1073)   Evacuate Collection Set: 55.26ms
[449.042s][info][gc,phases      ] GC(1073)   Post Evacuate Collection Set: 0.41ms
[449.042s][info][gc,phases      ] GC(1073)   Other: 0.07ms
[449.042s][info][gc,heap        ] GC(1073) Eden regions: 121->0(89)
[449.042s][info][gc,heap        ] GC(1073) Survivor regions: 12->17(17)
[449.042s][info][gc,heap        ] GC(1073) Old regions: 771->793
[449.042s][info][gc,heap        ] GC(1073) Humongous regions: 12->12
[449.042s][info][gc,metaspace   ] GC(1073) Metaspace: 18966K(19200K)->18966K(19200K) NonClass: 16306K(16448K)->16306K(16448K) Class: 2660K(2752K)->2660K(2752K)
[449.042s][info][gc             ] GC(1073) Pause Young (Normal) (G1 Evacuation Pause) 915M->821M(978M) 56.528ms
[449.042s][info][gc,cpu         ] GC(1073) User=0.11s Sys=0.00s Real=0.06s
[449.200s][info][gc,start       ] GC(1074) Pause Young (Normal) (G1 Evacuation Pause)
[449.200s][info][gc,task        ] GC(1074) Using 2 workers of 2 for evacuation
[449.236s][info][gc,phases      ] GC(1074)   Pre Evacuate Collection Set: 0.53ms
[449.236s][info][gc,phases      ] GC(1074)   Merge Heap Roots: 0.17ms
[449.236s][info][gc,phases      ] GC(1074)   Evacuate Collection Set: 34.88ms
[449.236s][info][gc,phases      ] GC(1074)   Post Evacuate Collection Set: 0.34ms
[449.236s][info][gc,phases      ] GC(1074)   Other: 0.11ms
[449.236s][info][gc,heap        ] GC(1074) Eden regions: 89->0(77)
[449.236s][info][gc,heap        ] GC(1074) Survivor regions: 17->14(14)
[449.236s][info][gc,heap        ] GC(1074) Old regions: 793->811
[449.236s][info][gc,heap        ] GC(1074) Humongous regions: 12->12
[449.236s][info][gc,metaspace   ] GC(1074) Metaspace: 18966K(19200K)->18966K(19200K) NonClass: 16306K(16448K)->16306K(16448K) Class: 2660K(2752K)->2660K(2752K)
[449.236s][info][gc             ] GC(1074) Pause Young (Normal) (G1 Evacuation Pause) 910M->836M(978M) 36.252ms
[449.236s][info][gc,cpu         ] GC(1074) User=0.07s Sys=0.00s Real=0.03s
[449.318s][info][gc,start       ] GC(1075) Pause Young (Normal) (G1 Evacuation Pause)
[449.318s][info][gc,task        ] GC(1075) Using 2 workers of 2 for evacuation
[449.338s][info][gc,phases      ] GC(1075)   Pre Evacuate Collection Set: 0.28ms
[449.338s][info][gc,phases      ] GC(1075)   Merge Heap Roots: 0.10ms
[449.338s][info][gc,phases      ] GC(1075)   Evacuate Collection Set: 18.45ms
[449.338s][info][gc,phases      ] GC(1075)   Post Evacuate Collection Set: 0.28ms
[449.338s][info][gc,phases      ] GC(1075)   Other: 0.09ms
[449.338s][info][gc,heap        ] GC(1075) Eden regions: 77->0(82)
[449.338s][info][gc,heap        ] GC(1075) Survivor regions: 14->4(12)
[449.338s][info][gc,heap        ] GC(1075) Old regions: 811->826
[449.338s][info][gc,heap        ] GC(1075) Humongous regions: 12->12
[449.338s][info][gc,metaspace   ] GC(1075) Metaspace: 18966K(19200K)->18966K(19200K) NonClass: 16306K(16448K)->16306K(16448K) Class: 2660K(2752K)->2660K(2752K)
[449.338s][info][gc             ] GC(1075) Pause Young (Normal) (G1 Evacuation Pause) 913M->841M(978M) 19.406ms
[449.338s][info][gc,cpu         ] GC(1075) User=0.04s Sys=0.00s Real=0.02s
[449.439s][info][gc,start       ] GC(1076) Pause Young (Normal) (G1 Evacuation Pause)
[449.439s][info][gc,task        ] GC(1076) Using 2 workers of 2 for evacuation
[449.449s][info][gc,phases      ] GC(1076)   Pre Evacuate Collection Set: 0.50ms
[449.449s][info][gc,phases      ] GC(1076)   Merge Heap Roots: 0.14ms
[449.449s][info][gc,phases      ] GC(1076)   Evacuate Collection Set: 8.63ms
[449.449s][info][gc,phases      ] GC(1076)   Post Evacuate Collection Set: 0.32ms
[449.449s][info][gc,phases      ] GC(1076)   Other: 0.07ms
[449.449s][info][gc,heap        ] GC(1076) Eden regions: 82->0(80)
[449.449s][info][gc,heap        ] GC(1076) Survivor regions: 4->5(11)
[449.449s][info][gc,heap        ] GC(1076) Old regions: 826->826
[449.449s][info][gc,heap        ] GC(1076) Humongous regions: 12->12
[449.449s][info][gc,metaspace   ] GC(1076) Metaspace: 18966K(19200K)->18966K(19200K) NonClass: 16306K(16448K)->16306K(16448K) Class: 2660K(2752K)->2660K(2752K)
[449.449s][info][gc             ] GC(1076) Pause Young (Normal) (G1 Evacuation Pause) 923M->842M(978M) 9.871ms
[449.449s][info][gc,cpu         ] GC(1076) User=0.01s Sys=0.01s Real=0.01s
[449.585s][info][gc,start       ] GC(1077) Pause Young (Normal) (G1 Evacuation Pause)
[449.585s][info][gc,task        ] GC(1077) Using 2 workers of 2 for evacuation
[449.596s][info][gc,phases      ] GC(1077)   Pre Evacuate Collection Set: 0.29ms
[449.596s][info][gc,phases      ] GC(1077)   Merge Heap Roots: 0.17ms
[449.596s][info][gc,phases      ] GC(1077)   Evacuate Collection Set: 10.27ms
[449.596s][info][gc,phases      ] GC(1077)   Post Evacuate Collection Set: 0.32ms
[449.596s][info][gc,phases      ] GC(1077)   Other: 0.06ms
[449.596s][info][gc,heap        ] GC(1077) Eden regions: 80->0(80)
[449.596s][info][gc,heap        ] GC(1077) Survivor regions: 5->5(11)
[449.596s][info][gc,heap        ] GC(1077) Old regions: 826->826
[449.596s][info][gc,heap        ] GC(1077) Humongous regions: 12->12
[449.596s][info][gc,metaspace   ] GC(1077) Metaspace: 18966K(19200K)->18966K(19200K) NonClass: 16306K(16448K)->16306K(16448K) Class: 2660K(2752K)->2660K(2752K)
[449.596s][info][gc             ] GC(1077) Pause Young (Normal) (G1 Evacuation Pause) 922M->842M(978M) 11.361ms
[449.596s][info][gc,cpu         ] GC(1077) User=0.03s Sys=0.00s Real=0.01s
[449.733s][info][gc,start       ] GC(1078) Pause Young (Normal) (G1 Evacuation Pause)
[449.733s][info][gc,task        ] GC(1078) Using 2 workers of 2 for evacuation
[449.747s][info][gc,phases      ] GC(1078)   Pre Evacuate Collection Set: 0.32ms
[449.747s][info][gc,phases      ] GC(1078)   Merge Heap Roots: 0.14ms
[449.747s][info][gc,phases      ] GC(1078)   Evacuate Collection Set: 13.03ms
[449.747s][info][gc,phases      ] GC(1078)   Post Evacuate Collection Set: 0.32ms
[449.747s][info][gc,phases      ] GC(1078)   Other: 0.10ms
[449.747s][info][gc,heap        ] GC(1078) Eden regions: 80->0(72)
[449.747s][info][gc,heap        ] GC(1078) Survivor regions: 5->9(11)
[449.747s][info][gc,heap        ] GC(1078) Old regions: 826->826
[449.747s][info][gc,heap        ] GC(1078) Humongous regions: 12->12
[449.747s][info][gc,metaspace   ] GC(1078) Metaspace: 18966K(19200K)->18966K(19200K) NonClass: 16306K(16448K)->16306K(16448K) Class: 2660K(2752K)->2660K(2752K)
[449.747s][info][gc             ] GC(1078) Pause Young (Normal) (G1 Evacuation Pause) 922M->846M(978M) 14.164ms
[449.747s][info][gc,cpu         ] GC(1078) User=0.03s Sys=0.00s Real=0.02s
[449.894s][info][gc,start       ] GC(1079) Pause Young (Normal) (G1 Evacuation Pause)
[449.894s][info][gc,task        ] GC(1079) Using 2 workers of 2 for evacuation
[449.906s][info][gc,phases      ] GC(1079)   Pre Evacuate Collection Set: 0.30ms
[449.906s][info][gc,phases      ] GC(1079)   Merge Heap Roots: 0.11ms
[449.906s][info][gc,phases      ] GC(1079)   Evacuate Collection Set: 11.09ms
[449.906s][info][gc,phases      ] GC(1079)   Post Evacuate Collection Set: 0.31ms
[449.906s][info][gc,phases      ] GC(1079)   Other: 0.09ms
[449.906s][info][gc,heap        ] GC(1079) Eden regions: 72->0(76)
[449.906s][info][gc,heap        ] GC(1079) Survivor regions: 9->5(11)
[449.906s][info][gc,heap        ] GC(1079) Old regions: 826->830
[449.906s][info][gc,heap        ] GC(1079) Humongous regions: 12->12
[449.906s][info][gc,metaspace   ] GC(1079) Metaspace: 18966K(19200K)->18966K(19200K) NonClass: 16306K(16448K)->16306K(16448K) Class: 2660K(2752K)->2660K(2752K)
[449.906s][info][gc             ] GC(1079) Pause Young (Normal) (G1 Evacuation Pause) 918M->846M(978M) 12.125ms
[449.906s][info][gc,cpu         ] GC(1079) User=0.02s Sys=0.00s Real=0.01s
[450.094s][info][gc,marking     ] GC(1070) Concurrent Mark From Roots 1978.965ms
[450.094s][info][gc,marking     ] GC(1070) Concurrent Preclean
[450.094s][info][gc,marking     ] GC(1070) Concurrent Preclean 0.052ms
[450.094s][info][gc,start       ] GC(1070) Pause Remark
[450.102s][info][gc             ] GC(1070) Pause Remark 921M->811M(978M) 7.792ms
[450.102s][info][gc,cpu         ] GC(1070) User=0.02s Sys=0.00s Real=0.01s
[450.102s][info][gc,marking     ] GC(1070) Concurrent Mark 1987.192ms
[450.102s][info][gc,marking     ] GC(1070) Concurrent Rebuild Remembered Sets and Scrub Regions
[450.115s][info][gc,start       ] GC(1080) Pause Young (Normal) (G1 Evacuation Pause)
[450.116s][info][gc,task        ] GC(1080) Using 2 workers of 2 for evacuation
[450.133s][info][gc,phases      ] GC(1080)   Pre Evacuate Collection Set: 0.23ms
[450.133s][info][gc,phases      ] GC(1080)   Merge Heap Roots: 0.11ms
[450.133s][info][gc,phases      ] GC(1080)   Evacuate Collection Set: 16.28ms
[450.133s][info][gc,phases      ] GC(1080)   Post Evacuate Collection Set: 0.31ms
[450.133s][info][gc,phases      ] GC(1080)   Other: 0.10ms
[450.133s][info][gc,heap        ] GC(1080) Eden regions: 76->0(169)
[450.133s][info][gc,heap        ] GC(1080) Survivor regions: 5->11(11)
[450.133s][info][gc,heap        ] GC(1080) Old regions: 723->726
[450.133s][info][gc,heap        ] GC(1080) Humongous regions: 9->9
[450.133s][info][gc,metaspace   ] GC(1080) Metaspace: 18966K(19200K)->18966K(19200K) NonClass: 16306K(16448K)->16306K(16448K) Class: 2660K(2752K)->2660K(2752K)
[450.133s][info][gc             ] GC(1080) Pause Young (Normal) (G1 Evacuation Pause) 812M->745M(978M) 17.222ms
[450.133s][info][gc,cpu         ] GC(1080) User=0.04s Sys=0.00s Real=0.02s
[450.595s][info][gc,start       ] GC(1081) Pause Young (Normal) (G1 Evacuation Pause)
[450.595s][info][gc,task        ] GC(1081) Using 2 workers of 2 for evacuation
[450.636s][info][gc,phases      ] GC(1081)   Pre Evacuate Collection Set: 0.51ms
[450.636s][info][gc,phases      ] GC(1081)   Merge Heap Roots: 0.43ms
[450.636s][info][gc,phases      ] GC(1081)   Evacuate Collection Set: 39.50ms
[450.636s][info][gc,phases      ] GC(1081)   Post Evacuate Collection Set: 0.40ms
[450.636s][info][gc,phases      ] GC(1081)   Other: 0.07ms
[450.636s][info][gc,heap        ] GC(1081) Eden regions: 169->0(141)
[450.636s][info][gc,heap        ] GC(1081) Survivor regions: 11->23(23)
[450.636s][info][gc,heap        ] GC(1081) Old regions: 726->732
[450.636s][info][gc,heap        ] GC(1081) Humongous regions: 9->9
[450.636s][info][gc,metaspace   ] GC(1081) Metaspace: 18966K(19200K)->18966K(19200K) NonClass: 16306K(16448K)->16306K(16448K) Class: 2660K(2752K)->2660K(2752K)
[450.636s][info][gc             ] GC(1081) Pause Young (Normal) (G1 Evacuation Pause) 914M->763M(978M) 41.133ms
[450.636s][info][gc,cpu         ] GC(1081) User=0.08s Sys=0.00s Real=0.04s
[450.738s][info][gc,marking     ] GC(1070) Concurrent Rebuild Remembered Sets and Scrub Regions 636.148ms
[450.739s][info][gc,start       ] GC(1070) Pause Cleanup
[450.739s][info][gc             ] GC(1070) Pause Cleanup 776M->776M(978M) 0.118ms
[450.739s][info][gc,cpu         ] GC(1070) User=0.00s Sys=0.00s Real=0.00s
[450.739s][info][gc,marking     ] GC(1070) Concurrent Clear Claimed Marks
[450.739s][info][gc,marking     ] GC(1070) Concurrent Clear Claimed Marks 0.029ms
[450.739s][info][gc,marking     ] GC(1070) Concurrent Cleanup for Next Mark
[450.742s][info][gc,marking     ] GC(1070) Concurrent Cleanup for Next Mark 2.826ms
[450.742s][info][gc             ] GC(1070) Concurrent Mark Cycle 2674.647ms
[450.959s][info][gc,start       ] GC(1082) Pause Young (Prepare Mixed) (G1 Evacuation Pause)
[450.959s][info][gc,task        ] GC(1082) Using 2 workers of 2 for evacuation
[450.997s][info][gc,phases      ] GC(1082)   Pre Evacuate Collection Set: 0.51ms
[450.997s][info][gc,phases      ] GC(1082)   Merge Heap Roots: 0.23ms
[450.997s][info][gc,phases      ] GC(1082)   Evacuate Collection Set: 36.55ms
[450.997s][info][gc,phases      ] GC(1082)   Post Evacuate Collection Set: 0.44ms
[450.997s][info][gc,phases      ] GC(1082)   Other: 0.11ms
[450.997s][info][gc,heap        ] GC(1082) Eden regions: 141->0(136)
[450.997s][info][gc,heap        ] GC(1082) Survivor regions: 23->14(21)
[450.997s][info][gc,heap        ] GC(1082) Old regions: 732->755
[450.997s][info][gc,heap        ] GC(1082) Humongous regions: 9->9
[450.997s][info][gc,metaspace   ] GC(1082) Metaspace: 18967K(19200K)->18967K(19200K) NonClass: 16307K(16448K)->16307K(16448K) Class: 2660K(2752K)->2660K(2752K)
[450.997s][info][gc             ] GC(1082) Pause Young (Prepare Mixed) (G1 Evacuation Pause) 904M->777M(978M) 38.098ms
[450.997s][info][gc,cpu         ] GC(1082) User=0.07s Sys=0.00s Real=0.04s
[451.153s][info][gc,start       ] GC(1083) Pause Young (Mixed) (G1 Evacuation Pause)
[451.153s][info][gc,task        ] GC(1083) Using 2 workers of 2 for evacuation
[451.222s][info][gc,phases      ] GC(1083)   Pre Evacuate Collection Set: 0.56ms
[451.222s][info][gc,phases      ] GC(1083)   Merge Heap Roots: 1.04ms
[451.222s][info][gc,phases      ] GC(1083)   Evacuate Collection Set: 67.34ms
[451.222s][info][gc,phases      ] GC(1083)   Post Evacuate Collection Set: 0.54ms
[451.222s][info][gc,phases      ] GC(1083)   Other: 0.10ms
[451.222s][info][gc,heap        ] GC(1083) Eden regions: 136->0(192)
[451.222s][info][gc,heap        ] GC(1083) Survivor regions: 14->14(19)
[451.222s][info][gc,heap        ] GC(1083) Old regions: 755->698
[451.222s][info][gc,heap        ] GC(1083) Humongous regions: 9->9
[451.222s][info][gc,metaspace   ] GC(1083) Metaspace: 18972K(19200K)->18972K(19200K) NonClass: 16312K(16448K)->16312K(16448K) Class: 2660K(2752K)->2660K(2752K)
[451.222s][info][gc             ] GC(1083) Pause Young (Mixed) (G1 Evacuation Pause) 913M->720M(978M) 69.810ms
[451.222s][info][gc,cpu         ] GC(1083) User=0.13s Sys=0.00s Real=0.07s
[451.430s][info][gc,start       ] GC(1084) Pause Young (Concurrent Start) (G1 Evacuation Pause)
[451.431s][info][gc,task        ] GC(1084) Using 2 workers of 2 for evacuation
[451.465s][info][gc,phases      ] GC(1084)   Pre Evacuate Collection Set: 0.32ms
[451.466s][info][gc,phases      ] GC(1084)   Merge Heap Roots: 0.11ms
[451.466s][info][gc,phases      ] GC(1084)   Evacuate Collection Set: 33.86ms
[451.466s][info][gc,phases      ] GC(1084)   Post Evacuate Collection Set: 0.51ms
[451.466s][info][gc,phases      ] GC(1084)   Other: 0.12ms
[451.466s][info][gc,heap        ] GC(1084) Eden regions: 192->0(162)
[451.466s][info][gc,heap        ] GC(1084) Survivor regions: 14->25(26)
[451.466s][info][gc,heap        ] GC(1084) Old regions: 698->707
[451.466s][info][gc,heap        ] GC(1084) Humongous regions: 9->9
[451.466s][info][gc,metaspace   ] GC(1084) Metaspace: 18973K(19200K)->18973K(19200K) NonClass: 16312K(16448K)->16312K(16448K) Class: 2660K(2752K)->2660K(2752K)
[451.466s][info][gc             ] GC(1084) Pause Young (Concurrent Start) (G1 Evacuation Pause) 912M->739M(978M) 35.187ms
[451.466s][info][gc,cpu         ] GC(1084) User=0.07s Sys=0.00s Real=0.03s
[451.466s][info][gc             ] GC(1085) Concurrent Mark Cycle
[451.466s][info][gc,marking     ] GC(1085) Concurrent Scan Root Regions
[451.504s][info][gc,marking     ] GC(1085) Concurrent Scan Root Regions 38.418ms
[451.504s][info][gc,marking     ] GC(1085) Concurrent Mark
[451.504s][info][gc,marking     ] GC(1085) Concurrent Mark From Roots
[451.504s][info][gc,task        ] GC(1085) Using 1 workers of 1 for marking
[451.814s][info][gc,start       ] GC(1086) Pause Young (Normal) (G1 Evacuation Pause)
[451.814s][info][gc,task        ] GC(1086) Using 2 workers of 2 for evacuation
[451.845s][info][gc,phases      ] GC(1086)   Pre Evacuate Collection Set: 0.28ms
[451.845s][info][gc,phases      ] GC(1086)   Merge Heap Roots: 0.14ms
[451.845s][info][gc,phases      ] GC(1086)   Evacuate Collection Set: 29.59ms
[451.845s][info][gc,phases      ] GC(1086)   Post Evacuate Collection Set: 0.41ms
[451.845s][info][gc,phases      ] GC(1086)   Other: 0.07ms
[451.845s][info][gc,heap        ] GC(1086) Eden regions: 162->0(178)
[451.845s][info][gc,heap        ] GC(1086) Survivor regions: 25->4(24)
[451.845s][info][gc,heap        ] GC(1086) Old regions: 707->732
[451.845s][info][gc,heap        ] GC(1086) Humongous regions: 9->9
[451.845s][info][gc,metaspace   ] GC(1086) Metaspace: 18973K(19200K)->18973K(19200K) NonClass: 16312K(16448K)->16312K(16448K) Class: 2660K(2752K)->2660K(2752K)
[451.845s][info][gc             ] GC(1086) Pause Young (Normal) (G1 Evacuation Pause) 901M->744M(978M) 30.703ms
[451.845s][info][gc,cpu         ] GC(1086) User=0.06s Sys=0.00s Real=0.03s
[452.427s][info][gc,start       ] GC(1087) Pause Young (Normal) (G1 Evacuation Pause)
[452.427s][info][gc,task        ] GC(1087) Using 2 workers of 2 for evacuation
[452.437s][info][gc,phases      ] GC(1087)   Pre Evacuate Collection Set: 0.29ms
[452.437s][info][gc,phases      ] GC(1087)   Merge Heap Roots: 0.10ms
[452.437s][info][gc,phases      ] GC(1087)   Evacuate Collection Set: 8.37ms
[452.437s][info][gc,phases      ] GC(1087)   Post Evacuate Collection Set: 0.37ms
[452.437s][info][gc,phases      ] GC(1087)   Other: 0.10ms
[452.437s][info][gc,heap        ] GC(1087) Eden regions: 178->0(171)
[452.437s][info][gc,heap        ] GC(1087) Survivor regions: 4->8(23)
[452.437s][info][gc,heap        ] GC(1087) Old regions: 732->732
[452.437s][info][gc,heap        ] GC(1087) Humongous regions: 9->9
[452.437s][info][gc,metaspace   ] GC(1087) Metaspace: 18973K(19200K)->18973K(19200K) NonClass: 16313K(16448K)->16313K(16448K) Class: 2660K(2752K)->2660K(2752K)
[452.437s][info][gc             ] GC(1087) Pause Young (Normal) (G1 Evacuation Pause) 922M->748M(978M) 9.452ms
[452.437s][info][gc,cpu         ] GC(1087) User=0.02s Sys=0.00s Real=0.00s
[452.683s][info][gc,marking     ] GC(1085) Concurrent Mark From Roots 1179.050ms
[452.683s][info][gc,marking     ] GC(1085) Concurrent Preclean
[452.683s][info][gc,marking     ] GC(1085) Concurrent Preclean 0.051ms
[452.683s][info][gc,start       ] GC(1085) Pause Remark
[452.691s][info][gc             ] GC(1085) Pause Remark 882M->640M(978M) 7.905ms
[452.691s][info][gc,cpu         ] GC(1085) User=0.02s Sys=0.01s Real=0.01s
[452.693s][info][gc,marking     ] GC(1085) Concurrent Mark 1188.635ms
[452.693s][info][gc,marking     ] GC(1085) Concurrent Rebuild Remembered Sets and Scrub Regions
[452.768s][info][gc,start       ] GC(1088) Pause Young (Normal) (G1 Evacuation Pause)
[452.768s][info][gc,task        ] GC(1088) Using 2 workers of 2 for evacuation
[452.789s][info][gc,phases      ] GC(1088)   Pre Evacuate Collection Set: 0.30ms
[452.789s][info][gc,phases      ] GC(1088)   Merge Heap Roots: 0.10ms
[452.790s][info][gc,phases      ] GC(1088)   Evacuate Collection Set: 20.35ms
[452.790s][info][gc,phases      ] GC(1088)   Post Evacuate Collection Set: 0.39ms
[452.790s][info][gc,phases      ] GC(1088)   Other: 0.10ms
[452.790s][info][gc,heap        ] GC(1088) Eden regions: 171->0(358)
[452.790s][info][gc,heap        ] GC(1088) Survivor regions: 8->20(23)
[452.790s][info][gc,heap        ] GC(1088) Old regions: 495->495
[452.790s][info][gc,heap        ] GC(1088) Humongous regions: 4->4
[452.790s][info][gc,metaspace   ] GC(1088) Metaspace: 18973K(19200K)->18973K(19200K) NonClass: 16313K(16448K)->16313K(16448K) Class: 2660K(2752K)->2660K(2752K)
[452.790s][info][gc             ] GC(1088) Pause Young (Normal) (G1 Evacuation Pause) 677M->518M(978M) 21.501ms
[452.790s][info][gc,cpu         ] GC(1088) User=0.04s Sys=0.00s Real=0.02s
[453.109s][info][gc,marking     ] GC(1085) Concurrent Rebuild Remembered Sets and Scrub Regions 415.806ms
[453.109s][info][gc,start       ] GC(1085) Pause Cleanup
[453.109s][info][gc             ] GC(1085) Pause Cleanup 737M->737M(978M) 0.171ms
[453.109s][info][gc,cpu         ] GC(1085) User=0.00s Sys=0.00s Real=0.00s
[453.109s][info][gc,marking     ] GC(1085) Concurrent Clear Claimed Marks
[453.109s][info][gc,marking     ] GC(1085) Concurrent Clear Claimed Marks 0.036ms
[453.109s][info][gc,marking     ] GC(1085) Concurrent Cleanup for Next Mark
[453.113s][info][gc,marking     ] GC(1085) Concurrent Cleanup for Next Mark 4.126ms
[453.113s][info][gc             ] GC(1085) Concurrent Mark Cycle 1647.654ms
[453.286s][info][gc,start       ] GC(1089) Pause Young (Prepare Mixed) (G1 Evacuation Pause)
[453.286s][info][gc,task        ] GC(1089) Using 2 workers of 2 for evacuation
[453.361s][info][gc,phases      ] GC(1089)   Pre Evacuate Collection Set: 0.50ms
[453.362s][info][gc,phases      ] GC(1089)   Merge Heap Roots: 0.16ms
[453.362s][info][gc,phases      ] GC(1089)   Evacuate Collection Set: 73.87ms
[453.362s][info][gc,phases      ] GC(1089)   Post Evacuate Collection Set: 0.74ms
[453.362s][info][gc,phases      ] GC(1089)   Other: 0.09ms
[453.362s][info][gc,heap        ] GC(1089) Eden regions: 358->0(294)
[453.362s][info][gc,heap        ] GC(1089) Survivor regions: 20->48(48)
[453.362s][info][gc,heap        ] GC(1089) Old regions: 495->526
[453.362s][info][gc,heap        ] GC(1089) Humongous regions: 4->4
[453.362s][info][gc,metaspace   ] GC(1089) Metaspace: 18973K(19200K)->18973K(19200K) NonClass: 16313K(16448K)->16313K(16448K) Class: 2660K(2752K)->2660K(2752K)
[453.362s][info][gc             ] GC(1089) Pause Young (Prepare Mixed) (G1 Evacuation Pause) 876M->577M(978M) 75.591ms
[453.362s][info][gc,cpu         ] GC(1089) User=0.15s Sys=0.00s Real=0.08s
[453.722s][info][gc,start       ] GC(1090) Pause Young (Mixed) (G1 Evacuation Pause)
[453.722s][info][gc,task        ] GC(1090) Using 2 workers of 2 for evacuation
[453.843s][info][gc,phases      ] GC(1090)   Pre Evacuate Collection Set: 0.37ms
[453.843s][info][gc,phases      ] GC(1090)   Merge Heap Roots: 0.42ms
[453.843s][info][gc,phases      ] GC(1090)   Evacuate Collection Set: 119.35ms
[453.843s][info][gc,phases      ] GC(1090)   Post Evacuate Collection Set: 0.64ms
[453.843s][info][gc,phases      ] GC(1090)   Other: 0.12ms
[453.843s][info][gc,heap        ] GC(1090) Eden regions: 294->0(291)
[453.843s][info][gc,heap        ] GC(1090) Survivor regions: 48->43(43)
[453.843s][info][gc,heap        ] GC(1090) Old regions: 526->510
[453.843s][info][gc,heap        ] GC(1090) Humongous regions: 7->7
[453.843s][info][gc,metaspace   ] GC(1090) Metaspace: 18973K(19200K)->18973K(19200K) NonClass: 16313K(16448K)->16313K(16448K) Class: 2660K(2752K)->2660K(2752K)
[453.843s][info][gc             ] GC(1090) Pause Young (Mixed) (G1 Evacuation Pause) 874M->559M(978M) 121.142ms
[453.843s][info][gc,cpu         ] GC(1090) User=0.24s Sys=0.00s Real=0.12s
[454.155s][info][gc,start       ] GC(1091) Pause Young (Concurrent Start) (G1 Evacuation Pause)
[454.155s][info][gc,task        ] GC(1091) Using 2 workers of 2 for evacuation
[454.222s][info][gc,phases      ] GC(1091)   Pre Evacuate Collection Set: 0.32ms
[454.222s][info][gc,phases      ] GC(1091)   Merge Heap Roots: 0.45ms
[454.222s][info][gc,phases      ] GC(1091)   Evacuate Collection Set: 65.47ms
[454.222s][info][gc,phases      ] GC(1091)   Post Evacuate Collection Set: 0.52ms
[454.222s][info][gc,phases      ] GC(1091)   Other: 0.21ms
[454.222s][info][gc,heap        ] GC(1091) Eden regions: 291->0(304)
[454.222s][info][gc,heap        ] GC(1091) Survivor regions: 43->6(42)
[454.222s][info][gc,heap        ] GC(1091) Old regions: 510->553
[454.222s][info][gc,heap        ] GC(1091) Humongous regions: 7->7
[454.222s][info][gc,metaspace   ] GC(1091) Metaspace: 18973K(19200K)->18973K(19200K) NonClass: 16313K(16448K)->16313K(16448K) Class: 2660K(2752K)->2660K(2752K)
[454.222s][info][gc             ] GC(1091) Pause Young (Concurrent Start) (G1 Evacuation Pause) 850M->565M(978M) 67.208ms
[454.222s][info][gc             ] GC(1092) Concurrent Mark Cycle
[454.222s][info][gc,marking     ] GC(1092) Concurrent Scan Root Regions
[454.222s][info][gc,cpu         ] GC(1091) User=0.13s Sys=0.00s Real=0.07s
[454.296s][info][gc,marking     ] GC(1092) Concurrent Scan Root Regions 74.314ms
[454.296s][info][gc,marking     ] GC(1092) Concurrent Mark
[454.296s][info][gc,marking     ] GC(1092) Concurrent Mark From Roots
[454.296s][info][gc,task        ] GC(1092) Using 1 workers of 1 for marking
[454.772s][info][gc,start       ] GC(1093) Pause Young (Normal) (G1 Evacuation Pause)
[454.772s][info][gc,task        ] GC(1093) Using 2 workers of 2 for evacuation
[454.834s][info][gc,phases      ] GC(1093)   Pre Evacuate Collection Set: 0.28ms
[454.834s][info][gc,phases      ] GC(1093)   Merge Heap Roots: 0.19ms
[454.834s][info][gc,phases      ] GC(1093)   Evacuate Collection Set: 60.67ms
[454.834s][info][gc,phases      ] GC(1093)   Post Evacuate Collection Set: 0.63ms
[454.834s][info][gc,phases      ] GC(1093)   Other: 0.09ms
[454.834s][info][gc,heap        ] GC(1093) Eden regions: 304->0(241)
[454.834s][info][gc,heap        ] GC(1093) Survivor regions: 6->39(39)
[454.834s][info][gc,heap        ] GC(1093) Old regions: 553->580
[454.834s][info][gc,heap        ] GC(1093) Humongous regions: 7->7
[454.834s][info][gc,metaspace   ] GC(1093) Metaspace: 18979K(19200K)->18979K(19200K) NonClass: 16319K(16448K)->16319K(16448K) Class: 2660K(2752K)->2660K(2752K)
[454.834s][info][gc             ] GC(1093) Pause Young (Normal) (G1 Evacuation Pause) 869M->625M(978M) 62.086ms
[454.834s][info][gc,cpu         ] GC(1093) User=0.12s Sys=0.00s Real=0.06s
[455.160s][info][gc,marking     ] GC(1092) Concurrent Mark From Roots 863.924ms
[455.160s][info][gc,marking     ] GC(1092) Concurrent Preclean
[455.160s][info][gc,marking     ] GC(1092) Concurrent Preclean 0.052ms
[455.161s][info][gc,start       ] GC(1092) Pause Remark
[455.168s][info][gc             ] GC(1092) Pause Remark 738M->582M(978M) 7.828ms
[455.168s][info][gc,cpu         ] GC(1092) User=0.02s Sys=0.00s Real=0.01s
[455.171s][info][gc,marking     ] GC(1092) Concurrent Mark 874.679ms
[455.171s][info][gc,marking     ] GC(1092) Concurrent Rebuild Remembered Sets and Scrub Regions
[455.442s][info][gc,marking     ] GC(1092) Concurrent Rebuild Remembered Sets and Scrub Regions 270.866ms
[455.442s][info][gc,start       ] GC(1092) Pause Cleanup
[455.442s][info][gc             ] GC(1092) Pause Cleanup 646M->646M(978M) 0.127ms
[455.442s][info][gc,cpu         ] GC(1092) User=0.00s Sys=0.00s Real=0.00s
[455.443s][info][gc,marking     ] GC(1092) Concurrent Clear Claimed Marks
[455.444s][info][gc,marking     ] GC(1092) Concurrent Clear Claimed Marks 0.052ms
[455.444s][info][gc,marking     ] GC(1092) Concurrent Cleanup for Next Mark
[455.449s][info][gc,marking     ] GC(1092) Concurrent Cleanup for Next Mark 5.423ms
[455.449s][info][gc             ] GC(1092) Concurrent Mark Cycle 1227.003ms
[455.525s][info][gc,start       ] GC(1094) Pause Young (Prepare Mixed) (G1 Evacuation Pause)
[455.525s][info][gc,task        ] GC(1094) Using 2 workers of 2 for evacuation
[455.604s][info][gc,phases      ] GC(1094)   Pre Evacuate Collection Set: 0.32ms
[455.604s][info][gc,phases      ] GC(1094)   Merge Heap Roots: 0.48ms
[455.604s][info][gc,phases      ] GC(1094)   Evacuate Collection Set: 77.32ms
[455.604s][info][gc,phases      ] GC(1094)   Post Evacuate Collection Set: 0.51ms
[455.604s][info][gc,phases      ] GC(1094)   Other: 0.11ms
[455.604s][info][gc,heap        ] GC(1094) Eden regions: 241->0(335)
[455.604s][info][gc,heap        ] GC(1094) Survivor regions: 39->26(35)
[455.604s][info][gc,heap        ] GC(1094) Old regions: 427->466
[455.604s][info][gc,heap        ] GC(1094) Humongous regions: 5->5
[455.604s][info][gc,metaspace   ] GC(1094) Metaspace: 18979K(19200K)->18979K(19200K) NonClass: 16319K(16448K)->16319K(16448K) Class: 2660K(2752K)->2660K(2752K)
[455.604s][info][gc             ] GC(1094) Pause Young (Prepare Mixed) (G1 Evacuation Pause) 711M->496M(978M) 79.010ms
[455.604s][info][gc,cpu         ] GC(1094) User=0.16s Sys=0.00s Real=0.08s
[455.986s][info][gc,start       ] GC(1095) Pause Young (Mixed) (G1 Evacuation Pause)
[455.986s][info][gc,task        ] GC(1095) Using 2 workers of 2 for evacuation
[456.046s][info][gc,phases      ] GC(1095)   Pre Evacuate Collection Set: 0.32ms
[456.046s][info][gc,phases      ] GC(1095)   Merge Heap Roots: 0.21ms
[456.046s][info][gc,phases      ] GC(1095)   Evacuate Collection Set: 58.36ms
[456.046s][info][gc,phases      ] GC(1095)   Post Evacuate Collection Set: 0.60ms
[456.046s][info][gc,phases      ] GC(1095)   Other: 0.08ms
[456.046s][info][gc,heap        ] GC(1095) Eden regions: 335->0(355)
[456.046s][info][gc,heap        ] GC(1095) Survivor regions: 26->27(46)
[456.046s][info][gc,heap        ] GC(1095) Old regions: 466->447
[456.046s][info][gc,heap        ] GC(1095) Humongous regions: 5->5
[456.046s][info][gc,metaspace   ] GC(1095) Metaspace: 18979K(19200K)->18979K(19200K) NonClass: 16319K(16448K)->16319K(16448K) Class: 2660K(2752K)->2660K(2752K)
[456.046s][info][gc             ] GC(1095) Pause Young (Mixed) (G1 Evacuation Pause) 831M->477M(978M) 59.799ms
[456.046s][info][gc,cpu         ] GC(1095) User=0.11s Sys=0.00s Real=0.06s
[456.790s][info][gc,start       ] GC(1096) Pause Young (Concurrent Start) (G1 Evacuation Pause)
[456.790s][info][gc,task        ] GC(1096) Using 2 workers of 2 for evacuation
[456.822s][info][gc,phases      ] GC(1096)   Pre Evacuate Collection Set: 0.31ms
[456.822s][info][gc,phases      ] GC(1096)   Merge Heap Roots: 0.24ms
[456.822s][info][gc,phases      ] GC(1096)   Evacuate Collection Set: 30.19ms
[456.822s][info][gc,phases      ] GC(1096)   Post Evacuate Collection Set: 0.55ms
[456.822s][info][gc,phases      ] GC(1096)   Other: 0.12ms
[456.822s][info][gc,heap        ] GC(1096) Eden regions: 355->0(376)
[456.822s][info][gc,heap        ] GC(1096) Survivor regions: 27->2(48)
[456.822s][info][gc,heap        ] GC(1096) Old regions: 447->473
[456.822s][info][gc,heap        ] GC(1096) Humongous regions: 5->5
[456.822s][info][gc,metaspace   ] GC(1096) Metaspace: 18979K(19200K)->18979K(19200K) NonClass: 16319K(16448K)->16319K(16448K) Class: 2660K(2752K)->2660K(2752K)
[456.822s][info][gc             ] GC(1096) Pause Young (Concurrent Start) (G1 Evacuation Pause) 832M->479M(978M) 31.655ms
[456.822s][info][gc             ] GC(1097) Concurrent Mark Cycle
[456.822s][info][gc,marking     ] GC(1097) Concurrent Scan Root Regions
[456.824s][info][gc,cpu         ] GC(1096) User=0.07s Sys=0.00s Real=0.03s
[456.874s][info][gc,marking     ] GC(1097) Concurrent Scan Root Regions 51.991ms
[456.874s][info][gc,marking     ] GC(1097) Concurrent Mark
[456.874s][info][gc,marking     ] GC(1097) Concurrent Mark From Roots
[456.874s][info][gc,task        ] GC(1097) Using 1 workers of 1 for marking
[457.780s][info][gc,start       ] GC(1098) Pause Young (Normal) (G1 Evacuation Pause)
[457.780s][info][gc,task        ] GC(1098) Using 2 workers of 2 for evacuation
[457.851s][info][gc,phases      ] GC(1098)   Pre Evacuate Collection Set: 0.32ms
[457.851s][info][gc,phases      ] GC(1098)   Merge Heap Roots: 0.32ms
[457.851s][info][gc,phases      ] GC(1098)   Evacuate Collection Set: 69.61ms
[457.851s][info][gc,phases      ] GC(1098)   Post Evacuate Collection Set: 0.67ms
[457.851s][info][gc,phases      ] GC(1098)   Other: 0.10ms
[457.851s][info][gc,heap        ] GC(1098) Eden regions: 376->0(300)
[457.851s][info][gc,heap        ] GC(1098) Survivor regions: 2->48(48)
[457.851s][info][gc,heap        ] GC(1098) Old regions: 473->495
[457.851s][info][gc,heap        ] GC(1098) Humongous regions: 5->5
[457.851s][info][gc,metaspace   ] GC(1098) Metaspace: 18980K(19200K)->18980K(19200K) NonClass: 16320K(16448K)->16320K(16448K) Class: 2660K(2752K)->2660K(2752K)
[457.851s][info][gc             ] GC(1098) Pause Young (Normal) (G1 Evacuation Pause) 855M->547M(978M) 71.299ms
[457.851s][info][gc,cpu         ] GC(1098) User=0.14s Sys=0.00s Real=0.07s
[458.095s][info][gc,marking     ] GC(1097) Concurrent Mark From Roots 1221.178ms
[458.095s][info][gc,marking     ] GC(1097) Concurrent Preclean
[458.095s][info][gc,marking     ] GC(1097) Concurrent Preclean 0.042ms
[458.095s][info][gc,start       ] GC(1097) Pause Remark
[458.103s][info][gc             ] GC(1097) Pause Remark 680M->680M(978M) 7.811ms
[458.103s][info][gc,cpu         ] GC(1097) User=0.02s Sys=0.00s Real=0.01s
[458.103s][info][gc,marking     ] GC(1097) Concurrent Mark 1229.335ms
[458.103s][info][gc,marking     ] GC(1097) Concurrent Rebuild Remembered Sets and Scrub Regions
[458.510s][info][gc,marking     ] GC(1097) Concurrent Rebuild Remembered Sets and Scrub Regions 406.584ms
[458.510s][info][gc,start       ] GC(1097) Pause Cleanup
[458.510s][info][gc             ] GC(1097) Pause Cleanup 827M->827M(978M) 0.088ms
[458.510s][info][gc,cpu         ] GC(1097) User=0.00s Sys=0.00s Real=0.00s
[458.511s][info][gc,marking     ] GC(1097) Concurrent Clear Claimed Marks
[458.511s][info][gc,marking     ] GC(1097) Concurrent Clear Claimed Marks 0.040ms
[458.511s][info][gc,marking     ] GC(1097) Concurrent Cleanup for Next Mark
[458.519s][info][gc,marking     ] GC(1097) Concurrent Cleanup for Next Mark 7.643ms
[458.519s][info][gc             ] GC(1097) Concurrent Mark Cycle 1696.909ms
[458.555s][info][gc,start       ] GC(1099) Pause Young (Prepare Mixed) (G1 Evacuation Pause)
[458.555s][info][gc,task        ] GC(1099) Using 2 workers of 2 for evacuation
[458.654s][info][gc,phases      ] GC(1099)   Pre Evacuate Collection Set: 0.28ms
[458.654s][info][gc,phases      ] GC(1099)   Merge Heap Roots: 0.58ms
[458.654s][info][gc,phases      ] GC(1099)   Evacuate Collection Set: 97.27ms
[458.654s][info][gc,phases      ] GC(1099)   Post Evacuate Collection Set: 0.66ms
[458.654s][info][gc,phases      ] GC(1099)   Other: 0.10ms
[458.654s][info][gc,heap        ] GC(1099) Eden regions: 300->0(295)
[458.654s][info][gc,heap        ] GC(1099) Survivor regions: 48->18(44)
[458.654s][info][gc,heap        ] GC(1099) Old regions: 495->544
[458.654s][info][gc,heap        ] GC(1099) Humongous regions: 8->8
[458.654s][info][gc,metaspace   ] GC(1099) Metaspace: 18980K(19200K)->18980K(19200K) NonClass: 16320K(16448K)->16320K(16448K) Class: 2660K(2752K)->2660K(2752K)
[458.655s][info][gc             ] GC(1099) Pause Young (Prepare Mixed) (G1 Evacuation Pause) 850M->568M(978M) 99.124ms
[458.655s][info][gc,cpu         ] GC(1099) User=0.19s Sys=0.00s Real=0.10s
[459.057s][info][gc,start       ] GC(1100) Pause Young (Mixed) (G1 Evacuation Pause)
[459.057s][info][gc,task        ] GC(1100) Using 2 workers of 2 for evacuation
[459.121s][info][gc,phases      ] GC(1100)   Pre Evacuate Collection Set: 0.32ms
[459.121s][info][gc,phases      ] GC(1100)   Merge Heap Roots: 0.44ms
[459.121s][info][gc,phases      ] GC(1100)   Evacuate Collection Set: 61.93ms
[459.121s][info][gc,phases      ] GC(1100)   Post Evacuate Collection Set: 0.80ms
[459.121s][info][gc,phases      ] GC(1100)   Other: 0.11ms
[459.121s][info][gc,heap        ] GC(1100) Eden regions: 295->0(269)
[459.121s][info][gc,heap        ] GC(1100) Survivor regions: 18->40(40)
[459.121s][info][gc,heap        ] GC(1100) Old regions: 544->546
[459.121s][info][gc,heap        ] GC(1100) Humongous regions: 8->8
[459.121s][info][gc,metaspace   ] GC(1100) Metaspace: 18982K(19200K)->18982K(19200K) NonClass: 16321K(16448K)->16321K(16448K) Class: 2660K(2752K)->2660K(2752K)
[459.121s][info][gc             ] GC(1100) Pause Young (Mixed) (G1 Evacuation Pause) 863M->593M(978M) 63.857ms
[459.121s][info][gc,cpu         ] GC(1100) User=0.13s Sys=0.00s Real=0.06s
[459.389s][info][gc,start       ] GC(1101) Pause Young (Concurrent Start) (G1 Evacuation Pause)
[459.389s][info][gc,task        ] GC(1101) Using 2 workers of 2 for evacuation
[459.471s][info][gc,phases      ] GC(1101)   Pre Evacuate Collection Set: 0.33ms
[459.471s][info][gc,phases      ] GC(1101)   Merge Heap Roots: 0.42ms
[459.471s][info][gc,phases      ] GC(1101)   Evacuate Collection Set: 79.90ms
[459.471s][info][gc,phases      ] GC(1101)   Post Evacuate Collection Set: 0.54ms
[459.471s][info][gc,phases      ] GC(1101)   Other: 0.20ms
[459.471s][info][gc,heap        ] GC(1101) Eden regions: 269->0(243)
[459.471s][info][gc,heap        ] GC(1101) Survivor regions: 40->36(39)
[459.471s][info][gc,heap        ] GC(1101) Old regions: 546->587
[459.471s][info][gc,heap        ] GC(1101) Humongous regions: 8->8
[459.471s][info][gc,metaspace   ] GC(1101) Metaspace: 18982K(19200K)->18982K(19200K) NonClass: 16321K(16448K)->16321K(16448K) Class: 2660K(2752K)->2660K(2752K)
[459.471s][info][gc             ] GC(1101) Pause Young (Concurrent Start) (G1 Evacuation Pause) 862M->629M(978M) 81.647ms
[459.471s][info][gc             ] GC(1102) Concurrent Mark Cycle
[459.471s][info][gc,marking     ] GC(1102) Concurrent Scan Root Regions
[459.471s][info][gc,cpu         ] GC(1101) User=0.16s Sys=0.00s Real=0.08s
[459.552s][info][gc,marking     ] GC(1102) Concurrent Scan Root Regions 81.315ms
[459.552s][info][gc,marking     ] GC(1102) Concurrent Mark
[459.552s][info][gc,marking     ] GC(1102) Concurrent Mark From Roots
[459.552s][info][gc,task        ] GC(1102) Using 1 workers of 1 for marking
[460.219s][info][gc,start       ] GC(1103) Pause Young (Normal) (G1 Evacuation Pause)
[460.219s][info][gc,task        ] GC(1103) Using 2 workers of 2 for evacuation
[460.279s][info][gc,phases      ] GC(1103)   Pre Evacuate Collection Set: 0.29ms
[460.279s][info][gc,phases      ] GC(1103)   Merge Heap Roots: 0.25ms
[460.279s][info][gc,phases      ] GC(1103)   Evacuate Collection Set: 58.13ms
[460.279s][info][gc,phases      ] GC(1103)   Post Evacuate Collection Set: 0.53ms
[460.279s][info][gc,phases      ] GC(1103)   Other: 0.08ms
[460.279s][info][gc,heap        ] GC(1103) Eden regions: 243->0(237)
[460.279s][info][gc,heap        ] GC(1103) Survivor regions: 36->16(35)
[460.279s][info][gc,heap        ] GC(1103) Old regions: 587->622
[460.279s][info][gc,heap        ] GC(1103) Humongous regions: 11->11
[460.279s][info][gc,metaspace   ] GC(1103) Metaspace: 18982K(19200K)->18982K(19200K) NonClass: 16321K(16448K)->16321K(16448K) Class: 2660K(2752K)->2660K(2752K)
[460.279s][info][gc             ] GC(1103) Pause Young (Normal) (G1 Evacuation Pause) 875M->648M(978M) 59.490ms
[460.279s][info][gc,cpu         ] GC(1103) User=0.12s Sys=0.00s Real=0.06s
[460.750s][info][gc,marking     ] GC(1102) Concurrent Mark From Roots 1197.764ms
[460.750s][info][gc,marking     ] GC(1102) Concurrent Preclean
[460.750s][info][gc,marking     ] GC(1102) Concurrent Preclean 0.048ms
[460.750s][info][gc,start       ] GC(1102) Pause Remark
[460.758s][info][gc             ] GC(1102) Pause Remark 779M->634M(978M) 7.746ms
[460.758s][info][gc,cpu         ] GC(1102) User=0.01s Sys=0.00s Real=0.01s
[460.758s][info][gc,marking     ] GC(1102) Concurrent Mark 1205.858ms
[460.758s][info][gc,marking     ] GC(1102) Concurrent Rebuild Remembered Sets and Scrub Regions
[461.014s][info][gc,start       ] GC(1104) Pause Young (Normal) (G1 Evacuation Pause)
[461.014s][info][gc,task        ] GC(1104) Using 2 workers of 2 for evacuation
[461.045s][info][gc,phases      ] GC(1104)   Pre Evacuate Collection Set: 0.48ms
[461.045s][info][gc,phases      ] GC(1104)   Merge Heap Roots: 0.43ms
[461.045s][info][gc,phases      ] GC(1104)   Evacuate Collection Set: 29.20ms
[461.045s][info][gc,phases      ] GC(1104)   Post Evacuate Collection Set: 0.51ms
[461.045s][info][gc,phases      ] GC(1104)   Other: 0.08ms
[461.045s][info][gc,heap        ] GC(1104) Eden regions: 237->0(357)
[461.045s][info][gc,heap        ] GC(1104) Survivor regions: 16->16(32)
[461.045s][info][gc,heap        ] GC(1104) Old regions: 480->480
[461.045s][info][gc,heap        ] GC(1104) Humongous regions: 8->8
[461.045s][info][gc,metaspace   ] GC(1104) Metaspace: 18982K(19200K)->18982K(19200K) NonClass: 16321K(16448K)->16321K(16448K) Class: 2660K(2752K)->2660K(2752K)
[461.045s][info][gc             ] GC(1104) Pause Young (Normal) (G1 Evacuation Pause) 740M->503M(978M) 30.959ms
[461.045s][info][gc,cpu         ] GC(1104) User=0.06s Sys=0.00s Real=0.03s
[461.165s][info][gc,marking     ] GC(1102) Concurrent Rebuild Remembered Sets and Scrub Regions 406.591ms
[461.165s][info][gc,start       ] GC(1102) Pause Cleanup
[461.165s][info][gc             ] GC(1102) Pause Cleanup 550M->550M(978M) 0.112ms
[461.165s][info][gc,cpu         ] GC(1102) User=0.00s Sys=0.00s Real=0.00s
[461.165s][info][gc,marking     ] GC(1102) Concurrent Clear Claimed Marks
[461.165s][info][gc,marking     ] GC(1102) Concurrent Clear Claimed Marks 0.035ms
[461.165s][info][gc,marking     ] GC(1102) Concurrent Cleanup for Next Mark
[461.170s][info][gc,marking     ] GC(1102) Concurrent Cleanup for Next Mark 4.839ms
[461.170s][info][gc             ] GC(1102) Concurrent Mark Cycle 1699.127ms
[461.542s][info][gc,start       ] GC(1105) Pause Young (Prepare Mixed) (G1 Evacuation Pause)
[461.543s][info][gc,task        ] GC(1105) Using 2 workers of 2 for evacuation
[461.606s][info][gc,phases      ] GC(1105)   Pre Evacuate Collection Set: 0.54ms
[461.606s][info][gc,phases      ] GC(1105)   Merge Heap Roots: 0.47ms
[461.606s][info][gc,phases      ] GC(1105)   Evacuate Collection Set: 61.75ms
[461.606s][info][gc,phases      ] GC(1105)   Post Evacuate Collection Set: 0.68ms
[461.606s][info][gc,phases      ] GC(1105)   Other: 0.08ms
[461.606s][info][gc,heap        ] GC(1105) Eden regions: 357->0(332)
[461.606s][info][gc,heap        ] GC(1105) Survivor regions: 16->47(47)
[461.606s][info][gc,heap        ] GC(1105) Old regions: 480->480
[461.606s][info][gc,heap        ] GC(1105) Humongous regions: 8->8
[461.606s][info][gc,metaspace   ] GC(1105) Metaspace: 18982K(19200K)->18982K(19200K) NonClass: 16321K(16448K)->16321K(16448K) Class: 2660K(2752K)->2660K(2752K)
[461.606s][info][gc             ] GC(1105) Pause Young (Prepare Mixed) (G1 Evacuation Pause) 860M->534M(978M) 63.742ms
[461.606s][info][gc,cpu         ] GC(1105) User=0.12s Sys=0.00s Real=0.06s
[461.914s][info][gc,start       ] GC(1106) Pause Young (Mixed) (G1 Evacuation Pause)
[461.914s][info][gc,task        ] GC(1106) Using 2 workers of 2 for evacuation
[461.982s][info][gc,phases      ] GC(1106)   Pre Evacuate Collection Set: 0.33ms
[461.982s][info][gc,phases      ] GC(1106)   Merge Heap Roots: 0.34ms
[461.982s][info][gc,phases      ] GC(1106)   Evacuate Collection Set: 66.22ms
[461.982s][info][gc,phases      ] GC(1106)   Post Evacuate Collection Set: 0.57ms
[461.982s][info][gc,phases      ] GC(1106)   Other: 0.08ms
[461.982s][info][gc,heap        ] GC(1106) Eden regions: 332->0(348)
[461.982s][info][gc,heap        ] GC(1106) Survivor regions: 47->9(48)
[461.982s][info][gc,heap        ] GC(1106) Old regions: 480->516
[461.982s][info][gc,heap        ] GC(1106) Humongous regions: 8->8
[461.982s][info][gc,metaspace   ] GC(1106) Metaspace: 18982K(19200K)->18982K(19200K) NonClass: 16321K(16448K)->16321K(16448K) Class: 2660K(2752K)->2660K(2752K)
[461.982s][info][gc             ] GC(1106) Pause Young (Mixed) (G1 Evacuation Pause) 866M->532M(978M) 67.842ms
[461.982s][info][gc,cpu         ] GC(1106) User=0.14s Sys=0.00s Real=0.07s
[462.317s][info][gc,start       ] GC(1107) Pause Young (Concurrent Start) (G1 Evacuation Pause)
[462.317s][info][gc,task        ] GC(1107) Using 2 workers of 2 for evacuation
[462.353s][info][gc,phases      ] GC(1107)   Pre Evacuate Collection Set: 0.31ms
[462.353s][info][gc,phases      ] GC(1107)   Merge Heap Roots: 0.25ms
[462.353s][info][gc,phases      ] GC(1107)   Evacuate Collection Set: 35.51ms
[462.353s][info][gc,phases      ] GC(1107)   Post Evacuate Collection Set: 0.59ms
[462.354s][info][gc,phases      ] GC(1107)   Other: 0.11ms
[462.354s][info][gc,heap        ] GC(1107) Eden regions: 348->0(331)
[462.354s][info][gc,heap        ] GC(1107) Survivor regions: 9->32(45)
[462.354s][info][gc,heap        ] GC(1107) Old regions: 516->516
[462.354s][info][gc,heap        ] GC(1107) Humongous regions: 8->8
[462.354s][info][gc,metaspace   ] GC(1107) Metaspace: 18982K(19200K)->18982K(19200K) NonClass: 16321K(16448K)->16321K(16448K) Class: 2660K(2752K)->2660K(2752K)
[462.354s][info][gc             ] GC(1107) Pause Young (Concurrent Start) (G1 Evacuation Pause) 880M->555M(978M) 36.993ms
[462.354s][info][gc             ] GC(1108) Concurrent Mark Cycle
[462.354s][info][gc,marking     ] GC(1108) Concurrent Scan Root Regions
[462.354s][info][gc,cpu         ] GC(1107) User=0.07s Sys=0.00s Real=0.04s
[462.411s][info][gc,marking     ] GC(1108) Concurrent Scan Root Regions 57.634ms
[462.411s][info][gc,marking     ] GC(1108) Concurrent Mark
[462.411s][info][gc,marking     ] GC(1108) Concurrent Mark From Roots
[462.411s][info][gc,task        ] GC(1108) Using 1 workers of 1 for marking
[463.469s][info][gc,start       ] GC(1109) Pause Young (Normal) (G1 Evacuation Pause)
[463.469s][info][gc,task        ] GC(1109) Using 2 workers of 2 for evacuation
[463.525s][info][gc,phases      ] GC(1109)   Pre Evacuate Collection Set: 0.30ms
[463.525s][info][gc,phases      ] GC(1109)   Merge Heap Roots: 0.29ms
[463.525s][info][gc,phases      ] GC(1109)   Evacuate Collection Set: 54.27ms
[463.525s][info][gc,phases      ] GC(1109)   Post Evacuate Collection Set: 0.57ms
[463.525s][info][gc,phases      ] GC(1109)   Other: 0.08ms
[463.525s][info][gc,heap        ] GC(1109) Eden regions: 331->0(313)
[463.525s][info][gc,heap        ] GC(1109) Survivor regions: 32->41(46)
[463.525s][info][gc,heap        ] GC(1109) Old regions: 516->525
[463.525s][info][gc,heap        ] GC(1109) Humongous regions: 8->8
[463.525s][info][gc,metaspace   ] GC(1109) Metaspace: 18982K(19200K)->18982K(19200K) NonClass: 16321K(16448K)->16321K(16448K) Class: 2660K(2752K)->2660K(2752K)
[463.525s][info][gc             ] GC(1109) Pause Young (Normal) (G1 Evacuation Pause) 886M->572M(978M) 55.759ms
[463.525s][info][gc,cpu         ] GC(1109) User=0.11s Sys=0.00s Real=0.05s
[463.909s][info][gc,marking     ] GC(1108) Concurrent Mark From Roots 1498.016ms
[463.909s][info][gc,marking     ] GC(1108) Concurrent Preclean
[463.909s][info][gc,marking     ] GC(1108) Concurrent Preclean 0.055ms
[463.910s][info][gc,start       ] GC(1108) Pause Remark
[463.918s][info][gc             ] GC(1108) Pause Remark 801M->800M(978M) 7.781ms
[463.918s][info][gc,cpu         ] GC(1108) User=0.01s Sys=0.00s Real=0.01s
[463.919s][info][gc,marking     ] GC(1108) Concurrent Mark 1507.752ms
[463.919s][info][gc,marking     ] GC(1108) Concurrent Rebuild Remembered Sets and Scrub Regions
[464.074s][info][gc,start       ] GC(1110) Pause Young (Normal) (G1 Evacuation Pause)
[464.074s][info][gc,task        ] GC(1110) Using 2 workers of 2 for evacuation
[464.137s][info][gc,phases      ] GC(1110)   Pre Evacuate Collection Set: 0.29ms
[464.137s][info][gc,phases      ] GC(1110)   Merge Heap Roots: 0.30ms
[464.137s][info][gc,phases      ] GC(1110)   Evacuate Collection Set: 61.39ms
[464.137s][info][gc,phases      ] GC(1110)   Post Evacuate Collection Set: 0.55ms
[464.137s][info][gc,phases      ] GC(1110)   Other: 0.09ms
[464.137s][info][gc,heap        ] GC(1110) Eden regions: 313->0(301)
[464.137s][info][gc,heap        ] GC(1110) Survivor regions: 41->36(45)
[464.137s][info][gc,heap        ] GC(1110) Old regions: 525->548
[464.137s][info][gc,heap        ] GC(1110) Humongous regions: 7->7
[464.137s][info][gc,metaspace   ] GC(1110) Metaspace: 18982K(19200K)->18982K(19200K) NonClass: 16321K(16448K)->16321K(16448K) Class: 2660K(2752K)->2660K(2752K)
[464.137s][info][gc             ] GC(1110) Pause Young (Normal) (G1 Evacuation Pause) 884M->590M(978M) 62.869ms
[464.137s][info][gc,cpu         ] GC(1110) User=0.12s Sys=0.00s Real=0.07s
[464.446s][info][gc,marking     ] GC(1108) Concurrent Rebuild Remembered Sets and Scrub Regions 527.221ms
[464.447s][info][gc,start       ] GC(1108) Pause Cleanup
[464.447s][info][gc             ] GC(1108) Pause Cleanup 783M->783M(978M) 0.110ms
[464.447s][info][gc,cpu         ] GC(1108) User=0.00s Sys=0.00s Real=0.00s
[464.447s][info][gc,marking     ] GC(1108) Concurrent Clear Claimed Marks
[464.447s][info][gc,marking     ] GC(1108) Concurrent Clear Claimed Marks 0.033ms
[464.447s][info][gc,marking     ] GC(1108) Concurrent Cleanup for Next Mark
[464.454s][info][gc,marking     ] GC(1108) Concurrent Cleanup for Next Mark 6.986ms
[464.454s][info][gc             ] GC(1108) Concurrent Mark Cycle 2100.230ms
[464.572s][info][gc,start       ] GC(1111) Pause Young (Prepare Mixed) (G1 Evacuation Pause)
[464.572s][info][gc,task        ] GC(1111) Using 2 workers of 2 for evacuation
[464.621s][info][gc,phases      ] GC(1111)   Pre Evacuate Collection Set: 0.32ms
[464.621s][info][gc,phases      ] GC(1111)   Merge Heap Roots: 0.20ms
[464.621s][info][gc,phases      ] GC(1111)   Evacuate Collection Set: 47.29ms
[464.621s][info][gc,phases      ] GC(1111)   Post Evacuate Collection Set: 0.57ms
[464.621s][info][gc,phases      ] GC(1111)   Other: 0.09ms
[464.621s][info][gc,heap        ] GC(1111) Eden regions: 301->0(293)
[464.621s][info][gc,heap        ] GC(1111) Survivor regions: 36->31(43)
[464.621s][info][gc,heap        ] GC(1111) Old regions: 548->566
[464.621s][info][gc,heap        ] GC(1111) Humongous regions: 7->7
[464.621s][info][gc,metaspace   ] GC(1111) Metaspace: 18982K(19200K)->18982K(19200K) NonClass: 16321K(16448K)->16321K(16448K) Class: 2660K(2752K)->2660K(2752K)
[464.621s][info][gc             ] GC(1111) Pause Young (Prepare Mixed) (G1 Evacuation Pause) 891M->602M(978M) 48.701ms
[464.621s][info][gc,cpu         ] GC(1111) User=0.10s Sys=0.00s Real=0.05s
[465.207s][info][gc,start       ] GC(1112) Pause Young (Mixed) (G1 Evacuation Pause)
[465.207s][info][gc,task        ] GC(1112) Using 2 workers of 2 for evacuation
[465.257s][info][gc,phases      ] GC(1112)   Pre Evacuate Collection Set: 0.53ms
[465.257s][info][gc,phases      ] GC(1112)   Merge Heap Roots: 0.30ms
[465.257s][info][gc,phases      ] GC(1112)   Evacuate Collection Set: 47.93ms
[465.257s][info][gc,phases      ] GC(1112)   Post Evacuate Collection Set: 0.54ms
[465.257s][info][gc,phases      ] GC(1112)   Other: 0.09ms
[465.257s][info][gc,heap        ] GC(1112) Eden regions: 293->0(292)
[465.257s][info][gc,heap        ] GC(1112) Survivor regions: 31->27(41)
[465.257s][info][gc,heap        ] GC(1112) Old regions: 566->575
[465.257s][info][gc,heap        ] GC(1112) Humongous regions: 7->7
[465.257s][info][gc,metaspace   ] GC(1112) Metaspace: 18982K(19200K)->18982K(19200K) NonClass: 16321K(16448K)->16321K(16448K) Class: 2660K(2752K)->2660K(2752K)
[465.257s][info][gc             ] GC(1112) Pause Young (Mixed) (G1 Evacuation Pause) 895M->608M(978M) 49.623ms
[465.257s][info][gc,cpu         ] GC(1112) User=0.10s Sys=0.00s Real=0.04s
[465.792s][info][gc,start       ] GC(1113) Pause Young (Concurrent Start) (G1 Evacuation Pause)
[465.792s][info][gc,task        ] GC(1113) Using 2 workers of 2 for evacuation
[465.853s][info][gc,phases      ] GC(1113)   Pre Evacuate Collection Set: 0.39ms
[465.853s][info][gc,phases      ] GC(1113)   Merge Heap Roots: 0.21ms
[465.853s][info][gc,phases      ] GC(1113)   Evacuate Collection Set: 59.46ms
[465.853s][info][gc,phases      ] GC(1113)   Post Evacuate Collection Set: 0.67ms
[465.853s][info][gc,phases      ] GC(1113)   Other: 0.24ms
[465.853s][info][gc,heap        ] GC(1113) Eden regions: 292->0(244)
[465.853s][info][gc,heap        ] GC(1113) Survivor regions: 27->40(40)
[465.853s][info][gc,heap        ] GC(1113) Old regions: 575->597
[465.853s][info][gc,heap        ] GC(1113) Humongous regions: 7->7
[465.853s][info][gc,metaspace   ] GC(1113) Metaspace: 18982K(19200K)->18982K(19200K) NonClass: 16321K(16448K)->16321K(16448K) Class: 2660K(2752K)->2660K(2752K)
[465.853s][info][gc             ] GC(1113) Pause Young (Concurrent Start) (G1 Evacuation Pause) 900M->643M(978M) 61.180ms
[465.853s][info][gc,cpu         ] GC(1113) User=0.12s Sys=0.00s Real=0.06s
[465.853s][info][gc             ] GC(1114) Concurrent Mark Cycle
[465.853s][info][gc,marking     ] GC(1114) Concurrent Scan Root Regions
[465.936s][info][gc,marking     ] GC(1114) Concurrent Scan Root Regions 83.560ms
[465.936s][info][gc,marking     ] GC(1114) Concurrent Mark
[465.936s][info][gc,marking     ] GC(1114) Concurrent Mark From Roots
[465.936s][info][gc,task        ] GC(1114) Using 1 workers of 1 for marking
[466.278s][info][gc,start       ] GC(1115) Pause Young (Normal) (G1 Evacuation Pause)
[466.278s][info][gc,task        ] GC(1115) Using 2 workers of 2 for evacuation
[466.348s][info][gc,phases      ] GC(1115)   Pre Evacuate Collection Set: 0.29ms
[466.348s][info][gc,phases      ] GC(1115)   Merge Heap Roots: 0.25ms
[466.348s][info][gc,phases      ] GC(1115)   Evacuate Collection Set: 68.43ms
[466.348s][info][gc,phases      ] GC(1115)   Post Evacuate Collection Set: 0.51ms
[466.348s][info][gc,phases      ] GC(1115)   Other: 0.09ms
[466.348s][info][gc,heap        ] GC(1115) Eden regions: 244->0(211)
[466.348s][info][gc,heap        ] GC(1115) Survivor regions: 40->36(36)
[466.348s][info][gc,heap        ] GC(1115) Old regions: 597->638
[466.348s][info][gc,heap        ] GC(1115) Humongous regions: 7->7
[466.348s][info][gc,metaspace   ] GC(1115) Metaspace: 18982K(19200K)->18982K(19200K) NonClass: 16321K(16448K)->16321K(16448K) Class: 2660K(2752K)->2660K(2752K)
[466.348s][info][gc             ] GC(1115) Pause Young (Normal) (G1 Evacuation Pause) 887M->680M(978M) 69.805ms
[466.348s][info][gc,cpu         ] GC(1115) User=0.14s Sys=0.00s Real=0.07s
[466.946s][info][gc,start       ] GC(1116) Pause Young (Normal) (G1 Evacuation Pause)
[466.946s][info][gc,task        ] GC(1116) Using 2 workers of 2 for evacuation
[467.005s][info][gc,phases      ] GC(1116)   Pre Evacuate Collection Set: 0.30ms
[467.005s][info][gc,phases      ] GC(1116)   Merge Heap Roots: 0.17ms
[467.005s][info][gc,phases      ] GC(1116)   Evacuate Collection Set: 57.50ms
[467.005s][info][gc,phases      ] GC(1116)   Post Evacuate Collection Set: 0.47ms
[467.005s][info][gc,phases      ] GC(1116)   Other: 0.09ms
[467.005s][info][gc,heap        ] GC(1116) Eden regions: 211->0(208)
[467.005s][info][gc,heap        ] GC(1116) Survivor regions: 36->16(31)
[467.005s][info][gc,heap        ] GC(1116) Old regions: 638->675
[467.005s][info][gc,heap        ] GC(1116) Humongous regions: 10->10
[467.005s][info][gc,metaspace   ] GC(1116) Metaspace: 18982K(19200K)->18982K(19200K) NonClass: 16321K(16448K)->16321K(16448K) Class: 2660K(2752K)->2660K(2752K)
[467.005s][info][gc             ] GC(1116) Pause Young (Normal) (G1 Evacuation Pause) 894M->700M(978M) 58.762ms
[467.005s][info][gc,cpu         ] GC(1116) User=0.11s Sys=0.00s Real=0.06s
[467.388s][info][gc,marking     ] GC(1114) Concurrent Mark From Roots 1451.188ms
[467.388s][info][gc,marking     ] GC(1114) Concurrent Preclean
[467.388s][info][gc,marking     ] GC(1114) Concurrent Preclean 0.056ms
[467.388s][info][gc,start       ] GC(1114) Pause Remark
[467.396s][info][gc             ] GC(1114) Pause Remark 811M->759M(978M) 7.721ms
[467.396s][info][gc,cpu         ] GC(1114) User=0.02s Sys=0.00s Real=0.00s
[467.398s][info][gc,marking     ] GC(1114) Concurrent Mark 1461.175ms
[467.398s][info][gc,marking     ] GC(1114) Concurrent Rebuild Remembered Sets and Scrub Regions
[467.671s][info][gc,start       ] GC(1117) Pause Young (Normal) (G1 Evacuation Pause)
[467.671s][info][gc,task        ] GC(1117) Using 2 workers of 2 for evacuation
[467.698s][info][gc,phases      ] GC(1117)   Pre Evacuate Collection Set: 0.32ms
[467.698s][info][gc,phases      ] GC(1117)   Merge Heap Roots: 0.21ms
[467.698s][info][gc,phases      ] GC(1117)   Evacuate Collection Set: 25.99ms
[467.698s][info][gc,phases      ] GC(1117)   Post Evacuate Collection Set: 0.40ms
[467.698s][info][gc,phases      ] GC(1117)   Other: 0.09ms
[467.698s][info][gc,heap        ] GC(1117) Eden regions: 208->0(252)
[467.698s][info][gc,heap        ] GC(1117) Survivor regions: 16->1(28)
[467.698s][info][gc,heap        ] GC(1117) Old regions: 624->640
[467.698s][info][gc,heap        ] GC(1117) Humongous regions: 9->9
[467.698s][info][gc,metaspace   ] GC(1117) Metaspace: 18982K(19200K)->18982K(19200K) NonClass: 16321K(16448K)->16321K(16448K) Class: 2660K(2752K)->2660K(2752K)
[467.698s][info][gc             ] GC(1117) Pause Young (Normal) (G1 Evacuation Pause) 856M->649M(978M) 27.269ms
[467.698s][info][gc,cpu         ] GC(1117) User=0.06s Sys=0.00s Real=0.03s
[467.961s][info][gc,marking     ] GC(1114) Concurrent Rebuild Remembered Sets and Scrub Regions 562.949ms
[467.961s][info][gc,start       ] GC(1114) Pause Cleanup
[467.961s][info][gc             ] GC(1114) Pause Cleanup 755M->755M(978M) 0.141ms
[467.961s][info][gc,cpu         ] GC(1114) User=0.00s Sys=0.00s Real=0.00s
[467.961s][info][gc,marking     ] GC(1114) Concurrent Clear Claimed Marks
[467.961s][info][gc,marking     ] GC(1114) Concurrent Clear Claimed Marks 0.032ms
[467.961s][info][gc,marking     ] GC(1114) Concurrent Cleanup for Next Mark
[467.966s][info][gc,marking     ] GC(1114) Concurrent Cleanup for Next Mark 4.842ms
[467.966s][info][gc             ] GC(1114) Concurrent Mark Cycle 2113.301ms
[468.211s][info][gc,start       ] GC(1118) Pause Young (Prepare Mixed) (G1 Evacuation Pause)
[468.211s][info][gc,task        ] GC(1118) Using 2 workers of 2 for evacuation
[468.215s][info][gc,phases      ] GC(1118)   Pre Evacuate Collection Set: 0.55ms
[468.215s][info][gc,phases      ] GC(1118)   Merge Heap Roots: 0.10ms
[468.215s][info][gc,phases      ] GC(1118)   Evacuate Collection Set: 2.73ms
[468.215s][info][gc,phases      ] GC(1118)   Post Evacuate Collection Set: 0.45ms
[468.215s][info][gc,phases      ] GC(1118)   Other: 0.10ms
[468.215s][info][gc,heap        ] GC(1118) Eden regions: 252->0(261)
[468.215s][info][gc,heap        ] GC(1118) Survivor regions: 1->3(32)
[468.215s][info][gc,heap        ] GC(1118) Old regions: 640->640
[468.215s][info][gc,heap        ] GC(1118) Humongous regions: 9->9
[468.215s][info][gc,metaspace   ] GC(1118) Metaspace: 18982K(19200K)->18982K(19200K) NonClass: 16321K(16448K)->16321K(16448K) Class: 2660K(2752K)->2660K(2752K)
[468.215s][info][gc             ] GC(1118) Pause Young (Prepare Mixed) (G1 Evacuation Pause) 901M->650M(978M) 4.166ms
[468.215s][info][gc,cpu         ] GC(1118) User=0.01s Sys=0.00s Real=0.00s
[468.432s][info][gc,start       ] GC(1119) Pause Young (Mixed) (G1 Evacuation Pause)
[468.433s][info][gc,task        ] GC(1119) Using 2 workers of 2 for evacuation
[468.507s][info][gc,phases      ] GC(1119)   Pre Evacuate Collection Set: 0.33ms
[468.507s][info][gc,phases      ] GC(1119)   Merge Heap Roots: 0.25ms
[468.507s][info][gc,phases      ] GC(1119)   Evacuate Collection Set: 70.74ms
[468.507s][info][gc,phases      ] GC(1119)   Post Evacuate Collection Set: 2.99ms
[468.507s][info][gc,phases      ] GC(1119)   Other: 0.07ms
[468.507s][info][gc,heap        ] GC(1119) Eden regions: 261->0(179)
[468.507s][info][gc,heap        ] GC(1119) Survivor regions: 3->33(33)
[468.507s][info][gc,heap        ] GC(1119) Old regions: 640->674
[468.507s][info][gc,heap        ] GC(1119) Humongous regions: 9->9
[468.507s][info][gc,metaspace   ] GC(1119) Metaspace: 18982K(19200K)->18982K(19200K) NonClass: 16322K(16448K)->16322K(16448K) Class: 2660K(2752K)->2660K(2752K)
[468.507s][info][gc             ] GC(1119) Pause Young (Mixed) (G1 Evacuation Pause) (Evacuation Failure: Allocation) 911M->715M(978M) 74.650ms
[468.507s][info][gc,cpu         ] GC(1119) User=0.14s Sys=0.00s Real=0.08s
[468.744s][info][gc,start       ] GC(1120) Pause Young (Concurrent Start) (G1 Evacuation Pause)
[468.744s][info][gc,task        ] GC(1120) Using 2 workers of 2 for evacuation
[468.790s][info][gc,phases      ] GC(1120)   Pre Evacuate Collection Set: 0.33ms
[468.790s][info][gc,phases      ] GC(1120)   Merge Heap Roots: 0.37ms
[468.790s][info][gc,phases      ] GC(1120)   Evacuate Collection Set: 44.61ms
[468.790s][info][gc,phases      ] GC(1120)   Post Evacuate Collection Set: 0.51ms
[468.790s][info][gc,phases      ] GC(1120)   Other: 0.09ms
[468.790s][info][gc,heap        ] GC(1120) Eden regions: 179->0(203)
[468.790s][info][gc,heap        ] GC(1120) Survivor regions: 33->6(27)
[468.790s][info][gc,heap        ] GC(1120) Old regions: 674->684
[468.790s][info][gc,heap        ] GC(1120) Humongous regions: 9->9
[468.790s][info][gc,metaspace   ] GC(1120) Metaspace: 18983K(19200K)->18983K(19200K) NonClass: 16322K(16448K)->16322K(16448K) Class: 2660K(2752K)->2660K(2752K)
[468.790s][info][gc             ] GC(1120) Pause Young (Concurrent Start) (G1 Evacuation Pause) 894M->698M(978M) 46.099ms
[468.790s][info][gc,cpu         ] GC(1120) User=0.09s Sys=0.00s Real=0.05s
[468.790s][info][gc             ] GC(1121) Concurrent Mark Cycle
[468.790s][info][gc,marking     ] GC(1121) Concurrent Scan Root Regions
[468.831s][info][gc,marking     ] GC(1121) Concurrent Scan Root Regions 40.093ms
[468.831s][info][gc,marking     ] GC(1121) Concurrent Mark
[468.831s][info][gc,marking     ] GC(1121) Concurrent Mark From Roots
[468.831s][info][gc,task        ] GC(1121) Using 1 workers of 1 for marking
[469.198s][info][gc,start       ] GC(1122) Pause Young (Normal) (G1 Evacuation Pause)
[469.198s][info][gc,task        ] GC(1122) Using 2 workers of 2 for evacuation
[469.207s][info][gc,phases      ] GC(1122)   Pre Evacuate Collection Set: 0.30ms
[469.207s][info][gc,phases      ] GC(1122)   Merge Heap Roots: 0.13ms
[469.207s][info][gc,phases      ] GC(1122)   Evacuate Collection Set: 7.77ms
[469.207s][info][gc,phases      ] GC(1122)   Post Evacuate Collection Set: 0.39ms
[469.207s][info][gc,phases      ] GC(1122)   Other: 0.08ms
[469.207s][info][gc,heap        ] GC(1122) Eden regions: 203->0(214)
[469.207s][info][gc,heap        ] GC(1122) Survivor regions: 6->6(27)
[469.207s][info][gc,heap        ] GC(1122) Old regions: 684->684
[469.207s][info][gc,heap        ] GC(1122) Humongous regions: 9->9
[469.207s][info][gc,metaspace   ] GC(1122) Metaspace: 18983K(19200K)->18983K(19200K) NonClass: 16322K(16448K)->16322K(16448K) Class: 2660K(2752K)->2660K(2752K)
[469.207s][info][gc             ] GC(1122) Pause Young (Normal) (G1 Evacuation Pause) 901M->698M(978M) 8.888ms
[469.207s][info][gc,cpu         ] GC(1122) User=0.01s Sys=0.00s Real=0.00s
[469.630s][info][gc,start       ] GC(1123) Pause Young (Normal) (G1 Evacuation Pause)
[469.630s][info][gc,task        ] GC(1123) Using 2 workers of 2 for evacuation
[469.638s][info][gc,phases      ] GC(1123)   Pre Evacuate Collection Set: 0.29ms
[469.638s][info][gc,phases      ] GC(1123)   Merge Heap Roots: 0.14ms
[469.638s][info][gc,phases      ] GC(1123)   Evacuate Collection Set: 7.32ms
[469.638s][info][gc,phases      ] GC(1123)   Post Evacuate Collection Set: 0.42ms
[469.638s][info][gc,phases      ] GC(1123)   Other: 0.07ms
[469.638s][info][gc,heap        ] GC(1123) Eden regions: 214->0(223)
[469.638s][info][gc,heap        ] GC(1123) Survivor regions: 6->6(28)
[469.638s][info][gc,heap        ] GC(1123) Old regions: 684->684
[469.638s][info][gc,heap        ] GC(1123) Humongous regions: 9->9
[469.638s][info][gc,metaspace   ] GC(1123) Metaspace: 18983K(19200K)->18983K(19200K) NonClass: 16322K(16448K)->16322K(16448K) Class: 2660K(2752K)->2660K(2752K)
[469.638s][info][gc             ] GC(1123) Pause Young (Normal) (G1 Evacuation Pause) 912M->698M(978M) 8.476ms
[469.638s][info][gc,cpu         ] GC(1123) User=0.02s Sys=0.00s Real=0.01s
[469.675s][info][gc,marking     ] GC(1121) Concurrent Mark From Roots 843.909ms
[469.675s][info][gc,marking     ] GC(1121) Concurrent Preclean
[469.675s][info][gc,marking     ] GC(1121) Concurrent Preclean 0.053ms
[469.675s][info][gc,start       ] GC(1121) Pause Remark
[469.683s][info][gc             ] GC(1121) Pause Remark 720M->489M(978M) 7.972ms
[469.683s][info][gc,cpu         ] GC(1121) User=0.01s Sys=0.00s Real=0.01s
[469.683s][info][gc,marking     ] GC(1121) Concurrent Mark 852.213ms
[469.683s][info][gc,marking     ] GC(1121) Concurrent Rebuild Remembered Sets and Scrub Regions
[469.929s][info][gc,marking     ] GC(1121) Concurrent Rebuild Remembered Sets and Scrub Regions 245.980ms
[469.929s][info][gc,start       ] GC(1121) Pause Cleanup
[469.929s][info][gc             ] GC(1121) Pause Cleanup 622M->622M(978M) 0.140ms
[469.929s][info][gc,cpu         ] GC(1121) User=0.00s Sys=0.00s Real=0.00s
[469.929s][info][gc,marking     ] GC(1121) Concurrent Clear Claimed Marks
[469.929s][info][gc,marking     ] GC(1121) Concurrent Clear Claimed Marks 0.030ms
[469.929s][info][gc,marking     ] GC(1121) Concurrent Cleanup for Next Mark
[469.932s][info][gc,marking     ] GC(1121) Concurrent Cleanup for Next Mark 2.837ms
[469.932s][info][gc             ] GC(1121) Concurrent Mark Cycle 1141.767ms
[470.013s][info][gc,start       ] GC(1124) Pause Young (Prepare Mixed) (G1 Evacuation Pause)
[470.013s][info][gc,task        ] GC(1124) Using 2 workers of 2 for evacuation
[470.022s][info][gc,phases      ] GC(1124)   Pre Evacuate Collection Set: 0.30ms
[470.022s][info][gc,phases      ] GC(1124)   Merge Heap Roots: 0.20ms
[470.022s][info][gc,phases      ] GC(1124)   Evacuate Collection Set: 8.09ms
[470.022s][info][gc,phases      ] GC(1124)   Post Evacuate Collection Set: 0.48ms
[470.022s][info][gc,phases      ] GC(1124)   Other: 0.08ms
[470.022s][info][gc,heap        ] GC(1124) Eden regions: 223->0(418)
[470.022s][info][gc,heap        ] GC(1124) Survivor regions: 6->7(29)
[470.022s][info][gc,heap        ] GC(1124) Old regions: 458->458
[470.022s][info][gc,heap        ] GC(1124) Humongous regions: 4->4
[470.022s][info][gc,metaspace   ] GC(1124) Metaspace: 18983K(19200K)->18983K(19200K) NonClass: 16322K(16448K)->16322K(16448K) Class: 2660K(2752K)->2660K(2752K)
[470.022s][info][gc             ] GC(1124) Pause Young (Prepare Mixed) (G1 Evacuation Pause) 690M->468M(978M) 9.386ms
[470.022s][info][gc,cpu         ] GC(1124) User=0.02s Sys=0.00s Real=0.01s
[470.383s][info][gc,start       ] GC(1125) Pause Young (Mixed) (G1 Evacuation Pause)
[470.383s][info][gc,task        ] GC(1125) Using 2 workers of 2 for evacuation
[470.476s][info][gc,phases      ] GC(1125)   Pre Evacuate Collection Set: 0.33ms
[470.476s][info][gc,phases      ] GC(1125)   Merge Heap Roots: 0.60ms
[470.476s][info][gc,phases      ] GC(1125)   Evacuate Collection Set: 91.10ms
[470.476s][info][gc,phases      ] GC(1125)   Post Evacuate Collection Set: 0.87ms
[470.476s][info][gc,phases      ] GC(1125)   Other: 0.09ms
[470.476s][info][gc,heap        ] GC(1125) Eden regions: 418->0(419)
[470.476s][info][gc,heap        ] GC(1125) Survivor regions: 7->54(54)
[470.476s][info][gc,heap        ] GC(1125) Old regions: 458->382
[470.476s][info][gc,heap        ] GC(1125) Humongous regions: 7->7
[470.476s][info][gc,metaspace   ] GC(1125) Metaspace: 18983K(19200K)->18983K(19200K) NonClass: 16323K(16448K)->16323K(16448K) Class: 2660K(2752K)->2660K(2752K)
[470.476s][info][gc             ] GC(1125) Pause Young (Mixed) (G1 Evacuation Pause) 889M->442M(978M) 93.234ms
[470.476s][info][gc,cpu         ] GC(1125) User=0.18s Sys=0.00s Real=0.09s
[470.874s][info][gc,start       ] GC(1126) Pause Young (Concurrent Start) (G1 Evacuation Pause)
[470.874s][info][gc,task        ] GC(1126) Using 2 workers of 2 for evacuation
[470.956s][info][gc,phases      ] GC(1126)   Pre Evacuate Collection Set: 0.29ms
[470.956s][info][gc,phases      ] GC(1126)   Merge Heap Roots: 0.51ms
[470.956s][info][gc,phases      ] GC(1126)   Evacuate Collection Set: 80.75ms
[470.956s][info][gc,phases      ] GC(1126)   Post Evacuate Collection Set: 0.66ms
[470.956s][info][gc,phases      ] GC(1126)   Other: 0.11ms
[470.956s][info][gc,heap        ] GC(1126) Eden regions: 419->0(420)
[470.956s][info][gc,heap        ] GC(1126) Survivor regions: 54->13(60)
[470.956s][info][gc,heap        ] GC(1126) Old regions: 382->436
[470.956s][info][gc,heap        ] GC(1126) Humongous regions: 7->7
[470.956s][info][gc,metaspace   ] GC(1126) Metaspace: 18983K(19200K)->18983K(19200K) NonClass: 16323K(16448K)->16323K(16448K) Class: 2660K(2752K)->2660K(2752K)
[470.956s][info][gc             ] GC(1126) Pause Young (Concurrent Start) (G1 Evacuation Pause) 861M->455M(978M) 82.606ms
[470.956s][info][gc             ] GC(1127) Concurrent Mark Cycle
[470.956s][info][gc,marking     ] GC(1127) Concurrent Scan Root Regions
[470.958s][info][gc,cpu         ] GC(1126) User=0.16s Sys=0.00s Real=0.09s
[471.101s][info][gc,marking     ] GC(1127) Concurrent Scan Root Regions 144.323ms
[471.101s][info][gc,marking     ] GC(1127) Concurrent Mark
[471.101s][info][gc,marking     ] GC(1127) Concurrent Mark From Roots
[471.101s][info][gc,task        ] GC(1127) Using 1 workers of 1 for marking
[471.506s][info][gc,marking     ] GC(1127) Concurrent Mark From Roots 405.009ms
[471.506s][info][gc,marking     ] GC(1127) Concurrent Preclean
[471.506s][info][gc,marking     ] GC(1127) Concurrent Preclean 0.049ms
[471.506s][info][gc,start       ] GC(1127) Pause Remark
[471.514s][info][gc             ] GC(1127) Pause Remark 660M->550M(978M) 7.729ms
[471.514s][info][gc,cpu         ] GC(1127) User=0.02s Sys=0.00s Real=0.01s
[471.516s][info][gc,marking     ] GC(1127) Concurrent Mark 415.359ms
[471.516s][info][gc,marking     ] GC(1127) Concurrent Rebuild Remembered Sets and Scrub Regions
[471.744s][info][gc,marking     ] GC(1127) Concurrent Rebuild Remembered Sets and Scrub Regions 227.887ms
[471.744s][info][gc,start       ] GC(1127) Pause Cleanup
[471.744s][info][gc             ] GC(1127) Pause Cleanup 615M->615M(978M) 0.162ms
[471.744s][info][gc,cpu         ] GC(1127) User=0.00s Sys=0.00s Real=0.00s
[471.744s][info][gc,marking     ] GC(1127) Concurrent Clear Claimed Marks
[471.744s][info][gc,marking     ] GC(1127) Concurrent Clear Claimed Marks 0.038ms
[471.744s][info][gc,marking     ] GC(1127) Concurrent Cleanup for Next Mark
[471.749s][info][gc,marking     ] GC(1127) Concurrent Cleanup for Next Mark 4.925ms
[471.749s][info][gc             ] GC(1127) Concurrent Mark Cycle 793.141ms
[472.004s][info][gc,start       ] GC(1128) Pause Young (Prepare Mixed) (G1 Evacuation Pause)
[472.004s][info][gc,task        ] GC(1128) Using 2 workers of 2 for evacuation
[472.037s][info][gc,phases      ] GC(1128)   Pre Evacuate Collection Set: 0.31ms
[472.037s][info][gc,phases      ] GC(1128)   Merge Heap Roots: 0.32ms
[472.037s][info][gc,phases      ] GC(1128)   Evacuate Collection Set: 32.18ms
[472.037s][info][gc,phases      ] GC(1128)   Post Evacuate Collection Set: 0.62ms
[472.037s][info][gc,phases      ] GC(1128)   Other: 0.12ms
[472.037s][info][gc,heap        ] GC(1128) Eden regions: 420->0(512)
[472.037s][info][gc,heap        ] GC(1128) Survivor regions: 13->28(55)
[472.037s][info][gc,heap        ] GC(1128) Old regions: 329->329
[472.037s][info][gc,heap        ] GC(1128) Humongous regions: 4->4
[472.037s][info][gc,metaspace   ] GC(1128) Metaspace: 18983K(19200K)->18983K(19200K) NonClass: 16323K(16448K)->16323K(16448K) Class: 2660K(2752K)->2660K(2752K)
[472.037s][info][gc             ] GC(1128) Pause Young (Prepare Mixed) (G1 Evacuation Pause) 765M->360M(978M) 33.778ms
[472.037s][info][gc,cpu         ] GC(1128) User=0.06s Sys=0.00s Real=0.04s
[472.769s][info][gc,start       ] GC(1129) Pause Young (Mixed) (G1 Evacuation Pause)
[472.769s][info][gc,task        ] GC(1129) Using 2 workers of 2 for evacuation
[472.848s][info][gc,phases      ] GC(1129)   Pre Evacuate Collection Set: 0.34ms
[472.848s][info][gc,phases      ] GC(1129)   Merge Heap Roots: 0.43ms
[472.848s][info][gc,phases      ] GC(1129)   Evacuate Collection Set: 77.57ms
[472.848s][info][gc,phases      ] GC(1129)   Post Evacuate Collection Set: 0.79ms
[472.848s][info][gc,phases      ] GC(1129)   Other: 0.12ms
[472.848s][info][gc,heap        ] GC(1129) Eden regions: 512->0(499)
[472.848s][info][gc,heap        ] GC(1129) Survivor regions: 28->68(68)
[472.848s][info][gc,heap        ] GC(1129) Old regions: 329->288
[472.848s][info][gc,heap        ] GC(1129) Humongous regions: 4->4
[472.848s][info][gc,metaspace   ] GC(1129) Metaspace: 18983K(19200K)->18983K(19200K) NonClass: 16323K(16448K)->16323K(16448K) Class: 2660K(2752K)->2660K(2752K)
[472.848s][info][gc             ] GC(1129) Pause Young (Mixed) (G1 Evacuation Pause) 872M->359M(978M) 79.505ms
[472.848s][info][gc,cpu         ] GC(1129) User=0.15s Sys=0.01s Real=0.08s
[473.320s][info][gc,start       ] GC(1130) Pause Young (Concurrent Start) (G1 Evacuation Pause)
[473.320s][info][gc,task        ] GC(1130) Using 2 workers of 2 for evacuation
[473.394s][info][gc,phases      ] GC(1130)   Pre Evacuate Collection Set: 0.33ms
[473.394s][info][gc,phases      ] GC(1130)   Merge Heap Roots: 0.31ms
[473.394s][info][gc,phases      ] GC(1130)   Evacuate Collection Set: 72.98ms
[473.394s][info][gc,phases      ] GC(1130)   Post Evacuate Collection Set: 0.68ms
[473.394s][info][gc,phases      ] GC(1130)   Other: 0.18ms
[473.394s][info][gc,heap        ] GC(1130) Eden regions: 499->0(510)
[473.394s][info][gc,heap        ] GC(1130) Survivor regions: 68->8(71)
[473.394s][info][gc,heap        ] GC(1130) Old regions: 288->356
[473.394s][info][gc,heap        ] GC(1130) Humongous regions: 4->4
[473.394s][info][gc,metaspace   ] GC(1130) Metaspace: 18983K(19200K)->18983K(19200K) NonClass: 16323K(16448K)->16323K(16448K) Class: 2660K(2752K)->2660K(2752K)
[473.394s][info][gc             ] GC(1130) Pause Young (Concurrent Start) (G1 Evacuation Pause) 858M->366M(978M) 74.726ms
[473.394s][info][gc             ] GC(1131) Concurrent Mark Cycle
[473.394s][info][gc,marking     ] GC(1131) Concurrent Scan Root Regions
[473.394s][info][gc,cpu         ] GC(1130) User=0.14s Sys=0.00s Real=0.07s
[473.537s][info][gc,marking     ] GC(1131) Concurrent Scan Root Regions 142.636ms
[473.537s][info][gc,marking     ] GC(1131) Concurrent Mark
[473.537s][info][gc,marking     ] GC(1131) Concurrent Mark From Roots
[473.537s][info][gc,task        ] GC(1131) Using 1 workers of 1 for marking
[474.216s][info][gc,marking     ] GC(1131) Concurrent Mark From Roots 678.576ms
[474.216s][info][gc,marking     ] GC(1131) Concurrent Preclean
[474.216s][info][gc,marking     ] GC(1131) Concurrent Preclean 0.042ms
[474.216s][info][gc,start       ] GC(1131) Pause Remark
[474.223s][info][gc             ] GC(1131) Pause Remark 661M->661M(978M) 7.686ms
[474.224s][info][gc,cpu         ] GC(1131) User=0.01s Sys=0.00s Real=0.01s
[474.224s][info][gc,marking     ] GC(1131) Concurrent Mark 687.319ms
[474.224s][info][gc,marking     ] GC(1131) Concurrent Rebuild Remembered Sets and Scrub Regions
[474.547s][info][gc,marking     ] GC(1131) Concurrent Rebuild Remembered Sets and Scrub Regions 322.673ms
[474.547s][info][gc,start       ] GC(1131) Pause Cleanup
[474.547s][info][gc             ] GC(1131) Pause Cleanup 768M->768M(978M) 0.089ms
[474.547s][info][gc,cpu         ] GC(1131) User=0.01s Sys=0.00s Real=0.00s
[474.548s][info][gc,marking     ] GC(1131) Concurrent Clear Claimed Marks
[474.549s][info][gc,marking     ] GC(1131) Concurrent Clear Claimed Marks 0.049ms
[474.549s][info][gc,marking     ] GC(1131) Concurrent Cleanup for Next Mark
[474.553s][info][gc,marking     ] GC(1131) Concurrent Cleanup for Next Mark 4.881ms
[474.553s][info][gc             ] GC(1131) Concurrent Mark Cycle 1159.184ms
[474.684s][info][gc,start       ] GC(1132) Pause Young (Prepare Mixed) (G1 Evacuation Pause)
[474.684s][info][gc,task        ] GC(1132) Using 2 workers of 2 for evacuation
[474.746s][info][gc,phases      ] GC(1132)   Pre Evacuate Collection Set: 0.52ms
[474.747s][info][gc,phases      ] GC(1132)   Merge Heap Roots: 0.36ms
[474.747s][info][gc,phases      ] GC(1132)   Evacuate Collection Set: 61.03ms
[474.747s][info][gc,phases      ] GC(1132)   Post Evacuate Collection Set: 0.73ms
[474.747s][info][gc,phases      ] GC(1132)   Other: 0.10ms
[474.747s][info][gc,heap        ] GC(1132) Eden regions: 510->0(441)
[474.747s][info][gc,heap        ] GC(1132) Survivor regions: 8->59(65)
[474.747s][info][gc,heap        ] GC(1132) Old regions: 356->356
[474.747s][info][gc,heap        ] GC(1132) Humongous regions: 4->4
[474.747s][info][gc,metaspace   ] GC(1132) Metaspace: 18986K(19200K)->18986K(19200K) NonClass: 16326K(16448K)->16326K(16448K) Class: 2660K(2752K)->2660K(2752K)
[474.747s][info][gc             ] GC(1132) Pause Young (Prepare Mixed) (G1 Evacuation Pause) 876M->418M(978M) 62.979ms
[474.747s][info][gc,cpu         ] GC(1132) User=0.13s Sys=0.00s Real=0.06s
[475.367s][info][gc,start       ] GC(1133) Pause Young (Mixed) (G1 Evacuation Pause)
[475.367s][info][gc,task        ] GC(1133) Using 2 workers of 2 for evacuation
[475.526s][info][gc,phases      ] GC(1133)   Pre Evacuate Collection Set: 0.50ms
[475.526s][info][gc,phases      ] GC(1133)   Merge Heap Roots: 0.34ms
[475.526s][info][gc,phases      ] GC(1133)   Evacuate Collection Set: 143.61ms
[475.526s][info][gc,phases      ] GC(1133)   Post Evacuate Collection Set: 14.45ms
[475.526s][info][gc,phases      ] GC(1133)   Other: 0.10ms
[475.526s][info][gc,heap        ] GC(1133) Eden regions: 441->0(227)
[475.526s][info][gc,heap        ] GC(1133) Survivor regions: 59->59(63)
[475.526s][info][gc,heap        ] GC(1133) Old regions: 356->579
[475.526s][info][gc,heap        ] GC(1133) Humongous regions: 4->4
[475.526s][info][gc,metaspace   ] GC(1133) Metaspace: 18996K(19200K)->18996K(19200K) NonClass: 16335K(16448K)->16335K(16448K) Class: 2660K(2752K)->2660K(2752K)
[475.526s][info][gc             ] GC(1133) Pause Young (Mixed) (G1 Evacuation Pause) (Evacuation Failure: Allocation) 859M->641M(978M) 159.218ms
[475.526s][info][gc,cpu         ] GC(1133) User=0.31s Sys=0.01s Real=0.15s
[475.763s][info][gc,start       ] GC(1134) Pause Young (Concurrent Start) (G1 Humongous Allocation)
[475.764s][info][gc,task        ] GC(1134) Using 2 workers of 2 for evacuation
[475.862s][info][gc,phases      ] GC(1134)   Pre Evacuate Collection Set: 0.45ms
[475.862s][info][gc,phases      ] GC(1134)   Merge Heap Roots: 0.51ms
[475.862s][info][gc,phases      ] GC(1134)   Evacuate Collection Set: 95.93ms
[475.862s][info][gc,phases      ] GC(1134)   Post Evacuate Collection Set: 0.91ms
[475.862s][info][gc,phases      ] GC(1134)   Other: 0.20ms
[475.862s][info][gc,heap        ] GC(1134) Eden regions: 149->0(358)
[475.862s][info][gc,heap        ] GC(1134) Survivor regions: 59->8(36)
[475.862s][info][gc,heap        ] GC(1134) Old regions: 579->502
[475.862s][info][gc,heap        ] GC(1134) Humongous regions: 4->4
[475.862s][info][gc,metaspace   ] GC(1134) Metaspace: 19005K(19200K)->19005K(19200K) NonClass: 16344K(16448K)->16344K(16448K) Class: 2660K(2752K)->2660K(2752K)
[475.862s][info][gc             ] GC(1134) Pause Young (Concurrent Start) (G1 Humongous Allocation) 790M->513M(978M) 98.237ms
[475.862s][info][gc             ] GC(1135) Concurrent Mark Cycle
[475.862s][info][gc,marking     ] GC(1135) Concurrent Scan Root Regions
[475.864s][info][gc,cpu         ] GC(1134) User=0.19s Sys=0.00s Real=0.10s
[475.956s][info][gc,marking     ] GC(1135) Concurrent Scan Root Regions 94.430ms
[475.956s][info][gc,marking     ] GC(1135) Concurrent Mark
[475.956s][info][gc,marking     ] GC(1135) Concurrent Mark From Roots
[475.956s][info][gc,task        ] GC(1135) Using 1 workers of 1 for marking
[476.638s][info][gc,marking     ] GC(1135) Concurrent Mark From Roots 681.910ms
[476.638s][info][gc,marking     ] GC(1135) Concurrent Preclean
[476.638s][info][gc,marking     ] GC(1135) Concurrent Preclean 0.052ms
[476.639s][info][gc,start       ] GC(1135) Pause Remark
[476.647s][info][gc             ] GC(1135) Pause Remark 846M->771M(978M) 8.053ms
[476.647s][info][gc,cpu         ] GC(1135) User=0.02s Sys=0.00s Real=0.01s
[476.647s][info][gc,marking     ] GC(1135) Concurrent Mark 690.782ms
[476.647s][info][gc,marking     ] GC(1135) Concurrent Rebuild Remembered Sets and Scrub Regions
[476.713s][info][gc,start       ] GC(1136) Pause Young (Normal) (G1 Evacuation Pause)
[476.713s][info][gc,task        ] GC(1136) Using 2 workers of 2 for evacuation
[476.833s][info][gc,phases      ] GC(1136)   Pre Evacuate Collection Set: 0.41ms
[476.833s][info][gc,phases      ] GC(1136)   Merge Heap Roots: 1.24ms
[476.833s][info][gc,phases      ] GC(1136)   Evacuate Collection Set: 117.57ms
[476.833s][info][gc,phases      ] GC(1136)   Post Evacuate Collection Set: 0.86ms
[476.833s][info][gc,phases      ] GC(1136)   Other: 0.10ms
[476.833s][info][gc,heap        ] GC(1136) Eden regions: 358->0(320)
[476.833s][info][gc,heap        ] GC(1136) Survivor regions: 8->46(46)
[476.833s][info][gc,heap        ] GC(1136) Old regions: 429->475
[476.834s][info][gc,heap        ] GC(1136) Humongous regions: 8->8
[476.834s][info][gc,metaspace   ] GC(1136) Metaspace: 19005K(19200K)->19005K(19200K) NonClass: 16345K(16448K)->16345K(16448K) Class: 2660K(2752K)->2660K(2752K)
[476.834s][info][gc             ] GC(1136) Pause Young (Normal) (G1 Evacuation Pause) 802M->528M(978M) 120.377ms
[476.834s][info][gc,cpu         ] GC(1136) User=0.24s Sys=0.00s Real=0.12s
[477.031s][info][gc,marking     ] GC(1135) Concurrent Rebuild Remembered Sets and Scrub Regions 384.163ms
[477.031s][info][gc,start       ] GC(1135) Pause Cleanup
[477.031s][info][gc             ] GC(1135) Pause Cleanup 612M->612M(978M) 0.115ms
[477.031s][info][gc,cpu         ] GC(1135) User=0.00s Sys=0.00s Real=0.00s
[477.033s][info][gc,marking     ] GC(1135) Concurrent Clear Claimed Marks
[477.033s][info][gc,marking     ] GC(1135) Concurrent Clear Claimed Marks 0.044ms
[477.033s][info][gc,marking     ] GC(1135) Concurrent Cleanup for Next Mark
[477.040s][info][gc,marking     ] GC(1135) Concurrent Cleanup for Next Mark 6.468ms
[477.040s][info][gc             ] GC(1135) Concurrent Mark Cycle 1178.079ms
[477.400s][info][gc,start       ] GC(1137) Pause Young (Prepare Mixed) (G1 Evacuation Pause)
[477.400s][info][gc,task        ] GC(1137) Using 2 workers of 2 for evacuation
[477.486s][info][gc,phases      ] GC(1137)   Pre Evacuate Collection Set: 0.52ms
[477.486s][info][gc,phases      ] GC(1137)   Merge Heap Roots: 0.73ms
[477.486s][info][gc,phases      ] GC(1137)   Evacuate Collection Set: 83.42ms
[477.486s][info][gc,phases      ] GC(1137)   Post Evacuate Collection Set: 0.66ms
[477.486s][info][gc,phases      ] GC(1137)   Other: 0.10ms
[477.486s][info][gc,heap        ] GC(1137) Eden regions: 320->0(323)
[477.486s][info][gc,heap        ] GC(1137) Survivor regions: 46->11(46)
[477.486s][info][gc,heap        ] GC(1137) Old regions: 475->521
[477.486s][info][gc,heap        ] GC(1137) Humongous regions: 11->11
[477.486s][info][gc,metaspace   ] GC(1137) Metaspace: 19005K(19200K)->19005K(19200K) NonClass: 16345K(16448K)->16345K(16448K) Class: 2660K(2752K)->2660K(2752K)
[477.486s][info][gc             ] GC(1137) Pause Young (Prepare Mixed) (G1 Evacuation Pause) 851M->542M(978M) 85.672ms
[477.486s][info][gc,cpu         ] GC(1137) User=0.17s Sys=0.00s Real=0.08s
[477.978s][info][gc,start       ] GC(1138) Pause Young (Mixed) (G1 Evacuation Pause)
[477.978s][info][gc,task        ] GC(1138) Using 2 workers of 2 for evacuation
[478.003s][info][gc,phases      ] GC(1138)   Pre Evacuate Collection Set: 0.35ms
[478.003s][info][gc,phases      ] GC(1138)   Merge Heap Roots: 0.43ms
[478.003s][info][gc,phases      ] GC(1138)   Evacuate Collection Set: 23.52ms
[478.003s][info][gc,phases      ] GC(1138)   Post Evacuate Collection Set: 0.65ms
[478.003s][info][gc,phases      ] GC(1138)   Other: 0.10ms
[478.003s][info][gc,heap        ] GC(1138) Eden regions: 323->0(390)
[478.003s][info][gc,heap        ] GC(1138) Survivor regions: 11->11(42)
[478.003s][info][gc,heap        ] GC(1138) Old regions: 521->453
[478.003s][info][gc,heap        ] GC(1138) Humongous regions: 11->11
[478.003s][info][gc,metaspace   ] GC(1138) Metaspace: 19005K(19200K)->19005K(19200K) NonClass: 16345K(16448K)->16345K(16448K) Class: 2660K(2752K)->2660K(2752K)
[478.003s][info][gc             ] GC(1138) Pause Young (Mixed) (G1 Evacuation Pause) 865M->474M(978M) 25.290ms
[478.003s][info][gc,cpu         ] GC(1138) User=0.05s Sys=0.00s Real=0.02s
[478.588s][info][gc,start       ] GC(1139) Pause Young (Concurrent Start) (G1 Evacuation Pause)
[478.588s][info][gc,task        ] GC(1139) Using 2 workers of 2 for evacuation
[478.606s][info][gc,phases      ] GC(1139)   Pre Evacuate Collection Set: 0.33ms
[478.606s][info][gc,phases      ] GC(1139)   Merge Heap Roots: 0.22ms
[478.606s][info][gc,phases      ] GC(1139)   Evacuate Collection Set: 16.84ms
[478.606s][info][gc,phases      ] GC(1139)   Post Evacuate Collection Set: 0.63ms
[478.606s][info][gc,phases      ] GC(1139)   Other: 0.15ms
[478.606s][info][gc,heap        ] GC(1139) Eden regions: 390->0(413)
[478.606s][info][gc,heap        ] GC(1139) Survivor regions: 11->11(51)
[478.606s][info][gc,heap        ] GC(1139) Old regions: 453->453
[478.606s][info][gc,heap        ] GC(1139) Humongous regions: 11->11
[478.606s][info][gc,metaspace   ] GC(1139) Metaspace: 19005K(19200K)->19005K(19200K) NonClass: 16345K(16448K)->16345K(16448K) Class: 2660K(2752K)->2660K(2752K)
[478.606s][info][gc             ] GC(1139) Pause Young (Concurrent Start) (G1 Evacuation Pause) 864M->474M(978M) 18.453ms
[478.606s][info][gc,cpu         ] GC(1139) User=0.03s Sys=0.00s Real=0.01s
[478.606s][info][gc             ] GC(1140) Concurrent Mark Cycle
[478.606s][info][gc,marking     ] GC(1140) Concurrent Scan Root Regions
[478.649s][info][gc,marking     ] GC(1140) Concurrent Scan Root Regions 42.905ms
[478.649s][info][gc,marking     ] GC(1140) Concurrent Mark
[478.649s][info][gc,marking     ] GC(1140) Concurrent Mark From Roots
[478.649s][info][gc,task        ] GC(1140) Using 1 workers of 1 for marking
[479.492s][info][gc,start       ] GC(1141) Pause Young (Normal) (G1 Evacuation Pause)
[479.492s][info][gc,task        ] GC(1141) Using 2 workers of 2 for evacuation
[479.545s][info][gc,phases      ] GC(1141)   Pre Evacuate Collection Set: 0.30ms
[479.545s][info][gc,phases      ] GC(1141)   Merge Heap Roots: 0.25ms
[479.545s][info][gc,phases      ] GC(1141)   Evacuate Collection Set: 52.39ms
[479.545s][info][gc,phases      ] GC(1141)   Post Evacuate Collection Set: 0.62ms
[479.545s][info][gc,phases      ] GC(1141)   Other: 0.07ms
[479.545s][info][gc,heap        ] GC(1141) Eden regions: 413->0(376)
[479.545s][info][gc,heap        ] GC(1141) Survivor regions: 11->42(53)
[479.545s][info][gc,heap        ] GC(1141) Old regions: 453->453
[479.545s][info][gc,heap        ] GC(1141) Humongous regions: 11->11
[479.545s][info][gc,metaspace   ] GC(1141) Metaspace: 19006K(19200K)->19006K(19200K) NonClass: 16346K(16448K)->16346K(16448K) Class: 2660K(2752K)->2660K(2752K)
[479.546s][info][gc             ] GC(1141) Pause Young (Normal) (G1 Evacuation Pause) 887M->505M(978M) 53.856ms
[479.546s][info][gc,cpu         ] GC(1141) User=0.10s Sys=0.00s Real=0.05s
[479.869s][info][gc,marking     ] GC(1140) Concurrent Mark From Roots 1219.554ms
[479.869s][info][gc,marking     ] GC(1140) Concurrent Preclean
[479.869s][info][gc,marking     ] GC(1140) Concurrent Preclean 0.047ms
[479.869s][info][gc,start       ] GC(1140) Pause Remark
[479.877s][info][gc             ] GC(1140) Pause Remark 666M->662M(978M) 8.116ms
[479.877s][info][gc,cpu         ] GC(1140) User=0.02s Sys=0.00s Real=0.01s
[479.878s][info][gc,marking     ] GC(1140) Concurrent Mark 1228.897ms
[479.878s][info][gc,marking     ] GC(1140) Concurrent Rebuild Remembered Sets and Scrub Regions
[480.304s][info][gc,marking     ] GC(1140) Concurrent Rebuild Remembered Sets and Scrub Regions 425.771ms
[480.304s][info][gc,start       ] GC(1140) Pause Cleanup
[480.304s][info][gc             ] GC(1140) Pause Cleanup 825M->825M(978M) 0.240ms
[480.304s][info][gc,cpu         ] GC(1140) User=0.00s Sys=0.00s Real=0.00s
[480.304s][info][gc,marking     ] GC(1140) Concurrent Clear Claimed Marks
[480.304s][info][gc,marking     ] GC(1140) Concurrent Clear Claimed Marks 0.042ms
[480.304s][info][gc,marking     ] GC(1140) Concurrent Cleanup for Next Mark
[480.309s][info][gc,marking     ] GC(1140) Concurrent Cleanup for Next Mark 4.863ms
[480.309s][info][gc             ] GC(1140) Concurrent Mark Cycle 1703.269ms
[480.399s][info][gc,start       ] GC(1142) Pause Young (Prepare Mixed) (G1 Evacuation Pause)
[480.399s][info][gc,task        ] GC(1142) Using 2 workers of 2 for evacuation
[480.461s][info][gc,phases      ] GC(1142)   Pre Evacuate Collection Set: 0.55ms
[480.461s][info][gc,phases      ] GC(1142)   Merge Heap Roots: 0.36ms
[480.461s][info][gc,phases      ] GC(1142)   Evacuate Collection Set: 60.09ms
[480.461s][info][gc,phases      ] GC(1142)   Post Evacuate Collection Set: 0.63ms
[480.461s][info][gc,phases      ] GC(1142)   Other: 0.11ms
[480.461s][info][gc,heap        ] GC(1142) Eden regions: 376->0(383)
[480.461s][info][gc,heap        ] GC(1142) Survivor regions: 42->10(53)
[480.461s][info][gc,heap        ] GC(1142) Old regions: 453->495
[480.461s][info][gc,heap        ] GC(1142) Humongous regions: 7->7
[480.461s][info][gc,metaspace   ] GC(1142) Metaspace: 19012K(19200K)->19012K(19200K) NonClass: 16352K(16448K)->16352K(16448K) Class: 2660K(2752K)->2660K(2752K)
[480.461s][info][gc             ] GC(1142) Pause Young (Prepare Mixed) (G1 Evacuation Pause) 877M->511M(978M) 61.960ms
[480.461s][info][gc,cpu         ] GC(1142) User=0.12s Sys=0.00s Real=0.06s
[481.130s][info][gc,start       ] GC(1143) Pause Young (Mixed) (G1 Evacuation Pause)
[481.130s][info][gc,task        ] GC(1143) Using 2 workers of 2 for evacuation
[481.171s][info][gc,phases      ] GC(1143)   Pre Evacuate Collection Set: 0.33ms
[481.171s][info][gc,phases      ] GC(1143)   Merge Heap Roots: 0.43ms
[481.171s][info][gc,phases      ] GC(1143)   Evacuate Collection Set: 39.75ms
[481.171s][info][gc,phases      ] GC(1143)   Post Evacuate Collection Set: 0.61ms
[481.171s][info][gc,phases      ] GC(1143)   Other: 0.09ms
[481.171s][info][gc,heap        ] GC(1143) Eden regions: 383->0(384)
[481.171s][info][gc,heap        ] GC(1143) Survivor regions: 10->23(50)
[481.171s][info][gc,heap        ] GC(1143) Old regions: 495->485
[481.171s][info][gc,heap        ] GC(1143) Humongous regions: 7->7
[481.171s][info][gc,metaspace   ] GC(1143) Metaspace: 19021K(19200K)->19021K(19200K) NonClass: 16361K(16448K)->16361K(16448K) Class: 2660K(2752K)->2660K(2752K)
[481.171s][info][gc             ] GC(1143) Pause Young (Mixed) (G1 Evacuation Pause) 894M->514M(978M) 41.443ms
[481.171s][info][gc,cpu         ] GC(1143) User=0.08s Sys=0.00s Real=0.04s
[481.642s][info][gc,start       ] GC(1144) Pause Young (Concurrent Start) (G1 Evacuation Pause)
[481.643s][info][gc,task        ] GC(1144) Using 2 workers of 2 for evacuation
[481.714s][info][gc,phases      ] GC(1144)   Pre Evacuate Collection Set: 0.36ms
[481.714s][info][gc,phases      ] GC(1144)   Merge Heap Roots: 0.19ms
[481.714s][info][gc,phases      ] GC(1144)   Evacuate Collection Set: 69.89ms
[481.714s][info][gc,phases      ] GC(1144)   Post Evacuate Collection Set: 0.81ms
[481.714s][info][gc,phases      ] GC(1144)   Other: 0.21ms
[481.714s][info][gc,heap        ] GC(1144) Eden regions: 384->0(308)
[481.714s][info][gc,heap        ] GC(1144) Survivor regions: 23->51(51)
[481.714s][info][gc,heap        ] GC(1144) Old regions: 485->511
[481.714s][info][gc,heap        ] GC(1144) Humongous regions: 7->7
[481.714s][info][gc,metaspace   ] GC(1144) Metaspace: 19027K(19200K)->19027K(19200K) NonClass: 16366K(16448K)->16366K(16448K) Class: 2660K(2752K)->2660K(2752K)
[481.714s][info][gc             ] GC(1144) Pause Young (Concurrent Start) (G1 Evacuation Pause) 898M->568M(978M) 71.731ms
[481.714s][info][gc,cpu         ] GC(1144) User=0.14s Sys=0.00s Real=0.07s
[481.714s][info][gc             ] GC(1145) Concurrent Mark Cycle
[481.714s][info][gc,marking     ] GC(1145) Concurrent Scan Root Regions
[481.808s][info][gc,marking     ] GC(1145) Concurrent Scan Root Regions 93.678ms
[481.808s][info][gc,marking     ] GC(1145) Concurrent Mark
[481.808s][info][gc,marking     ] GC(1145) Concurrent Mark From Roots
[481.808s][info][gc,task        ] GC(1145) Using 1 workers of 1 for marking
[482.630s][info][gc,marking     ] GC(1145) Concurrent Mark From Roots 821.522ms
[482.630s][info][gc,marking     ] GC(1145) Concurrent Preclean
[482.630s][info][gc,marking     ] GC(1145) Concurrent Preclean 0.063ms
[482.630s][info][gc,start       ] GC(1145) Pause Remark
[482.638s][info][gc             ] GC(1145) Pause Remark 840M->698M(978M) 8.240ms
[482.638s][info][gc,cpu         ] GC(1145) User=0.01s Sys=0.00s Real=0.01s
[482.638s][info][gc,marking     ] GC(1145) Concurrent Mark 830.159ms
[482.638s][info][gc,marking     ] GC(1145) Concurrent Rebuild Remembered Sets and Scrub Regions
[482.734s][info][gc,start       ] GC(1146) Pause Young (Normal) (G1 Evacuation Pause)
[482.734s][info][gc,task        ] GC(1146) Using 2 workers of 2 for evacuation
[482.808s][info][gc,phases      ] GC(1146)   Pre Evacuate Collection Set: 0.28ms
[482.808s][info][gc,phases      ] GC(1146)   Merge Heap Roots: 0.52ms
[482.808s][info][gc,phases      ] GC(1146)   Evacuate Collection Set: 73.02ms
[482.808s][info][gc,phases      ] GC(1146)   Post Evacuate Collection Set: 0.60ms
[482.808s][info][gc,phases      ] GC(1146)   Other: 0.08ms
[482.808s][info][gc,heap        ] GC(1146) Eden regions: 308->0(433)
[482.808s][info][gc,heap        ] GC(1146) Survivor regions: 51->10(45)
[482.808s][info][gc,heap        ] GC(1146) Old regions: 371->423
[482.808s][info][gc,heap        ] GC(1146) Humongous regions: 8->8
[482.808s][info][gc,metaspace   ] GC(1146) Metaspace: 19027K(19200K)->19027K(19200K) NonClass: 16366K(16448K)->16366K(16448K) Class: 2660K(2752K)->2660K(2752K)
[482.808s][info][gc             ] GC(1146) Pause Young (Normal) (G1 Evacuation Pause) 737M->440M(978M) 74.741ms
[482.808s][info][gc,cpu         ] GC(1146) User=0.15s Sys=0.00s Real=0.08s
[482.984s][info][gc,marking     ] GC(1145) Concurrent Rebuild Remembered Sets and Scrub Regions 345.502ms
[482.984s][info][gc,start       ] GC(1145) Pause Cleanup
[482.984s][info][gc             ] GC(1145) Pause Cleanup 515M->515M(978M) 0.122ms
[482.984s][info][gc,cpu         ] GC(1145) User=0.00s Sys=0.00s Real=0.00s
[482.984s][info][gc,marking     ] GC(1145) Concurrent Clear Claimed Marks
[482.984s][info][gc,marking     ] GC(1145) Concurrent Clear Claimed Marks 0.031ms
[482.984s][info][gc,marking     ] GC(1145) Concurrent Cleanup for Next Mark
[482.987s][info][gc,marking     ] GC(1145) Concurrent Cleanup for Next Mark 2.853ms
[482.987s][info][gc             ] GC(1145) Concurrent Mark Cycle 1272.760ms
[483.509s][info][gc,start       ] GC(1147) Pause Young (Prepare Mixed) (G1 Evacuation Pause)
[483.510s][info][gc,task        ] GC(1147) Using 2 workers of 2 for evacuation
[483.525s][info][gc,phases      ] GC(1147)   Pre Evacuate Collection Set: 0.30ms
[483.525s][info][gc,phases      ] GC(1147)   Merge Heap Roots: 0.18ms
[483.525s][info][gc,phases      ] GC(1147)   Evacuate Collection Set: 14.17ms
[483.525s][info][gc,phases      ] GC(1147)   Post Evacuate Collection Set: 0.59ms
[483.525s][info][gc,phases      ] GC(1147)   Other: 0.11ms
[483.525s][info][gc,heap        ] GC(1147) Eden regions: 433->0(452)
[483.525s][info][gc,heap        ] GC(1147) Survivor regions: 10->11(56)
[483.525s][info][gc,heap        ] GC(1147) Old regions: 423->423
[483.525s][info][gc,heap        ] GC(1147) Humongous regions: 8->8
[483.525s][info][gc,metaspace   ] GC(1147) Metaspace: 19027K(19200K)->19027K(19200K) NonClass: 16366K(16448K)->16366K(16448K) Class: 2660K(2752K)->2660K(2752K)
[483.525s][info][gc             ] GC(1147) Pause Young (Prepare Mixed) (G1 Evacuation Pause) 873M->440M(978M) 15.593ms
[483.525s][info][gc,cpu         ] GC(1147) User=0.03s Sys=0.01s Real=0.01s
[484.040s][info][gc,start       ] GC(1148) Pause Young (Mixed) (G1 Evacuation Pause)
[484.040s][info][gc,task        ] GC(1148) Using 2 workers of 2 for evacuation
[484.090s][info][gc,phases      ] GC(1148)   Pre Evacuate Collection Set: 0.52ms
[484.090s][info][gc,phases      ] GC(1148)   Merge Heap Roots: 0.33ms
[484.090s][info][gc,phases      ] GC(1148)   Evacuate Collection Set: 48.83ms
[484.090s][info][gc,phases      ] GC(1148)   Post Evacuate Collection Set: 0.71ms
[484.090s][info][gc,phases      ] GC(1148)   Other: 0.10ms
[484.090s][info][gc,heap        ] GC(1148) Eden regions: 452->0(437)
[484.090s][info][gc,heap        ] GC(1148) Survivor regions: 11->36(58)
[484.090s][info][gc,heap        ] GC(1148) Old regions: 423->410
[484.090s][info][gc,heap        ] GC(1148) Humongous regions: 8->8
[484.090s][info][gc,metaspace   ] GC(1148) Metaspace: 19027K(19200K)->19027K(19200K) NonClass: 16366K(16448K)->16366K(16448K) Class: 2660K(2752K)->2660K(2752K)
[484.091s][info][gc             ] GC(1148) Pause Young (Mixed) (G1 Evacuation Pause) 892M->453M(978M) 50.734ms
[484.091s][info][gc,cpu         ] GC(1148) User=0.10s Sys=0.00s Real=0.05s
[484.406s][info][gc,start       ] GC(1149) Pause Young (Concurrent Start) (G1 Evacuation Pause)
[484.407s][info][gc,task        ] GC(1149) Using 2 workers of 2 for evacuation
[484.542s][info][gc,phases      ] GC(1149)   Pre Evacuate Collection Set: 0.28ms
[484.542s][info][gc,phases      ] GC(1149)   Merge Heap Roots: 0.35ms
[484.542s][info][gc,phases      ] GC(1149)   Evacuate Collection Set: 127.08ms
[484.542s][info][gc,phases      ] GC(1149)   Post Evacuate Collection Set: 7.63ms
[484.542s][info][gc,phases      ] GC(1149)   Other: 0.14ms
[484.542s][info][gc,heap        ] GC(1149) Eden regions: 437->0(241)
[484.542s][info][gc,heap        ] GC(1149) Survivor regions: 36->60(60)
[484.542s][info][gc,heap        ] GC(1149) Old regions: 410->559
[484.542s][info][gc,heap        ] GC(1149) Humongous regions: 8->8
[484.542s][info][gc,metaspace   ] GC(1149) Metaspace: 19027K(19200K)->19027K(19200K) NonClass: 16366K(16448K)->16366K(16448K) Class: 2660K(2752K)->2660K(2752K)
[484.542s][info][gc             ] GC(1149) Pause Young (Concurrent Start) (G1 Evacuation Pause) (Evacuation Failure: Allocation) 890M->626M(978M) 135.721ms
[484.542s][info][gc             ] GC(1150) Concurrent Mark Cycle
[484.542s][info][gc,marking     ] GC(1150) Concurrent Scan Root Regions
[484.543s][info][gc,cpu         ] GC(1149) User=0.27s Sys=0.00s Real=0.14s
[484.741s][info][gc,marking     ] GC(1150) Concurrent Scan Root Regions 199.069ms
[484.741s][info][gc,marking     ] GC(1150) Concurrent Mark
[484.741s][info][gc,marking     ] GC(1150) Concurrent Mark From Roots
[484.741s][info][gc,task        ] GC(1150) Using 1 workers of 1 for marking
[484.933s][info][gc,start       ] GC(1151) Pause Young (Normal) (G1 Evacuation Pause)
[484.933s][info][gc,task        ] GC(1151) Using 2 workers of 2 for evacuation
[485.032s][info][gc,phases      ] GC(1151)   Pre Evacuate Collection Set: 0.56ms
[485.032s][info][gc,phases      ] GC(1151)   Merge Heap Roots: 0.75ms
[485.032s][info][gc,phases      ] GC(1151)   Evacuate Collection Set: 96.69ms
[485.032s][info][gc,phases      ] GC(1151)   Post Evacuate Collection Set: 0.62ms
[485.032s][info][gc,phases      ] GC(1151)   Other: 0.09ms
[485.032s][info][gc,heap        ] GC(1151) Eden regions: 241->0(335)
[485.032s][info][gc,heap        ] GC(1151) Survivor regions: 60->18(38)
[485.032s][info][gc,heap        ] GC(1151) Old regions: 559->517
[485.032s][info][gc,heap        ] GC(1151) Humongous regions: 8->8
[485.032s][info][gc,metaspace   ] GC(1151) Metaspace: 19027K(19200K)->19027K(19200K) NonClass: 16366K(16448K)->16366K(16448K) Class: 2660K(2752K)->2660K(2752K)
[485.032s][info][gc             ] GC(1151) Pause Young (Normal) (G1 Evacuation Pause) 867M->542M(978M) 98.986ms
[485.032s][info][gc,cpu         ] GC(1151) User=0.20s Sys=0.00s Real=0.10s
[485.524s][info][gc,marking     ] GC(1150) Concurrent Mark From Roots 782.354ms
[485.524s][info][gc,marking     ] GC(1150) Concurrent Preclean
[485.524s][info][gc,marking     ] GC(1150) Concurrent Preclean 0.051ms
[485.524s][info][gc,start       ] GC(1150) Pause Remark
[485.532s][info][gc             ] GC(1150) Pause Remark 777M->694M(978M) 7.809ms
[485.532s][info][gc,cpu         ] GC(1150) User=0.02s Sys=0.00s Real=0.01s
[485.532s][info][gc,marking     ] GC(1150) Concurrent Mark 790.595ms
[485.532s][info][gc,marking     ] GC(1150) Concurrent Rebuild Remembered Sets and Scrub Regions
[485.682s][info][gc,start       ] GC(1152) Pause Young (Normal) (G1 Evacuation Pause)
[485.682s][info][gc,task        ] GC(1152) Using 2 workers of 2 for evacuation
[485.713s][info][gc,phases      ] GC(1152)   Pre Evacuate Collection Set: 0.30ms
[485.713s][info][gc,phases      ] GC(1152)   Merge Heap Roots: 0.36ms
[485.713s][info][gc,phases      ] GC(1152)   Evacuate Collection Set: 29.47ms
[485.713s][info][gc,phases      ] GC(1152)   Post Evacuate Collection Set: 0.55ms
[485.713s][info][gc,phases      ] GC(1152)   Other: 0.09ms
[485.713s][info][gc,heap        ] GC(1152) Eden regions: 335->0(420)
[485.713s][info][gc,heap        ] GC(1152) Survivor regions: 18->19(45)
[485.713s][info][gc,heap        ] GC(1152) Old regions: 437->437
[485.713s][info][gc,heap        ] GC(1152) Humongous regions: 5->5
[485.713s][info][gc,metaspace   ] GC(1152) Metaspace: 19027K(19200K)->19027K(19200K) NonClass: 16366K(16448K)->16366K(16448K) Class: 2660K(2752K)->2660K(2752K)
[485.713s][info][gc             ] GC(1152) Pause Young (Normal) (G1 Evacuation Pause) 794M->460M(978M) 31.012ms
[485.713s][info][gc,cpu         ] GC(1152) User=0.06s Sys=0.00s Real=0.03s
[485.912s][info][gc,marking     ] GC(1150) Concurrent Rebuild Remembered Sets and Scrub Regions 380.285ms
[485.912s][info][gc,start       ] GC(1150) Pause Cleanup
[485.913s][info][gc             ] GC(1150) Pause Cleanup 545M->545M(978M) 0.114ms
[485.913s][info][gc,cpu         ] GC(1150) User=0.00s Sys=0.00s Real=0.00s
[485.913s][info][gc,marking     ] GC(1150) Concurrent Clear Claimed Marks
[485.913s][info][gc,marking     ] GC(1150) Concurrent Clear Claimed Marks 0.029ms
[485.913s][info][gc,marking     ] GC(1150) Concurrent Cleanup for Next Mark
[485.915s][info][gc,marking     ] GC(1150) Concurrent Cleanup for Next Mark 2.844ms
[485.916s][info][gc             ] GC(1150) Concurrent Mark Cycle 1373.296ms
[486.194s][info][gc,start       ] GC(1153) Pause Young (Prepare Mixed) (G1 Evacuation Pause)
[486.194s][info][gc,task        ] GC(1153) Using 2 workers of 2 for evacuation
[486.287s][info][gc,phases      ] GC(1153)   Pre Evacuate Collection Set: 0.51ms
[486.287s][info][gc,phases      ] GC(1153)   Merge Heap Roots: 0.40ms
[486.287s][info][gc,phases      ] GC(1153)   Evacuate Collection Set: 90.49ms
[486.287s][info][gc,phases      ] GC(1153)   Post Evacuate Collection Set: 0.88ms
[486.287s][info][gc,phases      ] GC(1153)   Other: 0.10ms
[486.287s][info][gc,heap        ] GC(1153) Eden regions: 420->0(328)
[486.287s][info][gc,heap        ] GC(1153) Survivor regions: 19->55(55)
[486.287s][info][gc,heap        ] GC(1153) Old regions: 437->471
[486.287s][info][gc,heap        ] GC(1153) Humongous regions: 5->5
[486.287s][info][gc,metaspace   ] GC(1153) Metaspace: 19027K(19200K)->19027K(19200K) NonClass: 16366K(16448K)->16366K(16448K) Class: 2660K(2752K)->2660K(2752K)
[486.287s][info][gc             ] GC(1153) Pause Young (Prepare Mixed) (G1 Evacuation Pause) 880M->530M(978M) 92.645ms
[486.287s][info][gc,cpu         ] GC(1153) User=0.18s Sys=0.00s Real=0.10s
[486.760s][info][gc,start       ] GC(1154) Pause Young (Mixed) (G1 Evacuation Pause)
[486.760s][info][gc,task        ] GC(1154) Using 2 workers of 2 for evacuation
[486.862s][info][gc,phases      ] GC(1154)   Pre Evacuate Collection Set: 0.56ms
[486.862s][info][gc,phases      ] GC(1154)   Merge Heap Roots: 1.17ms
[486.862s][info][gc,phases      ] GC(1154)   Evacuate Collection Set: 99.35ms
[486.862s][info][gc,phases      ] GC(1154)   Post Evacuate Collection Set: 0.73ms
[486.862s][info][gc,phases      ] GC(1154)   Other: 0.09ms
[486.862s][info][gc,heap        ] GC(1154) Eden regions: 328->0(341)
[486.862s][info][gc,heap        ] GC(1154) Survivor regions: 55->27(48)
[486.862s][info][gc,heap        ] GC(1154) Old regions: 471->483
[486.862s][info][gc,heap        ] GC(1154) Humongous regions: 5->5
[486.862s][info][gc,metaspace   ] GC(1154) Metaspace: 19027K(19200K)->19027K(19200K) NonClass: 16366K(16448K)->16366K(16448K) Class: 2660K(2752K)->2660K(2752K)
[486.862s][info][gc             ] GC(1154) Pause Young (Mixed) (G1 Evacuation Pause) 858M->514M(978M) 102.216ms
[486.862s][info][gc,cpu         ] GC(1154) User=0.20s Sys=0.00s Real=0.10s
[487.230s][info][gc,start       ] GC(1155) Pause Young (Concurrent Start) (G1 Evacuation Pause)
[487.230s][info][gc,task        ] GC(1155) Using 2 workers of 2 for evacuation
[487.268s][info][gc,phases      ] GC(1155)   Pre Evacuate Collection Set: 0.33ms
[487.268s][info][gc,phases      ] GC(1155)   Merge Heap Roots: 0.28ms
[487.268s][info][gc,phases      ] GC(1155)   Evacuate Collection Set: 36.35ms
[487.268s][info][gc,phases      ] GC(1155)   Post Evacuate Collection Set: 0.55ms
[487.268s][info][gc,phases      ] GC(1155)   Other: 0.10ms
[487.268s][info][gc,heap        ] GC(1155) Eden regions: 341->0(353)
[487.268s][info][gc,heap        ] GC(1155) Survivor regions: 27->8(46)
[487.268s][info][gc,heap        ] GC(1155) Old regions: 483->510
[487.268s][info][gc,heap        ] GC(1155) Humongous regions: 5->5
[487.268s][info][gc,metaspace   ] GC(1155) Metaspace: 19027K(19200K)->19027K(19200K) NonClass: 16367K(16448K)->16367K(16448K) Class: 2660K(2752K)->2660K(2752K)
[487.268s][info][gc             ] GC(1155) Pause Young (Concurrent Start) (G1 Evacuation Pause) 855M->522M(978M) 37.833ms
[487.268s][info][gc,cpu         ] GC(1155) User=0.07s Sys=0.00s Real=0.04s
[487.268s][info][gc             ] GC(1156) Concurrent Mark Cycle
[487.268s][info][gc,marking     ] GC(1156) Concurrent Scan Root Regions
[487.324s][info][gc,marking     ] GC(1156) Concurrent Scan Root Regions 56.120ms
[487.324s][info][gc,marking     ] GC(1156) Concurrent Mark
[487.324s][info][gc,marking     ] GC(1156) Concurrent Mark From Roots
[487.324s][info][gc,task        ] GC(1156) Using 1 workers of 1 for marking
[488.181s][info][gc,start       ] GC(1157) Pause Young (Normal) (G1 Evacuation Pause)
[488.181s][info][gc,task        ] GC(1157) Using 2 workers of 2 for evacuation
[488.234s][info][gc,phases      ] GC(1157)   Pre Evacuate Collection Set: 0.30ms
[488.234s][info][gc,phases      ] GC(1157)   Merge Heap Roots: 0.43ms
[488.234s][info][gc,phases      ] GC(1157)   Evacuate Collection Set: 50.91ms
[488.234s][info][gc,phases      ] GC(1157)   Post Evacuate Collection Set: 0.64ms
[488.234s][info][gc,phases      ] GC(1157)   Other: 0.10ms
[488.234s][info][gc,heap        ] GC(1157) Eden regions: 353->0(330)
[488.234s][info][gc,heap        ] GC(1157) Survivor regions: 8->33(46)
[488.234s][info][gc,heap        ] GC(1157) Old regions: 510->510
[488.234s][info][gc,heap        ] GC(1157) Humongous regions: 8->8
[488.234s][info][gc,metaspace   ] GC(1157) Metaspace: 19027K(19200K)->19027K(19200K) NonClass: 16367K(16448K)->16367K(16448K) Class: 2660K(2752K)->2660K(2752K)
[488.234s][info][gc             ] GC(1157) Pause Young (Normal) (G1 Evacuation Pause) 878M->549M(978M) 52.659ms
[488.234s][info][gc,cpu         ] GC(1157) User=0.10s Sys=0.00s Real=0.05s
[488.637s][info][gc,marking     ] GC(1156) Concurrent Mark From Roots 1312.377ms
[488.637s][info][gc,marking     ] GC(1156) Concurrent Preclean
[488.637s][info][gc,marking     ] GC(1156) Concurrent Preclean 0.053ms
[488.637s][info][gc,start       ] GC(1156) Pause Remark
[488.645s][info][gc             ] GC(1156) Pause Remark 705M->705M(978M) 7.914ms
[488.645s][info][gc,cpu         ] GC(1156) User=0.02s Sys=0.00s Real=0.01s
[488.646s][info][gc,marking     ] GC(1156) Concurrent Mark 1321.861ms
[488.646s][info][gc,marking     ] GC(1156) Concurrent Rebuild Remembered Sets and Scrub Regions
[488.924s][info][gc,start       ] GC(1158) Pause Young (Normal) (G1 Evacuation Pause)
[488.924s][info][gc,task        ] GC(1158) Using 2 workers of 2 for evacuation
[489.003s][info][gc,phases      ] GC(1158)   Pre Evacuate Collection Set: 0.48ms
[489.003s][info][gc,phases      ] GC(1158)   Merge Heap Roots: 0.57ms
[489.003s][info][gc,phases      ] GC(1158)   Evacuate Collection Set: 76.55ms
[489.003s][info][gc,phases      ] GC(1158)   Post Evacuate Collection Set: 0.62ms
[489.003s][info][gc,phases      ] GC(1158)   Other: 0.10ms
[489.003s][info][gc,heap        ] GC(1158) Eden regions: 330->0(307)
[489.003s][info][gc,heap        ] GC(1158) Survivor regions: 33->29(46)
[489.003s][info][gc,heap        ] GC(1158) Old regions: 510->542
[489.003s][info][gc,heap        ] GC(1158) Humongous regions: 8->8
[489.003s][info][gc,metaspace   ] GC(1158) Metaspace: 19027K(19200K)->19027K(19200K) NonClass: 16367K(16448K)->16367K(16448K) Class: 2660K(2752K)->2660K(2752K)
[489.003s][info][gc             ] GC(1158) Pause Young (Normal) (G1 Evacuation Pause) 879M->578M(978M) 78.621ms
[489.003s][info][gc,cpu         ] GC(1158) User=0.16s Sys=0.00s Real=0.08s
[489.184s][info][gc,marking     ] GC(1156) Concurrent Rebuild Remembered Sets and Scrub Regions 537.582ms
[489.184s][info][gc,start       ] GC(1156) Pause Cleanup
[489.184s][info][gc             ] GC(1156) Pause Cleanup 664M->664M(978M) 0.119ms
[489.184s][info][gc,cpu         ] GC(1156) User=0.00s Sys=0.00s Real=0.00s
[489.184s][info][gc,marking     ] GC(1156) Concurrent Clear Claimed Marks
[489.184s][info][gc,marking     ] GC(1156) Concurrent Clear Claimed Marks 0.035ms
[489.184s][info][gc,marking     ] GC(1156) Concurrent Cleanup for Next Mark
[489.189s][info][gc,marking     ] GC(1156) Concurrent Cleanup for Next Mark 4.891ms
[489.189s][info][gc             ] GC(1156) Concurrent Mark Cycle 1921.043ms
[489.387s][info][gc,start       ] GC(1159) Pause Young (Prepare Mixed) (G1 Evacuation Pause)
[489.387s][info][gc,task        ] GC(1159) Using 2 workers of 2 for evacuation
[489.422s][info][gc,phases      ] GC(1159)   Pre Evacuate Collection Set: 0.29ms
[489.422s][info][gc,phases      ] GC(1159)   Merge Heap Roots: 0.24ms
[489.422s][info][gc,phases      ] GC(1159)   Evacuate Collection Set: 33.11ms
[489.422s][info][gc,phases      ] GC(1159)   Post Evacuate Collection Set: 0.55ms
[489.422s][info][gc,phases      ] GC(1159)   Other: 0.09ms
[489.422s][info][gc,heap        ] GC(1159) Eden regions: 307->0(319)
[489.422s][info][gc,heap        ] GC(1159) Survivor regions: 29->3(42)
[489.422s][info][gc,heap        ] GC(1159) Old regions: 542->571
[489.422s][info][gc,heap        ] GC(1159) Humongous regions: 8->8
[489.422s][info][gc,metaspace   ] GC(1159) Metaspace: 19027K(19200K)->19027K(19200K) NonClass: 16367K(16448K)->16367K(16448K) Class: 2660K(2752K)->2660K(2752K)
[489.422s][info][gc             ] GC(1159) Pause Young (Prepare Mixed) (G1 Evacuation Pause) 885M->581M(978M) 34.493ms
[489.422s][info][gc,cpu         ] GC(1159) User=0.06s Sys=0.00s Real=0.03s
[489.836s][info][gc,start       ] GC(1160) Pause Young (Mixed) (G1 Evacuation Pause)
[489.836s][info][gc,task        ] GC(1160) Using 2 workers of 2 for evacuation
[489.862s][info][gc,phases      ] GC(1160)   Pre Evacuate Collection Set: 0.32ms
[489.862s][info][gc,phases      ] GC(1160)   Merge Heap Roots: 0.41ms
[489.862s][info][gc,phases      ] GC(1160)   Evacuate Collection Set: 24.13ms
[489.862s][info][gc,phases      ] GC(1160)   Post Evacuate Collection Set: 0.56ms
[489.862s][info][gc,phases      ] GC(1160)   Other: 0.08ms
[489.862s][info][gc,heap        ] GC(1160) Eden regions: 319->0(326)
[489.862s][info][gc,heap        ] GC(1160) Survivor regions: 3->11(41)
[489.862s][info][gc,heap        ] GC(1160) Old regions: 571->563
[489.862s][info][gc,heap        ] GC(1160) Humongous regions: 8->8
[489.862s][info][gc,metaspace   ] GC(1160) Metaspace: 19027K(19200K)->19027K(19200K) NonClass: 16367K(16448K)->16367K(16448K) Class: 2660K(2752K)->2660K(2752K)
[489.862s][info][gc             ] GC(1160) Pause Young (Mixed) (G1 Evacuation Pause) 900M->580M(978M) 25.752ms
[489.862s][info][gc,cpu         ] GC(1160) User=0.05s Sys=0.00s Real=0.03s
[490.726s][info][gc,start       ] GC(1161) Pause Young (Concurrent Start) (G1 Evacuation Pause)
[490.726s][info][gc,task        ] GC(1161) Using 2 workers of 2 for evacuation
[490.764s][info][gc,phases      ] GC(1161)   Pre Evacuate Collection Set: 0.32ms
[490.764s][info][gc,phases      ] GC(1161)   Merge Heap Roots: 0.32ms
[490.764s][info][gc,phases      ] GC(1161)   Evacuate Collection Set: 35.89ms
[490.764s][info][gc,phases      ] GC(1161)   Post Evacuate Collection Set: 0.60ms
[490.764s][info][gc,phases      ] GC(1161)   Other: 0.10ms
[490.764s][info][gc,heap        ] GC(1161) Eden regions: 326->0(293)
[490.764s][info][gc,heap        ] GC(1161) Survivor regions: 11->32(43)
[490.764s][info][gc,heap        ] GC(1161) Old regions: 563->563
[490.764s][info][gc,heap        ] GC(1161) Humongous regions: 8->8
[490.764s][info][gc,metaspace   ] GC(1161) Metaspace: 19030K(19200K)->19030K(19200K) NonClass: 16370K(16448K)->16370K(16448K) Class: 2660K(2752K)->2660K(2752K)
[490.764s][info][gc             ] GC(1161) Pause Young (Concurrent Start) (G1 Evacuation Pause) 906M->601M(978M) 37.497ms
[490.764s][info][gc             ] GC(1162) Concurrent Mark Cycle
[490.764s][info][gc,marking     ] GC(1162) Concurrent Scan Root Regions
[490.766s][info][gc,cpu         ] GC(1161) User=0.08s Sys=0.00s Real=0.04s
[490.809s][info][gc,marking     ] GC(1162) Concurrent Scan Root Regions 45.030ms
[490.809s][info][gc,marking     ] GC(1162) Concurrent Mark
[490.809s][info][gc,marking     ] GC(1162) Concurrent Mark From Roots
[490.809s][info][gc,task        ] GC(1162) Using 1 workers of 1 for marking
[492.358s][info][gc,marking     ] GC(1162) Concurrent Mark From Roots 1549.639ms
[492.359s][info][gc,marking     ] GC(1162) Concurrent Preclean
[492.359s][info][gc,marking     ] GC(1162) Concurrent Preclean 0.050ms
[492.359s][info][gc,start       ] GC(1162) Pause Remark
[492.366s][info][gc             ] GC(1162) Pause Remark 882M->881M(978M) 7.802ms
[492.367s][info][gc,cpu         ] GC(1162) User=0.01s Sys=0.00s Real=0.00s
[492.367s][info][gc,marking     ] GC(1162) Concurrent Mark 1557.775ms
[492.367s][info][gc,marking     ] GC(1162) Concurrent Rebuild Remembered Sets and Scrub Regions
[492.440s][info][gc,start       ] GC(1163) Pause Young (Normal) (G1 Evacuation Pause)
[492.440s][info][gc,task        ] GC(1163) Using 2 workers of 2 for evacuation
[492.476s][info][gc,phases      ] GC(1163)   Pre Evacuate Collection Set: 0.25ms
[492.476s][info][gc,phases      ] GC(1163)   Merge Heap Roots: 0.28ms
[492.476s][info][gc,phases      ] GC(1163)   Evacuate Collection Set: 34.58ms
[492.476s][info][gc,phases      ] GC(1163)   Post Evacuate Collection Set: 0.51ms
[492.476s][info][gc,phases      ] GC(1163)   Other: 0.07ms
[492.476s][info][gc,heap        ] GC(1163) Eden regions: 293->0(317)
[492.476s][info][gc,heap        ] GC(1163) Survivor regions: 32->1(41)
[492.476s][info][gc,heap        ] GC(1163) Old regions: 563->594
[492.476s][info][gc,heap        ] GC(1163) Humongous regions: 7->7
[492.476s][info][gc,metaspace   ] GC(1163) Metaspace: 19030K(19200K)->19030K(19200K) NonClass: 16370K(16448K)->16370K(16448K) Class: 2660K(2752K)->2660K(2752K)
[492.476s][info][gc             ] GC(1163) Pause Young (Normal) (G1 Evacuation Pause) 893M->601M(978M) 35.898ms
[492.476s][info][gc,cpu         ] GC(1163) User=0.07s Sys=0.01s Real=0.03s
[492.926s][info][gc,marking     ] GC(1162) Concurrent Rebuild Remembered Sets and Scrub Regions 559.664ms
[492.926s][info][gc,start       ] GC(1162) Pause Cleanup
[492.927s][info][gc             ] GC(1162) Pause Cleanup 633M->633M(978M) 0.121ms
[492.927s][info][gc,cpu         ] GC(1162) User=0.00s Sys=0.00s Real=0.00s
[492.927s][info][gc,marking     ] GC(1162) Concurrent Clear Claimed Marks
[492.927s][info][gc,marking     ] GC(1162) Concurrent Clear Claimed Marks 0.033ms
[492.927s][info][gc,marking     ] GC(1162) Concurrent Cleanup for Next Mark
[492.930s][info][gc,marking     ] GC(1162) Concurrent Cleanup for Next Mark 2.886ms
[492.930s][info][gc             ] GC(1162) Concurrent Mark Cycle 2165.860ms
[493.986s][info][gc,start       ] GC(1164) Pause Young (Prepare Mixed) (G1 Evacuation Pause)
[493.986s][info][gc,task        ] GC(1164) Using 2 workers of 2 for evacuation
[493.994s][info][gc,phases      ] GC(1164)   Pre Evacuate Collection Set: 0.54ms
[493.994s][info][gc,phases      ] GC(1164)   Merge Heap Roots: 0.23ms
[493.994s][info][gc,phases      ] GC(1164)   Evacuate Collection Set: 6.53ms
[493.994s][info][gc,phases      ] GC(1164)   Post Evacuate Collection Set: 0.57ms
[493.994s][info][gc,phases      ] GC(1164)   Other: 0.08ms
[493.994s][info][gc,heap        ] GC(1164) Eden regions: 317->0(321)
[493.994s][info][gc,heap        ] GC(1164) Survivor regions: 1->3(40)
[493.994s][info][gc,heap        ] GC(1164) Old regions: 594->594
[493.994s][info][gc,heap        ] GC(1164) Humongous regions: 7->7
[493.994s][info][gc,metaspace   ] GC(1164) Metaspace: 19037K(19200K)->19037K(19200K) NonClass: 16376K(16448K)->16376K(16448K) Class: 2660K(2752K)->2660K(2752K)
[493.994s][info][gc             ] GC(1164) Pause Young (Prepare Mixed) (G1 Evacuation Pause) 918M->603M(978M) 8.146ms
[493.994s][info][gc,cpu         ] GC(1164) User=0.02s Sys=0.00s Real=0.01s
[494.552s][info][gc,start       ] GC(1165) Pause Young (Mixed) (G1 Evacuation Pause)
[494.552s][info][gc,task        ] GC(1165) Using 2 workers of 2 for evacuation
[494.664s][info][gc,phases      ] GC(1165)   Pre Evacuate Collection Set: 0.32ms
[494.664s][info][gc,phases      ] GC(1165)   Merge Heap Roots: 0.67ms
[494.664s][info][gc,phases      ] GC(1165)   Evacuate Collection Set: 106.44ms
[494.664s][info][gc,phases      ] GC(1165)   Post Evacuate Collection Set: 4.88ms
[494.664s][info][gc,phases      ] GC(1165)   Other: 0.07ms
[494.664s][info][gc,heap        ] GC(1165) Eden regions: 321->0(88)
[494.664s][info][gc,heap        ] GC(1165) Survivor regions: 3->41(41)
[494.664s][info][gc,heap        ] GC(1165) Old regions: 594->751
[494.664s][info][gc,heap        ] GC(1165) Humongous regions: 7->7
[494.664s][info][gc,metaspace   ] GC(1165) Metaspace: 19043K(19264K)->19043K(19264K) NonClass: 16383K(16512K)->16383K(16512K) Class: 2660K(2752K)->2660K(2752K)
[494.664s][info][gc             ] GC(1165) Pause Young (Mixed) (G1 Evacuation Pause) (Evacuation Failure: Allocation) 924M->798M(978M) 112.605ms
[494.664s][info][gc,cpu         ] GC(1165) User=0.22s Sys=0.00s Real=0.11s
[494.736s][info][gc,start       ] GC(1166) Pause Young (Concurrent Start) (G1 Evacuation Pause)
[494.736s][info][gc,task        ] GC(1166) Using 2 workers of 2 for evacuation
[494.820s][info][gc,phases      ] GC(1166)   Pre Evacuate Collection Set: 0.51ms
[494.820s][info][gc,phases      ] GC(1166)   Merge Heap Roots: 0.20ms
[494.820s][info][gc,phases      ] GC(1166)   Evacuate Collection Set: 82.32ms
[494.820s][info][gc,phases      ] GC(1166)   Post Evacuate Collection Set: 0.69ms
[494.820s][info][gc,phases      ] GC(1166)   Other: 0.19ms
[494.820s][info][gc,heap        ] GC(1166) Eden regions: 88->0(183)
[494.820s][info][gc,heap        ] GC(1166) Survivor regions: 41->17(17)
[494.820s][info][gc,heap        ] GC(1166) Old regions: 751->656
[494.820s][info][gc,heap        ] GC(1166) Humongous regions: 7->7
[494.820s][info][gc,metaspace   ] GC(1166) Metaspace: 19043K(19264K)->19043K(19264K) NonClass: 16383K(16512K)->16383K(16512K) Class: 2660K(2752K)->2660K(2752K)
[494.820s][info][gc             ] GC(1166) Pause Young (Concurrent Start) (G1 Evacuation Pause) 886M->679M(978M) 84.170ms
[494.820s][info][gc,cpu         ] GC(1166) User=0.17s Sys=0.00s Real=0.09s
[494.823s][info][gc             ] GC(1167) Concurrent Mark Cycle
[494.823s][info][gc,marking     ] GC(1167) Concurrent Scan Root Regions
[494.918s][info][gc,marking     ] GC(1167) Concurrent Scan Root Regions 95.339ms
[494.918s][info][gc,marking     ] GC(1167) Concurrent Mark
[494.918s][info][gc,marking     ] GC(1167) Concurrent Mark From Roots
[494.918s][info][gc,task        ] GC(1167) Using 1 workers of 1 for marking
[495.209s][info][gc,start       ] GC(1168) Pause Young (Normal) (G1 Evacuation Pause)
[495.209s][info][gc,task        ] GC(1168) Using 2 workers of 2 for evacuation
[495.278s][info][gc,phases      ] GC(1168)   Pre Evacuate Collection Set: 0.33ms
[495.278s][info][gc,phases      ] GC(1168)   Merge Heap Roots: 0.31ms
[495.278s][info][gc,phases      ] GC(1168)   Evacuate Collection Set: 67.69ms
[495.278s][info][gc,phases      ] GC(1168)   Post Evacuate Collection Set: 0.55ms
[495.278s][info][gc,phases      ] GC(1168)   Other: 0.10ms
[495.278s][info][gc,heap        ] GC(1168) Eden regions: 183->0(137)
[495.278s][info][gc,heap        ] GC(1168) Survivor regions: 17->25(25)
[495.278s][info][gc,heap        ] GC(1168) Old regions: 656->703
[495.278s][info][gc,heap        ] GC(1168) Humongous regions: 7->7
[495.278s][info][gc,metaspace   ] GC(1168) Metaspace: 19043K(19264K)->19043K(19264K) NonClass: 16383K(16512K)->16383K(16512K) Class: 2660K(2752K)->2660K(2752K)
[495.278s][info][gc             ] GC(1168) Pause Young (Normal) (G1 Evacuation Pause) 862M->734M(978M) 69.264ms
[495.278s][info][gc,cpu         ] GC(1168) User=0.14s Sys=0.00s Real=0.07s
[495.590s][info][gc,start       ] GC(1169) Pause Young (Normal) (G1 Evacuation Pause)
[495.590s][info][gc,task        ] GC(1169) Using 2 workers of 2 for evacuation
[495.673s][info][gc,phases      ] GC(1169)   Pre Evacuate Collection Set: 0.50ms
[495.673s][info][gc,phases      ] GC(1169)   Merge Heap Roots: 0.97ms
[495.673s][info][gc,phases      ] GC(1169)   Evacuate Collection Set: 80.65ms
[495.673s][info][gc,phases      ] GC(1169)   Post Evacuate Collection Set: 0.72ms
[495.673s][info][gc,phases      ] GC(1169)   Other: 0.11ms
[495.673s][info][gc,heap        ] GC(1169) Eden regions: 137->0(116)
[495.673s][info][gc,heap        ] GC(1169) Survivor regions: 25->21(21)
[495.673s][info][gc,heap        ] GC(1169) Old regions: 703->743
[495.673s][info][gc,heap        ] GC(1169) Humongous regions: 8->8
[495.673s][info][gc,metaspace   ] GC(1169) Metaspace: 19050K(19264K)->19050K(19264K) NonClass: 16390K(16512K)->16390K(16512K) Class: 2660K(2752K)->2660K(2752K)
[495.673s][info][gc             ] GC(1169) Pause Young (Normal) (G1 Evacuation Pause) 872M->771M(978M) 83.244ms
[495.673s][info][gc,cpu         ] GC(1169) User=0.16s Sys=0.00s Real=0.08s
[495.856s][info][gc,start       ] GC(1170) Pause Young (Normal) (G1 Evacuation Pause)
[495.856s][info][gc,task        ] GC(1170) Using 2 workers of 2 for evacuation
[495.919s][info][gc,phases      ] GC(1170)   Pre Evacuate Collection Set: 0.31ms
[495.919s][info][gc,phases      ] GC(1170)   Merge Heap Roots: 0.65ms
[495.919s][info][gc,phases      ] GC(1170)   Evacuate Collection Set: 61.86ms
[495.919s][info][gc,phases      ] GC(1170)   Post Evacuate Collection Set: 0.36ms
[495.919s][info][gc,phases      ] GC(1170)   Other: 0.09ms
[495.919s][info][gc,heap        ] GC(1170) Eden regions: 116->0(109)
[495.919s][info][gc,heap        ] GC(1170) Survivor regions: 21->17(18)
[495.919s][info][gc,heap        ] GC(1170) Old regions: 743->764
[495.919s][info][gc,heap        ] GC(1170) Humongous regions: 11->11
[495.919s][info][gc,metaspace   ] GC(1170) Metaspace: 19052K(19264K)->19052K(19264K) NonClass: 16392K(16512K)->16392K(16512K) Class: 2660K(2752K)->2660K(2752K)
[495.919s][info][gc             ] GC(1170) Pause Young (Normal) (G1 Evacuation Pause) 890M->791M(978M) 63.544ms
[495.919s][info][gc,cpu         ] GC(1170) User=0.13s Sys=0.00s Real=0.07s
[496.081s][info][gc,start       ] GC(1171) Pause Young (Normal) (G1 Evacuation Pause)
[496.081s][info][gc,task        ] GC(1171) Using 2 workers of 2 for evacuation
[496.132s][info][gc,phases      ] GC(1171)   Pre Evacuate Collection Set: 0.53ms
[496.132s][info][gc,phases      ] GC(1171)   Merge Heap Roots: 0.26ms
[496.132s][info][gc,phases      ] GC(1171)   Evacuate Collection Set: 49.31ms
[496.132s][info][gc,phases      ] GC(1171)   Post Evacuate Collection Set: 0.40ms
[496.132s][info][gc,phases      ] GC(1171)   Other: 0.08ms
[496.132s][info][gc,heap        ] GC(1171) Eden regions: 109->0(103)
[496.132s][info][gc,heap        ] GC(1171) Survivor regions: 17->16(16)
[496.132s][info][gc,heap        ] GC(1171) Old regions: 764->781
[496.132s][info][gc,heap        ] GC(1171) Humongous regions: 11->11
[496.132s][info][gc,metaspace   ] GC(1171) Metaspace: 19052K(19264K)->19052K(19264K) NonClass: 16392K(16512K)->16392K(16512K) Class: 2660K(2752K)->2660K(2752K)
[496.132s][info][gc             ] GC(1171) Pause Young (Normal) (G1 Evacuation Pause) 900M->807M(978M) 50.828ms
[496.132s][info][gc,cpu         ] GC(1171) User=0.10s Sys=0.00s Real=0.05s
[496.268s][info][gc,start       ] GC(1172) Pause Young (Normal) (G1 Evacuation Pause)
[496.268s][info][gc,task        ] GC(1172) Using 2 workers of 2 for evacuation
[496.293s][info][gc,phases      ] GC(1172)   Pre Evacuate Collection Set: 0.56ms
[496.293s][info][gc,phases      ] GC(1172)   Merge Heap Roots: 0.34ms
[496.293s][info][gc,phases      ] GC(1172)   Evacuate Collection Set: 22.77ms
[496.293s][info][gc,phases      ] GC(1172)   Post Evacuate Collection Set: 0.34ms
[496.293s][info][gc,phases      ] GC(1172)   Other: 0.09ms
[496.293s][info][gc,heap        ] GC(1172) Eden regions: 103->0(110)
[496.293s][info][gc,heap        ] GC(1172) Survivor regions: 16->2(15)
[496.293s][info][gc,heap        ] GC(1172) Old regions: 781->797
[496.293s][info][gc,heap        ] GC(1172) Humongous regions: 11->11
[496.293s][info][gc,metaspace   ] GC(1172) Metaspace: 19052K(19264K)->19052K(19264K) NonClass: 16392K(16512K)->16392K(16512K) Class: 2660K(2752K)->2660K(2752K)
[496.293s][info][gc             ] GC(1172) Pause Young (Normal) (G1 Evacuation Pause) 910M->809M(978M) 24.368ms
[496.293s][info][gc,cpu         ] GC(1172) User=0.05s Sys=0.00s Real=0.02s
[496.451s][info][gc,start       ] GC(1173) Pause Young (Normal) (G1 Evacuation Pause)
[496.451s][info][gc,task        ] GC(1173) Using 2 workers of 2 for evacuation
[496.464s][info][gc,phases      ] GC(1173)   Pre Evacuate Collection Set: 0.32ms
[496.464s][info][gc,phases      ] GC(1173)   Merge Heap Roots: 0.13ms
[496.464s][info][gc,phases      ] GC(1173)   Evacuate Collection Set: 12.12ms
[496.464s][info][gc,phases      ] GC(1173)   Post Evacuate Collection Set: 0.34ms
[496.464s][info][gc,phases      ] GC(1173)   Other: 0.11ms
[496.464s][info][gc,heap        ] GC(1173) Eden regions: 110->0(100)
[496.464s][info][gc,heap        ] GC(1173) Survivor regions: 2->10(14)
[496.464s][info][gc,heap        ] GC(1173) Old regions: 797->797
[496.464s][info][gc,heap        ] GC(1173) Humongous regions: 11->11
[496.464s][info][gc,metaspace   ] GC(1173) Metaspace: 19052K(19264K)->19052K(19264K) NonClass: 16392K(16512K)->16392K(16512K) Class: 2660K(2752K)->2660K(2752K)
[496.464s][info][gc             ] GC(1173) Pause Young (Normal) (G1 Evacuation Pause) 919M->817M(978M) 13.249ms
[496.464s][info][gc,cpu         ] GC(1173) User=0.02s Sys=0.00s Real=0.01s
[496.597s][info][gc,start       ] GC(1174) Pause Young (Normal) (G1 Evacuation Pause)
[496.597s][info][gc,task        ] GC(1174) Using 2 workers of 2 for evacuation
[496.630s][info][gc,phases      ] GC(1174)   Pre Evacuate Collection Set: 0.29ms
[496.631s][info][gc,phases      ] GC(1174)   Merge Heap Roots: 0.13ms
[496.631s][info][gc,phases      ] GC(1174)   Evacuate Collection Set: 32.65ms
[496.631s][info][gc,phases      ] GC(1174)   Post Evacuate Collection Set: 0.35ms
[496.631s][info][gc,phases      ] GC(1174)   Other: 0.06ms
[496.631s][info][gc,heap        ] GC(1174) Eden regions: 100->0(75)
[496.631s][info][gc,heap        ] GC(1174) Survivor regions: 10->14(14)
[496.631s][info][gc,heap        ] GC(1174) Old regions: 797->814
[496.631s][info][gc,heap        ] GC(1174) Humongous regions: 11->11
[496.631s][info][gc,metaspace   ] GC(1174) Metaspace: 19052K(19264K)->19052K(19264K) NonClass: 16392K(16512K)->16392K(16512K) Class: 2660K(2752K)->2660K(2752K)
[496.631s][info][gc             ] GC(1174) Pause Young (Normal) (G1 Evacuation Pause) 917M->838M(978M) 33.709ms
[496.631s][info][gc,cpu         ] GC(1174) User=0.07s Sys=0.00s Real=0.04s
[496.724s][info][gc,start       ] GC(1175) Pause Young (Normal) (G1 Evacuation Pause)
[496.724s][info][gc,task        ] GC(1175) Using 2 workers of 2 for evacuation
[496.746s][info][gc,phases      ] GC(1175)   Pre Evacuate Collection Set: 0.28ms
[496.746s][info][gc,phases      ] GC(1175)   Merge Heap Roots: 0.09ms
[496.746s][info][gc,phases      ] GC(1175)   Evacuate Collection Set: 21.27ms
[496.746s][info][gc,phases      ] GC(1175)   Post Evacuate Collection Set: 0.30ms
[496.746s][info][gc,phases      ] GC(1175)   Other: 0.06ms
[496.746s][info][gc,heap        ] GC(1175) Eden regions: 75->0(70)
[496.746s][info][gc,heap        ] GC(1175) Survivor regions: 14->9(12)
[496.746s][info][gc,heap        ] GC(1175) Old regions: 814->829
[496.746s][info][gc,heap        ] GC(1175) Humongous regions: 11->11
[496.746s][info][gc,metaspace   ] GC(1175) Metaspace: 19052K(19264K)->19052K(19264K) NonClass: 16392K(16512K)->16392K(16512K) Class: 2660K(2752K)->2660K(2752K)
[496.746s][info][gc             ] GC(1175) Pause Young (Normal) (G1 Evacuation Pause) 913M->848M(978M) 22.221ms
[496.746s][info][gc,cpu         ] GC(1175) User=0.05s Sys=0.00s Real=0.02s
[496.818s][info][gc,start       ] GC(1176) Pause Young (Normal) (G1 Evacuation Pause)
[496.818s][info][gc,task        ] GC(1176) Using 2 workers of 2 for evacuation
[496.836s][info][gc,phases      ] GC(1176)   Pre Evacuate Collection Set: 0.28ms
[496.836s][info][gc,phases      ] GC(1176)   Merge Heap Roots: 0.06ms
[496.836s][info][gc,phases      ] GC(1176)   Evacuate Collection Set: 17.24ms
[496.836s][info][gc,phases      ] GC(1176)   Post Evacuate Collection Set: 0.29ms
[496.836s][info][gc,phases      ] GC(1176)   Other: 0.06ms
[496.836s][info][gc,heap        ] GC(1176) Eden regions: 70->0(57)
[496.836s][info][gc,heap        ] GC(1176) Survivor regions: 9->10(10)
[496.836s][info][gc,heap        ] GC(1176) Old regions: 829->840
[496.836s][info][gc,heap        ] GC(1176) Humongous regions: 11->11
[496.836s][info][gc,metaspace   ] GC(1176) Metaspace: 19052K(19264K)->19052K(19264K) NonClass: 16392K(16512K)->16392K(16512K) Class: 2660K(2752K)->2660K(2752K)
[496.836s][info][gc             ] GC(1176) Pause Young (Normal) (G1 Evacuation Pause) 918M->860M(978M) 18.132ms
[496.836s][info][gc,cpu         ] GC(1176) User=0.03s Sys=0.00s Real=0.01s
[496.907s][info][gc,start       ] GC(1177) Pause Young (Normal) (G1 Evacuation Pause)
[496.907s][info][gc,task        ] GC(1177) Using 2 workers of 2 for evacuation
[496.928s][info][gc,phases      ] GC(1177)   Pre Evacuate Collection Set: 0.26ms
[496.928s][info][gc,phases      ] GC(1177)   Merge Heap Roots: 0.10ms
[496.928s][info][gc,phases      ] GC(1177)   Evacuate Collection Set: 20.33ms
[496.928s][info][gc,phases      ] GC(1177)   Post Evacuate Collection Set: 0.29ms
[496.928s][info][gc,phases      ] GC(1177)   Other: 0.06ms
[496.928s][info][gc,heap        ] GC(1177) Eden regions: 57->0(46)
[496.928s][info][gc,heap        ] GC(1177) Survivor regions: 10->9(9)
[496.928s][info][gc,heap        ] GC(1177) Old regions: 840->853
[496.928s][info][gc,heap        ] GC(1177) Humongous regions: 11->11
[496.928s][info][gc,metaspace   ] GC(1177) Metaspace: 19052K(19264K)->19052K(19264K) NonClass: 16392K(16512K)->16392K(16512K) Class: 2660K(2752K)->2660K(2752K)
[496.928s][info][gc             ] GC(1177) Pause Young (Normal) (G1 Evacuation Pause) 917M->872M(978M) 21.203ms
[496.928s][info][gc,cpu         ] GC(1177) User=0.05s Sys=0.00s Real=0.02s
[496.929s][info][gc,marking     ] GC(1167) Concurrent Mark From Roots 2010.450ms
[496.929s][info][gc,marking     ] GC(1167) Concurrent Preclean
[496.929s][info][gc,marking     ] GC(1167) Concurrent Preclean 0.073ms
[496.932s][info][gc,start       ] GC(1167) Pause Remark
[496.939s][info][gc             ] GC(1167) Pause Remark 875M->804M(978M) 7.808ms
[496.939s][info][gc,cpu         ] GC(1167) User=0.02s Sys=0.00s Real=0.01s
[496.940s][info][gc,marking     ] GC(1167) Concurrent Mark 2021.131ms
[496.940s][info][gc,marking     ] GC(1167) Concurrent Rebuild Remembered Sets and Scrub Regions
[496.990s][info][gc,start       ] GC(1178) Pause Young (Normal) (G1 Evacuation Pause)
[496.990s][info][gc,task        ] GC(1178) Using 2 workers of 2 for evacuation
[497.004s][info][gc,phases      ] GC(1178)   Pre Evacuate Collection Set: 0.24ms
[497.004s][info][gc,phases      ] GC(1178)   Merge Heap Roots: 0.10ms
[497.004s][info][gc,phases      ] GC(1178)   Evacuate Collection Set: 13.57ms
[497.004s][info][gc,phases      ] GC(1178)   Post Evacuate Collection Set: 0.26ms
[497.004s][info][gc,phases      ] GC(1178)   Other: 0.09ms
[497.004s][info][gc,heap        ] GC(1178) Eden regions: 46->0(111)
[497.004s][info][gc,heap        ] GC(1178) Survivor regions: 9->6(7)
[497.004s][info][gc,heap        ] GC(1178) Old regions: 784->794
[497.004s][info][gc,heap        ] GC(1178) Humongous regions: 9->9
[497.004s][info][gc,metaspace   ] GC(1178) Metaspace: 19052K(19264K)->19052K(19264K) NonClass: 16392K(16512K)->16392K(16512K) Class: 2660K(2752K)->2660K(2752K)
[497.005s][info][gc             ] GC(1178) Pause Young (Normal) (G1 Evacuation Pause) 847M->808M(978M) 14.447ms
[497.005s][info][gc,cpu         ] GC(1178) User=0.03s Sys=0.00s Real=0.01s
[497.150s][info][gc,start       ] GC(1179) Pause Young (Normal) (G1 Evacuation Pause)
[497.150s][info][gc,task        ] GC(1179) Using 2 workers of 2 for evacuation
[497.177s][info][gc,phases      ] GC(1179)   Pre Evacuate Collection Set: 0.48ms
[497.177s][info][gc,phases      ] GC(1179)   Merge Heap Roots: 0.29ms
[497.177s][info][gc,phases      ] GC(1179)   Evacuate Collection Set: 25.60ms
[497.177s][info][gc,phases      ] GC(1179)   Post Evacuate Collection Set: 0.39ms
[497.177s][info][gc,phases      ] GC(1179)   Other: 0.07ms
[497.177s][info][gc,heap        ] GC(1179) Eden regions: 111->0(93)
[497.177s][info][gc,heap        ] GC(1179) Survivor regions: 6->15(15)
[497.177s][info][gc,heap        ] GC(1179) Old regions: 794->795
[497.177s][info][gc,heap        ] GC(1179) Humongous regions: 10->10
[497.177s][info][gc,metaspace   ] GC(1179) Metaspace: 19052K(19264K)->19052K(19264K) NonClass: 16392K(16512K)->16392K(16512K) Class: 2660K(2752K)->2660K(2752K)
[497.177s][info][gc             ] GC(1179) Pause Young (Normal) (G1 Evacuation Pause) 920M->819M(978M) 27.043ms
[497.177s][info][gc,cpu         ] GC(1179) User=0.05s Sys=0.00s Real=0.03s
[497.304s][info][gc,start       ] GC(1180) Pause Young (Normal) (G1 Evacuation Pause)
[497.304s][info][gc,task        ] GC(1180) Using 2 workers of 2 for evacuation
[497.332s][info][gc,phases      ] GC(1180)   Pre Evacuate Collection Set: 0.47ms
[497.332s][info][gc,phases      ] GC(1180)   Merge Heap Roots: 0.25ms
[497.332s][info][gc,phases      ] GC(1180)   Evacuate Collection Set: 26.48ms
[497.332s][info][gc,phases      ] GC(1180)   Post Evacuate Collection Set: 0.33ms
[497.332s][info][gc,phases      ] GC(1180)   Other: 0.08ms
[497.332s][info][gc,heap        ] GC(1180) Eden regions: 93->0(97)
[497.332s][info][gc,heap        ] GC(1180) Survivor regions: 15->5(14)
[497.332s][info][gc,heap        ] GC(1180) Old regions: 795->811
[497.332s][info][gc,heap        ] GC(1180) Humongous regions: 10->10
[497.332s][info][gc,metaspace   ] GC(1180) Metaspace: 19052K(19264K)->19052K(19264K) NonClass: 16392K(16512K)->16392K(16512K) Class: 2660K(2752K)->2660K(2752K)
[497.332s][info][gc             ] GC(1180) Pause Young (Normal) (G1 Evacuation Pause) 912M->824M(978M) 27.890ms
[497.332s][info][gc,cpu         ] GC(1180) User=0.06s Sys=0.00s Real=0.03s
[497.429s][info][gc,start       ] GC(1181) Pause Young (Normal) (G1 Evacuation Pause)
[497.429s][info][gc,task        ] GC(1181) Using 2 workers of 2 for evacuation
[497.438s][info][gc,phases      ] GC(1181)   Pre Evacuate Collection Set: 0.26ms
[497.438s][info][gc,phases      ] GC(1181)   Merge Heap Roots: 0.11ms
[497.438s][info][gc,phases      ] GC(1181)   Evacuate Collection Set: 7.67ms
[497.438s][info][gc,phases      ] GC(1181)   Post Evacuate Collection Set: 0.29ms
[497.438s][info][gc,phases      ] GC(1181)   Other: 0.08ms
[497.438s][info][gc,heap        ] GC(1181) Eden regions: 97->0(95)
[497.438s][info][gc,heap        ] GC(1181) Survivor regions: 5->6(13)
[497.438s][info][gc,heap        ] GC(1181) Old regions: 811->811
[497.438s][info][gc,heap        ] GC(1181) Humongous regions: 10->10
[497.438s][info][gc,metaspace   ] GC(1181) Metaspace: 19052K(19264K)->19052K(19264K) NonClass: 16392K(16512K)->16392K(16512K) Class: 2660K(2752K)->2660K(2752K)
[497.438s][info][gc             ] GC(1181) Pause Young (Normal) (G1 Evacuation Pause) 921M->825M(978M) 8.607ms
[497.438s][info][gc,cpu         ] GC(1181) User=0.02s Sys=0.00s Real=0.01s
[497.522s][info][gc,start       ] GC(1182) Pause Young (Normal) (G1 Evacuation Pause)
[497.522s][info][gc,task        ] GC(1182) Using 2 workers of 2 for evacuation
[497.533s][info][gc,phases      ] GC(1182)   Pre Evacuate Collection Set: 0.46ms
[497.533s][info][gc,phases      ] GC(1182)   Merge Heap Roots: 0.11ms
[497.533s][info][gc,phases      ] GC(1182)   Evacuate Collection Set: 10.17ms
[497.533s][info][gc,phases      ] GC(1182)   Post Evacuate Collection Set: 0.32ms
[497.533s][info][gc,phases      ] GC(1182)   Other: 0.11ms
[497.533s][info][gc,heap        ] GC(1182) Eden regions: 95->0(89)
[497.533s][info][gc,heap        ] GC(1182) Survivor regions: 6->9(13)
[497.533s][info][gc,heap        ] GC(1182) Old regions: 811->811
[497.533s][info][gc,heap        ] GC(1182) Humongous regions: 10->10
[497.533s][info][gc,metaspace   ] GC(1182) Metaspace: 19052K(19264K)->19052K(19264K) NonClass: 16392K(16512K)->16392K(16512K) Class: 2660K(2752K)->2660K(2752K)
[497.533s][info][gc             ] GC(1182) Pause Young (Normal) (G1 Evacuation Pause) 920M->828M(978M) 11.340ms
[497.533s][info][gc,cpu         ] GC(1182) User=0.03s Sys=0.00s Real=0.01s
[497.653s][info][gc,start       ] GC(1183) Pause Young (Normal) (G1 Evacuation Pause)
[497.653s][info][gc,task        ] GC(1183) Using 2 workers of 2 for evacuation
[497.667s][info][gc,phases      ] GC(1183)   Pre Evacuate Collection Set: 0.49ms
[497.667s][info][gc,phases      ] GC(1183)   Merge Heap Roots: 0.13ms
[497.667s][info][gc,phases      ] GC(1183)   Evacuate Collection Set: 12.56ms
[497.667s][info][gc,phases      ] GC(1183)   Post Evacuate Collection Set: 0.32ms
[497.667s][info][gc,phases      ] GC(1183)   Other: 0.11ms
[497.667s][info][gc,heap        ] GC(1183) Eden regions: 89->0(89)
[497.667s][info][gc,heap        ] GC(1183) Survivor regions: 9->7(13)
[497.667s][info][gc,heap        ] GC(1183) Old regions: 811->815
[497.667s][info][gc,heap        ] GC(1183) Humongous regions: 10->10
[497.667s][info][gc,metaspace   ] GC(1183) Metaspace: 19052K(19264K)->19052K(19264K) NonClass: 16392K(16512K)->16392K(16512K) Class: 2660K(2752K)->2660K(2752K)
[497.667s][info][gc             ] GC(1183) Pause Young (Normal) (G1 Evacuation Pause) 917M->831M(978M) 13.810ms
[497.667s][info][gc,cpu         ] GC(1183) User=0.03s Sys=0.00s Real=0.02s
[497.767s][info][gc,marking     ] GC(1167) Concurrent Rebuild Remembered Sets and Scrub Regions 827.690ms
[497.767s][info][gc,start       ] GC(1167) Pause Cleanup
[497.768s][info][gc             ] GC(1167) Pause Cleanup 863M->863M(978M) 0.140ms
[497.768s][info][gc,cpu         ] GC(1167) User=0.00s Sys=0.00s Real=0.00s
[497.768s][info][gc,marking     ] GC(1167) Concurrent Clear Claimed Marks
[497.768s][info][gc,marking     ] GC(1167) Concurrent Clear Claimed Marks 0.038ms
[497.768s][info][gc,marking     ] GC(1167) Concurrent Cleanup for Next Mark
[497.771s][info][gc,marking     ] GC(1167) Concurrent Cleanup for Next Mark 3.308ms
[497.771s][info][gc             ] GC(1167) Concurrent Mark Cycle 2948.094ms
[497.951s][info][gc,start       ] GC(1184) Pause Young (Prepare Mixed) (G1 Evacuation Pause)
[497.951s][info][gc,task        ] GC(1184) Using 2 workers of 2 for evacuation
[497.962s][info][gc,phases      ] GC(1184)   Pre Evacuate Collection Set: 0.53ms
[497.963s][info][gc,phases      ] GC(1184)   Merge Heap Roots: 0.18ms
[497.963s][info][gc,phases      ] GC(1184)   Evacuate Collection Set: 10.03ms
[497.963s][info][gc,phases      ] GC(1184)   Post Evacuate Collection Set: 0.39ms
[497.963s][info][gc,phases      ] GC(1184)   Other: 0.09ms
[497.963s][info][gc,heap        ] GC(1184) Eden regions: 89->0(88)
[497.963s][info][gc,heap        ] GC(1184) Survivor regions: 7->7(12)
[497.963s][info][gc,heap        ] GC(1184) Old regions: 815->816
[497.963s][info][gc,heap        ] GC(1184) Humongous regions: 10->10
[497.963s][info][gc,metaspace   ] GC(1184) Metaspace: 19052K(19264K)->19052K(19264K) NonClass: 16392K(16512K)->16392K(16512K) Class: 2660K(2752K)->2660K(2752K)
[497.963s][info][gc             ] GC(1184) Pause Young (Prepare Mixed) (G1 Evacuation Pause) 920M->832M(978M) 11.452ms
[497.963s][info][gc,cpu         ] GC(1184) User=0.02s Sys=0.00s Real=0.01s
[498.160s][info][gc,start       ] GC(1185) Pause Young (Mixed) (G1 Evacuation Pause)
[498.160s][info][gc,task        ] GC(1185) Using 2 workers of 2 for evacuation
[498.216s][info][gc,phases      ] GC(1185)   Pre Evacuate Collection Set: 0.54ms
[498.216s][info][gc,phases      ] GC(1185)   Merge Heap Roots: 0.80ms
[498.216s][info][gc,phases      ] GC(1185)   Evacuate Collection Set: 54.47ms
[498.216s][info][gc,phases      ] GC(1185)   Post Evacuate Collection Set: 0.40ms
[498.216s][info][gc,phases      ] GC(1185)   Other: 0.07ms
[498.216s][info][gc,heap        ] GC(1185) Eden regions: 88->0(123)
[498.217s][info][gc,heap        ] GC(1185) Survivor regions: 7->5(12)
[498.217s][info][gc,heap        ] GC(1185) Old regions: 816->785
[498.217s][info][gc,heap        ] GC(1185) Humongous regions: 10->10
[498.217s][info][gc,metaspace   ] GC(1185) Metaspace: 19052K(19264K)->19052K(19264K) NonClass: 16392K(16512K)->16392K(16512K) Class: 2660K(2752K)->2660K(2752K)
[498.217s][info][gc             ] GC(1185) Pause Young (Mixed) (G1 Evacuation Pause) 920M->799M(978M) 56.512ms
[498.217s][info][gc,cpu         ] GC(1185) User=0.11s Sys=0.00s Real=0.05s
[498.345s][info][gc,start       ] GC(1186) Pause Young (Concurrent Start) (G1 Evacuation Pause)
[498.345s][info][gc,task        ] GC(1186) Using 2 workers of 2 for evacuation
[498.399s][info][gc,phases      ] GC(1186)   Pre Evacuate Collection Set: 0.31ms
[498.399s][info][gc,phases      ] GC(1186)   Merge Heap Roots: 0.16ms
[498.399s][info][gc,phases      ] GC(1186)   Evacuate Collection Set: 52.34ms
[498.399s][info][gc,phases      ] GC(1186)   Post Evacuate Collection Set: 0.50ms
[498.399s][info][gc,phases      ] GC(1186)   Other: 0.10ms
[498.399s][info][gc,heap        ] GC(1186) Eden regions: 123->0(63)
[498.399s][info][gc,heap        ] GC(1186) Survivor regions: 5->16(16)
[498.399s][info][gc,heap        ] GC(1186) Old regions: 785->823
[498.399s][info][gc,heap        ] GC(1186) Humongous regions: 10->10
[498.399s][info][gc,metaspace   ] GC(1186) Metaspace: 19052K(19264K)->19052K(19264K) NonClass: 16392K(16512K)->16392K(16512K) Class: 2660K(2752K)->2660K(2752K)
[498.399s][info][gc             ] GC(1186) Pause Young (Concurrent Start) (G1 Evacuation Pause) 922M->848M(978M) 53.657ms
[498.399s][info][gc,cpu         ] GC(1186) User=0.10s Sys=0.00s Real=0.06s
[498.399s][info][gc             ] GC(1187) Concurrent Mark Cycle
[498.399s][info][gc,marking     ] GC(1187) Concurrent Scan Root Regions
[498.475s][info][gc,marking     ] GC(1187) Concurrent Scan Root Regions 75.795ms
[498.475s][info][gc,marking     ] GC(1187) Concurrent Mark
[498.475s][info][gc,marking     ] GC(1187) Concurrent Mark From Roots
[498.475s][info][gc,task        ] GC(1187) Using 1 workers of 1 for marking
[498.558s][info][gc,start       ] GC(1188) Pause Young (Normal) (G1 Evacuation Pause)
[498.558s][info][gc,task        ] GC(1188) Using 2 workers of 2 for evacuation
[498.599s][info][gc,phases      ] GC(1188)   Pre Evacuate Collection Set: 0.52ms
[498.599s][info][gc,phases      ] GC(1188)   Merge Heap Roots: 0.30ms
[498.599s][info][gc,phases      ] GC(1188)   Evacuate Collection Set: 40.18ms
[498.599s][info][gc,phases      ] GC(1188)   Post Evacuate Collection Set: 0.36ms
[498.599s][info][gc,phases      ] GC(1188)   Other: 0.11ms
[498.599s][info][gc,heap        ] GC(1188) Eden regions: 63->0(51)
[498.599s][info][gc,heap        ] GC(1188) Survivor regions: 16->10(10)
[498.599s][info][gc,heap        ] GC(1188) Old regions: 823->847
[498.599s][info][gc,heap        ] GC(1188) Humongous regions: 10->10
[498.599s][info][gc,metaspace   ] GC(1188) Metaspace: 19052K(19264K)->19052K(19264K) NonClass: 16392K(16512K)->16392K(16512K) Class: 2660K(2752K)->2660K(2752K)
[498.599s][info][gc             ] GC(1188) Pause Young (Normal) (G1 Evacuation Pause) 911M->866M(978M) 41.683ms
[498.599s][info][gc,cpu         ] GC(1188) User=0.08s Sys=0.00s Real=0.04s
[498.714s][info][gc,start       ] GC(1189) Pause Young (Normal) (G1 Evacuation Pause)
[498.715s][info][gc,task        ] GC(1189) Using 2 workers of 2 for evacuation
[498.737s][info][gc,phases      ] GC(1189)   Pre Evacuate Collection Set: 0.29ms
[498.737s][info][gc,phases      ] GC(1189)   Merge Heap Roots: 0.17ms
[498.737s][info][gc,phases      ] GC(1189)   Evacuate Collection Set: 21.55ms
[498.737s][info][gc,phases      ] GC(1189)   Post Evacuate Collection Set: 0.31ms
[498.737s][info][gc,phases      ] GC(1189)   Other: 0.09ms
[498.737s][info][gc,heap        ] GC(1189) Eden regions: 51->0(44)
[498.737s][info][gc,heap        ] GC(1189) Survivor regions: 10->8(8)
[498.737s][info][gc,heap        ] GC(1189) Old regions: 847->857
[498.737s][info][gc,heap        ] GC(1189) Humongous regions: 11->11
[498.737s][info][gc,metaspace   ] GC(1189) Metaspace: 19052K(19264K)->19052K(19264K) NonClass: 16392K(16512K)->16392K(16512K) Class: 2660K(2752K)->2660K(2752K)
[498.737s][info][gc             ] GC(1189) Pause Young (Normal) (G1 Evacuation Pause) 918M->874M(978M) 22.659ms
[498.737s][info][gc,cpu         ] GC(1189) User=0.04s Sys=0.00s Real=0.03s
[498.790s][info][gc,start       ] GC(1190) Pause Young (Normal) (G1 Evacuation Pause)
[498.790s][info][gc,task        ] GC(1190) Using 2 workers of 2 for evacuation
[498.804s][info][gc,phases      ] GC(1190)   Pre Evacuate Collection Set: 0.29ms
[498.804s][info][gc,phases      ] GC(1190)   Merge Heap Roots: 0.06ms
[498.804s][info][gc,phases      ] GC(1190)   Evacuate Collection Set: 12.96ms
[498.804s][info][gc,phases      ] GC(1190)   Post Evacuate Collection Set: 0.28ms
[498.804s][info][gc,phases      ] GC(1190)   Other: 0.07ms
[498.804s][info][gc,heap        ] GC(1190) Eden regions: 44->0(44)
[498.804s][info][gc,heap        ] GC(1190) Survivor regions: 8->4(7)
[498.804s][info][gc,heap        ] GC(1190) Old regions: 857->865
[498.804s][info][gc,heap        ] GC(1190) Humongous regions: 11->11
[498.804s][info][gc,metaspace   ] GC(1190) Metaspace: 19052K(19264K)->19052K(19264K) NonClass: 16392K(16512K)->16392K(16512K) Class: 2660K(2752K)->2660K(2752K)
[498.804s][info][gc             ] GC(1190) Pause Young (Normal) (G1 Evacuation Pause) 918M->879M(978M) 13.900ms
[498.804s][info][gc,cpu         ] GC(1190) User=0.03s Sys=0.00s Real=0.01s
[498.855s][info][gc,start       ] GC(1191) Pause Young (Normal) (G1 Evacuation Pause)
[498.855s][info][gc,task        ] GC(1191) Using 2 workers of 2 for evacuation
[498.861s][info][gc,phases      ] GC(1191)   Pre Evacuate Collection Set: 0.28ms
[498.861s][info][gc,phases      ] GC(1191)   Merge Heap Roots: 0.06ms
[498.861s][info][gc,phases      ] GC(1191)   Evacuate Collection Set: 4.60ms
[498.861s][info][gc,phases      ] GC(1191)   Post Evacuate Collection Set: 0.24ms
[498.861s][info][gc,phases      ] GC(1191)   Other: 0.06ms
[498.861s][info][gc,heap        ] GC(1191) Eden regions: 44->0(47)
[498.861s][info][gc,heap        ] GC(1191) Survivor regions: 4->1(6)
[498.861s][info][gc,heap        ] GC(1191) Old regions: 865->869
[498.861s][info][gc,heap        ] GC(1191) Humongous regions: 11->11
[498.861s][info][gc,metaspace   ] GC(1191) Metaspace: 19052K(19264K)->19052K(19264K) NonClass: 16392K(16512K)->16392K(16512K) Class: 2660K(2752K)->2660K(2752K)
[498.861s][info][gc             ] GC(1191) Pause Young (Normal) (G1 Evacuation Pause) 923M->880M(978M) 5.439ms
[498.861s][info][gc,cpu         ] GC(1191) User=0.01s Sys=0.00s Real=0.01s
[498.907s][info][gc,start       ] GC(1192) Pause Young (Normal) (G1 Evacuation Pause)
[498.907s][info][gc,task        ] GC(1192) Using 2 workers of 2 for evacuation
[498.910s][info][gc,phases      ] GC(1192)   Pre Evacuate Collection Set: 0.29ms
[498.910s][info][gc,phases      ] GC(1192)   Merge Heap Roots: 0.06ms
[498.910s][info][gc,phases      ] GC(1192)   Evacuate Collection Set: 2.53ms
[498.910s][info][gc,phases      ] GC(1192)   Post Evacuate Collection Set: 0.25ms
[498.910s][info][gc,phases      ] GC(1192)   Other: 0.07ms
[498.910s][info][gc,heap        ] GC(1192) Eden regions: 47->0(46)
[498.910s][info][gc,heap        ] GC(1192) Survivor regions: 1->2(6)
[498.910s][info][gc,heap        ] GC(1192) Old regions: 869->869
[498.910s][info][gc,heap        ] GC(1192) Humongous regions: 11->11
[498.910s][info][gc,metaspace   ] GC(1192) Metaspace: 19052K(19264K)->19052K(19264K) NonClass: 16392K(16512K)->16392K(16512K) Class: 2660K(2752K)->2660K(2752K)
[498.910s][info][gc             ] GC(1192) Pause Young (Normal) (G1 Evacuation Pause) 927M->881M(978M) 3.422ms
[498.910s][info][gc,cpu         ] GC(1192) User=0.01s Sys=0.00s Real=0.01s
[498.941s][info][gc,start       ] GC(1193) Pause Young (Normal) (G1 Evacuation Pause)
[498.941s][info][gc,task        ] GC(1193) Using 2 workers of 2 for evacuation
[498.944s][info][gc,phases      ] GC(1193)   Pre Evacuate Collection Set: 0.26ms
[498.944s][info][gc,phases      ] GC(1193)   Merge Heap Roots: 0.04ms
[498.944s][info][gc,phases      ] GC(1193)   Evacuate Collection Set: 1.91ms
[498.944s][info][gc,phases      ] GC(1193)   Post Evacuate Collection Set: 0.23ms
[498.944s][info][gc,phases      ] GC(1193)   Other: 0.06ms
[498.944s][info][gc,heap        ] GC(1193) Eden regions: 46->0(46)
[498.944s][info][gc,heap        ] GC(1193) Survivor regions: 2->2(6)
[498.944s][info][gc,heap        ] GC(1193) Old regions: 869->869
[498.944s][info][gc,heap        ] GC(1193) Humongous regions: 11->11
[498.944s][info][gc,metaspace   ] GC(1193) Metaspace: 19052K(19264K)->19052K(19264K) NonClass: 16392K(16512K)->16392K(16512K) Class: 2660K(2752K)->2660K(2752K)
[498.944s][info][gc             ] GC(1193) Pause Young (Normal) (G1 Evacuation Pause) 927M->880M(978M) 2.666ms
[498.944s][info][gc,cpu         ] GC(1193) User=0.01s Sys=0.00s Real=0.00s
[499.008s][info][gc,start       ] GC(1194) Pause Young (Normal) (G1 Evacuation Pause)
[499.008s][info][gc,task        ] GC(1194) Using 2 workers of 2 for evacuation
[499.011s][info][gc,phases      ] GC(1194)   Pre Evacuate Collection Set: 0.51ms
[499.011s][info][gc,phases      ] GC(1194)   Merge Heap Roots: 0.10ms
[499.011s][info][gc,phases      ] GC(1194)   Evacuate Collection Set: 2.68ms
[499.011s][info][gc,phases      ] GC(1194)   Post Evacuate Collection Set: 0.27ms
[499.011s][info][gc,phases      ] GC(1194)   Other: 0.06ms
[499.011s][info][gc,heap        ] GC(1194) Eden regions: 46->0(46)
[499.011s][info][gc,heap        ] GC(1194) Survivor regions: 2->2(6)
[499.011s][info][gc,heap        ] GC(1194) Old regions: 869->869
[499.011s][info][gc,heap        ] GC(1194) Humongous regions: 11->11
[499.011s][info][gc,metaspace   ] GC(1194) Metaspace: 19052K(19264K)->19052K(19264K) NonClass: 16392K(16512K)->16392K(16512K) Class: 2660K(2752K)->2660K(2752K)
[499.011s][info][gc             ] GC(1194) Pause Young (Normal) (G1 Evacuation Pause) 926M->880M(978M) 3.810ms
[499.011s][info][gc,cpu         ] GC(1194) User=0.00s Sys=0.00s Real=0.00s
[499.096s][info][gc,start       ] GC(1195) Pause Young (Normal) (G1 Evacuation Pause)
[499.097s][info][gc,task        ] GC(1195) Using 2 workers of 2 for evacuation
[499.101s][info][gc,phases      ] GC(1195)   Pre Evacuate Collection Set: 0.52ms
[499.101s][info][gc,phases      ] GC(1195)   Merge Heap Roots: 0.11ms
[499.101s][info][gc,phases      ] GC(1195)   Evacuate Collection Set: 3.63ms
[499.101s][info][gc,phases      ] GC(1195)   Post Evacuate Collection Set: 0.30ms
[499.101s][info][gc,phases      ] GC(1195)   Other: 0.08ms
[499.101s][info][gc,heap        ] GC(1195) Eden regions: 46->0(45)
[499.101s][info][gc,heap        ] GC(1195) Survivor regions: 2->3(6)
[499.101s][info][gc,heap        ] GC(1195) Old regions: 869->869
[499.101s][info][gc,heap        ] GC(1195) Humongous regions: 11->11
[499.101s][info][gc,metaspace   ] GC(1195) Metaspace: 19052K(19264K)->19052K(19264K) NonClass: 16392K(16512K)->16392K(16512K) Class: 2660K(2752K)->2660K(2752K)
[499.101s][info][gc             ] GC(1195) Pause Young (Normal) (G1 Evacuation Pause) 926M->882M(978M) 4.828ms
[499.101s][info][gc,cpu         ] GC(1195) User=0.01s Sys=0.00s Real=0.01s
[499.268s][info][gc,start       ] GC(1196) Pause Young (Normal) (G1 Evacuation Pause)
[499.268s][info][gc,task        ] GC(1196) Using 2 workers of 2 for evacuation
[499.273s][info][gc,phases      ] GC(1196)   Pre Evacuate Collection Set: 0.31ms
[499.273s][info][gc,phases      ] GC(1196)   Merge Heap Roots: 0.11ms
[499.273s][info][gc,phases      ] GC(1196)   Evacuate Collection Set: 4.31ms
[499.273s][info][gc,phases      ] GC(1196)   Post Evacuate Collection Set: 0.28ms
[499.273s][info][gc,phases      ] GC(1196)   Other: 0.07ms
[499.273s][info][gc,heap        ] GC(1196) Eden regions: 45->0(45)
[499.273s][info][gc,heap        ] GC(1196) Survivor regions: 3->3(6)
[499.273s][info][gc,heap        ] GC(1196) Old regions: 869->869
[499.273s][info][gc,heap        ] GC(1196) Humongous regions: 11->11
[499.273s][info][gc,metaspace   ] GC(1196) Metaspace: 19052K(19264K)->19052K(19264K) NonClass: 16392K(16512K)->16392K(16512K) Class: 2660K(2752K)->2660K(2752K)
[499.273s][info][gc             ] GC(1196) Pause Young (Normal) (G1 Evacuation Pause) 927M->882M(978M) 5.327ms
[499.273s][info][gc,cpu         ] GC(1196) User=0.01s Sys=0.00s Real=0.00s
[499.377s][info][gc,marking     ] GC(1187) Concurrent Mark From Roots 902.275ms
[499.377s][info][gc,marking     ] GC(1187) Concurrent Preclean
[499.377s][info][gc,marking     ] GC(1187) Concurrent Preclean 0.056ms
[499.378s][info][gc,start       ] GC(1187) Pause Remark
[499.386s][info][gc             ] GC(1187) Pause Remark 922M->425M(978M) 8.280ms
[499.386s][info][gc,cpu         ] GC(1187) User=0.02s Sys=0.00s Real=0.00s
[499.388s][info][gc,marking     ] GC(1187) Concurrent Mark 913.070ms
[499.388s][info][gc,marking     ] GC(1187) Concurrent Rebuild Remembered Sets and Scrub Regions
[499.399s][info][gc,start       ] GC(1197) Pause Young (Normal) (G1 Evacuation Pause)
[499.399s][info][gc,task        ] GC(1197) Using 2 workers of 2 for evacuation
[499.405s][info][gc,phases      ] GC(1197)   Pre Evacuate Collection Set: 0.27ms
[499.405s][info][gc,phases      ] GC(1197)   Merge Heap Roots: 0.13ms
[499.405s][info][gc,phases      ] GC(1197)   Evacuate Collection Set: 5.09ms
[499.405s][info][gc,phases      ] GC(1197)   Post Evacuate Collection Set: 0.32ms
[499.405s][info][gc,phases      ] GC(1197)   Other: 0.08ms
[499.405s][info][gc,heap        ] GC(1197) Eden regions: 45->0(378)
[499.405s][info][gc,heap        ] GC(1197) Survivor regions: 3->3(6)
[499.405s][info][gc,heap        ] GC(1197) Old regions: 379->379
[499.405s][info][gc,heap        ] GC(1197) Humongous regions: 4->4
[499.405s][info][gc,metaspace   ] GC(1197) Metaspace: 19052K(19264K)->19052K(19264K) NonClass: 16392K(16512K)->16392K(16512K) Class: 2660K(2752K)->2660K(2752K)
[499.405s][info][gc             ] GC(1197) Pause Young (Normal) (G1 Evacuation Pause) 430M->385M(978M) 6.053ms
[499.405s][info][gc,cpu         ] GC(1197) User=0.02s Sys=0.00s Real=0.00s
[499.675s][info][gc,marking     ] GC(1187) Concurrent Rebuild Remembered Sets and Scrub Regions 286.568ms
[499.675s][info][gc,start       ] GC(1187) Pause Cleanup
[499.675s][info][gc             ] GC(1187) Pause Cleanup 472M->472M(978M) 0.134ms
[499.675s][info][gc,cpu         ] GC(1187) User=0.00s Sys=0.00s Real=0.00s
[499.675s][info][gc,marking     ] GC(1187) Concurrent Clear Claimed Marks
[499.675s][info][gc,marking     ] GC(1187) Concurrent Clear Claimed Marks 0.038ms
[499.675s][info][gc,marking     ] GC(1187) Concurrent Cleanup for Next Mark
[499.681s][info][gc,marking     ] GC(1187) Concurrent Cleanup for Next Mark 6.051ms
[499.681s][info][gc             ] GC(1187) Concurrent Mark Cycle 1282.162ms
[500.037s][info][gc,start       ] GC(1198) Pause Young (Prepare Mixed) (G1 Evacuation Pause)
[500.037s][info][gc,task        ] GC(1198) Using 2 workers of 2 for evacuation
[500.186s][info][gc,phases      ] GC(1198)   Pre Evacuate Collection Set: 0.30ms
[500.186s][info][gc,phases      ] GC(1198)   Merge Heap Roots: 0.32ms
[500.186s][info][gc,phases      ] GC(1198)   Evacuate Collection Set: 147.66ms
[500.186s][info][gc,phases      ] GC(1198)   Post Evacuate Collection Set: 0.76ms
[500.186s][info][gc,phases      ] GC(1198)   Other: 0.13ms
[500.186s][info][gc,heap        ] GC(1198) Eden regions: 378->0(238)
[500.186s][info][gc,heap        ] GC(1198) Survivor regions: 3->48(48)
[500.186s][info][gc,heap        ] GC(1198) Old regions: 379->477
[500.186s][info][gc,heap        ] GC(1198) Humongous regions: 5->5
[500.186s][info][gc,metaspace   ] GC(1198) Metaspace: 19052K(19264K)->19052K(19264K) NonClass: 16392K(16512K)->16392K(16512K) Class: 2660K(2752K)->2660K(2752K)
[500.186s][info][gc             ] GC(1198) Pause Young (Prepare Mixed) (G1 Evacuation Pause) 764M->529M(978M) 149.483ms
[500.186s][info][gc,cpu         ] GC(1198) User=0.29s Sys=0.00s Real=0.15s
[500.385s][info][gc,start       ] GC(1199) Pause Young (Mixed) (G1 Evacuation Pause)
[500.385s][info][gc,task        ] GC(1199) Using 2 workers of 2 for evacuation
[500.466s][info][gc,phases      ] GC(1199)   Pre Evacuate Collection Set: 0.52ms
[500.466s][info][gc,phases      ] GC(1199)   Merge Heap Roots: 0.51ms
[500.466s][info][gc,phases      ] GC(1199)   Evacuate Collection Set: 79.32ms
[500.466s][info][gc,phases      ] GC(1199)   Post Evacuate Collection Set: 0.60ms
[500.466s][info][gc,phases      ] GC(1199)   Other: 0.11ms
[500.466s][info][gc,heap        ] GC(1199) Eden regions: 238->0(255)
[500.466s][info][gc,heap        ] GC(1199) Survivor regions: 48->24(36)
[500.466s][info][gc,heap        ] GC(1199) Old regions: 477->494
[500.466s][info][gc,heap        ] GC(1199) Humongous regions: 5->5
[500.466s][info][gc,metaspace   ] GC(1199) Metaspace: 19052K(19264K)->19052K(19264K) NonClass: 16392K(16512K)->16392K(16512K) Class: 2660K(2752K)->2660K(2752K)
[500.467s][info][gc             ] GC(1199) Pause Young (Mixed) (G1 Evacuation Pause) 767M->521M(978M) 81.305ms
[500.467s][info][gc,cpu         ] GC(1199) User=0.16s Sys=0.00s Real=0.08s
[500.727s][info][gc,start       ] GC(1200) Pause Young (Concurrent Start) (G1 Evacuation Pause)
[500.728s][info][gc,task        ] GC(1200) Using 2 workers of 2 for evacuation
[500.771s][info][gc,phases      ] GC(1200)   Pre Evacuate Collection Set: 0.35ms
[500.771s][info][gc,phases      ] GC(1200)   Merge Heap Roots: 0.13ms
[500.771s][info][gc,phases      ] GC(1200)   Evacuate Collection Set: 41.87ms
[500.771s][info][gc,phases      ] GC(1200)   Post Evacuate Collection Set: 0.61ms
[500.771s][info][gc,phases      ] GC(1200)   Other: 0.22ms
[500.771s][info][gc,heap        ] GC(1200) Eden regions: 255->0(258)
[500.771s][info][gc,heap        ] GC(1200) Survivor regions: 24->26(35)
[500.771s][info][gc,heap        ] GC(1200) Old regions: 494->514
[500.771s][info][gc,heap        ] GC(1200) Humongous regions: 5->5
[500.771s][info][gc,metaspace   ] GC(1200) Metaspace: 19052K(19264K)->19052K(19264K) NonClass: 16392K(16512K)->16392K(16512K) Class: 2660K(2752K)->2660K(2752K)
[500.771s][info][gc             ] GC(1200) Pause Young (Concurrent Start) (G1 Evacuation Pause) 776M->543M(978M) 43.410ms
[500.771s][info][gc,cpu         ] GC(1200) User=0.09s Sys=0.00s Real=0.04s
[500.771s][info][gc             ] GC(1201) Concurrent Mark Cycle
[500.771s][info][gc,marking     ] GC(1201) Concurrent Scan Root Regions
[500.835s][info][gc,marking     ] GC(1201) Concurrent Scan Root Regions 64.211ms
[500.835s][info][gc,marking     ] GC(1201) Concurrent Mark
[500.835s][info][gc,marking     ] GC(1201) Concurrent Mark From Roots
[500.835s][info][gc,task        ] GC(1201) Using 1 workers of 1 for marking
[501.193s][info][gc,start       ] GC(1202) Pause Young (Normal) (G1 Evacuation Pause)
[501.193s][info][gc,task        ] GC(1202) Using 2 workers of 2 for evacuation
[501.306s][info][gc,phases      ] GC(1202)   Pre Evacuate Collection Set: 0.34ms
[501.306s][info][gc,phases      ] GC(1202)   Merge Heap Roots: 0.14ms
[501.306s][info][gc,phases      ] GC(1202)   Evacuate Collection Set: 112.25ms
[501.306s][info][gc,phases      ] GC(1202)   Post Evacuate Collection Set: 0.76ms
[501.306s][info][gc,phases      ] GC(1202)   Other: 0.11ms
[501.306s][info][gc,heap        ] GC(1202) Eden regions: 258->0(184)
[501.306s][info][gc,heap        ] GC(1202) Survivor regions: 26->36(36)
[501.306s][info][gc,heap        ] GC(1202) Old regions: 514->601
[501.306s][info][gc,heap        ] GC(1202) Humongous regions: 5->5
[501.306s][info][gc,metaspace   ] GC(1202) Metaspace: 19052K(19264K)->19052K(19264K) NonClass: 16392K(16512K)->16392K(16512K) Class: 2660K(2752K)->2660K(2752K)
[501.307s][info][gc             ] GC(1202) Pause Young (Normal) (G1 Evacuation Pause) 801M->641M(978M) 113.874ms
[501.307s][info][gc,cpu         ] GC(1202) User=0.23s Sys=0.00s Real=0.11s
[501.571s][info][gc,start       ] GC(1203) Pause Young (Normal) (G1 Evacuation Pause)
[501.571s][info][gc,task        ] GC(1203) Using 2 workers of 2 for evacuation
[501.659s][info][gc,phases      ] GC(1203)   Pre Evacuate Collection Set: 0.53ms
[501.659s][info][gc,phases      ] GC(1203)   Merge Heap Roots: 0.45ms
[501.659s][info][gc,phases      ] GC(1203)   Evacuate Collection Set: 86.65ms
[501.659s][info][gc,phases      ] GC(1203)   Post Evacuate Collection Set: 0.59ms
[501.659s][info][gc,phases      ] GC(1203)   Other: 0.11ms
[501.659s][info][gc,heap        ] GC(1203) Eden regions: 184->0(167)
[501.659s][info][gc,heap        ] GC(1203) Survivor regions: 36->28(28)
[501.659s][info][gc,heap        ] GC(1203) Old regions: 601->647
[501.659s][info][gc,heap        ] GC(1203) Humongous regions: 5->5
[501.659s][info][gc,metaspace   ] GC(1203) Metaspace: 19052K(19264K)->19052K(19264K) NonClass: 16392K(16512K)->16392K(16512K) Class: 2660K(2752K)->2660K(2752K)
[501.659s][info][gc             ] GC(1203) Pause Young (Normal) (G1 Evacuation Pause) 825M->679M(978M) 88.565ms
[501.659s][info][gc,cpu         ] GC(1203) User=0.17s Sys=0.00s Real=0.09s
[501.874s][info][gc,marking     ] GC(1201) Concurrent Mark From Roots 1038.712ms
[501.874s][info][gc,marking     ] GC(1201) Concurrent Preclean
[501.874s][info][gc,marking     ] GC(1201) Concurrent Preclean 0.073ms
[501.874s][info][gc,start       ] GC(1201) Pause Remark
[501.882s][info][gc             ] GC(1201) Pause Remark 824M->722M(978M) 8.041ms
[501.882s][info][gc,cpu         ] GC(1201) User=0.01s Sys=0.00s Real=0.01s
[501.883s][info][gc,marking     ] GC(1201) Concurrent Mark 1047.730ms
[501.883s][info][gc,marking     ] GC(1201) Concurrent Rebuild Remembered Sets and Scrub Regions
[501.918s][info][gc,start       ] GC(1204) Pause Young (Normal) (G1 Evacuation Pause)
[501.918s][info][gc,task        ] GC(1204) Using 2 workers of 2 for evacuation
[502.014s][info][gc,phases      ] GC(1204)   Pre Evacuate Collection Set: 0.44ms
[502.015s][info][gc,phases      ] GC(1204)   Merge Heap Roots: 0.45ms
[502.015s][info][gc,phases      ] GC(1204)   Evacuate Collection Set: 94.73ms
[502.015s][info][gc,phases      ] GC(1204)   Post Evacuate Collection Set: 0.58ms
[502.015s][info][gc,phases      ] GC(1204)   Other: 0.07ms
[502.015s][info][gc,heap        ] GC(1204) Eden regions: 167->0(178)
[502.015s][info][gc,heap        ] GC(1204) Survivor regions: 28->25(25)
[502.015s][info][gc,heap        ] GC(1204) Old regions: 547->613
[502.015s][info][gc,heap        ] GC(1204) Humongous regions: 6->6
[502.015s][info][gc,metaspace   ] GC(1204) Metaspace: 19052K(19264K)->19052K(19264K) NonClass: 16392K(16512K)->16392K(16512K) Class: 2660K(2752K)->2660K(2752K)
[502.015s][info][gc             ] GC(1204) Pause Young (Normal) (G1 Evacuation Pause) 747M->643M(978M) 96.479ms
[502.015s][info][gc,cpu         ] GC(1204) User=0.19s Sys=0.00s Real=0.09s
[502.190s][info][gc,start       ] GC(1205) Pause Young (Normal) (G1 Evacuation Pause)
[502.190s][info][gc,task        ] GC(1205) Using 2 workers of 2 for evacuation
[502.249s][info][gc,phases      ] GC(1205)   Pre Evacuate Collection Set: 0.27ms
[502.249s][info][gc,phases      ] GC(1205)   Merge Heap Roots: 0.76ms
[502.249s][info][gc,phases      ] GC(1205)   Evacuate Collection Set: 56.78ms
[502.249s][info][gc,phases      ] GC(1205)   Post Evacuate Collection Set: 0.46ms
[502.249s][info][gc,phases      ] GC(1205)   Other: 0.08ms
[502.249s][info][gc,heap        ] GC(1205) Eden regions: 178->0(177)
[502.249s][info][gc,heap        ] GC(1205) Survivor regions: 25->23(26)
[502.249s][info][gc,heap        ] GC(1205) Old regions: 613->638
[502.249s][info][gc,heap        ] GC(1205) Humongous regions: 6->6
[502.249s][info][gc,metaspace   ] GC(1205) Metaspace: 19052K(19264K)->19052K(19264K) NonClass: 16392K(16512K)->16392K(16512K) Class: 2660K(2752K)->2660K(2752K)
[502.249s][info][gc             ] GC(1205) Pause Young (Normal) (G1 Evacuation Pause) 821M->666M(978M) 58.557ms
[502.249s][info][gc,cpu         ] GC(1205) User=0.11s Sys=0.00s Real=0.06s
[502.471s][info][gc,start       ] GC(1206) Pause Young (Normal) (G1 Evacuation Pause)
[502.471s][info][gc,task        ] GC(1206) Using 2 workers of 2 for evacuation
[502.531s][info][gc,phases      ] GC(1206)   Pre Evacuate Collection Set: 0.29ms
[502.531s][info][gc,phases      ] GC(1206)   Merge Heap Roots: 0.38ms
[502.531s][info][gc,phases      ] GC(1206)   Evacuate Collection Set: 58.74ms
[502.531s][info][gc,phases      ] GC(1206)   Post Evacuate Collection Set: 0.53ms
[502.531s][info][gc,phases      ] GC(1206)   Other: 0.08ms
[502.531s][info][gc,heap        ] GC(1206) Eden regions: 177->0(171)
[502.531s][info][gc,heap        ] GC(1206) Survivor regions: 23->21(25)
[502.531s][info][gc,heap        ] GC(1206) Old regions: 638->661
[502.531s][info][gc,heap        ] GC(1206) Humongous regions: 9->9
[502.531s][info][gc,metaspace   ] GC(1206) Metaspace: 19052K(19264K)->19052K(19264K) NonClass: 16392K(16512K)->16392K(16512K) Class: 2660K(2752K)->2660K(2752K)
[502.531s][info][gc             ] GC(1206) Pause Young (Normal) (G1 Evacuation Pause) 846M->689M(978M) 60.283ms
[502.531s][info][gc,cpu         ] GC(1206) User=0.12s Sys=0.00s Real=0.06s
[502.567s][info][gc,marking     ] GC(1201) Concurrent Rebuild Remembered Sets and Scrub Regions 683.844ms
[502.567s][info][gc,start       ] GC(1201) Pause Cleanup
[502.567s][info][gc             ] GC(1201) Pause Cleanup 718M->718M(978M) 0.127ms
[502.567s][info][gc,cpu         ] GC(1201) User=0.00s Sys=0.00s Real=0.00s
[502.568s][info][gc,marking     ] GC(1201) Concurrent Clear Claimed Marks
[502.568s][info][gc,marking     ] GC(1201) Concurrent Clear Claimed Marks 0.051ms
[502.568s][info][gc,marking     ] GC(1201) Concurrent Cleanup for Next Mark
[502.575s][info][gc,marking     ] GC(1201) Concurrent Cleanup for Next Mark 6.736ms
[502.575s][info][gc             ] GC(1201) Concurrent Mark Cycle 1803.913ms
[502.691s][info][gc,start       ] GC(1207) Pause Young (Prepare Mixed) (G1 Evacuation Pause)
[502.691s][info][gc,task        ] GC(1207) Using 2 workers of 2 for evacuation
[502.748s][info][gc,phases      ] GC(1207)   Pre Evacuate Collection Set: 0.52ms
[502.748s][info][gc,phases      ] GC(1207)   Merge Heap Roots: 0.36ms
[502.748s][info][gc,phases      ] GC(1207)   Evacuate Collection Set: 56.25ms
[502.748s][info][gc,phases      ] GC(1207)   Post Evacuate Collection Set: 0.51ms
[502.748s][info][gc,phases      ] GC(1207)   Other: 0.07ms
[502.748s][info][gc,heap        ] GC(1207) Eden regions: 171->0(169)
[502.748s][info][gc,heap        ] GC(1207) Survivor regions: 21->18(24)
[502.748s][info][gc,heap        ] GC(1207) Old regions: 661->681
[502.748s][info][gc,heap        ] GC(1207) Humongous regions: 9->9
[502.748s][info][gc,metaspace   ] GC(1207) Metaspace: 19052K(19264K)->19052K(19264K) NonClass: 16392K(16512K)->16392K(16512K) Class: 2660K(2752K)->2660K(2752K)
[502.749s][info][gc             ] GC(1207) Pause Young (Prepare Mixed) (G1 Evacuation Pause) 860M->706M(978M) 57.916ms
[502.749s][info][gc,cpu         ] GC(1207) User=0.11s Sys=0.00s Real=0.06s
[502.888s][info][gc,start       ] GC(1208) Pause Young (Mixed) (G1 Evacuation Pause)
[502.888s][info][gc,task        ] GC(1208) Using 2 workers of 2 for evacuation
[502.939s][info][gc,phases      ] GC(1208)   Pre Evacuate Collection Set: 0.54ms
[502.939s][info][gc,phases      ] GC(1208)   Merge Heap Roots: 0.42ms
[502.939s][info][gc,phases      ] GC(1208)   Evacuate Collection Set: 48.77ms
[502.939s][info][gc,phases      ] GC(1208)   Post Evacuate Collection Set: 0.54ms
[502.939s][info][gc,phases      ] GC(1208)   Other: 0.07ms
[502.939s][info][gc,heap        ] GC(1208) Eden regions: 169->0(209)
[502.939s][info][gc,heap        ] GC(1208) Survivor regions: 18->18(24)
[502.939s][info][gc,heap        ] GC(1208) Old regions: 681->631
[502.939s][info][gc,heap        ] GC(1208) Humongous regions: 9->9
[502.939s][info][gc,metaspace   ] GC(1208) Metaspace: 19052K(19264K)->19052K(19264K) NonClass: 16392K(16512K)->16392K(16512K) Class: 2660K(2752K)->2660K(2752K)
[502.939s][info][gc             ] GC(1208) Pause Young (Mixed) (G1 Evacuation Pause) 875M->657M(978M) 50.583ms
[502.939s][info][gc,cpu         ] GC(1208) User=0.10s Sys=0.00s Real=0.05s
[503.075s][info][gc,start       ] GC(1209) Pause Young (Concurrent Start) (G1 Evacuation Pause)
[503.075s][info][gc,task        ] GC(1209) Using 2 workers of 2 for evacuation
[503.119s][info][gc,phases      ] GC(1209)   Pre Evacuate Collection Set: 0.33ms
[503.119s][info][gc,phases      ] GC(1209)   Merge Heap Roots: 0.22ms
[503.119s][info][gc,phases      ] GC(1209)   Evacuate Collection Set: 42.76ms
[503.119s][info][gc,phases      ] GC(1209)   Post Evacuate Collection Set: 0.47ms
[503.119s][info][gc,phases      ] GC(1209)   Other: 0.21ms
[503.119s][info][gc,heap        ] GC(1209) Eden regions: 209->0(203)
[503.119s][info][gc,heap        ] GC(1209) Survivor regions: 18->22(29)
[503.120s][info][gc,heap        ] GC(1209) Old regions: 631->648
[503.120s][info][gc,heap        ] GC(1209) Humongous regions: 9->9
[503.120s][info][gc,metaspace   ] GC(1209) Metaspace: 19052K(19264K)->19052K(19264K) NonClass: 16392K(16512K)->16392K(16512K) Class: 2660K(2752K)->2660K(2752K)
[503.120s][info][gc             ] GC(1209) Pause Young (Concurrent Start) (G1 Evacuation Pause) 866M->678M(978M) 44.218ms
[503.120s][info][gc             ] GC(1210) Concurrent Mark Cycle
[503.120s][info][gc,marking     ] GC(1210) Concurrent Scan Root Regions
[503.120s][info][gc,cpu         ] GC(1209) User=0.08s Sys=0.00s Real=0.05s
[503.190s][info][gc,marking     ] GC(1210) Concurrent Scan Root Regions 70.231ms
[503.190s][info][gc,marking     ] GC(1210) Concurrent Mark
[503.190s][info][gc,marking     ] GC(1210) Concurrent Mark From Roots
[503.190s][info][gc,task        ] GC(1210) Using 1 workers of 1 for marking
[503.571s][info][gc,start       ] GC(1211) Pause Young (Normal) (G1 Evacuation Pause)
[503.571s][info][gc,task        ] GC(1211) Using 2 workers of 2 for evacuation
[503.612s][info][gc,phases      ] GC(1211)   Pre Evacuate Collection Set: 0.32ms
[503.612s][info][gc,phases      ] GC(1211)   Merge Heap Roots: 0.28ms
[503.612s][info][gc,phases      ] GC(1211)   Evacuate Collection Set: 40.25ms
[503.612s][info][gc,phases      ] GC(1211)   Post Evacuate Collection Set: 0.49ms
[503.612s][info][gc,phases      ] GC(1211)   Other: 0.10ms
[503.612s][info][gc,heap        ] GC(1211) Eden regions: 203->0(205)
[503.612s][info][gc,heap        ] GC(1211) Survivor regions: 22->10(29)
[503.612s][info][gc,heap        ] GC(1211) Old regions: 648->671
[503.612s][info][gc,heap        ] GC(1211) Humongous regions: 9->9
[503.612s][info][gc,metaspace   ] GC(1211) Metaspace: 19052K(19264K)->19052K(19264K) NonClass: 16392K(16512K)->16392K(16512K) Class: 2660K(2752K)->2660K(2752K)
[503.612s][info][gc             ] GC(1211) Pause Young (Normal) (G1 Evacuation Pause) 881M->689M(978M) 41.694ms
[503.612s][info][gc,cpu         ] GC(1211) User=0.08s Sys=0.00s Real=0.04s
[504.066s][info][gc,marking     ] GC(1210) Concurrent Mark From Roots 876.390ms
[504.066s][info][gc,marking     ] GC(1210) Concurrent Preclean
[504.066s][info][gc,marking     ] GC(1210) Concurrent Preclean 0.061ms
[504.067s][info][gc,start       ] GC(1210) Pause Remark
[504.075s][info][gc             ] GC(1210) Pause Remark 870M->561M(978M) 8.208ms
[504.075s][info][gc,cpu         ] GC(1210) User=0.02s Sys=0.00s Real=0.01s
[504.077s][info][gc,marking     ] GC(1210) Concurrent Mark 887.045ms
[504.077s][info][gc,marking     ] GC(1210) Concurrent Rebuild Remembered Sets and Scrub Regions
[504.176s][info][gc,start       ] GC(1212) Pause Young (Normal) (G1 Evacuation Pause)
[504.176s][info][gc,task        ] GC(1212) Using 2 workers of 2 for evacuation
[504.206s][info][gc,phases      ] GC(1212)   Pre Evacuate Collection Set: 0.31ms
[504.206s][info][gc,phases      ] GC(1212)   Merge Heap Roots: 0.22ms
[504.206s][info][gc,phases      ] GC(1212)   Evacuate Collection Set: 28.74ms
[504.206s][info][gc,phases      ] GC(1212)   Post Evacuate Collection Set: 0.43ms
[504.206s][info][gc,phases      ] GC(1212)   Other: 0.13ms
[504.206s][info][gc,heap        ] GC(1212) Eden regions: 205->0(402)
[504.206s][info][gc,heap        ] GC(1212) Survivor regions: 10->25(27)
[504.206s][info][gc,heap        ] GC(1212) Old regions: 367->367
[504.206s][info][gc,heap        ] GC(1212) Humongous regions: 4->4
[504.206s][info][gc,metaspace   ] GC(1212) Metaspace: 19052K(19264K)->19052K(19264K) NonClass: 16392K(16512K)->16392K(16512K) Class: 2660K(2752K)->2660K(2752K)
[504.206s][info][gc             ] GC(1212) Pause Young (Normal) (G1 Evacuation Pause) 585M->394M(978M) 30.132ms
[504.206s][info][gc,cpu         ] GC(1212) User=0.06s Sys=0.00s Real=0.03s
[504.340s][info][gc,marking     ] GC(1210) Concurrent Rebuild Remembered Sets and Scrub Regions 262.514ms
[504.342s][info][gc,start       ] GC(1210) Pause Cleanup
[504.342s][info][gc             ] GC(1210) Pause Cleanup 414M->414M(978M) 0.130ms
[504.342s][info][gc,cpu         ] GC(1210) User=0.00s Sys=0.00s Real=0.00s
[504.342s][info][gc,marking     ] GC(1210) Concurrent Clear Claimed Marks
[504.342s][info][gc,marking     ] GC(1210) Concurrent Clear Claimed Marks 0.054ms
[504.342s][info][gc,marking     ] GC(1210) Concurrent Cleanup for Next Mark
[504.349s][info][gc,marking     ] GC(1210) Concurrent Cleanup for Next Mark 6.490ms
[504.349s][info][gc             ] GC(1210) Concurrent Mark Cycle 1229.260ms
[505.209s][info][gc,start       ] GC(1213) Pause Young (Prepare Mixed) (G1 Evacuation Pause)
[505.209s][info][gc,task        ] GC(1213) Using 2 workers of 2 for evacuation
[505.248s][info][gc,phases      ] GC(1213)   Pre Evacuate Collection Set: 0.33ms
[505.248s][info][gc,phases      ] GC(1213)   Merge Heap Roots: 0.49ms
[505.248s][info][gc,phases      ] GC(1213)   Evacuate Collection Set: 37.41ms
[505.248s][info][gc,phases      ] GC(1213)   Post Evacuate Collection Set: 0.59ms
[505.248s][info][gc,phases      ] GC(1213)   Other: 0.08ms
[505.248s][info][gc,heap        ] GC(1213) Eden regions: 402->0(429)
[505.248s][info][gc,heap        ] GC(1213) Survivor regions: 25->26(54)
[505.248s][info][gc,heap        ] GC(1213) Old regions: 367->367
[505.248s][info][gc,heap        ] GC(1213) Humongous regions: 4->4
[505.248s][info][gc,metaspace   ] GC(1213) Metaspace: 19052K(19264K)->19052K(19264K) NonClass: 16392K(16512K)->16392K(16512K) Class: 2660K(2752K)->2660K(2752K)
[505.248s][info][gc             ] GC(1213) Pause Young (Prepare Mixed) (G1 Evacuation Pause) 796M->396M(978M) 39.167ms
[505.248s][info][gc,cpu         ] GC(1213) User=0.08s Sys=0.00s Real=0.04s
[505.722s][info][gc,start       ] GC(1214) Pause Young (Mixed) (G1 Evacuation Pause)
[505.723s][info][gc,task        ] GC(1214) Using 2 workers of 2 for evacuation
[505.828s][info][gc,phases      ] GC(1214)   Pre Evacuate Collection Set: 0.55ms
[505.828s][info][gc,phases      ] GC(1214)   Merge Heap Roots: 0.57ms
[505.828s][info][gc,phases      ] GC(1214)   Evacuate Collection Set: 103.00ms
[505.828s][info][gc,phases      ] GC(1214)   Post Evacuate Collection Set: 0.99ms
[505.828s][info][gc,phases      ] GC(1214)   Other: 0.09ms
[505.828s][info][gc,heap        ] GC(1214) Eden regions: 429->0(385)
[505.828s][info][gc,heap        ] GC(1214) Survivor regions: 26->57(57)
[505.828s][info][gc,heap        ] GC(1214) Old regions: 367->371
[505.828s][info][gc,heap        ] GC(1214) Humongous regions: 4->4
[505.828s][info][gc,metaspace   ] GC(1214) Metaspace: 19052K(19264K)->19052K(19264K) NonClass: 16392K(16512K)->16392K(16512K) Class: 2660K(2752K)->2660K(2752K)
[505.828s][info][gc             ] GC(1214) Pause Young (Mixed) (G1 Evacuation Pause) 825M->431M(978M) 105.445ms
[505.828s][info][gc,cpu         ] GC(1214) User=0.21s Sys=0.00s Real=0.11s
[505.901s][info][gc,start       ] GC(1215) Pause Young (Concurrent Start) (G1 Humongous Allocation)
[505.901s][info][gc,task        ] GC(1215) Using 2 workers of 2 for evacuation
[505.984s][info][gc,phases      ] GC(1215)   Pre Evacuate Collection Set: 0.36ms
[505.985s][info][gc,phases      ] GC(1215)   Merge Heap Roots: 0.59ms
[505.985s][info][gc,phases      ] GC(1215)   Evacuate Collection Set: 81.57ms
[505.985s][info][gc,phases      ] GC(1215)   Post Evacuate Collection Set: 0.50ms
[505.985s][info][gc,phases      ] GC(1215)   Other: 0.19ms
[505.985s][info][gc,heap        ] GC(1215) Eden regions: 43->0(399)
[505.985s][info][gc,heap        ] GC(1215) Survivor regions: 57->9(56)
[505.985s][info][gc,heap        ] GC(1215) Old regions: 371->428
[505.985s][info][gc,heap        ] GC(1215) Humongous regions: 4->4
[505.985s][info][gc,metaspace   ] GC(1215) Metaspace: 19052K(19264K)->19052K(19264K) NonClass: 16392K(16512K)->16392K(16512K) Class: 2660K(2752K)->2660K(2752K)
[505.985s][info][gc             ] GC(1215) Pause Young (Concurrent Start) (G1 Humongous Allocation) 474M->440M(978M) 83.496ms
[505.985s][info][gc,cpu         ] GC(1215) User=0.17s Sys=0.00s Real=0.08s
[505.985s][info][gc             ] GC(1216) Concurrent Mark Cycle
[505.985s][info][gc,marking     ] GC(1216) Concurrent Scan Root Regions
[506.085s][info][gc,marking     ] GC(1216) Concurrent Scan Root Regions 100.212ms
[506.085s][info][gc,marking     ] GC(1216) Concurrent Mark
[506.085s][info][gc,marking     ] GC(1216) Concurrent Mark From Roots
[506.085s][info][gc,task        ] GC(1216) Using 1 workers of 1 for marking
[506.644s][info][gc,start       ] GC(1217) Pause Young (Normal) (G1 Evacuation Pause)
[506.644s][info][gc,task        ] GC(1217) Using 2 workers of 2 for evacuation
[506.744s][info][gc,phases      ] GC(1217)   Pre Evacuate Collection Set: 0.30ms
[506.744s][info][gc,phases      ] GC(1217)   Merge Heap Roots: 0.30ms
[506.744s][info][gc,phases      ] GC(1217)   Evacuate Collection Set: 98.88ms
[506.744s][info][gc,phases      ] GC(1217)   Post Evacuate Collection Set: 0.83ms
[506.744s][info][gc,phases      ] GC(1217)   Other: 0.08ms
[506.744s][info][gc,heap        ] GC(1217) Eden regions: 399->0(317)
[506.744s][info][gc,heap        ] GC(1217) Survivor regions: 9->51(51)
[506.744s][info][gc,heap        ] GC(1217) Old regions: 428->464
[506.744s][info][gc,heap        ] GC(1217) Humongous regions: 7->7
[506.744s][info][gc,metaspace   ] GC(1217) Metaspace: 19052K(19264K)->19052K(19264K) NonClass: 16392K(16512K)->16392K(16512K) Class: 2660K(2752K)->2660K(2752K)
[506.744s][info][gc             ] GC(1217) Pause Young (Normal) (G1 Evacuation Pause) 842M->521M(978M) 100.635ms
[506.744s][info][gc,cpu         ] GC(1217) User=0.20s Sys=0.00s Real=0.10s
[507.100s][info][gc,start       ] GC(1218) Pause Young (Normal) (G1 Evacuation Pause)
[507.100s][info][gc,task        ] GC(1218) Using 2 workers of 2 for evacuation
[507.180s][info][gc,phases      ] GC(1218)   Pre Evacuate Collection Set: 0.30ms
[507.180s][info][gc,phases      ] GC(1218)   Merge Heap Roots: 0.51ms
[507.180s][info][gc,phases      ] GC(1218)   Evacuate Collection Set: 79.13ms
[507.180s][info][gc,phases      ] GC(1218)   Post Evacuate Collection Set: 0.57ms
[507.180s][info][gc,phases      ] GC(1218)   Other: 0.08ms
[507.180s][info][gc,heap        ] GC(1218) Eden regions: 317->0(320)
[507.180s][info][gc,heap        ] GC(1218) Survivor regions: 51->15(46)
[507.180s][info][gc,heap        ] GC(1218) Old regions: 464->516
[507.180s][info][gc,heap        ] GC(1218) Humongous regions: 7->7
[507.180s][info][gc,metaspace   ] GC(1218) Metaspace: 19052K(19264K)->19052K(19264K) NonClass: 16392K(16512K)->16392K(16512K) Class: 2660K(2752K)->2660K(2752K)
[507.180s][info][gc             ] GC(1218) Pause Young (Normal) (G1 Evacuation Pause) 838M->536M(978M) 80.807ms
[507.180s][info][gc,cpu         ] GC(1218) User=0.16s Sys=0.00s Real=0.08s
[507.200s][info][gc,marking     ] GC(1216) Concurrent Mark From Roots 1115.172ms
[507.200s][info][gc,marking     ] GC(1216) Concurrent Preclean
[507.200s][info][gc,marking     ] GC(1216) Concurrent Preclean 0.050ms
[507.200s][info][gc,start       ] GC(1216) Pause Remark
[507.208s][info][gc             ] GC(1216) Pause Remark 557M->548M(978M) 7.696ms
[507.208s][info][gc,cpu         ] GC(1216) User=0.02s Sys=0.00s Real=0.01s
[507.208s][info][gc,marking     ] GC(1216) Concurrent Mark 1123.191ms
[507.208s][info][gc,marking     ] GC(1216) Concurrent Rebuild Remembered Sets and Scrub Regions
[507.595s][info][gc,marking     ] GC(1216) Concurrent Rebuild Remembered Sets and Scrub Regions 386.629ms
[507.595s][info][gc,start       ] GC(1216) Pause Cleanup
[507.595s][info][gc             ] GC(1216) Pause Cleanup 822M->822M(978M) 0.092ms
[507.595s][info][gc,cpu         ] GC(1216) User=0.00s Sys=0.00s Real=0.00s
[507.595s][info][gc,marking     ] GC(1216) Concurrent Clear Claimed Marks
[507.595s][info][gc,marking     ] GC(1216) Concurrent Clear Claimed Marks 0.031ms
[507.595s][info][gc,marking     ] GC(1216) Concurrent Cleanup for Next Mark
[507.598s][info][gc,marking     ] GC(1216) Concurrent Cleanup for Next Mark 2.827ms
[507.598s][info][gc             ] GC(1216) Concurrent Mark Cycle 1613.498ms
[507.631s][info][gc,start       ] GC(1219) Pause Young (Prepare Mixed) (G1 Evacuation Pause)
[507.631s][info][gc,task        ] GC(1219) Using 2 workers of 2 for evacuation
[507.699s][info][gc,phases      ] GC(1219)   Pre Evacuate Collection Set: 0.27ms
[507.699s][info][gc,phases      ] GC(1219)   Merge Heap Roots: 0.41ms
[507.699s][info][gc,phases      ] GC(1219)   Evacuate Collection Set: 66.28ms
[507.699s][info][gc,phases      ] GC(1219)   Post Evacuate Collection Set: 0.56ms
[507.699s][info][gc,phases      ] GC(1219)   Other: 0.09ms
[507.699s][info][gc,heap        ] GC(1219) Eden regions: 320->0(292)
[507.699s][info][gc,heap        ] GC(1219) Survivor regions: 15->42(42)
[507.699s][info][gc,heap        ] GC(1219) Old regions: 507->520
[507.699s][info][gc,heap        ] GC(1219) Humongous regions: 8->8
[507.699s][info][gc,metaspace   ] GC(1219) Metaspace: 19052K(19264K)->19052K(19264K) NonClass: 16392K(16512K)->16392K(16512K) Class: 2660K(2752K)->2660K(2752K)
[507.699s][info][gc             ] GC(1219) Pause Young (Prepare Mixed) (G1 Evacuation Pause) 848M->569M(978M) 67.815ms
[507.699s][info][gc,cpu         ] GC(1219) User=0.13s Sys=0.00s Real=0.07s
[508.154s][info][gc,start       ] GC(1220) Pause Young (Mixed) (G1 Evacuation Pause)
[508.154s][info][gc,task        ] GC(1220) Using 2 workers of 2 for evacuation
[508.216s][info][gc,phases      ] GC(1220)   Pre Evacuate Collection Set: 0.52ms
[508.216s][info][gc,phases      ] GC(1220)   Merge Heap Roots: 0.31ms
[508.216s][info][gc,phases      ] GC(1220)   Evacuate Collection Set: 60.20ms
[508.216s][info][gc,phases      ] GC(1220)   Post Evacuate Collection Set: 0.57ms
[508.216s][info][gc,phases      ] GC(1220)   Other: 0.10ms
[508.216s][info][gc,heap        ] GC(1220) Eden regions: 292->0(300)
[508.216s][info][gc,heap        ] GC(1220) Survivor regions: 42->14(42)
[508.216s][info][gc,heap        ] GC(1220) Old regions: 520->551
[508.216s][info][gc,heap        ] GC(1220) Humongous regions: 8->8
[508.216s][info][gc,metaspace   ] GC(1220) Metaspace: 19052K(19264K)->19052K(19264K) NonClass: 16392K(16512K)->16392K(16512K) Class: 2660K(2752K)->2660K(2752K)
[508.216s][info][gc             ] GC(1220) Pause Young (Mixed) (G1 Evacuation Pause) 861M->572M(978M) 61.926ms
[508.216s][info][gc,cpu         ] GC(1220) User=0.12s Sys=0.00s Real=0.06s
[508.710s][info][gc,start       ] GC(1221) Pause Young (Concurrent Start) (G1 Evacuation Pause)
[508.710s][info][gc,task        ] GC(1221) Using 2 workers of 2 for evacuation
[508.753s][info][gc,phases      ] GC(1221)   Pre Evacuate Collection Set: 0.36ms
[508.753s][info][gc,phases      ] GC(1221)   Merge Heap Roots: 0.33ms
[508.753s][info][gc,phases      ] GC(1221)   Evacuate Collection Set: 41.06ms
[508.753s][info][gc,phases      ] GC(1221)   Post Evacuate Collection Set: 0.58ms
[508.753s][info][gc,phases      ] GC(1221)   Other: 0.24ms
[508.753s][info][gc,heap        ] GC(1221) Eden regions: 300->0(288)
[508.753s][info][gc,heap        ] GC(1221) Survivor regions: 14->36(40)
[508.753s][info][gc,heap        ] GC(1221) Old regions: 551->551
[508.753s][info][gc,heap        ] GC(1221) Humongous regions: 8->8
[508.753s][info][gc,metaspace   ] GC(1221) Metaspace: 19052K(19264K)->19052K(19264K) NonClass: 16392K(16512K)->16392K(16512K) Class: 2660K(2752K)->2660K(2752K)
[508.753s][info][gc             ] GC(1221) Pause Young (Concurrent Start) (G1 Evacuation Pause) 872M->594M(978M) 42.789ms
[508.753s][info][gc,cpu         ] GC(1221) User=0.09s Sys=0.00s Real=0.04s
[508.753s][info][gc             ] GC(1222) Concurrent Mark Cycle
[508.753s][info][gc,marking     ] GC(1222) Concurrent Scan Root Regions
[508.809s][info][gc,marking     ] GC(1222) Concurrent Scan Root Regions 56.088ms
[508.809s][info][gc,marking     ] GC(1222) Concurrent Mark
[508.809s][info][gc,marking     ] GC(1222) Concurrent Mark From Roots
[508.809s][info][gc,task        ] GC(1222) Using 1 workers of 1 for marking
[509.281s][info][gc,start       ] GC(1223) Pause Young (Normal) (G1 Evacuation Pause)
[509.282s][info][gc,task        ] GC(1223) Using 2 workers of 2 for evacuation
[509.381s][info][gc,phases      ] GC(1223)   Pre Evacuate Collection Set: 0.52ms
[509.381s][info][gc,phases      ] GC(1223)   Merge Heap Roots: 0.16ms
[509.381s][info][gc,phases      ] GC(1223)   Evacuate Collection Set: 94.02ms
[509.381s][info][gc,phases      ] GC(1223)   Post Evacuate Collection Set: 4.19ms
[509.381s][info][gc,phases      ] GC(1223)   Other: 0.09ms
[509.381s][info][gc,heap        ] GC(1223) Eden regions: 288->0(179)
[509.381s][info][gc,heap        ] GC(1223) Survivor regions: 36->41(41)
[509.381s][info][gc,heap        ] GC(1223) Old regions: 551->659
[509.381s][info][gc,heap        ] GC(1223) Humongous regions: 8->8
[509.381s][info][gc,metaspace   ] GC(1223) Metaspace: 19052K(19264K)->19052K(19264K) NonClass: 16392K(16512K)->16392K(16512K) Class: 2660K(2752K)->2660K(2752K)
[509.381s][info][gc             ] GC(1223) Pause Young (Normal) (G1 Evacuation Pause) (Evacuation Failure: Allocation) 882M->707M(978M) 99.217ms
[509.381s][info][gc,cpu         ] GC(1223) User=0.19s Sys=0.00s Real=0.10s
[509.777s][info][gc,start       ] GC(1224) Pause Young (Normal) (G1 Evacuation Pause)
[509.778s][info][gc,task        ] GC(1224) Using 2 workers of 2 for evacuation
[509.864s][info][gc,phases      ] GC(1224)   Pre Evacuate Collection Set: 0.61ms
[509.864s][info][gc,phases      ] GC(1224)   Merge Heap Roots: 0.67ms
[509.864s][info][gc,phases      ] GC(1224)   Evacuate Collection Set: 84.72ms
[509.864s][info][gc,phases      ] GC(1224)   Post Evacuate Collection Set: 0.65ms
[509.864s][info][gc,phases      ] GC(1224)   Other: 0.08ms
[509.864s][info][gc,heap        ] GC(1224) Eden regions: 179->0(198)
[509.864s][info][gc,heap        ] GC(1224) Survivor regions: 41->17(28)
[509.864s][info][gc,heap        ] GC(1224) Old regions: 659->658
[509.864s][info][gc,heap        ] GC(1224) Humongous regions: 11->11
[509.864s][info][gc,metaspace   ] GC(1224) Metaspace: 19052K(19264K)->19052K(19264K) NonClass: 16392K(16512K)->16392K(16512K) Class: 2660K(2752K)->2660K(2752K)
[509.864s][info][gc             ] GC(1224) Pause Young (Normal) (G1 Evacuation Pause) 889M->685M(978M) 87.015ms
[509.864s][info][gc,cpu         ] GC(1224) User=0.17s Sys=0.00s Real=0.08s
[510.224s][info][gc,marking     ] GC(1222) Concurrent Mark From Roots 1415.367ms
[510.225s][info][gc,marking     ] GC(1222) Concurrent Preclean
[510.225s][info][gc,marking     ] GC(1222) Concurrent Preclean 0.066ms
[510.225s][info][gc,start       ] GC(1222) Pause Remark
[510.233s][info][gc             ] GC(1222) Pause Remark 858M->756M(978M) 8.031ms
[510.233s][info][gc,cpu         ] GC(1222) User=0.01s Sys=0.00s Real=0.01s
[510.233s][info][gc,marking     ] GC(1222) Concurrent Mark 1423.783ms
[510.233s][info][gc,marking     ] GC(1222) Concurrent Rebuild Remembered Sets and Scrub Regions
[510.302s][info][gc,start       ] GC(1225) Pause Young (Normal) (G1 Evacuation Pause)
[510.302s][info][gc,task        ] GC(1225) Using 2 workers of 2 for evacuation
[510.387s][info][gc,phases      ] GC(1225)   Pre Evacuate Collection Set: 0.28ms
[510.388s][info][gc,phases      ] GC(1225)   Merge Heap Roots: 0.65ms
[510.388s][info][gc,phases      ] GC(1225)   Evacuate Collection Set: 83.71ms
[510.388s][info][gc,phases      ] GC(1225)   Post Evacuate Collection Set: 0.49ms
[510.388s][info][gc,phases      ] GC(1225)   Other: 0.08ms
[510.388s][info][gc,heap        ] GC(1225) Eden regions: 198->0(239)
[510.388s][info][gc,heap        ] GC(1225) Survivor regions: 17->27(27)
[510.388s][info][gc,heap        ] GC(1225) Old regions: 559->587
[510.388s][info][gc,heap        ] GC(1225) Humongous regions: 8->8
[510.388s][info][gc,metaspace   ] GC(1225) Metaspace: 19052K(19264K)->19052K(19264K) NonClass: 16392K(16512K)->16392K(16512K) Class: 2660K(2752K)->2660K(2752K)
[510.388s][info][gc             ] GC(1225) Pause Young (Normal) (G1 Evacuation Pause) 781M->621M(978M) 85.472ms
[510.388s][info][gc,cpu         ] GC(1225) User=0.16s Sys=0.01s Real=0.09s
[510.679s][info][gc,marking     ] GC(1222) Concurrent Rebuild Remembered Sets and Scrub Regions 446.370ms
[510.679s][info][gc,start       ] GC(1222) Pause Cleanup
[510.680s][info][gc             ] GC(1222) Pause Cleanup 827M->827M(978M) 0.120ms
[510.680s][info][gc,cpu         ] GC(1222) User=0.00s Sys=0.00s Real=0.00s
[510.680s][info][gc,marking     ] GC(1222) Concurrent Clear Claimed Marks
[510.680s][info][gc,marking     ] GC(1222) Concurrent Clear Claimed Marks 0.043ms
[510.680s][info][gc,marking     ] GC(1222) Concurrent Cleanup for Next Mark
[510.683s][info][gc,marking     ] GC(1222) Concurrent Cleanup for Next Mark 2.906ms
[510.683s][info][gc             ] GC(1222) Concurrent Mark Cycle 1930.309ms
[510.722s][info][gc,start       ] GC(1226) Pause Young (Prepare Mixed) (G1 Evacuation Pause)
[510.722s][info][gc,task        ] GC(1226) Using 2 workers of 2 for evacuation
[510.762s][info][gc,phases      ] GC(1226)   Pre Evacuate Collection Set: 0.45ms
[510.762s][info][gc,phases      ] GC(1226)   Merge Heap Roots: 0.26ms
[510.762s][info][gc,phases      ] GC(1226)   Evacuate Collection Set: 38.05ms
[510.762s][info][gc,phases      ] GC(1226)   Post Evacuate Collection Set: 0.49ms
[510.762s][info][gc,phases      ] GC(1226)   Other: 0.08ms
[510.762s][info][gc,heap        ] GC(1226) Eden regions: 239->0(247)
[510.762s][info][gc,heap        ] GC(1226) Survivor regions: 27->9(34)
[510.762s][info][gc,heap        ] GC(1226) Old regions: 587->614
[510.762s][info][gc,heap        ] GC(1226) Humongous regions: 8->8
[510.762s][info][gc,metaspace   ] GC(1226) Metaspace: 19052K(19264K)->19052K(19264K) NonClass: 16392K(16512K)->16392K(16512K) Class: 2660K(2752K)->2660K(2752K)
[510.762s][info][gc             ] GC(1226) Pause Young (Prepare Mixed) (G1 Evacuation Pause) 860M->630M(978M) 39.490ms
[510.762s][info][gc,cpu         ] GC(1226) User=0.08s Sys=0.00s Real=0.04s
[510.908s][info][gc,start       ] GC(1227) Pause Young (Mixed) (G1 Evacuation Pause)
[510.908s][info][gc,task        ] GC(1227) Using 2 workers of 2 for evacuation
[510.987s][info][gc,phases      ] GC(1227)   Pre Evacuate Collection Set: 0.50ms
[510.987s][info][gc,phases      ] GC(1227)   Merge Heap Roots: 0.37ms
[510.987s][info][gc,phases      ] GC(1227)   Evacuate Collection Set: 76.92ms
[510.987s][info][gc,phases      ] GC(1227)   Post Evacuate Collection Set: 0.77ms
[510.987s][info][gc,phases      ] GC(1227)   Other: 0.10ms
[510.987s][info][gc,heap        ] GC(1227) Eden regions: 247->0(213)
[510.987s][info][gc,heap        ] GC(1227) Survivor regions: 9->32(32)
[510.987s][info][gc,heap        ] GC(1227) Old regions: 614->610
[510.987s][info][gc,heap        ] GC(1227) Humongous regions: 8->8
[510.987s][info][gc,metaspace   ] GC(1227) Metaspace: 19052K(19264K)->19052K(19264K) NonClass: 16392K(16512K)->16392K(16512K) Class: 2660K(2752K)->2660K(2752K)
[510.987s][info][gc             ] GC(1227) Pause Young (Mixed) (G1 Evacuation Pause) 877M->649M(978M) 78.883ms
[510.987s][info][gc,cpu         ] GC(1227) User=0.16s Sys=0.00s Real=0.08s
[511.227s][info][gc,start       ] GC(1228) Pause Young (Concurrent Start) (G1 Evacuation Pause)
[511.227s][info][gc,task        ] GC(1228) Using 2 workers of 2 for evacuation
[511.307s][info][gc,phases      ] GC(1228)   Pre Evacuate Collection Set: 0.37ms
[511.307s][info][gc,phases      ] GC(1228)   Merge Heap Roots: 0.56ms
[511.307s][info][gc,phases      ] GC(1228)   Evacuate Collection Set: 78.43ms
[511.307s][info][gc,phases      ] GC(1228)   Post Evacuate Collection Set: 0.57ms
[511.307s][info][gc,phases      ] GC(1228)   Other: 0.23ms
[511.307s][info][gc,heap        ] GC(1228) Eden regions: 213->0(193)
[511.307s][info][gc,heap        ] GC(1228) Survivor regions: 32->31(31)
[511.307s][info][gc,heap        ] GC(1228) Old regions: 610->646
[511.307s][info][gc,heap        ] GC(1228) Humongous regions: 8->8
[511.307s][info][gc,metaspace   ] GC(1228) Metaspace: 19052K(19264K)->19052K(19264K) NonClass: 16392K(16512K)->16392K(16512K) Class: 2660K(2752K)->2660K(2752K)
[511.307s][info][gc             ] GC(1228) Pause Young (Concurrent Start) (G1 Evacuation Pause) 862M->684M(978M) 80.419ms
[511.307s][info][gc,cpu         ] GC(1228) User=0.16s Sys=0.00s Real=0.09s
[511.307s][info][gc             ] GC(1229) Concurrent Mark Cycle
[511.307s][info][gc,marking     ] GC(1229) Concurrent Scan Root Regions
[511.373s][info][gc,marking     ] GC(1229) Concurrent Scan Root Regions 65.533ms
[511.373s][info][gc,marking     ] GC(1229) Concurrent Mark
[511.373s][info][gc,marking     ] GC(1229) Concurrent Mark From Roots
[511.373s][info][gc,task        ] GC(1229) Using 1 workers of 1 for marking
[511.768s][info][gc,start       ] GC(1230) Pause Young (Normal) (G1 Evacuation Pause)
[511.768s][info][gc,task        ] GC(1230) Using 2 workers of 2 for evacuation
[511.863s][info][gc,phases      ] GC(1230)   Pre Evacuate Collection Set: 0.54ms
[511.863s][info][gc,phases      ] GC(1230)   Merge Heap Roots: 0.43ms
[511.863s][info][gc,phases      ] GC(1230)   Evacuate Collection Set: 93.41ms
[511.863s][info][gc,phases      ] GC(1230)   Post Evacuate Collection Set: 0.52ms
[511.863s][info][gc,phases      ] GC(1230)   Other: 0.09ms
[511.863s][info][gc,heap        ] GC(1230) Eden regions: 193->0(157)
[511.863s][info][gc,heap        ] GC(1230) Survivor regions: 31->28(28)
[511.863s][info][gc,heap        ] GC(1230) Old regions: 646->693
[511.863s][info][gc,heap        ] GC(1230) Humongous regions: 11->11
[511.863s][info][gc,metaspace   ] GC(1230) Metaspace: 19052K(19264K)->19052K(19264K) NonClass: 16392K(16512K)->16392K(16512K) Class: 2660K(2752K)->2660K(2752K)
[511.863s][info][gc             ] GC(1230) Pause Young (Normal) (G1 Evacuation Pause) 880M->731M(978M) 95.200ms
[511.863s][info][gc,cpu         ] GC(1230) User=0.18s Sys=0.00s Real=0.09s
[512.121s][info][gc,start       ] GC(1231) Pause Young (Normal) (G1 Evacuation Pause)
[512.121s][info][gc,task        ] GC(1231) Using 2 workers of 2 for evacuation
[512.175s][info][gc,phases      ] GC(1231)   Pre Evacuate Collection Set: 0.29ms
[512.175s][info][gc,phases      ] GC(1231)   Merge Heap Roots: 0.28ms
[512.175s][info][gc,phases      ] GC(1231)   Evacuate Collection Set: 53.03ms
[512.175s][info][gc,phases      ] GC(1231)   Post Evacuate Collection Set: 0.39ms
[512.175s][info][gc,phases      ] GC(1231)   Other: 0.11ms
[512.175s][info][gc,heap        ] GC(1231) Eden regions: 157->0(151)
[512.175s][info][gc,heap        ] GC(1231) Survivor regions: 28->15(24)
[512.175s][info][gc,heap        ] GC(1231) Old regions: 693->722
[512.175s][info][gc,heap        ] GC(1231) Humongous regions: 11->11
[512.175s][info][gc,metaspace   ] GC(1231) Metaspace: 19052K(19264K)->19052K(19264K) NonClass: 16392K(16512K)->16392K(16512K) Class: 2660K(2752K)->2660K(2752K)
[512.175s][info][gc             ] GC(1231) Pause Young (Normal) (G1 Evacuation Pause) 888M->746M(978M) 54.310ms
[512.175s][info][gc,cpu         ] GC(1231) User=0.11s Sys=0.00s Real=0.05s
[512.446s][info][gc,start       ] GC(1232) Pause Young (Normal) (G1 Evacuation Pause)
[512.446s][info][gc,task        ] GC(1232) Using 2 workers of 2 for evacuation
[512.467s][info][gc,phases      ] GC(1232)   Pre Evacuate Collection Set: 0.30ms
[512.467s][info][gc,phases      ] GC(1232)   Merge Heap Roots: 0.20ms
[512.467s][info][gc,phases      ] GC(1232)   Evacuate Collection Set: 19.39ms
[512.467s][info][gc,phases      ] GC(1232)   Post Evacuate Collection Set: 0.36ms
[512.467s][info][gc,phases      ] GC(1232)   Other: 0.08ms
[512.467s][info][gc,heap        ] GC(1232) Eden regions: 151->0(162)
[512.467s][info][gc,heap        ] GC(1232) Survivor regions: 15->1(21)
[512.467s][info][gc,heap        ] GC(1232) Old regions: 722->736
[512.467s][info][gc,heap        ] GC(1232) Humongous regions: 11->11
[512.467s][info][gc,metaspace   ] GC(1232) Metaspace: 19052K(19264K)->19052K(19264K) NonClass: 16392K(16512K)->16392K(16512K) Class: 2660K(2752K)->2660K(2752K)
[512.467s][info][gc             ] GC(1232) Pause Young (Normal) (G1 Evacuation Pause) 897M->747M(978M) 20.589ms
[512.467s][info][gc,cpu         ] GC(1232) User=0.04s Sys=0.00s Real=0.02s
[512.665s][info][gc,marking     ] GC(1229) Concurrent Mark From Roots 1292.098ms
[512.665s][info][gc,marking     ] GC(1229) Concurrent Preclean
[512.665s][info][gc,marking     ] GC(1229) Concurrent Preclean 0.060ms
[512.666s][info][gc,start       ] GC(1229) Pause Remark
[512.674s][info][gc             ] GC(1229) Pause Remark 859M->685M(978M) 7.838ms
[512.674s][info][gc,cpu         ] GC(1229) User=0.01s Sys=0.00s Real=0.01s
[512.675s][info][gc,marking     ] GC(1229) Concurrent Mark 1301.784ms
[512.675s][info][gc,marking     ] GC(1229) Concurrent Rebuild Remembered Sets and Scrub Regions
[512.773s][info][gc,start       ] GC(1233) Pause Young (Normal) (G1 Evacuation Pause)
[512.774s][info][gc,task        ] GC(1233) Using 2 workers of 2 for evacuation
[512.785s][info][gc,phases      ] GC(1233)   Pre Evacuate Collection Set: 0.24ms
[512.785s][info][gc,phases      ] GC(1233)   Merge Heap Roots: 0.17ms
[512.785s][info][gc,phases      ] GC(1233)   Evacuate Collection Set: 10.94ms
[512.785s][info][gc,phases      ] GC(1233)   Post Evacuate Collection Set: 0.37ms
[512.785s][info][gc,phases      ] GC(1233)   Other: 0.07ms
[512.785s][info][gc,heap        ] GC(1233) Eden regions: 162->0(281)
[512.785s][info][gc,heap        ] GC(1233) Survivor regions: 1->7(21)
[512.785s][info][gc,heap        ] GC(1233) Old regions: 566->566
[512.785s][info][gc,heap        ] GC(1233) Humongous regions: 7->7
[512.785s][info][gc,metaspace   ] GC(1233) Metaspace: 19052K(19264K)->19052K(19264K) NonClass: 16392K(16512K)->16392K(16512K) Class: 2660K(2752K)->2660K(2752K)
[512.785s][info][gc             ] GC(1233) Pause Young (Normal) (G1 Evacuation Pause) 735M->579M(978M) 11.969ms
[512.785s][info][gc,cpu         ] GC(1233) User=0.02s Sys=0.00s Real=0.01s
[513.192s][info][gc,marking     ] GC(1229) Concurrent Rebuild Remembered Sets and Scrub Regions 517.481ms
[513.192s][info][gc,start       ] GC(1229) Pause Cleanup
[513.192s][info][gc             ] GC(1229) Pause Cleanup 760M->760M(978M) 0.116ms
[513.192s][info][gc,cpu         ] GC(1229) User=0.00s Sys=0.00s Real=0.00s
[513.193s][info][gc,marking     ] GC(1229) Concurrent Clear Claimed Marks
[513.193s][info][gc,marking     ] GC(1229) Concurrent Clear Claimed Marks 0.047ms
[513.193s][info][gc,marking     ] GC(1229) Concurrent Cleanup for Next Mark
[513.198s][info][gc,marking     ] GC(1229) Concurrent Cleanup for Next Mark 4.862ms
[513.198s][info][gc             ] GC(1229) Concurrent Mark Cycle 1890.961ms
[513.501s][info][gc,start       ] GC(1234) Pause Young (Prepare Mixed) (G1 Evacuation Pause)
[513.501s][info][gc,task        ] GC(1234) Using 2 workers of 2 for evacuation
[513.540s][info][gc,phases      ] GC(1234)   Pre Evacuate Collection Set: 0.51ms
[513.540s][info][gc,phases      ] GC(1234)   Merge Heap Roots: 0.36ms
[513.540s][info][gc,phases      ] GC(1234)   Evacuate Collection Set: 37.14ms
[513.540s][info][gc,phases      ] GC(1234)   Post Evacuate Collection Set: 0.51ms
[513.540s][info][gc,phases      ] GC(1234)   Other: 0.08ms
[513.540s][info][gc,heap        ] GC(1234) Eden regions: 281->0(272)
[513.540s][info][gc,heap        ] GC(1234) Survivor regions: 7->31(36)
[513.540s][info][gc,heap        ] GC(1234) Old regions: 566->566
[513.540s][info][gc,heap        ] GC(1234) Humongous regions: 7->7
[513.540s][info][gc,metaspace   ] GC(1234) Metaspace: 19052K(19264K)->19052K(19264K) NonClass: 16392K(16512K)->16392K(16512K) Class: 2660K(2752K)->2660K(2752K)
[513.540s][info][gc             ] GC(1234) Pause Young (Prepare Mixed) (G1 Evacuation Pause) 860M->603M(978M) 38.850ms
[513.540s][info][gc,cpu         ] GC(1234) User=0.08s Sys=0.00s Real=0.04s
[514.132s][info][gc,start       ] GC(1235) Pause Young (Mixed) (G1 Evacuation Pause)
[514.132s][info][gc,task        ] GC(1235) Using 2 workers of 2 for evacuation
[514.184s][info][gc,phases      ] GC(1235)   Pre Evacuate Collection Set: 0.33ms
[514.184s][info][gc,phases      ] GC(1235)   Merge Heap Roots: 0.51ms
[514.184s][info][gc,phases      ] GC(1235)   Evacuate Collection Set: 50.06ms
[514.184s][info][gc,phases      ] GC(1235)   Post Evacuate Collection Set: 0.52ms
[514.184s][info][gc,phases      ] GC(1235)   Other: 0.13ms
[514.184s][info][gc,heap        ] GC(1235) Eden regions: 272->0(313)
[514.184s][info][gc,heap        ] GC(1235) Survivor regions: 31->1(38)
[514.184s][info][gc,heap        ] GC(1235) Old regions: 566->554
[514.184s][info][gc,heap        ] GC(1235) Humongous regions: 7->7
[514.184s][info][gc,metaspace   ] GC(1235) Metaspace: 19052K(19264K)->19052K(19264K) NonClass: 16392K(16512K)->16392K(16512K) Class: 2660K(2752K)->2660K(2752K)
[514.184s][info][gc             ] GC(1235) Pause Young (Mixed) (G1 Evacuation Pause) 875M->561M(978M) 51.832ms
[514.184s][info][gc,cpu         ] GC(1235) User=0.11s Sys=0.00s Real=0.05s
[514.834s][info][gc,start       ] GC(1236) Pause Young (Concurrent Start) (G1 Evacuation Pause)
[514.834s][info][gc,task        ] GC(1236) Using 2 workers of 2 for evacuation
[514.853s][info][gc,phases      ] GC(1236)   Pre Evacuate Collection Set: 0.30ms
[514.853s][info][gc,phases      ] GC(1236)   Merge Heap Roots: 0.43ms
[514.853s][info][gc,phases      ] GC(1236)   Evacuate Collection Set: 17.05ms
[514.853s][info][gc,phases      ] GC(1236)   Post Evacuate Collection Set: 0.52ms
[514.853s][info][gc,phases      ] GC(1236)   Other: 0.14ms
[514.853s][info][gc,heap        ] GC(1236) Eden regions: 313->0(323)
[514.853s][info][gc,heap        ] GC(1236) Survivor regions: 1->5(40)
[514.853s][info][gc,heap        ] GC(1236) Old regions: 554->554
[514.853s][info][gc,heap        ] GC(1236) Humongous regions: 7->7
[514.853s][info][gc,metaspace   ] GC(1236) Metaspace: 19052K(19264K)->19052K(19264K) NonClass: 16392K(16512K)->16392K(16512K) Class: 2660K(2752K)->2660K(2752K)
[514.853s][info][gc             ] GC(1236) Pause Young (Concurrent Start) (G1 Evacuation Pause) 874M->565M(978M) 18.621ms
[514.853s][info][gc,cpu         ] GC(1236) User=0.04s Sys=0.00s Real=0.02s
[514.853s][info][gc             ] GC(1237) Concurrent Mark Cycle
[514.853s][info][gc,marking     ] GC(1237) Concurrent Scan Root Regions
[514.855s][info][gc,marking     ] GC(1237) Concurrent Scan Root Regions 2.461ms
[514.855s][info][gc,marking     ] GC(1237) Concurrent Mark
[514.855s][info][gc,marking     ] GC(1237) Concurrent Mark From Roots
[514.855s][info][gc,task        ] GC(1237) Using 1 workers of 1 for marking
[515.467s][info][gc,start       ] GC(1238) Pause Young (Normal) (G1 Evacuation Pause)
[515.467s][info][gc,task        ] GC(1238) Using 2 workers of 2 for evacuation
[515.535s][info][gc,phases      ] GC(1238)   Pre Evacuate Collection Set: 0.30ms
[515.535s][info][gc,phases      ] GC(1238)   Merge Heap Roots: 0.13ms
[515.535s][info][gc,phases      ] GC(1238)   Evacuate Collection Set: 66.03ms
[515.535s][info][gc,phases      ] GC(1238)   Post Evacuate Collection Set: 0.73ms
[515.535s][info][gc,phases      ] GC(1238)   Other: 0.10ms
[515.535s][info][gc,heap        ] GC(1238) Eden regions: 323->0(252)
[515.535s][info][gc,heap        ] GC(1238) Survivor regions: 5->41(41)
[515.535s][info][gc,heap        ] GC(1238) Old regions: 554->587
[515.535s][info][gc,heap        ] GC(1238) Humongous regions: 7->7
[515.535s][info][gc,metaspace   ] GC(1238) Metaspace: 19052K(19264K)->19052K(19264K) NonClass: 16392K(16512K)->16392K(16512K) Class: 2660K(2752K)->2660K(2752K)
[515.535s][info][gc             ] GC(1238) Pause Young (Normal) (G1 Evacuation Pause) 888M->634M(978M) 67.584ms
[515.535s][info][gc,cpu         ] GC(1238) User=0.14s Sys=0.00s Real=0.06s
[516.039s][info][gc,start       ] GC(1239) Pause Young (Normal) (G1 Evacuation Pause)
[516.039s][info][gc,task        ] GC(1239) Using 2 workers of 2 for evacuation
[516.158s][info][gc,phases      ] GC(1239)   Pre Evacuate Collection Set: 0.53ms
[516.158s][info][gc,phases      ] GC(1239)   Merge Heap Roots: 0.65ms
[516.158s][info][gc,phases      ] GC(1239)   Evacuate Collection Set: 116.39ms
[516.158s][info][gc,phases      ] GC(1239)   Post Evacuate Collection Set: 0.63ms
[516.158s][info][gc,phases      ] GC(1239)   Other: 0.09ms
[516.158s][info][gc,heap        ] GC(1239) Eden regions: 252->0(210)
[516.158s][info][gc,heap        ] GC(1239) Survivor regions: 41->37(37)
[516.158s][info][gc,heap        ] GC(1239) Old regions: 587->634
[516.158s][info][gc,heap        ] GC(1239) Humongous regions: 10->10
[516.158s][info][gc,metaspace   ] GC(1239) Metaspace: 19052K(19264K)->19052K(19264K) NonClass: 16392K(16512K)->16392K(16512K) Class: 2660K(2752K)->2660K(2752K)
[516.158s][info][gc             ] GC(1239) Pause Young (Normal) (G1 Evacuation Pause) 889M->680M(978M) 118.578ms
[516.158s][info][gc,cpu         ] GC(1239) User=0.24s Sys=0.00s Real=0.12s
[516.475s][info][gc,start       ] GC(1240) Pause Young (Normal) (G1 Evacuation Pause)
[516.475s][info][gc,task        ] GC(1240) Using 2 workers of 2 for evacuation
[516.540s][info][gc,phases      ] GC(1240)   Pre Evacuate Collection Set: 0.31ms
[516.540s][info][gc,phases      ] GC(1240)   Merge Heap Roots: 0.34ms
[516.540s][info][gc,phases      ] GC(1240)   Evacuate Collection Set: 64.27ms
[516.540s][info][gc,phases      ] GC(1240)   Post Evacuate Collection Set: 0.46ms
[516.540s][info][gc,phases      ] GC(1240)   Other: 0.08ms
[516.540s][info][gc,heap        ] GC(1240) Eden regions: 210->0(204)
[516.540s][info][gc,heap        ] GC(1240) Survivor regions: 37->16(31)
[516.540s][info][gc,heap        ] GC(1240) Old regions: 634->671
[516.540s][info][gc,heap        ] GC(1240) Humongous regions: 10->10
[516.540s][info][gc,metaspace   ] GC(1240) Metaspace: 19052K(19264K)->19052K(19264K) NonClass: 16392K(16512K)->16392K(16512K) Class: 2660K(2752K)->2660K(2752K)
[516.540s][info][gc             ] GC(1240) Pause Young (Normal) (G1 Evacuation Pause) 890M->696M(978M) 65.710ms
[516.540s][info][gc,cpu         ] GC(1240) User=0.13s Sys=0.00s Real=0.07s
[516.793s][info][gc,marking     ] GC(1237) Concurrent Mark From Roots 1937.697ms
[516.793s][info][gc,marking     ] GC(1237) Concurrent Preclean
[516.793s][info][gc,marking     ] GC(1237) Concurrent Preclean 0.057ms
[516.794s][info][gc,start       ] GC(1237) Pause Remark
[516.802s][info][gc             ] GC(1237) Pause Remark 848M->834M(978M) 7.734ms
[516.802s][info][gc,cpu         ] GC(1237) User=0.01s Sys=0.00s Real=0.01s
[516.802s][info][gc,marking     ] GC(1237) Concurrent Mark 1946.641ms
[516.802s][info][gc,marking     ] GC(1237) Concurrent Rebuild Remembered Sets and Scrub Regions
[516.860s][info][gc,start       ] GC(1241) Pause Young (Normal) (G1 Evacuation Pause)
[516.861s][info][gc,task        ] GC(1241) Using 2 workers of 2 for evacuation
[516.890s][info][gc,phases      ] GC(1241)   Pre Evacuate Collection Set: 0.51ms
[516.890s][info][gc,phases      ] GC(1241)   Merge Heap Roots: 0.22ms
[516.890s][info][gc,phases      ] GC(1241)   Evacuate Collection Set: 27.87ms
[516.890s][info][gc,phases      ] GC(1241)   Post Evacuate Collection Set: 0.41ms
[516.890s][info][gc,phases      ] GC(1241)   Other: 0.08ms
[516.890s][info][gc,heap        ] GC(1241) Eden regions: 204->0(215)
[516.890s][info][gc,heap        ] GC(1241) Survivor regions: 16->9(28)
[516.890s][info][gc,heap        ] GC(1241) Old regions: 658->673
[516.890s][info][gc,heap        ] GC(1241) Humongous regions: 9->9
[516.890s][info][gc,metaspace   ] GC(1241) Metaspace: 19052K(19264K)->19052K(19264K) NonClass: 16392K(16512K)->16392K(16512K) Class: 2660K(2752K)->2660K(2752K)
[516.890s][info][gc             ] GC(1241) Pause Young (Normal) (G1 Evacuation Pause) 886M->690M(978M) 29.284ms
[516.890s][info][gc,cpu         ] GC(1241) User=0.06s Sys=0.00s Real=0.03s
[517.170s][info][gc,start       ] GC(1242) Pause Young (Normal) (G1 Evacuation Pause)
[517.170s][info][gc,task        ] GC(1242) Using 2 workers of 2 for evacuation
[517.194s][info][gc,phases      ] GC(1242)   Pre Evacuate Collection Set: 0.54ms
[517.194s][info][gc,phases      ] GC(1242)   Merge Heap Roots: 0.15ms
[517.194s][info][gc,phases      ] GC(1242)   Evacuate Collection Set: 22.95ms
[517.194s][info][gc,phases      ] GC(1242)   Post Evacuate Collection Set: 0.44ms
[517.194s][info][gc,phases      ] GC(1242)   Other: 0.09ms
[517.194s][info][gc,heap        ] GC(1242) Eden regions: 215->0(202)
[517.194s][info][gc,heap        ] GC(1242) Survivor regions: 9->22(28)
[517.194s][info][gc,heap        ] GC(1242) Old regions: 673->673
[517.194s][info][gc,heap        ] GC(1242) Humongous regions: 9->9
[517.194s][info][gc,metaspace   ] GC(1242) Metaspace: 19052K(19264K)->19052K(19264K) NonClass: 16392K(16512K)->16392K(16512K) Class: 2660K(2752K)->2660K(2752K)
[517.194s][info][gc             ] GC(1242) Pause Young (Normal) (G1 Evacuation Pause) 905M->703M(978M) 24.400ms
[517.194s][info][gc,cpu         ] GC(1242) User=0.04s Sys=0.00s Real=0.02s
[517.481s][info][gc,start       ] GC(1243) Pause Young (Normal) (G1 Evacuation Pause)
[517.481s][info][gc,task        ] GC(1243) Using 2 workers of 2 for evacuation
[517.543s][info][gc,phases      ] GC(1243)   Pre Evacuate Collection Set: 0.49ms
[517.543s][info][gc,phases      ] GC(1243)   Merge Heap Roots: 0.27ms
[517.543s][info][gc,phases      ] GC(1243)   Evacuate Collection Set: 60.40ms
[517.543s][info][gc,phases      ] GC(1243)   Post Evacuate Collection Set: 0.47ms
[517.543s][info][gc,phases      ] GC(1243)   Other: 0.09ms
[517.543s][info][gc,heap        ] GC(1243) Eden regions: 202->0(160)
[517.543s][info][gc,heap        ] GC(1243) Survivor regions: 22->28(28)
[517.543s][info][gc,heap        ] GC(1243) Old regions: 673->703
[517.543s][info][gc,heap        ] GC(1243) Humongous regions: 9->9
[517.543s][info][gc,metaspace   ] GC(1243) Metaspace: 19052K(19264K)->19052K(19264K) NonClass: 16392K(16512K)->16392K(16512K) Class: 2660K(2752K)->2660K(2752K)
[517.543s][info][gc             ] GC(1243) Pause Young (Normal) (G1 Evacuation Pause) 905M->739M(978M) 61.990ms
[517.543s][info][gc,cpu         ] GC(1243) User=0.12s Sys=0.01s Real=0.06s
[517.558s][info][gc,marking     ] GC(1237) Concurrent Rebuild Remembered Sets and Scrub Regions 756.483ms
[517.559s][info][gc,start       ] GC(1237) Pause Cleanup
[517.559s][info][gc             ] GC(1237) Pause Cleanup 747M->747M(978M) 0.108ms
[517.559s][info][gc,cpu         ] GC(1237) User=0.00s Sys=0.00s Real=0.00s
[517.561s][info][gc,marking     ] GC(1237) Concurrent Clear Claimed Marks
[517.561s][info][gc,marking     ] GC(1237) Concurrent Clear Claimed Marks 0.047ms
[517.561s][info][gc,marking     ] GC(1237) Concurrent Cleanup for Next Mark
[517.564s][info][gc,marking     ] GC(1237) Concurrent Cleanup for Next Mark 2.840ms
[517.564s][info][gc             ] GC(1237) Concurrent Mark Cycle 2711.288ms
[517.740s][info][gc,start       ] GC(1244) Pause Young (Prepare Mixed) (G1 Evacuation Pause)
[517.740s][info][gc,task        ] GC(1244) Using 2 workers of 2 for evacuation
[517.784s][info][gc,phases      ] GC(1244)   Pre Evacuate Collection Set: 0.53ms
[517.784s][info][gc,phases      ] GC(1244)   Merge Heap Roots: 0.21ms
[517.784s][info][gc,phases      ] GC(1244)   Evacuate Collection Set: 42.62ms
[517.784s][info][gc,phases      ] GC(1244)   Post Evacuate Collection Set: 0.44ms
[517.784s][info][gc,phases      ] GC(1244)   Other: 0.08ms
[517.784s][info][gc,heap        ] GC(1244) Eden regions: 160->0(160)
[517.784s][info][gc,heap        ] GC(1244) Survivor regions: 28->14(24)
[517.784s][info][gc,heap        ] GC(1244) Old regions: 703->731
[517.784s][info][gc,heap        ] GC(1244) Humongous regions: 9->9
[517.784s][info][gc,metaspace   ] GC(1244) Metaspace: 19052K(19264K)->19052K(19264K) NonClass: 16392K(16512K)->16392K(16512K) Class: 2660K(2752K)->2660K(2752K)
[517.784s][info][gc             ] GC(1244) Pause Young (Prepare Mixed) (G1 Evacuation Pause) 899M->753M(978M) 44.151ms
[517.784s][info][gc,cpu         ] GC(1244) User=0.09s Sys=0.00s Real=0.04s
[518.134s][info][gc,start       ] GC(1245) Pause Young (Mixed) (G1 Evacuation Pause)
[518.135s][info][gc,task        ] GC(1245) Using 2 workers of 2 for evacuation
[518.151s][info][gc,phases      ] GC(1245)   Pre Evacuate Collection Set: 0.56ms
[518.151s][info][gc,phases      ] GC(1245)   Merge Heap Roots: 0.18ms
[518.151s][info][gc,phases      ] GC(1245)   Evacuate Collection Set: 15.61ms
[518.151s][info][gc,phases      ] GC(1245)   Post Evacuate Collection Set: 0.41ms
[518.151s][info][gc,phases      ] GC(1245)   Other: 0.10ms
[518.151s][info][gc,heap        ] GC(1245) Eden regions: 160->0(177)
[518.151s][info][gc,heap        ] GC(1245) Survivor regions: 14->2(22)
[518.151s][info][gc,heap        ] GC(1245) Old regions: 731->733
[518.151s][info][gc,heap        ] GC(1245) Humongous regions: 9->9
[518.151s][info][gc,metaspace   ] GC(1245) Metaspace: 19052K(19264K)->19052K(19264K) NonClass: 16392K(16512K)->16392K(16512K) Class: 2660K(2752K)->2660K(2752K)
[518.151s][info][gc             ] GC(1245) Pause Young (Mixed) (G1 Evacuation Pause) 913M->743M(978M) 17.077ms
[518.152s][info][gc,cpu         ] GC(1245) User=0.03s Sys=0.00s Real=0.02s
[518.392s][info][gc,start       ] GC(1246) Pause Young (Concurrent Start) (G1 Evacuation Pause)
[518.392s][info][gc,task        ] GC(1246) Using 2 workers of 2 for evacuation
[518.410s][info][gc,phases      ] GC(1246)   Pre Evacuate Collection Set: 0.32ms
[518.410s][info][gc,phases      ] GC(1246)   Merge Heap Roots: 0.10ms
[518.410s][info][gc,phases      ] GC(1246)   Evacuate Collection Set: 17.33ms
[518.410s][info][gc,phases      ] GC(1246)   Post Evacuate Collection Set: 0.46ms
[518.410s][info][gc,phases      ] GC(1246)   Other: 0.12ms
[518.410s][info][gc,heap        ] GC(1246) Eden regions: 177->0(150)
[518.410s][info][gc,heap        ] GC(1246) Survivor regions: 2->18(23)
[518.410s][info][gc,heap        ] GC(1246) Old regions: 733->733
[518.410s][info][gc,heap        ] GC(1246) Humongous regions: 9->9
[518.410s][info][gc,metaspace   ] GC(1246) Metaspace: 19052K(19264K)->19052K(19264K) NonClass: 16392K(16512K)->16392K(16512K) Class: 2660K(2752K)->2660K(2752K)
[518.410s][info][gc             ] GC(1246) Pause Young (Concurrent Start) (G1 Evacuation Pause) 920M->758M(978M) 18.512ms
[518.411s][info][gc,cpu         ] GC(1246) User=0.04s Sys=0.00s Real=0.02s
[518.411s][info][gc             ] GC(1247) Concurrent Mark Cycle
[518.411s][info][gc,marking     ] GC(1247) Concurrent Scan Root Regions
[518.434s][info][gc,marking     ] GC(1247) Concurrent Scan Root Regions 23.360ms
[518.434s][info][gc,marking     ] GC(1247) Concurrent Mark
[518.434s][info][gc,marking     ] GC(1247) Concurrent Mark From Roots
[518.434s][info][gc,task        ] GC(1247) Using 1 workers of 1 for marking
[518.585s][info][gc,start       ] GC(1248) Pause Young (Normal) (G1 Evacuation Pause)
[518.585s][info][gc,task        ] GC(1248) Using 2 workers of 2 for evacuation
[518.651s][info][gc,phases      ] GC(1248)   Pre Evacuate Collection Set: 0.51ms
[518.651s][info][gc,phases      ] GC(1248)   Merge Heap Roots: 0.11ms
[518.651s][info][gc,phases      ] GC(1248)   Evacuate Collection Set: 63.62ms
[518.651s][info][gc,phases      ] GC(1248)   Post Evacuate Collection Set: 1.28ms
[518.651s][info][gc,phases      ] GC(1248)   Other: 0.09ms
[518.651s][info][gc,heap        ] GC(1248) Eden regions: 150->0(86)
[518.651s][info][gc,heap        ] GC(1248) Survivor regions: 18->21(21)
[518.651s][info][gc,heap        ] GC(1248) Old regions: 733->791
[518.651s][info][gc,heap        ] GC(1248) Humongous regions: 9->9
[518.651s][info][gc,metaspace   ] GC(1248) Metaspace: 19052K(19264K)->19052K(19264K) NonClass: 16392K(16512K)->16392K(16512K) Class: 2660K(2752K)->2660K(2752K)
[518.651s][info][gc             ] GC(1248) Pause Young (Normal) (G1 Evacuation Pause) (Evacuation Failure: Allocation) 908M->820M(978M) 65.856ms
[518.651s][info][gc,cpu         ] GC(1248) User=0.12s Sys=0.01s Real=0.07s
[518.906s][info][gc,start       ] GC(1249) Pause Young (Normal) (G1 Evacuation Pause)
[518.906s][info][gc,task        ] GC(1249) Using 2 workers of 2 for evacuation
[518.948s][info][gc,phases      ] GC(1249)   Pre Evacuate Collection Set: 0.31ms
[518.948s][info][gc,phases      ] GC(1249)   Merge Heap Roots: 0.30ms
[518.948s][info][gc,phases      ] GC(1249)   Evacuate Collection Set: 40.82ms
[518.948s][info][gc,phases      ] GC(1249)   Post Evacuate Collection Set: 0.41ms
[518.948s][info][gc,phases      ] GC(1249)   Other: 0.09ms
[518.949s][info][gc,heap        ] GC(1249) Eden regions: 86->0(85)
[518.949s][info][gc,heap        ] GC(1249) Survivor regions: 21->14(14)
[518.949s][info][gc,heap        ] GC(1249) Old regions: 791->806
[518.949s][info][gc,heap        ] GC(1249) Humongous regions: 9->9
[518.949s][info][gc,metaspace   ] GC(1249) Metaspace: 19052K(19264K)->19052K(19264K) NonClass: 16392K(16512K)->16392K(16512K) Class: 2660K(2752K)->2660K(2752K)
[518.949s][info][gc             ] GC(1249) Pause Young (Normal) (G1 Evacuation Pause) 906M->828M(978M) 42.189ms
[518.949s][info][gc,cpu         ] GC(1249) User=0.08s Sys=0.00s Real=0.05s
[519.094s][info][gc,start       ] GC(1250) Pause Young (Normal) (G1 Evacuation Pause)
[519.094s][info][gc,task        ] GC(1250) Using 2 workers of 2 for evacuation
[519.112s][info][gc,phases      ] GC(1250)   Pre Evacuate Collection Set: 0.51ms
[519.112s][info][gc,phases      ] GC(1250)   Merge Heap Roots: 0.16ms
[519.112s][info][gc,phases      ] GC(1250)   Evacuate Collection Set: 17.32ms
[519.112s][info][gc,phases      ] GC(1250)   Post Evacuate Collection Set: 0.35ms
[519.113s][info][gc,phases      ] GC(1250)   Other: 0.07ms
[519.113s][info][gc,heap        ] GC(1250) Eden regions: 85->0(93)
[519.113s][info][gc,heap        ] GC(1250) Survivor regions: 14->3(13)
[519.113s][info][gc,heap        ] GC(1250) Old regions: 806->820
[519.113s][info][gc,heap        ] GC(1250) Humongous regions: 9->9
[519.113s][info][gc,metaspace   ] GC(1250) Metaspace: 19052K(19264K)->19052K(19264K) NonClass: 16392K(16512K)->16392K(16512K) Class: 2660K(2752K)->2660K(2752K)
[519.113s][info][gc             ] GC(1250) Pause Young (Normal) (G1 Evacuation Pause) 913M->831M(978M) 18.635ms
[519.113s][info][gc,cpu         ] GC(1250) User=0.04s Sys=0.00s Real=0.02s
[519.299s][info][gc,start       ] GC(1251) Pause Young (Normal) (G1 Evacuation Pause)
[519.299s][info][gc,task        ] GC(1251) Using 2 workers of 2 for evacuation
[519.335s][info][gc,phases      ] GC(1251)   Pre Evacuate Collection Set: 0.31ms
[519.335s][info][gc,phases      ] GC(1251)   Merge Heap Roots: 0.27ms
[519.335s][info][gc,phases      ] GC(1251)   Evacuate Collection Set: 35.43ms
[519.335s][info][gc,phases      ] GC(1251)   Post Evacuate Collection Set: 0.43ms
[519.335s][info][gc,phases      ] GC(1251)   Other: 0.07ms
[519.335s][info][gc,heap        ] GC(1251) Eden regions: 93->0(65)
[519.335s][info][gc,heap        ] GC(1251) Survivor regions: 3->12(12)
[519.335s][info][gc,heap        ] GC(1251) Old regions: 820->827
[519.335s][info][gc,heap        ] GC(1251) Humongous regions: 12->12
[519.336s][info][gc,metaspace   ] GC(1251) Metaspace: 19052K(19264K)->19052K(19264K) NonClass: 16392K(16512K)->16392K(16512K) Class: 2660K(2752K)->2660K(2752K)
[519.336s][info][gc             ] GC(1251) Pause Young (Normal) (G1 Evacuation Pause) 927M->850M(978M) 36.735ms
[519.336s][info][gc,cpu         ] GC(1251) User=0.07s Sys=0.01s Real=0.03s
[519.454s][info][gc,start       ] GC(1252) Pause Young (Normal) (G1 Evacuation Pause)
[519.454s][info][gc,task        ] GC(1252) Using 2 workers of 2 for evacuation
[519.492s][info][gc,phases      ] GC(1252)   Pre Evacuate Collection Set: 0.27ms
[519.492s][info][gc,phases      ] GC(1252)   Merge Heap Roots: 0.24ms
[519.492s][info][gc,phases      ] GC(1252)   Evacuate Collection Set: 36.86ms
[519.492s][info][gc,phases      ] GC(1252)   Post Evacuate Collection Set: 0.33ms
[519.492s][info][gc,phases      ] GC(1252)   Other: 0.09ms
[519.492s][info][gc,heap        ] GC(1252) Eden regions: 65->0(52)
[519.492s][info][gc,heap        ] GC(1252) Survivor regions: 12->10(10)
[519.492s][info][gc,heap        ] GC(1252) Old regions: 827->844
[519.492s][info][gc,heap        ] GC(1252) Humongous regions: 12->12
[519.492s][info][gc,metaspace   ] GC(1252) Metaspace: 19052K(19264K)->19052K(19264K) NonClass: 16392K(16512K)->16392K(16512K) Class: 2660K(2752K)->2660K(2752K)
[519.492s][info][gc             ] GC(1252) Pause Young (Normal) (G1 Evacuation Pause) 915M->865M(978M) 38.020ms
[519.492s][info][gc,cpu         ] GC(1252) User=0.08s Sys=0.00s Real=0.04s
[519.560s][info][gc,start       ] GC(1253) Pause Young (Normal) (G1 Evacuation Pause)
[519.560s][info][gc,task        ] GC(1253) Using 2 workers of 2 for evacuation
[519.583s][info][gc,phases      ] GC(1253)   Pre Evacuate Collection Set: 0.30ms
[519.583s][info][gc,phases      ] GC(1253)   Merge Heap Roots: 0.13ms
[519.583s][info][gc,phases      ] GC(1253)   Evacuate Collection Set: 22.19ms
[519.583s][info][gc,phases      ] GC(1253)   Post Evacuate Collection Set: 0.28ms
[519.583s][info][gc,phases      ] GC(1253)   Other: 0.10ms
[519.583s][info][gc,heap        ] GC(1253) Eden regions: 52->0(44)
[519.583s][info][gc,heap        ] GC(1253) Survivor regions: 10->8(8)
[519.583s][info][gc,heap        ] GC(1253) Old regions: 844->856
[519.583s][info][gc,heap        ] GC(1253) Humongous regions: 12->12
[519.583s][info][gc,metaspace   ] GC(1253) Metaspace: 19052K(19264K)->19052K(19264K) NonClass: 16392K(16512K)->16392K(16512K) Class: 2660K(2752K)->2660K(2752K)
[519.583s][info][gc             ] GC(1253) Pause Young (Normal) (G1 Evacuation Pause) 917M->875M(978M) 23.179ms
[519.583s][info][gc,cpu         ] GC(1253) User=0.05s Sys=0.00s Real=0.02s
[519.652s][info][gc,start       ] GC(1254) Pause Young (Normal) (G1 Evacuation Pause)
[519.652s][info][gc,task        ] GC(1254) Using 2 workers of 2 for evacuation
[519.674s][info][gc,phases      ] GC(1254)   Pre Evacuate Collection Set: 0.29ms
[519.674s][info][gc,phases      ] GC(1254)   Merge Heap Roots: 0.11ms
[519.674s][info][gc,phases      ] GC(1254)   Evacuate Collection Set: 20.99ms
[519.674s][info][gc,phases      ] GC(1254)   Post Evacuate Collection Set: 0.26ms
[519.674s][info][gc,phases      ] GC(1254)   Other: 0.08ms
[519.674s][info][gc,heap        ] GC(1254) Eden regions: 44->0(41)
[519.674s][info][gc,heap        ] GC(1254) Survivor regions: 8->7(7)
[519.674s][info][gc,heap        ] GC(1254) Old regions: 856->868
[519.674s][info][gc,heap        ] GC(1254) Humongous regions: 12->12
[519.674s][info][gc,metaspace   ] GC(1254) Metaspace: 19052K(19264K)->19052K(19264K) NonClass: 16392K(16512K)->16392K(16512K) Class: 2660K(2752K)->2660K(2752K)
[519.674s][info][gc             ] GC(1254) Pause Young (Normal) (G1 Evacuation Pause) 919M->886M(978M) 21.923ms
[519.674s][info][gc,cpu         ] GC(1254) User=0.04s Sys=0.00s Real=0.02s
[519.730s][info][gc,start       ] GC(1255) Pause Young (Normal) (G1 Evacuation Pause)
[519.730s][info][gc,task        ] GC(1255) Using 2 workers of 2 for evacuation
[519.743s][info][gc,phases      ] GC(1255)   Pre Evacuate Collection Set: 0.48ms
[519.743s][info][gc,phases      ] GC(1255)   Merge Heap Roots: 0.08ms
[519.743s][info][gc,phases      ] GC(1255)   Evacuate Collection Set: 11.68ms
[519.743s][info][gc,phases      ] GC(1255)   Post Evacuate Collection Set: 0.27ms
[519.743s][info][gc,phases      ] GC(1255)   Other: 0.06ms
[519.743s][info][gc,heap        ] GC(1255) Eden regions: 41->0(43)
[519.743s][info][gc,heap        ] GC(1255) Survivor regions: 7->5(6)
[519.743s][info][gc,heap        ] GC(1255) Old regions: 868->875
[519.743s][info][gc,heap        ] GC(1255) Humongous regions: 12->12
[519.743s][info][gc,metaspace   ] GC(1255) Metaspace: 19052K(19264K)->19052K(19264K) NonClass: 16392K(16512K)->16392K(16512K) Class: 2660K(2752K)->2660K(2752K)
[519.743s][info][gc             ] GC(1255) Pause Young (Normal) (G1 Evacuation Pause) 927M->891M(978M) 12.739ms
[519.743s][info][gc,cpu         ] GC(1255) User=0.03s Sys=0.00s Real=0.01s
[519.781s][info][gc,start       ] GC(1256) Pause Young (Normal) (G1 Evacuation Pause)
[519.781s][info][gc,task        ] GC(1256) Using 2 workers of 2 for evacuation
[519.787s][info][gc,phases      ] GC(1256)   Pre Evacuate Collection Set: 0.26ms
[519.787s][info][gc,phases      ] GC(1256)   Merge Heap Roots: 0.06ms
[519.787s][info][gc,phases      ] GC(1256)   Evacuate Collection Set: 4.90ms
[519.787s][info][gc,phases      ] GC(1256)   Post Evacuate Collection Set: 0.24ms
[519.787s][info][gc,phases      ] GC(1256)   Other: 0.06ms
[519.787s][info][gc,heap        ] GC(1256) Eden regions: 43->0(47)
[519.787s][info][gc,heap        ] GC(1256) Survivor regions: 5->1(6)
[519.787s][info][gc,heap        ] GC(1256) Old regions: 875->879
[519.787s][info][gc,heap        ] GC(1256) Humongous regions: 12->12
[519.787s][info][gc,metaspace   ] GC(1256) Metaspace: 19052K(19264K)->19052K(19264K) NonClass: 16392K(16512K)->16392K(16512K) Class: 2660K(2752K)->2660K(2752K)
[519.787s][info][gc             ] GC(1256) Pause Young (Normal) (G1 Evacuation Pause) 934M->891M(978M) 5.753ms
[519.787s][info][gc,cpu         ] GC(1256) User=0.01s Sys=0.00s Real=0.00s
[519.842s][info][gc,start       ] GC(1257) Pause Young (Normal) (G1 Evacuation Pause)
[519.842s][info][gc,task        ] GC(1257) Using 2 workers of 2 for evacuation
[519.843s][info][gc,phases      ] GC(1257)   Pre Evacuate Collection Set: 0.26ms
[519.843s][info][gc,phases      ] GC(1257)   Merge Heap Roots: 0.05ms
[519.843s][info][gc,phases      ] GC(1257)   Evacuate Collection Set: 0.72ms
[519.843s][info][gc,phases      ] GC(1257)   Post Evacuate Collection Set: 0.25ms
[519.843s][info][gc,phases      ] GC(1257)   Other: 0.06ms
[519.843s][info][gc,heap        ] GC(1257) Eden regions: 47->0(47)
[519.843s][info][gc,heap        ] GC(1257) Survivor regions: 1->1(6)
[519.843s][info][gc,heap        ] GC(1257) Old regions: 879->879
[519.843s][info][gc,heap        ] GC(1257) Humongous regions: 12->12
[519.843s][info][gc,metaspace   ] GC(1257) Metaspace: 19052K(19264K)->19052K(19264K) NonClass: 16392K(16512K)->16392K(16512K) Class: 2660K(2752K)->2660K(2752K)
[519.843s][info][gc             ] GC(1257) Pause Young (Normal) (G1 Evacuation Pause) 938M->891M(978M) 1.504ms
[519.844s][info][gc,cpu         ] GC(1257) User=0.00s Sys=0.00s Real=0.00s
[519.913s][info][gc,start       ] GC(1258) Pause Young (Normal) (G1 Evacuation Pause)
[519.913s][info][gc,task        ] GC(1258) Using 2 workers of 2 for evacuation
[519.919s][info][gc,phases      ] GC(1258)   Pre Evacuate Collection Set: 0.47ms
[519.919s][info][gc,phases      ] GC(1258)   Merge Heap Roots: 0.14ms
[519.919s][info][gc,phases      ] GC(1258)   Evacuate Collection Set: 4.99ms
[519.919s][info][gc,phases      ] GC(1258)   Post Evacuate Collection Set: 0.28ms
[519.919s][info][gc,phases      ] GC(1258)   Other: 0.09ms
[519.919s][info][gc,heap        ] GC(1258) Eden regions: 47->0(47)
[519.919s][info][gc,heap        ] GC(1258) Survivor regions: 1->1(6)
[519.919s][info][gc,heap        ] GC(1258) Old regions: 879->879
[519.919s][info][gc,heap        ] GC(1258) Humongous regions: 12->12
[519.919s][info][gc,metaspace   ] GC(1258) Metaspace: 19052K(19264K)->19052K(19264K) NonClass: 16392K(16512K)->16392K(16512K) Class: 2660K(2752K)->2660K(2752K)
[519.919s][info][gc             ] GC(1258) Pause Young (Normal) (G1 Evacuation Pause) 938M->891M(978M) 6.140ms
[519.919s][info][gc,cpu         ] GC(1258) User=0.01s Sys=0.00s Real=0.01s
[519.987s][info][gc,start       ] GC(1259) Pause Young (Normal) (G1 Evacuation Pause)
[519.987s][info][gc,task        ] GC(1259) Using 2 workers of 2 for evacuation
[519.991s][info][gc,phases      ] GC(1259)   Pre Evacuate Collection Set: 0.29ms
[519.991s][info][gc,phases      ] GC(1259)   Merge Heap Roots: 0.10ms
[519.991s][info][gc,phases      ] GC(1259)   Evacuate Collection Set: 3.63ms
[519.991s][info][gc,phases      ] GC(1259)   Post Evacuate Collection Set: 0.26ms
[519.991s][info][gc,phases      ] GC(1259)   Other: 0.09ms
[519.991s][info][gc,heap        ] GC(1259) Eden regions: 47->0(47)
[519.991s][info][gc,heap        ] GC(1259) Survivor regions: 1->1(6)
[519.992s][info][gc,heap        ] GC(1259) Old regions: 879->879
[519.992s][info][gc,heap        ] GC(1259) Humongous regions: 12->12
[519.992s][info][gc,metaspace   ] GC(1259) Metaspace: 19052K(19264K)->19052K(19264K) NonClass: 16392K(16512K)->16392K(16512K) Class: 2660K(2752K)->2660K(2752K)
[519.992s][info][gc             ] GC(1259) Pause Young (Normal) (G1 Evacuation Pause) 938M->891M(978M) 4.541ms
[519.992s][info][gc,cpu         ] GC(1259) User=0.01s Sys=0.00s Real=0.00s
[520.045s][info][gc,marking     ] GC(1247) Concurrent Mark From Roots 1611.334ms
[520.045s][info][gc,marking     ] GC(1247) Concurrent Preclean
[520.045s][info][gc,marking     ] GC(1247) Concurrent Preclean 0.054ms
[520.046s][info][gc,start       ] GC(1247) Pause Remark
[520.054s][info][gc             ] GC(1247) Pause Remark 914M->660M(978M) 7.918ms
[520.054s][info][gc,cpu         ] GC(1247) User=0.01s Sys=0.00s Real=0.01s
[520.056s][info][gc,marking     ] GC(1247) Concurrent Mark 1622.024ms
[520.056s][info][gc,marking     ] GC(1247) Concurrent Rebuild Remembered Sets and Scrub Regions
[520.114s][info][gc,start       ] GC(1260) Pause Young (Normal) (G1 Evacuation Pause)
[520.114s][info][gc,task        ] GC(1260) Using 2 workers of 2 for evacuation
[520.123s][info][gc,phases      ] GC(1260)   Pre Evacuate Collection Set: 0.44ms
[520.123s][info][gc,phases      ] GC(1260)   Merge Heap Roots: 0.15ms
[520.123s][info][gc,phases      ] GC(1260)   Evacuate Collection Set: 8.72ms
[520.123s][info][gc,phases      ] GC(1260)   Post Evacuate Collection Set: 0.25ms
[520.123s][info][gc,phases      ] GC(1260)   Other: 0.06ms
[520.123s][info][gc,heap        ] GC(1260) Eden regions: 47->0(233)
[520.123s][info][gc,heap        ] GC(1260) Survivor regions: 1->5(6)
[520.123s][info][gc,heap        ] GC(1260) Old regions: 630->630
[520.123s][info][gc,heap        ] GC(1260) Humongous regions: 7->7
[520.123s][info][gc,metaspace   ] GC(1260) Metaspace: 19052K(19264K)->19052K(19264K) NonClass: 16392K(16512K)->16392K(16512K) Class: 2660K(2752K)->2660K(2752K)
[520.124s][info][gc             ] GC(1260) Pause Young (Normal) (G1 Evacuation Pause) 684M->641M(978M) 9.781ms
[520.124s][info][gc,cpu         ] GC(1260) User=0.01s Sys=0.00s Real=0.01s
[520.585s][info][gc,marking     ] GC(1247) Concurrent Rebuild Remembered Sets and Scrub Regions 528.893ms
[520.586s][info][gc,start       ] GC(1247) Pause Cleanup
[520.586s][info][gc             ] GC(1247) Pause Cleanup 860M->860M(978M) 0.150ms
[520.586s][info][gc,cpu         ] GC(1247) User=0.00s Sys=0.00s Real=0.00s
[520.586s][info][gc,marking     ] GC(1247) Concurrent Clear Claimed Marks
[520.586s][info][gc,marking     ] GC(1247) Concurrent Clear Claimed Marks 0.043ms
[520.586s][info][gc,marking     ] GC(1247) Concurrent Cleanup for Next Mark
[520.591s][info][gc,marking     ] GC(1247) Concurrent Cleanup for Next Mark 5.397ms
[520.591s][info][gc             ] GC(1247) Concurrent Mark Cycle 2180.820ms
[520.608s][info][gc,start       ] GC(1261) Pause Young (Prepare Mixed) (G1 Evacuation Pause)
[520.608s][info][gc,task        ] GC(1261) Using 2 workers of 2 for evacuation
[520.637s][info][gc,phases      ] GC(1261)   Pre Evacuate Collection Set: 0.56ms
[520.637s][info][gc,phases      ] GC(1261)   Merge Heap Roots: 0.21ms
[520.637s][info][gc,phases      ] GC(1261)   Evacuate Collection Set: 28.01ms
[520.637s][info][gc,phases      ] GC(1261)   Post Evacuate Collection Set: 0.49ms
[520.637s][info][gc,phases      ] GC(1261)   Other: 0.07ms
[520.637s][info][gc,heap        ] GC(1261) Eden regions: 233->0(223)
[520.637s][info][gc,heap        ] GC(1261) Survivor regions: 5->25(30)
[520.637s][info][gc,heap        ] GC(1261) Old regions: 630->630
[520.637s][info][gc,heap        ] GC(1261) Humongous regions: 7->7
[520.637s][info][gc,metaspace   ] GC(1261) Metaspace: 19052K(19264K)->19052K(19264K) NonClass: 16392K(16512K)->16392K(16512K) Class: 2660K(2752K)->2660K(2752K)
[520.637s][info][gc             ] GC(1261) Pause Young (Prepare Mixed) (G1 Evacuation Pause) 874M->661M(978M) 29.551ms
[520.637s][info][gc,cpu         ] GC(1261) User=0.06s Sys=0.00s Real=0.03s
[521.180s][info][gc,start       ] GC(1262) Pause Young (Mixed) (G1 Evacuation Pause)
[521.180s][info][gc,task        ] GC(1262) Using 2 workers of 2 for evacuation
[521.227s][info][gc,phases      ] GC(1262)   Pre Evacuate Collection Set: 0.32ms
[521.227s][info][gc,phases      ] GC(1262)   Merge Heap Roots: 0.59ms
[521.227s][info][gc,phases      ] GC(1262)   Evacuate Collection Set: 45.37ms
[521.227s][info][gc,phases      ] GC(1262)   Post Evacuate Collection Set: 0.54ms
[521.227s][info][gc,phases      ] GC(1262)   Other: 0.11ms
[521.227s][info][gc,heap        ] GC(1262) Eden regions: 223->0(276)
[521.227s][info][gc,heap        ] GC(1262) Survivor regions: 25->7(31)
[521.227s][info][gc,heap        ] GC(1262) Old regions: 630->592
[521.227s][info][gc,heap        ] GC(1262) Humongous regions: 7->7
[521.227s][info][gc,metaspace   ] GC(1262) Metaspace: 19052K(19264K)->19052K(19264K) NonClass: 16392K(16512K)->16392K(16512K) Class: 2660K(2752K)->2660K(2752K)
[521.227s][info][gc             ] GC(1262) Pause Young (Mixed) (G1 Evacuation Pause) 884M->605M(978M) 47.208ms
[521.227s][info][gc,cpu         ] GC(1262) User=0.09s Sys=0.00s Real=0.05s
[521.690s][info][gc,start       ] GC(1263) Pause Young (Concurrent Start) (G1 Evacuation Pause)
[521.690s][info][gc,task        ] GC(1263) Using 2 workers of 2 for evacuation
[521.734s][info][gc,phases      ] GC(1263)   Pre Evacuate Collection Set: 0.31ms
[521.734s][info][gc,phases      ] GC(1263)   Merge Heap Roots: 0.16ms
[521.734s][info][gc,phases      ] GC(1263)   Evacuate Collection Set: 42.40ms
[521.734s][info][gc,phases      ] GC(1263)   Post Evacuate Collection Set: 0.62ms
[521.734s][info][gc,phases      ] GC(1263)   Other: 0.11ms
[521.734s][info][gc,heap        ] GC(1263) Eden regions: 276->0(237)
[521.734s][info][gc,heap        ] GC(1263) Survivor regions: 7->36(36)
[521.734s][info][gc,heap        ] GC(1263) Old regions: 592->602
[521.734s][info][gc,heap        ] GC(1263) Humongous regions: 7->7
[521.734s][info][gc,metaspace   ] GC(1263) Metaspace: 19052K(19264K)->19052K(19264K) NonClass: 16392K(16512K)->16392K(16512K) Class: 2660K(2752K)->2660K(2752K)
[521.734s][info][gc             ] GC(1263) Pause Young (Concurrent Start) (G1 Evacuation Pause) 881M->644M(978M) 43.837ms
[521.734s][info][gc,cpu         ] GC(1263) User=0.08s Sys=0.00s Real=0.04s
[521.736s][info][gc             ] GC(1264) Concurrent Mark Cycle
[521.736s][info][gc,marking     ] GC(1264) Concurrent Scan Root Regions
[521.784s][info][gc,marking     ] GC(1264) Concurrent Scan Root Regions 47.695ms
[521.784s][info][gc,marking     ] GC(1264) Concurrent Mark
[521.784s][info][gc,marking     ] GC(1264) Concurrent Mark From Roots
[521.784s][info][gc,task        ] GC(1264) Using 1 workers of 1 for marking
[522.330s][info][gc,start       ] GC(1265) Pause Young (Normal) (G1 Evacuation Pause)
[522.330s][info][gc,task        ] GC(1265) Using 2 workers of 2 for evacuation
[522.384s][info][gc,phases      ] GC(1265)   Pre Evacuate Collection Set: 0.30ms
[522.384s][info][gc,phases      ] GC(1265)   Merge Heap Roots: 0.26ms
[522.384s][info][gc,phases      ] GC(1265)   Evacuate Collection Set: 52.33ms
[522.384s][info][gc,phases      ] GC(1265)   Post Evacuate Collection Set: 0.53ms
[522.384s][info][gc,phases      ] GC(1265)   Other: 0.08ms
[522.384s][info][gc,heap        ] GC(1265) Eden regions: 237->0(237)
[522.384s][info][gc,heap        ] GC(1265) Survivor regions: 36->12(35)
[522.384s][info][gc,heap        ] GC(1265) Old regions: 602->638
[522.384s][info][gc,heap        ] GC(1265) Humongous regions: 8->8
[522.384s][info][gc,metaspace   ] GC(1265) Metaspace: 19052K(19264K)->19052K(19264K) NonClass: 16392K(16512K)->16392K(16512K) Class: 2660K(2752K)->2660K(2752K)
[522.384s][info][gc             ] GC(1265) Pause Young (Normal) (G1 Evacuation Pause) 882M->657M(978M) 53.780ms
[522.384s][info][gc,cpu         ] GC(1265) User=0.11s Sys=0.00s Real=0.05s
[522.801s][info][gc,marking     ] GC(1264) Concurrent Mark From Roots 1016.795ms
[522.801s][info][gc,marking     ] GC(1264) Concurrent Preclean
[522.801s][info][gc,marking     ] GC(1264) Concurrent Preclean 0.055ms
[522.801s][info][gc,start       ] GC(1264) Pause Remark
[522.809s][info][gc             ] GC(1264) Pause Remark 826M->649M(978M) 7.916ms
[522.809s][info][gc,cpu         ] GC(1264) User=0.01s Sys=0.00s Real=0.01s
[522.809s][info][gc,marking     ] GC(1264) Concurrent Mark 1025.094ms
[522.809s][info][gc,marking     ] GC(1264) Concurrent Rebuild Remembered Sets and Scrub Regions
[522.899s][info][gc,start       ] GC(1266) Pause Young (Normal) (G1 Evacuation Pause)
[522.899s][info][gc,task        ] GC(1266) Using 2 workers of 2 for evacuation
[522.942s][info][gc,phases      ] GC(1266)   Pre Evacuate Collection Set: 0.47ms
[522.942s][info][gc,phases      ] GC(1266)   Merge Heap Roots: 0.52ms
[522.942s][info][gc,phases      ] GC(1266)   Evacuate Collection Set: 40.82ms
[522.942s][info][gc,phases      ] GC(1266)   Post Evacuate Collection Set: 0.48ms
[522.942s][info][gc,phases      ] GC(1266)   Other: 0.10ms
[522.942s][info][gc,heap        ] GC(1266) Eden regions: 237->0(363)
[522.942s][info][gc,heap        ] GC(1266) Survivor regions: 12->32(32)
[522.942s][info][gc,heap        ] GC(1266) Old regions: 464->464
[522.942s][info][gc,heap        ] GC(1266) Humongous regions: 5->5
[522.942s][info][gc,metaspace   ] GC(1266) Metaspace: 19052K(19264K)->19052K(19264K) NonClass: 16392K(16512K)->16392K(16512K) Class: 2660K(2752K)->2660K(2752K)
[522.942s][info][gc             ] GC(1266) Pause Young (Normal) (G1 Evacuation Pause) 717M->500M(978M) 42.629ms
[522.942s][info][gc,cpu         ] GC(1266) User=0.08s Sys=0.00s Real=0.04s
[523.202s][info][gc,marking     ] GC(1264) Concurrent Rebuild Remembered Sets and Scrub Regions 393.252ms
[523.202s][info][gc,start       ] GC(1264) Pause Cleanup
[523.202s][info][gc             ] GC(1264) Pause Cleanup 665M->665M(978M) 0.115ms
[523.202s][info][gc,cpu         ] GC(1264) User=0.00s Sys=0.00s Real=0.00s
[523.202s][info][gc,marking     ] GC(1264) Concurrent Clear Claimed Marks
[523.202s][info][gc,marking     ] GC(1264) Concurrent Clear Claimed Marks 0.029ms
[523.202s][info][gc,marking     ] GC(1264) Concurrent Cleanup for Next Mark
[523.205s][info][gc,marking     ] GC(1264) Concurrent Cleanup for Next Mark 2.818ms
[523.205s][info][gc             ] GC(1264) Concurrent Mark Cycle 1469.380ms
[523.552s][info][gc,start       ] GC(1267) Pause Young (Prepare Mixed) (G1 Evacuation Pause)
[523.552s][info][gc,task        ] GC(1267) Using 2 workers of 2 for evacuation
[523.611s][info][gc,phases      ] GC(1267)   Pre Evacuate Collection Set: 0.51ms
[523.611s][info][gc,phases      ] GC(1267)   Merge Heap Roots: 0.28ms
[523.611s][info][gc,phases      ] GC(1267)   Evacuate Collection Set: 57.48ms
[523.611s][info][gc,phases      ] GC(1267)   Post Evacuate Collection Set: 0.62ms
[523.611s][info][gc,phases      ] GC(1267)   Other: 0.10ms
[523.611s][info][gc,heap        ] GC(1267) Eden regions: 363->0(358)
[523.611s][info][gc,heap        ] GC(1267) Survivor regions: 32->38(50)
[523.611s][info][gc,heap        ] GC(1267) Old regions: 464->475
[523.611s][info][gc,heap        ] GC(1267) Humongous regions: 5->5
[523.611s][info][gc,metaspace   ] GC(1267) Metaspace: 19052K(19264K)->19052K(19264K) NonClass: 16392K(16512K)->16392K(16512K) Class: 2660K(2752K)->2660K(2752K)
[523.611s][info][gc             ] GC(1267) Pause Young (Prepare Mixed) (G1 Evacuation Pause) 863M->517M(978M) 59.237ms
[523.611s][info][gc,cpu         ] GC(1267) User=0.11s Sys=0.00s Real=0.06s
[524.171s][info][gc,start       ] GC(1268) Pause Young (Mixed) (G1 Evacuation Pause)
[524.171s][info][gc,task        ] GC(1268) Using 2 workers of 2 for evacuation
[524.263s][info][gc,phases      ] GC(1268)   Pre Evacuate Collection Set: 0.51ms
[524.263s][info][gc,phases      ] GC(1268)   Merge Heap Roots: 0.62ms
[524.263s][info][gc,phases      ] GC(1268)   Evacuate Collection Set: 89.78ms
[524.263s][info][gc,phases      ] GC(1268)   Post Evacuate Collection Set: 0.67ms
[524.263s][info][gc,phases      ] GC(1268)   Other: 0.09ms
[524.263s][info][gc,heap        ] GC(1268) Eden regions: 358->0(344)
[524.263s][info][gc,heap        ] GC(1268) Survivor regions: 38->50(50)
[524.263s][info][gc,heap        ] GC(1268) Old regions: 475->466
[524.263s][info][gc,heap        ] GC(1268) Humongous regions: 5->5
[524.263s][info][gc,metaspace   ] GC(1268) Metaspace: 19052K(19264K)->19052K(19264K) NonClass: 16392K(16512K)->16392K(16512K) Class: 2660K(2752K)->2660K(2752K)
[524.263s][info][gc             ] GC(1268) Pause Young (Mixed) (G1 Evacuation Pause) 875M->520M(978M) 91.963ms
[524.263s][info][gc,cpu         ] GC(1268) User=0.18s Sys=0.01s Real=0.09s
[524.539s][info][gc,start       ] GC(1269) Pause Young (Concurrent Start) (G1 Evacuation Pause)
[524.539s][info][gc,task        ] GC(1269) Using 2 workers of 2 for evacuation
[524.663s][info][gc,phases      ] GC(1269)   Pre Evacuate Collection Set: 0.31ms
[524.663s][info][gc,phases      ] GC(1269)   Merge Heap Roots: 0.31ms
[524.663s][info][gc,phases      ] GC(1269)   Evacuate Collection Set: 117.66ms
[524.663s][info][gc,phases      ] GC(1269)   Post Evacuate Collection Set: 6.05ms
[524.664s][info][gc,phases      ] GC(1269)   Other: 0.10ms
[524.664s][info][gc,heap        ] GC(1269) Eden regions: 344->0(218)
[524.664s][info][gc,heap        ] GC(1269) Survivor regions: 50->50(50)
[524.664s][info][gc,heap        ] GC(1269) Old regions: 466->605
[524.664s][info][gc,heap        ] GC(1269) Humongous regions: 5->5
[524.664s][info][gc,metaspace   ] GC(1269) Metaspace: 19052K(19264K)->19052K(19264K) NonClass: 16392K(16512K)->16392K(16512K) Class: 2660K(2752K)->2660K(2752K)
[524.664s][info][gc             ] GC(1269) Pause Young (Concurrent Start) (G1 Evacuation Pause) (Evacuation Failure: Allocation) 864M->659M(978M) 124.708ms
[524.664s][info][gc,cpu         ] GC(1269) User=0.24s Sys=0.00s Real=0.12s
[524.664s][info][gc             ] GC(1270) Concurrent Mark Cycle
[524.666s][info][gc,marking     ] GC(1270) Concurrent Scan Root Regions
[524.811s][info][gc,marking     ] GC(1270) Concurrent Scan Root Regions 145.087ms
[524.811s][info][gc,marking     ] GC(1270) Concurrent Mark
[524.811s][info][gc,marking     ] GC(1270) Concurrent Mark From Roots
[524.811s][info][gc,task        ] GC(1270) Using 1 workers of 1 for marking
[525.082s][info][gc,start       ] GC(1271) Pause Young (Normal) (G1 Evacuation Pause)
[525.082s][info][gc,task        ] GC(1271) Using 2 workers of 2 for evacuation
[525.194s][info][gc,phases      ] GC(1271)   Pre Evacuate Collection Set: 0.34ms
[525.194s][info][gc,phases      ] GC(1271)   Merge Heap Roots: 0.55ms
[525.194s][info][gc,phases      ] GC(1271)   Evacuate Collection Set: 105.79ms
[525.194s][info][gc,phases      ] GC(1271)   Post Evacuate Collection Set: 5.64ms
[525.194s][info][gc,phases      ] GC(1271)   Other: 0.13ms
[525.194s][info][gc,heap        ] GC(1271) Eden regions: 218->0(214)
[525.194s][info][gc,heap        ] GC(1271) Survivor regions: 50->30(34)
[525.194s][info][gc,heap        ] GC(1271) Old regions: 605->626
[525.194s][info][gc,heap        ] GC(1271) Humongous regions: 8->8
[525.194s][info][gc,metaspace   ] GC(1271) Metaspace: 19052K(19264K)->19052K(19264K) NonClass: 16392K(16512K)->16392K(16512K) Class: 2660K(2752K)->2660K(2752K)
[525.194s][info][gc             ] GC(1271) Pause Young (Normal) (G1 Evacuation Pause) (Evacuation Failure: Allocation) 880M->663M(978M) 112.671ms
[525.194s][info][gc,cpu         ] GC(1271) User=0.21s Sys=0.01s Real=0.11s
[525.766s][info][gc,marking     ] GC(1270) Concurrent Mark From Roots 954.365ms
[525.766s][info][gc,marking     ] GC(1270) Concurrent Preclean
[525.766s][info][gc,marking     ] GC(1270) Concurrent Preclean 0.055ms
[525.767s][info][gc,start       ] GC(1270) Pause Remark
[525.775s][info][gc             ] GC(1270) Pause Remark 860M->721M(978M) 7.955ms
[525.775s][info][gc,cpu         ] GC(1270) User=0.01s Sys=0.00s Real=0.00s
[525.775s][info][gc,marking     ] GC(1270) Concurrent Mark 963.955ms
[525.775s][info][gc,marking     ] GC(1270) Concurrent Rebuild Remembered Sets and Scrub Regions
[525.830s][info][gc,start       ] GC(1272) Pause Young (Normal) (G1 Evacuation Pause)
[525.830s][info][gc,task        ] GC(1272) Using 2 workers of 2 for evacuation
[525.902s][info][gc,phases      ] GC(1272)   Pre Evacuate Collection Set: 0.46ms
[525.902s][info][gc,phases      ] GC(1272)   Merge Heap Roots: 0.86ms
[525.902s][info][gc,phases      ] GC(1272)   Evacuate Collection Set: 70.13ms
[525.902s][info][gc,phases      ] GC(1272)   Post Evacuate Collection Set: 0.49ms
[525.902s][info][gc,phases      ] GC(1272)   Other: 0.09ms
[525.902s][info][gc,heap        ] GC(1272) Eden regions: 214->0(331)
[525.902s][info][gc,heap        ] GC(1272) Survivor regions: 30->16(31)
[525.902s][info][gc,heap        ] GC(1272) Old regions: 489->493
[525.902s][info][gc,heap        ] GC(1272) Humongous regions: 9->9
[525.902s][info][gc,metaspace   ] GC(1272) Metaspace: 19052K(19264K)->19052K(19264K) NonClass: 16392K(16512K)->16392K(16512K) Class: 2660K(2752K)->2660K(2752K)
[525.902s][info][gc             ] GC(1272) Pause Young (Normal) (G1 Evacuation Pause) 741M->517M(978M) 72.297ms
[525.902s][info][gc,cpu         ] GC(1272) User=0.15s Sys=0.00s Real=0.07s
[526.145s][info][gc,marking     ] GC(1270) Concurrent Rebuild Remembered Sets and Scrub Regions 369.688ms
[526.145s][info][gc,start       ] GC(1270) Pause Cleanup
[526.145s][info][gc             ] GC(1270) Pause Cleanup 610M->610M(978M) 0.130ms
[526.145s][info][gc,cpu         ] GC(1270) User=0.00s Sys=0.00s Real=0.00s
[526.145s][info][gc,marking     ] GC(1270) Concurrent Clear Claimed Marks
[526.145s][info][gc,marking     ] GC(1270) Concurrent Clear Claimed Marks 0.036ms
[526.145s][info][gc,marking     ] GC(1270) Concurrent Cleanup for Next Mark
[526.150s][info][gc,marking     ] GC(1270) Concurrent Cleanup for Next Mark 4.863ms
[526.150s][info][gc             ] GC(1270) Concurrent Mark Cycle 1486.558ms
[526.500s][info][gc,start       ] GC(1273) Pause Young (Prepare Mixed) (G1 Evacuation Pause)
[526.500s][info][gc,task        ] GC(1273) Using 2 workers of 2 for evacuation
[526.522s][info][gc,phases      ] GC(1273)   Pre Evacuate Collection Set: 0.31ms
[526.522s][info][gc,phases      ] GC(1273)   Merge Heap Roots: 0.10ms
[526.522s][info][gc,phases      ] GC(1273)   Evacuate Collection Set: 21.11ms
[526.522s][info][gc,phases      ] GC(1273)   Post Evacuate Collection Set: 0.54ms
[526.522s][info][gc,phases      ] GC(1273)   Other: 0.09ms
[526.522s][info][gc,heap        ] GC(1273) Eden regions: 331->0(352)
[526.522s][info][gc,heap        ] GC(1273) Survivor regions: 16->16(44)
[526.522s][info][gc,heap        ] GC(1273) Old regions: 493->493
[526.522s][info][gc,heap        ] GC(1273) Humongous regions: 9->9
[526.522s][info][gc,metaspace   ] GC(1273) Metaspace: 19052K(19264K)->19052K(19264K) NonClass: 16392K(16512K)->16392K(16512K) Class: 2660K(2752K)->2660K(2752K)
[526.523s][info][gc             ] GC(1273) Pause Young (Prepare Mixed) (G1 Evacuation Pause) 848M->517M(978M) 22.417ms
[526.523s][info][gc,cpu         ] GC(1273) User=0.05s Sys=0.00s Real=0.02s
[527.042s][info][gc,start       ] GC(1274) Pause Young (Mixed) (G1 Evacuation Pause)
[527.042s][info][gc,task        ] GC(1274) Using 2 workers of 2 for evacuation
[527.086s][info][gc,phases      ] GC(1274)   Pre Evacuate Collection Set: 0.52ms
[527.086s][info][gc,phases      ] GC(1274)   Merge Heap Roots: 0.18ms
[527.086s][info][gc,phases      ] GC(1274)   Evacuate Collection Set: 42.26ms
[527.086s][info][gc,phases      ] GC(1274)   Post Evacuate Collection Set: 0.57ms
[527.086s][info][gc,phases      ] GC(1274)   Other: 0.11ms
[527.086s][info][gc,heap        ] GC(1274) Eden regions: 352->0(390)
[527.086s][info][gc,heap        ] GC(1274) Survivor regions: 16->16(46)
[527.086s][info][gc,heap        ] GC(1274) Old regions: 493->470
[527.086s][info][gc,heap        ] GC(1274) Humongous regions: 9->9
[527.086s][info][gc,metaspace   ] GC(1274) Metaspace: 19052K(19264K)->19052K(19264K) NonClass: 16392K(16512K)->16392K(16512K) Class: 2660K(2752K)->2660K(2752K)
[527.086s][info][gc             ] GC(1274) Pause Young (Mixed) (G1 Evacuation Pause) 869M->494M(978M) 43.877ms
[527.086s][info][gc,cpu         ] GC(1274) User=0.09s Sys=0.00s Real=0.04s
[527.650s][info][gc,start       ] GC(1275) Pause Young (Concurrent Start) (G1 Evacuation Pause)
[527.650s][info][gc,task        ] GC(1275) Using 2 workers of 2 for evacuation
[527.678s][info][gc,phases      ] GC(1275)   Pre Evacuate Collection Set: 0.30ms
[527.678s][info][gc,phases      ] GC(1275)   Merge Heap Roots: 0.14ms
[527.678s][info][gc,phases      ] GC(1275)   Evacuate Collection Set: 26.64ms
[527.678s][info][gc,phases      ] GC(1275)   Post Evacuate Collection Set: 0.61ms
[527.678s][info][gc,phases      ] GC(1275)   Other: 0.11ms
[527.678s][info][gc,heap        ] GC(1275) Eden regions: 390->0(398)
[527.678s][info][gc,heap        ] GC(1275) Survivor regions: 16->21(51)
[527.678s][info][gc,heap        ] GC(1275) Old regions: 470->470
[527.678s][info][gc,heap        ] GC(1275) Humongous regions: 9->9
[527.678s][info][gc,metaspace   ] GC(1275) Metaspace: 19052K(19264K)->19052K(19264K) NonClass: 16392K(16512K)->16392K(16512K) Class: 2660K(2752K)->2660K(2752K)
[527.678s][info][gc             ] GC(1275) Pause Young (Concurrent Start) (G1 Evacuation Pause) 884M->499M(978M) 28.074ms
[527.678s][info][gc,cpu         ] GC(1275) User=0.05s Sys=0.00s Real=0.03s
[527.678s][info][gc             ] GC(1276) Concurrent Mark Cycle
[527.678s][info][gc,marking     ] GC(1276) Concurrent Scan Root Regions
[527.742s][info][gc,marking     ] GC(1276) Concurrent Scan Root Regions 63.902ms
[527.742s][info][gc,marking     ] GC(1276) Concurrent Mark
[527.742s][info][gc,marking     ] GC(1276) Concurrent Mark From Roots
[527.742s][info][gc,task        ] GC(1276) Using 1 workers of 1 for marking
[528.261s][info][gc,start       ] GC(1277) Pause Young (Normal) (G1 Evacuation Pause)
[528.261s][info][gc,task        ] GC(1277) Using 2 workers of 2 for evacuation
[528.346s][info][gc,phases      ] GC(1277)   Pre Evacuate Collection Set: 0.51ms
[528.346s][info][gc,phases      ] GC(1277)   Merge Heap Roots: 0.22ms
[528.346s][info][gc,phases      ] GC(1277)   Evacuate Collection Set: 83.69ms
[528.346s][info][gc,phases      ] GC(1277)   Post Evacuate Collection Set: 0.60ms
[528.346s][info][gc,phases      ] GC(1277)   Other: 0.11ms
[528.346s][info][gc,heap        ] GC(1277) Eden regions: 398->0(324)
[528.346s][info][gc,heap        ] GC(1277) Survivor regions: 21->53(53)
[528.346s][info][gc,heap        ] GC(1277) Old regions: 470->489
[528.346s][info][gc,heap        ] GC(1277) Humongous regions: 9->9
[528.346s][info][gc,metaspace   ] GC(1277) Metaspace: 19052K(19264K)->19052K(19264K) NonClass: 16392K(16512K)->16392K(16512K) Class: 2660K(2752K)->2660K(2752K)
[528.346s][info][gc             ] GC(1277) Pause Young (Normal) (G1 Evacuation Pause) 897M->550M(978M) 85.413ms
[528.346s][info][gc,cpu         ] GC(1277) User=0.17s Sys=0.00s Real=0.08s
[528.733s][info][gc,start       ] GC(1278) Pause Young (Normal) (G1 Evacuation Pause)
[528.733s][info][gc,task        ] GC(1278) Using 2 workers of 2 for evacuation
[528.814s][info][gc,phases      ] GC(1278)   Pre Evacuate Collection Set: 0.54ms
[528.814s][info][gc,phases      ] GC(1278)   Merge Heap Roots: 0.24ms
[528.814s][info][gc,phases      ] GC(1278)   Evacuate Collection Set: 79.25ms
[528.814s][info][gc,phases      ] GC(1278)   Post Evacuate Collection Set: 0.56ms
[528.814s][info][gc,phases      ] GC(1278)   Other: 0.12ms
[528.814s][info][gc,heap        ] GC(1278) Eden regions: 324->0(326)
[528.814s][info][gc,heap        ] GC(1278) Survivor regions: 53->17(48)
[528.814s][info][gc,heap        ] GC(1278) Old regions: 489->543
[528.814s][info][gc,heap        ] GC(1278) Humongous regions: 9->9
[528.814s][info][gc,metaspace   ] GC(1278) Metaspace: 19052K(19264K)->19052K(19264K) NonClass: 16392K(16512K)->16392K(16512K) Class: 2660K(2752K)->2660K(2752K)
[528.814s][info][gc             ] GC(1278) Pause Young (Normal) (G1 Evacuation Pause) 874M->568M(978M) 80.952ms
[528.814s][info][gc,cpu         ] GC(1278) User=0.16s Sys=0.00s Real=0.08s
[529.034s][info][gc,marking     ] GC(1276) Concurrent Mark From Roots 1291.852ms
[529.034s][info][gc,marking     ] GC(1276) Concurrent Preclean
[529.034s][info][gc,marking     ] GC(1276) Concurrent Preclean 0.054ms
[529.034s][info][gc,start       ] GC(1276) Pause Remark
[529.042s][info][gc             ] GC(1276) Pause Remark 711M->709M(978M) 7.662ms
[529.042s][info][gc,cpu         ] GC(1276) User=0.02s Sys=0.00s Real=0.01s
[529.046s][info][gc,marking     ] GC(1276) Concurrent Mark 1303.671ms
[529.046s][info][gc,marking     ] GC(1276) Concurrent Rebuild Remembered Sets and Scrub Regions
[529.311s][info][gc,start       ] GC(1279) Pause Young (Normal) (G1 Evacuation Pause)
[529.311s][info][gc,task        ] GC(1279) Using 2 workers of 2 for evacuation
[529.365s][info][gc,phases      ] GC(1279)   Pre Evacuate Collection Set: 0.26ms
[529.365s][info][gc,phases      ] GC(1279)   Merge Heap Roots: 0.43ms
[529.365s][info][gc,phases      ] GC(1279)   Evacuate Collection Set: 53.39ms
[529.365s][info][gc,phases      ] GC(1279)   Post Evacuate Collection Set: 0.57ms
[529.365s][info][gc,phases      ] GC(1279)   Other: 0.07ms
[529.365s][info][gc,heap        ] GC(1279) Eden regions: 326->0(291)
[529.365s][info][gc,heap        ] GC(1279) Survivor regions: 17->43(43)
[529.365s][info][gc,heap        ] GC(1279) Old regions: 543->544
[529.365s][info][gc,heap        ] GC(1279) Humongous regions: 7->7
[529.365s][info][gc,metaspace   ] GC(1279) Metaspace: 19052K(19264K)->19052K(19264K) NonClass: 16392K(16512K)->16392K(16512K) Class: 2660K(2752K)->2660K(2752K)
[529.366s][info][gc             ] GC(1279) Pause Young (Normal) (G1 Evacuation Pause) 892M->593M(978M) 54.946ms
[529.366s][info][gc,cpu         ] GC(1279) User=0.11s Sys=0.00s Real=0.05s
[529.461s][info][gc,marking     ] GC(1276) Concurrent Rebuild Remembered Sets and Scrub Regions 415.355ms
[529.461s][info][gc,start       ] GC(1276) Pause Cleanup
[529.462s][info][gc             ] GC(1276) Pause Cleanup 650M->650M(978M) 0.109ms
[529.462s][info][gc,cpu         ] GC(1276) User=0.00s Sys=0.00s Real=0.00s
[529.462s][info][gc,marking     ] GC(1276) Concurrent Clear Claimed Marks
[529.462s][info][gc,marking     ] GC(1276) Concurrent Clear Claimed Marks 0.035ms
[529.462s][info][gc,marking     ] GC(1276) Concurrent Cleanup for Next Mark
[529.469s][info][gc,marking     ] GC(1276) Concurrent Cleanup for Next Mark 7.243ms
[529.469s][info][gc             ] GC(1276) Concurrent Mark Cycle 1790.737ms
[529.993s][info][gc,start       ] GC(1280) Pause Young (Prepare Mixed) (G1 Evacuation Pause)
[529.993s][info][gc,task        ] GC(1280) Using 2 workers of 2 for evacuation
[530.065s][info][gc,phases      ] GC(1280)   Pre Evacuate Collection Set: 0.32ms
[530.065s][info][gc,phases      ] GC(1280)   Merge Heap Roots: 0.34ms
[530.065s][info][gc,phases      ] GC(1280)   Evacuate Collection Set: 71.03ms
[530.065s][info][gc,phases      ] GC(1280)   Post Evacuate Collection Set: 0.55ms
[530.065s][info][gc,phases      ] GC(1280)   Other: 0.08ms
[530.065s][info][gc,heap        ] GC(1280) Eden regions: 291->0(282)
[530.065s][info][gc,heap        ] GC(1280) Survivor regions: 43->24(42)
[530.065s][info][gc,heap        ] GC(1280) Old regions: 544->588
[530.065s][info][gc,heap        ] GC(1280) Humongous regions: 7->7
[530.065s][info][gc,metaspace   ] GC(1280) Metaspace: 19052K(19264K)->19052K(19264K) NonClass: 16392K(16512K)->16392K(16512K) Class: 2660K(2752K)->2660K(2752K)
[530.065s][info][gc             ] GC(1280) Pause Young (Prepare Mixed) (G1 Evacuation Pause) 884M->617M(978M) 72.518ms
[530.065s][info][gc,cpu         ] GC(1280) User=0.14s Sys=0.00s Real=0.07s
[530.726s][info][gc,start       ] GC(1281) Pause Young (Mixed) (G1 Evacuation Pause)
[530.726s][info][gc,task        ] GC(1281) Using 2 workers of 2 for evacuation
[530.774s][info][gc,phases      ] GC(1281)   Pre Evacuate Collection Set: 0.55ms
[530.774s][info][gc,phases      ] GC(1281)   Merge Heap Roots: 0.26ms
[530.774s][info][gc,phases      ] GC(1281)   Evacuate Collection Set: 46.64ms
[530.774s][info][gc,phases      ] GC(1281)   Post Evacuate Collection Set: 0.52ms
[530.774s][info][gc,phases      ] GC(1281)   Other: 0.08ms
[530.774s][info][gc,heap        ] GC(1281) Eden regions: 282->0(300)
[530.774s][info][gc,heap        ] GC(1281) Survivor regions: 24->1(39)
[530.774s][info][gc,heap        ] GC(1281) Old regions: 588->602
[530.774s][info][gc,heap        ] GC(1281) Humongous regions: 7->7
[530.774s][info][gc,metaspace   ] GC(1281) Metaspace: 19052K(19264K)->19052K(19264K) NonClass: 16392K(16512K)->16392K(16512K) Class: 2660K(2752K)->2660K(2752K)
[530.774s][info][gc             ] GC(1281) Pause Young (Mixed) (G1 Evacuation Pause) 899M->609M(978M) 48.264ms
[530.774s][info][gc,cpu         ] GC(1281) User=0.10s Sys=0.00s Real=0.05s
[531.418s][info][gc,start       ] GC(1282) Pause Young (Concurrent Start) (G1 Evacuation Pause)
[531.418s][info][gc,task        ] GC(1282) Using 2 workers of 2 for evacuation
[531.421s][info][gc,phases      ] GC(1282)   Pre Evacuate Collection Set: 0.35ms
[531.421s][info][gc,phases      ] GC(1282)   Merge Heap Roots: 0.13ms
[531.421s][info][gc,phases      ] GC(1282)   Evacuate Collection Set: 1.00ms
[531.421s][info][gc,phases      ] GC(1282)   Post Evacuate Collection Set: 0.48ms
[531.421s][info][gc,phases      ] GC(1282)   Other: 0.22ms
[531.421s][info][gc,heap        ] GC(1282) Eden regions: 300->0(313)
[531.421s][info][gc,heap        ] GC(1282) Survivor regions: 1->1(38)
[531.421s][info][gc,heap        ] GC(1282) Old regions: 602->602
[531.421s][info][gc,heap        ] GC(1282) Humongous regions: 7->7
[531.421s][info][gc,metaspace   ] GC(1282) Metaspace: 19052K(19264K)->19052K(19264K) NonClass: 16392K(16512K)->16392K(16512K) Class: 2660K(2752K)->2660K(2752K)
[531.421s][info][gc             ] GC(1282) Pause Young (Concurrent Start) (G1 Evacuation Pause) 909M->609M(978M) 2.411ms
[531.421s][info][gc             ] GC(1283) Concurrent Mark Cycle
[531.421s][info][gc,marking     ] GC(1283) Concurrent Scan Root Regions
[531.421s][info][gc,marking     ] GC(1283) Concurrent Scan Root Regions 0.355ms
[531.421s][info][gc,marking     ] GC(1283) Concurrent Mark
[531.421s][info][gc,marking     ] GC(1283) Concurrent Mark From Roots
[531.421s][info][gc,task        ] GC(1283) Using 1 workers of 1 for marking
[531.421s][info][gc,cpu         ] GC(1282) User=0.00s Sys=0.00s Real=0.00s
[532.643s][info][gc,start       ] GC(1284) Pause Young (Normal) (G1 Evacuation Pause)
[532.643s][info][gc,task        ] GC(1284) Using 2 workers of 2 for evacuation
[532.648s][info][gc,phases      ] GC(1284)   Pre Evacuate Collection Set: 0.52ms
[532.648s][info][gc,phases      ] GC(1284)   Merge Heap Roots: 0.16ms
[532.648s][info][gc,phases      ] GC(1284)   Evacuate Collection Set: 3.73ms
[532.648s][info][gc,phases      ] GC(1284)   Post Evacuate Collection Set: 0.48ms
[532.648s][info][gc,phases      ] GC(1284)   Other: 0.10ms
[532.648s][info][gc,heap        ] GC(1284) Eden regions: 313->0(313)
[532.648s][info][gc,heap        ] GC(1284) Survivor regions: 1->3(40)
[532.648s][info][gc,heap        ] GC(1284) Old regions: 602->602
[532.648s][info][gc,heap        ] GC(1284) Humongous regions: 7->7
[532.648s][info][gc,metaspace   ] GC(1284) Metaspace: 19052K(19264K)->19052K(19264K) NonClass: 16392K(16512K)->16392K(16512K) Class: 2660K(2752K)->2660K(2752K)
[532.648s][info][gc             ] GC(1284) Pause Young (Normal) (G1 Evacuation Pause) 922M->611M(978M) 5.184ms
[532.648s][info][gc,cpu         ] GC(1284) User=0.01s Sys=0.00s Real=0.01s
[533.022s][info][gc,marking     ] GC(1283) Concurrent Mark From Roots 1600.515ms
[533.022s][info][gc,marking     ] GC(1283) Concurrent Preclean
[533.022s][info][gc,marking     ] GC(1283) Concurrent Preclean 0.053ms
[533.022s][info][gc,start       ] GC(1283) Pause Remark
[533.029s][info][gc             ] GC(1283) Pause Remark 789M->789M(978M) 7.634ms
[533.030s][info][gc,cpu         ] GC(1283) User=0.02s Sys=0.00s Real=0.01s
[533.030s][info][gc,marking     ] GC(1283) Concurrent Mark 1608.488ms
[533.030s][info][gc,marking     ] GC(1283) Concurrent Rebuild Remembered Sets and Scrub Regions
[533.244s][info][gc,start       ] GC(1285) Pause Young (Normal) (G1 Evacuation Pause)
[533.244s][info][gc,task        ] GC(1285) Using 2 workers of 2 for evacuation
[533.330s][info][gc,phases      ] GC(1285)   Pre Evacuate Collection Set: 0.48ms
[533.330s][info][gc,phases      ] GC(1285)   Merge Heap Roots: 0.25ms
[533.330s][info][gc,phases      ] GC(1285)   Evacuate Collection Set: 76.01ms
[533.330s][info][gc,phases      ] GC(1285)   Post Evacuate Collection Set: 9.90ms
[533.330s][info][gc,phases      ] GC(1285)   Other: 0.07ms
[533.330s][info][gc,heap        ] GC(1285) Eden regions: 313->0(94)
[533.330s][info][gc,heap        ] GC(1285) Survivor regions: 3->40(40)
[533.330s][info][gc,heap        ] GC(1285) Old regions: 602->747
[533.330s][info][gc,heap        ] GC(1285) Humongous regions: 7->7
[533.330s][info][gc,metaspace   ] GC(1285) Metaspace: 19052K(19264K)->19052K(19264K) NonClass: 16392K(16512K)->16392K(16512K) Class: 2660K(2752K)->2660K(2752K)
[533.330s][info][gc             ] GC(1285) Pause Young (Normal) (G1 Evacuation Pause) (Evacuation Failure: Allocation) 924M->793M(978M) 86.902ms
[533.330s][info][gc,cpu         ] GC(1285) User=0.17s Sys=0.00s Real=0.09s
[533.420s][info][gc,start       ] GC(1286) Pause Young (Normal) (G1 Evacuation Pause)
[533.420s][info][gc,task        ] GC(1286) Using 2 workers of 2 for evacuation
[533.499s][info][gc,phases      ] GC(1286)   Pre Evacuate Collection Set: 0.33ms
[533.499s][info][gc,phases      ] GC(1286)   Merge Heap Roots: 0.33ms
[533.499s][info][gc,phases      ] GC(1286)   Evacuate Collection Set: 77.30ms
[533.499s][info][gc,phases      ] GC(1286)   Post Evacuate Collection Set: 0.51ms
[533.499s][info][gc,phases      ] GC(1286)   Other: 0.08ms
[533.499s][info][gc,heap        ] GC(1286) Eden regions: 94->0(197)
[533.499s][info][gc,heap        ] GC(1286) Survivor regions: 40->17(17)
[533.499s][info][gc,heap        ] GC(1286) Old regions: 747->688
[533.499s][info][gc,heap        ] GC(1286) Humongous regions: 7->7
[533.499s][info][gc,metaspace   ] GC(1286) Metaspace: 19052K(19264K)->19052K(19264K) NonClass: 16392K(16512K)->16392K(16512K) Class: 2660K(2752K)->2660K(2752K)
[533.499s][info][gc             ] GC(1286) Pause Young (Normal) (G1 Evacuation Pause) 887M->711M(978M) 78.776ms
[533.499s][info][gc,cpu         ] GC(1286) User=0.16s Sys=0.00s Real=0.08s
[533.805s][info][gc,start       ] GC(1287) Pause Young (Normal) (G1 Evacuation Pause)
[533.806s][info][gc,task        ] GC(1287) Using 2 workers of 2 for evacuation
[533.893s][info][gc,phases      ] GC(1287)   Pre Evacuate Collection Set: 0.29ms
[533.893s][info][gc,phases      ] GC(1287)   Merge Heap Roots: 0.36ms
[533.893s][info][gc,phases      ] GC(1287)   Evacuate Collection Set: 81.93ms
[533.893s][info][gc,phases      ] GC(1287)   Post Evacuate Collection Set: 4.71ms
[533.893s][info][gc,phases      ] GC(1287)   Other: 0.07ms
[533.893s][info][gc,heap        ] GC(1287) Eden regions: 197->0(72)
[533.893s][info][gc,heap        ] GC(1287) Survivor regions: 17->27(27)
[533.893s][info][gc,heap        ] GC(1287) Old regions: 688->792
[533.893s][info][gc,heap        ] GC(1287) Humongous regions: 10->10
[533.893s][info][gc,metaspace   ] GC(1287) Metaspace: 19064K(19264K)->19064K(19264K) NonClass: 16404K(16512K)->16404K(16512K) Class: 2660K(2752K)->2660K(2752K)
[533.893s][info][gc             ] GC(1287) Pause Young (Normal) (G1 Evacuation Pause) (Evacuation Failure: Allocation) 911M->828M(978M) 87.595ms
[533.893s][info][gc,cpu         ] GC(1287) User=0.18s Sys=0.00s Real=0.09s
[533.965s][info][gc,marking     ] GC(1283) Concurrent Rebuild Remembered Sets and Scrub Regions 935.905ms
[533.966s][info][gc,start       ] GC(1283) Pause Cleanup
[533.966s][info][gc             ] GC(1283) Pause Cleanup 871M->871M(978M) 0.107ms
[533.966s][info][gc,cpu         ] GC(1283) User=0.00s Sys=0.00s Real=0.00s
[533.966s][info][gc,marking     ] GC(1283) Concurrent Clear Claimed Marks
[533.966s][info][gc,marking     ] GC(1283) Concurrent Clear Claimed Marks 0.049ms
[533.966s][info][gc,marking     ] GC(1283) Concurrent Cleanup for Next Mark
[533.971s][info][gc,marking     ] GC(1283) Concurrent Cleanup for Next Mark 4.853ms
[533.971s][info][gc             ] GC(1283) Concurrent Mark Cycle 2550.639ms
[534.000s][info][gc,start       ] GC(1288) Pause Young (Prepare Mixed) (G1 Evacuation Pause)
[534.000s][info][gc,task        ] GC(1288) Using 2 workers of 2 for evacuation
[534.054s][info][gc,phases      ] GC(1288)   Pre Evacuate Collection Set: 0.52ms
[534.054s][info][gc,phases      ] GC(1288)   Merge Heap Roots: 0.45ms
[534.054s][info][gc,phases      ] GC(1288)   Evacuate Collection Set: 52.82ms
[534.054s][info][gc,phases      ] GC(1288)   Post Evacuate Collection Set: 0.41ms
[534.054s][info][gc,phases      ] GC(1288)   Other: 0.07ms
[534.054s][info][gc,heap        ] GC(1288) Eden regions: 72->0(140)
[534.054s][info][gc,heap        ] GC(1288) Survivor regions: 27->1(13)
[534.054s][info][gc,heap        ] GC(1288) Old regions: 792->768
[534.054s][info][gc,heap        ] GC(1288) Humongous regions: 10->10
[534.054s][info][gc,metaspace   ] GC(1288) Metaspace: 19064K(19264K)->19064K(19264K) NonClass: 16404K(16512K)->16404K(16512K) Class: 2660K(2752K)->2660K(2752K)
[534.054s][info][gc             ] GC(1288) Pause Young (Prepare Mixed) (G1 Evacuation Pause) 900M->778M(978M) 54.475ms
[534.054s][info][gc,cpu         ] GC(1288) User=0.11s Sys=0.00s Real=0.05s
[534.211s][info][gc,start       ] GC(1289) Pause Young (Mixed) (G1 Evacuation Pause)
[534.211s][info][gc,task        ] GC(1289) Using 2 workers of 2 for evacuation
[534.244s][info][gc,phases      ] GC(1289)   Pre Evacuate Collection Set: 0.50ms
[534.244s][info][gc,phases      ] GC(1289)   Merge Heap Roots: 0.56ms
[534.244s][info][gc,phases      ] GC(1289)   Evacuate Collection Set: 31.25ms
[534.244s][info][gc,phases      ] GC(1289)   Post Evacuate Collection Set: 0.36ms
[534.244s][info][gc,phases      ] GC(1289)   Other: 0.06ms
[534.244s][info][gc,heap        ] GC(1289) Eden regions: 140->0(154)
[534.244s][info][gc,heap        ] GC(1289) Survivor regions: 1->1(18)
[534.244s][info][gc,heap        ] GC(1289) Old regions: 768->761
[534.244s][info][gc,heap        ] GC(1289) Humongous regions: 10->10
[534.244s][info][gc,metaspace   ] GC(1289) Metaspace: 19064K(19264K)->19064K(19264K) NonClass: 16404K(16512K)->16404K(16512K) Class: 2660K(2752K)->2660K(2752K)
[534.244s][info][gc             ] GC(1289) Pause Young (Mixed) (G1 Evacuation Pause) 918M->771M(978M) 32.948ms
[534.244s][info][gc,cpu         ] GC(1289) User=0.07s Sys=0.00s Real=0.03s
[534.408s][info][gc,start       ] GC(1290) Pause Young (Concurrent Start) (G1 Evacuation Pause)
[534.408s][info][gc,task        ] GC(1290) Using 2 workers of 2 for evacuation
[534.411s][info][gc,phases      ] GC(1290)   Pre Evacuate Collection Set: 0.29ms
[534.411s][info][gc,phases      ] GC(1290)   Merge Heap Roots: 0.08ms
[534.411s][info][gc,phases      ] GC(1290)   Evacuate Collection Set: 1.29ms
[534.411s][info][gc,phases      ] GC(1290)   Post Evacuate Collection Set: 0.35ms
[534.411s][info][gc,phases      ] GC(1290)   Other: 0.09ms
[534.411s][info][gc,heap        ] GC(1290) Eden regions: 154->0(155)
[534.411s][info][gc,heap        ] GC(1290) Survivor regions: 1->1(20)
[534.411s][info][gc,heap        ] GC(1290) Old regions: 761->761
[534.411s][info][gc,heap        ] GC(1290) Humongous regions: 10->10
[534.411s][info][gc,metaspace   ] GC(1290) Metaspace: 19064K(19264K)->19064K(19264K) NonClass: 16404K(16512K)->16404K(16512K) Class: 2660K(2752K)->2660K(2752K)
[534.411s][info][gc             ] GC(1290) Pause Young (Concurrent Start) (G1 Evacuation Pause) 925M->771M(978M) 2.287ms
[534.411s][info][gc             ] GC(1291) Concurrent Mark Cycle
[534.411s][info][gc,marking     ] GC(1291) Concurrent Scan Root Regions
[534.411s][info][gc,cpu         ] GC(1290) User=0.00s Sys=0.00s Real=0.00s
[534.412s][info][gc,marking     ] GC(1291) Concurrent Scan Root Regions 0.826ms
[534.412s][info][gc,marking     ] GC(1291) Concurrent Mark
[534.412s][info][gc,marking     ] GC(1291) Concurrent Mark From Roots
[534.412s][info][gc,task        ] GC(1291) Using 1 workers of 1 for marking
[534.737s][info][gc,start       ] GC(1292) Pause Young (Normal) (G1 Evacuation Pause)
[534.737s][info][gc,task        ] GC(1292) Using 2 workers of 2 for evacuation
[534.739s][info][gc,phases      ] GC(1292)   Pre Evacuate Collection Set: 0.31ms
[534.739s][info][gc,phases      ] GC(1292)   Merge Heap Roots: 0.07ms
[534.739s][info][gc,phases      ] GC(1292)   Evacuate Collection Set: 1.12ms
[534.739s][info][gc,phases      ] GC(1292)   Post Evacuate Collection Set: 0.33ms
[534.739s][info][gc,phases      ] GC(1292)   Other: 0.08ms
[534.739s][info][gc,heap        ] GC(1292) Eden regions: 155->0(155)
[534.739s][info][gc,heap        ] GC(1292) Survivor regions: 1->1(20)
[534.739s][info][gc,heap        ] GC(1292) Old regions: 761->761
[534.739s][info][gc,heap        ] GC(1292) Humongous regions: 10->10
[534.739s][info][gc,metaspace   ] GC(1292) Metaspace: 19064K(19264K)->19064K(19264K) NonClass: 16404K(16512K)->16404K(16512K) Class: 2660K(2752K)->2660K(2752K)
[534.739s][info][gc             ] GC(1292) Pause Young (Normal) (G1 Evacuation Pause) 926M->771M(978M) 2.159ms
[534.739s][info][gc,cpu         ] GC(1292) User=0.00s Sys=0.00s Real=0.01s
[535.066s][info][gc,start       ] GC(1293) Pause Young (Normal) (G1 Evacuation Pause)
[535.066s][info][gc,task        ] GC(1293) Using 2 workers of 2 for evacuation
[535.068s][info][gc,phases      ] GC(1293)   Pre Evacuate Collection Set: 0.29ms
[535.068s][info][gc,phases      ] GC(1293)   Merge Heap Roots: 0.07ms
[535.068s][info][gc,phases      ] GC(1293)   Evacuate Collection Set: 1.20ms
[535.068s][info][gc,phases      ] GC(1293)   Post Evacuate Collection Set: 0.34ms
[535.068s][info][gc,phases      ] GC(1293)   Other: 0.08ms
[535.068s][info][gc,heap        ] GC(1293) Eden regions: 155->0(155)
[535.068s][info][gc,heap        ] GC(1293) Survivor regions: 1->1(20)
[535.068s][info][gc,heap        ] GC(1293) Old regions: 761->761
[535.068s][info][gc,heap        ] GC(1293) Humongous regions: 10->10
[535.068s][info][gc,metaspace   ] GC(1293) Metaspace: 19064K(19264K)->19064K(19264K) NonClass: 16404K(16512K)->16404K(16512K) Class: 2660K(2752K)->2660K(2752K)
[535.068s][info][gc             ] GC(1293) Pause Young (Normal) (G1 Evacuation Pause) 926M->771M(978M) 2.166ms
[535.068s][info][gc,cpu         ] GC(1293) User=0.00s Sys=0.00s Real=0.01s
[535.250s][info][gc,marking     ] GC(1291) Concurrent Mark From Roots 838.849ms
[535.250s][info][gc,marking     ] GC(1291) Concurrent Preclean
[535.250s][info][gc,marking     ] GC(1291) Concurrent Preclean 0.056ms
[535.251s][info][gc,start       ] GC(1291) Pause Remark
[535.259s][info][gc             ] GC(1291) Pause Remark 875M->608M(978M) 7.974ms
[535.259s][info][gc,cpu         ] GC(1291) User=0.02s Sys=0.00s Real=0.01s
[535.259s][info][gc,marking     ] GC(1291) Concurrent Mark 847.512ms
[535.259s][info][gc,marking     ] GC(1291) Concurrent Rebuild Remembered Sets and Scrub Regions
[535.340s][info][gc,start       ] GC(1294) Pause Young (Normal) (G1 Evacuation Pause)
[535.340s][info][gc,task        ] GC(1294) Using 2 workers of 2 for evacuation
[535.343s][info][gc,phases      ] GC(1294)   Pre Evacuate Collection Set: 0.43ms
[535.343s][info][gc,phases      ] GC(1294)   Merge Heap Roots: 0.08ms
[535.343s][info][gc,phases      ] GC(1294)   Evacuate Collection Set: 1.68ms
[535.343s][info][gc,phases      ] GC(1294)   Post Evacuate Collection Set: 0.32ms
[535.343s][info][gc,phases      ] GC(1294)   Other: 0.08ms
[535.343s][info][gc,heap        ] GC(1294) Eden regions: 155->0(414)
[535.343s][info][gc,heap        ] GC(1294) Survivor regions: 1->1(20)
[535.343s][info][gc,heap        ] GC(1294) Old regions: 500->500
[535.343s][info][gc,heap        ] GC(1294) Humongous regions: 4->4
[535.343s][info][gc,metaspace   ] GC(1294) Metaspace: 19064K(19264K)->19064K(19264K) NonClass: 16404K(16512K)->16404K(16512K) Class: 2660K(2752K)->2660K(2752K)
[535.343s][info][gc             ] GC(1294) Pause Young (Normal) (G1 Evacuation Pause) 659M->504M(978M) 2.762ms
[535.343s][info][gc,cpu         ] GC(1294) User=0.00s Sys=0.00s Real=0.00s
[535.605s][info][gc,marking     ] GC(1291) Concurrent Rebuild Remembered Sets and Scrub Regions 346.002ms
[535.605s][info][gc,start       ] GC(1291) Pause Cleanup
[535.605s][info][gc             ] GC(1291) Pause Cleanup 659M->659M(978M) 0.155ms
[535.605s][info][gc,cpu         ] GC(1291) User=0.00s Sys=0.00s Real=0.00s
[535.608s][info][gc,marking     ] GC(1291) Concurrent Clear Claimed Marks
[535.608s][info][gc,marking     ] GC(1291) Concurrent Clear Claimed Marks 0.045ms
[535.608s][info][gc,marking     ] GC(1291) Concurrent Cleanup for Next Mark
[535.613s][info][gc,marking     ] GC(1291) Concurrent Cleanup for Next Mark 4.878ms
[535.613s][info][gc             ] GC(1291) Concurrent Mark Cycle 1202.242ms
[535.967s][info][gc,start       ] GC(1295) Pause Young (Prepare Mixed) (G1 Evacuation Pause)
[535.967s][info][gc,task        ] GC(1295) Using 2 workers of 2 for evacuation
[536.007s][info][gc,phases      ] GC(1295)   Pre Evacuate Collection Set: 0.54ms
[536.007s][info][gc,phases      ] GC(1295)   Merge Heap Roots: 0.60ms
[536.007s][info][gc,phases      ] GC(1295)   Evacuate Collection Set: 37.76ms
[536.007s][info][gc,phases      ] GC(1295)   Post Evacuate Collection Set: 0.74ms
[536.007s][info][gc,phases      ] GC(1295)   Other: 0.08ms
[536.007s][info][gc,heap        ] GC(1295) Eden regions: 414->0(383)
[536.007s][info][gc,heap        ] GC(1295) Survivor regions: 1->19(52)
[536.007s][info][gc,heap        ] GC(1295) Old regions: 500->500
[536.007s][info][gc,heap        ] GC(1295) Humongous regions: 7->7
[536.007s][info][gc,metaspace   ] GC(1295) Metaspace: 19067K(19264K)->19067K(19264K) NonClass: 16406K(16512K)->16406K(16512K) Class: 2660K(2752K)->2660K(2752K)
[536.007s][info][gc             ] GC(1295) Pause Young (Prepare Mixed) (G1 Evacuation Pause) 921M->525M(978M) 40.010ms
[536.007s][info][gc,cpu         ] GC(1295) User=0.08s Sys=0.00s Real=0.04s
[536.551s][info][gc,start       ] GC(1296) Pause Young (Mixed) (G1 Evacuation Pause)
[536.551s][info][gc,task        ] GC(1296) Using 2 workers of 2 for evacuation
[536.590s][info][gc,phases      ] GC(1296)   Pre Evacuate Collection Set: 0.56ms
[536.590s][info][gc,phases      ] GC(1296)   Merge Heap Roots: 0.50ms
[536.590s][info][gc,phases      ] GC(1296)   Evacuate Collection Set: 37.48ms
[536.590s][info][gc,phases      ] GC(1296)   Post Evacuate Collection Set: 0.86ms
[536.590s][info][gc,phases      ] GC(1296)   Other: 0.11ms
[536.590s][info][gc,heap        ] GC(1296) Eden regions: 383->0(480)
[536.590s][info][gc,heap        ] GC(1296) Survivor regions: 19->19(51)
[536.590s][info][gc,heap        ] GC(1296) Old regions: 500->403
[536.590s][info][gc,heap        ] GC(1296) Humongous regions: 7->7
[536.590s][info][gc,metaspace   ] GC(1296) Metaspace: 19067K(19264K)->19067K(19264K) NonClass: 16406K(16512K)->16406K(16512K) Class: 2660K(2752K)->2660K(2752K)
[536.591s][info][gc             ] GC(1296) Pause Young (Mixed) (G1 Evacuation Pause) 908M->428M(978M) 39.760ms
[536.591s][info][gc,cpu         ] GC(1296) User=0.08s Sys=0.00s Real=0.04s
[537.146s][info][gc,start       ] GC(1297) Pause Young (Mixed) (G1 Evacuation Pause)
[537.147s][info][gc,task        ] GC(1297) Using 2 workers of 2 for evacuation
[537.236s][info][gc,phases      ] GC(1297)   Pre Evacuate Collection Set: 0.31ms
[537.236s][info][gc,phases      ] GC(1297)   Merge Heap Roots: 0.69ms
[537.236s][info][gc,phases      ] GC(1297)   Evacuate Collection Set: 87.23ms
[537.236s][info][gc,phases      ] GC(1297)   Post Evacuate Collection Set: 0.90ms
[537.236s][info][gc,phases      ] GC(1297)   Other: 0.09ms
[537.236s][info][gc,heap        ] GC(1297) Eden regions: 480->0(432)
[537.236s][info][gc,heap        ] GC(1297) Survivor regions: 19->53(63)
[537.236s][info][gc,heap        ] GC(1297) Old regions: 403->383
[537.236s][info][gc,heap        ] GC(1297) Humongous regions: 7->7
[537.236s][info][gc,metaspace   ] GC(1297) Metaspace: 19067K(19264K)->19067K(19264K) NonClass: 16406K(16512K)->16406K(16512K) Class: 2660K(2752K)->2660K(2752K)
[537.236s][info][gc             ] GC(1297) Pause Young (Mixed) (G1 Evacuation Pause) 908M->442M(978M) 89.471ms
[537.236s][info][gc,cpu         ] GC(1297) User=0.18s Sys=0.00s Real=0.09s
[537.540s][info][gc,start       ] GC(1298) Pause Young (Concurrent Start) (G1 Evacuation Pause)
[537.540s][info][gc,task        ] GC(1298) Using 2 workers of 2 for evacuation
[537.661s][info][gc,phases      ] GC(1298)   Pre Evacuate Collection Set: 0.28ms
[537.661s][info][gc,phases      ] GC(1298)   Merge Heap Roots: 0.44ms
[537.661s][info][gc,phases      ] GC(1298)   Evacuate Collection Set: 119.78ms
[537.661s][info][gc,phases      ] GC(1298)   Post Evacuate Collection Set: 0.75ms
[537.661s][info][gc,phases      ] GC(1298)   Other: 0.11ms
[537.661s][info][gc,heap        ] GC(1298) Eden regions: 432->0(393)
[537.661s][info][gc,heap        ] GC(1298) Survivor regions: 53->46(61)
[537.661s][info][gc,heap        ] GC(1298) Old regions: 383->436
[537.661s][info][gc,heap        ] GC(1298) Humongous regions: 7->7
[537.661s][info][gc,metaspace   ] GC(1298) Metaspace: 19067K(19264K)->19067K(19264K) NonClass: 16406K(16512K)->16406K(16512K) Class: 2660K(2752K)->2660K(2752K)
[537.661s][info][gc             ] GC(1298) Pause Young (Concurrent Start) (G1 Evacuation Pause) 874M->488M(978M) 121.601ms
[537.661s][info][gc             ] GC(1299) Concurrent Mark Cycle
[537.661s][info][gc,marking     ] GC(1299) Concurrent Scan Root Regions
[537.663s][info][gc,cpu         ] GC(1298) User=0.24s Sys=0.00s Real=0.12s
[537.831s][info][gc,marking     ] GC(1299) Concurrent Scan Root Regions 169.264ms
[537.831s][info][gc,marking     ] GC(1299) Concurrent Mark
[537.831s][info][gc,marking     ] GC(1299) Concurrent Mark From Roots
[537.831s][info][gc,task        ] GC(1299) Using 1 workers of 1 for marking
[538.128s][info][gc,start       ] GC(1300) Pause Young (Normal) (G1 Evacuation Pause)
[538.128s][info][gc,task        ] GC(1300) Using 2 workers of 2 for evacuation
[538.208s][info][gc,phases      ] GC(1300)   Pre Evacuate Collection Set: 0.28ms
[538.208s][info][gc,phases      ] GC(1300)   Merge Heap Roots: 0.37ms
[538.208s][info][gc,phases      ] GC(1300)   Evacuate Collection Set: 78.65ms
[538.208s][info][gc,phases      ] GC(1300)   Post Evacuate Collection Set: 0.65ms
[538.208s][info][gc,phases      ] GC(1300)   Other: 0.09ms
[538.208s][info][gc,heap        ] GC(1300) Eden regions: 393->0(366)
[538.208s][info][gc,heap        ] GC(1300) Survivor regions: 46->30(55)
[538.208s][info][gc,heap        ] GC(1300) Old regions: 436->481
[538.208s][info][gc,heap        ] GC(1300) Humongous regions: 7->7
[538.208s][info][gc,metaspace   ] GC(1300) Metaspace: 19067K(19264K)->19067K(19264K) NonClass: 16406K(16512K)->16406K(16512K) Class: 2660K(2752K)->2660K(2752K)
[538.208s][info][gc             ] GC(1300) Pause Young (Normal) (G1 Evacuation Pause) 881M->517M(978M) 80.290ms
[538.208s][info][gc,cpu         ] GC(1300) User=0.16s Sys=0.00s Real=0.08s
[538.423s][info][gc,marking     ] GC(1299) Concurrent Mark From Roots 592.162ms
[538.423s][info][gc,marking     ] GC(1299) Concurrent Preclean
[538.423s][info][gc,marking     ] GC(1299) Concurrent Preclean 0.063ms
[538.423s][info][gc,start       ] GC(1299) Pause Remark
[538.431s][info][gc             ] GC(1299) Pause Remark 659M->527M(978M) 7.795ms
[538.431s][info][gc,cpu         ] GC(1299) User=0.02s Sys=0.00s Real=0.01s
[538.432s][info][gc,marking     ] GC(1299) Concurrent Mark 601.119ms
[538.432s][info][gc,marking     ] GC(1299) Concurrent Rebuild Remembered Sets and Scrub Regions
[538.686s][info][gc,marking     ] GC(1299) Concurrent Rebuild Remembered Sets and Scrub Regions 254.203ms
[538.686s][info][gc,start       ] GC(1299) Pause Cleanup
[538.686s][info][gc             ] GC(1299) Pause Cleanup 644M->644M(978M) 0.099ms
[538.686s][info][gc,cpu         ] GC(1299) User=0.00s Sys=0.00s Real=0.00s
[538.687s][info][gc,marking     ] GC(1299) Concurrent Clear Claimed Marks
[538.687s][info][gc,marking     ] GC(1299) Concurrent Clear Claimed Marks 0.032ms
[538.687s][info][gc,marking     ] GC(1299) Concurrent Cleanup for Next Mark
[538.689s][info][gc,marking     ] GC(1299) Concurrent Cleanup for Next Mark 2.840ms
[538.689s][info][gc             ] GC(1299) Concurrent Mark Cycle 1027.997ms
[538.815s][info][gc,start       ] GC(1301) Pause Young (Prepare Mixed) (G1 Evacuation Pause)
[538.815s][info][gc,task        ] GC(1301) Using 2 workers of 2 for evacuation
[538.864s][info][gc,phases      ] GC(1301)   Pre Evacuate Collection Set: 0.31ms
[538.864s][info][gc,phases      ] GC(1301)   Merge Heap Roots: 0.33ms
[538.864s][info][gc,phases      ] GC(1301)   Evacuate Collection Set: 47.70ms
[538.864s][info][gc,phases      ] GC(1301)   Post Evacuate Collection Set: 0.56ms
[538.864s][info][gc,phases      ] GC(1301)   Other: 0.12ms
[538.864s][info][gc,heap        ] GC(1301) Eden regions: 366->0(480)
[538.864s][info][gc,heap        ] GC(1301) Survivor regions: 30->16(50)
[538.864s][info][gc,heap        ] GC(1301) Old regions: 352->382
[538.864s][info][gc,heap        ] GC(1301) Humongous regions: 4->4
[538.864s][info][gc,metaspace   ] GC(1301) Metaspace: 19067K(19264K)->19067K(19264K) NonClass: 16406K(16512K)->16406K(16512K) Class: 2660K(2752K)->2660K(2752K)
[538.864s][info][gc             ] GC(1301) Pause Young (Prepare Mixed) (G1 Evacuation Pause) 751M->401M(978M) 49.315ms
[538.864s][info][gc,cpu         ] GC(1301) User=0.10s Sys=0.00s Real=0.05s
[539.954s][info][gc,start       ] GC(1302) Pause Young (Mixed) (G1 Evacuation Pause)
[539.954s][info][gc,task        ] GC(1302) Using 2 workers of 2 for evacuation
[539.974s][info][gc,phases      ] GC(1302)   Pre Evacuate Collection Set: 0.59ms
[539.974s][info][gc,phases      ] GC(1302)   Merge Heap Roots: 0.27ms
[539.974s][info][gc,phases      ] GC(1302)   Evacuate Collection Set: 18.24ms
[539.974s][info][gc,phases      ] GC(1302)   Post Evacuate Collection Set: 0.69ms
[539.974s][info][gc,phases      ] GC(1302)   Other: 0.11ms
[539.974s][info][gc,heap        ] GC(1302) Eden regions: 480->0(518)
[539.974s][info][gc,heap        ] GC(1302) Survivor regions: 16->16(62)
[539.974s][info][gc,heap        ] GC(1302) Old regions: 382->362
[539.974s][info][gc,heap        ] GC(1302) Humongous regions: 4->4
[539.974s][info][gc,metaspace   ] GC(1302) Metaspace: 19067K(19264K)->19067K(19264K) NonClass: 16406K(16512K)->16406K(16512K) Class: 2660K(2752K)->2660K(2752K)
[539.974s][info][gc             ] GC(1302) Pause Young (Mixed) (G1 Evacuation Pause) 881M->380M(978M) 20.133ms
[539.974s][info][gc,cpu         ] GC(1302) User=0.04s Sys=0.00s Real=0.02s
[540.642s][info][gc,start       ] GC(1303) Pause Young (Concurrent Start) (G1 Evacuation Pause)
[540.642s][info][gc,task        ] GC(1303) Using 2 workers of 2 for evacuation
[540.783s][info][gc,phases      ] GC(1303)   Pre Evacuate Collection Set: 0.31ms
[540.783s][info][gc,phases      ] GC(1303)   Merge Heap Roots: 0.25ms
[540.783s][info][gc,phases      ] GC(1303)   Evacuate Collection Set: 122.79ms
[540.783s][info][gc,phases      ] GC(1303)   Post Evacuate Collection Set: 16.70ms
[540.783s][info][gc,phases      ] GC(1303)   Other: 0.13ms
[540.783s][info][gc,heap        ] GC(1303) Eden regions: 518->0(242)
[540.783s][info][gc,heap        ] GC(1303) Survivor regions: 16->67(67)
[540.783s][info][gc,heap        ] GC(1303) Old regions: 362->548
[540.783s][info][gc,heap        ] GC(1303) Humongous regions: 4->4
[540.783s][info][gc,metaspace   ] GC(1303) Metaspace: 19067K(19264K)->19067K(19264K) NonClass: 16406K(16512K)->16406K(16512K) Class: 2660K(2752K)->2660K(2752K)
[540.783s][info][gc             ] GC(1303) Pause Young (Concurrent Start) (G1 Evacuation Pause) (Evacuation Failure: Allocation) 898M->618M(978M) 140.439ms
[540.783s][info][gc             ] GC(1304) Concurrent Mark Cycle
[540.783s][info][gc,marking     ] GC(1304) Concurrent Scan Root Regions
[540.785s][info][gc,cpu         ] GC(1303) User=0.28s Sys=0.00s Real=0.14s
[540.876s][info][gc,marking     ] GC(1304) Concurrent Scan Root Regions 93.271ms
[540.876s][info][gc,marking     ] GC(1304) Concurrent Mark
[540.876s][info][gc,marking     ] GC(1304) Concurrent Mark From Roots
[540.876s][info][gc,task        ] GC(1304) Using 1 workers of 1 for marking
[541.707s][info][gc,start       ] GC(1305) Pause Young (Normal) (G1 Evacuation Pause)
[541.707s][info][gc,task        ] GC(1305) Using 2 workers of 2 for evacuation
[541.851s][info][gc,phases      ] GC(1305)   Pre Evacuate Collection Set: 0.56ms
[541.851s][info][gc,phases      ] GC(1305)   Merge Heap Roots: 0.68ms
[541.851s][info][gc,phases      ] GC(1305)   Evacuate Collection Set: 135.07ms
[541.851s][info][gc,phases      ] GC(1305)   Post Evacuate Collection Set: 7.17ms
[541.851s][info][gc,phases      ] GC(1305)   Other: 0.13ms
[541.851s][info][gc,heap        ] GC(1305) Eden regions: 242->0(272)
[541.851s][info][gc,heap        ] GC(1305) Survivor regions: 67->25(39)
[541.851s][info][gc,heap        ] GC(1305) Old regions: 548->590
[541.851s][info][gc,heap        ] GC(1305) Humongous regions: 4->4
[541.851s][info][gc,metaspace   ] GC(1305) Metaspace: 19067K(19264K)->19067K(19264K) NonClass: 16406K(16512K)->16406K(16512K) Class: 2660K(2752K)->2660K(2752K)
[541.851s][info][gc             ] GC(1305) Pause Young (Normal) (G1 Evacuation Pause) (Evacuation Failure: Allocation) 860M->618M(978M) 143.901ms
[541.851s][info][gc,cpu         ] GC(1305) User=0.28s Sys=0.00s Real=0.14s
[542.170s][info][gc,marking     ] GC(1304) Concurrent Mark From Roots 1294.193ms
[542.170s][info][gc,marking     ] GC(1304) Concurrent Preclean
[542.170s][info][gc,marking     ] GC(1304) Concurrent Preclean 0.060ms
[542.171s][info][gc,start       ] GC(1304) Pause Remark
[542.179s][info][gc             ] GC(1304) Pause Remark 842M->842M(978M) 8.344ms
[542.179s][info][gc,cpu         ] GC(1304) User=0.01s Sys=0.00s Real=0.01s
[542.181s][info][gc,marking     ] GC(1304) Concurrent Mark 1304.926ms
[542.181s][info][gc,marking     ] GC(1304) Concurrent Rebuild Remembered Sets and Scrub Regions
[542.315s][info][gc,start       ] GC(1306) Pause Young (Normal) (G1 Evacuation Pause)
[542.315s][info][gc,task        ] GC(1306) Using 2 workers of 2 for evacuation
[542.498s][info][gc,phases      ] GC(1306)   Pre Evacuate Collection Set: 0.52ms
[542.498s][info][gc,phases      ] GC(1306)   Merge Heap Roots: 1.19ms
[542.498s][info][gc,phases      ] GC(1306)   Evacuate Collection Set: 163.28ms
[542.498s][info][gc,phases      ] GC(1306)   Post Evacuate Collection Set: 17.66ms
[542.498s][info][gc,phases      ] GC(1306)   Other: 0.12ms
[542.498s][info][gc,heap        ] GC(1306) Eden regions: 272->0(61)
[542.498s][info][gc,heap        ] GC(1306) Survivor regions: 25->37(38)
[542.498s][info][gc,heap        ] GC(1306) Old regions: 590->783
[542.498s][info][gc,heap        ] GC(1306) Humongous regions: 10->10
[542.498s][info][gc,metaspace   ] GC(1306) Metaspace: 19067K(19264K)->19067K(19264K) NonClass: 16406K(16512K)->16406K(16512K) Class: 2660K(2752K)->2660K(2752K)
[542.498s][info][gc             ] GC(1306) Pause Young (Normal) (G1 Evacuation Pause) (Evacuation Failure: Allocation) 896M->829M(978M) 183.026ms
[542.498s][info][gc,cpu         ] GC(1306) User=0.36s Sys=0.00s Real=0.19s
[542.665s][info][gc,start       ] GC(1307) Pause Young (Normal) (G1 Evacuation Pause)
[542.665s][info][gc,task        ] GC(1307) Using 2 workers of 2 for evacuation
[542.759s][info][gc,phases      ] GC(1307)   Pre Evacuate Collection Set: 0.58ms
[542.759s][info][gc,phases      ] GC(1307)   Merge Heap Roots: 1.35ms
[542.759s][info][gc,phases      ] GC(1307)   Evacuate Collection Set: 91.02ms
[542.759s][info][gc,phases      ] GC(1307)   Post Evacuate Collection Set: 0.68ms
[542.759s][info][gc,phases      ] GC(1307)   Other: 0.08ms
[542.759s][info][gc,heap        ] GC(1307) Eden regions: 61->0(267)
[542.759s][info][gc,heap        ] GC(1307) Survivor regions: 37->2(13)
[542.759s][info][gc,heap        ] GC(1307) Old regions: 783->604
[542.759s][info][gc,heap        ] GC(1307) Humongous regions: 10->10
[542.759s][info][gc,metaspace   ] GC(1307) Metaspace: 19067K(19264K)->19067K(19264K) NonClass: 16406K(16512K)->16406K(16512K) Class: 2660K(2752K)->2660K(2752K)
[542.759s][info][gc             ] GC(1307) Pause Young (Normal) (G1 Evacuation Pause) 890M->615M(978M) 93.952ms
[542.759s][info][gc,cpu         ] GC(1307) User=0.18s Sys=0.00s Real=0.10s
[542.964s][info][gc,marking     ] GC(1304) Concurrent Rebuild Remembered Sets and Scrub Regions 782.870ms
[542.965s][info][gc,start       ] GC(1304) Pause Cleanup
[542.965s][info][gc             ] GC(1304) Pause Cleanup 724M->724M(978M) 0.123ms
[542.965s][info][gc,cpu         ] GC(1304) User=0.00s Sys=0.00s Real=0.00s
[542.965s][info][gc,marking     ] GC(1304) Concurrent Clear Claimed Marks
[542.965s][info][gc,marking     ] GC(1304) Concurrent Clear Claimed Marks 0.048ms
[542.965s][info][gc,marking     ] GC(1304) Concurrent Cleanup for Next Mark
[542.972s][info][gc,marking     ] GC(1304) Concurrent Cleanup for Next Mark 6.899ms
[542.972s][info][gc             ] GC(1304) Concurrent Mark Cycle 2189.153ms
[543.189s][info][gc,start       ] GC(1308) Pause Young (Prepare Mixed) (G1 Evacuation Pause)
[543.189s][info][gc,task        ] GC(1308) Using 2 workers of 2 for evacuation
[543.221s][info][gc,phases      ] GC(1308)   Pre Evacuate Collection Set: 0.30ms
[543.221s][info][gc,phases      ] GC(1308)   Merge Heap Roots: 0.44ms
[543.221s][info][gc,phases      ] GC(1308)   Evacuate Collection Set: 30.58ms
[543.221s][info][gc,phases      ] GC(1308)   Post Evacuate Collection Set: 0.62ms
[543.221s][info][gc,phases      ] GC(1308)   Other: 0.09ms
[543.221s][info][gc,heap        ] GC(1308) Eden regions: 267->0(267)
[543.221s][info][gc,heap        ] GC(1308) Survivor regions: 2->12(34)
[543.221s][info][gc,heap        ] GC(1308) Old regions: 604->603
[543.221s][info][gc,heap        ] GC(1308) Humongous regions: 13->13
[543.221s][info][gc,metaspace   ] GC(1308) Metaspace: 19067K(19264K)->19067K(19264K) NonClass: 16406K(16512K)->16406K(16512K) Class: 2660K(2752K)->2660K(2752K)
[543.221s][info][gc             ] GC(1308) Pause Young (Prepare Mixed) (G1 Evacuation Pause) 885M->627M(978M) 32.320ms
[543.221s][info][gc,cpu         ] GC(1308) User=0.07s Sys=0.00s Real=0.03s
[543.612s][info][gc,start       ] GC(1309) Pause Young (Mixed) (G1 Evacuation Pause)
[543.612s][info][gc,task        ] GC(1309) Using 2 workers of 2 for evacuation
[543.636s][info][gc,phases      ] GC(1309)   Pre Evacuate Collection Set: 0.31ms
[543.636s][info][gc,phases      ] GC(1309)   Merge Heap Roots: 0.31ms
[543.636s][info][gc,phases      ] GC(1309)   Evacuate Collection Set: 23.05ms
[543.636s][info][gc,phases      ] GC(1309)   Post Evacuate Collection Set: 0.60ms
[543.636s][info][gc,phases      ] GC(1309)   Other: 0.10ms
[543.636s][info][gc,heap        ] GC(1309) Eden regions: 267->0(282)
[543.636s][info][gc,heap        ] GC(1309) Survivor regions: 12->12(35)
[543.636s][info][gc,heap        ] GC(1309) Old regions: 603->594
[543.636s][info][gc,heap        ] GC(1309) Humongous regions: 13->13
[543.636s][info][gc,metaspace   ] GC(1309) Metaspace: 19067K(19264K)->19067K(19264K) NonClass: 16406K(16512K)->16406K(16512K) Class: 2660K(2752K)->2660K(2752K)
[543.636s][info][gc             ] GC(1309) Pause Young (Mixed) (G1 Evacuation Pause) 894M->618M(978M) 24.648ms
[543.636s][info][gc,cpu         ] GC(1309) User=0.05s Sys=0.00s Real=0.02s
[544.048s][info][gc,start       ] GC(1310) Pause Young (Concurrent Start) (G1 Evacuation Pause)
[544.048s][info][gc,task        ] GC(1310) Using 2 workers of 2 for evacuation
[544.073s][info][gc,phases      ] GC(1310)   Pre Evacuate Collection Set: 0.31ms
[544.073s][info][gc,phases      ] GC(1310)   Merge Heap Roots: 0.31ms
[544.073s][info][gc,phases      ] GC(1310)   Evacuate Collection Set: 22.91ms
[544.073s][info][gc,phases      ] GC(1310)   Post Evacuate Collection Set: 0.65ms
[544.073s][info][gc,phases      ] GC(1310)   Other: 0.13ms
[544.073s][info][gc,heap        ] GC(1310) Eden regions: 282->0(293)
[544.073s][info][gc,heap        ] GC(1310) Survivor regions: 12->12(37)
[544.073s][info][gc,heap        ] GC(1310) Old regions: 594->594
[544.073s][info][gc,heap        ] GC(1310) Humongous regions: 13->13
[544.073s][info][gc,metaspace   ] GC(1310) Metaspace: 19067K(19264K)->19067K(19264K) NonClass: 16406K(16512K)->16406K(16512K) Class: 2660K(2752K)->2660K(2752K)
[544.073s][info][gc             ] GC(1310) Pause Young (Concurrent Start) (G1 Evacuation Pause) 900M->617M(978M) 24.571ms
[544.073s][info][gc             ] GC(1311) Concurrent Mark Cycle
[544.073s][info][gc,marking     ] GC(1311) Concurrent Scan Root Regions
[544.073s][info][gc,cpu         ] GC(1310) User=0.05s Sys=0.00s Real=0.02s
[544.114s][info][gc,marking     ] GC(1311) Concurrent Scan Root Regions 40.888ms
[544.114s][info][gc,marking     ] GC(1311) Concurrent Mark
[544.114s][info][gc,marking     ] GC(1311) Concurrent Mark From Roots
[544.114s][info][gc,task        ] GC(1311) Using 1 workers of 1 for marking
[545.094s][info][gc,start       ] GC(1312) Pause Young (Normal) (G1 Evacuation Pause)
[545.094s][info][gc,task        ] GC(1312) Using 2 workers of 2 for evacuation
[545.120s][info][gc,phases      ] GC(1312)   Pre Evacuate Collection Set: 0.29ms
[545.120s][info][gc,phases      ] GC(1312)   Merge Heap Roots: 0.34ms
[545.120s][info][gc,phases      ] GC(1312)   Evacuate Collection Set: 24.24ms
[545.120s][info][gc,phases      ] GC(1312)   Post Evacuate Collection Set: 0.57ms
[545.120s][info][gc,phases      ] GC(1312)   Other: 0.10ms
[545.120s][info][gc,heap        ] GC(1312) Eden regions: 293->0(297)
[545.120s][info][gc,heap        ] GC(1312) Survivor regions: 12->12(39)
[545.120s][info][gc,heap        ] GC(1312) Old regions: 594->594
[545.120s][info][gc,heap        ] GC(1312) Humongous regions: 13->13
[545.120s][info][gc,metaspace   ] GC(1312) Metaspace: 19067K(19264K)->19067K(19264K) NonClass: 16406K(16512K)->16406K(16512K) Class: 2660K(2752K)->2660K(2752K)
[545.120s][info][gc             ] GC(1312) Pause Young (Normal) (G1 Evacuation Pause) 910M->617M(978M) 25.830ms
[545.120s][info][gc,cpu         ] GC(1312) User=0.05s Sys=0.00s Real=0.03s
[545.322s][info][gc,marking     ] GC(1311) Concurrent Mark From Roots 1208.152ms
[545.322s][info][gc,marking     ] GC(1311) Concurrent Preclean
[545.322s][info][gc,marking     ] GC(1311) Concurrent Preclean 0.068ms
[545.322s][info][gc,start       ] GC(1311) Pause Remark
[545.330s][info][gc             ] GC(1311) Pause Remark 671M->615M(978M) 7.801ms
[545.330s][info][gc,cpu         ] GC(1311) User=0.02s Sys=0.00s Real=0.01s
[545.330s][info][gc,marking     ] GC(1311) Concurrent Mark 1216.327ms
[545.330s][info][gc,marking     ] GC(1311) Concurrent Rebuild Remembered Sets and Scrub Regions
[545.740s][info][gc,start       ] GC(1313) Pause Young (Normal) (G1 Evacuation Pause)
[545.740s][info][gc,task        ] GC(1313) Using 2 workers of 2 for evacuation
[545.792s][info][gc,phases      ] GC(1313)   Pre Evacuate Collection Set: 0.29ms
[545.792s][info][gc,phases      ] GC(1313)   Merge Heap Roots: 0.46ms
[545.792s][info][gc,phases      ] GC(1313)   Evacuate Collection Set: 50.80ms
[545.792s][info][gc,phases      ] GC(1313)   Post Evacuate Collection Set: 0.61ms
[545.792s][info][gc,phases      ] GC(1313)   Other: 0.13ms
[545.792s][info][gc,heap        ] GC(1313) Eden regions: 297->0(305)
[545.792s][info][gc,heap        ] GC(1313) Survivor regions: 12->36(39)
[545.792s][info][gc,heap        ] GC(1313) Old regions: 544->544
[545.792s][info][gc,heap        ] GC(1313) Humongous regions: 7->7
[545.792s][info][gc,metaspace   ] GC(1313) Metaspace: 19067K(19264K)->19067K(19264K) NonClass: 16406K(16512K)->16406K(16512K) Class: 2660K(2752K)->2660K(2752K)
[545.792s][info][gc             ] GC(1313) Pause Young (Normal) (G1 Evacuation Pause) 858M->586M(978M) 52.558ms
[545.792s][info][gc,cpu         ] GC(1313) User=0.11s Sys=0.00s Real=0.05s
[545.803s][info][gc,marking     ] GC(1311) Concurrent Rebuild Remembered Sets and Scrub Regions 472.999ms
[545.803s][info][gc,start       ] GC(1311) Pause Cleanup
[545.803s][info][gc             ] GC(1311) Pause Cleanup 591M->591M(978M) 0.122ms
[545.803s][info][gc,cpu         ] GC(1311) User=0.00s Sys=0.00s Real=0.00s
[545.803s][info][gc,marking     ] GC(1311) Concurrent Clear Claimed Marks
[545.804s][info][gc,marking     ] GC(1311) Concurrent Clear Claimed Marks 0.029ms
[545.804s][info][gc,marking     ] GC(1311) Concurrent Cleanup for Next Mark
[545.806s][info][gc,marking     ] GC(1311) Concurrent Cleanup for Next Mark 2.886ms
[545.806s][info][gc             ] GC(1311) Concurrent Mark Cycle 1733.596ms
[546.060s][info][gc,start       ] GC(1314) Pause Young (Prepare Mixed) (G1 Evacuation Pause)
[546.060s][info][gc,task        ] GC(1314) Using 2 workers of 2 for evacuation
[546.118s][info][gc,phases      ] GC(1314)   Pre Evacuate Collection Set: 0.50ms
[546.118s][info][gc,phases      ] GC(1314)   Merge Heap Roots: 0.37ms
[546.118s][info][gc,phases      ] GC(1314)   Evacuate Collection Set: 56.26ms
[546.118s][info][gc,phases      ] GC(1314)   Post Evacuate Collection Set: 0.55ms
[546.118s][info][gc,phases      ] GC(1314)   Other: 0.08ms
[546.118s][info][gc,heap        ] GC(1314) Eden regions: 305->0(314)
[546.118s][info][gc,heap        ] GC(1314) Survivor regions: 36->9(43)
[546.118s][info][gc,heap        ] GC(1314) Old regions: 544->580
[546.118s][info][gc,heap        ] GC(1314) Humongous regions: 7->7
[546.118s][info][gc,metaspace   ] GC(1314) Metaspace: 19067K(19264K)->19067K(19264K) NonClass: 16406K(16512K)->16406K(16512K) Class: 2660K(2752K)->2660K(2752K)
[546.118s][info][gc             ] GC(1314) Pause Young (Prepare Mixed) (G1 Evacuation Pause) 891M->594M(978M) 58.039ms
[546.118s][info][gc,cpu         ] GC(1314) User=0.11s Sys=0.00s Real=0.06s
[546.580s][info][gc,start       ] GC(1315) Pause Young (Mixed) (G1 Evacuation Pause)
[546.580s][info][gc,task        ] GC(1315) Using 2 workers of 2 for evacuation
[546.613s][info][gc,phases      ] GC(1315)   Pre Evacuate Collection Set: 0.38ms
[546.613s][info][gc,phases      ] GC(1315)   Merge Heap Roots: 0.48ms
[546.613s][info][gc,phases      ] GC(1315)   Evacuate Collection Set: 31.55ms
[546.613s][info][gc,phases      ] GC(1315)   Post Evacuate Collection Set: 0.62ms
[546.613s][info][gc,phases      ] GC(1315)   Other: 0.13ms
[546.613s][info][gc,heap        ] GC(1315) Eden regions: 314->0(371)
[546.613s][info][gc,heap        ] GC(1315) Survivor regions: 9->17(41)
[546.613s][info][gc,heap        ] GC(1315) Old regions: 580->488
[546.613s][info][gc,heap        ] GC(1315) Humongous regions: 7->7
[546.613s][info][gc,metaspace   ] GC(1315) Metaspace: 19067K(19264K)->19067K(19264K) NonClass: 16406K(16512K)->16406K(16512K) Class: 2660K(2752K)->2660K(2752K)
[546.613s][info][gc             ] GC(1315) Pause Young (Mixed) (G1 Evacuation Pause) 908M->510M(978M) 33.445ms
[546.613s][info][gc,cpu         ] GC(1315) User=0.07s Sys=0.00s Real=0.03s
[547.229s][info][gc,start       ] GC(1316) Pause Young (Concurrent Start) (G1 Evacuation Pause)
[547.229s][info][gc,task        ] GC(1316) Using 2 workers of 2 for evacuation
[547.261s][info][gc,phases      ] GC(1316)   Pre Evacuate Collection Set: 0.31ms
[547.261s][info][gc,phases      ] GC(1316)   Merge Heap Roots: 0.21ms
[547.261s][info][gc,phases      ] GC(1316)   Evacuate Collection Set: 30.23ms
[547.261s][info][gc,phases      ] GC(1316)   Post Evacuate Collection Set: 0.61ms
[547.261s][info][gc,phases      ] GC(1316)   Other: 0.11ms
[547.261s][info][gc,heap        ] GC(1316) Eden regions: 371->0(368)
[547.261s][info][gc,heap        ] GC(1316) Survivor regions: 17->29(49)
[547.261s][info][gc,heap        ] GC(1316) Old regions: 488->488
[547.261s][info][gc,heap        ] GC(1316) Humongous regions: 7->7
[547.261s][info][gc,metaspace   ] GC(1316) Metaspace: 19067K(19264K)->19067K(19264K) NonClass: 16406K(16512K)->16406K(16512K) Class: 2660K(2752K)->2660K(2752K)
[547.261s][info][gc             ] GC(1316) Pause Young (Concurrent Start) (G1 Evacuation Pause) 881M->522M(978M) 31.723ms
[547.261s][info][gc,cpu         ] GC(1316) User=0.06s Sys=0.00s Real=0.03s
[547.261s][info][gc             ] GC(1317) Concurrent Mark Cycle
[547.261s][info][gc,marking     ] GC(1317) Concurrent Scan Root Regions
[547.313s][info][gc,marking     ] GC(1317) Concurrent Scan Root Regions 52.175ms
[547.313s][info][gc,marking     ] GC(1317) Concurrent Mark
[547.313s][info][gc,marking     ] GC(1317) Concurrent Mark From Roots
[547.313s][info][gc,task        ] GC(1317) Using 1 workers of 1 for marking
[548.233s][info][gc,start       ] GC(1318) Pause Young (Normal) (G1 Evacuation Pause)
[548.233s][info][gc,task        ] GC(1318) Using 2 workers of 2 for evacuation
[548.309s][info][gc,phases      ] GC(1318)   Pre Evacuate Collection Set: 0.28ms
[548.310s][info][gc,phases      ] GC(1318)   Merge Heap Roots: 0.19ms
[548.310s][info][gc,phases      ] GC(1318)   Evacuate Collection Set: 74.99ms
[548.310s][info][gc,phases      ] GC(1318)   Post Evacuate Collection Set: 0.74ms
[548.310s][info][gc,phases      ] GC(1318)   Other: 0.08ms
[548.310s][info][gc,heap        ] GC(1318) Eden regions: 368->0(300)
[548.310s][info][gc,heap        ] GC(1318) Survivor regions: 29->50(50)
[548.310s][info][gc,heap        ] GC(1318) Old regions: 488->521
[548.310s][info][gc,heap        ] GC(1318) Humongous regions: 7->7
[548.310s][info][gc,metaspace   ] GC(1318) Metaspace: 19067K(19264K)->19067K(19264K) NonClass: 16406K(16512K)->16406K(16512K) Class: 2660K(2752K)->2660K(2752K)
[548.310s][info][gc             ] GC(1318) Pause Young (Normal) (G1 Evacuation Pause) 890M->577M(978M) 76.537ms
[548.310s][info][gc,cpu         ] GC(1318) User=0.15s Sys=0.00s Real=0.08s
[548.674s][info][gc,marking     ] GC(1317) Concurrent Mark From Roots 1360.783ms
[548.674s][info][gc,marking     ] GC(1317) Concurrent Preclean
[548.674s][info][gc,marking     ] GC(1317) Concurrent Preclean 0.055ms
[548.674s][info][gc,start       ] GC(1317) Pause Remark
[548.682s][info][gc             ] GC(1317) Pause Remark 692M->692M(978M) 7.987ms
[548.682s][info][gc,cpu         ] GC(1317) User=0.01s Sys=0.00s Real=0.01s
[548.682s][info][gc,marking     ] GC(1317) Concurrent Mark 1369.159ms
[548.682s][info][gc,marking     ] GC(1317) Concurrent Rebuild Remembered Sets and Scrub Regions
[549.078s][info][gc,marking     ] GC(1317) Concurrent Rebuild Remembered Sets and Scrub Regions 395.886ms
[549.078s][info][gc,start       ] GC(1317) Pause Cleanup
[549.078s][info][gc             ] GC(1317) Pause Cleanup 869M->869M(978M) 0.096ms
[549.078s][info][gc,cpu         ] GC(1317) User=0.00s Sys=0.00s Real=0.00s
[549.080s][info][gc,marking     ] GC(1317) Concurrent Clear Claimed Marks
[549.080s][info][gc,marking     ] GC(1317) Concurrent Clear Claimed Marks 0.045ms
[549.080s][info][gc,marking     ] GC(1317) Concurrent Cleanup for Next Mark
[549.085s][info][gc,marking     ] GC(1317) Concurrent Cleanup for Next Mark 4.854ms
[549.085s][info][gc             ] GC(1317) Concurrent Mark Cycle 1823.917ms
[549.095s][info][gc,start       ] GC(1319) Pause Young (Prepare Mixed) (G1 Evacuation Pause)
[549.095s][info][gc,task        ] GC(1319) Using 2 workers of 2 for evacuation
[549.169s][info][gc,phases      ] GC(1319)   Pre Evacuate Collection Set: 0.49ms
[549.169s][info][gc,phases      ] GC(1319)   Merge Heap Roots: 0.81ms
[549.169s][info][gc,phases      ] GC(1319)   Evacuate Collection Set: 72.03ms
[549.169s][info][gc,phases      ] GC(1319)   Post Evacuate Collection Set: 0.64ms
[549.169s][info][gc,phases      ] GC(1319)   Other: 0.08ms
[549.169s][info][gc,heap        ] GC(1319) Eden regions: 300->0(300)
[549.169s][info][gc,heap        ] GC(1319) Survivor regions: 50->11(44)
[549.169s][info][gc,heap        ] GC(1319) Old regions: 521->571
[549.169s][info][gc,heap        ] GC(1319) Humongous regions: 10->10
[549.169s][info][gc,metaspace   ] GC(1319) Metaspace: 19067K(19264K)->19067K(19264K) NonClass: 16406K(16512K)->16406K(16512K) Class: 2660K(2752K)->2660K(2752K)
[549.169s][info][gc             ] GC(1319) Pause Young (Prepare Mixed) (G1 Evacuation Pause) 880M->591M(978M) 74.272ms
[549.169s][info][gc,cpu         ] GC(1319) User=0.14s Sys=0.00s Real=0.08s
[549.596s][info][gc,start       ] GC(1320) Pause Young (Mixed) (G1 Evacuation Pause)
[549.596s][info][gc,task        ] GC(1320) Using 2 workers of 2 for evacuation
[549.638s][info][gc,phases      ] GC(1320)   Pre Evacuate Collection Set: 0.34ms
[549.638s][info][gc,phases      ] GC(1320)   Merge Heap Roots: 0.47ms
[549.638s][info][gc,phases      ] GC(1320)   Evacuate Collection Set: 40.12ms
[549.638s][info][gc,phases      ] GC(1320)   Post Evacuate Collection Set: 0.64ms
[549.638s][info][gc,phases      ] GC(1320)   Other: 0.10ms
[549.638s][info][gc,heap        ] GC(1320) Eden regions: 300->0(320)
[549.638s][info][gc,heap        ] GC(1320) Survivor regions: 11->11(39)
[549.638s][info][gc,heap        ] GC(1320) Old regions: 571->564
[549.638s][info][gc,heap        ] GC(1320) Humongous regions: 10->10
[549.638s][info][gc,metaspace   ] GC(1320) Metaspace: 19067K(19264K)->19067K(19264K) NonClass: 16406K(16512K)->16406K(16512K) Class: 2660K(2752K)->2660K(2752K)
[549.638s][info][gc             ] GC(1320) Pause Young (Mixed) (G1 Evacuation Pause) 891M->584M(978M) 41.918ms
[549.638s][info][gc,cpu         ] GC(1320) User=0.08s Sys=0.00s Real=0.05s
[550.065s][info][gc,start       ] GC(1321) Pause Young (Concurrent Start) (G1 Evacuation Pause)
[550.065s][info][gc,task        ] GC(1321) Using 2 workers of 2 for evacuation
[550.115s][info][gc,phases      ] GC(1321)   Pre Evacuate Collection Set: 0.30ms
[550.115s][info][gc,phases      ] GC(1321)   Merge Heap Roots: 0.42ms
[550.115s][info][gc,phases      ] GC(1321)   Evacuate Collection Set: 48.00ms
[550.115s][info][gc,phases      ] GC(1321)   Post Evacuate Collection Set: 0.69ms
[550.115s][info][gc,phases      ] GC(1321)   Other: 0.12ms
[550.115s][info][gc,heap        ] GC(1321) Eden regions: 320->0(290)
[550.115s][info][gc,heap        ] GC(1321) Survivor regions: 11->32(42)
[550.115s][info][gc,heap        ] GC(1321) Old regions: 564->564
[550.115s][info][gc,heap        ] GC(1321) Humongous regions: 10->10
[550.115s][info][gc,metaspace   ] GC(1321) Metaspace: 19067K(19264K)->19067K(19264K) NonClass: 16406K(16512K)->16406K(16512K) Class: 2660K(2752K)->2660K(2752K)
[550.115s][info][gc             ] GC(1321) Pause Young (Concurrent Start) (G1 Evacuation Pause) 904M->605M(978M) 49.779ms
[550.115s][info][gc             ] GC(1322) Concurrent Mark Cycle
[550.115s][info][gc,marking     ] GC(1322) Concurrent Scan Root Regions
[550.117s][info][gc,cpu         ] GC(1321) User=0.10s Sys=0.00s Real=0.06s
[550.197s][info][gc,marking     ] GC(1322) Concurrent Scan Root Regions 81.932ms
[550.197s][info][gc,marking     ] GC(1322) Concurrent Mark
[550.197s][info][gc,marking     ] GC(1322) Concurrent Mark From Roots
[550.197s][info][gc,task        ] GC(1322) Using 1 workers of 1 for marking
[550.482s][info][gc,start       ] GC(1323) Pause Young (Normal) (G1 Evacuation Pause)
[550.482s][info][gc,task        ] GC(1323) Using 2 workers of 2 for evacuation
[550.608s][info][gc,phases      ] GC(1323)   Pre Evacuate Collection Set: 0.29ms
[550.608s][info][gc,phases      ] GC(1323)   Merge Heap Roots: 0.47ms
[550.608s][info][gc,phases      ] GC(1323)   Evacuate Collection Set: 119.35ms
[550.608s][info][gc,phases      ] GC(1323)   Post Evacuate Collection Set: 5.50ms
[550.608s][info][gc,phases      ] GC(1323)   Other: 0.07ms
[550.608s][info][gc,heap        ] GC(1323) Eden regions: 290->0(145)
[550.608s][info][gc,heap        ] GC(1323) Survivor regions: 32->41(41)
[550.608s][info][gc,heap        ] GC(1323) Old regions: 564->691
[550.608s][info][gc,heap        ] GC(1323) Humongous regions: 10->10
[550.608s][info][gc,metaspace   ] GC(1323) Metaspace: 19067K(19264K)->19067K(19264K) NonClass: 16406K(16512K)->16406K(16512K) Class: 2660K(2752K)->2660K(2752K)
[550.608s][info][gc             ] GC(1323) Pause Young (Normal) (G1 Evacuation Pause) (Evacuation Failure: Allocation) 895M->741M(978M) 125.939ms
[550.608s][info][gc,cpu         ] GC(1323) User=0.25s Sys=0.00s Real=0.13s
[550.801s][info][gc,start       ] GC(1324) Pause Young (Normal) (G1 Evacuation Pause)
[550.801s][info][gc,task        ] GC(1324) Using 2 workers of 2 for evacuation
[550.864s][info][gc,phases      ] GC(1324)   Pre Evacuate Collection Set: 0.38ms
[550.864s][info][gc,phases      ] GC(1324)   Merge Heap Roots: 0.42ms
[550.864s][info][gc,phases      ] GC(1324)   Evacuate Collection Set: 62.17ms
[550.864s][info][gc,phases      ] GC(1324)   Post Evacuate Collection Set: 0.48ms
[550.864s][info][gc,phases      ] GC(1324)   Other: 0.10ms
[550.864s][info][gc,heap        ] GC(1324) Eden regions: 145->0(225)
[550.864s][info][gc,heap        ] GC(1324) Survivor regions: 41->9(24)
[550.864s][info][gc,heap        ] GC(1324) Old regions: 691->658
[550.864s][info][gc,heap        ] GC(1324) Humongous regions: 10->10
[550.864s][info][gc,metaspace   ] GC(1324) Metaspace: 19067K(19264K)->19067K(19264K) NonClass: 16406K(16512K)->16406K(16512K) Class: 2660K(2752K)->2660K(2752K)
[550.864s][info][gc             ] GC(1324) Pause Young (Normal) (G1 Evacuation Pause) 886M->675M(978M) 63.786ms
[550.864s][info][gc,cpu         ] GC(1324) User=0.13s Sys=0.00s Real=0.06s
[551.099s][info][gc,start       ] GC(1325) Pause Young (Normal) (G1 Evacuation Pause)
[551.100s][info][gc,task        ] GC(1325) Using 2 workers of 2 for evacuation
[551.128s][info][gc,phases      ] GC(1325)   Pre Evacuate Collection Set: 0.31ms
[551.129s][info][gc,phases      ] GC(1325)   Merge Heap Roots: 0.23ms
[551.129s][info][gc,phases      ] GC(1325)   Evacuate Collection Set: 27.90ms
[551.129s][info][gc,phases      ] GC(1325)   Post Evacuate Collection Set: 0.46ms
[551.129s][info][gc,phases      ] GC(1325)   Other: 0.10ms
[551.129s][info][gc,heap        ] GC(1325) Eden regions: 225->0(218)
[551.129s][info][gc,heap        ] GC(1325) Survivor regions: 9->21(30)
[551.129s][info][gc,heap        ] GC(1325) Old regions: 658->658
[551.129s][info][gc,heap        ] GC(1325) Humongous regions: 10->10
[551.129s][info][gc,metaspace   ] GC(1325) Metaspace: 19067K(19264K)->19067K(19264K) NonClass: 16406K(16512K)->16406K(16512K) Class: 2660K(2752K)->2660K(2752K)
[551.129s][info][gc             ] GC(1325) Pause Young (Normal) (G1 Evacuation Pause) 900M->688M(978M) 29.248ms
[551.129s][info][gc,cpu         ] GC(1325) User=0.05s Sys=0.00s Real=0.03s
[551.366s][info][gc,start       ] GC(1326) Pause Young (Normal) (G1 Evacuation Pause)
[551.367s][info][gc,task        ] GC(1326) Using 2 workers of 2 for evacuation
[551.405s][info][gc,phases      ] GC(1326)   Pre Evacuate Collection Set: 0.30ms
[551.405s][info][gc,phases      ] GC(1326)   Merge Heap Roots: 0.36ms
[551.405s][info][gc,phases      ] GC(1326)   Evacuate Collection Set: 37.21ms
[551.405s][info][gc,phases      ] GC(1326)   Post Evacuate Collection Set: 0.46ms
[551.405s][info][gc,phases      ] GC(1326)   Other: 0.11ms
[551.405s][info][gc,heap        ] GC(1326) Eden regions: 218->0(214)
[551.405s][info][gc,heap        ] GC(1326) Survivor regions: 21->19(30)
[551.405s][info][gc,heap        ] GC(1326) Old regions: 658->666
[551.405s][info][gc,heap        ] GC(1326) Humongous regions: 10->10
[551.405s][info][gc,metaspace   ] GC(1326) Metaspace: 19067K(19264K)->19067K(19264K) NonClass: 16406K(16512K)->16406K(16512K) Class: 2660K(2752K)->2660K(2752K)
[551.405s][info][gc             ] GC(1326) Pause Young (Normal) (G1 Evacuation Pause) 906M->694M(978M) 38.706ms
[551.405s][info][gc,cpu         ] GC(1326) User=0.08s Sys=0.00s Real=0.04s
[551.677s][info][gc,marking     ] GC(1322) Concurrent Mark From Roots 1480.607ms
[551.677s][info][gc,marking     ] GC(1322) Concurrent Preclean
[551.677s][info][gc,marking     ] GC(1322) Concurrent Preclean 0.055ms
[551.678s][info][gc,start       ] GC(1322) Pause Remark
[551.686s][info][gc             ] GC(1322) Pause Remark 906M->822M(978M) 7.939ms
[551.686s][info][gc,cpu         ] GC(1322) User=0.02s Sys=0.00s Real=0.00s
[551.686s][info][gc,marking     ] GC(1322) Concurrent Mark 1488.919ms
[551.686s][info][gc,marking     ] GC(1322) Concurrent Rebuild Remembered Sets and Scrub Regions
[551.688s][info][gc,start       ] GC(1327) Pause Young (Normal) (G1 Evacuation Pause)
[551.688s][info][gc,task        ] GC(1327) Using 2 workers of 2 for evacuation
[551.729s][info][gc,phases      ] GC(1327)   Pre Evacuate Collection Set: 0.42ms
[551.729s][info][gc,phases      ] GC(1327)   Merge Heap Roots: 0.40ms
[551.729s][info][gc,phases      ] GC(1327)   Evacuate Collection Set: 39.66ms
[551.729s][info][gc,phases      ] GC(1327)   Post Evacuate Collection Set: 0.44ms
[551.729s][info][gc,phases      ] GC(1327)   Other: 0.06ms
[551.729s][info][gc,heap        ] GC(1327) Eden regions: 214->0(283)
[551.729s][info][gc,heap        ] GC(1327) Survivor regions: 19->15(30)
[551.729s][info][gc,heap        ] GC(1327) Old regions: 585->599
[551.729s][info][gc,heap        ] GC(1327) Humongous regions: 7->7
[551.729s][info][gc,metaspace   ] GC(1327) Metaspace: 19067K(19264K)->19067K(19264K) NonClass: 16406K(16512K)->16406K(16512K) Class: 2660K(2752K)->2660K(2752K)
[551.729s][info][gc             ] GC(1327) Pause Young (Normal) (G1 Evacuation Pause) 824M->619M(978M) 41.145ms
[551.729s][info][gc,cpu         ] GC(1327) User=0.08s Sys=0.00s Real=0.04s
[552.268s][info][gc,marking     ] GC(1322) Concurrent Rebuild Remembered Sets and Scrub Regions 582.430ms
[552.268s][info][gc,start       ] GC(1322) Pause Cleanup
[552.268s][info][gc             ] GC(1322) Pause Cleanup 894M->894M(978M) 0.145ms
[552.268s][info][gc,cpu         ] GC(1322) User=0.00s Sys=0.00s Real=0.00s
[552.269s][info][gc,marking     ] GC(1322) Concurrent Clear Claimed Marks
[552.269s][info][gc,marking     ] GC(1322) Concurrent Clear Claimed Marks 0.038ms
[552.269s][info][gc,marking     ] GC(1322) Concurrent Cleanup for Next Mark
[552.271s][info][gc,marking     ] GC(1322) Concurrent Cleanup for Next Mark 2.833ms
[552.271s][info][gc             ] GC(1322) Concurrent Mark Cycle 2156.731ms
[552.282s][info][gc,start       ] GC(1328) Pause Young (Prepare Mixed) (G1 Evacuation Pause)
[552.282s][info][gc,task        ] GC(1328) Using 2 workers of 2 for evacuation
[552.317s][info][gc,phases      ] GC(1328)   Pre Evacuate Collection Set: 0.27ms
[552.317s][info][gc,phases      ] GC(1328)   Merge Heap Roots: 0.27ms
[552.317s][info][gc,phases      ] GC(1328)   Evacuate Collection Set: 33.87ms
[552.317s][info][gc,phases      ] GC(1328)   Post Evacuate Collection Set: 0.53ms
[552.317s][info][gc,phases      ] GC(1328)   Other: 0.08ms
[552.317s][info][gc,heap        ] GC(1328) Eden regions: 283->0(262)
[552.317s][info][gc,heap        ] GC(1328) Survivor regions: 15->30(38)
[552.317s][info][gc,heap        ] GC(1328) Old regions: 599->599
[552.317s][info][gc,heap        ] GC(1328) Humongous regions: 7->7
[552.317s][info][gc,metaspace   ] GC(1328) Metaspace: 19067K(19264K)->19067K(19264K) NonClass: 16406K(16512K)->16406K(16512K) Class: 2660K(2752K)->2660K(2752K)
[552.317s][info][gc             ] GC(1328) Pause Young (Prepare Mixed) (G1 Evacuation Pause) 902M->635M(978M) 35.182ms
[552.317s][info][gc,cpu         ] GC(1328) User=0.06s Sys=0.00s Real=0.04s
[552.821s][info][gc,start       ] GC(1329) Pause Young (Mixed) (G1 Evacuation Pause)
[552.822s][info][gc,task        ] GC(1329) Using 2 workers of 2 for evacuation
[552.927s][info][gc,phases      ] GC(1329)   Pre Evacuate Collection Set: 0.32ms
[552.928s][info][gc,phases      ] GC(1329)   Merge Heap Roots: 0.86ms
[552.928s][info][gc,phases      ] GC(1329)   Evacuate Collection Set: 82.12ms
[552.928s][info][gc,phases      ] GC(1329)   Merge Optional Heap Roots: 0.17ms
[552.928s][info][gc,phases      ] GC(1329)   Evacuate Optional Collection Set: 21.56ms
[552.928s][info][gc,phases      ] GC(1329)   Post Evacuate Collection Set: 0.84ms
[552.928s][info][gc,phases      ] GC(1329)   Other: 0.10ms
[552.928s][info][gc,heap        ] GC(1329) Eden regions: 262->0(272)
[552.928s][info][gc,heap        ] GC(1329) Survivor regions: 30->36(37)
[552.928s][info][gc,heap        ] GC(1329) Old regions: 599->577
[552.928s][info][gc,heap        ] GC(1329) Humongous regions: 7->7
[552.928s][info][gc,metaspace   ] GC(1329) Metaspace: 19067K(19264K)->19067K(19264K) NonClass: 16406K(16512K)->16406K(16512K) Class: 2660K(2752K)->2660K(2752K)
[552.928s][info][gc             ] GC(1329) Pause Young (Mixed) (G1 Evacuation Pause) 897M->619M(978M) 106.249ms
[552.928s][info][gc,cpu         ] GC(1329) User=0.20s Sys=0.00s Real=0.11s
[553.337s][info][gc,start       ] GC(1330) Pause Young (Concurrent Start) (G1 Evacuation Pause)
[553.337s][info][gc,task        ] GC(1330) Using 2 workers of 2 for evacuation
[553.439s][info][gc,phases      ] GC(1330)   Pre Evacuate Collection Set: 0.47ms
[553.439s][info][gc,phases      ] GC(1330)   Merge Heap Roots: 0.60ms
[553.439s][info][gc,phases      ] GC(1330)   Evacuate Collection Set: 94.55ms
[553.439s][info][gc,phases      ] GC(1330)   Post Evacuate Collection Set: 5.81ms
[553.439s][info][gc,phases      ] GC(1330)   Other: 0.21ms
[553.439s][info][gc,heap        ] GC(1330) Eden regions: 272->0(105)
[553.439s][info][gc,heap        ] GC(1330) Survivor regions: 36->39(39)
[553.439s][info][gc,heap        ] GC(1330) Old regions: 577->738
[553.439s][info][gc,heap        ] GC(1330) Humongous regions: 7->7
[553.439s][info][gc,metaspace   ] GC(1330) Metaspace: 19067K(19264K)->19067K(19264K) NonClass: 16407K(16512K)->16407K(16512K) Class: 2660K(2752K)->2660K(2752K)
[553.439s][info][gc             ] GC(1330) Pause Young (Concurrent Start) (G1 Evacuation Pause) (Evacuation Failure: Allocation) 891M->783M(978M) 101.945ms
[553.439s][info][gc,cpu         ] GC(1330) User=0.20s Sys=0.00s Real=0.10s
[553.439s][info][gc             ] GC(1331) Concurrent Mark Cycle
[553.439s][info][gc,marking     ] GC(1331) Concurrent Scan Root Regions
[553.547s][info][gc,marking     ] GC(1331) Concurrent Scan Root Regions 108.154ms
[553.547s][info][gc,marking     ] GC(1331) Concurrent Mark
[553.547s][info][gc,marking     ] GC(1331) Concurrent Mark From Roots
[553.547s][info][gc,task        ] GC(1331) Using 1 workers of 1 for marking
[553.668s][info][gc,start       ] GC(1332) Pause Young (Normal) (G1 Evacuation Pause)
[553.668s][info][gc,task        ] GC(1332) Using 2 workers of 2 for evacuation
[553.714s][info][gc,phases      ] GC(1332)   Pre Evacuate Collection Set: 0.37ms
[553.714s][info][gc,phases      ] GC(1332)   Merge Heap Roots: 0.37ms
[553.714s][info][gc,phases      ] GC(1332)   Evacuate Collection Set: 45.05ms
[553.714s][info][gc,phases      ] GC(1332)   Post Evacuate Collection Set: 0.46ms
[553.714s][info][gc,phases      ] GC(1332)   Other: 0.10ms
[553.714s][info][gc,heap        ] GC(1332) Eden regions: 105->0(214)
[553.714s][info][gc,heap        ] GC(1332) Survivor regions: 39->1(18)
[553.714s][info][gc,heap        ] GC(1332) Old regions: 738->678
[553.714s][info][gc,heap        ] GC(1332) Humongous regions: 7->7
[553.714s][info][gc,metaspace   ] GC(1332) Metaspace: 19067K(19264K)->19067K(19264K) NonClass: 16407K(16512K)->16407K(16512K) Class: 2660K(2752K)->2660K(2752K)
[553.714s][info][gc             ] GC(1332) Pause Young (Normal) (G1 Evacuation Pause) 888M->685M(978M) 46.592ms
[553.714s][info][gc,cpu         ] GC(1332) User=0.09s Sys=0.01s Real=0.04s
[554.115s][info][gc,start       ] GC(1333) Pause Young (Normal) (G1 Evacuation Pause)
[554.115s][info][gc,task        ] GC(1333) Using 2 workers of 2 for evacuation
[554.119s][info][gc,phases      ] GC(1333)   Pre Evacuate Collection Set: 0.30ms
[554.119s][info][gc,phases      ] GC(1333)   Merge Heap Roots: 0.14ms
[554.119s][info][gc,phases      ] GC(1333)   Evacuate Collection Set: 3.05ms
[554.119s][info][gc,phases      ] GC(1333)   Post Evacuate Collection Set: 0.42ms
[554.119s][info][gc,phases      ] GC(1333)   Other: 0.08ms
[554.119s][info][gc,heap        ] GC(1333) Eden regions: 214->0(226)
[554.119s][info][gc,heap        ] GC(1333) Survivor regions: 1->1(27)
[554.119s][info][gc,heap        ] GC(1333) Old regions: 678->678
[554.119s][info][gc,heap        ] GC(1333) Humongous regions: 7->7
[554.119s][info][gc,metaspace   ] GC(1333) Metaspace: 19067K(19264K)->19067K(19264K) NonClass: 16407K(16512K)->16407K(16512K) Class: 2660K(2752K)->2660K(2752K)
[554.119s][info][gc             ] GC(1333) Pause Young (Normal) (G1 Evacuation Pause) 899M->685M(978M) 4.189ms
[554.119s][info][gc,cpu         ] GC(1333) User=0.00s Sys=0.00s Real=0.01s
[554.550s][info][gc,start       ] GC(1334) Pause Young (Normal) (G1 Evacuation Pause)
[554.550s][info][gc,task        ] GC(1334) Using 2 workers of 2 for evacuation
[554.558s][info][gc,phases      ] GC(1334)   Pre Evacuate Collection Set: 0.52ms
[554.558s][info][gc,phases      ] GC(1334)   Merge Heap Roots: 0.19ms
[554.558s][info][gc,phases      ] GC(1334)   Evacuate Collection Set: 6.20ms
[554.558s][info][gc,phases      ] GC(1334)   Post Evacuate Collection Set: 0.44ms
[554.558s][info][gc,phases      ] GC(1334)   Other: 0.10ms
[554.558s][info][gc,heap        ] GC(1334) Eden regions: 226->0(234)
[554.558s][info][gc,heap        ] GC(1334) Survivor regions: 1->3(29)
[554.558s][info][gc,heap        ] GC(1334) Old regions: 678->678
[554.558s][info][gc,heap        ] GC(1334) Humongous regions: 7->7
[554.558s][info][gc,metaspace   ] GC(1334) Metaspace: 19067K(19264K)->19067K(19264K) NonClass: 16407K(16512K)->16407K(16512K) Class: 2660K(2752K)->2660K(2752K)
[554.558s][info][gc             ] GC(1334) Pause Young (Normal) (G1 Evacuation Pause) 911M->687M(978M) 7.662ms
[554.558s][info][gc,cpu         ] GC(1334) User=0.02s Sys=0.00s Real=0.01s
[555.179s][info][gc,start       ] GC(1335) Pause Young (Normal) (G1 Evacuation Pause)
[555.179s][info][gc,task        ] GC(1335) Using 2 workers of 2 for evacuation
[555.214s][info][gc,phases      ] GC(1335)   Pre Evacuate Collection Set: 0.30ms
[555.214s][info][gc,phases      ] GC(1335)   Merge Heap Roots: 0.37ms
[555.214s][info][gc,phases      ] GC(1335)   Evacuate Collection Set: 33.45ms
[555.214s][info][gc,phases      ] GC(1335)   Post Evacuate Collection Set: 0.56ms
[555.214s][info][gc,phases      ] GC(1335)   Other: 0.08ms
[555.214s][info][gc,heap        ] GC(1335) Eden regions: 234->0(204)
[555.214s][info][gc,heap        ] GC(1335) Survivor regions: 3->18(30)
[555.214s][info][gc,heap        ] GC(1335) Old regions: 678->678
[555.214s][info][gc,heap        ] GC(1335) Humongous regions: 10->10
[555.214s][info][gc,metaspace   ] GC(1335) Metaspace: 19070K(19264K)->19070K(19264K) NonClass: 16410K(16512K)->16410K(16512K) Class: 2660K(2752K)->2660K(2752K)
[555.214s][info][gc             ] GC(1335) Pause Young (Normal) (G1 Evacuation Pause) 924M->704M(978M) 35.057ms
[555.214s][info][gc,cpu         ] GC(1335) User=0.07s Sys=0.00s Real=0.03s
[555.456s][info][gc,marking     ] GC(1331) Concurrent Mark From Roots 1908.992ms
[555.456s][info][gc,marking     ] GC(1331) Concurrent Preclean
[555.456s][info][gc,marking     ] GC(1331) Concurrent Preclean 0.056ms
[555.457s][info][gc,start       ] GC(1331) Pause Remark
[555.464s][info][gc             ] GC(1331) Pause Remark 820M->820M(978M) 7.807ms
[555.464s][info][gc,cpu         ] GC(1331) User=0.01s Sys=0.00s Real=0.01s
[555.465s][info][gc,marking     ] GC(1331) Concurrent Mark 1917.200ms
[555.465s][info][gc,marking     ] GC(1331) Concurrent Rebuild Remembered Sets and Scrub Regions
[555.599s][info][gc,start       ] GC(1336) Pause Young (Normal) (G1 Evacuation Pause)
[555.599s][info][gc,task        ] GC(1336) Using 2 workers of 2 for evacuation
[555.666s][info][gc,phases      ] GC(1336)   Pre Evacuate Collection Set: 0.50ms
[555.666s][info][gc,phases      ] GC(1336)   Merge Heap Roots: 0.64ms
[555.666s][info][gc,phases      ] GC(1336)   Evacuate Collection Set: 65.28ms
[555.666s][info][gc,phases      ] GC(1336)   Post Evacuate Collection Set: 0.44ms
[555.666s][info][gc,phases      ] GC(1336)   Other: 0.09ms
[555.666s][info][gc,heap        ] GC(1336) Eden regions: 204->0(166)
[555.666s][info][gc,heap        ] GC(1336) Survivor regions: 18->28(28)
[555.666s][info][gc,heap        ] GC(1336) Old regions: 678->696
[555.666s][info][gc,heap        ] GC(1336) Humongous regions: 10->10
[555.666s][info][gc,metaspace   ] GC(1336) Metaspace: 19070K(19264K)->19070K(19264K) NonClass: 16410K(16512K)->16410K(16512K) Class: 2660K(2752K)->2660K(2752K)
[555.666s][info][gc             ] GC(1336) Pause Young (Normal) (G1 Evacuation Pause) 908M->733M(978M) 67.192ms
[555.666s][info][gc,cpu         ] GC(1336) User=0.13s Sys=0.00s Real=0.06s
[555.906s][info][gc,start       ] GC(1337) Pause Young (Normal) (G1 Evacuation Pause)
[555.906s][info][gc,task        ] GC(1337) Using 2 workers of 2 for evacuation
[555.958s][info][gc,phases      ] GC(1337)   Pre Evacuate Collection Set: 0.47ms
[555.958s][info][gc,phases      ] GC(1337)   Merge Heap Roots: 0.21ms
[555.958s][info][gc,phases      ] GC(1337)   Evacuate Collection Set: 50.71ms
[555.958s][info][gc,phases      ] GC(1337)   Post Evacuate Collection Set: 0.43ms
[555.958s][info][gc,phases      ] GC(1337)   Other: 0.07ms
[555.958s][info][gc,heap        ] GC(1337) Eden regions: 166->0(176)
[555.958s][info][gc,heap        ] GC(1337) Survivor regions: 28->9(25)
[555.958s][info][gc,heap        ] GC(1337) Old regions: 696->724
[555.958s][info][gc,heap        ] GC(1337) Humongous regions: 10->10
[555.958s][info][gc,metaspace   ] GC(1337) Metaspace: 19070K(19264K)->19070K(19264K) NonClass: 16410K(16512K)->16410K(16512K) Class: 2660K(2752K)->2660K(2752K)
[555.958s][info][gc             ] GC(1337) Pause Young (Normal) (G1 Evacuation Pause) 899M->742M(978M) 52.097ms
[555.958s][info][gc,cpu         ] GC(1337) User=0.08s Sys=0.00s Real=0.06s
[556.210s][info][gc,marking     ] GC(1331) Concurrent Rebuild Remembered Sets and Scrub Regions 745.785ms
[556.211s][info][gc,start       ] GC(1331) Pause Cleanup
[556.211s][info][gc             ] GC(1331) Pause Cleanup 852M->852M(978M) 0.116ms
[556.211s][info][gc,cpu         ] GC(1331) User=0.00s Sys=0.00s Real=0.00s
[556.211s][info][gc,marking     ] GC(1331) Concurrent Clear Claimed Marks
[556.211s][info][gc,marking     ] GC(1331) Concurrent Clear Claimed Marks 0.030ms
[556.211s][info][gc,marking     ] GC(1331) Concurrent Cleanup for Next Mark
[556.214s][info][gc,marking     ] GC(1331) Concurrent Cleanup for Next Mark 2.875ms
[556.214s][info][gc             ] GC(1331) Concurrent Mark Cycle 2775.102ms
[556.303s][info][gc,start       ] GC(1338) Pause Young (Prepare Mixed) (G1 Evacuation Pause)
[556.303s][info][gc,task        ] GC(1338) Using 2 workers of 2 for evacuation
[556.322s][info][gc,phases      ] GC(1338)   Pre Evacuate Collection Set: 0.27ms
[556.322s][info][gc,phases      ] GC(1338)   Merge Heap Roots: 0.22ms
[556.322s][info][gc,phases      ] GC(1338)   Evacuate Collection Set: 17.67ms
[556.322s][info][gc,phases      ] GC(1338)   Post Evacuate Collection Set: 0.40ms
[556.322s][info][gc,phases      ] GC(1338)   Other: 0.08ms
[556.322s][info][gc,heap        ] GC(1338) Eden regions: 176->0(170)
[556.322s][info][gc,heap        ] GC(1338) Survivor regions: 9->12(24)
[556.322s][info][gc,heap        ] GC(1338) Old regions: 724->724
[556.322s][info][gc,heap        ] GC(1338) Humongous regions: 10->10
[556.322s][info][gc,metaspace   ] GC(1338) Metaspace: 19071K(19264K)->19071K(19264K) NonClass: 16411K(16512K)->16411K(16512K) Class: 2660K(2752K)->2660K(2752K)
[556.322s][info][gc             ] GC(1338) Pause Young (Prepare Mixed) (G1 Evacuation Pause) 918M->745M(978M) 18.841ms
[556.322s][info][gc,cpu         ] GC(1338) User=0.04s Sys=0.00s Real=0.02s
[556.434s][info][gc,start       ] GC(1339) Pause Young (Mixed) (G1 Evacuation Pause)
[556.434s][info][gc,task        ] GC(1339) Using 2 workers of 2 for evacuation
[556.461s][info][gc,phases      ] GC(1339)   Pre Evacuate Collection Set: 0.25ms
[556.461s][info][gc,phases      ] GC(1339)   Merge Heap Roots: 0.36ms
[556.461s][info][gc,phases      ] GC(1339)   Evacuate Collection Set: 25.57ms
[556.461s][info][gc,phases      ] GC(1339)   Post Evacuate Collection Set: 0.40ms
[556.461s][info][gc,phases      ] GC(1339)   Other: 0.07ms
[556.461s][info][gc,heap        ] GC(1339) Eden regions: 170->0(177)
[556.461s][info][gc,heap        ] GC(1339) Survivor regions: 12->12(23)
[556.461s][info][gc,heap        ] GC(1339) Old regions: 724->717
[556.461s][info][gc,heap        ] GC(1339) Humongous regions: 10->10
[556.461s][info][gc,metaspace   ] GC(1339) Metaspace: 19071K(19264K)->19071K(19264K) NonClass: 16411K(16512K)->16411K(16512K) Class: 2660K(2752K)->2660K(2752K)
[556.461s][info][gc             ] GC(1339) Pause Young (Mixed) (G1 Evacuation Pause) 915M->737M(978M) 26.825ms
[556.461s][info][gc,cpu         ] GC(1339) User=0.05s Sys=0.00s Real=0.03s
[556.703s][info][gc,start       ] GC(1340) Pause Young (Concurrent Start) (G1 Evacuation Pause)
[556.703s][info][gc,task        ] GC(1340) Using 2 workers of 2 for evacuation
[556.725s][info][gc,phases      ] GC(1340)   Pre Evacuate Collection Set: 0.35ms
[556.725s][info][gc,phases      ] GC(1340)   Merge Heap Roots: 0.16ms
[556.725s][info][gc,phases      ] GC(1340)   Evacuate Collection Set: 20.65ms
[556.725s][info][gc,phases      ] GC(1340)   Post Evacuate Collection Set: 0.42ms
[556.725s][info][gc,phases      ] GC(1340)   Other: 0.08ms
[556.725s][info][gc,heap        ] GC(1340) Eden regions: 177->0(163)
[556.725s][info][gc,heap        ] GC(1340) Survivor regions: 12->19(24)
[556.725s][info][gc,heap        ] GC(1340) Old regions: 717->717
[556.725s][info][gc,heap        ] GC(1340) Humongous regions: 10->10
[556.725s][info][gc,metaspace   ] GC(1340) Metaspace: 19071K(19264K)->19071K(19264K) NonClass: 16411K(16512K)->16411K(16512K) Class: 2660K(2752K)->2660K(2752K)
[556.725s][info][gc             ] GC(1340) Pause Young (Concurrent Start) (G1 Evacuation Pause) 914M->745M(978M) 21.860ms
[556.725s][info][gc,cpu         ] GC(1340) User=0.04s Sys=0.00s Real=0.02s
[556.725s][info][gc             ] GC(1341) Concurrent Mark Cycle
[556.725s][info][gc,marking     ] GC(1341) Concurrent Scan Root Regions
[556.760s][info][gc,marking     ] GC(1341) Concurrent Scan Root Regions 34.774ms
[556.760s][info][gc,marking     ] GC(1341) Concurrent Mark
[556.760s][info][gc,marking     ] GC(1341) Concurrent Mark From Roots
[556.760s][info][gc,task        ] GC(1341) Using 1 workers of 1 for marking
[557.092s][info][gc,start       ] GC(1342) Pause Young (Normal) (G1 Evacuation Pause)
[557.092s][info][gc,task        ] GC(1342) Using 2 workers of 2 for evacuation
[557.136s][info][gc,phases      ] GC(1342)   Pre Evacuate Collection Set: 0.50ms
[557.136s][info][gc,phases      ] GC(1342)   Merge Heap Roots: 0.24ms
[557.136s][info][gc,phases      ] GC(1342)   Evacuate Collection Set: 42.28ms
[557.136s][info][gc,phases      ] GC(1342)   Post Evacuate Collection Set: 0.41ms
[557.136s][info][gc,phases      ] GC(1342)   Other: 0.07ms
[557.136s][info][gc,heap        ] GC(1342) Eden regions: 163->0(138)
[557.136s][info][gc,heap        ] GC(1342) Survivor regions: 19->23(23)
[557.136s][info][gc,heap        ] GC(1342) Old regions: 717->734
[557.136s][info][gc,heap        ] GC(1342) Humongous regions: 10->10
[557.136s][info][gc,metaspace   ] GC(1342) Metaspace: 19071K(19264K)->19071K(19264K) NonClass: 16411K(16512K)->16411K(16512K) Class: 2660K(2752K)->2660K(2752K)
[557.136s][info][gc             ] GC(1342) Pause Young (Normal) (G1 Evacuation Pause) 908M->766M(978M) 43.727ms
[557.136s][info][gc,cpu         ] GC(1342) User=0.08s Sys=0.00s Real=0.04s
[557.647s][info][gc,start       ] GC(1343) Pause Young (Normal) (G1 Evacuation Pause)
[557.647s][info][gc,task        ] GC(1343) Using 2 workers of 2 for evacuation
[557.671s][info][gc,phases      ] GC(1343)   Pre Evacuate Collection Set: 0.54ms
[557.671s][info][gc,phases      ] GC(1343)   Merge Heap Roots: 0.15ms
[557.671s][info][gc,phases      ] GC(1343)   Evacuate Collection Set: 23.22ms
[557.671s][info][gc,phases      ] GC(1343)   Post Evacuate Collection Set: 0.38ms
[557.671s][info][gc,phases      ] GC(1343)   Other: 0.10ms
[557.671s][info][gc,heap        ] GC(1343) Eden regions: 138->0(159)
[557.671s][info][gc,heap        ] GC(1343) Survivor regions: 23->1(21)
[557.671s][info][gc,heap        ] GC(1343) Old regions: 734->757
[557.671s][info][gc,heap        ] GC(1343) Humongous regions: 10->10
[557.671s][info][gc,metaspace   ] GC(1343) Metaspace: 19071K(19264K)->19071K(19264K) NonClass: 16411K(16512K)->16411K(16512K) Class: 2660K(2752K)->2660K(2752K)
[557.671s][info][gc             ] GC(1343) Pause Young (Normal) (G1 Evacuation Pause) 904M->767M(978M) 24.594ms
[557.671s][info][gc,cpu         ] GC(1343) User=0.05s Sys=0.00s Real=0.03s
[558.370s][info][gc,start       ] GC(1344) Pause Young (Normal) (G1 Evacuation Pause)
[558.370s][info][gc,task        ] GC(1344) Using 2 workers of 2 for evacuation
[558.372s][info][gc,phases      ] GC(1344)   Pre Evacuate Collection Set: 0.49ms
[558.372s][info][gc,phases      ] GC(1344)   Merge Heap Roots: 0.08ms
[558.372s][info][gc,phases      ] GC(1344)   Evacuate Collection Set: 0.62ms
[558.372s][info][gc,phases      ] GC(1344)   Post Evacuate Collection Set: 0.33ms
[558.372s][info][gc,phases      ] GC(1344)   Other: 0.06ms
[558.372s][info][gc,heap        ] GC(1344) Eden regions: 159->0(159)
[558.372s][info][gc,heap        ] GC(1344) Survivor regions: 1->1(20)
[558.372s][info][gc,heap        ] GC(1344) Old regions: 757->757
[558.372s][info][gc,heap        ] GC(1344) Humongous regions: 10->10
[558.372s][info][gc,metaspace   ] GC(1344) Metaspace: 19071K(19264K)->19071K(19264K) NonClass: 16411K(16512K)->16411K(16512K) Class: 2660K(2752K)->2660K(2752K)
[558.372s][info][gc             ] GC(1344) Pause Young (Normal) (G1 Evacuation Pause) 926M->767M(978M) 1.768ms
[558.372s][info][gc,cpu         ] GC(1344) User=0.00s Sys=0.00s Real=0.00s
[558.616s][info][gc,marking     ] GC(1341) Concurrent Mark From Roots 1856.047ms
[558.616s][info][gc,marking     ] GC(1341) Concurrent Preclean
[558.616s][info][gc,marking     ] GC(1341) Concurrent Preclean 0.059ms
[558.618s][info][gc,start       ] GC(1341) Pause Remark
[558.626s][info][gc             ] GC(1341) Pause Remark 812M->671M(978M) 8.000ms
[558.626s][info][gc,cpu         ] GC(1341) User=0.01s Sys=0.00s Real=0.00s
[558.626s][info][gc,marking     ] GC(1341) Concurrent Mark 1866.116ms
[558.626s][info][gc,marking     ] GC(1341) Concurrent Rebuild Remembered Sets and Scrub Regions
[559.238s][info][gc,marking     ] GC(1341) Concurrent Rebuild Remembered Sets and Scrub Regions 612.159ms
[559.238s][info][gc,start       ] GC(1341) Pause Cleanup
[559.239s][info][gc             ] GC(1341) Pause Cleanup 678M->678M(978M) 0.092ms
[559.239s][info][gc,cpu         ] GC(1341) User=0.00s Sys=0.00s Real=0.00s
[559.239s][info][gc,marking     ] GC(1341) Concurrent Clear Claimed Marks
[559.239s][info][gc,marking     ] GC(1341) Concurrent Clear Claimed Marks 0.031ms
[559.239s][info][gc,marking     ] GC(1341) Concurrent Cleanup for Next Mark
[559.241s][info][gc,marking     ] GC(1341) Concurrent Cleanup for Next Mark 2.805ms
[559.241s][info][gc             ] GC(1341) Concurrent Mark Cycle 2516.376ms
[559.861s][info][gc,start       ] GC(1345) Pause Young (Prepare Mixed) (G1 Evacuation Pause)
[559.861s][info][gc,task        ] GC(1345) Using 2 workers of 2 for evacuation
[559.864s][info][gc,phases      ] GC(1345)   Pre Evacuate Collection Set: 0.32ms
[559.864s][info][gc,phases      ] GC(1345)   Merge Heap Roots: 0.13ms
[559.864s][info][gc,phases      ] GC(1345)   Evacuate Collection Set: 2.23ms
[559.864s][info][gc,phases      ] GC(1345)   Post Evacuate Collection Set: 0.38ms
[559.864s][info][gc,phases      ] GC(1345)   Other: 0.08ms
[559.864s][info][gc,heap        ] GC(1345) Eden regions: 159->0(300)
[559.864s][info][gc,heap        ] GC(1345) Survivor regions: 1->1(20)
[559.864s][info][gc,heap        ] GC(1345) Old regions: 619->619
[559.865s][info][gc,heap        ] GC(1345) Humongous regions: 7->7
[559.865s][info][gc,metaspace   ] GC(1345) Metaspace: 19071K(19264K)->19071K(19264K) NonClass: 16411K(16512K)->16411K(16512K) Class: 2660K(2752K)->2660K(2752K)
[559.865s][info][gc             ] GC(1345) Pause Young (Prepare Mixed) (G1 Evacuation Pause) 785M->626M(978M) 3.340ms
[559.865s][info][gc,cpu         ] GC(1345) User=0.00s Sys=0.00s Real=0.00s
[561.052s][info][gc,start       ] GC(1346) Pause Young (Mixed) (G1 Evacuation Pause)
[561.052s][info][gc,task        ] GC(1346) Using 2 workers of 2 for evacuation
[561.058s][info][gc,phases      ] GC(1346)   Pre Evacuate Collection Set: 0.53ms
[561.058s][info][gc,phases      ] GC(1346)   Merge Heap Roots: 0.17ms
[561.058s][info][gc,phases      ] GC(1346)   Evacuate Collection Set: 4.41ms
[561.058s][info][gc,phases      ] GC(1346)   Post Evacuate Collection Set: 0.51ms
[561.058s][info][gc,phases      ] GC(1346)   Other: 0.10ms
[561.058s][info][gc,heap        ] GC(1346) Eden regions: 300->0(313)
[561.058s][info][gc,heap        ] GC(1346) Survivor regions: 1->3(38)
[561.058s][info][gc,heap        ] GC(1346) Old regions: 619->602
[561.058s][info][gc,heap        ] GC(1346) Humongous regions: 7->7
[561.058s][info][gc,metaspace   ] GC(1346) Metaspace: 19076K(19264K)->19076K(19264K) NonClass: 16416K(16512K)->16416K(16512K) Class: 2660K(2752K)->2660K(2752K)
[561.058s][info][gc             ] GC(1346) Pause Young (Mixed) (G1 Evacuation Pause) 926M->610M(978M) 5.919ms
[561.058s][info][gc,cpu         ] GC(1346) User=0.01s Sys=0.00s Real=0.01s
[561.589s][info][gc,start       ] GC(1347) Pause Young (Concurrent Start) (G1 Evacuation Pause)
[561.589s][info][gc,task        ] GC(1347) Using 2 workers of 2 for evacuation
[561.637s][info][gc,phases      ] GC(1347)   Pre Evacuate Collection Set: 0.46ms
[561.637s][info][gc,phases      ] GC(1347)   Merge Heap Roots: 0.13ms
[561.637s][info][gc,phases      ] GC(1347)   Evacuate Collection Set: 46.90ms
[561.637s][info][gc,phases      ] GC(1347)   Post Evacuate Collection Set: 0.61ms
[561.637s][info][gc,phases      ] GC(1347)   Other: 0.22ms
[561.637s][info][gc,heap        ] GC(1347) Eden regions: 313->0(232)
[561.637s][info][gc,heap        ] GC(1347) Survivor regions: 3->40(40)
[561.637s][info][gc,heap        ] GC(1347) Old regions: 602->609
[561.637s][info][gc,heap        ] GC(1347) Humongous regions: 7->7
[561.637s][info][gc,metaspace   ] GC(1347) Metaspace: 19078K(19264K)->19078K(19264K) NonClass: 16418K(16512K)->16418K(16512K) Class: 2660K(2752K)->2660K(2752K)
[561.637s][info][gc             ] GC(1347) Pause Young (Concurrent Start) (G1 Evacuation Pause) 923M->655M(978M) 48.529ms
[561.637s][info][gc             ] GC(1348) Concurrent Mark Cycle
[561.637s][info][gc,marking     ] GC(1348) Concurrent Scan Root Regions
[561.638s][info][gc,cpu         ] GC(1347) User=0.10s Sys=0.00s Real=0.05s
[561.695s][info][gc,marking     ] GC(1348) Concurrent Scan Root Regions 57.754ms
[561.695s][info][gc,marking     ] GC(1348) Concurrent Mark
[561.695s][info][gc,marking     ] GC(1348) Concurrent Mark From Roots
[561.695s][info][gc,task        ] GC(1348) Using 1 workers of 1 for marking
[561.949s][info][gc,start       ] GC(1349) Pause Young (Normal) (G1 Evacuation Pause)
[561.949s][info][gc,task        ] GC(1349) Using 2 workers of 2 for evacuation
[562.062s][info][gc,phases      ] GC(1349)   Pre Evacuate Collection Set: 0.30ms
[562.062s][info][gc,phases      ] GC(1349)   Merge Heap Roots: 0.24ms
[562.062s][info][gc,phases      ] GC(1349)   Evacuate Collection Set: 104.06ms
[562.062s][info][gc,phases      ] GC(1349)   Post Evacuate Collection Set: 9.01ms
[562.062s][info][gc,phases      ] GC(1349)   Other: 0.09ms
[562.062s][info][gc,heap        ] GC(1349) Eden regions: 232->0(77)
[562.062s][info][gc,heap        ] GC(1349) Survivor regions: 40->34(34)
[562.062s][info][gc,heap        ] GC(1349) Old regions: 609->776
[562.062s][info][gc,heap        ] GC(1349) Humongous regions: 7->7
[562.062s][info][gc,metaspace   ] GC(1349) Metaspace: 19081K(19264K)->19081K(19264K) NonClass: 16421K(16512K)->16421K(16512K) Class: 2660K(2752K)->2660K(2752K)
[562.062s][info][gc             ] GC(1349) Pause Young (Normal) (G1 Evacuation Pause) (Evacuation Failure: Allocation) 887M->816M(978M) 113.940ms
[562.063s][info][gc,cpu         ] GC(1349) User=0.23s Sys=0.00s Real=0.11s
[562.260s][info][gc,start       ] GC(1350) Pause Young (Normal) (G1 Evacuation Pause)
[562.260s][info][gc,task        ] GC(1350) Using 2 workers of 2 for evacuation
[562.343s][info][gc,phases      ] GC(1350)   Pre Evacuate Collection Set: 0.54ms
[562.343s][info][gc,phases      ] GC(1350)   Merge Heap Roots: 0.44ms
[562.343s][info][gc,phases      ] GC(1350)   Evacuate Collection Set: 79.21ms
[562.343s][info][gc,phases      ] GC(1350)   Post Evacuate Collection Set: 2.75ms
[562.343s][info][gc,phases      ] GC(1350)   Other: 0.07ms
[562.343s][info][gc,heap        ] GC(1350) Eden regions: 77->0(128)
[562.343s][info][gc,heap        ] GC(1350) Survivor regions: 34->14(14)
[562.343s][info][gc,heap        ] GC(1350) Old regions: 776->759
[562.343s][info][gc,heap        ] GC(1350) Humongous regions: 7->7
[562.343s][info][gc,metaspace   ] GC(1350) Metaspace: 19081K(19264K)->19081K(19264K) NonClass: 16421K(16512K)->16421K(16512K) Class: 2660K(2752K)->2660K(2752K)
[562.343s][info][gc             ] GC(1350) Pause Young (Normal) (G1 Evacuation Pause) (Evacuation Failure: Allocation) 893M->779M(978M) 83.237ms
[562.343s][info][gc,cpu         ] GC(1350) User=0.16s Sys=0.00s Real=0.08s
[562.679s][info][gc,start       ] GC(1351) Pause Young (Normal) (G1 Evacuation Pause)
[562.679s][info][gc,task        ] GC(1351) Using 2 workers of 2 for evacuation
[562.750s][info][gc,phases      ] GC(1351)   Pre Evacuate Collection Set: 0.49ms
[562.750s][info][gc,phases      ] GC(1351)   Merge Heap Roots: 0.66ms
[562.750s][info][gc,phases      ] GC(1351)   Evacuate Collection Set: 69.00ms
[562.750s][info][gc,phases      ] GC(1351)   Post Evacuate Collection Set: 0.69ms
[562.750s][info][gc,phases      ] GC(1351)   Other: 0.10ms
[562.750s][info][gc,heap        ] GC(1351) Eden regions: 128->0(124)
[562.750s][info][gc,heap        ] GC(1351) Survivor regions: 14->18(18)
[562.750s][info][gc,heap        ] GC(1351) Old regions: 759->760
[562.750s][info][gc,heap        ] GC(1351) Humongous regions: 8->8
[562.750s][info][gc,metaspace   ] GC(1351) Metaspace: 19082K(19264K)->19082K(19264K) NonClass: 16422K(16512K)->16422K(16512K) Class: 2660K(2752K)->2660K(2752K)
[562.750s][info][gc             ] GC(1351) Pause Young (Normal) (G1 Evacuation Pause) 908M->785M(978M) 71.182ms
[562.750s][info][gc,cpu         ] GC(1351) User=0.14s Sys=0.00s Real=0.07s
[562.980s][info][gc,start       ] GC(1352) Pause Young (Normal) (G1 Evacuation Pause)
[562.980s][info][gc,task        ] GC(1352) Using 2 workers of 2 for evacuation
[563.049s][info][gc,phases      ] GC(1352)   Pre Evacuate Collection Set: 0.52ms
[563.049s][info][gc,phases      ] GC(1352)   Merge Heap Roots: 0.67ms
[563.049s][info][gc,phases      ] GC(1352)   Evacuate Collection Set: 66.93ms
[563.049s][info][gc,phases      ] GC(1352)   Post Evacuate Collection Set: 0.37ms
[563.049s][info][gc,phases      ] GC(1352)   Other: 0.09ms
[563.049s][info][gc,heap        ] GC(1352) Eden regions: 124->0(102)
[563.049s][info][gc,heap        ] GC(1352) Survivor regions: 18->18(18)
[563.049s][info][gc,heap        ] GC(1352) Old regions: 760->779
[563.049s][info][gc,heap        ] GC(1352) Humongous regions: 11->11
[563.049s][info][gc,metaspace   ] GC(1352) Metaspace: 19082K(19264K)->19082K(19264K) NonClass: 16422K(16512K)->16422K(16512K) Class: 2660K(2752K)->2660K(2752K)
[563.049s][info][gc             ] GC(1352) Pause Young (Normal) (G1 Evacuation Pause) 912M->807M(978M) 68.847ms
[563.049s][info][gc,cpu         ] GC(1352) User=0.13s Sys=0.00s Real=0.07s
[563.240s][info][gc,start       ] GC(1353) Pause Young (Normal) (G1 Evacuation Pause)
[563.240s][info][gc,task        ] GC(1353) Using 2 workers of 2 for evacuation
[563.280s][info][gc,phases      ] GC(1353)   Pre Evacuate Collection Set: 0.30ms
[563.281s][info][gc,phases      ] GC(1353)   Merge Heap Roots: 0.11ms
[563.281s][info][gc,phases      ] GC(1353)   Evacuate Collection Set: 40.02ms
[563.281s][info][gc,phases      ] GC(1353)   Post Evacuate Collection Set: 0.36ms
[563.281s][info][gc,phases      ] GC(1353)   Other: 0.08ms
[563.281s][info][gc,heap        ] GC(1353) Eden regions: 102->0(94)
[563.281s][info][gc,heap        ] GC(1353) Survivor regions: 18->13(15)
[563.281s][info][gc,heap        ] GC(1353) Old regions: 779->797
[563.281s][info][gc,heap        ] GC(1353) Humongous regions: 11->11
[563.281s][info][gc,metaspace   ] GC(1353) Metaspace: 19082K(19264K)->19082K(19264K) NonClass: 16422K(16512K)->16422K(16512K) Class: 2660K(2752K)->2660K(2752K)
[563.281s][info][gc             ] GC(1353) Pause Young (Normal) (G1 Evacuation Pause) 909M->820M(978M) 41.127ms
[563.281s][info][gc,cpu         ] GC(1353) User=0.08s Sys=0.00s Real=0.04s
[563.406s][info][gc,start       ] GC(1354) Pause Young (Normal) (G1 Evacuation Pause)
[563.406s][info][gc,task        ] GC(1354) Using 2 workers of 2 for evacuation
[563.423s][info][gc,phases      ] GC(1354)   Pre Evacuate Collection Set: 0.52ms
[563.423s][info][gc,phases      ] GC(1354)   Merge Heap Roots: 0.11ms
[563.423s][info][gc,phases      ] GC(1354)   Evacuate Collection Set: 15.52ms
[563.423s][info][gc,phases      ] GC(1354)   Post Evacuate Collection Set: 0.31ms
[563.423s][info][gc,phases      ] GC(1354)   Other: 0.09ms
[563.423s][info][gc,heap        ] GC(1354) Eden regions: 94->0(100)
[563.423s][info][gc,heap        ] GC(1354) Survivor regions: 13->4(14)
[563.423s][info][gc,heap        ] GC(1354) Old regions: 797->809
[563.423s][info][gc,heap        ] GC(1354) Humongous regions: 11->11
[563.423s][info][gc,metaspace   ] GC(1354) Metaspace: 19082K(19264K)->19082K(19264K) NonClass: 16422K(16512K)->16422K(16512K) Class: 2660K(2752K)->2660K(2752K)
[563.423s][info][gc             ] GC(1354) Pause Young (Normal) (G1 Evacuation Pause) 914M->823M(978M) 16.752ms
[563.423s][info][gc,cpu         ] GC(1354) User=0.03s Sys=0.00s Real=0.02s
[563.507s][info][gc,marking     ] GC(1348) Concurrent Mark From Roots 1811.859ms
[563.507s][info][gc,marking     ] GC(1348) Concurrent Preclean
[563.507s][info][gc,marking     ] GC(1348) Concurrent Preclean 0.057ms
[563.507s][info][gc,start       ] GC(1348) Pause Remark
[563.515s][info][gc             ] GC(1348) Pause Remark 889M->812M(978M) 8.062ms
[563.515s][info][gc,cpu         ] GC(1348) User=0.02s Sys=0.00s Real=0.00s
[563.515s][info][gc,marking     ] GC(1348) Concurrent Mark 1820.284ms
[563.515s][info][gc,marking     ] GC(1348) Concurrent Rebuild Remembered Sets and Scrub Regions
[563.563s][info][gc,start       ] GC(1355) Pause Young (Normal) (G1 Evacuation Pause)
[563.563s][info][gc,task        ] GC(1355) Using 2 workers of 2 for evacuation
[563.577s][info][gc,phases      ] GC(1355)   Pre Evacuate Collection Set: 0.31ms
[563.577s][info][gc,phases      ] GC(1355)   Merge Heap Roots: 0.13ms
[563.577s][info][gc,phases      ] GC(1355)   Evacuate Collection Set: 13.01ms
[563.577s][info][gc,phases      ] GC(1355)   Post Evacuate Collection Set: 0.33ms
[563.577s][info][gc,phases      ] GC(1355)   Other: 0.11ms
[563.577s][info][gc,heap        ] GC(1355) Eden regions: 100->0(159)
[563.577s][info][gc,heap        ] GC(1355) Survivor regions: 4->11(13)
[563.577s][info][gc,heap        ] GC(1355) Old regions: 734->734
[563.577s][info][gc,heap        ] GC(1355) Humongous regions: 9->9
[563.577s][info][gc,metaspace   ] GC(1355) Metaspace: 19082K(19264K)->19082K(19264K) NonClass: 16422K(16512K)->16422K(16512K) Class: 2660K(2752K)->2660K(2752K)
[563.577s][info][gc             ] GC(1355) Pause Young (Normal) (G1 Evacuation Pause) 846M->753M(978M) 14.084ms
[563.577s][info][gc,cpu         ] GC(1355) User=0.03s Sys=0.00s Real=0.01s
[563.750s][info][gc,start       ] GC(1356) Pause Young (Normal) (G1 Evacuation Pause)
[563.750s][info][gc,task        ] GC(1356) Using 2 workers of 2 for evacuation
[563.798s][info][gc,phases      ] GC(1356)   Pre Evacuate Collection Set: 0.48ms
[563.798s][info][gc,phases      ] GC(1356)   Merge Heap Roots: 0.18ms
[563.798s][info][gc,phases      ] GC(1356)   Evacuate Collection Set: 46.15ms
[563.798s][info][gc,phases      ] GC(1356)   Post Evacuate Collection Set: 0.47ms
[563.798s][info][gc,phases      ] GC(1356)   Other: 0.07ms
[563.798s][info][gc,heap        ] GC(1356) Eden regions: 159->0(117)
[563.798s][info][gc,heap        ] GC(1356) Survivor regions: 11->22(22)
[563.798s][info][gc,heap        ] GC(1356) Old regions: 734->758
[563.798s][info][gc,heap        ] GC(1356) Humongous regions: 9->9
[563.798s][info][gc,metaspace   ] GC(1356) Metaspace: 19082K(19264K)->19082K(19264K) NonClass: 16422K(16512K)->16422K(16512K) Class: 2660K(2752K)->2660K(2752K)
[563.798s][info][gc             ] GC(1356) Pause Young (Normal) (G1 Evacuation Pause) 912M->788M(978M) 47.547ms
[563.798s][info][gc,cpu         ] GC(1356) User=0.09s Sys=0.00s Real=0.05s
[563.931s][info][gc,start       ] GC(1357) Pause Young (Normal) (G1 Evacuation Pause)
[563.931s][info][gc,task        ] GC(1357) Using 2 workers of 2 for evacuation
[563.977s][info][gc,phases      ] GC(1357)   Pre Evacuate Collection Set: 0.46ms
[563.977s][info][gc,phases      ] GC(1357)   Merge Heap Roots: 0.26ms
[563.977s][info][gc,phases      ] GC(1357)   Evacuate Collection Set: 44.42ms
[563.977s][info][gc,phases      ] GC(1357)   Post Evacuate Collection Set: 0.40ms
[563.977s][info][gc,phases      ] GC(1357)   Other: 0.07ms
[563.977s][info][gc,heap        ] GC(1357) Eden regions: 117->0(99)
[563.977s][info][gc,heap        ] GC(1357) Survivor regions: 22->18(18)
[563.977s][info][gc,heap        ] GC(1357) Old regions: 758->784
[563.977s][info][gc,heap        ] GC(1357) Humongous regions: 9->9
[563.977s][info][gc,metaspace   ] GC(1357) Metaspace: 19082K(19264K)->19082K(19264K) NonClass: 16422K(16512K)->16422K(16512K) Class: 2660K(2752K)->2660K(2752K)
[563.977s][info][gc             ] GC(1357) Pause Young (Normal) (G1 Evacuation Pause) 905M->810M(978M) 45.861ms
[563.977s][info][gc,cpu         ] GC(1357) User=0.09s Sys=0.00s Real=0.05s
[564.098s][info][gc,start       ] GC(1358) Pause Young (Normal) (G1 Evacuation Pause)
[564.098s][info][gc,task        ] GC(1358) Using 2 workers of 2 for evacuation
[564.137s][info][gc,phases      ] GC(1358)   Pre Evacuate Collection Set: 0.48ms
[564.137s][info][gc,phases      ] GC(1358)   Merge Heap Roots: 0.27ms
[564.137s][info][gc,phases      ] GC(1358)   Evacuate Collection Set: 37.17ms
[564.137s][info][gc,phases      ] GC(1358)   Post Evacuate Collection Set: 0.35ms
[564.137s][info][gc,phases      ] GC(1358)   Other: 0.09ms
[564.137s][info][gc,heap        ] GC(1358) Eden regions: 99->0(89)
[564.137s][info][gc,heap        ] GC(1358) Survivor regions: 18->13(15)
[564.137s][info][gc,heap        ] GC(1358) Old regions: 784->803
[564.137s][info][gc,heap        ] GC(1358) Humongous regions: 10->10
[564.137s][info][gc,metaspace   ] GC(1358) Metaspace: 19082K(19264K)->19082K(19264K) NonClass: 16422K(16512K)->16422K(16512K) Class: 2660K(2752K)->2660K(2752K)
[564.137s][info][gc             ] GC(1358) Pause Young (Normal) (G1 Evacuation Pause) 910M->825M(978M) 38.627ms
[564.137s][info][gc,cpu         ] GC(1358) User=0.08s Sys=0.00s Real=0.04s
[564.210s][info][gc,start       ] GC(1359) Pause Young (Normal) (G1 Evacuation Pause)
[564.210s][info][gc,task        ] GC(1359) Using 2 workers of 2 for evacuation
[564.230s][info][gc,phases      ] GC(1359)   Pre Evacuate Collection Set: 0.27ms
[564.230s][info][gc,phases      ] GC(1359)   Merge Heap Roots: 0.12ms
[564.230s][info][gc,phases      ] GC(1359)   Evacuate Collection Set: 18.40ms
[564.230s][info][gc,phases      ] GC(1359)   Post Evacuate Collection Set: 0.28ms
[564.230s][info][gc,phases      ] GC(1359)   Other: 0.08ms
[564.230s][info][gc,heap        ] GC(1359) Eden regions: 89->0(99)
[564.230s][info][gc,heap        ] GC(1359) Survivor regions: 13->2(13)
[564.230s][info][gc,heap        ] GC(1359) Old regions: 803->815
[564.230s][info][gc,heap        ] GC(1359) Humongous regions: 10->10
[564.230s][info][gc,metaspace   ] GC(1359) Metaspace: 19082K(19264K)->19082K(19264K) NonClass: 16422K(16512K)->16422K(16512K) Class: 2660K(2752K)->2660K(2752K)
[564.230s][info][gc             ] GC(1359) Pause Young (Normal) (G1 Evacuation Pause) 914M->826M(978M) 19.348ms
[564.230s][info][gc,cpu         ] GC(1359) User=0.04s Sys=0.00s Real=0.02s
[564.333s][info][gc,start       ] GC(1360) Pause Young (Normal) (G1 Evacuation Pause)
[564.333s][info][gc,task        ] GC(1360) Using 2 workers of 2 for evacuation
[564.339s][info][gc,phases      ] GC(1360)   Pre Evacuate Collection Set: 0.48ms
[564.339s][info][gc,phases      ] GC(1360)   Merge Heap Roots: 0.08ms
[564.339s][info][gc,phases      ] GC(1360)   Evacuate Collection Set: 4.69ms
[564.339s][info][gc,phases      ] GC(1360)   Post Evacuate Collection Set: 0.29ms
[564.339s][info][gc,phases      ] GC(1360)   Other: 0.06ms
[564.339s][info][gc,heap        ] GC(1360) Eden regions: 99->0(95)
[564.339s][info][gc,heap        ] GC(1360) Survivor regions: 2->4(13)
[564.339s][info][gc,heap        ] GC(1360) Old regions: 815->815
[564.339s][info][gc,heap        ] GC(1360) Humongous regions: 10->10
[564.339s][info][gc,metaspace   ] GC(1360) Metaspace: 19082K(19264K)->19082K(19264K) NonClass: 16422K(16512K)->16422K(16512K) Class: 2660K(2752K)->2660K(2752K)
[564.339s][info][gc             ] GC(1360) Pause Young (Normal) (G1 Evacuation Pause) 925M->828M(978M) 5.767ms
[564.339s][info][gc,cpu         ] GC(1360) User=0.01s Sys=0.00s Real=0.01s
[564.379s][info][gc,marking     ] GC(1348) Concurrent Rebuild Remembered Sets and Scrub Regions 863.783ms
[564.380s][info][gc,start       ] GC(1348) Pause Cleanup
[564.380s][info][gc             ] GC(1348) Pause Cleanup 874M->874M(978M) 0.135ms
[564.380s][info][gc,cpu         ] GC(1348) User=0.00s Sys=0.00s Real=0.00s
[564.380s][info][gc,marking     ] GC(1348) Concurrent Clear Claimed Marks
[564.380s][info][gc,marking     ] GC(1348) Concurrent Clear Claimed Marks 0.040ms
[564.380s][info][gc,marking     ] GC(1348) Concurrent Cleanup for Next Mark
[564.387s][info][gc,marking     ] GC(1348) Concurrent Cleanup for Next Mark 6.896ms
[564.387s][info][gc             ] GC(1348) Concurrent Mark Cycle 2749.523ms
[564.428s][info][gc,start       ] GC(1361) Pause Young (Prepare Mixed) (G1 Evacuation Pause)
[564.428s][info][gc,task        ] GC(1361) Using 2 workers of 2 for evacuation
[564.435s][info][gc,phases      ] GC(1361)   Pre Evacuate Collection Set: 0.51ms
[564.435s][info][gc,phases      ] GC(1361)   Merge Heap Roots: 0.09ms
[564.435s][info][gc,phases      ] GC(1361)   Evacuate Collection Set: 6.04ms
[564.435s][info][gc,phases      ] GC(1361)   Post Evacuate Collection Set: 0.35ms
[564.435s][info][gc,phases      ] GC(1361)   Other: 0.10ms
[564.435s][info][gc,heap        ] GC(1361) Eden regions: 95->0(93)
[564.435s][info][gc,heap        ] GC(1361) Survivor regions: 4->5(13)
[564.435s][info][gc,heap        ] GC(1361) Old regions: 815->815
[564.435s][info][gc,heap        ] GC(1361) Humongous regions: 10->10
[564.435s][info][gc,metaspace   ] GC(1361) Metaspace: 19082K(19264K)->19082K(19264K) NonClass: 16422K(16512K)->16422K(16512K) Class: 2660K(2752K)->2660K(2752K)
[564.435s][info][gc             ] GC(1361) Pause Young (Prepare Mixed) (G1 Evacuation Pause) 923M->829M(978M) 7.311ms
[564.435s][info][gc,cpu         ] GC(1361) User=0.01s Sys=0.00s Real=0.00s
[564.535s][info][gc,start       ] GC(1362) Pause Young (Mixed) (G1 Evacuation Pause)
[564.535s][info][gc,task        ] GC(1362) Using 2 workers of 2 for evacuation
[564.559s][info][gc,phases      ] GC(1362)   Pre Evacuate Collection Set: 0.32ms
[564.559s][info][gc,phases      ] GC(1362)   Merge Heap Roots: 0.37ms
[564.559s][info][gc,phases      ] GC(1362)   Evacuate Collection Set: 22.95ms
[564.559s][info][gc,phases      ] GC(1362)   Post Evacuate Collection Set: 0.38ms
[564.559s][info][gc,phases      ] GC(1362)   Other: 0.08ms
[564.559s][info][gc,heap        ] GC(1362) Eden regions: 93->0(130)
[564.559s][info][gc,heap        ] GC(1362) Survivor regions: 5->8(13)
[564.559s][info][gc,heap        ] GC(1362) Old regions: 815->772
[564.559s][info][gc,heap        ] GC(1362) Humongous regions: 10->10
[564.559s][info][gc,metaspace   ] GC(1362) Metaspace: 19082K(19264K)->19082K(19264K) NonClass: 16422K(16512K)->16422K(16512K) Class: 2660K(2752K)->2660K(2752K)
[564.559s][info][gc             ] GC(1362) Pause Young (Mixed) (G1 Evacuation Pause) 922M->788M(978M) 24.307ms
[564.559s][info][gc,cpu         ] GC(1362) User=0.04s Sys=0.00s Real=0.03s
[564.698s][info][gc,start       ] GC(1363) Pause Young (Concurrent Start) (G1 Evacuation Pause)
[564.698s][info][gc,task        ] GC(1363) Using 2 workers of 2 for evacuation
[564.712s][info][gc,phases      ] GC(1363)   Pre Evacuate Collection Set: 0.32ms
[564.712s][info][gc,phases      ] GC(1363)   Merge Heap Roots: 0.14ms
[564.712s][info][gc,phases      ] GC(1363)   Evacuate Collection Set: 12.14ms
[564.712s][info][gc,phases      ] GC(1363)   Post Evacuate Collection Set: 0.42ms
[564.712s][info][gc,phases      ] GC(1363)   Other: 0.10ms
[564.712s][info][gc,heap        ] GC(1363) Eden regions: 130->0(124)
[564.712s][info][gc,heap        ] GC(1363) Survivor regions: 8->11(18)
[564.712s][info][gc,heap        ] GC(1363) Old regions: 772->772
[564.712s][info][gc,heap        ] GC(1363) Humongous regions: 10->10
[564.712s][info][gc,metaspace   ] GC(1363) Metaspace: 19082K(19264K)->19082K(19264K) NonClass: 16422K(16512K)->16422K(16512K) Class: 2660K(2752K)->2660K(2752K)
[564.712s][info][gc             ] GC(1363) Pause Young (Concurrent Start) (G1 Evacuation Pause) 918M->792M(978M) 13.339ms
[564.712s][info][gc,cpu         ] GC(1363) User=0.03s Sys=0.00s Real=0.01s
[564.712s][info][gc             ] GC(1364) Concurrent Mark Cycle
[564.712s][info][gc,marking     ] GC(1364) Concurrent Scan Root Regions
[564.732s][info][gc,marking     ] GC(1364) Concurrent Scan Root Regions 20.158ms
[564.732s][info][gc,marking     ] GC(1364) Concurrent Mark
[564.732s][info][gc,marking     ] GC(1364) Concurrent Mark From Roots
[564.732s][info][gc,task        ] GC(1364) Using 1 workers of 1 for marking
[565.073s][info][gc,start       ] GC(1365) Pause Young (Normal) (G1 Evacuation Pause)
[565.073s][info][gc,task        ] GC(1365) Using 2 workers of 2 for evacuation
[565.112s][info][gc,phases      ] GC(1365)   Pre Evacuate Collection Set: 0.30ms
[565.112s][info][gc,phases      ] GC(1365)   Merge Heap Roots: 0.17ms
[565.112s][info][gc,phases      ] GC(1365)   Evacuate Collection Set: 37.88ms
[565.112s][info][gc,phases      ] GC(1365)   Post Evacuate Collection Set: 0.36ms
[565.112s][info][gc,phases      ] GC(1365)   Other: 0.10ms
[565.112s][info][gc,heap        ] GC(1365) Eden regions: 124->0(91)
[565.112s][info][gc,heap        ] GC(1365) Survivor regions: 11->17(17)
[565.112s][info][gc,heap        ] GC(1365) Old regions: 772->793
[565.112s][info][gc,heap        ] GC(1365) Humongous regions: 10->10
[565.112s][info][gc,metaspace   ] GC(1365) Metaspace: 19082K(19264K)->19082K(19264K) NonClass: 16422K(16512K)->16422K(16512K) Class: 2660K(2752K)->2660K(2752K)
[565.112s][info][gc             ] GC(1365) Pause Young (Normal) (G1 Evacuation Pause) 916M->819M(978M) 39.045ms
[565.112s][info][gc,cpu         ] GC(1365) User=0.07s Sys=0.00s Real=0.04s
[565.342s][info][gc,start       ] GC(1366) Pause Young (Normal) (G1 Evacuation Pause)
[565.342s][info][gc,task        ] GC(1366) Using 2 workers of 2 for evacuation
[565.385s][info][gc,phases      ] GC(1366)   Pre Evacuate Collection Set: 0.30ms
[565.385s][info][gc,phases      ] GC(1366)   Merge Heap Roots: 0.14ms
[565.385s][info][gc,phases      ] GC(1366)   Evacuate Collection Set: 42.52ms
[565.385s][info][gc,phases      ] GC(1366)   Post Evacuate Collection Set: 0.44ms
[565.385s][info][gc,phases      ] GC(1366)   Other: 0.07ms
[565.385s][info][gc,heap        ] GC(1366) Eden regions: 91->0(65)
[565.386s][info][gc,heap        ] GC(1366) Survivor regions: 17->14(14)
[565.386s][info][gc,heap        ] GC(1366) Old regions: 793->825
[565.386s][info][gc,heap        ] GC(1366) Humongous regions: 10->10
[565.386s][info][gc,metaspace   ] GC(1366) Metaspace: 19082K(19264K)->19082K(19264K) NonClass: 16422K(16512K)->16422K(16512K) Class: 2660K(2752K)->2660K(2752K)
[565.386s][info][gc             ] GC(1366) Pause Young (Normal) (G1 Evacuation Pause) 910M->848M(978M) 43.690ms
[565.386s][info][gc,cpu         ] GC(1366) User=0.09s Sys=0.01s Real=0.04s
[565.542s][info][gc,marking     ] GC(1364) Concurrent Mark From Roots 809.869ms
[565.542s][info][gc,marking     ] GC(1364) Concurrent Preclean
[565.542s][info][gc,marking     ] GC(1364) Concurrent Preclean 0.056ms
[565.542s][info][gc,start       ] GC(1364) Pause Remark
[565.550s][info][gc             ] GC(1364) Pause Remark 908M->406M(978M) 8.239ms
[565.550s][info][gc,cpu         ] GC(1364) User=0.02s Sys=0.00s Real=0.01s
[565.553s][info][gc,marking     ] GC(1364) Concurrent Mark 820.953ms
[565.553s][info][gc,marking     ] GC(1364) Concurrent Rebuild Remembered Sets and Scrub Regions
[565.570s][info][gc,start       ] GC(1367) Pause Young (Normal) (G1 Evacuation Pause)
[565.570s][info][gc,task        ] GC(1367) Using 2 workers of 2 for evacuation
[565.606s][info][gc,phases      ] GC(1367)   Pre Evacuate Collection Set: 0.24ms
[565.606s][info][gc,phases      ] GC(1367)   Merge Heap Roots: 0.28ms
[565.606s][info][gc,phases      ] GC(1367)   Evacuate Collection Set: 35.69ms
[565.606s][info][gc,phases      ] GC(1367)   Post Evacuate Collection Set: 0.41ms
[565.606s][info][gc,phases      ] GC(1367)   Other: 0.06ms
[565.606s][info][gc,heap        ] GC(1367) Eden regions: 65->0(485)
[565.606s][info][gc,heap        ] GC(1367) Survivor regions: 14->10(10)
[565.606s][info][gc,heap        ] GC(1367) Old regions: 330->350
[565.606s][info][gc,heap        ] GC(1367) Humongous regions: 4->4
[565.606s][info][gc,metaspace   ] GC(1367) Metaspace: 19082K(19264K)->19082K(19264K) NonClass: 16422K(16512K)->16422K(16512K) Class: 2660K(2752K)->2660K(2752K)
[565.606s][info][gc             ] GC(1367) Pause Young (Normal) (G1 Evacuation Pause) 412M->363M(978M) 36.845ms
[565.606s][info][gc,cpu         ] GC(1367) User=0.07s Sys=0.00s Real=0.03s
[565.809s][info][gc,marking     ] GC(1364) Concurrent Rebuild Remembered Sets and Scrub Regions 255.862ms
[565.809s][info][gc,start       ] GC(1364) Pause Cleanup
[565.809s][info][gc             ] GC(1364) Pause Cleanup 467M->467M(978M) 0.101ms
[565.809s][info][gc,cpu         ] GC(1364) User=0.00s Sys=0.00s Real=0.00s
[565.810s][info][gc,marking     ] GC(1364) Concurrent Clear Claimed Marks
[565.810s][info][gc,marking     ] GC(1364) Concurrent Clear Claimed Marks 0.046ms
[565.810s][info][gc,marking     ] GC(1364) Concurrent Cleanup for Next Mark
[565.817s][info][gc,marking     ] GC(1364) Concurrent Cleanup for Next Mark 6.962ms
[565.817s][info][gc             ] GC(1364) Concurrent Mark Cycle 1105.181ms
[566.334s][info][gc,start       ] GC(1368) Pause Young (Prepare Mixed) (G1 Evacuation Pause)
[566.334s][info][gc,task        ] GC(1368) Using 2 workers of 2 for evacuation
[566.364s][info][gc,phases      ] GC(1368)   Pre Evacuate Collection Set: 0.53ms
[566.364s][info][gc,phases      ] GC(1368)   Merge Heap Roots: 0.48ms
[566.364s][info][gc,phases      ] GC(1368)   Evacuate Collection Set: 28.38ms
[566.364s][info][gc,phases      ] GC(1368)   Post Evacuate Collection Set: 0.79ms
[566.364s][info][gc,phases      ] GC(1368)   Other: 0.14ms
[566.364s][info][gc,heap        ] GC(1368) Eden regions: 485->0(494)
[566.364s][info][gc,heap        ] GC(1368) Survivor regions: 10->20(62)
[566.365s][info][gc,heap        ] GC(1368) Old regions: 350->350
[566.365s][info][gc,heap        ] GC(1368) Humongous regions: 4->4
[566.365s][info][gc,metaspace   ] GC(1368) Metaspace: 19082K(19264K)->19082K(19264K) NonClass: 16422K(16512K)->16422K(16512K) Class: 2660K(2752K)->2660K(2752K)
[566.365s][info][gc             ] GC(1368) Pause Young (Prepare Mixed) (G1 Evacuation Pause) 848M->373M(978M) 30.519ms
[566.365s][info][gc,cpu         ] GC(1368) User=0.06s Sys=0.00s Real=0.03s
[566.929s][info][gc,start       ] GC(1369) Pause Young (Mixed) (G1 Evacuation Pause)
[566.929s][info][gc,task        ] GC(1369) Using 2 workers of 2 for evacuation
[567.121s][info][gc,phases      ] GC(1369)   Pre Evacuate Collection Set: 0.57ms
[567.121s][info][gc,phases      ] GC(1369)   Merge Heap Roots: 0.52ms
[567.121s][info][gc,phases      ] GC(1369)   Evacuate Collection Set: 178.55ms
[567.121s][info][gc,phases      ] GC(1369)   Post Evacuate Collection Set: 12.42ms
[567.121s][info][gc,phases      ] GC(1369)   Other: 0.11ms
[567.121s][info][gc,heap        ] GC(1369) Eden regions: 494->0(322)
[567.121s][info][gc,heap        ] GC(1369) Survivor regions: 20->65(65)
[567.121s][info][gc,heap        ] GC(1369) Old regions: 350->471
[567.121s][info][gc,heap        ] GC(1369) Humongous regions: 5->5
[567.121s][info][gc,metaspace   ] GC(1369) Metaspace: 19082K(19264K)->19082K(19264K) NonClass: 16422K(16512K)->16422K(16512K) Class: 2660K(2752K)->2660K(2752K)
[567.121s][info][gc             ] GC(1369) Pause Young (Mixed) (G1 Evacuation Pause) (Evacuation Failure: Allocation) 868M->540M(978M) 192.426ms
[567.121s][info][gc,cpu         ] GC(1369) User=0.38s Sys=0.00s Real=0.19s
[567.521s][info][gc,start       ] GC(1370) Pause Young (Concurrent Start) (G1 Evacuation Pause)
[567.521s][info][gc,task        ] GC(1370) Using 2 workers of 2 for evacuation
[567.704s][info][gc,phases      ] GC(1370)   Pre Evacuate Collection Set: 0.42ms
[567.705s][info][gc,phases      ] GC(1370)   Merge Heap Roots: 0.44ms
[567.705s][info][gc,phases      ] GC(1370)   Evacuate Collection Set: 167.66ms
[567.705s][info][gc,phases      ] GC(1370)   Post Evacuate Collection Set: 15.00ms
[567.705s][info][gc,phases      ] GC(1370)   Other: 0.21ms
[567.705s][info][gc,heap        ] GC(1370) Eden regions: 322->0(131)
[567.705s][info][gc,heap        ] GC(1370) Survivor regions: 65->31(49)
[567.705s][info][gc,heap        ] GC(1370) Old regions: 471->730
[567.705s][info][gc,heap        ] GC(1370) Humongous regions: 5->5
[567.705s][info][gc,metaspace   ] GC(1370) Metaspace: 19085K(19264K)->19085K(19264K) NonClass: 16425K(16512K)->16425K(16512K) Class: 2660K(2752K)->2660K(2752K)
[567.705s][info][gc             ] GC(1370) Pause Young (Concurrent Start) (G1 Evacuation Pause) (Evacuation Failure: Allocation) 862M->765M(978M) 183.988ms
[567.705s][info][gc,cpu         ] GC(1370) User=0.37s Sys=0.00s Real=0.18s
[567.705s][info][gc             ] GC(1371) Concurrent Mark Cycle
[567.705s][info][gc,marking     ] GC(1371) Concurrent Scan Root Regions
[567.844s][info][gc,marking     ] GC(1371) Concurrent Scan Root Regions 139.135ms
[567.844s][info][gc,marking     ] GC(1371) Concurrent Mark
[567.844s][info][gc,marking     ] GC(1371) Concurrent Mark From Roots
[567.844s][info][gc,task        ] GC(1371) Using 1 workers of 1 for marking
[567.907s][info][gc,start       ] GC(1372) Pause Young (Normal) (G1 Evacuation Pause)
[567.907s][info][gc,task        ] GC(1372) Using 2 workers of 2 for evacuation
[568.068s][info][gc,phases      ] GC(1372)   Pre Evacuate Collection Set: 0.42ms
[568.068s][info][gc,phases      ] GC(1372)   Merge Heap Roots: 0.45ms
[568.069s][info][gc,phases      ] GC(1372)   Evacuate Collection Set: 144.66ms
[568.069s][info][gc,phases      ] GC(1372)   Post Evacuate Collection Set: 15.67ms
[568.069s][info][gc,phases      ] GC(1372)   Other: 0.08ms
[568.069s][info][gc,heap        ] GC(1372) Eden regions: 131->0(158)
[568.069s][info][gc,heap        ] GC(1372) Survivor regions: 31->21(21)
[568.069s][info][gc,heap        ] GC(1372) Old regions: 730->716
[568.069s][info][gc,heap        ] GC(1372) Humongous regions: 5->5
[568.069s][info][gc,metaspace   ] GC(1372) Metaspace: 19085K(19264K)->19085K(19264K) NonClass: 16425K(16512K)->16425K(16512K) Class: 2660K(2752K)->2660K(2752K)
[568.069s][info][gc             ] GC(1372) Pause Young (Normal) (G1 Evacuation Pause) (Evacuation Failure: Allocation) 896M->741M(978M) 161.519ms
[568.069s][info][gc,cpu         ] GC(1372) User=0.32s Sys=0.00s Real=0.16s
[568.256s][info][gc,start       ] GC(1373) Pause Young (Normal) (G1 Evacuation Pause)
[568.256s][info][gc,task        ] GC(1373) Using 2 workers of 2 for evacuation
[568.377s][info][gc,phases      ] GC(1373)   Pre Evacuate Collection Set: 0.56ms
[568.377s][info][gc,phases      ] GC(1373)   Merge Heap Roots: 0.29ms
[568.377s][info][gc,phases      ] GC(1373)   Evacuate Collection Set: 108.30ms
[568.377s][info][gc,phases      ] GC(1373)   Post Evacuate Collection Set: 11.20ms
[568.377s][info][gc,phases      ] GC(1373)   Other: 0.08ms
[568.377s][info][gc,heap        ] GC(1373) Eden regions: 158->0(150)
[568.377s][info][gc,heap        ] GC(1373) Survivor regions: 21->23(23)
[568.377s][info][gc,heap        ] GC(1373) Old regions: 716->716
[568.377s][info][gc,heap        ] GC(1373) Humongous regions: 5->5
[568.377s][info][gc,metaspace   ] GC(1373) Metaspace: 19085K(19264K)->19085K(19264K) NonClass: 16425K(16512K)->16425K(16512K) Class: 2660K(2752K)->2660K(2752K)
[568.377s][info][gc             ] GC(1373) Pause Young (Normal) (G1 Evacuation Pause) (Evacuation Failure: Allocation) 899M->743M(978M) 120.646ms
[568.377s][info][gc,cpu         ] GC(1373) User=0.24s Sys=0.00s Real=0.12s
[568.592s][info][gc,start       ] GC(1374) Pause Young (Normal) (G1 Evacuation Pause)
[568.592s][info][gc,task        ] GC(1374) Using 2 workers of 2 for evacuation
[568.681s][info][gc,phases      ] GC(1374)   Pre Evacuate Collection Set: 0.55ms
[568.682s][info][gc,phases      ] GC(1374)   Merge Heap Roots: 0.39ms
[568.682s][info][gc,phases      ] GC(1374)   Evacuate Collection Set: 84.83ms
[568.682s][info][gc,phases      ] GC(1374)   Post Evacuate Collection Set: 4.06ms
[568.682s][info][gc,phases      ] GC(1374)   Other: 0.07ms
[568.682s][info][gc,heap        ] GC(1374) Eden regions: 150->0(155)
[568.682s][info][gc,heap        ] GC(1374) Survivor regions: 23->22(22)
[568.682s][info][gc,heap        ] GC(1374) Old regions: 716->708
[568.682s][info][gc,heap        ] GC(1374) Humongous regions: 5->5
[568.682s][info][gc,metaspace   ] GC(1374) Metaspace: 19085K(19264K)->19085K(19264K) NonClass: 16425K(16512K)->16425K(16512K) Class: 2660K(2752K)->2660K(2752K)
[568.682s][info][gc             ] GC(1374) Pause Young (Normal) (G1 Evacuation Pause) (Evacuation Failure: Allocation) 893M->734M(978M) 90.117ms
[568.682s][info][gc,cpu         ] GC(1374) User=0.17s Sys=0.00s Real=0.09s
[568.953s][info][gc,marking     ] GC(1371) Concurrent Mark From Roots 1109.089ms
[568.953s][info][gc,marking     ] GC(1371) Concurrent Preclean
[568.953s][info][gc,marking     ] GC(1371) Concurrent Preclean 0.058ms
[568.953s][info][gc,start       ] GC(1371) Pause Remark
[568.962s][info][gc             ] GC(1371) Pause Remark 885M->825M(978M) 8.274ms
[568.962s][info][gc,cpu         ] GC(1371) User=0.02s Sys=0.00s Real=0.01s
[568.962s][info][gc,marking     ] GC(1371) Concurrent Mark 1117.697ms
[568.962s][info][gc,marking     ] GC(1371) Concurrent Rebuild Remembered Sets and Scrub Regions
[568.974s][info][gc,start       ] GC(1375) Pause Young (Normal) (G1 Evacuation Pause)
[568.974s][info][gc,task        ] GC(1375) Using 2 workers of 2 for evacuation
[569.052s][info][gc,phases      ] GC(1375)   Pre Evacuate Collection Set: 0.27ms
[569.052s][info][gc,phases      ] GC(1375)   Merge Heap Roots: 0.51ms
[569.053s][info][gc,phases      ] GC(1375)   Evacuate Collection Set: 76.91ms
[569.053s][info][gc,phases      ] GC(1375)   Post Evacuate Collection Set: 0.57ms
[569.053s][info][gc,phases      ] GC(1375)   Other: 0.07ms
[569.053s][info][gc,heap        ] GC(1375) Eden regions: 155->0(207)
[569.053s][info][gc,heap        ] GC(1375) Survivor regions: 22->23(23)
[569.053s][info][gc,heap        ] GC(1375) Old regions: 649->642
[569.053s][info][gc,heap        ] GC(1375) Humongous regions: 7->7
[569.053s][info][gc,metaspace   ] GC(1375) Metaspace: 19087K(19264K)->19087K(19264K) NonClass: 16427K(16512K)->16427K(16512K) Class: 2660K(2752K)->2660K(2752K)
[569.053s][info][gc             ] GC(1375) Pause Young (Normal) (G1 Evacuation Pause) 832M->671M(978M) 78.539ms
[569.053s][info][gc,cpu         ] GC(1375) User=0.16s Sys=0.00s Real=0.08s
[569.350s][info][gc,start       ] GC(1376) Pause Young (Normal) (G1 Evacuation Pause)
[569.350s][info][gc,task        ] GC(1376) Using 2 workers of 2 for evacuation
[569.420s][info][gc,phases      ] GC(1376)   Pre Evacuate Collection Set: 0.27ms
[569.420s][info][gc,phases      ] GC(1376)   Merge Heap Roots: 0.63ms
[569.420s][info][gc,phases      ] GC(1376)   Evacuate Collection Set: 68.29ms
[569.420s][info][gc,phases      ] GC(1376)   Post Evacuate Collection Set: 0.55ms
[569.420s][info][gc,phases      ] GC(1376)   Other: 0.09ms
[569.420s][info][gc,heap        ] GC(1376) Eden regions: 207->0(184)
[569.420s][info][gc,heap        ] GC(1376) Survivor regions: 23->28(29)
[569.420s][info][gc,heap        ] GC(1376) Old regions: 642->666
[569.420s][info][gc,heap        ] GC(1376) Humongous regions: 7->7
[569.420s][info][gc,metaspace   ] GC(1376) Metaspace: 19087K(19264K)->19087K(19264K) NonClass: 16427K(16512K)->16427K(16512K) Class: 2660K(2752K)->2660K(2752K)
[569.420s][info][gc             ] GC(1376) Pause Young (Normal) (G1 Evacuation Pause) 878M->700M(978M) 70.081ms
[569.420s][info][gc,cpu         ] GC(1376) User=0.14s Sys=0.00s Real=0.07s
[569.521s][info][gc,marking     ] GC(1371) Concurrent Rebuild Remembered Sets and Scrub Regions 559.080ms
[569.521s][info][gc,start       ] GC(1371) Pause Cleanup
[569.521s][info][gc             ] GC(1371) Pause Cleanup 761M->761M(978M) 0.114ms
[569.521s][info][gc,cpu         ] GC(1371) User=0.00s Sys=0.00s Real=0.00s
[569.521s][info][gc,marking     ] GC(1371) Concurrent Clear Claimed Marks
[569.521s][info][gc,marking     ] GC(1371) Concurrent Clear Claimed Marks 0.028ms
[569.521s][info][gc,marking     ] GC(1371) Concurrent Cleanup for Next Mark
[569.524s][info][gc,marking     ] GC(1371) Concurrent Cleanup for Next Mark 2.789ms
[569.524s][info][gc             ] GC(1371) Concurrent Mark Cycle 1819.245ms
[569.625s][info][gc,start       ] GC(1377) Pause Young (Prepare Mixed) (G1 Evacuation Pause)
[569.625s][info][gc,task        ] GC(1377) Using 2 workers of 2 for evacuation
[569.712s][info][gc,phases      ] GC(1377)   Pre Evacuate Collection Set: 0.31ms
[569.712s][info][gc,phases      ] GC(1377)   Merge Heap Roots: 0.39ms
[569.712s][info][gc,phases      ] GC(1377)   Evacuate Collection Set: 85.49ms
[569.712s][info][gc,phases      ] GC(1377)   Post Evacuate Collection Set: 0.48ms
[569.712s][info][gc,phases      ] GC(1377)   Other: 0.08ms
[569.712s][info][gc,heap        ] GC(1377) Eden regions: 184->0(153)
[569.712s][info][gc,heap        ] GC(1377) Survivor regions: 28->27(27)
[569.712s][info][gc,heap        ] GC(1377) Old regions: 666->702
[569.712s][info][gc,heap        ] GC(1377) Humongous regions: 10->10
[569.712s][info][gc,metaspace   ] GC(1377) Metaspace: 19087K(19264K)->19087K(19264K) NonClass: 16427K(16512K)->16427K(16512K) Class: 2660K(2752K)->2660K(2752K)
[569.712s][info][gc             ] GC(1377) Pause Young (Prepare Mixed) (G1 Evacuation Pause) 887M->738M(978M) 86.983ms
[569.712s][info][gc,cpu         ] GC(1377) User=0.17s Sys=0.00s Real=0.09s
[569.825s][info][gc,start       ] GC(1378) Pause Young (Mixed) (G1 Evacuation Pause)
[569.825s][info][gc,task        ] GC(1378) Using 2 workers of 2 for evacuation
[569.887s][info][gc,phases      ] GC(1378)   Pre Evacuate Collection Set: 0.56ms
[569.887s][info][gc,phases      ] GC(1378)   Merge Heap Roots: 0.36ms
[569.887s][info][gc,phases      ] GC(1378)   Evacuate Collection Set: 60.61ms
[569.887s][info][gc,phases      ] GC(1378)   Post Evacuate Collection Set: 0.45ms
[569.887s][info][gc,phases      ] GC(1378)   Other: 0.11ms
[569.887s][info][gc,heap        ] GC(1378) Eden regions: 153->0(161)
[569.887s][info][gc,heap        ] GC(1378) Survivor regions: 27->18(23)
[569.887s][info][gc,heap        ] GC(1378) Old regions: 702->707
[569.887s][info][gc,heap        ] GC(1378) Humongous regions: 10->10
[569.887s][info][gc,metaspace   ] GC(1378) Metaspace: 19087K(19264K)->19087K(19264K) NonClass: 16427K(16512K)->16427K(16512K) Class: 2660K(2752K)->2660K(2752K)
[569.887s][info][gc             ] GC(1378) Pause Young (Mixed) (G1 Evacuation Pause) 891M->734M(978M) 62.286ms
[569.887s][info][gc,cpu         ] GC(1378) User=0.12s Sys=0.00s Real=0.06s
[569.995s][info][gc,start       ] GC(1379) Pause Young (Concurrent Start) (G1 Evacuation Pause)
[569.995s][info][gc,task        ] GC(1379) Using 2 workers of 2 for evacuation
[570.028s][info][gc,phases      ] GC(1379)   Pre Evacuate Collection Set: 0.37ms
[570.028s][info][gc,phases      ] GC(1379)   Merge Heap Roots: 0.23ms
[570.028s][info][gc,phases      ] GC(1379)   Evacuate Collection Set: 31.76ms
[570.028s][info][gc,phases      ] GC(1379)   Post Evacuate Collection Set: 0.43ms
[570.028s][info][gc,phases      ] GC(1379)   Other: 0.08ms
[570.028s][info][gc,heap        ] GC(1379) Eden regions: 161->0(166)
[570.028s][info][gc,heap        ] GC(1379) Survivor regions: 18->8(23)
[570.028s][info][gc,heap        ] GC(1379) Old regions: 707->725
[570.028s][info][gc,heap        ] GC(1379) Humongous regions: 10->10
[570.028s][info][gc,metaspace   ] GC(1379) Metaspace: 19087K(19264K)->19087K(19264K) NonClass: 16427K(16512K)->16427K(16512K) Class: 2660K(2752K)->2660K(2752K)
[570.028s][info][gc             ] GC(1379) Pause Young (Concurrent Start) (G1 Evacuation Pause) 895M->741M(978M) 33.081ms
[570.028s][info][gc,cpu         ] GC(1379) User=0.07s Sys=0.00s Real=0.04s
[570.028s][info][gc             ] GC(1380) Concurrent Mark Cycle
[570.028s][info][gc,marking     ] GC(1380) Concurrent Scan Root Regions
[570.075s][info][gc,marking     ] GC(1380) Concurrent Scan Root Regions 47.640ms
[570.076s][info][gc,marking     ] GC(1380) Concurrent Mark
[570.076s][info][gc,marking     ] GC(1380) Concurrent Mark From Roots
[570.076s][info][gc,task        ] GC(1380) Using 1 workers of 1 for marking
[570.253s][info][gc,start       ] GC(1381) Pause Young (Normal) (G1 Evacuation Pause)
[570.253s][info][gc,task        ] GC(1381) Using 2 workers of 2 for evacuation
[570.274s][info][gc,phases      ] GC(1381)   Pre Evacuate Collection Set: 0.30ms
[570.274s][info][gc,phases      ] GC(1381)   Merge Heap Roots: 0.22ms
[570.274s][info][gc,phases      ] GC(1381)   Evacuate Collection Set: 20.72ms
[570.274s][info][gc,phases      ] GC(1381)   Post Evacuate Collection Set: 0.39ms
[570.274s][info][gc,phases      ] GC(1381)   Other: 0.10ms
[570.274s][info][gc,heap        ] GC(1381) Eden regions: 166->0(163)
[570.274s][info][gc,heap        ] GC(1381) Survivor regions: 8->15(22)
[570.274s][info][gc,heap        ] GC(1381) Old regions: 725->725
[570.274s][info][gc,heap        ] GC(1381) Humongous regions: 10->10
[570.274s][info][gc,metaspace   ] GC(1381) Metaspace: 19087K(19264K)->19087K(19264K) NonClass: 16427K(16512K)->16427K(16512K) Class: 2660K(2752K)->2660K(2752K)
[570.274s][info][gc             ] GC(1381) Pause Young (Normal) (G1 Evacuation Pause) 907M->748M(978M) 21.936ms
[570.274s][info][gc,cpu         ] GC(1381) User=0.04s Sys=0.00s Real=0.02s
[570.458s][info][gc,start       ] GC(1382) Pause Young (Normal) (G1 Evacuation Pause)
[570.458s][info][gc,task        ] GC(1382) Using 2 workers of 2 for evacuation
[570.498s][info][gc,phases      ] GC(1382)   Pre Evacuate Collection Set: 0.30ms
[570.498s][info][gc,phases      ] GC(1382)   Merge Heap Roots: 0.28ms
[570.498s][info][gc,phases      ] GC(1382)   Evacuate Collection Set: 39.11ms
[570.498s][info][gc,phases      ] GC(1382)   Post Evacuate Collection Set: 0.39ms
[570.498s][info][gc,phases      ] GC(1382)   Other: 0.08ms
[570.498s][info][gc,heap        ] GC(1382) Eden regions: 163->0(139)
[570.498s][info][gc,heap        ] GC(1382) Survivor regions: 15->23(23)
[570.498s][info][gc,heap        ] GC(1382) Old regions: 725->733
[570.498s][info][gc,heap        ] GC(1382) Humongous regions: 10->10
[570.498s][info][gc,metaspace   ] GC(1382) Metaspace: 19087K(19264K)->19087K(19264K) NonClass: 16427K(16512K)->16427K(16512K) Class: 2660K(2752K)->2660K(2752K)
[570.498s][info][gc             ] GC(1382) Pause Young (Normal) (G1 Evacuation Pause) 911M->765M(978M) 40.409ms
[570.498s][info][gc,cpu         ] GC(1382) User=0.08s Sys=0.01s Real=0.04s
[570.815s][info][gc,start       ] GC(1383) Pause Young (Normal) (G1 Evacuation Pause)
[570.815s][info][gc,task        ] GC(1383) Using 2 workers of 2 for evacuation
[570.859s][info][gc,phases      ] GC(1383)   Pre Evacuate Collection Set: 0.52ms
[570.859s][info][gc,phases      ] GC(1383)   Merge Heap Roots: 0.20ms
[570.859s][info][gc,phases      ] GC(1383)   Evacuate Collection Set: 42.96ms
[570.859s][info][gc,phases      ] GC(1383)   Post Evacuate Collection Set: 0.44ms
[570.859s][info][gc,phases      ] GC(1383)   Other: 0.07ms
[570.859s][info][gc,heap        ] GC(1383) Eden regions: 139->0(125)
[570.859s][info][gc,heap        ] GC(1383) Survivor regions: 23->18(21)
[570.859s][info][gc,heap        ] GC(1383) Old regions: 733->757
[570.859s][info][gc,heap        ] GC(1383) Humongous regions: 10->10
[570.859s][info][gc,metaspace   ] GC(1383) Metaspace: 19087K(19264K)->19087K(19264K) NonClass: 16427K(16512K)->16427K(16512K) Class: 2660K(2752K)->2660K(2752K)
[570.859s][info][gc             ] GC(1383) Pause Young (Normal) (G1 Evacuation Pause) 904M->783M(978M) 44.422ms
[570.859s][info][gc,cpu         ] GC(1383) User=0.09s Sys=0.00s Real=0.05s
[570.887s][info][gc,marking     ] GC(1380) Concurrent Mark From Roots 811.505ms
[570.887s][info][gc,marking     ] GC(1380) Concurrent Preclean
[570.887s][info][gc,marking     ] GC(1380) Concurrent Preclean 0.056ms
[570.887s][info][gc,start       ] GC(1380) Pause Remark
[570.895s][info][gc             ] GC(1380) Pause Remark 795M->438M(978M) 8.054ms
[570.895s][info][gc,cpu         ] GC(1380) User=0.02s Sys=0.00s Real=0.00s
[570.895s][info][gc,marking     ] GC(1380) Concurrent Mark 819.870ms
[570.895s][info][gc,marking     ] GC(1380) Concurrent Rebuild Remembered Sets and Scrub Regions
[571.127s][info][gc,marking     ] GC(1380) Concurrent Rebuild Remembered Sets and Scrub Regions 231.595ms
[571.127s][info][gc,start       ] GC(1380) Pause Cleanup
[571.127s][info][gc             ] GC(1380) Pause Cleanup 490M->490M(978M) 0.125ms
[571.127s][info][gc,cpu         ] GC(1380) User=0.00s Sys=0.00s Real=0.00s
[571.127s][info][gc,marking     ] GC(1380) Concurrent Clear Claimed Marks
[571.127s][info][gc,marking     ] GC(1380) Concurrent Clear Claimed Marks 0.029ms
[571.127s][info][gc,marking     ] GC(1380) Concurrent Cleanup for Next Mark
[571.130s][info][gc,marking     ] GC(1380) Concurrent Cleanup for Next Mark 2.820ms
[571.130s][info][gc             ] GC(1380) Concurrent Mark Cycle 1102.404ms
[571.349s][info][gc,start       ] GC(1384) Pause Young (Prepare Mixed) (G1 Evacuation Pause)
[571.349s][info][gc,task        ] GC(1384) Using 2 workers of 2 for evacuation
[571.374s][info][gc,phases      ] GC(1384)   Pre Evacuate Collection Set: 0.31ms
[571.374s][info][gc,phases      ] GC(1384)   Merge Heap Roots: 0.23ms
[571.374s][info][gc,phases      ] GC(1384)   Evacuate Collection Set: 23.13ms
[571.374s][info][gc,phases      ] GC(1384)   Post Evacuate Collection Set: 0.39ms
[571.374s][info][gc,phases      ] GC(1384)   Other: 0.07ms
[571.374s][info][gc,heap        ] GC(1384) Eden regions: 125->0(334)
[571.374s][info][gc,heap        ] GC(1384) Survivor regions: 18->4(18)
[571.374s][info][gc,heap        ] GC(1384) Old regions: 406->424
[571.374s][info][gc,heap        ] GC(1384) Humongous regions: 4->4
[571.374s][info][gc,metaspace   ] GC(1384) Metaspace: 19087K(19264K)->19087K(19264K) NonClass: 16427K(16512K)->16427K(16512K) Class: 2660K(2752K)->2660K(2752K)
[571.374s][info][gc             ] GC(1384) Pause Young (Prepare Mixed) (G1 Evacuation Pause) 551M->431M(978M) 24.368ms
[571.374s][info][gc,cpu         ] GC(1384) User=0.05s Sys=0.00s Real=0.02s
[572.102s][info][gc,start       ] GC(1385) Pause Young (Mixed) (G1 Evacuation Pause)
[572.102s][info][gc,task        ] GC(1385) Using 2 workers of 2 for evacuation
[572.113s][info][gc,phases      ] GC(1385)   Pre Evacuate Collection Set: 0.55ms
[572.113s][info][gc,phases      ] GC(1385)   Merge Heap Roots: 0.32ms
[572.113s][info][gc,phases      ] GC(1385)   Evacuate Collection Set: 9.56ms
[572.113s][info][gc,phases      ] GC(1385)   Post Evacuate Collection Set: 0.64ms
[572.113s][info][gc,phases      ] GC(1385)   Other: 0.10ms
[572.113s][info][gc,heap        ] GC(1385) Eden regions: 334->0(394)
[572.113s][info][gc,heap        ] GC(1385) Survivor regions: 4->5(43)
[572.113s][info][gc,heap        ] GC(1385) Old regions: 424->349
[572.113s][info][gc,heap        ] GC(1385) Humongous regions: 4->4
[572.113s][info][gc,metaspace   ] GC(1385) Metaspace: 19087K(19264K)->19087K(19264K) NonClass: 16427K(16512K)->16427K(16512K) Class: 2660K(2752K)->2660K(2752K)
[572.113s][info][gc             ] GC(1385) Pause Young (Mixed) (G1 Evacuation Pause) 765M->357M(978M) 11.365ms
[572.114s][info][gc,cpu         ] GC(1385) User=0.02s Sys=0.00s Real=0.01s
[572.699s][info][gc,start       ] GC(1386) Pause Young (Concurrent Start) (G1 Evacuation Pause)
[572.699s][info][gc,task        ] GC(1386) Using 2 workers of 2 for evacuation
[572.779s][info][gc,phases      ] GC(1386)   Pre Evacuate Collection Set: 0.27ms
[572.779s][info][gc,phases      ] GC(1386)   Merge Heap Roots: 0.42ms
[572.779s][info][gc,phases      ] GC(1386)   Evacuate Collection Set: 78.65ms
[572.779s][info][gc,phases      ] GC(1386)   Post Evacuate Collection Set: 0.76ms
[572.779s][info][gc,phases      ] GC(1386)   Other: 0.09ms
[572.779s][info][gc,heap        ] GC(1386) Eden regions: 394->0(349)
[572.779s][info][gc,heap        ] GC(1386) Survivor regions: 5->50(50)
[572.779s][info][gc,heap        ] GC(1386) Old regions: 349->373
[572.779s][info][gc,heap        ] GC(1386) Humongous regions: 4->4
[572.779s][info][gc,metaspace   ] GC(1386) Metaspace: 19089K(19264K)->19089K(19264K) NonClass: 16428K(16512K)->16428K(16512K) Class: 2660K(2752K)->2660K(2752K)
[572.779s][info][gc             ] GC(1386) Pause Young (Concurrent Start) (G1 Evacuation Pause) 751M->426M(978M) 80.420ms
[572.779s][info][gc             ] GC(1387) Concurrent Mark Cycle
[572.779s][info][gc,marking     ] GC(1387) Concurrent Scan Root Regions
[572.780s][info][gc,cpu         ] GC(1386) User=0.16s Sys=0.00s Real=0.08s
[572.854s][info][gc,marking     ] GC(1387) Concurrent Scan Root Regions 74.584ms
[572.854s][info][gc,marking     ] GC(1387) Concurrent Mark
[572.854s][info][gc,marking     ] GC(1387) Concurrent Mark From Roots
[572.854s][info][gc,task        ] GC(1387) Using 1 workers of 1 for marking
[573.496s][info][gc,start       ] GC(1388) Pause Young (Normal) (G1 Evacuation Pause)
[573.496s][info][gc,task        ] GC(1388) Using 2 workers of 2 for evacuation
[573.605s][info][gc,phases      ] GC(1388)   Pre Evacuate Collection Set: 0.30ms
[573.605s][info][gc,phases      ] GC(1388)   Merge Heap Roots: 0.53ms
[573.605s][info][gc,phases      ] GC(1388)   Evacuate Collection Set: 106.47ms
[573.605s][info][gc,phases      ] GC(1388)   Post Evacuate Collection Set: 0.70ms
[573.605s][info][gc,phases      ] GC(1388)   Other: 0.08ms
[573.605s][info][gc,heap        ] GC(1388) Eden regions: 349->0(330)
[573.605s][info][gc,heap        ] GC(1388) Survivor regions: 50->42(50)
[573.605s][info][gc,heap        ] GC(1388) Old regions: 373->424
[573.605s][info][gc,heap        ] GC(1388) Humongous regions: 7->7
[573.605s][info][gc,metaspace   ] GC(1388) Metaspace: 19089K(19264K)->19089K(19264K) NonClass: 16428K(16512K)->16428K(16512K) Class: 2660K(2752K)->2660K(2752K)
[573.605s][info][gc             ] GC(1388) Pause Young (Normal) (G1 Evacuation Pause) 778M->472M(978M) 108.334ms
[573.605s][info][gc,cpu         ] GC(1388) User=0.22s Sys=0.00s Real=0.11s
[573.957s][info][gc,start       ] GC(1389) Pause Young (Normal) (G1 Evacuation Pause)
[573.957s][info][gc,task        ] GC(1389) Using 2 workers of 2 for evacuation
[574.074s][info][gc,phases      ] GC(1389)   Pre Evacuate Collection Set: 0.30ms
[574.074s][info][gc,phases      ] GC(1389)   Merge Heap Roots: 0.40ms
[574.074s][info][gc,phases      ] GC(1389)   Evacuate Collection Set: 115.39ms
[574.074s][info][gc,phases      ] GC(1389)   Post Evacuate Collection Set: 0.68ms
[574.074s][info][gc,phases      ] GC(1389)   Other: 0.09ms
[574.074s][info][gc,heap        ] GC(1389) Eden regions: 330->0(290)
[574.074s][info][gc,heap        ] GC(1389) Survivor regions: 42->47(47)
[574.074s][info][gc,heap        ] GC(1389) Old regions: 424->479
[574.074s][info][gc,heap        ] GC(1389) Humongous regions: 7->7
[574.074s][info][gc,metaspace   ] GC(1389) Metaspace: 19089K(19264K)->19089K(19264K) NonClass: 16428K(16512K)->16428K(16512K) Class: 2660K(2752K)->2660K(2752K)
[574.074s][info][gc             ] GC(1389) Pause Young (Normal) (G1 Evacuation Pause) 802M->532M(978M) 117.101ms
[574.074s][info][gc,cpu         ] GC(1389) User=0.23s Sys=0.00s Real=0.12s
[574.076s][info][gc,marking     ] GC(1387) Concurrent Mark From Roots 1222.063ms
[574.076s][info][gc,marking     ] GC(1387) Concurrent Preclean
[574.076s][info][gc,marking     ] GC(1387) Concurrent Preclean 0.047ms
[574.077s][info][gc,start       ] GC(1387) Pause Remark
[574.084s][info][gc             ] GC(1387) Pause Remark 533M->520M(978M) 7.760ms
[574.084s][info][gc,cpu         ] GC(1387) User=0.01s Sys=0.00s Real=0.01s
[574.084s][info][gc,marking     ] GC(1387) Concurrent Mark 1230.442ms
[574.084s][info][gc,marking     ] GC(1387) Concurrent Rebuild Remembered Sets and Scrub Regions
[574.373s][info][gc,start       ] GC(1390) Pause Young (Normal) (G1 Evacuation Pause)
[574.373s][info][gc,task        ] GC(1390) Using 2 workers of 2 for evacuation
[574.444s][info][gc,phases      ] GC(1390)   Pre Evacuate Collection Set: 0.27ms
[574.444s][info][gc,phases      ] GC(1390)   Merge Heap Roots: 0.39ms
[574.444s][info][gc,phases      ] GC(1390)   Evacuate Collection Set: 69.58ms
[574.444s][info][gc,phases      ] GC(1390)   Post Evacuate Collection Set: 0.56ms
[574.444s][info][gc,phases      ] GC(1390)   Other: 0.07ms
[574.444s][info][gc,heap        ] GC(1390) Eden regions: 290->0(300)
[574.444s][info][gc,heap        ] GC(1390) Survivor regions: 47->17(43)
[574.444s][info][gc,heap        ] GC(1390) Old regions: 466->513
[574.444s][info][gc,heap        ] GC(1390) Humongous regions: 8->8
[574.444s][info][gc,metaspace   ] GC(1390) Metaspace: 19089K(19264K)->19089K(19264K) NonClass: 16428K(16512K)->16428K(16512K) Class: 2660K(2752K)->2660K(2752K)
[574.444s][info][gc             ] GC(1390) Pause Young (Normal) (G1 Evacuation Pause) 810M->537M(978M) 71.114ms
[574.444s][info][gc,cpu         ] GC(1390) User=0.14s Sys=0.00s Real=0.07s
[574.564s][info][gc,marking     ] GC(1387) Concurrent Rebuild Remembered Sets and Scrub Regions 479.234ms
[574.565s][info][gc,start       ] GC(1387) Pause Cleanup
[574.565s][info][gc             ] GC(1387) Pause Cleanup 639M->639M(978M) 0.099ms
[574.565s][info][gc,cpu         ] GC(1387) User=0.00s Sys=0.00s Real=0.00s
[574.565s][info][gc,marking     ] GC(1387) Concurrent Clear Claimed Marks
[574.565s][info][gc,marking     ] GC(1387) Concurrent Clear Claimed Marks 0.031ms
[574.565s][info][gc,marking     ] GC(1387) Concurrent Cleanup for Next Mark
[574.572s][info][gc,marking     ] GC(1387) Concurrent Cleanup for Next Mark 7.024ms
[574.572s][info][gc             ] GC(1387) Concurrent Mark Cycle 1792.513ms
[574.730s][info][gc,start       ] GC(1391) Pause Young (Prepare Mixed) (G1 Evacuation Pause)
[574.730s][info][gc,task        ] GC(1391) Using 2 workers of 2 for evacuation
[574.778s][info][gc,phases      ] GC(1391)   Pre Evacuate Collection Set: 0.32ms
[574.778s][info][gc,phases      ] GC(1391)   Merge Heap Roots: 0.30ms
[574.778s][info][gc,phases      ] GC(1391)   Evacuate Collection Set: 47.17ms
[574.778s][info][gc,phases      ] GC(1391)   Post Evacuate Collection Set: 0.59ms
[574.778s][info][gc,phases      ] GC(1391)   Other: 0.08ms
[574.778s][info][gc,heap        ] GC(1391) Eden regions: 300->0(300)
[574.778s][info][gc,heap        ] GC(1391) Survivor regions: 17->35(40)
[574.778s][info][gc,heap        ] GC(1391) Old regions: 513->513
[574.778s][info][gc,heap        ] GC(1391) Humongous regions: 8->8
[574.778s][info][gc,metaspace   ] GC(1391) Metaspace: 19089K(19264K)->19089K(19264K) NonClass: 16428K(16512K)->16428K(16512K) Class: 2660K(2752K)->2660K(2752K)
[574.778s][info][gc             ] GC(1391) Pause Young (Prepare Mixed) (G1 Evacuation Pause) 837M->555M(978M) 48.726ms
[574.778s][info][gc,cpu         ] GC(1391) User=0.10s Sys=0.00s Real=0.05s
[575.266s][info][gc,start       ] GC(1392) Pause Young (Mixed) (G1 Evacuation Pause)
[575.266s][info][gc,task        ] GC(1392) Using 2 workers of 2 for evacuation
[575.357s][info][gc,phases      ] GC(1392)   Pre Evacuate Collection Set: 0.29ms
[575.357s][info][gc,phases      ] GC(1392)   Merge Heap Roots: 0.57ms
[575.357s][info][gc,phases      ] GC(1392)   Evacuate Collection Set: 88.90ms
[575.357s][info][gc,phases      ] GC(1392)   Post Evacuate Collection Set: 0.68ms
[575.357s][info][gc,phases      ] GC(1392)   Other: 0.07ms
[575.357s][info][gc,heap        ] GC(1392) Eden regions: 300->0(284)
[575.357s][info][gc,heap        ] GC(1392) Survivor regions: 35->42(42)
[575.357s][info][gc,heap        ] GC(1392) Old regions: 513->532
[575.357s][info][gc,heap        ] GC(1392) Humongous regions: 8->8
[575.357s][info][gc,metaspace   ] GC(1392) Metaspace: 19089K(19264K)->19089K(19264K) NonClass: 16428K(16512K)->16428K(16512K) Class: 2660K(2752K)->2660K(2752K)
[575.357s][info][gc             ] GC(1392) Pause Young (Mixed) (G1 Evacuation Pause) 855M->581M(978M) 90.717ms
[575.357s][info][gc,cpu         ] GC(1392) User=0.18s Sys=0.00s Real=0.10s
[575.675s][info][gc,start       ] GC(1393) Pause Young (Concurrent Start) (G1 Evacuation Pause)
[575.675s][info][gc,task        ] GC(1393) Using 2 workers of 2 for evacuation
[575.764s][info][gc,phases      ] GC(1393)   Pre Evacuate Collection Set: 0.31ms
[575.764s][info][gc,phases      ] GC(1393)   Merge Heap Roots: 0.31ms
[575.764s][info][gc,phases      ] GC(1393)   Evacuate Collection Set: 87.87ms
[575.764s][info][gc,phases      ] GC(1393)   Post Evacuate Collection Set: 0.61ms
[575.764s][info][gc,phases      ] GC(1393)   Other: 0.10ms
[575.764s][info][gc,heap        ] GC(1393) Eden regions: 284->0(244)
[575.764s][info][gc,heap        ] GC(1393) Survivor regions: 42->41(41)
[575.764s][info][gc,heap        ] GC(1393) Old regions: 532->579
[575.764s][info][gc,heap        ] GC(1393) Humongous regions: 8->8
[575.764s][info][gc,metaspace   ] GC(1393) Metaspace: 19089K(19264K)->19089K(19264K) NonClass: 16428K(16512K)->16428K(16512K) Class: 2660K(2752K)->2660K(2752K)
[575.764s][info][gc             ] GC(1393) Pause Young (Concurrent Start) (G1 Evacuation Pause) 865M->627M(978M) 89.449ms
[575.765s][info][gc             ] GC(1394) Concurrent Mark Cycle
[575.765s][info][gc,marking     ] GC(1394) Concurrent Scan Root Regions
[575.765s][info][gc,cpu         ] GC(1393) User=0.18s Sys=0.00s Real=0.09s
[575.847s][info][gc,marking     ] GC(1394) Concurrent Scan Root Regions 82.445ms
[575.847s][info][gc,marking     ] GC(1394) Concurrent Mark
[575.847s][info][gc,marking     ] GC(1394) Concurrent Mark From Roots
[575.847s][info][gc,task        ] GC(1394) Using 1 workers of 1 for marking
[576.296s][info][gc,start       ] GC(1395) Pause Young (Normal) (G1 Evacuation Pause)
[576.296s][info][gc,task        ] GC(1395) Using 2 workers of 2 for evacuation
[576.367s][info][gc,phases      ] GC(1395)   Pre Evacuate Collection Set: 0.31ms
[576.368s][info][gc,phases      ] GC(1395)   Merge Heap Roots: 0.20ms
[576.368s][info][gc,phases      ] GC(1395)   Evacuate Collection Set: 70.30ms
[576.368s][info][gc,phases      ] GC(1395)   Post Evacuate Collection Set: 0.54ms
[576.368s][info][gc,phases      ] GC(1395)   Other: 0.08ms
[576.368s][info][gc,heap        ] GC(1395) Eden regions: 244->0(214)
[576.368s][info][gc,heap        ] GC(1395) Survivor regions: 41->36(36)
[576.368s][info][gc,heap        ] GC(1395) Old regions: 579->624
[576.368s][info][gc,heap        ] GC(1395) Humongous regions: 8->8
[576.368s][info][gc,metaspace   ] GC(1395) Metaspace: 19089K(19264K)->19089K(19264K) NonClass: 16428K(16512K)->16428K(16512K) Class: 2660K(2752K)->2660K(2752K)
[576.368s][info][gc             ] GC(1395) Pause Young (Normal) (G1 Evacuation Pause) 871M->667M(978M) 71.674ms
[576.368s][info][gc,cpu         ] GC(1395) User=0.14s Sys=0.00s Real=0.08s
[576.814s][info][gc,marking     ] GC(1394) Concurrent Mark From Roots 967.412ms
[576.815s][info][gc,marking     ] GC(1394) Concurrent Preclean
[576.815s][info][gc,marking     ] GC(1394) Concurrent Preclean 0.052ms
[576.815s][info][gc,start       ] GC(1394) Pause Remark
[576.823s][info][gc             ] GC(1394) Pause Remark 866M->797M(978M) 7.978ms
[576.823s][info][gc,cpu         ] GC(1394) User=0.02s Sys=0.00s Real=0.01s
[576.826s][info][gc,marking     ] GC(1394) Concurrent Mark 978.938ms
[576.826s][info][gc,marking     ] GC(1394) Concurrent Rebuild Remembered Sets and Scrub Regions
[576.871s][info][gc,start       ] GC(1396) Pause Young (Normal) (G1 Evacuation Pause)
[576.871s][info][gc,task        ] GC(1396) Using 2 workers of 2 for evacuation
[576.962s][info][gc,phases      ] GC(1396)   Pre Evacuate Collection Set: 0.44ms
[576.962s][info][gc,phases      ] GC(1396)   Merge Heap Roots: 0.26ms
[576.962s][info][gc,phases      ] GC(1396)   Evacuate Collection Set: 89.24ms
[576.962s][info][gc,phases      ] GC(1396)   Post Evacuate Collection Set: 0.56ms
[576.962s][info][gc,phases      ] GC(1396)   Other: 0.07ms
[576.962s][info][gc,heap        ] GC(1396) Eden regions: 214->0(219)
[576.962s][info][gc,heap        ] GC(1396) Survivor regions: 36->32(32)
[576.962s][info][gc,heap        ] GC(1396) Old regions: 558->605
[576.962s][info][gc,heap        ] GC(1396) Humongous regions: 8->8
[576.962s][info][gc,metaspace   ] GC(1396) Metaspace: 19089K(19264K)->19089K(19264K) NonClass: 16428K(16512K)->16428K(16512K) Class: 2660K(2752K)->2660K(2752K)
[576.962s][info][gc             ] GC(1396) Pause Young (Normal) (G1 Evacuation Pause) 815M->644M(978M) 90.778ms
[576.962s][info][gc,cpu         ] GC(1396) User=0.18s Sys=0.01s Real=0.09s
[577.252s][info][gc,start       ] GC(1397) Pause Young (Normal) (G1 Evacuation Pause)
[577.252s][info][gc,task        ] GC(1397) Using 2 workers of 2 for evacuation
[577.309s][info][gc,phases      ] GC(1397)   Pre Evacuate Collection Set: 0.46ms
[577.309s][info][gc,phases      ] GC(1397)   Merge Heap Roots: 0.37ms
[577.309s][info][gc,phases      ] GC(1397)   Evacuate Collection Set: 54.91ms
[577.309s][info][gc,phases      ] GC(1397)   Post Evacuate Collection Set: 0.44ms
[577.309s][info][gc,phases      ] GC(1397)   Other: 0.09ms
[577.309s][info][gc,heap        ] GC(1397) Eden regions: 219->0(220)
[577.309s][info][gc,heap        ] GC(1397) Survivor regions: 32->13(32)
[577.309s][info][gc,heap        ] GC(1397) Old regions: 605->637
[577.309s][info][gc,heap        ] GC(1397) Humongous regions: 8->8
[577.309s][info][gc,metaspace   ] GC(1397) Metaspace: 19089K(19264K)->19089K(19264K) NonClass: 16428K(16512K)->16428K(16512K) Class: 2660K(2752K)->2660K(2752K)
[577.309s][info][gc             ] GC(1397) Pause Young (Normal) (G1 Evacuation Pause) 863M->657M(978M) 56.505ms
[577.309s][info][gc,cpu         ] GC(1397) User=0.11s Sys=0.00s Real=0.06s
[577.380s][info][gc,marking     ] GC(1394) Concurrent Rebuild Remembered Sets and Scrub Regions 553.904ms
[577.380s][info][gc,start       ] GC(1394) Pause Cleanup
[577.380s][info][gc             ] GC(1394) Pause Cleanup 688M->688M(978M) 0.125ms
[577.380s][info][gc,cpu         ] GC(1394) User=0.00s Sys=0.00s Real=0.00s
[577.381s][info][gc,marking     ] GC(1394) Concurrent Clear Claimed Marks
[577.381s][info][gc,marking     ] GC(1394) Concurrent Clear Claimed Marks 0.036ms
[577.381s][info][gc,marking     ] GC(1394) Concurrent Cleanup for Next Mark
[577.384s][info][gc,marking     ] GC(1394) Concurrent Cleanup for Next Mark 3.105ms
[577.384s][info][gc             ] GC(1394) Concurrent Mark Cycle 1619.493ms
[577.626s][info][gc,start       ] GC(1398) Pause Young (Prepare Mixed) (G1 Evacuation Pause)
[577.626s][info][gc,task        ] GC(1398) Using 2 workers of 2 for evacuation
[577.656s][info][gc,phases      ] GC(1398)   Pre Evacuate Collection Set: 0.52ms
[577.656s][info][gc,phases      ] GC(1398)   Merge Heap Roots: 0.25ms
[577.656s][info][gc,phases      ] GC(1398)   Evacuate Collection Set: 28.84ms
[577.656s][info][gc,phases      ] GC(1398)   Post Evacuate Collection Set: 0.48ms
[577.656s][info][gc,phases      ] GC(1398)   Other: 0.09ms
[577.656s][info][gc,heap        ] GC(1398) Eden regions: 220->0(223)
[577.656s][info][gc,heap        ] GC(1398) Survivor regions: 13->23(30)
[577.656s][info][gc,heap        ] GC(1398) Old regions: 637->637
[577.656s][info][gc,heap        ] GC(1398) Humongous regions: 8->8
[577.656s][info][gc,metaspace   ] GC(1398) Metaspace: 19089K(19264K)->19089K(19264K) NonClass: 16428K(16512K)->16428K(16512K) Class: 2660K(2752K)->2660K(2752K)
[577.656s][info][gc             ] GC(1398) Pause Young (Prepare Mixed) (G1 Evacuation Pause) 877M->667M(978M) 30.395ms
[577.656s][info][gc,cpu         ] GC(1398) User=0.06s Sys=0.00s Real=0.03s
[578.062s][info][gc,start       ] GC(1399) Pause Young (Mixed) (G1 Evacuation Pause)
[578.062s][info][gc,task        ] GC(1399) Using 2 workers of 2 for evacuation
[578.201s][info][gc,phases      ] GC(1399)   Pre Evacuate Collection Set: 0.57ms
[578.201s][info][gc,phases      ] GC(1399)   Merge Heap Roots: 1.38ms
[578.201s][info][gc,phases      ] GC(1399)   Evacuate Collection Set: 116.29ms
[578.201s][info][gc,phases      ] GC(1399)   Merge Optional Heap Roots: 0.24ms
[578.201s][info][gc,phases      ] GC(1399)   Evacuate Optional Collection Set: 19.60ms
[578.201s][info][gc,phases      ] GC(1399)   Post Evacuate Collection Set: 1.03ms
[578.201s][info][gc,phases      ] GC(1399)   Other: 0.09ms
[578.201s][info][gc,heap        ] GC(1399) Eden regions: 223->0(254)
[578.201s][info][gc,heap        ] GC(1399) Survivor regions: 23->31(31)
[578.201s][info][gc,heap        ] GC(1399) Old regions: 637->581
[578.201s][info][gc,heap        ] GC(1399) Humongous regions: 8->8
[578.201s][info][gc,metaspace   ] GC(1399) Metaspace: 19089K(19264K)->19089K(19264K) NonClass: 16428K(16512K)->16428K(16512K) Class: 2660K(2752K)->2660K(2752K)
[578.201s][info][gc             ] GC(1399) Pause Young (Mixed) (G1 Evacuation Pause) 890M->619M(978M) 139.430ms
[578.201s][info][gc,cpu         ] GC(1399) User=0.27s Sys=0.00s Real=0.14s
[578.481s][info][gc,start       ] GC(1400) Pause Young (Concurrent Start) (G1 Evacuation Pause)
[578.482s][info][gc,task        ] GC(1400) Using 2 workers of 2 for evacuation
[578.576s][info][gc,phases      ] GC(1400)   Pre Evacuate Collection Set: 0.30ms
[578.576s][info][gc,phases      ] GC(1400)   Merge Heap Roots: 0.36ms
[578.576s][info][gc,phases      ] GC(1400)   Evacuate Collection Set: 92.55ms
[578.576s][info][gc,phases      ] GC(1400)   Post Evacuate Collection Set: 0.68ms
[578.576s][info][gc,phases      ] GC(1400)   Other: 0.11ms
[578.576s][info][gc,heap        ] GC(1400) Eden regions: 254->0(195)
[578.576s][info][gc,heap        ] GC(1400) Survivor regions: 31->36(36)
[578.576s][info][gc,heap        ] GC(1400) Old regions: 581->644
[578.576s][info][gc,heap        ] GC(1400) Humongous regions: 8->8
[578.576s][info][gc,metaspace   ] GC(1400) Metaspace: 19089K(19264K)->19089K(19264K) NonClass: 16428K(16512K)->16428K(16512K) Class: 2660K(2752K)->2660K(2752K)
[578.576s][info][gc             ] GC(1400) Pause Young (Concurrent Start) (G1 Evacuation Pause) 873M->687M(978M) 94.258ms
[578.576s][info][gc,cpu         ] GC(1400) User=0.18s Sys=0.00s Real=0.09s
[578.576s][info][gc             ] GC(1401) Concurrent Mark Cycle
[578.576s][info][gc,marking     ] GC(1401) Concurrent Scan Root Regions
[578.693s][info][gc,marking     ] GC(1401) Concurrent Scan Root Regions 117.166ms
[578.693s][info][gc,marking     ] GC(1401) Concurrent Mark
[578.693s][info][gc,marking     ] GC(1401) Concurrent Mark From Roots
[578.693s][info][gc,task        ] GC(1401) Using 1 workers of 1 for marking
[579.015s][info][gc,start       ] GC(1402) Pause Young (Normal) (G1 Evacuation Pause)
[579.015s][info][gc,task        ] GC(1402) Using 2 workers of 2 for evacuation
[579.101s][info][gc,phases      ] GC(1402)   Pre Evacuate Collection Set: 0.29ms
[579.101s][info][gc,phases      ] GC(1402)   Merge Heap Roots: 0.47ms
[579.101s][info][gc,phases      ] GC(1402)   Evacuate Collection Set: 84.08ms
[579.101s][info][gc,phases      ] GC(1402)   Post Evacuate Collection Set: 0.54ms
[579.101s][info][gc,phases      ] GC(1402)   Other: 0.11ms
[579.101s][info][gc,heap        ] GC(1402) Eden regions: 195->0(166)
[579.101s][info][gc,heap        ] GC(1402) Survivor regions: 36->29(29)
[579.101s][info][gc,heap        ] GC(1402) Old regions: 644->684
[579.101s][info][gc,heap        ] GC(1402) Humongous regions: 11->11
[579.101s][info][gc,metaspace   ] GC(1402) Metaspace: 19089K(19264K)->19089K(19264K) NonClass: 16428K(16512K)->16428K(16512K) Class: 2660K(2752K)->2660K(2752K)
[579.101s][info][gc             ] GC(1402) Pause Young (Normal) (G1 Evacuation Pause) 885M->723M(978M) 85.729ms
[579.101s][info][gc,cpu         ] GC(1402) User=0.17s Sys=0.00s Real=0.09s
[579.354s][info][gc,start       ] GC(1403) Pause Young (Normal) (G1 Evacuation Pause)
[579.354s][info][gc,task        ] GC(1403) Using 2 workers of 2 for evacuation
[579.417s][info][gc,phases      ] GC(1403)   Pre Evacuate Collection Set: 0.29ms
[579.417s][info][gc,phases      ] GC(1403)   Merge Heap Roots: 0.27ms
[579.417s][info][gc,phases      ] GC(1403)   Evacuate Collection Set: 61.80ms
[579.417s][info][gc,phases      ] GC(1403)   Post Evacuate Collection Set: 0.44ms
[579.417s][info][gc,phases      ] GC(1403)   Other: 0.08ms
[579.417s][info][gc,heap        ] GC(1403) Eden regions: 166->0(153)
[579.417s][info][gc,heap        ] GC(1403) Survivor regions: 29->24(25)
[579.417s][info][gc,heap        ] GC(1403) Old regions: 684->714
[579.417s][info][gc,heap        ] GC(1403) Humongous regions: 11->11
[579.417s][info][gc,metaspace   ] GC(1403) Metaspace: 19089K(19264K)->19089K(19264K) NonClass: 16428K(16512K)->16428K(16512K) Class: 2660K(2752K)->2660K(2752K)
[579.417s][info][gc             ] GC(1403) Pause Young (Normal) (G1 Evacuation Pause) 889M->747M(978M) 63.099ms
[579.417s][info][gc,cpu         ] GC(1403) User=0.12s Sys=0.00s Real=0.07s
[579.666s][info][gc,start       ] GC(1404) Pause Young (Normal) (G1 Evacuation Pause)
[579.666s][info][gc,task        ] GC(1404) Using 2 workers of 2 for evacuation
[579.694s][info][gc,phases      ] GC(1404)   Pre Evacuate Collection Set: 0.31ms
[579.694s][info][gc,phases      ] GC(1404)   Merge Heap Roots: 0.17ms
[579.694s][info][gc,phases      ] GC(1404)   Evacuate Collection Set: 27.11ms
[579.694s][info][gc,phases      ] GC(1404)   Post Evacuate Collection Set: 0.40ms
[579.694s][info][gc,phases      ] GC(1404)   Other: 0.07ms
[579.694s][info][gc,heap        ] GC(1404) Eden regions: 153->0(163)
[579.694s][info][gc,heap        ] GC(1404) Survivor regions: 24->1(23)
[579.694s][info][gc,heap        ] GC(1404) Old regions: 714->737
[579.694s][info][gc,heap        ] GC(1404) Humongous regions: 11->11
[579.694s][info][gc,metaspace   ] GC(1404) Metaspace: 19089K(19264K)->19089K(19264K) NonClass: 16428K(16512K)->16428K(16512K) Class: 2660K(2752K)->2660K(2752K)
[579.694s][info][gc             ] GC(1404) Pause Young (Normal) (G1 Evacuation Pause) 900M->748M(978M) 28.317ms
[579.694s][info][gc,cpu         ] GC(1404) User=0.06s Sys=0.01s Real=0.03s
[579.943s][info][gc,marking     ] GC(1401) Concurrent Mark From Roots 1250.101ms
[579.943s][info][gc,marking     ] GC(1401) Concurrent Preclean
[579.943s][info][gc,marking     ] GC(1401) Concurrent Preclean 0.055ms
[579.943s][info][gc,start       ] GC(1401) Pause Remark
[579.952s][info][gc             ] GC(1401) Pause Remark 893M->704M(978M) 8.255ms
[579.952s][info][gc,cpu         ] GC(1401) User=0.02s Sys=0.00s Real=0.01s
[579.952s][info][gc,marking     ] GC(1401) Concurrent Mark 1258.749ms
[579.952s][info][gc,marking     ] GC(1401) Concurrent Rebuild Remembered Sets and Scrub Regions
[580.007s][info][gc,start       ] GC(1405) Pause Young (Normal) (G1 Evacuation Pause)
[580.007s][info][gc,task        ] GC(1405) Using 2 workers of 2 for evacuation
[580.019s][info][gc,phases      ] GC(1405)   Pre Evacuate Collection Set: 0.47ms
[580.019s][info][gc,phases      ] GC(1405)   Merge Heap Roots: 0.20ms
[580.019s][info][gc,phases      ] GC(1405)   Evacuate Collection Set: 11.07ms
[580.019s][info][gc,phases      ] GC(1405)   Post Evacuate Collection Set: 0.37ms
[580.019s][info][gc,phases      ] GC(1405)   Other: 0.09ms
[580.019s][info][gc,heap        ] GC(1405) Eden regions: 163->0(284)
[580.019s][info][gc,heap        ] GC(1405) Survivor regions: 1->5(21)
[580.019s][info][gc,heap        ] GC(1405) Old regions: 552->552
[580.019s][info][gc,heap        ] GC(1405) Humongous regions: 7->7
[580.019s][info][gc,metaspace   ] GC(1405) Metaspace: 19089K(19264K)->19089K(19264K) NonClass: 16428K(16512K)->16428K(16512K) Class: 2660K(2752K)->2660K(2752K)
[580.019s][info][gc             ] GC(1405) Pause Young (Normal) (G1 Evacuation Pause) 722M->563M(978M) 12.403ms
[580.019s][info][gc,cpu         ] GC(1405) User=0.02s Sys=0.00s Real=0.01s
[580.489s][info][gc,marking     ] GC(1401) Concurrent Rebuild Remembered Sets and Scrub Regions 537.678ms
[580.490s][info][gc,start       ] GC(1401) Pause Cleanup
[580.490s][info][gc             ] GC(1401) Pause Cleanup 776M->776M(978M) 0.114ms
[580.490s][info][gc,cpu         ] GC(1401) User=0.00s Sys=0.00s Real=0.00s
[580.490s][info][gc,marking     ] GC(1401) Concurrent Clear Claimed Marks
[580.490s][info][gc,marking     ] GC(1401) Concurrent Clear Claimed Marks 0.030ms
[580.490s][info][gc,marking     ] GC(1401) Concurrent Cleanup for Next Mark
[580.493s][info][gc,marking     ] GC(1401) Concurrent Cleanup for Next Mark 2.842ms
[580.493s][info][gc             ] GC(1401) Concurrent Mark Cycle 1916.968ms
[580.733s][info][gc,start       ] GC(1406) Pause Young (Prepare Mixed) (G1 Evacuation Pause)
[580.733s][info][gc,task        ] GC(1406) Using 2 workers of 2 for evacuation
[580.770s][info][gc,phases      ] GC(1406)   Pre Evacuate Collection Set: 0.56ms
[580.770s][info][gc,phases      ] GC(1406)   Merge Heap Roots: 0.32ms
[580.770s][info][gc,phases      ] GC(1406)   Evacuate Collection Set: 36.20ms
[580.770s][info][gc,phases      ] GC(1406)   Post Evacuate Collection Set: 0.54ms
[580.770s][info][gc,phases      ] GC(1406)   Other: 0.11ms
[580.770s][info][gc,heap        ] GC(1406) Eden regions: 284->0(273)
[580.770s][info][gc,heap        ] GC(1406) Survivor regions: 5->31(37)
[580.770s][info][gc,heap        ] GC(1406) Old regions: 552->552
[580.770s][info][gc,heap        ] GC(1406) Humongous regions: 7->7
[580.770s][info][gc,metaspace   ] GC(1406) Metaspace: 19089K(19264K)->19089K(19264K) NonClass: 16428K(16512K)->16428K(16512K) Class: 2660K(2752K)->2660K(2752K)
[580.770s][info][gc             ] GC(1406) Pause Young (Prepare Mixed) (G1 Evacuation Pause) 847M->589M(978M) 37.958ms
[580.770s][info][gc,cpu         ] GC(1406) User=0.08s Sys=0.00s Real=0.04s
[581.416s][info][gc,start       ] GC(1407) Pause Young (Mixed) (G1 Evacuation Pause)
[581.416s][info][gc,task        ] GC(1407) Using 2 workers of 2 for evacuation
[581.462s][info][gc,phases      ] GC(1407)   Pre Evacuate Collection Set: 0.30ms
[581.462s][info][gc,phases      ] GC(1407)   Merge Heap Roots: 0.55ms
[581.462s][info][gc,phases      ] GC(1407)   Evacuate Collection Set: 44.45ms
[581.462s][info][gc,phases      ] GC(1407)   Post Evacuate Collection Set: 0.52ms
[581.462s][info][gc,phases      ] GC(1407)   Other: 0.08ms
[581.462s][info][gc,heap        ] GC(1407) Eden regions: 273->0(306)
[581.462s][info][gc,heap        ] GC(1407) Survivor regions: 31->1(38)
[581.462s][info][gc,heap        ] GC(1407) Old regions: 552->556
[581.462s][info][gc,heap        ] GC(1407) Humongous regions: 7->7
[581.462s][info][gc,metaspace   ] GC(1407) Metaspace: 19089K(19264K)->19089K(19264K) NonClass: 16428K(16512K)->16428K(16512K) Class: 2660K(2752K)->2660K(2752K)
[581.463s][info][gc             ] GC(1407) Pause Young (Mixed) (G1 Evacuation Pause) 862M->563M(978M) 46.168ms
[581.463s][info][gc,cpu         ] GC(1407) User=0.09s Sys=0.00s Real=0.05s
[581.862s][info][gc,start       ] GC(1408) Pause Young (Concurrent Start) (G1 Evacuation Pause)
[581.862s][info][gc,task        ] GC(1408) Using 2 workers of 2 for evacuation
[581.917s][info][gc,phases      ] GC(1408)   Pre Evacuate Collection Set: 0.46ms
[581.917s][info][gc,phases      ] GC(1408)   Merge Heap Roots: 0.19ms
[581.917s][info][gc,phases      ] GC(1408)   Evacuate Collection Set: 53.54ms
[581.917s][info][gc,phases      ] GC(1408)   Post Evacuate Collection Set: 0.66ms
[581.917s][info][gc,phases      ] GC(1408)   Other: 0.22ms
[581.917s][info][gc,heap        ] GC(1408) Eden regions: 306->0(240)
[581.917s][info][gc,heap        ] GC(1408) Survivor regions: 1->39(39)
[581.917s][info][gc,heap        ] GC(1408) Old regions: 556->578
[581.917s][info][gc,heap        ] GC(1408) Humongous regions: 7->7
[581.917s][info][gc,metaspace   ] GC(1408) Metaspace: 19089K(19264K)->19089K(19264K) NonClass: 16428K(16512K)->16428K(16512K) Class: 2660K(2752K)->2660K(2752K)
[581.917s][info][gc             ] GC(1408) Pause Young (Concurrent Start) (G1 Evacuation Pause) 869M->623M(978M) 55.302ms
[581.917s][info][gc,cpu         ] GC(1408) User=0.11s Sys=0.00s Real=0.06s
[581.917s][info][gc             ] GC(1409) Concurrent Mark Cycle
[581.917s][info][gc,marking     ] GC(1409) Concurrent Scan Root Regions
[581.971s][info][gc,marking     ] GC(1409) Concurrent Scan Root Regions 53.658ms
[581.971s][info][gc,marking     ] GC(1409) Concurrent Mark
[581.971s][info][gc,marking     ] GC(1409) Concurrent Mark From Roots
[581.971s][info][gc,task        ] GC(1409) Using 1 workers of 1 for marking
[582.407s][info][gc,start       ] GC(1410) Pause Young (Normal) (G1 Evacuation Pause)
[582.407s][info][gc,task        ] GC(1410) Using 2 workers of 2 for evacuation
[582.491s][info][gc,phases      ] GC(1410)   Pre Evacuate Collection Set: 0.30ms
[582.491s][info][gc,phases      ] GC(1410)   Merge Heap Roots: 0.37ms
[582.491s][info][gc,phases      ] GC(1410)   Evacuate Collection Set: 82.61ms
[582.491s][info][gc,phases      ] GC(1410)   Post Evacuate Collection Set: 0.58ms
[582.491s][info][gc,phases      ] GC(1410)   Other: 0.09ms
[582.491s][info][gc,heap        ] GC(1410) Eden regions: 240->0(218)
[582.491s][info][gc,heap        ] GC(1410) Survivor regions: 39->31(35)
[582.491s][info][gc,heap        ] GC(1410) Old regions: 578->618
[582.491s][info][gc,heap        ] GC(1410) Humongous regions: 10->10
[582.491s][info][gc,metaspace   ] GC(1410) Metaspace: 19089K(19264K)->19089K(19264K) NonClass: 16428K(16512K)->16428K(16512K) Class: 2660K(2752K)->2660K(2752K)
[582.491s][info][gc             ] GC(1410) Pause Young (Normal) (G1 Evacuation Pause) 866M->657M(978M) 84.202ms
[582.491s][info][gc,cpu         ] GC(1410) User=0.16s Sys=0.00s Real=0.08s
[582.877s][info][gc,start       ] GC(1411) Pause Young (Normal) (G1 Evacuation Pause)
[582.877s][info][gc,task        ] GC(1411) Using 2 workers of 2 for evacuation
[582.959s][info][gc,phases      ] GC(1411)   Pre Evacuate Collection Set: 0.32ms
[582.960s][info][gc,phases      ] GC(1411)   Merge Heap Roots: 0.32ms
[582.960s][info][gc,phases      ] GC(1411)   Evacuate Collection Set: 81.51ms
[582.960s][info][gc,phases      ] GC(1411)   Post Evacuate Collection Set: 0.52ms
[582.960s][info][gc,phases      ] GC(1411)   Other: 0.09ms
[582.960s][info][gc,heap        ] GC(1411) Eden regions: 218->0(191)
[582.960s][info][gc,heap        ] GC(1411) Survivor regions: 31->32(32)
[582.960s][info][gc,heap        ] GC(1411) Old regions: 618->653
[582.960s][info][gc,heap        ] GC(1411) Humongous regions: 10->10
[582.960s][info][gc,metaspace   ] GC(1411) Metaspace: 19089K(19264K)->19089K(19264K) NonClass: 16428K(16512K)->16428K(16512K) Class: 2660K(2752K)->2660K(2752K)
[582.960s][info][gc             ] GC(1411) Pause Young (Normal) (G1 Evacuation Pause) 875M->694M(978M) 83.006ms
[582.960s][info][gc,cpu         ] GC(1411) User=0.16s Sys=0.00s Real=0.09s
[583.239s][info][gc,start       ] GC(1412) Pause Young (Normal) (G1 Evacuation Pause)
[583.239s][info][gc,task        ] GC(1412) Using 2 workers of 2 for evacuation
[583.275s][info][gc,phases      ] GC(1412)   Pre Evacuate Collection Set: 0.53ms
[583.275s][info][gc,phases      ] GC(1412)   Merge Heap Roots: 0.19ms
[583.275s][info][gc,phases      ] GC(1412)   Evacuate Collection Set: 34.70ms
[583.275s][info][gc,phases      ] GC(1412)   Post Evacuate Collection Set: 0.44ms
[583.275s][info][gc,phases      ] GC(1412)   Other: 0.07ms
[583.275s][info][gc,heap        ] GC(1412) Eden regions: 191->0(200)
[583.275s][info][gc,heap        ] GC(1412) Survivor regions: 32->3(28)
[583.275s][info][gc,heap        ] GC(1412) Old regions: 653->686
[583.275s][info][gc,heap        ] GC(1412) Humongous regions: 10->10
[583.275s][info][gc,metaspace   ] GC(1412) Metaspace: 19089K(19264K)->19089K(19264K) NonClass: 16428K(16512K)->16428K(16512K) Class: 2660K(2752K)->2660K(2752K)
[583.275s][info][gc             ] GC(1412) Pause Young (Normal) (G1 Evacuation Pause) 885M->698M(978M) 36.139ms
[583.275s][info][gc,cpu         ] GC(1412) User=0.07s Sys=0.00s Real=0.03s
[583.682s][info][gc,start       ] GC(1413) Pause Young (Normal) (G1 Evacuation Pause)
[583.683s][info][gc,task        ] GC(1413) Using 2 workers of 2 for evacuation
[583.709s][info][gc,phases      ] GC(1413)   Pre Evacuate Collection Set: 0.52ms
[583.709s][info][gc,phases      ] GC(1413)   Merge Heap Roots: 0.53ms
[583.709s][info][gc,phases      ] GC(1413)   Evacuate Collection Set: 24.91ms
[583.709s][info][gc,phases      ] GC(1413)   Post Evacuate Collection Set: 0.40ms
[583.709s][info][gc,phases      ] GC(1413)   Other: 0.10ms
[583.709s][info][gc,heap        ] GC(1413) Eden regions: 200->0(206)
[583.709s][info][gc,heap        ] GC(1413) Survivor regions: 3->7(26)
[583.709s][info][gc,heap        ] GC(1413) Old regions: 686->686
[583.709s][info][gc,heap        ] GC(1413) Humongous regions: 10->10
[583.709s][info][gc,metaspace   ] GC(1413) Metaspace: 19089K(19264K)->19089K(19264K) NonClass: 16428K(16512K)->16428K(16512K) Class: 2660K(2752K)->2660K(2752K)
[583.709s][info][gc             ] GC(1413) Pause Young (Normal) (G1 Evacuation Pause) 898M->701M(978M) 26.651ms
[583.709s][info][gc,cpu         ] GC(1413) User=0.05s Sys=0.00s Real=0.03s
[583.977s][info][gc,marking     ] GC(1409) Concurrent Mark From Roots 2006.354ms
[583.977s][info][gc,marking     ] GC(1409) Concurrent Preclean
[583.978s][info][gc,marking     ] GC(1409) Concurrent Preclean 0.056ms
[583.978s][info][gc,start       ] GC(1409) Pause Remark
[583.986s][info][gc             ] GC(1409) Pause Remark 802M->788M(978M) 7.811ms
[583.986s][info][gc,cpu         ] GC(1409) User=0.01s Sys=0.00s Real=0.00s
[583.986s][info][gc,marking     ] GC(1409) Concurrent Mark 2014.725ms
[583.986s][info][gc,marking     ] GC(1409) Concurrent Rebuild Remembered Sets and Scrub Regions
[584.180s][info][gc,start       ] GC(1414) Pause Young (Normal) (G1 Evacuation Pause)
[584.180s][info][gc,task        ] GC(1414) Using 2 workers of 2 for evacuation
[584.221s][info][gc,phases      ] GC(1414)   Pre Evacuate Collection Set: 0.32ms
[584.221s][info][gc,phases      ] GC(1414)   Merge Heap Roots: 0.24ms
[584.221s][info][gc,phases      ] GC(1414)   Evacuate Collection Set: 40.15ms
[584.221s][info][gc,phases      ] GC(1414)   Post Evacuate Collection Set: 0.42ms
[584.221s][info][gc,phases      ] GC(1414)   Other: 0.08ms
[584.221s][info][gc,heap        ] GC(1414) Eden regions: 206->0(184)
[584.221s][info][gc,heap        ] GC(1414) Survivor regions: 7->27(27)
[584.221s][info][gc,heap        ] GC(1414) Old regions: 673->681
[584.221s][info][gc,heap        ] GC(1414) Humongous regions: 9->9
[584.221s][info][gc,metaspace   ] GC(1414) Metaspace: 19089K(19264K)->19089K(19264K) NonClass: 16428K(16512K)->16428K(16512K) Class: 2660K(2752K)->2660K(2752K)
[584.221s][info][gc             ] GC(1414) Pause Young (Normal) (G1 Evacuation Pause) 893M->716M(978M) 41.394ms
[584.221s][info][gc,cpu         ] GC(1414) User=0.09s Sys=0.00s Real=0.04s
[584.528s][info][gc,start       ] GC(1415) Pause Young (Normal) (G1 Evacuation Pause)
[584.528s][info][gc,task        ] GC(1415) Using 2 workers of 2 for evacuation
[584.562s][info][gc,phases      ] GC(1415)   Pre Evacuate Collection Set: 0.53ms
[584.562s][info][gc,phases      ] GC(1415)   Merge Heap Roots: 0.23ms
[584.562s][info][gc,phases      ] GC(1415)   Evacuate Collection Set: 33.07ms
[584.562s][info][gc,phases      ] GC(1415)   Post Evacuate Collection Set: 0.39ms
[584.562s][info][gc,phases      ] GC(1415)   Other: 0.07ms
[584.562s][info][gc,heap        ] GC(1415) Eden regions: 184->0(192)
[584.562s][info][gc,heap        ] GC(1415) Survivor regions: 27->7(27)
[584.562s][info][gc,heap        ] GC(1415) Old regions: 681->709
[584.562s][info][gc,heap        ] GC(1415) Humongous regions: 9->9
[584.562s][info][gc,metaspace   ] GC(1415) Metaspace: 19089K(19264K)->19089K(19264K) NonClass: 16429K(16512K)->16429K(16512K) Class: 2660K(2752K)->2660K(2752K)
[584.562s][info][gc             ] GC(1415) Pause Young (Normal) (G1 Evacuation Pause) 900M->724M(978M) 34.490ms
[584.562s][info][gc,cpu         ] GC(1415) User=0.07s Sys=0.00s Real=0.03s
[584.770s][info][gc,marking     ] GC(1409) Concurrent Rebuild Remembered Sets and Scrub Regions 784.262ms
[584.770s][info][gc,start       ] GC(1409) Pause Cleanup
[584.770s][info][gc             ] GC(1409) Pause Cleanup 857M->857M(978M) 0.132ms
[584.770s][info][gc,cpu         ] GC(1409) User=0.00s Sys=0.00s Real=0.00s
[584.770s][info][gc,marking     ] GC(1409) Concurrent Clear Claimed Marks
[584.770s][info][gc,marking     ] GC(1409) Concurrent Clear Claimed Marks 0.035ms
[584.770s][info][gc,marking     ] GC(1409) Concurrent Cleanup for Next Mark
[584.775s][info][gc,marking     ] GC(1409) Concurrent Cleanup for Next Mark 4.899ms
[584.775s][info][gc             ] GC(1409) Concurrent Mark Cycle 2858.160ms
[584.829s][info][gc,start       ] GC(1416) Pause Young (Prepare Mixed) (G1 Evacuation Pause)
[584.829s][info][gc,task        ] GC(1416) Using 2 workers of 2 for evacuation
[584.867s][info][gc,phases      ] GC(1416)   Pre Evacuate Collection Set: 0.31ms
[584.867s][info][gc,phases      ] GC(1416)   Merge Heap Roots: 0.10ms
[584.867s][info][gc,phases      ] GC(1416)   Evacuate Collection Set: 36.91ms
[584.867s][info][gc,phases      ] GC(1416)   Post Evacuate Collection Set: 0.53ms
[584.867s][info][gc,phases      ] GC(1416)   Other: 0.07ms
[584.867s][info][gc,heap        ] GC(1416) Eden regions: 192->0(151)
[584.867s][info][gc,heap        ] GC(1416) Survivor regions: 7->25(25)
[584.867s][info][gc,heap        ] GC(1416) Old regions: 709->718
[584.867s][info][gc,heap        ] GC(1416) Humongous regions: 9->9
[584.867s][info][gc,metaspace   ] GC(1416) Metaspace: 19089K(19264K)->19089K(19264K) NonClass: 16429K(16512K)->16429K(16512K) Class: 2660K(2752K)->2660K(2752K)
[584.867s][info][gc             ] GC(1416) Pause Young (Prepare Mixed) (G1 Evacuation Pause) 916M->751M(978M) 38.121ms
[584.867s][info][gc,cpu         ] GC(1416) User=0.08s Sys=0.00s Real=0.03s
[585.057s][info][gc,start       ] GC(1417) Pause Young (Mixed) (G1 Evacuation Pause)
[585.057s][info][gc,task        ] GC(1417) Using 2 workers of 2 for evacuation
[585.090s][info][gc,phases      ] GC(1417)   Pre Evacuate Collection Set: 0.54ms
[585.090s][info][gc,phases      ] GC(1417)   Merge Heap Roots: 0.22ms
[585.090s][info][gc,phases      ] GC(1417)   Evacuate Collection Set: 31.35ms
[585.090s][info][gc,phases      ] GC(1417)   Post Evacuate Collection Set: 0.40ms
[585.090s][info][gc,phases      ] GC(1417)   Other: 0.08ms
[585.090s][info][gc,heap        ] GC(1417) Eden regions: 151->0(176)
[585.090s][info][gc,heap        ] GC(1417) Survivor regions: 25->4(22)
[585.090s][info][gc,heap        ] GC(1417) Old regions: 718->732
[585.090s][info][gc,heap        ] GC(1417) Humongous regions: 9->9
[585.090s][info][gc,metaspace   ] GC(1417) Metaspace: 19089K(19264K)->19089K(19264K) NonClass: 16429K(16512K)->16429K(16512K) Class: 2660K(2752K)->2660K(2752K)
[585.090s][info][gc             ] GC(1417) Pause Young (Mixed) (G1 Evacuation Pause) 902M->744M(978M) 32.832ms
[585.090s][info][gc,cpu         ] GC(1417) User=0.06s Sys=0.00s Real=0.03s
[585.419s][info][gc,start       ] GC(1418) Pause Young (Concurrent Start) (G1 Evacuation Pause)
[585.419s][info][gc,task        ] GC(1418) Using 2 workers of 2 for evacuation
[585.437s][info][gc,phases      ] GC(1418)   Pre Evacuate Collection Set: 0.33ms
[585.437s][info][gc,phases      ] GC(1418)   Merge Heap Roots: 0.12ms
[585.437s][info][gc,phases      ] GC(1418)   Evacuate Collection Set: 16.88ms
[585.437s][info][gc,phases      ] GC(1418)   Post Evacuate Collection Set: 0.43ms
[585.437s][info][gc,phases      ] GC(1418)   Other: 0.09ms
[585.437s][info][gc,heap        ] GC(1418) Eden regions: 176->0(153)
[585.437s][info][gc,heap        ] GC(1418) Survivor regions: 4->17(23)
[585.437s][info][gc,heap        ] GC(1418) Old regions: 732->732
[585.437s][info][gc,heap        ] GC(1418) Humongous regions: 9->9
[585.437s][info][gc,metaspace   ] GC(1418) Metaspace: 19090K(19264K)->19090K(19264K) NonClass: 16430K(16512K)->16430K(16512K) Class: 2660K(2752K)->2660K(2752K)
[585.437s][info][gc             ] GC(1418) Pause Young (Concurrent Start) (G1 Evacuation Pause) 920M->757M(978M) 18.057ms
[585.437s][info][gc,cpu         ] GC(1418) User=0.04s Sys=0.00s Real=0.01s
[585.437s][info][gc             ] GC(1419) Concurrent Mark Cycle
[585.437s][info][gc,marking     ] GC(1419) Concurrent Scan Root Regions
[585.461s][info][gc,marking     ] GC(1419) Concurrent Scan Root Regions 24.109ms
[585.461s][info][gc,marking     ] GC(1419) Concurrent Mark
[585.461s][info][gc,marking     ] GC(1419) Concurrent Mark From Roots
[585.461s][info][gc,task        ] GC(1419) Using 1 workers of 1 for marking
[585.723s][info][gc,start       ] GC(1420) Pause Young (Normal) (G1 Evacuation Pause)
[585.724s][info][gc,task        ] GC(1420) Using 2 workers of 2 for evacuation
[585.756s][info][gc,phases      ] GC(1420)   Pre Evacuate Collection Set: 0.32ms
[585.756s][info][gc,phases      ] GC(1420)   Merge Heap Roots: 0.14ms
[585.756s][info][gc,phases      ] GC(1420)   Evacuate Collection Set: 31.14ms
[585.756s][info][gc,phases      ] GC(1420)   Post Evacuate Collection Set: 0.39ms
[585.756s][info][gc,phases      ] GC(1420)   Other: 0.09ms
[585.756s][info][gc,heap        ] GC(1420) Eden regions: 153->0(132)
[585.756s][info][gc,heap        ] GC(1420) Survivor regions: 17->19(22)
[585.756s][info][gc,heap        ] GC(1420) Old regions: 732->749
[585.756s][info][gc,heap        ] GC(1420) Humongous regions: 9->9
[585.756s][info][gc,metaspace   ] GC(1420) Metaspace: 19090K(19264K)->19090K(19264K) NonClass: 16430K(16512K)->16430K(16512K) Class: 2660K(2752K)->2660K(2752K)
[585.756s][info][gc             ] GC(1420) Pause Young (Normal) (G1 Evacuation Pause) 910M->775M(978M) 32.303ms
[585.756s][info][gc,cpu         ] GC(1420) User=0.06s Sys=0.00s Real=0.03s
[585.937s][info][gc,start       ] GC(1421) Pause Young (Normal) (G1 Evacuation Pause)
[585.937s][info][gc,task        ] GC(1421) Using 2 workers of 2 for evacuation
[585.989s][info][gc,phases      ] GC(1421)   Pre Evacuate Collection Set: 0.29ms
[585.989s][info][gc,phases      ] GC(1421)   Merge Heap Roots: 0.07ms
[585.989s][info][gc,phases      ] GC(1421)   Evacuate Collection Set: 50.80ms
[585.989s][info][gc,phases      ] GC(1421)   Post Evacuate Collection Set: 0.51ms
[585.989s][info][gc,phases      ] GC(1421)   Other: 0.08ms
[585.989s][info][gc,heap        ] GC(1421) Eden regions: 132->0(89)
[585.989s][info][gc,heap        ] GC(1421) Survivor regions: 19->19(19)
[585.989s][info][gc,heap        ] GC(1421) Old regions: 749->792
[585.989s][info][gc,heap        ] GC(1421) Humongous regions: 9->9
[585.989s][info][gc,metaspace   ] GC(1421) Metaspace: 19090K(19264K)->19090K(19264K) NonClass: 16430K(16512K)->16430K(16512K) Class: 2660K(2752K)->2660K(2752K)
[585.989s][info][gc             ] GC(1421) Pause Young (Normal) (G1 Evacuation Pause) 907M->819M(978M) 51.949ms
[585.989s][info][gc,cpu         ] GC(1421) User=0.10s Sys=0.00s Real=0.05s
[586.218s][info][gc,start       ] GC(1422) Pause Young (Normal) (G1 Evacuation Pause)
[586.218s][info][gc,task        ] GC(1422) Using 2 workers of 2 for evacuation
[586.253s][info][gc,phases      ] GC(1422)   Pre Evacuate Collection Set: 0.30ms
[586.253s][info][gc,phases      ] GC(1422)   Merge Heap Roots: 0.32ms
[586.253s][info][gc,phases      ] GC(1422)   Evacuate Collection Set: 33.58ms
[586.253s][info][gc,phases      ] GC(1422)   Post Evacuate Collection Set: 0.38ms
[586.253s][info][gc,phases      ] GC(1422)   Other: 0.08ms
[586.253s][info][gc,heap        ] GC(1422) Eden regions: 89->0(79)
[586.253s][info][gc,heap        ] GC(1422) Survivor regions: 19->14(14)
[586.253s][info][gc,heap        ] GC(1422) Old regions: 792->812
[586.253s][info][gc,heap        ] GC(1422) Humongous regions: 9->9
[586.253s][info][gc,metaspace   ] GC(1422) Metaspace: 19090K(19264K)->19090K(19264K) NonClass: 16430K(16512K)->16430K(16512K) Class: 2660K(2752K)->2660K(2752K)
[586.253s][info][gc             ] GC(1422) Pause Young (Normal) (G1 Evacuation Pause) 908M->834M(978M) 34.908ms
[586.253s][info][gc,cpu         ] GC(1422) User=0.07s Sys=0.00s Real=0.03s
[586.344s][info][gc,start       ] GC(1423) Pause Young (Normal) (G1 Evacuation Pause)
[586.344s][info][gc,task        ] GC(1423) Using 2 workers of 2 for evacuation
[586.364s][info][gc,phases      ] GC(1423)   Pre Evacuate Collection Set: 0.28ms
[586.364s][info][gc,phases      ] GC(1423)   Merge Heap Roots: 0.20ms
[586.364s][info][gc,phases      ] GC(1423)   Evacuate Collection Set: 19.17ms
[586.364s][info][gc,phases      ] GC(1423)   Post Evacuate Collection Set: 0.34ms
[586.364s][info][gc,phases      ] GC(1423)   Other: 0.06ms
[586.364s][info][gc,heap        ] GC(1423) Eden regions: 79->0(87)
[586.364s][info][gc,heap        ] GC(1423) Survivor regions: 14->3(12)
[586.364s][info][gc,heap        ] GC(1423) Old regions: 812->826
[586.364s][info][gc,heap        ] GC(1423) Humongous regions: 9->9
[586.364s][info][gc,metaspace   ] GC(1423) Metaspace: 19090K(19264K)->19090K(19264K) NonClass: 16430K(16512K)->16430K(16512K) Class: 2660K(2752K)->2660K(2752K)
[586.364s][info][gc             ] GC(1423) Pause Young (Normal) (G1 Evacuation Pause) 913M->836M(978M) 20.284ms
[586.364s][info][gc,cpu         ] GC(1423) User=0.04s Sys=0.00s Real=0.02s
[586.594s][info][gc,start       ] GC(1424) Pause Young (Normal) (G1 Evacuation Pause)
[586.594s][info][gc,task        ] GC(1424) Using 2 workers of 2 for evacuation
[586.636s][info][gc,phases      ] GC(1424)   Pre Evacuate Collection Set: 0.29ms
[586.636s][info][gc,phases      ] GC(1424)   Merge Heap Roots: 0.28ms
[586.636s][info][gc,phases      ] GC(1424)   Evacuate Collection Set: 40.85ms
[586.636s][info][gc,phases      ] GC(1424)   Post Evacuate Collection Set: 0.44ms
[586.636s][info][gc,phases      ] GC(1424)   Other: 0.08ms
[586.636s][info][gc,heap        ] GC(1424) Eden regions: 87->0(56)
[586.636s][info][gc,heap        ] GC(1424) Survivor regions: 3->12(12)
[586.636s][info][gc,heap        ] GC(1424) Old regions: 826->836
[586.636s][info][gc,heap        ] GC(1424) Humongous regions: 12->12
[586.636s][info][gc,metaspace   ] GC(1424) Metaspace: 19090K(19264K)->19090K(19264K) NonClass: 16430K(16512K)->16430K(16512K) Class: 2660K(2752K)->2660K(2752K)
[586.636s][info][gc             ] GC(1424) Pause Young (Normal) (G1 Evacuation Pause) 926M->859M(978M) 42.184ms
[586.636s][info][gc,cpu         ] GC(1424) User=0.08s Sys=0.00s Real=0.04s
[586.720s][info][gc,start       ] GC(1425) Pause Young (Normal) (G1 Evacuation Pause)
[586.720s][info][gc,task        ] GC(1425) Using 2 workers of 2 for evacuation
[586.760s][info][gc,phases      ] GC(1425)   Pre Evacuate Collection Set: 0.29ms
[586.760s][info][gc,phases      ] GC(1425)   Merge Heap Roots: 0.27ms
[586.760s][info][gc,phases      ] GC(1425)   Evacuate Collection Set: 38.76ms
[586.760s][info][gc,phases      ] GC(1425)   Post Evacuate Collection Set: 0.29ms
[586.760s][info][gc,phases      ] GC(1425)   Other: 0.06ms
[586.760s][info][gc,heap        ] GC(1425) Eden regions: 56->0(46)
[586.760s][info][gc,heap        ] GC(1425) Survivor regions: 12->9(9)
[586.760s][info][gc,heap        ] GC(1425) Old regions: 836->852
[586.760s][info][gc,heap        ] GC(1425) Humongous regions: 12->12
[586.760s][info][gc,metaspace   ] GC(1425) Metaspace: 19090K(19264K)->19090K(19264K) NonClass: 16430K(16512K)->16430K(16512K) Class: 2660K(2752K)->2660K(2752K)
[586.760s][info][gc             ] GC(1425) Pause Young (Normal) (G1 Evacuation Pause) 915M->872M(978M) 39.920ms
[586.760s][info][gc,cpu         ] GC(1425) User=0.07s Sys=0.00s Real=0.04s
[586.827s][info][gc,start       ] GC(1426) Pause Young (Normal) (G1 Evacuation Pause)
[586.827s][info][gc,task        ] GC(1426) Using 2 workers of 2 for evacuation
[586.848s][info][gc,phases      ] GC(1426)   Pre Evacuate Collection Set: 0.29ms
[586.848s][info][gc,phases      ] GC(1426)   Merge Heap Roots: 0.11ms
[586.848s][info][gc,phases      ] GC(1426)   Evacuate Collection Set: 20.03ms
[586.848s][info][gc,phases      ] GC(1426)   Post Evacuate Collection Set: 0.29ms
[586.848s][info][gc,phases      ] GC(1426)   Other: 0.07ms
[586.848s][info][gc,heap        ] GC(1426) Eden regions: 46->0(41)
[586.848s][info][gc,heap        ] GC(1426) Survivor regions: 9->7(7)
[586.848s][info][gc,heap        ] GC(1426) Old regions: 852->862
[586.848s][info][gc,heap        ] GC(1426) Humongous regions: 12->12
[586.848s][info][gc,metaspace   ] GC(1426) Metaspace: 19090K(19264K)->19090K(19264K) NonClass: 16430K(16512K)->16430K(16512K) Class: 2660K(2752K)->2660K(2752K)
[586.848s][info][gc             ] GC(1426) Pause Young (Normal) (G1 Evacuation Pause) 918M->880M(978M) 20.963ms
[586.848s][info][gc,cpu         ] GC(1426) User=0.04s Sys=0.00s Real=0.03s
[586.913s][info][gc,start       ] GC(1427) Pause Young (Normal) (G1 Evacuation Pause)
[586.913s][info][gc,task        ] GC(1427) Using 2 workers of 2 for evacuation
[586.934s][info][gc,phases      ] GC(1427)   Pre Evacuate Collection Set: 0.29ms
[586.934s][info][gc,phases      ] GC(1427)   Merge Heap Roots: 0.11ms
[586.934s][info][gc,phases      ] GC(1427)   Evacuate Collection Set: 19.87ms
[586.934s][info][gc,phases      ] GC(1427)   Post Evacuate Collection Set: 0.27ms
[586.934s][info][gc,phases      ] GC(1427)   Other: 0.08ms
[586.934s][info][gc,heap        ] GC(1427) Eden regions: 41->0(42)
[586.934s][info][gc,heap        ] GC(1427) Survivor regions: 7->6(6)
[586.934s][info][gc,heap        ] GC(1427) Old regions: 862->873
[586.934s][info][gc,heap        ] GC(1427) Humongous regions: 12->12
[586.934s][info][gc,metaspace   ] GC(1427) Metaspace: 19090K(19264K)->19090K(19264K) NonClass: 16430K(16512K)->16430K(16512K) Class: 2660K(2752K)->2660K(2752K)
[586.934s][info][gc             ] GC(1427) Pause Young (Normal) (G1 Evacuation Pause) 921M->890M(978M) 20.799ms
[586.934s][info][gc,cpu         ] GC(1427) User=0.05s Sys=0.00s Real=0.02s
[586.979s][info][gc,marking     ] GC(1419) Concurrent Mark From Roots 1518.395ms
[586.979s][info][gc,marking     ] GC(1419) Concurrent Preclean
[586.979s][info][gc,marking     ] GC(1419) Concurrent Preclean 0.052ms
[586.980s][info][gc,start       ] GC(1419) Pause Remark
[586.987s][info][gc             ] GC(1419) Pause Remark 907M->641M(978M) 7.876ms
[586.988s][info][gc,cpu         ] GC(1419) User=0.02s Sys=0.00s Real=0.01s
[586.988s][info][gc,marking     ] GC(1419) Concurrent Mark 1526.953ms
[586.988s][info][gc,marking     ] GC(1419) Concurrent Rebuild Remembered Sets and Scrub Regions
[587.012s][info][gc,start       ] GC(1428) Pause Young (Normal) (G1 Evacuation Pause)
[587.012s][info][gc,task        ] GC(1428) Using 2 workers of 2 for evacuation
[587.025s][info][gc,phases      ] GC(1428)   Pre Evacuate Collection Set: 0.43ms
[587.025s][info][gc,phases      ] GC(1428)   Merge Heap Roots: 0.10ms
[587.025s][info][gc,phases      ] GC(1428)   Evacuate Collection Set: 11.88ms
[587.025s][info][gc,phases      ] GC(1428)   Post Evacuate Collection Set: 0.26ms
[587.025s][info][gc,phases      ] GC(1428)   Other: 0.07ms
[587.025s][info][gc,heap        ] GC(1428) Eden regions: 42->0(240)
[587.025s][info][gc,heap        ] GC(1428) Survivor regions: 6->4(6)
[587.025s][info][gc,heap        ] GC(1428) Old regions: 612->619
[587.025s][info][gc,heap        ] GC(1428) Humongous regions: 7->7
[587.025s][info][gc,metaspace   ] GC(1428) Metaspace: 19090K(19264K)->19090K(19264K) NonClass: 16430K(16512K)->16430K(16512K) Class: 2660K(2752K)->2660K(2752K)
[587.025s][info][gc             ] GC(1428) Pause Young (Normal) (G1 Evacuation Pause) 666M->629M(978M) 12.910ms
[587.025s][info][gc,cpu         ] GC(1428) User=0.02s Sys=0.00s Real=0.01s
[587.348s][info][gc,start       ] GC(1429) Pause Young (Normal) (G1 Evacuation Pause)
[587.348s][info][gc,task        ] GC(1429) Using 2 workers of 2 for evacuation
[587.365s][info][gc,phases      ] GC(1429)   Pre Evacuate Collection Set: 0.49ms
[587.365s][info][gc,phases      ] GC(1429)   Merge Heap Roots: 0.22ms
[587.365s][info][gc,phases      ] GC(1429)   Evacuate Collection Set: 14.95ms
[587.365s][info][gc,phases      ] GC(1429)   Post Evacuate Collection Set: 0.43ms
[587.365s][info][gc,phases      ] GC(1429)   Other: 0.11ms
[587.365s][info][gc,heap        ] GC(1429) Eden regions: 240->0(251)
[587.365s][info][gc,heap        ] GC(1429) Survivor regions: 4->9(31)
[587.365s][info][gc,heap        ] GC(1429) Old regions: 619->619
[587.365s][info][gc,heap        ] GC(1429) Humongous regions: 7->7
[587.365s][info][gc,metaspace   ] GC(1429) Metaspace: 19090K(19264K)->19090K(19264K) NonClass: 16430K(16512K)->16430K(16512K) Class: 2660K(2752K)->2660K(2752K)
[587.365s][info][gc             ] GC(1429) Pause Young (Normal) (G1 Evacuation Pause) 869M->634M(978M) 16.403ms
[587.365s][info][gc,cpu         ] GC(1429) User=0.03s Sys=0.00s Real=0.01s
[587.543s][info][gc,marking     ] GC(1419) Concurrent Rebuild Remembered Sets and Scrub Regions 554.988ms
[587.543s][info][gc,start       ] GC(1419) Pause Cleanup
[587.543s][info][gc             ] GC(1419) Pause Cleanup 735M->735M(978M) 0.129ms
[587.543s][info][gc,cpu         ] GC(1419) User=0.00s Sys=0.00s Real=0.00s
[587.545s][info][gc,marking     ] GC(1419) Concurrent Clear Claimed Marks
[587.545s][info][gc,marking     ] GC(1419) Concurrent Clear Claimed Marks 0.055ms
[587.545s][info][gc,marking     ] GC(1419) Concurrent Cleanup for Next Mark
[587.548s][info][gc,marking     ] GC(1419) Concurrent Cleanup for Next Mark 2.844ms
[587.548s][info][gc             ] GC(1419) Concurrent Mark Cycle 2111.143ms
[587.756s][info][gc,start       ] GC(1430) Pause Young (Prepare Mixed) (G1 Evacuation Pause)
[587.756s][info][gc,task        ] GC(1430) Using 2 workers of 2 for evacuation
[587.795s][info][gc,phases      ] GC(1430)   Pre Evacuate Collection Set: 0.30ms
[587.795s][info][gc,phases      ] GC(1430)   Merge Heap Roots: 0.21ms
[587.795s][info][gc,phases      ] GC(1430)   Evacuate Collection Set: 37.89ms
[587.795s][info][gc,phases      ] GC(1430)   Post Evacuate Collection Set: 0.51ms
[587.795s][info][gc,phases      ] GC(1430)   Other: 0.08ms
[587.795s][info][gc,heap        ] GC(1430) Eden regions: 251->0(230)
[587.795s][info][gc,heap        ] GC(1430) Survivor regions: 9->33(33)
[587.795s][info][gc,heap        ] GC(1430) Old regions: 619->621
[587.795s][info][gc,heap        ] GC(1430) Humongous regions: 7->7
[587.795s][info][gc,metaspace   ] GC(1430) Metaspace: 19090K(19264K)->19090K(19264K) NonClass: 16430K(16512K)->16430K(16512K) Class: 2660K(2752K)->2660K(2752K)
[587.795s][info][gc             ] GC(1430) Pause Young (Prepare Mixed) (G1 Evacuation Pause) 885M->660M(978M) 39.227ms
[587.795s][info][gc,cpu         ] GC(1430) User=0.08s Sys=0.00s Real=0.04s
[588.372s][info][gc,start       ] GC(1431) Pause Young (Mixed) (G1 Evacuation Pause)
[588.372s][info][gc,task        ] GC(1431) Using 2 workers of 2 for evacuation
[588.422s][info][gc,phases      ] GC(1431)   Pre Evacuate Collection Set: 0.33ms
[588.422s][info][gc,phases      ] GC(1431)   Merge Heap Roots: 0.62ms
[588.422s][info][gc,phases      ] GC(1431)   Evacuate Collection Set: 47.83ms
[588.422s][info][gc,phases      ] GC(1431)   Post Evacuate Collection Set: 0.49ms
[588.422s][info][gc,phases      ] GC(1431)   Other: 0.09ms
[588.422s][info][gc,heap        ] GC(1431) Eden regions: 230->0(289)
[588.422s][info][gc,heap        ] GC(1431) Survivor regions: 33->1(33)
[588.422s][info][gc,heap        ] GC(1431) Old regions: 621->601
[588.422s][info][gc,heap        ] GC(1431) Humongous regions: 7->7
[588.422s][info][gc,metaspace   ] GC(1431) Metaspace: 19090K(19264K)->19090K(19264K) NonClass: 16430K(16512K)->16430K(16512K) Class: 2660K(2752K)->2660K(2752K)
[588.422s][info][gc             ] GC(1431) Pause Young (Mixed) (G1 Evacuation Pause) 890M->608M(978M) 49.624ms
[588.422s][info][gc,cpu         ] GC(1431) User=0.10s Sys=0.00s Real=0.05s
[588.801s][info][gc,start       ] GC(1432) Pause Young (Concurrent Start) (G1 Humongous Allocation)
[588.801s][info][gc,task        ] GC(1432) Using 2 workers of 2 for evacuation
[588.851s][info][gc,phases      ] GC(1432)   Pre Evacuate Collection Set: 0.33ms
[588.851s][info][gc,phases      ] GC(1432)   Merge Heap Roots: 0.12ms
[588.851s][info][gc,phases      ] GC(1432)   Evacuate Collection Set: 48.30ms
[588.851s][info][gc,phases      ] GC(1432)   Post Evacuate Collection Set: 0.59ms
[588.851s][info][gc,phases      ] GC(1432)   Other: 0.21ms
[588.851s][info][gc,heap        ] GC(1432) Eden regions: 283->0(231)
[588.851s][info][gc,heap        ] GC(1432) Survivor regions: 1->37(37)
[588.851s][info][gc,heap        ] GC(1432) Old regions: 601->610
[588.851s][info][gc,heap        ] GC(1432) Humongous regions: 7->7
[588.851s][info][gc,metaspace   ] GC(1432) Metaspace: 19090K(19264K)->19090K(19264K) NonClass: 16430K(16512K)->16430K(16512K) Class: 2660K(2752K)->2660K(2752K)
[588.851s][info][gc             ] GC(1432) Pause Young (Concurrent Start) (G1 Humongous Allocation) 891M->653M(978M) 49.775ms
[588.851s][info][gc,cpu         ] GC(1432) User=0.10s Sys=0.00s Real=0.05s
[588.851s][info][gc             ] GC(1433) Concurrent Mark Cycle
[588.853s][info][gc,marking     ] GC(1433) Concurrent Scan Root Regions
[588.898s][info][gc,marking     ] GC(1433) Concurrent Scan Root Regions 44.795ms
[588.898s][info][gc,marking     ] GC(1433) Concurrent Mark
[588.898s][info][gc,marking     ] GC(1433) Concurrent Mark From Roots
[588.898s][info][gc,task        ] GC(1433) Using 1 workers of 1 for marking
[589.521s][info][gc,start       ] GC(1434) Pause Young (Normal) (G1 Evacuation Pause)
[589.521s][info][gc,task        ] GC(1434) Using 2 workers of 2 for evacuation
[589.565s][info][gc,phases      ] GC(1434)   Pre Evacuate Collection Set: 0.29ms
[589.565s][info][gc,phases      ] GC(1434)   Merge Heap Roots: 0.20ms
[589.565s][info][gc,phases      ] GC(1434)   Evacuate Collection Set: 43.08ms
[589.565s][info][gc,phases      ] GC(1434)   Post Evacuate Collection Set: 0.48ms
[589.565s][info][gc,phases      ] GC(1434)   Other: 0.09ms
[589.565s][info][gc,heap        ] GC(1434) Eden regions: 231->0(238)
[589.565s][info][gc,heap        ] GC(1434) Survivor regions: 37->5(34)
[589.565s][info][gc,heap        ] GC(1434) Old regions: 610->648
[589.565s][info][gc,heap        ] GC(1434) Humongous regions: 8->8
[589.565s][info][gc,metaspace   ] GC(1434) Metaspace: 19090K(19264K)->19090K(19264K) NonClass: 16430K(16512K)->16430K(16512K) Class: 2660K(2752K)->2660K(2752K)
[589.565s][info][gc             ] GC(1434) Pause Young (Normal) (G1 Evacuation Pause) 885M->660M(978M) 44.366ms
[589.565s][info][gc,cpu         ] GC(1434) User=0.09s Sys=0.00s Real=0.04s
[590.047s][info][gc,marking     ] GC(1433) Concurrent Mark From Roots 1149.306ms
[590.047s][info][gc,marking     ] GC(1433) Concurrent Preclean
[590.047s][info][gc,start       ] GC(1435) Pause Young (Normal) (G1 Evacuation Pause)
[590.047s][info][gc,task        ] GC(1435) Using 2 workers of 2 for evacuation
[590.078s][info][gc,phases      ] GC(1435)   Pre Evacuate Collection Set: 0.28ms
[590.078s][info][gc,phases      ] GC(1435)   Merge Heap Roots: 0.14ms
[590.078s][info][gc,phases      ] GC(1435)   Evacuate Collection Set: 30.01ms
[590.078s][info][gc,phases      ] GC(1435)   Post Evacuate Collection Set: 0.45ms
[590.078s][info][gc,phases      ] GC(1435)   Other: 0.09ms
[590.078s][info][gc,heap        ] GC(1435) Eden regions: 238->0(220)
[590.078s][info][gc,heap        ] GC(1435) Survivor regions: 5->26(31)
[590.078s][info][gc,heap        ] GC(1435) Old regions: 648->648
[590.078s][info][gc,heap        ] GC(1435) Humongous regions: 8->8
[590.078s][info][gc,metaspace   ] GC(1435) Metaspace: 19090K(19264K)->19090K(19264K) NonClass: 16430K(16512K)->16430K(16512K) Class: 2660K(2752K)->2660K(2752K)
[590.078s][info][gc             ] GC(1435) Pause Young (Normal) (G1 Evacuation Pause) 898M->681M(978M) 31.171ms
[590.078s][info][gc,cpu         ] GC(1435) User=0.06s Sys=0.00s Real=0.03s
[590.078s][info][gc,marking     ] GC(1433) Concurrent Preclean 31.327ms
[590.079s][info][gc,start       ] GC(1433) Pause Remark
[590.087s][info][gc             ] GC(1433) Pause Remark 682M->506M(978M) 8.053ms
[590.087s][info][gc,cpu         ] GC(1433) User=0.02s Sys=0.00s Real=0.00s
[590.087s][info][gc,marking     ] GC(1433) Concurrent Mark 1188.983ms
[590.087s][info][gc,marking     ] GC(1433) Concurrent Rebuild Remembered Sets and Scrub Regions
[590.463s][info][gc,marking     ] GC(1433) Concurrent Rebuild Remembered Sets and Scrub Regions 376.608ms
[590.465s][info][gc,start       ] GC(1433) Pause Cleanup
[590.465s][info][gc             ] GC(1433) Pause Cleanup 715M->715M(978M) 0.154ms
[590.465s][info][gc,cpu         ] GC(1433) User=0.00s Sys=0.00s Real=0.00s
[590.465s][info][gc,marking     ] GC(1433) Concurrent Clear Claimed Marks
[590.465s][info][gc,marking     ] GC(1433) Concurrent Clear Claimed Marks 0.049ms
[590.465s][info][gc,marking     ] GC(1433) Concurrent Cleanup for Next Mark
[590.470s][info][gc,marking     ] GC(1433) Concurrent Cleanup for Next Mark 4.917ms
[590.470s][info][gc             ] GC(1433) Concurrent Mark Cycle 1619.534ms
[590.496s][info][gc,start       ] GC(1436) Pause Young (Prepare Mixed) (G1 Evacuation Pause)
[590.496s][info][gc,task        ] GC(1436) Using 2 workers of 2 for evacuation
[590.543s][info][gc,phases      ] GC(1436)   Pre Evacuate Collection Set: 0.55ms
[590.543s][info][gc,phases      ] GC(1436)   Merge Heap Roots: 0.19ms
[590.543s][info][gc,phases      ] GC(1436)   Evacuate Collection Set: 46.13ms
[590.543s][info][gc,phases      ] GC(1436)   Post Evacuate Collection Set: 0.49ms
[590.543s][info][gc,phases      ] GC(1436)   Other: 0.09ms
[590.543s][info][gc,heap        ] GC(1436) Eden regions: 220->0(364)
[590.543s][info][gc,heap        ] GC(1436) Survivor regions: 26->17(31)
[590.543s][info][gc,heap        ] GC(1436) Old regions: 475->501
[590.543s][info][gc,heap        ] GC(1436) Humongous regions: 5->5
[590.543s][info][gc,metaspace   ] GC(1436) Metaspace: 19090K(19264K)->19090K(19264K) NonClass: 16430K(16512K)->16430K(16512K) Class: 2660K(2752K)->2660K(2752K)
[590.543s][info][gc             ] GC(1436) Pause Young (Prepare Mixed) (G1 Evacuation Pause) 725M->522M(978M) 47.642ms
[590.543s][info][gc,cpu         ] GC(1436) User=0.09s Sys=0.00s Real=0.05s
[591.221s][info][gc,start       ] GC(1437) Pause Young (Mixed) (G1 Evacuation Pause)
[591.221s][info][gc,task        ] GC(1437) Using 2 workers of 2 for evacuation
[591.280s][info][gc,phases      ] GC(1437)   Pre Evacuate Collection Set: 0.55ms
[591.280s][info][gc,phases      ] GC(1437)   Merge Heap Roots: 0.72ms
[591.280s][info][gc,phases      ] GC(1437)   Evacuate Collection Set: 57.27ms
[591.280s][info][gc,phases      ] GC(1437)   Post Evacuate Collection Set: 0.66ms
[591.280s][info][gc,phases      ] GC(1437)   Other: 0.11ms
[591.280s][info][gc,heap        ] GC(1437) Eden regions: 364->0(386)
[591.280s][info][gc,heap        ] GC(1437) Survivor regions: 17->37(48)
[591.280s][info][gc,heap        ] GC(1437) Old regions: 501->459
[591.280s][info][gc,heap        ] GC(1437) Humongous regions: 5->5
[591.280s][info][gc,metaspace   ] GC(1437) Metaspace: 19090K(19264K)->19090K(19264K) NonClass: 16430K(16512K)->16430K(16512K) Class: 2660K(2752K)->2660K(2752K)
[591.280s][info][gc             ] GC(1437) Pause Young (Mixed) (G1 Evacuation Pause) 886M->500M(978M) 59.517ms
[591.280s][info][gc,cpu         ] GC(1437) User=0.12s Sys=0.00s Real=0.06s
[591.611s][info][gc,start       ] GC(1438) Pause Young (Concurrent Start) (G1 Evacuation Pause)
[591.611s][info][gc,task        ] GC(1438) Using 2 workers of 2 for evacuation
[591.743s][info][gc,phases      ] GC(1438)   Pre Evacuate Collection Set: 0.33ms
[591.743s][info][gc,phases      ] GC(1438)   Merge Heap Roots: 0.36ms
[591.743s][info][gc,phases      ] GC(1438)   Evacuate Collection Set: 119.03ms
[591.743s][info][gc,phases      ] GC(1438)   Post Evacuate Collection Set: 11.31ms
[591.743s][info][gc,phases      ] GC(1438)   Other: 0.20ms
[591.743s][info][gc,heap        ] GC(1438) Eden regions: 386->0(124)
[591.743s][info][gc,heap        ] GC(1438) Survivor regions: 37->53(53)
[591.743s][info][gc,heap        ] GC(1438) Old regions: 459->693
[591.743s][info][gc,heap        ] GC(1438) Humongous regions: 5->5
[591.743s][info][gc,metaspace   ] GC(1438) Metaspace: 19090K(19264K)->19090K(19264K) NonClass: 16430K(16512K)->16430K(16512K) Class: 2660K(2752K)->2660K(2752K)
[591.743s][info][gc             ] GC(1438) Pause Young (Concurrent Start) (G1 Evacuation Pause) (Evacuation Failure: Allocation) 886M->750M(978M) 131.461ms
[591.743s][info][gc             ] GC(1439) Concurrent Mark Cycle
[591.743s][info][gc,marking     ] GC(1439) Concurrent Scan Root Regions
[591.745s][info][gc,cpu         ] GC(1438) User=0.26s Sys=0.00s Real=0.13s
[591.887s][info][gc,marking     ] GC(1439) Concurrent Scan Root Regions 144.032ms
[591.887s][info][gc,marking     ] GC(1439) Concurrent Mark
[591.887s][info][gc,marking     ] GC(1439) Concurrent Mark From Roots
[591.887s][info][gc,task        ] GC(1439) Using 1 workers of 1 for marking
[592.015s][info][gc,start       ] GC(1440) Pause Young (Normal) (G1 Evacuation Pause)
[592.015s][info][gc,task        ] GC(1440) Using 2 workers of 2 for evacuation
[592.148s][info][gc,phases      ] GC(1440)   Pre Evacuate Collection Set: 0.40ms
[592.148s][info][gc,phases      ] GC(1440)   Merge Heap Roots: 0.54ms
[592.148s][info][gc,phases      ] GC(1440)   Evacuate Collection Set: 125.22ms
[592.148s][info][gc,phases      ] GC(1440)   Post Evacuate Collection Set: 6.97ms
[592.148s][info][gc,phases      ] GC(1440)   Other: 0.07ms
[592.148s][info][gc,heap        ] GC(1440) Eden regions: 124->0(179)
[592.148s][info][gc,heap        ] GC(1440) Survivor regions: 53->23(23)
[592.148s][info][gc,heap        ] GC(1440) Old regions: 693->677
[592.148s][info][gc,heap        ] GC(1440) Humongous regions: 8->8
[592.148s][info][gc,metaspace   ] GC(1440) Metaspace: 19090K(19264K)->19090K(19264K) NonClass: 16430K(16512K)->16430K(16512K) Class: 2660K(2752K)->2660K(2752K)
[592.148s][info][gc             ] GC(1440) Pause Young (Normal) (G1 Evacuation Pause) (Evacuation Failure: Allocation) 877M->707M(978M) 133.429ms
[592.148s][info][gc,cpu         ] GC(1440) User=0.26s Sys=0.00s Real=0.14s
[592.501s][info][gc,start       ] GC(1441) Pause Young (Normal) (G1 Evacuation Pause)
[592.501s][info][gc,task        ] GC(1441) Using 2 workers of 2 for evacuation
[592.588s][info][gc,phases      ] GC(1441)   Pre Evacuate Collection Set: 0.35ms
[592.588s][info][gc,phases      ] GC(1441)   Merge Heap Roots: 0.54ms
[592.588s][info][gc,phases      ] GC(1441)   Evacuate Collection Set: 85.19ms
[592.588s][info][gc,phases      ] GC(1441)   Post Evacuate Collection Set: 0.61ms
[592.588s][info][gc,phases      ] GC(1441)   Other: 0.10ms
[592.588s][info][gc,heap        ] GC(1441) Eden regions: 179->0(226)
[592.588s][info][gc,heap        ] GC(1441) Survivor regions: 23->18(26)
[592.588s][info][gc,heap        ] GC(1441) Old regions: 677->628
[592.588s][info][gc,heap        ] GC(1441) Humongous regions: 11->11
[592.588s][info][gc,metaspace   ] GC(1441) Metaspace: 19090K(19264K)->19090K(19264K) NonClass: 16430K(16512K)->16430K(16512K) Class: 2660K(2752K)->2660K(2752K)
[592.588s][info][gc             ] GC(1441) Pause Young (Normal) (G1 Evacuation Pause) 889M->656M(978M) 87.050ms
[592.588s][info][gc,cpu         ] GC(1441) User=0.17s Sys=0.00s Real=0.09s
[592.868s][info][gc,marking     ] GC(1439) Concurrent Mark From Roots 981.027ms
[592.868s][info][gc,marking     ] GC(1439) Concurrent Preclean
[592.868s][info][gc,marking     ] GC(1439) Concurrent Preclean 0.059ms
[592.868s][info][gc,start       ] GC(1439) Pause Remark
[592.876s][info][gc             ] GC(1439) Pause Remark 745M->606M(978M) 7.984ms
[592.876s][info][gc,cpu         ] GC(1439) User=0.01s Sys=0.00s Real=0.00s
[592.876s][info][gc,marking     ] GC(1439) Concurrent Mark 989.361ms
[592.876s][info][gc,marking     ] GC(1439) Concurrent Rebuild Remembered Sets and Scrub Regions
[593.178s][info][gc,start       ] GC(1442) Pause Young (Normal) (G1 Evacuation Pause)
[593.178s][info][gc,task        ] GC(1442) Using 2 workers of 2 for evacuation
[593.211s][info][gc,phases      ] GC(1442)   Pre Evacuate Collection Set: 0.48ms
[593.211s][info][gc,phases      ] GC(1442)   Merge Heap Roots: 0.45ms
[593.211s][info][gc,phases      ] GC(1442)   Evacuate Collection Set: 30.74ms
[593.211s][info][gc,phases      ] GC(1442)   Post Evacuate Collection Set: 0.42ms
[593.211s][info][gc,phases      ] GC(1442)   Other: 0.08ms
[593.211s][info][gc,heap        ] GC(1442) Eden regions: 226->0(341)
[593.211s][info][gc,heap        ] GC(1442) Survivor regions: 18->1(31)
[593.211s][info][gc,heap        ] GC(1442) Old regions: 491->510
[593.211s][info][gc,heap        ] GC(1442) Humongous regions: 9->9
[593.211s][info][gc,metaspace   ] GC(1442) Metaspace: 19090K(19264K)->19090K(19264K) NonClass: 16430K(16512K)->16430K(16512K) Class: 2660K(2752K)->2660K(2752K)
[593.211s][info][gc             ] GC(1442) Pause Young (Normal) (G1 Evacuation Pause) 743M->519M(978M) 32.395ms
[593.211s][info][gc,cpu         ] GC(1442) User=0.07s Sys=0.00s Real=0.03s
[593.324s][info][gc,marking     ] GC(1439) Concurrent Rebuild Remembered Sets and Scrub Regions 447.117ms
[593.324s][info][gc,start       ] GC(1439) Pause Cleanup
[593.324s][info][gc             ] GC(1439) Pause Cleanup 572M->572M(978M) 0.123ms
[593.324s][info][gc,cpu         ] GC(1439) User=0.00s Sys=0.00s Real=0.00s
[593.324s][info][gc,marking     ] GC(1439) Concurrent Clear Claimed Marks
[593.324s][info][gc,marking     ] GC(1439) Concurrent Clear Claimed Marks 0.038ms
[593.324s][info][gc,marking     ] GC(1439) Concurrent Cleanup for Next Mark
[593.327s][info][gc,marking     ] GC(1439) Concurrent Cleanup for Next Mark 2.891ms
[593.327s][info][gc             ] GC(1439) Concurrent Mark Cycle 1584.313ms
[593.754s][info][gc,start       ] GC(1443) Pause Young (Prepare Mixed) (G1 Evacuation Pause)
[593.754s][info][gc,task        ] GC(1443) Using 2 workers of 2 for evacuation
[593.756s][info][gc,phases      ] GC(1443)   Pre Evacuate Collection Set: 0.53ms
[593.756s][info][gc,phases      ] GC(1443)   Merge Heap Roots: 0.13ms
[593.756s][info][gc,phases      ] GC(1443)   Evacuate Collection Set: 0.22ms
[593.756s][info][gc,phases      ] GC(1443)   Post Evacuate Collection Set: 0.47ms
[593.756s][info][gc,phases      ] GC(1443)   Other: 0.10ms
[593.756s][info][gc,heap        ] GC(1443) Eden regions: 341->0(360)
[593.756s][info][gc,heap        ] GC(1443) Survivor regions: 1->1(43)
[593.756s][info][gc,heap        ] GC(1443) Old regions: 510->510
[593.756s][info][gc,heap        ] GC(1443) Humongous regions: 9->9
[593.756s][info][gc,metaspace   ] GC(1443) Metaspace: 19090K(19264K)->19090K(19264K) NonClass: 16430K(16512K)->16430K(16512K) Class: 2660K(2752K)->2660K(2752K)
[593.756s][info][gc             ] GC(1443) Pause Young (Prepare Mixed) (G1 Evacuation Pause) 860M->519M(978M) 1.649ms
[593.756s][info][gc,cpu         ] GC(1443) User=0.00s Sys=0.00s Real=0.00s
[594.269s][info][gc,start       ] GC(1444) Pause Young (Mixed) (G1 Evacuation Pause)
[594.269s][info][gc,task        ] GC(1444) Using 2 workers of 2 for evacuation
[594.271s][info][gc,phases      ] GC(1444)   Pre Evacuate Collection Set: 0.30ms
[594.271s][info][gc,phases      ] GC(1444)   Merge Heap Roots: 0.12ms
[594.271s][info][gc,phases      ] GC(1444)   Evacuate Collection Set: 0.65ms
[594.271s][info][gc,phases      ] GC(1444)   Post Evacuate Collection Set: 0.51ms
[594.271s][info][gc,phases      ] GC(1444)   Other: 0.08ms
[594.271s][info][gc,heap        ] GC(1444) Eden regions: 360->0(394)
[594.271s][info][gc,heap        ] GC(1444) Survivor regions: 1->1(46)
[594.271s][info][gc,heap        ] GC(1444) Old regions: 510->487
[594.271s][info][gc,heap        ] GC(1444) Humongous regions: 9->9
[594.271s][info][gc,metaspace   ] GC(1444) Metaspace: 19090K(19264K)->19090K(19264K) NonClass: 16430K(16512K)->16430K(16512K) Class: 2660K(2752K)->2660K(2752K)
[594.271s][info][gc             ] GC(1444) Pause Young (Mixed) (G1 Evacuation Pause) 879M->495M(978M) 1.875ms
[594.271s][info][gc,cpu         ] GC(1444) User=0.01s Sys=0.00s Real=0.00s
[594.782s][info][gc,start       ] GC(1445) Pause Young (Concurrent Start) (G1 Evacuation Pause)
[594.782s][info][gc,task        ] GC(1445) Using 2 workers of 2 for evacuation
[594.806s][info][gc,phases      ] GC(1445)   Pre Evacuate Collection Set: 0.32ms
[594.806s][info][gc,phases      ] GC(1445)   Merge Heap Roots: 0.17ms
[594.806s][info][gc,phases      ] GC(1445)   Evacuate Collection Set: 23.39ms
[594.806s][info][gc,phases      ] GC(1445)   Post Evacuate Collection Set: 0.56ms
[594.806s][info][gc,phases      ] GC(1445)   Other: 0.12ms
[594.806s][info][gc,heap        ] GC(1445) Eden regions: 394->0(380)
[594.806s][info][gc,heap        ] GC(1445) Survivor regions: 1->20(50)
[594.806s][info][gc,heap        ] GC(1445) Old regions: 487->487
[594.807s][info][gc,heap        ] GC(1445) Humongous regions: 9->9
[594.807s][info][gc,metaspace   ] GC(1445) Metaspace: 19090K(19264K)->19090K(19264K) NonClass: 16430K(16512K)->16430K(16512K) Class: 2660K(2752K)->2660K(2752K)
[594.807s][info][gc             ] GC(1445) Pause Young (Concurrent Start) (G1 Evacuation Pause) 889M->515M(978M) 24.766ms
[594.807s][info][gc             ] GC(1446) Concurrent Mark Cycle
[594.807s][info][gc,marking     ] GC(1446) Concurrent Scan Root Regions
[594.807s][info][gc,cpu         ] GC(1445) User=0.05s Sys=0.00s Real=0.02s
[594.846s][info][gc,marking     ] GC(1446) Concurrent Scan Root Regions 39.854ms
[594.846s][info][gc,marking     ] GC(1446) Concurrent Mark
[594.846s][info][gc,marking     ] GC(1446) Concurrent Mark From Roots
[594.846s][info][gc,task        ] GC(1446) Using 1 workers of 1 for marking
[595.319s][info][gc,start       ] GC(1447) Pause Young (Normal) (G1 Evacuation Pause)
[595.319s][info][gc,task        ] GC(1447) Using 2 workers of 2 for evacuation
[595.383s][info][gc,phases      ] GC(1447)   Pre Evacuate Collection Set: 0.27ms
[595.383s][info][gc,phases      ] GC(1447)   Merge Heap Roots: 0.26ms
[595.383s][info][gc,phases      ] GC(1447)   Evacuate Collection Set: 62.59ms
[595.383s][info][gc,phases      ] GC(1447)   Post Evacuate Collection Set: 0.58ms
[595.383s][info][gc,phases      ] GC(1447)   Other: 0.10ms
[595.383s][info][gc,heap        ] GC(1447) Eden regions: 380->0(325)
[595.383s][info][gc,heap        ] GC(1447) Survivor regions: 20->50(50)
[595.383s][info][gc,heap        ] GC(1447) Old regions: 487->494
[595.383s][info][gc,heap        ] GC(1447) Humongous regions: 9->9
[595.383s][info][gc,metaspace   ] GC(1447) Metaspace: 19090K(19264K)->19090K(19264K) NonClass: 16430K(16512K)->16430K(16512K) Class: 2660K(2752K)->2660K(2752K)
[595.383s][info][gc             ] GC(1447) Pause Young (Normal) (G1 Evacuation Pause) 895M->552M(978M) 64.027ms
[595.383s][info][gc,cpu         ] GC(1447) User=0.12s Sys=0.00s Real=0.06s
[595.757s][info][gc,start       ] GC(1448) Pause Young (Normal) (G1 Evacuation Pause)
[595.757s][info][gc,task        ] GC(1448) Using 2 workers of 2 for evacuation
[595.835s][info][gc,phases      ] GC(1448)   Pre Evacuate Collection Set: 0.29ms
[595.835s][info][gc,phases      ] GC(1448)   Merge Heap Roots: 0.27ms
[595.835s][info][gc,phases      ] GC(1448)   Evacuate Collection Set: 76.48ms
[595.835s][info][gc,phases      ] GC(1448)   Post Evacuate Collection Set: 0.54ms
[595.835s][info][gc,phases      ] GC(1448)   Other: 0.08ms
[595.835s][info][gc,heap        ] GC(1448) Eden regions: 325->0(317)
[595.835s][info][gc,heap        ] GC(1448) Survivor regions: 50->26(47)
[595.835s][info][gc,heap        ] GC(1448) Old regions: 494->545
[595.835s][info][gc,heap        ] GC(1448) Humongous regions: 9->9
[595.835s][info][gc,metaspace   ] GC(1448) Metaspace: 19090K(19264K)->19090K(19264K) NonClass: 16430K(16512K)->16430K(16512K) Class: 2660K(2752K)->2660K(2752K)
[595.835s][info][gc             ] GC(1448) Pause Young (Normal) (G1 Evacuation Pause) 877M->579M(978M) 77.920ms
[595.835s][info][gc,cpu         ] GC(1448) User=0.15s Sys=0.00s Real=0.08s
[596.293s][info][gc,start       ] GC(1449) Pause Young (Normal) (G1 Evacuation Pause)
[596.293s][info][gc,task        ] GC(1449) Using 2 workers of 2 for evacuation
[596.347s][info][gc,phases      ] GC(1449)   Pre Evacuate Collection Set: 0.31ms
[596.347s][info][gc,phases      ] GC(1449)   Merge Heap Roots: 0.34ms
[596.347s][info][gc,phases      ] GC(1449)   Evacuate Collection Set: 52.51ms
[596.347s][info][gc,phases      ] GC(1449)   Post Evacuate Collection Set: 0.51ms
[596.347s][info][gc,phases      ] GC(1449)   Other: 0.10ms
[596.347s][info][gc,heap        ] GC(1449) Eden regions: 317->0(305)
[596.347s][info][gc,heap        ] GC(1449) Survivor regions: 26->19(43)
[596.347s][info][gc,heap        ] GC(1449) Old regions: 545->571
[596.347s][info][gc,heap        ] GC(1449) Humongous regions: 9->9
[596.347s][info][gc,metaspace   ] GC(1449) Metaspace: 19090K(19264K)->19090K(19264K) NonClass: 16430K(16512K)->16430K(16512K) Class: 2660K(2752K)->2660K(2752K)
[596.347s][info][gc             ] GC(1449) Pause Young (Normal) (G1 Evacuation Pause) 896M->597M(978M) 54.019ms
[596.347s][info][gc,cpu         ] GC(1449) User=0.11s Sys=0.00s Real=0.05s
[596.449s][info][gc,marking     ] GC(1446) Concurrent Mark From Roots 1602.320ms
[596.449s][info][gc,marking     ] GC(1446) Concurrent Preclean
[596.449s][info][gc,marking     ] GC(1446) Concurrent Preclean 0.068ms
[596.449s][info][gc,start       ] GC(1446) Pause Remark
[596.457s][info][gc             ] GC(1446) Pause Remark 649M->647M(978M) 7.881ms
[596.457s][info][gc,cpu         ] GC(1446) User=0.01s Sys=0.00s Real=0.01s
[596.459s][info][gc,marking     ] GC(1446) Concurrent Mark 1612.479ms
[596.459s][info][gc,marking     ] GC(1446) Concurrent Rebuild Remembered Sets and Scrub Regions
[596.977s][info][gc,marking     ] GC(1446) Concurrent Rebuild Remembered Sets and Scrub Regions 518.024ms
[596.977s][info][gc,start       ] GC(1446) Pause Cleanup
[596.977s][info][gc             ] GC(1446) Pause Cleanup 813M->813M(978M) 0.099ms
[596.977s][info][gc,cpu         ] GC(1446) User=0.00s Sys=0.00s Real=0.00s
[596.979s][info][gc,marking     ] GC(1446) Concurrent Clear Claimed Marks
[596.979s][info][gc,marking     ] GC(1446) Concurrent Clear Claimed Marks 0.048ms
[596.979s][info][gc,marking     ] GC(1446) Concurrent Cleanup for Next Mark
[596.984s][info][gc,marking     ] GC(1446) Concurrent Cleanup for Next Mark 4.857ms
[596.984s][info][gc             ] GC(1446) Concurrent Mark Cycle 2177.335ms
[597.263s][info][gc,start       ] GC(1450) Pause Young (Prepare Mixed) (G1 Evacuation Pause)
[597.263s][info][gc,task        ] GC(1450) Using 2 workers of 2 for evacuation
[597.311s][info][gc,phases      ] GC(1450)   Pre Evacuate Collection Set: 0.30ms
[597.311s][info][gc,phases      ] GC(1450)   Merge Heap Roots: 0.36ms
[597.311s][info][gc,phases      ] GC(1450)   Evacuate Collection Set: 46.79ms
[597.311s][info][gc,phases      ] GC(1450)   Post Evacuate Collection Set: 0.58ms
[597.311s][info][gc,phases      ] GC(1450)   Other: 0.08ms
[597.311s][info][gc,heap        ] GC(1450) Eden regions: 305->0(268)
[597.311s][info][gc,heap        ] GC(1450) Survivor regions: 19->41(41)
[597.311s][info][gc,heap        ] GC(1450) Old regions: 571->571
[597.311s][info][gc,heap        ] GC(1450) Humongous regions: 7->7
[597.311s][info][gc,metaspace   ] GC(1450) Metaspace: 19090K(19264K)->19090K(19264K) NonClass: 16430K(16512K)->16430K(16512K) Class: 2660K(2752K)->2660K(2752K)
[597.312s][info][gc             ] GC(1450) Pause Young (Prepare Mixed) (G1 Evacuation Pause) 900M->618M(978M) 48.320ms
[597.312s][info][gc,cpu         ] GC(1450) User=0.09s Sys=0.01s Real=0.05s
[597.916s][info][gc,start       ] GC(1451) Pause Young (Mixed) (G1 Evacuation Pause)
[597.916s][info][gc,task        ] GC(1451) Using 2 workers of 2 for evacuation
[597.959s][info][gc,phases      ] GC(1451)   Pre Evacuate Collection Set: 0.32ms
[597.959s][info][gc,phases      ] GC(1451)   Merge Heap Roots: 0.25ms
[597.959s][info][gc,phases      ] GC(1451)   Evacuate Collection Set: 41.69ms
[597.959s][info][gc,phases      ] GC(1451)   Post Evacuate Collection Set: 0.50ms
[597.959s][info][gc,phases      ] GC(1451)   Other: 0.07ms
[597.959s][info][gc,heap        ] GC(1451) Eden regions: 268->0(303)
[597.959s][info][gc,heap        ] GC(1451) Survivor regions: 41->1(39)
[597.959s][info][gc,heap        ] GC(1451) Old regions: 571->602
[597.959s][info][gc,heap        ] GC(1451) Humongous regions: 7->7
[597.959s][info][gc,metaspace   ] GC(1451) Metaspace: 19090K(19264K)->19090K(19264K) NonClass: 16430K(16512K)->16430K(16512K) Class: 2660K(2752K)->2660K(2752K)
[597.959s][info][gc             ] GC(1451) Pause Young (Mixed) (G1 Evacuation Pause) 886M->609M(978M) 43.060ms
[597.959s][info][gc,cpu         ] GC(1451) User=0.08s Sys=0.00s Real=0.05s
[598.607s][info][gc,start       ] GC(1452) Pause Young (Concurrent Start) (G1 Evacuation Pause)
[598.607s][info][gc,task        ] GC(1452) Using 2 workers of 2 for evacuation
[598.609s][info][gc,phases      ] GC(1452)   Pre Evacuate Collection Set: 0.32ms
[598.609s][info][gc,phases      ] GC(1452)   Merge Heap Roots: 0.11ms
[598.609s][info][gc,phases      ] GC(1452)   Evacuate Collection Set: 0.85ms
[598.609s][info][gc,phases      ] GC(1452)   Post Evacuate Collection Set: 0.48ms
[598.609s][info][gc,phases      ] GC(1452)   Other: 0.12ms
[598.609s][info][gc,heap        ] GC(1452) Eden regions: 303->0(314)
[598.609s][info][gc,heap        ] GC(1452) Survivor regions: 1->1(38)
[598.609s][info][gc,heap        ] GC(1452) Old regions: 602->602
[598.609s][info][gc,heap        ] GC(1452) Humongous regions: 7->7
[598.609s][info][gc,metaspace   ] GC(1452) Metaspace: 19090K(19264K)->19090K(19264K) NonClass: 16430K(16512K)->16430K(16512K) Class: 2660K(2752K)->2660K(2752K)
[598.609s][info][gc             ] GC(1452) Pause Young (Concurrent Start) (G1 Evacuation Pause) 912M->609M(978M) 2.081ms
[598.609s][info][gc,cpu         ] GC(1452) User=0.00s Sys=0.00s Real=0.00s
[598.609s][info][gc             ] GC(1453) Concurrent Mark Cycle
[598.609s][info][gc,marking     ] GC(1453) Concurrent Scan Root Regions
[598.612s][info][gc,marking     ] GC(1453) Concurrent Scan Root Regions 2.435ms
[598.612s][info][gc,marking     ] GC(1453) Concurrent Mark
[598.612s][info][gc,marking     ] GC(1453) Concurrent Mark From Roots
[598.612s][info][gc,task        ] GC(1453) Using 1 workers of 1 for marking
[599.733s][info][gc,start       ] GC(1454) Pause Young (Normal) (G1 Evacuation Pause)
[599.733s][info][gc,task        ] GC(1454) Using 2 workers of 2 for evacuation
[599.743s][info][gc,phases      ] GC(1454)   Pre Evacuate Collection Set: 0.31ms
[599.743s][info][gc,phases      ] GC(1454)   Merge Heap Roots: 0.13ms
[599.743s][info][gc,phases      ] GC(1454)   Evacuate Collection Set: 8.90ms
[599.743s][info][gc,phases      ] GC(1454)   Post Evacuate Collection Set: 0.53ms
[599.743s][info][gc,phases      ] GC(1454)   Other: 0.11ms
[599.743s][info][gc,heap        ] GC(1454) Eden regions: 314->0(303)
[599.743s][info][gc,heap        ] GC(1454) Survivor regions: 1->8(40)
[599.743s][info][gc,heap        ] GC(1454) Old regions: 602->602
[599.743s][info][gc,heap        ] GC(1454) Humongous regions: 7->7
[599.743s][info][gc,metaspace   ] GC(1454) Metaspace: 19090K(19264K)->19090K(19264K) NonClass: 16430K(16512K)->16430K(16512K) Class: 2660K(2752K)->2660K(2752K)
[599.743s][info][gc             ] GC(1454) Pause Young (Normal) (G1 Evacuation Pause) 923M->616M(978M) 10.160ms
[599.743s][info][gc,cpu         ] GC(1454) User=0.02s Sys=0.00s Real=0.01s
[600.306s][info][gc,start       ] GC(1455) Pause Young (Normal) (G1 Evacuation Pause)
[600.306s][info][gc,task        ] GC(1455) Using 2 workers of 2 for evacuation
[600.426s][info][gc,phases      ] GC(1455)   Pre Evacuate Collection Set: 0.28ms
[600.426s][info][gc,phases      ] GC(1455)   Merge Heap Roots: 0.14ms
[600.426s][info][gc,phases      ] GC(1455)   Evacuate Collection Set: 103.36ms
[600.427s][info][gc,phases      ] GC(1455)   Post Evacuate Collection Set: 16.25ms
[600.427s][info][gc,phases      ] GC(1455)   Other: 0.07ms
[600.427s][info][gc,heap        ] GC(1455) Eden regions: 303->0(14)
[600.427s][info][gc,heap        ] GC(1455) Survivor regions: 8->39(39)
[600.427s][info][gc,heap        ] GC(1455) Old regions: 602->829
[600.427s][info][gc,heap        ] GC(1455) Humongous regions: 7->7
[600.427s][info][gc,metaspace   ] GC(1455) Metaspace: 19090K(19264K)->19090K(19264K) NonClass: 16430K(16512K)->16430K(16512K) Class: 2660K(2752K)->2660K(2752K)
[600.427s][info][gc             ] GC(1455) Pause Young (Normal) (G1 Evacuation Pause) (Evacuation Failure: Allocation) 919M->874M(978M) 120.353ms
[600.427s][info][gc,cpu         ] GC(1455) User=0.23s Sys=0.00s Real=0.12s
[600.446s][info][gc,start       ] GC(1456) Pause Young (Normal) (G1 Evacuation Pause)
[600.446s][info][gc,task        ] GC(1456) Using 2 workers of 2 for evacuation
[600.520s][info][gc,phases      ] GC(1456)   Pre Evacuate Collection Set: 0.33ms
[600.521s][info][gc,phases      ] GC(1456)   Merge Heap Roots: 0.83ms
[600.521s][info][gc,phases      ] GC(1456)   Evacuate Collection Set: 72.74ms
[600.521s][info][gc,phases      ] GC(1456)   Post Evacuate Collection Set: 0.46ms
[600.521s][info][gc,phases      ] GC(1456)   Other: 0.07ms
[600.521s][info][gc,heap        ] GC(1456) Eden regions: 14->0(163)
[600.521s][info][gc,heap        ] GC(1456) Survivor regions: 39->3(7)
[600.521s][info][gc,heap        ] GC(1456) Old regions: 829->745
[600.521s][info][gc,heap        ] GC(1456) Humongous regions: 7->7
[600.521s][info][gc,metaspace   ] GC(1456) Metaspace: 19090K(19264K)->19090K(19264K) NonClass: 16430K(16512K)->16430K(16512K) Class: 2660K(2752K)->2660K(2752K)
[600.521s][info][gc             ] GC(1456) Pause Young (Normal) (G1 Evacuation Pause) 888M->754M(978M) 74.629ms
[600.521s][info][gc,cpu         ] GC(1456) User=0.15s Sys=0.00s Real=0.08s
[600.716s][info][gc,start       ] GC(1457) Pause Young (Normal) (G1 Evacuation Pause)
[600.717s][info][gc,task        ] GC(1457) Using 2 workers of 2 for evacuation
[600.768s][info][gc,phases      ] GC(1457)   Pre Evacuate Collection Set: 0.30ms
[600.768s][info][gc,phases      ] GC(1457)   Merge Heap Roots: 0.21ms
[600.768s][info][gc,phases      ] GC(1457)   Evacuate Collection Set: 49.86ms
[600.768s][info][gc,phases      ] GC(1457)   Post Evacuate Collection Set: 0.54ms
[600.768s][info][gc,phases      ] GC(1457)   Other: 0.08ms
[600.768s][info][gc,heap        ] GC(1457) Eden regions: 163->0(147)
[600.768s][info][gc,heap        ] GC(1457) Survivor regions: 3->21(21)
[600.768s][info][gc,heap        ] GC(1457) Old regions: 745->732
[600.768s][info][gc,heap        ] GC(1457) Humongous regions: 7->7
[600.768s][info][gc,metaspace   ] GC(1457) Metaspace: 19090K(19264K)->19090K(19264K) NonClass: 16430K(16512K)->16430K(16512K) Class: 2660K(2752K)->2660K(2752K)
[600.768s][info][gc             ] GC(1457) Pause Young (Normal) (G1 Evacuation Pause) 917M->759M(978M) 51.193ms
[600.768s][info][gc,cpu         ] GC(1457) User=0.10s Sys=0.00s Real=0.06s
[600.790s][info][gc,marking     ] GC(1453) Concurrent Mark From Roots 2177.922ms
[600.790s][info][gc,marking     ] GC(1453) Concurrent Preclean
[600.790s][info][gc,marking     ] GC(1453) Concurrent Preclean 0.058ms
[600.790s][info][gc,start       ] GC(1453) Pause Remark
[600.798s][info][gc             ] GC(1453) Pause Remark 769M->769M(978M) 7.788ms
[600.798s][info][gc,cpu         ] GC(1453) User=0.01s Sys=0.00s Real=0.01s
[600.798s][info][gc,marking     ] GC(1453) Concurrent Mark 2186.039ms
[600.798s][info][gc,marking     ] GC(1453) Concurrent Rebuild Remembered Sets and Scrub Regions
[601.033s][info][gc,start       ] GC(1458) Pause Young (Normal) (G1 Evacuation Pause)
[601.034s][info][gc,task        ] GC(1458) Using 2 workers of 2 for evacuation
[601.085s][info][gc,phases      ] GC(1458)   Pre Evacuate Collection Set: 0.49ms
[601.085s][info][gc,phases      ] GC(1458)   Merge Heap Roots: 0.45ms
[601.085s][info][gc,phases      ] GC(1458)   Evacuate Collection Set: 49.99ms
[601.085s][info][gc,phases      ] GC(1458)   Post Evacuate Collection Set: 0.45ms
[601.085s][info][gc,phases      ] GC(1458)   Other: 0.07ms
[601.085s][info][gc,heap        ] GC(1458) Eden regions: 147->0(133)
[601.085s][info][gc,heap        ] GC(1458) Survivor regions: 21->16(21)
[601.085s][info][gc,heap        ] GC(1458) Old regions: 732->753
[601.085s][info][gc,heap        ] GC(1458) Humongous regions: 10->10
[601.085s][info][gc,metaspace   ] GC(1458) Metaspace: 19090K(19264K)->19090K(19264K) NonClass: 16430K(16512K)->16430K(16512K) Class: 2660K(2752K)->2660K(2752K)
[601.085s][info][gc             ] GC(1458) Pause Young (Normal) (G1 Evacuation Pause) 909M->778M(978M) 51.696ms
[601.085s][info][gc,cpu         ] GC(1458) User=0.10s Sys=0.00s Real=0.05s
[601.327s][info][gc,start       ] GC(1459) Pause Young (Normal) (G1 Evacuation Pause)
[601.327s][info][gc,task        ] GC(1459) Using 2 workers of 2 for evacuation
[601.356s][info][gc,phases      ] GC(1459)   Pre Evacuate Collection Set: 0.27ms
[601.356s][info][gc,phases      ] GC(1459)   Merge Heap Roots: 0.26ms
[601.356s][info][gc,phases      ] GC(1459)   Evacuate Collection Set: 27.37ms
[601.356s][info][gc,phases      ] GC(1459)   Post Evacuate Collection Set: 0.32ms
[601.356s][info][gc,phases      ] GC(1459)   Other: 0.06ms
[601.356s][info][gc,heap        ] GC(1459) Eden regions: 133->0(146)
[601.356s][info][gc,heap        ] GC(1459) Survivor regions: 16->1(19)
[601.356s][info][gc,heap        ] GC(1459) Old regions: 753->769
[601.356s][info][gc,heap        ] GC(1459) Humongous regions: 10->10
[601.356s][info][gc,metaspace   ] GC(1459) Metaspace: 19090K(19264K)->19090K(19264K) NonClass: 16430K(16512K)->16430K(16512K) Class: 2660K(2752K)->2660K(2752K)
[601.356s][info][gc             ] GC(1459) Pause Young (Normal) (G1 Evacuation Pause) 911M->779M(978M) 28.504ms
[601.356s][info][gc,cpu         ] GC(1459) User=0.06s Sys=0.00s Real=0.02s
[601.459s][info][gc,marking     ] GC(1453) Concurrent Rebuild Remembered Sets and Scrub Regions 660.895ms
[601.460s][info][gc,start       ] GC(1453) Pause Cleanup
[601.460s][info][gc             ] GC(1453) Pause Cleanup 841M->841M(978M) 0.117ms
[601.460s][info][gc,cpu         ] GC(1453) User=0.00s Sys=0.00s Real=0.00s
[601.461s][info][gc,marking     ] GC(1453) Concurrent Clear Claimed Marks
[601.461s][info][gc,marking     ] GC(1453) Concurrent Clear Claimed Marks 0.033ms
[601.461s][info][gc,marking     ] GC(1453) Concurrent Cleanup for Next Mark
[601.464s][info][gc,marking     ] GC(1453) Concurrent Cleanup for Next Mark 2.898ms
[601.464s][info][gc             ] GC(1453) Concurrent Mark Cycle 2854.587ms
[601.557s][info][gc,start       ] GC(1460) Pause Young (Prepare Mixed) (G1 Evacuation Pause)
[601.557s][info][gc,task        ] GC(1460) Using 2 workers of 2 for evacuation
[601.559s][info][gc,phases      ] GC(1460)   Pre Evacuate Collection Set: 0.50ms
[601.559s][info][gc,phases      ] GC(1460)   Merge Heap Roots: 0.08ms
[601.559s][info][gc,phases      ] GC(1460)   Evacuate Collection Set: 1.03ms
[601.559s][info][gc,phases      ] GC(1460)   Post Evacuate Collection Set: 0.36ms
[601.559s][info][gc,phases      ] GC(1460)   Other: 0.09ms
[601.559s][info][gc,heap        ] GC(1460) Eden regions: 146->0(147)
[601.559s][info][gc,heap        ] GC(1460) Survivor regions: 1->1(19)
[601.559s][info][gc,heap        ] GC(1460) Old regions: 769->769
[601.559s][info][gc,heap        ] GC(1460) Humongous regions: 10->10
[601.559s][info][gc,metaspace   ] GC(1460) Metaspace: 19090K(19264K)->19090K(19264K) NonClass: 16430K(16512K)->16430K(16512K) Class: 2660K(2752K)->2660K(2752K)
[601.559s][info][gc             ] GC(1460) Pause Young (Prepare Mixed) (G1 Evacuation Pause) 925M->779M(978M) 2.255ms
[601.559s][info][gc,cpu         ] GC(1460) User=0.00s Sys=0.00s Real=0.01s
[601.724s][info][gc,start       ] GC(1461) Pause Young (Mixed) (G1 Evacuation Pause)
[601.724s][info][gc,task        ] GC(1461) Using 2 workers of 2 for evacuation
[601.730s][info][gc,phases      ] GC(1461)   Pre Evacuate Collection Set: 0.29ms
[601.730s][info][gc,phases      ] GC(1461)   Merge Heap Roots: 0.16ms
[601.730s][info][gc,phases      ] GC(1461)   Evacuate Collection Set: 4.74ms
[601.730s][info][gc,phases      ] GC(1461)   Post Evacuate Collection Set: 0.35ms
[601.730s][info][gc,phases      ] GC(1461)   Other: 0.10ms
[601.730s][info][gc,heap        ] GC(1461) Eden regions: 147->0(155)
[601.730s][info][gc,heap        ] GC(1461) Survivor regions: 1->1(19)
[601.730s][info][gc,heap        ] GC(1461) Old regions: 769->761
[601.730s][info][gc,heap        ] GC(1461) Humongous regions: 10->10
[601.730s][info][gc,metaspace   ] GC(1461) Metaspace: 19090K(19264K)->19090K(19264K) NonClass: 16430K(16512K)->16430K(16512K) Class: 2660K(2752K)->2660K(2752K)
[601.730s][info][gc             ] GC(1461) Pause Young (Mixed) (G1 Evacuation Pause) 926M->770M(978M) 5.859ms
[601.730s][info][gc,cpu         ] GC(1461) User=0.01s Sys=0.00s Real=0.01s
[601.894s][info][gc,start       ] GC(1462) Pause Young (Concurrent Start) (G1 Evacuation Pause)
[601.894s][info][gc,task        ] GC(1462) Using 2 workers of 2 for evacuation
[601.896s][info][gc,phases      ] GC(1462)   Pre Evacuate Collection Set: 0.37ms
[601.896s][info][gc,phases      ] GC(1462)   Merge Heap Roots: 0.07ms
[601.896s][info][gc,phases      ] GC(1462)   Evacuate Collection Set: 1.27ms
[601.896s][info][gc,phases      ] GC(1462)   Post Evacuate Collection Set: 0.36ms
[601.896s][info][gc,phases      ] GC(1462)   Other: 0.23ms
[601.896s][info][gc,heap        ] GC(1462) Eden regions: 155->0(155)
[601.896s][info][gc,heap        ] GC(1462) Survivor regions: 1->1(20)
[601.896s][info][gc,heap        ] GC(1462) Old regions: 761->761
[601.896s][info][gc,heap        ] GC(1462) Humongous regions: 10->10
[601.896s][info][gc,metaspace   ] GC(1462) Metaspace: 19090K(19264K)->19090K(19264K) NonClass: 16430K(16512K)->16430K(16512K) Class: 2660K(2752K)->2660K(2752K)
[601.896s][info][gc             ] GC(1462) Pause Young (Concurrent Start) (G1 Evacuation Pause) 925M->770M(978M) 2.495ms
[601.896s][info][gc             ] GC(1463) Concurrent Mark Cycle
[601.896s][info][gc,marking     ] GC(1463) Concurrent Scan Root Regions
[601.896s][info][gc,cpu         ] GC(1462) User=0.01s Sys=0.00s Real=0.00s
[601.897s][info][gc,marking     ] GC(1463) Concurrent Scan Root Regions 1.267ms
[601.897s][info][gc,marking     ] GC(1463) Concurrent Mark
[601.897s][info][gc,marking     ] GC(1463) Concurrent Mark From Roots
[601.897s][info][gc,task        ] GC(1463) Using 1 workers of 1 for marking
[602.215s][info][gc,start       ] GC(1464) Pause Young (Normal) (G1 Evacuation Pause)
[602.215s][info][gc,task        ] GC(1464) Using 2 workers of 2 for evacuation
[602.218s][info][gc,phases      ] GC(1464)   Pre Evacuate Collection Set: 0.50ms
[602.218s][info][gc,phases      ] GC(1464)   Merge Heap Roots: 0.08ms
[602.218s][info][gc,phases      ] GC(1464)   Evacuate Collection Set: 1.33ms
[602.218s][info][gc,phases      ] GC(1464)   Post Evacuate Collection Set: 0.34ms
[602.218s][info][gc,phases      ] GC(1464)   Other: 0.10ms
[602.218s][info][gc,heap        ] GC(1464) Eden regions: 155->0(155)
[602.218s][info][gc,heap        ] GC(1464) Survivor regions: 1->1(20)
[602.218s][info][gc,heap        ] GC(1464) Old regions: 761->761
[602.218s][info][gc,heap        ] GC(1464) Humongous regions: 10->10
[602.218s][info][gc,metaspace   ] GC(1464) Metaspace: 19090K(19264K)->19090K(19264K) NonClass: 16430K(16512K)->16430K(16512K) Class: 2660K(2752K)->2660K(2752K)
[602.218s][info][gc             ] GC(1464) Pause Young (Normal) (G1 Evacuation Pause) 925M->771M(978M) 2.538ms
[602.218s][info][gc,cpu         ] GC(1464) User=0.00s Sys=0.00s Real=0.01s
[602.558s][info][gc,start       ] GC(1465) Pause Young (Normal) (G1 Evacuation Pause)
[602.558s][info][gc,task        ] GC(1465) Using 2 workers of 2 for evacuation
[602.574s][info][gc,phases      ] GC(1465)   Pre Evacuate Collection Set: 0.49ms
[602.574s][info][gc,phases      ] GC(1465)   Merge Heap Roots: 0.38ms
[602.574s][info][gc,phases      ] GC(1465)   Evacuate Collection Set: 14.84ms
[602.574s][info][gc,phases      ] GC(1465)   Post Evacuate Collection Set: 0.46ms
[602.574s][info][gc,phases      ] GC(1465)   Other: 0.06ms
[602.574s][info][gc,heap        ] GC(1465) Eden regions: 155->0(147)
[602.574s][info][gc,heap        ] GC(1465) Survivor regions: 1->5(20)
[602.574s][info][gc,heap        ] GC(1465) Old regions: 761->761
[602.574s][info][gc,heap        ] GC(1465) Humongous regions: 10->10
[602.574s][info][gc,metaspace   ] GC(1465) Metaspace: 19090K(19264K)->19090K(19264K) NonClass: 16430K(16512K)->16430K(16512K) Class: 2660K(2752K)->2660K(2752K)
[602.575s][info][gc             ] GC(1465) Pause Young (Normal) (G1 Evacuation Pause) 926M->774M(978M) 16.454ms
[602.575s][info][gc,cpu         ] GC(1465) User=0.03s Sys=0.00s Real=0.01s
[602.785s][info][gc,marking     ] GC(1463) Concurrent Mark From Roots 887.308ms
[602.785s][info][gc,marking     ] GC(1463) Concurrent Preclean
[602.785s][info][gc,marking     ] GC(1463) Concurrent Preclean 0.059ms
[602.785s][info][gc,start       ] GC(1463) Pause Remark
[602.793s][info][gc             ] GC(1463) Pause Remark 843M->589M(978M) 8.366ms
[602.793s][info][gc,cpu         ] GC(1463) User=0.02s Sys=0.00s Real=0.01s
[602.793s][info][gc,marking     ] GC(1463) Concurrent Mark 896.051ms
[602.793s][info][gc,marking     ] GC(1463) Concurrent Rebuild Remembered Sets and Scrub Regions
[602.968s][info][gc,start       ] GC(1466) Pause Young (Normal) (G1 Evacuation Pause)
[602.968s][info][gc,task        ] GC(1466) Using 2 workers of 2 for evacuation
[603.005s][info][gc,phases      ] GC(1466)   Pre Evacuate Collection Set: 0.28ms
[603.005s][info][gc,phases      ] GC(1466)   Merge Heap Roots: 0.39ms
[603.006s][info][gc,phases      ] GC(1466)   Evacuate Collection Set: 36.31ms
[603.006s][info][gc,phases      ] GC(1466)   Post Evacuate Collection Set: 0.50ms
[603.006s][info][gc,phases      ] GC(1466)   Other: 0.07ms
[603.006s][info][gc,heap        ] GC(1466) Eden regions: 147->0(370)
[603.006s][info][gc,heap        ] GC(1466) Survivor regions: 5->19(19)
[603.006s][info][gc,heap        ] GC(1466) Old regions: 513->513
[603.006s][info][gc,heap        ] GC(1466) Humongous regions: 7->7
[603.006s][info][gc,metaspace   ] GC(1466) Metaspace: 19090K(19264K)->19090K(19264K) NonClass: 16430K(16512K)->16430K(16512K) Class: 2660K(2752K)->2660K(2752K)
[603.006s][info][gc             ] GC(1466) Pause Young (Normal) (G1 Evacuation Pause) 670M->537M(978M) 37.785ms
[603.006s][info][gc,cpu         ] GC(1466) User=0.08s Sys=0.00s Real=0.03s
[603.119s][info][gc,marking     ] GC(1463) Concurrent Rebuild Remembered Sets and Scrub Regions 325.435ms
[603.119s][info][gc,start       ] GC(1463) Pause Cleanup
[603.119s][info][gc             ] GC(1463) Pause Cleanup 582M->582M(978M) 0.160ms
[603.119s][info][gc,cpu         ] GC(1463) User=0.00s Sys=0.00s Real=0.00s
[603.120s][info][gc,marking     ] GC(1463) Concurrent Clear Claimed Marks
[603.120s][info][gc,marking     ] GC(1463) Concurrent Clear Claimed Marks 0.035ms
[603.120s][info][gc,marking     ] GC(1463) Concurrent Cleanup for Next Mark
[603.127s][info][gc,marking     ] GC(1463) Concurrent Cleanup for Next Mark 6.692ms
[603.127s][info][gc             ] GC(1463) Concurrent Mark Cycle 1230.675ms
[603.578s][info][gc,start       ] GC(1467) Pause Young (Prepare Mixed) (G1 Evacuation Pause)
[603.578s][info][gc,task        ] GC(1467) Using 2 workers of 2 for evacuation
[603.614s][info][gc,phases      ] GC(1467)   Pre Evacuate Collection Set: 0.36ms
[603.614s][info][gc,phases      ] GC(1467)   Merge Heap Roots: 0.48ms
[603.614s][info][gc,phases      ] GC(1467)   Evacuate Collection Set: 34.28ms
[603.614s][info][gc,phases      ] GC(1467)   Post Evacuate Collection Set: 0.76ms
[603.614s][info][gc,phases      ] GC(1467)   Other: 0.10ms
[603.614s][info][gc,heap        ] GC(1467) Eden regions: 370->0(370)
[603.614s][info][gc,heap        ] GC(1467) Survivor regions: 19->19(49)
[603.614s][info][gc,heap        ] GC(1467) Old regions: 513->513
[603.614s][info][gc,heap        ] GC(1467) Humongous regions: 7->7
[603.614s][info][gc,metaspace   ] GC(1467) Metaspace: 19090K(19264K)->19090K(19264K) NonClass: 16430K(16512K)->16430K(16512K) Class: 2660K(2752K)->2660K(2752K)
[603.614s][info][gc             ] GC(1467) Pause Young (Prepare Mixed) (G1 Evacuation Pause) 907M->537M(978M) 36.303ms
[603.614s][info][gc,cpu         ] GC(1467) User=0.07s Sys=0.00s Real=0.03s
[604.111s][info][gc,start       ] GC(1468) Pause Young (Mixed) (G1 Evacuation Pause)
[604.111s][info][gc,task        ] GC(1468) Using 2 workers of 2 for evacuation
[604.162s][info][gc,phases      ] GC(1468)   Pre Evacuate Collection Set: 0.36ms
[604.162s][info][gc,phases      ] GC(1468)   Merge Heap Roots: 0.45ms
[604.162s][info][gc,phases      ] GC(1468)   Evacuate Collection Set: 49.65ms
[604.162s][info][gc,phases      ] GC(1468)   Post Evacuate Collection Set: 0.83ms
[604.162s][info][gc,phases      ] GC(1468)   Other: 0.12ms
[604.162s][info][gc,heap        ] GC(1468) Eden regions: 370->0(445)
[604.162s][info][gc,heap        ] GC(1468) Survivor regions: 19->30(49)
[604.162s][info][gc,heap        ] GC(1468) Old regions: 513->416
[604.162s][info][gc,heap        ] GC(1468) Humongous regions: 7->7
[604.162s][info][gc,metaspace   ] GC(1468) Metaspace: 19090K(19264K)->19090K(19264K) NonClass: 16430K(16512K)->16430K(16512K) Class: 2660K(2752K)->2660K(2752K)
[604.162s][info][gc             ] GC(1468) Pause Young (Mixed) (G1 Evacuation Pause) 907M->452M(978M) 51.662ms
[604.162s][info][gc,cpu         ] GC(1468) User=0.10s Sys=0.00s Real=0.05s
[604.544s][info][gc,start       ] GC(1469) Pause Young (Mixed) (G1 Evacuation Pause)
[604.544s][info][gc,task        ] GC(1469) Using 2 workers of 2 for evacuation
[604.672s][info][gc,phases      ] GC(1469)   Pre Evacuate Collection Set: 0.53ms
[604.672s][info][gc,phases      ] GC(1469)   Merge Heap Roots: 1.46ms
[604.672s][info][gc,phases      ] GC(1469)   Evacuate Collection Set: 125.44ms
[604.672s][info][gc,phases      ] GC(1469)   Post Evacuate Collection Set: 0.79ms
[604.672s][info][gc,phases      ] GC(1469)   Other: 0.12ms
[604.672s][info][gc,heap        ] GC(1469) Eden regions: 445->0(410)
[604.672s][info][gc,heap        ] GC(1469) Survivor regions: 30->60(60)
[604.672s][info][gc,heap        ] GC(1469) Old regions: 416->391
[604.672s][info][gc,heap        ] GC(1469) Humongous regions: 7->7
[604.672s][info][gc,metaspace   ] GC(1469) Metaspace: 19090K(19264K)->19090K(19264K) NonClass: 16430K(16512K)->16430K(16512K) Class: 2660K(2752K)->2660K(2752K)
[604.672s][info][gc             ] GC(1469) Pause Young (Mixed) (G1 Evacuation Pause) 897M->457M(978M) 128.568ms
[604.672s][info][gc,cpu         ] GC(1469) User=0.25s Sys=0.00s Real=0.13s
[604.974s][info][gc,start       ] GC(1470) Pause Young (Concurrent Start) (G1 Evacuation Pause)
[604.974s][info][gc,task        ] GC(1470) Using 2 workers of 2 for evacuation
[605.084s][info][gc,phases      ] GC(1470)   Pre Evacuate Collection Set: 0.32ms
[605.084s][info][gc,phases      ] GC(1470)   Merge Heap Roots: 0.31ms
[605.084s][info][gc,phases      ] GC(1470)   Evacuate Collection Set: 108.21ms
[605.084s][info][gc,phases      ] GC(1470)   Post Evacuate Collection Set: 0.72ms
[605.084s][info][gc,phases      ] GC(1470)   Other: 0.13ms
[605.084s][info][gc,heap        ] GC(1470) Eden regions: 410->0(391)
[605.084s][info][gc,heap        ] GC(1470) Survivor regions: 60->39(59)
[605.084s][info][gc,heap        ] GC(1470) Old regions: 391->452
[605.084s][info][gc,heap        ] GC(1470) Humongous regions: 7->7
[605.084s][info][gc,metaspace   ] GC(1470) Metaspace: 19090K(19264K)->19090K(19264K) NonClass: 16430K(16512K)->16430K(16512K) Class: 2660K(2752K)->2660K(2752K)
[605.084s][info][gc             ] GC(1470) Pause Young (Concurrent Start) (G1 Evacuation Pause) 867M->497M(978M) 109.897ms
[605.084s][info][gc,cpu         ] GC(1470) User=0.22s Sys=0.00s Real=0.11s
[605.084s][info][gc             ] GC(1471) Concurrent Mark Cycle
[605.084s][info][gc,marking     ] GC(1471) Concurrent Scan Root Regions
[605.278s][info][gc,marking     ] GC(1471) Concurrent Scan Root Regions 194.249ms
[605.278s][info][gc,marking     ] GC(1471) Concurrent Mark
[605.278s][info][gc,marking     ] GC(1471) Concurrent Mark From Roots
[605.278s][info][gc,task        ] GC(1471) Using 1 workers of 1 for marking
[605.667s][info][gc,start       ] GC(1472) Pause Young (Normal) (G1 Evacuation Pause)
[605.667s][info][gc,task        ] GC(1472) Using 2 workers of 2 for evacuation
[605.735s][info][gc,phases      ] GC(1472)   Pre Evacuate Collection Set: 0.53ms
[605.735s][info][gc,phases      ] GC(1472)   Merge Heap Roots: 0.42ms
[605.735s][info][gc,phases      ] GC(1472)   Evacuate Collection Set: 66.84ms
[605.735s][info][gc,phases      ] GC(1472)   Post Evacuate Collection Set: 0.63ms
[605.735s][info][gc,phases      ] GC(1472)   Other: 0.12ms
[605.735s][info][gc,heap        ] GC(1472) Eden regions: 391->0(380)
[605.735s][info][gc,heap        ] GC(1472) Survivor regions: 39->21(54)
[605.735s][info][gc,heap        ] GC(1472) Old regions: 452->491
[605.735s][info][gc,heap        ] GC(1472) Humongous regions: 7->7
[605.735s][info][gc,metaspace   ] GC(1472) Metaspace: 19090K(19264K)->19090K(19264K) NonClass: 16430K(16512K)->16430K(16512K) Class: 2660K(2752K)->2660K(2752K)
[605.736s][info][gc             ] GC(1472) Pause Young (Normal) (G1 Evacuation Pause) 888M->517M(978M) 68.791ms
[605.736s][info][gc,cpu         ] GC(1472) User=0.14s Sys=0.00s Real=0.07s
[605.905s][info][gc,marking     ] GC(1471) Concurrent Mark From Roots 626.502ms
[605.905s][info][gc,marking     ] GC(1471) Concurrent Preclean
[605.905s][info][gc,marking     ] GC(1471) Concurrent Preclean 0.062ms
[605.905s][info][gc,start       ] GC(1471) Pause Remark
[605.913s][info][gc             ] GC(1471) Pause Remark 613M->476M(978M) 7.989ms
[605.913s][info][gc,cpu         ] GC(1471) User=0.01s Sys=0.00s Real=0.01s
[605.913s][info][gc,marking     ] GC(1471) Concurrent Mark 634.858ms
[605.913s][info][gc,marking     ] GC(1471) Concurrent Rebuild Remembered Sets and Scrub Regions
[606.276s][info][gc,marking     ] GC(1471) Concurrent Rebuild Remembered Sets and Scrub Regions 362.950ms
[606.277s][info][gc,start       ] GC(1471) Pause Cleanup
[606.277s][info][gc             ] GC(1471) Pause Cleanup 637M->637M(978M) 0.122ms
[606.277s][info][gc,cpu         ] GC(1471) User=0.00s Sys=0.00s Real=0.00s
[606.277s][info][gc,marking     ] GC(1471) Concurrent Clear Claimed Marks
[606.277s][info][gc,marking     ] GC(1471) Concurrent Clear Claimed Marks 0.048ms
[606.277s][info][gc,marking     ] GC(1471) Concurrent Cleanup for Next Mark
[606.282s][info][gc,marking     ] GC(1471) Concurrent Cleanup for Next Mark 4.902ms
[606.282s][info][gc             ] GC(1471) Concurrent Mark Cycle 1198.519ms
[606.615s][info][gc,start       ] GC(1473) Pause Young (Prepare Mixed) (G1 Evacuation Pause)
[606.615s][info][gc,task        ] GC(1473) Using 2 workers of 2 for evacuation
[606.656s][info][gc,phases      ] GC(1473)   Pre Evacuate Collection Set: 0.31ms
[606.656s][info][gc,phases      ] GC(1473)   Merge Heap Roots: 0.37ms
[606.656s][info][gc,phases      ] GC(1473)   Evacuate Collection Set: 39.99ms
[606.656s][info][gc,phases      ] GC(1473)   Post Evacuate Collection Set: 0.62ms
[606.656s][info][gc,phases      ] GC(1473)   Other: 0.10ms
[606.656s][info][gc,heap        ] GC(1473) Eden regions: 380->0(480)
[606.656s][info][gc,heap        ] GC(1473) Survivor regions: 21->36(51)
[606.656s][info][gc,heap        ] GC(1473) Old regions: 357->357
[606.656s][info][gc,heap        ] GC(1473) Humongous regions: 4->4
[606.656s][info][gc,metaspace   ] GC(1473) Metaspace: 19090K(19264K)->19090K(19264K) NonClass: 16430K(16512K)->16430K(16512K) Class: 2660K(2752K)->2660K(2752K)
[606.657s][info][gc             ] GC(1473) Pause Young (Prepare Mixed) (G1 Evacuation Pause) 760M->396M(978M) 41.611ms
[606.657s][info][gc,cpu         ] GC(1473) User=0.08s Sys=0.00s Real=0.04s
[607.649s][info][gc,start       ] GC(1474) Pause Young (Mixed) (G1 Evacuation Pause)
[607.649s][info][gc,task        ] GC(1474) Using 2 workers of 2 for evacuation
[607.693s][info][gc,phases      ] GC(1474)   Pre Evacuate Collection Set: 0.31ms
[607.693s][info][gc,phases      ] GC(1474)   Merge Heap Roots: 0.30ms
[607.693s][info][gc,phases      ] GC(1474)   Evacuate Collection Set: 42.77ms
[607.693s][info][gc,phases      ] GC(1474)   Post Evacuate Collection Set: 0.68ms
[607.693s][info][gc,phases      ] GC(1474)   Other: 0.08ms
[607.693s][info][gc,heap        ] GC(1474) Eden regions: 480->0(503)
[607.693s][info][gc,heap        ] GC(1474) Survivor regions: 36->21(65)
[607.693s][info][gc,heap        ] GC(1474) Old regions: 357->362
[607.693s][info][gc,heap        ] GC(1474) Humongous regions: 4->4
[607.693s][info][gc,metaspace   ] GC(1474) Metaspace: 19090K(19264K)->19090K(19264K) NonClass: 16430K(16512K)->16430K(16512K) Class: 2660K(2752K)->2660K(2752K)
[607.693s][info][gc             ] GC(1474) Pause Young (Mixed) (G1 Evacuation Pause) 876M->386M(978M) 44.392ms
[607.693s][info][gc,cpu         ] GC(1474) User=0.09s Sys=0.00s Real=0.04s
[608.346s][info][gc,start       ] GC(1475) Pause Young (Concurrent Start) (G1 Evacuation Pause)
[608.346s][info][gc,task        ] GC(1475) Using 2 workers of 2 for evacuation
[608.530s][info][gc,phases      ] GC(1475)   Pre Evacuate Collection Set: 0.33ms
[608.530s][info][gc,phases      ] GC(1475)   Merge Heap Roots: 0.24ms
[608.530s][info][gc,phases      ] GC(1475)   Evacuate Collection Set: 158.67ms
[608.530s][info][gc,phases      ] GC(1475)   Post Evacuate Collection Set: 25.12ms
[608.530s][info][gc,phases      ] GC(1475)   Other: 0.11ms
[608.530s][info][gc,heap        ] GC(1475) Eden regions: 503->0(130)
[608.530s][info][gc,heap        ] GC(1475) Survivor regions: 21->66(66)
[608.530s][info][gc,heap        ] GC(1475) Old regions: 362->662
[608.530s][info][gc,heap        ] GC(1475) Humongous regions: 4->4
[608.530s][info][gc,metaspace   ] GC(1475) Metaspace: 19090K(19264K)->19090K(19264K) NonClass: 16430K(16512K)->16430K(16512K) Class: 2660K(2752K)->2660K(2752K)
[608.531s][info][gc             ] GC(1475) Pause Young (Concurrent Start) (G1 Evacuation Pause) (Evacuation Failure: Allocation) 889M->731M(978M) 184.681ms
[608.531s][info][gc,cpu         ] GC(1475) User=0.36s Sys=0.00s Real=0.19s
[608.531s][info][gc             ] GC(1476) Concurrent Mark Cycle
[608.531s][info][gc,marking     ] GC(1476) Concurrent Scan Root Regions
[608.746s][info][gc,marking     ] GC(1476) Concurrent Scan Root Regions 215.606ms
[608.746s][info][gc,marking     ] GC(1476) Concurrent Mark
[608.746s][info][gc,marking     ] GC(1476) Concurrent Mark From Roots
[608.746s][info][gc,task        ] GC(1476) Using 1 workers of 1 for marking
[608.767s][info][gc,start       ] GC(1477) Pause Young (Normal) (G1 Evacuation Pause)
[608.767s][info][gc,task        ] GC(1477) Using 2 workers of 2 for evacuation
[608.925s][info][gc,phases      ] GC(1477)   Pre Evacuate Collection Set: 0.34ms
[608.925s][info][gc,phases      ] GC(1477)   Merge Heap Roots: 1.12ms
[608.925s][info][gc,phases      ] GC(1477)   Evacuate Collection Set: 147.31ms
[608.925s][info][gc,phases      ] GC(1477)   Post Evacuate Collection Set: 8.65ms
[608.925s][info][gc,phases      ] GC(1477)   Other: 0.08ms
[608.925s][info][gc,heap        ] GC(1477) Eden regions: 130->0(184)
[608.925s][info][gc,heap        ] GC(1477) Survivor regions: 66->13(25)
[608.925s][info][gc,heap        ] GC(1477) Old regions: 662->714
[608.925s][info][gc,heap        ] GC(1477) Humongous regions: 4->4
[608.925s][info][gc,metaspace   ] GC(1477) Metaspace: 19090K(19264K)->19090K(19264K) NonClass: 16430K(16512K)->16430K(16512K) Class: 2660K(2752K)->2660K(2752K)
[608.925s][info][gc             ] GC(1477) Pause Young (Normal) (G1 Evacuation Pause) (Evacuation Failure: Allocation) 861M->730M(978M) 157.726ms
[608.925s][info][gc,cpu         ] GC(1477) User=0.31s Sys=0.00s Real=0.15s
[609.287s][info][gc,start       ] GC(1478) Pause Young (Normal) (G1 Evacuation Pause)
[609.287s][info][gc,task        ] GC(1478) Using 2 workers of 2 for evacuation
[609.405s][info][gc,phases      ] GC(1478)   Pre Evacuate Collection Set: 0.36ms
[609.405s][info][gc,phases      ] GC(1478)   Merge Heap Roots: 0.84ms
[609.405s][info][gc,phases      ] GC(1478)   Evacuate Collection Set: 106.16ms
[609.405s][info][gc,phases      ] GC(1478)   Post Evacuate Collection Set: 10.58ms
[609.405s][info][gc,phases      ] GC(1478)   Other: 0.10ms
[609.405s][info][gc,heap        ] GC(1478) Eden regions: 184->0(88)
[609.405s][info][gc,heap        ] GC(1478) Survivor regions: 13->19(25)
[609.405s][info][gc,heap        ] GC(1478) Old regions: 714->795
[609.405s][info][gc,heap        ] GC(1478) Humongous regions: 7->7
[609.405s][info][gc,metaspace   ] GC(1478) Metaspace: 19090K(19264K)->19090K(19264K) NonClass: 16430K(16512K)->16430K(16512K) Class: 2660K(2752K)->2660K(2752K)
[609.405s][info][gc             ] GC(1478) Pause Young (Normal) (G1 Evacuation Pause) (Evacuation Failure: Allocation) 917M->820M(978M) 118.298ms
[609.405s][info][gc,cpu         ] GC(1478) User=0.22s Sys=0.00s Real=0.12s
[609.765s][info][gc,start       ] GC(1479) Pause Young (Normal) (G1 Evacuation Pause)
[609.765s][info][gc,task        ] GC(1479) Using 2 workers of 2 for evacuation
[609.917s][info][gc,phases      ] GC(1479)   Pre Evacuate Collection Set: 0.43ms
[609.917s][info][gc,phases      ] GC(1479)   Merge Heap Roots: 1.35ms
[609.917s][info][gc,phases      ] GC(1479)   Evacuate Collection Set: 137.49ms
[609.917s][info][gc,phases      ] GC(1479)   Post Evacuate Collection Set: 12.51ms
[609.917s][info][gc,phases      ] GC(1479)   Other: 0.12ms
[609.917s][info][gc,heap        ] GC(1479) Eden regions: 88->0(113)
[609.917s][info][gc,heap        ] GC(1479) Survivor regions: 19->14(14)
[609.917s][info][gc,heap        ] GC(1479) Old regions: 795->774
[609.917s][info][gc,heap        ] GC(1479) Humongous regions: 13->13
[609.917s][info][gc,metaspace   ] GC(1479) Metaspace: 19090K(19264K)->19090K(19264K) NonClass: 16430K(16512K)->16430K(16512K) Class: 2660K(2752K)->2660K(2752K)
[609.917s][info][gc             ] GC(1479) Pause Young (Normal) (G1 Evacuation Pause) (Evacuation Failure: Allocation) 914M->800M(978M) 152.165ms
[609.917s][info][gc,cpu         ] GC(1479) User=0.30s Sys=0.00s Real=0.16s
[610.314s][info][gc,marking     ] GC(1476) Concurrent Mark From Roots 1567.948ms
[610.314s][info][gc,marking     ] GC(1476) Concurrent Preclean
[610.314s][info][gc,marking     ] GC(1476) Concurrent Preclean 0.054ms
[610.314s][info][gc,start       ] GC(1476) Pause Remark
[610.322s][info][gc             ] GC(1476) Pause Remark 901M->901M(978M) 7.818ms
[610.322s][info][gc,cpu         ] GC(1476) User=0.01s Sys=0.00s Real=0.01s
[610.324s][info][gc,marking     ] GC(1476) Concurrent Mark 1577.338ms
[610.324s][info][gc,marking     ] GC(1476) Concurrent Rebuild Remembered Sets and Scrub Regions
[610.350s][info][gc,start       ] GC(1480) Pause Young (Normal) (G1 Evacuation Pause)
[610.351s][info][gc,task        ] GC(1480) Using 2 workers of 2 for evacuation
[610.421s][info][gc,phases      ] GC(1480)   Pre Evacuate Collection Set: 0.49ms
[610.421s][info][gc,phases      ] GC(1480)   Merge Heap Roots: 1.41ms
[610.421s][info][gc,phases      ] GC(1480)   Evacuate Collection Set: 68.06ms
[610.421s][info][gc,phases      ] GC(1480)   Post Evacuate Collection Set: 0.55ms
[610.421s][info][gc,phases      ] GC(1480)   Other: 0.11ms
[610.421s][info][gc,heap        ] GC(1480) Eden regions: 113->0(275)
[610.421s][info][gc,heap        ] GC(1480) Survivor regions: 14->1(16)
[610.421s][info][gc,heap        ] GC(1480) Old regions: 774->615
[610.421s][info][gc,heap        ] GC(1480) Humongous regions: 13->13
[610.421s][info][gc,metaspace   ] GC(1480) Metaspace: 19090K(19264K)->19090K(19264K) NonClass: 16430K(16512K)->16430K(16512K) Class: 2660K(2752K)->2660K(2752K)
[610.421s][info][gc             ] GC(1480) Pause Young (Normal) (G1 Evacuation Pause) 913M->628M(978M) 70.816ms
[610.421s][info][gc,cpu         ] GC(1480) User=0.14s Sys=0.00s Real=0.07s
[610.839s][info][gc,marking     ] GC(1476) Concurrent Rebuild Remembered Sets and Scrub Regions 515.522ms
[610.839s][info][gc,start       ] GC(1476) Pause Cleanup
[610.839s][info][gc             ] GC(1476) Pause Cleanup 783M->783M(978M) 0.114ms
[610.839s][info][gc,cpu         ] GC(1476) User=0.00s Sys=0.00s Real=0.00s
[610.840s][info][gc,marking     ] GC(1476) Concurrent Clear Claimed Marks
[610.840s][info][gc,marking     ] GC(1476) Concurrent Clear Claimed Marks 0.035ms
[610.840s][info][gc,marking     ] GC(1476) Concurrent Cleanup for Next Mark
[610.844s][info][gc,marking     ] GC(1476) Concurrent Cleanup for Next Mark 4.879ms
[610.845s][info][gc             ] GC(1476) Concurrent Mark Cycle 2313.964ms
[611.038s][info][gc,start       ] GC(1481) Pause Young (Prepare Mixed) (G1 Evacuation Pause)
[611.038s][info][gc,task        ] GC(1481) Using 2 workers of 2 for evacuation
[611.040s][info][gc,phases      ] GC(1481)   Pre Evacuate Collection Set: 0.53ms
[611.040s][info][gc,phases      ] GC(1481)   Merge Heap Roots: 0.10ms
[611.040s][info][gc,phases      ] GC(1481)   Evacuate Collection Set: 0.21ms
[611.040s][info][gc,phases      ] GC(1481)   Post Evacuate Collection Set: 0.42ms
[611.040s][info][gc,phases      ] GC(1481)   Other: 0.10ms
[611.040s][info][gc,heap        ] GC(1481) Eden regions: 275->0(288)
[611.040s][info][gc,heap        ] GC(1481) Survivor regions: 1->1(35)
[611.040s][info][gc,heap        ] GC(1481) Old regions: 615->615
[611.040s][info][gc,heap        ] GC(1481) Humongous regions: 13->13
[611.040s][info][gc,metaspace   ] GC(1481) Metaspace: 19090K(19264K)->19090K(19264K) NonClass: 16430K(16512K)->16430K(16512K) Class: 2660K(2752K)->2660K(2752K)
[611.040s][info][gc             ] GC(1481) Pause Young (Prepare Mixed) (G1 Evacuation Pause) 903M->628M(978M) 1.579ms
[611.040s][info][gc,cpu         ] GC(1481) User=0.00s Sys=0.00s Real=0.00s
[611.478s][info][gc,start       ] GC(1482) Pause Young (Mixed) (G1 Evacuation Pause)
[611.478s][info][gc,task        ] GC(1482) Using 2 workers of 2 for evacuation
[611.480s][info][gc,phases      ] GC(1482)   Pre Evacuate Collection Set: 0.30ms
[611.480s][info][gc,phases      ] GC(1482)   Merge Heap Roots: 0.09ms
[611.480s][info][gc,phases      ] GC(1482)   Evacuate Collection Set: 0.53ms
[611.480s][info][gc,phases      ] GC(1482)   Post Evacuate Collection Set: 0.44ms
[611.480s][info][gc,phases      ] GC(1482)   Other: 0.10ms
[611.480s][info][gc,heap        ] GC(1482) Eden regions: 288->0(307)
[611.480s][info][gc,heap        ] GC(1482) Survivor regions: 1->1(37)
[611.480s][info][gc,heap        ] GC(1482) Old regions: 615->606
[611.480s][info][gc,heap        ] GC(1482) Humongous regions: 13->13
[611.480s][info][gc,metaspace   ] GC(1482) Metaspace: 19090K(19264K)->19090K(19264K) NonClass: 16430K(16512K)->16430K(16512K) Class: 2660K(2752K)->2660K(2752K)
[611.480s][info][gc             ] GC(1482) Pause Young (Mixed) (G1 Evacuation Pause) 916M->618M(978M) 1.699ms
[611.480s][info][gc,cpu         ] GC(1482) User=0.00s Sys=0.00s Real=0.00s
[611.940s][info][gc,start       ] GC(1483) Pause Young (Concurrent Start) (G1 Evacuation Pause)
[611.940s][info][gc,task        ] GC(1483) Using 2 workers of 2 for evacuation
[611.941s][info][gc,phases      ] GC(1483)   Pre Evacuate Collection Set: 0.33ms
[611.942s][info][gc,phases      ] GC(1483)   Merge Heap Roots: 0.09ms
[611.942s][info][gc,phases      ] GC(1483)   Evacuate Collection Set: 0.47ms
[611.942s][info][gc,phases      ] GC(1483)   Post Evacuate Collection Set: 0.45ms
[611.942s][info][gc,phases      ] GC(1483)   Other: 0.12ms
[611.942s][info][gc,heap        ] GC(1483) Eden regions: 307->0(307)
[611.942s][info][gc,heap        ] GC(1483) Survivor regions: 1->1(39)
[611.942s][info][gc,heap        ] GC(1483) Old regions: 606->606
[611.942s][info][gc,heap        ] GC(1483) Humongous regions: 13->13
[611.942s][info][gc,metaspace   ] GC(1483) Metaspace: 19090K(19264K)->19090K(19264K) NonClass: 16430K(16512K)->16430K(16512K) Class: 2660K(2752K)->2660K(2752K)
[611.942s][info][gc             ] GC(1483) Pause Young (Concurrent Start) (G1 Evacuation Pause) 925M->618M(978M) 1.645ms
[611.942s][info][gc             ] GC(1484) Concurrent Mark Cycle
[611.942s][info][gc,marking     ] GC(1484) Concurrent Scan Root Regions
[611.942s][info][gc,marking     ] GC(1484) Concurrent Scan Root Regions 0.237ms
[611.942s][info][gc,marking     ] GC(1484) Concurrent Mark
[611.942s][info][gc,marking     ] GC(1484) Concurrent Mark From Roots
[611.942s][info][gc,task        ] GC(1484) Using 1 workers of 1 for marking
[611.942s][info][gc,cpu         ] GC(1483) User=0.01s Sys=0.00s Real=0.00s
[612.798s][info][gc,start       ] GC(1485) Pause Young (Normal) (G1 Evacuation Pause)
[612.798s][info][gc,task        ] GC(1485) Using 2 workers of 2 for evacuation
[612.830s][info][gc,phases      ] GC(1485)   Pre Evacuate Collection Set: 0.29ms
[612.830s][info][gc,phases      ] GC(1485)   Merge Heap Roots: 0.17ms
[612.830s][info][gc,phases      ] GC(1485)   Evacuate Collection Set: 30.72ms
[612.830s][info][gc,phases      ] GC(1485)   Post Evacuate Collection Set: 0.49ms
[612.830s][info][gc,phases      ] GC(1485)   Other: 0.09ms
[612.830s][info][gc,heap        ] GC(1485) Eden regions: 307->0(255)
[612.830s][info][gc,heap        ] GC(1485) Survivor regions: 1->27(39)
[612.830s][info][gc,heap        ] GC(1485) Old regions: 606->606
[612.830s][info][gc,heap        ] GC(1485) Humongous regions: 13->13
[612.830s][info][gc,metaspace   ] GC(1485) Metaspace: 19090K(19264K)->19090K(19264K) NonClass: 16430K(16512K)->16430K(16512K) Class: 2660K(2752K)->2660K(2752K)
[612.830s][info][gc             ] GC(1485) Pause Young (Normal) (G1 Evacuation Pause) 925M->645M(978M) 32.002ms
[612.830s][info][gc,cpu         ] GC(1485) User=0.07s Sys=0.00s Real=0.03s
[613.218s][info][gc,start       ] GC(1486) Pause Young (Normal) (G1 Evacuation Pause)
[613.218s][info][gc,task        ] GC(1486) Using 2 workers of 2 for evacuation
[613.250s][info][gc,phases      ] GC(1486)   Pre Evacuate Collection Set: 0.50ms
[613.250s][info][gc,phases      ] GC(1486)   Merge Heap Roots: 0.16ms
[613.250s][info][gc,phases      ] GC(1486)   Evacuate Collection Set: 30.93ms
[613.250s][info][gc,phases      ] GC(1486)   Post Evacuate Collection Set: 0.49ms
[613.250s][info][gc,phases      ] GC(1486)   Other: 0.10ms
[613.250s][info][gc,heap        ] GC(1486) Eden regions: 255->0(270)
[613.250s][info][gc,heap        ] GC(1486) Survivor regions: 27->6(36)
[613.250s][info][gc,heap        ] GC(1486) Old regions: 606->633
[613.250s][info][gc,heap        ] GC(1486) Humongous regions: 13->13
[613.250s][info][gc,metaspace   ] GC(1486) Metaspace: 19090K(19264K)->19090K(19264K) NonClass: 16430K(16512K)->16430K(16512K) Class: 2660K(2752K)->2660K(2752K)
[613.250s][info][gc             ] GC(1486) Pause Young (Normal) (G1 Evacuation Pause) 900M->651M(978M) 32.373ms
[613.250s][info][gc,cpu         ] GC(1486) User=0.06s Sys=0.00s Real=0.03s
[613.335s][info][gc,marking     ] GC(1484) Concurrent Mark From Roots 1393.507ms
[613.335s][info][gc,marking     ] GC(1484) Concurrent Preclean
[613.336s][info][gc,marking     ] GC(1484) Concurrent Preclean 0.060ms
[613.336s][info][gc,start       ] GC(1484) Pause Remark
[613.343s][info][gc             ] GC(1484) Pause Remark 699M->627M(978M) 7.812ms
[613.343s][info][gc,cpu         ] GC(1484) User=0.01s Sys=0.00s Real=0.01s
[613.344s][info][gc,marking     ] GC(1484) Concurrent Mark 1402.214ms
[613.344s][info][gc,marking     ] GC(1484) Concurrent Rebuild Remembered Sets and Scrub Regions
[613.772s][info][gc,marking     ] GC(1484) Concurrent Rebuild Remembered Sets and Scrub Regions 427.835ms
[613.772s][info][gc,start       ] GC(1484) Pause Cleanup
[613.772s][info][gc             ] GC(1484) Pause Cleanup 803M->803M(978M) 0.132ms
[613.772s][info][gc,cpu         ] GC(1484) User=0.00s Sys=0.00s Real=0.00s
[613.772s][info][gc,marking     ] GC(1484) Concurrent Clear Claimed Marks
[613.772s][info][gc,marking     ] GC(1484) Concurrent Clear Claimed Marks 0.030ms
[613.772s][info][gc,marking     ] GC(1484) Concurrent Cleanup for Next Mark
[613.775s][info][gc,marking     ] GC(1484) Concurrent Cleanup for Next Mark 2.844ms
[613.775s][info][gc             ] GC(1484) Concurrent Mark Cycle 1833.608ms
[613.860s][info][gc,start       ] GC(1487) Pause Young (Prepare Mixed) (G1 Evacuation Pause)
[613.860s][info][gc,task        ] GC(1487) Using 2 workers of 2 for evacuation
[613.877s][info][gc,phases      ] GC(1487)   Pre Evacuate Collection Set: 0.29ms
[613.877s][info][gc,phases      ] GC(1487)   Merge Heap Roots: 0.19ms
[613.877s][info][gc,phases      ] GC(1487)   Evacuate Collection Set: 15.95ms
[613.877s][info][gc,phases      ] GC(1487)   Post Evacuate Collection Set: 0.49ms
[613.877s][info][gc,phases      ] GC(1487)   Other: 0.10ms
[613.877s][info][gc,heap        ] GC(1487) Eden regions: 270->0(167)
[613.877s][info][gc,heap        ] GC(1487) Survivor regions: 6->14(35)
[613.877s][info][gc,heap        ] GC(1487) Old regions: 567->567
[613.877s][info][gc,heap        ] GC(1487) Humongous regions: 7->7
[613.877s][info][gc,metaspace   ] GC(1487) Metaspace: 19090K(19264K)->19090K(19264K) NonClass: 16430K(16512K)->16430K(16512K) Class: 2660K(2752K)->2660K(2752K)
[613.877s][info][gc             ] GC(1487) Pause Young (Prepare Mixed) (G1 Evacuation Pause) 849M->587M(978M) 17.230ms
[613.877s][info][gc,cpu         ] GC(1487) User=0.03s Sys=0.00s Real=0.02s
[614.216s][info][gc,start       ] GC(1488) Pause Young (Mixed) (G1 Evacuation Pause)
[614.216s][info][gc,task        ] GC(1488) Using 2 workers of 2 for evacuation
[614.232s][info][gc,phases      ] GC(1488)   Pre Evacuate Collection Set: 0.34ms
[614.232s][info][gc,phases      ] GC(1488)   Merge Heap Roots: 0.15ms
[614.232s][info][gc,phases      ] GC(1488)   Evacuate Collection Set: 14.77ms
[614.232s][info][gc,phases      ] GC(1488)   Post Evacuate Collection Set: 0.38ms
[614.232s][info][gc,phases      ] GC(1488)   Other: 0.07ms
[614.232s][info][gc,heap        ] GC(1488) Eden regions: 189->0(341)
[614.232s][info][gc,heap        ] GC(1488) Survivor regions: 14->9(26)
[614.232s][info][gc,heap        ] GC(1488) Old regions: 567->562
[614.232s][info][gc,heap        ] GC(1488) Humongous regions: 7->7
[614.232s][info][gc,metaspace   ] GC(1488) Metaspace: 19090K(19264K)->19090K(19264K) NonClass: 16430K(16512K)->16430K(16512K) Class: 2660K(2752K)->2660K(2752K)
[614.232s][info][gc             ] GC(1488) Pause Young (Mixed) (G1 Evacuation Pause) 776M->576M(978M) 15.924ms
[614.232s][info][gc,cpu         ] GC(1488) User=0.03s Sys=0.01s Real=0.02s
[614.764s][info][gc,start       ] GC(1489) Pause Young (Mixed) (G1 Evacuation Pause)
[614.764s][info][gc,task        ] GC(1489) Using 2 workers of 2 for evacuation
[614.797s][info][gc,phases      ] GC(1489)   Pre Evacuate Collection Set: 0.54ms
[614.797s][info][gc,phases      ] GC(1489)   Merge Heap Roots: 0.39ms
[614.797s][info][gc,phases      ] GC(1489)   Evacuate Collection Set: 30.03ms
[614.797s][info][gc,phases      ] GC(1489)   Merge Optional Heap Roots: 0.05ms
[614.797s][info][gc,phases      ] GC(1489)   Evacuate Optional Collection Set: 0.95ms
[614.797s][info][gc,phases      ] GC(1489)   Post Evacuate Collection Set: 0.69ms
[614.797s][info][gc,phases      ] GC(1489)   Other: 0.09ms
[614.797s][info][gc,heap        ] GC(1489) Eden regions: 341->0(182)
[614.797s][info][gc,heap        ] GC(1489) Survivor regions: 9->22(44)
[614.797s][info][gc,heap        ] GC(1489) Old regions: 562->497
[614.797s][info][gc,heap        ] GC(1489) Humongous regions: 7->7
[614.797s][info][gc,metaspace   ] GC(1489) Metaspace: 19090K(19264K)->19090K(19264K) NonClass: 16430K(16512K)->16430K(16512K) Class: 2660K(2752K)->2660K(2752K)
[614.797s][info][gc             ] GC(1489) Pause Young (Mixed) (G1 Evacuation Pause) 917M->525M(978M) 32.965ms
[614.797s][info][gc,cpu         ] GC(1489) User=0.07s Sys=0.00s Real=0.04s
[614.975s][info][gc,start       ] GC(1490) Pause Young (Mixed) (G1 Evacuation Pause)
[614.975s][info][gc,task        ] GC(1490) Using 2 workers of 2 for evacuation
[615.062s][info][gc,phases      ] GC(1490)   Pre Evacuate Collection Set: 0.28ms
[615.062s][info][gc,phases      ] GC(1490)   Merge Heap Roots: 0.26ms
[615.062s][info][gc,phases      ] GC(1490)   Evacuate Collection Set: 85.91ms
[615.062s][info][gc,phases      ] GC(1490)   Post Evacuate Collection Set: 0.75ms
[615.062s][info][gc,phases      ] GC(1490)   Other: 0.07ms
[615.062s][info][gc,heap        ] GC(1490) Eden regions: 185->0(311)
[615.062s][info][gc,heap        ] GC(1490) Survivor regions: 22->26(26)
[615.062s][info][gc,heap        ] GC(1490) Old regions: 497->544
[615.062s][info][gc,heap        ] GC(1490) Humongous regions: 7->7
[615.062s][info][gc,metaspace   ] GC(1490) Metaspace: 19090K(19264K)->19090K(19264K) NonClass: 16430K(16512K)->16430K(16512K) Class: 2660K(2752K)->2660K(2752K)
[615.062s][info][gc             ] GC(1490) Pause Young (Mixed) (G1 Evacuation Pause) 710M->576M(978M) 87.512ms
[615.062s][info][gc,cpu         ] GC(1490) User=0.17s Sys=0.00s Real=0.09s
[615.214s][info][gc,start       ] GC(1491) Pause Young (Concurrent Start) (G1 Humongous Allocation)
[615.214s][info][gc,task        ] GC(1491) Using 2 workers of 2 for evacuation
[615.265s][info][gc,phases      ] GC(1491)   Pre Evacuate Collection Set: 0.31ms
[615.266s][info][gc,phases      ] GC(1491)   Merge Heap Roots: 0.50ms
[615.266s][info][gc,phases      ] GC(1491)   Evacuate Collection Set: 49.56ms
[615.266s][info][gc,phases      ] GC(1491)   Post Evacuate Collection Set: 0.68ms
[615.266s][info][gc,phases      ] GC(1491)   Other: 0.12ms
[615.266s][info][gc,heap        ] GC(1491) Eden regions: 85->0(315)
[615.266s][info][gc,heap        ] GC(1491) Survivor regions: 26->24(43)
[615.266s][info][gc,heap        ] GC(1491) Old regions: 544->554
[615.266s][info][gc,heap        ] GC(1491) Humongous regions: 7->7
[615.266s][info][gc,metaspace   ] GC(1491) Metaspace: 19090K(19264K)->19090K(19264K) NonClass: 16430K(16512K)->16430K(16512K) Class: 2660K(2752K)->2660K(2752K)
[615.266s][info][gc             ] GC(1491) Pause Young (Concurrent Start) (G1 Humongous Allocation) 660M->584M(978M) 51.406ms
[615.266s][info][gc,cpu         ] GC(1491) User=0.10s Sys=0.00s Real=0.05s
[615.266s][info][gc             ] GC(1492) Concurrent Mark Cycle
[615.266s][info][gc,marking     ] GC(1492) Concurrent Scan Root Regions
[615.322s][info][gc,marking     ] GC(1492) Concurrent Scan Root Regions 56.209ms
[615.322s][info][gc,marking     ] GC(1492) Concurrent Mark
[615.322s][info][gc,marking     ] GC(1492) Concurrent Mark From Roots
[615.322s][info][gc,task        ] GC(1492) Using 1 workers of 1 for marking
[616.381s][info][gc,start       ] GC(1493) Pause Young (Normal) (G1 Evacuation Pause)
[616.381s][info][gc,task        ] GC(1493) Using 2 workers of 2 for evacuation
[616.427s][info][gc,phases      ] GC(1493)   Pre Evacuate Collection Set: 0.51ms
[616.427s][info][gc,phases      ] GC(1493)   Merge Heap Roots: 0.80ms
[616.427s][info][gc,phases      ] GC(1493)   Evacuate Collection Set: 43.53ms
[616.427s][info][gc,phases      ] GC(1493)   Post Evacuate Collection Set: 0.64ms
[616.427s][info][gc,phases      ] GC(1493)   Other: 0.09ms
[616.427s][info][gc,heap        ] GC(1493) Eden regions: 315->0(316)
[616.427s][info][gc,heap        ] GC(1493) Survivor regions: 24->13(43)
[616.427s][info][gc,heap        ] GC(1493) Old regions: 554->571
[616.427s][info][gc,heap        ] GC(1493) Humongous regions: 10->10
[616.427s][info][gc,metaspace   ] GC(1493) Metaspace: 19090K(19264K)->19090K(19264K) NonClass: 16430K(16512K)->16430K(16512K) Class: 2660K(2752K)->2660K(2752K)
[616.427s][info][gc             ] GC(1493) Pause Young (Normal) (G1 Evacuation Pause) 902M->592M(978M) 45.792ms
[616.427s][info][gc,cpu         ] GC(1493) User=0.09s Sys=0.00s Real=0.04s
[616.832s][info][gc,marking     ] GC(1492) Concurrent Mark From Roots 1509.570ms
[616.832s][info][gc,marking     ] GC(1492) Concurrent Preclean
[616.832s][info][gc,marking     ] GC(1492) Concurrent Preclean 0.062ms
[616.832s][info][gc,start       ] GC(1492) Pause Remark
[616.840s][info][gc             ] GC(1492) Pause Remark 710M->710M(978M) 7.943ms
[616.840s][info][gc,cpu         ] GC(1492) User=0.01s Sys=0.00s Real=0.01s
[616.842s][info][gc,marking     ] GC(1492) Concurrent Mark 1519.950ms
[616.842s][info][gc,marking     ] GC(1492) Concurrent Rebuild Remembered Sets and Scrub Regions
[617.289s][info][gc,start       ] GC(1494) Pause Young (Normal) (G1 Evacuation Pause)
[617.289s][info][gc,task        ] GC(1494) Using 2 workers of 2 for evacuation
[617.313s][info][gc,phases      ] GC(1494)   Pre Evacuate Collection Set: 0.51ms
[617.313s][info][gc,phases      ] GC(1494)   Merge Heap Roots: 0.43ms
[617.313s][info][gc,phases      ] GC(1494)   Evacuate Collection Set: 22.63ms
[617.313s][info][gc,phases      ] GC(1494)   Post Evacuate Collection Set: 0.63ms
[617.313s][info][gc,phases      ] GC(1494)   Other: 0.08ms
[617.313s][info][gc,heap        ] GC(1494) Eden regions: 316->0(323)
[617.313s][info][gc,heap        ] GC(1494) Survivor regions: 13->12(42)
[617.313s][info][gc,heap        ] GC(1494) Old regions: 571->571
[617.313s][info][gc,heap        ] GC(1494) Humongous regions: 10->10
[617.313s][info][gc,metaspace   ] GC(1494) Metaspace: 19090K(19264K)->19090K(19264K) NonClass: 16430K(16512K)->16430K(16512K) Class: 2660K(2752K)->2660K(2752K)
[617.313s][info][gc             ] GC(1494) Pause Young (Normal) (G1 Evacuation Pause) 908M->592M(978M) 24.542ms
[617.313s][info][gc,cpu         ] GC(1494) User=0.05s Sys=0.00s Real=0.02s
[617.373s][info][gc,marking     ] GC(1492) Concurrent Rebuild Remembered Sets and Scrub Regions 530.885ms
[617.373s][info][gc,start       ] GC(1492) Pause Cleanup
[617.373s][info][gc             ] GC(1492) Pause Cleanup 617M->617M(978M) 0.084ms
[617.373s][info][gc,cpu         ] GC(1492) User=0.00s Sys=0.00s Real=0.00s
[617.373s][info][gc,marking     ] GC(1492) Concurrent Clear Claimed Marks
[617.373s][info][gc,marking     ] GC(1492) Concurrent Clear Claimed Marks 0.037ms
[617.373s][info][gc,marking     ] GC(1492) Concurrent Cleanup for Next Mark
[617.376s][info][gc,marking     ] GC(1492) Concurrent Cleanup for Next Mark 2.824ms
[617.376s][info][gc             ] GC(1492) Concurrent Mark Cycle 2110.295ms
[617.799s][info][gc,start       ] GC(1495) Pause Young (Prepare Mixed) (G1 Evacuation Pause)
[617.799s][info][gc,task        ] GC(1495) Using 2 workers of 2 for evacuation
[617.832s][info][gc,phases      ] GC(1495)   Pre Evacuate Collection Set: 0.31ms
[617.832s][info][gc,phases      ] GC(1495)   Merge Heap Roots: 0.31ms
[617.832s][info][gc,phases      ] GC(1495)   Evacuate Collection Set: 32.16ms
[617.832s][info][gc,phases      ] GC(1495)   Post Evacuate Collection Set: 0.65ms
[617.832s][info][gc,phases      ] GC(1495)   Other: 0.08ms
[617.832s][info][gc,heap        ] GC(1495) Eden regions: 323->0(305)
[617.832s][info][gc,heap        ] GC(1495) Survivor regions: 12->21(42)
[617.832s][info][gc,heap        ] GC(1495) Old regions: 571->571
[617.832s][info][gc,heap        ] GC(1495) Humongous regions: 10->10
[617.832s][info][gc,metaspace   ] GC(1495) Metaspace: 19090K(19264K)->19090K(19264K) NonClass: 16430K(16512K)->16430K(16512K) Class: 2660K(2752K)->2660K(2752K)
[617.832s][info][gc             ] GC(1495) Pause Young (Prepare Mixed) (G1 Evacuation Pause) 915M->600M(978M) 33.743ms
[617.832s][info][gc,cpu         ] GC(1495) User=0.07s Sys=0.00s Real=0.03s
[618.113s][info][gc,start       ] GC(1496) Pause Young (Mixed) (G1 Evacuation Pause)
[618.113s][info][gc,task        ] GC(1496) Using 2 workers of 2 for evacuation
[618.189s][info][gc,phases      ] GC(1496)   Pre Evacuate Collection Set: 0.31ms
[618.189s][info][gc,phases      ] GC(1496)   Merge Heap Roots: 0.49ms
[618.189s][info][gc,phases      ] GC(1496)   Evacuate Collection Set: 72.82ms
[618.189s][info][gc,phases      ] GC(1496)   Merge Optional Heap Roots: 0.10ms
[618.189s][info][gc,phases      ] GC(1496)   Evacuate Optional Collection Set: 1.78ms
[618.189s][info][gc,phases      ] GC(1496)   Post Evacuate Collection Set: 0.76ms
[618.189s][info][gc,phases      ] GC(1496)   Other: 0.09ms
[618.189s][info][gc,heap        ] GC(1496) Eden regions: 305->0(112)
[618.189s][info][gc,heap        ] GC(1496) Survivor regions: 21->41(41)
[618.189s][info][gc,heap        ] GC(1496) Old regions: 571->572
[618.189s][info][gc,heap        ] GC(1496) Humongous regions: 10->10
[618.189s][info][gc,metaspace   ] GC(1496) Metaspace: 19090K(19264K)->19090K(19264K) NonClass: 16430K(16512K)->16430K(16512K) Class: 2660K(2752K)->2660K(2752K)
[618.189s][info][gc             ] GC(1496) Pause Young (Mixed) (G1 Evacuation Pause) 905M->622M(978M) 76.607ms
[618.189s][info][gc,cpu         ] GC(1496) User=0.15s Sys=0.00s Real=0.08s
[618.252s][info][gc,start       ] GC(1497) Pause Young (Mixed) (G1 Evacuation Pause)
[618.252s][info][gc,task        ] GC(1497) Using 2 workers of 2 for evacuation
[618.325s][info][gc,phases      ] GC(1497)   Pre Evacuate Collection Set: 0.49ms
[618.325s][info][gc,phases      ] GC(1497)   Merge Heap Roots: 0.45ms
[618.325s][info][gc,phases      ] GC(1497)   Evacuate Collection Set: 71.13ms
[618.325s][info][gc,phases      ] GC(1497)   Post Evacuate Collection Set: 0.37ms
[618.325s][info][gc,phases      ] GC(1497)   Other: 0.06ms
[618.325s][info][gc,heap        ] GC(1497) Eden regions: 77->0(277)
[618.325s][info][gc,heap        ] GC(1497) Survivor regions: 41->14(15)
[618.325s][info][gc,heap        ] GC(1497) Old regions: 572->613
[618.325s][info][gc,heap        ] GC(1497) Humongous regions: 10->10
[618.325s][info][gc,metaspace   ] GC(1497) Metaspace: 19090K(19264K)->19090K(19264K) NonClass: 16430K(16512K)->16430K(16512K) Class: 2660K(2752K)->2660K(2752K)
[618.325s][info][gc             ] GC(1497) Pause Young (Mixed) (G1 Evacuation Pause) 699M->635M(978M) 72.746ms
[618.325s][info][gc,cpu         ] GC(1497) User=0.15s Sys=0.00s Real=0.07s
[618.524s][info][gc,start       ] GC(1498) Pause Young (Mixed) (G1 Evacuation Pause)
[618.524s][info][gc,task        ] GC(1498) Using 2 workers of 2 for evacuation
[618.590s][info][gc,phases      ] GC(1498)   Pre Evacuate Collection Set: 0.31ms
[618.590s][info][gc,phases      ] GC(1498)   Merge Heap Roots: 0.43ms
[618.590s][info][gc,phases      ] GC(1498)   Evacuate Collection Set: 64.97ms
[618.590s][info][gc,phases      ] GC(1498)   Post Evacuate Collection Set: 0.55ms
[618.591s][info][gc,phases      ] GC(1498)   Other: 0.09ms
[618.591s][info][gc,heap        ] GC(1498) Eden regions: 277->0(225)
[618.591s][info][gc,heap        ] GC(1498) Survivor regions: 14->37(37)
[618.591s][info][gc,heap        ] GC(1498) Old regions: 613->619
[618.591s][info][gc,heap        ] GC(1498) Humongous regions: 10->10
[618.591s][info][gc,metaspace   ] GC(1498) Metaspace: 19090K(19264K)->19090K(19264K) NonClass: 16430K(16512K)->16430K(16512K) Class: 2660K(2752K)->2660K(2752K)
[618.591s][info][gc             ] GC(1498) Pause Young (Mixed) (G1 Evacuation Pause) 912M->665M(978M) 66.560ms
[618.591s][info][gc,cpu         ] GC(1498) User=0.13s Sys=0.00s Real=0.07s
[618.814s][info][gc,start       ] GC(1499) Pause Young (Concurrent Start) (G1 Evacuation Pause)
[618.814s][info][gc,task        ] GC(1499) Using 2 workers of 2 for evacuation
[618.886s][info][gc,phases      ] GC(1499)   Pre Evacuate Collection Set: 0.33ms
[618.887s][info][gc,phases      ] GC(1499)   Merge Heap Roots: 0.30ms
[618.887s][info][gc,phases      ] GC(1499)   Evacuate Collection Set: 71.66ms
[618.887s][info][gc,phases      ] GC(1499)   Post Evacuate Collection Set: 0.48ms
[618.887s][info][gc,phases      ] GC(1499)   Other: 0.09ms
[618.887s][info][gc,heap        ] GC(1499) Eden regions: 225->0(198)
[618.887s][info][gc,heap        ] GC(1499) Survivor regions: 37->32(33)
[618.887s][info][gc,heap        ] GC(1499) Old regions: 619->656
[618.887s][info][gc,heap        ] GC(1499) Humongous regions: 10->10
[618.887s][info][gc,metaspace   ] GC(1499) Metaspace: 19090K(19264K)->19090K(19264K) NonClass: 16430K(16512K)->16430K(16512K) Class: 2660K(2752K)->2660K(2752K)
[618.887s][info][gc             ] GC(1499) Pause Young (Concurrent Start) (G1 Evacuation Pause) 890M->697M(978M) 73.069ms
[618.887s][info][gc,cpu         ] GC(1499) User=0.15s Sys=0.00s Real=0.07s
[618.887s][info][gc             ] GC(1500) Concurrent Mark Cycle
[618.887s][info][gc,marking     ] GC(1500) Concurrent Scan Root Regions
[619.017s][info][gc,marking     ] GC(1500) Concurrent Scan Root Regions 130.252ms
[619.017s][info][gc,marking     ] GC(1500) Concurrent Mark
[619.017s][info][gc,marking     ] GC(1500) Concurrent Mark From Roots
[619.017s][info][gc,task        ] GC(1500) Using 1 workers of 1 for marking
[619.211s][info][gc,start       ] GC(1501) Pause Young (Normal) (G1 Evacuation Pause)
[619.211s][info][gc,task        ] GC(1501) Using 2 workers of 2 for evacuation
[619.253s][info][gc,phases      ] GC(1501)   Pre Evacuate Collection Set: 0.52ms
[619.253s][info][gc,phases      ] GC(1501)   Merge Heap Roots: 0.34ms
[619.253s][info][gc,phases      ] GC(1501)   Evacuate Collection Set: 39.97ms
[619.253s][info][gc,phases      ] GC(1501)   Post Evacuate Collection Set: 0.42ms
[619.253s][info][gc,phases      ] GC(1501)   Other: 0.07ms
[619.253s][info][gc,heap        ] GC(1501) Eden regions: 198->0(217)
[619.253s][info][gc,heap        ] GC(1501) Survivor regions: 32->3(29)
[619.253s][info][gc,heap        ] GC(1501) Old regions: 656->687
[619.253s][info][gc,heap        ] GC(1501) Humongous regions: 10->10
[619.253s][info][gc,metaspace   ] GC(1501) Metaspace: 19090K(19264K)->19090K(19264K) NonClass: 16430K(16512K)->16430K(16512K) Class: 2660K(2752K)->2660K(2752K)
[619.253s][info][gc             ] GC(1501) Pause Young (Normal) (G1 Evacuation Pause) 895M->699M(978M) 41.565ms
[619.253s][info][gc,cpu         ] GC(1501) User=0.08s Sys=0.00s Real=0.04s
[619.695s][info][gc,start       ] GC(1502) Pause Young (Normal) (G1 Evacuation Pause)
[619.695s][info][gc,task        ] GC(1502) Using 2 workers of 2 for evacuation
[619.716s][info][gc,phases      ] GC(1502)   Pre Evacuate Collection Set: 0.29ms
[619.716s][info][gc,phases      ] GC(1502)   Merge Heap Roots: 0.32ms
[619.716s][info][gc,phases      ] GC(1502)   Evacuate Collection Set: 19.75ms
[619.716s][info][gc,phases      ] GC(1502)   Post Evacuate Collection Set: 0.43ms
[619.716s][info][gc,phases      ] GC(1502)   Other: 0.11ms
[619.716s][info][gc,heap        ] GC(1502) Eden regions: 217->0(215)
[619.716s][info][gc,heap        ] GC(1502) Survivor regions: 3->8(28)
[619.716s][info][gc,heap        ] GC(1502) Old regions: 687->687
[619.716s][info][gc,heap        ] GC(1502) Humongous regions: 10->10
[619.716s][info][gc,metaspace   ] GC(1502) Metaspace: 19090K(19264K)->19090K(19264K) NonClass: 16430K(16512K)->16430K(16512K) Class: 2660K(2752K)->2660K(2752K)
[619.716s][info][gc             ] GC(1502) Pause Young (Normal) (G1 Evacuation Pause) 916M->704M(978M) 21.120ms
[619.716s][info][gc,cpu         ] GC(1502) User=0.05s Sys=0.00s Real=0.02s
[620.173s][info][gc,start       ] GC(1503) Pause Young (Normal) (G1 Evacuation Pause)
[620.173s][info][gc,task        ] GC(1503) Using 2 workers of 2 for evacuation
[620.189s][info][gc,phases      ] GC(1503)   Pre Evacuate Collection Set: 0.51ms
[620.189s][info][gc,phases      ] GC(1503)   Merge Heap Roots: 0.20ms
[620.189s][info][gc,phases      ] GC(1503)   Evacuate Collection Set: 14.79ms
[620.189s][info][gc,phases      ] GC(1503)   Post Evacuate Collection Set: 0.46ms
[620.189s][info][gc,phases      ] GC(1503)   Other: 0.07ms
[620.189s][info][gc,heap        ] GC(1503) Eden regions: 215->0(207)
[620.189s][info][gc,heap        ] GC(1503) Survivor regions: 8->12(28)
[620.189s][info][gc,heap        ] GC(1503) Old regions: 687->687
[620.189s][info][gc,heap        ] GC(1503) Humongous regions: 10->10
[620.189s][info][gc,metaspace   ] GC(1503) Metaspace: 19090K(19264K)->19090K(19264K) NonClass: 16430K(16512K)->16430K(16512K) Class: 2660K(2752K)->2660K(2752K)
[620.189s][info][gc             ] GC(1503) Pause Young (Normal) (G1 Evacuation Pause) 919M->708M(978M) 16.223ms
[620.189s][info][gc,cpu         ] GC(1503) User=0.03s Sys=0.00s Real=0.02s
[620.424s][info][gc,marking     ] GC(1500) Concurrent Mark From Roots 1406.707ms
[620.424s][info][gc,marking     ] GC(1500) Concurrent Preclean
[620.424s][info][gc,marking     ] GC(1500) Concurrent Preclean 0.055ms
[620.425s][info][gc,start       ] GC(1500) Pause Remark
[620.433s][info][gc             ] GC(1500) Pause Remark 819M->753M(978M) 7.772ms
[620.433s][info][gc,cpu         ] GC(1500) User=0.02s Sys=0.00s Real=0.01s
[620.433s][info][gc,marking     ] GC(1500) Concurrent Mark 1416.049ms
[620.433s][info][gc,marking     ] GC(1500) Concurrent Rebuild Remembered Sets and Scrub Regions
[620.533s][info][gc,start       ] GC(1504) Pause Young (Normal) (G1 Evacuation Pause)
[620.533s][info][gc,task        ] GC(1504) Using 2 workers of 2 for evacuation
[620.610s][info][gc,phases      ] GC(1504)   Pre Evacuate Collection Set: 0.47ms
[620.610s][info][gc,phases      ] GC(1504)   Merge Heap Roots: 0.22ms
[620.610s][info][gc,phases      ] GC(1504)   Evacuate Collection Set: 75.44ms
[620.610s][info][gc,phases      ] GC(1504)   Post Evacuate Collection Set: 0.67ms
[620.610s][info][gc,phases      ] GC(1504)   Other: 0.10ms
[620.610s][info][gc,heap        ] GC(1504) Eden regions: 207->0(191)
[620.610s][info][gc,heap        ] GC(1504) Survivor regions: 12->28(28)
[620.610s][info][gc,heap        ] GC(1504) Old regions: 624->671
[620.610s][info][gc,heap        ] GC(1504) Humongous regions: 7->7
[620.610s][info][gc,metaspace   ] GC(1504) Metaspace: 19095K(19264K)->19095K(19264K) NonClass: 16434K(16512K)->16434K(16512K) Class: 2660K(2752K)->2660K(2752K)
[620.610s][info][gc             ] GC(1504) Pause Young (Normal) (G1 Evacuation Pause) 849M->705M(978M) 77.126ms
[620.610s][info][gc,cpu         ] GC(1504) User=0.16s Sys=0.00s Real=0.08s
[620.995s][info][gc,start       ] GC(1505) Pause Young (Normal) (G1 Evacuation Pause)
[620.995s][info][gc,task        ] GC(1505) Using 2 workers of 2 for evacuation
[621.058s][info][gc,phases      ] GC(1505)   Pre Evacuate Collection Set: 0.51ms
[621.058s][info][gc,phases      ] GC(1505)   Merge Heap Roots: 0.44ms
[621.058s][info][gc,phases      ] GC(1505)   Evacuate Collection Set: 62.03ms
[621.058s][info][gc,phases      ] GC(1505)   Post Evacuate Collection Set: 0.47ms
[621.058s][info][gc,phases      ] GC(1505)   Other: 0.10ms
[621.058s][info][gc,heap        ] GC(1505) Eden regions: 191->0(170)
[621.058s][info][gc,heap        ] GC(1505) Survivor regions: 28->26(28)
[621.058s][info][gc,heap        ] GC(1505) Old regions: 671->699
[621.058s][info][gc,heap        ] GC(1505) Humongous regions: 7->7
[621.058s][info][gc,metaspace   ] GC(1505) Metaspace: 19095K(19264K)->19095K(19264K) NonClass: 16434K(16512K)->16434K(16512K) Class: 2660K(2752K)->2660K(2752K)
[621.059s][info][gc             ] GC(1505) Pause Young (Normal) (G1 Evacuation Pause) 896M->731M(978M) 63.763ms
[621.059s][info][gc,cpu         ] GC(1505) User=0.12s Sys=0.00s Real=0.07s
[621.152s][info][gc,marking     ] GC(1500) Concurrent Rebuild Remembered Sets and Scrub Regions 718.512ms
[621.152s][info][gc,start       ] GC(1500) Pause Cleanup
[621.152s][info][gc             ] GC(1500) Pause Cleanup 829M->829M(978M) 0.146ms
[621.152s][info][gc,cpu         ] GC(1500) User=0.00s Sys=0.00s Real=0.00s
[621.152s][info][gc,marking     ] GC(1500) Concurrent Clear Claimed Marks
[621.152s][info][gc,marking     ] GC(1500) Concurrent Clear Claimed Marks 0.029ms
[621.152s][info][gc,marking     ] GC(1500) Concurrent Cleanup for Next Mark
[621.155s][info][gc,marking     ] GC(1500) Concurrent Cleanup for Next Mark 2.823ms
[621.155s][info][gc             ] GC(1500) Concurrent Mark Cycle 2268.218ms
[621.233s][info][gc,start       ] GC(1506) Pause Young (Prepare Mixed) (G1 Evacuation Pause)
[621.233s][info][gc,task        ] GC(1506) Using 2 workers of 2 for evacuation
[621.267s][info][gc,phases      ] GC(1506)   Pre Evacuate Collection Set: 0.28ms
[621.267s][info][gc,phases      ] GC(1506)   Merge Heap Roots: 0.26ms
[621.267s][info][gc,phases      ] GC(1506)   Evacuate Collection Set: 32.52ms
[621.267s][info][gc,phases      ] GC(1506)   Post Evacuate Collection Set: 0.45ms
[621.267s][info][gc,phases      ] GC(1506)   Other: 0.08ms
[621.267s][info][gc,heap        ] GC(1506) Eden regions: 170->0(173)
[621.267s][info][gc,heap        ] GC(1506) Survivor regions: 26->9(25)
[621.267s][info][gc,heap        ] GC(1506) Old regions: 699->725
[621.267s][info][gc,heap        ] GC(1506) Humongous regions: 7->7
[621.267s][info][gc,metaspace   ] GC(1506) Metaspace: 19097K(19264K)->19097K(19264K) NonClass: 16437K(16512K)->16437K(16512K) Class: 2660K(2752K)->2660K(2752K)
[621.267s][info][gc             ] GC(1506) Pause Young (Prepare Mixed) (G1 Evacuation Pause) 901M->740M(978M) 33.793ms
[621.267s][info][gc,cpu         ] GC(1506) User=0.06s Sys=0.00s Real=0.04s
[621.497s][info][gc,start       ] GC(1507) Pause Young (Mixed) (G1 Evacuation Pause)
[621.497s][info][gc,task        ] GC(1507) Using 2 workers of 2 for evacuation
[621.559s][info][gc,phases      ] GC(1507)   Pre Evacuate Collection Set: 0.34ms
[621.559s][info][gc,phases      ] GC(1507)   Merge Heap Roots: 1.00ms
[621.559s][info][gc,phases      ] GC(1507)   Evacuate Collection Set: 49.93ms
[621.559s][info][gc,phases      ] GC(1507)   Merge Optional Heap Roots: 0.30ms
[621.559s][info][gc,phases      ] GC(1507)   Evacuate Optional Collection Set: 9.52ms
[621.559s][info][gc,phases      ] GC(1507)   Post Evacuate Collection Set: 0.65ms
[621.559s][info][gc,phases      ] GC(1507)   Other: 0.08ms
[621.559s][info][gc,heap        ] GC(1507) Eden regions: 173->0(219)
[621.559s][info][gc,heap        ] GC(1507) Survivor regions: 9->9(23)
[621.559s][info][gc,heap        ] GC(1507) Old regions: 725->672
[621.559s][info][gc,heap        ] GC(1507) Humongous regions: 7->7
[621.559s][info][gc,metaspace   ] GC(1507) Metaspace: 19097K(19264K)->19097K(19264K) NonClass: 16437K(16512K)->16437K(16512K) Class: 2660K(2752K)->2660K(2752K)
[621.559s][info][gc             ] GC(1507) Pause Young (Mixed) (G1 Evacuation Pause) 913M->687M(978M) 62.088ms
[621.559s][info][gc,cpu         ] GC(1507) User=0.12s Sys=0.00s Real=0.06s
[621.829s][info][gc,start       ] GC(1508) Pause Young (Mixed) (G1 Evacuation Pause)
[621.829s][info][gc,task        ] GC(1508) Using 2 workers of 2 for evacuation
[621.854s][info][gc,phases      ] GC(1508)   Pre Evacuate Collection Set: 0.55ms
[621.854s][info][gc,phases      ] GC(1508)   Merge Heap Roots: 0.38ms
[621.854s][info][gc,phases      ] GC(1508)   Evacuate Collection Set: 23.38ms
[621.854s][info][gc,phases      ] GC(1508)   Post Evacuate Collection Set: 0.46ms
[621.854s][info][gc,phases      ] GC(1508)   Other: 0.07ms
[621.854s][info][gc,heap        ] GC(1508) Eden regions: 219->0(228)
[621.854s][info][gc,heap        ] GC(1508) Survivor regions: 9->11(29)
[621.854s][info][gc,heap        ] GC(1508) Old regions: 672->671
[621.854s][info][gc,heap        ] GC(1508) Humongous regions: 7->7
[621.854s][info][gc,metaspace   ] GC(1508) Metaspace: 19097K(19264K)->19097K(19264K) NonClass: 16437K(16512K)->16437K(16512K) Class: 2660K(2752K)->2660K(2752K)
[621.854s][info][gc             ] GC(1508) Pause Young (Mixed) (G1 Evacuation Pause) 906M->688M(978M) 25.044ms
[621.854s][info][gc,cpu         ] GC(1508) User=0.05s Sys=0.00s Real=0.02s
[622.045s][info][gc,start       ] GC(1509) Pause Young (Concurrent Start) (G1 Humongous Allocation)
[622.045s][info][gc,task        ] GC(1509) Using 2 workers of 2 for evacuation
[622.075s][info][gc,phases      ] GC(1509)   Pre Evacuate Collection Set: 0.30ms
[622.075s][info][gc,phases      ] GC(1509)   Merge Heap Roots: 0.34ms
[622.075s][info][gc,phases      ] GC(1509)   Evacuate Collection Set: 28.51ms
[622.075s][info][gc,phases      ] GC(1509)   Post Evacuate Collection Set: 0.48ms
[622.075s][info][gc,phases      ] GC(1509)   Other: 0.10ms
[622.075s][info][gc,heap        ] GC(1509) Eden regions: 124->0(216)
[622.075s][info][gc,heap        ] GC(1509) Survivor regions: 11->17(30)
[622.075s][info][gc,heap        ] GC(1509) Old regions: 671->671
[622.075s][info][gc,heap        ] GC(1509) Humongous regions: 7->7
[622.075s][info][gc,metaspace   ] GC(1509) Metaspace: 19097K(19264K)->19097K(19264K) NonClass: 16437K(16512K)->16437K(16512K) Class: 2660K(2752K)->2660K(2752K)
[622.075s][info][gc             ] GC(1509) Pause Young (Concurrent Start) (G1 Humongous Allocation) 811M->694M(978M) 29.937ms
[622.075s][info][gc,cpu         ] GC(1509) User=0.06s Sys=0.00s Real=0.03s
[622.075s][info][gc             ] GC(1510) Concurrent Mark Cycle
[622.075s][info][gc,marking     ] GC(1510) Concurrent Scan Root Regions
[622.116s][info][gc,marking     ] GC(1510) Concurrent Scan Root Regions 40.708ms
[622.116s][info][gc,marking     ] GC(1510) Concurrent Mark
[622.116s][info][gc,marking     ] GC(1510) Concurrent Mark From Roots
[622.116s][info][gc,task        ] GC(1510) Using 1 workers of 1 for marking
[622.686s][info][gc,start       ] GC(1511) Pause Young (Normal) (G1 Evacuation Pause)
[622.686s][info][gc,task        ] GC(1511) Using 2 workers of 2 for evacuation
[622.753s][info][gc,phases      ] GC(1511)   Pre Evacuate Collection Set: 0.31ms
[622.753s][info][gc,phases      ] GC(1511)   Merge Heap Roots: 0.40ms
[622.753s][info][gc,phases      ] GC(1511)   Evacuate Collection Set: 66.36ms
[622.753s][info][gc,phases      ] GC(1511)   Post Evacuate Collection Set: 0.57ms
[622.753s][info][gc,phases      ] GC(1511)   Other: 0.07ms
[622.753s][info][gc,heap        ] GC(1511) Eden regions: 216->0(168)
[622.753s][info][gc,heap        ] GC(1511) Survivor regions: 17->30(30)
[622.753s][info][gc,heap        ] GC(1511) Old regions: 671->690
[622.753s][info][gc,heap        ] GC(1511) Humongous regions: 10->10
[622.753s][info][gc,metaspace   ] GC(1511) Metaspace: 19097K(19264K)->19097K(19264K) NonClass: 16437K(16512K)->16437K(16512K) Class: 2660K(2752K)->2660K(2752K)
[622.753s][info][gc             ] GC(1511) Pause Young (Normal) (G1 Evacuation Pause) 913M->729M(978M) 67.964ms
[622.753s][info][gc,cpu         ] GC(1511) User=0.14s Sys=0.00s Real=0.07s
[623.080s][info][gc,start       ] GC(1512) Pause Young (Normal) (G1 Evacuation Pause)
[623.080s][info][gc,task        ] GC(1512) Using 2 workers of 2 for evacuation
[623.136s][info][gc,phases      ] GC(1512)   Pre Evacuate Collection Set: 0.29ms
[623.136s][info][gc,phases      ] GC(1512)   Merge Heap Roots: 0.39ms
[623.136s][info][gc,phases      ] GC(1512)   Evacuate Collection Set: 55.50ms
[623.136s][info][gc,phases      ] GC(1512)   Post Evacuate Collection Set: 0.43ms
[623.137s][info][gc,phases      ] GC(1512)   Other: 0.07ms
[623.137s][info][gc,heap        ] GC(1512) Eden regions: 168->0(174)
[623.137s][info][gc,heap        ] GC(1512) Survivor regions: 30->12(25)
[623.137s][info][gc,heap        ] GC(1512) Old regions: 690->720
[623.137s][info][gc,heap        ] GC(1512) Humongous regions: 10->10
[623.137s][info][gc,metaspace   ] GC(1512) Metaspace: 19097K(19264K)->19097K(19264K) NonClass: 16437K(16512K)->16437K(16512K) Class: 2660K(2752K)->2660K(2752K)
[623.137s][info][gc             ] GC(1512) Pause Young (Normal) (G1 Evacuation Pause) 897M->741M(978M) 56.897ms
[623.137s][info][gc,cpu         ] GC(1512) User=0.11s Sys=0.00s Real=0.05s
[623.483s][info][gc,start       ] GC(1513) Pause Young (Normal) (G1 Evacuation Pause)
[623.483s][info][gc,task        ] GC(1513) Using 2 workers of 2 for evacuation
[623.510s][info][gc,phases      ] GC(1513)   Pre Evacuate Collection Set: 0.30ms
[623.510s][info][gc,phases      ] GC(1513)   Merge Heap Roots: 0.27ms
[623.510s][info][gc,phases      ] GC(1513)   Evacuate Collection Set: 26.45ms
[623.510s][info][gc,phases      ] GC(1513)   Post Evacuate Collection Set: 0.41ms
[623.510s][info][gc,phases      ] GC(1513)   Other: 0.09ms
[623.510s][info][gc,heap        ] GC(1513) Eden regions: 174->0(164)
[623.510s][info][gc,heap        ] GC(1513) Survivor regions: 12->17(24)
[623.510s][info][gc,heap        ] GC(1513) Old regions: 720->720
[623.510s][info][gc,heap        ] GC(1513) Humongous regions: 10->10
[623.510s][info][gc,metaspace   ] GC(1513) Metaspace: 19098K(19264K)->19098K(19264K) NonClass: 16438K(16512K)->16438K(16512K) Class: 2660K(2752K)->2660K(2752K)
[623.510s][info][gc             ] GC(1513) Pause Young (Normal) (G1 Evacuation Pause) 915M->746M(978M) 27.730ms
[623.510s][info][gc,cpu         ] GC(1513) User=0.05s Sys=0.00s Real=0.03s
[623.799s][info][gc,start       ] GC(1514) Pause Young (Normal) (G1 Evacuation Pause)
[623.799s][info][gc,task        ] GC(1514) Using 2 workers of 2 for evacuation
[623.817s][info][gc,phases      ] GC(1514)   Pre Evacuate Collection Set: 0.30ms
[623.817s][info][gc,phases      ] GC(1514)   Merge Heap Roots: 0.17ms
[623.817s][info][gc,phases      ] GC(1514)   Evacuate Collection Set: 17.74ms
[623.817s][info][gc,phases      ] GC(1514)   Post Evacuate Collection Set: 0.40ms
[623.817s][info][gc,phases      ] GC(1514)   Other: 0.08ms
[623.817s][info][gc,heap        ] GC(1514) Eden regions: 164->0(176)
[623.817s][info][gc,heap        ] GC(1514) Survivor regions: 17->5(23)
[623.817s][info][gc,heap        ] GC(1514) Old regions: 720->732
[623.817s][info][gc,heap        ] GC(1514) Humongous regions: 10->10
[623.817s][info][gc,metaspace   ] GC(1514) Metaspace: 19098K(19264K)->19098K(19264K) NonClass: 16438K(16512K)->16438K(16512K) Class: 2660K(2752K)->2660K(2752K)
[623.817s][info][gc             ] GC(1514) Pause Young (Normal) (G1 Evacuation Pause) 910M->746M(978M) 18.890ms
[623.817s][info][gc,cpu         ] GC(1514) User=0.03s Sys=0.00s Real=0.02s
[624.096s][info][gc,start       ] GC(1515) Pause Young (Normal) (G1 Evacuation Pause)
[624.096s][info][gc,task        ] GC(1515) Using 2 workers of 2 for evacuation
[624.111s][info][gc,phases      ] GC(1515)   Pre Evacuate Collection Set: 0.31ms
[624.112s][info][gc,phases      ] GC(1515)   Merge Heap Roots: 0.23ms
[624.112s][info][gc,phases      ] GC(1515)   Evacuate Collection Set: 14.21ms
[624.112s][info][gc,phases      ] GC(1515)   Post Evacuate Collection Set: 0.38ms
[624.112s][info][gc,phases      ] GC(1515)   Other: 0.08ms
[624.112s][info][gc,heap        ] GC(1515) Eden regions: 176->0(166)
[624.112s][info][gc,heap        ] GC(1515) Survivor regions: 5->10(23)
[624.112s][info][gc,heap        ] GC(1515) Old regions: 732->732
[624.112s][info][gc,heap        ] GC(1515) Humongous regions: 10->10
[624.112s][info][gc,metaspace   ] GC(1515) Metaspace: 19098K(19264K)->19098K(19264K) NonClass: 16438K(16512K)->16438K(16512K) Class: 2660K(2752K)->2660K(2752K)
[624.112s][info][gc             ] GC(1515) Pause Young (Normal) (G1 Evacuation Pause) 922M->751M(978M) 15.419ms
[624.112s][info][gc,cpu         ] GC(1515) User=0.03s Sys=0.00s Real=0.02s
[624.159s][info][gc,marking     ] GC(1510) Concurrent Mark From Roots 2042.777ms
[624.159s][info][gc,marking     ] GC(1510) Concurrent Preclean
[624.159s][info][gc,marking     ] GC(1510) Concurrent Preclean 0.056ms
[624.159s][info][gc,start       ] GC(1510) Pause Remark
[624.167s][info][gc             ] GC(1510) Pause Remark 763M->763M(978M) 7.714ms
[624.167s][info][gc,cpu         ] GC(1510) User=0.02s Sys=0.00s Real=0.00s
[624.167s][info][gc,marking     ] GC(1510) Concurrent Mark 2050.785ms
[624.167s][info][gc,marking     ] GC(1510) Concurrent Rebuild Remembered Sets and Scrub Regions
[624.437s][info][gc,start       ] GC(1516) Pause Young (Normal) (G1 Evacuation Pause)
[624.437s][info][gc,task        ] GC(1516) Using 2 workers of 2 for evacuation
[624.456s][info][gc,phases      ] GC(1516)   Pre Evacuate Collection Set: 0.48ms
[624.456s][info][gc,phases      ] GC(1516)   Merge Heap Roots: 0.38ms
[624.456s][info][gc,phases      ] GC(1516)   Evacuate Collection Set: 17.23ms
[624.456s][info][gc,phases      ] GC(1516)   Post Evacuate Collection Set: 0.40ms
[624.456s][info][gc,phases      ] GC(1516)   Other: 0.08ms
[624.456s][info][gc,heap        ] GC(1516) Eden regions: 166->0(160)
[624.456s][info][gc,heap        ] GC(1516) Survivor regions: 10->13(22)
[624.456s][info][gc,heap        ] GC(1516) Old regions: 732->732
[624.456s][info][gc,heap        ] GC(1516) Humongous regions: 10->10
[624.456s][info][gc,metaspace   ] GC(1516) Metaspace: 19098K(19264K)->19098K(19264K) NonClass: 16438K(16512K)->16438K(16512K) Class: 2660K(2752K)->2660K(2752K)
[624.456s][info][gc             ] GC(1516) Pause Young (Normal) (G1 Evacuation Pause) 917M->754M(978M) 18.771ms
[624.456s][info][gc,cpu         ] GC(1516) User=0.04s Sys=0.00s Real=0.01s
[624.863s][info][gc,marking     ] GC(1510) Concurrent Rebuild Remembered Sets and Scrub Regions 696.679ms
[624.864s][info][gc,start       ] GC(1510) Pause Cleanup
[624.864s][info][gc             ] GC(1510) Pause Cleanup 814M->814M(978M) 0.096ms
[624.864s][info][gc,cpu         ] GC(1510) User=0.00s Sys=0.00s Real=0.00s
[624.865s][info][gc,marking     ] GC(1510) Concurrent Clear Claimed Marks
[624.865s][info][gc,marking     ] GC(1510) Concurrent Clear Claimed Marks 0.049ms
[624.865s][info][gc,marking     ] GC(1510) Concurrent Cleanup for Next Mark
[624.868s][info][gc,marking     ] GC(1510) Concurrent Cleanup for Next Mark 3.005ms
[624.868s][info][gc             ] GC(1510) Concurrent Mark Cycle 2793.190ms
[625.092s][info][gc,start       ] GC(1517) Pause Young (Prepare Mixed) (G1 Evacuation Pause)
[625.092s][info][gc,task        ] GC(1517) Using 2 workers of 2 for evacuation
[625.108s][info][gc,phases      ] GC(1517)   Pre Evacuate Collection Set: 0.30ms
[625.108s][info][gc,phases      ] GC(1517)   Merge Heap Roots: 0.22ms
[625.108s][info][gc,phases      ] GC(1517)   Evacuate Collection Set: 14.83ms
[625.108s][info][gc,phases      ] GC(1517)   Post Evacuate Collection Set: 0.38ms
[625.108s][info][gc,phases      ] GC(1517)   Other: 0.09ms
[625.108s][info][gc,heap        ] GC(1517) Eden regions: 160->0(163)
[625.108s][info][gc,heap        ] GC(1517) Survivor regions: 13->9(22)
[625.108s][info][gc,heap        ] GC(1517) Old regions: 732->737
[625.108s][info][gc,heap        ] GC(1517) Humongous regions: 10->10
[625.108s][info][gc,metaspace   ] GC(1517) Metaspace: 19098K(19264K)->19098K(19264K) NonClass: 16438K(16512K)->16438K(16512K) Class: 2660K(2752K)->2660K(2752K)
[625.108s][info][gc             ] GC(1517) Pause Young (Prepare Mixed) (G1 Evacuation Pause) 914M->755M(978M) 16.091ms
[625.108s][info][gc,cpu         ] GC(1517) User=0.03s Sys=0.00s Real=0.02s
[625.416s][info][gc,start       ] GC(1518) Pause Young (Mixed) (G1 Evacuation Pause)
[625.416s][info][gc,task        ] GC(1518) Using 2 workers of 2 for evacuation
[625.468s][info][gc,phases      ] GC(1518)   Pre Evacuate Collection Set: 0.28ms
[625.468s][info][gc,phases      ] GC(1518)   Merge Heap Roots: 0.52ms
[625.468s][info][gc,phases      ] GC(1518)   Evacuate Collection Set: 50.68ms
[625.468s][info][gc,phases      ] GC(1518)   Post Evacuate Collection Set: 0.42ms
[625.468s][info][gc,phases      ] GC(1518)   Other: 0.08ms
[625.468s][info][gc,heap        ] GC(1518) Eden regions: 163->0(138)
[625.468s][info][gc,heap        ] GC(1518) Survivor regions: 9->22(22)
[625.468s][info][gc,heap        ] GC(1518) Old regions: 737->736
[625.468s][info][gc,heap        ] GC(1518) Humongous regions: 10->10
[625.468s][info][gc,metaspace   ] GC(1518) Metaspace: 19098K(19264K)->19098K(19264K) NonClass: 16438K(16512K)->16438K(16512K) Class: 2660K(2752K)->2660K(2752K)
[625.468s][info][gc             ] GC(1518) Pause Young (Mixed) (G1 Evacuation Pause) 918M->767M(978M) 52.172ms
[625.468s][info][gc,cpu         ] GC(1518) User=0.11s Sys=0.00s Real=0.06s
[625.768s][info][gc,start       ] GC(1519) Pause Young (Concurrent Start) (G1 Evacuation Pause)
[625.768s][info][gc,task        ] GC(1519) Using 2 workers of 2 for evacuation
[625.791s][info][gc,phases      ] GC(1519)   Pre Evacuate Collection Set: 0.27ms
[625.791s][info][gc,phases      ] GC(1519)   Merge Heap Roots: 0.13ms
[625.791s][info][gc,phases      ] GC(1519)   Evacuate Collection Set: 22.23ms
[625.791s][info][gc,phases      ] GC(1519)   Post Evacuate Collection Set: 0.34ms
[625.791s][info][gc,phases      ] GC(1519)   Other: 0.09ms
[625.791s][info][gc,heap        ] GC(1519) Eden regions: 138->0(158)
[625.791s][info][gc,heap        ] GC(1519) Survivor regions: 22->1(20)
[625.791s][info][gc,heap        ] GC(1519) Old regions: 736->758
[625.791s][info][gc,heap        ] GC(1519) Humongous regions: 10->10
[625.791s][info][gc,metaspace   ] GC(1519) Metaspace: 19098K(19264K)->19098K(19264K) NonClass: 16438K(16512K)->16438K(16512K) Class: 2660K(2752K)->2660K(2752K)
[625.791s][info][gc             ] GC(1519) Pause Young (Concurrent Start) (G1 Evacuation Pause) 905M->768M(978M) 23.239ms
[625.791s][info][gc             ] GC(1520) Concurrent Mark Cycle
[625.791s][info][gc,marking     ] GC(1520) Concurrent Scan Root Regions
[625.791s][info][gc,cpu         ] GC(1519) User=0.05s Sys=0.00s Real=0.02s
[625.833s][info][gc,marking     ] GC(1520) Concurrent Scan Root Regions 42.325ms
[625.834s][info][gc,marking     ] GC(1520) Concurrent Mark
[625.834s][info][gc,marking     ] GC(1520) Concurrent Mark From Roots
[625.834s][info][gc,task        ] GC(1520) Using 1 workers of 1 for marking
[627.090s][info][gc,start       ] GC(1521) Pause Young (Normal) (G1 Evacuation Pause)
[627.091s][info][gc,task        ] GC(1521) Using 2 workers of 2 for evacuation
[627.094s][info][gc,phases      ] GC(1521)   Pre Evacuate Collection Set: 0.54ms
[627.094s][info][gc,phases      ] GC(1521)   Merge Heap Roots: 0.11ms
[627.094s][info][gc,phases      ] GC(1521)   Evacuate Collection Set: 1.92ms
[627.094s][info][gc,phases      ] GC(1521)   Post Evacuate Collection Set: 0.35ms
[627.094s][info][gc,phases      ] GC(1521)   Other: 0.09ms
[627.094s][info][gc,heap        ] GC(1521) Eden regions: 158->0(158)
[627.094s][info][gc,heap        ] GC(1521) Survivor regions: 1->1(20)
[627.094s][info][gc,heap        ] GC(1521) Old regions: 758->758
[627.094s][info][gc,heap        ] GC(1521) Humongous regions: 10->10
[627.094s][info][gc,metaspace   ] GC(1521) Metaspace: 19099K(19264K)->19099K(19264K) NonClass: 16439K(16512K)->16439K(16512K) Class: 2660K(2752K)->2660K(2752K)
[627.094s][info][gc             ] GC(1521) Pause Young (Normal) (G1 Evacuation Pause) 926M->768M(978M) 3.213ms
[627.094s][info][gc,cpu         ] GC(1521) User=0.01s Sys=0.00s Real=0.00s
[627.599s][info][gc,marking     ] GC(1520) Concurrent Mark From Roots 1765.159ms
[627.599s][info][gc,marking     ] GC(1520) Concurrent Preclean
[627.599s][info][gc,marking     ] GC(1520) Concurrent Preclean 0.055ms
[627.599s][info][gc,start       ] GC(1520) Pause Remark
[627.608s][info][gc             ] GC(1520) Pause Remark 823M->699M(978M) 9.051ms
[627.608s][info][gc,cpu         ] GC(1520) User=0.02s Sys=0.00s Real=0.01s
[627.608s][info][gc,marking     ] GC(1520) Concurrent Mark 1774.549ms
[627.608s][info][gc,marking     ] GC(1520) Concurrent Rebuild Remembered Sets and Scrub Regions
[627.972s][info][gc,marking     ] GC(1520) Concurrent Rebuild Remembered Sets and Scrub Regions 364.326ms
[627.973s][info][gc,start       ] GC(1520) Pause Cleanup
[627.973s][info][gc             ] GC(1520) Pause Cleanup 790M->790M(978M) 0.094ms
[627.973s][info][gc,cpu         ] GC(1520) User=0.00s Sys=0.00s Real=0.00s
[627.973s][info][gc,marking     ] GC(1520) Concurrent Clear Claimed Marks
[627.973s][info][gc,marking     ] GC(1520) Concurrent Clear Claimed Marks 0.034ms
[627.973s][info][gc,marking     ] GC(1520) Concurrent Cleanup for Next Mark
[627.976s][info][gc,marking     ] GC(1520) Concurrent Cleanup for Next Mark 2.886ms
[627.976s][info][gc             ] GC(1520) Concurrent Mark Cycle 2184.856ms
[627.985s][info][gc,start       ] GC(1522) Pause Young (Prepare Mixed) (G1 Evacuation Pause)
[627.985s][info][gc,task        ] GC(1522) Using 2 workers of 2 for evacuation
[627.994s][info][gc,phases      ] GC(1522)   Pre Evacuate Collection Set: 0.28ms
[627.994s][info][gc,phases      ] GC(1522)   Merge Heap Roots: 0.17ms
[627.994s][info][gc,phases      ] GC(1522)   Evacuate Collection Set: 8.48ms
[627.994s][info][gc,phases      ] GC(1522)   Post Evacuate Collection Set: 0.41ms
[627.994s][info][gc,phases      ] GC(1522)   Other: 0.07ms
[627.994s][info][gc,heap        ] GC(1522) Eden regions: 158->0(248)
[627.994s][info][gc,heap        ] GC(1522) Survivor regions: 1->18(20)
[627.994s][info][gc,heap        ] GC(1522) Old regions: 637->637
[627.994s][info][gc,heap        ] GC(1522) Humongous regions: 7->7
[627.994s][info][gc,metaspace   ] GC(1522) Metaspace: 19099K(19264K)->19099K(19264K) NonClass: 16439K(16512K)->16439K(16512K) Class: 2660K(2752K)->2660K(2752K)
[627.994s][info][gc             ] GC(1522) Pause Young (Prepare Mixed) (G1 Evacuation Pause) 802M->661M(978M) 9.548ms
[627.994s][info][gc,cpu         ] GC(1522) User=0.02s Sys=0.00s Real=0.01s
[628.754s][info][gc,start       ] GC(1523) Pause Young (Mixed) (G1 Evacuation Pause)
[628.754s][info][gc,task        ] GC(1523) Using 2 workers of 2 for evacuation
[628.765s][info][gc,phases      ] GC(1523)   Pre Evacuate Collection Set: 0.50ms
[628.766s][info][gc,phases      ] GC(1523)   Merge Heap Roots: 0.37ms
[628.766s][info][gc,phases      ] GC(1523)   Evacuate Collection Set: 10.23ms
[628.766s][info][gc,phases      ] GC(1523)   Post Evacuate Collection Set: 0.50ms
[628.766s][info][gc,phases      ] GC(1523)   Other: 0.07ms
[628.766s][info][gc,heap        ] GC(1523) Eden regions: 248->0(312)
[628.766s][info][gc,heap        ] GC(1523) Survivor regions: 18->3(34)
[628.766s][info][gc,heap        ] GC(1523) Old regions: 637->602
[628.766s][info][gc,heap        ] GC(1523) Humongous regions: 7->7
[628.766s][info][gc,metaspace   ] GC(1523) Metaspace: 19108K(19264K)->19108K(19264K) NonClass: 16448K(16512K)->16448K(16512K) Class: 2660K(2752K)->2660K(2752K)
[628.766s][info][gc             ] GC(1523) Pause Young (Mixed) (G1 Evacuation Pause) 909M->611M(978M) 11.843ms
[628.766s][info][gc,cpu         ] GC(1523) User=0.02s Sys=0.00s Real=0.01s
[629.205s][info][gc,start       ] GC(1524) Pause Young (Concurrent Start) (G1 Evacuation Pause)
[629.205s][info][gc,task        ] GC(1524) Using 2 workers of 2 for evacuation
[629.293s][info][gc,phases      ] GC(1524)   Pre Evacuate Collection Set: 0.40ms
[629.293s][info][gc,phases      ] GC(1524)   Merge Heap Roots: 0.10ms
[629.293s][info][gc,phases      ] GC(1524)   Evacuate Collection Set: 77.76ms
[629.293s][info][gc,phases      ] GC(1524)   Post Evacuate Collection Set: 9.26ms
[629.293s][info][gc,phases      ] GC(1524)   Other: 0.18ms
[629.293s][info][gc,heap        ] GC(1524) Eden regions: 312->0(132)
[629.293s][info][gc,heap        ] GC(1524) Survivor regions: 3->40(40)
[629.293s][info][gc,heap        ] GC(1524) Old regions: 602->709
[629.293s][info][gc,heap        ] GC(1524) Humongous regions: 7->7
[629.293s][info][gc,metaspace   ] GC(1524) Metaspace: 19119K(19264K)->19119K(19264K) NonClass: 16459K(16512K)->16459K(16512K) Class: 2660K(2752K)->2660K(2752K)
[629.293s][info][gc             ] GC(1524) Pause Young (Concurrent Start) (G1 Evacuation Pause) (Evacuation Failure: Allocation) 923M->755M(978M) 87.951ms
[629.293s][info][gc,cpu         ] GC(1524) User=0.18s Sys=0.00s Real=0.09s
[629.293s][info][gc             ] GC(1525) Concurrent Mark Cycle
[629.293s][info][gc,marking     ] GC(1525) Concurrent Scan Root Regions
[629.391s][info][gc,marking     ] GC(1525) Concurrent Scan Root Regions 98.427ms
[629.391s][info][gc,marking     ] GC(1525) Concurrent Mark
[629.391s][info][gc,marking     ] GC(1525) Concurrent Mark From Roots
[629.391s][info][gc,task        ] GC(1525) Using 1 workers of 1 for marking
[629.471s][info][gc,start       ] GC(1526) Pause Young (Normal) (G1 Evacuation Pause)
[629.471s][info][gc,task        ] GC(1526) Using 2 workers of 2 for evacuation
[629.574s][info][gc,phases      ] GC(1526)   Pre Evacuate Collection Set: 0.55ms
[629.574s][info][gc,phases      ] GC(1526)   Merge Heap Roots: 0.37ms
[629.574s][info][gc,phases      ] GC(1526)   Evacuate Collection Set: 96.00ms
[629.574s][info][gc,phases      ] GC(1526)   Post Evacuate Collection Set: 6.22ms
[629.574s][info][gc,phases      ] GC(1526)   Other: 0.09ms
[629.574s][info][gc,heap        ] GC(1526) Eden regions: 132->0(123)
[629.574s][info][gc,heap        ] GC(1526) Survivor regions: 40->22(22)
[629.574s][info][gc,heap        ] GC(1526) Old regions: 709->754
[629.574s][info][gc,heap        ] GC(1526) Humongous regions: 7->7
[629.575s][info][gc,metaspace   ] GC(1526) Metaspace: 19119K(19264K)->19119K(19264K) NonClass: 16459K(16512K)->16459K(16512K) Class: 2660K(2752K)->2660K(2752K)
[629.575s][info][gc             ] GC(1526) Pause Young (Normal) (G1 Evacuation Pause) (Evacuation Failure: Allocation) 887M->782M(978M) 103.453ms
[629.575s][info][gc,cpu         ] GC(1526) User=0.21s Sys=0.00s Real=0.10s
[630.002s][info][gc,start       ] GC(1527) Pause Young (Normal) (G1 Evacuation Pause)
[630.002s][info][gc,task        ] GC(1527) Using 2 workers of 2 for evacuation
[630.090s][info][gc,phases      ] GC(1527)   Pre Evacuate Collection Set: 0.36ms
[630.090s][info][gc,phases      ] GC(1527)   Merge Heap Roots: 0.54ms
[630.090s][info][gc,phases      ] GC(1527)   Evacuate Collection Set: 83.89ms
[630.090s][info][gc,phases      ] GC(1527)   Post Evacuate Collection Set: 3.11ms
[630.090s][info][gc,phases      ] GC(1527)   Other: 0.09ms
[630.090s][info][gc,heap        ] GC(1527) Eden regions: 123->0(97)
[630.090s][info][gc,heap        ] GC(1527) Survivor regions: 22->19(19)
[630.090s][info][gc,heap        ] GC(1527) Old regions: 754->786
[630.090s][info][gc,heap        ] GC(1527) Humongous regions: 7->7
[630.090s][info][gc,metaspace   ] GC(1527) Metaspace: 19119K(19264K)->19119K(19264K) NonClass: 16459K(16512K)->16459K(16512K) Class: 2660K(2752K)->2660K(2752K)
[630.090s][info][gc             ] GC(1527) Pause Young (Normal) (G1 Evacuation Pause) (Evacuation Failure: Allocation) 905M->811M(978M) 88.240ms
[630.090s][info][gc,cpu         ] GC(1527) User=0.17s Sys=0.00s Real=0.09s
[630.340s][info][gc,start       ] GC(1528) Pause Young (Normal) (G1 Evacuation Pause)
[630.340s][info][gc,task        ] GC(1528) Using 2 workers of 2 for evacuation
[630.429s][info][gc,phases      ] GC(1528)   Pre Evacuate Collection Set: 0.34ms
[630.429s][info][gc,phases      ] GC(1528)   Merge Heap Roots: 0.68ms
[630.429s][info][gc,phases      ] GC(1528)   Evacuate Collection Set: 87.59ms
[630.429s][info][gc,phases      ] GC(1528)   Post Evacuate Collection Set: 0.52ms
[630.429s][info][gc,phases      ] GC(1528)   Other: 0.07ms
[630.429s][info][gc,heap        ] GC(1528) Eden regions: 97->0(101)
[630.429s][info][gc,heap        ] GC(1528) Survivor regions: 19->15(15)
[630.429s][info][gc,heap        ] GC(1528) Old regions: 786->779
[630.429s][info][gc,heap        ] GC(1528) Humongous regions: 11->11
[630.429s][info][gc,metaspace   ] GC(1528) Metaspace: 19120K(19264K)->19120K(19264K) NonClass: 16460K(16512K)->16460K(16512K) Class: 2660K(2752K)->2660K(2752K)
[630.429s][info][gc             ] GC(1528) Pause Young (Normal) (G1 Evacuation Pause) 912M->804M(978M) 89.459ms
[630.429s][info][gc,cpu         ] GC(1528) User=0.17s Sys=0.00s Real=0.09s
[630.533s][info][gc,start       ] GC(1529) Pause Young (Normal) (G1 Evacuation Pause)
[630.533s][info][gc,task        ] GC(1529) Using 2 workers of 2 for evacuation
[630.573s][info][gc,phases      ] GC(1529)   Pre Evacuate Collection Set: 0.29ms
[630.573s][info][gc,phases      ] GC(1529)   Merge Heap Roots: 0.32ms
[630.573s][info][gc,phases      ] GC(1529)   Evacuate Collection Set: 39.04ms
[630.573s][info][gc,phases      ] GC(1529)   Post Evacuate Collection Set: 0.33ms
[630.573s][info][gc,phases      ] GC(1529)   Other: 0.08ms
[630.573s][info][gc,heap        ] GC(1529) Eden regions: 101->0(97)
[630.573s][info][gc,heap        ] GC(1529) Survivor regions: 15->12(15)
[630.573s][info][gc,heap        ] GC(1529) Old regions: 779->795
[630.573s][info][gc,heap        ] GC(1529) Humongous regions: 11->11
[630.573s][info][gc,metaspace   ] GC(1529) Metaspace: 19120K(19264K)->19120K(19264K) NonClass: 16460K(16512K)->16460K(16512K) Class: 2660K(2752K)->2660K(2752K)
[630.573s][info][gc             ] GC(1529) Pause Young (Normal) (G1 Evacuation Pause) 905M->816M(978M) 40.304ms
[630.573s][info][gc,cpu         ] GC(1529) User=0.08s Sys=0.00s Real=0.04s
[630.657s][info][gc,start       ] GC(1530) Pause Young (Normal) (G1 Evacuation Pause)
[630.657s][info][gc,task        ] GC(1530) Using 2 workers of 2 for evacuation
[630.672s][info][gc,phases      ] GC(1530)   Pre Evacuate Collection Set: 0.30ms
[630.672s][info][gc,phases      ] GC(1530)   Merge Heap Roots: 0.11ms
[630.672s][info][gc,phases      ] GC(1530)   Evacuate Collection Set: 14.31ms
[630.672s][info][gc,phases      ] GC(1530)   Post Evacuate Collection Set: 0.34ms
[630.672s][info][gc,phases      ] GC(1530)   Other: 0.08ms
[630.672s][info][gc,heap        ] GC(1530) Eden regions: 97->0(104)
[630.672s][info][gc,heap        ] GC(1530) Survivor regions: 12->3(14)
[630.672s][info][gc,heap        ] GC(1530) Old regions: 795->806
[630.672s][info][gc,heap        ] GC(1530) Humongous regions: 11->11
[630.672s][info][gc,metaspace   ] GC(1530) Metaspace: 19120K(19264K)->19120K(19264K) NonClass: 16460K(16512K)->16460K(16512K) Class: 2660K(2752K)->2660K(2752K)
[630.672s][info][gc             ] GC(1530) Pause Young (Normal) (G1 Evacuation Pause) 913M->819M(978M) 15.340ms
[630.672s][info][gc,cpu         ] GC(1530) User=0.03s Sys=0.00s Real=0.01s
[630.800s][info][gc,start       ] GC(1531) Pause Young (Normal) (G1 Evacuation Pause)
[630.800s][info][gc,task        ] GC(1531) Using 2 workers of 2 for evacuation
[630.810s][info][gc,phases      ] GC(1531)   Pre Evacuate Collection Set: 0.31ms
[630.810s][info][gc,phases      ] GC(1531)   Merge Heap Roots: 0.11ms
[630.810s][info][gc,phases      ] GC(1531)   Evacuate Collection Set: 9.21ms
[630.810s][info][gc,phases      ] GC(1531)   Post Evacuate Collection Set: 0.32ms
[630.810s][info][gc,phases      ] GC(1531)   Other: 0.07ms
[630.810s][info][gc,heap        ] GC(1531) Eden regions: 104->0(97)
[630.810s][info][gc,heap        ] GC(1531) Survivor regions: 3->7(14)
[630.810s][info][gc,heap        ] GC(1531) Old regions: 806->806
[630.810s][info][gc,heap        ] GC(1531) Humongous regions: 11->11
[630.810s][info][gc,metaspace   ] GC(1531) Metaspace: 19120K(19264K)->19120K(19264K) NonClass: 16460K(16512K)->16460K(16512K) Class: 2660K(2752K)->2660K(2752K)
[630.810s][info][gc             ] GC(1531) Pause Young (Normal) (G1 Evacuation Pause) 923M->823M(978M) 10.254ms
[630.810s][info][gc,cpu         ] GC(1531) User=0.02s Sys=0.00s Real=0.01s
[630.924s][info][gc,start       ] GC(1532) Pause Young (Normal) (G1 Evacuation Pause)
[630.924s][info][gc,task        ] GC(1532) Using 2 workers of 2 for evacuation
[630.941s][info][gc,phases      ] GC(1532)   Pre Evacuate Collection Set: 0.29ms
[630.941s][info][gc,phases      ] GC(1532)   Merge Heap Roots: 0.13ms
[630.941s][info][gc,phases      ] GC(1532)   Evacuate Collection Set: 16.37ms
[630.941s][info][gc,phases      ] GC(1532)   Post Evacuate Collection Set: 0.32ms
[630.941s][info][gc,phases      ] GC(1532)   Other: 0.07ms
[630.941s][info][gc,heap        ] GC(1532) Eden regions: 97->0(85)
[630.941s][info][gc,heap        ] GC(1532) Survivor regions: 7->12(13)
[630.941s][info][gc,heap        ] GC(1532) Old regions: 806->808
[630.941s][info][gc,heap        ] GC(1532) Humongous regions: 11->11
[630.941s][info][gc,metaspace   ] GC(1532) Metaspace: 19120K(19264K)->19120K(19264K) NonClass: 16460K(16512K)->16460K(16512K) Class: 2660K(2752K)->2660K(2752K)
[630.941s][info][gc             ] GC(1532) Pause Young (Normal) (G1 Evacuation Pause) 920M->830M(978M) 17.374ms
[630.941s][info][gc,cpu         ] GC(1532) User=0.03s Sys=0.00s Real=0.02s
[631.042s][info][gc,start       ] GC(1533) Pause Young (Normal) (G1 Evacuation Pause)
[631.042s][info][gc,task        ] GC(1533) Using 2 workers of 2 for evacuation
[631.056s][info][gc,phases      ] GC(1533)   Pre Evacuate Collection Set: 0.30ms
[631.056s][info][gc,phases      ] GC(1533)   Merge Heap Roots: 0.14ms
[631.056s][info][gc,phases      ] GC(1533)   Evacuate Collection Set: 13.65ms
[631.056s][info][gc,phases      ] GC(1533)   Post Evacuate Collection Set: 0.30ms
[631.056s][info][gc,phases      ] GC(1533)   Other: 0.06ms
[631.056s][info][gc,heap        ] GC(1533) Eden regions: 85->0(95)
[631.056s][info][gc,heap        ] GC(1533) Survivor regions: 12->1(13)
[631.056s][info][gc,heap        ] GC(1533) Old regions: 808->820
[631.056s][info][gc,heap        ] GC(1533) Humongous regions: 11->11
[631.056s][info][gc,metaspace   ] GC(1533) Metaspace: 19120K(19264K)->19120K(19264K) NonClass: 16460K(16512K)->16460K(16512K) Class: 2660K(2752K)->2660K(2752K)
[631.056s][info][gc             ] GC(1533) Pause Young (Normal) (G1 Evacuation Pause) 915M->831M(978M) 14.672ms
[631.056s][info][gc,cpu         ] GC(1533) User=0.03s Sys=0.00s Real=0.01s
[631.167s][info][gc,start       ] GC(1534) Pause Young (Normal) (G1 Evacuation Pause)
[631.167s][info][gc,task        ] GC(1534) Using 2 workers of 2 for evacuation
[631.170s][info][gc,phases      ] GC(1534)   Pre Evacuate Collection Set: 0.32ms
[631.170s][info][gc,phases      ] GC(1534)   Merge Heap Roots: 0.10ms
[631.170s][info][gc,phases      ] GC(1534)   Evacuate Collection Set: 1.95ms
[631.170s][info][gc,phases      ] GC(1534)   Post Evacuate Collection Set: 0.31ms
[631.170s][info][gc,phases      ] GC(1534)   Other: 0.08ms
[631.170s][info][gc,heap        ] GC(1534) Eden regions: 95->0(95)
[631.170s][info][gc,heap        ] GC(1534) Survivor regions: 1->1(12)
[631.170s][info][gc,heap        ] GC(1534) Old regions: 820->820
[631.170s][info][gc,heap        ] GC(1534) Humongous regions: 11->11
[631.170s][info][gc,metaspace   ] GC(1534) Metaspace: 19120K(19264K)->19120K(19264K) NonClass: 16460K(16512K)->16460K(16512K) Class: 2660K(2752K)->2660K(2752K)
[631.170s][info][gc             ] GC(1534) Pause Young (Normal) (G1 Evacuation Pause) 926M->831M(978M) 2.956ms
[631.170s][info][gc,cpu         ] GC(1534) User=0.00s Sys=0.00s Real=0.01s
[631.296s][info][gc,start       ] GC(1535) Pause Young (Normal) (G1 Evacuation Pause)
[631.296s][info][gc,task        ] GC(1535) Using 2 workers of 2 for evacuation
[631.304s][info][gc,phases      ] GC(1535)   Pre Evacuate Collection Set: 0.29ms
[631.304s][info][gc,phases      ] GC(1535)   Merge Heap Roots: 0.11ms
[631.304s][info][gc,phases      ] GC(1535)   Evacuate Collection Set: 6.78ms
[631.304s][info][gc,phases      ] GC(1535)   Post Evacuate Collection Set: 0.33ms
[631.304s][info][gc,phases      ] GC(1535)   Other: 0.11ms
[631.304s][info][gc,heap        ] GC(1535) Eden regions: 95->0(87)
[631.304s][info][gc,heap        ] GC(1535) Survivor regions: 1->5(12)
[631.304s][info][gc,heap        ] GC(1535) Old regions: 820->820
[631.304s][info][gc,heap        ] GC(1535) Humongous regions: 11->11
[631.304s][info][gc,metaspace   ] GC(1535) Metaspace: 19120K(19264K)->19120K(19264K) NonClass: 16460K(16512K)->16460K(16512K) Class: 2660K(2752K)->2660K(2752K)
[631.304s][info][gc             ] GC(1535) Pause Young (Normal) (G1 Evacuation Pause) 926M->835M(978M) 7.859ms
[631.304s][info][gc,cpu         ] GC(1535) User=0.01s Sys=0.00s Real=0.01s
[631.373s][info][gc,marking     ] GC(1525) Concurrent Mark From Roots 1981.222ms
[631.373s][info][gc,marking     ] GC(1525) Concurrent Preclean
[631.373s][info][gc,marking     ] GC(1525) Concurrent Preclean 0.050ms
[631.373s][info][gc,start       ] GC(1525) Pause Remark
[631.381s][info][gc             ] GC(1525) Pause Remark 899M->828M(978M) 8.067ms
[631.381s][info][gc,cpu         ] GC(1525) User=0.02s Sys=0.00s Real=0.01s
[631.381s][info][gc,marking     ] GC(1525) Concurrent Mark 1989.620ms
[631.381s][info][gc,marking     ] GC(1525) Concurrent Rebuild Remembered Sets and Scrub Regions
[631.404s][info][gc,start       ] GC(1536) Pause Young (Normal) (G1 Evacuation Pause)
[631.404s][info][gc,task        ] GC(1536) Using 2 workers of 2 for evacuation
[631.433s][info][gc,phases      ] GC(1536)   Pre Evacuate Collection Set: 0.24ms
[631.433s][info][gc,phases      ] GC(1536)   Merge Heap Roots: 0.12ms
[631.433s][info][gc,phases      ] GC(1536)   Evacuate Collection Set: 27.80ms
[631.433s][info][gc,phases      ] GC(1536)   Post Evacuate Collection Set: 0.32ms
[631.433s][info][gc,phases      ] GC(1536)   Other: 0.06ms
[631.433s][info][gc,heap        ] GC(1536) Eden regions: 87->0(128)
[631.433s][info][gc,heap        ] GC(1536) Survivor regions: 5->12(12)
[631.433s][info][gc,heap        ] GC(1536) Old regions: 751->767
[631.433s][info][gc,heap        ] GC(1536) Humongous regions: 9->9
[631.433s][info][gc,metaspace   ] GC(1536) Metaspace: 19120K(19264K)->19120K(19264K) NonClass: 16460K(16512K)->16460K(16512K) Class: 2660K(2752K)->2660K(2752K)
[631.433s][info][gc             ] GC(1536) Pause Young (Normal) (G1 Evacuation Pause) 851M->787M(978M) 28.691ms
[631.433s][info][gc,cpu         ] GC(1536) User=0.06s Sys=0.00s Real=0.03s
[631.588s][info][gc,start       ] GC(1537) Pause Young (Normal) (G1 Evacuation Pause)
[631.588s][info][gc,task        ] GC(1537) Using 2 workers of 2 for evacuation
[631.631s][info][gc,phases      ] GC(1537)   Pre Evacuate Collection Set: 0.27ms
[631.632s][info][gc,phases      ] GC(1537)   Merge Heap Roots: 0.17ms
[631.632s][info][gc,phases      ] GC(1537)   Evacuate Collection Set: 42.35ms
[631.632s][info][gc,phases      ] GC(1537)   Post Evacuate Collection Set: 0.44ms
[631.632s][info][gc,phases      ] GC(1537)   Other: 0.07ms
[631.632s][info][gc,heap        ] GC(1537) Eden regions: 128->0(90)
[631.632s][info][gc,heap        ] GC(1537) Survivor regions: 12->18(18)
[631.632s][info][gc,heap        ] GC(1537) Old regions: 767->793
[631.632s][info][gc,heap        ] GC(1537) Humongous regions: 9->9
[631.632s][info][gc,metaspace   ] GC(1537) Metaspace: 19120K(19264K)->19120K(19264K) NonClass: 16460K(16512K)->16460K(16512K) Class: 2660K(2752K)->2660K(2752K)
[631.632s][info][gc             ] GC(1537) Pause Young (Normal) (G1 Evacuation Pause) 915M->819M(978M) 43.506ms
[631.632s][info][gc,cpu         ] GC(1537) User=0.09s Sys=0.00s Real=0.04s
[631.774s][info][gc,start       ] GC(1538) Pause Young (Normal) (G1 Evacuation Pause)
[631.774s][info][gc,task        ] GC(1538) Using 2 workers of 2 for evacuation
[631.811s][info][gc,phases      ] GC(1538)   Pre Evacuate Collection Set: 0.51ms
[631.811s][info][gc,phases      ] GC(1538)   Merge Heap Roots: 0.31ms
[631.811s][info][gc,phases      ] GC(1538)   Evacuate Collection Set: 36.30ms
[631.811s][info][gc,phases      ] GC(1538)   Post Evacuate Collection Set: 0.45ms
[631.811s][info][gc,phases      ] GC(1538)   Other: 0.11ms
[631.811s][info][gc,heap        ] GC(1538) Eden regions: 90->0(84)
[631.811s][info][gc,heap        ] GC(1538) Survivor regions: 18->11(14)
[631.811s][info][gc,heap        ] GC(1538) Old regions: 793->812
[631.811s][info][gc,heap        ] GC(1538) Humongous regions: 10->10
[631.811s][info][gc,metaspace   ] GC(1538) Metaspace: 19120K(19264K)->19120K(19264K) NonClass: 16460K(16512K)->16460K(16512K) Class: 2660K(2752K)->2660K(2752K)
[631.811s][info][gc             ] GC(1538) Pause Young (Normal) (G1 Evacuation Pause) 910M->831M(978M) 37.923ms
[631.812s][info][gc,cpu         ] GC(1538) User=0.07s Sys=0.00s Real=0.04s
[631.893s][info][gc,start       ] GC(1539) Pause Young (Normal) (G1 Evacuation Pause)
[631.893s][info][gc,task        ] GC(1539) Using 2 workers of 2 for evacuation
[631.920s][info][gc,phases      ] GC(1539)   Pre Evacuate Collection Set: 0.49ms
[631.920s][info][gc,phases      ] GC(1539)   Merge Heap Roots: 0.31ms
[631.920s][info][gc,phases      ] GC(1539)   Evacuate Collection Set: 25.10ms
[631.920s][info][gc,phases      ] GC(1539)   Post Evacuate Collection Set: 0.30ms
[631.920s][info][gc,phases      ] GC(1539)   Other: 0.08ms
[631.920s][info][gc,heap        ] GC(1539) Eden regions: 84->0(84)
[631.920s][info][gc,heap        ] GC(1539) Survivor regions: 11->6(12)
[631.920s][info][gc,heap        ] GC(1539) Old regions: 812->822
[631.920s][info][gc,heap        ] GC(1539) Humongous regions: 10->10
[631.920s][info][gc,metaspace   ] GC(1539) Metaspace: 19120K(19264K)->19120K(19264K) NonClass: 16460K(16512K)->16460K(16512K) Class: 2660K(2752K)->2660K(2752K)
[631.920s][info][gc             ] GC(1539) Pause Young (Normal) (G1 Evacuation Pause) 915M->837M(978M) 26.486ms
[631.920s][info][gc,cpu         ] GC(1539) User=0.05s Sys=0.00s Real=0.03s
[632.082s][info][gc,start       ] GC(1540) Pause Young (Normal) (G1 Evacuation Pause)
[632.082s][info][gc,task        ] GC(1540) Using 2 workers of 2 for evacuation
[632.093s][info][gc,phases      ] GC(1540)   Pre Evacuate Collection Set: 0.49ms
[632.093s][info][gc,phases      ] GC(1540)   Merge Heap Roots: 0.10ms
[632.093s][info][gc,phases      ] GC(1540)   Evacuate Collection Set: 9.98ms
[632.093s][info][gc,phases      ] GC(1540)   Post Evacuate Collection Set: 0.30ms
[632.093s][info][gc,phases      ] GC(1540)   Other: 0.08ms
[632.093s][info][gc,heap        ] GC(1540) Eden regions: 84->0(78)
[632.093s][info][gc,heap        ] GC(1540) Survivor regions: 6->9(12)
[632.093s][info][gc,heap        ] GC(1540) Old regions: 822->822
[632.093s][info][gc,heap        ] GC(1540) Humongous regions: 10->10
[632.093s][info][gc,metaspace   ] GC(1540) Metaspace: 19120K(19264K)->19120K(19264K) NonClass: 16460K(16512K)->16460K(16512K) Class: 2660K(2752K)->2660K(2752K)
[632.093s][info][gc             ] GC(1540) Pause Young (Normal) (G1 Evacuation Pause) 921M->840M(978M) 11.162ms
[632.093s][info][gc,cpu         ] GC(1540) User=0.03s Sys=0.00s Real=0.01s
[632.203s][info][gc,start       ] GC(1541) Pause Young (Normal) (G1 Evacuation Pause)
[632.203s][info][gc,task        ] GC(1541) Using 2 workers of 2 for evacuation
[632.215s][info][gc,phases      ] GC(1541)   Pre Evacuate Collection Set: 0.51ms
[632.215s][info][gc,phases      ] GC(1541)   Merge Heap Roots: 0.13ms
[632.215s][info][gc,phases      ] GC(1541)   Evacuate Collection Set: 10.92ms
[632.215s][info][gc,phases      ] GC(1541)   Post Evacuate Collection Set: 0.33ms
[632.215s][info][gc,phases      ] GC(1541)   Other: 0.07ms
[632.215s][info][gc,heap        ] GC(1541) Eden regions: 78->0(80)
[632.215s][info][gc,heap        ] GC(1541) Survivor regions: 9->5(11)
[632.215s][info][gc,heap        ] GC(1541) Old regions: 822->828
[632.215s][info][gc,heap        ] GC(1541) Humongous regions: 10->10
[632.215s][info][gc,metaspace   ] GC(1541) Metaspace: 19120K(19264K)->19120K(19264K) NonClass: 16460K(16512K)->16460K(16512K) Class: 2660K(2752K)->2660K(2752K)
[632.215s][info][gc             ] GC(1541) Pause Young (Normal) (G1 Evacuation Pause) 918M->842M(978M) 12.174ms
[632.215s][info][gc,cpu         ] GC(1541) User=0.02s Sys=0.00s Real=0.01s
[632.276s][info][gc,marking     ] GC(1525) Concurrent Rebuild Remembered Sets and Scrub Regions 894.557ms
[632.276s][info][gc,start       ] GC(1525) Pause Cleanup
[632.276s][info][gc             ] GC(1525) Pause Cleanup 878M->878M(978M) 0.152ms
[632.276s][info][gc,cpu         ] GC(1525) User=0.00s Sys=0.00s Real=0.00s
[632.276s][info][gc,marking     ] GC(1525) Concurrent Clear Claimed Marks
[632.276s][info][gc,marking     ] GC(1525) Concurrent Clear Claimed Marks 0.042ms
[632.276s][info][gc,marking     ] GC(1525) Concurrent Cleanup for Next Mark
[632.283s][info][gc,marking     ] GC(1525) Concurrent Cleanup for Next Mark 6.840ms
[632.283s][info][gc             ] GC(1525) Concurrent Mark Cycle 2990.522ms
[632.393s][info][gc,start       ] GC(1542) Pause Young (Prepare Mixed) (G1 Evacuation Pause)
[632.393s][info][gc,task        ] GC(1542) Using 2 workers of 2 for evacuation
[632.402s][info][gc,phases      ] GC(1542)   Pre Evacuate Collection Set: 0.57ms
[632.402s][info][gc,phases      ] GC(1542)   Merge Heap Roots: 0.17ms
[632.402s][info][gc,phases      ] GC(1542)   Evacuate Collection Set: 7.94ms
[632.402s][info][gc,phases      ] GC(1542)   Post Evacuate Collection Set: 0.37ms
[632.402s][info][gc,phases      ] GC(1542)   Other: 0.08ms
[632.402s][info][gc,heap        ] GC(1542) Eden regions: 80->0(78)
[632.402s][info][gc,heap        ] GC(1542) Survivor regions: 5->6(11)
[632.402s][info][gc,heap        ] GC(1542) Old regions: 828->828
[632.402s][info][gc,heap        ] GC(1542) Humongous regions: 10->10
[632.402s][info][gc,metaspace   ] GC(1542) Metaspace: 19120K(19264K)->19120K(19264K) NonClass: 16460K(16512K)->16460K(16512K) Class: 2660K(2752K)->2660K(2752K)
[632.402s][info][gc             ] GC(1542) Pause Young (Prepare Mixed) (G1 Evacuation Pause) 922M->843M(978M) 9.354ms
[632.402s][info][gc,cpu         ] GC(1542) User=0.01s Sys=0.00s Real=0.01s
[632.556s][info][gc,start       ] GC(1543) Pause Young (Mixed) (G1 Evacuation Pause)
[632.556s][info][gc,task        ] GC(1543) Using 2 workers of 2 for evacuation
[632.607s][info][gc,phases      ] GC(1543)   Pre Evacuate Collection Set: 0.57ms
[632.607s][info][gc,phases      ] GC(1543)   Merge Heap Roots: 0.80ms
[632.607s][info][gc,phases      ] GC(1543)   Evacuate Collection Set: 48.43ms
[632.607s][info][gc,phases      ] GC(1543)   Post Evacuate Collection Set: 0.45ms
[632.607s][info][gc,phases      ] GC(1543)   Other: 0.07ms
[632.607s][info][gc,heap        ] GC(1543) Eden regions: 78->0(124)
[632.607s][info][gc,heap        ] GC(1543) Survivor regions: 6->7(11)
[632.607s][info][gc,heap        ] GC(1543) Old regions: 828->780
[632.607s][info][gc,heap        ] GC(1543) Humongous regions: 10->10
[632.607s][info][gc,metaspace   ] GC(1543) Metaspace: 19120K(19264K)->19120K(19264K) NonClass: 16460K(16512K)->16460K(16512K) Class: 2660K(2752K)->2660K(2752K)
[632.607s][info][gc             ] GC(1543) Pause Young (Mixed) (G1 Evacuation Pause) 921M->795M(978M) 50.539ms
[632.607s][info][gc,cpu         ] GC(1543) User=0.10s Sys=0.00s Real=0.06s
[632.808s][info][gc,start       ] GC(1544) Pause Young (Concurrent Start) (G1 Evacuation Pause)
[632.808s][info][gc,task        ] GC(1544) Using 2 workers of 2 for evacuation
[632.843s][info][gc,phases      ] GC(1544)   Pre Evacuate Collection Set: 0.37ms
[632.843s][info][gc,phases      ] GC(1544)   Merge Heap Roots: 0.18ms
[632.843s][info][gc,phases      ] GC(1544)   Evacuate Collection Set: 33.57ms
[632.843s][info][gc,phases      ] GC(1544)   Post Evacuate Collection Set: 0.39ms
[632.843s][info][gc,phases      ] GC(1544)   Other: 0.22ms
[632.843s][info][gc,heap        ] GC(1544) Eden regions: 124->0(88)
[632.843s][info][gc,heap        ] GC(1544) Survivor regions: 7->17(17)
[632.843s][info][gc,heap        ] GC(1544) Old regions: 780->796
[632.843s][info][gc,heap        ] GC(1544) Humongous regions: 10->10
[632.843s][info][gc,metaspace   ] GC(1544) Metaspace: 19120K(19264K)->19120K(19264K) NonClass: 16460K(16512K)->16460K(16512K) Class: 2660K(2752K)->2660K(2752K)
[632.843s][info][gc             ] GC(1544) Pause Young (Concurrent Start) (G1 Evacuation Pause) 919M->822M(978M) 35.004ms
[632.843s][info][gc,cpu         ] GC(1544) User=0.06s Sys=0.00s Real=0.03s
[632.843s][info][gc             ] GC(1545) Concurrent Mark Cycle
[632.845s][info][gc,marking     ] GC(1545) Concurrent Scan Root Regions
[632.899s][info][gc,marking     ] GC(1545) Concurrent Scan Root Regions 54.301ms
[632.899s][info][gc,marking     ] GC(1545) Concurrent Mark
[632.899s][info][gc,marking     ] GC(1545) Concurrent Mark From Roots
[632.899s][info][gc,task        ] GC(1545) Using 1 workers of 1 for marking
[633.010s][info][gc,start       ] GC(1546) Pause Young (Normal) (G1 Evacuation Pause)
[633.010s][info][gc,task        ] GC(1546) Using 2 workers of 2 for evacuation
[633.052s][info][gc,phases      ] GC(1546)   Pre Evacuate Collection Set: 0.51ms
[633.052s][info][gc,phases      ] GC(1546)   Merge Heap Roots: 0.13ms
[633.052s][info][gc,phases      ] GC(1546)   Evacuate Collection Set: 41.17ms
[633.052s][info][gc,phases      ] GC(1546)   Post Evacuate Collection Set: 0.44ms
[633.052s][info][gc,phases      ] GC(1546)   Other: 0.08ms
[633.052s][info][gc,heap        ] GC(1546) Eden regions: 88->0(64)
[633.052s][info][gc,heap        ] GC(1546) Survivor regions: 17->14(14)
[633.052s][info][gc,heap        ] GC(1546) Old regions: 796->826
[633.052s][info][gc,heap        ] GC(1546) Humongous regions: 10->10
[633.052s][info][gc,metaspace   ] GC(1546) Metaspace: 19120K(19264K)->19120K(19264K) NonClass: 16460K(16512K)->16460K(16512K) Class: 2660K(2752K)->2660K(2752K)
[633.052s][info][gc             ] GC(1546) Pause Young (Normal) (G1 Evacuation Pause) 910M->849M(978M) 42.531ms
[633.053s][info][gc,cpu         ] GC(1546) User=0.08s Sys=0.00s Real=0.04s
[633.205s][info][gc,start       ] GC(1547) Pause Young (Normal) (G1 Evacuation Pause)
[633.205s][info][gc,task        ] GC(1547) Using 2 workers of 2 for evacuation
[633.231s][info][gc,phases      ] GC(1547)   Pre Evacuate Collection Set: 0.29ms
[633.231s][info][gc,phases      ] GC(1547)   Merge Heap Roots: 0.20ms
[633.231s][info][gc,phases      ] GC(1547)   Evacuate Collection Set: 25.32ms
[633.231s][info][gc,phases      ] GC(1547)   Post Evacuate Collection Set: 0.32ms
[633.231s][info][gc,phases      ] GC(1547)   Other: 0.08ms
[633.231s][info][gc,heap        ] GC(1547) Eden regions: 64->0(56)
[633.231s][info][gc,heap        ] GC(1547) Survivor regions: 14->10(10)
[633.231s][info][gc,heap        ] GC(1547) Old regions: 826->842
[633.231s][info][gc,heap        ] GC(1547) Humongous regions: 10->10
[633.231s][info][gc,metaspace   ] GC(1547) Metaspace: 19120K(19264K)->19120K(19264K) NonClass: 16460K(16512K)->16460K(16512K) Class: 2660K(2752K)->2660K(2752K)
[633.231s][info][gc             ] GC(1547) Pause Young (Normal) (G1 Evacuation Pause) 913M->861M(978M) 26.419ms
[633.232s][info][gc,cpu         ] GC(1547) User=0.06s Sys=0.00s Real=0.03s
[633.324s][info][gc,start       ] GC(1548) Pause Young (Normal) (G1 Evacuation Pause)
[633.324s][info][gc,task        ] GC(1548) Using 2 workers of 2 for evacuation
[633.351s][info][gc,phases      ] GC(1548)   Pre Evacuate Collection Set: 0.30ms
[633.351s][info][gc,phases      ] GC(1548)   Merge Heap Roots: 0.27ms
[633.351s][info][gc,phases      ] GC(1548)   Evacuate Collection Set: 26.35ms
[633.351s][info][gc,phases      ] GC(1548)   Post Evacuate Collection Set: 0.44ms
[633.351s][info][gc,phases      ] GC(1548)   Other: 0.08ms
[633.351s][info][gc,heap        ] GC(1548) Eden regions: 56->0(46)
[633.351s][info][gc,heap        ] GC(1548) Survivor regions: 10->9(9)
[633.351s][info][gc,heap        ] GC(1548) Old regions: 842->853
[633.351s][info][gc,heap        ] GC(1548) Humongous regions: 11->11
[633.351s][info][gc,metaspace   ] GC(1548) Metaspace: 19120K(19264K)->19120K(19264K) NonClass: 16460K(16512K)->16460K(16512K) Class: 2660K(2752K)->2660K(2752K)
[633.351s][info][gc             ] GC(1548) Pause Young (Normal) (G1 Evacuation Pause) 918M->872M(978M) 27.692ms
[633.351s][info][gc,cpu         ] GC(1548) User=0.05s Sys=0.00s Real=0.03s
[633.414s][info][gc,start       ] GC(1549) Pause Young (Normal) (G1 Evacuation Pause)
[633.414s][info][gc,task        ] GC(1549) Using 2 workers of 2 for evacuation
[633.436s][info][gc,phases      ] GC(1549)   Pre Evacuate Collection Set: 0.52ms
[633.436s][info][gc,phases      ] GC(1549)   Merge Heap Roots: 0.23ms
[633.436s][info][gc,phases      ] GC(1549)   Evacuate Collection Set: 20.74ms
[633.436s][info][gc,phases      ] GC(1549)   Post Evacuate Collection Set: 0.28ms
[633.436s][info][gc,phases      ] GC(1549)   Other: 0.09ms
[633.436s][info][gc,heap        ] GC(1549) Eden regions: 46->0(49)
[633.436s][info][gc,heap        ] GC(1549) Survivor regions: 9->3(7)
[633.436s][info][gc,heap        ] GC(1549) Old regions: 853->862
[633.436s][info][gc,heap        ] GC(1549) Humongous regions: 11->11
[633.436s][info][gc,metaspace   ] GC(1549) Metaspace: 19120K(19264K)->19120K(19264K) NonClass: 16460K(16512K)->16460K(16512K) Class: 2660K(2752K)->2660K(2752K)
[633.436s][info][gc             ] GC(1549) Pause Young (Normal) (G1 Evacuation Pause) 918M->875M(978M) 22.060ms
[633.436s][info][gc,cpu         ] GC(1549) User=0.05s Sys=0.00s Real=0.02s
[633.492s][info][gc,start       ] GC(1550) Pause Young (Normal) (G1 Evacuation Pause)
[633.492s][info][gc,task        ] GC(1550) Using 2 workers of 2 for evacuation
[633.498s][info][gc,phases      ] GC(1550)   Pre Evacuate Collection Set: 0.28ms
[633.498s][info][gc,phases      ] GC(1550)   Merge Heap Roots: 0.06ms
[633.498s][info][gc,phases      ] GC(1550)   Evacuate Collection Set: 5.14ms
[633.498s][info][gc,phases      ] GC(1550)   Post Evacuate Collection Set: 0.28ms
[633.498s][info][gc,phases      ] GC(1550)   Other: 0.09ms
[633.498s][info][gc,heap        ] GC(1550) Eden regions: 49->0(45)
[633.498s][info][gc,heap        ] GC(1550) Survivor regions: 3->5(7)
[633.498s][info][gc,heap        ] GC(1550) Old regions: 862->862
[633.498s][info][gc,heap        ] GC(1550) Humongous regions: 11->11
[633.498s][info][gc,metaspace   ] GC(1550) Metaspace: 19120K(19264K)->19120K(19264K) NonClass: 16460K(16512K)->16460K(16512K) Class: 2660K(2752K)->2660K(2752K)
[633.498s][info][gc             ] GC(1550) Pause Young (Normal) (G1 Evacuation Pause) 924M->877M(978M) 6.055ms
[633.498s][info][gc,cpu         ] GC(1550) User=0.01s Sys=0.00s Real=0.01s
[633.555s][info][gc,start       ] GC(1551) Pause Young (Normal) (G1 Evacuation Pause)
[633.555s][info][gc,task        ] GC(1551) Using 2 workers of 2 for evacuation
[633.562s][info][gc,phases      ] GC(1551)   Pre Evacuate Collection Set: 0.50ms
[633.562s][info][gc,phases      ] GC(1551)   Merge Heap Roots: 0.07ms
[633.562s][info][gc,phases      ] GC(1551)   Evacuate Collection Set: 5.99ms
[633.562s][info][gc,phases      ] GC(1551)   Post Evacuate Collection Set: 0.28ms
[633.562s][info][gc,phases      ] GC(1551)   Other: 0.10ms
[633.562s][info][gc,heap        ] GC(1551) Eden regions: 45->0(46)
[633.562s][info][gc,heap        ] GC(1551) Survivor regions: 5->3(7)
[633.562s][info][gc,heap        ] GC(1551) Old regions: 862->865
[633.562s][info][gc,heap        ] GC(1551) Humongous regions: 11->11
[633.562s][info][gc,metaspace   ] GC(1551) Metaspace: 19120K(19264K)->19120K(19264K) NonClass: 16460K(16512K)->16460K(16512K) Class: 2660K(2752K)->2660K(2752K)
[633.562s][info][gc             ] GC(1551) Pause Young (Normal) (G1 Evacuation Pause) 922M->878M(978M) 7.117ms
[633.562s][info][gc,cpu         ] GC(1551) User=0.01s Sys=0.00s Real=0.01s
[633.662s][info][gc,start       ] GC(1552) Pause Young (Normal) (G1 Evacuation Pause)
[633.663s][info][gc,task        ] GC(1552) Using 2 workers of 2 for evacuation
[633.666s][info][gc,phases      ] GC(1552)   Pre Evacuate Collection Set: 0.29ms
[633.666s][info][gc,phases      ] GC(1552)   Merge Heap Roots: 0.08ms
[633.666s][info][gc,phases      ] GC(1552)   Evacuate Collection Set: 2.96ms
[633.666s][info][gc,phases      ] GC(1552)   Post Evacuate Collection Set: 0.27ms
[633.666s][info][gc,phases      ] GC(1552)   Other: 0.07ms
[633.666s][info][gc,heap        ] GC(1552) Eden regions: 46->0(46)
[633.666s][info][gc,heap        ] GC(1552) Survivor regions: 3->3(7)
[633.666s][info][gc,heap        ] GC(1552) Old regions: 865->865
[633.666s][info][gc,heap        ] GC(1552) Humongous regions: 11->11
[633.666s][info][gc,metaspace   ] GC(1552) Metaspace: 19120K(19264K)->19120K(19264K) NonClass: 16460K(16512K)->16460K(16512K) Class: 2660K(2752K)->2660K(2752K)
[633.666s][info][gc             ] GC(1552) Pause Young (Normal) (G1 Evacuation Pause) 924M->878M(978M) 3.882ms
[633.666s][info][gc,cpu         ] GC(1552) User=0.01s Sys=0.00s Real=0.00s
[633.750s][info][gc,marking     ] GC(1545) Concurrent Mark From Roots 850.722ms
[633.750s][info][gc,marking     ] GC(1545) Concurrent Preclean
[633.750s][info][gc,marking     ] GC(1545) Concurrent Preclean 0.079ms
[633.750s][info][gc,start       ] GC(1545) Pause Remark
[633.759s][info][gc             ] GC(1545) Pause Remark 912M->423M(978M) 8.524ms
[633.759s][info][gc,cpu         ] GC(1545) User=0.01s Sys=0.00s Real=0.01s
[633.760s][info][gc,marking     ] GC(1545) Concurrent Mark 860.682ms
[633.760s][info][gc,marking     ] GC(1545) Concurrent Rebuild Remembered Sets and Scrub Regions
[633.775s][info][gc,start       ] GC(1553) Pause Young (Normal) (G1 Evacuation Pause)
[633.775s][info][gc,task        ] GC(1553) Using 2 workers of 2 for evacuation
[633.779s][info][gc,phases      ] GC(1553)   Pre Evacuate Collection Set: 0.26ms
[633.779s][info][gc,phases      ] GC(1553)   Merge Heap Roots: 0.10ms
[633.779s][info][gc,phases      ] GC(1553)   Evacuate Collection Set: 3.93ms
[633.779s][info][gc,phases      ] GC(1553)   Post Evacuate Collection Set: 0.28ms
[633.779s][info][gc,phases      ] GC(1553)   Other: 0.07ms
[633.779s][info][gc,heap        ] GC(1553) Eden regions: 46->0(496)
[633.779s][info][gc,heap        ] GC(1553) Survivor regions: 3->3(7)
[633.779s][info][gc,heap        ] GC(1553) Old regions: 383->383
[633.779s][info][gc,heap        ] GC(1553) Humongous regions: 4->4
[633.779s][info][gc,metaspace   ] GC(1553) Metaspace: 19120K(19264K)->19120K(19264K) NonClass: 16460K(16512K)->16460K(16512K) Class: 2660K(2752K)->2660K(2752K)
[633.779s][info][gc             ] GC(1553) Pause Young (Normal) (G1 Evacuation Pause) 435M->389M(978M) 4.774ms
[633.779s][info][gc,cpu         ] GC(1553) User=0.00s Sys=0.00s Real=0.01s
[634.017s][info][gc,marking     ] GC(1545) Concurrent Rebuild Remembered Sets and Scrub Regions 257.193ms
[634.017s][info][gc,start       ] GC(1545) Pause Cleanup
[634.018s][info][gc             ] GC(1545) Pause Cleanup 477M->477M(978M) 0.113ms
[634.018s][info][gc,cpu         ] GC(1545) User=0.00s Sys=0.00s Real=0.00s
[634.018s][info][gc,marking     ] GC(1545) Concurrent Clear Claimed Marks
[634.018s][info][gc,marking     ] GC(1545) Concurrent Clear Claimed Marks 0.031ms
[634.018s][info][gc,marking     ] GC(1545) Concurrent Cleanup for Next Mark
[634.020s][info][gc,marking     ] GC(1545) Concurrent Cleanup for Next Mark 2.848ms
[634.021s][info][gc             ] GC(1545) Concurrent Mark Cycle 1177.520ms
[634.571s][info][gc,start       ] GC(1554) Pause Young (Prepare Mixed) (G1 Evacuation Pause)
[634.571s][info][gc,task        ] GC(1554) Using 2 workers of 2 for evacuation
[634.780s][info][gc,mmu         ] GC(1554) MMU target violated: 201.0ms (200.0ms/201.0ms)
[634.780s][info][gc,phases      ] GC(1554)   Pre Evacuate Collection Set: 0.31ms
[634.780s][info][gc,phases      ] GC(1554)   Merge Heap Roots: 0.30ms
[634.780s][info][gc,phases      ] GC(1554)   Evacuate Collection Set: 185.95ms
[634.780s][info][gc,phases      ] GC(1554)   Post Evacuate Collection Set: 21.96ms
[634.780s][info][gc,phases      ] GC(1554)   Other: 0.18ms
[634.780s][info][gc,heap        ] GC(1554) Eden regions: 496->0(168)
[634.780s][info][gc,heap        ] GC(1554) Survivor regions: 3->63(63)
[634.780s][info][gc,heap        ] GC(1554) Old regions: 383->629
[634.780s][info][gc,heap        ] GC(1554) Humongous regions: 5->5
[634.780s][info][gc,metaspace   ] GC(1554) Metaspace: 19121K(19264K)->19121K(19264K) NonClass: 16461K(16512K)->16461K(16512K) Class: 2660K(2752K)->2660K(2752K)
[634.780s][info][gc             ] GC(1554) Pause Young (Prepare Mixed) (G1 Evacuation Pause) (Evacuation Failure: Allocation) 886M->696M(978M) 208.924ms
[634.780s][info][gc,cpu         ] GC(1554) User=0.41s Sys=0.00s Real=0.21s
[634.955s][info][gc,start       ] GC(1555) Pause Young (Mixed) (G1 Evacuation Pause)
[634.955s][info][gc,task        ] GC(1555) Using 2 workers of 2 for evacuation
[635.054s][info][gc,phases      ] GC(1555)   Pre Evacuate Collection Set: 0.37ms
[635.054s][info][gc,phases      ] GC(1555)   Merge Heap Roots: 0.84ms
[635.054s][info][gc,phases      ] GC(1555)   Evacuate Collection Set: 88.11ms
[635.054s][info][gc,phases      ] GC(1555)   Merge Optional Heap Roots: 0.10ms
[635.054s][info][gc,phases      ] GC(1555)   Evacuate Optional Collection Set: 8.50ms
[635.054s][info][gc,phases      ] GC(1555)   Post Evacuate Collection Set: 0.80ms
[635.054s][info][gc,phases      ] GC(1555)   Other: 0.11ms
[635.054s][info][gc,heap        ] GC(1555) Eden regions: 168->0(287)
[635.054s][info][gc,heap        ] GC(1555) Survivor regions: 63->4(29)
[635.054s][info][gc,heap        ] GC(1555) Old regions: 629->562
[635.054s][info][gc,heap        ] GC(1555) Humongous regions: 5->5
[635.054s][info][gc,metaspace   ] GC(1555) Metaspace: 19122K(19264K)->19122K(19264K) NonClass: 16461K(16512K)->16461K(16512K) Class: 2660K(2752K)->2660K(2752K)
[635.054s][info][gc             ] GC(1555) Pause Young (Mixed) (G1 Evacuation Pause) 864M->570M(978M) 99.077ms
[635.054s][info][gc,cpu         ] GC(1555) User=0.20s Sys=0.00s Real=0.10s
[635.323s][info][gc,start       ] GC(1556) Pause Young (Concurrent Start) (G1 Evacuation Pause)
[635.323s][info][gc,task        ] GC(1556) Using 2 workers of 2 for evacuation
[635.397s][info][gc,phases      ] GC(1556)   Pre Evacuate Collection Set: 0.40ms
[635.397s][info][gc,phases      ] GC(1556)   Merge Heap Roots: 0.34ms
[635.397s][info][gc,phases      ] GC(1556)   Evacuate Collection Set: 72.69ms
[635.397s][info][gc,phases      ] GC(1556)   Post Evacuate Collection Set: 0.64ms
[635.397s][info][gc,phases      ] GC(1556)   Other: 0.24ms
[635.397s][info][gc,heap        ] GC(1556) Eden regions: 287->0(301)
[635.397s][info][gc,heap        ] GC(1556) Survivor regions: 4->33(37)
[635.397s][info][gc,heap        ] GC(1556) Old regions: 562->516
[635.397s][info][gc,heap        ] GC(1556) Humongous regions: 5->5
[635.397s][info][gc,metaspace   ] GC(1556) Metaspace: 19122K(19328K)->19122K(19328K) NonClass: 16462K(16576K)->16462K(16576K) Class: 2660K(2752K)->2660K(2752K)
[635.397s][info][gc             ] GC(1556) Pause Young (Concurrent Start) (G1 Evacuation Pause) 857M->552M(978M) 74.529ms
[635.397s][info][gc             ] GC(1557) Concurrent Mark Cycle
[635.397s][info][gc,marking     ] GC(1557) Concurrent Scan Root Regions
[635.398s][info][gc,cpu         ] GC(1556) User=0.14s Sys=0.00s Real=0.08s
[635.510s][info][gc,marking     ] GC(1557) Concurrent Scan Root Regions 112.603ms
[635.510s][info][gc,marking     ] GC(1557) Concurrent Mark
[635.510s][info][gc,marking     ] GC(1557) Concurrent Mark From Roots
[635.510s][info][gc,task        ] GC(1557) Using 1 workers of 1 for marking
[635.874s][info][gc,start       ] GC(1558) Pause Young (Normal) (G1 Evacuation Pause)
[635.874s][info][gc,task        ] GC(1558) Using 2 workers of 2 for evacuation
[635.981s][info][gc,phases      ] GC(1558)   Pre Evacuate Collection Set: 0.31ms
[635.982s][info][gc,phases      ] GC(1558)   Merge Heap Roots: 0.14ms
[635.982s][info][gc,phases      ] GC(1558)   Evacuate Collection Set: 106.21ms
[635.982s][info][gc,phases      ] GC(1558)   Post Evacuate Collection Set: 0.76ms
[635.982s][info][gc,phases      ] GC(1558)   Other: 0.10ms
[635.982s][info][gc,heap        ] GC(1558) Eden regions: 301->0(246)
[635.982s][info][gc,heap        ] GC(1558) Survivor regions: 33->42(42)
[635.982s][info][gc,heap        ] GC(1558) Old regions: 516->572
[635.982s][info][gc,heap        ] GC(1558) Humongous regions: 5->5
[635.982s][info][gc,metaspace   ] GC(1558) Metaspace: 19122K(19328K)->19122K(19328K) NonClass: 16462K(16576K)->16462K(16576K) Class: 2660K(2752K)->2660K(2752K)
[635.982s][info][gc             ] GC(1558) Pause Young (Normal) (G1 Evacuation Pause) 853M->618M(978M) 107.794ms
[635.982s][info][gc,cpu         ] GC(1558) User=0.21s Sys=0.00s Real=0.11s
[636.339s][info][gc,start       ] GC(1559) Pause Young (Normal) (G1 Evacuation Pause)
[636.339s][info][gc,task        ] GC(1559) Using 2 workers of 2 for evacuation
[636.491s][info][gc,phases      ] GC(1559)   Pre Evacuate Collection Set: 0.31ms
[636.492s][info][gc,phases      ] GC(1559)   Merge Heap Roots: 0.41ms
[636.492s][info][gc,phases      ] GC(1559)   Evacuate Collection Set: 143.63ms
[636.492s][info][gc,phases      ] GC(1559)   Post Evacuate Collection Set: 8.01ms
[636.492s][info][gc,phases      ] GC(1559)   Other: 0.08ms
[636.492s][info][gc,heap        ] GC(1559) Eden regions: 246->0(103)
[636.492s][info][gc,heap        ] GC(1559) Survivor regions: 42->36(36)
[636.492s][info][gc,heap        ] GC(1559) Old regions: 572->745
[636.492s][info][gc,heap        ] GC(1559) Humongous regions: 8->8
[636.492s][info][gc,metaspace   ] GC(1559) Metaspace: 19122K(19328K)->19122K(19328K) NonClass: 16462K(16576K)->16462K(16576K) Class: 2660K(2752K)->2660K(2752K)
[636.492s][info][gc             ] GC(1559) Pause Young (Normal) (G1 Evacuation Pause) (Evacuation Failure: Allocation) 867M->788M(978M) 152.692ms
[636.492s][info][gc,cpu         ] GC(1559) User=0.31s Sys=0.00s Real=0.15s
[636.518s][info][gc,marking     ] GC(1557) Concurrent Mark From Roots 1008.091ms
[636.518s][info][gc,marking     ] GC(1557) Concurrent Preclean
[636.518s][info][gc,marking     ] GC(1557) Concurrent Preclean 0.056ms
[636.518s][info][gc,start       ] GC(1557) Pause Remark
[636.527s][info][gc             ] GC(1557) Pause Remark 806M->707M(978M) 8.527ms
[636.527s][info][gc,cpu         ] GC(1557) User=0.02s Sys=0.00s Real=0.00s
[636.527s][info][gc,marking     ] GC(1557) Concurrent Mark 1016.948ms
[636.527s][info][gc,marking     ] GC(1557) Concurrent Rebuild Remembered Sets and Scrub Regions
[636.593s][info][gc,start       ] GC(1560) Pause Young (Normal) (G1 Evacuation Pause)
[636.593s][info][gc,task        ] GC(1560) Using 2 workers of 2 for evacuation
[636.689s][info][gc,phases      ] GC(1560)   Pre Evacuate Collection Set: 0.44ms
[636.689s][info][gc,phases      ] GC(1560)   Merge Heap Roots: 0.57ms
[636.689s][info][gc,phases      ] GC(1560)   Evacuate Collection Set: 94.25ms
[636.689s][info][gc,phases      ] GC(1560)   Post Evacuate Collection Set: 0.54ms
[636.689s][info][gc,phases      ] GC(1560)   Other: 0.09ms
[636.689s][info][gc,heap        ] GC(1560) Eden regions: 103->0(198)
[636.689s][info][gc,heap        ] GC(1560) Survivor regions: 36->18(18)
[636.689s][info][gc,heap        ] GC(1560) Old regions: 648->627
[636.689s][info][gc,heap        ] GC(1560) Humongous regions: 6->6
[636.689s][info][gc,metaspace   ] GC(1560) Metaspace: 19122K(19328K)->19122K(19328K) NonClass: 16462K(16576K)->16462K(16576K) Class: 2660K(2752K)->2660K(2752K)
[636.689s][info][gc             ] GC(1560) Pause Young (Normal) (G1 Evacuation Pause) 792M->650M(978M) 96.095ms
[636.689s][info][gc,cpu         ] GC(1560) User=0.19s Sys=0.00s Real=0.10s
[636.955s][info][gc,start       ] GC(1561) Pause Young (Normal) (G1 Evacuation Pause)
[636.955s][info][gc,task        ] GC(1561) Using 2 workers of 2 for evacuation
[637.001s][info][gc,phases      ] GC(1561)   Pre Evacuate Collection Set: 0.47ms
[637.002s][info][gc,phases      ] GC(1561)   Merge Heap Roots: 0.40ms
[637.002s][info][gc,phases      ] GC(1561)   Evacuate Collection Set: 44.89ms
[637.002s][info][gc,phases      ] GC(1561)   Post Evacuate Collection Set: 0.45ms
[637.002s][info][gc,phases      ] GC(1561)   Other: 0.09ms
[637.002s][info][gc,heap        ] GC(1561) Eden regions: 198->0(194)
[637.002s][info][gc,heap        ] GC(1561) Survivor regions: 18->20(27)
[637.002s][info][gc,heap        ] GC(1561) Old regions: 627->646
[637.002s][info][gc,heap        ] GC(1561) Humongous regions: 6->6
[637.002s][info][gc,metaspace   ] GC(1561) Metaspace: 19122K(19328K)->19122K(19328K) NonClass: 16462K(16576K)->16462K(16576K) Class: 2660K(2752K)->2660K(2752K)
[637.002s][info][gc             ] GC(1561) Pause Young (Normal) (G1 Evacuation Pause) 848M->671M(978M) 46.556ms
[637.002s][info][gc,cpu         ] GC(1561) User=0.09s Sys=0.00s Real=0.05s
[637.102s][info][gc,marking     ] GC(1557) Concurrent Rebuild Remembered Sets and Scrub Regions 575.632ms
[637.103s][info][gc,start       ] GC(1557) Pause Cleanup
[637.103s][info][gc             ] GC(1557) Pause Cleanup 772M->772M(978M) 0.133ms
[637.103s][info][gc,cpu         ] GC(1557) User=0.00s Sys=0.00s Real=0.00s
[637.104s][info][gc,marking     ] GC(1557) Concurrent Clear Claimed Marks
[637.104s][info][gc,marking     ] GC(1557) Concurrent Clear Claimed Marks 0.046ms
[637.104s][info][gc,marking     ] GC(1557) Concurrent Cleanup for Next Mark
[637.110s][info][gc,marking     ] GC(1557) Concurrent Cleanup for Next Mark 5.908ms
[637.110s][info][gc             ] GC(1557) Concurrent Mark Cycle 1712.827ms
[637.194s][info][gc,start       ] GC(1562) Pause Young (Prepare Mixed) (G1 Evacuation Pause)
[637.194s][info][gc,task        ] GC(1562) Using 2 workers of 2 for evacuation
[637.252s][info][gc,phases      ] GC(1562)   Pre Evacuate Collection Set: 0.29ms
[637.252s][info][gc,phases      ] GC(1562)   Merge Heap Roots: 0.44ms
[637.252s][info][gc,phases      ] GC(1562)   Evacuate Collection Set: 56.03ms
[637.252s][info][gc,phases      ] GC(1562)   Post Evacuate Collection Set: 0.55ms
[637.252s][info][gc,phases      ] GC(1562)   Other: 0.10ms
[637.252s][info][gc,heap        ] GC(1562) Eden regions: 194->0(189)
[637.252s][info][gc,heap        ] GC(1562) Survivor regions: 20->18(27)
[637.252s][info][gc,heap        ] GC(1562) Old regions: 646->666
[637.252s][info][gc,heap        ] GC(1562) Humongous regions: 9->9
[637.252s][info][gc,metaspace   ] GC(1562) Metaspace: 19122K(19328K)->19122K(19328K) NonClass: 16462K(16576K)->16462K(16576K) Class: 2660K(2752K)->2660K(2752K)
[637.252s][info][gc             ] GC(1562) Pause Young (Prepare Mixed) (G1 Evacuation Pause) 868M->691M(978M) 57.629ms
[637.252s][info][gc,cpu         ] GC(1562) User=0.11s Sys=0.00s Real=0.06s
[637.412s][info][gc,start       ] GC(1563) Pause Young (Mixed) (G1 Evacuation Pause)
[637.412s][info][gc,task        ] GC(1563) Using 2 workers of 2 for evacuation
[637.509s][info][gc,phases      ] GC(1563)   Pre Evacuate Collection Set: 0.32ms
[637.509s][info][gc,phases      ] GC(1563)   Merge Heap Roots: 0.93ms
[637.509s][info][gc,phases      ] GC(1563)   Evacuate Collection Set: 94.02ms
[637.509s][info][gc,phases      ] GC(1563)   Post Evacuate Collection Set: 0.76ms
[637.509s][info][gc,phases      ] GC(1563)   Other: 0.07ms
[637.509s][info][gc,heap        ] GC(1563) Eden regions: 189->0(223)
[637.509s][info][gc,heap        ] GC(1563) Survivor regions: 18->23(26)
[637.509s][info][gc,heap        ] GC(1563) Old regions: 666->613
[637.509s][info][gc,heap        ] GC(1563) Humongous regions: 9->9
[637.509s][info][gc,metaspace   ] GC(1563) Metaspace: 19122K(19328K)->19122K(19328K) NonClass: 16462K(16576K)->16462K(16576K) Class: 2660K(2752K)->2660K(2752K)
[637.509s][info][gc             ] GC(1563) Pause Young (Mixed) (G1 Evacuation Pause) 880M->644M(978M) 96.333ms
[637.509s][info][gc,cpu         ] GC(1563) User=0.19s Sys=0.00s Real=0.10s
[637.671s][info][gc,start       ] GC(1564) Pause Young (Concurrent Start) (G1 Evacuation Pause)
[637.671s][info][gc,task        ] GC(1564) Using 2 workers of 2 for evacuation
[637.734s][info][gc,phases      ] GC(1564)   Pre Evacuate Collection Set: 0.32ms
[637.734s][info][gc,phases      ] GC(1564)   Merge Heap Roots: 0.26ms
[637.734s][info][gc,phases      ] GC(1564)   Evacuate Collection Set: 61.45ms
[637.734s][info][gc,phases      ] GC(1564)   Post Evacuate Collection Set: 0.49ms
[637.734s][info][gc,phases      ] GC(1564)   Other: 0.19ms
[637.734s][info][gc,heap        ] GC(1564) Eden regions: 223->0(201)
[637.734s][info][gc,heap        ] GC(1564) Survivor regions: 23->31(31)
[637.734s][info][gc,heap        ] GC(1564) Old regions: 613->638
[637.734s][info][gc,heap        ] GC(1564) Humongous regions: 9->9
[637.734s][info][gc,metaspace   ] GC(1564) Metaspace: 19122K(19328K)->19122K(19328K) NonClass: 16462K(16576K)->16462K(16576K) Class: 2660K(2752K)->2660K(2752K)
[637.734s][info][gc             ] GC(1564) Pause Young (Concurrent Start) (G1 Evacuation Pause) 867M->677M(978M) 62.976ms
[637.734s][info][gc,cpu         ] GC(1564) User=0.13s Sys=0.00s Real=0.06s
[637.734s][info][gc             ] GC(1565) Concurrent Mark Cycle
[637.736s][info][gc,marking     ] GC(1565) Concurrent Scan Root Regions
[637.841s][info][gc,marking     ] GC(1565) Concurrent Scan Root Regions 104.791ms
[637.841s][info][gc,marking     ] GC(1565) Concurrent Mark
[637.841s][info][gc,marking     ] GC(1565) Concurrent Mark From Roots
[637.841s][info][gc,task        ] GC(1565) Using 1 workers of 1 for marking
[638.146s][info][gc,start       ] GC(1566) Pause Young (Normal) (G1 Evacuation Pause)
[638.146s][info][gc,task        ] GC(1566) Using 2 workers of 2 for evacuation
[638.186s][info][gc,phases      ] GC(1566)   Pre Evacuate Collection Set: 0.33ms
[638.186s][info][gc,phases      ] GC(1566)   Merge Heap Roots: 0.24ms
[638.186s][info][gc,phases      ] GC(1566)   Evacuate Collection Set: 39.22ms
[638.186s][info][gc,phases      ] GC(1566)   Post Evacuate Collection Set: 0.42ms
[638.186s][info][gc,phases      ] GC(1566)   Other: 0.10ms
[638.186s][info][gc,heap        ] GC(1566) Eden regions: 201->0(211)
[638.186s][info][gc,heap        ] GC(1566) Survivor regions: 31->4(29)
[638.186s][info][gc,heap        ] GC(1566) Old regions: 638->670
[638.186s][info][gc,heap        ] GC(1566) Humongous regions: 9->9
[638.186s][info][gc,metaspace   ] GC(1566) Metaspace: 19122K(19328K)->19122K(19328K) NonClass: 16462K(16576K)->16462K(16576K) Class: 2660K(2752K)->2660K(2752K)
[638.186s][info][gc             ] GC(1566) Pause Young (Normal) (G1 Evacuation Pause) 878M->682M(978M) 40.521ms
[638.186s][info][gc,cpu         ] GC(1566) User=0.08s Sys=0.00s Real=0.04s
[638.536s][info][gc,marking     ] GC(1565) Concurrent Mark From Roots 695.001ms
[638.536s][info][gc,marking     ] GC(1565) Concurrent Preclean
[638.536s][info][gc,marking     ] GC(1565) Concurrent Preclean 0.069ms
[638.536s][info][gc,start       ] GC(1565) Pause Remark
[638.544s][info][gc             ] GC(1565) Pause Remark 817M->566M(978M) 8.004ms
[638.544s][info][gc,cpu         ] GC(1565) User=0.01s Sys=0.00s Real=0.01s
[638.545s][info][gc,marking     ] GC(1565) Concurrent Mark 703.699ms
[638.545s][info][gc,marking     ] GC(1565) Concurrent Rebuild Remembered Sets and Scrub Regions
[638.649s][info][gc,start       ] GC(1567) Pause Young (Normal) (G1 Evacuation Pause)
[638.649s][info][gc,task        ] GC(1567) Using 2 workers of 2 for evacuation
[638.680s][info][gc,phases      ] GC(1567)   Pre Evacuate Collection Set: 0.52ms
[638.680s][info][gc,phases      ] GC(1567)   Merge Heap Roots: 0.23ms
[638.680s][info][gc,phases      ] GC(1567)   Evacuate Collection Set: 29.98ms
[638.680s][info][gc,phases      ] GC(1567)   Post Evacuate Collection Set: 0.43ms
[638.680s][info][gc,phases      ] GC(1567)   Other: 0.09ms
[638.680s][info][gc,heap        ] GC(1567) Eden regions: 211->0(385)
[638.680s][info][gc,heap        ] GC(1567) Survivor regions: 4->26(27)
[638.680s][info][gc,heap        ] GC(1567) Old regions: 424->424
[638.680s][info][gc,heap        ] GC(1567) Humongous regions: 4->4
[638.680s][info][gc,metaspace   ] GC(1567) Metaspace: 19122K(19328K)->19122K(19328K) NonClass: 16462K(16576K)->16462K(16576K) Class: 2660K(2752K)->2660K(2752K)
[638.680s][info][gc             ] GC(1567) Pause Young (Normal) (G1 Evacuation Pause) 642M->452M(978M) 31.476ms
[638.680s][info][gc,cpu         ] GC(1567) User=0.06s Sys=0.00s Real=0.03s
[638.914s][info][gc,marking     ] GC(1565) Concurrent Rebuild Remembered Sets and Scrub Regions 369.662ms
[638.914s][info][gc,start       ] GC(1565) Pause Cleanup
[638.915s][info][gc             ] GC(1565) Pause Cleanup 513M->513M(978M) 0.136ms
[638.915s][info][gc,cpu         ] GC(1565) User=0.00s Sys=0.00s Real=0.00s
[638.915s][info][gc,marking     ] GC(1565) Concurrent Clear Claimed Marks
[638.915s][info][gc,marking     ] GC(1565) Concurrent Clear Claimed Marks 0.030ms
[638.915s][info][gc,marking     ] GC(1565) Concurrent Cleanup for Next Mark
[638.917s][info][gc,marking     ] GC(1565) Concurrent Cleanup for Next Mark 2.832ms
[638.917s][info][gc             ] GC(1565) Concurrent Mark Cycle 1183.435ms
[639.717s][info][gc,start       ] GC(1568) Pause Young (Prepare Mixed) (G1 Evacuation Pause)
[639.717s][info][gc,task        ] GC(1568) Using 2 workers of 2 for evacuation
[639.759s][info][gc,phases      ] GC(1568)   Pre Evacuate Collection Set: 0.54ms
[639.759s][info][gc,phases      ] GC(1568)   Merge Heap Roots: 0.56ms
[639.759s][info][gc,phases      ] GC(1568)   Evacuate Collection Set: 39.84ms
[639.759s][info][gc,phases      ] GC(1568)   Post Evacuate Collection Set: 0.81ms
[639.759s][info][gc,phases      ] GC(1568)   Other: 0.11ms
[639.759s][info][gc,heap        ] GC(1568) Eden regions: 385->0(412)
[639.759s][info][gc,heap        ] GC(1568) Survivor regions: 26->25(52)
[639.759s][info][gc,heap        ] GC(1568) Old regions: 424->424
[639.759s][info][gc,heap        ] GC(1568) Humongous regions: 4->4
[639.759s][info][gc,metaspace   ] GC(1568) Metaspace: 19122K(19328K)->19122K(19328K) NonClass: 16462K(16576K)->16462K(16576K) Class: 2660K(2752K)->2660K(2752K)
[639.759s][info][gc             ] GC(1568) Pause Young (Prepare Mixed) (G1 Evacuation Pause) 837M->452M(978M) 42.114ms
[639.759s][info][gc,cpu         ] GC(1568) User=0.08s Sys=0.00s Real=0.04s
[640.302s][info][gc,start       ] GC(1569) Pause Young (Mixed) (G1 Evacuation Pause)
[640.302s][info][gc,task        ] GC(1569) Using 2 workers of 2 for evacuation
[640.418s][info][gc,phases      ] GC(1569)   Pre Evacuate Collection Set: 0.34ms
[640.418s][info][gc,phases      ] GC(1569)   Merge Heap Roots: 0.92ms
[640.418s][info][gc,phases      ] GC(1569)   Evacuate Collection Set: 113.11ms
[640.418s][info][gc,phases      ] GC(1569)   Post Evacuate Collection Set: 1.15ms
[640.418s][info][gc,phases      ] GC(1569)   Other: 0.10ms
[640.418s][info][gc,heap        ] GC(1569) Eden regions: 412->0(291)
[640.418s][info][gc,heap        ] GC(1569) Survivor regions: 25->55(55)
[640.418s][info][gc,heap        ] GC(1569) Old regions: 424->373
[640.418s][info][gc,heap        ] GC(1569) Humongous regions: 4->4
[640.418s][info][gc,metaspace   ] GC(1569) Metaspace: 19122K(19328K)->19122K(19328K) NonClass: 16462K(16576K)->16462K(16576K) Class: 2660K(2752K)->2660K(2752K)
[640.418s][info][gc             ] GC(1569) Pause Young (Mixed) (G1 Evacuation Pause) 864M->431M(978M) 115.895ms
[640.418s][info][gc,cpu         ] GC(1569) User=0.22s Sys=0.00s Real=0.12s
[640.785s][info][gc,start       ] GC(1570) Pause Young (Mixed) (G1 Evacuation Pause)
[640.785s][info][gc,task        ] GC(1570) Using 2 workers of 2 for evacuation
[640.939s][info][gc,phases      ] GC(1570)   Pre Evacuate Collection Set: 0.32ms
[640.939s][info][gc,phases      ] GC(1570)   Merge Heap Roots: 0.88ms
[640.939s][info][gc,phases      ] GC(1570)   Evacuate Collection Set: 151.54ms
[640.939s][info][gc,phases      ] GC(1570)   Post Evacuate Collection Set: 0.81ms
[640.939s][info][gc,phases      ] GC(1570)   Other: 0.08ms
[640.939s][info][gc,heap        ] GC(1570) Eden regions: 274->0(353)
[640.939s][info][gc,heap        ] GC(1570) Survivor regions: 55->42(42)
[640.939s][info][gc,heap        ] GC(1570) Old regions: 373->426
[640.939s][info][gc,heap        ] GC(1570) Humongous regions: 7->7
[640.939s][info][gc,metaspace   ] GC(1570) Metaspace: 19122K(19328K)->19122K(19328K) NonClass: 16462K(16576K)->16462K(16576K) Class: 2660K(2752K)->2660K(2752K)
[640.939s][info][gc             ] GC(1570) Pause Young (Mixed) (G1 Evacuation Pause) 708M->474M(978M) 153.860ms
[640.939s][info][gc,cpu         ] GC(1570) User=0.31s Sys=0.00s Real=0.16s
[641.200s][info][gc,start       ] GC(1571) Pause Young (Concurrent Start) (G1 Evacuation Pause)
[641.200s][info][gc,task        ] GC(1571) Using 2 workers of 2 for evacuation
[641.312s][info][gc,phases      ] GC(1571)   Pre Evacuate Collection Set: 0.33ms
[641.312s][info][gc,phases      ] GC(1571)   Merge Heap Roots: 0.38ms
[641.312s][info][gc,phases      ] GC(1571)   Evacuate Collection Set: 110.43ms
[641.312s][info][gc,phases      ] GC(1571)   Post Evacuate Collection Set: 0.72ms
[641.312s][info][gc,phases      ] GC(1571)   Other: 0.10ms
[641.312s][info][gc,heap        ] GC(1571) Eden regions: 353->0(297)
[641.312s][info][gc,heap        ] GC(1571) Survivor regions: 42->50(50)
[641.312s][info][gc,heap        ] GC(1571) Old regions: 426->475
[641.312s][info][gc,heap        ] GC(1571) Humongous regions: 7->7
[641.312s][info][gc,metaspace   ] GC(1571) Metaspace: 19122K(19328K)->19122K(19328K) NonClass: 16462K(16576K)->16462K(16576K) Class: 2660K(2752K)->2660K(2752K)
[641.312s][info][gc             ] GC(1571) Pause Young (Concurrent Start) (G1 Evacuation Pause) 827M->531M(978M) 112.237ms
[641.312s][info][gc             ] GC(1572) Concurrent Mark Cycle
[641.312s][info][gc,marking     ] GC(1572) Concurrent Scan Root Regions
[641.314s][info][gc,cpu         ] GC(1571) User=0.23s Sys=0.00s Real=0.11s
[641.412s][info][gc,marking     ] GC(1572) Concurrent Scan Root Regions 100.589ms
[641.412s][info][gc,marking     ] GC(1572) Concurrent Mark
[641.412s][info][gc,marking     ] GC(1572) Concurrent Mark From Roots
[641.412s][info][gc,task        ] GC(1572) Using 1 workers of 1 for marking
[641.667s][info][gc,start       ] GC(1573) Pause Young (Normal) (G1 Evacuation Pause)
[641.667s][info][gc,task        ] GC(1573) Using 2 workers of 2 for evacuation
[641.743s][info][gc,phases      ] GC(1573)   Pre Evacuate Collection Set: 0.51ms
[641.743s][info][gc,phases      ] GC(1573)   Merge Heap Roots: 0.31ms
[641.743s][info][gc,phases      ] GC(1573)   Evacuate Collection Set: 73.91ms
[641.743s][info][gc,phases      ] GC(1573)   Post Evacuate Collection Set: 0.58ms
[641.743s][info][gc,phases      ] GC(1573)   Other: 0.10ms
[641.743s][info][gc,heap        ] GC(1573) Eden regions: 297->0(293)
[641.743s][info][gc,heap        ] GC(1573) Survivor regions: 50->21(44)
[641.743s][info][gc,heap        ] GC(1573) Old regions: 475->525
[641.743s][info][gc,heap        ] GC(1573) Humongous regions: 8->8
[641.743s][info][gc,metaspace   ] GC(1573) Metaspace: 19122K(19328K)->19122K(19328K) NonClass: 16462K(16576K)->16462K(16576K) Class: 2660K(2752K)->2660K(2752K)
[641.743s][info][gc             ] GC(1573) Pause Young (Normal) (G1 Evacuation Pause) 829M->553M(978M) 75.634ms
[641.743s][info][gc,cpu         ] GC(1573) User=0.15s Sys=0.00s Real=0.07s
[642.162s][info][gc,start       ] GC(1574) Pause Young (Normal) (G1 Evacuation Pause)
[642.162s][info][gc,task        ] GC(1574) Using 2 workers of 2 for evacuation
[642.211s][info][gc,phases      ] GC(1574)   Pre Evacuate Collection Set: 0.29ms
[642.211s][info][gc,phases      ] GC(1574)   Merge Heap Roots: 0.30ms
[642.211s][info][gc,phases      ] GC(1574)   Evacuate Collection Set: 47.82ms
[642.211s][info][gc,phases      ] GC(1574)   Post Evacuate Collection Set: 0.54ms
[642.211s][info][gc,phases      ] GC(1574)   Other: 0.08ms
[642.211s][info][gc,heap        ] GC(1574) Eden regions: 293->0(292)
[642.211s][info][gc,heap        ] GC(1574) Survivor regions: 21->37(40)
[642.211s][info][gc,heap        ] GC(1574) Old regions: 525->525
[642.211s][info][gc,heap        ] GC(1574) Humongous regions: 8->8
[642.211s][info][gc,metaspace   ] GC(1574) Metaspace: 19122K(19328K)->19122K(19328K) NonClass: 16462K(16576K)->16462K(16576K) Class: 2660K(2752K)->2660K(2752K)
[642.211s][info][gc             ] GC(1574) Pause Young (Normal) (G1 Evacuation Pause) 846M->569M(978M) 49.270ms
[642.211s][info][gc,cpu         ] GC(1574) User=0.10s Sys=0.00s Real=0.05s
[642.498s][info][gc,marking     ] GC(1572) Concurrent Mark From Roots 1085.613ms
[642.498s][info][gc,marking     ] GC(1572) Concurrent Preclean
[642.498s][info][gc,marking     ] GC(1572) Concurrent Preclean 0.057ms
[642.498s][info][gc,start       ] GC(1572) Pause Remark
[642.506s][info][gc             ] GC(1572) Pause Remark 721M->711M(978M) 7.959ms
[642.506s][info][gc,cpu         ] GC(1572) User=0.01s Sys=0.00s Real=0.00s
[642.506s][info][gc,marking     ] GC(1572) Concurrent Mark 1093.967ms
[642.506s][info][gc,marking     ] GC(1572) Concurrent Rebuild Remembered Sets and Scrub Regions
[643.007s][info][gc,marking     ] GC(1572) Concurrent Rebuild Remembered Sets and Scrub Regions 500.252ms
[643.007s][info][gc,start       ] GC(1572) Pause Cleanup
[643.007s][info][gc             ] GC(1572) Pause Cleanup 849M->849M(978M) 0.119ms
[643.007s][info][gc,cpu         ] GC(1572) User=0.00s Sys=0.00s Real=0.00s
[643.007s][info][gc,marking     ] GC(1572) Concurrent Clear Claimed Marks
[643.007s][info][gc,marking     ] GC(1572) Concurrent Clear Claimed Marks 0.038ms
[643.007s][info][gc,marking     ] GC(1572) Concurrent Cleanup for Next Mark
[643.011s][info][gc,start       ] GC(1575) Pause Young (Prepare Mixed) (G1 Evacuation Pause)
[643.011s][info][gc,task        ] GC(1575) Using 2 workers of 2 for evacuation
[643.090s][info][gc,phases      ] GC(1575)   Pre Evacuate Collection Set: 0.29ms
[643.090s][info][gc,phases      ] GC(1575)   Merge Heap Roots: 0.61ms
[643.090s][info][gc,phases      ] GC(1575)   Evacuate Collection Set: 77.63ms
[643.090s][info][gc,phases      ] GC(1575)   Post Evacuate Collection Set: 0.58ms
[643.090s][info][gc,phases      ] GC(1575)   Other: 0.09ms
[643.090s][info][gc,heap        ] GC(1575) Eden regions: 292->0(285)
[643.090s][info][gc,heap        ] GC(1575) Survivor regions: 37->42(42)
[643.090s][info][gc,heap        ] GC(1575) Old regions: 516->537
[643.090s][info][gc,heap        ] GC(1575) Humongous regions: 7->7
[643.090s][info][gc,metaspace   ] GC(1575) Metaspace: 19122K(19328K)->19122K(19328K) NonClass: 16462K(16576K)->16462K(16576K) Class: 2660K(2752K)->2660K(2752K)
[643.090s][info][gc             ] GC(1575) Pause Young (Prepare Mixed) (G1 Evacuation Pause) 851M->585M(978M) 79.401ms
[643.090s][info][gc,cpu         ] GC(1575) User=0.16s Sys=0.00s Real=0.08s
[643.094s][info][gc,marking     ] GC(1572) Concurrent Cleanup for Next Mark 86.975ms
[643.094s][info][gc             ] GC(1572) Concurrent Mark Cycle 1782.395ms
[643.418s][info][gc,start       ] GC(1576) Pause Young (Mixed) (G1 Evacuation Pause)
[643.418s][info][gc,task        ] GC(1576) Using 2 workers of 2 for evacuation
[643.545s][info][gc,phases      ] GC(1576)   Pre Evacuate Collection Set: 0.31ms
[643.545s][info][gc,phases      ] GC(1576)   Merge Heap Roots: 0.66ms
[643.545s][info][gc,phases      ] GC(1576)   Evacuate Collection Set: 125.43ms
[643.545s][info][gc,phases      ] GC(1576)   Post Evacuate Collection Set: 0.57ms
[643.545s][info][gc,phases      ] GC(1576)   Other: 0.11ms
[643.545s][info][gc,heap        ] GC(1576) Eden regions: 285->0(252)
[643.545s][info][gc,heap        ] GC(1576) Survivor regions: 42->41(41)
[643.545s][info][gc,heap        ] GC(1576) Old regions: 537->575
[643.545s][info][gc,heap        ] GC(1576) Humongous regions: 7->7
[643.545s][info][gc,metaspace   ] GC(1576) Metaspace: 19122K(19328K)->19122K(19328K) NonClass: 16462K(16576K)->16462K(16576K) Class: 2660K(2752K)->2660K(2752K)
[643.545s][info][gc             ] GC(1576) Pause Young (Mixed) (G1 Evacuation Pause) 870M->622M(978M) 127.299ms
[643.545s][info][gc,cpu         ] GC(1576) User=0.25s Sys=0.00s Real=0.12s
[643.818s][info][gc,start       ] GC(1577) Pause Young (Concurrent Start) (G1 Evacuation Pause)
[643.818s][info][gc,task        ] GC(1577) Using 2 workers of 2 for evacuation
[643.898s][info][gc,phases      ] GC(1577)   Pre Evacuate Collection Set: 0.31ms
[643.898s][info][gc,phases      ] GC(1577)   Merge Heap Roots: 0.16ms
[643.898s][info][gc,phases      ] GC(1577)   Evacuate Collection Set: 78.89ms
[643.898s][info][gc,phases      ] GC(1577)   Post Evacuate Collection Set: 0.64ms
[643.898s][info][gc,phases      ] GC(1577)   Other: 0.12ms
[643.898s][info][gc,heap        ] GC(1577) Eden regions: 252->0(213)
[643.898s][info][gc,heap        ] GC(1577) Survivor regions: 41->37(37)
[643.898s][info][gc,heap        ] GC(1577) Old regions: 575->626
[643.898s][info][gc,heap        ] GC(1577) Humongous regions: 7->7
[643.898s][info][gc,metaspace   ] GC(1577) Metaspace: 19122K(19328K)->19122K(19328K) NonClass: 16462K(16576K)->16462K(16576K) Class: 2660K(2752K)->2660K(2752K)
[643.898s][info][gc             ] GC(1577) Pause Young (Concurrent Start) (G1 Evacuation Pause) 874M->669M(978M) 80.387ms
[643.898s][info][gc,cpu         ] GC(1577) User=0.16s Sys=0.00s Real=0.08s
[643.898s][info][gc             ] GC(1578) Concurrent Mark Cycle
[643.899s][info][gc,marking     ] GC(1578) Concurrent Scan Root Regions
[643.986s][info][gc,marking     ] GC(1578) Concurrent Scan Root Regions 87.329ms
[643.986s][info][gc,marking     ] GC(1578) Concurrent Mark
[643.986s][info][gc,marking     ] GC(1578) Concurrent Mark From Roots
[643.986s][info][gc,task        ] GC(1578) Using 1 workers of 1 for marking
[644.378s][info][gc,start       ] GC(1579) Pause Young (Normal) (G1 Evacuation Pause)
[644.378s][info][gc,task        ] GC(1579) Using 2 workers of 2 for evacuation
[644.470s][info][gc,phases      ] GC(1579)   Pre Evacuate Collection Set: 0.30ms
[644.470s][info][gc,phases      ] GC(1579)   Merge Heap Roots: 0.30ms
[644.470s][info][gc,phases      ] GC(1579)   Evacuate Collection Set: 90.52ms
[644.470s][info][gc,phases      ] GC(1579)   Post Evacuate Collection Set: 0.55ms
[644.470s][info][gc,phases      ] GC(1579)   Other: 0.09ms
[644.470s][info][gc,heap        ] GC(1579) Eden regions: 213->0(175)
[644.470s][info][gc,heap        ] GC(1579) Survivor regions: 37->32(32)
[644.470s][info][gc,heap        ] GC(1579) Old regions: 626->673
[644.470s][info][gc,heap        ] GC(1579) Humongous regions: 10->10
[644.470s][info][gc,metaspace   ] GC(1579) Metaspace: 19122K(19328K)->19122K(19328K) NonClass: 16462K(16576K)->16462K(16576K) Class: 2660K(2752K)->2660K(2752K)
[644.470s][info][gc             ] GC(1579) Pause Young (Normal) (G1 Evacuation Pause) 885M->714M(978M) 91.996ms
[644.470s][info][gc,cpu         ] GC(1579) User=0.18s Sys=0.00s Real=0.09s
[644.815s][info][gc,start       ] GC(1580) Pause Young (Normal) (G1 Evacuation Pause)
[644.815s][info][gc,task        ] GC(1580) Using 2 workers of 2 for evacuation
[644.875s][info][gc,phases      ] GC(1580)   Pre Evacuate Collection Set: 0.30ms
[644.875s][info][gc,phases      ] GC(1580)   Merge Heap Roots: 0.34ms
[644.875s][info][gc,phases      ] GC(1580)   Evacuate Collection Set: 58.36ms
[644.875s][info][gc,phases      ] GC(1580)   Post Evacuate Collection Set: 0.43ms
[644.875s][info][gc,phases      ] GC(1580)   Other: 0.09ms
[644.875s][info][gc,heap        ] GC(1580) Eden regions: 175->0(170)
[644.875s][info][gc,heap        ] GC(1580) Survivor regions: 32->15(26)
[644.875s][info][gc,heap        ] GC(1580) Old regions: 673->705
[644.875s][info][gc,heap        ] GC(1580) Humongous regions: 10->10
[644.875s][info][gc,metaspace   ] GC(1580) Metaspace: 19122K(19328K)->19122K(19328K) NonClass: 16462K(16576K)->16462K(16576K) Class: 2660K(2752K)->2660K(2752K)
[644.875s][info][gc             ] GC(1580) Pause Young (Normal) (G1 Evacuation Pause) 889M->729M(978M) 59.713ms
[644.875s][info][gc,cpu         ] GC(1580) User=0.12s Sys=0.00s Real=0.06s
[645.055s][info][gc,marking     ] GC(1578) Concurrent Mark From Roots 1068.919ms
[645.055s][info][gc,marking     ] GC(1578) Concurrent Preclean
[645.055s][info][gc,marking     ] GC(1578) Concurrent Preclean 0.059ms
[645.055s][info][gc,start       ] GC(1578) Pause Remark
[645.063s][info][gc             ] GC(1578) Pause Remark 844M->721M(978M) 7.917ms
[645.063s][info][gc,cpu         ] GC(1578) User=0.02s Sys=0.00s Real=0.01s
[645.064s][info][gc,marking     ] GC(1578) Concurrent Mark 1077.545ms
[645.064s][info][gc,marking     ] GC(1578) Concurrent Rebuild Remembered Sets and Scrub Regions
[645.178s][info][gc,start       ] GC(1581) Pause Young (Normal) (G1 Evacuation Pause)
[645.178s][info][gc,task        ] GC(1581) Using 2 workers of 2 for evacuation
[645.212s][info][gc,phases      ] GC(1581)   Pre Evacuate Collection Set: 0.28ms
[645.212s][info][gc,phases      ] GC(1581)   Merge Heap Roots: 0.51ms
[645.212s][info][gc,phases      ] GC(1581)   Evacuate Collection Set: 32.18ms
[645.212s][info][gc,phases      ] GC(1581)   Post Evacuate Collection Set: 0.58ms
[645.212s][info][gc,phases      ] GC(1581)   Other: 0.09ms
[645.212s][info][gc,heap        ] GC(1581) Eden regions: 170->0(260)
[645.212s][info][gc,heap        ] GC(1581) Survivor regions: 15->2(24)
[645.212s][info][gc,heap        ] GC(1581) Old regions: 585->600
[645.212s][info][gc,heap        ] GC(1581) Humongous regions: 7->7
[645.212s][info][gc,metaspace   ] GC(1581) Metaspace: 19122K(19328K)->19122K(19328K) NonClass: 16462K(16576K)->16462K(16576K) Class: 2660K(2752K)->2660K(2752K)
[645.212s][info][gc             ] GC(1581) Pause Young (Normal) (G1 Evacuation Pause) 776M->607M(978M) 33.901ms
[645.212s][info][gc,cpu         ] GC(1581) User=0.06s Sys=0.00s Real=0.03s
[645.562s][info][gc,marking     ] GC(1578) Concurrent Rebuild Remembered Sets and Scrub Regions 498.249ms
[645.562s][info][gc,start       ] GC(1578) Pause Cleanup
[645.562s][info][gc             ] GC(1578) Pause Cleanup 796M->796M(978M) 0.167ms
[645.562s][info][gc,cpu         ] GC(1578) User=0.00s Sys=0.00s Real=0.00s
[645.562s][info][gc,marking     ] GC(1578) Concurrent Clear Claimed Marks
[645.562s][info][gc,marking     ] GC(1578) Concurrent Clear Claimed Marks 0.031ms
[645.562s][info][gc,marking     ] GC(1578) Concurrent Cleanup for Next Mark
[645.565s][info][gc,marking     ] GC(1578) Concurrent Cleanup for Next Mark 2.809ms
[645.565s][info][gc             ] GC(1578) Concurrent Mark Cycle 1666.598ms
[645.645s][info][gc,start       ] GC(1582) Pause Young (Prepare Mixed) (G1 Evacuation Pause)
[645.645s][info][gc,task        ] GC(1582) Using 2 workers of 2 for evacuation
[645.699s][info][gc,phases      ] GC(1582)   Pre Evacuate Collection Set: 0.47ms
[645.699s][info][gc,phases      ] GC(1582)   Merge Heap Roots: 0.56ms
[645.699s][info][gc,phases      ] GC(1582)   Evacuate Collection Set: 51.70ms
[645.699s][info][gc,phases      ] GC(1582)   Post Evacuate Collection Set: 0.68ms
[645.699s][info][gc,phases      ] GC(1582)   Other: 0.09ms
[645.699s][info][gc,heap        ] GC(1582) Eden regions: 260->0(233)
[645.699s][info][gc,heap        ] GC(1582) Survivor regions: 2->33(33)
[645.699s][info][gc,heap        ] GC(1582) Old regions: 600->604
[645.699s][info][gc,heap        ] GC(1582) Humongous regions: 7->7
[645.699s][info][gc,metaspace   ] GC(1582) Metaspace: 19122K(19328K)->19122K(19328K) NonClass: 16462K(16576K)->16462K(16576K) Class: 2660K(2752K)->2660K(2752K)
[645.699s][info][gc             ] GC(1582) Pause Young (Prepare Mixed) (G1 Evacuation Pause) 867M->643M(978M) 53.675ms
[645.699s][info][gc,cpu         ] GC(1582) User=0.10s Sys=0.01s Real=0.06s
[645.930s][info][gc,start       ] GC(1583) Pause Young (Mixed) (G1 Evacuation Pause)
[645.930s][info][gc,task        ] GC(1583) Using 2 workers of 2 for evacuation
[646.071s][info][gc,phases      ] GC(1583)   Pre Evacuate Collection Set: 0.56ms
[646.071s][info][gc,phases      ] GC(1583)   Merge Heap Roots: 0.77ms
[646.071s][info][gc,phases      ] GC(1583)   Evacuate Collection Set: 132.15ms
[646.071s][info][gc,phases      ] GC(1583)   Post Evacuate Collection Set: 7.34ms
[646.071s][info][gc,phases      ] GC(1583)   Other: 0.11ms
[646.071s][info][gc,heap        ] GC(1583) Eden regions: 233->0(157)
[646.071s][info][gc,heap        ] GC(1583) Survivor regions: 33->34(34)
[646.071s][info][gc,heap        ] GC(1583) Old regions: 604->691
[646.071s][info][gc,heap        ] GC(1583) Humongous regions: 7->7
[646.071s][info][gc,metaspace   ] GC(1583) Metaspace: 19122K(19328K)->19122K(19328K) NonClass: 16462K(16576K)->16462K(16576K) Class: 2660K(2752K)->2660K(2752K)
[646.071s][info][gc             ] GC(1583) Pause Young (Mixed) (G1 Evacuation Pause) (Evacuation Failure: Allocation) 876M->731M(978M) 141.169ms
[646.071s][info][gc,cpu         ] GC(1583) User=0.28s Sys=0.00s Real=0.14s
[646.363s][info][gc,start       ] GC(1584) Pause Young (Mixed) (G1 Evacuation Pause)
[646.363s][info][gc,task        ] GC(1584) Using 2 workers of 2 for evacuation
[646.510s][info][gc,phases      ] GC(1584)   Pre Evacuate Collection Set: 0.58ms
[646.510s][info][gc,phases      ] GC(1584)   Merge Heap Roots: 1.22ms
[646.510s][info][gc,phases      ] GC(1584)   Evacuate Collection Set: 119.03ms
[646.510s][info][gc,phases      ] GC(1584)   Merge Optional Heap Roots: 0.23ms
[646.510s][info][gc,phases      ] GC(1584)   Evacuate Optional Collection Set: 22.10ms
[646.510s][info][gc,phases      ] GC(1584)   Post Evacuate Collection Set: 2.95ms
[646.510s][info][gc,phases      ] GC(1584)   Other: 0.11ms
[646.510s][info][gc,heap        ] GC(1584) Eden regions: 157->0(185)
[646.510s][info][gc,heap        ] GC(1584) Survivor regions: 34->22(24)
[646.510s][info][gc,heap        ] GC(1584) Old regions: 691->658
[646.510s][info][gc,heap        ] GC(1584) Humongous regions: 10->10
[646.510s][info][gc,metaspace   ] GC(1584) Metaspace: 19122K(19328K)->19122K(19328K) NonClass: 16462K(16576K)->16462K(16576K) Class: 2660K(2752K)->2660K(2752K)
[646.510s][info][gc             ] GC(1584) Pause Young (Mixed) (G1 Evacuation Pause) (Evacuation Failure: Allocation) 891M->689M(978M) 146.489ms
[646.510s][info][gc,cpu         ] GC(1584) User=0.29s Sys=0.00s Real=0.15s
[646.749s][info][gc,start       ] GC(1585) Pause Young (Mixed) (G1 Evacuation Pause)
[646.749s][info][gc,task        ] GC(1585) Using 2 workers of 2 for evacuation
[646.889s][info][gc,phases      ] GC(1585)   Pre Evacuate Collection Set: 0.32ms
[646.889s][info][gc,phases      ] GC(1585)   Merge Heap Roots: 1.33ms
[646.889s][info][gc,phases      ] GC(1585)   Evacuate Collection Set: 137.44ms
[646.889s][info][gc,phases      ] GC(1585)   Post Evacuate Collection Set: 0.54ms
[646.889s][info][gc,phases      ] GC(1585)   Other: 0.08ms
[646.889s][info][gc,heap        ] GC(1585) Eden regions: 185->0(191)
[646.889s][info][gc,heap        ] GC(1585) Survivor regions: 22->26(26)
[646.889s][info][gc,heap        ] GC(1585) Old regions: 658->641
[646.889s][info][gc,heap        ] GC(1585) Humongous regions: 10->10
[646.889s][info][gc,metaspace   ] GC(1585) Metaspace: 19122K(19328K)->19122K(19328K) NonClass: 16462K(16576K)->16462K(16576K) Class: 2660K(2752K)->2660K(2752K)
[646.889s][info][gc             ] GC(1585) Pause Young (Mixed) (G1 Evacuation Pause) 874M->676M(978M) 139.971ms
[646.889s][info][gc,cpu         ] GC(1585) User=0.28s Sys=0.00s Real=0.14s
[647.078s][info][gc,start       ] GC(1586) Pause Young (Concurrent Start) (G1 Evacuation Pause)
[647.078s][info][gc,task        ] GC(1586) Using 2 workers of 2 for evacuation
[647.109s][info][gc,phases      ] GC(1586)   Pre Evacuate Collection Set: 0.35ms
[647.109s][info][gc,phases      ] GC(1586)   Merge Heap Roots: 0.20ms
[647.109s][info][gc,phases      ] GC(1586)   Evacuate Collection Set: 29.35ms
[647.109s][info][gc,phases      ] GC(1586)   Post Evacuate Collection Set: 0.45ms
[647.109s][info][gc,phases      ] GC(1586)   Other: 0.21ms
[647.109s][info][gc,heap        ] GC(1586) Eden regions: 191->0(203)
[647.109s][info][gc,heap        ] GC(1586) Survivor regions: 26->2(28)
[647.109s][info][gc,heap        ] GC(1586) Old regions: 641->668
[647.109s][info][gc,heap        ] GC(1586) Humongous regions: 10->10
[647.109s][info][gc,metaspace   ] GC(1586) Metaspace: 19122K(19328K)->19122K(19328K) NonClass: 16462K(16576K)->16462K(16576K) Class: 2660K(2752K)->2660K(2752K)
[647.109s][info][gc             ] GC(1586) Pause Young (Concurrent Start) (G1 Evacuation Pause) 867M->679M(978M) 30.774ms
[647.109s][info][gc,cpu         ] GC(1586) User=0.06s Sys=0.00s Real=0.03s
[647.109s][info][gc             ] GC(1587) Concurrent Mark Cycle
[647.109s][info][gc,marking     ] GC(1587) Concurrent Scan Root Regions
[647.163s][info][gc,marking     ] GC(1587) Concurrent Scan Root Regions 54.032ms
[647.163s][info][gc,marking     ] GC(1587) Concurrent Mark
[647.163s][info][gc,marking     ] GC(1587) Concurrent Mark From Roots
[647.163s][info][gc,task        ] GC(1587) Using 1 workers of 1 for marking
[647.462s][info][gc,start       ] GC(1588) Pause Young (Normal) (G1 Evacuation Pause)
[647.462s][info][gc,task        ] GC(1588) Using 2 workers of 2 for evacuation
[647.484s][info][gc,phases      ] GC(1588)   Pre Evacuate Collection Set: 0.29ms
[647.484s][info][gc,phases      ] GC(1588)   Merge Heap Roots: 0.22ms
[647.484s][info][gc,phases      ] GC(1588)   Evacuate Collection Set: 20.65ms
[647.484s][info][gc,phases      ] GC(1588)   Post Evacuate Collection Set: 0.41ms
[647.484s][info][gc,phases      ] GC(1588)   Other: 0.08ms
[647.484s][info][gc,heap        ] GC(1588) Eden regions: 203->0(203)
[647.484s][info][gc,heap        ] GC(1588) Survivor regions: 2->14(26)
[647.484s][info][gc,heap        ] GC(1588) Old regions: 668->668
[647.484s][info][gc,heap        ] GC(1588) Humongous regions: 10->10
[647.484s][info][gc,metaspace   ] GC(1588) Metaspace: 19122K(19328K)->19122K(19328K) NonClass: 16462K(16576K)->16462K(16576K) Class: 2660K(2752K)->2660K(2752K)
[647.484s][info][gc             ] GC(1588) Pause Young (Normal) (G1 Evacuation Pause) 882M->690M(978M) 21.870ms
[647.484s][info][gc,cpu         ] GC(1588) User=0.04s Sys=0.00s Real=0.02s
[648.020s][info][gc,start       ] GC(1589) Pause Young (Normal) (G1 Evacuation Pause)
[648.020s][info][gc,task        ] GC(1589) Using 2 workers of 2 for evacuation
[648.058s][info][gc,phases      ] GC(1589)   Pre Evacuate Collection Set: 0.30ms
[648.058s][info][gc,phases      ] GC(1589)   Merge Heap Roots: 0.27ms
[648.058s][info][gc,phases      ] GC(1589)   Evacuate Collection Set: 36.28ms
[648.058s][info][gc,phases      ] GC(1589)   Post Evacuate Collection Set: 0.43ms
[648.058s][info][gc,phases      ] GC(1589)   Other: 0.07ms
[648.058s][info][gc,heap        ] GC(1589) Eden regions: 203->0(191)
[648.058s][info][gc,heap        ] GC(1589) Survivor regions: 14->28(28)
[648.058s][info][gc,heap        ] GC(1589) Old regions: 668->671
[648.058s][info][gc,heap        ] GC(1589) Humongous regions: 10->10
[648.058s][info][gc,metaspace   ] GC(1589) Metaspace: 19122K(19328K)->19122K(19328K) NonClass: 16462K(16576K)->16462K(16576K) Class: 2660K(2752K)->2660K(2752K)
[648.058s][info][gc             ] GC(1589) Pause Young (Normal) (G1 Evacuation Pause) 893M->708M(978M) 37.556ms
[648.058s][info][gc,cpu         ] GC(1589) User=0.07s Sys=0.00s Real=0.04s
[648.734s][info][gc,start       ] GC(1590) Pause Young (Normal) (G1 Evacuation Pause)
[648.734s][info][gc,task        ] GC(1590) Using 2 workers of 2 for evacuation
[648.764s][info][gc,phases      ] GC(1590)   Pre Evacuate Collection Set: 0.53ms
[648.764s][info][gc,phases      ] GC(1590)   Merge Heap Roots: 0.22ms
[648.764s][info][gc,phases      ] GC(1590)   Evacuate Collection Set: 28.71ms
[648.764s][info][gc,phases      ] GC(1590)   Post Evacuate Collection Set: 0.41ms
[648.764s][info][gc,phases      ] GC(1590)   Other: 0.09ms
[648.764s][info][gc,heap        ] GC(1590) Eden regions: 191->0(203)
[648.764s][info][gc,heap        ] GC(1590) Survivor regions: 28->1(28)
[648.764s][info][gc,heap        ] GC(1590) Old regions: 671->700
[648.764s][info][gc,heap        ] GC(1590) Humongous regions: 10->10
[648.764s][info][gc,metaspace   ] GC(1590) Metaspace: 19122K(19328K)->19122K(19328K) NonClass: 16462K(16576K)->16462K(16576K) Class: 2660K(2752K)->2660K(2752K)
[648.764s][info][gc             ] GC(1590) Pause Young (Normal) (G1 Evacuation Pause) 899M->710M(978M) 30.194ms
[648.764s][info][gc,cpu         ] GC(1590) User=0.06s Sys=0.00s Real=0.03s
[648.880s][info][gc,marking     ] GC(1587) Concurrent Mark From Roots 1717.348ms
[648.880s][info][gc,marking     ] GC(1587) Concurrent Preclean
[648.880s][info][gc,marking     ] GC(1587) Concurrent Preclean 0.053ms
[648.881s][info][gc,start       ] GC(1587) Pause Remark
[648.889s][info][gc             ] GC(1587) Pause Remark 742M->628M(978M) 8.002ms
[648.889s][info][gc,cpu         ] GC(1587) User=0.01s Sys=0.00s Real=0.01s
[648.889s][info][gc,marking     ] GC(1587) Concurrent Mark 1725.701ms
[648.889s][info][gc,marking     ] GC(1587) Concurrent Rebuild Remembered Sets and Scrub Regions
[649.423s][info][gc,start       ] GC(1591) Pause Young (Normal) (G1 Evacuation Pause)
[649.423s][info][gc,task        ] GC(1591) Using 2 workers of 2 for evacuation
[649.425s][info][gc,phases      ] GC(1591)   Pre Evacuate Collection Set: 0.53ms
[649.425s][info][gc,phases      ] GC(1591)   Merge Heap Roots: 0.11ms
[649.425s][info][gc,phases      ] GC(1591)   Evacuate Collection Set: 1.05ms
[649.425s][info][gc,phases      ] GC(1591)   Post Evacuate Collection Set: 0.37ms
[649.425s][info][gc,phases      ] GC(1591)   Other: 0.09ms
[649.425s][info][gc,heap        ] GC(1591) Eden regions: 203->0(287)
[649.425s][info][gc,heap        ] GC(1591) Survivor regions: 1->1(26)
[649.425s][info][gc,heap        ] GC(1591) Old regions: 590->590
[649.425s][info][gc,heap        ] GC(1591) Humongous regions: 6->6
[649.425s][info][gc,metaspace   ] GC(1591) Metaspace: 19124K(19328K)->19124K(19328K) NonClass: 16464K(16576K)->16464K(16576K) Class: 2660K(2752K)->2660K(2752K)
[649.425s][info][gc             ] GC(1591) Pause Young (Normal) (G1 Evacuation Pause) 799M->596M(978M) 2.396ms
[649.425s][info][gc,cpu         ] GC(1591) User=0.00s Sys=0.00s Real=0.00s
[649.428s][info][gc,marking     ] GC(1587) Concurrent Rebuild Remembered Sets and Scrub Regions 539.674ms
[649.430s][info][gc,start       ] GC(1587) Pause Cleanup
[649.430s][info][gc             ] GC(1587) Pause Cleanup 597M->597M(978M) 0.125ms
[649.430s][info][gc,cpu         ] GC(1587) User=0.00s Sys=0.00s Real=0.00s
[649.430s][info][gc,marking     ] GC(1587) Concurrent Clear Claimed Marks
[649.430s][info][gc,marking     ] GC(1587) Concurrent Clear Claimed Marks 0.031ms
[649.430s][info][gc,marking     ] GC(1587) Concurrent Cleanup for Next Mark
[649.433s][info][gc,marking     ] GC(1587) Concurrent Cleanup for Next Mark 2.837ms
[649.433s][info][gc             ] GC(1587) Concurrent Mark Cycle 2324.278ms
[649.925s][info][gc,start       ] GC(1592) Pause Young (Prepare Mixed) (G1 Evacuation Pause)
[649.925s][info][gc,task        ] GC(1592) Using 2 workers of 2 for evacuation
[649.964s][info][gc,phases      ] GC(1592)   Pre Evacuate Collection Set: 0.57ms
[649.964s][info][gc,phases      ] GC(1592)   Merge Heap Roots: 0.36ms
[649.964s][info][gc,phases      ] GC(1592)   Evacuate Collection Set: 37.81ms
[649.964s][info][gc,phases      ] GC(1592)   Post Evacuate Collection Set: 0.55ms
[649.964s][info][gc,phases      ] GC(1592)   Other: 0.08ms
[649.964s][info][gc,heap        ] GC(1592) Eden regions: 287->0(256)
[649.964s][info][gc,heap        ] GC(1592) Survivor regions: 1->33(36)
[649.964s][info][gc,heap        ] GC(1592) Old regions: 590->590
[649.964s][info][gc,heap        ] GC(1592) Humongous regions: 6->6
[649.964s][info][gc,metaspace   ] GC(1592) Metaspace: 19124K(19328K)->19124K(19328K) NonClass: 16464K(16576K)->16464K(16576K) Class: 2660K(2752K)->2660K(2752K)
[649.964s][info][gc             ] GC(1592) Pause Young (Prepare Mixed) (G1 Evacuation Pause) 883M->628M(978M) 39.573ms
[649.964s][info][gc,cpu         ] GC(1592) User=0.08s Sys=0.00s Real=0.04s
[650.250s][info][gc,start       ] GC(1593) Pause Young (Mixed) (G1 Evacuation Pause)
[650.250s][info][gc,task        ] GC(1593) Using 2 workers of 2 for evacuation
[650.339s][info][gc,phases      ] GC(1593)   Pre Evacuate Collection Set: 0.53ms
[650.339s][info][gc,phases      ] GC(1593)   Merge Heap Roots: 0.60ms
[650.339s][info][gc,phases      ] GC(1593)   Evacuate Collection Set: 86.28ms
[650.339s][info][gc,phases      ] GC(1593)   Post Evacuate Collection Set: 0.92ms
[650.339s][info][gc,phases      ] GC(1593)   Other: 0.10ms
[650.339s][info][gc,heap        ] GC(1593) Eden regions: 256->0(243)
[650.339s][info][gc,heap        ] GC(1593) Survivor regions: 33->37(37)
[650.339s][info][gc,heap        ] GC(1593) Old regions: 590->593
[650.339s][info][gc,heap        ] GC(1593) Humongous regions: 6->6
[650.339s][info][gc,metaspace   ] GC(1593) Metaspace: 19124K(19328K)->19124K(19328K) NonClass: 16464K(16576K)->16464K(16576K) Class: 2660K(2752K)->2660K(2752K)
[650.339s][info][gc             ] GC(1593) Pause Young (Mixed) (G1 Evacuation Pause) 884M->635M(978M) 88.689ms
[650.339s][info][gc,cpu         ] GC(1593) User=0.17s Sys=0.00s Real=0.09s
[650.414s][info][gc,start       ] GC(1594) Pause Young (Concurrent Start) (G1 Humongous Allocation)
[650.414s][info][gc,task        ] GC(1594) Using 2 workers of 2 for evacuation
[650.455s][info][gc,phases      ] GC(1594)   Pre Evacuate Collection Set: 0.35ms
[650.455s][info][gc,phases      ] GC(1594)   Merge Heap Roots: 0.20ms
[650.456s][info][gc,phases      ] GC(1594)   Evacuate Collection Set: 40.51ms
[650.456s][info][gc,phases      ] GC(1594)   Post Evacuate Collection Set: 0.41ms
[650.456s][info][gc,phases      ] GC(1594)   Other: 0.20ms
[650.456s][info][gc,heap        ] GC(1594) Eden regions: 38->0(250)
[650.456s][info][gc,heap        ] GC(1594) Survivor regions: 37->6(35)
[650.456s][info][gc,heap        ] GC(1594) Old regions: 593->630
[650.456s][info][gc,heap        ] GC(1594) Humongous regions: 6->6
[650.456s][info][gc,metaspace   ] GC(1594) Metaspace: 19124K(19328K)->19124K(19328K) NonClass: 16464K(16576K)->16464K(16576K) Class: 2660K(2752K)->2660K(2752K)
[650.456s][info][gc             ] GC(1594) Pause Young (Concurrent Start) (G1 Humongous Allocation) 672M->641M(978M) 41.924ms
[650.456s][info][gc,cpu         ] GC(1594) User=0.08s Sys=0.00s Real=0.04s
[650.456s][info][gc             ] GC(1595) Concurrent Mark Cycle
[650.458s][info][gc,marking     ] GC(1595) Concurrent Scan Root Regions
[650.516s][info][gc,marking     ] GC(1595) Concurrent Scan Root Regions 57.619ms
[650.516s][info][gc,marking     ] GC(1595) Concurrent Mark
[650.516s][info][gc,marking     ] GC(1595) Concurrent Mark From Roots
[650.516s][info][gc,task        ] GC(1595) Using 1 workers of 1 for marking
[650.916s][info][gc,start       ] GC(1596) Pause Young (Normal) (G1 Evacuation Pause)
[650.916s][info][gc,task        ] GC(1596) Using 2 workers of 2 for evacuation
[650.988s][info][gc,phases      ] GC(1596)   Pre Evacuate Collection Set: 0.53ms
[650.988s][info][gc,phases      ] GC(1596)   Merge Heap Roots: 0.31ms
[650.988s][info][gc,phases      ] GC(1596)   Evacuate Collection Set: 70.68ms
[650.988s][info][gc,phases      ] GC(1596)   Post Evacuate Collection Set: 0.57ms
[650.988s][info][gc,phases      ] GC(1596)   Other: 0.07ms
[650.988s][info][gc,heap        ] GC(1596) Eden regions: 250->0(202)
[650.988s][info][gc,heap        ] GC(1596) Survivor regions: 6->32(32)
[650.988s][info][gc,heap        ] GC(1596) Old regions: 630->653
[650.988s][info][gc,heap        ] GC(1596) Humongous regions: 9->9
[650.988s][info][gc,metaspace   ] GC(1596) Metaspace: 19124K(19328K)->19124K(19328K) NonClass: 16464K(16576K)->16464K(16576K) Class: 2660K(2752K)->2660K(2752K)
[650.988s][info][gc             ] GC(1596) Pause Young (Normal) (G1 Evacuation Pause) 894M->693M(978M) 72.401ms
[650.988s][info][gc,cpu         ] GC(1596) User=0.14s Sys=0.00s Real=0.08s
[651.315s][info][gc,start       ] GC(1597) Pause Young (Normal) (G1 Evacuation Pause)
[651.315s][info][gc,task        ] GC(1597) Using 2 workers of 2 for evacuation
[651.375s][info][gc,phases      ] GC(1597)   Pre Evacuate Collection Set: 0.29ms
[651.375s][info][gc,phases      ] GC(1597)   Merge Heap Roots: 0.70ms
[651.375s][info][gc,phases      ] GC(1597)   Evacuate Collection Set: 58.09ms
[651.375s][info][gc,phases      ] GC(1597)   Post Evacuate Collection Set: 0.42ms
[651.375s][info][gc,phases      ] GC(1597)   Other: 0.08ms
[651.375s][info][gc,heap        ] GC(1597) Eden regions: 202->0(214)
[651.375s][info][gc,heap        ] GC(1597) Survivor regions: 32->1(30)
[651.375s][info][gc,heap        ] GC(1597) Old regions: 653->686
[651.375s][info][gc,heap        ] GC(1597) Humongous regions: 9->9
[651.375s][info][gc,metaspace   ] GC(1597) Metaspace: 19124K(19328K)->19124K(19328K) NonClass: 16464K(16576K)->16464K(16576K) Class: 2660K(2752K)->2660K(2752K)
[651.375s][info][gc             ] GC(1597) Pause Young (Normal) (G1 Evacuation Pause) 895M->695M(978M) 59.833ms
[651.375s][info][gc,cpu         ] GC(1597) User=0.11s Sys=0.00s Real=0.06s
[651.808s][info][gc,start       ] GC(1598) Pause Young (Normal) (G1 Evacuation Pause)
[651.808s][info][gc,task        ] GC(1598) Using 2 workers of 2 for evacuation
[651.829s][info][gc,phases      ] GC(1598)   Pre Evacuate Collection Set: 0.32ms
[651.829s][info][gc,phases      ] GC(1598)   Merge Heap Roots: 0.19ms
[651.829s][info][gc,phases      ] GC(1598)   Evacuate Collection Set: 19.71ms
[651.829s][info][gc,phases      ] GC(1598)   Post Evacuate Collection Set: 0.40ms
[651.829s][info][gc,phases      ] GC(1598)   Other: 0.07ms
[651.829s][info][gc,heap        ] GC(1598) Eden regions: 214->0(203)
[651.829s][info][gc,heap        ] GC(1598) Survivor regions: 1->15(27)
[651.829s][info][gc,heap        ] GC(1598) Old regions: 686->686
[651.829s][info][gc,heap        ] GC(1598) Humongous regions: 9->9
[651.829s][info][gc,metaspace   ] GC(1598) Metaspace: 19124K(19328K)->19124K(19328K) NonClass: 16464K(16576K)->16464K(16576K) Class: 2660K(2752K)->2660K(2752K)
[651.829s][info][gc             ] GC(1598) Pause Young (Normal) (G1 Evacuation Pause) 909M->709M(978M) 20.922ms
[651.829s][info][gc,cpu         ] GC(1598) User=0.04s Sys=0.00s Real=0.02s
[651.881s][info][gc,marking     ] GC(1595) Concurrent Mark From Roots 1365.808ms
[651.881s][info][gc,marking     ] GC(1595) Concurrent Preclean
[651.882s][info][gc,marking     ] GC(1595) Concurrent Preclean 0.047ms
[651.882s][info][gc,start       ] GC(1595) Pause Remark
[652.029s][info][gc             ] GC(1595) Pause Remark 724M->714M(978M) 146.842ms
[652.029s][info][gc,cpu         ] GC(1595) User=0.29s Sys=0.00s Real=0.15s
[652.031s][info][gc,marking     ] GC(1595) Concurrent Mark 1515.306ms
[652.031s][info][gc,marking     ] GC(1595) Concurrent Rebuild Remembered Sets and Scrub Regions
[652.276s][info][gc,start       ] GC(1599) Pause Young (Normal) (G1 Evacuation Pause)
[652.276s][info][gc,task        ] GC(1599) Using 2 workers of 2 for evacuation
[652.334s][info][gc,phases      ] GC(1599)   Pre Evacuate Collection Set: 0.48ms
[652.334s][info][gc,phases      ] GC(1599)   Merge Heap Roots: 0.40ms
[652.334s][info][gc,phases      ] GC(1599)   Evacuate Collection Set: 56.20ms
[652.334s][info][gc,phases      ] GC(1599)   Post Evacuate Collection Set: 0.43ms
[652.334s][info][gc,phases      ] GC(1599)   Other: 0.10ms
[652.334s][info][gc,heap        ] GC(1599) Eden regions: 203->0(165)
[652.334s][info][gc,heap        ] GC(1599) Survivor regions: 15->28(28)
[652.334s][info][gc,heap        ] GC(1599) Old regions: 676->698
[652.334s][info][gc,heap        ] GC(1599) Humongous regions: 9->9
[652.334s][info][gc,metaspace   ] GC(1599) Metaspace: 19124K(19328K)->19124K(19328K) NonClass: 16464K(16576K)->16464K(16576K) Class: 2660K(2752K)->2660K(2752K)
[652.334s][info][gc             ] GC(1599) Pause Young (Normal) (G1 Evacuation Pause) 902M->734M(978M) 57.827ms
[652.334s][info][gc,cpu         ] GC(1599) User=0.11s Sys=0.00s Real=0.06s
[652.615s][info][gc,start       ] GC(1600) Pause Young (Normal) (G1 Evacuation Pause)
[652.615s][info][gc,task        ] GC(1600) Using 2 workers of 2 for evacuation
[652.657s][info][gc,phases      ] GC(1600)   Pre Evacuate Collection Set: 0.29ms
[652.658s][info][gc,phases      ] GC(1600)   Merge Heap Roots: 0.17ms
[652.658s][info][gc,phases      ] GC(1600)   Evacuate Collection Set: 41.35ms
[652.658s][info][gc,phases      ] GC(1600)   Post Evacuate Collection Set: 0.40ms
[652.658s][info][gc,phases      ] GC(1600)   Other: 0.09ms
[652.658s][info][gc,heap        ] GC(1600) Eden regions: 165->0(152)
[652.658s][info][gc,heap        ] GC(1600) Survivor regions: 28->25(25)
[652.658s][info][gc,heap        ] GC(1600) Old regions: 698->717
[652.658s][info][gc,heap        ] GC(1600) Humongous regions: 9->9
[652.658s][info][gc,metaspace   ] GC(1600) Metaspace: 19126K(19328K)->19126K(19328K) NonClass: 16465K(16576K)->16465K(16576K) Class: 2660K(2752K)->2660K(2752K)
[652.658s][info][gc             ] GC(1600) Pause Young (Normal) (G1 Evacuation Pause) 899M->750M(978M) 42.524ms
[652.658s][info][gc,cpu         ] GC(1600) User=0.08s Sys=0.00s Real=0.05s
[652.822s][info][gc,marking     ] GC(1595) Concurrent Rebuild Remembered Sets and Scrub Regions 791.319ms
[652.822s][info][gc,start       ] GC(1595) Pause Cleanup
[652.823s][info][gc             ] GC(1595) Pause Cleanup 865M->865M(978M) 0.111ms
[652.823s][info][gc,cpu         ] GC(1595) User=0.00s Sys=0.00s Real=0.00s
[652.823s][info][gc,marking     ] GC(1595) Concurrent Clear Claimed Marks
[652.823s][info][gc,marking     ] GC(1595) Concurrent Clear Claimed Marks 0.039ms
[652.823s][info][gc,marking     ] GC(1595) Concurrent Cleanup for Next Mark
[652.830s][info][gc,marking     ] GC(1595) Concurrent Cleanup for Next Mark 6.786ms
[652.830s][info][gc             ] GC(1595) Concurrent Mark Cycle 2374.472ms
[652.870s][info][gc,start       ] GC(1601) Pause Young (Prepare Mixed) (G1 Evacuation Pause)
[652.870s][info][gc,task        ] GC(1601) Using 2 workers of 2 for evacuation
[652.906s][info][gc,phases      ] GC(1601)   Pre Evacuate Collection Set: 0.55ms
[652.906s][info][gc,phases      ] GC(1601)   Merge Heap Roots: 0.11ms
[652.906s][info][gc,phases      ] GC(1601)   Evacuate Collection Set: 34.84ms
[652.906s][info][gc,phases      ] GC(1601)   Post Evacuate Collection Set: 0.47ms
[652.906s][info][gc,phases      ] GC(1601)   Other: 0.09ms
[652.906s][info][gc,heap        ] GC(1601) Eden regions: 152->0(151)
[652.906s][info][gc,heap        ] GC(1601) Survivor regions: 25->16(23)
[652.906s][info][gc,heap        ] GC(1601) Old regions: 717->736
[652.906s][info][gc,heap        ] GC(1601) Humongous regions: 9->9
[652.906s][info][gc,metaspace   ] GC(1601) Metaspace: 19126K(19328K)->19126K(19328K) NonClass: 16465K(16576K)->16465K(16576K) Class: 2660K(2752K)->2660K(2752K)
[652.906s][info][gc             ] GC(1601) Pause Young (Prepare Mixed) (G1 Evacuation Pause) 902M->760M(978M) 36.270ms
[652.906s][info][gc,cpu         ] GC(1601) User=0.07s Sys=0.00s Real=0.03s
[653.206s][info][gc,start       ] GC(1602) Pause Young (Mixed) (G1 Evacuation Pause)
[653.206s][info][gc,task        ] GC(1602) Using 2 workers of 2 for evacuation
[653.259s][info][gc,phases      ] GC(1602)   Pre Evacuate Collection Set: 0.33ms
[653.259s][info][gc,phases      ] GC(1602)   Merge Heap Roots: 0.76ms
[653.259s][info][gc,phases      ] GC(1602)   Evacuate Collection Set: 51.17ms
[653.259s][info][gc,phases      ] GC(1602)   Post Evacuate Collection Set: 0.43ms
[653.259s][info][gc,phases      ] GC(1602)   Other: 0.08ms
[653.259s][info][gc,heap        ] GC(1602) Eden regions: 151->0(168)
[653.259s][info][gc,heap        ] GC(1602) Survivor regions: 16->4(21)
[653.259s][info][gc,heap        ] GC(1602) Old regions: 736->741
[653.259s][info][gc,heap        ] GC(1602) Humongous regions: 9->9
[653.259s][info][gc,metaspace   ] GC(1602) Metaspace: 19126K(19328K)->19126K(19328K) NonClass: 16465K(16576K)->16465K(16576K) Class: 2660K(2752K)->2660K(2752K)
[653.259s][info][gc             ] GC(1602) Pause Young (Mixed) (G1 Evacuation Pause) 911M->752M(978M) 53.003ms
[653.259s][info][gc,cpu         ] GC(1602) User=0.10s Sys=0.00s Real=0.06s
[653.493s][info][gc,start       ] GC(1603) Pause Young (Concurrent Start) (G1 Evacuation Pause)
[653.493s][info][gc,task        ] GC(1603) Using 2 workers of 2 for evacuation
[653.513s][info][gc,phases      ] GC(1603)   Pre Evacuate Collection Set: 0.34ms
[653.513s][info][gc,phases      ] GC(1603)   Merge Heap Roots: 0.13ms
[653.513s][info][gc,phases      ] GC(1603)   Evacuate Collection Set: 19.63ms
[653.513s][info][gc,phases      ] GC(1603)   Post Evacuate Collection Set: 0.44ms
[653.513s][info][gc,phases      ] GC(1603)   Other: 0.11ms
[653.513s][info][gc,heap        ] GC(1603) Eden regions: 168->0(140)
[653.513s][info][gc,heap        ] GC(1603) Survivor regions: 4->19(22)
[653.513s][info][gc,heap        ] GC(1603) Old regions: 741->741
[653.513s][info][gc,heap        ] GC(1603) Humongous regions: 9->9
[653.513s][info][gc,metaspace   ] GC(1603) Metaspace: 19126K(19328K)->19126K(19328K) NonClass: 16466K(16576K)->16466K(16576K) Class: 2660K(2752K)->2660K(2752K)
[653.513s][info][gc             ] GC(1603) Pause Young (Concurrent Start) (G1 Evacuation Pause) 920M->768M(978M) 20.871ms
[653.513s][info][gc             ] GC(1604) Concurrent Mark Cycle
[653.513s][info][gc,marking     ] GC(1604) Concurrent Scan Root Regions
[653.513s][info][gc,cpu         ] GC(1603) User=0.04s Sys=0.00s Real=0.02s
[653.540s][info][gc,marking     ] GC(1604) Concurrent Scan Root Regions 26.822ms
[653.540s][info][gc,marking     ] GC(1604) Concurrent Mark
[653.540s][info][gc,marking     ] GC(1604) Concurrent Mark From Roots
[653.540s][info][gc,task        ] GC(1604) Using 1 workers of 1 for marking
[653.758s][info][gc,start       ] GC(1605) Pause Young (Normal) (G1 Evacuation Pause)
[653.758s][info][gc,task        ] GC(1605) Using 2 workers of 2 for evacuation
[653.804s][info][gc,phases      ] GC(1605)   Pre Evacuate Collection Set: 0.29ms
[653.804s][info][gc,phases      ] GC(1605)   Merge Heap Roots: 0.11ms
[653.804s][info][gc,phases      ] GC(1605)   Evacuate Collection Set: 44.77ms
[653.804s][info][gc,phases      ] GC(1605)   Post Evacuate Collection Set: 0.43ms
[653.804s][info][gc,phases      ] GC(1605)   Other: 0.09ms
[653.804s][info][gc,heap        ] GC(1605) Eden regions: 140->0(109)
[653.804s][info][gc,heap        ] GC(1605) Survivor regions: 19->20(20)
[653.804s][info][gc,heap        ] GC(1605) Old regions: 741->770
[653.804s][info][gc,heap        ] GC(1605) Humongous regions: 9->9
[653.804s][info][gc,metaspace   ] GC(1605) Metaspace: 19126K(19328K)->19126K(19328K) NonClass: 16466K(16576K)->16466K(16576K) Class: 2660K(2752K)->2660K(2752K)
[653.804s][info][gc             ] GC(1605) Pause Young (Normal) (G1 Evacuation Pause) 908M->798M(978M) 45.907ms
[653.804s][info][gc,cpu         ] GC(1605) User=0.10s Sys=0.00s Real=0.04s
[653.947s][info][gc,start       ] GC(1606) Pause Young (Normal) (G1 Evacuation Pause)
[653.947s][info][gc,task        ] GC(1606) Using 2 workers of 2 for evacuation
[654.001s][info][gc,phases      ] GC(1606)   Pre Evacuate Collection Set: 0.30ms
[654.001s][info][gc,phases      ] GC(1606)   Merge Heap Roots: 0.19ms
[654.001s][info][gc,phases      ] GC(1606)   Evacuate Collection Set: 52.93ms
[654.001s][info][gc,phases      ] GC(1606)   Post Evacuate Collection Set: 0.47ms
[654.001s][info][gc,phases      ] GC(1606)   Other: 0.08ms
[654.001s][info][gc,heap        ] GC(1606) Eden regions: 109->0(73)
[654.001s][info][gc,heap        ] GC(1606) Survivor regions: 20->17(17)
[654.001s][info][gc,heap        ] GC(1606) Old regions: 770->812
[654.001s][info][gc,heap        ] GC(1606) Humongous regions: 9->9
[654.001s][info][gc,metaspace   ] GC(1606) Metaspace: 19126K(19328K)->19126K(19328K) NonClass: 16466K(16576K)->16466K(16576K) Class: 2660K(2752K)->2660K(2752K)
[654.001s][info][gc             ] GC(1606) Pause Young (Normal) (G1 Evacuation Pause) 907M->837M(978M) 54.197ms
[654.001s][info][gc,cpu         ] GC(1606) User=0.11s Sys=0.00s Real=0.05s
[654.240s][info][gc,start       ] GC(1607) Pause Young (Normal) (G1 Evacuation Pause)
[654.240s][info][gc,task        ] GC(1607) Using 2 workers of 2 for evacuation
[654.266s][info][gc,phases      ] GC(1607)   Pre Evacuate Collection Set: 0.30ms
[654.266s][info][gc,phases      ] GC(1607)   Merge Heap Roots: 0.32ms
[654.266s][info][gc,phases      ] GC(1607)   Evacuate Collection Set: 24.67ms
[654.266s][info][gc,phases      ] GC(1607)   Post Evacuate Collection Set: 0.32ms
[654.266s][info][gc,phases      ] GC(1607)   Other: 0.06ms
[654.266s][info][gc,heap        ] GC(1607) Eden regions: 73->0(81)
[654.266s][info][gc,heap        ] GC(1607) Survivor regions: 17->4(12)
[654.266s][info][gc,heap        ] GC(1607) Old regions: 812->830
[654.266s][info][gc,heap        ] GC(1607) Humongous regions: 9->9
[654.266s][info][gc,metaspace   ] GC(1607) Metaspace: 19126K(19328K)->19126K(19328K) NonClass: 16466K(16576K)->16466K(16576K) Class: 2660K(2752K)->2660K(2752K)
[654.266s][info][gc             ] GC(1607) Pause Young (Normal) (G1 Evacuation Pause) 910M->842M(978M) 25.893ms
[654.266s][info][gc,cpu         ] GC(1607) User=0.05s Sys=0.00s Real=0.02s
[654.414s][info][gc,start       ] GC(1608) Pause Young (Normal) (G1 Evacuation Pause)
[654.414s][info][gc,task        ] GC(1608) Using 2 workers of 2 for evacuation
[654.427s][info][gc,phases      ] GC(1608)   Pre Evacuate Collection Set: 0.50ms
[654.427s][info][gc,phases      ] GC(1608)   Merge Heap Roots: 0.21ms
[654.427s][info][gc,phases      ] GC(1608)   Evacuate Collection Set: 11.49ms
[654.427s][info][gc,phases      ] GC(1608)   Post Evacuate Collection Set: 0.34ms
[654.427s][info][gc,phases      ] GC(1608)   Other: 0.06ms
[654.427s][info][gc,heap        ] GC(1608) Eden regions: 81->0(77)
[654.427s][info][gc,heap        ] GC(1608) Survivor regions: 4->6(11)
[654.427s][info][gc,heap        ] GC(1608) Old regions: 830->830
[654.427s][info][gc,heap        ] GC(1608) Humongous regions: 9->9
[654.427s][info][gc,metaspace   ] GC(1608) Metaspace: 19126K(19328K)->19126K(19328K) NonClass: 16466K(16576K)->16466K(16576K) Class: 2660K(2752K)->2660K(2752K)
[654.427s][info][gc             ] GC(1608) Pause Young (Normal) (G1 Evacuation Pause) 923M->843M(978M) 12.834ms
[654.427s][info][gc,cpu         ] GC(1608) User=0.02s Sys=0.00s Real=0.02s
[654.663s][info][gc,start       ] GC(1609) Pause Young (Normal) (G1 Evacuation Pause)
[654.663s][info][gc,task        ] GC(1609) Using 2 workers of 2 for evacuation
[654.703s][info][gc,phases      ] GC(1609)   Pre Evacuate Collection Set: 0.31ms
[654.703s][info][gc,phases      ] GC(1609)   Merge Heap Roots: 0.32ms
[654.703s][info][gc,phases      ] GC(1609)   Evacuate Collection Set: 38.46ms
[654.703s][info][gc,phases      ] GC(1609)   Post Evacuate Collection Set: 0.44ms
[654.703s][info][gc,phases      ] GC(1609)   Other: 0.07ms
[654.703s][info][gc,heap        ] GC(1609) Eden regions: 77->0(55)
[654.703s][info][gc,heap        ] GC(1609) Survivor regions: 6->11(11)
[654.703s][info][gc,heap        ] GC(1609) Old regions: 830->839
[654.703s][info][gc,heap        ] GC(1609) Humongous regions: 12->12
[654.703s][info][gc,metaspace   ] GC(1609) Metaspace: 19126K(19328K)->19126K(19328K) NonClass: 16466K(16576K)->16466K(16576K) Class: 2660K(2752K)->2660K(2752K)
[654.703s][info][gc             ] GC(1609) Pause Young (Normal) (G1 Evacuation Pause) 923M->861M(978M) 39.801ms
[654.703s][info][gc,cpu         ] GC(1609) User=0.07s Sys=0.00s Real=0.04s
[654.779s][info][gc,marking     ] GC(1604) Concurrent Mark From Roots 1238.978ms
[654.779s][info][gc,marking     ] GC(1604) Concurrent Preclean
[654.779s][info][gc,marking     ] GC(1604) Concurrent Preclean 0.046ms
[654.780s][info][gc,start       ] GC(1604) Pause Remark
[654.788s][info][gc             ] GC(1604) Pause Remark 885M->642M(978M) 8.021ms
[654.788s][info][gc,cpu         ] GC(1604) User=0.02s Sys=0.00s Real=0.01s
[654.788s][info][gc,marking     ] GC(1604) Concurrent Mark 1247.323ms
[654.788s][info][gc,marking     ] GC(1604) Concurrent Rebuild Remembered Sets and Scrub Regions
[654.825s][info][gc,start       ] GC(1610) Pause Young (Normal) (G1 Evacuation Pause)
[654.825s][info][gc,task        ] GC(1610) Using 2 workers of 2 for evacuation
[654.866s][info][gc,phases      ] GC(1610)   Pre Evacuate Collection Set: 0.44ms
[654.866s][info][gc,phases      ] GC(1610)   Merge Heap Roots: 0.53ms
[654.866s][info][gc,phases      ] GC(1610)   Evacuate Collection Set: 40.13ms
[654.866s][info][gc,phases      ] GC(1610)   Post Evacuate Collection Set: 0.29ms
[654.866s][info][gc,phases      ] GC(1610)   Other: 0.06ms
[654.867s][info][gc,heap        ] GC(1610) Eden regions: 55->0(242)
[654.867s][info][gc,heap        ] GC(1610) Survivor regions: 11->9(9)
[654.867s][info][gc,heap        ] GC(1610) Old regions: 601->617
[654.867s][info][gc,heap        ] GC(1610) Humongous regions: 7->7
[654.867s][info][gc,metaspace   ] GC(1610) Metaspace: 19126K(19328K)->19126K(19328K) NonClass: 16466K(16576K)->16466K(16576K) Class: 2660K(2752K)->2660K(2752K)
[654.867s][info][gc             ] GC(1610) Pause Young (Normal) (G1 Evacuation Pause) 673M->632M(978M) 41.612ms
[654.867s][info][gc,cpu         ] GC(1610) User=0.08s Sys=0.00s Real=0.04s
[655.217s][info][gc,start       ] GC(1611) Pause Young (Normal) (G1 Evacuation Pause)
[655.217s][info][gc,task        ] GC(1611) Using 2 workers of 2 for evacuation
[655.256s][info][gc,phases      ] GC(1611)   Pre Evacuate Collection Set: 0.53ms
[655.256s][info][gc,phases      ] GC(1611)   Merge Heap Roots: 0.18ms
[655.256s][info][gc,phases      ] GC(1611)   Evacuate Collection Set: 37.64ms
[655.256s][info][gc,phases      ] GC(1611)   Post Evacuate Collection Set: 0.45ms
[655.256s][info][gc,phases      ] GC(1611)   Other: 0.09ms
[655.256s][info][gc,heap        ] GC(1611) Eden regions: 242->0(226)
[655.256s][info][gc,heap        ] GC(1611) Survivor regions: 9->32(32)
[655.256s][info][gc,heap        ] GC(1611) Old regions: 617->619
[655.256s][info][gc,heap        ] GC(1611) Humongous regions: 7->7
[655.256s][info][gc,metaspace   ] GC(1611) Metaspace: 19126K(19328K)->19126K(19328K) NonClass: 16466K(16576K)->16466K(16576K) Class: 2660K(2752K)->2660K(2752K)
[655.256s][info][gc             ] GC(1611) Pause Young (Normal) (G1 Evacuation Pause) 874M->657M(978M) 39.116ms
[655.256s][info][gc,cpu         ] GC(1611) User=0.08s Sys=0.00s Real=0.04s
[655.373s][info][gc,marking     ] GC(1604) Concurrent Rebuild Remembered Sets and Scrub Regions 585.806ms
[655.374s][info][gc,start       ] GC(1604) Pause Cleanup
[655.374s][info][gc             ] GC(1604) Pause Cleanup 718M->718M(978M) 0.163ms
[655.374s][info][gc,cpu         ] GC(1604) User=0.00s Sys=0.00s Real=0.00s
[655.376s][info][gc,marking     ] GC(1604) Concurrent Clear Claimed Marks
[655.376s][info][gc,marking     ] GC(1604) Concurrent Clear Claimed Marks 0.046ms
[655.376s][info][gc,marking     ] GC(1604) Concurrent Cleanup for Next Mark
[655.381s][info][gc,marking     ] GC(1604) Concurrent Cleanup for Next Mark 4.865ms
[655.381s][info][gc             ] GC(1604) Concurrent Mark Cycle 1867.594ms
[655.562s][info][gc,start       ] GC(1612) Pause Young (Prepare Mixed) (G1 Evacuation Pause)
[655.562s][info][gc,task        ] GC(1612) Using 2 workers of 2 for evacuation
[655.600s][info][gc,phases      ] GC(1612)   Pre Evacuate Collection Set: 0.54ms
[655.600s][info][gc,phases      ] GC(1612)   Merge Heap Roots: 0.25ms
[655.600s][info][gc,phases      ] GC(1612)   Evacuate Collection Set: 37.20ms
[655.600s][info][gc,phases      ] GC(1612)   Post Evacuate Collection Set: 0.49ms
[655.600s][info][gc,phases      ] GC(1612)   Other: 0.08ms
[655.600s][info][gc,heap        ] GC(1612) Eden regions: 226->0(234)
[655.600s][info][gc,heap        ] GC(1612) Survivor regions: 32->5(33)
[655.600s][info][gc,heap        ] GC(1612) Old regions: 619->652
[655.600s][info][gc,heap        ] GC(1612) Humongous regions: 7->7
[655.600s][info][gc,metaspace   ] GC(1612) Metaspace: 19126K(19328K)->19126K(19328K) NonClass: 16466K(16576K)->16466K(16576K) Class: 2660K(2752K)->2660K(2752K)
[655.600s][info][gc             ] GC(1612) Pause Young (Prepare Mixed) (G1 Evacuation Pause) 883M->663M(978M) 38.767ms
[655.600s][info][gc,cpu         ] GC(1612) User=0.07s Sys=0.00s Real=0.04s
[655.915s][info][gc,start       ] GC(1613) Pause Young (Mixed) (G1 Evacuation Pause)
[655.915s][info][gc,task        ] GC(1613) Using 2 workers of 2 for evacuation
[655.986s][info][gc,phases      ] GC(1613)   Pre Evacuate Collection Set: 0.35ms
[655.986s][info][gc,phases      ] GC(1613)   Merge Heap Roots: 0.63ms
[655.986s][info][gc,phases      ] GC(1613)   Evacuate Collection Set: 69.08ms
[655.986s][info][gc,phases      ] GC(1613)   Post Evacuate Collection Set: 0.74ms
[655.986s][info][gc,phases      ] GC(1613)   Other: 0.09ms
[655.986s][info][gc,heap        ] GC(1613) Eden regions: 234->0(279)
[655.986s][info][gc,heap        ] GC(1613) Survivor regions: 5->30(30)
[655.986s][info][gc,heap        ] GC(1613) Old regions: 652->568
[655.986s][info][gc,heap        ] GC(1613) Humongous regions: 7->7
[655.986s][info][gc,metaspace   ] GC(1613) Metaspace: 19126K(19328K)->19126K(19328K) NonClass: 16466K(16576K)->16466K(16576K) Class: 2660K(2752K)->2660K(2752K)
[655.986s][info][gc             ] GC(1613) Pause Young (Mixed) (G1 Evacuation Pause) 897M->604M(978M) 71.116ms
[655.986s][info][gc,cpu         ] GC(1613) User=0.14s Sys=0.00s Real=0.07s
[656.562s][info][gc,start       ] GC(1614) Pause Young (Concurrent Start) (G1 Evacuation Pause)
[656.562s][info][gc,task        ] GC(1614) Using 2 workers of 2 for evacuation
[656.636s][info][gc,phases      ] GC(1614)   Pre Evacuate Collection Set: 0.29ms
[656.636s][info][gc,phases      ] GC(1614)   Merge Heap Roots: 0.57ms
[656.636s][info][gc,phases      ] GC(1614)   Evacuate Collection Set: 71.76ms
[656.636s][info][gc,phases      ] GC(1614)   Post Evacuate Collection Set: 0.57ms
[656.636s][info][gc,phases      ] GC(1614)   Other: 0.10ms
[656.636s][info][gc,heap        ] GC(1614) Eden regions: 279->0(244)
[656.636s][info][gc,heap        ] GC(1614) Survivor regions: 30->34(39)
[656.636s][info][gc,heap        ] GC(1614) Old regions: 568->599
[656.636s][info][gc,heap        ] GC(1614) Humongous regions: 7->7
[656.636s][info][gc,metaspace   ] GC(1614) Metaspace: 19126K(19328K)->19126K(19328K) NonClass: 16466K(16576K)->16466K(16576K) Class: 2660K(2752K)->2660K(2752K)
[656.636s][info][gc             ] GC(1614) Pause Young (Concurrent Start) (G1 Evacuation Pause) 883M->639M(978M) 73.520ms
[656.636s][info][gc,cpu         ] GC(1614) User=0.14s Sys=0.00s Real=0.07s
[656.636s][info][gc             ] GC(1615) Concurrent Mark Cycle
[656.636s][info][gc,marking     ] GC(1615) Concurrent Scan Root Regions
[656.716s][info][gc,marking     ] GC(1615) Concurrent Scan Root Regions 79.691ms
[656.716s][info][gc,marking     ] GC(1615) Concurrent Mark
[656.716s][info][gc,marking     ] GC(1615) Concurrent Mark From Roots
[656.716s][info][gc,task        ] GC(1615) Using 1 workers of 1 for marking
[657.229s][info][gc,start       ] GC(1616) Pause Young (Normal) (G1 Evacuation Pause)
[657.229s][info][gc,task        ] GC(1616) Using 2 workers of 2 for evacuation
[657.281s][info][gc,phases      ] GC(1616)   Pre Evacuate Collection Set: 0.31ms
[657.281s][info][gc,phases      ] GC(1616)   Merge Heap Roots: 0.12ms
[657.281s][info][gc,phases      ] GC(1616)   Evacuate Collection Set: 50.95ms
[657.281s][info][gc,phases      ] GC(1616)   Post Evacuate Collection Set: 0.55ms
[657.281s][info][gc,phases      ] GC(1616)   Other: 0.08ms
[657.281s][info][gc,heap        ] GC(1616) Eden regions: 244->0(236)
[657.281s][info][gc,heap        ] GC(1616) Survivor regions: 34->17(35)
[657.281s][info][gc,heap        ] GC(1616) Old regions: 599->632
[657.281s][info][gc,heap        ] GC(1616) Humongous regions: 8->8
[657.281s][info][gc,metaspace   ] GC(1616) Metaspace: 19126K(19328K)->19126K(19328K) NonClass: 16466K(16576K)->16466K(16576K) Class: 2660K(2752K)->2660K(2752K)
[657.281s][info][gc             ] GC(1616) Pause Young (Normal) (G1 Evacuation Pause) 884M->656M(978M) 52.266ms
[657.281s][info][gc,cpu         ] GC(1616) User=0.10s Sys=0.00s Real=0.05s
[657.761s][info][gc,marking     ] GC(1615) Concurrent Mark From Roots 1045.342ms
[657.761s][info][gc,marking     ] GC(1615) Concurrent Preclean
[657.761s][info][gc,marking     ] GC(1615) Concurrent Preclean 0.054ms
[657.761s][info][gc,start       ] GC(1615) Pause Remark
[657.770s][info][gc             ] GC(1615) Pause Remark 870M->681M(978M) 8.245ms
[657.770s][info][gc,cpu         ] GC(1615) User=0.02s Sys=0.00s Real=0.01s
[657.770s][info][gc,marking     ] GC(1615) Concurrent Mark 1054.083ms
[657.770s][info][gc,marking     ] GC(1615) Concurrent Rebuild Remembered Sets and Scrub Regions
[657.797s][info][gc,start       ] GC(1617) Pause Young (Normal) (G1 Evacuation Pause)
[657.797s][info][gc,task        ] GC(1617) Using 2 workers of 2 for evacuation
[657.843s][info][gc,phases      ] GC(1617)   Pre Evacuate Collection Set: 0.42ms
[657.843s][info][gc,phases      ] GC(1617)   Merge Heap Roots: 0.22ms
[657.843s][info][gc,phases      ] GC(1617)   Evacuate Collection Set: 44.81ms
[657.843s][info][gc,phases      ] GC(1617)   Post Evacuate Collection Set: 0.50ms
[657.843s][info][gc,phases      ] GC(1617)   Other: 0.09ms
[657.843s][info][gc,heap        ] GC(1617) Eden regions: 236->0(388)
[657.843s][info][gc,heap        ] GC(1617) Survivor regions: 17->21(32)
[657.843s][info][gc,heap        ] GC(1617) Old regions: 446->463
[657.843s][info][gc,heap        ] GC(1617) Humongous regions: 5->5
[657.843s][info][gc,metaspace   ] GC(1617) Metaspace: 19126K(19328K)->19126K(19328K) NonClass: 16466K(16576K)->16466K(16576K) Class: 2660K(2752K)->2660K(2752K)
[657.843s][info][gc             ] GC(1617) Pause Young (Normal) (G1 Evacuation Pause) 703M->487M(978M) 46.222ms
[657.843s][info][gc,cpu         ] GC(1617) User=0.09s Sys=0.00s Real=0.04s
[658.245s][info][gc,marking     ] GC(1615) Concurrent Rebuild Remembered Sets and Scrub Regions 475.248ms
[658.246s][info][gc,start       ] GC(1615) Pause Cleanup
[658.246s][info][gc             ] GC(1615) Pause Cleanup 727M->727M(978M) 0.115ms
[658.246s][info][gc,cpu         ] GC(1615) User=0.00s Sys=0.00s Real=0.00s
[658.247s][info][gc,marking     ] GC(1615) Concurrent Clear Claimed Marks
[658.247s][info][gc,marking     ] GC(1615) Concurrent Clear Claimed Marks 0.052ms
[658.247s][info][gc,marking     ] GC(1615) Concurrent Cleanup for Next Mark
[658.250s][info][gc,marking     ] GC(1615) Concurrent Cleanup for Next Mark 3.021ms
[658.250s][info][gc             ] GC(1615) Concurrent Mark Cycle 1614.467ms
[658.574s][info][gc,start       ] GC(1618) Pause Young (Prepare Mixed) (G1 Evacuation Pause)
[658.574s][info][gc,task        ] GC(1618) Using 2 workers of 2 for evacuation
[658.616s][info][gc,phases      ] GC(1618)   Pre Evacuate Collection Set: 0.31ms
[658.616s][info][gc,phases      ] GC(1618)   Merge Heap Roots: 0.21ms
[658.616s][info][gc,phases      ] GC(1618)   Evacuate Collection Set: 41.06ms
[658.616s][info][gc,phases      ] GC(1618)   Post Evacuate Collection Set: 0.64ms
[658.616s][info][gc,phases      ] GC(1618)   Other: 0.10ms
[658.616s][info][gc,heap        ] GC(1618) Eden regions: 388->0(378)
[658.616s][info][gc,heap        ] GC(1618) Survivor regions: 21->38(52)
[658.616s][info][gc,heap        ] GC(1618) Old regions: 463->463
[658.616s][info][gc,heap        ] GC(1618) Humongous regions: 5->5
[658.616s][info][gc,metaspace   ] GC(1618) Metaspace: 19126K(19328K)->19126K(19328K) NonClass: 16466K(16576K)->16466K(16576K) Class: 2660K(2752K)->2660K(2752K)
[658.616s][info][gc             ] GC(1618) Pause Young (Prepare Mixed) (G1 Evacuation Pause) 875M->504M(978M) 42.579ms
[658.616s][info][gc,cpu         ] GC(1618) User=0.08s Sys=0.00s Real=0.04s
[659.277s][info][gc,start       ] GC(1619) Pause Young (Mixed) (G1 Evacuation Pause)
[659.277s][info][gc,task        ] GC(1619) Using 2 workers of 2 for evacuation
[659.351s][info][gc,phases      ] GC(1619)   Pre Evacuate Collection Set: 0.54ms
[659.351s][info][gc,phases      ] GC(1619)   Merge Heap Roots: 0.58ms
[659.351s][info][gc,phases      ] GC(1619)   Evacuate Collection Set: 72.01ms
[659.351s][info][gc,phases      ] GC(1619)   Post Evacuate Collection Set: 0.65ms
[659.351s][info][gc,phases      ] GC(1619)   Other: 0.10ms
[659.351s][info][gc,heap        ] GC(1619) Eden regions: 378->0(380)
[659.351s][info][gc,heap        ] GC(1619) Survivor regions: 38->42(52)
[659.351s][info][gc,heap        ] GC(1619) Old regions: 463->457
[659.351s][info][gc,heap        ] GC(1619) Humongous regions: 5->5
[659.351s][info][gc,metaspace   ] GC(1619) Metaspace: 19126K(19328K)->19126K(19328K) NonClass: 16466K(16576K)->16466K(16576K) Class: 2660K(2752K)->2660K(2752K)
[659.351s][info][gc             ] GC(1619) Pause Young (Mixed) (G1 Evacuation Pause) 882M->502M(978M) 74.120ms
[659.351s][info][gc,cpu         ] GC(1619) User=0.14s Sys=0.00s Real=0.07s
[659.639s][info][gc,start       ] GC(1620) Pause Young (Concurrent Start) (G1 Evacuation Pause)
[659.639s][info][gc,task        ] GC(1620) Using 2 workers of 2 for evacuation
[659.773s][info][gc,phases      ] GC(1620)   Pre Evacuate Collection Set: 0.34ms
[659.773s][info][gc,phases      ] GC(1620)   Merge Heap Roots: 0.20ms
[659.773s][info][gc,phases      ] GC(1620)   Evacuate Collection Set: 119.37ms
[659.773s][info][gc,phases      ] GC(1620)   Post Evacuate Collection Set: 13.22ms
[659.773s][info][gc,phases      ] GC(1620)   Other: 0.12ms
[659.773s][info][gc,heap        ] GC(1620) Eden regions: 380->0(72)
[659.773s][info][gc,heap        ] GC(1620) Survivor regions: 42->53(53)
[659.773s][info][gc,heap        ] GC(1620) Old regions: 457->745
[659.773s][info][gc,heap        ] GC(1620) Humongous regions: 5->5
[659.773s][info][gc,metaspace   ] GC(1620) Metaspace: 19126K(19328K)->19126K(19328K) NonClass: 16466K(16576K)->16466K(16576K) Class: 2660K(2752K)->2660K(2752K)
[659.773s][info][gc             ] GC(1620) Pause Young (Concurrent Start) (G1 Evacuation Pause) (Evacuation Failure: Allocation) 882M->802M(978M) 133.448ms
[659.773s][info][gc,cpu         ] GC(1620) User=0.26s Sys=0.00s Real=0.13s
[659.773s][info][gc             ] GC(1621) Concurrent Mark Cycle
[659.773s][info][gc,marking     ] GC(1621) Concurrent Scan Root Regions
[659.911s][info][gc,marking     ] GC(1621) Concurrent Scan Root Regions 138.049ms
[659.911s][info][gc,marking     ] GC(1621) Concurrent Mark
[659.911s][info][gc,marking     ] GC(1621) Concurrent Mark From Roots
[659.911s][info][gc,task        ] GC(1621) Using 1 workers of 1 for marking
[659.954s][info][gc,start       ] GC(1622) Pause Young (Normal) (G1 Evacuation Pause)
[659.954s][info][gc,task        ] GC(1622) Using 2 workers of 2 for evacuation
[660.057s][info][gc,phases      ] GC(1622)   Pre Evacuate Collection Set: 0.41ms
[660.057s][info][gc,phases      ] GC(1622)   Merge Heap Roots: 0.52ms
[660.057s][info][gc,phases      ] GC(1622)   Evacuate Collection Set: 100.64ms
[660.057s][info][gc,phases      ] GC(1622)   Post Evacuate Collection Set: 1.26ms
[660.057s][info][gc,phases      ] GC(1622)   Other: 0.07ms
[660.057s][info][gc,heap        ] GC(1622) Eden regions: 72->0(245)
[660.057s][info][gc,heap        ] GC(1622) Survivor regions: 53->16(16)
[660.057s][info][gc,heap        ] GC(1622) Old regions: 745->610
[660.057s][info][gc,heap        ] GC(1622) Humongous regions: 6->6
[660.057s][info][gc,metaspace   ] GC(1622) Metaspace: 19126K(19328K)->19126K(19328K) NonClass: 16466K(16576K)->16466K(16576K) Class: 2660K(2752K)->2660K(2752K)
[660.057s][info][gc             ] GC(1622) Pause Young (Normal) (G1 Evacuation Pause) (Evacuation Failure: Allocation) 875M->631M(978M) 103.154ms
[660.057s][info][gc,cpu         ] GC(1622) User=0.20s Sys=0.00s Real=0.11s
[660.574s][info][gc,start       ] GC(1623) Pause Young (Normal) (G1 Evacuation Pause)
[660.574s][info][gc,task        ] GC(1623) Using 2 workers of 2 for evacuation
[660.648s][info][gc,phases      ] GC(1623)   Pre Evacuate Collection Set: 0.55ms
[660.648s][info][gc,phases      ] GC(1623)   Merge Heap Roots: 0.54ms
[660.648s][info][gc,phases      ] GC(1623)   Evacuate Collection Set: 72.31ms
[660.648s][info][gc,phases      ] GC(1623)   Post Evacuate Collection Set: 0.60ms
[660.648s][info][gc,phases      ] GC(1623)   Other: 0.08ms
[660.648s][info][gc,heap        ] GC(1623) Eden regions: 245->0(230)
[660.648s][info][gc,heap        ] GC(1623) Survivor regions: 16->33(33)
[660.648s][info][gc,heap        ] GC(1623) Old regions: 610->612
[660.648s][info][gc,heap        ] GC(1623) Humongous regions: 11->11
[660.648s][info][gc,metaspace   ] GC(1623) Metaspace: 19126K(19328K)->19126K(19328K) NonClass: 16466K(16576K)->16466K(16576K) Class: 2660K(2752K)->2660K(2752K)
[660.648s][info][gc             ] GC(1623) Pause Young (Normal) (G1 Evacuation Pause) 881M->655M(978M) 74.349ms
[660.648s][info][gc,cpu         ] GC(1623) User=0.14s Sys=0.00s Real=0.08s
[660.939s][info][gc,marking     ] GC(1621) Concurrent Mark From Roots 1028.468ms
[660.940s][info][gc,marking     ] GC(1621) Concurrent Preclean
[660.940s][info][gc,marking     ] GC(1621) Concurrent Preclean 0.055ms
[660.940s][info][gc,start       ] GC(1621) Pause Remark
[660.948s][info][gc             ] GC(1621) Pause Remark 755M->612M(978M) 7.968ms
[660.948s][info][gc,cpu         ] GC(1621) User=0.02s Sys=0.00s Real=0.01s
[660.948s][info][gc,marking     ] GC(1621) Concurrent Mark 1037.097ms
[660.948s][info][gc,marking     ] GC(1621) Concurrent Rebuild Remembered Sets and Scrub Regions
[661.240s][info][gc,start       ] GC(1624) Pause Young (Normal) (G1 Evacuation Pause)
[661.240s][info][gc,task        ] GC(1624) Using 2 workers of 2 for evacuation
[661.286s][info][gc,phases      ] GC(1624)   Pre Evacuate Collection Set: 0.27ms
[661.286s][info][gc,phases      ] GC(1624)   Merge Heap Roots: 0.40ms
[661.286s][info][gc,phases      ] GC(1624)   Evacuate Collection Set: 44.63ms
[661.286s][info][gc,phases      ] GC(1624)   Post Evacuate Collection Set: 0.45ms
[661.286s][info][gc,phases      ] GC(1624)   Other: 0.09ms
[661.286s][info][gc,heap        ] GC(1624) Eden regions: 230->0(343)
[661.286s][info][gc,heap        ] GC(1624) Survivor regions: 33->1(33)
[661.286s][info][gc,heap        ] GC(1624) Old regions: 471->505
[661.286s][info][gc,heap        ] GC(1624) Humongous regions: 9->9
[661.286s][info][gc,metaspace   ] GC(1624) Metaspace: 19126K(19328K)->19126K(19328K) NonClass: 16466K(16576K)->16466K(16576K) Class: 2660K(2752K)->2660K(2752K)
[661.286s][info][gc             ] GC(1624) Pause Young (Normal) (G1 Evacuation Pause) 742M->514M(978M) 46.068ms
[661.286s][info][gc,cpu         ] GC(1624) User=0.09s Sys=0.00s Real=0.04s
[661.357s][info][gc,marking     ] GC(1621) Concurrent Rebuild Remembered Sets and Scrub Regions 408.926ms
[661.357s][info][gc,start       ] GC(1621) Pause Cleanup
[661.357s][info][gc             ] GC(1621) Pause Cleanup 538M->538M(978M) 0.098ms
[661.357s][info][gc,cpu         ] GC(1621) User=0.00s Sys=0.00s Real=0.00s
[661.357s][info][gc,marking     ] GC(1621) Concurrent Clear Claimed Marks
[661.357s][info][gc,marking     ] GC(1621) Concurrent Clear Claimed Marks 0.033ms
[661.357s][info][gc,marking     ] GC(1621) Concurrent Cleanup for Next Mark
[661.364s][info][gc,marking     ] GC(1621) Concurrent Cleanup for Next Mark 6.866ms
[661.364s][info][gc             ] GC(1621) Concurrent Mark Cycle 1591.513ms
[661.834s][info][gc,start       ] GC(1625) Pause Young (Prepare Mixed) (G1 Evacuation Pause)
[661.834s][info][gc,task        ] GC(1625) Using 2 workers of 2 for evacuation
[661.835s][info][gc,phases      ] GC(1625)   Pre Evacuate Collection Set: 0.31ms
[661.835s][info][gc,phases      ] GC(1625)   Merge Heap Roots: 0.10ms
[661.835s][info][gc,phases      ] GC(1625)   Evacuate Collection Set: 0.21ms
[661.835s][info][gc,phases      ] GC(1625)   Post Evacuate Collection Set: 0.45ms
[661.835s][info][gc,phases      ] GC(1625)   Other: 0.09ms
[661.835s][info][gc,heap        ] GC(1625) Eden regions: 343->0(363)
[661.835s][info][gc,heap        ] GC(1625) Survivor regions: 1->1(43)
[661.835s][info][gc,heap        ] GC(1625) Old regions: 505->505
[661.835s][info][gc,heap        ] GC(1625) Humongous regions: 9->9
[661.835s][info][gc,metaspace   ] GC(1625) Metaspace: 19126K(19328K)->19126K(19328K) NonClass: 16466K(16576K)->16466K(16576K) Class: 2660K(2752K)->2660K(2752K)
[661.835s][info][gc             ] GC(1625) Pause Young (Prepare Mixed) (G1 Evacuation Pause) 857M->514M(978M) 1.351ms
[661.835s][info][gc,cpu         ] GC(1625) User=0.00s Sys=0.00s Real=0.00s
[662.356s][info][gc,start       ] GC(1626) Pause Young (Mixed) (G1 Evacuation Pause)
[662.356s][info][gc,task        ] GC(1626) Using 2 workers of 2 for evacuation
[662.358s][info][gc,phases      ] GC(1626)   Pre Evacuate Collection Set: 0.55ms
[662.358s][info][gc,phases      ] GC(1626)   Merge Heap Roots: 0.13ms
[662.358s][info][gc,phases      ] GC(1626)   Evacuate Collection Set: 0.65ms
[662.358s][info][gc,phases      ] GC(1626)   Post Evacuate Collection Set: 0.51ms
[662.358s][info][gc,phases      ] GC(1626)   Other: 0.08ms
[662.358s][info][gc,heap        ] GC(1626) Eden regions: 363->0(394)
[662.358s][info][gc,heap        ] GC(1626) Survivor regions: 1->1(46)
[662.358s][info][gc,heap        ] GC(1626) Old regions: 505->487
[662.358s][info][gc,heap        ] GC(1626) Humongous regions: 9->9
[662.358s][info][gc,metaspace   ] GC(1626) Metaspace: 19126K(19328K)->19126K(19328K) NonClass: 16466K(16576K)->16466K(16576K) Class: 2660K(2752K)->2660K(2752K)
[662.358s][info][gc             ] GC(1626) Pause Young (Mixed) (G1 Evacuation Pause) 877M->495M(978M) 2.096ms
[662.358s][info][gc,cpu         ] GC(1626) User=0.00s Sys=0.00s Real=0.01s
[662.859s][info][gc,start       ] GC(1627) Pause Young (Concurrent Start) (G1 Evacuation Pause)
[662.859s][info][gc,task        ] GC(1627) Using 2 workers of 2 for evacuation
[662.887s][info][gc,phases      ] GC(1627)   Pre Evacuate Collection Set: 0.34ms
[662.887s][info][gc,phases      ] GC(1627)   Merge Heap Roots: 0.20ms
[662.887s][info][gc,phases      ] GC(1627)   Evacuate Collection Set: 25.80ms
[662.887s][info][gc,phases      ] GC(1627)   Post Evacuate Collection Set: 0.58ms
[662.887s][info][gc,phases      ] GC(1627)   Other: 0.21ms
[662.887s][info][gc,heap        ] GC(1627) Eden regions: 394->0(376)
[662.887s][info][gc,heap        ] GC(1627) Survivor regions: 1->22(50)
[662.887s][info][gc,heap        ] GC(1627) Old regions: 487->487
[662.887s][info][gc,heap        ] GC(1627) Humongous regions: 9->9
[662.887s][info][gc,metaspace   ] GC(1627) Metaspace: 19126K(19328K)->19126K(19328K) NonClass: 16466K(16576K)->16466K(16576K) Class: 2660K(2752K)->2660K(2752K)
[662.887s][info][gc             ] GC(1627) Pause Young (Concurrent Start) (G1 Evacuation Pause) 889M->517M(978M) 27.364ms
[662.887s][info][gc             ] GC(1628) Concurrent Mark Cycle
[662.887s][info][gc,marking     ] GC(1628) Concurrent Scan Root Regions
[662.889s][info][gc,cpu         ] GC(1627) User=0.05s Sys=0.00s Real=0.03s
[662.931s][info][gc,marking     ] GC(1628) Concurrent Scan Root Regions 43.883ms
[662.931s][info][gc,marking     ] GC(1628) Concurrent Mark
[662.931s][info][gc,marking     ] GC(1628) Concurrent Mark From Roots
[662.931s][info][gc,task        ] GC(1628) Using 1 workers of 1 for marking
[663.384s][info][gc,start       ] GC(1629) Pause Young (Normal) (G1 Evacuation Pause)
[663.384s][info][gc,task        ] GC(1629) Using 2 workers of 2 for evacuation
[663.463s][info][gc,phases      ] GC(1629)   Pre Evacuate Collection Set: 0.30ms
[663.463s][info][gc,phases      ] GC(1629)   Merge Heap Roots: 0.29ms
[663.463s][info][gc,phases      ] GC(1629)   Evacuate Collection Set: 77.70ms
[663.463s][info][gc,phases      ] GC(1629)   Post Evacuate Collection Set: 0.59ms
[663.463s][info][gc,phases      ] GC(1629)   Other: 0.09ms
[663.463s][info][gc,heap        ] GC(1629) Eden regions: 376->0(316)
[663.463s][info][gc,heap        ] GC(1629) Survivor regions: 22->50(50)
[663.463s][info][gc,heap        ] GC(1629) Old regions: 487->503
[663.463s][info][gc,heap        ] GC(1629) Humongous regions: 9->9
[663.463s][info][gc,metaspace   ] GC(1629) Metaspace: 19126K(19328K)->19126K(19328K) NonClass: 16466K(16576K)->16466K(16576K) Class: 2660K(2752K)->2660K(2752K)
[663.463s][info][gc             ] GC(1629) Pause Young (Normal) (G1 Evacuation Pause) 893M->561M(978M) 79.200ms
[663.463s][info][gc,cpu         ] GC(1629) User=0.14s Sys=0.01s Real=0.08s
[663.777s][info][gc,start       ] GC(1630) Pause Young (Normal) (G1 Evacuation Pause)
[663.777s][info][gc,task        ] GC(1630) Using 2 workers of 2 for evacuation
[663.838s][info][gc,phases      ] GC(1630)   Pre Evacuate Collection Set: 0.49ms
[663.838s][info][gc,phases      ] GC(1630)   Merge Heap Roots: 0.29ms
[663.838s][info][gc,phases      ] GC(1630)   Evacuate Collection Set: 59.24ms
[663.838s][info][gc,phases      ] GC(1630)   Post Evacuate Collection Set: 0.53ms
[663.838s][info][gc,phases      ] GC(1630)   Other: 0.09ms
[663.838s][info][gc,heap        ] GC(1630) Eden regions: 316->0(329)
[663.838s][info][gc,heap        ] GC(1630) Survivor regions: 50->9(46)
[663.838s][info][gc,heap        ] GC(1630) Old regions: 503->554
[663.838s][info][gc,heap        ] GC(1630) Humongous regions: 9->9
[663.838s][info][gc,metaspace   ] GC(1630) Metaspace: 19126K(19328K)->19126K(19328K) NonClass: 16466K(16576K)->16466K(16576K) Class: 2660K(2752K)->2660K(2752K)
[663.838s][info][gc             ] GC(1630) Pause Young (Normal) (G1 Evacuation Pause) 877M->571M(978M) 60.892ms
[663.838s][info][gc,cpu         ] GC(1630) User=0.12s Sys=0.00s Real=0.06s
[664.327s][info][gc,start       ] GC(1631) Pause Young (Normal) (G1 Evacuation Pause)
[664.327s][info][gc,task        ] GC(1631) Using 2 workers of 2 for evacuation
[664.380s][info][gc,phases      ] GC(1631)   Pre Evacuate Collection Set: 0.31ms
[664.381s][info][gc,phases      ] GC(1631)   Merge Heap Roots: 0.34ms
[664.381s][info][gc,phases      ] GC(1631)   Evacuate Collection Set: 52.53ms
[664.381s][info][gc,phases      ] GC(1631)   Post Evacuate Collection Set: 0.56ms
[664.381s][info][gc,phases      ] GC(1631)   Other: 0.09ms
[664.381s][info][gc,heap        ] GC(1631) Eden regions: 329->0(279)
[664.381s][info][gc,heap        ] GC(1631) Survivor regions: 9->43(43)
[664.381s][info][gc,heap        ] GC(1631) Old regions: 554->554
[664.381s][info][gc,heap        ] GC(1631) Humongous regions: 9->9
[664.381s][info][gc,metaspace   ] GC(1631) Metaspace: 19126K(19328K)->19126K(19328K) NonClass: 16466K(16576K)->16466K(16576K) Class: 2660K(2752K)->2660K(2752K)
[664.381s][info][gc             ] GC(1631) Pause Young (Normal) (G1 Evacuation Pause) 900M->605M(978M) 54.072ms
[664.381s][info][gc,cpu         ] GC(1631) User=0.10s Sys=0.00s Real=0.06s
[664.406s][info][gc,marking     ] GC(1628) Concurrent Mark From Roots 1475.067ms
[664.406s][info][gc,marking     ] GC(1628) Concurrent Preclean
[664.406s][info][gc,marking     ] GC(1628) Concurrent Preclean 0.045ms
[664.406s][info][gc,start       ] GC(1628) Pause Remark
[664.414s][info][gc             ] GC(1628) Pause Remark 612M->610M(978M) 7.760ms
[664.414s][info][gc,cpu         ] GC(1628) User=0.02s Sys=0.00s Real=0.01s
[664.414s][info][gc,marking     ] GC(1628) Concurrent Mark 1483.123ms
[664.414s][info][gc,marking     ] GC(1628) Concurrent Rebuild Remembered Sets and Scrub Regions
[664.873s][info][gc,marking     ] GC(1628) Concurrent Rebuild Remembered Sets and Scrub Regions 459.368ms
[664.873s][info][gc,start       ] GC(1628) Pause Cleanup
[664.874s][info][gc             ] GC(1628) Pause Cleanup 748M->748M(978M) 0.120ms
[664.874s][info][gc,cpu         ] GC(1628) User=0.00s Sys=0.00s Real=0.00s
[664.874s][info][gc,marking     ] GC(1628) Concurrent Clear Claimed Marks
[664.874s][info][gc,marking     ] GC(1628) Concurrent Clear Claimed Marks 0.030ms
[664.874s][info][gc,marking     ] GC(1628) Concurrent Cleanup for Next Mark
[664.876s][info][gc,marking     ] GC(1628) Concurrent Cleanup for Next Mark 2.819ms
[664.877s][info][gc             ] GC(1628) Concurrent Mark Cycle 1989.740ms
[665.259s][info][gc,start       ] GC(1632) Pause Young (Prepare Mixed) (G1 Evacuation Pause)
[665.259s][info][gc,task        ] GC(1632) Using 2 workers of 2 for evacuation
[665.321s][info][gc,phases      ] GC(1632)   Pre Evacuate Collection Set: 0.34ms
[665.321s][info][gc,phases      ] GC(1632)   Merge Heap Roots: 0.50ms
[665.321s][info][gc,phases      ] GC(1632)   Evacuate Collection Set: 60.57ms
[665.321s][info][gc,phases      ] GC(1632)   Post Evacuate Collection Set: 0.56ms
[665.321s][info][gc,phases      ] GC(1632)   Other: 0.12ms
[665.321s][info][gc,heap        ] GC(1632) Eden regions: 279->0(287)
[665.321s][info][gc,heap        ] GC(1632) Survivor regions: 43->15(41)
[665.321s][info][gc,heap        ] GC(1632) Old regions: 554->597
[665.321s][info][gc,heap        ] GC(1632) Humongous regions: 7->7
[665.321s][info][gc,metaspace   ] GC(1632) Metaspace: 19126K(19328K)->19126K(19328K) NonClass: 16466K(16576K)->16466K(16576K) Class: 2660K(2752K)->2660K(2752K)
[665.321s][info][gc             ] GC(1632) Pause Young (Prepare Mixed) (G1 Evacuation Pause) 882M->618M(978M) 62.357ms
[665.321s][info][gc,cpu         ] GC(1632) User=0.12s Sys=0.00s Real=0.06s
[665.952s][info][gc,start       ] GC(1633) Pause Young (Mixed) (G1 Evacuation Pause)
[665.952s][info][gc,task        ] GC(1633) Using 2 workers of 2 for evacuation
[665.970s][info][gc,phases      ] GC(1633)   Pre Evacuate Collection Set: 0.33ms
[665.970s][info][gc,phases      ] GC(1633)   Merge Heap Roots: 0.24ms
[665.970s][info][gc,phases      ] GC(1633)   Evacuate Collection Set: 16.87ms
[665.970s][info][gc,phases      ] GC(1633)   Post Evacuate Collection Set: 0.51ms
[665.970s][info][gc,phases      ] GC(1633)   Other: 0.08ms
[665.970s][info][gc,heap        ] GC(1633) Eden regions: 287->0(305)
[665.970s][info][gc,heap        ] GC(1633) Survivor regions: 15->15(38)
[665.970s][info][gc,heap        ] GC(1633) Old regions: 597->586
[665.970s][info][gc,heap        ] GC(1633) Humongous regions: 7->7
[665.970s][info][gc,metaspace   ] GC(1633) Metaspace: 19126K(19328K)->19126K(19328K) NonClass: 16466K(16576K)->16466K(16576K) Class: 2660K(2752K)->2660K(2752K)
[665.970s][info][gc             ] GC(1633) Pause Young (Mixed) (G1 Evacuation Pause) 905M->607M(978M) 18.234ms
[665.970s][info][gc,cpu         ] GC(1633) User=0.03s Sys=0.00s Real=0.02s
[666.617s][info][gc,start       ] GC(1634) Pause Young (Concurrent Start) (G1 Evacuation Pause)
[666.617s][info][gc,task        ] GC(1634) Using 2 workers of 2 for evacuation
[666.633s][info][gc,phases      ] GC(1634)   Pre Evacuate Collection Set: 0.33ms
[666.633s][info][gc,phases      ] GC(1634)   Merge Heap Roots: 0.17ms
[666.633s][info][gc,phases      ] GC(1634)   Evacuate Collection Set: 15.62ms
[666.633s][info][gc,phases      ] GC(1634)   Post Evacuate Collection Set: 0.53ms
[666.633s][info][gc,phases      ] GC(1634)   Other: 0.15ms
[666.634s][info][gc,heap        ] GC(1634) Eden regions: 305->0(303)
[666.634s][info][gc,heap        ] GC(1634) Survivor regions: 15->16(40)
[666.634s][info][gc,heap        ] GC(1634) Old regions: 586->586
[666.634s][info][gc,heap        ] GC(1634) Humongous regions: 7->7
[666.634s][info][gc,metaspace   ] GC(1634) Metaspace: 19126K(19328K)->19126K(19328K) NonClass: 16466K(16576K)->16466K(16576K) Class: 2660K(2752K)->2660K(2752K)
[666.634s][info][gc             ] GC(1634) Pause Young (Concurrent Start) (G1 Evacuation Pause) 912M->608M(978M) 17.034ms
[666.634s][info][gc,cpu         ] GC(1634) User=0.04s Sys=0.00s Real=0.02s
[666.634s][info][gc             ] GC(1635) Concurrent Mark Cycle
[666.634s][info][gc,marking     ] GC(1635) Concurrent Scan Root Regions
[666.663s][info][gc,marking     ] GC(1635) Concurrent Scan Root Regions 28.872ms
[666.663s][info][gc,marking     ] GC(1635) Concurrent Mark
[666.663s][info][gc,marking     ] GC(1635) Concurrent Mark From Roots
[666.663s][info][gc,task        ] GC(1635) Using 1 workers of 1 for marking
[667.761s][info][gc,start       ] GC(1636) Pause Young (Normal) (G1 Evacuation Pause)
[667.762s][info][gc,task        ] GC(1636) Using 2 workers of 2 for evacuation
[667.786s][info][gc,phases      ] GC(1636)   Pre Evacuate Collection Set: 0.56ms
[667.786s][info][gc,phases      ] GC(1636)   Merge Heap Roots: 0.20ms
[667.786s][info][gc,phases      ] GC(1636)   Evacuate Collection Set: 23.51ms
[667.786s][info][gc,phases      ] GC(1636)   Post Evacuate Collection Set: 0.57ms
[667.786s][info][gc,phases      ] GC(1636)   Other: 0.09ms
[667.787s][info][gc,heap        ] GC(1636) Eden regions: 303->0(289)
[667.787s][info][gc,heap        ] GC(1636) Survivor regions: 16->23(40)
[667.787s][info][gc,heap        ] GC(1636) Old regions: 586->586
[667.787s][info][gc,heap        ] GC(1636) Humongous regions: 7->7
[667.787s][info][gc,metaspace   ] GC(1636) Metaspace: 19126K(19328K)->19126K(19328K) NonClass: 16466K(16576K)->16466K(16576K) Class: 2660K(2752K)->2660K(2752K)
[667.787s][info][gc             ] GC(1636) Pause Young (Normal) (G1 Evacuation Pause) 911M->615M(978M) 25.097ms
[667.787s][info][gc,cpu         ] GC(1636) User=0.05s Sys=0.00s Real=0.02s
[668.087s][info][gc,marking     ] GC(1635) Concurrent Mark From Roots 1424.579ms
[668.087s][info][gc,marking     ] GC(1635) Concurrent Preclean
[668.087s][info][gc,marking     ] GC(1635) Concurrent Preclean 0.051ms
[668.087s][info][gc,start       ] GC(1635) Pause Remark
[668.175s][info][gc             ] GC(1635) Pause Remark 893M->893M(978M) 87.381ms
[668.175s][info][gc,cpu         ] GC(1635) User=0.17s Sys=0.00s Real=0.08s
[668.176s][info][gc,marking     ] GC(1635) Concurrent Mark 1513.213ms
[668.176s][info][gc,marking     ] GC(1635) Concurrent Rebuild Remembered Sets and Scrub Regions
[668.184s][info][gc,start       ] GC(1637) Pause Young (Normal) (G1 Evacuation Pause)
[668.184s][info][gc,task        ] GC(1637) Using 2 workers of 2 for evacuation
[668.326s][info][gc,phases      ] GC(1637)   Pre Evacuate Collection Set: 0.38ms
[668.326s][info][gc,phases      ] GC(1637)   Merge Heap Roots: 0.20ms
[668.326s][info][gc,phases      ] GC(1637)   Evacuate Collection Set: 121.76ms
[668.326s][info][gc,phases      ] GC(1637)   Post Evacuate Collection Set: 19.12ms
[668.326s][info][gc,phases      ] GC(1637)   Other: 0.07ms
[668.326s][info][gc,heap        ] GC(1637) Eden regions: 289->0(4)
[668.326s][info][gc,heap        ] GC(1637) Survivor regions: 23->39(39)
[668.326s][info][gc,heap        ] GC(1637) Old regions: 586->889
[668.326s][info][gc,heap        ] GC(1637) Humongous regions: 7->7
[668.326s][info][gc,metaspace   ] GC(1637) Metaspace: 19126K(19328K)->19126K(19328K) NonClass: 16466K(16576K)->16466K(16576K) Class: 2660K(2752K)->2660K(2752K)
[668.326s][info][gc             ] GC(1637) Pause Young (Normal) (G1 Evacuation Pause) (Evacuation Failure: Allocation) 904M->934M(978M) 141.737ms
[668.326s][info][gc,cpu         ] GC(1637) User=0.28s Sys=0.00s Real=0.14s
[668.329s][info][gc,start       ] GC(1638) Pause Young (Normal) (G1 Evacuation Pause)
[668.329s][info][gc,task        ] GC(1638) Using 2 workers of 2 for evacuation
[668.422s][info][gc,phases      ] GC(1638)   Pre Evacuate Collection Set: 0.48ms
[668.422s][info][gc,phases      ] GC(1638)   Merge Heap Roots: 0.86ms
[668.422s][info][gc,phases      ] GC(1638)   Evacuate Collection Set: 80.54ms
[668.422s][info][gc,phases      ] GC(1638)   Post Evacuate Collection Set: 10.98ms
[668.422s][info][gc,phases      ] GC(1638)   Other: 0.07ms
[668.422s][info][gc,heap        ] GC(1638) Eden regions: 4->0(37)
[668.422s][info][gc,heap        ] GC(1638) Survivor regions: 39->1(6)
[668.422s][info][gc,heap        ] GC(1638) Old regions: 889->932
[668.422s][info][gc,heap        ] GC(1638) Humongous regions: 7->7
[668.422s][info][gc,metaspace   ] GC(1638) Metaspace: 19126K(19328K)->19126K(19328K) NonClass: 16466K(16576K)->16466K(16576K) Class: 2660K(2752K)->2660K(2752K)
[668.422s][info][gc             ] GC(1638) Pause Young (Normal) (G1 Evacuation Pause) (Evacuation Failure: Allocation) 938M->939M(978M) 93.138ms
[668.422s][info][gc,cpu         ] GC(1638) User=0.18s Sys=0.00s Real=0.09s
[668.469s][info][gc,start       ] GC(1639) Pause Young (Normal) (G1 Evacuation Pause)
[668.469s][info][gc,task        ] GC(1639) Using 2 workers of 2 for evacuation
[668.530s][info][gc,phases      ] GC(1639)   Pre Evacuate Collection Set: 0.35ms
[668.530s][info][gc,phases      ] GC(1639)   Merge Heap Roots: 0.13ms
[668.530s][info][gc,phases      ] GC(1639)   Evacuate Collection Set: 43.98ms
[668.530s][info][gc,phases      ] GC(1639)   Post Evacuate Collection Set: 16.24ms
[668.530s][info][gc,phases      ] GC(1639)   Other: 0.07ms
[668.530s][info][gc,heap        ] GC(1639) Eden regions: 37->0(0)
[668.530s][info][gc,heap        ] GC(1639) Survivor regions: 1->0(1)
[668.530s][info][gc,heap        ] GC(1639) Old regions: 932->971
[668.530s][info][gc,heap        ] GC(1639) Humongous regions: 7->7
[668.530s][info][gc,metaspace   ] GC(1639) Metaspace: 19126K(19328K)->19126K(19328K) NonClass: 16466K(16576K)->16466K(16576K) Class: 2660K(2752K)->2660K(2752K)
[668.530s][info][gc             ] GC(1639) Pause Young (Normal) (G1 Evacuation Pause) (Evacuation Failure: Allocation) 976M->977M(978M) 60.961ms
[668.530s][info][gc,cpu         ] GC(1639) User=0.12s Sys=0.00s Real=0.06s
[668.530s][info][gc,ergo        ] Attempting full compaction
[668.530s][info][gc,start       ] GC(1640) Pause Full (G1 Compaction Pause)
[668.530s][info][gc,task        ] GC(1640) Using 2 workers of 2 for full compaction
[668.532s][info][gc,phases,start] GC(1640) Phase 1: Mark live objects
[668.867s][info][metaspace      ] ChkMgr @0x00007fef1c1626e0 (non-class-space): : reclaiming memory...
[668.867s][info][metaspace      ] ChkMgr @0x00007fef1c1626e0 (non-class-space): nothing reclaimed.
[668.867s][info][metaspace      ] ChkMgr @0x00007fef1c1607f0 (class-space): : reclaiming memory...
[668.867s][info][metaspace      ] ChkMgr @0x00007fef1c1607f0 (class-space): nothing reclaimed.
[668.867s][info][gc,phases      ] GC(1640) Phase 1: Mark live objects 334.839ms
[668.867s][info][gc,phases,start] GC(1640) Phase 2: Prepare compaction
[668.888s][info][gc,phases      ] GC(1640) Phase 2: Prepare compaction 21.147ms
[668.888s][info][gc,phases,start] GC(1640) Phase 3: Adjust pointers
[669.020s][info][gc,phases      ] GC(1640) Phase 3: Adjust pointers 132.130ms
[669.020s][info][gc,phases,start] GC(1640) Phase 4: Compact heap
[669.048s][info][gc,phases      ] GC(1640) Phase 4: Compact heap 28.491ms
[669.049s][info][gc,phases,start] GC(1640) Phase 5: Reset Metadata
[669.109s][info][gc,phases      ] GC(1640) Phase 5: Reset Metadata 60.888ms
[669.117s][info][gc,heap        ] GC(1640) Eden regions: 0->0(416)
[669.117s][info][gc,heap        ] GC(1640) Survivor regions: 0->0(1)
[669.117s][info][gc,heap        ] GC(1640) Old regions: 971->454
[669.117s][info][gc,heap        ] GC(1640) Humongous regions: 7->4
[669.117s][info][gc,metaspace   ] GC(1640) Metaspace: 19126K(19328K)->19119K(19328K) NonClass: 16466K(16576K)->16459K(16576K) Class: 2660K(2752K)->2660K(2752K)
[669.117s][info][gc             ] GC(1640) Pause Full (G1 Compaction Pause) 977M->457M(978M) 587.120ms
[669.117s][info][gc,cpu         ] GC(1640) User=1.15s Sys=0.01s Real=0.59s
[669.119s][info][gc,marking     ] GC(1635) Concurrent Rebuild Remembered Sets and Scrub Regions 943.179ms
[669.119s][info][gc,marking     ] GC(1635) Concurrent Mark Abort
[669.119s][info][gc             ] GC(1635) Concurrent Mark Cycle 2485.442ms
[669.457s][info][gc,start       ] GC(1641) Pause Young (Concurrent Start) (G1 Humongous Allocation)
[669.457s][info][gc,task        ] GC(1641) Using 2 workers of 2 for evacuation
[669.490s][info][gc,phases      ] GC(1641)   Pre Evacuate Collection Set: 0.34ms
[669.490s][info][gc,phases      ] GC(1641)   Merge Heap Roots: 0.38ms
[669.490s][info][gc,phases      ] GC(1641)   Evacuate Collection Set: 31.35ms
[669.490s][info][gc,phases      ] GC(1641)   Post Evacuate Collection Set: 0.68ms
[669.490s][info][gc,phases      ] GC(1641)   Other: 0.11ms
[669.490s][info][gc,heap        ] GC(1641) Eden regions: 352->0(395)
[669.490s][info][gc,heap        ] GC(1641) Survivor regions: 0->17(52)
[669.490s][info][gc,heap        ] GC(1641) Old regions: 454->454
[669.490s][info][gc,heap        ] GC(1641) Humongous regions: 4->4
[669.490s][info][gc,metaspace   ] GC(1641) Metaspace: 19119K(19328K)->19119K(19328K) NonClass: 16459K(16576K)->16459K(16576K) Class: 2660K(2752K)->2660K(2752K)
[669.490s][info][gc             ] GC(1641) Pause Young (Concurrent Start) (G1 Humongous Allocation) 808M->474M(978M) 33.081ms
[669.490s][info][gc,cpu         ] GC(1641) User=0.07s Sys=0.00s Real=0.04s
[669.490s][info][gc             ] GC(1642) Concurrent Mark Cycle
[669.490s][info][gc,marking     ] GC(1642) Concurrent Scan Root Regions
[669.532s][info][gc,marking     ] GC(1642) Concurrent Scan Root Regions 41.918ms
[669.532s][info][gc,marking     ] GC(1642) Concurrent Mark
[669.532s][info][gc,marking     ] GC(1642) Concurrent Mark From Roots
[669.532s][info][gc,task        ] GC(1642) Using 1 workers of 1 for marking
[670.217s][info][gc,start       ] GC(1643) Pause Young (Normal) (G1 Evacuation Pause)
[670.218s][info][gc,task        ] GC(1643) Using 2 workers of 2 for evacuation
[670.264s][info][gc,phases      ] GC(1643)   Pre Evacuate Collection Set: 0.29ms
[670.264s][info][gc,phases      ] GC(1643)   Merge Heap Roots: 0.43ms
[670.264s][info][gc,phases      ] GC(1643)   Evacuate Collection Set: 44.63ms
[670.264s][info][gc,phases      ] GC(1643)   Post Evacuate Collection Set: 0.71ms
[670.264s][info][gc,phases      ] GC(1643)   Other: 0.07ms
[670.264s][info][gc,heap        ] GC(1643) Eden regions: 395->0(396)
[670.264s][info][gc,heap        ] GC(1643) Survivor regions: 17->28(52)
[670.264s][info][gc,heap        ] GC(1643) Old regions: 454->454
[670.264s][info][gc,heap        ] GC(1643) Humongous regions: 7->7
[670.264s][info][gc,metaspace   ] GC(1643) Metaspace: 19119K(19328K)->19119K(19328K) NonClass: 16459K(16576K)->16459K(16576K) Class: 2660K(2752K)->2660K(2752K)
[670.264s][info][gc             ] GC(1643) Pause Young (Normal) (G1 Evacuation Pause) 872M->488M(978M) 46.331ms
[670.264s][info][gc,cpu         ] GC(1643) User=0.09s Sys=0.00s Real=0.04s
[670.316s][info][gc,marking     ] GC(1642) Concurrent Mark From Roots 784.040ms
[670.316s][info][gc,marking     ] GC(1642) Concurrent Preclean
[670.316s][info][gc,marking     ] GC(1642) Concurrent Preclean 0.050ms
[670.316s][info][gc,start       ] GC(1642) Pause Remark
[670.324s][info][gc             ] GC(1642) Pause Remark 519M->457M(978M) 7.847ms
[670.324s][info][gc,cpu         ] GC(1642) User=0.02s Sys=0.00s Real=0.01s
[670.324s][info][gc,marking     ] GC(1642) Concurrent Mark 792.236ms
[670.324s][info][gc,marking     ] GC(1642) Concurrent Rebuild Remembered Sets and Scrub Regions
[670.568s][info][gc,marking     ] GC(1642) Concurrent Rebuild Remembered Sets and Scrub Regions 244.051ms
[670.568s][info][gc,start       ] GC(1642) Pause Cleanup
[670.569s][info][gc             ] GC(1642) Pause Cleanup 590M->590M(978M) 0.093ms
[670.569s][info][gc,cpu         ] GC(1642) User=0.00s Sys=0.00s Real=0.00s
[670.569s][info][gc,marking     ] GC(1642) Concurrent Clear Claimed Marks
[670.569s][info][gc,marking     ] GC(1642) Concurrent Clear Claimed Marks 0.028ms
[670.569s][info][gc,marking     ] GC(1642) Concurrent Cleanup for Next Mark
[670.574s][info][gc,marking     ] GC(1642) Concurrent Cleanup for Next Mark 5.065ms
[670.574s][info][gc             ] GC(1642) Concurrent Mark Cycle 1083.837ms
[670.852s][info][gc,start       ] GC(1644) Pause Young (Prepare Mixed) (G1 Evacuation Pause)
[670.852s][info][gc,task        ] GC(1644) Using 2 workers of 2 for evacuation
[670.904s][info][gc,phases      ] GC(1644)   Pre Evacuate Collection Set: 0.51ms
[670.904s][info][gc,phases      ] GC(1644)   Merge Heap Roots: 0.74ms
[670.904s][info][gc,phases      ] GC(1644)   Evacuate Collection Set: 50.17ms
[670.904s][info][gc,phases      ] GC(1644)   Post Evacuate Collection Set: 0.69ms
[670.904s][info][gc,phases      ] GC(1644)   Other: 0.08ms
[670.904s][info][gc,heap        ] GC(1644) Eden regions: 396->0(452)
[670.904s][info][gc,heap        ] GC(1644) Survivor regions: 28->15(53)
[670.904s][info][gc,heap        ] GC(1644) Old regions: 394->411
[670.904s][info][gc,heap        ] GC(1644) Humongous regions: 5->5
[670.904s][info][gc,metaspace   ] GC(1644) Metaspace: 19119K(19328K)->19119K(19328K) NonClass: 16459K(16576K)->16459K(16576K) Class: 2660K(2752K)->2660K(2752K)
[670.904s][info][gc             ] GC(1644) Pause Young (Prepare Mixed) (G1 Evacuation Pause) 822M->429M(978M) 52.437ms
[670.904s][info][gc,cpu         ] GC(1644) User=0.10s Sys=0.00s Real=0.05s
[671.525s][info][gc,start       ] GC(1645) Pause Young (Mixed) (G1 Evacuation Pause)
[671.526s][info][gc,task        ] GC(1645) Using 2 workers of 2 for evacuation
[671.585s][info][gc,phases      ] GC(1645)   Pre Evacuate Collection Set: 0.57ms
[671.585s][info][gc,phases      ] GC(1645)   Merge Heap Roots: 1.17ms
[671.585s][info][gc,phases      ] GC(1645)   Evacuate Collection Set: 56.52ms
[671.585s][info][gc,phases      ] GC(1645)   Post Evacuate Collection Set: 0.81ms
[671.585s][info][gc,phases      ] GC(1645)   Other: 0.11ms
[671.585s][info][gc,heap        ] GC(1645) Eden regions: 452->0(474)
[671.585s][info][gc,heap        ] GC(1645) Survivor regions: 15->30(59)
[671.585s][info][gc,heap        ] GC(1645) Old regions: 411->372
[671.585s][info][gc,heap        ] GC(1645) Humongous regions: 8->8
[671.585s][info][gc,metaspace   ] GC(1645) Metaspace: 19119K(19328K)->19119K(19328K) NonClass: 16459K(16576K)->16459K(16576K) Class: 2660K(2752K)->2660K(2752K)
[671.585s][info][gc             ] GC(1645) Pause Young (Mixed) (G1 Evacuation Pause) 884M->408M(978M) 59.400ms
[671.585s][info][gc,cpu         ] GC(1645) User=0.11s Sys=0.00s Real=0.06s
[672.259s][info][gc,start       ] GC(1646) Pause Young (Concurrent Start) (G1 Evacuation Pause)
[672.259s][info][gc,task        ] GC(1646) Using 2 workers of 2 for evacuation
[672.310s][info][gc,phases      ] GC(1646)   Pre Evacuate Collection Set: 0.35ms
[672.310s][info][gc,phases      ] GC(1646)   Merge Heap Roots: 0.39ms
[672.310s][info][gc,phases      ] GC(1646)   Evacuate Collection Set: 49.96ms
[672.310s][info][gc,phases      ] GC(1646)   Post Evacuate Collection Set: 0.80ms
[672.310s][info][gc,phases      ] GC(1646)   Other: 0.19ms
[672.310s][info][gc,heap        ] GC(1646) Eden regions: 474->0(488)
[672.310s][info][gc,heap        ] GC(1646) Survivor regions: 30->30(63)
[672.310s][info][gc,heap        ] GC(1646) Old regions: 372->372
[672.310s][info][gc,heap        ] GC(1646) Humongous regions: 8->8
[672.310s][info][gc,metaspace   ] GC(1646) Metaspace: 19119K(19328K)->19119K(19328K) NonClass: 16459K(16576K)->16459K(16576K) Class: 2660K(2752K)->2660K(2752K)
[672.310s][info][gc             ] GC(1646) Pause Young (Concurrent Start) (G1 Evacuation Pause) 882M->408M(978M) 51.920ms
[672.310s][info][gc             ] GC(1647) Concurrent Mark Cycle
[672.310s][info][gc,marking     ] GC(1647) Concurrent Scan Root Regions
[672.313s][info][gc,cpu         ] GC(1646) User=0.10s Sys=0.00s Real=0.05s
[672.417s][info][gc,marking     ] GC(1647) Concurrent Scan Root Regions 106.902ms
[672.417s][info][gc,marking     ] GC(1647) Concurrent Mark
[672.417s][info][gc,marking     ] GC(1647) Concurrent Mark From Roots
[672.417s][info][gc,task        ] GC(1647) Using 1 workers of 1 for marking
[672.827s][info][gc,marking     ] GC(1647) Concurrent Mark From Roots 409.508ms
[672.827s][info][gc,marking     ] GC(1647) Concurrent Preclean
[672.827s][info][gc,marking     ] GC(1647) Concurrent Preclean 0.058ms
[672.827s][info][gc,start       ] GC(1647) Pause Remark
[672.835s][info][gc             ] GC(1647) Pause Remark 717M->592M(950M) 8.086ms
[672.835s][info][gc,cpu         ] GC(1647) User=0.02s Sys=0.00s Real=0.00s
[672.836s][info][gc,marking     ] GC(1647) Concurrent Mark 418.781ms
[672.836s][info][gc,marking     ] GC(1647) Concurrent Rebuild Remembered Sets and Scrub Regions
[673.044s][info][gc,marking     ] GC(1647) Concurrent Rebuild Remembered Sets and Scrub Regions 208.061ms
[673.045s][info][gc,start       ] GC(1647) Pause Cleanup
[673.045s][info][gc             ] GC(1647) Pause Cleanup 772M->772M(950M) 0.112ms
[673.045s][info][gc,cpu         ] GC(1647) User=0.00s Sys=0.00s Real=0.00s
[673.045s][info][gc,marking     ] GC(1647) Concurrent Clear Claimed Marks
[673.045s][info][gc,marking     ] GC(1647) Concurrent Clear Claimed Marks 0.031ms
[673.045s][info][gc,marking     ] GC(1647) Concurrent Cleanup for Next Mark
[673.046s][info][gc,start       ] GC(1648) Pause Young (Prepare Mixed) (G1 Evacuation Pause)
[673.046s][info][gc,task        ] GC(1648) Using 2 workers of 2 for evacuation
[673.160s][info][gc,phases      ] GC(1648)   Pre Evacuate Collection Set: 0.25ms
[673.160s][info][gc,phases      ] GC(1648)   Merge Heap Roots: 0.73ms
[673.160s][info][gc,phases      ] GC(1648)   Evacuate Collection Set: 111.51ms
[673.160s][info][gc,phases      ] GC(1648)   Post Evacuate Collection Set: 0.71ms
[673.160s][info][gc,phases      ] GC(1648)   Other: 0.10ms
[673.160s][info][gc,heap        ] GC(1648) Eden regions: 490->0(332)
[673.160s][info][gc,heap        ] GC(1648) Survivor regions: 30->65(65)
[673.160s][info][gc,heap        ] GC(1648) Old regions: 251->271
[673.160s][info][gc,heap        ] GC(1648) Humongous regions: 4->4
[673.160s][info][gc,metaspace   ] GC(1648) Metaspace: 19119K(19328K)->19119K(19328K) NonClass: 16459K(16576K)->16459K(16576K) Class: 2660K(2752K)->2660K(2752K)
[673.160s][info][gc             ] GC(1648) Pause Young (Prepare Mixed) (G1 Evacuation Pause) 773M->339M(950M) 113.505ms
[673.160s][info][gc,cpu         ] GC(1648) User=0.22s Sys=0.00s Real=0.12s
[673.164s][info][gc,marking     ] GC(1647) Concurrent Cleanup for Next Mark 119.036ms
[673.164s][info][gc             ] GC(1647) Concurrent Mark Cycle 853.697ms
[673.411s][info][gc,start       ] GC(1649) Pause Young (Mixed) (G1 Evacuation Pause)
[673.411s][info][gc,task        ] GC(1649) Using 2 workers of 2 for evacuation
[673.511s][info][gc,phases      ] GC(1649)   Pre Evacuate Collection Set: 0.31ms
[673.511s][info][gc,phases      ] GC(1649)   Merge Heap Roots: 0.23ms
[673.511s][info][gc,phases      ] GC(1649)   Evacuate Collection Set: 98.85ms
[673.511s][info][gc,phases      ] GC(1649)   Post Evacuate Collection Set: 0.63ms
[673.511s][info][gc,phases      ] GC(1649)   Other: 0.09ms
[673.511s][info][gc,heap        ] GC(1649) Eden regions: 365->0(471)
[673.511s][info][gc,heap        ] GC(1649) Survivor regions: 65->25(54)
[673.511s][info][gc,heap        ] GC(1649) Old regions: 271->333
[673.511s][info][gc,heap        ] GC(1649) Humongous regions: 4->4
[673.511s][info][gc,metaspace   ] GC(1649) Metaspace: 19119K(19328K)->19119K(19328K) NonClass: 16459K(16576K)->16459K(16576K) Class: 2660K(2752K)->2660K(2752K)
[673.511s][info][gc             ] GC(1649) Pause Young (Mixed) (G1 Evacuation Pause) 704M->360M(950M) 100.381ms
[673.511s][info][gc,cpu         ] GC(1649) User=0.20s Sys=0.00s Real=0.10s
[673.923s][info][gc,start       ] GC(1650) Pause Young (Mixed) (G1 Evacuation Pause)
[673.923s][info][gc,task        ] GC(1650) Using 2 workers of 2 for evacuation
[673.990s][info][gc,phases      ] GC(1650)   Pre Evacuate Collection Set: 0.56ms
[673.990s][info][gc,phases      ] GC(1650)   Merge Heap Roots: 0.47ms
[673.990s][info][gc,phases      ] GC(1650)   Evacuate Collection Set: 65.42ms
[673.990s][info][gc,phases      ] GC(1650)   Post Evacuate Collection Set: 0.72ms
[673.990s][info][gc,phases      ] GC(1650)   Other: 0.10ms
[673.990s][info][gc,heap        ] GC(1650) Eden regions: 471->0(471)
[673.990s][info][gc,heap        ] GC(1650) Survivor regions: 25->54(62)
[673.990s][info][gc,heap        ] GC(1650) Old regions: 333->308
[673.990s][info][gc,heap        ] GC(1650) Humongous regions: 4->4
[673.990s][info][gc,metaspace   ] GC(1650) Metaspace: 19119K(19328K)->19119K(19328K) NonClass: 16459K(16576K)->16459K(16576K) Class: 2660K(2752K)->2660K(2752K)
[673.990s][info][gc             ] GC(1650) Pause Young (Mixed) (G1 Evacuation Pause) 831M->365M(950M) 67.496ms
[673.990s][info][gc,cpu         ] GC(1650) User=0.13s Sys=0.00s Real=0.07s
[675.020s][info][gc,start       ] GC(1651) Pause Young (Concurrent Start) (G1 Evacuation Pause)
[675.020s][info][gc,task        ] GC(1651) Using 2 workers of 2 for evacuation
[675.095s][info][gc,phases      ] GC(1651)   Pre Evacuate Collection Set: 0.34ms
[675.095s][info][gc,phases      ] GC(1651)   Merge Heap Roots: 0.39ms
[675.095s][info][gc,phases      ] GC(1651)   Evacuate Collection Set: 72.58ms
[675.095s][info][gc,phases      ] GC(1651)   Post Evacuate Collection Set: 0.78ms
[675.095s][info][gc,phases      ] GC(1651)   Other: 0.21ms
[675.095s][info][gc,heap        ] GC(1651) Eden regions: 471->0(469)
[675.095s][info][gc,heap        ] GC(1651) Survivor regions: 54->45(66)
[675.095s][info][gc,heap        ] GC(1651) Old regions: 308->333
[675.095s][info][gc,heap        ] GC(1651) Humongous regions: 4->4
[675.095s][info][gc,metaspace   ] GC(1651) Metaspace: 19119K(19328K)->19119K(19328K) NonClass: 16459K(16576K)->16459K(16576K) Class: 2660K(2752K)->2660K(2752K)
[675.095s][info][gc             ] GC(1651) Pause Young (Concurrent Start) (G1 Evacuation Pause) 836M->380M(950M) 74.515ms
[675.095s][info][gc,cpu         ] GC(1651) User=0.15s Sys=0.00s Real=0.07s
[675.095s][info][gc             ] GC(1652) Concurrent Mark Cycle
[675.095s][info][gc,marking     ] GC(1652) Concurrent Scan Root Regions
[675.200s][info][gc,marking     ] GC(1652) Concurrent Scan Root Regions 105.527ms
[675.200s][info][gc,marking     ] GC(1652) Concurrent Mark
[675.200s][info][gc,marking     ] GC(1652) Concurrent Mark From Roots
[675.200s][info][gc,task        ] GC(1652) Using 1 workers of 1 for marking
[676.027s][info][gc,marking     ] GC(1652) Concurrent Mark From Roots 826.574ms
[676.027s][info][gc,marking     ] GC(1652) Concurrent Preclean
[676.027s][info][gc,marking     ] GC(1652) Concurrent Preclean 0.053ms
[676.027s][info][gc,start       ] GC(1652) Pause Remark
[676.035s][info][gc             ] GC(1652) Pause Remark 657M->657M(950M) 8.242ms
[676.035s][info][gc,cpu         ] GC(1652) User=0.02s Sys=0.00s Real=0.00s
[676.036s][info][gc,marking     ] GC(1652) Concurrent Mark 836.020ms
[676.036s][info][gc,marking     ] GC(1652) Concurrent Rebuild Remembered Sets and Scrub Regions
[676.283s][info][gc,marking     ] GC(1652) Concurrent Rebuild Remembered Sets and Scrub Regions 246.570ms
[676.283s][info][gc,start       ] GC(1652) Pause Cleanup
[676.283s][info][gc             ] GC(1652) Pause Cleanup 746M->746M(950M) 0.082ms
[676.283s][info][gc,cpu         ] GC(1652) User=0.00s Sys=0.00s Real=0.00s
[676.285s][info][gc,marking     ] GC(1652) Concurrent Clear Claimed Marks
[676.285s][info][gc,marking     ] GC(1652) Concurrent Clear Claimed Marks 0.046ms
[676.285s][info][gc,marking     ] GC(1652) Concurrent Cleanup for Next Mark
[676.290s][info][gc,marking     ] GC(1652) Concurrent Cleanup for Next Mark 4.807ms
[676.290s][info][gc             ] GC(1652) Concurrent Mark Cycle 1195.155ms
[676.397s][info][gc,start       ] GC(1653) Pause Young (Prepare Mixed) (G1 Evacuation Pause)
[676.397s][info][gc,task        ] GC(1653) Using 2 workers of 2 for evacuation
[676.480s][info][gc,phases      ] GC(1653)   Pre Evacuate Collection Set: 0.49ms
[676.480s][info][gc,phases      ] GC(1653)   Merge Heap Roots: 0.44ms
[676.480s][info][gc,phases      ] GC(1653)   Evacuate Collection Set: 81.73ms
[676.480s][info][gc,phases      ] GC(1653)   Post Evacuate Collection Set: 0.74ms
[676.480s][info][gc,phases      ] GC(1653)   Other: 0.09ms
[676.480s][info][gc,heap        ] GC(1653) Eden regions: 469->0(428)
[676.480s][info][gc,heap        ] GC(1653) Survivor regions: 45->54(65)
[676.480s][info][gc,heap        ] GC(1653) Old regions: 333->362
[676.480s][info][gc,heap        ] GC(1653) Humongous regions: 4->4
[676.480s][info][gc,metaspace   ] GC(1653) Metaspace: 19119K(19328K)->19119K(19328K) NonClass: 16459K(16576K)->16459K(16576K) Class: 2660K(2752K)->2660K(2752K)
[676.480s][info][gc             ] GC(1653) Pause Young (Prepare Mixed) (G1 Evacuation Pause) 849M->418M(950M) 83.694ms
[676.480s][info][gc,cpu         ] GC(1653) User=0.17s Sys=0.00s Real=0.09s
[677.079s][info][gc,start       ] GC(1654) Pause Young (Mixed) (G1 Evacuation Pause)
[677.079s][info][gc,task        ] GC(1654) Using 2 workers of 2 for evacuation
[677.250s][info][gc,phases      ] GC(1654)   Pre Evacuate Collection Set: 0.53ms
[677.250s][info][gc,phases      ] GC(1654)   Merge Heap Roots: 0.25ms
[677.250s][info][gc,phases      ] GC(1654)   Evacuate Collection Set: 158.39ms
[677.250s][info][gc,phases      ] GC(1654)   Post Evacuate Collection Set: 11.85ms
[677.250s][info][gc,phases      ] GC(1654)   Other: 0.10ms
[677.250s][info][gc,heap        ] GC(1654) Eden regions: 428->0(227)
[677.250s][info][gc,heap        ] GC(1654) Survivor regions: 54->61(61)
[677.250s][info][gc,heap        ] GC(1654) Old regions: 362->575
[677.250s][info][gc,heap        ] GC(1654) Humongous regions: 4->4
[677.250s][info][gc,metaspace   ] GC(1654) Metaspace: 19119K(19328K)->19119K(19328K) NonClass: 16459K(16576K)->16459K(16576K) Class: 2660K(2752K)->2660K(2752K)
[677.250s][info][gc             ] GC(1654) Pause Young (Mixed) (G1 Evacuation Pause) (Evacuation Failure: Allocation) 846M->639M(978M) 171.329ms
[677.250s][info][gc,cpu         ] GC(1654) User=0.32s Sys=0.02s Real=0.17s
[677.458s][info][gc,start       ] GC(1655) Pause Young (Concurrent Start) (G1 Evacuation Pause)
[677.458s][info][gc,task        ] GC(1655) Using 2 workers of 2 for evacuation
[677.604s][info][gc,phases      ] GC(1655)   Pre Evacuate Collection Set: 0.39ms
[677.604s][info][gc,phases      ] GC(1655)   Merge Heap Roots: 0.46ms
[677.604s][info][gc,phases      ] GC(1655)   Evacuate Collection Set: 132.75ms
[677.604s][info][gc,phases      ] GC(1655)   Post Evacuate Collection Set: 12.08ms
[677.604s][info][gc,phases      ] GC(1655)   Other: 0.20ms
[677.604s][info][gc,heap        ] GC(1655) Eden regions: 227->0(205)
[677.604s][info][gc,heap        ] GC(1655) Survivor regions: 61->20(36)
[677.604s][info][gc,heap        ] GC(1655) Old regions: 575->679
[677.604s][info][gc,heap        ] GC(1655) Humongous regions: 4->4
[677.604s][info][gc,metaspace   ] GC(1655) Metaspace: 19119K(19328K)->19119K(19328K) NonClass: 16459K(16576K)->16459K(16576K) Class: 2660K(2752K)->2660K(2752K)
[677.605s][info][gc             ] GC(1655) Pause Young (Concurrent Start) (G1 Evacuation Pause) (Evacuation Failure: Allocation) 866M->702M(978M) 146.115ms
[677.605s][info][gc             ] GC(1656) Concurrent Mark Cycle
[677.605s][info][gc,marking     ] GC(1656) Concurrent Scan Root Regions
[677.605s][info][gc,cpu         ] GC(1655) User=0.29s Sys=0.00s Real=0.14s
[677.764s][info][gc,marking     ] GC(1656) Concurrent Scan Root Regions 159.392ms
[677.764s][info][gc,marking     ] GC(1656) Concurrent Mark
[677.764s][info][gc,marking     ] GC(1656) Concurrent Mark From Roots
[677.764s][info][gc,task        ] GC(1656) Using 1 workers of 1 for marking
[678.198s][info][gc,start       ] GC(1657) Pause Young (Normal) (G1 Evacuation Pause)
[678.198s][info][gc,task        ] GC(1657) Using 2 workers of 2 for evacuation
[678.355s][info][gc,phases      ] GC(1657)   Pre Evacuate Collection Set: 0.39ms
[678.355s][info][gc,phases      ] GC(1657)   Merge Heap Roots: 0.91ms
[678.355s][info][gc,phases      ] GC(1657)   Evacuate Collection Set: 144.94ms
[678.355s][info][gc,phases      ] GC(1657)   Post Evacuate Collection Set: 9.98ms
[678.355s][info][gc,phases      ] GC(1657)   Other: 0.10ms
[678.355s][info][gc,heap        ] GC(1657) Eden regions: 205->0(241)
[678.355s][info][gc,heap        ] GC(1657) Survivor regions: 20->8(29)
[678.355s][info][gc,heap        ] GC(1657) Old regions: 679->639
[678.355s][info][gc,heap        ] GC(1657) Humongous regions: 13->13
[678.355s][info][gc,metaspace   ] GC(1657) Metaspace: 19119K(19328K)->19119K(19328K) NonClass: 16459K(16576K)->16459K(16576K) Class: 2660K(2752K)->2660K(2752K)
[678.355s][info][gc             ] GC(1657) Pause Young (Normal) (G1 Evacuation Pause) (Evacuation Failure: Allocation) 916M->659M(978M) 156.595ms
[678.355s][info][gc,cpu         ] GC(1657) User=0.31s Sys=0.01s Real=0.15s
[679.111s][info][gc,start       ] GC(1658) Pause Young (Normal) (G1 Evacuation Pause)
[679.111s][info][gc,task        ] GC(1658) Using 2 workers of 2 for evacuation
[679.187s][info][gc,phases      ] GC(1658)   Pre Evacuate Collection Set: 0.33ms
[679.187s][info][gc,phases      ] GC(1658)   Merge Heap Roots: 1.56ms
[679.187s][info][gc,phases      ] GC(1658)   Evacuate Collection Set: 73.15ms
[679.187s][info][gc,phases      ] GC(1658)   Post Evacuate Collection Set: 0.74ms
[679.187s][info][gc,phases      ] GC(1658)   Other: 0.08ms
[679.187s][info][gc,heap        ] GC(1658) Eden regions: 241->0(278)
[679.187s][info][gc,heap        ] GC(1658) Survivor regions: 8->9(32)
[679.187s][info][gc,heap        ] GC(1658) Old regions: 639->597
[679.187s][info][gc,heap        ] GC(1658) Humongous regions: 13->13
[679.187s][info][gc,metaspace   ] GC(1658) Metaspace: 19119K(19328K)->19119K(19328K) NonClass: 16459K(16576K)->16459K(16576K) Class: 2660K(2752K)->2660K(2752K)
[679.187s][info][gc             ] GC(1658) Pause Young (Normal) (G1 Evacuation Pause) 900M->617M(978M) 76.087ms
[679.187s][info][gc,cpu         ] GC(1658) User=0.15s Sys=0.00s Real=0.08s
[679.365s][info][gc,marking     ] GC(1656) Concurrent Mark From Roots 1600.592ms
[679.365s][info][gc,marking     ] GC(1656) Concurrent Preclean
[679.365s][info][gc,marking     ] GC(1656) Concurrent Preclean 0.051ms
[679.366s][info][gc,start       ] GC(1656) Pause Remark
[679.374s][info][gc             ] GC(1656) Pause Remark 678M->678M(978M) 8.440ms
[679.374s][info][gc,cpu         ] GC(1656) User=0.02s Sys=0.00s Real=0.01s
[679.374s][info][gc,marking     ] GC(1656) Concurrent Mark 1610.251ms
[679.374s][info][gc,marking     ] GC(1656) Concurrent Rebuild Remembered Sets and Scrub Regions
[679.871s][info][gc,start       ] GC(1659) Pause Young (Normal) (G1 Evacuation Pause)
[679.871s][info][gc,task        ] GC(1659) Using 2 workers of 2 for evacuation
[679.897s][info][gc,phases      ] GC(1659)   Pre Evacuate Collection Set: 0.30ms
[679.897s][info][gc,phases      ] GC(1659)   Merge Heap Roots: 0.68ms
[679.897s][info][gc,phases      ] GC(1659)   Evacuate Collection Set: 24.54ms
[679.897s][info][gc,phases      ] GC(1659)   Post Evacuate Collection Set: 0.64ms
[679.897s][info][gc,phases      ] GC(1659)   Other: 0.09ms
[679.897s][info][gc,heap        ] GC(1659) Eden regions: 278->0(290)
[679.897s][info][gc,heap        ] GC(1659) Survivor regions: 9->9(36)
[679.897s][info][gc,heap        ] GC(1659) Old regions: 597->597
[679.897s][info][gc,heap        ] GC(1659) Humongous regions: 13->13
[679.897s][info][gc,metaspace   ] GC(1659) Metaspace: 19119K(19328K)->19119K(19328K) NonClass: 16459K(16576K)->16459K(16576K) Class: 2660K(2752K)->2660K(2752K)
[679.897s][info][gc             ] GC(1659) Pause Young (Normal) (G1 Evacuation Pause) 895M->616M(978M) 26.464ms
[679.897s][info][gc,cpu         ] GC(1659) User=0.05s Sys=0.00s Real=0.03s
[679.955s][info][gc,marking     ] GC(1656) Concurrent Rebuild Remembered Sets and Scrub Regions 581.165ms
[679.957s][info][gc,start       ] GC(1656) Pause Cleanup
[679.957s][info][gc             ] GC(1656) Pause Cleanup 645M->645M(978M) 0.112ms
[679.957s][info][gc,cpu         ] GC(1656) User=0.00s Sys=0.00s Real=0.01s
[679.957s][info][gc,marking     ] GC(1656) Concurrent Clear Claimed Marks
[679.957s][info][gc,marking     ] GC(1656) Concurrent Clear Claimed Marks 0.042ms
[679.957s][info][gc,marking     ] GC(1656) Concurrent Cleanup for Next Mark
[679.962s][info][gc,marking     ] GC(1656) Concurrent Cleanup for Next Mark 4.939ms
[679.962s][info][gc             ] GC(1656) Concurrent Mark Cycle 2357.472ms
[680.349s][info][gc,start       ] GC(1660) Pause Young (Prepare Mixed) (G1 Evacuation Pause)
[680.349s][info][gc,task        ] GC(1660) Using 2 workers of 2 for evacuation
[680.375s][info][gc,phases      ] GC(1660)   Pre Evacuate Collection Set: 0.33ms
[680.375s][info][gc,phases      ] GC(1660)   Merge Heap Roots: 0.45ms
[680.375s][info][gc,phases      ] GC(1660)   Evacuate Collection Set: 24.14ms
[680.375s][info][gc,phases      ] GC(1660)   Post Evacuate Collection Set: 0.66ms
[680.375s][info][gc,phases      ] GC(1660)   Other: 0.10ms
[680.375s][info][gc,heap        ] GC(1660) Eden regions: 290->0(300)
[680.375s][info][gc,heap        ] GC(1660) Survivor regions: 9->9(38)
[680.375s][info][gc,heap        ] GC(1660) Old regions: 597->597
[680.375s][info][gc,heap        ] GC(1660) Humongous regions: 13->13
[680.375s][info][gc,metaspace   ] GC(1660) Metaspace: 19119K(19328K)->19119K(19328K) NonClass: 16459K(16576K)->16459K(16576K) Class: 2660K(2752K)->2660K(2752K)
[680.375s][info][gc             ] GC(1660) Pause Young (Prepare Mixed) (G1 Evacuation Pause) 906M->617M(978M) 25.937ms
[680.375s][info][gc,cpu         ] GC(1660) User=0.05s Sys=0.00s Real=0.02s
[680.776s][info][gc,start       ] GC(1661) Pause Young (Mixed) (G1 Evacuation Pause)
[680.776s][info][gc,task        ] GC(1661) Using 2 workers of 2 for evacuation
[680.821s][info][gc,phases      ] GC(1661)   Pre Evacuate Collection Set: 0.31ms
[680.821s][info][gc,phases      ] GC(1661)   Merge Heap Roots: 0.49ms
[680.821s][info][gc,phases      ] GC(1661)   Evacuate Collection Set: 42.57ms
[680.821s][info][gc,phases      ] GC(1661)   Post Evacuate Collection Set: 0.69ms
[680.821s][info][gc,phases      ] GC(1661)   Other: 0.09ms
[680.821s][info][gc,heap        ] GC(1661) Eden regions: 300->0(274)
[680.821s][info][gc,heap        ] GC(1661) Survivor regions: 9->26(39)
[680.821s][info][gc,heap        ] GC(1661) Old regions: 597->589
[680.821s][info][gc,heap        ] GC(1661) Humongous regions: 13->13
[680.821s][info][gc,metaspace   ] GC(1661) Metaspace: 19119K(19328K)->19119K(19328K) NonClass: 16459K(16576K)->16459K(16576K) Class: 2660K(2752K)->2660K(2752K)
[680.821s][info][gc             ] GC(1661) Pause Young (Mixed) (G1 Evacuation Pause) 917M->626M(978M) 44.359ms
[680.821s][info][gc,cpu         ] GC(1661) User=0.08s Sys=0.00s Real=0.05s
[681.067s][info][gc,start       ] GC(1662) Pause Young (Concurrent Start) (G1 Evacuation Pause)
[681.067s][info][gc,task        ] GC(1662) Using 2 workers of 2 for evacuation
[681.123s][info][gc,phases      ] GC(1662)   Pre Evacuate Collection Set: 0.31ms
[681.123s][info][gc,phases      ] GC(1662)   Merge Heap Roots: 0.44ms
[681.123s][info][gc,phases      ] GC(1662)   Evacuate Collection Set: 54.62ms
[681.123s][info][gc,phases      ] GC(1662)   Post Evacuate Collection Set: 0.53ms
[681.123s][info][gc,phases      ] GC(1662)   Other: 0.11ms
[681.123s][info][gc,heap        ] GC(1662) Eden regions: 274->0(254)
[681.123s][info][gc,heap        ] GC(1662) Survivor regions: 26->32(38)
[681.123s][info][gc,heap        ] GC(1662) Old regions: 589->597
[681.123s][info][gc,heap        ] GC(1662) Humongous regions: 13->13
[681.123s][info][gc,metaspace   ] GC(1662) Metaspace: 19119K(19328K)->19119K(19328K) NonClass: 16459K(16576K)->16459K(16576K) Class: 2660K(2752K)->2660K(2752K)
[681.123s][info][gc             ] GC(1662) Pause Young (Concurrent Start) (G1 Evacuation Pause) 900M->640M(978M) 56.250ms
[681.123s][info][gc             ] GC(1663) Concurrent Mark Cycle
[681.123s][info][gc,marking     ] GC(1663) Concurrent Scan Root Regions
[681.124s][info][gc,cpu         ] GC(1662) User=0.12s Sys=0.00s Real=0.06s
[681.210s][info][gc,marking     ] GC(1663) Concurrent Scan Root Regions 87.016ms
[681.210s][info][gc,marking     ] GC(1663) Concurrent Mark
[681.210s][info][gc,marking     ] GC(1663) Concurrent Mark From Roots
[681.210s][info][gc,task        ] GC(1663) Using 1 workers of 1 for marking
[681.667s][info][gc,start       ] GC(1664) Pause Young (Normal) (G1 Evacuation Pause)
[681.667s][info][gc,task        ] GC(1664) Using 2 workers of 2 for evacuation
[681.708s][info][gc,phases      ] GC(1664)   Pre Evacuate Collection Set: 0.30ms
[681.708s][info][gc,phases      ] GC(1664)   Merge Heap Roots: 0.19ms
[681.708s][info][gc,phases      ] GC(1664)   Evacuate Collection Set: 39.96ms
[681.708s][info][gc,phases      ] GC(1664)   Post Evacuate Collection Set: 0.50ms
[681.708s][info][gc,phases      ] GC(1664)   Other: 0.09ms
[681.708s][info][gc,heap        ] GC(1664) Eden regions: 254->0(254)
[681.708s][info][gc,heap        ] GC(1664) Survivor regions: 32->23(36)
[681.708s][info][gc,heap        ] GC(1664) Old regions: 597->615
[681.708s][info][gc,heap        ] GC(1664) Humongous regions: 13->13
[681.708s][info][gc,metaspace   ] GC(1664) Metaspace: 19119K(19328K)->19119K(19328K) NonClass: 16459K(16576K)->16459K(16576K) Class: 2660K(2752K)->2660K(2752K)
[681.708s][info][gc             ] GC(1664) Pause Young (Normal) (G1 Evacuation Pause) 894M->649M(978M) 41.266ms
[681.708s][info][gc,cpu         ] GC(1664) User=0.08s Sys=0.00s Real=0.04s
[682.478s][info][gc,marking     ] GC(1663) Concurrent Mark From Roots 1267.420ms
[682.478s][info][gc,marking     ] GC(1663) Concurrent Preclean
[682.478s][info][gc,marking     ] GC(1663) Concurrent Preclean 0.048ms
[682.478s][info][gc,start       ] GC(1663) Pause Remark
[682.486s][info][gc             ] GC(1663) Pause Remark 861M->810M(978M) 8.048ms
[682.486s][info][gc,cpu         ] GC(1663) User=0.01s Sys=0.00s Real=0.00s
[682.486s][info][gc,marking     ] GC(1663) Concurrent Mark 1275.807ms
[682.486s][info][gc,marking     ] GC(1663) Concurrent Rebuild Remembered Sets and Scrub Regions
[682.616s][info][gc,start       ] GC(1665) Pause Young (Normal) (G1 Evacuation Pause)
[682.616s][info][gc,task        ] GC(1665) Using 2 workers of 2 for evacuation
[682.641s][info][gc,phases      ] GC(1665)   Pre Evacuate Collection Set: 0.25ms
[682.641s][info][gc,phases      ] GC(1665)   Merge Heap Roots: 0.17ms
[682.641s][info][gc,phases      ] GC(1665)   Evacuate Collection Set: 24.05ms
[682.641s][info][gc,phases      ] GC(1665)   Post Evacuate Collection Set: 0.45ms
[682.641s][info][gc,phases      ] GC(1665)   Other: 0.10ms
[682.642s][info][gc,heap        ] GC(1665) Eden regions: 254->0(317)
[682.642s][info][gc,heap        ] GC(1665) Survivor regions: 23->10(35)
[682.642s][info][gc,heap        ] GC(1665) Old regions: 570->584
[682.642s][info][gc,heap        ] GC(1665) Humongous regions: 7->7
[682.642s][info][gc,metaspace   ] GC(1665) Metaspace: 19119K(19328K)->19119K(19328K) NonClass: 16459K(16576K)->16459K(16576K) Class: 2660K(2752K)->2660K(2752K)
[682.642s][info][gc             ] GC(1665) Pause Young (Normal) (G1 Evacuation Pause) 852M->599M(978M) 25.237ms
[682.642s][info][gc,cpu         ] GC(1665) User=0.05s Sys=0.00s Real=0.03s
[683.010s][info][gc,marking     ] GC(1663) Concurrent Rebuild Remembered Sets and Scrub Regions 523.893ms
[683.010s][info][gc,start       ] GC(1663) Pause Cleanup
[683.010s][info][gc             ] GC(1663) Pause Cleanup 760M->760M(978M) 0.172ms
[683.010s][info][gc,cpu         ] GC(1663) User=0.00s Sys=0.00s Real=0.00s
[683.010s][info][gc,marking     ] GC(1663) Concurrent Clear Claimed Marks
[683.010s][info][gc,marking     ] GC(1663) Concurrent Clear Claimed Marks 0.037ms
[683.010s][info][gc,marking     ] GC(1663) Concurrent Cleanup for Next Mark
[683.015s][info][gc,marking     ] GC(1663) Concurrent Cleanup for Next Mark 4.812ms
[683.015s][info][gc             ] GC(1663) Concurrent Mark Cycle 1892.131ms
[683.211s][info][gc,start       ] GC(1666) Pause Young (Prepare Mixed) (G1 Evacuation Pause)
[683.211s][info][gc,task        ] GC(1666) Using 2 workers of 2 for evacuation
[683.236s][info][gc,phases      ] GC(1666)   Pre Evacuate Collection Set: 0.50ms
[683.236s][info][gc,phases      ] GC(1666)   Merge Heap Roots: 0.20ms
[683.236s][info][gc,phases      ] GC(1666)   Evacuate Collection Set: 23.82ms
[683.236s][info][gc,phases      ] GC(1666)   Post Evacuate Collection Set: 0.55ms
[683.236s][info][gc,phases      ] GC(1666)   Other: 0.10ms
[683.236s][info][gc,heap        ] GC(1666) Eden regions: 317->0(291)
[683.236s][info][gc,heap        ] GC(1666) Survivor regions: 10->23(41)
[683.236s][info][gc,heap        ] GC(1666) Old regions: 584->584
[683.236s][info][gc,heap        ] GC(1666) Humongous regions: 7->7
[683.236s][info][gc,metaspace   ] GC(1666) Metaspace: 19119K(19328K)->19119K(19328K) NonClass: 16459K(16576K)->16459K(16576K) Class: 2660K(2752K)->2660K(2752K)
[683.236s][info][gc             ] GC(1666) Pause Young (Prepare Mixed) (G1 Evacuation Pause) 916M->612M(978M) 25.332ms
