[0.002s][info][metaspace]  - commit_granule_bytes: 65536.
[0.002s][info][metaspace]  - commit_granule_words: 8192.
[0.002s][info][metaspace]  - virtual_space_node_default_size: 8388608.
[0.002s][info][metaspace]  - enlarge_chunks_in_place: 1.
[0.004s][info][gc,init  ] CardTable entry size: 512
[0.008s][info][gc       ] Using G1
[0.012s][info][gc,init  ] Version: 24-internal-adhoc.root.jdk (release)
[0.012s][info][gc,init  ] CPUs: 2 total, 2 available
[0.012s][info][gc,init  ] Memory: 3908M
[0.012s][info][gc,init  ] Large Page Support: Disabled
[0.012s][info][gc,init  ] NUMA Support: Disabled
[0.012s][info][gc,init  ] Compressed Oops: Enabled (32-bit)
[0.012s][info][gc,init  ] Heap Region Size: 1M
[0.012s][info][gc,init  ] Heap Min Capacity: 256M
[0.012s][info][gc,init  ] Heap Initial Capacity: 256M
[0.012s][info][gc,init  ] Heap Max Capacity: 978M
[0.012s][info][gc,init  ] Pre-touch: Disabled
[0.012s][info][gc,init  ] Parallel Workers: 2
[0.012s][info][gc,init  ] Concurrent Workers: 1
[0.012s][info][gc,init  ] Concurrent Refinement Workers: 2
[0.012s][info][gc,init  ] Periodic GC: Disabled
[0.030s][info][gc,metaspace] CDS archive(s) mapped at: [0x00007f2f9a000000-0x00007f2f9ae7b000-0x00007f2f9ae7b000), size 15183872, SharedBaseAddress: 0x00007f2f9a000000, ArchiveRelocationMode: 1.
[0.030s][info][gc,metaspace] Compressed class space mapped at: 0x00007f2f9b000000-0x00007f2fdb000000, reserved size: 1073741824
[0.030s][info][gc,metaspace] UseCompressedClassPointers 1, UseCompactObjectHeaders 1
[0.030s][info][gc,metaspace] Narrow klass pointer bits 22, Max shift 10
[0.030s][info][gc,metaspace] Narrow klass base: 0x00007f2f9a000000, Narrow klass shift: 10
[0.030s][info][gc,metaspace] Encoding Range: [0x00007f2f9a000000 - 0x00007f309a000000), (4294967296 bytes)
[0.030s][info][gc,metaspace] Klass Range:    [0x00007f2f9a000000 - 0x00007f2fdb000000), (1090519040 bytes)
[0.030s][info][gc,metaspace] Klass ID Range:  [1 - 1064960) (1064959)
[0.682s][info][gc,start    ] GC(0) Pause Young (Normal) (G1 Evacuation Pause)
[0.682s][info][gc,task     ] GC(0) Using 2 workers of 2 for evacuation
[0.685s][info][gc,phases   ] GC(0)   Pre Evacuate Collection Set: 0.19ms
[0.685s][info][gc,phases   ] GC(0)   Merge Heap Roots: 0.08ms
[0.685s][info][gc,phases   ] GC(0)   Evacuate Collection Set: 2.56ms
[0.685s][info][gc,phases   ] GC(0)   Post Evacuate Collection Set: 0.23ms
[0.685s][info][gc,phases   ] GC(0)   Other: 0.22ms
[0.686s][info][gc,heap     ] GC(0) Eden regions: 12->0(10)
[0.686s][info][gc,heap     ] GC(0) Survivor regions: 0->2(2)
[0.686s][info][gc,heap     ] GC(0) Old regions: 2->2
[0.686s][info][gc,heap     ] GC(0) Humongous regions: 0->0
[0.686s][info][gc,metaspace] GC(0) Metaspace: 2417K(2560K)->2417K(2560K) NonClass: 2089K(2176K)->2089K(2176K) Class: 327K(384K)->327K(384K)
[0.686s][info][gc          ] GC(0) Pause Young (Normal) (G1 Evacuation Pause) 13M->2M(258M) 3.492ms
[0.686s][info][gc,cpu      ] GC(0) User=0.01s Sys=0.00s Real=0.00s
[0.746s][info][gc,start    ] GC(1) Pause Young (Normal) (G1 Evacuation Pause)
[0.746s][info][gc,task     ] GC(1) Using 2 workers of 2 for evacuation
[0.748s][info][gc,phases   ] GC(1)   Pre Evacuate Collection Set: 0.16ms
[0.748s][info][gc,phases   ] GC(1)   Merge Heap Roots: 0.03ms
[0.748s][info][gc,phases   ] GC(1)   Evacuate Collection Set: 2.23ms
[0.748s][info][gc,phases   ] GC(1)   Post Evacuate Collection Set: 0.15ms
[0.748s][info][gc,phases   ] GC(1)   Other: 0.08ms
[0.748s][info][gc,heap     ] GC(1) Eden regions: 10->0(20)
[0.748s][info][gc,heap     ] GC(1) Survivor regions: 2->1(2)
[0.748s][info][gc,heap     ] GC(1) Old regions: 2->4
[0.748s][info][gc,heap     ] GC(1) Humongous regions: 0->0
[0.748s][info][gc,metaspace] GC(1) Metaspace: 2493K(2624K)->2493K(2624K) NonClass: 2163K(2240K)->2163K(2240K) Class: 329K(384K)->329K(384K)
[0.748s][info][gc          ] GC(1) Pause Young (Normal) (G1 Evacuation Pause) 12M->2M(258M) 2.788ms
[0.748s][info][gc,cpu      ] GC(1) User=0.00s Sys=0.01s Real=0.00s
[0.872s][info][gc,start    ] GC(2) Pause Young (Normal) (G1 Evacuation Pause)
[0.872s][info][gc,task     ] GC(2) Using 2 workers of 2 for evacuation
[0.873s][info][gc,phases   ] GC(2)   Pre Evacuate Collection Set: 0.15ms
[0.873s][info][gc,phases   ] GC(2)   Merge Heap Roots: 0.04ms
[0.873s][info][gc,phases   ] GC(2)   Evacuate Collection Set: 0.28ms
[0.873s][info][gc,phases   ] GC(2)   Post Evacuate Collection Set: 0.15ms
[0.873s][info][gc,phases   ] GC(2)   Other: 0.07ms
[0.873s][info][gc,heap     ] GC(2) Eden regions: 20->0(25)
[0.873s][info][gc,heap     ] GC(2) Survivor regions: 1->1(3)
[0.873s][info][gc,heap     ] GC(2) Old regions: 4->4
[0.873s][info][gc,heap     ] GC(2) Humongous regions: 0->0
[0.873s][info][gc,metaspace] GC(2) Metaspace: 2644K(2752K)->2644K(2752K) NonClass: 2315K(2368K)->2315K(2368K) Class: 329K(384K)->329K(384K)
[0.873s][info][gc          ] GC(2) Pause Young (Normal) (G1 Evacuation Pause) 22M->2M(258M) 0.836ms
[0.873s][info][gc,cpu      ] GC(2) User=0.00s Sys=0.00s Real=0.00s
[1.384s][info][gc,start    ] GC(3) Pause Young (Normal) (G1 Evacuation Pause)
[1.384s][info][gc,task     ] GC(3) Using 2 workers of 2 for evacuation
[1.387s][info][gc,phases   ] GC(3)   Pre Evacuate Collection Set: 0.18ms
[1.387s][info][gc,phases   ] GC(3)   Merge Heap Roots: 0.03ms
[1.387s][info][gc,phases   ] GC(3)   Evacuate Collection Set: 2.70ms
[1.387s][info][gc,phases   ] GC(3)   Post Evacuate Collection Set: 0.26ms
[1.387s][info][gc,phases   ] GC(3)   Other: 0.06ms
[1.387s][info][gc,heap     ] GC(3) Eden regions: 25->0(33)
[1.388s][info][gc,heap     ] GC(3) Survivor regions: 1->2(4)
[1.388s][info][gc,heap     ] GC(3) Old regions: 4->4
[1.388s][info][gc,heap     ] GC(3) Humongous regions: 0->0
[1.388s][info][gc,metaspace] GC(3) Metaspace: 6432K(6592K)->6432K(6592K) NonClass: 5548K(5632K)->5548K(5632K) Class: 884K(960K)->884K(960K)
[1.388s][info][gc          ] GC(3) Pause Young (Normal) (G1 Evacuation Pause) 27M->4M(258M) 3.394ms
[1.388s][info][gc,cpu      ] GC(3) User=0.01s Sys=0.00s Real=0.00s
[1.562s][info][gc,start    ] GC(4) Pause Young (Normal) (G1 Evacuation Pause)
[1.562s][info][gc,task     ] GC(4) Using 2 workers of 2 for evacuation
[1.565s][info][gc,phases   ] GC(4)   Pre Evacuate Collection Set: 0.16ms
[1.565s][info][gc,phases   ] GC(4)   Merge Heap Roots: 0.03ms
[1.565s][info][gc,phases   ] GC(4)   Evacuate Collection Set: 2.38ms
[1.565s][info][gc,phases   ] GC(4)   Post Evacuate Collection Set: 0.26ms
[1.565s][info][gc,phases   ] GC(4)   Other: 0.09ms
[1.565s][info][gc,heap     ] GC(4) Eden regions: 33->0(44)
[1.565s][info][gc,heap     ] GC(4) Survivor regions: 2->2(5)
[1.565s][info][gc,heap     ] GC(4) Old regions: 4->4
[1.565s][info][gc,heap     ] GC(4) Humongous regions: 0->0
[1.565s][info][gc,metaspace] GC(4) Metaspace: 6652K(6848K)->6652K(6848K) NonClass: 5735K(5824K)->5735K(5824K) Class: 917K(1024K)->917K(1024K)
[1.565s][info][gc          ] GC(4) Pause Young (Normal) (G1 Evacuation Pause) 37M->4M(258M) 3.094ms
[1.565s][info][gc,cpu      ] GC(4) User=0.01s Sys=0.00s Real=0.00s
[1.764s][info][gc,start    ] GC(5) Pause Young (Normal) (G1 Evacuation Pause)
[1.764s][info][gc,task     ] GC(5) Using 2 workers of 2 for evacuation
[1.769s][info][gc,phases   ] GC(5)   Pre Evacuate Collection Set: 0.17ms
[1.769s][info][gc,phases   ] GC(5)   Merge Heap Roots: 0.03ms
[1.769s][info][gc,phases   ] GC(5)   Evacuate Collection Set: 4.71ms
[1.769s][info][gc,phases   ] GC(5)   Post Evacuate Collection Set: 0.26ms
[1.769s][info][gc,phases   ] GC(5)   Other: 0.07ms
[1.769s][info][gc,heap     ] GC(5) Eden regions: 44->0(56)
[1.769s][info][gc,heap     ] GC(5) Survivor regions: 2->2(6)
[1.769s][info][gc,heap     ] GC(5) Old regions: 4->4
[1.769s][info][gc,heap     ] GC(5) Humongous regions: 0->0
[1.769s][info][gc,metaspace] GC(5) Metaspace: 6995K(7168K)->6995K(7168K) NonClass: 5983K(6080K)->5983K(6080K) Class: 1012K(1088K)->1012K(1088K)
[1.769s][info][gc          ] GC(5) Pause Young (Normal) (G1 Evacuation Pause) 48M->4M(258M) 5.417ms
[1.769s][info][gc,cpu      ] GC(5) User=0.01s Sys=0.00s Real=0.00s
[1.975s][info][gc,start    ] GC(6) Pause Young (Normal) (G1 Evacuation Pause)
[1.975s][info][gc,task     ] GC(6) Using 2 workers of 2 for evacuation
[1.981s][info][gc,phases   ] GC(6)   Pre Evacuate Collection Set: 0.19ms
[1.981s][info][gc,phases   ] GC(6)   Merge Heap Roots: 0.04ms
[1.981s][info][gc,phases   ] GC(6)   Evacuate Collection Set: 4.87ms
[1.981s][info][gc,phases   ] GC(6)   Post Evacuate Collection Set: 0.33ms
[1.981s][info][gc,phases   ] GC(6)   Other: 0.09ms
[1.981s][info][gc,heap     ] GC(6) Eden regions: 56->0(71)
[1.981s][info][gc,heap     ] GC(6) Survivor regions: 2->2(8)
[1.981s][info][gc,heap     ] GC(6) Old regions: 4->4
[1.981s][info][gc,heap     ] GC(6) Humongous regions: 0->0
[1.981s][info][gc,metaspace] GC(6) Metaspace: 7485K(7680K)->7485K(7680K) NonClass: 6337K(6464K)->6337K(6464K) Class: 1148K(1216K)->1148K(1216K)
[1.981s][info][gc          ] GC(6) Pause Young (Normal) (G1 Evacuation Pause) 60M->4M(258M) 5.680ms
[1.981s][info][gc,cpu      ] GC(6) User=0.00s Sys=0.00s Real=0.00s
[2.245s][info][gc,start    ] GC(7) Pause Young (Normal) (G1 Evacuation Pause)
[2.245s][info][gc,task     ] GC(7) Using 2 workers of 2 for evacuation
[2.251s][info][gc,phases   ] GC(7)   Pre Evacuate Collection Set: 0.17ms
[2.251s][info][gc,phases   ] GC(7)   Merge Heap Roots: 0.04ms
[2.251s][info][gc,phases   ] GC(7)   Evacuate Collection Set: 4.65ms
[2.251s][info][gc,phases   ] GC(7)   Post Evacuate Collection Set: 0.33ms
[2.251s][info][gc,phases   ] GC(7)   Other: 0.07ms
[2.251s][info][gc,heap     ] GC(7) Eden regions: 71->0(89)
[2.251s][info][gc,heap     ] GC(7) Survivor regions: 2->3(10)
[2.251s][info][gc,heap     ] GC(7) Old regions: 4->4
[2.251s][info][gc,heap     ] GC(7) Humongous regions: 0->0
[2.251s][info][gc,metaspace] GC(7) Metaspace: 7789K(8000K)->7789K(8000K) NonClass: 6579K(6720K)->6579K(6720K) Class: 1210K(1280K)->1210K(1280K)
[2.251s][info][gc          ] GC(7) Pause Young (Normal) (G1 Evacuation Pause) 75M->4M(258M) 5.436ms
[2.251s][info][gc,cpu      ] GC(7) User=0.00s Sys=0.00s Real=0.00s
[2.555s][info][gc,start    ] GC(8) Pause Young (Normal) (G1 Evacuation Pause)
[2.555s][info][gc,task     ] GC(8) Using 2 workers of 2 for evacuation
[2.559s][info][gc,phases   ] GC(8)   Pre Evacuate Collection Set: 0.17ms
[2.559s][info][gc,phases   ] GC(8)   Merge Heap Roots: 0.04ms
[2.559s][info][gc,phases   ] GC(8)   Evacuate Collection Set: 3.47ms
[2.559s][info][gc,phases   ] GC(8)   Post Evacuate Collection Set: 0.39ms
[2.559s][info][gc,phases   ] GC(8)   Other: 0.06ms
[2.559s][info][gc,heap     ] GC(8) Eden regions: 89->0(111)
[2.559s][info][gc,heap     ] GC(8) Survivor regions: 3->3(12)
[2.559s][info][gc,heap     ] GC(8) Old regions: 4->4
[2.559s][info][gc,heap     ] GC(8) Humongous regions: 0->0
[2.559s][info][gc,metaspace] GC(8) Metaspace: 8027K(8256K)->8027K(8256K) NonClass: 6731K(6848K)->6731K(6848K) Class: 1295K(1408K)->1295K(1408K)
[2.559s][info][gc          ] GC(8) Pause Young (Normal) (G1 Evacuation Pause) 93M->4M(258M) 4.298ms
[2.559s][info][gc,cpu      ] GC(8) User=0.01s Sys=0.00s Real=0.00s
[3.117s][info][gc,start    ] GC(9) Pause Young (Normal) (G1 Evacuation Pause)
[3.117s][info][gc,task     ] GC(9) Using 2 workers of 2 for evacuation
[3.151s][info][gc,phases   ] GC(9)   Pre Evacuate Collection Set: 0.16ms
[3.151s][info][gc,phases   ] GC(9)   Merge Heap Roots: 0.06ms
[3.151s][info][gc,phases   ] GC(9)   Evacuate Collection Set: 32.81ms
[3.151s][info][gc,phases   ] GC(9)   Post Evacuate Collection Set: 0.65ms
[3.151s][info][gc,phases   ] GC(9)   Other: 0.07ms
[3.151s][info][gc,heap     ] GC(9) Eden regions: 111->0(98)
[3.151s][info][gc,heap     ] GC(9) Survivor regions: 3->15(15)
[3.151s][info][gc,heap     ] GC(9) Old regions: 4->13
[3.151s][info][gc,heap     ] GC(9) Humongous regions: 0->0
[3.151s][info][gc,metaspace] GC(9) Metaspace: 10411K(10560K)->10411K(10560K) NonClass: 8694K(8768K)->8694K(8768K) Class: 1717K(1792K)->1717K(1792K)
[3.151s][info][gc          ] GC(9) Pause Young (Normal) (G1 Evacuation Pause) 115M->27M(258M) 33.939ms
[3.151s][info][gc,cpu      ] GC(9) User=0.05s Sys=0.01s Real=0.04s
[3.445s][info][gc,start    ] GC(10) Pause Young (Normal) (G1 Evacuation Pause)
[3.445s][info][gc,task     ] GC(10) Using 2 workers of 2 for evacuation
[3.516s][info][gc,phases   ] GC(10)   Pre Evacuate Collection Set: 0.16ms
[3.516s][info][gc,phases   ] GC(10)   Merge Heap Roots: 0.11ms
[3.516s][info][gc,phases   ] GC(10)   Evacuate Collection Set: 69.95ms
[3.516s][info][gc,phases   ] GC(10)   Post Evacuate Collection Set: 0.87ms
[3.516s][info][gc,phases   ] GC(10)   Other: 0.12ms
[3.516s][info][gc,heap     ] GC(10) Eden regions: 98->0(18)
[3.516s][info][gc,heap     ] GC(10) Survivor regions: 15->15(15)
[3.516s][info][gc,heap     ] GC(10) Old regions: 13->55
[3.516s][info][gc,heap     ] GC(10) Humongous regions: 0->0
[3.516s][info][gc,metaspace] GC(10) Metaspace: 12019K(12160K)->12019K(12160K) NonClass: 10131K(10176K)->10131K(10176K) Class: 1888K(1984K)->1888K(1984K)
[3.516s][info][gc          ] GC(10) Pause Young (Normal) (G1 Evacuation Pause) 125M->68M(258M) 71.385ms
[3.516s][info][gc,cpu      ] GC(10) User=0.11s Sys=0.04s Real=0.07s
[3.526s][info][gc,start    ] GC(11) Pause Young (Normal) (G1 Evacuation Pause)
[3.526s][info][gc,task     ] GC(11) Using 2 workers of 2 for evacuation
[3.559s][info][gc,phases   ] GC(11)   Pre Evacuate Collection Set: 0.14ms
[3.559s][info][gc,phases   ] GC(11)   Merge Heap Roots: 0.31ms
[3.559s][info][gc,phases   ] GC(11)   Evacuate Collection Set: 31.93ms
[3.559s][info][gc,phases   ] GC(11)   Post Evacuate Collection Set: 0.20ms
[3.559s][info][gc,phases   ] GC(11)   Other: 0.08ms
[3.559s][info][gc,heap     ] GC(11) Eden regions: 2->0(11)
[3.559s][info][gc,heap     ] GC(11) Survivor regions: 15->1(3)
[3.559s][info][gc,heap     ] GC(11) Old regions: 55->70
[3.559s][info][gc,heap     ] GC(11) Humongous regions: 0->0
[3.559s][info][gc,metaspace] GC(11) Metaspace: 12232K(12416K)->12232K(12416K) NonClass: 10312K(10368K)->10312K(10368K) Class: 1920K(2048K)->1920K(2048K)
[3.559s][info][gc          ] GC(11) Pause Young (Normal) (G1 Evacuation Pause) 70M->70M(258M) 32.813ms
[3.559s][info][gc,cpu      ] GC(11) User=0.05s Sys=0.00s Real=0.03s
[3.908s][info][gc,start    ] GC(12) Pause Young (Normal) (G1 Evacuation Pause)
[3.908s][info][gc,task     ] GC(12) Using 2 workers of 2 for evacuation
[3.986s][info][gc,phases   ] GC(12)   Pre Evacuate Collection Set: 0.17ms
[3.986s][info][gc,phases   ] GC(12)   Merge Heap Roots: 0.04ms
[3.986s][info][gc,phases   ] GC(12)   Evacuate Collection Set: 76.50ms
[3.986s][info][gc,phases   ] GC(12)   Post Evacuate Collection Set: 1.22ms
[3.986s][info][gc,phases   ] GC(12)   Other: 0.09ms
[3.986s][info][gc,heap     ] GC(12) Eden regions: 107->0(1)
[3.986s][info][gc,heap     ] GC(12) Survivor regions: 1->14(14)
[3.986s][info][gc,heap     ] GC(12) Old regions: 70->105
[3.986s][info][gc,heap     ] GC(12) Humongous regions: 0->0
[3.986s][info][gc,metaspace] GC(12) Metaspace: 14283K(14528K)->14283K(14528K) NonClass: 11908K(12032K)->11908K(12032K) Class: 2375K(2496K)->2375K(2496K)
[3.986s][info][gc          ] GC(12) Pause Young (Normal) (G1 Evacuation Pause) 177M->117M(292M) 78.211ms
[3.986s][info][gc,cpu      ] GC(12) User=0.13s Sys=0.02s Real=0.08s
[3.996s][info][gc,start    ] GC(13) Pause Young (Normal) (G1 Evacuation Pause)
[3.996s][info][gc,task     ] GC(13) Using 2 workers of 2 for evacuation
[4.033s][info][gc,phases   ] GC(13)   Pre Evacuate Collection Set: 0.22ms
[4.033s][info][gc,phases   ] GC(13)   Merge Heap Roots: 0.58ms
[4.033s][info][gc,phases   ] GC(13)   Evacuate Collection Set: 36.16ms
[4.033s][info][gc,phases   ] GC(13)   Post Evacuate Collection Set: 0.26ms
[4.033s][info][gc,phases   ] GC(13)   Other: 0.11ms
[4.033s][info][gc,heap     ] GC(13) Eden regions: 1->0(13)
[4.033s][info][gc,heap     ] GC(13) Survivor regions: 14->1(2)
[4.033s][info][gc,heap     ] GC(13) Old regions: 105->119
[4.033s][info][gc,heap     ] GC(13) Humongous regions: 0->0
[4.033s][info][gc,metaspace] GC(13) Metaspace: 14284K(14528K)->14284K(14528K) NonClass: 11909K(12032K)->11909K(12032K) Class: 2375K(2496K)->2375K(2496K)
[4.033s][info][gc          ] GC(13) Pause Young (Normal) (G1 Evacuation Pause) 118M->119M(292M) 37.515ms
[4.033s][info][gc,cpu      ] GC(13) User=0.06s Sys=0.01s Real=0.04s
[4.793s][info][gc,start    ] GC(14) Pause Young (Normal) (G1 Evacuation Pause)
[4.793s][info][gc,task     ] GC(14) Using 2 workers of 2 for evacuation
[4.809s][info][gc,phases   ] GC(14)   Pre Evacuate Collection Set: 0.16ms
[4.809s][info][gc,phases   ] GC(14)   Merge Heap Roots: 0.13ms
[4.809s][info][gc,phases   ] GC(14)   Evacuate Collection Set: 15.58ms
[4.809s][info][gc,phases   ] GC(14)   Post Evacuate Collection Set: 0.29ms
[4.809s][info][gc,phases   ] GC(14)   Other: 0.09ms
[4.809s][info][gc,heap     ] GC(14) Eden regions: 89->0(2)
[4.809s][info][gc,heap     ] GC(14) Survivor regions: 1->12(12)
[4.809s][info][gc,heap     ] GC(14) Old regions: 119->120
[4.809s][info][gc,heap     ] GC(14) Humongous regions: 0->0
[4.809s][info][gc,metaspace] GC(14) Metaspace: 15612K(15808K)->15612K(15808K) NonClass: 13126K(13248K)->13126K(13248K) Class: 2486K(2560K)->2486K(2560K)
[4.809s][info][gc          ] GC(14) Pause Young (Normal) (G1 Evacuation Pause) 208M->130M(292M) 16.443ms
[4.809s][info][gc,cpu      ] GC(14) User=0.03s Sys=0.00s Real=0.01s
[4.817s][info][gc,start    ] GC(15) Pause Young (Normal) (G1 Evacuation Pause)
[4.817s][info][gc,task     ] GC(15) Using 2 workers of 2 for evacuation
[4.836s][info][gc,phases   ] GC(15)   Pre Evacuate Collection Set: 0.15ms
[4.836s][info][gc,phases   ] GC(15)   Merge Heap Roots: 0.08ms
[4.836s][info][gc,phases   ] GC(15)   Evacuate Collection Set: 18.20ms
[4.836s][info][gc,phases   ] GC(15)   Post Evacuate Collection Set: 0.19ms
[4.836s][info][gc,phases   ] GC(15)   Other: 0.07ms
[4.836s][info][gc,heap     ] GC(15) Eden regions: 2->0(89)
[4.836s][info][gc,heap     ] GC(15) Survivor regions: 12->1(2)
[4.836s][info][gc,heap     ] GC(15) Old regions: 120->132
[4.836s][info][gc,heap     ] GC(15) Humongous regions: 0->0
[4.836s][info][gc,metaspace] GC(15) Metaspace: 15617K(15808K)->15617K(15808K) NonClass: 13131K(13248K)->13131K(13248K) Class: 2486K(2560K)->2486K(2560K)
[4.836s][info][gc          ] GC(15) Pause Young (Normal) (G1 Evacuation Pause) 132M->132M(292M) 18.847ms
[4.836s][info][gc,cpu      ] GC(15) User=0.04s Sys=0.01s Real=0.02s
[4.970s][info][gc,start    ] GC(16) Pause Young (Concurrent Start) (G1 Evacuation Pause)
[4.970s][info][gc,task     ] GC(16) Using 2 workers of 2 for evacuation
[4.984s][info][gc,phases   ] GC(16)   Pre Evacuate Collection Set: 0.18ms
[4.984s][info][gc,phases   ] GC(16)   Merge Heap Roots: 0.27ms
[4.984s][info][gc,phases   ] GC(16)   Evacuate Collection Set: 12.35ms
[4.984s][info][gc,phases   ] GC(16)   Post Evacuate Collection Set: 0.33ms
[4.984s][info][gc,phases   ] GC(16)   Other: 0.14ms
[4.984s][info][gc,heap     ] GC(16) Eden regions: 20->0(98)
[4.984s][info][gc,heap     ] GC(16) Survivor regions: 1->1(3)
[4.984s][info][gc,heap     ] GC(16) Old regions: 132->132
[4.984s][info][gc,heap     ] GC(16) Humongous regions: 0->0
[4.984s][info][gc,metaspace] GC(16) Metaspace: 15808K(16000K)->15808K(16000K) NonClass: 13293K(13376K)->13293K(13376K) Class: 2515K(2624K)->2515K(2624K)
[4.984s][info][gc          ] GC(16) Pause Young (Concurrent Start) (G1 Evacuation Pause) 152M->132M(292M) 13.454ms
[4.984s][info][gc,cpu      ] GC(16) User=0.03s Sys=0.00s Real=0.02s
[4.984s][info][gc          ] GC(17) Concurrent Mark Cycle
[4.984s][info][gc,marking  ] GC(17) Concurrent Scan Root Regions
[4.990s][info][gc,marking  ] GC(17) Concurrent Scan Root Regions 6.186ms
[4.990s][info][gc,marking  ] GC(17) Concurrent Mark
[4.990s][info][gc,marking  ] GC(17) Concurrent Mark From Roots
[4.990s][info][gc,task     ] GC(17) Using 1 workers of 1 for marking
[5.260s][info][gc,start    ] GC(18) Pause Young (Normal) (G1 Evacuation Pause)
[5.260s][info][gc,task     ] GC(18) Using 2 workers of 2 for evacuation
[5.285s][info][gc,phases   ] GC(18)   Pre Evacuate Collection Set: 0.18ms
[5.285s][info][gc,phases   ] GC(18)   Merge Heap Roots: 0.73ms
[5.285s][info][gc,phases   ] GC(18)   Evacuate Collection Set: 20.12ms
[5.285s][info][gc,phases   ] GC(18)   Post Evacuate Collection Set: 3.79ms
[5.285s][info][gc,phases   ] GC(18)   Other: 0.08ms
[5.285s][info][gc,heap     ] GC(18) Eden regions: 13->0(40)
[5.285s][info][gc,heap     ] GC(18) Survivor regions: 1->2(2)
[5.285s][info][gc,heap     ] GC(18) Old regions: 132->132
[5.285s][info][gc,heap     ] GC(18) Humongous regions: 0->0
[5.285s][info][gc,metaspace] GC(18) Metaspace: 15930K(16128K)->15930K(16128K) NonClass: 13409K(13504K)->13409K(13504K) Class: 2521K(2624K)->2521K(2624K)
[5.285s][info][gc          ] GC(18) Pause Young (Normal) (G1 Evacuation Pause) 145M->132M(567M) 25.099ms
[5.285s][info][gc,cpu      ] GC(18) User=0.05s Sys=0.00s Real=0.03s
[5.329s][info][gc,marking  ] GC(17) Concurrent Mark From Roots 338.773ms
[5.329s][info][gc,marking  ] GC(17) Concurrent Preclean
[5.329s][info][gc,marking  ] GC(17) Concurrent Preclean 0.026ms
[5.329s][info][gc,start    ] GC(17) Pause Remark
[5.334s][info][gc          ] GC(17) Pause Remark 135M->135M(447M) 5.545ms
[5.335s][info][gc,cpu      ] GC(17) User=0.01s Sys=0.00s Real=0.01s
[5.337s][info][gc,marking  ] GC(17) Concurrent Mark 346.980ms
[5.337s][info][gc,marking  ] GC(17) Concurrent Rebuild Remembered Sets and Scrub Regions
[5.514s][info][gc,start    ] GC(19) Pause Young (Normal) (G1 Evacuation Pause)
[5.514s][info][gc,task     ] GC(19) Using 2 workers of 2 for evacuation
[5.550s][info][gc,phases   ] GC(19)   Pre Evacuate Collection Set: 0.20ms
[5.550s][info][gc,phases   ] GC(19)   Merge Heap Roots: 0.85ms
[5.550s][info][gc,phases   ] GC(19)   Evacuate Collection Set: 33.67ms
[5.550s][info][gc,phases   ] GC(19)   Post Evacuate Collection Set: 0.78ms
[5.550s][info][gc,phases   ] GC(19)   Other: 0.08ms
[5.550s][info][gc,heap     ] GC(19) Eden regions: 20->0(19)
[5.550s][info][gc,heap     ] GC(19) Survivor regions: 2->3(3)
[5.550s][info][gc,heap     ] GC(19) Old regions: 132->132
[5.550s][info][gc,heap     ] GC(19) Humongous regions: 0->0
[5.550s][info][gc,metaspace] GC(19) Metaspace: 16473K(16640K)->16473K(16640K) NonClass: 13895K(14016K)->13895K(14016K) Class: 2578K(2624K)->2578K(2624K)
[5.550s][info][gc          ] GC(19) Pause Young (Normal) (G1 Evacuation Pause) 152M->133M(447M) 35.758ms
[5.550s][info][gc,cpu      ] GC(19) User=0.06s Sys=0.00s Real=0.03s
[5.554s][info][gc,marking  ] GC(17) Concurrent Rebuild Remembered Sets and Scrub Regions 217.235ms
[5.557s][info][gc,start    ] GC(17) Pause Cleanup
[5.557s][info][gc          ] GC(17) Pause Cleanup 133M->133M(447M) 0.067ms
[5.557s][info][gc,cpu      ] GC(17) User=0.00s Sys=0.00s Real=0.00s
[5.559s][info][gc,marking  ] GC(17) Concurrent Clear Claimed Marks
[5.559s][info][gc,marking  ] GC(17) Concurrent Clear Claimed Marks 0.034ms
[5.559s][info][gc,marking  ] GC(17) Concurrent Cleanup for Next Mark
[5.568s][info][gc,marking  ] GC(17) Concurrent Cleanup for Next Mark 9.389ms
[5.568s][info][gc          ] GC(17) Concurrent Mark Cycle 584.719ms
[5.638s][info][gc,start    ] GC(20) Pause Young (Prepare Mixed) (G1 Evacuation Pause)
[5.638s][info][gc,task     ] GC(20) Using 2 workers of 2 for evacuation
[5.669s][info][gc,phases   ] GC(20)   Pre Evacuate Collection Set: 0.29ms
[5.669s][info][gc,phases   ] GC(20)   Merge Heap Roots: 0.85ms
[5.669s][info][gc,phases   ] GC(20)   Evacuate Collection Set: 29.53ms
[5.669s][info][gc,phases   ] GC(20)   Post Evacuate Collection Set: 0.34ms
[5.669s][info][gc,phases   ] GC(20)   Other: 0.07ms
[5.669s][info][gc,heap     ] GC(20) Eden regions: 19->0(19)
[5.669s][info][gc,heap     ] GC(20) Survivor regions: 3->3(3)
[5.669s][info][gc,heap     ] GC(20) Old regions: 132->138
[5.669s][info][gc,heap     ] GC(20) Humongous regions: 0->0
[5.669s][info][gc,metaspace] GC(20) Metaspace: 16478K(16640K)->16478K(16640K) NonClass: 13897K(14016K)->13897K(14016K) Class: 2580K(2624K)->2580K(2624K)
[5.669s][info][gc          ] GC(20) Pause Young (Prepare Mixed) (G1 Evacuation Pause) 152M->139M(447M) 31.250ms
[5.669s][info][gc,cpu      ] GC(20) User=0.06s Sys=0.00s Real=0.03s
[6.153s][info][gc,start    ] GC(21) Pause Young (Mixed) (G1 Evacuation Pause)
[6.153s][info][gc,task     ] GC(21) Using 2 workers of 2 for evacuation
[6.242s][info][gc,phases   ] GC(21)   Pre Evacuate Collection Set: 0.24ms
[6.242s][info][gc,phases   ] GC(21)   Merge Heap Roots: 0.56ms
[6.242s][info][gc,phases   ] GC(21)   Evacuate Collection Set: 87.81ms
[6.242s][info][gc,phases   ] GC(21)   Post Evacuate Collection Set: 0.57ms
[6.242s][info][gc,phases   ] GC(21)   Other: 0.07ms
[6.242s][info][gc,heap     ] GC(21) Eden regions: 132->0(5)
[6.242s][info][gc,heap     ] GC(21) Survivor regions: 3->17(17)
[6.242s][info][gc,heap     ] GC(21) Old regions: 138->180
[6.242s][info][gc,heap     ] GC(21) Humongous regions: 3->3
[6.242s][info][gc,metaspace] GC(21) Metaspace: 16547K(16704K)->16547K(16704K) NonClass: 13965K(14080K)->13965K(14080K) Class: 2581K(2624K)->2581K(2624K)
[6.242s][info][gc          ] GC(21) Pause Young (Mixed) (G1 Evacuation Pause) 274M->199M(447M) 89.491ms
[6.242s][info][gc,cpu      ] GC(21) User=0.16s Sys=0.02s Real=0.09s
[6.277s][info][gc,start    ] GC(22) Pause Young (Mixed) (G1 Evacuation Pause)
[6.277s][info][gc,task     ] GC(22) Using 2 workers of 2 for evacuation
[6.327s][info][gc,phases   ] GC(22)   Pre Evacuate Collection Set: 0.24ms
[6.327s][info][gc,phases   ] GC(22)   Merge Heap Roots: 0.68ms
[6.327s][info][gc,phases   ] GC(22)   Evacuate Collection Set: 47.81ms
[6.327s][info][gc,phases   ] GC(22)   Post Evacuate Collection Set: 1.12ms
[6.327s][info][gc,phases   ] GC(22)   Other: 0.08ms
[6.327s][info][gc,heap     ] GC(22) Eden regions: 14->0(20)
[6.327s][info][gc,heap     ] GC(22) Survivor regions: 17->2(4)
[6.327s][info][gc,heap     ] GC(22) Old regions: 180->196
[6.327s][info][gc,heap     ] GC(22) Humongous regions: 3->3
[6.327s][info][gc,metaspace] GC(22) Metaspace: 16556K(16704K)->16556K(16704K) NonClass: 13975K(14080K)->13975K(14080K) Class: 2581K(2624K)->2581K(2624K)
[6.327s][info][gc          ] GC(22) Pause Young (Mixed) (G1 Evacuation Pause) 213M->201M(447M) 50.128ms
[6.327s][info][gc,cpu      ] GC(22) User=0.10s Sys=0.00s Real=0.05s
[6.619s][info][gc,start    ] GC(23) Pause Young (Normal) (G1 Evacuation Pause)
[6.619s][info][gc,task     ] GC(23) Using 2 workers of 2 for evacuation
[6.645s][info][gc,phases   ] GC(23)   Pre Evacuate Collection Set: 0.31ms
[6.645s][info][gc,phases   ] GC(23)   Merge Heap Roots: 0.26ms
[6.645s][info][gc,phases   ] GC(23)   Evacuate Collection Set: 24.03ms
[6.645s][info][gc,phases   ] GC(23)   Post Evacuate Collection Set: 1.78ms
[6.645s][info][gc,phases   ] GC(23)   Other: 0.10ms
[6.645s][info][gc,heap     ] GC(23) Eden regions: 124->0(36)
[6.645s][info][gc,heap     ] GC(23) Survivor regions: 2->15(16)
[6.645s][info][gc,heap     ] GC(23) Old regions: 196->196
[6.645s][info][gc,heap     ] GC(23) Humongous regions: 4->4
[6.645s][info][gc,metaspace] GC(23) Metaspace: 16593K(16768K)->16593K(16768K) NonClass: 14011K(14144K)->14011K(14144K) Class: 2582K(2624K)->2582K(2624K)
[6.645s][info][gc          ] GC(23) Pause Young (Normal) (G1 Evacuation Pause) 326M->214M(621M) 26.667ms
[6.645s][info][gc,cpu      ] GC(23) User=0.05s Sys=0.00s Real=0.03s
[6.976s][info][gc,start    ] GC(24) Pause Young (Normal) (G1 Evacuation Pause)
[6.976s][info][gc,task     ] GC(24) Using 2 workers of 2 for evacuation
[7.038s][info][gc,phases   ] GC(24)   Pre Evacuate Collection Set: 0.24ms
[7.038s][info][gc,phases   ] GC(24)   Merge Heap Roots: 0.27ms
[7.038s][info][gc,phases   ] GC(24)   Evacuate Collection Set: 60.89ms
[7.038s][info][gc,phases   ] GC(24)   Post Evacuate Collection Set: 0.50ms
[7.039s][info][gc,phases   ] GC(24)   Other: 0.13ms
[7.039s][info][gc,heap     ] GC(24) Eden regions: 144->0(118)
[7.039s][info][gc,heap     ] GC(24) Survivor regions: 15->12(20)
[7.039s][info][gc,heap     ] GC(24) Old regions: 196->210
[7.039s][info][gc,heap     ] GC(24) Humongous regions: 4->4
[7.039s][info][gc,metaspace] GC(24) Metaspace: 16619K(16768K)->16619K(16768K) NonClass: 14037K(14144K)->14037K(14144K) Class: 2582K(2624K)->2582K(2624K)
[7.039s][info][gc          ] GC(24) Pause Young (Normal) (G1 Evacuation Pause) 358M->225M(621M) 62.257ms
[7.039s][info][gc,cpu      ] GC(24) User=0.11s Sys=0.01s Real=0.06s
[7.443s][info][gc,start    ] GC(25) Pause Young (Normal) (G1 Evacuation Pause)
[7.443s][info][gc,task     ] GC(25) Using 2 workers of 2 for evacuation
[7.463s][info][gc,phases   ] GC(25)   Pre Evacuate Collection Set: 0.33ms
[7.463s][info][gc,phases   ] GC(25)   Merge Heap Roots: 0.19ms
[7.463s][info][gc,phases   ] GC(25)   Evacuate Collection Set: 18.81ms
[7.463s][info][gc,phases   ] GC(25)   Post Evacuate Collection Set: 0.37ms
[7.463s][info][gc,phases   ] GC(25)   Other: 0.11ms
[7.463s][info][gc,heap     ] GC(25) Eden regions: 197->0(177)
[7.463s][info][gc,heap     ] GC(25) Survivor regions: 12->15(27)
[7.463s][info][gc,heap     ] GC(25) Old regions: 210->210
[7.463s][info][gc,heap     ] GC(25) Humongous regions: 4->4
[7.463s][info][gc,metaspace] GC(25) Metaspace: 16709K(16832K)->16709K(16832K) NonClass: 14126K(14208K)->14126K(14208K) Class: 2582K(2624K)->2582K(2624K)
[7.463s][info][gc          ] GC(25) Pause Young (Normal) (G1 Evacuation Pause) 422M->229M(621M) 20.067ms
[7.463s][info][gc,cpu      ] GC(25) User=0.04s Sys=0.00s Real=0.02s
[7.947s][info][gc,start    ] GC(26) Pause Young (Normal) (G1 Evacuation Pause)
[7.947s][info][gc,task     ] GC(26) Using 2 workers of 2 for evacuation
[7.969s][info][gc,phases   ] GC(26)   Pre Evacuate Collection Set: 0.23ms
[7.969s][info][gc,phases   ] GC(26)   Merge Heap Roots: 0.17ms
[7.969s][info][gc,phases   ] GC(26)   Evacuate Collection Set: 20.68ms
[7.969s][info][gc,phases   ] GC(26)   Post Evacuate Collection Set: 0.38ms
[7.969s][info][gc,phases   ] GC(26)   Other: 0.14ms
[7.969s][info][gc,heap     ] GC(26) Eden regions: 228->0(245)
[7.969s][info][gc,heap     ] GC(26) Survivor regions: 15->18(31)
[7.969s][info][gc,heap     ] GC(26) Old regions: 210->210
[7.969s][info][gc,heap     ] GC(26) Humongous regions: 4->4
[7.969s][info][gc,metaspace] GC(26) Metaspace: 16815K(16960K)->16815K(16960K) NonClass: 14231K(14336K)->14231K(14336K) Class: 2584K(2624K)->2584K(2624K)
[7.969s][info][gc          ] GC(26) Pause Young (Normal) (G1 Evacuation Pause) 457M->231M(621M) 21.802ms
[7.969s][info][gc,cpu      ] GC(26) User=0.05s Sys=0.00s Real=0.02s
[8.516s][info][gc,start    ] GC(27) Pause Young (Normal) (G1 Evacuation Pause)
[8.516s][info][gc,task     ] GC(27) Using 2 workers of 2 for evacuation
[8.561s][info][gc,phases   ] GC(27)   Pre Evacuate Collection Set: 0.34ms
[8.561s][info][gc,phases   ] GC(27)   Merge Heap Roots: 0.20ms
[8.561s][info][gc,phases   ] GC(27)   Evacuate Collection Set: 43.78ms
[8.561s][info][gc,phases   ] GC(27)   Post Evacuate Collection Set: 0.45ms
[8.561s][info][gc,phases   ] GC(27)   Other: 0.13ms
[8.561s][info][gc,heap     ] GC(27) Eden regions: 245->0(239)
[8.561s][info][gc,heap     ] GC(27) Survivor regions: 18->31(33)
[8.561s][info][gc,heap     ] GC(27) Old regions: 210->222
[8.561s][info][gc,heap     ] GC(27) Humongous regions: 4->4
[8.561s][info][gc,metaspace] GC(27) Metaspace: 16920K(17088K)->16920K(17088K) NonClass: 14334K(14400K)->14334K(14400K) Class: 2586K(2688K)->2586K(2688K)
[8.561s][info][gc          ] GC(27) Pause Young (Normal) (G1 Evacuation Pause) 476M->256M(621M) 45.048ms
[8.561s][info][gc,cpu      ] GC(27) User=0.09s Sys=0.00s Real=0.05s
[9.169s][info][gc,start    ] GC(28) Pause Young (Normal) (G1 Evacuation Pause)
[9.169s][info][gc,task     ] GC(28) Using 2 workers of 2 for evacuation
[9.262s][info][gc,phases   ] GC(28)   Pre Evacuate Collection Set: 0.32ms
[9.262s][info][gc,phases   ] GC(28)   Merge Heap Roots: 0.27ms
[9.262s][info][gc,phases   ] GC(28)   Evacuate Collection Set: 91.99ms
[9.262s][info][gc,phases   ] GC(28)   Post Evacuate Collection Set: 0.50ms
[9.262s][info][gc,phases   ] GC(28)   Other: 0.08ms
[9.262s][info][gc,heap     ] GC(28) Eden regions: 239->0(204)
[9.262s][info][gc,heap     ] GC(28) Survivor regions: 31->34(34)
[9.262s][info][gc,heap     ] GC(28) Old regions: 222->269
[9.262s][info][gc,heap     ] GC(28) Humongous regions: 5->5
[9.262s][info][gc,metaspace] GC(28) Metaspace: 16947K(17088K)->16947K(17088K) NonClass: 14357K(14400K)->14357K(14400K) Class: 2589K(2688K)->2589K(2688K)
[9.262s][info][gc          ] GC(28) Pause Young (Normal) (G1 Evacuation Pause) 496M->308M(621M) 93.368ms
[9.262s][info][gc,cpu      ] GC(28) User=0.18s Sys=0.01s Real=0.10s
[9.605s][info][gc,start    ] GC(29) Pause Young (Normal) (G1 Evacuation Pause)
[9.605s][info][gc,task     ] GC(29) Using 2 workers of 2 for evacuation
[9.648s][info][gc,phases   ] GC(29)   Pre Evacuate Collection Set: 0.34ms
[9.648s][info][gc,phases   ] GC(29)   Merge Heap Roots: 0.37ms
[9.648s][info][gc,phases   ] GC(29)   Evacuate Collection Set: 41.45ms
[9.648s][info][gc,phases   ] GC(29)   Post Evacuate Collection Set: 0.41ms
[9.648s][info][gc,phases   ] GC(29)   Other: 0.11ms
[9.648s][info][gc,heap     ] GC(29) Eden regions: 204->0(216)
[9.648s][info][gc,heap     ] GC(29) Survivor regions: 34->3(30)
[9.648s][info][gc,heap     ] GC(29) Old regions: 269->304
[9.648s][info][gc,heap     ] GC(29) Humongous regions: 5->5
[9.648s][info][gc,metaspace] GC(29) Metaspace: 16955K(17152K)->16955K(17152K) NonClass: 14366K(14464K)->14366K(14464K) Class: 2589K(2688K)->2589K(2688K)
[9.648s][info][gc          ] GC(29) Pause Young (Normal) (G1 Evacuation Pause) 512M->311M(621M) 42.917ms
[9.648s][info][gc,cpu      ] GC(29) User=0.08s Sys=0.00s Real=0.04s
[10.383s][info][gc,start    ] GC(30) Pause Young (Concurrent Start) (G1 Evacuation Pause)
[10.383s][info][gc,task     ] GC(30) Using 2 workers of 2 for evacuation
[10.390s][info][gc,phases   ] GC(30)   Pre Evacuate Collection Set: 0.25ms
[10.390s][info][gc,phases   ] GC(30)   Merge Heap Roots: 0.17ms
[10.390s][info][gc,phases   ] GC(30)   Evacuate Collection Set: 5.48ms
[10.390s][info][gc,phases   ] GC(30)   Post Evacuate Collection Set: 0.91ms
[10.390s][info][gc,phases   ] GC(30)   Other: 0.19ms
[10.390s][info][gc,heap     ] GC(30) Eden regions: 216->0(257)
[10.390s][info][gc,heap     ] GC(30) Survivor regions: 3->4(28)
[10.390s][info][gc,heap     ] GC(30) Old regions: 304->304
[10.390s][info][gc,heap     ] GC(30) Humongous regions: 5->5
[10.390s][info][gc,metaspace] GC(30) Metaspace: 16964K(17152K)->16964K(17152K) NonClass: 14375K(14464K)->14375K(14464K) Class: 2589K(2688K)->2589K(2688K)
[10.390s][info][gc          ] GC(30) Pause Young (Concurrent Start) (G1 Evacuation Pause) 527M->312M(662M) 7.197ms
[10.390s][info][gc          ] GC(31) Concurrent Mark Cycle
[10.390s][info][gc,marking  ] GC(31) Concurrent Scan Root Regions
[10.392s][info][gc,cpu      ] GC(30) User=0.01s Sys=0.00s Real=0.01s
[10.396s][info][gc,marking  ] GC(31) Concurrent Scan Root Regions 6.420ms
[10.396s][info][gc,marking  ] GC(31) Concurrent Mark
[10.396s][info][gc,marking  ] GC(31) Concurrent Mark From Roots
[10.396s][info][gc,task     ] GC(31) Using 1 workers of 1 for marking
[11.285s][info][gc,marking  ] GC(31) Concurrent Mark From Roots 888.663ms
[11.285s][info][gc,marking  ] GC(31) Concurrent Preclean
[11.285s][info][gc,marking  ] GC(31) Concurrent Preclean 0.024ms
[11.286s][info][gc,start    ] GC(31) Pause Remark
[11.295s][info][gc          ] GC(31) Pause Remark 548M->518M(662M) 9.439ms
[11.295s][info][gc,cpu      ] GC(31) User=0.01s Sys=0.00s Real=0.01s
[11.297s][info][gc,marking  ] GC(31) Concurrent Mark 900.481ms
[11.297s][info][gc,marking  ] GC(31) Concurrent Rebuild Remembered Sets and Scrub Regions
[11.362s][info][gc,start    ] GC(32) Pause Young (Normal) (G1 Evacuation Pause)
[11.362s][info][gc,task     ] GC(32) Using 2 workers of 2 for evacuation
[11.455s][info][gc,phases   ] GC(32)   Pre Evacuate Collection Set: 0.23ms
[11.455s][info][gc,phases   ] GC(32)   Merge Heap Roots: 0.20ms
[11.455s][info][gc,phases   ] GC(32)   Evacuate Collection Set: 91.75ms
[11.455s][info][gc,phases   ] GC(32)   Post Evacuate Collection Set: 0.55ms
[11.455s][info][gc,phases   ] GC(32)   Other: 0.08ms
[11.455s][info][gc,heap     ] GC(32) Eden regions: 257->0(208)
[11.455s][info][gc,heap     ] GC(32) Survivor regions: 4->33(33)
[11.455s][info][gc,heap     ] GC(32) Old regions: 276->320
[11.455s][info][gc,heap     ] GC(32) Humongous regions: 4->4
[11.455s][info][gc,metaspace] GC(32) Metaspace: 16967K(17152K)->16967K(17152K) NonClass: 14378K(14464K)->14378K(14464K) Class: 2589K(2688K)->2589K(2688K)
[11.455s][info][gc          ] GC(32) Pause Young (Normal) (G1 Evacuation Pause) 540M->357M(662M) 93.048ms
[11.455s][info][gc,cpu      ] GC(32) User=0.18s Sys=0.00s Real=0.09s
[11.611s][info][gc,marking  ] GC(31) Concurrent Rebuild Remembered Sets and Scrub Regions 313.678ms
[11.611s][info][gc,start    ] GC(31) Pause Cleanup
[11.611s][info][gc          ] GC(31) Pause Cleanup 420M->420M(662M) 0.100ms
[11.611s][info][gc,cpu      ] GC(31) User=0.00s Sys=0.00s Real=0.01s
[11.612s][info][gc,marking  ] GC(31) Concurrent Clear Claimed Marks
[11.612s][info][gc,marking  ] GC(31) Concurrent Clear Claimed Marks 0.047ms
[11.612s][info][gc,marking  ] GC(31) Concurrent Cleanup for Next Mark
[11.620s][info][gc,marking  ] GC(31) Concurrent Cleanup for Next Mark 8.326ms
[11.620s][info][gc          ] GC(31) Concurrent Mark Cycle 1230.288ms
[11.795s][info][gc,start    ] GC(33) Pause Young (Prepare Mixed) (G1 Evacuation Pause)
[11.796s][info][gc,task     ] GC(33) Using 2 workers of 2 for evacuation
[11.840s][info][gc,phases   ] GC(33)   Pre Evacuate Collection Set: 0.34ms
[11.840s][info][gc,phases   ] GC(33)   Merge Heap Roots: 0.39ms
[11.840s][info][gc,phases   ] GC(33)   Evacuate Collection Set: 43.40ms
[11.840s][info][gc,phases   ] GC(33)   Post Evacuate Collection Set: 0.39ms
[11.840s][info][gc,phases   ] GC(33)   Other: 0.07ms
[11.840s][info][gc,heap     ] GC(33) Eden regions: 208->0(214)
[11.840s][info][gc,heap     ] GC(33) Survivor regions: 33->6(31)
[11.840s][info][gc,heap     ] GC(33) Old regions: 320->354
[11.840s][info][gc,heap     ] GC(33) Humongous regions: 4->4
[11.840s][info][gc,metaspace] GC(33) Metaspace: 16973K(17152K)->16973K(17152K) NonClass: 14384K(14464K)->14384K(14464K) Class: 2589K(2688K)->2589K(2688K)
[11.840s][info][gc          ] GC(33) Pause Young (Prepare Mixed) (G1 Evacuation Pause) 565M->363M(662M) 44.805ms
[11.840s][info][gc,cpu      ] GC(33) User=0.09s Sys=0.00s Real=0.04s
[12.354s][info][gc,start    ] GC(34) Pause Young (Mixed) (G1 Evacuation Pause)
[12.354s][info][gc,task     ] GC(34) Using 2 workers of 2 for evacuation
[12.459s][info][gc,phases   ] GC(34)   Pre Evacuate Collection Set: 0.25ms
[12.459s][info][gc,phases   ] GC(34)   Merge Heap Roots: 0.86ms
[12.459s][info][gc,phases   ] GC(34)   Evacuate Collection Set: 102.94ms
[12.459s][info][gc,phases   ] GC(34)   Post Evacuate Collection Set: 0.42ms
[12.459s][info][gc,phases   ] GC(34)   Other: 0.10ms
[12.459s][info][gc,heap     ] GC(34) Eden regions: 214->0(153)
[12.459s][info][gc,heap     ] GC(34) Survivor regions: 6->28(28)
[12.459s][info][gc,heap     ] GC(34) Old regions: 354->369
[12.459s][info][gc,heap     ] GC(34) Humongous regions: 4->4
[12.459s][info][gc,metaspace] GC(34) Metaspace: 16979K(17152K)->16979K(17152K) NonClass: 14390K(14464K)->14390K(14464K) Class: 2589K(2688K)->2589K(2688K)
[12.459s][info][gc          ] GC(34) Pause Young (Mixed) (G1 Evacuation Pause) 577M->400M(662M) 104.800ms
[12.459s][info][gc,cpu      ] GC(34) User=0.21s Sys=0.00s Real=0.10s
[12.779s][info][gc,start    ] GC(35) Pause Young (Concurrent Start) (G1 Evacuation Pause)
[12.779s][info][gc,task     ] GC(35) Using 2 workers of 2 for evacuation
[12.856s][info][gc,phases   ] GC(35)   Pre Evacuate Collection Set: 0.28ms
[12.856s][info][gc,phases   ] GC(35)   Merge Heap Roots: 0.14ms
[12.856s][info][gc,phases   ] GC(35)   Evacuate Collection Set: 76.12ms
[12.856s][info][gc,phases   ] GC(35)   Post Evacuate Collection Set: 0.48ms
[12.856s][info][gc,phases   ] GC(35)   Other: 0.09ms
[12.856s][info][gc,heap     ] GC(35) Eden regions: 153->0(123)
[12.856s][info][gc,heap     ] GC(35) Survivor regions: 28->23(23)
[12.856s][info][gc,heap     ] GC(35) Old regions: 369->420
[12.856s][info][gc,heap     ] GC(35) Humongous regions: 4->4
[12.856s][info][gc,metaspace] GC(35) Metaspace: 16988K(17216K)->16988K(17216K) NonClass: 14398K(14528K)->14398K(14528K) Class: 2589K(2688K)->2589K(2688K)
[12.856s][info][gc          ] GC(35) Pause Young (Concurrent Start) (G1 Evacuation Pause) 553M->446M(662M) 77.338ms
[12.856s][info][gc          ] GC(36) Concurrent Mark Cycle
[12.856s][info][gc,marking  ] GC(36) Concurrent Scan Root Regions
[12.858s][info][gc,cpu      ] GC(35) User=0.15s Sys=0.00s Real=0.08s
[12.962s][info][gc,marking  ] GC(36) Concurrent Scan Root Regions 106.067ms
[12.962s][info][gc,marking  ] GC(36) Concurrent Mark
[12.962s][info][gc,marking  ] GC(36) Concurrent Mark From Roots
[12.962s][info][gc,task     ] GC(36) Using 1 workers of 1 for marking
[13.244s][info][gc,start    ] GC(37) Pause Young (Normal) (G1 Evacuation Pause)
[13.244s][info][gc,task     ] GC(37) Using 2 workers of 2 for evacuation
[13.356s][info][gc,phases   ] GC(37)   Pre Evacuate Collection Set: 0.31ms
[13.356s][info][gc,phases   ] GC(37)   Merge Heap Roots: 0.46ms
[13.356s][info][gc,phases   ] GC(37)   Evacuate Collection Set: 110.43ms
[13.356s][info][gc,phases   ] GC(37)   Post Evacuate Collection Set: 0.35ms
[13.356s][info][gc,phases   ] GC(37)   Other: 0.07ms
[13.356s][info][gc,heap     ] GC(37) Eden regions: 123->0(86)
[13.356s][info][gc,heap     ] GC(37) Survivor regions: 23->19(19)
[13.356s][info][gc,heap     ] GC(37) Old regions: 420->476
[13.356s][info][gc,heap     ] GC(37) Humongous regions: 5->5
[13.356s][info][gc,metaspace] GC(37) Metaspace: 17008K(17216K)->17008K(17216K) NonClass: 14416K(14528K)->14416K(14528K) Class: 2592K(2688K)->2592K(2688K)
[13.356s][info][gc          ] GC(37) Pause Young (Normal) (G1 Evacuation Pause) 570M->499M(662M) 111.843ms
[13.356s][info][gc,cpu      ] GC(37) User=0.22s Sys=0.00s Real=0.11s
[13.527s][info][gc,start    ] GC(38) Pause Young (Normal) (G1 Evacuation Pause)
[13.527s][info][gc,task     ] GC(38) Using 2 workers of 2 for evacuation
[13.551s][info][gc,phases   ] GC(38)   Pre Evacuate Collection Set: 0.25ms
[13.551s][info][gc,phases   ] GC(38)   Merge Heap Roots: 0.13ms
[13.551s][info][gc,phases   ] GC(38)   Evacuate Collection Set: 22.60ms
[13.551s][info][gc,phases   ] GC(38)   Post Evacuate Collection Set: 1.03ms
[13.551s][info][gc,phases   ] GC(38)   Other: 0.08ms
[13.551s][info][gc,heap     ] GC(38) Eden regions: 86->0(122)
[13.551s][info][gc,heap     ] GC(38) Survivor regions: 19->5(14)
[13.551s][info][gc,heap     ] GC(38) Old regions: 476->495
[13.551s][info][gc,heap     ] GC(38) Humongous regions: 5->5
[13.551s][info][gc,metaspace] GC(38) Metaspace: 17026K(17216K)->17026K(17216K) NonClass: 14431K(14528K)->14431K(14528K) Class: 2594K(2688K)->2594K(2688K)
[13.551s][info][gc          ] GC(38) Pause Young (Normal) (G1 Evacuation Pause) 585M->504M(727M) 24.281ms
[13.551s][info][gc,cpu      ] GC(38) User=0.05s Sys=0.01s Real=0.03s
[13.839s][info][gc,start    ] GC(39) Pause Young (Normal) (G1 Evacuation Pause)
[13.839s][info][gc,task     ] GC(39) Using 2 workers of 2 for evacuation
[13.849s][info][gc,phases   ] GC(39)   Pre Evacuate Collection Set: 0.26ms
[13.849s][info][gc,phases   ] GC(39)   Merge Heap Roots: 0.08ms
[13.849s][info][gc,phases   ] GC(39)   Evacuate Collection Set: 9.39ms
[13.849s][info][gc,phases   ] GC(39)   Post Evacuate Collection Set: 0.28ms
[13.849s][info][gc,phases   ] GC(39)   Other: 0.11ms
[13.849s][info][gc,heap     ] GC(39) Eden regions: 122->0(130)
[13.849s][info][gc,heap     ] GC(39) Survivor regions: 5->10(16)
[13.849s][info][gc,heap     ] GC(39) Old regions: 495->495
[13.849s][info][gc,heap     ] GC(39) Humongous regions: 5->5
[13.849s][info][gc,metaspace] GC(39) Metaspace: 17063K(17216K)->17063K(17216K) NonClass: 14465K(14528K)->14465K(14528K) Class: 2598K(2688K)->2598K(2688K)
[13.849s][info][gc          ] GC(39) Pause Young (Normal) (G1 Evacuation Pause) 626M->509M(727M) 10.296ms
[13.849s][info][gc,cpu      ] GC(39) User=0.02s Sys=0.00s Real=0.01s
[14.155s][info][gc,start    ] GC(40) Pause Young (Normal) (G1 Evacuation Pause)
[14.155s][info][gc,task     ] GC(40) Using 2 workers of 2 for evacuation
[14.178s][info][gc,phases   ] GC(40)   Pre Evacuate Collection Set: 0.35ms
[14.178s][info][gc,phases   ] GC(40)   Merge Heap Roots: 0.07ms
[14.178s][info][gc,phases   ] GC(40)   Evacuate Collection Set: 21.53ms
[14.178s][info][gc,phases   ] GC(40)   Post Evacuate Collection Set: 0.37ms
[14.178s][info][gc,phases   ] GC(40)   Other: 0.06ms
[14.178s][info][gc,heap     ] GC(40) Eden regions: 130->0(131)
[14.178s][info][gc,heap     ] GC(40) Survivor regions: 10->18(18)
[14.178s][info][gc,heap     ] GC(40) Old regions: 495->496
[14.178s][info][gc,heap     ] GC(40) Humongous regions: 5->5
[14.178s][info][gc,metaspace] GC(40) Metaspace: 17072K(17280K)->17072K(17280K) NonClass: 14470K(14592K)->14470K(14592K) Class: 2601K(2688K)->2601K(2688K)
[14.178s][info][gc          ] GC(40) Pause Young (Normal) (G1 Evacuation Pause) 639M->518M(727M) 22.617ms
[14.178s][info][gc,cpu      ] GC(40) User=0.05s Sys=0.00s Real=0.02s
[14.256s][info][gc,marking  ] GC(36) Concurrent Mark From Roots 1293.603ms
[14.256s][info][gc,marking  ] GC(36) Concurrent Preclean
[14.256s][info][gc,marking  ] GC(36) Concurrent Preclean 0.035ms
[14.256s][info][gc,start    ] GC(36) Pause Remark
[14.264s][info][gc          ] GC(36) Pause Remark 530M->481M(784M) 8.335ms
[14.265s][info][gc,cpu      ] GC(36) User=0.01s Sys=0.00s Real=0.01s
[14.266s][info][gc,marking  ] GC(36) Concurrent Mark 1304.101ms
[14.266s][info][gc,marking  ] GC(36) Concurrent Rebuild Remembered Sets and Scrub Regions
[14.658s][info][gc,start    ] GC(41) Pause Young (Normal) (G1 Evacuation Pause)
[14.658s][info][gc,task     ] GC(41) Using 2 workers of 2 for evacuation
[14.704s][info][gc,phases   ] GC(41)   Pre Evacuate Collection Set: 0.37ms
[14.704s][info][gc,phases   ] GC(41)   Merge Heap Roots: 0.14ms
[14.704s][info][gc,phases   ] GC(41)   Evacuate Collection Set: 45.42ms
[14.704s][info][gc,phases   ] GC(41)   Post Evacuate Collection Set: 0.39ms
[14.704s][info][gc,phases   ] GC(41)   Other: 0.11ms
[14.704s][info][gc,heap     ] GC(41) Eden regions: 131->0(170)
[14.704s][info][gc,heap     ] GC(41) Survivor regions: 18->19(19)
[14.705s][info][gc,heap     ] GC(41) Old regions: 448->478
[14.705s][info][gc,heap     ] GC(41) Humongous regions: 4->4
[14.705s][info][gc,metaspace] GC(41) Metaspace: 17096K(17280K)->17096K(17280K) NonClass: 14492K(14592K)->14492K(14592K) Class: 2604K(2688K)->2604K(2688K)
[14.705s][info][gc          ] GC(41) Pause Young (Normal) (G1 Evacuation Pause) 600M->500M(784M) 46.651ms
[14.705s][info][gc,cpu      ] GC(41) User=0.09s Sys=0.00s Real=0.05s
[14.814s][info][gc,marking  ] GC(36) Concurrent Rebuild Remembered Sets and Scrub Regions 547.178ms
[14.814s][info][gc,start    ] GC(36) Pause Cleanup
[14.814s][info][gc          ] GC(36) Pause Cleanup 551M->551M(784M) 0.106ms
[14.814s][info][gc,cpu      ] GC(36) User=0.00s Sys=0.00s Real=0.00s
[14.817s][info][gc,marking  ] GC(36) Concurrent Clear Claimed Marks
[14.817s][info][gc,marking  ] GC(36) Concurrent Clear Claimed Marks 0.045ms
[14.817s][info][gc,marking  ] GC(36) Concurrent Cleanup for Next Mark
[14.827s][info][gc,marking  ] GC(36) Concurrent Cleanup for Next Mark 9.926ms
[14.827s][info][gc          ] GC(36) Concurrent Mark Cycle 1970.468ms
[15.116s][info][gc,start    ] GC(42) Pause Young (Prepare Mixed) (G1 Evacuation Pause)
[15.116s][info][gc,task     ] GC(42) Using 2 workers of 2 for evacuation
[15.197s][info][gc,phases   ] GC(42)   Pre Evacuate Collection Set: 0.28ms
[15.197s][info][gc,phases   ] GC(42)   Merge Heap Roots: 0.24ms
[15.197s][info][gc,phases   ] GC(42)   Evacuate Collection Set: 79.56ms
[15.197s][info][gc,phases   ] GC(42)   Post Evacuate Collection Set: 0.50ms
[15.197s][info][gc,phases   ] GC(42)   Other: 0.09ms
[15.197s][info][gc,heap     ] GC(42) Eden regions: 170->0(122)
[15.197s][info][gc,heap     ] GC(42) Survivor regions: 19->24(24)
[15.197s][info][gc,heap     ] GC(42) Old regions: 478->537
[15.197s][info][gc,heap     ] GC(42) Humongous regions: 4->4
[15.197s][info][gc,metaspace] GC(42) Metaspace: 17101K(17280K)->17101K(17280K) NonClass: 14497K(14592K)->14497K(14592K) Class: 2604K(2688K)->2604K(2688K)
[15.197s][info][gc          ] GC(42) Pause Young (Prepare Mixed) (G1 Evacuation Pause) 670M->564M(784M) 80.860ms
[15.197s][info][gc,cpu      ] GC(42) User=0.16s Sys=0.01s Real=0.08s
[15.358s][info][gc,start    ] GC(43) Pause Young (Mixed) (G1 Evacuation Pause)
[15.358s][info][gc,task     ] GC(43) Using 2 workers of 2 for evacuation
[15.434s][info][gc,phases   ] GC(43)   Pre Evacuate Collection Set: 2.64ms
[15.434s][info][gc,phases   ] GC(43)   Merge Heap Roots: 0.61ms
[15.434s][info][gc,phases   ] GC(43)   Evacuate Collection Set: 71.56ms
[15.434s][info][gc,phases   ] GC(43)   Post Evacuate Collection Set: 0.42ms
[15.434s][info][gc,phases   ] GC(43)   Other: 0.09ms
[15.434s][info][gc,heap     ] GC(43) Eden regions: 122->0(119)
[15.434s][info][gc,heap     ] GC(43) Survivor regions: 24->19(19)
[15.434s][info][gc,heap     ] GC(43) Old regions: 537->544
[15.434s][info][gc,heap     ] GC(43) Humongous regions: 4->4
[15.434s][info][gc,metaspace] GC(43) Metaspace: 17101K(17280K)->17101K(17280K) NonClass: 14497K(14592K)->14497K(14592K) Class: 2604K(2688K)->2604K(2688K)
[15.434s][info][gc          ] GC(43) Pause Young (Mixed) (G1 Evacuation Pause) 686M->567M(784M) 75.560ms
[15.434s][info][gc,cpu      ] GC(43) User=0.15s Sys=0.00s Real=0.08s
[15.562s][info][gc,start    ] GC(44) Pause Young (Concurrent Start) (G1 Evacuation Pause)
[15.562s][info][gc,task     ] GC(44) Using 2 workers of 2 for evacuation
[15.623s][info][gc,phases   ] GC(44)   Pre Evacuate Collection Set: 0.27ms
[15.623s][info][gc,phases   ] GC(44)   Merge Heap Roots: 0.25ms
[15.623s][info][gc,phases   ] GC(44)   Evacuate Collection Set: 59.36ms
[15.623s][info][gc,phases   ] GC(44)   Post Evacuate Collection Set: 1.14ms
[15.623s][info][gc,phases   ] GC(44)   Other: 0.10ms
[15.623s][info][gc,heap     ] GC(44) Eden regions: 119->0(129)
[15.623s][info][gc,heap     ] GC(44) Survivor regions: 19->18(18)
[15.623s][info][gc,heap     ] GC(44) Old regions: 544->572
[15.623s][info][gc,heap     ] GC(44) Humongous regions: 4->4
[15.623s][info][gc,metaspace] GC(44) Metaspace: 17102K(17280K)->17102K(17280K) NonClass: 14498K(14592K)->14498K(14592K) Class: 2604K(2688K)->2604K(2688K)
[15.623s][info][gc          ] GC(44) Pause Young (Concurrent Start) (G1 Evacuation Pause) 686M->594M(823M) 61.310ms
[15.623s][info][gc          ] GC(45) Concurrent Mark Cycle
[15.623s][info][gc,marking  ] GC(45) Concurrent Scan Root Regions
[15.624s][info][gc,cpu      ] GC(44) User=0.12s Sys=0.00s Real=0.06s
[15.700s][info][gc,marking  ] GC(45) Concurrent Scan Root Regions 76.157ms
[15.700s][info][gc,marking  ] GC(45) Concurrent Mark
[15.700s][info][gc,marking  ] GC(45) Concurrent Mark From Roots
[15.700s][info][gc,task     ] GC(45) Using 1 workers of 1 for marking
[16.087s][info][gc,start    ] GC(46) Pause Young (Normal) (G1 Evacuation Pause)
[16.087s][info][gc,task     ] GC(46) Using 2 workers of 2 for evacuation
[16.195s][info][gc,phases   ] GC(46)   Pre Evacuate Collection Set: 0.27ms
[16.195s][info][gc,phases   ] GC(46)   Merge Heap Roots: 0.34ms
[16.195s][info][gc,phases   ] GC(46)   Evacuate Collection Set: 106.13ms
[16.195s][info][gc,phases   ] GC(46)   Post Evacuate Collection Set: 0.71ms
[16.195s][info][gc,phases   ] GC(46)   Other: 0.10ms
[16.195s][info][gc,heap     ] GC(46) Eden regions: 129->0(99)
[16.195s][info][gc,heap     ] GC(46) Survivor regions: 18->19(19)
[16.195s][info][gc,heap     ] GC(46) Old regions: 572->617
[16.195s][info][gc,heap     ] GC(46) Humongous regions: 7->7
[16.195s][info][gc,metaspace] GC(46) Metaspace: 17115K(17280K)->17115K(17280K) NonClass: 14508K(14592K)->14508K(14592K) Class: 2607K(2688K)->2607K(2688K)
[16.195s][info][gc          ] GC(46) Pause Young (Normal) (G1 Evacuation Pause) 726M->642M(823M) 107.796ms
[16.195s][info][gc,cpu      ] GC(46) User=0.21s Sys=0.00s Real=0.11s
[16.396s][info][gc,start    ] GC(47) Pause Young (Normal) (G1 Evacuation Pause)
[16.396s][info][gc,task     ] GC(47) Using 2 workers of 2 for evacuation
[16.442s][info][gc,phases   ] GC(47)   Pre Evacuate Collection Set: 0.40ms
[16.442s][info][gc,phases   ] GC(47)   Merge Heap Roots: 0.61ms
[16.442s][info][gc,phases   ] GC(47)   Evacuate Collection Set: 44.68ms
[16.442s][info][gc,phases   ] GC(47)   Post Evacuate Collection Set: 0.31ms
[16.442s][info][gc,phases   ] GC(47)   Other: 0.07ms
[16.442s][info][gc,heap     ] GC(47) Eden regions: 99->0(99)
[16.442s][info][gc,heap     ] GC(47) Survivor regions: 19->12(15)
[16.442s][info][gc,heap     ] GC(47) Old regions: 617->636
[16.442s][info][gc,heap     ] GC(47) Humongous regions: 7->7
[16.442s][info][gc,metaspace] GC(47) Metaspace: 17116K(17280K)->17116K(17280K) NonClass: 14509K(14592K)->14509K(14592K) Class: 2607K(2688K)->2607K(2688K)
[16.442s][info][gc          ] GC(47) Pause Young (Normal) (G1 Evacuation Pause) 741M->654M(823M) 46.296ms
[16.442s][info][gc,cpu      ] GC(47) User=0.09s Sys=0.00s Real=0.05s
[16.496s][info][gc,marking  ] GC(45) Concurrent Mark From Roots 795.907ms
[16.496s][info][gc,marking  ] GC(45) Concurrent Preclean
[16.496s][info][gc,marking  ] GC(45) Concurrent Preclean 0.027ms
[16.496s][info][gc,start    ] GC(45) Pause Remark
[16.503s][info][gc          ] GC(45) Pause Remark 691M->450M(823M) 6.475ms
[16.503s][info][gc,cpu      ] GC(45) User=0.01s Sys=0.00s Real=0.01s
[16.506s][info][gc,marking  ] GC(45) Concurrent Mark 806.362ms
[16.506s][info][gc,marking  ] GC(45) Concurrent Rebuild Remembered Sets and Scrub Regions
[16.612s][info][gc,start    ] GC(48) Pause Young (Normal) (G1 Evacuation Pause)
[16.612s][info][gc,task     ] GC(48) Using 2 workers of 2 for evacuation
[16.639s][info][gc,phases   ] GC(48)   Pre Evacuate Collection Set: 0.24ms
[16.639s][info][gc,phases   ] GC(48)   Merge Heap Roots: 0.18ms
[16.639s][info][gc,phases   ] GC(48)   Evacuate Collection Set: 26.13ms
[16.639s][info][gc,phases   ] GC(48)   Post Evacuate Collection Set: 0.31ms
[16.639s][info][gc,phases   ] GC(48)   Other: 0.08ms
[16.639s][info][gc,heap     ] GC(48) Eden regions: 99->0(238)
[16.639s][info][gc,heap     ] GC(48) Survivor regions: 12->10(14)
[16.639s][info][gc,heap     ] GC(48) Old regions: 398->410
[16.639s][info][gc,heap     ] GC(48) Humongous regions: 4->4
[16.639s][info][gc,metaspace] GC(48) Metaspace: 17116K(17280K)->17116K(17280K) NonClass: 14509K(14592K)->14509K(14592K) Class: 2607K(2688K)->2607K(2688K)
[16.639s][info][gc          ] GC(48) Pause Young (Normal) (G1 Evacuation Pause) 512M->423M(823M) 27.126ms
[16.639s][info][gc,cpu      ] GC(48) User=0.05s Sys=0.00s Real=0.02s
[16.885s][info][gc,marking  ] GC(45) Concurrent Rebuild Remembered Sets and Scrub Regions 378.968ms
[16.887s][info][gc,start    ] GC(45) Pause Cleanup
[16.887s][info][gc          ] GC(45) Pause Cleanup 524M->524M(823M) 0.154ms
[16.887s][info][gc,cpu      ] GC(45) User=0.00s Sys=0.00s Real=0.00s
[16.888s][info][gc,marking  ] GC(45) Concurrent Clear Claimed Marks
[16.888s][info][gc,marking  ] GC(45) Concurrent Clear Claimed Marks 0.046ms
[16.888s][info][gc,marking  ] GC(45) Concurrent Cleanup for Next Mark
[16.895s][info][gc,marking  ] GC(45) Concurrent Cleanup for Next Mark 6.449ms
[16.895s][info][gc          ] GC(45) Concurrent Mark Cycle 1271.451ms
[17.054s][info][gc,start    ] GC(49) Pause Young (Prepare Mixed) (G1 Evacuation Pause)
[17.054s][info][gc,task     ] GC(49) Using 2 workers of 2 for evacuation
[17.118s][info][gc,phases   ] GC(49)   Pre Evacuate Collection Set: 0.38ms
[17.118s][info][gc,phases   ] GC(49)   Merge Heap Roots: 0.86ms
[17.118s][info][gc,phases   ] GC(49)   Evacuate Collection Set: 62.35ms
[17.118s][info][gc,phases   ] GC(49)   Post Evacuate Collection Set: 0.53ms
[17.118s][info][gc,phases   ] GC(49)   Other: 0.09ms
[17.118s][info][gc,heap     ] GC(49) Eden regions: 238->0(221)
[17.118s][info][gc,heap     ] GC(49) Survivor regions: 10->31(31)
[17.118s][info][gc,heap     ] GC(49) Old regions: 410->423
[17.118s][info][gc,heap     ] GC(49) Humongous regions: 7->7
[17.118s][info][gc,metaspace] GC(49) Metaspace: 17122K(17280K)->17122K(17280K) NonClass: 14515K(14592K)->14515K(14592K) Class: 2607K(2688K)->2607K(2688K)
[17.118s][info][gc          ] GC(49) Pause Young (Prepare Mixed) (G1 Evacuation Pause) 664M->461M(823M) 64.444ms
[17.118s][info][gc,cpu      ] GC(49) User=0.12s Sys=0.00s Real=0.06s
[17.393s][info][gc,start    ] GC(50) Pause Young (Mixed) (G1 Evacuation Pause)
[17.393s][info][gc,task     ] GC(50) Using 2 workers of 2 for evacuation
[17.530s][info][gc,phases   ] GC(50)   Pre Evacuate Collection Set: 0.45ms
[17.530s][info][gc,phases   ] GC(50)   Merge Heap Roots: 0.74ms
[17.530s][info][gc,phases   ] GC(50)   Evacuate Collection Set: 134.47ms
[17.530s][info][gc,phases   ] GC(50)   Post Evacuate Collection Set: 1.10ms
[17.530s][info][gc,phases   ] GC(50)   Other: 0.11ms
[17.530s][info][gc,heap     ] GC(50) Eden regions: 221->0(285)
[17.530s][info][gc,heap     ] GC(50) Survivor regions: 31->30(32)
[17.530s][info][gc,heap     ] GC(50) Old regions: 423->372
[17.530s][info][gc,heap     ] GC(50) Humongous regions: 7->7
[17.530s][info][gc,metaspace] GC(50) Metaspace: 17136K(17280K)->17136K(17280K) NonClass: 14523K(14592K)->14523K(14592K) Class: 2613K(2688K)->2613K(2688K)
[17.530s][info][gc          ] GC(50) Pause Young (Mixed) (G1 Evacuation Pause) 682M->408M(861M) 137.129ms
[17.530s][info][gc,cpu      ] GC(50) User=0.27s Sys=0.00s Real=0.13s
[17.838s][info][gc,start    ] GC(51) Pause Young (Mixed) (G1 Evacuation Pause)
[17.838s][info][gc,task     ] GC(51) Using 2 workers of 2 for evacuation
[17.911s][info][gc,phases   ] GC(51)   Pre Evacuate Collection Set: 0.27ms
[17.911s][info][gc,phases   ] GC(51)   Merge Heap Roots: 0.49ms
[17.911s][info][gc,phases   ] GC(51)   Evacuate Collection Set: 70.94ms
[17.911s][info][gc,phases   ] GC(51)   Post Evacuate Collection Set: 0.53ms
[17.911s][info][gc,phases   ] GC(51)   Other: 0.16ms
[17.911s][info][gc,heap     ] GC(51) Eden regions: 285->0(291)
[17.911s][info][gc,heap     ] GC(51) Survivor regions: 30->10(40)
[17.911s][info][gc,heap     ] GC(51) Old regions: 372->389
[17.911s][info][gc,heap     ] GC(51) Humongous regions: 7->7
[17.911s][info][gc,metaspace] GC(51) Metaspace: 17137K(17280K)->17137K(17280K) NonClass: 14524K(14592K)->14524K(14592K) Class: 2613K(2688K)->2613K(2688K)
[17.911s][info][gc          ] GC(51) Pause Young (Mixed) (G1 Evacuation Pause) 693M->405M(861M) 72.602ms
[17.911s][info][gc,cpu      ] GC(51) User=0.14s Sys=0.00s Real=0.07s
[18.546s][info][gc,start    ] GC(52) Pause Young (Concurrent Start) (G1 Evacuation Pause)
[18.546s][info][gc,task     ] GC(52) Using 2 workers of 2 for evacuation
[18.603s][info][gc,phases   ] GC(52)   Pre Evacuate Collection Set: 0.27ms
[18.603s][info][gc,phases   ] GC(52)   Merge Heap Roots: 0.32ms
[18.603s][info][gc,phases   ] GC(52)   Evacuate Collection Set: 55.10ms
[18.603s][info][gc,phases   ] GC(52)   Post Evacuate Collection Set: 0.66ms
[18.603s][info][gc,phases   ] GC(52)   Other: 0.14ms
[18.603s][info][gc,heap     ] GC(52) Eden regions: 291->0(279)
[18.603s][info][gc,heap     ] GC(52) Survivor regions: 10->38(38)
[18.603s][info][gc,heap     ] GC(52) Old regions: 389->399
[18.603s][info][gc,heap     ] GC(52) Humongous regions: 7->7
[18.603s][info][gc,metaspace] GC(52) Metaspace: 17140K(17280K)->17140K(17280K) NonClass: 14527K(14592K)->14527K(14592K) Class: 2613K(2688K)->2613K(2688K)
[18.603s][info][gc          ] GC(52) Pause Young (Concurrent Start) (G1 Evacuation Pause) 696M->443M(861M) 56.683ms
[18.603s][info][gc          ] GC(53) Concurrent Mark Cycle
[18.603s][info][gc,marking  ] GC(53) Concurrent Scan Root Regions
[18.603s][info][gc,cpu      ] GC(52) User=0.11s Sys=0.00s Real=0.06s
[18.688s][info][gc,marking  ] GC(53) Concurrent Scan Root Regions 84.820ms
[18.688s][info][gc,marking  ] GC(53) Concurrent Mark
[18.688s][info][gc,marking  ] GC(53) Concurrent Mark From Roots
[18.688s][info][gc,task     ] GC(53) Using 1 workers of 1 for marking
[19.724s][info][gc,marking  ] GC(53) Concurrent Mark From Roots 1035.609ms
[19.724s][info][gc,marking  ] GC(53) Concurrent Preclean
[19.724s][info][gc,marking  ] GC(53) Concurrent Preclean 0.024ms
[19.724s][info][gc,start    ] GC(53) Pause Remark
[19.731s][info][gc          ] GC(53) Pause Remark 636M->558M(861M) 6.632ms
[19.731s][info][gc,cpu      ] GC(53) User=0.02s Sys=0.00s Real=0.01s
[19.731s][info][gc,marking  ] GC(53) Concurrent Mark 1043.050ms
[19.731s][info][gc,marking  ] GC(53) Concurrent Rebuild Remembered Sets and Scrub Regions
[20.075s][info][gc,marking  ] GC(53) Concurrent Rebuild Remembered Sets and Scrub Regions 343.766ms
[20.075s][info][gc,start    ] GC(53) Pause Cleanup
[20.075s][info][gc          ] GC(53) Pause Cleanup 632M->632M(861M) 0.105ms
[20.075s][info][gc,cpu      ] GC(53) User=0.00s Sys=0.00s Real=0.00s
[20.075s][info][gc,marking  ] GC(53) Concurrent Clear Claimed Marks
[20.075s][info][gc,marking  ] GC(53) Concurrent Clear Claimed Marks 0.028ms
[20.075s][info][gc,marking  ] GC(53) Concurrent Cleanup for Next Mark
[20.080s][info][gc,marking  ] GC(53) Concurrent Cleanup for Next Mark 4.967ms
[20.080s][info][gc          ] GC(53) Concurrent Mark Cycle 1477.166ms
[20.110s][info][gc,start    ] GC(54) Pause Young (Prepare Mixed) (G1 Evacuation Pause)
[20.110s][info][gc,task     ] GC(54) Using 2 workers of 2 for evacuation
[20.150s][info][gc,phases   ] GC(54)   Pre Evacuate Collection Set: 0.27ms
[20.150s][info][gc,phases   ] GC(54)   Merge Heap Roots: 0.29ms
[20.150s][info][gc,phases   ] GC(54)   Evacuate Collection Set: 39.17ms
[20.150s][info][gc,phases   ] GC(54)   Post Evacuate Collection Set: 0.44ms
[20.150s][info][gc,phases   ] GC(54)   Other: 0.07ms
[20.150s][info][gc,heap     ] GC(54) Eden regions: 279->0(343)
[20.150s][info][gc,heap     ] GC(54) Survivor regions: 38->1(40)
[20.150s][info][gc,heap     ] GC(54) Old regions: 324->362
[20.150s][info][gc,heap     ] GC(54) Humongous regions: 4->4
[20.150s][info][gc,metaspace] GC(54) Metaspace: 17172K(17344K)->17172K(17344K) NonClass: 14558K(14656K)->14558K(14656K) Class: 2613K(2688K)->2613K(2688K)
[20.150s][info][gc          ] GC(54) Pause Young (Prepare Mixed) (G1 Evacuation Pause) 644M->367M(861M) 40.418ms
[20.150s][info][gc,cpu      ] GC(54) User=0.08s Sys=0.00s Real=0.04s
[21.080s][info][gc,start    ] GC(55) Pause Young (Mixed) (G1 Evacuation Pause)
[21.080s][info][gc,task     ] GC(55) Using 2 workers of 2 for evacuation
[21.095s][info][gc,phases   ] GC(55)   Pre Evacuate Collection Set: 0.34ms
[21.095s][info][gc,phases   ] GC(55)   Merge Heap Roots: 0.42ms
[21.095s][info][gc,phases   ] GC(55)   Evacuate Collection Set: 13.75ms
[21.095s][info][gc,phases   ] GC(55)   Post Evacuate Collection Set: 0.51ms
[21.095s][info][gc,phases   ] GC(55)   Other: 0.12ms
[21.095s][info][gc,heap     ] GC(55) Eden regions: 343->0(354)
[21.095s][info][gc,heap     ] GC(55) Survivor regions: 1->1(43)
[21.095s][info][gc,heap     ] GC(55) Old regions: 362->343
[21.095s][info][gc,heap     ] GC(55) Humongous regions: 4->4
[21.095s][info][gc,metaspace] GC(55) Metaspace: 17173K(17344K)->17173K(17344K) NonClass: 14560K(14656K)->14560K(14656K) Class: 2613K(2688K)->2613K(2688K)
[21.095s][info][gc          ] GC(55) Pause Young (Mixed) (G1 Evacuation Pause) 710M->348M(861M) 15.345ms
[21.095s][info][gc,cpu      ] GC(55) User=0.03s Sys=0.00s Real=0.02s
[21.726s][info][gc,start    ] GC(56) Pause Young (Concurrent Start) (G1 Evacuation Pause)
[21.726s][info][gc,task     ] GC(56) Using 2 workers of 2 for evacuation
[21.814s][info][gc,phases   ] GC(56)   Pre Evacuate Collection Set: 0.27ms
[21.814s][info][gc,phases   ] GC(56)   Merge Heap Roots: 0.27ms
[21.814s][info][gc,phases   ] GC(56)   Evacuate Collection Set: 86.75ms
[21.814s][info][gc,phases   ] GC(56)   Post Evacuate Collection Set: 0.74ms
[21.814s][info][gc,phases   ] GC(56)   Other: 0.11ms
[21.814s][info][gc,heap     ] GC(56) Eden regions: 354->0(288)
[21.814s][info][gc,heap     ] GC(56) Survivor regions: 1->45(45)
[21.814s][info][gc,heap     ] GC(56) Old regions: 343->387
[21.814s][info][gc,heap     ] GC(56) Humongous regions: 4->4
[21.814s][info][gc,metaspace] GC(56) Metaspace: 17199K(17344K)->17199K(17344K) NonClass: 14585K(14656K)->14585K(14656K) Class: 2614K(2688K)->2614K(2688K)
[21.814s][info][gc          ] GC(56) Pause Young (Concurrent Start) (G1 Evacuation Pause) 702M->435M(861M) 88.393ms
[21.814s][info][gc,cpu      ] GC(56) User=0.18s Sys=0.00s Real=0.09s
[21.814s][info][gc          ] GC(57) Concurrent Mark Cycle
[21.815s][info][gc,marking  ] GC(57) Concurrent Scan Root Regions
[21.910s][info][gc,marking  ] GC(57) Concurrent Scan Root Regions 95.630ms
[21.910s][info][gc,marking  ] GC(57) Concurrent Mark
[21.910s][info][gc,marking  ] GC(57) Concurrent Mark From Roots
[21.910s][info][gc,task     ] GC(57) Using 1 workers of 1 for marking
[22.388s][info][gc,start    ] GC(58) Pause Young (Normal) (G1 Evacuation Pause)
[22.388s][info][gc,task     ] GC(58) Using 2 workers of 2 for evacuation
[22.505s][info][gc,phases   ] GC(58)   Pre Evacuate Collection Set: 0.26ms
[22.506s][info][gc,phases   ] GC(58)   Merge Heap Roots: 0.54ms
[22.506s][info][gc,phases   ] GC(58)   Evacuate Collection Set: 115.70ms
[22.506s][info][gc,phases   ] GC(58)   Post Evacuate Collection Set: 1.09ms
[22.506s][info][gc,phases   ] GC(58)   Other: 0.11ms
[22.506s][info][gc,heap     ] GC(58) Eden regions: 288->0(274)
[22.506s][info][gc,heap     ] GC(58) Survivor regions: 45->42(42)
[22.506s][info][gc,heap     ] GC(58) Old regions: 387->441
[22.506s][info][gc,heap     ] GC(58) Humongous regions: 7->7
[22.506s][info][gc,metaspace] GC(58) Metaspace: 17206K(17344K)->17206K(17344K) NonClass: 14592K(14656K)->14592K(14656K) Class: 2614K(2688K)->2614K(2688K)
[22.506s][info][gc          ] GC(58) Pause Young (Normal) (G1 Evacuation Pause) 726M->489M(901M) 117.918ms
[22.506s][info][gc,cpu      ] GC(58) User=0.23s Sys=0.00s Real=0.12s
[23.072s][info][gc,start    ] GC(59) Pause Young (Normal) (G1 Evacuation Pause)
[23.072s][info][gc,task     ] GC(59) Using 2 workers of 2 for evacuation
[23.175s][info][gc,phases   ] GC(59)   Pre Evacuate Collection Set: 0.28ms
[23.175s][info][gc,phases   ] GC(59)   Merge Heap Roots: 0.39ms
[23.175s][info][gc,phases   ] GC(59)   Evacuate Collection Set: 101.34ms
[23.175s][info][gc,phases   ] GC(59)   Post Evacuate Collection Set: 0.51ms
[23.175s][info][gc,phases   ] GC(59)   Other: 0.13ms
[23.175s][info][gc,heap     ] GC(59) Eden regions: 274->0(259)
[23.175s][info][gc,heap     ] GC(59) Survivor regions: 42->27(40)
[23.175s][info][gc,heap     ] GC(59) Old regions: 441->483
[23.175s][info][gc,heap     ] GC(59) Humongous regions: 8->8
[23.175s][info][gc,metaspace] GC(59) Metaspace: 17206K(17344K)->17206K(17344K) NonClass: 14592K(14656K)->14592K(14656K) Class: 2614K(2688K)->2614K(2688K)
[23.175s][info][gc          ] GC(59) Pause Young (Normal) (G1 Evacuation Pause) 764M->518M(901M) 102.901ms
[23.175s][info][gc,cpu      ] GC(59) User=0.20s Sys=0.00s Real=0.10s
[23.355s][info][gc,marking  ] GC(57) Concurrent Mark From Roots 1444.833ms
[23.355s][info][gc,marking  ] GC(57) Concurrent Preclean
[23.355s][info][gc,marking  ] GC(57) Concurrent Preclean 0.024ms
[23.356s][info][gc,start    ] GC(57) Pause Remark
[23.365s][info][gc          ] GC(57) Pause Remark 619M->611M(901M) 9.754ms
[23.365s][info][gc,cpu      ] GC(57) User=0.02s Sys=0.00s Real=0.01s
[23.366s][info][gc,marking  ] GC(57) Concurrent Mark 1455.687ms
[23.366s][info][gc,marking  ] GC(57) Concurrent Rebuild Remembered Sets and Scrub Regions
[23.589s][info][gc,start    ] GC(60) Pause Young (Normal) (G1 Evacuation Pause)
[23.589s][info][gc,task     ] GC(60) Using 2 workers of 2 for evacuation
[23.680s][info][gc,phases   ] GC(60)   Pre Evacuate Collection Set: 0.28ms
[23.680s][info][gc,phases   ] GC(60)   Merge Heap Roots: 0.45ms
[23.680s][info][gc,phases   ] GC(60)   Evacuate Collection Set: 89.54ms
[23.680s][info][gc,phases   ] GC(60)   Post Evacuate Collection Set: 0.46ms
[23.680s][info][gc,phases   ] GC(60)   Other: 0.08ms
[23.680s][info][gc,heap     ] GC(60) Eden regions: 259->0(247)
[23.680s][info][gc,heap     ] GC(60) Survivor regions: 27->31(36)
[23.680s][info][gc,heap     ] GC(60) Old regions: 475->502
[23.680s][info][gc,heap     ] GC(60) Humongous regions: 8->8
[23.680s][info][gc,metaspace] GC(60) Metaspace: 17209K(17408K)->17209K(17408K) NonClass: 14595K(14720K)->14595K(14720K) Class: 2614K(2688K)->2614K(2688K)
[23.680s][info][gc          ] GC(60) Pause Young (Normal) (G1 Evacuation Pause) 769M->540M(901M) 91.039ms
[23.680s][info][gc,cpu      ] GC(60) User=0.18s Sys=0.00s Real=0.09s
[23.995s][info][gc,marking  ] GC(57) Concurrent Rebuild Remembered Sets and Scrub Regions 629.309ms
[23.996s][info][gc,start    ] GC(57) Pause Cleanup
[23.996s][info][gc          ] GC(57) Pause Cleanup 754M->754M(901M) 0.088ms
[23.996s][info][gc,cpu      ] GC(57) User=0.00s Sys=0.00s Real=0.00s
[24.000s][info][gc,marking  ] GC(57) Concurrent Clear Claimed Marks
[24.000s][info][gc,marking  ] GC(57) Concurrent Clear Claimed Marks 0.034ms
[24.000s][info][gc,marking  ] GC(57) Concurrent Cleanup for Next Mark
[24.010s][info][gc,marking  ] GC(57) Concurrent Cleanup for Next Mark 10.276ms
[24.010s][info][gc          ] GC(57) Concurrent Mark Cycle 2195.913ms
[24.067s][info][gc,start    ] GC(61) Pause Young (Prepare Mixed) (G1 Evacuation Pause)
[24.067s][info][gc,task     ] GC(61) Using 2 workers of 2 for evacuation
[24.116s][info][gc,phases   ] GC(61)   Pre Evacuate Collection Set: 0.26ms
[24.116s][info][gc,phases   ] GC(61)   Merge Heap Roots: 0.28ms
[24.116s][info][gc,phases   ] GC(61)   Evacuate Collection Set: 47.72ms
[24.116s][info][gc,phases   ] GC(61)   Post Evacuate Collection Set: 0.43ms
[24.116s][info][gc,phases   ] GC(61)   Other: 0.09ms
[24.116s][info][gc,heap     ] GC(61) Eden regions: 247->0(252)
[24.116s][info][gc,heap     ] GC(61) Survivor regions: 31->11(35)
[24.116s][info][gc,heap     ] GC(61) Old regions: 502->533
[24.116s][info][gc,heap     ] GC(61) Humongous regions: 8->8
[24.116s][info][gc,metaspace] GC(61) Metaspace: 17226K(17408K)->17226K(17408K) NonClass: 14612K(14720K)->14612K(14720K) Class: 2614K(2688K)->2614K(2688K)
[24.116s][info][gc          ] GC(61) Pause Young (Prepare Mixed) (G1 Evacuation Pause) 787M->551M(901M) 49.003ms
[24.116s][info][gc,cpu      ] GC(61) User=0.10s Sys=0.00s Real=0.05s
[24.587s][info][gc,start    ] GC(62) Pause Young (Mixed) (G1 Evacuation Pause)
[24.587s][info][gc,task     ] GC(62) Using 2 workers of 2 for evacuation
[24.624s][info][gc,phases   ] GC(62)   Pre Evacuate Collection Set: 0.44ms
[24.624s][info][gc,phases   ] GC(62)   Merge Heap Roots: 0.21ms
[24.624s][info][gc,phases   ] GC(62)   Evacuate Collection Set: 35.35ms
[24.624s][info][gc,phases   ] GC(62)   Post Evacuate Collection Set: 0.44ms
[24.624s][info][gc,phases   ] GC(62)   Other: 0.07ms
[24.624s][info][gc,heap     ] GC(62) Eden regions: 252->0(245)
[24.624s][info][gc,heap     ] GC(62) Survivor regions: 11->32(33)
[24.624s][info][gc,heap     ] GC(62) Old regions: 533->525
[24.624s][info][gc,heap     ] GC(62) Humongous regions: 8->8
[24.624s][info][gc,metaspace] GC(62) Metaspace: 17242K(17408K)->17242K(17408K) NonClass: 14628K(14720K)->14628K(14720K) Class: 2614K(2688K)->2614K(2688K)
[24.624s][info][gc          ] GC(62) Pause Young (Mixed) (G1 Evacuation Pause) 803M->564M(901M) 36.726ms
[24.624s][info][gc,cpu      ] GC(62) User=0.07s Sys=0.00s Real=0.04s
[25.281s][info][gc,start    ] GC(63) Pause Young (Concurrent Start) (G1 Evacuation Pause)
[25.281s][info][gc,task     ] GC(63) Using 2 workers of 2 for evacuation
[25.384s][info][gc,phases   ] GC(63)   Pre Evacuate Collection Set: 0.40ms
[25.384s][info][gc,phases   ] GC(63)   Merge Heap Roots: 0.65ms
[25.384s][info][gc,phases   ] GC(63)   Evacuate Collection Set: 101.78ms
[25.384s][info][gc,phases   ] GC(63)   Post Evacuate Collection Set: 0.49ms
[25.384s][info][gc,phases   ] GC(63)   Other: 0.22ms
[25.384s][info][gc,heap     ] GC(63) Eden regions: 245->0(228)
[25.384s][info][gc,heap     ] GC(63) Survivor regions: 32->26(35)
[25.384s][info][gc,heap     ] GC(63) Old regions: 525->556
[25.384s][info][gc,heap     ] GC(63) Humongous regions: 8->8
[25.384s][info][gc,metaspace] GC(63) Metaspace: 17254K(17408K)->17254K(17408K) NonClass: 14639K(14720K)->14639K(14720K) Class: 2615K(2688K)->2615K(2688K)
[25.384s][info][gc          ] GC(63) Pause Young (Concurrent Start) (G1 Evacuation Pause) 809M->589M(901M) 103.804ms
[25.384s][info][gc,cpu      ] GC(63) User=0.20s Sys=0.00s Real=0.11s
[25.384s][info][gc          ] GC(64) Concurrent Mark Cycle
[25.384s][info][gc,marking  ] GC(64) Concurrent Scan Root Regions
[25.483s][info][gc,marking  ] GC(64) Concurrent Scan Root Regions 98.512ms
[25.483s][info][gc,marking  ] GC(64) Concurrent Mark
[25.483s][info][gc,marking  ] GC(64) Concurrent Mark From Roots
[25.483s][info][gc,task     ] GC(64) Using 1 workers of 1 for marking
[26.012s][info][gc,start    ] GC(65) Pause Young (Normal) (G1 Evacuation Pause)
[26.012s][info][gc,task     ] GC(65) Using 2 workers of 2 for evacuation
[26.089s][info][gc,phases   ] GC(65)   Pre Evacuate Collection Set: 0.42ms
[26.089s][info][gc,phases   ] GC(65)   Merge Heap Roots: 0.17ms
[26.089s][info][gc,phases   ] GC(65)   Evacuate Collection Set: 76.18ms
[26.089s][info][gc,phases   ] GC(65)   Post Evacuate Collection Set: 0.61ms
[26.089s][info][gc,phases   ] GC(65)   Other: 0.09ms
[26.089s][info][gc,heap     ] GC(65) Eden regions: 228->0(161)
[26.089s][info][gc,heap     ] GC(65) Survivor regions: 26->32(32)
[26.089s][info][gc,heap     ] GC(65) Old regions: 556->606
[26.089s][info][gc,heap     ] GC(65) Humongous regions: 8->8
[26.089s][info][gc,metaspace] GC(65) Metaspace: 17277K(17408K)->17277K(17408K) NonClass: 14662K(14720K)->14662K(14720K) Class: 2615K(2688K)->2615K(2688K)
[26.089s][info][gc          ] GC(65) Pause Young (Normal) (G1 Evacuation Pause) 817M->645M(901M) 77.686ms
[26.089s][info][gc,cpu      ] GC(65) User=0.15s Sys=0.00s Real=0.07s
[26.594s][info][gc,start    ] GC(66) Pause Young (Normal) (G1 Evacuation Pause)
[26.595s][info][gc,task     ] GC(66) Using 2 workers of 2 for evacuation
[26.646s][info][gc,phases   ] GC(66)   Pre Evacuate Collection Set: 0.45ms
[26.646s][info][gc,phases   ] GC(66)   Merge Heap Roots: 0.46ms
[26.646s][info][gc,phases   ] GC(66)   Evacuate Collection Set: 50.25ms
[26.646s][info][gc,phases   ] GC(66)   Post Evacuate Collection Set: 0.62ms
[26.646s][info][gc,phases   ] GC(66)   Other: 0.09ms
[26.646s][info][gc,heap     ] GC(66) Eden regions: 161->0(164)
[26.646s][info][gc,heap     ] GC(66) Survivor regions: 32->19(25)
[26.646s][info][gc,heap     ] GC(66) Old regions: 606->638
[26.646s][info][gc,heap     ] GC(66) Humongous regions: 8->8
[26.646s][info][gc,metaspace] GC(66) Metaspace: 17282K(17408K)->17282K(17408K) NonClass: 14667K(14720K)->14667K(14720K) Class: 2615K(2688K)->2615K(2688K)
[26.647s][info][gc          ] GC(66) Pause Young (Normal) (G1 Evacuation Pause) 806M->665M(918M) 52.071ms
[26.647s][info][gc,cpu      ] GC(66) User=0.10s Sys=0.00s Real=0.05s
[26.945s][info][gc,marking  ] GC(64) Concurrent Mark From Roots 1461.916ms
[26.945s][info][gc,marking  ] GC(64) Concurrent Preclean
[26.945s][info][gc,marking  ] GC(64) Concurrent Preclean 0.024ms
[26.945s][info][gc,start    ] GC(64) Pause Remark
[26.952s][info][gc          ] GC(64) Pause Remark 740M->661M(977M) 7.195ms
[26.952s][info][gc,cpu      ] GC(64) User=0.01s Sys=0.00s Real=0.01s
[26.954s][info][gc,marking  ] GC(64) Concurrent Mark 1470.934ms
[26.954s][info][gc,marking  ] GC(64) Concurrent Rebuild Remembered Sets and Scrub Regions
[27.292s][info][gc,start    ] GC(67) Pause Young (Normal) (G1 Evacuation Pause)
[27.292s][info][gc,task     ] GC(67) Using 2 workers of 2 for evacuation
[27.367s][info][gc,phases   ] GC(67)   Pre Evacuate Collection Set: 0.48ms
[27.367s][info][gc,phases   ] GC(67)   Merge Heap Roots: 0.54ms
[27.367s][info][gc,phases   ] GC(67)   Evacuate Collection Set: 73.16ms
[27.367s][info][gc,phases   ] GC(67)   Post Evacuate Collection Set: 0.50ms
[27.367s][info][gc,phases   ] GC(67)   Other: 0.10ms
[27.367s][info][gc,heap     ] GC(67) Eden regions: 164->0(252)
[27.367s][info][gc,heap     ] GC(67) Survivor regions: 19->23(23)
[27.367s][info][gc,heap     ] GC(67) Old regions: 562->582
[27.367s][info][gc,heap     ] GC(67) Humongous regions: 8->8
[27.367s][info][gc,metaspace] GC(67) Metaspace: 17286K(17472K)->17286K(17472K) NonClass: 14671K(14784K)->14671K(14784K) Class: 2615K(2688K)->2615K(2688K)
[27.367s][info][gc          ] GC(67) Pause Young (Normal) (G1 Evacuation Pause) 753M->612M(977M) 75.003ms
[27.367s][info][gc,cpu      ] GC(67) User=0.12s Sys=0.00s Real=0.07s
[27.784s][info][gc,start    ] GC(68) Pause Young (Normal) (G1 Evacuation Pause)
[27.784s][info][gc,task     ] GC(68) Using 2 workers of 2 for evacuation
[27.858s][info][gc,phases   ] GC(68)   Pre Evacuate Collection Set: 0.26ms
[27.858s][info][gc,phases   ] GC(68)   Merge Heap Roots: 0.37ms
[27.858s][info][gc,phases   ] GC(68)   Evacuate Collection Set: 72.68ms
[27.858s][info][gc,phases   ] GC(68)   Post Evacuate Collection Set: 0.54ms
[27.858s][info][gc,phases   ] GC(68)   Other: 0.08ms
[27.858s][info][gc,heap     ] GC(68) Eden regions: 252->0(230)
[27.858s][info][gc,heap     ] GC(68) Survivor regions: 23->33(35)
[27.858s][info][gc,heap     ] GC(68) Old regions: 582->605
[27.858s][info][gc,heap     ] GC(68) Humongous regions: 8->8
[27.858s][info][gc,metaspace] GC(68) Metaspace: 17286K(17472K)->17286K(17472K) NonClass: 14671K(14784K)->14671K(14784K) Class: 2615K(2688K)->2615K(2688K)
[27.858s][info][gc          ] GC(68) Pause Young (Normal) (G1 Evacuation Pause) 864M->645M(977M) 74.201ms
[27.858s][info][gc,cpu      ] GC(68) User=0.15s Sys=0.00s Real=0.07s
[27.931s][info][gc,marking  ] GC(64) Concurrent Rebuild Remembered Sets and Scrub Regions 976.767ms
[27.931s][info][gc,start    ] GC(64) Pause Cleanup
[27.931s][info][gc          ] GC(64) Pause Cleanup 702M->702M(977M) 0.131ms
[27.931s][info][gc,cpu      ] GC(64) User=0.00s Sys=0.00s Real=0.01s
[27.931s][info][gc,marking  ] GC(64) Concurrent Clear Claimed Marks
[27.931s][info][gc,marking  ] GC(64) Concurrent Clear Claimed Marks 0.029ms
[27.931s][info][gc,marking  ] GC(64) Concurrent Cleanup for Next Mark
[27.937s][info][gc,marking  ] GC(64) Concurrent Cleanup for Next Mark 5.707ms
[27.937s][info][gc          ] GC(64) Concurrent Mark Cycle 2552.508ms
[28.167s][info][gc,start    ] GC(69) Pause Young (Prepare Mixed) (G1 Evacuation Pause)
[28.167s][info][gc,task     ] GC(69) Using 2 workers of 2 for evacuation
[28.219s][info][gc,phases   ] GC(69)   Pre Evacuate Collection Set: 0.48ms
[28.219s][info][gc,phases   ] GC(69)   Merge Heap Roots: 0.53ms
[28.219s][info][gc,phases   ] GC(69)   Evacuate Collection Set: 50.77ms
[28.219s][info][gc,phases   ] GC(69)   Post Evacuate Collection Set: 0.63ms
[28.219s][info][gc,phases   ] GC(69)   Other: 0.08ms
[28.219s][info][gc,heap     ] GC(69) Eden regions: 230->0(241)
[28.219s][info][gc,heap     ] GC(69) Survivor regions: 33->5(33)
[28.219s][info][gc,heap     ] GC(69) Old regions: 605->637
[28.219s][info][gc,heap     ] GC(69) Humongous regions: 8->8
[28.219s][info][gc,metaspace] GC(69) Metaspace: 17286K(17472K)->17286K(17472K) NonClass: 14671K(14784K)->14671K(14784K) Class: 2615K(2688K)->2615K(2688K)
[28.219s][info][gc          ] GC(69) Pause Young (Prepare Mixed) (G1 Evacuation Pause) 875M->650M(977M) 52.726ms
[28.219s][info][gc,cpu      ] GC(69) User=0.11s Sys=0.00s Real=0.05s
[28.597s][info][gc,start    ] GC(70) Pause Young (Mixed) (G1 Evacuation Pause)
[28.597s][info][gc,task     ] GC(70) Using 2 workers of 2 for evacuation
[28.703s][info][gc,phases   ] GC(70)   Pre Evacuate Collection Set: 0.52ms
[28.703s][info][gc,phases   ] GC(70)   Merge Heap Roots: 1.27ms
[28.703s][info][gc,phases   ] GC(70)   Evacuate Collection Set: 101.95ms
[28.703s][info][gc,phases   ] GC(70)   Post Evacuate Collection Set: 1.97ms
[28.703s][info][gc,phases   ] GC(70)   Other: 0.08ms
[28.703s][info][gc,heap     ] GC(70) Eden regions: 241->0(17)
[28.703s][info][gc,heap     ] GC(70) Survivor regions: 5->31(31)
[28.703s][info][gc,heap     ] GC(70) Old regions: 637->580
[28.703s][info][gc,heap     ] GC(70) Humongous regions: 8->8
[28.703s][info][gc,metaspace] GC(70) Metaspace: 17286K(17472K)->17286K(17472K) NonClass: 14671K(14784K)->14671K(14784K) Class: 2615K(2688K)->2615K(2688K)
[28.703s][info][gc          ] GC(70) Pause Young (Mixed) (G1 Evacuation Pause) 891M->619M(977M) 106.026ms
[28.703s][info][gc,cpu      ] GC(70) User=0.21s Sys=0.00s Real=0.11s
[28.721s][info][gc,start    ] GC(71) Pause Young (Mixed) (G1 Evacuation Pause)
[28.721s][info][gc,task     ] GC(71) Using 2 workers of 2 for evacuation
[28.903s][info][gc,phases   ] GC(71)   Pre Evacuate Collection Set: 0.38ms
[28.903s][info][gc,phases   ] GC(71)   Merge Heap Roots: 2.89ms
[28.903s][info][gc,phases   ] GC(71)   Evacuate Collection Set: 178.31ms
[28.903s][info][gc,phases   ] GC(71)   Post Evacuate Collection Set: 0.31ms
[28.903s][info][gc,phases   ] GC(71)   Other: 0.06ms
[28.903s][info][gc,heap     ] GC(71) Eden regions: 17->0(248)
[28.903s][info][gc,heap     ] GC(71) Survivor regions: 31->6(6)
[28.903s][info][gc,heap     ] GC(71) Old regions: 580->610
[28.903s][info][gc,heap     ] GC(71) Humongous regions: 8->8
[28.903s][info][gc,metaspace] GC(71) Metaspace: 17286K(17472K)->17286K(17472K) NonClass: 14671K(14784K)->14671K(14784K) Class: 2615K(2688K)->2615K(2688K)
[28.903s][info][gc          ] GC(71) Pause Young (Mixed) (G1 Evacuation Pause) 636M->623M(977M) 182.141ms
[28.903s][info][gc,cpu      ] GC(71) User=0.36s Sys=0.01s Real=0.18s
[29.281s][info][gc,start    ] GC(72) Pause Young (Concurrent Start) (G1 Evacuation Pause)
[29.281s][info][gc,task     ] GC(72) Using 2 workers of 2 for evacuation
[29.346s][info][gc,phases   ] GC(72)   Pre Evacuate Collection Set: 0.39ms
[29.346s][info][gc,phases   ] GC(72)   Merge Heap Roots: 0.24ms
[29.346s][info][gc,phases   ] GC(72)   Evacuate Collection Set: 64.04ms
[29.346s][info][gc,phases   ] GC(72)   Post Evacuate Collection Set: 0.62ms
[29.346s][info][gc,phases   ] GC(72)   Other: 0.18ms
[29.346s][info][gc,heap     ] GC(72) Eden regions: 248->0(192)
[29.346s][info][gc,heap     ] GC(72) Survivor regions: 6->32(32)
[29.346s][info][gc,heap     ] GC(72) Old regions: 610->643
[29.346s][info][gc,heap     ] GC(72) Humongous regions: 8->8
[29.346s][info][gc,metaspace] GC(72) Metaspace: 17292K(17472K)->17292K(17472K) NonClass: 14677K(14784K)->14677K(14784K) Class: 2615K(2688K)->2615K(2688K)
[29.346s][info][gc          ] GC(72) Pause Young (Concurrent Start) (G1 Evacuation Pause) 871M->682M(978M) 65.674ms
[29.346s][info][gc          ] GC(73) Concurrent Mark Cycle
[29.346s][info][gc,marking  ] GC(73) Concurrent Scan Root Regions
[29.348s][info][gc,cpu      ] GC(72) User=0.13s Sys=0.00s Real=0.07s
[29.419s][info][gc,marking  ] GC(73) Concurrent Scan Root Regions 72.500ms
[29.419s][info][gc,marking  ] GC(73) Concurrent Mark
[29.419s][info][gc,marking  ] GC(73) Concurrent Mark From Roots
[29.419s][info][gc,task     ] GC(73) Using 1 workers of 1 for marking
[29.974s][info][gc,start    ] GC(74) Pause Young (Normal) (G1 Evacuation Pause)
[29.974s][info][gc,task     ] GC(74) Using 2 workers of 2 for evacuation
[30.059s][info][gc,phases   ] GC(74)   Pre Evacuate Collection Set: 0.29ms
[30.059s][info][gc,phases   ] GC(74)   Merge Heap Roots: 0.55ms
[30.059s][info][gc,phases   ] GC(74)   Evacuate Collection Set: 83.76ms
[30.059s][info][gc,phases   ] GC(74)   Post Evacuate Collection Set: 0.51ms
[30.059s][info][gc,phases   ] GC(74)   Other: 0.10ms
[30.059s][info][gc,heap     ] GC(74) Eden regions: 192->0(157)
[30.059s][info][gc,heap     ] GC(74) Survivor regions: 32->28(28)
[30.059s][info][gc,heap     ] GC(74) Old regions: 643->686
[30.059s][info][gc,heap     ] GC(74) Humongous regions: 11->11
[30.059s][info][gc,metaspace] GC(74) Metaspace: 17295K(17472K)->17295K(17472K) NonClass: 14680K(14784K)->14680K(14784K) Class: 2615K(2688K)->2615K(2688K)
[30.059s][info][gc          ] GC(74) Pause Young (Normal) (G1 Evacuation Pause) 877M->725M(978M) 85.452ms
[30.059s][info][gc,cpu      ] GC(74) User=0.17s Sys=0.00s Real=0.08s
[30.452s][info][gc,start    ] GC(75) Pause Young (Normal) (G1 Evacuation Pause)
[30.452s][info][gc,task     ] GC(75) Using 2 workers of 2 for evacuation
[30.514s][info][gc,phases   ] GC(75)   Pre Evacuate Collection Set: 0.28ms
[30.514s][info][gc,phases   ] GC(75)   Merge Heap Roots: 0.36ms
[30.514s][info][gc,phases   ] GC(75)   Evacuate Collection Set: 59.98ms
[30.514s][info][gc,phases   ] GC(75)   Post Evacuate Collection Set: 0.40ms
[30.514s][info][gc,phases   ] GC(75)   Other: 0.07ms
[30.514s][info][gc,heap     ] GC(75) Eden regions: 157->0(151)
[30.514s][info][gc,heap     ] GC(75) Survivor regions: 28->17(24)
[30.514s][info][gc,heap     ] GC(75) Old regions: 686->715
[30.514s][info][gc,heap     ] GC(75) Humongous regions: 11->11
[30.514s][info][gc,metaspace] GC(75) Metaspace: 17299K(17472K)->17299K(17472K) NonClass: 14684K(14784K)->14684K(14784K) Class: 2615K(2688K)->2615K(2688K)
[30.514s][info][gc          ] GC(75) Pause Young (Normal) (G1 Evacuation Pause) 882M->742M(978M) 61.317ms
[30.514s][info][gc,cpu      ] GC(75) User=0.12s Sys=0.00s Real=0.06s
[30.901s][info][gc,start    ] GC(76) Pause Young (Normal) (G1 Evacuation Pause)
[30.901s][info][gc,task     ] GC(76) Using 2 workers of 2 for evacuation
[30.933s][info][gc,phases   ] GC(76)   Pre Evacuate Collection Set: 0.30ms
[30.933s][info][gc,phases   ] GC(76)   Merge Heap Roots: 0.20ms
[30.933s][info][gc,phases   ] GC(76)   Evacuate Collection Set: 28.93ms
[30.933s][info][gc,phases   ] GC(76)   Post Evacuate Collection Set: 2.60ms
[30.933s][info][gc,phases   ] GC(76)   Other: 0.09ms
[30.933s][info][gc,heap     ] GC(76) Eden regions: 151->0(162)
[30.933s][info][gc,heap     ] GC(76) Survivor regions: 17->2(21)
[30.933s][info][gc,heap     ] GC(76) Old regions: 715->731
[30.933s][info][gc,heap     ] GC(76) Humongous regions: 11->11
[30.933s][info][gc,metaspace] GC(76) Metaspace: 17299K(17472K)->17299K(17472K) NonClass: 14684K(14784K)->14684K(14784K) Class: 2615K(2688K)->2615K(2688K)
[30.933s][info][gc          ] GC(76) Pause Young (Normal) (G1 Evacuation Pause) 893M->743M(978M) 32.386ms
[30.933s][info][gc,cpu      ] GC(76) User=0.06s Sys=0.00s Real=0.03s
[31.028s][info][gc,marking  ] GC(73) Concurrent Mark From Roots 1609.039ms
[31.028s][info][gc,marking  ] GC(73) Concurrent Preclean
[31.028s][info][gc,marking  ] GC(73) Concurrent Preclean 0.024ms
[31.029s][info][gc,start    ] GC(73) Pause Remark
[31.035s][info][gc          ] GC(73) Pause Remark 783M->676M(978M) 6.337ms
[31.035s][info][gc,cpu      ] GC(73) User=0.01s Sys=0.00s Real=0.01s
[31.035s][info][gc,marking  ] GC(73) Concurrent Mark 1616.615ms
[31.035s][info][gc,marking  ] GC(73) Concurrent Rebuild Remembered Sets and Scrub Regions
[31.324s][info][gc,start    ] GC(77) Pause Young (Normal) (G1 Evacuation Pause)
[31.324s][info][gc,task     ] GC(77) Using 2 workers of 2 for evacuation
[31.337s][info][gc,phases   ] GC(77)   Pre Evacuate Collection Set: 0.44ms
[31.337s][info][gc,phases   ] GC(77)   Merge Heap Roots: 0.21ms
[31.337s][info][gc,phases   ] GC(77)   Evacuate Collection Set: 12.37ms
[31.337s][info][gc,phases   ] GC(77)   Post Evacuate Collection Set: 0.48ms
[31.337s][info][gc,phases   ] GC(77)   Other: 0.07ms
[31.337s][info][gc,heap     ] GC(77) Eden regions: 162->0(242)
[31.337s][info][gc,heap     ] GC(77) Survivor regions: 2->5(21)
[31.337s][info][gc,heap     ] GC(77) Old regions: 628->628
[31.337s][info][gc,heap     ] GC(77) Humongous regions: 7->7
[31.337s][info][gc,metaspace] GC(77) Metaspace: 17300K(17472K)->17300K(17472K) NonClass: 14685K(14784K)->14685K(14784K) Class: 2615K(2688K)->2615K(2688K)
[31.337s][info][gc          ] GC(77) Pause Young (Normal) (G1 Evacuation Pause) 798M->640M(978M) 13.815ms
[31.337s][info][gc,cpu      ] GC(77) User=0.03s Sys=0.01s Real=0.01s
[31.615s][info][gc,marking  ] GC(73) Concurrent Rebuild Remembered Sets and Scrub Regions 579.081ms
[31.615s][info][gc,start    ] GC(73) Pause Cleanup
[31.615s][info][gc          ] GC(73) Pause Cleanup 734M->734M(978M) 0.166ms
[31.615s][info][gc,cpu      ] GC(73) User=0.00s Sys=0.00s Real=0.00s
[31.615s][info][gc,marking  ] GC(73) Concurrent Clear Claimed Marks
[31.615s][info][gc,marking  ] GC(73) Concurrent Clear Claimed Marks 0.037ms
[31.615s][info][gc,marking  ] GC(73) Concurrent Cleanup for Next Mark
[31.618s][info][gc,marking  ] GC(73) Concurrent Cleanup for Next Mark 2.979ms
[31.618s][info][gc          ] GC(73) Concurrent Mark Cycle 2272.074ms
[31.889s][info][gc,start    ] GC(78) Pause Young (Prepare Mixed) (G1 Evacuation Pause)
[31.889s][info][gc,task     ] GC(78) Using 2 workers of 2 for evacuation
[31.927s][info][gc,phases   ] GC(78)   Pre Evacuate Collection Set: 0.34ms
[31.927s][info][gc,phases   ] GC(78)   Merge Heap Roots: 0.27ms
[31.927s][info][gc,phases   ] GC(78)   Evacuate Collection Set: 36.52ms
[31.927s][info][gc,phases   ] GC(78)   Post Evacuate Collection Set: 0.42ms
[31.927s][info][gc,phases   ] GC(78)   Other: 0.08ms
[31.927s][info][gc,heap     ] GC(78) Eden regions: 242->0(225)
[31.927s][info][gc,heap     ] GC(78) Survivor regions: 5->31(31)
[31.927s][info][gc,heap     ] GC(78) Old regions: 628->628
[31.927s][info][gc,heap     ] GC(78) Humongous regions: 7->7
[31.927s][info][gc,metaspace] GC(78) Metaspace: 17300K(17472K)->17300K(17472K) NonClass: 14685K(14784K)->14685K(14784K) Class: 2615K(2688K)->2615K(2688K)
[31.927s][info][gc          ] GC(78) Pause Young (Prepare Mixed) (G1 Evacuation Pause) 882M->666M(978M) 37.848ms
[31.927s][info][gc,cpu      ] GC(78) User=0.08s Sys=0.00s Real=0.04s
[32.572s][info][gc,start    ] GC(79) Pause Young (Mixed) (G1 Evacuation Pause)
[32.572s][info][gc,task     ] GC(79) Using 2 workers of 2 for evacuation
[32.606s][info][gc,phases   ] GC(79)   Pre Evacuate Collection Set: 0.32ms
[32.606s][info][gc,phases   ] GC(79)   Merge Heap Roots: 0.24ms
[32.606s][info][gc,phases   ] GC(79)   Evacuate Collection Set: 32.44ms
[32.606s][info][gc,phases   ] GC(79)   Post Evacuate Collection Set: 0.49ms
[32.606s][info][gc,phases   ] GC(79)   Other: 0.10ms
[32.606s][info][gc,heap     ] GC(79) Eden regions: 225->0(303)
[32.606s][info][gc,heap     ] GC(79) Survivor regions: 31->1(32)
[32.606s][info][gc,heap     ] GC(79) Old regions: 628->562
[32.606s][info][gc,heap     ] GC(79) Humongous regions: 7->7
[32.606s][info][gc,metaspace] GC(79) Metaspace: 17302K(17472K)->17302K(17472K) NonClass: 14686K(14784K)->14686K(14784K) Class: 2615K(2688K)->2615K(2688K)
[32.606s][info][gc          ] GC(79) Pause Young (Mixed) (G1 Evacuation Pause) 891M->569M(978M) 33.830ms
[32.606s][info][gc,cpu      ] GC(79) User=0.07s Sys=0.00s Real=0.03s
[33.429s][info][gc,start    ] GC(80) Pause Young (Mixed) (G1 Evacuation Pause)
[33.429s][info][gc,task     ] GC(80) Using 2 workers of 2 for evacuation
[33.449s][info][gc,phases   ] GC(80)   Pre Evacuate Collection Set: 0.27ms
[33.449s][info][gc,phases   ] GC(80)   Merge Heap Roots: 0.41ms
[33.449s][info][gc,phases   ] GC(80)   Evacuate Collection Set: 18.68ms
[33.449s][info][gc,phases   ] GC(80)   Post Evacuate Collection Set: 0.50ms
[33.449s][info][gc,phases   ] GC(80)   Other: 0.10ms
[33.449s][info][gc,heap     ] GC(80) Eden regions: 303->0(323)
[33.449s][info][gc,heap     ] GC(80) Survivor regions: 1->2(38)
[33.449s][info][gc,heap     ] GC(80) Old regions: 562->554
[33.449s][info][gc,heap     ] GC(80) Humongous regions: 7->7
[33.449s][info][gc,metaspace] GC(80) Metaspace: 17302K(17472K)->17302K(17472K) NonClass: 14687K(14784K)->14687K(14784K) Class: 2615K(2688K)->2615K(2688K)
[33.449s][info][gc          ] GC(80) Pause Young (Mixed) (G1 Evacuation Pause) 872M->562M(978M) 20.153ms
[33.449s][info][gc,cpu      ] GC(80) User=0.03s Sys=0.00s Real=0.02s
[34.013s][info][gc,start    ] GC(81) Pause Young (Concurrent Start) (G1 Evacuation Pause)
[34.013s][info][gc,task     ] GC(81) Using 2 workers of 2 for evacuation
[34.083s][info][gc,phases   ] GC(81)   Pre Evacuate Collection Set: 0.43ms
[34.083s][info][gc,phases   ] GC(81)   Merge Heap Roots: 0.13ms
[34.083s][info][gc,phases   ] GC(81)   Evacuate Collection Set: 68.34ms
[34.083s][info][gc,phases   ] GC(81)   Post Evacuate Collection Set: 0.68ms
[34.083s][info][gc,phases   ] GC(81)   Other: 0.18ms
[34.083s][info][gc,heap     ] GC(81) Eden regions: 323->0(251)
[34.083s][info][gc,heap     ] GC(81) Survivor regions: 2->41(41)
[34.083s][info][gc,heap     ] GC(81) Old regions: 554->587
[34.083s][info][gc,heap     ] GC(81) Humongous regions: 7->7
[34.083s][info][gc,metaspace] GC(81) Metaspace: 17310K(17472K)->17310K(17472K) NonClass: 14695K(14784K)->14695K(14784K) Class: 2615K(2688K)->2615K(2688K)
[34.083s][info][gc          ] GC(81) Pause Young (Concurrent Start) (G1 Evacuation Pause) 885M->635M(978M) 70.002ms
[34.083s][info][gc,cpu      ] GC(81) User=0.13s Sys=0.00s Real=0.07s
[34.083s][info][gc          ] GC(82) Concurrent Mark Cycle
[34.086s][info][gc,marking  ] GC(82) Concurrent Scan Root Regions
[34.152s][info][gc,marking  ] GC(82) Concurrent Scan Root Regions 66.179ms
[34.152s][info][gc,marking  ] GC(82) Concurrent Mark
[34.152s][info][gc,marking  ] GC(82) Concurrent Mark From Roots
[34.152s][info][gc,task     ] GC(82) Using 1 workers of 1 for marking
[34.713s][info][gc,start    ] GC(83) Pause Young (Normal) (G1 Evacuation Pause)
[34.713s][info][gc,task     ] GC(83) Using 2 workers of 2 for evacuation
[34.816s][info][gc,phases   ] GC(83)   Pre Evacuate Collection Set: 0.51ms
[34.817s][info][gc,phases   ] GC(83)   Merge Heap Roots: 0.34ms
[34.817s][info][gc,phases   ] GC(83)   Evacuate Collection Set: 102.21ms
[34.817s][info][gc,phases   ] GC(83)   Post Evacuate Collection Set: 0.59ms
[34.817s][info][gc,phases   ] GC(83)   Other: 0.10ms
[34.817s][info][gc,heap     ] GC(83) Eden regions: 251->0(210)
[34.817s][info][gc,heap     ] GC(83) Survivor regions: 41->37(37)
[34.817s][info][gc,heap     ] GC(83) Old regions: 587->633
[34.817s][info][gc,heap     ] GC(83) Humongous regions: 10->10
[34.817s][info][gc,metaspace] GC(83) Metaspace: 17311K(17472K)->17311K(17472K) NonClass: 14696K(14784K)->14696K(14784K) Class: 2615K(2688K)->2615K(2688K)
[34.817s][info][gc          ] GC(83) Pause Young (Normal) (G1 Evacuation Pause) 889M->680M(978M) 104.011ms
[34.817s][info][gc,cpu      ] GC(83) User=0.21s Sys=0.00s Real=0.10s
[35.173s][info][gc,start    ] GC(84) Pause Young (Normal) (G1 Evacuation Pause)
[35.173s][info][gc,task     ] GC(84) Using 2 workers of 2 for evacuation
[35.236s][info][gc,phases   ] GC(84)   Pre Evacuate Collection Set: 0.48ms
[35.236s][info][gc,phases   ] GC(84)   Merge Heap Roots: 0.31ms
[35.236s][info][gc,phases   ] GC(84)   Evacuate Collection Set: 61.52ms
[35.236s][info][gc,phases   ] GC(84)   Post Evacuate Collection Set: 0.41ms
[35.236s][info][gc,phases   ] GC(84)   Other: 0.10ms
[35.236s][info][gc,heap     ] GC(84) Eden regions: 210->0(204)
[35.236s][info][gc,heap     ] GC(84) Survivor regions: 37->15(31)
[35.236s][info][gc,heap     ] GC(84) Old regions: 633->671
[35.236s][info][gc,heap     ] GC(84) Humongous regions: 10->10
[35.236s][info][gc,metaspace] GC(84) Metaspace: 17312K(17472K)->17312K(17472K) NonClass: 14697K(14784K)->14697K(14784K) Class: 2615K(2688K)->2615K(2688K)
[35.236s][info][gc          ] GC(84) Pause Young (Normal) (G1 Evacuation Pause) 890M->695M(978M) 63.038ms
[35.236s][info][gc,cpu      ] GC(84) User=0.13s Sys=0.00s Real=0.06s
[35.674s][info][gc,start    ] GC(85) Pause Young (Normal) (G1 Evacuation Pause)
[35.675s][info][gc,task     ] GC(85) Using 2 workers of 2 for evacuation
[35.710s][info][gc,phases   ] GC(85)   Pre Evacuate Collection Set: 0.26ms
[35.710s][info][gc,phases   ] GC(85)   Merge Heap Roots: 0.49ms
[35.710s][info][gc,phases   ] GC(85)   Evacuate Collection Set: 33.95ms
[35.710s][info][gc,phases   ] GC(85)   Post Evacuate Collection Set: 0.39ms
[35.710s][info][gc,phases   ] GC(85)   Other: 0.07ms
[35.710s][info][gc,heap     ] GC(85) Eden regions: 204->0(210)
[35.710s][info][gc,heap     ] GC(85) Survivor regions: 15->5(28)
[35.710s][info][gc,heap     ] GC(85) Old regions: 671->685
[35.710s][info][gc,heap     ] GC(85) Humongous regions: 10->10
[35.710s][info][gc,metaspace] GC(85) Metaspace: 17312K(17472K)->17312K(17472K) NonClass: 14697K(14784K)->14697K(14784K) Class: 2615K(2688K)->2615K(2688K)
[35.710s][info][gc          ] GC(85) Pause Young (Normal) (G1 Evacuation Pause) 899M->700M(978M) 35.396ms
[35.710s][info][gc,cpu      ] GC(85) User=0.07s Sys=0.00s Real=0.03s
[35.952s][info][gc,marking  ] GC(82) Concurrent Mark From Roots 1799.461ms
[35.952s][info][gc,marking  ] GC(82) Concurrent Preclean
[35.952s][info][gc,marking  ] GC(82) Concurrent Preclean 0.029ms
[35.952s][info][gc,start    ] GC(82) Pause Remark
[35.958s][info][gc          ] GC(82) Pause Remark 812M->803M(978M) 6.192ms
[35.958s][info][gc,cpu      ] GC(82) User=0.01s Sys=0.01s Real=0.00s
[35.959s][info][gc,marking  ] GC(82) Concurrent Mark 1806.776ms
[35.959s][info][gc,marking  ] GC(82) Concurrent Rebuild Remembered Sets and Scrub Regions
[36.228s][info][gc,start    ] GC(86) Pause Young (Normal) (G1 Evacuation Pause)
[36.228s][info][gc,task     ] GC(86) Using 2 workers of 2 for evacuation
[36.268s][info][gc,phases   ] GC(86)   Pre Evacuate Collection Set: 0.46ms
[36.268s][info][gc,phases   ] GC(86)   Merge Heap Roots: 0.19ms
[36.269s][info][gc,phases   ] GC(86)   Evacuate Collection Set: 39.16ms
[36.269s][info][gc,phases   ] GC(86)   Post Evacuate Collection Set: 0.42ms
[36.269s][info][gc,phases   ] GC(86)   Other: 0.07ms
[36.269s][info][gc,heap     ] GC(86) Eden regions: 210->0(181)
[36.269s][info][gc,heap     ] GC(86) Survivor regions: 5->27(27)
[36.269s][info][gc,heap     ] GC(86) Old regions: 677->684
[36.269s][info][gc,heap     ] GC(86) Humongous regions: 9->9
[36.269s][info][gc,metaspace] GC(86) Metaspace: 17315K(17472K)->17315K(17472K) NonClass: 14699K(14784K)->14699K(14784K) Class: 2615K(2688K)->2615K(2688K)
[36.269s][info][gc          ] GC(86) Pause Young (Normal) (G1 Evacuation Pause) 901M->719M(978M) 40.501ms
[36.269s][info][gc,cpu      ] GC(86) User=0.08s Sys=0.00s Real=0.04s
[36.743s][info][gc,marking  ] GC(82) Concurrent Rebuild Remembered Sets and Scrub Regions 784.232ms
[36.743s][info][gc,start    ] GC(82) Pause Cleanup
[36.744s][info][gc          ] GC(82) Pause Cleanup 866M->866M(978M) 0.110ms
[36.744s][info][gc,cpu      ] GC(82) User=0.00s Sys=0.00s Real=0.00s
[36.744s][info][gc,marking  ] GC(82) Concurrent Clear Claimed Marks
[36.744s][info][gc,marking  ] GC(82) Concurrent Clear Claimed Marks 0.021ms
[36.744s][info][gc,marking  ] GC(82) Concurrent Cleanup for Next Mark
[36.747s][info][gc,marking  ] GC(82) Concurrent Cleanup for Next Mark 3.165ms
[36.747s][info][gc          ] GC(82) Concurrent Mark Cycle 2663.719ms
[36.796s][info][gc,start    ] GC(87) Pause Young (Prepare Mixed) (G1 Evacuation Pause)
[36.796s][info][gc,task     ] GC(87) Using 2 workers of 2 for evacuation
[36.847s][info][gc,phases   ] GC(87)   Pre Evacuate Collection Set: 0.27ms
[36.847s][info][gc,phases   ] GC(87)   Merge Heap Roots: 0.32ms
[36.847s][info][gc,phases   ] GC(87)   Evacuate Collection Set: 49.78ms
[36.847s][info][gc,phases   ] GC(87)   Post Evacuate Collection Set: 0.40ms
[36.847s][info][gc,phases   ] GC(87)   Other: 0.07ms
[36.847s][info][gc,heap     ] GC(87) Eden regions: 181->0(172)
[36.847s][info][gc,heap     ] GC(87) Survivor regions: 27->18(26)
[36.847s][info][gc,heap     ] GC(87) Old regions: 684->711
[36.847s][info][gc,heap     ] GC(87) Humongous regions: 9->9
[36.847s][info][gc,metaspace] GC(87) Metaspace: 17354K(17600K)->17354K(17600K) NonClass: 14735K(14848K)->14735K(14848K) Class: 2619K(2752K)->2619K(2752K)
[36.847s][info][gc          ] GC(87) Pause Young (Prepare Mixed) (G1 Evacuation Pause) 900M->738M(978M) 51.042ms
[36.847s][info][gc,cpu      ] GC(87) User=0.10s Sys=0.00s Real=0.05s
[37.166s][info][gc,start    ] GC(88) Pause Young (Mixed) (G1 Evacuation Pause)
[37.166s][info][gc,task     ] GC(88) Using 2 workers of 2 for evacuation
[37.240s][info][gc,phases   ] GC(88)   Pre Evacuate Collection Set: 0.28ms
[37.240s][info][gc,phases   ] GC(88)   Merge Heap Roots: 1.08ms
[37.240s][info][gc,phases   ] GC(88)   Evacuate Collection Set: 72.57ms
[37.240s][info][gc,phases   ] GC(88)   Post Evacuate Collection Set: 0.43ms
[37.240s][info][gc,phases   ] GC(88)   Other: 0.07ms
[37.240s][info][gc,heap     ] GC(88) Eden regions: 172->0(172)
[37.240s][info][gc,heap     ] GC(88) Survivor regions: 18->24(24)
[37.240s][info][gc,heap     ] GC(88) Old regions: 711->699
[37.240s][info][gc,heap     ] GC(88) Humongous regions: 9->9
[37.240s][info][gc,metaspace] GC(88) Metaspace: 17363K(17600K)->17363K(17600K) NonClass: 14743K(14848K)->14743K(14848K) Class: 2619K(2752K)->2619K(2752K)
[37.240s][info][gc          ] GC(88) Pause Young (Mixed) (G1 Evacuation Pause) 910M->732M(978M) 74.612ms
[37.240s][info][gc,cpu      ] GC(88) User=0.15s Sys=0.00s Real=0.07s
[37.554s][info][gc,start    ] GC(89) Pause Young (Concurrent Start) (G1 Evacuation Pause)
[37.554s][info][gc,task     ] GC(89) Using 2 workers of 2 for evacuation
[37.591s][info][gc,phases   ] GC(89)   Pre Evacuate Collection Set: 0.32ms
[37.591s][info][gc,phases   ] GC(89)   Merge Heap Roots: 0.09ms
[37.591s][info][gc,phases   ] GC(89)   Evacuate Collection Set: 35.96ms
[37.591s][info][gc,phases   ] GC(89)   Post Evacuate Collection Set: 0.46ms
[37.591s][info][gc,phases   ] GC(89)   Other: 0.09ms
[37.591s][info][gc,heap     ] GC(89) Eden regions: 172->0(170)
[37.591s][info][gc,heap     ] GC(89) Survivor regions: 24->16(25)
[37.591s][info][gc,heap     ] GC(89) Old regions: 699->717
[37.591s][info][gc,heap     ] GC(89) Humongous regions: 9->9
[37.591s][info][gc,metaspace] GC(89) Metaspace: 17408K(17600K)->17408K(17600K) NonClass: 14783K(14848K)->14783K(14848K) Class: 2625K(2752K)->2625K(2752K)
[37.591s][info][gc          ] GC(89) Pause Young (Concurrent Start) (G1 Evacuation Pause) 904M->742M(978M) 37.143ms
[37.591s][info][gc,cpu      ] GC(89) User=0.08s Sys=0.00s Real=0.04s
[37.591s][info][gc          ] GC(90) Concurrent Mark Cycle
[37.591s][info][gc,marking  ] GC(90) Concurrent Scan Root Regions
[37.634s][info][gc,marking  ] GC(90) Concurrent Scan Root Regions 42.620ms
[37.634s][info][gc,marking  ] GC(90) Concurrent Mark
[37.634s][info][gc,marking  ] GC(90) Concurrent Mark From Roots
[37.634s][info][gc,task     ] GC(90) Using 1 workers of 1 for marking
[38.272s][info][gc,start    ] GC(91) Pause Young (Normal) (G1 Evacuation Pause)
[38.272s][info][gc,task     ] GC(91) Using 2 workers of 2 for evacuation
[38.297s][info][gc,phases   ] GC(91)   Pre Evacuate Collection Set: 0.50ms
[38.297s][info][gc,phases   ] GC(91)   Merge Heap Roots: 0.19ms
[38.297s][info][gc,phases   ] GC(91)   Evacuate Collection Set: 23.87ms
[38.297s][info][gc,phases   ] GC(91)   Post Evacuate Collection Set: 0.38ms
[38.297s][info][gc,phases   ] GC(91)   Other: 0.09ms
[38.297s][info][gc,heap     ] GC(91) Eden regions: 170->0(176)
[38.297s][info][gc,heap     ] GC(91) Survivor regions: 16->4(24)
[38.297s][info][gc,heap     ] GC(91) Old regions: 717->733
[38.297s][info][gc,heap     ] GC(91) Humongous regions: 9->9
[38.297s][info][gc,metaspace] GC(91) Metaspace: 17442K(17664K)->17442K(17664K) NonClass: 14816K(14912K)->14816K(14912K) Class: 2625K(2752K)->2625K(2752K)
[38.297s][info][gc          ] GC(91) Pause Young (Normal) (G1 Evacuation Pause) 912M->745M(978M) 25.261ms
[38.297s][info][gc,cpu      ] GC(91) User=0.04s Sys=0.00s Real=0.02s
[38.829s][info][gc,start    ] GC(92) Pause Young (Normal) (G1 Evacuation Pause)
[38.829s][info][gc,task     ] GC(92) Using 2 workers of 2 for evacuation
[38.845s][info][gc,phases   ] GC(92)   Pre Evacuate Collection Set: 0.50ms
[38.845s][info][gc,phases   ] GC(92)   Merge Heap Roots: 0.11ms
[38.845s][info][gc,phases   ] GC(92)   Evacuate Collection Set: 15.16ms
[38.845s][info][gc,phases   ] GC(92)   Post Evacuate Collection Set: 0.35ms
[38.845s][info][gc,phases   ] GC(92)   Other: 0.09ms
[38.845s][info][gc,heap     ] GC(92) Eden regions: 176->0(156)
[38.845s][info][gc,heap     ] GC(92) Survivor regions: 4->15(23)
[38.845s][info][gc,heap     ] GC(92) Old regions: 733->733
[38.845s][info][gc,heap     ] GC(92) Humongous regions: 9->9
[38.845s][info][gc,metaspace] GC(92) Metaspace: 17448K(17664K)->17448K(17664K) NonClass: 14823K(14912K)->14823K(14912K) Class: 2625K(2752K)->2625K(2752K)
[38.845s][info][gc          ] GC(92) Pause Young (Normal) (G1 Evacuation Pause) 921M->756M(978M) 16.404ms
[38.845s][info][gc,cpu      ] GC(92) User=0.03s Sys=0.00s Real=0.02s
[38.992s][info][gc,marking  ] GC(90) Concurrent Mark From Roots 1358.263ms
[38.992s][info][gc,marking  ] GC(90) Concurrent Preclean
[38.992s][info][gc,marking  ] GC(90) Concurrent Preclean 0.036ms
[38.993s][info][gc,start    ] GC(90) Pause Remark
[38.999s][info][gc          ] GC(90) Pause Remark 848M->612M(978M) 6.668ms
[38.999s][info][gc,cpu      ] GC(90) User=0.01s Sys=0.00s Real=0.00s
[38.999s][info][gc,marking  ] GC(90) Concurrent Mark 1365.267ms
[38.999s][info][gc,marking  ] GC(90) Concurrent Rebuild Remembered Sets and Scrub Regions
[39.152s][info][gc,start    ] GC(93) Pause Young (Normal) (G1 Evacuation Pause)
[39.152s][info][gc,task     ] GC(93) Using 2 workers of 2 for evacuation
[39.183s][info][gc,phases   ] GC(93)   Pre Evacuate Collection Set: 0.44ms
[39.183s][info][gc,phases   ] GC(93)   Merge Heap Roots: 0.09ms
[39.183s][info][gc,phases   ] GC(93)   Evacuate Collection Set: 30.63ms
[39.184s][info][gc,phases   ] GC(93)   Post Evacuate Collection Set: 0.37ms
[39.184s][info][gc,phases   ] GC(93)   Other: 0.09ms
[39.184s][info][gc,heap     ] GC(93) Eden regions: 156->0(334)
[39.184s][info][gc,heap     ] GC(93) Survivor regions: 15->19(22)
[39.184s][info][gc,heap     ] GC(93) Old regions: 502->516
[39.184s][info][gc,heap     ] GC(93) Humongous regions: 4->4
[39.184s][info][gc,metaspace] GC(93) Metaspace: 17449K(17664K)->17449K(17664K) NonClass: 14823K(14912K)->14823K(14912K) Class: 2625K(2752K)->2625K(2752K)
[39.184s][info][gc          ] GC(93) Pause Young (Normal) (G1 Evacuation Pause) 676M->538M(978M) 31.825ms
[39.184s][info][gc,cpu      ] GC(93) User=0.07s Sys=0.00s Real=0.03s
[39.446s][info][gc,marking  ] GC(90) Concurrent Rebuild Remembered Sets and Scrub Regions 446.736ms
[39.447s][info][gc,start    ] GC(90) Pause Cleanup
[39.447s][info][gc          ] GC(90) Pause Cleanup 703M->703M(978M) 0.157ms
[39.447s][info][gc,cpu      ] GC(90) User=0.00s Sys=0.00s Real=0.00s
[39.447s][info][gc,marking  ] GC(90) Concurrent Clear Claimed Marks
[39.447s][info][gc,marking  ] GC(90) Concurrent Clear Claimed Marks 0.049ms
[39.447s][info][gc,marking  ] GC(90) Concurrent Cleanup for Next Mark
[39.452s][info][gc,marking  ] GC(90) Concurrent Cleanup for Next Mark 4.857ms
[39.452s][info][gc          ] GC(90) Concurrent Mark Cycle 1860.887ms
[39.819s][info][gc,start    ] GC(94) Pause Young (Prepare Mixed) (G1 Evacuation Pause)
[39.819s][info][gc,task     ] GC(94) Using 2 workers of 2 for evacuation
[39.891s][info][gc,phases   ] GC(94)   Pre Evacuate Collection Set: 0.27ms
[39.891s][info][gc,phases   ] GC(94)   Merge Heap Roots: 0.11ms
[39.891s][info][gc,phases   ] GC(94)   Evacuate Collection Set: 70.64ms
[39.891s][info][gc,phases   ] GC(94)   Post Evacuate Collection Set: 0.65ms
[39.891s][info][gc,phases   ] GC(94)   Other: 0.10ms
[39.891s][info][gc,heap     ] GC(94) Eden regions: 334->0(277)
[39.891s][info][gc,heap     ] GC(94) Survivor regions: 19->45(45)
[39.891s][info][gc,heap     ] GC(94) Old regions: 516->550
[39.891s][info][gc,heap     ] GC(94) Humongous regions: 4->4
[39.891s][info][gc,metaspace] GC(94) Metaspace: 17450K(17664K)->17450K(17664K) NonClass: 14825K(14912K)->14825K(14912K) Class: 2625K(2752K)->2625K(2752K)
[39.891s][info][gc          ] GC(94) Pause Young (Prepare Mixed) (G1 Evacuation Pause) 872M->599M(978M) 72.003ms
[39.891s][info][gc,cpu      ] GC(94) User=0.14s Sys=0.00s Real=0.07s
[40.307s][info][gc,start    ] GC(95) Pause Young (Mixed) (G1 Evacuation Pause)
[40.307s][info][gc,task     ] GC(95) Using 2 workers of 2 for evacuation
[40.434s][info][gc,phases   ] GC(95)   Pre Evacuate Collection Set: 0.55ms
[40.434s][info][gc,phases   ] GC(95)   Merge Heap Roots: 0.49ms
[40.434s][info][gc,phases   ] GC(95)   Evacuate Collection Set: 125.16ms
[40.434s][info][gc,phases   ] GC(95)   Post Evacuate Collection Set: 0.62ms
[40.434s][info][gc,phases   ] GC(95)   Other: 0.12ms
[40.434s][info][gc,heap     ] GC(95) Eden regions: 277->0(281)
[40.434s][info][gc,heap     ] GC(95) Survivor regions: 45->41(41)
[40.434s][info][gc,heap     ] GC(95) Old regions: 550->523
[40.434s][info][gc,heap     ] GC(95) Humongous regions: 7->7
[40.434s][info][gc,metaspace] GC(95) Metaspace: 17450K(17664K)->17450K(17664K) NonClass: 14825K(14912K)->14825K(14912K) Class: 2625K(2752K)->2625K(2752K)
[40.434s][info][gc          ] GC(95) Pause Young (Mixed) (G1 Evacuation Pause) 879M->570M(978M) 127.198ms
[40.434s][info][gc,cpu      ] GC(95) User=0.25s Sys=0.00s Real=0.13s
[40.742s][info][gc,start    ] GC(96) Pause Young (Concurrent Start) (G1 Evacuation Pause)
[40.742s][info][gc,task     ] GC(96) Using 2 workers of 2 for evacuation
[40.812s][info][gc,phases   ] GC(96)   Pre Evacuate Collection Set: 0.32ms
[40.812s][info][gc,phases   ] GC(96)   Merge Heap Roots: 0.50ms
[40.812s][info][gc,phases   ] GC(96)   Evacuate Collection Set: 68.52ms
[40.812s][info][gc,phases   ] GC(96)   Post Evacuate Collection Set: 0.50ms
[40.812s][info][gc,phases   ] GC(96)   Other: 0.13ms
[40.812s][info][gc,heap     ] GC(96) Eden regions: 281->0(293)
[40.812s][info][gc,heap     ] GC(96) Survivor regions: 41->5(41)
[40.812s][info][gc,heap     ] GC(96) Old regions: 523->564
[40.812s][info][gc,heap     ] GC(96) Humongous regions: 7->7
[40.812s][info][gc,metaspace] GC(96) Metaspace: 17450K(17664K)->17450K(17664K) NonClass: 14825K(14912K)->14825K(14912K) Class: 2625K(2752K)->2625K(2752K)
[40.812s][info][gc          ] GC(96) Pause Young (Concurrent Start) (G1 Evacuation Pause) 851M->576M(978M) 70.241ms
[40.812s][info][gc          ] GC(97) Concurrent Mark Cycle
[40.812s][info][gc,marking  ] GC(97) Concurrent Scan Root Regions
[40.813s][info][gc,cpu      ] GC(96) User=0.14s Sys=0.00s Real=0.07s
[40.902s][info][gc,marking  ] GC(97) Concurrent Scan Root Regions 89.516ms
[40.902s][info][gc,marking  ] GC(97) Concurrent Mark
[40.902s][info][gc,marking  ] GC(97) Concurrent Mark From Roots
[40.902s][info][gc,task     ] GC(97) Using 1 workers of 1 for marking
[41.533s][info][gc,start    ] GC(98) Pause Young (Normal) (G1 Evacuation Pause)
[41.533s][info][gc,task     ] GC(98) Using 2 workers of 2 for evacuation
[41.608s][info][gc,phases   ] GC(98)   Pre Evacuate Collection Set: 0.50ms
[41.608s][info][gc,phases   ] GC(98)   Merge Heap Roots: 0.29ms
[41.608s][info][gc,phases   ] GC(98)   Evacuate Collection Set: 72.88ms
[41.608s][info][gc,phases   ] GC(98)   Post Evacuate Collection Set: 0.67ms
[41.608s][info][gc,phases   ] GC(98)   Other: 0.08ms
[41.608s][info][gc,heap     ] GC(98) Eden regions: 293->0(226)
[41.608s][info][gc,heap     ] GC(98) Survivor regions: 5->38(38)
[41.608s][info][gc,heap     ] GC(98) Old regions: 564->596
[41.608s][info][gc,heap     ] GC(98) Humongous regions: 7->7
[41.608s][info][gc,metaspace] GC(98) Metaspace: 17451K(17664K)->17451K(17664K) NonClass: 14826K(14912K)->14826K(14912K) Class: 2625K(2752K)->2625K(2752K)
[41.608s][info][gc          ] GC(98) Pause Young (Normal) (G1 Evacuation Pause) 869M->641M(978M) 74.618ms
[41.608s][info][gc,cpu      ] GC(98) User=0.14s Sys=0.00s Real=0.07s
[42.042s][info][gc,marking  ] GC(97) Concurrent Mark From Roots 1140.203ms
[42.042s][info][gc,marking  ] GC(97) Concurrent Preclean
[42.042s][info][gc,marking  ] GC(97) Concurrent Preclean 0.021ms
[42.042s][info][gc,start    ] GC(97) Pause Remark
[42.049s][info][gc          ] GC(97) Pause Remark 772M->645M(978M) 6.618ms
[42.049s][info][gc,cpu      ] GC(97) User=0.02s Sys=0.00s Real=0.00s
[42.049s][info][gc,marking  ] GC(97) Concurrent Mark 1147.136ms
[42.049s][info][gc,marking  ] GC(97) Concurrent Rebuild Remembered Sets and Scrub Regions
[42.323s][info][gc,start    ] GC(99) Pause Young (Normal) (G1 Evacuation Pause)
[42.323s][info][gc,task     ] GC(99) Using 2 workers of 2 for evacuation
[42.390s][info][gc,phases   ] GC(99)   Pre Evacuate Collection Set: 0.28ms
[42.390s][info][gc,phases   ] GC(99)   Merge Heap Roots: 0.53ms
[42.390s][info][gc,phases   ] GC(99)   Evacuate Collection Set: 65.62ms
[42.390s][info][gc,phases   ] GC(99)   Post Evacuate Collection Set: 0.48ms
[42.390s][info][gc,phases   ] GC(99)   Other: 0.10ms
[42.390s][info][gc,heap     ] GC(99) Eden regions: 226->0(316)
[42.390s][info][gc,heap     ] GC(99) Survivor regions: 38->12(33)
[42.390s][info][gc,heap     ] GC(99) Old regions: 472->511
[42.390s][info][gc,heap     ] GC(99) Humongous regions: 5->5
[42.390s][info][gc,metaspace] GC(99) Metaspace: 17452K(17664K)->17452K(17664K) NonClass: 14826K(14912K)->14826K(14912K) Class: 2626K(2752K)->2626K(2752K)
[42.390s][info][gc          ] GC(99) Pause Young (Normal) (G1 Evacuation Pause) 741M->527M(978M) 67.249ms
[42.390s][info][gc,cpu      ] GC(99) User=0.13s Sys=0.00s Real=0.06s
[42.451s][info][gc,marking  ] GC(97) Concurrent Rebuild Remembered Sets and Scrub Regions 402.279ms
[42.451s][info][gc,start    ] GC(97) Pause Cleanup
[42.451s][info][gc          ] GC(97) Pause Cleanup 555M->555M(978M) 0.124ms
[42.451s][info][gc,cpu      ] GC(97) User=0.00s Sys=0.00s Real=0.00s
[42.452s][info][gc,marking  ] GC(97) Concurrent Clear Claimed Marks
[42.452s][info][gc,marking  ] GC(97) Concurrent Clear Claimed Marks 0.051ms
[42.452s][info][gc,marking  ] GC(97) Concurrent Cleanup for Next Mark
[42.455s][info][gc,marking  ] GC(97) Concurrent Cleanup for Next Mark 2.920ms
[42.455s][info][gc          ] GC(97) Concurrent Mark Cycle 1642.886ms
[42.781s][info][gc,start    ] GC(100) Pause Young (Prepare Mixed) (G1 Evacuation Pause)
[42.781s][info][gc,task     ] GC(100) Using 2 workers of 2 for evacuation
[42.828s][info][gc,phases   ] GC(100)   Pre Evacuate Collection Set: 0.51ms
[42.828s][info][gc,phases   ] GC(100)   Merge Heap Roots: 0.26ms
[42.828s][info][gc,phases   ] GC(100)   Evacuate Collection Set: 45.77ms
[42.828s][info][gc,phases   ] GC(100)   Post Evacuate Collection Set: 0.55ms
[42.828s][info][gc,phases   ] GC(100)   Other: 0.10ms
[42.828s][info][gc,heap     ] GC(100) Eden regions: 316->0(306)
[42.828s][info][gc,heap     ] GC(100) Survivor regions: 12->35(41)
[42.828s][info][gc,heap     ] GC(100) Old regions: 511->511
[42.828s][info][gc,heap     ] GC(100) Humongous regions: 5->5
[42.828s][info][gc,metaspace] GC(100) Metaspace: 17452K(17664K)->17452K(17664K) NonClass: 14826K(14912K)->14826K(14912K) Class: 2626K(2752K)->2626K(2752K)
[42.828s][info][gc          ] GC(100) Pause Young (Prepare Mixed) (G1 Evacuation Pause) 843M->550M(978M) 47.429ms
[42.828s][info][gc,cpu      ] GC(100) User=0.09s Sys=0.00s Real=0.05s
[43.456s][info][gc,start    ] GC(101) Pause Young (Mixed) (G1 Evacuation Pause)
[43.456s][info][gc,task     ] GC(101) Using 2 workers of 2 for evacuation
[43.518s][info][gc,phases   ] GC(101)   Pre Evacuate Collection Set: 0.33ms
[43.518s][info][gc,phases   ] GC(101)   Merge Heap Roots: 0.34ms
[43.518s][info][gc,phases   ] GC(101)   Evacuate Collection Set: 60.82ms
[43.518s][info][gc,phases   ] GC(101)   Post Evacuate Collection Set: 0.57ms
[43.518s][info][gc,phases   ] GC(101)   Other: 0.09ms
[43.518s][info][gc,heap     ] GC(101) Eden regions: 306->0(375)
[43.518s][info][gc,heap     ] GC(101) Survivor regions: 35->15(43)
[43.518s][info][gc,heap     ] GC(101) Old regions: 511->459
[43.518s][info][gc,heap     ] GC(101) Humongous regions: 5->5
[43.518s][info][gc,metaspace] GC(101) Metaspace: 17453K(17664K)->17453K(17664K) NonClass: 14827K(14912K)->14827K(14912K) Class: 2626K(2752K)->2626K(2752K)
[43.518s][info][gc          ] GC(101) Pause Young (Mixed) (G1 Evacuation Pause) 856M->478M(978M) 62.388ms
[43.518s][info][gc,cpu      ] GC(101) User=0.13s Sys=0.00s Real=0.06s
[44.158s][info][gc,start    ] GC(102) Pause Young (Concurrent Start) (G1 Evacuation Pause)
[44.158s][info][gc,task     ] GC(102) Using 2 workers of 2 for evacuation
[44.223s][info][gc,phases   ] GC(102)   Pre Evacuate Collection Set: 0.39ms
[44.223s][info][gc,phases   ] GC(102)   Merge Heap Roots: 0.35ms
[44.223s][info][gc,phases   ] GC(102)   Evacuate Collection Set: 63.28ms
[44.223s][info][gc,phases   ] GC(102)   Post Evacuate Collection Set: 0.62ms
[44.223s][info][gc,phases   ] GC(102)   Other: 0.19ms
[44.223s][info][gc,heap     ] GC(102) Eden regions: 375->0(327)
[44.223s][info][gc,heap     ] GC(102) Survivor regions: 15->49(49)
[44.223s][info][gc,heap     ] GC(102) Old regions: 459->470
[44.223s][info][gc,heap     ] GC(102) Humongous regions: 5->5
[44.223s][info][gc,metaspace] GC(102) Metaspace: 17454K(17664K)->17454K(17664K) NonClass: 14827K(14912K)->14827K(14912K) Class: 2626K(2752K)->2626K(2752K)
[44.223s][info][gc          ] GC(102) Pause Young (Concurrent Start) (G1 Evacuation Pause) 853M->524M(978M) 65.023ms
[44.223s][info][gc,cpu      ] GC(102) User=0.13s Sys=0.00s Real=0.07s
[44.223s][info][gc          ] GC(103) Concurrent Mark Cycle
[44.226s][info][gc,marking  ] GC(103) Concurrent Scan Root Regions
[44.301s][info][gc,marking  ] GC(103) Concurrent Scan Root Regions 75.079ms
[44.301s][info][gc,marking  ] GC(103) Concurrent Mark
[44.301s][info][gc,marking  ] GC(103) Concurrent Mark From Roots
[44.301s][info][gc,task     ] GC(103) Using 1 workers of 1 for marking
[45.106s][info][gc,marking  ] GC(103) Concurrent Mark From Roots 805.370ms
[45.107s][info][gc,marking  ] GC(103) Concurrent Preclean
[45.107s][info][gc,marking  ] GC(103) Concurrent Preclean 0.024ms
[45.107s][info][gc,start    ] GC(103) Pause Remark
[45.113s][info][gc          ] GC(103) Pause Remark 847M->720M(978M) 6.369ms
[45.113s][info][gc,cpu      ] GC(103) User=0.02s Sys=0.00s Real=0.01s
[45.115s][info][gc,marking  ] GC(103) Concurrent Mark 813.937ms
[45.115s][info][gc,marking  ] GC(103) Concurrent Rebuild Remembered Sets and Scrub Regions
[45.139s][info][gc,start    ] GC(104) Pause Young (Normal) (G1 Evacuation Pause)
[45.139s][info][gc,task     ] GC(104) Using 2 workers of 2 for evacuation
[45.240s][info][gc,phases   ] GC(104)   Pre Evacuate Collection Set: 0.40ms
[45.240s][info][gc,phases   ] GC(104)   Merge Heap Roots: 0.30ms
[45.240s][info][gc,phases   ] GC(104)   Evacuate Collection Set: 98.97ms
[45.240s][info][gc,phases   ] GC(104)   Post Evacuate Collection Set: 0.60ms
[45.240s][info][gc,phases   ] GC(104)   Other: 0.09ms
[45.240s][info][gc,heap     ] GC(104) Eden regions: 327->0(376)
[45.240s][info][gc,heap     ] GC(104) Survivor regions: 49->41(47)
[45.240s][info][gc,heap     ] GC(104) Old regions: 345->394
[45.240s][info][gc,heap     ] GC(104) Humongous regions: 6->6
[45.240s][info][gc,metaspace] GC(104) Metaspace: 17454K(17664K)->17454K(17664K) NonClass: 14827K(14912K)->14827K(14912K) Class: 2626K(2752K)->2626K(2752K)
[45.240s][info][gc          ] GC(104) Pause Young (Normal) (G1 Evacuation Pause) 727M->440M(978M) 100.569ms
[45.240s][info][gc,cpu      ] GC(104) User=0.19s Sys=0.00s Real=0.10s
[45.452s][info][gc,marking  ] GC(103) Concurrent Rebuild Remembered Sets and Scrub Regions 337.379ms
[45.453s][info][gc,start    ] GC(103) Pause Cleanup
[45.453s][info][gc          ] GC(103) Pause Cleanup 504M->504M(978M) 0.092ms
[45.453s][info][gc,cpu      ] GC(103) User=0.00s Sys=0.00s Real=0.00s
[45.454s][info][gc,marking  ] GC(103) Concurrent Clear Claimed Marks
[45.454s][info][gc,marking  ] GC(103) Concurrent Clear Claimed Marks 0.039ms
[45.454s][info][gc,marking  ] GC(103) Concurrent Cleanup for Next Mark
[45.459s][info][gc,marking  ] GC(103) Concurrent Cleanup for Next Mark 4.895ms
[45.459s][info][gc          ] GC(103) Concurrent Mark Cycle 1235.597ms
[45.891s][info][gc,start    ] GC(105) Pause Young (Prepare Mixed) (G1 Evacuation Pause)
[45.891s][info][gc,task     ] GC(105) Using 2 workers of 2 for evacuation
[46.007s][info][gc,phases   ] GC(105)   Pre Evacuate Collection Set: 0.46ms
[46.007s][info][gc,phases   ] GC(105)   Merge Heap Roots: 0.97ms
[46.007s][info][gc,phases   ] GC(105)   Evacuate Collection Set: 113.99ms
[46.007s][info][gc,phases   ] GC(105)   Post Evacuate Collection Set: 0.59ms
[46.007s][info][gc,phases   ] GC(105)   Other: 0.10ms
[46.007s][info][gc,heap     ] GC(105) Eden regions: 376->0(337)
[46.007s][info][gc,heap     ] GC(105) Survivor regions: 41->53(53)
[46.007s][info][gc,heap     ] GC(105) Old regions: 394->436
[46.007s][info][gc,heap     ] GC(105) Humongous regions: 6->6
[46.007s][info][gc,metaspace] GC(105) Metaspace: 17463K(17664K)->17463K(17664K) NonClass: 14837K(14912K)->14837K(14912K) Class: 2626K(2752K)->2626K(2752K)
[46.007s][info][gc          ] GC(105) Pause Young (Prepare Mixed) (G1 Evacuation Pause) 816M->494M(978M) 116.327ms
[46.007s][info][gc,cpu      ] GC(105) User=0.23s Sys=0.00s Real=0.12s
[46.527s][info][gc,start    ] GC(106) Pause Young (Mixed) (G1 Evacuation Pause)
[46.527s][info][gc,task     ] GC(106) Using 2 workers of 2 for evacuation
[46.616s][info][gc,phases   ] GC(106)   Pre Evacuate Collection Set: 0.52ms
[46.616s][info][gc,phases   ] GC(106)   Merge Heap Roots: 0.18ms
[46.616s][info][gc,phases   ] GC(106)   Evacuate Collection Set: 86.86ms
[46.616s][info][gc,phases   ] GC(106)   Post Evacuate Collection Set: 0.68ms
[46.616s][info][gc,phases   ] GC(106)   Other: 0.10ms
[46.616s][info][gc,heap     ] GC(106) Eden regions: 337->0(344)
[46.616s][info][gc,heap     ] GC(106) Survivor regions: 53->32(49)
[46.616s][info][gc,heap     ] GC(106) Old regions: 436->453
[46.616s][info][gc,heap     ] GC(106) Humongous regions: 9->9
[46.616s][info][gc,metaspace] GC(106) Metaspace: 17468K(17728K)->17468K(17728K) NonClass: 14842K(14976K)->14842K(14976K) Class: 2626K(2752K)->2626K(2752K)
[46.616s][info][gc          ] GC(106) Pause Young (Mixed) (G1 Evacuation Pause) 834M->494M(978M) 88.573ms
[46.616s][info][gc,cpu      ] GC(106) User=0.17s Sys=0.01s Real=0.09s
[47.132s][info][gc,start    ] GC(107) Pause Young (Concurrent Start) (G1 Evacuation Pause)
[47.132s][info][gc,task     ] GC(107) Using 2 workers of 2 for evacuation
[47.175s][info][gc,phases   ] GC(107)   Pre Evacuate Collection Set: 0.32ms
[47.175s][info][gc,phases   ] GC(107)   Merge Heap Roots: 0.29ms
[47.175s][info][gc,phases   ] GC(107)   Evacuate Collection Set: 42.07ms
[47.175s][info][gc,phases   ] GC(107)   Post Evacuate Collection Set: 0.53ms
[47.175s][info][gc,phases   ] GC(107)   Other: 0.21ms
[47.175s][info][gc,heap     ] GC(107) Eden regions: 344->0(366)
[47.175s][info][gc,heap     ] GC(107) Survivor regions: 32->1(47)
[47.175s][info][gc,heap     ] GC(107) Old regions: 453->485
[47.175s][info][gc,heap     ] GC(107) Humongous regions: 9->9
[47.175s][info][gc,metaspace] GC(107) Metaspace: 17468K(17728K)->17468K(17728K) NonClass: 14842K(14976K)->14842K(14976K) Class: 2626K(2752K)->2626K(2752K)
[47.175s][info][gc          ] GC(107) Pause Young (Concurrent Start) (G1 Evacuation Pause) 838M->495M(978M) 43.683ms
[47.175s][info][gc          ] GC(108) Concurrent Mark Cycle
[47.175s][info][gc,marking  ] GC(108) Concurrent Scan Root Regions
[47.175s][info][gc,cpu      ] GC(107) User=0.08s Sys=0.00s Real=0.04s
[47.245s][info][gc,marking  ] GC(108) Concurrent Scan Root Regions 69.735ms
[47.245s][info][gc,marking  ] GC(108) Concurrent Mark
[47.245s][info][gc,marking  ] GC(108) Concurrent Mark From Roots
[47.245s][info][gc,task     ] GC(108) Using 1 workers of 1 for marking
[48.361s][info][gc,start    ] GC(109) Pause Young (Normal) (G1 Evacuation Pause)
[48.361s][info][gc,task     ] GC(109) Using 2 workers of 2 for evacuation
[48.362s][info][gc,phases   ] GC(109)   Pre Evacuate Collection Set: 0.48ms
[48.362s][info][gc,phases   ] GC(109)   Merge Heap Roots: 0.12ms
[48.362s][info][gc,phases   ] GC(109)   Evacuate Collection Set: 0.24ms
[48.362s][info][gc,phases   ] GC(109)   Post Evacuate Collection Set: 0.42ms
[48.362s][info][gc,phases   ] GC(109)   Other: 0.10ms
[48.362s][info][gc,heap     ] GC(109) Eden regions: 366->0(382)
[48.362s][info][gc,heap     ] GC(109) Survivor regions: 1->1(46)
[48.362s][info][gc,heap     ] GC(109) Old regions: 485->485
[48.362s][info][gc,heap     ] GC(109) Humongous regions: 9->9
[48.362s][info][gc,metaspace] GC(109) Metaspace: 17470K(17728K)->17470K(17728K) NonClass: 14844K(14976K)->14844K(14976K) Class: 2626K(2752K)->2626K(2752K)
[48.362s][info][gc          ] GC(109) Pause Young (Normal) (G1 Evacuation Pause) 861M->495M(978M) 1.540ms
[48.362s][info][gc,cpu      ] GC(109) User=0.00s Sys=0.00s Real=0.01s
[48.561s][info][gc,marking  ] GC(108) Concurrent Mark From Roots 1315.880ms
[48.561s][info][gc,marking  ] GC(108) Concurrent Preclean
[48.561s][info][gc,marking  ] GC(108) Concurrent Preclean 0.028ms
[48.561s][info][gc,start    ] GC(108) Pause Remark
[48.568s][info][gc          ] GC(108) Pause Remark 604M->602M(978M) 6.206ms
[48.568s][info][gc,cpu      ] GC(108) User=0.01s Sys=0.00s Real=0.00s
[48.569s][info][gc,marking  ] GC(108) Concurrent Mark 1323.700ms
[48.569s][info][gc,marking  ] GC(108) Concurrent Rebuild Remembered Sets and Scrub Regions
[48.970s][info][gc,start    ] GC(110) Pause Young (Normal) (G1 Evacuation Pause)
[48.970s][info][gc,task     ] GC(110) Using 2 workers of 2 for evacuation
[49.010s][info][gc,phases   ] GC(110)   Pre Evacuate Collection Set: 0.26ms
[49.010s][info][gc,phases   ] GC(110)   Merge Heap Roots: 0.25ms
[49.010s][info][gc,phases   ] GC(110)   Evacuate Collection Set: 38.99ms
[49.010s][info][gc,phases   ] GC(110)   Post Evacuate Collection Set: 0.52ms
[49.010s][info][gc,phases   ] GC(110)   Other: 0.12ms
[49.010s][info][gc,heap     ] GC(110) Eden regions: 382->0(354)
[49.010s][info][gc,heap     ] GC(110) Survivor regions: 1->35(48)
[49.010s][info][gc,heap     ] GC(110) Old regions: 485->485
[49.010s][info][gc,heap     ] GC(110) Humongous regions: 7->7
[49.010s][info][gc,metaspace] GC(110) Metaspace: 17470K(17728K)->17470K(17728K) NonClass: 14844K(14976K)->14844K(14976K) Class: 2626K(2752K)->2626K(2752K)
[49.010s][info][gc          ] GC(110) Pause Young (Normal) (G1 Evacuation Pause) 875M->527M(978M) 40.364ms
[49.010s][info][gc,cpu      ] GC(110) User=0.07s Sys=0.00s Real=0.04s
[49.038s][info][gc,marking  ] GC(108) Concurrent Rebuild Remembered Sets and Scrub Regions 468.622ms
[49.038s][info][gc,start    ] GC(108) Pause Cleanup
[49.038s][info][gc          ] GC(108) Pause Cleanup 544M->544M(978M) 0.084ms
[49.038s][info][gc,cpu      ] GC(108) User=0.00s Sys=0.00s Real=0.00s
[49.038s][info][gc,marking  ] GC(108) Concurrent Clear Claimed Marks
[49.038s][info][gc,marking  ] GC(108) Concurrent Clear Claimed Marks 0.049ms
[49.038s][info][gc,marking  ] GC(108) Concurrent Cleanup for Next Mark
[49.043s][info][gc,marking  ] GC(108) Concurrent Cleanup for Next Mark 4.877ms
[49.043s][info][gc          ] GC(108) Concurrent Mark Cycle 1867.415ms
[49.373s][info][gc,start    ] GC(111) Pause Young (Prepare Mixed) (G1 Evacuation Pause)
[49.373s][info][gc,task     ] GC(111) Using 2 workers of 2 for evacuation
[49.413s][info][gc,phases   ] GC(111)   Pre Evacuate Collection Set: 0.26ms
[49.413s][info][gc,phases   ] GC(111)   Merge Heap Roots: 0.20ms
[49.413s][info][gc,phases   ] GC(111)   Evacuate Collection Set: 38.57ms
[49.413s][info][gc,phases   ] GC(111)   Post Evacuate Collection Set: 0.51ms
[49.413s][info][gc,phases   ] GC(111)   Other: 0.11ms
[49.413s][info][gc,heap     ] GC(111) Eden regions: 354->0(361)
[49.413s][info][gc,heap     ] GC(111) Survivor regions: 35->5(49)
[49.413s][info][gc,heap     ] GC(111) Old regions: 485->520
[49.413s][info][gc,heap     ] GC(111) Humongous regions: 7->7
[49.413s][info][gc,metaspace] GC(111) Metaspace: 17473K(17728K)->17473K(17728K) NonClass: 14847K(14976K)->14847K(14976K) Class: 2626K(2752K)->2626K(2752K)
[49.413s][info][gc          ] GC(111) Pause Young (Prepare Mixed) (G1 Evacuation Pause) 881M->532M(978M) 39.851ms
[49.413s][info][gc,cpu      ] GC(111) User=0.08s Sys=0.00s Real=0.04s
[49.790s][info][gc,start    ] GC(112) Pause Young (Mixed) (G1 Evacuation Pause)
[49.790s][info][gc,task     ] GC(112) Using 2 workers of 2 for evacuation
[49.862s][info][gc,phases   ] GC(112)   Pre Evacuate Collection Set: 0.28ms
[49.862s][info][gc,phases   ] GC(112)   Merge Heap Roots: 0.34ms
[49.862s][info][gc,phases   ] GC(112)   Evacuate Collection Set: 70.93ms
[49.862s][info][gc,phases   ] GC(112)   Post Evacuate Collection Set: 0.56ms
[49.862s][info][gc,phases   ] GC(112)   Other: 0.09ms
[49.862s][info][gc,heap     ] GC(112) Eden regions: 361->0(302)
[49.862s][info][gc,heap     ] GC(112) Survivor regions: 5->46(46)
[49.862s][info][gc,heap     ] GC(112) Old regions: 520->527
[49.862s][info][gc,heap     ] GC(112) Humongous regions: 7->7
[49.862s][info][gc,metaspace] GC(112) Metaspace: 17473K(17728K)->17473K(17728K) NonClass: 14847K(14976K)->14847K(14976K) Class: 2626K(2752K)->2626K(2752K)
[49.862s][info][gc          ] GC(112) Pause Young (Mixed) (G1 Evacuation Pause) 893M->580M(978M) 72.422ms
[49.862s][info][gc,cpu      ] GC(112) User=0.14s Sys=0.00s Real=0.08s
[50.248s][info][gc,start    ] GC(113) Pause Young (Concurrent Start) (G1 Evacuation Pause)
[50.248s][info][gc,task     ] GC(113) Using 2 workers of 2 for evacuation
[50.322s][info][gc,phases   ] GC(113)   Pre Evacuate Collection Set: 0.40ms
[50.322s][info][gc,phases   ] GC(113)   Merge Heap Roots: 0.32ms
[50.322s][info][gc,phases   ] GC(113)   Evacuate Collection Set: 72.16ms
[50.322s][info][gc,phases   ] GC(113)   Post Evacuate Collection Set: 0.55ms
[50.322s][info][gc,phases   ] GC(113)   Other: 0.16ms
[50.322s][info][gc,heap     ] GC(113) Eden regions: 302->0(311)
[50.322s][info][gc,heap     ] GC(113) Survivor regions: 46->6(44)
[50.322s][info][gc,heap     ] GC(113) Old regions: 527->574
[50.322s][info][gc,heap     ] GC(113) Humongous regions: 7->7
[50.322s][info][gc,metaspace] GC(113) Metaspace: 17497K(17728K)->17497K(17728K) NonClass: 14871K(14976K)->14871K(14976K) Class: 2626K(2752K)->2626K(2752K)
[50.322s][info][gc          ] GC(113) Pause Young (Concurrent Start) (G1 Evacuation Pause) 882M->586M(978M) 73.830ms
[50.322s][info][gc          ] GC(114) Concurrent Mark Cycle
[50.322s][info][gc,marking  ] GC(114) Concurrent Scan Root Regions
[50.323s][info][gc,cpu      ] GC(113) User=0.14s Sys=0.00s Real=0.08s
[50.413s][info][gc,marking  ] GC(114) Concurrent Scan Root Regions 91.163ms
[50.413s][info][gc,marking  ] GC(114) Concurrent Mark
[50.413s][info][gc,marking  ] GC(114) Concurrent Mark From Roots
[50.413s][info][gc,task     ] GC(114) Using 1 workers of 1 for marking
[51.373s][info][gc,start    ] GC(115) Pause Young (Normal) (G1 Evacuation Pause)
[51.373s][info][gc,task     ] GC(115) Using 2 workers of 2 for evacuation
[51.408s][info][gc,phases   ] GC(115)   Pre Evacuate Collection Set: 0.30ms
[51.408s][info][gc,phases   ] GC(115)   Merge Heap Roots: 0.26ms
[51.408s][info][gc,phases   ] GC(115)   Evacuate Collection Set: 33.31ms
[51.408s][info][gc,phases   ] GC(115)   Post Evacuate Collection Set: 0.49ms
[51.408s][info][gc,phases   ] GC(115)   Other: 0.11ms
[51.408s][info][gc,heap     ] GC(115) Eden regions: 311->0(288)
[51.408s][info][gc,heap     ] GC(115) Survivor regions: 6->29(40)
[51.408s][info][gc,heap     ] GC(115) Old regions: 574->574
[51.408s][info][gc,heap     ] GC(115) Humongous regions: 7->7
[51.408s][info][gc,metaspace] GC(115) Metaspace: 17499K(17728K)->17499K(17728K) NonClass: 14873K(14976K)->14873K(14976K) Class: 2626K(2752K)->2626K(2752K)
[51.408s][info][gc          ] GC(115) Pause Young (Normal) (G1 Evacuation Pause) 897M->609M(978M) 34.716ms
[51.408s][info][gc,cpu      ] GC(115) User=0.07s Sys=0.00s Real=0.03s
[51.963s][info][gc,marking  ] GC(114) Concurrent Mark From Roots 1550.260ms
[51.963s][info][gc,marking  ] GC(114) Concurrent Preclean
[51.963s][info][gc,marking  ] GC(114) Concurrent Preclean 0.029ms
[51.964s][info][gc,start    ] GC(114) Pause Remark
[51.970s][info][gc          ] GC(114) Pause Remark 744M->744M(978M) 6.041ms
[51.970s][info][gc,cpu      ] GC(114) User=0.01s Sys=0.00s Real=0.00s
[51.972s][info][gc,marking  ] GC(114) Concurrent Mark 1558.939ms
[51.972s][info][gc,marking  ] GC(114) Concurrent Rebuild Remembered Sets and Scrub Regions
[52.459s][info][gc,start    ] GC(116) Pause Young (Normal) (G1 Evacuation Pause)
[52.459s][info][gc,task     ] GC(116) Using 2 workers of 2 for evacuation
[52.489s][info][gc,phases   ] GC(116)   Pre Evacuate Collection Set: 0.49ms
[52.489s][info][gc,phases   ] GC(116)   Merge Heap Roots: 0.27ms
[52.489s][info][gc,phases   ] GC(116)   Evacuate Collection Set: 28.78ms
[52.489s][info][gc,phases   ] GC(116)   Post Evacuate Collection Set: 0.44ms
[52.489s][info][gc,phases   ] GC(116)   Other: 0.09ms
[52.489s][info][gc,heap     ] GC(116) Eden regions: 288->0(303)
[52.489s][info][gc,heap     ] GC(116) Survivor regions: 29->1(40)
[52.489s][info][gc,heap     ] GC(116) Old regions: 574->602
[52.489s][info][gc,heap     ] GC(116) Humongous regions: 7->7
[52.489s][info][gc,metaspace] GC(116) Metaspace: 17499K(17728K)->17499K(17728K) NonClass: 14873K(14976K)->14873K(14976K) Class: 2626K(2752K)->2626K(2752K)
[52.489s][info][gc          ] GC(116) Pause Young (Normal) (G1 Evacuation Pause) 897M->610M(978M) 30.287ms
[52.489s][info][gc,cpu      ] GC(116) User=0.06s Sys=0.00s Real=0.03s
[52.574s][info][gc,marking  ] GC(114) Concurrent Rebuild Remembered Sets and Scrub Regions 601.938ms
[52.574s][info][gc,start    ] GC(114) Pause Cleanup
[52.574s][info][gc          ] GC(114) Pause Cleanup 639M->639M(978M) 0.107ms
[52.574s][info][gc,cpu      ] GC(114) User=0.00s Sys=0.00s Real=0.00s
[52.576s][info][gc,marking  ] GC(114) Concurrent Clear Claimed Marks
[52.576s][info][gc,marking  ] GC(114) Concurrent Clear Claimed Marks 0.042ms
[52.576s][info][gc,marking  ] GC(114) Concurrent Cleanup for Next Mark
[52.581s][info][gc,marking  ] GC(114) Concurrent Cleanup for Next Mark 4.868ms
[52.581s][info][gc          ] GC(114) Concurrent Mark Cycle 2259.012ms
[53.190s][info][gc,start    ] GC(117) Pause Young (Prepare Mixed) (G1 Evacuation Pause)
[53.190s][info][gc,task     ] GC(117) Using 2 workers of 2 for evacuation
[53.192s][info][gc,phases   ] GC(117)   Pre Evacuate Collection Set: 0.30ms
[53.192s][info][gc,phases   ] GC(117)   Merge Heap Roots: 0.12ms
[53.192s][info][gc,phases   ] GC(117)   Evacuate Collection Set: 0.91ms
[53.192s][info][gc,phases   ] GC(117)   Post Evacuate Collection Set: 0.41ms
[53.192s][info][gc,phases   ] GC(117)   Other: 0.08ms
[53.192s][info][gc,heap     ] GC(117) Eden regions: 303->0(315)
[53.192s][info][gc,heap     ] GC(117) Survivor regions: 1->1(38)
[53.192s][info][gc,heap     ] GC(117) Old regions: 602->602
[53.192s][info][gc,heap     ] GC(117) Humongous regions: 7->7
[53.192s][info][gc,metaspace] GC(117) Metaspace: 17502K(17728K)->17502K(17728K) NonClass: 14876K(14976K)->14876K(14976K) Class: 2626K(2752K)->2626K(2752K)
[53.192s][info][gc          ] GC(117) Pause Young (Prepare Mixed) (G1 Evacuation Pause) 913M->610M(978M) 2.029ms
[53.192s][info][gc,cpu      ] GC(117) User=0.00s Sys=0.00s Real=0.01s
[53.733s][info][gc,start    ] GC(118) Pause Young (Mixed) (G1 Evacuation Pause)
[53.733s][info][gc,task     ] GC(118) Using 2 workers of 2 for evacuation
[53.782s][info][gc,phases   ] GC(118)   Pre Evacuate Collection Set: 0.35ms
[53.782s][info][gc,phases   ] GC(118)   Merge Heap Roots: 0.20ms
[53.782s][info][gc,phases   ] GC(118)   Evacuate Collection Set: 47.41ms
[53.782s][info][gc,phases   ] GC(118)   Post Evacuate Collection Set: 0.55ms
[53.782s][info][gc,phases   ] GC(118)   Other: 0.12ms
[53.782s][info][gc,heap     ] GC(118) Eden regions: 315->0(236)
[53.782s][info][gc,heap     ] GC(118) Survivor regions: 1->40(40)
[53.782s][info][gc,heap     ] GC(118) Old regions: 602->605
[53.782s][info][gc,heap     ] GC(118) Humongous regions: 7->7
[53.782s][info][gc,metaspace] GC(118) Metaspace: 17503K(17728K)->17503K(17728K) NonClass: 14877K(14976K)->14877K(14976K) Class: 2626K(2752K)->2626K(2752K)
[53.782s][info][gc          ] GC(118) Pause Young (Mixed) (G1 Evacuation Pause) 925M->651M(978M) 48.890ms
[53.782s][info][gc,cpu      ] GC(118) User=0.09s Sys=0.00s Real=0.05s
[54.193s][info][gc,start    ] GC(119) Pause Young (Concurrent Start) (G1 Humongous Allocation)
[54.193s][info][gc,task     ] GC(119) Using 2 workers of 2 for evacuation
[54.266s][info][gc,phases   ] GC(119)   Pre Evacuate Collection Set: 0.41ms
[54.266s][info][gc,phases   ] GC(119)   Merge Heap Roots: 0.30ms
[54.266s][info][gc,phases   ] GC(119)   Evacuate Collection Set: 71.36ms
[54.266s][info][gc,phases   ] GC(119)   Post Evacuate Collection Set: 0.52ms
[54.266s][info][gc,phases   ] GC(119)   Other: 0.19ms
[54.266s][info][gc,heap     ] GC(119) Eden regions: 215->0(215)
[54.266s][info][gc,heap     ] GC(119) Survivor regions: 40->28(35)
[54.266s][info][gc,heap     ] GC(119) Old regions: 605->645
[54.266s][info][gc,heap     ] GC(119) Humongous regions: 7->7
[54.266s][info][gc,metaspace] GC(119) Metaspace: 17511K(17728K)->17511K(17728K) NonClass: 14885K(14976K)->14885K(14976K) Class: 2626K(2752K)->2626K(2752K)
[54.266s][info][gc          ] GC(119) Pause Young (Concurrent Start) (G1 Humongous Allocation) 866M->680M(978M) 72.993ms
[54.266s][info][gc,cpu      ] GC(119) User=0.14s Sys=0.00s Real=0.07s
[54.266s][info][gc          ] GC(120) Concurrent Mark Cycle
[54.268s][info][gc,marking  ] GC(120) Concurrent Scan Root Regions
[54.339s][info][gc,marking  ] GC(120) Concurrent Scan Root Regions 70.699ms
[54.339s][info][gc,marking  ] GC(120) Concurrent Mark
[54.339s][info][gc,marking  ] GC(120) Concurrent Mark From Roots
[54.339s][info][gc,task     ] GC(120) Using 1 workers of 1 for marking
[54.849s][info][gc,start    ] GC(121) Pause Young (Normal) (G1 Evacuation Pause)
[54.850s][info][gc,task     ] GC(121) Using 2 workers of 2 for evacuation
[54.925s][info][gc,phases   ] GC(121)   Pre Evacuate Collection Set: 0.48ms
[54.925s][info][gc,phases   ] GC(121)   Merge Heap Roots: 0.28ms
[54.925s][info][gc,phases   ] GC(121)   Evacuate Collection Set: 74.54ms
[54.925s][info][gc,phases   ] GC(121)   Post Evacuate Collection Set: 0.51ms
[54.925s][info][gc,phases   ] GC(121)   Other: 0.09ms
[54.925s][info][gc,heap     ] GC(121) Eden regions: 215->0(175)
[54.925s][info][gc,heap     ] GC(121) Survivor regions: 28->31(31)
[54.925s][info][gc,heap     ] GC(121) Old regions: 645->681
[54.925s][info][gc,heap     ] GC(121) Humongous regions: 10->10
[54.925s][info][gc,metaspace] GC(121) Metaspace: 17512K(17728K)->17512K(17728K) NonClass: 14886K(14976K)->14886K(14976K) Class: 2626K(2752K)->2626K(2752K)
[54.926s][info][gc          ] GC(121) Pause Young (Normal) (G1 Evacuation Pause) 898M->721M(978M) 76.099ms
[54.926s][info][gc,cpu      ] GC(121) User=0.14s Sys=0.00s Real=0.08s
[55.392s][info][gc,start    ] GC(122) Pause Young (Normal) (G1 Evacuation Pause)
[55.392s][info][gc,task     ] GC(122) Using 2 workers of 2 for evacuation
[55.471s][info][gc,phases   ] GC(122)   Pre Evacuate Collection Set: 0.29ms
[55.471s][info][gc,phases   ] GC(122)   Merge Heap Roots: 0.59ms
[55.471s][info][gc,phases   ] GC(122)   Evacuate Collection Set: 77.58ms
[55.471s][info][gc,phases   ] GC(122)   Post Evacuate Collection Set: 0.52ms
[55.471s][info][gc,phases   ] GC(122)   Other: 0.11ms
[55.471s][info][gc,heap     ] GC(122) Eden regions: 175->0(131)
[55.471s][info][gc,heap     ] GC(122) Survivor regions: 31->26(26)
[55.471s][info][gc,heap     ] GC(122) Old regions: 681->735
[55.471s][info][gc,heap     ] GC(122) Humongous regions: 10->10
[55.471s][info][gc,metaspace] GC(122) Metaspace: 17512K(17728K)->17512K(17728K) NonClass: 14886K(14976K)->14886K(14976K) Class: 2626K(2752K)->2626K(2752K)
[55.471s][info][gc          ] GC(122) Pause Young (Normal) (G1 Evacuation Pause) 896M->771M(978M) 79.306ms
[55.471s][info][gc,cpu      ] GC(122) User=0.16s Sys=0.00s Real=0.07s
[55.491s][info][gc,marking  ] GC(120) Concurrent Mark From Roots 1151.961ms
[55.491s][info][gc,marking  ] GC(120) Concurrent Preclean
[55.491s][info][gc,marking  ] GC(120) Concurrent Preclean 0.020ms
[55.491s][info][gc,start    ] GC(120) Pause Remark
[55.498s][info][gc          ] GC(120) Pause Remark 775M->584M(978M) 6.262ms
[55.498s][info][gc,cpu      ] GC(120) User=0.02s Sys=0.00s Real=0.00s
[55.498s][info][gc,marking  ] GC(120) Concurrent Mark 1158.925ms
[55.498s][info][gc,marking  ] GC(120) Concurrent Rebuild Remembered Sets and Scrub Regions
[55.820s][info][gc,start    ] GC(123) Pause Young (Normal) (G1 Evacuation Pause)
[55.820s][info][gc,task     ] GC(123) Using 2 workers of 2 for evacuation
[55.849s][info][gc,phases   ] GC(123)   Pre Evacuate Collection Set: 0.44ms
[55.849s][info][gc,phases   ] GC(123)   Merge Heap Roots: 0.40ms
[55.849s][info][gc,phases   ] GC(123)   Evacuate Collection Set: 28.48ms
[55.849s][info][gc,phases   ] GC(123)   Post Evacuate Collection Set: 0.30ms
[55.849s][info][gc,phases   ] GC(123)   Other: 0.07ms
[55.849s][info][gc,heap     ] GC(123) Eden regions: 131->0(273)
[55.849s][info][gc,heap     ] GC(123) Survivor regions: 26->1(20)
[55.849s][info][gc,heap     ] GC(123) Old regions: 547->574
[55.849s][info][gc,heap     ] GC(123) Humongous regions: 7->7
[55.849s][info][gc,metaspace] GC(123) Metaspace: 17512K(17728K)->17512K(17728K) NonClass: 14886K(14976K)->14886K(14976K) Class: 2626K(2752K)->2626K(2752K)
[55.849s][info][gc          ] GC(123) Pause Young (Normal) (G1 Evacuation Pause) 711M->581M(978M) 29.901ms
[55.849s][info][gc,cpu      ] GC(123) User=0.06s Sys=0.00s Real=0.03s
[56.067s][info][gc,marking  ] GC(120) Concurrent Rebuild Remembered Sets and Scrub Regions 569.067ms
[56.067s][info][gc,start    ] GC(120) Pause Cleanup
[56.067s][info][gc          ] GC(120) Pause Cleanup 676M->676M(978M) 0.129ms
[56.067s][info][gc,cpu      ] GC(120) User=0.00s Sys=0.00s Real=0.00s
[56.068s][info][gc,marking  ] GC(120) Concurrent Clear Claimed Marks
[56.068s][info][gc,marking  ] GC(120) Concurrent Clear Claimed Marks 0.038ms
[56.068s][info][gc,marking  ] GC(120) Concurrent Cleanup for Next Mark
[56.073s][info][gc,marking  ] GC(120) Concurrent Cleanup for Next Mark 4.872ms
[56.073s][info][gc          ] GC(120) Concurrent Mark Cycle 1807.207ms
[56.323s][info][gc,start    ] GC(124) Pause Young (Prepare Mixed) (G1 Evacuation Pause)
[56.323s][info][gc,task     ] GC(124) Using 2 workers of 2 for evacuation
[56.326s][info][gc,phases   ] GC(124)   Pre Evacuate Collection Set: 0.28ms
[56.326s][info][gc,phases   ] GC(124)   Merge Heap Roots: 0.10ms
[56.326s][info][gc,phases   ] GC(124)   Evacuate Collection Set: 1.53ms
[56.326s][info][gc,phases   ] GC(124)   Post Evacuate Collection Set: 0.39ms
[56.326s][info][gc,phases   ] GC(124)   Other: 0.09ms
[56.326s][info][gc,heap     ] GC(124) Eden regions: 273->0(295)
[56.326s][info][gc,heap     ] GC(124) Survivor regions: 1->1(35)
[56.326s][info][gc,heap     ] GC(124) Old regions: 574->574
[56.326s][info][gc,heap     ] GC(124) Humongous regions: 7->7
[56.326s][info][gc,metaspace] GC(124) Metaspace: 17512K(17728K)->17512K(17728K) NonClass: 14886K(14976K)->14886K(14976K) Class: 2626K(2752K)->2626K(2752K)
[56.326s][info][gc          ] GC(124) Pause Young (Prepare Mixed) (G1 Evacuation Pause) 854M->581M(978M) 2.590ms
[56.326s][info][gc,cpu      ] GC(124) User=0.01s Sys=0.00s Real=0.00s
[56.652s][info][gc,start    ] GC(125) Pause Young (Mixed) (G1 Evacuation Pause)
[56.653s][info][gc,task     ] GC(125) Using 2 workers of 2 for evacuation
[56.656s][info][gc,phases   ] GC(125)   Pre Evacuate Collection Set: 0.30ms
[56.656s][info][gc,phases   ] GC(125)   Merge Heap Roots: 0.14ms
[56.656s][info][gc,phases   ] GC(125)   Evacuate Collection Set: 2.15ms
[56.656s][info][gc,phases   ] GC(125)   Post Evacuate Collection Set: 0.45ms
[56.656s][info][gc,phases   ] GC(125)   Other: 0.08ms
[56.656s][info][gc,heap     ] GC(125) Eden regions: 295->0(348)
[56.656s][info][gc,heap     ] GC(125) Survivor regions: 1->1(37)
[56.656s][info][gc,heap     ] GC(125) Old regions: 574->530
[56.656s][info][gc,heap     ] GC(125) Humongous regions: 7->7
[56.656s][info][gc,metaspace] GC(125) Metaspace: 17512K(17728K)->17512K(17728K) NonClass: 14886K(14976K)->14886K(14976K) Class: 2626K(2752K)->2626K(2752K)
[56.656s][info][gc          ] GC(125) Pause Young (Mixed) (G1 Evacuation Pause) 876M->537M(978M) 3.308ms
[56.656s][info][gc,cpu      ] GC(125) User=0.01s Sys=0.00s Real=0.00s
[57.060s][info][gc,start    ] GC(126) Pause Young (Concurrent Start) (G1 Evacuation Pause)
[57.060s][info][gc,task     ] GC(126) Using 2 workers of 2 for evacuation
[57.072s][info][gc,phases   ] GC(126)   Pre Evacuate Collection Set: 0.28ms
[57.072s][info][gc,phases   ] GC(126)   Merge Heap Roots: 0.22ms
[57.072s][info][gc,phases   ] GC(126)   Evacuate Collection Set: 10.26ms
[57.072s][info][gc,phases   ] GC(126)   Post Evacuate Collection Set: 0.47ms
[57.072s][info][gc,phases   ] GC(126)   Other: 0.11ms
[57.072s][info][gc,heap     ] GC(126) Eden regions: 348->0(359)
[57.072s][info][gc,heap     ] GC(126) Survivor regions: 1->5(44)
[57.072s][info][gc,heap     ] GC(126) Old regions: 530->530
[57.072s][info][gc,heap     ] GC(126) Humongous regions: 7->7
[57.072s][info][gc,metaspace] GC(126) Metaspace: 17512K(17728K)->17512K(17728K) NonClass: 14886K(14976K)->14886K(14976K) Class: 2626K(2752K)->2626K(2752K)
[57.072s][info][gc          ] GC(126) Pause Young (Concurrent Start) (G1 Evacuation Pause) 885M->541M(978M) 11.516ms
[57.072s][info][gc          ] GC(127) Concurrent Mark Cycle
[57.072s][info][gc,marking  ] GC(127) Concurrent Scan Root Regions
[57.074s][info][gc,cpu      ] GC(126) User=0.02s Sys=0.00s Real=0.02s
[57.082s][info][gc,marking  ] GC(127) Concurrent Scan Root Regions 10.316ms
[57.082s][info][gc,marking  ] GC(127) Concurrent Mark
[57.082s][info][gc,marking  ] GC(127) Concurrent Mark From Roots
[57.082s][info][gc,task     ] GC(127) Using 1 workers of 1 for marking
[58.115s][info][gc,start    ] GC(128) Pause Young (Normal) (G1 Evacuation Pause)
[58.115s][info][gc,task     ] GC(128) Using 2 workers of 2 for evacuation
[58.153s][info][gc,phases   ] GC(128)   Pre Evacuate Collection Set: 0.30ms
[58.153s][info][gc,phases   ] GC(128)   Merge Heap Roots: 0.39ms
[58.153s][info][gc,phases   ] GC(128)   Evacuate Collection Set: 36.70ms
[58.153s][info][gc,phases   ] GC(128)   Post Evacuate Collection Set: 0.63ms
[58.153s][info][gc,phases   ] GC(128)   Other: 0.09ms
[58.153s][info][gc,heap     ] GC(128) Eden regions: 359->0(346)
[58.153s][info][gc,heap     ] GC(128) Survivor regions: 5->19(46)
[58.153s][info][gc,heap     ] GC(128) Old regions: 530->530
[58.153s][info][gc,heap     ] GC(128) Humongous regions: 10->10
[58.153s][info][gc,metaspace] GC(128) Metaspace: 17512K(17728K)->17512K(17728K) NonClass: 14886K(14976K)->14886K(14976K) Class: 2626K(2752K)->2626K(2752K)
[58.153s][info][gc          ] GC(128) Pause Young (Normal) (G1 Evacuation Pause) 903M->559M(978M) 38.336ms
[58.153s][info][gc,cpu      ] GC(128) User=0.08s Sys=0.00s Real=0.04s
[58.157s][info][gc,marking  ] GC(127) Concurrent Mark From Roots 1074.787ms
[58.157s][info][gc,marking  ] GC(127) Concurrent Preclean
[58.157s][info][gc,marking  ] GC(127) Concurrent Preclean 0.033ms
[58.159s][info][gc,start    ] GC(127) Pause Remark
[58.165s][info][gc          ] GC(127) Pause Remark 560M->475M(978M) 6.283ms
[58.165s][info][gc,cpu      ] GC(127) User=0.01s Sys=0.00s Real=0.01s
[58.165s][info][gc,marking  ] GC(127) Concurrent Mark 1083.009ms
[58.165s][info][gc,marking  ] GC(127) Concurrent Rebuild Remembered Sets and Scrub Regions
[58.407s][info][gc,marking  ] GC(127) Concurrent Rebuild Remembered Sets and Scrub Regions 241.505ms
[58.407s][info][gc,start    ] GC(127) Pause Cleanup
[58.407s][info][gc          ] GC(127) Pause Cleanup 579M->579M(978M) 0.117ms
[58.407s][info][gc,cpu      ] GC(127) User=0.00s Sys=0.00s Real=0.00s
[58.407s][info][gc,marking  ] GC(127) Concurrent Clear Claimed Marks
[58.407s][info][gc,marking  ] GC(127) Concurrent Clear Claimed Marks 0.023ms
[58.407s][info][gc,marking  ] GC(127) Concurrent Cleanup for Next Mark
[58.410s][info][gc,marking  ] GC(127) Concurrent Cleanup for Next Mark 2.799ms
[58.410s][info][gc          ] GC(127) Concurrent Mark Cycle 1338.084ms
[58.681s][info][gc,start    ] GC(129) Pause Young (Prepare Mixed) (G1 Evacuation Pause)
[58.681s][info][gc,task     ] GC(129) Using 2 workers of 2 for evacuation
[58.756s][info][gc,phases   ] GC(129)   Pre Evacuate Collection Set: 0.49ms
[58.756s][info][gc,phases   ] GC(129)   Merge Heap Roots: 0.65ms
[58.756s][info][gc,phases   ] GC(129)   Evacuate Collection Set: 73.33ms
[58.756s][info][gc,phases   ] GC(129)   Post Evacuate Collection Set: 0.63ms
[58.756s][info][gc,phases   ] GC(129)   Other: 0.11ms
[58.756s][info][gc,heap     ] GC(129) Eden regions: 346->0(373)
[58.756s][info][gc,heap     ] GC(129) Survivor regions: 19->46(46)
[58.756s][info][gc,heap     ] GC(129) Old regions: 448->456
[58.756s][info][gc,heap     ] GC(129) Humongous regions: 7->7
[58.756s][info][gc,metaspace] GC(129) Metaspace: 17514K(17728K)->17514K(17728K) NonClass: 14888K(14976K)->14888K(14976K) Class: 2626K(2752K)->2626K(2752K)
[58.756s][info][gc          ] GC(129) Pause Young (Prepare Mixed) (G1 Evacuation Pause) 820M->508M(978M) 75.438ms
[58.756s][info][gc,cpu      ] GC(129) User=0.15s Sys=0.00s Real=0.07s
[59.097s][info][gc,start    ] GC(130) Pause Young (Mixed) (G1 Evacuation Pause)
[59.097s][info][gc,task     ] GC(130) Using 2 workers of 2 for evacuation
[59.173s][info][gc,phases   ] GC(130)   Pre Evacuate Collection Set: 0.50ms
[59.173s][info][gc,phases   ] GC(130)   Merge Heap Roots: 0.92ms
[59.173s][info][gc,phases   ] GC(130)   Evacuate Collection Set: 73.74ms
[59.173s][info][gc,phases   ] GC(130)   Post Evacuate Collection Set: 0.63ms
[59.173s][info][gc,phases   ] GC(130)   Other: 0.09ms
[59.173s][info][gc,heap     ] GC(130) Eden regions: 373->0(439)
[59.173s][info][gc,heap     ] GC(130) Survivor regions: 46->6(53)
[59.173s][info][gc,heap     ] GC(130) Old regions: 456->434
[59.173s][info][gc,heap     ] GC(130) Humongous regions: 7->7
[59.173s][info][gc,metaspace] GC(130) Metaspace: 17514K(17728K)->17514K(17728K) NonClass: 14888K(14976K)->14888K(14976K) Class: 2626K(2752K)->2626K(2752K)
[59.173s][info][gc          ] GC(130) Pause Young (Mixed) (G1 Evacuation Pause) 881M->446M(978M) 76.105ms
[59.173s][info][gc,cpu      ] GC(130) User=0.15s Sys=0.00s Real=0.08s
[59.719s][info][gc,start    ] GC(131) Pause Young (Concurrent Start) (G1 Evacuation Pause)
[59.719s][info][gc,task     ] GC(131) Using 2 workers of 2 for evacuation
[59.794s][info][gc,phases   ] GC(131)   Pre Evacuate Collection Set: 0.27ms
[59.794s][info][gc,phases   ] GC(131)   Merge Heap Roots: 0.42ms
[59.794s][info][gc,phases   ] GC(131)   Evacuate Collection Set: 73.86ms
[59.794s][info][gc,phases   ] GC(131)   Post Evacuate Collection Set: 0.63ms
[59.794s][info][gc,phases   ] GC(131)   Other: 0.11ms
[59.794s][info][gc,heap     ] GC(131) Eden regions: 439->0(365)
[59.794s][info][gc,heap     ] GC(131) Survivor regions: 6->56(56)
[59.794s][info][gc,heap     ] GC(131) Old regions: 434->439
[59.794s][info][gc,heap     ] GC(131) Humongous regions: 7->7
[59.794s][info][gc,metaspace] GC(131) Metaspace: 17514K(17728K)->17514K(17728K) NonClass: 14888K(14976K)->14888K(14976K) Class: 2626K(2752K)->2626K(2752K)
[59.794s][info][gc          ] GC(131) Pause Young (Concurrent Start) (G1 Evacuation Pause) 885M->501M(978M) 75.544ms
[59.794s][info][gc,cpu      ] GC(131) User=0.15s Sys=0.00s Real=0.08s
[59.794s][info][gc          ] GC(132) Concurrent Mark Cycle
[59.796s][info][gc,marking  ] GC(132) Concurrent Scan Root Regions
[59.876s][info][gc,marking  ] GC(132) Concurrent Scan Root Regions 80.096ms
[59.876s][info][gc,marking  ] GC(132) Concurrent Mark
[59.876s][info][gc,marking  ] GC(132) Concurrent Mark From Roots
[59.876s][info][gc,task     ] GC(132) Using 1 workers of 1 for marking
[60.510s][info][gc,start    ] GC(133) Pause Young (Normal) (G1 Evacuation Pause)
[60.510s][info][gc,task     ] GC(133) Using 2 workers of 2 for evacuation
[60.589s][info][gc,phases   ] GC(133)   Pre Evacuate Collection Set: 0.31ms
[60.589s][info][gc,phases   ] GC(133)   Merge Heap Roots: 0.50ms
[60.589s][info][gc,phases   ] GC(133)   Evacuate Collection Set: 77.81ms
[60.589s][info][gc,phases   ] GC(133)   Post Evacuate Collection Set: 0.64ms
[60.589s][info][gc,phases   ] GC(133)   Other: 0.10ms
[60.589s][info][gc,heap     ] GC(133) Eden regions: 365->0(363)
[60.589s][info][gc,heap     ] GC(133) Survivor regions: 56->15(53)
[60.589s][info][gc,heap     ] GC(133) Old regions: 439->495
[60.589s][info][gc,heap     ] GC(133) Humongous regions: 7->7
[60.589s][info][gc,metaspace] GC(133) Metaspace: 17517K(17728K)->17517K(17728K) NonClass: 14891K(14976K)->14891K(14976K) Class: 2626K(2752K)->2626K(2752K)
[60.589s][info][gc          ] GC(133) Pause Young (Normal) (G1 Evacuation Pause) 866M->516M(978M) 79.637ms
[60.589s][info][gc,cpu      ] GC(133) User=0.16s Sys=0.00s Real=0.08s
[60.641s][info][gc,marking  ] GC(132) Concurrent Mark From Roots 764.765ms
[60.641s][info][gc,marking  ] GC(132) Concurrent Preclean
[60.641s][info][gc,marking  ] GC(132) Concurrent Preclean 0.028ms
[60.641s][info][gc,start    ] GC(132) Pause Remark
[60.648s][info][gc          ] GC(132) Pause Remark 555M->455M(978M) 6.477ms
[60.648s][info][gc,cpu      ] GC(132) User=0.01s Sys=0.00s Real=0.00s
[60.648s][info][gc,marking  ] GC(132) Concurrent Mark 771.540ms
[60.648s][info][gc,marking  ] GC(132) Concurrent Rebuild Remembered Sets and Scrub Regions
[60.950s][info][gc,marking  ] GC(132) Concurrent Rebuild Remembered Sets and Scrub Regions 302.663ms
[60.951s][info][gc,start    ] GC(132) Pause Cleanup
[60.951s][info][gc          ] GC(132) Pause Cleanup 664M->664M(978M) 0.137ms
[60.951s][info][gc,cpu      ] GC(132) User=0.00s Sys=0.00s Real=0.00s
[60.951s][info][gc,marking  ] GC(132) Concurrent Clear Claimed Marks
[60.951s][info][gc,marking  ] GC(132) Concurrent Clear Claimed Marks 0.039ms
[60.951s][info][gc,marking  ] GC(132) Concurrent Cleanup for Next Mark
[60.956s][info][gc,marking  ] GC(132) Concurrent Cleanup for Next Mark 4.906ms
[60.956s][info][gc          ] GC(132) Concurrent Mark Cycle 1162.026ms
[61.110s][info][gc,start    ] GC(134) Pause Young (Prepare Mixed) (G1 Evacuation Pause)
[61.110s][info][gc,task     ] GC(134) Using 2 workers of 2 for evacuation
[61.144s][info][gc,phases   ] GC(134)   Pre Evacuate Collection Set: 0.26ms
[61.144s][info][gc,phases   ] GC(134)   Merge Heap Roots: 0.31ms
[61.144s][info][gc,phases   ] GC(134)   Evacuate Collection Set: 32.85ms
[61.144s][info][gc,phases   ] GC(134)   Post Evacuate Collection Set: 0.51ms
[61.144s][info][gc,phases   ] GC(134)   Other: 0.11ms
[61.144s][info][gc,heap     ] GC(134) Eden regions: 363->0(426)
[61.144s][info][gc,heap     ] GC(134) Survivor regions: 15->30(48)
[61.144s][info][gc,heap     ] GC(134) Old regions: 398->398
[61.144s][info][gc,heap     ] GC(134) Humongous regions: 4->4
[61.144s][info][gc,metaspace] GC(134) Metaspace: 17521K(17728K)->17521K(17728K) NonClass: 14895K(14976K)->14895K(14976K) Class: 2626K(2752K)->2626K(2752K)
[61.144s][info][gc          ] GC(134) Pause Young (Prepare Mixed) (G1 Evacuation Pause) 779M->431M(978M) 34.246ms
[61.144s][info][gc,cpu      ] GC(134) User=0.06s Sys=0.00s Real=0.04s
[62.206s][info][gc,start    ] GC(135) Pause Young (Mixed) (G1 Evacuation Pause)
[62.206s][info][gc,task     ] GC(135) Using 2 workers of 2 for evacuation
[62.241s][info][gc,phases   ] GC(135)   Pre Evacuate Collection Set: 0.54ms
[62.241s][info][gc,phases   ] GC(135)   Merge Heap Roots: 0.39ms
[62.241s][info][gc,phases   ] GC(135)   Evacuate Collection Set: 32.58ms
[62.241s][info][gc,phases   ] GC(135)   Post Evacuate Collection Set: 0.65ms
[62.241s][info][gc,phases   ] GC(135)   Other: 0.13ms
[62.241s][info][gc,heap     ] GC(135) Eden regions: 426->0(472)
[62.241s][info][gc,heap     ] GC(135) Survivor regions: 30->16(57)
[62.241s][info][gc,heap     ] GC(135) Old regions: 398->361
[62.241s][info][gc,heap     ] GC(135) Humongous regions: 4->4
[62.241s][info][gc,metaspace] GC(135) Metaspace: 17522K(17728K)->17522K(17728K) NonClass: 14896K(14976K)->14896K(14976K) Class: 2626K(2752K)->2626K(2752K)
[62.241s][info][gc          ] GC(135) Pause Young (Mixed) (G1 Evacuation Pause) 857M->380M(978M) 34.500ms
[62.241s][info][gc,cpu      ] GC(135) User=0.06s Sys=0.00s Real=0.03s
[63.134s][info][gc,start    ] GC(136) Pause Young (Concurrent Start) (G1 Evacuation Pause)
[63.134s][info][gc,task     ] GC(136) Using 2 workers of 2 for evacuation
[63.227s][info][gc,phases   ] GC(136)   Pre Evacuate Collection Set: 0.39ms
[63.227s][info][gc,phases   ] GC(136)   Merge Heap Roots: 0.40ms
[63.227s][info][gc,phases   ] GC(136)   Evacuate Collection Set: 91.19ms
[63.227s][info][gc,phases   ] GC(136)   Post Evacuate Collection Set: 0.92ms
[63.227s][info][gc,phases   ] GC(136)   Other: 0.17ms
[63.227s][info][gc,heap     ] GC(136) Eden regions: 472->0(382)
[63.227s][info][gc,heap     ] GC(136) Survivor regions: 16->61(61)
[63.227s][info][gc,heap     ] GC(136) Old regions: 361->398
[63.227s][info][gc,heap     ] GC(136) Humongous regions: 4->4
[63.227s][info][gc,metaspace] GC(136) Metaspace: 17528K(17728K)->17528K(17728K) NonClass: 14901K(14976K)->14901K(14976K) Class: 2626K(2752K)->2626K(2752K)
[63.227s][info][gc          ] GC(136) Pause Young (Concurrent Start) (G1 Evacuation Pause) 852M->463M(978M) 93.249ms
[63.227s][info][gc          ] GC(137) Concurrent Mark Cycle
[63.227s][info][gc,marking  ] GC(137) Concurrent Scan Root Regions
[63.228s][info][gc,cpu      ] GC(136) User=0.19s Sys=0.00s Real=0.09s
[63.306s][info][gc,marking  ] GC(137) Concurrent Scan Root Regions 78.529ms
[63.306s][info][gc,marking  ] GC(137) Concurrent Mark
[63.306s][info][gc,marking  ] GC(137) Concurrent Mark From Roots
[63.306s][info][gc,task     ] GC(137) Using 1 workers of 1 for marking
[64.123s][info][gc,start    ] GC(138) Pause Young (Normal) (G1 Evacuation Pause)
[64.124s][info][gc,task     ] GC(138) Using 2 workers of 2 for evacuation
[64.343s][info][gc,mmu      ] GC(138) MMU target violated: 201.0ms (200.0ms/201.0ms)
[64.343s][info][gc,phases   ] GC(138)   Pre Evacuate Collection Set: 0.47ms
[64.343s][info][gc,phases   ] GC(138)   Merge Heap Roots: 0.52ms
[64.343s][info][gc,phases   ] GC(138)   Evacuate Collection Set: 203.21ms
[64.343s][info][gc,phases   ] GC(138)   Post Evacuate Collection Set: 14.87ms
[64.343s][info][gc,phases   ] GC(138)   Other: 0.14ms
[64.343s][info][gc,heap     ] GC(138) Eden regions: 382->0(175)
[64.343s][info][gc,heap     ] GC(138) Survivor regions: 61->56(56)
[64.343s][info][gc,heap     ] GC(138) Old regions: 398->634
[64.343s][info][gc,heap     ] GC(138) Humongous regions: 7->7
[64.343s][info][gc,metaspace] GC(138) Metaspace: 17532K(17728K)->17532K(17728K) NonClass: 14906K(14976K)->14906K(14976K) Class: 2626K(2752K)->2626K(2752K)
[64.343s][info][gc          ] GC(138) Pause Young (Normal) (G1 Evacuation Pause) (Evacuation Failure: Allocation) 848M->697M(978M) 219.397ms
[64.343s][info][gc,cpu      ] GC(138) User=0.44s Sys=0.00s Real=0.22s
[64.629s][info][gc,marking  ] GC(137) Concurrent Mark From Roots 1322.796ms
[64.629s][info][gc,marking  ] GC(137) Concurrent Preclean
[64.629s][info][gc,marking  ] GC(137) Concurrent Preclean 0.026ms
[64.629s][info][gc,start    ] GC(137) Pause Remark
[64.635s][info][gc          ] GC(137) Pause Remark 822M->822M(978M) 6.071ms
[64.635s][info][gc,cpu      ] GC(137) User=0.01s Sys=0.00s Real=0.01s
[64.637s][info][gc,marking  ] GC(137) Concurrent Mark 1330.982ms
[64.637s][info][gc,marking  ] GC(137) Concurrent Rebuild Remembered Sets and Scrub Regions
[64.718s][info][gc,start    ] GC(139) Pause Young (Normal) (G1 Evacuation Pause)
[64.718s][info][gc,task     ] GC(139) Using 2 workers of 2 for evacuation
[64.825s][info][gc,phases   ] GC(139)   Pre Evacuate Collection Set: 0.32ms
[64.825s][info][gc,phases   ] GC(139)   Merge Heap Roots: 1.41ms
[64.825s][info][gc,phases   ] GC(139)   Evacuate Collection Set: 103.68ms
[64.825s][info][gc,phases   ] GC(139)   Post Evacuate Collection Set: 0.80ms
[64.825s][info][gc,phases   ] GC(139)   Other: 0.08ms
[64.825s][info][gc,heap     ] GC(139) Eden regions: 175->0(257)
[64.825s][info][gc,heap     ] GC(139) Survivor regions: 56->5(29)
[64.825s][info][gc,heap     ] GC(139) Old regions: 634->585
[64.825s][info][gc,heap     ] GC(139) Humongous regions: 7->7
[64.825s][info][gc,metaspace] GC(139) Metaspace: 17532K(17728K)->17532K(17728K) NonClass: 14906K(14976K)->14906K(14976K) Class: 2626K(2752K)->2626K(2752K)
[64.825s][info][gc          ] GC(139) Pause Young (Normal) (G1 Evacuation Pause) 872M->597M(978M) 106.518ms
[64.825s][info][gc,cpu      ] GC(139) User=0.21s Sys=0.00s Real=0.11s
[65.365s][info][gc,marking  ] GC(137) Concurrent Rebuild Remembered Sets and Scrub Regions 727.561ms
[65.365s][info][gc,start    ] GC(137) Pause Cleanup
[65.365s][info][gc          ] GC(137) Pause Cleanup 848M->848M(978M) 0.124ms
[65.365s][info][gc,cpu      ] GC(137) User=0.00s Sys=0.00s Real=0.00s
[65.365s][info][gc,marking  ] GC(137) Concurrent Clear Claimed Marks
[65.365s][info][gc,marking  ] GC(137) Concurrent Clear Claimed Marks 0.030ms
[65.365s][info][gc,marking  ] GC(137) Concurrent Cleanup for Next Mark
[65.370s][info][gc,marking  ] GC(137) Concurrent Cleanup for Next Mark 4.907ms
[65.370s][info][gc          ] GC(137) Concurrent Mark Cycle 2142.538ms
[65.383s][info][gc,start    ] GC(140) Pause Young (Prepare Mixed) (G1 Evacuation Pause)
[65.383s][info][gc,task     ] GC(140) Using 2 workers of 2 for evacuation
[65.455s][info][gc,phases   ] GC(140)   Pre Evacuate Collection Set: 0.47ms
[65.455s][info][gc,phases   ] GC(140)   Merge Heap Roots: 0.80ms
[65.455s][info][gc,phases   ] GC(140)   Evacuate Collection Set: 69.65ms
[65.455s][info][gc,phases   ] GC(140)   Post Evacuate Collection Set: 0.72ms
[65.455s][info][gc,phases   ] GC(140)   Other: 0.08ms
[65.455s][info][gc,heap     ] GC(140) Eden regions: 257->0(241)
[65.455s][info][gc,heap     ] GC(140) Survivor regions: 5->30(33)
[65.455s][info][gc,heap     ] GC(140) Old regions: 585->585
[65.455s][info][gc,heap     ] GC(140) Humongous regions: 13->13
[65.455s][info][gc,metaspace] GC(140) Metaspace: 17533K(17728K)->17533K(17728K) NonClass: 14907K(14976K)->14907K(14976K) Class: 2626K(2752K)->2626K(2752K)
[65.455s][info][gc          ] GC(140) Pause Young (Prepare Mixed) (G1 Evacuation Pause) 860M->628M(978M) 71.928ms
[65.455s][info][gc,cpu      ] GC(140) User=0.14s Sys=0.00s Real=0.07s
[65.820s][info][gc,start    ] GC(141) Pause Young (Mixed) (G1 Evacuation Pause)
[65.820s][info][gc,task     ] GC(141) Using 2 workers of 2 for evacuation
[65.889s][info][gc,phases   ] GC(141)   Pre Evacuate Collection Set: 0.28ms
[65.889s][info][gc,phases   ] GC(141)   Merge Heap Roots: 0.67ms
[65.889s][info][gc,phases   ] GC(141)   Evacuate Collection Set: 67.17ms
[65.889s][info][gc,phases   ] GC(141)   Post Evacuate Collection Set: 0.58ms
[65.889s][info][gc,phases   ] GC(141)   Other: 0.07ms
[65.889s][info][gc,heap     ] GC(141) Eden regions: 241->0(262)
[65.889s][info][gc,heap     ] GC(141) Survivor regions: 30->1(34)
[65.889s][info][gc,heap     ] GC(141) Old regions: 585->606
[65.889s][info][gc,heap     ] GC(141) Humongous regions: 13->13
[65.889s][info][gc,metaspace] GC(141) Metaspace: 17533K(17728K)->17533K(17728K) NonClass: 14907K(14976K)->14907K(14976K) Class: 2626K(2752K)->2626K(2752K)
[65.889s][info][gc          ] GC(141) Pause Young (Mixed) (G1 Evacuation Pause) 869M->619M(978M) 69.017ms
[65.889s][info][gc,cpu      ] GC(141) User=0.14s Sys=0.00s Real=0.07s
[66.279s][info][gc,start    ] GC(142) Pause Young (Mixed) (G1 Evacuation Pause)
[66.279s][info][gc,task     ] GC(142) Using 2 workers of 2 for evacuation
[66.394s][info][gc,phases   ] GC(142)   Pre Evacuate Collection Set: 0.27ms
[66.394s][info][gc,phases   ] GC(142)   Merge Heap Roots: 0.56ms
[66.394s][info][gc,phases   ] GC(142)   Evacuate Collection Set: 113.64ms
[66.394s][info][gc,phases   ] GC(142)   Post Evacuate Collection Set: 0.42ms
[66.394s][info][gc,phases   ] GC(142)   Other: 0.07ms
[66.394s][info][gc,heap     ] GC(142) Eden regions: 262->0(276)
[66.394s][info][gc,heap     ] GC(142) Survivor regions: 1->1(33)
[66.394s][info][gc,heap     ] GC(142) Old regions: 606->606
[66.394s][info][gc,heap     ] GC(142) Humongous regions: 13->13
[66.394s][info][gc,metaspace] GC(142) Metaspace: 17533K(17728K)->17533K(17728K) NonClass: 14907K(14976K)->14907K(14976K) Class: 2626K(2752K)->2626K(2752K)
[66.394s][info][gc          ] GC(142) Pause Young (Mixed) (G1 Evacuation Pause) 881M->619M(978M) 115.216ms
[66.394s][info][gc,cpu      ] GC(142) User=0.23s Sys=0.00s Real=0.12s
[66.742s][info][gc,start    ] GC(143) Pause Young (Concurrent Start) (G1 Evacuation Pause)
[66.742s][info][gc,task     ] GC(143) Using 2 workers of 2 for evacuation
[66.766s][info][gc,phases   ] GC(143)   Pre Evacuate Collection Set: 0.30ms
[66.766s][info][gc,phases   ] GC(143)   Merge Heap Roots: 0.16ms
[66.766s][info][gc,phases   ] GC(143)   Evacuate Collection Set: 22.62ms
[66.766s][info][gc,phases   ] GC(143)   Post Evacuate Collection Set: 0.44ms
[66.766s][info][gc,phases   ] GC(143)   Other: 0.10ms
[66.766s][info][gc,heap     ] GC(143) Eden regions: 276->0(264)
[66.766s][info][gc,heap     ] GC(143) Survivor regions: 1->19(35)
[66.766s][info][gc,heap     ] GC(143) Old regions: 606->606
[66.766s][info][gc,heap     ] GC(143) Humongous regions: 13->13
[66.766s][info][gc,metaspace] GC(143) Metaspace: 17534K(17728K)->17534K(17728K) NonClass: 14907K(14976K)->14907K(14976K) Class: 2626K(2752K)->2626K(2752K)
[66.766s][info][gc          ] GC(143) Pause Young (Concurrent Start) (G1 Evacuation Pause) 895M->637M(978M) 23.807ms
[66.766s][info][gc,cpu      ] GC(143) User=0.05s Sys=0.00s Real=0.02s
[66.766s][info][gc          ] GC(144) Concurrent Mark Cycle
[66.766s][info][gc,marking  ] GC(144) Concurrent Scan Root Regions
[66.800s][info][gc,marking  ] GC(144) Concurrent Scan Root Regions 34.478ms
[66.800s][info][gc,marking  ] GC(144) Concurrent Mark
[66.800s][info][gc,marking  ] GC(144) Concurrent Mark From Roots
[66.800s][info][gc,task     ] GC(144) Using 1 workers of 1 for marking
[67.239s][info][gc,start    ] GC(145) Pause Young (Normal) (G1 Evacuation Pause)
[67.239s][info][gc,task     ] GC(145) Using 2 workers of 2 for evacuation
[67.272s][info][gc,phases   ] GC(145)   Pre Evacuate Collection Set: 0.46ms
[67.272s][info][gc,phases   ] GC(145)   Merge Heap Roots: 0.15ms
[67.272s][info][gc,phases   ] GC(145)   Evacuate Collection Set: 32.02ms
[67.272s][info][gc,phases   ] GC(145)   Post Evacuate Collection Set: 0.42ms
[67.272s][info][gc,phases   ] GC(145)   Other: 0.10ms
[67.272s][info][gc,heap     ] GC(145) Eden regions: 264->0(260)
[67.272s][info][gc,heap     ] GC(145) Survivor regions: 19->14(36)
[67.272s][info][gc,heap     ] GC(145) Old regions: 606->624
[67.272s][info][gc,heap     ] GC(145) Humongous regions: 13->13
[67.272s][info][gc,metaspace] GC(145) Metaspace: 17534K(17728K)->17534K(17728K) NonClass: 14907K(14976K)->14907K(14976K) Class: 2626K(2752K)->2626K(2752K)
[67.272s][info][gc          ] GC(145) Pause Young (Normal) (G1 Evacuation Pause) 901M->650M(978M) 33.363ms
[67.272s][info][gc,cpu      ] GC(145) User=0.06s Sys=0.00s Real=0.04s
[67.875s][info][gc,start    ] GC(146) Pause Young (Normal) (G1 Evacuation Pause)
[67.876s][info][gc,task     ] GC(146) Using 2 workers of 2 for evacuation
[67.900s][info][gc,phases   ] GC(146)   Pre Evacuate Collection Set: 0.28ms
[67.900s][info][gc,phases   ] GC(146)   Merge Heap Roots: 0.17ms
[67.900s][info][gc,phases   ] GC(146)   Evacuate Collection Set: 23.69ms
[67.900s][info][gc,phases   ] GC(146)   Post Evacuate Collection Set: 0.43ms
[67.900s][info][gc,phases   ] GC(146)   Other: 0.09ms
[67.900s][info][gc,heap     ] GC(146) Eden regions: 260->0(247)
[67.900s][info][gc,heap     ] GC(146) Survivor regions: 14->22(35)
[67.900s][info][gc,heap     ] GC(146) Old regions: 624->624
[67.900s][info][gc,heap     ] GC(146) Humongous regions: 13->13
[67.900s][info][gc,metaspace] GC(146) Metaspace: 17534K(17728K)->17534K(17728K) NonClass: 14908K(14976K)->14908K(14976K) Class: 2626K(2752K)->2626K(2752K)
[67.900s][info][gc          ] GC(146) Pause Young (Normal) (G1 Evacuation Pause) 910M->659M(978M) 24.888ms
[67.900s][info][gc,cpu      ] GC(146) User=0.05s Sys=0.00s Real=0.02s
[68.134s][info][gc,marking  ] GC(144) Concurrent Mark From Roots 1333.209ms
[68.134s][info][gc,marking  ] GC(144) Concurrent Preclean
[68.134s][info][gc,marking  ] GC(144) Concurrent Preclean 0.030ms
[68.134s][info][gc,start    ] GC(144) Pause Remark
[68.140s][info][gc          ] GC(144) Pause Remark 705M->616M(978M) 6.478ms
[68.140s][info][gc,cpu      ] GC(144) User=0.01s Sys=0.00s Real=0.00s
[68.143s][info][gc,marking  ] GC(144) Concurrent Mark 1342.583ms
[68.143s][info][gc,marking  ] GC(144) Concurrent Rebuild Remembered Sets and Scrub Regions
[68.541s][info][gc,marking  ] GC(144) Concurrent Rebuild Remembered Sets and Scrub Regions 397.807ms
[68.541s][info][gc,start    ] GC(144) Pause Cleanup
[68.541s][info][gc          ] GC(144) Pause Cleanup 745M->745M(978M) 0.148ms
[68.541s][info][gc,cpu      ] GC(144) User=0.00s Sys=0.00s Real=0.00s
[68.543s][info][gc,marking  ] GC(144) Concurrent Clear Claimed Marks
[68.543s][info][gc,marking  ] GC(144) Concurrent Clear Claimed Marks 0.032ms
[68.543s][info][gc,marking  ] GC(144) Concurrent Cleanup for Next Mark
[68.546s][info][gc,marking  ] GC(144) Concurrent Cleanup for Next Mark 2.862ms
[68.546s][info][gc          ] GC(144) Concurrent Mark Cycle 1780.128ms
[68.681s][info][gc,start    ] GC(147) Pause Young (Prepare Mixed) (G1 Evacuation Pause)
[68.681s][info][gc,task     ] GC(147) Using 2 workers of 2 for evacuation
[68.706s][info][gc,phases   ] GC(147)   Pre Evacuate Collection Set: 0.49ms
[68.706s][info][gc,phases   ] GC(147)   Merge Heap Roots: 0.21ms
[68.706s][info][gc,phases   ] GC(147)   Evacuate Collection Set: 23.04ms
[68.706s][info][gc,phases   ] GC(147)   Post Evacuate Collection Set: 0.53ms
[68.706s][info][gc,phases   ] GC(147)   Other: 0.07ms
[68.706s][info][gc,heap     ] GC(147) Eden regions: 247->0(38)
[68.706s][info][gc,heap     ] GC(147) Survivor regions: 22->10(34)
[68.706s][info][gc,heap     ] GC(147) Old regions: 541->555
[68.706s][info][gc,heap     ] GC(147) Humongous regions: 7->7
[68.706s][info][gc,metaspace] GC(147) Metaspace: 17534K(17728K)->17534K(17728K) NonClass: 14908K(14976K)->14908K(14976K) Class: 2626K(2752K)->2626K(2752K)
[68.706s][info][gc          ] GC(147) Pause Young (Prepare Mixed) (G1 Evacuation Pause) 817M->571M(978M) 24.576ms
[68.706s][info][gc,cpu      ] GC(147) User=0.04s Sys=0.00s Real=0.02s
[68.767s][info][gc,start    ] GC(148) Pause Young (Mixed) (G1 Evacuation Pause)
[68.767s][info][gc,task     ] GC(148) Using 2 workers of 2 for evacuation
[68.785s][info][gc,phases   ] GC(148)   Pre Evacuate Collection Set: 0.27ms
[68.785s][info][gc,phases   ] GC(148)   Merge Heap Roots: 0.25ms
[68.785s][info][gc,phases   ] GC(148)   Evacuate Collection Set: 17.10ms
[68.785s][info][gc,phases   ] GC(148)   Post Evacuate Collection Set: 0.36ms
[68.785s][info][gc,phases   ] GC(148)   Other: 0.06ms
[68.785s][info][gc,heap     ] GC(148) Eden regions: 38->0(47)
[68.785s][info][gc,heap     ] GC(148) Survivor regions: 10->1(6)
[68.785s][info][gc,heap     ] GC(148) Old regions: 555->556
[68.785s][info][gc,heap     ] GC(148) Humongous regions: 7->7
[68.785s][info][gc,metaspace] GC(148) Metaspace: 17534K(17728K)->17534K(17728K) NonClass: 14908K(14976K)->14908K(14976K) Class: 2626K(2752K)->2626K(2752K)
[68.785s][info][gc          ] GC(148) Pause Young (Mixed) (G1 Evacuation Pause) 609M->563M(978M) 18.229ms
[68.785s][info][gc,cpu      ] GC(148) User=0.04s Sys=0.00s Real=0.02s
[68.882s][info][gc,start    ] GC(149) Pause Young (Mixed) (G1 Evacuation Pause)
[68.882s][info][gc,task     ] GC(149) Using 2 workers of 2 for evacuation
[68.896s][info][gc,phases   ] GC(149)   Pre Evacuate Collection Set: 0.30ms
[68.896s][info][gc,phases   ] GC(149)   Merge Heap Roots: 0.30ms
[68.896s][info][gc,phases   ] GC(149)   Evacuate Collection Set: 12.91ms
[68.896s][info][gc,phases   ] GC(149)   Post Evacuate Collection Set: 0.36ms
[68.896s][info][gc,phases   ] GC(149)   Other: 0.06ms
[68.896s][info][gc,heap     ] GC(149) Eden regions: 47->0(60)
[68.896s][info][gc,heap     ] GC(149) Survivor regions: 1->1(6)
[68.896s][info][gc,heap     ] GC(149) Old regions: 556->549
[68.896s][info][gc,heap     ] GC(149) Humongous regions: 7->7
[68.896s][info][gc,metaspace] GC(149) Metaspace: 17534K(17728K)->17534K(17728K) NonClass: 14908K(14976K)->14908K(14976K) Class: 2626K(2752K)->2626K(2752K)
[68.896s][info][gc          ] GC(149) Pause Young (Mixed) (G1 Evacuation Pause) 610M->556M(978M) 14.148ms
[68.896s][info][gc,cpu      ] GC(149) User=0.03s Sys=0.00s Real=0.01s
[69.025s][info][gc,start    ] GC(150) Pause Young (Mixed) (G1 Evacuation Pause)
[69.025s][info][gc,task     ] GC(150) Using 2 workers of 2 for evacuation
[69.040s][info][gc,phases   ] GC(150)   Pre Evacuate Collection Set: 0.51ms
[69.040s][info][gc,phases   ] GC(150)   Merge Heap Roots: 0.34ms
[69.040s][info][gc,phases   ] GC(150)   Evacuate Collection Set: 13.35ms
[69.040s][info][gc,phases   ] GC(150)   Merge Optional Heap Roots: 0.04ms
[69.040s][info][gc,phases   ] GC(150)   Evacuate Optional Collection Set: 0.42ms
[69.040s][info][gc,phases   ] GC(150)   Post Evacuate Collection Set: 0.48ms
[69.040s][info][gc,phases   ] GC(150)   Other: 0.11ms
[69.040s][info][gc,heap     ] GC(150) Eden regions: 60->0(75)
[69.040s][info][gc,heap     ] GC(150) Survivor regions: 1->1(8)
[69.040s][info][gc,heap     ] GC(150) Old regions: 549->520
[69.040s][info][gc,heap     ] GC(150) Humongous regions: 7->7
[69.040s][info][gc,metaspace] GC(150) Metaspace: 17534K(17728K)->17534K(17728K) NonClass: 14908K(14976K)->14908K(14976K) Class: 2626K(2752K)->2626K(2752K)
[69.040s][info][gc          ] GC(150) Pause Young (Mixed) (G1 Evacuation Pause) 616M->527M(978M) 15.476ms
[69.040s][info][gc,cpu      ] GC(150) User=0.03s Sys=0.00s Real=0.01s
[69.137s][info][gc,start    ] GC(151) Pause Young (Mixed) (G1 Evacuation Pause)
[69.137s][info][gc,task     ] GC(151) Using 2 workers of 2 for evacuation
[69.165s][info][gc,phases   ] GC(151)   Pre Evacuate Collection Set: 0.28ms
[69.165s][info][gc,phases   ] GC(151)   Merge Heap Roots: 0.33ms
[69.165s][info][gc,phases   ] GC(151)   Evacuate Collection Set: 26.54ms
[69.165s][info][gc,phases   ] GC(151)   Post Evacuate Collection Set: 0.41ms
[69.165s][info][gc,phases   ] GC(151)   Other: 0.06ms
[69.165s][info][gc,heap     ] GC(151) Eden regions: 75->0(38)
[69.165s][info][gc,heap     ] GC(151) Survivor regions: 1->10(10)
[69.165s][info][gc,heap     ] GC(151) Old regions: 520->516
[69.165s][info][gc,heap     ] GC(151) Humongous regions: 7->7
[69.165s][info][gc,metaspace] GC(151) Metaspace: 17534K(17728K)->17534K(17728K) NonClass: 14908K(14976K)->14908K(14976K) Class: 2626K(2752K)->2626K(2752K)
[69.165s][info][gc          ] GC(151) Pause Young (Mixed) (G1 Evacuation Pause) 602M->532M(978M) 27.818ms
[69.165s][info][gc,cpu      ] GC(151) User=0.05s Sys=0.00s Real=0.03s
[69.227s][info][gc,start    ] GC(152) Pause Young (Mixed) (G1 Evacuation Pause)
[69.227s][info][gc,task     ] GC(152) Using 2 workers of 2 for evacuation
[69.255s][info][gc,phases   ] GC(152)   Pre Evacuate Collection Set: 0.25ms
[69.255s][info][gc,phases   ] GC(152)   Merge Heap Roots: 0.38ms
[69.255s][info][gc,phases   ] GC(152)   Evacuate Collection Set: 26.59ms
[69.255s][info][gc,phases   ] GC(152)   Post Evacuate Collection Set: 0.43ms
[69.255s][info][gc,phases   ] GC(152)   Other: 0.06ms
[69.255s][info][gc,heap     ] GC(152) Eden regions: 38->0(47)
[69.255s][info][gc,heap     ] GC(152) Survivor regions: 10->1(6)
[69.255s][info][gc,heap     ] GC(152) Old regions: 516->519
[69.255s][info][gc,heap     ] GC(152) Humongous regions: 7->7
[69.255s][info][gc,metaspace] GC(152) Metaspace: 17534K(17728K)->17534K(17728K) NonClass: 14908K(14976K)->14908K(14976K) Class: 2626K(2752K)->2626K(2752K)
[69.255s][info][gc          ] GC(152) Pause Young (Mixed) (G1 Evacuation Pause) 570M->526M(978M) 27.904ms
[69.255s][info][gc,cpu      ] GC(152) User=0.05s Sys=0.00s Real=0.03s
[69.323s][info][gc,start    ] GC(153) Pause Young (Mixed) (G1 Evacuation Pause)
[69.323s][info][gc,task     ] GC(153) Using 2 workers of 2 for evacuation
[69.415s][info][gc,phases   ] GC(153)   Pre Evacuate Collection Set: 0.42ms
[69.415s][info][gc,phases   ] GC(153)   Merge Heap Roots: 1.15ms
[69.415s][info][gc,phases   ] GC(153)   Evacuate Collection Set: 90.87ms
[69.415s][info][gc,phases   ] GC(153)   Post Evacuate Collection Set: 0.27ms
[69.415s][info][gc,phases   ] GC(153)   Other: 0.05ms
[69.415s][info][gc,heap     ] GC(153) Eden regions: 47->0(374)
[69.415s][info][gc,heap     ] GC(153) Survivor regions: 1->1(6)
[69.415s][info][gc,heap     ] GC(153) Old regions: 519->518
[69.415s][info][gc,heap     ] GC(153) Humongous regions: 7->7
[69.415s][info][gc,metaspace] GC(153) Metaspace: 17534K(17728K)->17534K(17728K) NonClass: 14908K(14976K)->14908K(14976K) Class: 2626K(2752K)->2626K(2752K)
[69.415s][info][gc          ] GC(153) Pause Young (Mixed) (G1 Evacuation Pause) 573M->525M(978M) 92.960ms
[69.416s][info][gc,cpu      ] GC(153) User=0.18s Sys=0.00s Real=0.09s
[70.040s][info][gc,start    ] GC(154) Pause Young (Normal) (G1 Evacuation Pause)
[70.040s][info][gc,task     ] GC(154) Using 2 workers of 2 for evacuation
[70.116s][info][gc,phases   ] GC(154)   Pre Evacuate Collection Set: 0.27ms
[70.116s][info][gc,phases   ] GC(154)   Merge Heap Roots: 0.15ms
[70.116s][info][gc,phases   ] GC(154)   Evacuate Collection Set: 74.29ms
[70.116s][info][gc,phases   ] GC(154)   Post Evacuate Collection Set: 0.64ms
[70.116s][info][gc,phases   ] GC(154)   Other: 0.09ms
[70.116s][info][gc,heap     ] GC(154) Eden regions: 374->0(287)
[70.116s][info][gc,heap     ] GC(154) Survivor regions: 1->47(47)
[70.116s][info][gc,heap     ] GC(154) Old regions: 518->537
[70.116s][info][gc,heap     ] GC(154) Humongous regions: 10->10
[70.116s][info][gc,metaspace] GC(154) Metaspace: 17567K(17792K)->17567K(17792K) NonClass: 14936K(15040K)->14936K(15040K) Class: 2631K(2752K)->2631K(2752K)
[70.116s][info][gc          ] GC(154) Pause Young (Normal) (G1 Evacuation Pause) 902M->593M(978M) 75.663ms
[70.116s][info][gc,cpu      ] GC(154) User=0.15s Sys=0.00s Real=0.08s
[70.563s][info][gc,start    ] GC(155) Pause Young (Normal) (G1 Evacuation Pause)
[70.563s][info][gc,task     ] GC(155) Using 2 workers of 2 for evacuation
[70.613s][info][gc,phases   ] GC(155)   Pre Evacuate Collection Set: 0.32ms
[70.613s][info][gc,phases   ] GC(155)   Merge Heap Roots: 0.27ms
[70.613s][info][gc,phases   ] GC(155)   Evacuate Collection Set: 48.74ms
[70.613s][info][gc,phases   ] GC(155)   Post Evacuate Collection Set: 0.48ms
[70.613s][info][gc,phases   ] GC(155)   Other: 0.09ms
[70.613s][info][gc,heap     ] GC(155) Eden regions: 287->0(305)
[70.613s][info][gc,heap     ] GC(155) Survivor regions: 47->1(42)
[70.613s][info][gc,heap     ] GC(155) Old regions: 537->584
[70.613s][info][gc,heap     ] GC(155) Humongous regions: 10->10
[70.613s][info][gc,metaspace] GC(155) Metaspace: 17567K(17792K)->17567K(17792K) NonClass: 14936K(15040K)->14936K(15040K) Class: 2631K(2752K)->2631K(2752K)
[70.613s][info][gc          ] GC(155) Pause Young (Normal) (G1 Evacuation Pause) 880M->595M(978M) 50.109ms
[70.613s][info][gc,cpu      ] GC(155) User=0.09s Sys=0.00s Real=0.05s
[71.058s][info][gc,start    ] GC(156) Pause Young (Concurrent Start) (G1 Evacuation Pause)
[71.058s][info][gc,task     ] GC(156) Using 2 workers of 2 for evacuation
[71.060s][info][gc,phases   ] GC(156)   Pre Evacuate Collection Set: 0.30ms
[71.060s][info][gc,phases   ] GC(156)   Merge Heap Roots: 0.09ms
[71.060s][info][gc,phases   ] GC(156)   Evacuate Collection Set: 0.49ms
[71.060s][info][gc,phases   ] GC(156)   Post Evacuate Collection Set: 0.44ms
[71.060s][info][gc,phases   ] GC(156)   Other: 0.09ms
[71.060s][info][gc,heap     ] GC(156) Eden regions: 305->0(318)
[71.060s][info][gc,heap     ] GC(156) Survivor regions: 1->1(39)
[71.060s][info][gc,heap     ] GC(156) Old regions: 584->584
[71.060s][info][gc,heap     ] GC(156) Humongous regions: 10->10
[71.060s][info][gc,metaspace] GC(156) Metaspace: 17567K(17792K)->17567K(17792K) NonClass: 14936K(15040K)->14936K(15040K) Class: 2631K(2752K)->2631K(2752K)
[71.060s][info][gc          ] GC(156) Pause Young (Concurrent Start) (G1 Evacuation Pause) 900M->595M(978M) 1.644ms
[71.060s][info][gc,cpu      ] GC(156) User=0.00s Sys=0.00s Real=0.00s
[71.061s][info][gc          ] GC(157) Concurrent Mark Cycle
[71.061s][info][gc,marking  ] GC(157) Concurrent Scan Root Regions
[71.061s][info][gc,marking  ] GC(157) Concurrent Scan Root Regions 0.230ms
[71.061s][info][gc,marking  ] GC(157) Concurrent Mark
[71.061s][info][gc,marking  ] GC(157) Concurrent Mark From Roots
[71.061s][info][gc,task     ] GC(157) Using 1 workers of 1 for marking
[72.149s][info][gc,start    ] GC(158) Pause Young (Normal) (G1 Evacuation Pause)
[72.149s][info][gc,task     ] GC(158) Using 2 workers of 2 for evacuation
[72.165s][info][gc,phases   ] GC(158)   Pre Evacuate Collection Set: 0.26ms
[72.165s][info][gc,phases   ] GC(158)   Merge Heap Roots: 0.15ms
[72.165s][info][gc,phases   ] GC(158)   Evacuate Collection Set: 14.34ms
[72.165s][info][gc,phases   ] GC(158)   Post Evacuate Collection Set: 0.45ms
[72.165s][info][gc,phases   ] GC(158)   Other: 0.07ms
[72.165s][info][gc,heap     ] GC(158) Eden regions: 318->0(310)
[72.165s][info][gc,heap     ] GC(158) Survivor regions: 1->12(40)
[72.165s][info][gc,heap     ] GC(158) Old regions: 584->584
[72.165s][info][gc,heap     ] GC(158) Humongous regions: 10->10
[72.165s][info][gc,metaspace] GC(158) Metaspace: 17567K(17792K)->17567K(17792K) NonClass: 14936K(15040K)->14936K(15040K) Class: 2631K(2752K)->2631K(2752K)
[72.165s][info][gc          ] GC(158) Pause Young (Normal) (G1 Evacuation Pause) 913M->606M(978M) 15.466ms
[72.165s][info][gc,cpu      ] GC(158) User=0.03s Sys=0.00s Real=0.02s
[72.246s][info][gc,marking  ] GC(157) Concurrent Mark From Roots 1184.287ms
[72.246s][info][gc,marking  ] GC(157) Concurrent Preclean
[72.246s][info][gc,marking  ] GC(157) Concurrent Preclean 0.028ms
[72.246s][info][gc,start    ] GC(157) Pause Remark
[72.252s][info][gc          ] GC(157) Pause Remark 650M->588M(978M) 6.155ms
[72.252s][info][gc,cpu      ] GC(157) User=0.01s Sys=0.00s Real=0.01s
[72.252s][info][gc,marking  ] GC(157) Concurrent Mark 1191.194ms
[72.252s][info][gc,marking  ] GC(157) Concurrent Rebuild Remembered Sets and Scrub Regions
[72.562s][info][gc,start    ] GC(159) Pause Young (Normal) (G1 Evacuation Pause)
[72.562s][info][gc,task     ] GC(159) Using 2 workers of 2 for evacuation
[72.595s][info][gc,phases   ] GC(159)   Pre Evacuate Collection Set: 0.42ms
[72.595s][info][gc,phases   ] GC(159)   Merge Heap Roots: 0.15ms
[72.595s][info][gc,phases   ] GC(159)   Evacuate Collection Set: 31.62ms
[72.595s][info][gc,phases   ] GC(159)   Post Evacuate Collection Set: 0.51ms
[72.595s][info][gc,phases   ] GC(159)   Other: 0.07ms
[72.595s][info][gc,heap     ] GC(159) Eden regions: 310->0(338)
[72.595s][info][gc,heap     ] GC(159) Survivor regions: 12->29(41)
[72.595s][info][gc,heap     ] GC(159) Old regions: 525->525
[72.595s][info][gc,heap     ] GC(159) Humongous regions: 7->7
[72.595s][info][gc,metaspace] GC(159) Metaspace: 17567K(17792K)->17567K(17792K) NonClass: 14936K(15040K)->14936K(15040K) Class: 2631K(2752K)->2631K(2752K)
[72.595s][info][gc          ] GC(159) Pause Young (Normal) (G1 Evacuation Pause) 854M->561M(978M) 32.976ms
[72.595s][info][gc,cpu      ] GC(159) User=0.06s Sys=0.01s Real=0.03s
[72.955s][info][gc,marking  ] GC(157) Concurrent Rebuild Remembered Sets and Scrub Regions 702.805ms
[72.955s][info][gc,start    ] GC(157) Pause Cleanup
[72.956s][info][gc          ] GC(157) Pause Cleanup 780M->780M(978M) 0.137ms
[72.956s][info][gc,cpu      ] GC(157) User=0.00s Sys=0.00s Real=0.00s
[72.956s][info][gc,marking  ] GC(157) Concurrent Clear Claimed Marks
[72.956s][info][gc,marking  ] GC(157) Concurrent Clear Claimed Marks 0.023ms
[72.956s][info][gc,marking  ] GC(157) Concurrent Cleanup for Next Mark
[72.961s][info][gc,marking  ] GC(157) Concurrent Cleanup for Next Mark 4.904ms
[72.961s][info][gc          ] GC(157) Concurrent Mark Cycle 1899.659ms
[73.223s][info][gc,start    ] GC(160) Pause Young (Prepare Mixed) (G1 Evacuation Pause)
[73.223s][info][gc,task     ] GC(160) Using 2 workers of 2 for evacuation
[73.264s][info][gc,phases   ] GC(160)   Pre Evacuate Collection Set: 0.29ms
[73.264s][info][gc,phases   ] GC(160)   Merge Heap Roots: 0.28ms
[73.264s][info][gc,phases   ] GC(160)   Evacuate Collection Set: 39.37ms
[73.264s][info][gc,phases   ] GC(160)   Post Evacuate Collection Set: 0.60ms
[73.264s][info][gc,phases   ] GC(160)   Other: 0.10ms
[73.264s][info][gc,heap     ] GC(160) Eden regions: 338->0(20)
[73.264s][info][gc,heap     ] GC(160) Survivor regions: 29->28(46)
[73.264s][info][gc,heap     ] GC(160) Old regions: 525->537
[73.264s][info][gc,heap     ] GC(160) Humongous regions: 7->7
[73.264s][info][gc,metaspace] GC(160) Metaspace: 17591K(17856K)->17591K(17856K) NonClass: 14959K(15104K)->14959K(15104K) Class: 2632K(2752K)->2632K(2752K)
[73.264s][info][gc          ] GC(160) Pause Young (Prepare Mixed) (G1 Evacuation Pause) 899M->571M(978M) 40.871ms
[73.264s][info][gc,cpu      ] GC(160) User=0.08s Sys=0.00s Real=0.04s
[73.312s][info][gc,start    ] GC(161) Pause Young (Mixed) (G1 Evacuation Pause)
[73.312s][info][gc,task     ] GC(161) Using 2 workers of 2 for evacuation
[73.347s][info][gc,phases   ] GC(161)   Pre Evacuate Collection Set: 0.28ms
[73.347s][info][gc,phases   ] GC(161)   Merge Heap Roots: 0.29ms
[73.347s][info][gc,phases   ] GC(161)   Evacuate Collection Set: 33.59ms
[73.347s][info][gc,phases   ] GC(161)   Post Evacuate Collection Set: 0.53ms
[73.347s][info][gc,phases   ] GC(161)   Other: 0.10ms
[73.347s][info][gc,heap     ] GC(161) Eden regions: 20->0(47)
[73.347s][info][gc,heap     ] GC(161) Survivor regions: 28->1(6)
[73.347s][info][gc,heap     ] GC(161) Old regions: 537->552
[73.347s][info][gc,heap     ] GC(161) Humongous regions: 7->7
[73.347s][info][gc,metaspace] GC(161) Metaspace: 17591K(17856K)->17591K(17856K) NonClass: 14959K(15104K)->14959K(15104K) Class: 2632K(2752K)->2632K(2752K)
[73.347s][info][gc          ] GC(161) Pause Young (Mixed) (G1 Evacuation Pause) 591M->559M(978M) 34.973ms
[73.347s][info][gc,cpu      ] GC(161) User=0.07s Sys=0.00s Real=0.03s
[73.431s][info][gc,start    ] GC(162) Pause Young (Mixed) (G1 Evacuation Pause)
[73.431s][info][gc,task     ] GC(162) Using 2 workers of 2 for evacuation
[73.457s][info][gc,phases   ] GC(162)   Pre Evacuate Collection Set: 0.29ms
[73.457s][info][gc,phases   ] GC(162)   Merge Heap Roots: 0.50ms
[73.457s][info][gc,phases   ] GC(162)   Evacuate Collection Set: 24.24ms
[73.457s][info][gc,phases   ] GC(162)   Post Evacuate Collection Set: 0.49ms
[73.457s][info][gc,phases   ] GC(162)   Other: 0.08ms
[73.457s][info][gc,heap     ] GC(162) Eden regions: 47->0(47)
[73.457s][info][gc,heap     ] GC(162) Survivor regions: 1->1(6)
[73.457s][info][gc,heap     ] GC(162) Old regions: 552->540
[73.457s][info][gc,heap     ] GC(162) Humongous regions: 7->7
[73.457s][info][gc,metaspace] GC(162) Metaspace: 17591K(17856K)->17591K(17856K) NonClass: 14959K(15104K)->14959K(15104K) Class: 2632K(2752K)->2632K(2752K)
[73.457s][info][gc          ] GC(162) Pause Young (Mixed) (G1 Evacuation Pause) 606M->548M(978M) 25.833ms
[73.457s][info][gc,cpu      ] GC(162) User=0.05s Sys=0.00s Real=0.02s
[73.552s][info][gc,start    ] GC(163) Pause Young (Mixed) (G1 Evacuation Pause)
[73.552s][info][gc,task     ] GC(163) Using 2 workers of 2 for evacuation
[73.599s][info][gc,phases   ] GC(163)   Pre Evacuate Collection Set: 0.49ms
[73.599s][info][gc,phases   ] GC(163)   Merge Heap Roots: 0.67ms
[73.599s][info][gc,phases   ] GC(163)   Evacuate Collection Set: 44.55ms
[73.599s][info][gc,phases   ] GC(163)   Post Evacuate Collection Set: 0.63ms
[73.599s][info][gc,phases   ] GC(163)   Other: 0.07ms
[73.599s][info][gc,heap     ] GC(163) Eden regions: 47->0(47)
[73.599s][info][gc,heap     ] GC(163) Survivor regions: 1->1(6)
[73.599s][info][gc,heap     ] GC(163) Old regions: 540->530
[73.599s][info][gc,heap     ] GC(163) Humongous regions: 7->7
[73.599s][info][gc,metaspace] GC(163) Metaspace: 17591K(17856K)->17591K(17856K) NonClass: 14959K(15104K)->14959K(15104K) Class: 2632K(2752K)->2632K(2752K)
[73.599s][info][gc          ] GC(163) Pause Young (Mixed) (G1 Evacuation Pause) 595M->536M(978M) 46.654ms
[73.599s][info][gc,cpu      ] GC(163) User=0.09s Sys=0.00s Real=0.04s
[73.723s][info][gc,start    ] GC(164) Pause Young (Mixed) (G1 Evacuation Pause)
[73.723s][info][gc,task     ] GC(164) Using 2 workers of 2 for evacuation
[73.773s][info][gc,phases   ] GC(164)   Pre Evacuate Collection Set: 0.48ms
[73.773s][info][gc,phases   ] GC(164)   Merge Heap Roots: 0.90ms
[73.773s][info][gc,phases   ] GC(164)   Evacuate Collection Set: 47.43ms
[73.773s][info][gc,phases   ] GC(164)   Post Evacuate Collection Set: 0.62ms
[73.773s][info][gc,phases   ] GC(164)   Other: 0.08ms
[73.773s][info][gc,heap     ] GC(164) Eden regions: 47->0(45)
[73.773s][info][gc,heap     ] GC(164) Survivor regions: 1->3(6)
[73.773s][info][gc,heap     ] GC(164) Old regions: 530->521
[73.773s][info][gc,heap     ] GC(164) Humongous regions: 7->7
[73.773s][info][gc,metaspace] GC(164) Metaspace: 17591K(17856K)->17591K(17856K) NonClass: 14959K(15104K)->14959K(15104K) Class: 2632K(2752K)->2632K(2752K)
[73.773s][info][gc          ] GC(164) Pause Young (Mixed) (G1 Evacuation Pause) 583M->529M(978M) 49.739ms
[73.773s][info][gc,cpu      ] GC(164) User=0.09s Sys=0.00s Real=0.05s
[73.840s][info][gc,start    ] GC(165) Pause Young (Mixed) (G1 Evacuation Pause)
[73.840s][info][gc,task     ] GC(165) Using 2 workers of 2 for evacuation
[73.892s][info][gc,phases   ] GC(165)   Pre Evacuate Collection Set: 0.48ms
[73.892s][info][gc,phases   ] GC(165)   Merge Heap Roots: 0.66ms
[73.892s][info][gc,phases   ] GC(165)   Evacuate Collection Set: 50.54ms
[73.892s][info][gc,phases   ] GC(165)   Post Evacuate Collection Set: 0.73ms
[73.892s][info][gc,phases   ] GC(165)   Other: 0.08ms
[73.892s][info][gc,heap     ] GC(165) Eden regions: 45->0(42)
[73.892s][info][gc,heap     ] GC(165) Survivor regions: 3->6(6)
[73.892s][info][gc,heap     ] GC(165) Old regions: 521->524
[73.892s][info][gc,heap     ] GC(165) Humongous regions: 7->7
[73.892s][info][gc,metaspace] GC(165) Metaspace: 17591K(17856K)->17591K(17856K) NonClass: 14959K(15104K)->14959K(15104K) Class: 2632K(2752K)->2632K(2752K)
[73.892s][info][gc          ] GC(165) Pause Young (Mixed) (G1 Evacuation Pause) 574M->537M(978M) 52.685ms
[73.893s][info][gc,cpu      ] GC(165) User=0.11s Sys=0.00s Real=0.06s
[73.975s][info][gc,start    ] GC(166) Pause Young (Mixed) (G1 Evacuation Pause)
[73.975s][info][gc,task     ] GC(166) Using 2 workers of 2 for evacuation
[74.087s][info][gc,phases   ] GC(166)   Pre Evacuate Collection Set: 0.26ms
[74.087s][info][gc,phases   ] GC(166)   Merge Heap Roots: 1.37ms
[74.087s][info][gc,phases   ] GC(166)   Evacuate Collection Set: 109.30ms
[74.087s][info][gc,phases   ] GC(166)   Post Evacuate Collection Set: 0.36ms
[74.087s][info][gc,phases   ] GC(166)   Other: 0.08ms
[74.087s][info][gc,heap     ] GC(166) Eden regions: 42->0(42)
[74.087s][info][gc,heap     ] GC(166) Survivor regions: 6->6(6)
[74.087s][info][gc,heap     ] GC(166) Old regions: 524->523
[74.087s][info][gc,heap     ] GC(166) Humongous regions: 7->7
[74.087s][info][gc,metaspace] GC(166) Metaspace: 17591K(17856K)->17591K(17856K) NonClass: 14959K(15104K)->14959K(15104K) Class: 2632K(2752K)->2632K(2752K)
[74.087s][info][gc          ] GC(166) Pause Young (Mixed) (G1 Evacuation Pause) 579M->535M(978M) 111.613ms
[74.087s][info][gc,cpu      ] GC(166) User=0.22s Sys=0.00s Real=0.11s
[74.129s][info][gc,start    ] GC(167) Pause Young (Mixed) (G1 Evacuation Pause)
[74.130s][info][gc,task     ] GC(167) Using 2 workers of 2 for evacuation
[74.153s][info][gc,phases   ] GC(167)   Pre Evacuate Collection Set: 0.25ms
[74.153s][info][gc,phases   ] GC(167)   Merge Heap Roots: 0.32ms
[74.153s][info][gc,phases   ] GC(167)   Evacuate Collection Set: 22.40ms
[74.153s][info][gc,phases   ] GC(167)   Post Evacuate Collection Set: 0.30ms
[74.153s][info][gc,phases   ] GC(167)   Other: 0.06ms
[74.153s][info][gc,heap     ] GC(167) Eden regions: 42->0(42)
[74.153s][info][gc,heap     ] GC(167) Survivor regions: 6->6(6)
[74.153s][info][gc,heap     ] GC(167) Old regions: 523->522
[74.153s][info][gc,heap     ] GC(167) Humongous regions: 7->7
[74.153s][info][gc,metaspace] GC(167) Metaspace: 17591K(17856K)->17591K(17856K) NonClass: 14959K(15104K)->14959K(15104K) Class: 2632K(2752K)->2632K(2752K)
[74.153s][info][gc          ] GC(167) Pause Young (Mixed) (G1 Evacuation Pause) 577M->534M(978M) 23.538ms
[74.153s][info][gc,cpu      ] GC(167) User=0.04s Sys=0.00s Real=0.03s
[74.190s][info][gc,start    ] GC(168) Pause Young (Mixed) (G1 Evacuation Pause)
[74.190s][info][gc,task     ] GC(168) Using 2 workers of 2 for evacuation
[74.213s][info][gc,phases   ] GC(168)   Pre Evacuate Collection Set: 0.24ms
[74.213s][info][gc,phases   ] GC(168)   Merge Heap Roots: 0.22ms
[74.213s][info][gc,phases   ] GC(168)   Evacuate Collection Set: 21.99ms
[74.213s][info][gc,phases   ] GC(168)   Post Evacuate Collection Set: 0.25ms
[74.213s][info][gc,phases   ] GC(168)   Other: 0.07ms
[74.213s][info][gc,heap     ] GC(168) Eden regions: 42->0(365)
[74.213s][info][gc,heap     ] GC(168) Survivor regions: 6->6(6)
[74.213s][info][gc,heap     ] GC(168) Old regions: 522->527
[74.213s][info][gc,heap     ] GC(168) Humongous regions: 7->7
[74.213s][info][gc,metaspace] GC(168) Metaspace: 17591K(17856K)->17591K(17856K) NonClass: 14959K(15104K)->14959K(15104K) Class: 2632K(2752K)->2632K(2752K)
[74.213s][info][gc          ] GC(168) Pause Young (Mixed) (G1 Evacuation Pause) 576M->539M(978M) 22.937ms
[74.213s][info][gc,cpu      ] GC(168) User=0.05s Sys=0.00s Real=0.03s
[74.605s][info][gc,start    ] GC(169) Pause Young (Normal) (G1 Evacuation Pause)
[74.605s][info][gc,task     ] GC(169) Using 2 workers of 2 for evacuation
[74.677s][info][gc,phases   ] GC(169)   Pre Evacuate Collection Set: 0.47ms
[74.677s][info][gc,phases   ] GC(169)   Merge Heap Roots: 0.35ms
[74.677s][info][gc,phases   ] GC(169)   Evacuate Collection Set: 70.35ms
[74.677s][info][gc,phases   ] GC(169)   Post Evacuate Collection Set: 0.60ms
[74.677s][info][gc,phases   ] GC(169)   Other: 0.09ms
[74.677s][info][gc,heap     ] GC(169) Eden regions: 365->0(289)
[74.677s][info][gc,heap     ] GC(169) Survivor regions: 6->47(47)
[74.677s][info][gc,heap     ] GC(169) Old regions: 527->538
[74.677s][info][gc,heap     ] GC(169) Humongous regions: 7->7
[74.677s][info][gc,metaspace] GC(169) Metaspace: 17592K(17856K)->17592K(17856K) NonClass: 14959K(15104K)->14959K(15104K) Class: 2632K(2752K)->2632K(2752K)
[74.677s][info][gc          ] GC(169) Pause Young (Normal) (G1 Evacuation Pause) 904M->591M(978M) 72.022ms
[74.677s][info][gc,cpu      ] GC(169) User=0.14s Sys=0.00s Real=0.07s
[74.946s][info][gc,start    ] GC(170) Pause Young (Normal) (G1 Evacuation Pause)
[74.946s][info][gc,task     ] GC(170) Using 2 workers of 2 for evacuation
[75.047s][info][gc,phases   ] GC(170)   Pre Evacuate Collection Set: 0.47ms
[75.047s][info][gc,phases   ] GC(170)   Merge Heap Roots: 0.38ms
[75.047s][info][gc,phases   ] GC(170)   Evacuate Collection Set: 98.50ms
[75.047s][info][gc,phases   ] GC(170)   Post Evacuate Collection Set: 1.76ms
[75.047s][info][gc,phases   ] GC(170)   Other: 0.07ms
[75.047s][info][gc,heap     ] GC(170) Eden regions: 289->0(230)
[75.047s][info][gc,heap     ] GC(170) Survivor regions: 47->42(42)
[75.047s][info][gc,heap     ] GC(170) Old regions: 538->607
[75.047s][info][gc,heap     ] GC(170) Humongous regions: 7->7
[75.047s][info][gc,metaspace] GC(170) Metaspace: 17607K(17856K)->17607K(17856K) NonClass: 14971K(15104K)->14971K(15104K) Class: 2636K(2752K)->2636K(2752K)
[75.047s][info][gc          ] GC(170) Pause Young (Normal) (G1 Evacuation Pause) (Evacuation Failure: Allocation) 880M->656M(978M) 101.387ms
[75.047s][info][gc,cpu      ] GC(170) User=0.20s Sys=0.00s Real=0.10s
[75.353s][info][gc,start    ] GC(171) Pause Young (Concurrent Start) (G1 Evacuation Pause)
[75.353s][info][gc,task     ] GC(171) Using 2 workers of 2 for evacuation
[75.417s][info][gc,phases   ] GC(171)   Pre Evacuate Collection Set: 0.34ms
[75.417s][info][gc,phases   ] GC(171)   Merge Heap Roots: 0.38ms
[75.417s][info][gc,phases   ] GC(171)   Evacuate Collection Set: 62.72ms
[75.417s][info][gc,phases   ] GC(171)   Post Evacuate Collection Set: 0.49ms
[75.417s][info][gc,phases   ] GC(171)   Other: 0.19ms
[75.417s][info][gc,heap     ] GC(171) Eden regions: 230->0(236)
[75.417s][info][gc,heap     ] GC(171) Survivor regions: 42->14(34)
[75.417s][info][gc,heap     ] GC(171) Old regions: 607->641
[75.417s][info][gc,heap     ] GC(171) Humongous regions: 7->7
[75.417s][info][gc,metaspace] GC(171) Metaspace: 17620K(17856K)->17620K(17856K) NonClass: 14984K(15104K)->14984K(15104K) Class: 2636K(2752K)->2636K(2752K)
[75.417s][info][gc          ] GC(171) Pause Young (Concurrent Start) (G1 Evacuation Pause) 886M->661M(978M) 64.359ms
[75.417s][info][gc,cpu      ] GC(171) User=0.12s Sys=0.00s Real=0.06s
[75.417s][info][gc          ] GC(172) Concurrent Mark Cycle
[75.419s][info][gc,marking  ] GC(172) Concurrent Scan Root Regions
[75.496s][info][gc,marking  ] GC(172) Concurrent Scan Root Regions 77.498ms
[75.497s][info][gc,marking  ] GC(172) Concurrent Mark
[75.497s][info][gc,marking  ] GC(172) Concurrent Mark From Roots
[75.497s][info][gc,task     ] GC(172) Using 1 workers of 1 for marking
[75.793s][info][gc,start    ] GC(173) Pause Young (Normal) (G1 Evacuation Pause)
[75.793s][info][gc,task     ] GC(173) Using 2 workers of 2 for evacuation
[75.816s][info][gc,phases   ] GC(173)   Pre Evacuate Collection Set: 0.29ms
[75.816s][info][gc,phases   ] GC(173)   Merge Heap Roots: 0.27ms
[75.816s][info][gc,phases   ] GC(173)   Evacuate Collection Set: 20.76ms
[75.816s][info][gc,phases   ] GC(173)   Post Evacuate Collection Set: 1.09ms
[75.816s][info][gc,phases   ] GC(173)   Other: 0.07ms
[75.816s][info][gc,heap     ] GC(173) Eden regions: 236->0(248)
[75.816s][info][gc,heap     ] GC(173) Survivor regions: 14->14(32)
[75.816s][info][gc,heap     ] GC(173) Old regions: 641->641
[75.816s][info][gc,heap     ] GC(173) Humongous regions: 7->7
[75.816s][info][gc,metaspace] GC(173) Metaspace: 17620K(17856K)->17620K(17856K) NonClass: 14984K(15104K)->14984K(15104K) Class: 2636K(2752K)->2636K(2752K)
[75.816s][info][gc          ] GC(173) Pause Young (Normal) (G1 Evacuation Pause) 897M->662M(978M) 22.699ms
[75.816s][info][gc,cpu      ] GC(173) User=0.05s Sys=0.00s Real=0.02s
[76.270s][info][gc,start    ] GC(174) Pause Young (Normal) (G1 Evacuation Pause)
[76.270s][info][gc,task     ] GC(174) Using 2 workers of 2 for evacuation
[76.316s][info][gc,phases   ] GC(174)   Pre Evacuate Collection Set: 0.27ms
[76.316s][info][gc,phases   ] GC(174)   Merge Heap Roots: 0.23ms
[76.316s][info][gc,phases   ] GC(174)   Evacuate Collection Set: 44.77ms
[76.316s][info][gc,phases   ] GC(174)   Post Evacuate Collection Set: 0.47ms
[76.316s][info][gc,phases   ] GC(174)   Other: 0.10ms
[76.316s][info][gc,heap     ] GC(174) Eden regions: 248->0(220)
[76.316s][info][gc,heap     ] GC(174) Survivor regions: 14->30(33)
[76.316s][info][gc,heap     ] GC(174) Old regions: 641->641
[76.316s][info][gc,heap     ] GC(174) Humongous regions: 7->7
[76.316s][info][gc,metaspace] GC(174) Metaspace: 17620K(17856K)->17620K(17856K) NonClass: 14984K(15104K)->14984K(15104K) Class: 2636K(2752K)->2636K(2752K)
[76.316s][info][gc          ] GC(174) Pause Young (Normal) (G1 Evacuation Pause) 910M->677M(978M) 46.033ms
[76.316s][info][gc,cpu      ] GC(174) User=0.09s Sys=0.00s Real=0.05s
[76.778s][info][gc,start    ] GC(175) Pause Young (Normal) (G1 Evacuation Pause)
[76.778s][info][gc,task     ] GC(175) Using 2 workers of 2 for evacuation
[76.818s][info][gc,phases   ] GC(175)   Pre Evacuate Collection Set: 0.50ms
[76.818s][info][gc,phases   ] GC(175)   Merge Heap Roots: 0.41ms
[76.818s][info][gc,phases   ] GC(175)   Evacuate Collection Set: 38.64ms
[76.818s][info][gc,phases   ] GC(175)   Post Evacuate Collection Set: 0.43ms
[76.818s][info][gc,phases   ] GC(175)   Other: 0.08ms
[76.818s][info][gc,heap     ] GC(175) Eden regions: 220->0(224)
[76.818s][info][gc,heap     ] GC(175) Survivor regions: 30->21(32)
[76.818s][info][gc,heap     ] GC(175) Old regions: 641->655
[76.818s][info][gc,heap     ] GC(175) Humongous regions: 7->7
[76.818s][info][gc,metaspace] GC(175) Metaspace: 17623K(17856K)->17623K(17856K) NonClass: 14986K(15104K)->14986K(15104K) Class: 2636K(2752K)->2636K(2752K)
[76.818s][info][gc          ] GC(175) Pause Young (Normal) (G1 Evacuation Pause) 897M->682M(978M) 40.304ms
[76.818s][info][gc,cpu      ] GC(175) User=0.07s Sys=0.00s Real=0.04s
[77.310s][info][gc,start    ] GC(176) Pause Young (Normal) (G1 Evacuation Pause)
[77.310s][info][gc,task     ] GC(176) Using 2 workers of 2 for evacuation
[77.352s][info][gc,phases   ] GC(176)   Pre Evacuate Collection Set: 0.48ms
[77.352s][info][gc,phases   ] GC(176)   Merge Heap Roots: 0.56ms
[77.352s][info][gc,phases   ] GC(176)   Evacuate Collection Set: 40.39ms
[77.352s][info][gc,phases   ] GC(176)   Post Evacuate Collection Set: 0.48ms
[77.352s][info][gc,phases   ] GC(176)   Other: 0.09ms
[77.352s][info][gc,heap     ] GC(176) Eden regions: 224->0(223)
[77.352s][info][gc,heap     ] GC(176) Survivor regions: 21->13(31)
[77.352s][info][gc,heap     ] GC(176) Old regions: 655->672
[77.352s][info][gc,heap     ] GC(176) Humongous regions: 7->7
[77.352s][info][gc,metaspace] GC(176) Metaspace: 17629K(17856K)->17629K(17856K) NonClass: 14993K(15104K)->14993K(15104K) Class: 2636K(2752K)->2636K(2752K)
[77.352s][info][gc          ] GC(176) Pause Young (Normal) (G1 Evacuation Pause) 906M->691M(978M) 42.204ms
[77.352s][info][gc,cpu      ] GC(176) User=0.09s Sys=0.00s Real=0.05s
[77.710s][info][gc,marking  ] GC(172) Concurrent Mark From Roots 2213.889ms
[77.710s][info][gc,marking  ] GC(172) Concurrent Preclean
[77.710s][info][gc,marking  ] GC(172) Concurrent Preclean 0.023ms
[77.711s][info][gc,start    ] GC(172) Pause Remark
[77.717s][info][gc          ] GC(172) Pause Remark 767M->767M(978M) 6.658ms
[77.717s][info][gc,cpu      ] GC(172) User=0.01s Sys=0.00s Real=0.01s
[77.717s][info][gc,marking  ] GC(172) Concurrent Mark 2220.854ms
[77.717s][info][gc,marking  ] GC(172) Concurrent Rebuild Remembered Sets and Scrub Regions
[78.254s][info][gc,start    ] GC(177) Pause Young (Normal) (G1 Evacuation Pause)
[78.254s][info][gc,task     ] GC(177) Using 2 workers of 2 for evacuation
[78.329s][info][gc,phases   ] GC(177)   Pre Evacuate Collection Set: 0.45ms
[78.329s][info][gc,phases   ] GC(177)   Merge Heap Roots: 1.01ms
[78.329s][info][gc,phases   ] GC(177)   Evacuate Collection Set: 72.86ms
[78.329s][info][gc,phases   ] GC(177)   Post Evacuate Collection Set: 0.57ms
[78.329s][info][gc,phases   ] GC(177)   Other: 0.07ms
[78.329s][info][gc,heap     ] GC(177) Eden regions: 223->0(166)
[78.329s][info][gc,heap     ] GC(177) Survivor regions: 13->30(30)
[78.329s][info][gc,heap     ] GC(177) Old regions: 672->692
[78.329s][info][gc,heap     ] GC(177) Humongous regions: 10->10
[78.329s][info][gc,metaspace] GC(177) Metaspace: 17651K(17856K)->17651K(17856K) NonClass: 15010K(15104K)->15010K(15104K) Class: 2641K(2752K)->2641K(2752K)
[78.329s][info][gc          ] GC(177) Pause Young (Normal) (G1 Evacuation Pause) 917M->731M(978M) 75.180ms
[78.329s][info][gc,cpu      ] GC(177) User=0.15s Sys=0.00s Real=0.07s
[78.388s][info][gc,marking  ] GC(172) Concurrent Rebuild Remembered Sets and Scrub Regions 670.269ms
[78.388s][info][gc,start    ] GC(172) Pause Cleanup
[78.388s][info][gc          ] GC(172) Pause Cleanup 753M->753M(978M) 0.106ms
[78.388s][info][gc,cpu      ] GC(172) User=0.00s Sys=0.00s Real=0.00s
[78.388s][info][gc,marking  ] GC(172) Concurrent Clear Claimed Marks
[78.388s][info][gc,marking  ] GC(172) Concurrent Clear Claimed Marks 0.022ms
[78.388s][info][gc,marking  ] GC(172) Concurrent Cleanup for Next Mark
[78.391s][info][gc,marking  ] GC(172) Concurrent Cleanup for Next Mark 2.823ms
[78.391s][info][gc          ] GC(172) Concurrent Mark Cycle 2973.791ms
[78.592s][info][gc,start    ] GC(178) Pause Young (Prepare Mixed) (G1 Evacuation Pause)
[78.592s][info][gc,task     ] GC(178) Using 2 workers of 2 for evacuation
[78.654s][info][gc,phases   ] GC(178)   Pre Evacuate Collection Set: 0.51ms
[78.654s][info][gc,phases   ] GC(178)   Merge Heap Roots: 0.51ms
[78.654s][info][gc,phases   ] GC(178)   Evacuate Collection Set: 59.67ms
[78.654s][info][gc,phases   ] GC(178)   Post Evacuate Collection Set: 0.39ms
[78.654s][info][gc,phases   ] GC(178)   Other: 0.09ms
[78.654s][info][gc,heap     ] GC(178) Eden regions: 166->0(61)
[78.654s][info][gc,heap     ] GC(178) Survivor regions: 30->12(25)
[78.654s][info][gc,heap     ] GC(178) Old regions: 692->722
[78.654s][info][gc,heap     ] GC(178) Humongous regions: 10->10
[78.654s][info][gc,metaspace] GC(178) Metaspace: 17659K(17920K)->17659K(17920K) NonClass: 15018K(15168K)->15018K(15168K) Class: 2641K(2752K)->2641K(2752K)
[78.654s][info][gc          ] GC(178) Pause Young (Prepare Mixed) (G1 Evacuation Pause) 897M->743M(978M) 61.379ms
[78.654s][info][gc,cpu      ] GC(178) User=0.12s Sys=0.00s Real=0.06s
[78.773s][info][gc,start    ] GC(179) Pause Young (Mixed) (G1 Evacuation Pause)
[78.773s][info][gc,task     ] GC(179) Using 2 workers of 2 for evacuation
[78.795s][info][gc,phases   ] GC(179)   Pre Evacuate Collection Set: 0.29ms
[78.795s][info][gc,phases   ] GC(179)   Merge Heap Roots: 0.21ms
[78.795s][info][gc,phases   ] GC(179)   Evacuate Collection Set: 20.75ms
[78.795s][info][gc,phases   ] GC(179)   Post Evacuate Collection Set: 0.28ms
[78.795s][info][gc,phases   ] GC(179)   Other: 0.07ms
[78.795s][info][gc,heap     ] GC(179) Eden regions: 84->0(154)
[78.795s][info][gc,heap     ] GC(179) Survivor regions: 12->3(12)
[78.795s][info][gc,heap     ] GC(179) Old regions: 722->733
[78.795s][info][gc,heap     ] GC(179) Humongous regions: 10->10
[78.795s][info][gc,metaspace] GC(179) Metaspace: 17661K(17920K)->17661K(17920K) NonClass: 15019K(15168K)->15019K(15168K) Class: 2641K(2752K)->2641K(2752K)
[78.795s][info][gc          ] GC(179) Pause Young (Mixed) (G1 Evacuation Pause) 827M->745M(978M) 21.801ms
[78.795s][info][gc,cpu      ] GC(179) User=0.04s Sys=0.00s Real=0.02s
[79.050s][info][gc,start    ] GC(180) Pause Young (Mixed) (G1 Evacuation Pause)
[79.050s][info][gc,task     ] GC(180) Using 2 workers of 2 for evacuation
[79.065s][info][gc,phases   ] GC(180)   Pre Evacuate Collection Set: 0.51ms
[79.065s][info][gc,phases   ] GC(180)   Merge Heap Roots: 0.25ms
[79.065s][info][gc,phases   ] GC(180)   Evacuate Collection Set: 13.72ms
[79.065s][info][gc,phases   ] GC(180)   Post Evacuate Collection Set: 0.36ms
[79.065s][info][gc,phases   ] GC(180)   Other: 0.07ms
[79.065s][info][gc,heap     ] GC(180) Eden regions: 165->0(174)
[79.065s][info][gc,heap     ] GC(180) Survivor regions: 3->6(21)
[79.065s][info][gc,heap     ] GC(180) Old regions: 733->732
[79.065s][info][gc,heap     ] GC(180) Humongous regions: 10->10
[79.065s][info][gc,metaspace] GC(180) Metaspace: 17664K(17920K)->17664K(17920K) NonClass: 15023K(15168K)->15023K(15168K) Class: 2641K(2752K)->2641K(2752K)
[79.065s][info][gc          ] GC(180) Pause Young (Mixed) (G1 Evacuation Pause) 910M->747M(978M) 15.112ms
[79.065s][info][gc,cpu      ] GC(180) User=0.03s Sys=0.00s Real=0.02s
[79.220s][info][gc,start    ] GC(181) Pause Young (Mixed) (G1 Evacuation Pause)
[79.220s][info][gc,task     ] GC(181) Using 2 workers of 2 for evacuation
[79.236s][info][gc,phases   ] GC(181)   Pre Evacuate Collection Set: 0.50ms
[79.236s][info][gc,phases   ] GC(181)   Merge Heap Roots: 0.24ms
[79.236s][info][gc,phases   ] GC(181)   Evacuate Collection Set: 13.12ms
[79.236s][info][gc,phases   ] GC(181)   Merge Optional Heap Roots: 0.07ms
[79.236s][info][gc,phases   ] GC(181)   Evacuate Optional Collection Set: 2.17ms
[79.236s][info][gc,phases   ] GC(181)   Post Evacuate Collection Set: 0.46ms
[79.236s][info][gc,phases   ] GC(181)   Other: 0.07ms
[79.236s][info][gc,heap     ] GC(181) Eden regions: 174->0(177)
[79.236s][info][gc,heap     ] GC(181) Survivor regions: 6->6(23)
[79.236s][info][gc,heap     ] GC(181) Old regions: 732->729
[79.236s][info][gc,heap     ] GC(181) Humongous regions: 10->10
[79.236s][info][gc,metaspace] GC(181) Metaspace: 17674K(17920K)->17674K(17920K) NonClass: 15028K(15168K)->15028K(15168K) Class: 2646K(2752K)->2646K(2752K)
[79.236s][info][gc          ] GC(181) Pause Young (Mixed) (G1 Evacuation Pause) 921M->744M(978M) 16.869ms
[79.236s][info][gc,cpu      ] GC(181) User=0.03s Sys=0.01s Real=0.02s
[79.488s][info][gc,start    ] GC(182) Pause Young (Mixed) (G1 Evacuation Pause)
[79.488s][info][gc,task     ] GC(182) Using 2 workers of 2 for evacuation
[79.511s][info][gc,phases   ] GC(182)   Pre Evacuate Collection Set: 0.28ms
[79.511s][info][gc,phases   ] GC(182)   Merge Heap Roots: 0.28ms
[79.511s][info][gc,phases   ] GC(182)   Evacuate Collection Set: 21.77ms
[79.511s][info][gc,phases   ] GC(182)   Post Evacuate Collection Set: 0.48ms
[79.511s][info][gc,phases   ] GC(182)   Other: 0.06ms
[79.511s][info][gc,heap     ] GC(182) Eden regions: 177->0(164)
[79.511s][info][gc,heap     ] GC(182) Survivor regions: 6->13(23)
[79.511s][info][gc,heap     ] GC(182) Old regions: 729->728
[79.511s][info][gc,heap     ] GC(182) Humongous regions: 10->10
[79.511s][info][gc,metaspace] GC(182) Metaspace: 17674K(17920K)->17674K(17920K) NonClass: 15028K(15168K)->15028K(15168K) Class: 2646K(2752K)->2646K(2752K)
[79.511s][info][gc          ] GC(182) Pause Young (Mixed) (G1 Evacuation Pause) 921M->749M(978M) 23.077ms
[79.511s][info][gc,cpu      ] GC(182) User=0.04s Sys=0.00s Real=0.03s
[79.941s][info][gc,start    ] GC(183) Pause Young (Concurrent Start) (G1 Evacuation Pause)
[79.941s][info][gc,task     ] GC(183) Using 2 workers of 2 for evacuation
[79.960s][info][gc,phases   ] GC(183)   Pre Evacuate Collection Set: 0.32ms
[79.960s][info][gc,phases   ] GC(183)   Merge Heap Roots: 0.26ms
[79.960s][info][gc,phases   ] GC(183)   Evacuate Collection Set: 17.45ms
[79.960s][info][gc,phases   ] GC(183)   Post Evacuate Collection Set: 0.39ms
[79.960s][info][gc,phases   ] GC(183)   Other: 0.11ms
[79.960s][info][gc,heap     ] GC(183) Eden regions: 164->0(166)
[79.960s][info][gc,heap     ] GC(183) Survivor regions: 13->11(23)
[79.960s][info][gc,heap     ] GC(183) Old regions: 728->730
[79.960s][info][gc,heap     ] GC(183) Humongous regions: 10->10
[79.960s][info][gc,metaspace] GC(183) Metaspace: 17691K(17920K)->17691K(17920K) NonClass: 15045K(15168K)->15045K(15168K) Class: 2646K(2752K)->2646K(2752K)
[79.960s][info][gc          ] GC(183) Pause Young (Concurrent Start) (G1 Evacuation Pause) 913M->750M(978M) 18.721ms
[79.960s][info][gc,cpu      ] GC(183) User=0.04s Sys=0.00s Real=0.01s
[79.960s][info][gc          ] GC(184) Concurrent Mark Cycle
[79.964s][info][gc,marking  ] GC(184) Concurrent Scan Root Regions
[80.001s][info][gc,marking  ] GC(184) Concurrent Scan Root Regions 37.268ms
[80.001s][info][gc,marking  ] GC(184) Concurrent Mark
[80.001s][info][gc,marking  ] GC(184) Concurrent Mark From Roots
[80.001s][info][gc,task     ] GC(184) Using 1 workers of 1 for marking
[80.935s][info][gc,start    ] GC(185) Pause Young (Normal) (G1 Evacuation Pause)
[80.936s][info][gc,task     ] GC(185) Using 2 workers of 2 for evacuation
[80.949s][info][gc,phases   ] GC(185)   Pre Evacuate Collection Set: 0.50ms
[80.950s][info][gc,phases   ] GC(185)   Merge Heap Roots: 0.16ms
[80.950s][info][gc,phases   ] GC(185)   Evacuate Collection Set: 12.77ms
[80.950s][info][gc,phases   ] GC(185)   Post Evacuate Collection Set: 0.39ms
[80.950s][info][gc,phases   ] GC(185)   Other: 0.10ms
[80.950s][info][gc,heap     ] GC(185) Eden regions: 166->0(166)
[80.950s][info][gc,heap     ] GC(185) Survivor regions: 11->11(23)
[80.950s][info][gc,heap     ] GC(185) Old regions: 730->730
[80.950s][info][gc,heap     ] GC(185) Humongous regions: 10->10
[80.950s][info][gc,metaspace] GC(185) Metaspace: 17692K(17920K)->17692K(17920K) NonClass: 15045K(15168K)->15045K(15168K) Class: 2646K(2752K)->2646K(2752K)
[80.950s][info][gc          ] GC(185) Pause Young (Normal) (G1 Evacuation Pause) 916M->750M(978M) 14.122ms
[80.950s][info][gc,cpu      ] GC(185) User=0.03s Sys=0.00s Real=0.01s
[81.709s][info][gc,start    ] GC(186) Pause Young (Normal) (G1 Evacuation Pause)
[81.709s][info][gc,task     ] GC(186) Using 2 workers of 2 for evacuation
[81.745s][info][gc,phases   ] GC(186)   Pre Evacuate Collection Set: 0.48ms
[81.745s][info][gc,phases   ] GC(186)   Merge Heap Roots: 0.22ms
[81.745s][info][gc,phases   ] GC(186)   Evacuate Collection Set: 34.46ms
[81.745s][info][gc,phases   ] GC(186)   Post Evacuate Collection Set: 0.38ms
[81.745s][info][gc,phases   ] GC(186)   Other: 0.10ms
[81.745s][info][gc,heap     ] GC(186) Eden regions: 166->0(133)
[81.745s][info][gc,heap     ] GC(186) Survivor regions: 11->23(23)
[81.745s][info][gc,heap     ] GC(186) Old regions: 730->739
[81.745s][info][gc,heap     ] GC(186) Humongous regions: 10->10
[81.745s][info][gc,metaspace] GC(186) Metaspace: 17692K(17920K)->17692K(17920K) NonClass: 15045K(15168K)->15045K(15168K) Class: 2646K(2752K)->2646K(2752K)
[81.745s][info][gc          ] GC(186) Pause Young (Normal) (G1 Evacuation Pause) 916M->771M(978M) 35.818ms
[81.745s][info][gc,cpu      ] GC(186) User=0.07s Sys=0.00s Real=0.04s
[82.313s][info][gc,marking  ] GC(184) Concurrent Mark From Roots 2311.319ms
[82.313s][info][gc,marking  ] GC(184) Concurrent Preclean
[82.313s][info][gc,marking  ] GC(184) Concurrent Preclean 0.024ms
[82.313s][info][gc,start    ] GC(184) Pause Remark
[82.319s][info][gc          ] GC(184) Pause Remark 892M->891M(978M) 6.599ms
[82.319s][info][gc,cpu      ] GC(184) User=0.02s Sys=0.00s Real=0.00s
[82.320s][info][gc,marking  ] GC(184) Concurrent Mark 2318.205ms
[82.320s][info][gc,marking  ] GC(184) Concurrent Rebuild Remembered Sets and Scrub Regions
[82.357s][info][gc,start    ] GC(187) Pause Young (Normal) (G1 Evacuation Pause)
[82.357s][info][gc,task     ] GC(187) Using 2 workers of 2 for evacuation
[82.383s][info][gc,phases   ] GC(187)   Pre Evacuate Collection Set: 0.24ms
[82.383s][info][gc,phases   ] GC(187)   Merge Heap Roots: 0.18ms
[82.383s][info][gc,phases   ] GC(187)   Evacuate Collection Set: 25.09ms
[82.383s][info][gc,phases   ] GC(187)   Post Evacuate Collection Set: 0.33ms
[82.383s][info][gc,phases   ] GC(187)   Other: 0.09ms
[82.383s][info][gc,heap     ] GC(187) Eden regions: 133->0(155)
[82.383s][info][gc,heap     ] GC(187) Survivor regions: 23->1(20)
[82.383s][info][gc,heap     ] GC(187) Old regions: 739->762
[82.383s][info][gc,heap     ] GC(187) Humongous regions: 9->9
[82.383s][info][gc,metaspace] GC(187) Metaspace: 17692K(17920K)->17692K(17920K) NonClass: 15045K(15168K)->15045K(15168K) Class: 2646K(2752K)->2646K(2752K)
[82.383s][info][gc          ] GC(187) Pause Young (Normal) (G1 Evacuation Pause) 903M->771M(978M) 26.061ms
[82.383s][info][gc,cpu      ] GC(187) User=0.05s Sys=0.01s Real=0.03s
[82.967s][info][gc,start    ] GC(188) Pause Young (Normal) (G1 Evacuation Pause)
[82.967s][info][gc,task     ] GC(188) Using 2 workers of 2 for evacuation
[82.971s][info][gc,phases   ] GC(188)   Pre Evacuate Collection Set: 0.28ms
[82.971s][info][gc,phases   ] GC(188)   Merge Heap Roots: 0.13ms
[82.971s][info][gc,phases   ] GC(188)   Evacuate Collection Set: 2.65ms
[82.971s][info][gc,phases   ] GC(188)   Post Evacuate Collection Set: 0.33ms
[82.971s][info][gc,phases   ] GC(188)   Other: 0.10ms
[82.971s][info][gc,heap     ] GC(188) Eden regions: 155->0(155)
[82.971s][info][gc,heap     ] GC(188) Survivor regions: 1->1(20)
[82.971s][info][gc,heap     ] GC(188) Old regions: 762->762
[82.971s][info][gc,heap     ] GC(188) Humongous regions: 9->9
[82.971s][info][gc,metaspace] GC(188) Metaspace: 17695K(17920K)->17695K(17920K) NonClass: 15048K(15168K)->15048K(15168K) Class: 2646K(2752K)->2646K(2752K)
[82.971s][info][gc          ] GC(188) Pause Young (Normal) (G1 Evacuation Pause) 926M->771M(978M) 3.670ms
[82.971s][info][gc,cpu      ] GC(188) User=0.00s Sys=0.00s Real=0.00s
[82.990s][info][gc,marking  ] GC(184) Concurrent Rebuild Remembered Sets and Scrub Regions 670.842ms
[82.991s][info][gc,start    ] GC(184) Pause Cleanup
[82.991s][info][gc          ] GC(184) Pause Cleanup 775M->775M(978M) 0.090ms
[82.991s][info][gc,cpu      ] GC(184) User=0.00s Sys=0.00s Real=0.00s
[82.991s][info][gc,marking  ] GC(184) Concurrent Clear Claimed Marks
[82.991s][info][gc,marking  ] GC(184) Concurrent Clear Claimed Marks 0.027ms
[82.991s][info][gc,marking  ] GC(184) Concurrent Cleanup for Next Mark
[82.998s][info][gc,marking  ] GC(184) Concurrent Cleanup for Next Mark 6.751ms
[82.998s][info][gc          ] GC(184) Concurrent Mark Cycle 3038.044ms
[83.899s][info][gc,start    ] GC(189) Pause Young (Prepare Mixed) (G1 Evacuation Pause)
[83.899s][info][gc,task     ] GC(189) Using 2 workers of 2 for evacuation
[83.904s][info][gc,phases   ] GC(189)   Pre Evacuate Collection Set: 0.29ms
[83.904s][info][gc,phases   ] GC(189)   Merge Heap Roots: 0.13ms
[83.904s][info][gc,phases   ] GC(189)   Evacuate Collection Set: 4.30ms
[83.904s][info][gc,phases   ] GC(189)   Post Evacuate Collection Set: 0.37ms
[83.904s][info][gc,phases   ] GC(189)   Other: 0.08ms
[83.904s][info][gc,heap     ] GC(189) Eden regions: 155->0(153)
[83.904s][info][gc,heap     ] GC(189) Survivor regions: 1->2(20)
[83.904s][info][gc,heap     ] GC(189) Old regions: 762->762
[83.904s][info][gc,heap     ] GC(189) Humongous regions: 9->9
[83.904s][info][gc,metaspace] GC(189) Metaspace: 17828K(17984K)->17828K(17984K) NonClass: 15166K(15232K)->15166K(15232K) Class: 2662K(2752K)->2662K(2752K)
[83.904s][info][gc          ] GC(189) Pause Young (Prepare Mixed) (G1 Evacuation Pause) 926M->772M(978M) 5.367ms
[83.904s][info][gc,cpu      ] GC(189) User=0.01s Sys=0.00s Real=0.01s
[84.476s][info][gc,start    ] GC(190) Pause Young (Mixed) (G1 Evacuation Pause)
[84.476s][info][gc,task     ] GC(190) Using 2 workers of 2 for evacuation
[84.497s][info][gc,phases   ] GC(190)   Pre Evacuate Collection Set: 0.29ms
[84.497s][info][gc,phases   ] GC(190)   Merge Heap Roots: 0.47ms
[84.497s][info][gc,phases   ] GC(190)   Evacuate Collection Set: 19.76ms
[84.497s][info][gc,phases   ] GC(190)   Post Evacuate Collection Set: 0.43ms
[84.497s][info][gc,phases   ] GC(190)   Other: 0.07ms
[84.497s][info][gc,heap     ] GC(190) Eden regions: 153->0(158)
[84.497s][info][gc,heap     ] GC(190) Survivor regions: 2->3(20)
[84.497s][info][gc,heap     ] GC(190) Old regions: 762->755
[84.497s][info][gc,heap     ] GC(190) Humongous regions: 9->9
[84.497s][info][gc,metaspace] GC(190) Metaspace: 17920K(18112K)->17920K(18112K) NonClass: 15256K(15360K)->15256K(15360K) Class: 2664K(2752K)->2664K(2752K)
[84.497s][info][gc          ] GC(190) Pause Young (Mixed) (G1 Evacuation Pause) 925M->766M(978M) 21.188ms
[84.497s][info][gc,cpu      ] GC(190) User=0.04s Sys=0.00s Real=0.02s
[84.900s][info][gc,start    ] GC(191) Pause Young (Concurrent Start) (G1 Evacuation Pause)
[84.900s][info][gc,task     ] GC(191) Using 2 workers of 2 for evacuation
[84.905s][info][gc,phases   ] GC(191)   Pre Evacuate Collection Set: 0.35ms
[84.905s][info][gc,phases   ] GC(191)   Merge Heap Roots: 0.13ms
[84.905s][info][gc,phases   ] GC(191)   Evacuate Collection Set: 3.67ms
[84.905s][info][gc,phases   ] GC(191)   Post Evacuate Collection Set: 0.37ms
[84.905s][info][gc,phases   ] GC(191)   Other: 0.13ms
[84.905s][info][gc,heap     ] GC(191) Eden regions: 158->0(158)
[84.905s][info][gc,heap     ] GC(191) Survivor regions: 3->3(21)
[84.905s][info][gc,heap     ] GC(191) Old regions: 755->755
[84.905s][info][gc,heap     ] GC(191) Humongous regions: 9->9
[84.905s][info][gc,metaspace] GC(191) Metaspace: 17961K(18176K)->17961K(18176K) NonClass: 15297K(15424K)->15297K(15424K) Class: 2664K(2752K)->2664K(2752K)
[84.905s][info][gc          ] GC(191) Pause Young (Concurrent Start) (G1 Evacuation Pause) 924M->766M(978M) 4.813ms
[84.905s][info][gc,cpu      ] GC(191) User=0.01s Sys=0.00s Real=0.01s
[84.905s][info][gc          ] GC(192) Concurrent Mark Cycle
[84.905s][info][gc,marking  ] GC(192) Concurrent Scan Root Regions
[84.909s][info][gc,marking  ] GC(192) Concurrent Scan Root Regions 3.309ms
[84.909s][info][gc,marking  ] GC(192) Concurrent Mark
[84.909s][info][gc,marking  ] GC(192) Concurrent Mark From Roots
[84.909s][info][gc,task     ] GC(192) Using 1 workers of 1 for marking
[85.369s][info][gc,start    ] GC(193) Pause Young (Normal) (G1 Evacuation Pause)
[85.369s][info][gc,task     ] GC(193) Using 2 workers of 2 for evacuation
[85.409s][info][gc,phases   ] GC(193)   Pre Evacuate Collection Set: 0.30ms
[85.409s][info][gc,phases   ] GC(193)   Merge Heap Roots: 0.12ms
[85.409s][info][gc,phases   ] GC(193)   Evacuate Collection Set: 38.97ms
[85.409s][info][gc,phases   ] GC(193)   Post Evacuate Collection Set: 0.50ms
[85.409s][info][gc,phases   ] GC(193)   Other: 0.09ms
[85.409s][info][gc,heap     ] GC(193) Eden regions: 158->0(103)
[85.409s][info][gc,heap     ] GC(193) Survivor regions: 3->21(21)
[85.409s][info][gc,heap     ] GC(193) Old regions: 755->774
[85.409s][info][gc,heap     ] GC(193) Humongous regions: 9->9
[85.409s][info][gc,metaspace] GC(193) Metaspace: 18039K(18240K)->18039K(18240K) NonClass: 15374K(15488K)->15374K(15488K) Class: 2664K(2752K)->2664K(2752K)
[85.409s][info][gc          ] GC(193) Pause Young (Normal) (G1 Evacuation Pause) 924M->804M(978M) 40.228ms
[85.409s][info][gc,cpu      ] GC(193) User=0.08s Sys=0.00s Real=0.04s
[85.639s][info][gc,start    ] GC(194) Pause Young (Normal) (G1 Evacuation Pause)
[85.639s][info][gc,task     ] GC(194) Using 2 workers of 2 for evacuation
[85.706s][info][gc,phases   ] GC(194)   Pre Evacuate Collection Set: 0.28ms
[85.706s][info][gc,phases   ] GC(194)   Merge Heap Roots: 0.28ms
[85.706s][info][gc,phases   ] GC(194)   Evacuate Collection Set: 65.62ms
[85.706s][info][gc,phases   ] GC(194)   Post Evacuate Collection Set: 0.47ms
[85.706s][info][gc,phases   ] GC(194)   Other: 0.07ms
[85.706s][info][gc,heap     ] GC(194) Eden regions: 103->0(67)
[85.706s][info][gc,heap     ] GC(194) Survivor regions: 21->16(16)
[85.706s][info][gc,heap     ] GC(194) Old regions: 774->820
[85.706s][info][gc,heap     ] GC(194) Humongous regions: 9->9
[85.706s][info][gc,metaspace] GC(194) Metaspace: 18118K(18368K)->18118K(18368K) NonClass: 15454K(15616K)->15454K(15616K) Class: 2664K(2752K)->2664K(2752K)
[85.706s][info][gc          ] GC(194) Pause Young (Normal) (G1 Evacuation Pause) 907M->845M(978M) 66.909ms
[85.706s][info][gc,cpu      ] GC(194) User=0.13s Sys=0.00s Real=0.07s
[85.803s][info][gc,start    ] GC(195) Pause Young (Normal) (G1 Evacuation Pause)
[85.803s][info][gc,task     ] GC(195) Using 2 workers of 2 for evacuation
[85.842s][info][gc,phases   ] GC(195)   Pre Evacuate Collection Set: 0.48ms
[85.842s][info][gc,phases   ] GC(195)   Merge Heap Roots: 0.32ms
[85.842s][info][gc,phases   ] GC(195)   Evacuate Collection Set: 37.20ms
[85.842s][info][gc,phases   ] GC(195)   Post Evacuate Collection Set: 0.35ms
[85.842s][info][gc,phases   ] GC(195)   Other: 0.06ms
[85.842s][info][gc,heap     ] GC(195) Eden regions: 67->0(56)
[85.842s][info][gc,heap     ] GC(195) Survivor regions: 16->11(11)
[85.842s][info][gc,heap     ] GC(195) Old regions: 820->841
[85.842s][info][gc,heap     ] GC(195) Humongous regions: 9->9
[85.842s][info][gc,metaspace] GC(195) Metaspace: 18118K(18368K)->18118K(18368K) NonClass: 15454K(15616K)->15454K(15616K) Class: 2664K(2752K)->2664K(2752K)
[85.842s][info][gc          ] GC(195) Pause Young (Normal) (G1 Evacuation Pause) 912M->861M(978M) 38.638ms
[85.842s][info][gc,cpu      ] GC(195) User=0.08s Sys=0.00s Real=0.04s
[85.937s][info][gc,start    ] GC(196) Pause Young (Normal) (G1 Evacuation Pause)
[85.938s][info][gc,task     ] GC(196) Using 2 workers of 2 for evacuation
[85.963s][info][gc,phases   ] GC(196)   Pre Evacuate Collection Set: 0.26ms
[85.963s][info][gc,phases   ] GC(196)   Merge Heap Roots: 0.12ms
[85.963s][info][gc,phases   ] GC(196)   Evacuate Collection Set: 24.30ms
[85.963s][info][gc,phases   ] GC(196)   Post Evacuate Collection Set: 0.34ms
[85.963s][info][gc,phases   ] GC(196)   Other: 0.08ms
[85.963s][info][gc,heap     ] GC(196) Eden regions: 56->0(43)
[85.963s][info][gc,heap     ] GC(196) Survivor regions: 11->9(9)
[85.963s][info][gc,heap     ] GC(196) Old regions: 841->858
[85.963s][info][gc,heap     ] GC(196) Humongous regions: 9->9
[85.963s][info][gc,metaspace] GC(196) Metaspace: 18118K(18368K)->18118K(18368K) NonClass: 15454K(15616K)->15454K(15616K) Class: 2664K(2752K)->2664K(2752K)
[85.963s][info][gc          ] GC(196) Pause Young (Normal) (G1 Evacuation Pause) 917M->876M(978M) 25.284ms
[85.963s][info][gc,cpu      ] GC(196) User=0.05s Sys=0.00s Real=0.03s
[86.031s][info][gc,start    ] GC(197) Pause Young (Normal) (G1 Evacuation Pause)
[86.031s][info][gc,task     ] GC(197) Using 2 workers of 2 for evacuation
[86.059s][info][gc,phases   ] GC(197)   Pre Evacuate Collection Set: 0.28ms
[86.059s][info][gc,phases   ] GC(197)   Merge Heap Roots: 0.18ms
[86.059s][info][gc,phases   ] GC(197)   Evacuate Collection Set: 26.97ms
[86.059s][info][gc,phases   ] GC(197)   Post Evacuate Collection Set: 0.32ms
[86.059s][info][gc,phases   ] GC(197)   Other: 0.08ms
[86.059s][info][gc,heap     ] GC(197) Eden regions: 43->0(41)
[86.059s][info][gc,heap     ] GC(197) Survivor regions: 9->7(7)
[86.059s][info][gc,heap     ] GC(197) Old regions: 858->881
[86.059s][info][gc,heap     ] GC(197) Humongous regions: 9->9
[86.059s][info][gc,metaspace] GC(197) Metaspace: 18118K(18368K)->18118K(18368K) NonClass: 15454K(15616K)->15454K(15616K) Class: 2664K(2752K)->2664K(2752K)
[86.059s][info][gc          ] GC(197) Pause Young (Normal) (G1 Evacuation Pause) 919M->897M(978M) 28.039ms
[86.059s][info][gc,cpu      ] GC(197) User=0.05s Sys=0.00s Real=0.02s
[86.174s][info][gc,start    ] GC(198) Pause Young (Normal) (G1 Evacuation Pause)
[86.174s][info][gc,task     ] GC(198) Using 2 workers of 2 for evacuation
[86.202s][info][gc,phases   ] GC(198)   Pre Evacuate Collection Set: 0.27ms
[86.202s][info][gc,phases   ] GC(198)   Merge Heap Roots: 0.19ms
[86.202s][info][gc,phases   ] GC(198)   Evacuate Collection Set: 27.13ms
[86.202s][info][gc,phases   ] GC(198)   Post Evacuate Collection Set: 0.34ms
[86.202s][info][gc,phases   ] GC(198)   Other: 0.09ms
[86.202s][info][gc,heap     ] GC(198) Eden regions: 41->0(42)
[86.202s][info][gc,heap     ] GC(198) Survivor regions: 7->6(6)
[86.202s][info][gc,heap     ] GC(198) Old regions: 881->902
[86.202s][info][gc,heap     ] GC(198) Humongous regions: 9->9
[86.202s][info][gc,metaspace] GC(198) Metaspace: 18119K(18368K)->18119K(18368K) NonClass: 15454K(15616K)->15454K(15616K) Class: 2664K(2752K)->2664K(2752K)
[86.202s][info][gc          ] GC(198) Pause Young (Normal) (G1 Evacuation Pause) 938M->916M(978M) 28.212ms
[86.202s][info][gc,cpu      ] GC(198) User=0.06s Sys=0.00s Real=0.03s
[86.435s][info][gc,start    ] GC(199) Pause Young (Normal) (G1 Evacuation Pause)
[86.435s][info][gc,task     ] GC(199) Using 2 workers of 2 for evacuation
[86.463s][info][gc,phases   ] GC(199)   Pre Evacuate Collection Set: 0.28ms
[86.463s][info][gc,phases   ] GC(199)   Merge Heap Roots: 0.24ms
[86.463s][info][gc,phases   ] GC(199)   Evacuate Collection Set: 26.83ms
[86.463s][info][gc,phases   ] GC(199)   Post Evacuate Collection Set: 0.29ms
[86.463s][info][gc,phases   ] GC(199)   Other: 0.09ms
[86.463s][info][gc,heap     ] GC(199) Eden regions: 42->0(42)
[86.463s][info][gc,heap     ] GC(199) Survivor regions: 6->6(6)
[86.463s][info][gc,heap     ] GC(199) Old regions: 902->915
[86.463s][info][gc,heap     ] GC(199) Humongous regions: 9->9
[86.463s][info][gc,metaspace] GC(199) Metaspace: 18120K(18368K)->18120K(18368K) NonClass: 15456K(15616K)->15456K(15616K) Class: 2664K(2752K)->2664K(2752K)
[86.463s][info][gc          ] GC(199) Pause Young (Normal) (G1 Evacuation Pause) 958M->929M(978M) 27.958ms
[86.463s][info][gc,cpu      ] GC(199) User=0.05s Sys=0.00s Real=0.03s
[86.582s][info][gc,start    ] GC(200) Pause Young (Normal) (G1 Evacuation Pause)
[86.582s][info][gc,task     ] GC(200) Using 2 workers of 2 for evacuation
[86.617s][info][gc,phases   ] GC(200)   Pre Evacuate Collection Set: 0.28ms
[86.617s][info][gc,phases   ] GC(200)   Merge Heap Roots: 0.37ms
[86.617s][info][gc,phases   ] GC(200)   Evacuate Collection Set: 30.58ms
[86.617s][info][gc,phases   ] GC(200)   Post Evacuate Collection Set: 3.77ms
[86.617s][info][gc,phases   ] GC(200)   Other: 0.08ms
[86.617s][info][gc,heap     ] GC(200) Eden regions: 42->0(3)
[86.617s][info][gc,heap     ] GC(200) Survivor regions: 6->1(5)
[86.617s][info][gc,heap     ] GC(200) Old regions: 915->963
[86.617s][info][gc,heap     ] GC(200) Humongous regions: 10->10
[86.617s][info][gc,metaspace] GC(200) Metaspace: 18120K(18368K)->18120K(18368K) NonClass: 15456K(15616K)->15456K(15616K) Class: 2664K(2752K)->2664K(2752K)
[86.617s][info][gc          ] GC(200) Pause Young (Normal) (G1 Evacuation Pause) (Evacuation Failure: Allocation) 972M->974M(978M) 35.303ms
[86.617s][info][gc,cpu      ] GC(200) User=0.07s Sys=0.00s Real=0.03s
[86.621s][info][gc,marking  ] GC(192) Concurrent Mark From Roots 1712.568ms
[86.621s][info][gc,marking  ] GC(192) Concurrent Preclean
[86.621s][info][gc,marking  ] GC(192) Concurrent Preclean 0.027ms
[86.622s][info][gc,start    ] GC(192) Pause Remark
[86.630s][info][gc          ] GC(192) Pause Remark 976M->801M(978M) 7.614ms
[86.630s][info][gc,cpu      ] GC(192) User=0.02s Sys=0.00s Real=0.00s
[86.632s][info][gc,marking  ] GC(192) Concurrent Mark 1723.308ms
[86.632s][info][gc,marking  ] GC(192) Concurrent Rebuild Remembered Sets and Scrub Regions
[86.634s][info][gc,start    ] GC(201) Pause Young (Normal) (G1 Evacuation Pause)
[86.634s][info][gc,task     ] GC(201) Using 2 workers of 2 for evacuation
[86.656s][info][gc,phases   ] GC(201)   Pre Evacuate Collection Set: 0.37ms
[86.656s][info][gc,phases   ] GC(201)   Merge Heap Roots: 0.42ms
[86.656s][info][gc,phases   ] GC(201)   Evacuate Collection Set: 21.16ms
[86.657s][info][gc,phases   ] GC(201)   Post Evacuate Collection Set: 0.27ms
[86.657s][info][gc,phases   ] GC(201)   Other: 0.07ms
[86.657s][info][gc,heap     ] GC(201) Eden regions: 3->0(134)
[86.657s][info][gc,heap     ] GC(201) Survivor regions: 1->1(1)
[86.657s][info][gc,heap     ] GC(201) Old regions: 792->758
[86.657s][info][gc,heap     ] GC(201) Humongous regions: 6->6
[86.657s][info][gc,metaspace] GC(201) Metaspace: 18120K(18368K)->18120K(18368K) NonClass: 15456K(15616K)->15456K(15616K) Class: 2664K(2752K)->2664K(2752K)
[86.657s][info][gc          ] GC(201) Pause Young (Normal) (G1 Evacuation Pause) 802M->764M(978M) 22.422ms
[86.657s][info][gc,cpu      ] GC(201) User=0.05s Sys=0.00s Real=0.02s
[86.928s][info][gc,start    ] GC(202) Pause Young (Normal) (G1 Evacuation Pause)
[86.928s][info][gc,task     ] GC(202) Using 2 workers of 2 for evacuation
[86.952s][info][gc,phases   ] GC(202)   Pre Evacuate Collection Set: 0.27ms
[86.952s][info][gc,phases   ] GC(202)   Merge Heap Roots: 0.46ms
[86.952s][info][gc,phases   ] GC(202)   Evacuate Collection Set: 22.69ms
[86.952s][info][gc,phases   ] GC(202)   Post Evacuate Collection Set: 0.49ms
[86.952s][info][gc,phases   ] GC(202)   Other: 0.11ms
[86.952s][info][gc,heap     ] GC(202) Eden regions: 134->0(140)
[86.952s][info][gc,heap     ] GC(202) Survivor regions: 1->7(17)
[86.952s][info][gc,heap     ] GC(202) Old regions: 758->758
[86.952s][info][gc,heap     ] GC(202) Humongous regions: 6->6
[86.952s][info][gc,metaspace] GC(202) Metaspace: 18153K(18368K)->18153K(18368K) NonClass: 15488K(15616K)->15488K(15616K) Class: 2664K(2752K)->2664K(2752K)
[86.952s][info][gc          ] GC(202) Pause Young (Normal) (G1 Evacuation Pause) 898M->770M(978M) 24.236ms
[86.952s][info][gc,cpu      ] GC(202) User=0.05s Sys=0.00s Real=0.03s
[87.289s][info][gc,start    ] GC(203) Pause Young (Normal) (G1 Evacuation Pause)
[87.289s][info][gc,task     ] GC(203) Using 2 workers of 2 for evacuation
[87.358s][info][gc,phases   ] GC(203)   Pre Evacuate Collection Set: 0.49ms
[87.358s][info][gc,phases   ] GC(203)   Merge Heap Roots: 0.96ms
[87.358s][info][gc,phases   ] GC(203)   Evacuate Collection Set: 66.63ms
[87.358s][info][gc,phases   ] GC(203)   Post Evacuate Collection Set: 0.49ms
[87.358s][info][gc,phases   ] GC(203)   Other: 0.07ms
[87.358s][info][gc,heap     ] GC(203) Eden regions: 140->0(105)
[87.358s][info][gc,heap     ] GC(203) Survivor regions: 7->19(19)
[87.358s][info][gc,heap     ] GC(203) Old regions: 758->776
[87.358s][info][gc,heap     ] GC(203) Humongous regions: 9->9
[87.358s][info][gc,metaspace] GC(203) Metaspace: 18153K(18368K)->18153K(18368K) NonClass: 15488K(15616K)->15488K(15616K) Class: 2664K(2752K)->2664K(2752K)
[87.358s][info][gc          ] GC(203) Pause Young (Normal) (G1 Evacuation Pause) 913M->803M(978M) 68.877ms
[87.358s][info][gc,cpu      ] GC(203) User=0.14s Sys=0.00s Real=0.07s
[87.498s][info][gc,marking  ] GC(192) Concurrent Rebuild Remembered Sets and Scrub Regions 865.679ms
[87.498s][info][gc,start    ] GC(192) Pause Cleanup
[87.498s][info][gc          ] GC(192) Pause Cleanup 901M->901M(978M) 0.177ms
[87.498s][info][gc,cpu      ] GC(192) User=0.00s Sys=0.00s Real=0.00s
[87.499s][info][gc,marking  ] GC(192) Concurrent Clear Claimed Marks
[87.499s][info][gc,marking  ] GC(192) Concurrent Clear Claimed Marks 0.040ms
[87.499s][info][gc,marking  ] GC(192) Concurrent Cleanup for Next Mark
[87.505s][info][gc,marking  ] GC(192) Concurrent Cleanup for Next Mark 5.889ms
[87.505s][info][gc          ] GC(192) Concurrent Mark Cycle 2599.572ms
[87.507s][info][gc,start    ] GC(204) Pause Young (Prepare Mixed) (G1 Evacuation Pause)
[87.507s][info][gc,task     ] GC(204) Using 2 workers of 2 for evacuation
[87.543s][info][gc,phases   ] GC(204)   Pre Evacuate Collection Set: 0.29ms
[87.543s][info][gc,phases   ] GC(204)   Merge Heap Roots: 0.37ms
[87.543s][info][gc,phases   ] GC(204)   Evacuate Collection Set: 35.36ms
[87.543s][info][gc,phases   ] GC(204)   Post Evacuate Collection Set: 0.33ms
[87.543s][info][gc,phases   ] GC(204)   Other: 0.08ms
[87.543s][info][gc,heap     ] GC(204) Eden regions: 105->0(115)
[87.543s][info][gc,heap     ] GC(204) Survivor regions: 19->4(16)
[87.543s][info][gc,heap     ] GC(204) Old regions: 776->795
[87.543s][info][gc,heap     ] GC(204) Humongous regions: 9->9
[87.543s][info][gc,metaspace] GC(204) Metaspace: 18165K(18368K)->18165K(18368K) NonClass: 15501K(15616K)->15501K(15616K) Class: 2664K(2752K)->2664K(2752K)
[87.543s][info][gc          ] GC(204) Pause Young (Prepare Mixed) (G1 Evacuation Pause) 908M->808M(978M) 36.567ms
[87.543s][info][gc,cpu      ] GC(204) User=0.08s Sys=0.00s Real=0.04s
[87.637s][info][gc,start    ] GC(205) Pause Young (Mixed) (G1 Evacuation Pause)
[87.637s][info][gc,task     ] GC(205) Using 2 workers of 2 for evacuation
[87.655s][info][gc,phases   ] GC(205)   Pre Evacuate Collection Set: 0.32ms
[87.655s][info][gc,phases   ] GC(205)   Merge Heap Roots: 0.23ms
[87.655s][info][gc,phases   ] GC(205)   Evacuate Collection Set: 16.59ms
[87.655s][info][gc,phases   ] GC(205)   Post Evacuate Collection Set: 0.44ms
[87.655s][info][gc,phases   ] GC(205)   Other: 0.07ms
[87.655s][info][gc,heap     ] GC(205) Eden regions: 115->0(196)
[87.655s][info][gc,heap     ] GC(205) Survivor regions: 4->11(15)
[87.655s][info][gc,heap     ] GC(205) Old regions: 795->698
[87.655s][info][gc,heap     ] GC(205) Humongous regions: 9->9
[87.655s][info][gc,metaspace] GC(205) Metaspace: 18165K(18368K)->18165K(18368K) NonClass: 15501K(15616K)->15501K(15616K) Class: 2664K(2752K)->2664K(2752K)
[87.655s][info][gc          ] GC(205) Pause Young (Mixed) (G1 Evacuation Pause) 923M->718M(978M) 17.889ms
[87.655s][info][gc,cpu      ] GC(205) User=0.04s Sys=0.00s Real=0.02s
[87.813s][info][gc,start    ] GC(206) Pause Young (Mixed) (G1 Evacuation Pause)
[87.813s][info][gc,task     ] GC(206) Using 2 workers of 2 for evacuation
[87.849s][info][gc,phases   ] GC(206)   Pre Evacuate Collection Set: 0.50ms
[87.849s][info][gc,phases   ] GC(206)   Merge Heap Roots: 0.20ms
[87.849s][info][gc,phases   ] GC(206)   Evacuate Collection Set: 35.15ms
[87.849s][info][gc,phases   ] GC(206)   Post Evacuate Collection Set: 0.43ms
[87.849s][info][gc,phases   ] GC(206)   Other: 0.07ms
[87.849s][info][gc,heap     ] GC(206) Eden regions: 196->0(166)
[87.849s][info][gc,heap     ] GC(206) Survivor regions: 11->26(26)
[87.849s][info][gc,heap     ] GC(206) Old regions: 698->701
[87.849s][info][gc,heap     ] GC(206) Humongous regions: 9->9
[87.849s][info][gc,metaspace] GC(206) Metaspace: 18165K(18368K)->18165K(18368K) NonClass: 15501K(15616K)->15501K(15616K) Class: 2664K(2752K)->2664K(2752K)
[87.850s][info][gc          ] GC(206) Pause Young (Mixed) (G1 Evacuation Pause) 914M->735M(978M) 36.528ms
[87.850s][info][gc,cpu      ] GC(206) User=0.07s Sys=0.00s Real=0.03s
[87.962s][info][gc,start    ] GC(207) Pause Young (Concurrent Start) (G1 Evacuation Pause)
[87.962s][info][gc,task     ] GC(207) Using 2 workers of 2 for evacuation
[88.024s][info][gc,phases   ] GC(207)   Pre Evacuate Collection Set: 0.32ms
[88.024s][info][gc,phases   ] GC(207)   Merge Heap Roots: 0.17ms
[88.024s][info][gc,phases   ] GC(207)   Evacuate Collection Set: 60.97ms
[88.024s][info][gc,phases   ] GC(207)   Post Evacuate Collection Set: 0.43ms
[88.024s][info][gc,phases   ] GC(207)   Other: 0.23ms
[88.024s][info][gc,heap     ] GC(207) Eden regions: 166->0(131)
[88.024s][info][gc,heap     ] GC(207) Survivor regions: 26->24(24)
[88.024s][info][gc,heap     ] GC(207) Old regions: 701->740
[88.024s][info][gc,heap     ] GC(207) Humongous regions: 9->9
[88.024s][info][gc,metaspace] GC(207) Metaspace: 18165K(18368K)->18165K(18368K) NonClass: 15501K(15616K)->15501K(15616K) Class: 2664K(2752K)->2664K(2752K)
[88.024s][info][gc          ] GC(207) Pause Young (Concurrent Start) (G1 Evacuation Pause) 901M->773M(978M) 62.327ms
[88.024s][info][gc          ] GC(208) Concurrent Mark Cycle
[88.024s][info][gc,marking  ] GC(208) Concurrent Scan Root Regions
[88.024s][info][gc,cpu      ] GC(207) User=0.12s Sys=0.00s Real=0.06s
[88.107s][info][gc,marking  ] GC(208) Concurrent Scan Root Regions 82.537ms
[88.107s][info][gc,marking  ] GC(208) Concurrent Mark
[88.107s][info][gc,marking  ] GC(208) Concurrent Mark From Roots
[88.107s][info][gc,task     ] GC(208) Using 1 workers of 1 for marking
[88.263s][info][gc,start    ] GC(209) Pause Young (Normal) (G1 Evacuation Pause)
[88.263s][info][gc,task     ] GC(209) Using 2 workers of 2 for evacuation
[88.301s][info][gc,phases   ] GC(209)   Pre Evacuate Collection Set: 0.49ms
[88.301s][info][gc,phases   ] GC(209)   Merge Heap Roots: 0.24ms
[88.301s][info][gc,phases   ] GC(209)   Evacuate Collection Set: 37.42ms
[88.302s][info][gc,phases   ] GC(209)   Post Evacuate Collection Set: 0.47ms
[88.302s][info][gc,phases   ] GC(209)   Other: 0.09ms
[88.302s][info][gc,heap     ] GC(209) Eden regions: 131->0(129)
[88.302s][info][gc,heap     ] GC(209) Survivor regions: 24->12(20)
[88.302s][info][gc,heap     ] GC(209) Old regions: 740->765
[88.302s][info][gc,heap     ] GC(209) Humongous regions: 10->10
[88.302s][info][gc,metaspace] GC(209) Metaspace: 18165K(18368K)->18165K(18368K) NonClass: 15501K(15616K)->15501K(15616K) Class: 2664K(2752K)->2664K(2752K)
[88.302s][info][gc          ] GC(209) Pause Young (Normal) (G1 Evacuation Pause) 905M->786M(978M) 38.918ms
[88.302s][info][gc,cpu      ] GC(209) User=0.07s Sys=0.01s Real=0.04s
[88.447s][info][gc,start    ] GC(210) Pause Young (Normal) (G1 Evacuation Pause)
[88.447s][info][gc,task     ] GC(210) Using 2 workers of 2 for evacuation
[88.476s][info][gc,phases   ] GC(210)   Pre Evacuate Collection Set: 0.29ms
[88.476s][info][gc,phases   ] GC(210)   Merge Heap Roots: 0.29ms
[88.476s][info][gc,phases   ] GC(210)   Evacuate Collection Set: 28.23ms
[88.476s][info][gc,phases   ] GC(210)   Post Evacuate Collection Set: 0.32ms
[88.476s][info][gc,phases   ] GC(210)   Other: 0.09ms
[88.476s][info][gc,heap     ] GC(210) Eden regions: 129->0(128)
[88.476s][info][gc,heap     ] GC(210) Survivor regions: 12->7(18)
[88.476s][info][gc,heap     ] GC(210) Old regions: 765->776
[88.476s][info][gc,heap     ] GC(210) Humongous regions: 10->10
[88.476s][info][gc,metaspace] GC(210) Metaspace: 18165K(18368K)->18165K(18368K) NonClass: 15501K(15616K)->15501K(15616K) Class: 2664K(2752K)->2664K(2752K)
[88.476s][info][gc          ] GC(210) Pause Young (Normal) (G1 Evacuation Pause) 915M->793M(978M) 29.415ms
[88.476s][info][gc,cpu      ] GC(210) User=0.05s Sys=0.00s Real=0.03s
[88.586s][info][gc,start    ] GC(211) Pause Young (Normal) (G1 Evacuation Pause)
[88.586s][info][gc,task     ] GC(211) Using 2 workers of 2 for evacuation
[88.599s][info][gc,phases   ] GC(211)   Pre Evacuate Collection Set: 0.29ms
[88.599s][info][gc,phases   ] GC(211)   Merge Heap Roots: 0.16ms
[88.599s][info][gc,phases   ] GC(211)   Evacuate Collection Set: 11.78ms
[88.599s][info][gc,phases   ] GC(211)   Post Evacuate Collection Set: 0.33ms
[88.599s][info][gc,phases   ] GC(211)   Other: 0.09ms
[88.599s][info][gc,heap     ] GC(211) Eden regions: 128->0(122)
[88.599s][info][gc,heap     ] GC(211) Survivor regions: 7->10(17)
[88.599s][info][gc,heap     ] GC(211) Old regions: 776->776
[88.599s][info][gc,heap     ] GC(211) Humongous regions: 10->10
[88.599s][info][gc,metaspace] GC(211) Metaspace: 18165K(18368K)->18165K(18368K) NonClass: 15501K(15616K)->15501K(15616K) Class: 2664K(2752K)->2664K(2752K)
[88.599s][info][gc          ] GC(211) Pause Young (Normal) (G1 Evacuation Pause) 921M->795M(978M) 12.861ms
[88.599s][info][gc,cpu      ] GC(211) User=0.02s Sys=0.00s Real=0.01s
[88.903s][info][gc,marking  ] GC(208) Concurrent Mark From Roots 796.032ms
[88.903s][info][gc,marking  ] GC(208) Concurrent Preclean
[88.903s][info][gc,marking  ] GC(208) Concurrent Preclean 0.029ms
[88.903s][info][gc,start    ] GC(208) Pause Remark
[88.911s][info][gc          ] GC(208) Pause Remark 910M->601M(978M) 7.514ms
[88.911s][info][gc,cpu      ] GC(208) User=0.02s Sys=0.00s Real=0.01s
[88.917s][info][gc,marking  ] GC(208) Concurrent Mark 809.939ms
[88.917s][info][gc,marking  ] GC(208) Concurrent Rebuild Remembered Sets and Scrub Regions
[88.964s][info][gc,start    ] GC(212) Pause Young (Normal) (G1 Evacuation Pause)
[88.964s][info][gc,task     ] GC(212) Using 2 workers of 2 for evacuation
[88.978s][info][gc,phases   ] GC(212)   Pre Evacuate Collection Set: 0.46ms
[88.978s][info][gc,phases   ] GC(212)   Merge Heap Roots: 0.18ms
[88.978s][info][gc,phases   ] GC(212)   Evacuate Collection Set: 12.82ms
[88.978s][info][gc,phases   ] GC(212)   Post Evacuate Collection Set: 0.34ms
[88.978s][info][gc,phases   ] GC(212)   Other: 0.07ms
[88.978s][info][gc,heap     ] GC(212) Eden regions: 122->0(374)
[88.978s][info][gc,heap     ] GC(212) Survivor regions: 10->5(17)
[88.978s][info][gc,heap     ] GC(212) Old regions: 473->480
[88.978s][info][gc,heap     ] GC(212) Humongous regions: 4->4
[88.978s][info][gc,metaspace] GC(212) Metaspace: 18165K(18368K)->18165K(18368K) NonClass: 15501K(15616K)->15501K(15616K) Class: 2664K(2752K)->2664K(2752K)
[88.978s][info][gc          ] GC(212) Pause Young (Normal) (G1 Evacuation Pause) 608M->488M(978M) 14.053ms
[88.978s][info][gc,cpu      ] GC(212) User=0.03s Sys=0.00s Real=0.01s
[89.283s][info][gc,marking  ] GC(208) Concurrent Rebuild Remembered Sets and Scrub Regions 365.773ms
[89.283s][info][gc,start    ] GC(208) Pause Cleanup
[89.283s][info][gc          ] GC(208) Pause Cleanup 553M->553M(978M) 0.194ms
[89.283s][info][gc,cpu      ] GC(208) User=0.00s Sys=0.00s Real=0.00s
[89.283s][info][gc,marking  ] GC(208) Concurrent Clear Claimed Marks
[89.283s][info][gc,marking  ] GC(208) Concurrent Clear Claimed Marks 0.037ms
[89.283s][info][gc,marking  ] GC(208) Concurrent Cleanup for Next Mark
[89.289s][info][gc,marking  ] GC(208) Concurrent Cleanup for Next Mark 5.811ms
[89.289s][info][gc          ] GC(208) Concurrent Mark Cycle 1264.705ms
[89.773s][info][gc,start    ] GC(213) Pause Young (Prepare Mixed) (G1 Evacuation Pause)
[89.773s][info][gc,task     ] GC(213) Using 2 workers of 2 for evacuation
[89.864s][info][gc,phases   ] GC(213)   Pre Evacuate Collection Set: 0.30ms
[89.864s][info][gc,phases   ] GC(213)   Merge Heap Roots: 0.27ms
[89.864s][info][gc,phases   ] GC(213)   Evacuate Collection Set: 89.64ms
[89.864s][info][gc,phases   ] GC(213)   Post Evacuate Collection Set: 0.64ms
[89.864s][info][gc,phases   ] GC(213)   Other: 0.09ms
[89.864s][info][gc,heap     ] GC(213) Eden regions: 374->0(96)
[89.864s][info][gc,heap     ] GC(213) Survivor regions: 5->48(48)
[89.864s][info][gc,heap     ] GC(213) Old regions: 480->513
[89.864s][info][gc,heap     ] GC(213) Humongous regions: 5->5
[89.864s][info][gc,metaspace] GC(213) Metaspace: 18165K(18368K)->18165K(18368K) NonClass: 15501K(15616K)->15501K(15616K) Class: 2664K(2752K)->2664K(2752K)
[89.864s][info][gc          ] GC(213) Pause Young (Prepare Mixed) (G1 Evacuation Pause) 863M->565M(978M) 91.200ms
[89.864s][info][gc,cpu      ] GC(213) User=0.18s Sys=0.00s Real=0.09s
[89.938s][info][gc,start    ] GC(214) Pause Young (Mixed) (G1 Evacuation Pause)
[89.938s][info][gc,task     ] GC(214) Using 2 workers of 2 for evacuation
[89.988s][info][gc,phases   ] GC(214)   Pre Evacuate Collection Set: 0.48ms
[89.988s][info][gc,phases   ] GC(214)   Merge Heap Roots: 0.26ms
[89.988s][info][gc,phases   ] GC(214)   Evacuate Collection Set: 48.22ms
[89.988s][info][gc,phases   ] GC(214)   Merge Optional Heap Roots: 0.04ms
[89.988s][info][gc,phases   ] GC(214)   Evacuate Optional Collection Set: 0.12ms
[89.988s][info][gc,phases   ] GC(214)   Post Evacuate Collection Set: 0.49ms
[89.988s][info][gc,phases   ] GC(214)   Other: 0.09ms
[89.988s][info][gc,heap     ] GC(214) Eden regions: 95->0(340)
[89.988s][info][gc,heap     ] GC(214) Survivor regions: 48->4(18)
[89.988s][info][gc,heap     ] GC(214) Old regions: 513->485
[89.988s][info][gc,heap     ] GC(214) Humongous regions: 5->5
[89.988s][info][gc,metaspace] GC(214) Metaspace: 18165K(18368K)->18165K(18368K) NonClass: 15501K(15616K)->15501K(15616K) Class: 2664K(2752K)->2664K(2752K)
[89.988s][info][gc          ] GC(214) Pause Young (Mixed) (G1 Evacuation Pause) 660M->493M(978M) 49.953ms
[89.988s][info][gc,cpu      ] GC(214) User=0.10s Sys=0.00s Real=0.05s
[90.523s][info][gc,start    ] GC(215) Pause Young (Mixed) (G1 Evacuation Pause)
[90.523s][info][gc,task     ] GC(215) Using 2 workers of 2 for evacuation
[90.538s][info][gc,phases   ] GC(215)   Pre Evacuate Collection Set: 0.54ms
[90.538s][info][gc,phases   ] GC(215)   Merge Heap Roots: 0.42ms
[90.538s][info][gc,phases   ] GC(215)   Evacuate Collection Set: 13.36ms
[90.538s][info][gc,phases   ] GC(215)   Post Evacuate Collection Set: 0.61ms
[90.538s][info][gc,phases   ] GC(215)   Other: 0.09ms
[90.539s][info][gc,heap     ] GC(215) Eden regions: 340->0(420)
[90.539s][info][gc,heap     ] GC(215) Survivor regions: 4->6(43)
[90.539s][info][gc,heap     ] GC(215) Old regions: 485->412
[90.539s][info][gc,heap     ] GC(215) Humongous regions: 5->5
[90.539s][info][gc,metaspace] GC(215) Metaspace: 18166K(18368K)->18166K(18368K) NonClass: 15502K(15616K)->15502K(15616K) Class: 2664K(2752K)->2664K(2752K)
[90.539s][info][gc          ] GC(215) Pause Young (Mixed) (G1 Evacuation Pause) 833M->422M(978M) 15.236ms
[90.539s][info][gc,cpu      ] GC(215) User=0.03s Sys=0.00s Real=0.01s
[90.845s][info][gc,start    ] GC(216) Pause Young (Concurrent Start) (G1 Humongous Allocation)
[90.845s][info][gc,task     ] GC(216) Using 2 workers of 2 for evacuation
[90.929s][info][gc,phases   ] GC(216)   Pre Evacuate Collection Set: 0.31ms
[90.929s][info][gc,phases   ] GC(216)   Merge Heap Roots: 0.19ms
[90.929s][info][gc,phases   ] GC(216)   Evacuate Collection Set: 82.50ms
[90.929s][info][gc,phases   ] GC(216)   Post Evacuate Collection Set: 0.51ms
[90.929s][info][gc,phases   ] GC(216)   Other: 0.09ms
[90.929s][info][gc,heap     ] GC(216) Eden regions: 180->0(330)
[90.929s][info][gc,heap     ] GC(216) Survivor regions: 6->54(54)
[90.929s][info][gc,heap     ] GC(216) Old regions: 412->436
[90.929s][info][gc,heap     ] GC(216) Humongous regions: 5->5
[90.929s][info][gc,metaspace] GC(216) Metaspace: 18166K(18368K)->18166K(18368K) NonClass: 15502K(15616K)->15502K(15616K) Class: 2664K(2752K)->2664K(2752K)
[90.929s][info][gc          ] GC(216) Pause Young (Concurrent Start) (G1 Humongous Allocation) 602M->494M(978M) 83.836ms
[90.929s][info][gc,cpu      ] GC(216) User=0.16s Sys=0.00s Real=0.08s
[90.929s][info][gc          ] GC(217) Concurrent Mark Cycle
[90.931s][info][gc,marking  ] GC(217) Concurrent Scan Root Regions
[91.034s][info][gc,marking  ] GC(217) Concurrent Scan Root Regions 103.099ms
[91.034s][info][gc,marking  ] GC(217) Concurrent Mark
[91.034s][info][gc,marking  ] GC(217) Concurrent Mark From Roots
[91.034s][info][gc,task     ] GC(217) Using 1 workers of 1 for marking
[91.476s][info][gc,start    ] GC(218) Pause Young (Normal) (G1 Evacuation Pause)
[91.476s][info][gc,task     ] GC(218) Using 2 workers of 2 for evacuation
[91.619s][info][gc,phases   ] GC(218)   Pre Evacuate Collection Set: 0.49ms
[91.619s][info][gc,phases   ] GC(218)   Merge Heap Roots: 0.42ms
[91.619s][info][gc,phases   ] GC(218)   Evacuate Collection Set: 140.94ms
[91.619s][info][gc,phases   ] GC(218)   Post Evacuate Collection Set: 0.54ms
[91.619s][info][gc,phases   ] GC(218)   Other: 0.08ms
[91.619s][info][gc,heap     ] GC(218) Eden regions: 330->0(225)
[91.619s][info][gc,heap     ] GC(218) Survivor regions: 54->48(48)
[91.619s][info][gc,heap     ] GC(218) Old regions: 436->532
[91.619s][info][gc,heap     ] GC(218) Humongous regions: 6->6
[91.619s][info][gc,metaspace] GC(218) Metaspace: 18169K(18368K)->18169K(18368K) NonClass: 15504K(15616K)->15504K(15616K) Class: 2664K(2752K)->2664K(2752K)
[91.619s][info][gc          ] GC(218) Pause Young (Normal) (G1 Evacuation Pause) 825M->586M(978M) 142.717ms
[91.619s][info][gc,cpu      ] GC(218) User=0.28s Sys=0.00s Real=0.14s
[91.935s][info][gc,marking  ] GC(217) Concurrent Mark From Roots 900.508ms
[91.935s][info][gc,marking  ] GC(217) Concurrent Preclean
[91.935s][info][gc,marking  ] GC(217) Concurrent Preclean 0.023ms
[91.935s][info][gc,start    ] GC(217) Pause Remark
[91.942s][info][gc          ] GC(217) Pause Remark 657M->588M(978M) 7.249ms
[91.942s][info][gc,cpu      ] GC(217) User=0.01s Sys=0.00s Real=0.01s
[91.942s][info][gc,marking  ] GC(217) Concurrent Mark 908.044ms
[91.942s][info][gc,marking  ] GC(217) Concurrent Rebuild Remembered Sets and Scrub Regions
[92.224s][info][gc,start    ] GC(219) Pause Young (Normal) (G1 Evacuation Pause)
[92.225s][info][gc,task     ] GC(219) Using 2 workers of 2 for evacuation
[92.288s][info][gc,phases   ] GC(219)   Pre Evacuate Collection Set: 0.28ms
[92.288s][info][gc,phases   ] GC(219)   Merge Heap Roots: 0.23ms
[92.288s][info][gc,phases   ] GC(219)   Evacuate Collection Set: 62.02ms
[92.288s][info][gc,phases   ] GC(219)   Post Evacuate Collection Set: 0.73ms
[92.288s][info][gc,phases   ] GC(219)   Other: 0.10ms
[92.288s][info][gc,heap     ] GC(219) Eden regions: 225->0(286)
[92.288s][info][gc,heap     ] GC(219) Survivor regions: 48->15(35)
[92.288s][info][gc,heap     ] GC(219) Old regions: 465->514
[92.288s][info][gc,heap     ] GC(219) Humongous regions: 4->4
[92.288s][info][gc,metaspace] GC(219) Metaspace: 18170K(18368K)->18170K(18368K) NonClass: 15506K(15616K)->15506K(15616K) Class: 2664K(2752K)->2664K(2752K)
[92.288s][info][gc          ] GC(219) Pause Young (Normal) (G1 Evacuation Pause) 742M->532M(978M) 63.601ms
[92.288s][info][gc,cpu      ] GC(219) User=0.13s Sys=0.00s Real=0.06s
[92.451s][info][gc,marking  ] GC(217) Concurrent Rebuild Remembered Sets and Scrub Regions 508.719ms
[92.451s][info][gc,start    ] GC(217) Pause Cleanup
[92.451s][info][gc          ] GC(217) Pause Cleanup 634M->634M(978M) 0.157ms
[92.451s][info][gc,cpu      ] GC(217) User=0.00s Sys=0.00s Real=0.00s
[92.451s][info][gc,marking  ] GC(217) Concurrent Clear Claimed Marks
[92.451s][info][gc,marking  ] GC(217) Concurrent Clear Claimed Marks 0.035ms
[92.451s][info][gc,marking  ] GC(217) Concurrent Cleanup for Next Mark
[92.458s][info][gc,marking  ] GC(217) Concurrent Cleanup for Next Mark 6.452ms
[92.458s][info][gc          ] GC(217) Concurrent Mark Cycle 1529.063ms
[92.624s][info][gc,start    ] GC(220) Pause Young (Prepare Mixed) (G1 Evacuation Pause)
[92.624s][info][gc,task     ] GC(220) Using 2 workers of 2 for evacuation
[92.800s][info][gc,phases   ] GC(220)   Pre Evacuate Collection Set: 0.45ms
[92.800s][info][gc,phases   ] GC(220)   Merge Heap Roots: 0.55ms
[92.800s][info][gc,phases   ] GC(220)   Evacuate Collection Set: 173.04ms
[92.800s][info][gc,phases   ] GC(220)   Post Evacuate Collection Set: 1.80ms
[92.800s][info][gc,phases   ] GC(220)   Other: 0.10ms
[92.800s][info][gc,heap     ] GC(220) Eden regions: 286->0(102)
[92.800s][info][gc,heap     ] GC(220) Survivor regions: 15->38(38)
[92.800s][info][gc,heap     ] GC(220) Old regions: 514->602
[92.800s][info][gc,heap     ] GC(220) Humongous regions: 4->4
[92.800s][info][gc,metaspace] GC(220) Metaspace: 18171K(18368K)->18171K(18368K) NonClass: 15507K(15616K)->15507K(15616K) Class: 2664K(2752K)->2664K(2752K)
[92.800s][info][gc          ] GC(220) Pause Young (Prepare Mixed) (G1 Evacuation Pause) 818M->644M(978M) 176.197ms
[92.800s][info][gc,cpu      ] GC(220) User=0.35s Sys=0.00s Real=0.17s
[92.840s][info][gc,start    ] GC(221) Pause Young (Mixed) (G1 Evacuation Pause)
[92.840s][info][gc,task     ] GC(221) Using 2 workers of 2 for evacuation
[92.933s][info][gc,phases   ] GC(221)   Pre Evacuate Collection Set: 0.28ms
[92.933s][info][gc,phases   ] GC(221)   Merge Heap Roots: 1.02ms
[92.933s][info][gc,phases   ] GC(221)   Evacuate Collection Set: 89.24ms
[92.933s][info][gc,phases   ] GC(221)   Merge Optional Heap Roots: 0.05ms
[92.933s][info][gc,phases   ] GC(221)   Evacuate Optional Collection Set: 0.68ms
[92.933s][info][gc,phases   ] GC(221)   Post Evacuate Collection Set: 0.88ms
[92.933s][info][gc,phases   ] GC(221)   Other: 0.09ms
[92.933s][info][gc,heap     ] GC(221) Eden regions: 18->0(142)
[92.933s][info][gc,heap     ] GC(221) Survivor regions: 38->7(7)
[92.933s][info][gc,heap     ] GC(221) Old regions: 602->594
[92.933s][info][gc,heap     ] GC(221) Humongous regions: 4->4
[92.933s][info][gc,metaspace] GC(221) Metaspace: 18171K(18368K)->18171K(18368K) NonClass: 15507K(15616K)->15507K(15616K) Class: 2664K(2752K)->2664K(2752K)
[92.933s][info][gc          ] GC(221) Pause Young (Mixed) (G1 Evacuation Pause) 662M->604M(978M) 92.452ms
[92.933s][info][gc,cpu      ] GC(221) User=0.18s Sys=0.00s Real=0.10s
[93.132s][info][gc,start    ] GC(222) Pause Young (Mixed) (G1 Evacuation Pause)
[93.132s][info][gc,task     ] GC(222) Using 2 workers of 2 for evacuation
[93.252s][info][gc,phases   ] GC(222)   Pre Evacuate Collection Set: 0.47ms
[93.252s][info][gc,phases   ] GC(222)   Merge Heap Roots: 1.01ms
[93.252s][info][gc,phases   ] GC(222)   Evacuate Collection Set: 112.94ms
[93.252s][info][gc,phases   ] GC(222)   Merge Optional Heap Roots: 0.12ms
[93.252s][info][gc,phases   ] GC(222)   Evacuate Optional Collection Set: 3.55ms
[93.252s][info][gc,phases   ] GC(222)   Post Evacuate Collection Set: 1.75ms
[93.252s][info][gc,phases   ] GC(222)   Other: 0.11ms
[93.252s][info][gc,heap     ] GC(222) Eden regions: 153->0(113)
[93.252s][info][gc,heap     ] GC(222) Survivor regions: 7->20(20)
[93.252s][info][gc,heap     ] GC(222) Old regions: 594->619
[93.252s][info][gc,heap     ] GC(222) Humongous regions: 4->4
[93.252s][info][gc,metaspace] GC(222) Metaspace: 18176K(18368K)->18176K(18368K) NonClass: 15512K(15616K)->15512K(15616K) Class: 2664K(2752K)->2664K(2752K)
[93.252s][info][gc          ] GC(222) Pause Young (Mixed) (G1 Evacuation Pause) 757M->642M(978M) 120.211ms
[93.252s][info][gc,cpu      ] GC(222) User=0.24s Sys=0.00s Real=0.12s
[93.437s][info][gc,start    ] GC(223) Pause Young (Mixed) (G1 Evacuation Pause)
[93.437s][info][gc,task     ] GC(223) Using 2 workers of 2 for evacuation
[93.500s][info][gc,phases   ] GC(223)   Pre Evacuate Collection Set: 0.47ms
[93.500s][info][gc,phases   ] GC(223)   Merge Heap Roots: 0.96ms
[93.500s][info][gc,phases   ] GC(223)   Evacuate Collection Set: 60.90ms
[93.500s][info][gc,phases   ] GC(223)   Post Evacuate Collection Set: 0.60ms
[93.500s][info][gc,phases   ] GC(223)   Other: 0.08ms
[93.500s][info][gc,heap     ] GC(223) Eden regions: 120->0(40)
[93.500s][info][gc,heap     ] GC(223) Survivor regions: 20->8(18)
[93.500s][info][gc,heap     ] GC(223) Old regions: 619->630
[93.500s][info][gc,heap     ] GC(223) Humongous regions: 4->4
[93.500s][info][gc,metaspace] GC(223) Metaspace: 18176K(18368K)->18176K(18368K) NonClass: 15512K(15616K)->15512K(15616K) Class: 2664K(2752K)->2664K(2752K)
[93.500s][info][gc          ] GC(223) Pause Young (Mixed) (G1 Evacuation Pause) 762M->641M(978M) 63.217ms
[93.500s][info][gc,cpu      ] GC(223) User=0.12s Sys=0.00s Real=0.06s
[93.535s][info][gc,start    ] GC(224) Pause Young (Mixed) (G1 Evacuation Pause)
[93.535s][info][gc,task     ] GC(224) Using 2 workers of 2 for evacuation
[93.724s][info][gc,phases   ] GC(224)   Pre Evacuate Collection Set: 0.43ms
[93.724s][info][gc,phases   ] GC(224)   Merge Heap Roots: 1.77ms
[93.724s][info][gc,phases   ] GC(224)   Evacuate Collection Set: 185.36ms
[93.724s][info][gc,phases   ] GC(224)   Post Evacuate Collection Set: 1.39ms
[93.724s][info][gc,phases   ] GC(224)   Other: 0.09ms
[93.724s][info][gc,heap     ] GC(224) Eden regions: 40->0(189)
[93.724s][info][gc,heap     ] GC(224) Survivor regions: 8->2(6)
[93.724s][info][gc,heap     ] GC(224) Old regions: 630->631
[93.724s][info][gc,heap     ] GC(224) Humongous regions: 4->4
[93.724s][info][gc,metaspace] GC(224) Metaspace: 18176K(18368K)->18176K(18368K) NonClass: 15512K(15616K)->15512K(15616K) Class: 2664K(2752K)->2664K(2752K)
[93.724s][info][gc          ] GC(224) Pause Young (Mixed) (G1 Evacuation Pause) 681M->636M(978M) 189.281ms
[93.724s][info][gc,cpu      ] GC(224) User=0.37s Sys=0.00s Real=0.19s
[93.777s][info][gc,start    ] GC(225) Pause Young (Concurrent Start) (G1 Humongous Allocation)
[93.777s][info][gc,task     ] GC(225) Using 2 workers of 2 for evacuation
[93.795s][info][gc,phases   ] GC(225)   Pre Evacuate Collection Set: 0.32ms
[93.795s][info][gc,phases   ] GC(225)   Merge Heap Roots: 0.24ms
[93.795s][info][gc,phases   ] GC(225)   Evacuate Collection Set: 16.96ms
[93.795s][info][gc,phases   ] GC(225)   Post Evacuate Collection Set: 0.35ms
[93.795s][info][gc,phases   ] GC(225)   Other: 0.18ms
[93.795s][info][gc,heap     ] GC(225) Eden regions: 43->0(202)
[93.795s][info][gc,heap     ] GC(225) Survivor regions: 2->7(24)
[93.795s][info][gc,heap     ] GC(225) Old regions: 631->631
[93.795s][info][gc,heap     ] GC(225) Humongous regions: 4->4
[93.795s][info][gc,metaspace] GC(225) Metaspace: 18177K(18368K)->18177K(18368K) NonClass: 15513K(15616K)->15513K(15616K) Class: 2664K(2752K)->2664K(2752K)
[93.795s][info][gc          ] GC(225) Pause Young (Concurrent Start) (G1 Humongous Allocation) 679M->642M(978M) 18.254ms
[93.795s][info][gc          ] GC(226) Concurrent Mark Cycle
[93.795s][info][gc,marking  ] GC(226) Concurrent Scan Root Regions
[93.795s][info][gc,cpu      ] GC(225) User=0.03s Sys=0.00s Real=0.02s
[93.827s][info][gc,marking  ] GC(226) Concurrent Scan Root Regions 32.047ms
[93.827s][info][gc,marking  ] GC(226) Concurrent Mark
[93.827s][info][gc,marking  ] GC(226) Concurrent Mark From Roots
[93.827s][info][gc,task     ] GC(226) Using 1 workers of 1 for marking
[94.153s][info][gc,start    ] GC(227) Pause Young (Normal) (G1 Evacuation Pause)
[94.153s][info][gc,task     ] GC(227) Using 2 workers of 2 for evacuation
[94.234s][info][gc,phases   ] GC(227)   Pre Evacuate Collection Set: 0.29ms
[94.234s][info][gc,phases   ] GC(227)   Merge Heap Roots: 0.47ms
[94.234s][info][gc,phases   ] GC(227)   Evacuate Collection Set: 79.76ms
[94.234s][info][gc,phases   ] GC(227)   Post Evacuate Collection Set: 0.63ms
[94.234s][info][gc,phases   ] GC(227)   Other: 0.10ms
[94.234s][info][gc,heap     ] GC(227) Eden regions: 202->0(169)
[94.234s][info][gc,heap     ] GC(227) Survivor regions: 7->27(27)
[94.234s][info][gc,heap     ] GC(227) Old regions: 631->655
[94.234s][info][gc,heap     ] GC(227) Humongous regions: 10->10
[94.234s][info][gc,metaspace] GC(227) Metaspace: 18177K(18368K)->18177K(18368K) NonClass: 15513K(15616K)->15513K(15616K) Class: 2664K(2752K)->2664K(2752K)
[94.234s][info][gc          ] GC(227) Pause Young (Normal) (G1 Evacuation Pause) 850M->691M(978M) 81.472ms
[94.234s][info][gc,cpu      ] GC(227) User=0.16s Sys=0.00s Real=0.08s
[94.445s][info][gc,start    ] GC(228) Pause Young (Normal) (G1 Evacuation Pause)
[94.445s][info][gc,task     ] GC(228) Using 2 workers of 2 for evacuation
[94.533s][info][gc,phases   ] GC(228)   Pre Evacuate Collection Set: 0.29ms
[94.533s][info][gc,phases   ] GC(228)   Merge Heap Roots: 0.50ms
[94.533s][info][gc,phases   ] GC(228)   Evacuate Collection Set: 86.71ms
[94.533s][info][gc,phases   ] GC(228)   Post Evacuate Collection Set: 0.41ms
[94.533s][info][gc,phases   ] GC(228)   Other: 0.09ms
[94.533s][info][gc,heap     ] GC(228) Eden regions: 169->0(149)
[94.533s][info][gc,heap     ] GC(228) Survivor regions: 27->25(25)
[94.533s][info][gc,heap     ] GC(228) Old regions: 655->693
[94.533s][info][gc,heap     ] GC(228) Humongous regions: 10->10
[94.533s][info][gc,metaspace] GC(228) Metaspace: 18177K(18368K)->18177K(18368K) NonClass: 15513K(15616K)->15513K(15616K) Class: 2664K(2752K)->2664K(2752K)
[94.533s][info][gc          ] GC(228) Pause Young (Normal) (G1 Evacuation Pause) 860M->727M(978M) 88.226ms
[94.533s][info][gc,cpu      ] GC(228) User=0.17s Sys=0.00s Real=0.09s
[94.693s][info][gc,start    ] GC(229) Pause Young (Normal) (G1 Evacuation Pause)
[94.693s][info][gc,task     ] GC(229) Using 2 workers of 2 for evacuation
[94.733s][info][gc,phases   ] GC(229)   Pre Evacuate Collection Set: 0.27ms
[94.733s][info][gc,phases   ] GC(229)   Merge Heap Roots: 0.20ms
[94.733s][info][gc,phases   ] GC(229)   Evacuate Collection Set: 39.15ms
[94.733s][info][gc,phases   ] GC(229)   Post Evacuate Collection Set: 0.35ms
[94.733s][info][gc,phases   ] GC(229)   Other: 0.09ms
[94.733s][info][gc,heap     ] GC(229) Eden regions: 149->0(150)
[94.733s][info][gc,heap     ] GC(229) Survivor regions: 25->12(22)
[94.733s][info][gc,heap     ] GC(229) Old regions: 693->718
[94.733s][info][gc,heap     ] GC(229) Humongous regions: 10->10
[94.733s][info][gc,metaspace] GC(229) Metaspace: 18177K(18368K)->18177K(18368K) NonClass: 15513K(15616K)->15513K(15616K) Class: 2664K(2752K)->2664K(2752K)
[94.733s][info][gc          ] GC(229) Pause Young (Normal) (G1 Evacuation Pause) 876M->739M(978M) 40.267ms
[94.733s][info][gc,cpu      ] GC(229) User=0.08s Sys=0.00s Real=0.04s
[94.842s][info][gc,marking  ] GC(226) Concurrent Mark From Roots 1015.322ms
[94.842s][info][gc,marking  ] GC(226) Concurrent Preclean
[94.843s][info][gc,marking  ] GC(226) Concurrent Preclean 0.028ms
[94.843s][info][gc,start    ] GC(226) Pause Remark
[94.850s][info][gc          ] GC(226) Pause Remark 859M->569M(978M) 6.966ms
[94.850s][info][gc,cpu      ] GC(226) User=0.01s Sys=0.00s Real=0.00s
[94.850s][info][gc,marking  ] GC(226) Concurrent Mark 1022.600ms
[94.850s][info][gc,marking  ] GC(226) Concurrent Rebuild Remembered Sets and Scrub Regions
[94.881s][info][gc,start    ] GC(230) Pause Young (Normal) (G1 Evacuation Pause)
[94.881s][info][gc,task     ] GC(230) Using 2 workers of 2 for evacuation
[94.904s][info][gc,phases   ] GC(230)   Pre Evacuate Collection Set: 0.40ms
[94.904s][info][gc,phases   ] GC(230)   Merge Heap Roots: 0.26ms
[94.904s][info][gc,phases   ] GC(230)   Evacuate Collection Set: 21.41ms
[94.904s][info][gc,phases   ] GC(230)   Post Evacuate Collection Set: 0.32ms
[94.904s][info][gc,phases   ] GC(230)   Other: 0.08ms
[94.904s][info][gc,heap     ] GC(230) Eden regions: 150->0(378)
[94.904s][info][gc,heap     ] GC(230) Survivor regions: 12->2(21)
[94.904s][info][gc,heap     ] GC(230) Old regions: 431->443
[94.904s][info][gc,heap     ] GC(230) Humongous regions: 7->7
[94.904s][info][gc,metaspace] GC(230) Metaspace: 18177K(18368K)->18177K(18368K) NonClass: 15513K(15616K)->15513K(15616K) Class: 2664K(2752K)->2664K(2752K)
[94.904s][info][gc          ] GC(230) Pause Young (Normal) (G1 Evacuation Pause) 599M->451M(978M) 22.629ms
[94.904s][info][gc,cpu      ] GC(230) User=0.04s Sys=0.00s Real=0.02s
[95.176s][info][gc,marking  ] GC(226) Concurrent Rebuild Remembered Sets and Scrub Regions 326.719ms
[95.177s][info][gc,start    ] GC(226) Pause Cleanup
[95.177s][info][gc          ] GC(226) Pause Cleanup 685M->685M(978M) 0.120ms
[95.177s][info][gc,cpu      ] GC(226) User=0.00s Sys=0.00s Real=0.00s
[95.177s][info][gc,marking  ] GC(226) Concurrent Clear Claimed Marks
[95.177s][info][gc,marking  ] GC(226) Concurrent Clear Claimed Marks 0.031ms
[95.177s][info][gc,marking  ] GC(226) Concurrent Cleanup for Next Mark
[95.180s][info][gc,marking  ] GC(226) Concurrent Cleanup for Next Mark 2.891ms
[95.180s][info][gc          ] GC(226) Concurrent Mark Cycle 1384.786ms
[95.363s][info][gc,start    ] GC(231) Pause Young (Prepare Mixed) (G1 Evacuation Pause)
[95.363s][info][gc,task     ] GC(231) Using 2 workers of 2 for evacuation
[95.429s][info][gc,phases   ] GC(231)   Pre Evacuate Collection Set: 0.47ms
[95.429s][info][gc,phases   ] GC(231)   Merge Heap Roots: 0.47ms
[95.429s][info][gc,phases   ] GC(231)   Evacuate Collection Set: 63.51ms
[95.429s][info][gc,phases   ] GC(231)   Post Evacuate Collection Set: 0.81ms
[95.429s][info][gc,phases   ] GC(231)   Other: 0.09ms
[95.429s][info][gc,heap     ] GC(231) Eden regions: 378->0(60)
[95.429s][info][gc,heap     ] GC(231) Survivor regions: 2->30(48)
[95.429s][info][gc,heap     ] GC(231) Old regions: 443->443
[95.429s][info][gc,heap     ] GC(231) Humongous regions: 7->7
[95.429s][info][gc,metaspace] GC(231) Metaspace: 18187K(18368K)->18187K(18368K) NonClass: 15523K(15616K)->15523K(15616K) Class: 2664K(2752K)->2664K(2752K)
[95.429s][info][gc          ] GC(231) Pause Young (Prepare Mixed) (G1 Evacuation Pause) 829M->479M(978M) 65.583ms
[95.429s][info][gc,cpu      ] GC(231) User=0.13s Sys=0.00s Real=0.06s
[95.548s][info][gc,start    ] GC(232) Pause Young (Mixed) (G1 Evacuation Pause)
[95.548s][info][gc,task     ] GC(232) Using 2 workers of 2 for evacuation
[95.609s][info][gc,phases   ] GC(232)   Pre Evacuate Collection Set: 0.46ms
[95.609s][info][gc,phases   ] GC(232)   Merge Heap Roots: 0.42ms
[95.609s][info][gc,phases   ] GC(232)   Evacuate Collection Set: 58.92ms
[95.609s][info][gc,phases   ] GC(232)   Post Evacuate Collection Set: 0.38ms
[95.609s][info][gc,phases   ] GC(232)   Other: 0.08ms
[95.609s][info][gc,heap     ] GC(232) Eden regions: 108->0(159)
[95.609s][info][gc,heap     ] GC(232) Survivor regions: 30->18(18)
[95.609s][info][gc,heap     ] GC(232) Old regions: 443->468
[95.609s][info][gc,heap     ] GC(232) Humongous regions: 7->7
[95.609s][info][gc,metaspace] GC(232) Metaspace: 18188K(18368K)->18188K(18368K) NonClass: 15524K(15616K)->15524K(15616K) Class: 2664K(2752K)->2664K(2752K)
[95.609s][info][gc          ] GC(232) Pause Young (Mixed) (G1 Evacuation Pause) 587M->493M(978M) 60.494ms
[95.609s][info][gc,cpu      ] GC(232) User=0.12s Sys=0.00s Real=0.06s
[96.313s][info][gc,start    ] GC(233) Pause Young (Mixed) (G1 Evacuation Pause)
[96.313s][info][gc,task     ] GC(233) Using 2 workers of 2 for evacuation
[96.333s][info][gc,phases   ] GC(233)   Pre Evacuate Collection Set: 0.51ms
[96.333s][info][gc,phases   ] GC(233)   Merge Heap Roots: 0.18ms
[96.333s][info][gc,phases   ] GC(233)   Evacuate Collection Set: 18.88ms
[96.333s][info][gc,phases   ] GC(233)   Post Evacuate Collection Set: 0.41ms
[96.333s][info][gc,phases   ] GC(233)   Other: 0.10ms
[96.333s][info][gc,heap     ] GC(233) Eden regions: 217->0(372)
[96.333s][info][gc,heap     ] GC(233) Survivor regions: 18->1(30)
[96.333s][info][gc,heap     ] GC(233) Old regions: 468->481
[96.333s][info][gc,heap     ] GC(233) Humongous regions: 7->7
[96.333s][info][gc,metaspace] GC(233) Metaspace: 18206K(18432K)->18206K(18432K) NonClass: 15542K(15680K)->15542K(15680K) Class: 2664K(2752K)->2664K(2752K)
[96.333s][info][gc          ] GC(233) Pause Young (Mixed) (G1 Evacuation Pause) 710M->488M(978M) 20.257ms
[96.333s][info][gc,cpu      ] GC(233) User=0.04s Sys=0.00s Real=0.02s
[97.111s][info][gc,start    ] GC(234) Pause Young (Mixed) (G1 Evacuation Pause)
[97.111s][info][gc,task     ] GC(234) Using 2 workers of 2 for evacuation
[97.120s][info][gc,phases   ] GC(234)   Pre Evacuate Collection Set: 0.51ms
[97.120s][info][gc,phases   ] GC(234)   Merge Heap Roots: 0.33ms
[97.120s][info][gc,phases   ] GC(234)   Evacuate Collection Set: 7.60ms
[97.120s][info][gc,phases   ] GC(234)   Post Evacuate Collection Set: 0.55ms
[97.120s][info][gc,phases   ] GC(234)   Other: 0.11ms
[97.120s][info][gc,heap     ] GC(234) Eden regions: 372->0(421)
[97.120s][info][gc,heap     ] GC(234) Survivor regions: 1->1(47)
[97.120s][info][gc,heap     ] GC(234) Old regions: 481->448
[97.120s][info][gc,heap     ] GC(234) Humongous regions: 7->7
[97.120s][info][gc,metaspace] GC(234) Metaspace: 18209K(18432K)->18209K(18432K) NonClass: 15545K(15680K)->15545K(15680K) Class: 2664K(2752K)->2664K(2752K)
[97.120s][info][gc          ] GC(234) Pause Young (Mixed) (G1 Evacuation Pause) 860M->455M(978M) 9.297ms
[97.120s][info][gc,cpu      ] GC(234) User=0.01s Sys=0.00s Real=0.01s
[97.669s][info][gc,start    ] GC(235) Pause Young (Concurrent Start) (G1 Evacuation Pause)
[97.670s][info][gc,task     ] GC(235) Using 2 workers of 2 for evacuation
[97.774s][info][gc,phases   ] GC(235)   Pre Evacuate Collection Set: 0.28ms
[97.774s][info][gc,phases   ] GC(235)   Merge Heap Roots: 0.51ms
[97.774s][info][gc,phases   ] GC(235)   Evacuate Collection Set: 102.95ms
[97.774s][info][gc,phases   ] GC(235)   Post Evacuate Collection Set: 0.85ms
[97.774s][info][gc,phases   ] GC(235)   Other: 0.11ms
[97.774s][info][gc,heap     ] GC(235) Eden regions: 421->0(290)
[97.774s][info][gc,heap     ] GC(235) Survivor regions: 1->53(53)
[97.774s][info][gc,heap     ] GC(235) Old regions: 448->490
[97.774s][info][gc,heap     ] GC(235) Humongous regions: 7->7
[97.774s][info][gc,metaspace] GC(235) Metaspace: 18214K(18432K)->18214K(18432K) NonClass: 15550K(15680K)->15550K(15680K) Class: 2664K(2752K)->2664K(2752K)
[97.774s][info][gc          ] GC(235) Pause Young (Concurrent Start) (G1 Evacuation Pause) 876M->550M(978M) 104.924ms
[97.774s][info][gc,cpu      ] GC(235) User=0.20s Sys=0.00s Real=0.11s
[97.774s][info][gc          ] GC(236) Concurrent Mark Cycle
[97.774s][info][gc,marking  ] GC(236) Concurrent Scan Root Regions
[97.861s][info][gc,marking  ] GC(236) Concurrent Scan Root Regions 86.645ms
[97.861s][info][gc,marking  ] GC(236) Concurrent Mark
[97.861s][info][gc,marking  ] GC(236) Concurrent Mark From Roots
[97.861s][info][gc,task     ] GC(236) Using 1 workers of 1 for marking
[98.084s][info][gc,start    ] GC(237) Pause Young (Normal) (G1 Evacuation Pause)
[98.084s][info][gc,task     ] GC(237) Using 2 workers of 2 for evacuation
[98.172s][info][gc,phases   ] GC(237)   Pre Evacuate Collection Set: 0.28ms
[98.172s][info][gc,phases   ] GC(237)   Merge Heap Roots: 0.58ms
[98.172s][info][gc,phases   ] GC(237)   Evacuate Collection Set: 86.81ms
[98.172s][info][gc,phases   ] GC(237)   Post Evacuate Collection Set: 0.57ms
[98.172s][info][gc,phases   ] GC(237)   Other: 0.10ms
[98.172s][info][gc,heap     ] GC(237) Eden regions: 290->0(276)
[98.172s][info][gc,heap     ] GC(237) Survivor regions: 53->28(43)
[98.172s][info][gc,heap     ] GC(237) Old regions: 490->544
[98.172s][info][gc,heap     ] GC(237) Humongous regions: 7->7
[98.172s][info][gc,metaspace] GC(237) Metaspace: 18214K(18432K)->18214K(18432K) NonClass: 15550K(15680K)->15550K(15680K) Class: 2664K(2752K)->2664K(2752K)
[98.172s][info][gc          ] GC(237) Pause Young (Normal) (G1 Evacuation Pause) 840M->578M(978M) 88.556ms
[98.172s][info][gc,cpu      ] GC(237) User=0.18s Sys=0.00s Real=0.09s
[98.580s][info][gc,start    ] GC(238) Pause Young (Normal) (G1 Evacuation Pause)
[98.580s][info][gc,task     ] GC(238) Using 2 workers of 2 for evacuation
[98.666s][info][gc,phases   ] GC(238)   Pre Evacuate Collection Set: 0.50ms
[98.666s][info][gc,phases   ] GC(238)   Merge Heap Roots: 0.39ms
[98.666s][info][gc,phases   ] GC(238)   Evacuate Collection Set: 84.36ms
[98.666s][info][gc,phases   ] GC(238)   Post Evacuate Collection Set: 0.62ms
[98.667s][info][gc,phases   ] GC(238)   Other: 0.10ms
[98.667s][info][gc,heap     ] GC(238) Eden regions: 276->0(244)
[98.667s][info][gc,heap     ] GC(238) Survivor regions: 28->38(38)
[98.667s][info][gc,heap     ] GC(238) Old regions: 544->573
[98.667s][info][gc,heap     ] GC(238) Humongous regions: 11->11
[98.667s][info][gc,metaspace] GC(238) Metaspace: 18216K(18432K)->18216K(18432K) NonClass: 15552K(15680K)->15552K(15680K) Class: 2664K(2752K)->2664K(2752K)
[98.667s][info][gc          ] GC(238) Pause Young (Normal) (G1 Evacuation Pause) 858M->621M(978M) 86.207ms
[98.667s][info][gc,cpu      ] GC(238) User=0.17s Sys=0.00s Real=0.09s
[99.005s][info][gc,marking  ] GC(236) Concurrent Mark From Roots 1143.770ms
[99.005s][info][gc,marking  ] GC(236) Concurrent Preclean
[99.005s][info][gc,marking  ] GC(236) Concurrent Preclean 0.031ms
[99.005s][info][gc,start    ] GC(236) Pause Remark
[99.012s][info][gc          ] GC(236) Pause Remark 848M->742M(978M) 6.795ms
[99.012s][info][gc,cpu      ] GC(236) User=0.01s Sys=0.00s Real=0.01s
[99.014s][info][gc,marking  ] GC(236) Concurrent Mark 1152.812ms
[99.014s][info][gc,marking  ] GC(236) Concurrent Rebuild Remembered Sets and Scrub Regions
[99.045s][info][gc,start    ] GC(239) Pause Young (Normal) (G1 Evacuation Pause)
[99.045s][info][gc,task     ] GC(239) Using 2 workers of 2 for evacuation
[99.134s][info][gc,phases   ] GC(239)   Pre Evacuate Collection Set: 0.48ms
[99.134s][info][gc,phases   ] GC(239)   Merge Heap Roots: 0.36ms
[99.134s][info][gc,phases   ] GC(239)   Evacuate Collection Set: 87.44ms
[99.134s][info][gc,phases   ] GC(239)   Post Evacuate Collection Set: 0.51ms
[99.134s][info][gc,phases   ] GC(239)   Other: 0.08ms
[99.134s][info][gc,heap     ] GC(239) Eden regions: 244->0(298)
[99.134s][info][gc,heap     ] GC(239) Survivor regions: 38->31(36)
[99.134s][info][gc,heap     ] GC(239) Old regions: 470->508
[99.134s][info][gc,heap     ] GC(239) Humongous regions: 8->8
[99.134s][info][gc,metaspace] GC(239) Metaspace: 18219K(18432K)->18219K(18432K) NonClass: 15555K(15680K)->15555K(15680K) Class: 2664K(2752K)->2664K(2752K)
[99.134s][info][gc          ] GC(239) Pause Young (Normal) (G1 Evacuation Pause) 759M->547M(978M) 89.106ms
[99.134s][info][gc,cpu      ] GC(239) User=0.17s Sys=0.00s Real=0.09s
[99.478s][info][gc,marking  ] GC(236) Concurrent Rebuild Remembered Sets and Scrub Regions 464.138ms
[99.478s][info][gc,start    ] GC(236) Pause Cleanup
[99.478s][info][gc          ] GC(236) Pause Cleanup 778M->778M(978M) 0.112ms
[99.478s][info][gc,cpu      ] GC(236) User=0.00s Sys=0.00s Real=0.00s
[99.479s][info][gc,marking  ] GC(236) Concurrent Clear Claimed Marks
[99.479s][info][gc,marking  ] GC(236) Concurrent Clear Claimed Marks 0.034ms
[99.479s][info][gc,marking  ] GC(236) Concurrent Cleanup for Next Mark
[99.481s][info][gc,marking  ] GC(236) Concurrent Cleanup for Next Mark 2.910ms
[99.482s][info][gc          ] GC(236) Concurrent Mark Cycle 1707.062ms
[99.556s][info][gc,start    ] GC(240) Pause Young (Prepare Mixed) (G1 Evacuation Pause)
[99.556s][info][gc,task     ] GC(240) Using 2 workers of 2 for evacuation
[99.608s][info][gc,phases   ] GC(240)   Pre Evacuate Collection Set: 0.51ms
[99.608s][info][gc,phases   ] GC(240)   Merge Heap Roots: 0.37ms
[99.608s][info][gc,phases   ] GC(240)   Evacuate Collection Set: 50.45ms
[99.608s][info][gc,phases   ] GC(240)   Post Evacuate Collection Set: 0.50ms
[99.608s][info][gc,phases   ] GC(240)   Other: 0.12ms
[99.608s][info][gc,heap     ] GC(240) Eden regions: 298->0(302)
[99.608s][info][gc,heap     ] GC(240) Survivor regions: 31->14(42)
[99.608s][info][gc,heap     ] GC(240) Old regions: 508->539
[99.608s][info][gc,heap     ] GC(240) Humongous regions: 8->8
[99.608s][info][gc,metaspace] GC(240) Metaspace: 18229K(18432K)->18229K(18432K) NonClass: 15565K(15680K)->15565K(15680K) Class: 2664K(2752K)->2664K(2752K)
[99.608s][info][gc          ] GC(240) Pause Young (Prepare Mixed) (G1 Evacuation Pause) 845M->560M(978M) 52.177ms
[99.608s][info][gc,cpu      ] GC(240) User=0.10s Sys=0.00s Real=0.05s
[99.880s][info][gc,start    ] GC(241) Pause Young (Mixed) (G1 Evacuation Pause)
[99.880s][info][gc,task     ] GC(241) Using 2 workers of 2 for evacuation
[99.930s][info][gc,phases   ] GC(241)   Pre Evacuate Collection Set: 0.50ms
[99.930s][info][gc,phases   ] GC(241)   Merge Heap Roots: 0.23ms
[99.930s][info][gc,phases   ] GC(241)   Evacuate Collection Set: 48.68ms
[99.930s][info][gc,phases   ] GC(241)   Post Evacuate Collection Set: 0.59ms
[99.930s][info][gc,phases   ] GC(241)   Other: 0.08ms
[99.930s][info][gc,heap     ] GC(241) Eden regions: 302->0(284)
[99.930s][info][gc,heap     ] GC(241) Survivor regions: 14->40(40)
[99.930s][info][gc,heap     ] GC(241) Old regions: 539->534
[99.930s][info][gc,heap     ] GC(241) Humongous regions: 8->8
[99.930s][info][gc,metaspace] GC(241) Metaspace: 18236K(18432K)->18236K(18432K) NonClass: 15572K(15680K)->15572K(15680K) Class: 2664K(2752K)->2664K(2752K)
[99.930s][info][gc          ] GC(241) Pause Young (Mixed) (G1 Evacuation Pause) 862M->582M(978M) 50.305ms
[99.930s][info][gc,cpu      ] GC(241) User=0.10s Sys=0.00s Real=0.05s
[100.193s][info][gc,start    ] GC(242) Pause Young (Concurrent Start) (G1 Evacuation Pause)
[100.193s][info][gc,task     ] GC(242) Using 2 workers of 2 for evacuation
[100.322s][info][gc,phases   ] GC(242)   Pre Evacuate Collection Set: 0.31ms
[100.322s][info][gc,phases   ] GC(242)   Merge Heap Roots: 0.31ms
[100.322s][info][gc,phases   ] GC(242)   Evacuate Collection Set: 123.46ms
[100.322s][info][gc,phases   ] GC(242)   Post Evacuate Collection Set: 5.09ms
[100.322s][info][gc,phases   ] GC(242)   Other: 0.09ms
[100.322s][info][gc,heap     ] GC(242) Eden regions: 284->0(183)
[100.322s][info][gc,heap     ] GC(242) Survivor regions: 40->41(41)
[100.322s][info][gc,heap     ] GC(242) Old regions: 534->652
[100.322s][info][gc,heap     ] GC(242) Humongous regions: 8->8
[100.322s][info][gc,metaspace] GC(242) Metaspace: 18236K(18432K)->18236K(18432K) NonClass: 15572K(15680K)->15572K(15680K) Class: 2664K(2752K)->2664K(2752K)
[100.322s][info][gc          ] GC(242) Pause Young (Concurrent Start) (G1 Evacuation Pause) (Evacuation Failure: Allocation) 866M->701M(978M) 129.542ms
[100.322s][info][gc,cpu      ] GC(242) User=0.25s Sys=0.00s Real=0.13s
[100.322s][info][gc          ] GC(243) Concurrent Mark Cycle
[100.322s][info][gc,marking  ] GC(243) Concurrent Scan Root Regions
[100.491s][info][gc,marking  ] GC(243) Concurrent Scan Root Regions 168.304ms
[100.491s][info][gc,marking  ] GC(243) Concurrent Mark
[100.491s][info][gc,marking  ] GC(243) Concurrent Mark From Roots
[100.491s][info][gc,task     ] GC(243) Using 1 workers of 1 for marking
[100.944s][info][gc,start    ] GC(244) Pause Young (Normal) (G1 Evacuation Pause)
[100.944s][info][gc,task     ] GC(244) Using 2 workers of 2 for evacuation
[101.023s][info][gc,phases   ] GC(244)   Pre Evacuate Collection Set: 0.31ms
[101.023s][info][gc,phases   ] GC(244)   Merge Heap Roots: 0.48ms
[101.023s][info][gc,phases   ] GC(244)   Evacuate Collection Set: 77.30ms
[101.023s][info][gc,phases   ] GC(244)   Post Evacuate Collection Set: 0.58ms
[101.023s][info][gc,phases   ] GC(244)   Other: 0.08ms
[101.023s][info][gc,heap     ] GC(244) Eden regions: 183->0(203)
[101.023s][info][gc,heap     ] GC(244) Survivor regions: 41->12(28)
[101.023s][info][gc,heap     ] GC(244) Old regions: 652->660
[101.023s][info][gc,heap     ] GC(244) Humongous regions: 9->9
[101.023s][info][gc,metaspace] GC(244) Metaspace: 18239K(18432K)->18239K(18432K) NonClass: 15575K(15680K)->15575K(15680K) Class: 2664K(2752K)->2664K(2752K)
[101.023s][info][gc          ] GC(244) Pause Young (Normal) (G1 Evacuation Pause) 885M->680M(978M) 79.004ms
[101.023s][info][gc,cpu      ] GC(244) User=0.16s Sys=0.00s Real=0.08s
[101.467s][info][gc,start    ] GC(245) Pause Young (Normal) (G1 Evacuation Pause)
[101.467s][info][gc,task     ] GC(245) Using 2 workers of 2 for evacuation
[101.546s][info][gc,phases   ] GC(245)   Pre Evacuate Collection Set: 0.29ms
[101.546s][info][gc,phases   ] GC(245)   Merge Heap Roots: 0.36ms
[101.546s][info][gc,phases   ] GC(245)   Evacuate Collection Set: 77.92ms
[101.546s][info][gc,phases   ] GC(245)   Post Evacuate Collection Set: 0.55ms
[101.546s][info][gc,phases   ] GC(245)   Other: 0.09ms
[101.546s][info][gc,heap     ] GC(245) Eden regions: 203->0(167)
[101.546s][info][gc,heap     ] GC(245) Survivor regions: 12->27(27)
[101.546s][info][gc,heap     ] GC(245) Old regions: 660->688
[101.546s][info][gc,heap     ] GC(245) Humongous regions: 11->11
[101.546s][info][gc,metaspace] GC(245) Metaspace: 18240K(18432K)->18240K(18432K) NonClass: 15576K(15680K)->15576K(15680K) Class: 2664K(2752K)->2664K(2752K)
[101.546s][info][gc          ] GC(245) Pause Young (Normal) (G1 Evacuation Pause) 885M->725M(978M) 79.446ms
[101.546s][info][gc,cpu      ] GC(245) User=0.15s Sys=0.01s Real=0.08s
[101.770s][info][gc,marking  ] GC(243) Concurrent Mark From Roots 1279.163ms
[101.770s][info][gc,marking  ] GC(243) Concurrent Preclean
[101.770s][info][gc,marking  ] GC(243) Concurrent Preclean 0.036ms
[101.770s][info][gc,start    ] GC(243) Pause Remark
[101.777s][info][gc          ] GC(243) Pause Remark 881M->810M(978M) 6.900ms
[101.777s][info][gc,cpu      ] GC(243) User=0.02s Sys=0.00s Real=0.01s
[101.777s][info][gc,marking  ] GC(243) Concurrent Mark 1286.402ms
[101.777s][info][gc,marking  ] GC(243) Concurrent Rebuild Remembered Sets and Scrub Regions
[101.793s][info][gc,start    ] GC(246) Pause Young (Normal) (G1 Evacuation Pause)
[101.793s][info][gc,task     ] GC(246) Using 2 workers of 2 for evacuation
[101.846s][info][gc,phases   ] GC(246)   Pre Evacuate Collection Set: 0.37ms
[101.846s][info][gc,phases   ] GC(246)   Merge Heap Roots: 0.43ms
[101.846s][info][gc,phases   ] GC(246)   Evacuate Collection Set: 51.09ms
[101.846s][info][gc,phases   ] GC(246)   Post Evacuate Collection Set: 0.55ms
[101.846s][info][gc,phases   ] GC(246)   Other: 0.08ms
[101.846s][info][gc,heap     ] GC(246) Eden regions: 167->0(219)
[101.846s][info][gc,heap     ] GC(246) Survivor regions: 27->5(25)
[101.846s][info][gc,heap     ] GC(246) Old regions: 620->647
[101.846s][info][gc,heap     ] GC(246) Humongous regions: 8->8
[101.846s][info][gc,metaspace] GC(246) Metaspace: 18240K(18432K)->18240K(18432K) NonClass: 15576K(15680K)->15576K(15680K) Class: 2664K(2752K)->2664K(2752K)
[101.846s][info][gc          ] GC(246) Pause Young (Normal) (G1 Evacuation Pause) 821M->659M(978M) 52.732ms
[101.846s][info][gc,cpu      ] GC(246) User=0.10s Sys=0.00s Real=0.05s
[102.193s][info][gc,start    ] GC(247) Pause Young (Normal) (G1 Evacuation Pause)
[102.193s][info][gc,task     ] GC(247) Using 2 workers of 2 for evacuation
[102.220s][info][gc,phases   ] GC(247)   Pre Evacuate Collection Set: 0.28ms
[102.220s][info][gc,phases   ] GC(247)   Merge Heap Roots: 0.46ms
[102.220s][info][gc,phases   ] GC(247)   Evacuate Collection Set: 25.76ms
[102.220s][info][gc,phases   ] GC(247)   Post Evacuate Collection Set: 0.55ms
[102.220s][info][gc,phases   ] GC(247)   Other: 0.09ms
[102.220s][info][gc,heap     ] GC(247) Eden regions: 219->0(228)
[102.220s][info][gc,heap     ] GC(247) Survivor regions: 5->9(28)
[102.220s][info][gc,heap     ] GC(247) Old regions: 647->647
[102.220s][info][gc,heap     ] GC(247) Humongous regions: 8->8
[102.220s][info][gc,metaspace] GC(247) Metaspace: 18240K(18432K)->18240K(18432K) NonClass: 15576K(15680K)->15576K(15680K) Class: 2664K(2752K)->2664K(2752K)
[102.220s][info][gc          ] GC(247) Pause Young (Normal) (G1 Evacuation Pause) 878M->664M(978M) 27.359ms
[102.220s][info][gc,cpu      ] GC(247) User=0.05s Sys=0.00s Real=0.02s
[102.546s][info][gc,marking  ] GC(243) Concurrent Rebuild Remembered Sets and Scrub Regions 768.532ms
[102.546s][info][gc,start    ] GC(243) Pause Cleanup
[102.546s][info][gc          ] GC(243) Pause Cleanup 812M->812M(978M) 0.141ms
[102.546s][info][gc,cpu      ] GC(243) User=0.00s Sys=0.00s Real=0.00s
[102.546s][info][gc,marking  ] GC(243) Concurrent Clear Claimed Marks
[102.546s][info][gc,marking  ] GC(243) Concurrent Clear Claimed Marks 0.026ms
[102.546s][info][gc,marking  ] GC(243) Concurrent Cleanup for Next Mark
[102.549s][info][gc,marking  ] GC(243) Concurrent Cleanup for Next Mark 2.825ms
[102.549s][info][gc          ] GC(243) Concurrent Mark Cycle 2226.664ms
[102.750s][info][gc,start    ] GC(248) Pause Young (Prepare Mixed) (G1 Evacuation Pause)
[102.750s][info][gc,task     ] GC(248) Using 2 workers of 2 for evacuation
[102.804s][info][gc,phases   ] GC(248)   Pre Evacuate Collection Set: 0.28ms
[102.804s][info][gc,phases   ] GC(248)   Merge Heap Roots: 0.56ms
[102.804s][info][gc,phases   ] GC(248)   Evacuate Collection Set: 53.00ms
[102.804s][info][gc,phases   ] GC(248)   Post Evacuate Collection Set: 0.68ms
[102.804s][info][gc,phases   ] GC(248)   Other: 0.08ms
[102.804s][info][gc,heap     ] GC(248) Eden regions: 228->0(208)
[102.804s][info][gc,heap     ] GC(248) Survivor regions: 9->30(30)
[102.804s][info][gc,heap     ] GC(248) Old regions: 647->652
[102.804s][info][gc,heap     ] GC(248) Humongous regions: 8->8
[102.804s][info][gc,metaspace] GC(248) Metaspace: 18240K(18432K)->18240K(18432K) NonClass: 15576K(15680K)->15576K(15680K) Class: 2664K(2752K)->2664K(2752K)
[102.805s][info][gc          ] GC(248) Pause Young (Prepare Mixed) (G1 Evacuation Pause) 892M->689M(978M) 54.809ms
[102.805s][info][gc,cpu      ] GC(248) User=0.10s Sys=0.00s Real=0.06s
[103.318s][info][gc,start    ] GC(249) Pause Young (Mixed) (G1 Evacuation Pause)
[103.318s][info][gc,task     ] GC(249) Using 2 workers of 2 for evacuation
[103.406s][info][gc,phases   ] GC(249)   Pre Evacuate Collection Set: 0.55ms
[103.406s][info][gc,phases   ] GC(249)   Merge Heap Roots: 1.48ms
[103.406s][info][gc,phases   ] GC(249)   Evacuate Collection Set: 80.33ms
[103.406s][info][gc,phases   ] GC(249)   Merge Optional Heap Roots: 0.13ms
[103.406s][info][gc,phases   ] GC(249)   Evacuate Optional Collection Set: 4.23ms
[103.406s][info][gc,phases   ] GC(249)   Post Evacuate Collection Set: 0.97ms
[103.406s][info][gc,phases   ] GC(249)   Other: 0.10ms
[103.406s][info][gc,heap     ] GC(249) Eden regions: 208->0(28)
[103.406s][info][gc,heap     ] GC(249) Survivor regions: 30->20(30)
[103.406s][info][gc,heap     ] GC(249) Old regions: 652->601
[103.406s][info][gc,heap     ] GC(249) Humongous regions: 8->8
[103.406s][info][gc,metaspace] GC(249) Metaspace: 18243K(18432K)->18243K(18432K) NonClass: 15579K(15680K)->15579K(15680K) Class: 2664K(2752K)->2664K(2752K)
[103.406s][info][gc          ] GC(249) Pause Young (Mixed) (G1 Evacuation Pause) 897M->629M(978M) 88.041ms
[103.406s][info][gc,cpu      ] GC(249) User=0.17s Sys=0.00s Real=0.09s
[103.430s][info][gc,start    ] GC(250) Pause Young (Mixed) (G1 Evacuation Pause)
[103.430s][info][gc,task     ] GC(250) Using 2 workers of 2 for evacuation
[103.636s][info][gc,mmu      ] GC(250) MMU target violated: 201.0ms (200.0ms/201.0ms)
[103.636s][info][gc,phases   ] GC(250)   Pre Evacuate Collection Set: 0.44ms
[103.636s][info][gc,phases   ] GC(250)   Merge Heap Roots: 2.48ms
[103.636s][info][gc,phases   ] GC(250)   Evacuate Collection Set: 201.34ms
[103.636s][info][gc,phases   ] GC(250)   Post Evacuate Collection Set: 1.29ms
[103.636s][info][gc,phases   ] GC(250)   Other: 0.13ms
[103.636s][info][gc,heap     ] GC(250) Eden regions: 28->0(242)
[103.636s][info][gc,heap     ] GC(250) Survivor regions: 20->6(6)
[103.636s][info][gc,heap     ] GC(250) Old regions: 601->624
[103.636s][info][gc,heap     ] GC(250) Humongous regions: 8->8
[103.636s][info][gc,metaspace] GC(250) Metaspace: 18243K(18432K)->18243K(18432K) NonClass: 15579K(15680K)->15579K(15680K) Class: 2664K(2752K)->2664K(2752K)
[103.636s][info][gc          ] GC(250) Pause Young (Mixed) (G1 Evacuation Pause) 657M->638M(978M) 205.798ms
[103.636s][info][gc,cpu      ] GC(250) User=0.41s Sys=0.00s Real=0.21s
[103.939s][info][gc,start    ] GC(251) Pause Young (Concurrent Start) (G1 Evacuation Pause)
[103.939s][info][gc,task     ] GC(251) Using 2 workers of 2 for evacuation
[103.992s][info][gc,phases   ] GC(251)   Pre Evacuate Collection Set: 0.30ms
[103.992s][info][gc,phases   ] GC(251)   Merge Heap Roots: 0.18ms
[103.992s][info][gc,phases   ] GC(251)   Evacuate Collection Set: 52.13ms
[103.992s][info][gc,phases   ] GC(251)   Post Evacuate Collection Set: 0.60ms
[103.992s][info][gc,phases   ] GC(251)   Other: 0.11ms
[103.992s][info][gc,heap     ] GC(251) Eden regions: 242->0(203)
[103.992s][info][gc,heap     ] GC(251) Survivor regions: 6->31(31)
[103.992s][info][gc,heap     ] GC(251) Old regions: 624->648
[103.992s][info][gc,heap     ] GC(251) Humongous regions: 8->8
[103.992s][info][gc,metaspace] GC(251) Metaspace: 18243K(18432K)->18243K(18432K) NonClass: 15579K(15680K)->15579K(15680K) Class: 2664K(2752K)->2664K(2752K)
[103.992s][info][gc          ] GC(251) Pause Young (Concurrent Start) (G1 Evacuation Pause) 880M->686M(978M) 53.576ms
[103.992s][info][gc,cpu      ] GC(251) User=0.10s Sys=0.00s Real=0.06s
[103.992s][info][gc          ] GC(252) Concurrent Mark Cycle
[103.994s][info][gc,marking  ] GC(252) Concurrent Scan Root Regions
[104.044s][info][gc,marking  ] GC(252) Concurrent Scan Root Regions 50.413ms
[104.044s][info][gc,marking  ] GC(252) Concurrent Mark
[104.044s][info][gc,marking  ] GC(252) Concurrent Mark From Roots
[104.044s][info][gc,task     ] GC(252) Using 1 workers of 1 for marking
[104.418s][info][gc,start    ] GC(253) Pause Young (Normal) (G1 Evacuation Pause)
[104.418s][info][gc,task     ] GC(253) Using 2 workers of 2 for evacuation
[104.504s][info][gc,phases   ] GC(253)   Pre Evacuate Collection Set: 0.50ms
[104.504s][info][gc,phases   ] GC(253)   Merge Heap Roots: 0.43ms
[104.504s][info][gc,phases   ] GC(253)   Evacuate Collection Set: 84.95ms
[104.504s][info][gc,phases   ] GC(253)   Post Evacuate Collection Set: 0.55ms
[104.504s][info][gc,phases   ] GC(253)   Other: 0.10ms
[104.504s][info][gc,heap     ] GC(253) Eden regions: 203->0(166)
[104.504s][info][gc,heap     ] GC(253) Survivor regions: 31->30(30)
[104.504s][info][gc,heap     ] GC(253) Old regions: 648->687
[104.504s][info][gc,heap     ] GC(253) Humongous regions: 11->11
[104.504s][info][gc,metaspace] GC(253) Metaspace: 18243K(18432K)->18243K(18432K) NonClass: 15579K(15680K)->15579K(15680K) Class: 2664K(2752K)->2664K(2752K)
[104.504s][info][gc          ] GC(253) Pause Young (Normal) (G1 Evacuation Pause) 892M->727M(978M) 86.802ms
[104.504s][info][gc,cpu      ] GC(253) User=0.17s Sys=0.00s Real=0.09s
[104.769s][info][gc,start    ] GC(254) Pause Young (Normal) (G1 Evacuation Pause)
[104.769s][info][gc,task     ] GC(254) Using 2 workers of 2 for evacuation
[104.829s][info][gc,phases   ] GC(254)   Pre Evacuate Collection Set: 0.49ms
[104.829s][info][gc,phases   ] GC(254)   Merge Heap Roots: 0.30ms
[104.829s][info][gc,phases   ] GC(254)   Evacuate Collection Set: 58.95ms
[104.829s][info][gc,phases   ] GC(254)   Post Evacuate Collection Set: 0.39ms
[104.829s][info][gc,phases   ] GC(254)   Other: 0.08ms
[104.829s][info][gc,heap     ] GC(254) Eden regions: 166->0(156)
[104.829s][info][gc,heap     ] GC(254) Survivor regions: 30->18(25)
[104.829s][info][gc,heap     ] GC(254) Old regions: 687->717
[104.829s][info][gc,heap     ] GC(254) Humongous regions: 11->11
[104.829s][info][gc,metaspace] GC(254) Metaspace: 18243K(18432K)->18243K(18432K) NonClass: 15579K(15680K)->15579K(15680K) Class: 2664K(2752K)->2664K(2752K)
[104.829s][info][gc          ] GC(254) Pause Young (Normal) (G1 Evacuation Pause) 893M->746M(978M) 60.421ms
[104.829s][info][gc,cpu      ] GC(254) User=0.12s Sys=0.00s Real=0.06s
[105.128s][info][gc,start    ] GC(255) Pause Young (Normal) (G1 Evacuation Pause)
[105.128s][info][gc,task     ] GC(255) Using 2 workers of 2 for evacuation
[105.152s][info][gc,phases   ] GC(255)   Pre Evacuate Collection Set: 0.29ms
[105.152s][info][gc,phases   ] GC(255)   Merge Heap Roots: 0.28ms
[105.152s][info][gc,phases   ] GC(255)   Evacuate Collection Set: 22.91ms
[105.152s][info][gc,phases   ] GC(255)   Post Evacuate Collection Set: 0.37ms
[105.152s][info][gc,phases   ] GC(255)   Other: 0.08ms
[105.152s][info][gc,heap     ] GC(255) Eden regions: 156->0(167)
[105.152s][info][gc,heap     ] GC(255) Survivor regions: 18->1(22)
[105.152s][info][gc,heap     ] GC(255) Old regions: 717->735
[105.152s][info][gc,heap     ] GC(255) Humongous regions: 11->11
[105.152s][info][gc,metaspace] GC(255) Metaspace: 18243K(18432K)->18243K(18432K) NonClass: 15579K(15680K)->15579K(15680K) Class: 2664K(2752K)->2664K(2752K)
[105.152s][info][gc          ] GC(255) Pause Young (Normal) (G1 Evacuation Pause) 902M->747M(978M) 24.125ms
[105.152s][info][gc,cpu      ] GC(255) User=0.05s Sys=0.00s Real=0.03s
[105.345s][info][gc,marking  ] GC(252) Concurrent Mark From Roots 1301.311ms
[105.346s][info][gc,marking  ] GC(252) Concurrent Preclean
[105.346s][info][gc,marking  ] GC(252) Concurrent Preclean 0.029ms
[105.346s][info][gc,start    ] GC(252) Pause Remark
[105.353s][info][gc          ] GC(252) Pause Remark 870M->707M(978M) 6.887ms
[105.353s][info][gc,cpu      ] GC(252) User=0.01s Sys=0.00s Real=0.01s
[105.353s][info][gc,marking  ] GC(252) Concurrent Mark 1308.551ms
[105.353s][info][gc,marking  ] GC(252) Concurrent Rebuild Remembered Sets and Scrub Regions
[105.470s][info][gc,start    ] GC(256) Pause Young (Normal) (G1 Evacuation Pause)
[105.470s][info][gc,task     ] GC(256) Using 2 workers of 2 for evacuation
[105.482s][info][gc,phases   ] GC(256)   Pre Evacuate Collection Set: 0.26ms
[105.482s][info][gc,phases   ] GC(256)   Merge Heap Roots: 0.17ms
[105.482s][info][gc,phases   ] GC(256)   Evacuate Collection Set: 10.93ms
[105.482s][info][gc,phases   ] GC(256)   Post Evacuate Collection Set: 0.32ms
[105.482s][info][gc,phases   ] GC(256)   Other: 0.10ms
[105.482s][info][gc,heap     ] GC(256) Eden regions: 167->0(278)
[105.482s][info][gc,heap     ] GC(256) Survivor regions: 1->5(21)
[105.482s][info][gc,heap     ] GC(256) Old regions: 576->576
[105.482s][info][gc,heap     ] GC(256) Humongous regions: 7->7
[105.482s][info][gc,metaspace] GC(256) Metaspace: 18243K(18432K)->18243K(18432K) NonClass: 15579K(15680K)->15579K(15680K) Class: 2664K(2752K)->2664K(2752K)
[105.482s][info][gc          ] GC(256) Pause Young (Normal) (G1 Evacuation Pause) 751M->588M(978M) 12.002ms
[105.482s][info][gc,cpu      ] GC(256) User=0.03s Sys=0.00s Real=0.02s
[105.843s][info][gc,marking  ] GC(252) Concurrent Rebuild Remembered Sets and Scrub Regions 490.743ms
[105.844s][info][gc,start    ] GC(252) Pause Cleanup
[105.844s][info][gc          ] GC(252) Pause Cleanup 767M->767M(978M) 0.144ms
[105.844s][info][gc,cpu      ] GC(252) User=0.00s Sys=0.00s Real=0.00s
[105.844s][info][gc,marking  ] GC(252) Concurrent Clear Claimed Marks
[105.844s][info][gc,marking  ] GC(252) Concurrent Clear Claimed Marks 0.033ms
[105.844s][info][gc,marking  ] GC(252) Concurrent Cleanup for Next Mark
[105.851s][info][gc,marking  ] GC(252) Concurrent Cleanup for Next Mark 6.966ms
[105.851s][info][gc          ] GC(252) Concurrent Mark Cycle 1858.535ms
[106.152s][info][gc,start    ] GC(257) Pause Young (Prepare Mixed) (G1 Evacuation Pause)
[106.152s][info][gc,task     ] GC(257) Using 2 workers of 2 for evacuation
[106.197s][info][gc,phases   ] GC(257)   Pre Evacuate Collection Set: 0.52ms
[106.197s][info][gc,phases   ] GC(257)   Merge Heap Roots: 0.45ms
[106.197s][info][gc,phases   ] GC(257)   Evacuate Collection Set: 43.53ms
[106.197s][info][gc,phases   ] GC(257)   Post Evacuate Collection Set: 0.49ms
[106.197s][info][gc,phases   ] GC(257)   Other: 0.10ms
[106.197s][info][gc,heap     ] GC(257) Eden regions: 278->0(263)
[106.197s][info][gc,heap     ] GC(257) Survivor regions: 5->31(36)
[106.198s][info][gc,heap     ] GC(257) Old regions: 576->576
[106.198s][info][gc,heap     ] GC(257) Humongous regions: 7->7
[106.198s][info][gc,metaspace] GC(257) Metaspace: 18244K(18432K)->18244K(18432K) NonClass: 15579K(15680K)->15579K(15680K) Class: 2664K(2752K)->2664K(2752K)
[106.198s][info][gc          ] GC(257) Pause Young (Prepare Mixed) (G1 Evacuation Pause) 866M->614M(978M) 45.322ms
[106.198s][info][gc,cpu      ] GC(257) User=0.09s Sys=0.00s Real=0.04s
[106.681s][info][gc,start    ] GC(258) Pause Young (Mixed) (G1 Evacuation Pause)
[106.681s][info][gc,task     ] GC(258) Using 2 workers of 2 for evacuation
[106.763s][info][gc,phases   ] GC(258)   Pre Evacuate Collection Set: 0.31ms
[106.763s][info][gc,phases   ] GC(258)   Merge Heap Roots: 0.50ms
[106.763s][info][gc,phases   ] GC(258)   Evacuate Collection Set: 78.08ms
[106.763s][info][gc,phases   ] GC(258)   Merge Optional Heap Roots: 0.08ms
[106.763s][info][gc,phases   ] GC(258)   Evacuate Optional Collection Set: 2.12ms
[106.763s][info][gc,phases   ] GC(258)   Post Evacuate Collection Set: 0.68ms
[106.763s][info][gc,phases   ] GC(258)   Other: 0.09ms
[106.763s][info][gc,heap     ] GC(258) Eden regions: 263->0(257)
[106.763s][info][gc,heap     ] GC(258) Survivor regions: 31->37(37)
[106.763s][info][gc,heap     ] GC(258) Old regions: 576->561
[106.763s][info][gc,heap     ] GC(258) Humongous regions: 7->7
[106.763s][info][gc,metaspace] GC(258) Metaspace: 18244K(18432K)->18244K(18432K) NonClass: 15580K(15680K)->15580K(15680K) Class: 2664K(2752K)->2664K(2752K)
[106.763s][info][gc          ] GC(258) Pause Young (Mixed) (G1 Evacuation Pause) 877M->604M(978M) 82.095ms
[106.763s][info][gc,cpu      ] GC(258) User=0.16s Sys=0.00s Real=0.08s
[107.115s][info][gc,start    ] GC(259) Pause Young (Mixed) (G1 Evacuation Pause)
[107.115s][info][gc,task     ] GC(259) Using 2 workers of 2 for evacuation
[107.189s][info][gc,phases   ] GC(259)   Pre Evacuate Collection Set: 0.30ms
[107.189s][info][gc,phases   ] GC(259)   Merge Heap Roots: 0.24ms
[107.189s][info][gc,phases   ] GC(259)   Evacuate Collection Set: 72.16ms
[107.189s][info][gc,phases   ] GC(259)   Post Evacuate Collection Set: 0.62ms
[107.189s][info][gc,phases   ] GC(259)   Other: 0.08ms
[107.189s][info][gc,heap     ] GC(259) Eden regions: 259->0(235)
[107.189s][info][gc,heap     ] GC(259) Survivor regions: 37->37(37)
[107.189s][info][gc,heap     ] GC(259) Old regions: 561->596
[107.189s][info][gc,heap     ] GC(259) Humongous regions: 7->7
[107.189s][info][gc,metaspace] GC(259) Metaspace: 18247K(18432K)->18247K(18432K) NonClass: 15583K(15680K)->15583K(15680K) Class: 2664K(2752K)->2664K(2752K)
[107.189s][info][gc          ] GC(259) Pause Young (Mixed) (G1 Evacuation Pause) 863M->640M(978M) 73.662ms
[107.189s][info][gc,cpu      ] GC(259) User=0.14s Sys=0.00s Real=0.07s
[107.204s][info][gc,start    ] GC(260) Pause Young (Concurrent Start) (G1 Humongous Allocation)
[107.204s][info][gc,task     ] GC(260) Using 2 workers of 2 for evacuation
[107.244s][info][gc,phases   ] GC(260)   Pre Evacuate Collection Set: 0.26ms
[107.244s][info][gc,phases   ] GC(260)   Merge Heap Roots: 0.13ms
[107.244s][info][gc,phases   ] GC(260)   Evacuate Collection Set: 39.13ms
[107.244s][info][gc,phases   ] GC(260)   Post Evacuate Collection Set: 0.26ms
[107.244s][info][gc,phases   ] GC(260)   Other: 0.10ms
[107.244s][info][gc,heap     ] GC(260) Eden regions: 8->0(205)
[107.244s][info][gc,heap     ] GC(260) Survivor regions: 37->5(34)
[107.244s][info][gc,heap     ] GC(260) Old regions: 596->634
[107.244s][info][gc,heap     ] GC(260) Humongous regions: 7->7
[107.244s][info][gc,metaspace] GC(260) Metaspace: 18248K(18432K)->18248K(18432K) NonClass: 15584K(15680K)->15584K(15680K) Class: 2664K(2752K)->2664K(2752K)
[107.244s][info][gc          ] GC(260) Pause Young (Concurrent Start) (G1 Humongous Allocation) 647M->645M(978M) 40.040ms
[107.244s][info][gc          ] GC(261) Concurrent Mark Cycle
[107.244s][info][gc,marking  ] GC(261) Concurrent Scan Root Regions
[107.244s][info][gc,cpu      ] GC(260) User=0.08s Sys=0.00s Real=0.04s
[107.298s][info][gc,marking  ] GC(261) Concurrent Scan Root Regions 54.772ms
[107.298s][info][gc,marking  ] GC(261) Concurrent Mark
[107.298s][info][gc,marking  ] GC(261) Concurrent Mark From Roots
[107.299s][info][gc,task     ] GC(261) Using 1 workers of 1 for marking
[107.656s][info][gc,start    ] GC(262) Pause Young (Normal) (G1 Evacuation Pause)
[107.656s][info][gc,task     ] GC(262) Using 2 workers of 2 for evacuation
[107.718s][info][gc,phases   ] GC(262)   Pre Evacuate Collection Set: 0.30ms
[107.718s][info][gc,phases   ] GC(262)   Merge Heap Roots: 0.15ms
[107.718s][info][gc,phases   ] GC(262)   Evacuate Collection Set: 60.65ms
[107.718s][info][gc,phases   ] GC(262)   Post Evacuate Collection Set: 0.40ms
[107.718s][info][gc,phases   ] GC(262)   Other: 0.09ms
[107.718s][info][gc,heap     ] GC(262) Eden regions: 205->0(176)
[107.718s][info][gc,heap     ] GC(262) Survivor regions: 5->27(27)
[107.718s][info][gc,heap     ] GC(262) Old regions: 634->657
[107.718s][info][gc,heap     ] GC(262) Humongous regions: 10->10
[107.718s][info][gc,metaspace] GC(262) Metaspace: 18248K(18432K)->18248K(18432K) NonClass: 15584K(15680K)->15584K(15680K) Class: 2664K(2752K)->2664K(2752K)
[107.718s][info][gc          ] GC(262) Pause Young (Normal) (G1 Evacuation Pause) 853M->693M(978M) 61.812ms
[107.718s][info][gc,cpu      ] GC(262) User=0.12s Sys=0.00s Real=0.06s
[107.991s][info][gc,start    ] GC(263) Pause Young (Normal) (G1 Evacuation Pause)
[107.991s][info][gc,task     ] GC(263) Using 2 workers of 2 for evacuation
[108.027s][info][gc,phases   ] GC(263)   Pre Evacuate Collection Set: 0.48ms
[108.027s][info][gc,phases   ] GC(263)   Merge Heap Roots: 0.15ms
[108.027s][info][gc,phases   ] GC(263)   Evacuate Collection Set: 34.83ms
[108.027s][info][gc,phases   ] GC(263)   Post Evacuate Collection Set: 0.38ms
[108.027s][info][gc,phases   ] GC(263)   Other: 0.07ms
[108.027s][info][gc,heap     ] GC(263) Eden regions: 176->0(185)
[108.027s][info][gc,heap     ] GC(263) Survivor regions: 27->5(26)
[108.027s][info][gc,heap     ] GC(263) Old regions: 657->684
[108.027s][info][gc,heap     ] GC(263) Humongous regions: 10->10
[108.027s][info][gc,metaspace] GC(263) Metaspace: 18248K(18432K)->18248K(18432K) NonClass: 15584K(15680K)->15584K(15680K) Class: 2664K(2752K)->2664K(2752K)
[108.027s][info][gc          ] GC(263) Pause Young (Normal) (G1 Evacuation Pause) 869M->698M(978M) 36.113ms
[108.027s][info][gc,cpu      ] GC(263) User=0.07s Sys=0.00s Real=0.03s
[108.388s][info][gc,start    ] GC(264) Pause Young (Normal) (G1 Evacuation Pause)
[108.388s][info][gc,task     ] GC(264) Using 2 workers of 2 for evacuation
[108.405s][info][gc,phases   ] GC(264)   Pre Evacuate Collection Set: 0.51ms
[108.405s][info][gc,phases   ] GC(264)   Merge Heap Roots: 0.21ms
[108.405s][info][gc,phases   ] GC(264)   Evacuate Collection Set: 15.84ms
[108.405s][info][gc,phases   ] GC(264)   Post Evacuate Collection Set: 0.39ms
[108.405s][info][gc,phases   ] GC(264)   Other: 0.09ms
[108.405s][info][gc,heap     ] GC(264) Eden regions: 185->0(193)
[108.405s][info][gc,heap     ] GC(264) Survivor regions: 5->9(24)
[108.405s][info][gc,heap     ] GC(264) Old regions: 684->684
[108.405s][info][gc,heap     ] GC(264) Humongous regions: 10->10
[108.405s][info][gc,metaspace] GC(264) Metaspace: 18248K(18432K)->18248K(18432K) NonClass: 15584K(15680K)->15584K(15680K) Class: 2664K(2752K)->2664K(2752K)
[108.405s][info][gc          ] GC(264) Pause Young (Normal) (G1 Evacuation Pause) 883M->703M(978M) 17.272ms
[108.405s][info][gc,cpu      ] GC(264) User=0.03s Sys=0.00s Real=0.02s
[108.876s][info][gc,start    ] GC(265) Pause Young (Normal) (G1 Evacuation Pause)
[108.876s][info][gc,task     ] GC(265) Using 2 workers of 2 for evacuation
[108.899s][info][gc,phases   ] GC(265)   Pre Evacuate Collection Set: 0.29ms
[108.899s][info][gc,phases   ] GC(265)   Merge Heap Roots: 0.16ms
[108.899s][info][gc,phases   ] GC(265)   Evacuate Collection Set: 21.61ms
[108.899s][info][gc,phases   ] GC(265)   Post Evacuate Collection Set: 0.39ms
[108.899s][info][gc,phases   ] GC(265)   Other: 0.09ms
[108.899s][info][gc,heap     ] GC(265) Eden regions: 193->0(193)
[108.899s][info][gc,heap     ] GC(265) Survivor regions: 9->19(26)
[108.899s][info][gc,heap     ] GC(265) Old regions: 684->684
[108.899s][info][gc,heap     ] GC(265) Humongous regions: 10->10
[108.899s][info][gc,metaspace] GC(265) Metaspace: 18248K(18432K)->18248K(18432K) NonClass: 15584K(15680K)->15584K(15680K) Class: 2664K(2752K)->2664K(2752K)
[108.899s][info][gc          ] GC(265) Pause Young (Normal) (G1 Evacuation Pause) 896M->712M(978M) 22.727ms
[108.899s][info][gc,cpu      ] GC(265) User=0.05s Sys=0.00s Real=0.02s
[109.001s][info][gc,marking  ] GC(261) Concurrent Mark From Roots 1702.568ms
[109.001s][info][gc,marking  ] GC(261) Concurrent Preclean
[109.001s][info][gc,marking  ] GC(261) Concurrent Preclean 0.028ms
[109.001s][info][gc,start    ] GC(261) Pause Remark
[109.008s][info][gc          ] GC(261) Pause Remark 770M->758M(978M) 6.700ms
[109.008s][info][gc,cpu      ] GC(261) User=0.01s Sys=0.00s Real=0.00s
[109.008s][info][gc,marking  ] GC(261) Concurrent Mark 1709.581ms
[109.008s][info][gc,marking  ] GC(261) Concurrent Rebuild Remembered Sets and Scrub Regions
[109.508s][info][gc,start    ] GC(266) Pause Young (Normal) (G1 Evacuation Pause)
[109.508s][info][gc,task     ] GC(266) Using 2 workers of 2 for evacuation
[109.558s][info][gc,phases   ] GC(266)   Pre Evacuate Collection Set: 0.48ms
[109.558s][info][gc,phases   ] GC(266)   Merge Heap Roots: 0.46ms
[109.558s][info][gc,phases   ] GC(266)   Evacuate Collection Set: 48.58ms
[109.558s][info][gc,phases   ] GC(266)   Post Evacuate Collection Set: 0.43ms
[109.558s][info][gc,phases   ] GC(266)   Other: 0.08ms
[109.558s][info][gc,heap     ] GC(266) Eden regions: 193->0(183)
[109.558s][info][gc,heap     ] GC(266) Survivor regions: 19->27(27)
[109.558s][info][gc,heap     ] GC(266) Old regions: 673->682
[109.558s][info][gc,heap     ] GC(266) Humongous regions: 9->9
[109.558s][info][gc,metaspace] GC(266) Metaspace: 18248K(18432K)->18248K(18432K) NonClass: 15584K(15680K)->15584K(15680K) Class: 2664K(2752K)->2664K(2752K)
[109.558s][info][gc          ] GC(266) Pause Young (Normal) (G1 Evacuation Pause) 893M->717M(978M) 50.266ms
[109.558s][info][gc,cpu      ] GC(266) User=0.09s Sys=0.00s Real=0.05s
[109.703s][info][gc,marking  ] GC(261) Concurrent Rebuild Remembered Sets and Scrub Regions 695.154ms
[109.703s][info][gc,start    ] GC(261) Pause Cleanup
[109.704s][info][gc          ] GC(261) Pause Cleanup 755M->755M(978M) 0.106ms
[109.704s][info][gc,cpu      ] GC(261) User=0.00s Sys=0.00s Real=0.00s
[109.704s][info][gc,marking  ] GC(261) Concurrent Clear Claimed Marks
[109.704s][info][gc,marking  ] GC(261) Concurrent Clear Claimed Marks 0.027ms
[109.704s][info][gc,marking  ] GC(261) Concurrent Cleanup for Next Mark
[109.709s][info][gc,marking  ] GC(261) Concurrent Cleanup for Next Mark 4.865ms
[109.709s][info][gc          ] GC(261) Concurrent Mark Cycle 2464.896ms
[109.942s][info][gc,start    ] GC(267) Pause Young (Prepare Mixed) (G1 Evacuation Pause)
[109.942s][info][gc,task     ] GC(267) Using 2 workers of 2 for evacuation
[109.982s][info][gc,phases   ] GC(267)   Pre Evacuate Collection Set: 0.50ms
[109.982s][info][gc,phases   ] GC(267)   Merge Heap Roots: 0.19ms
[109.982s][info][gc,phases   ] GC(267)   Evacuate Collection Set: 38.91ms
[109.982s][info][gc,phases   ] GC(267)   Post Evacuate Collection Set: 0.40ms
[109.982s][info][gc,phases   ] GC(267)   Other: 0.09ms
[109.982s][info][gc,heap     ] GC(267) Eden regions: 183->0(182)
[109.982s][info][gc,heap     ] GC(267) Survivor regions: 27->14(27)
[109.982s][info][gc,heap     ] GC(267) Old regions: 682->709
[109.982s][info][gc,heap     ] GC(267) Humongous regions: 9->9
[109.982s][info][gc,metaspace] GC(267) Metaspace: 18251K(18432K)->18251K(18432K) NonClass: 15587K(15680K)->15587K(15680K) Class: 2664K(2752K)->2664K(2752K)
[109.982s][info][gc          ] GC(267) Pause Young (Prepare Mixed) (G1 Evacuation Pause) 900M->731M(978M) 40.333ms
[109.982s][info][gc,cpu      ] GC(267) User=0.08s Sys=0.00s Real=0.04s
[110.244s][info][gc,start    ] GC(268) Pause Young (Mixed) (G1 Evacuation Pause)
[110.244s][info][gc,task     ] GC(268) Using 2 workers of 2 for evacuation
[110.275s][info][gc,phases   ] GC(268)   Pre Evacuate Collection Set: 0.50ms
[110.275s][info][gc,phases   ] GC(268)   Merge Heap Roots: 0.17ms
[110.275s][info][gc,phases   ] GC(268)   Evacuate Collection Set: 30.19ms
[110.275s][info][gc,phases   ] GC(268)   Post Evacuate Collection Set: 0.40ms
[110.275s][info][gc,phases   ] GC(268)   Other: 0.09ms
[110.275s][info][gc,heap     ] GC(268) Eden regions: 182->0(170)
[110.275s][info][gc,heap     ] GC(268) Survivor regions: 14->24(25)
[110.275s][info][gc,heap     ] GC(268) Old regions: 709->701
[110.275s][info][gc,heap     ] GC(268) Humongous regions: 9->9
[110.275s][info][gc,metaspace] GC(268) Metaspace: 18251K(18432K)->18251K(18432K) NonClass: 15587K(15680K)->15587K(15680K) Class: 2664K(2752K)->2664K(2752K)
[110.275s][info][gc          ] GC(268) Pause Young (Mixed) (G1 Evacuation Pause) 913M->734M(978M) 31.578ms
[110.275s][info][gc,cpu      ] GC(268) User=0.06s Sys=0.00s Real=0.03s
[110.460s][info][gc,start    ] GC(269) Pause Young (Concurrent Start) (G1 Evacuation Pause)
[110.460s][info][gc,task     ] GC(269) Using 2 workers of 2 for evacuation
[110.496s][info][gc,phases   ] GC(269)   Pre Evacuate Collection Set: 0.32ms
[110.496s][info][gc,phases   ] GC(269)   Merge Heap Roots: 0.10ms
[110.496s][info][gc,phases   ] GC(269)   Evacuate Collection Set: 35.52ms
[110.496s][info][gc,phases   ] GC(269)   Post Evacuate Collection Set: 0.48ms
[110.497s][info][gc,phases   ] GC(269)   Other: 0.11ms
[110.497s][info][gc,heap     ] GC(269) Eden regions: 170->0(169)
[110.497s][info][gc,heap     ] GC(269) Survivor regions: 24->15(25)
[110.497s][info][gc,heap     ] GC(269) Old regions: 701->720
[110.497s][info][gc,heap     ] GC(269) Humongous regions: 9->9
[110.497s][info][gc,metaspace] GC(269) Metaspace: 18252K(18432K)->18252K(18432K) NonClass: 15588K(15680K)->15588K(15680K) Class: 2664K(2752K)->2664K(2752K)
[110.497s][info][gc          ] GC(269) Pause Young (Concurrent Start) (G1 Evacuation Pause) 904M->743M(978M) 36.786ms
[110.497s][info][gc          ] GC(270) Concurrent Mark Cycle
[110.497s][info][gc,marking  ] GC(270) Concurrent Scan Root Regions
[110.499s][info][gc,cpu      ] GC(269) User=0.07s Sys=0.00s Real=0.04s
[110.538s][info][gc,marking  ] GC(270) Concurrent Scan Root Regions 41.420ms
[110.538s][info][gc,marking  ] GC(270) Concurrent Mark
[110.538s][info][gc,marking  ] GC(270) Concurrent Mark From Roots
[110.538s][info][gc,task     ] GC(270) Using 1 workers of 1 for marking
[111.044s][info][gc,start    ] GC(271) Pause Young (Normal) (G1 Evacuation Pause)
[111.044s][info][gc,task     ] GC(271) Using 2 workers of 2 for evacuation
[111.068s][info][gc,phases   ] GC(271)   Pre Evacuate Collection Set: 0.50ms
[111.068s][info][gc,phases   ] GC(271)   Merge Heap Roots: 0.16ms
[111.068s][info][gc,phases   ] GC(271)   Evacuate Collection Set: 22.79ms
[111.068s][info][gc,phases   ] GC(271)   Post Evacuate Collection Set: 0.38ms
[111.068s][info][gc,phases   ] GC(271)   Other: 0.09ms
[111.068s][info][gc,heap     ] GC(271) Eden regions: 169->0(176)
[111.068s][info][gc,heap     ] GC(271) Survivor regions: 15->4(23)
[111.068s][info][gc,heap     ] GC(271) Old regions: 720->735
[111.068s][info][gc,heap     ] GC(271) Humongous regions: 9->9
[111.068s][info][gc,metaspace] GC(271) Metaspace: 18253K(18432K)->18253K(18432K) NonClass: 15589K(15680K)->15589K(15680K) Class: 2664K(2752K)->2664K(2752K)
[111.068s][info][gc          ] GC(271) Pause Young (Normal) (G1 Evacuation Pause) 912M->748M(978M) 24.136ms
[111.068s][info][gc,cpu      ] GC(271) User=0.05s Sys=0.00s Real=0.02s
[111.507s][info][gc,start    ] GC(272) Pause Young (Normal) (G1 Evacuation Pause)
[111.508s][info][gc,task     ] GC(272) Using 2 workers of 2 for evacuation
[111.526s][info][gc,phases   ] GC(272)   Pre Evacuate Collection Set: 0.30ms
[111.526s][info][gc,phases   ] GC(272)   Merge Heap Roots: 0.13ms
[111.526s][info][gc,phases   ] GC(272)   Evacuate Collection Set: 17.94ms
[111.526s][info][gc,phases   ] GC(272)   Post Evacuate Collection Set: 0.38ms
[111.526s][info][gc,phases   ] GC(272)   Other: 0.09ms
[111.526s][info][gc,heap     ] GC(272) Eden regions: 176->0(150)
[111.526s][info][gc,heap     ] GC(272) Survivor regions: 4->17(23)
[111.526s][info][gc,heap     ] GC(272) Old regions: 735->735
[111.526s][info][gc,heap     ] GC(272) Humongous regions: 9->9
[111.526s][info][gc,metaspace] GC(272) Metaspace: 18255K(18432K)->18255K(18432K) NonClass: 15591K(15680K)->15591K(15680K) Class: 2664K(2752K)->2664K(2752K)
[111.526s][info][gc          ] GC(272) Pause Young (Normal) (G1 Evacuation Pause) 924M->761M(978M) 19.072ms
[111.527s][info][gc,cpu      ] GC(272) User=0.04s Sys=0.00s Real=0.02s
[111.581s][info][gc,marking  ] GC(270) Concurrent Mark From Roots 1042.500ms
[111.581s][info][gc,marking  ] GC(270) Concurrent Preclean
[111.581s][info][gc,marking  ] GC(270) Concurrent Preclean 0.029ms
[111.581s][info][gc,start    ] GC(270) Pause Remark
[111.588s][info][gc          ] GC(270) Pause Remark 788M->505M(978M) 7.053ms
[111.588s][info][gc,cpu      ] GC(270) User=0.01s Sys=0.00s Real=0.01s
[111.588s][info][gc,marking  ] GC(270) Concurrent Mark 1050.262ms
[111.588s][info][gc,marking  ] GC(270) Concurrent Rebuild Remembered Sets and Scrub Regions
[111.869s][info][gc,start    ] GC(273) Pause Young (Normal) (G1 Evacuation Pause)
[111.869s][info][gc,task     ] GC(273) Using 2 workers of 2 for evacuation
[111.893s][info][gc,phases   ] GC(273)   Pre Evacuate Collection Set: 0.28ms
[111.893s][info][gc,phases   ] GC(273)   Merge Heap Roots: 0.10ms
[111.893s][info][gc,phases   ] GC(273)   Evacuate Collection Set: 23.17ms
[111.893s][info][gc,phases   ] GC(273)   Post Evacuate Collection Set: 0.35ms
[111.893s][info][gc,phases   ] GC(273)   Other: 0.09ms
[111.893s][info][gc,heap     ] GC(273) Eden regions: 150->0(367)
[111.893s][info][gc,heap     ] GC(273) Survivor regions: 17->9(21)
[111.893s][info][gc,heap     ] GC(273) Old regions: 457->474
[111.893s][info][gc,heap     ] GC(273) Humongous regions: 4->4
[111.893s][info][gc,metaspace] GC(273) Metaspace: 18256K(18432K)->18256K(18432K) NonClass: 15592K(15680K)->15592K(15680K) Class: 2664K(2752K)->2664K(2752K)
[111.893s][info][gc          ] GC(273) Pause Young (Normal) (G1 Evacuation Pause) 628M->487M(978M) 24.160ms
[111.893s][info][gc,cpu      ] GC(273) User=0.05s Sys=0.00s Real=0.03s
[112.017s][info][gc,marking  ] GC(270) Concurrent Rebuild Remembered Sets and Scrub Regions 428.967ms
[112.018s][info][gc,start    ] GC(270) Pause Cleanup
[112.018s][info][gc          ] GC(270) Pause Cleanup 623M->623M(978M) 0.125ms
[112.018s][info][gc,cpu      ] GC(270) User=0.00s Sys=0.00s Real=0.00s
[112.018s][info][gc,marking  ] GC(270) Concurrent Clear Claimed Marks
[112.018s][info][gc,marking  ] GC(270) Concurrent Clear Claimed Marks 0.026ms
[112.018s][info][gc,marking  ] GC(270) Concurrent Cleanup for Next Mark
[112.021s][info][gc,marking  ] GC(270) Concurrent Cleanup for Next Mark 2.860ms
[112.021s][info][gc          ] GC(270) Concurrent Mark Cycle 1524.015ms
[112.352s][info][gc,start    ] GC(274) Pause Young (Prepare Mixed) (G1 Evacuation Pause)
[112.352s][info][gc,task     ] GC(274) Using 2 workers of 2 for evacuation
[112.434s][info][gc,phases   ] GC(274)   Pre Evacuate Collection Set: 0.49ms
[112.434s][info][gc,phases   ] GC(274)   Merge Heap Roots: 0.13ms
[112.434s][info][gc,phases   ] GC(274)   Evacuate Collection Set: 80.01ms
[112.434s][info][gc,phases   ] GC(274)   Post Evacuate Collection Set: 0.74ms
[112.434s][info][gc,phases   ] GC(274)   Other: 0.11ms
[112.434s][info][gc,heap     ] GC(274) Eden regions: 367->0(302)
[112.434s][info][gc,heap     ] GC(274) Survivor regions: 9->47(47)
[112.434s][info][gc,heap     ] GC(274) Old regions: 474->509
[112.434s][info][gc,heap     ] GC(274) Humongous regions: 4->4
[112.434s][info][gc,metaspace] GC(274) Metaspace: 18257K(18432K)->18257K(18432K) NonClass: 15593K(15680K)->15593K(15680K) Class: 2664K(2752K)->2664K(2752K)
[112.434s][info][gc          ] GC(274) Pause Young (Prepare Mixed) (G1 Evacuation Pause) 854M->559M(978M) 81.736ms
[112.434s][info][gc,cpu      ] GC(274) User=0.16s Sys=0.01s Real=0.08s
[112.768s][info][gc,start    ] GC(275) Pause Young (Mixed) (G1 Evacuation Pause)
[112.768s][info][gc,task     ] GC(275) Using 2 workers of 2 for evacuation
[112.889s][info][gc,phases   ] GC(275)   Pre Evacuate Collection Set: 0.30ms
[112.889s][info][gc,phases   ] GC(275)   Merge Heap Roots: 0.49ms
[112.889s][info][gc,phases   ] GC(275)   Evacuate Collection Set: 118.72ms
[112.889s][info][gc,phases   ] GC(275)   Post Evacuate Collection Set: 0.79ms
[112.889s][info][gc,phases   ] GC(275)   Other: 0.10ms
[112.889s][info][gc,heap     ] GC(275) Eden regions: 302->0(285)
[112.889s][info][gc,heap     ] GC(275) Survivor regions: 47->44(44)
[112.889s][info][gc,heap     ] GC(275) Old regions: 509->524
[112.889s][info][gc,heap     ] GC(275) Humongous regions: 7->7
[112.889s][info][gc,metaspace] GC(275) Metaspace: 18257K(18432K)->18257K(18432K) NonClass: 15593K(15680K)->15593K(15680K) Class: 2664K(2752K)->2664K(2752K)
[112.889s][info][gc          ] GC(275) Pause Young (Mixed) (G1 Evacuation Pause) 864M->574M(978M) 120.644ms
[112.889s][info][gc,cpu      ] GC(275) User=0.24s Sys=0.00s Real=0.12s
[113.187s][info][gc,start    ] GC(276) Pause Young (Concurrent Start) (G1 Evacuation Pause)
[113.187s][info][gc,task     ] GC(276) Using 2 workers of 2 for evacuation
[113.248s][info][gc,phases   ] GC(276)   Pre Evacuate Collection Set: 0.29ms
[113.248s][info][gc,phases   ] GC(276)   Merge Heap Roots: 0.28ms
[113.248s][info][gc,phases   ] GC(276)   Evacuate Collection Set: 59.59ms
[113.248s][info][gc,phases   ] GC(276)   Post Evacuate Collection Set: 0.51ms
[113.248s][info][gc,phases   ] GC(276)   Other: 0.14ms
[113.248s][info][gc,heap     ] GC(276) Eden regions: 285->0(294)
[113.248s][info][gc,heap     ] GC(276) Survivor regions: 44->6(42)
[113.248s][info][gc,heap     ] GC(276) Old regions: 524->568
[113.248s][info][gc,heap     ] GC(276) Humongous regions: 7->7
[113.248s][info][gc,metaspace] GC(276) Metaspace: 18257K(18432K)->18257K(18432K) NonClass: 15593K(15680K)->15593K(15680K) Class: 2664K(2752K)->2664K(2752K)
[113.248s][info][gc          ] GC(276) Pause Young (Concurrent Start) (G1 Evacuation Pause) 859M->580M(978M) 61.006ms
[113.248s][info][gc          ] GC(277) Concurrent Mark Cycle
[113.248s][info][gc,marking  ] GC(277) Concurrent Scan Root Regions
[113.249s][info][gc,cpu      ] GC(276) User=0.13s Sys=0.00s Real=0.06s
[113.344s][info][gc,marking  ] GC(277) Concurrent Scan Root Regions 95.969ms
[113.344s][info][gc,marking  ] GC(277) Concurrent Mark
[113.344s][info][gc,marking  ] GC(277) Concurrent Mark From Roots
[113.344s][info][gc,task     ] GC(277) Using 1 workers of 1 for marking
[113.771s][info][gc,start    ] GC(278) Pause Young (Normal) (G1 Evacuation Pause)
[113.771s][info][gc,task     ] GC(278) Using 2 workers of 2 for evacuation
[113.846s][info][gc,phases   ] GC(278)   Pre Evacuate Collection Set: 0.49ms
[113.846s][info][gc,phases   ] GC(278)   Merge Heap Roots: 0.29ms
[113.846s][info][gc,phases   ] GC(278)   Evacuate Collection Set: 73.61ms
[113.846s][info][gc,phases   ] GC(278)   Post Evacuate Collection Set: 0.69ms
[113.846s][info][gc,phases   ] GC(278)   Other: 0.11ms
[113.846s][info][gc,heap     ] GC(278) Eden regions: 294->0(230)
[113.846s][info][gc,heap     ] GC(278) Survivor regions: 6->38(38)
[113.846s][info][gc,heap     ] GC(278) Old regions: 568->602
[113.846s][info][gc,heap     ] GC(278) Humongous regions: 7->7
[113.846s][info][gc,metaspace] GC(278) Metaspace: 18257K(18432K)->18257K(18432K) NonClass: 15593K(15680K)->15593K(15680K) Class: 2664K(2752K)->2664K(2752K)
[113.846s][info][gc          ] GC(278) Pause Young (Normal) (G1 Evacuation Pause) 874M->646M(978M) 75.434ms
[113.847s][info][gc,cpu      ] GC(278) User=0.15s Sys=0.00s Real=0.07s
[114.233s][info][gc,marking  ] GC(277) Concurrent Mark From Roots 888.995ms
[114.233s][info][gc,marking  ] GC(277) Concurrent Preclean
[114.233s][info][gc,marking  ] GC(277) Concurrent Preclean 0.033ms
[114.233s][info][gc,start    ] GC(277) Pause Remark
[114.240s][info][gc          ] GC(277) Pause Remark 742M->563M(978M) 6.934ms
[114.240s][info][gc,cpu      ] GC(277) User=0.01s Sys=0.00s Real=0.00s
[114.241s][info][gc,marking  ] GC(277) Concurrent Mark 896.301ms
[114.241s][info][gc,marking  ] GC(277) Concurrent Rebuild Remembered Sets and Scrub Regions
[114.544s][info][gc,start    ] GC(279) Pause Young (Normal) (G1 Evacuation Pause)
[114.544s][info][gc,task     ] GC(279) Using 2 workers of 2 for evacuation
[114.621s][info][gc,phases   ] GC(279)   Pre Evacuate Collection Set: 0.50ms
[114.621s][info][gc,phases   ] GC(279)   Merge Heap Roots: 0.56ms
[114.621s][info][gc,phases   ] GC(279)   Evacuate Collection Set: 75.63ms
[114.621s][info][gc,phases   ] GC(279)   Post Evacuate Collection Set: 0.49ms
[114.621s][info][gc,phases   ] GC(279)   Other: 0.08ms
[114.621s][info][gc,heap     ] GC(279) Eden regions: 230->0(339)
[114.621s][info][gc,heap     ] GC(279) Survivor regions: 38->18(34)
[114.621s][info][gc,heap     ] GC(279) Old regions: 426->464
[114.621s][info][gc,heap     ] GC(279) Humongous regions: 5->5
[114.621s][info][gc,metaspace] GC(279) Metaspace: 18262K(18432K)->18262K(18432K) NonClass: 15598K(15680K)->15598K(15680K) Class: 2664K(2752K)->2664K(2752K)
[114.621s][info][gc          ] GC(279) Pause Young (Normal) (G1 Evacuation Pause) 698M->487M(978M) 77.497ms
[114.621s][info][gc,cpu      ] GC(279) User=0.15s Sys=0.00s Real=0.08s
[114.692s][info][gc,marking  ] GC(277) Concurrent Rebuild Remembered Sets and Scrub Regions 451.415ms
[114.692s][info][gc,start    ] GC(277) Pause Cleanup
[114.692s][info][gc          ] GC(277) Pause Cleanup 521M->521M(978M) 0.127ms
[114.692s][info][gc,cpu      ] GC(277) User=0.00s Sys=0.00s Real=0.00s
[114.692s][info][gc,marking  ] GC(277) Concurrent Clear Claimed Marks
[114.692s][info][gc,marking  ] GC(277) Concurrent Clear Claimed Marks 0.034ms
[114.692s][info][gc,marking  ] GC(277) Concurrent Cleanup for Next Mark
[114.697s][info][gc,marking  ] GC(277) Concurrent Cleanup for Next Mark 4.976ms
[114.697s][info][gc          ] GC(277) Concurrent Mark Cycle 1449.238ms
[115.039s][info][gc,start    ] GC(280) Pause Young (Prepare Mixed) (G1 Evacuation Pause)
[115.039s][info][gc,task     ] GC(280) Using 2 workers of 2 for evacuation
[115.093s][info][gc,phases   ] GC(280)   Pre Evacuate Collection Set: 0.31ms
[115.093s][info][gc,phases   ] GC(280)   Merge Heap Roots: 0.23ms
[115.093s][info][gc,phases   ] GC(280)   Evacuate Collection Set: 52.43ms
[115.093s][info][gc,phases   ] GC(280)   Post Evacuate Collection Set: 0.55ms
[115.093s][info][gc,phases   ] GC(280)   Other: 0.10ms
[115.093s][info][gc,heap     ] GC(280) Eden regions: 339->0(330)
[115.093s][info][gc,heap     ] GC(280) Survivor regions: 18->44(45)
[115.093s][info][gc,heap     ] GC(280) Old regions: 464->464
[115.093s][info][gc,heap     ] GC(280) Humongous regions: 5->5
[115.093s][info][gc,metaspace] GC(280) Metaspace: 18264K(18432K)->18264K(18432K) NonClass: 15599K(15680K)->15599K(15680K) Class: 2664K(2752K)->2664K(2752K)
[115.093s][info][gc          ] GC(280) Pause Young (Prepare Mixed) (G1 Evacuation Pause) 826M->513M(978M) 53.905ms
[115.093s][info][gc,cpu      ] GC(280) User=0.11s Sys=0.00s Real=0.06s
[115.803s][info][gc,start    ] GC(281) Pause Young (Mixed) (G1 Evacuation Pause)
[115.803s][info][gc,task     ] GC(281) Using 2 workers of 2 for evacuation
[115.858s][info][gc,phases   ] GC(281)   Pre Evacuate Collection Set: 0.32ms
[115.858s][info][gc,phases   ] GC(281)   Merge Heap Roots: 0.25ms
[115.858s][info][gc,phases   ] GC(281)   Evacuate Collection Set: 53.55ms
[115.858s][info][gc,phases   ] GC(281)   Post Evacuate Collection Set: 0.54ms
[115.858s][info][gc,phases   ] GC(281)   Other: 0.08ms
[115.858s][info][gc,heap     ] GC(281) Eden regions: 330->0(372)
[115.858s][info][gc,heap     ] GC(281) Survivor regions: 44->4(47)
[115.858s][info][gc,heap     ] GC(281) Old regions: 464->471
[115.858s][info][gc,heap     ] GC(281) Humongous regions: 5->5
[115.858s][info][gc,metaspace] GC(281) Metaspace: 18264K(18432K)->18264K(18432K) NonClass: 15599K(15680K)->15599K(15680K) Class: 2664K(2752K)->2664K(2752K)
[115.858s][info][gc          ] GC(281) Pause Young (Mixed) (G1 Evacuation Pause) 843M->479M(978M) 54.978ms
[115.858s][info][gc,cpu      ] GC(281) User=0.10s Sys=0.00s Real=0.05s
[116.395s][info][gc,start    ] GC(282) Pause Young (Concurrent Start) (G1 Evacuation Pause)
[116.395s][info][gc,task     ] GC(282) Using 2 workers of 2 for evacuation
[116.468s][info][gc,phases   ] GC(282)   Pre Evacuate Collection Set: 0.32ms
[116.468s][info][gc,phases   ] GC(282)   Merge Heap Roots: 0.29ms
[116.468s][info][gc,phases   ] GC(282)   Evacuate Collection Set: 71.80ms
[116.468s][info][gc,phases   ] GC(282)   Post Evacuate Collection Set: 0.69ms
[116.468s][info][gc,phases   ] GC(282)   Other: 0.20ms
[116.468s][info][gc,heap     ] GC(282) Eden regions: 372->0(299)
[116.468s][info][gc,heap     ] GC(282) Survivor regions: 4->47(47)
[116.468s][info][gc,heap     ] GC(282) Old regions: 471->495
[116.468s][info][gc,heap     ] GC(282) Humongous regions: 5->5
[116.468s][info][gc,metaspace] GC(282) Metaspace: 18264K(18432K)->18264K(18432K) NonClass: 15599K(15680K)->15599K(15680K) Class: 2664K(2752K)->2664K(2752K)
[116.468s][info][gc          ] GC(282) Pause Young (Concurrent Start) (G1 Evacuation Pause) 851M->547M(978M) 73.527ms
[116.468s][info][gc,cpu      ] GC(282) User=0.14s Sys=0.00s Real=0.07s
[116.468s][info][gc          ] GC(283) Concurrent Mark Cycle
[116.468s][info][gc,marking  ] GC(283) Concurrent Scan Root Regions
[116.533s][info][gc,marking  ] GC(283) Concurrent Scan Root Regions 64.262ms
[116.533s][info][gc,marking  ] GC(283) Concurrent Mark
[116.533s][info][gc,marking  ] GC(283) Concurrent Mark From Roots
[116.533s][info][gc,task     ] GC(283) Using 1 workers of 1 for marking
[117.261s][info][gc,start    ] GC(284) Pause Young (Normal) (G1 Evacuation Pause)
[117.261s][info][gc,task     ] GC(284) Using 2 workers of 2 for evacuation
[117.354s][info][gc,phases   ] GC(284)   Pre Evacuate Collection Set: 0.30ms
[117.354s][info][gc,phases   ] GC(284)   Merge Heap Roots: 0.55ms
[117.354s][info][gc,phases   ] GC(284)   Evacuate Collection Set: 91.66ms
[117.354s][info][gc,phases   ] GC(284)   Post Evacuate Collection Set: 0.59ms
[117.354s][info][gc,phases   ] GC(284)   Other: 0.09ms
[117.354s][info][gc,heap     ] GC(284) Eden regions: 299->0(294)
[117.354s][info][gc,heap     ] GC(284) Survivor regions: 47->19(44)
[117.354s][info][gc,heap     ] GC(284) Old regions: 495->543
[117.354s][info][gc,heap     ] GC(284) Humongous regions: 8->8
[117.354s][info][gc,metaspace] GC(284) Metaspace: 18266K(18432K)->18266K(18432K) NonClass: 15602K(15680K)->15602K(15680K) Class: 2664K(2752K)->2664K(2752K)
[117.355s][info][gc          ] GC(284) Pause Young (Normal) (G1 Evacuation Pause) 849M->569M(978M) 93.447ms
[117.355s][info][gc,cpu      ] GC(284) User=0.18s Sys=0.00s Real=0.09s
[117.450s][info][gc,marking  ] GC(283) Concurrent Mark From Roots 917.656ms
[117.450s][info][gc,marking  ] GC(283) Concurrent Preclean
[117.450s][info][gc,marking  ] GC(283) Concurrent Preclean 0.029ms
[117.451s][info][gc,start    ] GC(283) Pause Remark
[117.457s][info][gc          ] GC(283) Pause Remark 602M->468M(978M) 6.596ms
[117.457s][info][gc,cpu      ] GC(283) User=0.02s Sys=0.00s Real=0.01s
[117.457s][info][gc,marking  ] GC(283) Concurrent Mark 924.575ms
[117.457s][info][gc,marking  ] GC(283) Concurrent Rebuild Remembered Sets and Scrub Regions
[117.831s][info][gc,marking  ] GC(283) Concurrent Rebuild Remembered Sets and Scrub Regions 373.696ms
[117.831s][info][gc,start    ] GC(283) Pause Cleanup
[117.831s][info][gc          ] GC(283) Pause Cleanup 721M->721M(978M) 0.097ms
[117.831s][info][gc,cpu      ] GC(283) User=0.00s Sys=0.00s Real=0.00s
[117.833s][info][gc,marking  ] GC(283) Concurrent Clear Claimed Marks
[117.833s][info][gc,marking  ] GC(283) Concurrent Clear Claimed Marks 0.037ms
[117.833s][info][gc,marking  ] GC(283) Concurrent Cleanup for Next Mark
[117.840s][info][gc,marking  ] GC(283) Concurrent Cleanup for Next Mark 7.171ms
[117.840s][info][gc          ] GC(283) Concurrent Mark Cycle 1371.552ms
[117.850s][info][gc,start    ] GC(285) Pause Young (Prepare Mixed) (G1 Evacuation Pause)
[117.850s][info][gc,task     ] GC(285) Using 2 workers of 2 for evacuation
[117.941s][info][gc,phases   ] GC(285)   Pre Evacuate Collection Set: 0.46ms
[117.941s][info][gc,phases   ] GC(285)   Merge Heap Roots: 0.48ms
[117.941s][info][gc,phases   ] GC(285)   Evacuate Collection Set: 89.43ms
[117.941s][info][gc,phases   ] GC(285)   Post Evacuate Collection Set: 0.78ms
[117.941s][info][gc,phases   ] GC(285)   Other: 0.10ms
[117.941s][info][gc,heap     ] GC(285) Eden regions: 294->0(325)
[117.941s][info][gc,heap     ] GC(285) Survivor regions: 19->40(40)
[117.941s][info][gc,heap     ] GC(285) Old regions: 411->457
[117.941s][info][gc,heap     ] GC(285) Humongous regions: 6->6
[117.941s][info][gc,metaspace] GC(285) Metaspace: 18272K(18432K)->18272K(18432K) NonClass: 15608K(15680K)->15608K(15680K) Class: 2664K(2752K)->2664K(2752K)
[117.941s][info][gc          ] GC(285) Pause Young (Prepare Mixed) (G1 Evacuation Pause) 729M->502M(978M) 91.432ms
[117.941s][info][gc,cpu      ] GC(285) User=0.18s Sys=0.00s Real=0.10s
[118.339s][info][gc,start    ] GC(286) Pause Young (Mixed) (G1 Evacuation Pause)
[118.339s][info][gc,task     ] GC(286) Using 2 workers of 2 for evacuation
[118.429s][info][gc,phases   ] GC(286)   Pre Evacuate Collection Set: 0.30ms
[118.430s][info][gc,phases   ] GC(286)   Merge Heap Roots: 0.59ms
[118.430s][info][gc,phases   ] GC(286)   Evacuate Collection Set: 88.63ms
[118.430s][info][gc,phases   ] GC(286)   Post Evacuate Collection Set: 0.69ms
[118.430s][info][gc,phases   ] GC(286)   Other: 0.09ms
[118.430s][info][gc,heap     ] GC(286) Eden regions: 325->0(345)
[118.430s][info][gc,heap     ] GC(286) Survivor regions: 40->19(46)
[118.430s][info][gc,heap     ] GC(286) Old regions: 457->469
[118.430s][info][gc,heap     ] GC(286) Humongous regions: 9->9
[118.430s][info][gc,metaspace] GC(286) Metaspace: 18272K(18432K)->18272K(18432K) NonClass: 15608K(15680K)->15608K(15680K) Class: 2664K(2752K)->2664K(2752K)
[118.430s][info][gc          ] GC(286) Pause Young (Mixed) (G1 Evacuation Pause) 830M->496M(978M) 90.539ms
[118.430s][info][gc,cpu      ] GC(286) User=0.18s Sys=0.00s Real=0.09s
[118.955s][info][gc,start    ] GC(287) Pause Young (Concurrent Start) (G1 Evacuation Pause)
[118.955s][info][gc,task     ] GC(287) Using 2 workers of 2 for evacuation
[118.987s][info][gc,phases   ] GC(287)   Pre Evacuate Collection Set: 0.30ms
[118.987s][info][gc,phases   ] GC(287)   Merge Heap Roots: 0.32ms
[118.987s][info][gc,phases   ] GC(287)   Evacuate Collection Set: 31.30ms
[118.987s][info][gc,phases   ] GC(287)   Post Evacuate Collection Set: 0.60ms
[118.987s][info][gc,phases   ] GC(287)   Other: 0.11ms
[118.987s][info][gc,heap     ] GC(287) Eden regions: 345->0(369)
[118.987s][info][gc,heap     ] GC(287) Survivor regions: 19->19(46)
[118.987s][info][gc,heap     ] GC(287) Old regions: 469->469
[118.987s][info][gc,heap     ] GC(287) Humongous regions: 9->9
[118.987s][info][gc,metaspace] GC(287) Metaspace: 18272K(18432K)->18272K(18432K) NonClass: 15608K(15680K)->15608K(15680K) Class: 2664K(2752K)->2664K(2752K)
[118.987s][info][gc          ] GC(287) Pause Young (Concurrent Start) (G1 Evacuation Pause) 841M->496M(978M) 32.869ms
[118.987s][info][gc          ] GC(288) Concurrent Mark Cycle
[118.988s][info][gc,marking  ] GC(288) Concurrent Scan Root Regions
[118.988s][info][gc,cpu      ] GC(287) User=0.06s Sys=0.00s Real=0.03s
[119.017s][info][gc,marking  ] GC(288) Concurrent Scan Root Regions 29.735ms
[119.017s][info][gc,marking  ] GC(288) Concurrent Mark
[119.017s][info][gc,marking  ] GC(288) Concurrent Mark From Roots
[119.017s][info][gc,task     ] GC(288) Using 1 workers of 1 for marking
[120.145s][info][gc,start    ] GC(289) Pause Young (Normal) (G1 Evacuation Pause)
[120.145s][info][gc,task     ] GC(289) Using 2 workers of 2 for evacuation
[120.179s][info][gc,phases   ] GC(289)   Pre Evacuate Collection Set: 0.26ms
[120.179s][info][gc,phases   ] GC(289)   Merge Heap Roots: 0.29ms
[120.179s][info][gc,phases   ] GC(289)   Evacuate Collection Set: 32.04ms
[120.179s][info][gc,phases   ] GC(289)   Post Evacuate Collection Set: 0.61ms
[120.179s][info][gc,phases   ] GC(289)   Other: 0.11ms
[120.179s][info][gc,heap     ] GC(289) Eden regions: 369->0(388)
[120.179s][info][gc,heap     ] GC(289) Survivor regions: 19->19(49)
[120.179s][info][gc,heap     ] GC(289) Old regions: 469->469
[120.179s][info][gc,heap     ] GC(289) Humongous regions: 9->9
[120.179s][info][gc,metaspace] GC(289) Metaspace: 18272K(18432K)->18272K(18432K) NonClass: 15608K(15680K)->15608K(15680K) Class: 2664K(2752K)->2664K(2752K)
[120.179s][info][gc          ] GC(289) Pause Young (Normal) (G1 Evacuation Pause) 865M->496M(978M) 33.525ms
[120.179s][info][gc,cpu      ] GC(289) User=0.06s Sys=0.00s Real=0.03s
[120.306s][info][gc,marking  ] GC(288) Concurrent Mark From Roots 1288.376ms
[120.306s][info][gc,marking  ] GC(288) Concurrent Preclean
[120.306s][info][gc,marking  ] GC(288) Concurrent Preclean 0.032ms
[120.306s][info][gc,start    ] GC(288) Pause Remark
[120.313s][info][gc          ] GC(288) Pause Remark 527M->525M(978M) 6.582ms
[120.313s][info][gc,cpu      ] GC(288) User=0.01s Sys=0.00s Real=0.01s
[120.315s][info][gc,marking  ] GC(288) Concurrent Mark 1297.733ms
[120.315s][info][gc,marking  ] GC(288) Concurrent Rebuild Remembered Sets and Scrub Regions
[120.815s][info][gc,marking  ] GC(288) Concurrent Rebuild Remembered Sets and Scrub Regions 500.114ms
[120.816s][info][gc,start    ] GC(288) Pause Cleanup
[120.816s][info][gc          ] GC(288) Pause Cleanup 806M->806M(978M) 0.113ms
[120.816s][info][gc,cpu      ] GC(288) User=0.00s Sys=0.00s Real=0.00s
[120.816s][info][gc,marking  ] GC(288) Concurrent Clear Claimed Marks
[120.816s][info][gc,marking  ] GC(288) Concurrent Clear Claimed Marks 0.040ms
[120.816s][info][gc,marking  ] GC(288) Concurrent Cleanup for Next Mark
[120.821s][info][gc,marking  ] GC(288) Concurrent Cleanup for Next Mark 4.917ms
[120.821s][info][gc          ] GC(288) Concurrent Mark Cycle 1833.676ms
[120.874s][info][gc,start    ] GC(290) Pause Young (Prepare Mixed) (G1 Evacuation Pause)
[120.874s][info][gc,task     ] GC(290) Using 2 workers of 2 for evacuation
[120.947s][info][gc,phases   ] GC(290)   Pre Evacuate Collection Set: 0.28ms
[120.948s][info][gc,phases   ] GC(290)   Merge Heap Roots: 0.60ms
[120.948s][info][gc,phases   ] GC(290)   Evacuate Collection Set: 71.74ms
[120.948s][info][gc,phases   ] GC(290)   Post Evacuate Collection Set: 0.67ms
[120.948s][info][gc,phases   ] GC(290)   Other: 0.07ms
[120.948s][info][gc,heap     ] GC(290) Eden regions: 388->0(349)
[120.948s][info][gc,heap     ] GC(290) Survivor regions: 19->51(51)
[120.948s][info][gc,heap     ] GC(290) Old regions: 469->470
[120.948s][info][gc,heap     ] GC(290) Humongous regions: 7->7
[120.948s][info][gc,metaspace] GC(290) Metaspace: 18272K(18432K)->18272K(18432K) NonClass: 15608K(15680K)->15608K(15680K) Class: 2664K(2752K)->2664K(2752K)
[120.948s][info][gc          ] GC(290) Pause Young (Prepare Mixed) (G1 Evacuation Pause) 882M->527M(978M) 73.579ms
[120.948s][info][gc,cpu      ] GC(290) User=0.15s Sys=0.00s Real=0.07s
[121.266s][info][gc,start    ] GC(291) Pause Young (Mixed) (G1 Evacuation Pause)
[121.266s][info][gc,task     ] GC(291) Using 2 workers of 2 for evacuation
[121.339s][info][gc,phases   ] GC(291)   Pre Evacuate Collection Set: 0.28ms
[121.339s][info][gc,phases   ] GC(291)   Merge Heap Roots: 0.41ms
[121.339s][info][gc,phases   ] GC(291)   Evacuate Collection Set: 71.99ms
[121.339s][info][gc,phases   ] GC(291)   Post Evacuate Collection Set: 0.55ms
[121.339s][info][gc,phases   ] GC(291)   Other: 0.07ms
[121.339s][info][gc,heap     ] GC(291) Eden regions: 349->0(369)
[121.339s][info][gc,heap     ] GC(291) Survivor regions: 51->7(50)
[121.339s][info][gc,heap     ] GC(291) Old regions: 470->512
[121.339s][info][gc,heap     ] GC(291) Humongous regions: 7->7
[121.339s][info][gc,metaspace] GC(291) Metaspace: 18274K(18432K)->18274K(18432K) NonClass: 15610K(15680K)->15610K(15680K) Class: 2664K(2752K)->2664K(2752K)
[121.339s][info][gc          ] GC(291) Pause Young (Mixed) (G1 Evacuation Pause) 876M->525M(978M) 73.537ms
[121.339s][info][gc,cpu      ] GC(291) User=0.14s Sys=0.00s Real=0.07s
[121.634s][info][gc,start    ] GC(292) Pause Young (Concurrent Start) (G1 Evacuation Pause)
[121.634s][info][gc,task     ] GC(292) Using 2 workers of 2 for evacuation
[121.706s][info][gc,phases   ] GC(292)   Pre Evacuate Collection Set: 0.34ms
[121.706s][info][gc,phases   ] GC(292)   Merge Heap Roots: 0.34ms
[121.706s][info][gc,phases   ] GC(292)   Evacuate Collection Set: 70.92ms
[121.706s][info][gc,phases   ] GC(292)   Post Evacuate Collection Set: 0.56ms
[121.706s][info][gc,phases   ] GC(292)   Other: 0.19ms
[121.706s][info][gc,heap     ] GC(292) Eden regions: 369->0(299)
[121.706s][info][gc,heap     ] GC(292) Survivor regions: 7->47(47)
[121.706s][info][gc,heap     ] GC(292) Old regions: 512->527
[121.706s][info][gc,heap     ] GC(292) Humongous regions: 7->7
[121.706s][info][gc,metaspace] GC(292) Metaspace: 18274K(18432K)->18274K(18432K) NonClass: 15610K(15680K)->15610K(15680K) Class: 2664K(2752K)->2664K(2752K)
[121.706s][info][gc          ] GC(292) Pause Young (Concurrent Start) (G1 Evacuation Pause) 894M->581M(978M) 72.555ms
[121.706s][info][gc,cpu      ] GC(292) User=0.14s Sys=0.00s Real=0.07s
[121.706s][info][gc          ] GC(293) Concurrent Mark Cycle
[121.706s][info][gc,marking  ] GC(293) Concurrent Scan Root Regions
[121.823s][info][gc,marking  ] GC(293) Concurrent Scan Root Regions 116.380ms
[121.823s][info][gc,marking  ] GC(293) Concurrent Mark
[121.823s][info][gc,marking  ] GC(293) Concurrent Mark From Roots
[121.823s][info][gc,task     ] GC(293) Using 1 workers of 1 for marking
[122.295s][info][gc,start    ] GC(294) Pause Young (Normal) (G1 Evacuation Pause)
[122.295s][info][gc,task     ] GC(294) Using 2 workers of 2 for evacuation
[122.349s][info][gc,phases   ] GC(294)   Pre Evacuate Collection Set: 0.30ms
[122.349s][info][gc,phases   ] GC(294)   Merge Heap Roots: 0.27ms
[122.349s][info][gc,phases   ] GC(294)   Evacuate Collection Set: 53.16ms
[122.349s][info][gc,phases   ] GC(294)   Post Evacuate Collection Set: 0.49ms
[122.349s][info][gc,phases   ] GC(294)   Other: 0.08ms
[122.349s][info][gc,heap     ] GC(294) Eden regions: 299->0(309)
[122.349s][info][gc,heap     ] GC(294) Survivor regions: 47->5(44)
[122.349s][info][gc,heap     ] GC(294) Old regions: 527->575
[122.349s][info][gc,heap     ] GC(294) Humongous regions: 7->7
[122.349s][info][gc,metaspace] GC(294) Metaspace: 18276K(18432K)->18276K(18432K) NonClass: 15612K(15680K)->15612K(15680K) Class: 2664K(2752K)->2664K(2752K)
[122.349s][info][gc          ] GC(294) Pause Young (Normal) (G1 Evacuation Pause) 880M->586M(978M) 54.529ms
[122.349s][info][gc,cpu      ] GC(294) User=0.11s Sys=0.00s Real=0.05s
[123.315s][info][gc,start    ] GC(295) Pause Young (Normal) (G1 Evacuation Pause)
[123.315s][info][gc,task     ] GC(295) Using 2 workers of 2 for evacuation
[123.350s][info][gc,phases   ] GC(295)   Pre Evacuate Collection Set: 0.31ms
[123.350s][info][gc,phases   ] GC(295)   Merge Heap Roots: 0.29ms
[123.350s][info][gc,phases   ] GC(295)   Evacuate Collection Set: 33.45ms
[123.350s][info][gc,phases   ] GC(295)   Post Evacuate Collection Set: 0.50ms
[123.350s][info][gc,phases   ] GC(295)   Other: 0.09ms
[123.350s][info][gc,heap     ] GC(295) Eden regions: 309->0(289)
[123.350s][info][gc,heap     ] GC(295) Survivor regions: 5->28(40)
[123.350s][info][gc,heap     ] GC(295) Old regions: 575->575
[123.350s][info][gc,heap     ] GC(295) Humongous regions: 7->7
[123.350s][info][gc,metaspace] GC(295) Metaspace: 18276K(18432K)->18276K(18432K) NonClass: 15612K(15680K)->15612K(15680K) Class: 2664K(2752K)->2664K(2752K)
[123.350s][info][gc          ] GC(295) Pause Young (Normal) (G1 Evacuation Pause) 895M->609M(978M) 34.848ms
[123.350s][info][gc,cpu      ] GC(295) User=0.07s Sys=0.00s Real=0.03s
[123.397s][info][gc,marking  ] GC(293) Concurrent Mark From Roots 1574.583ms
[123.397s][info][gc,marking  ] GC(293) Concurrent Preclean
[123.397s][info][gc,marking  ] GC(293) Concurrent Preclean 0.030ms
[123.399s][info][gc,start    ] GC(293) Pause Remark
[123.406s][info][gc          ] GC(293) Pause Remark 624M->624M(978M) 6.554ms
[123.406s][info][gc,cpu      ] GC(293) User=0.01s Sys=0.00s Real=0.01s
[123.406s][info][gc,marking  ] GC(293) Concurrent Mark 1583.006ms
[123.406s][info][gc,marking  ] GC(293) Concurrent Rebuild Remembered Sets and Scrub Regions
[124.013s][info][gc,marking  ] GC(293) Concurrent Rebuild Remembered Sets and Scrub Regions 607.364ms
[124.013s][info][gc,start    ] GC(293) Pause Cleanup
[124.013s][info][gc          ] GC(293) Pause Cleanup 800M->800M(978M) 0.136ms
[124.013s][info][gc,cpu      ] GC(293) User=0.00s Sys=0.00s Real=0.00s
[124.013s][info][gc,marking  ] GC(293) Concurrent Clear Claimed Marks
[124.013s][info][gc,marking  ] GC(293) Concurrent Clear Claimed Marks 0.034ms
[124.013s][info][gc,marking  ] GC(293) Concurrent Cleanup for Next Mark
[124.018s][info][gc,marking  ] GC(293) Concurrent Cleanup for Next Mark 4.886ms
[124.018s][info][gc          ] GC(293) Concurrent Mark Cycle 2312.271ms
[124.227s][info][gc,start    ] GC(296) Pause Young (Prepare Mixed) (G1 Evacuation Pause)
[124.227s][info][gc,task     ] GC(296) Using 2 workers of 2 for evacuation
[124.256s][info][gc,phases   ] GC(296)   Pre Evacuate Collection Set: 0.28ms
[124.256s][info][gc,phases   ] GC(296)   Merge Heap Roots: 0.28ms
[124.256s][info][gc,phases   ] GC(296)   Evacuate Collection Set: 27.88ms
[124.256s][info][gc,phases   ] GC(296)   Post Evacuate Collection Set: 0.46ms
[124.256s][info][gc,phases   ] GC(296)   Other: 0.07ms
[124.256s][info][gc,heap     ] GC(296) Eden regions: 289->0(303)
[124.256s][info][gc,heap     ] GC(296) Survivor regions: 28->1(40)
[124.256s][info][gc,heap     ] GC(296) Old regions: 575->603
[124.256s][info][gc,heap     ] GC(296) Humongous regions: 7->7
[124.256s][info][gc,metaspace] GC(296) Metaspace: 18276K(18432K)->18276K(18432K) NonClass: 15612K(15680K)->15612K(15680K) Class: 2664K(2752K)->2664K(2752K)
[124.256s][info][gc          ] GC(296) Pause Young (Prepare Mixed) (G1 Evacuation Pause) 898M->610M(978M) 29.165ms
[124.256s][info][gc,cpu      ] GC(296) User=0.05s Sys=0.00s Real=0.03s
[124.935s][info][gc,start    ] GC(297) Pause Young (Mixed) (G1 Evacuation Pause)
[124.935s][info][gc,task     ] GC(297) Using 2 workers of 2 for evacuation
[124.939s][info][gc,phases   ] GC(297)   Pre Evacuate Collection Set: 0.30ms
[124.939s][info][gc,phases   ] GC(297)   Merge Heap Roots: 0.14ms
[124.939s][info][gc,phases   ] GC(297)   Evacuate Collection Set: 2.48ms
[124.939s][info][gc,phases   ] GC(297)   Post Evacuate Collection Set: 0.47ms
[124.939s][info][gc,phases   ] GC(297)   Other: 0.09ms
[124.939s][info][gc,heap     ] GC(297) Eden regions: 303->0(322)
[124.939s][info][gc,heap     ] GC(297) Survivor regions: 1->1(38)
[124.939s][info][gc,heap     ] GC(297) Old regions: 603->595
[124.939s][info][gc,heap     ] GC(297) Humongous regions: 7->7
[124.939s][info][gc,metaspace] GC(297) Metaspace: 18276K(18432K)->18276K(18432K) NonClass: 15612K(15680K)->15612K(15680K) Class: 2664K(2752K)->2664K(2752K)
[124.939s][info][gc          ] GC(297) Pause Young (Mixed) (G1 Evacuation Pause) 913M->602M(978M) 3.700ms
[124.939s][info][gc,cpu      ] GC(297) User=0.01s Sys=0.00s Real=0.00s
[125.369s][info][gc,start    ] GC(298) Pause Young (Concurrent Start) (G1 Evacuation Pause)
[125.369s][info][gc,task     ] GC(298) Using 2 workers of 2 for evacuation
[125.428s][info][gc,phases   ] GC(298)   Pre Evacuate Collection Set: 0.35ms
[125.428s][info][gc,phases   ] GC(298)   Merge Heap Roots: 0.13ms
[125.428s][info][gc,phases   ] GC(298)   Evacuate Collection Set: 55.54ms
[125.428s][info][gc,phases   ] GC(298)   Post Evacuate Collection Set: 2.75ms
[125.428s][info][gc,phases   ] GC(298)   Other: 0.23ms
[125.428s][info][gc,heap     ] GC(298) Eden regions: 322->0(207)
[125.428s][info][gc,heap     ] GC(298) Survivor regions: 1->41(41)
[125.428s][info][gc,heap     ] GC(298) Old regions: 595->632
[125.428s][info][gc,heap     ] GC(298) Humongous regions: 7->7
[125.428s][info][gc,metaspace] GC(298) Metaspace: 18276K(18432K)->18276K(18432K) NonClass: 15612K(15680K)->15612K(15680K) Class: 2664K(2752K)->2664K(2752K)
[125.428s][info][gc          ] GC(298) Pause Young (Concurrent Start) (G1 Evacuation Pause) (Evacuation Failure: Allocation) 924M->680M(978M) 59.213ms
[125.428s][info][gc,cpu      ] GC(298) User=0.12s Sys=0.00s Real=0.06s
[125.428s][info][gc          ] GC(299) Concurrent Mark Cycle
[125.428s][info][gc,marking  ] GC(299) Concurrent Scan Root Regions
[125.477s][info][gc,marking  ] GC(299) Concurrent Scan Root Regions 48.717ms
[125.477s][info][gc,marking  ] GC(299) Concurrent Mark
[125.477s][info][gc,marking  ] GC(299) Concurrent Mark From Roots
[125.477s][info][gc,task     ] GC(299) Using 1 workers of 1 for marking
[125.959s][info][gc,start    ] GC(300) Pause Young (Normal) (G1 Evacuation Pause)
[125.959s][info][gc,task     ] GC(300) Using 2 workers of 2 for evacuation
[126.043s][info][gc,phases   ] GC(300)   Pre Evacuate Collection Set: 0.34ms
[126.043s][info][gc,phases   ] GC(300)   Merge Heap Roots: 0.34ms
[126.043s][info][gc,phases   ] GC(300)   Evacuate Collection Set: 82.39ms
[126.043s][info][gc,phases   ] GC(300)   Post Evacuate Collection Set: 0.56ms
[126.043s][info][gc,phases   ] GC(300)   Other: 0.08ms
[126.043s][info][gc,heap     ] GC(300) Eden regions: 207->0(203)
[126.043s][info][gc,heap     ] GC(300) Survivor regions: 41->28(31)
[126.043s][info][gc,heap     ] GC(300) Old regions: 632->656
[126.043s][info][gc,heap     ] GC(300) Humongous regions: 10->10
[126.043s][info][gc,metaspace] GC(300) Metaspace: 18276K(18432K)->18276K(18432K) NonClass: 15612K(15680K)->15612K(15680K) Class: 2664K(2752K)->2664K(2752K)
[126.043s][info][gc          ] GC(300) Pause Young (Normal) (G1 Evacuation Pause) 890M->693M(978M) 83.963ms
[126.043s][info][gc,cpu      ] GC(300) User=0.17s Sys=0.01s Real=0.09s
[126.566s][info][gc,start    ] GC(301) Pause Young (Normal) (G1 Evacuation Pause)
[126.566s][info][gc,task     ] GC(301) Using 2 workers of 2 for evacuation
[126.663s][info][gc,phases   ] GC(301)   Pre Evacuate Collection Set: 0.29ms
[126.663s][info][gc,phases   ] GC(301)   Merge Heap Roots: 0.30ms
[126.663s][info][gc,phases   ] GC(301)   Evacuate Collection Set: 95.29ms
[126.663s][info][gc,phases   ] GC(301)   Post Evacuate Collection Set: 0.51ms
[126.663s][info][gc,phases   ] GC(301)   Other: 0.07ms
[126.663s][info][gc,heap     ] GC(301) Eden regions: 203->0(161)
[126.663s][info][gc,heap     ] GC(301) Survivor regions: 28->29(29)
[126.663s][info][gc,heap     ] GC(301) Old regions: 656->695
[126.663s][info][gc,heap     ] GC(301) Humongous regions: 10->10
[126.663s][info][gc,metaspace] GC(301) Metaspace: 18276K(18432K)->18276K(18432K) NonClass: 15612K(15680K)->15612K(15680K) Class: 2664K(2752K)->2664K(2752K)
[126.663s][info][gc          ] GC(301) Pause Young (Normal) (G1 Evacuation Pause) 896M->734M(978M) 96.715ms
[126.663s][info][gc,cpu      ] GC(301) User=0.19s Sys=0.00s Real=0.10s
[126.937s][info][gc,start    ] GC(302) Pause Young (Normal) (G1 Evacuation Pause)
[126.937s][info][gc,task     ] GC(302) Using 2 workers of 2 for evacuation
[126.997s][info][gc,phases   ] GC(302)   Pre Evacuate Collection Set: 0.50ms
[126.997s][info][gc,phases   ] GC(302)   Merge Heap Roots: 0.32ms
[126.997s][info][gc,phases   ] GC(302)   Evacuate Collection Set: 58.35ms
[126.997s][info][gc,phases   ] GC(302)   Post Evacuate Collection Set: 0.46ms
[126.997s][info][gc,phases   ] GC(302)   Other: 0.09ms
[126.997s][info][gc,heap     ] GC(302) Eden regions: 161->0(129)
[126.997s][info][gc,heap     ] GC(302) Survivor regions: 29->24(24)
[126.997s][info][gc,heap     ] GC(302) Old regions: 695->738
[126.997s][info][gc,heap     ] GC(302) Humongous regions: 10->10
[126.997s][info][gc,metaspace] GC(302) Metaspace: 18276K(18432K)->18276K(18432K) NonClass: 15612K(15680K)->15612K(15680K) Class: 2664K(2752K)->2664K(2752K)
[126.997s][info][gc          ] GC(302) Pause Young (Normal) (G1 Evacuation Pause) 895M->771M(978M) 59.944ms
[126.997s][info][gc,cpu      ] GC(302) User=0.11s Sys=0.00s Real=0.06s
[127.314s][info][gc,start    ] GC(303) Pause Young (Normal) (G1 Evacuation Pause)
[127.314s][info][gc,task     ] GC(303) Using 2 workers of 2 for evacuation
[127.339s][info][gc,phases   ] GC(303)   Pre Evacuate Collection Set: 0.31ms
[127.339s][info][gc,phases   ] GC(303)   Merge Heap Roots: 0.25ms
[127.339s][info][gc,phases   ] GC(303)   Evacuate Collection Set: 23.53ms
[127.339s][info][gc,phases   ] GC(303)   Post Evacuate Collection Set: 0.33ms
[127.339s][info][gc,phases   ] GC(303)   Other: 0.08ms
[127.339s][info][gc,heap     ] GC(303) Eden regions: 129->0(139)
[127.339s][info][gc,heap     ] GC(303) Survivor regions: 24->1(20)
[127.339s][info][gc,heap     ] GC(303) Old regions: 738->762
[127.339s][info][gc,heap     ] GC(303) Humongous regions: 10->10
[127.339s][info][gc,metaspace] GC(303) Metaspace: 18276K(18432K)->18276K(18432K) NonClass: 15612K(15680K)->15612K(15680K) Class: 2664K(2752K)->2664K(2752K)
[127.339s][info][gc          ] GC(303) Pause Young (Normal) (G1 Evacuation Pause) 900M->773M(978M) 24.743ms
[127.339s][info][gc,cpu      ] GC(303) User=0.05s Sys=0.00s Real=0.02s
[127.407s][info][gc,marking  ] GC(299) Concurrent Mark From Roots 1929.442ms
[127.407s][info][gc,marking  ] GC(299) Concurrent Preclean
[127.407s][info][gc,marking  ] GC(299) Concurrent Preclean 0.025ms
[127.407s][info][gc,start    ] GC(299) Pause Remark
[127.413s][info][gc          ] GC(299) Pause Remark 807M->736M(978M) 6.633ms
[127.413s][info][gc,cpu      ] GC(299) User=0.01s Sys=0.00s Real=0.01s
[127.413s][info][gc,marking  ] GC(299) Concurrent Mark 1936.351ms
[127.413s][info][gc,marking  ] GC(299) Concurrent Rebuild Remembered Sets and Scrub Regions
[127.587s][info][gc,start    ] GC(304) Pause Young (Normal) (G1 Evacuation Pause)
[127.587s][info][gc,task     ] GC(304) Using 2 workers of 2 for evacuation
[127.588s][info][gc,phases   ] GC(304)   Pre Evacuate Collection Set: 0.25ms
[127.588s][info][gc,phases   ] GC(304)   Merge Heap Roots: 0.08ms
[127.588s][info][gc,phases   ] GC(304)   Evacuate Collection Set: 0.93ms
[127.588s][info][gc,phases   ] GC(304)   Post Evacuate Collection Set: 0.31ms
[127.588s][info][gc,phases   ] GC(304)   Other: 0.08ms
[127.588s][info][gc,heap     ] GC(304) Eden regions: 139->0(201)
[127.588s][info][gc,heap     ] GC(304) Survivor regions: 1->1(18)
[127.588s][info][gc,heap     ] GC(304) Old regions: 692->692
[127.588s][info][gc,heap     ] GC(304) Humongous regions: 9->9
[127.588s][info][gc,metaspace] GC(304) Metaspace: 18276K(18432K)->18276K(18432K) NonClass: 15612K(15680K)->15612K(15680K) Class: 2664K(2752K)->2664K(2752K)
[127.588s][info][gc          ] GC(304) Pause Young (Normal) (G1 Evacuation Pause) 841M->702M(978M) 1.840ms
[127.588s][info][gc,cpu      ] GC(304) User=0.00s Sys=0.00s Real=0.00s
[127.926s][info][gc,start    ] GC(305) Pause Young (Normal) (G1 Evacuation Pause)
[127.926s][info][gc,task     ] GC(305) Using 2 workers of 2 for evacuation
[127.928s][info][gc,phases   ] GC(305)   Pre Evacuate Collection Set: 0.28ms
[127.928s][info][gc,phases   ] GC(305)   Merge Heap Roots: 0.08ms
[127.928s][info][gc,phases   ] GC(305)   Evacuate Collection Set: 1.23ms
[127.928s][info][gc,phases   ] GC(305)   Post Evacuate Collection Set: 0.32ms
[127.928s][info][gc,phases   ] GC(305)   Other: 0.08ms
[127.928s][info][gc,heap     ] GC(305) Eden regions: 201->0(214)
[127.928s][info][gc,heap     ] GC(305) Survivor regions: 1->1(26)
[127.928s][info][gc,heap     ] GC(305) Old regions: 692->692
[127.928s][info][gc,heap     ] GC(305) Humongous regions: 9->9
[127.928s][info][gc,metaspace] GC(305) Metaspace: 18276K(18432K)->18276K(18432K) NonClass: 15612K(15680K)->15612K(15680K) Class: 2664K(2752K)->2664K(2752K)
[127.928s][info][gc          ] GC(305) Pause Young (Normal) (G1 Evacuation Pause) 903M->701M(978M) 2.201ms
[127.928s][info][gc,cpu      ] GC(305) User=0.00s Sys=0.00s Real=0.00s
[128.026s][info][gc,marking  ] GC(299) Concurrent Rebuild Remembered Sets and Scrub Regions 612.660ms
[128.026s][info][gc,start    ] GC(299) Pause Cleanup
[128.026s][info][gc          ] GC(299) Pause Cleanup 762M->762M(978M) 0.127ms
[128.026s][info][gc,cpu      ] GC(299) User=0.00s Sys=0.00s Real=0.00s
[128.027s][info][gc,marking  ] GC(299) Concurrent Clear Claimed Marks
[128.027s][info][gc,marking  ] GC(299) Concurrent Clear Claimed Marks 0.032ms
[128.027s][info][gc,marking  ] GC(299) Concurrent Cleanup for Next Mark
[128.030s][info][gc,marking  ] GC(299) Concurrent Cleanup for Next Mark 2.839ms
[128.030s][info][gc          ] GC(299) Concurrent Mark Cycle 2601.664ms
[128.195s][info][gc,start    ] GC(306) Pause Young (Prepare Mixed) (G1 Evacuation Pause)
[128.195s][info][gc,task     ] GC(306) Using 2 workers of 2 for evacuation
[128.197s][info][gc,phases   ] GC(306)   Pre Evacuate Collection Set: 0.49ms
[128.197s][info][gc,phases   ] GC(306)   Merge Heap Roots: 0.09ms
[128.197s][info][gc,phases   ] GC(306)   Evacuate Collection Set: 1.29ms
[128.197s][info][gc,phases   ] GC(306)   Post Evacuate Collection Set: 0.37ms
[128.197s][info][gc,phases   ] GC(306)   Other: 0.10ms
[128.197s][info][gc,heap     ] GC(306) Eden regions: 214->0(225)
[128.197s][info][gc,heap     ] GC(306) Survivor regions: 1->1(27)
[128.197s][info][gc,heap     ] GC(306) Old regions: 692->692
[128.197s][info][gc,heap     ] GC(306) Humongous regions: 9->9
[128.197s][info][gc,metaspace] GC(306) Metaspace: 18276K(18432K)->18276K(18432K) NonClass: 15612K(15680K)->15612K(15680K) Class: 2664K(2752K)->2664K(2752K)
[128.197s][info][gc          ] GC(306) Pause Young (Prepare Mixed) (G1 Evacuation Pause) 915M->701M(978M) 2.529ms
[128.197s][info][gc,cpu      ] GC(306) User=0.00s Sys=0.00s Real=0.00s
[128.447s][info][gc,start    ] GC(307) Pause Young (Mixed) (G1 Evacuation Pause)
[128.447s][info][gc,task     ] GC(307) Using 2 workers of 2 for evacuation
[128.450s][info][gc,phases   ] GC(307)   Pre Evacuate Collection Set: 0.48ms
[128.450s][info][gc,phases   ] GC(307)   Merge Heap Roots: 0.11ms
[128.450s][info][gc,phases   ] GC(307)   Evacuate Collection Set: 1.87ms
[128.450s][info][gc,phases   ] GC(307)   Post Evacuate Collection Set: 0.38ms
[128.450s][info][gc,phases   ] GC(307)   Other: 0.10ms
[128.450s][info][gc,heap     ] GC(307) Eden regions: 225->0(235)
[128.450s][info][gc,heap     ] GC(307) Survivor regions: 1->1(29)
[128.450s][info][gc,heap     ] GC(307) Old regions: 692->682
[128.450s][info][gc,heap     ] GC(307) Humongous regions: 9->9
[128.450s][info][gc,metaspace] GC(307) Metaspace: 18276K(18432K)->18276K(18432K) NonClass: 15612K(15680K)->15612K(15680K) Class: 2664K(2752K)->2664K(2752K)
[128.450s][info][gc          ] GC(307) Pause Young (Mixed) (G1 Evacuation Pause) 926M->690M(978M) 3.124ms
[128.450s][info][gc,cpu      ] GC(307) User=0.01s Sys=0.00s Real=0.00s
[128.649s][info][gc,start    ] GC(308) Pause Young (Concurrent Start) (G1 Humongous Allocation)
[128.649s][info][gc,task     ] GC(308) Using 2 workers of 2 for evacuation
[128.673s][info][gc,phases   ] GC(308)   Pre Evacuate Collection Set: 0.31ms
[128.674s][info][gc,phases   ] GC(308)   Merge Heap Roots: 0.32ms
[128.674s][info][gc,phases   ] GC(308)   Evacuate Collection Set: 22.82ms
[128.674s][info][gc,phases   ] GC(308)   Post Evacuate Collection Set: 0.50ms
[128.674s][info][gc,phases   ] GC(308)   Other: 0.12ms
[128.674s][info][gc,heap     ] GC(308) Eden regions: 169->0(219)
[128.674s][info][gc,heap     ] GC(308) Survivor regions: 1->9(30)
[128.674s][info][gc,heap     ] GC(308) Old regions: 682->682
[128.674s][info][gc,heap     ] GC(308) Humongous regions: 9->9
[128.674s][info][gc,metaspace] GC(308) Metaspace: 18276K(18432K)->18276K(18432K) NonClass: 15612K(15680K)->15612K(15680K) Class: 2664K(2752K)->2664K(2752K)
[128.674s][info][gc          ] GC(308) Pause Young (Concurrent Start) (G1 Humongous Allocation) 859M->699M(978M) 24.313ms
[128.674s][info][gc,cpu      ] GC(308) User=0.05s Sys=0.00s Real=0.03s
[128.674s][info][gc          ] GC(309) Concurrent Mark Cycle
[128.674s][info][gc,marking  ] GC(309) Concurrent Scan Root Regions
[128.700s][info][gc,marking  ] GC(309) Concurrent Scan Root Regions 26.235ms
[128.700s][info][gc,marking  ] GC(309) Concurrent Mark
[128.700s][info][gc,marking  ] GC(309) Concurrent Mark From Roots
[128.700s][info][gc,task     ] GC(309) Using 1 workers of 1 for marking
[129.119s][info][gc,marking  ] GC(309) Concurrent Mark From Roots 419.224ms
[129.119s][info][gc,marking  ] GC(309) Concurrent Preclean
[129.119s][info][gc,marking  ] GC(309) Concurrent Preclean 0.028ms
[129.119s][info][gc,start    ] GC(309) Pause Remark
[129.127s][info][gc          ] GC(309) Pause Remark 843M->509M(978M) 7.083ms
[129.127s][info][gc,cpu      ] GC(309) User=0.02s Sys=0.00s Real=0.01s
[129.129s][info][gc,marking  ] GC(309) Concurrent Mark 429.014ms
[129.129s][info][gc,marking  ] GC(309) Concurrent Rebuild Remembered Sets and Scrub Regions
[129.268s][info][gc,marking  ] GC(309) Concurrent Rebuild Remembered Sets and Scrub Regions 138.893ms
[129.268s][info][gc,start    ] GC(309) Pause Cleanup
[129.268s][info][gc          ] GC(309) Pause Cleanup 571M->571M(978M) 0.158ms
[129.268s][info][gc,cpu      ] GC(309) User=0.00s Sys=0.00s Real=0.00s
[129.268s][info][gc,marking  ] GC(309) Concurrent Clear Claimed Marks
[129.268s][info][gc,marking  ] GC(309) Concurrent Clear Claimed Marks 0.034ms
[129.268s][info][gc,marking  ] GC(309) Concurrent Cleanup for Next Mark
[129.273s][info][gc,marking  ] GC(309) Concurrent Cleanup for Next Mark 4.850ms
[129.273s][info][gc          ] GC(309) Concurrent Mark Cycle 599.644ms
[129.290s][info][gc,start    ] GC(310) Pause Young (Prepare Mixed) (G1 Evacuation Pause)
[129.291s][info][gc,task     ] GC(310) Using 2 workers of 2 for evacuation
[129.329s][info][gc,phases   ] GC(310)   Pre Evacuate Collection Set: 0.49ms
[129.329s][info][gc,phases   ] GC(310)   Merge Heap Roots: 0.90ms
[129.329s][info][gc,phases   ] GC(310)   Evacuate Collection Set: 36.04ms
[129.329s][info][gc,phases   ] GC(310)   Post Evacuate Collection Set: 0.51ms
[129.329s][info][gc,phases   ] GC(310)   Other: 0.11ms
[129.329s][info][gc,heap     ] GC(310) Eden regions: 219->0(429)
[129.329s][info][gc,heap     ] GC(310) Survivor regions: 9->19(29)
[129.329s][info][gc,heap     ] GC(310) Old regions: 355->355
[129.329s][info][gc,heap     ] GC(310) Humongous regions: 5->5
[129.329s][info][gc,metaspace] GC(310) Metaspace: 18276K(18432K)->18276K(18432K) NonClass: 15612K(15680K)->15612K(15680K) Class: 2664K(2752K)->2664K(2752K)
[129.329s][info][gc          ] GC(310) Pause Young (Prepare Mixed) (G1 Evacuation Pause) 587M->377M(978M) 38.245ms
[129.329s][info][gc,cpu      ] GC(310) User=0.07s Sys=0.00s Real=0.04s
[129.832s][info][gc,start    ] GC(311) Pause Young (Mixed) (G1 Evacuation Pause)
[129.832s][info][gc,task     ] GC(311) Using 2 workers of 2 for evacuation
[129.906s][info][gc,phases   ] GC(311)   Pre Evacuate Collection Set: 0.51ms
[129.906s][info][gc,phases   ] GC(311)   Merge Heap Roots: 0.47ms
[129.906s][info][gc,phases   ] GC(311)   Evacuate Collection Set: 71.68ms
[129.906s][info][gc,phases   ] GC(311)   Post Evacuate Collection Set: 0.82ms
[129.906s][info][gc,phases   ] GC(311)   Other: 0.11ms
[129.906s][info][gc,heap     ] GC(311) Eden regions: 429->0(473)
[129.906s][info][gc,heap     ] GC(311) Survivor regions: 19->53(56)
[129.906s][info][gc,heap     ] GC(311) Old regions: 355->257
[129.906s][info][gc,heap     ] GC(311) Humongous regions: 5->5
[129.906s][info][gc,metaspace] GC(311) Metaspace: 18276K(18432K)->18276K(18432K) NonClass: 15612K(15680K)->15612K(15680K) Class: 2664K(2752K)->2664K(2752K)
[129.906s][info][gc          ] GC(311) Pause Young (Mixed) (G1 Evacuation Pause) 806M->314M(978M) 73.829ms
[129.906s][info][gc,cpu      ] GC(311) User=0.15s Sys=0.00s Real=0.07s
[130.339s][info][gc,start    ] GC(312) Pause Young (Mixed) (G1 Evacuation Pause)
[130.339s][info][gc,task     ] GC(312) Using 2 workers of 2 for evacuation
[130.434s][info][gc,phases   ] GC(312)   Pre Evacuate Collection Set: 0.35ms
[130.434s][info][gc,phases   ] GC(312)   Merge Heap Roots: 0.56ms
[130.434s][info][gc,phases   ] GC(312)   Evacuate Collection Set: 93.69ms
[130.434s][info][gc,phases   ] GC(312)   Post Evacuate Collection Set: 0.69ms
[130.434s][info][gc,phases   ] GC(312)   Other: 0.12ms
[130.434s][info][gc,heap     ] GC(312) Eden regions: 473->0(496)
[130.434s][info][gc,heap     ] GC(312) Survivor regions: 53->10(66)
[130.434s][info][gc,heap     ] GC(312) Old regions: 257->287
[130.434s][info][gc,heap     ] GC(312) Humongous regions: 5->5
[130.434s][info][gc,metaspace] GC(312) Metaspace: 18276K(18432K)->18276K(18432K) NonClass: 15612K(15680K)->15612K(15680K) Class: 2664K(2752K)->2664K(2752K)
[130.434s][info][gc          ] GC(312) Pause Young (Mixed) (G1 Evacuation Pause) 787M->301M(978M) 95.671ms
[130.434s][info][gc,cpu      ] GC(312) User=0.19s Sys=0.00s Real=0.10s
[131.062s][info][gc,start    ] GC(313) Pause Young (Concurrent Start) (G1 Evacuation Pause)
[131.063s][info][gc,task     ] GC(313) Using 2 workers of 2 for evacuation
[131.146s][info][gc,phases   ] GC(313)   Pre Evacuate Collection Set: 0.32ms
[131.146s][info][gc,phases   ] GC(313)   Merge Heap Roots: 0.44ms
[131.147s][info][gc,phases   ] GC(313)   Evacuate Collection Set: 82.21ms
[131.147s][info][gc,phases   ] GC(313)   Post Evacuate Collection Set: 0.71ms
[131.147s][info][gc,phases   ] GC(313)   Other: 0.22ms
[131.147s][info][gc,heap     ] GC(313) Eden regions: 496->0(456)
[131.147s][info][gc,heap     ] GC(313) Survivor regions: 10->64(64)
[131.147s][info][gc,heap     ] GC(313) Old regions: 287->291
[131.147s][info][gc,heap     ] GC(313) Humongous regions: 5->5
[131.147s][info][gc,metaspace] GC(313) Metaspace: 18277K(18432K)->18277K(18432K) NonClass: 15613K(15680K)->15613K(15680K) Class: 2664K(2752K)->2664K(2752K)
[131.147s][info][gc          ] GC(313) Pause Young (Concurrent Start) (G1 Evacuation Pause) 797M->360M(978M) 84.132ms
[131.147s][info][gc,cpu      ] GC(313) User=0.16s Sys=0.00s Real=0.08s
[131.147s][info][gc          ] GC(314) Concurrent Mark Cycle
[131.149s][info][gc,marking  ] GC(314) Concurrent Scan Root Regions
[131.281s][info][gc,marking  ] GC(314) Concurrent Scan Root Regions 131.692ms
[131.281s][info][gc,marking  ] GC(314) Concurrent Mark
[131.281s][info][gc,marking  ] GC(314) Concurrent Mark From Roots
[131.281s][info][gc,task     ] GC(314) Using 1 workers of 1 for marking
[131.866s][info][gc,start    ] GC(315) Pause Young (Normal) (G1 Evacuation Pause)
[131.866s][info][gc,task     ] GC(315) Using 2 workers of 2 for evacuation
[131.938s][info][gc,phases   ] GC(315)   Pre Evacuate Collection Set: 0.29ms
[131.939s][info][gc,phases   ] GC(315)   Merge Heap Roots: 0.30ms
[131.939s][info][gc,phases   ] GC(315)   Evacuate Collection Set: 70.97ms
[131.939s][info][gc,phases   ] GC(315)   Post Evacuate Collection Set: 0.65ms
[131.939s][info][gc,phases   ] GC(315)   Other: 0.10ms
[131.939s][info][gc,heap     ] GC(315) Eden regions: 456->0(472)
[131.939s][info][gc,heap     ] GC(315) Survivor regions: 64->7(65)
[131.939s][info][gc,heap     ] GC(315) Old regions: 291->356
[131.939s][info][gc,heap     ] GC(315) Humongous regions: 5->5
[131.939s][info][gc,metaspace] GC(315) Metaspace: 18277K(18432K)->18277K(18432K) NonClass: 15613K(15680K)->15613K(15680K) Class: 2664K(2752K)->2664K(2752K)
[131.939s][info][gc          ] GC(315) Pause Young (Normal) (G1 Evacuation Pause) 816M->367M(978M) 72.575ms
[131.939s][info][gc,cpu      ] GC(315) User=0.14s Sys=0.00s Real=0.07s
[132.118s][info][gc,marking  ] GC(314) Concurrent Mark From Roots 836.777ms
[132.118s][info][gc,marking  ] GC(314) Concurrent Preclean
[132.118s][info][gc,marking  ] GC(314) Concurrent Preclean 0.034ms
[132.118s][info][gc,start    ] GC(314) Pause Remark
[132.125s][info][gc          ] GC(314) Pause Remark 447M->446M(978M) 6.919ms
[132.125s][info][gc,cpu      ] GC(314) User=0.01s Sys=0.00s Real=0.01s
[132.125s][info][gc,marking  ] GC(314) Concurrent Mark 844.043ms
[132.125s][info][gc,marking  ] GC(314) Concurrent Rebuild Remembered Sets and Scrub Regions
[132.416s][info][gc,marking  ] GC(314) Concurrent Rebuild Remembered Sets and Scrub Regions 291.087ms
[132.416s][info][gc,start    ] GC(314) Pause Cleanup
[132.416s][info][gc          ] GC(314) Pause Cleanup 568M->568M(978M) 0.114ms
[132.416s][info][gc,cpu      ] GC(314) User=0.00s Sys=0.00s Real=0.00s
[132.416s][info][gc,marking  ] GC(314) Concurrent Clear Claimed Marks
[132.416s][info][gc,marking  ] GC(314) Concurrent Clear Claimed Marks 0.034ms
[132.416s][info][gc,marking  ] GC(314) Concurrent Cleanup for Next Mark
[132.419s][info][gc,marking  ] GC(314) Concurrent Cleanup for Next Mark 2.898ms
[132.419s][info][gc          ] GC(314) Concurrent Mark Cycle 1272.634ms
[133.102s][info][gc,start    ] GC(316) Pause Young (Prepare Mixed) (G1 Evacuation Pause)
[133.102s][info][gc,task     ] GC(316) Using 2 workers of 2 for evacuation
[133.129s][info][gc,phases   ] GC(316)   Pre Evacuate Collection Set: 0.31ms
[133.129s][info][gc,phases   ] GC(316)   Merge Heap Roots: 0.30ms
[133.129s][info][gc,phases   ] GC(316)   Evacuate Collection Set: 25.89ms
[133.129s][info][gc,phases   ] GC(316)   Post Evacuate Collection Set: 0.65ms
[133.129s][info][gc,phases   ] GC(316)   Other: 0.10ms
[133.129s][info][gc,heap     ] GC(316) Eden regions: 472->0(475)
[133.129s][info][gc,heap     ] GC(316) Survivor regions: 7->22(60)
[133.129s][info][gc,heap     ] GC(316) Old regions: 356->356
[133.129s][info][gc,heap     ] GC(316) Humongous regions: 4->4
[133.129s][info][gc,metaspace] GC(316) Metaspace: 18279K(18432K)->18279K(18432K) NonClass: 15615K(15680K)->15615K(15680K) Class: 2664K(2752K)->2664K(2752K)
[133.129s][info][gc          ] GC(316) Pause Young (Prepare Mixed) (G1 Evacuation Pause) 838M->381M(978M) 27.445ms
[133.129s][info][gc,cpu      ] GC(316) User=0.06s Sys=0.00s Real=0.02s
[134.036s][info][gc,start    ] GC(317) Pause Young (Mixed) (G1 Evacuation Pause)
[134.036s][info][gc,task     ] GC(317) Using 2 workers of 2 for evacuation
[134.107s][info][gc,phases   ] GC(317)   Pre Evacuate Collection Set: 0.32ms
[134.107s][info][gc,phases   ] GC(317)   Merge Heap Roots: 0.31ms
[134.107s][info][gc,phases   ] GC(317)   Evacuate Collection Set: 70.00ms
[134.107s][info][gc,phases   ] GC(317)   Post Evacuate Collection Set: 0.76ms
[134.107s][info][gc,phases   ] GC(317)   Other: 0.10ms
[134.107s][info][gc,heap     ] GC(317) Eden regions: 475->0(432)
[134.107s][info][gc,heap     ] GC(317) Survivor regions: 22->63(63)
[134.107s][info][gc,heap     ] GC(317) Old regions: 356->352
[134.107s][info][gc,heap     ] GC(317) Humongous regions: 4->4
[134.107s][info][gc,metaspace] GC(317) Metaspace: 18281K(18432K)->18281K(18432K) NonClass: 15617K(15680K)->15617K(15680K) Class: 2664K(2752K)->2664K(2752K)
[134.107s][info][gc          ] GC(317) Pause Young (Mixed) (G1 Evacuation Pause) 856M->418M(978M) 71.691ms
[134.107s][info][gc,cpu      ] GC(317) User=0.14s Sys=0.00s Real=0.07s
[134.442s][info][gc,start    ] GC(318) Pause Young (Concurrent Start) (G1 Humongous Allocation)
[134.442s][info][gc,task     ] GC(318) Using 2 workers of 2 for evacuation
[134.669s][info][gc,mmu      ] GC(318) MMU target violated: 201.0ms (200.0ms/201.0ms)
[134.669s][info][gc,phases   ] GC(318)   Pre Evacuate Collection Set: 0.29ms
[134.669s][info][gc,phases   ] GC(318)   Merge Heap Roots: 0.31ms
[134.669s][info][gc,phases   ] GC(318)   Evacuate Collection Set: 204.58ms
[134.669s][info][gc,phases   ] GC(318)   Post Evacuate Collection Set: 21.59ms
[134.669s][info][gc,phases   ] GC(318)   Other: 0.19ms
[134.669s][info][gc,heap     ] GC(318) Eden regions: 410->0(99)
[134.669s][info][gc,heap     ] GC(318) Survivor regions: 63->62(62)
[134.669s][info][gc,heap     ] GC(318) Old regions: 352->701
[134.669s][info][gc,heap     ] GC(318) Humongous regions: 4->4
[134.669s][info][gc,metaspace] GC(318) Metaspace: 18281K(18432K)->18281K(18432K) NonClass: 15617K(15680K)->15617K(15680K) Class: 2664K(2752K)->2664K(2752K)
[134.669s][info][gc          ] GC(318) Pause Young (Concurrent Start) (G1 Humongous Allocation) (Evacuation Failure: Allocation) 828M->767M(978M) 227.182ms
[134.669s][info][gc,cpu      ] GC(318) User=0.45s Sys=0.00s Real=0.22s
[134.669s][info][gc          ] GC(319) Concurrent Mark Cycle
[134.669s][info][gc,marking  ] GC(319) Concurrent Scan Root Regions
[134.939s][info][gc,marking  ] GC(319) Concurrent Scan Root Regions 269.818ms
[134.939s][info][gc,marking  ] GC(319) Concurrent Mark
[134.939s][info][gc,marking  ] GC(319) Concurrent Mark From Roots
[134.939s][info][gc,task     ] GC(319) Using 1 workers of 1 for marking
[135.196s][info][gc,start    ] GC(320) Pause Young (Normal) (G1 Evacuation Pause)
[135.196s][info][gc,task     ] GC(320) Using 2 workers of 2 for evacuation
[135.310s][info][gc,phases   ] GC(320)   Pre Evacuate Collection Set: 0.35ms
[135.311s][info][gc,phases   ] GC(320)   Merge Heap Roots: 0.91ms
[135.311s][info][gc,phases   ] GC(320)   Evacuate Collection Set: 112.22ms
[135.311s][info][gc,phases   ] GC(320)   Post Evacuate Collection Set: 0.57ms
[135.311s][info][gc,phases   ] GC(320)   Other: 0.08ms
[135.311s][info][gc,heap     ] GC(320) Eden regions: 99->0(251)
[135.311s][info][gc,heap     ] GC(320) Survivor regions: 62->8(21)
[135.311s][info][gc,heap     ] GC(320) Old regions: 701->627
[135.311s][info][gc,heap     ] GC(320) Humongous regions: 7->7
[135.311s][info][gc,metaspace] GC(320) Metaspace: 18281K(18432K)->18281K(18432K) NonClass: 15617K(15680K)->15617K(15680K) Class: 2664K(2752K)->2664K(2752K)
[135.311s][info][gc          ] GC(320) Pause Young (Normal) (G1 Evacuation Pause) 869M->642M(978M) 114.378ms
[135.311s][info][gc,cpu      ] GC(320) User=0.23s Sys=0.00s Real=0.11s
[135.830s][info][gc,start    ] GC(321) Pause Young (Normal) (G1 Evacuation Pause)
[135.830s][info][gc,task     ] GC(321) Using 2 workers of 2 for evacuation
[135.906s][info][gc,phases   ] GC(321)   Pre Evacuate Collection Set: 0.52ms
[135.906s][info][gc,phases   ] GC(321)   Merge Heap Roots: 0.64ms
[135.906s][info][gc,phases   ] GC(321)   Evacuate Collection Set: 74.19ms
[135.906s][info][gc,phases   ] GC(321)   Post Evacuate Collection Set: 0.79ms
[135.906s][info][gc,phases   ] GC(321)   Other: 0.10ms
[135.906s][info][gc,heap     ] GC(321) Eden regions: 251->0(282)
[135.906s][info][gc,heap     ] GC(321) Survivor regions: 8->24(33)
[135.906s][info][gc,heap     ] GC(321) Old regions: 627->570
[135.906s][info][gc,heap     ] GC(321) Humongous regions: 10->10
[135.906s][info][gc,metaspace] GC(321) Metaspace: 18281K(18432K)->18281K(18432K) NonClass: 15617K(15680K)->15617K(15680K) Class: 2664K(2752K)->2664K(2752K)
[135.906s][info][gc          ] GC(321) Pause Young (Normal) (G1 Evacuation Pause) 896M->604M(978M) 76.512ms
[135.906s][info][gc,cpu      ] GC(321) User=0.15s Sys=0.00s Real=0.08s
[136.158s][info][gc,marking  ] GC(319) Concurrent Mark From Roots 1219.105ms
[136.158s][info][gc,marking  ] GC(319) Concurrent Preclean
[136.158s][info][gc,marking  ] GC(319) Concurrent Preclean 0.029ms
[136.158s][info][gc,start    ] GC(319) Pause Remark
[136.165s][info][gc          ] GC(319) Pause Remark 688M->687M(978M) 7.104ms
[136.166s][info][gc,cpu      ] GC(319) User=0.02s Sys=0.00s Real=0.01s
[136.166s][info][gc,marking  ] GC(319) Concurrent Mark 1226.545ms
[136.166s][info][gc,marking  ] GC(319) Concurrent Rebuild Remembered Sets and Scrub Regions
[136.628s][info][gc,start    ] GC(322) Pause Young (Normal) (G1 Evacuation Pause)
[136.629s][info][gc,task     ] GC(322) Using 2 workers of 2 for evacuation
[136.707s][info][gc,phases   ] GC(322)   Pre Evacuate Collection Set: 0.48ms
[136.707s][info][gc,phases   ] GC(322)   Merge Heap Roots: 0.96ms
[136.707s][info][gc,phases   ] GC(322)   Evacuate Collection Set: 75.66ms
[136.707s][info][gc,phases   ] GC(322)   Post Evacuate Collection Set: 0.75ms
[136.707s][info][gc,phases   ] GC(322)   Other: 0.10ms
[136.707s][info][gc,heap     ] GC(322) Eden regions: 282->0(277)
[136.707s][info][gc,heap     ] GC(322) Survivor regions: 24->30(39)
[136.707s][info][gc,heap     ] GC(322) Old regions: 569->577
[136.707s][info][gc,heap     ] GC(322) Humongous regions: 13->13
[136.707s][info][gc,metaspace] GC(322) Metaspace: 18281K(18432K)->18281K(18432K) NonClass: 15617K(15680K)->15617K(15680K) Class: 2664K(2752K)->2664K(2752K)
[136.707s][info][gc          ] GC(322) Pause Young (Normal) (G1 Evacuation Pause) 888M->619M(978M) 78.212ms
[136.707s][info][gc,cpu      ] GC(322) User=0.15s Sys=0.00s Real=0.08s
[136.788s][info][gc,marking  ] GC(319) Concurrent Rebuild Remembered Sets and Scrub Regions 622.386ms
[136.788s][info][gc,start    ] GC(319) Pause Cleanup
[136.788s][info][gc          ] GC(319) Pause Cleanup 656M->656M(978M) 0.091ms
[136.788s][info][gc,cpu      ] GC(319) User=0.00s Sys=0.00s Real=0.00s
[136.789s][info][gc,marking  ] GC(319) Concurrent Clear Claimed Marks
[136.789s][info][gc,marking  ] GC(319) Concurrent Clear Claimed Marks 0.052ms
[136.789s][info][gc,marking  ] GC(319) Concurrent Cleanup for Next Mark
[136.795s][info][gc,marking  ] GC(319) Concurrent Cleanup for Next Mark 5.880ms
[136.795s][info][gc          ] GC(319) Concurrent Mark Cycle 2125.866ms
[137.164s][info][gc,start    ] GC(323) Pause Young (Prepare Mixed) (G1 Evacuation Pause)
[137.164s][info][gc,task     ] GC(323) Using 2 workers of 2 for evacuation
[137.229s][info][gc,phases   ] GC(323)   Pre Evacuate Collection Set: 0.28ms
[137.230s][info][gc,phases   ] GC(323)   Merge Heap Roots: 0.65ms
[137.230s][info][gc,phases   ] GC(323)   Evacuate Collection Set: 63.84ms
[137.230s][info][gc,phases   ] GC(323)   Post Evacuate Collection Set: 0.60ms
[137.230s][info][gc,phases   ] GC(323)   Other: 0.09ms
[137.230s][info][gc,heap     ] GC(323) Eden regions: 277->0(289)
[137.230s][info][gc,heap     ] GC(323) Survivor regions: 30->14(39)
[137.230s][info][gc,heap     ] GC(323) Old regions: 577->593
[137.230s][info][gc,heap     ] GC(323) Humongous regions: 13->13
[137.230s][info][gc,metaspace] GC(323) Metaspace: 18281K(18432K)->18281K(18432K) NonClass: 15617K(15680K)->15617K(15680K) Class: 2664K(2752K)->2664K(2752K)
[137.230s][info][gc          ] GC(323) Pause Young (Prepare Mixed) (G1 Evacuation Pause) 896M->620M(978M) 65.700ms
[137.230s][info][gc,cpu      ] GC(323) User=0.13s Sys=0.00s Real=0.06s
[137.648s][info][gc,start    ] GC(324) Pause Young (Mixed) (G1 Evacuation Pause)
[137.648s][info][gc,task     ] GC(324) Using 2 workers of 2 for evacuation
[137.685s][info][gc,phases   ] GC(324)   Pre Evacuate Collection Set: 0.29ms
[137.685s][info][gc,phases   ] GC(324)   Merge Heap Roots: 0.39ms
[137.685s][info][gc,phases   ] GC(324)   Evacuate Collection Set: 36.09ms
[137.685s][info][gc,phases   ] GC(324)   Post Evacuate Collection Set: 0.51ms
[137.685s][info][gc,phases   ] GC(324)   Other: 0.09ms
[137.685s][info][gc,heap     ] GC(324) Eden regions: 289->0(285)
[137.685s][info][gc,heap     ] GC(324) Survivor regions: 14->22(38)
[137.685s][info][gc,heap     ] GC(324) Old regions: 593->586
[137.685s][info][gc,heap     ] GC(324) Humongous regions: 13->13
[137.685s][info][gc,metaspace] GC(324) Metaspace: 18281K(18432K)->18281K(18432K) NonClass: 15617K(15680K)->15617K(15680K) Class: 2664K(2752K)->2664K(2752K)
[137.685s][info][gc          ] GC(324) Pause Young (Mixed) (G1 Evacuation Pause) 909M->620M(978M) 37.587ms
[137.685s][info][gc,cpu      ] GC(324) User=0.07s Sys=0.00s Real=0.04s
[137.953s][info][gc,start    ] GC(325) Pause Young (Concurrent Start) (G1 Evacuation Pause)
[137.953s][info][gc,task     ] GC(325) Using 2 workers of 2 for evacuation
[138.012s][info][gc,phases   ] GC(325)   Pre Evacuate Collection Set: 0.35ms
[138.012s][info][gc,phases   ] GC(325)   Merge Heap Roots: 0.19ms
[138.012s][info][gc,phases   ] GC(325)   Evacuate Collection Set: 57.25ms
[138.012s][info][gc,phases   ] GC(325)   Post Evacuate Collection Set: 0.50ms
[138.012s][info][gc,phases   ] GC(325)   Other: 0.25ms
[138.012s][info][gc,heap     ] GC(325) Eden regions: 285->0(253)
[138.012s][info][gc,heap     ] GC(325) Survivor regions: 22->31(39)
[138.012s][info][gc,heap     ] GC(325) Old regions: 586->600
[138.012s][info][gc,heap     ] GC(325) Humongous regions: 13->13
[138.012s][info][gc,metaspace] GC(325) Metaspace: 18281K(18432K)->18281K(18432K) NonClass: 15617K(15680K)->15617K(15680K) Class: 2664K(2752K)->2664K(2752K)
[138.012s][info][gc          ] GC(325) Pause Young (Concurrent Start) (G1 Evacuation Pause) 905M->643M(978M) 58.773ms
[138.012s][info][gc,cpu      ] GC(325) User=0.11s Sys=0.00s Real=0.06s
[138.012s][info][gc          ] GC(326) Concurrent Mark Cycle
[138.016s][info][gc,marking  ] GC(326) Concurrent Scan Root Regions
[138.134s][info][gc,marking  ] GC(326) Concurrent Scan Root Regions 117.712ms
[138.134s][info][gc,marking  ] GC(326) Concurrent Mark
[138.134s][info][gc,marking  ] GC(326) Concurrent Mark From Roots
[138.134s][info][gc,task     ] GC(326) Using 1 workers of 1 for marking
[138.429s][info][gc,start    ] GC(327) Pause Young (Normal) (G1 Evacuation Pause)
[138.430s][info][gc,task     ] GC(327) Using 2 workers of 2 for evacuation
[138.469s][info][gc,phases   ] GC(327)   Pre Evacuate Collection Set: 0.27ms
[138.469s][info][gc,phases   ] GC(327)   Merge Heap Roots: 0.16ms
[138.469s][info][gc,phases   ] GC(327)   Evacuate Collection Set: 38.66ms
[138.469s][info][gc,phases   ] GC(327)   Post Evacuate Collection Set: 0.43ms
[138.469s][info][gc,phases   ] GC(327)   Other: 0.07ms
[138.469s][info][gc,heap     ] GC(327) Eden regions: 253->0(264)
[138.469s][info][gc,heap     ] GC(327) Survivor regions: 31->10(36)
[138.469s][info][gc,heap     ] GC(327) Old regions: 600->631
[138.469s][info][gc,heap     ] GC(327) Humongous regions: 13->13
[138.469s][info][gc,metaspace] GC(327) Metaspace: 18281K(18432K)->18281K(18432K) NonClass: 15617K(15680K)->15617K(15680K) Class: 2664K(2752K)->2664K(2752K)
[138.469s][info][gc          ] GC(327) Pause Young (Normal) (G1 Evacuation Pause) 896M->653M(978M) 39.800ms
[138.469s][info][gc,cpu      ] GC(327) User=0.07s Sys=0.00s Real=0.04s
[139.302s][info][gc,marking  ] GC(326) Concurrent Mark From Roots 1167.789ms
[139.302s][info][gc,marking  ] GC(326) Concurrent Preclean
[139.302s][info][gc,marking  ] GC(326) Concurrent Preclean 0.028ms
[139.302s][info][gc,start    ] GC(326) Pause Remark
[139.309s][info][gc          ] GC(326) Pause Remark 877M->798M(978M) 6.799ms
[139.309s][info][gc,cpu      ] GC(326) User=0.01s Sys=0.00s Real=0.00s
[139.309s][info][gc,marking  ] GC(326) Concurrent Mark 1174.903ms
[139.309s][info][gc,marking  ] GC(326) Concurrent Rebuild Remembered Sets and Scrub Regions
[139.409s][info][gc,start    ] GC(328) Pause Young (Normal) (G1 Evacuation Pause)
[139.409s][info][gc,task     ] GC(328) Using 2 workers of 2 for evacuation
[139.422s][info][gc,phases   ] GC(328)   Pre Evacuate Collection Set: 0.24ms
[139.423s][info][gc,phases   ] GC(328)   Merge Heap Roots: 0.19ms
[139.423s][info][gc,phases   ] GC(328)   Evacuate Collection Set: 12.56ms
[139.423s][info][gc,phases   ] GC(328)   Post Evacuate Collection Set: 0.43ms
[139.423s][info][gc,phases   ] GC(328)   Other: 0.11ms
[139.423s][info][gc,heap     ] GC(328) Eden regions: 264->0(334)
[139.423s][info][gc,heap     ] GC(328) Survivor regions: 10->11(35)
[139.423s][info][gc,heap     ] GC(328) Old regions: 558->558
[139.423s][info][gc,heap     ] GC(328) Humongous regions: 7->7
[139.423s][info][gc,metaspace] GC(328) Metaspace: 18281K(18432K)->18281K(18432K) NonClass: 15617K(15680K)->15617K(15680K) Class: 2664K(2752K)->2664K(2752K)
[139.423s][info][gc          ] GC(328) Pause Young (Normal) (G1 Evacuation Pause) 838M->575M(978M) 13.745ms
[139.423s][info][gc,cpu      ] GC(328) User=0.03s Sys=0.00s Real=0.02s
[139.687s][info][gc,marking  ] GC(326) Concurrent Rebuild Remembered Sets and Scrub Regions 378.314ms
[139.687s][info][gc,start    ] GC(326) Pause Cleanup
[139.687s][info][gc          ] GC(326) Pause Cleanup 654M->654M(978M) 0.133ms
[139.687s][info][gc,cpu      ] GC(326) User=0.00s Sys=0.00s Real=0.00s
[139.688s][info][gc,marking  ] GC(326) Concurrent Clear Claimed Marks
[139.688s][info][gc,marking  ] GC(326) Concurrent Clear Claimed Marks 0.032ms
[139.688s][info][gc,marking  ] GC(326) Concurrent Cleanup for Next Mark
[139.692s][info][gc,marking  ] GC(326) Concurrent Cleanup for Next Mark 3.904ms
[139.692s][info][gc          ] GC(326) Concurrent Mark Cycle 1679.838ms
[140.050s][info][gc,start    ] GC(329) Pause Young (Prepare Mixed) (G1 Evacuation Pause)
[140.050s][info][gc,task     ] GC(329) Using 2 workers of 2 for evacuation
[140.077s][info][gc,phases   ] GC(329)   Pre Evacuate Collection Set: 0.26ms
[140.077s][info][gc,phases   ] GC(329)   Merge Heap Roots: 0.20ms
[140.077s][info][gc,phases   ] GC(329)   Evacuate Collection Set: 25.92ms
[140.077s][info][gc,phases   ] GC(329)   Post Evacuate Collection Set: 0.51ms
[140.077s][info][gc,phases   ] GC(329)   Other: 0.08ms
[140.077s][info][gc,heap     ] GC(329) Eden regions: 334->0(317)
[140.077s][info][gc,heap     ] GC(329) Survivor regions: 11->23(44)
[140.077s][info][gc,heap     ] GC(329) Old regions: 558->558
[140.077s][info][gc,heap     ] GC(329) Humongous regions: 7->7
[140.077s][info][gc,metaspace] GC(329) Metaspace: 18281K(18432K)->18281K(18432K) NonClass: 15617K(15680K)->15617K(15680K) Class: 2664K(2752K)->2664K(2752K)
[140.078s][info][gc          ] GC(329) Pause Young (Prepare Mixed) (G1 Evacuation Pause) 909M->587M(978M) 27.175ms
[140.078s][info][gc,cpu      ] GC(329) User=0.06s Sys=0.00s Real=0.03s
[140.494s][info][gc,start    ] GC(330) Pause Young (Mixed) (G1 Evacuation Pause)
[140.494s][info][gc,task     ] GC(330) Using 2 workers of 2 for evacuation
[140.623s][info][gc,phases   ] GC(330)   Pre Evacuate Collection Set: 0.35ms
[140.623s][info][gc,phases   ] GC(330)   Merge Heap Roots: 0.35ms
[140.623s][info][gc,phases   ] GC(330)   Evacuate Collection Set: 120.81ms
[140.623s][info][gc,phases   ] GC(330)   Post Evacuate Collection Set: 7.29ms
[140.623s][info][gc,phases   ] GC(330)   Other: 0.10ms
[140.623s][info][gc,heap     ] GC(330) Eden regions: 317->0(262)
[140.623s][info][gc,heap     ] GC(330) Survivor regions: 23->43(43)
[140.623s][info][gc,heap     ] GC(330) Old regions: 558->570
[140.623s][info][gc,heap     ] GC(330) Humongous regions: 10->10
[140.623s][info][gc,metaspace] GC(330) Metaspace: 18282K(18432K)->18282K(18432K) NonClass: 15618K(15680K)->15618K(15680K) Class: 2664K(2752K)->2664K(2752K)
[140.623s][info][gc          ] GC(330) Pause Young (Mixed) (G1 Evacuation Pause) (Evacuation Failure: Allocation) 907M->623M(978M) 129.154ms
[140.623s][info][gc,cpu      ] GC(330) User=0.26s Sys=0.00s Real=0.13s
[141.051s][info][gc,start    ] GC(331) Pause Young (Concurrent Start) (G1 Evacuation Pause)
[141.051s][info][gc,task     ] GC(331) Using 2 workers of 2 for evacuation
[141.110s][info][gc,phases   ] GC(331)   Pre Evacuate Collection Set: 0.37ms
[141.110s][info][gc,phases   ] GC(331)   Merge Heap Roots: 0.55ms
[141.110s][info][gc,phases   ] GC(331)   Evacuate Collection Set: 56.63ms
[141.110s][info][gc,phases   ] GC(331)   Post Evacuate Collection Set: 0.54ms
[141.110s][info][gc,phases   ] GC(331)   Other: 0.20ms
[141.110s][info][gc,heap     ] GC(331) Eden regions: 262->0(306)
[141.110s][info][gc,heap     ] GC(331) Survivor regions: 43->1(39)
[141.110s][info][gc,heap     ] GC(331) Old regions: 570->581
[141.110s][info][gc,heap     ] GC(331) Humongous regions: 10->10
[141.110s][info][gc,metaspace] GC(331) Metaspace: 18282K(18432K)->18282K(18432K) NonClass: 15618K(15680K)->15618K(15680K) Class: 2664K(2752K)->2664K(2752K)
[141.110s][info][gc          ] GC(331) Pause Young (Concurrent Start) (G1 Evacuation Pause) 885M->592M(978M) 58.517ms
[141.110s][info][gc,cpu      ] GC(331) User=0.11s Sys=0.00s Real=0.05s
[141.110s][info][gc          ] GC(332) Concurrent Mark Cycle
[141.110s][info][gc,marking  ] GC(332) Concurrent Scan Root Regions
[141.148s][info][gc,marking  ] GC(332) Concurrent Scan Root Regions 38.290ms
[141.148s][info][gc,marking  ] GC(332) Concurrent Mark
[141.148s][info][gc,marking  ] GC(332) Concurrent Mark From Roots
[141.148s][info][gc,task     ] GC(332) Using 1 workers of 1 for marking
[142.061s][info][gc,marking  ] GC(332) Concurrent Mark From Roots 912.236ms
[142.061s][info][gc,marking  ] GC(332) Concurrent Preclean
[142.061s][info][gc,marking  ] GC(332) Concurrent Preclean 0.025ms
[142.061s][info][gc,start    ] GC(332) Pause Remark
[142.067s][info][gc          ] GC(332) Pause Remark 854M->695M(978M) 6.593ms
[142.067s][info][gc,cpu      ] GC(332) User=0.01s Sys=0.01s Real=0.01s
[142.068s][info][gc,marking  ] GC(332) Concurrent Mark 919.116ms
[142.068s][info][gc,marking  ] GC(332) Concurrent Rebuild Remembered Sets and Scrub Regions
[142.185s][info][gc,start    ] GC(333) Pause Young (Normal) (G1 Evacuation Pause)
[142.186s][info][gc,task     ] GC(333) Using 2 workers of 2 for evacuation
[142.187s][info][gc,phases   ] GC(333)   Pre Evacuate Collection Set: 0.43ms
[142.187s][info][gc,phases   ] GC(333)   Merge Heap Roots: 0.06ms
[142.187s][info][gc,phases   ] GC(333)   Evacuate Collection Set: 0.46ms
[142.187s][info][gc,phases   ] GC(333)   Post Evacuate Collection Set: 0.59ms
[142.187s][info][gc,phases   ] GC(333)   Other: 0.10ms
[142.187s][info][gc,heap     ] GC(333) Eden regions: 306->0(451)
[142.187s][info][gc,heap     ] GC(333) Survivor regions: 1->1(39)
[142.187s][info][gc,heap     ] GC(333) Old regions: 425->425
[142.187s][info][gc,heap     ] GC(333) Humongous regions: 7->7
[142.187s][info][gc,metaspace] GC(333) Metaspace: 18282K(18432K)->18282K(18432K) NonClass: 15618K(15680K)->15618K(15680K) Class: 2664K(2752K)->2664K(2752K)
[142.187s][info][gc          ] GC(333) Pause Young (Normal) (G1 Evacuation Pause) 739M->432M(978M) 1.822ms
[142.187s][info][gc,cpu      ] GC(333) User=0.00s Sys=0.00s Real=0.00s
[142.367s][info][gc,marking  ] GC(332) Concurrent Rebuild Remembered Sets and Scrub Regions 299.426ms
[142.367s][info][gc,start    ] GC(332) Pause Cleanup
[142.367s][info][gc          ] GC(332) Pause Cleanup 511M->511M(978M) 0.111ms
[142.367s][info][gc,cpu      ] GC(332) User=0.00s Sys=0.00s Real=0.00s
[142.367s][info][gc,marking  ] GC(332) Concurrent Clear Claimed Marks
[142.367s][info][gc,marking  ] GC(332) Concurrent Clear Claimed Marks 0.033ms
[142.367s][info][gc,marking  ] GC(332) Concurrent Cleanup for Next Mark
[142.374s][info][gc,marking  ] GC(332) Concurrent Cleanup for Next Mark 6.475ms
[142.374s][info][gc          ] GC(332) Concurrent Mark Cycle 1264.061ms
[142.830s][info][gc,start    ] GC(334) Pause Young (Prepare Mixed) (G1 Evacuation Pause)
[142.830s][info][gc,task     ] GC(334) Using 2 workers of 2 for evacuation
[142.864s][info][gc,phases   ] GC(334)   Pre Evacuate Collection Set: 0.45ms
[142.864s][info][gc,phases   ] GC(334)   Merge Heap Roots: 0.25ms
[142.864s][info][gc,phases   ] GC(334)   Evacuate Collection Set: 31.97ms
[142.864s][info][gc,phases   ] GC(334)   Post Evacuate Collection Set: 0.61ms
[142.864s][info][gc,phases   ] GC(334)   Other: 0.09ms
[142.864s][info][gc,heap     ] GC(334) Eden regions: 451->0(429)
[142.864s][info][gc,heap     ] GC(334) Survivor regions: 1->25(57)
[142.864s][info][gc,heap     ] GC(334) Old regions: 425->425
[142.864s][info][gc,heap     ] GC(334) Humongous regions: 7->7
[142.864s][info][gc,metaspace] GC(334) Metaspace: 18282K(18432K)->18282K(18432K) NonClass: 15618K(15680K)->15618K(15680K) Class: 2664K(2752K)->2664K(2752K)
[142.864s][info][gc          ] GC(334) Pause Young (Prepare Mixed) (G1 Evacuation Pause) 883M->457M(978M) 33.589ms
[142.864s][info][gc,cpu      ] GC(334) User=0.06s Sys=0.00s Real=0.04s
[143.244s][info][gc,start    ] GC(335) Pause Young (Mixed) (G1 Evacuation Pause)
[143.244s][info][gc,task     ] GC(335) Using 2 workers of 2 for evacuation
[143.284s][info][gc,phases   ] GC(335)   Pre Evacuate Collection Set: 0.27ms
[143.284s][info][gc,phases   ] GC(335)   Merge Heap Roots: 0.20ms
[143.284s][info][gc,phases   ] GC(335)   Evacuate Collection Set: 38.03ms
[143.284s][info][gc,phases   ] GC(335)   Post Evacuate Collection Set: 0.62ms
[143.284s][info][gc,phases   ] GC(335)   Other: 0.11ms
[143.284s][info][gc,heap     ] GC(335) Eden regions: 429->0(428)
[143.284s][info][gc,heap     ] GC(335) Survivor regions: 25->39(57)
[143.284s][info][gc,heap     ] GC(335) Old regions: 425->415
[143.284s][info][gc,heap     ] GC(335) Humongous regions: 7->7
[143.284s][info][gc,metaspace] GC(335) Metaspace: 18282K(18432K)->18282K(18432K) NonClass: 15618K(15680K)->15618K(15680K) Class: 2664K(2752K)->2664K(2752K)
[143.284s][info][gc          ] GC(335) Pause Young (Mixed) (G1 Evacuation Pause) 886M->460M(978M) 39.469ms
[143.284s][info][gc,cpu      ] GC(335) User=0.08s Sys=0.00s Real=0.04s
[144.007s][info][gc,start    ] GC(336) Pause Young (Concurrent Start) (G1 Evacuation Pause)
[144.007s][info][gc,task     ] GC(336) Using 2 workers of 2 for evacuation
[144.070s][info][gc,phases   ] GC(336)   Pre Evacuate Collection Set: 0.28ms
[144.070s][info][gc,phases   ] GC(336)   Merge Heap Roots: 0.37ms
[144.070s][info][gc,phases   ] GC(336)   Evacuate Collection Set: 61.96ms
[144.070s][info][gc,phases   ] GC(336)   Post Evacuate Collection Set: 0.66ms
[144.070s][info][gc,phases   ] GC(336)   Other: 0.15ms
[144.070s][info][gc,heap     ] GC(336) Eden regions: 428->0(416)
[144.070s][info][gc,heap     ] GC(336) Survivor regions: 39->33(59)
[144.070s][info][gc,heap     ] GC(336) Old regions: 415->439
[144.070s][info][gc,heap     ] GC(336) Humongous regions: 7->7
[144.070s][info][gc,metaspace] GC(336) Metaspace: 18283K(18432K)->18283K(18432K) NonClass: 15619K(15680K)->15619K(15680K) Class: 2664K(2752K)->2664K(2752K)
[144.070s][info][gc          ] GC(336) Pause Young (Concurrent Start) (G1 Evacuation Pause) 888M->478M(978M) 63.657ms
[144.071s][info][gc          ] GC(337) Concurrent Mark Cycle
[144.071s][info][gc,marking  ] GC(337) Concurrent Scan Root Regions
[144.071s][info][gc,cpu      ] GC(336) User=0.12s Sys=0.00s Real=0.06s
[144.151s][info][gc,marking  ] GC(337) Concurrent Scan Root Regions 80.120ms
[144.151s][info][gc,marking  ] GC(337) Concurrent Mark
[144.151s][info][gc,marking  ] GC(337) Concurrent Mark From Roots
[144.151s][info][gc,task     ] GC(337) Using 1 workers of 1 for marking
[144.710s][info][gc,start    ] GC(338) Pause Young (Normal) (G1 Evacuation Pause)
[144.710s][info][gc,task     ] GC(338) Using 2 workers of 2 for evacuation
[144.876s][info][gc,phases   ] GC(338)   Pre Evacuate Collection Set: 0.27ms
[144.876s][info][gc,phases   ] GC(338)   Merge Heap Roots: 0.34ms
[144.876s][info][gc,phases   ] GC(338)   Evacuate Collection Set: 146.31ms
[144.876s][info][gc,phases   ] GC(338)   Post Evacuate Collection Set: 19.07ms
[144.876s][info][gc,phases   ] GC(338)   Other: 0.08ms
[144.876s][info][gc,heap     ] GC(338) Eden regions: 416->0(107)
[144.876s][info][gc,heap     ] GC(338) Survivor regions: 33->57(57)
[144.876s][info][gc,heap     ] GC(338) Old regions: 439->700
[144.876s][info][gc,heap     ] GC(338) Humongous regions: 7->7
[144.876s][info][gc,metaspace] GC(338) Metaspace: 18291K(18496K)->18291K(18496K) NonClass: 15627K(15744K)->15627K(15744K) Class: 2664K(2752K)->2664K(2752K)
[144.876s][info][gc          ] GC(338) Pause Young (Normal) (G1 Evacuation Pause) (Evacuation Failure: Allocation) 894M->764M(978M) 166.278ms
[144.876s][info][gc,cpu      ] GC(338) User=0.33s Sys=0.00s Real=0.17s
[145.057s][info][gc,start    ] GC(339) Pause Young (Normal) (G1 Evacuation Pause)
[145.057s][info][gc,task     ] GC(339) Using 2 workers of 2 for evacuation
[145.171s][info][gc,phases   ] GC(339)   Pre Evacuate Collection Set: 0.37ms
[145.171s][info][gc,phases   ] GC(339)   Merge Heap Roots: 0.71ms
[145.171s][info][gc,phases   ] GC(339)   Evacuate Collection Set: 109.83ms
[145.171s][info][gc,phases   ] GC(339)   Post Evacuate Collection Set: 2.48ms
[145.171s][info][gc,phases   ] GC(339)   Other: 0.08ms
[145.171s][info][gc,heap     ] GC(339) Eden regions: 107->0(210)
[145.171s][info][gc,heap     ] GC(339) Survivor regions: 57->18(21)
[145.171s][info][gc,heap     ] GC(339) Old regions: 700->671
[145.171s][info][gc,heap     ] GC(339) Humongous regions: 7->7
[145.171s][info][gc,metaspace] GC(339) Metaspace: 18296K(18496K)->18296K(18496K) NonClass: 15632K(15744K)->15632K(15744K) Class: 2664K(2752K)->2664K(2752K)
[145.171s][info][gc          ] GC(339) Pause Young (Normal) (G1 Evacuation Pause) (Evacuation Failure: Allocation) 871M->696M(978M) 113.727ms
[145.171s][info][gc,cpu      ] GC(339) User=0.22s Sys=0.00s Real=0.12s
[145.212s][info][gc,marking  ] GC(337) Concurrent Mark From Roots 1061.317ms
[145.212s][info][gc,marking  ] GC(337) Concurrent Preclean
[145.212s][info][gc,marking  ] GC(337) Concurrent Preclean 0.025ms
[145.212s][info][gc,start    ] GC(337) Pause Remark
[145.219s][info][gc          ] GC(337) Pause Remark 744M->671M(978M) 6.727ms
[145.219s][info][gc,cpu      ] GC(337) User=0.01s Sys=0.00s Real=0.00s
[145.219s][info][gc,marking  ] GC(337) Concurrent Mark 1068.329ms
[145.219s][info][gc,marking  ] GC(337) Concurrent Rebuild Remembered Sets and Scrub Regions
[145.419s][info][gc,start    ] GC(340) Pause Young (Normal) (G1 Evacuation Pause)
[145.419s][info][gc,task     ] GC(340) Using 2 workers of 2 for evacuation
[145.469s][info][gc,phases   ] GC(340)   Pre Evacuate Collection Set: 0.54ms
[145.469s][info][gc,phases   ] GC(340)   Merge Heap Roots: 0.55ms
[145.469s][info][gc,phases   ] GC(340)   Evacuate Collection Set: 48.20ms
[145.469s][info][gc,phases   ] GC(340)   Post Evacuate Collection Set: 0.48ms
[145.469s][info][gc,phases   ] GC(340)   Other: 0.10ms
[145.469s][info][gc,heap     ] GC(340) Eden regions: 210->0(343)
[145.469s][info][gc,heap     ] GC(340) Survivor regions: 18->4(29)
[145.469s][info][gc,heap     ] GC(340) Old regions: 600->530
[145.469s][info][gc,heap     ] GC(340) Humongous regions: 5->5
[145.469s][info][gc,metaspace] GC(340) Metaspace: 18296K(18496K)->18296K(18496K) NonClass: 15632K(15744K)->15632K(15744K) Class: 2664K(2752K)->2664K(2752K)
[145.469s][info][gc          ] GC(340) Pause Young (Normal) (G1 Evacuation Pause) 833M->538M(978M) 50.076ms
[145.469s][info][gc,cpu      ] GC(340) User=0.10s Sys=0.00s Real=0.05s
[145.648s][info][gc,marking  ] GC(337) Concurrent Rebuild Remembered Sets and Scrub Regions 428.713ms
[145.648s][info][gc,start    ] GC(337) Pause Cleanup
[145.648s][info][gc          ] GC(337) Pause Cleanup 686M->686M(978M) 0.122ms
[145.648s][info][gc,cpu      ] GC(337) User=0.00s Sys=0.00s Real=0.00s
[145.648s][info][gc,marking  ] GC(337) Concurrent Clear Claimed Marks
[145.648s][info][gc,marking  ] GC(337) Concurrent Clear Claimed Marks 0.026ms
[145.648s][info][gc,marking  ] GC(337) Concurrent Cleanup for Next Mark
[145.651s][info][gc,marking  ] GC(337) Concurrent Cleanup for Next Mark 2.835ms
[145.651s][info][gc          ] GC(337) Concurrent Mark Cycle 1580.503ms
[145.801s][info][gc,start    ] GC(341) Pause Young (Prepare Mixed) (G1 Evacuation Pause)
[145.801s][info][gc,task     ] GC(341) Using 2 workers of 2 for evacuation
[145.822s][info][gc,phases   ] GC(341)   Pre Evacuate Collection Set: 0.29ms
[145.822s][info][gc,phases   ] GC(341)   Merge Heap Roots: 0.32ms
[145.822s][info][gc,phases   ] GC(341)   Evacuate Collection Set: 19.67ms
[145.822s][info][gc,phases   ] GC(341)   Post Evacuate Collection Set: 0.50ms
[145.822s][info][gc,phases   ] GC(341)   Other: 0.08ms
[145.822s][info][gc,heap     ] GC(341) Eden regions: 343->0(353)
[145.822s][info][gc,heap     ] GC(341) Survivor regions: 4->9(44)
[145.822s][info][gc,heap     ] GC(341) Old regions: 530->530
[145.822s][info][gc,heap     ] GC(341) Humongous regions: 5->5
[145.822s][info][gc,metaspace] GC(341) Metaspace: 18296K(18496K)->18296K(18496K) NonClass: 15632K(15744K)->15632K(15744K) Class: 2664K(2752K)->2664K(2752K)
[145.822s][info][gc          ] GC(341) Pause Young (Prepare Mixed) (G1 Evacuation Pause) 881M->543M(978M) 21.061ms
[145.822s][info][gc,cpu      ] GC(341) User=0.04s Sys=0.00s Real=0.03s
[146.125s][info][gc,start    ] GC(342) Pause Young (Mixed) (G1 Evacuation Pause)
[146.125s][info][gc,task     ] GC(342) Using 2 workers of 2 for evacuation
[146.150s][info][gc,phases   ] GC(342)   Pre Evacuate Collection Set: 0.51ms
[146.150s][info][gc,phases   ] GC(342)   Merge Heap Roots: 0.49ms
[146.150s][info][gc,phases   ] GC(342)   Evacuate Collection Set: 22.71ms
[146.150s][info][gc,phases   ] GC(342)   Post Evacuate Collection Set: 0.61ms
[146.150s][info][gc,phases   ] GC(342)   Other: 0.10ms
[146.150s][info][gc,heap     ] GC(342) Eden regions: 353->0(407)
[146.150s][info][gc,heap     ] GC(342) Survivor regions: 9->10(46)
[146.150s][info][gc,heap     ] GC(342) Old regions: 530->484
[146.150s][info][gc,heap     ] GC(342) Humongous regions: 5->5
[146.150s][info][gc,metaspace] GC(342) Metaspace: 18297K(18496K)->18297K(18496K) NonClass: 15632K(15744K)->15632K(15744K) Class: 2664K(2752K)->2664K(2752K)
[146.150s][info][gc          ] GC(342) Pause Young (Mixed) (G1 Evacuation Pause) 896M->498M(978M) 24.631ms
[146.150s][info][gc,cpu      ] GC(342) User=0.05s Sys=0.00s Real=0.02s
[146.445s][info][gc,start    ] GC(343) Pause Young (Concurrent Start) (G1 Humongous Allocation)
[146.445s][info][gc,task     ] GC(343) Using 2 workers of 2 for evacuation
[146.493s][info][gc,phases   ] GC(343)   Pre Evacuate Collection Set: 0.30ms
[146.493s][info][gc,phases   ] GC(343)   Merge Heap Roots: 0.38ms
[146.493s][info][gc,phases   ] GC(343)   Evacuate Collection Set: 46.59ms
[146.493s][info][gc,phases   ] GC(343)   Post Evacuate Collection Set: 0.57ms
[146.493s][info][gc,phases   ] GC(343)   Other: 0.11ms
[146.493s][info][gc,heap     ] GC(343) Eden regions: 275->0(375)
[146.493s][info][gc,heap     ] GC(343) Survivor regions: 10->32(53)
[146.493s][info][gc,heap     ] GC(343) Old regions: 484->484
[146.493s][info][gc,heap     ] GC(343) Humongous regions: 5->5
[146.493s][info][gc,metaspace] GC(343) Metaspace: 18303K(18496K)->18303K(18496K) NonClass: 15639K(15744K)->15639K(15744K) Class: 2664K(2752K)->2664K(2752K)
[146.493s][info][gc          ] GC(343) Pause Young (Concurrent Start) (G1 Humongous Allocation) 773M->520M(978M) 48.167ms
[146.493s][info][gc,cpu      ] GC(343) User=0.10s Sys=0.00s Real=0.05s
[146.493s][info][gc          ] GC(344) Concurrent Mark Cycle
[146.493s][info][gc,marking  ] GC(344) Concurrent Scan Root Regions
[146.565s][info][gc,marking  ] GC(344) Concurrent Scan Root Regions 71.649ms
[146.565s][info][gc,marking  ] GC(344) Concurrent Mark
[146.565s][info][gc,marking  ] GC(344) Concurrent Mark From Roots
[146.565s][info][gc,task     ] GC(344) Using 1 workers of 1 for marking
[147.379s][info][gc,start    ] GC(345) Pause Young (Normal) (G1 Evacuation Pause)
[147.379s][info][gc,task     ] GC(345) Using 2 workers of 2 for evacuation
[147.484s][info][gc,phases   ] GC(345)   Pre Evacuate Collection Set: 0.28ms
[147.484s][info][gc,phases   ] GC(345)   Merge Heap Roots: 0.51ms
[147.484s][info][gc,phases   ] GC(345)   Evacuate Collection Set: 102.88ms
[147.484s][info][gc,phases   ] GC(345)   Post Evacuate Collection Set: 1.46ms
[147.484s][info][gc,phases   ] GC(345)   Other: 0.09ms
[147.484s][info][gc,heap     ] GC(345) Eden regions: 375->0(282)
[147.484s][info][gc,heap     ] GC(345) Survivor regions: 32->51(51)
[147.484s][info][gc,heap     ] GC(345) Old regions: 484->536
[147.484s][info][gc,heap     ] GC(345) Humongous regions: 8->8
[147.484s][info][gc,metaspace] GC(345) Metaspace: 18309K(18496K)->18309K(18496K) NonClass: 15645K(15744K)->15645K(15744K) Class: 2664K(2752K)->2664K(2752K)
[147.485s][info][gc          ] GC(345) Pause Young (Normal) (G1 Evacuation Pause) (Evacuation Failure: Allocation) 898M->595M(978M) 105.454ms
[147.485s][info][gc,cpu      ] GC(345) User=0.21s Sys=0.00s Real=0.11s
[147.966s][info][gc,marking  ] GC(344) Concurrent Mark From Roots 1401.206ms
[147.966s][info][gc,marking  ] GC(344) Concurrent Preclean
[147.966s][info][gc,marking  ] GC(344) Concurrent Preclean 0.038ms
[147.966s][info][gc,start    ] GC(344) Pause Remark
[147.973s][info][gc          ] GC(344) Pause Remark 834M->834M(978M) 6.579ms
[147.973s][info][gc,cpu      ] GC(344) User=0.01s Sys=0.00s Real=0.01s
[147.973s][info][gc,marking  ] GC(344) Concurrent Mark 1408.106ms
[147.973s][info][gc,marking  ] GC(344) Concurrent Rebuild Remembered Sets and Scrub Regions
[148.062s][info][gc,start    ] GC(346) Pause Young (Normal) (G1 Evacuation Pause)
[148.062s][info][gc,task     ] GC(346) Using 2 workers of 2 for evacuation
[148.138s][info][gc,phases   ] GC(346)   Pre Evacuate Collection Set: 0.45ms
[148.138s][info][gc,phases   ] GC(346)   Merge Heap Roots: 0.48ms
[148.138s][info][gc,phases   ] GC(346)   Evacuate Collection Set: 74.95ms
[148.138s][info][gc,phases   ] GC(346)   Post Evacuate Collection Set: 0.52ms
[148.138s][info][gc,phases   ] GC(346)   Other: 0.08ms
[148.138s][info][gc,heap     ] GC(346) Eden regions: 282->0(320)
[148.138s][info][gc,heap     ] GC(346) Survivor regions: 51->7(42)
[148.138s][info][gc,heap     ] GC(346) Old regions: 536->566
[148.138s][info][gc,heap     ] GC(346) Humongous regions: 8->8
[148.138s][info][gc,metaspace] GC(346) Metaspace: 18316K(18496K)->18316K(18496K) NonClass: 15652K(15744K)->15652K(15744K) Class: 2664K(2752K)->2664K(2752K)
[148.138s][info][gc          ] GC(346) Pause Young (Normal) (G1 Evacuation Pause) 877M->580M(978M) 76.687ms
[148.138s][info][gc,cpu      ] GC(346) User=0.15s Sys=0.00s Real=0.07s
[148.434s][info][gc,marking  ] GC(344) Concurrent Rebuild Remembered Sets and Scrub Regions 460.886ms
[148.434s][info][gc,start    ] GC(344) Pause Cleanup
[148.434s][info][gc          ] GC(344) Pause Cleanup 800M->800M(978M) 0.124ms
[148.434s][info][gc,cpu      ] GC(344) User=0.00s Sys=0.00s Real=0.00s
[148.435s][info][gc,marking  ] GC(344) Concurrent Clear Claimed Marks
[148.435s][info][gc,marking  ] GC(344) Concurrent Clear Claimed Marks 0.034ms
[148.435s][info][gc,marking  ] GC(344) Concurrent Cleanup for Next Mark
[148.438s][info][gc,marking  ] GC(344) Concurrent Cleanup for Next Mark 2.919ms
[148.438s][info][gc          ] GC(344) Concurrent Mark Cycle 1944.746ms
[148.608s][info][gc,start    ] GC(347) Pause Young (Prepare Mixed) (G1 Evacuation Pause)
[148.608s][info][gc,task     ] GC(347) Using 2 workers of 2 for evacuation
[148.628s][info][gc,phases   ] GC(347)   Pre Evacuate Collection Set: 0.25ms
[148.628s][info][gc,phases   ] GC(347)   Merge Heap Roots: 0.24ms
[148.628s][info][gc,phases   ] GC(347)   Evacuate Collection Set: 18.37ms
[148.628s][info][gc,phases   ] GC(347)   Post Evacuate Collection Set: 0.49ms
[148.628s][info][gc,phases   ] GC(347)   Other: 0.08ms
[148.628s][info][gc,heap     ] GC(347) Eden regions: 320->0(322)
[148.628s][info][gc,heap     ] GC(347) Survivor regions: 7->15(41)
[148.628s][info][gc,heap     ] GC(347) Old regions: 566->566
[148.628s][info][gc,heap     ] GC(347) Humongous regions: 8->8
[148.628s][info][gc,metaspace] GC(347) Metaspace: 18320K(18496K)->18320K(18496K) NonClass: 15656K(15744K)->15656K(15744K) Class: 2664K(2752K)->2664K(2752K)
[148.628s][info][gc          ] GC(347) Pause Young (Prepare Mixed) (G1 Evacuation Pause) 900M->588M(978M) 19.646ms
[148.628s][info][gc,cpu      ] GC(347) User=0.04s Sys=0.00s Real=0.02s
[149.465s][info][gc,start    ] GC(348) Pause Young (Mixed) (G1 Evacuation Pause)
[149.465s][info][gc,task     ] GC(348) Using 2 workers of 2 for evacuation
[149.491s][info][gc,phases   ] GC(348)   Pre Evacuate Collection Set: 0.29ms
[149.491s][info][gc,phases   ] GC(348)   Merge Heap Roots: 0.32ms
[149.491s][info][gc,phases   ] GC(348)   Evacuate Collection Set: 24.27ms
[149.491s][info][gc,phases   ] GC(348)   Post Evacuate Collection Set: 0.52ms
[149.491s][info][gc,phases   ] GC(348)   Other: 0.09ms
[149.491s][info][gc,heap     ] GC(348) Eden regions: 322->0(331)
[149.491s][info][gc,heap     ] GC(348) Survivor regions: 15->16(43)
[149.491s][info][gc,heap     ] GC(348) Old regions: 566->557
[149.491s][info][gc,heap     ] GC(348) Humongous regions: 8->8
[149.491s][info][gc,metaspace] GC(348) Metaspace: 18325K(18560K)->18325K(18560K) NonClass: 15661K(15808K)->15661K(15808K) Class: 2664K(2752K)->2664K(2752K)
[149.491s][info][gc          ] GC(348) Pause Young (Mixed) (G1 Evacuation Pause) 910M->580M(978M) 25.709ms
[149.491s][info][gc,cpu      ] GC(348) User=0.05s Sys=0.00s Real=0.02s
[150.606s][info][gc,start    ] GC(349) Pause Young (Concurrent Start) (G1 Evacuation Pause)
[150.607s][info][gc,task     ] GC(349) Using 2 workers of 2 for evacuation
[150.652s][info][gc,phases   ] GC(349)   Pre Evacuate Collection Set: 0.36ms
[150.652s][info][gc,phases   ] GC(349)   Merge Heap Roots: 0.29ms
[150.652s][info][gc,phases   ] GC(349)   Evacuate Collection Set: 44.03ms
[150.652s][info][gc,phases   ] GC(349)   Post Evacuate Collection Set: 0.61ms
[150.652s][info][gc,phases   ] GC(349)   Other: 0.23ms
[150.652s][info][gc,heap     ] GC(349) Eden regions: 331->0(291)
[150.652s][info][gc,heap     ] GC(349) Survivor regions: 16->36(44)
[150.652s][info][gc,heap     ] GC(349) Old regions: 557->557
[150.652s][info][gc,heap     ] GC(349) Humongous regions: 8->8
[150.652s][info][gc,metaspace] GC(349) Metaspace: 18325K(18560K)->18325K(18560K) NonClass: 15661K(15808K)->15661K(15808K) Class: 2664K(2752K)->2664K(2752K)
[150.652s][info][gc          ] GC(349) Pause Young (Concurrent Start) (G1 Evacuation Pause) 911M->601M(978M) 45.826ms
[150.652s][info][gc,cpu      ] GC(349) User=0.09s Sys=0.00s Real=0.05s
[150.654s][info][gc          ] GC(350) Concurrent Mark Cycle
[150.654s][info][gc,marking  ] GC(350) Concurrent Scan Root Regions
[150.734s][info][gc,marking  ] GC(350) Concurrent Scan Root Regions 79.666ms
[150.734s][info][gc,marking  ] GC(350) Concurrent Mark
[150.734s][info][gc,marking  ] GC(350) Concurrent Mark From Roots
[150.734s][info][gc,task     ] GC(350) Using 1 workers of 1 for marking
[151.853s][info][gc,start    ] GC(351) Pause Young (Normal) (G1 Evacuation Pause)
[151.853s][info][gc,task     ] GC(351) Using 2 workers of 2 for evacuation
[151.895s][info][gc,phases   ] GC(351)   Pre Evacuate Collection Set: 0.28ms
[151.895s][info][gc,phases   ] GC(351)   Merge Heap Roots: 0.31ms
[151.895s][info][gc,phases   ] GC(351)   Evacuate Collection Set: 40.00ms
[151.895s][info][gc,phases   ] GC(351)   Post Evacuate Collection Set: 0.46ms
[151.895s][info][gc,phases   ] GC(351)   Other: 0.09ms
[151.895s][info][gc,heap     ] GC(351) Eden regions: 291->0(325)
[151.895s][info][gc,heap     ] GC(351) Survivor regions: 36->1(41)
[151.895s][info][gc,heap     ] GC(351) Old regions: 557->593
[151.895s][info][gc,heap     ] GC(351) Humongous regions: 8->8
[151.895s][info][gc,metaspace] GC(351) Metaspace: 18326K(18560K)->18326K(18560K) NonClass: 15662K(15808K)->15662K(15808K) Class: 2664K(2752K)->2664K(2752K)
[151.895s][info][gc          ] GC(351) Pause Young (Normal) (G1 Evacuation Pause) 892M->602M(978M) 41.375ms
[151.895s][info][gc,cpu      ] GC(351) User=0.09s Sys=0.00s Real=0.04s
[152.316s][info][gc,marking  ] GC(350) Concurrent Mark From Roots 1582.744ms
[152.317s][info][gc,marking  ] GC(350) Concurrent Preclean
[152.317s][info][gc,marking  ] GC(350) Concurrent Preclean 0.028ms
[152.317s][info][gc,start    ] GC(350) Pause Remark
[152.323s][info][gc          ] GC(350) Pause Remark 680M->679M(978M) 6.672ms
[152.323s][info][gc,cpu      ] GC(350) User=0.02s Sys=0.00s Real=0.01s
[152.323s][info][gc,marking  ] GC(350) Concurrent Mark 1589.723ms
[152.323s][info][gc,marking  ] GC(350) Concurrent Rebuild Remembered Sets and Scrub Regions
[152.780s][info][gc,marking  ] GC(350) Concurrent Rebuild Remembered Sets and Scrub Regions 457.041ms
[152.781s][info][gc,start    ] GC(350) Pause Cleanup
[152.781s][info][gc          ] GC(350) Pause Cleanup 690M->690M(978M) 0.096ms
[152.781s][info][gc,cpu      ] GC(350) User=0.00s Sys=0.00s Real=0.00s
[152.781s][info][gc,marking  ] GC(350) Concurrent Clear Claimed Marks
[152.781s][info][gc,marking  ] GC(350) Concurrent Clear Claimed Marks 0.029ms
[152.781s][info][gc,marking  ] GC(350) Concurrent Cleanup for Next Mark
[152.784s][info][gc,marking  ] GC(350) Concurrent Cleanup for Next Mark 2.863ms
[152.784s][info][gc          ] GC(350) Concurrent Mark Cycle 2129.775ms
[153.785s][info][gc,start    ] GC(352) Pause Young (Prepare Mixed) (G1 Evacuation Pause)
[153.785s][info][gc,task     ] GC(352) Using 2 workers of 2 for evacuation
[153.790s][info][gc,phases   ] GC(352)   Pre Evacuate Collection Set: 0.44ms
[153.790s][info][gc,phases   ] GC(352)   Merge Heap Roots: 0.15ms
[153.790s][info][gc,phases   ] GC(352)   Evacuate Collection Set: 3.58ms
[153.790s][info][gc,phases   ] GC(352)   Post Evacuate Collection Set: 0.50ms
[153.790s][info][gc,phases   ] GC(352)   Other: 0.10ms
[153.790s][info][gc,heap     ] GC(352) Eden regions: 325->0(322)
[153.790s][info][gc,heap     ] GC(352) Survivor regions: 1->3(41)
[153.790s][info][gc,heap     ] GC(352) Old regions: 593->593
[153.790s][info][gc,heap     ] GC(352) Humongous regions: 7->7
[153.790s][info][gc,metaspace] GC(352) Metaspace: 18361K(18560K)->18361K(18560K) NonClass: 15697K(15808K)->15697K(15808K) Class: 2664K(2752K)->2664K(2752K)
[153.790s][info][gc          ] GC(352) Pause Young (Prepare Mixed) (G1 Evacuation Pause) 925M->603M(978M) 4.976ms
[153.790s][info][gc,cpu      ] GC(352) User=0.01s Sys=0.00s Real=0.00s
[154.334s][info][gc,start    ] GC(353) Pause Young (Mixed) (G1 Evacuation Pause)
[154.334s][info][gc,task     ] GC(353) Using 2 workers of 2 for evacuation
[154.391s][info][gc,phases   ] GC(353)   Pre Evacuate Collection Set: 0.51ms
[154.391s][info][gc,phases   ] GC(353)   Merge Heap Roots: 0.28ms
[154.391s][info][gc,phases   ] GC(353)   Evacuate Collection Set: 54.86ms
[154.391s][info][gc,phases   ] GC(353)   Post Evacuate Collection Set: 0.74ms
[154.391s][info][gc,phases   ] GC(353)   Other: 0.07ms
[154.391s][info][gc,heap     ] GC(353) Eden regions: 322->0(7)
[154.391s][info][gc,heap     ] GC(353) Survivor regions: 3->41(41)
[154.391s][info][gc,heap     ] GC(353) Old regions: 593->601
[154.391s][info][gc,heap     ] GC(353) Humongous regions: 7->7
[154.391s][info][gc,metaspace] GC(353) Metaspace: 18459K(18688K)->18459K(18688K) NonClass: 15795K(15936K)->15795K(15936K) Class: 2664K(2752K)->2664K(2752K)
[154.391s][info][gc          ] GC(353) Pause Young (Mixed) (G1 Evacuation Pause) (Evacuation Failure: Allocation) 925M->649M(978M) 56.704ms
[154.391s][info][gc,cpu      ] GC(353) User=0.11s Sys=0.00s Real=0.06s
[154.400s][info][gc,start    ] GC(354) Pause Young (Mixed) (G1 Evacuation Pause)
[154.401s][info][gc,task     ] GC(354) Using 2 workers of 2 for evacuation
[154.622s][info][gc,mmu      ] GC(354) MMU target violated: 201.0ms (200.0ms/201.0ms)
[154.622s][info][gc,phases   ] GC(354)   Pre Evacuate Collection Set: 0.42ms
[154.622s][info][gc,phases   ] GC(354)   Merge Heap Roots: 1.07ms
[154.622s][info][gc,phases   ] GC(354)   Evacuate Collection Set: 218.56ms
[154.622s][info][gc,phases   ] GC(354)   Post Evacuate Collection Set: 1.63ms
[154.622s][info][gc,phases   ] GC(354)   Other: 0.15ms
[154.622s][info][gc,heap     ] GC(354) Eden regions: 7->0(251)
[154.622s][info][gc,heap     ] GC(354) Survivor regions: 41->3(6)
[154.622s][info][gc,heap     ] GC(354) Old regions: 601->641
[154.622s][info][gc,heap     ] GC(354) Humongous regions: 7->7
[154.622s][info][gc,metaspace] GC(354) Metaspace: 18459K(18688K)->18459K(18688K) NonClass: 15795K(15936K)->15795K(15936K) Class: 2664K(2752K)->2664K(2752K)
[154.622s][info][gc          ] GC(354) Pause Young (Mixed) (G1 Evacuation Pause) 656M->650M(978M) 221.970ms
[154.622s][info][gc,cpu      ] GC(354) User=0.44s Sys=0.00s Real=0.23s
[154.828s][info][gc,start    ] GC(355) Pause Young (Concurrent Start) (G1 Evacuation Pause)
[154.828s][info][gc,task     ] GC(355) Using 2 workers of 2 for evacuation
[154.933s][info][gc,phases   ] GC(355)   Pre Evacuate Collection Set: 0.34ms
[154.933s][info][gc,phases   ] GC(355)   Merge Heap Roots: 0.10ms
[154.933s][info][gc,phases   ] GC(355)   Evacuate Collection Set: 93.15ms
[154.933s][info][gc,phases   ] GC(355)   Post Evacuate Collection Set: 11.64ms
[154.933s][info][gc,phases   ] GC(355)   Other: 0.22ms
[154.933s][info][gc,heap     ] GC(355) Eden regions: 251->0(0)
[154.933s][info][gc,heap     ] GC(355) Survivor regions: 3->32(32)
[154.933s][info][gc,heap     ] GC(355) Old regions: 641->932
[154.933s][info][gc,heap     ] GC(355) Humongous regions: 7->7
[154.933s][info][gc,metaspace] GC(355) Metaspace: 18459K(18688K)->18459K(18688K) NonClass: 15795K(15936K)->15795K(15936K) Class: 2664K(2752K)->2664K(2752K)
[154.933s][info][gc          ] GC(355) Pause Young (Concurrent Start) (G1 Evacuation Pause) (Evacuation Failure: Allocation) 901M->971M(978M) 105.721ms
[154.933s][info][gc,cpu      ] GC(355) User=0.21s Sys=0.00s Real=0.11s
[154.933s][info][gc          ] GC(356) Concurrent Mark Cycle
[154.933s][info][gc,marking  ] GC(356) Concurrent Scan Root Regions
[154.933s][info][gc,ergo     ] Attempting full compaction
[154.934s][info][gc,start    ] GC(357) Pause Full (G1 Compaction Pause)
[154.934s][info][gc,task     ] GC(357) Using 2 workers of 2 for full compaction
[154.934s][info][gc,marking  ] GC(356) Concurrent Scan Root Regions 0.923ms
[154.934s][info][gc,marking  ] GC(356) Concurrent Mark
[154.934s][info][gc,marking  ] GC(356) Concurrent Mark From Roots
[154.934s][info][gc,task     ] GC(356) Using 1 workers of 1 for marking
[154.936s][info][gc,phases,start] GC(357) Phase 1: Mark live objects
[155.054s][info][metaspace      ] ChkMgr @0x00007f30101626e0 (non-class-space): : reclaiming memory...
[155.054s][info][metaspace      ] ChkMgr @0x00007f30101626e0 (non-class-space): nothing reclaimed.
[155.054s][info][metaspace      ] ChkMgr @0x00007f30101607f0 (class-space): : reclaiming memory...
[155.054s][info][metaspace      ] ChkMgr @0x00007f30101607f0 (class-space): nothing reclaimed.
[155.054s][info][gc,phases      ] GC(357) Phase 1: Mark live objects 117.665ms
[155.054s][info][gc,phases,start] GC(357) Phase 2: Prepare compaction
[155.066s][info][gc,phases      ] GC(357) Phase 2: Prepare compaction 12.374ms
[155.066s][info][gc,phases,start] GC(357) Phase 3: Adjust pointers
[155.114s][info][gc,phases      ] GC(357) Phase 3: Adjust pointers 47.598ms
[155.114s][info][gc,phases,start] GC(357) Phase 4: Compact heap
[155.126s][info][gc,phases      ] GC(357) Phase 4: Compact heap 12.649ms
[155.126s][info][gc,phases,start] GC(357) Phase 5: Reset Metadata
[155.149s][info][gc,phases      ] GC(357) Phase 5: Reset Metadata 22.963ms
[155.157s][info][gc,heap        ] GC(357) Eden regions: 0->0(254)
[155.157s][info][gc,heap        ] GC(357) Survivor regions: 32->0(32)
[155.157s][info][gc,heap        ] GC(357) Old regions: 932->162
[155.157s][info][gc,heap        ] GC(357) Humongous regions: 7->0
[155.157s][info][gc,metaspace   ] GC(357) Metaspace: 18459K(18688K)->18437K(18688K) NonClass: 15795K(15936K)->15773K(15936K) Class: 2664K(2752K)->2664K(2752K)
[155.157s][info][gc             ] GC(357) Pause Full (G1 Compaction Pause) 971M->160M(540M) 223.107ms
[155.157s][info][gc,cpu         ] GC(357) User=0.43s Sys=0.00s Real=0.22s
[155.162s][info][gc,marking     ] GC(356) Concurrent Mark From Roots 227.525ms
[155.162s][info][gc,marking     ] GC(356) Concurrent Mark Abort
[155.162s][info][gc             ] GC(356) Concurrent Mark Cycle 228.566ms
[155.223s][info][gc,start       ] GC(358) Pause Young (Concurrent Start) (G1 Humongous Allocation)
[155.223s][info][gc,task        ] GC(358) Using 2 workers of 2 for evacuation
[155.242s][info][gc,phases      ] GC(358)   Pre Evacuate Collection Set: 0.23ms
[155.242s][info][gc,phases      ] GC(358)   Merge Heap Roots: 0.25ms
[155.242s][info][gc,phases      ] GC(358)   Evacuate Collection Set: 17.93ms
[155.242s][info][gc,phases      ] GC(358)   Post Evacuate Collection Set: 0.35ms
[155.242s][info][gc,phases      ] GC(358)   Other: 0.11ms
[155.242s][info][gc,heap        ] GC(358) Eden regions: 27->0(215)
[155.242s][info][gc,heap        ] GC(358) Survivor regions: 0->10(32)
[155.242s][info][gc,heap        ] GC(358) Old regions: 162->162
[155.242s][info][gc,heap        ] GC(358) Humongous regions: 0->0
[155.242s][info][gc,metaspace   ] GC(358) Metaspace: 18437K(18688K)->18437K(18688K) NonClass: 15773K(15936K)->15773K(15936K) Class: 2664K(2752K)->2664K(2752K)
[155.242s][info][gc             ] GC(358) Pause Young (Concurrent Start) (G1 Humongous Allocation) 187M->170M(540M) 19.091ms
[155.242s][info][gc,cpu         ] GC(358) User=0.03s Sys=0.00s Real=0.02s
[155.242s][info][gc             ] GC(359) Concurrent Mark Cycle
[155.242s][info][gc,marking     ] GC(359) Concurrent Scan Root Regions
[155.254s][info][gc,marking     ] GC(359) Concurrent Scan Root Regions 11.790ms
[155.254s][info][gc,marking     ] GC(359) Concurrent Mark
[155.254s][info][gc,marking     ] GC(359) Concurrent Mark From Roots
[155.254s][info][gc,task        ] GC(359) Using 1 workers of 1 for marking
[155.725s][info][gc,marking     ] GC(359) Concurrent Mark From Roots 471.201ms
[155.725s][info][gc,marking     ] GC(359) Concurrent Preclean
[155.725s][info][gc,marking     ] GC(359) Concurrent Preclean 0.029ms
[155.727s][info][gc,start       ] GC(359) Pause Remark
[155.737s][info][gc             ] GC(359) Pause Remark 368M->368M(540M) 10.329ms
[155.737s][info][gc,cpu         ] GC(359) User=0.02s Sys=0.00s Real=0.01s
[155.739s][info][gc,marking     ] GC(359) Concurrent Mark 485.462ms
[155.739s][info][gc,marking     ] GC(359) Concurrent Rebuild Remembered Sets and Scrub Regions
[155.767s][info][gc,start       ] GC(360) Pause Young (Normal) (G1 Evacuation Pause)
[155.767s][info][gc,task        ] GC(360) Using 2 workers of 2 for evacuation
[155.831s][info][gc,phases      ] GC(360)   Pre Evacuate Collection Set: 0.26ms
[155.831s][info][gc,phases      ] GC(360)   Merge Heap Roots: 1.26ms
[155.831s][info][gc,phases      ] GC(360)   Evacuate Collection Set: 61.44ms
[155.831s][info][gc,phases      ] GC(360)   Post Evacuate Collection Set: 0.74ms
[155.831s][info][gc,phases      ] GC(360)   Other: 0.06ms
[155.831s][info][gc,heap        ] GC(360) Eden regions: 215->0(216)
[155.831s][info][gc,heap        ] GC(360) Survivor regions: 10->28(29)
[155.831s][info][gc,heap        ] GC(360) Old regions: 162->162
[155.831s][info][gc,heap        ] GC(360) Humongous regions: 1->1
[155.831s][info][gc,metaspace   ] GC(360) Metaspace: 18495K(18688K)->18495K(18688K) NonClass: 15831K(15936K)->15831K(15936K) Class: 2664K(2752K)->2664K(2752K)
[155.831s][info][gc             ] GC(360) Pause Young (Normal) (G1 Evacuation Pause) 386M->189M(540M) 63.969ms
[155.831s][info][gc,cpu         ] GC(360) User=0.12s Sys=0.00s Real=0.07s
[156.030s][info][gc,marking     ] GC(359) Concurrent Rebuild Remembered Sets and Scrub Regions 290.715ms
[156.030s][info][gc,start       ] GC(359) Pause Cleanup
[156.030s][info][gc             ] GC(359) Pause Cleanup 266M->266M(540M) 0.096ms
[156.030s][info][gc,cpu         ] GC(359) User=0.00s Sys=0.00s Real=0.00s
[156.031s][info][gc,marking     ] GC(359) Concurrent Clear Claimed Marks
[156.031s][info][gc,marking     ] GC(359) Concurrent Clear Claimed Marks 0.037ms
[156.031s][info][gc,marking     ] GC(359) Concurrent Cleanup for Next Mark
[156.034s][info][gc,marking     ] GC(359) Concurrent Cleanup for Next Mark 2.926ms
[156.034s][info][gc             ] GC(359) Concurrent Mark Cycle 792.006ms
[156.293s][info][gc,start       ] GC(361) Pause Young (Prepare Mixed) (G1 Evacuation Pause)
[156.293s][info][gc,task        ] GC(361) Using 2 workers of 2 for evacuation
[156.392s][info][gc,phases      ] GC(361)   Pre Evacuate Collection Set: 0.23ms
[156.392s][info][gc,phases      ] GC(361)   Merge Heap Roots: 0.97ms
[156.392s][info][gc,phases      ] GC(361)   Evacuate Collection Set: 96.91ms
[156.392s][info][gc,phases      ] GC(361)   Post Evacuate Collection Set: 0.48ms
[156.392s][info][gc,phases      ] GC(361)   Other: 0.12ms
[156.392s][info][gc,heap        ] GC(361) Eden regions: 216->0(204)
[156.392s][info][gc,heap        ] GC(361) Survivor regions: 28->29(31)
[156.392s][info][gc,heap        ] GC(361) Old regions: 162->189
[156.392s][info][gc,heap        ] GC(361) Humongous regions: 4->4
[156.392s][info][gc,metaspace   ] GC(361) Metaspace: 18495K(18688K)->18495K(18688K) NonClass: 15831K(15936K)->15831K(15936K) Class: 2664K(2752K)->2664K(2752K)
[156.392s][info][gc             ] GC(361) Pause Young (Prepare Mixed) (G1 Evacuation Pause) 408M->220M(540M) 98.940ms
[156.392s][info][gc,cpu         ] GC(361) User=0.19s Sys=0.00s Real=0.10s
[156.622s][info][gc,start       ] GC(362) Pause Young (Mixed) (G1 Evacuation Pause)
[156.622s][info][gc,task        ] GC(362) Using 2 workers of 2 for evacuation
[156.684s][info][gc,phases      ] GC(362)   Pre Evacuate Collection Set: 0.25ms
[156.684s][info][gc,phases      ] GC(362)   Merge Heap Roots: 0.22ms
[156.684s][info][gc,phases      ] GC(362)   Evacuate Collection Set: 61.07ms
[156.684s][info][gc,phases      ] GC(362)   Post Evacuate Collection Set: 0.39ms
[156.684s][info][gc,phases      ] GC(362)   Other: 0.09ms
[156.684s][info][gc,heap        ] GC(362) Eden regions: 204->0(195)
[156.684s][info][gc,heap        ] GC(362) Survivor regions: 29->24(30)
[156.684s][info][gc,heap        ] GC(362) Old regions: 189->217
[156.684s][info][gc,heap        ] GC(362) Humongous regions: 4->4
[156.684s][info][gc,metaspace   ] GC(362) Metaspace: 18495K(18688K)->18495K(18688K) NonClass: 15831K(15936K)->15831K(15936K) Class: 2664K(2752K)->2664K(2752K)
[156.684s][info][gc             ] GC(362) Pause Young (Mixed) (G1 Evacuation Pause) 424M->244M(540M) 62.293ms
[156.684s][info][gc,cpu         ] GC(362) User=0.13s Sys=0.00s Real=0.06s
[156.804s][info][gc,start       ] GC(363) Pause Young (Concurrent Start) (G1 Evacuation Pause)
[156.804s][info][gc,task        ] GC(363) Using 2 workers of 2 for evacuation
[156.865s][info][gc,phases      ] GC(363)   Pre Evacuate Collection Set: 0.25ms
[156.866s][info][gc,phases      ] GC(363)   Merge Heap Roots: 0.15ms
[156.866s][info][gc,phases      ] GC(363)   Evacuate Collection Set: 60.30ms
[156.866s][info][gc,phases      ] GC(363)   Post Evacuate Collection Set: 0.48ms
[156.866s][info][gc,phases      ] GC(363)   Other: 0.09ms
[156.866s][info][gc,heap        ] GC(363) Eden regions: 195->0(163)
[156.866s][info][gc,heap        ] GC(363) Survivor regions: 24->28(28)
[156.866s][info][gc,heap        ] GC(363) Old regions: 217->254
[156.866s][info][gc,heap        ] GC(363) Humongous regions: 4->4
[156.866s][info][gc,metaspace   ] GC(363) Metaspace: 18495K(18688K)->18495K(18688K) NonClass: 15831K(15936K)->15831K(15936K) Class: 2664K(2752K)->2664K(2752K)
[156.866s][info][gc             ] GC(363) Pause Young (Concurrent Start) (G1 Evacuation Pause) 439M->285M(540M) 61.493ms
[156.866s][info][gc,cpu         ] GC(363) User=0.12s Sys=0.00s Real=0.06s
[156.866s][info][gc             ] GC(364) Concurrent Mark Cycle
[156.866s][info][gc,marking     ] GC(364) Concurrent Scan Root Regions
[156.949s][info][gc,marking     ] GC(364) Concurrent Scan Root Regions 83.534ms
[156.949s][info][gc,marking     ] GC(364) Concurrent Mark
[156.949s][info][gc,marking     ] GC(364) Concurrent Mark From Roots
[156.949s][info][gc,task        ] GC(364) Using 1 workers of 1 for marking
[157.142s][info][gc,start       ] GC(365) Pause Young (Normal) (G1 Evacuation Pause)
[157.142s][info][gc,task        ] GC(365) Using 2 workers of 2 for evacuation
[157.190s][info][gc,phases      ] GC(365)   Pre Evacuate Collection Set: 0.21ms
[157.190s][info][gc,phases      ] GC(365)   Merge Heap Roots: 0.26ms
[157.190s][info][gc,phases      ] GC(365)   Evacuate Collection Set: 45.58ms
[157.190s][info][gc,phases      ] GC(365)   Post Evacuate Collection Set: 1.80ms
[157.190s][info][gc,phases      ] GC(365)   Other: 0.08ms
[157.190s][info][gc,heap        ] GC(365) Eden regions: 163->0(243)
[157.190s][info][gc,heap        ] GC(365) Survivor regions: 28->13(24)
[157.190s][info][gc,heap        ] GC(365) Old regions: 254->282
[157.190s][info][gc,heap        ] GC(365) Humongous regions: 5->5
[157.190s][info][gc,metaspace   ] GC(365) Metaspace: 18495K(18688K)->18495K(18688K) NonClass: 15831K(15936K)->15831K(15936K) Class: 2664K(2752K)->2664K(2752K)
[157.190s][info][gc             ] GC(365) Pause Young (Normal) (G1 Evacuation Pause) 449M->298M(695M) 48.132ms
[157.190s][info][gc,cpu         ] GC(365) User=0.09s Sys=0.00s Real=0.04s
[157.532s][info][gc,start       ] GC(366) Pause Young (Normal) (G1 Evacuation Pause)
[157.532s][info][gc,task        ] GC(366) Using 2 workers of 2 for evacuation
[157.563s][info][gc,phases      ] GC(366)   Pre Evacuate Collection Set: 0.39ms
[157.564s][info][gc,phases      ] GC(366)   Merge Heap Roots: 0.35ms
[157.564s][info][gc,phases      ] GC(366)   Evacuate Collection Set: 30.39ms
[157.564s][info][gc,phases      ] GC(366)   Post Evacuate Collection Set: 0.51ms
[157.564s][info][gc,phases      ] GC(366)   Other: 0.08ms
[157.564s][info][gc,heap        ] GC(366) Eden regions: 243->0(253)
[157.564s][info][gc,heap        ] GC(366) Survivor regions: 13->20(32)
[157.564s][info][gc,heap        ] GC(366) Old regions: 282->282
[157.564s][info][gc,heap        ] GC(366) Humongous regions: 5->5
[157.564s][info][gc,metaspace   ] GC(366) Metaspace: 18495K(18688K)->18495K(18688K) NonClass: 15831K(15936K)->15831K(15936K) Class: 2664K(2752K)->2664K(2752K)
[157.564s][info][gc             ] GC(366) Pause Young (Normal) (G1 Evacuation Pause) 541M->305M(695M) 31.964ms
[157.564s][info][gc,cpu         ] GC(366) User=0.06s Sys=0.00s Real=0.03s
[157.787s][info][gc,marking     ] GC(364) Concurrent Mark From Roots 837.415ms
[157.787s][info][gc,marking     ] GC(364) Concurrent Preclean
[157.787s][info][gc,marking     ] GC(364) Concurrent Preclean 0.027ms
[157.789s][info][gc,start       ] GC(364) Pause Remark
[157.796s][info][gc             ] GC(364) Pause Remark 450M->444M(695M) 6.874ms
[157.796s][info][gc,cpu         ] GC(364) User=0.01s Sys=0.00s Real=0.01s
[157.797s][info][gc,marking     ] GC(364) Concurrent Mark 847.720ms
[157.797s][info][gc,marking     ] GC(364) Concurrent Rebuild Remembered Sets and Scrub Regions
[158.012s][info][gc,marking     ] GC(364) Concurrent Rebuild Remembered Sets and Scrub Regions 215.468ms
[158.013s][info][gc,start       ] GC(364) Pause Cleanup
[158.013s][info][gc             ] GC(364) Pause Cleanup 497M->497M(695M) 0.079ms
[158.013s][info][gc,cpu         ] GC(364) User=0.00s Sys=0.00s Real=0.00s
[158.013s][info][gc,marking     ] GC(364) Concurrent Clear Claimed Marks
[158.013s][info][gc,marking     ] GC(364) Concurrent Clear Claimed Marks 0.029ms
[158.013s][info][gc,marking     ] GC(364) Concurrent Cleanup for Next Mark
[158.017s][info][gc,marking     ] GC(364) Concurrent Cleanup for Next Mark 3.703ms
[158.017s][info][gc             ] GC(364) Concurrent Mark Cycle 1151.158ms
[158.164s][info][gc,start       ] GC(367) Pause Young (Prepare Mixed) (G1 Evacuation Pause)
[158.164s][info][gc,task        ] GC(367) Using 2 workers of 2 for evacuation
[158.200s][info][gc,phases      ] GC(367)   Pre Evacuate Collection Set: 0.39ms
[158.200s][info][gc,phases      ] GC(367)   Merge Heap Roots: 0.49ms
[158.200s][info][gc,phases      ] GC(367)   Evacuate Collection Set: 34.13ms
[158.200s][info][gc,phases      ] GC(367)   Post Evacuate Collection Set: 0.50ms
[158.200s][info][gc,phases      ] GC(367)   Other: 0.11ms
[158.200s][info][gc,heap        ] GC(367) Eden regions: 253->0(268)
[158.200s][info][gc,heap        ] GC(367) Survivor regions: 20->11(35)
[158.200s][info][gc,heap        ] GC(367) Old regions: 277->289
[158.200s][info][gc,heap        ] GC(367) Humongous regions: 4->4
[158.200s][info][gc,metaspace   ] GC(367) Metaspace: 18495K(18688K)->18495K(18688K) NonClass: 15831K(15936K)->15831K(15936K) Class: 2664K(2752K)->2664K(2752K)
[158.200s][info][gc             ] GC(367) Pause Young (Prepare Mixed) (G1 Evacuation Pause) 552M->303M(695M) 35.845ms
[158.200s][info][gc,cpu         ] GC(367) User=0.08s Sys=0.00s Real=0.03s
[158.576s][info][gc,start       ] GC(368) Pause Young (Mixed) (G1 Evacuation Pause)
[158.576s][info][gc,task        ] GC(368) Using 2 workers of 2 for evacuation
[158.668s][info][gc,phases      ] GC(368)   Pre Evacuate Collection Set: 0.28ms
[158.669s][info][gc,phases      ] GC(368)   Merge Heap Roots: 0.22ms
[158.669s][info][gc,phases      ] GC(368)   Evacuate Collection Set: 91.11ms
[158.669s][info][gc,phases      ] GC(368)   Post Evacuate Collection Set: 0.62ms
[158.669s][info][gc,phases      ] GC(368)   Other: 0.10ms
[158.669s][info][gc,heap        ] GC(368) Eden regions: 268->0(210)
[158.669s][info][gc,heap        ] GC(368) Survivor regions: 11->35(35)
[158.669s][info][gc,heap        ] GC(368) Old regions: 289->337
[158.669s][info][gc,heap        ] GC(368) Humongous regions: 5->5
[158.669s][info][gc,metaspace   ] GC(368) Metaspace: 18497K(18688K)->18497K(18688K) NonClass: 15833K(15936K)->15833K(15936K) Class: 2664K(2752K)->2664K(2752K)
[158.669s][info][gc             ] GC(368) Pause Young (Mixed) (G1 Evacuation Pause) 572M->375M(695M) 92.567ms
[158.669s][info][gc,cpu         ] GC(368) User=0.19s Sys=0.00s Real=0.09s
[158.841s][info][gc,start       ] GC(369) Pause Young (Concurrent Start) (G1 Evacuation Pause)
[158.841s][info][gc,task        ] GC(369) Using 2 workers of 2 for evacuation
[158.888s][info][gc,phases      ] GC(369)   Pre Evacuate Collection Set: 0.25ms
[158.888s][info][gc,phases      ] GC(369)   Merge Heap Roots: 0.35ms
[158.888s][info][gc,phases      ] GC(369)   Evacuate Collection Set: 45.47ms
[158.888s][info][gc,phases      ] GC(369)   Post Evacuate Collection Set: 0.48ms
[158.888s][info][gc,phases      ] GC(369)   Other: 0.18ms
[158.888s][info][gc,heap        ] GC(369) Eden regions: 210->0(218)
[158.888s][info][gc,heap        ] GC(369) Survivor regions: 35->5(31)
[158.888s][info][gc,heap        ] GC(369) Old regions: 337->372
[158.888s][info][gc,heap        ] GC(369) Humongous regions: 5->5
[158.888s][info][gc,metaspace   ] GC(369) Metaspace: 18497K(18688K)->18497K(18688K) NonClass: 15833K(15936K)->15833K(15936K) Class: 2664K(2752K)->2664K(2752K)
[158.888s][info][gc             ] GC(369) Pause Young (Concurrent Start) (G1 Evacuation Pause) 585M->381M(695M) 46.940ms
[158.888s][info][gc,cpu         ] GC(369) User=0.09s Sys=0.00s Real=0.04s
[158.889s][info][gc             ] GC(370) Concurrent Mark Cycle
[158.889s][info][gc,marking     ] GC(370) Concurrent Scan Root Regions
[158.943s][info][gc,marking     ] GC(370) Concurrent Scan Root Regions 53.883ms
[158.943s][info][gc,marking     ] GC(370) Concurrent Mark
[158.943s][info][gc,marking     ] GC(370) Concurrent Mark From Roots
[158.943s][info][gc,task        ] GC(370) Using 1 workers of 1 for marking
[159.523s][info][gc,start       ] GC(371) Pause Young (Normal) (G1 Evacuation Pause)
[159.523s][info][gc,task        ] GC(371) Using 2 workers of 2 for evacuation
[159.534s][info][gc,phases      ] GC(371)   Pre Evacuate Collection Set: 0.38ms
[159.534s][info][gc,phases      ] GC(371)   Merge Heap Roots: 0.18ms
[159.534s][info][gc,phases      ] GC(371)   Evacuate Collection Set: 9.02ms
[159.534s][info][gc,phases      ] GC(371)   Post Evacuate Collection Set: 0.86ms
[159.534s][info][gc,phases      ] GC(371)   Other: 0.08ms
[159.534s][info][gc,heap        ] GC(371) Eden regions: 218->0(263)
[159.534s][info][gc,heap        ] GC(371) Survivor regions: 5->6(28)
[159.534s][info][gc,heap        ] GC(371) Old regions: 372->372
[159.534s][info][gc,heap        ] GC(371) Humongous regions: 5->5
[159.534s][info][gc,metaspace   ] GC(371) Metaspace: 18497K(18688K)->18497K(18688K) NonClass: 15833K(15936K)->15833K(15936K) Class: 2664K(2752K)->2664K(2752K)
[159.534s][info][gc             ] GC(371) Pause Young (Normal) (G1 Evacuation Pause) 599M->382M(752M) 10.722ms
[159.534s][info][gc,cpu         ] GC(371) User=0.02s Sys=0.00s Real=0.01s
[159.768s][info][gc,marking     ] GC(370) Concurrent Mark From Roots 825.475ms
[159.769s][info][gc,marking     ] GC(370) Concurrent Preclean
[159.769s][info][gc,marking     ] GC(370) Concurrent Preclean 0.032ms
[159.769s][info][gc,start       ] GC(370) Pause Remark
[159.776s][info][gc             ] GC(370) Pause Remark 431M->415M(752M) 7.356ms
[159.776s][info][gc,cpu         ] GC(370) User=0.01s Sys=0.00s Real=0.01s
[159.776s][info][gc,marking     ] GC(370) Concurrent Mark 833.181ms
[159.776s][info][gc,marking     ] GC(370) Concurrent Rebuild Remembered Sets and Scrub Regions
[160.133s][info][gc,marking     ] GC(370) Concurrent Rebuild Remembered Sets and Scrub Regions 356.940ms
[160.134s][info][gc,start       ] GC(370) Pause Cleanup
[160.134s][info][gc             ] GC(370) Pause Cleanup 606M->606M(752M) 0.110ms
[160.134s][info][gc,cpu         ] GC(370) User=0.00s Sys=0.00s Real=0.00s
[160.135s][info][gc,marking     ] GC(370) Concurrent Clear Claimed Marks
[160.135s][info][gc,marking     ] GC(370) Concurrent Clear Claimed Marks 0.047ms
[160.135s][info][gc,marking     ] GC(370) Concurrent Cleanup for Next Mark
[160.138s][info][gc,marking     ] GC(370) Concurrent Cleanup for Next Mark 2.901ms
[160.138s][info][gc             ] GC(370) Concurrent Mark Cycle 1248.916ms
[160.157s][info][gc,start       ] GC(372) Pause Young (Prepare Mixed) (G1 Evacuation Pause)
[160.157s][info][gc,task        ] GC(372) Using 2 workers of 2 for evacuation
[160.244s][info][gc,phases      ] GC(372)   Pre Evacuate Collection Set: 0.38ms
[160.244s][info][gc,phases      ] GC(372)   Merge Heap Roots: 0.39ms
[160.244s][info][gc,phases      ] GC(372)   Evacuate Collection Set: 85.23ms
[160.244s][info][gc,phases      ] GC(372)   Post Evacuate Collection Set: 0.62ms
[160.244s][info][gc,phases      ] GC(372)   Other: 0.08ms
[160.244s][info][gc,heap        ] GC(372) Eden regions: 263->0(200)
[160.244s][info][gc,heap        ] GC(372) Survivor regions: 6->34(34)
[160.244s][info][gc,heap        ] GC(372) Old regions: 357->403
[160.244s][info][gc,heap        ] GC(372) Humongous regions: 5->5
[160.244s][info][gc,metaspace   ] GC(372) Metaspace: 18497K(18688K)->18497K(18688K) NonClass: 15833K(15936K)->15833K(15936K) Class: 2664K(2752K)->2664K(2752K)
[160.244s][info][gc             ] GC(372) Pause Young (Prepare Mixed) (G1 Evacuation Pause) 630M->440M(752M) 86.921ms
[160.244s][info][gc,cpu         ] GC(372) User=0.17s Sys=0.00s Real=0.09s
[160.357s][info][gc,start       ] GC(373) Pause Young (Mixed) (G1 Evacuation Pause)
[160.357s][info][gc,task        ] GC(373) Using 2 workers of 2 for evacuation
[160.519s][info][gc,phases      ] GC(373)   Pre Evacuate Collection Set: 0.30ms
[160.519s][info][gc,phases      ] GC(373)   Merge Heap Roots: 0.75ms
[160.519s][info][gc,phases      ] GC(373)   Evacuate Collection Set: 160.12ms
[160.519s][info][gc,phases      ] GC(373)   Post Evacuate Collection Set: 0.50ms
[160.519s][info][gc,phases      ] GC(373)   Other: 0.11ms
[160.519s][info][gc,heap        ] GC(373) Eden regions: 200->0(152)
[160.519s][info][gc,heap        ] GC(373) Survivor regions: 34->30(30)
[160.519s][info][gc,heap        ] GC(373) Old regions: 403->469
[160.519s][info][gc,heap        ] GC(373) Humongous regions: 5->5
[160.519s][info][gc,metaspace   ] GC(373) Metaspace: 18497K(18688K)->18497K(18688K) NonClass: 15833K(15936K)->15833K(15936K) Class: 2664K(2752K)->2664K(2752K)
[160.519s][info][gc             ] GC(373) Pause Young (Mixed) (G1 Evacuation Pause) 640M->503M(768M) 162.009ms
[160.519s][info][gc,cpu         ] GC(373) User=0.31s Sys=0.01s Real=0.16s
[160.696s][info][gc,start       ] GC(374) Pause Young (Concurrent Start) (G1 Evacuation Pause)
[160.696s][info][gc,task        ] GC(374) Using 2 workers of 2 for evacuation
[160.730s][info][gc,phases      ] GC(374)   Pre Evacuate Collection Set: 0.28ms
[160.730s][info][gc,phases      ] GC(374)   Merge Heap Roots: 0.12ms
[160.730s][info][gc,phases      ] GC(374)   Evacuate Collection Set: 32.84ms
[160.730s][info][gc,phases      ] GC(374)   Post Evacuate Collection Set: 0.38ms
[160.730s][info][gc,phases      ] GC(374)   Other: 0.11ms
[160.730s][info][gc,heap        ] GC(374) Eden regions: 152->0(162)
[160.730s][info][gc,heap        ] GC(374) Survivor regions: 30->5(23)
[160.730s][info][gc,heap        ] GC(374) Old regions: 469->500
[160.730s][info][gc,heap        ] GC(374) Humongous regions: 5->5
[160.730s][info][gc,metaspace   ] GC(374) Metaspace: 18497K(18688K)->18497K(18688K) NonClass: 15833K(15936K)->15833K(15936K) Class: 2664K(2752K)->2664K(2752K)
[160.730s][info][gc             ] GC(374) Pause Young (Concurrent Start) (G1 Evacuation Pause) 655M->508M(768M) 33.953ms
[160.730s][info][gc             ] GC(375) Concurrent Mark Cycle
[160.730s][info][gc,marking     ] GC(375) Concurrent Scan Root Regions
[160.730s][info][gc,cpu         ] GC(374) User=0.07s Sys=0.00s Real=0.03s
[160.792s][info][gc,marking     ] GC(375) Concurrent Scan Root Regions 61.601ms
[160.792s][info][gc,marking     ] GC(375) Concurrent Mark
[160.792s][info][gc,marking     ] GC(375) Concurrent Mark From Roots
[160.792s][info][gc,task        ] GC(375) Using 1 workers of 1 for marking
[161.028s][info][gc,start       ] GC(376) Pause Young (Normal) (G1 Evacuation Pause)
[161.028s][info][gc,task        ] GC(376) Using 2 workers of 2 for evacuation
[161.046s][info][gc,phases      ] GC(376)   Pre Evacuate Collection Set: 0.41ms
[161.047s][info][gc,phases      ] GC(376)   Merge Heap Roots: 0.07ms
[161.047s][info][gc,phases      ] GC(376)   Evacuate Collection Set: 17.33ms
[161.047s][info][gc,phases      ] GC(376)   Post Evacuate Collection Set: 0.38ms
[161.047s][info][gc,phases      ] GC(376)   Other: 0.09ms
[161.047s][info][gc,heap        ] GC(376) Eden regions: 162->0(161)
[161.047s][info][gc,heap        ] GC(376) Survivor regions: 5->17(21)
[161.047s][info][gc,heap        ] GC(376) Old regions: 500->500
[161.047s][info][gc,heap        ] GC(376) Humongous regions: 5->5
[161.047s][info][gc,metaspace   ] GC(376) Metaspace: 18498K(18688K)->18498K(18688K) NonClass: 15834K(15936K)->15834K(15936K) Class: 2664K(2752K)->2664K(2752K)
[161.047s][info][gc             ] GC(376) Pause Young (Normal) (G1 Evacuation Pause) 670M->521M(768M) 18.525ms
[161.047s][info][gc,cpu         ] GC(376) User=0.04s Sys=0.00s Real=0.02s
[161.291s][info][gc,start       ] GC(377) Pause Young (Normal) (G1 Evacuation Pause)
[161.291s][info][gc,task        ] GC(377) Using 2 workers of 2 for evacuation
[161.353s][info][gc,phases      ] GC(377)   Pre Evacuate Collection Set: 0.26ms
[161.353s][info][gc,phases      ] GC(377)   Merge Heap Roots: 0.09ms
[161.353s][info][gc,phases      ] GC(377)   Evacuate Collection Set: 60.98ms
[161.353s][info][gc,phases      ] GC(377)   Post Evacuate Collection Set: 0.56ms
[161.353s][info][gc,phases      ] GC(377)   Other: 0.09ms
[161.353s][info][gc,heap        ] GC(377) Eden regions: 161->0(114)
[161.353s][info][gc,heap        ] GC(377) Survivor regions: 17->23(23)
[161.353s][info][gc,heap        ] GC(377) Old regions: 500->542
[161.353s][info][gc,heap        ] GC(377) Humongous regions: 5->5
[161.353s][info][gc,metaspace   ] GC(377) Metaspace: 18498K(18688K)->18498K(18688K) NonClass: 15834K(15936K)->15834K(15936K) Class: 2664K(2752K)->2664K(2752K)
[161.353s][info][gc             ] GC(377) Pause Young (Normal) (G1 Evacuation Pause) 682M->569M(768M) 62.221ms
[161.353s][info][gc,cpu         ] GC(377) User=0.12s Sys=0.00s Real=0.06s
[161.518s][info][gc,start       ] GC(378) Pause Young (Normal) (G1 Evacuation Pause)
[161.518s][info][gc,task        ] GC(378) Using 2 workers of 2 for evacuation
[161.607s][info][gc,phases      ] GC(378)   Pre Evacuate Collection Set: 0.41ms
[161.607s][info][gc,phases      ] GC(378)   Merge Heap Roots: 0.32ms
[161.607s][info][gc,phases      ] GC(378)   Evacuate Collection Set: 87.40ms
[161.607s][info][gc,phases      ] GC(378)   Post Evacuate Collection Set: 1.15ms
[161.607s][info][gc,phases      ] GC(378)   Other: 0.08ms
[161.607s][info][gc,heap        ] GC(378) Eden regions: 114->0(113)
[161.607s][info][gc,heap        ] GC(378) Survivor regions: 23->18(18)
[161.607s][info][gc,heap        ] GC(378) Old regions: 542->606
[161.607s][info][gc,heap        ] GC(378) Humongous regions: 5->5
[161.607s][info][gc,metaspace   ] GC(378) Metaspace: 18498K(18688K)->18498K(18688K) NonClass: 15834K(15936K)->15834K(15936K) Class: 2664K(2752K)->2664K(2752K)
[161.607s][info][gc             ] GC(378) Pause Young (Normal) (G1 Evacuation Pause) 683M->628M(852M) 89.555ms
[161.607s][info][gc,cpu         ] GC(378) User=0.18s Sys=0.00s Real=0.09s
[161.813s][info][gc,start       ] GC(379) Pause Young (Normal) (G1 Evacuation Pause)
[161.813s][info][gc,task        ] GC(379) Using 2 workers of 2 for evacuation
[161.880s][info][gc,phases      ] GC(379)   Pre Evacuate Collection Set: 0.26ms
[161.880s][info][gc,phases      ] GC(379)   Merge Heap Roots: 0.34ms
[161.880s][info][gc,phases      ] GC(379)   Evacuate Collection Set: 65.07ms
[161.880s][info][gc,phases      ] GC(379)   Post Evacuate Collection Set: 0.50ms
[161.880s][info][gc,phases      ] GC(379)   Other: 0.07ms
[161.880s][info][gc,heap        ] GC(379) Eden regions: 113->0(89)
[161.880s][info][gc,heap        ] GC(379) Survivor regions: 18->17(17)
[161.880s][info][gc,heap        ] GC(379) Old regions: 606->653
[161.880s][info][gc,heap        ] GC(379) Humongous regions: 5->5
[161.880s][info][gc,metaspace   ] GC(379) Metaspace: 18498K(18688K)->18498K(18688K) NonClass: 15834K(15936K)->15834K(15936K) Class: 2664K(2752K)->2664K(2752K)
[161.880s][info][gc             ] GC(379) Pause Young (Normal) (G1 Evacuation Pause) 741M->674M(852M) 66.485ms
[161.880s][info][gc,cpu         ] GC(379) User=0.13s Sys=0.00s Real=0.06s
[161.944s][info][gc,marking     ] GC(375) Concurrent Mark From Roots 1152.485ms
[161.944s][info][gc,marking     ] GC(375) Concurrent Preclean
[161.944s][info][gc,marking     ] GC(375) Concurrent Preclean 0.036ms
[161.945s][info][gc,start       ] GC(375) Pause Remark
[161.953s][info][gc             ] GC(375) Pause Remark 725M->617M(945M) 7.541ms
[161.953s][info][gc,cpu         ] GC(375) User=0.01s Sys=0.00s Real=0.01s
[161.953s][info][gc,marking     ] GC(375) Concurrent Mark 1161.056ms
[161.953s][info][gc,marking     ] GC(375) Concurrent Rebuild Remembered Sets and Scrub Regions
[162.026s][info][gc,start       ] GC(380) Pause Young (Normal) (G1 Evacuation Pause)
[162.026s][info][gc,task        ] GC(380) Using 2 workers of 2 for evacuation
[162.081s][info][gc,phases      ] GC(380)   Pre Evacuate Collection Set: 0.29ms
[162.081s][info][gc,phases      ] GC(380)   Merge Heap Roots: 0.42ms
[162.081s][info][gc,phases      ] GC(380)   Evacuate Collection Set: 53.15ms
[162.081s][info][gc,phases      ] GC(380)   Post Evacuate Collection Set: 0.39ms
[162.081s][info][gc,phases      ] GC(380)   Other: 0.07ms
[162.081s][info][gc,heap        ] GC(380) Eden regions: 89->0(193)
[162.081s][info][gc,heap        ] GC(380) Survivor regions: 17->14(14)
[162.081s][info][gc,heap        ] GC(380) Old regions: 547->578
[162.081s][info][gc,heap        ] GC(380) Humongous regions: 3->3
[162.081s][info][gc,metaspace   ] GC(380) Metaspace: 18501K(18688K)->18501K(18688K) NonClass: 15837K(15936K)->15837K(15936K) Class: 2664K(2752K)->2664K(2752K)
[162.081s][info][gc             ] GC(380) Pause Young (Normal) (G1 Evacuation Pause) 655M->594M(945M) 54.550ms
[162.081s][info][gc,cpu         ] GC(380) User=0.10s Sys=0.00s Real=0.05s
[162.291s][info][gc,start       ] GC(381) Pause Young (Normal) (G1 Evacuation Pause)
[162.291s][info][gc,task        ] GC(381) Using 2 workers of 2 for evacuation
[162.324s][info][gc,phases      ] GC(381)   Pre Evacuate Collection Set: 0.28ms
[162.324s][info][gc,phases      ] GC(381)   Merge Heap Roots: 0.49ms
[162.324s][info][gc,phases      ] GC(381)   Evacuate Collection Set: 31.96ms
[162.325s][info][gc,phases      ] GC(381)   Post Evacuate Collection Set: 0.47ms
[162.325s][info][gc,phases      ] GC(381)   Other: 0.07ms
[162.325s][info][gc,heap        ] GC(381) Eden regions: 193->0(206)
[162.325s][info][gc,heap        ] GC(381) Survivor regions: 14->6(26)
[162.325s][info][gc,heap        ] GC(381) Old regions: 578->593
[162.325s][info][gc,heap        ] GC(381) Humongous regions: 3->3
[162.325s][info][gc,metaspace   ] GC(381) Metaspace: 18501K(18688K)->18501K(18688K) NonClass: 15837K(15936K)->15837K(15936K) Class: 2664K(2752K)->2664K(2752K)
[162.325s][info][gc             ] GC(381) Pause Young (Normal) (G1 Evacuation Pause) 787M->600M(945M) 33.469ms
[162.325s][info][gc,cpu         ] GC(381) User=0.07s Sys=0.00s Real=0.03s
[162.585s][info][gc,marking     ] GC(375) Concurrent Rebuild Remembered Sets and Scrub Regions 632.119ms
[162.585s][info][gc,start       ] GC(375) Pause Cleanup
[162.585s][info][gc             ] GC(375) Pause Cleanup 756M->756M(945M) 0.138ms
[162.585s][info][gc,cpu         ] GC(375) User=0.00s Sys=0.00s Real=0.00s
[162.586s][info][gc,marking     ] GC(375) Concurrent Clear Claimed Marks
[162.586s][info][gc,marking     ] GC(375) Concurrent Clear Claimed Marks 0.039ms
[162.586s][info][gc,marking     ] GC(375) Concurrent Cleanup for Next Mark
[162.594s][info][gc,marking     ] GC(375) Concurrent Cleanup for Next Mark 8.601ms
[162.594s][info][gc             ] GC(375) Concurrent Mark Cycle 1864.394ms
[162.631s][info][gc,start       ] GC(382) Pause Young (Prepare Mixed) (G1 Evacuation Pause)
[162.631s][info][gc,task        ] GC(382) Using 2 workers of 2 for evacuation
[162.725s][info][gc,phases      ] GC(382)   Pre Evacuate Collection Set: 0.45ms
[162.725s][info][gc,phases      ] GC(382)   Merge Heap Roots: 0.69ms
[162.725s][info][gc,phases      ] GC(382)   Evacuate Collection Set: 92.14ms
[162.725s][info][gc,phases      ] GC(382)   Post Evacuate Collection Set: 0.69ms
[162.725s][info][gc,phases      ] GC(382)   Other: 0.08ms
[162.725s][info][gc,heap        ] GC(382) Eden regions: 206->0(161)
[162.725s][info][gc,heap        ] GC(382) Survivor regions: 6->27(27)
[162.725s][info][gc,heap        ] GC(382) Old regions: 593->627
[162.725s][info][gc,heap        ] GC(382) Humongous regions: 9->9
[162.725s][info][gc,metaspace   ] GC(382) Metaspace: 18502K(18688K)->18502K(18688K) NonClass: 15838K(15936K)->15838K(15936K) Class: 2664K(2752K)->2664K(2752K)
[162.725s][info][gc             ] GC(382) Pause Young (Prepare Mixed) (G1 Evacuation Pause) 812M->662M(945M) 94.280ms
[162.725s][info][gc,cpu         ] GC(382) User=0.19s Sys=0.00s Real=0.09s
[162.880s][info][gc,start       ] GC(383) Pause Young (Mixed) (G1 Evacuation Pause)
[162.880s][info][gc,task        ] GC(383) Using 2 workers of 2 for evacuation
[163.001s][info][gc,phases      ] GC(383)   Pre Evacuate Collection Set: 0.49ms
[163.001s][info][gc,phases      ] GC(383)   Merge Heap Roots: 1.06ms
[163.001s][info][gc,phases      ] GC(383)   Evacuate Collection Set: 112.99ms
[163.001s][info][gc,phases      ] GC(383)   Merge Optional Heap Roots: 0.08ms
[163.001s][info][gc,phases      ] GC(383)   Evacuate Optional Collection Set: 5.36ms
[163.001s][info][gc,phases      ] GC(383)   Post Evacuate Collection Set: 0.83ms
[163.001s][info][gc,phases      ] GC(383)   Other: 0.08ms
[163.001s][info][gc,heap        ] GC(383) Eden regions: 161->0(186)
[163.001s][info][gc,heap        ] GC(383) Survivor regions: 27->24(24)
[163.001s][info][gc,heap        ] GC(383) Old regions: 627->608
[163.001s][info][gc,heap        ] GC(383) Humongous regions: 9->9
[163.001s][info][gc,metaspace   ] GC(383) Metaspace: 18502K(18688K)->18502K(18688K) NonClass: 15838K(15936K)->15838K(15936K) Class: 2664K(2752K)->2664K(2752K)
[163.002s][info][gc             ] GC(383) Pause Young (Mixed) (G1 Evacuation Pause) 823M->640M(959M) 121.110ms
[163.002s][info][gc,cpu         ] GC(383) User=0.24s Sys=0.00s Real=0.13s
[163.105s][info][gc,start       ] GC(384) Pause Young (Concurrent Start) (G1 Evacuation Pause)
[163.105s][info][gc,task        ] GC(384) Using 2 workers of 2 for evacuation
[163.142s][info][gc,phases      ] GC(384)   Pre Evacuate Collection Set: 0.27ms
[163.142s][info][gc,phases      ] GC(384)   Merge Heap Roots: 0.22ms
[163.142s][info][gc,phases      ] GC(384)   Evacuate Collection Set: 35.77ms
[163.142s][info][gc,phases      ] GC(384)   Post Evacuate Collection Set: 0.39ms
[163.142s][info][gc,phases      ] GC(384)   Other: 0.09ms
[163.142s][info][gc,heap        ] GC(384) Eden regions: 186->0(196)
[163.142s][info][gc,heap        ] GC(384) Survivor regions: 24->8(27)
[163.142s][info][gc,heap        ] GC(384) Old regions: 608->632
[163.142s][info][gc,heap        ] GC(384) Humongous regions: 9->9
[163.142s][info][gc,metaspace   ] GC(384) Metaspace: 18503K(18688K)->18503K(18688K) NonClass: 15839K(15936K)->15839K(15936K) Class: 2664K(2752K)->2664K(2752K)
[163.142s][info][gc             ] GC(384) Pause Young (Concurrent Start) (G1 Evacuation Pause) 826M->648M(959M) 36.950ms
[163.142s][info][gc             ] GC(385) Concurrent Mark Cycle
[163.142s][info][gc,marking     ] GC(385) Concurrent Scan Root Regions
[163.142s][info][gc,cpu         ] GC(384) User=0.08s Sys=0.00s Real=0.04s
[163.203s][info][gc,marking     ] GC(385) Concurrent Scan Root Regions 60.728ms
[163.203s][info][gc,marking     ] GC(385) Concurrent Mark
[163.203s][info][gc,marking     ] GC(385) Concurrent Mark From Roots
[163.203s][info][gc,task        ] GC(385) Using 1 workers of 1 for marking
[163.378s][info][gc,start       ] GC(386) Pause Young (Normal) (G1 Evacuation Pause)
[163.379s][info][gc,task        ] GC(386) Using 2 workers of 2 for evacuation
[163.402s][info][gc,phases      ] GC(386)   Pre Evacuate Collection Set: 0.27ms
[163.402s][info][gc,phases      ] GC(386)   Merge Heap Roots: 0.29ms
[163.402s][info][gc,phases      ] GC(386)   Evacuate Collection Set: 21.96ms
[163.402s][info][gc,phases      ] GC(386)   Post Evacuate Collection Set: 0.40ms
[163.402s][info][gc,phases      ] GC(386)   Other: 0.07ms
[163.402s][info][gc,heap        ] GC(386) Eden regions: 196->0(208)
[163.402s][info][gc,heap        ] GC(386) Survivor regions: 8->12(26)
[163.402s][info][gc,heap        ] GC(386) Old regions: 632->632
[163.402s][info][gc,heap        ] GC(386) Humongous regions: 9->9
[163.402s][info][gc,metaspace   ] GC(386) Metaspace: 18505K(18688K)->18505K(18688K) NonClass: 15840K(15936K)->15840K(15936K) Class: 2664K(2752K)->2664K(2752K)
[163.402s][info][gc             ] GC(386) Pause Young (Normal) (G1 Evacuation Pause) 844M->652M(959M) 23.214ms
[163.402s][info][gc,cpu         ] GC(386) User=0.05s Sys=0.00s Real=0.03s
[163.712s][info][gc,start       ] GC(387) Pause Young (Normal) (G1 Evacuation Pause)
[163.712s][info][gc,task        ] GC(387) Using 2 workers of 2 for evacuation
[163.742s][info][gc,phases      ] GC(387)   Pre Evacuate Collection Set: 0.30ms
[163.742s][info][gc,phases      ] GC(387)   Merge Heap Roots: 0.27ms
[163.742s][info][gc,phases      ] GC(387)   Evacuate Collection Set: 29.56ms
[163.743s][info][gc,phases      ] GC(387)   Post Evacuate Collection Set: 0.41ms
[163.743s][info][gc,phases      ] GC(387)   Other: 0.09ms
[163.743s][info][gc,heap        ] GC(387) Eden regions: 208->0(210)
[163.743s][info][gc,heap        ] GC(387) Survivor regions: 12->22(28)
[163.743s][info][gc,heap        ] GC(387) Old regions: 632->632
[163.743s][info][gc,heap        ] GC(387) Humongous regions: 9->9
[163.743s][info][gc,metaspace   ] GC(387) Metaspace: 18505K(18688K)->18505K(18688K) NonClass: 15840K(15936K)->15840K(15936K) Class: 2664K(2752K)->2664K(2752K)
[163.743s][info][gc             ] GC(387) Pause Young (Normal) (G1 Evacuation Pause) 860M->662M(959M) 30.825ms
[163.743s][info][gc,cpu         ] GC(387) User=0.06s Sys=0.00s Real=0.03s
[163.896s][info][gc,marking     ] GC(385) Concurrent Mark From Roots 693.480ms
[163.896s][info][gc,marking     ] GC(385) Concurrent Preclean
[163.896s][info][gc,marking     ] GC(385) Concurrent Preclean 0.026ms
[163.896s][info][gc,start       ] GC(385) Pause Remark
[163.903s][info][gc             ] GC(385) Pause Remark 760M->464M(959M) 7.057ms
[163.903s][info][gc,cpu         ] GC(385) User=0.02s Sys=0.00s Real=0.01s
[163.905s][info][gc,marking     ] GC(385) Concurrent Mark 702.451ms
[163.905s][info][gc,marking     ] GC(385) Concurrent Rebuild Remembered Sets and Scrub Regions
[164.115s][info][gc,marking     ] GC(385) Concurrent Rebuild Remembered Sets and Scrub Regions 210.244ms
[164.116s][info][gc,start       ] GC(385) Pause Cleanup
[164.116s][info][gc             ] GC(385) Pause Cleanup 547M->547M(959M) 0.099ms
[164.116s][info][gc,cpu         ] GC(385) User=0.00s Sys=0.00s Real=0.00s
[164.116s][info][gc,marking     ] GC(385) Concurrent Clear Claimed Marks
[164.116s][info][gc,marking     ] GC(385) Concurrent Clear Claimed Marks 0.026ms
[164.116s][info][gc,marking     ] GC(385) Concurrent Cleanup for Next Mark
[164.119s][info][gc,marking     ] GC(385) Concurrent Cleanup for Next Mark 2.923ms
[164.119s][info][gc             ] GC(385) Concurrent Mark Cycle 976.807ms
[164.218s][info][gc,start       ] GC(388) Pause Young (Prepare Mixed) (G1 Evacuation Pause)
[164.218s][info][gc,task        ] GC(388) Using 2 workers of 2 for evacuation
[164.285s][info][gc,phases      ] GC(388)   Pre Evacuate Collection Set: 0.29ms
[164.285s][info][gc,phases      ] GC(388)   Merge Heap Roots: 0.51ms
[164.285s][info][gc,phases      ] GC(388)   Evacuate Collection Set: 65.48ms
[164.285s][info][gc,phases      ] GC(388)   Post Evacuate Collection Set: 0.44ms
[164.285s][info][gc,phases      ] GC(388)   Other: 0.08ms
[164.285s][info][gc,heap        ] GC(388) Eden regions: 210->0(410)
[164.285s][info][gc,heap        ] GC(388) Survivor regions: 22->29(29)
[164.285s][info][gc,heap        ] GC(388) Old regions: 341->369
[164.285s][info][gc,heap        ] GC(388) Humongous regions: 4->4
[164.285s][info][gc,metaspace   ] GC(388) Metaspace: 18505K(18688K)->18505K(18688K) NonClass: 15840K(15936K)->15840K(15936K) Class: 2664K(2752K)->2664K(2752K)
[164.285s][info][gc             ] GC(388) Pause Young (Prepare Mixed) (G1 Evacuation Pause) 576M->401M(959M) 67.060ms
[164.285s][info][gc,cpu         ] GC(388) User=0.13s Sys=0.00s Real=0.07s
[165.286s][info][gc,start       ] GC(389) Pause Young (Mixed) (G1 Evacuation Pause)
[165.286s][info][gc,task        ] GC(389) Using 2 workers of 2 for evacuation
[165.321s][info][gc,phases      ] GC(389)   Pre Evacuate Collection Set: 0.53ms
[165.321s][info][gc,phases      ] GC(389)   Merge Heap Roots: 0.34ms
[165.321s][info][gc,phases      ] GC(389)   Evacuate Collection Set: 33.04ms
[165.321s][info][gc,phases      ] GC(389)   Post Evacuate Collection Set: 0.82ms
[165.321s][info][gc,phases      ] GC(389)   Other: 0.09ms
[165.321s][info][gc,heap        ] GC(389) Eden regions: 410->0(475)
[165.321s][info][gc,heap        ] GC(389) Survivor regions: 29->28(55)
[165.321s][info][gc,heap        ] GC(389) Old regions: 369->324
[165.321s][info][gc,heap        ] GC(389) Humongous regions: 4->4
[165.321s][info][gc,metaspace   ] GC(389) Metaspace: 18508K(18688K)->18508K(18688K) NonClass: 15844K(15936K)->15844K(15936K) Class: 2664K(2752K)->2664K(2752K)
[165.321s][info][gc             ] GC(389) Pause Young (Mixed) (G1 Evacuation Pause) 811M->355M(966M) 35.030ms
[165.321s][info][gc,cpu         ] GC(389) User=0.06s Sys=0.00s Real=0.04s
[166.085s][info][gc,start       ] GC(390) Pause Young (Concurrent Start) (G1 Evacuation Pause)
[166.085s][info][gc,task        ] GC(390) Using 2 workers of 2 for evacuation
[166.192s][info][gc,phases      ] GC(390)   Pre Evacuate Collection Set: 0.29ms
[166.192s][info][gc,phases      ] GC(390)   Merge Heap Roots: 0.51ms
[166.192s][info][gc,phases      ] GC(390)   Evacuate Collection Set: 104.82ms
[166.192s][info][gc,phases      ] GC(390)   Post Evacuate Collection Set: 0.87ms
[166.192s][info][gc,phases      ] GC(390)   Other: 0.17ms
[166.192s][info][gc,heap        ] GC(390) Eden regions: 475->0(384)
[166.192s][info][gc,heap        ] GC(390) Survivor regions: 28->63(63)
[166.192s][info][gc,heap        ] GC(390) Old regions: 324->365
[166.192s][info][gc,heap        ] GC(390) Humongous regions: 4->4
[166.192s][info][gc,metaspace   ] GC(390) Metaspace: 18508K(18688K)->18508K(18688K) NonClass: 15844K(15936K)->15844K(15936K) Class: 2664K(2752K)->2664K(2752K)
[166.192s][info][gc             ] GC(390) Pause Young (Concurrent Start) (G1 Evacuation Pause) 830M->431M(966M) 106.882ms
[166.192s][info][gc             ] GC(391) Concurrent Mark Cycle
[166.192s][info][gc,marking     ] GC(391) Concurrent Scan Root Regions
[166.194s][info][gc,cpu         ] GC(390) User=0.21s Sys=0.00s Real=0.11s
[166.315s][info][gc,marking     ] GC(391) Concurrent Scan Root Regions 123.017ms
[166.315s][info][gc,marking     ] GC(391) Concurrent Mark
[166.315s][info][gc,marking     ] GC(391) Concurrent Mark From Roots
[166.315s][info][gc,task        ] GC(391) Using 1 workers of 1 for marking
[166.706s][info][gc,start       ] GC(392) Pause Young (Normal) (G1 Evacuation Pause)
[166.706s][info][gc,task        ] GC(392) Using 2 workers of 2 for evacuation
[166.843s][info][gc,phases      ] GC(392)   Pre Evacuate Collection Set: 0.33ms
[166.843s][info][gc,phases      ] GC(392)   Merge Heap Roots: 0.51ms
[166.843s][info][gc,phases      ] GC(392)   Evacuate Collection Set: 135.22ms
[166.843s][info][gc,phases      ] GC(392)   Post Evacuate Collection Set: 0.77ms
[166.843s][info][gc,phases      ] GC(392)   Other: 0.08ms
[166.843s][info][gc,heap        ] GC(392) Eden regions: 384->0(326)
[166.843s][info][gc,heap        ] GC(392) Survivor regions: 63->56(56)
[166.843s][info][gc,heap        ] GC(392) Old regions: 365->432
[166.843s][info][gc,heap        ] GC(392) Humongous regions: 7->7
[166.843s][info][gc,metaspace   ] GC(392) Metaspace: 18510K(18688K)->18510K(18688K) NonClass: 15846K(15936K)->15846K(15936K) Class: 2664K(2752K)->2664K(2752K)
[166.843s][info][gc             ] GC(392) Pause Young (Normal) (G1 Evacuation Pause) 818M->494M(966M) 137.157ms
[166.843s][info][gc,cpu         ] GC(392) User=0.27s Sys=0.00s Real=0.14s
[167.274s][info][gc,marking     ] GC(391) Concurrent Mark From Roots 958.566ms
[167.274s][info][gc,marking     ] GC(391) Concurrent Preclean
[167.274s][info][gc,marking     ] GC(391) Concurrent Preclean 0.040ms
[167.274s][info][gc,start       ] GC(391) Pause Remark
[167.282s][info][gc             ] GC(391) Pause Remark 817M->813M(966M) 7.328ms
[167.282s][info][gc,cpu         ] GC(391) User=0.02s Sys=0.00s Real=0.01s
[167.282s][info][gc,marking     ] GC(391) Concurrent Mark 966.225ms
[167.282s][info][gc,marking     ] GC(391) Concurrent Rebuild Remembered Sets and Scrub Regions
[167.284s][info][gc,start       ] GC(393) Pause Young (Normal) (G1 Evacuation Pause)
[167.284s][info][gc,task        ] GC(393) Using 2 workers of 2 for evacuation
[167.399s][info][gc,phases      ] GC(393)   Pre Evacuate Collection Set: 0.38ms
[167.399s][info][gc,phases      ] GC(393)   Merge Heap Roots: 0.63ms
[167.399s][info][gc,phases      ] GC(393)   Evacuate Collection Set: 113.41ms
[167.399s][info][gc,phases      ] GC(393)   Post Evacuate Collection Set: 0.63ms
[167.399s][info][gc,phases      ] GC(393)   Other: 0.10ms
[167.399s][info][gc,heap        ] GC(393) Eden regions: 326->0(300)
[167.399s][info][gc,heap        ] GC(393) Survivor regions: 56->46(48)
[167.399s][info][gc,heap        ] GC(393) Old regions: 428->473
[167.399s][info][gc,heap        ] GC(393) Humongous regions: 8->8
[167.399s][info][gc,metaspace   ] GC(393) Metaspace: 18510K(18688K)->18510K(18688K) NonClass: 15846K(15936K)->15846K(15936K) Class: 2664K(2752K)->2664K(2752K)
[167.399s][info][gc             ] GC(393) Pause Young (Normal) (G1 Evacuation Pause) 817M->526M(966M) 115.353ms
[167.399s][info][gc,cpu         ] GC(393) User=0.22s Sys=0.00s Real=0.11s
[167.663s][info][gc,start       ] GC(394) Pause Young (Normal) (G1 Evacuation Pause)
[167.664s][info][gc,task        ] GC(394) Using 2 workers of 2 for evacuation
[167.743s][info][gc,phases      ] GC(394)   Pre Evacuate Collection Set: 0.29ms
[167.743s][info][gc,phases      ] GC(394)   Merge Heap Roots: 0.35ms
[167.743s][info][gc,phases      ] GC(394)   Evacuate Collection Set: 78.15ms
[167.743s][info][gc,phases      ] GC(394)   Post Evacuate Collection Set: 0.74ms
[167.743s][info][gc,phases      ] GC(394)   Other: 0.08ms
[167.743s][info][gc,heap        ] GC(394) Eden regions: 300->0(290)
[167.743s][info][gc,heap        ] GC(394) Survivor regions: 46->24(44)
[167.743s][info][gc,heap        ] GC(394) Old regions: 473->519
[167.743s][info][gc,heap        ] GC(394) Humongous regions: 8->8
[167.743s][info][gc,metaspace   ] GC(394) Metaspace: 18510K(18688K)->18510K(18688K) NonClass: 15846K(15936K)->15846K(15936K) Class: 2664K(2752K)->2664K(2752K)
[167.743s][info][gc             ] GC(394) Pause Young (Normal) (G1 Evacuation Pause) 826M->549M(966M) 79.848ms
[167.743s][info][gc,cpu         ] GC(394) User=0.15s Sys=0.00s Real=0.08s
[168.041s][info][gc,marking     ] GC(391) Concurrent Rebuild Remembered Sets and Scrub Regions 759.141ms
[168.041s][info][gc,start       ] GC(391) Pause Cleanup
[168.041s][info][gc             ] GC(391) Pause Cleanup 733M->733M(966M) 0.127ms
[168.041s][info][gc,cpu         ] GC(391) User=0.00s Sys=0.00s Real=0.00s
[168.041s][info][gc,marking     ] GC(391) Concurrent Clear Claimed Marks
[168.041s][info][gc,marking     ] GC(391) Concurrent Clear Claimed Marks 0.032ms
[168.041s][info][gc,marking     ] GC(391) Concurrent Cleanup for Next Mark
[168.046s][info][gc,marking     ] GC(391) Concurrent Cleanup for Next Mark 5.024ms
[168.046s][info][gc             ] GC(391) Concurrent Mark Cycle 1854.010ms
[168.151s][info][gc,start       ] GC(395) Pause Young (Prepare Mixed) (G1 Evacuation Pause)
[168.151s][info][gc,task        ] GC(395) Using 2 workers of 2 for evacuation
[168.199s][info][gc,phases      ] GC(395)   Pre Evacuate Collection Set: 0.51ms
[168.199s][info][gc,phases      ] GC(395)   Merge Heap Roots: 0.53ms
[168.199s][info][gc,phases      ] GC(395)   Evacuate Collection Set: 45.77ms
[168.199s][info][gc,phases      ] GC(395)   Post Evacuate Collection Set: 0.75ms
[168.199s][info][gc,phases      ] GC(395)   Other: 0.08ms
[168.199s][info][gc,heap        ] GC(395) Eden regions: 290->0(306)
[168.199s][info][gc,heap        ] GC(395) Survivor regions: 24->5(40)
[168.199s][info][gc,heap        ] GC(395) Old regions: 519->542
[168.199s][info][gc,heap        ] GC(395) Humongous regions: 8->8
[168.199s][info][gc,metaspace   ] GC(395) Metaspace: 18510K(18688K)->18510K(18688K) NonClass: 15846K(15936K)->15846K(15936K) Class: 2664K(2752K)->2664K(2752K)
[168.199s][info][gc             ] GC(395) Pause Young (Prepare Mixed) (G1 Evacuation Pause) 839M->554M(966M) 47.918ms
[168.199s][info][gc,cpu         ] GC(395) User=0.09s Sys=0.00s Real=0.04s
[168.558s][info][gc,start       ] GC(396) Pause Young (Mixed) (G1 Evacuation Pause)
[168.558s][info][gc,task        ] GC(396) Using 2 workers of 2 for evacuation
[168.633s][info][gc,phases      ] GC(396)   Pre Evacuate Collection Set: 0.50ms
[168.633s][info][gc,phases      ] GC(396)   Merge Heap Roots: 0.70ms
[168.633s][info][gc,phases      ] GC(396)   Evacuate Collection Set: 72.28ms
[168.633s][info][gc,phases      ] GC(396)   Post Evacuate Collection Set: 0.70ms
[168.633s][info][gc,phases      ] GC(396)   Other: 0.08ms
[168.633s][info][gc,heap        ] GC(396) Eden regions: 306->0(138)
[168.633s][info][gc,heap        ] GC(396) Survivor regions: 5->39(39)
[168.633s][info][gc,heap        ] GC(396) Old regions: 542->542
[168.633s][info][gc,heap        ] GC(396) Humongous regions: 8->8
[168.633s][info][gc,metaspace   ] GC(396) Metaspace: 18510K(18688K)->18510K(18688K) NonClass: 15846K(15936K)->15846K(15936K) Class: 2664K(2752K)->2664K(2752K)
[168.633s][info][gc             ] GC(396) Pause Young (Mixed) (G1 Evacuation Pause) 860M->588M(966M) 74.512ms
[168.633s][info][gc,cpu         ] GC(396) User=0.14s Sys=0.00s Real=0.08s
[168.769s][info][gc,start       ] GC(397) Pause Young (Mixed) (G1 Evacuation Pause)
[168.769s][info][gc,task        ] GC(397) Using 2 workers of 2 for evacuation
[168.969s][info][gc,phases      ] GC(397)   Pre Evacuate Collection Set: 0.31ms
[168.969s][info][gc,phases      ] GC(397)   Merge Heap Roots: 0.92ms
[168.969s][info][gc,phases      ] GC(397)   Evacuate Collection Set: 197.58ms
[168.969s][info][gc,phases      ] GC(397)   Post Evacuate Collection Set: 0.73ms
[168.969s][info][gc,phases      ] GC(397)   Other: 0.08ms
[168.969s][info][gc,heap        ] GC(397) Eden regions: 157->0(210)
[168.969s][info][gc,heap        ] GC(397) Survivor regions: 39->25(25)
[168.969s][info][gc,heap        ] GC(397) Old regions: 542->609
[168.969s][info][gc,heap        ] GC(397) Humongous regions: 8->8
[168.969s][info][gc,metaspace   ] GC(397) Metaspace: 18510K(18688K)->18510K(18688K) NonClass: 15846K(15936K)->15846K(15936K) Class: 2664K(2752K)->2664K(2752K)
[168.969s][info][gc             ] GC(397) Pause Young (Mixed) (G1 Evacuation Pause) 745M->641M(971M) 199.822ms
[168.969s][info][gc,cpu         ] GC(397) User=0.39s Sys=0.00s Real=0.20s
[169.290s][info][gc,start       ] GC(398) Pause Young (Concurrent Start) (G1 Evacuation Pause)
[169.290s][info][gc,task        ] GC(398) Using 2 workers of 2 for evacuation
[169.344s][info][gc,phases      ] GC(398)   Pre Evacuate Collection Set: 0.30ms
[169.344s][info][gc,phases      ] GC(398)   Merge Heap Roots: 0.42ms
[169.344s][info][gc,phases      ] GC(398)   Evacuate Collection Set: 51.85ms
[169.344s][info][gc,phases      ] GC(398)   Post Evacuate Collection Set: 0.55ms
[169.344s][info][gc,phases      ] GC(398)   Other: 0.13ms
[169.344s][info][gc,heap        ] GC(398) Eden regions: 210->0(203)
[169.344s][info][gc,heap        ] GC(398) Survivor regions: 25->22(30)
[169.344s][info][gc,heap        ] GC(398) Old regions: 609->635
[169.344s][info][gc,heap        ] GC(398) Humongous regions: 8->8
[169.344s][info][gc,metaspace   ] GC(398) Metaspace: 18510K(18688K)->18510K(18688K) NonClass: 15846K(15936K)->15846K(15936K) Class: 2664K(2752K)->2664K(2752K)
[169.344s][info][gc             ] GC(398) Pause Young (Concurrent Start) (G1 Evacuation Pause) 851M->663M(971M) 53.482ms
[169.344s][info][gc,cpu         ] GC(398) User=0.11s Sys=0.00s Real=0.06s
[169.344s][info][gc             ] GC(399) Concurrent Mark Cycle
[169.344s][info][gc,marking     ] GC(399) Concurrent Scan Root Regions
[169.367s][info][gc,marking     ] GC(399) Concurrent Scan Root Regions 23.293ms
[169.367s][info][gc,marking     ] GC(399) Concurrent Mark
[169.367s][info][gc,marking     ] GC(399) Concurrent Mark From Roots
[169.367s][info][gc,task        ] GC(399) Using 1 workers of 1 for marking
[169.819s][info][gc,start       ] GC(400) Pause Young (Normal) (G1 Evacuation Pause)
[169.819s][info][gc,task        ] GC(400) Using 2 workers of 2 for evacuation
[169.906s][info][gc,phases      ] GC(400)   Pre Evacuate Collection Set: 0.26ms
[169.906s][info][gc,phases      ] GC(400)   Merge Heap Roots: 0.34ms
[169.906s][info][gc,phases      ] GC(400)   Evacuate Collection Set: 85.17ms
[169.906s][info][gc,phases      ] GC(400)   Post Evacuate Collection Set: 0.46ms
[169.906s][info][gc,phases      ] GC(400)   Other: 0.09ms
[169.906s][info][gc,heap        ] GC(400) Eden regions: 203->0(169)
[169.906s][info][gc,heap        ] GC(400) Survivor regions: 22->29(29)
[169.906s][info][gc,heap        ] GC(400) Old regions: 635->675
[169.906s][info][gc,heap        ] GC(400) Humongous regions: 11->11
[169.906s][info][gc,metaspace   ] GC(400) Metaspace: 18510K(18688K)->18510K(18688K) NonClass: 15846K(15936K)->15846K(15936K) Class: 2664K(2752K)->2664K(2752K)
[169.906s][info][gc             ] GC(400) Pause Young (Normal) (G1 Evacuation Pause) 869M->714M(971M) 86.543ms
[169.906s][info][gc,cpu         ] GC(400) User=0.17s Sys=0.00s Real=0.09s
[170.198s][info][gc,start       ] GC(401) Pause Young (Normal) (G1 Evacuation Pause)
[170.198s][info][gc,task        ] GC(401) Using 2 workers of 2 for evacuation
[170.243s][info][gc,phases      ] GC(401)   Pre Evacuate Collection Set: 0.28ms
[170.243s][info][gc,phases      ] GC(401)   Merge Heap Roots: 0.21ms
[170.243s][info][gc,phases      ] GC(401)   Evacuate Collection Set: 43.68ms
[170.243s][info][gc,phases      ] GC(401)   Post Evacuate Collection Set: 0.38ms
[170.243s][info][gc,phases      ] GC(401)   Other: 0.08ms
[170.243s][info][gc,heap        ] GC(401) Eden regions: 169->0(172)
[170.243s][info][gc,heap        ] GC(401) Survivor regions: 29->7(25)
[170.243s][info][gc,heap        ] GC(401) Old regions: 675->705
[170.243s][info][gc,heap        ] GC(401) Humongous regions: 11->11
[170.243s][info][gc,metaspace   ] GC(401) Metaspace: 18510K(18688K)->18510K(18688K) NonClass: 15846K(15936K)->15846K(15936K) Class: 2664K(2752K)->2664K(2752K)
[170.243s][info][gc             ] GC(401) Pause Young (Normal) (G1 Evacuation Pause) 883M->721M(971M) 44.851ms
[170.243s][info][gc,cpu         ] GC(401) User=0.09s Sys=0.00s Real=0.05s
[170.443s][info][gc,marking     ] GC(399) Concurrent Mark From Roots 1076.241ms
[170.443s][info][gc,marking     ] GC(399) Concurrent Preclean
[170.444s][info][gc,marking     ] GC(399) Concurrent Preclean 0.040ms
[170.444s][info][gc,start       ] GC(399) Pause Remark
[170.453s][info][gc             ] GC(399) Pause Remark 826M->721M(978M) 9.079ms
[170.453s][info][gc,cpu         ] GC(399) User=0.02s Sys=0.00s Real=0.01s
[170.453s][info][gc,marking     ] GC(399) Concurrent Mark 1085.729ms
[170.453s][info][gc,marking     ] GC(399) Concurrent Rebuild Remembered Sets and Scrub Regions
[170.602s][info][gc,start       ] GC(402) Pause Young (Normal) (G1 Evacuation Pause)
[170.602s][info][gc,task        ] GC(402) Using 2 workers of 2 for evacuation
[170.623s][info][gc,phases      ] GC(402)   Pre Evacuate Collection Set: 0.49ms
[170.623s][info][gc,phases      ] GC(402)   Merge Heap Roots: 0.22ms
[170.623s][info][gc,phases      ] GC(402)   Evacuate Collection Set: 19.22ms
[170.623s][info][gc,phases      ] GC(402)   Post Evacuate Collection Set: 0.46ms
[170.623s][info][gc,phases      ] GC(402)   Other: 0.12ms
[170.623s][info][gc,heap        ] GC(402) Eden regions: 172->0(246)
[170.623s][info][gc,heap        ] GC(402) Survivor regions: 7->11(23)
[170.623s][info][gc,heap        ] GC(402) Old regions: 604->604
[170.623s][info][gc,heap        ] GC(402) Humongous regions: 7->7
[170.623s][info][gc,metaspace   ] GC(402) Metaspace: 18510K(18688K)->18510K(18688K) NonClass: 15846K(15936K)->15846K(15936K) Class: 2664K(2752K)->2664K(2752K)
[170.623s][info][gc             ] GC(402) Pause Young (Normal) (G1 Evacuation Pause) 788M->621M(978M) 20.742ms
[170.623s][info][gc,cpu         ] GC(402) User=0.04s Sys=0.00s Real=0.02s
[171.142s][info][gc,start       ] GC(403) Pause Young (Normal) (G1 Evacuation Pause)
[171.142s][info][gc,task        ] GC(403) Using 2 workers of 2 for evacuation
[171.200s][info][gc,phases      ] GC(403)   Pre Evacuate Collection Set: 0.50ms
[171.200s][info][gc,phases      ] GC(403)   Merge Heap Roots: 0.67ms
[171.200s][info][gc,phases      ] GC(403)   Evacuate Collection Set: 55.95ms
[171.200s][info][gc,phases      ] GC(403)   Post Evacuate Collection Set: 0.57ms
[171.200s][info][gc,phases      ] GC(403)   Other: 0.11ms
[171.200s][info][gc,heap        ] GC(403) Eden regions: 246->0(235)
[171.200s][info][gc,heap        ] GC(403) Survivor regions: 11->33(33)
[171.200s][info][gc,heap        ] GC(403) Old regions: 604->604
[171.200s][info][gc,heap        ] GC(403) Humongous regions: 7->7
[171.200s][info][gc,metaspace   ] GC(403) Metaspace: 18510K(18688K)->18510K(18688K) NonClass: 15846K(15936K)->15846K(15936K) Class: 2664K(2752K)->2664K(2752K)
[171.200s][info][gc             ] GC(403) Pause Young (Normal) (G1 Evacuation Pause) 867M->642M(978M) 58.029ms
[171.200s][info][gc,cpu         ] GC(403) User=0.11s Sys=0.00s Real=0.05s
[171.248s][info][gc,marking     ] GC(399) Concurrent Rebuild Remembered Sets and Scrub Regions 795.067ms
[171.248s][info][gc,start       ] GC(399) Pause Cleanup
[171.248s][info][gc             ] GC(399) Pause Cleanup 671M->671M(978M) 0.152ms
[171.248s][info][gc,cpu         ] GC(399) User=0.00s Sys=0.00s Real=0.00s
[171.249s][info][gc,marking     ] GC(399) Concurrent Clear Claimed Marks
[171.249s][info][gc,marking     ] GC(399) Concurrent Clear Claimed Marks 0.041ms
[171.249s][info][gc,marking     ] GC(399) Concurrent Cleanup for Next Mark
[171.256s][info][gc,marking     ] GC(399) Concurrent Cleanup for Next Mark 6.992ms
[171.256s][info][gc             ] GC(399) Concurrent Mark Cycle 1912.287ms
[171.616s][info][gc,start       ] GC(404) Pause Young (Prepare Mixed) (G1 Evacuation Pause)
[171.616s][info][gc,task        ] GC(404) Using 2 workers of 2 for evacuation
[171.704s][info][gc,phases      ] GC(404)   Pre Evacuate Collection Set: 0.28ms
[171.704s][info][gc,phases      ] GC(404)   Merge Heap Roots: 0.51ms
[171.704s][info][gc,phases      ] GC(404)   Evacuate Collection Set: 85.99ms
[171.704s][info][gc,phases      ] GC(404)   Post Evacuate Collection Set: 0.81ms
[171.704s][info][gc,phases      ] GC(404)   Other: 0.09ms
[171.704s][info][gc,heap        ] GC(404) Eden regions: 235->0(189)
[171.704s][info][gc,heap        ] GC(404) Survivor regions: 33->34(34)
[171.704s][info][gc,heap        ] GC(404) Old regions: 604->651
[171.704s][info][gc,heap        ] GC(404) Humongous regions: 7->7
[171.704s][info][gc,metaspace   ] GC(404) Metaspace: 18510K(18688K)->18510K(18688K) NonClass: 15846K(15936K)->15846K(15936K) Class: 2664K(2752K)->2664K(2752K)
[171.704s][info][gc             ] GC(404) Pause Young (Prepare Mixed) (G1 Evacuation Pause) 877M->691M(978M) 87.887ms
[171.704s][info][gc,cpu         ] GC(404) User=0.17s Sys=0.00s Real=0.09s
[171.990s][info][gc,start       ] GC(405) Pause Young (Mixed) (G1 Evacuation Pause)
[171.990s][info][gc,task        ] GC(405) Using 2 workers of 2 for evacuation
[172.083s][info][gc,phases      ] GC(405)   Pre Evacuate Collection Set: 0.51ms
[172.083s][info][gc,phases      ] GC(405)   Merge Heap Roots: 0.68ms
[172.083s][info][gc,phases      ] GC(405)   Evacuate Collection Set: 90.60ms
[172.083s][info][gc,phases      ] GC(405)   Post Evacuate Collection Set: 0.90ms
[172.083s][info][gc,phases      ] GC(405)   Other: 0.10ms
[172.083s][info][gc,heap        ] GC(405) Eden regions: 189->0(219)
[172.083s][info][gc,heap        ] GC(405) Survivor regions: 34->28(28)
[172.083s][info][gc,heap        ] GC(405) Old regions: 651->609
[172.083s][info][gc,heap        ] GC(405) Humongous regions: 7->7
[172.083s][info][gc,metaspace   ] GC(405) Metaspace: 18510K(18688K)->18510K(18688K) NonClass: 15846K(15936K)->15846K(15936K) Class: 2664K(2752K)->2664K(2752K)
[172.083s][info][gc             ] GC(405) Pause Young (Mixed) (G1 Evacuation Pause) 880M->643M(978M) 93.047ms
[172.083s][info][gc,cpu         ] GC(405) User=0.18s Sys=0.00s Real=0.10s
[172.414s][info][gc,start       ] GC(406) Pause Young (Mixed) (G1 Evacuation Pause)
[172.414s][info][gc,task        ] GC(406) Using 2 workers of 2 for evacuation
[172.559s][info][gc,phases      ] GC(406)   Pre Evacuate Collection Set: 0.50ms
[172.559s][info][gc,phases      ] GC(406)   Merge Heap Roots: 1.33ms
[172.559s][info][gc,phases      ] GC(406)   Evacuate Collection Set: 141.74ms
[172.559s][info][gc,phases      ] GC(406)   Post Evacuate Collection Set: 1.23ms
[172.559s][info][gc,phases      ] GC(406)   Other: 0.10ms
[172.559s][info][gc,heap        ] GC(406) Eden regions: 219->0(17)
[172.559s][info][gc,heap        ] GC(406) Survivor regions: 28->31(31)
[172.559s][info][gc,heap        ] GC(406) Old regions: 609->622
[172.559s][info][gc,heap        ] GC(406) Humongous regions: 10->10
[172.559s][info][gc,metaspace   ] GC(406) Metaspace: 18510K(18688K)->18510K(18688K) NonClass: 15846K(15936K)->15846K(15936K) Class: 2664K(2752K)->2664K(2752K)
[172.559s][info][gc             ] GC(406) Pause Young (Mixed) (G1 Evacuation Pause) 865M->662M(978M) 145.176ms
[172.559s][info][gc,cpu         ] GC(406) User=0.29s Sys=0.00s Real=0.14s
[172.586s][info][gc,start       ] GC(407) Pause Young (Mixed) (G1 Evacuation Pause)
[172.586s][info][gc,task        ] GC(407) Using 2 workers of 2 for evacuation
[172.778s][info][gc,phases      ] GC(407)   Pre Evacuate Collection Set: 0.25ms
[172.778s][info][gc,phases      ] GC(407)   Merge Heap Roots: 1.31ms
[172.778s][info][gc,phases      ] GC(407)   Evacuate Collection Set: 189.65ms
[172.778s][info][gc,phases      ] GC(407)   Post Evacuate Collection Set: 1.26ms
[172.778s][info][gc,phases      ] GC(407)   Other: 0.11ms
[172.778s][info][gc,heap        ] GC(407) Eden regions: 17->0(200)
[172.778s][info][gc,heap        ] GC(407) Survivor regions: 31->3(6)
[172.778s][info][gc,heap        ] GC(407) Old regions: 622->652
[172.778s][info][gc,heap        ] GC(407) Humongous regions: 10->10
[172.778s][info][gc,metaspace   ] GC(407) Metaspace: 18510K(18688K)->18510K(18688K) NonClass: 15846K(15936K)->15846K(15936K) Class: 2664K(2752K)->2664K(2752K)
[172.778s][info][gc             ] GC(407) Pause Young (Mixed) (G1 Evacuation Pause) 679M->664M(978M) 192.798ms
[172.778s][info][gc,cpu         ] GC(407) User=0.38s Sys=0.00s Real=0.19s
[172.975s][info][gc,start       ] GC(408) Pause Young (Concurrent Start) (G1 Evacuation Pause)
[172.975s][info][gc,task        ] GC(408) Using 2 workers of 2 for evacuation
[172.998s][info][gc,phases      ] GC(408)   Pre Evacuate Collection Set: 0.33ms
[172.998s][info][gc,phases      ] GC(408)   Merge Heap Roots: 0.16ms
[172.998s][info][gc,phases      ] GC(408)   Evacuate Collection Set: 21.64ms
[172.998s][info][gc,phases      ] GC(408)   Post Evacuate Collection Set: 0.41ms
[172.998s][info][gc,phases      ] GC(408)   Other: 0.30ms
[172.998s][info][gc,heap        ] GC(408) Eden regions: 200->0(199)
[172.998s][info][gc,heap        ] GC(408) Survivor regions: 3->18(26)
[172.998s][info][gc,heap        ] GC(408) Old regions: 652->652
[172.998s][info][gc,heap        ] GC(408) Humongous regions: 10->10
[172.998s][info][gc,metaspace   ] GC(408) Metaspace: 18510K(18688K)->18510K(18688K) NonClass: 15846K(15936K)->15846K(15936K) Class: 2664K(2752K)->2664K(2752K)
[172.998s][info][gc             ] GC(408) Pause Young (Concurrent Start) (G1 Evacuation Pause) 864M->678M(978M) 23.063ms
[172.998s][info][gc,cpu         ] GC(408) User=0.05s Sys=0.00s Real=0.02s
[172.998s][info][gc             ] GC(409) Concurrent Mark Cycle
[172.998s][info][gc,marking     ] GC(409) Concurrent Scan Root Regions
[173.032s][info][gc,marking     ] GC(409) Concurrent Scan Root Regions 33.858ms
[173.032s][info][gc,marking     ] GC(409) Concurrent Mark
[173.032s][info][gc,marking     ] GC(409) Concurrent Mark From Roots
[173.032s][info][gc,task        ] GC(409) Using 1 workers of 1 for marking
[173.352s][info][gc,start       ] GC(410) Pause Young (Normal) (G1 Evacuation Pause)
[173.352s][info][gc,task        ] GC(410) Using 2 workers of 2 for evacuation
[173.379s][info][gc,phases      ] GC(410)   Pre Evacuate Collection Set: 0.33ms
[173.379s][info][gc,phases      ] GC(410)   Merge Heap Roots: 0.21ms
[173.379s][info][gc,phases      ] GC(410)   Evacuate Collection Set: 26.12ms
[173.379s][info][gc,phases      ] GC(410)   Post Evacuate Collection Set: 0.40ms
[173.379s][info][gc,phases      ] GC(410)   Other: 0.09ms
[173.379s][info][gc,heap        ] GC(410) Eden regions: 199->0(210)
[173.379s][info][gc,heap        ] GC(410) Survivor regions: 18->5(28)
[173.379s][info][gc,heap        ] GC(410) Old regions: 652->669
[173.379s][info][gc,heap        ] GC(410) Humongous regions: 10->10
[173.379s][info][gc,metaspace   ] GC(410) Metaspace: 18510K(18688K)->18510K(18688K) NonClass: 15846K(15936K)->15846K(15936K) Class: 2664K(2752K)->2664K(2752K)
[173.379s][info][gc             ] GC(410) Pause Young (Normal) (G1 Evacuation Pause) 877M->683M(978M) 27.344ms
[173.379s][info][gc,cpu         ] GC(410) User=0.05s Sys=0.00s Real=0.02s
[173.914s][info][gc,start       ] GC(411) Pause Young (Normal) (G1 Evacuation Pause)
[173.914s][info][gc,task        ] GC(411) Using 2 workers of 2 for evacuation
[173.943s][info][gc,phases      ] GC(411)   Pre Evacuate Collection Set: 0.48ms
[173.943s][info][gc,phases      ] GC(411)   Merge Heap Roots: 0.15ms
[173.943s][info][gc,phases      ] GC(411)   Evacuate Collection Set: 27.33ms
[173.943s][info][gc,phases      ] GC(411)   Post Evacuate Collection Set: 0.45ms
[173.943s][info][gc,phases      ] GC(411)   Other: 0.10ms
[173.943s][info][gc,heap        ] GC(411) Eden regions: 210->0(196)
[173.943s][info][gc,heap        ] GC(411) Survivor regions: 5->25(27)
[173.943s][info][gc,heap        ] GC(411) Old regions: 669->669
[173.943s][info][gc,heap        ] GC(411) Humongous regions: 10->10
[173.943s][info][gc,metaspace   ] GC(411) Metaspace: 18510K(18688K)->18510K(18688K) NonClass: 15846K(15936K)->15846K(15936K) Class: 2664K(2752K)->2664K(2752K)
[173.943s][info][gc             ] GC(411) Pause Young (Normal) (G1 Evacuation Pause) 893M->703M(978M) 28.754ms
[173.943s][info][gc,cpu         ] GC(411) User=0.06s Sys=0.00s Real=0.03s
[174.380s][info][gc,marking     ] GC(409) Concurrent Mark From Roots 1347.846ms
[174.380s][info][gc,marking     ] GC(409) Concurrent Preclean
[174.380s][info][gc,marking     ] GC(409) Concurrent Preclean 0.035ms
[174.380s][info][gc,start       ] GC(409) Pause Remark
[174.387s][info][gc             ] GC(409) Pause Remark 831M->717M(978M) 7.247ms
[174.387s][info][gc,cpu         ] GC(409) User=0.01s Sys=0.00s Real=0.01s
[174.388s][info][gc,marking     ] GC(409) Concurrent Mark 1355.994ms
[174.388s][info][gc,marking     ] GC(409) Concurrent Rebuild Remembered Sets and Scrub Regions
[174.673s][info][gc,start       ] GC(412) Pause Young (Normal) (G1 Evacuation Pause)
[174.673s][info][gc,task        ] GC(412) Using 2 workers of 2 for evacuation
[174.708s][info][gc,phases      ] GC(412)   Pre Evacuate Collection Set: 0.50ms
[174.708s][info][gc,phases      ] GC(412)   Merge Heap Roots: 0.34ms
[174.708s][info][gc,phases      ] GC(412)   Evacuate Collection Set: 34.29ms
[174.708s][info][gc,phases      ] GC(412)   Post Evacuate Collection Set: 0.40ms
[174.708s][info][gc,phases      ] GC(412)   Other: 0.07ms
[174.708s][info][gc,heap        ] GC(412) Eden regions: 196->0(287)
[174.708s][info][gc,heap        ] GC(412) Survivor regions: 25->7(28)
[174.708s][info][gc,heap        ] GC(412) Old regions: 559->584
[174.708s][info][gc,heap        ] GC(412) Humongous regions: 6->6
[174.708s][info][gc,metaspace   ] GC(412) Metaspace: 18510K(18688K)->18510K(18688K) NonClass: 15846K(15936K)->15846K(15936K) Class: 2664K(2752K)->2664K(2752K)
[174.708s][info][gc             ] GC(412) Pause Young (Normal) (G1 Evacuation Pause) 785M->596M(978M) 35.826ms
[174.708s][info][gc,cpu         ] GC(412) User=0.07s Sys=0.00s Real=0.03s
[174.900s][info][gc,marking     ] GC(409) Concurrent Rebuild Remembered Sets and Scrub Regions 512.222ms
[174.900s][info][gc,start       ] GC(409) Pause Cleanup
[174.901s][info][gc             ] GC(409) Pause Cleanup 653M->653M(978M) 0.118ms
[174.901s][info][gc,cpu         ] GC(409) User=0.00s Sys=0.00s Real=0.00s
[174.901s][info][gc,marking     ] GC(409) Concurrent Clear Claimed Marks
[174.901s][info][gc,marking     ] GC(409) Concurrent Clear Claimed Marks 0.044ms
[174.901s][info][gc,marking     ] GC(409) Concurrent Cleanup for Next Mark
[174.906s][info][gc,marking     ] GC(409) Concurrent Cleanup for Next Mark 4.918ms
[174.906s][info][gc             ] GC(409) Concurrent Mark Cycle 1908.337ms
[175.394s][info][gc,start       ] GC(413) Pause Young (Prepare Mixed) (G1 Evacuation Pause)
[175.394s][info][gc,task        ] GC(413) Using 2 workers of 2 for evacuation
[175.426s][info][gc,phases      ] GC(413)   Pre Evacuate Collection Set: 0.50ms
[175.426s][info][gc,phases      ] GC(413)   Merge Heap Roots: 0.47ms
[175.426s][info][gc,phases      ] GC(413)   Evacuate Collection Set: 30.11ms
[175.426s][info][gc,phases      ] GC(413)   Post Evacuate Collection Set: 0.52ms
[175.426s][info][gc,phases      ] GC(413)   Other: 0.09ms
[175.426s][info][gc,heap        ] GC(413) Eden regions: 287->0(284)
[175.426s][info][gc,heap        ] GC(413) Survivor regions: 7->20(37)
[175.426s][info][gc,heap        ] GC(413) Old regions: 584->584
[175.426s][info][gc,heap        ] GC(413) Humongous regions: 6->6
[175.426s][info][gc,metaspace   ] GC(413) Metaspace: 18510K(18688K)->18510K(18688K) NonClass: 15846K(15936K)->15846K(15936K) Class: 2664K(2752K)->2664K(2752K)
[175.426s][info][gc             ] GC(413) Pause Young (Prepare Mixed) (G1 Evacuation Pause) 883M->609M(978M) 31.897ms
[175.426s][info][gc,cpu         ] GC(413) User=0.06s Sys=0.00s Real=0.03s
[175.720s][info][gc,start       ] GC(414) Pause Young (Mixed) (G1 Evacuation Pause)
[175.720s][info][gc,task        ] GC(414) Using 2 workers of 2 for evacuation
[175.794s][info][gc,phases      ] GC(414)   Pre Evacuate Collection Set: 0.30ms
[175.794s][info][gc,phases      ] GC(414)   Merge Heap Roots: 0.19ms
[175.794s][info][gc,phases      ] GC(414)   Evacuate Collection Set: 72.70ms
[175.794s][info][gc,phases      ] GC(414)   Post Evacuate Collection Set: 0.74ms
[175.794s][info][gc,phases      ] GC(414)   Other: 0.10ms
[175.794s][info][gc,heap        ] GC(414) Eden regions: 284->0(245)
[175.794s][info][gc,heap        ] GC(414) Survivor regions: 20->38(38)
[175.794s][info][gc,heap        ] GC(414) Old regions: 584->591
[175.794s][info][gc,heap        ] GC(414) Humongous regions: 6->6
[175.794s][info][gc,metaspace   ] GC(414) Metaspace: 18510K(18688K)->18510K(18688K) NonClass: 15846K(15936K)->15846K(15936K) Class: 2664K(2752K)->2664K(2752K)
[175.794s][info][gc             ] GC(414) Pause Young (Mixed) (G1 Evacuation Pause) 893M->634M(978M) 74.287ms
[175.794s][info][gc,cpu         ] GC(414) User=0.15s Sys=0.00s Real=0.08s
[175.892s][info][gc,start       ] GC(415) Pause Young (Concurrent Start) (G1 Humongous Allocation)
[175.892s][info][gc,task        ] GC(415) Using 2 workers of 2 for evacuation
[175.945s][info][gc,phases      ] GC(415)   Pre Evacuate Collection Set: 0.34ms
[175.946s][info][gc,phases      ] GC(415)   Merge Heap Roots: 0.43ms
[175.946s][info][gc,phases      ] GC(415)   Evacuate Collection Set: 52.13ms
[175.946s][info][gc,phases      ] GC(415)   Post Evacuate Collection Set: 0.43ms
[175.946s][info][gc,phases      ] GC(415)   Other: 0.08ms
[175.946s][info][gc,heap        ] GC(415) Eden regions: 57->0(252)
[175.946s][info][gc,heap        ] GC(415) Survivor regions: 38->6(36)
[175.946s][info][gc,heap        ] GC(415) Old regions: 591->629
[175.946s][info][gc,heap        ] GC(415) Humongous regions: 6->6
[175.946s][info][gc,metaspace   ] GC(415) Metaspace: 18510K(18688K)->18510K(18688K) NonClass: 15846K(15936K)->15846K(15936K) Class: 2664K(2752K)->2664K(2752K)
[175.946s][info][gc             ] GC(415) Pause Young (Concurrent Start) (G1 Humongous Allocation) 691M->640M(978M) 53.634ms
[175.946s][info][gc,cpu         ] GC(415) User=0.11s Sys=0.00s Real=0.05s
[175.946s][info][gc             ] GC(416) Concurrent Mark Cycle
[175.948s][info][gc,marking     ] GC(416) Concurrent Scan Root Regions
[175.999s][info][gc,marking     ] GC(416) Concurrent Scan Root Regions 51.140ms
[175.999s][info][gc,marking     ] GC(416) Concurrent Mark
[175.999s][info][gc,marking     ] GC(416) Concurrent Mark From Roots
[175.999s][info][gc,task        ] GC(416) Using 1 workers of 1 for marking
[176.454s][info][gc,start       ] GC(417) Pause Young (Normal) (G1 Evacuation Pause)
[176.454s][info][gc,task        ] GC(417) Using 2 workers of 2 for evacuation
[176.523s][info][gc,phases      ] GC(417)   Pre Evacuate Collection Set: 0.30ms
[176.523s][info][gc,phases      ] GC(417)   Merge Heap Roots: 0.33ms
[176.523s][info][gc,phases      ] GC(417)   Evacuate Collection Set: 68.02ms
[176.523s][info][gc,phases      ] GC(417)   Post Evacuate Collection Set: 0.57ms
[176.523s][info][gc,phases      ] GC(417)   Other: 0.07ms
[176.523s][info][gc,heap        ] GC(417) Eden regions: 252->0(205)
[176.523s][info][gc,heap        ] GC(417) Survivor regions: 6->33(33)
[176.523s][info][gc,heap        ] GC(417) Old regions: 629->648
[176.523s][info][gc,heap        ] GC(417) Humongous regions: 9->9
[176.523s][info][gc,metaspace   ] GC(417) Metaspace: 18510K(18688K)->18510K(18688K) NonClass: 15846K(15936K)->15846K(15936K) Class: 2664K(2752K)->2664K(2752K)
[176.523s][info][gc             ] GC(417) Pause Young (Normal) (G1 Evacuation Pause) 895M->689M(978M) 69.537ms
[176.523s][info][gc,cpu         ] GC(417) User=0.13s Sys=0.00s Real=0.07s
[176.846s][info][gc,start       ] GC(418) Pause Young (Normal) (G1 Evacuation Pause)
[176.846s][info][gc,task        ] GC(418) Using 2 workers of 2 for evacuation
[176.898s][info][gc,phases      ] GC(418)   Pre Evacuate Collection Set: 0.50ms
[176.898s][info][gc,phases      ] GC(418)   Merge Heap Roots: 0.36ms
[176.898s][info][gc,phases      ] GC(418)   Evacuate Collection Set: 50.44ms
[176.898s][info][gc,phases      ] GC(418)   Post Evacuate Collection Set: 0.40ms
[176.898s][info][gc,phases      ] GC(418)   Other: 0.08ms
[176.898s][info][gc,heap        ] GC(418) Eden regions: 205->0(214)
[176.898s][info][gc,heap        ] GC(418) Survivor regions: 33->5(30)
[176.898s][info][gc,heap        ] GC(418) Old regions: 648->681
[176.898s][info][gc,heap        ] GC(418) Humongous regions: 9->9
[176.898s][info][gc,metaspace   ] GC(418) Metaspace: 18510K(18688K)->18510K(18688K) NonClass: 15846K(15936K)->15846K(15936K) Class: 2664K(2752K)->2664K(2752K)
[176.898s][info][gc             ] GC(418) Pause Young (Normal) (G1 Evacuation Pause) 894M->694M(978M) 51.982ms
[176.898s][info][gc,cpu         ] GC(418) User=0.10s Sys=0.00s Real=0.05s
[177.338s][info][gc,start       ] GC(419) Pause Young (Normal) (G1 Evacuation Pause)
[177.338s][info][gc,task        ] GC(419) Using 2 workers of 2 for evacuation
[177.356s][info][gc,phases      ] GC(419)   Pre Evacuate Collection Set: 0.28ms
[177.356s][info][gc,phases      ] GC(419)   Merge Heap Roots: 0.23ms
[177.356s][info][gc,phases      ] GC(419)   Evacuate Collection Set: 16.79ms
[177.356s][info][gc,phases      ] GC(419)   Post Evacuate Collection Set: 0.39ms
[177.356s][info][gc,phases      ] GC(419)   Other: 0.08ms
[177.356s][info][gc,heap        ] GC(419) Eden regions: 214->0(219)
[177.356s][info][gc,heap        ] GC(419) Survivor regions: 5->9(28)
[177.356s][info][gc,heap        ] GC(419) Old regions: 681->681
[177.356s][info][gc,heap        ] GC(419) Humongous regions: 9->9
[177.356s][info][gc,metaspace   ] GC(419) Metaspace: 18510K(18688K)->18510K(18688K) NonClass: 15846K(15936K)->15846K(15936K) Class: 2664K(2752K)->2664K(2752K)
[177.356s][info][gc             ] GC(419) Pause Young (Normal) (G1 Evacuation Pause) 908M->698M(978M) 18.000ms
[177.356s][info][gc,cpu         ] GC(419) User=0.04s Sys=0.00s Real=0.02s
[177.652s][info][gc,marking     ] GC(416) Concurrent Mark From Roots 1653.046ms
[177.652s][info][gc,marking     ] GC(416) Concurrent Preclean
[177.652s][info][gc,marking     ] GC(416) Concurrent Preclean 0.066ms
[177.654s][info][gc,start       ] GC(416) Pause Remark
[177.661s][info][gc             ] GC(416) Pause Remark 784M->772M(978M) 7.061ms
[177.661s][info][gc,cpu         ] GC(416) User=0.01s Sys=0.00s Real=0.01s
[177.661s][info][gc,marking     ] GC(416) Concurrent Mark 1662.045ms
[177.661s][info][gc,marking     ] GC(416) Concurrent Rebuild Remembered Sets and Scrub Regions
[177.947s][info][gc,start       ] GC(420) Pause Young (Normal) (G1 Evacuation Pause)
[177.947s][info][gc,task        ] GC(420) Using 2 workers of 2 for evacuation
[178.001s][info][gc,phases      ] GC(420)   Pre Evacuate Collection Set: 0.27ms
[178.001s][info][gc,phases      ] GC(420)   Merge Heap Roots: 0.53ms
[178.001s][info][gc,phases      ] GC(420)   Evacuate Collection Set: 52.47ms
[178.001s][info][gc,phases      ] GC(420)   Post Evacuate Collection Set: 0.50ms
[178.001s][info][gc,phases      ] GC(420)   Other: 0.09ms
[178.001s][info][gc,heap        ] GC(420) Eden regions: 219->0(185)
[178.001s][info][gc,heap        ] GC(420) Survivor regions: 9->29(29)
[178.001s][info][gc,heap        ] GC(420) Old regions: 669->676
[178.001s][info][gc,heap        ] GC(420) Humongous regions: 9->9
[178.001s][info][gc,metaspace   ] GC(420) Metaspace: 18510K(18688K)->18510K(18688K) NonClass: 15846K(15936K)->15846K(15936K) Class: 2664K(2752K)->2664K(2752K)
[178.001s][info][gc             ] GC(420) Pause Young (Normal) (G1 Evacuation Pause) 905M->713M(978M) 54.063ms
[178.001s][info][gc,cpu         ] GC(420) User=0.11s Sys=0.00s Real=0.05s
[178.441s][info][gc,marking     ] GC(416) Concurrent Rebuild Remembered Sets and Scrub Regions 779.306ms
[178.441s][info][gc,start       ] GC(416) Pause Cleanup
[178.441s][info][gc             ] GC(416) Pause Cleanup 885M->885M(978M) 0.103ms
[178.441s][info][gc,cpu         ] GC(416) User=0.00s Sys=0.00s Real=0.00s
[178.441s][info][gc,marking     ] GC(416) Concurrent Clear Claimed Marks
[178.441s][info][gc,marking     ] GC(416) Concurrent Clear Claimed Marks 0.024ms
[178.441s][info][gc,marking     ] GC(416) Concurrent Cleanup for Next Mark
[178.444s][info][gc,marking     ] GC(416) Concurrent Cleanup for Next Mark 2.823ms
[178.444s][info][gc             ] GC(416) Concurrent Mark Cycle 2498.082ms
[178.464s][info][gc,start       ] GC(421) Pause Young (Prepare Mixed) (G1 Evacuation Pause)
[178.464s][info][gc,task        ] GC(421) Using 2 workers of 2 for evacuation
[178.509s][info][gc,phases      ] GC(421)   Pre Evacuate Collection Set: 0.47ms
[178.509s][info][gc,phases      ] GC(421)   Merge Heap Roots: 0.40ms
[178.509s][info][gc,phases      ] GC(421)   Evacuate Collection Set: 43.28ms
[178.509s][info][gc,phases      ] GC(421)   Post Evacuate Collection Set: 0.65ms
[178.509s][info][gc,phases      ] GC(421)   Other: 0.09ms
[178.509s][info][gc,heap        ] GC(421) Eden regions: 185->0(200)
[178.509s][info][gc,heap        ] GC(421) Survivor regions: 29->7(27)
[178.509s][info][gc,heap        ] GC(421) Old regions: 676->705
[178.509s][info][gc,heap        ] GC(421) Humongous regions: 9->9
[178.509s][info][gc,metaspace   ] GC(421) Metaspace: 18511K(18688K)->18511K(18688K) NonClass: 15847K(15936K)->15847K(15936K) Class: 2664K(2752K)->2664K(2752K)
[178.509s][info][gc             ] GC(421) Pause Young (Prepare Mixed) (G1 Evacuation Pause) 898M->720M(978M) 45.062ms
[178.509s][info][gc,cpu         ] GC(421) User=0.09s Sys=0.00s Real=0.04s
[178.725s][info][gc,start       ] GC(422) Pause Young (Mixed) (G1 Evacuation Pause)
[178.725s][info][gc,task        ] GC(422) Using 2 workers of 2 for evacuation
[178.790s][info][gc,phases      ] GC(422)   Pre Evacuate Collection Set: 0.28ms
[178.791s][info][gc,phases      ] GC(422)   Merge Heap Roots: 0.69ms
[178.791s][info][gc,phases      ] GC(422)   Evacuate Collection Set: 63.67ms
[178.791s][info][gc,phases      ] GC(422)   Post Evacuate Collection Set: 0.74ms
[178.791s][info][gc,phases      ] GC(422)   Other: 0.11ms
[178.791s][info][gc,heap        ] GC(422) Eden regions: 200->0(22)
[178.791s][info][gc,heap        ] GC(422) Survivor regions: 7->26(26)
[178.791s][info][gc,heap        ] GC(422) Old regions: 705->699
[178.791s][info][gc,heap        ] GC(422) Humongous regions: 9->9
[178.791s][info][gc,metaspace   ] GC(422) Metaspace: 18516K(18688K)->18516K(18688K) NonClass: 15852K(15936K)->15852K(15936K) Class: 2664K(2752K)->2664K(2752K)
[178.791s][info][gc             ] GC(422) Pause Young (Mixed) (G1 Evacuation Pause) 920M->733M(978M) 65.757ms
[178.791s][info][gc,cpu         ] GC(422) User=0.13s Sys=0.00s Real=0.06s
[178.831s][info][gc,start       ] GC(423) Pause Young (Mixed) (G1 Evacuation Pause)
[178.831s][info][gc,task        ] GC(423) Using 2 workers of 2 for evacuation
[179.018s][info][gc,phases      ] GC(423)   Pre Evacuate Collection Set: 0.45ms
[179.018s][info][gc,phases      ] GC(423)   Merge Heap Roots: 1.56ms
[179.018s][info][gc,phases      ] GC(423)   Evacuate Collection Set: 184.77ms
[179.018s][info][gc,phases      ] GC(423)   Post Evacuate Collection Set: 0.29ms
[179.018s][info][gc,phases      ] GC(423)   Other: 0.08ms
[179.018s][info][gc,heap        ] GC(423) Eden regions: 22->0(181)
[179.018s][info][gc,heap        ] GC(423) Survivor regions: 26->5(6)
[179.018s][info][gc,heap        ] GC(423) Old regions: 699->724
[179.018s][info][gc,heap        ] GC(423) Humongous regions: 9->9
[179.018s][info][gc,metaspace   ] GC(423) Metaspace: 18516K(18688K)->18516K(18688K) NonClass: 15852K(15936K)->15852K(15936K) Class: 2664K(2752K)->2664K(2752K)
[179.018s][info][gc             ] GC(423) Pause Young (Mixed) (G1 Evacuation Pause) 755M->737M(978M) 187.371ms
[179.018s][info][gc,cpu         ] GC(423) User=0.37s Sys=0.00s Real=0.19s
[179.255s][info][gc,start       ] GC(424) Pause Young (Concurrent Start) (G1 Evacuation Pause)
[179.255s][info][gc,task        ] GC(424) Using 2 workers of 2 for evacuation
[179.268s][info][gc,phases      ] GC(424)   Pre Evacuate Collection Set: 0.31ms
[179.268s][info][gc,phases      ] GC(424)   Merge Heap Roots: 0.16ms
[179.268s][info][gc,phases      ] GC(424)   Evacuate Collection Set: 11.92ms
[179.268s][info][gc,phases      ] GC(424)   Post Evacuate Collection Set: 0.41ms
[179.268s][info][gc,phases      ] GC(424)   Other: 0.09ms
[179.268s][info][gc,heap        ] GC(424) Eden regions: 181->0(175)
[179.268s][info][gc,heap        ] GC(424) Survivor regions: 5->10(24)
[179.268s][info][gc,heap        ] GC(424) Old regions: 724->724
[179.268s][info][gc,heap        ] GC(424) Humongous regions: 9->9
[179.268s][info][gc,metaspace   ] GC(424) Metaspace: 18521K(18688K)->18521K(18688K) NonClass: 15857K(15936K)->15857K(15936K) Class: 2664K(2752K)->2664K(2752K)
[179.268s][info][gc             ] GC(424) Pause Young (Concurrent Start) (G1 Evacuation Pause) 918M->742M(978M) 13.088ms
[179.269s][info][gc,cpu         ] GC(424) User=0.03s Sys=0.00s Real=0.01s
[179.269s][info][gc             ] GC(425) Concurrent Mark Cycle
[179.269s][info][gc,marking     ] GC(425) Concurrent Scan Root Regions
[179.291s][info][gc,marking     ] GC(425) Concurrent Scan Root Regions 22.369ms
[179.291s][info][gc,marking     ] GC(425) Concurrent Mark
[179.291s][info][gc,marking     ] GC(425) Concurrent Mark From Roots
[179.291s][info][gc,task        ] GC(425) Using 1 workers of 1 for marking
[179.883s][info][gc,start       ] GC(426) Pause Young (Normal) (G1 Evacuation Pause)
[179.883s][info][gc,task        ] GC(426) Using 2 workers of 2 for evacuation
[179.895s][info][gc,phases      ] GC(426)   Pre Evacuate Collection Set: 0.50ms
[179.895s][info][gc,phases      ] GC(426)   Merge Heap Roots: 0.13ms
[179.895s][info][gc,phases      ] GC(426)   Evacuate Collection Set: 11.35ms
[179.895s][info][gc,phases      ] GC(426)   Post Evacuate Collection Set: 0.40ms
[179.895s][info][gc,phases      ] GC(426)   Other: 0.10ms
[179.895s][info][gc,heap        ] GC(426) Eden regions: 175->0(173)
[179.895s][info][gc,heap        ] GC(426) Survivor regions: 10->11(24)
[179.895s][info][gc,heap        ] GC(426) Old regions: 724->724
[179.895s][info][gc,heap        ] GC(426) Humongous regions: 9->9
[179.895s][info][gc,metaspace   ] GC(426) Metaspace: 18521K(18688K)->18521K(18688K) NonClass: 15857K(15936K)->15857K(15936K) Class: 2664K(2752K)->2664K(2752K)
[179.895s][info][gc             ] GC(426) Pause Young (Normal) (G1 Evacuation Pause) 917M->743M(978M) 12.707ms
[179.895s][info][gc,cpu         ] GC(426) User=0.02s Sys=0.00s Real=0.01s
[180.252s][info][gc,start       ] GC(427) Pause Young (Normal) (G1 Evacuation Pause)
[180.252s][info][gc,task        ] GC(427) Using 2 workers of 2 for evacuation
[180.278s][info][gc,phases      ] GC(427)   Pre Evacuate Collection Set: 0.52ms
[180.278s][info][gc,phases      ] GC(427)   Merge Heap Roots: 0.13ms
[180.278s][info][gc,phases      ] GC(427)   Evacuate Collection Set: 25.36ms
[180.278s][info][gc,phases      ] GC(427)   Post Evacuate Collection Set: 0.38ms
[180.278s][info][gc,phases      ] GC(427)   Other: 0.08ms
[180.278s][info][gc,heap        ] GC(427) Eden regions: 173->0(147)
[180.278s][info][gc,heap        ] GC(427) Survivor regions: 11->23(23)
[180.278s][info][gc,heap        ] GC(427) Old regions: 724->726
[180.278s][info][gc,heap        ] GC(427) Humongous regions: 9->9
[180.278s][info][gc,metaspace   ] GC(427) Metaspace: 18523K(18688K)->18523K(18688K) NonClass: 15859K(15936K)->15859K(15936K) Class: 2664K(2752K)->2664K(2752K)
[180.278s][info][gc             ] GC(427) Pause Young (Normal) (G1 Evacuation Pause) 916M->757M(978M) 26.717ms
[180.278s][info][gc,cpu         ] GC(427) User=0.05s Sys=0.00s Real=0.02s
[180.465s][info][gc,marking     ] GC(425) Concurrent Mark From Roots 1174.276ms
[180.465s][info][gc,marking     ] GC(425) Concurrent Preclean
[180.465s][info][gc,marking     ] GC(425) Concurrent Preclean 0.038ms
[180.466s][info][gc,start       ] GC(425) Pause Remark
[180.473s][info][gc             ] GC(425) Pause Remark 852M->575M(978M) 7.435ms
[180.473s][info][gc,cpu         ] GC(425) User=0.02s Sys=0.00s Real=0.01s
[180.473s][info][gc,marking     ] GC(425) Concurrent Mark 1182.108ms
[180.473s][info][gc,marking     ] GC(425) Concurrent Rebuild Remembered Sets and Scrub Regions
[180.539s][info][gc,start       ] GC(428) Pause Young (Normal) (G1 Evacuation Pause)
[180.539s][info][gc,task        ] GC(428) Using 2 workers of 2 for evacuation
[180.602s][info][gc,phases      ] GC(428)   Pre Evacuate Collection Set: 0.49ms
[180.602s][info][gc,phases      ] GC(428)   Merge Heap Roots: 0.14ms
[180.602s][info][gc,phases      ] GC(428)   Evacuate Collection Set: 61.28ms
[180.602s][info][gc,phases      ] GC(428)   Post Evacuate Collection Set: 0.53ms
[180.602s][info][gc,phases      ] GC(428)   Other: 0.07ms
[180.602s][info][gc,heap        ] GC(428) Eden regions: 147->0(339)
[180.602s][info][gc,heap        ] GC(428) Survivor regions: 23->22(22)
[180.602s][info][gc,heap        ] GC(428) Old regions: 454->496
[180.602s][info][gc,heap        ] GC(428) Humongous regions: 4->4
[180.602s][info][gc,metaspace   ] GC(428) Metaspace: 18523K(18688K)->18523K(18688K) NonClass: 15859K(15936K)->15859K(15936K) Class: 2664K(2752K)->2664K(2752K)
[180.602s][info][gc             ] GC(428) Pause Young (Normal) (G1 Evacuation Pause) 627M->521M(978M) 62.697ms
[180.602s][info][gc,cpu         ] GC(428) User=0.12s Sys=0.00s Real=0.07s
[180.894s][info][gc,marking     ] GC(425) Concurrent Rebuild Remembered Sets and Scrub Regions 421.368ms
[180.895s][info][gc,start       ] GC(425) Pause Cleanup
[180.895s][info][gc             ] GC(425) Pause Cleanup 649M->649M(978M) 0.118ms
[180.895s][info][gc,cpu         ] GC(425) User=0.00s Sys=0.00s Real=0.00s
[180.895s][info][gc,marking     ] GC(425) Concurrent Clear Claimed Marks
[180.895s][info][gc,marking     ] GC(425) Concurrent Clear Claimed Marks 0.033ms
[180.895s][info][gc,marking     ] GC(425) Concurrent Cleanup for Next Mark
[180.900s][info][gc,marking     ] GC(425) Concurrent Cleanup for Next Mark 4.866ms
[180.900s][info][gc             ] GC(425) Concurrent Mark Cycle 1631.283ms
[181.167s][info][gc,start       ] GC(429) Pause Young (Prepare Mixed) (G1 Evacuation Pause)
[181.167s][info][gc,task        ] GC(429) Using 2 workers of 2 for evacuation
[181.271s][info][gc,phases      ] GC(429)   Pre Evacuate Collection Set: 0.32ms
[181.271s][info][gc,phases      ] GC(429)   Merge Heap Roots: 0.33ms
[181.271s][info][gc,phases      ] GC(429)   Evacuate Collection Set: 102.47ms
[181.271s][info][gc,phases      ] GC(429)   Post Evacuate Collection Set: 0.80ms
[181.271s][info][gc,phases      ] GC(429)   Other: 0.09ms
[181.271s][info][gc,heap        ] GC(429) Eden regions: 339->0(276)
[181.271s][info][gc,heap        ] GC(429) Survivor regions: 22->46(46)
[181.271s][info][gc,heap        ] GC(429) Old regions: 496->534
[181.271s][info][gc,heap        ] GC(429) Humongous regions: 7->7
[181.271s][info][gc,metaspace   ] GC(429) Metaspace: 18523K(18688K)->18523K(18688K) NonClass: 15859K(15936K)->15859K(15936K) Class: 2664K(2752K)->2664K(2752K)
[181.271s][info][gc             ] GC(429) Pause Young (Prepare Mixed) (G1 Evacuation Pause) 863M->586M(978M) 104.289ms
[181.271s][info][gc,cpu         ] GC(429) User=0.21s Sys=0.00s Real=0.11s
[181.561s][info][gc,start       ] GC(430) Pause Young (Mixed) (G1 Evacuation Pause)
[181.561s][info][gc,task        ] GC(430) Using 2 workers of 2 for evacuation
[181.655s][info][gc,phases      ] GC(430)   Pre Evacuate Collection Set: 0.33ms
[181.656s][info][gc,phases      ] GC(430)   Merge Heap Roots: 0.67ms
[181.656s][info][gc,phases      ] GC(430)   Evacuate Collection Set: 92.91ms
[181.656s][info][gc,phases      ] GC(430)   Post Evacuate Collection Set: 0.58ms
[181.656s][info][gc,phases      ] GC(430)   Other: 0.08ms
[181.656s][info][gc,heap        ] GC(430) Eden regions: 276->0(288)
[181.656s][info][gc,heap        ] GC(430) Survivor regions: 46->27(41)
[181.656s][info][gc,heap        ] GC(430) Old regions: 534->540
[181.656s][info][gc,heap        ] GC(430) Humongous regions: 7->7
[181.656s][info][gc,metaspace   ] GC(430) Metaspace: 18523K(18688K)->18523K(18688K) NonClass: 15859K(15936K)->15859K(15936K) Class: 2664K(2752K)->2664K(2752K)
[181.656s][info][gc             ] GC(430) Pause Young (Mixed) (G1 Evacuation Pause) 862M->573M(978M) 94.807ms
[181.656s][info][gc,cpu         ] GC(430) User=0.18s Sys=0.00s Real=0.10s
[181.988s][info][gc,start       ] GC(431) Pause Young (Concurrent Start) (G1 Evacuation Pause)
[181.988s][info][gc,task        ] GC(431) Using 2 workers of 2 for evacuation
[182.034s][info][gc,phases      ] GC(431)   Pre Evacuate Collection Set: 0.30ms
[182.034s][info][gc,phases      ] GC(431)   Merge Heap Roots: 0.42ms
[182.034s][info][gc,phases      ] GC(431)   Evacuate Collection Set: 45.53ms
[182.034s][info][gc,phases      ] GC(431)   Post Evacuate Collection Set: 0.49ms
[182.035s][info][gc,phases      ] GC(431)   Other: 0.09ms
[182.035s][info][gc,heap        ] GC(431) Eden regions: 288->0(294)
[182.035s][info][gc,heap        ] GC(431) Survivor regions: 27->11(40)
[182.035s][info][gc,heap        ] GC(431) Old regions: 540->566
[182.035s][info][gc,heap        ] GC(431) Humongous regions: 7->7
[182.035s][info][gc,metaspace   ] GC(431) Metaspace: 18523K(18688K)->18523K(18688K) NonClass: 15859K(15936K)->15859K(15936K) Class: 2664K(2752K)->2664K(2752K)
[182.035s][info][gc             ] GC(431) Pause Young (Concurrent Start) (G1 Evacuation Pause) 861M->583M(978M) 47.025ms
[182.035s][info][gc,cpu         ] GC(431) User=0.09s Sys=0.00s Real=0.05s
[182.035s][info][gc             ] GC(432) Concurrent Mark Cycle
[182.037s][info][gc,marking     ] GC(432) Concurrent Scan Root Regions
[182.107s][info][gc,marking     ] GC(432) Concurrent Scan Root Regions 70.191ms
[182.107s][info][gc,marking     ] GC(432) Concurrent Mark
[182.107s][info][gc,marking     ] GC(432) Concurrent Mark From Roots
[182.107s][info][gc,task        ] GC(432) Using 1 workers of 1 for marking
[182.572s][info][gc,start       ] GC(433) Pause Young (Normal) (G1 Evacuation Pause)
[182.573s][info][gc,task        ] GC(433) Using 2 workers of 2 for evacuation
[182.662s][info][gc,phases      ] GC(433)   Pre Evacuate Collection Set: 0.51ms
[182.662s][info][gc,phases      ] GC(433)   Merge Heap Roots: 0.30ms
[182.662s][info][gc,phases      ] GC(433)   Evacuate Collection Set: 87.63ms
[182.662s][info][gc,phases      ] GC(433)   Post Evacuate Collection Set: 0.65ms
[182.662s][info][gc,phases      ] GC(433)   Other: 0.08ms
[182.662s][info][gc,heap        ] GC(433) Eden regions: 294->0(223)
[182.662s][info][gc,heap        ] GC(433) Survivor regions: 11->39(39)
[182.662s][info][gc,heap        ] GC(433) Old regions: 566->606
[182.662s][info][gc,heap        ] GC(433) Humongous regions: 8->8
[182.662s][info][gc,metaspace   ] GC(433) Metaspace: 18524K(18688K)->18524K(18688K) NonClass: 15860K(15936K)->15860K(15936K) Class: 2664K(2752K)->2664K(2752K)
[182.662s][info][gc             ] GC(433) Pause Young (Normal) (G1 Evacuation Pause) 878M->652M(978M) 89.425ms
[182.662s][info][gc,cpu         ] GC(433) User=0.18s Sys=0.00s Real=0.09s
[183.087s][info][gc,marking     ] GC(432) Concurrent Mark From Roots 980.238ms
[183.088s][info][gc,marking     ] GC(432) Concurrent Preclean
[183.088s][info][gc,marking     ] GC(432) Concurrent Preclean 0.031ms
[183.088s][info][gc,start       ] GC(432) Pause Remark
[183.095s][info][gc             ] GC(432) Pause Remark 750M->577M(978M) 7.155ms
[183.095s][info][gc,cpu         ] GC(432) User=0.01s Sys=0.00s Real=0.01s
[183.095s][info][gc,marking     ] GC(432) Concurrent Mark 987.751ms
[183.095s][info][gc,marking     ] GC(432) Concurrent Rebuild Remembered Sets and Scrub Regions
[183.359s][info][gc,start       ] GC(434) Pause Young (Normal) (G1 Evacuation Pause)
[183.359s][info][gc,task        ] GC(434) Using 2 workers of 2 for evacuation
[183.431s][info][gc,phases      ] GC(434)   Pre Evacuate Collection Set: 0.49ms
[183.431s][info][gc,phases      ] GC(434)   Merge Heap Roots: 0.97ms
[183.431s][info][gc,phases      ] GC(434)   Evacuate Collection Set: 69.96ms
[183.431s][info][gc,phases      ] GC(434)   Post Evacuate Collection Set: 0.48ms
[183.431s][info][gc,phases      ] GC(434)   Other: 0.11ms
[183.431s][info][gc,heap        ] GC(434) Eden regions: 223->0(332)
[183.431s][info][gc,heap        ] GC(434) Survivor regions: 39->21(33)
[183.431s][info][gc,heap        ] GC(434) Old regions: 436->476
[183.431s][info][gc,heap        ] GC(434) Humongous regions: 5->5
[183.431s][info][gc,metaspace   ] GC(434) Metaspace: 18524K(18688K)->18524K(18688K) NonClass: 15860K(15936K)->15860K(15936K) Class: 2664K(2752K)->2664K(2752K)
[183.431s][info][gc             ] GC(434) Pause Young (Normal) (G1 Evacuation Pause) 702M->500M(978M) 72.268ms
[183.431s][info][gc,cpu         ] GC(434) User=0.14s Sys=0.00s Real=0.08s
[183.506s][info][gc,marking     ] GC(432) Concurrent Rebuild Remembered Sets and Scrub Regions 410.923ms
[183.506s][info][gc,start       ] GC(432) Pause Cleanup
[183.506s][info][gc             ] GC(432) Pause Cleanup 574M->574M(978M) 0.122ms
[183.506s][info][gc,cpu         ] GC(432) User=0.00s Sys=0.00s Real=0.00s
[183.506s][info][gc,marking     ] GC(432) Concurrent Clear Claimed Marks
[183.506s][info][gc,marking     ] GC(432) Concurrent Clear Claimed Marks 0.029ms
[183.506s][info][gc,marking     ] GC(432) Concurrent Cleanup for Next Mark
[183.513s][info][gc,marking     ] GC(432) Concurrent Cleanup for Next Mark 6.422ms
[183.513s][info][gc             ] GC(432) Concurrent Mark Cycle 1478.266ms
[183.850s][info][gc,start       ] GC(435) Pause Young (Prepare Mixed) (G1 Evacuation Pause)
[183.850s][info][gc,task        ] GC(435) Using 2 workers of 2 for evacuation
[183.892s][info][gc,phases      ] GC(435)   Pre Evacuate Collection Set: 0.29ms
[183.892s][info][gc,phases      ] GC(435)   Merge Heap Roots: 0.23ms
[183.892s][info][gc,phases      ] GC(435)   Evacuate Collection Set: 41.26ms
[183.892s][info][gc,phases      ] GC(435)   Post Evacuate Collection Set: 0.55ms
[183.892s][info][gc,phases      ] GC(435)   Other: 0.08ms
[183.892s][info][gc,heap        ] GC(435) Eden regions: 332->0(329)
[183.892s][info][gc,heap        ] GC(435) Survivor regions: 21->40(45)
[183.892s][info][gc,heap        ] GC(435) Old regions: 476->476
[183.892s][info][gc,heap        ] GC(435) Humongous regions: 5->5
[183.892s][info][gc,metaspace   ] GC(435) Metaspace: 18524K(18688K)->18524K(18688K) NonClass: 15860K(15936K)->15860K(15936K) Class: 2664K(2752K)->2664K(2752K)
[183.892s][info][gc             ] GC(435) Pause Young (Prepare Mixed) (G1 Evacuation Pause) 832M->519M(978M) 42.633ms
[183.892s][info][gc,cpu         ] GC(435) User=0.09s Sys=0.00s Real=0.05s
[184.565s][info][gc,start       ] GC(436) Pause Young (Mixed) (G1 Evacuation Pause)
[184.565s][info][gc,task        ] GC(436) Using 2 workers of 2 for evacuation
[184.608s][info][gc,phases      ] GC(436)   Pre Evacuate Collection Set: 0.35ms
[184.608s][info][gc,phases      ] GC(436)   Merge Heap Roots: 0.32ms
[184.608s][info][gc,phases      ] GC(436)   Evacuate Collection Set: 41.62ms
[184.608s][info][gc,phases      ] GC(436)   Post Evacuate Collection Set: 0.58ms
[184.608s][info][gc,phases      ] GC(436)   Other: 0.10ms
[184.608s][info][gc,heap        ] GC(436) Eden regions: 329->0(386)
[184.608s][info][gc,heap        ] GC(436) Survivor regions: 40->20(47)
[184.608s][info][gc,heap        ] GC(436) Old regions: 476->455
[184.608s][info][gc,heap        ] GC(436) Humongous regions: 5->5
[184.608s][info][gc,metaspace   ] GC(436) Metaspace: 18524K(18688K)->18524K(18688K) NonClass: 15860K(15936K)->15860K(15936K) Class: 2664K(2752K)->2664K(2752K)
[184.608s][info][gc             ] GC(436) Pause Young (Mixed) (G1 Evacuation Pause) 848M->478M(978M) 43.171ms
[184.608s][info][gc,cpu         ] GC(436) User=0.08s Sys=0.00s Real=0.04s
[185.073s][info][gc,start       ] GC(437) Pause Young (Concurrent Start) (G1 Evacuation Pause)
[185.073s][info][gc,task        ] GC(437) Using 2 workers of 2 for evacuation
[185.163s][info][gc,phases      ] GC(437)   Pre Evacuate Collection Set: 0.35ms
[185.163s][info][gc,phases      ] GC(437)   Merge Heap Roots: 0.28ms
[185.163s][info][gc,phases      ] GC(437)   Evacuate Collection Set: 87.77ms
[185.163s][info][gc,phases      ] GC(437)   Post Evacuate Collection Set: 0.81ms
[185.163s][info][gc,phases      ] GC(437)   Other: 0.22ms
[185.163s][info][gc,heap        ] GC(437) Eden regions: 386->0(301)
[185.163s][info][gc,heap        ] GC(437) Survivor regions: 20->51(51)
[185.163s][info][gc,heap        ] GC(437) Old regions: 455->492
[185.163s][info][gc,heap        ] GC(437) Humongous regions: 5->5
[185.163s][info][gc,metaspace   ] GC(437) Metaspace: 18535K(18752K)->18535K(18752K) NonClass: 15871K(16000K)->15871K(16000K) Class: 2664K(2752K)->2664K(2752K)
[185.163s][info][gc             ] GC(437) Pause Young (Concurrent Start) (G1 Evacuation Pause) 864M->547M(978M) 89.666ms
[185.163s][info][gc,cpu         ] GC(437) User=0.18s Sys=0.00s Real=0.09s
[185.163s][info][gc             ] GC(438) Concurrent Mark Cycle
[185.165s][info][gc,marking     ] GC(438) Concurrent Scan Root Regions
[185.262s][info][gc,marking     ] GC(438) Concurrent Scan Root Regions 97.121ms
[185.262s][info][gc,marking     ] GC(438) Concurrent Mark
[185.262s][info][gc,marking     ] GC(438) Concurrent Mark From Roots
[185.262s][info][gc,task        ] GC(438) Using 1 workers of 1 for marking
[186.025s][info][gc,marking     ] GC(438) Concurrent Mark From Roots 763.258ms
[186.025s][info][gc,marking     ] GC(438) Concurrent Preclean
[186.025s][info][gc,marking     ] GC(438) Concurrent Preclean 0.028ms
[186.030s][info][gc,start       ] GC(438) Pause Remark
[186.038s][info][gc             ] GC(438) Pause Remark 830M->688M(978M) 8.437ms
[186.038s][info][gc,cpu         ] GC(438) User=0.02s Sys=0.00s Real=0.01s
[186.038s][info][gc,marking     ] GC(438) Concurrent Mark 776.299ms
[186.038s][info][gc,marking     ] GC(438) Concurrent Rebuild Remembered Sets and Scrub Regions
[186.098s][info][gc,start       ] GC(439) Pause Young (Normal) (G1 Evacuation Pause)
[186.098s][info][gc,task        ] GC(439) Using 2 workers of 2 for evacuation
[186.205s][info][gc,phases      ] GC(439)   Pre Evacuate Collection Set: 0.28ms
[186.205s][info][gc,phases      ] GC(439)   Merge Heap Roots: 0.98ms
[186.205s][info][gc,phases      ] GC(439)   Evacuate Collection Set: 104.51ms
[186.205s][info][gc,phases      ] GC(439)   Post Evacuate Collection Set: 0.62ms
[186.205s][info][gc,phases      ] GC(439)   Other: 0.08ms
[186.205s][info][gc,heap        ] GC(439) Eden regions: 301->0(416)
[186.205s][info][gc,heap        ] GC(439) Survivor regions: 51->17(44)
[186.205s][info][gc,heap        ] GC(439) Old regions: 352->404
[186.205s][info][gc,heap        ] GC(439) Humongous regions: 6->6
[186.205s][info][gc,metaspace   ] GC(439) Metaspace: 18535K(18752K)->18535K(18752K) NonClass: 15871K(16000K)->15871K(16000K) Class: 2664K(2752K)->2664K(2752K)
[186.205s][info][gc             ] GC(439) Pause Young (Normal) (G1 Evacuation Pause) 709M->426M(978M) 106.731ms
[186.205s][info][gc,cpu         ] GC(439) User=0.21s Sys=0.00s Real=0.11s
[186.503s][info][gc,marking     ] GC(438) Concurrent Rebuild Remembered Sets and Scrub Regions 464.076ms
[186.503s][info][gc,start       ] GC(438) Pause Cleanup
[186.503s][info][gc             ] GC(438) Pause Cleanup 615M->615M(978M) 0.088ms
[186.503s][info][gc,cpu         ] GC(438) User=0.00s Sys=0.00s Real=0.00s
[186.503s][info][gc,marking     ] GC(438) Concurrent Clear Claimed Marks
[186.503s][info][gc,marking     ] GC(438) Concurrent Clear Claimed Marks 0.025ms
[186.503s][info][gc,marking     ] GC(438) Concurrent Cleanup for Next Mark
[186.506s][info][gc,marking     ] GC(438) Concurrent Cleanup for Next Mark 2.819ms
[186.506s][info][gc             ] GC(438) Concurrent Mark Cycle 1342.952ms
[186.737s][info][gc,start       ] GC(440) Pause Young (Prepare Mixed) (G1 Evacuation Pause)
[186.737s][info][gc,task        ] GC(440) Using 2 workers of 2 for evacuation
[186.831s][info][gc,phases      ] GC(440)   Pre Evacuate Collection Set: 0.50ms
[186.831s][info][gc,phases      ] GC(440)   Merge Heap Roots: 0.38ms
[186.831s][info][gc,phases      ] GC(440)   Evacuate Collection Set: 91.98ms
[186.831s][info][gc,phases      ] GC(440)   Post Evacuate Collection Set: 0.86ms
[186.831s][info][gc,phases      ] GC(440)   Other: 0.09ms
[186.831s][info][gc,heap        ] GC(440) Eden regions: 416->0(335)
[186.831s][info][gc,heap        ] GC(440) Survivor regions: 17->55(55)
[186.831s][info][gc,heap        ] GC(440) Old regions: 404->434
[186.831s][info][gc,heap        ] GC(440) Humongous regions: 6->6
[186.831s][info][gc,metaspace   ] GC(440) Metaspace: 18537K(18752K)->18537K(18752K) NonClass: 15873K(16000K)->15873K(16000K) Class: 2664K(2752K)->2664K(2752K)
[186.831s][info][gc             ] GC(440) Pause Young (Prepare Mixed) (G1 Evacuation Pause) 842M->494M(978M) 94.032ms
[186.831s][info][gc,cpu         ] GC(440) User=0.19s Sys=0.00s Real=0.09s
[187.292s][info][gc,start       ] GC(441) Pause Young (Mixed) (G1 Evacuation Pause)
[187.292s][info][gc,task        ] GC(441) Using 2 workers of 2 for evacuation
[187.392s][info][gc,phases      ] GC(441)   Pre Evacuate Collection Set: 0.38ms
[187.392s][info][gc,phases      ] GC(441)   Merge Heap Roots: 0.57ms
[187.392s][info][gc,phases      ] GC(441)   Evacuate Collection Set: 98.29ms
[187.392s][info][gc,phases      ] GC(441)   Post Evacuate Collection Set: 0.65ms
[187.392s][info][gc,phases      ] GC(441)   Other: 0.09ms
[187.392s][info][gc,heap        ] GC(441) Eden regions: 335->0(352)
[187.392s][info][gc,heap        ] GC(441) Survivor regions: 55->17(49)
[187.392s][info][gc,heap        ] GC(441) Old regions: 434->470
[187.392s][info][gc,heap        ] GC(441) Humongous regions: 9->9
[187.392s][info][gc,metaspace   ] GC(441) Metaspace: 18539K(18752K)->18539K(18752K) NonClass: 15875K(16000K)->15875K(16000K) Class: 2664K(2752K)->2664K(2752K)
[187.392s][info][gc             ] GC(441) Pause Young (Mixed) (G1 Evacuation Pause) 832M->495M(978M) 100.244ms
[187.392s][info][gc,cpu         ] GC(441) User=0.20s Sys=0.00s Real=0.10s
[187.913s][info][gc,start       ] GC(442) Pause Young (Concurrent Start) (G1 Evacuation Pause)
[187.914s][info][gc,task        ] GC(442) Using 2 workers of 2 for evacuation
[187.944s][info][gc,phases      ] GC(442)   Pre Evacuate Collection Set: 0.29ms
[187.944s][info][gc,phases      ] GC(442)   Merge Heap Roots: 0.29ms
[187.944s][info][gc,phases      ] GC(442)   Evacuate Collection Set: 28.93ms
[187.944s][info][gc,phases      ] GC(442)   Post Evacuate Collection Set: 0.62ms
[187.944s][info][gc,phases      ] GC(442)   Other: 0.12ms
[187.944s][info][gc,heap        ] GC(442) Eden regions: 352->0(377)
[187.944s][info][gc,heap        ] GC(442) Survivor regions: 17->17(47)
[187.944s][info][gc,heap        ] GC(442) Old regions: 470->470
[187.944s][info][gc,heap        ] GC(442) Humongous regions: 9->9
[187.944s][info][gc,metaspace   ] GC(442) Metaspace: 18539K(18752K)->18539K(18752K) NonClass: 15875K(16000K)->15875K(16000K) Class: 2664K(2752K)->2664K(2752K)
[187.944s][info][gc             ] GC(442) Pause Young (Concurrent Start) (G1 Evacuation Pause) 847M->495M(978M) 30.527ms
[187.944s][info][gc             ] GC(443) Concurrent Mark Cycle
[187.944s][info][gc,marking     ] GC(443) Concurrent Scan Root Regions
[187.945s][info][gc,cpu         ] GC(442) User=0.06s Sys=0.00s Real=0.03s
[188.004s][info][gc,marking     ] GC(443) Concurrent Scan Root Regions 59.494ms
[188.004s][info][gc,marking     ] GC(443) Concurrent Mark
[188.004s][info][gc,marking     ] GC(443) Concurrent Mark From Roots
[188.004s][info][gc,task        ] GC(443) Using 1 workers of 1 for marking
[188.931s][info][gc,start       ] GC(444) Pause Young (Normal) (G1 Evacuation Pause)
[188.931s][info][gc,task        ] GC(444) Using 2 workers of 2 for evacuation
[188.987s][info][gc,phases      ] GC(444)   Pre Evacuate Collection Set: 0.49ms
[188.987s][info][gc,phases      ] GC(444)   Merge Heap Roots: 0.37ms
[188.987s][info][gc,phases      ] GC(444)   Evacuate Collection Set: 53.73ms
[188.987s][info][gc,phases      ] GC(444)   Post Evacuate Collection Set: 0.67ms
[188.987s][info][gc,phases      ] GC(444)   Other: 0.10ms
[188.987s][info][gc,heap        ] GC(444) Eden regions: 377->0(362)
[188.987s][info][gc,heap        ] GC(444) Survivor regions: 17->37(50)
[188.987s][info][gc,heap        ] GC(444) Old regions: 470->470
[188.987s][info][gc,heap        ] GC(444) Humongous regions: 9->9
[188.987s][info][gc,metaspace   ] GC(444) Metaspace: 18539K(18752K)->18539K(18752K) NonClass: 15875K(16000K)->15875K(16000K) Class: 2664K(2752K)->2664K(2752K)
[188.987s][info][gc             ] GC(444) Pause Young (Normal) (G1 Evacuation Pause) 872M->515M(978M) 55.598ms
[188.987s][info][gc,cpu         ] GC(444) User=0.11s Sys=0.00s Real=0.05s
[189.399s][info][gc,marking     ] GC(443) Concurrent Mark From Roots 1395.676ms
[189.399s][info][gc,marking     ] GC(443) Concurrent Preclean
[189.399s][info][gc,marking     ] GC(443) Concurrent Preclean 0.032ms
[189.399s][info][gc,start       ] GC(443) Pause Remark
[189.406s][info][gc             ] GC(443) Pause Remark 753M->751M(978M) 6.936ms
[189.406s][info][gc,cpu         ] GC(443) User=0.01s Sys=0.00s Real=0.01s
[189.407s][info][gc,marking     ] GC(443) Concurrent Mark 1402.946ms
[189.407s][info][gc,marking     ] GC(443) Concurrent Rebuild Remembered Sets and Scrub Regions
[189.602s][info][gc,start       ] GC(445) Pause Young (Normal) (G1 Evacuation Pause)
[189.602s][info][gc,task        ] GC(445) Using 2 workers of 2 for evacuation
[189.672s][info][gc,phases      ] GC(445)   Pre Evacuate Collection Set: 0.44ms
[189.672s][info][gc,phases      ] GC(445)   Merge Heap Roots: 0.34ms
[189.672s][info][gc,phases      ] GC(445)   Evacuate Collection Set: 68.03ms
[189.672s][info][gc,phases      ] GC(445)   Post Evacuate Collection Set: 0.68ms
[189.672s][info][gc,phases      ] GC(445)   Other: 0.08ms
[189.672s][info][gc,heap        ] GC(445) Eden regions: 362->0(356)
[189.672s][info][gc,heap        ] GC(445) Survivor regions: 37->36(50)
[189.672s][info][gc,heap        ] GC(445) Old regions: 470->487
[189.672s][info][gc,heap        ] GC(445) Humongous regions: 7->7
[189.672s][info][gc,metaspace   ] GC(445) Metaspace: 18539K(18752K)->18539K(18752K) NonClass: 15875K(16000K)->15875K(16000K) Class: 2664K(2752K)->2664K(2752K)
[189.672s][info][gc             ] GC(445) Pause Young (Normal) (G1 Evacuation Pause) 875M->529M(978M) 69.787ms
[189.672s][info][gc,cpu         ] GC(445) User=0.13s Sys=0.00s Real=0.07s
[189.947s][info][gc,marking     ] GC(443) Concurrent Rebuild Remembered Sets and Scrub Regions 540.727ms
[189.947s][info][gc,start       ] GC(443) Pause Cleanup
[189.948s][info][gc             ] GC(443) Pause Cleanup 730M->730M(978M) 0.085ms
[189.948s][info][gc,cpu         ] GC(443) User=0.00s Sys=0.00s Real=0.00s
[189.948s][info][gc,marking     ] GC(443) Concurrent Clear Claimed Marks
[189.948s][info][gc,marking     ] GC(443) Concurrent Clear Claimed Marks 0.026ms
[189.948s][info][gc,marking     ] GC(443) Concurrent Cleanup for Next Mark
[189.950s][info][gc,marking     ] GC(443) Concurrent Cleanup for Next Mark 2.851ms
[189.951s][info][gc             ] GC(443) Concurrent Mark Cycle 2006.516ms
[190.111s][info][gc,start       ] GC(446) Pause Young (Prepare Mixed) (G1 Evacuation Pause)
[190.111s][info][gc,task        ] GC(446) Using 2 workers of 2 for evacuation
[190.189s][info][gc,phases      ] GC(446)   Pre Evacuate Collection Set: 0.29ms
[190.189s][info][gc,phases      ] GC(446)   Merge Heap Roots: 0.44ms
[190.189s][info][gc,phases      ] GC(446)   Evacuate Collection Set: 76.82ms
[190.190s][info][gc,phases      ] GC(446)   Post Evacuate Collection Set: 0.83ms
[190.190s][info][gc,phases      ] GC(446)   Other: 0.08ms
[190.190s][info][gc,heap        ] GC(446) Eden regions: 356->0(314)
[190.190s][info][gc,heap        ] GC(446) Survivor regions: 36->49(49)
[190.190s][info][gc,heap        ] GC(446) Old regions: 487->509
[190.190s][info][gc,heap        ] GC(446) Humongous regions: 7->7
[190.190s][info][gc,metaspace   ] GC(446) Metaspace: 18539K(18752K)->18539K(18752K) NonClass: 15875K(16000K)->15875K(16000K) Class: 2664K(2752K)->2664K(2752K)
[190.190s][info][gc             ] GC(446) Pause Young (Prepare Mixed) (G1 Evacuation Pause) 885M->564M(978M) 78.676ms
[190.190s][info][gc,cpu         ] GC(446) User=0.15s Sys=0.00s Real=0.08s
[190.522s][info][gc,start       ] GC(447) Pause Young (Mixed) (G1 Evacuation Pause)
[190.522s][info][gc,task        ] GC(447) Using 2 workers of 2 for evacuation
[190.664s][info][gc,phases      ] GC(447)   Pre Evacuate Collection Set: 0.32ms
[190.664s][info][gc,phases      ] GC(447)   Merge Heap Roots: 0.85ms
[190.664s][info][gc,phases      ] GC(447)   Evacuate Collection Set: 139.29ms
[190.664s][info][gc,phases      ] GC(447)   Post Evacuate Collection Set: 1.26ms
[190.664s][info][gc,phases      ] GC(447)   Other: 0.10ms
[190.664s][info][gc,heap        ] GC(447) Eden regions: 314->0(302)
[190.664s][info][gc,heap        ] GC(447) Survivor regions: 49->27(46)
[190.664s][info][gc,heap        ] GC(447) Old regions: 509->550
[190.664s][info][gc,heap        ] GC(447) Humongous regions: 7->7
[190.664s][info][gc,metaspace   ] GC(447) Metaspace: 18539K(18752K)->18539K(18752K) NonClass: 15875K(16000K)->15875K(16000K) Class: 2664K(2752K)->2664K(2752K)
[190.664s][info][gc             ] GC(447) Pause Young (Mixed) (G1 Evacuation Pause) 878M->583M(978M) 142.080ms
[190.664s][info][gc,cpu         ] GC(447) User=0.28s Sys=0.00s Real=0.14s
[190.712s][info][gc,start       ] GC(448) Pause Young (Mixed) (G1 Evacuation Pause)
[190.712s][info][gc,task        ] GC(448) Using 2 workers of 2 for evacuation
[190.860s][info][gc,phases      ] GC(448)   Pre Evacuate Collection Set: 0.27ms
[190.860s][info][gc,phases      ] GC(448)   Merge Heap Roots: 1.59ms
[190.860s][info][gc,phases      ] GC(448)   Evacuate Collection Set: 144.31ms
[190.860s][info][gc,phases      ] GC(448)   Post Evacuate Collection Set: 1.18ms
[190.860s][info][gc,phases      ] GC(448)   Other: 0.08ms
[190.860s][info][gc,heap        ] GC(448) Eden regions: 30->0(304)
[190.860s][info][gc,heap        ] GC(448) Survivor regions: 27->1(8)
[190.860s][info][gc,heap        ] GC(448) Old regions: 550->576
[190.860s][info][gc,heap        ] GC(448) Humongous regions: 7->7
[190.860s][info][gc,metaspace   ] GC(448) Metaspace: 18539K(18752K)->18539K(18752K) NonClass: 15875K(16000K)->15875K(16000K) Class: 2664K(2752K)->2664K(2752K)
[190.860s][info][gc             ] GC(448) Pause Young (Mixed) (G1 Evacuation Pause) 613M->583M(978M) 147.624ms
[190.860s][info][gc,cpu         ] GC(448) User=0.29s Sys=0.00s Real=0.14s
[191.228s][info][gc,start       ] GC(449) Pause Young (Concurrent Start) (G1 Evacuation Pause)
[191.228s][info][gc,task        ] GC(449) Using 2 workers of 2 for evacuation
[191.258s][info][gc,phases      ] GC(449)   Pre Evacuate Collection Set: 0.31ms
[191.259s][info][gc,phases      ] GC(449)   Merge Heap Roots: 0.19ms
[191.259s][info][gc,phases      ] GC(449)   Evacuate Collection Set: 29.46ms
[191.259s][info][gc,phases      ] GC(449)   Post Evacuate Collection Set: 0.52ms
[191.259s][info][gc,phases      ] GC(449)   Other: 0.11ms
[191.259s][info][gc,heap        ] GC(449) Eden regions: 304->0(284)
[191.259s][info][gc,heap        ] GC(449) Survivor regions: 1->27(39)
[191.259s][info][gc,heap        ] GC(449) Old regions: 576->576
[191.259s][info][gc,heap        ] GC(449) Humongous regions: 7->7
[191.259s][info][gc,metaspace   ] GC(449) Metaspace: 18542K(18752K)->18542K(18752K) NonClass: 15878K(16000K)->15878K(16000K) Class: 2664K(2752K)->2664K(2752K)
[191.259s][info][gc             ] GC(449) Pause Young (Concurrent Start) (G1 Evacuation Pause) 887M->609M(978M) 30.823ms
[191.259s][info][gc,cpu         ] GC(449) User=0.06s Sys=0.00s Real=0.03s
[191.259s][info][gc             ] GC(450) Concurrent Mark Cycle
[191.259s][info][gc,marking     ] GC(450) Concurrent Scan Root Regions
[191.307s][info][gc,marking     ] GC(450) Concurrent Scan Root Regions 48.370ms
[191.307s][info][gc,marking     ] GC(450) Concurrent Mark
[191.307s][info][gc,marking     ] GC(450) Concurrent Mark From Roots
[191.307s][info][gc,task        ] GC(450) Using 1 workers of 1 for marking
[192.332s][info][gc,start       ] GC(451) Pause Young (Normal) (G1 Evacuation Pause)
[192.332s][info][gc,task        ] GC(451) Using 2 workers of 2 for evacuation
[192.363s][info][gc,phases      ] GC(451)   Pre Evacuate Collection Set: 0.29ms
[192.363s][info][gc,phases      ] GC(451)   Merge Heap Roots: 0.25ms
[192.363s][info][gc,phases      ] GC(451)   Evacuate Collection Set: 29.52ms
[192.363s][info][gc,phases      ] GC(451)   Post Evacuate Collection Set: 0.45ms
[192.363s][info][gc,phases      ] GC(451)   Other: 0.07ms
[192.363s][info][gc,heap        ] GC(451) Eden regions: 284->0(296)
[192.363s][info][gc,heap        ] GC(451) Survivor regions: 27->1(39)
[192.363s][info][gc,heap        ] GC(451) Old regions: 576->603
[192.363s][info][gc,heap        ] GC(451) Humongous regions: 7->7
[192.363s][info][gc,metaspace   ] GC(451) Metaspace: 18543K(18752K)->18543K(18752K) NonClass: 15878K(16000K)->15878K(16000K) Class: 2664K(2752K)->2664K(2752K)
[192.363s][info][gc             ] GC(451) Pause Young (Normal) (G1 Evacuation Pause) 893M->610M(978M) 30.783ms
[192.363s][info][gc,cpu         ] GC(451) User=0.06s Sys=0.00s Real=0.03s
[192.983s][info][gc,marking     ] GC(450) Concurrent Mark From Roots 1675.913ms
[192.983s][info][gc,marking     ] GC(450) Concurrent Preclean
[192.983s][info][gc,marking     ] GC(450) Concurrent Preclean 0.037ms
[192.983s][info][gc,start       ] GC(450) Pause Remark
[192.990s][info][gc             ] GC(450) Pause Remark 784M->784M(978M) 7.073ms
[192.990s][info][gc,cpu         ] GC(450) User=0.02s Sys=0.00s Real=0.00s
[192.990s][info][gc,marking     ] GC(450) Concurrent Mark 1683.322ms
[192.990s][info][gc,marking     ] GC(450) Concurrent Rebuild Remembered Sets and Scrub Regions
[193.399s][info][gc,start       ] GC(452) Pause Young (Normal) (G1 Evacuation Pause)
[193.399s][info][gc,task        ] GC(452) Using 2 workers of 2 for evacuation
[193.402s][info][gc,phases      ] GC(452)   Pre Evacuate Collection Set: 0.28ms
[193.402s][info][gc,phases      ] GC(452)   Merge Heap Roots: 0.15ms
[193.402s][info][gc,phases      ] GC(452)   Evacuate Collection Set: 1.81ms
[193.402s][info][gc,phases      ] GC(452)   Post Evacuate Collection Set: 0.41ms
[193.402s][info][gc,phases      ] GC(452)   Other: 0.10ms
[193.402s][info][gc,heap        ] GC(452) Eden regions: 296->0(306)
[193.402s][info][gc,heap        ] GC(452) Survivor regions: 1->1(38)
[193.402s][info][gc,heap        ] GC(452) Old regions: 603->603
[193.402s][info][gc,heap        ] GC(452) Humongous regions: 7->7
[193.402s][info][gc,metaspace   ] GC(452) Metaspace: 18543K(18752K)->18543K(18752K) NonClass: 15878K(16000K)->15878K(16000K) Class: 2664K(2752K)->2664K(2752K)
[193.402s][info][gc             ] GC(452) Pause Young (Normal) (G1 Evacuation Pause) 906M->610M(978M) 2.961ms
[193.402s][info][gc,cpu         ] GC(452) User=0.00s Sys=0.00s Real=0.01s
[193.563s][info][gc,marking     ] GC(450) Concurrent Rebuild Remembered Sets and Scrub Regions 572.699ms
[193.563s][info][gc,start       ] GC(450) Pause Cleanup
[193.563s][info][gc             ] GC(450) Pause Cleanup 661M->661M(978M) 0.098ms
[193.563s][info][gc,cpu         ] GC(450) User=0.00s Sys=0.00s Real=0.00s
[193.564s][info][gc,marking     ] GC(450) Concurrent Clear Claimed Marks
[193.564s][info][gc,marking     ] GC(450) Concurrent Clear Claimed Marks 0.025ms
[193.564s][info][gc,marking     ] GC(450) Concurrent Cleanup for Next Mark
[193.566s][info][gc,marking     ] GC(450) Concurrent Cleanup for Next Mark 2.893ms
[193.566s][info][gc             ] GC(450) Concurrent Mark Cycle 2307.821ms
[194.143s][info][gc,start       ] GC(453) Pause Young (Prepare Mixed) (G1 Evacuation Pause)
[194.143s][info][gc,task        ] GC(453) Using 2 workers of 2 for evacuation
[194.148s][info][gc,phases      ] GC(453)   Pre Evacuate Collection Set: 0.36ms
[194.148s][info][gc,phases      ] GC(453)   Merge Heap Roots: 0.13ms
[194.148s][info][gc,phases      ] GC(453)   Evacuate Collection Set: 3.74ms
[194.148s][info][gc,phases      ] GC(453)   Post Evacuate Collection Set: 0.45ms
[194.148s][info][gc,phases      ] GC(453)   Other: 0.08ms
[194.148s][info][gc,heap        ] GC(453) Eden regions: 306->0(312)
[194.148s][info][gc,heap        ] GC(453) Survivor regions: 1->3(39)
[194.148s][info][gc,heap        ] GC(453) Old regions: 603->603
[194.148s][info][gc,heap        ] GC(453) Humongous regions: 7->7
[194.148s][info][gc,metaspace   ] GC(453) Metaspace: 18543K(18752K)->18543K(18752K) NonClass: 15878K(16000K)->15878K(16000K) Class: 2664K(2752K)->2664K(2752K)
[194.148s][info][gc             ] GC(453) Pause Young (Prepare Mixed) (G1 Evacuation Pause) 916M->612M(978M) 4.980ms
[194.148s][info][gc,cpu         ] GC(453) User=0.01s Sys=0.00s Real=0.00s
[194.519s][info][gc,start       ] GC(454) Pause Young (Mixed) (G1 Evacuation Pause)
[194.519s][info][gc,task        ] GC(454) Using 2 workers of 2 for evacuation
[194.601s][info][gc,phases      ] GC(454)   Pre Evacuate Collection Set: 0.33ms
[194.601s][info][gc,phases      ] GC(454)   Merge Heap Roots: 0.27ms
[194.601s][info][gc,phases      ] GC(454)   Evacuate Collection Set: 73.54ms
[194.601s][info][gc,phases      ] GC(454)   Post Evacuate Collection Set: 7.35ms
[194.601s][info][gc,phases      ] GC(454)   Other: 0.10ms
[194.601s][info][gc,heap        ] GC(454) Eden regions: 312->0(135)
[194.601s][info][gc,heap        ] GC(454) Survivor regions: 3->40(40)
[194.601s][info][gc,heap        ] GC(454) Old regions: 603->706
[194.601s][info][gc,heap        ] GC(454) Humongous regions: 7->7
[194.601s][info][gc,metaspace   ] GC(454) Metaspace: 18544K(18752K)->18544K(18752K) NonClass: 15880K(16000K)->15880K(16000K) Class: 2664K(2752K)->2664K(2752K)
[194.601s][info][gc             ] GC(454) Pause Young (Mixed) (G1 Evacuation Pause) (Evacuation Failure: Allocation) 924M->752M(978M) 81.810ms
[194.601s][info][gc,cpu         ] GC(454) User=0.17s Sys=0.00s Real=0.08s
[194.773s][info][gc,start       ] GC(455) Pause Young (Concurrent Start) (G1 Humongous Allocation)
[194.773s][info][gc,task        ] GC(455) Using 2 workers of 2 for evacuation
[194.838s][info][gc,phases      ] GC(455)   Pre Evacuate Collection Set: 0.39ms
[194.838s][info][gc,phases      ] GC(455)   Merge Heap Roots: 0.39ms
[194.839s][info][gc,phases      ] GC(455)   Evacuate Collection Set: 64.05ms
[194.839s][info][gc,phases      ] GC(455)   Post Evacuate Collection Set: 0.57ms
[194.839s][info][gc,phases      ] GC(455)   Other: 0.19ms
[194.839s][info][gc,heap        ] GC(455) Eden regions: 127->0(227)
[194.839s][info][gc,heap        ] GC(455) Survivor regions: 40->9(22)
[194.839s][info][gc,heap        ] GC(455) Old regions: 706->675
[194.839s][info][gc,heap        ] GC(455) Humongous regions: 7->7
[194.839s][info][gc,metaspace   ] GC(455) Metaspace: 18544K(18752K)->18544K(18752K) NonClass: 15880K(16000K)->15880K(16000K) Class: 2664K(2752K)->2664K(2752K)
[194.839s][info][gc             ] GC(455) Pause Young (Concurrent Start) (G1 Humongous Allocation) 879M->690M(978M) 65.840ms
[194.839s][info][gc             ] GC(456) Concurrent Mark Cycle
[194.839s][info][gc,marking     ] GC(456) Concurrent Scan Root Regions
[194.840s][info][gc,cpu         ] GC(455) User=0.13s Sys=0.00s Real=0.06s
[194.915s][info][gc,marking     ] GC(456) Concurrent Scan Root Regions 76.772ms
[194.915s][info][gc,marking     ] GC(456) Concurrent Mark
[194.915s][info][gc,marking     ] GC(456) Concurrent Mark From Roots
[194.915s][info][gc,task        ] GC(456) Using 1 workers of 1 for marking
[195.183s][info][gc,start       ] GC(457) Pause Young (Normal) (G1 Evacuation Pause)
[195.183s][info][gc,task        ] GC(457) Using 2 workers of 2 for evacuation
[195.297s][info][gc,phases      ] GC(457)   Pre Evacuate Collection Set: 0.31ms
[195.297s][info][gc,phases      ] GC(457)   Merge Heap Roots: 0.30ms
[195.297s][info][gc,phases      ] GC(457)   Evacuate Collection Set: 101.21ms
[195.297s][info][gc,phases      ] GC(457)   Post Evacuate Collection Set: 11.62ms
[195.297s][info][gc,phases      ] GC(457)   Other: 0.09ms
[195.297s][info][gc,heap        ] GC(457) Eden regions: 227->0(41)
[195.297s][info][gc,heap        ] GC(457) Survivor regions: 9->30(30)
[195.297s][info][gc,heap        ] GC(457) Old regions: 675->817
[195.297s][info][gc,heap        ] GC(457) Humongous regions: 10->10
[195.297s][info][gc,metaspace   ] GC(457) Metaspace: 18545K(18752K)->18545K(18752K) NonClass: 15881K(16000K)->15881K(16000K) Class: 2664K(2752K)->2664K(2752K)
[195.297s][info][gc             ] GC(457) Pause Young (Normal) (G1 Evacuation Pause) (Evacuation Failure: Allocation) 920M->856M(978M) 113.758ms
[195.297s][info][gc,cpu         ] GC(457) User=0.23s Sys=0.00s Real=0.11s
[195.463s][info][gc,start       ] GC(458) Pause Young (Normal) (G1 Evacuation Pause)
[195.463s][info][gc,task        ] GC(458) Using 2 workers of 2 for evacuation
[195.543s][info][gc,phases      ] GC(458)   Pre Evacuate Collection Set: 0.34ms
[195.543s][info][gc,phases      ] GC(458)   Merge Heap Roots: 0.66ms
[195.543s][info][gc,phases      ] GC(458)   Evacuate Collection Set: 78.58ms
[195.543s][info][gc,phases      ] GC(458)   Post Evacuate Collection Set: 0.37ms
[195.543s][info][gc,phases      ] GC(458)   Other: 0.09ms
[195.543s][info][gc,heap        ] GC(458) Eden regions: 41->0(123)
[195.543s][info][gc,heap        ] GC(458) Survivor regions: 30->4(9)
[195.543s][info][gc,heap        ] GC(458) Old regions: 817->787
[195.543s][info][gc,heap        ] GC(458) Humongous regions: 10->10
[195.543s][info][gc,metaspace   ] GC(458) Metaspace: 18545K(18752K)->18545K(18752K) NonClass: 15881K(16000K)->15881K(16000K) Class: 2664K(2752K)->2664K(2752K)
[195.543s][info][gc             ] GC(458) Pause Young (Normal) (G1 Evacuation Pause) 897M->800M(978M) 80.270ms
[195.543s][info][gc,cpu         ] GC(458) User=0.16s Sys=0.00s Real=0.08s
[195.779s][info][gc,start       ] GC(459) Pause Young (Normal) (G1 Evacuation Pause)
[195.779s][info][gc,task        ] GC(459) Using 2 workers of 2 for evacuation
[195.797s][info][gc,phases      ] GC(459)   Pre Evacuate Collection Set: 0.49ms
[195.797s][info][gc,phases      ] GC(459)   Merge Heap Roots: 0.12ms
[195.797s][info][gc,phases      ] GC(459)   Evacuate Collection Set: 16.53ms
[195.797s][info][gc,phases      ] GC(459)   Post Evacuate Collection Set: 0.38ms
[195.797s][info][gc,phases      ] GC(459)   Other: 0.08ms
[195.797s][info][gc,heap        ] GC(459) Eden regions: 123->0(150)
[195.797s][info][gc,heap        ] GC(459) Survivor regions: 4->5(16)
[195.797s][info][gc,heap        ] GC(459) Old regions: 787->758
[195.797s][info][gc,heap        ] GC(459) Humongous regions: 10->10
[195.797s][info][gc,metaspace   ] GC(459) Metaspace: 18545K(18752K)->18545K(18752K) NonClass: 15881K(16000K)->15881K(16000K) Class: 2664K(2752K)->2664K(2752K)
[195.797s][info][gc             ] GC(459) Pause Young (Normal) (G1 Evacuation Pause) 923M->771M(978M) 17.801ms
[195.797s][info][gc,cpu         ] GC(459) User=0.03s Sys=0.00s Real=0.02s
[196.080s][info][gc,start       ] GC(460) Pause Young (Normal) (G1 Evacuation Pause)
[196.080s][info][gc,task        ] GC(460) Using 2 workers of 2 for evacuation
[196.086s][info][gc,phases      ] GC(460)   Pre Evacuate Collection Set: 0.49ms
[196.086s][info][gc,phases      ] GC(460)   Merge Heap Roots: 0.12ms
[196.086s][info][gc,phases      ] GC(460)   Evacuate Collection Set: 5.25ms
[196.086s][info][gc,phases      ] GC(460)   Post Evacuate Collection Set: 0.34ms
[196.086s][info][gc,phases      ] GC(460)   Other: 0.07ms
[196.086s][info][gc,heap        ] GC(460) Eden regions: 150->0(150)
[196.086s][info][gc,heap        ] GC(460) Survivor regions: 5->5(20)
[196.086s][info][gc,heap        ] GC(460) Old regions: 758->758
[196.086s][info][gc,heap        ] GC(460) Humongous regions: 10->10
[196.086s][info][gc,metaspace   ] GC(460) Metaspace: 18545K(18752K)->18545K(18752K) NonClass: 15881K(16000K)->15881K(16000K) Class: 2664K(2752K)->2664K(2752K)
[196.086s][info][gc             ] GC(460) Pause Young (Normal) (G1 Evacuation Pause) 921M->771M(978M) 6.469ms
[196.086s][info][gc,cpu         ] GC(460) User=0.01s Sys=0.00s Real=0.01s
[196.115s][info][gc,marking     ] GC(456) Concurrent Mark From Roots 1199.467ms
[196.115s][info][gc,marking     ] GC(456) Concurrent Preclean
[196.115s][info][gc,marking     ] GC(456) Concurrent Preclean 0.030ms
[196.115s][info][gc,start       ] GC(456) Pause Remark
[196.122s][info][gc             ] GC(456) Pause Remark 787M->577M(978M) 7.017ms
[196.122s][info][gc,cpu         ] GC(456) User=0.01s Sys=0.00s Real=0.01s
[196.123s][info][gc,marking     ] GC(456) Concurrent Mark 1207.842ms
[196.123s][info][gc,marking     ] GC(456) Concurrent Rebuild Remembered Sets and Scrub Regions
[196.388s][info][gc,start       ] GC(461) Pause Young (Normal) (G1 Evacuation Pause)
[196.388s][info][gc,task        ] GC(461) Using 2 workers of 2 for evacuation
[196.395s][info][gc,phases      ] GC(461)   Pre Evacuate Collection Set: 0.26ms
[196.395s][info][gc,phases      ] GC(461)   Merge Heap Roots: 0.11ms
[196.395s][info][gc,phases      ] GC(461)   Evacuate Collection Set: 5.65ms
[196.395s][info][gc,phases      ] GC(461)   Post Evacuate Collection Set: 0.34ms
[196.395s][info][gc,phases      ] GC(461)   Other: 0.09ms
[196.395s][info][gc,heap        ] GC(461) Eden regions: 150->0(326)
[196.395s][info][gc,heap        ] GC(461) Survivor regions: 5->5(20)
[196.395s][info][gc,heap        ] GC(461) Old regions: 551->551
[196.395s][info][gc,heap        ] GC(461) Humongous regions: 7->7
[196.395s][info][gc,metaspace   ] GC(461) Metaspace: 18545K(18752K)->18545K(18752K) NonClass: 15881K(16000K)->15881K(16000K) Class: 2664K(2752K)->2664K(2752K)
[196.395s][info][gc             ] GC(461) Pause Young (Normal) (G1 Evacuation Pause) 711M->561M(978M) 6.642ms
[196.395s][info][gc,cpu         ] GC(461) User=0.01s Sys=0.00s Real=0.01s
[196.501s][info][gc,marking     ] GC(456) Concurrent Rebuild Remembered Sets and Scrub Regions 378.103ms
[196.502s][info][gc,start       ] GC(456) Pause Cleanup
[196.502s][info][gc             ] GC(456) Pause Cleanup 618M->618M(978M) 0.104ms
[196.502s][info][gc,cpu         ] GC(456) User=0.00s Sys=0.00s Real=0.00s
[196.502s][info][gc,marking     ] GC(456) Concurrent Clear Claimed Marks
[196.502s][info][gc,marking     ] GC(456) Concurrent Clear Claimed Marks 0.026ms
[196.502s][info][gc,marking     ] GC(456) Concurrent Cleanup for Next Mark
[196.505s][info][gc,marking     ] GC(456) Concurrent Cleanup for Next Mark 2.842ms
[196.505s][info][gc             ] GC(456) Concurrent Mark Cycle 1666.050ms
[196.792s][info][gc,start       ] GC(462) Pause Young (Prepare Mixed) (G1 Evacuation Pause)
[196.793s][info][gc,task        ] GC(462) Using 2 workers of 2 for evacuation
[196.801s][info][gc,phases      ] GC(462)   Pre Evacuate Collection Set: 0.49ms
[196.801s][info][gc,phases      ] GC(462)   Merge Heap Roots: 0.19ms
[196.801s][info][gc,phases      ] GC(462)   Evacuate Collection Set: 6.99ms
[196.801s][info][gc,phases      ] GC(462)   Post Evacuate Collection Set: 0.50ms
[196.801s][info][gc,phases      ] GC(462)   Other: 0.08ms
[196.801s][info][gc,heap        ] GC(462) Eden regions: 326->0(344)
[196.801s][info][gc,heap        ] GC(462) Survivor regions: 5->5(42)
[196.801s][info][gc,heap        ] GC(462) Old regions: 551->551
[196.801s][info][gc,heap        ] GC(462) Humongous regions: 7->7
[196.801s][info][gc,metaspace   ] GC(462) Metaspace: 18545K(18752K)->18545K(18752K) NonClass: 15881K(16000K)->15881K(16000K) Class: 2664K(2752K)->2664K(2752K)
[196.801s][info][gc             ] GC(462) Pause Young (Prepare Mixed) (G1 Evacuation Pause) 887M->562M(978M) 8.525ms
[196.801s][info][gc,cpu         ] GC(462) User=0.02s Sys=0.00s Real=0.01s
[197.185s][info][gc,start       ] GC(463) Pause Young (Mixed) (G1 Evacuation Pause)
[197.185s][info][gc,task        ] GC(463) Using 2 workers of 2 for evacuation
[197.206s][info][gc,phases      ] GC(463)   Pre Evacuate Collection Set: 0.51ms
[197.206s][info][gc,phases      ] GC(463)   Merge Heap Roots: 0.35ms
[197.206s][info][gc,phases      ] GC(463)   Evacuate Collection Set: 19.96ms
[197.207s][info][gc,phases      ] GC(463)   Post Evacuate Collection Set: 0.61ms
[197.207s][info][gc,phases      ] GC(463)   Other: 0.10ms
[197.207s][info][gc,heap        ] GC(463) Eden regions: 344->0(374)
[197.207s][info][gc,heap        ] GC(463) Survivor regions: 5->9(44)
[197.207s][info][gc,heap        ] GC(463) Old regions: 551->528
[197.207s][info][gc,heap        ] GC(463) Humongous regions: 7->7
[197.207s][info][gc,metaspace   ] GC(463) Metaspace: 18548K(18752K)->18548K(18752K) NonClass: 15884K(16000K)->15884K(16000K) Class: 2664K(2752K)->2664K(2752K)
[197.207s][info][gc             ] GC(463) Pause Young (Mixed) (G1 Evacuation Pause) 906M->543M(978M) 21.744ms
[197.207s][info][gc,cpu         ] GC(463) User=0.04s Sys=0.00s Real=0.02s
[197.224s][info][gc,start       ] GC(464) Pause Young (Concurrent Start) (G1 Humongous Allocation)
[197.224s][info][gc,task        ] GC(464) Using 2 workers of 2 for evacuation
[197.249s][info][gc,phases      ] GC(464)   Pre Evacuate Collection Set: 0.23ms
[197.249s][info][gc,phases      ] GC(464)   Merge Heap Roots: 0.24ms
[197.249s][info][gc,phases      ] GC(464)   Evacuate Collection Set: 23.41ms
[197.249s][info][gc,phases      ] GC(464)   Post Evacuate Collection Set: 0.37ms
[197.249s][info][gc,phases      ] GC(464)   Other: 0.08ms
[197.249s][info][gc,heap        ] GC(464) Eden regions: 12->0(365)
[197.249s][info][gc,heap        ] GC(464) Survivor regions: 9->14(48)
[197.249s][info][gc,heap        ] GC(464) Old regions: 528->528
[197.249s][info][gc,heap        ] GC(464) Humongous regions: 7->7
[197.249s][info][gc,metaspace   ] GC(464) Metaspace: 18548K(18752K)->18548K(18752K) NonClass: 15884K(16000K)->15884K(16000K) Class: 2664K(2752K)->2664K(2752K)
[197.249s][info][gc             ] GC(464) Pause Young (Concurrent Start) (G1 Humongous Allocation) 555M->548M(978M) 24.520ms
[197.249s][info][gc             ] GC(465) Concurrent Mark Cycle
[197.249s][info][gc,marking     ] GC(465) Concurrent Scan Root Regions
[197.250s][info][gc,cpu         ] GC(464) User=0.05s Sys=0.00s Real=0.02s
[197.280s][info][gc,marking     ] GC(465) Concurrent Scan Root Regions 31.084ms
[197.280s][info][gc,marking     ] GC(465) Concurrent Mark
[197.280s][info][gc,marking     ] GC(465) Concurrent Mark From Roots
[197.280s][info][gc,task        ] GC(465) Using 1 workers of 1 for marking
[197.817s][info][gc,marking     ] GC(465) Concurrent Mark From Roots 537.523ms
[197.817s][info][gc,marking     ] GC(465) Concurrent Preclean
[197.817s][info][gc,marking     ] GC(465) Concurrent Preclean 0.033ms
[197.819s][info][gc,start       ] GC(465) Pause Remark
[197.826s][info][gc             ] GC(465) Pause Remark 759M->575M(978M) 7.230ms
[197.826s][info][gc,cpu         ] GC(465) User=0.01s Sys=0.00s Real=0.01s
[197.826s][info][gc,marking     ] GC(465) Concurrent Mark 546.449ms
[197.826s][info][gc,marking     ] GC(465) Concurrent Rebuild Remembered Sets and Scrub Regions
[198.052s][info][gc,marking     ] GC(465) Concurrent Rebuild Remembered Sets and Scrub Regions 225.563ms
[198.052s][info][gc,start       ] GC(465) Pause Cleanup
[198.052s][info][gc             ] GC(465) Pause Cleanup 703M->703M(978M) 0.179ms
[198.052s][info][gc,cpu         ] GC(465) User=0.00s Sys=0.00s Real=0.00s
[198.052s][info][gc,marking     ] GC(465) Concurrent Clear Claimed Marks
[198.052s][info][gc,marking     ] GC(465) Concurrent Clear Claimed Marks 0.028ms
[198.052s][info][gc,marking     ] GC(465) Concurrent Cleanup for Next Mark
[198.060s][info][gc,marking     ] GC(465) Concurrent Cleanup for Next Mark 7.397ms
[198.060s][info][gc             ] GC(465) Concurrent Mark Cycle 811.158ms
[198.092s][info][gc,start       ] GC(466) Pause Young (Prepare Mixed) (G1 Evacuation Pause)
[198.092s][info][gc,task        ] GC(466) Using 2 workers of 2 for evacuation
[198.133s][info][gc,phases      ] GC(466)   Pre Evacuate Collection Set: 0.49ms
[198.133s][info][gc,phases      ] GC(466)   Merge Heap Roots: 0.61ms
[198.133s][info][gc,phases      ] GC(466)   Evacuate Collection Set: 38.77ms
[198.133s][info][gc,phases      ] GC(466)   Post Evacuate Collection Set: 0.68ms
[198.133s][info][gc,phases      ] GC(466)   Other: 0.08ms
[198.133s][info][gc,heap        ] GC(466) Eden regions: 365->0(481)
[198.133s][info][gc,heap        ] GC(466) Survivor regions: 14->23(48)
[198.133s][info][gc,heap        ] GC(466) Old regions: 349->349
[198.133s][info][gc,heap        ] GC(466) Humongous regions: 5->5
[198.133s][info][gc,metaspace   ] GC(466) Metaspace: 18548K(18752K)->18548K(18752K) NonClass: 15884K(16000K)->15884K(16000K) Class: 2664K(2752K)->2664K(2752K)
[198.133s][info][gc             ] GC(466) Pause Young (Prepare Mixed) (G1 Evacuation Pause) 732M->376M(978M) 40.807ms
[198.133s][info][gc,cpu         ] GC(466) User=0.08s Sys=0.00s Real=0.04s
[198.655s][info][gc,start       ] GC(467) Pause Young (Mixed) (G1 Evacuation Pause)
[198.655s][info][gc,task        ] GC(467) Using 2 workers of 2 for evacuation
[198.733s][info][gc,phases      ] GC(467)   Pre Evacuate Collection Set: 0.38ms
[198.733s][info][gc,phases      ] GC(467)   Merge Heap Roots: 0.47ms
[198.733s][info][gc,phases      ] GC(467)   Evacuate Collection Set: 76.60ms
[198.733s][info][gc,phases      ] GC(467)   Post Evacuate Collection Set: 0.86ms
[198.733s][info][gc,phases      ] GC(467)   Other: 0.12ms
[198.733s][info][gc,heap        ] GC(467) Eden regions: 481->0(516)
[198.733s][info][gc,heap        ] GC(467) Survivor regions: 23->58(63)
[198.733s][info][gc,heap        ] GC(467) Old regions: 349->251
[198.733s][info][gc,heap        ] GC(467) Humongous regions: 5->5
[198.733s][info][gc,metaspace   ] GC(467) Metaspace: 18548K(18752K)->18548K(18752K) NonClass: 15884K(16000K)->15884K(16000K) Class: 2664K(2752K)->2664K(2752K)
[198.733s][info][gc             ] GC(467) Pause Young (Mixed) (G1 Evacuation Pause) 857M->313M(978M) 78.683ms
[198.733s][info][gc,cpu         ] GC(467) User=0.16s Sys=0.00s Real=0.08s
[199.209s][info][gc,start       ] GC(468) Pause Young (Mixed) (G1 Evacuation Pause)
[199.209s][info][gc,task        ] GC(468) Using 2 workers of 2 for evacuation
[199.322s][info][gc,phases      ] GC(468)   Pre Evacuate Collection Set: 0.31ms
[199.322s][info][gc,phases      ] GC(468)   Merge Heap Roots: 0.55ms
[199.322s][info][gc,phases      ] GC(468)   Evacuate Collection Set: 111.25ms
[199.322s][info][gc,phases      ] GC(468)   Post Evacuate Collection Set: 0.75ms
[199.322s][info][gc,phases      ] GC(468)   Other: 0.17ms
[199.322s][info][gc,heap        ] GC(468) Eden regions: 516->0(504)
[199.322s][info][gc,heap        ] GC(468) Survivor regions: 58->68(72)
[199.322s][info][gc,heap        ] GC(468) Old regions: 251->252
[199.322s][info][gc,heap        ] GC(468) Humongous regions: 5->5
[199.322s][info][gc,metaspace   ] GC(468) Metaspace: 18548K(18752K)->18548K(18752K) NonClass: 15884K(16000K)->15884K(16000K) Class: 2664K(2752K)->2664K(2752K)
[199.322s][info][gc             ] GC(468) Pause Young (Mixed) (G1 Evacuation Pause) 829M->324M(978M) 113.300ms
[199.322s][info][gc,cpu         ] GC(468) User=0.23s Sys=0.00s Real=0.12s
[199.828s][info][gc,start       ] GC(469) Pause Young (Concurrent Start) (G1 Evacuation Pause)
[199.828s][info][gc,task        ] GC(469) Using 2 workers of 2 for evacuation
[199.941s][info][gc,phases      ] GC(469)   Pre Evacuate Collection Set: 0.32ms
[199.941s][info][gc,phases      ] GC(469)   Merge Heap Roots: 0.37ms
[199.941s][info][gc,phases      ] GC(469)   Evacuate Collection Set: 111.65ms
[199.941s][info][gc,phases      ] GC(469)   Post Evacuate Collection Set: 0.75ms
[199.941s][info][gc,phases      ] GC(469)   Other: 0.17ms
[199.941s][info][gc,heap        ] GC(469) Eden regions: 504->0(480)
[199.941s][info][gc,heap        ] GC(469) Survivor regions: 68->72(72)
[199.941s][info][gc,heap        ] GC(469) Old regions: 252->289
[199.941s][info][gc,heap        ] GC(469) Humongous regions: 5->5
[199.941s][info][gc,metaspace   ] GC(469) Metaspace: 18550K(18752K)->18550K(18752K) NonClass: 15886K(16000K)->15886K(16000K) Class: 2664K(2752K)->2664K(2752K)
[199.941s][info][gc             ] GC(469) Pause Young (Concurrent Start) (G1 Evacuation Pause) 828M->365M(978M) 113.489ms
[199.941s][info][gc             ] GC(470) Concurrent Mark Cycle
[199.941s][info][gc,marking     ] GC(470) Concurrent Scan Root Regions
[199.942s][info][gc,cpu         ] GC(469) User=0.22s Sys=0.00s Real=0.12s
[200.140s][info][gc,marking     ] GC(470) Concurrent Scan Root Regions 198.172ms
[200.140s][info][gc,marking     ] GC(470) Concurrent Mark
[200.140s][info][gc,marking     ] GC(470) Concurrent Mark From Roots
[200.140s][info][gc,task        ] GC(470) Using 1 workers of 1 for marking
[200.641s][info][gc,marking     ] GC(470) Concurrent Mark From Roots 501.574ms
[200.641s][info][gc,marking     ] GC(470) Concurrent Preclean
[200.641s][info][gc,marking     ] GC(470) Concurrent Preclean 0.033ms
[200.641s][info][gc,start       ] GC(470) Pause Remark
[200.649s][info][gc             ] GC(470) Pause Remark 730M->729M(978M) 7.181ms
[200.649s][info][gc,cpu         ] GC(470) User=0.02s Sys=0.00s Real=0.00s
[200.649s][info][gc,marking     ] GC(470) Concurrent Mark 509.105ms
[200.649s][info][gc,marking     ] GC(470) Concurrent Rebuild Remembered Sets and Scrub Regions
[200.851s][info][gc,marking     ] GC(470) Concurrent Rebuild Remembered Sets and Scrub Regions 202.141ms
[200.851s][info][gc,start       ] GC(470) Pause Cleanup
[200.851s][info][gc             ] GC(470) Pause Cleanup 777M->777M(978M) 0.088ms
[200.851s][info][gc,cpu         ] GC(470) User=0.00s Sys=0.00s Real=0.00s
[200.851s][info][gc,marking     ] GC(470) Concurrent Clear Claimed Marks
[200.851s][info][gc,marking     ] GC(470) Concurrent Clear Claimed Marks 0.027ms
[200.851s][info][gc,marking     ] GC(470) Concurrent Cleanup for Next Mark
[200.854s][info][gc,marking     ] GC(470) Concurrent Cleanup for Next Mark 2.937ms
[200.854s][info][gc             ] GC(470) Concurrent Mark Cycle 912.863ms
[201.090s][info][gc,start       ] GC(471) Pause Young (Prepare Mixed) (G1 Evacuation Pause)
[201.090s][info][gc,task        ] GC(471) Using 2 workers of 2 for evacuation
[201.184s][info][gc,phases      ] GC(471)   Pre Evacuate Collection Set: 0.32ms
[201.184s][info][gc,phases      ] GC(471)   Merge Heap Roots: 0.45ms
[201.184s][info][gc,phases      ] GC(471)   Evacuate Collection Set: 92.03ms
[201.184s][info][gc,phases      ] GC(471)   Post Evacuate Collection Set: 1.09ms
[201.184s][info][gc,phases      ] GC(471)   Other: 0.09ms
[201.184s][info][gc,heap        ] GC(471) Eden regions: 480->0(479)
[201.184s][info][gc,heap        ] GC(471) Survivor regions: 72->16(69)
[201.184s][info][gc,heap        ] GC(471) Old regions: 289->362
[201.184s][info][gc,heap        ] GC(471) Humongous regions: 4->4
[201.184s][info][gc,metaspace   ] GC(471) Metaspace: 18550K(18752K)->18550K(18752K) NonClass: 15886K(16000K)->15886K(16000K) Class: 2664K(2752K)->2664K(2752K)
[201.184s][info][gc             ] GC(471) Pause Young (Prepare Mixed) (G1 Evacuation Pause) 844M->380M(978M) 94.224ms
[201.184s][info][gc,cpu         ] GC(471) User=0.18s Sys=0.00s Real=0.10s
[202.250s][info][gc,start       ] GC(472) Pause Young (Mixed) (G1 Evacuation Pause)
[202.250s][info][gc,task        ] GC(472) Using 2 workers of 2 for evacuation
[202.338s][info][gc,phases      ] GC(472)   Pre Evacuate Collection Set: 0.30ms
[202.338s][info][gc,phases      ] GC(472)   Merge Heap Roots: 0.66ms
[202.338s][info][gc,phases      ] GC(472)   Evacuate Collection Set: 85.00ms
[202.338s][info][gc,phases      ] GC(472)   Post Evacuate Collection Set: 1.27ms
[202.338s][info][gc,phases      ] GC(472)   Other: 0.12ms
[202.338s][info][gc,heap        ] GC(472) Eden regions: 479->0(501)
[202.338s][info][gc,heap        ] GC(472) Survivor regions: 16->16(62)
[202.338s][info][gc,heap        ] GC(472) Old regions: 362->353
[202.338s][info][gc,heap        ] GC(472) Humongous regions: 4->4
[202.338s][info][gc,metaspace   ] GC(472) Metaspace: 18550K(18752K)->18550K(18752K) NonClass: 15886K(16000K)->15886K(16000K) Class: 2664K(2752K)->2664K(2752K)
[202.338s][info][gc             ] GC(472) Pause Young (Mixed) (G1 Evacuation Pause) 859M->372M(978M) 87.596ms
[202.338s][info][gc,cpu         ] GC(472) User=0.18s Sys=0.00s Real=0.09s
[202.884s][info][gc,start       ] GC(473) Pause Young (Concurrent Start) (G1 Evacuation Pause)
[202.884s][info][gc,task        ] GC(473) Using 2 workers of 2 for evacuation
[203.077s][info][gc,phases      ] GC(473)   Pre Evacuate Collection Set: 0.29ms
[203.078s][info][gc,phases      ] GC(473)   Merge Heap Roots: 0.22ms
[203.078s][info][gc,phases      ] GC(473)   Evacuate Collection Set: 169.66ms
[203.078s][info][gc,phases      ] GC(473)   Post Evacuate Collection Set: 23.08ms
[203.078s][info][gc,phases      ] GC(473)   Other: 0.13ms
[203.078s][info][gc,heap        ] GC(473) Eden regions: 501->0(148)
[203.078s][info][gc,heap        ] GC(473) Survivor regions: 16->65(65)
[203.078s][info][gc,heap        ] GC(473) Old regions: 353->646
[203.078s][info][gc,heap        ] GC(473) Humongous regions: 4->4
[203.078s][info][gc,metaspace   ] GC(473) Metaspace: 18558K(18752K)->18558K(18752K) NonClass: 15894K(16000K)->15894K(16000K) Class: 2664K(2752K)->2664K(2752K)
[203.078s][info][gc             ] GC(473) Pause Young (Concurrent Start) (G1 Evacuation Pause) (Evacuation Failure: Allocation) 873M->714M(978M) 193.583ms
[203.078s][info][gc,cpu         ] GC(473) User=0.38s Sys=0.00s Real=0.19s
[203.080s][info][gc             ] GC(474) Concurrent Mark Cycle
[203.080s][info][gc,marking     ] GC(474) Concurrent Scan Root Regions
[203.332s][info][gc,marking     ] GC(474) Concurrent Scan Root Regions 252.102ms
[203.332s][info][gc,marking     ] GC(474) Concurrent Mark
[203.332s][info][gc,marking     ] GC(474) Concurrent Mark From Roots
[203.332s][info][gc,task        ] GC(474) Using 1 workers of 1 for marking
[203.591s][info][gc,start       ] GC(475) Pause Young (Normal) (G1 Evacuation Pause)
[203.591s][info][gc,task        ] GC(475) Using 2 workers of 2 for evacuation
[203.751s][info][gc,phases      ] GC(475)   Pre Evacuate Collection Set: 0.36ms
[203.751s][info][gc,phases      ] GC(475)   Merge Heap Roots: 1.18ms
[203.751s][info][gc,phases      ] GC(475)   Evacuate Collection Set: 151.39ms
[203.751s][info][gc,phases      ] GC(475)   Post Evacuate Collection Set: 6.82ms
[203.751s][info][gc,phases      ] GC(475)   Other: 0.10ms
[203.751s][info][gc,heap        ] GC(475) Eden regions: 148->0(143)
[203.751s][info][gc,heap        ] GC(475) Survivor regions: 65->27(27)
[203.751s][info][gc,heap        ] GC(475) Old regions: 646->727
[203.751s][info][gc,heap        ] GC(475) Humongous regions: 4->4
[203.751s][info][gc,metaspace   ] GC(475) Metaspace: 18559K(18752K)->18559K(18752K) NonClass: 15895K(16000K)->15895K(16000K) Class: 2664K(2752K)->2664K(2752K)
[203.751s][info][gc             ] GC(475) Pause Young (Normal) (G1 Evacuation Pause) (Evacuation Failure: Allocation) 862M->757M(978M) 160.096ms
[203.751s][info][gc,cpu         ] GC(475) User=0.32s Sys=0.00s Real=0.17s
[204.043s][info][gc,start       ] GC(476) Pause Young (Normal) (G1 Evacuation Pause)
[204.043s][info][gc,task        ] GC(476) Using 2 workers of 2 for evacuation
[204.119s][info][gc,phases      ] GC(476)   Pre Evacuate Collection Set: 0.56ms
[204.119s][info][gc,phases      ] GC(476)   Merge Heap Roots: 0.51ms
[204.119s][info][gc,phases      ] GC(476)   Evacuate Collection Set: 74.80ms
[204.119s][info][gc,phases      ] GC(476)   Post Evacuate Collection Set: 0.59ms
[204.119s][info][gc,phases      ] GC(476)   Other: 0.11ms
[204.119s][info][gc,heap        ] GC(476) Eden regions: 143->0(257)
[204.119s][info][gc,heap        ] GC(476) Survivor regions: 27->15(22)
[204.119s][info][gc,heap        ] GC(476) Old regions: 727->608
[204.119s][info][gc,heap        ] GC(476) Humongous regions: 7->7
[204.119s][info][gc,metaspace   ] GC(476) Metaspace: 18559K(18752K)->18559K(18752K) NonClass: 15895K(16000K)->15895K(16000K) Class: 2664K(2752K)->2664K(2752K)
[204.119s][info][gc             ] GC(476) Pause Young (Normal) (G1 Evacuation Pause) 903M->629M(978M) 76.833ms
[204.120s][info][gc,cpu         ] GC(476) User=0.15s Sys=0.00s Real=0.07s
[204.592s][info][gc,marking     ] GC(474) Concurrent Mark From Roots 1259.793ms
[204.592s][info][gc,marking     ] GC(474) Concurrent Preclean
[204.592s][info][gc,marking     ] GC(474) Concurrent Preclean 0.037ms
[204.592s][info][gc,start       ] GC(474) Pause Remark
[204.599s][info][gc             ] GC(474) Pause Remark 827M->827M(978M) 7.204ms
[204.599s][info][gc,cpu         ] GC(474) User=0.01s Sys=0.00s Real=0.00s
[204.599s][info][gc,marking     ] GC(474) Concurrent Mark 1267.341ms
[204.600s][info][gc,marking     ] GC(474) Concurrent Rebuild Remembered Sets and Scrub Regions
[204.743s][info][gc,start       ] GC(477) Pause Young (Normal) (G1 Evacuation Pause)
[204.743s][info][gc,task        ] GC(477) Using 2 workers of 2 for evacuation
[204.849s][info][gc,phases      ] GC(477)   Pre Evacuate Collection Set: 0.27ms
[204.849s][info][gc,phases      ] GC(477)   Merge Heap Roots: 0.76ms
[204.849s][info][gc,phases      ] GC(477)   Evacuate Collection Set: 103.96ms
[204.849s][info][gc,phases      ] GC(477)   Post Evacuate Collection Set: 0.89ms
[204.849s][info][gc,phases      ] GC(477)   Other: 0.09ms
[204.849s][info][gc,heap        ] GC(477) Eden regions: 257->0(265)
[204.849s][info][gc,heap        ] GC(477) Survivor regions: 15->34(34)
[204.849s][info][gc,heap        ] GC(477) Old regions: 608->571
[204.849s][info][gc,heap        ] GC(477) Humongous regions: 13->13
[204.849s][info][gc,metaspace   ] GC(477) Metaspace: 18559K(18752K)->18559K(18752K) NonClass: 15895K(16000K)->15895K(16000K) Class: 2664K(2752K)->2664K(2752K)
[204.849s][info][gc             ] GC(477) Pause Young (Normal) (G1 Evacuation Pause) 892M->617M(978M) 106.228ms
[204.849s][info][gc,cpu         ] GC(477) User=0.21s Sys=0.00s Real=0.10s
[205.260s][info][gc,marking     ] GC(474) Concurrent Rebuild Remembered Sets and Scrub Regions 660.889ms
[205.261s][info][gc,start       ] GC(474) Pause Cleanup
[205.261s][info][gc             ] GC(474) Pause Cleanup 776M->776M(978M) 0.104ms
[205.261s][info][gc,cpu         ] GC(474) User=0.00s Sys=0.00s Real=0.00s
[205.261s][info][gc,marking     ] GC(474) Concurrent Clear Claimed Marks
[205.261s][info][gc,marking     ] GC(474) Concurrent Clear Claimed Marks 0.032ms
[205.261s][info][gc,marking     ] GC(474) Concurrent Cleanup for Next Mark
[205.266s][info][gc,marking     ] GC(474) Concurrent Cleanup for Next Mark 4.830ms
[205.266s][info][gc             ] GC(474) Concurrent Mark Cycle 2185.823ms
[205.438s][info][gc,start       ] GC(478) Pause Young (Prepare Mixed) (G1 Evacuation Pause)
[205.438s][info][gc,task        ] GC(478) Using 2 workers of 2 for evacuation
[205.509s][info][gc,phases      ] GC(478)   Pre Evacuate Collection Set: 0.30ms
[205.509s][info][gc,phases      ] GC(478)   Merge Heap Roots: 0.97ms
[205.509s][info][gc,phases      ] GC(478)   Evacuate Collection Set: 69.11ms
[205.509s][info][gc,phases      ] GC(478)   Post Evacuate Collection Set: 0.53ms
[205.509s][info][gc,phases      ] GC(478)   Other: 0.10ms
[205.509s][info][gc,heap        ] GC(478) Eden regions: 265->0(280)
[205.509s][info][gc,heap        ] GC(478) Survivor regions: 34->1(38)
[205.509s][info][gc,heap        ] GC(478) Old regions: 571->606
[205.509s][info][gc,heap        ] GC(478) Humongous regions: 13->13
[205.509s][info][gc,metaspace   ] GC(478) Metaspace: 18559K(18752K)->18559K(18752K) NonClass: 15895K(16000K)->15895K(16000K) Class: 2664K(2752K)->2664K(2752K)
[205.509s][info][gc             ] GC(478) Pause Young (Prepare Mixed) (G1 Evacuation Pause) 882M->619M(978M) 71.242ms
[205.509s][info][gc,cpu         ] GC(478) User=0.14s Sys=0.00s Real=0.07s
[205.929s][info][gc,start       ] GC(479) Pause Young (Mixed) (G1 Evacuation Pause)
[205.929s][info][gc,task        ] GC(479) Using 2 workers of 2 for evacuation
[206.029s][info][gc,phases      ] GC(479)   Pre Evacuate Collection Set: 0.30ms
[206.029s][info][gc,phases      ] GC(479)   Merge Heap Roots: 1.44ms
[206.029s][info][gc,phases      ] GC(479)   Evacuate Collection Set: 97.69ms
[206.029s][info][gc,phases      ] GC(479)   Post Evacuate Collection Set: 0.48ms
[206.029s][info][gc,phases      ] GC(479)   Other: 0.09ms
[206.029s][info][gc,heap        ] GC(479) Eden regions: 280->0(302)
[206.029s][info][gc,heap        ] GC(479) Survivor regions: 1->1(36)
[206.029s][info][gc,heap        ] GC(479) Old regions: 606->598
[206.029s][info][gc,heap        ] GC(479) Humongous regions: 13->13
[206.029s][info][gc,metaspace   ] GC(479) Metaspace: 18559K(18752K)->18559K(18752K) NonClass: 15895K(16000K)->15895K(16000K) Class: 2664K(2752K)->2664K(2752K)
[206.029s][info][gc             ] GC(479) Pause Young (Mixed) (G1 Evacuation Pause) 899M->611M(978M) 100.249ms
[206.029s][info][gc,cpu         ] GC(479) User=0.20s Sys=0.00s Real=0.10s
[206.474s][info][gc,start       ] GC(480) Pause Young (Concurrent Start) (G1 Evacuation Pause)
[206.474s][info][gc,task        ] GC(480) Using 2 workers of 2 for evacuation
[206.476s][info][gc,phases      ] GC(480)   Pre Evacuate Collection Set: 0.32ms
[206.476s][info][gc,phases      ] GC(480)   Merge Heap Roots: 0.09ms
[206.476s][info][gc,phases      ] GC(480)   Evacuate Collection Set: 0.44ms
[206.476s][info][gc,phases      ] GC(480)   Post Evacuate Collection Set: 0.46ms
[206.476s][info][gc,phases      ] GC(480)   Other: 0.11ms
[206.476s][info][gc,heap        ] GC(480) Eden regions: 302->0(315)
[206.476s][info][gc,heap        ] GC(480) Survivor regions: 1->1(38)
[206.476s][info][gc,heap        ] GC(480) Old regions: 598->598
[206.476s][info][gc,heap        ] GC(480) Humongous regions: 13->13
[206.476s][info][gc,metaspace   ] GC(480) Metaspace: 18559K(18752K)->18559K(18752K) NonClass: 15895K(16000K)->15895K(16000K) Class: 2664K(2752K)->2664K(2752K)
[206.476s][info][gc             ] GC(480) Pause Young (Concurrent Start) (G1 Evacuation Pause) 913M->610M(978M) 1.618ms
[206.476s][info][gc,cpu         ] GC(480) User=0.00s Sys=0.00s Real=0.00s
[206.476s][info][gc             ] GC(481) Concurrent Mark Cycle
[206.476s][info][gc,marking     ] GC(481) Concurrent Scan Root Regions
[206.478s][info][gc,marking     ] GC(481) Concurrent Scan Root Regions 1.973ms
[206.478s][info][gc,marking     ] GC(481) Concurrent Mark
[206.478s][info][gc,marking     ] GC(481) Concurrent Mark From Roots
[206.478s][info][gc,task        ] GC(481) Using 1 workers of 1 for marking
[207.085s][info][gc,start       ] GC(482) Pause Young (Normal) (G1 Evacuation Pause)
[207.085s][info][gc,task        ] GC(482) Using 2 workers of 2 for evacuation
[207.122s][info][gc,phases      ] GC(482)   Pre Evacuate Collection Set: 0.50ms
[207.122s][info][gc,phases      ] GC(482)   Merge Heap Roots: 0.19ms
[207.122s][info][gc,phases      ] GC(482)   Evacuate Collection Set: 35.79ms
[207.122s][info][gc,phases      ] GC(482)   Post Evacuate Collection Set: 0.49ms
[207.122s][info][gc,phases      ] GC(482)   Other: 0.11ms
[207.122s][info][gc,heap        ] GC(482) Eden regions: 315->0(255)
[207.122s][info][gc,heap        ] GC(482) Survivor regions: 1->31(40)
[207.122s][info][gc,heap        ] GC(482) Old regions: 598->598
[207.122s][info][gc,heap        ] GC(482) Humongous regions: 13->13
[207.122s][info][gc,metaspace   ] GC(482) Metaspace: 18559K(18752K)->18559K(18752K) NonClass: 15895K(16000K)->15895K(16000K) Class: 2664K(2752K)->2664K(2752K)
[207.122s][info][gc             ] GC(482) Pause Young (Normal) (G1 Evacuation Pause) 925M->641M(978M) 37.292ms
[207.122s][info][gc,cpu         ] GC(482) User=0.08s Sys=0.00s Real=0.04s
[207.600s][info][gc,start       ] GC(483) Pause Young (Normal) (G1 Evacuation Pause)
[207.600s][info][gc,task        ] GC(483) Using 2 workers of 2 for evacuation
[207.639s][info][gc,phases      ] GC(483)   Pre Evacuate Collection Set: 0.28ms
[207.639s][info][gc,phases      ] GC(483)   Merge Heap Roots: 0.14ms
[207.639s][info][gc,phases      ] GC(483)   Evacuate Collection Set: 38.07ms
[207.639s][info][gc,phases      ] GC(483)   Post Evacuate Collection Set: 0.46ms
[207.639s][info][gc,phases      ] GC(483)   Other: 0.10ms
[207.639s][info][gc,heap        ] GC(483) Eden regions: 255->0(267)
[207.639s][info][gc,heap        ] GC(483) Survivor regions: 31->10(36)
[207.639s][info][gc,heap        ] GC(483) Old regions: 598->628
[207.639s][info][gc,heap        ] GC(483) Humongous regions: 13->13
[207.639s][info][gc,metaspace   ] GC(483) Metaspace: 18564K(18752K)->18564K(18752K) NonClass: 15900K(16000K)->15900K(16000K) Class: 2664K(2752K)->2664K(2752K)
[207.639s][info][gc             ] GC(483) Pause Young (Normal) (G1 Evacuation Pause) 896M->650M(978M) 39.267ms
[207.639s][info][gc,cpu         ] GC(483) User=0.08s Sys=0.00s Real=0.04s
[207.807s][info][gc,marking     ] GC(481) Concurrent Mark From Roots 1328.635ms
[207.807s][info][gc,marking     ] GC(481) Concurrent Preclean
[207.807s][info][gc,marking     ] GC(481) Concurrent Preclean 0.031ms
[207.810s][info][gc,start       ] GC(481) Pause Remark
[207.817s][info][gc             ] GC(481) Pause Remark 710M->624M(978M) 7.149ms
[207.817s][info][gc,cpu         ] GC(481) User=0.02s Sys=0.00s Real=0.01s
[207.817s][info][gc,marking     ] GC(481) Concurrent Mark 1339.345ms
[207.817s][info][gc,marking     ] GC(481) Concurrent Rebuild Remembered Sets and Scrub Regions
[208.370s][info][gc,marking     ] GC(481) Concurrent Rebuild Remembered Sets and Scrub Regions 553.016ms
[208.371s][info][gc,start       ] GC(481) Pause Cleanup
[208.371s][info][gc             ] GC(481) Pause Cleanup 823M->823M(978M) 0.151ms
[208.371s][info][gc,cpu         ] GC(481) User=0.00s Sys=0.00s Real=0.00s
[208.371s][info][gc,marking     ] GC(481) Concurrent Clear Claimed Marks
[208.371s][info][gc,marking     ] GC(481) Concurrent Clear Claimed Marks 0.032ms
[208.371s][info][gc,marking     ] GC(481) Concurrent Cleanup for Next Mark
[208.374s][info][gc,marking     ] GC(481) Concurrent Cleanup for Next Mark 2.880ms
[208.374s][info][gc             ] GC(481) Concurrent Mark Cycle 1897.811ms
[208.390s][info][gc,start       ] GC(484) Pause Young (Prepare Mixed) (G1 Evacuation Pause)
[208.390s][info][gc,task        ] GC(484) Using 2 workers of 2 for evacuation
[208.403s][info][gc,phases      ] GC(484)   Pre Evacuate Collection Set: 0.25ms
[208.403s][info][gc,phases      ] GC(484)   Merge Heap Roots: 0.20ms
[208.403s][info][gc,phases      ] GC(484)   Evacuate Collection Set: 11.66ms
[208.403s][info][gc,phases      ] GC(484)   Post Evacuate Collection Set: 0.45ms
[208.403s][info][gc,phases      ] GC(484)   Other: 0.09ms
[208.403s][info][gc,heap        ] GC(484) Eden regions: 267->0(49)
[208.403s][info][gc,heap        ] GC(484) Survivor regions: 10->10(35)
[208.403s][info][gc,heap        ] GC(484) Old regions: 548->548
[208.403s][info][gc,heap        ] GC(484) Humongous regions: 7->7
[208.403s][info][gc,metaspace   ] GC(484) Metaspace: 18564K(18752K)->18564K(18752K) NonClass: 15900K(16000K)->15900K(16000K) Class: 2664K(2752K)->2664K(2752K)
[208.403s][info][gc             ] GC(484) Pause Young (Prepare Mixed) (G1 Evacuation Pause) 831M->564M(978M) 12.814ms
[208.403s][info][gc,cpu         ] GC(484) User=0.02s Sys=0.00s Real=0.02s
[208.521s][info][gc,start       ] GC(485) Pause Young (Mixed) (G1 Evacuation Pause)
[208.522s][info][gc,task        ] GC(485) Using 2 workers of 2 for evacuation
[208.534s][info][gc,phases      ] GC(485)   Pre Evacuate Collection Set: 0.49ms
[208.534s][info][gc,phases      ] GC(485)   Merge Heap Roots: 0.13ms
[208.534s][info][gc,phases      ] GC(485)   Evacuate Collection Set: 11.23ms
[208.534s][info][gc,phases      ] GC(485)   Post Evacuate Collection Set: 0.29ms
[208.534s][info][gc,phases      ] GC(485)   Other: 0.09ms
[208.534s][info][gc,heap        ] GC(485) Eden regions: 68->0(184)
[208.534s][info][gc,heap        ] GC(485) Survivor regions: 10->2(10)
[208.534s][info][gc,heap        ] GC(485) Old regions: 548->551
[208.534s][info][gc,heap        ] GC(485) Humongous regions: 7->7
[208.534s][info][gc,metaspace   ] GC(485) Metaspace: 18564K(18752K)->18564K(18752K) NonClass: 15900K(16000K)->15900K(16000K) Class: 2664K(2752K)->2664K(2752K)
[208.534s][info][gc             ] GC(485) Pause Young (Mixed) (G1 Evacuation Pause) 632M->558M(978M) 12.460ms
[208.534s][info][gc,cpu         ] GC(485) User=0.02s Sys=0.00s Real=0.01s
[208.917s][info][gc,start       ] GC(486) Pause Young (Mixed) (G1 Evacuation Pause)
[208.917s][info][gc,task        ] GC(486) Using 2 workers of 2 for evacuation
[208.939s][info][gc,phases      ] GC(486)   Pre Evacuate Collection Set: 0.46ms
[208.939s][info][gc,phases      ] GC(486)   Merge Heap Roots: 0.16ms
[208.939s][info][gc,phases      ] GC(486)   Evacuate Collection Set: 20.68ms
[208.939s][info][gc,phases      ] GC(486)   Post Evacuate Collection Set: 0.57ms
[208.939s][info][gc,phases      ] GC(486)   Other: 0.10ms
[208.939s][info][gc,heap        ] GC(486) Eden regions: 225->0(57)
[208.939s][info][gc,heap        ] GC(486) Survivor regions: 2->15(29)
[208.939s][info][gc,heap        ] GC(486) Old regions: 551->545
[208.939s][info][gc,heap        ] GC(486) Humongous regions: 7->7
[208.939s][info][gc,metaspace   ] GC(486) Metaspace: 18564K(18752K)->18564K(18752K) NonClass: 15900K(16000K)->15900K(16000K) Class: 2664K(2752K)->2664K(2752K)
[208.939s][info][gc             ] GC(486) Pause Young (Mixed) (G1 Evacuation Pause) 783M->565M(978M) 22.182ms
[208.939s][info][gc,cpu         ] GC(486) User=0.04s Sys=0.00s Real=0.02s
[209.028s][info][gc,start       ] GC(487) Pause Young (Mixed) (G1 Evacuation Pause)
[209.028s][info][gc,task        ] GC(487) Using 2 workers of 2 for evacuation
[209.044s][info][gc,phases      ] GC(487)   Pre Evacuate Collection Set: 0.47ms
[209.044s][info][gc,phases      ] GC(487)   Merge Heap Roots: 0.17ms
[209.044s][info][gc,phases      ] GC(487)   Evacuate Collection Set: 15.19ms
[209.044s][info][gc,phases      ] GC(487)   Post Evacuate Collection Set: 0.27ms
[209.044s][info][gc,phases      ] GC(487)   Other: 0.06ms
[209.044s][info][gc,heap        ] GC(487) Eden regions: 69->0(318)
[209.044s][info][gc,heap        ] GC(487) Survivor regions: 15->1(11)
[209.044s][info][gc,heap        ] GC(487) Old regions: 545->552
[209.044s][info][gc,heap        ] GC(487) Humongous regions: 7->7
[209.044s][info][gc,metaspace   ] GC(487) Metaspace: 18564K(18752K)->18564K(18752K) NonClass: 15900K(16000K)->15900K(16000K) Class: 2664K(2752K)->2664K(2752K)
[209.044s][info][gc             ] GC(487) Pause Young (Mixed) (G1 Evacuation Pause) 634M->559M(978M) 16.333ms
[209.044s][info][gc,cpu         ] GC(487) User=0.04s Sys=0.00s Real=0.02s
[209.496s][info][gc,start       ] GC(488) Pause Young (Mixed) (G1 Evacuation Pause)
[209.496s][info][gc,task        ] GC(488) Using 2 workers of 2 for evacuation
[209.570s][info][gc,phases      ] GC(488)   Pre Evacuate Collection Set: 0.51ms
[209.570s][info][gc,phases      ] GC(488)   Merge Heap Roots: 0.14ms
[209.570s][info][gc,phases      ] GC(488)   Evacuate Collection Set: 72.81ms
[209.570s][info][gc,phases      ] GC(488)   Post Evacuate Collection Set: 0.66ms
[209.570s][info][gc,phases      ] GC(488)   Other: 0.10ms
[209.570s][info][gc,heap        ] GC(488) Eden regions: 350->0(4)
[209.570s][info][gc,heap        ] GC(488) Survivor regions: 1->44(44)
[209.570s][info][gc,heap        ] GC(488) Old regions: 552->565
[209.570s][info][gc,heap        ] GC(488) Humongous regions: 10->10
[209.570s][info][gc,metaspace   ] GC(488) Metaspace: 18573K(18752K)->18573K(18752K) NonClass: 15909K(16000K)->15909K(16000K) Class: 2664K(2752K)->2664K(2752K)
[209.570s][info][gc             ] GC(488) Pause Young (Mixed) (G1 Evacuation Pause) 912M->618M(978M) 74.473ms
[209.570s][info][gc,cpu         ] GC(488) User=0.14s Sys=0.00s Real=0.07s
[209.579s][info][gc,start       ] GC(489) Pause Young (Mixed) (G1 Evacuation Pause)
[209.579s][info][gc,task        ] GC(489) Using 2 workers of 2 for evacuation
[209.627s][info][gc,phases      ] GC(489)   Pre Evacuate Collection Set: 0.26ms
[209.627s][info][gc,phases      ] GC(489)   Merge Heap Roots: 0.23ms
[209.627s][info][gc,phases      ] GC(489)   Evacuate Collection Set: 46.83ms
[209.627s][info][gc,phases      ] GC(489)   Post Evacuate Collection Set: 0.28ms
[209.627s][info][gc,phases      ] GC(489)   Other: 0.08ms
[209.627s][info][gc,heap        ] GC(489) Eden regions: 4->0(242)
[209.627s][info][gc,heap        ] GC(489) Survivor regions: 44->1(6)
[209.627s][info][gc,heap        ] GC(489) Old regions: 565->603
[209.627s][info][gc,heap        ] GC(489) Humongous regions: 10->10
[209.627s][info][gc,metaspace   ] GC(489) Metaspace: 18573K(18752K)->18573K(18752K) NonClass: 15909K(16000K)->15909K(16000K) Class: 2664K(2752K)->2664K(2752K)
[209.627s][info][gc             ] GC(489) Pause Young (Mixed) (G1 Evacuation Pause) 622M->613M(978M) 47.920ms
[209.627s][info][gc,cpu         ] GC(489) User=0.09s Sys=0.00s Real=0.05s
[210.009s][info][gc,start       ] GC(490) Pause Young (Mixed) (G1 Evacuation Pause)
[210.009s][info][gc,task        ] GC(490) Using 2 workers of 2 for evacuation
[210.011s][info][gc,phases      ] GC(490)   Pre Evacuate Collection Set: 0.31ms
[210.011s][info][gc,phases      ] GC(490)   Merge Heap Roots: 0.13ms
[210.011s][info][gc,phases      ] GC(490)   Evacuate Collection Set: 1.32ms
[210.011s][info][gc,phases      ] GC(490)   Post Evacuate Collection Set: 0.40ms
[210.011s][info][gc,phases      ] GC(490)   Other: 0.09ms
[210.011s][info][gc,heap        ] GC(490) Eden regions: 261->0(282)
[210.011s][info][gc,heap        ] GC(490) Survivor regions: 1->1(33)
[210.011s][info][gc,heap        ] GC(490) Old regions: 603->596
[210.011s][info][gc,heap        ] GC(490) Humongous regions: 10->10
[210.011s][info][gc,metaspace   ] GC(490) Metaspace: 18573K(18752K)->18573K(18752K) NonClass: 15909K(16000K)->15909K(16000K) Class: 2664K(2752K)->2664K(2752K)
[210.012s][info][gc             ] GC(490) Pause Young (Mixed) (G1 Evacuation Pause) 874M->606M(978M) 2.446ms
[210.012s][info][gc,cpu         ] GC(490) User=0.01s Sys=0.00s Real=0.01s
[210.423s][info][gc,start       ] GC(491) Pause Young (Mixed) (G1 Evacuation Pause)
[210.423s][info][gc,task        ] GC(491) Using 2 workers of 2 for evacuation
[210.428s][info][gc,phases      ] GC(491)   Pre Evacuate Collection Set: 0.32ms
[210.428s][info][gc,phases      ] GC(491)   Merge Heap Roots: 0.16ms
[210.428s][info][gc,phases      ] GC(491)   Evacuate Collection Set: 3.88ms
[210.428s][info][gc,phases      ] GC(491)   Post Evacuate Collection Set: 0.47ms
[210.428s][info][gc,phases      ] GC(491)   Other: 0.10ms
[210.428s][info][gc,heap        ] GC(491) Eden regions: 289->0(316)
[210.428s][info][gc,heap        ] GC(491) Survivor regions: 1->1(37)
[210.428s][info][gc,heap        ] GC(491) Old regions: 596->584
[210.428s][info][gc,heap        ] GC(491) Humongous regions: 10->10
[210.428s][info][gc,metaspace   ] GC(491) Metaspace: 18573K(18752K)->18573K(18752K) NonClass: 15909K(16000K)->15909K(16000K) Class: 2664K(2752K)->2664K(2752K)
[210.428s][info][gc             ] GC(491) Pause Young (Mixed) (G1 Evacuation Pause) 895M->594M(978M) 5.136ms
[210.428s][info][gc,cpu         ] GC(491) User=0.01s Sys=0.00s Real=0.00s
[210.886s][info][gc,start       ] GC(492) Pause Young (Mixed) (G1 Evacuation Pause)
[210.886s][info][gc,task        ] GC(492) Using 2 workers of 2 for evacuation
[210.900s][info][gc,phases      ] GC(492)   Pre Evacuate Collection Set: 0.27ms
[210.900s][info][gc,phases      ] GC(492)   Merge Heap Roots: 0.32ms
[210.900s][info][gc,phases      ] GC(492)   Evacuate Collection Set: 12.80ms
[210.900s][info][gc,phases      ] GC(492)   Post Evacuate Collection Set: 0.47ms
[210.900s][info][gc,phases      ] GC(492)   Other: 0.10ms
[210.900s][info][gc,heap        ] GC(492) Eden regions: 316->0(324)
[210.900s][info][gc,heap        ] GC(492) Survivor regions: 1->3(40)
[210.900s][info][gc,heap        ] GC(492) Old regions: 584->584
[210.900s][info][gc,heap        ] GC(492) Humongous regions: 10->10
[210.900s][info][gc,metaspace   ] GC(492) Metaspace: 18573K(18752K)->18573K(18752K) NonClass: 15909K(16000K)->15909K(16000K) Class: 2664K(2752K)->2664K(2752K)
[210.900s][info][gc             ] GC(492) Pause Young (Mixed) (G1 Evacuation Pause) 910M->596M(978M) 14.194ms
[210.900s][info][gc,cpu         ] GC(492) User=0.02s Sys=0.00s Real=0.01s
[211.205s][info][gc,start       ] GC(493) Pause Young (Concurrent Start) (G1 Evacuation Pause)
[211.205s][info][gc,task        ] GC(493) Using 2 workers of 2 for evacuation
[211.237s][info][gc,phases      ] GC(493)   Pre Evacuate Collection Set: 0.33ms
[211.237s][info][gc,phases      ] GC(493)   Merge Heap Roots: 0.17ms
[211.237s][info][gc,phases      ] GC(493)   Evacuate Collection Set: 31.23ms
[211.237s][info][gc,phases      ] GC(493)   Post Evacuate Collection Set: 0.55ms
[211.237s][info][gc,phases      ] GC(493)   Other: 0.09ms
[211.237s][info][gc,heap        ] GC(493) Eden regions: 324->0(280)
[211.237s][info][gc,heap        ] GC(493) Survivor regions: 3->27(41)
[211.237s][info][gc,heap        ] GC(493) Old regions: 584->584
[211.237s][info][gc,heap        ] GC(493) Humongous regions: 10->10
[211.237s][info][gc,metaspace   ] GC(493) Metaspace: 18576K(18752K)->18576K(18752K) NonClass: 15912K(16000K)->15912K(16000K) Class: 2664K(2752K)->2664K(2752K)
[211.237s][info][gc             ] GC(493) Pause Young (Concurrent Start) (G1 Evacuation Pause) 920M->620M(978M) 32.609ms
[211.237s][info][gc,cpu         ] GC(493) User=0.07s Sys=0.00s Real=0.03s
[211.237s][info][gc             ] GC(494) Concurrent Mark Cycle
[211.237s][info][gc,marking     ] GC(494) Concurrent Scan Root Regions
[211.287s][info][gc,marking     ] GC(494) Concurrent Scan Root Regions 49.718ms
[211.287s][info][gc,marking     ] GC(494) Concurrent Mark
[211.287s][info][gc,marking     ] GC(494) Concurrent Mark From Roots
[211.287s][info][gc,task        ] GC(494) Using 1 workers of 1 for marking
[211.713s][info][gc,start       ] GC(495) Pause Young (Normal) (G1 Evacuation Pause)
[211.713s][info][gc,task        ] GC(495) Using 2 workers of 2 for evacuation
[211.753s][info][gc,phases      ] GC(495)   Pre Evacuate Collection Set: 0.49ms
[211.753s][info][gc,phases      ] GC(495)   Merge Heap Roots: 0.20ms
[211.753s][info][gc,phases      ] GC(495)   Evacuate Collection Set: 38.79ms
[211.753s][info][gc,phases      ] GC(495)   Post Evacuate Collection Set: 0.50ms
[211.753s][info][gc,phases      ] GC(495)   Other: 0.09ms
[211.753s][info][gc,heap        ] GC(495) Eden regions: 280->0(282)
[211.753s][info][gc,heap        ] GC(495) Survivor regions: 27->13(39)
[211.753s][info][gc,heap        ] GC(495) Old regions: 584->610
[211.753s][info][gc,heap        ] GC(495) Humongous regions: 10->10
[211.753s][info][gc,metaspace   ] GC(495) Metaspace: 18582K(18752K)->18582K(18752K) NonClass: 15918K(16000K)->15918K(16000K) Class: 2664K(2752K)->2664K(2752K)
[211.754s][info][gc             ] GC(495) Pause Young (Normal) (G1 Evacuation Pause) 900M->632M(978M) 40.275ms
[211.754s][info][gc,cpu         ] GC(495) User=0.08s Sys=0.00s Real=0.04s
[212.586s][info][gc,start       ] GC(496) Pause Young (Normal) (G1 Evacuation Pause)
[212.586s][info][gc,task        ] GC(496) Using 2 workers of 2 for evacuation
[212.633s][info][gc,phases      ] GC(496)   Pre Evacuate Collection Set: 0.48ms
[212.633s][info][gc,phases      ] GC(496)   Merge Heap Roots: 0.34ms
[212.633s][info][gc,phases      ] GC(496)   Evacuate Collection Set: 45.51ms
[212.633s][info][gc,phases      ] GC(496)   Post Evacuate Collection Set: 0.53ms
[212.633s][info][gc,phases      ] GC(496)   Other: 0.09ms
[212.633s][info][gc,heap        ] GC(496) Eden regions: 282->0(233)
[212.633s][info][gc,heap        ] GC(496) Survivor regions: 13->37(37)
[212.633s][info][gc,heap        ] GC(496) Old regions: 610->611
[212.633s][info][gc,heap        ] GC(496) Humongous regions: 10->10
[212.633s][info][gc,metaspace   ] GC(496) Metaspace: 18621K(18816K)->18621K(18816K) NonClass: 15957K(16064K)->15957K(16064K) Class: 2664K(2752K)->2664K(2752K)
[212.633s][info][gc             ] GC(496) Pause Young (Normal) (G1 Evacuation Pause) 914M->657M(978M) 47.195ms
[212.633s][info][gc,cpu         ] GC(496) User=0.09s Sys=0.00s Real=0.05s
[212.741s][info][gc,marking     ] GC(494) Concurrent Mark From Roots 1454.228ms
[212.742s][info][gc,marking     ] GC(494) Concurrent Preclean
[212.742s][info][gc,marking     ] GC(494) Concurrent Preclean 0.034ms
[212.742s][info][gc,start       ] GC(494) Pause Remark
[212.749s][info][gc             ] GC(494) Pause Remark 729M->658M(978M) 7.218ms
[212.749s][info][gc,cpu         ] GC(494) User=0.01s Sys=0.00s Real=0.00s
[212.750s][info][gc,marking     ] GC(494) Concurrent Mark 1462.758ms
[212.750s][info][gc,marking     ] GC(494) Concurrent Rebuild Remembered Sets and Scrub Regions
[213.013s][info][gc,start       ] GC(497) Pause Young (Normal) (G1 Evacuation Pause)
[213.013s][info][gc,task        ] GC(497) Using 2 workers of 2 for evacuation
[213.104s][info][gc,phases      ] GC(497)   Pre Evacuate Collection Set: 0.46ms
[213.104s][info][gc,phases      ] GC(497)   Merge Heap Roots: 0.53ms
[213.104s][info][gc,phases      ] GC(497)   Evacuate Collection Set: 88.48ms
[213.104s][info][gc,phases      ] GC(497)   Post Evacuate Collection Set: 0.76ms
[213.104s][info][gc,phases      ] GC(497)   Other: 0.08ms
[213.104s][info][gc,heap        ] GC(497) Eden regions: 233->0(258)
[213.104s][info][gc,heap        ] GC(497) Survivor regions: 37->34(34)
[213.104s][info][gc,heap        ] GC(497) Old regions: 543->590
[213.104s][info][gc,heap        ] GC(497) Humongous regions: 7->7
[213.104s][info][gc,metaspace   ] GC(497) Metaspace: 18622K(18816K)->18622K(18816K) NonClass: 15958K(16064K)->15958K(16064K) Class: 2664K(2752K)->2664K(2752K)
[213.104s][info][gc             ] GC(497) Pause Young (Normal) (G1 Evacuation Pause) 819M->630M(978M) 90.509ms
[213.104s][info][gc,cpu         ] GC(497) User=0.18s Sys=0.00s Real=0.09s
[213.391s][info][gc,start       ] GC(498) Pause Young (Normal) (G1 Evacuation Pause)
[213.391s][info][gc,task        ] GC(498) Using 2 workers of 2 for evacuation
[213.482s][info][gc,phases      ] GC(498)   Pre Evacuate Collection Set: 0.26ms
[213.482s][info][gc,phases      ] GC(498)   Merge Heap Roots: 0.46ms
[213.482s][info][gc,phases      ] GC(498)   Evacuate Collection Set: 89.84ms
[213.483s][info][gc,phases      ] GC(498)   Post Evacuate Collection Set: 0.81ms
[213.483s][info][gc,phases      ] GC(498)   Other: 0.10ms
[213.483s][info][gc,heap        ] GC(498) Eden regions: 258->0(212)
[213.483s][info][gc,heap        ] GC(498) Survivor regions: 34->37(37)
[213.483s][info][gc,heap        ] GC(498) Old regions: 590->634
[213.483s][info][gc,heap        ] GC(498) Humongous regions: 7->7
[213.483s][info][gc,metaspace   ] GC(498) Metaspace: 18623K(18816K)->18623K(18816K) NonClass: 15959K(16064K)->15959K(16064K) Class: 2664K(2752K)->2664K(2752K)
[213.483s][info][gc             ] GC(498) Pause Young (Normal) (G1 Evacuation Pause) 888M->677M(978M) 91.700ms
[213.483s][info][gc,cpu         ] GC(498) User=0.18s Sys=0.00s Real=0.10s
[213.490s][info][gc,marking     ] GC(494) Concurrent Rebuild Remembered Sets and Scrub Regions 740.102ms
[213.490s][info][gc,start       ] GC(494) Pause Cleanup
[213.490s][info][gc             ] GC(494) Pause Cleanup 685M->685M(978M) 0.128ms
[213.490s][info][gc,cpu         ] GC(494) User=0.00s Sys=0.00s Real=0.00s
[213.491s][info][gc,marking     ] GC(494) Concurrent Clear Claimed Marks
[213.491s][info][gc,marking     ] GC(494) Concurrent Clear Claimed Marks 0.035ms
[213.491s][info][gc,marking     ] GC(494) Concurrent Cleanup for Next Mark
[213.500s][info][gc,marking     ] GC(494) Concurrent Cleanup for Next Mark 8.526ms
[213.500s][info][gc             ] GC(494) Concurrent Mark Cycle 2262.557ms
[213.691s][info][gc,start       ] GC(499) Pause Young (Prepare Mixed) (G1 Evacuation Pause)
[213.691s][info][gc,task        ] GC(499) Using 2 workers of 2 for evacuation
[213.773s][info][gc,phases      ] GC(499)   Pre Evacuate Collection Set: 0.49ms
[213.773s][info][gc,phases      ] GC(499)   Merge Heap Roots: 0.47ms
[213.773s][info][gc,phases      ] GC(499)   Evacuate Collection Set: 79.80ms
[213.773s][info][gc,phases      ] GC(499)   Post Evacuate Collection Set: 0.77ms
[213.773s][info][gc,phases      ] GC(499)   Other: 0.09ms
[213.773s][info][gc,heap        ] GC(499) Eden regions: 212->0(98)
[213.773s][info][gc,heap        ] GC(499) Survivor regions: 37->32(32)
[213.773s][info][gc,heap        ] GC(499) Old regions: 634->676
[213.773s][info][gc,heap        ] GC(499) Humongous regions: 7->7
[213.773s][info][gc,metaspace   ] GC(499) Metaspace: 18623K(18816K)->18623K(18816K) NonClass: 15959K(16064K)->15959K(16064K) Class: 2664K(2752K)->2664K(2752K)
[213.773s][info][gc             ] GC(499) Pause Young (Prepare Mixed) (G1 Evacuation Pause) 889M->714M(978M) 81.884ms
[213.773s][info][gc,cpu         ] GC(499) User=0.16s Sys=0.00s Real=0.08s
[213.826s][info][gc,start       ] GC(500) Pause Young (Mixed) (G1 Evacuation Pause)
[213.826s][info][gc,task        ] GC(500) Using 2 workers of 2 for evacuation
[213.873s][info][gc,phases      ] GC(500)   Pre Evacuate Collection Set: 0.47ms
[213.873s][info][gc,phases      ] GC(500)   Merge Heap Roots: 0.44ms
[213.873s][info][gc,phases      ] GC(500)   Evacuate Collection Set: 44.71ms
[213.873s][info][gc,phases      ] GC(500)   Merge Optional Heap Roots: 0.04ms
[213.873s][info][gc,phases      ] GC(500)   Evacuate Optional Collection Set: 0.88ms
[213.873s][info][gc,phases      ] GC(500)   Post Evacuate Collection Set: 0.60ms
[213.873s][info][gc,phases      ] GC(500)   Other: 0.09ms
[213.873s][info][gc,heap        ] GC(500) Eden regions: 53->0(204)
[213.873s][info][gc,heap        ] GC(500) Survivor regions: 32->1(11)
[213.873s][info][gc,heap        ] GC(500) Old regions: 676->677
[213.873s][info][gc,heap        ] GC(500) Humongous regions: 7->7
[213.873s][info][gc,metaspace   ] GC(500) Metaspace: 18623K(18816K)->18623K(18816K) NonClass: 15959K(16064K)->15959K(16064K) Class: 2664K(2752K)->2664K(2752K)
[213.873s][info][gc             ] GC(500) Pause Young (Mixed) (G1 Evacuation Pause) 767M->684M(978M) 47.452ms
[213.873s][info][gc,cpu         ] GC(500) User=0.09s Sys=0.00s Real=0.05s
[214.041s][info][gc,start       ] GC(501) Pause Young (Mixed) (G1 Evacuation Pause)
[214.041s][info][gc,task        ] GC(501) Using 2 workers of 2 for evacuation
[214.083s][info][gc,phases      ] GC(501)   Pre Evacuate Collection Set: 0.49ms
[214.083s][info][gc,phases      ] GC(501)   Merge Heap Roots: 0.99ms
[214.083s][info][gc,phases      ] GC(501)   Evacuate Collection Set: 34.97ms
[214.083s][info][gc,phases      ] GC(501)   Merge Optional Heap Roots: 0.11ms
[214.083s][info][gc,phases      ] GC(501)   Evacuate Optional Collection Set: 3.94ms
[214.083s][info][gc,phases      ] GC(501)   Post Evacuate Collection Set: 0.86ms
[214.083s][info][gc,phases      ] GC(501)   Other: 0.08ms
[214.083s][info][gc,heap        ] GC(501) Eden regions: 204->0(225)
[214.083s][info][gc,heap        ] GC(501) Survivor regions: 1->4(26)
[214.083s][info][gc,heap        ] GC(501) Old regions: 677->657
[214.083s][info][gc,heap        ] GC(501) Humongous regions: 7->7
[214.083s][info][gc,metaspace   ] GC(501) Metaspace: 18623K(18816K)->18623K(18816K) NonClass: 15959K(16064K)->15959K(16064K) Class: 2664K(2752K)->2664K(2752K)
[214.083s][info][gc             ] GC(501) Pause Young (Mixed) (G1 Evacuation Pause) 888M->667M(978M) 41.675ms
[214.083s][info][gc,cpu         ] GC(501) User=0.07s Sys=0.00s Real=0.04s
[214.300s][info][gc,start       ] GC(502) Pause Young (Mixed) (G1 Evacuation Pause)
[214.300s][info][gc,task        ] GC(502) Using 2 workers of 2 for evacuation
[214.346s][info][gc,phases      ] GC(502)   Pre Evacuate Collection Set: 1.93ms
[214.346s][info][gc,phases      ] GC(502)   Merge Heap Roots: 1.02ms
[214.346s][info][gc,phases      ] GC(502)   Evacuate Collection Set: 41.26ms
[214.346s][info][gc,phases      ] GC(502)   Post Evacuate Collection Set: 1.50ms
[214.346s][info][gc,phases      ] GC(502)   Other: 0.09ms
[214.346s][info][gc,heap        ] GC(502) Eden regions: 225->0(108)
[214.346s][info][gc,heap        ] GC(502) Survivor regions: 4->4(29)
[214.346s][info][gc,heap        ] GC(502) Old regions: 657->652
[214.346s][info][gc,heap        ] GC(502) Humongous regions: 7->7
[214.346s][info][gc,metaspace   ] GC(502) Metaspace: 18623K(18816K)->18623K(18816K) NonClass: 15959K(16064K)->15959K(16064K) Class: 2664K(2752K)->2664K(2752K)
[214.346s][info][gc             ] GC(502) Pause Young (Mixed) (G1 Evacuation Pause) 892M->662M(978M) 46.060ms
[214.346s][info][gc,cpu         ] GC(502) User=0.09s Sys=0.00s Real=0.05s
[214.487s][info][gc,start       ] GC(503) Pause Young (Mixed) (G1 Evacuation Pause)
[214.488s][info][gc,task        ] GC(503) Using 2 workers of 2 for evacuation
[214.640s][info][gc,phases      ] GC(503)   Pre Evacuate Collection Set: 0.61ms
[214.640s][info][gc,phases      ] GC(503)   Merge Heap Roots: 1.73ms
[214.641s][info][gc,phases      ] GC(503)   Evacuate Collection Set: 149.86ms
[214.641s][info][gc,phases      ] GC(503)   Post Evacuate Collection Set: 0.51ms
[214.641s][info][gc,phases      ] GC(503)   Other: 0.13ms
[214.641s][info][gc,heap        ] GC(503) Eden regions: 111->0(226)
[214.641s][info][gc,heap        ] GC(503) Survivor regions: 4->15(15)
[214.641s][info][gc,heap        ] GC(503) Old regions: 652->654
[214.641s][info][gc,heap        ] GC(503) Humongous regions: 7->7
[214.641s][info][gc,metaspace   ] GC(503) Metaspace: 18623K(18816K)->18623K(18816K) NonClass: 15959K(16064K)->15959K(16064K) Class: 2664K(2752K)->2664K(2752K)
[214.641s][info][gc             ] GC(503) Pause Young (Mixed) (G1 Evacuation Pause) 773M->675M(978M) 153.113ms
[214.641s][info][gc,cpu         ] GC(503) User=0.30s Sys=0.00s Real=0.15s
[214.933s][info][gc,start       ] GC(504) Pause Young (Concurrent Start) (G1 Evacuation Pause)
[214.933s][info][gc,task        ] GC(504) Using 2 workers of 2 for evacuation
[214.956s][info][gc,phases      ] GC(504)   Pre Evacuate Collection Set: 0.34ms
[214.956s][info][gc,phases      ] GC(504)   Merge Heap Roots: 0.17ms
[214.956s][info][gc,phases      ] GC(504)   Evacuate Collection Set: 21.81ms
[214.956s][info][gc,phases      ] GC(504)   Post Evacuate Collection Set: 0.46ms
[214.956s][info][gc,phases      ] GC(504)   Other: 0.21ms
[214.956s][info][gc,heap        ] GC(504) Eden regions: 226->0(231)
[214.956s][info][gc,heap        ] GC(504) Survivor regions: 15->18(31)
[214.956s][info][gc,heap        ] GC(504) Old regions: 654->654
[214.956s][info][gc,heap        ] GC(504) Humongous regions: 7->7
[214.956s][info][gc,metaspace   ] GC(504) Metaspace: 18623K(18816K)->18623K(18816K) NonClass: 15959K(16064K)->15959K(16064K) Class: 2664K(2752K)->2664K(2752K)
[214.956s][info][gc             ] GC(504) Pause Young (Concurrent Start) (G1 Evacuation Pause) 901M->678M(978M) 23.183ms
[214.956s][info][gc,cpu         ] GC(504) User=0.04s Sys=0.00s Real=0.02s
[214.956s][info][gc             ] GC(505) Concurrent Mark Cycle
[214.956s][info][gc,marking     ] GC(505) Concurrent Scan Root Regions
[214.993s][info][gc,marking     ] GC(505) Concurrent Scan Root Regions 36.625ms
[214.993s][info][gc,marking     ] GC(505) Concurrent Mark
[214.993s][info][gc,marking     ] GC(505) Concurrent Mark From Roots
[214.993s][info][gc,task        ] GC(505) Using 1 workers of 1 for marking
[215.263s][info][gc,start       ] GC(506) Pause Young (Normal) (G1 Evacuation Pause)
[215.263s][info][gc,task        ] GC(506) Using 2 workers of 2 for evacuation
[215.301s][info][gc,phases      ] GC(506)   Pre Evacuate Collection Set: 0.49ms
[215.301s][info][gc,phases      ] GC(506)   Merge Heap Roots: 0.29ms
[215.301s][info][gc,phases      ] GC(506)   Evacuate Collection Set: 36.78ms
[215.301s][info][gc,phases      ] GC(506)   Post Evacuate Collection Set: 0.54ms
[215.301s][info][gc,phases      ] GC(506)   Other: 0.09ms
[215.301s][info][gc,heap        ] GC(506) Eden regions: 231->0(212)
[215.301s][info][gc,heap        ] GC(506) Survivor regions: 18->26(32)
[215.301s][info][gc,heap        ] GC(506) Old regions: 654->657
[215.301s][info][gc,heap        ] GC(506) Humongous regions: 7->7
[215.301s][info][gc,metaspace   ] GC(506) Metaspace: 18623K(18816K)->18623K(18816K) NonClass: 15959K(16064K)->15959K(16064K) Class: 2664K(2752K)->2664K(2752K)
[215.301s][info][gc             ] GC(506) Pause Young (Normal) (G1 Evacuation Pause) 909M->689M(978M) 38.403ms
[215.301s][info][gc,cpu         ] GC(506) User=0.07s Sys=0.00s Real=0.04s
[216.090s][info][gc,start       ] GC(507) Pause Young (Normal) (G1 Evacuation Pause)
[216.090s][info][gc,task        ] GC(507) Using 2 workers of 2 for evacuation
[216.169s][info][gc,phases      ] GC(507)   Pre Evacuate Collection Set: 0.50ms
[216.169s][info][gc,phases      ] GC(507)   Merge Heap Roots: 0.43ms
[216.169s][info][gc,phases      ] GC(507)   Evacuate Collection Set: 77.75ms
[216.169s][info][gc,phases      ] GC(507)   Post Evacuate Collection Set: 0.72ms
[216.169s][info][gc,phases      ] GC(507)   Other: 0.08ms
[216.169s][info][gc,heap        ] GC(507) Eden regions: 212->0(174)
[216.169s][info][gc,heap        ] GC(507) Survivor regions: 26->30(30)
[216.169s][info][gc,heap        ] GC(507) Old regions: 657->684
[216.169s][info][gc,heap        ] GC(507) Humongous regions: 10->10
[216.169s][info][gc,metaspace   ] GC(507) Metaspace: 18623K(18816K)->18623K(18816K) NonClass: 15959K(16064K)->15959K(16064K) Class: 2664K(2752K)->2664K(2752K)
[216.169s][info][gc             ] GC(507) Pause Young (Normal) (G1 Evacuation Pause) 904M->723M(978M) 79.713ms
[216.169s][info][gc,cpu         ] GC(507) User=0.15s Sys=0.00s Real=0.08s
[216.479s][info][gc,start       ] GC(508) Pause Young (Normal) (G1 Evacuation Pause)
[216.479s][info][gc,task        ] GC(508) Using 2 workers of 2 for evacuation
[216.541s][info][gc,phases      ] GC(508)   Pre Evacuate Collection Set: 0.32ms
[216.541s][info][gc,phases      ] GC(508)   Merge Heap Roots: 0.39ms
[216.541s][info][gc,phases      ] GC(508)   Evacuate Collection Set: 60.93ms
[216.541s][info][gc,phases      ] GC(508)   Post Evacuate Collection Set: 0.40ms
[216.541s][info][gc,phases      ] GC(508)   Other: 0.07ms
[216.541s][info][gc,heap        ] GC(508) Eden regions: 174->0(168)
[216.541s][info][gc,heap        ] GC(508) Survivor regions: 30->18(26)
[216.541s][info][gc,heap        ] GC(508) Old regions: 684->714
[216.541s][info][gc,heap        ] GC(508) Humongous regions: 10->10
[216.541s][info][gc,metaspace   ] GC(508) Metaspace: 18627K(18816K)->18627K(18816K) NonClass: 15962K(16064K)->15962K(16064K) Class: 2664K(2752K)->2664K(2752K)
[216.541s][info][gc             ] GC(508) Pause Young (Normal) (G1 Evacuation Pause) 897M->741M(978M) 62.329ms
[216.541s][info][gc,cpu         ] GC(508) User=0.12s Sys=0.00s Real=0.06s
[216.829s][info][gc,start       ] GC(509) Pause Young (Normal) (G1 Evacuation Pause)
[216.829s][info][gc,task        ] GC(509) Using 2 workers of 2 for evacuation
[216.858s][info][gc,phases      ] GC(509)   Pre Evacuate Collection Set: 0.29ms
[216.858s][info][gc,phases      ] GC(509)   Merge Heap Roots: 0.23ms
[216.858s][info][gc,phases      ] GC(509)   Evacuate Collection Set: 27.70ms
[216.858s][info][gc,phases      ] GC(509)   Post Evacuate Collection Set: 0.35ms
[216.858s][info][gc,phases      ] GC(509)   Other: 0.08ms
[216.858s][info][gc,heap        ] GC(509) Eden regions: 168->0(174)
[216.858s][info][gc,heap        ] GC(509) Survivor regions: 18->6(24)
[216.858s][info][gc,heap        ] GC(509) Old regions: 714->732
[216.858s][info][gc,heap        ] GC(509) Humongous regions: 10->10
[216.858s][info][gc,metaspace   ] GC(509) Metaspace: 18631K(18816K)->18631K(18816K) NonClass: 15967K(16064K)->15967K(16064K) Class: 2664K(2752K)->2664K(2752K)
[216.858s][info][gc             ] GC(509) Pause Young (Normal) (G1 Evacuation Pause) 909M->746M(978M) 28.842ms
[216.858s][info][gc,cpu         ] GC(509) User=0.06s Sys=0.00s Real=0.03s
[217.085s][info][gc,start       ] GC(510) Pause Young (Normal) (G1 Evacuation Pause)
[217.086s][info][gc,task        ] GC(510) Using 2 workers of 2 for evacuation
[217.094s][info][gc,phases      ] GC(510)   Pre Evacuate Collection Set: 0.28ms
[217.094s][info][gc,phases      ] GC(510)   Merge Heap Roots: 0.15ms
[217.094s][info][gc,phases      ] GC(510)   Evacuate Collection Set: 7.77ms
[217.094s][info][gc,phases      ] GC(510)   Post Evacuate Collection Set: 0.38ms
[217.094s][info][gc,phases      ] GC(510)   Other: 0.10ms
[217.094s][info][gc,heap        ] GC(510) Eden regions: 174->0(174)
[217.094s][info][gc,heap        ] GC(510) Survivor regions: 6->6(23)
[217.094s][info][gc,heap        ] GC(510) Old regions: 732->732
[217.094s][info][gc,heap        ] GC(510) Humongous regions: 10->10
[217.094s][info][gc,metaspace   ] GC(510) Metaspace: 18632K(18816K)->18632K(18816K) NonClass: 15968K(16064K)->15968K(16064K) Class: 2664K(2752K)->2664K(2752K)
[217.094s][info][gc             ] GC(510) Pause Young (Normal) (G1 Evacuation Pause) 920M->747M(978M) 8.890ms
[217.094s][info][gc,cpu         ] GC(510) User=0.02s Sys=0.00s Real=0.01s
[217.148s][info][gc,marking     ] GC(505) Concurrent Mark From Roots 2154.725ms
[217.148s][info][gc,marking     ] GC(505) Concurrent Preclean
[217.148s][info][gc,marking     ] GC(505) Concurrent Preclean 0.033ms
[217.148s][info][gc,start       ] GC(505) Pause Remark
[217.155s][info][gc             ] GC(505) Pause Remark 781M->781M(978M) 7.131ms
[217.155s][info][gc,cpu         ] GC(505) User=0.01s Sys=0.00s Real=0.01s
[217.155s][info][gc,marking     ] GC(505) Concurrent Mark 2162.160ms
[217.155s][info][gc,marking     ] GC(505) Concurrent Rebuild Remembered Sets and Scrub Regions
[217.447s][info][gc,start       ] GC(511) Pause Young (Normal) (G1 Evacuation Pause)
[217.447s][info][gc,task        ] GC(511) Using 2 workers of 2 for evacuation
[217.464s][info][gc,phases      ] GC(511)   Pre Evacuate Collection Set: 0.47ms
[217.465s][info][gc,phases      ] GC(511)   Merge Heap Roots: 0.23ms
[217.465s][info][gc,phases      ] GC(511)   Evacuate Collection Set: 15.99ms
[217.465s][info][gc,phases      ] GC(511)   Post Evacuate Collection Set: 0.38ms
[217.465s][info][gc,phases      ] GC(511)   Other: 0.11ms
[217.465s][info][gc,heap        ] GC(511) Eden regions: 174->0(160)
[217.465s][info][gc,heap        ] GC(511) Survivor regions: 6->13(23)
[217.465s][info][gc,heap        ] GC(511) Old regions: 732->732
[217.465s][info][gc,heap        ] GC(511) Humongous regions: 10->10
[217.465s][info][gc,metaspace   ] GC(511) Metaspace: 18634K(18816K)->18634K(18816K) NonClass: 15970K(16064K)->15970K(16064K) Class: 2664K(2752K)->2664K(2752K)
[217.465s][info][gc             ] GC(511) Pause Young (Normal) (G1 Evacuation Pause) 921M->753M(978M) 17.383ms
[217.465s][info][gc,cpu         ] GC(511) User=0.04s Sys=0.00s Real=0.02s
[217.846s][info][gc,start       ] GC(512) Pause Young (Normal) (G1 Evacuation Pause)
[217.846s][info][gc,task        ] GC(512) Using 2 workers of 2 for evacuation
[217.864s][info][gc,phases      ] GC(512)   Pre Evacuate Collection Set: 0.46ms
[217.864s][info][gc,phases      ] GC(512)   Merge Heap Roots: 0.24ms
[217.864s][info][gc,phases      ] GC(512)   Evacuate Collection Set: 16.58ms
[217.864s][info][gc,phases      ] GC(512)   Post Evacuate Collection Set: 0.39ms
[217.864s][info][gc,phases      ] GC(512)   Other: 0.12ms
[217.864s][info][gc,heap        ] GC(512) Eden regions: 160->0(163)
[217.864s][info][gc,heap        ] GC(512) Survivor regions: 13->9(22)
[217.864s][info][gc,heap        ] GC(512) Old regions: 732->737
[217.864s][info][gc,heap        ] GC(512) Humongous regions: 10->10
[217.864s][info][gc,metaspace   ] GC(512) Metaspace: 18634K(18816K)->18634K(18816K) NonClass: 15970K(16064K)->15970K(16064K) Class: 2664K(2752K)->2664K(2752K)
[217.864s][info][gc             ] GC(512) Pause Young (Normal) (G1 Evacuation Pause) 913M->755M(978M) 17.989ms
[217.864s][info][gc,cpu         ] GC(512) User=0.03s Sys=0.00s Real=0.02s
[217.887s][info][gc,marking     ] GC(505) Concurrent Rebuild Remembered Sets and Scrub Regions 732.215ms
[217.888s][info][gc,start       ] GC(505) Pause Cleanup
[217.888s][info][gc             ] GC(505) Pause Cleanup 759M->759M(978M) 0.100ms
[217.888s][info][gc,cpu         ] GC(505) User=0.00s Sys=0.00s Real=0.00s
[217.890s][info][gc,marking     ] GC(505) Concurrent Clear Claimed Marks
[217.890s][info][gc,marking     ] GC(505) Concurrent Clear Claimed Marks 0.044ms
[217.890s][info][gc,marking     ] GC(505) Concurrent Cleanup for Next Mark
[217.899s][info][gc,marking     ] GC(505) Concurrent Cleanup for Next Mark 8.423ms
[217.899s][info][gc             ] GC(505) Concurrent Mark Cycle 2942.636ms
[218.313s][info][gc,start       ] GC(513) Pause Young (Prepare Mixed) (G1 Evacuation Pause)
[218.313s][info][gc,task        ] GC(513) Using 2 workers of 2 for evacuation
[218.325s][info][gc,phases      ] GC(513)   Pre Evacuate Collection Set: 0.29ms
[218.325s][info][gc,phases      ] GC(513)   Merge Heap Roots: 0.23ms
[218.325s][info][gc,phases      ] GC(513)   Evacuate Collection Set: 10.90ms
[218.325s][info][gc,phases      ] GC(513)   Post Evacuate Collection Set: 0.37ms
[218.325s][info][gc,phases      ] GC(513)   Other: 0.07ms
[218.325s][info][gc,heap        ] GC(513) Eden regions: 163->0(163)
[218.325s][info][gc,heap        ] GC(513) Survivor regions: 9->9(22)
[218.325s][info][gc,heap        ] GC(513) Old regions: 737->737
[218.325s][info][gc,heap        ] GC(513) Humongous regions: 10->10
[218.325s][info][gc,metaspace   ] GC(513) Metaspace: 18638K(18816K)->18638K(18816K) NonClass: 15974K(16064K)->15974K(16064K) Class: 2664K(2752K)->2664K(2752K)
[218.325s][info][gc             ] GC(513) Pause Young (Prepare Mixed) (G1 Evacuation Pause) 918M->755M(978M) 12.038ms
[218.325s][info][gc,cpu         ] GC(513) User=0.02s Sys=0.00s Real=0.01s
[219.041s][info][gc,start       ] GC(514) Pause Young (Mixed) (G1 Evacuation Pause)
[219.041s][info][gc,task        ] GC(514) Using 2 workers of 2 for evacuation
[219.065s][info][gc,phases      ] GC(514)   Pre Evacuate Collection Set: 0.52ms
[219.065s][info][gc,phases      ] GC(514)   Merge Heap Roots: 0.45ms
[219.065s][info][gc,phases      ] GC(514)   Evacuate Collection Set: 22.84ms
[219.065s][info][gc,phases      ] GC(514)   Post Evacuate Collection Set: 0.43ms
[219.065s][info][gc,phases      ] GC(514)   Other: 0.07ms
[219.065s][info][gc,heap        ] GC(514) Eden regions: 163->0(170)
[219.065s][info][gc,heap        ] GC(514) Survivor regions: 9->9(22)
[219.065s][info][gc,heap        ] GC(514) Old regions: 737->730
[219.065s][info][gc,heap        ] GC(514) Humongous regions: 10->10
[219.065s][info][gc,metaspace   ] GC(514) Metaspace: 18638K(18816K)->18638K(18816K) NonClass: 15974K(16064K)->15974K(16064K) Class: 2664K(2752K)->2664K(2752K)
[219.065s][info][gc             ] GC(514) Pause Young (Mixed) (G1 Evacuation Pause) 918M->747M(978M) 24.534ms
[219.065s][info][gc,cpu         ] GC(514) User=0.04s Sys=0.00s Real=0.03s
[219.408s][info][gc,start       ] GC(515) Pause Young (Concurrent Start) (G1 Evacuation Pause)
[219.408s][info][gc,task        ] GC(515) Using 2 workers of 2 for evacuation
[219.440s][info][gc,phases      ] GC(515)   Pre Evacuate Collection Set: 0.27ms
[219.440s][info][gc,phases      ] GC(515)   Merge Heap Roots: 0.20ms
[219.440s][info][gc,phases      ] GC(515)   Evacuate Collection Set: 31.67ms
[219.440s][info][gc,phases      ] GC(515)   Post Evacuate Collection Set: 0.40ms
[219.440s][info][gc,phases      ] GC(515)   Other: 0.08ms
[219.440s][info][gc,heap        ] GC(515) Eden regions: 170->0(136)
[219.440s][info][gc,heap        ] GC(515) Survivor regions: 9->23(23)
[219.440s][info][gc,heap        ] GC(515) Old regions: 730->736
[219.440s][info][gc,heap        ] GC(515) Humongous regions: 10->10
[219.440s][info][gc,metaspace   ] GC(515) Metaspace: 18638K(18816K)->18638K(18816K) NonClass: 15974K(16064K)->15974K(16064K) Class: 2664K(2752K)->2664K(2752K)
[219.440s][info][gc             ] GC(515) Pause Young (Concurrent Start) (G1 Evacuation Pause) 917M->768M(978M) 32.785ms
[219.440s][info][gc,cpu         ] GC(515) User=0.06s Sys=0.00s Real=0.03s
[219.440s][info][gc             ] GC(516) Concurrent Mark Cycle
[219.441s][info][gc,marking     ] GC(516) Concurrent Scan Root Regions
[219.497s][info][gc,marking     ] GC(516) Concurrent Scan Root Regions 56.430ms
[219.497s][info][gc,marking     ] GC(516) Concurrent Mark
[219.497s][info][gc,marking     ] GC(516) Concurrent Mark From Roots
[219.497s][info][gc,task        ] GC(516) Using 1 workers of 1 for marking
[219.959s][info][gc,start       ] GC(517) Pause Young (Normal) (G1 Evacuation Pause)
[219.959s][info][gc,task        ] GC(517) Using 2 workers of 2 for evacuation
[219.984s][info][gc,phases      ] GC(517)   Pre Evacuate Collection Set: 0.48ms
[219.984s][info][gc,phases      ] GC(517)   Merge Heap Roots: 0.24ms
[219.984s][info][gc,phases      ] GC(517)   Evacuate Collection Set: 24.00ms
[219.984s][info][gc,phases      ] GC(517)   Post Evacuate Collection Set: 0.36ms
[219.984s][info][gc,phases      ] GC(517)   Other: 0.06ms
[219.984s][info][gc,heap        ] GC(517) Eden regions: 136->0(156)
[219.984s][info][gc,heap        ] GC(517) Survivor regions: 23->1(20)
[219.984s][info][gc,heap        ] GC(517) Old regions: 736->760
[219.984s][info][gc,heap        ] GC(517) Humongous regions: 10->10
[219.984s][info][gc,metaspace   ] GC(517) Metaspace: 18646K(18816K)->18646K(18816K) NonClass: 15982K(16064K)->15982K(16064K) Class: 2664K(2752K)->2664K(2752K)
[219.984s][info][gc             ] GC(517) Pause Young (Normal) (G1 Evacuation Pause) 904M->770M(978M) 25.355ms
[219.984s][info][gc,cpu         ] GC(517) User=0.05s Sys=0.00s Real=0.03s
[220.948s][info][gc,start       ] GC(518) Pause Young (Normal) (G1 Evacuation Pause)
[220.948s][info][gc,task        ] GC(518) Using 2 workers of 2 for evacuation
[220.952s][info][gc,phases      ] GC(518)   Pre Evacuate Collection Set: 0.49ms
[220.952s][info][gc,phases      ] GC(518)   Merge Heap Roots: 0.11ms
[220.952s][info][gc,phases      ] GC(518)   Evacuate Collection Set: 2.08ms
[220.952s][info][gc,phases      ] GC(518)   Post Evacuate Collection Set: 0.35ms
[220.952s][info][gc,phases      ] GC(518)   Other: 0.09ms
[220.952s][info][gc,heap        ] GC(518) Eden regions: 156->0(156)
[220.952s][info][gc,heap        ] GC(518) Survivor regions: 1->1(20)
[220.952s][info][gc,heap        ] GC(518) Old regions: 760->760
[220.952s][info][gc,heap        ] GC(518) Humongous regions: 10->10
[220.952s][info][gc,metaspace   ] GC(518) Metaspace: 18648K(18816K)->18648K(18816K) NonClass: 15984K(16064K)->15984K(16064K) Class: 2664K(2752K)->2664K(2752K)
[220.952s][info][gc             ] GC(518) Pause Young (Normal) (G1 Evacuation Pause) 926M->770M(978M) 3.305ms
[220.952s][info][gc,cpu         ] GC(518) User=0.00s Sys=0.00s Real=0.01s
[221.198s][info][gc,marking     ] GC(516) Concurrent Mark From Roots 1700.524ms
[221.198s][info][gc,marking     ] GC(516) Concurrent Preclean
[221.198s][info][gc,marking     ] GC(516) Concurrent Preclean 0.038ms
[221.198s][info][gc,start       ] GC(516) Pause Remark
[221.205s][info][gc             ] GC(516) Pause Remark 804M->665M(978M) 7.265ms
[221.205s][info][gc,cpu         ] GC(516) User=0.01s Sys=0.00s Real=0.01s
[221.205s][info][gc,marking     ] GC(516) Concurrent Mark 1708.304ms
[221.205s][info][gc,marking     ] GC(516) Concurrent Rebuild Remembered Sets and Scrub Regions
[221.656s][info][gc,marking     ] GC(516) Concurrent Rebuild Remembered Sets and Scrub Regions 450.497ms
[221.656s][info][gc,start       ] GC(516) Pause Cleanup
[221.656s][info][gc             ] GC(516) Pause Cleanup 744M->744M(978M) 0.099ms
[221.656s][info][gc,cpu         ] GC(516) User=0.00s Sys=0.00s Real=0.00s
[221.657s][info][gc,marking     ] GC(516) Concurrent Clear Claimed Marks
[221.657s][info][gc,marking     ] GC(516) Concurrent Clear Claimed Marks 0.030ms
[221.657s][info][gc,marking     ] GC(516) Concurrent Cleanup for Next Mark
[221.660s][info][gc,marking     ] GC(516) Concurrent Cleanup for Next Mark 2.839ms
[221.660s][info][gc             ] GC(516) Concurrent Mark Cycle 2219.414ms
[221.875s][info][gc,start       ] GC(519) Pause Young (Prepare Mixed) (G1 Evacuation Pause)
[221.875s][info][gc,task        ] GC(519) Using 2 workers of 2 for evacuation
[221.879s][info][gc,phases      ] GC(519)   Pre Evacuate Collection Set: 0.29ms
[221.879s][info][gc,phases      ] GC(519)   Merge Heap Roots: 0.14ms
[221.879s][info][gc,phases      ] GC(519)   Evacuate Collection Set: 3.34ms
[221.879s][info][gc,phases      ] GC(519)   Post Evacuate Collection Set: 0.39ms
[221.879s][info][gc,phases      ] GC(519)   Other: 0.12ms
[221.879s][info][gc,heap        ] GC(519) Eden regions: 156->0(281)
[221.879s][info][gc,heap        ] GC(519) Survivor regions: 1->3(20)
[221.879s][info][gc,heap        ] GC(519) Old regions: 624->624
[221.879s][info][gc,heap        ] GC(519) Humongous regions: 7->7
[221.879s][info][gc,metaspace   ] GC(519) Metaspace: 18671K(18880K)->18671K(18880K) NonClass: 16006K(16128K)->16006K(16128K) Class: 2664K(2752K)->2664K(2752K)
[221.879s][info][gc             ] GC(519) Pause Young (Prepare Mixed) (G1 Evacuation Pause) 787M->632M(978M) 4.469ms
[221.879s][info][gc,cpu         ] GC(519) User=0.01s Sys=0.00s Real=0.00s
[222.521s][info][gc,start       ] GC(520) Pause Young (Mixed) (G1 Evacuation Pause)
[222.521s][info][gc,task        ] GC(520) Using 2 workers of 2 for evacuation
[222.529s][info][gc,phases      ] GC(520)   Pre Evacuate Collection Set: 0.49ms
[222.529s][info][gc,phases      ] GC(520)   Merge Heap Roots: 0.24ms
[222.529s][info][gc,phases      ] GC(520)   Evacuate Collection Set: 6.22ms
[222.529s][info][gc,phases      ] GC(520)   Post Evacuate Collection Set: 0.47ms
[222.529s][info][gc,phases      ] GC(520)   Other: 0.10ms
[222.529s][info][gc,heap        ] GC(520) Eden regions: 281->0(308)
[222.529s][info][gc,heap        ] GC(520) Survivor regions: 3->3(36)
[222.529s][info][gc,heap        ] GC(520) Old regions: 624->602
[222.529s][info][gc,heap        ] GC(520) Humongous regions: 7->7
[222.529s][info][gc,metaspace   ] GC(520) Metaspace: 18676K(18880K)->18676K(18880K) NonClass: 16011K(16128K)->16011K(16128K) Class: 2665K(2752K)->2665K(2752K)
[222.529s][info][gc             ] GC(520) Pause Young (Mixed) (G1 Evacuation Pause) 913M->610M(978M) 7.712ms
[222.529s][info][gc,cpu         ] GC(520) User=0.01s Sys=0.00s Real=0.00s
[222.891s][info][gc,start       ] GC(521) Pause Young (Concurrent Start) (G1 Evacuation Pause)
[222.891s][info][gc,task        ] GC(521) Using 2 workers of 2 for evacuation
[222.993s][info][gc,phases      ] GC(521)   Pre Evacuate Collection Set: 0.30ms
[222.993s][info][gc,phases      ] GC(521)   Merge Heap Roots: 0.12ms
[222.993s][info][gc,phases      ] GC(521)   Evacuate Collection Set: 88.59ms
[222.993s][info][gc,phases      ] GC(521)   Post Evacuate Collection Set: 12.44ms
[222.993s][info][gc,phases      ] GC(521)   Other: 0.11ms
[222.993s][info][gc,heap        ] GC(521) Eden regions: 308->0(79)
[222.993s][info][gc,heap        ] GC(521) Survivor regions: 3->39(39)
[222.993s][info][gc,heap        ] GC(521) Old regions: 602->764
[222.993s][info][gc,heap        ] GC(521) Humongous regions: 7->7
[222.993s][info][gc,metaspace   ] GC(521) Metaspace: 18705K(18944K)->18705K(18944K) NonClass: 16039K(16192K)->16039K(16192K) Class: 2665K(2752K)->2665K(2752K)
[222.993s][info][gc             ] GC(521) Pause Young (Concurrent Start) (G1 Evacuation Pause) (Evacuation Failure: Allocation) 918M->809M(978M) 101.775ms
[222.993s][info][gc,cpu         ] GC(521) User=0.20s Sys=0.00s Real=0.10s
[222.993s][info][gc             ] GC(522) Concurrent Mark Cycle
[222.995s][info][gc,marking     ] GC(522) Concurrent Scan Root Regions
[223.103s][info][gc,marking     ] GC(522) Concurrent Scan Root Regions 108.130ms
[223.103s][info][gc,marking     ] GC(522) Concurrent Mark
[223.103s][info][gc,marking     ] GC(522) Concurrent Mark From Roots
[223.103s][info][gc,task        ] GC(522) Using 1 workers of 1 for marking
[223.126s][info][gc,start       ] GC(523) Pause Young (Normal) (G1 Evacuation Pause)
[223.126s][info][gc,task        ] GC(523) Using 2 workers of 2 for evacuation
[223.225s][info][gc,phases      ] GC(523)   Pre Evacuate Collection Set: 0.38ms
[223.225s][info][gc,phases      ] GC(523)   Merge Heap Roots: 0.32ms
[223.225s][info][gc,phases      ] GC(523)   Evacuate Collection Set: 93.00ms
[223.225s][info][gc,phases      ] GC(523)   Post Evacuate Collection Set: 5.07ms
[223.225s][info][gc,phases      ] GC(523)   Other: 0.09ms
[223.225s][info][gc,heap        ] GC(523) Eden regions: 79->0(137)
[223.225s][info][gc,heap        ] GC(523) Survivor regions: 39->15(15)
[223.225s][info][gc,heap        ] GC(523) Old regions: 764->754
[223.225s][info][gc,heap        ] GC(523) Humongous regions: 7->7
[223.225s][info][gc,metaspace   ] GC(523) Metaspace: 18705K(18944K)->18705K(18944K) NonClass: 16040K(16192K)->16040K(16192K) Class: 2665K(2752K)->2665K(2752K)
[223.225s][info][gc             ] GC(523) Pause Young (Normal) (G1 Evacuation Pause) (Evacuation Failure: Allocation) 888M->775M(978M) 99.086ms
[223.225s][info][gc,cpu         ] GC(523) User=0.19s Sys=0.00s Real=0.10s
[223.533s][info][gc,start       ] GC(524) Pause Young (Normal) (G1 Evacuation Pause)
[223.533s][info][gc,task        ] GC(524) Using 2 workers of 2 for evacuation
[223.618s][info][gc,phases      ] GC(524)   Pre Evacuate Collection Set: 0.53ms
[223.618s][info][gc,phases      ] GC(524)   Merge Heap Roots: 0.27ms
[223.618s][info][gc,phases      ] GC(524)   Evacuate Collection Set: 79.77ms
[223.618s][info][gc,phases      ] GC(524)   Post Evacuate Collection Set: 4.53ms
[223.618s][info][gc,phases      ] GC(524)   Other: 0.08ms
[223.618s][info][gc,heap        ] GC(524) Eden regions: 137->0(90)
[223.618s][info][gc,heap        ] GC(524) Survivor regions: 15->19(19)
[223.618s][info][gc,heap        ] GC(524) Old regions: 754->792
[223.618s][info][gc,heap        ] GC(524) Humongous regions: 8->8
[223.618s][info][gc,metaspace   ] GC(524) Metaspace: 18705K(18944K)->18705K(18944K) NonClass: 16040K(16192K)->16040K(16192K) Class: 2665K(2752K)->2665K(2752K)
[223.619s][info][gc             ] GC(524) Pause Young (Normal) (G1 Evacuation Pause) (Evacuation Failure: Allocation) 913M->818M(978M) 85.405ms
[223.619s][info][gc,cpu         ] GC(524) User=0.17s Sys=0.00s Real=0.08s
[223.799s][info][gc,start       ] GC(525) Pause Young (Normal) (G1 Evacuation Pause)
[223.799s][info][gc,task        ] GC(525) Using 2 workers of 2 for evacuation
[223.864s][info][gc,phases      ] GC(525)   Pre Evacuate Collection Set: 0.32ms
[223.864s][info][gc,phases      ] GC(525)   Merge Heap Roots: 0.64ms
[223.864s][info][gc,phases      ] GC(525)   Evacuate Collection Set: 63.09ms
[223.864s][info][gc,phases      ] GC(525)   Post Evacuate Collection Set: 0.62ms
[223.864s][info][gc,phases      ] GC(525)   Other: 0.09ms
[223.864s][info][gc,heap        ] GC(525) Eden regions: 90->0(135)
[223.864s][info][gc,heap        ] GC(525) Survivor regions: 19->6(14)
[223.864s][info][gc,heap        ] GC(525) Old regions: 792->771
[223.864s][info][gc,heap        ] GC(525) Humongous regions: 8->8
[223.864s][info][gc,metaspace   ] GC(525) Metaspace: 18707K(18944K)->18707K(18944K) NonClass: 16042K(16192K)->16042K(16192K) Class: 2665K(2752K)->2665K(2752K)
[223.864s][info][gc             ] GC(525) Pause Young (Normal) (G1 Evacuation Pause) 908M->784M(978M) 65.005ms
[223.864s][info][gc,cpu         ] GC(525) User=0.13s Sys=0.00s Real=0.07s
[224.199s][info][gc,start       ] GC(526) Pause Young (Normal) (G1 Evacuation Pause)
[224.199s][info][gc,task        ] GC(526) Using 2 workers of 2 for evacuation
[224.264s][info][gc,phases      ] GC(526)   Pre Evacuate Collection Set: 0.43ms
[224.264s][info][gc,phases      ] GC(526)   Merge Heap Roots: 0.68ms
[224.264s][info][gc,phases      ] GC(526)   Evacuate Collection Set: 62.36ms
[224.264s][info][gc,phases      ] GC(526)   Post Evacuate Collection Set: 0.62ms
[224.264s][info][gc,phases      ] GC(526)   Other: 0.09ms
[224.264s][info][gc,heap        ] GC(526) Eden regions: 135->0(100)
[224.264s][info][gc,heap        ] GC(526) Survivor regions: 6->18(18)
[224.264s][info][gc,heap        ] GC(526) Old regions: 771->781
[224.264s][info][gc,heap        ] GC(526) Humongous regions: 11->11
[224.264s][info][gc,metaspace   ] GC(526) Metaspace: 18715K(18944K)->18715K(18944K) NonClass: 16049K(16192K)->16049K(16192K) Class: 2665K(2752K)->2665K(2752K)
[224.264s][info][gc             ] GC(526) Pause Young (Normal) (G1 Evacuation Pause) 922M->809M(978M) 64.437ms
[224.264s][info][gc,cpu         ] GC(526) User=0.13s Sys=0.00s Real=0.07s
[224.539s][info][gc,start       ] GC(527) Pause Young (Normal) (G1 Evacuation Pause)
[224.539s][info][gc,task        ] GC(527) Using 2 workers of 2 for evacuation
[224.605s][info][gc,phases      ] GC(527)   Pre Evacuate Collection Set: 0.30ms
[224.606s][info][gc,phases      ] GC(527)   Merge Heap Roots: 0.59ms
[224.606s][info][gc,phases      ] GC(527)   Evacuate Collection Set: 65.03ms
[224.606s][info][gc,phases      ] GC(527)   Post Evacuate Collection Set: 0.36ms
[224.606s][info][gc,phases      ] GC(527)   Other: 0.09ms
[224.606s][info][gc,heap        ] GC(527) Eden regions: 100->0(96)
[224.606s][info][gc,heap        ] GC(527) Survivor regions: 18->11(15)
[224.606s][info][gc,heap        ] GC(527) Old regions: 781->799
[224.606s][info][gc,heap        ] GC(527) Humongous regions: 11->11
[224.606s][info][gc,metaspace   ] GC(527) Metaspace: 18715K(18944K)->18715K(18944K) NonClass: 16049K(16192K)->16049K(16192K) Class: 2665K(2752K)->2665K(2752K)
[224.606s][info][gc             ] GC(527) Pause Young (Normal) (G1 Evacuation Pause) 909M->820M(978M) 66.637ms
[224.606s][info][gc,cpu         ] GC(527) User=0.13s Sys=0.00s Real=0.07s
[224.739s][info][gc,start       ] GC(528) Pause Young (Normal) (G1 Evacuation Pause)
[224.739s][info][gc,task        ] GC(528) Using 2 workers of 2 for evacuation
[224.758s][info][gc,phases      ] GC(528)   Pre Evacuate Collection Set: 0.31ms
[224.758s][info][gc,phases      ] GC(528)   Merge Heap Roots: 0.12ms
[224.758s][info][gc,phases      ] GC(528)   Evacuate Collection Set: 17.60ms
[224.758s][info][gc,phases      ] GC(528)   Post Evacuate Collection Set: 0.31ms
[224.758s][info][gc,phases      ] GC(528)   Other: 0.08ms
[224.758s][info][gc,heap        ] GC(528) Eden regions: 96->0(93)
[224.758s][info][gc,heap        ] GC(528) Survivor regions: 11->7(14)
[224.758s][info][gc,heap        ] GC(528) Old regions: 799->810
[224.758s][info][gc,heap        ] GC(528) Humongous regions: 11->11
[224.758s][info][gc,metaspace   ] GC(528) Metaspace: 18715K(18944K)->18715K(18944K) NonClass: 16049K(16192K)->16049K(16192K) Class: 2665K(2752K)->2665K(2752K)
[224.758s][info][gc             ] GC(528) Pause Young (Normal) (G1 Evacuation Pause) 916M->826M(978M) 18.620ms
[224.758s][info][gc,cpu         ] GC(528) User=0.04s Sys=0.00s Real=0.02s
[224.893s][info][gc,start       ] GC(529) Pause Young (Normal) (G1 Evacuation Pause)
[224.893s][info][gc,task        ] GC(529) Using 2 workers of 2 for evacuation
[224.907s][info][gc,phases      ] GC(529)   Pre Evacuate Collection Set: 0.50ms
[224.907s][info][gc,phases      ] GC(529)   Merge Heap Roots: 0.14ms
[224.907s][info][gc,phases      ] GC(529)   Evacuate Collection Set: 12.82ms
[224.907s][info][gc,phases      ] GC(529)   Post Evacuate Collection Set: 0.36ms
[224.907s][info][gc,phases      ] GC(529)   Other: 0.10ms
[224.907s][info][gc,heap        ] GC(529) Eden regions: 93->0(85)
[224.907s][info][gc,heap        ] GC(529) Survivor regions: 7->11(13)
[224.907s][info][gc,heap        ] GC(529) Old regions: 810->810
[224.907s][info][gc,heap        ] GC(529) Humongous regions: 11->11
[224.907s][info][gc,metaspace   ] GC(529) Metaspace: 18715K(18944K)->18715K(18944K) NonClass: 16049K(16192K)->16049K(16192K) Class: 2665K(2752K)->2665K(2752K)
[224.907s][info][gc             ] GC(529) Pause Young (Normal) (G1 Evacuation Pause) 919M->830M(978M) 14.137ms
[224.907s][info][gc,cpu         ] GC(529) User=0.03s Sys=0.00s Real=0.01s
[225.008s][info][gc,start       ] GC(530) Pause Young (Normal) (G1 Evacuation Pause)
[225.008s][info][gc,task        ] GC(530) Using 2 workers of 2 for evacuation
[225.042s][info][gc,phases      ] GC(530)   Pre Evacuate Collection Set: 0.27ms
[225.042s][info][gc,phases      ] GC(530)   Merge Heap Roots: 0.22ms
[225.042s][info][gc,phases      ] GC(530)   Evacuate Collection Set: 32.28ms
[225.042s][info][gc,phases      ] GC(530)   Post Evacuate Collection Set: 0.31ms
[225.042s][info][gc,phases      ] GC(530)   Other: 0.08ms
[225.042s][info][gc,heap        ] GC(530) Eden regions: 85->0(65)
[225.042s][info][gc,heap        ] GC(530) Survivor regions: 11->12(12)
[225.042s][info][gc,heap        ] GC(530) Old regions: 810->828
[225.042s][info][gc,heap        ] GC(530) Humongous regions: 11->11
[225.042s][info][gc,metaspace   ] GC(530) Metaspace: 18715K(18944K)->18715K(18944K) NonClass: 16049K(16192K)->16049K(16192K) Class: 2665K(2752K)->2665K(2752K)
[225.042s][info][gc             ] GC(530) Pause Young (Normal) (G1 Evacuation Pause) 915M->850M(978M) 33.373ms
[225.042s][info][gc,cpu         ] GC(530) User=0.06s Sys=0.00s Real=0.04s
[225.119s][info][gc,start       ] GC(531) Pause Young (Normal) (G1 Evacuation Pause)
[225.119s][info][gc,task        ] GC(531) Using 2 workers of 2 for evacuation
[225.133s][info][gc,phases      ] GC(531)   Pre Evacuate Collection Set: 0.25ms
[225.133s][info][gc,phases      ] GC(531)   Merge Heap Roots: 0.08ms
[225.133s][info][gc,phases      ] GC(531)   Evacuate Collection Set: 12.52ms
[225.133s][info][gc,phases      ] GC(531)   Post Evacuate Collection Set: 0.27ms
[225.133s][info][gc,phases      ] GC(531)   Other: 0.09ms
[225.133s][info][gc,heap        ] GC(531) Eden regions: 65->0(75)
[225.133s][info][gc,heap        ] GC(531) Survivor regions: 12->1(10)
[225.133s][info][gc,heap        ] GC(531) Old regions: 828->840
[225.133s][info][gc,heap        ] GC(531) Humongous regions: 11->11
[225.133s][info][gc,metaspace   ] GC(531) Metaspace: 18715K(18944K)->18715K(18944K) NonClass: 16049K(16192K)->16049K(16192K) Class: 2665K(2752K)->2665K(2752K)
[225.133s][info][gc             ] GC(531) Pause Young (Normal) (G1 Evacuation Pause) 915M->851M(978M) 13.380ms
[225.133s][info][gc,cpu         ] GC(531) User=0.03s Sys=0.00s Real=0.02s
[225.198s][info][gc,start       ] GC(532) Pause Young (Normal) (G1 Evacuation Pause)
[225.198s][info][gc,task        ] GC(532) Using 2 workers of 2 for evacuation
[225.213s][info][gc,phases      ] GC(532)   Pre Evacuate Collection Set: 0.26ms
[225.213s][info][gc,phases      ] GC(532)   Merge Heap Roots: 0.08ms
[225.213s][info][gc,phases      ] GC(532)   Evacuate Collection Set: 14.36ms
[225.213s][info][gc,phases      ] GC(532)   Post Evacuate Collection Set: 0.30ms
[225.213s][info][gc,phases      ] GC(532)   Other: 0.08ms
[225.213s][info][gc,heap        ] GC(532) Eden regions: 75->0(52)
[225.213s][info][gc,heap        ] GC(532) Survivor regions: 1->10(10)
[225.213s][info][gc,heap        ] GC(532) Old regions: 840->845
[225.213s][info][gc,heap        ] GC(532) Humongous regions: 11->11
[225.213s][info][gc,metaspace   ] GC(532) Metaspace: 18715K(18944K)->18715K(18944K) NonClass: 16049K(16192K)->16049K(16192K) Class: 2665K(2752K)->2665K(2752K)
[225.213s][info][gc             ] GC(532) Pause Young (Normal) (G1 Evacuation Pause) 926M->865M(978M) 15.265ms
[225.213s][info][gc,cpu         ] GC(532) User=0.03s Sys=0.00s Real=0.02s
[225.229s][info][gc,marking     ] GC(522) Concurrent Mark From Roots 2125.590ms
[225.229s][info][gc,marking     ] GC(522) Concurrent Preclean
[225.229s][info][gc,marking     ] GC(522) Concurrent Preclean 0.040ms
[225.229s][info][gc,start       ] GC(522) Pause Remark
[225.236s][info][gc             ] GC(522) Pause Remark 875M->796M(978M) 7.433ms
[225.236s][info][gc,cpu         ] GC(522) User=0.01s Sys=0.00s Real=0.01s
[225.238s][info][gc,marking     ] GC(522) Concurrent Mark 2134.833ms
[225.238s][info][gc,marking     ] GC(522) Concurrent Rebuild Remembered Sets and Scrub Regions
[225.272s][info][gc,start       ] GC(533) Pause Young (Normal) (G1 Evacuation Pause)
[225.273s][info][gc,task        ] GC(533) Using 2 workers of 2 for evacuation
[225.295s][info][gc,phases      ] GC(533)   Pre Evacuate Collection Set: 0.28ms
[225.295s][info][gc,phases      ] GC(533)   Merge Heap Roots: 0.20ms
[225.295s][info][gc,phases      ] GC(533)   Evacuate Collection Set: 21.92ms
[225.295s][info][gc,phases      ] GC(533)   Post Evacuate Collection Set: 0.28ms
[225.295s][info][gc,phases      ] GC(533)   Other: 0.08ms
[225.295s][info][gc,heap        ] GC(533) Eden regions: 52->0(118)
[225.295s][info][gc,heap        ] GC(533) Survivor regions: 10->8(8)
[225.295s][info][gc,heap        ] GC(533) Old regions: 768->782
[225.295s][info][gc,heap        ] GC(533) Humongous regions: 9->9
[225.295s][info][gc,metaspace   ] GC(533) Metaspace: 18715K(18944K)->18715K(18944K) NonClass: 16050K(16192K)->16050K(16192K) Class: 2665K(2752K)->2665K(2752K)
[225.295s][info][gc             ] GC(533) Pause Young (Normal) (G1 Evacuation Pause) 838M->798M(978M) 22.921ms
[225.295s][info][gc,cpu         ] GC(533) User=0.04s Sys=0.00s Real=0.02s
[225.433s][info][gc,start       ] GC(534) Pause Young (Normal) (G1 Evacuation Pause)
[225.433s][info][gc,task        ] GC(534) Using 2 workers of 2 for evacuation
[225.462s][info][gc,phases      ] GC(534)   Pre Evacuate Collection Set: 0.47ms
[225.462s][info][gc,phases      ] GC(534)   Merge Heap Roots: 0.20ms
[225.462s][info][gc,phases      ] GC(534)   Evacuate Collection Set: 28.18ms
[225.462s][info][gc,phases      ] GC(534)   Post Evacuate Collection Set: 0.38ms
[225.462s][info][gc,phases      ] GC(534)   Other: 0.08ms
[225.462s][info][gc,heap        ] GC(534) Eden regions: 118->0(96)
[225.462s][info][gc,heap        ] GC(534) Survivor regions: 8->16(16)
[225.462s][info][gc,heap        ] GC(534) Old regions: 782->791
[225.462s][info][gc,heap        ] GC(534) Humongous regions: 9->9
[225.462s][info][gc,metaspace   ] GC(534) Metaspace: 18715K(18944K)->18715K(18944K) NonClass: 16050K(16192K)->16050K(16192K) Class: 2665K(2752K)->2665K(2752K)
[225.462s][info][gc             ] GC(534) Pause Young (Normal) (G1 Evacuation Pause) 916M->815M(978M) 29.517ms
[225.462s][info][gc,cpu         ] GC(534) User=0.06s Sys=0.00s Real=0.03s
[225.567s][info][gc,start       ] GC(535) Pause Young (Normal) (G1 Evacuation Pause)
[225.567s][info][gc,task        ] GC(535) Using 2 workers of 2 for evacuation
[225.599s][info][gc,phases      ] GC(535)   Pre Evacuate Collection Set: 0.47ms
[225.599s][info][gc,phases      ] GC(535)   Merge Heap Roots: 0.22ms
[225.599s][info][gc,phases      ] GC(535)   Evacuate Collection Set: 30.83ms
[225.599s][info][gc,phases      ] GC(535)   Post Evacuate Collection Set: 0.33ms
[225.599s][info][gc,phases      ] GC(535)   Other: 0.09ms
[225.599s][info][gc,heap        ] GC(535) Eden regions: 96->0(91)
[225.599s][info][gc,heap        ] GC(535) Survivor regions: 16->10(14)
[225.599s][info][gc,heap        ] GC(535) Old regions: 791->807
[225.599s][info][gc,heap        ] GC(535) Humongous regions: 10->10
[225.599s][info][gc,metaspace   ] GC(535) Metaspace: 18715K(18944K)->18715K(18944K) NonClass: 16050K(16192K)->16050K(16192K) Class: 2665K(2752K)->2665K(2752K)
[225.599s][info][gc             ] GC(535) Pause Young (Normal) (G1 Evacuation Pause) 912M->826M(978M) 32.181ms
[225.599s][info][gc,cpu         ] GC(535) User=0.06s Sys=0.01s Real=0.03s
[225.714s][info][gc,start       ] GC(536) Pause Young (Normal) (G1 Evacuation Pause)
[225.714s][info][gc,task        ] GC(536) Using 2 workers of 2 for evacuation
[225.732s][info][gc,phases      ] GC(536)   Pre Evacuate Collection Set: 0.45ms
[225.732s][info][gc,phases      ] GC(536)   Merge Heap Roots: 0.18ms
[225.732s][info][gc,phases      ] GC(536)   Evacuate Collection Set: 16.29ms
[225.732s][info][gc,phases      ] GC(536)   Post Evacuate Collection Set: 0.47ms
[225.732s][info][gc,phases      ] GC(536)   Other: 0.09ms
[225.732s][info][gc,heap        ] GC(536) Eden regions: 91->0(95)
[225.732s][info][gc,heap        ] GC(536) Survivor regions: 10->3(13)
[225.732s][info][gc,heap        ] GC(536) Old regions: 807->817
[225.732s][info][gc,heap        ] GC(536) Humongous regions: 10->10
[225.732s][info][gc,metaspace   ] GC(536) Metaspace: 18715K(18944K)->18715K(18944K) NonClass: 16050K(16192K)->16050K(16192K) Class: 2665K(2752K)->2665K(2752K)
[225.732s][info][gc             ] GC(536) Pause Young (Normal) (G1 Evacuation Pause) 917M->829M(978M) 17.693ms
[225.732s][info][gc,cpu         ] GC(536) User=0.03s Sys=0.00s Real=0.02s
[225.808s][info][gc,start       ] GC(537) Pause Young (Normal) (G1 Evacuation Pause)
[225.808s][info][gc,task        ] GC(537) Using 2 workers of 2 for evacuation
[225.817s][info][gc,phases      ] GC(537)   Pre Evacuate Collection Set: 0.28ms
[225.817s][info][gc,phases      ] GC(537)   Merge Heap Roots: 0.10ms
[225.818s][info][gc,phases      ] GC(537)   Evacuate Collection Set: 8.45ms
[225.818s][info][gc,phases      ] GC(537)   Post Evacuate Collection Set: 0.28ms
[225.818s][info][gc,phases      ] GC(537)   Other: 0.06ms
[225.818s][info][gc,heap        ] GC(537) Eden regions: 95->0(89)
[225.818s][info][gc,heap        ] GC(537) Survivor regions: 3->6(13)
[225.818s][info][gc,heap        ] GC(537) Old regions: 817->817
[225.818s][info][gc,heap        ] GC(537) Humongous regions: 10->10
[225.818s][info][gc,metaspace   ] GC(537) Metaspace: 18715K(18944K)->18715K(18944K) NonClass: 16050K(16192K)->16050K(16192K) Class: 2665K(2752K)->2665K(2752K)
[225.818s][info][gc             ] GC(537) Pause Young (Normal) (G1 Evacuation Pause) 924M->832M(978M) 9.398ms
[225.818s][info][gc,cpu         ] GC(537) User=0.02s Sys=0.00s Real=0.01s
[225.948s][info][gc,start       ] GC(538) Pause Young (Normal) (G1 Evacuation Pause)
[225.948s][info][gc,task        ] GC(538) Using 2 workers of 2 for evacuation
[225.958s][info][gc,phases      ] GC(538)   Pre Evacuate Collection Set: 0.24ms
[225.958s][info][gc,phases      ] GC(538)   Merge Heap Roots: 0.11ms
[225.958s][info][gc,phases      ] GC(538)   Evacuate Collection Set: 8.94ms
[225.958s][info][gc,phases      ] GC(538)   Post Evacuate Collection Set: 0.29ms
[225.958s][info][gc,phases      ] GC(538)   Other: 0.06ms
[225.958s][info][gc,heap        ] GC(538) Eden regions: 89->0(85)
[225.958s][info][gc,heap        ] GC(538) Survivor regions: 6->8(12)
[225.958s][info][gc,heap        ] GC(538) Old regions: 817->817
[225.958s][info][gc,heap        ] GC(538) Humongous regions: 10->10
[225.958s][info][gc,metaspace   ] GC(538) Metaspace: 18715K(18944K)->18715K(18944K) NonClass: 16050K(16192K)->16050K(16192K) Class: 2665K(2752K)->2665K(2752K)
[225.958s][info][gc             ] GC(538) Pause Young (Normal) (G1 Evacuation Pause) 921M->834M(978M) 9.853ms
[225.958s][info][gc,cpu         ] GC(538) User=0.01s Sys=0.00s Real=0.01s
[226.041s][info][gc,marking     ] GC(522) Concurrent Rebuild Remembered Sets and Scrub Regions 802.937ms
[226.041s][info][gc,start       ] GC(522) Pause Cleanup
[226.041s][info][gc             ] GC(522) Pause Cleanup 876M->876M(978M) 0.122ms
[226.041s][info][gc,cpu         ] GC(522) User=0.00s Sys=0.00s Real=0.00s
[226.042s][info][gc,marking     ] GC(522) Concurrent Clear Claimed Marks
[226.042s][info][gc,marking     ] GC(522) Concurrent Clear Claimed Marks 0.052ms
[226.042s][info][gc,marking     ] GC(522) Concurrent Cleanup for Next Mark
[226.049s][info][gc,marking     ] GC(522) Concurrent Cleanup for Next Mark 6.847ms
[226.049s][info][gc             ] GC(522) Concurrent Mark Cycle 3055.786ms
[226.168s][info][gc,start       ] GC(539) Pause Young (Prepare Mixed) (G1 Evacuation Pause)
[226.168s][info][gc,task        ] GC(539) Using 2 workers of 2 for evacuation
[226.181s][info][gc,phases      ] GC(539)   Pre Evacuate Collection Set: 0.50ms
[226.181s][info][gc,phases      ] GC(539)   Merge Heap Roots: 0.17ms
[226.181s][info][gc,phases      ] GC(539)   Evacuate Collection Set: 11.62ms
[226.181s][info][gc,phases      ] GC(539)   Post Evacuate Collection Set: 0.42ms
[226.181s][info][gc,phases      ] GC(539)   Other: 0.11ms
[226.181s][info][gc,heap        ] GC(539) Eden regions: 85->0(84)
[226.181s][info][gc,heap        ] GC(539) Survivor regions: 8->7(12)
[226.181s][info][gc,heap        ] GC(539) Old regions: 817->820
[226.181s][info][gc,heap        ] GC(539) Humongous regions: 10->10
[226.181s][info][gc,metaspace   ] GC(539) Metaspace: 18716K(18944K)->18716K(18944K) NonClass: 16051K(16192K)->16051K(16192K) Class: 2665K(2752K)->2665K(2752K)
[226.181s][info][gc             ] GC(539) Pause Young (Prepare Mixed) (G1 Evacuation Pause) 919M->835M(978M) 13.065ms
[226.181s][info][gc,cpu         ] GC(539) User=0.03s Sys=0.00s Real=0.02s
[226.409s][info][gc,start       ] GC(540) Pause Young (Mixed) (G1 Evacuation Pause)
[226.409s][info][gc,task        ] GC(540) Using 2 workers of 2 for evacuation
[226.459s][info][gc,phases      ] GC(540)   Pre Evacuate Collection Set: 0.49ms
[226.459s][info][gc,phases      ] GC(540)   Merge Heap Roots: 1.27ms
[226.459s][info][gc,phases      ] GC(540)   Evacuate Collection Set: 47.39ms
[226.459s][info][gc,phases      ] GC(540)   Post Evacuate Collection Set: 0.43ms
[226.459s][info][gc,phases      ] GC(540)   Other: 0.08ms
[226.459s][info][gc,heap        ] GC(540) Eden regions: 84->0(127)
[226.459s][info][gc,heap        ] GC(540) Survivor regions: 7->6(12)
[226.459s][info][gc,heap        ] GC(540) Old regions: 820->779
[226.459s][info][gc,heap        ] GC(540) Humongous regions: 10->10
[226.459s][info][gc,metaspace   ] GC(540) Metaspace: 18716K(18944K)->18716K(18944K) NonClass: 16051K(16192K)->16051K(16192K) Class: 2665K(2752K)->2665K(2752K)
[226.459s][info][gc             ] GC(540) Pause Young (Mixed) (G1 Evacuation Pause) 919M->794M(978M) 49.936ms
[226.459s][info][gc,cpu         ] GC(540) User=0.10s Sys=0.00s Real=0.05s
[226.647s][info][gc,start       ] GC(541) Pause Young (Concurrent Start) (G1 Evacuation Pause)
[226.647s][info][gc,task        ] GC(541) Using 2 workers of 2 for evacuation
[226.692s][info][gc,phases      ] GC(541)   Pre Evacuate Collection Set: 0.31ms
[226.692s][info][gc,phases      ] GC(541)   Merge Heap Roots: 0.18ms
[226.692s][info][gc,phases      ] GC(541)   Evacuate Collection Set: 43.46ms
[226.692s][info][gc,phases      ] GC(541)   Post Evacuate Collection Set: 0.42ms
[226.692s][info][gc,phases      ] GC(541)   Other: 0.11ms
[226.692s][info][gc,heap        ] GC(541) Eden regions: 127->0(78)
[226.692s][info][gc,heap        ] GC(541) Survivor regions: 6->17(17)
[226.692s][info][gc,heap        ] GC(541) Old regions: 779->806
[226.692s][info][gc,heap        ] GC(541) Humongous regions: 10->10
[226.692s][info][gc,metaspace   ] GC(541) Metaspace: 18717K(18944K)->18717K(18944K) NonClass: 16052K(16192K)->16052K(16192K) Class: 2665K(2752K)->2665K(2752K)
[226.692s][info][gc             ] GC(541) Pause Young (Concurrent Start) (G1 Evacuation Pause) 921M->832M(978M) 44.664ms
[226.692s][info][gc,cpu         ] GC(541) User=0.08s Sys=0.00s Real=0.05s
[226.692s][info][gc             ] GC(542) Concurrent Mark Cycle
[226.694s][info][gc,marking     ] GC(542) Concurrent Scan Root Regions
[226.763s][info][gc,marking     ] GC(542) Concurrent Scan Root Regions 69.194ms
[226.763s][info][gc,marking     ] GC(542) Concurrent Mark
[226.763s][info][gc,marking     ] GC(542) Concurrent Mark From Roots
[226.763s][info][gc,task        ] GC(542) Using 1 workers of 1 for marking
[226.812s][info][gc,start       ] GC(543) Pause Young (Normal) (G1 Evacuation Pause)
[226.812s][info][gc,task        ] GC(543) Using 2 workers of 2 for evacuation
[226.855s][info][gc,phases      ] GC(543)   Pre Evacuate Collection Set: 0.27ms
[226.855s][info][gc,phases      ] GC(543)   Merge Heap Roots: 0.19ms
[226.855s][info][gc,phases      ] GC(543)   Evacuate Collection Set: 42.34ms
[226.855s][info][gc,phases      ] GC(543)   Post Evacuate Collection Set: 0.38ms
[226.855s][info][gc,phases      ] GC(543)   Other: 0.08ms
[226.855s][info][gc,heap        ] GC(543) Eden regions: 78->0(56)
[226.855s][info][gc,heap        ] GC(543) Survivor regions: 17->12(12)
[226.855s][info][gc,heap        ] GC(543) Old regions: 806->838
[226.855s][info][gc,heap        ] GC(543) Humongous regions: 10->10
[226.855s][info][gc,metaspace   ] GC(543) Metaspace: 18717K(18944K)->18717K(18944K) NonClass: 16052K(16192K)->16052K(16192K) Class: 2665K(2752K)->2665K(2752K)
[226.855s][info][gc             ] GC(543) Pause Young (Normal) (G1 Evacuation Pause) 910M->859M(978M) 43.439ms
[226.856s][info][gc,cpu         ] GC(543) User=0.08s Sys=0.00s Real=0.04s
[227.004s][info][gc,start       ] GC(544) Pause Young (Normal) (G1 Evacuation Pause)
[227.004s][info][gc,task        ] GC(544) Using 2 workers of 2 for evacuation
[227.037s][info][gc,phases      ] GC(544)   Pre Evacuate Collection Set: 0.29ms
[227.037s][info][gc,phases      ] GC(544)   Merge Heap Roots: 0.26ms
[227.037s][info][gc,phases      ] GC(544)   Evacuate Collection Set: 31.60ms
[227.037s][info][gc,phases      ] GC(544)   Post Evacuate Collection Set: 0.45ms
[227.037s][info][gc,phases      ] GC(544)   Other: 0.08ms
[227.037s][info][gc,heap        ] GC(544) Eden regions: 56->0(46)
[227.037s][info][gc,heap        ] GC(544) Survivor regions: 12->9(9)
[227.037s][info][gc,heap        ] GC(544) Old regions: 838->853
[227.037s][info][gc,heap        ] GC(544) Humongous regions: 11->11
[227.037s][info][gc,metaspace   ] GC(544) Metaspace: 18717K(18944K)->18717K(18944K) NonClass: 16052K(16192K)->16052K(16192K) Class: 2665K(2752K)->2665K(2752K)
[227.037s][info][gc             ] GC(544) Pause Young (Normal) (G1 Evacuation Pause) 916M->872M(978M) 32.912ms
[227.037s][info][gc,cpu         ] GC(544) User=0.06s Sys=0.00s Real=0.03s
[227.133s][info][gc,start       ] GC(545) Pause Young (Normal) (G1 Evacuation Pause)
[227.133s][info][gc,task        ] GC(545) Using 2 workers of 2 for evacuation
[227.154s][info][gc,phases      ] GC(545)   Pre Evacuate Collection Set: 0.52ms
[227.154s][info][gc,phases      ] GC(545)   Merge Heap Roots: 0.27ms
[227.154s][info][gc,phases      ] GC(545)   Evacuate Collection Set: 20.38ms
[227.154s][info][gc,phases      ] GC(545)   Post Evacuate Collection Set: 0.29ms
[227.154s][info][gc,phases      ] GC(545)   Other: 0.08ms
[227.154s][info][gc,heap        ] GC(545) Eden regions: 46->0(49)
[227.154s][info][gc,heap        ] GC(545) Survivor regions: 9->3(7)
[227.154s][info][gc,heap        ] GC(545) Old regions: 853->862
[227.154s][info][gc,heap        ] GC(545) Humongous regions: 11->11
[227.154s][info][gc,metaspace   ] GC(545) Metaspace: 18717K(18944K)->18717K(18944K) NonClass: 16052K(16192K)->16052K(16192K) Class: 2665K(2752K)->2665K(2752K)
[227.154s][info][gc             ] GC(545) Pause Young (Normal) (G1 Evacuation Pause) 918M->875M(978M) 21.732ms
[227.154s][info][gc,cpu         ] GC(545) User=0.04s Sys=0.00s Real=0.02s
[227.211s][info][gc,start       ] GC(546) Pause Young (Normal) (G1 Evacuation Pause)
[227.211s][info][gc,task        ] GC(546) Using 2 workers of 2 for evacuation
[227.216s][info][gc,phases      ] GC(546)   Pre Evacuate Collection Set: 0.29ms
[227.216s][info][gc,phases      ] GC(546)   Merge Heap Roots: 0.06ms
[227.216s][info][gc,phases      ] GC(546)   Evacuate Collection Set: 4.55ms
[227.216s][info][gc,phases      ] GC(546)   Post Evacuate Collection Set: 0.27ms
[227.216s][info][gc,phases      ] GC(546)   Other: 0.08ms
[227.216s][info][gc,heap        ] GC(546) Eden regions: 49->0(47)
[227.216s][info][gc,heap        ] GC(546) Survivor regions: 3->4(7)
[227.216s][info][gc,heap        ] GC(546) Old regions: 862->862
[227.216s][info][gc,heap        ] GC(546) Humongous regions: 11->11
[227.216s][info][gc,metaspace   ] GC(546) Metaspace: 18717K(18944K)->18717K(18944K) NonClass: 16052K(16192K)->16052K(16192K) Class: 2665K(2752K)->2665K(2752K)
[227.216s][info][gc             ] GC(546) Pause Young (Normal) (G1 Evacuation Pause) 924M->876M(978M) 5.431ms
[227.216s][info][gc,cpu         ] GC(546) User=0.01s Sys=0.00s Real=0.00s
[227.287s][info][gc,start       ] GC(547) Pause Young (Normal) (G1 Evacuation Pause)
[227.287s][info][gc,task        ] GC(547) Using 2 workers of 2 for evacuation
[227.293s][info][gc,phases      ] GC(547)   Pre Evacuate Collection Set: 0.28ms
[227.293s][info][gc,phases      ] GC(547)   Merge Heap Roots: 0.06ms
[227.293s][info][gc,phases      ] GC(547)   Evacuate Collection Set: 5.39ms
[227.293s][info][gc,phases      ] GC(547)   Post Evacuate Collection Set: 0.25ms
[227.293s][info][gc,phases      ] GC(547)   Other: 0.08ms
[227.294s][info][gc,heap        ] GC(547) Eden regions: 47->0(48)
[227.294s][info][gc,heap        ] GC(547) Survivor regions: 4->2(7)
[227.294s][info][gc,heap        ] GC(547) Old regions: 862->865
[227.294s][info][gc,heap        ] GC(547) Humongous regions: 11->11
[227.294s][info][gc,metaspace   ] GC(547) Metaspace: 18717K(18944K)->18717K(18944K) NonClass: 16052K(16192K)->16052K(16192K) Class: 2665K(2752K)->2665K(2752K)
[227.294s][info][gc             ] GC(547) Pause Young (Normal) (G1 Evacuation Pause) 923M->877M(978M) 6.248ms
[227.294s][info][gc,cpu         ] GC(547) User=0.01s Sys=0.00s Real=0.01s
[227.346s][info][gc,start       ] GC(548) Pause Young (Normal) (G1 Evacuation Pause)
[227.347s][info][gc,task        ] GC(548) Using 2 workers of 2 for evacuation
[227.350s][info][gc,phases      ] GC(548)   Pre Evacuate Collection Set: 0.27ms
[227.350s][info][gc,phases      ] GC(548)   Merge Heap Roots: 0.05ms
[227.350s][info][gc,phases      ] GC(548)   Evacuate Collection Set: 2.63ms
[227.350s][info][gc,phases      ] GC(548)   Post Evacuate Collection Set: 0.23ms
[227.350s][info][gc,phases      ] GC(548)   Other: 0.07ms
[227.350s][info][gc,heap        ] GC(548) Eden regions: 48->0(46)
[227.350s][info][gc,heap        ] GC(548) Survivor regions: 2->3(7)
[227.350s][info][gc,heap        ] GC(548) Old regions: 865->865
[227.350s][info][gc,heap        ] GC(548) Humongous regions: 11->11
[227.350s][info][gc,metaspace   ] GC(548) Metaspace: 18717K(18944K)->18717K(18944K) NonClass: 16052K(16192K)->16052K(16192K) Class: 2665K(2752K)->2665K(2752K)
[227.350s][info][gc             ] GC(548) Pause Young (Normal) (G1 Evacuation Pause) 925M->878M(978M) 3.418ms
[227.350s][info][gc,cpu         ] GC(548) User=0.00s Sys=0.00s Real=0.00s
[227.389s][info][gc,start       ] GC(549) Pause Young (Normal) (G1 Evacuation Pause)
[227.389s][info][gc,task        ] GC(549) Using 2 workers of 2 for evacuation
[227.393s][info][gc,phases      ] GC(549)   Pre Evacuate Collection Set: 0.27ms
[227.393s][info][gc,phases      ] GC(549)   Merge Heap Roots: 0.05ms
[227.393s][info][gc,phases      ] GC(549)   Evacuate Collection Set: 3.12ms
[227.393s][info][gc,phases      ] GC(549)   Post Evacuate Collection Set: 0.24ms
[227.393s][info][gc,phases      ] GC(549)   Other: 0.08ms
[227.393s][info][gc,heap        ] GC(549) Eden regions: 46->0(46)
[227.393s][info][gc,heap        ] GC(549) Survivor regions: 3->3(7)
[227.393s][info][gc,heap        ] GC(549) Old regions: 865->865
[227.393s][info][gc,heap        ] GC(549) Humongous regions: 11->11
[227.393s][info][gc,metaspace   ] GC(549) Metaspace: 18717K(18944K)->18717K(18944K) NonClass: 16052K(16192K)->16052K(16192K) Class: 2665K(2752K)->2665K(2752K)
[227.393s][info][gc             ] GC(549) Pause Young (Normal) (G1 Evacuation Pause) 924M->878M(978M) 3.941ms
[227.393s][info][gc,cpu         ] GC(549) User=0.01s Sys=0.00s Real=0.01s
[227.461s][info][gc,start       ] GC(550) Pause Young (Normal) (G1 Evacuation Pause)
[227.461s][info][gc,task        ] GC(550) Using 2 workers of 2 for evacuation
[227.466s][info][gc,phases      ] GC(550)   Pre Evacuate Collection Set: 0.27ms
[227.466s][info][gc,phases      ] GC(550)   Merge Heap Roots: 0.08ms
[227.466s][info][gc,phases      ] GC(550)   Evacuate Collection Set: 4.52ms
[227.466s][info][gc,phases      ] GC(550)   Post Evacuate Collection Set: 0.24ms
[227.466s][info][gc,phases      ] GC(550)   Other: 0.07ms
[227.466s][info][gc,heap        ] GC(550) Eden regions: 46->0(44)
[227.466s][info][gc,heap        ] GC(550) Survivor regions: 3->4(7)
[227.466s][info][gc,heap        ] GC(550) Old regions: 865->865
[227.466s][info][gc,heap        ] GC(550) Humongous regions: 11->11
[227.466s][info][gc,metaspace   ] GC(550) Metaspace: 18717K(18944K)->18717K(18944K) NonClass: 16052K(16192K)->16052K(16192K) Class: 2665K(2752K)->2665K(2752K)
[227.466s][info][gc             ] GC(550) Pause Young (Normal) (G1 Evacuation Pause) 924M->879M(978M) 5.349ms
[227.466s][info][gc,cpu         ] GC(550) User=0.01s Sys=0.00s Real=0.00s
[227.569s][info][gc,marking     ] GC(542) Concurrent Mark From Roots 805.662ms
[227.569s][info][gc,marking     ] GC(542) Concurrent Preclean
[227.569s][info][gc,marking     ] GC(542) Concurrent Preclean 0.044ms
[227.571s][info][gc,start       ] GC(542) Pause Remark
[227.579s][info][gc             ] GC(542) Pause Remark 906M->417M(978M) 7.815ms
[227.579s][info][gc,cpu         ] GC(542) User=0.01s Sys=0.00s Real=0.00s
[227.579s][info][gc,marking     ] GC(542) Concurrent Mark 815.728ms
[227.579s][info][gc,marking     ] GC(542) Concurrent Rebuild Remembered Sets and Scrub Regions
[227.633s][info][gc,start       ] GC(551) Pause Young (Normal) (G1 Evacuation Pause)
[227.633s][info][gc,task        ] GC(551) Using 2 workers of 2 for evacuation
[227.639s][info][gc,phases      ] GC(551)   Pre Evacuate Collection Set: 0.29ms
[227.639s][info][gc,phases      ] GC(551)   Merge Heap Roots: 0.10ms
[227.639s][info][gc,phases      ] GC(551)   Evacuate Collection Set: 4.73ms
[227.639s][info][gc,phases      ] GC(551)   Post Evacuate Collection Set: 0.28ms
[227.639s][info][gc,phases      ] GC(551)   Other: 0.08ms
[227.639s][info][gc,heap        ] GC(551) Eden regions: 44->0(459)
[227.639s][info][gc,heap        ] GC(551) Survivor regions: 4->3(6)
[227.639s][info][gc,heap        ] GC(551) Old regions: 383->384
[227.639s][info][gc,heap        ] GC(551) Humongous regions: 4->4
[227.639s][info][gc,metaspace   ] GC(551) Metaspace: 18717K(18944K)->18717K(18944K) NonClass: 16052K(16192K)->16052K(16192K) Class: 2665K(2752K)->2665K(2752K)
[227.639s][info][gc             ] GC(551) Pause Young (Normal) (G1 Evacuation Pause) 434M->390M(978M) 5.706ms
[227.639s][info][gc,cpu         ] GC(551) User=0.01s Sys=0.00s Real=0.00s
[227.938s][info][gc,marking     ] GC(542) Concurrent Rebuild Remembered Sets and Scrub Regions 359.211ms
[227.938s][info][gc,start       ] GC(542) Pause Cleanup
[227.939s][info][gc             ] GC(542) Pause Cleanup 508M->508M(978M) 0.127ms
[227.939s][info][gc,cpu         ] GC(542) User=0.00s Sys=0.00s Real=0.00s
[227.939s][info][gc,marking     ] GC(542) Concurrent Clear Claimed Marks
[227.939s][info][gc,marking     ] GC(542) Concurrent Clear Claimed Marks 0.034ms
[227.939s][info][gc,marking     ] GC(542) Concurrent Cleanup for Next Mark
[227.944s][info][gc,marking     ] GC(542) Concurrent Cleanup for Next Mark 5.197ms
[227.944s][info][gc             ] GC(542) Concurrent Mark Cycle 1251.903ms
[228.361s][info][gc,start       ] GC(552) Pause Young (Prepare Mixed) (G1 Evacuation Pause)
[228.361s][info][gc,task        ] GC(552) Using 2 workers of 2 for evacuation
[228.499s][info][gc,phases      ] GC(552)   Pre Evacuate Collection Set: 0.50ms
[228.499s][info][gc,phases      ] GC(552)   Merge Heap Roots: 0.35ms
[228.499s][info][gc,phases      ] GC(552)   Evacuate Collection Set: 134.69ms
[228.499s][info][gc,phases      ] GC(552)   Post Evacuate Collection Set: 1.72ms
[228.499s][info][gc,phases      ] GC(552)   Other: 0.10ms
[228.499s][info][gc,heap        ] GC(552) Eden regions: 459->0(169)
[228.499s][info][gc,heap        ] GC(552) Survivor regions: 3->58(58)
[228.499s][info][gc,heap        ] GC(552) Old regions: 384->477
[228.499s][info][gc,heap        ] GC(552) Humongous regions: 5->5
[228.499s][info][gc,metaspace   ] GC(552) Metaspace: 18717K(18944K)->18717K(18944K) NonClass: 16052K(16192K)->16052K(16192K) Class: 2665K(2752K)->2665K(2752K)
[228.499s][info][gc             ] GC(552) Pause Young (Prepare Mixed) (G1 Evacuation Pause) (Evacuation Failure: Allocation) 850M->539M(978M) 137.619ms
[228.499s][info][gc,cpu         ] GC(552) User=0.27s Sys=0.00s Real=0.13s
[228.633s][info][gc,start       ] GC(553) Pause Young (Mixed) (G1 Evacuation Pause)
[228.633s][info][gc,task        ] GC(553) Using 2 workers of 2 for evacuation
[228.735s][info][gc,phases      ] GC(553)   Pre Evacuate Collection Set: 0.27ms
[228.735s][info][gc,phases      ] GC(553)   Merge Heap Roots: 0.74ms
[228.735s][info][gc,phases      ] GC(553)   Evacuate Collection Set: 98.69ms
[228.735s][info][gc,phases      ] GC(553)   Merge Optional Heap Roots: 0.05ms
[228.735s][info][gc,phases      ] GC(553)   Evacuate Optional Collection Set: 1.12ms
[228.735s][info][gc,phases      ] GC(553)   Post Evacuate Collection Set: 0.85ms
[228.735s][info][gc,phases      ] GC(553)   Other: 0.08ms
[228.735s][info][gc,heap        ] GC(553) Eden regions: 109->0(164)
[228.735s][info][gc,heap        ] GC(553) Survivor regions: 58->21(21)
[228.735s][info][gc,heap        ] GC(553) Old regions: 477->493
[228.735s][info][gc,heap        ] GC(553) Humongous regions: 5->5
[228.735s][info][gc,metaspace   ] GC(553) Metaspace: 18717K(18944K)->18717K(18944K) NonClass: 16052K(16192K)->16052K(16192K) Class: 2665K(2752K)->2665K(2752K)
[228.735s][info][gc             ] GC(553) Pause Young (Mixed) (G1 Evacuation Pause) 648M->518M(978M) 102.060ms
[228.735s][info][gc,cpu         ] GC(553) User=0.20s Sys=0.00s Real=0.10s
[228.880s][info][gc,start       ] GC(554) Pause Young (Mixed) (G1 Evacuation Pause)
[228.880s][info][gc,task        ] GC(554) Using 2 workers of 2 for evacuation
[229.000s][info][gc,phases      ] GC(554)   Pre Evacuate Collection Set: 0.51ms
[229.000s][info][gc,phases      ] GC(554)   Merge Heap Roots: 0.56ms
[229.000s][info][gc,phases      ] GC(554)   Evacuate Collection Set: 117.78ms
[229.000s][info][gc,phases      ] GC(554)   Post Evacuate Collection Set: 0.34ms
[229.000s][info][gc,phases      ] GC(554)   Other: 0.09ms
[229.000s][info][gc,heap        ] GC(554) Eden regions: 107->0(288)
[229.000s][info][gc,heap        ] GC(554) Survivor regions: 21->4(16)
[229.000s][info][gc,heap        ] GC(554) Old regions: 493->513
[229.000s][info][gc,heap        ] GC(554) Humongous regions: 5->5
[229.000s][info][gc,metaspace   ] GC(554) Metaspace: 18720K(18944K)->18720K(18944K) NonClass: 16055K(16192K)->16055K(16192K) Class: 2665K(2752K)->2665K(2752K)
[229.000s][info][gc             ] GC(554) Pause Young (Mixed) (G1 Evacuation Pause) 625M->521M(978M) 119.487ms
[229.000s][info][gc,cpu         ] GC(554) User=0.23s Sys=0.00s Real=0.12s
[229.284s][info][gc,start       ] GC(555) Pause Young (Concurrent Start) (G1 Evacuation Pause)
[229.284s][info][gc,task        ] GC(555) Using 2 workers of 2 for evacuation
[229.318s][info][gc,phases      ] GC(555)   Pre Evacuate Collection Set: 0.31ms
[229.318s][info][gc,phases      ] GC(555)   Merge Heap Roots: 0.09ms
[229.318s][info][gc,phases      ] GC(555)   Evacuate Collection Set: 32.38ms
[229.318s][info][gc,phases      ] GC(555)   Post Evacuate Collection Set: 0.54ms
[229.318s][info][gc,phases      ] GC(555)   Other: 0.10ms
[229.318s][info][gc,heap        ] GC(555) Eden regions: 288->0(277)
[229.318s][info][gc,heap        ] GC(555) Survivor regions: 4->35(37)
[229.318s][info][gc,heap        ] GC(555) Old regions: 513->513
[229.318s][info][gc,heap        ] GC(555) Humongous regions: 5->5
[229.318s][info][gc,metaspace   ] GC(555) Metaspace: 18722K(18944K)->18722K(18944K) NonClass: 16057K(16192K)->16057K(16192K) Class: 2665K(2752K)->2665K(2752K)
[229.318s][info][gc             ] GC(555) Pause Young (Concurrent Start) (G1 Evacuation Pause) 809M->552M(978M) 33.624ms
[229.318s][info][gc,cpu         ] GC(555) User=0.07s Sys=0.00s Real=0.03s
[229.318s][info][gc             ] GC(556) Concurrent Mark Cycle
[229.318s][info][gc,marking     ] GC(556) Concurrent Scan Root Regions
[229.358s][info][gc,marking     ] GC(556) Concurrent Scan Root Regions 40.037ms
[229.358s][info][gc,marking     ] GC(556) Concurrent Mark
[229.358s][info][gc,marking     ] GC(556) Concurrent Mark From Roots
[229.358s][info][gc,task        ] GC(556) Using 1 workers of 1 for marking
[229.761s][info][gc,start       ] GC(557) Pause Young (Normal) (G1 Evacuation Pause)
[229.761s][info][gc,task        ] GC(557) Using 2 workers of 2 for evacuation
[229.883s][info][gc,phases      ] GC(557)   Pre Evacuate Collection Set: 0.31ms
[229.884s][info][gc,phases      ] GC(557)   Merge Heap Roots: 0.14ms
[229.884s][info][gc,phases      ] GC(557)   Evacuate Collection Set: 121.16ms
[229.884s][info][gc,phases      ] GC(557)   Post Evacuate Collection Set: 0.73ms
[229.884s][info][gc,phases      ] GC(557)   Other: 0.08ms
[229.884s][info][gc,heap        ] GC(557) Eden regions: 277->0(185)
[229.884s][info][gc,heap        ] GC(557) Survivor regions: 35->39(39)
[229.884s][info][gc,heap        ] GC(557) Old regions: 513->609
[229.884s][info][gc,heap        ] GC(557) Humongous regions: 5->5
[229.884s][info][gc,metaspace   ] GC(557) Metaspace: 18722K(18944K)->18722K(18944K) NonClass: 16057K(16192K)->16057K(16192K) Class: 2665K(2752K)->2665K(2752K)
[229.884s][info][gc             ] GC(557) Pause Young (Normal) (G1 Evacuation Pause) 829M->652M(978M) 122.645ms
[229.884s][info][gc,cpu         ] GC(557) User=0.24s Sys=0.00s Real=0.12s
[230.142s][info][gc,start       ] GC(558) Pause Young (Normal) (G1 Evacuation Pause)
[230.142s][info][gc,task        ] GC(558) Using 2 workers of 2 for evacuation
[230.250s][info][gc,phases      ] GC(558)   Pre Evacuate Collection Set: 0.48ms
[230.250s][info][gc,phases      ] GC(558)   Merge Heap Roots: 0.47ms
[230.250s][info][gc,phases      ] GC(558)   Evacuate Collection Set: 105.99ms
[230.250s][info][gc,phases      ] GC(558)   Post Evacuate Collection Set: 0.66ms
[230.250s][info][gc,phases      ] GC(558)   Other: 0.08ms
[230.250s][info][gc,heap        ] GC(558) Eden regions: 185->0(147)
[230.250s][info][gc,heap        ] GC(558) Survivor regions: 39->28(28)
[230.250s][info][gc,heap        ] GC(558) Old regions: 609->671
[230.250s][info][gc,heap        ] GC(558) Humongous regions: 8->8
[230.250s][info][gc,metaspace   ] GC(558) Metaspace: 18722K(18944K)->18722K(18944K) NonClass: 16057K(16192K)->16057K(16192K) Class: 2665K(2752K)->2665K(2752K)
[230.250s][info][gc             ] GC(558) Pause Young (Normal) (G1 Evacuation Pause) 840M->706M(978M) 107.938ms
[230.250s][info][gc,cpu         ] GC(558) User=0.21s Sys=0.00s Real=0.10s
[230.456s][info][gc,start       ] GC(559) Pause Young (Normal) (G1 Evacuation Pause)
[230.456s][info][gc,task        ] GC(559) Using 2 workers of 2 for evacuation
[230.553s][info][gc,phases      ] GC(559)   Pre Evacuate Collection Set: 0.49ms
[230.553s][info][gc,phases      ] GC(559)   Merge Heap Roots: 0.50ms
[230.553s][info][gc,phases      ] GC(559)   Evacuate Collection Set: 95.76ms
[230.553s][info][gc,phases      ] GC(559)   Post Evacuate Collection Set: 0.56ms
[230.553s][info][gc,phases      ] GC(559)   Other: 0.07ms
[230.553s][info][gc,heap        ] GC(559) Eden regions: 147->0(119)
[230.553s][info][gc,heap        ] GC(559) Survivor regions: 28->22(22)
[230.553s][info][gc,heap        ] GC(559) Old regions: 671->723
[230.553s][info][gc,heap        ] GC(559) Humongous regions: 8->8
[230.553s][info][gc,metaspace   ] GC(559) Metaspace: 18722K(18944K)->18722K(18944K) NonClass: 16057K(16192K)->16057K(16192K) Class: 2665K(2752K)->2665K(2752K)
[230.553s][info][gc             ] GC(559) Pause Young (Normal) (G1 Evacuation Pause) 853M->752M(978M) 97.598ms
[230.553s][info][gc,cpu         ] GC(559) User=0.19s Sys=0.00s Real=0.10s
[230.679s][info][gc,start       ] GC(560) Pause Young (Normal) (G1 Evacuation Pause)
[230.679s][info][gc,task        ] GC(560) Using 2 workers of 2 for evacuation
[230.731s][info][gc,phases      ] GC(560)   Pre Evacuate Collection Set: 0.27ms
[230.731s][info][gc,phases      ] GC(560)   Merge Heap Roots: 0.42ms
[230.731s][info][gc,phases      ] GC(560)   Evacuate Collection Set: 50.54ms
[230.731s][info][gc,phases      ] GC(560)   Post Evacuate Collection Set: 0.37ms
[230.731s][info][gc,phases      ] GC(560)   Other: 0.08ms
[230.731s][info][gc,heap        ] GC(560) Eden regions: 119->0(118)
[230.731s][info][gc,heap        ] GC(560) Survivor regions: 22->15(18)
[230.731s][info][gc,heap        ] GC(560) Old regions: 723->746
[230.731s][info][gc,heap        ] GC(560) Humongous regions: 8->8
[230.731s][info][gc,metaspace   ] GC(560) Metaspace: 18722K(18944K)->18722K(18944K) NonClass: 16057K(16192K)->16057K(16192K) Class: 2665K(2752K)->2665K(2752K)
[230.731s][info][gc             ] GC(560) Pause Young (Normal) (G1 Evacuation Pause) 871M->767M(978M) 51.898ms
[230.731s][info][gc,cpu         ] GC(560) User=0.10s Sys=0.00s Real=0.05s
[230.802s][info][gc,marking     ] GC(556) Concurrent Mark From Roots 1444.037ms
[230.802s][info][gc,marking     ] GC(556) Concurrent Preclean
[230.802s][info][gc,marking     ] GC(556) Concurrent Preclean 0.035ms
[230.803s][info][gc,start       ] GC(556) Pause Remark
[230.810s][info][gc             ] GC(556) Pause Remark 833M->732M(978M) 7.581ms
[230.810s][info][gc,cpu         ] GC(556) User=0.01s Sys=0.00s Real=0.00s
[230.810s][info][gc,marking     ] GC(556) Concurrent Mark 1452.270ms
[230.810s][info][gc,marking     ] GC(556) Concurrent Rebuild Remembered Sets and Scrub Regions
[230.872s][info][gc,start       ] GC(561) Pause Young (Normal) (G1 Evacuation Pause)
[230.872s][info][gc,task        ] GC(561) Using 2 workers of 2 for evacuation
[230.903s][info][gc,phases      ] GC(561)   Pre Evacuate Collection Set: 0.27ms
[230.903s][info][gc,phases      ] GC(561)   Merge Heap Roots: 0.30ms
[230.903s][info][gc,phases      ] GC(561)   Evacuate Collection Set: 29.93ms
[230.903s][info][gc,phases      ] GC(561)   Post Evacuate Collection Set: 0.49ms
[230.903s][info][gc,phases      ] GC(561)   Other: 0.06ms
[230.903s][info][gc,heap        ] GC(561) Eden regions: 118->0(188)
[230.903s][info][gc,heap        ] GC(561) Survivor regions: 15->5(17)
[230.903s][info][gc,heap        ] GC(561) Old regions: 647->661
[230.903s][info][gc,heap        ] GC(561) Humongous regions: 6->6
[230.903s][info][gc,metaspace   ] GC(561) Metaspace: 18722K(18944K)->18722K(18944K) NonClass: 16057K(16192K)->16057K(16192K) Class: 2665K(2752K)->2665K(2752K)
[230.903s][info][gc             ] GC(561) Pause Young (Normal) (G1 Evacuation Pause) 784M->671M(978M) 31.239ms
[230.903s][info][gc,cpu         ] GC(561) User=0.06s Sys=0.00s Real=0.03s
[231.109s][info][gc,start       ] GC(562) Pause Young (Normal) (G1 Evacuation Pause)
[231.109s][info][gc,task        ] GC(562) Using 2 workers of 2 for evacuation
[231.166s][info][gc,phases      ] GC(562)   Pre Evacuate Collection Set: 0.28ms
[231.166s][info][gc,phases      ] GC(562)   Merge Heap Roots: 0.46ms
[231.166s][info][gc,phases      ] GC(562)   Evacuate Collection Set: 55.45ms
[231.166s][info][gc,phases      ] GC(562)   Post Evacuate Collection Set: 0.58ms
[231.166s][info][gc,phases      ] GC(562)   Other: 0.08ms
[231.166s][info][gc,heap        ] GC(562) Eden regions: 188->0(175)
[231.166s][info][gc,heap        ] GC(562) Survivor regions: 5->25(25)
[231.166s][info][gc,heap        ] GC(562) Old regions: 661->667
[231.166s][info][gc,heap        ] GC(562) Humongous regions: 9->9
[231.166s][info][gc,metaspace   ] GC(562) Metaspace: 18722K(18944K)->18722K(18944K) NonClass: 16057K(16192K)->16057K(16192K) Class: 2665K(2752K)->2665K(2752K)
[231.166s][info][gc             ] GC(562) Pause Young (Normal) (G1 Evacuation Pause) 862M->700M(978M) 57.127ms
[231.166s][info][gc,cpu         ] GC(562) User=0.11s Sys=0.00s Real=0.06s
[231.349s][info][gc,start       ] GC(563) Pause Young (Normal) (G1 Evacuation Pause)
[231.350s][info][gc,task        ] GC(563) Using 2 workers of 2 for evacuation
[231.419s][info][gc,phases      ] GC(563)   Pre Evacuate Collection Set: 0.28ms
[231.419s][info][gc,phases      ] GC(563)   Merge Heap Roots: 0.70ms
[231.419s][info][gc,phases      ] GC(563)   Evacuate Collection Set: 67.54ms
[231.419s][info][gc,phases      ] GC(563)   Post Evacuate Collection Set: 0.62ms
[231.419s][info][gc,phases      ] GC(563)   Other: 0.07ms
[231.419s][info][gc,heap        ] GC(563) Eden regions: 175->0(165)
[231.419s][info][gc,heap        ] GC(563) Survivor regions: 25->22(25)
[231.419s][info][gc,heap        ] GC(563) Old regions: 667->692
[231.419s][info][gc,heap        ] GC(563) Humongous regions: 9->9
[231.419s][info][gc,metaspace   ] GC(563) Metaspace: 18722K(18944K)->18722K(18944K) NonClass: 16057K(16192K)->16057K(16192K) Class: 2665K(2752K)->2665K(2752K)
[231.419s][info][gc             ] GC(563) Pause Young (Normal) (G1 Evacuation Pause) 875M->722M(978M) 69.419ms
[231.419s][info][gc,cpu         ] GC(563) User=0.14s Sys=0.00s Real=0.07s
[231.658s][info][gc,marking     ] GC(556) Concurrent Rebuild Remembered Sets and Scrub Regions 848.065ms
[231.659s][info][gc,start       ] GC(556) Pause Cleanup
[231.659s][info][gc             ] GC(556) Pause Cleanup 885M->885M(978M) 0.130ms
[231.659s][info][gc,cpu         ] GC(556) User=0.00s Sys=0.00s Real=0.00s
[231.659s][info][gc,marking     ] GC(556) Concurrent Clear Claimed Marks
[231.659s][info][gc,marking     ] GC(556) Concurrent Clear Claimed Marks 0.027ms
[231.659s][info][gc,marking     ] GC(556) Concurrent Cleanup for Next Mark
[231.661s][info][gc,start       ] GC(564) Pause Young (Prepare Mixed) (G1 Evacuation Pause)
[231.661s][info][gc,task        ] GC(564) Using 2 workers of 2 for evacuation
[231.714s][info][gc,phases      ] GC(564)   Pre Evacuate Collection Set: 0.25ms
[231.714s][info][gc,phases      ] GC(564)   Merge Heap Roots: 0.48ms
[231.714s][info][gc,phases      ] GC(564)   Evacuate Collection Set: 51.54ms
[231.714s][info][gc,phases      ] GC(564)   Post Evacuate Collection Set: 0.64ms
[231.714s][info][gc,phases      ] GC(564)   Other: 0.06ms
[231.714s][info][gc,heap        ] GC(564) Eden regions: 165->0(163)
[231.714s][info][gc,heap        ] GC(564) Survivor regions: 22->14(24)
[231.714s][info][gc,heap        ] GC(564) Old regions: 692->714
[231.714s][info][gc,heap        ] GC(564) Humongous regions: 9->9
[231.714s][info][gc,metaspace   ] GC(564) Metaspace: 18729K(18944K)->18729K(18944K) NonClass: 16063K(16192K)->16063K(16192K) Class: 2665K(2752K)->2665K(2752K)
[231.714s][info][gc             ] GC(564) Pause Young (Prepare Mixed) (G1 Evacuation Pause) 887M->736M(978M) 53.160ms
[231.714s][info][gc,cpu         ] GC(564) User=0.10s Sys=0.00s Real=0.05s
[231.717s][info][gc,marking     ] GC(556) Concurrent Cleanup for Next Mark 57.724ms
[231.717s][info][gc             ] GC(556) Concurrent Mark Cycle 2398.673ms
[231.883s][info][gc,start       ] GC(565) Pause Young (Mixed) (G1 Evacuation Pause)
[231.883s][info][gc,task        ] GC(565) Using 2 workers of 2 for evacuation
[231.965s][info][gc,phases      ] GC(565)   Pre Evacuate Collection Set: 0.30ms
[231.965s][info][gc,phases      ] GC(565)   Merge Heap Roots: 1.02ms
[231.965s][info][gc,phases      ] GC(565)   Evacuate Collection Set: 78.70ms
[231.965s][info][gc,phases      ] GC(565)   Post Evacuate Collection Set: 1.76ms
[231.965s][info][gc,phases      ] GC(565)   Other: 0.09ms
[231.965s][info][gc,heap        ] GC(565) Eden regions: 163->0(36)
[231.965s][info][gc,heap        ] GC(565) Survivor regions: 14->12(23)
[231.965s][info][gc,heap        ] GC(565) Old regions: 714->662
[231.965s][info][gc,heap        ] GC(565) Humongous regions: 9->9
[231.965s][info][gc,metaspace   ] GC(565) Metaspace: 18729K(18944K)->18729K(18944K) NonClass: 16063K(16192K)->16063K(16192K) Class: 2665K(2752K)->2665K(2752K)
[231.965s][info][gc             ] GC(565) Pause Young (Mixed) (G1 Evacuation Pause) 899M->682M(978M) 82.092ms
[231.965s][info][gc,cpu         ] GC(565) User=0.16s Sys=0.00s Real=0.08s
[232.052s][info][gc,start       ] GC(566) Pause Young (Mixed) (G1 Evacuation Pause)
[232.052s][info][gc,task        ] GC(566) Using 2 workers of 2 for evacuation
[232.230s][info][gc,phases      ] GC(566)   Pre Evacuate Collection Set: 0.26ms
[232.230s][info][gc,phases      ] GC(566)   Merge Heap Roots: 2.13ms
[232.230s][info][gc,phases      ] GC(566)   Evacuate Collection Set: 175.24ms
[232.230s][info][gc,phases      ] GC(566)   Post Evacuate Collection Set: 0.29ms
[232.230s][info][gc,phases      ] GC(566)   Other: 0.08ms
[232.230s][info][gc,heap        ] GC(566) Eden regions: 36->0(204)
[232.230s][info][gc,heap        ] GC(566) Survivor regions: 12->4(6)
[232.230s][info][gc,heap        ] GC(566) Old regions: 662->673
[232.230s][info][gc,heap        ] GC(566) Humongous regions: 9->9
[232.230s][info][gc,metaspace   ] GC(566) Metaspace: 18729K(18944K)->18729K(18944K) NonClass: 16063K(16192K)->16063K(16192K) Class: 2665K(2752K)->2665K(2752K)
[232.230s][info][gc             ] GC(566) Pause Young (Mixed) (G1 Evacuation Pause) 718M->684M(978M) 178.203ms
[232.230s][info][gc,cpu         ] GC(566) User=0.36s Sys=0.00s Real=0.17s
[232.490s][info][gc,start       ] GC(567) Pause Young (Concurrent Start) (G1 Evacuation Pause)
[232.490s][info][gc,task        ] GC(567) Using 2 workers of 2 for evacuation
[232.519s][info][gc,phases      ] GC(567)   Pre Evacuate Collection Set: 0.33ms
[232.519s][info][gc,phases      ] GC(567)   Merge Heap Roots: 0.17ms
[232.519s][info][gc,phases      ] GC(567)   Evacuate Collection Set: 27.36ms
[232.519s][info][gc,phases      ] GC(567)   Post Evacuate Collection Set: 0.44ms
[232.519s][info][gc,phases      ] GC(567)   Other: 0.21ms
[232.519s][info][gc,heap        ] GC(567) Eden regions: 204->0(192)
[232.519s][info][gc,heap        ] GC(567) Survivor regions: 4->25(26)
[232.519s][info][gc,heap        ] GC(567) Old regions: 673->673
[232.519s][info][gc,heap        ] GC(567) Humongous regions: 9->9
[232.519s][info][gc,metaspace   ] GC(567) Metaspace: 18729K(18944K)->18729K(18944K) NonClass: 16063K(16192K)->16063K(16192K) Class: 2665K(2752K)->2665K(2752K)
[232.519s][info][gc             ] GC(567) Pause Young (Concurrent Start) (G1 Evacuation Pause) 888M->705M(978M) 28.733ms
[232.519s][info][gc             ] GC(568) Concurrent Mark Cycle
[232.519s][info][gc,marking     ] GC(568) Concurrent Scan Root Regions
[232.520s][info][gc,cpu         ] GC(567) User=0.06s Sys=0.00s Real=0.03s
[232.562s][info][gc,marking     ] GC(568) Concurrent Scan Root Regions 42.559ms
[232.562s][info][gc,marking     ] GC(568) Concurrent Mark
[232.562s][info][gc,marking     ] GC(568) Concurrent Mark From Roots
[232.562s][info][gc,task        ] GC(568) Using 1 workers of 1 for marking
[233.297s][info][gc,start       ] GC(569) Pause Young (Normal) (G1 Evacuation Pause)
[233.297s][info][gc,task        ] GC(569) Using 2 workers of 2 for evacuation
[233.325s][info][gc,phases      ] GC(569)   Pre Evacuate Collection Set: 0.56ms
[233.326s][info][gc,phases      ] GC(569)   Merge Heap Roots: 0.36ms
[233.326s][info][gc,phases      ] GC(569)   Evacuate Collection Set: 27.22ms
[233.326s][info][gc,phases      ] GC(569)   Post Evacuate Collection Set: 0.42ms
[233.326s][info][gc,phases      ] GC(569)   Other: 0.07ms
[233.326s][info][gc,heap        ] GC(569) Eden regions: 192->0(204)
[233.326s][info][gc,heap        ] GC(569) Survivor regions: 25->1(28)
[233.326s][info][gc,heap        ] GC(569) Old regions: 673->697
[233.326s][info][gc,heap        ] GC(569) Humongous regions: 9->9
[233.326s][info][gc,metaspace   ] GC(569) Metaspace: 18729K(18944K)->18729K(18944K) NonClass: 16063K(16192K)->16063K(16192K) Class: 2665K(2752K)->2665K(2752K)
[233.326s][info][gc             ] GC(569) Pause Young (Normal) (G1 Evacuation Pause) 897M->706M(978M) 28.857ms
[233.326s][info][gc,cpu         ] GC(569) User=0.06s Sys=0.00s Real=0.03s
[233.510s][info][gc,marking     ] GC(568) Concurrent Mark From Roots 948.345ms
[233.510s][info][gc,marking     ] GC(568) Concurrent Preclean
[233.510s][info][gc,marking     ] GC(568) Concurrent Preclean 0.033ms
[233.512s][info][gc,start       ] GC(568) Pause Remark
[233.520s][info][gc             ] GC(568) Pause Remark 758M->435M(978M) 7.562ms
[233.520s][info][gc,cpu         ] GC(568) User=0.02s Sys=0.00s Real=0.00s
[233.520s][info][gc,marking     ] GC(568) Concurrent Mark 958.047ms
[233.520s][info][gc,marking     ] GC(568) Concurrent Rebuild Remembered Sets and Scrub Regions
[233.919s][info][gc,marking     ] GC(568) Concurrent Rebuild Remembered Sets and Scrub Regions 398.833ms
[233.919s][info][gc,start       ] GC(568) Pause Cleanup
[233.919s][info][gc             ] GC(568) Pause Cleanup 566M->566M(978M) 0.115ms
[233.919s][info][gc,cpu         ] GC(568) User=0.00s Sys=0.00s Real=0.00s
[233.919s][info][gc,marking     ] GC(568) Concurrent Clear Claimed Marks
[233.919s][info][gc,marking     ] GC(568) Concurrent Clear Claimed Marks 0.062ms
[233.919s][info][gc,marking     ] GC(568) Concurrent Cleanup for Next Mark
[233.926s][info][gc,marking     ] GC(568) Concurrent Cleanup for Next Mark 6.613ms
[233.926s][info][gc             ] GC(568) Concurrent Mark Cycle 1406.964ms
[233.968s][info][gc,start       ] GC(570) Pause Young (Prepare Mixed) (G1 Evacuation Pause)
[233.968s][info][gc,task        ] GC(570) Using 2 workers of 2 for evacuation
[233.970s][info][gc,phases      ] GC(570)   Pre Evacuate Collection Set: 0.30ms
[233.970s][info][gc,phases      ] GC(570)   Merge Heap Roots: 0.13ms
[233.970s][info][gc,phases      ] GC(570)   Evacuate Collection Set: 1.15ms
[233.970s][info][gc,phases      ] GC(570)   Post Evacuate Collection Set: 0.41ms
[233.970s][info][gc,phases      ] GC(570)   Other: 0.09ms
[233.970s][info][gc,heap        ] GC(570) Eden regions: 204->0(496)
[233.970s][info][gc,heap        ] GC(570) Survivor regions: 1->1(26)
[233.970s][info][gc,heap        ] GC(570) Old regions: 379->379
[233.970s][info][gc,heap        ] GC(570) Humongous regions: 4->4
[233.970s][info][gc,metaspace   ] GC(570) Metaspace: 18729K(18944K)->18729K(18944K) NonClass: 16063K(16192K)->16063K(16192K) Class: 2665K(2752K)->2665K(2752K)
[233.970s][info][gc             ] GC(570) Pause Young (Prepare Mixed) (G1 Evacuation Pause) 587M->383M(978M) 2.234ms
[233.970s][info][gc,cpu         ] GC(570) User=0.00s Sys=0.00s Real=0.00s
[234.747s][info][gc,start       ] GC(571) Pause Young (Mixed) (G1 Evacuation Pause)
[234.747s][info][gc,task        ] GC(571) Using 2 workers of 2 for evacuation
[234.909s][info][gc,phases      ] GC(571)   Pre Evacuate Collection Set: 0.32ms
[234.909s][info][gc,phases      ] GC(571)   Merge Heap Roots: 0.42ms
[234.909s][info][gc,phases      ] GC(571)   Evacuate Collection Set: 87.28ms
[234.909s][info][gc,phases      ] GC(571)   Merge Optional Heap Roots: 0.29ms
[234.909s][info][gc,phases      ] GC(571)   Evacuate Optional Collection Set: 73.35ms
[234.909s][info][gc,phases      ] GC(571)   Post Evacuate Collection Set: 0.91ms
[234.909s][info][gc,phases      ] GC(571)   Other: 0.12ms
[234.909s][info][gc,heap        ] GC(571) Eden regions: 496->0(396)
[234.909s][info][gc,heap        ] GC(571) Survivor regions: 1->63(63)
[234.909s][info][gc,heap        ] GC(571) Old regions: 379->372
[234.909s][info][gc,heap        ] GC(571) Humongous regions: 4->4
[234.909s][info][gc,metaspace   ] GC(571) Metaspace: 18729K(18944K)->18729K(18944K) NonClass: 16064K(16192K)->16064K(16192K) Class: 2665K(2752K)->2665K(2752K)
[234.910s][info][gc             ] GC(571) Pause Young (Mixed) (G1 Evacuation Pause) 879M->438M(978M) 162.928ms
[234.910s][info][gc,cpu         ] GC(571) User=0.32s Sys=0.00s Real=0.16s
[235.090s][info][gc,start       ] GC(572) Pause Young (Concurrent Start) (G1 Humongous Allocation)
[235.091s][info][gc,task        ] GC(572) Using 2 workers of 2 for evacuation
[235.197s][info][gc,phases      ] GC(572)   Pre Evacuate Collection Set: 0.33ms
[235.197s][info][gc,phases      ] GC(572)   Merge Heap Roots: 0.41ms
[235.197s][info][gc,phases      ] GC(572)   Evacuate Collection Set: 104.65ms
[235.197s][info][gc,phases      ] GC(572)   Post Evacuate Collection Set: 0.67ms
[235.197s][info][gc,phases      ] GC(572)   Other: 0.17ms
[235.197s][info][gc,heap        ] GC(572) Eden regions: 263->0(346)
[235.197s][info][gc,heap        ] GC(572) Survivor regions: 63->45(58)
[235.197s][info][gc,heap        ] GC(572) Old regions: 372->434
[235.197s][info][gc,heap        ] GC(572) Humongous regions: 4->4
[235.197s][info][gc,metaspace   ] GC(572) Metaspace: 18730K(18944K)->18730K(18944K) NonClass: 16064K(16192K)->16064K(16192K) Class: 2665K(2752K)->2665K(2752K)
[235.197s][info][gc             ] GC(572) Pause Young (Concurrent Start) (G1 Humongous Allocation) 700M->482M(978M) 106.449ms
[235.197s][info][gc,cpu         ] GC(572) User=0.21s Sys=0.00s Real=0.11s
[235.197s][info][gc             ] GC(573) Concurrent Mark Cycle
[235.197s][info][gc,marking     ] GC(573) Concurrent Scan Root Regions
[235.269s][info][gc,marking     ] GC(573) Concurrent Scan Root Regions 71.713ms
[235.269s][info][gc,marking     ] GC(573) Concurrent Mark
[235.269s][info][gc,marking     ] GC(573) Concurrent Mark From Roots
[235.269s][info][gc,task        ] GC(573) Using 1 workers of 1 for marking
[235.699s][info][gc,start       ] GC(574) Pause Young (Normal) (G1 Evacuation Pause)
[235.699s][info][gc,task        ] GC(574) Using 2 workers of 2 for evacuation
[235.801s][info][gc,phases      ] GC(574)   Pre Evacuate Collection Set: 0.27ms
[235.801s][info][gc,phases      ] GC(574)   Merge Heap Roots: 0.38ms
[235.801s][info][gc,phases      ] GC(574)   Evacuate Collection Set: 100.56ms
[235.801s][info][gc,phases      ] GC(574)   Post Evacuate Collection Set: 0.64ms
[235.801s][info][gc,phases      ] GC(574)   Other: 0.12ms
[235.801s][info][gc,heap        ] GC(574) Eden regions: 346->0(313)
[235.801s][info][gc,heap        ] GC(574) Survivor regions: 45->42(49)
[235.801s][info][gc,heap        ] GC(574) Old regions: 434->479
[235.801s][info][gc,heap        ] GC(574) Humongous regions: 8->8
[235.801s][info][gc,metaspace   ] GC(574) Metaspace: 18730K(18944K)->18730K(18944K) NonClass: 16064K(16192K)->16064K(16192K) Class: 2665K(2752K)->2665K(2752K)
[235.801s][info][gc             ] GC(574) Pause Young (Normal) (G1 Evacuation Pause) 832M->528M(978M) 102.231ms
[235.801s][info][gc,cpu         ] GC(574) User=0.20s Sys=0.00s Real=0.11s
[236.169s][info][gc,start       ] GC(575) Pause Young (Normal) (G1 Evacuation Pause)
[236.169s][info][gc,task        ] GC(575) Using 2 workers of 2 for evacuation
[236.253s][info][gc,phases      ] GC(575)   Pre Evacuate Collection Set: 0.46ms
[236.253s][info][gc,phases      ] GC(575)   Merge Heap Roots: 0.34ms
[236.253s][info][gc,phases      ] GC(575)   Evacuate Collection Set: 82.16ms
[236.253s][info][gc,phases      ] GC(575)   Post Evacuate Collection Set: 0.54ms
[236.253s][info][gc,phases      ] GC(575)   Other: 0.13ms
[236.253s][info][gc,heap        ] GC(575) Eden regions: 313->0(295)
[236.253s][info][gc,heap        ] GC(575) Survivor regions: 42->29(45)
[236.253s][info][gc,heap        ] GC(575) Old regions: 479->521
[236.253s][info][gc,heap        ] GC(575) Humongous regions: 8->8
[236.253s][info][gc,metaspace   ] GC(575) Metaspace: 18730K(18944K)->18730K(18944K) NonClass: 16064K(16192K)->16064K(16192K) Class: 2665K(2752K)->2665K(2752K)
[236.253s][info][gc             ] GC(575) Pause Young (Normal) (G1 Evacuation Pause) 841M->557M(978M) 83.884ms
[236.253s][info][gc,cpu         ] GC(575) User=0.17s Sys=0.00s Real=0.09s
[236.397s][info][gc,marking     ] GC(573) Concurrent Mark From Roots 1128.036ms
[236.397s][info][gc,marking     ] GC(573) Concurrent Preclean
[236.397s][info][gc,marking     ] GC(573) Concurrent Preclean 0.035ms
[236.397s][info][gc,start       ] GC(573) Pause Remark
[236.404s][info][gc             ] GC(573) Pause Remark 688M->680M(978M) 7.109ms
[236.404s][info][gc,cpu         ] GC(573) User=0.02s Sys=0.00s Real=0.01s
[236.405s][info][gc,marking     ] GC(573) Concurrent Mark 1136.075ms
[236.405s][info][gc,marking     ] GC(573) Concurrent Rebuild Remembered Sets and Scrub Regions
[236.611s][info][gc,start       ] GC(576) Pause Young (Normal) (G1 Evacuation Pause)
[236.611s][info][gc,task        ] GC(576) Using 2 workers of 2 for evacuation
[236.665s][info][gc,phases      ] GC(576)   Pre Evacuate Collection Set: 0.30ms
[236.665s][info][gc,phases      ] GC(576)   Merge Heap Roots: 0.34ms
[236.665s][info][gc,phases      ] GC(576)   Evacuate Collection Set: 53.30ms
[236.665s][info][gc,phases      ] GC(576)   Post Evacuate Collection Set: 0.52ms
[236.665s][info][gc,phases      ] GC(576)   Other: 0.08ms
[236.665s][info][gc,heap        ] GC(576) Eden regions: 295->0(296)
[236.665s][info][gc,heap        ] GC(576) Survivor regions: 29->20(41)
[236.665s][info][gc,heap        ] GC(576) Old regions: 513->542
[236.665s][info][gc,heap        ] GC(576) Humongous regions: 8->8
[236.665s][info][gc,metaspace   ] GC(576) Metaspace: 18730K(18944K)->18730K(18944K) NonClass: 16064K(16192K)->16064K(16192K) Class: 2665K(2752K)->2665K(2752K)
[236.665s][info][gc             ] GC(576) Pause Young (Normal) (G1 Evacuation Pause) 844M->568M(978M) 54.742ms
[236.666s][info][gc,cpu         ] GC(576) User=0.10s Sys=0.00s Real=0.06s
[236.940s][info][gc,marking     ] GC(573) Concurrent Rebuild Remembered Sets and Scrub Regions 535.272ms
[236.940s][info][gc,start       ] GC(573) Pause Cleanup
[236.941s][info][gc             ] GC(573) Pause Cleanup 724M->724M(978M) 0.122ms
[236.941s][info][gc,cpu         ] GC(573) User=0.00s Sys=0.00s Real=0.00s
[236.941s][info][gc,marking     ] GC(573) Concurrent Clear Claimed Marks
[236.941s][info][gc,marking     ] GC(573) Concurrent Clear Claimed Marks 0.037ms
[236.941s][info][gc,marking     ] GC(573) Concurrent Cleanup for Next Mark
[236.946s][info][gc,marking     ] GC(573) Concurrent Cleanup for Next Mark 4.943ms
[236.946s][info][gc             ] GC(573) Concurrent Mark Cycle 1748.746ms
[237.230s][info][gc,start       ] GC(577) Pause Young (Prepare Mixed) (G1 Evacuation Pause)
[237.230s][info][gc,task        ] GC(577) Using 2 workers of 2 for evacuation
[237.293s][info][gc,phases      ] GC(577)   Pre Evacuate Collection Set: 0.30ms
[237.293s][info][gc,phases      ] GC(577)   Merge Heap Roots: 0.42ms
[237.293s][info][gc,phases      ] GC(577)   Evacuate Collection Set: 61.36ms
[237.293s][info][gc,phases      ] GC(577)   Post Evacuate Collection Set: 0.61ms
[237.293s][info][gc,phases      ] GC(577)   Other: 0.09ms
[237.293s][info][gc,heap        ] GC(577) Eden regions: 296->0(275)
[237.293s][info][gc,heap        ] GC(577) Survivor regions: 20->40(40)
[237.293s][info][gc,heap        ] GC(577) Old regions: 542->552
[237.293s][info][gc,heap        ] GC(577) Humongous regions: 8->8
[237.293s][info][gc,metaspace   ] GC(577) Metaspace: 18740K(18944K)->18740K(18944K) NonClass: 16075K(16192K)->16075K(16192K) Class: 2665K(2752K)->2665K(2752K)
[237.293s][info][gc             ] GC(577) Pause Young (Prepare Mixed) (G1 Evacuation Pause) 864M->599M(978M) 63.054ms
[237.293s][info][gc,cpu         ] GC(577) User=0.13s Sys=0.00s Real=0.07s
[237.548s][info][gc,start       ] GC(578) Pause Young (Mixed) (G1 Evacuation Pause)
[237.548s][info][gc,task        ] GC(578) Using 2 workers of 2 for evacuation
[237.643s][info][gc,phases      ] GC(578)   Pre Evacuate Collection Set: 0.53ms
[237.643s][info][gc,phases      ] GC(578)   Merge Heap Roots: 0.27ms
[237.643s][info][gc,phases      ] GC(578)   Evacuate Collection Set: 93.63ms
[237.643s][info][gc,phases      ] GC(578)   Post Evacuate Collection Set: 0.65ms
[237.643s][info][gc,phases      ] GC(578)   Other: 0.10ms
[237.643s][info][gc,heap        ] GC(578) Eden regions: 275->0(220)
[237.643s][info][gc,heap        ] GC(578) Survivor regions: 40->40(40)
[237.643s][info][gc,heap        ] GC(578) Old regions: 552->600
[237.643s][info][gc,heap        ] GC(578) Humongous regions: 8->8
[237.643s][info][gc,metaspace   ] GC(578) Metaspace: 18745K(18944K)->18745K(18944K) NonClass: 16080K(16192K)->16080K(16192K) Class: 2665K(2752K)->2665K(2752K)
[237.643s][info][gc             ] GC(578) Pause Young (Mixed) (G1 Evacuation Pause) 874M->647M(978M) 95.386ms
[237.643s][info][gc,cpu         ] GC(578) User=0.19s Sys=0.00s Real=0.10s
[237.963s][info][gc,start       ] GC(579) Pause Young (Concurrent Start) (G1 Evacuation Pause)
[237.963s][info][gc,task        ] GC(579) Using 2 workers of 2 for evacuation
[238.026s][info][gc,phases      ] GC(579)   Pre Evacuate Collection Set: 0.36ms
[238.026s][info][gc,phases      ] GC(579)   Merge Heap Roots: 0.32ms
[238.026s][info][gc,phases      ] GC(579)   Evacuate Collection Set: 61.77ms
[238.026s][info][gc,phases      ] GC(579)   Post Evacuate Collection Set: 0.59ms
[238.026s][info][gc,phases      ] GC(579)   Other: 0.22ms
[238.026s][info][gc,heap        ] GC(579) Eden regions: 220->0(208)
[238.026s][info][gc,heap        ] GC(579) Survivor regions: 40->24(33)
[238.026s][info][gc,heap        ] GC(579) Old regions: 600->641
[238.026s][info][gc,heap        ] GC(579) Humongous regions: 8->8
[238.026s][info][gc,metaspace   ] GC(579) Metaspace: 18745K(18944K)->18745K(18944K) NonClass: 16080K(16192K)->16080K(16192K) Class: 2665K(2752K)->2665K(2752K)
[238.026s][info][gc             ] GC(579) Pause Young (Concurrent Start) (G1 Evacuation Pause) 867M->671M(978M) 63.493ms
[238.026s][info][gc,cpu         ] GC(579) User=0.12s Sys=0.00s Real=0.06s
[238.027s][info][gc             ] GC(580) Concurrent Mark Cycle
[238.029s][info][gc,marking     ] GC(580) Concurrent Scan Root Regions
[238.095s][info][gc,marking     ] GC(580) Concurrent Scan Root Regions 66.205ms
[238.095s][info][gc,marking     ] GC(580) Concurrent Mark
[238.095s][info][gc,marking     ] GC(580) Concurrent Mark From Roots
[238.095s][info][gc,task        ] GC(580) Using 1 workers of 1 for marking
[238.431s][info][gc,start       ] GC(581) Pause Young (Normal) (G1 Evacuation Pause)
[238.431s][info][gc,task        ] GC(581) Using 2 workers of 2 for evacuation
[238.522s][info][gc,phases      ] GC(581)   Pre Evacuate Collection Set: 0.50ms
[238.522s][info][gc,phases      ] GC(581)   Merge Heap Roots: 0.31ms
[238.522s][info][gc,phases      ] GC(581)   Evacuate Collection Set: 89.35ms
[238.522s][info][gc,phases      ] GC(581)   Post Evacuate Collection Set: 0.44ms
[238.522s][info][gc,phases      ] GC(581)   Other: 0.08ms
[238.522s][info][gc,heap        ] GC(581) Eden regions: 208->0(168)
[238.522s][info][gc,heap        ] GC(581) Survivor regions: 24->29(29)
[238.522s][info][gc,heap        ] GC(581) Old regions: 641->684
[238.522s][info][gc,heap        ] GC(581) Humongous regions: 11->11
[238.522s][info][gc,metaspace   ] GC(581) Metaspace: 18745K(18944K)->18745K(18944K) NonClass: 16080K(16192K)->16080K(16192K) Class: 2665K(2752K)->2665K(2752K)
[238.522s][info][gc             ] GC(581) Pause Young (Normal) (G1 Evacuation Pause) 882M->723M(978M) 90.960ms
[238.522s][info][gc,cpu         ] GC(581) User=0.18s Sys=0.00s Real=0.09s
[238.751s][info][gc,start       ] GC(582) Pause Young (Normal) (G1 Evacuation Pause)
[238.751s][info][gc,task        ] GC(582) Using 2 workers of 2 for evacuation
[238.790s][info][gc,phases      ] GC(582)   Pre Evacuate Collection Set: 0.28ms
[238.790s][info][gc,phases      ] GC(582)   Merge Heap Roots: 0.14ms
[238.790s][info][gc,phases      ] GC(582)   Evacuate Collection Set: 37.57ms
[238.790s][info][gc,phases      ] GC(582)   Post Evacuate Collection Set: 0.39ms
[238.790s][info][gc,phases      ] GC(582)   Other: 0.07ms
[238.790s][info][gc,heap        ] GC(582) Eden regions: 168->0(174)
[238.790s][info][gc,heap        ] GC(582) Survivor regions: 29->5(25)
[238.790s][info][gc,heap        ] GC(582) Old regions: 684->714
[238.790s][info][gc,heap        ] GC(582) Humongous regions: 11->11
[238.790s][info][gc,metaspace   ] GC(582) Metaspace: 18745K(18944K)->18745K(18944K) NonClass: 16080K(16192K)->16080K(16192K) Class: 2665K(2752K)->2665K(2752K)
[238.790s][info][gc             ] GC(582) Pause Young (Normal) (G1 Evacuation Pause) 891M->728M(978M) 38.661ms
[238.790s][info][gc,cpu         ] GC(582) User=0.08s Sys=0.00s Real=0.03s
[239.066s][info][gc,start       ] GC(583) Pause Young (Normal) (G1 Evacuation Pause)
[239.066s][info][gc,task        ] GC(583) Using 2 workers of 2 for evacuation
[239.083s][info][gc,phases      ] GC(583)   Pre Evacuate Collection Set: 0.30ms
[239.083s][info][gc,phases      ] GC(583)   Merge Heap Roots: 0.21ms
[239.083s][info][gc,phases      ] GC(583)   Evacuate Collection Set: 16.24ms
[239.083s][info][gc,phases      ] GC(583)   Post Evacuate Collection Set: 0.37ms
[239.083s][info][gc,phases      ] GC(583)   Other: 0.10ms
[239.083s][info][gc,heap        ] GC(583) Eden regions: 174->0(180)
[239.083s][info][gc,heap        ] GC(583) Survivor regions: 5->9(23)
[239.083s][info][gc,heap        ] GC(583) Old regions: 714->714
[239.083s][info][gc,heap        ] GC(583) Humongous regions: 11->11
[239.083s][info][gc,metaspace   ] GC(583) Metaspace: 18749K(18944K)->18749K(18944K) NonClass: 16084K(16192K)->16084K(16192K) Class: 2665K(2752K)->2665K(2752K)
[239.083s][info][gc             ] GC(583) Pause Young (Normal) (G1 Evacuation Pause) 902M->733M(978M) 17.416ms
[239.083s][info][gc,cpu         ] GC(583) User=0.04s Sys=0.00s Real=0.02s
[239.404s][info][gc,marking     ] GC(580) Concurrent Mark From Roots 1308.396ms
[239.404s][info][gc,marking     ] GC(580) Concurrent Preclean
[239.404s][info][gc,marking     ] GC(580) Concurrent Preclean 0.033ms
[239.405s][info][gc,start       ] GC(580) Pause Remark
[239.412s][info][gc             ] GC(580) Pause Remark 876M->730M(978M) 7.362ms
[239.412s][info][gc,cpu         ] GC(580) User=0.01s Sys=0.00s Real=0.01s
[239.412s][info][gc,marking     ] GC(580) Concurrent Mark 1316.766ms
[239.412s][info][gc,marking     ] GC(580) Concurrent Rebuild Remembered Sets and Scrub Regions
[239.584s][info][gc,start       ] GC(584) Pause Young (Normal) (G1 Evacuation Pause)
[239.584s][info][gc,task        ] GC(584) Using 2 workers of 2 for evacuation
[239.622s][info][gc,phases      ] GC(584)   Pre Evacuate Collection Set: 0.47ms
[239.622s][info][gc,phases      ] GC(584)   Merge Heap Roots: 0.72ms
[239.622s][info][gc,phases      ] GC(584)   Evacuate Collection Set: 36.31ms
[239.622s][info][gc,phases      ] GC(584)   Post Evacuate Collection Set: 0.42ms
[239.622s][info][gc,phases      ] GC(584)   Other: 0.10ms
[239.622s][info][gc,heap        ] GC(584) Eden regions: 180->0(266)
[239.622s][info][gc,heap        ] GC(584) Survivor regions: 9->23(24)
[239.622s][info][gc,heap        ] GC(584) Old regions: 572->572
[239.622s][info][gc,heap        ] GC(584) Humongous regions: 7->7
[239.622s][info][gc,metaspace   ] GC(584) Metaspace: 18749K(18944K)->18749K(18944K) NonClass: 16084K(16192K)->16084K(16192K) Class: 2665K(2752K)->2665K(2752K)
[239.622s][info][gc             ] GC(584) Pause Young (Normal) (G1 Evacuation Pause) 767M->600M(978M) 38.267ms
[239.622s][info][gc,cpu         ] GC(584) User=0.07s Sys=0.00s Real=0.04s
[239.911s][info][gc,marking     ] GC(580) Concurrent Rebuild Remembered Sets and Scrub Regions 499.129ms
[239.911s][info][gc,start       ] GC(580) Pause Cleanup
[239.911s][info][gc             ] GC(580) Pause Cleanup 724M->724M(978M) 0.130ms
[239.911s][info][gc,cpu         ] GC(580) User=0.00s Sys=0.00s Real=0.00s
[239.912s][info][gc,marking     ] GC(580) Concurrent Clear Claimed Marks
[239.912s][info][gc,marking     ] GC(580) Concurrent Clear Claimed Marks 0.028ms
[239.912s][info][gc,marking     ] GC(580) Concurrent Cleanup for Next Mark
[239.914s][info][gc,marking     ] GC(580) Concurrent Cleanup for Next Mark 2.837ms
[239.914s][info][gc             ] GC(580) Concurrent Mark Cycle 1887.918ms
[240.034s][info][gc,start       ] GC(585) Pause Young (Prepare Mixed) (G1 Evacuation Pause)
[240.034s][info][gc,task        ] GC(585) Using 2 workers of 2 for evacuation
[240.133s][info][gc,phases      ] GC(585)   Pre Evacuate Collection Set: 0.30ms
[240.133s][info][gc,phases      ] GC(585)   Merge Heap Roots: 0.37ms
[240.133s][info][gc,phases      ] GC(585)   Evacuate Collection Set: 96.89ms
[240.133s][info][gc,phases      ] GC(585)   Post Evacuate Collection Set: 0.84ms
[240.133s][info][gc,phases      ] GC(585)   Other: 0.10ms
[240.133s][info][gc,heap        ] GC(585) Eden regions: 266->0(196)
[240.133s][info][gc,heap        ] GC(585) Survivor regions: 23->37(37)
[240.133s][info][gc,heap        ] GC(585) Old regions: 572->632
[240.133s][info][gc,heap        ] GC(585) Humongous regions: 7->7
[240.133s][info][gc,metaspace   ] GC(585) Metaspace: 18755K(18944K)->18755K(18944K) NonClass: 16090K(16192K)->16090K(16192K) Class: 2665K(2752K)->2665K(2752K)
[240.133s][info][gc             ] GC(585) Pause Young (Prepare Mixed) (G1 Evacuation Pause) 866M->675M(978M) 98.734ms
[240.133s][info][gc,cpu         ] GC(585) User=0.20s Sys=0.00s Real=0.10s
[240.452s][info][gc,start       ] GC(586) Pause Young (Mixed) (G1 Evacuation Pause)
[240.452s][info][gc,task        ] GC(586) Using 2 workers of 2 for evacuation
[240.536s][info][gc,phases      ] GC(586)   Pre Evacuate Collection Set: 0.55ms
[240.536s][info][gc,phases      ] GC(586)   Merge Heap Roots: 0.73ms
[240.536s][info][gc,phases      ] GC(586)   Evacuate Collection Set: 81.16ms
[240.536s][info][gc,phases      ] GC(586)   Merge Optional Heap Roots: 0.06ms
[240.536s][info][gc,phases      ] GC(586)   Evacuate Optional Collection Set: 0.84ms
[240.536s][info][gc,phases      ] GC(586)   Post Evacuate Collection Set: 0.79ms
[240.536s][info][gc,phases      ] GC(586)   Other: 0.13ms
[240.536s][info][gc,heap        ] GC(586) Eden regions: 196->0(227)
[240.536s][info][gc,heap        ] GC(586) Survivor regions: 37->18(30)
[240.536s][info][gc,heap        ] GC(586) Old regions: 632->607
[240.536s][info][gc,heap        ] GC(586) Humongous regions: 7->7
[240.536s][info][gc,metaspace   ] GC(586) Metaspace: 18755K(18944K)->18755K(18944K) NonClass: 16090K(16192K)->16090K(16192K) Class: 2665K(2752K)->2665K(2752K)
[240.536s][info][gc             ] GC(586) Pause Young (Mixed) (G1 Evacuation Pause) 871M->631M(978M) 84.521ms
[240.536s][info][gc,cpu         ] GC(586) User=0.16s Sys=0.00s Real=0.08s
[240.852s][info][gc,start       ] GC(587) Pause Young (Mixed) (G1 Evacuation Pause)
[240.852s][info][gc,task        ] GC(587) Using 2 workers of 2 for evacuation
[240.970s][info][gc,phases      ] GC(587)   Pre Evacuate Collection Set: 0.54ms
[240.970s][info][gc,phases      ] GC(587)   Merge Heap Roots: 0.91ms
[240.970s][info][gc,phases      ] GC(587)   Evacuate Collection Set: 115.36ms
[240.970s][info][gc,phases      ] GC(587)   Post Evacuate Collection Set: 1.40ms
[240.970s][info][gc,phases      ] GC(587)   Other: 0.11ms
[240.970s][info][gc,heap        ] GC(587) Eden regions: 227->0(198)
[240.970s][info][gc,heap        ] GC(587) Survivor regions: 18->31(31)
[240.970s][info][gc,heap        ] GC(587) Old regions: 607->634
[240.970s][info][gc,heap        ] GC(587) Humongous regions: 10->10
[240.970s][info][gc,metaspace   ] GC(587) Metaspace: 18755K(18944K)->18755K(18944K) NonClass: 16090K(16192K)->16090K(16192K) Class: 2665K(2752K)->2665K(2752K)
[240.970s][info][gc             ] GC(587) Pause Young (Mixed) (G1 Evacuation Pause) 861M->674M(978M) 118.581ms
[240.970s][info][gc,cpu         ] GC(587) User=0.23s Sys=0.00s Real=0.11s
[241.149s][info][gc,start       ] GC(588) Pause Young (Concurrent Start) (G1 Evacuation Pause)
[241.149s][info][gc,task        ] GC(588) Using 2 workers of 2 for evacuation
[241.195s][info][gc,phases      ] GC(588)   Pre Evacuate Collection Set: 0.29ms
[241.195s][info][gc,phases      ] GC(588)   Merge Heap Roots: 0.21ms
[241.195s][info][gc,phases      ] GC(588)   Evacuate Collection Set: 44.49ms
[241.195s][info][gc,phases      ] GC(588)   Post Evacuate Collection Set: 0.46ms
[241.195s][info][gc,phases      ] GC(588)   Other: 0.11ms
[241.195s][info][gc,heap        ] GC(588) Eden regions: 198->0(206)
[241.195s][info][gc,heap        ] GC(588) Survivor regions: 31->5(29)
[241.195s][info][gc,heap        ] GC(588) Old regions: 634->665
[241.195s][info][gc,heap        ] GC(588) Humongous regions: 10->10
[241.195s][info][gc,metaspace   ] GC(588) Metaspace: 18755K(18944K)->18755K(18944K) NonClass: 16090K(16192K)->16090K(16192K) Class: 2665K(2752K)->2665K(2752K)
[241.195s][info][gc             ] GC(588) Pause Young (Concurrent Start) (G1 Evacuation Pause) 872M->679M(978M) 45.798ms
[241.195s][info][gc             ] GC(589) Concurrent Mark Cycle
[241.195s][info][gc,marking     ] GC(589) Concurrent Scan Root Regions
[241.196s][info][gc,cpu         ] GC(588) User=0.09s Sys=0.00s Real=0.05s
[241.266s][info][gc,marking     ] GC(589) Concurrent Scan Root Regions 70.500ms
[241.266s][info][gc,marking     ] GC(589) Concurrent Mark
[241.266s][info][gc,marking     ] GC(589) Concurrent Mark From Roots
[241.266s][info][gc,task        ] GC(589) Using 1 workers of 1 for marking
[241.583s][info][gc,start       ] GC(590) Pause Young (Normal) (G1 Evacuation Pause)
[241.583s][info][gc,task        ] GC(590) Using 2 workers of 2 for evacuation
[241.602s][info][gc,phases      ] GC(590)   Pre Evacuate Collection Set: 0.29ms
[241.602s][info][gc,phases      ] GC(590)   Merge Heap Roots: 0.22ms
[241.602s][info][gc,phases      ] GC(590)   Evacuate Collection Set: 18.08ms
[241.602s][info][gc,phases      ] GC(590)   Post Evacuate Collection Set: 0.40ms
[241.602s][info][gc,phases      ] GC(590)   Other: 0.08ms
[241.602s][info][gc,heap        ] GC(590) Eden regions: 206->0(211)
[241.602s][info][gc,heap        ] GC(590) Survivor regions: 5->11(27)
[241.602s][info][gc,heap        ] GC(590) Old regions: 665->665
[241.602s][info][gc,heap        ] GC(590) Humongous regions: 10->10
[241.602s][info][gc,metaspace   ] GC(590) Metaspace: 18755K(18944K)->18755K(18944K) NonClass: 16090K(16192K)->16090K(16192K) Class: 2665K(2752K)->2665K(2752K)
[241.602s][info][gc             ] GC(590) Pause Young (Normal) (G1 Evacuation Pause) 885M->685M(978M) 19.285ms
[241.602s][info][gc,cpu         ] GC(590) User=0.04s Sys=0.00s Real=0.02s
[242.142s][info][gc,start       ] GC(591) Pause Young (Normal) (G1 Evacuation Pause)
[242.142s][info][gc,task        ] GC(591) Using 2 workers of 2 for evacuation
[242.184s][info][gc,phases      ] GC(591)   Pre Evacuate Collection Set: 0.31ms
[242.184s][info][gc,phases      ] GC(591)   Merge Heap Roots: 0.26ms
[242.184s][info][gc,phases      ] GC(591)   Evacuate Collection Set: 41.07ms
[242.184s][info][gc,phases      ] GC(591)   Post Evacuate Collection Set: 0.43ms
[242.184s][info][gc,phases      ] GC(591)   Other: 0.10ms
[242.184s][info][gc,heap        ] GC(591) Eden regions: 211->0(190)
[242.184s][info][gc,heap        ] GC(591) Survivor regions: 11->28(28)
[242.184s][info][gc,heap        ] GC(591) Old regions: 665->672
[242.184s][info][gc,heap        ] GC(591) Humongous regions: 10->10
[242.184s][info][gc,metaspace   ] GC(591) Metaspace: 18755K(18944K)->18755K(18944K) NonClass: 16090K(16192K)->16090K(16192K) Class: 2665K(2752K)->2665K(2752K)
[242.184s][info][gc             ] GC(591) Pause Young (Normal) (G1 Evacuation Pause) 896M->709M(978M) 42.395ms
[242.184s][info][gc,cpu         ] GC(591) User=0.09s Sys=0.00s Real=0.04s
[242.637s][info][gc,marking     ] GC(589) Concurrent Mark From Roots 1370.875ms
[242.637s][info][gc,marking     ] GC(589) Concurrent Preclean
[242.637s][info][gc,marking     ] GC(589) Concurrent Preclean 0.034ms
[242.637s][info][gc,start       ] GC(589) Pause Remark
[242.644s][info][gc             ] GC(589) Pause Remark 804M->681M(978M) 7.368ms
[242.644s][info][gc,cpu         ] GC(589) User=0.01s Sys=0.00s Real=0.01s
[242.644s][info][gc,marking     ] GC(589) Concurrent Mark 1378.563ms
[242.644s][info][gc,marking     ] GC(589) Concurrent Rebuild Remembered Sets and Scrub Regions
[242.960s][info][gc,start       ] GC(592) Pause Young (Normal) (G1 Evacuation Pause)
[242.960s][info][gc,task        ] GC(592) Using 2 workers of 2 for evacuation
[242.991s][info][gc,phases      ] GC(592)   Pre Evacuate Collection Set: 0.29ms
[242.991s][info][gc,phases      ] GC(592)   Merge Heap Roots: 0.23ms
[242.991s][info][gc,phases      ] GC(592)   Evacuate Collection Set: 29.75ms
[242.991s][info][gc,phases      ] GC(592)   Post Evacuate Collection Set: 0.37ms
[242.991s][info][gc,phases      ] GC(592)   Other: 0.07ms
[242.991s][info][gc,heap        ] GC(592) Eden regions: 190->0(290)
[242.991s][info][gc,heap        ] GC(592) Survivor regions: 28->1(28)
[242.991s][info][gc,heap        ] GC(592) Old regions: 553->581
[242.991s][info][gc,heap        ] GC(592) Humongous regions: 6->6
[242.991s][info][gc,metaspace   ] GC(592) Metaspace: 18755K(18944K)->18755K(18944K) NonClass: 16090K(16192K)->16090K(16192K) Class: 2665K(2752K)->2665K(2752K)
[242.991s][info][gc             ] GC(592) Pause Young (Normal) (G1 Evacuation Pause) 776M->587M(978M) 30.947ms
[242.991s][info][gc,cpu         ] GC(592) User=0.06s Sys=0.00s Real=0.03s
[243.143s][info][gc,marking     ] GC(589) Concurrent Rebuild Remembered Sets and Scrub Regions 498.301ms
[243.143s][info][gc,start       ] GC(589) Pause Cleanup
[243.143s][info][gc             ] GC(589) Pause Cleanup 634M->634M(978M) 0.107ms
[243.143s][info][gc,cpu         ] GC(589) User=0.00s Sys=0.00s Real=0.00s
[243.143s][info][gc,marking     ] GC(589) Concurrent Clear Claimed Marks
[243.143s][info][gc,marking     ] GC(589) Concurrent Clear Claimed Marks 0.027ms
[243.143s][info][gc,marking     ] GC(589) Concurrent Cleanup for Next Mark
[243.146s][info][gc,marking     ] GC(589) Concurrent Cleanup for Next Mark 2.845ms
[243.146s][info][gc             ] GC(589) Concurrent Mark Cycle 1950.690ms
[243.740s][info][gc,start       ] GC(593) Pause Young (Prepare Mixed) (G1 Evacuation Pause)
[243.740s][info][gc,task        ] GC(593) Using 2 workers of 2 for evacuation
[243.753s][info][gc,phases      ] GC(593)   Pre Evacuate Collection Set: 0.31ms
[243.753s][info][gc,phases      ] GC(593)   Merge Heap Roots: 0.37ms
[243.753s][info][gc,phases      ] GC(593)   Evacuate Collection Set: 11.73ms
[243.753s][info][gc,phases      ] GC(593)   Post Evacuate Collection Set: 0.52ms
[243.753s][info][gc,phases      ] GC(593)   Other: 0.08ms
[243.753s][info][gc,heap        ] GC(593) Eden regions: 290->0(308)
[243.753s][info][gc,heap        ] GC(593) Survivor regions: 1->1(37)
[243.753s][info][gc,heap        ] GC(593) Old regions: 581->581
[243.753s][info][gc,heap        ] GC(593) Humongous regions: 6->6
[243.753s][info][gc,metaspace   ] GC(593) Metaspace: 18755K(18944K)->18755K(18944K) NonClass: 16090K(16192K)->16090K(16192K) Class: 2665K(2752K)->2665K(2752K)
[243.753s][info][gc             ] GC(593) Pause Young (Prepare Mixed) (G1 Evacuation Pause) 877M->587M(978M) 13.195ms
[243.753s][info][gc,cpu         ] GC(593) User=0.03s Sys=0.00s Real=0.02s
[244.061s][info][gc,start       ] GC(594) Pause Young (Mixed) (G1 Evacuation Pause)
[244.061s][info][gc,task        ] GC(594) Using 2 workers of 2 for evacuation
[244.135s][info][gc,phases      ] GC(594)   Pre Evacuate Collection Set: 0.51ms
[244.135s][info][gc,phases      ] GC(594)   Merge Heap Roots: 0.40ms
[244.135s][info][gc,phases      ] GC(594)   Evacuate Collection Set: 72.07ms
[244.135s][info][gc,phases      ] GC(594)   Post Evacuate Collection Set: 0.75ms
[244.135s][info][gc,phases      ] GC(594)   Other: 0.08ms
[244.135s][info][gc,heap        ] GC(594) Eden regions: 308->0(247)
[244.135s][info][gc,heap        ] GC(594) Survivor regions: 1->39(39)
[244.135s][info][gc,heap        ] GC(594) Old regions: 581->589
[244.135s][info][gc,heap        ] GC(594) Humongous regions: 6->6
[244.135s][info][gc,metaspace   ] GC(594) Metaspace: 18755K(18944K)->18755K(18944K) NonClass: 16090K(16192K)->16090K(16192K) Class: 2665K(2752K)->2665K(2752K)
[244.135s][info][gc             ] GC(594) Pause Young (Mixed) (G1 Evacuation Pause) 895M->633M(978M) 74.073ms
[244.135s][info][gc,cpu         ] GC(594) User=0.14s Sys=0.00s Real=0.08s
[244.248s][info][gc,start       ] GC(595) Pause Young (Concurrent Start) (G1 Humongous Allocation)
[244.249s][info][gc,task        ] GC(595) Using 2 workers of 2 for evacuation
[244.302s][info][gc,phases      ] GC(595)   Pre Evacuate Collection Set: 0.29ms
[244.302s][info][gc,phases      ] GC(595)   Merge Heap Roots: 0.41ms
[244.302s][info][gc,phases      ] GC(595)   Evacuate Collection Set: 52.49ms
[244.302s][info][gc,phases      ] GC(595)   Post Evacuate Collection Set: 0.46ms
[244.302s][info][gc,phases      ] GC(595)   Other: 0.09ms
[244.302s][info][gc,heap        ] GC(595) Eden regions: 78->0(252)
[244.302s][info][gc,heap        ] GC(595) Survivor regions: 39->7(36)
[244.302s][info][gc,heap        ] GC(595) Old regions: 589->629
[244.302s][info][gc,heap        ] GC(595) Humongous regions: 6->6
[244.302s][info][gc,metaspace   ] GC(595) Metaspace: 18755K(18944K)->18755K(18944K) NonClass: 16090K(16192K)->16090K(16192K) Class: 2665K(2752K)->2665K(2752K)
[244.302s][info][gc             ] GC(595) Pause Young (Concurrent Start) (G1 Humongous Allocation) 711M->640M(978M) 53.960ms
[244.302s][info][gc,cpu         ] GC(595) User=0.10s Sys=0.00s Real=0.06s
[244.302s][info][gc             ] GC(596) Concurrent Mark Cycle
[244.305s][info][gc,marking     ] GC(596) Concurrent Scan Root Regions
[244.355s][info][gc,marking     ] GC(596) Concurrent Scan Root Regions 49.597ms
[244.355s][info][gc,marking     ] GC(596) Concurrent Mark
[244.355s][info][gc,marking     ] GC(596) Concurrent Mark From Roots
[244.355s][info][gc,task        ] GC(596) Using 1 workers of 1 for marking
[244.749s][info][gc,start       ] GC(597) Pause Young (Normal) (G1 Evacuation Pause)
[244.749s][info][gc,task        ] GC(597) Using 2 workers of 2 for evacuation
[244.823s][info][gc,phases      ] GC(597)   Pre Evacuate Collection Set: 0.50ms
[244.823s][info][gc,phases      ] GC(597)   Merge Heap Roots: 0.31ms
[244.823s][info][gc,phases      ] GC(597)   Evacuate Collection Set: 72.14ms
[244.823s][info][gc,phases      ] GC(597)   Post Evacuate Collection Set: 0.57ms
[244.823s][info][gc,phases      ] GC(597)   Other: 0.08ms
[244.823s][info][gc,heap        ] GC(597) Eden regions: 252->0(201)
[244.823s][info][gc,heap        ] GC(597) Survivor regions: 7->33(33)
[244.823s][info][gc,heap        ] GC(597) Old regions: 629->652
[244.823s][info][gc,heap        ] GC(597) Humongous regions: 9->9
[244.823s][info][gc,metaspace   ] GC(597) Metaspace: 18755K(18944K)->18755K(18944K) NonClass: 16090K(16192K)->16090K(16192K) Class: 2665K(2752K)->2665K(2752K)
[244.823s][info][gc             ] GC(597) Pause Young (Normal) (G1 Evacuation Pause) 895M->693M(978M) 73.808ms
[244.823s][info][gc,cpu         ] GC(597) User=0.14s Sys=0.00s Real=0.08s
[245.149s][info][gc,start       ] GC(598) Pause Young (Normal) (G1 Evacuation Pause)
[245.149s][info][gc,task        ] GC(598) Using 2 workers of 2 for evacuation
[245.198s][info][gc,phases      ] GC(598)   Pre Evacuate Collection Set: 0.27ms
[245.198s][info][gc,phases      ] GC(598)   Merge Heap Roots: 0.35ms
[245.198s][info][gc,phases      ] GC(598)   Evacuate Collection Set: 47.99ms
[245.198s][info][gc,phases      ] GC(598)   Post Evacuate Collection Set: 0.41ms
[245.198s][info][gc,phases      ] GC(598)   Other: 0.08ms
[245.198s][info][gc,heap        ] GC(598) Eden regions: 201->0(214)
[245.198s][info][gc,heap        ] GC(598) Survivor regions: 33->1(30)
[245.198s][info][gc,heap        ] GC(598) Old regions: 652->685
[245.198s][info][gc,heap        ] GC(598) Humongous regions: 9->9
[245.198s][info][gc,metaspace   ] GC(598) Metaspace: 18755K(18944K)->18755K(18944K) NonClass: 16090K(16192K)->16090K(16192K) Class: 2665K(2752K)->2665K(2752K)
[245.199s][info][gc             ] GC(598) Pause Young (Normal) (G1 Evacuation Pause) 894M->694M(978M) 49.332ms
[245.199s][info][gc,cpu         ] GC(598) User=0.10s Sys=0.00s Real=0.05s
[245.650s][info][gc,start       ] GC(599) Pause Young (Normal) (G1 Evacuation Pause)
[245.650s][info][gc,task        ] GC(599) Using 2 workers of 2 for evacuation
[245.683s][info][gc,phases      ] GC(599)   Pre Evacuate Collection Set: 0.30ms
[245.684s][info][gc,phases      ] GC(599)   Merge Heap Roots: 0.52ms
[245.684s][info][gc,phases      ] GC(599)   Evacuate Collection Set: 31.93ms
[245.684s][info][gc,phases      ] GC(599)   Post Evacuate Collection Set: 0.40ms
[245.684s][info][gc,phases      ] GC(599)   Other: 0.08ms
[245.684s][info][gc,heap        ] GC(599) Eden regions: 214->0(206)
[245.684s][info][gc,heap        ] GC(599) Survivor regions: 1->14(27)
[245.684s][info][gc,heap        ] GC(599) Old regions: 685->685
[245.684s][info][gc,heap        ] GC(599) Humongous regions: 9->9
[245.684s][info][gc,metaspace   ] GC(599) Metaspace: 18755K(18944K)->18755K(18944K) NonClass: 16090K(16192K)->16090K(16192K) Class: 2665K(2752K)->2665K(2752K)
[245.684s][info][gc             ] GC(599) Pause Young (Normal) (G1 Evacuation Pause) 908M->707M(978M) 33.434ms
[245.684s][info][gc,cpu         ] GC(599) User=0.07s Sys=0.00s Real=0.04s
[245.693s][info][gc,marking     ] GC(596) Concurrent Mark From Roots 1338.467ms
[245.693s][info][gc,marking     ] GC(596) Concurrent Preclean
[245.693s][info][gc,marking     ] GC(596) Concurrent Preclean 0.033ms
[245.693s][info][gc,start       ] GC(596) Pause Remark
[245.838s][info][gc             ] GC(596) Pause Remark 709M->698M(978M) 144.344ms
[245.838s][info][gc,cpu         ] GC(596) User=0.29s Sys=0.00s Real=0.14s
[245.840s][info][gc,marking     ] GC(596) Concurrent Mark 1485.632ms
[245.840s][info][gc,marking     ] GC(596) Concurrent Rebuild Remembered Sets and Scrub Regions
[246.355s][info][gc,start       ] GC(600) Pause Young (Normal) (G1 Evacuation Pause)
[246.355s][info][gc,task        ] GC(600) Using 2 workers of 2 for evacuation
[246.401s][info][gc,phases      ] GC(600)   Pre Evacuate Collection Set: 0.48ms
[246.401s][info][gc,phases      ] GC(600)   Merge Heap Roots: 0.31ms
[246.401s][info][gc,phases      ] GC(600)   Evacuate Collection Set: 44.82ms
[246.401s][info][gc,phases      ] GC(600)   Post Evacuate Collection Set: 0.48ms
[246.401s][info][gc,phases      ] GC(600)   Other: 0.08ms
[246.401s][info][gc,heap        ] GC(600) Eden regions: 206->0(176)
[246.401s][info][gc,heap        ] GC(600) Survivor regions: 14->28(28)
[246.401s][info][gc,heap        ] GC(600) Old regions: 674->687
[246.401s][info][gc,heap        ] GC(600) Humongous regions: 9->9
[246.401s][info][gc,metaspace   ] GC(600) Metaspace: 18756K(18944K)->18756K(18944K) NonClass: 16091K(16192K)->16091K(16192K) Class: 2665K(2752K)->2665K(2752K)
[246.401s][info][gc             ] GC(600) Pause Young (Normal) (G1 Evacuation Pause) 902M->723M(978M) 46.358ms
[246.401s][info][gc,cpu         ] GC(600) User=0.10s Sys=0.00s Real=0.05s
[246.618s][info][gc,marking     ] GC(596) Concurrent Rebuild Remembered Sets and Scrub Regions 777.854ms
[246.618s][info][gc,start       ] GC(596) Pause Cleanup
[246.618s][info][gc             ] GC(596) Pause Cleanup 848M->848M(978M) 0.105ms
[246.618s][info][gc,cpu         ] GC(596) User=0.00s Sys=0.00s Real=0.00s
[246.618s][info][gc,marking     ] GC(596) Concurrent Clear Claimed Marks
[246.618s][info][gc,marking     ] GC(596) Concurrent Clear Claimed Marks 0.025ms
[246.619s][info][gc,marking     ] GC(596) Concurrent Cleanup for Next Mark
[246.621s][info][gc,marking     ] GC(596) Concurrent Cleanup for Next Mark 2.853ms
[246.621s][info][gc             ] GC(596) Concurrent Mark Cycle 2318.949ms
[246.674s][info][gc,start       ] GC(601) Pause Young (Prepare Mixed) (G1 Evacuation Pause)
[246.675s][info][gc,task        ] GC(601) Using 2 workers of 2 for evacuation
[246.734s][info][gc,phases      ] GC(601)   Pre Evacuate Collection Set: 0.28ms
[246.734s][info][gc,phases      ] GC(601)   Merge Heap Roots: 0.29ms
[246.734s][info][gc,phases      ] GC(601)   Evacuate Collection Set: 58.38ms
[246.734s][info][gc,phases      ] GC(601)   Post Evacuate Collection Set: 0.56ms
[246.734s][info][gc,phases      ] GC(601)   Other: 0.09ms
[246.734s][info][gc,heap        ] GC(601) Eden regions: 176->0(151)
[246.734s][info][gc,heap        ] GC(601) Survivor regions: 28->26(26)
[246.734s][info][gc,heap        ] GC(601) Old regions: 687->716
[246.734s][info][gc,heap        ] GC(601) Humongous regions: 9->9
[246.734s][info][gc,metaspace   ] GC(601) Metaspace: 18757K(18944K)->18757K(18944K) NonClass: 16092K(16192K)->16092K(16192K) Class: 2665K(2752K)->2665K(2752K)
[246.734s][info][gc             ] GC(601) Pause Young (Prepare Mixed) (G1 Evacuation Pause) 899M->750M(978M) 59.802ms
[246.734s][info][gc,cpu         ] GC(601) User=0.11s Sys=0.00s Real=0.06s
[246.903s][info][gc,start       ] GC(602) Pause Young (Mixed) (G1 Evacuation Pause)
[246.903s][info][gc,task        ] GC(602) Using 2 workers of 2 for evacuation
[247.038s][info][gc,phases      ] GC(602)   Pre Evacuate Collection Set: 0.54ms
[247.038s][info][gc,phases      ] GC(602)   Merge Heap Roots: 1.77ms
[247.038s][info][gc,phases      ] GC(602)   Evacuate Collection Set: 132.68ms
[247.038s][info][gc,phases      ] GC(602)   Post Evacuate Collection Set: 0.44ms
[247.038s][info][gc,phases      ] GC(602)   Other: 0.09ms
[247.038s][info][gc,heap        ] GC(602) Eden regions: 151->0(163)
[247.038s][info][gc,heap        ] GC(602) Survivor regions: 26->16(23)
[247.038s][info][gc,heap        ] GC(602) Old regions: 716->724
[247.038s][info][gc,heap        ] GC(602) Humongous regions: 9->9
[247.038s][info][gc,metaspace   ] GC(602) Metaspace: 18757K(18944K)->18757K(18944K) NonClass: 16092K(16192K)->16092K(16192K) Class: 2665K(2752K)->2665K(2752K)
[247.038s][info][gc             ] GC(602) Pause Young (Mixed) (G1 Evacuation Pause) 901M->748M(978M) 135.757ms
[247.038s][info][gc,cpu         ] GC(602) User=0.26s Sys=0.00s Real=0.13s
[247.242s][info][gc,start       ] GC(603) Pause Young (Concurrent Start) (G1 Evacuation Pause)
[247.243s][info][gc,task        ] GC(603) Using 2 workers of 2 for evacuation
[247.268s][info][gc,phases      ] GC(603)   Pre Evacuate Collection Set: 0.37ms
[247.268s][info][gc,phases      ] GC(603)   Merge Heap Roots: 0.15ms
[247.268s][info][gc,phases      ] GC(603)   Evacuate Collection Set: 24.49ms
[247.268s][info][gc,phases      ] GC(603)   Post Evacuate Collection Set: 0.42ms
[247.268s][info][gc,phases      ] GC(603)   Other: 0.09ms
[247.268s][info][gc,heap        ] GC(603) Eden regions: 163->0(167)
[247.268s][info][gc,heap        ] GC(603) Survivor regions: 16->6(23)
[247.268s][info][gc,heap        ] GC(603) Old regions: 724->740
[247.268s][info][gc,heap        ] GC(603) Humongous regions: 9->9
[247.268s][info][gc,metaspace   ] GC(603) Metaspace: 18760K(18944K)->18760K(18944K) NonClass: 16095K(16192K)->16095K(16192K) Class: 2665K(2752K)->2665K(2752K)
[247.268s][info][gc             ] GC(603) Pause Young (Concurrent Start) (G1 Evacuation Pause) 911M->753M(978M) 25.729ms
[247.268s][info][gc,cpu         ] GC(603) User=0.05s Sys=0.00s Real=0.02s
[247.268s][info][gc             ] GC(604) Concurrent Mark Cycle
[247.269s][info][gc,marking     ] GC(604) Concurrent Scan Root Regions
[247.304s][info][gc,marking     ] GC(604) Concurrent Scan Root Regions 35.032ms
[247.304s][info][gc,marking     ] GC(604) Concurrent Mark
[247.304s][info][gc,marking     ] GC(604) Concurrent Mark From Roots
[247.304s][info][gc,task        ] GC(604) Using 1 workers of 1 for marking
[247.798s][info][gc,start       ] GC(605) Pause Young (Normal) (G1 Evacuation Pause)
[247.798s][info][gc,task        ] GC(605) Using 2 workers of 2 for evacuation
[247.808s][info][gc,phases      ] GC(605)   Pre Evacuate Collection Set: 0.35ms
[247.808s][info][gc,phases      ] GC(605)   Merge Heap Roots: 0.16ms
[247.808s][info][gc,phases      ] GC(605)   Evacuate Collection Set: 8.94ms
[247.808s][info][gc,phases      ] GC(605)   Post Evacuate Collection Set: 0.37ms
[247.808s][info][gc,phases      ] GC(605)   Other: 0.10ms
[247.808s][info][gc,heap        ] GC(605) Eden regions: 167->0(165)
[247.808s][info][gc,heap        ] GC(605) Survivor regions: 6->7(22)
[247.808s][info][gc,heap        ] GC(605) Old regions: 740->740
[247.808s][info][gc,heap        ] GC(605) Humongous regions: 9->9
[247.808s][info][gc,metaspace   ] GC(605) Metaspace: 18760K(18944K)->18760K(18944K) NonClass: 16095K(16192K)->16095K(16192K) Class: 2665K(2752K)->2665K(2752K)
[247.808s][info][gc             ] GC(605) Pause Young (Normal) (G1 Evacuation Pause) 920M->755M(978M) 10.111ms
[247.808s][info][gc,cpu         ] GC(605) User=0.02s Sys=0.00s Real=0.01s
[248.155s][info][gc,start       ] GC(606) Pause Young (Normal) (G1 Evacuation Pause)
[248.155s][info][gc,task        ] GC(606) Using 2 workers of 2 for evacuation
[248.177s][info][gc,phases      ] GC(606)   Pre Evacuate Collection Set: 0.31ms
[248.177s][info][gc,phases      ] GC(606)   Merge Heap Roots: 0.12ms
[248.177s][info][gc,phases      ] GC(606)   Evacuate Collection Set: 21.11ms
[248.177s][info][gc,phases      ] GC(606)   Post Evacuate Collection Set: 0.37ms
[248.177s][info][gc,phases      ] GC(606)   Other: 0.09ms
[248.177s][info][gc,heap        ] GC(606) Eden regions: 165->0(137)
[248.177s][info][gc,heap        ] GC(606) Survivor regions: 7->21(22)
[248.177s][info][gc,heap        ] GC(606) Old regions: 740->740
[248.177s][info][gc,heap        ] GC(606) Humongous regions: 9->9
[248.177s][info][gc,metaspace   ] GC(606) Metaspace: 18760K(18944K)->18760K(18944K) NonClass: 16095K(16192K)->16095K(16192K) Class: 2665K(2752K)->2665K(2752K)
[248.177s][info][gc             ] GC(606) Pause Young (Normal) (G1 Evacuation Pause) 920M->769M(978M) 22.247ms
[248.177s][info][gc,cpu         ] GC(606) User=0.04s Sys=0.00s Real=0.02s
[248.385s][info][gc,start       ] GC(607) Pause Young (Normal) (G1 Evacuation Pause)
[248.385s][info][gc,task        ] GC(607) Using 2 workers of 2 for evacuation
[248.442s][info][gc,phases      ] GC(607)   Pre Evacuate Collection Set: 0.31ms
[248.442s][info][gc,phases      ] GC(607)   Merge Heap Roots: 0.11ms
[248.442s][info][gc,phases      ] GC(607)   Evacuate Collection Set: 55.79ms
[248.442s][info][gc,phases      ] GC(607)   Post Evacuate Collection Set: 0.50ms
[248.442s][info][gc,phases      ] GC(607)   Other: 0.07ms
[248.442s][info][gc,heap        ] GC(607) Eden regions: 137->0(97)
[248.442s][info][gc,heap        ] GC(607) Survivor regions: 21->20(20)
[248.442s][info][gc,heap        ] GC(607) Old regions: 740->782
[248.442s][info][gc,heap        ] GC(607) Humongous regions: 9->9
[248.442s][info][gc,metaspace   ] GC(607) Metaspace: 18760K(18944K)->18760K(18944K) NonClass: 16095K(16192K)->16095K(16192K) Class: 2665K(2752K)->2665K(2752K)
[248.442s][info][gc             ] GC(607) Pause Young (Normal) (G1 Evacuation Pause) 906M->810M(978M) 57.026ms
[248.442s][info][gc,cpu         ] GC(607) User=0.12s Sys=0.00s Real=0.06s
[248.536s][info][gc,marking     ] GC(604) Concurrent Mark From Roots 1231.713ms
[248.536s][info][gc,marking     ] GC(604) Concurrent Preclean
[248.536s][info][gc,marking     ] GC(604) Concurrent Preclean 0.039ms
[248.536s][info][gc,start       ] GC(604) Pause Remark
[248.543s][info][gc             ] GC(604) Pause Remark 882M->597M(978M) 7.345ms
[248.543s][info][gc,cpu         ] GC(604) User=0.01s Sys=0.00s Real=0.01s
[248.543s][info][gc,marking     ] GC(604) Concurrent Mark 1239.353ms
[248.543s][info][gc,marking     ] GC(604) Concurrent Rebuild Remembered Sets and Scrub Regions
[248.644s][info][gc,start       ] GC(608) Pause Young (Normal) (G1 Evacuation Pause)
[248.645s][info][gc,task        ] GC(608) Using 2 workers of 2 for evacuation
[248.695s][info][gc,phases      ] GC(608)   Pre Evacuate Collection Set: 0.27ms
[248.695s][info][gc,phases      ] GC(608)   Merge Heap Roots: 0.29ms
[248.695s][info][gc,phases      ] GC(608)   Evacuate Collection Set: 49.45ms
[248.695s][info][gc,phases      ] GC(608)   Post Evacuate Collection Set: 0.42ms
[248.695s][info][gc,phases      ] GC(608)   Other: 0.08ms
[248.695s][info][gc,heap        ] GC(608) Eden regions: 97->0(281)
[248.695s][info][gc,heap        ] GC(608) Survivor regions: 20->15(15)
[248.695s][info][gc,heap        ] GC(608) Old regions: 502->538
[248.695s][info][gc,heap        ] GC(608) Humongous regions: 4->4
[248.695s][info][gc,metaspace   ] GC(608) Metaspace: 18760K(18944K)->18760K(18944K) NonClass: 16095K(16192K)->16095K(16192K) Class: 2665K(2752K)->2665K(2752K)
[248.695s][info][gc             ] GC(608) Pause Young (Normal) (G1 Evacuation Pause) 622M->556M(978M) 50.738ms
[248.695s][info][gc,cpu         ] GC(608) User=0.10s Sys=0.00s Real=0.05s
[249.089s][info][gc,marking     ] GC(604) Concurrent Rebuild Remembered Sets and Scrub Regions 545.525ms
[249.089s][info][gc,start       ] GC(604) Pause Cleanup
[249.089s][info][gc             ] GC(604) Pause Cleanup 769M->769M(978M) 0.115ms
[249.089s][info][gc,cpu         ] GC(604) User=0.00s Sys=0.00s Real=0.00s
[249.089s][info][gc,marking     ] GC(604) Concurrent Clear Claimed Marks
[249.089s][info][gc,marking     ] GC(604) Concurrent Clear Claimed Marks 0.031ms
[249.089s][info][gc,marking     ] GC(604) Concurrent Cleanup for Next Mark
[249.095s][info][gc,marking     ] GC(604) Concurrent Cleanup for Next Mark 5.332ms
[249.095s][info][gc             ] GC(604) Concurrent Mark Cycle 1826.616ms
[249.169s][info][gc,start       ] GC(609) Pause Young (Prepare Mixed) (G1 Evacuation Pause)
[249.169s][info][gc,task        ] GC(609) Using 2 workers of 2 for evacuation
[249.248s][info][gc,phases      ] GC(609)   Pre Evacuate Collection Set: 0.47ms
[249.248s][info][gc,phases      ] GC(609)   Merge Heap Roots: 0.52ms
[249.248s][info][gc,phases      ] GC(609)   Evacuate Collection Set: 76.81ms
[249.248s][info][gc,phases      ] GC(609)   Post Evacuate Collection Set: 0.72ms
[249.248s][info][gc,phases      ] GC(609)   Other: 0.10ms
[249.248s][info][gc,heap        ] GC(609) Eden regions: 281->0(248)
[249.248s][info][gc,heap        ] GC(609) Survivor regions: 15->37(37)
[249.248s][info][gc,heap        ] GC(609) Old regions: 538->557
[249.248s][info][gc,heap        ] GC(609) Humongous regions: 7->7
[249.248s][info][gc,metaspace   ] GC(609) Metaspace: 18760K(18944K)->18760K(18944K) NonClass: 16095K(16192K)->16095K(16192K) Class: 2665K(2752K)->2665K(2752K)
[249.248s][info][gc             ] GC(609) Pause Young (Prepare Mixed) (G1 Evacuation Pause) 840M->600M(978M) 78.840ms
[249.248s][info][gc,cpu         ] GC(609) User=0.16s Sys=0.00s Real=0.08s
[249.499s][info][gc,start       ] GC(610) Pause Young (Mixed) (G1 Evacuation Pause)
[249.499s][info][gc,task        ] GC(610) Using 2 workers of 2 for evacuation
[249.575s][info][gc,phases      ] GC(610)   Pre Evacuate Collection Set: 0.33ms
[249.575s][info][gc,phases      ] GC(610)   Merge Heap Roots: 0.58ms
[249.575s][info][gc,phases      ] GC(610)   Evacuate Collection Set: 74.20ms
[249.575s][info][gc,phases      ] GC(610)   Post Evacuate Collection Set: 0.74ms
[249.575s][info][gc,phases      ] GC(610)   Other: 0.10ms
[249.575s][info][gc,heap        ] GC(610) Eden regions: 248->0(213)
[249.575s][info][gc,heap        ] GC(610) Survivor regions: 37->18(36)
[249.575s][info][gc,heap        ] GC(610) Old regions: 557->552
[249.575s][info][gc,heap        ] GC(610) Humongous regions: 7->7
[249.575s][info][gc,metaspace   ] GC(610) Metaspace: 18760K(18944K)->18760K(18944K) NonClass: 16095K(16192K)->16095K(16192K) Class: 2665K(2752K)->2665K(2752K)
[249.575s][info][gc             ] GC(610) Pause Young (Mixed) (G1 Evacuation Pause) 848M->576M(978M) 76.189ms
[249.575s][info][gc,cpu         ] GC(610) User=0.15s Sys=0.00s Real=0.08s
[249.848s][info][gc,start       ] GC(611) Pause Young (Mixed) (G1 Evacuation Pause)
[249.848s][info][gc,task        ] GC(611) Using 2 workers of 2 for evacuation
[249.976s][info][gc,phases      ] GC(611)   Pre Evacuate Collection Set: 0.51ms
[249.976s][info][gc,phases      ] GC(611)   Merge Heap Roots: 0.59ms
[249.976s][info][gc,phases      ] GC(611)   Evacuate Collection Set: 126.97ms
[249.976s][info][gc,phases      ] GC(611)   Post Evacuate Collection Set: 0.46ms
[249.976s][info][gc,phases      ] GC(611)   Other: 0.09ms
[249.976s][info][gc,heap        ] GC(611) Eden regions: 234->0(289)
[249.976s][info][gc,heap        ] GC(611) Survivor regions: 18->5(32)
[249.976s][info][gc,heap        ] GC(611) Old regions: 552->568
[249.976s][info][gc,heap        ] GC(611) Humongous regions: 7->7
[249.976s][info][gc,metaspace   ] GC(611) Metaspace: 18760K(18944K)->18760K(18944K) NonClass: 16095K(16192K)->16095K(16192K) Class: 2665K(2752K)->2665K(2752K)
[249.976s][info][gc             ] GC(611) Pause Young (Mixed) (G1 Evacuation Pause) 810M->579M(978M) 128.884ms
[249.977s][info][gc,cpu         ] GC(611) User=0.26s Sys=0.00s Real=0.13s
[250.514s][info][gc,start       ] GC(612) Pause Young (Concurrent Start) (G1 Evacuation Pause)
[250.514s][info][gc,task        ] GC(612) Using 2 workers of 2 for evacuation
[250.587s][info][gc,phases      ] GC(612)   Pre Evacuate Collection Set: 0.35ms
[250.587s][info][gc,phases      ] GC(612)   Merge Heap Roots: 0.60ms
[250.587s][info][gc,phases      ] GC(612)   Evacuate Collection Set: 70.82ms
[250.587s][info][gc,phases      ] GC(612)   Post Evacuate Collection Set: 0.64ms
[250.587s][info][gc,phases      ] GC(612)   Other: 0.20ms
[250.587s][info][gc,heap        ] GC(612) Eden regions: 289->0(245)
[250.587s][info][gc,heap        ] GC(612) Survivor regions: 5->37(37)
[250.587s][info][gc,heap        ] GC(612) Old regions: 568->585
[250.587s][info][gc,heap        ] GC(612) Humongous regions: 7->7
[250.587s][info][gc,metaspace   ] GC(612) Metaspace: 18760K(18944K)->18760K(18944K) NonClass: 16095K(16192K)->16095K(16192K) Class: 2665K(2752K)->2665K(2752K)
[250.587s][info][gc             ] GC(612) Pause Young (Concurrent Start) (G1 Evacuation Pause) 868M->628M(978M) 72.824ms
[250.587s][info][gc,cpu         ] GC(612) User=0.14s Sys=0.00s Real=0.07s
[250.587s][info][gc             ] GC(613) Concurrent Mark Cycle
[250.587s][info][gc,marking     ] GC(613) Concurrent Scan Root Regions
[250.663s][info][gc,marking     ] GC(613) Concurrent Scan Root Regions 76.163ms
[250.663s][info][gc,marking     ] GC(613) Concurrent Mark
[250.663s][info][gc,marking     ] GC(613) Concurrent Mark From Roots
[250.663s][info][gc,task        ] GC(613) Using 1 workers of 1 for marking
[251.183s][info][gc,start       ] GC(614) Pause Young (Normal) (G1 Evacuation Pause)
[251.183s][info][gc,task        ] GC(614) Using 2 workers of 2 for evacuation
[251.258s][info][gc,phases      ] GC(614)   Pre Evacuate Collection Set: 0.31ms
[251.258s][info][gc,phases      ] GC(614)   Merge Heap Roots: 0.61ms
[251.258s][info][gc,phases      ] GC(614)   Evacuate Collection Set: 73.80ms
[251.258s][info][gc,phases      ] GC(614)   Post Evacuate Collection Set: 0.51ms
[251.258s][info][gc,phases      ] GC(614)   Other: 0.08ms
[251.258s][info][gc,heap        ] GC(614) Eden regions: 245->0(227)
[251.258s][info][gc,heap        ] GC(614) Survivor regions: 37->28(36)
[251.258s][info][gc,heap        ] GC(614) Old regions: 585->622
[251.258s][info][gc,heap        ] GC(614) Humongous regions: 8->8
[251.258s][info][gc,metaspace   ] GC(614) Metaspace: 18760K(18944K)->18760K(18944K) NonClass: 16095K(16192K)->16095K(16192K) Class: 2665K(2752K)->2665K(2752K)
[251.259s][info][gc             ] GC(614) Pause Young (Normal) (G1 Evacuation Pause) 874M->656M(978M) 75.540ms
[251.259s][info][gc,cpu         ] GC(614) User=0.15s Sys=0.00s Real=0.07s
[251.680s][info][gc,marking     ] GC(613) Concurrent Mark From Roots 1016.133ms
[251.680s][info][gc,marking     ] GC(613) Concurrent Preclean
[251.680s][info][gc,marking     ] GC(613) Concurrent Preclean 0.032ms
[251.680s][info][gc,start       ] GC(613) Pause Remark
[251.687s][info][gc             ] GC(613) Pause Remark 776M->617M(978M) 7.565ms
[251.687s][info][gc,cpu         ] GC(613) User=0.01s Sys=0.00s Real=0.01s
[251.688s][info][gc,marking     ] GC(613) Concurrent Mark 1024.605ms
[251.688s][info][gc,marking     ] GC(613) Concurrent Rebuild Remembered Sets and Scrub Regions
[251.887s][info][gc,start       ] GC(615) Pause Young (Normal) (G1 Evacuation Pause)
[251.887s][info][gc,task        ] GC(615) Using 2 workers of 2 for evacuation
[251.939s][info][gc,phases      ] GC(615)   Pre Evacuate Collection Set: 0.49ms
[251.939s][info][gc,phases      ] GC(615)   Merge Heap Roots: 0.26ms
[251.939s][info][gc,phases      ] GC(615)   Evacuate Collection Set: 50.74ms
[251.939s][info][gc,phases      ] GC(615)   Post Evacuate Collection Set: 0.45ms
[251.939s][info][gc,phases      ] GC(615)   Other: 0.10ms
[251.939s][info][gc,heap        ] GC(615) Eden regions: 227->0(326)
[251.939s][info][gc,heap        ] GC(615) Survivor regions: 28->19(32)
[251.939s][info][gc,heap        ] GC(615) Old regions: 466->493
[251.939s][info][gc,heap        ] GC(615) Humongous regions: 5->5
[251.939s][info][gc,metaspace   ] GC(615) Metaspace: 18760K(18944K)->18760K(18944K) NonClass: 16095K(16192K)->16095K(16192K) Class: 2665K(2752K)->2665K(2752K)
[251.939s][info][gc             ] GC(615) Pause Young (Normal) (G1 Evacuation Pause) 724M->515M(978M) 52.293ms
[251.939s][info][gc,cpu         ] GC(615) User=0.10s Sys=0.00s Real=0.05s
[252.041s][info][gc,marking     ] GC(613) Concurrent Rebuild Remembered Sets and Scrub Regions 352.890ms
[252.041s][info][gc,start       ] GC(613) Pause Cleanup
[252.041s][info][gc             ] GC(613) Pause Cleanup 595M->595M(978M) 0.108ms
[252.041s][info][gc,cpu         ] GC(613) User=0.00s Sys=0.00s Real=0.00s
[252.041s][info][gc,marking     ] GC(613) Concurrent Clear Claimed Marks
[252.041s][info][gc,marking     ] GC(613) Concurrent Clear Claimed Marks 0.026ms
[252.041s][info][gc,marking     ] GC(613) Concurrent Cleanup for Next Mark
[252.044s][info][gc,marking     ] GC(613) Concurrent Cleanup for Next Mark 2.812ms
[252.044s][info][gc             ] GC(613) Concurrent Mark Cycle 1457.017ms
[252.351s][info][gc,start       ] GC(616) Pause Young (Prepare Mixed) (G1 Evacuation Pause)
[252.351s][info][gc,task        ] GC(616) Using 2 workers of 2 for evacuation
[252.391s][info][gc,phases      ] GC(616)   Pre Evacuate Collection Set: 0.28ms
[252.391s][info][gc,phases      ] GC(616)   Merge Heap Roots: 0.20ms
[252.391s][info][gc,phases      ] GC(616)   Evacuate Collection Set: 39.02ms
[252.391s][info][gc,phases      ] GC(616)   Post Evacuate Collection Set: 0.51ms
[252.391s][info][gc,phases      ] GC(616)   Other: 0.10ms
[252.391s][info][gc,heap        ] GC(616) Eden regions: 326->0(323)
[252.391s][info][gc,heap        ] GC(616) Survivor regions: 19->38(44)
[252.391s][info][gc,heap        ] GC(616) Old regions: 493->493
[252.391s][info][gc,heap        ] GC(616) Humongous regions: 5->5
[252.391s][info][gc,metaspace   ] GC(616) Metaspace: 18760K(18944K)->18760K(18944K) NonClass: 16095K(16192K)->16095K(16192K) Class: 2665K(2752K)->2665K(2752K)
[252.391s][info][gc             ] GC(616) Pause Young (Prepare Mixed) (G1 Evacuation Pause) 841M->535M(978M) 40.325ms
[252.391s][info][gc,cpu         ] GC(616) User=0.08s Sys=0.00s Real=0.05s
[253.049s][info][gc,start       ] GC(617) Pause Young (Mixed) (G1 Evacuation Pause)
[253.050s][info][gc,task        ] GC(617) Using 2 workers of 2 for evacuation
[253.088s][info][gc,phases      ] GC(617)   Pre Evacuate Collection Set: 0.53ms
[253.088s][info][gc,phases      ] GC(617)   Merge Heap Roots: 0.27ms
[253.088s][info][gc,phases      ] GC(617)   Evacuate Collection Set: 36.47ms
[253.088s][info][gc,phases      ] GC(617)   Post Evacuate Collection Set: 0.64ms
[253.088s][info][gc,phases      ] GC(617)   Other: 0.10ms
[253.088s][info][gc,heap        ] GC(617) Eden regions: 323->0(384)
[253.088s][info][gc,heap        ] GC(617) Survivor regions: 38->20(46)
[253.088s][info][gc,heap        ] GC(617) Old regions: 493->455
[253.088s][info][gc,heap        ] GC(617) Humongous regions: 5->5
[253.088s][info][gc,metaspace   ] GC(617) Metaspace: 18760K(18944K)->18760K(18944K) NonClass: 16095K(16192K)->16095K(16192K) Class: 2665K(2752K)->2665K(2752K)
[253.088s][info][gc             ] GC(617) Pause Young (Mixed) (G1 Evacuation Pause) 858M->478M(978M) 38.222ms
[253.088s][info][gc,cpu         ] GC(617) User=0.08s Sys=0.00s Real=0.04s
[253.572s][info][gc,start       ] GC(618) Pause Young (Concurrent Start) (G1 Evacuation Pause)
[253.572s][info][gc,task        ] GC(618) Using 2 workers of 2 for evacuation
[253.670s][info][gc,phases      ] GC(618)   Pre Evacuate Collection Set: 0.33ms
[253.670s][info][gc,phases      ] GC(618)   Merge Heap Roots: 0.53ms
[253.670s][info][gc,phases      ] GC(618)   Evacuate Collection Set: 96.37ms
[253.670s][info][gc,phases      ] GC(618)   Post Evacuate Collection Set: 0.81ms
[253.670s][info][gc,phases      ] GC(618)   Other: 0.21ms
[253.670s][info][gc,heap        ] GC(618) Eden regions: 384->0(301)
[253.670s][info][gc,heap        ] GC(618) Survivor regions: 20->51(51)
[253.670s][info][gc,heap        ] GC(618) Old regions: 455->492
[253.670s][info][gc,heap        ] GC(618) Humongous regions: 5->5
[253.670s][info][gc,metaspace   ] GC(618) Metaspace: 18760K(18944K)->18760K(18944K) NonClass: 16095K(16192K)->16095K(16192K) Class: 2665K(2752K)->2665K(2752K)
[253.670s][info][gc             ] GC(618) Pause Young (Concurrent Start) (G1 Evacuation Pause) 862M->547M(978M) 98.522ms
[253.670s][info][gc             ] GC(619) Concurrent Mark Cycle
[253.670s][info][gc,marking     ] GC(619) Concurrent Scan Root Regions
[253.673s][info][gc,cpu         ] GC(618) User=0.19s Sys=0.00s Real=0.10s
[253.734s][info][gc,marking     ] GC(619) Concurrent Scan Root Regions 63.815ms
[253.734s][info][gc,marking     ] GC(619) Concurrent Mark
[253.734s][info][gc,marking     ] GC(619) Concurrent Mark From Roots
[253.734s][info][gc,task        ] GC(619) Using 1 workers of 1 for marking
[254.402s][info][gc,start       ] GC(620) Pause Young (Normal) (G1 Evacuation Pause)
[254.402s][info][gc,task        ] GC(620) Using 2 workers of 2 for evacuation
[254.521s][info][gc,phases      ] GC(620)   Pre Evacuate Collection Set: 0.31ms
[254.521s][info][gc,phases      ] GC(620)   Merge Heap Roots: 0.91ms
[254.521s][info][gc,phases      ] GC(620)   Evacuate Collection Set: 116.57ms
[254.521s][info][gc,phases      ] GC(620)   Post Evacuate Collection Set: 0.74ms
[254.521s][info][gc,phases      ] GC(620)   Other: 0.10ms
[254.521s][info][gc,heap        ] GC(620) Eden regions: 301->0(248)
[254.521s][info][gc,heap        ] GC(620) Survivor regions: 51->44(44)
[254.521s][info][gc,heap        ] GC(620) Old regions: 492->552
[254.521s][info][gc,heap        ] GC(620) Humongous regions: 8->8
[254.521s][info][gc,metaspace   ] GC(620) Metaspace: 18760K(18944K)->18760K(18944K) NonClass: 16095K(16192K)->16095K(16192K) Class: 2665K(2752K)->2665K(2752K)
[254.521s][info][gc             ] GC(620) Pause Young (Normal) (G1 Evacuation Pause) 851M->603M(978M) 118.841ms
[254.521s][info][gc,cpu         ] GC(620) User=0.23s Sys=0.00s Real=0.11s
[254.569s][info][gc,marking     ] GC(619) Concurrent Mark From Roots 834.475ms
[254.569s][info][gc,marking     ] GC(619) Concurrent Preclean
[254.569s][info][gc,marking     ] GC(619) Concurrent Preclean 0.030ms
[254.569s][info][gc,start       ] GC(619) Pause Remark
[254.577s][info][gc             ] GC(619) Pause Remark 650M->507M(978M) 7.381ms
[254.577s][info][gc,cpu         ] GC(619) User=0.02s Sys=0.00s Real=0.01s
[254.577s][info][gc,marking     ] GC(619) Concurrent Mark 842.353ms
[254.577s][info][gc,marking     ] GC(619) Concurrent Rebuild Remembered Sets and Scrub Regions
[254.906s][info][gc,marking     ] GC(619) Concurrent Rebuild Remembered Sets and Scrub Regions 329.173ms
[254.906s][info][gc,start       ] GC(619) Pause Cleanup
[254.906s][info][gc             ] GC(619) Pause Cleanup 707M->707M(978M) 0.105ms
[254.906s][info][gc,cpu         ] GC(619) User=0.00s Sys=0.00s Real=0.00s
[254.906s][info][gc,marking     ] GC(619) Concurrent Clear Claimed Marks
[254.906s][info][gc,marking     ] GC(619) Concurrent Clear Claimed Marks 0.033ms
[254.907s][info][gc,marking     ] GC(619) Concurrent Cleanup for Next Mark
[254.911s][info][gc,start       ] GC(621) Pause Young (Prepare Mixed) (G1 Evacuation Pause)
[254.911s][info][gc,task        ] GC(621) Using 2 workers of 2 for evacuation
[254.995s][info][gc,phases      ] GC(621)   Pre Evacuate Collection Set: 0.29ms
[254.995s][info][gc,phases      ] GC(621)   Merge Heap Roots: 0.53ms
[254.995s][info][gc,phases      ] GC(621)   Evacuate Collection Set: 82.73ms
[254.995s][info][gc,phases      ] GC(621)   Post Evacuate Collection Set: 0.55ms
[254.995s][info][gc,phases      ] GC(621)   Other: 0.10ms
[254.995s][info][gc,heap        ] GC(621) Eden regions: 248->0(328)
[254.995s][info][gc,heap        ] GC(621) Survivor regions: 44->34(37)
[254.995s][info][gc,heap        ] GC(621) Old regions: 411->456
[254.995s][info][gc,heap        ] GC(621) Humongous regions: 6->6
[254.995s][info][gc,metaspace   ] GC(621) Metaspace: 18760K(18944K)->18760K(18944K) NonClass: 16095K(16192K)->16095K(16192K) Class: 2665K(2752K)->2665K(2752K)
[254.995s][info][gc             ] GC(621) Pause Young (Prepare Mixed) (G1 Evacuation Pause) 708M->495M(978M) 84.398ms
[254.995s][info][gc,cpu         ] GC(621) User=0.17s Sys=0.00s Real=0.09s
[254.999s][info][gc,marking     ] GC(619) Concurrent Cleanup for Next Mark 92.581ms
[254.999s][info][gc             ] GC(619) Concurrent Mark Cycle 1328.670ms
[255.449s][info][gc,start       ] GC(622) Pause Young (Mixed) (G1 Evacuation Pause)
[255.449s][info][gc,task        ] GC(622) Using 2 workers of 2 for evacuation
[255.506s][info][gc,phases      ] GC(622)   Pre Evacuate Collection Set: 0.28ms
[255.506s][info][gc,phases      ] GC(622)   Merge Heap Roots: 0.27ms
[255.506s][info][gc,phases      ] GC(622)   Evacuate Collection Set: 55.38ms
[255.506s][info][gc,phases      ] GC(622)   Post Evacuate Collection Set: 0.56ms
[255.506s][info][gc,phases      ] GC(622)   Other: 0.10ms
[255.506s][info][gc,heap        ] GC(622) Eden regions: 328->0(343)
[255.506s][info][gc,heap        ] GC(622) Survivor regions: 34->16(46)
[255.506s][info][gc,heap        ] GC(622) Old regions: 456->471
[255.506s][info][gc,heap        ] GC(622) Humongous regions: 9->9
[255.506s][info][gc,metaspace   ] GC(622) Metaspace: 18760K(18944K)->18760K(18944K) NonClass: 16095K(16192K)->16095K(16192K) Class: 2665K(2752K)->2665K(2752K)
[255.506s][info][gc             ] GC(622) Pause Young (Mixed) (G1 Evacuation Pause) 826M->495M(978M) 56.843ms
[255.506s][info][gc,cpu         ] GC(622) User=0.11s Sys=0.00s Real=0.06s
[256.005s][info][gc,start       ] GC(623) Pause Young (Concurrent Start) (G1 Evacuation Pause)
[256.006s][info][gc,task        ] GC(623) Using 2 workers of 2 for evacuation
[256.029s][info][gc,phases      ] GC(623)   Pre Evacuate Collection Set: 0.34ms
[256.029s][info][gc,phases      ] GC(623)   Merge Heap Roots: 0.14ms
[256.029s][info][gc,phases      ] GC(623)   Evacuate Collection Set: 22.26ms
[256.029s][info][gc,phases      ] GC(623)   Post Evacuate Collection Set: 0.53ms
[256.029s][info][gc,phases      ] GC(623)   Other: 0.20ms
[256.029s][info][gc,heap        ] GC(623) Eden regions: 343->0(366)
[256.029s][info][gc,heap        ] GC(623) Survivor regions: 16->16(45)
[256.029s][info][gc,heap        ] GC(623) Old regions: 471->471
[256.029s][info][gc,heap        ] GC(623) Humongous regions: 9->9
[256.029s][info][gc,metaspace   ] GC(623) Metaspace: 18760K(18944K)->18760K(18944K) NonClass: 16095K(16192K)->16095K(16192K) Class: 2665K(2752K)->2665K(2752K)
[256.029s][info][gc             ] GC(623) Pause Young (Concurrent Start) (G1 Evacuation Pause) 838M->495M(978M) 23.689ms
[256.029s][info][gc             ] GC(624) Concurrent Mark Cycle
[256.029s][info][gc,marking     ] GC(624) Concurrent Scan Root Regions
[256.031s][info][gc,cpu         ] GC(623) User=0.05s Sys=0.00s Real=0.03s
[256.085s][info][gc,marking     ] GC(624) Concurrent Scan Root Regions 55.496ms
[256.085s][info][gc,marking     ] GC(624) Concurrent Mark
[256.085s][info][gc,marking     ] GC(624) Concurrent Mark From Roots
[256.085s][info][gc,task        ] GC(624) Using 1 workers of 1 for marking
[257.227s][info][gc,start       ] GC(625) Pause Young (Normal) (G1 Evacuation Pause)
[257.227s][info][gc,task        ] GC(625) Using 2 workers of 2 for evacuation
[257.253s][info][gc,phases      ] GC(625)   Pre Evacuate Collection Set: 0.50ms
[257.253s][info][gc,phases      ] GC(625)   Merge Heap Roots: 0.18ms
[257.253s][info][gc,phases      ] GC(625)   Evacuate Collection Set: 23.87ms
[257.253s][info][gc,phases      ] GC(625)   Post Evacuate Collection Set: 0.53ms
[257.253s][info][gc,phases      ] GC(625)   Other: 0.08ms
[257.253s][info][gc,heap        ] GC(625) Eden regions: 366->0(386)
[257.253s][info][gc,heap        ] GC(625) Survivor regions: 16->16(48)
[257.253s][info][gc,heap        ] GC(625) Old regions: 471->471
[257.253s][info][gc,heap        ] GC(625) Humongous regions: 9->9
[257.253s][info][gc,metaspace   ] GC(625) Metaspace: 18760K(18944K)->18760K(18944K) NonClass: 16095K(16192K)->16095K(16192K) Class: 2665K(2752K)->2665K(2752K)
[257.253s][info][gc             ] GC(625) Pause Young (Normal) (G1 Evacuation Pause) 861M->495M(978M) 25.389ms
[257.253s][info][gc,cpu         ] GC(625) User=0.05s Sys=0.00s Real=0.03s
[257.303s][info][gc,marking     ] GC(624) Concurrent Mark From Roots 1218.716ms
[257.304s][info][gc,marking     ] GC(624) Concurrent Preclean
[257.304s][info][gc,marking     ] GC(624) Concurrent Preclean 0.029ms
[257.304s][info][gc,start       ] GC(624) Pause Remark
[257.311s][info][gc             ] GC(624) Pause Remark 506M->503M(978M) 7.363ms
[257.311s][info][gc,cpu         ] GC(624) User=0.01s Sys=0.00s Real=0.01s
[257.311s][info][gc,marking     ] GC(624) Concurrent Mark 1226.360ms
[257.311s][info][gc,marking     ] GC(624) Concurrent Rebuild Remembered Sets and Scrub Regions
[257.699s][info][gc,marking     ] GC(624) Concurrent Rebuild Remembered Sets and Scrub Regions 388.022ms
[257.699s][info][gc,start       ] GC(624) Pause Cleanup
[257.699s][info][gc             ] GC(624) Pause Cleanup 732M->732M(978M) 0.088ms
[257.699s][info][gc,cpu         ] GC(624) User=0.00s Sys=0.00s Real=0.00s
[257.699s][info][gc,marking     ] GC(624) Concurrent Clear Claimed Marks
[257.699s][info][gc,marking     ] GC(624) Concurrent Clear Claimed Marks 0.028ms
[257.699s][info][gc,marking     ] GC(624) Concurrent Cleanup for Next Mark
[257.715s][info][gc,marking     ] GC(624) Concurrent Cleanup for Next Mark 15.498ms
[257.715s][info][gc             ] GC(624) Concurrent Mark Cycle 1685.858ms
[257.823s][info][gc,start       ] GC(626) Pause Young (Prepare Mixed) (G1 Evacuation Pause)
[257.824s][info][gc,task        ] GC(626) Using 2 workers of 2 for evacuation
[257.887s][info][gc,phases      ] GC(626)   Pre Evacuate Collection Set: 0.25ms
[257.887s][info][gc,phases      ] GC(626)   Merge Heap Roots: 0.33ms
[257.887s][info][gc,phases      ] GC(626)   Evacuate Collection Set: 62.16ms
[257.887s][info][gc,phases      ] GC(626)   Post Evacuate Collection Set: 0.63ms
[257.887s][info][gc,phases      ] GC(626)   Other: 0.09ms
[257.887s][info][gc,heap        ] GC(626) Eden regions: 386->0(349)
[257.887s][info][gc,heap        ] GC(626) Survivor regions: 16->51(51)
[257.887s][info][gc,heap        ] GC(626) Old regions: 470->470
[257.887s][info][gc,heap        ] GC(626) Humongous regions: 7->7
[257.887s][info][gc,metaspace   ] GC(626) Metaspace: 18760K(18944K)->18760K(18944K) NonClass: 16095K(16192K)->16095K(16192K) Class: 2665K(2752K)->2665K(2752K)
[257.887s][info][gc             ] GC(626) Pause Young (Prepare Mixed) (G1 Evacuation Pause) 878M->527M(978M) 63.661ms
[257.887s][info][gc,cpu         ] GC(626) User=0.12s Sys=0.00s Real=0.06s
[258.164s][info][gc,start       ] GC(627) Pause Young (Mixed) (G1 Evacuation Pause)
[258.164s][info][gc,task        ] GC(627) Using 2 workers of 2 for evacuation
[258.257s][info][gc,phases      ] GC(627)   Pre Evacuate Collection Set: 0.31ms
[258.257s][info][gc,phases      ] GC(627)   Merge Heap Roots: 0.39ms
[258.257s][info][gc,phases      ] GC(627)   Evacuate Collection Set: 91.43ms
[258.257s][info][gc,phases      ] GC(627)   Post Evacuate Collection Set: 0.62ms
[258.257s][info][gc,phases      ] GC(627)   Other: 0.08ms
[258.257s][info][gc,heap        ] GC(627) Eden regions: 349->0(340)
[258.257s][info][gc,heap        ] GC(627) Survivor regions: 51->26(50)
[258.257s][info][gc,heap        ] GC(627) Old regions: 470->512
[258.257s][info][gc,heap        ] GC(627) Humongous regions: 7->7
[258.257s][info][gc,metaspace   ] GC(627) Metaspace: 18760K(18944K)->18760K(18944K) NonClass: 16095K(16192K)->16095K(16192K) Class: 2665K(2752K)->2665K(2752K)
[258.257s][info][gc             ] GC(627) Pause Young (Mixed) (G1 Evacuation Pause) 876M->543M(978M) 93.080ms
[258.257s][info][gc,cpu         ] GC(627) User=0.19s Sys=0.00s Real=0.09s
[258.528s][info][gc,start       ] GC(628) Pause Young (Concurrent Start) (G1 Evacuation Pause)
[258.528s][info][gc,task        ] GC(628) Using 2 workers of 2 for evacuation
[258.597s][info][gc,phases      ] GC(628)   Pre Evacuate Collection Set: 0.31ms
[258.597s][info][gc,phases      ] GC(628)   Merge Heap Roots: 0.33ms
[258.597s][info][gc,phases      ] GC(628)   Evacuate Collection Set: 67.19ms
[258.597s][info][gc,phases      ] GC(628)   Post Evacuate Collection Set: 0.57ms
[258.597s][info][gc,phases      ] GC(628)   Other: 0.12ms
[258.597s][info][gc,heap        ] GC(628) Eden regions: 340->0(306)
[258.597s][info][gc,heap        ] GC(628) Survivor regions: 26->38(46)
[258.597s][info][gc,heap        ] GC(628) Old regions: 512->537
[258.597s][info][gc,heap        ] GC(628) Humongous regions: 7->7
[258.597s][info][gc,metaspace   ] GC(628) Metaspace: 18760K(18944K)->18760K(18944K) NonClass: 16095K(16192K)->16095K(16192K) Class: 2665K(2752K)->2665K(2752K)
[258.597s][info][gc             ] GC(628) Pause Young (Concurrent Start) (G1 Evacuation Pause) 883M->580M(978M) 68.794ms
[258.597s][info][gc,cpu         ] GC(628) User=0.14s Sys=0.00s Real=0.07s
[258.599s][info][gc             ] GC(629) Concurrent Mark Cycle
[258.599s][info][gc,marking     ] GC(629) Concurrent Scan Root Regions
[258.713s][info][gc,marking     ] GC(629) Concurrent Scan Root Regions 113.846ms
[258.713s][info][gc,marking     ] GC(629) Concurrent Mark
[258.713s][info][gc,marking     ] GC(629) Concurrent Mark From Roots
[258.713s][info][gc,task        ] GC(629) Using 1 workers of 1 for marking
[259.195s][info][gc,start       ] GC(630) Pause Young (Normal) (G1 Evacuation Pause)
[259.195s][info][gc,task        ] GC(630) Using 2 workers of 2 for evacuation
[259.255s][info][gc,phases      ] GC(630)   Pre Evacuate Collection Set: 0.50ms
[259.255s][info][gc,phases      ] GC(630)   Merge Heap Roots: 0.30ms
[259.255s][info][gc,phases      ] GC(630)   Evacuate Collection Set: 58.52ms
[259.255s][info][gc,phases      ] GC(630)   Post Evacuate Collection Set: 0.53ms
[259.255s][info][gc,phases      ] GC(630)   Other: 0.09ms
[259.255s][info][gc,heap        ] GC(630) Eden regions: 306->0(298)
[259.255s][info][gc,heap        ] GC(630) Survivor regions: 38->17(43)
[259.255s][info][gc,heap        ] GC(630) Old regions: 537->574
[259.255s][info][gc,heap        ] GC(630) Humongous regions: 7->7
[259.255s][info][gc,metaspace   ] GC(630) Metaspace: 18760K(18944K)->18760K(18944K) NonClass: 16095K(16192K)->16095K(16192K) Class: 2665K(2752K)->2665K(2752K)
[259.255s][info][gc             ] GC(630) Pause Young (Normal) (G1 Evacuation Pause) 886M->597M(978M) 60.182ms
[259.255s][info][gc,cpu         ] GC(630) User=0.12s Sys=0.00s Real=0.06s
[260.275s][info][gc,start       ] GC(631) Pause Young (Normal) (G1 Evacuation Pause)
[260.275s][info][gc,task        ] GC(631) Using 2 workers of 2 for evacuation
[260.306s][info][gc,phases      ] GC(631)   Pre Evacuate Collection Set: 0.50ms
[260.306s][info][gc,phases      ] GC(631)   Merge Heap Roots: 0.26ms
[260.306s][info][gc,phases      ] GC(631)   Evacuate Collection Set: 30.07ms
[260.306s][info][gc,phases      ] GC(631)   Post Evacuate Collection Set: 0.50ms
[260.306s][info][gc,phases      ] GC(631)   Other: 0.10ms
[260.306s][info][gc,heap        ] GC(631) Eden regions: 298->0(293)
[260.306s][info][gc,heap        ] GC(631) Survivor regions: 17->27(40)
[260.306s][info][gc,heap        ] GC(631) Old regions: 574->574
[260.306s][info][gc,heap        ] GC(631) Humongous regions: 7->7
[260.306s][info][gc,metaspace   ] GC(631) Metaspace: 18760K(18944K)->18760K(18944K) NonClass: 16095K(16192K)->16095K(16192K) Class: 2665K(2752K)->2665K(2752K)
[260.306s][info][gc             ] GC(631) Pause Young (Normal) (G1 Evacuation Pause) 895M->607M(978M) 31.668ms
[260.306s][info][gc,cpu         ] GC(631) User=0.06s Sys=0.00s Real=0.03s
[260.316s][info][gc,marking     ] GC(629) Concurrent Mark From Roots 1603.094ms
[260.316s][info][gc,marking     ] GC(629) Concurrent Preclean
[260.316s][info][gc,marking     ] GC(629) Concurrent Preclean 0.031ms
[260.316s][info][gc,start       ] GC(629) Pause Remark
[260.323s][info][gc             ] GC(629) Pause Remark 609M->609M(978M) 7.227ms
[260.323s][info][gc,cpu         ] GC(629) User=0.01s Sys=0.00s Real=0.01s
[260.324s][info][gc,marking     ] GC(629) Concurrent Mark 1610.582ms
[260.324s][info][gc,marking     ] GC(629) Concurrent Rebuild Remembered Sets and Scrub Regions
[260.850s][info][gc,marking     ] GC(629) Concurrent Rebuild Remembered Sets and Scrub Regions 526.106ms
[260.851s][info][gc,start       ] GC(629) Pause Cleanup
[260.851s][info][gc             ] GC(629) Pause Cleanup 745M->745M(978M) 0.116ms
[260.851s][info][gc,cpu         ] GC(629) User=0.00s Sys=0.00s Real=0.00s
[260.851s][info][gc,marking     ] GC(629) Concurrent Clear Claimed Marks
[260.851s][info][gc,marking     ] GC(629) Concurrent Clear Claimed Marks 0.028ms
[260.851s][info][gc,marking     ] GC(629) Concurrent Cleanup for Next Mark
[260.856s][info][gc,marking     ] GC(629) Concurrent Cleanup for Next Mark 4.869ms
[260.856s][info][gc             ] GC(629) Concurrent Mark Cycle 2257.174ms
[261.191s][info][gc,start       ] GC(632) Pause Young (Prepare Mixed) (G1 Evacuation Pause)
[261.191s][info][gc,task        ] GC(632) Using 2 workers of 2 for evacuation
[261.220s][info][gc,phases      ] GC(632)   Pre Evacuate Collection Set: 0.31ms
[261.220s][info][gc,phases      ] GC(632)   Merge Heap Roots: 0.26ms
[261.220s][info][gc,phases      ] GC(632)   Evacuate Collection Set: 27.46ms
[261.220s][info][gc,phases      ] GC(632)   Post Evacuate Collection Set: 0.54ms
[261.220s][info][gc,phases      ] GC(632)   Other: 0.11ms
[261.220s][info][gc,heap        ] GC(632) Eden regions: 293->0(308)
[261.220s][info][gc,heap        ] GC(632) Survivor regions: 27->11(40)
[261.220s][info][gc,heap        ] GC(632) Old regions: 574->591
[261.220s][info][gc,heap        ] GC(632) Humongous regions: 7->7
[261.220s][info][gc,metaspace   ] GC(632) Metaspace: 18760K(18944K)->18760K(18944K) NonClass: 16095K(16192K)->16095K(16192K) Class: 2665K(2752K)->2665K(2752K)
[261.220s][info][gc             ] GC(632) Pause Young (Prepare Mixed) (G1 Evacuation Pause) 900M->608M(978M) 28.881ms
[261.220s][info][gc,cpu         ] GC(632) User=0.06s Sys=0.00s Real=0.02s
[261.888s][info][gc,start       ] GC(633) Pause Young (Mixed) (G1 Evacuation Pause)
[261.888s][info][gc,task        ] GC(633) Using 2 workers of 2 for evacuation
[261.984s][info][gc,phases      ] GC(633)   Pre Evacuate Collection Set: 0.31ms
[261.984s][info][gc,phases      ] GC(633)   Merge Heap Roots: 1.75ms
[261.984s][info][gc,phases      ] GC(633)   Evacuate Collection Set: 93.27ms
[261.984s][info][gc,phases      ] GC(633)   Post Evacuate Collection Set: 0.54ms
[261.984s][info][gc,phases      ] GC(633)   Other: 0.09ms
[261.984s][info][gc,heap        ] GC(633) Eden regions: 308->0(311)
[261.984s][info][gc,heap        ] GC(633) Survivor regions: 11->13(40)
[261.984s][info][gc,heap        ] GC(633) Old regions: 591->584
[261.984s][info][gc,heap        ] GC(633) Humongous regions: 7->7
[261.984s][info][gc,metaspace   ] GC(633) Metaspace: 18760K(18944K)->18760K(18944K) NonClass: 16095K(16192K)->16095K(16192K) Class: 2665K(2752K)->2665K(2752K)
[261.984s][info][gc             ] GC(633) Pause Young (Mixed) (G1 Evacuation Pause) 916M->602M(978M) 96.195ms
[261.984s][info][gc,cpu         ] GC(633) User=0.19s Sys=0.00s Real=0.10s
[262.338s][info][gc,start       ] GC(634) Pause Young (Concurrent Start) (G1 Evacuation Pause)
[262.338s][info][gc,task        ] GC(634) Using 2 workers of 2 for evacuation
[262.422s][info][gc,phases      ] GC(634)   Pre Evacuate Collection Set: 0.36ms
[262.422s][info][gc,phases      ] GC(634)   Merge Heap Roots: 0.15ms
[262.422s][info][gc,phases      ] GC(634)   Evacuate Collection Set: 76.42ms
[262.422s][info][gc,phases      ] GC(634)   Post Evacuate Collection Set: 6.41ms
[262.422s][info][gc,phases      ] GC(634)   Other: 0.22ms
[262.422s][info][gc,heap        ] GC(634) Eden regions: 311->0(148)
[262.422s][info][gc,heap        ] GC(634) Survivor regions: 13->41(41)
[262.422s][info][gc,heap        ] GC(634) Old regions: 584->691
[262.422s][info][gc,heap        ] GC(634) Humongous regions: 7->7
[262.422s][info][gc,metaspace   ] GC(634) Metaspace: 18760K(18944K)->18760K(18944K) NonClass: 16095K(16192K)->16095K(16192K) Class: 2665K(2752K)->2665K(2752K)
[262.422s][info][gc             ] GC(634) Pause Young (Concurrent Start) (G1 Evacuation Pause) (Evacuation Failure: Allocation) 913M->738M(978M) 83.801ms
[262.422s][info][gc             ] GC(635) Concurrent Mark Cycle
[262.422s][info][gc,marking     ] GC(635) Concurrent Scan Root Regions
[262.424s][info][gc,cpu         ] GC(634) User=0.17s Sys=0.00s Real=0.09s
[262.523s][info][gc,marking     ] GC(635) Concurrent Scan Root Regions 101.481ms
[262.523s][info][gc,marking     ] GC(635) Concurrent Mark
[262.523s][info][gc,marking     ] GC(635) Concurrent Mark From Roots
[262.523s][info][gc,task        ] GC(635) Using 1 workers of 1 for marking
[262.817s][info][gc,start       ] GC(636) Pause Young (Normal) (G1 Evacuation Pause)
[262.817s][info][gc,task        ] GC(636) Using 2 workers of 2 for evacuation
[262.908s][info][gc,phases      ] GC(636)   Pre Evacuate Collection Set: 0.54ms
[262.908s][info][gc,phases      ] GC(636)   Merge Heap Roots: 0.47ms
[262.908s][info][gc,phases      ] GC(636)   Evacuate Collection Set: 88.65ms
[262.908s][info][gc,phases      ] GC(636)   Post Evacuate Collection Set: 0.60ms
[262.908s][info][gc,phases      ] GC(636)   Other: 0.09ms
[262.908s][info][gc,heap        ] GC(636) Eden regions: 148->0(217)
[262.908s][info][gc,heap        ] GC(636) Survivor regions: 41->18(24)
[262.908s][info][gc,heap        ] GC(636) Old regions: 691->665
[262.908s][info][gc,heap        ] GC(636) Humongous regions: 10->10
[262.908s][info][gc,metaspace   ] GC(636) Metaspace: 18760K(18944K)->18760K(18944K) NonClass: 16095K(16192K)->16095K(16192K) Class: 2665K(2752K)->2665K(2752K)
[262.908s][info][gc             ] GC(636) Pause Young (Normal) (G1 Evacuation Pause) 889M->691M(978M) 90.563ms
[262.908s][info][gc,cpu         ] GC(636) User=0.18s Sys=0.00s Real=0.09s
[263.479s][info][gc,start       ] GC(637) Pause Young (Normal) (G1 Evacuation Pause)
[263.479s][info][gc,task        ] GC(637) Using 2 workers of 2 for evacuation
[263.533s][info][gc,phases      ] GC(637)   Pre Evacuate Collection Set: 0.50ms
[263.533s][info][gc,phases      ] GC(637)   Merge Heap Roots: 0.26ms
[263.533s][info][gc,phases      ] GC(637)   Evacuate Collection Set: 53.03ms
[263.533s][info][gc,phases      ] GC(637)   Post Evacuate Collection Set: 0.46ms
[263.533s][info][gc,phases      ] GC(637)   Other: 0.09ms
[263.533s][info][gc,heap        ] GC(637) Eden regions: 217->0(180)
[263.533s][info][gc,heap        ] GC(637) Survivor regions: 18->28(30)
[263.533s][info][gc,heap        ] GC(637) Old regions: 665->682
[263.533s][info][gc,heap        ] GC(637) Humongous regions: 10->10
[263.533s][info][gc,metaspace   ] GC(637) Metaspace: 18760K(18944K)->18760K(18944K) NonClass: 16095K(16192K)->16095K(16192K) Class: 2665K(2752K)->2665K(2752K)
[263.533s][info][gc             ] GC(637) Pause Young (Normal) (G1 Evacuation Pause) 908M->719M(978M) 54.545ms
[263.533s][info][gc,cpu         ] GC(637) User=0.11s Sys=0.00s Real=0.06s
[263.845s][info][gc,start       ] GC(638) Pause Young (Normal) (G1 Evacuation Pause)
[263.845s][info][gc,task        ] GC(638) Using 2 workers of 2 for evacuation
[263.910s][info][gc,phases      ] GC(638)   Pre Evacuate Collection Set: 0.47ms
[263.910s][info][gc,phases      ] GC(638)   Merge Heap Roots: 0.08ms
[263.910s][info][gc,phases      ] GC(638)   Evacuate Collection Set: 63.55ms
[263.910s][info][gc,phases      ] GC(638)   Post Evacuate Collection Set: 0.54ms
[263.910s][info][gc,phases      ] GC(638)   Other: 0.10ms
[263.910s][info][gc,heap        ] GC(638) Eden regions: 180->0(132)
[263.910s][info][gc,heap        ] GC(638) Survivor regions: 28->26(26)
[263.910s][info][gc,heap        ] GC(638) Old regions: 682->734
[263.910s][info][gc,heap        ] GC(638) Humongous regions: 10->10
[263.910s][info][gc,metaspace   ] GC(638) Metaspace: 18760K(18944K)->18760K(18944K) NonClass: 16095K(16192K)->16095K(16192K) Class: 2665K(2752K)->2665K(2752K)
[263.910s][info][gc             ] GC(638) Pause Young (Normal) (G1 Evacuation Pause) 899M->769M(978M) 65.020ms
[263.910s][info][gc,cpu         ] GC(638) User=0.13s Sys=0.00s Real=0.06s
[264.165s][info][gc,start       ] GC(639) Pause Young (Normal) (G1 Evacuation Pause)
[264.165s][info][gc,task        ] GC(639) Using 2 workers of 2 for evacuation
[264.195s][info][gc,phases      ] GC(639)   Pre Evacuate Collection Set: 0.29ms
[264.195s][info][gc,phases      ] GC(639)   Merge Heap Roots: 0.30ms
[264.195s][info][gc,phases      ] GC(639)   Evacuate Collection Set: 28.77ms
[264.195s][info][gc,phases      ] GC(639)   Post Evacuate Collection Set: 0.32ms
[264.195s][info][gc,phases      ] GC(639)   Other: 0.08ms
[264.195s][info][gc,heap        ] GC(639) Eden regions: 132->0(145)
[264.195s][info][gc,heap        ] GC(639) Survivor regions: 26->1(20)
[264.195s][info][gc,heap        ] GC(639) Old regions: 734->760
[264.195s][info][gc,heap        ] GC(639) Humongous regions: 10->10
[264.195s][info][gc,metaspace   ] GC(639) Metaspace: 18760K(18944K)->18760K(18944K) NonClass: 16095K(16192K)->16095K(16192K) Class: 2665K(2752K)->2665K(2752K)
[264.195s][info][gc             ] GC(639) Pause Young (Normal) (G1 Evacuation Pause) 901M->770M(978M) 29.996ms
[264.195s][info][gc,cpu         ] GC(639) User=0.06s Sys=0.00s Real=0.03s
[264.197s][info][gc,marking     ] GC(635) Concurrent Mark From Roots 1673.360ms
[264.197s][info][gc,marking     ] GC(635) Concurrent Preclean
[264.197s][info][gc,marking     ] GC(635) Concurrent Preclean 0.036ms
[264.201s][info][gc,start       ] GC(635) Pause Remark
[264.208s][info][gc             ] GC(635) Pause Remark 773M->718M(978M) 7.189ms
[264.208s][info][gc,cpu         ] GC(635) User=0.02s Sys=0.00s Real=0.00s
[264.209s][info][gc,marking     ] GC(635) Concurrent Mark 1685.854ms
[264.209s][info][gc,marking     ] GC(635) Concurrent Rebuild Remembered Sets and Scrub Regions
[264.433s][info][gc,start       ] GC(640) Pause Young (Normal) (G1 Evacuation Pause)
[264.433s][info][gc,task        ] GC(640) Using 2 workers of 2 for evacuation
[264.434s][info][gc,phases      ] GC(640)   Pre Evacuate Collection Set: 0.24ms
[264.434s][info][gc,phases      ] GC(640)   Merge Heap Roots: 0.06ms
[264.434s][info][gc,phases      ] GC(640)   Evacuate Collection Set: 0.97ms
[264.434s][info][gc,phases      ] GC(640)   Post Evacuate Collection Set: 0.32ms
[264.434s][info][gc,phases      ] GC(640)   Other: 0.06ms
[264.434s][info][gc,heap        ] GC(640) Eden regions: 145->0(194)
[264.434s][info][gc,heap        ] GC(640) Survivor regions: 1->1(19)
[264.434s][info][gc,heap        ] GC(640) Old regions: 706->706
[264.434s][info][gc,heap        ] GC(640) Humongous regions: 9->9
[264.434s][info][gc,metaspace   ] GC(640) Metaspace: 18760K(18944K)->18760K(18944K) NonClass: 16095K(16192K)->16095K(16192K) Class: 2665K(2752K)->2665K(2752K)
[264.434s][info][gc             ] GC(640) Pause Young (Normal) (G1 Evacuation Pause) 860M->715M(978M) 1.847ms
[264.434s][info][gc,cpu         ] GC(640) User=0.00s Sys=0.00s Real=0.00s
[264.739s][info][gc,start       ] GC(641) Pause Young (Normal) (G1 Evacuation Pause)
[264.739s][info][gc,task        ] GC(641) Using 2 workers of 2 for evacuation
[264.741s][info][gc,phases      ] GC(641)   Pre Evacuate Collection Set: 0.28ms
[264.741s][info][gc,phases      ] GC(641)   Merge Heap Roots: 0.08ms
[264.741s][info][gc,phases      ] GC(641)   Evacuate Collection Set: 1.08ms
[264.741s][info][gc,phases      ] GC(641)   Post Evacuate Collection Set: 0.35ms
[264.741s][info][gc,phases      ] GC(641)   Other: 0.10ms
[264.741s][info][gc,heap        ] GC(641) Eden regions: 194->0(207)
[264.741s][info][gc,heap        ] GC(641) Survivor regions: 1->1(25)
[264.741s][info][gc,heap        ] GC(641) Old regions: 706->706
[264.741s][info][gc,heap        ] GC(641) Humongous regions: 9->9
[264.741s][info][gc,metaspace   ] GC(641) Metaspace: 18760K(18944K)->18760K(18944K) NonClass: 16095K(16192K)->16095K(16192K) Class: 2665K(2752K)->2665K(2752K)
[264.741s][info][gc             ] GC(641) Pause Young (Normal) (G1 Evacuation Pause) 909M->715M(978M) 2.087ms
[264.741s][info][gc,cpu         ] GC(641) User=0.00s Sys=0.00s Real=0.01s
[264.845s][info][gc,marking     ] GC(635) Concurrent Rebuild Remembered Sets and Scrub Regions 635.828ms
[264.845s][info][gc,start       ] GC(635) Pause Cleanup
[264.845s][info][gc             ] GC(635) Pause Cleanup 789M->789M(978M) 0.126ms
[264.845s][info][gc,cpu         ] GC(635) User=0.00s Sys=0.00s Real=0.00s
[264.845s][info][gc,marking     ] GC(635) Concurrent Clear Claimed Marks
[264.845s][info][gc,marking     ] GC(635) Concurrent Clear Claimed Marks 0.032ms
[264.845s][info][gc,marking     ] GC(635) Concurrent Cleanup for Next Mark
[264.852s][info][gc,marking     ] GC(635) Concurrent Cleanup for Next Mark 6.363ms
[264.852s][info][gc             ] GC(635) Concurrent Mark Cycle 2430.053ms
[264.986s][info][gc,start       ] GC(642) Pause Young (Prepare Mixed) (G1 Evacuation Pause)
[264.986s][info][gc,task        ] GC(642) Using 2 workers of 2 for evacuation
[264.988s][info][gc,phases      ] GC(642)   Pre Evacuate Collection Set: 0.48ms
[264.988s][info][gc,phases      ] GC(642)   Merge Heap Roots: 0.09ms
[264.988s][info][gc,phases      ] GC(642)   Evacuate Collection Set: 1.21ms
[264.988s][info][gc,phases      ] GC(642)   Post Evacuate Collection Set: 0.40ms
[264.988s][info][gc,phases      ] GC(642)   Other: 0.10ms
[264.988s][info][gc,heap        ] GC(642) Eden regions: 207->0(211)
[264.988s][info][gc,heap        ] GC(642) Survivor regions: 1->1(26)
[264.988s][info][gc,heap        ] GC(642) Old regions: 706->706
[264.988s][info][gc,heap        ] GC(642) Humongous regions: 9->9
[264.988s][info][gc,metaspace   ] GC(642) Metaspace: 18760K(18944K)->18760K(18944K) NonClass: 16095K(16192K)->16095K(16192K) Class: 2665K(2752K)->2665K(2752K)
[264.988s][info][gc             ] GC(642) Pause Young (Prepare Mixed) (G1 Evacuation Pause) 922M->715M(978M) 2.461ms
[264.988s][info][gc,cpu         ] GC(642) User=0.00s Sys=0.00s Real=0.00s
[265.216s][info][gc,start       ] GC(643) Pause Young (Mixed) (G1 Evacuation Pause)
[265.216s][info][gc,task        ] GC(643) Using 2 workers of 2 for evacuation
[265.219s][info][gc,phases      ] GC(643)   Pre Evacuate Collection Set: 0.33ms
[265.219s][info][gc,phases      ] GC(643)   Merge Heap Roots: 0.10ms
[265.219s][info][gc,phases      ] GC(643)   Evacuate Collection Set: 1.86ms
[265.219s][info][gc,phases      ] GC(643)   Post Evacuate Collection Set: 0.40ms
[265.219s][info][gc,phases      ] GC(643)   Other: 0.10ms
[265.219s][info][gc,heap        ] GC(643) Eden regions: 211->0(227)
[265.219s][info][gc,heap        ] GC(643) Survivor regions: 1->1(27)
[265.219s][info][gc,heap        ] GC(643) Old regions: 706->690
[265.219s][info][gc,heap        ] GC(643) Humongous regions: 9->9
[265.219s][info][gc,metaspace   ] GC(643) Metaspace: 18760K(18944K)->18760K(18944K) NonClass: 16095K(16192K)->16095K(16192K) Class: 2665K(2752K)->2665K(2752K)
[265.219s][info][gc             ] GC(643) Pause Young (Mixed) (G1 Evacuation Pause) 926M->698M(978M) 2.996ms
[265.219s][info][gc,cpu         ] GC(643) User=0.01s Sys=0.00s Real=0.00s
[265.416s][info][gc,start       ] GC(644) Pause Young (Concurrent Start) (G1 Humongous Allocation)
[265.416s][info][gc,task        ] GC(644) Using 2 workers of 2 for evacuation
[265.442s][info][gc,phases      ] GC(644)   Pre Evacuate Collection Set: 0.38ms
[265.442s][info][gc,phases      ] GC(644)   Merge Heap Roots: 0.33ms
[265.442s][info][gc,phases      ] GC(644)   Evacuate Collection Set: 24.16ms
[265.442s][info][gc,phases      ] GC(644)   Post Evacuate Collection Set: 0.51ms
[265.442s][info][gc,phases      ] GC(644)   Other: 0.24ms
[265.442s][info][gc,heap        ] GC(644) Eden regions: 168->0(209)
[265.442s][info][gc,heap        ] GC(644) Survivor regions: 1->10(29)
[265.442s][info][gc,heap        ] GC(644) Old regions: 690->690
[265.442s][info][gc,heap        ] GC(644) Humongous regions: 9->9
[265.442s][info][gc,metaspace   ] GC(644) Metaspace: 18760K(18944K)->18760K(18944K) NonClass: 16095K(16192K)->16095K(16192K) Class: 2665K(2752K)->2665K(2752K)
[265.442s][info][gc             ] GC(644) Pause Young (Concurrent Start) (G1 Humongous Allocation) 866M->707M(978M) 25.899ms
[265.442s][info][gc,cpu         ] GC(644) User=0.05s Sys=0.00s Real=0.03s
[265.442s][info][gc             ] GC(645) Concurrent Mark Cycle
[265.442s][info][gc,marking     ] GC(645) Concurrent Scan Root Regions
[265.474s][info][gc,marking     ] GC(645) Concurrent Scan Root Regions 31.697ms
[265.474s][info][gc,marking     ] GC(645) Concurrent Mark
[265.474s][info][gc,marking     ] GC(645) Concurrent Mark From Roots
[265.474s][info][gc,task        ] GC(645) Using 1 workers of 1 for marking
[265.940s][info][gc,marking     ] GC(645) Concurrent Mark From Roots 466.220ms
[265.940s][info][gc,marking     ] GC(645) Concurrent Preclean
[265.940s][info][gc,marking     ] GC(645) Concurrent Preclean 0.036ms
[265.940s][info][gc,start       ] GC(645) Pause Remark
[265.948s][info][gc             ] GC(645) Pause Remark 868M->536M(978M) 7.615ms
[265.948s][info][gc,cpu         ] GC(645) User=0.02s Sys=0.00s Real=0.01s
[265.948s][info][gc,marking     ] GC(645) Concurrent Mark 474.174ms
[265.948s][info][gc,marking     ] GC(645) Concurrent Rebuild Remembered Sets and Scrub Regions
[266.068s][info][gc,start       ] GC(646) Pause Young (Normal) (G1 Evacuation Pause)
[266.069s][info][gc,task        ] GC(646) Using 2 workers of 2 for evacuation
[266.105s][info][gc,phases      ] GC(646)   Pre Evacuate Collection Set: 0.26ms
[266.105s][info][gc,phases      ] GC(646)   Merge Heap Roots: 0.45ms
[266.105s][info][gc,phases      ] GC(646)   Evacuate Collection Set: 35.50ms
[266.105s][info][gc,phases      ] GC(646)   Post Evacuate Collection Set: 0.52ms
[266.105s][info][gc,phases      ] GC(646)   Other: 0.08ms
[266.105s][info][gc,heap        ] GC(646) Eden regions: 209->0(511)
[266.105s][info][gc,heap        ] GC(646) Survivor regions: 10->19(28)
[266.105s][info][gc,heap        ] GC(646) Old regions: 365->365
[266.105s][info][gc,heap        ] GC(646) Humongous regions: 5->5
[266.105s][info][gc,metaspace   ] GC(646) Metaspace: 18760K(18944K)->18760K(18944K) NonClass: 16095K(16192K)->16095K(16192K) Class: 2665K(2752K)->2665K(2752K)
[266.105s][info][gc             ] GC(646) Pause Young (Normal) (G1 Evacuation Pause) 587M->388M(978M) 37.021ms
[266.106s][info][gc,cpu         ] GC(646) User=0.07s Sys=0.00s Real=0.04s
[266.136s][info][gc,marking     ] GC(645) Concurrent Rebuild Remembered Sets and Scrub Regions 187.520ms
[266.136s][info][gc,start       ] GC(645) Pause Cleanup
[266.136s][info][gc             ] GC(645) Pause Cleanup 403M->403M(978M) 0.151ms
[266.136s][info][gc,cpu         ] GC(645) User=0.00s Sys=0.00s Real=0.00s
[266.137s][info][gc,marking     ] GC(645) Concurrent Clear Claimed Marks
[266.137s][info][gc,marking     ] GC(645) Concurrent Clear Claimed Marks 0.037ms
[266.137s][info][gc,marking     ] GC(645) Concurrent Cleanup for Next Mark
[266.145s][info][gc,marking     ] GC(645) Concurrent Cleanup for Next Mark 7.380ms
[266.145s][info][gc             ] GC(645) Concurrent Mark Cycle 702.676ms
[266.641s][info][gc,start       ] GC(647) Pause Young (Prepare Mixed) (G1 Evacuation Pause)
[266.641s][info][gc,task        ] GC(647) Using 2 workers of 2 for evacuation
[266.717s][info][gc,phases      ] GC(647)   Pre Evacuate Collection Set: 0.31ms
[266.717s][info][gc,phases      ] GC(647)   Merge Heap Roots: 0.55ms
[266.717s][info][gc,phases      ] GC(647)   Evacuate Collection Set: 74.30ms
[266.717s][info][gc,phases      ] GC(647)   Post Evacuate Collection Set: 0.86ms
[266.717s][info][gc,phases      ] GC(647)   Other: 0.10ms
[266.717s][info][gc,heap        ] GC(647) Eden regions: 511->0(448)
[266.717s][info][gc,heap        ] GC(647) Survivor regions: 19->55(67)
[266.718s][info][gc,heap        ] GC(647) Old regions: 365->365
[266.718s][info][gc,heap        ] GC(647) Humongous regions: 5->5
[266.718s][info][gc,metaspace   ] GC(647) Metaspace: 18760K(18944K)->18760K(18944K) NonClass: 16095K(16192K)->16095K(16192K) Class: 2665K(2752K)->2665K(2752K)
[266.718s][info][gc             ] GC(647) Pause Young (Prepare Mixed) (G1 Evacuation Pause) 899M->423M(978M) 76.389ms
[266.718s][info][gc,cpu         ] GC(647) User=0.15s Sys=0.00s Real=0.07s
[267.160s][info][gc,start       ] GC(648) Pause Young (Mixed) (G1 Evacuation Pause)
[267.160s][info][gc,task        ] GC(648) Using 2 workers of 2 for evacuation
[267.252s][info][gc,phases      ] GC(648)   Pre Evacuate Collection Set: 0.36ms
[267.252s][info][gc,phases      ] GC(648)   Merge Heap Roots: 0.53ms
[267.252s][info][gc,phases      ] GC(648)   Evacuate Collection Set: 89.57ms
[267.252s][info][gc,phases      ] GC(648)   Post Evacuate Collection Set: 0.98ms
[267.252s][info][gc,phases      ] GC(648)   Other: 0.15ms
[267.252s][info][gc,heap        ] GC(648) Eden regions: 448->0(537)
[267.252s][info][gc,heap        ] GC(648) Survivor regions: 55->20(63)
[267.252s][info][gc,heap        ] GC(648) Old regions: 365->321
[267.252s][info][gc,heap        ] GC(648) Humongous regions: 5->5
[267.252s][info][gc,metaspace   ] GC(648) Metaspace: 18760K(18944K)->18760K(18944K) NonClass: 16095K(16192K)->16095K(16192K) Class: 2665K(2752K)->2665K(2752K)
[267.252s][info][gc             ] GC(648) Pause Young (Mixed) (G1 Evacuation Pause) 871M->345M(978M) 91.832ms
[267.252s][info][gc,cpu         ] GC(648) User=0.18s Sys=0.00s Real=0.10s
[267.955s][info][gc,start       ] GC(649) Pause Young (Mixed) (G1 Evacuation Pause)
[267.955s][info][gc,task        ] GC(649) Using 2 workers of 2 for evacuation
[268.064s][info][gc,phases      ] GC(649)   Pre Evacuate Collection Set: 0.53ms
[268.064s][info][gc,phases      ] GC(649)   Merge Heap Roots: 0.85ms
[268.064s][info][gc,phases      ] GC(649)   Evacuate Collection Set: 106.74ms
[268.064s][info][gc,phases      ] GC(649)   Post Evacuate Collection Set: 0.76ms
[268.064s][info][gc,phases      ] GC(649)   Other: 0.13ms
[268.064s][info][gc,heap        ] GC(649) Eden regions: 537->0(498)
[268.064s][info][gc,heap        ] GC(649) Survivor regions: 20->68(70)
[268.064s][info][gc,heap        ] GC(649) Old regions: 321->289
[268.064s][info][gc,heap        ] GC(649) Humongous regions: 5->5
[268.064s][info][gc,metaspace   ] GC(649) Metaspace: 18760K(18944K)->18760K(18944K) NonClass: 16095K(16192K)->16095K(16192K) Class: 2665K(2752K)->2665K(2752K)
[268.064s][info][gc             ] GC(649) Pause Young (Mixed) (G1 Evacuation Pause) 882M->360M(978M) 109.262ms
[268.064s][info][gc,cpu         ] GC(649) User=0.22s Sys=0.00s Real=0.11s
[268.592s][info][gc,start       ] GC(650) Pause Young (Concurrent Start) (G1 Evacuation Pause)
[268.592s][info][gc,task        ] GC(650) Using 2 workers of 2 for evacuation
[268.675s][info][gc,phases      ] GC(650)   Pre Evacuate Collection Set: 0.32ms
[268.675s][info][gc,phases      ] GC(650)   Merge Heap Roots: 0.31ms
[268.675s][info][gc,phases      ] GC(650)   Evacuate Collection Set: 81.13ms
[268.675s][info][gc,phases      ] GC(650)   Post Evacuate Collection Set: 0.69ms
[268.675s][info][gc,phases      ] GC(650)   Other: 0.11ms
[268.675s][info][gc,heap        ] GC(650) Eden regions: 498->0(498)
[268.675s][info][gc,heap        ] GC(650) Survivor regions: 68->17(71)
[268.675s][info][gc,heap        ] GC(650) Old regions: 289->357
[268.675s][info][gc,heap        ] GC(650) Humongous regions: 5->5
[268.675s][info][gc,metaspace   ] GC(650) Metaspace: 18760K(18944K)->18760K(18944K) NonClass: 16095K(16192K)->16095K(16192K) Class: 2665K(2752K)->2665K(2752K)
[268.675s][info][gc             ] GC(650) Pause Young (Concurrent Start) (G1 Evacuation Pause) 858M->377M(978M) 82.775ms
[268.675s][info][gc,cpu         ] GC(650) User=0.17s Sys=0.00s Real=0.08s
[268.675s][info][gc             ] GC(651) Concurrent Mark Cycle
[268.675s][info][gc,marking     ] GC(651) Concurrent Scan Root Regions
[268.833s][info][gc,marking     ] GC(651) Concurrent Scan Root Regions 158.195ms
[268.833s][info][gc,marking     ] GC(651) Concurrent Mark
[268.833s][info][gc,marking     ] GC(651) Concurrent Mark From Roots
[268.833s][info][gc,task        ] GC(651) Using 1 workers of 1 for marking
[269.559s][info][gc,marking     ] GC(651) Concurrent Mark From Roots 726.016ms
[269.559s][info][gc,marking     ] GC(651) Concurrent Preclean
[269.559s][info][gc,marking     ] GC(651) Concurrent Preclean 0.034ms
[269.559s][info][gc,start       ] GC(651) Pause Remark
[269.567s][info][gc             ] GC(651) Pause Remark 661M->660M(978M) 7.297ms
[269.567s][info][gc,cpu         ] GC(651) User=0.01s Sys=0.00s Real=0.01s
[269.568s][info][gc,marking     ] GC(651) Concurrent Mark 734.961ms
[269.568s][info][gc,marking     ] GC(651) Concurrent Rebuild Remembered Sets and Scrub Regions
[269.962s][info][gc,marking     ] GC(651) Concurrent Rebuild Remembered Sets and Scrub Regions 393.827ms
[269.962s][info][gc,start       ] GC(651) Pause Cleanup
[269.962s][info][gc             ] GC(651) Pause Cleanup 802M->802M(978M) 0.113ms
[269.962s][info][gc,cpu         ] GC(651) User=0.00s Sys=0.00s Real=0.00s
[269.962s][info][gc,marking     ] GC(651) Concurrent Clear Claimed Marks
[269.962s][info][gc,marking     ] GC(651) Concurrent Clear Claimed Marks 0.035ms
[269.962s][info][gc,marking     ] GC(651) Concurrent Cleanup for Next Mark
[269.966s][info][gc,marking     ] GC(651) Concurrent Cleanup for Next Mark 3.806ms
[269.966s][info][gc             ] GC(651) Concurrent Mark Cycle 1291.411ms
[270.153s][info][gc,start       ] GC(652) Pause Young (Prepare Mixed) (G1 Evacuation Pause)
[270.153s][info][gc,task        ] GC(652) Using 2 workers of 2 for evacuation
[270.179s][info][gc,phases      ] GC(652)   Pre Evacuate Collection Set: 0.50ms
[270.179s][info][gc,phases      ] GC(652)   Merge Heap Roots: 0.34ms
[270.179s][info][gc,phases      ] GC(652)   Evacuate Collection Set: 24.59ms
[270.179s][info][gc,phases      ] GC(652)   Post Evacuate Collection Set: 0.67ms
[270.179s][info][gc,phases      ] GC(652)   Other: 0.08ms
[270.179s][info][gc,heap        ] GC(652) Eden regions: 498->0(508)
[270.179s][info][gc,heap        ] GC(652) Survivor regions: 17->22(65)
[270.179s][info][gc,heap        ] GC(652) Old regions: 357->357
[270.179s][info][gc,heap        ] GC(652) Humongous regions: 4->4
[270.179s][info][gc,metaspace   ] GC(652) Metaspace: 18761K(18944K)->18761K(18944K) NonClass: 16096K(16192K)->16096K(16192K) Class: 2665K(2752K)->2665K(2752K)
[270.179s][info][gc             ] GC(652) Pause Young (Prepare Mixed) (G1 Evacuation Pause) 874M->382M(978M) 26.385ms
[270.179s][info][gc,cpu         ] GC(652) User=0.05s Sys=0.00s Real=0.02s
[270.755s][info][gc,start       ] GC(653) Pause Young (Mixed) (G1 Evacuation Pause)
[270.755s][info][gc,task        ] GC(653) Using 2 workers of 2 for evacuation
[270.932s][info][gc,phases      ] GC(653)   Pre Evacuate Collection Set: 0.50ms
[270.932s][info][gc,phases      ] GC(653)   Merge Heap Roots: 0.55ms
[270.932s][info][gc,phases      ] GC(653)   Evacuate Collection Set: 153.87ms
[270.932s][info][gc,phases      ] GC(653)   Post Evacuate Collection Set: 21.80ms
[270.932s][info][gc,phases      ] GC(653)   Other: 0.10ms
[270.932s][info][gc,heap        ] GC(653) Eden regions: 508->0(170)
[270.932s][info][gc,heap        ] GC(653) Survivor regions: 22->67(67)
[270.932s][info][gc,heap        ] GC(653) Old regions: 357->620
[270.932s][info][gc,heap        ] GC(653) Humongous regions: 4->4
[270.932s][info][gc,metaspace   ] GC(653) Metaspace: 18761K(18944K)->18761K(18944K) NonClass: 16096K(16192K)->16096K(16192K) Class: 2665K(2752K)->2665K(2752K)
[270.932s][info][gc             ] GC(653) Pause Young (Mixed) (G1 Evacuation Pause) (Evacuation Failure: Allocation) 890M->690M(978M) 177.051ms
[270.932s][info][gc,cpu         ] GC(653) User=0.35s Sys=0.00s Real=0.18s
[271.199s][info][gc,start       ] GC(654) Pause Young (Concurrent Start) (G1 Evacuation Pause)
[271.199s][info][gc,task        ] GC(654) Using 2 workers of 2 for evacuation
[271.385s][info][gc,phases      ] GC(654)   Pre Evacuate Collection Set: 0.49ms
[271.385s][info][gc,phases      ] GC(654)   Merge Heap Roots: 1.29ms
[271.385s][info][gc,phases      ] GC(654)   Evacuate Collection Set: 167.73ms
[271.385s][info][gc,phases      ] GC(654)   Post Evacuate Collection Set: 16.59ms
[271.385s][info][gc,phases      ] GC(654)   Other: 0.21ms
[271.385s][info][gc,heap        ] GC(654) Eden regions: 170->0(121)
[271.385s][info][gc,heap        ] GC(654) Survivor regions: 67->26(30)
[271.385s][info][gc,heap        ] GC(654) Old regions: 620->751
[271.385s][info][gc,heap        ] GC(654) Humongous regions: 4->4
[271.385s][info][gc,metaspace   ] GC(654) Metaspace: 18761K(18944K)->18761K(18944K) NonClass: 16096K(16192K)->16096K(16192K) Class: 2665K(2752K)->2665K(2752K)
[271.385s][info][gc             ] GC(654) Pause Young (Concurrent Start) (G1 Evacuation Pause) (Evacuation Failure: Allocation) 860M->780M(978M) 186.574ms
[271.385s][info][gc,cpu         ] GC(654) User=0.37s Sys=0.00s Real=0.19s
[271.385s][info][gc             ] GC(655) Concurrent Mark Cycle
[271.385s][info][gc,marking     ] GC(655) Concurrent Scan Root Regions
[271.629s][info][gc,marking     ] GC(655) Concurrent Scan Root Regions 244.245ms
[271.629s][info][gc,marking     ] GC(655) Concurrent Mark
[271.630s][info][gc,marking     ] GC(655) Concurrent Mark From Roots
[271.630s][info][gc,task        ] GC(655) Using 1 workers of 1 for marking
[271.789s][info][gc,start       ] GC(656) Pause Young (Normal) (G1 Evacuation Pause)
[271.790s][info][gc,task        ] GC(656) Using 2 workers of 2 for evacuation
[271.881s][info][gc,phases      ] GC(656)   Pre Evacuate Collection Set: 0.38ms
[271.881s][info][gc,phases      ] GC(656)   Merge Heap Roots: 0.70ms
[271.881s][info][gc,phases      ] GC(656)   Evacuate Collection Set: 86.96ms
[271.881s][info][gc,phases      ] GC(656)   Post Evacuate Collection Set: 2.91ms
[271.881s][info][gc,phases      ] GC(656)   Other: 0.09ms
[271.881s][info][gc,heap        ] GC(656) Eden regions: 121->0(215)
[271.881s][info][gc,heap        ] GC(656) Survivor regions: 26->10(19)
[271.881s][info][gc,heap        ] GC(656) Old regions: 751->662
[271.881s][info][gc,heap        ] GC(656) Humongous regions: 7->7
[271.881s][info][gc,metaspace   ] GC(656) Metaspace: 18764K(18944K)->18764K(18944K) NonClass: 16099K(16192K)->16099K(16192K) Class: 2665K(2752K)->2665K(2752K)
[271.881s][info][gc             ] GC(656) Pause Young (Normal) (G1 Evacuation Pause) (Evacuation Failure: Allocation) 904M->678M(978M) 91.263ms
[271.881s][info][gc,cpu         ] GC(656) User=0.18s Sys=0.00s Real=0.09s
[272.338s][info][gc,start       ] GC(657) Pause Young (Normal) (G1 Evacuation Pause)
[272.338s][info][gc,task        ] GC(657) Using 2 workers of 2 for evacuation
[272.434s][info][gc,phases      ] GC(657)   Pre Evacuate Collection Set: 0.34ms
[272.434s][info][gc,phases      ] GC(657)   Merge Heap Roots: 0.96ms
[272.434s][info][gc,phases      ] GC(657)   Evacuate Collection Set: 93.42ms
[272.434s][info][gc,phases      ] GC(657)   Post Evacuate Collection Set: 0.89ms
[272.434s][info][gc,phases      ] GC(657)   Other: 0.09ms
[272.434s][info][gc,heap        ] GC(657) Eden regions: 215->0(250)
[272.434s][info][gc,heap        ] GC(657) Survivor regions: 10->27(29)
[272.434s][info][gc,heap        ] GC(657) Old regions: 662->583
[272.434s][info][gc,heap        ] GC(657) Humongous regions: 10->10
[272.434s][info][gc,metaspace   ] GC(657) Metaspace: 18764K(18944K)->18764K(18944K) NonClass: 16099K(16192K)->16099K(16192K) Class: 2665K(2752K)->2665K(2752K)
[272.434s][info][gc             ] GC(657) Pause Young (Normal) (G1 Evacuation Pause) 896M->619M(978M) 95.941ms
[272.434s][info][gc,cpu         ] GC(657) User=0.19s Sys=0.00s Real=0.10s
[272.906s][info][gc,marking     ] GC(655) Concurrent Mark From Roots 1276.724ms
[272.906s][info][gc,marking     ] GC(655) Concurrent Preclean
[272.906s][info][gc,marking     ] GC(655) Concurrent Preclean 0.046ms
[272.906s][info][gc,start       ] GC(655) Pause Remark
[272.915s][info][gc             ] GC(655) Pause Remark 774M->773M(978M) 8.529ms
[272.915s][info][gc,cpu         ] GC(655) User=0.01s Sys=0.00s Real=0.01s
[272.916s][info][gc,marking     ] GC(655) Concurrent Mark 1286.360ms
[272.916s][info][gc,marking     ] GC(655) Concurrent Rebuild Remembered Sets and Scrub Regions
[273.105s][info][gc,start       ] GC(658) Pause Young (Normal) (G1 Evacuation Pause)
[273.105s][info][gc,task        ] GC(658) Using 2 workers of 2 for evacuation
[273.199s][info][gc,phases      ] GC(658)   Pre Evacuate Collection Set: 0.50ms
[273.199s][info][gc,phases      ] GC(658)   Merge Heap Roots: 1.04ms
[273.199s][info][gc,phases      ] GC(658)   Evacuate Collection Set: 91.47ms
[273.199s][info][gc,phases      ] GC(658)   Post Evacuate Collection Set: 0.81ms
[273.199s][info][gc,phases      ] GC(658)   Other: 0.10ms
[273.199s][info][gc,heap        ] GC(658) Eden regions: 250->0(259)
[273.199s][info][gc,heap        ] GC(658) Survivor regions: 27->30(35)
[273.199s][info][gc,heap        ] GC(658) Old regions: 582->576
[273.199s][info][gc,heap        ] GC(658) Humongous regions: 13->13
[273.199s][info][gc,metaspace   ] GC(658) Metaspace: 18764K(18944K)->18764K(18944K) NonClass: 16099K(16192K)->16099K(16192K) Class: 2665K(2752K)->2665K(2752K)
[273.199s][info][gc             ] GC(658) Pause Young (Normal) (G1 Evacuation Pause) 871M->618M(978M) 94.139ms
[273.199s][info][gc,cpu         ] GC(658) User=0.18s Sys=0.00s Real=0.09s
[273.597s][info][gc,marking     ] GC(655) Concurrent Rebuild Remembered Sets and Scrub Regions 681.125ms
[273.597s][info][gc,start       ] GC(655) Pause Cleanup
[273.597s][info][gc             ] GC(655) Pause Cleanup 788M->788M(978M) 0.086ms
[273.597s][info][gc,cpu         ] GC(655) User=0.00s Sys=0.00s Real=0.00s
[273.597s][info][gc,marking     ] GC(655) Concurrent Clear Claimed Marks
[273.597s][info][gc,marking     ] GC(655) Concurrent Clear Claimed Marks 0.027ms
[273.597s][info][gc,marking     ] GC(655) Concurrent Cleanup for Next Mark
[273.600s][info][gc,marking     ] GC(655) Concurrent Cleanup for Next Mark 2.887ms
[273.600s][info][gc             ] GC(655) Concurrent Mark Cycle 2215.134ms
[273.736s][info][gc,start       ] GC(659) Pause Young (Prepare Mixed) (G1 Evacuation Pause)
[273.736s][info][gc,task        ] GC(659) Using 2 workers of 2 for evacuation
[273.799s][info][gc,phases      ] GC(659)   Pre Evacuate Collection Set: 0.26ms
[273.799s][info][gc,phases      ] GC(659)   Merge Heap Roots: 0.81ms
[273.799s][info][gc,phases      ] GC(659)   Evacuate Collection Set: 61.35ms
[273.799s][info][gc,phases      ] GC(659)   Post Evacuate Collection Set: 0.58ms
[273.799s][info][gc,phases      ] GC(659)   Other: 0.09ms
[273.799s][info][gc,heap        ] GC(659) Eden regions: 259->0(272)
[273.799s][info][gc,heap        ] GC(659) Survivor regions: 30->13(37)
[273.799s][info][gc,heap        ] GC(659) Old regions: 576->593
[273.799s][info][gc,heap        ] GC(659) Humongous regions: 13->13
[273.799s][info][gc,metaspace   ] GC(659) Metaspace: 18764K(18944K)->18764K(18944K) NonClass: 16099K(16192K)->16099K(16192K) Class: 2665K(2752K)->2665K(2752K)
[273.799s][info][gc             ] GC(659) Pause Young (Prepare Mixed) (G1 Evacuation Pause) 877M->618M(978M) 63.335ms
[273.799s][info][gc,cpu         ] GC(659) User=0.12s Sys=0.00s Real=0.06s
[274.202s][info][gc,start       ] GC(660) Pause Young (Mixed) (G1 Evacuation Pause)
[274.203s][info][gc,task        ] GC(660) Using 2 workers of 2 for evacuation
[274.267s][info][gc,phases      ] GC(660)   Pre Evacuate Collection Set: 0.31ms
[274.267s][info][gc,phases      ] GC(660)   Merge Heap Roots: 1.26ms
[274.267s][info][gc,phases      ] GC(660)   Evacuate Collection Set: 62.44ms
[274.267s][info][gc,phases      ] GC(660)   Post Evacuate Collection Set: 0.50ms
[274.267s][info][gc,phases      ] GC(660)   Other: 0.08ms
[274.267s][info][gc,heap        ] GC(660) Eden regions: 272->0(287)
[274.267s][info][gc,heap        ] GC(660) Survivor regions: 13->13(36)
[274.267s][info][gc,heap        ] GC(660) Old regions: 593->586
[274.267s][info][gc,heap        ] GC(660) Humongous regions: 13->13
[274.267s][info][gc,metaspace   ] GC(660) Metaspace: 18764K(18944K)->18764K(18944K) NonClass: 16099K(16192K)->16099K(16192K) Class: 2665K(2752K)->2665K(2752K)
[274.267s][info][gc             ] GC(660) Pause Young (Mixed) (G1 Evacuation Pause) 890M->611M(978M) 64.864ms
[274.267s][info][gc,cpu         ] GC(660) User=0.12s Sys=0.00s Real=0.06s
[274.610s][info][gc,start       ] GC(661) Pause Young (Concurrent Start) (G1 Evacuation Pause)
[274.610s][info][gc,task        ] GC(661) Using 2 workers of 2 for evacuation
[274.662s][info][gc,phases      ] GC(661)   Pre Evacuate Collection Set: 0.32ms
[274.662s][info][gc,phases      ] GC(661)   Merge Heap Roots: 0.22ms
[274.662s][info][gc,phases      ] GC(661)   Evacuate Collection Set: 50.92ms
[274.662s][info][gc,phases      ] GC(661)   Post Evacuate Collection Set: 0.56ms
[274.662s][info][gc,phases      ] GC(661)   Other: 0.10ms
[274.662s][info][gc,heap        ] GC(661) Eden regions: 287->0(253)
[274.662s][info][gc,heap        ] GC(661) Survivor regions: 13->38(38)
[274.662s][info][gc,heap        ] GC(661) Old regions: 586->586
[274.662s][info][gc,heap        ] GC(661) Humongous regions: 13->13
[274.662s][info][gc,metaspace   ] GC(661) Metaspace: 18764K(18944K)->18764K(18944K) NonClass: 16099K(16192K)->16099K(16192K) Class: 2665K(2752K)->2665K(2752K)
[274.662s][info][gc             ] GC(661) Pause Young (Concurrent Start) (G1 Evacuation Pause) 898M->636M(978M) 52.324ms
[274.662s][info][gc             ] GC(662) Concurrent Mark Cycle
[274.662s][info][gc,marking     ] GC(662) Concurrent Scan Root Regions
[274.664s][info][gc,cpu         ] GC(661) User=0.10s Sys=0.00s Real=0.06s
[274.759s][info][gc,marking     ] GC(662) Concurrent Scan Root Regions 97.063ms
[274.760s][info][gc,marking     ] GC(662) Concurrent Mark
[274.760s][info][gc,marking     ] GC(662) Concurrent Mark From Roots
[274.760s][info][gc,task        ] GC(662) Using 1 workers of 1 for marking
[275.031s][info][gc,start       ] GC(663) Pause Young (Normal) (G1 Evacuation Pause)
[275.031s][info][gc,task        ] GC(663) Using 2 workers of 2 for evacuation
[275.089s][info][gc,phases      ] GC(663)   Pre Evacuate Collection Set: 0.29ms
[275.089s][info][gc,phases      ] GC(663)   Merge Heap Roots: 0.19ms
[275.089s][info][gc,phases      ] GC(663)   Evacuate Collection Set: 56.61ms
[275.089s][info][gc,phases      ] GC(663)   Post Evacuate Collection Set: 0.50ms
[275.089s][info][gc,phases      ] GC(663)   Other: 0.07ms
[275.089s][info][gc,heap        ] GC(663) Eden regions: 253->0(268)
[275.089s][info][gc,heap        ] GC(663) Survivor regions: 38->7(37)
[275.089s][info][gc,heap        ] GC(663) Old regions: 586->624
[275.089s][info][gc,heap        ] GC(663) Humongous regions: 13->13
[275.089s][info][gc,metaspace   ] GC(663) Metaspace: 18764K(18944K)->18764K(18944K) NonClass: 16099K(16192K)->16099K(16192K) Class: 2665K(2752K)->2665K(2752K)
[275.089s][info][gc             ] GC(663) Pause Young (Normal) (G1 Evacuation Pause) 889M->643M(978M) 57.884ms
[275.089s][info][gc,cpu         ] GC(663) User=0.11s Sys=0.00s Real=0.05s
[275.801s][info][gc,marking     ] GC(662) Concurrent Mark From Roots 1040.969ms
[275.801s][info][gc,marking     ] GC(662) Concurrent Preclean
[275.801s][info][gc,marking     ] GC(662) Concurrent Preclean 0.034ms
[275.801s][info][gc,start       ] GC(662) Pause Remark
[275.808s][info][gc             ] GC(662) Pause Remark 872M->800M(978M) 7.526ms
[275.808s][info][gc,cpu         ] GC(662) User=0.01s Sys=0.00s Real=0.01s
[275.808s][info][gc,marking     ] GC(662) Concurrent Mark 1048.843ms
[275.808s][info][gc,marking     ] GC(662) Concurrent Rebuild Remembered Sets and Scrub Regions
[275.954s][info][gc,start       ] GC(664) Pause Young (Normal) (G1 Evacuation Pause)
[275.955s][info][gc,task        ] GC(664) Using 2 workers of 2 for evacuation
[275.972s][info][gc,phases      ] GC(664)   Pre Evacuate Collection Set: 0.27ms
[275.972s][info][gc,phases      ] GC(664)   Merge Heap Roots: 0.18ms
[275.972s][info][gc,phases      ] GC(664)   Evacuate Collection Set: 16.38ms
[275.972s][info][gc,phases      ] GC(664)   Post Evacuate Collection Set: 0.42ms
[275.972s][info][gc,phases      ] GC(664)   Other: 0.09ms
[275.972s][info][gc,heap        ] GC(664) Eden regions: 268->0(315)
[275.972s][info][gc,heap        ] GC(664) Survivor regions: 7->15(35)
[275.972s][info][gc,heap        ] GC(664) Old regions: 558->558
[275.972s][info][gc,heap        ] GC(664) Humongous regions: 7->7
[275.972s][info][gc,metaspace   ] GC(664) Metaspace: 18764K(18944K)->18764K(18944K) NonClass: 16099K(16192K)->16099K(16192K) Class: 2665K(2752K)->2665K(2752K)
[275.972s][info][gc             ] GC(664) Pause Young (Normal) (G1 Evacuation Pause) 839M->579M(978M) 17.587ms
[275.972s][info][gc,cpu         ] GC(664) User=0.03s Sys=0.00s Real=0.02s
[276.181s][info][gc,marking     ] GC(662) Concurrent Rebuild Remembered Sets and Scrub Regions 372.958ms
[276.182s][info][gc,start       ] GC(662) Pause Cleanup
[276.182s][info][gc             ] GC(662) Pause Cleanup 645M->645M(978M) 0.143ms
[276.182s][info][gc,cpu         ] GC(662) User=0.00s Sys=0.00s Real=0.00s
[276.184s][info][gc,marking     ] GC(662) Concurrent Clear Claimed Marks
[276.184s][info][gc,marking     ] GC(662) Concurrent Clear Claimed Marks 0.048ms
[276.184s][info][gc,marking     ] GC(662) Concurrent Cleanup for Next Mark
[276.187s][info][gc,marking     ] GC(662) Concurrent Cleanup for Next Mark 2.986ms
[276.187s][info][gc             ] GC(662) Concurrent Mark Cycle 1524.613ms
[276.616s][info][gc,start       ] GC(665) Pause Young (Prepare Mixed) (G1 Evacuation Pause)
[276.616s][info][gc,task        ] GC(665) Using 2 workers of 2 for evacuation
[276.646s][info][gc,phases      ] GC(665)   Pre Evacuate Collection Set: 0.52ms
[276.646s][info][gc,phases      ] GC(665)   Merge Heap Roots: 0.23ms
[276.646s][info][gc,phases      ] GC(665)   Evacuate Collection Set: 28.15ms
[276.646s][info][gc,phases      ] GC(665)   Post Evacuate Collection Set: 0.53ms
[276.646s][info][gc,phases      ] GC(665)   Other: 0.10ms
[276.646s][info][gc,heap        ] GC(665) Eden regions: 315->0(309)
[276.646s][info][gc,heap        ] GC(665) Survivor regions: 15->27(42)
[276.646s][info][gc,heap        ] GC(665) Old regions: 558->558
[276.646s][info][gc,heap        ] GC(665) Humongous regions: 7->7
[276.646s][info][gc,metaspace   ] GC(665) Metaspace: 18764K(18944K)->18764K(18944K) NonClass: 16099K(16192K)->16099K(16192K) Class: 2665K(2752K)->2665K(2752K)
[276.646s][info][gc             ] GC(665) Pause Young (Prepare Mixed) (G1 Evacuation Pause) 894M->591M(978M) 29.733ms
[276.646s][info][gc,cpu         ] GC(665) User=0.06s Sys=0.00s Real=0.03s
[276.955s][info][gc,start       ] GC(666) Pause Young (Mixed) (G1 Evacuation Pause)
[276.955s][info][gc,task        ] GC(666) Using 2 workers of 2 for evacuation
[277.062s][info][gc,phases      ] GC(666)   Pre Evacuate Collection Set: 0.29ms
[277.062s][info][gc,phases      ] GC(666)   Merge Heap Roots: 0.80ms
[277.062s][info][gc,phases      ] GC(666)   Evacuate Collection Set: 102.67ms
[277.062s][info][gc,phases      ] GC(666)   Post Evacuate Collection Set: 2.58ms
[277.062s][info][gc,phases      ] GC(666)   Other: 0.09ms
[277.062s][info][gc,heap        ] GC(666) Eden regions: 309->0(297)
[277.062s][info][gc,heap        ] GC(666) Survivor regions: 27->42(42)
[277.062s][info][gc,heap        ] GC(666) Old regions: 558->533
[277.062s][info][gc,heap        ] GC(666) Humongous regions: 7->7
[277.062s][info][gc,metaspace   ] GC(666) Metaspace: 18764K(18944K)->18764K(18944K) NonClass: 16099K(16192K)->16099K(16192K) Class: 2665K(2752K)->2665K(2752K)
[277.062s][info][gc             ] GC(666) Pause Young (Mixed) (G1 Evacuation Pause) (Evacuation Failure: Allocation) 900M->581M(978M) 106.640ms
[277.062s][info][gc,cpu         ] GC(666) User=0.22s Sys=0.00s Real=0.11s
[277.279s][info][gc,start       ] GC(667) Pause Young (Concurrent Start) (G1 Humongous Allocation)
[277.279s][info][gc,task        ] GC(667) Using 2 workers of 2 for evacuation
[277.343s][info][gc,phases      ] GC(667)   Pre Evacuate Collection Set: 0.37ms
[277.343s][info][gc,phases      ] GC(667)   Merge Heap Roots: 0.47ms
[277.343s][info][gc,phases      ] GC(667)   Evacuate Collection Set: 63.00ms
[277.343s][info][gc,phases      ] GC(667)   Post Evacuate Collection Set: 0.57ms
[277.343s][info][gc,phases      ] GC(667)   Other: 0.20ms
[277.343s][info][gc,heap        ] GC(667) Eden regions: 120->0(286)
[277.343s][info][gc,heap        ] GC(667) Survivor regions: 42->31(43)
[277.343s][info][gc,heap        ] GC(667) Old regions: 533->545
[277.343s][info][gc,heap        ] GC(667) Humongous regions: 7->7
[277.343s][info][gc,metaspace   ] GC(667) Metaspace: 18764K(18944K)->18764K(18944K) NonClass: 16099K(16192K)->16099K(16192K) Class: 2665K(2752K)->2665K(2752K)
[277.344s][info][gc             ] GC(667) Pause Young (Concurrent Start) (G1 Humongous Allocation) 701M->582M(978M) 64.875ms
[277.344s][info][gc,cpu         ] GC(667) User=0.12s Sys=0.00s Real=0.07s
[277.344s][info][gc             ] GC(668) Concurrent Mark Cycle
[277.344s][info][gc,marking     ] GC(668) Concurrent Scan Root Regions
[277.424s][info][gc,marking     ] GC(668) Concurrent Scan Root Regions 79.980ms
[277.424s][info][gc,marking     ] GC(668) Concurrent Mark
[277.424s][info][gc,marking     ] GC(668) Concurrent Mark From Roots
[277.424s][info][gc,task        ] GC(668) Using 1 workers of 1 for marking
[278.293s][info][gc,start       ] GC(669) Pause Young (Normal) (G1 Evacuation Pause)
[278.293s][info][gc,task        ] GC(669) Using 2 workers of 2 for evacuation
[278.341s][info][gc,phases      ] GC(669)   Pre Evacuate Collection Set: 0.30ms
[278.341s][info][gc,phases      ] GC(669)   Merge Heap Roots: 0.39ms
[278.341s][info][gc,phases      ] GC(669)   Evacuate Collection Set: 46.75ms
[278.341s][info][gc,phases      ] GC(669)   Post Evacuate Collection Set: 0.59ms
[278.341s][info][gc,phases      ] GC(669)   Other: 0.09ms
[278.341s][info][gc,heap        ] GC(669) Eden regions: 286->0(293)
[278.341s][info][gc,heap        ] GC(669) Survivor regions: 31->15(40)
[278.341s][info][gc,heap        ] GC(669) Old regions: 545->566
[278.341s][info][gc,heap        ] GC(669) Humongous regions: 10->10
[278.341s][info][gc,metaspace   ] GC(669) Metaspace: 18764K(18944K)->18764K(18944K) NonClass: 16099K(16192K)->16099K(16192K) Class: 2665K(2752K)->2665K(2752K)
[278.341s][info][gc             ] GC(669) Pause Young (Normal) (G1 Evacuation Pause) 871M->590M(978M) 48.367ms
[278.341s][info][gc,cpu         ] GC(669) User=0.10s Sys=0.00s Real=0.05s
[278.420s][info][gc,marking     ] GC(668) Concurrent Mark From Roots 996.076ms
[278.420s][info][gc,marking     ] GC(668) Concurrent Preclean
[278.420s][info][gc,marking     ] GC(668) Concurrent Preclean 0.031ms
[278.420s][info][gc,start       ] GC(668) Pause Remark
[278.428s][info][gc             ] GC(668) Pause Remark 607M->460M(978M) 7.609ms
[278.428s][info][gc,cpu         ] GC(668) User=0.01s Sys=0.00s Real=0.01s
[278.429s][info][gc,marking     ] GC(668) Concurrent Mark 1005.009ms
[278.429s][info][gc,marking     ] GC(668) Concurrent Rebuild Remembered Sets and Scrub Regions
[278.739s][info][gc,marking     ] GC(668) Concurrent Rebuild Remembered Sets and Scrub Regions 310.011ms
[278.739s][info][gc,start       ] GC(668) Pause Cleanup
[278.739s][info][gc             ] GC(668) Pause Cleanup 591M->591M(978M) 0.084ms
[278.739s][info][gc,cpu         ] GC(668) User=0.00s Sys=0.00s Real=0.00s
[278.739s][info][gc,marking     ] GC(668) Concurrent Clear Claimed Marks
[278.739s][info][gc,marking     ] GC(668) Concurrent Clear Claimed Marks 0.027ms
[278.739s][info][gc,marking     ] GC(668) Concurrent Cleanup for Next Mark
[278.742s][info][gc,marking     ] GC(668) Concurrent Cleanup for Next Mark 2.805ms
[278.742s][info][gc             ] GC(668) Concurrent Mark Cycle 1398.412ms
[278.957s][info][gc,start       ] GC(670) Pause Young (Prepare Mixed) (G1 Evacuation Pause)
[278.957s][info][gc,task        ] GC(670) Using 2 workers of 2 for evacuation
[278.983s][info][gc,phases      ] GC(670)   Pre Evacuate Collection Set: 0.47ms
[278.983s][info][gc,phases      ] GC(670)   Merge Heap Roots: 0.47ms
[278.983s][info][gc,phases      ] GC(670)   Evacuate Collection Set: 24.35ms
[278.983s][info][gc,phases      ] GC(670)   Post Evacuate Collection Set: 0.59ms
[278.983s][info][gc,phases      ] GC(670)   Other: 0.09ms
[278.983s][info][gc,heap        ] GC(670) Eden regions: 293->0(418)
[278.983s][info][gc,heap        ] GC(670) Survivor regions: 15->15(39)
[278.983s][info][gc,heap        ] GC(670) Old regions: 421->421
[278.983s][info][gc,heap        ] GC(670) Humongous regions: 8->8
[278.983s][info][gc,metaspace   ] GC(670) Metaspace: 18764K(18944K)->18764K(18944K) NonClass: 16099K(16192K)->16099K(16192K) Class: 2665K(2752K)->2665K(2752K)
[278.983s][info][gc             ] GC(670) Pause Young (Prepare Mixed) (G1 Evacuation Pause) 736M->443M(978M) 26.227ms
[278.983s][info][gc,cpu         ] GC(670) User=0.05s Sys=0.00s Real=0.03s
[279.541s][info][gc,start       ] GC(671) Pause Young (Mixed) (G1 Evacuation Pause)
[279.541s][info][gc,task        ] GC(671) Using 2 workers of 2 for evacuation
[279.587s][info][gc,phases      ] GC(671)   Pre Evacuate Collection Set: 0.53ms
[279.587s][info][gc,phases      ] GC(671)   Merge Heap Roots: 0.35ms
[279.587s][info][gc,phases      ] GC(671)   Evacuate Collection Set: 44.07ms
[279.587s][info][gc,phases      ] GC(671)   Post Evacuate Collection Set: 0.70ms
[279.587s][info][gc,phases      ] GC(671)   Other: 0.08ms
[279.587s][info][gc,heap        ] GC(671) Eden regions: 418->0(424)
[279.587s][info][gc,heap        ] GC(671) Survivor regions: 15->31(55)
[279.587s][info][gc,heap        ] GC(671) Old regions: 421->407
[279.587s][info][gc,heap        ] GC(671) Humongous regions: 8->8
[279.587s][info][gc,metaspace   ] GC(671) Metaspace: 18764K(18944K)->18764K(18944K) NonClass: 16099K(16192K)->16099K(16192K) Class: 2665K(2752K)->2665K(2752K)
[279.587s][info][gc             ] GC(671) Pause Young (Mixed) (G1 Evacuation Pause) 861M->444M(978M) 45.946ms
[279.587s][info][gc,cpu         ] GC(671) User=0.09s Sys=0.00s Real=0.05s
[279.962s][info][gc,start       ] GC(672) Pause Young (Concurrent Start) (G1 Evacuation Pause)
[279.962s][info][gc,task        ] GC(672) Using 2 workers of 2 for evacuation
[280.020s][info][gc,phases      ] GC(672)   Pre Evacuate Collection Set: 0.28ms
[280.020s][info][gc,phases      ] GC(672)   Merge Heap Roots: 0.32ms
[280.020s][info][gc,phases      ] GC(672)   Evacuate Collection Set: 56.33ms
[280.020s][info][gc,phases      ] GC(672)   Post Evacuate Collection Set: 0.67ms
[280.020s][info][gc,phases      ] GC(672)   Other: 0.10ms
[280.020s][info][gc,heap        ] GC(672) Eden regions: 424->0(424)
[280.020s][info][gc,heap        ] GC(672) Survivor regions: 31->35(57)
[280.020s][info][gc,heap        ] GC(672) Old regions: 407->416
[280.020s][info][gc,heap        ] GC(672) Humongous regions: 8->8
[280.020s][info][gc,metaspace   ] GC(672) Metaspace: 18764K(18944K)->18764K(18944K) NonClass: 16099K(16192K)->16099K(16192K) Class: 2665K(2752K)->2665K(2752K)
[280.020s][info][gc             ] GC(672) Pause Young (Concurrent Start) (G1 Evacuation Pause) 868M->457M(978M) 57.919ms
[280.020s][info][gc,cpu         ] GC(672) User=0.12s Sys=0.00s Real=0.05s
[280.020s][info][gc             ] GC(673) Concurrent Mark Cycle
[280.020s][info][gc,marking     ] GC(673) Concurrent Scan Root Regions
[280.110s][info][gc,marking     ] GC(673) Concurrent Scan Root Regions 89.572ms
[280.110s][info][gc,marking     ] GC(673) Concurrent Mark
[280.110s][info][gc,marking     ] GC(673) Concurrent Mark From Roots
[280.110s][info][gc,task        ] GC(673) Using 1 workers of 1 for marking
[280.770s][info][gc,marking     ] GC(673) Concurrent Mark From Roots 660.404ms
[280.770s][info][gc,marking     ] GC(673) Concurrent Preclean
[280.771s][info][gc,marking     ] GC(673) Concurrent Preclean 0.039ms
[280.771s][info][gc,start       ] GC(673) Pause Remark
[280.778s][info][gc             ] GC(673) Pause Remark 690M->618M(978M) 7.666ms
[280.778s][info][gc,cpu         ] GC(673) User=0.01s Sys=0.00s Real=0.01s
[280.780s][info][gc,marking     ] GC(673) Concurrent Mark 669.672ms
[280.780s][info][gc,marking     ] GC(673) Concurrent Rebuild Remembered Sets and Scrub Regions
[281.014s][info][gc,marking     ] GC(673) Concurrent Rebuild Remembered Sets and Scrub Regions 233.910ms
[281.014s][info][gc,start       ] GC(673) Pause Cleanup
[281.014s][info][gc             ] GC(673) Pause Cleanup 700M->700M(978M) 0.183ms
[281.014s][info][gc,cpu         ] GC(673) User=0.00s Sys=0.00s Real=0.00s
[281.014s][info][gc,marking     ] GC(673) Concurrent Clear Claimed Marks
[281.014s][info][gc,marking     ] GC(673) Concurrent Clear Claimed Marks 0.034ms
[281.014s][info][gc,marking     ] GC(673) Concurrent Cleanup for Next Mark
[281.017s][info][gc,marking     ] GC(673) Concurrent Cleanup for Next Mark 2.874ms
[281.017s][info][gc             ] GC(673) Concurrent Mark Cycle 996.673ms
[281.206s][info][gc,start       ] GC(674) Pause Young (Prepare Mixed) (G1 Evacuation Pause)
[281.206s][info][gc,task        ] GC(674) Using 2 workers of 2 for evacuation
[281.262s][info][gc,phases      ] GC(674)   Pre Evacuate Collection Set: 0.52ms
[281.262s][info][gc,phases      ] GC(674)   Merge Heap Roots: 0.45ms
[281.262s][info][gc,phases      ] GC(674)   Evacuate Collection Set: 54.26ms
[281.262s][info][gc,phases      ] GC(674)   Post Evacuate Collection Set: 0.69ms
[281.262s][info][gc,phases      ] GC(674)   Other: 0.11ms
[281.262s][info][gc,heap        ] GC(674) Eden regions: 424->0(483)
[281.262s][info][gc,heap        ] GC(674) Survivor regions: 35->40(58)
[281.262s][info][gc,heap        ] GC(674) Old regions: 347->353
[281.262s][info][gc,heap        ] GC(674) Humongous regions: 5->5
[281.262s][info][gc,metaspace   ] GC(674) Metaspace: 18764K(18944K)->18764K(18944K) NonClass: 16099K(16192K)->16099K(16192K) Class: 2665K(2752K)->2665K(2752K)
[281.262s][info][gc             ] GC(674) Pause Young (Prepare Mixed) (G1 Evacuation Pause) 809M->397M(978M) 56.262ms
[281.262s][info][gc,cpu         ] GC(674) User=0.12s Sys=0.00s Real=0.06s
[281.681s][info][gc,start       ] GC(675) Pause Young (Mixed) (G1 Evacuation Pause)
[281.681s][info][gc,task        ] GC(675) Using 2 workers of 2 for evacuation
[281.936s][info][gc,mmu         ] GC(675) MMU target violated: 201.0ms (200.0ms/201.0ms)
[281.936s][info][gc,phases      ] GC(675)   Pre Evacuate Collection Set: 0.50ms
[281.936s][info][gc,phases      ] GC(675)   Merge Heap Roots: 0.85ms
[281.936s][info][gc,phases      ] GC(675)   Evacuate Collection Set: 221.88ms
[281.936s][info][gc,phases      ] GC(675)   Post Evacuate Collection Set: 31.26ms
[281.936s][info][gc,phases      ] GC(675)   Other: 0.20ms
[281.936s][info][gc,heap        ] GC(675) Eden regions: 483->0(58)
[281.936s][info][gc,heap        ] GC(675) Survivor regions: 40->66(66)
[281.936s][info][gc,heap        ] GC(675) Old regions: 353->733
[281.936s][info][gc,heap        ] GC(675) Humongous regions: 5->5
[281.936s][info][gc,metaspace   ] GC(675) Metaspace: 18764K(18944K)->18764K(18944K) NonClass: 16099K(16192K)->16099K(16192K) Class: 2665K(2752K)->2665K(2752K)
[281.936s][info][gc             ] GC(675) Pause Young (Mixed) (G1 Evacuation Pause) (Evacuation Failure: Allocation) 880M->803M(978M) 254.851ms
[281.936s][info][gc,cpu         ] GC(675) User=0.50s Sys=0.00s Real=0.25s
[282.024s][info][gc,start       ] GC(676) Pause Young (Mixed) (G1 Evacuation Pause)
[282.024s][info][gc,task        ] GC(676) Using 2 workers of 2 for evacuation
[282.160s][info][gc,phases      ] GC(676)   Pre Evacuate Collection Set: 0.34ms
[282.160s][info][gc,phases      ] GC(676)   Merge Heap Roots: 1.21ms
[282.160s][info][gc,phases      ] GC(676)   Evacuate Collection Set: 129.51ms
[282.160s][info][gc,phases      ] GC(676)   Merge Optional Heap Roots: 0.06ms
[282.160s][info][gc,phases      ] GC(676)   Evacuate Optional Collection Set: 3.71ms
[282.160s][info][gc,phases      ] GC(676)   Post Evacuate Collection Set: 1.55ms
[282.160s][info][gc,phases      ] GC(676)   Other: 0.11ms
[282.160s][info][gc,heap        ] GC(676) Eden regions: 58->0(308)
[282.160s][info][gc,heap        ] GC(676) Survivor regions: 66->11(16)
[282.161s][info][gc,heap        ] GC(676) Old regions: 733->580
[282.161s][info][gc,heap        ] GC(676) Humongous regions: 5->5
[282.161s][info][gc,metaspace   ] GC(676) Metaspace: 18764K(18944K)->18764K(18944K) NonClass: 16099K(16192K)->16099K(16192K) Class: 2665K(2752K)->2665K(2752K)
[282.161s][info][gc             ] GC(676) Pause Young (Mixed) (G1 Evacuation Pause) 861M->595M(978M) 136.720ms
[282.161s][info][gc,cpu         ] GC(676) User=0.27s Sys=0.00s Real=0.13s
[282.389s][info][gc,start       ] GC(677) Pause Young (Concurrent Start) (G1 Evacuation Pause)
[282.390s][info][gc,task        ] GC(677) Using 2 workers of 2 for evacuation
[282.446s][info][gc,phases      ] GC(677)   Pre Evacuate Collection Set: 0.40ms
[282.446s][info][gc,phases      ] GC(677)   Merge Heap Roots: 0.47ms
[282.446s][info][gc,phases      ] GC(677)   Evacuate Collection Set: 54.97ms
[282.446s][info][gc,phases      ] GC(677)   Post Evacuate Collection Set: 0.67ms
[282.446s][info][gc,phases      ] GC(677)   Other: 0.10ms
[282.446s][info][gc,heap        ] GC(677) Eden regions: 308->0(369)
[282.446s][info][gc,heap        ] GC(677) Survivor regions: 11->16(40)
[282.446s][info][gc,heap        ] GC(677) Old regions: 580->502
[282.446s][info][gc,heap        ] GC(677) Humongous regions: 5->5
[282.446s][info][gc,metaspace   ] GC(677) Metaspace: 18764K(18944K)->18764K(18944K) NonClass: 16099K(16192K)->16099K(16192K) Class: 2665K(2752K)->2665K(2752K)
[282.446s][info][gc             ] GC(677) Pause Young (Concurrent Start) (G1 Evacuation Pause) 903M->521M(978M) 56.836ms
[282.446s][info][gc             ] GC(678) Concurrent Mark Cycle
[282.446s][info][gc,marking     ] GC(678) Concurrent Scan Root Regions
[282.446s][info][gc,cpu         ] GC(677) User=0.11s Sys=0.00s Real=0.06s
[282.552s][info][gc,marking     ] GC(678) Concurrent Scan Root Regions 105.511ms
[282.552s][info][gc,marking     ] GC(678) Concurrent Mark
[282.552s][info][gc,marking     ] GC(678) Concurrent Mark From Roots
[282.552s][info][gc,task        ] GC(678) Using 1 workers of 1 for marking
[282.914s][info][gc,start       ] GC(679) Pause Young (Normal) (G1 Evacuation Pause)
[282.914s][info][gc,task        ] GC(679) Using 2 workers of 2 for evacuation
[282.965s][info][gc,phases      ] GC(679)   Pre Evacuate Collection Set: 0.51ms
[282.965s][info][gc,phases      ] GC(679)   Merge Heap Roots: 0.52ms
[282.965s][info][gc,phases      ] GC(679)   Evacuate Collection Set: 49.02ms
[282.965s][info][gc,phases      ] GC(679)   Post Evacuate Collection Set: 0.63ms
[282.965s][info][gc,phases      ] GC(679)   Other: 0.08ms
[282.965s][info][gc,heap        ] GC(679) Eden regions: 369->0(395)
[282.965s][info][gc,heap        ] GC(679) Survivor regions: 16->20(49)
[282.965s][info][gc,heap        ] GC(679) Old regions: 502->475
[282.965s][info][gc,heap        ] GC(679) Humongous regions: 5->5
[282.965s][info][gc,metaspace   ] GC(679) Metaspace: 18764K(18944K)->18764K(18944K) NonClass: 16099K(16192K)->16099K(16192K) Class: 2665K(2752K)->2665K(2752K)
[282.965s][info][gc             ] GC(679) Pause Young (Normal) (G1 Evacuation Pause) 890M->499M(978M) 50.966ms
[282.965s][info][gc,cpu         ] GC(679) User=0.10s Sys=0.00s Real=0.05s
[283.477s][info][gc,start       ] GC(680) Pause Young (Normal) (G1 Evacuation Pause)
[283.477s][info][gc,task        ] GC(680) Using 2 workers of 2 for evacuation
[283.526s][info][gc,phases      ] GC(680)   Pre Evacuate Collection Set: 0.49ms
[283.526s][info][gc,phases      ] GC(680)   Merge Heap Roots: 0.38ms
[283.526s][info][gc,phases      ] GC(680)   Evacuate Collection Set: 47.40ms
[283.526s][info][gc,phases      ] GC(680)   Post Evacuate Collection Set: 0.63ms
[283.526s][info][gc,phases      ] GC(680)   Other: 0.08ms
[283.526s][info][gc,heap        ] GC(680) Eden regions: 395->0(374)
[283.526s][info][gc,heap        ] GC(680) Survivor regions: 20->37(52)
[283.526s][info][gc,heap        ] GC(680) Old regions: 475->475
[283.526s][info][gc,heap        ] GC(680) Humongous regions: 5->5
[283.526s][info][gc,metaspace   ] GC(680) Metaspace: 18768K(18944K)->18768K(18944K) NonClass: 16103K(16192K)->16103K(16192K) Class: 2665K(2752K)->2665K(2752K)
[283.526s][info][gc             ] GC(680) Pause Young (Normal) (G1 Evacuation Pause) 894M->516M(978M) 49.184ms
[283.526s][info][gc,cpu         ] GC(680) User=0.10s Sys=0.00s Real=0.05s
[283.906s][info][gc,marking     ] GC(678) Concurrent Mark From Roots 1354.462ms
[283.906s][info][gc,marking     ] GC(678) Concurrent Preclean
[283.906s][info][gc,marking     ] GC(678) Concurrent Preclean 0.034ms
[283.907s][info][gc,start       ] GC(678) Pause Remark
[283.914s][info][gc             ] GC(678) Pause Remark 696M->696M(978M) 7.280ms
[283.914s][info][gc,cpu         ] GC(678) User=0.01s Sys=0.00s Real=0.01s
[283.914s][info][gc,marking     ] GC(678) Concurrent Mark 1362.305ms
[283.914s][info][gc,marking     ] GC(678) Concurrent Rebuild Remembered Sets and Scrub Regions
[284.291s][info][gc,marking     ] GC(678) Concurrent Rebuild Remembered Sets and Scrub Regions 376.676ms
[284.291s][info][gc,start       ] GC(678) Pause Cleanup
[284.291s][info][gc             ] GC(678) Pause Cleanup 869M->869M(978M) 0.083ms
[284.291s][info][gc,cpu         ] GC(678) User=0.00s Sys=0.00s Real=0.00s
[284.292s][info][gc,marking     ] GC(678) Concurrent Clear Claimed Marks
[284.292s][info][gc,marking     ] GC(678) Concurrent Clear Claimed Marks 0.035ms
[284.292s][info][gc,marking     ] GC(678) Concurrent Cleanup for Next Mark
[284.298s][info][gc,marking     ] GC(678) Concurrent Cleanup for Next Mark 6.143ms
[284.298s][info][gc             ] GC(678) Concurrent Mark Cycle 1851.574ms
[284.317s][info][gc,start       ] GC(681) Pause Young (Prepare Mixed) (G1 Evacuation Pause)
[284.317s][info][gc,task        ] GC(681) Using 2 workers of 2 for evacuation
[284.413s][info][gc,phases      ] GC(681)   Pre Evacuate Collection Set: 0.43ms
[284.414s][info][gc,phases      ] GC(681)   Merge Heap Roots: 0.91ms
[284.414s][info][gc,phases      ] GC(681)   Evacuate Collection Set: 94.23ms
[284.414s][info][gc,phases      ] GC(681)   Post Evacuate Collection Set: 0.70ms
[284.414s][info][gc,phases      ] GC(681)   Other: 0.08ms
[284.414s][info][gc,heap        ] GC(681) Eden regions: 374->0(321)
[284.414s][info][gc,heap        ] GC(681) Survivor regions: 37->52(52)
[284.414s][info][gc,heap        ] GC(681) Old regions: 475->495
[284.414s][info][gc,heap        ] GC(681) Humongous regions: 8->8
[284.414s][info][gc,metaspace   ] GC(681) Metaspace: 18774K(18944K)->18774K(18944K) NonClass: 16109K(16192K)->16109K(16192K) Class: 2665K(2752K)->2665K(2752K)
[284.414s][info][gc             ] GC(681) Pause Young (Prepare Mixed) (G1 Evacuation Pause) 893M->554M(978M) 96.529ms
[284.414s][info][gc,cpu         ] GC(681) User=0.19s Sys=0.00s Real=0.10s
[284.848s][info][gc,start       ] GC(682) Pause Young (Mixed) (G1 Evacuation Pause)
[284.848s][info][gc,task        ] GC(682) Using 2 workers of 2 for evacuation
[284.962s][info][gc,phases      ] GC(682)   Pre Evacuate Collection Set: 0.51ms
[284.963s][info][gc,phases      ] GC(682)   Merge Heap Roots: 0.71ms
[284.963s][info][gc,phases      ] GC(682)   Evacuate Collection Set: 112.83ms
[284.963s][info][gc,phases      ] GC(682)   Post Evacuate Collection Set: 0.63ms
[284.963s][info][gc,phases      ] GC(682)   Other: 0.08ms
[284.963s][info][gc,heap        ] GC(682) Eden regions: 321->0(317)
[284.963s][info][gc,heap        ] GC(682) Survivor regions: 52->28(47)
[284.963s][info][gc,heap        ] GC(682) Old regions: 495->540
[284.963s][info][gc,heap        ] GC(682) Humongous regions: 8->8
[284.963s][info][gc,metaspace   ] GC(682) Metaspace: 18775K(18944K)->18775K(18944K) NonClass: 16110K(16192K)->16110K(16192K) Class: 2665K(2752K)->2665K(2752K)
[284.963s][info][gc             ] GC(682) Pause Young (Mixed) (G1 Evacuation Pause) 875M->575M(978M) 114.963ms
[284.963s][info][gc,cpu         ] GC(682) User=0.23s Sys=0.00s Real=0.12s
[285.252s][info][gc,start       ] GC(683) Pause Young (Concurrent Start) (G1 Evacuation Pause)
[285.252s][info][gc,task        ] GC(683) Using 2 workers of 2 for evacuation
[285.284s][info][gc,phases      ] GC(683)   Pre Evacuate Collection Set: 0.35ms
[285.284s][info][gc,phases      ] GC(683)   Merge Heap Roots: 0.21ms
[285.284s][info][gc,phases      ] GC(683)   Evacuate Collection Set: 31.30ms
[285.284s][info][gc,phases      ] GC(683)   Post Evacuate Collection Set: 0.52ms
[285.284s][info][gc,phases      ] GC(683)   Other: 0.20ms
[285.284s][info][gc,heap        ] GC(683) Eden regions: 317->0(328)
[285.285s][info][gc,heap        ] GC(683) Survivor regions: 28->3(44)
[285.285s][info][gc,heap        ] GC(683) Old regions: 540->568
[285.285s][info][gc,heap        ] GC(683) Humongous regions: 8->8
[285.285s][info][gc,metaspace   ] GC(683) Metaspace: 18775K(18944K)->18775K(18944K) NonClass: 16110K(16192K)->16110K(16192K) Class: 2665K(2752K)->2665K(2752K)
[285.285s][info][gc             ] GC(683) Pause Young (Concurrent Start) (G1 Evacuation Pause) 892M->577M(978M) 32.794ms
[285.285s][info][gc             ] GC(684) Concurrent Mark Cycle
[285.285s][info][gc,marking     ] GC(684) Concurrent Scan Root Regions
[285.285s][info][gc,cpu         ] GC(683) User=0.07s Sys=0.00s Real=0.03s
[285.344s][info][gc,marking     ] GC(684) Concurrent Scan Root Regions 59.471ms
[285.344s][info][gc,marking     ] GC(684) Concurrent Mark
[285.344s][info][gc,marking     ] GC(684) Concurrent Mark From Roots
[285.344s][info][gc,task        ] GC(684) Using 1 workers of 1 for marking
[286.528s][info][gc,start       ] GC(685) Pause Young (Normal) (G1 Evacuation Pause)
[286.528s][info][gc,task        ] GC(685) Using 2 workers of 2 for evacuation
[286.541s][info][gc,phases      ] GC(685)   Pre Evacuate Collection Set: 0.29ms
[286.541s][info][gc,phases      ] GC(685)   Merge Heap Roots: 0.22ms
[286.541s][info][gc,phases      ] GC(685)   Evacuate Collection Set: 11.88ms
[286.541s][info][gc,phases      ] GC(685)   Post Evacuate Collection Set: 0.49ms
[286.541s][info][gc,phases      ] GC(685)   Other: 0.10ms
[286.541s][info][gc,heap        ] GC(685) Eden regions: 328->0(332)
[286.541s][info][gc,heap        ] GC(685) Survivor regions: 3->9(42)
[286.541s][info][gc,heap        ] GC(685) Old regions: 568->568
[286.541s][info][gc,heap        ] GC(685) Humongous regions: 8->8
[286.541s][info][gc,metaspace   ] GC(685) Metaspace: 18776K(18944K)->18776K(18944K) NonClass: 16111K(16192K)->16111K(16192K) Class: 2665K(2752K)->2665K(2752K)
[286.541s][info][gc             ] GC(685) Pause Young (Normal) (G1 Evacuation Pause) 905M->583M(978M) 13.179ms
[286.541s][info][gc,cpu         ] GC(685) User=0.02s Sys=0.00s Real=0.02s
[286.755s][info][gc,marking     ] GC(684) Concurrent Mark From Roots 1410.614ms
[286.755s][info][gc,marking     ] GC(684) Concurrent Preclean
[286.755s][info][gc,marking     ] GC(684) Concurrent Preclean 0.032ms
[286.755s][info][gc,start       ] GC(684) Pause Remark
[286.763s][info][gc             ] GC(684) Pause Remark 644M->643M(978M) 7.604ms
[286.763s][info][gc,cpu         ] GC(684) User=0.02s Sys=0.00s Real=0.01s
[286.763s][info][gc,marking     ] GC(684) Concurrent Mark 1418.917ms
[286.763s][info][gc,marking     ] GC(684) Concurrent Rebuild Remembered Sets and Scrub Regions
[287.284s][info][gc,marking     ] GC(684) Concurrent Rebuild Remembered Sets and Scrub Regions 520.896ms
[287.284s][info][gc,start       ] GC(684) Pause Cleanup
[287.284s][info][gc             ] GC(684) Pause Cleanup 751M->751M(978M) 0.095ms
[287.284s][info][gc,cpu         ] GC(684) User=0.00s Sys=0.00s Real=0.00s
[287.286s][info][gc,marking     ] GC(684) Concurrent Clear Claimed Marks
[287.286s][info][gc,marking     ] GC(684) Concurrent Clear Claimed Marks 0.047ms
[287.286s][info][gc,marking     ] GC(684) Concurrent Cleanup for Next Mark
[287.291s][info][gc,marking     ] GC(684) Concurrent Cleanup for Next Mark 5.035ms
[287.291s][info][gc             ] GC(684) Concurrent Mark Cycle 2006.509ms
[287.931s][info][gc,start       ] GC(686) Pause Young (Prepare Mixed) (G1 Evacuation Pause)
[287.931s][info][gc,task        ] GC(686) Using 2 workers of 2 for evacuation
[287.966s][info][gc,phases      ] GC(686)   Pre Evacuate Collection Set: 0.26ms
[287.966s][info][gc,phases      ] GC(686)   Merge Heap Roots: 0.33ms
[287.966s][info][gc,phases      ] GC(686)   Evacuate Collection Set: 33.35ms
[287.966s][info][gc,phases      ] GC(686)   Post Evacuate Collection Set: 0.55ms
[287.966s][info][gc,phases      ] GC(686)   Other: 0.09ms
[287.966s][info][gc,heap        ] GC(686) Eden regions: 332->0(293)
[287.966s][info][gc,heap        ] GC(686) Survivor regions: 9->30(43)
[287.966s][info][gc,heap        ] GC(686) Old regions: 568->568
[287.966s][info][gc,heap        ] GC(686) Humongous regions: 7->7
[287.966s][info][gc,metaspace   ] GC(686) Metaspace: 18776K(18944K)->18776K(18944K) NonClass: 16111K(16192K)->16111K(16192K) Class: 2665K(2752K)->2665K(2752K)
[287.966s][info][gc             ] GC(686) Pause Young (Prepare Mixed) (G1 Evacuation Pause) 914M->603M(978M) 34.774ms
[287.966s][info][gc,cpu         ] GC(686) User=0.06s Sys=0.00s Real=0.03s
[288.441s][info][gc,start       ] GC(687) Pause Young (Mixed) (G1 Evacuation Pause)
[288.441s][info][gc,task        ] GC(687) Using 2 workers of 2 for evacuation
[288.507s][info][gc,phases      ] GC(687)   Pre Evacuate Collection Set: 0.30ms
[288.508s][info][gc,phases      ] GC(687)   Merge Heap Roots: 0.86ms
[288.508s][info][gc,phases      ] GC(687)   Evacuate Collection Set: 64.18ms
[288.508s][info][gc,phases      ] GC(687)   Post Evacuate Collection Set: 0.71ms
[288.508s][info][gc,phases      ] GC(687)   Other: 0.07ms
[288.508s][info][gc,heap        ] GC(687) Eden regions: 293->0(325)
[288.508s][info][gc,heap        ] GC(687) Survivor regions: 30->1(41)
[288.508s][info][gc,heap        ] GC(687) Old regions: 568->591
[288.508s][info][gc,heap        ] GC(687) Humongous regions: 7->7
[288.508s][info][gc,metaspace   ] GC(687) Metaspace: 18776K(18944K)->18776K(18944K) NonClass: 16111K(16192K)->16111K(16192K) Class: 2665K(2752K)->2665K(2752K)
[288.508s][info][gc             ] GC(687) Pause Young (Mixed) (G1 Evacuation Pause) 896M->598M(978M) 66.353ms
[288.508s][info][gc,cpu         ] GC(687) User=0.13s Sys=0.00s Real=0.06s
[289.824s][info][gc,start       ] GC(688) Pause Young (Concurrent Start) (G1 Evacuation Pause)
[289.824s][info][gc,task        ] GC(688) Using 2 workers of 2 for evacuation
[289.831s][info][gc,phases      ] GC(688)   Pre Evacuate Collection Set: 0.32ms
[289.831s][info][gc,phases      ] GC(688)   Merge Heap Roots: 0.28ms
[289.831s][info][gc,phases      ] GC(688)   Evacuate Collection Set: 4.98ms
[289.831s][info][gc,phases      ] GC(688)   Post Evacuate Collection Set: 0.69ms
[289.831s][info][gc,phases      ] GC(688)   Other: 0.12ms
[289.831s][info][gc,heap        ] GC(688) Eden regions: 325->0(324)
[289.831s][info][gc,heap        ] GC(688) Survivor regions: 1->3(41)
[289.831s][info][gc,heap        ] GC(688) Old regions: 591->591
[289.831s][info][gc,heap        ] GC(688) Humongous regions: 7->7
[289.831s][info][gc,metaspace   ] GC(688) Metaspace: 18784K(18944K)->18784K(18944K) NonClass: 16119K(16192K)->16119K(16192K) Class: 2665K(2752K)->2665K(2752K)
[289.831s][info][gc             ] GC(688) Pause Young (Concurrent Start) (G1 Evacuation Pause) 923M->600M(978M) 6.560ms
[289.831s][info][gc,cpu         ] GC(688) User=0.01s Sys=0.00s Real=0.01s
[289.831s][info][gc             ] GC(689) Concurrent Mark Cycle
[289.831s][info][gc,marking     ] GC(689) Concurrent Scan Root Regions
[289.834s][info][gc,marking     ] GC(689) Concurrent Scan Root Regions 3.191ms
[289.834s][info][gc,marking     ] GC(689) Concurrent Mark
[289.834s][info][gc,marking     ] GC(689) Concurrent Mark From Roots
[289.834s][info][gc,task        ] GC(689) Using 1 workers of 1 for marking
[290.569s][info][gc,start       ] GC(690) Pause Young (Normal) (G1 Evacuation Pause)
[290.569s][info][gc,task        ] GC(690) Using 2 workers of 2 for evacuation
[290.602s][info][gc,phases      ] GC(690)   Pre Evacuate Collection Set: 0.49ms
[290.602s][info][gc,phases      ] GC(690)   Merge Heap Roots: 0.15ms
[290.602s][info][gc,phases      ] GC(690)   Evacuate Collection Set: 31.89ms
[290.602s][info][gc,phases      ] GC(690)   Post Evacuate Collection Set: 0.55ms
[290.602s][info][gc,phases      ] GC(690)   Other: 0.10ms
[290.602s][info][gc,heap        ] GC(690) Eden regions: 324->0(270)
[290.602s][info][gc,heap        ] GC(690) Survivor regions: 3->30(41)
[290.602s][info][gc,heap        ] GC(690) Old regions: 591->591
[290.602s][info][gc,heap        ] GC(690) Humongous regions: 7->7
[290.602s][info][gc,metaspace   ] GC(690) Metaspace: 18793K(19008K)->18793K(19008K) NonClass: 16128K(16256K)->16128K(16256K) Class: 2665K(2752K)->2665K(2752K)
[290.602s][info][gc             ] GC(690) Pause Young (Normal) (G1 Evacuation Pause) 924M->627M(978M) 33.427ms
[290.602s][info][gc,cpu         ] GC(690) User=0.06s Sys=0.00s Real=0.04s
[290.954s][info][gc,marking     ] GC(689) Concurrent Mark From Roots 1119.928ms
[290.954s][info][gc,marking     ] GC(689) Concurrent Preclean
[290.954s][info][gc,marking     ] GC(689) Concurrent Preclean 0.035ms
[290.954s][info][gc,start       ] GC(689) Pause Remark
[290.962s][info][gc             ] GC(689) Pause Remark 838M->761M(978M) 7.611ms
[290.962s][info][gc,cpu         ] GC(689) User=0.01s Sys=0.00s Real=0.01s
[290.962s][info][gc,marking     ] GC(689) Concurrent Mark 1127.871ms
[290.962s][info][gc,marking     ] GC(689) Concurrent Rebuild Remembered Sets and Scrub Regions
[291.009s][info][gc,start       ] GC(691) Pause Young (Normal) (G1 Evacuation Pause)
[291.009s][info][gc,task        ] GC(691) Using 2 workers of 2 for evacuation
[291.121s][info][gc,phases      ] GC(691)   Pre Evacuate Collection Set: 0.27ms
[291.121s][info][gc,phases      ] GC(691)   Merge Heap Roots: 0.12ms
[291.121s][info][gc,phases      ] GC(691)   Evacuate Collection Set: 110.76ms
[291.121s][info][gc,phases      ] GC(691)   Post Evacuate Collection Set: 0.85ms
[291.121s][info][gc,phases      ] GC(691)   Other: 0.08ms
[291.121s][info][gc,heap        ] GC(691) Eden regions: 270->0(218)
[291.121s][info][gc,heap        ] GC(691) Survivor regions: 30->38(38)
[291.121s][info][gc,heap        ] GC(691) Old regions: 516->600
[291.121s][info][gc,heap        ] GC(691) Humongous regions: 5->5
[291.121s][info][gc,metaspace   ] GC(691) Metaspace: 18800K(19008K)->18800K(19008K) NonClass: 16135K(16256K)->16135K(16256K) Class: 2665K(2752K)->2665K(2752K)
[291.121s][info][gc             ] GC(691) Pause Young (Normal) (G1 Evacuation Pause) 820M->642M(978M) 112.272ms
[291.121s][info][gc,cpu         ] GC(691) User=0.22s Sys=0.00s Real=0.11s
[291.670s][info][gc,start       ] GC(692) Pause Young (Normal) (G1 Evacuation Pause)
[291.670s][info][gc,task        ] GC(692) Using 2 workers of 2 for evacuation
[291.787s][info][gc,phases      ] GC(692)   Pre Evacuate Collection Set: 0.29ms
[291.787s][info][gc,phases      ] GC(692)   Merge Heap Roots: 0.42ms
[291.787s][info][gc,phases      ] GC(692)   Evacuate Collection Set: 115.18ms
[291.787s][info][gc,phases      ] GC(692)   Post Evacuate Collection Set: 0.66ms
[291.787s][info][gc,phases      ] GC(692)   Other: 0.08ms
[291.787s][info][gc,heap        ] GC(692) Eden regions: 218->0(175)
[291.787s][info][gc,heap        ] GC(692) Survivor regions: 38->32(32)
[291.787s][info][gc,heap        ] GC(692) Old regions: 600->660
[291.787s][info][gc,heap        ] GC(692) Humongous regions: 6->6
[291.787s][info][gc,metaspace   ] GC(692) Metaspace: 18810K(19008K)->18810K(19008K) NonClass: 16144K(16256K)->16144K(16256K) Class: 2666K(2752K)->2666K(2752K)
[291.787s][info][gc             ] GC(692) Pause Young (Normal) (G1 Evacuation Pause) 861M->697M(978M) 116.895ms
[291.787s][info][gc,cpu         ] GC(692) User=0.23s Sys=0.01s Real=0.12s
[291.967s][info][gc,marking     ] GC(689) Concurrent Rebuild Remembered Sets and Scrub Regions 1004.934ms
[291.967s][info][gc,start       ] GC(689) Pause Cleanup
[291.967s][info][gc             ] GC(689) Pause Cleanup 789M->789M(978M) 0.130ms
[291.967s][info][gc,cpu         ] GC(689) User=0.00s Sys=0.00s Real=0.00s
[291.967s][info][gc,marking     ] GC(689) Concurrent Clear Claimed Marks
[291.967s][info][gc,marking     ] GC(689) Concurrent Clear Claimed Marks 0.027ms
[291.967s][info][gc,marking     ] GC(689) Concurrent Cleanup for Next Mark
[291.980s][info][gc,marking     ] GC(689) Concurrent Cleanup for Next Mark 12.509ms
[291.980s][info][gc             ] GC(689) Concurrent Mark Cycle 2149.038ms
[292.060s][info][gc,start       ] GC(693) Pause Young (Prepare Mixed) (G1 Evacuation Pause)
[292.060s][info][gc,task        ] GC(693) Using 2 workers of 2 for evacuation
[292.148s][info][gc,phases      ] GC(693)   Pre Evacuate Collection Set: 0.51ms
[292.148s][info][gc,phases      ] GC(693)   Merge Heap Roots: 0.86ms
[292.148s][info][gc,phases      ] GC(693)   Evacuate Collection Set: 86.07ms
[292.148s][info][gc,phases      ] GC(693)   Post Evacuate Collection Set: 0.59ms
[292.148s][info][gc,phases      ] GC(693)   Other: 0.08ms
[292.148s][info][gc,heap        ] GC(693) Eden regions: 175->0(156)
[292.148s][info][gc,heap        ] GC(693) Survivor regions: 32->26(26)
[292.148s][info][gc,heap        ] GC(693) Old regions: 660->697
[292.148s][info][gc,heap        ] GC(693) Humongous regions: 9->9
[292.148s][info][gc,metaspace   ] GC(693) Metaspace: 18810K(19008K)->18810K(19008K) NonClass: 16144K(16256K)->16144K(16256K) Class: 2666K(2752K)->2666K(2752K)
[292.148s][info][gc             ] GC(693) Pause Young (Prepare Mixed) (G1 Evacuation Pause) 875M->731M(978M) 88.363ms
[292.148s][info][gc,cpu         ] GC(693) User=0.17s Sys=0.00s Real=0.09s
[292.328s][info][gc,start       ] GC(694) Pause Young (Mixed) (G1 Evacuation Pause)
[292.328s][info][gc,task        ] GC(694) Using 2 workers of 2 for evacuation
[292.466s][info][gc,phases      ] GC(694)   Pre Evacuate Collection Set: 0.53ms
[292.466s][info][gc,phases      ] GC(694)   Merge Heap Roots: 1.63ms
[292.466s][info][gc,phases      ] GC(694)   Evacuate Collection Set: 134.69ms
[292.466s][info][gc,phases      ] GC(694)   Post Evacuate Collection Set: 1.09ms
[292.466s][info][gc,phases      ] GC(694)   Other: 0.09ms
[292.466s][info][gc,heap        ] GC(694) Eden regions: 156->0(180)
[292.466s][info][gc,heap        ] GC(694) Survivor regions: 26->6(23)
[292.466s][info][gc,heap        ] GC(694) Old regions: 697->693
[292.466s][info][gc,heap        ] GC(694) Humongous regions: 9->9
[292.466s][info][gc,metaspace   ] GC(694) Metaspace: 18810K(19008K)->18810K(19008K) NonClass: 16144K(16256K)->16144K(16256K) Class: 2666K(2752K)->2666K(2752K)
[292.466s][info][gc             ] GC(694) Pause Young (Mixed) (G1 Evacuation Pause) 887M->706M(978M) 138.280ms
[292.466s][info][gc,cpu         ] GC(694) User=0.28s Sys=0.00s Real=0.14s
[292.520s][info][gc,start       ] GC(695) Pause Young (Mixed) (G1 Evacuation Pause)
[292.520s][info][gc,task        ] GC(695) Using 2 workers of 2 for evacuation
[292.654s][info][gc,phases      ] GC(695)   Pre Evacuate Collection Set: 0.27ms
[292.654s][info][gc,phases      ] GC(695)   Merge Heap Roots: 1.56ms
[292.654s][info][gc,phases      ] GC(695)   Evacuate Collection Set: 131.64ms
[292.654s][info][gc,phases      ] GC(695)   Post Evacuate Collection Set: 0.25ms
[292.654s][info][gc,phases      ] GC(695)   Other: 0.07ms
[292.654s][info][gc,heap        ] GC(695) Eden regions: 52->0(178)
[292.654s][info][gc,heap        ] GC(695) Survivor regions: 6->7(8)
[292.654s][info][gc,heap        ] GC(695) Old regions: 693->697
[292.654s][info][gc,heap        ] GC(695) Humongous regions: 9->9
[292.654s][info][gc,metaspace   ] GC(695) Metaspace: 18810K(19008K)->18810K(19008K) NonClass: 16144K(16256K)->16144K(16256K) Class: 2666K(2752K)->2666K(2752K)
[292.654s][info][gc             ] GC(695) Pause Young (Mixed) (G1 Evacuation Pause) 758M->712M(978M) 134.002ms
[292.654s][info][gc,cpu         ] GC(695) User=0.27s Sys=0.00s Real=0.14s
[292.804s][info][gc,start       ] GC(696) Pause Young (Concurrent Start) (G1 Evacuation Pause)
[292.804s][info][gc,task        ] GC(696) Using 2 workers of 2 for evacuation
[292.833s][info][gc,phases      ] GC(696)   Pre Evacuate Collection Set: 0.32ms
[292.833s][info][gc,phases      ] GC(696)   Merge Heap Roots: 0.15ms
[292.833s][info][gc,phases      ] GC(696)   Evacuate Collection Set: 28.50ms
[292.834s][info][gc,phases      ] GC(696)   Post Evacuate Collection Set: 0.44ms
[292.834s][info][gc,phases      ] GC(696)   Other: 0.10ms
[292.834s][info][gc,heap        ] GC(696) Eden regions: 178->0(167)
[292.834s][info][gc,heap        ] GC(696) Survivor regions: 7->24(24)
[292.834s][info][gc,heap        ] GC(696) Old regions: 697->700
[292.834s][info][gc,heap        ] GC(696) Humongous regions: 9->9
[292.834s][info][gc,metaspace   ] GC(696) Metaspace: 18810K(19008K)->18810K(19008K) NonClass: 16144K(16256K)->16144K(16256K) Class: 2666K(2752K)->2666K(2752K)
[292.834s][info][gc             ] GC(696) Pause Young (Concurrent Start) (G1 Evacuation Pause) 890M->732M(978M) 29.751ms
[292.834s][info][gc             ] GC(697) Concurrent Mark Cycle
[292.834s][info][gc,marking     ] GC(697) Concurrent Scan Root Regions
[292.834s][info][gc,cpu         ] GC(696) User=0.06s Sys=0.00s Real=0.03s
[292.879s][info][gc,marking     ] GC(697) Concurrent Scan Root Regions 45.314ms
[292.879s][info][gc,marking     ] GC(697) Concurrent Mark
[292.879s][info][gc,marking     ] GC(697) Concurrent Mark From Roots
[292.879s][info][gc,task        ] GC(697) Using 1 workers of 1 for marking
[293.040s][info][gc,start       ] GC(698) Pause Young (Normal) (G1 Evacuation Pause)
[293.040s][info][gc,task        ] GC(698) Using 2 workers of 2 for evacuation
[293.101s][info][gc,phases      ] GC(698)   Pre Evacuate Collection Set: 0.28ms
[293.101s][info][gc,phases      ] GC(698)   Merge Heap Roots: 0.15ms
[293.101s][info][gc,phases      ] GC(698)   Evacuate Collection Set: 59.74ms
[293.101s][info][gc,phases      ] GC(698)   Post Evacuate Collection Set: 0.46ms
[293.101s][info][gc,phases      ] GC(698)   Other: 0.09ms
[293.101s][info][gc,heap        ] GC(698) Eden regions: 167->0(134)
[293.101s][info][gc,heap        ] GC(698) Survivor regions: 24->24(24)
[293.101s][info][gc,heap        ] GC(698) Old regions: 700->737
[293.101s][info][gc,heap        ] GC(698) Humongous regions: 9->9
[293.101s][info][gc,metaspace   ] GC(698) Metaspace: 18810K(19008K)->18810K(19008K) NonClass: 16144K(16256K)->16144K(16256K) Class: 2666K(2752K)->2666K(2752K)
[293.101s][info][gc             ] GC(698) Pause Young (Normal) (G1 Evacuation Pause) 899M->769M(978M) 60.917ms
[293.101s][info][gc,cpu         ] GC(698) User=0.12s Sys=0.00s Real=0.07s
[293.287s][info][gc,start       ] GC(699) Pause Young (Normal) (G1 Evacuation Pause)
[293.287s][info][gc,task        ] GC(699) Using 2 workers of 2 for evacuation
[293.329s][info][gc,phases      ] GC(699)   Pre Evacuate Collection Set: 0.31ms
[293.329s][info][gc,phases      ] GC(699)   Merge Heap Roots: 0.26ms
[293.329s][info][gc,phases      ] GC(699)   Evacuate Collection Set: 40.64ms
[293.329s][info][gc,phases      ] GC(699)   Post Evacuate Collection Set: 0.46ms
[293.329s][info][gc,phases      ] GC(699)   Other: 0.09ms
[293.329s][info][gc,heap        ] GC(699) Eden regions: 134->0(128)
[293.329s][info][gc,heap        ] GC(699) Survivor regions: 24->12(20)
[293.329s][info][gc,heap        ] GC(699) Old regions: 737->762
[293.329s][info][gc,heap        ] GC(699) Humongous regions: 10->10
[293.329s][info][gc,metaspace   ] GC(699) Metaspace: 18810K(19008K)->18810K(19008K) NonClass: 16144K(16256K)->16144K(16256K) Class: 2666K(2752K)->2666K(2752K)
[293.329s][info][gc             ] GC(699) Pause Young (Normal) (G1 Evacuation Pause) 904M->783M(978M) 41.970ms
[293.329s][info][gc,cpu         ] GC(699) User=0.08s Sys=0.00s Real=0.04s
[293.463s][info][gc,start       ] GC(700) Pause Young (Normal) (G1 Evacuation Pause)
[293.463s][info][gc,task        ] GC(700) Using 2 workers of 2 for evacuation
[293.490s][info][gc,phases      ] GC(700)   Pre Evacuate Collection Set: 0.51ms
[293.490s][info][gc,phases      ] GC(700)   Merge Heap Roots: 0.28ms
[293.490s][info][gc,phases      ] GC(700)   Evacuate Collection Set: 25.67ms
[293.490s][info][gc,phases      ] GC(700)   Post Evacuate Collection Set: 0.34ms
[293.490s][info][gc,phases      ] GC(700)   Other: 0.09ms
[293.490s][info][gc,heap        ] GC(700) Eden regions: 128->0(133)
[293.490s][info][gc,heap        ] GC(700) Survivor regions: 12->5(18)
[293.490s][info][gc,heap        ] GC(700) Old regions: 762->774
[293.490s][info][gc,heap        ] GC(700) Humongous regions: 10->10
[293.490s][info][gc,metaspace   ] GC(700) Metaspace: 18810K(19008K)->18810K(19008K) NonClass: 16144K(16256K)->16144K(16256K) Class: 2666K(2752K)->2666K(2752K)
[293.490s][info][gc             ] GC(700) Pause Young (Normal) (G1 Evacuation Pause) 911M->787M(978M) 27.087ms
[293.490s][info][gc,cpu         ] GC(700) User=0.05s Sys=0.00s Real=0.02s
[293.582s][info][gc,marking     ] GC(697) Concurrent Mark From Roots 702.754ms
[293.582s][info][gc,marking     ] GC(697) Concurrent Preclean
[293.582s][info][gc,marking     ] GC(697) Concurrent Preclean 0.041ms
[293.582s][info][gc,start       ] GC(697) Pause Remark
[293.590s][info][gc             ] GC(697) Pause Remark 861M->407M(978M) 7.693ms
[293.590s][info][gc,cpu         ] GC(697) User=0.02s Sys=0.00s Real=0.00s
[293.590s][info][gc,marking     ] GC(697) Concurrent Mark 710.827ms
[293.590s][info][gc,marking     ] GC(697) Concurrent Rebuild Remembered Sets and Scrub Regions
[293.656s][info][gc,start       ] GC(701) Pause Young (Normal) (G1 Evacuation Pause)
[293.656s][info][gc,task        ] GC(701) Using 2 workers of 2 for evacuation
[293.667s][info][gc,phases      ] GC(701)   Pre Evacuate Collection Set: 0.42ms
[293.667s][info][gc,phases      ] GC(701)   Merge Heap Roots: 0.11ms
[293.667s][info][gc,phases      ] GC(701)   Evacuate Collection Set: 9.82ms
[293.667s][info][gc,phases      ] GC(701)   Post Evacuate Collection Set: 0.33ms
[293.667s][info][gc,phases      ] GC(701)   Other: 0.11ms
[293.667s][info][gc,heap        ] GC(701) Eden regions: 133->0(518)
[293.667s][info][gc,heap        ] GC(701) Survivor regions: 5->9(18)
[293.667s][info][gc,heap        ] GC(701) Old regions: 326->326
[293.667s][info][gc,heap        ] GC(701) Humongous regions: 4->4
[293.667s][info][gc,metaspace   ] GC(701) Metaspace: 18818K(19008K)->18818K(19008K) NonClass: 16152K(16256K)->16152K(16256K) Class: 2666K(2752K)->2666K(2752K)
[293.667s][info][gc             ] GC(701) Pause Young (Normal) (G1 Evacuation Pause) 466M->337M(978M) 10.962ms
[293.667s][info][gc,cpu         ] GC(701) User=0.02s Sys=0.00s Real=0.01s
[293.764s][info][gc,marking     ] GC(697) Concurrent Rebuild Remembered Sets and Scrub Regions 174.648ms
[293.765s][info][gc,start       ] GC(697) Pause Cleanup
[293.765s][info][gc             ] GC(697) Pause Cleanup 409M->409M(978M) 0.087ms
[293.765s][info][gc,cpu         ] GC(697) User=0.00s Sys=0.00s Real=0.00s
[293.765s][info][gc,marking     ] GC(697) Concurrent Clear Claimed Marks
[293.765s][info][gc,marking     ] GC(697) Concurrent Clear Claimed Marks 0.032ms
[293.765s][info][gc,marking     ] GC(697) Concurrent Cleanup for Next Mark
[293.772s][info][gc,marking     ] GC(697) Concurrent Cleanup for Next Mark 6.808ms
[293.772s][info][gc             ] GC(697) Concurrent Mark Cycle 938.075ms
[294.517s][info][gc,start       ] GC(702) Pause Young (Prepare Mixed) (G1 Evacuation Pause)
[294.517s][info][gc,task        ] GC(702) Using 2 workers of 2 for evacuation
[294.607s][info][gc,phases      ] GC(702)   Pre Evacuate Collection Set: 0.50ms
[294.607s][info][gc,phases      ] GC(702)   Merge Heap Roots: 0.32ms
[294.607s][info][gc,phases      ] GC(702)   Evacuate Collection Set: 88.66ms
[294.607s][info][gc,phases      ] GC(702)   Post Evacuate Collection Set: 0.77ms
[294.607s][info][gc,phases      ] GC(702)   Other: 0.10ms
[294.607s][info][gc,heap        ] GC(702) Eden regions: 518->0(81)
[294.607s][info][gc,heap        ] GC(702) Survivor regions: 9->66(66)
[294.607s][info][gc,heap        ] GC(702) Old regions: 326->346
[294.607s][info][gc,heap        ] GC(702) Humongous regions: 5->5
[294.607s][info][gc,metaspace   ] GC(702) Metaspace: 18818K(19008K)->18818K(19008K) NonClass: 16152K(16256K)->16152K(16256K) Class: 2666K(2752K)->2666K(2752K)
[294.607s][info][gc             ] GC(702) Pause Young (Prepare Mixed) (G1 Evacuation Pause) 856M->416M(978M) 90.592ms
[294.607s][info][gc,cpu         ] GC(702) User=0.18s Sys=0.00s Real=0.09s
[294.740s][info][gc,start       ] GC(703) Pause Young (Mixed) (G1 Evacuation Pause)
[294.740s][info][gc,task        ] GC(703) Using 2 workers of 2 for evacuation
[294.808s][info][gc,phases      ] GC(703)   Pre Evacuate Collection Set: 0.50ms
[294.808s][info][gc,phases      ] GC(703)   Merge Heap Roots: 0.28ms
[294.808s][info][gc,phases      ] GC(703)   Evacuate Collection Set: 66.32ms
[294.808s][info][gc,phases      ] GC(703)   Post Evacuate Collection Set: 0.42ms
[294.808s][info][gc,phases      ] GC(703)   Other: 0.08ms
[294.808s][info][gc,heap        ] GC(703) Eden regions: 152->0(419)
[294.808s][info][gc,heap        ] GC(703) Survivor regions: 66->5(28)
[294.808s][info][gc,heap        ] GC(703) Old regions: 346->411
[294.808s][info][gc,heap        ] GC(703) Humongous regions: 5->5
[294.808s][info][gc,metaspace   ] GC(703) Metaspace: 18818K(19008K)->18818K(19008K) NonClass: 16152K(16256K)->16152K(16256K) Class: 2666K(2752K)->2666K(2752K)
[294.808s][info][gc             ] GC(703) Pause Young (Mixed) (G1 Evacuation Pause) 568M->419M(978M) 67.868ms
[294.808s][info][gc,cpu         ] GC(703) User=0.13s Sys=0.00s Real=0.07s
[295.419s][info][gc,start       ] GC(704) Pause Young (Mixed) (G1 Evacuation Pause)
[295.419s][info][gc,task        ] GC(704) Using 2 workers of 2 for evacuation
[295.484s][info][gc,phases      ] GC(704)   Pre Evacuate Collection Set: 0.55ms
[295.484s][info][gc,phases      ] GC(704)   Merge Heap Roots: 0.31ms
[295.484s][info][gc,phases      ] GC(704)   Evacuate Collection Set: 63.10ms
[295.484s][info][gc,phases      ] GC(704)   Post Evacuate Collection Set: 0.71ms
[295.484s][info][gc,phases      ] GC(704)   Other: 0.10ms
[295.484s][info][gc,heap        ] GC(704) Eden regions: 419->0(362)
[295.484s][info][gc,heap        ] GC(704) Survivor regions: 5->53(53)
[295.484s][info][gc,heap        ] GC(704) Old regions: 411->407
[295.484s][info][gc,heap        ] GC(704) Humongous regions: 5->5
[295.484s][info][gc,metaspace   ] GC(704) Metaspace: 18819K(19008K)->18819K(19008K) NonClass: 16153K(16256K)->16153K(16256K) Class: 2666K(2752K)->2666K(2752K)
[295.484s][info][gc             ] GC(704) Pause Young (Mixed) (G1 Evacuation Pause) 838M->464M(978M) 64.988ms
[295.484s][info][gc,cpu         ] GC(704) User=0.12s Sys=0.00s Real=0.07s
[295.786s][info][gc,start       ] GC(705) Pause Young (Normal) (G1 Evacuation Pause)
[295.787s][info][gc,task        ] GC(705) Using 2 workers of 2 for evacuation
[295.957s][info][gc,phases      ] GC(705)   Pre Evacuate Collection Set: 0.51ms
[295.957s][info][gc,phases      ] GC(705)   Merge Heap Roots: 0.37ms
[295.957s][info][gc,phases      ] GC(705)   Evacuate Collection Set: 165.21ms
[295.957s][info][gc,phases      ] GC(705)   Post Evacuate Collection Set: 4.67ms
[295.957s][info][gc,phases      ] GC(705)   Other: 0.09ms
[295.957s][info][gc,heap        ] GC(705) Eden regions: 362->0(209)
[295.957s][info][gc,heap        ] GC(705) Survivor regions: 53->52(52)
[295.957s][info][gc,heap        ] GC(705) Old regions: 407->562
[295.957s][info][gc,heap        ] GC(705) Humongous regions: 6->6
[295.957s][info][gc,metaspace   ] GC(705) Metaspace: 18819K(19008K)->18819K(19008K) NonClass: 16153K(16256K)->16153K(16256K) Class: 2666K(2752K)->2666K(2752K)
[295.958s][info][gc             ] GC(705) Pause Young (Normal) (G1 Evacuation Pause) (Evacuation Failure: Allocation) 827M->619M(978M) 171.084ms
[295.958s][info][gc,cpu         ] GC(705) User=0.34s Sys=0.00s Real=0.17s
[296.204s][info][gc,start       ] GC(706) Pause Young (Concurrent Start) (G1 Evacuation Pause)
[296.205s][info][gc,task        ] GC(706) Using 2 workers of 2 for evacuation
[296.279s][info][gc,phases      ] GC(706)   Pre Evacuate Collection Set: 0.35ms
[296.279s][info][gc,phases      ] GC(706)   Merge Heap Roots: 0.29ms
[296.279s][info][gc,phases      ] GC(706)   Evacuate Collection Set: 73.16ms
[296.279s][info][gc,phases      ] GC(706)   Post Evacuate Collection Set: 0.53ms
[296.279s][info][gc,phases      ] GC(706)   Other: 0.09ms
[296.279s][info][gc,heap        ] GC(706) Eden regions: 209->0(254)
[296.279s][info][gc,heap        ] GC(706) Survivor regions: 52->9(33)
[296.279s][info][gc,heap        ] GC(706) Old regions: 562->571
[296.279s][info][gc,heap        ] GC(706) Humongous regions: 6->6
[296.279s][info][gc,metaspace   ] GC(706) Metaspace: 18819K(19008K)->18819K(19008K) NonClass: 16153K(16256K)->16153K(16256K) Class: 2666K(2752K)->2666K(2752K)
[296.279s][info][gc             ] GC(706) Pause Young (Concurrent Start) (G1 Evacuation Pause) 828M->585M(978M) 74.630ms
[296.279s][info][gc,cpu         ] GC(706) User=0.15s Sys=0.00s Real=0.07s
[296.279s][info][gc             ] GC(707) Concurrent Mark Cycle
[296.281s][info][gc,marking     ] GC(707) Concurrent Scan Root Regions
[296.396s][info][gc,marking     ] GC(707) Concurrent Scan Root Regions 115.455ms
[296.397s][info][gc,marking     ] GC(707) Concurrent Mark
[296.397s][info][gc,marking     ] GC(707) Concurrent Mark From Roots
[296.397s][info][gc,task        ] GC(707) Using 1 workers of 1 for marking
[296.654s][info][gc,start       ] GC(708) Pause Young (Normal) (G1 Evacuation Pause)
[296.654s][info][gc,task        ] GC(708) Using 2 workers of 2 for evacuation
[296.744s][info][gc,phases      ] GC(708)   Pre Evacuate Collection Set: 0.28ms
[296.744s][info][gc,phases      ] GC(708)   Merge Heap Roots: 0.13ms
[296.745s][info][gc,phases      ] GC(708)   Evacuate Collection Set: 89.02ms
[296.745s][info][gc,phases      ] GC(708)   Post Evacuate Collection Set: 0.65ms
[296.745s][info][gc,phases      ] GC(708)   Other: 0.09ms
[296.745s][info][gc,heap        ] GC(708) Eden regions: 254->0(163)
[296.745s][info][gc,heap        ] GC(708) Survivor regions: 9->33(33)
[296.745s][info][gc,heap        ] GC(708) Old regions: 571->635
[296.745s][info][gc,heap        ] GC(708) Humongous regions: 6->6
[296.745s][info][gc,metaspace   ] GC(708) Metaspace: 18819K(19008K)->18819K(19008K) NonClass: 16153K(16256K)->16153K(16256K) Class: 2666K(2752K)->2666K(2752K)
[296.745s][info][gc             ] GC(708) Pause Young (Normal) (G1 Evacuation Pause) 839M->673M(978M) 90.398ms
[296.745s][info][gc,cpu         ] GC(708) User=0.18s Sys=0.00s Real=0.09s
[296.934s][info][gc,start       ] GC(709) Pause Young (Normal) (G1 Evacuation Pause)
[296.934s][info][gc,task        ] GC(709) Using 2 workers of 2 for evacuation
[297.028s][info][gc,phases      ] GC(709)   Pre Evacuate Collection Set: 0.28ms
[297.028s][info][gc,phases      ] GC(709)   Merge Heap Roots: 0.34ms
[297.028s][info][gc,phases      ] GC(709)   Evacuate Collection Set: 93.00ms
[297.028s][info][gc,phases      ] GC(709)   Post Evacuate Collection Set: 0.62ms
[297.028s][info][gc,phases      ] GC(709)   Other: 0.07ms
[297.028s][info][gc,heap        ] GC(709) Eden regions: 163->0(121)
[297.028s][info][gc,heap        ] GC(709) Survivor regions: 33->25(25)
[297.028s][info][gc,heap        ] GC(709) Old regions: 635->707
[297.028s][info][gc,heap        ] GC(709) Humongous regions: 6->6
[297.028s][info][gc,metaspace   ] GC(709) Metaspace: 18819K(19008K)->18819K(19008K) NonClass: 16153K(16256K)->16153K(16256K) Class: 2666K(2752K)->2666K(2752K)
[297.028s][info][gc             ] GC(709) Pause Young (Normal) (G1 Evacuation Pause) 836M->737M(978M) 94.507ms
[297.028s][info][gc,cpu         ] GC(709) User=0.19s Sys=0.00s Real=0.09s
[297.271s][info][gc,start       ] GC(710) Pause Young (Normal) (G1 Evacuation Pause)
[297.271s][info][gc,task        ] GC(710) Using 2 workers of 2 for evacuation
[297.340s][info][gc,phases      ] GC(710)   Pre Evacuate Collection Set: 0.28ms
[297.340s][info][gc,phases      ] GC(710)   Merge Heap Roots: 0.50ms
[297.340s][info][gc,phases      ] GC(710)   Evacuate Collection Set: 67.45ms
[297.340s][info][gc,phases      ] GC(710)   Post Evacuate Collection Set: 0.47ms
[297.340s][info][gc,phases      ] GC(710)   Other: 0.07ms
[297.340s][info][gc,heap        ] GC(710) Eden regions: 121->0(104)
[297.340s][info][gc,heap        ] GC(710) Survivor regions: 25->19(19)
[297.340s][info][gc,heap        ] GC(710) Old regions: 707->752
[297.340s][info][gc,heap        ] GC(710) Humongous regions: 6->6
[297.340s][info][gc,metaspace   ] GC(710) Metaspace: 18819K(19008K)->18819K(19008K) NonClass: 16153K(16256K)->16153K(16256K) Class: 2666K(2752K)->2666K(2752K)
[297.340s][info][gc             ] GC(710) Pause Young (Normal) (G1 Evacuation Pause) 858M->776M(978M) 68.976ms
[297.340s][info][gc,cpu         ] GC(710) User=0.14s Sys=0.00s Real=0.07s
[297.430s][info][gc,start       ] GC(711) Pause Young (Normal) (G1 Evacuation Pause)
[297.430s][info][gc,task        ] GC(711) Using 2 workers of 2 for evacuation
[297.456s][info][gc,phases      ] GC(711)   Pre Evacuate Collection Set: 0.27ms
[297.456s][info][gc,phases      ] GC(711)   Merge Heap Roots: 0.28ms
[297.456s][info][gc,phases      ] GC(711)   Evacuate Collection Set: 25.33ms
[297.456s][info][gc,phases      ] GC(711)   Post Evacuate Collection Set: 0.33ms
[297.456s][info][gc,phases      ] GC(711)   Other: 0.07ms
[297.456s][info][gc,heap        ] GC(711) Eden regions: 104->0(111)
[297.456s][info][gc,heap        ] GC(711) Survivor regions: 19->3(16)
[297.456s][info][gc,heap        ] GC(711) Old regions: 752->771
[297.456s][info][gc,heap        ] GC(711) Humongous regions: 6->6
[297.456s][info][gc,metaspace   ] GC(711) Metaspace: 18819K(19008K)->18819K(19008K) NonClass: 16153K(16256K)->16153K(16256K) Class: 2666K(2752K)->2666K(2752K)
[297.456s][info][gc             ] GC(711) Pause Young (Normal) (G1 Evacuation Pause) 880M->779M(978M) 26.496ms
[297.456s][info][gc,cpu         ] GC(711) User=0.06s Sys=0.00s Real=0.03s
[297.558s][info][gc,marking     ] GC(707) Concurrent Mark From Roots 1161.743ms
[297.558s][info][gc,marking     ] GC(707) Concurrent Preclean
[297.558s][info][gc,marking     ] GC(707) Concurrent Preclean 0.031ms
[297.558s][info][gc,start       ] GC(707) Pause Remark
[297.566s][info][gc             ] GC(707) Pause Remark 877M->770M(978M) 7.774ms
[297.566s][info][gc,cpu         ] GC(707) User=0.01s Sys=0.00s Real=0.01s
[297.567s][info][gc,marking     ] GC(707) Concurrent Mark 1170.476ms
[297.567s][info][gc,marking     ] GC(707) Concurrent Rebuild Remembered Sets and Scrub Regions
[297.611s][info][gc,start       ] GC(712) Pause Young (Normal) (G1 Evacuation Pause)
[297.611s][info][gc,task        ] GC(712) Using 2 workers of 2 for evacuation
[297.631s][info][gc,phases      ] GC(712)   Pre Evacuate Collection Set: 0.26ms
[297.631s][info][gc,phases      ] GC(712)   Merge Heap Roots: 0.34ms
[297.631s][info][gc,phases      ] GC(712)   Evacuate Collection Set: 18.49ms
[297.631s][info][gc,phases      ] GC(712)   Post Evacuate Collection Set: 0.41ms
[297.631s][info][gc,phases      ] GC(712)   Other: 0.08ms
[297.631s][info][gc,heap        ] GC(712) Eden regions: 111->0(185)
[297.631s][info][gc,heap        ] GC(712) Survivor regions: 3->6(15)
[297.631s][info][gc,heap        ] GC(712) Old regions: 666->666
[297.631s][info][gc,heap        ] GC(712) Humongous regions: 4->4
[297.631s][info][gc,metaspace   ] GC(712) Metaspace: 18819K(19008K)->18819K(19008K) NonClass: 16153K(16256K)->16153K(16256K) Class: 2666K(2752K)->2666K(2752K)
[297.631s][info][gc             ] GC(712) Pause Young (Normal) (G1 Evacuation Pause) 783M->675M(978M) 19.744ms
[297.631s][info][gc,cpu         ] GC(712) User=0.04s Sys=0.00s Real=0.01s
[297.943s][info][gc,start       ] GC(713) Pause Young (Normal) (G1 Evacuation Pause)
[297.943s][info][gc,task        ] GC(713) Using 2 workers of 2 for evacuation
[298.033s][info][gc,phases      ] GC(713)   Pre Evacuate Collection Set: 0.30ms
[298.034s][info][gc,phases      ] GC(713)   Merge Heap Roots: 0.56ms
[298.034s][info][gc,phases      ] GC(713)   Evacuate Collection Set: 88.64ms
[298.034s][info][gc,phases      ] GC(713)   Post Evacuate Collection Set: 0.64ms
[298.034s][info][gc,phases      ] GC(713)   Other: 0.09ms
[298.034s][info][gc,heap        ] GC(713) Eden regions: 185->0(145)
[298.034s][info][gc,heap        ] GC(713) Survivor regions: 6->24(24)
[298.034s][info][gc,heap        ] GC(713) Old regions: 666->700
[298.034s][info][gc,heap        ] GC(713) Humongous regions: 10->10
[298.034s][info][gc,metaspace   ] GC(713) Metaspace: 18819K(19008K)->18819K(19008K) NonClass: 16153K(16256K)->16153K(16256K) Class: 2666K(2752K)->2666K(2752K)
[298.034s][info][gc             ] GC(713) Pause Young (Normal) (G1 Evacuation Pause) 866M->733M(978M) 90.465ms
[298.034s][info][gc,cpu         ] GC(713) User=0.17s Sys=0.00s Real=0.09s
[298.193s][info][gc,marking     ] GC(707) Concurrent Rebuild Remembered Sets and Scrub Regions 625.876ms
[298.193s][info][gc,start       ] GC(707) Pause Cleanup
[298.193s][info][gc             ] GC(707) Pause Cleanup 859M->859M(978M) 0.109ms
[298.193s][info][gc,cpu         ] GC(707) User=0.00s Sys=0.00s Real=0.00s
[298.194s][info][gc,marking     ] GC(707) Concurrent Clear Claimed Marks
[298.194s][info][gc,marking     ] GC(707) Concurrent Clear Claimed Marks 0.070ms
[298.194s][info][gc,marking     ] GC(707) Concurrent Cleanup for Next Mark
[298.200s][info][gc,marking     ] GC(707) Concurrent Cleanup for Next Mark 6.111ms
[298.200s][info][gc             ] GC(707) Concurrent Mark Cycle 1920.854ms
[298.204s][info][gc,start       ] GC(714) Pause Young (Prepare Mixed) (G1 Evacuation Pause)
[298.204s][info][gc,task        ] GC(714) Using 2 workers of 2 for evacuation
[298.284s][info][gc,phases      ] GC(714)   Pre Evacuate Collection Set: 0.27ms
[298.284s][info][gc,phases      ] GC(714)   Merge Heap Roots: 0.67ms
[298.284s][info][gc,phases      ] GC(714)   Evacuate Collection Set: 77.95ms
[298.284s][info][gc,phases      ] GC(714)   Post Evacuate Collection Set: 0.55ms
[298.284s][info][gc,phases      ] GC(714)   Other: 0.07ms
[298.284s][info][gc,heap        ] GC(714) Eden regions: 145->0(131)
[298.284s][info][gc,heap        ] GC(714) Survivor regions: 24->22(22)
[298.284s][info][gc,heap        ] GC(714) Old regions: 700->731
[298.284s][info][gc,heap        ] GC(714) Humongous regions: 10->10
[298.284s][info][gc,metaspace   ] GC(714) Metaspace: 18819K(19008K)->18819K(19008K) NonClass: 16153K(16256K)->16153K(16256K) Class: 2666K(2752K)->2666K(2752K)
[298.284s][info][gc             ] GC(714) Pause Young (Prepare Mixed) (G1 Evacuation Pause) 878M->762M(978M) 79.694ms
[298.284s][info][gc,cpu         ] GC(714) User=0.16s Sys=0.00s Real=0.08s
[298.375s][info][gc,start       ] GC(715) Pause Young (Mixed) (G1 Evacuation Pause)
[298.375s][info][gc,task        ] GC(715) Using 2 workers of 2 for evacuation
[298.442s][info][gc,phases      ] GC(715)   Pre Evacuate Collection Set: 0.46ms
[298.442s][info][gc,phases      ] GC(715)   Merge Heap Roots: 0.65ms
[298.442s][info][gc,phases      ] GC(715)   Evacuate Collection Set: 64.82ms
[298.442s][info][gc,phases      ] GC(715)   Post Evacuate Collection Set: 0.48ms
[298.442s][info][gc,phases      ] GC(715)   Other: 0.06ms
[298.442s][info][gc,heap        ] GC(715) Eden regions: 131->0(151)
[298.442s][info][gc,heap        ] GC(715) Survivor regions: 22->11(20)
[298.442s][info][gc,heap        ] GC(715) Old regions: 731->716
[298.442s][info][gc,heap        ] GC(715) Humongous regions: 10->10
[298.442s][info][gc,metaspace   ] GC(715) Metaspace: 18819K(19008K)->18819K(19008K) NonClass: 16153K(16256K)->16153K(16256K) Class: 2666K(2752K)->2666K(2752K)
[298.442s][info][gc             ] GC(715) Pause Young (Mixed) (G1 Evacuation Pause) 893M->735M(978M) 66.668ms
[298.442s][info][gc,cpu         ] GC(715) User=0.13s Sys=0.00s Real=0.07s
[298.526s][info][gc,start       ] GC(716) Pause Young (Concurrent Start) (G1 Evacuation Pause)
[298.526s][info][gc,task        ] GC(716) Using 2 workers of 2 for evacuation
[298.546s][info][gc,phases      ] GC(716)   Pre Evacuate Collection Set: 0.31ms
[298.546s][info][gc,phases      ] GC(716)   Merge Heap Roots: 0.16ms
[298.546s][info][gc,phases      ] GC(716)   Evacuate Collection Set: 18.70ms
[298.546s][info][gc,phases      ] GC(716)   Post Evacuate Collection Set: 0.35ms
[298.546s][info][gc,phases      ] GC(716)   Other: 0.08ms
[298.546s][info][gc,heap        ] GC(716) Eden regions: 151->0(160)
[298.546s][info][gc,heap        ] GC(716) Survivor regions: 11->14(21)
[298.546s][info][gc,heap        ] GC(716) Old regions: 716->716
[298.546s][info][gc,heap        ] GC(716) Humongous regions: 10->10
[298.546s][info][gc,metaspace   ] GC(716) Metaspace: 18819K(19008K)->18819K(19008K) NonClass: 16153K(16256K)->16153K(16256K) Class: 2666K(2752K)->2666K(2752K)
[298.546s][info][gc             ] GC(716) Pause Young (Concurrent Start) (G1 Evacuation Pause) 886M->739M(978M) 19.772ms
[298.546s][info][gc,cpu         ] GC(716) User=0.04s Sys=0.00s Real=0.02s
[298.546s][info][gc             ] GC(717) Concurrent Mark Cycle
[298.546s][info][gc,marking     ] GC(717) Concurrent Scan Root Regions
[298.571s][info][gc,marking     ] GC(717) Concurrent Scan Root Regions 24.894ms
[298.571s][info][gc,marking     ] GC(717) Concurrent Mark
[298.571s][info][gc,marking     ] GC(717) Concurrent Mark From Roots
[298.571s][info][gc,task        ] GC(717) Using 1 workers of 1 for marking
[298.727s][info][gc,start       ] GC(718) Pause Young (Normal) (G1 Evacuation Pause)
[298.727s][info][gc,task        ] GC(718) Using 2 workers of 2 for evacuation
[298.751s][info][gc,phases      ] GC(718)   Pre Evacuate Collection Set: 0.26ms
[298.751s][info][gc,phases      ] GC(718)   Merge Heap Roots: 0.21ms
[298.751s][info][gc,phases      ] GC(718)   Evacuate Collection Set: 23.06ms
[298.751s][info][gc,phases      ] GC(718)   Post Evacuate Collection Set: 0.36ms
[298.751s][info][gc,phases      ] GC(718)   Other: 0.08ms
[298.751s][info][gc,heap        ] GC(718) Eden regions: 160->0(167)
[298.751s][info][gc,heap        ] GC(718) Survivor regions: 14->8(22)
[298.751s][info][gc,heap        ] GC(718) Old regions: 716->726
[298.751s][info][gc,heap        ] GC(718) Humongous regions: 10->10
[298.751s][info][gc,metaspace   ] GC(718) Metaspace: 18819K(19008K)->18819K(19008K) NonClass: 16153K(16256K)->16153K(16256K) Class: 2666K(2752K)->2666K(2752K)
[298.751s][info][gc             ] GC(718) Pause Young (Normal) (G1 Evacuation Pause) 899M->742M(978M) 24.169ms
[298.752s][info][gc,cpu         ] GC(718) User=0.05s Sys=0.00s Real=0.03s
[298.994s][info][gc,start       ] GC(719) Pause Young (Normal) (G1 Evacuation Pause)
[298.994s][info][gc,task        ] GC(719) Using 2 workers of 2 for evacuation
[299.018s][info][gc,phases      ] GC(719)   Pre Evacuate Collection Set: 0.30ms
[299.018s][info][gc,phases      ] GC(719)   Merge Heap Roots: 0.19ms
[299.018s][info][gc,phases      ] GC(719)   Evacuate Collection Set: 22.88ms
[299.018s][info][gc,phases      ] GC(719)   Post Evacuate Collection Set: 0.39ms
[299.018s][info][gc,phases      ] GC(719)   Other: 0.08ms
[299.018s][info][gc,heap        ] GC(719) Eden regions: 167->0(156)
[299.018s][info][gc,heap        ] GC(719) Survivor regions: 8->18(22)
[299.018s][info][gc,heap        ] GC(719) Old regions: 726->726
[299.018s][info][gc,heap        ] GC(719) Humongous regions: 10->10
[299.018s][info][gc,metaspace   ] GC(719) Metaspace: 18819K(19008K)->18819K(19008K) NonClass: 16153K(16256K)->16153K(16256K) Class: 2666K(2752K)->2666K(2752K)
[299.018s][info][gc             ] GC(719) Pause Young (Normal) (G1 Evacuation Pause) 909M->753M(978M) 24.047ms
[299.018s][info][gc,cpu         ] GC(719) User=0.05s Sys=0.00s Real=0.02s
[299.208s][info][gc,start       ] GC(720) Pause Young (Normal) (G1 Evacuation Pause)
[299.208s][info][gc,task        ] GC(720) Using 2 workers of 2 for evacuation
[299.267s][info][gc,phases      ] GC(720)   Pre Evacuate Collection Set: 0.49ms
[299.267s][info][gc,phases      ] GC(720)   Merge Heap Roots: 0.26ms
[299.267s][info][gc,phases      ] GC(720)   Evacuate Collection Set: 57.53ms
[299.267s][info][gc,phases      ] GC(720)   Post Evacuate Collection Set: 0.38ms
[299.267s][info][gc,phases      ] GC(720)   Other: 0.08ms
[299.267s][info][gc,heap        ] GC(720) Eden regions: 156->0(118)
[299.267s][info][gc,heap        ] GC(720) Survivor regions: 18->22(22)
[299.267s][info][gc,heap        ] GC(720) Old regions: 726->756
[299.267s][info][gc,heap        ] GC(720) Humongous regions: 10->10
[299.267s][info][gc,metaspace   ] GC(720) Metaspace: 18819K(19008K)->18819K(19008K) NonClass: 16153K(16256K)->16153K(16256K) Class: 2666K(2752K)->2666K(2752K)
[299.267s][info][gc             ] GC(720) Pause Young (Normal) (G1 Evacuation Pause) 909M->787M(978M) 58.988ms
[299.267s][info][gc,cpu         ] GC(720) User=0.11s Sys=0.00s Real=0.06s
[299.466s][info][gc,marking     ] GC(717) Concurrent Mark From Roots 895.146ms
[299.466s][info][gc,marking     ] GC(717) Concurrent Preclean
[299.466s][info][gc,marking     ] GC(717) Concurrent Preclean 0.040ms
[299.466s][info][gc,start       ] GC(717) Pause Remark
[299.474s][info][gc             ] GC(717) Pause Remark 835M->455M(978M) 7.648ms
[299.474s][info][gc,cpu         ] GC(717) User=0.01s Sys=0.00s Real=0.01s
[299.474s][info][gc,marking     ] GC(717) Concurrent Mark 903.143ms
[299.474s][info][gc,marking     ] GC(717) Concurrent Rebuild Remembered Sets and Scrub Regions
[299.745s][info][gc,marking     ] GC(717) Concurrent Rebuild Remembered Sets and Scrub Regions 270.510ms
[299.747s][info][gc,start       ] GC(717) Pause Cleanup
[299.747s][info][gc             ] GC(717) Pause Cleanup 470M->470M(978M) 0.145ms
[299.747s][info][gc,cpu         ] GC(717) User=0.00s Sys=0.00s Real=0.00s
[299.747s][info][gc,marking     ] GC(717) Concurrent Clear Claimed Marks
[299.747s][info][gc,marking     ] GC(717) Concurrent Clear Claimed Marks 0.030ms
[299.747s][info][gc,marking     ] GC(717) Concurrent Cleanup for Next Mark
[299.752s][info][gc,marking     ] GC(717) Concurrent Cleanup for Next Mark 4.916ms
[299.752s][info][gc             ] GC(717) Concurrent Mark Cycle 1205.785ms
[299.864s][info][gc,start       ] GC(721) Pause Young (Prepare Mixed) (G1 Evacuation Pause)
[299.864s][info][gc,task        ] GC(721) Using 2 workers of 2 for evacuation
[299.890s][info][gc,phases      ] GC(721)   Pre Evacuate Collection Set: 0.31ms
[299.890s][info][gc,phases      ] GC(721)   Merge Heap Roots: 0.25ms
[299.890s][info][gc,phases      ] GC(721)   Evacuate Collection Set: 24.51ms
[299.890s][info][gc,phases      ] GC(721)   Post Evacuate Collection Set: 0.38ms
[299.890s][info][gc,phases      ] GC(721)   Other: 0.09ms
[299.890s][info][gc,heap        ] GC(721) Eden regions: 118->0(431)
[299.890s][info][gc,heap        ] GC(721) Survivor regions: 22->1(18)
[299.890s][info][gc,heap        ] GC(721) Old regions: 382->405
[299.890s][info][gc,heap        ] GC(721) Humongous regions: 4->4
[299.890s][info][gc,metaspace   ] GC(721) Metaspace: 18819K(19008K)->18819K(19008K) NonClass: 16153K(16256K)->16153K(16256K) Class: 2666K(2752K)->2666K(2752K)
[299.890s][info][gc             ] GC(721) Pause Young (Prepare Mixed) (G1 Evacuation Pause) 525M->409M(978M) 25.736ms
[299.890s][info][gc,cpu         ] GC(721) User=0.05s Sys=0.00s Real=0.02s
[300.847s][info][gc,start       ] GC(722) Pause Young (Mixed) (G1 Evacuation Pause)
[300.847s][info][gc,task        ] GC(722) Using 2 workers of 2 for evacuation
[300.853s][info][gc,phases      ] GC(722)   Pre Evacuate Collection Set: 0.52ms
[300.853s][info][gc,phases      ] GC(722)   Merge Heap Roots: 0.27ms
[300.853s][info][gc,phases      ] GC(722)   Evacuate Collection Set: 4.24ms
[300.853s][info][gc,phases      ] GC(722)   Post Evacuate Collection Set: 0.60ms
[300.853s][info][gc,phases      ] GC(722)   Other: 0.10ms
[300.853s][info][gc,heap        ] GC(722) Eden regions: 431->0(495)
[300.853s][info][gc,heap        ] GC(722) Survivor regions: 1->2(54)
[300.853s][info][gc,heap        ] GC(722) Old regions: 405->353
[300.853s][info][gc,heap        ] GC(722) Humongous regions: 4->4
[300.853s][info][gc,metaspace   ] GC(722) Metaspace: 18819K(19008K)->18819K(19008K) NonClass: 16153K(16256K)->16153K(16256K) Class: 2666K(2752K)->2666K(2752K)
[300.853s][info][gc             ] GC(722) Pause Young (Mixed) (G1 Evacuation Pause) 840M->357M(978M) 5.930ms
[300.853s][info][gc,cpu         ] GC(722) User=0.01s Sys=0.00s Real=0.01s
[301.529s][info][gc,start       ] GC(723) Pause Young (Concurrent Start) (G1 Evacuation Pause)
[301.529s][info][gc,task        ] GC(723) Using 2 workers of 2 for evacuation
[301.631s][info][gc,phases      ] GC(723)   Pre Evacuate Collection Set: 0.28ms
[301.631s][info][gc,phases      ] GC(723)   Merge Heap Roots: 0.43ms
[301.631s][info][gc,phases      ] GC(723)   Evacuate Collection Set: 100.02ms
[301.631s][info][gc,phases      ] GC(723)   Post Evacuate Collection Set: 0.94ms
[301.631s][info][gc,phases      ] GC(723)   Other: 0.10ms
[301.631s][info][gc,heap        ] GC(723) Eden regions: 495->0(361)
[301.631s][info][gc,heap        ] GC(723) Survivor regions: 2->63(63)
[301.631s][info][gc,heap        ] GC(723) Old regions: 353->390
[301.631s][info][gc,heap        ] GC(723) Humongous regions: 4->4
[301.631s][info][gc,metaspace   ] GC(723) Metaspace: 18820K(19008K)->18820K(19008K) NonClass: 16154K(16256K)->16154K(16256K) Class: 2666K(2752K)->2666K(2752K)
[301.631s][info][gc             ] GC(723) Pause Young (Concurrent Start) (G1 Evacuation Pause) 852M->456M(978M) 101.989ms
[301.631s][info][gc,cpu         ] GC(723) User=0.21s Sys=0.00s Real=0.11s
[301.631s][info][gc             ] GC(724) Concurrent Mark Cycle
[301.632s][info][gc,marking     ] GC(724) Concurrent Scan Root Regions
[301.701s][info][gc,marking     ] GC(724) Concurrent Scan Root Regions 69.387ms
[301.701s][info][gc,marking     ] GC(724) Concurrent Mark
[301.701s][info][gc,marking     ] GC(724) Concurrent Mark From Roots
[301.701s][info][gc,task        ] GC(724) Using 1 workers of 1 for marking
[302.021s][info][gc,start       ] GC(725) Pause Young (Normal) (G1 Evacuation Pause)
[302.021s][info][gc,task        ] GC(725) Using 2 workers of 2 for evacuation
[302.137s][info][gc,phases      ] GC(725)   Pre Evacuate Collection Set: 0.30ms
[302.137s][info][gc,phases      ] GC(725)   Merge Heap Roots: 0.59ms
[302.137s][info][gc,phases      ] GC(725)   Evacuate Collection Set: 113.80ms
[302.137s][info][gc,phases      ] GC(725)   Post Evacuate Collection Set: 0.70ms
[302.137s][info][gc,phases      ] GC(725)   Other: 0.11ms
[302.137s][info][gc,heap        ] GC(725) Eden regions: 361->0(333)
[302.137s][info][gc,heap        ] GC(725) Survivor regions: 63->39(53)
[302.137s][info][gc,heap        ] GC(725) Old regions: 390->454
[302.137s][info][gc,heap        ] GC(725) Humongous regions: 7->7
[302.137s][info][gc,metaspace   ] GC(725) Metaspace: 18820K(19008K)->18820K(19008K) NonClass: 16154K(16256K)->16154K(16256K) Class: 2666K(2752K)->2666K(2752K)
[302.137s][info][gc             ] GC(725) Pause Young (Normal) (G1 Evacuation Pause) 820M->499M(978M) 115.762ms
[302.137s][info][gc,cpu         ] GC(725) User=0.23s Sys=0.00s Real=0.11s
[302.597s][info][gc,start       ] GC(726) Pause Young (Normal) (G1 Evacuation Pause)
[302.597s][info][gc,task        ] GC(726) Using 2 workers of 2 for evacuation
[302.707s][info][gc,phases      ] GC(726)   Pre Evacuate Collection Set: 0.27ms
[302.707s][info][gc,phases      ] GC(726)   Merge Heap Roots: 0.39ms
[302.707s][info][gc,phases      ] GC(726)   Evacuate Collection Set: 109.19ms
[302.707s][info][gc,phases      ] GC(726)   Post Evacuate Collection Set: 0.63ms
[302.707s][info][gc,phases      ] GC(726)   Other: 0.08ms
[302.707s][info][gc,heap        ] GC(726) Eden regions: 333->0(283)
[302.707s][info][gc,heap        ] GC(726) Survivor regions: 39->47(47)
[302.707s][info][gc,heap        ] GC(726) Old regions: 454->499
[302.707s][info][gc,heap        ] GC(726) Humongous regions: 8->8
[302.707s][info][gc,metaspace   ] GC(726) Metaspace: 18821K(19008K)->18821K(19008K) NonClass: 16155K(16256K)->16155K(16256K) Class: 2666K(2752K)->2666K(2752K)
[302.707s][info][gc             ] GC(726) Pause Young (Normal) (G1 Evacuation Pause) 833M->553M(978M) 110.809ms
[302.707s][info][gc,cpu         ] GC(726) User=0.22s Sys=0.00s Real=0.11s
[302.868s][info][gc,marking     ] GC(724) Concurrent Mark From Roots 1166.984ms
[302.868s][info][gc,marking     ] GC(724) Concurrent Preclean
[302.868s][info][gc,marking     ] GC(724) Concurrent Preclean 0.033ms
[302.868s][info][gc,start       ] GC(724) Pause Remark
[302.875s][info][gc             ] GC(724) Pause Remark 684M->676M(978M) 7.342ms
[302.876s][info][gc,cpu         ] GC(724) User=0.02s Sys=0.00s Real=0.01s
[302.876s][info][gc,marking     ] GC(724) Concurrent Mark 1175.453ms
[302.876s][info][gc,marking     ] GC(724) Concurrent Rebuild Remembered Sets and Scrub Regions
[303.042s][info][gc,start       ] GC(727) Pause Young (Normal) (G1 Evacuation Pause)
[303.042s][info][gc,task        ] GC(727) Using 2 workers of 2 for evacuation
[303.111s][info][gc,phases      ] GC(727)   Pre Evacuate Collection Set: 0.48ms
[303.111s][info][gc,phases      ] GC(727)   Merge Heap Roots: 0.40ms
[303.111s][info][gc,phases      ] GC(727)   Evacuate Collection Set: 67.75ms
[303.111s][info][gc,phases      ] GC(727)   Post Evacuate Collection Set: 0.75ms
[303.111s][info][gc,phases      ] GC(727)   Other: 0.08ms
[303.111s][info][gc,heap        ] GC(727) Eden regions: 283->0(296)
[303.111s][info][gc,heap        ] GC(727) Survivor regions: 47->14(42)
[303.111s][info][gc,heap        ] GC(727) Old regions: 491->538
[303.111s][info][gc,heap        ] GC(727) Humongous regions: 8->8
[303.111s][info][gc,metaspace   ] GC(727) Metaspace: 18822K(19008K)->18822K(19008K) NonClass: 16156K(16256K)->16156K(16256K) Class: 2666K(2752K)->2666K(2752K)
[303.111s][info][gc             ] GC(727) Pause Young (Normal) (G1 Evacuation Pause) 828M->559M(978M) 69.729ms
[303.111s][info][gc,cpu         ] GC(727) User=0.13s Sys=0.00s Real=0.07s
[303.536s][info][gc,marking     ] GC(724) Concurrent Rebuild Remembered Sets and Scrub Regions 659.865ms
[303.538s][info][gc,start       ] GC(724) Pause Cleanup
[303.538s][info][gc             ] GC(724) Pause Cleanup 803M->803M(978M) 0.130ms
[303.538s][info][gc,cpu         ] GC(724) User=0.00s Sys=0.00s Real=0.00s
[303.538s][info][gc,marking     ] GC(724) Concurrent Clear Claimed Marks
[303.538s][info][gc,marking     ] GC(724) Concurrent Clear Claimed Marks 0.045ms
[303.538s][info][gc,marking     ] GC(724) Concurrent Cleanup for Next Mark
[303.543s][info][gc,marking     ] GC(724) Concurrent Cleanup for Next Mark 4.881ms
[303.543s][info][gc             ] GC(724) Concurrent Mark Cycle 1911.786ms
[303.600s][info][gc,start       ] GC(728) Pause Young (Prepare Mixed) (G1 Evacuation Pause)
[303.600s][info][gc,task        ] GC(728) Using 2 workers of 2 for evacuation
[303.655s][info][gc,phases      ] GC(728)   Pre Evacuate Collection Set: 0.29ms
[303.655s][info][gc,phases      ] GC(728)   Merge Heap Roots: 0.51ms
[303.655s][info][gc,phases      ] GC(728)   Evacuate Collection Set: 53.13ms
[303.655s][info][gc,phases      ] GC(728)   Post Evacuate Collection Set: 0.72ms
[303.655s][info][gc,phases      ] GC(728)   Other: 0.09ms
[303.655s][info][gc,heap        ] GC(728) Eden regions: 296->0(287)
[303.655s][info][gc,heap        ] GC(728) Survivor regions: 14->35(39)
[303.655s][info][gc,heap        ] GC(728) Old regions: 538->538
[303.655s][info][gc,heap        ] GC(728) Humongous regions: 8->8
[303.655s][info][gc,metaspace   ] GC(728) Metaspace: 18831K(19008K)->18831K(19008K) NonClass: 16165K(16256K)->16165K(16256K) Class: 2666K(2752K)->2666K(2752K)
[303.655s][info][gc             ] GC(728) Pause Young (Prepare Mixed) (G1 Evacuation Pause) 855M->580M(978M) 54.955ms
[303.655s][info][gc,cpu         ] GC(728) User=0.11s Sys=0.00s Real=0.06s
[304.076s][info][gc,start       ] GC(729) Pause Young (Mixed) (G1 Evacuation Pause)
[304.076s][info][gc,task        ] GC(729) Using 2 workers of 2 for evacuation
[304.164s][info][gc,phases      ] GC(729)   Pre Evacuate Collection Set: 0.31ms
[304.164s][info][gc,phases      ] GC(729)   Merge Heap Roots: 0.57ms
[304.164s][info][gc,phases      ] GC(729)   Evacuate Collection Set: 86.86ms
[304.164s][info][gc,phases      ] GC(729)   Post Evacuate Collection Set: 0.81ms
[304.164s][info][gc,phases      ] GC(729)   Other: 0.11ms
[304.164s][info][gc,heap        ] GC(729) Eden regions: 287->0(89)
[304.164s][info][gc,heap        ] GC(729) Survivor regions: 35->39(41)
[304.164s][info][gc,heap        ] GC(729) Old regions: 538->563
[304.164s][info][gc,heap        ] GC(729) Humongous regions: 8->8
[304.164s][info][gc,metaspace   ] GC(729) Metaspace: 18832K(19008K)->18832K(19008K) NonClass: 16166K(16256K)->16166K(16256K) Class: 2666K(2752K)->2666K(2752K)
[304.164s][info][gc             ] GC(729) Pause Young (Mixed) (G1 Evacuation Pause) 867M->609M(978M) 88.869ms
[304.164s][info][gc,cpu         ] GC(729) User=0.18s Sys=0.00s Real=0.09s
[304.183s][info][gc,start       ] GC(730) Pause Young (Mixed) (G1 Evacuation Pause)
[304.183s][info][gc,task        ] GC(730) Using 2 workers of 2 for evacuation
[304.347s][info][gc,phases      ] GC(730)   Pre Evacuate Collection Set: 0.24ms
[304.347s][info][gc,phases      ] GC(730)   Merge Heap Roots: 0.72ms
[304.347s][info][gc,phases      ] GC(730)   Evacuate Collection Set: 162.23ms
[304.347s][info][gc,phases      ] GC(730)   Post Evacuate Collection Set: 0.30ms
[304.347s][info][gc,phases      ] GC(730)   Other: 0.07ms
[304.347s][info][gc,heap        ] GC(730) Eden regions: 23->0(255)
[304.347s][info][gc,heap        ] GC(730) Survivor regions: 39->8(8)
[304.347s][info][gc,heap        ] GC(730) Old regions: 563->602
[304.347s][info][gc,heap        ] GC(730) Humongous regions: 8->8
[304.347s][info][gc,metaspace   ] GC(730) Metaspace: 18832K(19008K)->18832K(19008K) NonClass: 16166K(16256K)->16166K(16256K) Class: 2666K(2752K)->2666K(2752K)
[304.347s][info][gc             ] GC(730) Pause Young (Mixed) (G1 Evacuation Pause) 632M->617M(978M) 163.775ms
[304.347s][info][gc,cpu         ] GC(730) User=0.33s Sys=0.00s Real=0.16s
[304.661s][info][gc,start       ] GC(731) Pause Young (Concurrent Start) (G1 Evacuation Pause)
[304.661s][info][gc,task        ] GC(731) Using 2 workers of 2 for evacuation
[304.717s][info][gc,phases      ] GC(731)   Pre Evacuate Collection Set: 0.35ms
[304.717s][info][gc,phases      ] GC(731)   Merge Heap Roots: 0.13ms
[304.717s][info][gc,phases      ] GC(731)   Evacuate Collection Set: 54.98ms
[304.717s][info][gc,phases      ] GC(731)   Post Evacuate Collection Set: 0.64ms
[304.717s][info][gc,phases      ] GC(731)   Other: 0.20ms
[304.717s][info][gc,heap        ] GC(731) Eden regions: 255->0(210)
[304.717s][info][gc,heap        ] GC(731) Survivor regions: 8->33(33)
[304.717s][info][gc,heap        ] GC(731) Old regions: 602->630
[304.717s][info][gc,heap        ] GC(731) Humongous regions: 8->8
[304.717s][info][gc,metaspace   ] GC(731) Metaspace: 18832K(19008K)->18832K(19008K) NonClass: 16166K(16256K)->16166K(16256K) Class: 2666K(2752K)->2666K(2752K)
[304.717s][info][gc             ] GC(731) Pause Young (Concurrent Start) (G1 Evacuation Pause) 872M->670M(978M) 56.525ms
[304.717s][info][gc,cpu         ] GC(731) User=0.12s Sys=0.00s Real=0.06s
[304.717s][info][gc             ] GC(732) Concurrent Mark Cycle
[304.721s][info][gc,marking     ] GC(732) Concurrent Scan Root Regions
[304.778s][info][gc,marking     ] GC(732) Concurrent Scan Root Regions 56.857ms
[304.778s][info][gc,marking     ] GC(732) Concurrent Mark
[304.778s][info][gc,marking     ] GC(732) Concurrent Mark From Roots
[304.778s][info][gc,task        ] GC(732) Using 1 workers of 1 for marking
[305.120s][info][gc,start       ] GC(733) Pause Young (Normal) (G1 Evacuation Pause)
[305.120s][info][gc,task        ] GC(733) Using 2 workers of 2 for evacuation
[305.214s][info][gc,phases      ] GC(733)   Pre Evacuate Collection Set: 0.29ms
[305.214s][info][gc,phases      ] GC(733)   Merge Heap Roots: 0.44ms
[305.214s][info][gc,phases      ] GC(733)   Evacuate Collection Set: 92.34ms
[305.214s][info][gc,phases      ] GC(733)   Post Evacuate Collection Set: 0.54ms
[305.214s][info][gc,phases      ] GC(733)   Other: 0.08ms
[305.214s][info][gc,heap        ] GC(733) Eden regions: 210->0(171)
[305.214s][info][gc,heap        ] GC(733) Survivor regions: 33->31(31)
[305.214s][info][gc,heap        ] GC(733) Old regions: 630->674
[305.214s][info][gc,heap        ] GC(733) Humongous regions: 11->11
[305.214s][info][gc,metaspace   ] GC(733) Metaspace: 18832K(19008K)->18832K(19008K) NonClass: 16166K(16256K)->16166K(16256K) Class: 2666K(2752K)->2666K(2752K)
[305.214s][info][gc             ] GC(733) Pause Young (Normal) (G1 Evacuation Pause) 883M->715M(978M) 93.930ms
[305.214s][info][gc,cpu         ] GC(733) User=0.18s Sys=0.00s Real=0.10s
[305.457s][info][gc,start       ] GC(734) Pause Young (Normal) (G1 Evacuation Pause)
[305.458s][info][gc,task        ] GC(734) Using 2 workers of 2 for evacuation
[305.516s][info][gc,phases      ] GC(734)   Pre Evacuate Collection Set: 0.48ms
[305.516s][info][gc,phases      ] GC(734)   Merge Heap Roots: 0.34ms
[305.516s][info][gc,phases      ] GC(734)   Evacuate Collection Set: 57.29ms
[305.516s][info][gc,phases      ] GC(734)   Post Evacuate Collection Set: 0.41ms
[305.516s][info][gc,phases      ] GC(734)   Other: 0.07ms
[305.516s][info][gc,heap        ] GC(734) Eden regions: 171->0(167)
[305.516s][info][gc,heap        ] GC(734) Survivor regions: 31->15(26)
[305.516s][info][gc,heap        ] GC(734) Old regions: 674->705
[305.516s][info][gc,heap        ] GC(734) Humongous regions: 11->11
[305.516s][info][gc,metaspace   ] GC(734) Metaspace: 18832K(19008K)->18832K(19008K) NonClass: 16166K(16256K)->16166K(16256K) Class: 2666K(2752K)->2666K(2752K)
[305.516s][info][gc             ] GC(734) Pause Young (Normal) (G1 Evacuation Pause) 886M->730M(978M) 58.839ms
[305.516s][info][gc,cpu         ] GC(734) User=0.12s Sys=0.00s Real=0.06s
[305.781s][info][gc,start       ] GC(735) Pause Young (Normal) (G1 Evacuation Pause)
[305.781s][info][gc,task        ] GC(735) Using 2 workers of 2 for evacuation
[305.806s][info][gc,phases      ] GC(735)   Pre Evacuate Collection Set: 0.29ms
[305.806s][info][gc,phases      ] GC(735)   Merge Heap Roots: 0.20ms
[305.806s][info][gc,phases      ] GC(735)   Evacuate Collection Set: 23.79ms
[305.806s][info][gc,phases      ] GC(735)   Post Evacuate Collection Set: 0.35ms
[305.806s][info][gc,phases      ] GC(735)   Other: 0.10ms
[305.806s][info][gc,heap        ] GC(735) Eden regions: 167->0(173)
[305.806s][info][gc,heap        ] GC(735) Survivor regions: 15->5(23)
[305.806s][info][gc,heap        ] GC(735) Old regions: 705->720
[305.806s][info][gc,heap        ] GC(735) Humongous regions: 11->11
[305.806s][info][gc,metaspace   ] GC(735) Metaspace: 18832K(19008K)->18832K(19008K) NonClass: 16166K(16256K)->16166K(16256K) Class: 2666K(2752K)->2666K(2752K)
[305.806s][info][gc             ] GC(735) Pause Young (Normal) (G1 Evacuation Pause) 897M->735M(978M) 24.952ms
[305.806s][info][gc,cpu         ] GC(735) User=0.05s Sys=0.00s Real=0.02s
[306.041s][info][gc,marking     ] GC(732) Concurrent Mark From Roots 1263.417ms
[306.041s][info][gc,marking     ] GC(732) Concurrent Preclean
[306.041s][info][gc,marking     ] GC(732) Concurrent Preclean 0.029ms
[306.042s][info][gc,start       ] GC(732) Pause Remark
[306.050s][info][gc             ] GC(732) Pause Remark 872M->769M(978M) 7.586ms
[306.050s][info][gc,cpu         ] GC(732) User=0.01s Sys=0.00s Real=0.00s
[306.050s][info][gc,marking     ] GC(732) Concurrent Mark 1271.828ms
[306.050s][info][gc,marking     ] GC(732) Concurrent Rebuild Remembered Sets and Scrub Regions
[306.162s][info][gc,start       ] GC(736) Pause Young (Normal) (G1 Evacuation Pause)
[306.162s][info][gc,task        ] GC(736) Using 2 workers of 2 for evacuation
[306.187s][info][gc,phases      ] GC(736)   Pre Evacuate Collection Set: 0.47ms
[306.187s][info][gc,phases      ] GC(736)   Merge Heap Roots: 0.14ms
[306.187s][info][gc,phases      ] GC(736)   Evacuate Collection Set: 23.57ms
[306.187s][info][gc,phases      ] GC(736)   Post Evacuate Collection Set: 0.42ms
[306.187s][info][gc,phases      ] GC(736)   Other: 0.10ms
[306.187s][info][gc,heap        ] GC(736) Eden regions: 173->0(233)
[306.187s][info][gc,heap        ] GC(736) Survivor regions: 5->20(23)
[306.187s][info][gc,heap        ] GC(736) Old regions: 621->621
[306.187s][info][gc,heap        ] GC(736) Humongous regions: 7->7
[306.187s][info][gc,metaspace   ] GC(736) Metaspace: 18832K(19008K)->18832K(19008K) NonClass: 16166K(16256K)->16166K(16256K) Class: 2666K(2752K)->2666K(2752K)
[306.187s][info][gc             ] GC(736) Pause Young (Normal) (G1 Evacuation Pause) 805M->646M(978M) 24.927ms
[306.187s][info][gc,cpu         ] GC(736) User=0.05s Sys=0.00s Real=0.02s
[306.686s][info][gc,marking     ] GC(732) Concurrent Rebuild Remembered Sets and Scrub Regions 635.881ms
[306.687s][info][gc,start       ] GC(732) Pause Cleanup
[306.687s][info][gc             ] GC(732) Pause Cleanup 793M->793M(978M) 0.187ms
[306.687s][info][gc,cpu         ] GC(732) User=0.00s Sys=0.00s Real=0.00s
[306.687s][info][gc,marking     ] GC(732) Concurrent Clear Claimed Marks
[306.687s][info][gc,marking     ] GC(732) Concurrent Clear Claimed Marks 0.048ms
[306.687s][info][gc,marking     ] GC(732) Concurrent Cleanup for Next Mark
[306.693s][info][gc,marking     ] GC(732) Concurrent Cleanup for Next Mark 5.587ms
[306.693s][info][gc             ] GC(732) Concurrent Mark Cycle 1975.815ms
[306.885s][info][gc,start       ] GC(737) Pause Young (Prepare Mixed) (G1 Evacuation Pause)
[306.886s][info][gc,task        ] GC(737) Using 2 workers of 2 for evacuation
[306.932s][info][gc,phases      ] GC(737)   Pre Evacuate Collection Set: 0.30ms
[306.932s][info][gc,phases      ] GC(737)   Merge Heap Roots: 0.50ms
[306.932s][info][gc,phases      ] GC(737)   Evacuate Collection Set: 44.95ms
[306.932s][info][gc,phases      ] GC(737)   Post Evacuate Collection Set: 0.52ms
[306.932s][info][gc,phases      ] GC(737)   Other: 0.08ms
[306.932s][info][gc,heap        ] GC(737) Eden regions: 233->0(233)
[306.932s][info][gc,heap        ] GC(737) Survivor regions: 20->28(32)
[306.932s][info][gc,heap        ] GC(737) Old regions: 621->626
[306.932s][info][gc,heap        ] GC(737) Humongous regions: 7->7
[306.932s][info][gc,metaspace   ] GC(737) Metaspace: 18832K(19008K)->18832K(19008K) NonClass: 16166K(16256K)->16166K(16256K) Class: 2666K(2752K)->2666K(2752K)
[306.932s][info][gc             ] GC(737) Pause Young (Prepare Mixed) (G1 Evacuation Pause) 879M->659M(978M) 46.592ms
[306.932s][info][gc,cpu         ] GC(737) User=0.09s Sys=0.00s Real=0.05s
[307.169s][info][gc,start       ] GC(738) Pause Young (Mixed) (G1 Evacuation Pause)
[307.169s][info][gc,task        ] GC(738) Using 2 workers of 2 for evacuation
[307.275s][info][gc,phases      ] GC(738)   Pre Evacuate Collection Set: 0.34ms
[307.275s][info][gc,phases      ] GC(738)   Merge Heap Roots: 0.39ms
[307.275s][info][gc,phases      ] GC(738)   Evacuate Collection Set: 98.90ms
[307.275s][info][gc,phases      ] GC(738)   Post Evacuate Collection Set: 5.94ms
[307.275s][info][gc,phases      ] GC(738)   Other: 0.08ms
[307.275s][info][gc,heap        ] GC(738) Eden regions: 233->0(206)
[307.275s][info][gc,heap        ] GC(738) Survivor regions: 28->33(33)
[307.275s][info][gc,heap        ] GC(738) Old regions: 626->641
[307.275s][info][gc,heap        ] GC(738) Humongous regions: 7->7
[307.275s][info][gc,metaspace   ] GC(738) Metaspace: 18832K(19008K)->18832K(19008K) NonClass: 16166K(16256K)->16166K(16256K) Class: 2666K(2752K)->2666K(2752K)
[307.275s][info][gc             ] GC(738) Pause Young (Mixed) (G1 Evacuation Pause) (Evacuation Failure: Allocation) 892M->680M(978M) 105.878ms
[307.275s][info][gc,cpu         ] GC(738) User=0.21s Sys=0.00s Real=0.11s
[307.631s][info][gc,start       ] GC(739) Pause Young (Mixed) (G1 Evacuation Pause)
[307.631s][info][gc,task        ] GC(739) Using 2 workers of 2 for evacuation
[307.773s][info][gc,phases      ] GC(739)   Pre Evacuate Collection Set: 0.38ms
[307.773s][info][gc,phases      ] GC(739)   Merge Heap Roots: 1.22ms
[307.773s][info][gc,phases      ] GC(739)   Evacuate Collection Set: 106.99ms
[307.773s][info][gc,phases      ] GC(739)   Merge Optional Heap Roots: 0.44ms
[307.773s][info][gc,phases      ] GC(739)   Evacuate Optional Collection Set: 31.23ms
[307.773s][info][gc,phases      ] GC(739)   Post Evacuate Collection Set: 1.26ms
[307.773s][info][gc,phases      ] GC(739)   Other: 0.13ms
[307.773s][info][gc,heap        ] GC(739) Eden regions: 206->0(113)
[307.773s][info][gc,heap        ] GC(739) Survivor regions: 33->20(30)
[307.773s][info][gc,heap        ] GC(739) Old regions: 641->606
[307.773s][info][gc,heap        ] GC(739) Humongous regions: 10->10
[307.773s][info][gc,metaspace   ] GC(739) Metaspace: 18832K(19008K)->18832K(19008K) NonClass: 16166K(16256K)->16166K(16256K) Class: 2666K(2752K)->2666K(2752K)
[307.773s][info][gc             ] GC(739) Pause Young (Mixed) (G1 Evacuation Pause) 889M->635M(978M) 141.889ms
[307.773s][info][gc,cpu         ] GC(739) User=0.28s Sys=0.00s Real=0.15s
[307.962s][info][gc,start       ] GC(740) Pause Young (Mixed) (G1 Evacuation Pause)
[307.962s][info][gc,task        ] GC(740) Using 2 workers of 2 for evacuation
[308.128s][info][gc,phases      ] GC(740)   Pre Evacuate Collection Set: 0.28ms
[308.128s][info][gc,phases      ] GC(740)   Merge Heap Roots: 2.56ms
[308.128s][info][gc,phases      ] GC(740)   Evacuate Collection Set: 161.36ms
[308.128s][info][gc,phases      ] GC(740)   Post Evacuate Collection Set: 1.39ms
[308.128s][info][gc,phases      ] GC(740)   Other: 0.07ms
[308.128s][info][gc,heap        ] GC(740) Eden regions: 105->0(219)
[308.128s][info][gc,heap        ] GC(740) Survivor regions: 20->16(16)
[308.128s][info][gc,heap        ] GC(740) Old regions: 606->630
[308.128s][info][gc,heap        ] GC(740) Humongous regions: 10->10
[308.128s][info][gc,metaspace   ] GC(740) Metaspace: 18832K(19008K)->18832K(19008K) NonClass: 16166K(16256K)->16166K(16256K) Class: 2666K(2752K)->2666K(2752K)
[308.128s][info][gc             ] GC(740) Pause Young (Mixed) (G1 Evacuation Pause) 740M->655M(978M) 165.942ms
[308.128s][info][gc,cpu         ] GC(740) User=0.33s Sys=0.00s Real=0.16s
[308.349s][info][gc,start       ] GC(741) Pause Young (Concurrent Start) (G1 Evacuation Pause)
[308.349s][info][gc,task        ] GC(741) Using 2 workers of 2 for evacuation
[308.395s][info][gc,phases      ] GC(741)   Pre Evacuate Collection Set: 0.32ms
[308.395s][info][gc,phases      ] GC(741)   Merge Heap Roots: 0.18ms
[308.395s][info][gc,phases      ] GC(741)   Evacuate Collection Set: 44.73ms
[308.395s][info][gc,phases      ] GC(741)   Post Evacuate Collection Set: 0.49ms
[308.395s][info][gc,phases      ] GC(741)   Other: 0.11ms
[308.395s][info][gc,heap        ] GC(741) Eden regions: 219->0(205)
[308.395s][info][gc,heap        ] GC(741) Survivor regions: 16->25(30)
[308.395s][info][gc,heap        ] GC(741) Old regions: 630->646
[308.395s][info][gc,heap        ] GC(741) Humongous regions: 10->10
[308.395s][info][gc,metaspace   ] GC(741) Metaspace: 18832K(19008K)->18832K(19008K) NonClass: 16166K(16256K)->16166K(16256K) Class: 2666K(2752K)->2666K(2752K)
[308.395s][info][gc             ] GC(741) Pause Young (Concurrent Start) (G1 Evacuation Pause) 874M->679M(978M) 46.100ms
[308.395s][info][gc,cpu         ] GC(741) User=0.09s Sys=0.00s Real=0.05s
[308.395s][info][gc             ] GC(742) Concurrent Mark Cycle
[308.395s][info][gc,marking     ] GC(742) Concurrent Scan Root Regions
[308.473s][info][gc,marking     ] GC(742) Concurrent Scan Root Regions 77.879ms
[308.473s][info][gc,marking     ] GC(742) Concurrent Mark
[308.473s][info][gc,marking     ] GC(742) Concurrent Mark From Roots
[308.473s][info][gc,task        ] GC(742) Using 1 workers of 1 for marking
[308.736s][info][gc,start       ] GC(743) Pause Young (Normal) (G1 Evacuation Pause)
[308.736s][info][gc,task        ] GC(743) Using 2 workers of 2 for evacuation
[308.768s][info][gc,phases      ] GC(743)   Pre Evacuate Collection Set: 0.52ms
[308.768s][info][gc,phases      ] GC(743)   Merge Heap Roots: 0.19ms
[308.768s][info][gc,phases      ] GC(743)   Evacuate Collection Set: 30.98ms
[308.768s][info][gc,phases      ] GC(743)   Post Evacuate Collection Set: 0.42ms
[308.768s][info][gc,phases      ] GC(743)   Other: 0.10ms
[308.768s][info][gc,heap        ] GC(743) Eden regions: 205->0(213)
[308.768s][info][gc,heap        ] GC(743) Survivor regions: 25->5(29)
[308.768s][info][gc,heap        ] GC(743) Old regions: 646->670
[308.768s][info][gc,heap        ] GC(743) Humongous regions: 10->10
[308.768s][info][gc,metaspace   ] GC(743) Metaspace: 18832K(19008K)->18832K(19008K) NonClass: 16166K(16256K)->16166K(16256K) Class: 2666K(2752K)->2666K(2752K)
[308.768s][info][gc             ] GC(743) Pause Young (Normal) (G1 Evacuation Pause) 884M->684M(978M) 32.406ms
[308.768s][info][gc,cpu         ] GC(743) User=0.06s Sys=0.00s Real=0.03s
[309.270s][info][gc,start       ] GC(744) Pause Young (Normal) (G1 Evacuation Pause)
[309.271s][info][gc,task        ] GC(744) Using 2 workers of 2 for evacuation
[309.290s][info][gc,phases      ] GC(744)   Pre Evacuate Collection Set: 0.29ms
[309.290s][info][gc,phases      ] GC(744)   Merge Heap Roots: 0.14ms
[309.290s][info][gc,phases      ] GC(744)   Evacuate Collection Set: 18.13ms
[309.290s][info][gc,phases      ] GC(744)   Post Evacuate Collection Set: 0.40ms
[309.290s][info][gc,phases      ] GC(744)   Other: 0.10ms
[309.290s][info][gc,heap        ] GC(744) Eden regions: 213->0(210)
[309.290s][info][gc,heap        ] GC(744) Survivor regions: 5->17(28)
[309.290s][info][gc,heap        ] GC(744) Old regions: 670->670
[309.290s][info][gc,heap        ] GC(744) Humongous regions: 10->10
[309.290s][info][gc,metaspace   ] GC(744) Metaspace: 18832K(19008K)->18832K(19008K) NonClass: 16166K(16256K)->16166K(16256K) Class: 2666K(2752K)->2666K(2752K)
[309.290s][info][gc             ] GC(744) Pause Young (Normal) (G1 Evacuation Pause) 897M->695M(978M) 19.268ms
[309.290s][info][gc,cpu         ] GC(744) User=0.04s Sys=0.00s Real=0.02s
[309.945s][info][gc,marking     ] GC(742) Concurrent Mark From Roots 1471.788ms
[309.945s][info][gc,marking     ] GC(742) Concurrent Preclean
[309.945s][info][gc,marking     ] GC(742) Concurrent Preclean 0.039ms
[309.945s][info][gc,start       ] GC(742) Pause Remark
[309.953s][info][gc             ] GC(742) Pause Remark 882M->758M(978M) 7.576ms
[309.953s][info][gc,cpu         ] GC(742) User=0.01s Sys=0.00s Real=0.01s
[309.953s][info][gc,marking     ] GC(742) Concurrent Mark 1479.730ms
[309.953s][info][gc,marking     ] GC(742) Concurrent Rebuild Remembered Sets and Scrub Regions
[310.056s][info][gc,start       ] GC(745) Pause Young (Normal) (G1 Evacuation Pause)
[310.056s][info][gc,task        ] GC(745) Using 2 workers of 2 for evacuation
[310.101s][info][gc,phases      ] GC(745)   Pre Evacuate Collection Set: 0.28ms
[310.101s][info][gc,phases      ] GC(745)   Merge Heap Roots: 0.45ms
[310.101s][info][gc,phases      ] GC(745)   Evacuate Collection Set: 43.96ms
[310.101s][info][gc,phases      ] GC(745)   Post Evacuate Collection Set: 0.42ms
[310.101s][info][gc,phases      ] GC(745)   Other: 0.09ms
[310.101s][info][gc,heap        ] GC(745) Eden regions: 210->0(287)
[310.101s][info][gc,heap        ] GC(745) Survivor regions: 17->27(29)
[310.101s][info][gc,heap        ] GC(745) Old regions: 550->555
[310.101s][info][gc,heap        ] GC(745) Humongous regions: 6->6
[310.101s][info][gc,metaspace   ] GC(745) Metaspace: 18832K(19008K)->18832K(19008K) NonClass: 16166K(16256K)->16166K(16256K) Class: 2666K(2752K)->2666K(2752K)
[310.101s][info][gc             ] GC(745) Pause Young (Normal) (G1 Evacuation Pause) 781M->586M(978M) 45.433ms
[310.101s][info][gc,cpu         ] GC(745) User=0.09s Sys=0.00s Real=0.05s
[310.380s][info][gc,marking     ] GC(742) Concurrent Rebuild Remembered Sets and Scrub Regions 427.731ms
[310.381s][info][gc,start       ] GC(742) Pause Cleanup
[310.381s][info][gc             ] GC(742) Pause Cleanup 681M->681M(978M) 0.106ms
[310.381s][info][gc,cpu         ] GC(742) User=0.00s Sys=0.00s Real=0.00s
[310.381s][info][gc,marking     ] GC(742) Concurrent Clear Claimed Marks
[310.381s][info][gc,marking     ] GC(742) Concurrent Clear Claimed Marks 0.029ms
[310.381s][info][gc,marking     ] GC(742) Concurrent Cleanup for Next Mark
[310.384s][info][gc,marking     ] GC(742) Concurrent Cleanup for Next Mark 2.885ms
[310.384s][info][gc             ] GC(742) Concurrent Mark Cycle 1988.762ms
[310.579s][info][gc,start       ] GC(746) Pause Young (Prepare Mixed) (G1 Evacuation Pause)
[310.579s][info][gc,task        ] GC(746) Using 2 workers of 2 for evacuation
[310.675s][info][gc,phases      ] GC(746)   Pre Evacuate Collection Set: 0.48ms
[310.675s][info][gc,phases      ] GC(746)   Merge Heap Roots: 0.26ms
[310.675s][info][gc,phases      ] GC(746)   Evacuate Collection Set: 94.24ms
[310.675s][info][gc,phases      ] GC(746)   Post Evacuate Collection Set: 0.88ms
[310.675s][info][gc,phases      ] GC(746)   Other: 0.10ms
[310.675s][info][gc,heap        ] GC(746) Eden regions: 287->0(207)
[310.675s][info][gc,heap        ] GC(746) Survivor regions: 27->40(40)
[310.675s][info][gc,heap        ] GC(746) Old regions: 555->612
[310.675s][info][gc,heap        ] GC(746) Humongous regions: 6->6
[310.675s][info][gc,metaspace   ] GC(746) Metaspace: 18832K(19008K)->18832K(19008K) NonClass: 16166K(16256K)->16166K(16256K) Class: 2666K(2752K)->2666K(2752K)
[310.675s][info][gc             ] GC(746) Pause Young (Prepare Mixed) (G1 Evacuation Pause) 873M->657M(978M) 96.178ms
[310.675s][info][gc,cpu         ] GC(746) User=0.19s Sys=0.00s Real=0.10s
[311.056s][info][gc,start       ] GC(747) Pause Young (Mixed) (G1 Evacuation Pause)
[311.056s][info][gc,task        ] GC(747) Using 2 workers of 2 for evacuation
[311.135s][info][gc,phases      ] GC(747)   Pre Evacuate Collection Set: 0.34ms
[311.135s][info][gc,phases      ] GC(747)   Merge Heap Roots: 0.54ms
[311.135s][info][gc,phases      ] GC(747)   Evacuate Collection Set: 76.87ms
[311.135s][info][gc,phases      ] GC(747)   Post Evacuate Collection Set: 0.59ms
[311.135s][info][gc,phases      ] GC(747)   Other: 0.08ms
[311.135s][info][gc,heap        ] GC(747) Eden regions: 207->0(221)
[311.135s][info][gc,heap        ] GC(747) Survivor regions: 40->17(31)
[311.135s][info][gc,heap        ] GC(747) Old regions: 612->626
[311.135s][info][gc,heap        ] GC(747) Humongous regions: 9->9
[311.135s][info][gc,metaspace   ] GC(747) Metaspace: 18832K(19008K)->18832K(19008K) NonClass: 16166K(16256K)->16166K(16256K) Class: 2666K(2752K)->2666K(2752K)
[311.135s][info][gc             ] GC(747) Pause Young (Mixed) (G1 Evacuation Pause) 867M->651M(978M) 78.684ms
[311.135s][info][gc,cpu         ] GC(747) User=0.16s Sys=0.00s Real=0.08s
[311.401s][info][gc,start       ] GC(748) Pause Young (Concurrent Start) (G1 Evacuation Pause)
[311.401s][info][gc,task        ] GC(748) Using 2 workers of 2 for evacuation
[311.482s][info][gc,phases      ] GC(748)   Pre Evacuate Collection Set: 0.31ms
[311.482s][info][gc,phases      ] GC(748)   Merge Heap Roots: 0.35ms
[311.482s][info][gc,phases      ] GC(748)   Evacuate Collection Set: 79.35ms
[311.482s][info][gc,phases      ] GC(748)   Post Evacuate Collection Set: 0.53ms
[311.482s][info][gc,phases      ] GC(748)   Other: 0.10ms
[311.482s][info][gc,heap        ] GC(748) Eden regions: 221->0(188)
[311.482s][info][gc,heap        ] GC(748) Survivor regions: 17->30(30)
[311.482s][info][gc,heap        ] GC(748) Old regions: 626->652
[311.482s][info][gc,heap        ] GC(748) Humongous regions: 9->9
[311.482s][info][gc,metaspace   ] GC(748) Metaspace: 18832K(19008K)->18832K(19008K) NonClass: 16166K(16256K)->16166K(16256K) Class: 2666K(2752K)->2666K(2752K)
[311.482s][info][gc             ] GC(748) Pause Young (Concurrent Start) (G1 Evacuation Pause) 872M->690M(978M) 80.892ms
[311.482s][info][gc,cpu         ] GC(748) User=0.16s Sys=0.00s Real=0.08s
[311.482s][info][gc             ] GC(749) Concurrent Mark Cycle
[311.482s][info][gc,marking     ] GC(749) Concurrent Scan Root Regions
[311.605s][info][gc,marking     ] GC(749) Concurrent Scan Root Regions 122.849ms
[311.605s][info][gc,marking     ] GC(749) Concurrent Mark
[311.605s][info][gc,marking     ] GC(749) Concurrent Mark From Roots
[311.605s][info][gc,task        ] GC(749) Using 1 workers of 1 for marking
[311.746s][info][gc,start       ] GC(750) Pause Young (Normal) (G1 Evacuation Pause)
[311.746s][info][gc,task        ] GC(750) Using 2 workers of 2 for evacuation
[311.783s][info][gc,phases      ] GC(750)   Pre Evacuate Collection Set: 0.29ms
[311.783s][info][gc,phases      ] GC(750)   Merge Heap Roots: 0.20ms
[311.783s][info][gc,phases      ] GC(750)   Evacuate Collection Set: 35.99ms
[311.783s][info][gc,phases      ] GC(750)   Post Evacuate Collection Set: 0.39ms
[311.783s][info][gc,phases      ] GC(750)   Other: 0.07ms
[311.783s][info][gc,heap        ] GC(750) Eden regions: 188->0(197)
[311.783s][info][gc,heap        ] GC(750) Survivor regions: 30->4(28)
[311.783s][info][gc,heap        ] GC(750) Old regions: 652->683
[311.783s][info][gc,heap        ] GC(750) Humongous regions: 9->9
[311.783s][info][gc,metaspace   ] GC(750) Metaspace: 18832K(19008K)->18832K(19008K) NonClass: 16166K(16256K)->16166K(16256K) Class: 2666K(2752K)->2666K(2752K)
[311.783s][info][gc             ] GC(750) Pause Young (Normal) (G1 Evacuation Pause) 878M->695M(978M) 37.145ms
[311.783s][info][gc,cpu         ] GC(750) User=0.08s Sys=0.00s Real=0.04s
[312.120s][info][gc,start       ] GC(751) Pause Young (Normal) (G1 Evacuation Pause)
[312.120s][info][gc,task        ] GC(751) Using 2 workers of 2 for evacuation
[312.136s][info][gc,phases      ] GC(751)   Pre Evacuate Collection Set: 0.30ms
[312.136s][info][gc,phases      ] GC(751)   Merge Heap Roots: 0.22ms
[312.136s][info][gc,phases      ] GC(751)   Evacuate Collection Set: 14.48ms
[312.136s][info][gc,phases      ] GC(751)   Post Evacuate Collection Set: 0.41ms
[312.136s][info][gc,phases      ] GC(751)   Other: 0.08ms
[312.136s][info][gc,heap        ] GC(751) Eden regions: 197->0(206)
[312.136s][info][gc,heap        ] GC(751) Survivor regions: 4->8(26)
[312.136s][info][gc,heap        ] GC(751) Old regions: 683->683
[312.136s][info][gc,heap        ] GC(751) Humongous regions: 9->9
[312.136s][info][gc,metaspace   ] GC(751) Metaspace: 18832K(19008K)->18832K(19008K) NonClass: 16166K(16256K)->16166K(16256K) Class: 2666K(2752K)->2666K(2752K)
[312.136s][info][gc             ] GC(751) Pause Young (Normal) (G1 Evacuation Pause) 892M->699M(978M) 15.727ms
[312.136s][info][gc,cpu         ] GC(751) User=0.03s Sys=0.00s Real=0.02s
[312.612s][info][gc,start       ] GC(752) Pause Young (Normal) (G1 Evacuation Pause)
[312.613s][info][gc,task        ] GC(752) Using 2 workers of 2 for evacuation
[312.653s][info][gc,phases      ] GC(752)   Pre Evacuate Collection Set: 0.30ms
[312.653s][info][gc,phases      ] GC(752)   Merge Heap Roots: 0.25ms
[312.653s][info][gc,phases      ] GC(752)   Evacuate Collection Set: 39.82ms
[312.653s][info][gc,phases      ] GC(752)   Post Evacuate Collection Set: 0.40ms
[312.653s][info][gc,phases      ] GC(752)   Other: 0.09ms
[312.653s][info][gc,heap        ] GC(752) Eden regions: 206->0(175)
[312.653s][info][gc,heap        ] GC(752) Survivor regions: 8->27(27)
[312.653s][info][gc,heap        ] GC(752) Old regions: 683->690
[312.653s][info][gc,heap        ] GC(752) Humongous regions: 9->9
[312.653s][info][gc,metaspace   ] GC(752) Metaspace: 18832K(19008K)->18832K(19008K) NonClass: 16166K(16256K)->16166K(16256K) Class: 2666K(2752K)->2666K(2752K)
[312.654s][info][gc             ] GC(752) Pause Young (Normal) (G1 Evacuation Pause) 905M->725M(978M) 41.074ms
[312.654s][info][gc,cpu         ] GC(752) User=0.08s Sys=0.00s Real=0.04s
[313.328s][info][gc,marking     ] GC(749) Concurrent Mark From Roots 1723.056ms
[313.328s][info][gc,marking     ] GC(749) Concurrent Preclean
[313.328s][info][gc,marking     ] GC(749) Concurrent Preclean 0.044ms
[313.329s][info][gc,start       ] GC(749) Pause Remark
[313.336s][info][gc             ] GC(749) Pause Remark 865M->848M(978M) 7.472ms
[313.336s][info][gc,cpu         ] GC(749) User=0.02s Sys=0.00s Real=0.01s
[313.337s][info][gc,marking     ] GC(749) Concurrent Mark 1731.862ms
[313.337s][info][gc,marking     ] GC(749) Concurrent Rebuild Remembered Sets and Scrub Regions
[313.406s][info][gc,start       ] GC(753) Pause Young (Normal) (G1 Evacuation Pause)
[313.406s][info][gc,task        ] GC(753) Using 2 workers of 2 for evacuation
[313.448s][info][gc,phases      ] GC(753)   Pre Evacuate Collection Set: 0.47ms
[313.448s][info][gc,phases      ] GC(753)   Merge Heap Roots: 0.48ms
[313.448s][info][gc,phases      ] GC(753)   Evacuate Collection Set: 40.30ms
[313.448s][info][gc,phases      ] GC(753)   Post Evacuate Collection Set: 0.45ms
[313.448s][info][gc,phases      ] GC(753)   Other: 0.09ms
[313.448s][info][gc,heap        ] GC(753) Eden regions: 175->0(204)
[313.448s][info][gc,heap        ] GC(753) Survivor regions: 27->1(26)
[313.448s][info][gc,heap        ] GC(753) Old regions: 674->701
[313.448s][info][gc,heap        ] GC(753) Humongous regions: 8->8
[313.448s][info][gc,metaspace   ] GC(753) Metaspace: 18832K(19008K)->18832K(19008K) NonClass: 16166K(16256K)->16166K(16256K) Class: 2666K(2752K)->2666K(2752K)
[313.448s][info][gc             ] GC(753) Pause Young (Normal) (G1 Evacuation Pause) 883M->709M(978M) 41.982ms
[313.448s][info][gc,cpu         ] GC(753) User=0.09s Sys=0.00s Real=0.04s
[313.961s][info][gc,start       ] GC(754) Pause Young (Normal) (G1 Evacuation Pause)
[313.961s][info][gc,task        ] GC(754) Using 2 workers of 2 for evacuation
[313.988s][info][gc,phases      ] GC(754)   Pre Evacuate Collection Set: 0.49ms
[313.988s][info][gc,phases      ] GC(754)   Merge Heap Roots: 0.26ms
[313.988s][info][gc,phases      ] GC(754)   Evacuate Collection Set: 25.72ms
[313.988s][info][gc,phases      ] GC(754)   Post Evacuate Collection Set: 0.47ms
[313.988s][info][gc,phases      ] GC(754)   Other: 0.10ms
[313.988s][info][gc,heap        ] GC(754) Eden regions: 204->0(179)
[313.988s][info][gc,heap        ] GC(754) Survivor regions: 1->20(26)
[313.988s][info][gc,heap        ] GC(754) Old regions: 701->701
[313.988s][info][gc,heap        ] GC(754) Humongous regions: 8->8
[313.988s][info][gc,metaspace   ] GC(754) Metaspace: 18836K(19008K)->18836K(19008K) NonClass: 16169K(16256K)->16169K(16256K) Class: 2666K(2752K)->2666K(2752K)
[313.988s][info][gc             ] GC(754) Pause Young (Normal) (G1 Evacuation Pause) 913M->728M(978M) 27.264ms
[313.988s][info][gc,cpu         ] GC(754) User=0.06s Sys=0.00s Real=0.03s
[314.053s][info][gc,marking     ] GC(749) Concurrent Rebuild Remembered Sets and Scrub Regions 715.482ms
[314.053s][info][gc,start       ] GC(749) Pause Cleanup
[314.053s][info][gc             ] GC(749) Pause Cleanup 760M->760M(978M) 0.102ms
[314.053s][info][gc,cpu         ] GC(749) User=0.00s Sys=0.00s Real=0.00s
[314.053s][info][gc,marking     ] GC(749) Concurrent Clear Claimed Marks
[314.053s][info][gc,marking     ] GC(749) Concurrent Clear Claimed Marks 0.025ms
[314.053s][info][gc,marking     ] GC(749) Concurrent Cleanup for Next Mark
[314.056s][info][gc,marking     ] GC(749) Concurrent Cleanup for Next Mark 2.841ms
[314.056s][info][gc             ] GC(749) Concurrent Mark Cycle 2573.575ms
[314.222s][info][gc,start       ] GC(755) Pause Young (Prepare Mixed) (G1 Evacuation Pause)
[314.222s][info][gc,task        ] GC(755) Using 2 workers of 2 for evacuation
[314.256s][info][gc,phases      ] GC(755)   Pre Evacuate Collection Set: 0.28ms
[314.256s][info][gc,phases      ] GC(755)   Merge Heap Roots: 0.26ms
[314.256s][info][gc,phases      ] GC(755)   Evacuate Collection Set: 32.58ms
[314.256s][info][gc,phases      ] GC(755)   Post Evacuate Collection Set: 0.50ms
[314.256s][info][gc,phases      ] GC(755)   Other: 0.09ms
[314.256s][info][gc,heap        ] GC(755) Eden regions: 179->0(166)
[314.256s][info][gc,heap        ] GC(755) Survivor regions: 20->24(25)
[314.256s][info][gc,heap        ] GC(755) Old regions: 701->706
[314.256s][info][gc,heap        ] GC(755) Humongous regions: 8->8
[314.256s][info][gc,metaspace   ] GC(755) Metaspace: 18838K(19008K)->18838K(19008K) NonClass: 16171K(16256K)->16171K(16256K) Class: 2666K(2752K)->2666K(2752K)
[314.256s][info][gc             ] GC(755) Pause Young (Prepare Mixed) (G1 Evacuation Pause) 907M->737M(978M) 33.939ms
[314.256s][info][gc,cpu         ] GC(755) User=0.07s Sys=0.00s Real=0.03s
[314.420s][info][gc,start       ] GC(756) Pause Young (Mixed) (G1 Evacuation Pause)
[314.420s][info][gc,task        ] GC(756) Using 2 workers of 2 for evacuation
[314.549s][info][gc,phases      ] GC(756)   Pre Evacuate Collection Set: 0.33ms
[314.549s][info][gc,phases      ] GC(756)   Merge Heap Roots: 1.39ms
[314.549s][info][gc,phases      ] GC(756)   Evacuate Collection Set: 126.35ms
[314.549s][info][gc,phases      ] GC(756)   Post Evacuate Collection Set: 0.48ms
[314.549s][info][gc,phases      ] GC(756)   Other: 0.09ms
[314.549s][info][gc,heap        ] GC(756) Eden regions: 166->0(176)
[314.549s][info][gc,heap        ] GC(756) Survivor regions: 24->16(24)
[314.549s][info][gc,heap        ] GC(756) Old regions: 706->712
[314.549s][info][gc,heap        ] GC(756) Humongous regions: 8->8
[314.549s][info][gc,metaspace   ] GC(756) Metaspace: 18838K(19008K)->18838K(19008K) NonClass: 16171K(16256K)->16171K(16256K) Class: 2666K(2752K)->2666K(2752K)
[314.549s][info][gc             ] GC(756) Pause Young (Mixed) (G1 Evacuation Pause) 903M->735M(978M) 128.889ms
[314.549s][info][gc,cpu         ] GC(756) User=0.26s Sys=0.00s Real=0.13s
[314.851s][info][gc,start       ] GC(757) Pause Young (Concurrent Start) (G1 Evacuation Pause)
[314.851s][info][gc,task        ] GC(757) Using 2 workers of 2 for evacuation
[314.874s][info][gc,phases      ] GC(757)   Pre Evacuate Collection Set: 0.36ms
[314.874s][info][gc,phases      ] GC(757)   Merge Heap Roots: 0.14ms
[314.874s][info][gc,phases      ] GC(757)   Evacuate Collection Set: 22.16ms
[314.874s][info][gc,phases      ] GC(757)   Post Evacuate Collection Set: 0.43ms
[314.874s][info][gc,phases      ] GC(757)   Other: 0.23ms
[314.874s][info][gc,heap        ] GC(757) Eden regions: 176->0(184)
[314.874s][info][gc,heap        ] GC(757) Survivor regions: 16->4(24)
[314.874s][info][gc,heap        ] GC(757) Old regions: 712->728
[314.874s][info][gc,heap        ] GC(757) Humongous regions: 8->8
[314.874s][info][gc,metaspace   ] GC(757) Metaspace: 18838K(19008K)->18838K(19008K) NonClass: 16172K(16256K)->16172K(16256K) Class: 2666K(2752K)->2666K(2752K)
[314.875s][info][gc             ] GC(757) Pause Young (Concurrent Start) (G1 Evacuation Pause) 911M->738M(978M) 23.564ms
[314.875s][info][gc             ] GC(758) Concurrent Mark Cycle
[314.875s][info][gc,marking     ] GC(758) Concurrent Scan Root Regions
[314.877s][info][gc,cpu         ] GC(757) User=0.04s Sys=0.00s Real=0.02s
[314.907s][info][gc,marking     ] GC(758) Concurrent Scan Root Regions 32.917ms
[314.908s][info][gc,marking     ] GC(758) Concurrent Mark
[314.908s][info][gc,marking     ] GC(758) Concurrent Mark From Roots
[314.908s][info][gc,task        ] GC(758) Using 1 workers of 1 for marking
[315.324s][info][gc,start       ] GC(759) Pause Young (Normal) (G1 Evacuation Pause)
[315.324s][info][gc,task        ] GC(759) Using 2 workers of 2 for evacuation
[315.348s][info][gc,phases      ] GC(759)   Pre Evacuate Collection Set: 0.50ms
[315.348s][info][gc,phases      ] GC(759)   Merge Heap Roots: 0.13ms
[315.348s][info][gc,phases      ] GC(759)   Evacuate Collection Set: 22.14ms
[315.348s][info][gc,phases      ] GC(759)   Post Evacuate Collection Set: 0.38ms
[315.348s][info][gc,phases      ] GC(759)   Other: 0.10ms
[315.348s][info][gc,heap        ] GC(759) Eden regions: 184->0(156)
[315.348s][info][gc,heap        ] GC(759) Survivor regions: 4->18(24)
[315.348s][info][gc,heap        ] GC(759) Old regions: 728->728
[315.348s][info][gc,heap        ] GC(759) Humongous regions: 8->8
[315.348s][info][gc,metaspace   ] GC(759) Metaspace: 18838K(19008K)->18838K(19008K) NonClass: 16172K(16256K)->16172K(16256K) Class: 2666K(2752K)->2666K(2752K)
[315.348s][info][gc             ] GC(759) Pause Young (Normal) (G1 Evacuation Pause) 922M->752M(978M) 23.483ms
[315.348s][info][gc,cpu         ] GC(759) User=0.04s Sys=0.00s Real=0.02s
[315.650s][info][gc,start       ] GC(760) Pause Young (Normal) (G1 Evacuation Pause)
[315.650s][info][gc,task        ] GC(760) Using 2 workers of 2 for evacuation
[315.685s][info][gc,phases      ] GC(760)   Pre Evacuate Collection Set: 0.52ms
[315.685s][info][gc,phases      ] GC(760)   Merge Heap Roots: 0.10ms
[315.685s][info][gc,phases      ] GC(760)   Evacuate Collection Set: 33.60ms
[315.685s][info][gc,phases      ] GC(760)   Post Evacuate Collection Set: 0.39ms
[315.685s][info][gc,phases      ] GC(760)   Other: 0.09ms
[315.685s][info][gc,heap        ] GC(760) Eden regions: 156->0(131)
[315.685s][info][gc,heap        ] GC(760) Survivor regions: 18->22(22)
[315.685s][info][gc,heap        ] GC(760) Old regions: 728->745
[315.685s][info][gc,heap        ] GC(760) Humongous regions: 8->8
[315.685s][info][gc,metaspace   ] GC(760) Metaspace: 18838K(19008K)->18838K(19008K) NonClass: 16172K(16256K)->16172K(16256K) Class: 2666K(2752K)->2666K(2752K)
[315.685s][info][gc             ] GC(760) Pause Young (Normal) (G1 Evacuation Pause) 908M->774M(978M) 34.938ms
[315.685s][info][gc,cpu         ] GC(760) User=0.07s Sys=0.00s Real=0.04s
[315.848s][info][gc,start       ] GC(761) Pause Young (Normal) (G1 Evacuation Pause)
[315.848s][info][gc,task        ] GC(761) Using 2 workers of 2 for evacuation
[315.900s][info][gc,phases      ] GC(761)   Pre Evacuate Collection Set: 0.28ms
[315.900s][info][gc,phases      ] GC(761)   Merge Heap Roots: 0.06ms
[315.900s][info][gc,phases      ] GC(761)   Evacuate Collection Set: 51.07ms
[315.900s][info][gc,phases      ] GC(761)   Post Evacuate Collection Set: 0.45ms
[315.900s][info][gc,phases      ] GC(761)   Other: 0.08ms
[315.900s][info][gc,heap        ] GC(761) Eden regions: 131->0(91)
[315.900s][info][gc,heap        ] GC(761) Survivor regions: 22->20(20)
[315.900s][info][gc,heap        ] GC(761) Old regions: 745->789
[315.900s][info][gc,heap        ] GC(761) Humongous regions: 8->8
[315.900s][info][gc,metaspace   ] GC(761) Metaspace: 18838K(19008K)->18838K(19008K) NonClass: 16172K(16256K)->16172K(16256K) Class: 2666K(2752K)->2666K(2752K)
[315.900s][info][gc             ] GC(761) Pause Young (Normal) (G1 Evacuation Pause) 905M->816M(978M) 52.206ms
[315.900s][info][gc,cpu         ] GC(761) User=0.10s Sys=0.00s Real=0.05s
[316.140s][info][gc,marking     ] GC(758) Concurrent Mark From Roots 1232.131ms
[316.140s][info][gc,marking     ] GC(758) Concurrent Preclean
[316.140s][info][gc,marking     ] GC(758) Concurrent Preclean 0.043ms
[316.140s][info][gc,start       ] GC(758) Pause Remark
[316.148s][info][gc             ] GC(758) Pause Remark 905M->642M(978M) 7.677ms
[316.148s][info][gc,cpu         ] GC(758) User=0.02s Sys=0.01s Real=0.01s
[316.148s][info][gc,marking     ] GC(758) Concurrent Mark 1240.138ms
[316.148s][info][gc,marking     ] GC(758) Concurrent Rebuild Remembered Sets and Scrub Regions
[316.150s][info][gc,start       ] GC(762) Pause Young (Normal) (G1 Evacuation Pause)
[316.150s][info][gc,task        ] GC(762) Using 2 workers of 2 for evacuation
[316.185s][info][gc,phases      ] GC(762)   Pre Evacuate Collection Set: 0.40ms
[316.185s][info][gc,phases      ] GC(762)   Merge Heap Roots: 0.45ms
[316.185s][info][gc,phases      ] GC(762)   Evacuate Collection Set: 33.83ms
[316.185s][info][gc,phases      ] GC(762)   Post Evacuate Collection Set: 0.34ms
[316.185s][info][gc,phases      ] GC(762)   Other: 0.07ms
[316.185s][info][gc,heap        ] GC(762) Eden regions: 91->0(292)
[316.185s][info][gc,heap        ] GC(762) Survivor regions: 20->12(14)
[316.185s][info][gc,heap        ] GC(762) Old regions: 530->550
[316.185s][info][gc,heap        ] GC(762) Humongous regions: 4->4
[316.185s][info][gc,metaspace   ] GC(762) Metaspace: 18838K(19008K)->18838K(19008K) NonClass: 16172K(16256K)->16172K(16256K) Class: 2666K(2752K)->2666K(2752K)
[316.185s][info][gc             ] GC(762) Pause Young (Normal) (G1 Evacuation Pause) 644M->565M(978M) 35.260ms
[316.185s][info][gc,cpu         ] GC(762) User=0.07s Sys=0.00s Real=0.04s
[316.667s][info][gc,marking     ] GC(758) Concurrent Rebuild Remembered Sets and Scrub Regions 519.787ms
[316.668s][info][gc,start       ] GC(758) Pause Cleanup
[316.668s][info][gc             ] GC(758) Pause Cleanup 802M->802M(978M) 0.130ms
[316.668s][info][gc,cpu         ] GC(758) User=0.01s Sys=0.00s Real=0.00s
[316.668s][info][gc,marking     ] GC(758) Concurrent Clear Claimed Marks
[316.668s][info][gc,marking     ] GC(758) Concurrent Clear Claimed Marks 0.028ms
[316.668s][info][gc,marking     ] GC(758) Concurrent Cleanup for Next Mark
[316.671s][info][gc,marking     ] GC(758) Concurrent Cleanup for Next Mark 2.858ms
[316.671s][info][gc             ] GC(758) Concurrent Mark Cycle 1796.202ms
[316.723s][info][gc,start       ] GC(763) Pause Young (Prepare Mixed) (G1 Evacuation Pause)
[316.723s][info][gc,task        ] GC(763) Using 2 workers of 2 for evacuation
[316.809s][info][gc,phases      ] GC(763)   Pre Evacuate Collection Set: 0.43ms
[316.809s][info][gc,phases      ] GC(763)   Merge Heap Roots: 0.73ms
[316.809s][info][gc,phases      ] GC(763)   Evacuate Collection Set: 83.73ms
[316.809s][info][gc,phases      ] GC(763)   Post Evacuate Collection Set: 0.63ms
[316.809s][info][gc,phases      ] GC(763)   Other: 0.08ms
[316.809s][info][gc,heap        ] GC(763) Eden regions: 292->0(253)
[316.809s][info][gc,heap        ] GC(763) Survivor regions: 12->38(38)
[316.809s][info][gc,heap        ] GC(763) Old regions: 550->566
[316.809s][info][gc,heap        ] GC(763) Humongous regions: 7->7
[316.809s][info][gc,metaspace   ] GC(763) Metaspace: 18838K(19008K)->18838K(19008K) NonClass: 16172K(16256K)->16172K(16256K) Class: 2666K(2752K)->2666K(2752K)
[316.809s][info][gc             ] GC(763) Pause Young (Prepare Mixed) (G1 Evacuation Pause) 860M->610M(978M) 85.778ms
[316.809s][info][gc,cpu         ] GC(763) User=0.17s Sys=0.00s Real=0.08s
[316.987s][info][gc,start       ] GC(764) Pause Young (Mixed) (G1 Evacuation Pause)
[316.987s][info][gc,task        ] GC(764) Using 2 workers of 2 for evacuation
[317.085s][info][gc,phases      ] GC(764)   Pre Evacuate Collection Set: 0.50ms
[317.085s][info][gc,phases      ] GC(764)   Merge Heap Roots: 0.79ms
[317.085s][info][gc,phases      ] GC(764)   Evacuate Collection Set: 96.62ms
[317.085s][info][gc,phases      ] GC(764)   Post Evacuate Collection Set: 0.57ms
[317.085s][info][gc,phases      ] GC(764)   Other: 0.11ms
[317.085s][info][gc,heap        ] GC(764) Eden regions: 253->0(241)
[317.085s][info][gc,heap        ] GC(764) Survivor regions: 38->37(37)
[317.085s][info][gc,heap        ] GC(764) Old regions: 566->570
[317.085s][info][gc,heap        ] GC(764) Humongous regions: 7->7
[317.085s][info][gc,metaspace   ] GC(764) Metaspace: 18838K(19008K)->18838K(19008K) NonClass: 16172K(16256K)->16172K(16256K) Class: 2666K(2752K)->2666K(2752K)
[317.085s][info][gc             ] GC(764) Pause Young (Mixed) (G1 Evacuation Pause) 863M->613M(978M) 98.801ms
[317.085s][info][gc,cpu         ] GC(764) User=0.20s Sys=0.00s Real=0.10s
[317.236s][info][gc,start       ] GC(765) Pause Young (Concurrent Start) (G1 Humongous Allocation)
[317.236s][info][gc,task        ] GC(765) Using 2 workers of 2 for evacuation
[317.287s][info][gc,phases      ] GC(765)   Pre Evacuate Collection Set: 0.34ms
[317.287s][info][gc,phases      ] GC(765)   Merge Heap Roots: 0.23ms
[317.287s][info][gc,phases      ] GC(765)   Evacuate Collection Set: 49.16ms
[317.287s][info][gc,phases      ] GC(765)   Post Evacuate Collection Set: 0.53ms
[317.287s][info][gc,phases      ] GC(765)   Other: 0.20ms
[317.287s][info][gc,heap        ] GC(765) Eden regions: 185->0(246)
[317.287s][info][gc,heap        ] GC(765) Survivor regions: 37->8(35)
[317.287s][info][gc,heap        ] GC(765) Old regions: 570->608
[317.287s][info][gc,heap        ] GC(765) Humongous regions: 7->7
[317.287s][info][gc,metaspace   ] GC(765) Metaspace: 18838K(19008K)->18838K(19008K) NonClass: 16172K(16256K)->16172K(16256K) Class: 2666K(2752K)->2666K(2752K)
[317.287s][info][gc             ] GC(765) Pause Young (Concurrent Start) (G1 Humongous Allocation) 798M->622M(978M) 50.680ms
[317.287s][info][gc,cpu         ] GC(765) User=0.10s Sys=0.00s Real=0.05s
[317.287s][info][gc             ] GC(766) Concurrent Mark Cycle
[317.287s][info][gc,marking     ] GC(766) Concurrent Scan Root Regions
[317.336s][info][gc,marking     ] GC(766) Concurrent Scan Root Regions 48.698ms
[317.336s][info][gc,marking     ] GC(766) Concurrent Mark
[317.336s][info][gc,marking     ] GC(766) Concurrent Mark From Roots
[317.336s][info][gc,task        ] GC(766) Using 1 workers of 1 for marking
[317.776s][info][gc,start       ] GC(767) Pause Young (Normal) (G1 Evacuation Pause)
[317.776s][info][gc,task        ] GC(767) Using 2 workers of 2 for evacuation
[317.813s][info][gc,phases      ] GC(767)   Pre Evacuate Collection Set: 0.30ms
[317.813s][info][gc,phases      ] GC(767)   Merge Heap Roots: 0.28ms
[317.813s][info][gc,phases      ] GC(767)   Evacuate Collection Set: 35.82ms
[317.813s][info][gc,phases      ] GC(767)   Post Evacuate Collection Set: 0.54ms
[317.813s][info][gc,phases      ] GC(767)   Other: 0.08ms
[317.813s][info][gc,heap        ] GC(767) Eden regions: 246->0(240)
[317.813s][info][gc,heap        ] GC(767) Survivor regions: 8->26(32)
[317.813s][info][gc,heap        ] GC(767) Old regions: 608->608
[317.813s][info][gc,heap        ] GC(767) Humongous regions: 8->8
[317.813s][info][gc,metaspace   ] GC(767) Metaspace: 18838K(19008K)->18838K(19008K) NonClass: 16172K(16256K)->16172K(16256K) Class: 2666K(2752K)->2666K(2752K)
[317.813s][info][gc             ] GC(767) Pause Young (Normal) (G1 Evacuation Pause) 869M->640M(978M) 37.219ms
[317.813s][info][gc,cpu         ] GC(767) User=0.08s Sys=0.00s Real=0.04s
[318.155s][info][gc,start       ] GC(768) Pause Young (Normal) (G1 Evacuation Pause)
[318.155s][info][gc,task        ] GC(768) Using 2 workers of 2 for evacuation
[318.234s][info][gc,phases      ] GC(768)   Pre Evacuate Collection Set: 0.29ms
[318.234s][info][gc,phases      ] GC(768)   Merge Heap Roots: 0.34ms
[318.234s][info][gc,phases      ] GC(768)   Evacuate Collection Set: 77.18ms
[318.234s][info][gc,phases      ] GC(768)   Post Evacuate Collection Set: 0.49ms
[318.234s][info][gc,phases      ] GC(768)   Other: 0.07ms
[318.234s][info][gc,heap        ] GC(768) Eden regions: 240->0(211)
[318.234s][info][gc,heap        ] GC(768) Survivor regions: 26->34(34)
[318.234s][info][gc,heap        ] GC(768) Old regions: 608->637
[318.234s][info][gc,heap        ] GC(768) Humongous regions: 8->8
[318.234s][info][gc,metaspace   ] GC(768) Metaspace: 18838K(19008K)->18838K(19008K) NonClass: 16172K(16256K)->16172K(16256K) Class: 2666K(2752K)->2666K(2752K)
[318.234s][info][gc             ] GC(768) Pause Young (Normal) (G1 Evacuation Pause) 880M->678M(978M) 78.635ms
[318.234s][info][gc,cpu         ] GC(768) User=0.15s Sys=0.00s Real=0.08s
[318.390s][info][gc,marking     ] GC(766) Concurrent Mark From Roots 1054.767ms
[318.390s][info][gc,marking     ] GC(766) Concurrent Preclean
[318.390s][info][gc,marking     ] GC(766) Concurrent Preclean 0.034ms
[318.391s][info][gc,start       ] GC(766) Pause Remark
[318.398s][info][gc             ] GC(766) Pause Remark 777M->606M(978M) 7.646ms
[318.398s][info][gc,cpu         ] GC(766) User=0.01s Sys=0.00s Real=0.01s
[318.398s][info][gc,marking     ] GC(766) Concurrent Mark 1062.775ms
[318.398s][info][gc,marking     ] GC(766) Concurrent Rebuild Remembered Sets and Scrub Regions
[318.756s][info][gc,marking     ] GC(766) Concurrent Rebuild Remembered Sets and Scrub Regions 358.073ms
[318.757s][info][gc,start       ] GC(766) Pause Cleanup
[318.757s][info][gc             ] GC(766) Pause Cleanup 707M->707M(978M) 0.145ms
[318.757s][info][gc,cpu         ] GC(766) User=0.00s Sys=0.00s Real=0.00s
[318.758s][info][gc,marking     ] GC(766) Concurrent Clear Claimed Marks
[318.758s][info][gc,marking     ] GC(766) Concurrent Clear Claimed Marks 0.054ms
[318.758s][info][gc,marking     ] GC(766) Concurrent Cleanup for Next Mark
[318.763s][info][gc,marking     ] GC(766) Concurrent Cleanup for Next Mark 4.957ms
[318.763s][info][gc             ] GC(766) Concurrent Mark Cycle 1476.250ms
[318.783s][info][gc,start       ] GC(769) Pause Young (Prepare Mixed) (G1 Evacuation Pause)
[318.783s][info][gc,task        ] GC(769) Using 2 workers of 2 for evacuation
[318.836s][info][gc,phases      ] GC(769)   Pre Evacuate Collection Set: 0.51ms
[318.836s][info][gc,phases      ] GC(769)   Merge Heap Roots: 0.32ms
[318.836s][info][gc,phases      ] GC(769)   Evacuate Collection Set: 51.48ms
[318.836s][info][gc,phases      ] GC(769)   Post Evacuate Collection Set: 0.49ms
[318.836s][info][gc,phases      ] GC(769)   Other: 0.08ms
[318.836s][info][gc,heap        ] GC(769) Eden regions: 211->0(331)
[318.836s][info][gc,heap        ] GC(769) Survivor regions: 34->17(31)
[318.836s][info][gc,heap        ] GC(769) Old regions: 469->504
[318.836s][info][gc,heap        ] GC(769) Humongous regions: 5->5
[318.836s][info][gc,metaspace   ] GC(769) Metaspace: 18838K(19008K)->18838K(19008K) NonClass: 16172K(16256K)->16172K(16256K) Class: 2666K(2752K)->2666K(2752K)
[318.836s][info][gc             ] GC(769) Pause Young (Prepare Mixed) (G1 Evacuation Pause) 718M->524M(978M) 53.070ms
[318.836s][info][gc,cpu         ] GC(769) User=0.10s Sys=0.00s Real=0.05s
[319.516s][info][gc,start       ] GC(770) Pause Young (Mixed) (G1 Evacuation Pause)
[319.516s][info][gc,task        ] GC(770) Using 2 workers of 2 for evacuation
[319.544s][info][gc,phases      ] GC(770)   Pre Evacuate Collection Set: 0.34ms
[319.544s][info][gc,phases      ] GC(770)   Merge Heap Roots: 0.43ms
[319.544s][info][gc,phases      ] GC(770)   Evacuate Collection Set: 26.26ms
[319.544s][info][gc,phases      ] GC(770)   Post Evacuate Collection Set: 0.58ms
[319.544s][info][gc,phases      ] GC(770)   Other: 0.13ms
[319.544s][info][gc,heap        ] GC(770) Eden regions: 331->0(387)
[319.544s][info][gc,heap        ] GC(770) Survivor regions: 17->17(44)
[319.544s][info][gc,heap        ] GC(770) Old regions: 504->458
[319.544s][info][gc,heap        ] GC(770) Humongous regions: 5->5
[319.544s][info][gc,metaspace   ] GC(770) Metaspace: 18838K(19008K)->18838K(19008K) NonClass: 16172K(16256K)->16172K(16256K) Class: 2666K(2752K)->2666K(2752K)
[319.544s][info][gc             ] GC(770) Pause Young (Mixed) (G1 Evacuation Pause) 855M->479M(978M) 28.018ms
[319.544s][info][gc,cpu         ] GC(770) User=0.06s Sys=0.00s Real=0.03s
[319.963s][info][gc,start       ] GC(771) Pause Young (Concurrent Start) (G1 Evacuation Pause)
[319.963s][info][gc,task        ] GC(771) Using 2 workers of 2 for evacuation
[320.043s][info][gc,phases      ] GC(771)   Pre Evacuate Collection Set: 0.37ms
[320.043s][info][gc,phases      ] GC(771)   Merge Heap Roots: 0.16ms
[320.043s][info][gc,phases      ] GC(771)   Evacuate Collection Set: 79.04ms
[320.043s][info][gc,phases      ] GC(771)   Post Evacuate Collection Set: 0.83ms
[320.043s][info][gc,phases      ] GC(771)   Other: 0.22ms
[320.044s][info][gc,heap        ] GC(771) Eden regions: 387->0(308)
[320.044s][info][gc,heap        ] GC(771) Survivor regions: 17->51(51)
[320.044s][info][gc,heap        ] GC(771) Old regions: 458->493
[320.044s][info][gc,heap        ] GC(771) Humongous regions: 5->5
[320.044s][info][gc,metaspace   ] GC(771) Metaspace: 18838K(19008K)->18838K(19008K) NonClass: 16172K(16256K)->16172K(16256K) Class: 2666K(2752K)->2666K(2752K)
[320.044s][info][gc             ] GC(771) Pause Young (Concurrent Start) (G1 Evacuation Pause) 866M->548M(978M) 80.852ms
[320.044s][info][gc             ] GC(772) Concurrent Mark Cycle
[320.044s][info][gc,marking     ] GC(772) Concurrent Scan Root Regions
[320.046s][info][gc,cpu         ] GC(771) User=0.16s Sys=0.00s Real=0.08s
[320.139s][info][gc,marking     ] GC(772) Concurrent Scan Root Regions 95.346ms
[320.139s][info][gc,marking     ] GC(772) Concurrent Mark
[320.139s][info][gc,marking     ] GC(772) Concurrent Mark From Roots
[320.139s][info][gc,task        ] GC(772) Using 1 workers of 1 for marking
[320.936s][info][gc,start       ] GC(773) Pause Young (Normal) (G1 Evacuation Pause)
[320.936s][info][gc,task        ] GC(773) Using 2 workers of 2 for evacuation
[321.019s][info][gc,phases      ] GC(773)   Pre Evacuate Collection Set: 0.31ms
[321.019s][info][gc,phases      ] GC(773)   Merge Heap Roots: 0.46ms
[321.019s][info][gc,phases      ] GC(773)   Evacuate Collection Set: 81.67ms
[321.019s][info][gc,phases      ] GC(773)   Post Evacuate Collection Set: 0.64ms
[321.019s][info][gc,phases      ] GC(773)   Other: 0.08ms
[321.019s][info][gc,heap        ] GC(773) Eden regions: 308->0(303)
[321.019s][info][gc,heap        ] GC(773) Survivor regions: 51->16(45)
[321.019s][info][gc,heap        ] GC(773) Old regions: 493->545
[321.019s][info][gc,heap        ] GC(773) Humongous regions: 8->8
[321.019s][info][gc,metaspace   ] GC(773) Metaspace: 18839K(19008K)->18839K(19008K) NonClass: 16172K(16256K)->16172K(16256K) Class: 2666K(2752K)->2666K(2752K)
[321.019s][info][gc             ] GC(773) Pause Young (Normal) (G1 Evacuation Pause) 859M->568M(978M) 83.422ms
[321.019s][info][gc,cpu         ] GC(773) User=0.16s Sys=0.00s Real=0.08s
[321.034s][info][gc,marking     ] GC(772) Concurrent Mark From Roots 895.459ms
[321.034s][info][gc,marking     ] GC(772) Concurrent Preclean
[321.035s][info][gc,marking     ] GC(772) Concurrent Preclean 0.031ms
[321.035s][info][gc,start       ] GC(772) Pause Remark
[321.043s][info][gc             ] GC(772) Pause Remark 572M->426M(978M) 7.464ms
[321.043s][info][gc,cpu         ] GC(772) User=0.02s Sys=0.00s Real=0.01s
[321.043s][info][gc,marking     ] GC(772) Concurrent Mark 903.833ms
[321.043s][info][gc,marking     ] GC(772) Concurrent Rebuild Remembered Sets and Scrub Regions
[321.467s][info][gc,marking     ] GC(772) Concurrent Rebuild Remembered Sets and Scrub Regions 424.572ms
[321.468s][info][gc,start       ] GC(772) Pause Cleanup
[321.468s][info][gc             ] GC(772) Pause Cleanup 598M->598M(978M) 0.095ms
[321.468s][info][gc,cpu         ] GC(772) User=0.00s Sys=0.00s Real=0.00s
[321.468s][info][gc,marking     ] GC(772) Concurrent Clear Claimed Marks
[321.468s][info][gc,marking     ] GC(772) Concurrent Clear Claimed Marks 0.028ms
[321.468s][info][gc,marking     ] GC(772) Concurrent Cleanup for Next Mark
[321.471s][info][gc,marking     ] GC(772) Concurrent Cleanup for Next Mark 2.845ms
[321.471s][info][gc             ] GC(772) Concurrent Mark Cycle 1427.055ms
[321.699s][info][gc,start       ] GC(774) Pause Young (Prepare Mixed) (G1 Evacuation Pause)
[321.699s][info][gc,task        ] GC(774) Using 2 workers of 2 for evacuation
[321.746s][info][gc,phases      ] GC(774)   Pre Evacuate Collection Set: 0.51ms
[321.746s][info][gc,phases      ] GC(774)   Merge Heap Roots: 0.65ms
[321.746s][info][gc,phases      ] GC(774)   Evacuate Collection Set: 44.82ms
[321.746s][info][gc,phases      ] GC(774)   Post Evacuate Collection Set: 0.60ms
[321.746s][info][gc,phases      ] GC(774)   Other: 0.08ms
[321.746s][info][gc,heap        ] GC(774) Eden regions: 303->0(440)
[321.746s][info][gc,heap        ] GC(774) Survivor regions: 16->17(40)
[321.746s][info][gc,heap        ] GC(774) Old regions: 401->401
[321.746s][info][gc,heap        ] GC(774) Humongous regions: 6->6
[321.746s][info][gc,metaspace   ] GC(774) Metaspace: 18839K(19008K)->18839K(19008K) NonClass: 16172K(16256K)->16172K(16256K) Class: 2666K(2752K)->2666K(2752K)
[321.746s][info][gc             ] GC(774) Pause Young (Prepare Mixed) (G1 Evacuation Pause) 725M->422M(978M) 46.893ms
[321.746s][info][gc,cpu         ] GC(774) User=0.08s Sys=0.00s Real=0.05s
[322.196s][info][gc,start       ] GC(775) Pause Young (Mixed) (G1 Evacuation Pause)
[322.196s][info][gc,task        ] GC(775) Using 2 workers of 2 for evacuation
[322.286s][info][gc,phases      ] GC(775)   Pre Evacuate Collection Set: 0.31ms
[322.286s][info][gc,phases      ] GC(775)   Merge Heap Roots: 0.31ms
[322.286s][info][gc,phases      ] GC(775)   Evacuate Collection Set: 88.29ms
[322.286s][info][gc,phases      ] GC(775)   Post Evacuate Collection Set: 0.90ms
[322.286s][info][gc,phases      ] GC(775)   Other: 0.10ms
[322.286s][info][gc,heap        ] GC(775) Eden regions: 440->0(367)
[322.286s][info][gc,heap        ] GC(775) Survivor regions: 17->58(58)
[322.286s][info][gc,heap        ] GC(775) Old regions: 401->412
[322.286s][info][gc,heap        ] GC(775) Humongous regions: 6->6
[322.286s][info][gc,metaspace   ] GC(775) Metaspace: 18839K(19008K)->18839K(19008K) NonClass: 16172K(16256K)->16172K(16256K) Class: 2666K(2752K)->2666K(2752K)
[322.286s][info][gc             ] GC(775) Pause Young (Mixed) (G1 Evacuation Pause) 862M->475M(978M) 90.165ms
[322.286s][info][gc,cpu         ] GC(775) User=0.18s Sys=0.00s Real=0.09s
[322.389s][info][gc,start       ] GC(776) Pause Young (Concurrent Start) (G1 Humongous Allocation)
[322.389s][info][gc,task        ] GC(776) Using 2 workers of 2 for evacuation
[322.470s][info][gc,phases      ] GC(776)   Pre Evacuate Collection Set: 0.29ms
[322.470s][info][gc,phases      ] GC(776)   Merge Heap Roots: 0.49ms
[322.470s][info][gc,phases      ] GC(776)   Evacuate Collection Set: 79.02ms
[322.470s][info][gc,phases      ] GC(776)   Post Evacuate Collection Set: 0.48ms
[322.470s][info][gc,phases      ] GC(776)   Other: 0.10ms
[322.470s][info][gc,heap        ] GC(776) Eden regions: 71->0(379)
[322.470s][info][gc,heap        ] GC(776) Survivor regions: 58->6(54)
[322.470s][info][gc,heap        ] GC(776) Old regions: 412->471
[322.470s][info][gc,heap        ] GC(776) Humongous regions: 6->6
[322.470s][info][gc,metaspace   ] GC(776) Metaspace: 18839K(19008K)->18839K(19008K) NonClass: 16172K(16256K)->16172K(16256K) Class: 2666K(2752K)->2666K(2752K)
[322.470s][info][gc             ] GC(776) Pause Young (Concurrent Start) (G1 Humongous Allocation) 546M->482M(978M) 80.608ms
[322.470s][info][gc,cpu         ] GC(776) User=0.16s Sys=0.00s Real=0.08s
[322.470s][info][gc             ] GC(777) Concurrent Mark Cycle
[322.470s][info][gc,marking     ] GC(777) Concurrent Scan Root Regions
[322.582s][info][gc,marking     ] GC(777) Concurrent Scan Root Regions 112.216ms
[322.582s][info][gc,marking     ] GC(777) Concurrent Mark
[322.582s][info][gc,marking     ] GC(777) Concurrent Mark From Roots
[322.582s][info][gc,task        ] GC(777) Using 1 workers of 1 for marking
[323.437s][info][gc,start       ] GC(778) Pause Young (Normal) (G1 Evacuation Pause)
[323.437s][info][gc,task        ] GC(778) Using 2 workers of 2 for evacuation
[323.487s][info][gc,phases      ] GC(778)   Pre Evacuate Collection Set: 0.28ms
[323.487s][info][gc,phases      ] GC(778)   Merge Heap Roots: 0.37ms
[323.487s][info][gc,phases      ] GC(778)   Evacuate Collection Set: 48.97ms
[323.487s][info][gc,phases      ] GC(778)   Post Evacuate Collection Set: 0.67ms
[323.487s][info][gc,phases      ] GC(778)   Other: 0.08ms
[323.487s][info][gc,heap        ] GC(778) Eden regions: 379->0(361)
[323.487s][info][gc,heap        ] GC(778) Survivor regions: 6->32(49)
[323.487s][info][gc,heap        ] GC(778) Old regions: 471->471
[323.487s][info][gc,heap        ] GC(778) Humongous regions: 9->9
[323.487s][info][gc,metaspace   ] GC(778) Metaspace: 18839K(19008K)->18839K(19008K) NonClass: 16172K(16256K)->16172K(16256K) Class: 2666K(2752K)->2666K(2752K)
[323.487s][info][gc             ] GC(778) Pause Young (Normal) (G1 Evacuation Pause) 864M->510M(978M) 50.634ms
[323.487s][info][gc,cpu         ] GC(778) User=0.10s Sys=0.00s Real=0.05s
[323.793s][info][gc,marking     ] GC(777) Concurrent Mark From Roots 1210.578ms
[323.793s][info][gc,marking     ] GC(777) Concurrent Preclean
[323.793s][info][gc,marking     ] GC(777) Concurrent Preclean 0.035ms
[323.793s][info][gc,start       ] GC(777) Pause Remark
[323.800s][info][gc             ] GC(777) Pause Remark 733M->732M(978M) 7.440ms
[323.800s][info][gc,cpu         ] GC(777) User=0.01s Sys=0.00s Real=0.00s
[323.801s][info][gc,marking     ] GC(777) Concurrent Mark 1218.726ms
[323.801s][info][gc,marking     ] GC(777) Concurrent Rebuild Remembered Sets and Scrub Regions
[324.019s][info][gc,start       ] GC(779) Pause Young (Normal) (G1 Evacuation Pause)
[324.019s][info][gc,task        ] GC(779) Using 2 workers of 2 for evacuation
[324.086s][info][gc,phases      ] GC(779)   Pre Evacuate Collection Set: 0.26ms
[324.086s][info][gc,phases      ] GC(779)   Merge Heap Roots: 0.36ms
[324.086s][info][gc,phases      ] GC(779)   Evacuate Collection Set: 65.87ms
[324.086s][info][gc,phases      ] GC(779)   Post Evacuate Collection Set: 0.57ms
[324.086s][info][gc,phases      ] GC(779)   Other: 0.08ms
[324.086s][info][gc,heap        ] GC(779) Eden regions: 361->0(353)
[324.086s][info][gc,heap        ] GC(779) Survivor regions: 32->21(50)
[324.086s][info][gc,heap        ] GC(779) Old regions: 471->502
[324.086s][info][gc,heap        ] GC(779) Humongous regions: 8->8
[324.086s][info][gc,metaspace   ] GC(779) Metaspace: 18839K(19008K)->18839K(19008K) NonClass: 16172K(16256K)->16172K(16256K) Class: 2666K(2752K)->2666K(2752K)
[324.086s][info][gc             ] GC(779) Pause Young (Normal) (G1 Evacuation Pause) 870M->530M(978M) 67.353ms
[324.086s][info][gc,cpu         ] GC(779) User=0.13s Sys=0.00s Real=0.07s
[324.242s][info][gc,marking     ] GC(777) Concurrent Rebuild Remembered Sets and Scrub Regions 440.893ms
[324.242s][info][gc,start       ] GC(777) Pause Cleanup
[324.242s][info][gc             ] GC(777) Pause Cleanup 611M->611M(978M) 0.075ms
[324.242s][info][gc,cpu         ] GC(777) User=0.00s Sys=0.00s Real=0.00s
[324.242s][info][gc,marking     ] GC(777) Concurrent Clear Claimed Marks
[324.242s][info][gc,marking     ] GC(777) Concurrent Clear Claimed Marks 0.029ms
[324.242s][info][gc,marking     ] GC(777) Concurrent Cleanup for Next Mark
[324.247s][info][gc,marking     ] GC(777) Concurrent Cleanup for Next Mark 4.844ms
[324.247s][info][gc             ] GC(777) Concurrent Mark Cycle 1777.271ms
[324.522s][info][gc,start       ] GC(780) Pause Young (Prepare Mixed) (G1 Evacuation Pause)
[324.522s][info][gc,task        ] GC(780) Using 2 workers of 2 for evacuation
[324.562s][info][gc,phases      ] GC(780)   Pre Evacuate Collection Set: 0.28ms
[324.562s][info][gc,phases      ] GC(780)   Merge Heap Roots: 0.23ms
[324.562s][info][gc,phases      ] GC(780)   Evacuate Collection Set: 38.43ms
[324.562s][info][gc,phases      ] GC(780)   Post Evacuate Collection Set: 0.57ms
[324.562s][info][gc,phases      ] GC(780)   Other: 0.08ms
[324.562s][info][gc,heap        ] GC(780) Eden regions: 353->0(342)
[324.562s][info][gc,heap        ] GC(780) Survivor regions: 21->38(47)
[324.562s][info][gc,heap        ] GC(780) Old regions: 502->502
[324.562s][info][gc,heap        ] GC(780) Humongous regions: 8->8
[324.562s][info][gc,metaspace   ] GC(780) Metaspace: 18839K(19008K)->18839K(19008K) NonClass: 16172K(16256K)->16172K(16256K) Class: 2666K(2752K)->2666K(2752K)
[324.562s][info][gc             ] GC(780) Pause Young (Prepare Mixed) (G1 Evacuation Pause) 883M->547M(978M) 39.850ms
[324.562s][info][gc,cpu         ] GC(780) User=0.08s Sys=0.01s Real=0.04s
[325.152s][info][gc,start       ] GC(781) Pause Young (Mixed) (G1 Evacuation Pause)
[325.152s][info][gc,task        ] GC(781) Using 2 workers of 2 for evacuation
[325.202s][info][gc,phases      ] GC(781)   Pre Evacuate Collection Set: 0.55ms
[325.202s][info][gc,phases      ] GC(781)   Merge Heap Roots: 0.29ms
[325.202s][info][gc,phases      ] GC(781)   Evacuate Collection Set: 48.93ms
[325.202s][info][gc,phases      ] GC(781)   Post Evacuate Collection Set: 0.57ms
[325.202s][info][gc,phases      ] GC(781)   Other: 0.09ms
[325.202s][info][gc,heap        ] GC(781) Eden regions: 342->0(353)
[325.202s][info][gc,heap        ] GC(781) Survivor regions: 38->27(48)
[325.202s][info][gc,heap        ] GC(781) Old regions: 502->513
[325.202s][info][gc,heap        ] GC(781) Humongous regions: 8->8
[325.202s][info][gc,metaspace   ] GC(781) Metaspace: 18839K(19008K)->18839K(19008K) NonClass: 16172K(16256K)->16172K(16256K) Class: 2666K(2752K)->2666K(2752K)
[325.202s][info][gc             ] GC(781) Pause Young (Mixed) (G1 Evacuation Pause) 889M->547M(978M) 50.679ms
[325.202s][info][gc,cpu         ] GC(781) User=0.10s Sys=0.00s Real=0.05s
[325.747s][info][gc,start       ] GC(782) Pause Young (Concurrent Start) (G1 Evacuation Pause)
[325.747s][info][gc,task        ] GC(782) Using 2 workers of 2 for evacuation
[325.810s][info][gc,phases      ] GC(782)   Pre Evacuate Collection Set: 0.32ms
[325.810s][info][gc,phases      ] GC(782)   Merge Heap Roots: 0.28ms
[325.810s][info][gc,phases      ] GC(782)   Evacuate Collection Set: 62.12ms
[325.810s][info][gc,phases      ] GC(782)   Post Evacuate Collection Set: 0.58ms
[325.810s][info][gc,phases      ] GC(782)   Other: 0.13ms
[325.810s][info][gc,heap        ] GC(782) Eden regions: 353->0(308)
[325.810s][info][gc,heap        ] GC(782) Survivor regions: 27->41(48)
[325.810s][info][gc,heap        ] GC(782) Old regions: 513->530
[325.810s][info][gc,heap        ] GC(782) Humongous regions: 8->8
[325.810s][info][gc,metaspace   ] GC(782) Metaspace: 18839K(19008K)->18839K(19008K) NonClass: 16172K(16256K)->16172K(16256K) Class: 2666K(2752K)->2666K(2752K)
[325.810s][info][gc             ] GC(782) Pause Young (Concurrent Start) (G1 Evacuation Pause) 900M->578M(978M) 63.658ms
[325.810s][info][gc             ] GC(783) Concurrent Mark Cycle
[325.810s][info][gc,marking     ] GC(783) Concurrent Scan Root Regions
[325.813s][info][gc,cpu         ] GC(782) User=0.12s Sys=0.00s Real=0.07s
[325.915s][info][gc,marking     ] GC(783) Concurrent Scan Root Regions 104.355ms
[325.915s][info][gc,marking     ] GC(783) Concurrent Mark
[325.915s][info][gc,marking     ] GC(783) Concurrent Mark From Roots
[325.915s][info][gc,task        ] GC(783) Using 1 workers of 1 for marking
[326.284s][info][gc,start       ] GC(784) Pause Young (Normal) (G1 Evacuation Pause)
[326.284s][info][gc,task        ] GC(784) Using 2 workers of 2 for evacuation
[326.334s][info][gc,phases      ] GC(784)   Pre Evacuate Collection Set: 0.29ms
[326.334s][info][gc,phases      ] GC(784)   Merge Heap Roots: 0.36ms
[326.334s][info][gc,phases      ] GC(784)   Evacuate Collection Set: 48.83ms
[326.334s][info][gc,phases      ] GC(784)   Post Evacuate Collection Set: 0.53ms
[326.334s][info][gc,phases      ] GC(784)   Other: 0.09ms
[326.334s][info][gc,heap        ] GC(784) Eden regions: 308->0(319)
[326.334s][info][gc,heap        ] GC(784) Survivor regions: 41->9(44)
[326.334s][info][gc,heap        ] GC(784) Old regions: 530->571
[326.334s][info][gc,heap        ] GC(784) Humongous regions: 8->8
[326.334s][info][gc,metaspace   ] GC(784) Metaspace: 18839K(19008K)->18839K(19008K) NonClass: 16172K(16256K)->16172K(16256K) Class: 2666K(2752K)->2666K(2752K)
[326.334s][info][gc             ] GC(784) Pause Young (Normal) (G1 Evacuation Pause) 886M->587M(978M) 50.344ms
[326.334s][info][gc,cpu         ] GC(784) User=0.10s Sys=0.00s Real=0.05s
[326.954s][info][gc,start       ] GC(785) Pause Young (Normal) (G1 Evacuation Pause)
[326.954s][info][gc,task        ] GC(785) Using 2 workers of 2 for evacuation
[326.992s][info][gc,phases      ] GC(785)   Pre Evacuate Collection Set: 0.28ms
[326.992s][info][gc,phases      ] GC(785)   Merge Heap Roots: 0.25ms
[326.992s][info][gc,phases      ] GC(785)   Evacuate Collection Set: 36.71ms
[326.992s][info][gc,phases      ] GC(785)   Post Evacuate Collection Set: 0.54ms
[326.992s][info][gc,phases      ] GC(785)   Other: 0.09ms
[326.992s][info][gc,heap        ] GC(785) Eden regions: 319->0(285)
[326.992s][info][gc,heap        ] GC(785) Survivor regions: 9->32(41)
[326.992s][info][gc,heap        ] GC(785) Old regions: 571->571
[326.992s][info][gc,heap        ] GC(785) Humongous regions: 8->8
[326.992s][info][gc,metaspace   ] GC(785) Metaspace: 18839K(19008K)->18839K(19008K) NonClass: 16172K(16256K)->16172K(16256K) Class: 2666K(2752K)->2666K(2752K)
[326.992s][info][gc             ] GC(785) Pause Young (Normal) (G1 Evacuation Pause) 906M->610M(978M) 38.075ms
[326.992s][info][gc,cpu         ] GC(785) User=0.08s Sys=0.00s Real=0.04s
[327.429s][info][gc,marking     ] GC(783) Concurrent Mark From Roots 1514.237ms
[327.429s][info][gc,marking     ] GC(783) Concurrent Preclean
[327.429s][info][gc,marking     ] GC(783) Concurrent Preclean 0.037ms
[327.429s][info][gc,start       ] GC(783) Pause Remark
[327.437s][info][gc             ] GC(783) Pause Remark 713M->712M(978M) 7.402ms
[327.437s][info][gc,cpu         ] GC(783) User=0.01s Sys=0.00s Real=0.01s
[327.437s][info][gc,marking     ] GC(783) Concurrent Mark 1521.987ms
[327.437s][info][gc,marking     ] GC(783) Concurrent Rebuild Remembered Sets and Scrub Regions
[328.103s][info][gc,marking     ] GC(783) Concurrent Rebuild Remembered Sets and Scrub Regions 665.694ms
[328.103s][info][gc,start       ] GC(783) Pause Cleanup
[328.103s][info][gc             ] GC(783) Pause Cleanup 890M->890M(978M) 0.097ms
[328.103s][info][gc,cpu         ] GC(783) User=0.00s Sys=0.00s Real=0.00s
[328.103s][info][gc,marking     ] GC(783) Concurrent Clear Claimed Marks
[328.103s][info][gc,marking     ] GC(783) Concurrent Clear Claimed Marks 0.028ms
[328.103s][info][gc,marking     ] GC(783) Concurrent Cleanup for Next Mark
[328.106s][info][gc,marking     ] GC(783) Concurrent Cleanup for Next Mark 2.822ms
[328.106s][info][gc             ] GC(783) Concurrent Mark Cycle 2295.375ms
[328.117s][info][gc,start       ] GC(786) Pause Young (Prepare Mixed) (G1 Evacuation Pause)
[328.117s][info][gc,task        ] GC(786) Using 2 workers of 2 for evacuation
[328.152s][info][gc,phases      ] GC(786)   Pre Evacuate Collection Set: 0.23ms
[328.152s][info][gc,phases      ] GC(786)   Merge Heap Roots: 0.29ms
[328.152s][info][gc,phases      ] GC(786)   Evacuate Collection Set: 34.22ms
[328.152s][info][gc,phases      ] GC(786)   Post Evacuate Collection Set: 0.48ms
[328.152s][info][gc,phases      ] GC(786)   Other: 0.08ms
[328.152s][info][gc,heap        ] GC(786) Eden regions: 285->0(307)
[328.152s][info][gc,heap        ] GC(786) Survivor regions: 32->3(40)
[328.152s][info][gc,heap        ] GC(786) Old regions: 571->603
[328.152s][info][gc,heap        ] GC(786) Humongous regions: 7->7
[328.152s][info][gc,metaspace   ] GC(786) Metaspace: 18839K(19008K)->18839K(19008K) NonClass: 16172K(16256K)->16172K(16256K) Class: 2666K(2752K)->2666K(2752K)
[328.152s][info][gc             ] GC(786) Pause Young (Prepare Mixed) (G1 Evacuation Pause) 894M->612M(978M) 35.458ms
[328.152s][info][gc,cpu         ] GC(786) User=0.07s Sys=0.00s Real=0.04s
[328.514s][info][gc,start       ] GC(787) Pause Young (Mixed) (G1 Evacuation Pause)
[328.514s][info][gc,task        ] GC(787) Using 2 workers of 2 for evacuation
[328.601s][info][gc,phases      ] GC(787)   Pre Evacuate Collection Set: 0.53ms
[328.601s][info][gc,phases      ] GC(787)   Merge Heap Roots: 0.40ms
[328.601s][info][gc,phases      ] GC(787)   Evacuate Collection Set: 81.15ms
[328.601s][info][gc,phases      ] GC(787)   Post Evacuate Collection Set: 4.93ms
[328.601s][info][gc,phases      ] GC(787)   Other: 0.13ms
[328.601s][info][gc,heap        ] GC(787) Eden regions: 307->0(172)
[328.601s][info][gc,heap        ] GC(787) Survivor regions: 3->39(39)
[328.601s][info][gc,heap        ] GC(787) Old regions: 603->671
[328.601s][info][gc,heap        ] GC(787) Humongous regions: 7->7
[328.601s][info][gc,metaspace   ] GC(787) Metaspace: 18839K(19008K)->18839K(19008K) NonClass: 16172K(16256K)->16172K(16256K) Class: 2666K(2752K)->2666K(2752K)
[328.601s][info][gc             ] GC(787) Pause Young (Mixed) (G1 Evacuation Pause) (Evacuation Failure: Allocation) 919M->716M(978M) 87.412ms
[328.601s][info][gc,cpu         ] GC(787) User=0.17s Sys=0.01s Real=0.09s
[328.763s][info][gc,start       ] GC(788) Pause Young (Concurrent Start) (G1 Humongous Allocation)
[328.763s][info][gc,task        ] GC(788) Using 2 workers of 2 for evacuation
[328.826s][info][gc,phases      ] GC(788)   Pre Evacuate Collection Set: 0.48ms
[328.826s][info][gc,phases      ] GC(788)   Merge Heap Roots: 0.67ms
[328.826s][info][gc,phases      ] GC(788)   Evacuate Collection Set: 60.95ms
[328.826s][info][gc,phases      ] GC(788)   Post Evacuate Collection Set: 0.53ms
[328.826s][info][gc,phases      ] GC(788)   Other: 0.22ms
[328.826s][info][gc,heap        ] GC(788) Eden regions: 128->0(229)
[328.826s][info][gc,heap        ] GC(788) Survivor regions: 39->7(27)
[328.826s][info][gc,heap        ] GC(788) Old regions: 671->666
[328.826s][info][gc,heap        ] GC(788) Humongous regions: 7->7
[328.826s][info][gc,metaspace   ] GC(788) Metaspace: 18839K(19008K)->18839K(19008K) NonClass: 16172K(16256K)->16172K(16256K) Class: 2666K(2752K)->2666K(2752K)
[328.826s][info][gc             ] GC(788) Pause Young (Concurrent Start) (G1 Humongous Allocation) 844M->679M(978M) 63.114ms
[328.826s][info][gc,cpu         ] GC(788) User=0.12s Sys=0.00s Real=0.06s
[328.826s][info][gc             ] GC(789) Concurrent Mark Cycle
[328.826s][info][gc,marking     ] GC(789) Concurrent Scan Root Regions
[328.891s][info][gc,marking     ] GC(789) Concurrent Scan Root Regions 64.740ms
[328.891s][info][gc,marking     ] GC(789) Concurrent Mark
[328.891s][info][gc,marking     ] GC(789) Concurrent Mark From Roots
[328.891s][info][gc,task        ] GC(789) Using 1 workers of 1 for marking
[329.489s][info][gc,start       ] GC(790) Pause Young (Normal) (G1 Evacuation Pause)
[329.489s][info][gc,task        ] GC(790) Using 2 workers of 2 for evacuation
[329.523s][info][gc,phases      ] GC(790)   Pre Evacuate Collection Set: 0.28ms
[329.523s][info][gc,phases      ] GC(790)   Merge Heap Roots: 0.30ms
[329.523s][info][gc,phases      ] GC(790)   Evacuate Collection Set: 32.82ms
[329.523s][info][gc,phases      ] GC(790)   Post Evacuate Collection Set: 0.54ms
[329.523s][info][gc,phases      ] GC(790)   Other: 0.10ms
[329.523s][info][gc,heap        ] GC(790) Eden regions: 229->0(216)
[329.523s][info][gc,heap        ] GC(790) Survivor regions: 7->18(30)
[329.523s][info][gc,heap        ] GC(790) Old regions: 666->666
[329.523s][info][gc,heap        ] GC(790) Humongous regions: 10->10
[329.523s][info][gc,metaspace   ] GC(790) Metaspace: 18839K(19008K)->18839K(19008K) NonClass: 16172K(16256K)->16172K(16256K) Class: 2666K(2752K)->2666K(2752K)
[329.523s][info][gc             ] GC(790) Pause Young (Normal) (G1 Evacuation Pause) 911M->692M(978M) 34.311ms
[329.523s][info][gc,cpu         ] GC(790) User=0.06s Sys=0.01s Real=0.04s
[330.258s][info][gc,start       ] GC(791) Pause Young (Normal) (G1 Evacuation Pause)
[330.259s][info][gc,task        ] GC(791) Using 2 workers of 2 for evacuation
[330.292s][info][gc,phases      ] GC(791)   Pre Evacuate Collection Set: 0.29ms
[330.292s][info][gc,phases      ] GC(791)   Merge Heap Roots: 0.27ms
[330.292s][info][gc,phases      ] GC(791)   Evacuate Collection Set: 32.72ms
[330.292s][info][gc,phases      ] GC(791)   Post Evacuate Collection Set: 0.46ms
[330.292s][info][gc,phases      ] GC(791)   Other: 0.09ms
[330.292s][info][gc,heap        ] GC(791) Eden regions: 216->0(221)
[330.292s][info][gc,heap        ] GC(791) Survivor regions: 18->12(30)
[330.292s][info][gc,heap        ] GC(791) Old regions: 666->673
[330.292s][info][gc,heap        ] GC(791) Humongous regions: 10->10
[330.293s][info][gc,metaspace   ] GC(791) Metaspace: 18839K(19008K)->18839K(19008K) NonClass: 16172K(16256K)->16172K(16256K) Class: 2666K(2752K)->2666K(2752K)
[330.293s][info][gc             ] GC(791) Pause Young (Normal) (G1 Evacuation Pause) 908M->693M(978M) 34.057ms
[330.293s][info][gc,cpu         ] GC(791) User=0.06s Sys=0.00s Real=0.04s
[330.463s][info][gc,marking     ] GC(789) Concurrent Mark From Roots 1572.046ms
[330.463s][info][gc,marking     ] GC(789) Concurrent Preclean
[330.463s][info][gc,marking     ] GC(789) Concurrent Preclean 0.045ms
[330.463s][info][gc,start       ] GC(789) Pause Remark
[330.471s][info][gc             ] GC(789) Pause Remark 746M->694M(978M) 7.936ms
[330.471s][info][gc,cpu         ] GC(789) User=0.02s Sys=0.00s Real=0.01s
[330.471s][info][gc,marking     ] GC(789) Concurrent Mark 1580.597ms
[330.472s][info][gc,marking     ] GC(789) Concurrent Rebuild Remembered Sets and Scrub Regions
[330.727s][info][gc,start       ] GC(792) Pause Young (Normal) (G1 Evacuation Pause)
[330.727s][info][gc,task        ] GC(792) Using 2 workers of 2 for evacuation
[330.777s][info][gc,phases      ] GC(792)   Pre Evacuate Collection Set: 0.30ms
[330.777s][info][gc,phases      ] GC(792)   Merge Heap Roots: 0.54ms
[330.777s][info][gc,phases      ] GC(792)   Evacuate Collection Set: 48.07ms
[330.777s][info][gc,phases      ] GC(792)   Post Evacuate Collection Set: 0.56ms
[330.777s][info][gc,phases      ] GC(792)   Other: 0.09ms
[330.777s][info][gc,heap        ] GC(792) Eden regions: 221->0(221)
[330.777s][info][gc,heap        ] GC(792) Survivor regions: 12->30(30)
[330.777s][info][gc,heap        ] GC(792) Old regions: 622->638
[330.777s][info][gc,heap        ] GC(792) Humongous regions: 9->9
[330.777s][info][gc,metaspace   ] GC(792) Metaspace: 18839K(19008K)->18839K(19008K) NonClass: 16172K(16256K)->16172K(16256K) Class: 2666K(2752K)->2666K(2752K)
[330.777s][info][gc             ] GC(792) Pause Young (Normal) (G1 Evacuation Pause) 862M->676M(978M) 49.772ms
[330.777s][info][gc,cpu         ] GC(792) User=0.10s Sys=0.00s Real=0.05s
[331.100s][info][gc,start       ] GC(793) Pause Young (Normal) (G1 Evacuation Pause)
[331.100s][info][gc,task        ] GC(793) Using 2 workers of 2 for evacuation
[331.173s][info][gc,phases      ] GC(793)   Pre Evacuate Collection Set: 0.27ms
[331.173s][info][gc,phases      ] GC(793)   Merge Heap Roots: 0.28ms
[331.173s][info][gc,phases      ] GC(793)   Evacuate Collection Set: 71.59ms
[331.173s][info][gc,phases      ] GC(793)   Post Evacuate Collection Set: 0.48ms
[331.173s][info][gc,phases      ] GC(793)   Other: 0.09ms
[331.173s][info][gc,heap        ] GC(793) Eden regions: 221->0(176)
[331.173s][info][gc,heap        ] GC(793) Survivor regions: 30->32(32)
[331.173s][info][gc,heap        ] GC(793) Old regions: 638->679
[331.173s][info][gc,heap        ] GC(793) Humongous regions: 9->9
[331.173s][info][gc,metaspace   ] GC(793) Metaspace: 18839K(19008K)->18839K(19008K) NonClass: 16172K(16256K)->16172K(16256K) Class: 2666K(2752K)->2666K(2752K)
[331.173s][info][gc             ] GC(793) Pause Young (Normal) (G1 Evacuation Pause) 897M->719M(978M) 72.971ms
[331.173s][info][gc,cpu         ] GC(793) User=0.15s Sys=0.00s Real=0.08s
[331.212s][info][gc,marking     ] GC(789) Concurrent Rebuild Remembered Sets and Scrub Regions 740.906ms
[331.213s][info][gc,start       ] GC(789) Pause Cleanup
[331.213s][info][gc             ] GC(789) Pause Cleanup 743M->743M(978M) 0.121ms
[331.213s][info][gc,cpu         ] GC(789) User=0.00s Sys=0.00s Real=0.00s
[331.213s][info][gc,marking     ] GC(789) Concurrent Clear Claimed Marks
[331.213s][info][gc,marking     ] GC(789) Concurrent Clear Claimed Marks 0.031ms
[331.213s][info][gc,marking     ] GC(789) Concurrent Cleanup for Next Mark
[331.218s][info][gc,marking     ] GC(789) Concurrent Cleanup for Next Mark 4.879ms
[331.218s][info][gc             ] GC(789) Concurrent Mark Cycle 2391.698ms
[331.381s][info][gc,start       ] GC(794) Pause Young (Prepare Mixed) (G1 Evacuation Pause)
[331.381s][info][gc,task        ] GC(794) Using 2 workers of 2 for evacuation
[331.411s][info][gc,phases      ] GC(794)   Pre Evacuate Collection Set: 0.49ms
[331.411s][info][gc,phases      ] GC(794)   Merge Heap Roots: 0.21ms
[331.411s][info][gc,phases      ] GC(794)   Evacuate Collection Set: 28.66ms
[331.411s][info][gc,phases      ] GC(794)   Post Evacuate Collection Set: 0.43ms
[331.411s][info][gc,phases      ] GC(794)   Other: 0.09ms
[331.411s][info][gc,heap        ] GC(794) Eden regions: 176->0(193)
[331.411s][info][gc,heap        ] GC(794) Survivor regions: 32->1(26)
[331.411s][info][gc,heap        ] GC(794) Old regions: 679->712
[331.411s][info][gc,heap        ] GC(794) Humongous regions: 9->9
[331.411s][info][gc,metaspace   ] GC(794) Metaspace: 18839K(19008K)->18839K(19008K) NonClass: 16172K(16256K)->16172K(16256K) Class: 2666K(2752K)->2666K(2752K)
[331.411s][info][gc             ] GC(794) Pause Young (Prepare Mixed) (G1 Evacuation Pause) 895M->721M(978M) 30.086ms
[331.411s][info][gc,cpu         ] GC(794) User=0.06s Sys=0.00s Real=0.03s
[331.613s][info][gc,start       ] GC(795) Pause Young (Mixed) (G1 Evacuation Pause)
[331.613s][info][gc,task        ] GC(795) Using 2 workers of 2 for evacuation
[331.617s][info][gc,phases      ] GC(795)   Pre Evacuate Collection Set: 0.31ms
[331.617s][info][gc,phases      ] GC(795)   Merge Heap Roots: 0.12ms
[331.617s][info][gc,phases      ] GC(795)   Evacuate Collection Set: 2.76ms
[331.617s][info][gc,phases      ] GC(795)   Post Evacuate Collection Set: 0.37ms
[331.617s][info][gc,phases      ] GC(795)   Other: 0.09ms
[331.617s][info][gc,heap        ] GC(795) Eden regions: 193->0(217)
[331.617s][info][gc,heap        ] GC(795) Survivor regions: 1->1(25)
[331.617s][info][gc,heap        ] GC(795) Old regions: 712->691
[331.617s][info][gc,heap        ] GC(795) Humongous regions: 9->9
[331.617s][info][gc,metaspace   ] GC(795) Metaspace: 18839K(19008K)->18839K(19008K) NonClass: 16172K(16256K)->16172K(16256K) Class: 2666K(2752K)->2666K(2752K)
[331.617s][info][gc             ] GC(795) Pause Young (Mixed) (G1 Evacuation Pause) 914M->700M(978M) 3.844ms
[331.617s][info][gc,cpu         ] GC(795) User=0.00s Sys=0.00s Real=0.00s
[331.850s][info][gc,start       ] GC(796) Pause Young (Concurrent Start) (G1 Evacuation Pause)
[331.850s][info][gc,task        ] GC(796) Using 2 workers of 2 for evacuation
[331.852s][info][gc,phases      ] GC(796)   Pre Evacuate Collection Set: 0.30ms
[331.852s][info][gc,phases      ] GC(796)   Merge Heap Roots: 0.09ms
[331.852s][info][gc,phases      ] GC(796)   Evacuate Collection Set: 1.30ms
[331.852s][info][gc,phases      ] GC(796)   Post Evacuate Collection Set: 0.42ms
[331.852s][info][gc,phases      ] GC(796)   Other: 0.10ms
[331.852s][info][gc,heap        ] GC(796) Eden regions: 217->0(226)
[331.852s][info][gc,heap        ] GC(796) Survivor regions: 1->1(28)
[331.852s][info][gc,heap        ] GC(796) Old regions: 691->691
[331.852s][info][gc,heap        ] GC(796) Humongous regions: 9->9
[331.852s][info][gc,metaspace   ] GC(796) Metaspace: 18839K(19008K)->18839K(19008K) NonClass: 16172K(16256K)->16172K(16256K) Class: 2666K(2752K)->2666K(2752K)
[331.852s][info][gc             ] GC(796) Pause Young (Concurrent Start) (G1 Evacuation Pause) 917M->700M(978M) 2.416ms
[331.852s][info][gc             ] GC(797) Concurrent Mark Cycle
[331.852s][info][gc,marking     ] GC(797) Concurrent Scan Root Regions
[331.854s][info][gc,marking     ] GC(797) Concurrent Scan Root Regions 1.233ms
[331.854s][info][gc,marking     ] GC(797) Concurrent Mark
[331.854s][info][gc,marking     ] GC(797) Concurrent Mark From Roots
[331.854s][info][gc,task        ] GC(797) Using 1 workers of 1 for marking
[331.854s][info][gc,cpu         ] GC(796) User=0.01s Sys=0.00s Real=0.01s
[332.288s][info][gc,start       ] GC(798) Pause Young (Normal) (G1 Evacuation Pause)
[332.288s][info][gc,task        ] GC(798) Using 2 workers of 2 for evacuation
[332.290s][info][gc,phases      ] GC(798)   Pre Evacuate Collection Set: 0.48ms
[332.290s][info][gc,phases      ] GC(798)   Merge Heap Roots: 0.10ms
[332.290s][info][gc,phases      ] GC(798)   Evacuate Collection Set: 1.47ms
[332.290s][info][gc,phases      ] GC(798)   Post Evacuate Collection Set: 0.39ms
[332.290s][info][gc,phases      ] GC(798)   Other: 0.11ms
[332.290s][info][gc,heap        ] GC(798) Eden regions: 226->0(226)
[332.290s][info][gc,heap        ] GC(798) Survivor regions: 1->1(29)
[332.290s][info][gc,heap        ] GC(798) Old regions: 691->691
[332.290s][info][gc,heap        ] GC(798) Humongous regions: 9->9
[332.290s][info][gc,metaspace   ] GC(798) Metaspace: 18839K(19008K)->18839K(19008K) NonClass: 16172K(16256K)->16172K(16256K) Class: 2666K(2752K)->2666K(2752K)
[332.290s][info][gc             ] GC(798) Pause Young (Normal) (G1 Evacuation Pause) 926M->700M(978M) 2.753ms
[332.290s][info][gc,cpu         ] GC(798) User=0.00s Sys=0.00s Real=0.00s
[332.811s][info][gc,start       ] GC(799) Pause Young (Normal) (G1 Evacuation Pause)
[332.811s][info][gc,task        ] GC(799) Using 2 workers of 2 for evacuation
[332.852s][info][gc,phases      ] GC(799)   Pre Evacuate Collection Set: 0.30ms
[332.852s][info][gc,phases      ] GC(799)   Merge Heap Roots: 0.58ms
[332.852s][info][gc,phases      ] GC(799)   Evacuate Collection Set: 39.41ms
[332.852s][info][gc,phases      ] GC(799)   Post Evacuate Collection Set: 0.51ms
[332.852s][info][gc,phases      ] GC(799)   Other: 0.09ms
[332.852s][info][gc,heap        ] GC(799) Eden regions: 226->0(187)
[332.852s][info][gc,heap        ] GC(799) Survivor regions: 1->19(29)
[332.852s][info][gc,heap        ] GC(799) Old regions: 691->691
[332.852s][info][gc,heap        ] GC(799) Humongous regions: 12->12
[332.852s][info][gc,metaspace   ] GC(799) Metaspace: 18839K(19008K)->18839K(19008K) NonClass: 16173K(16256K)->16173K(16256K) Class: 2666K(2752K)->2666K(2752K)
[332.852s][info][gc             ] GC(799) Pause Young (Normal) (G1 Evacuation Pause) 929M->721M(978M) 41.104ms
[332.852s][info][gc,cpu         ] GC(799) User=0.07s Sys=0.00s Real=0.04s
[332.870s][info][gc,marking     ] GC(797) Concurrent Mark From Roots 1015.981ms
[332.870s][info][gc,marking     ] GC(797) Concurrent Preclean
[332.870s][info][gc,marking     ] GC(797) Concurrent Preclean 0.040ms
[332.870s][info][gc,start       ] GC(797) Pause Remark
[332.878s][info][gc             ] GC(797) Pause Remark 735M->519M(978M) 7.555ms
[332.878s][info][gc,cpu         ] GC(797) User=0.01s Sys=0.00s Real=0.01s
[332.878s][info][gc,marking     ] GC(797) Concurrent Mark 1023.912ms
[332.878s][info][gc,marking     ] GC(797) Concurrent Rebuild Remembered Sets and Scrub Regions
[333.117s][info][gc,start       ] GC(800) Pause Young (Normal) (G1 Evacuation Pause)
[333.117s][info][gc,task        ] GC(800) Using 2 workers of 2 for evacuation
[333.190s][info][gc,phases      ] GC(800)   Pre Evacuate Collection Set: 0.25ms
[333.190s][info][gc,phases      ] GC(800)   Merge Heap Roots: 0.84ms
[333.190s][info][gc,phases      ] GC(800)   Evacuate Collection Set: 71.59ms
[333.190s][info][gc,phases      ] GC(800)   Post Evacuate Collection Set: 0.42ms
[333.190s][info][gc,phases      ] GC(800)   Other: 0.10ms
[333.190s][info][gc,heap        ] GC(800) Eden regions: 187->0(358)
[333.190s][info][gc,heap        ] GC(800) Survivor regions: 19->26(26)
[333.190s][info][gc,heap        ] GC(800) Old regions: 480->503
[333.190s][info][gc,heap        ] GC(800) Humongous regions: 7->7
[333.190s][info][gc,metaspace   ] GC(800) Metaspace: 18839K(19008K)->18839K(19008K) NonClass: 16173K(16256K)->16173K(16256K) Class: 2666K(2752K)->2666K(2752K)
[333.190s][info][gc             ] GC(800) Pause Young (Normal) (G1 Evacuation Pause) 692M->535M(978M) 73.410ms
[333.190s][info][gc,cpu         ] GC(800) User=0.14s Sys=0.00s Real=0.07s
[333.336s][info][gc,marking     ] GC(797) Concurrent Rebuild Remembered Sets and Scrub Regions 458.012ms
[333.336s][info][gc,start       ] GC(797) Pause Cleanup
[333.336s][info][gc             ] GC(797) Pause Cleanup 665M->665M(978M) 0.153ms
[333.336s][info][gc,cpu         ] GC(797) User=0.00s Sys=0.00s Real=0.00s
[333.336s][info][gc,marking     ] GC(797) Concurrent Clear Claimed Marks
[333.336s][info][gc,marking     ] GC(797) Concurrent Clear Claimed Marks 0.029ms
[333.336s][info][gc,marking     ] GC(797) Concurrent Cleanup for Next Mark
[333.339s][info][gc,marking     ] GC(797) Concurrent Cleanup for Next Mark 2.866ms
[333.339s][info][gc             ] GC(797) Concurrent Mark Cycle 1486.563ms
[333.561s][info][gc,start       ] GC(801) Pause Young (Prepare Mixed) (G1 Evacuation Pause)
[333.561s][info][gc,task        ] GC(801) Using 2 workers of 2 for evacuation
[333.600s][info][gc,phases      ] GC(801)   Pre Evacuate Collection Set: 0.51ms
[333.600s][info][gc,phases      ] GC(801)   Merge Heap Roots: 0.23ms
[333.600s][info][gc,phases      ] GC(801)   Evacuate Collection Set: 37.65ms
[333.600s][info][gc,phases      ] GC(801)   Post Evacuate Collection Set: 0.56ms
[333.600s][info][gc,phases      ] GC(801)   Other: 0.10ms
[333.600s][info][gc,heap        ] GC(801) Eden regions: 358->0(358)
[333.600s][info][gc,heap        ] GC(801) Survivor regions: 26->9(48)
[333.600s][info][gc,heap        ] GC(801) Old regions: 503->530
[333.600s][info][gc,heap        ] GC(801) Humongous regions: 7->7
[333.600s][info][gc,metaspace   ] GC(801) Metaspace: 18839K(19008K)->18839K(19008K) NonClass: 16173K(16256K)->16173K(16256K) Class: 2666K(2752K)->2666K(2752K)
[333.600s][info][gc             ] GC(801) Pause Young (Prepare Mixed) (G1 Evacuation Pause) 893M->545M(978M) 39.273ms
[333.600s][info][gc,cpu         ] GC(801) User=0.08s Sys=0.00s Real=0.04s
[333.977s][info][gc,start       ] GC(802) Pause Young (Mixed) (G1 Evacuation Pause)
[333.977s][info][gc,task        ] GC(802) Using 2 workers of 2 for evacuation
[334.023s][info][gc,phases      ] GC(802)   Pre Evacuate Collection Set: 0.32ms
[334.023s][info][gc,phases      ] GC(802)   Merge Heap Roots: 0.44ms
[334.023s][info][gc,phases      ] GC(802)   Evacuate Collection Set: 44.86ms
[334.023s][info][gc,phases      ] GC(802)   Post Evacuate Collection Set: 0.65ms
[334.023s][info][gc,phases      ] GC(802)   Other: 0.11ms
[334.023s][info][gc,heap        ] GC(802) Eden regions: 358->0(423)
[334.023s][info][gc,heap        ] GC(802) Survivor regions: 9->32(46)
[334.023s][info][gc,heap        ] GC(802) Old regions: 530->434
[334.023s][info][gc,heap        ] GC(802) Humongous regions: 7->7
[334.023s][info][gc,metaspace   ] GC(802) Metaspace: 18839K(19008K)->18839K(19008K) NonClass: 16173K(16256K)->16173K(16256K) Class: 2666K(2752K)->2666K(2752K)
[334.023s][info][gc             ] GC(802) Pause Young (Mixed) (G1 Evacuation Pause) 903M->472M(978M) 46.613ms
[334.023s][info][gc,cpu         ] GC(802) User=0.09s Sys=0.00s Real=0.05s
[334.744s][info][gc,start       ] GC(803) Pause Young (Mixed) (G1 Evacuation Pause)
[334.744s][info][gc,task        ] GC(803) Using 2 workers of 2 for evacuation
[334.817s][info][gc,phases      ] GC(803)   Pre Evacuate Collection Set: 0.49ms
[334.817s][info][gc,phases      ] GC(803)   Merge Heap Roots: 0.47ms
[334.817s][info][gc,phases      ] GC(803)   Evacuate Collection Set: 70.93ms
[334.817s][info][gc,phases      ] GC(803)   Post Evacuate Collection Set: 0.70ms
[334.817s][info][gc,phases      ] GC(803)   Other: 0.10ms
[334.817s][info][gc,heap        ] GC(803) Eden regions: 423->0(387)
[334.817s][info][gc,heap        ] GC(803) Survivor regions: 32->46(57)
[334.817s][info][gc,heap        ] GC(803) Old regions: 434->442
[334.817s][info][gc,heap        ] GC(803) Humongous regions: 7->7
[334.817s][info][gc,metaspace   ] GC(803) Metaspace: 18839K(19008K)->18839K(19008K) NonClass: 16173K(16256K)->16173K(16256K) Class: 2666K(2752K)->2666K(2752K)
[334.817s][info][gc             ] GC(803) Pause Young (Mixed) (G1 Evacuation Pause) 895M->494M(978M) 72.926ms
[334.817s][info][gc,cpu         ] GC(803) User=0.15s Sys=0.01s Real=0.07s
[335.222s][info][gc,start       ] GC(804) Pause Young (Concurrent Start) (G1 Evacuation Pause)
[335.222s][info][gc,task        ] GC(804) Using 2 workers of 2 for evacuation
[335.294s][info][gc,phases      ] GC(804)   Pre Evacuate Collection Set: 0.34ms
[335.294s][info][gc,phases      ] GC(804)   Merge Heap Roots: 0.25ms
[335.294s][info][gc,phases      ] GC(804)   Evacuate Collection Set: 70.96ms
[335.294s][info][gc,phases      ] GC(804)   Post Evacuate Collection Set: 0.63ms
[335.294s][info][gc,phases      ] GC(804)   Other: 0.20ms
[335.294s][info][gc,heap        ] GC(804) Eden regions: 387->0(369)
[335.294s][info][gc,heap        ] GC(804) Survivor regions: 46->43(55)
[335.294s][info][gc,heap        ] GC(804) Old regions: 442->466
[335.294s][info][gc,heap        ] GC(804) Humongous regions: 7->7
[335.294s][info][gc,metaspace   ] GC(804) Metaspace: 18839K(19008K)->18839K(19008K) NonClass: 16173K(16256K)->16173K(16256K) Class: 2666K(2752K)->2666K(2752K)
[335.294s][info][gc             ] GC(804) Pause Young (Concurrent Start) (G1 Evacuation Pause) 881M->515M(978M) 72.621ms
[335.294s][info][gc,cpu         ] GC(804) User=0.14s Sys=0.00s Real=0.07s
[335.294s][info][gc             ] GC(805) Concurrent Mark Cycle
[335.294s][info][gc,marking     ] GC(805) Concurrent Scan Root Regions
[335.426s][info][gc,marking     ] GC(805) Concurrent Scan Root Regions 131.589ms
[335.426s][info][gc,marking     ] GC(805) Concurrent Mark
[335.426s][info][gc,marking     ] GC(805) Concurrent Mark From Roots
[335.426s][info][gc,task        ] GC(805) Using 1 workers of 1 for marking
[335.942s][info][gc,start       ] GC(806) Pause Young (Normal) (G1 Evacuation Pause)
[335.942s][info][gc,task        ] GC(806) Using 2 workers of 2 for evacuation
[335.998s][info][gc,phases      ] GC(806)   Pre Evacuate Collection Set: 0.51ms
[335.998s][info][gc,phases      ] GC(806)   Merge Heap Roots: 0.21ms
[335.998s][info][gc,phases      ] GC(806)   Evacuate Collection Set: 53.92ms
[335.998s][info][gc,phases      ] GC(806)   Post Evacuate Collection Set: 0.59ms
[335.998s][info][gc,phases      ] GC(806)   Other: 0.10ms
[335.998s][info][gc,heap        ] GC(806) Eden regions: 369->0(370)
[335.998s][info][gc,heap        ] GC(806) Survivor regions: 43->31(52)
[335.998s][info][gc,heap        ] GC(806) Old regions: 466->489
[335.998s][info][gc,heap        ] GC(806) Humongous regions: 7->7
[335.998s][info][gc,metaspace   ] GC(806) Metaspace: 18839K(19008K)->18839K(19008K) NonClass: 16173K(16256K)->16173K(16256K) Class: 2666K(2752K)->2666K(2752K)
[335.998s][info][gc             ] GC(806) Pause Young (Normal) (G1 Evacuation Pause) 884M->525M(978M) 55.587ms
[335.998s][info][gc,cpu         ] GC(806) User=0.11s Sys=0.01s Real=0.05s
[336.168s][info][gc,marking     ] GC(805) Concurrent Mark From Roots 742.007ms
[336.168s][info][gc,marking     ] GC(805) Concurrent Preclean
[336.168s][info][gc,marking     ] GC(805) Concurrent Preclean 0.034ms
[336.168s][info][gc,start       ] GC(805) Pause Remark
[336.176s][info][gc             ] GC(805) Pause Remark 615M->493M(978M) 7.818ms
[336.176s][info][gc,cpu         ] GC(805) User=0.01s Sys=0.00s Real=0.01s
[336.176s][info][gc,marking     ] GC(805) Concurrent Mark 750.161ms
[336.176s][info][gc,marking     ] GC(805) Concurrent Rebuild Remembered Sets and Scrub Regions
[336.445s][info][gc,marking     ] GC(805) Concurrent Rebuild Remembered Sets and Scrub Regions 268.890ms
[336.445s][info][gc,start       ] GC(805) Pause Cleanup
[336.445s][info][gc             ] GC(805) Pause Cleanup 582M->582M(978M) 0.112ms
[336.445s][info][gc,cpu         ] GC(805) User=0.00s Sys=0.00s Real=0.00s
[336.446s][info][gc,marking     ] GC(805) Concurrent Clear Claimed Marks
[336.446s][info][gc,marking     ] GC(805) Concurrent Clear Claimed Marks 0.033ms
[336.446s][info][gc,marking     ] GC(805) Concurrent Cleanup for Next Mark
[336.453s][info][gc,marking     ] GC(805) Concurrent Cleanup for Next Mark 7.159ms
[336.453s][info][gc             ] GC(805) Concurrent Mark Cycle 1158.651ms
[336.968s][info][gc,start       ] GC(807) Pause Young (Prepare Mixed) (G1 Evacuation Pause)
[336.968s][info][gc,task        ] GC(807) Using 2 workers of 2 for evacuation
[337.013s][info][gc,phases      ] GC(807)   Pre Evacuate Collection Set: 0.51ms
[337.013s][info][gc,phases      ] GC(807)   Merge Heap Roots: 0.33ms
[337.013s][info][gc,phases      ] GC(807)   Evacuate Collection Set: 43.72ms
[337.013s][info][gc,phases      ] GC(807)   Post Evacuate Collection Set: 0.59ms
[337.013s][info][gc,phases      ] GC(807)   Other: 0.10ms
[337.013s][info][gc,heap        ] GC(807) Eden regions: 370->0(478)
[337.013s][info][gc,heap        ] GC(807) Survivor regions: 31->22(51)
[337.013s][info][gc,heap        ] GC(807) Old regions: 370->390
[337.013s][info][gc,heap        ] GC(807) Humongous regions: 4->4
[337.013s][info][gc,metaspace   ] GC(807) Metaspace: 18839K(19008K)->18839K(19008K) NonClass: 16173K(16256K)->16173K(16256K) Class: 2666K(2752K)->2666K(2752K)
[337.013s][info][gc             ] GC(807) Pause Young (Prepare Mixed) (G1 Evacuation Pause) 773M->415M(978M) 45.512ms
[337.013s][info][gc,cpu         ] GC(807) User=0.09s Sys=0.00s Real=0.05s
[337.567s][info][gc,start       ] GC(808) Pause Young (Mixed) (G1 Evacuation Pause)
[337.567s][info][gc,task        ] GC(808) Using 2 workers of 2 for evacuation
[337.732s][info][gc,phases      ] GC(808)   Pre Evacuate Collection Set: 0.52ms
[337.733s][info][gc,phases      ] GC(808)   Merge Heap Roots: 0.26ms
[337.733s][info][gc,phases      ] GC(808)   Evacuate Collection Set: 143.62ms
[337.733s][info][gc,phases      ] GC(808)   Post Evacuate Collection Set: 21.22ms
[337.733s][info][gc,phases      ] GC(808)   Other: 0.09ms
[337.733s][info][gc,heap        ] GC(808) Eden regions: 478->0(182)
[337.733s][info][gc,heap        ] GC(808) Survivor regions: 22->63(63)
[337.733s][info][gc,heap        ] GC(808) Old regions: 390->616
[337.733s][info][gc,heap        ] GC(808) Humongous regions: 4->4
[337.733s][info][gc,metaspace   ] GC(808) Metaspace: 18839K(19008K)->18839K(19008K) NonClass: 16173K(16256K)->16173K(16256K) Class: 2666K(2752K)->2666K(2752K)
[337.733s][info][gc             ] GC(808) Pause Young (Mixed) (G1 Evacuation Pause) (Evacuation Failure: Allocation) 893M->682M(978M) 165.955ms
[337.733s][info][gc,cpu         ] GC(808) User=0.33s Sys=0.00s Real=0.17s
[338.117s][info][gc,start       ] GC(809) Pause Young (Concurrent Start) (G1 Evacuation Pause)
[338.117s][info][gc,task        ] GC(809) Using 2 workers of 2 for evacuation
[338.236s][info][gc,phases      ] GC(809)   Pre Evacuate Collection Set: 0.43ms
[338.236s][info][gc,phases      ] GC(809)   Merge Heap Roots: 1.01ms
[338.236s][info][gc,phases      ] GC(809)   Evacuate Collection Set: 115.88ms
[338.236s][info][gc,phases      ] GC(809)   Post Evacuate Collection Set: 0.75ms
[338.236s][info][gc,phases      ] GC(809)   Other: 0.19ms
[338.236s][info][gc,heap        ] GC(809) Eden regions: 182->0(328)
[338.236s][info][gc,heap        ] GC(809) Survivor regions: 63->10(31)
[338.236s][info][gc,heap        ] GC(809) Old regions: 616->560
[338.236s][info][gc,heap        ] GC(809) Humongous regions: 4->4
[338.236s][info][gc,metaspace   ] GC(809) Metaspace: 18839K(19008K)->18839K(19008K) NonClass: 16173K(16256K)->16173K(16256K) Class: 2666K(2752K)->2666K(2752K)
[338.236s][info][gc             ] GC(809) Pause Young (Concurrent Start) (G1 Evacuation Pause) 864M->573M(978M) 118.487ms
[338.236s][info][gc,cpu         ] GC(809) User=0.24s Sys=0.00s Real=0.12s
[338.236s][info][gc             ] GC(810) Concurrent Mark Cycle
[338.237s][info][gc,marking     ] GC(810) Concurrent Scan Root Regions
[338.364s][info][gc,marking     ] GC(810) Concurrent Scan Root Regions 126.928ms
[338.364s][info][gc,marking     ] GC(810) Concurrent Mark
[338.364s][info][gc,marking     ] GC(810) Concurrent Mark From Roots
[338.365s][info][gc,task        ] GC(810) Using 1 workers of 1 for marking
[338.947s][info][gc,start       ] GC(811) Pause Young (Normal) (G1 Evacuation Pause)
[338.947s][info][gc,task        ] GC(811) Using 2 workers of 2 for evacuation
[339.124s][info][gc,phases      ] GC(811)   Pre Evacuate Collection Set: 0.35ms
[339.124s][info][gc,phases      ] GC(811)   Merge Heap Roots: 0.66ms
[339.124s][info][gc,phases      ] GC(811)   Evacuate Collection Set: 152.76ms
[339.124s][info][gc,phases      ] GC(811)   Post Evacuate Collection Set: 22.62ms
[339.124s][info][gc,phases      ] GC(811)   Other: 0.08ms
[339.124s][info][gc,heap        ] GC(811) Eden regions: 328->0(61)
[339.124s][info][gc,heap        ] GC(811) Survivor regions: 10->41(43)
[339.124s][info][gc,heap        ] GC(811) Old regions: 560->775
[339.124s][info][gc,heap        ] GC(811) Humongous regions: 10->10
[339.124s][info][gc,metaspace   ] GC(811) Metaspace: 18839K(19008K)->18839K(19008K) NonClass: 16173K(16256K)->16173K(16256K) Class: 2666K(2752K)->2666K(2752K)
[339.124s][info][gc             ] GC(811) Pause Young (Normal) (G1 Evacuation Pause) (Evacuation Failure: Allocation) 907M->825M(978M) 176.752ms
[339.124s][info][gc,cpu         ] GC(811) User=0.35s Sys=0.00s Real=0.18s
[339.417s][info][gc,start       ] GC(812) Pause Young (Normal) (G1 Evacuation Pause)
[339.418s][info][gc,task        ] GC(812) Using 2 workers of 2 for evacuation
[339.536s][info][gc,phases      ] GC(812)   Pre Evacuate Collection Set: 0.35ms
[339.536s][info][gc,phases      ] GC(812)   Merge Heap Roots: 1.50ms
[339.536s][info][gc,phases      ] GC(812)   Evacuate Collection Set: 115.44ms
[339.536s][info][gc,phases      ] GC(812)   Post Evacuate Collection Set: 0.66ms
[339.536s][info][gc,phases      ] GC(812)   Other: 0.09ms
[339.536s][info][gc,heap        ] GC(812) Eden regions: 61->0(238)
[339.536s][info][gc,heap        ] GC(812) Survivor regions: 41->5(13)
[339.536s][info][gc,heap        ] GC(812) Old regions: 775->651
[339.536s][info][gc,heap        ] GC(812) Humongous regions: 10->10
[339.536s][info][gc,metaspace   ] GC(812) Metaspace: 18839K(19008K)->18839K(19008K) NonClass: 16173K(16256K)->16173K(16256K) Class: 2666K(2752K)->2666K(2752K)
[339.536s][info][gc             ] GC(812) Pause Young (Normal) (G1 Evacuation Pause) 886M->664M(978M) 118.277ms
[339.536s][info][gc,cpu         ] GC(812) User=0.24s Sys=0.00s Real=0.12s
[339.646s][info][gc,marking     ] GC(810) Concurrent Mark From Roots 1281.028ms
[339.646s][info][gc,marking     ] GC(810) Concurrent Preclean
[339.646s][info][gc,marking     ] GC(810) Concurrent Preclean 0.036ms
[339.646s][info][gc,start       ] GC(810) Pause Remark
[339.653s][info][gc             ] GC(810) Pause Remark 695M->695M(978M) 7.488ms
[339.653s][info][gc,cpu         ] GC(810) User=0.01s Sys=0.00s Real=0.01s
[339.655s][info][gc,marking     ] GC(810) Concurrent Mark 1290.132ms
[339.655s][info][gc,marking     ] GC(810) Concurrent Rebuild Remembered Sets and Scrub Regions
[340.111s][info][gc,start       ] GC(813) Pause Young (Normal) (G1 Evacuation Pause)
[340.111s][info][gc,task        ] GC(813) Using 2 workers of 2 for evacuation
[340.158s][info][gc,phases      ] GC(813)   Pre Evacuate Collection Set: 0.31ms
[340.158s][info][gc,phases      ] GC(813)   Merge Heap Roots: 0.41ms
[340.158s][info][gc,phases      ] GC(813)   Evacuate Collection Set: 46.25ms
[340.158s][info][gc,phases      ] GC(813)   Post Evacuate Collection Set: 0.61ms
[340.158s][info][gc,phases      ] GC(813)   Other: 0.10ms
[340.158s][info][gc,heap        ] GC(813) Eden regions: 238->0(276)
[340.158s][info][gc,heap        ] GC(813) Survivor regions: 5->12(31)
[340.158s][info][gc,heap        ] GC(813) Old regions: 651->604
[340.158s][info][gc,heap        ] GC(813) Humongous regions: 13->13
[340.158s][info][gc,metaspace   ] GC(813) Metaspace: 18839K(19008K)->18839K(19008K) NonClass: 16173K(16256K)->16173K(16256K) Class: 2666K(2752K)->2666K(2752K)
[340.159s][info][gc             ] GC(813) Pause Young (Normal) (G1 Evacuation Pause) 905M->627M(978M) 47.899ms
[340.159s][info][gc,cpu         ] GC(813) User=0.10s Sys=0.00s Real=0.05s
[340.216s][info][gc,marking     ] GC(810) Concurrent Rebuild Remembered Sets and Scrub Regions 561.802ms
[340.217s][info][gc,start       ] GC(810) Pause Cleanup
[340.217s][info][gc             ] GC(810) Pause Cleanup 651M->651M(978M) 0.110ms
[340.217s][info][gc,cpu         ] GC(810) User=0.00s Sys=0.00s Real=0.00s
[340.217s][info][gc,marking     ] GC(810) Concurrent Clear Claimed Marks
[340.217s][info][gc,marking     ] GC(810) Concurrent Clear Claimed Marks 0.035ms
[340.217s][info][gc,marking     ] GC(810) Concurrent Cleanup for Next Mark
[340.220s][info][gc,marking     ] GC(810) Concurrent Cleanup for Next Mark 2.902ms
[340.220s][info][gc             ] GC(810) Concurrent Mark Cycle 1983.916ms
[340.628s][info][gc,start       ] GC(814) Pause Young (Prepare Mixed) (G1 Evacuation Pause)
[340.628s][info][gc,task        ] GC(814) Using 2 workers of 2 for evacuation
[340.654s][info][gc,phases      ] GC(814)   Pre Evacuate Collection Set: 0.50ms
[340.655s][info][gc,phases      ] GC(814)   Merge Heap Roots: 0.40ms
[340.655s][info][gc,phases      ] GC(814)   Evacuate Collection Set: 24.71ms
[340.655s][info][gc,phases      ] GC(814)   Post Evacuate Collection Set: 0.62ms
[340.655s][info][gc,phases      ] GC(814)   Other: 0.08ms
[340.655s][info][gc,heap        ] GC(814) Eden regions: 276->0(287)
[340.655s][info][gc,heap        ] GC(814) Survivor regions: 12->12(36)
[340.655s][info][gc,heap        ] GC(814) Old regions: 604->604
[340.655s][info][gc,heap        ] GC(814) Humongous regions: 13->13
[340.655s][info][gc,metaspace   ] GC(814) Metaspace: 18839K(19008K)->18839K(19008K) NonClass: 16173K(16256K)->16173K(16256K) Class: 2666K(2752K)->2666K(2752K)
[340.655s][info][gc             ] GC(814) Pause Young (Prepare Mixed) (G1 Evacuation Pause) 903M->627M(978M) 26.560ms
[340.655s][info][gc,cpu         ] GC(814) User=0.06s Sys=0.00s Real=0.03s
[341.105s][info][gc,start       ] GC(815) Pause Young (Mixed) (G1 Evacuation Pause)
[341.105s][info][gc,task        ] GC(815) Using 2 workers of 2 for evacuation
[341.129s][info][gc,phases      ] GC(815)   Pre Evacuate Collection Set: 0.30ms
[341.129s][info][gc,phases      ] GC(815)   Merge Heap Roots: 0.31ms
[341.129s][info][gc,phases      ] GC(815)   Evacuate Collection Set: 22.24ms
[341.129s][info][gc,phases      ] GC(815)   Post Evacuate Collection Set: 0.58ms
[341.129s][info][gc,phases      ] GC(815)   Other: 0.09ms
[341.129s][info][gc,heap        ] GC(815) Eden regions: 287->0(297)
[341.129s][info][gc,heap        ] GC(815) Survivor regions: 12->12(38)
[341.129s][info][gc,heap        ] GC(815) Old regions: 604->594
[341.129s][info][gc,heap        ] GC(815) Humongous regions: 13->13
[341.129s][info][gc,metaspace   ] GC(815) Metaspace: 18839K(19008K)->18839K(19008K) NonClass: 16173K(16256K)->16173K(16256K) Class: 2666K(2752K)->2666K(2752K)
[341.129s][info][gc             ] GC(815) Pause Young (Mixed) (G1 Evacuation Pause) 914M->618M(978M) 23.708ms
[341.129s][info][gc,cpu         ] GC(815) User=0.05s Sys=0.00s Real=0.02s
[341.565s][info][gc,start       ] GC(816) Pause Young (Concurrent Start) (G1 Evacuation Pause)
[341.565s][info][gc,task        ] GC(816) Using 2 workers of 2 for evacuation
[341.598s][info][gc,phases      ] GC(816)   Pre Evacuate Collection Set: 0.35ms
[341.598s][info][gc,phases      ] GC(816)   Merge Heap Roots: 0.32ms
[341.598s][info][gc,phases      ] GC(816)   Evacuate Collection Set: 31.42ms
[341.598s][info][gc,phases      ] GC(816)   Post Evacuate Collection Set: 0.60ms
[341.598s][info][gc,phases      ] GC(816)   Other: 0.18ms
[341.598s][info][gc,heap        ] GC(816) Eden regions: 297->0(281)
[341.598s][info][gc,heap        ] GC(816) Survivor regions: 12->20(39)
[341.598s][info][gc,heap        ] GC(816) Old regions: 594->594
[341.598s][info][gc,heap        ] GC(816) Humongous regions: 13->13
[341.598s][info][gc,metaspace   ] GC(816) Metaspace: 18839K(19008K)->18839K(19008K) NonClass: 16173K(16256K)->16173K(16256K) Class: 2666K(2752K)->2666K(2752K)
[341.598s][info][gc             ] GC(816) Pause Young (Concurrent Start) (G1 Evacuation Pause) 915M->626M(978M) 33.100ms
[341.598s][info][gc,cpu         ] GC(816) User=0.06s Sys=0.00s Real=0.03s
[341.598s][info][gc             ] GC(817) Concurrent Mark Cycle
[341.599s][info][gc,marking     ] GC(817) Concurrent Scan Root Regions
[341.635s][info][gc,marking     ] GC(817) Concurrent Scan Root Regions 35.909ms
[341.635s][info][gc,marking     ] GC(817) Concurrent Mark
[341.635s][info][gc,marking     ] GC(817) Concurrent Mark From Roots
[341.635s][info][gc,task        ] GC(817) Using 1 workers of 1 for marking
[342.101s][info][gc,start       ] GC(818) Pause Young (Normal) (G1 Evacuation Pause)
[342.101s][info][gc,task        ] GC(818) Using 2 workers of 2 for evacuation
[342.159s][info][gc,phases      ] GC(818)   Pre Evacuate Collection Set: 0.29ms
[342.159s][info][gc,phases      ] GC(818)   Merge Heap Roots: 0.30ms
[342.159s][info][gc,phases      ] GC(818)   Evacuate Collection Set: 56.44ms
[342.159s][info][gc,phases      ] GC(818)   Post Evacuate Collection Set: 0.55ms
[342.159s][info][gc,phases      ] GC(818)   Other: 0.07ms
[342.159s][info][gc,heap        ] GC(818) Eden regions: 281->0(241)
[342.159s][info][gc,heap        ] GC(818) Survivor regions: 20->38(38)
[342.159s][info][gc,heap        ] GC(818) Old regions: 594->598
[342.159s][info][gc,heap        ] GC(818) Humongous regions: 13->13
[342.159s][info][gc,metaspace   ] GC(818) Metaspace: 18839K(19008K)->18839K(19008K) NonClass: 16173K(16256K)->16173K(16256K) Class: 2666K(2752K)->2666K(2752K)
[342.159s][info][gc             ] GC(818) Pause Young (Normal) (G1 Evacuation Pause) 907M->648M(978M) 57.892ms
[342.159s][info][gc,cpu         ] GC(818) User=0.12s Sys=0.00s Real=0.05s
[342.590s][info][gc,start       ] GC(819) Pause Young (Normal) (G1 Evacuation Pause)
[342.591s][info][gc,task        ] GC(819) Using 2 workers of 2 for evacuation
[342.650s][info][gc,phases      ] GC(819)   Pre Evacuate Collection Set: 0.51ms
[342.650s][info][gc,phases      ] GC(819)   Merge Heap Roots: 0.35ms
[342.650s][info][gc,phases      ] GC(819)   Evacuate Collection Set: 57.70ms
[342.650s][info][gc,phases      ] GC(819)   Post Evacuate Collection Set: 0.46ms
[342.650s][info][gc,phases      ] GC(819)   Other: 0.07ms
[342.650s][info][gc,heap        ] GC(819) Eden regions: 241->0(259)
[342.650s][info][gc,heap        ] GC(819) Survivor regions: 38->10(35)
[342.650s][info][gc,heap        ] GC(819) Old regions: 598->636
[342.650s][info][gc,heap        ] GC(819) Humongous regions: 13->13
[342.650s][info][gc,metaspace   ] GC(819) Metaspace: 18839K(19008K)->18839K(19008K) NonClass: 16173K(16256K)->16173K(16256K) Class: 2666K(2752K)->2666K(2752K)
[342.650s][info][gc             ] GC(819) Pause Young (Normal) (G1 Evacuation Pause) 889M->658M(978M) 59.327ms
[342.650s][info][gc,cpu         ] GC(819) User=0.12s Sys=0.00s Real=0.06s
[342.787s][info][gc,marking     ] GC(817) Concurrent Mark From Roots 1152.283ms
[342.787s][info][gc,marking     ] GC(817) Concurrent Preclean
[342.787s][info][gc,marking     ] GC(817) Concurrent Preclean 0.035ms
[342.789s][info][gc,start       ] GC(817) Pause Remark
[342.797s][info][gc             ] GC(817) Pause Remark 684M->592M(978M) 7.654ms
[342.797s][info][gc,cpu         ] GC(817) User=0.02s Sys=0.00s Real=0.01s
[342.797s][info][gc,marking     ] GC(817) Concurrent Mark 1161.812ms
[342.797s][info][gc,marking     ] GC(817) Concurrent Rebuild Remembered Sets and Scrub Regions
[343.237s][info][gc,marking     ] GC(817) Concurrent Rebuild Remembered Sets and Scrub Regions 440.234ms
[343.237s][info][gc,start       ] GC(817) Pause Cleanup
[343.237s][info][gc             ] GC(817) Pause Cleanup 741M->741M(978M) 0.126ms
[343.237s][info][gc,cpu         ] GC(817) User=0.00s Sys=0.00s Real=0.00s
[343.238s][info][gc,marking     ] GC(817) Concurrent Clear Claimed Marks
[343.238s][info][gc,marking     ] GC(817) Concurrent Clear Claimed Marks 0.029ms
[343.238s][info][gc,marking     ] GC(817) Concurrent Cleanup for Next Mark
[343.240s][info][gc,marking     ] GC(817) Concurrent Cleanup for Next Mark 2.822ms
[343.240s][info][gc             ] GC(817) Concurrent Mark Cycle 1642.635ms
[343.406s][info][gc,start       ] GC(820) Pause Young (Prepare Mixed) (G1 Evacuation Pause)
[343.406s][info][gc,task        ] GC(820) Using 2 workers of 2 for evacuation
[343.418s][info][gc,phases      ] GC(820)   Pre Evacuate Collection Set: 0.51ms
[343.418s][info][gc,phases      ] GC(820)   Merge Heap Roots: 0.18ms
[343.418s][info][gc,phases      ] GC(820)   Evacuate Collection Set: 10.71ms
[343.418s][info][gc,phases      ] GC(820)   Post Evacuate Collection Set: 0.48ms
[343.418s][info][gc,phases      ] GC(820)   Other: 0.08ms
[343.418s][info][gc,heap        ] GC(820) Eden regions: 259->0(351)
[343.418s][info][gc,heap        ] GC(820) Survivor regions: 10->10(34)
[343.418s][info][gc,heap        ] GC(820) Old regions: 550->550
[343.418s][info][gc,heap        ] GC(820) Humongous regions: 7->7
[343.418s][info][gc,metaspace   ] GC(820) Metaspace: 18839K(19008K)->18839K(19008K) NonClass: 16173K(16256K)->16173K(16256K) Class: 2666K(2752K)->2666K(2752K)
[343.418s][info][gc             ] GC(820) Pause Young (Prepare Mixed) (G1 Evacuation Pause) 825M->566M(978M) 12.174ms
[343.418s][info][gc,cpu         ] GC(820) User=0.02s Sys=0.00s Real=0.01s
[343.980s][info][gc,start       ] GC(821) Pause Young (Mixed) (G1 Evacuation Pause)
[343.980s][info][gc,task        ] GC(821) Using 2 workers of 2 for evacuation
[344.007s][info][gc,phases      ] GC(821)   Pre Evacuate Collection Set: 0.51ms
[344.007s][info][gc,phases      ] GC(821)   Merge Heap Roots: 0.26ms
[344.007s][info][gc,phases      ] GC(821)   Evacuate Collection Set: 26.15ms
[344.007s][info][gc,phases      ] GC(821)   Post Evacuate Collection Set: 0.58ms
[344.007s][info][gc,phases      ] GC(821)   Other: 0.08ms
[344.007s][info][gc,heap        ] GC(821) Eden regions: 351->0(382)
[344.007s][info][gc,heap        ] GC(821) Survivor regions: 10->23(46)
[344.007s][info][gc,heap        ] GC(821) Old regions: 550->493
[344.007s][info][gc,heap        ] GC(821) Humongous regions: 7->7
[344.007s][info][gc,metaspace   ] GC(821) Metaspace: 18839K(19008K)->18839K(19008K) NonClass: 16173K(16256K)->16173K(16256K) Class: 2666K(2752K)->2666K(2752K)
[344.007s][info][gc             ] GC(821) Pause Young (Mixed) (G1 Evacuation Pause) 917M->521M(978M) 27.802ms
[344.007s][info][gc,cpu         ] GC(821) User=0.05s Sys=0.00s Real=0.03s
[344.431s][info][gc,start       ] GC(822) Pause Young (Concurrent Start) (G1 Humongous Allocation)
[344.431s][info][gc,task        ] GC(822) Using 2 workers of 2 for evacuation
[344.514s][info][gc,phases      ] GC(822)   Pre Evacuate Collection Set: 0.30ms
[344.514s][info][gc,phases      ] GC(822)   Merge Heap Roots: 0.19ms
[344.514s][info][gc,phases      ] GC(822)   Evacuate Collection Set: 81.91ms
[344.514s][info][gc,phases      ] GC(822)   Post Evacuate Collection Set: 0.79ms
[344.514s][info][gc,phases      ] GC(822)   Other: 0.11ms
[344.514s][info][gc,heap        ] GC(822) Eden regions: 343->0(295)
[344.514s][info][gc,heap        ] GC(822) Survivor regions: 23->51(51)
[344.514s][info][gc,heap        ] GC(822) Old regions: 493->524
[344.514s][info][gc,heap        ] GC(822) Humongous regions: 7->7
[344.514s][info][gc,metaspace   ] GC(822) Metaspace: 18839K(19008K)->18839K(19008K) NonClass: 16173K(16256K)->16173K(16256K) Class: 2666K(2752K)->2666K(2752K)
[344.514s][info][gc             ] GC(822) Pause Young (Concurrent Start) (G1 Humongous Allocation) 864M->581M(978M) 83.553ms
[344.514s][info][gc,cpu         ] GC(822) User=0.17s Sys=0.00s Real=0.09s
[344.514s][info][gc             ] GC(823) Concurrent Mark Cycle
[344.514s][info][gc,marking     ] GC(823) Concurrent Scan Root Regions
[344.564s][info][gc,marking     ] GC(823) Concurrent Scan Root Regions 49.570ms
[344.564s][info][gc,marking     ] GC(823) Concurrent Mark
[344.564s][info][gc,marking     ] GC(823) Concurrent Mark From Roots
[344.564s][info][gc,task        ] GC(823) Using 1 workers of 1 for marking
[345.347s][info][gc,marking     ] GC(823) Concurrent Mark From Roots 783.106ms
[345.347s][info][gc,marking     ] GC(823) Concurrent Preclean
[345.347s][info][gc,marking     ] GC(823) Concurrent Preclean 0.053ms
[345.348s][info][gc,start       ] GC(823) Pause Remark
[345.356s][info][gc             ] GC(823) Pause Remark 826M->693M(978M) 7.614ms
[345.356s][info][gc,cpu         ] GC(823) User=0.01s Sys=0.00s Real=0.01s
[345.356s][info][gc,marking     ] GC(823) Concurrent Mark 791.919ms
[345.356s][info][gc,marking     ] GC(823) Concurrent Rebuild Remembered Sets and Scrub Regions
[345.460s][info][gc,start       ] GC(824) Pause Young (Normal) (G1 Evacuation Pause)
[345.460s][info][gc,task        ] GC(824) Using 2 workers of 2 for evacuation
[345.529s][info][gc,phases      ] GC(824)   Pre Evacuate Collection Set: 0.44ms
[345.529s][info][gc,phases      ] GC(824)   Merge Heap Roots: 0.59ms
[345.529s][info][gc,phases      ] GC(824)   Evacuate Collection Set: 67.13ms
[345.529s][info][gc,phases      ] GC(824)   Post Evacuate Collection Set: 0.54ms
[345.529s][info][gc,phases      ] GC(824)   Other: 0.08ms
[345.529s][info][gc,heap        ] GC(824) Eden regions: 295->0(428)
[345.529s][info][gc,heap        ] GC(824) Survivor regions: 51->6(44)
[345.529s][info][gc,heap        ] GC(824) Old regions: 393->444
[345.529s][info][gc,heap        ] GC(824) Humongous regions: 8->8
[345.529s][info][gc,metaspace   ] GC(824) Metaspace: 18839K(19008K)->18839K(19008K) NonClass: 16173K(16256K)->16173K(16256K) Class: 2666K(2752K)->2666K(2752K)
[345.529s][info][gc             ] GC(824) Pause Young (Normal) (G1 Evacuation Pause) 746M->457M(978M) 69.064ms
[345.529s][info][gc,cpu         ] GC(824) User=0.13s Sys=0.00s Real=0.07s
[345.824s][info][gc,marking     ] GC(823) Concurrent Rebuild Remembered Sets and Scrub Regions 468.193ms
[345.824s][info][gc,start       ] GC(823) Pause Cleanup
[345.824s][info][gc             ] GC(823) Pause Cleanup 601M->601M(978M) 0.098ms
[345.824s][info][gc,cpu         ] GC(823) User=0.00s Sys=0.00s Real=0.00s
[345.825s][info][gc,marking     ] GC(823) Concurrent Clear Claimed Marks
[345.825s][info][gc,marking     ] GC(823) Concurrent Clear Claimed Marks 0.039ms
[345.825s][info][gc,marking     ] GC(823) Concurrent Cleanup for Next Mark
[345.830s][info][gc,marking     ] GC(823) Concurrent Cleanup for Next Mark 4.935ms
[345.830s][info][gc             ] GC(823) Concurrent Mark Cycle 1316.195ms
[346.233s][info][gc,start       ] GC(825) Pause Young (Prepare Mixed) (G1 Evacuation Pause)
[346.233s][info][gc,task        ] GC(825) Using 2 workers of 2 for evacuation
[346.243s][info][gc,phases      ] GC(825)   Pre Evacuate Collection Set: 0.51ms
[346.243s][info][gc,phases      ] GC(825)   Merge Heap Roots: 0.14ms
[346.243s][info][gc,phases      ] GC(825)   Evacuate Collection Set: 8.45ms
[346.243s][info][gc,phases      ] GC(825)   Post Evacuate Collection Set: 0.60ms
[346.243s][info][gc,phases      ] GC(825)   Other: 0.11ms
[346.243s][info][gc,heap        ] GC(825) Eden regions: 428->0(447)
[346.243s][info][gc,heap        ] GC(825) Survivor regions: 6->6(55)
[346.243s][info][gc,heap        ] GC(825) Old regions: 444->444
[346.243s][info][gc,heap        ] GC(825) Humongous regions: 8->8
[346.243s][info][gc,metaspace   ] GC(825) Metaspace: 18839K(19008K)->18839K(19008K) NonClass: 16173K(16256K)->16173K(16256K) Class: 2666K(2752K)->2666K(2752K)
[346.243s][info][gc             ] GC(825) Pause Young (Prepare Mixed) (G1 Evacuation Pause) 885M->457M(978M) 10.050ms
[346.243s][info][gc,cpu         ] GC(825) User=0.01s Sys=0.00s Real=0.01s
[346.734s][info][gc,start       ] GC(826) Pause Young (Mixed) (G1 Evacuation Pause)
[346.734s][info][gc,task        ] GC(826) Using 2 workers of 2 for evacuation
[346.774s][info][gc,phases      ] GC(826)   Pre Evacuate Collection Set: 0.55ms
[346.774s][info][gc,phases      ] GC(826)   Merge Heap Roots: 0.26ms
[346.774s][info][gc,phases      ] GC(826)   Evacuate Collection Set: 38.83ms
[346.774s][info][gc,phases      ] GC(826)   Post Evacuate Collection Set: 0.64ms
[346.774s][info][gc,phases      ] GC(826)   Other: 0.10ms
[346.774s][info][gc,heap        ] GC(826) Eden regions: 447->0(441)
[346.774s][info][gc,heap        ] GC(826) Survivor regions: 6->32(57)
[346.774s][info][gc,heap        ] GC(826) Old regions: 444->415
[346.774s][info][gc,heap        ] GC(826) Humongous regions: 8->8
[346.774s][info][gc,metaspace   ] GC(826) Metaspace: 18839K(19008K)->18839K(19008K) NonClass: 16173K(16256K)->16173K(16256K) Class: 2666K(2752K)->2666K(2752K)
[346.774s][info][gc             ] GC(826) Pause Young (Mixed) (G1 Evacuation Pause) 904M->454M(978M) 40.635ms
[346.774s][info][gc,cpu         ] GC(826) User=0.08s Sys=0.00s Real=0.04s
[347.127s][info][gc,start       ] GC(827) Pause Young (Concurrent Start) (G1 Evacuation Pause)
[347.127s][info][gc,task        ] GC(827) Using 2 workers of 2 for evacuation
[347.223s][info][gc,phases      ] GC(827)   Pre Evacuate Collection Set: 0.30ms
[347.223s][info][gc,phases      ] GC(827)   Merge Heap Roots: 0.40ms
[347.223s][info][gc,phases      ] GC(827)   Evacuate Collection Set: 94.61ms
[347.223s][info][gc,phases      ] GC(827)   Post Evacuate Collection Set: 0.74ms
[347.224s][info][gc,phases      ] GC(827)   Other: 0.14ms
[347.224s][info][gc,heap        ] GC(827) Eden regions: 441->0(358)
[347.224s][info][gc,heap        ] GC(827) Survivor regions: 32->60(60)
[347.224s][info][gc,heap        ] GC(827) Old regions: 415->442
[347.224s][info][gc,heap        ] GC(827) Humongous regions: 8->8
[347.224s][info][gc,metaspace   ] GC(827) Metaspace: 18839K(19008K)->18839K(19008K) NonClass: 16173K(16256K)->16173K(16256K) Class: 2666K(2752K)->2666K(2752K)
[347.224s][info][gc             ] GC(827) Pause Young (Concurrent Start) (G1 Evacuation Pause) (Evacuation Failure: Allocation) 895M->509M(978M) 96.417ms
[347.224s][info][gc,cpu         ] GC(827) User=0.19s Sys=0.00s Real=0.10s
[347.224s][info][gc             ] GC(828) Concurrent Mark Cycle
[347.226s][info][gc,marking     ] GC(828) Concurrent Scan Root Regions
[347.355s][info][gc,marking     ] GC(828) Concurrent Scan Root Regions 128.523ms
[347.355s][info][gc,marking     ] GC(828) Concurrent Mark
[347.355s][info][gc,marking     ] GC(828) Concurrent Mark From Roots
[347.355s][info][gc,task        ] GC(828) Using 1 workers of 1 for marking
[347.826s][info][gc,start       ] GC(829) Pause Young (Normal) (G1 Evacuation Pause)
[347.826s][info][gc,task        ] GC(829) Using 2 workers of 2 for evacuation
[347.928s][info][gc,phases      ] GC(829)   Pre Evacuate Collection Set: 0.49ms
[347.928s][info][gc,phases      ] GC(829)   Merge Heap Roots: 0.36ms
[347.928s][info][gc,phases      ] GC(829)   Evacuate Collection Set: 100.19ms
[347.928s][info][gc,phases      ] GC(829)   Post Evacuate Collection Set: 0.61ms
[347.928s][info][gc,phases      ] GC(829)   Other: 0.10ms
[347.928s][info][gc,heap        ] GC(829) Eden regions: 358->0(330)
[347.928s][info][gc,heap        ] GC(829) Survivor regions: 60->38(53)
[347.928s][info][gc,heap        ] GC(829) Old regions: 442->498
[347.928s][info][gc,heap        ] GC(829) Humongous regions: 8->8
[347.928s][info][gc,metaspace   ] GC(829) Metaspace: 18839K(19008K)->18839K(19008K) NonClass: 16173K(16256K)->16173K(16256K) Class: 2666K(2752K)->2666K(2752K)
[347.928s][info][gc             ] GC(829) Pause Young (Normal) (G1 Evacuation Pause) 867M->542M(978M) 101.951ms
[347.928s][info][gc,cpu         ] GC(829) User=0.20s Sys=0.00s Real=0.10s
[348.187s][info][gc,marking     ] GC(828) Concurrent Mark From Roots 832.309ms
[348.187s][info][gc,marking     ] GC(828) Concurrent Preclean
[348.187s][info][gc,marking     ] GC(828) Concurrent Preclean 0.036ms
[348.187s][info][gc,start       ] GC(828) Pause Remark
[348.195s][info][gc             ] GC(828) Pause Remark 702M->633M(978M) 7.586ms
[348.195s][info][gc,cpu         ] GC(828) User=0.01s Sys=0.00s Real=0.01s
[348.196s][info][gc,marking     ] GC(828) Concurrent Mark 841.417ms
[348.196s][info][gc,marking     ] GC(828) Concurrent Rebuild Remembered Sets and Scrub Regions
[348.522s][info][gc,start       ] GC(830) Pause Young (Normal) (G1 Evacuation Pause)
[348.522s][info][gc,task        ] GC(830) Using 2 workers of 2 for evacuation
[348.575s][info][gc,phases      ] GC(830)   Pre Evacuate Collection Set: 0.29ms
[348.575s][info][gc,phases      ] GC(830)   Merge Heap Roots: 0.40ms
[348.575s][info][gc,phases      ] GC(830)   Evacuate Collection Set: 50.62ms
[348.575s][info][gc,phases      ] GC(830)   Post Evacuate Collection Set: 0.83ms
[348.575s][info][gc,phases      ] GC(830)   Other: 0.09ms
[348.575s][info][gc,heap        ] GC(830) Eden regions: 330->0(404)
[348.575s][info][gc,heap        ] GC(830) Survivor regions: 38->5(46)
[348.575s][info][gc,heap        ] GC(830) Old regions: 432->469
[348.575s][info][gc,heap        ] GC(830) Humongous regions: 5->5
[348.575s][info][gc,metaspace   ] GC(830) Metaspace: 18839K(19008K)->18839K(19008K) NonClass: 16173K(16256K)->16173K(16256K) Class: 2666K(2752K)->2666K(2752K)
[348.575s][info][gc             ] GC(830) Pause Young (Normal) (G1 Evacuation Pause) 803M->478M(978M) 52.483ms
[348.575s][info][gc,cpu         ] GC(830) User=0.11s Sys=0.00s Real=0.05s
[348.637s][info][gc,marking     ] GC(828) Concurrent Rebuild Remembered Sets and Scrub Regions 440.524ms
[348.637s][info][gc,start       ] GC(828) Pause Cleanup
[348.637s][info][gc             ] GC(828) Pause Cleanup 543M->543M(978M) 0.104ms
[348.637s][info][gc,cpu         ] GC(828) User=0.00s Sys=0.00s Real=0.00s
[348.637s][info][gc,marking     ] GC(828) Concurrent Clear Claimed Marks
[348.637s][info][gc,marking     ] GC(828) Concurrent Clear Claimed Marks 0.046ms
[348.637s][info][gc,marking     ] GC(828) Concurrent Cleanup for Next Mark
[348.644s][info][gc,marking     ] GC(828) Concurrent Cleanup for Next Mark 6.812ms
[348.644s][info][gc             ] GC(828) Concurrent Mark Cycle 1420.256ms
[348.927s][info][gc,start       ] GC(831) Pause Young (Prepare Mixed) (G1 Evacuation Pause)
[348.927s][info][gc,task        ] GC(831) Using 2 workers of 2 for evacuation
[349.027s][info][gc,phases      ] GC(831)   Pre Evacuate Collection Set: 0.46ms
[349.027s][info][gc,phases      ] GC(831)   Merge Heap Roots: 0.51ms
[349.027s][info][gc,phases      ] GC(831)   Evacuate Collection Set: 97.65ms
[349.027s][info][gc,phases      ] GC(831)   Post Evacuate Collection Set: 1.02ms
[349.027s][info][gc,phases      ] GC(831)   Other: 0.08ms
[349.027s][info][gc,heap        ] GC(831) Eden regions: 404->0(281)
[349.027s][info][gc,heap        ] GC(831) Survivor regions: 5->52(52)
[349.027s][info][gc,heap        ] GC(831) Old regions: 469->511
[349.027s][info][gc,heap        ] GC(831) Humongous regions: 5->5
[349.027s][info][gc,metaspace   ] GC(831) Metaspace: 18839K(19008K)->18839K(19008K) NonClass: 16173K(16256K)->16173K(16256K) Class: 2666K(2752K)->2666K(2752K)
[349.027s][info][gc             ] GC(831) Pause Young (Prepare Mixed) (G1 Evacuation Pause) 882M->567M(978M) 99.946ms
[349.027s][info][gc,cpu         ] GC(831) User=0.20s Sys=0.00s Real=0.10s
[349.493s][info][gc,start       ] GC(832) Pause Young (Mixed) (G1 Evacuation Pause)
[349.493s][info][gc,task        ] GC(832) Using 2 workers of 2 for evacuation
[349.601s][info][gc,phases      ] GC(832)   Pre Evacuate Collection Set: 0.36ms
[349.601s][info][gc,phases      ] GC(832)   Merge Heap Roots: 0.82ms
[349.601s][info][gc,phases      ] GC(832)   Evacuate Collection Set: 89.74ms
[349.601s][info][gc,phases      ] GC(832)   Merge Optional Heap Roots: 0.47ms
[349.601s][info][gc,phases      ] GC(832)   Evacuate Optional Collection Set: 15.50ms
[349.601s][info][gc,phases      ] GC(832)   Post Evacuate Collection Set: 1.10ms
[349.601s][info][gc,phases      ] GC(832)   Other: 0.04ms
[349.601s][info][gc,heap        ] GC(832) Eden regions: 281->0(339)
[349.601s][info][gc,heap        ] GC(832) Survivor regions: 52->3(42)
[349.601s][info][gc,heap        ] GC(832) Old regions: 511->507
[349.601s][info][gc,heap        ] GC(832) Humongous regions: 5->5
[349.601s][info][gc,metaspace   ] GC(832) Metaspace: 18839K(19008K)->18839K(19008K) NonClass: 16173K(16256K)->16173K(16256K) Class: 2666K(2752K)->2666K(2752K)
[349.601s][info][gc             ] GC(832) Pause Young (Mixed) (G1 Evacuation Pause) 848M->514M(978M) 108.299ms
[349.601s][info][gc,cpu         ] GC(832) User=0.21s Sys=0.00s Real=0.11s
[349.940s][info][gc,start       ] GC(833) Pause Young (Mixed) (G1 Evacuation Pause)
[349.940s][info][gc,task        ] GC(833) Using 2 workers of 2 for evacuation
[350.047s][info][gc,phases      ] GC(833)   Pre Evacuate Collection Set: 0.27ms
[350.047s][info][gc,phases      ] GC(833)   Merge Heap Roots: 0.67ms
[350.047s][info][gc,phases      ] GC(833)   Evacuate Collection Set: 105.58ms
[350.047s][info][gc,phases      ] GC(833)   Post Evacuate Collection Set: 0.59ms
[350.047s][info][gc,phases      ] GC(833)   Other: 0.08ms
[350.047s][info][gc,heap        ] GC(833) Eden regions: 339->0(349)
[350.047s][info][gc,heap        ] GC(833) Survivor regions: 3->13(43)
[350.047s][info][gc,heap        ] GC(833) Old regions: 507->507
[350.047s][info][gc,heap        ] GC(833) Humongous regions: 5->5
[350.047s][info][gc,metaspace   ] GC(833) Metaspace: 18840K(19008K)->18840K(19008K) NonClass: 16174K(16256K)->16174K(16256K) Class: 2666K(2752K)->2666K(2752K)
[350.047s][info][gc             ] GC(833) Pause Young (Mixed) (G1 Evacuation Pause) 853M->524M(978M) 107.458ms
[350.047s][info][gc,cpu         ] GC(833) User=0.21s Sys=0.00s Real=0.11s
[350.328s][info][gc,start       ] GC(834) Pause Young (Concurrent Start) (G1 Humongous Allocation)
[350.328s][info][gc,task        ] GC(834) Using 2 workers of 2 for evacuation
[350.362s][info][gc,phases      ] GC(834)   Pre Evacuate Collection Set: 0.28ms
[350.362s][info][gc,phases      ] GC(834)   Merge Heap Roots: 0.35ms
[350.362s][info][gc,phases      ] GC(834)   Evacuate Collection Set: 32.61ms
[350.362s][info][gc,phases      ] GC(834)   Post Evacuate Collection Set: 0.56ms
[350.362s][info][gc,phases      ] GC(834)   Other: 0.12ms
[350.362s][info][gc,heap        ] GC(834) Eden regions: 207->0(352)
[350.362s][info][gc,heap        ] GC(834) Survivor regions: 13->20(46)
[350.362s][info][gc,heap        ] GC(834) Old regions: 507->507
[350.362s][info][gc,heap        ] GC(834) Humongous regions: 5->5
[350.362s][info][gc,metaspace   ] GC(834) Metaspace: 18843K(19008K)->18843K(19008K) NonClass: 16177K(16256K)->16177K(16256K) Class: 2666K(2752K)->2666K(2752K)
[350.362s][info][gc             ] GC(834) Pause Young (Concurrent Start) (G1 Humongous Allocation) 731M->531M(978M) 34.129ms
[350.362s][info][gc,cpu         ] GC(834) User=0.07s Sys=0.00s Real=0.04s
[350.362s][info][gc             ] GC(835) Concurrent Mark Cycle
[350.362s][info][gc,marking     ] GC(835) Concurrent Scan Root Regions
[350.410s][info][gc,marking     ] GC(835) Concurrent Scan Root Regions 47.936ms
[350.410s][info][gc,marking     ] GC(835) Concurrent Mark
[350.410s][info][gc,marking     ] GC(835) Concurrent Mark From Roots
[350.410s][info][gc,task        ] GC(835) Using 1 workers of 1 for marking
[351.324s][info][gc,start       ] GC(836) Pause Young (Normal) (G1 Evacuation Pause)
[351.324s][info][gc,task        ] GC(836) Using 2 workers of 2 for evacuation
[351.408s][info][gc,phases      ] GC(836)   Pre Evacuate Collection Set: 0.51ms
[351.408s][info][gc,phases      ] GC(836)   Merge Heap Roots: 0.46ms
[351.408s][info][gc,phases      ] GC(836)   Evacuate Collection Set: 81.49ms
[351.408s][info][gc,phases      ] GC(836)   Post Evacuate Collection Set: 0.66ms
[351.408s][info][gc,phases      ] GC(836)   Other: 0.10ms
[351.408s][info][gc,heap        ] GC(836) Eden regions: 352->0(303)
[351.408s][info][gc,heap        ] GC(836) Survivor regions: 20->47(47)
[351.408s][info][gc,heap        ] GC(836) Old regions: 507->523
[351.408s][info][gc,heap        ] GC(836) Humongous regions: 8->8
[351.408s][info][gc,metaspace   ] GC(836) Metaspace: 18843K(19008K)->18843K(19008K) NonClass: 16177K(16256K)->16177K(16256K) Class: 2666K(2752K)->2666K(2752K)
[351.408s][info][gc             ] GC(836) Pause Young (Normal) (G1 Evacuation Pause) 886M->577M(978M) 83.468ms
[351.408s][info][gc,cpu         ] GC(836) User=0.16s Sys=0.00s Real=0.08s
[351.785s][info][gc,marking     ] GC(835) Concurrent Mark From Roots 1374.955ms
[351.785s][info][gc,marking     ] GC(835) Concurrent Preclean
[351.785s][info][gc,marking     ] GC(835) Concurrent Preclean 0.037ms
[351.786s][info][gc,start       ] GC(835) Pause Remark
[351.794s][info][gc             ] GC(835) Pause Remark 764M->764M(978M) 7.549ms
[351.794s][info][gc,cpu         ] GC(835) User=0.01s Sys=0.00s Real=0.01s
[351.794s][info][gc,marking     ] GC(835) Concurrent Mark 1383.682ms
[351.794s][info][gc,marking     ] GC(835) Concurrent Rebuild Remembered Sets and Scrub Regions
[351.949s][info][gc,start       ] GC(837) Pause Young (Normal) (G1 Evacuation Pause)
[351.949s][info][gc,task        ] GC(837) Using 2 workers of 2 for evacuation
[352.015s][info][gc,phases      ] GC(837)   Pre Evacuate Collection Set: 0.44ms
[352.016s][info][gc,phases      ] GC(837)   Merge Heap Roots: 0.37ms
[352.016s][info][gc,phases      ] GC(837)   Evacuate Collection Set: 64.83ms
[352.016s][info][gc,phases      ] GC(837)   Post Evacuate Collection Set: 0.79ms
[352.016s][info][gc,phases      ] GC(837)   Other: 0.09ms
[352.016s][info][gc,heap        ] GC(837) Eden regions: 303->0(313)
[352.016s][info][gc,heap        ] GC(837) Survivor regions: 47->6(44)
[352.016s][info][gc,heap        ] GC(837) Old regions: 523->570
[352.016s][info][gc,heap        ] GC(837) Humongous regions: 8->8
[352.016s][info][gc,metaspace   ] GC(837) Metaspace: 18846K(19008K)->18846K(19008K) NonClass: 16180K(16256K)->16180K(16256K) Class: 2666K(2752K)->2666K(2752K)
[352.016s][info][gc             ] GC(837) Pause Young (Normal) (G1 Evacuation Pause) 880M->583M(978M) 66.762ms
[352.016s][info][gc,cpu         ] GC(837) User=0.13s Sys=0.00s Real=0.07s
[352.503s][info][gc,start       ] GC(838) Pause Young (Normal) (G1 Evacuation Pause)
[352.503s][info][gc,task        ] GC(838) Using 2 workers of 2 for evacuation
[352.534s][info][gc,phases      ] GC(838)   Pre Evacuate Collection Set: 0.28ms
[352.534s][info][gc,phases      ] GC(838)   Merge Heap Roots: 0.48ms
[352.534s][info][gc,phases      ] GC(838)   Evacuate Collection Set: 29.66ms
[352.534s][info][gc,phases      ] GC(838)   Post Evacuate Collection Set: 0.66ms
[352.534s][info][gc,phases      ] GC(838)   Other: 0.08ms
[352.534s][info][gc,heap        ] GC(838) Eden regions: 313->0(317)
[352.534s][info][gc,heap        ] GC(838) Survivor regions: 6->13(40)
[352.534s][info][gc,heap        ] GC(838) Old regions: 570->570
[352.534s][info][gc,heap        ] GC(838) Humongous regions: 8->8
[352.534s][info][gc,metaspace   ] GC(838) Metaspace: 18847K(19008K)->18847K(19008K) NonClass: 16181K(16256K)->16181K(16256K) Class: 2666K(2752K)->2666K(2752K)
[352.534s][info][gc             ] GC(838) Pause Young (Normal) (G1 Evacuation Pause) 896M->590M(978M) 31.379ms
[352.534s][info][gc,cpu         ] GC(838) User=0.06s Sys=0.00s Real=0.03s
[352.556s][info][gc,marking     ] GC(835) Concurrent Rebuild Remembered Sets and Scrub Regions 762.031ms
[352.556s][info][gc,start       ] GC(835) Pause Cleanup
[352.556s][info][gc             ] GC(835) Pause Cleanup 613M->613M(978M) 0.104ms
[352.556s][info][gc,cpu         ] GC(835) User=0.00s Sys=0.00s Real=0.00s
[352.556s][info][gc,marking     ] GC(835) Concurrent Clear Claimed Marks
[352.556s][info][gc,marking     ] GC(835) Concurrent Clear Claimed Marks 0.029ms
[352.556s][info][gc,marking     ] GC(835) Concurrent Cleanup for Next Mark
[352.561s][info][gc,marking     ] GC(835) Concurrent Cleanup for Next Mark 4.857ms
[352.561s][info][gc             ] GC(835) Concurrent Mark Cycle 2199.026ms
[353.464s][info][gc,start       ] GC(839) Pause Young (Prepare Mixed) (G1 Evacuation Pause)
[353.464s][info][gc,task        ] GC(839) Using 2 workers of 2 for evacuation
[353.496s][info][gc,phases      ] GC(839)   Pre Evacuate Collection Set: 0.50ms
[353.496s][info][gc,phases      ] GC(839)   Merge Heap Roots: 0.58ms
[353.496s][info][gc,phases      ] GC(839)   Evacuate Collection Set: 30.61ms
[353.496s][info][gc,phases      ] GC(839)   Post Evacuate Collection Set: 0.69ms
[353.496s][info][gc,phases      ] GC(839)   Other: 0.09ms
[353.496s][info][gc,heap        ] GC(839) Eden regions: 317->0(324)
[353.496s][info][gc,heap        ] GC(839) Survivor regions: 13->13(42)
[353.496s][info][gc,heap        ] GC(839) Old regions: 570->570
[353.496s][info][gc,heap        ] GC(839) Humongous regions: 8->8
[353.496s][info][gc,metaspace   ] GC(839) Metaspace: 18847K(19008K)->18847K(19008K) NonClass: 16181K(16256K)->16181K(16256K) Class: 2666K(2752K)->2666K(2752K)
[353.496s][info][gc             ] GC(839) Pause Young (Prepare Mixed) (G1 Evacuation Pause) 907M->590M(978M) 32.649ms
[353.496s][info][gc,cpu         ] GC(839) User=0.06s Sys=0.00s Real=0.03s
[354.162s][info][gc,start       ] GC(840) Pause Young (Mixed) (G1 Evacuation Pause)
[354.162s][info][gc,task        ] GC(840) Using 2 workers of 2 for evacuation
[354.234s][info][gc,phases      ] GC(840)   Pre Evacuate Collection Set: 0.44ms
[354.234s][info][gc,phases      ] GC(840)   Merge Heap Roots: 0.80ms
[354.234s][info][gc,phases      ] GC(840)   Evacuate Collection Set: 69.54ms
[354.234s][info][gc,phases      ] GC(840)   Post Evacuate Collection Set: 1.42ms
[354.234s][info][gc,phases      ] GC(840)   Other: 0.09ms
[354.234s][info][gc,heap        ] GC(840) Eden regions: 324->0(14)
[354.234s][info][gc,heap        ] GC(840) Survivor regions: 13->34(43)
[354.234s][info][gc,heap        ] GC(840) Old regions: 570->564
[354.234s][info][gc,heap        ] GC(840) Humongous regions: 8->8
[354.234s][info][gc,metaspace   ] GC(840) Metaspace: 18847K(19008K)->18847K(19008K) NonClass: 16181K(16256K)->16181K(16256K) Class: 2666K(2752K)->2666K(2752K)
[354.234s][info][gc             ] GC(840) Pause Young (Mixed) (G1 Evacuation Pause) 914M->605M(978M) 72.525ms
[354.234s][info][gc,cpu         ] GC(840) User=0.14s Sys=0.00s Real=0.07s
[354.290s][info][gc,start       ] GC(841) Pause Young (Mixed) (G1 Evacuation Pause)
[354.290s][info][gc,task        ] GC(841) Using 2 workers of 2 for evacuation
[354.468s][info][gc,phases      ] GC(841)   Pre Evacuate Collection Set: 0.23ms
[354.468s][info][gc,phases      ] GC(841)   Merge Heap Roots: 2.35ms
[354.468s][info][gc,phases      ] GC(841)   Evacuate Collection Set: 174.12ms
[354.468s][info][gc,phases      ] GC(841)   Post Evacuate Collection Set: 1.25ms
[354.468s][info][gc,phases      ] GC(841)   Other: 0.07ms
[354.468s][info][gc,heap        ] GC(841) Eden regions: 14->0(308)
[354.468s][info][gc,heap        ] GC(841) Survivor regions: 34->1(6)
[354.468s][info][gc,heap        ] GC(841) Old regions: 564->597
[354.468s][info][gc,heap        ] GC(841) Humongous regions: 8->8
[354.468s][info][gc,metaspace   ] GC(841) Metaspace: 18847K(19008K)->18847K(19008K) NonClass: 16181K(16256K)->16181K(16256K) Class: 2666K(2752K)->2666K(2752K)
[354.468s][info][gc             ] GC(841) Pause Young (Mixed) (G1 Evacuation Pause) 619M->605M(978M) 178.230ms
[354.468s][info][gc,cpu         ] GC(841) User=0.35s Sys=0.00s Real=0.18s
[356.037s][info][gc,start       ] GC(842) Pause Young (Concurrent Start) (G1 Evacuation Pause)
[356.037s][info][gc,task        ] GC(842) Using 2 workers of 2 for evacuation
[356.043s][info][gc,phases      ] GC(842)   Pre Evacuate Collection Set: 0.35ms
[356.043s][info][gc,phases      ] GC(842)   Merge Heap Roots: 0.16ms
[356.043s][info][gc,phases      ] GC(842)   Evacuate Collection Set: 4.39ms
[356.043s][info][gc,phases      ] GC(842)   Post Evacuate Collection Set: 0.52ms
[356.043s][info][gc,phases      ] GC(842)   Other: 0.21ms
[356.043s][info][gc,heap        ] GC(842) Eden regions: 308->0(317)
[356.043s][info][gc,heap        ] GC(842) Survivor regions: 1->3(39)
[356.043s][info][gc,heap        ] GC(842) Old regions: 597->597
[356.043s][info][gc,heap        ] GC(842) Humongous regions: 8->8
[356.043s][info][gc,metaspace   ] GC(842) Metaspace: 18854K(19008K)->18854K(19008K) NonClass: 16188K(16256K)->16188K(16256K) Class: 2666K(2752K)->2666K(2752K)
[356.043s][info][gc             ] GC(842) Pause Young (Concurrent Start) (G1 Evacuation Pause) 913M->607M(978M) 5.824ms
[356.043s][info][gc,cpu         ] GC(842) User=0.01s Sys=0.00s Real=0.01s
[356.043s][info][gc             ] GC(843) Concurrent Mark Cycle
[356.043s][info][gc,marking     ] GC(843) Concurrent Scan Root Regions
[356.046s][info][gc,marking     ] GC(843) Concurrent Scan Root Regions 3.058ms
[356.046s][info][gc,marking     ] GC(843) Concurrent Mark
[356.046s][info][gc,marking     ] GC(843) Concurrent Mark From Roots
[356.046s][info][gc,task        ] GC(843) Using 1 workers of 1 for marking
[356.834s][info][gc,start       ] GC(844) Pause Young (Normal) (G1 Evacuation Pause)
[356.834s][info][gc,task        ] GC(844) Using 2 workers of 2 for evacuation
[356.839s][info][gc,phases      ] GC(844)   Pre Evacuate Collection Set: 0.28ms
[356.839s][info][gc,phases      ] GC(844)   Merge Heap Roots: 0.12ms
[356.839s][info][gc,phases      ] GC(844)   Evacuate Collection Set: 3.46ms
[356.839s][info][gc,phases      ] GC(844)   Post Evacuate Collection Set: 0.50ms
[356.839s][info][gc,phases      ] GC(844)   Other: 0.07ms
[356.839s][info][gc,heap        ] GC(844) Eden regions: 317->0(317)
[356.839s][info][gc,heap        ] GC(844) Survivor regions: 3->3(40)
[356.839s][info][gc,heap        ] GC(844) Old regions: 597->597
[356.839s][info][gc,heap        ] GC(844) Humongous regions: 8->8
[356.839s][info][gc,metaspace   ] GC(844) Metaspace: 18855K(19008K)->18855K(19008K) NonClass: 16189K(16256K)->16189K(16256K) Class: 2666K(2752K)->2666K(2752K)
[356.839s][info][gc             ] GC(844) Pause Young (Normal) (G1 Evacuation Pause) 924M->607M(978M) 4.650ms
[356.839s][info][gc,cpu         ] GC(844) User=0.01s Sys=0.00s Real=0.00s
[357.025s][info][gc,marking     ] GC(843) Concurrent Mark From Roots 979.083ms
[357.025s][info][gc,marking     ] GC(843) Concurrent Preclean
[357.025s][info][gc,marking     ] GC(843) Concurrent Preclean 0.040ms
[357.027s][info][gc,start       ] GC(843) Pause Remark
[357.037s][info][gc             ] GC(843) Pause Remark 734M->652M(978M) 10.434ms
[357.038s][info][gc,cpu         ] GC(843) User=0.02s Sys=0.00s Real=0.01s
[357.042s][info][gc,marking     ] GC(843) Concurrent Mark 996.078ms
[357.042s][info][gc,marking     ] GC(843) Concurrent Rebuild Remembered Sets and Scrub Regions
[357.263s][info][gc,start       ] GC(845) Pause Young (Normal) (G1 Evacuation Pause)
[357.263s][info][gc,task        ] GC(845) Using 2 workers of 2 for evacuation
[357.372s][info][gc,phases      ] GC(845)   Pre Evacuate Collection Set: 0.29ms
[357.372s][info][gc,phases      ] GC(845)   Merge Heap Roots: 0.14ms
[357.372s][info][gc,phases      ] GC(845)   Evacuate Collection Set: 107.75ms
[357.372s][info][gc,phases      ] GC(845)   Post Evacuate Collection Set: 0.93ms
[357.372s][info][gc,phases      ] GC(845)   Other: 0.09ms
[357.372s][info][gc,heap        ] GC(845) Eden regions: 317->0(234)
[357.372s][info][gc,heap        ] GC(845) Survivor regions: 3->40(40)
[357.372s][info][gc,heap        ] GC(845) Old regions: 518->595
[357.372s][info][gc,heap        ] GC(845) Humongous regions: 5->5
[357.372s][info][gc,metaspace   ] GC(845) Metaspace: 18863K(19008K)->18863K(19008K) NonClass: 16197K(16256K)->16197K(16256K) Class: 2666K(2752K)->2666K(2752K)
[357.372s][info][gc             ] GC(845) Pause Young (Normal) (G1 Evacuation Pause) 842M->639M(978M) 109.399ms
[357.372s][info][gc,cpu         ] GC(845) User=0.21s Sys=0.00s Real=0.11s
[357.672s][info][gc,marking     ] GC(843) Concurrent Rebuild Remembered Sets and Scrub Regions 630.225ms
[357.672s][info][gc,start       ] GC(843) Pause Cleanup
[357.672s][info][gc             ] GC(843) Pause Cleanup 762M->762M(978M) 0.107ms
[357.672s][info][gc,cpu         ] GC(843) User=0.00s Sys=0.00s Real=0.00s
[357.674s][info][gc,marking     ] GC(843) Concurrent Clear Claimed Marks
[357.674s][info][gc,marking     ] GC(843) Concurrent Clear Claimed Marks 0.045ms
[357.674s][info][gc,marking     ] GC(843) Concurrent Cleanup for Next Mark
[357.677s][info][gc,marking     ] GC(843) Concurrent Cleanup for Next Mark 2.914ms
[357.677s][info][gc             ] GC(843) Concurrent Mark Cycle 1634.257ms
[357.893s][info][gc,start       ] GC(846) Pause Young (Prepare Mixed) (G1 Evacuation Pause)
[357.893s][info][gc,task        ] GC(846) Using 2 workers of 2 for evacuation
[358.018s][info][gc,phases      ] GC(846)   Pre Evacuate Collection Set: 0.44ms
[358.018s][info][gc,phases      ] GC(846)   Merge Heap Roots: 0.61ms
[358.018s][info][gc,phases      ] GC(846)   Evacuate Collection Set: 122.66ms
[358.018s][info][gc,phases      ] GC(846)   Post Evacuate Collection Set: 0.63ms
[358.018s][info][gc,phases      ] GC(846)   Other: 0.08ms
[358.018s][info][gc,heap        ] GC(846) Eden regions: 234->0(182)
[358.018s][info][gc,heap        ] GC(846) Survivor regions: 40->35(35)
[358.018s][info][gc,heap        ] GC(846) Old regions: 595->659
[358.018s][info][gc,heap        ] GC(846) Humongous regions: 6->6
[358.018s][info][gc,metaspace   ] GC(846) Metaspace: 18879K(19072K)->18879K(19072K) NonClass: 16213K(16320K)->16213K(16320K) Class: 2666K(2752K)->2666K(2752K)
[358.018s][info][gc             ] GC(846) Pause Young (Prepare Mixed) (G1 Evacuation Pause) 874M->699M(978M) 124.627ms
[358.018s][info][gc,cpu         ] GC(846) User=0.24s Sys=0.00s Real=0.12s
[358.215s][info][gc,start       ] GC(847) Pause Young (Mixed) (G1 Evacuation Pause)
[358.215s][info][gc,task        ] GC(847) Using 2 workers of 2 for evacuation
[358.310s][info][gc,phases      ] GC(847)   Pre Evacuate Collection Set: 0.53ms
[358.311s][info][gc,phases      ] GC(847)   Merge Heap Roots: 0.93ms
[358.311s][info][gc,phases      ] GC(847)   Evacuate Collection Set: 92.85ms
[358.311s][info][gc,phases      ] GC(847)   Post Evacuate Collection Set: 0.68ms
[358.311s][info][gc,phases      ] GC(847)   Other: 0.08ms
[358.311s][info][gc,heap        ] GC(847) Eden regions: 182->0(182)
[358.311s][info][gc,heap        ] GC(847) Survivor regions: 35->28(28)
[358.311s][info][gc,heap        ] GC(847) Old regions: 659->661
[358.311s][info][gc,heap        ] GC(847) Humongous regions: 9->9
[358.311s][info][gc,metaspace   ] GC(847) Metaspace: 18879K(19072K)->18879K(19072K) NonClass: 16213K(16320K)->16213K(16320K) Class: 2666K(2752K)->2666K(2752K)
[358.311s][info][gc             ] GC(847) Pause Young (Mixed) (G1 Evacuation Pause) 884M->697M(978M) 95.321ms
[358.311s][info][gc,cpu         ] GC(847) User=0.18s Sys=0.00s Real=0.09s
[358.479s][info][gc,start       ] GC(848) Pause Young (Concurrent Start) (G1 Evacuation Pause)
[358.479s][info][gc,task        ] GC(848) Using 2 workers of 2 for evacuation
[358.527s][info][gc,phases      ] GC(848)   Pre Evacuate Collection Set: 0.36ms
[358.527s][info][gc,phases      ] GC(848)   Merge Heap Roots: 0.13ms
[358.527s][info][gc,phases      ] GC(848)   Evacuate Collection Set: 46.54ms
[358.527s][info][gc,phases      ] GC(848)   Post Evacuate Collection Set: 0.46ms
[358.527s][info][gc,phases      ] GC(848)   Other: 0.21ms
[358.527s][info][gc,heap        ] GC(848) Eden regions: 182->0(184)
[358.527s][info][gc,heap        ] GC(848) Survivor regions: 28->11(27)
[358.527s][info][gc,heap        ] GC(848) Old regions: 661->690
[358.527s][info][gc,heap        ] GC(848) Humongous regions: 9->9
[358.527s][info][gc,metaspace   ] GC(848) Metaspace: 18879K(19072K)->18879K(19072K) NonClass: 16213K(16320K)->16213K(16320K) Class: 2666K(2752K)->2666K(2752K)
[358.527s][info][gc             ] GC(848) Pause Young (Concurrent Start) (G1 Evacuation Pause) 879M->708M(978M) 47.944ms
[358.527s][info][gc             ] GC(849) Concurrent Mark Cycle
[358.527s][info][gc,marking     ] GC(849) Concurrent Scan Root Regions
[358.527s][info][gc,cpu         ] GC(848) User=0.10s Sys=0.00s Real=0.05s
[358.613s][info][gc,marking     ] GC(849) Concurrent Scan Root Regions 85.981ms
[358.613s][info][gc,marking     ] GC(849) Concurrent Mark
[358.613s][info][gc,marking     ] GC(849) Concurrent Mark From Roots
[358.613s][info][gc,task        ] GC(849) Using 1 workers of 1 for marking
[358.822s][info][gc,start       ] GC(850) Pause Young (Normal) (G1 Evacuation Pause)
[358.822s][info][gc,task        ] GC(850) Using 2 workers of 2 for evacuation
[358.842s][info][gc,phases      ] GC(850)   Pre Evacuate Collection Set: 0.31ms
[358.842s][info][gc,phases      ] GC(850)   Merge Heap Roots: 0.18ms
[358.842s][info][gc,phases      ] GC(850)   Evacuate Collection Set: 18.98ms
[358.842s][info][gc,phases      ] GC(850)   Post Evacuate Collection Set: 0.39ms
[358.842s][info][gc,phases      ] GC(850)   Other: 0.08ms
[358.842s][info][gc,heap        ] GC(850) Eden regions: 184->0(188)
[358.842s][info][gc,heap        ] GC(850) Survivor regions: 11->17(25)
[358.842s][info][gc,heap        ] GC(850) Old regions: 690->690
[358.842s][info][gc,heap        ] GC(850) Humongous regions: 9->9
[358.842s][info][gc,metaspace   ] GC(850) Metaspace: 18879K(19072K)->18879K(19072K) NonClass: 16213K(16320K)->16213K(16320K) Class: 2666K(2752K)->2666K(2752K)
[358.842s][info][gc             ] GC(850) Pause Young (Normal) (G1 Evacuation Pause) 892M->714M(978M) 20.153ms
[358.842s][info][gc,cpu         ] GC(850) User=0.04s Sys=0.00s Real=0.02s
[359.041s][info][gc,marking     ] GC(849) Concurrent Mark From Roots 427.876ms
[359.041s][info][gc,marking     ] GC(849) Concurrent Preclean
[359.041s][info][gc,marking     ] GC(849) Concurrent Preclean 0.045ms
[359.042s][info][gc,start       ] GC(849) Pause Remark
[359.050s][info][gc             ] GC(849) Pause Remark 865M->410M(870M) 7.978ms
[359.050s][info][gc,cpu         ] GC(849) User=0.02s Sys=0.00s Real=0.00s
[359.050s][info][gc,marking     ] GC(849) Concurrent Mark 436.821ms
[359.050s][info][gc,marking     ] GC(849) Concurrent Rebuild Remembered Sets and Scrub Regions
[359.075s][info][gc,start       ] GC(851) Pause Young (Normal) (G1 Evacuation Pause)
[359.075s][info][gc,task        ] GC(851) Using 2 workers of 2 for evacuation
[359.142s][info][gc,phases      ] GC(851)   Pre Evacuate Collection Set: 0.22ms
[359.142s][info][gc,phases      ] GC(851)   Merge Heap Roots: 0.18ms
[359.142s][info][gc,phases      ] GC(851)   Evacuate Collection Set: 65.76ms
[359.142s][info][gc,phases      ] GC(851)   Post Evacuate Collection Set: 0.54ms
[359.142s][info][gc,phases      ] GC(851)   Other: 0.08ms
[359.142s][info][gc,heap        ] GC(851) Eden regions: 188->0(383)
[359.142s][info][gc,heap        ] GC(851) Survivor regions: 17->26(26)
[359.142s][info][gc,heap        ] GC(851) Old regions: 241->280
[359.142s][info][gc,heap        ] GC(851) Humongous regions: 3->3
[359.142s][info][gc,metaspace   ] GC(851) Metaspace: 18886K(19136K)->18886K(19136K) NonClass: 16220K(16384K)->16220K(16384K) Class: 2666K(2752K)->2666K(2752K)
[359.142s][info][gc             ] GC(851) Pause Young (Normal) (G1 Evacuation Pause) 447M->308M(870M) 66.947ms
[359.142s][info][gc,cpu         ] GC(851) User=0.13s Sys=0.00s Real=0.07s
[359.332s][info][gc,marking     ] GC(849) Concurrent Rebuild Remembered Sets and Scrub Regions 282.086ms
[359.332s][info][gc,start       ] GC(849) Pause Cleanup
[359.332s][info][gc             ] GC(849) Pause Cleanup 462M->462M(870M) 0.083ms
[359.332s][info][gc,cpu         ] GC(849) User=0.00s Sys=0.00s Real=0.00s
[359.333s][info][gc,marking     ] GC(849) Concurrent Clear Claimed Marks
[359.333s][info][gc,marking     ] GC(849) Concurrent Clear Claimed Marks 0.041ms
[359.333s][info][gc,marking     ] GC(849) Concurrent Cleanup for Next Mark
[359.337s][info][gc,marking     ] GC(849) Concurrent Cleanup for Next Mark 3.627ms
[359.337s][info][gc             ] GC(849) Concurrent Mark Cycle 809.646ms
[359.497s][info][gc,start       ] GC(852) Pause Young (Prepare Mixed) (G1 Evacuation Pause)
[359.497s][info][gc,task        ] GC(852) Using 2 workers of 2 for evacuation
[359.558s][info][gc,phases      ] GC(852)   Pre Evacuate Collection Set: 0.27ms
[359.558s][info][gc,phases      ] GC(852)   Merge Heap Roots: 0.42ms
[359.558s][info][gc,phases      ] GC(852)   Evacuate Collection Set: 59.16ms
[359.558s][info][gc,phases      ] GC(852)   Post Evacuate Collection Set: 0.77ms
[359.558s][info][gc,phases      ] GC(852)   Other: 0.10ms
[359.558s][info][gc,heap        ] GC(852) Eden regions: 383->0(379)
[359.558s][info][gc,heap        ] GC(852) Survivor regions: 26->48(52)
[359.558s][info][gc,heap        ] GC(852) Old regions: 280->280
[359.558s][info][gc,heap        ] GC(852) Humongous regions: 4->4
[359.558s][info][gc,metaspace   ] GC(852) Metaspace: 18886K(19136K)->18886K(19136K) NonClass: 16220K(16384K)->16220K(16384K) Class: 2666K(2752K)->2666K(2752K)
[359.558s][info][gc             ] GC(852) Pause Young (Prepare Mixed) (G1 Evacuation Pause) 692M->330M(870M) 60.960ms
[359.558s][info][gc,cpu         ] GC(852) User=0.12s Sys=0.01s Real=0.06s
[360.095s][info][gc,start       ] GC(853) Pause Young (Mixed) (G1 Evacuation Pause)
[360.095s][info][gc,task        ] GC(853) Using 2 workers of 2 for evacuation
[360.205s][info][gc,phases      ] GC(853)   Pre Evacuate Collection Set: 0.47ms
[360.205s][info][gc,phases      ] GC(853)   Merge Heap Roots: 0.45ms
[360.205s][info][gc,phases      ] GC(853)   Evacuate Collection Set: 108.50ms
[360.205s][info][gc,phases      ] GC(853)   Post Evacuate Collection Set: 0.72ms
[360.205s][info][gc,phases      ] GC(853)   Other: 0.11ms
[360.205s][info][gc,heap        ] GC(853) Eden regions: 383->0(338)
[360.205s][info][gc,heap        ] GC(853) Survivor regions: 48->54(54)
[360.205s][info][gc,heap        ] GC(853) Old regions: 280->320
[360.205s][info][gc,heap        ] GC(853) Humongous regions: 4->4
[360.205s][info][gc,metaspace   ] GC(853) Metaspace: 18888K(19136K)->18888K(19136K) NonClass: 16222K(16384K)->16222K(16384K) Class: 2666K(2752K)->2666K(2752K)
[360.205s][info][gc             ] GC(853) Pause Young (Mixed) (G1 Evacuation Pause) 713M->377M(870M) 110.511ms
[360.205s][info][gc,cpu         ] GC(853) User=0.22s Sys=0.00s Real=0.11s
[360.331s][info][gc,start       ] GC(854) Pause Young (Concurrent Start) (G1 Humongous Allocation)
[360.331s][info][gc,task        ] GC(854) Using 2 workers of 2 for evacuation
[360.416s][info][gc,phases      ] GC(854)   Pre Evacuate Collection Set: 0.31ms
[360.416s][info][gc,phases      ] GC(854)   Merge Heap Roots: 0.29ms
[360.416s][info][gc,phases      ] GC(854)   Evacuate Collection Set: 83.85ms
[360.416s][info][gc,phases      ] GC(854)   Post Evacuate Collection Set: 0.47ms
[360.416s][info][gc,phases      ] GC(854)   Other: 0.09ms
[360.416s][info][gc,heap        ] GC(854) Eden regions: 85->0(304)
[360.416s][info][gc,heap        ] GC(854) Survivor regions: 54->23(49)
[360.416s][info][gc,heap        ] GC(854) Old regions: 320->375
[360.416s][info][gc,heap        ] GC(854) Humongous regions: 4->4
[360.416s][info][gc,metaspace   ] GC(854) Metaspace: 18889K(19136K)->18889K(19136K) NonClass: 16223K(16384K)->16223K(16384K) Class: 2666K(2752K)->2666K(2752K)
[360.416s][info][gc             ] GC(854) Pause Young (Concurrent Start) (G1 Humongous Allocation) 461M->400M(870M) 85.246ms
[360.416s][info][gc,cpu         ] GC(854) User=0.17s Sys=0.00s Real=0.08s
[360.416s][info][gc             ] GC(855) Concurrent Mark Cycle
[360.418s][info][gc,marking     ] GC(855) Concurrent Scan Root Regions
[360.544s][info][gc,marking     ] GC(855) Concurrent Scan Root Regions 126.016ms
[360.544s][info][gc,marking     ] GC(855) Concurrent Mark
[360.544s][info][gc,marking     ] GC(855) Concurrent Mark From Roots
[360.544s][info][gc,task        ] GC(855) Using 1 workers of 1 for marking
[360.914s][info][gc,start       ] GC(856) Pause Young (Normal) (G1 Evacuation Pause)
[360.914s][info][gc,task        ] GC(856) Using 2 workers of 2 for evacuation
[360.954s][info][gc,phases      ] GC(856)   Pre Evacuate Collection Set: 0.28ms
[360.955s][info][gc,phases      ] GC(856)   Merge Heap Roots: 0.26ms
[360.955s][info][gc,phases      ] GC(856)   Evacuate Collection Set: 38.91ms
[360.955s][info][gc,phases      ] GC(856)   Post Evacuate Collection Set: 0.55ms
[360.955s][info][gc,phases      ] GC(856)   Other: 0.07ms
[360.955s][info][gc,heap        ] GC(856) Eden regions: 304->0(315)
[360.955s][info][gc,heap        ] GC(856) Survivor regions: 23->11(41)
[360.955s][info][gc,heap        ] GC(856) Old regions: 375->398
[360.955s][info][gc,heap        ] GC(856) Humongous regions: 5->5
[360.955s][info][gc,metaspace   ] GC(856) Metaspace: 18889K(19136K)->18889K(19136K) NonClass: 16223K(16384K)->16223K(16384K) Class: 2666K(2752K)->2666K(2752K)
[360.955s][info][gc             ] GC(856) Pause Young (Normal) (G1 Evacuation Pause) 705M->412M(870M) 40.294ms
[360.955s][info][gc,cpu         ] GC(856) User=0.08s Sys=0.00s Real=0.04s
[361.150s][info][gc,marking     ] GC(855) Concurrent Mark From Roots 605.879ms
[361.150s][info][gc,marking     ] GC(855) Concurrent Preclean
[361.150s][info][gc,marking     ] GC(855) Concurrent Preclean 0.039ms
[361.150s][info][gc,start       ] GC(855) Pause Remark
[361.158s][info][gc             ] GC(855) Pause Remark 479M->426M(870M) 8.087ms
[361.158s][info][gc,cpu         ] GC(855) User=0.02s Sys=0.00s Real=0.01s
[361.160s][info][gc,marking     ] GC(855) Concurrent Mark 615.617ms
[361.160s][info][gc,marking     ] GC(855) Concurrent Rebuild Remembered Sets and Scrub Regions
[361.467s][info][gc,marking     ] GC(855) Concurrent Rebuild Remembered Sets and Scrub Regions 306.978ms
[361.467s][info][gc,start       ] GC(855) Pause Cleanup
[361.467s][info][gc             ] GC(855) Pause Cleanup 543M->543M(870M) 0.112ms
[361.467s][info][gc,cpu         ] GC(855) User=0.00s Sys=0.00s Real=0.00s
[361.467s][info][gc,marking     ] GC(855) Concurrent Clear Claimed Marks
[361.467s][info][gc,marking     ] GC(855) Concurrent Clear Claimed Marks 0.030ms
[361.467s][info][gc,marking     ] GC(855) Concurrent Cleanup for Next Mark
[361.470s][info][gc,marking     ] GC(855) Concurrent Cleanup for Next Mark 2.528ms
[361.470s][info][gc             ] GC(855) Concurrent Mark Cycle 1053.390ms
[361.636s][info][gc,start       ] GC(857) Pause Young (Prepare Mixed) (G1 Evacuation Pause)
[361.636s][info][gc,task        ] GC(857) Using 2 workers of 2 for evacuation
[361.699s][info][gc,phases      ] GC(857)   Pre Evacuate Collection Set: 0.47ms
[361.699s][info][gc,phases      ] GC(857)   Merge Heap Roots: 0.27ms
[361.699s][info][gc,phases      ] GC(857)   Evacuate Collection Set: 61.89ms
[361.699s][info][gc,phases      ] GC(857)   Post Evacuate Collection Set: 0.64ms
[361.699s][info][gc,phases      ] GC(857)   Other: 0.07ms
[361.699s][info][gc,heap        ] GC(857) Eden regions: 315->0(312)
[361.699s][info][gc,heap        ] GC(857) Survivor regions: 11->41(41)
[361.699s][info][gc,heap        ] GC(857) Old regions: 346->365
[361.699s][info][gc,heap        ] GC(857) Humongous regions: 4->4
[361.699s][info][gc,metaspace   ] GC(857) Metaspace: 18894K(19136K)->18894K(19136K) NonClass: 16228K(16384K)->16228K(16384K) Class: 2666K(2752K)->2666K(2752K)
[361.699s][info][gc             ] GC(857) Pause Young (Prepare Mixed) (G1 Evacuation Pause) 675M->409M(870M) 63.538ms
[361.699s][info][gc,cpu         ] GC(857) User=0.12s Sys=0.00s Real=0.06s
[362.038s][info][gc,start       ] GC(858) Pause Young (Mixed) (G1 Evacuation Pause)
[362.038s][info][gc,task        ] GC(858) Using 2 workers of 2 for evacuation
[362.137s][info][gc,phases      ] GC(858)   Pre Evacuate Collection Set: 0.27ms
[362.137s][info][gc,phases      ] GC(858)   Merge Heap Roots: 0.40ms
[362.137s][info][gc,phases      ] GC(858)   Evacuate Collection Set: 96.66ms
[362.137s][info][gc,phases      ] GC(858)   Post Evacuate Collection Set: 0.94ms
[362.137s][info][gc,phases      ] GC(858)   Other: 0.09ms
[362.137s][info][gc,heap        ] GC(858) Eden regions: 312->0(305)
[362.137s][info][gc,heap        ] GC(858) Survivor regions: 41->45(45)
[362.137s][info][gc,heap        ] GC(858) Old regions: 365->397
[362.137s][info][gc,heap        ] GC(858) Humongous regions: 5->5
[362.137s][info][gc,metaspace   ] GC(858) Metaspace: 18894K(19136K)->18894K(19136K) NonClass: 16228K(16384K)->16228K(16384K) Class: 2666K(2752K)->2666K(2752K)
[362.137s][info][gc             ] GC(858) Pause Young (Mixed) (G1 Evacuation Pause) 722M->446M(904M) 98.576ms
[362.137s][info][gc,cpu         ] GC(858) User=0.19s Sys=0.00s Real=0.10s
[362.483s][info][gc,start       ] GC(859) Pause Young (Concurrent Start) (G1 Evacuation Pause)
[362.483s][info][gc,task        ] GC(859) Using 2 workers of 2 for evacuation
[362.605s][info][gc,phases      ] GC(859)   Pre Evacuate Collection Set: 0.36ms
[362.605s][info][gc,phases      ] GC(859)   Merge Heap Roots: 0.34ms
[362.605s][info][gc,phases      ] GC(859)   Evacuate Collection Set: 120.16ms
[362.605s][info][gc,phases      ] GC(859)   Post Evacuate Collection Set: 0.62ms
[362.605s][info][gc,phases      ] GC(859)   Other: 0.11ms
[362.605s][info][gc,heap        ] GC(859) Eden regions: 305->0(246)
[362.605s][info][gc,heap        ] GC(859) Survivor regions: 45->44(44)
[362.605s][info][gc,heap        ] GC(859) Old regions: 397->470
[362.605s][info][gc,heap        ] GC(859) Humongous regions: 5->5
[362.605s][info][gc,metaspace   ] GC(859) Metaspace: 18901K(19136K)->18901K(19136K) NonClass: 16235K(16384K)->16235K(16384K) Class: 2666K(2752K)->2666K(2752K)
[362.605s][info][gc             ] GC(859) Pause Young (Concurrent Start) (G1 Evacuation Pause) 751M->518M(904M) 121.839ms
[362.605s][info][gc,cpu         ] GC(859) User=0.24s Sys=0.01s Real=0.12s
[362.605s][info][gc             ] GC(860) Concurrent Mark Cycle
[362.605s][info][gc,marking     ] GC(860) Concurrent Scan Root Regions
[362.798s][info][gc,marking     ] GC(860) Concurrent Scan Root Regions 193.244ms
[362.798s][info][gc,marking     ] GC(860) Concurrent Mark
[362.798s][info][gc,marking     ] GC(860) Concurrent Mark From Roots
[362.798s][info][gc,task        ] GC(860) Using 1 workers of 1 for marking
[362.965s][info][gc,start       ] GC(861) Pause Young (Normal) (G1 Evacuation Pause)
[362.965s][info][gc,task        ] GC(861) Using 2 workers of 2 for evacuation
[363.098s][info][gc,phases      ] GC(861)   Pre Evacuate Collection Set: 0.31ms
[363.098s][info][gc,phases      ] GC(861)   Merge Heap Roots: 0.21ms
[363.098s][info][gc,phases      ] GC(861)   Evacuate Collection Set: 131.38ms
[363.098s][info][gc,phases      ] GC(861)   Post Evacuate Collection Set: 0.67ms
[363.098s][info][gc,phases      ] GC(861)   Other: 0.09ms
[363.098s][info][gc,heap        ] GC(861) Eden regions: 246->0(171)
[363.098s][info][gc,heap        ] GC(861) Survivor regions: 44->37(37)
[363.098s][info][gc,heap        ] GC(861) Old regions: 470->566
[363.098s][info][gc,heap        ] GC(861) Humongous regions: 5->5
[363.098s][info][gc,metaspace   ] GC(861) Metaspace: 18901K(19136K)->18901K(19136K) NonClass: 16235K(16384K)->16235K(16384K) Class: 2666K(2752K)->2666K(2752K)
[363.098s][info][gc             ] GC(861) Pause Young (Normal) (G1 Evacuation Pause) 764M->607M(904M) 132.840ms
[363.098s][info][gc,cpu         ] GC(861) User=0.26s Sys=0.00s Real=0.13s
[363.258s][info][gc,start       ] GC(862) Pause Young (Normal) (G1 Evacuation Pause)
[363.258s][info][gc,task        ] GC(862) Using 2 workers of 2 for evacuation
[363.360s][info][gc,phases      ] GC(862)   Pre Evacuate Collection Set: 0.42ms
[363.360s][info][gc,phases      ] GC(862)   Merge Heap Roots: 0.36ms
[363.360s][info][gc,phases      ] GC(862)   Evacuate Collection Set: 100.91ms
[363.360s][info][gc,phases      ] GC(862)   Post Evacuate Collection Set: 0.71ms
[363.360s][info][gc,phases      ] GC(862)   Other: 0.08ms
[363.360s][info][gc,heap        ] GC(862) Eden regions: 171->0(117)
[363.360s][info][gc,heap        ] GC(862) Survivor regions: 37->26(26)
[363.360s][info][gc,heap        ] GC(862) Old regions: 566->649
[363.360s][info][gc,heap        ] GC(862) Humongous regions: 5->5
[363.360s][info][gc,metaspace   ] GC(862) Metaspace: 18901K(19136K)->18901K(19136K) NonClass: 16235K(16384K)->16235K(16384K) Class: 2666K(2752K)->2666K(2752K)
[363.360s][info][gc             ] GC(862) Pause Young (Normal) (G1 Evacuation Pause) 778M->679M(904M) 102.708ms
[363.360s][info][gc,cpu         ] GC(862) User=0.20s Sys=0.00s Real=0.10s
[363.548s][info][gc,start       ] GC(863) Pause Young (Normal) (G1 Evacuation Pause)
[363.548s][info][gc,task        ] GC(863) Using 2 workers of 2 for evacuation
[363.611s][info][gc,phases      ] GC(863)   Pre Evacuate Collection Set: 0.30ms
[363.611s][info][gc,phases      ] GC(863)   Merge Heap Roots: 0.53ms
[363.611s][info][gc,phases      ] GC(863)   Evacuate Collection Set: 61.45ms
[363.611s][info][gc,phases      ] GC(863)   Post Evacuate Collection Set: 0.65ms
[363.611s][info][gc,phases      ] GC(863)   Other: 0.07ms
[363.611s][info][gc,heap        ] GC(863) Eden regions: 117->0(119)
[363.611s][info][gc,heap        ] GC(863) Survivor regions: 26->18(18)
[363.611s][info][gc,heap        ] GC(863) Old regions: 649->685
[363.611s][info][gc,heap        ] GC(863) Humongous regions: 5->5
[363.611s][info][gc,metaspace   ] GC(863) Metaspace: 18901K(19136K)->18901K(19136K) NonClass: 16235K(16384K)->16235K(16384K) Class: 2666K(2752K)->2666K(2752K)
[363.611s][info][gc             ] GC(863) Pause Young (Normal) (G1 Evacuation Pause) 796M->707M(928M) 63.199ms
[363.611s][info][gc,cpu         ] GC(863) User=0.12s Sys=0.00s Real=0.06s
[363.677s][info][gc,marking     ] GC(860) Concurrent Mark From Roots 878.573ms
[363.677s][info][gc,marking     ] GC(860) Concurrent Preclean
[363.677s][info][gc,marking     ] GC(860) Concurrent Preclean 0.035ms
[363.677s][info][gc,start       ] GC(860) Pause Remark
[363.685s][info][gc             ] GC(860) Pause Remark 772M->638M(957M) 7.850ms
[363.685s][info][gc,cpu         ] GC(860) User=0.02s Sys=0.01s Real=0.01s
[363.686s][info][gc,marking     ] GC(860) Concurrent Mark 888.162ms
[363.687s][info][gc,marking     ] GC(860) Concurrent Rebuild Remembered Sets and Scrub Regions
[363.800s][info][gc,start       ] GC(864) Pause Young (Normal) (G1 Evacuation Pause)
[363.800s][info][gc,task        ] GC(864) Using 2 workers of 2 for evacuation
[363.842s][info][gc,phases      ] GC(864)   Pre Evacuate Collection Set: 0.46ms
[363.842s][info][gc,phases      ] GC(864)   Merge Heap Roots: 0.43ms
[363.842s][info][gc,phases      ] GC(864)   Evacuate Collection Set: 41.07ms
[363.842s][info][gc,phases      ] GC(864)   Post Evacuate Collection Set: 0.45ms
[363.842s][info][gc,phases      ] GC(864)   Other: 0.10ms
[363.842s][info][gc,heap        ] GC(864) Eden regions: 119->0(213)
[363.842s][info][gc,heap        ] GC(864) Survivor regions: 18->10(18)
[363.842s][info][gc,heap        ] GC(864) Old regions: 553->572
[363.842s][info][gc,heap        ] GC(864) Humongous regions: 4->4
[363.842s][info][gc,metaspace   ] GC(864) Metaspace: 18901K(19136K)->18901K(19136K) NonClass: 16235K(16384K)->16235K(16384K) Class: 2666K(2752K)->2666K(2752K)
[363.842s][info][gc             ] GC(864) Pause Young (Normal) (G1 Evacuation Pause) 693M->585M(957M) 42.725ms
[363.842s][info][gc,cpu         ] GC(864) User=0.09s Sys=0.00s Real=0.05s
[364.125s][info][gc,start       ] GC(865) Pause Young (Normal) (G1 Evacuation Pause)
[364.125s][info][gc,task        ] GC(865) Using 2 workers of 2 for evacuation
[364.197s][info][gc,phases      ] GC(865)   Pre Evacuate Collection Set: 0.30ms
[364.197s][info][gc,phases      ] GC(865)   Merge Heap Roots: 0.51ms
[364.197s][info][gc,phases      ] GC(865)   Evacuate Collection Set: 70.80ms
[364.197s][info][gc,phases      ] GC(865)   Post Evacuate Collection Set: 0.51ms
[364.197s][info][gc,phases      ] GC(865)   Other: 0.08ms
[364.197s][info][gc,heap        ] GC(865) Eden regions: 213->0(200)
[364.197s][info][gc,heap        ] GC(865) Survivor regions: 10->28(28)
[364.197s][info][gc,heap        ] GC(865) Old regions: 572->588
[364.197s][info][gc,heap        ] GC(865) Humongous regions: 6->6
[364.197s][info][gc,metaspace   ] GC(865) Metaspace: 18901K(19136K)->18901K(19136K) NonClass: 16235K(16384K)->16235K(16384K) Class: 2666K(2752K)->2666K(2752K)
[364.197s][info][gc             ] GC(865) Pause Young (Normal) (G1 Evacuation Pause) 800M->621M(957M) 72.435ms
[364.197s][info][gc,cpu         ] GC(865) User=0.14s Sys=0.00s Real=0.07s
[364.366s][info][gc,marking     ] GC(860) Concurrent Rebuild Remembered Sets and Scrub Regions 679.278ms
[364.366s][info][gc,start       ] GC(860) Pause Cleanup
[364.366s][info][gc             ] GC(860) Pause Cleanup 722M->722M(957M) 0.124ms
[364.366s][info][gc,cpu         ] GC(860) User=0.00s Sys=0.00s Real=0.00s
[364.366s][info][gc,marking     ] GC(860) Concurrent Clear Claimed Marks
[364.366s][info][gc,marking     ] GC(860) Concurrent Clear Claimed Marks 0.029ms
[364.366s][info][gc,marking     ] GC(860) Concurrent Cleanup for Next Mark
[364.375s][info][gc,marking     ] GC(860) Concurrent Cleanup for Next Mark 8.472ms
[364.375s][info][gc             ] GC(860) Concurrent Mark Cycle 1770.038ms
[364.431s][info][gc,start       ] GC(866) Pause Young (Prepare Mixed) (G1 Evacuation Pause)
[364.431s][info][gc,task        ] GC(866) Using 2 workers of 2 for evacuation
[364.523s][info][gc,phases      ] GC(866)   Pre Evacuate Collection Set: 0.50ms
[364.523s][info][gc,phases      ] GC(866)   Merge Heap Roots: 0.56ms
[364.523s][info][gc,phases      ] GC(866)   Evacuate Collection Set: 90.42ms
[364.523s][info][gc,phases      ] GC(866)   Post Evacuate Collection Set: 0.66ms
[364.523s][info][gc,phases      ] GC(866)   Other: 0.09ms
[364.523s][info][gc,heap        ] GC(866) Eden regions: 200->0(181)
[364.523s][info][gc,heap        ] GC(866) Survivor regions: 28->29(29)
[364.523s][info][gc,heap        ] GC(866) Old regions: 588->627
[364.523s][info][gc,heap        ] GC(866) Humongous regions: 9->9
[364.523s][info][gc,metaspace   ] GC(866) Metaspace: 18901K(19136K)->18901K(19136K) NonClass: 16235K(16384K)->16235K(16384K) Class: 2666K(2752K)->2666K(2752K)
[364.523s][info][gc             ] GC(866) Pause Young (Prepare Mixed) (G1 Evacuation Pause) 824M->664M(957M) 92.426ms
[364.523s][info][gc,cpu         ] GC(866) User=0.18s Sys=0.00s Real=0.10s
[364.660s][info][gc,start       ] GC(867) Pause Young (Mixed) (G1 Evacuation Pause)
[364.660s][info][gc,task        ] GC(867) Using 2 workers of 2 for evacuation
[364.856s][info][gc,phases      ] GC(867)   Pre Evacuate Collection Set: 0.29ms
[364.856s][info][gc,phases      ] GC(867)   Merge Heap Roots: 0.77ms
[364.856s][info][gc,phases      ] GC(867)   Evacuate Collection Set: 193.94ms
[364.856s][info][gc,phases      ] GC(867)   Post Evacuate Collection Set: 0.52ms
[364.856s][info][gc,phases      ] GC(867)   Other: 0.07ms
[364.856s][info][gc,heap        ] GC(867) Eden regions: 181->0(192)
[364.856s][info][gc,heap        ] GC(867) Survivor regions: 29->18(27)
[364.856s][info][gc,heap        ] GC(867) Old regions: 627->627
[364.856s][info][gc,heap        ] GC(867) Humongous regions: 9->9
[364.856s][info][gc,metaspace   ] GC(867) Metaspace: 18901K(19136K)->18901K(19136K) NonClass: 16235K(16384K)->16235K(16384K) Class: 2666K(2752K)->2666K(2752K)
[364.856s][info][gc             ] GC(867) Pause Young (Mixed) (G1 Evacuation Pause) 845M->653M(957M) 195.810ms
[364.856s][info][gc,cpu         ] GC(867) User=0.39s Sys=0.00s Real=0.20s
[364.973s][info][gc,start       ] GC(868) Pause Young (Concurrent Start) (G1 Evacuation Pause)
[364.973s][info][gc,task        ] GC(868) Using 2 workers of 2 for evacuation
[365.002s][info][gc,phases      ] GC(868)   Pre Evacuate Collection Set: 0.31ms
[365.002s][info][gc,phases      ] GC(868)   Merge Heap Roots: 0.23ms
[365.002s][info][gc,phases      ] GC(868)   Evacuate Collection Set: 28.22ms
[365.002s][info][gc,phases      ] GC(868)   Post Evacuate Collection Set: 0.54ms
[365.002s][info][gc,phases      ] GC(868)   Other: 0.11ms
[365.002s][info][gc,heap        ] GC(868) Eden regions: 192->0(206)
[365.002s][info][gc,heap        ] GC(868) Survivor regions: 18->5(27)
[365.002s][info][gc,heap        ] GC(868) Old regions: 627->645
[365.002s][info][gc,heap        ] GC(868) Humongous regions: 9->9
[365.002s][info][gc,metaspace   ] GC(868) Metaspace: 18901K(19136K)->18901K(19136K) NonClass: 16235K(16384K)->16235K(16384K) Class: 2666K(2752K)->2666K(2752K)
[365.002s][info][gc             ] GC(868) Pause Young (Concurrent Start) (G1 Evacuation Pause) 845M->658M(966M) 29.608ms
[365.002s][info][gc             ] GC(869) Concurrent Mark Cycle
[365.002s][info][gc,marking     ] GC(869) Concurrent Scan Root Regions
[365.003s][info][gc,cpu         ] GC(868) User=0.06s Sys=0.00s Real=0.03s
[365.045s][info][gc,marking     ] GC(869) Concurrent Scan Root Regions 42.385ms
[365.045s][info][gc,marking     ] GC(869) Concurrent Mark
[365.045s][info][gc,marking     ] GC(869) Concurrent Mark From Roots
[365.045s][info][gc,task        ] GC(869) Using 1 workers of 1 for marking
[365.306s][info][gc,start       ] GC(870) Pause Young (Normal) (G1 Evacuation Pause)
[365.306s][info][gc,task        ] GC(870) Using 2 workers of 2 for evacuation
[365.330s][info][gc,phases      ] GC(870)   Pre Evacuate Collection Set: 0.30ms
[365.330s][info][gc,phases      ] GC(870)   Merge Heap Roots: 0.23ms
[365.330s][info][gc,phases      ] GC(870)   Evacuate Collection Set: 22.37ms
[365.330s][info][gc,phases      ] GC(870)   Post Evacuate Collection Set: 0.41ms
[365.330s][info][gc,phases      ] GC(870)   Other: 0.07ms
[365.330s][info][gc,heap        ] GC(870) Eden regions: 206->0(207)
[365.330s][info][gc,heap        ] GC(870) Survivor regions: 5->16(27)
[365.330s][info][gc,heap        ] GC(870) Old regions: 645->645
[365.330s][info][gc,heap        ] GC(870) Humongous regions: 9->9
[365.330s][info][gc,metaspace   ] GC(870) Metaspace: 18901K(19136K)->18901K(19136K) NonClass: 16235K(16384K)->16235K(16384K) Class: 2666K(2752K)->2666K(2752K)
[365.330s][info][gc             ] GC(870) Pause Young (Normal) (G1 Evacuation Pause) 864M->668M(966M) 23.579ms
[365.330s][info][gc,cpu         ] GC(870) User=0.05s Sys=0.00s Real=0.02s
[365.659s][info][gc,start       ] GC(871) Pause Young (Normal) (G1 Evacuation Pause)
[365.659s][info][gc,task        ] GC(871) Using 2 workers of 2 for evacuation
[365.718s][info][gc,phases      ] GC(871)   Pre Evacuate Collection Set: 0.30ms
[365.718s][info][gc,phases      ] GC(871)   Merge Heap Roots: 0.32ms
[365.718s][info][gc,phases      ] GC(871)   Evacuate Collection Set: 57.67ms
[365.718s][info][gc,phases      ] GC(871)   Post Evacuate Collection Set: 0.42ms
[365.718s][info][gc,phases      ] GC(871)   Other: 0.10ms
[365.718s][info][gc,heap        ] GC(871) Eden regions: 207->0(183)
[365.718s][info][gc,heap        ] GC(871) Survivor regions: 16->28(28)
[365.718s][info][gc,heap        ] GC(871) Old regions: 645->666
[365.718s][info][gc,heap        ] GC(871) Humongous regions: 9->9
[365.718s][info][gc,metaspace   ] GC(871) Metaspace: 18901K(19136K)->18901K(19136K) NonClass: 16235K(16384K)->16235K(16384K) Class: 2666K(2752K)->2666K(2752K)
[365.718s][info][gc             ] GC(871) Pause Young (Normal) (G1 Evacuation Pause) 875M->702M(966M) 59.050ms
[365.718s][info][gc,cpu         ] GC(871) User=0.12s Sys=0.00s Real=0.06s
[365.924s][info][gc,marking     ] GC(869) Concurrent Mark From Roots 879.165ms
[365.924s][info][gc,marking     ] GC(869) Concurrent Preclean
[365.924s][info][gc,marking     ] GC(869) Concurrent Preclean 0.050ms
[365.924s][info][gc,start       ] GC(869) Pause Remark
[365.932s][info][gc             ] GC(869) Pause Remark 731M->436M(966M) 7.770ms
[365.932s][info][gc,cpu         ] GC(869) User=0.01s Sys=0.00s Real=0.01s
[365.934s][info][gc,marking     ] GC(869) Concurrent Mark 889.297ms
[365.934s][info][gc,marking     ] GC(869) Concurrent Rebuild Remembered Sets and Scrub Regions
[366.201s][info][gc,marking     ] GC(869) Concurrent Rebuild Remembered Sets and Scrub Regions 266.724ms
[366.201s][info][gc,start       ] GC(869) Pause Cleanup
[366.201s][info][gc             ] GC(869) Pause Cleanup 483M->483M(966M) 0.138ms
[366.201s][info][gc,cpu         ] GC(869) User=0.00s Sys=0.00s Real=0.00s
[366.201s][info][gc,marking     ] GC(869) Concurrent Clear Claimed Marks
[366.201s][info][gc,marking     ] GC(869) Concurrent Clear Claimed Marks 0.036ms
[366.201s][info][gc,marking     ] GC(869) Concurrent Cleanup for Next Mark
[366.204s][info][gc,marking     ] GC(869) Concurrent Cleanup for Next Mark 2.971ms
[366.204s][info][gc             ] GC(869) Concurrent Mark Cycle 1201.972ms
[366.474s][info][gc,start       ] GC(872) Pause Young (Prepare Mixed) (G1 Evacuation Pause)
[366.474s][info][gc,task        ] GC(872) Using 2 workers of 2 for evacuation
[366.506s][info][gc,phases      ] GC(872)   Pre Evacuate Collection Set: 0.30ms
[366.506s][info][gc,phases      ] GC(872)   Merge Heap Roots: 0.24ms
[366.506s][info][gc,phases      ] GC(872)   Evacuate Collection Set: 30.32ms
[366.506s][info][gc,phases      ] GC(872)   Post Evacuate Collection Set: 0.50ms
[366.506s][info][gc,phases      ] GC(872)   Other: 0.07ms
[366.506s][info][gc,heap        ] GC(872) Eden regions: 183->0(378)
[366.506s][info][gc,heap        ] GC(872) Survivor regions: 28->1(27)
[366.506s][info][gc,heap        ] GC(872) Old regions: 376->404
[366.506s][info][gc,heap        ] GC(872) Humongous regions: 4->4
[366.506s][info][gc,metaspace   ] GC(872) Metaspace: 18901K(19136K)->18901K(19136K) NonClass: 16235K(16384K)->16235K(16384K) Class: 2666K(2752K)->2666K(2752K)
[366.506s][info][gc             ] GC(872) Pause Young (Prepare Mixed) (G1 Evacuation Pause) 590M->408M(966M) 31.632ms
[366.506s][info][gc,cpu         ] GC(872) User=0.06s Sys=0.00s Real=0.03s
[367.306s][info][gc,start       ] GC(873) Pause Young (Mixed) (G1 Evacuation Pause)
[367.307s][info][gc,task        ] GC(873) Using 2 workers of 2 for evacuation
[367.353s][info][gc,phases      ] GC(873)   Pre Evacuate Collection Set: 0.33ms
[367.353s][info][gc,phases      ] GC(873)   Merge Heap Roots: 0.92ms
[367.353s][info][gc,phases      ] GC(873)   Evacuate Collection Set: 44.05ms
[367.353s][info][gc,phases      ] GC(873)   Post Evacuate Collection Set: 0.64ms
[367.353s][info][gc,phases      ] GC(873)   Other: 0.08ms
[367.353s][info][gc,heap        ] GC(873) Eden regions: 378->0(435)
[367.353s][info][gc,heap        ] GC(873) Survivor regions: 1->1(48)
[367.353s][info][gc,heap        ] GC(873) Old regions: 404->351
[367.353s][info][gc,heap        ] GC(873) Humongous regions: 4->4
[367.353s][info][gc,metaspace   ] GC(873) Metaspace: 18902K(19136K)->18902K(19136K) NonClass: 16235K(16384K)->16235K(16384K) Class: 2666K(2752K)->2666K(2752K)
[367.353s][info][gc             ] GC(873) Pause Young (Mixed) (G1 Evacuation Pause) 786M->355M(966M) 46.269ms
[367.353s][info][gc,cpu         ] GC(873) User=0.09s Sys=0.00s Real=0.05s
[367.927s][info][gc,start       ] GC(874) Pause Young (Concurrent Start) (G1 Evacuation Pause)
[367.927s][info][gc,task        ] GC(874) Using 2 workers of 2 for evacuation
[368.022s][info][gc,phases      ] GC(874)   Pre Evacuate Collection Set: 0.31ms
[368.022s][info][gc,phases      ] GC(874)   Merge Heap Roots: 0.47ms
[368.022s][info][gc,phases      ] GC(874)   Evacuate Collection Set: 93.40ms
[368.022s][info][gc,phases      ] GC(874)   Post Evacuate Collection Set: 0.87ms
[368.022s][info][gc,phases      ] GC(874)   Other: 0.18ms
[368.022s][info][gc,heap        ] GC(874) Eden regions: 435->0(346)
[368.022s][info][gc,heap        ] GC(874) Survivor regions: 1->55(55)
[368.022s][info][gc,heap        ] GC(874) Old regions: 351->388
[368.022s][info][gc,heap        ] GC(874) Humongous regions: 4->4
[368.022s][info][gc,metaspace   ] GC(874) Metaspace: 18902K(19136K)->18902K(19136K) NonClass: 16235K(16384K)->16235K(16384K) Class: 2666K(2752K)->2666K(2752K)
[368.023s][info][gc             ] GC(874) Pause Young (Concurrent Start) (G1 Evacuation Pause) 790M->446M(966M) 95.439ms
[368.023s][info][gc,cpu         ] GC(874) User=0.18s Sys=0.00s Real=0.10s
[368.023s][info][gc             ] GC(875) Concurrent Mark Cycle
[368.027s][info][gc,marking     ] GC(875) Concurrent Scan Root Regions
[368.116s][info][gc,marking     ] GC(875) Concurrent Scan Root Regions 88.909ms
[368.116s][info][gc,marking     ] GC(875) Concurrent Mark
[368.116s][info][gc,marking     ] GC(875) Concurrent Mark From Roots
[368.116s][info][gc,task        ] GC(875) Using 1 workers of 1 for marking
[368.500s][info][gc,start       ] GC(876) Pause Young (Normal) (G1 Evacuation Pause)
[368.500s][info][gc,task        ] GC(876) Using 2 workers of 2 for evacuation
[368.615s][info][gc,phases      ] GC(876)   Pre Evacuate Collection Set: 0.28ms
[368.615s][info][gc,phases      ] GC(876)   Merge Heap Roots: 0.58ms
[368.615s][info][gc,phases      ] GC(876)   Evacuate Collection Set: 113.19ms
[368.615s][info][gc,phases      ] GC(876)   Post Evacuate Collection Set: 0.66ms
[368.615s][info][gc,phases      ] GC(876)   Other: 0.09ms
[368.615s][info][gc,heap        ] GC(876) Eden regions: 346->0(315)
[368.615s][info][gc,heap        ] GC(876) Survivor regions: 55->47(51)
[368.615s][info][gc,heap        ] GC(876) Old regions: 388->444
[368.615s][info][gc,heap        ] GC(876) Humongous regions: 7->7
[368.615s][info][gc,metaspace   ] GC(876) Metaspace: 18902K(19136K)->18902K(19136K) NonClass: 16235K(16384K)->16235K(16384K) Class: 2666K(2752K)->2666K(2752K)
[368.615s][info][gc             ] GC(876) Pause Young (Normal) (G1 Evacuation Pause) 795M->497M(966M) 115.044ms
[368.615s][info][gc,cpu         ] GC(876) User=0.22s Sys=0.00s Real=0.12s
[368.990s][info][gc,start       ] GC(877) Pause Young (Normal) (G1 Evacuation Pause)
[368.990s][info][gc,task        ] GC(877) Using 2 workers of 2 for evacuation
[369.100s][info][gc,phases      ] GC(877)   Pre Evacuate Collection Set: 0.48ms
[369.100s][info][gc,phases      ] GC(877)   Merge Heap Roots: 0.40ms
[369.100s][info][gc,phases      ] GC(877)   Evacuate Collection Set: 108.45ms
[369.100s][info][gc,phases      ] GC(877)   Post Evacuate Collection Set: 0.71ms
[369.100s][info][gc,phases      ] GC(877)   Other: 0.08ms
[369.100s][info][gc,heap        ] GC(877) Eden regions: 315->0(281)
[369.100s][info][gc,heap        ] GC(877) Survivor regions: 47->46(46)
[369.100s][info][gc,heap        ] GC(877) Old regions: 444->493
[369.100s][info][gc,heap        ] GC(877) Humongous regions: 8->8
[369.100s][info][gc,metaspace   ] GC(877) Metaspace: 18902K(19136K)->18902K(19136K) NonClass: 16235K(16384K)->16235K(16384K) Class: 2666K(2752K)->2666K(2752K)
[369.100s][info][gc             ] GC(877) Pause Young (Normal) (G1 Evacuation Pause) 813M->546M(969M) 110.372ms
[369.100s][info][gc,cpu         ] GC(877) User=0.22s Sys=0.00s Real=0.11s
[369.230s][info][gc,marking     ] GC(875) Concurrent Mark From Roots 1113.739ms
[369.230s][info][gc,marking     ] GC(875) Concurrent Preclean
[369.230s][info][gc,marking     ] GC(875) Concurrent Preclean 0.031ms
[369.230s][info][gc,start       ] GC(875) Pause Remark
[369.237s][info][gc             ] GC(875) Pause Remark 674M->665M(969M) 7.544ms
[369.238s][info][gc,cpu         ] GC(875) User=0.01s Sys=0.00s Real=0.01s
[369.239s][info][gc,marking     ] GC(875) Concurrent Mark 1122.696ms
[369.239s][info][gc,marking     ] GC(875) Concurrent Rebuild Remembered Sets and Scrub Regions
[369.405s][info][gc,start       ] GC(878) Pause Young (Normal) (G1 Evacuation Pause)
[369.405s][info][gc,task        ] GC(878) Using 2 workers of 2 for evacuation
[369.470s][info][gc,phases      ] GC(878)   Pre Evacuate Collection Set: 0.27ms
[369.470s][info][gc,phases      ] GC(878)   Merge Heap Roots: 0.31ms
[369.470s][info][gc,phases      ] GC(878)   Evacuate Collection Set: 64.12ms
[369.471s][info][gc,phases      ] GC(878)   Post Evacuate Collection Set: 0.45ms
[369.471s][info][gc,phases      ] GC(878)   Other: 0.07ms
[369.471s][info][gc,heap        ] GC(878) Eden regions: 281->0(294)
[369.471s][info][gc,heap        ] GC(878) Survivor regions: 46->13(41)
[369.471s][info][gc,heap        ] GC(878) Old regions: 484->530
[369.471s][info][gc,heap        ] GC(878) Humongous regions: 8->8
[369.471s][info][gc,metaspace   ] GC(878) Metaspace: 18902K(19136K)->18902K(19136K) NonClass: 16235K(16384K)->16235K(16384K) Class: 2666K(2752K)->2666K(2752K)
[369.471s][info][gc             ] GC(878) Pause Young (Normal) (G1 Evacuation Pause) 818M->550M(969M) 65.456ms
[369.471s][info][gc,cpu         ] GC(878) User=0.13s Sys=0.00s Real=0.06s
[369.692s][info][gc,marking     ] GC(875) Concurrent Rebuild Remembered Sets and Scrub Regions 453.238ms
[369.692s][info][gc,start       ] GC(875) Pause Cleanup
[369.692s][info][gc             ] GC(875) Pause Cleanup 726M->726M(969M) 0.101ms
[369.692s][info][gc,cpu         ] GC(875) User=0.00s Sys=0.00s Real=0.00s
[369.694s][info][gc,marking     ] GC(875) Concurrent Clear Claimed Marks
[369.694s][info][gc,marking     ] GC(875) Concurrent Clear Claimed Marks 0.046ms
[369.694s][info][gc,marking     ] GC(875) Concurrent Cleanup for Next Mark
[369.701s][info][gc,marking     ] GC(875) Concurrent Cleanup for Next Mark 7.327ms
[369.701s][info][gc             ] GC(875) Concurrent Mark Cycle 1678.408ms
[369.856s][info][gc,start       ] GC(879) Pause Young (Prepare Mixed) (G1 Evacuation Pause)
[369.856s][info][gc,task        ] GC(879) Using 2 workers of 2 for evacuation
[369.901s][info][gc,phases      ] GC(879)   Pre Evacuate Collection Set: 0.52ms
[369.901s][info][gc,phases      ] GC(879)   Merge Heap Roots: 0.26ms
[369.901s][info][gc,phases      ] GC(879)   Evacuate Collection Set: 42.91ms
[369.901s][info][gc,phases      ] GC(879)   Post Evacuate Collection Set: 0.54ms
[369.901s][info][gc,phases      ] GC(879)   Other: 0.10ms
[369.901s][info][gc,heap        ] GC(879) Eden regions: 294->0(11)
[369.901s][info][gc,heap        ] GC(879) Survivor regions: 13->37(39)
[369.901s][info][gc,heap        ] GC(879) Old regions: 530->530
[369.901s][info][gc,heap        ] GC(879) Humongous regions: 8->8
[369.901s][info][gc,metaspace   ] GC(879) Metaspace: 18902K(19136K)->18902K(19136K) NonClass: 16236K(16384K)->16236K(16384K) Class: 2666K(2752K)->2666K(2752K)
[369.901s][info][gc             ] GC(879) Pause Young (Prepare Mixed) (G1 Evacuation Pause) 844M->574M(969M) 44.539ms
[369.901s][info][gc,cpu         ] GC(879) User=0.08s Sys=0.00s Real=0.04s
[369.910s][info][gc,start       ] GC(880) Pause Young (Mixed) (G1 Evacuation Pause)
[369.910s][info][gc,task        ] GC(880) Using 2 workers of 2 for evacuation
[369.950s][info][gc,phases      ] GC(880)   Pre Evacuate Collection Set: 0.44ms
[369.950s][info][gc,phases      ] GC(880)   Merge Heap Roots: 0.14ms
[369.950s][info][gc,phases      ] GC(880)   Evacuate Collection Set: 39.63ms
[369.950s][info][gc,phases      ] GC(880)   Post Evacuate Collection Set: 0.26ms
[369.950s][info][gc,phases      ] GC(880)   Other: 0.08ms
[369.950s][info][gc,heap        ] GC(880) Eden regions: 11->0(160)
[369.950s][info][gc,heap        ] GC(880) Survivor regions: 37->3(6)
[369.950s][info][gc,heap        ] GC(880) Old regions: 530->566
[369.950s][info][gc,heap        ] GC(880) Humongous regions: 8->8
[369.950s][info][gc,metaspace   ] GC(880) Metaspace: 18902K(19136K)->18902K(19136K) NonClass: 16236K(16384K)->16236K(16384K) Class: 2666K(2752K)->2666K(2752K)
[369.950s][info][gc             ] GC(880) Pause Young (Mixed) (G1 Evacuation Pause) 585M->576M(969M) 40.740ms
[369.950s][info][gc,cpu         ] GC(880) User=0.08s Sys=0.00s Real=0.04s
[370.227s][info][gc,start       ] GC(881) Pause Young (Mixed) (G1 Evacuation Pause)
[370.227s][info][gc,task        ] GC(881) Using 2 workers of 2 for evacuation
[370.254s][info][gc,phases      ] GC(881)   Pre Evacuate Collection Set: 0.27ms
[370.254s][info][gc,phases      ] GC(881)   Merge Heap Roots: 0.31ms
[370.254s][info][gc,phases      ] GC(881)   Evacuate Collection Set: 25.78ms
[370.254s][info][gc,phases      ] GC(881)   Post Evacuate Collection Set: 0.36ms
[370.254s][info][gc,phases      ] GC(881)   Other: 0.09ms
[370.254s][info][gc,heap        ] GC(881) Eden regions: 168->0(111)
[370.254s][info][gc,heap        ] GC(881) Survivor regions: 3->20(22)
[370.254s][info][gc,heap        ] GC(881) Old regions: 566->564
[370.254s][info][gc,heap        ] GC(881) Humongous regions: 8->8
[370.254s][info][gc,metaspace   ] GC(881) Metaspace: 18902K(19136K)->18902K(19136K) NonClass: 16236K(16384K)->16236K(16384K) Class: 2666K(2752K)->2666K(2752K)
[370.254s][info][gc             ] GC(881) Pause Young (Mixed) (G1 Evacuation Pause) 744M->591M(969M) 26.993ms
[370.254s][info][gc,cpu         ] GC(881) User=0.05s Sys=0.00s Real=0.03s
[370.441s][info][gc,start       ] GC(882) Pause Young (Mixed) (G1 Evacuation Pause)
[370.441s][info][gc,task        ] GC(882) Using 2 workers of 2 for evacuation
[370.478s][info][gc,phases      ] GC(882)   Pre Evacuate Collection Set: 0.56ms
[370.478s][info][gc,phases      ] GC(882)   Merge Heap Roots: 0.13ms
[370.478s][info][gc,phases      ] GC(882)   Evacuate Collection Set: 35.39ms
[370.478s][info][gc,phases      ] GC(882)   Post Evacuate Collection Set: 0.42ms
[370.478s][info][gc,phases      ] GC(882)   Other: 0.10ms
[370.478s][info][gc,heap        ] GC(882) Eden regions: 135->0(211)
[370.478s][info][gc,heap        ] GC(882) Survivor regions: 20->10(20)
[370.478s][info][gc,heap        ] GC(882) Old regions: 564->582
[370.478s][info][gc,heap        ] GC(882) Humongous regions: 8->8
[370.478s][info][gc,metaspace   ] GC(882) Metaspace: 18902K(19136K)->18902K(19136K) NonClass: 16236K(16384K)->16236K(16384K) Class: 2666K(2752K)->2666K(2752K)
[370.478s][info][gc             ] GC(882) Pause Young (Mixed) (G1 Evacuation Pause) 726M->599M(969M) 36.858ms
[370.478s][info][gc,cpu         ] GC(882) User=0.07s Sys=0.00s Real=0.03s
[370.691s][info][gc,start       ] GC(883) Pause Young (Mixed) (G1 Evacuation Pause)
[370.692s][info][gc,task        ] GC(883) Using 2 workers of 2 for evacuation
[370.771s][info][gc,phases      ] GC(883)   Pre Evacuate Collection Set: 0.28ms
[370.771s][info][gc,phases      ] GC(883)   Merge Heap Roots: 0.17ms
[370.771s][info][gc,phases      ] GC(883)   Evacuate Collection Set: 77.99ms
[370.771s][info][gc,phases      ] GC(883)   Post Evacuate Collection Set: 0.86ms
[370.771s][info][gc,phases      ] GC(883)   Other: 0.10ms
[370.771s][info][gc,heap        ] GC(883) Eden regions: 230->0(100)
[370.771s][info][gc,heap        ] GC(883) Survivor regions: 10->30(30)
[370.771s][info][gc,heap        ] GC(883) Old regions: 582->631
[370.771s][info][gc,heap        ] GC(883) Humongous regions: 8->8
[370.771s][info][gc,metaspace   ] GC(883) Metaspace: 18902K(19136K)->18902K(19136K) NonClass: 16236K(16384K)->16236K(16384K) Class: 2666K(2752K)->2666K(2752K)
[370.771s][info][gc             ] GC(883) Pause Young (Mixed) (G1 Evacuation Pause) 829M->668M(973M) 79.659ms
[370.771s][info][gc,cpu         ] GC(883) User=0.15s Sys=0.00s Real=0.08s
[370.961s][info][gc,start       ] GC(884) Pause Young (Mixed) (G1 Evacuation Pause)
[370.961s][info][gc,task        ] GC(884) Using 2 workers of 2 for evacuation
[371.011s][info][gc,phases      ] GC(884)   Pre Evacuate Collection Set: 0.28ms
[371.011s][info][gc,phases      ] GC(884)   Merge Heap Roots: 0.46ms
[371.011s][info][gc,phases      ] GC(884)   Evacuate Collection Set: 48.08ms
[371.011s][info][gc,phases      ] GC(884)   Post Evacuate Collection Set: 0.40ms
[371.011s][info][gc,phases      ] GC(884)   Other: 0.07ms
[371.011s][info][gc,heap        ] GC(884) Eden regions: 77->0(195)
[371.011s][info][gc,heap        ] GC(884) Survivor regions: 30->3(14)
[371.011s][info][gc,heap        ] GC(884) Old regions: 631->659
[371.011s][info][gc,heap        ] GC(884) Humongous regions: 8->8
[371.011s][info][gc,metaspace   ] GC(884) Metaspace: 18902K(19136K)->18902K(19136K) NonClass: 16236K(16384K)->16236K(16384K) Class: 2666K(2752K)->2666K(2752K)
[371.011s][info][gc             ] GC(884) Pause Young (Mixed) (G1 Evacuation Pause) 745M->669M(973M) 49.514ms
[371.011s][info][gc,cpu         ] GC(884) User=0.10s Sys=0.00s Real=0.04s
[371.259s][info][gc,start       ] GC(885) Pause Young (Mixed) (G1 Evacuation Pause)
[371.259s][info][gc,task        ] GC(885) Using 2 workers of 2 for evacuation
[371.315s][info][gc,phases      ] GC(885)   Pre Evacuate Collection Set: 0.30ms
[371.315s][info][gc,phases      ] GC(885)   Merge Heap Roots: 0.34ms
[371.315s][info][gc,phases      ] GC(885)   Evacuate Collection Set: 54.70ms
[371.315s][info][gc,phases      ] GC(885)   Post Evacuate Collection Set: 0.55ms
[371.315s][info][gc,phases      ] GC(885)   Other: 0.07ms
[371.315s][info][gc,heap        ] GC(885) Eden regions: 195->0(173)
[371.315s][info][gc,heap        ] GC(885) Survivor regions: 3->25(25)
[371.315s][info][gc,heap        ] GC(885) Old regions: 659->667
[371.315s][info][gc,heap        ] GC(885) Humongous regions: 11->11
[371.315s][info][gc,metaspace   ] GC(885) Metaspace: 18902K(19136K)->18902K(19136K) NonClass: 16236K(16384K)->16236K(16384K) Class: 2666K(2752K)->2666K(2752K)
[371.315s][info][gc             ] GC(885) Pause Young (Mixed) (G1 Evacuation Pause) 867M->702M(973M) 56.230ms
[371.315s][info][gc,cpu         ] GC(885) User=0.11s Sys=0.00s Real=0.06s
[371.522s][info][gc,start       ] GC(886) Pause Young (Concurrent Start) (G1 Evacuation Pause)
[371.522s][info][gc,task        ] GC(886) Using 2 workers of 2 for evacuation
[371.589s][info][gc,phases      ] GC(886)   Pre Evacuate Collection Set: 0.32ms
[371.589s][info][gc,phases      ] GC(886)   Merge Heap Roots: 0.34ms
[371.589s][info][gc,phases      ] GC(886)   Evacuate Collection Set: 65.77ms
[371.589s][info][gc,phases      ] GC(886)   Post Evacuate Collection Set: 0.45ms
[371.589s][info][gc,phases      ] GC(886)   Other: 0.09ms
[371.589s][info][gc,heap        ] GC(886) Eden regions: 173->0(158)
[371.589s][info][gc,heap        ] GC(886) Survivor regions: 25->25(25)
[371.589s][info][gc,heap        ] GC(886) Old regions: 667->693
[371.589s][info][gc,heap        ] GC(886) Humongous regions: 11->11
[371.589s][info][gc,metaspace   ] GC(886) Metaspace: 18902K(19136K)->18902K(19136K) NonClass: 16236K(16384K)->16236K(16384K) Class: 2666K(2752K)->2666K(2752K)
[371.589s][info][gc             ] GC(886) Pause Young (Concurrent Start) (G1 Evacuation Pause) 875M->728M(973M) 67.197ms
[371.589s][info][gc             ] GC(887) Concurrent Mark Cycle
[371.589s][info][gc,marking     ] GC(887) Concurrent Scan Root Regions
[371.589s][info][gc,cpu         ] GC(886) User=0.14s Sys=0.00s Real=0.06s
[371.690s][info][gc,marking     ] GC(887) Concurrent Scan Root Regions 101.227ms
[371.690s][info][gc,marking     ] GC(887) Concurrent Mark
[371.690s][info][gc,marking     ] GC(887) Concurrent Mark From Roots
[371.690s][info][gc,task        ] GC(887) Using 1 workers of 1 for marking
[371.818s][info][gc,start       ] GC(888) Pause Young (Normal) (G1 Evacuation Pause)
[371.819s][info][gc,task        ] GC(888) Using 2 workers of 2 for evacuation
[371.848s][info][gc,phases      ] GC(888)   Pre Evacuate Collection Set: 0.50ms
[371.848s][info][gc,phases      ] GC(888)   Merge Heap Roots: 0.19ms
[371.848s][info][gc,phases      ] GC(888)   Evacuate Collection Set: 28.05ms
[371.848s][info][gc,phases      ] GC(888)   Post Evacuate Collection Set: 0.45ms
[371.848s][info][gc,phases      ] GC(888)   Other: 0.09ms
[371.848s][info][gc,heap        ] GC(888) Eden regions: 158->0(170)
[371.848s][info][gc,heap        ] GC(888) Survivor regions: 25->1(23)
[371.848s][info][gc,heap        ] GC(888) Old regions: 693->718
[371.848s][info][gc,heap        ] GC(888) Humongous regions: 11->11
[371.848s][info][gc,metaspace   ] GC(888) Metaspace: 18902K(19136K)->18902K(19136K) NonClass: 16236K(16384K)->16236K(16384K) Class: 2666K(2752K)->2666K(2752K)
[371.848s][info][gc             ] GC(888) Pause Young (Normal) (G1 Evacuation Pause) 886M->729M(975M) 29.518ms
[371.848s][info][gc,cpu         ] GC(888) User=0.06s Sys=0.00s Real=0.03s
[372.139s][info][gc,start       ] GC(889) Pause Young (Normal) (G1 Evacuation Pause)
[372.139s][info][gc,task        ] GC(889) Using 2 workers of 2 for evacuation
[372.155s][info][gc,phases      ] GC(889)   Pre Evacuate Collection Set: 0.49ms
[372.155s][info][gc,phases      ] GC(889)   Merge Heap Roots: 0.28ms
[372.155s][info][gc,phases      ] GC(889)   Evacuate Collection Set: 14.80ms
[372.155s][info][gc,phases      ] GC(889)   Post Evacuate Collection Set: 0.39ms
[372.155s][info][gc,phases      ] GC(889)   Other: 0.09ms
[372.155s][info][gc,heap        ] GC(889) Eden regions: 170->0(177)
[372.155s][info][gc,heap        ] GC(889) Survivor regions: 1->5(22)
[372.155s][info][gc,heap        ] GC(889) Old regions: 718->718
[372.155s][info][gc,heap        ] GC(889) Humongous regions: 11->11
[372.155s][info][gc,metaspace   ] GC(889) Metaspace: 18902K(19136K)->18902K(19136K) NonClass: 16236K(16384K)->16236K(16384K) Class: 2666K(2752K)->2666K(2752K)
[372.155s][info][gc             ] GC(889) Pause Young (Normal) (G1 Evacuation Pause) 899M->733M(975M) 16.266ms
[372.155s][info][gc,cpu         ] GC(889) User=0.03s Sys=0.00s Real=0.02s
[372.551s][info][gc,start       ] GC(890) Pause Young (Normal) (G1 Evacuation Pause)
[372.551s][info][gc,task        ] GC(890) Using 2 workers of 2 for evacuation
[372.594s][info][gc,phases      ] GC(890)   Pre Evacuate Collection Set: 0.31ms
[372.594s][info][gc,phases      ] GC(890)   Merge Heap Roots: 0.40ms
[372.594s][info][gc,phases      ] GC(890)   Evacuate Collection Set: 42.22ms
[372.594s][info][gc,phases      ] GC(890)   Post Evacuate Collection Set: 0.39ms
[372.595s][info][gc,phases      ] GC(890)   Other: 0.08ms
[372.595s][info][gc,heap        ] GC(890) Eden regions: 177->0(142)
[372.595s][info][gc,heap        ] GC(890) Survivor regions: 5->23(23)
[372.595s][info][gc,heap        ] GC(890) Old regions: 718->726
[372.595s][info][gc,heap        ] GC(890) Humongous regions: 11->11
[372.595s][info][gc,metaspace   ] GC(890) Metaspace: 18902K(19136K)->18902K(19136K) NonClass: 16236K(16384K)->16236K(16384K) Class: 2666K(2752K)->2666K(2752K)
[372.595s][info][gc             ] GC(890) Pause Young (Normal) (G1 Evacuation Pause) 910M->759M(975M) 43.620ms
[372.595s][info][gc,cpu         ] GC(890) User=0.08s Sys=0.00s Real=0.04s
[372.907s][info][gc,start       ] GC(891) Pause Young (Normal) (G1 Evacuation Pause)
[372.907s][info][gc,task        ] GC(891) Using 2 workers of 2 for evacuation
[372.968s][info][gc,phases      ] GC(891)   Pre Evacuate Collection Set: 0.49ms
[372.968s][info][gc,phases      ] GC(891)   Merge Heap Roots: 0.22ms
[372.968s][info][gc,phases      ] GC(891)   Evacuate Collection Set: 59.94ms
[372.968s][info][gc,phases      ] GC(891)   Post Evacuate Collection Set: 0.49ms
[372.968s][info][gc,phases      ] GC(891)   Other: 0.09ms
[372.968s][info][gc,heap        ] GC(891) Eden regions: 142->0(107)
[372.968s][info][gc,heap        ] GC(891) Survivor regions: 23->21(21)
[372.968s][info][gc,heap        ] GC(891) Old regions: 726->765
[372.968s][info][gc,heap        ] GC(891) Humongous regions: 11->11
[372.968s][info][gc,metaspace   ] GC(891) Metaspace: 18902K(19136K)->18902K(19136K) NonClass: 16236K(16384K)->16236K(16384K) Class: 2666K(2752K)->2666K(2752K)
[372.969s][info][gc             ] GC(891) Pause Young (Normal) (G1 Evacuation Pause) 901M->796M(975M) 61.441ms
[372.969s][info][gc,cpu         ] GC(891) User=0.12s Sys=0.00s Real=0.06s
[373.198s][info][gc,start       ] GC(892) Pause Young (Normal) (G1 Evacuation Pause)
[373.198s][info][gc,task        ] GC(892) Using 2 workers of 2 for evacuation
[373.257s][info][gc,phases      ] GC(892)   Pre Evacuate Collection Set: 0.29ms
[373.257s][info][gc,phases      ] GC(892)   Merge Heap Roots: 0.27ms
[373.257s][info][gc,phases      ] GC(892)   Evacuate Collection Set: 57.74ms
[373.257s][info][gc,phases      ] GC(892)   Post Evacuate Collection Set: 0.45ms
[373.257s][info][gc,phases      ] GC(892)   Other: 0.09ms
[373.257s][info][gc,heap        ] GC(892) Eden regions: 107->0(73)
[373.257s][info][gc,heap        ] GC(892) Survivor regions: 21->16(16)
[373.257s][info][gc,heap        ] GC(892) Old regions: 765->809
[373.257s][info][gc,heap        ] GC(892) Humongous regions: 11->11
[373.257s][info][gc,metaspace   ] GC(892) Metaspace: 18902K(19136K)->18902K(19136K) NonClass: 16236K(16384K)->16236K(16384K) Class: 2666K(2752K)->2666K(2752K)
[373.257s][info][gc             ] GC(892) Pause Young (Normal) (G1 Evacuation Pause) 903M->835M(975M) 59.052ms
[373.257s][info][gc,cpu         ] GC(892) User=0.12s Sys=0.00s Real=0.06s
[373.271s][info][gc,marking     ] GC(887) Concurrent Mark From Roots 1580.484ms
[373.271s][info][gc,marking     ] GC(887) Concurrent Preclean
[373.271s][info][gc,marking     ] GC(887) Concurrent Preclean 0.037ms
[373.271s][info][gc,start       ] GC(887) Pause Remark
[373.279s][info][gc             ] GC(887) Pause Remark 838M->723M(978M) 7.786ms
[373.279s][info][gc,cpu         ] GC(887) User=0.02s Sys=0.00s Real=0.00s
[373.279s][info][gc,marking     ] GC(887) Concurrent Mark 1588.554ms
[373.279s][info][gc,marking     ] GC(887) Concurrent Rebuild Remembered Sets and Scrub Regions
[373.456s][info][gc,start       ] GC(893) Pause Young (Normal) (G1 Evacuation Pause)
[373.456s][info][gc,task        ] GC(893) Using 2 workers of 2 for evacuation
[373.482s][info][gc,phases      ] GC(893)   Pre Evacuate Collection Set: 0.24ms
[373.482s][info][gc,phases      ] GC(893)   Merge Heap Roots: 0.33ms
[373.482s][info][gc,phases      ] GC(893)   Evacuate Collection Set: 25.03ms
[373.482s][info][gc,phases      ] GC(893)   Post Evacuate Collection Set: 0.32ms
[373.482s][info][gc,phases      ] GC(893)   Other: 0.07ms
[373.482s][info][gc,heap        ] GC(893) Eden regions: 73->0(166)
[373.482s][info][gc,heap        ] GC(893) Survivor regions: 16->3(12)
[373.482s][info][gc,heap        ] GC(893) Old regions: 699->716
[373.482s][info][gc,heap        ] GC(893) Humongous regions: 6->6
[373.482s][info][gc,metaspace   ] GC(893) Metaspace: 18902K(19136K)->18902K(19136K) NonClass: 16236K(16384K)->16236K(16384K) Class: 2666K(2752K)->2666K(2752K)
[373.482s][info][gc             ] GC(893) Pause Young (Normal) (G1 Evacuation Pause) 793M->723M(978M) 26.197ms
[373.482s][info][gc,cpu         ] GC(893) User=0.05s Sys=0.00s Real=0.03s
[373.807s][info][gc,start       ] GC(894) Pause Young (Normal) (G1 Evacuation Pause)
[373.807s][info][gc,task        ] GC(894) Using 2 workers of 2 for evacuation
[373.860s][info][gc,phases      ] GC(894)   Pre Evacuate Collection Set: 0.29ms
[373.860s][info][gc,phases      ] GC(894)   Merge Heap Roots: 0.34ms
[373.860s][info][gc,phases      ] GC(894)   Evacuate Collection Set: 51.99ms
[373.860s][info][gc,phases      ] GC(894)   Post Evacuate Collection Set: 0.55ms
[373.860s][info][gc,phases      ] GC(894)   Other: 0.10ms
[373.860s][info][gc,heap        ] GC(894) Eden regions: 166->0(136)
[373.860s][info][gc,heap        ] GC(894) Survivor regions: 3->22(22)
[373.860s][info][gc,heap        ] GC(894) Old regions: 716->727
[373.860s][info][gc,heap        ] GC(894) Humongous regions: 9->9
[373.860s][info][gc,metaspace   ] GC(894) Metaspace: 18902K(19136K)->18902K(19136K) NonClass: 16236K(16384K)->16236K(16384K) Class: 2666K(2752K)->2666K(2752K)
[373.860s][info][gc             ] GC(894) Pause Young (Normal) (G1 Evacuation Pause) 892M->757M(978M) 53.501ms
[373.860s][info][gc,cpu         ] GC(894) User=0.11s Sys=0.00s Real=0.05s
[373.935s][info][gc,marking     ] GC(887) Concurrent Rebuild Remembered Sets and Scrub Regions 655.811ms
[373.935s][info][gc,start       ] GC(887) Pause Cleanup
[373.935s][info][gc             ] GC(887) Pause Cleanup 783M->783M(978M) 0.168ms
[373.935s][info][gc,cpu         ] GC(887) User=0.00s Sys=0.00s Real=0.00s
[373.935s][info][gc,marking     ] GC(887) Concurrent Clear Claimed Marks
[373.935s][info][gc,marking     ] GC(887) Concurrent Clear Claimed Marks 0.028ms
[373.935s][info][gc,marking     ] GC(887) Concurrent Cleanup for Next Mark
[373.938s][info][gc,marking     ] GC(887) Concurrent Cleanup for Next Mark 2.931ms
[373.938s][info][gc             ] GC(887) Concurrent Mark Cycle 2349.082ms
[374.083s][info][gc,start       ] GC(895) Pause Young (Prepare Mixed) (G1 Evacuation Pause)
[374.083s][info][gc,task        ] GC(895) Using 2 workers of 2 for evacuation
[374.144s][info][gc,phases      ] GC(895)   Pre Evacuate Collection Set: 0.28ms
[374.144s][info][gc,phases      ] GC(895)   Merge Heap Roots: 0.54ms
[374.144s][info][gc,phases      ] GC(895)   Evacuate Collection Set: 58.95ms
[374.144s][info][gc,phases      ] GC(895)   Post Evacuate Collection Set: 0.56ms
[374.144s][info][gc,phases      ] GC(895)   Other: 0.10ms
[374.144s][info][gc,heap        ] GC(895) Eden regions: 136->0(123)
[374.144s][info][gc,heap        ] GC(895) Survivor regions: 22->20(20)
[374.144s][info][gc,heap        ] GC(895) Old regions: 727->751
[374.144s][info][gc,heap        ] GC(895) Humongous regions: 9->9
[374.144s][info][gc,metaspace   ] GC(895) Metaspace: 18902K(19136K)->18902K(19136K) NonClass: 16236K(16384K)->16236K(16384K) Class: 2666K(2752K)->2666K(2752K)
[374.144s][info][gc             ] GC(895) Pause Young (Prepare Mixed) (G1 Evacuation Pause) 893M->779M(978M) 60.668ms
[374.144s][info][gc,cpu         ] GC(895) User=0.12s Sys=0.00s Real=0.06s
[374.238s][info][gc,start       ] GC(896) Pause Young (Mixed) (G1 Evacuation Pause)
[374.238s][info][gc,task        ] GC(896) Using 2 workers of 2 for evacuation
[374.295s][info][gc,phases      ] GC(896)   Pre Evacuate Collection Set: 0.31ms
[374.295s][info][gc,phases      ] GC(896)   Merge Heap Roots: 0.58ms
[374.295s][info][gc,phases      ] GC(896)   Evacuate Collection Set: 51.35ms
[374.295s][info][gc,phases      ] GC(896)   Merge Optional Heap Roots: 0.05ms
[374.295s][info][gc,phases      ] GC(896)   Evacuate Optional Collection Set: 3.46ms
[374.295s][info][gc,phases      ] GC(896)   Post Evacuate Collection Set: 0.87ms
[374.295s][info][gc,phases      ] GC(896)   Other: 0.09ms
[374.295s][info][gc,heap        ] GC(896) Eden regions: 123->0(171)
[374.295s][info][gc,heap        ] GC(896) Survivor regions: 20->4(18)
[374.295s][info][gc,heap        ] GC(896) Old regions: 751->708
[374.295s][info][gc,heap        ] GC(896) Humongous regions: 9->9
[374.295s][info][gc,metaspace   ] GC(896) Metaspace: 18902K(19136K)->18902K(19136K) NonClass: 16236K(16384K)->16236K(16384K) Class: 2666K(2752K)->2666K(2752K)
[374.295s][info][gc             ] GC(896) Pause Young (Mixed) (G1 Evacuation Pause) 902M->720M(978M) 56.948ms
[374.295s][info][gc,cpu         ] GC(896) User=0.11s Sys=0.00s Real=0.06s
[374.511s][info][gc,start       ] GC(897) Pause Young (Mixed) (G1 Evacuation Pause)
[374.511s][info][gc,task        ] GC(897) Using 2 workers of 2 for evacuation
[374.580s][info][gc,phases      ] GC(897)   Pre Evacuate Collection Set: 0.51ms
[374.580s][info][gc,phases      ] GC(897)   Merge Heap Roots: 1.81ms
[374.580s][info][gc,phases      ] GC(897)   Evacuate Collection Set: 58.63ms
[374.580s][info][gc,phases      ] GC(897)   Merge Optional Heap Roots: 0.18ms
[374.580s][info][gc,phases      ] GC(897)   Evacuate Optional Collection Set: 7.02ms
[374.580s][info][gc,phases      ] GC(897)   Post Evacuate Collection Set: 0.86ms
[374.580s][info][gc,phases      ] GC(897)   Other: 0.09ms
[374.580s][info][gc,heap        ] GC(897) Eden regions: 171->0(195)
[374.580s][info][gc,heap        ] GC(897) Survivor regions: 4->9(22)
[374.580s][info][gc,heap        ] GC(897) Old regions: 708->682
[374.580s][info][gc,heap        ] GC(897) Humongous regions: 9->9
[374.580s][info][gc,metaspace   ] GC(897) Metaspace: 18902K(19136K)->18902K(19136K) NonClass: 16236K(16384K)->16236K(16384K) Class: 2666K(2752K)->2666K(2752K)
[374.580s][info][gc             ] GC(897) Pause Young (Mixed) (G1 Evacuation Pause) 891M->698M(978M) 69.372ms
[374.580s][info][gc,cpu         ] GC(897) User=0.13s Sys=0.00s Real=0.06s
[374.884s][info][gc,start       ] GC(898) Pause Young (Mixed) (G1 Evacuation Pause)
[374.884s][info][gc,task        ] GC(898) Using 2 workers of 2 for evacuation
[374.978s][info][gc,phases      ] GC(898)   Pre Evacuate Collection Set: 0.31ms
[374.978s][info][gc,phases      ] GC(898)   Merge Heap Roots: 1.19ms
[374.978s][info][gc,phases      ] GC(898)   Evacuate Collection Set: 81.41ms
[374.978s][info][gc,phases      ] GC(898)   Merge Optional Heap Roots: 0.52ms
[374.978s][info][gc,phases      ] GC(898)   Evacuate Optional Collection Set: 9.34ms
[374.978s][info][gc,phases      ] GC(898)   Post Evacuate Collection Set: 0.95ms
[374.978s][info][gc,phases      ] GC(898)   Other: 0.08ms
[374.978s][info][gc,heap        ] GC(898) Eden regions: 195->0(145)
[374.978s][info][gc,heap        ] GC(898) Survivor regions: 9->22(26)
[374.978s][info][gc,heap        ] GC(898) Old regions: 682->668
[374.978s][info][gc,heap        ] GC(898) Humongous regions: 9->9
[374.978s][info][gc,metaspace   ] GC(898) Metaspace: 18902K(19136K)->18902K(19136K) NonClass: 16236K(16384K)->16236K(16384K) Class: 2666K(2752K)->2666K(2752K)
[374.978s][info][gc             ] GC(898) Pause Young (Mixed) (G1 Evacuation Pause) 893M->698M(978M) 94.051ms
[374.978s][info][gc,cpu         ] GC(898) User=0.19s Sys=0.00s Real=0.09s
[375.244s][info][gc,start       ] GC(899) Pause Young (Mixed) (G1 Evacuation Pause)
[375.244s][info][gc,task        ] GC(899) Using 2 workers of 2 for evacuation
[375.389s][info][gc,phases      ] GC(899)   Pre Evacuate Collection Set: 0.52ms
[375.390s][info][gc,phases      ] GC(899)   Merge Heap Roots: 2.34ms
[375.390s][info][gc,phases      ] GC(899)   Evacuate Collection Set: 141.00ms
[375.390s][info][gc,phases      ] GC(899)   Post Evacuate Collection Set: 1.38ms
[375.390s][info][gc,phases      ] GC(899)   Other: 0.08ms
[375.390s][info][gc,heap        ] GC(899) Eden regions: 123->0(194)
[375.390s][info][gc,heap        ] GC(899) Survivor regions: 22->13(19)
[375.390s][info][gc,heap        ] GC(899) Old regions: 668->688
[375.390s][info][gc,heap        ] GC(899) Humongous regions: 9->9
[375.390s][info][gc,metaspace   ] GC(899) Metaspace: 18902K(19136K)->18902K(19136K) NonClass: 16236K(16384K)->16236K(16384K) Class: 2666K(2752K)->2666K(2752K)
[375.390s][info][gc             ] GC(899) Pause Young (Mixed) (G1 Evacuation Pause) 821M->709M(978M) 145.550ms
[375.390s][info][gc,cpu         ] GC(899) User=0.29s Sys=0.00s Real=0.14s
[375.870s][info][gc,start       ] GC(900) Pause Young (Concurrent Start) (G1 Evacuation Pause)
[375.870s][info][gc,task        ] GC(900) Using 2 workers of 2 for evacuation
[375.884s][info][gc,phases      ] GC(900)   Pre Evacuate Collection Set: 0.33ms
[375.884s][info][gc,phases      ] GC(900)   Merge Heap Roots: 0.12ms
[375.884s][info][gc,phases      ] GC(900)   Evacuate Collection Set: 13.33ms
[375.884s][info][gc,phases      ] GC(900)   Post Evacuate Collection Set: 0.43ms
[375.884s][info][gc,phases      ] GC(900)   Other: 0.09ms
[375.884s][info][gc,heap        ] GC(900) Eden regions: 194->0(205)
[375.884s][info][gc,heap        ] GC(900) Survivor regions: 13->13(26)
[375.884s][info][gc,heap        ] GC(900) Old regions: 688->688
[375.884s][info][gc,heap        ] GC(900) Humongous regions: 9->9
[375.884s][info][gc,metaspace   ] GC(900) Metaspace: 18902K(19136K)->18902K(19136K) NonClass: 16236K(16384K)->16236K(16384K) Class: 2666K(2752K)->2666K(2752K)
[375.884s][info][gc             ] GC(900) Pause Young (Concurrent Start) (G1 Evacuation Pause) 903M->709M(978M) 14.546ms
[375.884s][info][gc,cpu         ] GC(900) User=0.03s Sys=0.00s Real=0.02s
[375.885s][info][gc             ] GC(901) Concurrent Mark Cycle
[375.885s][info][gc,marking     ] GC(901) Concurrent Scan Root Regions
[375.909s][info][gc,marking     ] GC(901) Concurrent Scan Root Regions 24.399ms
[375.909s][info][gc,marking     ] GC(901) Concurrent Mark
[375.909s][info][gc,marking     ] GC(901) Concurrent Mark From Roots
[375.909s][info][gc,task        ] GC(901) Using 1 workers of 1 for marking
[376.592s][info][gc,start       ] GC(902) Pause Young (Normal) (G1 Evacuation Pause)
[376.592s][info][gc,task        ] GC(902) Using 2 workers of 2 for evacuation
[376.619s][info][gc,phases      ] GC(902)   Pre Evacuate Collection Set: 0.30ms
[376.619s][info][gc,phases      ] GC(902)   Merge Heap Roots: 0.43ms
[376.619s][info][gc,phases      ] GC(902)   Evacuate Collection Set: 25.23ms
[376.619s][info][gc,phases      ] GC(902)   Post Evacuate Collection Set: 0.41ms
[376.619s][info][gc,phases      ] GC(902)   Other: 0.09ms
[376.619s][info][gc,heap        ] GC(902) Eden regions: 205->0(205)
[376.619s][info][gc,heap        ] GC(902) Survivor regions: 13->13(28)
[376.619s][info][gc,heap        ] GC(902) Old regions: 688->688
[376.619s][info][gc,heap        ] GC(902) Humongous regions: 9->9
[376.619s][info][gc,metaspace   ] GC(902) Metaspace: 18902K(19136K)->18902K(19136K) NonClass: 16236K(16384K)->16236K(16384K) Class: 2666K(2752K)->2666K(2752K)
[376.619s][info][gc             ] GC(902) Pause Young (Normal) (G1 Evacuation Pause) 914M->709M(978M) 26.689ms
[376.619s][info][gc,cpu         ] GC(902) User=0.06s Sys=0.00s Real=0.02s
[377.219s][info][gc,start       ] GC(903) Pause Young (Normal) (G1 Evacuation Pause)
[377.219s][info][gc,task        ] GC(903) Using 2 workers of 2 for evacuation
[377.254s][info][gc,phases      ] GC(903)   Pre Evacuate Collection Set: 0.30ms
[377.254s][info][gc,phases      ] GC(903)   Merge Heap Roots: 0.15ms
[377.254s][info][gc,phases      ] GC(903)   Evacuate Collection Set: 33.80ms
[377.254s][info][gc,phases      ] GC(903)   Post Evacuate Collection Set: 0.47ms
[377.254s][info][gc,phases      ] GC(903)   Other: 0.07ms
[377.254s][info][gc,heap        ] GC(903) Eden regions: 205->0(167)
[377.254s][info][gc,heap        ] GC(903) Survivor regions: 13->28(28)
[377.254s][info][gc,heap        ] GC(903) Old regions: 688->696
[377.254s][info][gc,heap        ] GC(903) Humongous regions: 9->9
[377.254s][info][gc,metaspace   ] GC(903) Metaspace: 18902K(19136K)->18902K(19136K) NonClass: 16236K(16384K)->16236K(16384K) Class: 2666K(2752K)->2666K(2752K)
[377.254s][info][gc             ] GC(903) Pause Young (Normal) (G1 Evacuation Pause) 914M->732M(978M) 35.012ms
[377.254s][info][gc,cpu         ] GC(903) User=0.07s Sys=0.01s Real=0.04s
[377.518s][info][gc,marking     ] GC(901) Concurrent Mark From Roots 1608.664ms
[377.518s][info][gc,marking     ] GC(901) Concurrent Preclean
[377.518s][info][gc,marking     ] GC(901) Concurrent Preclean 0.045ms
[377.518s][info][gc,start       ] GC(901) Pause Remark
[377.526s][info][gc             ] GC(901) Pause Remark 899M->781M(978M) 7.631ms
[377.526s][info][gc,cpu         ] GC(901) User=0.02s Sys=0.00s Real=0.01s
[377.526s][info][gc,marking     ] GC(901) Concurrent Mark 1616.645ms
[377.526s][info][gc,marking     ] GC(901) Concurrent Rebuild Remembered Sets and Scrub Regions
[377.527s][info][gc,start       ] GC(904) Pause Young (Normal) (G1 Evacuation Pause)
[377.527s][info][gc,task        ] GC(904) Using 2 workers of 2 for evacuation
[377.598s][info][gc,phases      ] GC(904)   Pre Evacuate Collection Set: 0.22ms
[377.598s][info][gc,phases      ] GC(904)   Merge Heap Roots: 0.22ms
[377.598s][info][gc,phases      ] GC(904)   Evacuate Collection Set: 70.42ms
[377.598s][info][gc,phases      ] GC(904)   Post Evacuate Collection Set: 0.60ms
[377.598s][info][gc,phases      ] GC(904)   Other: 0.08ms
[377.598s][info][gc,heap        ] GC(904) Eden regions: 167->0(219)
[377.598s][info][gc,heap        ] GC(904) Survivor regions: 28->25(25)
[377.598s][info][gc,heap        ] GC(904) Old regions: 581->633
[377.598s][info][gc,heap        ] GC(904) Humongous regions: 6->6
[377.598s][info][gc,metaspace   ] GC(904) Metaspace: 18902K(19136K)->18902K(19136K) NonClass: 16236K(16384K)->16236K(16384K) Class: 2666K(2752K)->2666K(2752K)
[377.598s][info][gc             ] GC(904) Pause Young (Normal) (G1 Evacuation Pause) 781M->663M(978M) 71.743ms
[377.598s][info][gc,cpu         ] GC(904) User=0.14s Sys=0.00s Real=0.07s
[377.989s][info][gc,start       ] GC(905) Pause Young (Normal) (G1 Evacuation Pause)
[377.989s][info][gc,task        ] GC(905) Using 2 workers of 2 for evacuation
[378.070s][info][gc,phases      ] GC(905)   Pre Evacuate Collection Set: 0.48ms
[378.070s][info][gc,phases      ] GC(905)   Merge Heap Roots: 0.54ms
[378.070s][info][gc,phases      ] GC(905)   Evacuate Collection Set: 78.53ms
[378.070s][info][gc,phases      ] GC(905)   Post Evacuate Collection Set: 0.62ms
[378.070s][info][gc,phases      ] GC(905)   Other: 0.11ms
[378.070s][info][gc,heap        ] GC(905) Eden regions: 219->0(187)
[378.070s][info][gc,heap        ] GC(905) Survivor regions: 25->31(31)
[378.070s][info][gc,heap        ] GC(905) Old regions: 633->659
[378.070s][info][gc,heap        ] GC(905) Humongous regions: 9->9
[378.070s][info][gc,metaspace   ] GC(905) Metaspace: 18903K(19136K)->18903K(19136K) NonClass: 16237K(16384K)->16237K(16384K) Class: 2666K(2752K)->2666K(2752K)
[378.070s][info][gc             ] GC(905) Pause Young (Normal) (G1 Evacuation Pause) 885M->698M(978M) 80.505ms
[378.070s][info][gc,cpu         ] GC(905) User=0.16s Sys=0.00s Real=0.08s
[378.380s][info][gc,start       ] GC(906) Pause Young (Normal) (G1 Evacuation Pause)
[378.380s][info][gc,task        ] GC(906) Using 2 workers of 2 for evacuation
[378.461s][info][gc,phases      ] GC(906)   Pre Evacuate Collection Set: 0.28ms
[378.461s][info][gc,phases      ] GC(906)   Merge Heap Roots: 0.44ms
[378.461s][info][gc,phases      ] GC(906)   Evacuate Collection Set: 79.29ms
[378.461s][info][gc,phases      ] GC(906)   Post Evacuate Collection Set: 0.63ms
[378.461s][info][gc,phases      ] GC(906)   Other: 0.09ms
[378.461s][info][gc,heap        ] GC(906) Eden regions: 187->0(165)
[378.461s][info][gc,heap        ] GC(906) Survivor regions: 31->26(28)
[378.461s][info][gc,heap        ] GC(906) Old regions: 659->691
[378.461s][info][gc,heap        ] GC(906) Humongous regions: 9->9
[378.461s][info][gc,metaspace   ] GC(906) Metaspace: 18903K(19136K)->18903K(19136K) NonClass: 16237K(16384K)->16237K(16384K) Class: 2666K(2752K)->2666K(2752K)
[378.461s][info][gc             ] GC(906) Pause Young (Normal) (G1 Evacuation Pause) 885M->725M(978M) 80.980ms
[378.461s][info][gc,cpu         ] GC(906) User=0.16s Sys=0.00s Real=0.09s
[378.464s][info][gc,marking     ] GC(901) Concurrent Rebuild Remembered Sets and Scrub Regions 938.182ms
[378.464s][info][gc,start       ] GC(901) Pause Cleanup
[378.464s][info][gc             ] GC(901) Pause Cleanup 726M->726M(978M) 0.116ms
[378.464s][info][gc,cpu         ] GC(901) User=0.00s Sys=0.00s Real=0.00s
[378.464s][info][gc,marking     ] GC(901) Concurrent Clear Claimed Marks
[378.464s][info][gc,marking     ] GC(901) Concurrent Clear Claimed Marks 0.032ms
[378.464s][info][gc,marking     ] GC(901) Concurrent Cleanup for Next Mark
[378.467s][info][gc,marking     ] GC(901) Concurrent Cleanup for Next Mark 3.067ms
[378.467s][info][gc             ] GC(901) Concurrent Mark Cycle 2582.816ms
[378.632s][info][gc,start       ] GC(907) Pause Young (Prepare Mixed) (G1 Evacuation Pause)
[378.632s][info][gc,task        ] GC(907) Using 2 workers of 2 for evacuation
[378.676s][info][gc,phases      ] GC(907)   Pre Evacuate Collection Set: 0.49ms
[378.676s][info][gc,phases      ] GC(907)   Merge Heap Roots: 0.79ms
[378.676s][info][gc,phases      ] GC(907)   Evacuate Collection Set: 42.82ms
[378.676s][info][gc,phases      ] GC(907)   Post Evacuate Collection Set: 0.64ms
[378.676s][info][gc,phases      ] GC(907)   Other: 0.08ms
[378.676s][info][gc,heap        ] GC(907) Eden regions: 165->0(180)
[378.677s][info][gc,heap        ] GC(907) Survivor regions: 26->1(24)
[378.677s][info][gc,heap        ] GC(907) Old regions: 691->717
[378.677s][info][gc,heap        ] GC(907) Humongous regions: 9->9
[378.677s][info][gc,metaspace   ] GC(907) Metaspace: 18903K(19136K)->18903K(19136K) NonClass: 16237K(16384K)->16237K(16384K) Class: 2666K(2752K)->2666K(2752K)
[378.677s][info][gc             ] GC(907) Pause Young (Prepare Mixed) (G1 Evacuation Pause) 890M->726M(978M) 45.038ms
[378.677s][info][gc,cpu         ] GC(907) User=0.08s Sys=0.00s Real=0.04s
[378.910s][info][gc,start       ] GC(908) Pause Young (Mixed) (G1 Evacuation Pause)
[378.910s][info][gc,task        ] GC(908) Using 2 workers of 2 for evacuation
[378.937s][info][gc,phases      ] GC(908)   Pre Evacuate Collection Set: 0.52ms
[378.937s][info][gc,phases      ] GC(908)   Merge Heap Roots: 0.59ms
[378.937s][info][gc,phases      ] GC(908)   Evacuate Collection Set: 25.05ms
[378.937s][info][gc,phases      ] GC(908)   Post Evacuate Collection Set: 0.55ms
[378.937s][info][gc,phases      ] GC(908)   Other: 0.09ms
[378.937s][info][gc,heap        ] GC(908) Eden regions: 180->0(190)
[378.937s][info][gc,heap        ] GC(908) Survivor regions: 1->5(23)
[378.937s][info][gc,heap        ] GC(908) Old regions: 717->686
[378.937s][info][gc,heap        ] GC(908) Humongous regions: 9->9
[378.937s][info][gc,metaspace   ] GC(908) Metaspace: 18903K(19136K)->18903K(19136K) NonClass: 16237K(16384K)->16237K(16384K) Class: 2666K(2752K)->2666K(2752K)
[378.937s][info][gc             ] GC(908) Pause Young (Mixed) (G1 Evacuation Pause) 906M->699M(978M) 27.012ms
[378.937s][info][gc,cpu         ] GC(908) User=0.05s Sys=0.00s Real=0.03s
[379.194s][info][gc,start       ] GC(909) Pause Young (Mixed) (G1 Evacuation Pause)
[379.194s][info][gc,task        ] GC(909) Using 2 workers of 2 for evacuation
[379.410s][info][gc,mmu         ] GC(909) MMU target violated: 201.0ms (200.0ms/201.0ms)
[379.410s][info][gc,phases      ] GC(909)   Pre Evacuate Collection Set: 0.51ms
[379.410s][info][gc,phases      ] GC(909)   Merge Heap Roots: 0.91ms
[379.410s][info][gc,phases      ] GC(909)   Evacuate Collection Set: 213.38ms
[379.410s][info][gc,phases      ] GC(909)   Post Evacuate Collection Set: 0.56ms
[379.410s][info][gc,phases      ] GC(909)   Other: 0.16ms
[379.410s][info][gc,heap        ] GC(909) Eden regions: 213->0(164)
[379.410s][info][gc,heap        ] GC(909) Survivor regions: 5->28(28)
[379.410s][info][gc,heap        ] GC(909) Old regions: 686->699
[379.410s][info][gc,heap        ] GC(909) Humongous regions: 9->9
[379.410s][info][gc,metaspace   ] GC(909) Metaspace: 18907K(19136K)->18907K(19136K) NonClass: 16241K(16384K)->16241K(16384K) Class: 2666K(2752K)->2666K(2752K)
[379.410s][info][gc             ] GC(909) Pause Young (Mixed) (G1 Evacuation Pause) 912M->735M(978M) 215.687ms
[379.410s][info][gc,cpu         ] GC(909) User=0.43s Sys=0.00s Real=0.21s
[379.622s][info][gc,start       ] GC(910) Pause Young (Concurrent Start) (G1 Evacuation Pause)
[379.622s][info][gc,task        ] GC(910) Using 2 workers of 2 for evacuation
[379.667s][info][gc,phases      ] GC(910)   Pre Evacuate Collection Set: 0.35ms
[379.667s][info][gc,phases      ] GC(910)   Merge Heap Roots: 0.17ms
[379.667s][info][gc,phases      ] GC(910)   Evacuate Collection Set: 43.98ms
[379.667s][info][gc,phases      ] GC(910)   Post Evacuate Collection Set: 0.43ms
[379.667s][info][gc,phases      ] GC(910)   Other: 0.20ms
[379.667s][info][gc,heap        ] GC(910) Eden regions: 164->0(155)
[379.667s][info][gc,heap        ] GC(910) Survivor regions: 28->18(24)
[379.667s][info][gc,heap        ] GC(910) Old regions: 699->728
[379.667s][info][gc,heap        ] GC(910) Humongous regions: 9->9
[379.667s][info][gc,metaspace   ] GC(910) Metaspace: 18910K(19136K)->18910K(19136K) NonClass: 16244K(16384K)->16244K(16384K) Class: 2666K(2752K)->2666K(2752K)
[379.667s][info][gc             ] GC(910) Pause Young (Concurrent Start) (G1 Evacuation Pause) 899M->754M(978M) 45.345ms
[379.667s][info][gc             ] GC(911) Concurrent Mark Cycle
[379.667s][info][gc,marking     ] GC(911) Concurrent Scan Root Regions
[379.668s][info][gc,cpu         ] GC(910) User=0.08s Sys=0.00s Real=0.04s
[379.735s][info][gc,marking     ] GC(911) Concurrent Scan Root Regions 67.778ms
[379.735s][info][gc,marking     ] GC(911) Concurrent Mark
[379.735s][info][gc,marking     ] GC(911) Concurrent Mark From Roots
[379.735s][info][gc,task        ] GC(911) Using 1 workers of 1 for marking
[379.977s][info][gc,start       ] GC(912) Pause Young (Normal) (G1 Evacuation Pause)
[379.977s][info][gc,task        ] GC(912) Using 2 workers of 2 for evacuation
[380.012s][info][gc,phases      ] GC(912)   Pre Evacuate Collection Set: 0.32ms
[380.012s][info][gc,phases      ] GC(912)   Merge Heap Roots: 0.11ms
[380.012s][info][gc,phases      ] GC(912)   Evacuate Collection Set: 34.07ms
[380.012s][info][gc,phases      ] GC(912)   Post Evacuate Collection Set: 0.42ms
[380.012s][info][gc,phases      ] GC(912)   Other: 0.08ms
[380.012s][info][gc,heap        ] GC(912) Eden regions: 155->0(135)
[380.012s][info][gc,heap        ] GC(912) Survivor regions: 18->22(22)
[380.012s][info][gc,heap        ] GC(912) Old regions: 728->740
[380.012s][info][gc,heap        ] GC(912) Humongous regions: 9->9
[380.012s][info][gc,metaspace   ] GC(912) Metaspace: 18910K(19136K)->18910K(19136K) NonClass: 16244K(16384K)->16244K(16384K) Class: 2666K(2752K)->2666K(2752K)
[380.012s][info][gc             ] GC(912) Pause Young (Normal) (G1 Evacuation Pause) 909M->770M(978M) 35.208ms
[380.012s][info][gc,cpu         ] GC(912) User=0.07s Sys=0.00s Real=0.04s
[380.211s][info][gc,start       ] GC(913) Pause Young (Normal) (G1 Evacuation Pause)
[380.211s][info][gc,task        ] GC(913) Using 2 workers of 2 for evacuation
[380.239s][info][gc,phases      ] GC(913)   Pre Evacuate Collection Set: 0.51ms
[380.239s][info][gc,phases      ] GC(913)   Merge Heap Roots: 0.14ms
[380.239s][info][gc,phases      ] GC(913)   Evacuate Collection Set: 27.59ms
[380.239s][info][gc,phases      ] GC(913)   Post Evacuate Collection Set: 0.40ms
[380.239s][info][gc,phases      ] GC(913)   Other: 0.07ms
[380.239s][info][gc,heap        ] GC(913) Eden regions: 135->0(146)
[380.239s][info][gc,heap        ] GC(913) Survivor regions: 22->6(20)
[380.239s][info][gc,heap        ] GC(913) Old regions: 740->761
[380.239s][info][gc,heap        ] GC(913) Humongous regions: 9->9
[380.239s][info][gc,metaspace   ] GC(913) Metaspace: 18910K(19136K)->18910K(19136K) NonClass: 16244K(16384K)->16244K(16384K) Class: 2666K(2752K)->2666K(2752K)
[380.239s][info][gc             ] GC(913) Pause Young (Normal) (G1 Evacuation Pause) 905M->775M(978M) 28.935ms
[380.239s][info][gc,cpu         ] GC(913) User=0.05s Sys=0.00s Real=0.03s
[380.759s][info][gc,start       ] GC(914) Pause Young (Normal) (G1 Evacuation Pause)
[380.759s][info][gc,task        ] GC(914) Using 2 workers of 2 for evacuation
[380.769s][info][gc,phases      ] GC(914)   Pre Evacuate Collection Set: 0.52ms
[380.769s][info][gc,phases      ] GC(914)   Merge Heap Roots: 0.20ms
[380.769s][info][gc,phases      ] GC(914)   Evacuate Collection Set: 8.90ms
[380.769s][info][gc,phases      ] GC(914)   Post Evacuate Collection Set: 0.37ms
[380.769s][info][gc,phases      ] GC(914)   Other: 0.09ms
[380.769s][info][gc,heap        ] GC(914) Eden regions: 146->0(144)
[380.769s][info][gc,heap        ] GC(914) Survivor regions: 6->7(19)
[380.769s][info][gc,heap        ] GC(914) Old regions: 761->761
[380.769s][info][gc,heap        ] GC(914) Humongous regions: 9->9
[380.769s][info][gc,metaspace   ] GC(914) Metaspace: 18911K(19136K)->18911K(19136K) NonClass: 16245K(16384K)->16245K(16384K) Class: 2666K(2752K)->2666K(2752K)
[380.769s][info][gc             ] GC(914) Pause Young (Normal) (G1 Evacuation Pause) 921M->776M(978M) 10.305ms
[380.769s][info][gc,cpu         ] GC(914) User=0.02s Sys=0.00s Real=0.01s
[381.144s][info][gc,start       ] GC(915) Pause Young (Normal) (G1 Evacuation Pause)
[381.144s][info][gc,task        ] GC(915) Using 2 workers of 2 for evacuation
[381.165s][info][gc,phases      ] GC(915)   Pre Evacuate Collection Set: 0.30ms
[381.165s][info][gc,phases      ] GC(915)   Merge Heap Roots: 0.17ms
[381.165s][info][gc,phases      ] GC(915)   Evacuate Collection Set: 20.53ms
[381.165s][info][gc,phases      ] GC(915)   Post Evacuate Collection Set: 0.40ms
[381.165s][info][gc,phases      ] GC(915)   Other: 0.10ms
[381.165s][info][gc,heap        ] GC(915) Eden regions: 144->0(119)
[381.165s][info][gc,heap        ] GC(915) Survivor regions: 7->19(19)
[381.165s][info][gc,heap        ] GC(915) Old regions: 761->762
[381.165s][info][gc,heap        ] GC(915) Humongous regions: 9->9
[381.165s][info][gc,metaspace   ] GC(915) Metaspace: 18911K(19136K)->18911K(19136K) NonClass: 16245K(16384K)->16245K(16384K) Class: 2666K(2752K)->2666K(2752K)
[381.165s][info][gc             ] GC(915) Pause Young (Normal) (G1 Evacuation Pause) 920M->789M(978M) 21.734ms
[381.165s][info][gc,cpu         ] GC(915) User=0.04s Sys=0.00s Real=0.02s
[381.307s][info][gc,marking     ] GC(911) Concurrent Mark From Roots 1571.635ms
[381.307s][info][gc,marking     ] GC(911) Concurrent Preclean
[381.307s][info][gc,marking     ] GC(911) Concurrent Preclean 0.042ms
[381.307s][info][gc,start       ] GC(911) Pause Remark
[381.315s][info][gc             ] GC(911) Pause Remark 865M->725M(978M) 7.810ms
[381.315s][info][gc,cpu         ] GC(911) User=0.01s Sys=0.00s Real=0.01s
[381.315s][info][gc,marking     ] GC(911) Concurrent Mark 1580.018ms
[381.315s][info][gc,marking     ] GC(911) Concurrent Rebuild Remembered Sets and Scrub Regions
[381.431s][info][gc,start       ] GC(916) Pause Young (Normal) (G1 Evacuation Pause)
[381.431s][info][gc,task        ] GC(916) Using 2 workers of 2 for evacuation
[381.456s][info][gc,phases      ] GC(916)   Pre Evacuate Collection Set: 0.26ms
[381.456s][info][gc,phases      ] GC(916)   Merge Heap Roots: 0.12ms
[381.456s][info][gc,phases      ] GC(916)   Evacuate Collection Set: 24.29ms
[381.456s][info][gc,phases      ] GC(916)   Post Evacuate Collection Set: 0.34ms
[381.456s][info][gc,phases      ] GC(916)   Other: 0.09ms
[381.456s][info][gc,heap        ] GC(916) Eden regions: 119->0(242)
[381.456s][info][gc,heap        ] GC(916) Survivor regions: 19->7(18)
[381.456s][info][gc,heap        ] GC(916) Old regions: 625->645
[381.456s][info][gc,heap        ] GC(916) Humongous regions: 6->6
[381.456s][info][gc,metaspace   ] GC(916) Metaspace: 18911K(19136K)->18911K(19136K) NonClass: 16245K(16384K)->16245K(16384K) Class: 2666K(2752K)->2666K(2752K)
[381.456s][info][gc             ] GC(916) Pause Young (Normal) (G1 Evacuation Pause) 768M->657M(978M) 25.286ms
[381.456s][info][gc,cpu         ] GC(916) User=0.05s Sys=0.00s Real=0.03s
[381.802s][info][gc,marking     ] GC(911) Concurrent Rebuild Remembered Sets and Scrub Regions 486.816ms
[381.802s][info][gc,start       ] GC(911) Pause Cleanup
[381.802s][info][gc             ] GC(911) Pause Cleanup 878M->878M(978M) 0.115ms
[381.802s][info][gc,cpu         ] GC(911) User=0.00s Sys=0.00s Real=0.00s
[381.804s][info][gc,marking     ] GC(911) Concurrent Clear Claimed Marks
[381.804s][info][gc,marking     ] GC(911) Concurrent Clear Claimed Marks 0.046ms
[381.804s][info][gc,marking     ] GC(911) Concurrent Cleanup for Next Mark
[381.811s][info][gc,marking     ] GC(911) Concurrent Cleanup for Next Mark 6.834ms
[381.811s][info][gc             ] GC(911) Concurrent Mark Cycle 2143.811ms
[381.843s][info][gc,start       ] GC(917) Pause Young (Prepare Mixed) (G1 Evacuation Pause)
[381.843s][info][gc,task        ] GC(917) Using 2 workers of 2 for evacuation
[381.910s][info][gc,phases      ] GC(917)   Pre Evacuate Collection Set: 0.29ms
[381.911s][info][gc,phases      ] GC(917)   Merge Heap Roots: 0.09ms
[381.911s][info][gc,phases      ] GC(917)   Evacuate Collection Set: 66.21ms
[381.911s][info][gc,phases      ] GC(917)   Post Evacuate Collection Set: 0.71ms
[381.911s][info][gc,phases      ] GC(917)   Other: 0.10ms
[381.911s][info][gc,heap        ] GC(917) Eden regions: 242->0(171)
[381.911s][info][gc,heap        ] GC(917) Survivor regions: 7->32(32)
[381.911s][info][gc,heap        ] GC(917) Old regions: 645->687
[381.911s][info][gc,heap        ] GC(917) Humongous regions: 6->6
[381.911s][info][gc,metaspace   ] GC(917) Metaspace: 18911K(19136K)->18911K(19136K) NonClass: 16245K(16384K)->16245K(16384K) Class: 2666K(2752K)->2666K(2752K)
[381.911s][info][gc             ] GC(917) Pause Young (Prepare Mixed) (G1 Evacuation Pause) 899M->724M(978M) 67.611ms
[381.911s][info][gc,cpu         ] GC(917) User=0.14s Sys=0.00s Real=0.06s
[382.136s][info][gc,start       ] GC(918) Pause Young (Mixed) (G1 Evacuation Pause)
[382.136s][info][gc,task        ] GC(918) Using 2 workers of 2 for evacuation
[382.212s][info][gc,phases      ] GC(918)   Pre Evacuate Collection Set: 0.53ms
[382.212s][info][gc,phases      ] GC(918)   Merge Heap Roots: 0.44ms
[382.212s][info][gc,phases      ] GC(918)   Evacuate Collection Set: 75.03ms
[382.212s][info][gc,phases      ] GC(918)   Post Evacuate Collection Set: 0.55ms
[382.212s][info][gc,phases      ] GC(918)   Other: 0.10ms
[382.212s][info][gc,heap        ] GC(918) Eden regions: 171->0(176)
[382.212s][info][gc,heap        ] GC(918) Survivor regions: 32->24(26)
[382.212s][info][gc,heap        ] GC(918) Old regions: 687->684
[382.212s][info][gc,heap        ] GC(918) Humongous regions: 9->9
[382.212s][info][gc,metaspace   ] GC(918) Metaspace: 18911K(19136K)->18911K(19136K) NonClass: 16245K(16384K)->16245K(16384K) Class: 2666K(2752K)->2666K(2752K)
[382.212s][info][gc             ] GC(918) Pause Young (Mixed) (G1 Evacuation Pause) 898M->715M(978M) 76.873ms
[382.212s][info][gc,cpu         ] GC(918) User=0.15s Sys=0.00s Real=0.08s
[382.417s][info][gc,start       ] GC(919) Pause Young (Concurrent Start) (G1 Evacuation Pause)
[382.417s][info][gc,task        ] GC(919) Using 2 workers of 2 for evacuation
[382.486s][info][gc,phases      ] GC(919)   Pre Evacuate Collection Set: 0.31ms
[382.486s][info][gc,phases      ] GC(919)   Merge Heap Roots: 0.28ms
[382.486s][info][gc,phases      ] GC(919)   Evacuate Collection Set: 67.57ms
[382.486s][info][gc,phases      ] GC(919)   Post Evacuate Collection Set: 0.45ms
[382.486s][info][gc,phases      ] GC(919)   Other: 0.09ms
[382.486s][info][gc,heap        ] GC(919) Eden regions: 176->0(157)
[382.486s][info][gc,heap        ] GC(919) Survivor regions: 24->25(25)
[382.486s][info][gc,heap        ] GC(919) Old regions: 684->712
[382.486s][info][gc,heap        ] GC(919) Humongous regions: 9->9
[382.486s][info][gc,metaspace   ] GC(919) Metaspace: 18911K(19136K)->18911K(19136K) NonClass: 16245K(16384K)->16245K(16384K) Class: 2666K(2752K)->2666K(2752K)
[382.486s][info][gc             ] GC(919) Pause Young (Concurrent Start) (G1 Evacuation Pause) 891M->745M(978M) 68.939ms
[382.486s][info][gc,cpu         ] GC(919) User=0.14s Sys=0.00s Real=0.07s
[382.486s][info][gc             ] GC(920) Concurrent Mark Cycle
[382.488s][info][gc,marking     ] GC(920) Concurrent Scan Root Regions
[382.600s][info][gc,marking     ] GC(920) Concurrent Scan Root Regions 112.151ms
[382.600s][info][gc,marking     ] GC(920) Concurrent Mark
[382.600s][info][gc,marking     ] GC(920) Concurrent Mark From Roots
[382.600s][info][gc,task        ] GC(920) Using 1 workers of 1 for marking
[382.712s][info][gc,start       ] GC(921) Pause Young (Normal) (G1 Evacuation Pause)
[382.712s][info][gc,task        ] GC(921) Using 2 workers of 2 for evacuation
[382.744s][info][gc,phases      ] GC(921)   Pre Evacuate Collection Set: 0.28ms
[382.744s][info][gc,phases      ] GC(921)   Merge Heap Roots: 0.18ms
[382.744s][info][gc,phases      ] GC(921)   Evacuate Collection Set: 30.83ms
[382.744s][info][gc,phases      ] GC(921)   Post Evacuate Collection Set: 0.35ms
[382.744s][info][gc,phases      ] GC(921)   Other: 0.07ms
[382.744s][info][gc,heap        ] GC(921) Eden regions: 157->0(162)
[382.744s][info][gc,heap        ] GC(921) Survivor regions: 25->5(23)
[382.744s][info][gc,heap        ] GC(921) Old regions: 712->737
[382.744s][info][gc,heap        ] GC(921) Humongous regions: 9->9
[382.744s][info][gc,metaspace   ] GC(921) Metaspace: 18911K(19136K)->18911K(19136K) NonClass: 16245K(16384K)->16245K(16384K) Class: 2666K(2752K)->2666K(2752K)
[382.744s][info][gc             ] GC(921) Pause Young (Normal) (G1 Evacuation Pause) 902M->750M(978M) 31.904ms
[382.744s][info][gc,cpu         ] GC(921) User=0.06s Sys=0.01s Real=0.03s
[383.109s][info][gc,start       ] GC(922) Pause Young (Normal) (G1 Evacuation Pause)
[383.109s][info][gc,task        ] GC(922) Using 2 workers of 2 for evacuation
[383.126s][info][gc,phases      ] GC(922)   Pre Evacuate Collection Set: 0.28ms
[383.126s][info][gc,phases      ] GC(922)   Merge Heap Roots: 0.21ms
[383.126s][info][gc,phases      ] GC(922)   Evacuate Collection Set: 15.88ms
[383.126s][info][gc,phases      ] GC(922)   Post Evacuate Collection Set: 0.37ms
[383.126s][info][gc,phases      ] GC(922)   Other: 0.07ms
[383.126s][info][gc,heap        ] GC(922) Eden regions: 162->0(164)
[383.126s][info][gc,heap        ] GC(922) Survivor regions: 5->9(21)
[383.126s][info][gc,heap        ] GC(922) Old regions: 737->737
[383.126s][info][gc,heap        ] GC(922) Humongous regions: 9->9
[383.126s][info][gc,metaspace   ] GC(922) Metaspace: 18911K(19136K)->18911K(19136K) NonClass: 16245K(16384K)->16245K(16384K) Class: 2666K(2752K)->2666K(2752K)
[383.126s][info][gc             ] GC(922) Pause Young (Normal) (G1 Evacuation Pause) 912M->754M(978M) 17.042ms
[383.126s][info][gc,cpu         ] GC(922) User=0.03s Sys=0.00s Real=0.02s
[383.453s][info][gc,start       ] GC(923) Pause Young (Normal) (G1 Evacuation Pause)
[383.453s][info][gc,task        ] GC(923) Using 2 workers of 2 for evacuation
[383.486s][info][gc,phases      ] GC(923)   Pre Evacuate Collection Set: 0.30ms
[383.486s][info][gc,phases      ] GC(923)   Merge Heap Roots: 0.46ms
[383.486s][info][gc,phases      ] GC(923)   Evacuate Collection Set: 31.59ms
[383.486s][info][gc,phases      ] GC(923)   Post Evacuate Collection Set: 0.41ms
[383.486s][info][gc,phases      ] GC(923)   Other: 0.08ms
[383.486s][info][gc,heap        ] GC(923) Eden regions: 164->0(146)
[383.486s][info][gc,heap        ] GC(923) Survivor regions: 9->18(22)
[383.486s][info][gc,heap        ] GC(923) Old regions: 737->737
[383.486s][info][gc,heap        ] GC(923) Humongous regions: 9->9
[383.486s][info][gc,metaspace   ] GC(923) Metaspace: 18911K(19136K)->18911K(19136K) NonClass: 16245K(16384K)->16245K(16384K) Class: 2666K(2752K)->2666K(2752K)
[383.486s][info][gc             ] GC(923) Pause Young (Normal) (G1 Evacuation Pause) 918M->763M(978M) 33.074ms
[383.486s][info][gc,cpu         ] GC(923) User=0.06s Sys=0.00s Real=0.03s
[383.871s][info][gc,start       ] GC(924) Pause Young (Normal) (G1 Evacuation Pause)
[383.871s][info][gc,task        ] GC(924) Using 2 workers of 2 for evacuation
[383.921s][info][gc,phases      ] GC(924)   Pre Evacuate Collection Set: 0.31ms
[383.921s][info][gc,phases      ] GC(924)   Merge Heap Roots: 0.25ms
[383.921s][info][gc,phases      ] GC(924)   Evacuate Collection Set: 48.75ms
[383.921s][info][gc,phases      ] GC(924)   Post Evacuate Collection Set: 0.39ms
[383.921s][info][gc,phases      ] GC(924)   Other: 0.08ms
[383.921s][info][gc,heap        ] GC(924) Eden regions: 146->0(116)
[383.921s][info][gc,heap        ] GC(924) Survivor regions: 18->21(21)
[383.921s][info][gc,heap        ] GC(924) Old regions: 737->761
[383.921s][info][gc,heap        ] GC(924) Humongous regions: 9->9
[383.921s][info][gc,metaspace   ] GC(924) Metaspace: 18911K(19136K)->18911K(19136K) NonClass: 16245K(16384K)->16245K(16384K) Class: 2666K(2752K)->2666K(2752K)
[383.921s][info][gc             ] GC(924) Pause Young (Normal) (G1 Evacuation Pause) 909M->790M(978M) 49.993ms
[383.921s][info][gc,cpu         ] GC(924) User=0.10s Sys=0.00s Real=0.05s
[383.923s][info][gc,marking     ] GC(920) Concurrent Mark From Roots 1323.187ms
[383.923s][info][gc,marking     ] GC(920) Concurrent Preclean
[383.923s][info][gc,marking     ] GC(920) Concurrent Preclean 0.037ms
[383.924s][info][gc,start       ] GC(920) Pause Remark
[383.931s][info][gc             ] GC(920) Pause Remark 793M->648M(978M) 7.606ms
[383.931s][info][gc,cpu         ] GC(920) User=0.02s Sys=0.00s Real=0.01s
[383.931s][info][gc,marking     ] GC(920) Concurrent Mark 1331.057ms
[383.931s][info][gc,marking     ] GC(920) Concurrent Rebuild Remembered Sets and Scrub Regions
[384.115s][info][gc,start       ] GC(925) Pause Young (Normal) (G1 Evacuation Pause)
[384.115s][info][gc,task        ] GC(925) Using 2 workers of 2 for evacuation
[384.167s][info][gc,phases      ] GC(925)   Pre Evacuate Collection Set: 0.28ms
[384.167s][info][gc,phases      ] GC(925)   Merge Heap Roots: 0.24ms
[384.167s][info][gc,phases      ] GC(925)   Evacuate Collection Set: 50.71ms
[384.167s][info][gc,phases      ] GC(925)   Post Evacuate Collection Set: 0.46ms
[384.167s][info][gc,phases      ] GC(925)   Other: 0.09ms
[384.167s][info][gc,heap        ] GC(925) Eden regions: 116->0(201)
[384.167s][info][gc,heap        ] GC(925) Survivor regions: 21->18(18)
[384.167s][info][gc,heap        ] GC(925) Old regions: 619->653
[384.167s][info][gc,heap        ] GC(925) Humongous regions: 6->6
[384.167s][info][gc,metaspace   ] GC(925) Metaspace: 18911K(19136K)->18911K(19136K) NonClass: 16245K(16384K)->16245K(16384K) Class: 2666K(2752K)->2666K(2752K)
[384.167s][info][gc             ] GC(925) Pause Young (Normal) (G1 Evacuation Pause) 761M->676M(978M) 51.987ms
[384.167s][info][gc,cpu         ] GC(925) User=0.10s Sys=0.00s Real=0.05s
[384.589s][info][gc,start       ] GC(926) Pause Young (Normal) (G1 Evacuation Pause)
[384.590s][info][gc,task        ] GC(926) Using 2 workers of 2 for evacuation
[384.629s][info][gc,phases      ] GC(926)   Pre Evacuate Collection Set: 0.28ms
[384.629s][info][gc,phases      ] GC(926)   Merge Heap Roots: 0.38ms
[384.629s][info][gc,phases      ] GC(926)   Evacuate Collection Set: 38.16ms
[384.629s][info][gc,phases      ] GC(926)   Post Evacuate Collection Set: 0.51ms
[384.629s][info][gc,phases      ] GC(926)   Other: 0.09ms
[384.629s][info][gc,heap        ] GC(926) Eden regions: 201->0(202)
[384.629s][info][gc,heap        ] GC(926) Survivor regions: 18->10(28)
[384.629s][info][gc,heap        ] GC(926) Old regions: 653->671
[384.629s][info][gc,heap        ] GC(926) Humongous regions: 7->7
[384.629s][info][gc,metaspace   ] GC(926) Metaspace: 18911K(19136K)->18911K(19136K) NonClass: 16245K(16384K)->16245K(16384K) Class: 2666K(2752K)->2666K(2752K)
[384.629s][info][gc             ] GC(926) Pause Young (Normal) (G1 Evacuation Pause) 878M->687M(978M) 39.656ms
[384.629s][info][gc,cpu         ] GC(926) User=0.08s Sys=0.00s Real=0.04s
[384.646s][info][gc,marking     ] GC(920) Concurrent Rebuild Remembered Sets and Scrub Regions 714.755ms
[384.646s][info][gc,start       ] GC(920) Pause Cleanup
[384.646s][info][gc             ] GC(920) Pause Cleanup 695M->695M(978M) 0.140ms
[384.646s][info][gc,cpu         ] GC(920) User=0.00s Sys=0.00s Real=0.00s
[384.648s][info][gc,marking     ] GC(920) Concurrent Clear Claimed Marks
[384.648s][info][gc,marking     ] GC(920) Concurrent Clear Claimed Marks 0.055ms
[384.648s][info][gc,marking     ] GC(920) Concurrent Cleanup for Next Mark
[384.655s][info][gc,marking     ] GC(920) Concurrent Cleanup for Next Mark 6.818ms
[384.655s][info][gc             ] GC(920) Concurrent Mark Cycle 2168.508ms
[384.860s][info][gc,start       ] GC(927) Pause Young (Prepare Mixed) (G1 Evacuation Pause)
[384.860s][info][gc,task        ] GC(927) Using 2 workers of 2 for evacuation
[384.905s][info][gc,phases      ] GC(927)   Pre Evacuate Collection Set: 0.51ms
[384.905s][info][gc,phases      ] GC(927)   Merge Heap Roots: 0.30ms
[384.905s][info][gc,phases      ] GC(927)   Evacuate Collection Set: 43.55ms
[384.905s][info][gc,phases      ] GC(927)   Post Evacuate Collection Set: 0.52ms
[384.905s][info][gc,phases      ] GC(927)   Other: 0.10ms
[384.905s][info][gc,heap        ] GC(927) Eden regions: 202->0(189)
[384.905s][info][gc,heap        ] GC(927) Survivor regions: 10->27(27)
[384.905s][info][gc,heap        ] GC(927) Old regions: 671->675
[384.905s][info][gc,heap        ] GC(927) Humongous regions: 7->7
[384.905s][info][gc,metaspace   ] GC(927) Metaspace: 18911K(19136K)->18911K(19136K) NonClass: 16245K(16384K)->16245K(16384K) Class: 2666K(2752K)->2666K(2752K)
[384.905s][info][gc             ] GC(927) Pause Young (Prepare Mixed) (G1 Evacuation Pause) 889M->708M(978M) 45.213ms
[384.905s][info][gc,cpu         ] GC(927) User=0.09s Sys=0.00s Real=0.05s
[385.118s][info][gc,start       ] GC(928) Pause Young (Mixed) (G1 Evacuation Pause)
[385.118s][info][gc,task        ] GC(928) Using 2 workers of 2 for evacuation
[385.251s][info][gc,phases      ] GC(928)   Pre Evacuate Collection Set: 0.54ms
[385.251s][info][gc,phases      ] GC(928)   Merge Heap Roots: 1.58ms
[385.251s][info][gc,phases      ] GC(928)   Evacuate Collection Set: 130.00ms
[385.251s][info][gc,phases      ] GC(928)   Post Evacuate Collection Set: 0.58ms
[385.251s][info][gc,phases      ] GC(928)   Other: 0.10ms
[385.251s][info][gc,heap        ] GC(928) Eden regions: 189->0(240)
[385.251s][info][gc,heap        ] GC(928) Survivor regions: 27->16(27)
[385.251s][info][gc,heap        ] GC(928) Old regions: 675->617
[385.251s][info][gc,heap        ] GC(928) Humongous regions: 7->7
[385.251s][info][gc,metaspace   ] GC(928) Metaspace: 18911K(19136K)->18911K(19136K) NonClass: 16245K(16384K)->16245K(16384K) Class: 2666K(2752K)->2666K(2752K)
[385.251s][info][gc             ] GC(928) Pause Young (Mixed) (G1 Evacuation Pause) 897M->639M(978M) 133.025ms
[385.251s][info][gc,cpu         ] GC(928) User=0.26s Sys=0.00s Real=0.14s
[385.807s][info][gc,start       ] GC(929) Pause Young (Concurrent Start) (G1 Evacuation Pause)
[385.807s][info][gc,task        ] GC(929) Using 2 workers of 2 for evacuation
[385.827s][info][gc,phases      ] GC(929)   Pre Evacuate Collection Set: 0.32ms
[385.827s][info][gc,phases      ] GC(929)   Merge Heap Roots: 0.20ms
[385.827s][info][gc,phases      ] GC(929)   Evacuate Collection Set: 18.78ms
[385.827s][info][gc,phases      ] GC(929)   Post Evacuate Collection Set: 0.46ms
[385.827s][info][gc,phases      ] GC(929)   Other: 0.12ms
[385.827s][info][gc,heap        ] GC(929) Eden regions: 240->0(254)
[385.827s][info][gc,heap        ] GC(929) Survivor regions: 16->17(32)
[385.827s][info][gc,heap        ] GC(929) Old regions: 617->617
[385.827s][info][gc,heap        ] GC(929) Humongous regions: 7->7
[385.827s][info][gc,metaspace   ] GC(929) Metaspace: 18915K(19136K)->18915K(19136K) NonClass: 16249K(16384K)->16249K(16384K) Class: 2666K(2752K)->2666K(2752K)
[385.827s][info][gc             ] GC(929) Pause Young (Concurrent Start) (G1 Evacuation Pause) 879M->640M(978M) 20.077ms
[385.827s][info][gc,cpu         ] GC(929) User=0.04s Sys=0.00s Real=0.02s
[385.827s][info][gc             ] GC(930) Concurrent Mark Cycle
[385.827s][info][gc,marking     ] GC(930) Concurrent Scan Root Regions
[385.857s][info][gc,marking     ] GC(930) Concurrent Scan Root Regions 30.097ms
[385.857s][info][gc,marking     ] GC(930) Concurrent Mark
[385.857s][info][gc,marking     ] GC(930) Concurrent Mark From Roots
[385.857s][info][gc,task        ] GC(930) Using 1 workers of 1 for marking
[386.569s][info][gc,marking     ] GC(930) Concurrent Mark From Roots 712.245ms
[386.569s][info][gc,marking     ] GC(930) Concurrent Preclean
[386.569s][info][gc,marking     ] GC(930) Concurrent Preclean 0.044ms
[386.570s][info][gc,start       ] GC(930) Pause Remark
[386.723s][info][gc             ] GC(930) Pause Remark 870M->727M(978M) 153.073ms
[386.723s][info][gc,cpu         ] GC(930) User=0.30s Sys=0.00s Real=0.16s
[386.725s][info][gc,marking     ] GC(930) Concurrent Mark 867.941ms
[386.725s][info][gc,marking     ] GC(930) Concurrent Rebuild Remembered Sets and Scrub Regions
[386.831s][info][gc,start       ] GC(931) Pause Young (Normal) (G1 Evacuation Pause)
[386.831s][info][gc,task        ] GC(931) Using 2 workers of 2 for evacuation
[386.858s][info][gc,phases      ] GC(931)   Pre Evacuate Collection Set: 0.44ms
[386.858s][info][gc,phases      ] GC(931)   Merge Heap Roots: 0.34ms
[386.858s][info][gc,phases      ] GC(931)   Evacuate Collection Set: 25.60ms
[386.858s][info][gc,phases      ] GC(931)   Post Evacuate Collection Set: 0.46ms
[386.858s][info][gc,phases      ] GC(931)   Other: 0.09ms
[386.858s][info][gc,heap        ] GC(931) Eden regions: 254->0(368)
[386.858s][info][gc,heap        ] GC(931) Survivor regions: 17->17(34)
[386.858s][info][gc,heap        ] GC(931) Old regions: 476->476
[386.858s][info][gc,heap        ] GC(931) Humongous regions: 5->5
[386.858s][info][gc,metaspace   ] GC(931) Metaspace: 18915K(19136K)->18915K(19136K) NonClass: 16249K(16384K)->16249K(16384K) Class: 2666K(2752K)->2666K(2752K)
[386.858s][info][gc             ] GC(931) Pause Young (Normal) (G1 Evacuation Pause) 751M->497M(978M) 27.170ms
[386.858s][info][gc,cpu         ] GC(931) User=0.05s Sys=0.00s Real=0.02s
[387.091s][info][gc,marking     ] GC(930) Concurrent Rebuild Remembered Sets and Scrub Regions 366.002ms
[387.091s][info][gc,start       ] GC(930) Pause Cleanup
[387.091s][info][gc             ] GC(930) Pause Cleanup 706M->706M(978M) 0.095ms
[387.091s][info][gc,cpu         ] GC(930) User=0.00s Sys=0.00s Real=0.00s
[387.091s][info][gc,marking     ] GC(930) Concurrent Clear Claimed Marks
[387.092s][info][gc,marking     ] GC(930) Concurrent Clear Claimed Marks 0.026ms
[387.092s][info][gc,marking     ] GC(930) Concurrent Cleanup for Next Mark
[387.098s][info][gc,marking     ] GC(930) Concurrent Cleanup for Next Mark 6.870ms
[387.098s][info][gc             ] GC(930) Concurrent Mark Cycle 1271.606ms
[387.326s][info][gc,start       ] GC(932) Pause Young (Prepare Mixed) (G1 Evacuation Pause)
[387.326s][info][gc,task        ] GC(932) Using 2 workers of 2 for evacuation
[387.420s][info][gc,phases      ] GC(932)   Pre Evacuate Collection Set: 0.28ms
[387.420s][info][gc,phases      ] GC(932)   Merge Heap Roots: 0.53ms
[387.420s][info][gc,phases      ] GC(932)   Evacuate Collection Set: 92.19ms
[387.420s][info][gc,phases      ] GC(932)   Post Evacuate Collection Set: 0.80ms
[387.420s][info][gc,phases      ] GC(932)   Other: 0.08ms
[387.420s][info][gc,heap        ] GC(932) Eden regions: 368->0(299)
[387.420s][info][gc,heap        ] GC(932) Survivor regions: 17->49(49)
[387.420s][info][gc,heap        ] GC(932) Old regions: 476->514
[387.420s][info][gc,heap        ] GC(932) Humongous regions: 5->5
[387.420s][info][gc,metaspace   ] GC(932) Metaspace: 18915K(19136K)->18915K(19136K) NonClass: 16249K(16384K)->16249K(16384K) Class: 2666K(2752K)->2666K(2752K)
[387.420s][info][gc             ] GC(932) Pause Young (Prepare Mixed) (G1 Evacuation Pause) 865M->567M(978M) 94.118ms
[387.420s][info][gc,cpu         ] GC(932) User=0.18s Sys=0.00s Real=0.09s
[387.792s][info][gc,start       ] GC(933) Pause Young (Mixed) (G1 Evacuation Pause)
[387.792s][info][gc,task        ] GC(933) Using 2 workers of 2 for evacuation
[387.911s][info][gc,phases      ] GC(933)   Pre Evacuate Collection Set: 0.52ms
[387.911s][info][gc,phases      ] GC(933)   Merge Heap Roots: 0.95ms
[387.911s][info][gc,phases      ] GC(933)   Evacuate Collection Set: 116.40ms
[387.911s][info][gc,phases      ] GC(933)   Post Evacuate Collection Set: 0.69ms
[387.911s][info][gc,phases      ] GC(933)   Other: 0.10ms
[387.911s][info][gc,heap        ] GC(933) Eden regions: 299->0(263)
[387.911s][info][gc,heap        ] GC(933) Survivor regions: 49->44(44)
[387.911s][info][gc,heap        ] GC(933) Old regions: 514->551
[387.911s][info][gc,heap        ] GC(933) Humongous regions: 8->8
[387.911s][info][gc,metaspace   ] GC(933) Metaspace: 18915K(19136K)->18915K(19136K) NonClass: 16249K(16384K)->16249K(16384K) Class: 2666K(2752K)->2666K(2752K)
[387.911s][info][gc             ] GC(933) Pause Young (Mixed) (G1 Evacuation Pause) 869M->602M(978M) 118.867ms
[387.911s][info][gc,cpu         ] GC(933) User=0.23s Sys=0.00s Real=0.12s
[388.168s][info][gc,start       ] GC(934) Pause Young (Concurrent Start) (G1 Evacuation Pause)
[388.168s][info][gc,task        ] GC(934) Using 2 workers of 2 for evacuation
[388.247s][info][gc,phases      ] GC(934)   Pre Evacuate Collection Set: 0.34ms
[388.247s][info][gc,phases      ] GC(934)   Merge Heap Roots: 0.33ms
[388.247s][info][gc,phases      ] GC(934)   Evacuate Collection Set: 77.09ms
[388.247s][info][gc,phases      ] GC(934)   Post Evacuate Collection Set: 0.59ms
[388.247s][info][gc,phases      ] GC(934)   Other: 0.09ms
[388.247s][info][gc,heap        ] GC(934) Eden regions: 263->0(244)
[388.247s][info][gc,heap        ] GC(934) Survivor regions: 44->34(39)
[388.247s][info][gc,heap        ] GC(934) Old regions: 551->596
[388.247s][info][gc,heap        ] GC(934) Humongous regions: 8->8
[388.247s][info][gc,metaspace   ] GC(934) Metaspace: 18915K(19136K)->18915K(19136K) NonClass: 16249K(16384K)->16249K(16384K) Class: 2666K(2752K)->2666K(2752K)
[388.247s][info][gc             ] GC(934) Pause Young (Concurrent Start) (G1 Evacuation Pause) 865M->637M(978M) 78.681ms
[388.247s][info][gc             ] GC(935) Concurrent Mark Cycle
[388.247s][info][gc,marking     ] GC(935) Concurrent Scan Root Regions
[388.249s][info][gc,cpu         ] GC(934) User=0.15s Sys=0.00s Real=0.08s
[388.321s][info][gc,marking     ] GC(935) Concurrent Scan Root Regions 74.517ms
[388.321s][info][gc,marking     ] GC(935) Concurrent Mark
[388.321s][info][gc,marking     ] GC(935) Concurrent Mark From Roots
[388.321s][info][gc,task        ] GC(935) Using 1 workers of 1 for marking
[388.946s][info][gc,start       ] GC(936) Pause Young (Normal) (G1 Evacuation Pause)
[388.946s][info][gc,task        ] GC(936) Using 2 workers of 2 for evacuation
[389.004s][info][gc,phases      ] GC(936)   Pre Evacuate Collection Set: 0.51ms
[389.004s][info][gc,phases      ] GC(936)   Merge Heap Roots: 0.24ms
[389.004s][info][gc,phases      ] GC(936)   Evacuate Collection Set: 56.15ms
[389.004s][info][gc,phases      ] GC(936)   Post Evacuate Collection Set: 0.53ms
[389.004s][info][gc,phases      ] GC(936)   Other: 0.08ms
[389.004s][info][gc,heap        ] GC(936) Eden regions: 244->0(237)
[389.004s][info][gc,heap        ] GC(936) Survivor regions: 34->16(35)
[389.004s][info][gc,heap        ] GC(936) Old regions: 596->630
[389.004s][info][gc,heap        ] GC(936) Humongous regions: 11->11
[389.004s][info][gc,metaspace   ] GC(936) Metaspace: 18915K(19136K)->18915K(19136K) NonClass: 16249K(16384K)->16249K(16384K) Class: 2666K(2752K)->2666K(2752K)
[389.004s][info][gc             ] GC(936) Pause Young (Normal) (G1 Evacuation Pause) 884M->656M(978M) 57.737ms
[389.004s][info][gc,cpu         ] GC(936) User=0.11s Sys=0.00s Real=0.06s
[389.351s][info][gc,marking     ] GC(935) Concurrent Mark From Roots 1029.459ms
[389.351s][info][gc,marking     ] GC(935) Concurrent Preclean
[389.351s][info][gc,marking     ] GC(935) Concurrent Preclean 0.041ms
[389.351s][info][gc,start       ] GC(935) Pause Remark
[389.359s][info][gc             ] GC(935) Pause Remark 761M->622M(978M) 7.656ms
[389.359s][info][gc,cpu         ] GC(935) User=0.01s Sys=0.00s Real=0.00s
[389.359s][info][gc,marking     ] GC(935) Concurrent Mark 1037.446ms
[389.359s][info][gc,marking     ] GC(935) Concurrent Rebuild Remembered Sets and Scrub Regions
[389.638s][info][gc,marking     ] GC(935) Concurrent Rebuild Remembered Sets and Scrub Regions 278.895ms
[389.638s][info][gc,start       ] GC(935) Pause Cleanup
[389.638s][info][gc             ] GC(935) Pause Cleanup 722M->722M(978M) 0.089ms
[389.638s][info][gc,cpu         ] GC(935) User=0.00s Sys=0.00s Real=0.00s
[389.638s][info][gc,marking     ] GC(935) Concurrent Clear Claimed Marks
[389.638s][info][gc,marking     ] GC(935) Concurrent Clear Claimed Marks 0.028ms
[389.638s][info][gc,marking     ] GC(935) Concurrent Cleanup for Next Mark
[389.641s][info][gc,marking     ] GC(935) Concurrent Cleanup for Next Mark 2.801ms
[389.641s][info][gc             ] GC(935) Concurrent Mark Cycle 1394.133ms
[389.690s][info][gc,start       ] GC(937) Pause Young (Prepare Mixed) (G1 Evacuation Pause)
[389.690s][info][gc,task        ] GC(937) Using 2 workers of 2 for evacuation
[389.719s][info][gc,phases      ] GC(937)   Pre Evacuate Collection Set: 0.27ms
[389.719s][info][gc,phases      ] GC(937)   Merge Heap Roots: 0.35ms
[389.719s][info][gc,phases      ] GC(937)   Evacuate Collection Set: 27.47ms
[389.719s][info][gc,phases      ] GC(937)   Post Evacuate Collection Set: 0.52ms
[389.719s][info][gc,phases      ] GC(937)   Other: 0.10ms
[389.719s][info][gc,heap        ] GC(937) Eden regions: 237->0(343)
[389.719s][info][gc,heap        ] GC(937) Survivor regions: 16->16(32)
[389.719s][info][gc,heap        ] GC(937) Old regions: 494->494
[389.719s][info][gc,heap        ] GC(937) Humongous regions: 8->8
[389.719s][info][gc,metaspace   ] GC(937) Metaspace: 18915K(19136K)->18915K(19136K) NonClass: 16249K(16384K)->16249K(16384K) Class: 2666K(2752K)->2666K(2752K)
[389.719s][info][gc             ] GC(937) Pause Young (Prepare Mixed) (G1 Evacuation Pause) 754M->517M(978M) 28.931ms
[389.719s][info][gc,cpu         ] GC(937) User=0.05s Sys=0.00s Real=0.03s
[390.214s][info][gc,start       ] GC(938) Pause Young (Mixed) (G1 Evacuation Pause)
[390.215s][info][gc,task        ] GC(938) Using 2 workers of 2 for evacuation
[390.244s][info][gc,phases      ] GC(938)   Pre Evacuate Collection Set: 0.30ms
[390.244s][info][gc,phases      ] GC(938)   Merge Heap Roots: 0.29ms
[390.245s][info][gc,phases      ] GC(938)   Evacuate Collection Set: 28.58ms
[390.245s][info][gc,phases      ] GC(938)   Post Evacuate Collection Set: 0.62ms
[390.245s][info][gc,phases      ] GC(938)   Other: 0.09ms
[390.245s][info][gc,heap        ] GC(938) Eden regions: 343->0(381)
[390.245s][info][gc,heap        ] GC(938) Survivor regions: 16->16(45)
[390.245s][info][gc,heap        ] GC(938) Old regions: 494->470
[390.245s][info][gc,heap        ] GC(938) Humongous regions: 8->8
[390.245s][info][gc,metaspace   ] GC(938) Metaspace: 18915K(19136K)->18915K(19136K) NonClass: 16249K(16384K)->16249K(16384K) Class: 2666K(2752K)->2666K(2752K)
[390.245s][info][gc             ] GC(938) Pause Young (Mixed) (G1 Evacuation Pause) 860M->493M(978M) 30.130ms
[390.245s][info][gc,cpu         ] GC(938) User=0.06s Sys=0.00s Real=0.03s
[390.715s][info][gc,start       ] GC(939) Pause Young (Concurrent Start) (G1 Evacuation Pause)
[390.715s][info][gc,task        ] GC(939) Using 2 workers of 2 for evacuation
[390.787s][info][gc,phases      ] GC(939)   Pre Evacuate Collection Set: 0.33ms
[390.787s][info][gc,phases      ] GC(939)   Merge Heap Roots: 0.37ms
[390.787s][info][gc,phases      ] GC(939)   Evacuate Collection Set: 70.52ms
[390.787s][info][gc,phases      ] GC(939)   Post Evacuate Collection Set: 0.68ms
[390.787s][info][gc,phases      ] GC(939)   Other: 0.11ms
[390.787s][info][gc,heap        ] GC(939) Eden regions: 381->0(346)
[390.787s][info][gc,heap        ] GC(939) Survivor regions: 16->50(50)
[390.787s][info][gc,heap        ] GC(939) Old regions: 470->471
[390.787s][info][gc,heap        ] GC(939) Humongous regions: 8->8
[390.787s][info][gc,metaspace   ] GC(939) Metaspace: 18915K(19136K)->18915K(19136K) NonClass: 16249K(16384K)->16249K(16384K) Class: 2666K(2752K)->2666K(2752K)
[390.787s][info][gc             ] GC(939) Pause Young (Concurrent Start) (G1 Evacuation Pause) 874M->528M(978M) 72.255ms
[390.787s][info][gc,cpu         ] GC(939) User=0.14s Sys=0.00s Real=0.07s
[390.787s][info][gc             ] GC(940) Concurrent Mark Cycle
[390.787s][info][gc,marking     ] GC(940) Concurrent Scan Root Regions
[390.885s][info][gc,marking     ] GC(940) Concurrent Scan Root Regions 97.736ms
[390.885s][info][gc,marking     ] GC(940) Concurrent Mark
[390.885s][info][gc,marking     ] GC(940) Concurrent Mark From Roots
[390.885s][info][gc,task        ] GC(940) Using 1 workers of 1 for marking
[391.442s][info][gc,start       ] GC(941) Pause Young (Normal) (G1 Evacuation Pause)
[391.442s][info][gc,task        ] GC(941) Using 2 workers of 2 for evacuation
[391.509s][info][gc,phases      ] GC(941)   Pre Evacuate Collection Set: 0.30ms
[391.509s][info][gc,phases      ] GC(941)   Merge Heap Roots: 0.33ms
[391.509s][info][gc,phases      ] GC(941)   Evacuate Collection Set: 65.81ms
[391.509s][info][gc,phases      ] GC(941)   Post Evacuate Collection Set: 0.52ms
[391.509s][info][gc,phases      ] GC(941)   Other: 0.08ms
[391.509s][info][gc,heap        ] GC(941) Eden regions: 346->0(356)
[391.509s][info][gc,heap        ] GC(941) Survivor regions: 50->6(50)
[391.509s][info][gc,heap        ] GC(941) Old regions: 471->520
[391.509s][info][gc,heap        ] GC(941) Humongous regions: 8->8
[391.509s][info][gc,metaspace   ] GC(941) Metaspace: 18915K(19136K)->18915K(19136K) NonClass: 16249K(16384K)->16249K(16384K) Class: 2666K(2752K)->2666K(2752K)
[391.509s][info][gc             ] GC(941) Pause Young (Normal) (G1 Evacuation Pause) 874M->533M(978M) 67.308ms
[391.509s][info][gc,cpu         ] GC(941) User=0.13s Sys=0.00s Real=0.06s
[392.090s][info][gc,marking     ] GC(940) Concurrent Mark From Roots 1205.185ms
[392.090s][info][gc,marking     ] GC(940) Concurrent Preclean
[392.090s][info][gc,marking     ] GC(940) Concurrent Preclean 0.035ms
[392.090s][info][gc,start       ] GC(940) Pause Remark
[392.098s][info][gc             ] GC(940) Pause Remark 862M->861M(978M) 7.662ms
[392.098s][info][gc,cpu         ] GC(940) User=0.02s Sys=0.00s Real=0.01s
[392.100s][info][gc,marking     ] GC(940) Concurrent Mark 1215.468ms
[392.100s][info][gc,marking     ] GC(940) Concurrent Rebuild Remembered Sets and Scrub Regions
[392.178s][info][gc,start       ] GC(942) Pause Young (Normal) (G1 Evacuation Pause)
[392.178s][info][gc,task        ] GC(942) Using 2 workers of 2 for evacuation
[392.243s][info][gc,phases      ] GC(942)   Pre Evacuate Collection Set: 0.44ms
[392.243s][info][gc,phases      ] GC(942)   Merge Heap Roots: 0.37ms
[392.243s][info][gc,phases      ] GC(942)   Evacuate Collection Set: 62.91ms
[392.243s][info][gc,phases      ] GC(942)   Post Evacuate Collection Set: 0.57ms
[392.243s][info][gc,phases      ] GC(942)   Other: 0.09ms
[392.243s][info][gc,heap        ] GC(942) Eden regions: 356->0(294)
[392.243s][info][gc,heap        ] GC(942) Survivor regions: 6->46(46)
[392.243s][info][gc,heap        ] GC(942) Old regions: 520->529
[392.243s][info][gc,heap        ] GC(942) Humongous regions: 7->7
[392.243s][info][gc,metaspace   ] GC(942) Metaspace: 18915K(19136K)->18915K(19136K) NonClass: 16249K(16384K)->16249K(16384K) Class: 2666K(2752K)->2666K(2752K)
[392.243s][info][gc             ] GC(942) Pause Young (Normal) (G1 Evacuation Pause) 888M->581M(978M) 64.591ms
[392.243s][info][gc,cpu         ] GC(942) User=0.13s Sys=0.00s Real=0.07s
[392.632s][info][gc,marking     ] GC(940) Concurrent Rebuild Remembered Sets and Scrub Regions 531.608ms
[392.632s][info][gc,start       ] GC(940) Pause Cleanup
[392.632s][info][gc             ] GC(940) Pause Cleanup 794M->794M(978M) 0.097ms
[392.632s][info][gc,cpu         ] GC(940) User=0.00s Sys=0.00s Real=0.00s
[392.633s][info][gc,marking     ] GC(940) Concurrent Clear Claimed Marks
[392.633s][info][gc,marking     ] GC(940) Concurrent Clear Claimed Marks 0.046ms
[392.633s][info][gc,marking     ] GC(940) Concurrent Cleanup for Next Mark
[392.638s][info][gc,marking     ] GC(940) Concurrent Cleanup for Next Mark 4.895ms
[392.638s][info][gc             ] GC(940) Concurrent Mark Cycle 1851.225ms
[392.726s][info][gc,start       ] GC(943) Pause Young (Prepare Mixed) (G1 Evacuation Pause)
[392.726s][info][gc,task        ] GC(943) Using 2 workers of 2 for evacuation
[392.783s][info][gc,phases      ] GC(943)   Pre Evacuate Collection Set: 0.31ms
[392.783s][info][gc,phases      ] GC(943)   Merge Heap Roots: 0.32ms
[392.783s][info][gc,phases      ] GC(943)   Evacuate Collection Set: 55.39ms
[392.783s][info][gc,phases      ] GC(943)   Post Evacuate Collection Set: 0.52ms
[392.783s][info][gc,phases      ] GC(943)   Other: 0.09ms
[392.783s][info][gc,heap        ] GC(943) Eden regions: 294->0(297)
[392.783s][info][gc,heap        ] GC(943) Survivor regions: 46->10(43)
[392.783s][info][gc,heap        ] GC(943) Old regions: 529->575
[392.783s][info][gc,heap        ] GC(943) Humongous regions: 7->7
[392.783s][info][gc,metaspace   ] GC(943) Metaspace: 18915K(19136K)->18915K(19136K) NonClass: 16249K(16384K)->16249K(16384K) Class: 2666K(2752K)->2666K(2752K)
[392.783s][info][gc             ] GC(943) Pause Young (Prepare Mixed) (G1 Evacuation Pause) 875M->591M(978M) 56.823ms
[392.783s][info][gc,cpu         ] GC(943) User=0.11s Sys=0.00s Real=0.06s
[393.135s][info][gc,start       ] GC(944) Pause Young (Mixed) (G1 Evacuation Pause)
[393.135s][info][gc,task        ] GC(944) Using 2 workers of 2 for evacuation
[393.172s][info][gc,phases      ] GC(944)   Pre Evacuate Collection Set: 0.31ms
[393.172s][info][gc,phases      ] GC(944)   Merge Heap Roots: 0.38ms
[393.172s][info][gc,phases      ] GC(944)   Evacuate Collection Set: 35.64ms
[393.172s][info][gc,phases      ] GC(944)   Post Evacuate Collection Set: 0.52ms
[393.172s][info][gc,phases      ] GC(944)   Other: 0.11ms
[393.172s][info][gc,heap        ] GC(944) Eden regions: 297->0(288)
[393.172s][info][gc,heap        ] GC(944) Survivor regions: 10->33(39)
[393.172s][info][gc,heap        ] GC(944) Old regions: 575->566
[393.172s][info][gc,heap        ] GC(944) Humongous regions: 7->7
[393.172s][info][gc,metaspace   ] GC(944) Metaspace: 18915K(19136K)->18915K(19136K) NonClass: 16249K(16384K)->16249K(16384K) Class: 2666K(2752K)->2666K(2752K)
[393.172s][info][gc             ] GC(944) Pause Young (Mixed) (G1 Evacuation Pause) 888M->604M(978M) 37.192ms
[393.172s][info][gc,cpu         ] GC(944) User=0.07s Sys=0.00s Real=0.04s
[393.826s][info][gc,start       ] GC(945) Pause Young (Concurrent Start) (G1 Evacuation Pause)
[393.826s][info][gc,task        ] GC(945) Using 2 workers of 2 for evacuation
[393.865s][info][gc,phases      ] GC(945)   Pre Evacuate Collection Set: 0.35ms
[393.865s][info][gc,phases      ] GC(945)   Merge Heap Roots: 0.25ms
[393.865s][info][gc,phases      ] GC(945)   Evacuate Collection Set: 37.74ms
[393.865s][info][gc,phases      ] GC(945)   Post Evacuate Collection Set: 0.52ms
[393.865s][info][gc,phases      ] GC(945)   Other: 0.22ms
[393.865s][info][gc,heap        ] GC(945) Eden regions: 288->0(295)
[393.865s][info][gc,heap        ] GC(945) Survivor regions: 33->5(41)
[393.865s][info][gc,heap        ] GC(945) Old regions: 566->598
[393.865s][info][gc,heap        ] GC(945) Humongous regions: 7->7
[393.865s][info][gc,metaspace   ] GC(945) Metaspace: 18915K(19136K)->18915K(19136K) NonClass: 16249K(16384K)->16249K(16384K) Class: 2666K(2752K)->2666K(2752K)
[393.865s][info][gc             ] GC(945) Pause Young (Concurrent Start) (G1 Evacuation Pause) 892M->609M(978M) 39.314ms
[393.865s][info][gc             ] GC(946) Concurrent Mark Cycle
[393.865s][info][gc,marking     ] GC(946) Concurrent Scan Root Regions
[393.866s][info][gc,cpu         ] GC(945) User=0.08s Sys=0.00s Real=0.04s
[393.930s][info][gc,marking     ] GC(946) Concurrent Scan Root Regions 65.051ms
[393.930s][info][gc,marking     ] GC(946) Concurrent Mark
[393.930s][info][gc,marking     ] GC(946) Concurrent Mark From Roots
[393.930s][info][gc,task        ] GC(946) Using 1 workers of 1 for marking
[394.970s][info][gc,start       ] GC(947) Pause Young (Normal) (G1 Evacuation Pause)
[394.970s][info][gc,task        ] GC(947) Using 2 workers of 2 for evacuation
[394.976s][info][gc,phases      ] GC(947)   Pre Evacuate Collection Set: 0.30ms
[394.976s][info][gc,phases      ] GC(947)   Merge Heap Roots: 0.13ms
[394.976s][info][gc,phases      ] GC(947)   Evacuate Collection Set: 5.11ms
[394.976s][info][gc,phases      ] GC(947)   Post Evacuate Collection Set: 0.45ms
[394.976s][info][gc,phases      ] GC(947)   Other: 0.10ms
[394.976s][info][gc,heap        ] GC(947) Eden regions: 295->0(306)
[394.976s][info][gc,heap        ] GC(947) Survivor regions: 5->5(38)
[394.976s][info][gc,heap        ] GC(947) Old regions: 598->598
[394.976s][info][gc,heap        ] GC(947) Humongous regions: 7->7
[394.976s][info][gc,metaspace   ] GC(947) Metaspace: 18915K(19136K)->18915K(19136K) NonClass: 16249K(16384K)->16249K(16384K) Class: 2666K(2752K)->2666K(2752K)
[394.976s][info][gc             ] GC(947) Pause Young (Normal) (G1 Evacuation Pause) 904M->609M(978M) 6.307ms
[394.976s][info][gc,cpu         ] GC(947) User=0.01s Sys=0.00s Real=0.01s
[395.187s][info][gc,marking     ] GC(946) Concurrent Mark From Roots 1257.001ms
[395.187s][info][gc,marking     ] GC(946) Concurrent Preclean
[395.187s][info][gc,marking     ] GC(946) Concurrent Preclean 0.043ms
[395.187s][info][gc,start       ] GC(946) Pause Remark
[395.275s][info][gc             ] GC(946) Pause Remark 671M->671M(978M) 87.785ms
[395.275s][info][gc,cpu         ] GC(946) User=0.18s Sys=0.00s Real=0.09s
[395.275s][info][gc,marking     ] GC(946) Concurrent Mark 1345.148ms
[395.275s][info][gc,marking     ] GC(946) Concurrent Rebuild Remembered Sets and Scrub Regions
[395.645s][info][gc,start       ] GC(948) Pause Young (Normal) (G1 Evacuation Pause)
[395.645s][info][gc,task        ] GC(948) Using 2 workers of 2 for evacuation
[395.715s][info][gc,phases      ] GC(948)   Pre Evacuate Collection Set: 0.47ms
[395.715s][info][gc,phases      ] GC(948)   Merge Heap Roots: 0.22ms
[395.715s][info][gc,phases      ] GC(948)   Evacuate Collection Set: 65.59ms
[395.715s][info][gc,phases      ] GC(948)   Post Evacuate Collection Set: 3.50ms
[395.715s][info][gc,phases      ] GC(948)   Other: 0.07ms
[395.715s][info][gc,heap        ] GC(948) Eden regions: 306->0(187)
[395.715s][info][gc,heap        ] GC(948) Survivor regions: 5->39(39)
[395.715s][info][gc,heap        ] GC(948) Old regions: 598->656
[395.715s][info][gc,heap        ] GC(948) Humongous regions: 7->7
[395.715s][info][gc,metaspace   ] GC(948) Metaspace: 18915K(19136K)->18915K(19136K) NonClass: 16249K(16384K)->16249K(16384K) Class: 2666K(2752K)->2666K(2752K)
[395.715s][info][gc             ] GC(948) Pause Young (Normal) (G1 Evacuation Pause) (Evacuation Failure: Allocation) 915M->701M(978M) 70.064ms
[395.715s][info][gc,cpu         ] GC(948) User=0.14s Sys=0.00s Real=0.07s
[396.031s][info][gc,marking     ] GC(946) Concurrent Rebuild Remembered Sets and Scrub Regions 755.857ms
[396.033s][info][gc,start       ] GC(946) Pause Cleanup
[396.033s][info][gc             ] GC(946) Pause Cleanup 853M->853M(978M) 0.116ms
[396.033s][info][gc,cpu         ] GC(946) User=0.00s Sys=0.00s Real=0.00s
[396.033s][info][gc,marking     ] GC(946) Concurrent Clear Claimed Marks
[396.033s][info][gc,marking     ] GC(946) Concurrent Clear Claimed Marks 0.028ms
[396.033s][info][gc,marking     ] GC(946) Concurrent Cleanup for Next Mark
[396.040s][info][gc,marking     ] GC(946) Concurrent Cleanup for Next Mark 7.545ms
[396.040s][info][gc             ] GC(946) Concurrent Mark Cycle 2175.408ms
[396.109s][info][gc,start       ] GC(949) Pause Young (Prepare Mixed) (G1 Evacuation Pause)
[396.109s][info][gc,task        ] GC(949) Using 2 workers of 2 for evacuation
[396.171s][info][gc,phases      ] GC(949)   Pre Evacuate Collection Set: 0.50ms
[396.171s][info][gc,phases      ] GC(949)   Merge Heap Roots: 0.36ms
[396.171s][info][gc,phases      ] GC(949)   Evacuate Collection Set: 60.26ms
[396.171s][info][gc,phases      ] GC(949)   Post Evacuate Collection Set: 0.68ms
[396.171s][info][gc,phases      ] GC(949)   Other: 0.11ms
[396.171s][info][gc,heap        ] GC(949) Eden regions: 187->0(218)
[396.171s][info][gc,heap        ] GC(949) Survivor regions: 39->7(29)
[396.171s][info][gc,heap        ] GC(949) Old regions: 656->671
[396.171s][info][gc,heap        ] GC(949) Humongous regions: 7->7
[396.171s][info][gc,metaspace   ] GC(949) Metaspace: 18915K(19136K)->18915K(19136K) NonClass: 16249K(16384K)->16249K(16384K) Class: 2666K(2752K)->2666K(2752K)
[396.171s][info][gc             ] GC(949) Pause Young (Prepare Mixed) (G1 Evacuation Pause) 888M->684M(978M) 62.132ms
[396.171s][info][gc,cpu         ] GC(949) User=0.12s Sys=0.00s Real=0.06s
[396.541s][info][gc,start       ] GC(950) Pause Young (Mixed) (G1 Evacuation Pause)
[396.541s][info][gc,task        ] GC(950) Using 2 workers of 2 for evacuation
[396.598s][info][gc,phases      ] GC(950)   Pre Evacuate Collection Set: 0.32ms
[396.598s][info][gc,phases      ] GC(950)   Merge Heap Roots: 0.69ms
[396.598s][info][gc,phases      ] GC(950)   Evacuate Collection Set: 55.06ms
[396.598s][info][gc,phases      ] GC(950)   Post Evacuate Collection Set: 0.65ms
[396.598s][info][gc,phases      ] GC(950)   Other: 0.11ms
[396.598s][info][gc,heap        ] GC(950) Eden regions: 218->0(78)
[396.598s][info][gc,heap        ] GC(950) Survivor regions: 7->20(29)
[396.598s][info][gc,heap        ] GC(950) Old regions: 671->664
[396.598s][info][gc,heap        ] GC(950) Humongous regions: 10->10
[396.598s][info][gc,metaspace   ] GC(950) Metaspace: 18915K(19136K)->18915K(19136K) NonClass: 16249K(16384K)->16249K(16384K) Class: 2666K(2752K)->2666K(2752K)
[396.598s][info][gc             ] GC(950) Pause Young (Mixed) (G1 Evacuation Pause) 905M->693M(978M) 57.056ms
[396.598s][info][gc,cpu         ] GC(950) User=0.11s Sys=0.00s Real=0.05s
[396.763s][info][gc,start       ] GC(951) Pause Young (Mixed) (G1 Evacuation Pause)
[396.763s][info][gc,task        ] GC(951) Using 2 workers of 2 for evacuation
[396.940s][info][gc,phases      ] GC(951)   Pre Evacuate Collection Set: 0.31ms
[396.941s][info][gc,phases      ] GC(951)   Merge Heap Roots: 0.78ms
[396.941s][info][gc,phases      ] GC(951)   Evacuate Collection Set: 175.96ms
[396.941s][info][gc,phases      ] GC(951)   Post Evacuate Collection Set: 0.59ms
[396.941s][info][gc,phases      ] GC(951)   Other: 0.07ms
[396.941s][info][gc,heap        ] GC(951) Eden regions: 76->0(217)
[396.941s][info][gc,heap        ] GC(951) Survivor regions: 20->1(12)
[396.941s][info][gc,heap        ] GC(951) Old regions: 664->683
[396.941s][info][gc,heap        ] GC(951) Humongous regions: 10->10
[396.941s][info][gc,metaspace   ] GC(951) Metaspace: 18915K(19136K)->18915K(19136K) NonClass: 16249K(16384K)->16249K(16384K) Class: 2666K(2752K)->2666K(2752K)
[396.941s][info][gc             ] GC(951) Pause Young (Mixed) (G1 Evacuation Pause) 769M->693M(978M) 177.943ms
[396.941s][info][gc,cpu         ] GC(951) User=0.35s Sys=0.01s Real=0.17s
[397.277s][info][gc,start       ] GC(952) Pause Young (Concurrent Start) (G1 Evacuation Pause)
[397.277s][info][gc,task        ] GC(952) Using 2 workers of 2 for evacuation
[397.291s][info][gc,phases      ] GC(952)   Pre Evacuate Collection Set: 0.32ms
[397.291s][info][gc,phases      ] GC(952)   Merge Heap Roots: 0.08ms
[397.291s][info][gc,phases      ] GC(952)   Evacuate Collection Set: 13.04ms
[397.291s][info][gc,phases      ] GC(952)   Post Evacuate Collection Set: 0.45ms
[397.291s][info][gc,phases      ] GC(952)   Other: 0.10ms
[397.291s][info][gc,heap        ] GC(952) Eden regions: 217->0(205)
[397.291s][info][gc,heap        ] GC(952) Survivor regions: 1->15(28)
[397.291s][info][gc,heap        ] GC(952) Old regions: 683->683
[397.291s][info][gc,heap        ] GC(952) Humongous regions: 10->10
[397.291s][info][gc,metaspace   ] GC(952) Metaspace: 18915K(19136K)->18915K(19136K) NonClass: 16249K(16384K)->16249K(16384K) Class: 2666K(2752K)->2666K(2752K)
[397.291s][info][gc             ] GC(952) Pause Young (Concurrent Start) (G1 Evacuation Pause) 910M->707M(978M) 14.170ms
[397.291s][info][gc,cpu         ] GC(952) User=0.03s Sys=0.00s Real=0.01s
[397.291s][info][gc             ] GC(953) Concurrent Mark Cycle
[397.291s][info][gc,marking     ] GC(953) Concurrent Scan Root Regions
[397.307s][info][gc,marking     ] GC(953) Concurrent Scan Root Regions 16.143ms
[397.307s][info][gc,marking     ] GC(953) Concurrent Mark
[397.307s][info][gc,marking     ] GC(953) Concurrent Mark From Roots
[397.307s][info][gc,task        ] GC(953) Using 1 workers of 1 for marking
[397.636s][info][gc,start       ] GC(954) Pause Young (Normal) (G1 Evacuation Pause)
[397.636s][info][gc,task        ] GC(954) Using 2 workers of 2 for evacuation
[397.701s][info][gc,phases      ] GC(954)   Pre Evacuate Collection Set: 0.27ms
[397.701s][info][gc,phases      ] GC(954)   Merge Heap Roots: 0.09ms
[397.701s][info][gc,phases      ] GC(954)   Evacuate Collection Set: 62.13ms
[397.701s][info][gc,phases      ] GC(954)   Post Evacuate Collection Set: 3.18ms
[397.701s][info][gc,phases      ] GC(954)   Other: 0.09ms
[397.701s][info][gc,heap        ] GC(954) Eden regions: 205->0(104)
[397.701s][info][gc,heap        ] GC(954) Survivor regions: 15->28(28)
[397.701s][info][gc,heap        ] GC(954) Old regions: 683->758
[397.701s][info][gc,heap        ] GC(954) Humongous regions: 10->10
[397.701s][info][gc,metaspace   ] GC(954) Metaspace: 18915K(19136K)->18915K(19136K) NonClass: 16249K(16384K)->16249K(16384K) Class: 2666K(2752K)->2666K(2752K)
[397.701s][info][gc             ] GC(954) Pause Young (Normal) (G1 Evacuation Pause) (Evacuation Failure: Allocation) 912M->795M(978M) 65.954ms
[397.701s][info][gc,cpu         ] GC(954) User=0.13s Sys=0.00s Real=0.07s
[397.989s][info][gc,start       ] GC(955) Pause Young (Normal) (G1 Evacuation Pause)
[397.989s][info][gc,task        ] GC(955) Using 2 workers of 2 for evacuation
[398.028s][info][gc,phases      ] GC(955)   Pre Evacuate Collection Set: 0.30ms
[398.028s][info][gc,phases      ] GC(955)   Merge Heap Roots: 0.31ms
[398.028s][info][gc,phases      ] GC(955)   Evacuate Collection Set: 37.61ms
[398.028s][info][gc,phases      ] GC(955)   Post Evacuate Collection Set: 0.38ms
[398.028s][info][gc,phases      ] GC(955)   Other: 0.12ms
[398.028s][info][gc,heap        ] GC(955) Eden regions: 104->0(148)
[398.028s][info][gc,heap        ] GC(955) Survivor regions: 28->4(17)
[398.028s][info][gc,heap        ] GC(955) Old regions: 758->758
[398.028s][info][gc,heap        ] GC(955) Humongous regions: 10->10
[398.028s][info][gc,metaspace   ] GC(955) Metaspace: 18915K(19136K)->18915K(19136K) NonClass: 16249K(16384K)->16249K(16384K) Class: 2666K(2752K)->2666K(2752K)
[398.028s][info][gc             ] GC(955) Pause Young (Normal) (G1 Evacuation Pause) 899M->771M(978M) 38.926ms
[398.028s][info][gc,cpu         ] GC(955) User=0.08s Sys=0.00s Real=0.04s
[398.256s][info][gc,marking     ] GC(953) Concurrent Mark From Roots 948.800ms
[398.256s][info][gc,marking     ] GC(953) Concurrent Preclean
[398.256s][info][gc,marking     ] GC(953) Concurrent Preclean 0.041ms
[398.256s][info][gc,start       ] GC(953) Pause Remark
[398.264s][info][gc             ] GC(953) Pause Remark 888M->603M(978M) 7.781ms
[398.264s][info][gc,cpu         ] GC(953) User=0.01s Sys=0.00s Real=0.01s
[398.267s][info][gc,marking     ] GC(953) Concurrent Mark 959.989ms
[398.267s][info][gc,marking     ] GC(953) Concurrent Rebuild Remembered Sets and Scrub Regions
[398.314s][info][gc,start       ] GC(956) Pause Young (Normal) (G1 Evacuation Pause)
[398.314s][info][gc,task        ] GC(956) Using 2 workers of 2 for evacuation
[398.320s][info][gc,phases      ] GC(956)   Pre Evacuate Collection Set: 0.43ms
[398.320s][info][gc,phases      ] GC(956)   Merge Heap Roots: 0.11ms
[398.320s][info][gc,phases      ] GC(956)   Evacuate Collection Set: 4.90ms
[398.320s][info][gc,phases      ] GC(956)   Post Evacuate Collection Set: 0.34ms
[398.320s][info][gc,phases      ] GC(956)   Other: 0.08ms
[398.320s][info][gc,heap        ] GC(956) Eden regions: 148->0(372)
[398.320s][info][gc,heap        ] GC(956) Survivor regions: 4->4(19)
[398.320s][info][gc,heap        ] GC(956) Old regions: 479->479
[398.320s][info][gc,heap        ] GC(956) Humongous regions: 4->4
[398.320s][info][gc,metaspace   ] GC(956) Metaspace: 18915K(19136K)->18915K(19136K) NonClass: 16249K(16384K)->16249K(16384K) Class: 2666K(2752K)->2666K(2752K)
[398.320s][info][gc             ] GC(956) Pause Young (Normal) (G1 Evacuation Pause) 634M->486M(978M) 6.022ms
[398.320s][info][gc,cpu         ] GC(956) User=0.01s Sys=0.00s Real=0.00s
[398.590s][info][gc,marking     ] GC(953) Concurrent Rebuild Remembered Sets and Scrub Regions 322.569ms
[398.590s][info][gc,start       ] GC(953) Pause Cleanup
[398.590s][info][gc             ] GC(953) Pause Cleanup 658M->658M(978M) 0.135ms
[398.590s][info][gc,cpu         ] GC(953) User=0.00s Sys=0.00s Real=0.00s
[398.590s][info][gc,marking     ] GC(953) Concurrent Clear Claimed Marks
[398.590s][info][gc,marking     ] GC(953) Concurrent Clear Claimed Marks 0.028ms
[398.590s][info][gc,marking     ] GC(953) Concurrent Cleanup for Next Mark
[398.593s][info][gc,marking     ] GC(953) Concurrent Cleanup for Next Mark 2.811ms
[398.593s][info][gc             ] GC(953) Concurrent Mark Cycle 1302.070ms
[398.808s][info][gc,start       ] GC(957) Pause Young (Prepare Mixed) (G1 Evacuation Pause)
[398.809s][info][gc,task        ] GC(957) Using 2 workers of 2 for evacuation
[398.816s][info][gc,phases      ] GC(957)   Pre Evacuate Collection Set: 0.49ms
[398.816s][info][gc,phases      ] GC(957)   Merge Heap Roots: 0.20ms
[398.816s][info][gc,phases      ] GC(957)   Evacuate Collection Set: 6.23ms
[398.816s][info][gc,phases      ] GC(957)   Post Evacuate Collection Set: 0.54ms
[398.816s][info][gc,phases      ] GC(957)   Other: 0.08ms
[398.816s][info][gc,heap        ] GC(957) Eden regions: 372->0(392)
[398.816s][info][gc,heap        ] GC(957) Survivor regions: 4->4(47)
[398.816s][info][gc,heap        ] GC(957) Old regions: 479->479
[398.816s][info][gc,heap        ] GC(957) Humongous regions: 4->4
[398.816s][info][gc,metaspace   ] GC(957) Metaspace: 18915K(19136K)->18915K(19136K) NonClass: 16249K(16384K)->16249K(16384K) Class: 2666K(2752K)->2666K(2752K)
[398.816s][info][gc             ] GC(957) Pause Young (Prepare Mixed) (G1 Evacuation Pause) 858M->486M(978M) 7.763ms
[398.816s][info][gc,cpu         ] GC(957) User=0.02s Sys=0.00s Real=0.01s
[399.226s][info][gc,start       ] GC(958) Pause Young (Mixed) (G1 Evacuation Pause)
[399.226s][info][gc,task        ] GC(958) Using 2 workers of 2 for evacuation
[399.254s][info][gc,phases      ] GC(958)   Pre Evacuate Collection Set: 0.32ms
[399.254s][info][gc,phases      ] GC(958)   Merge Heap Roots: 0.36ms
[399.254s][info][gc,phases      ] GC(958)   Evacuate Collection Set: 26.00ms
[399.254s][info][gc,phases      ] GC(958)   Post Evacuate Collection Set: 0.69ms
[399.254s][info][gc,phases      ] GC(958)   Other: 0.10ms
[399.254s][info][gc,heap        ] GC(958) Eden regions: 392->0(468)
[399.254s][info][gc,heap        ] GC(958) Survivor regions: 4->15(50)
[399.254s][info][gc,heap        ] GC(958) Old regions: 479->383
[399.254s][info][gc,heap        ] GC(958) Humongous regions: 4->4
[399.254s][info][gc,metaspace   ] GC(958) Metaspace: 18915K(19136K)->18915K(19136K) NonClass: 16249K(16384K)->16249K(16384K) Class: 2666K(2752K)->2666K(2752K)
[399.254s][info][gc             ] GC(958) Pause Young (Mixed) (G1 Evacuation Pause) 878M->401M(978M) 27.674ms
[399.254s][info][gc,cpu         ] GC(958) User=0.06s Sys=0.00s Real=0.03s
[399.648s][info][gc,start       ] GC(959) Pause Young (Mixed) (G1 Evacuation Pause)
[399.648s][info][gc,task        ] GC(959) Using 2 workers of 2 for evacuation
[399.732s][info][gc,phases      ] GC(959)   Pre Evacuate Collection Set: 0.30ms
[399.732s][info][gc,phases      ] GC(959)   Merge Heap Roots: 0.55ms
[399.732s][info][gc,phases      ] GC(959)   Evacuate Collection Set: 81.67ms
[399.732s][info][gc,phases      ] GC(959)   Post Evacuate Collection Set: 0.81ms
[399.732s][info][gc,phases      ] GC(959)   Other: 0.11ms
[399.732s][info][gc,heap        ] GC(959) Eden regions: 468->0(424)
[399.732s][info][gc,heap        ] GC(959) Survivor regions: 15->58(61)
[399.732s][info][gc,heap        ] GC(959) Old regions: 383->380
[399.732s][info][gc,heap        ] GC(959) Humongous regions: 7->7
[399.732s][info][gc,metaspace   ] GC(959) Metaspace: 18915K(19136K)->18915K(19136K) NonClass: 16249K(16384K)->16249K(16384K) Class: 2666K(2752K)->2666K(2752K)
[399.732s][info][gc             ] GC(959) Pause Young (Mixed) (G1 Evacuation Pause) 872M->444M(978M) 83.683ms
[399.732s][info][gc,cpu         ] GC(959) User=0.16s Sys=0.00s Real=0.09s
[400.144s][info][gc,start       ] GC(960) Pause Young (Concurrent Start) (G1 Evacuation Pause)
[400.144s][info][gc,task        ] GC(960) Using 2 workers of 2 for evacuation
[400.245s][info][gc,phases      ] GC(960)   Pre Evacuate Collection Set: 0.31ms
[400.245s][info][gc,phases      ] GC(960)   Merge Heap Roots: 0.49ms
[400.245s][info][gc,phases      ] GC(960)   Evacuate Collection Set: 99.60ms
[400.245s][info][gc,phases      ] GC(960)   Post Evacuate Collection Set: 0.67ms
[400.245s][info][gc,phases      ] GC(960)   Other: 0.12ms
[400.245s][info][gc,heap        ] GC(960) Eden regions: 424->0(404)
[400.245s][info][gc,heap        ] GC(960) Survivor regions: 58->27(61)
[400.245s][info][gc,heap        ] GC(960) Old regions: 380->437
[400.245s][info][gc,heap        ] GC(960) Humongous regions: 7->7
[400.245s][info][gc,metaspace   ] GC(960) Metaspace: 18917K(19136K)->18917K(19136K) NonClass: 16251K(16384K)->16251K(16384K) Class: 2666K(2752K)->2666K(2752K)
[400.245s][info][gc             ] GC(960) Pause Young (Concurrent Start) (G1 Evacuation Pause) 868M->470M(978M) 101.418ms
[400.246s][info][gc             ] GC(961) Concurrent Mark Cycle
[400.246s][info][gc,marking     ] GC(961) Concurrent Scan Root Regions
[400.248s][info][gc,cpu         ] GC(960) User=0.21s Sys=0.00s Real=0.10s
[400.353s][info][gc,marking     ] GC(961) Concurrent Scan Root Regions 107.542ms
[400.353s][info][gc,marking     ] GC(961) Concurrent Mark
[400.353s][info][gc,marking     ] GC(961) Concurrent Mark From Roots
[400.353s][info][gc,task        ] GC(961) Using 1 workers of 1 for marking
[400.825s][info][gc,marking     ] GC(961) Concurrent Mark From Roots 471.988ms
[400.825s][info][gc,marking     ] GC(961) Concurrent Preclean
[400.825s][info][gc,marking     ] GC(961) Concurrent Preclean 0.039ms
[400.825s][info][gc,start       ] GC(961) Pause Remark
[400.833s][info][gc             ] GC(961) Pause Remark 601M->481M(978M) 8.116ms
[400.834s][info][gc,cpu         ] GC(961) User=0.02s Sys=0.00s Real=0.01s
[400.834s][info][gc,marking     ] GC(961) Concurrent Mark 480.439ms
[400.834s][info][gc,marking     ] GC(961) Concurrent Rebuild Remembered Sets and Scrub Regions
[401.006s][info][gc,marking     ] GC(961) Concurrent Rebuild Remembered Sets and Scrub Regions 172.666ms
[401.006s][info][gc,start       ] GC(961) Pause Cleanup
[401.007s][info][gc             ] GC(961) Pause Cleanup 540M->540M(978M) 0.096ms
[401.007s][info][gc,cpu         ] GC(961) User=0.00s Sys=0.00s Real=0.00s
[401.007s][info][gc,marking     ] GC(961) Concurrent Clear Claimed Marks
[401.007s][info][gc,marking     ] GC(961) Concurrent Clear Claimed Marks 0.029ms
[401.007s][info][gc,marking     ] GC(961) Concurrent Cleanup for Next Mark
[401.009s][info][gc,marking     ] GC(961) Concurrent Cleanup for Next Mark 2.852ms
[401.009s][info][gc             ] GC(961) Concurrent Mark Cycle 763.974ms
[401.394s][info][gc,start       ] GC(962) Pause Young (Prepare Mixed) (G1 Evacuation Pause)
[401.394s][info][gc,task        ] GC(962) Using 2 workers of 2 for evacuation
[401.424s][info][gc,phases      ] GC(962)   Pre Evacuate Collection Set: 0.31ms
[401.424s][info][gc,phases      ] GC(962)   Merge Heap Roots: 0.28ms
[401.424s][info][gc,phases      ] GC(962)   Evacuate Collection Set: 28.85ms
[401.424s][info][gc,phases      ] GC(962)   Post Evacuate Collection Set: 0.62ms
[401.424s][info][gc,phases      ] GC(962)   Other: 0.12ms
[401.424s][info][gc,heap        ] GC(962) Eden regions: 404->0(524)
[401.424s][info][gc,heap        ] GC(962) Survivor regions: 27->27(54)
[401.424s][info][gc,heap        ] GC(962) Old regions: 320->320
[401.424s][info][gc,heap        ] GC(962) Humongous regions: 4->4
[401.424s][info][gc,metaspace   ] GC(962) Metaspace: 18917K(19136K)->18917K(19136K) NonClass: 16251K(16384K)->16251K(16384K) Class: 2666K(2752K)->2666K(2752K)
[401.424s][info][gc             ] GC(962) Pause Young (Prepare Mixed) (G1 Evacuation Pause) 754M->350M(978M) 30.413ms
[401.424s][info][gc,cpu         ] GC(962) User=0.06s Sys=0.00s Real=0.03s
[402.019s][info][gc,start       ] GC(963) Pause Young (Mixed) (G1 Evacuation Pause)
[402.019s][info][gc,task        ] GC(963) Using 2 workers of 2 for evacuation
[402.099s][info][gc,phases      ] GC(963)   Pre Evacuate Collection Set: 0.33ms
[402.099s][info][gc,phases      ] GC(963)   Merge Heap Roots: 0.43ms
[402.099s][info][gc,phases      ] GC(963)   Evacuate Collection Set: 78.41ms
[402.099s][info][gc,phases      ] GC(963)   Post Evacuate Collection Set: 0.77ms
[402.099s][info][gc,phases      ] GC(963)   Other: 0.11ms
[402.099s][info][gc,heap        ] GC(963) Eden regions: 524->0(498)
[402.099s][info][gc,heap        ] GC(963) Survivor regions: 27->69(69)
[402.099s][info][gc,heap        ] GC(963) Old regions: 320->288
[402.099s][info][gc,heap        ] GC(963) Humongous regions: 4->4
[402.099s][info][gc,metaspace   ] GC(963) Metaspace: 18917K(19136K)->18917K(19136K) NonClass: 16251K(16384K)->16251K(16384K) Class: 2666K(2752K)->2666K(2752K)
[402.099s][info][gc             ] GC(963) Pause Young (Mixed) (G1 Evacuation Pause) 874M->360M(978M) 80.280ms
[402.099s][info][gc,cpu         ] GC(963) User=0.16s Sys=0.00s Real=0.08s
[402.606s][info][gc,start       ] GC(964) Pause Young (Concurrent Start) (G1 Evacuation Pause)
[402.606s][info][gc,task        ] GC(964) Using 2 workers of 2 for evacuation
[402.693s][info][gc,phases      ] GC(964)   Pre Evacuate Collection Set: 0.30ms
[402.693s][info][gc,phases      ] GC(964)   Merge Heap Roots: 0.31ms
[402.693s][info][gc,phases      ] GC(964)   Evacuate Collection Set: 86.04ms
[402.693s][info][gc,phases      ] GC(964)   Post Evacuate Collection Set: 0.73ms
[402.693s][info][gc,phases      ] GC(964)   Other: 0.13ms
[402.693s][info][gc,heap        ] GC(964) Eden regions: 498->0(489)
[402.693s][info][gc,heap        ] GC(964) Survivor regions: 69->20(71)
[402.693s][info][gc,heap        ] GC(964) Old regions: 288->357
[402.693s][info][gc,heap        ] GC(964) Humongous regions: 4->4
[402.693s][info][gc,metaspace   ] GC(964) Metaspace: 18917K(19136K)->18917K(19136K) NonClass: 16251K(16384K)->16251K(16384K) Class: 2666K(2752K)->2666K(2752K)
[402.693s][info][gc             ] GC(964) Pause Young (Concurrent Start) (G1 Evacuation Pause) 858M->379M(978M) 87.775ms
[402.693s][info][gc,cpu         ] GC(964) User=0.18s Sys=0.00s Real=0.09s
[402.693s][info][gc             ] GC(965) Concurrent Mark Cycle
[402.693s][info][gc,marking     ] GC(965) Concurrent Scan Root Regions
[402.858s][info][gc,marking     ] GC(965) Concurrent Scan Root Regions 164.529ms
[402.858s][info][gc,marking     ] GC(965) Concurrent Mark
[402.858s][info][gc,marking     ] GC(965) Concurrent Mark From Roots
[402.858s][info][gc,task        ] GC(965) Using 1 workers of 1 for marking
[403.570s][info][gc,marking     ] GC(965) Concurrent Mark From Roots 711.536ms
[403.570s][info][gc,marking     ] GC(965) Concurrent Preclean
[403.570s][info][gc,marking     ] GC(965) Concurrent Preclean 0.038ms
[403.570s][info][gc,start       ] GC(965) Pause Remark
[403.578s][info][gc             ] GC(965) Pause Remark 593M->593M(978M) 7.942ms
[403.578s][info][gc,cpu         ] GC(965) User=0.01s Sys=0.00s Real=0.01s
[403.578s][info][gc,marking     ] GC(965) Concurrent Mark 719.820ms
[403.578s][info][gc,marking     ] GC(965) Concurrent Rebuild Remembered Sets and Scrub Regions
[403.808s][info][gc,marking     ] GC(965) Concurrent Rebuild Remembered Sets and Scrub Regions 230.566ms
[403.809s][info][gc,start       ] GC(965) Pause Cleanup
[403.809s][info][gc             ] GC(965) Pause Cleanup 645M->645M(978M) 0.091ms
[403.809s][info][gc,cpu         ] GC(965) User=0.00s Sys=0.00s Real=0.00s
[403.809s][info][gc,marking     ] GC(965) Concurrent Clear Claimed Marks
[403.809s][info][gc,marking     ] GC(965) Concurrent Clear Claimed Marks 0.029ms
[403.809s][info][gc,marking     ] GC(965) Concurrent Cleanup for Next Mark
[403.812s][info][gc,marking     ] GC(965) Concurrent Cleanup for Next Mark 2.857ms
[403.812s][info][gc             ] GC(965) Concurrent Mark Cycle 1118.329ms
[403.978s][info][gc,start       ] GC(966) Pause Young (Prepare Mixed) (G1 Evacuation Pause)
[403.978s][info][gc,task        ] GC(966) Using 2 workers of 2 for evacuation
[404.079s][info][gc,phases      ] GC(966)   Pre Evacuate Collection Set: 0.30ms
[404.079s][info][gc,phases      ] GC(966)   Merge Heap Roots: 0.31ms
[404.079s][info][gc,phases      ] GC(966)   Evacuate Collection Set: 99.34ms
[404.079s][info][gc,phases      ] GC(966)   Post Evacuate Collection Set: 0.94ms
[404.079s][info][gc,phases      ] GC(966)   Other: 0.11ms
[404.079s][info][gc,heap        ] GC(966) Eden regions: 489->0(378)
[404.079s][info][gc,heap        ] GC(966) Survivor regions: 20->64(64)
[404.079s][info][gc,heap        ] GC(966) Old regions: 357->393
[404.079s][info][gc,heap        ] GC(966) Humongous regions: 4->4
[404.079s][info][gc,metaspace   ] GC(966) Metaspace: 18917K(19136K)->18917K(19136K) NonClass: 16251K(16384K)->16251K(16384K) Class: 2666K(2752K)->2666K(2752K)
[404.079s][info][gc             ] GC(966) Pause Young (Prepare Mixed) (G1 Evacuation Pause) 868M->460M(978M) 101.244ms
[404.079s][info][gc,cpu         ] GC(966) User=0.20s Sys=0.00s Real=0.10s
[404.708s][info][gc,start       ] GC(967) Pause Young (Mixed) (G1 Evacuation Pause)
[404.708s][info][gc,task        ] GC(967) Using 2 workers of 2 for evacuation
[404.834s][info][gc,phases      ] GC(967)   Pre Evacuate Collection Set: 0.52ms
[404.834s][info][gc,phases      ] GC(967)   Merge Heap Roots: 0.50ms
[404.835s][info][gc,phases      ] GC(967)   Evacuate Collection Set: 124.89ms
[404.835s][info][gc,phases      ] GC(967)   Post Evacuate Collection Set: 0.64ms
[404.835s][info][gc,phases      ] GC(967)   Other: 0.09ms
[404.835s][info][gc,heap        ] GC(967) Eden regions: 369->0(321)
[404.835s][info][gc,heap        ] GC(967) Survivor regions: 64->55(55)
[404.835s][info][gc,heap        ] GC(967) Old regions: 393->461
[404.835s][info][gc,heap        ] GC(967) Humongous regions: 4->4
[404.835s][info][gc,metaspace   ] GC(967) Metaspace: 18917K(19136K)->18917K(19136K) NonClass: 16251K(16384K)->16251K(16384K) Class: 2666K(2752K)->2666K(2752K)
[404.835s][info][gc             ] GC(967) Pause Young (Mixed) (G1 Evacuation Pause) 829M->519M(978M) 126.908ms
[404.835s][info][gc,cpu         ] GC(967) User=0.25s Sys=0.00s Real=0.13s
[405.165s][info][gc,start       ] GC(968) Pause Young (Mixed) (G1 Evacuation Pause)
[405.165s][info][gc,task        ] GC(968) Using 2 workers of 2 for evacuation
[405.337s][info][gc,phases      ] GC(968)   Pre Evacuate Collection Set: 0.31ms
[405.337s][info][gc,phases      ] GC(968)   Merge Heap Roots: 0.48ms
[405.337s][info][gc,phases      ] GC(968)   Evacuate Collection Set: 164.30ms
[405.337s][info][gc,phases      ] GC(968)   Post Evacuate Collection Set: 7.41ms
[405.338s][info][gc,phases      ] GC(968)   Other: 0.09ms
[405.338s][info][gc,heap        ] GC(968) Eden regions: 321->0(184)
[405.338s][info][gc,heap        ] GC(968) Survivor regions: 55->47(47)
[405.338s][info][gc,heap        ] GC(968) Old regions: 461->625
[405.338s][info][gc,heap        ] GC(968) Humongous regions: 10->10
[405.338s][info][gc,metaspace   ] GC(968) Metaspace: 18917K(19136K)->18917K(19136K) NonClass: 16251K(16384K)->16251K(16384K) Class: 2666K(2752K)->2666K(2752K)
[405.338s][info][gc             ] GC(968) Pause Young (Mixed) (G1 Evacuation Pause) (Evacuation Failure: Allocation) 846M->681M(978M) 172.838ms
[405.338s][info][gc,cpu         ] GC(968) User=0.34s Sys=0.00s Real=0.17s
[405.343s][info][gc,start       ] GC(969) Pause Young (Concurrent Start) (G1 Evacuation Pause)
[405.343s][info][gc,task        ] GC(969) Using 2 workers of 2 for evacuation
[405.445s][info][gc,phases      ] GC(969)   Pre Evacuate Collection Set: 0.45ms
[405.445s][info][gc,phases      ] GC(969)   Merge Heap Roots: 3.19ms
[405.445s][info][gc,phases      ] GC(969)   Evacuate Collection Set: 70.73ms
[405.445s][info][gc,phases      ] GC(969)   Merge Optional Heap Roots: 0.10ms
[405.445s][info][gc,phases      ] GC(969)   Evacuate Optional Collection Set: 26.38ms
[405.445s][info][gc,phases      ] GC(969)   Post Evacuate Collection Set: 0.92ms
[405.445s][info][gc,phases      ] GC(969)   Other: 0.19ms
[405.445s][info][gc,heap        ] GC(969) Eden regions: 3->0(257)
[405.445s][info][gc,heap        ] GC(969) Survivor regions: 47->1(7)
[405.445s][info][gc,heap        ] GC(969) Old regions: 625->593
[405.445s][info][gc,heap        ] GC(969) Humongous regions: 10->10
[405.445s][info][gc,metaspace   ] GC(969) Metaspace: 18917K(19136K)->18917K(19136K) NonClass: 16251K(16384K)->16251K(16384K) Class: 2666K(2752K)->2666K(2752K)
[405.445s][info][gc             ] GC(969) Pause Young (Concurrent Start) (G1 Evacuation Pause) 684M->603M(978M) 102.159ms
[405.445s][info][gc,cpu         ] GC(969) User=0.20s Sys=0.00s Real=0.10s
[405.445s][info][gc             ] GC(970) Concurrent Mark Cycle
[405.445s][info][gc,marking     ] GC(970) Concurrent Scan Root Regions
[405.579s][info][gc,marking     ] GC(970) Concurrent Scan Root Regions 134.194ms
[405.579s][info][gc,marking     ] GC(970) Concurrent Mark
[405.579s][info][gc,marking     ] GC(970) Concurrent Mark From Roots
[405.579s][info][gc,task        ] GC(970) Using 1 workers of 1 for marking
[406.190s][info][gc,start       ] GC(971) Pause Young (Normal) (G1 Evacuation Pause)
[406.190s][info][gc,task        ] GC(971) Using 2 workers of 2 for evacuation
[406.223s][info][gc,phases      ] GC(971)   Pre Evacuate Collection Set: 0.28ms
[406.223s][info][gc,phases      ] GC(971)   Merge Heap Roots: 0.54ms
[406.223s][info][gc,phases      ] GC(971)   Evacuate Collection Set: 30.88ms
[406.223s][info][gc,phases      ] GC(971)   Post Evacuate Collection Set: 0.54ms
[406.223s][info][gc,phases      ] GC(971)   Other: 0.07ms
[406.223s][info][gc,heap        ] GC(971) Eden regions: 257->0(259)
[406.223s][info][gc,heap        ] GC(971) Survivor regions: 1->12(33)
[406.223s][info][gc,heap        ] GC(971) Old regions: 593->593
[406.223s][info][gc,heap        ] GC(971) Humongous regions: 13->13
[406.223s][info][gc,metaspace   ] GC(971) Metaspace: 18917K(19136K)->18917K(19136K) NonClass: 16251K(16384K)->16251K(16384K) Class: 2666K(2752K)->2666K(2752K)
[406.223s][info][gc             ] GC(971) Pause Young (Normal) (G1 Evacuation Pause) 863M->617M(978M) 32.562ms
[406.223s][info][gc,cpu         ] GC(971) User=0.06s Sys=0.00s Real=0.04s
[406.775s][info][gc,marking     ] GC(970) Concurrent Mark From Roots 1195.856ms
[406.775s][info][gc,marking     ] GC(970) Concurrent Preclean
[406.775s][info][gc,marking     ] GC(970) Concurrent Preclean 0.048ms
[406.775s][info][gc,start       ] GC(970) Pause Remark
[406.783s][info][gc             ] GC(970) Pause Remark 788M->708M(978M) 7.932ms
[406.783s][info][gc,cpu         ] GC(970) User=0.02s Sys=0.00s Real=0.01s
[406.785s][info][gc,marking     ] GC(970) Concurrent Mark 1205.946ms
[406.785s][info][gc,marking     ] GC(970) Concurrent Rebuild Remembered Sets and Scrub Regions
[406.968s][info][gc,start       ] GC(972) Pause Young (Normal) (G1 Evacuation Pause)
[406.968s][info][gc,task        ] GC(972) Using 2 workers of 2 for evacuation
[406.992s][info][gc,phases      ] GC(972)   Pre Evacuate Collection Set: 0.49ms
[406.992s][info][gc,phases      ] GC(972)   Merge Heap Roots: 0.29ms
[406.992s][info][gc,phases      ] GC(972)   Evacuate Collection Set: 22.33ms
[406.992s][info][gc,phases      ] GC(972)   Post Evacuate Collection Set: 0.53ms
[406.992s][info][gc,phases      ] GC(972)   Other: 0.11ms
[406.992s][info][gc,heap        ] GC(972) Eden regions: 259->0(336)
[406.992s][info][gc,heap        ] GC(972) Survivor regions: 12->11(34)
[406.992s][info][gc,heap        ] GC(972) Old regions: 518->518
[406.992s][info][gc,heap        ] GC(972) Humongous regions: 8->8
[406.992s][info][gc,metaspace   ] GC(972) Metaspace: 18917K(19136K)->18917K(19136K) NonClass: 16251K(16384K)->16251K(16384K) Class: 2666K(2752K)->2666K(2752K)
[406.992s][info][gc             ] GC(972) Pause Young (Normal) (G1 Evacuation Pause) 796M->536M(978M) 23.986ms
[406.992s][info][gc,cpu         ] GC(972) User=0.05s Sys=0.00s Real=0.03s
[407.387s][info][gc,marking     ] GC(970) Concurrent Rebuild Remembered Sets and Scrub Regions 601.827ms
[407.387s][info][gc,start       ] GC(970) Pause Cleanup
[407.387s][info][gc             ] GC(970) Pause Cleanup 725M->725M(978M) 0.134ms
[407.387s][info][gc,cpu         ] GC(970) User=0.00s Sys=0.00s Real=0.00s
[407.388s][info][gc,marking     ] GC(970) Concurrent Clear Claimed Marks
[407.388s][info][gc,marking     ] GC(970) Concurrent Clear Claimed Marks 0.071ms
[407.388s][info][gc,marking     ] GC(970) Concurrent Cleanup for Next Mark
[407.395s][info][gc,marking     ] GC(970) Concurrent Cleanup for Next Mark 6.860ms
[407.395s][info][gc             ] GC(970) Concurrent Mark Cycle 1950.166ms
[407.616s][info][gc,start       ] GC(973) Pause Young (Prepare Mixed) (G1 Evacuation Pause)
[407.616s][info][gc,task        ] GC(973) Using 2 workers of 2 for evacuation
[407.639s][info][gc,phases      ] GC(973)   Pre Evacuate Collection Set: 0.29ms
[407.640s][info][gc,phases      ] GC(973)   Merge Heap Roots: 0.44ms
[407.640s][info][gc,phases      ] GC(973)   Evacuate Collection Set: 22.03ms
[407.640s][info][gc,phases      ] GC(973)   Post Evacuate Collection Set: 0.63ms
[407.640s][info][gc,phases      ] GC(973)   Other: 0.08ms
[407.640s][info][gc,heap        ] GC(973) Eden regions: 336->0(354)
[407.640s][info][gc,heap        ] GC(973) Survivor regions: 11->11(44)
[407.640s][info][gc,heap        ] GC(973) Old regions: 518->518
[407.640s][info][gc,heap        ] GC(973) Humongous regions: 8->8
[407.640s][info][gc,metaspace   ] GC(973) Metaspace: 18917K(19136K)->18917K(19136K) NonClass: 16251K(16384K)->16251K(16384K) Class: 2666K(2752K)->2666K(2752K)
[407.640s][info][gc             ] GC(973) Pause Young (Prepare Mixed) (G1 Evacuation Pause) 872M->536M(978M) 23.752ms
[407.640s][info][gc,cpu         ] GC(973) User=0.05s Sys=0.00s Real=0.02s
[408.142s][info][gc,start       ] GC(974) Pause Young (Mixed) (G1 Evacuation Pause)
[408.142s][info][gc,task        ] GC(974) Using 2 workers of 2 for evacuation
[408.249s][info][gc,phases      ] GC(974)   Pre Evacuate Collection Set: 0.34ms
[408.249s][info][gc,phases      ] GC(974)   Merge Heap Roots: 0.70ms
[408.249s][info][gc,phases      ] GC(974)   Evacuate Collection Set: 104.44ms
[408.249s][info][gc,phases      ] GC(974)   Post Evacuate Collection Set: 0.76ms
[408.249s][info][gc,phases      ] GC(974)   Other: 0.09ms
[408.249s][info][gc,heap        ] GC(974) Eden regions: 354->0(398)
[408.249s][info][gc,heap        ] GC(974) Survivor regions: 11->28(46)
[408.249s][info][gc,heap        ] GC(974) Old regions: 518->453
[408.249s][info][gc,heap        ] GC(974) Humongous regions: 8->8
[408.249s][info][gc,metaspace   ] GC(974) Metaspace: 18917K(19136K)->18917K(19136K) NonClass: 16251K(16384K)->16251K(16384K) Class: 2666K(2752K)->2666K(2752K)
[408.249s][info][gc             ] GC(974) Pause Young (Mixed) (G1 Evacuation Pause) 890M->487M(978M) 106.584ms
[408.249s][info][gc,cpu         ] GC(974) User=0.21s Sys=0.00s Real=0.10s
[408.628s][info][gc,start       ] GC(975) Pause Young (Concurrent Start) (G1 Evacuation Pause)
[408.628s][info][gc,task        ] GC(975) Using 2 workers of 2 for evacuation
[408.689s][info][gc,phases      ] GC(975)   Pre Evacuate Collection Set: 0.30ms
[408.689s][info][gc,phases      ] GC(975)   Merge Heap Roots: 0.32ms
[408.689s][info][gc,phases      ] GC(975)   Evacuate Collection Set: 59.65ms
[408.689s][info][gc,phases      ] GC(975)   Post Evacuate Collection Set: 0.64ms
[408.689s][info][gc,phases      ] GC(975)   Other: 0.11ms
[408.689s][info][gc,heap        ] GC(975) Eden regions: 398->0(390)
[408.689s][info][gc,heap        ] GC(975) Survivor regions: 28->33(54)
[408.689s][info][gc,heap        ] GC(975) Old regions: 453->464
[408.689s][info][gc,heap        ] GC(975) Humongous regions: 8->8
[408.689s][info][gc,metaspace   ] GC(975) Metaspace: 18917K(19136K)->18917K(19136K) NonClass: 16251K(16384K)->16251K(16384K) Class: 2666K(2752K)->2666K(2752K)
[408.689s][info][gc             ] GC(975) Pause Young (Concurrent Start) (G1 Evacuation Pause) 885M->503M(978M) 61.286ms
[408.689s][info][gc,cpu         ] GC(975) User=0.12s Sys=0.00s Real=0.06s
[408.689s][info][gc             ] GC(976) Concurrent Mark Cycle
[408.691s][info][gc,marking     ] GC(976) Concurrent Scan Root Regions
[408.784s][info][gc,marking     ] GC(976) Concurrent Scan Root Regions 92.593ms
[408.784s][info][gc,marking     ] GC(976) Concurrent Mark
[408.784s][info][gc,marking     ] GC(976) Concurrent Mark From Roots
[408.784s][info][gc,task        ] GC(976) Using 1 workers of 1 for marking
[409.961s][info][gc,start       ] GC(977) Pause Young (Normal) (G1 Evacuation Pause)
[409.961s][info][gc,task        ] GC(977) Using 2 workers of 2 for evacuation
[410.005s][info][gc,phases      ] GC(977)   Pre Evacuate Collection Set: 0.29ms
[410.005s][info][gc,phases      ] GC(977)   Merge Heap Roots: 0.25ms
[410.005s][info][gc,phases      ] GC(977)   Evacuate Collection Set: 43.08ms
[410.005s][info][gc,phases      ] GC(977)   Post Evacuate Collection Set: 0.60ms
[410.005s][info][gc,phases      ] GC(977)   Other: 0.08ms
[410.005s][info][gc,heap        ] GC(977) Eden regions: 390->0(391)
[410.005s][info][gc,heap        ] GC(977) Survivor regions: 33->24(53)
[410.005s][info][gc,heap        ] GC(977) Old regions: 464->481
[410.005s][info][gc,heap        ] GC(977) Humongous regions: 8->8
[410.005s][info][gc,metaspace   ] GC(977) Metaspace: 18917K(19136K)->18917K(19136K) NonClass: 16251K(16384K)->16251K(16384K) Class: 2666K(2752K)->2666K(2752K)
[410.005s][info][gc             ] GC(977) Pause Young (Normal) (G1 Evacuation Pause) 893M->512M(978M) 44.503ms
[410.005s][info][gc,cpu         ] GC(977) User=0.09s Sys=0.00s Real=0.05s
[410.118s][info][gc,marking     ] GC(976) Concurrent Mark From Roots 1334.623ms
[410.118s][info][gc,marking     ] GC(976) Concurrent Preclean
[410.118s][info][gc,marking     ] GC(976) Concurrent Preclean 0.044ms
[410.119s][info][gc,start       ] GC(976) Pause Remark
[410.127s][info][gc             ] GC(976) Pause Remark 542M->541M(978M) 8.659ms
[410.127s][info][gc,cpu         ] GC(976) User=0.02s Sys=0.00s Real=0.01s
[410.128s][info][gc,marking     ] GC(976) Concurrent Mark 1344.373ms
[410.128s][info][gc,marking     ] GC(976) Concurrent Rebuild Remembered Sets and Scrub Regions
[410.473s][info][gc,marking     ] GC(976) Concurrent Rebuild Remembered Sets and Scrub Regions 345.255ms
[410.473s][info][gc,start       ] GC(976) Pause Cleanup
[410.474s][info][gc             ] GC(976) Pause Cleanup 674M->674M(978M) 0.096ms
[410.474s][info][gc,cpu         ] GC(976) User=0.00s Sys=0.00s Real=0.00s
[410.474s][info][gc,marking     ] GC(976) Concurrent Clear Claimed Marks
[410.474s][info][gc,marking     ] GC(976) Concurrent Clear Claimed Marks 0.029ms
[410.474s][info][gc,marking     ] GC(976) Concurrent Cleanup for Next Mark
[410.477s][info][gc,marking     ] GC(976) Concurrent Cleanup for Next Mark 2.874ms
[410.477s][info][gc             ] GC(976) Concurrent Mark Cycle 1787.512ms
[410.747s][info][gc,start       ] GC(978) Pause Young (Prepare Mixed) (G1 Evacuation Pause)
[410.747s][info][gc,task        ] GC(978) Using 2 workers of 2 for evacuation
[410.818s][info][gc,phases      ] GC(978)   Pre Evacuate Collection Set: 0.50ms
[410.818s][info][gc,phases      ] GC(978)   Merge Heap Roots: 0.28ms
[410.818s][info][gc,phases      ] GC(978)   Evacuate Collection Set: 69.20ms
[410.818s][info][gc,phases      ] GC(978)   Post Evacuate Collection Set: 0.78ms
[410.818s][info][gc,phases      ] GC(978)   Other: 0.09ms
[410.818s][info][gc,heap        ] GC(978) Eden regions: 391->0(319)
[410.818s][info][gc,heap        ] GC(978) Survivor regions: 24->52(52)
[410.818s][info][gc,heap        ] GC(978) Old regions: 481->498
[410.818s][info][gc,heap        ] GC(978) Humongous regions: 7->7
[410.818s][info][gc,metaspace   ] GC(978) Metaspace: 18918K(19136K)->18918K(19136K) NonClass: 16252K(16384K)->16252K(16384K) Class: 2666K(2752K)->2666K(2752K)
[410.818s][info][gc             ] GC(978) Pause Young (Prepare Mixed) (G1 Evacuation Pause) 902M->556M(978M) 71.064ms
[410.818s][info][gc,cpu         ] GC(978) User=0.14s Sys=0.00s Real=0.07s
[411.297s][info][gc,start       ] GC(979) Pause Young (Mixed) (G1 Evacuation Pause)
[411.297s][info][gc,task        ] GC(979) Using 2 workers of 2 for evacuation
[411.427s][info][gc,phases      ] GC(979)   Pre Evacuate Collection Set: 0.51ms
[411.427s][info][gc,phases      ] GC(979)   Merge Heap Roots: 0.94ms
[411.427s][info][gc,phases      ] GC(979)   Evacuate Collection Set: 127.18ms
[411.427s][info][gc,phases      ] GC(979)   Post Evacuate Collection Set: 0.68ms
[411.427s][info][gc,phases      ] GC(979)   Other: 0.08ms
[411.427s][info][gc,heap        ] GC(979) Eden regions: 319->0(307)
[411.427s][info][gc,heap        ] GC(979) Survivor regions: 52->33(47)
[411.427s][info][gc,heap        ] GC(979) Old regions: 498->540
[411.427s][info][gc,heap        ] GC(979) Humongous regions: 10->10
[411.427s][info][gc,metaspace   ] GC(979) Metaspace: 18920K(19136K)->18920K(19136K) NonClass: 16254K(16384K)->16254K(16384K) Class: 2666K(2752K)->2666K(2752K)
[411.427s][info][gc             ] GC(979) Pause Young (Mixed) (G1 Evacuation Pause) 878M->581M(978M) 129.639ms
[411.427s][info][gc,cpu         ] GC(979) User=0.25s Sys=0.00s Real=0.13s
[411.877s][info][gc,start       ] GC(980) Pause Young (Concurrent Start) (G1 Evacuation Pause)
[411.877s][info][gc,task        ] GC(980) Using 2 workers of 2 for evacuation
[411.915s][info][gc,phases      ] GC(980)   Pre Evacuate Collection Set: 0.31ms
[411.915s][info][gc,phases      ] GC(980)   Merge Heap Roots: 0.22ms
[411.915s][info][gc,phases      ] GC(980)   Evacuate Collection Set: 36.42ms
[411.915s][info][gc,phases      ] GC(980)   Post Evacuate Collection Set: 0.53ms
[411.915s][info][gc,phases      ] GC(980)   Other: 0.10ms
[411.915s][info][gc,heap        ] GC(980) Eden regions: 307->0(321)
[411.915s][info][gc,heap        ] GC(980) Survivor regions: 33->1(43)
[411.915s][info][gc,heap        ] GC(980) Old regions: 540->572
[411.915s][info][gc,heap        ] GC(980) Humongous regions: 10->10
[411.915s][info][gc,metaspace   ] GC(980) Metaspace: 18920K(19136K)->18920K(19136K) NonClass: 16254K(16384K)->16254K(16384K) Class: 2666K(2752K)->2666K(2752K)
[411.915s][info][gc             ] GC(980) Pause Young (Concurrent Start) (G1 Evacuation Pause) 888M->582M(978M) 37.823ms
[411.915s][info][gc,cpu         ] GC(980) User=0.07s Sys=0.00s Real=0.04s
[411.915s][info][gc             ] GC(981) Concurrent Mark Cycle
[411.915s][info][gc,marking     ] GC(981) Concurrent Scan Root Regions
[411.970s][info][gc,marking     ] GC(981) Concurrent Scan Root Regions 54.945ms
[411.970s][info][gc,marking     ] GC(981) Concurrent Mark
[411.970s][info][gc,marking     ] GC(981) Concurrent Mark From Roots
[411.970s][info][gc,task        ] GC(981) Using 1 workers of 1 for marking
[412.522s][info][gc,marking     ] GC(981) Concurrent Mark From Roots 551.789ms
[412.522s][info][gc,marking     ] GC(981) Concurrent Preclean
[412.522s][info][gc,marking     ] GC(981) Concurrent Preclean 0.040ms
[412.522s][info][gc,start       ] GC(981) Pause Remark
[412.530s][info][gc             ] GC(981) Pause Remark 753M->518M(978M) 7.814ms
[412.530s][info][gc,cpu         ] GC(981) User=0.01s Sys=0.00s Real=0.00s
[412.530s][info][gc,marking     ] GC(981) Concurrent Mark 559.951ms
[412.530s][info][gc,marking     ] GC(981) Concurrent Rebuild Remembered Sets and Scrub Regions
[412.757s][info][gc,marking     ] GC(981) Concurrent Rebuild Remembered Sets and Scrub Regions 226.603ms
[412.758s][info][gc,start       ] GC(981) Pause Cleanup
[412.758s][info][gc             ] GC(981) Pause Cleanup 612M->612M(978M) 0.126ms
[412.758s][info][gc,cpu         ] GC(981) User=0.00s Sys=0.00s Real=0.00s
[412.758s][info][gc,marking     ] GC(981) Concurrent Clear Claimed Marks
[412.758s][info][gc,marking     ] GC(981) Concurrent Clear Claimed Marks 0.030ms
[412.758s][info][gc,marking     ] GC(981) Concurrent Cleanup for Next Mark
[412.763s][info][gc,marking     ] GC(981) Concurrent Cleanup for Next Mark 4.838ms
[412.763s][info][gc             ] GC(981) Concurrent Mark Cycle 847.924ms
[412.842s][info][gc,start       ] GC(982) Pause Young (Prepare Mixed) (G1 Evacuation Pause)
[412.843s][info][gc,task        ] GC(982) Using 2 workers of 2 for evacuation
[412.844s][info][gc,phases      ] GC(982)   Pre Evacuate Collection Set: 0.48ms
[412.844s][info][gc,phases      ] GC(982)   Merge Heap Roots: 0.11ms
[412.844s][info][gc,phases      ] GC(982)   Evacuate Collection Set: 0.29ms
[412.844s][info][gc,phases      ] GC(982)   Post Evacuate Collection Set: 0.46ms
[412.844s][info][gc,phases      ] GC(982)   Other: 0.08ms
[412.844s][info][gc,heap        ] GC(982) Eden regions: 321->0(550)
[412.844s][info][gc,heap        ] GC(982) Survivor regions: 1->1(41)
[412.844s][info][gc,heap        ] GC(982) Old regions: 342->342
[412.844s][info][gc,heap        ] GC(982) Humongous regions: 5->5
[412.844s][info][gc,metaspace   ] GC(982) Metaspace: 18920K(19136K)->18920K(19136K) NonClass: 16254K(16384K)->16254K(16384K) Class: 2666K(2752K)->2666K(2752K)
[412.844s][info][gc             ] GC(982) Pause Young (Prepare Mixed) (G1 Evacuation Pause) 668M->347M(978M) 1.600ms
[412.844s][info][gc,cpu         ] GC(982) User=0.01s Sys=0.00s Real=0.00s
[413.414s][info][gc,start       ] GC(983) Pause Young (Mixed) (G1 Evacuation Pause)
[413.414s][info][gc,task        ] GC(983) Using 2 workers of 2 for evacuation
[413.497s][info][gc,phases      ] GC(983)   Pre Evacuate Collection Set: 0.32ms
[413.497s][info][gc,phases      ] GC(983)   Merge Heap Roots: 0.48ms
[413.497s][info][gc,phases      ] GC(983)   Evacuate Collection Set: 81.35ms
[413.497s][info][gc,phases      ] GC(983)   Post Evacuate Collection Set: 0.76ms
[413.497s][info][gc,phases      ] GC(983)   Other: 0.11ms
[413.497s][info][gc,heap        ] GC(983) Eden regions: 550->0(546)
[413.497s][info][gc,heap        ] GC(983) Survivor regions: 1->29(69)
[413.497s][info][gc,heap        ] GC(983) Old regions: 342->298
[413.497s][info][gc,heap        ] GC(983) Humongous regions: 5->5
[413.497s][info][gc,metaspace   ] GC(983) Metaspace: 18920K(19136K)->18920K(19136K) NonClass: 16254K(16384K)->16254K(16384K) Class: 2666K(2752K)->2666K(2752K)
[413.497s][info][gc             ] GC(983) Pause Young (Mixed) (G1 Evacuation Pause) 897M->331M(978M) 83.271ms
[413.497s][info][gc,cpu         ] GC(983) User=0.17s Sys=0.00s Real=0.08s
[414.106s][info][gc,start       ] GC(984) Pause Young (Concurrent Start) (G1 Evacuation Pause)
[414.106s][info][gc,task        ] GC(984) Using 2 workers of 2 for evacuation
[414.214s][info][gc,phases      ] GC(984)   Pre Evacuate Collection Set: 0.29ms
[414.214s][info][gc,phases      ] GC(984)   Merge Heap Roots: 0.45ms
[414.214s][info][gc,phases      ] GC(984)   Evacuate Collection Set: 106.29ms
[414.214s][info][gc,phases      ] GC(984)   Post Evacuate Collection Set: 0.76ms
[414.214s][info][gc,phases      ] GC(984)   Other: 0.11ms
[414.214s][info][gc,heap        ] GC(984) Eden regions: 546->0(187)
[414.214s][info][gc,heap        ] GC(984) Survivor regions: 29->72(72)
[414.214s][info][gc,heap        ] GC(984) Old regions: 298->324
[414.214s][info][gc,heap        ] GC(984) Humongous regions: 5->5
[414.214s][info][gc,metaspace   ] GC(984) Metaspace: 18920K(19136K)->18920K(19136K) NonClass: 16254K(16384K)->16254K(16384K) Class: 2666K(2752K)->2666K(2752K)
[414.214s][info][gc             ] GC(984) Pause Young (Concurrent Start) (G1 Evacuation Pause) 877M->400M(978M) 108.134ms
[414.214s][info][gc             ] GC(985) Concurrent Mark Cycle
[414.214s][info][gc,marking     ] GC(985) Concurrent Scan Root Regions
[414.215s][info][gc,cpu         ] GC(984) User=0.21s Sys=0.00s Real=0.11s
[414.384s][info][gc,marking     ] GC(985) Concurrent Scan Root Regions 169.422ms
[414.384s][info][gc,marking     ] GC(985) Concurrent Mark
[414.384s][info][gc,marking     ] GC(985) Concurrent Mark From Roots
[414.384s][info][gc,task        ] GC(985) Using 1 workers of 1 for marking
[414.599s][info][gc,start       ] GC(986) Pause Young (Normal) (G1 Evacuation Pause)
[414.599s][info][gc,task        ] GC(986) Using 2 workers of 2 for evacuation
[414.687s][info][gc,phases      ] GC(986)   Pre Evacuate Collection Set: 0.32ms
[414.687s][info][gc,phases      ] GC(986)   Merge Heap Roots: 0.31ms
[414.687s][info][gc,phases      ] GC(986)   Evacuate Collection Set: 86.74ms
[414.687s][info][gc,phases      ] GC(986)   Post Evacuate Collection Set: 0.50ms
[414.687s][info][gc,phases      ] GC(986)   Other: 0.10ms
[414.687s][info][gc,heap        ] GC(986) Eden regions: 227->0(434)
[414.687s][info][gc,heap        ] GC(986) Survivor regions: 72->15(38)
[414.687s][info][gc,heap        ] GC(986) Old regions: 324->396
[414.687s][info][gc,heap        ] GC(986) Humongous regions: 5->5
[414.687s][info][gc,metaspace   ] GC(986) Metaspace: 18920K(19136K)->18920K(19136K) NonClass: 16254K(16384K)->16254K(16384K) Class: 2666K(2752K)->2666K(2752K)
[414.687s][info][gc             ] GC(986) Pause Young (Normal) (G1 Evacuation Pause) 627M->415M(978M) 88.218ms
[414.687s][info][gc,cpu         ] GC(986) User=0.17s Sys=0.00s Real=0.09s
[415.054s][info][gc,marking     ] GC(985) Concurrent Mark From Roots 670.312ms
[415.054s][info][gc,marking     ] GC(985) Concurrent Preclean
[415.054s][info][gc,marking     ] GC(985) Concurrent Preclean 0.037ms
[415.054s][info][gc,start       ] GC(985) Pause Remark
[415.062s][info][gc             ] GC(985) Pause Remark 596M->596M(978M) 7.749ms
[415.062s][info][gc,cpu         ] GC(985) User=0.02s Sys=0.00s Real=0.01s
[415.063s][info][gc,marking     ] GC(985) Concurrent Mark 679.168ms
[415.063s][info][gc,marking     ] GC(985) Concurrent Rebuild Remembered Sets and Scrub Regions
[415.316s][info][gc,start       ] GC(987) Pause Young (Normal) (G1 Evacuation Pause)
[415.316s][info][gc,task        ] GC(987) Using 2 workers of 2 for evacuation
[415.407s][info][gc,phases      ] GC(987)   Pre Evacuate Collection Set: 0.48ms
[415.407s][info][gc,phases      ] GC(987)   Merge Heap Roots: 0.41ms
[415.407s][info][gc,phases      ] GC(987)   Evacuate Collection Set: 88.20ms
[415.407s][info][gc,phases      ] GC(987)   Post Evacuate Collection Set: 0.90ms
[415.407s][info][gc,phases      ] GC(987)   Other: 0.10ms
[415.407s][info][gc,heap        ] GC(987) Eden regions: 434->0(361)
[415.407s][info][gc,heap        ] GC(987) Survivor regions: 15->57(57)
[415.407s][info][gc,heap        ] GC(987) Old regions: 396->419
[415.407s][info][gc,heap        ] GC(987) Humongous regions: 5->5
[415.407s][info][gc,metaspace   ] GC(987) Metaspace: 18923K(19136K)->18923K(19136K) NonClass: 16257K(16384K)->16257K(16384K) Class: 2666K(2752K)->2666K(2752K)
[415.407s][info][gc             ] GC(987) Pause Young (Normal) (G1 Evacuation Pause) 849M->480M(978M) 90.330ms
[415.407s][info][gc,cpu         ] GC(987) User=0.18s Sys=0.00s Real=0.09s
[415.638s][info][gc,marking     ] GC(985) Concurrent Rebuild Remembered Sets and Scrub Regions 574.844ms
[415.638s][info][gc,start       ] GC(985) Pause Cleanup
[415.638s][info][gc             ] GC(985) Pause Cleanup 682M->682M(978M) 0.084ms
[415.638s][info][gc,cpu         ] GC(985) User=0.00s Sys=0.00s Real=0.00s
[415.639s][info][gc,marking     ] GC(985) Concurrent Clear Claimed Marks
[415.639s][info][gc,marking     ] GC(985) Concurrent Clear Claimed Marks 0.055ms
[415.639s][info][gc,marking     ] GC(985) Concurrent Cleanup for Next Mark
[415.644s][info][gc,marking     ] GC(985) Concurrent Cleanup for Next Mark 4.876ms
[415.644s][info][gc             ] GC(985) Concurrent Mark Cycle 1429.587ms
[415.746s][info][gc,start       ] GC(988) Pause Young (Prepare Mixed) (G1 Evacuation Pause)
[415.746s][info][gc,task        ] GC(988) Using 2 workers of 2 for evacuation
[415.831s][info][gc,phases      ] GC(988)   Pre Evacuate Collection Set: 0.48ms
[415.831s][info][gc,phases      ] GC(988)   Merge Heap Roots: 0.59ms
[415.831s][info][gc,phases      ] GC(988)   Evacuate Collection Set: 82.13ms
[415.831s][info][gc,phases      ] GC(988)   Post Evacuate Collection Set: 0.88ms
[415.831s][info][gc,phases      ] GC(988)   Other: 0.10ms
[415.831s][info][gc,heap        ] GC(988) Eden regions: 321->0(354)
[415.831s][info][gc,heap        ] GC(988) Survivor regions: 57->17(48)
[415.831s][info][gc,heap        ] GC(988) Old regions: 419->477
[415.831s][info][gc,heap        ] GC(988) Humongous regions: 5->5
[415.831s][info][gc,metaspace   ] GC(988) Metaspace: 18923K(19136K)->18923K(19136K) NonClass: 16257K(16384K)->16257K(16384K) Class: 2666K(2752K)->2666K(2752K)
[415.831s][info][gc             ] GC(988) Pause Young (Prepare Mixed) (G1 Evacuation Pause) 801M->498M(978M) 84.427ms
[415.831s][info][gc,cpu         ] GC(988) User=0.17s Sys=0.00s Real=0.08s
[416.330s][info][gc,start       ] GC(989) Pause Young (Mixed) (G1 Evacuation Pause)
[416.330s][info][gc,task        ] GC(989) Using 2 workers of 2 for evacuation
[416.475s][info][gc,phases      ] GC(989)   Pre Evacuate Collection Set: 0.28ms
[416.475s][info][gc,phases      ] GC(989)   Merge Heap Roots: 0.64ms
[416.475s][info][gc,phases      ] GC(989)   Evacuate Collection Set: 58.00ms
[416.475s][info][gc,phases      ] GC(989)   Merge Optional Heap Roots: 0.73ms
[416.475s][info][gc,phases      ] GC(989)   Evacuate Optional Collection Set: 82.89ms
[416.475s][info][gc,phases      ] GC(989)   Post Evacuate Collection Set: 1.58ms
[416.475s][info][gc,phases      ] GC(989)   Other: 0.03ms
[416.475s][info][gc,heap        ] GC(989) Eden regions: 354->0(356)
[416.475s][info][gc,heap        ] GC(989) Survivor regions: 17->34(47)
[416.475s][info][gc,heap        ] GC(989) Old regions: 477->470
[416.475s][info][gc,heap        ] GC(989) Humongous regions: 5->5
[416.475s][info][gc,metaspace   ] GC(989) Metaspace: 18923K(19136K)->18923K(19136K) NonClass: 16257K(16384K)->16257K(16384K) Class: 2666K(2752K)->2666K(2752K)
[416.475s][info][gc             ] GC(989) Pause Young (Mixed) (G1 Evacuation Pause) 852M->508M(978M) 144.379ms
[416.475s][info][gc,cpu         ] GC(989) User=0.28s Sys=0.01s Real=0.15s
[416.748s][info][gc,start       ] GC(990) Pause Young (Concurrent Start) (G1 Evacuation Pause)
[416.748s][info][gc,task        ] GC(990) Using 2 workers of 2 for evacuation
[416.807s][info][gc,phases      ] GC(990)   Pre Evacuate Collection Set: 0.33ms
[416.807s][info][gc,phases      ] GC(990)   Merge Heap Roots: 0.56ms
[416.807s][info][gc,phases      ] GC(990)   Evacuate Collection Set: 57.68ms
[416.807s][info][gc,phases      ] GC(990)   Post Evacuate Collection Set: 0.62ms
[416.807s][info][gc,phases      ] GC(990)   Other: 0.21ms
[416.807s][info][gc,heap        ] GC(990) Eden regions: 356->0(362)
[416.807s][info][gc,heap        ] GC(990) Survivor regions: 34->28(49)
[416.807s][info][gc,heap        ] GC(990) Old regions: 470->487
[416.807s][info][gc,heap        ] GC(990) Humongous regions: 5->5
[416.807s][info][gc,metaspace   ] GC(990) Metaspace: 18926K(19136K)->18926K(19136K) NonClass: 16259K(16384K)->16259K(16384K) Class: 2666K(2752K)->2666K(2752K)
[416.807s][info][gc             ] GC(990) Pause Young (Concurrent Start) (G1 Evacuation Pause) 864M->519M(978M) 59.636ms
[416.808s][info][gc             ] GC(991) Concurrent Mark Cycle
[416.808s][info][gc,marking     ] GC(991) Concurrent Scan Root Regions
[416.810s][info][gc,cpu         ] GC(990) User=0.12s Sys=0.00s Real=0.06s
[416.882s][info][gc,marking     ] GC(991) Concurrent Scan Root Regions 74.178ms
[416.882s][info][gc,marking     ] GC(991) Concurrent Mark
[416.882s][info][gc,marking     ] GC(991) Concurrent Mark From Roots
[416.882s][info][gc,task        ] GC(991) Using 1 workers of 1 for marking
[417.886s][info][gc,start       ] GC(992) Pause Young (Normal) (G1 Evacuation Pause)
[417.886s][info][gc,task        ] GC(992) Using 2 workers of 2 for evacuation
[417.987s][info][gc,phases      ] GC(992)   Pre Evacuate Collection Set: 0.50ms
[417.988s][info][gc,phases      ] GC(992)   Merge Heap Roots: 0.48ms
[417.988s][info][gc,phases      ] GC(992)   Evacuate Collection Set: 99.56ms
[417.988s][info][gc,phases      ] GC(992)   Post Evacuate Collection Set: 0.71ms
[417.988s][info][gc,phases      ] GC(992)   Other: 0.10ms
[417.988s][info][gc,heap        ] GC(992) Eden regions: 362->0(304)
[417.988s][info][gc,heap        ] GC(992) Survivor regions: 28->49(49)
[417.988s][info][gc,heap        ] GC(992) Old regions: 487->514
[417.988s][info][gc,heap        ] GC(992) Humongous regions: 8->8
[417.988s][info][gc,metaspace   ] GC(992) Metaspace: 18926K(19136K)->18926K(19136K) NonClass: 16259K(16384K)->16259K(16384K) Class: 2666K(2752K)->2666K(2752K)
[417.988s][info][gc             ] GC(992) Pause Young (Normal) (G1 Evacuation Pause) 884M->570M(978M) 101.538ms
[417.988s][info][gc,cpu         ] GC(992) User=0.19s Sys=0.00s Real=0.10s
[418.435s][info][gc,marking     ] GC(991) Concurrent Mark From Roots 1552.888ms
[418.435s][info][gc,marking     ] GC(991) Concurrent Preclean
[418.435s][info][gc,marking     ] GC(991) Concurrent Preclean 0.039ms
[418.435s][info][gc,start       ] GC(991) Pause Remark
[418.442s][info][gc             ] GC(991) Pause Remark 793M->793M(978M) 7.586ms
[418.443s][info][gc,cpu         ] GC(991) User=0.02s Sys=0.00s Real=0.01s
[418.443s][info][gc,marking     ] GC(991) Concurrent Mark 1561.099ms
[418.443s][info][gc,marking     ] GC(991) Concurrent Rebuild Remembered Sets and Scrub Regions
[418.585s][info][gc,start       ] GC(993) Pause Young (Normal) (G1 Evacuation Pause)
[418.585s][info][gc,task        ] GC(993) Using 2 workers of 2 for evacuation
[418.655s][info][gc,phases      ] GC(993)   Pre Evacuate Collection Set: 0.26ms
[418.655s][info][gc,phases      ] GC(993)   Merge Heap Roots: 0.80ms
[418.655s][info][gc,phases      ] GC(993)   Evacuate Collection Set: 67.68ms
[418.655s][info][gc,phases      ] GC(993)   Post Evacuate Collection Set: 0.53ms
[418.655s][info][gc,phases      ] GC(993)   Other: 0.09ms
[418.655s][info][gc,heap        ] GC(993) Eden regions: 304->0(312)
[418.655s][info][gc,heap        ] GC(993) Survivor regions: 49->6(45)
[418.655s][info][gc,heap        ] GC(993) Old regions: 514->563
[418.655s][info][gc,heap        ] GC(993) Humongous regions: 8->8
[418.655s][info][gc,metaspace   ] GC(993) Metaspace: 18929K(19136K)->18929K(19136K) NonClass: 16263K(16384K)->16263K(16384K) Class: 2666K(2752K)->2666K(2752K)
[418.655s][info][gc             ] GC(993) Pause Young (Normal) (G1 Evacuation Pause) 874M->576M(978M) 69.614ms
[418.655s][info][gc,cpu         ] GC(993) User=0.13s Sys=0.00s Real=0.07s
[418.981s][info][gc,marking     ] GC(991) Concurrent Rebuild Remembered Sets and Scrub Regions 538.094ms
[418.982s][info][gc,start       ] GC(991) Pause Cleanup
[418.982s][info][gc             ] GC(991) Pause Cleanup 825M->825M(978M) 0.107ms
[418.982s][info][gc,cpu         ] GC(991) User=0.00s Sys=0.00s Real=0.00s
[418.982s][info][gc,marking     ] GC(991) Concurrent Clear Claimed Marks
[418.982s][info][gc,marking     ] GC(991) Concurrent Clear Claimed Marks 0.049ms
[418.982s][info][gc,marking     ] GC(991) Concurrent Cleanup for Next Mark
[418.987s][info][gc,marking     ] GC(991) Concurrent Cleanup for Next Mark 4.894ms
[418.987s][info][gc             ] GC(991) Concurrent Mark Cycle 2179.700ms
[419.092s][info][gc,start       ] GC(994) Pause Young (Prepare Mixed) (G1 Evacuation Pause)
[419.092s][info][gc,task        ] GC(994) Using 2 workers of 2 for evacuation
[419.109s][info][gc,phases      ] GC(994)   Pre Evacuate Collection Set: 0.27ms
[419.109s][info][gc,phases      ] GC(994)   Merge Heap Roots: 0.21ms
[419.110s][info][gc,phases      ] GC(994)   Evacuate Collection Set: 16.25ms
[419.110s][info][gc,phases      ] GC(994)   Post Evacuate Collection Set: 0.53ms
[419.110s][info][gc,phases      ] GC(994)   Other: 0.09ms
[419.110s][info][gc,heap        ] GC(994) Eden regions: 312->0(316)
[419.110s][info][gc,heap        ] GC(994) Survivor regions: 6->13(40)
[419.110s][info][gc,heap        ] GC(994) Old regions: 563->563
[419.110s][info][gc,heap        ] GC(994) Humongous regions: 8->8
[419.110s][info][gc,metaspace   ] GC(994) Metaspace: 18929K(19136K)->18929K(19136K) NonClass: 16263K(16384K)->16263K(16384K) Class: 2666K(2752K)->2666K(2752K)
[419.110s][info][gc             ] GC(994) Pause Young (Prepare Mixed) (G1 Evacuation Pause) 888M->583M(978M) 17.531ms
[419.110s][info][gc,cpu         ] GC(994) User=0.03s Sys=0.00s Real=0.01s
[419.787s][info][gc,start       ] GC(995) Pause Young (Mixed) (G1 Evacuation Pause)
[419.787s][info][gc,task        ] GC(995) Using 2 workers of 2 for evacuation
[419.824s][info][gc,phases      ] GC(995)   Pre Evacuate Collection Set: 0.30ms
[419.824s][info][gc,phases      ] GC(995)   Merge Heap Roots: 0.51ms
[419.824s][info][gc,phases      ] GC(995)   Evacuate Collection Set: 35.73ms
[419.824s][info][gc,phases      ] GC(995)   Post Evacuate Collection Set: 0.56ms
[419.824s][info][gc,phases      ] GC(995)   Other: 0.10ms
[419.824s][info][gc,heap        ] GC(995) Eden regions: 316->0(335)
[419.824s][info][gc,heap        ] GC(995) Survivor regions: 13->14(42)
[419.824s][info][gc,heap        ] GC(995) Old regions: 563->557
[419.824s][info][gc,heap        ] GC(995) Humongous regions: 8->8
[419.824s][info][gc,metaspace   ] GC(995) Metaspace: 18930K(19136K)->18930K(19136K) NonClass: 16264K(16384K)->16264K(16384K) Class: 2666K(2752K)->2666K(2752K)
[419.824s][info][gc             ] GC(995) Pause Young (Mixed) (G1 Evacuation Pause) 899M->578M(978M) 37.410ms
[419.825s][info][gc,cpu         ] GC(995) User=0.07s Sys=0.00s Real=0.04s
[420.610s][info][gc,start       ] GC(996) Pause Young (Concurrent Start) (G1 Evacuation Pause)
[420.610s][info][gc,task        ] GC(996) Using 2 workers of 2 for evacuation
[420.652s][info][gc,phases      ] GC(996)   Pre Evacuate Collection Set: 0.34ms
[420.652s][info][gc,phases      ] GC(996)   Merge Heap Roots: 0.29ms
[420.652s][info][gc,phases      ] GC(996)   Evacuate Collection Set: 40.14ms
[420.652s][info][gc,phases      ] GC(996)   Post Evacuate Collection Set: 0.63ms
[420.652s][info][gc,phases      ] GC(996)   Other: 0.22ms
[420.652s][info][gc,heap        ] GC(996) Eden regions: 335->0(293)
[420.652s][info][gc,heap        ] GC(996) Survivor regions: 14->35(44)
[420.652s][info][gc,heap        ] GC(996) Old regions: 557->557
[420.652s][info][gc,heap        ] GC(996) Humongous regions: 8->8
[420.652s][info][gc,metaspace   ] GC(996) Metaspace: 18930K(19136K)->18930K(19136K) NonClass: 16264K(16384K)->16264K(16384K) Class: 2666K(2752K)->2666K(2752K)
[420.652s][info][gc             ] GC(996) Pause Young (Concurrent Start) (G1 Evacuation Pause) 913M->599M(978M) 41.867ms
[420.652s][info][gc             ] GC(997) Concurrent Mark Cycle
[420.652s][info][gc,marking     ] GC(997) Concurrent Scan Root Regions
[420.653s][info][gc,cpu         ] GC(996) User=0.09s Sys=0.01s Real=0.05s
[420.718s][info][gc,marking     ] GC(997) Concurrent Scan Root Regions 65.975ms
[420.718s][info][gc,marking     ] GC(997) Concurrent Mark
[420.718s][info][gc,marking     ] GC(997) Concurrent Mark From Roots
[420.718s][info][gc,task        ] GC(997) Using 1 workers of 1 for marking
[421.964s][info][gc,marking     ] GC(997) Concurrent Mark From Roots 1245.802ms
[421.964s][info][gc,marking     ] GC(997) Concurrent Preclean
[421.964s][info][gc,marking     ] GC(997) Concurrent Preclean 0.044ms
[421.964s][info][gc,start       ] GC(997) Pause Remark
[422.076s][info][gc             ] GC(997) Pause Remark 770M->769M(978M) 111.393ms
[422.076s][info][gc,cpu         ] GC(997) User=0.22s Sys=0.00s Real=0.11s
[422.077s][info][gc,marking     ] GC(997) Concurrent Mark 1358.751ms
[422.077s][info][gc,marking     ] GC(997) Concurrent Rebuild Remembered Sets and Scrub Regions
[422.465s][info][gc,marking     ] GC(997) Concurrent Rebuild Remembered Sets and Scrub Regions 387.784ms
[422.465s][info][gc,start       ] GC(997) Pause Cleanup
[422.465s][info][gc             ] GC(997) Pause Cleanup 817M->817M(978M) 0.094ms
[422.465s][info][gc,cpu         ] GC(997) User=0.00s Sys=0.00s Real=0.00s
[422.465s][info][gc,marking     ] GC(997) Concurrent Clear Claimed Marks
[422.465s][info][gc,marking     ] GC(997) Concurrent Clear Claimed Marks 0.029ms
[422.465s][info][gc,marking     ] GC(997) Concurrent Cleanup for Next Mark
[422.468s][info][gc,marking     ] GC(997) Concurrent Cleanup for Next Mark 2.849ms
[422.468s][info][gc             ] GC(997) Concurrent Mark Cycle 1815.851ms
[422.767s][info][gc,start       ] GC(998) Pause Young (Prepare Mixed) (G1 Evacuation Pause)
[422.767s][info][gc,task        ] GC(998) Using 2 workers of 2 for evacuation
[422.810s][info][gc,phases      ] GC(998)   Pre Evacuate Collection Set: 0.46ms
[422.811s][info][gc,phases      ] GC(998)   Merge Heap Roots: 0.41ms
[422.811s][info][gc,phases      ] GC(998)   Evacuate Collection Set: 41.60ms
[422.811s][info][gc,phases      ] GC(998)   Post Evacuate Collection Set: 0.60ms
[422.811s][info][gc,phases      ] GC(998)   Other: 0.09ms
[422.811s][info][gc,heap        ] GC(998) Eden regions: 293->0(309)
[422.811s][info][gc,heap        ] GC(998) Survivor regions: 35->9(41)
[422.811s][info][gc,heap        ] GC(998) Old regions: 557->592
[422.811s][info][gc,heap        ] GC(998) Humongous regions: 7->7
[422.811s][info][gc,metaspace   ] GC(998) Metaspace: 18933K(19136K)->18933K(19136K) NonClass: 16267K(16384K)->16267K(16384K) Class: 2666K(2752K)->2666K(2752K)
[422.811s][info][gc             ] GC(998) Pause Young (Prepare Mixed) (G1 Evacuation Pause) 891M->606M(978M) 43.330ms
[422.811s][info][gc,cpu         ] GC(998) User=0.08s Sys=0.00s Real=0.04s
[423.713s][info][gc,start       ] GC(999) Pause Young (Mixed) (G1 Evacuation Pause)
[423.713s][info][gc,task        ] GC(999) Using 2 workers of 2 for evacuation
[423.764s][info][gc,phases      ] GC(999)   Pre Evacuate Collection Set: 0.53ms
[423.764s][info][gc,phases      ] GC(999)   Merge Heap Roots: 0.83ms
[423.764s][info][gc,phases      ] GC(999)   Evacuate Collection Set: 47.98ms
[423.764s][info][gc,phases      ] GC(999)   Post Evacuate Collection Set: 1.53ms
[423.764s][info][gc,phases      ] GC(999)   Other: 0.08ms
[423.764s][info][gc,heap        ] GC(999) Eden regions: 309->0(328)
[423.764s][info][gc,heap        ] GC(999) Survivor regions: 9->3(40)
[423.764s][info][gc,heap        ] GC(999) Old regions: 592->587
[423.764s][info][gc,heap        ] GC(999) Humongous regions: 7->7
[423.764s][info][gc,metaspace   ] GC(999) Metaspace: 18937K(19136K)->18937K(19136K) NonClass: 16271K(16384K)->16271K(16384K) Class: 2666K(2752K)->2666K(2752K)
[423.764s][info][gc             ] GC(999) Pause Young (Mixed) (G1 Evacuation Pause) 915M->596M(978M) 51.156ms
[423.765s][info][gc,cpu         ] GC(999) User=0.10s Sys=0.00s Real=0.05s
[424.146s][info][gc,start       ] GC(1000) Pause Young (Concurrent Start) (G1 Evacuation Pause)
[424.146s][info][gc,task        ] GC(1000) Using 2 workers of 2 for evacuation
[424.263s][info][gc,phases      ] GC(1000)   Pre Evacuate Collection Set: 0.47ms
[424.263s][info][gc,phases      ] GC(1000)   Merge Heap Roots: 0.13ms
[424.263s][info][gc,phases      ] GC(1000)   Evacuate Collection Set: 99.34ms
[424.263s][info][gc,phases      ] GC(1000)   Post Evacuate Collection Set: 16.79ms
[424.263s][info][gc,phases      ] GC(1000)   Other: 0.09ms
[424.263s][info][gc,heap        ] GC(1000) Eden regions: 328->0(65)
[424.263s][info][gc,heap        ] GC(1000) Survivor regions: 3->42(42)
[424.263s][info][gc,heap        ] GC(1000) Old regions: 587->772
[424.263s][info][gc,heap        ] GC(1000) Humongous regions: 7->7
[424.263s][info][gc,metaspace   ] GC(1000) Metaspace: 18942K(19136K)->18942K(19136K) NonClass: 16276K(16384K)->16276K(16384K) Class: 2666K(2752K)->2666K(2752K)
[424.263s][info][gc             ] GC(1000) Pause Young (Concurrent Start) (G1 Evacuation Pause) (Evacuation Failure: Allocation) 924M->820M(978M) 117.059ms
[424.263s][info][gc,cpu         ] GC(1000) User=0.23s Sys=0.00s Real=0.12s
[424.263s][info][gc             ] GC(1001) Concurrent Mark Cycle
[424.264s][info][gc,marking     ] GC(1001) Concurrent Scan Root Regions
[424.393s][info][gc,start       ] GC(1002) Pause Young (Normal) (G1 Evacuation Pause)
[424.393s][info][gc,task        ] GC(1002) Using 2 workers of 2 for evacuation
[424.400s][info][gc,marking     ] GC(1001) Concurrent Scan Root Regions 136.805ms
[424.400s][info][gc,marking     ] GC(1001) Concurrent Mark
[424.400s][info][gc,marking     ] GC(1001) Concurrent Mark From Roots
[424.400s][info][gc,task        ] GC(1001) Using 1 workers of 1 for marking
[424.490s][info][gc,phases      ] GC(1002)   Pre Evacuate Collection Set: 0.36ms
[424.490s][info][gc,phases      ] GC(1002)   Merge Heap Roots: 0.50ms
[424.490s][info][gc,phases      ] GC(1002)   Evacuate Collection Set: 86.49ms
[424.490s][info][gc,phases      ] GC(1002)   Post Evacuate Collection Set: 2.12ms
[424.490s][info][gc,phases      ] GC(1002)   Other: 0.10ms
[424.490s][info][gc,heap        ] GC(1002) Eden regions: 65->0(160)
[424.490s][info][gc,heap        ] GC(1002) Survivor regions: 42->14(14)
[424.490s][info][gc,heap        ] GC(1002) Old regions: 772->733
[424.490s][info][gc,heap        ] GC(1002) Humongous regions: 7->7
[424.490s][info][gc,metaspace   ] GC(1002) Metaspace: 18942K(19136K)->18942K(19136K) NonClass: 16276K(16384K)->16276K(16384K) Class: 2666K(2752K)->2666K(2752K)
[424.490s][info][gc             ] GC(1002) Pause Young (Normal) (G1 Evacuation Pause) (Evacuation Failure: Allocation) 885M->753M(978M) 97.412ms
[424.490s][info][gc,cpu         ] GC(1002) User=0.19s Sys=0.00s Real=0.09s
[424.929s][info][gc,start       ] GC(1003) Pause Young (Normal) (G1 Evacuation Pause)
[424.929s][info][gc,task        ] GC(1003) Using 2 workers of 2 for evacuation
[425.031s][info][gc,phases      ] GC(1003)   Pre Evacuate Collection Set: 0.51ms
[425.032s][info][gc,phases      ] GC(1003)   Merge Heap Roots: 0.50ms
[425.032s][info][gc,phases      ] GC(1003)   Evacuate Collection Set: 93.86ms
[425.032s][info][gc,phases      ] GC(1003)   Post Evacuate Collection Set: 7.25ms
[425.032s][info][gc,phases      ] GC(1003)   Other: 0.10ms
[425.032s][info][gc,heap        ] GC(1003) Eden regions: 160->0(58)
[425.032s][info][gc,heap        ] GC(1003) Survivor regions: 14->22(22)
[425.032s][info][gc,heap        ] GC(1003) Old regions: 733->818
[425.032s][info][gc,heap        ] GC(1003) Humongous regions: 8->8
[425.032s][info][gc,metaspace   ] GC(1003) Metaspace: 18942K(19136K)->18942K(19136K) NonClass: 16276K(16384K)->16276K(16384K) Class: 2666K(2752K)->2666K(2752K)
[425.032s][info][gc             ] GC(1003) Pause Young (Normal) (G1 Evacuation Pause) (Evacuation Failure: Allocation) 914M->847M(978M) 102.484ms
[425.032s][info][gc,cpu         ] GC(1003) User=0.21s Sys=0.00s Real=0.11s
[425.167s][info][gc,start       ] GC(1004) Pause Young (Normal) (G1 Evacuation Pause)
[425.167s][info][gc,task        ] GC(1004) Using 2 workers of 2 for evacuation
[425.231s][info][gc,phases      ] GC(1004)   Pre Evacuate Collection Set: 0.53ms
[425.231s][info][gc,phases      ] GC(1004)   Merge Heap Roots: 1.00ms
[425.231s][info][gc,phases      ] GC(1004)   Evacuate Collection Set: 61.60ms
[425.231s][info][gc,phases      ] GC(1004)   Post Evacuate Collection Set: 0.51ms
[425.231s][info][gc,phases      ] GC(1004)   Other: 0.09ms
[425.231s][info][gc,heap        ] GC(1004) Eden regions: 58->0(145)
[425.231s][info][gc,heap        ] GC(1004) Survivor regions: 22->6(10)
[425.231s][info][gc,heap        ] GC(1004) Old regions: 818->757
[425.231s][info][gc,heap        ] GC(1004) Humongous regions: 8->8
[425.231s][info][gc,metaspace   ] GC(1004) Metaspace: 18943K(19136K)->18943K(19136K) NonClass: 16277K(16384K)->16277K(16384K) Class: 2666K(2752K)->2666K(2752K)
[425.231s][info][gc             ] GC(1004) Pause Young (Normal) (G1 Evacuation Pause) 905M->770M(978M) 63.937ms
[425.231s][info][gc,cpu         ] GC(1004) User=0.13s Sys=0.00s Real=0.07s
[425.517s][info][gc,start       ] GC(1005) Pause Young (Normal) (G1 Evacuation Pause)
[425.518s][info][gc,task        ] GC(1005) Using 2 workers of 2 for evacuation
[425.571s][info][gc,phases      ] GC(1005)   Pre Evacuate Collection Set: 0.28ms
[425.571s][info][gc,phases      ] GC(1005)   Merge Heap Roots: 0.41ms
[425.571s][info][gc,phases      ] GC(1005)   Evacuate Collection Set: 52.34ms
[425.571s][info][gc,phases      ] GC(1005)   Post Evacuate Collection Set: 0.49ms
[425.571s][info][gc,phases      ] GC(1005)   Other: 0.07ms
[425.571s][info][gc,heap        ] GC(1005) Eden regions: 145->0(112)
[425.571s][info][gc,heap        ] GC(1005) Survivor regions: 6->19(19)
[425.571s][info][gc,heap        ] GC(1005) Old regions: 757->767
[425.571s][info][gc,heap        ] GC(1005) Humongous regions: 11->11
[425.571s][info][gc,metaspace   ] GC(1005) Metaspace: 18943K(19136K)->18943K(19136K) NonClass: 16277K(16384K)->16277K(16384K) Class: 2666K(2752K)->2666K(2752K)
[425.571s][info][gc             ] GC(1005) Pause Young (Normal) (G1 Evacuation Pause) 918M->796M(978M) 53.802ms
[425.571s][info][gc,cpu         ] GC(1005) User=0.11s Sys=0.00s Real=0.06s
[425.720s][info][gc,start       ] GC(1006) Pause Young (Normal) (G1 Evacuation Pause)
[425.720s][info][gc,task        ] GC(1006) Using 2 workers of 2 for evacuation
[425.762s][info][gc,phases      ] GC(1006)   Pre Evacuate Collection Set: 0.31ms
[425.762s][info][gc,phases      ] GC(1006)   Merge Heap Roots: 0.35ms
[425.762s][info][gc,phases      ] GC(1006)   Evacuate Collection Set: 40.80ms
[425.762s][info][gc,phases      ] GC(1006)   Post Evacuate Collection Set: 0.33ms
[425.762s][info][gc,phases      ] GC(1006)   Other: 0.07ms
[425.762s][info][gc,heap        ] GC(1006) Eden regions: 112->0(112)
[425.762s][info][gc,heap        ] GC(1006) Survivor regions: 19->9(17)
[425.762s][info][gc,heap        ] GC(1006) Old regions: 767->787
[425.762s][info][gc,heap        ] GC(1006) Humongous regions: 11->11
[425.762s][info][gc,metaspace   ] GC(1006) Metaspace: 18943K(19136K)->18943K(19136K) NonClass: 16277K(16384K)->16277K(16384K) Class: 2666K(2752K)->2666K(2752K)
[425.762s][info][gc             ] GC(1006) Pause Young (Normal) (G1 Evacuation Pause) 908M->806M(978M) 42.068ms
[425.762s][info][gc,cpu         ] GC(1006) User=0.09s Sys=0.00s Real=0.05s
[425.960s][info][gc,start       ] GC(1007) Pause Young (Normal) (G1 Evacuation Pause)
[425.960s][info][gc,task        ] GC(1007) Using 2 workers of 2 for evacuation
[425.980s][info][gc,phases      ] GC(1007)   Pre Evacuate Collection Set: 0.29ms
[425.980s][info][gc,phases      ] GC(1007)   Merge Heap Roots: 0.12ms
[425.980s][info][gc,phases      ] GC(1007)   Evacuate Collection Set: 18.77ms
[425.980s][info][gc,phases      ] GC(1007)   Post Evacuate Collection Set: 0.34ms
[425.980s][info][gc,phases      ] GC(1007)   Other: 0.09ms
[425.980s][info][gc,heap        ] GC(1007) Eden regions: 112->0(104)
[425.980s][info][gc,heap        ] GC(1007) Survivor regions: 9->9(16)
[425.980s][info][gc,heap        ] GC(1007) Old regions: 787->795
[425.980s][info][gc,heap        ] GC(1007) Humongous regions: 11->11
[425.980s][info][gc,metaspace   ] GC(1007) Metaspace: 18943K(19136K)->18943K(19136K) NonClass: 16277K(16384K)->16277K(16384K) Class: 2666K(2752K)->2666K(2752K)
[425.980s][info][gc             ] GC(1007) Pause Young (Normal) (G1 Evacuation Pause) 918M->814M(978M) 19.828ms
[425.980s][info][gc,cpu         ] GC(1007) User=0.04s Sys=0.00s Real=0.02s
[426.106s][info][gc,start       ] GC(1008) Pause Young (Normal) (G1 Evacuation Pause)
[426.106s][info][gc,task        ] GC(1008) Using 2 workers of 2 for evacuation
[426.120s][info][gc,phases      ] GC(1008)   Pre Evacuate Collection Set: 0.50ms
[426.120s][info][gc,phases      ] GC(1008)   Merge Heap Roots: 0.14ms
[426.120s][info][gc,phases      ] GC(1008)   Evacuate Collection Set: 12.53ms
[426.120s][info][gc,phases      ] GC(1008)   Post Evacuate Collection Set: 0.32ms
[426.120s][info][gc,phases      ] GC(1008)   Other: 0.10ms
[426.120s][info][gc,heap        ] GC(1008) Eden regions: 104->0(109)
[426.120s][info][gc,heap        ] GC(1008) Survivor regions: 9->2(15)
[426.120s][info][gc,heap        ] GC(1008) Old regions: 795->804
[426.120s][info][gc,heap        ] GC(1008) Humongous regions: 11->11
[426.120s][info][gc,metaspace   ] GC(1008) Metaspace: 18943K(19136K)->18943K(19136K) NonClass: 16277K(16384K)->16277K(16384K) Class: 2666K(2752K)->2666K(2752K)
[426.120s][info][gc             ] GC(1008) Pause Young (Normal) (G1 Evacuation Pause) 918M->816M(978M) 13.816ms
[426.120s][info][gc,cpu         ] GC(1008) User=0.03s Sys=0.00s Real=0.01s
[426.198s][info][gc,marking     ] GC(1001) Concurrent Mark From Roots 1797.282ms
[426.198s][info][gc,marking     ] GC(1001) Concurrent Preclean
[426.198s][info][gc,marking     ] GC(1001) Concurrent Preclean 0.033ms
[426.198s][info][gc,start       ] GC(1001) Pause Remark
[426.206s][info][gc             ] GC(1001) Pause Remark 851M->784M(978M) 7.797ms
[426.206s][info][gc,cpu         ] GC(1001) User=0.01s Sys=0.00s Real=0.01s
[426.206s][info][gc,marking     ] GC(1001) Concurrent Mark 1805.391ms
[426.206s][info][gc,marking     ] GC(1001) Concurrent Rebuild Remembered Sets and Scrub Regions
[426.339s][info][gc,start       ] GC(1009) Pause Young (Normal) (G1 Evacuation Pause)
[426.340s][info][gc,task        ] GC(1009) Using 2 workers of 2 for evacuation
[426.344s][info][gc,phases      ] GC(1009)   Pre Evacuate Collection Set: 0.26ms
[426.344s][info][gc,phases      ] GC(1009)   Merge Heap Roots: 0.12ms
[426.344s][info][gc,phases      ] GC(1009)   Evacuate Collection Set: 3.83ms
[426.344s][info][gc,phases      ] GC(1009)   Post Evacuate Collection Set: 0.32ms
[426.344s][info][gc,phases      ] GC(1009)   Other: 0.10ms
[426.344s][info][gc,heap        ] GC(1009) Eden regions: 109->0(176)
[426.344s][info][gc,heap        ] GC(1009) Survivor regions: 2->2(14)
[426.344s][info][gc,heap        ] GC(1009) Old regions: 739->739
[426.344s][info][gc,heap        ] GC(1009) Humongous regions: 9->9
[426.344s][info][gc,metaspace   ] GC(1009) Metaspace: 18944K(19136K)->18944K(19136K) NonClass: 16277K(16384K)->16277K(16384K) Class: 2666K(2752K)->2666K(2752K)
[426.344s][info][gc             ] GC(1009) Pause Young (Normal) (G1 Evacuation Pause) 858M->749M(978M) 4.838ms
[426.344s][info][gc,cpu         ] GC(1009) User=0.01s Sys=0.00s Real=0.01s
[426.512s][info][gc,start       ] GC(1010) Pause Young (Normal) (G1 Evacuation Pause)
[426.512s][info][gc,task        ] GC(1010) Using 2 workers of 2 for evacuation
[426.553s][info][gc,phases      ] GC(1010)   Pre Evacuate Collection Set: 0.49ms
[426.553s][info][gc,phases      ] GC(1010)   Merge Heap Roots: 0.15ms
[426.553s][info][gc,phases      ] GC(1010)   Evacuate Collection Set: 39.26ms
[426.553s][info][gc,phases      ] GC(1010)   Post Evacuate Collection Set: 0.49ms
[426.553s][info][gc,phases      ] GC(1010)   Other: 0.07ms
[426.553s][info][gc,heap        ] GC(1010) Eden regions: 176->0(119)
[426.553s][info][gc,heap        ] GC(1010) Survivor regions: 2->23(23)
[426.553s][info][gc,heap        ] GC(1010) Old regions: 739->754
[426.553s][info][gc,heap        ] GC(1010) Humongous regions: 9->9
[426.553s][info][gc,metaspace   ] GC(1010) Metaspace: 18948K(19136K)->18948K(19136K) NonClass: 16282K(16384K)->16282K(16384K) Class: 2666K(2752K)->2666K(2752K)
[426.553s][info][gc             ] GC(1010) Pause Young (Normal) (G1 Evacuation Pause) 925M->785M(978M) 40.647ms
[426.553s][info][gc,cpu         ] GC(1010) User=0.08s Sys=0.00s Real=0.04s
[426.703s][info][gc,start       ] GC(1011) Pause Young (Normal) (G1 Evacuation Pause)
[426.703s][info][gc,task        ] GC(1011) Using 2 workers of 2 for evacuation
[426.749s][info][gc,phases      ] GC(1011)   Pre Evacuate Collection Set: 0.29ms
[426.749s][info][gc,phases      ] GC(1011)   Merge Heap Roots: 0.25ms
[426.749s][info][gc,phases      ] GC(1011)   Evacuate Collection Set: 45.25ms
[426.749s][info][gc,phases      ] GC(1011)   Post Evacuate Collection Set: 0.35ms
[426.749s][info][gc,phases      ] GC(1011)   Other: 0.09ms
[426.749s][info][gc,heap        ] GC(1011) Eden regions: 119->0(101)
[426.749s][info][gc,heap        ] GC(1011) Survivor regions: 23->18(18)
[426.749s][info][gc,heap        ] GC(1011) Old regions: 754->782
[426.749s][info][gc,heap        ] GC(1011) Humongous regions: 9->9
[426.749s][info][gc,metaspace   ] GC(1011) Metaspace: 18948K(19136K)->18948K(19136K) NonClass: 16282K(16384K)->16282K(16384K) Class: 2666K(2752K)->2666K(2752K)
[426.749s][info][gc             ] GC(1011) Pause Young (Normal) (G1 Evacuation Pause) 904M->808M(978M) 46.455ms
[426.749s][info][gc,cpu         ] GC(1011) User=0.09s Sys=0.00s Real=0.04s
[426.886s][info][gc,marking     ] GC(1001) Concurrent Rebuild Remembered Sets and Scrub Regions 680.206ms
[426.886s][info][gc,start       ] GC(1001) Pause Cleanup
[426.886s][info][gc             ] GC(1001) Pause Cleanup 886M->886M(978M) 0.129ms
[426.886s][info][gc,cpu         ] GC(1001) User=0.00s Sys=0.00s Real=0.00s
[426.887s][info][gc,marking     ] GC(1001) Concurrent Clear Claimed Marks
[426.887s][info][gc,marking     ] GC(1001) Concurrent Clear Claimed Marks 0.036ms
[426.887s][info][gc,marking     ] GC(1001) Concurrent Cleanup for Next Mark
[426.894s][info][gc,marking     ] GC(1001) Concurrent Cleanup for Next Mark 7.250ms
[426.894s][info][gc             ] GC(1001) Concurrent Mark Cycle 2630.537ms
[426.909s][info][gc,start       ] GC(1012) Pause Young (Prepare Mixed) (G1 Evacuation Pause)
[426.909s][info][gc,task        ] GC(1012) Using 2 workers of 2 for evacuation
[426.947s][info][gc,phases      ] GC(1012)   Pre Evacuate Collection Set: 0.49ms
[426.947s][info][gc,phases      ] GC(1012)   Merge Heap Roots: 0.23ms
[426.947s][info][gc,phases      ] GC(1012)   Evacuate Collection Set: 36.83ms
[426.947s][info][gc,phases      ] GC(1012)   Post Evacuate Collection Set: 0.47ms
[426.947s][info][gc,phases      ] GC(1012)   Other: 0.07ms
[426.947s][info][gc,heap        ] GC(1012) Eden regions: 101->0(92)
[426.947s][info][gc,heap        ] GC(1012) Survivor regions: 18->13(15)
[426.947s][info][gc,heap        ] GC(1012) Old regions: 782->800
[426.947s][info][gc,heap        ] GC(1012) Humongous regions: 10->10
[426.947s][info][gc,metaspace   ] GC(1012) Metaspace: 18948K(19136K)->18948K(19136K) NonClass: 16282K(16384K)->16282K(16384K) Class: 2666K(2752K)->2666K(2752K)
[426.947s][info][gc             ] GC(1012) Pause Young (Prepare Mixed) (G1 Evacuation Pause) 910M->822M(978M) 38.269ms
[426.947s][info][gc,cpu         ] GC(1012) User=0.08s Sys=0.00s Real=0.04s
[426.999s][info][gc,start       ] GC(1013) Pause Young (Mixed) (G1 Evacuation Pause)
[427.000s][info][gc,task        ] GC(1013) Using 2 workers of 2 for evacuation
[427.037s][info][gc,phases      ] GC(1013)   Pre Evacuate Collection Set: 0.31ms
[427.037s][info][gc,phases      ] GC(1013)   Merge Heap Roots: 0.44ms
[427.037s][info][gc,phases      ] GC(1013)   Evacuate Collection Set: 36.67ms
[427.037s][info][gc,phases      ] GC(1013)   Post Evacuate Collection Set: 0.38ms
[427.037s][info][gc,phases      ] GC(1013)   Other: 0.07ms
[427.037s][info][gc,heap        ] GC(1013) Eden regions: 92->0(133)
[427.037s][info][gc,heap        ] GC(1013) Survivor regions: 13->5(14)
[427.037s][info][gc,heap        ] GC(1013) Old regions: 800->775
[427.037s][info][gc,heap        ] GC(1013) Humongous regions: 10->10
[427.037s][info][gc,metaspace   ] GC(1013) Metaspace: 18948K(19136K)->18948K(19136K) NonClass: 16282K(16384K)->16282K(16384K) Class: 2666K(2752K)->2666K(2752K)
[427.038s][info][gc             ] GC(1013) Pause Young (Mixed) (G1 Evacuation Pause) 914M->788M(978M) 38.080ms
[427.038s][info][gc,cpu         ] GC(1013) User=0.08s Sys=0.00s Real=0.04s
[427.122s][info][gc,start       ] GC(1014) Pause Young (Concurrent Start) (G1 Evacuation Pause)
[427.122s][info][gc,task        ] GC(1014) Using 2 workers of 2 for evacuation
[427.132s][info][gc,phases      ] GC(1014)   Pre Evacuate Collection Set: 0.35ms
[427.132s][info][gc,phases      ] GC(1014)   Merge Heap Roots: 0.10ms
[427.132s][info][gc,phases      ] GC(1014)   Evacuate Collection Set: 8.69ms
[427.132s][info][gc,phases      ] GC(1014)   Post Evacuate Collection Set: 0.34ms
[427.132s][info][gc,phases      ] GC(1014)   Other: 0.10ms
[427.132s][info][gc,heap        ] GC(1014) Eden regions: 133->0(129)
[427.132s][info][gc,heap        ] GC(1014) Survivor regions: 5->7(18)
[427.132s][info][gc,heap        ] GC(1014) Old regions: 775->775
[427.132s][info][gc,heap        ] GC(1014) Humongous regions: 10->10
[427.132s][info][gc,metaspace   ] GC(1014) Metaspace: 18948K(19136K)->18948K(19136K) NonClass: 16282K(16384K)->16282K(16384K) Class: 2666K(2752K)->2666K(2752K)
[427.132s][info][gc             ] GC(1014) Pause Young (Concurrent Start) (G1 Evacuation Pause) 921M->791M(978M) 9.776ms
[427.132s][info][gc,cpu         ] GC(1014) User=0.01s Sys=0.00s Real=0.01s
[427.132s][info][gc             ] GC(1015) Concurrent Mark Cycle
[427.132s][info][gc,marking     ] GC(1015) Concurrent Scan Root Regions
[427.146s][info][gc,marking     ] GC(1015) Concurrent Scan Root Regions 14.576ms
[427.146s][info][gc,marking     ] GC(1015) Concurrent Mark
[427.146s][info][gc,marking     ] GC(1015) Concurrent Mark From Roots
[427.147s][info][gc,task        ] GC(1015) Using 1 workers of 1 for marking
[427.487s][info][gc,start       ] GC(1016) Pause Young (Normal) (G1 Evacuation Pause)
[427.487s][info][gc,task        ] GC(1016) Using 2 workers of 2 for evacuation
[427.499s][info][gc,phases      ] GC(1016)   Pre Evacuate Collection Set: 0.51ms
[427.499s][info][gc,phases      ] GC(1016)   Merge Heap Roots: 0.15ms
[427.499s][info][gc,phases      ] GC(1016)   Evacuate Collection Set: 10.90ms
[427.499s][info][gc,phases      ] GC(1016)   Post Evacuate Collection Set: 0.35ms
[427.499s][info][gc,phases      ] GC(1016)   Other: 0.09ms
[427.499s][info][gc,heap        ] GC(1016) Eden regions: 129->0(125)
[427.499s][info][gc,heap        ] GC(1016) Survivor regions: 7->9(17)
[427.499s][info][gc,heap        ] GC(1016) Old regions: 775->775
[427.499s][info][gc,heap        ] GC(1016) Humongous regions: 10->10
[427.499s][info][gc,metaspace   ] GC(1016) Metaspace: 18948K(19136K)->18948K(19136K) NonClass: 16282K(16384K)->16282K(16384K) Class: 2666K(2752K)->2666K(2752K)
[427.499s][info][gc             ] GC(1016) Pause Young (Normal) (G1 Evacuation Pause) 920M->792M(978M) 12.208ms
[427.499s][info][gc,cpu         ] GC(1016) User=0.03s Sys=0.00s Real=0.01s
[427.851s][info][gc,marking     ] GC(1015) Concurrent Mark From Roots 704.515ms
[427.851s][info][gc,marking     ] GC(1015) Concurrent Preclean
[427.851s][info][gc,marking     ] GC(1015) Concurrent Preclean 0.040ms
[427.851s][info][gc,start       ] GC(1015) Pause Remark
[427.859s][info][gc             ] GC(1015) Pause Remark 882M->393M(978M) 8.234ms
[427.860s][info][gc,cpu         ] GC(1015) User=0.01s Sys=0.00s Real=0.00s
[427.860s][info][gc,marking     ] GC(1015) Concurrent Mark 713.079ms
[427.860s][info][gc,marking     ] GC(1015) Concurrent Rebuild Remembered Sets and Scrub Regions
[427.993s][info][gc,start       ] GC(1017) Pause Young (Normal) (G1 Evacuation Pause)
[427.993s][info][gc,task        ] GC(1017) Using 2 workers of 2 for evacuation
[428.009s][info][gc,phases      ] GC(1017)   Pre Evacuate Collection Set: 0.27ms
[428.009s][info][gc,phases      ] GC(1017)   Merge Heap Roots: 0.19ms
[428.009s][info][gc,phases      ] GC(1017)   Evacuate Collection Set: 14.24ms
[428.009s][info][gc,phases      ] GC(1017)   Post Evacuate Collection Set: 0.38ms
[428.009s][info][gc,phases      ] GC(1017)   Other: 0.08ms
[428.009s][info][gc,heap        ] GC(1017) Eden regions: 125->0(573)
[428.009s][info][gc,heap        ] GC(1017) Survivor regions: 9->13(17)
[428.009s][info][gc,heap        ] GC(1017) Old regions: 293->293
[428.009s][info][gc,heap        ] GC(1017) Humongous regions: 3->3
[428.009s][info][gc,metaspace   ] GC(1017) Metaspace: 18949K(19136K)->18949K(19136K) NonClass: 16283K(16384K)->16283K(16384K) Class: 2666K(2752K)->2666K(2752K)
[428.009s][info][gc             ] GC(1017) Pause Young (Normal) (G1 Evacuation Pause) 428M->307M(978M) 15.370ms
[428.009s][info][gc,cpu         ] GC(1017) User=0.03s Sys=0.00s Real=0.01s
[428.036s][info][gc,marking     ] GC(1015) Concurrent Rebuild Remembered Sets and Scrub Regions 176.545ms
[428.036s][info][gc,start       ] GC(1015) Pause Cleanup
[428.036s][info][gc             ] GC(1015) Pause Cleanup 325M->325M(978M) 0.099ms
[428.036s][info][gc,cpu         ] GC(1015) User=0.00s Sys=0.00s Real=0.00s
[428.039s][info][gc,marking     ] GC(1015) Concurrent Clear Claimed Marks
[428.039s][info][gc,marking     ] GC(1015) Concurrent Clear Claimed Marks 0.042ms
[428.039s][info][gc,marking     ] GC(1015) Concurrent Cleanup for Next Mark
[428.046s][info][gc,marking     ] GC(1015) Concurrent Cleanup for Next Mark 6.817ms
[428.046s][info][gc             ] GC(1015) Concurrent Mark Cycle 913.986ms
[428.723s][info][gc,start       ] GC(1018) Pause Young (Prepare Mixed) (G1 Evacuation Pause)
[428.723s][info][gc,task        ] GC(1018) Using 2 workers of 2 for evacuation
[428.819s][info][gc,phases      ] GC(1018)   Pre Evacuate Collection Set: 0.28ms
[428.819s][info][gc,phases      ] GC(1018)   Merge Heap Roots: 0.51ms
[428.819s][info][gc,phases      ] GC(1018)   Evacuate Collection Set: 93.97ms
[428.819s][info][gc,phases      ] GC(1018)   Post Evacuate Collection Set: 0.87ms
[428.819s][info][gc,phases      ] GC(1018)   Other: 0.11ms
[428.819s][info][gc,heap        ] GC(1018) Eden regions: 573->0(468)
[428.819s][info][gc,heap        ] GC(1018) Survivor regions: 13->74(74)
[428.819s][info][gc,heap        ] GC(1018) Old regions: 293->308
[428.819s][info][gc,heap        ] GC(1018) Humongous regions: 4->4
[428.819s][info][gc,metaspace   ] GC(1018) Metaspace: 18952K(19136K)->18952K(19136K) NonClass: 16286K(16384K)->16286K(16384K) Class: 2666K(2752K)->2666K(2752K)
[428.819s][info][gc             ] GC(1018) Pause Young (Prepare Mixed) (G1 Evacuation Pause) 881M->385M(978M) 95.972ms
[428.819s][info][gc,cpu         ] GC(1018) User=0.19s Sys=0.00s Real=0.09s
[429.434s][info][gc,start       ] GC(1019) Pause Young (Mixed) (G1 Evacuation Pause)
[429.434s][info][gc,task        ] GC(1019) Using 2 workers of 2 for evacuation
[429.781s][info][gc,mmu         ] GC(1019) MMU target violated: 201.0ms (200.0ms/201.0ms)
[429.781s][info][gc,phases      ] GC(1019)   Pre Evacuate Collection Set: 0.51ms
[429.781s][info][gc,phases      ] GC(1019)   Merge Heap Roots: 0.96ms
[429.781s][info][gc,phases      ] GC(1019)   Evacuate Collection Set: 312.80ms
[429.781s][info][gc,phases      ] GC(1019)   Post Evacuate Collection Set: 33.26ms
[429.781s][info][gc,phases      ] GC(1019)   Other: 0.16ms
[429.781s][info][gc,heap        ] GC(1019) Eden regions: 468->0(179)
[429.781s][info][gc,heap        ] GC(1019) Survivor regions: 74->68(68)
[429.781s][info][gc,heap        ] GC(1019) Old regions: 308->608
[429.781s][info][gc,heap        ] GC(1019) Humongous regions: 5->5
[429.781s][info][gc,metaspace   ] GC(1019) Metaspace: 18953K(19136K)->18953K(19136K) NonClass: 16287K(16384K)->16287K(16384K) Class: 2666K(2752K)->2666K(2752K)
[429.782s][info][gc             ] GC(1019) Pause Young (Mixed) (G1 Evacuation Pause) (Evacuation Failure: Allocation) 854M->680M(978M) 347.909ms
[429.782s][info][gc,cpu         ] GC(1019) User=0.69s Sys=0.00s Real=0.35s
[429.783s][info][gc,start       ] GC(1020) Pause Young (Mixed) (G1 Evacuation Pause)
[429.783s][info][gc,task        ] GC(1020) Using 2 workers of 2 for evacuation
[429.983s][info][gc,mmu         ] GC(1020) MMU target violated: 200.5ms (200.0ms/201.0ms)
[429.983s][info][gc,phases      ] GC(1020)   Pre Evacuate Collection Set: 0.29ms
[429.983s][info][gc,phases      ] GC(1020)   Merge Heap Roots: 3.73ms
[429.983s][info][gc,phases      ] GC(1020)   Evacuate Collection Set: 165.71ms
[429.983s][info][gc,phases      ] GC(1020)   Merge Optional Heap Roots: 0.15ms
[429.983s][info][gc,phases      ] GC(1020)   Evacuate Optional Collection Set: 28.78ms
[429.983s][info][gc,phases      ] GC(1020)   Post Evacuate Collection Set: 1.70ms
[429.983s][info][gc,phases      ] GC(1020)   Other: 0.18ms
[429.983s][info][gc,heap        ] GC(1020) Eden regions: 1->0(316)
[429.983s][info][gc,heap        ] GC(1020) Survivor regions: 68->1(9)
[429.983s][info][gc,heap        ] GC(1020) Old regions: 608->550
[429.983s][info][gc,heap        ] GC(1020) Humongous regions: 5->5
[429.983s][info][gc,metaspace   ] GC(1020) Metaspace: 18953K(19136K)->18953K(19136K) NonClass: 16287K(16384K)->16287K(16384K) Class: 2666K(2752K)->2666K(2752K)
[429.984s][info][gc             ] GC(1020) Pause Young (Mixed) (G1 Evacuation Pause) 681M->554M(978M) 200.681ms
[429.984s][info][gc,cpu         ] GC(1020) User=0.39s Sys=0.00s Real=0.20s
[430.273s][info][gc,start       ] GC(1021) Pause Young (Concurrent Start) (G1 Evacuation Pause)
[430.273s][info][gc,task        ] GC(1021) Using 2 workers of 2 for evacuation
[430.336s][info][gc,phases      ] GC(1021)   Pre Evacuate Collection Set: 0.34ms
[430.336s][info][gc,phases      ] GC(1021)   Merge Heap Roots: 0.27ms
[430.336s][info][gc,phases      ] GC(1021)   Evacuate Collection Set: 61.27ms
[430.336s][info][gc,phases      ] GC(1021)   Post Evacuate Collection Set: 0.58ms
[430.336s][info][gc,phases      ] GC(1021)   Other: 0.10ms
[430.336s][info][gc,heap        ] GC(1021) Eden regions: 316->0(332)
[430.336s][info][gc,heap        ] GC(1021) Survivor regions: 1->17(40)
[430.336s][info][gc,heap        ] GC(1021) Old regions: 550->519
[430.336s][info][gc,heap        ] GC(1021) Humongous regions: 5->5
[430.336s][info][gc,metaspace   ] GC(1021) Metaspace: 18955K(19136K)->18955K(19136K) NonClass: 16289K(16384K)->16289K(16384K) Class: 2666K(2752K)->2666K(2752K)
[430.336s][info][gc             ] GC(1021) Pause Young (Concurrent Start) (G1 Evacuation Pause) 870M->540M(978M) 62.798ms
[430.336s][info][gc             ] GC(1022) Concurrent Mark Cycle
[430.336s][info][gc,marking     ] GC(1022) Concurrent Scan Root Regions
[430.336s][info][gc,cpu         ] GC(1021) User=0.12s Sys=0.00s Real=0.06s
[430.474s][info][gc,marking     ] GC(1022) Concurrent Scan Root Regions 137.844ms
[430.474s][info][gc,marking     ] GC(1022) Concurrent Mark
[430.474s][info][gc,marking     ] GC(1022) Concurrent Mark From Roots
[430.474s][info][gc,task        ] GC(1022) Using 1 workers of 1 for marking
[430.855s][info][gc,start       ] GC(1023) Pause Young (Normal) (G1 Evacuation Pause)
[430.855s][info][gc,task        ] GC(1023) Using 2 workers of 2 for evacuation
[431.036s][info][gc,phases      ] GC(1023)   Pre Evacuate Collection Set: 0.33ms
[431.036s][info][gc,phases      ] GC(1023)   Merge Heap Roots: 0.18ms
[431.036s][info][gc,phases      ] GC(1023)   Evacuate Collection Set: 161.38ms
[431.036s][info][gc,phases      ] GC(1023)   Post Evacuate Collection Set: 19.36ms
[431.036s][info][gc,phases      ] GC(1023)   Other: 0.08ms
[431.036s][info][gc,heap        ] GC(1023) Eden regions: 332->0(41)
[431.036s][info][gc,heap        ] GC(1023) Survivor regions: 17->44(44)
[431.036s][info][gc,heap        ] GC(1023) Old regions: 519->794
[431.036s][info][gc,heap        ] GC(1023) Humongous regions: 5->5
[431.036s][info][gc,metaspace   ] GC(1023) Metaspace: 18957K(19136K)->18957K(19136K) NonClass: 16291K(16384K)->16291K(16384K) Class: 2666K(2752K)->2666K(2752K)
[431.036s][info][gc             ] GC(1023) Pause Young (Normal) (G1 Evacuation Pause) (Evacuation Failure: Allocation) 872M->842M(978M) 181.584ms
[431.036s][info][gc,cpu         ] GC(1023) User=0.36s Sys=0.00s Real=0.18s
[431.183s][info][gc,start       ] GC(1024) Pause Young (Normal) (G1 Evacuation Pause)
[431.183s][info][gc,task        ] GC(1024) Using 2 workers of 2 for evacuation
[431.270s][info][gc,phases      ] GC(1024)   Pre Evacuate Collection Set: 0.40ms
[431.270s][info][gc,phases      ] GC(1024)   Merge Heap Roots: 0.58ms
[431.270s][info][gc,phases      ] GC(1024)   Evacuate Collection Set: 85.14ms
[431.270s][info][gc,phases      ] GC(1024)   Post Evacuate Collection Set: 0.96ms
[431.270s][info][gc,phases      ] GC(1024)   Other: 0.09ms
[431.270s][info][gc,heap        ] GC(1024) Eden regions: 41->0(194)
[431.270s][info][gc,heap        ] GC(1024) Survivor regions: 44->8(11)
[431.270s][info][gc,heap        ] GC(1024) Old regions: 794->680
[431.270s][info][gc,heap        ] GC(1024) Humongous regions: 5->5
[431.270s][info][gc,metaspace   ] GC(1024) Metaspace: 18957K(19136K)->18957K(19136K) NonClass: 16291K(16384K)->16291K(16384K) Class: 2666K(2752K)->2666K(2752K)
[431.270s][info][gc             ] GC(1024) Pause Young (Normal) (G1 Evacuation Pause) (Evacuation Failure: Allocation) 883M->692M(978M) 87.372ms
[431.270s][info][gc,cpu         ] GC(1024) User=0.17s Sys=0.00s Real=0.08s
[431.428s][info][gc,start       ] GC(1025) Pause Young (Normal) (G1 Evacuation Pause)
[431.428s][info][gc,task        ] GC(1025) Using 2 workers of 2 for evacuation
[431.500s][info][gc,phases      ] GC(1025)   Pre Evacuate Collection Set: 0.51ms
[431.500s][info][gc,phases      ] GC(1025)   Merge Heap Roots: 0.25ms
[431.500s][info][gc,phases      ] GC(1025)   Evacuate Collection Set: 70.39ms
[431.500s][info][gc,phases      ] GC(1025)   Post Evacuate Collection Set: 0.70ms
[431.500s][info][gc,phases      ] GC(1025)   Other: 0.08ms
[431.500s][info][gc,heap        ] GC(1025) Eden regions: 194->0(176)
[431.500s][info][gc,heap        ] GC(1025) Survivor regions: 8->26(26)
[431.500s][info][gc,heap        ] GC(1025) Old regions: 680->674
[431.500s][info][gc,heap        ] GC(1025) Humongous regions: 5->5
[431.500s][info][gc,metaspace   ] GC(1025) Metaspace: 18957K(19136K)->18957K(19136K) NonClass: 16291K(16384K)->16291K(16384K) Class: 2666K(2752K)->2666K(2752K)
[431.500s][info][gc             ] GC(1025) Pause Young (Normal) (G1 Evacuation Pause) 886M->704M(978M) 72.137ms
[431.500s][info][gc,cpu         ] GC(1025) User=0.14s Sys=0.00s Real=0.07s
[431.821s][info][gc,start       ] GC(1026) Pause Young (Normal) (G1 Evacuation Pause)
[431.821s][info][gc,task        ] GC(1026) Using 2 workers of 2 for evacuation
[431.897s][info][gc,phases      ] GC(1026)   Pre Evacuate Collection Set: 0.48ms
[431.897s][info][gc,phases      ] GC(1026)   Merge Heap Roots: 0.55ms
[431.897s][info][gc,phases      ] GC(1026)   Evacuate Collection Set: 74.62ms
[431.897s][info][gc,phases      ] GC(1026)   Post Evacuate Collection Set: 0.55ms
[431.897s][info][gc,phases      ] GC(1026)   Other: 0.07ms
[431.897s][info][gc,heap        ] GC(1026) Eden regions: 176->0(151)
[431.897s][info][gc,heap        ] GC(1026) Survivor regions: 26->26(26)
[431.897s][info][gc,heap        ] GC(1026) Old regions: 674->703
[431.897s][info][gc,heap        ] GC(1026) Humongous regions: 8->8
[431.897s][info][gc,metaspace   ] GC(1026) Metaspace: 18957K(19136K)->18957K(19136K) NonClass: 16291K(16384K)->16291K(16384K) Class: 2666K(2752K)->2666K(2752K)
[431.897s][info][gc             ] GC(1026) Pause Young (Normal) (G1 Evacuation Pause) 883M->736M(978M) 76.502ms
[431.897s][info][gc,cpu         ] GC(1026) User=0.15s Sys=0.00s Real=0.08s
[432.110s][info][gc,start       ] GC(1027) Pause Young (Normal) (G1 Evacuation Pause)
[432.110s][info][gc,task        ] GC(1027) Using 2 workers of 2 for evacuation
[432.197s][info][gc,phases      ] GC(1027)   Pre Evacuate Collection Set: 0.29ms
[432.197s][info][gc,phases      ] GC(1027)   Merge Heap Roots: 0.46ms
[432.197s][info][gc,phases      ] GC(1027)   Evacuate Collection Set: 85.56ms
[432.197s][info][gc,phases      ] GC(1027)   Post Evacuate Collection Set: 0.44ms
[432.197s][info][gc,phases      ] GC(1027)   Other: 0.09ms
[432.197s][info][gc,heap        ] GC(1027) Eden regions: 151->0(119)
[432.197s][info][gc,heap        ] GC(1027) Survivor regions: 26->23(23)
[432.197s][info][gc,heap        ] GC(1027) Old regions: 703->741
[432.197s][info][gc,heap        ] GC(1027) Humongous regions: 11->11
[432.197s][info][gc,metaspace   ] GC(1027) Metaspace: 18957K(19136K)->18957K(19136K) NonClass: 16291K(16384K)->16291K(16384K) Class: 2666K(2752K)->2666K(2752K)
[432.197s][info][gc             ] GC(1027) Pause Young (Normal) (G1 Evacuation Pause) 890M->774M(978M) 87.092ms
[432.197s][info][gc,cpu         ] GC(1027) User=0.17s Sys=0.00s Real=0.09s
[432.386s][info][gc,start       ] GC(1028) Pause Young (Normal) (G1 Evacuation Pause)
[432.386s][info][gc,task        ] GC(1028) Using 2 workers of 2 for evacuation
[432.437s][info][gc,phases      ] GC(1028)   Pre Evacuate Collection Set: 0.48ms
[432.437s][info][gc,phases      ] GC(1028)   Merge Heap Roots: 0.25ms
[432.437s][info][gc,phases      ] GC(1028)   Evacuate Collection Set: 50.42ms
[432.437s][info][gc,phases      ] GC(1028)   Post Evacuate Collection Set: 0.36ms
[432.437s][info][gc,phases      ] GC(1028)   Other: 0.08ms
[432.437s][info][gc,heap        ] GC(1028) Eden regions: 119->0(111)
[432.437s][info][gc,heap        ] GC(1028) Survivor regions: 23->18(18)
[432.437s][info][gc,heap        ] GC(1028) Old regions: 741->764
[432.437s][info][gc,heap        ] GC(1028) Humongous regions: 11->11
[432.437s][info][gc,metaspace   ] GC(1028) Metaspace: 18957K(19136K)->18957K(19136K) NonClass: 16291K(16384K)->16291K(16384K) Class: 2666K(2752K)->2666K(2752K)
[432.437s][info][gc             ] GC(1028) Pause Young (Normal) (G1 Evacuation Pause) 893M->792M(978M) 51.806ms
[432.437s][info][gc,cpu         ] GC(1028) User=0.10s Sys=0.00s Real=0.05s
[432.445s][info][gc,marking     ] GC(1022) Concurrent Mark From Roots 1971.241ms
[432.445s][info][gc,marking     ] GC(1022) Concurrent Preclean
[432.445s][info][gc,marking     ] GC(1022) Concurrent Preclean 0.030ms
[432.445s][info][gc,start       ] GC(1022) Pause Remark
[432.453s][info][gc             ] GC(1022) Pause Remark 799M->799M(978M) 7.803ms
[432.453s][info][gc,cpu         ] GC(1022) User=0.01s Sys=0.00s Real=0.01s
[432.454s][info][gc,marking     ] GC(1022) Concurrent Mark 1979.673ms
[432.454s][info][gc,marking     ] GC(1022) Concurrent Rebuild Remembered Sets and Scrub Regions
[432.538s][info][gc,start       ] GC(1029) Pause Young (Normal) (G1 Evacuation Pause)
[432.538s][info][gc,task        ] GC(1029) Using 2 workers of 2 for evacuation
[432.571s][info][gc,phases      ] GC(1029)   Pre Evacuate Collection Set: 0.24ms
[432.571s][info][gc,phases      ] GC(1029)   Merge Heap Roots: 0.15ms
[432.571s][info][gc,phases      ] GC(1029)   Evacuate Collection Set: 32.06ms
[432.571s][info][gc,phases      ] GC(1029)   Post Evacuate Collection Set: 0.31ms
[432.571s][info][gc,phases      ] GC(1029)   Other: 0.06ms
[432.571s][info][gc,heap        ] GC(1029) Eden regions: 111->0(109)
[432.571s][info][gc,heap        ] GC(1029) Survivor regions: 18->13(17)
[432.571s][info][gc,heap        ] GC(1029) Old regions: 764->782
[432.571s][info][gc,heap        ] GC(1029) Humongous regions: 11->11
[432.571s][info][gc,metaspace   ] GC(1029) Metaspace: 18957K(19136K)->18957K(19136K) NonClass: 16291K(16384K)->16291K(16384K) Class: 2666K(2752K)->2666K(2752K)
[432.571s][info][gc             ] GC(1029) Pause Young (Normal) (G1 Evacuation Pause) 903M->804M(978M) 33.004ms
[432.571s][info][gc,cpu         ] GC(1029) User=0.07s Sys=0.00s Real=0.03s
[432.685s][info][gc,start       ] GC(1030) Pause Young (Normal) (G1 Evacuation Pause)
[432.685s][info][gc,task        ] GC(1030) Using 2 workers of 2 for evacuation
[432.717s][info][gc,phases      ] GC(1030)   Pre Evacuate Collection Set: 0.42ms
[432.717s][info][gc,phases      ] GC(1030)   Merge Heap Roots: 0.18ms
[432.717s][info][gc,phases      ] GC(1030)   Evacuate Collection Set: 30.46ms
[432.717s][info][gc,phases      ] GC(1030)   Post Evacuate Collection Set: 0.32ms
[432.717s][info][gc,phases      ] GC(1030)   Other: 0.07ms
[432.717s][info][gc,heap        ] GC(1030) Eden regions: 109->0(97)
[432.717s][info][gc,heap        ] GC(1030) Survivor regions: 13->13(16)
[432.717s][info][gc,heap        ] GC(1030) Old regions: 782->794
[432.717s][info][gc,heap        ] GC(1030) Humongous regions: 11->11
[432.717s][info][gc,metaspace   ] GC(1030) Metaspace: 18957K(19136K)->18957K(19136K) NonClass: 16291K(16384K)->16291K(16384K) Class: 2666K(2752K)->2666K(2752K)
[432.717s][info][gc             ] GC(1030) Pause Young (Normal) (G1 Evacuation Pause) 913M->817M(978M) 31.639ms
[432.717s][info][gc,cpu         ] GC(1030) User=0.06s Sys=0.00s Real=0.03s
[432.799s][info][gc,start       ] GC(1031) Pause Young (Normal) (G1 Evacuation Pause)
[432.799s][info][gc,task        ] GC(1031) Using 2 workers of 2 for evacuation
[432.819s][info][gc,phases      ] GC(1031)   Pre Evacuate Collection Set: 0.44ms
[432.819s][info][gc,phases      ] GC(1031)   Merge Heap Roots: 0.17ms
[432.819s][info][gc,phases      ] GC(1031)   Evacuate Collection Set: 19.63ms
[432.819s][info][gc,phases      ] GC(1031)   Post Evacuate Collection Set: 0.30ms
[432.819s][info][gc,phases      ] GC(1031)   Other: 0.07ms
[432.819s][info][gc,heap        ] GC(1031) Eden regions: 97->0(102)
[432.819s][info][gc,heap        ] GC(1031) Survivor regions: 13->4(14)
[432.819s][info][gc,heap        ] GC(1031) Old regions: 794->807
[432.820s][info][gc,heap        ] GC(1031) Humongous regions: 11->11
[432.820s][info][gc,metaspace   ] GC(1031) Metaspace: 18957K(19136K)->18957K(19136K) NonClass: 16291K(16384K)->16291K(16384K) Class: 2666K(2752K)->2666K(2752K)
[432.820s][info][gc             ] GC(1031) Pause Young (Normal) (G1 Evacuation Pause) 914M->821M(978M) 20.776ms
[432.820s][info][gc,cpu         ] GC(1031) User=0.04s Sys=0.00s Real=0.02s
[432.917s][info][gc,start       ] GC(1032) Pause Young (Normal) (G1 Evacuation Pause)
[432.917s][info][gc,task        ] GC(1032) Using 2 workers of 2 for evacuation
[432.931s][info][gc,phases      ] GC(1032)   Pre Evacuate Collection Set: 0.23ms
[432.931s][info][gc,phases      ] GC(1032)   Merge Heap Roots: 0.17ms
[432.931s][info][gc,phases      ] GC(1032)   Evacuate Collection Set: 13.44ms
[432.931s][info][gc,phases      ] GC(1032)   Post Evacuate Collection Set: 0.29ms
[432.931s][info][gc,phases      ] GC(1032)   Other: 0.05ms
[432.931s][info][gc,heap        ] GC(1032) Eden regions: 102->0(94)
[432.931s][info][gc,heap        ] GC(1032) Survivor regions: 4->8(14)
[432.931s][info][gc,heap        ] GC(1032) Old regions: 807->807
[432.931s][info][gc,heap        ] GC(1032) Humongous regions: 11->11
[432.931s][info][gc,metaspace   ] GC(1032) Metaspace: 18957K(19136K)->18957K(19136K) NonClass: 16291K(16384K)->16291K(16384K) Class: 2666K(2752K)->2666K(2752K)
[432.931s][info][gc             ] GC(1032) Pause Young (Normal) (G1 Evacuation Pause) 923M->825M(978M) 14.356ms
[432.931s][info][gc,cpu         ] GC(1032) User=0.02s Sys=0.00s Real=0.02s
[433.016s][info][gc,start       ] GC(1033) Pause Young (Normal) (G1 Evacuation Pause)
[433.017s][info][gc,task        ] GC(1033) Using 2 workers of 2 for evacuation
[433.030s][info][gc,phases      ] GC(1033)   Pre Evacuate Collection Set: 0.45ms
[433.030s][info][gc,phases      ] GC(1033)   Merge Heap Roots: 0.16ms
[433.030s][info][gc,phases      ] GC(1033)   Evacuate Collection Set: 12.64ms
[433.030s][info][gc,phases      ] GC(1033)   Post Evacuate Collection Set: 0.29ms
[433.030s][info][gc,phases      ] GC(1033)   Other: 0.07ms
[433.030s][info][gc,heap        ] GC(1033) Eden regions: 94->0(96)
[433.030s][info][gc,heap        ] GC(1033) Survivor regions: 8->5(13)
[433.030s][info][gc,heap        ] GC(1033) Old regions: 807->811
[433.030s][info][gc,heap        ] GC(1033) Humongous regions: 11->11
[433.030s][info][gc,metaspace   ] GC(1033) Metaspace: 18957K(19136K)->18957K(19136K) NonClass: 16291K(16384K)->16291K(16384K) Class: 2666K(2752K)->2666K(2752K)
[433.030s][info][gc             ] GC(1033) Pause Young (Normal) (G1 Evacuation Pause) 919M->826M(978M) 13.808ms
[433.030s][info][gc,cpu         ] GC(1033) User=0.03s Sys=0.00s Real=0.01s
[433.157s][info][gc,start       ] GC(1034) Pause Young (Normal) (G1 Evacuation Pause)
[433.157s][info][gc,task        ] GC(1034) Using 2 workers of 2 for evacuation
[433.167s][info][gc,phases      ] GC(1034)   Pre Evacuate Collection Set: 0.26ms
[433.167s][info][gc,phases      ] GC(1034)   Merge Heap Roots: 0.14ms
[433.167s][info][gc,phases      ] GC(1034)   Evacuate Collection Set: 9.74ms
[433.167s][info][gc,phases      ] GC(1034)   Post Evacuate Collection Set: 0.30ms
[433.167s][info][gc,phases      ] GC(1034)   Other: 0.08ms
[433.167s][info][gc,heap        ] GC(1034) Eden regions: 96->0(90)
[433.167s][info][gc,heap        ] GC(1034) Survivor regions: 5->8(13)
[433.167s][info][gc,heap        ] GC(1034) Old regions: 811->811
[433.167s][info][gc,heap        ] GC(1034) Humongous regions: 11->11
[433.167s][info][gc,metaspace   ] GC(1034) Metaspace: 18957K(19136K)->18957K(19136K) NonClass: 16291K(16384K)->16291K(16384K) Class: 2666K(2752K)->2666K(2752K)
[433.167s][info][gc             ] GC(1034) Pause Young (Normal) (G1 Evacuation Pause) 922M->829M(978M) 10.705ms
[433.167s][info][gc,cpu         ] GC(1034) User=0.02s Sys=0.00s Real=0.01s
[433.292s][info][gc,start       ] GC(1035) Pause Young (Normal) (G1 Evacuation Pause)
[433.292s][info][gc,task        ] GC(1035) Using 2 workers of 2 for evacuation
[433.318s][info][gc,phases      ] GC(1035)   Pre Evacuate Collection Set: 0.44ms
[433.318s][info][gc,phases      ] GC(1035)   Merge Heap Roots: 0.16ms
[433.318s][info][gc,phases      ] GC(1035)   Evacuate Collection Set: 24.59ms
[433.318s][info][gc,phases      ] GC(1035)   Post Evacuate Collection Set: 0.29ms
[433.318s][info][gc,phases      ] GC(1035)   Other: 0.10ms
[433.318s][info][gc,heap        ] GC(1035) Eden regions: 90->0(72)
[433.318s][info][gc,heap        ] GC(1035) Survivor regions: 8->13(13)
[433.318s][info][gc,heap        ] GC(1035) Old regions: 811->819
[433.318s][info][gc,heap        ] GC(1035) Humongous regions: 11->11
[433.318s][info][gc,metaspace   ] GC(1035) Metaspace: 18957K(19136K)->18957K(19136K) NonClass: 16291K(16384K)->16291K(16384K) Class: 2666K(2752K)->2666K(2752K)
[433.318s][info][gc             ] GC(1035) Pause Young (Normal) (G1 Evacuation Pause) 919M->842M(978M) 25.808ms
[433.318s][info][gc,cpu         ] GC(1035) User=0.05s Sys=0.00s Real=0.02s
[433.385s][info][gc,start       ] GC(1036) Pause Young (Normal) (G1 Evacuation Pause)
[433.385s][info][gc,task        ] GC(1036) Using 2 workers of 2 for evacuation
[433.416s][info][gc,phases      ] GC(1036)   Pre Evacuate Collection Set: 0.26ms
[433.417s][info][gc,phases      ] GC(1036)   Merge Heap Roots: 0.17ms
[433.417s][info][gc,phases      ] GC(1036)   Evacuate Collection Set: 30.82ms
[433.417s][info][gc,phases      ] GC(1036)   Post Evacuate Collection Set: 0.28ms
[433.417s][info][gc,phases      ] GC(1036)   Other: 0.07ms
[433.417s][info][gc,heap        ] GC(1036) Eden regions: 72->0(59)
[433.417s][info][gc,heap        ] GC(1036) Survivor regions: 13->11(11)
[433.417s][info][gc,heap        ] GC(1036) Old regions: 819->836
[433.417s][info][gc,heap        ] GC(1036) Humongous regions: 11->11
[433.417s][info][gc,metaspace   ] GC(1036) Metaspace: 18957K(19136K)->18957K(19136K) NonClass: 16291K(16384K)->16291K(16384K) Class: 2666K(2752K)->2666K(2752K)
[433.417s][info][gc             ] GC(1036) Pause Young (Normal) (G1 Evacuation Pause) 914M->857M(978M) 31.789ms
[433.417s][info][gc,cpu         ] GC(1036) User=0.06s Sys=0.00s Real=0.03s
[433.453s][info][gc,marking     ] GC(1022) Concurrent Rebuild Remembered Sets and Scrub Regions 999.818ms
[433.454s][info][gc,start       ] GC(1022) Pause Cleanup
[433.454s][info][gc             ] GC(1022) Pause Cleanup 872M->872M(978M) 0.088ms
[433.454s][info][gc,cpu         ] GC(1022) User=0.00s Sys=0.00s Real=0.00s
[433.455s][info][gc,marking     ] GC(1022) Concurrent Clear Claimed Marks
[433.455s][info][gc,marking     ] GC(1022) Concurrent Clear Claimed Marks 0.073ms
[433.455s][info][gc,marking     ] GC(1022) Concurrent Cleanup for Next Mark
[433.462s][info][gc,marking     ] GC(1022) Concurrent Cleanup for Next Mark 6.747ms
[433.462s][info][gc             ] GC(1022) Concurrent Mark Cycle 3125.880ms
[433.496s][info][gc,start       ] GC(1037) Pause Young (Prepare Mixed) (G1 Evacuation Pause)
[433.496s][info][gc,task        ] GC(1037) Using 2 workers of 2 for evacuation
[433.521s][info][gc,phases      ] GC(1037)   Pre Evacuate Collection Set: 0.25ms
[433.521s][info][gc,phases      ] GC(1037)   Merge Heap Roots: 0.11ms
[433.521s][info][gc,phases      ] GC(1037)   Evacuate Collection Set: 23.82ms
[433.521s][info][gc,phases      ] GC(1037)   Post Evacuate Collection Set: 0.33ms
[433.521s][info][gc,phases      ] GC(1037)   Other: 0.06ms
[433.521s][info][gc,heap        ] GC(1037) Eden regions: 59->0(49)
[433.521s][info][gc,heap        ] GC(1037) Survivor regions: 11->9(9)
[433.521s][info][gc,heap        ] GC(1037) Old regions: 836->850
[433.521s][info][gc,heap        ] GC(1037) Humongous regions: 11->11
[433.521s][info][gc,metaspace   ] GC(1037) Metaspace: 18957K(19136K)->18957K(19136K) NonClass: 16291K(16384K)->16291K(16384K) Class: 2666K(2752K)->2666K(2752K)
[433.521s][info][gc             ] GC(1037) Pause Young (Prepare Mixed) (G1 Evacuation Pause) 916M->869M(978M) 24.758ms
[433.521s][info][gc,cpu         ] GC(1037) User=0.05s Sys=0.00s Real=0.02s
[433.653s][info][gc,start       ] GC(1038) Pause Young (Mixed) (G1 Evacuation Pause)
[433.653s][info][gc,task        ] GC(1038) Using 2 workers of 2 for evacuation
[433.673s][info][gc,phases      ] GC(1038)   Pre Evacuate Collection Set: 0.30ms
[433.673s][info][gc,phases      ] GC(1038)   Merge Heap Roots: 0.27ms
[433.673s][info][gc,phases      ] GC(1038)   Evacuate Collection Set: 19.01ms
[433.673s][info][gc,phases      ] GC(1038)   Post Evacuate Collection Set: 0.28ms
[433.673s][info][gc,phases      ] GC(1038)   Other: 0.08ms
[433.673s][info][gc,heap        ] GC(1038) Eden regions: 49->0(62)
[433.673s][info][gc,heap        ] GC(1038) Survivor regions: 9->3(8)
[433.673s][info][gc,heap        ] GC(1038) Old regions: 850->849
[433.673s][info][gc,heap        ] GC(1038) Humongous regions: 11->11
[433.673s][info][gc,metaspace   ] GC(1038) Metaspace: 18957K(19136K)->18957K(19136K) NonClass: 16291K(16384K)->16291K(16384K) Class: 2666K(2752K)->2666K(2752K)
[433.673s][info][gc             ] GC(1038) Pause Young (Mixed) (G1 Evacuation Pause) 918M->862M(978M) 20.152ms
[433.673s][info][gc,cpu         ] GC(1038) User=0.04s Sys=0.00s Real=0.02s
[433.905s][info][gc,start       ] GC(1039) Pause Young (Concurrent Start) (G1 Evacuation Pause)
[433.905s][info][gc,task        ] GC(1039) Using 2 workers of 2 for evacuation
[433.909s][info][gc,phases      ] GC(1039)   Pre Evacuate Collection Set: 0.32ms
[433.909s][info][gc,phases      ] GC(1039)   Merge Heap Roots: 0.08ms
[433.909s][info][gc,phases      ] GC(1039)   Evacuate Collection Set: 2.70ms
[433.909s][info][gc,phases      ] GC(1039)   Post Evacuate Collection Set: 0.30ms
[433.909s][info][gc,phases      ] GC(1039)   Other: 0.11ms
[433.909s][info][gc,heap        ] GC(1039) Eden regions: 62->0(62)
[433.909s][info][gc,heap        ] GC(1039) Survivor regions: 3->3(9)
[433.909s][info][gc,heap        ] GC(1039) Old regions: 849->849
[433.909s][info][gc,heap        ] GC(1039) Humongous regions: 11->11
[433.909s][info][gc,metaspace   ] GC(1039) Metaspace: 18957K(19136K)->18957K(19136K) NonClass: 16291K(16384K)->16291K(16384K) Class: 2666K(2752K)->2666K(2752K)
[433.909s][info][gc             ] GC(1039) Pause Young (Concurrent Start) (G1 Evacuation Pause) 924M->862M(978M) 3.705ms
[433.909s][info][gc             ] GC(1040) Concurrent Mark Cycle
[433.909s][info][gc,marking     ] GC(1040) Concurrent Scan Root Regions
[433.910s][info][gc,cpu         ] GC(1039) User=0.01s Sys=0.00s Real=0.00s
[433.915s][info][gc,marking     ] GC(1040) Concurrent Scan Root Regions 5.891ms
[433.915s][info][gc,marking     ] GC(1040) Concurrent Mark
[433.915s][info][gc,marking     ] GC(1040) Concurrent Mark From Roots
[433.915s][info][gc,task        ] GC(1040) Using 1 workers of 1 for marking
[434.147s][info][gc,start       ] GC(1041) Pause Young (Normal) (G1 Evacuation Pause)
[434.147s][info][gc,task        ] GC(1041) Using 2 workers of 2 for evacuation
[434.150s][info][gc,phases      ] GC(1041)   Pre Evacuate Collection Set: 0.30ms
[434.150s][info][gc,phases      ] GC(1041)   Merge Heap Roots: 0.08ms
[434.150s][info][gc,phases      ] GC(1041)   Evacuate Collection Set: 2.71ms
[434.150s][info][gc,phases      ] GC(1041)   Post Evacuate Collection Set: 0.29ms
[434.150s][info][gc,phases      ] GC(1041)   Other: 0.08ms
[434.150s][info][gc,heap        ] GC(1041) Eden regions: 62->0(64)
[434.150s][info][gc,heap        ] GC(1041) Survivor regions: 3->2(9)
[434.150s][info][gc,heap        ] GC(1041) Old regions: 849->849
[434.150s][info][gc,heap        ] GC(1041) Humongous regions: 11->11
[434.150s][info][gc,metaspace   ] GC(1041) Metaspace: 18957K(19136K)->18957K(19136K) NonClass: 16291K(16384K)->16291K(16384K) Class: 2666K(2752K)->2666K(2752K)
[434.150s][info][gc             ] GC(1041) Pause Young (Normal) (G1 Evacuation Pause) 924M->861M(978M) 3.647ms
[434.150s][info][gc,cpu         ] GC(1041) User=0.01s Sys=0.00s Real=0.00s
[434.393s][info][gc,start       ] GC(1042) Pause Young (Normal) (G1 Evacuation Pause)
[434.393s][info][gc,task        ] GC(1042) Using 2 workers of 2 for evacuation
[434.397s][info][gc,phases      ] GC(1042)   Pre Evacuate Collection Set: 0.31ms
[434.397s][info][gc,phases      ] GC(1042)   Merge Heap Roots: 0.09ms
[434.397s][info][gc,phases      ] GC(1042)   Evacuate Collection Set: 2.91ms
[434.397s][info][gc,phases      ] GC(1042)   Post Evacuate Collection Set: 0.26ms
[434.397s][info][gc,phases      ] GC(1042)   Other: 0.08ms
[434.397s][info][gc,heap        ] GC(1042) Eden regions: 64->0(64)
[434.397s][info][gc,heap        ] GC(1042) Survivor regions: 2->2(9)
[434.397s][info][gc,heap        ] GC(1042) Old regions: 849->849
[434.397s][info][gc,heap        ] GC(1042) Humongous regions: 11->11
[434.397s][info][gc,metaspace   ] GC(1042) Metaspace: 18957K(19136K)->18957K(19136K) NonClass: 16291K(16384K)->16291K(16384K) Class: 2666K(2752K)->2666K(2752K)
[434.397s][info][gc             ] GC(1042) Pause Young (Normal) (G1 Evacuation Pause) 925M->861M(978M) 3.857ms
[434.397s][info][gc,cpu         ] GC(1042) User=0.01s Sys=0.00s Real=0.00s
[434.643s][info][gc,start       ] GC(1043) Pause Young (Normal) (G1 Evacuation Pause)
[434.643s][info][gc,task        ] GC(1043) Using 2 workers of 2 for evacuation
[434.647s][info][gc,phases      ] GC(1043)   Pre Evacuate Collection Set: 0.31ms
[434.647s][info][gc,phases      ] GC(1043)   Merge Heap Roots: 0.09ms
[434.647s][info][gc,phases      ] GC(1043)   Evacuate Collection Set: 2.84ms
[434.647s][info][gc,phases      ] GC(1043)   Post Evacuate Collection Set: 0.27ms
[434.647s][info][gc,phases      ] GC(1043)   Other: 0.07ms
[434.647s][info][gc,heap        ] GC(1043) Eden regions: 64->0(64)
[434.647s][info][gc,heap        ] GC(1043) Survivor regions: 2->2(9)
[434.647s][info][gc,heap        ] GC(1043) Old regions: 849->849
[434.647s][info][gc,heap        ] GC(1043) Humongous regions: 11->11
[434.647s][info][gc,metaspace   ] GC(1043) Metaspace: 18957K(19136K)->18957K(19136K) NonClass: 16291K(16384K)->16291K(16384K) Class: 2666K(2752K)->2666K(2752K)
[434.647s][info][gc             ] GC(1043) Pause Young (Normal) (G1 Evacuation Pause) 925M->861M(978M) 3.785ms
[434.647s][info][gc,cpu         ] GC(1043) User=0.01s Sys=0.00s Real=0.00s
[434.815s][info][gc,marking     ] GC(1040) Concurrent Mark From Roots 900.370ms
[434.815s][info][gc,marking     ] GC(1040) Concurrent Preclean
[434.816s][info][gc,marking     ] GC(1040) Concurrent Preclean 0.042ms
[434.816s][info][gc,start       ] GC(1040) Pause Remark
[434.824s][info][gc             ] GC(1040) Pause Remark 912M->495M(978M) 8.034ms
[434.824s][info][gc,cpu         ] GC(1040) User=0.01s Sys=0.00s Real=0.01s
[434.824s][info][gc,marking     ] GC(1040) Concurrent Mark 909.430ms
[434.825s][info][gc,marking     ] GC(1040) Concurrent Rebuild Remembered Sets and Scrub Regions
[434.862s][info][gc,start       ] GC(1044) Pause Young (Normal) (G1 Evacuation Pause)
[434.862s][info][gc,task        ] GC(1044) Using 2 workers of 2 for evacuation
[434.865s][info][gc,phases      ] GC(1044)   Pre Evacuate Collection Set: 0.27ms
[434.865s][info][gc,phases      ] GC(1044)   Merge Heap Roots: 0.09ms
[434.865s][info][gc,phases      ] GC(1044)   Evacuate Collection Set: 2.67ms
[434.865s][info][gc,phases      ] GC(1044)   Post Evacuate Collection Set: 0.29ms
[434.865s][info][gc,phases      ] GC(1044)   Other: 0.07ms
[434.865s][info][gc,heap        ] GC(1044) Eden regions: 64->0(437)
[434.865s][info][gc,heap        ] GC(1044) Survivor regions: 2->3(9)
[434.865s][info][gc,heap        ] GC(1044) Old regions: 439->439
[434.865s][info][gc,heap        ] GC(1044) Humongous regions: 4->4
[434.865s][info][gc,metaspace   ] GC(1044) Metaspace: 18957K(19136K)->18957K(19136K) NonClass: 16291K(16384K)->16291K(16384K) Class: 2666K(2752K)->2666K(2752K)
[434.865s][info][gc             ] GC(1044) Pause Young (Normal) (G1 Evacuation Pause) 508M->445M(978M) 3.571ms
[434.865s][info][gc,cpu         ] GC(1044) User=0.00s Sys=0.00s Real=0.00s
[435.216s][info][gc,marking     ] GC(1040) Concurrent Rebuild Remembered Sets and Scrub Regions 391.057ms
[435.216s][info][gc,start       ] GC(1040) Pause Cleanup
[435.216s][info][gc             ] GC(1040) Pause Cleanup 560M->560M(978M) 0.142ms
[435.216s][info][gc,cpu         ] GC(1040) User=0.00s Sys=0.00s Real=0.00s
[435.216s][info][gc,marking     ] GC(1040) Concurrent Clear Claimed Marks
[435.216s][info][gc,marking     ] GC(1040) Concurrent Clear Claimed Marks 0.029ms
[435.216s][info][gc,marking     ] GC(1040) Concurrent Cleanup for Next Mark
[435.219s][info][gc,marking     ] GC(1040) Concurrent Cleanup for Next Mark 2.859ms
[435.219s][info][gc             ] GC(1040) Concurrent Mark Cycle 1309.781ms
[435.793s][info][gc,start       ] GC(1045) Pause Young (Prepare Mixed) (G1 Evacuation Pause)
[435.793s][info][gc,task        ] GC(1045) Using 2 workers of 2 for evacuation
[435.842s][info][gc,phases      ] GC(1045)   Pre Evacuate Collection Set: 0.28ms
[435.842s][info][gc,phases      ] GC(1045)   Merge Heap Roots: 0.35ms
[435.842s][info][gc,phases      ] GC(1045)   Evacuate Collection Set: 47.47ms
[435.842s][info][gc,phases      ] GC(1045)   Post Evacuate Collection Set: 0.65ms
[435.842s][info][gc,phases      ] GC(1045)   Other: 0.11ms
[435.842s][info][gc,heap        ] GC(1045) Eden regions: 437->0(342)
[435.842s][info][gc,heap        ] GC(1045) Survivor regions: 3->45(55)
[435.842s][info][gc,heap        ] GC(1045) Old regions: 439->439
[435.842s][info][gc,heap        ] GC(1045) Humongous regions: 4->4
[435.842s][info][gc,metaspace   ] GC(1045) Metaspace: 18957K(19136K)->18957K(19136K) NonClass: 16291K(16384K)->16291K(16384K) Class: 2666K(2752K)->2666K(2752K)
[435.842s][info][gc             ] GC(1045) Pause Young (Prepare Mixed) (G1 Evacuation Pause) 882M->487M(978M) 49.085ms
[435.842s][info][gc,cpu         ] GC(1045) User=0.10s Sys=0.00s Real=0.05s
[436.180s][info][gc,start       ] GC(1046) Pause Young (Mixed) (G1 Evacuation Pause)
[436.180s][info][gc,task        ] GC(1046) Using 2 workers of 2 for evacuation
[436.297s][info][gc,phases      ] GC(1046)   Pre Evacuate Collection Set: 0.54ms
[436.297s][info][gc,phases      ] GC(1046)   Merge Heap Roots: 0.36ms
[436.297s][info][gc,phases      ] GC(1046)   Evacuate Collection Set: 112.91ms
[436.297s][info][gc,phases      ] GC(1046)   Post Evacuate Collection Set: 2.84ms
[436.297s][info][gc,phases      ] GC(1046)   Other: 0.11ms
[436.297s][info][gc,heap        ] GC(1046) Eden regions: 383->0(1)
[436.297s][info][gc,heap        ] GC(1046) Survivor regions: 45->54(54)
[436.297s][info][gc,heap        ] GC(1046) Old regions: 439->421
[436.297s][info][gc,heap        ] GC(1046) Humongous regions: 4->4
[436.297s][info][gc,metaspace   ] GC(1046) Metaspace: 18957K(19136K)->18957K(19136K) NonClass: 16291K(16384K)->16291K(16384K) Class: 2666K(2752K)->2666K(2752K)
[436.297s][info][gc             ] GC(1046) Pause Young (Mixed) (G1 Evacuation Pause) (Evacuation Failure: Allocation) 870M->478M(978M) 116.957ms
[436.297s][info][gc,cpu         ] GC(1046) User=0.23s Sys=0.00s Real=0.12s
[436.300s][info][gc,start       ] GC(1047) Pause Young (Mixed) (G1 Evacuation Pause)
[436.300s][info][gc,task        ] GC(1047) Using 2 workers of 2 for evacuation
[436.442s][info][gc,phases      ] GC(1047)   Pre Evacuate Collection Set: 0.25ms
[436.442s][info][gc,phases      ] GC(1047)   Merge Heap Roots: 0.71ms
[436.442s][info][gc,phases      ] GC(1047)   Evacuate Collection Set: 139.37ms
[436.442s][info][gc,phases      ] GC(1047)   Post Evacuate Collection Set: 1.42ms
[436.442s][info][gc,phases      ] GC(1047)   Other: 0.06ms
[436.442s][info][gc,heap        ] GC(1047) Eden regions: 1->0(374)
[436.442s][info][gc,heap        ] GC(1047) Survivor regions: 54->2(7)
[436.442s][info][gc,heap        ] GC(1047) Old regions: 421->462
[436.442s][info][gc,heap        ] GC(1047) Humongous regions: 4->4
[436.442s][info][gc,metaspace   ] GC(1047) Metaspace: 18957K(19136K)->18957K(19136K) NonClass: 16291K(16384K)->16291K(16384K) Class: 2666K(2752K)->2666K(2752K)
[436.442s][info][gc             ] GC(1047) Pause Young (Mixed) (G1 Evacuation Pause) 479M->466M(978M) 142.005ms
[436.442s][info][gc,cpu         ] GC(1047) User=0.28s Sys=0.00s Real=0.15s
[436.452s][info][gc,start       ] GC(1048) Pause Young (Concurrent Start) (G1 Humongous Allocation)
[436.452s][info][gc,task        ] GC(1048) Using 2 workers of 2 for evacuation
[436.461s][info][gc,phases      ] GC(1048)   Pre Evacuate Collection Set: 0.26ms
[436.461s][info][gc,phases      ] GC(1048)   Merge Heap Roots: 0.04ms
[436.461s][info][gc,phases      ] GC(1048)   Evacuate Collection Set: 8.38ms
[436.461s][info][gc,phases      ] GC(1048)   Post Evacuate Collection Set: 0.26ms
[436.461s][info][gc,phases      ] GC(1048)   Other: 0.14ms
[436.461s][info][gc,heap        ] GC(1048) Eden regions: 14->0(259)
[436.461s][info][gc,heap        ] GC(1048) Survivor regions: 2->9(47)
[436.461s][info][gc,heap        ] GC(1048) Old regions: 462->462
[436.461s][info][gc,heap        ] GC(1048) Humongous regions: 4->4
[436.461s][info][gc,metaspace   ] GC(1048) Metaspace: 18957K(19136K)->18957K(19136K) NonClass: 16291K(16384K)->16291K(16384K) Class: 2666K(2752K)->2666K(2752K)
[436.461s][info][gc             ] GC(1048) Pause Young (Concurrent Start) (G1 Humongous Allocation) 480M->473M(978M) 9.238ms
[436.462s][info][gc,cpu         ] GC(1048) User=0.02s Sys=0.00s Real=0.01s
[436.462s][info][gc             ] GC(1049) Concurrent Mark Cycle
[436.462s][info][gc,marking     ] GC(1049) Concurrent Scan Root Regions
[436.481s][info][gc,marking     ] GC(1049) Concurrent Scan Root Regions 19.380ms
[436.481s][info][gc,marking     ] GC(1049) Concurrent Mark
[436.481s][info][gc,marking     ] GC(1049) Concurrent Mark From Roots
[436.481s][info][gc,task        ] GC(1049) Using 1 workers of 1 for marking
[436.786s][info][gc,start       ] GC(1050) Pause Young (Normal) (G1 Evacuation Pause)
[436.787s][info][gc,task        ] GC(1050) Using 2 workers of 2 for evacuation
[436.834s][info][gc,phases      ] GC(1050)   Pre Evacuate Collection Set: 0.29ms
[436.834s][info][gc,phases      ] GC(1050)   Merge Heap Roots: 0.18ms
[436.834s][info][gc,phases      ] GC(1050)   Evacuate Collection Set: 46.49ms
[436.834s][info][gc,phases      ] GC(1050)   Post Evacuate Collection Set: 0.47ms
[436.834s][info][gc,phases      ] GC(1050)   Other: 0.09ms
[436.834s][info][gc,heap        ] GC(1050) Eden regions: 259->0(258)
[436.834s][info][gc,heap        ] GC(1050) Survivor regions: 9->34(34)
[436.834s][info][gc,heap        ] GC(1050) Old regions: 462->467
[436.834s][info][gc,heap        ] GC(1050) Humongous regions: 7->7
[436.834s][info][gc,metaspace   ] GC(1050) Metaspace: 18957K(19136K)->18957K(19136K) NonClass: 16291K(16384K)->16291K(16384K) Class: 2666K(2752K)->2666K(2752K)
[436.834s][info][gc             ] GC(1050) Pause Young (Normal) (G1 Evacuation Pause) 735M->507M(978M) 47.752ms
[436.834s][info][gc,cpu         ] GC(1050) User=0.10s Sys=0.00s Real=0.05s
[437.174s][info][gc,start       ] GC(1051) Pause Young (Normal) (G1 Evacuation Pause)
[437.174s][info][gc,task        ] GC(1051) Using 2 workers of 2 for evacuation
[437.261s][info][gc,phases      ] GC(1051)   Pre Evacuate Collection Set: 0.28ms
[437.261s][info][gc,phases      ] GC(1051)   Merge Heap Roots: 0.20ms
[437.261s][info][gc,phases      ] GC(1051)   Evacuate Collection Set: 85.13ms
[437.261s][info][gc,phases      ] GC(1051)   Post Evacuate Collection Set: 0.56ms
[437.261s][info][gc,phases      ] GC(1051)   Other: 0.09ms
[437.261s][info][gc,heap        ] GC(1051) Eden regions: 258->0(244)
[437.261s][info][gc,heap        ] GC(1051) Survivor regions: 34->37(37)
[437.261s][info][gc,heap        ] GC(1051) Old regions: 467->508
[437.261s][info][gc,heap        ] GC(1051) Humongous regions: 8->8
[437.261s][info][gc,metaspace   ] GC(1051) Metaspace: 18957K(19136K)->18957K(19136K) NonClass: 16291K(16384K)->16291K(16384K) Class: 2666K(2752K)->2666K(2752K)
[437.261s][info][gc             ] GC(1051) Pause Young (Normal) (G1 Evacuation Pause) 766M->552M(978M) 86.500ms
[437.261s][info][gc,cpu         ] GC(1051) User=0.17s Sys=0.00s Real=0.08s
[437.413s][info][gc,marking     ] GC(1049) Concurrent Mark From Roots 931.877ms
[437.413s][info][gc,marking     ] GC(1049) Concurrent Preclean
[437.413s][info][gc,marking     ] GC(1049) Concurrent Preclean 0.034ms
[437.413s][info][gc,start       ] GC(1049) Pause Remark
[437.421s][info][gc             ] GC(1049) Pause Remark 720M->638M(978M) 7.894ms
[437.421s][info][gc,cpu         ] GC(1049) User=0.02s Sys=0.00s Real=0.01s
[437.421s][info][gc,marking     ] GC(1049) Concurrent Mark 940.101ms
[437.421s][info][gc,marking     ] GC(1049) Concurrent Rebuild Remembered Sets and Scrub Regions
[437.502s][info][gc,start       ] GC(1052) Pause Young (Normal) (G1 Evacuation Pause)
[437.502s][info][gc,task        ] GC(1052) Using 2 workers of 2 for evacuation
[437.553s][info][gc,phases      ] GC(1052)   Pre Evacuate Collection Set: 0.47ms
[437.553s][info][gc,phases      ] GC(1052)   Merge Heap Roots: 0.52ms
[437.553s][info][gc,phases      ] GC(1052)   Evacuate Collection Set: 49.45ms
[437.553s][info][gc,phases      ] GC(1052)   Post Evacuate Collection Set: 0.45ms
[437.553s][info][gc,phases      ] GC(1052)   Other: 0.09ms
[437.553s][info][gc,heap        ] GC(1052) Eden regions: 244->0(304)
[437.553s][info][gc,heap        ] GC(1052) Survivor regions: 37->4(36)
[437.553s][info][gc,heap        ] GC(1052) Old regions: 428->465
[437.553s][info][gc,heap        ] GC(1052) Humongous regions: 6->6
[437.553s][info][gc,metaspace   ] GC(1052) Metaspace: 18957K(19136K)->18957K(19136K) NonClass: 16291K(16384K)->16291K(16384K) Class: 2666K(2752K)->2666K(2752K)
[437.553s][info][gc             ] GC(1052) Pause Young (Normal) (G1 Evacuation Pause) 714M->474M(978M) 51.184ms
[437.553s][info][gc,cpu         ] GC(1052) User=0.10s Sys=0.00s Real=0.05s
[437.853s][info][gc,marking     ] GC(1049) Concurrent Rebuild Remembered Sets and Scrub Regions 431.751ms
[437.853s][info][gc,start       ] GC(1049) Pause Cleanup
[437.853s][info][gc             ] GC(1049) Pause Cleanup 699M->699M(978M) 0.125ms
[437.853s][info][gc,cpu         ] GC(1049) User=0.00s Sys=0.00s Real=0.00s
[437.853s][info][gc,marking     ] GC(1049) Concurrent Clear Claimed Marks
[437.853s][info][gc,marking     ] GC(1049) Concurrent Clear Claimed Marks 0.029ms
[437.853s][info][gc,marking     ] GC(1049) Concurrent Cleanup for Next Mark
[437.856s][info][gc,marking     ] GC(1049) Concurrent Cleanup for Next Mark 2.879ms
[437.856s][info][gc             ] GC(1049) Concurrent Mark Cycle 1394.658ms
[437.957s][info][gc,start       ] GC(1053) Pause Young (Prepare Mixed) (G1 Evacuation Pause)
[437.957s][info][gc,task        ] GC(1053) Using 2 workers of 2 for evacuation
[437.997s][info][gc,phases      ] GC(1053)   Pre Evacuate Collection Set: 0.51ms
[437.997s][info][gc,phases      ] GC(1053)   Merge Heap Roots: 0.32ms
[437.997s][info][gc,phases      ] GC(1053)   Evacuate Collection Set: 39.12ms
[437.997s][info][gc,phases      ] GC(1053)   Post Evacuate Collection Set: 0.54ms
[437.997s][info][gc,phases      ] GC(1053)   Other: 0.09ms
[437.997s][info][gc,heap        ] GC(1053) Eden regions: 304->0(294)
[437.997s][info][gc,heap        ] GC(1053) Survivor regions: 4->31(39)
[437.997s][info][gc,heap        ] GC(1053) Old regions: 465->465
[437.997s][info][gc,heap        ] GC(1053) Humongous regions: 6->6
[437.997s][info][gc,metaspace   ] GC(1053) Metaspace: 18957K(19136K)->18957K(19136K) NonClass: 16291K(16384K)->16291K(16384K) Class: 2666K(2752K)->2666K(2752K)
[437.997s][info][gc             ] GC(1053) Pause Young (Prepare Mixed) (G1 Evacuation Pause) 778M->501M(978M) 40.824ms
[437.998s][info][gc,cpu         ] GC(1053) User=0.08s Sys=0.00s Real=0.04s
[438.460s][info][gc,start       ] GC(1054) Pause Young (Mixed) (G1 Evacuation Pause)
[438.460s][info][gc,task        ] GC(1054) Using 2 workers of 2 for evacuation
[438.538s][info][gc,phases      ] GC(1054)   Pre Evacuate Collection Set: 0.53ms
[438.538s][info][gc,phases      ] GC(1054)   Merge Heap Roots: 0.66ms
[438.538s][info][gc,phases      ] GC(1054)   Evacuate Collection Set: 76.61ms
[438.538s][info][gc,phases      ] GC(1054)   Post Evacuate Collection Set: 0.64ms
[438.538s][info][gc,phases      ] GC(1054)   Other: 0.10ms
[438.538s][info][gc,heap        ] GC(1054) Eden regions: 303->0(337)
[438.538s][info][gc,heap        ] GC(1054) Survivor regions: 31->28(42)
[438.538s][info][gc,heap        ] GC(1054) Old regions: 465->425
[438.538s][info][gc,heap        ] GC(1054) Humongous regions: 6->6
[438.538s][info][gc,metaspace   ] GC(1054) Metaspace: 18957K(19136K)->18957K(19136K) NonClass: 16291K(16384K)->16291K(16384K) Class: 2666K(2752K)->2666K(2752K)
[438.538s][info][gc             ] GC(1054) Pause Young (Mixed) (G1 Evacuation Pause) 804M->458M(978M) 78.783ms
[438.538s][info][gc,cpu         ] GC(1054) User=0.16s Sys=0.00s Real=0.08s
[438.916s][info][gc,start       ] GC(1055) Pause Young (Concurrent Start) (G1 Evacuation Pause)
[438.917s][info][gc,task        ] GC(1055) Using 2 workers of 2 for evacuation
[439.012s][info][gc,phases      ] GC(1055)   Pre Evacuate Collection Set: 0.32ms
[439.012s][info][gc,phases      ] GC(1055)   Merge Heap Roots: 0.16ms
[439.012s][info][gc,phases      ] GC(1055)   Evacuate Collection Set: 93.91ms
[439.012s][info][gc,phases      ] GC(1055)   Post Evacuate Collection Set: 0.75ms
[439.012s][info][gc,phases      ] GC(1055)   Other: 0.10ms
[439.012s][info][gc,heap        ] GC(1055) Eden regions: 337->0(284)
[439.012s][info][gc,heap        ] GC(1055) Survivor regions: 28->46(46)
[439.012s][info][gc,heap        ] GC(1055) Old regions: 425->480
[439.012s][info][gc,heap        ] GC(1055) Humongous regions: 6->6
[439.012s][info][gc,metaspace   ] GC(1055) Metaspace: 18957K(19136K)->18957K(19136K) NonClass: 16291K(16384K)->16291K(16384K) Class: 2666K(2752K)->2666K(2752K)
[439.012s][info][gc             ] GC(1055) Pause Young (Concurrent Start) (G1 Evacuation Pause) 795M->531M(978M) 95.489ms
[439.012s][info][gc,cpu         ] GC(1055) User=0.19s Sys=0.00s Real=0.10s
[439.012s][info][gc             ] GC(1056) Concurrent Mark Cycle
[439.012s][info][gc,marking     ] GC(1056) Concurrent Scan Root Regions
[439.118s][info][gc,marking     ] GC(1056) Concurrent Scan Root Regions 105.880ms
[439.118s][info][gc,marking     ] GC(1056) Concurrent Mark
[439.118s][info][gc,marking     ] GC(1056) Concurrent Mark From Roots
[439.118s][info][gc,task        ] GC(1056) Using 1 workers of 1 for marking
[439.543s][info][gc,start       ] GC(1057) Pause Young (Normal) (G1 Evacuation Pause)
[439.544s][info][gc,task        ] GC(1057) Using 2 workers of 2 for evacuation
[439.659s][info][gc,phases      ] GC(1057)   Pre Evacuate Collection Set: 0.30ms
[439.659s][info][gc,phases      ] GC(1057)   Merge Heap Roots: 0.40ms
[439.659s][info][gc,phases      ] GC(1057)   Evacuate Collection Set: 114.22ms
[439.659s][info][gc,phases      ] GC(1057)   Post Evacuate Collection Set: 0.67ms
[439.659s][info][gc,phases      ] GC(1057)   Other: 0.10ms
[439.659s][info][gc,heap        ] GC(1057) Eden regions: 284->0(247)
[439.659s][info][gc,heap        ] GC(1057) Survivor regions: 46->42(42)
[439.659s][info][gc,heap        ] GC(1057) Old regions: 480->536
[439.659s][info][gc,heap        ] GC(1057) Humongous regions: 9->9
[439.659s][info][gc,metaspace   ] GC(1057) Metaspace: 18957K(19136K)->18957K(19136K) NonClass: 16291K(16384K)->16291K(16384K) Class: 2666K(2752K)->2666K(2752K)
[439.659s][info][gc             ] GC(1057) Pause Young (Normal) (G1 Evacuation Pause) 818M->586M(978M) 115.991ms
[439.659s][info][gc,cpu         ] GC(1057) User=0.23s Sys=0.00s Real=0.11s
[440.007s][info][gc,start       ] GC(1058) Pause Young (Normal) (G1 Evacuation Pause)
[440.007s][info][gc,task        ] GC(1058) Using 2 workers of 2 for evacuation
[440.067s][info][gc,phases      ] GC(1058)   Pre Evacuate Collection Set: 0.49ms
[440.067s][info][gc,phases      ] GC(1058)   Merge Heap Roots: 0.35ms
[440.067s][info][gc,phases      ] GC(1058)   Evacuate Collection Set: 58.19ms
[440.067s][info][gc,phases      ] GC(1058)   Post Evacuate Collection Set: 0.49ms
[440.067s][info][gc,phases      ] GC(1058)   Other: 0.09ms
[440.067s][info][gc,heap        ] GC(1058) Eden regions: 247->0(260)
[440.067s][info][gc,heap        ] GC(1058) Survivor regions: 42->6(37)
[440.067s][info][gc,heap        ] GC(1058) Old regions: 536->579
[440.067s][info][gc,heap        ] GC(1058) Humongous regions: 9->9
[440.067s][info][gc,metaspace   ] GC(1058) Metaspace: 18957K(19136K)->18957K(19136K) NonClass: 16291K(16384K)->16291K(16384K) Class: 2666K(2752K)->2666K(2752K)
[440.067s][info][gc             ] GC(1058) Pause Young (Normal) (G1 Evacuation Pause) 833M->592M(978M) 59.826ms
[440.067s][info][gc,cpu         ] GC(1058) User=0.12s Sys=0.00s Real=0.06s
[440.641s][info][gc,start       ] GC(1059) Pause Young (Normal) (G1 Evacuation Pause)
[440.641s][info][gc,task        ] GC(1059) Using 2 workers of 2 for evacuation
[440.688s][info][gc,phases      ] GC(1059)   Pre Evacuate Collection Set: 0.30ms
[440.688s][info][gc,phases      ] GC(1059)   Merge Heap Roots: 0.54ms
[440.688s][info][gc,phases      ] GC(1059)   Evacuate Collection Set: 45.33ms
[440.688s][info][gc,phases      ] GC(1059)   Post Evacuate Collection Set: 0.52ms
[440.688s][info][gc,phases      ] GC(1059)   Other: 0.10ms
[440.688s][info][gc,heap        ] GC(1059) Eden regions: 260->0(255)
[440.688s][info][gc,heap        ] GC(1059) Survivor regions: 6->25(34)
[440.688s][info][gc,heap        ] GC(1059) Old regions: 579->579
[440.688s][info][gc,heap        ] GC(1059) Humongous regions: 9->9
[440.688s][info][gc,metaspace   ] GC(1059) Metaspace: 18957K(19136K)->18957K(19136K) NonClass: 16291K(16384K)->16291K(16384K) Class: 2666K(2752K)->2666K(2752K)
[440.688s][info][gc             ] GC(1059) Pause Young (Normal) (G1 Evacuation Pause) 852M->612M(978M) 47.055ms
[440.688s][info][gc,cpu         ] GC(1059) User=0.09s Sys=0.00s Real=0.04s
[440.723s][info][gc,marking     ] GC(1056) Concurrent Mark From Roots 1604.627ms
[440.723s][info][gc,marking     ] GC(1056) Concurrent Preclean
[440.723s][info][gc,marking     ] GC(1056) Concurrent Preclean 0.041ms
[440.723s][info][gc,start       ] GC(1056) Pause Remark
[440.731s][info][gc             ] GC(1056) Pause Remark 644M->633M(978M) 8.045ms
[440.731s][info][gc,cpu         ] GC(1056) User=0.01s Sys=0.00s Real=0.01s
[440.732s][info][gc,marking     ] GC(1056) Concurrent Mark 1613.551ms
[440.732s][info][gc,marking     ] GC(1056) Concurrent Rebuild Remembered Sets and Scrub Regions
[441.102s][info][gc,start       ] GC(1060) Pause Young (Normal) (G1 Evacuation Pause)
[441.102s][info][gc,task        ] GC(1060) Using 2 workers of 2 for evacuation
[441.197s][info][gc,phases      ] GC(1060)   Pre Evacuate Collection Set: 0.30ms
[441.197s][info][gc,phases      ] GC(1060)   Merge Heap Roots: 0.28ms
[441.197s][info][gc,phases      ] GC(1060)   Evacuate Collection Set: 93.38ms
[441.197s][info][gc,phases      ] GC(1060)   Post Evacuate Collection Set: 0.66ms
[441.197s][info][gc,phases      ] GC(1060)   Other: 0.11ms
[441.197s][info][gc,heap        ] GC(1060) Eden regions: 255->0(195)
[441.197s][info][gc,heap        ] GC(1060) Survivor regions: 25->35(35)
[441.197s][info][gc,heap        ] GC(1060) Old regions: 569->628
[441.197s][info][gc,heap        ] GC(1060) Humongous regions: 8->8
[441.197s][info][gc,metaspace   ] GC(1060) Metaspace: 18957K(19136K)->18957K(19136K) NonClass: 16291K(16384K)->16291K(16384K) Class: 2666K(2752K)->2666K(2752K)
[441.197s][info][gc             ] GC(1060) Pause Young (Normal) (G1 Evacuation Pause) 856M->670M(978M) 94.975ms
[441.197s][info][gc,cpu         ] GC(1060) User=0.19s Sys=0.00s Real=0.09s
[441.417s][info][gc,marking     ] GC(1056) Concurrent Rebuild Remembered Sets and Scrub Regions 685.629ms
[441.417s][info][gc,start       ] GC(1056) Pause Cleanup
[441.418s][info][gc             ] GC(1056) Pause Cleanup 746M->746M(978M) 0.103ms
[441.418s][info][gc,cpu         ] GC(1056) User=0.00s Sys=0.00s Real=0.00s
[441.418s][info][gc,marking     ] GC(1056) Concurrent Clear Claimed Marks
[441.418s][info][gc,marking     ] GC(1056) Concurrent Clear Claimed Marks 0.029ms
[441.418s][info][gc,marking     ] GC(1056) Concurrent Cleanup for Next Mark
[441.421s][info][gc,marking     ] GC(1056) Concurrent Cleanup for Next Mark 2.885ms
[441.421s][info][gc             ] GC(1056) Concurrent Mark Cycle 2408.507ms
[441.566s][info][gc,start       ] GC(1061) Pause Young (Prepare Mixed) (G1 Evacuation Pause)
[441.566s][info][gc,task        ] GC(1061) Using 2 workers of 2 for evacuation
[441.634s][info][gc,phases      ] GC(1061)   Pre Evacuate Collection Set: 0.50ms
[441.634s][info][gc,phases      ] GC(1061)   Merge Heap Roots: 0.51ms
[441.635s][info][gc,phases      ] GC(1061)   Evacuate Collection Set: 66.63ms
[441.635s][info][gc,phases      ] GC(1061)   Post Evacuate Collection Set: 0.58ms
[441.635s][info][gc,phases      ] GC(1061)   Other: 0.08ms
[441.635s][info][gc,heap        ] GC(1061) Eden regions: 195->0(187)
[441.635s][info][gc,heap        ] GC(1061) Survivor regions: 35->21(29)
[441.635s][info][gc,heap        ] GC(1061) Old regions: 628->664
[441.635s][info][gc,heap        ] GC(1061) Humongous regions: 8->8
[441.635s][info][gc,metaspace   ] GC(1061) Metaspace: 18957K(19136K)->18957K(19136K) NonClass: 16291K(16384K)->16291K(16384K) Class: 2666K(2752K)->2666K(2752K)
[441.635s][info][gc             ] GC(1061) Pause Young (Prepare Mixed) (G1 Evacuation Pause) 865M->692M(978M) 68.536ms
[441.635s][info][gc,cpu         ] GC(1061) User=0.14s Sys=0.00s Real=0.07s
[441.869s][info][gc,start       ] GC(1062) Pause Young (Mixed) (G1 Evacuation Pause)
[441.869s][info][gc,task        ] GC(1062) Using 2 workers of 2 for evacuation
[441.977s][info][gc,phases      ] GC(1062)   Pre Evacuate Collection Set: 0.54ms
[441.977s][info][gc,phases      ] GC(1062)   Merge Heap Roots: 0.64ms
[441.977s][info][gc,phases      ] GC(1062)   Evacuate Collection Set: 105.68ms
[441.977s][info][gc,phases      ] GC(1062)   Post Evacuate Collection Set: 0.50ms
[441.977s][info][gc,phases      ] GC(1062)   Other: 0.08ms
[441.977s][info][gc,heap        ] GC(1062) Eden regions: 187->0(156)
[441.977s][info][gc,heap        ] GC(1062) Survivor regions: 21->26(26)
[441.977s][info][gc,heap        ] GC(1062) Old regions: 664->697
[441.977s][info][gc,heap        ] GC(1062) Humongous regions: 11->11
[441.977s][info][gc,metaspace   ] GC(1062) Metaspace: 18957K(19136K)->18957K(19136K) NonClass: 16291K(16384K)->16291K(16384K) Class: 2666K(2752K)->2666K(2752K)
[441.977s][info][gc             ] GC(1062) Pause Young (Mixed) (G1 Evacuation Pause) 882M->733M(978M) 107.693ms
[441.977s][info][gc,cpu         ] GC(1062) User=0.21s Sys=0.00s Real=0.11s
[442.130s][info][gc,start       ] GC(1063) Pause Young (Concurrent Start) (G1 Evacuation Pause)
[442.130s][info][gc,task        ] GC(1063) Using 2 workers of 2 for evacuation
[442.167s][info][gc,phases      ] GC(1063)   Pre Evacuate Collection Set: 0.33ms
[442.167s][info][gc,phases      ] GC(1063)   Merge Heap Roots: 0.17ms
[442.167s][info][gc,phases      ] GC(1063)   Evacuate Collection Set: 35.57ms
[442.167s][info][gc,phases      ] GC(1063)   Post Evacuate Collection Set: 0.42ms
[442.167s][info][gc,phases      ] GC(1063)   Other: 0.09ms
[442.167s][info][gc,heap        ] GC(1063) Eden regions: 156->0(163)
[442.167s][info][gc,heap        ] GC(1063) Survivor regions: 26->5(23)
[442.167s][info][gc,heap        ] GC(1063) Old regions: 697->724
[442.167s][info][gc,heap        ] GC(1063) Humongous regions: 11->11
[442.167s][info][gc,metaspace   ] GC(1063) Metaspace: 18957K(19136K)->18957K(19136K) NonClass: 16291K(16384K)->16291K(16384K) Class: 2666K(2752K)->2666K(2752K)
[442.167s][info][gc             ] GC(1063) Pause Young (Concurrent Start) (G1 Evacuation Pause) 889M->738M(978M) 36.855ms
[442.167s][info][gc,cpu         ] GC(1063) User=0.07s Sys=0.00s Real=0.04s
[442.167s][info][gc             ] GC(1064) Concurrent Mark Cycle
[442.169s][info][gc,marking     ] GC(1064) Concurrent Scan Root Regions
[442.227s][info][gc,marking     ] GC(1064) Concurrent Scan Root Regions 57.979ms
[442.227s][info][gc,marking     ] GC(1064) Concurrent Mark
[442.227s][info][gc,marking     ] GC(1064) Concurrent Mark From Roots
[442.227s][info][gc,task        ] GC(1064) Using 1 workers of 1 for marking
[442.431s][info][gc,start       ] GC(1065) Pause Young (Normal) (G1 Evacuation Pause)
[442.431s][info][gc,task        ] GC(1065) Using 2 workers of 2 for evacuation
[442.450s][info][gc,phases      ] GC(1065)   Pre Evacuate Collection Set: 0.49ms
[442.450s][info][gc,phases      ] GC(1065)   Merge Heap Roots: 0.27ms
[442.450s][info][gc,phases      ] GC(1065)   Evacuate Collection Set: 17.87ms
[442.450s][info][gc,phases      ] GC(1065)   Post Evacuate Collection Set: 0.54ms
[442.450s][info][gc,phases      ] GC(1065)   Other: 0.09ms
[442.450s][info][gc,heap        ] GC(1065) Eden regions: 163->0(168)
[442.450s][info][gc,heap        ] GC(1065) Survivor regions: 5->9(21)
[442.450s][info][gc,heap        ] GC(1065) Old regions: 724->724
[442.450s][info][gc,heap        ] GC(1065) Humongous regions: 11->11
[442.450s][info][gc,metaspace   ] GC(1065) Metaspace: 18957K(19136K)->18957K(19136K) NonClass: 16291K(16384K)->16291K(16384K) Class: 2666K(2752K)->2666K(2752K)
[442.450s][info][gc             ] GC(1065) Pause Young (Normal) (G1 Evacuation Pause) 901M->742M(978M) 19.482ms
[442.451s][info][gc,cpu         ] GC(1065) User=0.03s Sys=0.00s Real=0.01s
[442.796s][info][gc,start       ] GC(1066) Pause Young (Normal) (G1 Evacuation Pause)
[442.796s][info][gc,task        ] GC(1066) Using 2 workers of 2 for evacuation
[442.818s][info][gc,phases      ] GC(1066)   Pre Evacuate Collection Set: 0.48ms
[442.818s][info][gc,phases      ] GC(1066)   Merge Heap Roots: 0.18ms
[442.818s][info][gc,phases      ] GC(1066)   Evacuate Collection Set: 21.39ms
[442.818s][info][gc,phases      ] GC(1066)   Post Evacuate Collection Set: 0.56ms
[442.818s][info][gc,phases      ] GC(1066)   Other: 0.08ms
[442.818s][info][gc,heap        ] GC(1066) Eden regions: 168->0(157)
[442.819s][info][gc,heap        ] GC(1066) Survivor regions: 9->18(23)
[442.819s][info][gc,heap        ] GC(1066) Old regions: 724->724
[442.819s][info][gc,heap        ] GC(1066) Humongous regions: 11->11
[442.819s][info][gc,metaspace   ] GC(1066) Metaspace: 18957K(19136K)->18957K(19136K) NonClass: 16291K(16384K)->16291K(16384K) Class: 2666K(2752K)->2666K(2752K)
[442.819s][info][gc             ] GC(1066) Pause Young (Normal) (G1 Evacuation Pause) 910M->751M(978M) 22.899ms
[442.819s][info][gc,cpu         ] GC(1066) User=0.05s Sys=0.00s Real=0.02s
[443.254s][info][gc,start       ] GC(1067) Pause Young (Normal) (G1 Evacuation Pause)
[443.254s][info][gc,task        ] GC(1067) Using 2 workers of 2 for evacuation
[443.297s][info][gc,phases      ] GC(1067)   Pre Evacuate Collection Set: 0.48ms
[443.297s][info][gc,phases      ] GC(1067)   Merge Heap Roots: 0.34ms
[443.297s][info][gc,phases      ] GC(1067)   Evacuate Collection Set: 41.73ms
[443.297s][info][gc,phases      ] GC(1067)   Post Evacuate Collection Set: 0.43ms
[443.297s][info][gc,phases      ] GC(1067)   Other: 0.07ms
[443.297s][info][gc,heap        ] GC(1067) Eden regions: 157->0(136)
[443.297s][info][gc,heap        ] GC(1067) Survivor regions: 18->22(22)
[443.297s][info][gc,heap        ] GC(1067) Old regions: 724->737
[443.297s][info][gc,heap        ] GC(1067) Humongous regions: 11->11
[443.297s][info][gc,metaspace   ] GC(1067) Metaspace: 18957K(19136K)->18957K(19136K) NonClass: 16291K(16384K)->16291K(16384K) Class: 2666K(2752K)->2666K(2752K)
[443.297s][info][gc             ] GC(1067) Pause Young (Normal) (G1 Evacuation Pause) 908M->769M(978M) 43.325ms
[443.297s][info][gc,cpu         ] GC(1067) User=0.09s Sys=0.00s Real=0.04s
[443.771s][info][gc,marking     ] GC(1064) Concurrent Mark From Roots 1544.391ms
[443.771s][info][gc,marking     ] GC(1064) Concurrent Preclean
[443.771s][info][gc,marking     ] GC(1064) Concurrent Preclean 0.045ms
[443.772s][info][gc,start       ] GC(1064) Pause Remark
[443.780s][info][gc             ] GC(1064) Pause Remark 893M->719M(978M) 7.752ms
[443.780s][info][gc,cpu         ] GC(1064) User=0.02s Sys=0.00s Real=0.00s
[443.780s][info][gc,marking     ] GC(1064) Concurrent Mark 1552.826ms
[443.780s][info][gc,marking     ] GC(1064) Concurrent Rebuild Remembered Sets and Scrub Regions
[443.825s][info][gc,start       ] GC(1068) Pause Young (Normal) (G1 Evacuation Pause)
[443.825s][info][gc,task        ] GC(1068) Using 2 workers of 2 for evacuation
[443.848s][info][gc,phases      ] GC(1068)   Pre Evacuate Collection Set: 0.46ms
[443.848s][info][gc,phases      ] GC(1068)   Merge Heap Roots: 0.13ms
[443.848s][info][gc,phases      ] GC(1068)   Evacuate Collection Set: 22.25ms
[443.849s][info][gc,phases      ] GC(1068)   Post Evacuate Collection Set: 0.36ms
[443.849s][info][gc,phases      ] GC(1068)   Other: 0.08ms
[443.849s][info][gc,heap        ] GC(1068) Eden regions: 136->0(270)
[443.849s][info][gc,heap        ] GC(1068) Survivor regions: 22->1(20)
[443.849s][info][gc,heap        ] GC(1068) Old regions: 568->590
[443.849s][info][gc,heap        ] GC(1068) Humongous regions: 6->6
[443.849s][info][gc,metaspace   ] GC(1068) Metaspace: 18957K(19136K)->18957K(19136K) NonClass: 16291K(16384K)->16291K(16384K) Class: 2666K(2752K)->2666K(2752K)
[443.849s][info][gc             ] GC(1068) Pause Young (Normal) (G1 Evacuation Pause) 731M->596M(978M) 23.476ms
[443.849s][info][gc,cpu         ] GC(1068) User=0.04s Sys=0.00s Real=0.02s
[444.283s][info][gc,marking     ] GC(1064) Concurrent Rebuild Remembered Sets and Scrub Regions 503.475ms
[444.283s][info][gc,start       ] GC(1064) Pause Cleanup
[444.284s][info][gc             ] GC(1064) Pause Cleanup 718M->718M(978M) 0.116ms
[444.284s][info][gc,cpu         ] GC(1064) User=0.00s Sys=0.00s Real=0.00s
[444.284s][info][gc,marking     ] GC(1064) Concurrent Clear Claimed Marks
[444.284s][info][gc,marking     ] GC(1064) Concurrent Clear Claimed Marks 0.029ms
[444.284s][info][gc,marking     ] GC(1064) Concurrent Cleanup for Next Mark
[444.287s][info][gc,marking     ] GC(1064) Concurrent Cleanup for Next Mark 2.899ms
[444.287s][info][gc             ] GC(1064) Concurrent Mark Cycle 2119.881ms
[444.629s][info][gc,start       ] GC(1069) Pause Young (Prepare Mixed) (G1 Evacuation Pause)
[444.629s][info][gc,task        ] GC(1069) Using 2 workers of 2 for evacuation
[444.640s][info][gc,phases      ] GC(1069)   Pre Evacuate Collection Set: 0.31ms
[444.640s][info][gc,phases      ] GC(1069)   Merge Heap Roots: 0.35ms
[444.640s][info][gc,phases      ] GC(1069)   Evacuate Collection Set: 10.38ms
[444.640s][info][gc,phases      ] GC(1069)   Post Evacuate Collection Set: 0.46ms
[444.640s][info][gc,phases      ] GC(1069)   Other: 0.10ms
[444.640s][info][gc,heap        ] GC(1069) Eden regions: 270->0(286)
[444.640s][info][gc,heap        ] GC(1069) Survivor regions: 1->1(34)
[444.640s][info][gc,heap        ] GC(1069) Old regions: 590->590
[444.640s][info][gc,heap        ] GC(1069) Humongous regions: 6->6
[444.640s][info][gc,metaspace   ] GC(1069) Metaspace: 18957K(19136K)->18957K(19136K) NonClass: 16291K(16384K)->16291K(16384K) Class: 2666K(2752K)->2666K(2752K)
[444.640s][info][gc             ] GC(1069) Pause Young (Prepare Mixed) (G1 Evacuation Pause) 866M->596M(978M) 11.841ms
[444.641s][info][gc,cpu         ] GC(1069) User=0.02s Sys=0.00s Real=0.01s
[444.970s][info][gc,start       ] GC(1070) Pause Young (Mixed) (G1 Evacuation Pause)
[444.970s][info][gc,task        ] GC(1070) Using 2 workers of 2 for evacuation
[445.028s][info][gc,phases      ] GC(1070)   Pre Evacuate Collection Set: 0.52ms
[445.028s][info][gc,phases      ] GC(1070)   Merge Heap Roots: 0.14ms
[445.028s][info][gc,phases      ] GC(1070)   Evacuate Collection Set: 55.62ms
[445.028s][info][gc,phases      ] GC(1070)   Post Evacuate Collection Set: 0.70ms
[445.028s][info][gc,phases      ] GC(1070)   Other: 0.10ms
[445.028s][info][gc,heap        ] GC(1070) Eden regions: 286->0(238)
[445.028s][info][gc,heap        ] GC(1070) Survivor regions: 1->36(36)
[445.028s][info][gc,heap        ] GC(1070) Old regions: 590->584
[445.028s][info][gc,heap        ] GC(1070) Humongous regions: 6->6
[445.028s][info][gc,metaspace   ] GC(1070) Metaspace: 18958K(19136K)->18958K(19136K) NonClass: 16292K(16384K)->16292K(16384K) Class: 2666K(2752K)->2666K(2752K)
[445.028s][info][gc             ] GC(1070) Pause Young (Mixed) (G1 Evacuation Pause) 882M->625M(978M) 57.315ms
[445.028s][info][gc,cpu         ] GC(1070) User=0.11s Sys=0.00s Real=0.06s
[445.332s][info][gc,start       ] GC(1071) Pause Young (Concurrent Start) (G1 Humongous Allocation)
[445.332s][info][gc,task        ] GC(1071) Using 2 workers of 2 for evacuation
[445.394s][info][gc,phases      ] GC(1071)   Pre Evacuate Collection Set: 0.36ms
[445.394s][info][gc,phases      ] GC(1071)   Merge Heap Roots: 0.42ms
[445.394s][info][gc,phases      ] GC(1071)   Evacuate Collection Set: 59.76ms
[445.394s][info][gc,phases      ] GC(1071)   Post Evacuate Collection Set: 0.60ms
[445.394s][info][gc,phases      ] GC(1071)   Other: 0.19ms
[445.394s][info][gc,heap        ] GC(1071) Eden regions: 201->0(232)
[445.394s][info][gc,heap        ] GC(1071) Survivor regions: 36->16(35)
[445.394s][info][gc,heap        ] GC(1071) Old regions: 584->621
[445.394s][info][gc,heap        ] GC(1071) Humongous regions: 6->6
[445.394s][info][gc,metaspace   ] GC(1071) Metaspace: 18958K(19136K)->18958K(19136K) NonClass: 16292K(16384K)->16292K(16384K) Class: 2666K(2752K)->2666K(2752K)
[445.394s][info][gc             ] GC(1071) Pause Young (Concurrent Start) (G1 Humongous Allocation) 826M->641M(978M) 61.555ms
[445.394s][info][gc             ] GC(1072) Concurrent Mark Cycle
[445.394s][info][gc,marking     ] GC(1072) Concurrent Scan Root Regions
[445.395s][info][gc,cpu         ] GC(1071) User=0.12s Sys=0.00s Real=0.06s
[445.448s][info][gc,marking     ] GC(1072) Concurrent Scan Root Regions 53.631ms
[445.448s][info][gc,marking     ] GC(1072) Concurrent Mark
[445.448s][info][gc,marking     ] GC(1072) Concurrent Mark From Roots
[445.448s][info][gc,task        ] GC(1072) Using 1 workers of 1 for marking
[445.831s][info][gc,start       ] GC(1073) Pause Young (Normal) (G1 Evacuation Pause)
[445.831s][info][gc,task        ] GC(1073) Using 2 workers of 2 for evacuation
[445.915s][info][gc,phases      ] GC(1073)   Pre Evacuate Collection Set: 0.53ms
[445.915s][info][gc,phases      ] GC(1073)   Merge Heap Roots: 0.36ms
[445.915s][info][gc,phases      ] GC(1073)   Evacuate Collection Set: 82.21ms
[445.915s][info][gc,phases      ] GC(1073)   Post Evacuate Collection Set: 0.62ms
[445.915s][info][gc,phases      ] GC(1073)   Other: 0.09ms
[445.915s][info][gc,heap        ] GC(1073) Eden regions: 232->0(191)
[445.915s][info][gc,heap        ] GC(1073) Survivor regions: 16->31(31)
[445.915s][info][gc,heap        ] GC(1073) Old regions: 621->654
[445.915s][info][gc,heap        ] GC(1073) Humongous regions: 9->9
[445.915s][info][gc,metaspace   ] GC(1073) Metaspace: 18958K(19136K)->18958K(19136K) NonClass: 16292K(16384K)->16292K(16384K) Class: 2666K(2752K)->2666K(2752K)
[445.915s][info][gc             ] GC(1073) Pause Young (Normal) (G1 Evacuation Pause) 876M->693M(978M) 84.052ms
[445.915s][info][gc,cpu         ] GC(1073) User=0.16s Sys=0.00s Real=0.08s
[446.174s][info][gc,start       ] GC(1074) Pause Young (Normal) (G1 Evacuation Pause)
[446.174s][info][gc,task        ] GC(1074) Using 2 workers of 2 for evacuation
[446.225s][info][gc,phases      ] GC(1074)   Pre Evacuate Collection Set: 0.27ms
[446.225s][info][gc,phases      ] GC(1074)   Merge Heap Roots: 0.47ms
[446.225s][info][gc,phases      ] GC(1074)   Evacuate Collection Set: 49.23ms
[446.225s][info][gc,phases      ] GC(1074)   Post Evacuate Collection Set: 0.40ms
[446.225s][info][gc,phases      ] GC(1074)   Other: 0.07ms
[446.225s][info][gc,heap        ] GC(1074) Eden regions: 191->0(200)
[446.225s][info][gc,heap        ] GC(1074) Survivor regions: 31->2(28)
[446.225s][info][gc,heap        ] GC(1074) Old regions: 654->686
[446.225s][info][gc,heap        ] GC(1074) Humongous regions: 9->9
[446.225s][info][gc,metaspace   ] GC(1074) Metaspace: 18958K(19136K)->18958K(19136K) NonClass: 16292K(16384K)->16292K(16384K) Class: 2666K(2752K)->2666K(2752K)
[446.225s][info][gc             ] GC(1074) Pause Young (Normal) (G1 Evacuation Pause) 884M->695M(978M) 50.711ms
[446.225s][info][gc,cpu         ] GC(1074) User=0.09s Sys=0.00s Real=0.05s
[446.666s][info][gc,start       ] GC(1075) Pause Young (Normal) (G1 Evacuation Pause)
[446.666s][info][gc,task        ] GC(1075) Using 2 workers of 2 for evacuation
[446.699s][info][gc,phases      ] GC(1075)   Pre Evacuate Collection Set: 0.28ms
[446.699s][info][gc,phases      ] GC(1075)   Merge Heap Roots: 0.49ms
[446.699s][info][gc,phases      ] GC(1075)   Evacuate Collection Set: 31.09ms
[446.699s][info][gc,phases      ] GC(1075)   Post Evacuate Collection Set: 0.40ms
[446.699s][info][gc,phases      ] GC(1075)   Other: 0.10ms
[446.699s][info][gc,heap        ] GC(1075) Eden regions: 200->0(197)
[446.699s][info][gc,heap        ] GC(1075) Survivor regions: 2->14(26)
[446.699s][info][gc,heap        ] GC(1075) Old regions: 686->686
[446.699s][info][gc,heap        ] GC(1075) Humongous regions: 9->9
[446.699s][info][gc,metaspace   ] GC(1075) Metaspace: 18958K(19136K)->18958K(19136K) NonClass: 16292K(16384K)->16292K(16384K) Class: 2666K(2752K)->2666K(2752K)
[446.699s][info][gc             ] GC(1075) Pause Young (Normal) (G1 Evacuation Pause) 895M->708M(978M) 32.579ms
[446.699s][info][gc,cpu         ] GC(1075) User=0.06s Sys=0.00s Real=0.03s
[447.079s][info][gc,marking     ] GC(1072) Concurrent Mark From Roots 1631.129ms
[447.079s][info][gc,marking     ] GC(1072) Concurrent Preclean
[447.079s][info][gc,marking     ] GC(1072) Concurrent Preclean 0.041ms
[447.079s][info][gc,start       ] GC(1072) Pause Remark
[447.087s][info][gc             ] GC(1072) Pause Remark 853M->840M(978M) 7.712ms
[447.087s][info][gc,cpu         ] GC(1072) User=0.02s Sys=0.00s Real=0.01s
[447.087s][info][gc,marking     ] GC(1072) Concurrent Mark 1639.177ms
[447.087s][info][gc,marking     ] GC(1072) Concurrent Rebuild Remembered Sets and Scrub Regions
[447.376s][info][gc,start       ] GC(1076) Pause Young (Normal) (G1 Evacuation Pause)
[447.376s][info][gc,task        ] GC(1076) Using 2 workers of 2 for evacuation
[447.417s][info][gc,phases      ] GC(1076)   Pre Evacuate Collection Set: 0.48ms
[447.417s][info][gc,phases      ] GC(1076)   Merge Heap Roots: 0.43ms
[447.417s][info][gc,phases      ] GC(1076)   Evacuate Collection Set: 39.26ms
[447.417s][info][gc,phases      ] GC(1076)   Post Evacuate Collection Set: 0.46ms
[447.417s][info][gc,phases      ] GC(1076)   Other: 0.08ms
[447.417s][info][gc,heap        ] GC(1076) Eden regions: 197->0(186)
[447.417s][info][gc,heap        ] GC(1076) Survivor regions: 14->27(27)
[447.417s][info][gc,heap        ] GC(1076) Old regions: 673->679
[447.417s][info][gc,heap        ] GC(1076) Humongous regions: 9->9
[447.417s][info][gc,metaspace   ] GC(1076) Metaspace: 18959K(19136K)->18959K(19136K) NonClass: 16293K(16384K)->16293K(16384K) Class: 2666K(2752K)->2666K(2752K)
[447.417s][info][gc             ] GC(1076) Pause Young (Normal) (G1 Evacuation Pause) 892M->714M(978M) 40.888ms
[447.417s][info][gc,cpu         ] GC(1076) User=0.08s Sys=0.00s Real=0.04s
[447.691s][info][gc,marking     ] GC(1072) Concurrent Rebuild Remembered Sets and Scrub Regions 604.133ms
[447.691s][info][gc,start       ] GC(1072) Pause Cleanup
[447.691s][info][gc             ] GC(1072) Pause Cleanup 846M->846M(978M) 0.112ms
[447.691s][info][gc,cpu         ] GC(1072) User=0.00s Sys=0.00s Real=0.00s
[447.692s][info][gc,marking     ] GC(1072) Concurrent Clear Claimed Marks
[447.692s][info][gc,marking     ] GC(1072) Concurrent Clear Claimed Marks 0.046ms
[447.692s][info][gc,marking     ] GC(1072) Concurrent Cleanup for Next Mark
[447.698s][info][gc,marking     ] GC(1072) Concurrent Cleanup for Next Mark 5.902ms
[447.698s][info][gc             ] GC(1072) Concurrent Mark Cycle 2303.956ms
[447.751s][info][gc,start       ] GC(1077) Pause Young (Prepare Mixed) (G1 Evacuation Pause)
[447.751s][info][gc,task        ] GC(1077) Using 2 workers of 2 for evacuation
[447.798s][info][gc,phases      ] GC(1077)   Pre Evacuate Collection Set: 0.27ms
[447.798s][info][gc,phases      ] GC(1077)   Merge Heap Roots: 0.22ms
[447.798s][info][gc,phases      ] GC(1077)   Evacuate Collection Set: 46.36ms
[447.798s][info][gc,phases      ] GC(1077)   Post Evacuate Collection Set: 0.44ms
[447.798s][info][gc,phases      ] GC(1077)   Other: 0.10ms
[447.798s][info][gc,heap        ] GC(1077) Eden regions: 186->0(177)
[447.798s][info][gc,heap        ] GC(1077) Survivor regions: 27->18(27)
[447.798s][info][gc,heap        ] GC(1077) Old regions: 679->706
[447.798s][info][gc,heap        ] GC(1077) Humongous regions: 9->9
[447.798s][info][gc,metaspace   ] GC(1077) Metaspace: 18959K(19136K)->18959K(19136K) NonClass: 16293K(16384K)->16293K(16384K) Class: 2666K(2752K)->2666K(2752K)
[447.798s][info][gc             ] GC(1077) Pause Young (Prepare Mixed) (G1 Evacuation Pause) 900M->732M(978M) 47.616ms
[447.798s][info][gc,cpu         ] GC(1077) User=0.10s Sys=0.00s Real=0.05s
[448.000s][info][gc,start       ] GC(1078) Pause Young (Mixed) (G1 Evacuation Pause)
[448.000s][info][gc,task        ] GC(1078) Using 2 workers of 2 for evacuation
[448.026s][info][gc,phases      ] GC(1078)   Pre Evacuate Collection Set: 0.33ms
[448.026s][info][gc,phases      ] GC(1078)   Merge Heap Roots: 0.12ms
[448.026s][info][gc,phases      ] GC(1078)   Evacuate Collection Set: 25.43ms
[448.026s][info][gc,phases      ] GC(1078)   Post Evacuate Collection Set: 0.44ms
[448.026s][info][gc,phases      ] GC(1078)   Other: 0.08ms
[448.026s][info][gc,heap        ] GC(1078) Eden regions: 177->0(174)
[448.026s][info][gc,heap        ] GC(1078) Survivor regions: 18->25(25)
[448.026s][info][gc,heap        ] GC(1078) Old regions: 706->695
[448.026s][info][gc,heap        ] GC(1078) Humongous regions: 9->9
[448.026s][info][gc,metaspace   ] GC(1078) Metaspace: 18965K(19136K)->18965K(19136K) NonClass: 16299K(16384K)->16299K(16384K) Class: 2666K(2752K)->2666K(2752K)
[448.027s][info][gc             ] GC(1078) Pause Young (Mixed) (G1 Evacuation Pause) 909M->728M(978M) 26.604ms
[448.027s][info][gc,cpu         ] GC(1078) User=0.05s Sys=0.00s Real=0.03s
[448.211s][info][gc,start       ] GC(1079) Pause Young (Concurrent Start) (G1 Evacuation Pause)
[448.211s][info][gc,task        ] GC(1079) Using 2 workers of 2 for evacuation
[448.247s][info][gc,phases      ] GC(1079)   Pre Evacuate Collection Set: 0.38ms
[448.247s][info][gc,phases      ] GC(1079)   Merge Heap Roots: 0.11ms
[448.247s][info][gc,phases      ] GC(1079)   Evacuate Collection Set: 34.70ms
[448.247s][info][gc,phases      ] GC(1079)   Post Evacuate Collection Set: 0.45ms
[448.247s][info][gc,phases      ] GC(1079)   Other: 0.10ms
[448.247s][info][gc,heap        ] GC(1079) Eden regions: 174->0(171)
[448.247s][info][gc,heap        ] GC(1079) Survivor regions: 25->17(25)
[448.247s][info][gc,heap        ] GC(1079) Old regions: 695->714
[448.247s][info][gc,heap        ] GC(1079) Humongous regions: 9->9
[448.247s][info][gc,metaspace   ] GC(1079) Metaspace: 18965K(19136K)->18965K(19136K) NonClass: 16299K(16384K)->16299K(16384K) Class: 2666K(2752K)->2666K(2752K)
[448.247s][info][gc             ] GC(1079) Pause Young (Concurrent Start) (G1 Evacuation Pause) 902M->739M(978M) 35.952ms
[448.247s][info][gc             ] GC(1080) Concurrent Mark Cycle
[448.247s][info][gc,marking     ] GC(1080) Concurrent Scan Root Regions
[448.247s][info][gc,cpu         ] GC(1079) User=0.07s Sys=0.00s Real=0.04s
[448.287s][info][gc,marking     ] GC(1080) Concurrent Scan Root Regions 40.455ms
[448.287s][info][gc,marking     ] GC(1080) Concurrent Mark
[448.287s][info][gc,marking     ] GC(1080) Concurrent Mark From Roots
[448.287s][info][gc,task        ] GC(1080) Using 1 workers of 1 for marking
[448.757s][info][gc,start       ] GC(1081) Pause Young (Normal) (G1 Evacuation Pause)
[448.757s][info][gc,task        ] GC(1081) Using 2 workers of 2 for evacuation
[448.779s][info][gc,phases      ] GC(1081)   Pre Evacuate Collection Set: 0.31ms
[448.779s][info][gc,phases      ] GC(1081)   Merge Heap Roots: 0.15ms
[448.779s][info][gc,phases      ] GC(1081)   Evacuate Collection Set: 21.62ms
[448.779s][info][gc,phases      ] GC(1081)   Post Evacuate Collection Set: 0.38ms
[448.779s][info][gc,phases      ] GC(1081)   Other: 0.09ms
[448.779s][info][gc,heap        ] GC(1081) Eden regions: 171->0(181)
[448.779s][info][gc,heap        ] GC(1081) Survivor regions: 17->2(24)
[448.779s][info][gc,heap        ] GC(1081) Old regions: 714->731
[448.779s][info][gc,heap        ] GC(1081) Humongous regions: 9->9
[448.779s][info][gc,metaspace   ] GC(1081) Metaspace: 18965K(19136K)->18965K(19136K) NonClass: 16299K(16384K)->16299K(16384K) Class: 2666K(2752K)->2666K(2752K)
[448.779s][info][gc             ] GC(1081) Pause Young (Normal) (G1 Evacuation Pause) 910M->741M(978M) 22.768ms
[448.779s][info][gc,cpu         ] GC(1081) User=0.05s Sys=0.00s Real=0.02s
[449.163s][info][gc,start       ] GC(1082) Pause Young (Normal) (G1 Evacuation Pause)
[449.163s][info][gc,task        ] GC(1082) Using 2 workers of 2 for evacuation
[449.182s][info][gc,phases      ] GC(1082)   Pre Evacuate Collection Set: 0.29ms
[449.182s][info][gc,phases      ] GC(1082)   Merge Heap Roots: 0.10ms
[449.182s][info][gc,phases      ] GC(1082)   Evacuate Collection Set: 18.20ms
[449.182s][info][gc,phases      ] GC(1082)   Post Evacuate Collection Set: 0.39ms
[449.182s][info][gc,phases      ] GC(1082)   Other: 0.08ms
[449.182s][info][gc,heap        ] GC(1082) Eden regions: 181->0(152)
[449.182s][info][gc,heap        ] GC(1082) Survivor regions: 2->18(23)
[449.182s][info][gc,heap        ] GC(1082) Old regions: 731->731
[449.182s][info][gc,heap        ] GC(1082) Humongous regions: 9->9
[449.182s][info][gc,metaspace   ] GC(1082) Metaspace: 18965K(19136K)->18965K(19136K) NonClass: 16299K(16384K)->16299K(16384K) Class: 2666K(2752K)->2666K(2752K)
[449.183s][info][gc             ] GC(1082) Pause Young (Normal) (G1 Evacuation Pause) 922M->756M(978M) 19.284ms
[449.183s][info][gc,cpu         ] GC(1082) User=0.04s Sys=0.00s Real=0.02s
[449.450s][info][gc,marking     ] GC(1080) Concurrent Mark From Roots 1162.821ms
[449.450s][info][gc,marking     ] GC(1080) Concurrent Preclean
[449.450s][info][gc,marking     ] GC(1080) Concurrent Preclean 0.039ms
[449.450s][info][gc,start       ] GC(1080) Pause Remark
[449.458s][info][gc             ] GC(1080) Pause Remark 893M->620M(978M) 7.892ms
[449.458s][info][gc,cpu         ] GC(1080) User=0.01s Sys=0.00s Real=0.01s
[449.458s][info][gc,marking     ] GC(1080) Concurrent Mark 1171.065ms
[449.458s][info][gc,marking     ] GC(1080) Concurrent Rebuild Remembered Sets and Scrub Regions
[449.471s][info][gc,start       ] GC(1083) Pause Young (Normal) (G1 Evacuation Pause)
[449.471s][info][gc,task        ] GC(1083) Using 2 workers of 2 for evacuation
[449.512s][info][gc,phases      ] GC(1083)   Pre Evacuate Collection Set: 0.26ms
[449.513s][info][gc,phases      ] GC(1083)   Merge Heap Roots: 0.09ms
[449.513s][info][gc,phases      ] GC(1083)   Evacuate Collection Set: 40.91ms
[449.513s][info][gc,phases      ] GC(1083)   Post Evacuate Collection Set: 0.48ms
[449.513s][info][gc,phases      ] GC(1083)   Other: 0.06ms
[449.513s][info][gc,heap        ] GC(1083) Eden regions: 152->0(333)
[449.513s][info][gc,heap        ] GC(1083) Survivor regions: 18->22(22)
[449.513s][info][gc,heap        ] GC(1083) Old regions: 463->487
[449.513s][info][gc,heap        ] GC(1083) Humongous regions: 4->4
[449.513s][info][gc,metaspace   ] GC(1083) Metaspace: 18965K(19136K)->18965K(19136K) NonClass: 16299K(16384K)->16299K(16384K) Class: 2666K(2752K)->2666K(2752K)
[449.513s][info][gc             ] GC(1083) Pause Young (Normal) (G1 Evacuation Pause) 635M->512M(978M) 41.966ms
[449.513s][info][gc,cpu         ] GC(1083) User=0.09s Sys=0.00s Real=0.05s
[450.058s][info][gc,start       ] GC(1084) Pause Young (Normal) (G1 Evacuation Pause)
[450.058s][info][gc,task        ] GC(1084) Using 2 workers of 2 for evacuation
[450.165s][info][gc,phases      ] GC(1084)   Pre Evacuate Collection Set: 0.28ms
[450.165s][info][gc,phases      ] GC(1084)   Merge Heap Roots: 0.31ms
[450.165s][info][gc,phases      ] GC(1084)   Evacuate Collection Set: 104.90ms
[450.165s][info][gc,phases      ] GC(1084)   Post Evacuate Collection Set: 0.85ms
[450.165s][info][gc,phases      ] GC(1084)   Other: 0.08ms
[450.165s][info][gc,heap        ] GC(1084) Eden regions: 333->0(276)
[450.165s][info][gc,heap        ] GC(1084) Survivor regions: 22->45(45)
[450.165s][info][gc,heap        ] GC(1084) Old regions: 487->530
[450.165s][info][gc,heap        ] GC(1084) Humongous regions: 7->7
[450.165s][info][gc,metaspace   ] GC(1084) Metaspace: 18965K(19136K)->18965K(19136K) NonClass: 16299K(16384K)->16299K(16384K) Class: 2666K(2752K)->2666K(2752K)
[450.165s][info][gc             ] GC(1084) Pause Young (Normal) (G1 Evacuation Pause) 848M->581M(978M) 106.684ms
[450.165s][info][gc,cpu         ] GC(1084) User=0.21s Sys=0.00s Real=0.11s
[450.211s][info][gc,marking     ] GC(1080) Concurrent Rebuild Remembered Sets and Scrub Regions 752.159ms
[450.211s][info][gc,start       ] GC(1080) Pause Cleanup
[450.211s][info][gc             ] GC(1080) Pause Cleanup 615M->615M(978M) 0.119ms
[450.212s][info][gc,cpu         ] GC(1080) User=0.00s Sys=0.00s Real=0.00s
[450.212s][info][gc,marking     ] GC(1080) Concurrent Clear Claimed Marks
[450.212s][info][gc,marking     ] GC(1080) Concurrent Clear Claimed Marks 0.040ms
[450.212s][info][gc,marking     ] GC(1080) Concurrent Cleanup for Next Mark
[450.219s][info][gc,marking     ] GC(1080) Concurrent Cleanup for Next Mark 7.211ms
[450.219s][info][gc             ] GC(1080) Concurrent Mark Cycle 1972.113ms
[450.467s][info][gc,start       ] GC(1085) Pause Young (Prepare Mixed) (G1 Evacuation Pause)
[450.467s][info][gc,task        ] GC(1085) Using 2 workers of 2 for evacuation
[450.570s][info][gc,phases      ] GC(1085)   Pre Evacuate Collection Set: 0.31ms
[450.570s][info][gc,phases      ] GC(1085)   Merge Heap Roots: 0.48ms
[450.570s][info][gc,phases      ] GC(1085)   Evacuate Collection Set: 100.96ms
[450.570s][info][gc,phases      ] GC(1085)   Post Evacuate Collection Set: 0.71ms
[450.570s][info][gc,phases      ] GC(1085)   Other: 0.08ms
[450.570s][info][gc,heap        ] GC(1085) Eden regions: 276->0(256)
[450.570s][info][gc,heap        ] GC(1085) Survivor regions: 45->34(41)
[450.570s][info][gc,heap        ] GC(1085) Old regions: 530->575
[450.570s][info][gc,heap        ] GC(1085) Humongous regions: 7->7
[450.570s][info][gc,metaspace   ] GC(1085) Metaspace: 18965K(19136K)->18965K(19136K) NonClass: 16299K(16384K)->16299K(16384K) Class: 2666K(2752K)->2666K(2752K)
[450.570s][info][gc             ] GC(1085) Pause Young (Prepare Mixed) (G1 Evacuation Pause) 857M->615M(978M) 102.821ms
[450.570s][info][gc,cpu         ] GC(1085) User=0.20s Sys=0.00s Real=0.10s
[450.905s][info][gc,start       ] GC(1086) Pause Young (Mixed) (G1 Evacuation Pause)
[450.905s][info][gc,task        ] GC(1086) Using 2 workers of 2 for evacuation
[450.959s][info][gc,phases      ] GC(1086)   Pre Evacuate Collection Set: 0.31ms
[450.959s][info][gc,phases      ] GC(1086)   Merge Heap Roots: 0.58ms
[450.959s][info][gc,phases      ] GC(1086)   Evacuate Collection Set: 51.52ms
[450.959s][info][gc,phases      ] GC(1086)   Post Evacuate Collection Set: 0.77ms
[450.959s][info][gc,phases      ] GC(1086)   Other: 0.08ms
[450.959s][info][gc,heap        ] GC(1086) Eden regions: 256->0(43)
[450.959s][info][gc,heap        ] GC(1086) Survivor regions: 34->5(37)
[450.959s][info][gc,heap        ] GC(1086) Old regions: 575->568
[450.959s][info][gc,heap        ] GC(1086) Humongous regions: 7->7
[450.959s][info][gc,metaspace   ] GC(1086) Metaspace: 18965K(19136K)->18965K(19136K) NonClass: 16299K(16384K)->16299K(16384K) Class: 2666K(2752K)->2666K(2752K)
[450.959s][info][gc             ] GC(1086) Pause Young (Mixed) (G1 Evacuation Pause) 871M->579M(978M) 53.517ms
[450.959s][info][gc,cpu         ] GC(1086) User=0.10s Sys=0.00s Real=0.05s
[451.171s][info][gc,start       ] GC(1087) Pause Young (Mixed) (G1 Evacuation Pause)
[451.171s][info][gc,task        ] GC(1087) Using 2 workers of 2 for evacuation
[451.330s][info][gc,phases      ] GC(1087)   Pre Evacuate Collection Set: 0.29ms
[451.330s][info][gc,phases      ] GC(1087)   Merge Heap Roots: 0.75ms
[451.330s][info][gc,phases      ] GC(1087)   Evacuate Collection Set: 156.34ms
[451.330s][info][gc,phases      ] GC(1087)   Post Evacuate Collection Set: 1.72ms
[451.330s][info][gc,phases      ] GC(1087)   Other: 0.07ms
[451.330s][info][gc,heap        ] GC(1087) Eden regions: 141->0(268)
[451.330s][info][gc,heap        ] GC(1087) Survivor regions: 5->19(19)
[451.330s][info][gc,heap        ] GC(1087) Old regions: 568->578
[451.330s][info][gc,heap        ] GC(1087) Humongous regions: 7->7
[451.330s][info][gc,metaspace   ] GC(1087) Metaspace: 18970K(19136K)->18970K(19136K) NonClass: 16304K(16384K)->16304K(16384K) Class: 2666K(2752K)->2666K(2752K)
[451.330s][info][gc             ] GC(1087) Pause Young (Mixed) (G1 Evacuation Pause) 720M->603M(978M) 159.371ms
[451.330s][info][gc,cpu         ] GC(1087) User=0.31s Sys=0.00s Real=0.16s
[451.539s][info][gc,start       ] GC(1088) Pause Young (Concurrent Start) (G1 Humongous Allocation)
[451.539s][info][gc,task        ] GC(1088) Using 2 workers of 2 for evacuation
[451.616s][info][gc,phases      ] GC(1088)   Pre Evacuate Collection Set: 0.34ms
[451.616s][info][gc,phases      ] GC(1088)   Merge Heap Roots: 0.37ms
[451.616s][info][gc,phases      ] GC(1088)   Evacuate Collection Set: 75.02ms
[451.616s][info][gc,phases      ] GC(1088)   Post Evacuate Collection Set: 0.57ms
[451.616s][info][gc,phases      ] GC(1088)   Other: 0.19ms
[451.616s][info][gc,heap        ] GC(1088) Eden regions: 222->0(222)
[451.616s][info][gc,heap        ] GC(1088) Survivor regions: 19->36(36)
[451.616s][info][gc,heap        ] GC(1088) Old regions: 578->608
[451.616s][info][gc,heap        ] GC(1088) Humongous regions: 7->7
[451.616s][info][gc,metaspace   ] GC(1088) Metaspace: 18970K(19136K)->18970K(19136K) NonClass: 16304K(16384K)->16304K(16384K) Class: 2666K(2752K)->2666K(2752K)
[451.616s][info][gc             ] GC(1088) Pause Young (Concurrent Start) (G1 Humongous Allocation) 825M->650M(978M) 76.751ms
[451.616s][info][gc,cpu         ] GC(1088) User=0.15s Sys=0.00s Real=0.08s
[451.616s][info][gc             ] GC(1089) Concurrent Mark Cycle
[451.618s][info][gc,marking     ] GC(1089) Concurrent Scan Root Regions
[451.715s][info][gc,marking     ] GC(1089) Concurrent Scan Root Regions 96.955ms
[451.715s][info][gc,marking     ] GC(1089) Concurrent Mark
[451.715s][info][gc,marking     ] GC(1089) Concurrent Mark From Roots
[451.715s][info][gc,task        ] GC(1089) Using 1 workers of 1 for marking
[452.358s][info][gc,start       ] GC(1090) Pause Young (Normal) (G1 Evacuation Pause)
[452.358s][info][gc,task        ] GC(1090) Using 2 workers of 2 for evacuation
[452.409s][info][gc,phases      ] GC(1090)   Pre Evacuate Collection Set: 0.30ms
[452.409s][info][gc,phases      ] GC(1090)   Merge Heap Roots: 0.24ms
[452.409s][info][gc,phases      ] GC(1090)   Evacuate Collection Set: 49.46ms
[452.409s][info][gc,phases      ] GC(1090)   Post Evacuate Collection Set: 0.45ms
[452.409s][info][gc,phases      ] GC(1090)   Other: 0.07ms
[452.409s][info][gc,heap        ] GC(1090) Eden regions: 222->0(222)
[452.409s][info][gc,heap        ] GC(1090) Survivor regions: 36->12(33)
[452.409s][info][gc,heap        ] GC(1090) Old regions: 608->644
[452.409s][info][gc,heap        ] GC(1090) Humongous regions: 8->8
[452.409s][info][gc,metaspace   ] GC(1090) Metaspace: 18970K(19136K)->18970K(19136K) NonClass: 16304K(16384K)->16304K(16384K) Class: 2666K(2752K)->2666K(2752K)
[452.409s][info][gc             ] GC(1090) Pause Young (Normal) (G1 Evacuation Pause) 873M->663M(978M) 50.767ms
[452.409s][info][gc,cpu         ] GC(1090) User=0.10s Sys=0.00s Real=0.05s
[452.664s][info][gc,marking     ] GC(1089) Concurrent Mark From Roots 948.752ms
[452.664s][info][gc,marking     ] GC(1089) Concurrent Preclean
[452.664s][info][gc,marking     ] GC(1089) Concurrent Preclean 0.038ms
[452.664s][info][gc,start       ] GC(1089) Pause Remark
[452.672s][info][gc             ] GC(1089) Pause Remark 812M->634M(978M) 7.791ms
[452.672s][info][gc,cpu         ] GC(1089) User=0.01s Sys=0.00s Real=0.01s
[452.672s][info][gc,marking     ] GC(1089) Concurrent Mark 957.259ms
[452.672s][info][gc,marking     ] GC(1089) Concurrent Rebuild Remembered Sets and Scrub Regions
[452.810s][info][gc,start       ] GC(1091) Pause Young (Normal) (G1 Evacuation Pause)
[452.810s][info][gc,task        ] GC(1091) Using 2 workers of 2 for evacuation
[452.841s][info][gc,phases      ] GC(1091)   Pre Evacuate Collection Set: 0.28ms
[452.841s][info][gc,phases      ] GC(1091)   Merge Heap Roots: 0.16ms
[452.841s][info][gc,phases      ] GC(1091)   Evacuate Collection Set: 29.78ms
[452.841s][info][gc,phases      ] GC(1091)   Post Evacuate Collection Set: 0.42ms
[452.841s][info][gc,phases      ] GC(1091)   Other: 0.13ms
[452.841s][info][gc,heap        ] GC(1091) Eden regions: 222->0(325)
[452.841s][info][gc,heap        ] GC(1091) Survivor regions: 12->27(30)
[452.841s][info][gc,heap        ] GC(1091) Old regions: 469->469
[452.841s][info][gc,heap        ] GC(1091) Humongous regions: 5->5
[452.841s][info][gc,metaspace   ] GC(1091) Metaspace: 18970K(19136K)->18970K(19136K) NonClass: 16304K(16384K)->16304K(16384K) Class: 2666K(2752K)->2666K(2752K)
[452.841s][info][gc             ] GC(1091) Pause Young (Normal) (G1 Evacuation Pause) 707M->499M(978M) 30.942ms
[452.841s][info][gc,cpu         ] GC(1091) User=0.06s Sys=0.00s Real=0.04s
[453.088s][info][gc,marking     ] GC(1089) Concurrent Rebuild Remembered Sets and Scrub Regions 415.351ms
[453.088s][info][gc,start       ] GC(1089) Pause Cleanup
[453.088s][info][gc             ] GC(1089) Pause Cleanup 649M->649M(978M) 0.099ms
[453.088s][info][gc,cpu         ] GC(1089) User=0.00s Sys=0.00s Real=0.00s
[453.090s][info][gc,marking     ] GC(1089) Concurrent Clear Claimed Marks
[453.090s][info][gc,marking     ] GC(1089) Concurrent Clear Claimed Marks 0.063ms
[453.090s][info][gc,marking     ] GC(1089) Concurrent Cleanup for Next Mark
[453.093s][info][gc,marking     ] GC(1089) Concurrent Cleanup for Next Mark 2.941ms
[453.093s][info][gc             ] GC(1089) Concurrent Mark Cycle 1476.970ms
[453.488s][info][gc,start       ] GC(1092) Pause Young (Prepare Mixed) (G1 Evacuation Pause)
[453.488s][info][gc,task        ] GC(1092) Using 2 workers of 2 for evacuation
[453.535s][info][gc,phases      ] GC(1092)   Pre Evacuate Collection Set: 0.52ms
[453.536s][info][gc,phases      ] GC(1092)   Merge Heap Roots: 0.22ms
[453.536s][info][gc,phases      ] GC(1092)   Evacuate Collection Set: 45.62ms
[453.536s][info][gc,phases      ] GC(1092)   Post Evacuate Collection Set: 0.59ms
[453.536s][info][gc,phases      ] GC(1092)   Other: 0.08ms
[453.536s][info][gc,heap        ] GC(1092) Eden regions: 325->0(328)
[453.536s][info][gc,heap        ] GC(1092) Survivor regions: 27->31(44)
[453.536s][info][gc,heap        ] GC(1092) Old regions: 469->481
[453.536s][info][gc,heap        ] GC(1092) Humongous regions: 5->5
[453.536s][info][gc,metaspace   ] GC(1092) Metaspace: 18970K(19136K)->18970K(19136K) NonClass: 16304K(16384K)->16304K(16384K) Class: 2666K(2752K)->2666K(2752K)
[453.536s][info][gc             ] GC(1092) Pause Young (Prepare Mixed) (G1 Evacuation Pause) 824M->516M(978M) 47.247ms
[453.536s][info][gc,cpu         ] GC(1092) User=0.09s Sys=0.00s Real=0.05s
[454.151s][info][gc,start       ] GC(1093) Pause Young (Mixed) (G1 Evacuation Pause)
[454.152s][info][gc,task        ] GC(1093) Using 2 workers of 2 for evacuation
[454.203s][info][gc,phases      ] GC(1093)   Pre Evacuate Collection Set: 0.52ms
[454.203s][info][gc,phases      ] GC(1093)   Merge Heap Roots: 0.43ms
[454.203s][info][gc,phases      ] GC(1093)   Evacuate Collection Set: 49.39ms
[454.203s][info][gc,phases      ] GC(1093)   Post Evacuate Collection Set: 0.63ms
[454.203s][info][gc,phases      ] GC(1093)   Other: 0.08ms
[454.203s][info][gc,heap        ] GC(1093) Eden regions: 328->0(356)
[454.203s][info][gc,heap        ] GC(1093) Survivor regions: 31->30(45)
[454.203s][info][gc,heap        ] GC(1093) Old regions: 481->457
[454.203s][info][gc,heap        ] GC(1093) Humongous regions: 5->5
[454.203s][info][gc,metaspace   ] GC(1093) Metaspace: 18973K(19136K)->18973K(19136K) NonClass: 16307K(16384K)->16307K(16384K) Class: 2666K(2752K)->2666K(2752K)
[454.203s][info][gc             ] GC(1093) Pause Young (Mixed) (G1 Evacuation Pause) 844M->491M(978M) 51.243ms
[454.203s][info][gc,cpu         ] GC(1093) User=0.10s Sys=0.00s Real=0.05s
[454.602s][info][gc,start       ] GC(1094) Pause Young (Concurrent Start) (G1 Humongous Allocation)
[454.602s][info][gc,task        ] GC(1094) Using 2 workers of 2 for evacuation
[454.708s][info][gc,phases      ] GC(1094)   Pre Evacuate Collection Set: 0.35ms
[454.708s][info][gc,phases      ] GC(1094)   Merge Heap Roots: 0.51ms
[454.708s][info][gc,phases      ] GC(1094)   Evacuate Collection Set: 104.24ms
[454.708s][info][gc,phases      ] GC(1094)   Post Evacuate Collection Set: 0.71ms
[454.708s][info][gc,phases      ] GC(1094)   Other: 0.20ms
[454.708s][info][gc,heap        ] GC(1094) Eden regions: 352->0(307)
[454.708s][info][gc,heap        ] GC(1094) Survivor regions: 30->49(49)
[454.708s][info][gc,heap        ] GC(1094) Old regions: 457->500
[454.708s][info][gc,heap        ] GC(1094) Humongous regions: 5->5
[454.708s][info][gc,metaspace   ] GC(1094) Metaspace: 18973K(19136K)->18973K(19136K) NonClass: 16307K(16384K)->16307K(16384K) Class: 2666K(2752K)->2666K(2752K)
[454.708s][info][gc             ] GC(1094) Pause Young (Concurrent Start) (G1 Humongous Allocation) 842M->553M(978M) 106.264ms
[454.708s][info][gc,cpu         ] GC(1094) User=0.21s Sys=0.00s Real=0.10s
[454.708s][info][gc             ] GC(1095) Concurrent Mark Cycle
[454.708s][info][gc,marking     ] GC(1095) Concurrent Scan Root Regions
[454.810s][info][gc,marking     ] GC(1095) Concurrent Scan Root Regions 101.917ms
[454.810s][info][gc,marking     ] GC(1095) Concurrent Mark
[454.810s][info][gc,marking     ] GC(1095) Concurrent Mark From Roots
[454.810s][info][gc,task        ] GC(1095) Using 1 workers of 1 for marking
[455.422s][info][gc,start       ] GC(1096) Pause Young (Normal) (G1 Evacuation Pause)
[455.422s][info][gc,task        ] GC(1096) Using 2 workers of 2 for evacuation
[455.538s][info][gc,phases      ] GC(1096)   Pre Evacuate Collection Set: 0.30ms
[455.538s][info][gc,phases      ] GC(1096)   Merge Heap Roots: 0.40ms
[455.538s][info][gc,phases      ] GC(1096)   Evacuate Collection Set: 114.00ms
[455.538s][info][gc,phases      ] GC(1096)   Post Evacuate Collection Set: 0.66ms
[455.538s][info][gc,phases      ] GC(1096)   Other: 0.08ms
[455.538s][info][gc,heap        ] GC(1096) Eden regions: 307->0(252)
[455.538s][info][gc,heap        ] GC(1096) Survivor regions: 49->45(45)
[455.538s][info][gc,heap        ] GC(1096) Old regions: 500->564
[455.538s][info][gc,heap        ] GC(1096) Humongous regions: 8->8
[455.538s][info][gc,metaspace   ] GC(1096) Metaspace: 18974K(19136K)->18974K(19136K) NonClass: 16308K(16384K)->16308K(16384K) Class: 2666K(2752K)->2666K(2752K)
[455.538s][info][gc             ] GC(1096) Pause Young (Normal) (G1 Evacuation Pause) 863M->616M(978M) 115.676ms
[455.538s][info][gc,cpu         ] GC(1096) User=0.23s Sys=0.00s Real=0.11s
[455.761s][info][gc,marking     ] GC(1095) Concurrent Mark From Roots 950.973ms
[455.761s][info][gc,marking     ] GC(1095) Concurrent Preclean
[455.761s][info][gc,marking     ] GC(1095) Concurrent Preclean 0.038ms
[455.761s][info][gc,start       ] GC(1095) Pause Remark
[455.769s][info][gc             ] GC(1095) Pause Remark 707M->576M(978M) 7.729ms
[455.769s][info][gc,cpu         ] GC(1095) User=0.02s Sys=0.00s Real=0.00s
[455.769s][info][gc,marking     ] GC(1095) Concurrent Mark 959.016ms
[455.769s][info][gc,marking     ] GC(1095) Concurrent Rebuild Remembered Sets and Scrub Regions
[455.997s][info][gc,start       ] GC(1097) Pause Young (Normal) (G1 Evacuation Pause)
[455.997s][info][gc,task        ] GC(1097) Using 2 workers of 2 for evacuation
[456.092s][info][gc,phases      ] GC(1097)   Pre Evacuate Collection Set: 0.29ms
[456.092s][info][gc,phases      ] GC(1097)   Merge Heap Roots: 0.30ms
[456.092s][info][gc,phases      ] GC(1097)   Evacuate Collection Set: 93.46ms
[456.092s][info][gc,phases      ] GC(1097)   Post Evacuate Collection Set: 0.58ms
[456.092s][info][gc,phases      ] GC(1097)   Other: 0.08ms
[456.092s][info][gc,heap        ] GC(1097) Eden regions: 252->0(308)
[456.092s][info][gc,heap        ] GC(1097) Survivor regions: 45->35(38)
[456.092s][info][gc,heap        ] GC(1097) Old regions: 435->480
[456.092s][info][gc,heap        ] GC(1097) Humongous regions: 9->9
[456.092s][info][gc,metaspace   ] GC(1097) Metaspace: 18974K(19136K)->18974K(19136K) NonClass: 16308K(16384K)->16308K(16384K) Class: 2666K(2752K)->2666K(2752K)
[456.092s][info][gc             ] GC(1097) Pause Young (Normal) (G1 Evacuation Pause) 740M->523M(978M) 94.950ms
[456.092s][info][gc,cpu         ] GC(1097) User=0.19s Sys=0.00s Real=0.10s
[456.329s][info][gc,marking     ] GC(1095) Concurrent Rebuild Remembered Sets and Scrub Regions 560.052ms
[456.329s][info][gc,start       ] GC(1095) Pause Cleanup
[456.329s][info][gc             ] GC(1095) Pause Cleanup 642M->642M(978M) 0.119ms
[456.329s][info][gc,cpu         ] GC(1095) User=0.00s Sys=0.00s Real=0.00s
[456.329s][info][gc,marking     ] GC(1095) Concurrent Clear Claimed Marks
[456.330s][info][gc,marking     ] GC(1095) Concurrent Clear Claimed Marks 0.035ms
[456.330s][info][gc,marking     ] GC(1095) Concurrent Cleanup for Next Mark
[456.335s][info][gc,marking     ] GC(1095) Concurrent Cleanup for Next Mark 5.275ms
[456.335s][info][gc             ] GC(1095) Concurrent Mark Cycle 1626.869ms
[456.604s][info][gc,start       ] GC(1098) Pause Young (Prepare Mixed) (G1 Evacuation Pause)
[456.604s][info][gc,task        ] GC(1098) Using 2 workers of 2 for evacuation
[456.652s][info][gc,phases      ] GC(1098)   Pre Evacuate Collection Set: 0.32ms
[456.652s][info][gc,phases      ] GC(1098)   Merge Heap Roots: 0.37ms
[456.652s][info][gc,phases      ] GC(1098)   Evacuate Collection Set: 46.98ms
[456.652s][info][gc,phases      ] GC(1098)   Post Evacuate Collection Set: 0.56ms
[456.652s][info][gc,phases      ] GC(1098)   Other: 0.09ms
[456.652s][info][gc,heap        ] GC(1098) Eden regions: 308->0(326)
[456.652s][info][gc,heap        ] GC(1098) Survivor regions: 35->3(43)
[456.652s][info][gc,heap        ] GC(1098) Old regions: 480->515
[456.652s][info][gc,heap        ] GC(1098) Humongous regions: 9->9
[456.652s][info][gc,metaspace   ] GC(1098) Metaspace: 18974K(19136K)->18974K(19136K) NonClass: 16308K(16384K)->16308K(16384K) Class: 2666K(2752K)->2666K(2752K)
[456.652s][info][gc             ] GC(1098) Pause Young (Prepare Mixed) (G1 Evacuation Pause) 831M->526M(978M) 48.530ms
[456.652s][info][gc,cpu         ] GC(1098) User=0.10s Sys=0.01s Real=0.05s
[457.124s][info][gc,start       ] GC(1099) Pause Young (Mixed) (G1 Evacuation Pause)
[457.124s][info][gc,task        ] GC(1099) Using 2 workers of 2 for evacuation
[457.147s][info][gc,phases      ] GC(1099)   Pre Evacuate Collection Set: 0.53ms
[457.147s][info][gc,phases      ] GC(1099)   Merge Heap Roots: 0.46ms
[457.147s][info][gc,phases      ] GC(1099)   Evacuate Collection Set: 21.32ms
[457.147s][info][gc,phases      ] GC(1099)   Post Evacuate Collection Set: 0.52ms
[457.147s][info][gc,phases      ] GC(1099)   Other: 0.11ms
[457.147s][info][gc,heap        ] GC(1099) Eden regions: 326->0(364)
[457.147s][info][gc,heap        ] GC(1099) Survivor regions: 3->3(42)
[457.147s][info][gc,heap        ] GC(1099) Old regions: 515->486
[457.147s][info][gc,heap        ] GC(1099) Humongous regions: 9->9
[457.147s][info][gc,metaspace   ] GC(1099) Metaspace: 18974K(19136K)->18974K(19136K) NonClass: 16308K(16384K)->16308K(16384K) Class: 2666K(2752K)->2666K(2752K)
[457.147s][info][gc             ] GC(1099) Pause Young (Mixed) (G1 Evacuation Pause) 852M->497M(978M) 23.163ms
[457.147s][info][gc,cpu         ] GC(1099) User=0.04s Sys=0.00s Real=0.02s
[457.635s][info][gc,start       ] GC(1100) Pause Young (Concurrent Start) (G1 Evacuation Pause)
[457.635s][info][gc,task        ] GC(1100) Using 2 workers of 2 for evacuation
[457.651s][info][gc,phases      ] GC(1100)   Pre Evacuate Collection Set: 0.30ms
[457.651s][info][gc,phases      ] GC(1100)   Merge Heap Roots: 0.17ms
[457.651s][info][gc,phases      ] GC(1100)   Evacuate Collection Set: 15.50ms
[457.651s][info][gc,phases      ] GC(1100)   Post Evacuate Collection Set: 0.55ms
[457.651s][info][gc,phases      ] GC(1100)   Other: 0.10ms
[457.651s][info][gc,heap        ] GC(1100) Eden regions: 364->0(369)
[457.651s][info][gc,heap        ] GC(1100) Survivor regions: 3->13(46)
[457.651s][info][gc,heap        ] GC(1100) Old regions: 486->486
[457.651s][info][gc,heap        ] GC(1100) Humongous regions: 9->9
[457.651s][info][gc,metaspace   ] GC(1100) Metaspace: 18974K(19136K)->18974K(19136K) NonClass: 16308K(16384K)->16308K(16384K) Class: 2666K(2752K)->2666K(2752K)
[457.651s][info][gc             ] GC(1100) Pause Young (Concurrent Start) (G1 Evacuation Pause) 861M->507M(978M) 16.838ms
[457.651s][info][gc,cpu         ] GC(1100) User=0.04s Sys=0.00s Real=0.02s
[457.651s][info][gc             ] GC(1101) Concurrent Mark Cycle
[457.651s][info][gc,marking     ] GC(1101) Concurrent Scan Root Regions
[457.680s][info][gc,marking     ] GC(1101) Concurrent Scan Root Regions 28.455ms
[457.680s][info][gc,marking     ] GC(1101) Concurrent Mark
[457.680s][info][gc,marking     ] GC(1101) Concurrent Mark From Roots
[457.680s][info][gc,task        ] GC(1101) Using 1 workers of 1 for marking
[458.262s][info][gc,start       ] GC(1102) Pause Young (Normal) (G1 Evacuation Pause)
[458.262s][info][gc,task        ] GC(1102) Using 2 workers of 2 for evacuation
[458.305s][info][gc,phases      ] GC(1102)   Pre Evacuate Collection Set: 0.30ms
[458.305s][info][gc,phases      ] GC(1102)   Merge Heap Roots: 0.19ms
[458.305s][info][gc,phases      ] GC(1102)   Evacuate Collection Set: 42.08ms
[458.305s][info][gc,phases      ] GC(1102)   Post Evacuate Collection Set: 0.56ms
[458.305s][info][gc,phases      ] GC(1102)   Other: 0.09ms
[458.305s][info][gc,heap        ] GC(1102) Eden regions: 369->0(350)
[458.305s][info][gc,heap        ] GC(1102) Survivor regions: 13->39(48)
[458.305s][info][gc,heap        ] GC(1102) Old regions: 486->486
[458.305s][info][gc,heap        ] GC(1102) Humongous regions: 9->9
[458.305s][info][gc,metaspace   ] GC(1102) Metaspace: 18974K(19136K)->18974K(19136K) NonClass: 16308K(16384K)->16308K(16384K) Class: 2666K(2752K)->2666K(2752K)
[458.305s][info][gc             ] GC(1102) Pause Young (Normal) (G1 Evacuation Pause) 876M->533M(978M) 43.418ms
[458.305s][info][gc,cpu         ] GC(1102) User=0.09s Sys=0.00s Real=0.04s
[458.853s][info][gc,marking     ] GC(1101) Concurrent Mark From Roots 1173.397ms
[458.853s][info][gc,marking     ] GC(1101) Concurrent Preclean
[458.853s][info][gc,marking     ] GC(1101) Concurrent Preclean 0.033ms
[458.855s][info][gc,start       ] GC(1101) Pause Remark
[458.863s][info][gc             ] GC(1101) Pause Remark 791M->788M(978M) 7.878ms
[458.863s][info][gc,cpu         ] GC(1101) User=0.02s Sys=0.00s Real=0.01s
[458.864s][info][gc,marking     ] GC(1101) Concurrent Mark 1183.634ms
[458.864s][info][gc,marking     ] GC(1101) Concurrent Rebuild Remembered Sets and Scrub Regions
[459.015s][info][gc,start       ] GC(1103) Pause Young (Normal) (G1 Evacuation Pause)
[459.015s][info][gc,task        ] GC(1103) Using 2 workers of 2 for evacuation
[459.082s][info][gc,phases      ] GC(1103)   Pre Evacuate Collection Set: 0.26ms
[459.082s][info][gc,phases      ] GC(1103)   Merge Heap Roots: 0.40ms
[459.082s][info][gc,phases      ] GC(1103)   Evacuate Collection Set: 65.44ms
[459.082s][info][gc,phases      ] GC(1103)   Post Evacuate Collection Set: 0.55ms
[459.082s][info][gc,phases      ] GC(1103)   Other: 0.09ms
[459.082s][info][gc,heap        ] GC(1103) Eden regions: 350->0(331)
[459.082s][info][gc,heap        ] GC(1103) Survivor regions: 39->27(49)
[459.082s][info][gc,heap        ] GC(1103) Old regions: 485->524
[459.082s][info][gc,heap        ] GC(1103) Humongous regions: 7->7
[459.082s][info][gc,metaspace   ] GC(1103) Metaspace: 18974K(19136K)->18974K(19136K) NonClass: 16308K(16384K)->16308K(16384K) Class: 2666K(2752K)->2666K(2752K)
[459.082s][info][gc             ] GC(1103) Pause Young (Normal) (G1 Evacuation Pause) 880M->557M(978M) 66.973ms
[459.082s][info][gc,cpu         ] GC(1103) User=0.13s Sys=0.00s Real=0.07s
[459.349s][info][gc,marking     ] GC(1101) Concurrent Rebuild Remembered Sets and Scrub Regions 484.885ms
[459.349s][info][gc,start       ] GC(1101) Pause Cleanup
[459.349s][info][gc             ] GC(1101) Pause Cleanup 696M->696M(978M) 0.091ms
[459.349s][info][gc,cpu         ] GC(1101) User=0.00s Sys=0.00s Real=0.00s
[459.351s][info][gc,marking     ] GC(1101) Concurrent Clear Claimed Marks
[459.351s][info][gc,marking     ] GC(1101) Concurrent Clear Claimed Marks 0.048ms
[459.351s][info][gc,marking     ] GC(1101) Concurrent Cleanup for Next Mark
[459.356s][info][gc,marking     ] GC(1101) Concurrent Cleanup for Next Mark 4.900ms
[459.356s][info][gc             ] GC(1101) Concurrent Mark Cycle 1704.519ms
[459.570s][info][gc,start       ] GC(1104) Pause Young (Prepare Mixed) (G1 Evacuation Pause)
[459.570s][info][gc,task        ] GC(1104) Using 2 workers of 2 for evacuation
[459.639s][info][gc,phases      ] GC(1104)   Pre Evacuate Collection Set: 0.28ms
[459.639s][info][gc,phases      ] GC(1104)   Merge Heap Roots: 0.39ms
[459.639s][info][gc,phases      ] GC(1104)   Evacuate Collection Set: 67.60ms
[459.639s][info][gc,phases      ] GC(1104)   Post Evacuate Collection Set: 0.59ms
[459.639s][info][gc,phases      ] GC(1104)   Other: 0.10ms
[459.639s][info][gc,heap        ] GC(1104) Eden regions: 331->0(294)
[459.639s][info][gc,heap        ] GC(1104) Survivor regions: 27->36(45)
[459.639s][info][gc,heap        ] GC(1104) Old regions: 524->550
[459.639s][info][gc,heap        ] GC(1104) Humongous regions: 7->7
[459.639s][info][gc,metaspace   ] GC(1104) Metaspace: 18974K(19136K)->18974K(19136K) NonClass: 16308K(16384K)->16308K(16384K) Class: 2666K(2752K)->2666K(2752K)
[459.639s][info][gc             ] GC(1104) Pause Young (Prepare Mixed) (G1 Evacuation Pause) 888M->592M(978M) 69.209ms
[459.639s][info][gc,cpu         ] GC(1104) User=0.14s Sys=0.00s Real=0.07s
[459.968s][info][gc,start       ] GC(1105) Pause Young (Mixed) (G1 Evacuation Pause)
[459.968s][info][gc,task        ] GC(1105) Using 2 workers of 2 for evacuation
[460.013s][info][gc,phases      ] GC(1105)   Pre Evacuate Collection Set: 0.28ms
[460.013s][info][gc,phases      ] GC(1105)   Merge Heap Roots: 0.25ms
[460.013s][info][gc,phases      ] GC(1105)   Evacuate Collection Set: 43.16ms
[460.013s][info][gc,phases      ] GC(1105)   Post Evacuate Collection Set: 0.57ms
[460.013s][info][gc,phases      ] GC(1105)   Other: 0.07ms
[460.013s][info][gc,heap        ] GC(1105) Eden regions: 294->0(307)
[460.013s][info][gc,heap        ] GC(1105) Survivor regions: 36->7(42)
[460.013s][info][gc,heap        ] GC(1105) Old regions: 550->577
[460.013s][info][gc,heap        ] GC(1105) Humongous regions: 7->7
[460.013s][info][gc,metaspace   ] GC(1105) Metaspace: 18974K(19136K)->18974K(19136K) NonClass: 16308K(16384K)->16308K(16384K) Class: 2666K(2752K)->2666K(2752K)
[460.013s][info][gc             ] GC(1105) Pause Young (Mixed) (G1 Evacuation Pause) 886M->589M(978M) 44.555ms
[460.013s][info][gc,cpu         ] GC(1105) User=0.09s Sys=0.00s Real=0.05s
[460.622s][info][gc,start       ] GC(1106) Pause Young (Concurrent Start) (G1 Evacuation Pause)
[460.622s][info][gc,task        ] GC(1106) Using 2 workers of 2 for evacuation
[460.658s][info][gc,phases      ] GC(1106)   Pre Evacuate Collection Set: 0.35ms
[460.658s][info][gc,phases      ] GC(1106)   Merge Heap Roots: 0.28ms
[460.658s][info][gc,phases      ] GC(1106)   Evacuate Collection Set: 34.17ms
[460.658s][info][gc,phases      ] GC(1106)   Post Evacuate Collection Set: 0.58ms
[460.658s][info][gc,phases      ] GC(1106)   Other: 0.09ms
[460.658s][info][gc,heap        ] GC(1106) Eden regions: 307->0(290)
[460.658s][info][gc,heap        ] GC(1106) Survivor regions: 7->27(40)
[460.658s][info][gc,heap        ] GC(1106) Old regions: 577->577
[460.658s][info][gc,heap        ] GC(1106) Humongous regions: 7->7
[460.658s][info][gc,metaspace   ] GC(1106) Metaspace: 18974K(19136K)->18974K(19136K) NonClass: 16308K(16384K)->16308K(16384K) Class: 2666K(2752K)->2666K(2752K)
[460.658s][info][gc             ] GC(1106) Pause Young (Concurrent Start) (G1 Evacuation Pause) 896M->609M(978M) 35.745ms
[460.658s][info][gc             ] GC(1107) Concurrent Mark Cycle
[460.658s][info][gc,marking     ] GC(1107) Concurrent Scan Root Regions
[460.658s][info][gc,cpu         ] GC(1106) User=0.07s Sys=0.00s Real=0.03s
[460.711s][info][gc,marking     ] GC(1107) Concurrent Scan Root Regions 52.383ms
[460.711s][info][gc,marking     ] GC(1107) Concurrent Mark
[460.711s][info][gc,marking     ] GC(1107) Concurrent Mark From Roots
[460.711s][info][gc,task        ] GC(1107) Using 1 workers of 1 for marking
[461.615s][info][gc,start       ] GC(1108) Pause Young (Normal) (G1 Evacuation Pause)
[461.615s][info][gc,task        ] GC(1108) Using 2 workers of 2 for evacuation
[461.643s][info][gc,phases      ] GC(1108)   Pre Evacuate Collection Set: 0.50ms
[461.643s][info][gc,phases      ] GC(1108)   Merge Heap Roots: 0.20ms
[461.643s][info][gc,phases      ] GC(1108)   Evacuate Collection Set: 27.00ms
[461.643s][info][gc,phases      ] GC(1108)   Post Evacuate Collection Set: 0.48ms
[461.643s][info][gc,phases      ] GC(1108)   Other: 0.11ms
[461.643s][info][gc,heap        ] GC(1108) Eden regions: 290->0(303)
[461.643s][info][gc,heap        ] GC(1108) Survivor regions: 27->1(40)
[461.643s][info][gc,heap        ] GC(1108) Old regions: 577->604
[461.643s][info][gc,heap        ] GC(1108) Humongous regions: 7->7
[461.643s][info][gc,metaspace   ] GC(1108) Metaspace: 18974K(19136K)->18974K(19136K) NonClass: 16308K(16384K)->16308K(16384K) Class: 2666K(2752K)->2666K(2752K)
[461.643s][info][gc             ] GC(1108) Pause Young (Normal) (G1 Evacuation Pause) 899M->611M(978M) 28.490ms
[461.643s][info][gc,cpu         ] GC(1108) User=0.06s Sys=0.00s Real=0.03s
[462.168s][info][gc,marking     ] GC(1107) Concurrent Mark From Roots 1457.535ms
[462.168s][info][gc,marking     ] GC(1107) Concurrent Preclean
[462.168s][info][gc,marking     ] GC(1107) Concurrent Preclean 0.041ms
[462.168s][info][gc,start       ] GC(1107) Pause Remark
[462.256s][info][gc             ] GC(1107) Pause Remark 753M->753M(978M) 87.155ms
[462.256s][info][gc,cpu         ] GC(1107) User=0.17s Sys=0.01s Real=0.09s
[462.260s][info][gc,marking     ] GC(1107) Concurrent Mark 1549.319ms
[462.260s][info][gc,marking     ] GC(1107) Concurrent Rebuild Remembered Sets and Scrub Regions
[462.737s][info][gc,marking     ] GC(1107) Concurrent Rebuild Remembered Sets and Scrub Regions 477.016ms
[462.737s][info][gc,start       ] GC(1107) Pause Cleanup
[462.737s][info][gc             ] GC(1107) Pause Cleanup 883M->883M(978M) 0.125ms
[462.737s][info][gc,cpu         ] GC(1107) User=0.00s Sys=0.00s Real=0.00s
[462.737s][info][gc,marking     ] GC(1107) Concurrent Clear Claimed Marks
[462.737s][info][gc,marking     ] GC(1107) Concurrent Clear Claimed Marks 0.034ms
[462.737s][info][gc,marking     ] GC(1107) Concurrent Cleanup for Next Mark
[462.744s][info][gc,marking     ] GC(1107) Concurrent Cleanup for Next Mark 6.949ms
[462.744s][info][gc             ] GC(1107) Concurrent Mark Cycle 2086.245ms
[462.791s][info][gc,start       ] GC(1109) Pause Young (Prepare Mixed) (G1 Evacuation Pause)
[462.791s][info][gc,task        ] GC(1109) Using 2 workers of 2 for evacuation
[462.795s][info][gc,phases      ] GC(1109)   Pre Evacuate Collection Set: 0.29ms
[462.795s][info][gc,phases      ] GC(1109)   Merge Heap Roots: 0.13ms
[462.795s][info][gc,phases      ] GC(1109)   Evacuate Collection Set: 3.12ms
[462.795s][info][gc,phases      ] GC(1109)   Post Evacuate Collection Set: 0.52ms
[462.795s][info][gc,phases      ] GC(1109)   Other: 0.08ms
[462.795s][info][gc,heap        ] GC(1109) Eden regions: 303->0(310)
[462.795s][info][gc,heap        ] GC(1109) Survivor regions: 1->3(38)
[462.795s][info][gc,heap        ] GC(1109) Old regions: 604->604
[462.795s][info][gc,heap        ] GC(1109) Humongous regions: 7->7
[462.795s][info][gc,metaspace   ] GC(1109) Metaspace: 18974K(19136K)->18974K(19136K) NonClass: 16308K(16384K)->16308K(16384K) Class: 2666K(2752K)->2666K(2752K)
[462.795s][info][gc             ] GC(1109) Pause Young (Prepare Mixed) (G1 Evacuation Pause) 914M->612M(978M) 4.355ms
[462.795s][info][gc,cpu         ] GC(1109) User=0.01s Sys=0.00s Real=0.00s
[463.151s][info][gc,start       ] GC(1110) Pause Young (Mixed) (G1 Evacuation Pause)
[463.151s][info][gc,task        ] GC(1110) Using 2 workers of 2 for evacuation
[463.224s][info][gc,phases      ] GC(1110)   Pre Evacuate Collection Set: 0.33ms
[463.224s][info][gc,phases      ] GC(1110)   Merge Heap Roots: 0.15ms
[463.224s][info][gc,phases      ] GC(1110)   Evacuate Collection Set: 65.84ms
[463.224s][info][gc,phases      ] GC(1110)   Post Evacuate Collection Set: 6.55ms
[463.224s][info][gc,phases      ] GC(1110)   Other: 0.08ms
[463.224s][info][gc,heap        ] GC(1110) Eden regions: 310->0(139)
[463.224s][info][gc,heap        ] GC(1110) Survivor regions: 3->40(40)
[463.224s][info][gc,heap        ] GC(1110) Old regions: 604->702
[463.224s][info][gc,heap        ] GC(1110) Humongous regions: 7->7
[463.224s][info][gc,metaspace   ] GC(1110) Metaspace: 18974K(19136K)->18974K(19136K) NonClass: 16308K(16384K)->16308K(16384K) Class: 2666K(2752K)->2666K(2752K)
[463.224s][info][gc             ] GC(1110) Pause Young (Mixed) (G1 Evacuation Pause) (Evacuation Failure: Allocation) 922M->748M(978M) 73.177ms
[463.224s][info][gc,cpu         ] GC(1110) User=0.14s Sys=0.00s Real=0.07s
[463.400s][info][gc,start       ] GC(1111) Pause Young (Concurrent Start) (G1 Humongous Allocation)
[463.400s][info][gc,task        ] GC(1111) Using 2 workers of 2 for evacuation
[463.467s][info][gc,phases      ] GC(1111)   Pre Evacuate Collection Set: 0.43ms
[463.467s][info][gc,phases      ] GC(1111)   Merge Heap Roots: 0.38ms
[463.467s][info][gc,phases      ] GC(1111)   Evacuate Collection Set: 64.54ms
[463.467s][info][gc,phases      ] GC(1111)   Post Evacuate Collection Set: 0.58ms
[463.467s][info][gc,phases      ] GC(1111)   Other: 0.19ms
[463.467s][info][gc,heap        ] GC(1111) Eden regions: 113->0(237)
[463.467s][info][gc,heap        ] GC(1111) Survivor regions: 40->7(23)
[463.467s][info][gc,heap        ] GC(1111) Old regions: 702->667
[463.467s][info][gc,heap        ] GC(1111) Humongous regions: 7->7
[463.467s][info][gc,metaspace   ] GC(1111) Metaspace: 18974K(19136K)->18974K(19136K) NonClass: 16308K(16384K)->16308K(16384K) Class: 2666K(2752K)->2666K(2752K)
[463.467s][info][gc             ] GC(1111) Pause Young (Concurrent Start) (G1 Humongous Allocation) 861M->680M(978M) 66.354ms
[463.467s][info][gc,cpu         ] GC(1111) User=0.14s Sys=0.00s Real=0.07s
[463.467s][info][gc             ] GC(1112) Concurrent Mark Cycle
[463.467s][info][gc,marking     ] GC(1112) Concurrent Scan Root Regions
[463.535s][info][gc,marking     ] GC(1112) Concurrent Scan Root Regions 68.160ms
[463.535s][info][gc,marking     ] GC(1112) Concurrent Mark
[463.535s][info][gc,marking     ] GC(1112) Concurrent Mark From Roots
[463.535s][info][gc,task        ] GC(1112) Using 1 workers of 1 for marking
[464.053s][info][gc,start       ] GC(1113) Pause Young (Normal) (G1 Evacuation Pause)
[464.053s][info][gc,task        ] GC(1113) Using 2 workers of 2 for evacuation
[464.113s][info][gc,phases      ] GC(1113)   Pre Evacuate Collection Set: 0.27ms
[464.113s][info][gc,phases      ] GC(1113)   Merge Heap Roots: 0.30ms
[464.113s][info][gc,phases      ] GC(1113)   Evacuate Collection Set: 58.29ms
[464.113s][info][gc,phases      ] GC(1113)   Post Evacuate Collection Set: 0.62ms
[464.113s][info][gc,phases      ] GC(1113)   Other: 0.09ms
[464.113s][info][gc,heap        ] GC(1113) Eden regions: 237->0(173)
[464.113s][info][gc,heap        ] GC(1113) Survivor regions: 7->31(31)
[464.113s][info][gc,heap        ] GC(1113) Old regions: 667->683
[464.113s][info][gc,heap        ] GC(1113) Humongous regions: 10->10
[464.113s][info][gc,metaspace   ] GC(1113) Metaspace: 18975K(19136K)->18975K(19136K) NonClass: 16309K(16384K)->16309K(16384K) Class: 2666K(2752K)->2666K(2752K)
[464.113s][info][gc             ] GC(1113) Pause Young (Normal) (G1 Evacuation Pause) 920M->723M(978M) 59.815ms
[464.113s][info][gc,cpu         ] GC(1113) User=0.12s Sys=0.00s Real=0.06s
[464.383s][info][gc,start       ] GC(1114) Pause Young (Normal) (G1 Evacuation Pause)
[464.383s][info][gc,task        ] GC(1114) Using 2 workers of 2 for evacuation
[464.469s][info][gc,phases      ] GC(1114)   Pre Evacuate Collection Set: 0.50ms
[464.469s][info][gc,phases      ] GC(1114)   Merge Heap Roots: 0.68ms
[464.469s][info][gc,phases      ] GC(1114)   Evacuate Collection Set: 83.76ms
[464.469s][info][gc,phases      ] GC(1114)   Post Evacuate Collection Set: 0.55ms
[464.469s][info][gc,phases      ] GC(1114)   Other: 0.07ms
[464.469s][info][gc,heap        ] GC(1114) Eden regions: 173->0(130)
[464.469s][info][gc,heap        ] GC(1114) Survivor regions: 31->26(26)
[464.469s][info][gc,heap        ] GC(1114) Old regions: 683->736
[464.469s][info][gc,heap        ] GC(1114) Humongous regions: 10->10
[464.469s][info][gc,metaspace   ] GC(1114) Metaspace: 18975K(19136K)->18975K(19136K) NonClass: 16309K(16384K)->16309K(16384K) Class: 2666K(2752K)->2666K(2752K)
[464.469s][info][gc             ] GC(1114) Pause Young (Normal) (G1 Evacuation Pause) 896M->771M(978M) 85.790ms
[464.469s][info][gc,cpu         ] GC(1114) User=0.17s Sys=0.00s Real=0.08s
[464.731s][info][gc,marking     ] GC(1112) Concurrent Mark From Roots 1196.471ms
[464.732s][info][gc,marking     ] GC(1112) Concurrent Preclean
[464.732s][info][gc,marking     ] GC(1112) Concurrent Preclean 0.038ms
[464.732s][info][gc,start       ] GC(1112) Pause Remark
[464.739s][info][gc             ] GC(1112) Pause Remark 899M->692M(978M) 7.705ms
[464.739s][info][gc,cpu         ] GC(1112) User=0.01s Sys=0.01s Real=0.00s
[464.742s][info][gc,marking     ] GC(1112) Concurrent Mark 1207.346ms
[464.742s][info][gc,marking     ] GC(1112) Concurrent Rebuild Remembered Sets and Scrub Regions
[464.745s][info][gc,start       ] GC(1115) Pause Young (Normal) (G1 Evacuation Pause)
[464.745s][info][gc,task        ] GC(1115) Using 2 workers of 2 for evacuation
[464.772s][info][gc,phases      ] GC(1115)   Pre Evacuate Collection Set: 0.23ms
[464.772s][info][gc,phases      ] GC(1115)   Merge Heap Roots: 0.29ms
[464.772s][info][gc,phases      ] GC(1115)   Evacuate Collection Set: 26.28ms
[464.772s][info][gc,phases      ] GC(1115)   Post Evacuate Collection Set: 0.33ms
[464.772s][info][gc,phases      ] GC(1115)   Other: 0.08ms
[464.772s][info][gc,heap        ] GC(1115) Eden regions: 130->0(298)
[464.772s][info][gc,heap        ] GC(1115) Survivor regions: 26->1(20)
[464.772s][info][gc,heap        ] GC(1115) Old regions: 532->558
[464.772s][info][gc,heap        ] GC(1115) Humongous regions: 7->7
[464.772s][info][gc,metaspace   ] GC(1115) Metaspace: 18975K(19136K)->18975K(19136K) NonClass: 16309K(16384K)->16309K(16384K) Class: 2666K(2752K)->2666K(2752K)
[464.772s][info][gc             ] GC(1115) Pause Young (Normal) (G1 Evacuation Pause) 694M->565M(978M) 27.370ms
[464.772s][info][gc,cpu         ] GC(1115) User=0.05s Sys=0.00s Real=0.03s
[465.181s][info][gc,marking     ] GC(1112) Concurrent Rebuild Remembered Sets and Scrub Regions 438.716ms
[465.181s][info][gc,start       ] GC(1112) Pause Cleanup
[465.181s][info][gc             ] GC(1112) Pause Cleanup 783M->783M(978M) 0.111ms
[465.181s][info][gc,cpu         ] GC(1112) User=0.00s Sys=0.00s Real=0.00s
[465.182s][info][gc,marking     ] GC(1112) Concurrent Clear Claimed Marks
[465.182s][info][gc,marking     ] GC(1112) Concurrent Clear Claimed Marks 0.042ms
[465.182s][info][gc,marking     ] GC(1112) Concurrent Cleanup for Next Mark
[465.187s][info][gc,marking     ] GC(1112) Concurrent Cleanup for Next Mark 4.883ms
[465.187s][info][gc             ] GC(1112) Concurrent Mark Cycle 1719.980ms
[465.269s][info][gc,start       ] GC(1116) Pause Young (Prepare Mixed) (G1 Evacuation Pause)
[465.269s][info][gc,task        ] GC(1116) Using 2 workers of 2 for evacuation
[465.273s][info][gc,phases      ] GC(1116)   Pre Evacuate Collection Set: 0.46ms
[465.273s][info][gc,phases      ] GC(1116)   Merge Heap Roots: 0.14ms
[465.273s][info][gc,phases      ] GC(1116)   Evacuate Collection Set: 2.72ms
[465.273s][info][gc,phases      ] GC(1116)   Post Evacuate Collection Set: 0.49ms
[465.273s][info][gc,phases      ] GC(1116)   Other: 0.07ms
[465.273s][info][gc,heap        ] GC(1116) Eden regions: 298->0(318)
[465.273s][info][gc,heap        ] GC(1116) Survivor regions: 1->1(38)
[465.273s][info][gc,heap        ] GC(1116) Old regions: 558->558
[465.273s][info][gc,heap        ] GC(1116) Humongous regions: 7->7
[465.273s][info][gc,metaspace   ] GC(1116) Metaspace: 18975K(19136K)->18975K(19136K) NonClass: 16309K(16384K)->16309K(16384K) Class: 2666K(2752K)->2666K(2752K)
[465.273s][info][gc             ] GC(1116) Pause Young (Prepare Mixed) (G1 Evacuation Pause) 863M->565M(978M) 4.082ms
[465.273s][info][gc,cpu         ] GC(1116) User=0.00s Sys=0.00s Real=0.01s
[465.608s][info][gc,start       ] GC(1117) Pause Young (Mixed) (G1 Evacuation Pause)
[465.608s][info][gc,task        ] GC(1117) Using 2 workers of 2 for evacuation
[465.705s][info][gc,phases      ] GC(1117)   Pre Evacuate Collection Set: 0.51ms
[465.705s][info][gc,phases      ] GC(1117)   Merge Heap Roots: 0.44ms
[465.705s][info][gc,phases      ] GC(1117)   Evacuate Collection Set: 93.98ms
[465.705s][info][gc,phases      ] GC(1117)   Post Evacuate Collection Set: 1.35ms
[465.705s][info][gc,phases      ] GC(1117)   Other: 0.10ms
[465.705s][info][gc,heap        ] GC(1117) Eden regions: 318->0(355)
[465.705s][info][gc,heap        ] GC(1117) Survivor regions: 1->1(40)
[465.705s][info][gc,heap        ] GC(1117) Old regions: 558->532
[465.705s][info][gc,heap        ] GC(1117) Humongous regions: 7->7
[465.705s][info][gc,metaspace   ] GC(1117) Metaspace: 18975K(19136K)->18975K(19136K) NonClass: 16309K(16384K)->16309K(16384K) Class: 2666K(2752K)->2666K(2752K)
[465.705s][info][gc             ] GC(1117) Pause Young (Mixed) (G1 Evacuation Pause) 883M->539M(978M) 96.616ms
[465.705s][info][gc,cpu         ] GC(1117) User=0.19s Sys=0.00s Real=0.10s
[466.078s][info][gc,start       ] GC(1118) Pause Young (Concurrent Start) (G1 Humongous Allocation)
[466.079s][info][gc,task        ] GC(1118) Using 2 workers of 2 for evacuation
[466.103s][info][gc,phases      ] GC(1118)   Pre Evacuate Collection Set: 0.33ms
[466.103s][info][gc,phases      ] GC(1118)   Merge Heap Roots: 0.30ms
[466.103s][info][gc,phases      ] GC(1118)   Evacuate Collection Set: 22.63ms
[466.103s][info][gc,phases      ] GC(1118)   Post Evacuate Collection Set: 0.66ms
[466.103s][info][gc,phases      ] GC(1118)   Other: 0.11ms
[466.103s][info][gc,heap        ] GC(1118) Eden regions: 339->0(357)
[466.103s][info][gc,heap        ] GC(1118) Survivor regions: 1->10(45)
[466.103s][info][gc,heap        ] GC(1118) Old regions: 532->532
[466.103s][info][gc,heap        ] GC(1118) Humongous regions: 7->7
[466.103s][info][gc,metaspace   ] GC(1118) Metaspace: 18975K(19136K)->18975K(19136K) NonClass: 16309K(16384K)->16309K(16384K) Class: 2666K(2752K)->2666K(2752K)
[466.103s][info][gc             ] GC(1118) Pause Young (Concurrent Start) (G1 Humongous Allocation) 878M->548M(978M) 24.248ms
[466.103s][info][gc,cpu         ] GC(1118) User=0.04s Sys=0.00s Real=0.03s
[466.103s][info][gc             ] GC(1119) Concurrent Mark Cycle
[466.103s][info][gc,marking     ] GC(1119) Concurrent Scan Root Regions
[466.135s][info][gc,marking     ] GC(1119) Concurrent Scan Root Regions 32.167ms
[466.135s][info][gc,marking     ] GC(1119) Concurrent Mark
[466.135s][info][gc,marking     ] GC(1119) Concurrent Mark From Roots
[466.135s][info][gc,task        ] GC(1119) Using 1 workers of 1 for marking
[466.642s][info][gc,marking     ] GC(1119) Concurrent Mark From Roots 506.584ms
[466.642s][info][gc,marking     ] GC(1119) Concurrent Preclean
[466.642s][info][gc,marking     ] GC(1119) Concurrent Preclean 0.041ms
[466.642s][info][gc,start       ] GC(1119) Pause Remark
[466.650s][info][gc             ] GC(1119) Pause Remark 738M->534M(978M) 8.125ms
[466.650s][info][gc,cpu         ] GC(1119) User=0.01s Sys=0.00s Real=0.00s
[466.650s][info][gc,marking     ] GC(1119) Concurrent Mark 515.081ms
[466.650s][info][gc,marking     ] GC(1119) Concurrent Rebuild Remembered Sets and Scrub Regions
[466.834s][info][gc,marking     ] GC(1119) Concurrent Rebuild Remembered Sets and Scrub Regions 184.003ms
[466.835s][info][gc,start       ] GC(1119) Pause Cleanup
[466.835s][info][gc             ] GC(1119) Pause Cleanup 628M->628M(978M) 0.139ms
[466.835s][info][gc,cpu         ] GC(1119) User=0.00s Sys=0.00s Real=0.00s
[466.835s][info][gc,marking     ] GC(1119) Concurrent Clear Claimed Marks
[466.835s][info][gc,marking     ] GC(1119) Concurrent Clear Claimed Marks 0.030ms
[466.835s][info][gc,marking     ] GC(1119) Concurrent Cleanup for Next Mark
[466.840s][info][gc,marking     ] GC(1119) Concurrent Cleanup for Next Mark 4.823ms
[466.840s][info][gc             ] GC(1119) Concurrent Mark Cycle 737.400ms
[466.942s][info][gc,start       ] GC(1120) Pause Young (Prepare Mixed) (G1 Evacuation Pause)
[466.942s][info][gc,task        ] GC(1120) Using 2 workers of 2 for evacuation
[466.979s][info][gc,phases      ] GC(1120)   Pre Evacuate Collection Set: 0.30ms
[466.979s][info][gc,phases      ] GC(1120)   Merge Heap Roots: 0.57ms
[466.979s][info][gc,phases      ] GC(1120)   Evacuate Collection Set: 35.41ms
[466.979s][info][gc,phases      ] GC(1120)   Post Evacuate Collection Set: 0.68ms
[466.979s][info][gc,phases      ] GC(1120)   Other: 0.08ms
[466.979s][info][gc,heap        ] GC(1120) Eden regions: 357->0(29)
[466.979s][info][gc,heap        ] GC(1120) Survivor regions: 10->19(46)
[466.979s][info][gc,heap        ] GC(1120) Old regions: 333->333
[466.979s][info][gc,heap        ] GC(1120) Humongous regions: 5->5
[466.979s][info][gc,metaspace   ] GC(1120) Metaspace: 18975K(19136K)->18975K(19136K) NonClass: 16309K(16384K)->16309K(16384K) Class: 2666K(2752K)->2666K(2752K)
[466.979s][info][gc             ] GC(1120) Pause Young (Prepare Mixed) (G1 Evacuation Pause) 704M->356M(978M) 37.249ms
[466.979s][info][gc,cpu         ] GC(1120) User=0.07s Sys=0.00s Real=0.03s
[467.022s][info][gc,start       ] GC(1121) Pause Young (Mixed) (G1 Evacuation Pause)
[467.022s][info][gc,task        ] GC(1121) Using 2 workers of 2 for evacuation
[467.059s][info][gc,phases      ] GC(1121)   Pre Evacuate Collection Set: 0.26ms
[467.059s][info][gc,phases      ] GC(1121)   Merge Heap Roots: 0.27ms
[467.059s][info][gc,phases      ] GC(1121)   Evacuate Collection Set: 35.63ms
[467.059s][info][gc,phases      ] GC(1121)   Post Evacuate Collection Set: 0.31ms
[467.059s][info][gc,phases      ] GC(1121)   Other: 0.08ms
[467.059s][info][gc,heap        ] GC(1121) Eden regions: 29->0(266)
[467.059s][info][gc,heap        ] GC(1121) Survivor regions: 19->1(6)
[467.059s][info][gc,heap        ] GC(1121) Old regions: 333->339
[467.059s][info][gc,heap        ] GC(1121) Humongous regions: 5->5
[467.059s][info][gc,metaspace   ] GC(1121) Metaspace: 18975K(19136K)->18975K(19136K) NonClass: 16309K(16384K)->16309K(16384K) Class: 2666K(2752K)->2666K(2752K)
[467.059s][info][gc             ] GC(1121) Pause Young (Mixed) (G1 Evacuation Pause) 385M->344M(978M) 36.744ms
[467.059s][info][gc,cpu         ] GC(1121) User=0.07s Sys=0.00s Real=0.03s
[467.339s][info][gc,start       ] GC(1122) Pause Young (Mixed) (G1 Evacuation Pause)
[467.339s][info][gc,task        ] GC(1122) Using 2 workers of 2 for evacuation
[467.381s][info][gc,phases      ] GC(1122)   Pre Evacuate Collection Set: 0.29ms
[467.381s][info][gc,phases      ] GC(1122)   Merge Heap Roots: 0.23ms
[467.381s][info][gc,phases      ] GC(1122)   Evacuate Collection Set: 41.11ms
[467.381s][info][gc,phases      ] GC(1122)   Post Evacuate Collection Set: 0.52ms
[467.381s][info][gc,phases      ] GC(1122)   Other: 0.10ms
[467.381s][info][gc,heap        ] GC(1122) Eden regions: 302->0(13)
[467.381s][info][gc,heap        ] GC(1122) Survivor regions: 1->35(38)
[467.381s][info][gc,heap        ] GC(1122) Old regions: 339->327
[467.381s][info][gc,heap        ] GC(1122) Humongous regions: 5->5
[467.381s][info][gc,metaspace   ] GC(1122) Metaspace: 18976K(19136K)->18976K(19136K) NonClass: 16310K(16384K)->16310K(16384K) Class: 2666K(2752K)->2666K(2752K)
[467.381s][info][gc             ] GC(1122) Pause Young (Mixed) (G1 Evacuation Pause) 646M->366M(978M) 42.459ms
[467.381s][info][gc,cpu         ] GC(1122) User=0.08s Sys=0.00s Real=0.05s
[467.392s][info][gc,start       ] GC(1123) Pause Young (Mixed) (G1 Evacuation Pause)
[467.392s][info][gc,task        ] GC(1123) Using 2 workers of 2 for evacuation
[467.428s][info][gc,phases      ] GC(1123)   Pre Evacuate Collection Set: 0.24ms
[467.428s][info][gc,phases      ] GC(1123)   Merge Heap Roots: 0.18ms
[467.428s][info][gc,phases      ] GC(1123)   Evacuate Collection Set: 35.79ms
[467.428s][info][gc,phases      ] GC(1123)   Post Evacuate Collection Set: 0.26ms
[467.428s][info][gc,phases      ] GC(1123)   Other: 0.08ms
[467.428s][info][gc,heap        ] GC(1123) Eden regions: 13->0(300)
[467.428s][info][gc,heap        ] GC(1123) Survivor regions: 35->1(6)
[467.428s][info][gc,heap        ] GC(1123) Old regions: 327->349
[467.428s][info][gc,heap        ] GC(1123) Humongous regions: 5->5
[467.428s][info][gc,metaspace   ] GC(1123) Metaspace: 18976K(19136K)->18976K(19136K) NonClass: 16310K(16384K)->16310K(16384K) Class: 2666K(2752K)->2666K(2752K)
[467.428s][info][gc             ] GC(1123) Pause Young (Mixed) (G1 Evacuation Pause) 379M->354M(978M) 36.723ms
[467.428s][info][gc,cpu         ] GC(1123) User=0.07s Sys=0.00s Real=0.03s
[467.723s][info][gc,start       ] GC(1124) Pause Young (Mixed) (G1 Evacuation Pause)
[467.723s][info][gc,task        ] GC(1124) Using 2 workers of 2 for evacuation
[467.737s][info][gc,phases      ] GC(1124)   Pre Evacuate Collection Set: 0.49ms
[467.737s][info][gc,phases      ] GC(1124)   Merge Heap Roots: 0.28ms
[467.737s][info][gc,phases      ] GC(1124)   Evacuate Collection Set: 12.78ms
[467.737s][info][gc,phases      ] GC(1124)   Post Evacuate Collection Set: 0.52ms
[467.737s][info][gc,phases      ] GC(1124)   Other: 0.12ms
[467.737s][info][gc,heap        ] GC(1124) Eden regions: 329->0(360)
[467.737s][info][gc,heap        ] GC(1124) Survivor regions: 1->5(42)
[467.737s][info][gc,heap        ] GC(1124) Old regions: 349->337
[467.737s][info][gc,heap        ] GC(1124) Humongous regions: 5->5
[467.737s][info][gc,metaspace   ] GC(1124) Metaspace: 18976K(19136K)->18976K(19136K) NonClass: 16310K(16384K)->16310K(16384K) Class: 2666K(2752K)->2666K(2752K)
[467.738s][info][gc             ] GC(1124) Pause Young (Mixed) (G1 Evacuation Pause) 683M->346M(978M) 14.382ms
[467.738s][info][gc,cpu         ] GC(1124) User=0.03s Sys=0.00s Real=0.01s
[468.112s][info][gc,start       ] GC(1125) Pause Young (Mixed) (G1 Evacuation Pause)
[468.112s][info][gc,task        ] GC(1125) Using 2 workers of 2 for evacuation
[468.170s][info][gc,phases      ] GC(1125)   Pre Evacuate Collection Set: 0.52ms
[468.170s][info][gc,phases      ] GC(1125)   Merge Heap Roots: 0.43ms
[468.170s][info][gc,phases      ] GC(1125)   Evacuate Collection Set: 55.97ms
[468.170s][info][gc,phases      ] GC(1125)   Post Evacuate Collection Set: 0.60ms
[468.170s][info][gc,phases      ] GC(1125)   Other: 0.10ms
[468.170s][info][gc,heap        ] GC(1125) Eden regions: 359->0(61)
[468.170s][info][gc,heap        ] GC(1125) Survivor regions: 5->44(46)
[468.170s][info][gc,heap        ] GC(1125) Old regions: 337->325
[468.170s][info][gc,heap        ] GC(1125) Humongous regions: 5->5
[468.170s][info][gc,metaspace   ] GC(1125) Metaspace: 18976K(19136K)->18976K(19136K) NonClass: 16310K(16384K)->16310K(16384K) Class: 2666K(2752K)->2666K(2752K)
[468.170s][info][gc             ] GC(1125) Pause Young (Mixed) (G1 Evacuation Pause) 705M->373M(978M) 57.847ms
[468.170s][info][gc,cpu         ] GC(1125) User=0.11s Sys=0.00s Real=0.05s
[468.258s][info][gc,start       ] GC(1126) Pause Young (Mixed) (G1 Evacuation Pause)
[468.258s][info][gc,task        ] GC(1126) Using 2 workers of 2 for evacuation
[468.320s][info][gc,phases      ] GC(1126)   Pre Evacuate Collection Set: 0.30ms
[468.320s][info][gc,phases      ] GC(1126)   Merge Heap Roots: 0.27ms
[468.320s][info][gc,phases      ] GC(1126)   Evacuate Collection Set: 61.46ms
[468.320s][info][gc,phases      ] GC(1126)   Post Evacuate Collection Set: 0.38ms
[468.320s][info][gc,phases      ] GC(1126)   Other: 0.09ms
[468.320s][info][gc,heap        ] GC(1126) Eden regions: 66->0(337)
[468.320s][info][gc,heap        ] GC(1126) Survivor regions: 44->14(14)
[468.320s][info][gc,heap        ] GC(1126) Old regions: 325->356
[468.320s][info][gc,heap        ] GC(1126) Humongous regions: 5->5
[468.320s][info][gc,metaspace   ] GC(1126) Metaspace: 18976K(19136K)->18976K(19136K) NonClass: 16310K(16384K)->16310K(16384K) Class: 2666K(2752K)->2666K(2752K)
[468.320s][info][gc             ] GC(1126) Pause Young (Mixed) (G1 Evacuation Pause) 439M->374M(978M) 62.712ms
[468.320s][info][gc,cpu         ] GC(1126) User=0.12s Sys=0.00s Real=0.06s
[468.697s][info][gc,start       ] GC(1127) Pause Young (Mixed) (G1 Evacuation Pause)
[468.697s][info][gc,task        ] GC(1127) Using 2 workers of 2 for evacuation
[468.737s][info][gc,phases      ] GC(1127)   Pre Evacuate Collection Set: 0.51ms
[468.737s][info][gc,phases      ] GC(1127)   Merge Heap Roots: 0.33ms
[468.737s][info][gc,phases      ] GC(1127)   Evacuate Collection Set: 38.31ms
[468.737s][info][gc,phases      ] GC(1127)   Post Evacuate Collection Set: 0.58ms
[468.737s][info][gc,phases      ] GC(1127)   Other: 0.10ms
[468.737s][info][gc,heap        ] GC(1127) Eden regions: 344->0(286)
[468.737s][info][gc,heap        ] GC(1127) Survivor regions: 14->31(45)
[468.737s][info][gc,heap        ] GC(1127) Old regions: 356->344
[468.737s][info][gc,heap        ] GC(1127) Humongous regions: 5->5
[468.737s][info][gc,metaspace   ] GC(1127) Metaspace: 18976K(19136K)->18976K(19136K) NonClass: 16310K(16384K)->16310K(16384K) Class: 2666K(2752K)->2666K(2752K)
[468.737s][info][gc             ] GC(1127) Pause Young (Mixed) (G1 Evacuation Pause) 718M->378M(978M) 40.040ms
[468.737s][info][gc,cpu         ] GC(1127) User=0.08s Sys=0.00s Real=0.04s
[469.031s][info][gc,start       ] GC(1128) Pause Young (Mixed) (G1 Evacuation Pause)
[469.031s][info][gc,task        ] GC(1128) Using 2 workers of 2 for evacuation
[469.075s][info][gc,phases      ] GC(1128)   Pre Evacuate Collection Set: 0.32ms
[469.076s][info][gc,phases      ] GC(1128)   Merge Heap Roots: 0.37ms
[469.076s][info][gc,phases      ] GC(1128)   Evacuate Collection Set: 43.11ms
[469.076s][info][gc,phases      ] GC(1128)   Post Evacuate Collection Set: 0.60ms
[469.076s][info][gc,phases      ] GC(1128)   Other: 0.09ms
[469.076s][info][gc,heap        ] GC(1128) Eden regions: 304->0(453)
[469.076s][info][gc,heap        ] GC(1128) Survivor regions: 31->24(42)
[469.076s][info][gc,heap        ] GC(1128) Old regions: 344->350
[469.076s][info][gc,heap        ] GC(1128) Humongous regions: 5->5
[469.076s][info][gc,metaspace   ] GC(1128) Metaspace: 18976K(19136K)->18976K(19136K) NonClass: 16310K(16384K)->16310K(16384K) Class: 2666K(2752K)->2666K(2752K)
[469.076s][info][gc             ] GC(1128) Pause Young (Mixed) (G1 Evacuation Pause) 682M->377M(978M) 44.735ms
[469.076s][info][gc,cpu         ] GC(1128) User=0.09s Sys=0.00s Real=0.05s
[470.014s][info][gc,start       ] GC(1129) Pause Young (Normal) (G1 Evacuation Pause)
[470.014s][info][gc,task        ] GC(1129) Using 2 workers of 2 for evacuation
[470.050s][info][gc,phases      ] GC(1129)   Pre Evacuate Collection Set: 0.51ms
[470.050s][info][gc,phases      ] GC(1129)   Merge Heap Roots: 0.27ms
[470.050s][info][gc,phases      ] GC(1129)   Evacuate Collection Set: 34.50ms
[470.050s][info][gc,phases      ] GC(1129)   Post Evacuate Collection Set: 0.68ms
[470.050s][info][gc,phases      ] GC(1129)   Other: 0.08ms
[470.050s][info][gc,heap        ] GC(1129) Eden regions: 453->0(465)
[470.050s][info][gc,heap        ] GC(1129) Survivor regions: 24->32(60)
[470.050s][info][gc,heap        ] GC(1129) Old regions: 350->350
[470.050s][info][gc,heap        ] GC(1129) Humongous regions: 5->5
[470.050s][info][gc,metaspace   ] GC(1129) Metaspace: 18976K(19136K)->18976K(19136K) NonClass: 16310K(16384K)->16310K(16384K) Class: 2666K(2752K)->2666K(2752K)
[470.050s][info][gc             ] GC(1129) Pause Young (Normal) (G1 Evacuation Pause) 830M->386M(978M) 36.286ms
[470.050s][info][gc,cpu         ] GC(1129) User=0.07s Sys=0.00s Real=0.03s
[470.893s][info][gc,start       ] GC(1130) Pause Young (Normal) (G1 Evacuation Pause)
[470.893s][info][gc,task        ] GC(1130) Using 2 workers of 2 for evacuation
[470.978s][info][gc,phases      ] GC(1130)   Pre Evacuate Collection Set: 0.46ms
[470.978s][info][gc,phases      ] GC(1130)   Merge Heap Roots: 0.28ms
[470.978s][info][gc,phases      ] GC(1130)   Evacuate Collection Set: 83.30ms
[470.978s][info][gc,phases      ] GC(1130)   Post Evacuate Collection Set: 0.79ms
[470.978s][info][gc,phases      ] GC(1130)   Other: 0.12ms
[470.978s][info][gc,heap        ] GC(1130) Eden regions: 465->0(409)
[470.978s][info][gc,heap        ] GC(1130) Survivor regions: 32->63(63)
[470.978s][info][gc,heap        ] GC(1130) Old regions: 350->374
[470.978s][info][gc,heap        ] GC(1130) Humongous regions: 5->5
[470.978s][info][gc,metaspace   ] GC(1130) Metaspace: 18985K(19200K)->18985K(19200K) NonClass: 16319K(16448K)->16319K(16448K) Class: 2666K(2752K)->2666K(2752K)
[470.978s][info][gc             ] GC(1130) Pause Young (Normal) (G1 Evacuation Pause) 851M->441M(978M) 85.120ms
[470.978s][info][gc,cpu         ] GC(1130) User=0.17s Sys=0.00s Real=0.08s
[471.247s][info][gc,start       ] GC(1131) Pause Young (Concurrent Start) (G1 Humongous Allocation)
[471.247s][info][gc,task        ] GC(1131) Using 2 workers of 2 for evacuation
[471.465s][info][gc,mmu         ] GC(1131) MMU target violated: 201.0ms (200.0ms/201.0ms)
[471.466s][info][gc,phases      ] GC(1131)   Pre Evacuate Collection Set: 0.32ms
[471.466s][info][gc,phases      ] GC(1131)   Merge Heap Roots: 0.29ms
[471.466s][info][gc,phases      ] GC(1131)   Evacuate Collection Set: 198.60ms
[471.466s][info][gc,phases      ] GC(1131)   Post Evacuate Collection Set: 18.90ms
[471.466s][info][gc,phases      ] GC(1131)   Other: 0.26ms
[471.466s][info][gc,heap        ] GC(1131) Eden regions: 390->0(161)
[471.466s][info][gc,heap        ] GC(1131) Survivor regions: 63->59(59)
[471.466s][info][gc,heap        ] GC(1131) Old regions: 374->644
[471.466s][info][gc,heap        ] GC(1131) Humongous regions: 5->5
[471.466s][info][gc,metaspace   ] GC(1131) Metaspace: 19006K(19200K)->19006K(19200K) NonClass: 16339K(16448K)->16339K(16448K) Class: 2666K(2752K)->2666K(2752K)
[471.466s][info][gc             ] GC(1131) Pause Young (Concurrent Start) (G1 Humongous Allocation) (Evacuation Failure: Allocation) 831M->707M(978M) 218.544ms
[471.466s][info][gc             ] GC(1132) Concurrent Mark Cycle
[471.466s][info][gc,marking     ] GC(1132) Concurrent Scan Root Regions
[471.468s][info][gc,cpu         ] GC(1131) User=0.44s Sys=0.00s Real=0.22s
[471.678s][info][gc,marking     ] GC(1132) Concurrent Scan Root Regions 212.294ms
[471.678s][info][gc,marking     ] GC(1132) Concurrent Mark
[471.678s][info][gc,marking     ] GC(1132) Concurrent Mark From Roots
[471.678s][info][gc,task        ] GC(1132) Using 1 workers of 1 for marking
[472.110s][info][gc,start       ] GC(1133) Pause Young (Normal) (G1 Evacuation Pause)
[472.110s][info][gc,task        ] GC(1133) Using 2 workers of 2 for evacuation
[472.226s][info][gc,phases      ] GC(1133)   Pre Evacuate Collection Set: 0.54ms
[472.226s][info][gc,phases      ] GC(1133)   Merge Heap Roots: 0.71ms
[472.226s][info][gc,phases      ] GC(1133)   Evacuate Collection Set: 113.46ms
[472.226s][info][gc,phases      ] GC(1133)   Post Evacuate Collection Set: 0.62ms
[472.226s][info][gc,phases      ] GC(1133)   Other: 0.08ms
[472.226s][info][gc,heap        ] GC(1133) Eden regions: 161->0(253)
[472.226s][info][gc,heap        ] GC(1133) Survivor regions: 59->11(28)
[472.226s][info][gc,heap        ] GC(1133) Old regions: 644->605
[472.226s][info][gc,heap        ] GC(1133) Humongous regions: 8->8
[472.226s][info][gc,metaspace   ] GC(1133) Metaspace: 19006K(19200K)->19006K(19200K) NonClass: 16339K(16448K)->16339K(16448K) Class: 2666K(2752K)->2666K(2752K)
[472.226s][info][gc             ] GC(1133) Pause Young (Normal) (G1 Evacuation Pause) 871M->623M(978M) 115.690ms
[472.226s][info][gc,cpu         ] GC(1133) User=0.23s Sys=0.00s Real=0.12s
[472.713s][info][gc,marking     ] GC(1132) Concurrent Mark From Roots 1034.568ms
[472.713s][info][gc,marking     ] GC(1132) Concurrent Preclean
[472.713s][info][gc,marking     ] GC(1132) Concurrent Preclean 0.040ms
[472.713s][info][gc,start       ] GC(1132) Pause Remark
[472.721s][info][gc             ] GC(1132) Pause Remark 821M->820M(978M) 7.780ms
[472.721s][info][gc,cpu         ] GC(1132) User=0.01s Sys=0.00s Real=0.00s
[472.721s][info][gc,marking     ] GC(1132) Concurrent Mark 1042.672ms
[472.721s][info][gc,marking     ] GC(1132) Concurrent Rebuild Remembered Sets and Scrub Regions
[472.880s][info][gc,start       ] GC(1134) Pause Young (Normal) (G1 Evacuation Pause)
[472.880s][info][gc,task        ] GC(1134) Using 2 workers of 2 for evacuation
[472.970s][info][gc,phases      ] GC(1134)   Pre Evacuate Collection Set: 0.28ms
[472.970s][info][gc,phases      ] GC(1134)   Merge Heap Roots: 1.26ms
[472.970s][info][gc,phases      ] GC(1134)   Evacuate Collection Set: 87.35ms
[472.970s][info][gc,phases      ] GC(1134)   Post Evacuate Collection Set: 0.75ms
[472.970s][info][gc,phases      ] GC(1134)   Other: 0.08ms
[472.970s][info][gc,heap        ] GC(1134) Eden regions: 253->0(245)
[472.970s][info][gc,heap        ] GC(1134) Survivor regions: 11->33(33)
[472.970s][info][gc,heap        ] GC(1134) Old regions: 605->586
[472.970s][info][gc,heap        ] GC(1134) Humongous regions: 13->13
[472.970s][info][gc,metaspace   ] GC(1134) Metaspace: 19006K(19200K)->19006K(19200K) NonClass: 16339K(16448K)->16339K(16448K) Class: 2666K(2752K)->2666K(2752K)
[472.970s][info][gc             ] GC(1134) Pause Young (Normal) (G1 Evacuation Pause) 881M->631M(978M) 89.947ms
[472.970s][info][gc,cpu         ] GC(1134) User=0.17s Sys=0.00s Real=0.09s
[473.255s][info][gc,marking     ] GC(1132) Concurrent Rebuild Remembered Sets and Scrub Regions 534.735ms
[473.257s][info][gc,start       ] GC(1132) Pause Cleanup
[473.257s][info][gc             ] GC(1132) Pause Cleanup 745M->745M(978M) 0.100ms
[473.257s][info][gc,cpu         ] GC(1132) User=0.00s Sys=0.00s Real=0.00s
[473.257s][info][gc,marking     ] GC(1132) Concurrent Clear Claimed Marks
[473.257s][info][gc,marking     ] GC(1132) Concurrent Clear Claimed Marks 0.043ms
[473.257s][info][gc,marking     ] GC(1132) Concurrent Cleanup for Next Mark
[473.262s][info][gc,marking     ] GC(1132) Concurrent Cleanup for Next Mark 4.901ms
[473.262s][info][gc             ] GC(1132) Concurrent Mark Cycle 1796.542ms
[473.459s][info][gc,start       ] GC(1135) Pause Young (Prepare Mixed) (G1 Evacuation Pause)
[473.459s][info][gc,task        ] GC(1135) Using 2 workers of 2 for evacuation
[473.528s][info][gc,phases      ] GC(1135)   Pre Evacuate Collection Set: 0.29ms
[473.528s][info][gc,phases      ] GC(1135)   Merge Heap Roots: 0.89ms
[473.528s][info][gc,phases      ] GC(1135)   Evacuate Collection Set: 66.96ms
[473.528s][info][gc,phases      ] GC(1135)   Post Evacuate Collection Set: 0.51ms
[473.528s][info][gc,phases      ] GC(1135)   Other: 0.08ms
[473.528s][info][gc,heap        ] GC(1135) Eden regions: 245->0(260)
[473.528s][info][gc,heap        ] GC(1135) Survivor regions: 33->1(35)
[473.528s][info][gc,heap        ] GC(1135) Old regions: 586->619
[473.528s][info][gc,heap        ] GC(1135) Humongous regions: 13->13
[473.528s][info][gc,metaspace   ] GC(1135) Metaspace: 19006K(19200K)->19006K(19200K) NonClass: 16339K(16448K)->16339K(16448K) Class: 2666K(2752K)->2666K(2752K)
[473.528s][info][gc             ] GC(1135) Pause Young (Prepare Mixed) (G1 Evacuation Pause) 876M->632M(978M) 68.955ms
[473.528s][info][gc,cpu         ] GC(1135) User=0.13s Sys=0.01s Real=0.07s
[473.918s][info][gc,start       ] GC(1136) Pause Young (Mixed) (G1 Evacuation Pause)
[473.918s][info][gc,task        ] GC(1136) Using 2 workers of 2 for evacuation
[473.921s][info][gc,phases      ] GC(1136)   Pre Evacuate Collection Set: 0.52ms
[473.921s][info][gc,phases      ] GC(1136)   Merge Heap Roots: 0.11ms
[473.921s][info][gc,phases      ] GC(1136)   Evacuate Collection Set: 1.11ms
[473.921s][info][gc,phases      ] GC(1136)   Post Evacuate Collection Set: 0.46ms
[473.921s][info][gc,phases      ] GC(1136)   Other: 0.11ms
[473.921s][info][gc,heap        ] GC(1136) Eden regions: 260->0(280)
[473.921s][info][gc,heap        ] GC(1136) Survivor regions: 1->1(33)
[473.921s][info][gc,heap        ] GC(1136) Old regions: 619->609
[473.921s][info][gc,heap        ] GC(1136) Humongous regions: 13->13
[473.921s][info][gc,metaspace   ] GC(1136) Metaspace: 19006K(19200K)->19006K(19200K) NonClass: 16339K(16448K)->16339K(16448K) Class: 2666K(2752K)->2666K(2752K)
[473.921s][info][gc             ] GC(1136) Pause Young (Mixed) (G1 Evacuation Pause) 892M->622M(978M) 2.521ms
[473.921s][info][gc,cpu         ] GC(1136) User=0.00s Sys=0.00s Real=0.00s
[474.327s][info][gc,start       ] GC(1137) Pause Young (Concurrent Start) (G1 Evacuation Pause)
[474.327s][info][gc,task        ] GC(1137) Using 2 workers of 2 for evacuation
[474.329s][info][gc,phases      ] GC(1137)   Pre Evacuate Collection Set: 0.36ms
[474.329s][info][gc,phases      ] GC(1137)   Merge Heap Roots: 0.07ms
[474.329s][info][gc,phases      ] GC(1137)   Evacuate Collection Set: 0.43ms
[474.329s][info][gc,phases      ] GC(1137)   Post Evacuate Collection Set: 0.45ms
[474.329s][info][gc,phases      ] GC(1137)   Other: 0.21ms
[474.329s][info][gc,heap        ] GC(1137) Eden regions: 280->0(292)
[474.329s][info][gc,heap        ] GC(1137) Survivor regions: 1->1(36)
[474.329s][info][gc,heap        ] GC(1137) Old regions: 609->609
[474.329s][info][gc,heap        ] GC(1137) Humongous regions: 13->13
[474.329s][info][gc,metaspace   ] GC(1137) Metaspace: 19006K(19200K)->19006K(19200K) NonClass: 16339K(16448K)->16339K(16448K) Class: 2666K(2752K)->2666K(2752K)
[474.329s][info][gc             ] GC(1137) Pause Young (Concurrent Start) (G1 Evacuation Pause) 902M->622M(978M) 1.720ms
[474.329s][info][gc             ] GC(1138) Concurrent Mark Cycle
[474.329s][info][gc,marking     ] GC(1138) Concurrent Scan Root Regions
[474.329s][info][gc,cpu         ] GC(1137) User=0.00s Sys=0.00s Real=0.00s
[474.329s][info][gc,marking     ] GC(1138) Concurrent Scan Root Regions 0.222ms
[474.329s][info][gc,marking     ] GC(1138) Concurrent Mark
[474.329s][info][gc,marking     ] GC(1138) Concurrent Mark From Roots
[474.329s][info][gc,task        ] GC(1138) Using 1 workers of 1 for marking
[474.842s][info][gc,start       ] GC(1139) Pause Young (Normal) (G1 Evacuation Pause)
[474.842s][info][gc,task        ] GC(1139) Using 2 workers of 2 for evacuation
[474.878s][info][gc,phases      ] GC(1139)   Pre Evacuate Collection Set: 0.27ms
[474.878s][info][gc,phases      ] GC(1139)   Merge Heap Roots: 0.18ms
[474.878s][info][gc,phases      ] GC(1139)   Evacuate Collection Set: 34.63ms
[474.878s][info][gc,phases      ] GC(1139)   Post Evacuate Collection Set: 0.47ms
[474.878s][info][gc,phases      ] GC(1139)   Other: 0.10ms
[474.878s][info][gc,heap        ] GC(1139) Eden regions: 292->0(244)
[474.878s][info][gc,heap        ] GC(1139) Survivor regions: 1->31(37)
[474.878s][info][gc,heap        ] GC(1139) Old regions: 609->609
[474.878s][info][gc,heap        ] GC(1139) Humongous regions: 13->13
[474.878s][info][gc,metaspace   ] GC(1139) Metaspace: 19006K(19200K)->19006K(19200K) NonClass: 16340K(16448K)->16340K(16448K) Class: 2666K(2752K)->2666K(2752K)
[474.878s][info][gc             ] GC(1139) Pause Young (Normal) (G1 Evacuation Pause) 914M->652M(978M) 35.862ms
[474.878s][info][gc,cpu         ] GC(1139) User=0.07s Sys=0.00s Real=0.03s
[475.318s][info][gc,start       ] GC(1140) Pause Young (Normal) (G1 Evacuation Pause)
[475.318s][info][gc,task        ] GC(1140) Using 2 workers of 2 for evacuation
[475.356s][info][gc,phases      ] GC(1140)   Pre Evacuate Collection Set: 0.50ms
[475.356s][info][gc,phases      ] GC(1140)   Merge Heap Roots: 0.17ms
[475.356s][info][gc,phases      ] GC(1140)   Evacuate Collection Set: 36.83ms
[475.356s][info][gc,phases      ] GC(1140)   Post Evacuate Collection Set: 0.45ms
[475.356s][info][gc,phases      ] GC(1140)   Other: 0.09ms
[475.356s][info][gc,heap        ] GC(1140) Eden regions: 244->0(258)
[475.356s][info][gc,heap        ] GC(1140) Survivor regions: 31->8(35)
[475.356s][info][gc,heap        ] GC(1140) Old regions: 609->640
[475.356s][info][gc,heap        ] GC(1140) Humongous regions: 13->13
[475.356s][info][gc,metaspace   ] GC(1140) Metaspace: 19007K(19200K)->19007K(19200K) NonClass: 16341K(16448K)->16341K(16448K) Class: 2666K(2752K)->2666K(2752K)
[475.356s][info][gc             ] GC(1140) Pause Young (Normal) (G1 Evacuation Pause) 896M->660M(978M) 38.260ms
[475.356s][info][gc,cpu         ] GC(1140) User=0.07s Sys=0.00s Real=0.04s
[475.694s][info][gc,marking     ] GC(1138) Concurrent Mark From Roots 1364.393ms
[475.694s][info][gc,marking     ] GC(1138) Concurrent Preclean
[475.694s][info][gc,marking     ] GC(1138) Concurrent Preclean 0.042ms
[475.694s][info][gc,start       ] GC(1138) Pause Remark
[475.702s][info][gc             ] GC(1138) Pause Remark 754M->670M(978M) 7.847ms
[475.702s][info][gc,cpu         ] GC(1138) User=0.01s Sys=0.00s Real=0.01s
[475.702s][info][gc,marking     ] GC(1138) Concurrent Mark 1372.572ms
[475.702s][info][gc,marking     ] GC(1138) Concurrent Rebuild Remembered Sets and Scrub Regions
[476.163s][info][gc,start       ] GC(1141) Pause Young (Normal) (G1 Evacuation Pause)
[476.163s][info][gc,task        ] GC(1141) Using 2 workers of 2 for evacuation
[476.176s][info][gc,phases      ] GC(1141)   Pre Evacuate Collection Set: 0.49ms
[476.176s][info][gc,phases      ] GC(1141)   Merge Heap Roots: 0.19ms
[476.176s][info][gc,phases      ] GC(1141)   Evacuate Collection Set: 11.53ms
[476.176s][info][gc,phases      ] GC(1141)   Post Evacuate Collection Set: 0.48ms
[476.176s][info][gc,phases      ] GC(1141)   Other: 0.08ms
[476.176s][info][gc,heap        ] GC(1141) Eden regions: 258->0(329)
[476.176s][info][gc,heap        ] GC(1141) Survivor regions: 8->10(34)
[476.176s][info][gc,heap        ] GC(1141) Old regions: 562->562
[476.176s][info][gc,heap        ] GC(1141) Humongous regions: 7->7
[476.176s][info][gc,metaspace   ] GC(1141) Metaspace: 19013K(19200K)->19013K(19200K) NonClass: 16347K(16448K)->16347K(16448K) Class: 2666K(2752K)->2666K(2752K)
[476.176s][info][gc             ] GC(1141) Pause Young (Normal) (G1 Evacuation Pause) 834M->578M(978M) 12.980ms
[476.176s][info][gc,cpu         ] GC(1141) User=0.02s Sys=0.00s Real=0.01s
[476.287s][info][gc,marking     ] GC(1138) Concurrent Rebuild Remembered Sets and Scrub Regions 585.098ms
[476.288s][info][gc,start       ] GC(1138) Pause Cleanup
[476.288s][info][gc             ] GC(1138) Pause Cleanup 623M->623M(978M) 0.156ms
[476.288s][info][gc,cpu         ] GC(1138) User=0.00s Sys=0.00s Real=0.00s
[476.288s][info][gc,marking     ] GC(1138) Concurrent Clear Claimed Marks
[476.288s][info][gc,marking     ] GC(1138) Concurrent Clear Claimed Marks 0.029ms
[476.288s][info][gc,marking     ] GC(1138) Concurrent Cleanup for Next Mark
[476.293s][info][gc,marking     ] GC(1138) Concurrent Cleanup for Next Mark 4.924ms
[476.293s][info][gc             ] GC(1138) Concurrent Mark Cycle 1964.502ms
[476.765s][info][gc,start       ] GC(1142) Pause Young (Prepare Mixed) (G1 Evacuation Pause)
[476.765s][info][gc,task        ] GC(1142) Using 2 workers of 2 for evacuation
[476.791s][info][gc,phases      ] GC(1142)   Pre Evacuate Collection Set: 0.30ms
[476.791s][info][gc,phases      ] GC(1142)   Merge Heap Roots: 0.23ms
[476.791s][info][gc,phases      ] GC(1142)   Evacuate Collection Set: 24.89ms
[476.791s][info][gc,phases      ] GC(1142)   Post Evacuate Collection Set: 0.54ms
[476.791s][info][gc,phases      ] GC(1142)   Other: 0.10ms
[476.791s][info][gc,heap        ] GC(1142) Eden regions: 329->0(313)
[476.791s][info][gc,heap        ] GC(1142) Survivor regions: 10->23(43)
[476.791s][info][gc,heap        ] GC(1142) Old regions: 562->562
[476.791s][info][gc,heap        ] GC(1142) Humongous regions: 7->7
[476.791s][info][gc,metaspace   ] GC(1142) Metaspace: 19022K(19200K)->19022K(19200K) NonClass: 16356K(16448K)->16356K(16448K) Class: 2666K(2752K)->2666K(2752K)
[476.791s][info][gc             ] GC(1142) Pause Young (Prepare Mixed) (G1 Evacuation Pause) 907M->591M(978M) 26.314ms
[476.791s][info][gc,cpu         ] GC(1142) User=0.05s Sys=0.01s Real=0.03s
[477.141s][info][gc,start       ] GC(1143) Pause Young (Mixed) (G1 Evacuation Pause)
[477.141s][info][gc,task        ] GC(1143) Using 2 workers of 2 for evacuation
[477.242s][info][gc,phases      ] GC(1143)   Pre Evacuate Collection Set: 0.50ms
[477.242s][info][gc,phases      ] GC(1143)   Merge Heap Roots: 1.39ms
[477.242s][info][gc,phases      ] GC(1143)   Evacuate Collection Set: 95.21ms
[477.242s][info][gc,phases      ] GC(1143)   Post Evacuate Collection Set: 3.70ms
[477.242s][info][gc,phases      ] GC(1143)   Other: 0.09ms
[477.242s][info][gc,heap        ] GC(1143) Eden regions: 313->0(48)
[477.242s][info][gc,heap        ] GC(1143) Survivor regions: 23->42(42)
[477.242s][info][gc,heap        ] GC(1143) Old regions: 562->592
[477.242s][info][gc,heap        ] GC(1143) Humongous regions: 7->7
[477.242s][info][gc,metaspace   ] GC(1143) Metaspace: 19028K(19200K)->19028K(19200K) NonClass: 16362K(16448K)->16362K(16448K) Class: 2666K(2752K)->2666K(2752K)
[477.242s][info][gc             ] GC(1143) Pause Young (Mixed) (G1 Evacuation Pause) (Evacuation Failure: Allocation) 904M->640M(978M) 101.096ms
[477.242s][info][gc,cpu         ] GC(1143) User=0.20s Sys=0.00s Real=0.11s
[477.259s][info][gc,start       ] GC(1144) Pause Young (Mixed) (G1 Evacuation Pause)
[477.259s][info][gc,task        ] GC(1144) Using 2 workers of 2 for evacuation
[477.394s][info][gc,phases      ] GC(1144)   Pre Evacuate Collection Set: 0.25ms
[477.394s][info][gc,phases      ] GC(1144)   Merge Heap Roots: 1.21ms
[477.394s][info][gc,phases      ] GC(1144)   Evacuate Collection Set: 126.74ms
[477.394s][info][gc,phases      ] GC(1144)   Merge Optional Heap Roots: 0.09ms
[477.394s][info][gc,phases      ] GC(1144)   Evacuate Optional Collection Set: 5.15ms
[477.394s][info][gc,phases      ] GC(1144)   Post Evacuate Collection Set: 1.53ms
[477.394s][info][gc,phases      ] GC(1144)   Other: 0.10ms
[477.394s][info][gc,heap        ] GC(1144) Eden regions: 6->0(306)
[477.394s][info][gc,heap        ] GC(1144) Survivor regions: 42->1(6)
[477.394s][info][gc,heap        ] GC(1144) Old regions: 592->569
[477.394s][info][gc,heap        ] GC(1144) Humongous regions: 7->7
[477.394s][info][gc,metaspace   ] GC(1144) Metaspace: 19028K(19200K)->19028K(19200K) NonClass: 16362K(16448K)->16362K(16448K) Class: 2666K(2752K)->2666K(2752K)
[477.394s][info][gc             ] GC(1144) Pause Young (Mixed) (G1 Evacuation Pause) 646M->576M(978M) 135.253ms
[477.394s][info][gc,cpu         ] GC(1144) User=0.26s Sys=0.00s Real=0.14s
[477.519s][info][gc,start       ] GC(1145) Pause Young (Concurrent Start) (G1 Humongous Allocation)
[477.519s][info][gc,task        ] GC(1145) Using 2 workers of 2 for evacuation
[477.539s][info][gc,phases      ] GC(1145)   Pre Evacuate Collection Set: 0.32ms
[477.539s][info][gc,phases      ] GC(1145)   Merge Heap Roots: 0.26ms
[477.539s][info][gc,phases      ] GC(1145)   Evacuate Collection Set: 18.65ms
[477.539s][info][gc,phases      ] GC(1145)   Post Evacuate Collection Set: 0.43ms
[477.539s][info][gc,phases      ] GC(1145)   Other: 0.09ms
[477.539s][info][gc,heap        ] GC(1145) Eden regions: 75->0(312)
[477.539s][info][gc,heap        ] GC(1145) Survivor regions: 1->7(39)
[477.539s][info][gc,heap        ] GC(1145) Old regions: 569->569
[477.539s][info][gc,heap        ] GC(1145) Humongous regions: 7->7
[477.539s][info][gc,metaspace   ] GC(1145) Metaspace: 19028K(19200K)->19028K(19200K) NonClass: 16362K(16448K)->16362K(16448K) Class: 2666K(2752K)->2666K(2752K)
[477.539s][info][gc             ] GC(1145) Pause Young (Concurrent Start) (G1 Humongous Allocation) 651M->582M(978M) 19.946ms
[477.539s][info][gc,cpu         ] GC(1145) User=0.04s Sys=0.00s Real=0.02s
[477.539s][info][gc             ] GC(1146) Concurrent Mark Cycle
[477.539s][info][gc,marking     ] GC(1146) Concurrent Scan Root Regions
[477.561s][info][gc,marking     ] GC(1146) Concurrent Scan Root Regions 22.175ms
[477.561s][info][gc,marking     ] GC(1146) Concurrent Mark
[477.561s][info][gc,marking     ] GC(1146) Concurrent Mark From Roots
[477.561s][info][gc,task        ] GC(1146) Using 1 workers of 1 for marking
[478.493s][info][gc,start       ] GC(1147) Pause Young (Normal) (G1 Evacuation Pause)
[478.493s][info][gc,task        ] GC(1147) Using 2 workers of 2 for evacuation
[478.517s][info][gc,phases      ] GC(1147)   Pre Evacuate Collection Set: 0.28ms
[478.517s][info][gc,phases      ] GC(1147)   Merge Heap Roots: 0.30ms
[478.517s][info][gc,phases      ] GC(1147)   Evacuate Collection Set: 23.09ms
[478.517s][info][gc,phases      ] GC(1147)   Post Evacuate Collection Set: 0.59ms
[478.517s][info][gc,phases      ] GC(1147)   Other: 0.09ms
[478.517s][info][gc,heap        ] GC(1147) Eden regions: 312->0(315)
[478.517s][info][gc,heap        ] GC(1147) Survivor regions: 7->13(40)
[478.517s][info][gc,heap        ] GC(1147) Old regions: 569->569
[478.517s][info][gc,heap        ] GC(1147) Humongous regions: 10->10
[478.517s][info][gc,metaspace   ] GC(1147) Metaspace: 19028K(19200K)->19028K(19200K) NonClass: 16362K(16448K)->16362K(16448K) Class: 2666K(2752K)->2666K(2752K)
[478.518s][info][gc             ] GC(1147) Pause Young (Normal) (G1 Evacuation Pause) 897M->590M(978M) 24.570ms
[478.518s][info][gc,cpu         ] GC(1147) User=0.05s Sys=0.00s Real=0.02s
[478.855s][info][gc,marking     ] GC(1146) Concurrent Mark From Roots 1293.693ms
[478.855s][info][gc,marking     ] GC(1146) Concurrent Preclean
[478.855s][info][gc,marking     ] GC(1146) Concurrent Preclean 0.044ms
[478.855s][info][gc,start       ] GC(1146) Pause Remark
[478.863s][info][gc             ] GC(1146) Pause Remark 706M->659M(978M) 7.954ms
[478.863s][info][gc,cpu         ] GC(1146) User=0.01s Sys=0.00s Real=0.01s
[478.863s][info][gc,marking     ] GC(1146) Concurrent Mark 1302.005ms
[478.863s][info][gc,marking     ] GC(1146) Concurrent Rebuild Remembered Sets and Scrub Regions
[479.304s][info][gc,start       ] GC(1148) Pause Young (Normal) (G1 Evacuation Pause)
[479.305s][info][gc,task        ] GC(1148) Using 2 workers of 2 for evacuation
[479.328s][info][gc,phases      ] GC(1148)   Pre Evacuate Collection Set: 0.27ms
[479.328s][info][gc,phases      ] GC(1148)   Merge Heap Roots: 0.44ms
[479.328s][info][gc,phases      ] GC(1148)   Evacuate Collection Set: 22.36ms
[479.328s][info][gc,phases      ] GC(1148)   Post Evacuate Collection Set: 0.58ms
[479.328s][info][gc,phases      ] GC(1148)   Other: 0.12ms
[479.328s][info][gc,heap        ] GC(1148) Eden regions: 315->0(366)
[479.328s][info][gc,heap        ] GC(1148) Survivor regions: 13->12(41)
[479.328s][info][gc,heap        ] GC(1148) Old regions: 524->524
[479.328s][info][gc,heap        ] GC(1148) Humongous regions: 8->8
[479.328s][info][gc,metaspace   ] GC(1148) Metaspace: 19028K(19200K)->19028K(19200K) NonClass: 16362K(16448K)->16362K(16448K) Class: 2666K(2752K)->2666K(2752K)
[479.328s][info][gc             ] GC(1148) Pause Young (Normal) (G1 Evacuation Pause) 858M->543M(978M) 23.988ms
[479.328s][info][gc,cpu         ] GC(1148) User=0.05s Sys=0.00s Real=0.02s
[479.372s][info][gc,marking     ] GC(1146) Concurrent Rebuild Remembered Sets and Scrub Regions 508.878ms
[479.372s][info][gc,start       ] GC(1146) Pause Cleanup
[479.372s][info][gc             ] GC(1146) Pause Cleanup 563M->563M(978M) 0.126ms
[479.372s][info][gc,cpu         ] GC(1146) User=0.00s Sys=0.00s Real=0.00s
[479.373s][info][gc,marking     ] GC(1146) Concurrent Clear Claimed Marks
[479.373s][info][gc,marking     ] GC(1146) Concurrent Clear Claimed Marks 0.054ms
[479.373s][info][gc,marking     ] GC(1146) Concurrent Cleanup for Next Mark
[479.380s][info][gc,marking     ] GC(1146) Concurrent Cleanup for Next Mark 6.750ms
[479.380s][info][gc             ] GC(1146) Concurrent Mark Cycle 1841.077ms
[479.812s][info][gc,start       ] GC(1149) Pause Young (Prepare Mixed) (G1 Evacuation Pause)
[479.812s][info][gc,task        ] GC(1149) Using 2 workers of 2 for evacuation
[479.861s][info][gc,phases      ] GC(1149)   Pre Evacuate Collection Set: 0.50ms
[479.862s][info][gc,phases      ] GC(1149)   Merge Heap Roots: 0.32ms
[479.862s][info][gc,phases      ] GC(1149)   Evacuate Collection Set: 47.44ms
[479.862s][info][gc,phases      ] GC(1149)   Post Evacuate Collection Set: 0.67ms
[479.862s][info][gc,phases      ] GC(1149)   Other: 0.13ms
[479.862s][info][gc,heap        ] GC(1149) Eden regions: 366->0(328)
[479.862s][info][gc,heap        ] GC(1149) Survivor regions: 12->34(48)
[479.862s][info][gc,heap        ] GC(1149) Old regions: 524->524
[479.862s][info][gc,heap        ] GC(1149) Humongous regions: 8->8
[479.862s][info][gc,metaspace   ] GC(1149) Metaspace: 19028K(19200K)->19028K(19200K) NonClass: 16362K(16448K)->16362K(16448K) Class: 2666K(2752K)->2666K(2752K)
[479.862s][info][gc             ] GC(1149) Pause Young (Prepare Mixed) (G1 Evacuation Pause) 909M->565M(978M) 49.262ms
[479.862s][info][gc,cpu         ] GC(1149) User=0.09s Sys=0.00s Real=0.05s
[480.143s][info][gc,start       ] GC(1150) Pause Young (Mixed) (G1 Evacuation Pause)
[480.144s][info][gc,task        ] GC(1150) Using 2 workers of 2 for evacuation
[480.224s][info][gc,phases      ] GC(1150)   Pre Evacuate Collection Set: 0.31ms
[480.224s][info][gc,phases      ] GC(1150)   Merge Heap Roots: 0.43ms
[480.224s][info][gc,phases      ] GC(1150)   Evacuate Collection Set: 71.99ms
[480.224s][info][gc,phases      ] GC(1150)   Merge Optional Heap Roots: 0.12ms
[480.224s][info][gc,phases      ] GC(1150)   Evacuate Optional Collection Set: 6.80ms
[480.224s][info][gc,phases      ] GC(1150)   Post Evacuate Collection Set: 0.95ms
[480.224s][info][gc,phases      ] GC(1150)   Other: 0.09ms
[480.224s][info][gc,heap        ] GC(1150) Eden regions: 328->0(364)
[480.224s][info][gc,heap        ] GC(1150) Survivor regions: 34->30(46)
[480.224s][info][gc,heap        ] GC(1150) Old regions: 524->496
[480.224s][info][gc,heap        ] GC(1150) Humongous regions: 8->8
[480.224s][info][gc,metaspace   ] GC(1150) Metaspace: 19028K(19200K)->19028K(19200K) NonClass: 16362K(16448K)->16362K(16448K) Class: 2666K(2752K)->2666K(2752K)
[480.224s][info][gc             ] GC(1150) Pause Young (Mixed) (G1 Evacuation Pause) 893M->532M(978M) 80.960ms
[480.224s][info][gc,cpu         ] GC(1150) User=0.16s Sys=0.00s Real=0.08s
[480.795s][info][gc,start       ] GC(1151) Pause Young (Mixed) (G1 Evacuation Pause)
[480.795s][info][gc,task        ] GC(1151) Using 2 workers of 2 for evacuation
[480.882s][info][gc,phases      ] GC(1151)   Pre Evacuate Collection Set: 0.34ms
[480.882s][info][gc,phases      ] GC(1151)   Merge Heap Roots: 0.87ms
[480.882s][info][gc,phases      ] GC(1151)   Evacuate Collection Set: 77.56ms
[480.882s][info][gc,phases      ] GC(1151)   Merge Optional Heap Roots: 0.18ms
[480.882s][info][gc,phases      ] GC(1151)   Evacuate Optional Collection Set: 7.20ms
[480.882s][info][gc,phases      ] GC(1151)   Post Evacuate Collection Set: 1.04ms
[480.882s][info][gc,phases      ] GC(1151)   Other: 0.11ms
[480.882s][info][gc,heap        ] GC(1151) Eden regions: 364->0(393)
[480.882s][info][gc,heap        ] GC(1151) Survivor regions: 30->18(50)
[480.882s][info][gc,heap        ] GC(1151) Old regions: 496->491
[480.882s][info][gc,heap        ] GC(1151) Humongous regions: 8->8
[480.882s][info][gc,metaspace   ] GC(1151) Metaspace: 19028K(19200K)->19028K(19200K) NonClass: 16362K(16448K)->16362K(16448K) Class: 2666K(2752K)->2666K(2752K)
[480.882s][info][gc             ] GC(1151) Pause Young (Mixed) (G1 Evacuation Pause) 896M->516M(978M) 87.585ms
[480.882s][info][gc,cpu         ] GC(1151) User=0.17s Sys=0.00s Real=0.09s
[481.371s][info][gc,start       ] GC(1152) Pause Young (Mixed) (G1 Evacuation Pause)
[481.371s][info][gc,task        ] GC(1152) Using 2 workers of 2 for evacuation
[481.544s][info][gc,phases      ] GC(1152)   Pre Evacuate Collection Set: 0.31ms
[481.544s][info][gc,phases      ] GC(1152)   Merge Heap Roots: 1.28ms
[481.544s][info][gc,phases      ] GC(1152)   Evacuate Collection Set: 155.17ms
[481.544s][info][gc,phases      ] GC(1152)   Post Evacuate Collection Set: 16.42ms
[481.544s][info][gc,phases      ] GC(1152)   Other: 0.10ms
[481.544s][info][gc,heap        ] GC(1152) Eden regions: 393->0(54)
[481.544s][info][gc,heap        ] GC(1152) Survivor regions: 18->52(52)
[481.544s][info][gc,heap        ] GC(1152) Old regions: 491->762
[481.544s][info][gc,heap        ] GC(1152) Humongous regions: 8->8
[481.544s][info][gc,metaspace   ] GC(1152) Metaspace: 19028K(19200K)->19028K(19200K) NonClass: 16362K(16448K)->16362K(16448K) Class: 2666K(2752K)->2666K(2752K)
[481.544s][info][gc             ] GC(1152) Pause Young (Mixed) (G1 Evacuation Pause) (Evacuation Failure: Allocation) 909M->821M(978M) 173.553ms
[481.544s][info][gc,cpu         ] GC(1152) User=0.35s Sys=0.00s Real=0.18s
[481.546s][info][gc,start       ] GC(1153) Pause Young (Mixed) (G1 Evacuation Pause)
[481.546s][info][gc,task        ] GC(1153) Using 2 workers of 2 for evacuation
[481.717s][info][gc,phases      ] GC(1153)   Pre Evacuate Collection Set: 0.32ms
[481.717s][info][gc,phases      ] GC(1153)   Merge Heap Roots: 2.06ms
[481.717s][info][gc,phases      ] GC(1153)   Evacuate Collection Set: 143.71ms
[481.717s][info][gc,phases      ] GC(1153)   Merge Optional Heap Roots: 0.08ms
[481.717s][info][gc,phases      ] GC(1153)   Evacuate Optional Collection Set: 23.77ms
[481.717s][info][gc,phases      ] GC(1153)   Post Evacuate Collection Set: 0.88ms
[481.717s][info][gc,phases      ] GC(1153)   Other: 0.15ms
[481.717s][info][gc,heap        ] GC(1153) Eden regions: 1->0(326)
[481.717s][info][gc,heap        ] GC(1153) Survivor regions: 52->1(7)
[481.717s][info][gc,heap        ] GC(1153) Old regions: 762->573
[481.717s][info][gc,heap        ] GC(1153) Humongous regions: 8->8
[481.717s][info][gc,metaspace   ] GC(1153) Metaspace: 19028K(19200K)->19028K(19200K) NonClass: 16362K(16448K)->16362K(16448K) Class: 2666K(2752K)->2666K(2752K)
[481.717s][info][gc             ] GC(1153) Pause Young (Mixed) (G1 Evacuation Pause) 822M->581M(978M) 171.199ms
[481.717s][info][gc,cpu         ] GC(1153) User=0.34s Sys=0.00s Real=0.17s
[481.949s][info][gc,start       ] GC(1154) Pause Young (Concurrent Start) (G1 Evacuation Pause)
[481.949s][info][gc,task        ] GC(1154) Using 2 workers of 2 for evacuation
[482.011s][info][gc,phases      ] GC(1154)   Pre Evacuate Collection Set: 0.34ms
[482.011s][info][gc,phases      ] GC(1154)   Merge Heap Roots: 0.35ms
[482.011s][info][gc,phases      ] GC(1154)   Evacuate Collection Set: 60.35ms
[482.011s][info][gc,phases      ] GC(1154)   Post Evacuate Collection Set: 0.58ms
[482.011s][info][gc,phases      ] GC(1154)   Other: 0.18ms
[482.011s][info][gc,heap        ] GC(1154) Eden regions: 326->0(267)
[482.011s][info][gc,heap        ] GC(1154) Survivor regions: 1->41(41)
[482.011s][info][gc,heap        ] GC(1154) Old regions: 573->571
[482.011s][info][gc,heap        ] GC(1154) Humongous regions: 8->8
[482.011s][info][gc,metaspace   ] GC(1154) Metaspace: 19028K(19200K)->19028K(19200K) NonClass: 16362K(16448K)->16362K(16448K) Class: 2666K(2752K)->2666K(2752K)
[482.011s][info][gc             ] GC(1154) Pause Young (Concurrent Start) (G1 Evacuation Pause) 907M->619M(978M) 61.960ms
[482.011s][info][gc             ] GC(1155) Concurrent Mark Cycle
[482.011s][info][gc,marking     ] GC(1155) Concurrent Scan Root Regions
[482.013s][info][gc,cpu         ] GC(1154) User=0.12s Sys=0.00s Real=0.07s
[482.075s][info][gc,marking     ] GC(1155) Concurrent Scan Root Regions 63.584ms
[482.075s][info][gc,marking     ] GC(1155) Concurrent Mark
[482.075s][info][gc,marking     ] GC(1155) Concurrent Mark From Roots
[482.075s][info][gc,task        ] GC(1155) Using 1 workers of 1 for marking
[482.336s][info][gc,start       ] GC(1156) Pause Young (Normal) (G1 Evacuation Pause)
[482.336s][info][gc,task        ] GC(1156) Using 2 workers of 2 for evacuation
[482.413s][info][gc,phases      ] GC(1156)   Pre Evacuate Collection Set: 0.29ms
[482.414s][info][gc,phases      ] GC(1156)   Merge Heap Roots: 0.33ms
[482.414s][info][gc,phases      ] GC(1156)   Evacuate Collection Set: 76.13ms
[482.414s][info][gc,phases      ] GC(1156)   Post Evacuate Collection Set: 0.51ms
[482.414s][info][gc,phases      ] GC(1156)   Other: 0.07ms
[482.414s][info][gc,heap        ] GC(1156) Eden regions: 267->0(231)
[482.414s][info][gc,heap        ] GC(1156) Survivor regions: 41->38(39)
[482.414s][info][gc,heap        ] GC(1156) Old regions: 571->613
[482.414s][info][gc,heap        ] GC(1156) Humongous regions: 8->8
[482.414s][info][gc,metaspace   ] GC(1156) Metaspace: 19028K(19200K)->19028K(19200K) NonClass: 16362K(16448K)->16362K(16448K) Class: 2666K(2752K)->2666K(2752K)
[482.414s][info][gc             ] GC(1156) Pause Young (Normal) (G1 Evacuation Pause) 886M->657M(978M) 77.596ms
[482.414s][info][gc,cpu         ] GC(1156) User=0.15s Sys=0.00s Real=0.08s
[482.708s][info][gc,start       ] GC(1157) Pause Young (Normal) (G1 Evacuation Pause)
[482.708s][info][gc,task        ] GC(1157) Using 2 workers of 2 for evacuation
[482.742s][info][gc,phases      ] GC(1157)   Pre Evacuate Collection Set: 0.29ms
[482.742s][info][gc,phases      ] GC(1157)   Merge Heap Roots: 0.17ms
[482.742s][info][gc,phases      ] GC(1157)   Evacuate Collection Set: 32.96ms
[482.742s][info][gc,phases      ] GC(1157)   Post Evacuate Collection Set: 0.46ms
[482.742s][info][gc,phases      ] GC(1157)   Other: 0.07ms
[482.742s][info][gc,heap        ] GC(1157) Eden regions: 231->0(244)
[482.742s][info][gc,heap        ] GC(1157) Survivor regions: 38->4(34)
[482.742s][info][gc,heap        ] GC(1157) Old regions: 613->650
[482.742s][info][gc,heap        ] GC(1157) Humongous regions: 8->8
[482.742s][info][gc,metaspace   ] GC(1157) Metaspace: 19028K(19200K)->19028K(19200K) NonClass: 16362K(16448K)->16362K(16448K) Class: 2666K(2752K)->2666K(2752K)
[482.742s][info][gc             ] GC(1157) Pause Young (Normal) (G1 Evacuation Pause) 888M->661M(978M) 34.164ms
[482.742s][info][gc,cpu         ] GC(1157) User=0.07s Sys=0.00s Real=0.04s
[483.072s][info][gc,start       ] GC(1158) Pause Young (Normal) (G1 Evacuation Pause)
[483.073s][info][gc,task        ] GC(1158) Using 2 workers of 2 for evacuation
[483.097s][info][gc,phases      ] GC(1158)   Pre Evacuate Collection Set: 0.27ms
[483.097s][info][gc,phases      ] GC(1158)   Merge Heap Roots: 0.21ms
[483.097s][info][gc,phases      ] GC(1158)   Evacuate Collection Set: 23.15ms
[483.097s][info][gc,phases      ] GC(1158)   Post Evacuate Collection Set: 0.44ms
[483.097s][info][gc,phases      ] GC(1158)   Other: 0.09ms
[483.097s][info][gc,heap        ] GC(1158) Eden regions: 244->0(232)
[483.097s][info][gc,heap        ] GC(1158) Survivor regions: 4->19(31)
[483.097s][info][gc,heap        ] GC(1158) Old regions: 650->650
[483.097s][info][gc,heap        ] GC(1158) Humongous regions: 8->8
[483.097s][info][gc,metaspace   ] GC(1158) Metaspace: 19028K(19200K)->19028K(19200K) NonClass: 16362K(16448K)->16362K(16448K) Class: 2666K(2752K)->2666K(2752K)
[483.097s][info][gc             ] GC(1158) Pause Young (Normal) (G1 Evacuation Pause) 905M->676M(978M) 24.356ms
[483.097s][info][gc,cpu         ] GC(1158) User=0.05s Sys=0.00s Real=0.02s
[483.542s][info][gc,start       ] GC(1159) Pause Young (Normal) (G1 Evacuation Pause)
[483.542s][info][gc,task        ] GC(1159) Using 2 workers of 2 for evacuation
[483.568s][info][gc,phases      ] GC(1159)   Pre Evacuate Collection Set: 0.48ms
[483.568s][info][gc,phases      ] GC(1159)   Merge Heap Roots: 0.21ms
[483.568s][info][gc,phases      ] GC(1159)   Evacuate Collection Set: 25.18ms
[483.568s][info][gc,phases      ] GC(1159)   Post Evacuate Collection Set: 0.45ms
[483.568s][info][gc,phases      ] GC(1159)   Other: 0.09ms
[483.568s][info][gc,heap        ] GC(1159) Eden regions: 232->0(230)
[483.568s][info][gc,heap        ] GC(1159) Survivor regions: 19->18(32)
[483.568s][info][gc,heap        ] GC(1159) Old regions: 650->654
[483.568s][info][gc,heap        ] GC(1159) Humongous regions: 8->8
[483.568s][info][gc,metaspace   ] GC(1159) Metaspace: 19029K(19200K)->19029K(19200K) NonClass: 16363K(16448K)->16363K(16448K) Class: 2666K(2752K)->2666K(2752K)
[483.568s][info][gc             ] GC(1159) Pause Young (Normal) (G1 Evacuation Pause) 908M->679M(978M) 26.583ms
[483.568s][info][gc,cpu         ] GC(1159) User=0.05s Sys=0.00s Real=0.02s
[483.843s][info][gc,start       ] GC(1160) Pause Young (Normal) (G1 Evacuation Pause)
[483.843s][info][gc,task        ] GC(1160) Using 2 workers of 2 for evacuation
[483.881s][info][gc,phases      ] GC(1160)   Pre Evacuate Collection Set: 0.29ms
[483.881s][info][gc,phases      ] GC(1160)   Merge Heap Roots: 0.33ms
[483.881s][info][gc,phases      ] GC(1160)   Evacuate Collection Set: 37.20ms
[483.881s][info][gc,phases      ] GC(1160)   Post Evacuate Collection Set: 0.50ms
[483.881s][info][gc,phases      ] GC(1160)   Other: 0.09ms
[483.881s][info][gc,heap        ] GC(1160) Eden regions: 230->0(225)
[483.881s][info][gc,heap        ] GC(1160) Survivor regions: 18->13(31)
[483.881s][info][gc,heap        ] GC(1160) Old regions: 654->669
[483.881s][info][gc,heap        ] GC(1160) Humongous regions: 8->8
[483.881s][info][gc,metaspace   ] GC(1160) Metaspace: 19029K(19200K)->19029K(19200K) NonClass: 16363K(16448K)->16363K(16448K) Class: 2666K(2752K)->2666K(2752K)
[483.881s][info][gc             ] GC(1160) Pause Young (Normal) (G1 Evacuation Pause) 909M->689M(978M) 38.614ms
[483.881s][info][gc,cpu         ] GC(1160) User=0.07s Sys=0.00s Real=0.04s
[484.065s][info][gc,marking     ] GC(1155) Concurrent Mark From Roots 1990.588ms
[484.065s][info][gc,marking     ] GC(1155) Concurrent Preclean
[484.065s][info][gc,marking     ] GC(1155) Concurrent Preclean 0.046ms
[484.065s][info][gc,start       ] GC(1155) Pause Remark
[484.073s][info][gc             ] GC(1155) Pause Remark 749M->748M(978M) 7.876ms
[484.073s][info][gc,cpu         ] GC(1155) User=0.01s Sys=0.00s Real=0.01s
[484.076s][info][gc,marking     ] GC(1155) Concurrent Mark 2001.339ms
[484.076s][info][gc,marking     ] GC(1155) Concurrent Rebuild Remembered Sets and Scrub Regions
[484.405s][info][gc,start       ] GC(1161) Pause Young (Normal) (G1 Evacuation Pause)
[484.406s][info][gc,task        ] GC(1161) Using 2 workers of 2 for evacuation
[484.475s][info][gc,phases      ] GC(1161)   Pre Evacuate Collection Set: 0.26ms
[484.475s][info][gc,phases      ] GC(1161)   Merge Heap Roots: 0.44ms
[484.475s][info][gc,phases      ] GC(1161)   Evacuate Collection Set: 68.40ms
[484.475s][info][gc,phases      ] GC(1161)   Post Evacuate Collection Set: 0.58ms
[484.475s][info][gc,phases      ] GC(1161)   Other: 0.08ms
[484.475s][info][gc,heap        ] GC(1161) Eden regions: 225->0(169)
[484.475s][info][gc,heap        ] GC(1161) Survivor regions: 13->30(30)
[484.475s][info][gc,heap        ] GC(1161) Old regions: 669->689
[484.475s][info][gc,heap        ] GC(1161) Humongous regions: 10->10
[484.475s][info][gc,metaspace   ] GC(1161) Metaspace: 19029K(19200K)->19029K(19200K) NonClass: 16363K(16448K)->16363K(16448K) Class: 2666K(2752K)->2666K(2752K)
[484.475s][info][gc             ] GC(1161) Pause Young (Normal) (G1 Evacuation Pause) 916M->728M(978M) 70.006ms
[484.475s][info][gc,cpu         ] GC(1161) User=0.14s Sys=0.00s Real=0.07s
[484.717s][info][gc,marking     ] GC(1155) Concurrent Rebuild Remembered Sets and Scrub Regions 641.355ms
[484.717s][info][gc,start       ] GC(1155) Pause Cleanup
[484.718s][info][gc             ] GC(1155) Pause Cleanup 822M->822M(978M) 0.095ms
[484.718s][info][gc,cpu         ] GC(1155) User=0.00s Sys=0.00s Real=0.00s
[484.718s][info][gc,marking     ] GC(1155) Concurrent Clear Claimed Marks
[484.718s][info][gc,marking     ] GC(1155) Concurrent Clear Claimed Marks 0.028ms
[484.718s][info][gc,marking     ] GC(1155) Concurrent Cleanup for Next Mark
[484.721s][info][gc,marking     ] GC(1155) Concurrent Cleanup for Next Mark 2.884ms
[484.721s][info][gc             ] GC(1155) Concurrent Mark Cycle 2709.637ms
[484.819s][info][gc,start       ] GC(1162) Pause Young (Prepare Mixed) (G1 Evacuation Pause)
[484.819s][info][gc,task        ] GC(1162) Using 2 workers of 2 for evacuation
[484.879s][info][gc,phases      ] GC(1162)   Pre Evacuate Collection Set: 0.50ms
[484.879s][info][gc,phases      ] GC(1162)   Merge Heap Roots: 0.60ms
[484.879s][info][gc,phases      ] GC(1162)   Evacuate Collection Set: 57.52ms
[484.879s][info][gc,phases      ] GC(1162)   Post Evacuate Collection Set: 0.44ms
[484.879s][info][gc,phases      ] GC(1162)   Other: 0.07ms
[484.879s][info][gc,heap        ] GC(1162) Eden regions: 169->0(170)
[484.879s][info][gc,heap        ] GC(1162) Survivor regions: 30->14(25)
[484.879s][info][gc,heap        ] GC(1162) Old regions: 689->720
[484.879s][info][gc,heap        ] GC(1162) Humongous regions: 10->10
[484.879s][info][gc,metaspace   ] GC(1162) Metaspace: 19029K(19200K)->19029K(19200K) NonClass: 16363K(16448K)->16363K(16448K) Class: 2666K(2752K)->2666K(2752K)
[484.879s][info][gc             ] GC(1162) Pause Young (Prepare Mixed) (G1 Evacuation Pause) 897M->742M(978M) 59.390ms
[484.879s][info][gc,cpu         ] GC(1162) User=0.12s Sys=0.00s Real=0.06s
[485.098s][info][gc,start       ] GC(1163) Pause Young (Mixed) (G1 Evacuation Pause)
[485.098s][info][gc,task        ] GC(1163) Using 2 workers of 2 for evacuation
[485.135s][info][gc,phases      ] GC(1163)   Pre Evacuate Collection Set: 0.53ms
[485.135s][info][gc,phases      ] GC(1163)   Merge Heap Roots: 0.44ms
[485.135s][info][gc,phases      ] GC(1163)   Evacuate Collection Set: 36.06ms
[485.135s][info][gc,phases      ] GC(1163)   Post Evacuate Collection Set: 0.48ms
[485.135s][info][gc,phases      ] GC(1163)   Other: 0.10ms
[485.135s][info][gc,heap        ] GC(1163) Eden regions: 170->0(184)
[485.136s][info][gc,heap        ] GC(1163) Survivor regions: 14->4(23)
[485.136s][info][gc,heap        ] GC(1163) Old regions: 720->726
[485.136s][info][gc,heap        ] GC(1163) Humongous regions: 10->10
[485.136s][info][gc,metaspace   ] GC(1163) Metaspace: 19029K(19200K)->19029K(19200K) NonClass: 16363K(16448K)->16363K(16448K) Class: 2666K(2752K)->2666K(2752K)
[485.136s][info][gc             ] GC(1163) Pause Young (Mixed) (G1 Evacuation Pause) 912M->738M(978M) 37.828ms
[485.136s][info][gc,cpu         ] GC(1163) User=0.07s Sys=0.00s Real=0.04s
[485.262s][info][gc,start       ] GC(1164) Pause Young (Concurrent Start) (G1 Evacuation Pause)
[485.262s][info][gc,task        ] GC(1164) Using 2 workers of 2 for evacuation
[485.268s][info][gc,phases      ] GC(1164)   Pre Evacuate Collection Set: 0.35ms
[485.268s][info][gc,phases      ] GC(1164)   Merge Heap Roots: 0.13ms
[485.268s][info][gc,phases      ] GC(1164)   Evacuate Collection Set: 4.93ms
[485.268s][info][gc,phases      ] GC(1164)   Post Evacuate Collection Set: 0.38ms
[485.268s][info][gc,phases      ] GC(1164)   Other: 0.11ms
[485.268s][info][gc,heap        ] GC(1164) Eden regions: 184->0(184)
[485.268s][info][gc,heap        ] GC(1164) Survivor regions: 4->4(24)
[485.268s][info][gc,heap        ] GC(1164) Old regions: 726->726
[485.268s][info][gc,heap        ] GC(1164) Humongous regions: 10->10
[485.268s][info][gc,metaspace   ] GC(1164) Metaspace: 19029K(19200K)->19029K(19200K) NonClass: 16363K(16448K)->16363K(16448K) Class: 2666K(2752K)->2666K(2752K)
[485.268s][info][gc             ] GC(1164) Pause Young (Concurrent Start) (G1 Evacuation Pause) 922M->738M(978M) 6.091ms
[485.268s][info][gc,cpu         ] GC(1164) User=0.01s Sys=0.00s Real=0.00s
[485.268s][info][gc             ] GC(1165) Concurrent Mark Cycle
[485.268s][info][gc,marking     ] GC(1165) Concurrent Scan Root Regions
[485.275s][info][gc,marking     ] GC(1165) Concurrent Scan Root Regions 7.229ms
[485.275s][info][gc,marking     ] GC(1165) Concurrent Mark
[485.275s][info][gc,marking     ] GC(1165) Concurrent Mark From Roots
[485.275s][info][gc,task        ] GC(1165) Using 1 workers of 1 for marking
[485.742s][info][gc,start       ] GC(1166) Pause Young (Normal) (G1 Evacuation Pause)
[485.742s][info][gc,task        ] GC(1166) Using 2 workers of 2 for evacuation
[485.757s][info][gc,phases      ] GC(1166)   Pre Evacuate Collection Set: 0.49ms
[485.757s][info][gc,phases      ] GC(1166)   Merge Heap Roots: 0.19ms
[485.757s][info][gc,phases      ] GC(1166)   Evacuate Collection Set: 14.08ms
[485.757s][info][gc,phases      ] GC(1166)   Post Evacuate Collection Set: 0.42ms
[485.757s][info][gc,phases      ] GC(1166)   Other: 0.08ms
[485.757s][info][gc,heap        ] GC(1166) Eden regions: 184->0(170)
[485.758s][info][gc,heap        ] GC(1166) Survivor regions: 4->11(24)
[485.758s][info][gc,heap        ] GC(1166) Old regions: 726->726
[485.758s][info][gc,heap        ] GC(1166) Humongous regions: 10->10
[485.758s][info][gc,metaspace   ] GC(1166) Metaspace: 19029K(19200K)->19029K(19200K) NonClass: 16363K(16448K)->16363K(16448K) Class: 2666K(2752K)->2666K(2752K)
[485.758s][info][gc             ] GC(1166) Pause Young (Normal) (G1 Evacuation Pause) 922M->746M(978M) 15.479ms
[485.758s][info][gc,cpu         ] GC(1166) User=0.03s Sys=0.00s Real=0.01s
[486.451s][info][gc,start       ] GC(1167) Pause Young (Normal) (G1 Evacuation Pause)
[486.451s][info][gc,task        ] GC(1167) Using 2 workers of 2 for evacuation
[486.466s][info][gc,phases      ] GC(1167)   Pre Evacuate Collection Set: 0.49ms
[486.466s][info][gc,phases      ] GC(1167)   Merge Heap Roots: 0.20ms
[486.466s][info][gc,phases      ] GC(1167)   Evacuate Collection Set: 13.23ms
[486.466s][info][gc,phases      ] GC(1167)   Post Evacuate Collection Set: 0.38ms
[486.466s][info][gc,phases      ] GC(1167)   Other: 0.09ms
[486.466s][info][gc,heap        ] GC(1167) Eden regions: 170->0(170)
[486.466s][info][gc,heap        ] GC(1167) Survivor regions: 11->11(23)
[486.466s][info][gc,heap        ] GC(1167) Old regions: 726->726
[486.466s][info][gc,heap        ] GC(1167) Humongous regions: 10->10
[486.466s][info][gc,metaspace   ] GC(1167) Metaspace: 19032K(19200K)->19032K(19200K) NonClass: 16366K(16448K)->16366K(16448K) Class: 2666K(2752K)->2666K(2752K)
[486.466s][info][gc             ] GC(1167) Pause Young (Normal) (G1 Evacuation Pause) 916M->746M(978M) 14.609ms
[486.466s][info][gc,cpu         ] GC(1167) User=0.03s Sys=0.00s Real=0.01s
[487.188s][info][gc,start       ] GC(1168) Pause Young (Normal) (G1 Evacuation Pause)
[487.188s][info][gc,task        ] GC(1168) Using 2 workers of 2 for evacuation
[487.204s][info][gc,phases      ] GC(1168)   Pre Evacuate Collection Set: 0.27ms
[487.204s][info][gc,phases      ] GC(1168)   Merge Heap Roots: 0.24ms
[487.204s][info][gc,phases      ] GC(1168)   Evacuate Collection Set: 14.75ms
[487.204s][info][gc,phases      ] GC(1168)   Post Evacuate Collection Set: 0.37ms
[487.204s][info][gc,phases      ] GC(1168)   Other: 0.08ms
[487.204s][info][gc,heap        ] GC(1168) Eden regions: 170->0(168)
[487.204s][info][gc,heap        ] GC(1168) Survivor regions: 11->12(23)
[487.204s][info][gc,heap        ] GC(1168) Old regions: 726->726
[487.204s][info][gc,heap        ] GC(1168) Humongous regions: 10->10
[487.204s][info][gc,metaspace   ] GC(1168) Metaspace: 19032K(19200K)->19032K(19200K) NonClass: 16366K(16448K)->16366K(16448K) Class: 2666K(2752K)->2666K(2752K)
[487.204s][info][gc             ] GC(1168) Pause Young (Normal) (G1 Evacuation Pause) 916M->746M(978M) 15.915ms
[487.204s][info][gc,cpu         ] GC(1168) User=0.03s Sys=0.00s Real=0.02s
[487.506s][info][gc,marking     ] GC(1165) Concurrent Mark From Roots 2230.820ms
[487.506s][info][gc,marking     ] GC(1165) Concurrent Preclean
[487.506s][info][gc,marking     ] GC(1165) Concurrent Preclean 0.044ms
[487.506s][info][gc,start       ] GC(1165) Pause Remark
[487.514s][info][gc             ] GC(1165) Pause Remark 771M->770M(978M) 7.921ms
[487.514s][info][gc,cpu         ] GC(1165) User=0.01s Sys=0.00s Real=0.01s
[487.517s][info][gc,marking     ] GC(1165) Concurrent Mark 2241.559ms
[487.517s][info][gc,marking     ] GC(1165) Concurrent Rebuild Remembered Sets and Scrub Regions
[488.206s][info][gc,start       ] GC(1169) Pause Young (Normal) (G1 Evacuation Pause)
[488.206s][info][gc,task        ] GC(1169) Using 2 workers of 2 for evacuation
[488.242s][info][gc,phases      ] GC(1169)   Pre Evacuate Collection Set: 0.27ms
[488.242s][info][gc,phases      ] GC(1169)   Merge Heap Roots: 0.27ms
[488.242s][info][gc,phases      ] GC(1169)   Evacuate Collection Set: 34.68ms
[488.242s][info][gc,phases      ] GC(1169)   Post Evacuate Collection Set: 0.39ms
[488.242s][info][gc,phases      ] GC(1169)   Other: 0.08ms
[488.242s][info][gc,heap        ] GC(1169) Eden regions: 168->0(138)
[488.242s][info][gc,heap        ] GC(1169) Survivor regions: 12->23(23)
[488.242s][info][gc,heap        ] GC(1169) Old regions: 726->735
[488.242s][info][gc,heap        ] GC(1169) Humongous regions: 9->9
[488.242s][info][gc,metaspace   ] GC(1169) Metaspace: 19032K(19200K)->19032K(19200K) NonClass: 16366K(16448K)->16366K(16448K) Class: 2666K(2752K)->2666K(2752K)
[488.242s][info][gc             ] GC(1169) Pause Young (Normal) (G1 Evacuation Pause) 913M->766M(978M) 35.917ms
[488.242s][info][gc,cpu         ] GC(1169) User=0.08s Sys=0.00s Real=0.04s
[488.247s][info][gc,marking     ] GC(1165) Concurrent Rebuild Remembered Sets and Scrub Regions 730.080ms
[488.247s][info][gc,start       ] GC(1165) Pause Cleanup
[488.247s][info][gc             ] GC(1165) Pause Cleanup 767M->767M(978M) 0.093ms
[488.247s][info][gc,cpu         ] GC(1165) User=0.00s Sys=0.00s Real=0.00s
[488.247s][info][gc,marking     ] GC(1165) Concurrent Clear Claimed Marks
[488.247s][info][gc,marking     ] GC(1165) Concurrent Clear Claimed Marks 0.031ms
[488.247s][info][gc,marking     ] GC(1165) Concurrent Cleanup for Next Mark
[488.250s][info][gc,marking     ] GC(1165) Concurrent Cleanup for Next Mark 2.825ms
[488.250s][info][gc             ] GC(1165) Concurrent Mark Cycle 2982.154ms
[488.475s][info][gc,start       ] GC(1170) Pause Young (Prepare Mixed) (G1 Evacuation Pause)
[488.475s][info][gc,task        ] GC(1170) Using 2 workers of 2 for evacuation
[488.501s][info][gc,phases      ] GC(1170)   Pre Evacuate Collection Set: 0.45ms
[488.501s][info][gc,phases      ] GC(1170)   Merge Heap Roots: 0.21ms
[488.501s][info][gc,phases      ] GC(1170)   Evacuate Collection Set: 25.08ms
[488.501s][info][gc,phases      ] GC(1170)   Post Evacuate Collection Set: 0.38ms
[488.501s][info][gc,phases      ] GC(1170)   Other: 0.08ms
[488.501s][info][gc,heap        ] GC(1170) Eden regions: 138->0(159)
[488.501s][info][gc,heap        ] GC(1170) Survivor regions: 23->1(21)
[488.501s][info][gc,heap        ] GC(1170) Old regions: 735->758
[488.501s][info][gc,heap        ] GC(1170) Humongous regions: 9->9
[488.501s][info][gc,metaspace   ] GC(1170) Metaspace: 19032K(19200K)->19032K(19200K) NonClass: 16366K(16448K)->16366K(16448K) Class: 2666K(2752K)->2666K(2752K)
[488.501s][info][gc             ] GC(1170) Pause Young (Prepare Mixed) (G1 Evacuation Pause) 904M->767M(978M) 26.409ms
[488.501s][info][gc,cpu         ] GC(1170) User=0.05s Sys=0.00s Real=0.03s
[488.748s][info][gc,start       ] GC(1171) Pause Young (Mixed) (G1 Evacuation Pause)
[488.748s][info][gc,task        ] GC(1171) Using 2 workers of 2 for evacuation
[488.767s][info][gc,phases      ] GC(1171)   Pre Evacuate Collection Set: 0.51ms
[488.767s][info][gc,phases      ] GC(1171)   Merge Heap Roots: 0.38ms
[488.767s][info][gc,phases      ] GC(1171)   Evacuate Collection Set: 17.96ms
[488.767s][info][gc,phases      ] GC(1171)   Post Evacuate Collection Set: 0.40ms
[488.767s][info][gc,phases      ] GC(1171)   Other: 0.10ms
[488.767s][info][gc,heap        ] GC(1171) Eden regions: 159->0(166)
[488.767s][info][gc,heap        ] GC(1171) Survivor regions: 1->1(20)
[488.767s][info][gc,heap        ] GC(1171) Old regions: 758->751
[488.767s][info][gc,heap        ] GC(1171) Humongous regions: 9->9
[488.767s][info][gc,metaspace   ] GC(1171) Metaspace: 19032K(19200K)->19032K(19200K) NonClass: 16366K(16448K)->16366K(16448K) Class: 2666K(2752K)->2666K(2752K)
[488.767s][info][gc             ] GC(1171) Pause Young (Mixed) (G1 Evacuation Pause) 926M->760M(978M) 19.551ms
[488.767s][info][gc,cpu         ] GC(1171) User=0.03s Sys=0.00s Real=0.02s
[489.394s][info][gc,start       ] GC(1172) Pause Young (Concurrent Start) (G1 Evacuation Pause)
[489.395s][info][gc,task        ] GC(1172) Using 2 workers of 2 for evacuation
[489.398s][info][gc,phases      ] GC(1172)   Pre Evacuate Collection Set: 0.31ms
[489.398s][info][gc,phases      ] GC(1172)   Merge Heap Roots: 0.12ms
[489.398s][info][gc,phases      ] GC(1172)   Evacuate Collection Set: 2.83ms
[489.398s][info][gc,phases      ] GC(1172)   Post Evacuate Collection Set: 0.40ms
[489.398s][info][gc,phases      ] GC(1172)   Other: 0.11ms
[489.398s][info][gc,heap        ] GC(1172) Eden regions: 166->0(164)
[489.398s][info][gc,heap        ] GC(1172) Survivor regions: 1->2(21)
[489.398s][info][gc,heap        ] GC(1172) Old regions: 751->751
[489.398s][info][gc,heap        ] GC(1172) Humongous regions: 9->9
[489.398s][info][gc,metaspace   ] GC(1172) Metaspace: 19032K(19200K)->19032K(19200K) NonClass: 16366K(16448K)->16366K(16448K) Class: 2666K(2752K)->2666K(2752K)
[489.398s][info][gc             ] GC(1172) Pause Young (Concurrent Start) (G1 Evacuation Pause) 926M->761M(978M) 3.991ms
[489.398s][info][gc,cpu         ] GC(1172) User=0.01s Sys=0.00s Real=0.00s
[489.398s][info][gc             ] GC(1173) Concurrent Mark Cycle
[489.399s][info][gc,marking     ] GC(1173) Concurrent Scan Root Regions
[489.401s][info][gc,marking     ] GC(1173) Concurrent Scan Root Regions 1.994ms
[489.401s][info][gc,marking     ] GC(1173) Concurrent Mark
[489.401s][info][gc,marking     ] GC(1173) Concurrent Mark From Roots
[489.401s][info][gc,task        ] GC(1173) Using 1 workers of 1 for marking
[490.256s][info][gc,start       ] GC(1174) Pause Young (Normal) (G1 Evacuation Pause)
[490.256s][info][gc,task        ] GC(1174) Using 2 workers of 2 for evacuation
[490.260s][info][gc,phases      ] GC(1174)   Pre Evacuate Collection Set: 0.35ms
[490.260s][info][gc,phases      ] GC(1174)   Merge Heap Roots: 0.11ms
[490.261s][info][gc,phases      ] GC(1174)   Evacuate Collection Set: 3.48ms
[490.261s][info][gc,phases      ] GC(1174)   Post Evacuate Collection Set: 0.40ms
[490.261s][info][gc,phases      ] GC(1174)   Other: 0.08ms
[490.261s][info][gc,heap        ] GC(1174) Eden regions: 164->0(162)
[490.261s][info][gc,heap        ] GC(1174) Survivor regions: 2->3(21)
[490.261s][info][gc,heap        ] GC(1174) Old regions: 751->751
[490.261s][info][gc,heap        ] GC(1174) Humongous regions: 9->9
[490.261s][info][gc,metaspace   ] GC(1174) Metaspace: 19036K(19200K)->19036K(19200K) NonClass: 16370K(16448K)->16370K(16448K) Class: 2666K(2752K)->2666K(2752K)
[490.261s][info][gc             ] GC(1174) Pause Young (Normal) (G1 Evacuation Pause) 925M->762M(978M) 4.588ms
[490.261s][info][gc,cpu         ] GC(1174) User=0.01s Sys=0.00s Real=0.00s
[490.437s][info][gc,marking     ] GC(1173) Concurrent Mark From Roots 1036.281ms
[490.437s][info][gc,marking     ] GC(1173) Concurrent Preclean
[490.437s][info][gc,marking     ] GC(1173) Concurrent Preclean 0.030ms
[490.437s][info][gc,start       ] GC(1173) Pause Remark
[490.446s][info][gc             ] GC(1173) Pause Remark 832M->641M(978M) 8.171ms
[490.446s][info][gc,cpu         ] GC(1173) User=0.02s Sys=0.00s Real=0.01s
[490.446s][info][gc,marking     ] GC(1173) Concurrent Mark 1045.191ms
[490.446s][info][gc,marking     ] GC(1173) Concurrent Rebuild Remembered Sets and Scrub Regions
[490.674s][info][gc,start       ] GC(1175) Pause Young (Normal) (G1 Evacuation Pause)
[490.674s][info][gc,task        ] GC(1175) Using 2 workers of 2 for evacuation
[490.679s][info][gc,phases      ] GC(1175)   Pre Evacuate Collection Set: 0.30ms
[490.679s][info][gc,phases      ] GC(1175)   Merge Heap Roots: 0.11ms
[490.679s][info][gc,phases      ] GC(1175)   Evacuate Collection Set: 3.79ms
[490.679s][info][gc,phases      ] GC(1175)   Post Evacuate Collection Set: 0.39ms
[490.679s][info][gc,phases      ] GC(1175)   Other: 0.08ms
[490.679s][info][gc,heap        ] GC(1175) Eden regions: 162->0(351)
[490.679s][info][gc,heap        ] GC(1175) Survivor regions: 3->4(21)
[490.679s][info][gc,heap        ] GC(1175) Old regions: 564->564
[490.679s][info][gc,heap        ] GC(1175) Humongous regions: 5->5
[490.679s][info][gc,metaspace   ] GC(1175) Metaspace: 19038K(19200K)->19038K(19200K) NonClass: 16372K(16448K)->16372K(16448K) Class: 2666K(2752K)->2666K(2752K)
[490.679s][info][gc             ] GC(1175) Pause Young (Normal) (G1 Evacuation Pause) 733M->572M(978M) 4.853ms
[490.679s][info][gc,cpu         ] GC(1175) User=0.01s Sys=0.00s Real=0.00s
[490.875s][info][gc,marking     ] GC(1173) Concurrent Rebuild Remembered Sets and Scrub Regions 428.893ms
[490.875s][info][gc,start       ] GC(1173) Pause Cleanup
[490.875s][info][gc             ] GC(1173) Pause Cleanup 651M->651M(978M) 0.153ms
[490.875s][info][gc,cpu         ] GC(1173) User=0.00s Sys=0.00s Real=0.00s
[490.875s][info][gc,marking     ] GC(1173) Concurrent Clear Claimed Marks
[490.875s][info][gc,marking     ] GC(1173) Concurrent Clear Claimed Marks 0.028ms
[490.875s][info][gc,marking     ] GC(1173) Concurrent Cleanup for Next Mark
[490.878s][info][gc,marking     ] GC(1173) Concurrent Cleanup for Next Mark 2.904ms
[490.878s][info][gc             ] GC(1173) Concurrent Mark Cycle 1479.505ms
[491.110s][info][gc,start       ] GC(1176) Pause Young (Prepare Mixed) (G1 Evacuation Pause)
[491.110s][info][gc,task        ] GC(1176) Using 2 workers of 2 for evacuation
[491.224s][info][gc,phases      ] GC(1176)   Pre Evacuate Collection Set: 0.47ms
[491.224s][info][gc,phases      ] GC(1176)   Merge Heap Roots: 0.19ms
[491.224s][info][gc,phases      ] GC(1176)   Evacuate Collection Set: 97.39ms
[491.224s][info][gc,phases      ] GC(1176)   Post Evacuate Collection Set: 15.82ms
[491.224s][info][gc,phases      ] GC(1176)   Other: 0.08ms
[491.224s][info][gc,heap        ] GC(1176) Eden regions: 351->0(91)
[491.224s][info][gc,heap        ] GC(1176) Survivor regions: 4->45(45)
[491.224s][info][gc,heap        ] GC(1176) Old regions: 564->742
[491.224s][info][gc,heap        ] GC(1176) Humongous regions: 5->5
[491.224s][info][gc,metaspace   ] GC(1176) Metaspace: 19044K(19264K)->19044K(19264K) NonClass: 16377K(16512K)->16377K(16512K) Class: 2666K(2752K)->2666K(2752K)
[491.224s][info][gc             ] GC(1176) Pause Young (Prepare Mixed) (G1 Evacuation Pause) (Evacuation Failure: Allocation) 923M->791M(978M) 114.167ms
[491.224s][info][gc,cpu         ] GC(1176) User=0.22s Sys=0.00s Real=0.12s
[491.403s][info][gc,start       ] GC(1177) Pause Young (Mixed) (G1 Evacuation Pause)
[491.403s][info][gc,task        ] GC(1177) Using 2 workers of 2 for evacuation
[491.586s][info][gc,phases      ] GC(1177)   Pre Evacuate Collection Set: 0.40ms
[491.586s][info][gc,phases      ] GC(1177)   Merge Heap Roots: 1.79ms
[491.586s][info][gc,phases      ] GC(1177)   Evacuate Collection Set: 146.47ms
[491.586s][info][gc,phases      ] GC(1177)   Merge Optional Heap Roots: 0.11ms
[491.586s][info][gc,phases      ] GC(1177)   Evacuate Optional Collection Set: 22.25ms
[491.586s][info][gc,phases      ] GC(1177)   Post Evacuate Collection Set: 11.01ms
[491.586s][info][gc,phases      ] GC(1177)   Other: 0.17ms
[491.586s][info][gc,heap        ] GC(1177) Eden regions: 91->0(105)
[491.586s][info][gc,heap        ] GC(1177) Survivor regions: 45->17(17)
[491.586s][info][gc,heap        ] GC(1177) Old regions: 742->726
[491.586s][info][gc,heap        ] GC(1177) Humongous regions: 5->5
[491.586s][info][gc,metaspace   ] GC(1177) Metaspace: 19044K(19264K)->19044K(19264K) NonClass: 16377K(16512K)->16377K(16512K) Class: 2666K(2752K)->2666K(2752K)
[491.586s][info][gc             ] GC(1177) Pause Young (Mixed) (G1 Evacuation Pause) (Evacuation Failure: Allocation) 882M->747M(978M) 182.423ms
[491.586s][info][gc,cpu         ] GC(1177) User=0.37s Sys=0.00s Real=0.18s
[491.638s][info][gc,start       ] GC(1178) Pause Young (Mixed) (G1 Evacuation Pause)
[491.638s][info][gc,task        ] GC(1178) Using 2 workers of 2 for evacuation
[491.820s][info][gc,phases      ] GC(1178)   Pre Evacuate Collection Set: 0.28ms
[491.820s][info][gc,phases      ] GC(1178)   Merge Heap Roots: 1.21ms
[491.820s][info][gc,phases      ] GC(1178)   Evacuate Collection Set: 159.27ms
[491.820s][info][gc,phases      ] GC(1178)   Merge Optional Heap Roots: 0.13ms
[491.820s][info][gc,phases      ] GC(1178)   Evacuate Optional Collection Set: 18.86ms
[491.820s][info][gc,phases      ] GC(1178)   Post Evacuate Collection Set: 1.51ms
[491.820s][info][gc,phases      ] GC(1178)   Other: 0.14ms
[491.820s][info][gc,heap        ] GC(1178) Eden regions: 56->0(219)
[491.820s][info][gc,heap        ] GC(1178) Survivor regions: 17->10(10)
[491.820s][info][gc,heap        ] GC(1178) Old regions: 726->655
[491.820s][info][gc,heap        ] GC(1178) Humongous regions: 5->5
[491.820s][info][gc,metaspace   ] GC(1178) Metaspace: 19044K(19264K)->19044K(19264K) NonClass: 16377K(16512K)->16377K(16512K) Class: 2666K(2752K)->2666K(2752K)
[491.820s][info][gc             ] GC(1178) Pause Young (Mixed) (G1 Evacuation Pause) 803M->669M(978M) 181.651ms
[491.820s][info][gc,cpu         ] GC(1178) User=0.36s Sys=0.00s Real=0.18s
[491.891s][info][gc,start       ] GC(1179) Pause Young (Concurrent Start) (G1 Humongous Allocation)
[491.891s][info][gc,task        ] GC(1179) Using 2 workers of 2 for evacuation
[491.927s][info][gc,phases      ] GC(1179)   Pre Evacuate Collection Set: 0.38ms
[491.927s][info][gc,phases      ] GC(1179)   Merge Heap Roots: 0.25ms
[491.927s][info][gc,phases      ] GC(1179)   Evacuate Collection Set: 34.47ms
[491.927s][info][gc,phases      ] GC(1179)   Post Evacuate Collection Set: 0.47ms
[491.927s][info][gc,phases      ] GC(1179)   Other: 0.08ms
[491.927s][info][gc,heap        ] GC(1179) Eden regions: 31->0(205)
[491.927s][info][gc,heap        ] GC(1179) Survivor regions: 10->20(29)
[491.927s][info][gc,heap        ] GC(1179) Old regions: 655->632
[491.927s][info][gc,heap        ] GC(1179) Humongous regions: 5->5
[491.927s][info][gc,metaspace   ] GC(1179) Metaspace: 19044K(19264K)->19044K(19264K) NonClass: 16377K(16512K)->16377K(16512K) Class: 2666K(2752K)->2666K(2752K)
[491.927s][info][gc             ] GC(1179) Pause Young (Concurrent Start) (G1 Humongous Allocation) 700M->656M(978M) 35.857ms
[491.927s][info][gc,cpu         ] GC(1179) User=0.07s Sys=0.00s Real=0.03s
[491.927s][info][gc             ] GC(1180) Concurrent Mark Cycle
[491.927s][info][gc,marking     ] GC(1180) Concurrent Scan Root Regions
[491.967s][info][gc,marking     ] GC(1180) Concurrent Scan Root Regions 40.011ms
[491.967s][info][gc,marking     ] GC(1180) Concurrent Mark
[491.967s][info][gc,marking     ] GC(1180) Concurrent Mark From Roots
[491.967s][info][gc,task        ] GC(1180) Using 1 workers of 1 for marking
[492.291s][info][gc,start       ] GC(1181) Pause Young (Normal) (G1 Evacuation Pause)
[492.291s][info][gc,task        ] GC(1181) Using 2 workers of 2 for evacuation
[492.382s][info][gc,phases      ] GC(1181)   Pre Evacuate Collection Set: 0.50ms
[492.382s][info][gc,phases      ] GC(1181)   Merge Heap Roots: 0.73ms
[492.382s][info][gc,phases      ] GC(1181)   Evacuate Collection Set: 88.59ms
[492.382s][info][gc,phases      ] GC(1181)   Post Evacuate Collection Set: 0.78ms
[492.382s][info][gc,phases      ] GC(1181)   Other: 0.10ms
[492.382s][info][gc,heap        ] GC(1181) Eden regions: 205->0(186)
[492.382s][info][gc,heap        ] GC(1181) Survivor regions: 20->29(29)
[492.382s][info][gc,heap        ] GC(1181) Old regions: 632->653
[492.382s][info][gc,heap        ] GC(1181) Humongous regions: 9->9
[492.382s][info][gc,metaspace   ] GC(1181) Metaspace: 19052K(19264K)->19052K(19264K) NonClass: 16386K(16512K)->16386K(16512K) Class: 2666K(2752K)->2666K(2752K)
[492.382s][info][gc             ] GC(1181) Pause Young (Normal) (G1 Evacuation Pause) 865M->690M(978M) 90.940ms
[492.382s][info][gc,cpu         ] GC(1181) User=0.18s Sys=0.00s Real=0.09s
[492.493s][info][gc,marking     ] GC(1180) Concurrent Mark From Roots 526.049ms
[492.493s][info][gc,marking     ] GC(1180) Concurrent Preclean
[492.493s][info][gc,marking     ] GC(1180) Concurrent Preclean 0.036ms
[492.493s][info][gc,start       ] GC(1180) Pause Remark
[492.501s][info][gc             ] GC(1180) Pause Remark 774M->317M(780M) 8.028ms
[492.501s][info][gc,cpu         ] GC(1180) User=0.01s Sys=0.00s Real=0.01s
[492.502s][info][gc,marking     ] GC(1180) Concurrent Mark 534.964ms
[492.502s][info][gc,marking     ] GC(1180) Concurrent Rebuild Remembered Sets and Scrub Regions
[492.695s][info][gc,marking     ] GC(1180) Concurrent Rebuild Remembered Sets and Scrub Regions 192.567ms
[492.695s][info][gc,start       ] GC(1180) Pause Cleanup
[492.695s][info][gc             ] GC(1180) Pause Cleanup 417M->417M(780M) 0.106ms
[492.695s][info][gc,cpu         ] GC(1180) User=0.00s Sys=0.00s Real=0.00s
[492.695s][info][gc,marking     ] GC(1180) Concurrent Clear Claimed Marks
[492.695s][info][gc,marking     ] GC(1180) Concurrent Clear Claimed Marks 0.079ms
[492.695s][info][gc,marking     ] GC(1180) Concurrent Cleanup for Next Mark
[492.697s][info][gc,start       ] GC(1182) Pause Young (Prepare Mixed) (G1 Evacuation Pause)
[492.698s][info][gc,task        ] GC(1182) Using 2 workers of 2 for evacuation
[492.772s][info][gc,phases      ] GC(1182)   Pre Evacuate Collection Set: 0.27ms
[492.772s][info][gc,phases      ] GC(1182)   Merge Heap Roots: 0.95ms
[492.772s][info][gc,phases      ] GC(1182)   Evacuate Collection Set: 72.32ms
[492.772s][info][gc,phases      ] GC(1182)   Post Evacuate Collection Set: 0.47ms
[492.772s][info][gc,phases      ] GC(1182)   Other: 0.09ms
[492.772s][info][gc,heap        ] GC(1182) Eden regions: 186->0(370)
[492.772s][info][gc,heap        ] GC(1182) Survivor regions: 29->14(27)
[492.772s][info][gc,heap        ] GC(1182) Old regions: 201->231
[492.772s][info][gc,heap        ] GC(1182) Humongous regions: 4->4
[492.772s][info][gc,metaspace   ] GC(1182) Metaspace: 19052K(19264K)->19052K(19264K) NonClass: 16386K(16512K)->16386K(16512K) Class: 2666K(2752K)->2666K(2752K)
[492.772s][info][gc             ] GC(1182) Pause Young (Prepare Mixed) (G1 Evacuation Pause) 419M->248M(780M) 74.264ms
[492.772s][info][gc,cpu         ] GC(1182) User=0.14s Sys=0.00s Real=0.08s
[492.777s][info][gc,marking     ] GC(1180) Concurrent Cleanup for Next Mark 81.328ms
[492.777s][info][gc             ] GC(1180) Concurrent Mark Cycle 849.862ms
[493.042s][info][gc,start       ] GC(1183) Pause Young (Mixed) (G1 Evacuation Pause)
[493.042s][info][gc,task        ] GC(1183) Using 2 workers of 2 for evacuation
[493.120s][info][gc,phases      ] GC(1183)   Pre Evacuate Collection Set: 0.28ms
[493.120s][info][gc,phases      ] GC(1183)   Merge Heap Roots: 0.19ms
[493.120s][info][gc,phases      ] GC(1183)   Evacuate Collection Set: 76.81ms
[493.120s][info][gc,phases      ] GC(1183)   Post Evacuate Collection Set: 0.77ms
[493.120s][info][gc,phases      ] GC(1183)   Other: 0.12ms
[493.120s][info][gc,heap        ] GC(1183) Eden regions: 370->0(315)
[493.120s][info][gc,heap        ] GC(1183) Survivor regions: 14->48(48)
[493.120s][info][gc,heap        ] GC(1183) Old regions: 231->255
[493.120s][info][gc,heap        ] GC(1183) Humongous regions: 4->4
[493.120s][info][gc,metaspace   ] GC(1183) Metaspace: 19052K(19264K)->19052K(19264K) NonClass: 16386K(16512K)->16386K(16512K) Class: 2666K(2752K)->2666K(2752K)
[493.120s][info][gc             ] GC(1183) Pause Young (Mixed) (G1 Evacuation Pause) 618M->306M(780M) 78.397ms
[493.120s][info][gc,cpu         ] GC(1183) User=0.16s Sys=0.00s Real=0.07s
[493.208s][info][gc,start       ] GC(1184) Pause Young (Concurrent Start) (G1 Humongous Allocation)
[493.208s][info][gc,task        ] GC(1184) Using 2 workers of 2 for evacuation
[493.274s][info][gc,phases      ] GC(1184)   Pre Evacuate Collection Set: 0.26ms
[493.274s][info][gc,phases      ] GC(1184)   Merge Heap Roots: 0.40ms
[493.274s][info][gc,phases      ] GC(1184)   Evacuate Collection Set: 65.05ms
[493.274s][info][gc,phases      ] GC(1184)   Post Evacuate Collection Set: 0.50ms
[493.274s][info][gc,phases      ] GC(1184)   Other: 0.16ms
[493.274s][info][gc,heap        ] GC(1184) Eden regions: 84->0(302)
[493.274s][info][gc,heap        ] GC(1184) Survivor regions: 48->10(46)
[493.274s][info][gc,heap        ] GC(1184) Old regions: 255->303
[493.274s][info][gc,heap        ] GC(1184) Humongous regions: 4->4
[493.274s][info][gc,metaspace   ] GC(1184) Metaspace: 19052K(19264K)->19052K(19264K) NonClass: 16386K(16512K)->16386K(16512K) Class: 2666K(2752K)->2666K(2752K)
[493.274s][info][gc             ] GC(1184) Pause Young (Concurrent Start) (G1 Humongous Allocation) 390M->316M(780M) 66.566ms
[493.274s][info][gc             ] GC(1185) Concurrent Mark Cycle
[493.274s][info][gc,marking     ] GC(1185) Concurrent Scan Root Regions
[493.275s][info][gc,cpu         ] GC(1184) User=0.13s Sys=0.00s Real=0.07s
[493.373s][info][gc,marking     ] GC(1185) Concurrent Scan Root Regions 98.712ms
[493.373s][info][gc,marking     ] GC(1185) Concurrent Mark
[493.373s][info][gc,marking     ] GC(1185) Concurrent Mark From Roots
[493.373s][info][gc,task        ] GC(1185) Using 1 workers of 1 for marking
[493.580s][info][gc,start       ] GC(1186) Pause Young (Normal) (G1 Evacuation Pause)
[493.580s][info][gc,task        ] GC(1186) Using 2 workers of 2 for evacuation
[493.612s][info][gc,phases      ] GC(1186)   Pre Evacuate Collection Set: 0.46ms
[493.612s][info][gc,phases      ] GC(1186)   Merge Heap Roots: 0.37ms
[493.612s][info][gc,phases      ] GC(1186)   Evacuate Collection Set: 30.90ms
[493.612s][info][gc,phases      ] GC(1186)   Post Evacuate Collection Set: 0.57ms
[493.612s][info][gc,phases      ] GC(1186)   Other: 0.09ms
[493.612s][info][gc,heap        ] GC(1186) Eden regions: 302->0(315)
[493.612s][info][gc,heap        ] GC(1186) Survivor regions: 10->19(39)
[493.612s][info][gc,heap        ] GC(1186) Old regions: 303->303
[493.612s][info][gc,heap        ] GC(1186) Humongous regions: 5->5
[493.612s][info][gc,metaspace   ] GC(1186) Metaspace: 19052K(19264K)->19052K(19264K) NonClass: 16386K(16512K)->16386K(16512K) Class: 2666K(2752K)->2666K(2752K)
[493.612s][info][gc             ] GC(1186) Pause Young (Normal) (G1 Evacuation Pause) 619M->326M(780M) 32.602ms
[493.612s][info][gc,cpu         ] GC(1186) User=0.06s Sys=0.01s Real=0.04s
[494.065s][info][gc,marking     ] GC(1185) Concurrent Mark From Roots 692.422ms
[494.065s][info][gc,marking     ] GC(1185) Concurrent Preclean
[494.065s][info][gc,marking     ] GC(1185) Concurrent Preclean 0.031ms
[494.066s][info][gc,start       ] GC(1185) Pause Remark
[494.074s][info][gc             ] GC(1185) Pause Remark 600M->589M(780M) 7.948ms
[494.074s][info][gc,cpu         ] GC(1185) User=0.01s Sys=0.00s Real=0.01s
[494.074s][info][gc,marking     ] GC(1185) Concurrent Mark 700.754ms
[494.074s][info][gc,marking     ] GC(1185) Concurrent Rebuild Remembered Sets and Scrub Regions
[494.205s][info][gc,start       ] GC(1187) Pause Young (Normal) (G1 Evacuation Pause)
[494.205s][info][gc,task        ] GC(1187) Using 2 workers of 2 for evacuation
[494.244s][info][gc,phases      ] GC(1187)   Pre Evacuate Collection Set: 0.43ms
[494.244s][info][gc,phases      ] GC(1187)   Merge Heap Roots: 0.52ms
[494.244s][info][gc,phases      ] GC(1187)   Evacuate Collection Set: 37.41ms
[494.244s][info][gc,phases      ] GC(1187)   Post Evacuate Collection Set: 0.65ms
[494.244s][info][gc,phases      ] GC(1187)   Other: 0.10ms
[494.245s][info][gc,heap        ] GC(1187) Eden regions: 315->0(338)
[494.245s][info][gc,heap        ] GC(1187) Survivor regions: 19->25(42)
[494.245s][info][gc,heap        ] GC(1187) Old regions: 293->293
[494.245s][info][gc,heap        ] GC(1187) Humongous regions: 4->4
[494.245s][info][gc,metaspace   ] GC(1187) Metaspace: 19052K(19264K)->19052K(19264K) NonClass: 16386K(16512K)->16386K(16512K) Class: 2666K(2752K)->2666K(2752K)
[494.245s][info][gc             ] GC(1187) Pause Young (Normal) (G1 Evacuation Pause) 630M->321M(780M) 39.369ms
[494.245s][info][gc,cpu         ] GC(1187) User=0.07s Sys=0.00s Real=0.04s
[494.330s][info][gc,marking     ] GC(1185) Concurrent Rebuild Remembered Sets and Scrub Regions 256.185ms
[494.330s][info][gc,start       ] GC(1185) Pause Cleanup
[494.330s][info][gc             ] GC(1185) Pause Cleanup 341M->341M(780M) 0.086ms
[494.330s][info][gc,cpu         ] GC(1185) User=0.00s Sys=0.00s Real=0.00s
[494.330s][info][gc,marking     ] GC(1185) Concurrent Clear Claimed Marks
[494.330s][info][gc,marking     ] GC(1185) Concurrent Clear Claimed Marks 0.030ms
[494.330s][info][gc,marking     ] GC(1185) Concurrent Cleanup for Next Mark
[494.332s][info][gc,marking     ] GC(1185) Concurrent Cleanup for Next Mark 2.269ms
[494.333s][info][gc             ] GC(1185) Concurrent Mark Cycle 1058.412ms
[494.755s][info][gc,start       ] GC(1188) Pause Young (Prepare Mixed) (G1 Evacuation Pause)
[494.755s][info][gc,task        ] GC(1188) Using 2 workers of 2 for evacuation
[494.874s][info][gc,phases      ] GC(1188)   Pre Evacuate Collection Set: 0.29ms
[494.874s][info][gc,phases      ] GC(1188)   Merge Heap Roots: 0.39ms
[494.874s][info][gc,phases      ] GC(1188)   Evacuate Collection Set: 117.43ms
[494.874s][info][gc,phases      ] GC(1188)   Post Evacuate Collection Set: 0.72ms
[494.874s][info][gc,phases      ] GC(1188)   Other: 0.08ms
[494.874s][info][gc,heap        ] GC(1188) Eden regions: 338->0(263)
[494.874s][info][gc,heap        ] GC(1188) Survivor regions: 25->46(46)
[494.874s][info][gc,heap        ] GC(1188) Old regions: 293->351
[494.874s][info][gc,heap        ] GC(1188) Humongous regions: 5->5
[494.874s][info][gc,metaspace   ] GC(1188) Metaspace: 19052K(19264K)->19052K(19264K) NonClass: 16386K(16512K)->16386K(16512K) Class: 2666K(2752K)->2666K(2752K)
[494.874s][info][gc             ] GC(1188) Pause Young (Prepare Mixed) (G1 Evacuation Pause) 660M->401M(780M) 119.192ms
[494.874s][info][gc,cpu         ] GC(1188) User=0.23s Sys=0.00s Real=0.12s
[495.177s][info][gc,start       ] GC(1189) Pause Young (Mixed) (G1 Evacuation Pause)
[495.177s][info][gc,task        ] GC(1189) Using 2 workers of 2 for evacuation
[495.233s][info][gc,phases      ] GC(1189)   Pre Evacuate Collection Set: 0.28ms
[495.234s][info][gc,phases      ] GC(1189)   Merge Heap Roots: 0.45ms
[495.234s][info][gc,phases      ] GC(1189)   Evacuate Collection Set: 54.43ms
[495.234s][info][gc,phases      ] GC(1189)   Post Evacuate Collection Set: 1.23ms
[495.234s][info][gc,phases      ] GC(1189)   Other: 0.10ms
[495.234s][info][gc,heap        ] GC(1189) Eden regions: 263->0(328)
[495.234s][info][gc,heap        ] GC(1189) Survivor regions: 46->3(39)
[495.234s][info][gc,heap        ] GC(1189) Old regions: 351->389
[495.234s][info][gc,heap        ] GC(1189) Humongous regions: 5->5
[495.234s][info][gc,metaspace   ] GC(1189) Metaspace: 19052K(19264K)->19052K(19264K) NonClass: 16386K(16512K)->16386K(16512K) Class: 2666K(2752K)->2666K(2752K)
[495.234s][info][gc             ] GC(1189) Pause Young (Mixed) (G1 Evacuation Pause) 664M->396M(860M) 56.723ms
[495.234s][info][gc,cpu         ] GC(1189) User=0.11s Sys=0.00s Real=0.06s
[495.783s][info][gc,start       ] GC(1190) Pause Young (Concurrent Start) (G1 Humongous Allocation)
[495.783s][info][gc,task        ] GC(1190) Using 2 workers of 2 for evacuation
[495.864s][info][gc,phases      ] GC(1190)   Pre Evacuate Collection Set: 0.30ms
[495.864s][info][gc,phases      ] GC(1190)   Merge Heap Roots: 0.22ms
[495.864s][info][gc,phases      ] GC(1190)   Evacuate Collection Set: 79.47ms
[495.864s][info][gc,phases      ] GC(1190)   Post Evacuate Collection Set: 0.62ms
[495.864s][info][gc,phases      ] GC(1190)   Other: 0.12ms
[495.864s][info][gc,heap        ] GC(1190) Eden regions: 317->0(255)
[495.864s][info][gc,heap        ] GC(1190) Survivor regions: 3->42(42)
[495.864s][info][gc,heap        ] GC(1190) Old regions: 389->422
[495.864s][info][gc,heap        ] GC(1190) Humongous regions: 5->5
[495.864s][info][gc,metaspace   ] GC(1190) Metaspace: 19052K(19264K)->19052K(19264K) NonClass: 16386K(16512K)->16386K(16512K) Class: 2666K(2752K)->2666K(2752K)
[495.864s][info][gc             ] GC(1190) Pause Young (Concurrent Start) (G1 Humongous Allocation) 713M->468M(860M) 80.971ms
[495.864s][info][gc,cpu         ] GC(1190) User=0.16s Sys=0.00s Real=0.08s
[495.864s][info][gc             ] GC(1191) Concurrent Mark Cycle
[495.864s][info][gc,marking     ] GC(1191) Concurrent Scan Root Regions
[495.963s][info][gc,marking     ] GC(1191) Concurrent Scan Root Regions 98.696ms
[495.963s][info][gc,marking     ] GC(1191) Concurrent Mark
[495.963s][info][gc,marking     ] GC(1191) Concurrent Mark From Roots
[495.963s][info][gc,task        ] GC(1191) Using 1 workers of 1 for marking
[496.185s][info][gc,start       ] GC(1192) Pause Young (Normal) (G1 Evacuation Pause)
[496.185s][info][gc,task        ] GC(1192) Using 2 workers of 2 for evacuation
[496.270s][info][gc,phases      ] GC(1192)   Pre Evacuate Collection Set: 0.46ms
[496.270s][info][gc,phases      ] GC(1192)   Merge Heap Roots: 0.24ms
[496.270s][info][gc,phases      ] GC(1192)   Evacuate Collection Set: 84.00ms
[496.270s][info][gc,phases      ] GC(1192)   Post Evacuate Collection Set: 0.51ms
[496.270s][info][gc,phases      ] GC(1192)   Other: 0.08ms
[496.270s][info][gc,heap        ] GC(1192) Eden regions: 255->0(210)
[496.270s][info][gc,heap        ] GC(1192) Survivor regions: 42->38(38)
[496.270s][info][gc,heap        ] GC(1192) Old regions: 422->474
[496.270s][info][gc,heap        ] GC(1192) Humongous regions: 6->6
[496.270s][info][gc,metaspace   ] GC(1192) Metaspace: 19052K(19264K)->19052K(19264K) NonClass: 16386K(16512K)->16386K(16512K) Class: 2666K(2752K)->2666K(2752K)
[496.270s][info][gc             ] GC(1192) Pause Young (Normal) (G1 Evacuation Pause) 724M->517M(860M) 85.578ms
[496.271s][info][gc,cpu         ] GC(1192) User=0.17s Sys=0.01s Real=0.08s
[496.666s][info][gc,marking     ] GC(1191) Concurrent Mark From Roots 703.142ms
[496.666s][info][gc,marking     ] GC(1191) Concurrent Preclean
[496.666s][info][gc,marking     ] GC(1191) Concurrent Preclean 0.029ms
[496.666s][info][gc,start       ] GC(1191) Pause Remark
[496.674s][info][gc             ] GC(1191) Pause Remark 675M->589M(860M) 8.032ms
[496.674s][info][gc,cpu         ] GC(1191) User=0.02s Sys=0.00s Real=0.01s
[496.674s][info][gc,marking     ] GC(1191) Concurrent Mark 711.504ms
[496.674s][info][gc,marking     ] GC(1191) Concurrent Rebuild Remembered Sets and Scrub Regions
[496.792s][info][gc,start       ] GC(1193) Pause Young (Normal) (G1 Evacuation Pause)
[496.792s][info][gc,task        ] GC(1193) Using 2 workers of 2 for evacuation
[496.875s][info][gc,phases      ] GC(1193)   Pre Evacuate Collection Set: 0.45ms
[496.875s][info][gc,phases      ] GC(1193)   Merge Heap Roots: 0.29ms
[496.875s][info][gc,phases      ] GC(1193)   Evacuate Collection Set: 81.30ms
[496.875s][info][gc,phases      ] GC(1193)   Post Evacuate Collection Set: 0.75ms
[496.875s][info][gc,phases      ] GC(1193)   Other: 0.08ms
[496.875s][info][gc,heap        ] GC(1193) Eden regions: 210->0(235)
[496.875s][info][gc,heap        ] GC(1193) Survivor regions: 38->31(31)
[496.875s][info][gc,heap        ] GC(1193) Old regions: 390->442
[496.875s][info][gc,heap        ] GC(1193) Humongous regions: 4->4
[496.875s][info][gc,metaspace   ] GC(1193) Metaspace: 19052K(19264K)->19052K(19264K) NonClass: 16386K(16512K)->16386K(16512K) Class: 2666K(2752K)->2666K(2752K)
[496.875s][info][gc             ] GC(1193) Pause Young (Normal) (G1 Evacuation Pause) 641M->476M(860M) 83.050ms
[496.875s][info][gc,cpu         ] GC(1193) User=0.16s Sys=0.00s Real=0.08s
[497.132s][info][gc,marking     ] GC(1191) Concurrent Rebuild Remembered Sets and Scrub Regions 457.634ms
[497.132s][info][gc,start       ] GC(1191) Pause Cleanup
[497.132s][info][gc             ] GC(1191) Pause Cleanup 638M->638M(860M) 0.141ms
[497.132s][info][gc,cpu         ] GC(1191) User=0.00s Sys=0.00s Real=0.00s
[497.132s][info][gc,marking     ] GC(1191) Concurrent Clear Claimed Marks
[497.132s][info][gc,marking     ] GC(1191) Concurrent Clear Claimed Marks 0.034ms
[497.132s][info][gc,marking     ] GC(1191) Concurrent Cleanup for Next Mark
[497.138s][info][gc,marking     ] GC(1191) Concurrent Cleanup for Next Mark 5.412ms
[497.138s][info][gc             ] GC(1191) Concurrent Mark Cycle 1273.848ms
[497.185s][info][gc,start       ] GC(1194) Pause Young (Prepare Mixed) (G1 Evacuation Pause)
[497.185s][info][gc,task        ] GC(1194) Using 2 workers of 2 for evacuation
[497.267s][info][gc,phases      ] GC(1194)   Pre Evacuate Collection Set: 0.48ms
[497.267s][info][gc,phases      ] GC(1194)   Merge Heap Roots: 0.42ms
[497.267s][info][gc,phases      ] GC(1194)   Evacuate Collection Set: 80.54ms
[497.267s][info][gc,phases      ] GC(1194)   Post Evacuate Collection Set: 0.85ms
[497.267s][info][gc,phases      ] GC(1194)   Other: 0.08ms
[497.267s][info][gc,heap        ] GC(1194) Eden regions: 235->0(207)
[497.267s][info][gc,heap        ] GC(1194) Survivor regions: 31->34(34)
[497.267s][info][gc,heap        ] GC(1194) Old regions: 442->480
[497.267s][info][gc,heap        ] GC(1194) Humongous regions: 4->4
[497.267s][info][gc,metaspace   ] GC(1194) Metaspace: 19052K(19264K)->19052K(19264K) NonClass: 16386K(16512K)->16386K(16512K) Class: 2666K(2752K)->2666K(2752K)
[497.267s][info][gc             ] GC(1194) Pause Young (Prepare Mixed) (G1 Evacuation Pause) 711M->517M(860M) 82.619ms
[497.267s][info][gc,cpu         ] GC(1194) User=0.16s Sys=0.00s Real=0.08s
[497.452s][info][gc,start       ] GC(1195) Pause Young (Mixed) (G1 Evacuation Pause)
[497.452s][info][gc,task        ] GC(1195) Using 2 workers of 2 for evacuation
[497.634s][info][gc,phases      ] GC(1195)   Pre Evacuate Collection Set: 0.31ms
[497.634s][info][gc,phases      ] GC(1195)   Merge Heap Roots: 1.16ms
[497.634s][info][gc,phases      ] GC(1195)   Evacuate Collection Set: 178.85ms
[497.634s][info][gc,phases      ] GC(1195)   Post Evacuate Collection Set: 1.25ms
[497.634s][info][gc,phases      ] GC(1195)   Other: 0.08ms
[497.634s][info][gc,heap        ] GC(1195) Eden regions: 207->0(140)
[497.634s][info][gc,heap        ] GC(1195) Survivor regions: 34->31(31)
[497.634s][info][gc,heap        ] GC(1195) Old regions: 480->535
[497.634s][info][gc,heap        ] GC(1195) Humongous regions: 4->4
[497.634s][info][gc,metaspace   ] GC(1195) Metaspace: 19052K(19264K)->19052K(19264K) NonClass: 16386K(16512K)->16386K(16512K) Class: 2666K(2752K)->2666K(2752K)
[497.634s][info][gc             ] GC(1195) Pause Young (Mixed) (G1 Evacuation Pause) 724M->569M(875M) 181.827ms
[497.634s][info][gc,cpu         ] GC(1195) User=0.35s Sys=0.01s Real=0.18s
[497.658s][info][gc,start       ] GC(1196) Pause Young (Mixed) (G1 Evacuation Pause)
[497.658s][info][gc,task        ] GC(1196) Using 2 workers of 2 for evacuation
[497.820s][info][gc,phases      ] GC(1196)   Pre Evacuate Collection Set: 0.24ms
[497.820s][info][gc,phases      ] GC(1196)   Merge Heap Roots: 1.37ms
[497.820s][info][gc,phases      ] GC(1196)   Evacuate Collection Set: 159.22ms
[497.821s][info][gc,phases      ] GC(1196)   Post Evacuate Collection Set: 1.76ms
[497.821s][info][gc,phases      ] GC(1196)   Other: 0.06ms
[497.821s][info][gc,heap        ] GC(1196) Eden regions: 29->0(180)
[497.821s][info][gc,heap        ] GC(1196) Survivor regions: 31->7(8)
[497.821s][info][gc,heap        ] GC(1196) Old regions: 535->566
[497.821s][info][gc,heap        ] GC(1196) Humongous regions: 4->4
[497.821s][info][gc,metaspace   ] GC(1196) Metaspace: 19052K(19264K)->19052K(19264K) NonClass: 16386K(16512K)->16386K(16512K) Class: 2666K(2752K)->2666K(2752K)
[497.821s][info][gc             ] GC(1196) Pause Young (Mixed) (G1 Evacuation Pause) 598M->576M(917M) 162.830ms
[497.821s][info][gc,cpu         ] GC(1196) User=0.32s Sys=0.00s Real=0.16s
[497.951s][info][gc,start       ] GC(1197) Pause Young (Concurrent Start) (G1 Evacuation Pause)
[497.951s][info][gc,task        ] GC(1197) Using 2 workers of 2 for evacuation
[497.999s][info][gc,phases      ] GC(1197)   Pre Evacuate Collection Set: 0.28ms
[497.999s][info][gc,phases      ] GC(1197)   Merge Heap Roots: 0.19ms
[497.999s][info][gc,phases      ] GC(1197)   Evacuate Collection Set: 46.15ms
[497.999s][info][gc,phases      ] GC(1197)   Post Evacuate Collection Set: 0.63ms
[497.999s][info][gc,phases      ] GC(1197)   Other: 0.11ms
[497.999s][info][gc,heap        ] GC(1197) Eden regions: 180->0(164)
[497.999s][info][gc,heap        ] GC(1197) Survivor regions: 7->24(24)
[497.999s][info][gc,heap        ] GC(1197) Old regions: 566->590
[497.999s][info][gc,heap        ] GC(1197) Humongous regions: 4->4
[497.999s][info][gc,metaspace   ] GC(1197) Metaspace: 19052K(19264K)->19052K(19264K) NonClass: 16386K(16512K)->16386K(16512K) Class: 2666K(2752K)->2666K(2752K)
[497.999s][info][gc             ] GC(1197) Pause Young (Concurrent Start) (G1 Evacuation Pause) 756M->617M(917M) 47.600ms
[497.999s][info][gc,cpu         ] GC(1197) User=0.09s Sys=0.00s Real=0.04s
[497.999s][info][gc             ] GC(1198) Concurrent Mark Cycle
[498.001s][info][gc,marking     ] GC(1198) Concurrent Scan Root Regions
[498.044s][info][gc,marking     ] GC(1198) Concurrent Scan Root Regions 43.283ms
[498.044s][info][gc,marking     ] GC(1198) Concurrent Mark
[498.044s][info][gc,marking     ] GC(1198) Concurrent Mark From Roots
[498.044s][info][gc,task        ] GC(1198) Using 1 workers of 1 for marking
[498.274s][info][gc,start       ] GC(1199) Pause Young (Normal) (G1 Evacuation Pause)
[498.274s][info][gc,task        ] GC(1199) Using 2 workers of 2 for evacuation
[498.344s][info][gc,phases      ] GC(1199)   Pre Evacuate Collection Set: 0.28ms
[498.345s][info][gc,phases      ] GC(1199)   Merge Heap Roots: 0.47ms
[498.345s][info][gc,phases      ] GC(1199)   Evacuate Collection Set: 69.37ms
[498.345s][info][gc,phases      ] GC(1199)   Post Evacuate Collection Set: 0.46ms
[498.345s][info][gc,phases      ] GC(1199)   Other: 0.09ms
[498.345s][info][gc,heap        ] GC(1199) Eden regions: 164->0(152)
[498.345s][info][gc,heap        ] GC(1199) Survivor regions: 24->24(24)
[498.345s][info][gc,heap        ] GC(1199) Old regions: 590->620
[498.345s][info][gc,heap        ] GC(1199) Humongous regions: 7->7
[498.345s][info][gc,metaspace   ] GC(1199) Metaspace: 19052K(19264K)->19052K(19264K) NonClass: 16386K(16512K)->16386K(16512K) Class: 2666K(2752K)->2666K(2752K)
[498.345s][info][gc             ] GC(1199) Pause Young (Normal) (G1 Evacuation Pause) 784M->650M(917M) 70.911ms
[498.345s][info][gc,cpu         ] GC(1199) User=0.14s Sys=0.00s Real=0.07s
[498.642s][info][gc,start       ] GC(1200) Pause Young (Normal) (G1 Evacuation Pause)
[498.642s][info][gc,task        ] GC(1200) Using 2 workers of 2 for evacuation
[498.718s][info][gc,phases      ] GC(1200)   Pre Evacuate Collection Set: 0.27ms
[498.718s][info][gc,phases      ] GC(1200)   Merge Heap Roots: 0.36ms
[498.718s][info][gc,phases      ] GC(1200)   Evacuate Collection Set: 74.94ms
[498.718s][info][gc,phases      ] GC(1200)   Post Evacuate Collection Set: 0.43ms
[498.718s][info][gc,phases      ] GC(1200)   Other: 0.09ms
[498.718s][info][gc,heap        ] GC(1200) Eden regions: 152->0(132)
[498.718s][info][gc,heap        ] GC(1200) Survivor regions: 24->22(22)
[498.718s][info][gc,heap        ] GC(1200) Old regions: 620->655
[498.718s][info][gc,heap        ] GC(1200) Humongous regions: 10->10
[498.718s][info][gc,metaspace   ] GC(1200) Metaspace: 19052K(19264K)->19052K(19264K) NonClass: 16386K(16512K)->16386K(16512K) Class: 2666K(2752K)->2666K(2752K)
[498.718s][info][gc             ] GC(1200) Pause Young (Normal) (G1 Evacuation Pause) 805M->686M(917M) 76.335ms
[498.718s][info][gc,cpu         ] GC(1200) User=0.15s Sys=0.00s Real=0.07s
[498.728s][info][gc,marking     ] GC(1198) Concurrent Mark From Roots 683.530ms
[498.728s][info][gc,marking     ] GC(1198) Concurrent Preclean
[498.728s][info][gc,marking     ] GC(1198) Concurrent Preclean 0.034ms
[498.728s][info][gc,start       ] GC(1198) Pause Remark
[498.736s][info][gc             ] GC(1198) Pause Remark 695M->398M(917M) 8.120ms
[498.736s][info][gc,cpu         ] GC(1198) User=0.01s Sys=0.00s Real=0.01s
[498.737s][info][gc,marking     ] GC(1198) Concurrent Mark 692.274ms
[498.737s][info][gc,marking     ] GC(1198) Concurrent Rebuild Remembered Sets and Scrub Regions
[498.882s][info][gc,start       ] GC(1201) Pause Young (Normal) (G1 Evacuation Pause)
[498.882s][info][gc,task        ] GC(1201) Using 2 workers of 2 for evacuation
[498.949s][info][gc,phases      ] GC(1201)   Pre Evacuate Collection Set: 0.24ms
[498.949s][info][gc,phases      ] GC(1201)   Merge Heap Roots: 0.24ms
[498.949s][info][gc,phases      ] GC(1201)   Evacuate Collection Set: 65.35ms
[498.949s][info][gc,phases      ] GC(1201)   Post Evacuate Collection Set: 0.70ms
[498.949s][info][gc,phases      ] GC(1201)   Other: 0.07ms
[498.949s][info][gc,heap        ] GC(1201) Eden regions: 132->0(312)
[498.949s][info][gc,heap        ] GC(1201) Survivor regions: 22->20(20)
[498.949s][info][gc,heap        ] GC(1201) Old regions: 361->393
[498.949s][info][gc,heap        ] GC(1201) Humongous regions: 7->7
[498.949s][info][gc,metaspace   ] GC(1201) Metaspace: 19052K(19264K)->19052K(19264K) NonClass: 16386K(16512K)->16386K(16512K) Class: 2666K(2752K)->2666K(2752K)
[498.949s][info][gc             ] GC(1201) Pause Young (Normal) (G1 Evacuation Pause) 521M->419M(942M) 66.815ms
[498.949s][info][gc,cpu         ] GC(1201) User=0.13s Sys=0.00s Real=0.06s
[499.098s][info][gc,marking     ] GC(1198) Concurrent Rebuild Remembered Sets and Scrub Regions 361.765ms
[499.099s][info][gc,start       ] GC(1198) Pause Cleanup
[499.099s][info][gc             ] GC(1198) Pause Cleanup 562M->562M(942M) 0.097ms
[499.099s][info][gc,cpu         ] GC(1198) User=0.00s Sys=0.00s Real=0.00s
[499.099s][info][gc,marking     ] GC(1198) Concurrent Clear Claimed Marks
[499.099s][info][gc,marking     ] GC(1198) Concurrent Clear Claimed Marks 0.028ms
[499.099s][info][gc,marking     ] GC(1198) Concurrent Cleanup for Next Mark
[499.102s][info][gc,marking     ] GC(1198) Concurrent Cleanup for Next Mark 3.609ms
[499.102s][info][gc             ] GC(1198) Concurrent Mark Cycle 1103.374ms
[499.211s][info][gc,start       ] GC(1202) Pause Young (Prepare Mixed) (G1 Evacuation Pause)
[499.211s][info][gc,task        ] GC(1202) Using 2 workers of 2 for evacuation
[499.259s][info][gc,phases      ] GC(1202)   Pre Evacuate Collection Set: 0.48ms
[499.259s][info][gc,phases      ] GC(1202)   Merge Heap Roots: 0.30ms
[499.259s][info][gc,phases      ] GC(1202)   Evacuate Collection Set: 46.07ms
[499.259s][info][gc,phases      ] GC(1202)   Post Evacuate Collection Set: 0.55ms
[499.259s][info][gc,phases      ] GC(1202)   Other: 0.08ms
[499.259s][info][gc,heap        ] GC(1202) Eden regions: 312->0(321)
[499.259s][info][gc,heap        ] GC(1202) Survivor regions: 20->40(42)
[499.259s][info][gc,heap        ] GC(1202) Old regions: 393->393
[499.259s][info][gc,heap        ] GC(1202) Humongous regions: 7->7
[499.259s][info][gc,metaspace   ] GC(1202) Metaspace: 19052K(19264K)->19052K(19264K) NonClass: 16386K(16512K)->16386K(16512K) Class: 2666K(2752K)->2666K(2752K)
[499.259s][info][gc             ] GC(1202) Pause Young (Prepare Mixed) (G1 Evacuation Pause) 731M->438M(942M) 47.706ms
[499.259s][info][gc,cpu         ] GC(1202) User=0.09s Sys=0.00s Real=0.04s
[499.516s][info][gc,start       ] GC(1203) Pause Young (Mixed) (G1 Evacuation Pause)
[499.516s][info][gc,task        ] GC(1203) Using 2 workers of 2 for evacuation
[499.584s][info][gc,phases      ] GC(1203)   Pre Evacuate Collection Set: 0.50ms
[499.584s][info][gc,phases      ] GC(1203)   Merge Heap Roots: 0.52ms
[499.584s][info][gc,phases      ] GC(1203)   Evacuate Collection Set: 66.03ms
[499.584s][info][gc,phases      ] GC(1203)   Post Evacuate Collection Set: 0.61ms
[499.584s][info][gc,phases      ] GC(1203)   Other: 0.10ms
[499.584s][info][gc,heap        ] GC(1203) Eden regions: 321->0(359)
[499.584s][info][gc,heap        ] GC(1203) Survivor regions: 40->32(46)
[499.584s][info][gc,heap        ] GC(1203) Old regions: 393->377
[499.584s][info][gc,heap        ] GC(1203) Humongous regions: 7->7
[499.584s][info][gc,metaspace   ] GC(1203) Metaspace: 19052K(19264K)->19052K(19264K) NonClass: 16386K(16512K)->16386K(16512K) Class: 2666K(2752K)->2666K(2752K)
[499.584s][info][gc             ] GC(1203) Pause Young (Mixed) (G1 Evacuation Pause) 759M->415M(942M) 67.996ms
[499.584s][info][gc,cpu         ] GC(1203) User=0.13s Sys=0.00s Real=0.07s
[500.316s][info][gc,start       ] GC(1204) Pause Young (Concurrent Start) (G1 Evacuation Pause)
[500.316s][info][gc,task        ] GC(1204) Using 2 workers of 2 for evacuation
[500.392s][info][gc,phases      ] GC(1204)   Pre Evacuate Collection Set: 0.28ms
[500.392s][info][gc,phases      ] GC(1204)   Merge Heap Roots: 0.38ms
[500.392s][info][gc,phases      ] GC(1204)   Evacuate Collection Set: 74.09ms
[500.392s][info][gc,phases      ] GC(1204)   Post Evacuate Collection Set: 0.63ms
[500.392s][info][gc,phases      ] GC(1204)   Other: 0.12ms
[500.392s][info][gc,heap        ] GC(1204) Eden regions: 359->0(341)
[500.392s][info][gc,heap        ] GC(1204) Survivor regions: 32->49(49)
[500.392s][info][gc,heap        ] GC(1204) Old regions: 377->396
[500.392s][info][gc,heap        ] GC(1204) Humongous regions: 7->7
[500.392s][info][gc,metaspace   ] GC(1204) Metaspace: 19052K(19264K)->19052K(19264K) NonClass: 16386K(16512K)->16386K(16512K) Class: 2666K(2752K)->2666K(2752K)
[500.392s][info][gc             ] GC(1204) Pause Young (Concurrent Start) (G1 Evacuation Pause) 774M->451M(942M) 75.725ms
[500.392s][info][gc             ] GC(1205) Concurrent Mark Cycle
[500.392s][info][gc,marking     ] GC(1205) Concurrent Scan Root Regions
[500.393s][info][gc,cpu         ] GC(1204) User=0.15s Sys=0.00s Real=0.08s
[500.513s][info][gc,marking     ] GC(1205) Concurrent Scan Root Regions 120.756ms
[500.513s][info][gc,marking     ] GC(1205) Concurrent Mark
[500.513s][info][gc,marking     ] GC(1205) Concurrent Mark From Roots
[500.513s][info][gc,task        ] GC(1205) Using 1 workers of 1 for marking
[501.229s][info][gc,marking     ] GC(1205) Concurrent Mark From Roots 715.851ms
[501.229s][info][gc,marking     ] GC(1205) Concurrent Preclean
[501.229s][info][gc,marking     ] GC(1205) Concurrent Preclean 0.042ms
[501.229s][info][gc,start       ] GC(1205) Pause Remark
[501.237s][info][gc             ] GC(1205) Pause Remark 693M->617M(942M) 8.288ms
[501.237s][info][gc,cpu         ] GC(1205) User=0.01s Sys=0.00s Real=0.01s
[501.237s][info][gc,marking     ] GC(1205) Concurrent Mark 724.614ms
[501.238s][info][gc,marking     ] GC(1205) Concurrent Rebuild Remembered Sets and Scrub Regions
[501.525s][info][gc,start       ] GC(1206) Pause Young (Normal) (G1 Evacuation Pause)
[501.525s][info][gc,task        ] GC(1206) Using 2 workers of 2 for evacuation
[501.576s][info][gc,phases      ] GC(1206)   Pre Evacuate Collection Set: 0.48ms
[501.577s][info][gc,phases      ] GC(1206)   Merge Heap Roots: 0.43ms
[501.577s][info][gc,phases      ] GC(1206)   Evacuate Collection Set: 49.76ms
[501.577s][info][gc,phases      ] GC(1206)   Post Evacuate Collection Set: 0.53ms
[501.577s][info][gc,phases      ] GC(1206)   Other: 0.09ms
[501.577s][info][gc,heap        ] GC(1206) Eden regions: 341->0(420)
[501.577s][info][gc,heap        ] GC(1206) Survivor regions: 49->2(49)
[501.577s][info][gc,heap        ] GC(1206) Old regions: 323->372
[501.577s][info][gc,heap        ] GC(1206) Humongous regions: 4->4
[501.577s][info][gc,metaspace   ] GC(1206) Metaspace: 19052K(19264K)->19052K(19264K) NonClass: 16386K(16512K)->16386K(16512K) Class: 2666K(2752K)->2666K(2752K)
[501.577s][info][gc             ] GC(1206) Pause Young (Normal) (G1 Evacuation Pause) 716M->376M(942M) 51.494ms
[501.577s][info][gc,cpu         ] GC(1206) User=0.10s Sys=0.00s Real=0.05s
[501.590s][info][gc,marking     ] GC(1205) Concurrent Rebuild Remembered Sets and Scrub Regions 352.766ms
[501.590s][info][gc,start       ] GC(1205) Pause Cleanup
[501.591s][info][gc             ] GC(1205) Pause Cleanup 384M->384M(942M) 0.073ms
[501.591s][info][gc,cpu         ] GC(1205) User=0.00s Sys=0.00s Real=0.00s
[501.591s][info][gc,marking     ] GC(1205) Concurrent Clear Claimed Marks
[501.591s][info][gc,marking     ] GC(1205) Concurrent Clear Claimed Marks 0.039ms
[501.591s][info][gc,marking     ] GC(1205) Concurrent Cleanup for Next Mark
[501.597s][info][gc,marking     ] GC(1205) Concurrent Cleanup for Next Mark 5.781ms
[501.597s][info][gc             ] GC(1205) Concurrent Mark Cycle 1205.046ms
[502.176s][info][gc,start       ] GC(1207) Pause Young (Prepare Mixed) (G1 Evacuation Pause)
[502.176s][info][gc,task        ] GC(1207) Using 2 workers of 2 for evacuation
[502.255s][info][gc,phases      ] GC(1207)   Pre Evacuate Collection Set: 0.33ms
[502.255s][info][gc,phases      ] GC(1207)   Merge Heap Roots: 0.47ms
[502.255s][info][gc,phases      ] GC(1207)   Evacuate Collection Set: 77.49ms
[502.255s][info][gc,phases      ] GC(1207)   Post Evacuate Collection Set: 0.76ms
[502.255s][info][gc,phases      ] GC(1207)   Other: 0.08ms
[502.255s][info][gc,heap        ] GC(1207) Eden regions: 420->0(340)
[502.255s][info][gc,heap        ] GC(1207) Survivor regions: 2->53(53)
[502.255s][info][gc,heap        ] GC(1207) Old regions: 372->392
[502.255s][info][gc,heap        ] GC(1207) Humongous regions: 4->4
[502.255s][info][gc,metaspace   ] GC(1207) Metaspace: 19052K(19264K)->19052K(19264K) NonClass: 16386K(16512K)->16386K(16512K) Class: 2666K(2752K)->2666K(2752K)
[502.255s][info][gc             ] GC(1207) Pause Young (Prepare Mixed) (G1 Evacuation Pause) 796M->448M(942M) 79.338ms
[502.255s][info][gc,cpu         ] GC(1207) User=0.16s Sys=0.00s Real=0.08s
[502.504s][info][gc,start       ] GC(1208) Pause Young (Mixed) (G1 Evacuation Pause)
[502.504s][info][gc,task        ] GC(1208) Using 2 workers of 2 for evacuation
[502.603s][info][gc,phases      ] GC(1208)   Pre Evacuate Collection Set: 0.29ms
[502.603s][info][gc,phases      ] GC(1208)   Merge Heap Roots: 0.43ms
[502.603s][info][gc,phases      ] GC(1208)   Evacuate Collection Set: 97.22ms
[502.603s][info][gc,phases      ] GC(1208)   Post Evacuate Collection Set: 0.65ms
[502.603s][info][gc,phases      ] GC(1208)   Other: 0.10ms
[502.603s][info][gc,heap        ] GC(1208) Eden regions: 340->0(317)
[502.603s][info][gc,heap        ] GC(1208) Survivor regions: 53->50(50)
[502.603s][info][gc,heap        ] GC(1208) Old regions: 392->424
[502.603s][info][gc,heap        ] GC(1208) Humongous regions: 4->4
[502.603s][info][gc,metaspace   ] GC(1208) Metaspace: 19052K(19264K)->19052K(19264K) NonClass: 16386K(16512K)->16386K(16512K) Class: 2666K(2752K)->2666K(2752K)
[502.603s][info][gc             ] GC(1208) Pause Young (Mixed) (G1 Evacuation Pause) 788M->477M(942M) 98.955ms
[502.603s][info][gc,cpu         ] GC(1208) User=0.19s Sys=0.00s Real=0.10s
[502.676s][info][gc,start       ] GC(1209) Pause Young (Concurrent Start) (G1 Humongous Allocation)
[502.676s][info][gc,task        ] GC(1209) Using 2 workers of 2 for evacuation
[502.732s][info][gc,phases      ] GC(1209)   Pre Evacuate Collection Set: 0.30ms
[502.732s][info][gc,phases      ] GC(1209)   Merge Heap Roots: 0.28ms
[502.732s][info][gc,phases      ] GC(1209)   Evacuate Collection Set: 54.67ms
[502.732s][info][gc,phases      ] GC(1209)   Post Evacuate Collection Set: 0.63ms
[502.732s][info][gc,phases      ] GC(1209)   Other: 0.09ms
[502.732s][info][gc,heap        ] GC(1209) Eden regions: 105->0(337)
[502.732s][info][gc,heap        ] GC(1209) Survivor regions: 50->6(46)
[502.732s][info][gc,heap        ] GC(1209) Old regions: 424->474
[502.732s][info][gc,heap        ] GC(1209) Humongous regions: 4->4
[502.732s][info][gc,metaspace   ] GC(1209) Metaspace: 19052K(19264K)->19052K(19264K) NonClass: 16386K(16512K)->16386K(16512K) Class: 2666K(2752K)->2666K(2752K)
[502.732s][info][gc             ] GC(1209) Pause Young (Concurrent Start) (G1 Humongous Allocation) 581M->483M(951M) 56.170ms
[502.732s][info][gc,cpu         ] GC(1209) User=0.11s Sys=0.00s Real=0.06s
[502.732s][info][gc             ] GC(1210) Concurrent Mark Cycle
[502.732s][info][gc,marking     ] GC(1210) Concurrent Scan Root Regions
[502.772s][info][gc,marking     ] GC(1210) Concurrent Scan Root Regions 39.524ms
[502.772s][info][gc,marking     ] GC(1210) Concurrent Mark
[502.772s][info][gc,marking     ] GC(1210) Concurrent Mark From Roots
[502.772s][info][gc,task        ] GC(1210) Using 1 workers of 1 for marking
[503.245s][info][gc,start       ] GC(1211) Pause Young (Normal) (G1 Evacuation Pause)
[503.245s][info][gc,task        ] GC(1211) Using 2 workers of 2 for evacuation
[503.329s][info][gc,phases      ] GC(1211)   Pre Evacuate Collection Set: 0.29ms
[503.329s][info][gc,phases      ] GC(1211)   Merge Heap Roots: 0.37ms
[503.329s][info][gc,phases      ] GC(1211)   Evacuate Collection Set: 82.38ms
[503.329s][info][gc,phases      ] GC(1211)   Post Evacuate Collection Set: 0.64ms
[503.329s][info][gc,phases      ] GC(1211)   Other: 0.09ms
[503.329s][info][gc,heap        ] GC(1211) Eden regions: 337->0(292)
[503.329s][info][gc,heap        ] GC(1211) Survivor regions: 6->43(43)
[503.329s][info][gc,heap        ] GC(1211) Old regions: 474->492
[503.329s][info][gc,heap        ] GC(1211) Humongous regions: 8->8
[503.329s][info][gc,metaspace   ] GC(1211) Metaspace: 19052K(19264K)->19052K(19264K) NonClass: 16386K(16512K)->16386K(16512K) Class: 2666K(2752K)->2666K(2752K)
[503.329s][info][gc             ] GC(1211) Pause Young (Normal) (G1 Evacuation Pause) 824M->542M(951M) 84.023ms
[503.329s][info][gc,cpu         ] GC(1211) User=0.17s Sys=0.00s Real=0.08s
[503.463s][info][gc,marking     ] GC(1210) Concurrent Mark From Roots 690.929ms
[503.463s][info][gc,marking     ] GC(1210) Concurrent Preclean
[503.463s][info][gc,marking     ] GC(1210) Concurrent Preclean 0.069ms
[503.464s][info][gc,start       ] GC(1210) Pause Remark
[503.472s][info][gc             ] GC(1210) Pause Remark 633M->526M(951M) 7.821ms
[503.472s][info][gc,cpu         ] GC(1210) User=0.01s Sys=0.00s Real=0.01s
[503.472s][info][gc,marking     ] GC(1210) Concurrent Mark 699.708ms
[503.472s][info][gc,marking     ] GC(1210) Concurrent Rebuild Remembered Sets and Scrub Regions
[503.704s][info][gc,start       ] GC(1212) Pause Young (Normal) (G1 Evacuation Pause)
[503.704s][info][gc,task        ] GC(1212) Using 2 workers of 2 for evacuation
[503.785s][info][gc,phases      ] GC(1212)   Pre Evacuate Collection Set: 0.50ms
[503.785s][info][gc,phases      ] GC(1212)   Merge Heap Roots: 0.55ms
[503.785s][info][gc,phases      ] GC(1212)   Evacuate Collection Set: 79.81ms
[503.785s][info][gc,phases      ] GC(1212)   Post Evacuate Collection Set: 0.54ms
[503.785s][info][gc,phases      ] GC(1212)   Other: 0.08ms
[503.785s][info][gc,heap        ] GC(1212) Eden regions: 292->0(351)
[503.785s][info][gc,heap        ] GC(1212) Survivor regions: 43->22(42)
[503.785s][info][gc,heap        ] GC(1212) Old regions: 387->431
[503.785s][info][gc,heap        ] GC(1212) Humongous regions: 6->6
[503.785s][info][gc,metaspace   ] GC(1212) Metaspace: 19052K(19264K)->19052K(19264K) NonClass: 16386K(16512K)->16386K(16512K) Class: 2666K(2752K)->2666K(2752K)
[503.785s][info][gc             ] GC(1212) Pause Young (Normal) (G1 Evacuation Pause) 727M->458M(951M) 81.698ms
[503.785s][info][gc,cpu         ] GC(1212) User=0.16s Sys=0.00s Real=0.08s
[503.869s][info][gc,marking     ] GC(1210) Concurrent Rebuild Remembered Sets and Scrub Regions 397.391ms
[503.870s][info][gc,start       ] GC(1210) Pause Cleanup
[503.870s][info][gc             ] GC(1210) Pause Cleanup 520M->520M(951M) 0.137ms
[503.870s][info][gc,cpu         ] GC(1210) User=0.00s Sys=0.00s Real=0.00s
[503.870s][info][gc,marking     ] GC(1210) Concurrent Clear Claimed Marks
[503.870s][info][gc,marking     ] GC(1210) Concurrent Clear Claimed Marks 0.043ms
[503.870s][info][gc,marking     ] GC(1210) Concurrent Cleanup for Next Mark
[503.875s][info][gc,marking     ] GC(1210) Concurrent Cleanup for Next Mark 5.062ms
[503.875s][info][gc             ] GC(1210) Concurrent Mark Cycle 1142.743ms
[504.193s][info][gc,start       ] GC(1213) Pause Young (Prepare Mixed) (G1 Evacuation Pause)
[504.193s][info][gc,task        ] GC(1213) Using 2 workers of 2 for evacuation
[504.258s][info][gc,phases      ] GC(1213)   Pre Evacuate Collection Set: 0.50ms
[504.258s][info][gc,phases      ] GC(1213)   Merge Heap Roots: 0.48ms
[504.258s][info][gc,phases      ] GC(1213)   Evacuate Collection Set: 64.15ms
[504.259s][info][gc,phases      ] GC(1213)   Post Evacuate Collection Set: 0.63ms
[504.259s][info][gc,phases      ] GC(1213)   Other: 0.08ms
[504.259s][info][gc,heap        ] GC(1213) Eden regions: 351->0(334)
[504.259s][info][gc,heap        ] GC(1213) Survivor regions: 22->47(47)
[504.259s][info][gc,heap        ] GC(1213) Old regions: 431->434
[504.259s][info][gc,heap        ] GC(1213) Humongous regions: 6->6
[504.259s][info][gc,metaspace   ] GC(1213) Metaspace: 19052K(19264K)->19052K(19264K) NonClass: 16386K(16512K)->16386K(16512K) Class: 2666K(2752K)->2666K(2752K)
[504.259s][info][gc             ] GC(1213) Pause Young (Prepare Mixed) (G1 Evacuation Pause) 809M->486M(951M) 66.078ms
[504.259s][info][gc,cpu         ] GC(1213) User=0.13s Sys=0.00s Real=0.06s
[504.641s][info][gc,start       ] GC(1214) Pause Young (Mixed) (G1 Evacuation Pause)
[504.641s][info][gc,task        ] GC(1214) Using 2 workers of 2 for evacuation
[504.765s][info][gc,phases      ] GC(1214)   Pre Evacuate Collection Set: 0.33ms
[504.765s][info][gc,phases      ] GC(1214)   Merge Heap Roots: 0.48ms
[504.765s][info][gc,phases      ] GC(1214)   Evacuate Collection Set: 122.63ms
[504.765s][info][gc,phases      ] GC(1214)   Post Evacuate Collection Set: 0.86ms
[504.766s][info][gc,phases      ] GC(1214)   Other: 0.09ms
[504.766s][info][gc,heap        ] GC(1214) Eden regions: 334->0(303)
[504.766s][info][gc,heap        ] GC(1214) Survivor regions: 47->48(48)
[504.766s][info][gc,heap        ] GC(1214) Old regions: 434->455
[504.766s][info][gc,heap        ] GC(1214) Humongous regions: 6->6
[504.766s][info][gc,metaspace   ] GC(1214) Metaspace: 19052K(19264K)->19052K(19264K) NonClass: 16386K(16512K)->16386K(16512K) Class: 2666K(2752K)->2666K(2752K)
[504.766s][info][gc             ] GC(1214) Pause Young (Mixed) (G1 Evacuation Pause) 820M->508M(951M) 124.622ms
[504.766s][info][gc,cpu         ] GC(1214) User=0.25s Sys=0.00s Real=0.12s
[505.106s][info][gc,start       ] GC(1215) Pause Young (Concurrent Start) (G1 Humongous Allocation)
[505.106s][info][gc,task        ] GC(1215) Using 2 workers of 2 for evacuation
[505.187s][info][gc,phases      ] GC(1215)   Pre Evacuate Collection Set: 0.30ms
[505.187s][info][gc,phases      ] GC(1215)   Merge Heap Roots: 0.34ms
[505.187s][info][gc,phases      ] GC(1215)   Evacuate Collection Set: 79.83ms
[505.187s][info][gc,phases      ] GC(1215)   Post Evacuate Collection Set: 0.60ms
[505.187s][info][gc,phases      ] GC(1215)   Other: 0.09ms
[505.187s][info][gc,heap        ] GC(1215) Eden regions: 234->0(285)
[505.187s][info][gc,heap        ] GC(1215) Survivor regions: 48->28(44)
[505.187s][info][gc,heap        ] GC(1215) Old regions: 455->503
[505.187s][info][gc,heap        ] GC(1215) Humongous regions: 6->6
[505.187s][info][gc,metaspace   ] GC(1215) Metaspace: 19052K(19264K)->19052K(19264K) NonClass: 16386K(16512K)->16386K(16512K) Class: 2666K(2752K)->2666K(2752K)
[505.187s][info][gc             ] GC(1215) Pause Young (Concurrent Start) (G1 Humongous Allocation) 741M->536M(951M) 81.402ms
[505.187s][info][gc,cpu         ] GC(1215) User=0.16s Sys=0.00s Real=0.08s
[505.187s][info][gc             ] GC(1216) Concurrent Mark Cycle
[505.187s][info][gc,marking     ] GC(1216) Concurrent Scan Root Regions
[505.274s][info][gc,marking     ] GC(1216) Concurrent Scan Root Regions 86.420ms
[505.274s][info][gc,marking     ] GC(1216) Concurrent Mark
[505.274s][info][gc,marking     ] GC(1216) Concurrent Mark From Roots
[505.274s][info][gc,task        ] GC(1216) Using 1 workers of 1 for marking
[505.713s][info][gc,start       ] GC(1217) Pause Young (Normal) (G1 Evacuation Pause)
[505.713s][info][gc,task        ] GC(1217) Using 2 workers of 2 for evacuation
[505.805s][info][gc,phases      ] GC(1217)   Pre Evacuate Collection Set: 0.31ms
[505.805s][info][gc,phases      ] GC(1217)   Merge Heap Roots: 0.34ms
[505.805s][info][gc,phases      ] GC(1217)   Evacuate Collection Set: 90.65ms
[505.805s][info][gc,phases      ] GC(1217)   Post Evacuate Collection Set: 0.69ms
[505.805s][info][gc,phases      ] GC(1217)   Other: 0.08ms
[505.805s][info][gc,heap        ] GC(1217) Eden regions: 285->0(250)
[505.805s][info][gc,heap        ] GC(1217) Survivor regions: 28->40(40)
[505.805s][info][gc,heap        ] GC(1217) Old regions: 503->541
[505.805s][info][gc,heap        ] GC(1217) Humongous regions: 9->9
[505.805s][info][gc,metaspace   ] GC(1217) Metaspace: 19052K(19264K)->19052K(19264K) NonClass: 16386K(16512K)->16386K(16512K) Class: 2666K(2752K)->2666K(2752K)
[505.805s][info][gc             ] GC(1217) Pause Young (Normal) (G1 Evacuation Pause) 824M->589M(959M) 92.300ms
[505.805s][info][gc,cpu         ] GC(1217) User=0.18s Sys=0.00s Real=0.09s
[506.220s][info][gc,start       ] GC(1218) Pause Young (Normal) (G1 Evacuation Pause)
[506.220s][info][gc,task        ] GC(1218) Using 2 workers of 2 for evacuation
[506.269s][info][gc,phases      ] GC(1218)   Pre Evacuate Collection Set: 0.53ms
[506.269s][info][gc,phases      ] GC(1218)   Merge Heap Roots: 0.19ms
[506.269s][info][gc,phases      ] GC(1218)   Evacuate Collection Set: 47.52ms
[506.269s][info][gc,phases      ] GC(1218)   Post Evacuate Collection Set: 0.48ms
[506.269s][info][gc,phases      ] GC(1218)   Other: 0.08ms
[506.269s][info][gc,heap        ] GC(1218) Eden regions: 250->0(262)
[506.269s][info][gc,heap        ] GC(1218) Survivor regions: 40->5(37)
[506.269s][info][gc,heap        ] GC(1218) Old regions: 541->581
[506.269s][info][gc,heap        ] GC(1218) Humongous regions: 9->9
[506.269s][info][gc,metaspace   ] GC(1218) Metaspace: 19052K(19264K)->19052K(19264K) NonClass: 16386K(16512K)->16386K(16512K) Class: 2666K(2752K)->2666K(2752K)
[506.269s][info][gc             ] GC(1218) Pause Young (Normal) (G1 Evacuation Pause) 839M->594M(959M) 49.023ms
[506.269s][info][gc,cpu         ] GC(1218) User=0.09s Sys=0.00s Real=0.05s
[506.579s][info][gc,marking     ] GC(1216) Concurrent Mark From Roots 1304.958ms
[506.579s][info][gc,marking     ] GC(1216) Concurrent Preclean
[506.579s][info][gc,marking     ] GC(1216) Concurrent Preclean 0.038ms
[506.580s][info][gc,start       ] GC(1216) Pause Remark
[506.588s][info][gc             ] GC(1216) Pause Remark 736M->734M(978M) 7.922ms
[506.588s][info][gc,cpu         ] GC(1216) User=0.01s Sys=0.00s Real=0.01s
[506.590s][info][gc,marking     ] GC(1216) Concurrent Mark 1315.986ms
[506.590s][info][gc,marking     ] GC(1216) Concurrent Rebuild Remembered Sets and Scrub Regions
[506.905s][info][gc,start       ] GC(1219) Pause Young (Normal) (G1 Evacuation Pause)
[506.905s][info][gc,task        ] GC(1219) Using 2 workers of 2 for evacuation
[506.956s][info][gc,phases      ] GC(1219)   Pre Evacuate Collection Set: 0.49ms
[506.956s][info][gc,phases      ] GC(1219)   Merge Heap Roots: 0.56ms
[506.956s][info][gc,phases      ] GC(1219)   Evacuate Collection Set: 48.78ms
[506.956s][info][gc,phases      ] GC(1219)   Post Evacuate Collection Set: 0.53ms
[506.956s][info][gc,phases      ] GC(1219)   Other: 0.10ms
[506.956s][info][gc,heap        ] GC(1219) Eden regions: 262->0(259)
[506.956s][info][gc,heap        ] GC(1219) Survivor regions: 5->32(34)
[506.956s][info][gc,heap        ] GC(1219) Old regions: 580->580
[506.956s][info][gc,heap        ] GC(1219) Humongous regions: 8->8
[506.956s][info][gc,metaspace   ] GC(1219) Metaspace: 19052K(19264K)->19052K(19264K) NonClass: 16386K(16512K)->16386K(16512K) Class: 2666K(2752K)->2666K(2752K)
[506.956s][info][gc             ] GC(1219) Pause Young (Normal) (G1 Evacuation Pause) 854M->619M(978M) 50.704ms
[506.956s][info][gc,cpu         ] GC(1219) User=0.10s Sys=0.00s Real=0.05s
[507.250s][info][gc,marking     ] GC(1216) Concurrent Rebuild Remembered Sets and Scrub Regions 660.309ms
[507.251s][info][gc,start       ] GC(1216) Pause Cleanup
[507.251s][info][gc             ] GC(1216) Pause Cleanup 698M->698M(978M) 0.126ms
[507.251s][info][gc,cpu         ] GC(1216) User=0.00s Sys=0.00s Real=0.00s
[507.251s][info][gc,marking     ] GC(1216) Concurrent Clear Claimed Marks
[507.251s][info][gc,marking     ] GC(1216) Concurrent Clear Claimed Marks 0.048ms
[507.251s][info][gc,marking     ] GC(1216) Concurrent Cleanup for Next Mark
[507.257s][info][gc,marking     ] GC(1216) Concurrent Cleanup for Next Mark 5.224ms
[507.257s][info][gc             ] GC(1216) Concurrent Mark Cycle 2069.234ms
[507.404s][info][gc,start       ] GC(1220) Pause Young (Prepare Mixed) (G1 Evacuation Pause)
[507.404s][info][gc,task        ] GC(1220) Using 2 workers of 2 for evacuation
[507.497s][info][gc,phases      ] GC(1220)   Pre Evacuate Collection Set: 0.30ms
[507.497s][info][gc,phases      ] GC(1220)   Merge Heap Roots: 0.27ms
[507.497s][info][gc,phases      ] GC(1220)   Evacuate Collection Set: 91.27ms
[507.497s][info][gc,phases      ] GC(1220)   Post Evacuate Collection Set: 0.67ms
[507.497s][info][gc,phases      ] GC(1220)   Other: 0.08ms
[507.497s][info][gc,heap        ] GC(1220) Eden regions: 259->0(189)
[507.497s][info][gc,heap        ] GC(1220) Survivor regions: 32->37(37)
[507.497s][info][gc,heap        ] GC(1220) Old regions: 580->640
[507.497s][info][gc,heap        ] GC(1220) Humongous regions: 8->8
[507.497s][info][gc,metaspace   ] GC(1220) Metaspace: 19052K(19264K)->19052K(19264K) NonClass: 16386K(16512K)->16386K(16512K) Class: 2666K(2752K)->2666K(2752K)
[507.497s][info][gc             ] GC(1220) Pause Young (Prepare Mixed) (G1 Evacuation Pause) 878M->684M(978M) 92.832ms
[507.497s][info][gc,cpu         ] GC(1220) User=0.19s Sys=0.00s Real=0.09s
[507.781s][info][gc,start       ] GC(1221) Pause Young (Mixed) (G1 Evacuation Pause)
[507.781s][info][gc,task        ] GC(1221) Using 2 workers of 2 for evacuation
[507.845s][info][gc,phases      ] GC(1221)   Pre Evacuate Collection Set: 0.30ms
[507.845s][info][gc,phases      ] GC(1221)   Merge Heap Roots: 0.54ms
[507.845s][info][gc,phases      ] GC(1221)   Evacuate Collection Set: 62.03ms
[507.845s][info][gc,phases      ] GC(1221)   Post Evacuate Collection Set: 0.61ms
[507.845s][info][gc,phases      ] GC(1221)   Other: 0.12ms
[507.845s][info][gc,heap        ] GC(1221) Eden regions: 189->0(197)
[507.845s][info][gc,heap        ] GC(1221) Survivor regions: 37->14(29)
[507.845s][info][gc,heap        ] GC(1221) Old regions: 640->665
[507.845s][info][gc,heap        ] GC(1221) Humongous regions: 8->8
[507.845s][info][gc,metaspace   ] GC(1221) Metaspace: 19052K(19264K)->19052K(19264K) NonClass: 16386K(16512K)->16386K(16512K) Class: 2666K(2752K)->2666K(2752K)
[507.845s][info][gc             ] GC(1221) Pause Young (Mixed) (G1 Evacuation Pause) 873M->686M(978M) 63.835ms
[507.845s][info][gc,cpu         ] GC(1221) User=0.13s Sys=0.00s Real=0.07s
[507.880s][info][gc,start       ] GC(1222) Pause Young (Concurrent Start) (G1 Humongous Allocation)
[507.880s][info][gc,task        ] GC(1222) Using 2 workers of 2 for evacuation
[507.907s][info][gc,phases      ] GC(1222)   Pre Evacuate Collection Set: 0.27ms
[507.907s][info][gc,phases      ] GC(1222)   Merge Heap Roots: 0.25ms
[507.907s][info][gc,phases      ] GC(1222)   Evacuate Collection Set: 25.55ms
[507.907s][info][gc,phases      ] GC(1222)   Post Evacuate Collection Set: 0.41ms
[507.907s][info][gc,phases      ] GC(1222)   Other: 0.11ms
[507.907s][info][gc,heap        ] GC(1222) Eden regions: 17->0(205)
[507.907s][info][gc,heap        ] GC(1222) Survivor regions: 14->19(27)
[507.907s][info][gc,heap        ] GC(1222) Old regions: 665->665
[507.907s][info][gc,heap        ] GC(1222) Humongous regions: 8->8
[507.907s][info][gc,metaspace   ] GC(1222) Metaspace: 19052K(19264K)->19052K(19264K) NonClass: 16386K(16512K)->16386K(16512K) Class: 2666K(2752K)->2666K(2752K)
[507.907s][info][gc             ] GC(1222) Pause Young (Concurrent Start) (G1 Humongous Allocation) 703M->691M(978M) 26.786ms
[507.907s][info][gc,cpu         ] GC(1222) User=0.06s Sys=0.00s Real=0.03s
[507.907s][info][gc             ] GC(1223) Concurrent Mark Cycle
[507.907s][info][gc,marking     ] GC(1223) Concurrent Scan Root Regions
[507.925s][info][gc,marking     ] GC(1223) Concurrent Scan Root Regions 18.167ms
[507.925s][info][gc,marking     ] GC(1223) Concurrent Mark
[507.925s][info][gc,marking     ] GC(1223) Concurrent Mark From Roots
[507.925s][info][gc,task        ] GC(1223) Using 1 workers of 1 for marking
[508.319s][info][gc,start       ] GC(1224) Pause Young (Normal) (G1 Evacuation Pause)
[508.319s][info][gc,task        ] GC(1224) Using 2 workers of 2 for evacuation
[508.400s][info][gc,phases      ] GC(1224)   Pre Evacuate Collection Set: 0.29ms
[508.400s][info][gc,phases      ] GC(1224)   Merge Heap Roots: 0.31ms
[508.400s][info][gc,phases      ] GC(1224)   Evacuate Collection Set: 79.68ms
[508.400s][info][gc,phases      ] GC(1224)   Post Evacuate Collection Set: 0.46ms
[508.400s][info][gc,phases      ] GC(1224)   Other: 0.08ms
[508.400s][info][gc,heap        ] GC(1224) Eden regions: 205->0(160)
[508.400s][info][gc,heap        ] GC(1224) Survivor regions: 19->28(28)
[508.400s][info][gc,heap        ] GC(1224) Old regions: 665->701
[508.400s][info][gc,heap        ] GC(1224) Humongous regions: 11->11
[508.400s][info][gc,metaspace   ] GC(1224) Metaspace: 19052K(19264K)->19052K(19264K) NonClass: 16386K(16512K)->16386K(16512K) Class: 2666K(2752K)->2666K(2752K)
[508.400s][info][gc             ] GC(1224) Pause Young (Normal) (G1 Evacuation Pause) 899M->739M(978M) 81.063ms
[508.400s][info][gc,cpu         ] GC(1224) User=0.16s Sys=0.00s Real=0.08s
[508.617s][info][gc,start       ] GC(1225) Pause Young (Normal) (G1 Evacuation Pause)
[508.617s][info][gc,task        ] GC(1225) Using 2 workers of 2 for evacuation
[508.659s][info][gc,phases      ] GC(1225)   Pre Evacuate Collection Set: 0.28ms
[508.659s][info][gc,phases      ] GC(1225)   Merge Heap Roots: 0.20ms
[508.659s][info][gc,phases      ] GC(1225)   Evacuate Collection Set: 40.89ms
[508.659s][info][gc,phases      ] GC(1225)   Post Evacuate Collection Set: 0.43ms
[508.659s][info][gc,phases      ] GC(1225)   Other: 0.08ms
[508.659s][info][gc,heap        ] GC(1225) Eden regions: 160->0(167)
[508.659s][info][gc,heap        ] GC(1225) Survivor regions: 28->5(24)
[508.659s][info][gc,heap        ] GC(1225) Old regions: 701->730
[508.659s][info][gc,heap        ] GC(1225) Humongous regions: 11->11
[508.659s][info][gc,metaspace   ] GC(1225) Metaspace: 19052K(19264K)->19052K(19264K) NonClass: 16386K(16512K)->16386K(16512K) Class: 2666K(2752K)->2666K(2752K)
[508.659s][info][gc             ] GC(1225) Pause Young (Normal) (G1 Evacuation Pause) 899M->745M(978M) 42.116ms
[508.659s][info][gc,cpu         ] GC(1225) User=0.09s Sys=0.00s Real=0.04s
[508.931s][info][gc,start       ] GC(1226) Pause Young (Normal) (G1 Evacuation Pause)
[508.931s][info][gc,task        ] GC(1226) Using 2 workers of 2 for evacuation
[508.947s][info][gc,phases      ] GC(1226)   Pre Evacuate Collection Set: 0.29ms
[508.947s][info][gc,phases      ] GC(1226)   Merge Heap Roots: 0.20ms
[508.947s][info][gc,phases      ] GC(1226)   Evacuate Collection Set: 15.50ms
[508.947s][info][gc,phases      ] GC(1226)   Post Evacuate Collection Set: 0.38ms
[508.947s][info][gc,phases      ] GC(1226)   Other: 0.10ms
[508.947s][info][gc,heap        ] GC(1226) Eden regions: 167->0(169)
[508.947s][info][gc,heap        ] GC(1226) Survivor regions: 5->9(22)
[508.947s][info][gc,heap        ] GC(1226) Old regions: 730->730
[508.947s][info][gc,heap        ] GC(1226) Humongous regions: 11->11
[508.947s][info][gc,metaspace   ] GC(1226) Metaspace: 19052K(19264K)->19052K(19264K) NonClass: 16386K(16512K)->16386K(16512K) Class: 2666K(2752K)->2666K(2752K)
[508.947s][info][gc             ] GC(1226) Pause Young (Normal) (G1 Evacuation Pause) 912M->749M(978M) 16.680ms
[508.947s][info][gc,cpu         ] GC(1226) User=0.03s Sys=0.01s Real=0.02s
[509.317s][info][gc,start       ] GC(1227) Pause Young (Normal) (G1 Evacuation Pause)
[509.317s][info][gc,task        ] GC(1227) Using 2 workers of 2 for evacuation
[509.346s][info][gc,phases      ] GC(1227)   Pre Evacuate Collection Set: 0.28ms
[509.346s][info][gc,phases      ] GC(1227)   Merge Heap Roots: 0.16ms
[509.346s][info][gc,phases      ] GC(1227)   Evacuate Collection Set: 27.69ms
[509.346s][info][gc,phases      ] GC(1227)   Post Evacuate Collection Set: 0.40ms
[509.346s][info][gc,phases      ] GC(1227)   Other: 0.09ms
[509.346s][info][gc,heap        ] GC(1227) Eden regions: 169->0(140)
[509.346s][info][gc,heap        ] GC(1227) Survivor regions: 9->23(23)
[509.346s][info][gc,heap        ] GC(1227) Old regions: 730->731
[509.346s][info][gc,heap        ] GC(1227) Humongous regions: 11->11
[509.346s][info][gc,metaspace   ] GC(1227) Metaspace: 19052K(19264K)->19052K(19264K) NonClass: 16386K(16512K)->16386K(16512K) Class: 2666K(2752K)->2666K(2752K)
[509.346s][info][gc             ] GC(1227) Pause Young (Normal) (G1 Evacuation Pause) 918M->764M(978M) 28.875ms
[509.346s][info][gc,cpu         ] GC(1227) User=0.06s Sys=0.00s Real=0.03s
[509.414s][info][gc,marking     ] GC(1223) Concurrent Mark From Roots 1489.348ms
[509.414s][info][gc,marking     ] GC(1223) Concurrent Preclean
[509.414s][info][gc,marking     ] GC(1223) Concurrent Preclean 0.029ms
[509.414s][info][gc,start       ] GC(1223) Pause Remark
[509.422s][info][gc             ] GC(1223) Pause Remark 810M->642M(978M) 7.881ms
[509.422s][info][gc,cpu         ] GC(1223) User=0.02s Sys=0.00s Real=0.01s
[509.422s][info][gc,marking     ] GC(1223) Concurrent Mark 1497.559ms
[509.422s][info][gc,marking     ] GC(1223) Concurrent Rebuild Remembered Sets and Scrub Regions
[509.777s][info][gc,start       ] GC(1228) Pause Young (Normal) (G1 Evacuation Pause)
[509.777s][info][gc,task        ] GC(1228) Using 2 workers of 2 for evacuation
[509.818s][info][gc,phases      ] GC(1228)   Pre Evacuate Collection Set: 0.49ms
[509.818s][info][gc,phases      ] GC(1228)   Merge Heap Roots: 0.25ms
[509.819s][info][gc,phases      ] GC(1228)   Evacuate Collection Set: 39.75ms
[509.819s][info][gc,phases      ] GC(1228)   Post Evacuate Collection Set: 0.55ms
[509.819s][info][gc,phases      ] GC(1228)   Other: 0.09ms
[509.819s][info][gc,heap        ] GC(1228) Eden regions: 140->0(273)
[509.819s][info][gc,heap        ] GC(1228) Survivor regions: 23->11(21)
[509.819s][info][gc,heap        ] GC(1228) Old regions: 567->590
[509.819s][info][gc,heap        ] GC(1228) Humongous regions: 7->7
[509.819s][info][gc,metaspace   ] GC(1228) Metaspace: 19052K(19264K)->19052K(19264K) NonClass: 16386K(16512K)->16386K(16512K) Class: 2666K(2752K)->2666K(2752K)
[509.819s][info][gc             ] GC(1228) Pause Young (Normal) (G1 Evacuation Pause) 736M->607M(978M) 41.369ms
[509.819s][info][gc,cpu         ] GC(1228) User=0.08s Sys=0.00s Real=0.04s
[510.059s][info][gc,marking     ] GC(1223) Concurrent Rebuild Remembered Sets and Scrub Regions 636.470ms
[510.059s][info][gc,start       ] GC(1223) Pause Cleanup
[510.059s][info][gc             ] GC(1223) Pause Cleanup 662M->662M(978M) 0.123ms
[510.059s][info][gc,cpu         ] GC(1223) User=0.00s Sys=0.00s Real=0.00s
[510.059s][info][gc,marking     ] GC(1223) Concurrent Clear Claimed Marks
[510.059s][info][gc,marking     ] GC(1223) Concurrent Clear Claimed Marks 0.029ms
[510.059s][info][gc,marking     ] GC(1223) Concurrent Cleanup for Next Mark
[510.062s][info][gc,marking     ] GC(1223) Concurrent Cleanup for Next Mark 2.823ms
[510.062s][info][gc             ] GC(1223) Concurrent Mark Cycle 2155.551ms
[510.601s][info][gc,start       ] GC(1229) Pause Young (Prepare Mixed) (G1 Evacuation Pause)
[510.601s][info][gc,task        ] GC(1229) Using 2 workers of 2 for evacuation
[510.626s][info][gc,phases      ] GC(1229)   Pre Evacuate Collection Set: 0.30ms
[510.626s][info][gc,phases      ] GC(1229)   Merge Heap Roots: 0.42ms
[510.626s][info][gc,phases      ] GC(1229)   Evacuate Collection Set: 23.60ms
[510.626s][info][gc,phases      ] GC(1229)   Post Evacuate Collection Set: 0.51ms
[510.626s][info][gc,phases      ] GC(1229)   Other: 0.09ms
[510.626s][info][gc,heap        ] GC(1229) Eden regions: 273->0(287)
[510.626s][info][gc,heap        ] GC(1229) Survivor regions: 11->11(36)
[510.626s][info][gc,heap        ] GC(1229) Old regions: 590->590
[510.626s][info][gc,heap        ] GC(1229) Humongous regions: 7->7
[510.626s][info][gc,metaspace   ] GC(1229) Metaspace: 19052K(19264K)->19052K(19264K) NonClass: 16386K(16512K)->16386K(16512K) Class: 2666K(2752K)->2666K(2752K)
[510.626s][info][gc             ] GC(1229) Pause Young (Prepare Mixed) (G1 Evacuation Pause) 880M->607M(978M) 25.138ms
[510.626s][info][gc,cpu         ] GC(1229) User=0.05s Sys=0.00s Real=0.02s
[511.010s][info][gc,start       ] GC(1230) Pause Young (Mixed) (G1 Evacuation Pause)
[511.010s][info][gc,task        ] GC(1230) Using 2 workers of 2 for evacuation
[511.103s][info][gc,phases      ] GC(1230)   Pre Evacuate Collection Set: 0.35ms
[511.103s][info][gc,phases      ] GC(1230)   Merge Heap Roots: 0.74ms
[511.103s][info][gc,phases      ] GC(1230)   Evacuate Collection Set: 91.06ms
[511.103s][info][gc,phases      ] GC(1230)   Post Evacuate Collection Set: 1.41ms
[511.103s][info][gc,phases      ] GC(1230)   Other: 0.09ms
[511.104s][info][gc,heap        ] GC(1230) Eden regions: 287->0(51)
[511.104s][info][gc,heap        ] GC(1230) Survivor regions: 11->38(38)
[511.104s][info][gc,heap        ] GC(1230) Old regions: 590->574
[511.104s][info][gc,heap        ] GC(1230) Humongous regions: 7->7
[511.104s][info][gc,metaspace   ] GC(1230) Metaspace: 19052K(19264K)->19052K(19264K) NonClass: 16386K(16512K)->16386K(16512K) Class: 2666K(2752K)->2666K(2752K)
[511.104s][info][gc             ] GC(1230) Pause Young (Mixed) (G1 Evacuation Pause) 894M->618M(978M) 93.869ms
[511.104s][info][gc,cpu         ] GC(1230) User=0.19s Sys=0.00s Real=0.10s
[511.110s][info][gc,start       ] GC(1231) Pause Young (Mixed) (G1 Evacuation Pause)
[511.110s][info][gc,task        ] GC(1231) Using 2 workers of 2 for evacuation
[511.282s][info][gc,phases      ] GC(1231)   Pre Evacuate Collection Set: 0.41ms
[511.282s][info][gc,phases      ] GC(1231)   Merge Heap Roots: 1.05ms
[511.282s][info][gc,phases      ] GC(1231)   Evacuate Collection Set: 168.63ms
[511.282s][info][gc,phases      ] GC(1231)   Post Evacuate Collection Set: 1.55ms
[511.282s][info][gc,phases      ] GC(1231)   Other: 0.06ms
[511.282s][info][gc,heap        ] GC(1231) Eden regions: 10->0(246)
[511.282s][info][gc,heap        ] GC(1231) Survivor regions: 38->5(6)
[511.282s][info][gc,heap        ] GC(1231) Old regions: 574->612
[511.282s][info][gc,heap        ] GC(1231) Humongous regions: 7->7
[511.282s][info][gc,metaspace   ] GC(1231) Metaspace: 19052K(19264K)->19052K(19264K) NonClass: 16386K(16512K)->16386K(16512K) Class: 2666K(2752K)->2666K(2752K)
[511.282s][info][gc             ] GC(1231) Pause Young (Mixed) (G1 Evacuation Pause) 628M->622M(978M) 171.897ms
[511.282s][info][gc,cpu         ] GC(1231) User=0.34s Sys=0.00s Real=0.18s
[511.610s][info][gc,start       ] GC(1232) Pause Young (Concurrent Start) (G1 Humongous Allocation)
[511.610s][info][gc,task        ] GC(1232) Using 2 workers of 2 for evacuation
[511.644s][info][gc,phases      ] GC(1232)   Pre Evacuate Collection Set: 0.35ms
[511.644s][info][gc,phases      ] GC(1232)   Merge Heap Roots: 0.27ms
[511.644s][info][gc,phases      ] GC(1232)   Evacuate Collection Set: 32.69ms
[511.644s][info][gc,phases      ] GC(1232)   Post Evacuate Collection Set: 0.53ms
[511.644s][info][gc,phases      ] GC(1232)   Other: 0.12ms
[511.644s][info][gc,heap        ] GC(1232) Eden regions: 216->0(235)
[511.644s][info][gc,heap        ] GC(1232) Survivor regions: 5->24(32)
[511.644s][info][gc,heap        ] GC(1232) Old regions: 612->612
[511.644s][info][gc,heap        ] GC(1232) Humongous regions: 7->7
[511.644s][info][gc,metaspace   ] GC(1232) Metaspace: 19052K(19264K)->19052K(19264K) NonClass: 16386K(16512K)->16386K(16512K) Class: 2666K(2752K)->2666K(2752K)
[511.644s][info][gc             ] GC(1232) Pause Young (Concurrent Start) (G1 Humongous Allocation) 838M->642M(978M) 34.210ms
[511.644s][info][gc,cpu         ] GC(1232) User=0.07s Sys=0.01s Real=0.04s
[511.644s][info][gc             ] GC(1233) Concurrent Mark Cycle
[511.644s][info][gc,marking     ] GC(1233) Concurrent Scan Root Regions
[511.684s][info][gc,marking     ] GC(1233) Concurrent Scan Root Regions 39.955ms
[511.684s][info][gc,marking     ] GC(1233) Concurrent Mark
[511.684s][info][gc,marking     ] GC(1233) Concurrent Mark From Roots
[511.684s][info][gc,task        ] GC(1233) Using 1 workers of 1 for marking
[512.073s][info][gc,start       ] GC(1234) Pause Young (Normal) (G1 Evacuation Pause)
[512.073s][info][gc,task        ] GC(1234) Using 2 workers of 2 for evacuation
[512.158s][info][gc,phases      ] GC(1234)   Pre Evacuate Collection Set: 0.51ms
[512.158s][info][gc,phases      ] GC(1234)   Merge Heap Roots: 0.29ms
[512.158s][info][gc,phases      ] GC(1234)   Evacuate Collection Set: 83.72ms
[512.158s][info][gc,phases      ] GC(1234)   Post Evacuate Collection Set: 0.51ms
[512.158s][info][gc,phases      ] GC(1234)   Other: 0.10ms
[512.158s][info][gc,heap        ] GC(1234) Eden regions: 235->0(194)
[512.158s][info][gc,heap        ] GC(1234) Survivor regions: 24->33(33)
[512.158s][info][gc,heap        ] GC(1234) Old regions: 612->649
[512.158s][info][gc,heap        ] GC(1234) Humongous regions: 10->10
[512.158s][info][gc,metaspace   ] GC(1234) Metaspace: 19052K(19264K)->19052K(19264K) NonClass: 16386K(16512K)->16386K(16512K) Class: 2666K(2752K)->2666K(2752K)
[512.158s][info][gc             ] GC(1234) Pause Young (Normal) (G1 Evacuation Pause) 880M->691M(978M) 85.381ms
[512.158s][info][gc,cpu         ] GC(1234) User=0.16s Sys=0.00s Real=0.08s
[512.427s][info][gc,start       ] GC(1235) Pause Young (Normal) (G1 Evacuation Pause)
[512.428s][info][gc,task        ] GC(1235) Using 2 workers of 2 for evacuation
[512.470s][info][gc,phases      ] GC(1235)   Pre Evacuate Collection Set: 0.27ms
[512.470s][info][gc,phases      ] GC(1235)   Merge Heap Roots: 0.18ms
[512.470s][info][gc,phases      ] GC(1235)   Evacuate Collection Set: 41.14ms
[512.470s][info][gc,phases      ] GC(1235)   Post Evacuate Collection Set: 0.40ms
[512.470s][info][gc,phases      ] GC(1235)   Other: 0.07ms
[512.470s][info][gc,heap        ] GC(1235) Eden regions: 194->0(202)
[512.470s][info][gc,heap        ] GC(1235) Survivor regions: 33->5(29)
[512.470s][info][gc,heap        ] GC(1235) Old regions: 649->682
[512.470s][info][gc,heap        ] GC(1235) Humongous regions: 10->10
[512.470s][info][gc,metaspace   ] GC(1235) Metaspace: 19052K(19264K)->19052K(19264K) NonClass: 16386K(16512K)->16386K(16512K) Class: 2666K(2752K)->2666K(2752K)
[512.470s][info][gc             ] GC(1235) Pause Young (Normal) (G1 Evacuation Pause) 885M->696M(978M) 42.313ms
[512.470s][info][gc,cpu         ] GC(1235) User=0.09s Sys=0.00s Real=0.04s
[512.839s][info][gc,start       ] GC(1236) Pause Young (Normal) (G1 Evacuation Pause)
[512.839s][info][gc,task        ] GC(1236) Using 2 workers of 2 for evacuation
[512.856s][info][gc,phases      ] GC(1236)   Pre Evacuate Collection Set: 0.53ms
[512.856s][info][gc,phases      ] GC(1236)   Merge Heap Roots: 0.23ms
[512.856s][info][gc,phases      ] GC(1236)   Evacuate Collection Set: 16.18ms
[512.856s][info][gc,phases      ] GC(1236)   Post Evacuate Collection Set: 0.42ms
[512.856s][info][gc,phases      ] GC(1236)   Other: 0.10ms
[512.856s][info][gc,heap        ] GC(1236) Eden regions: 202->0(207)
[512.856s][info][gc,heap        ] GC(1236) Survivor regions: 5->9(26)
[512.856s][info][gc,heap        ] GC(1236) Old regions: 682->682
[512.856s][info][gc,heap        ] GC(1236) Humongous regions: 10->10
[512.856s][info][gc,metaspace   ] GC(1236) Metaspace: 19052K(19264K)->19052K(19264K) NonClass: 16386K(16512K)->16386K(16512K) Class: 2666K(2752K)->2666K(2752K)
[512.856s][info][gc             ] GC(1236) Pause Young (Normal) (G1 Evacuation Pause) 898M->700M(978M) 17.711ms
[512.856s][info][gc,cpu         ] GC(1236) User=0.04s Sys=0.00s Real=0.02s
[513.335s][info][gc,start       ] GC(1237) Pause Young (Normal) (G1 Evacuation Pause)
[513.335s][info][gc,task        ] GC(1237) Using 2 workers of 2 for evacuation
[513.387s][info][gc,phases      ] GC(1237)   Pre Evacuate Collection Set: 0.52ms
[513.387s][info][gc,phases      ] GC(1237)   Merge Heap Roots: 0.84ms
[513.387s][info][gc,phases      ] GC(1237)   Evacuate Collection Set: 50.23ms
[513.387s][info][gc,phases      ] GC(1237)   Post Evacuate Collection Set: 0.45ms
[513.387s][info][gc,phases      ] GC(1237)   Other: 0.07ms
[513.387s][info][gc,heap        ] GC(1237) Eden regions: 207->0(174)
[513.387s][info][gc,heap        ] GC(1237) Survivor regions: 9->27(27)
[513.387s][info][gc,heap        ] GC(1237) Old regions: 682->690
[513.387s][info][gc,heap        ] GC(1237) Humongous regions: 10->10
[513.387s][info][gc,metaspace   ] GC(1237) Metaspace: 19052K(19264K)->19052K(19264K) NonClass: 16386K(16512K)->16386K(16512K) Class: 2666K(2752K)->2666K(2752K)
[513.387s][info][gc             ] GC(1237) Pause Young (Normal) (G1 Evacuation Pause) 907M->726M(978M) 52.366ms
[513.387s][info][gc,cpu         ] GC(1237) User=0.11s Sys=0.00s Real=0.05s
[513.769s][info][gc,marking     ] GC(1233) Concurrent Mark From Roots 2085.285ms
[513.770s][info][gc,marking     ] GC(1233) Concurrent Preclean
[513.770s][info][gc,marking     ] GC(1233) Concurrent Preclean 0.034ms
[513.770s][info][gc,start       ] GC(1233) Pause Remark
[513.778s][info][gc             ] GC(1233) Pause Remark 855M->843M(978M) 7.834ms
[513.778s][info][gc,cpu         ] GC(1233) User=0.01s Sys=0.00s Real=0.01s
[513.778s][info][gc,marking     ] GC(1233) Concurrent Mark 2093.443ms
[513.778s][info][gc,marking     ] GC(1233) Concurrent Rebuild Remembered Sets and Scrub Regions
[513.891s][info][gc,start       ] GC(1238) Pause Young (Normal) (G1 Evacuation Pause)
[513.891s][info][gc,task        ] GC(1238) Using 2 workers of 2 for evacuation
[513.926s][info][gc,phases      ] GC(1238)   Pre Evacuate Collection Set: 0.49ms
[513.926s][info][gc,phases      ] GC(1238)   Merge Heap Roots: 0.19ms
[513.926s][info][gc,phases      ] GC(1238)   Evacuate Collection Set: 33.18ms
[513.926s][info][gc,phases      ] GC(1238)   Post Evacuate Collection Set: 0.40ms
[513.926s][info][gc,phases      ] GC(1238)   Other: 0.11ms
[513.926s][info][gc,heap        ] GC(1238) Eden regions: 174->0(196)
[513.926s][info][gc,heap        ] GC(1238) Survivor regions: 27->6(26)
[513.926s][info][gc,heap        ] GC(1238) Old regions: 679->707
[513.926s][info][gc,heap        ] GC(1238) Humongous regions: 9->9
[513.926s][info][gc,metaspace   ] GC(1238) Metaspace: 19052K(19264K)->19052K(19264K) NonClass: 16386K(16512K)->16386K(16512K) Class: 2666K(2752K)->2666K(2752K)
[513.926s][info][gc             ] GC(1238) Pause Young (Normal) (G1 Evacuation Pause) 888M->720M(978M) 34.578ms
[513.926s][info][gc,cpu         ] GC(1238) User=0.07s Sys=0.00s Real=0.03s
[514.182s][info][gc,start       ] GC(1239) Pause Young (Normal) (G1 Evacuation Pause)
[514.182s][info][gc,task        ] GC(1239) Using 2 workers of 2 for evacuation
[514.217s][info][gc,phases      ] GC(1239)   Pre Evacuate Collection Set: 0.50ms
[514.217s][info][gc,phases      ] GC(1239)   Merge Heap Roots: 0.10ms
[514.217s][info][gc,phases      ] GC(1239)   Evacuate Collection Set: 33.60ms
[514.217s][info][gc,phases      ] GC(1239)   Post Evacuate Collection Set: 0.46ms
[514.217s][info][gc,phases      ] GC(1239)   Other: 0.10ms
[514.217s][info][gc,heap        ] GC(1239) Eden regions: 196->0(154)
[514.217s][info][gc,heap        ] GC(1239) Survivor regions: 6->26(26)
[514.217s][info][gc,heap        ] GC(1239) Old regions: 707->713
[514.217s][info][gc,heap        ] GC(1239) Humongous regions: 9->9
[514.217s][info][gc,metaspace   ] GC(1239) Metaspace: 19052K(19264K)->19052K(19264K) NonClass: 16386K(16512K)->16386K(16512K) Class: 2666K(2752K)->2666K(2752K)
[514.217s][info][gc             ] GC(1239) Pause Young (Normal) (G1 Evacuation Pause) 916M->747M(978M) 34.997ms
[514.217s][info][gc,cpu         ] GC(1239) User=0.07s Sys=0.00s Real=0.03s
[514.437s][info][gc,start       ] GC(1240) Pause Young (Normal) (G1 Evacuation Pause)
[514.437s][info][gc,task        ] GC(1240) Using 2 workers of 2 for evacuation
[514.474s][info][gc,phases      ] GC(1240)   Pre Evacuate Collection Set: 0.29ms
[514.474s][info][gc,phases      ] GC(1240)   Merge Heap Roots: 0.14ms
[514.474s][info][gc,phases      ] GC(1240)   Evacuate Collection Set: 35.68ms
[514.474s][info][gc,phases      ] GC(1240)   Post Evacuate Collection Set: 0.38ms
[514.474s][info][gc,phases      ] GC(1240)   Other: 0.11ms
[514.474s][info][gc,heap        ] GC(1240) Eden regions: 154->0(161)
[514.474s][info][gc,heap        ] GC(1240) Survivor regions: 26->9(23)
[514.474s][info][gc,heap        ] GC(1240) Old regions: 713->740
[514.474s][info][gc,heap        ] GC(1240) Humongous regions: 9->9
[514.474s][info][gc,metaspace   ] GC(1240) Metaspace: 19052K(19264K)->19052K(19264K) NonClass: 16386K(16512K)->16386K(16512K) Class: 2666K(2752K)->2666K(2752K)
[514.474s][info][gc             ] GC(1240) Pause Young (Normal) (G1 Evacuation Pause) 901M->756M(978M) 36.816ms
[514.474s][info][gc,cpu         ] GC(1240) User=0.07s Sys=0.00s Real=0.04s
[514.519s][info][gc,marking     ] GC(1233) Concurrent Rebuild Remembered Sets and Scrub Regions 741.223ms
[514.519s][info][gc,start       ] GC(1233) Pause Cleanup
[514.519s][info][gc             ] GC(1233) Pause Cleanup 765M->765M(978M) 0.107ms
[514.519s][info][gc,cpu         ] GC(1233) User=0.00s Sys=0.00s Real=0.00s
[514.519s][info][gc,marking     ] GC(1233) Concurrent Clear Claimed Marks
[514.519s][info][gc,marking     ] GC(1233) Concurrent Clear Claimed Marks 0.029ms
[514.519s][info][gc,marking     ] GC(1233) Concurrent Cleanup for Next Mark
[514.522s][info][gc,marking     ] GC(1233) Concurrent Cleanup for Next Mark 2.880ms
[514.522s][info][gc             ] GC(1233) Concurrent Mark Cycle 2877.970ms
[514.857s][info][gc,start       ] GC(1241) Pause Young (Prepare Mixed) (G1 Evacuation Pause)
[514.857s][info][gc,task        ] GC(1241) Using 2 workers of 2 for evacuation
[514.869s][info][gc,phases      ] GC(1241)   Pre Evacuate Collection Set: 0.52ms
[514.869s][info][gc,phases      ] GC(1241)   Merge Heap Roots: 0.16ms
[514.869s][info][gc,phases      ] GC(1241)   Evacuate Collection Set: 11.11ms
[514.869s][info][gc,phases      ] GC(1241)   Post Evacuate Collection Set: 0.40ms
[514.869s][info][gc,phases      ] GC(1241)   Other: 0.08ms
[514.869s][info][gc,heap        ] GC(1241) Eden regions: 161->0(157)
[514.869s][info][gc,heap        ] GC(1241) Survivor regions: 9->11(22)
[514.869s][info][gc,heap        ] GC(1241) Old regions: 740->740
[514.869s][info][gc,heap        ] GC(1241) Humongous regions: 9->9
[514.869s][info][gc,metaspace   ] GC(1241) Metaspace: 19052K(19264K)->19052K(19264K) NonClass: 16386K(16512K)->16386K(16512K) Class: 2666K(2752K)->2666K(2752K)
[514.869s][info][gc             ] GC(1241) Pause Young (Prepare Mixed) (G1 Evacuation Pause) 917M->758M(978M) 12.490ms
[514.869s][info][gc,cpu         ] GC(1241) User=0.03s Sys=0.00s Real=0.01s
[515.061s][info][gc,start       ] GC(1242) Pause Young (Mixed) (G1 Evacuation Pause)
[515.061s][info][gc,task        ] GC(1242) Using 2 workers of 2 for evacuation
[515.104s][info][gc,phases      ] GC(1242)   Pre Evacuate Collection Set: 0.31ms
[515.104s][info][gc,phases      ] GC(1242)   Merge Heap Roots: 0.41ms
[515.104s][info][gc,phases      ] GC(1242)   Evacuate Collection Set: 41.45ms
[515.104s][info][gc,phases      ] GC(1242)   Post Evacuate Collection Set: 0.42ms
[515.104s][info][gc,phases      ] GC(1242)   Other: 0.07ms
[515.104s][info][gc,heap        ] GC(1242) Eden regions: 157->0(145)
[515.104s][info][gc,heap        ] GC(1242) Survivor regions: 11->21(21)
[515.104s][info][gc,heap        ] GC(1242) Old regions: 740->732
[515.104s][info][gc,heap        ] GC(1242) Humongous regions: 9->9
[515.104s][info][gc,metaspace   ] GC(1242) Metaspace: 19052K(19264K)->19052K(19264K) NonClass: 16386K(16512K)->16386K(16512K) Class: 2666K(2752K)->2666K(2752K)
[515.104s][info][gc             ] GC(1242) Pause Young (Mixed) (G1 Evacuation Pause) 915M->761M(978M) 42.881ms
[515.104s][info][gc,cpu         ] GC(1242) User=0.08s Sys=0.00s Real=0.05s
[515.233s][info][gc,start       ] GC(1243) Pause Young (Concurrent Start) (G1 Evacuation Pause)
[515.233s][info][gc,task        ] GC(1243) Using 2 workers of 2 for evacuation
[515.290s][info][gc,phases      ] GC(1243)   Pre Evacuate Collection Set: 0.32ms
[515.290s][info][gc,phases      ] GC(1243)   Merge Heap Roots: 0.14ms
[515.290s][info][gc,phases      ] GC(1243)   Evacuate Collection Set: 55.58ms
[515.290s][info][gc,phases      ] GC(1243)   Post Evacuate Collection Set: 0.53ms
[515.290s][info][gc,phases      ] GC(1243)   Other: 0.09ms
[515.290s][info][gc,heap        ] GC(1243) Eden regions: 145->0(105)
[515.290s][info][gc,heap        ] GC(1243) Survivor regions: 21->21(21)
[515.290s][info][gc,heap        ] GC(1243) Old regions: 732->772
[515.290s][info][gc,heap        ] GC(1243) Humongous regions: 9->9
[515.290s][info][gc,metaspace   ] GC(1243) Metaspace: 19052K(19264K)->19052K(19264K) NonClass: 16386K(16512K)->16386K(16512K) Class: 2666K(2752K)->2666K(2752K)
[515.290s][info][gc             ] GC(1243) Pause Young (Concurrent Start) (G1 Evacuation Pause) 906M->801M(978M) 56.870ms
[515.290s][info][gc,cpu         ] GC(1243) User=0.11s Sys=0.00s Real=0.05s
[515.290s][info][gc             ] GC(1244) Concurrent Mark Cycle
[515.290s][info][gc,marking     ] GC(1244) Concurrent Scan Root Regions
[515.361s][info][gc,marking     ] GC(1244) Concurrent Scan Root Regions 70.922ms
[515.361s][info][gc,marking     ] GC(1244) Concurrent Mark
[515.361s][info][gc,marking     ] GC(1244) Concurrent Mark From Roots
[515.361s][info][gc,task        ] GC(1244) Using 1 workers of 1 for marking
[515.457s][info][gc,start       ] GC(1245) Pause Young (Normal) (G1 Evacuation Pause)
[515.457s][info][gc,task        ] GC(1245) Using 2 workers of 2 for evacuation
[515.506s][info][gc,phases      ] GC(1245)   Pre Evacuate Collection Set: 0.29ms
[515.507s][info][gc,phases      ] GC(1245)   Merge Heap Roots: 0.27ms
[515.507s][info][gc,phases      ] GC(1245)   Evacuate Collection Set: 48.54ms
[515.507s][info][gc,phases      ] GC(1245)   Post Evacuate Collection Set: 0.43ms
[515.507s][info][gc,phases      ] GC(1245)   Other: 0.09ms
[515.507s][info][gc,heap        ] GC(1245) Eden regions: 105->0(78)
[515.507s][info][gc,heap        ] GC(1245) Survivor regions: 21->16(16)
[515.507s][info][gc,heap        ] GC(1245) Old regions: 772->809
[515.507s][info][gc,heap        ] GC(1245) Humongous regions: 9->9
[515.507s][info][gc,metaspace   ] GC(1245) Metaspace: 19052K(19264K)->19052K(19264K) NonClass: 16386K(16512K)->16386K(16512K) Class: 2666K(2752K)->2666K(2752K)
[515.507s][info][gc             ] GC(1245) Pause Young (Normal) (G1 Evacuation Pause) 906M->833M(978M) 49.844ms
[515.507s][info][gc,cpu         ] GC(1245) User=0.10s Sys=0.00s Real=0.05s
[515.671s][info][gc,start       ] GC(1246) Pause Young (Normal) (G1 Evacuation Pause)
[515.671s][info][gc,task        ] GC(1246) Using 2 workers of 2 for evacuation
[515.695s][info][gc,phases      ] GC(1246)   Pre Evacuate Collection Set: 0.28ms
[515.695s][info][gc,phases      ] GC(1246)   Merge Heap Roots: 0.27ms
[515.695s][info][gc,phases      ] GC(1246)   Evacuate Collection Set: 22.89ms
[515.695s][info][gc,phases      ] GC(1246)   Post Evacuate Collection Set: 0.32ms
[515.695s][info][gc,phases      ] GC(1246)   Other: 0.08ms
[515.695s][info][gc,heap        ] GC(1246) Eden regions: 78->0(87)
[515.695s][info][gc,heap        ] GC(1246) Survivor regions: 16->3(12)
[515.695s][info][gc,heap        ] GC(1246) Old regions: 809->826
[515.695s][info][gc,heap        ] GC(1246) Humongous regions: 9->9
[515.695s][info][gc,metaspace   ] GC(1246) Metaspace: 19052K(19264K)->19052K(19264K) NonClass: 16386K(16512K)->16386K(16512K) Class: 2666K(2752K)->2666K(2752K)
[515.695s][info][gc             ] GC(1246) Pause Young (Normal) (G1 Evacuation Pause) 911M->837M(978M) 24.083ms
[515.695s][info][gc,cpu         ] GC(1246) User=0.05s Sys=0.00s Real=0.03s
[515.890s][info][gc,start       ] GC(1247) Pause Young (Normal) (G1 Evacuation Pause)
[515.890s][info][gc,task        ] GC(1247) Using 2 workers of 2 for evacuation
[515.907s][info][gc,phases      ] GC(1247)   Pre Evacuate Collection Set: 0.31ms
[515.907s][info][gc,phases      ] GC(1247)   Merge Heap Roots: 0.26ms
[515.907s][info][gc,phases      ] GC(1247)   Evacuate Collection Set: 15.31ms
[515.907s][info][gc,phases      ] GC(1247)   Post Evacuate Collection Set: 0.39ms
[515.907s][info][gc,phases      ] GC(1247)   Other: 0.08ms
[515.907s][info][gc,heap        ] GC(1247) Eden regions: 87->0(81)
[515.907s][info][gc,heap        ] GC(1247) Survivor regions: 3->6(12)
[515.907s][info][gc,heap        ] GC(1247) Old regions: 826->826
[515.907s][info][gc,heap        ] GC(1247) Humongous regions: 9->9
[515.907s][info][gc,metaspace   ] GC(1247) Metaspace: 19052K(19264K)->19052K(19264K) NonClass: 16386K(16512K)->16386K(16512K) Class: 2666K(2752K)->2666K(2752K)
[515.907s][info][gc             ] GC(1247) Pause Young (Normal) (G1 Evacuation Pause) 924M->839M(978M) 16.553ms
[515.907s][info][gc,cpu         ] GC(1247) User=0.03s Sys=0.00s Real=0.02s
[516.109s][info][gc,start       ] GC(1248) Pause Young (Normal) (G1 Evacuation Pause)
[516.109s][info][gc,task        ] GC(1248) Using 2 workers of 2 for evacuation
[516.154s][info][gc,phases      ] GC(1248)   Pre Evacuate Collection Set: 0.52ms
[516.154s][info][gc,phases      ] GC(1248)   Merge Heap Roots: 0.28ms
[516.154s][info][gc,phases      ] GC(1248)   Evacuate Collection Set: 43.55ms
[516.154s][info][gc,phases      ] GC(1248)   Post Evacuate Collection Set: 0.46ms
[516.154s][info][gc,phases      ] GC(1248)   Other: 0.09ms
[516.154s][info][gc,heap        ] GC(1248) Eden regions: 81->0(53)
[516.154s][info][gc,heap        ] GC(1248) Survivor regions: 6->11(11)
[516.154s][info][gc,heap        ] GC(1248) Old regions: 826->841
[516.154s][info][gc,heap        ] GC(1248) Humongous regions: 12->12
[516.154s][info][gc,metaspace   ] GC(1248) Metaspace: 19052K(19264K)->19052K(19264K) NonClass: 16386K(16512K)->16386K(16512K) Class: 2666K(2752K)->2666K(2752K)
[516.154s][info][gc             ] GC(1248) Pause Young (Normal) (G1 Evacuation Pause) 923M->863M(978M) 45.121ms
[516.154s][info][gc,cpu         ] GC(1248) User=0.09s Sys=0.00s Real=0.05s
[516.264s][info][gc,start       ] GC(1249) Pause Young (Normal) (G1 Evacuation Pause)
[516.264s][info][gc,task        ] GC(1249) Using 2 workers of 2 for evacuation
[516.303s][info][gc,phases      ] GC(1249)   Pre Evacuate Collection Set: 0.52ms
[516.303s][info][gc,phases      ] GC(1249)   Merge Heap Roots: 0.36ms
[516.303s][info][gc,phases      ] GC(1249)   Evacuate Collection Set: 36.99ms
[516.303s][info][gc,phases      ] GC(1249)   Post Evacuate Collection Set: 0.28ms
[516.303s][info][gc,phases      ] GC(1249)   Other: 0.09ms
[516.303s][info][gc,heap        ] GC(1249) Eden regions: 53->0(46)
[516.303s][info][gc,heap        ] GC(1249) Survivor regions: 11->8(8)
[516.303s][info][gc,heap        ] GC(1249) Old regions: 841->854
[516.303s][info][gc,heap        ] GC(1249) Humongous regions: 12->12
[516.303s][info][gc,metaspace   ] GC(1249) Metaspace: 19052K(19264K)->19052K(19264K) NonClass: 16386K(16512K)->16386K(16512K) Class: 2666K(2752K)->2666K(2752K)
[516.303s][info][gc             ] GC(1249) Pause Young (Normal) (G1 Evacuation Pause) 916M->873M(978M) 38.497ms
[516.303s][info][gc,cpu         ] GC(1249) User=0.08s Sys=0.00s Real=0.04s
[516.367s][info][gc,start       ] GC(1250) Pause Young (Normal) (G1 Evacuation Pause)
[516.367s][info][gc,task        ] GC(1250) Using 2 workers of 2 for evacuation
[516.387s][info][gc,phases      ] GC(1250)   Pre Evacuate Collection Set: 0.27ms
[516.387s][info][gc,phases      ] GC(1250)   Merge Heap Roots: 0.11ms
[516.387s][info][gc,phases      ] GC(1250)   Evacuate Collection Set: 18.86ms
[516.387s][info][gc,phases      ] GC(1250)   Post Evacuate Collection Set: 0.29ms
[516.387s][info][gc,phases      ] GC(1250)   Other: 0.07ms
[516.387s][info][gc,heap        ] GC(1250) Eden regions: 46->0(41)
[516.387s][info][gc,heap        ] GC(1250) Survivor regions: 8->7(7)
[516.387s][info][gc,heap        ] GC(1250) Old regions: 854->863
[516.387s][info][gc,heap        ] GC(1250) Humongous regions: 12->12
[516.387s][info][gc,metaspace   ] GC(1250) Metaspace: 19052K(19264K)->19052K(19264K) NonClass: 16386K(16512K)->16386K(16512K) Class: 2666K(2752K)->2666K(2752K)
[516.387s][info][gc             ] GC(1250) Pause Young (Normal) (G1 Evacuation Pause) 919M->881M(978M) 19.759ms
[516.387s][info][gc,cpu         ] GC(1250) User=0.04s Sys=0.00s Real=0.02s
[516.468s][info][gc,start       ] GC(1251) Pause Young (Normal) (G1 Evacuation Pause)
[516.468s][info][gc,task        ] GC(1251) Using 2 workers of 2 for evacuation
[516.488s][info][gc,phases      ] GC(1251)   Pre Evacuate Collection Set: 0.27ms
[516.488s][info][gc,phases      ] GC(1251)   Merge Heap Roots: 0.10ms
[516.488s][info][gc,phases      ] GC(1251)   Evacuate Collection Set: 19.21ms
[516.488s][info][gc,phases      ] GC(1251)   Post Evacuate Collection Set: 0.25ms
[516.488s][info][gc,phases      ] GC(1251)   Other: 0.07ms
[516.488s][info][gc,heap        ] GC(1251) Eden regions: 41->0(42)
[516.488s][info][gc,heap        ] GC(1251) Survivor regions: 7->6(6)
[516.488s][info][gc,heap        ] GC(1251) Old regions: 863->875
[516.488s][info][gc,heap        ] GC(1251) Humongous regions: 12->12
[516.488s][info][gc,metaspace   ] GC(1251) Metaspace: 19052K(19264K)->19052K(19264K) NonClass: 16386K(16512K)->16386K(16512K) Class: 2666K(2752K)->2666K(2752K)
[516.488s][info][gc             ] GC(1251) Pause Young (Normal) (G1 Evacuation Pause) 922M->892M(978M) 20.081ms
[516.488s][info][gc,cpu         ] GC(1251) User=0.04s Sys=0.00s Real=0.02s
[516.597s][info][gc,start       ] GC(1252) Pause Young (Normal) (G1 Evacuation Pause)
[516.597s][info][gc,task        ] GC(1252) Using 2 workers of 2 for evacuation
[516.607s][info][gc,phases      ] GC(1252)   Pre Evacuate Collection Set: 0.27ms
[516.607s][info][gc,phases      ] GC(1252)   Merge Heap Roots: 0.11ms
[516.607s][info][gc,phases      ] GC(1252)   Evacuate Collection Set: 8.59ms
[516.607s][info][gc,phases      ] GC(1252)   Post Evacuate Collection Set: 0.25ms
[516.607s][info][gc,phases      ] GC(1252)   Other: 0.08ms
[516.607s][info][gc,heap        ] GC(1252) Eden regions: 42->0(47)
[516.607s][info][gc,heap        ] GC(1252) Survivor regions: 6->1(6)
[516.607s][info][gc,heap        ] GC(1252) Old regions: 875->881
[516.607s][info][gc,heap        ] GC(1252) Humongous regions: 12->12
[516.607s][info][gc,metaspace   ] GC(1252) Metaspace: 19052K(19264K)->19052K(19264K) NonClass: 16386K(16512K)->16386K(16512K) Class: 2666K(2752K)->2666K(2752K)
[516.607s][info][gc             ] GC(1252) Pause Young (Normal) (G1 Evacuation Pause) 934M->893M(978M) 9.531ms
[516.607s][info][gc,cpu         ] GC(1252) User=0.02s Sys=0.00s Real=0.01s
[516.685s][info][gc,start       ] GC(1253) Pause Young (Normal) (G1 Evacuation Pause)
[516.685s][info][gc,task        ] GC(1253) Using 2 workers of 2 for evacuation
[516.691s][info][gc,phases      ] GC(1253)   Pre Evacuate Collection Set: 0.26ms
[516.691s][info][gc,phases      ] GC(1253)   Merge Heap Roots: 0.07ms
[516.691s][info][gc,phases      ] GC(1253)   Evacuate Collection Set: 5.67ms
[516.691s][info][gc,phases      ] GC(1253)   Post Evacuate Collection Set: 0.26ms
[516.691s][info][gc,phases      ] GC(1253)   Other: 0.07ms
[516.691s][info][gc,heap        ] GC(1253) Eden regions: 47->0(44)
[516.691s][info][gc,heap        ] GC(1253) Survivor regions: 1->4(6)
[516.691s][info][gc,heap        ] GC(1253) Old regions: 881->881
[516.691s][info][gc,heap        ] GC(1253) Humongous regions: 12->12
[516.691s][info][gc,metaspace   ] GC(1253) Metaspace: 19052K(19264K)->19052K(19264K) NonClass: 16386K(16512K)->16386K(16512K) Class: 2666K(2752K)->2666K(2752K)
[516.691s][info][gc             ] GC(1253) Pause Young (Normal) (G1 Evacuation Pause) 940M->896M(978M) 6.517ms
[516.691s][info][gc,cpu         ] GC(1253) User=0.01s Sys=0.00s Real=0.01s
[516.750s][info][gc,start       ] GC(1254) Pause Young (Normal) (G1 Evacuation Pause)
[516.750s][info][gc,task        ] GC(1254) Using 2 workers of 2 for evacuation
[516.755s][info][gc,phases      ] GC(1254)   Pre Evacuate Collection Set: 0.27ms
[516.755s][info][gc,phases      ] GC(1254)   Merge Heap Roots: 0.07ms
[516.755s][info][gc,phases      ] GC(1254)   Evacuate Collection Set: 4.98ms
[516.755s][info][gc,phases      ] GC(1254)   Post Evacuate Collection Set: 0.26ms
[516.755s][info][gc,phases      ] GC(1254)   Other: 0.07ms
[516.756s][info][gc,heap        ] GC(1254) Eden regions: 44->0(47)
[516.756s][info][gc,heap        ] GC(1254) Survivor regions: 4->1(6)
[516.756s][info][gc,heap        ] GC(1254) Old regions: 881->885
[516.756s][info][gc,heap        ] GC(1254) Humongous regions: 12->12
[516.756s][info][gc,metaspace   ] GC(1254) Metaspace: 19052K(19264K)->19052K(19264K) NonClass: 16386K(16512K)->16386K(16512K) Class: 2666K(2752K)->2666K(2752K)
[516.756s][info][gc             ] GC(1254) Pause Young (Normal) (G1 Evacuation Pause) 940M->897M(978M) 5.832ms
[516.756s][info][gc,cpu         ] GC(1254) User=0.01s Sys=0.00s Real=0.01s
[516.758s][info][gc,marking     ] GC(1244) Concurrent Mark From Roots 1396.788ms
[516.758s][info][gc,marking     ] GC(1244) Concurrent Preclean
[516.758s][info][gc,marking     ] GC(1244) Concurrent Preclean 0.035ms
[516.760s][info][gc,start       ] GC(1244) Pause Remark
[516.768s][info][gc             ] GC(1244) Pause Remark 898M->619M(978M) 7.826ms
[516.768s][info][gc,cpu         ] GC(1244) User=0.01s Sys=0.00s Real=0.01s
[516.768s][info][gc,marking     ] GC(1244) Concurrent Mark 1407.022ms
[516.768s][info][gc,marking     ] GC(1244) Concurrent Rebuild Remembered Sets and Scrub Regions
[516.821s][info][gc,start       ] GC(1255) Pause Young (Normal) (G1 Evacuation Pause)
[516.821s][info][gc,task        ] GC(1255) Using 2 workers of 2 for evacuation
[516.823s][info][gc,phases      ] GC(1255)   Pre Evacuate Collection Set: 0.27ms
[516.823s][info][gc,phases      ] GC(1255)   Merge Heap Roots: 0.04ms
[516.823s][info][gc,phases      ] GC(1255)   Evacuate Collection Set: 1.16ms
[516.823s][info][gc,phases      ] GC(1255)   Post Evacuate Collection Set: 0.22ms
[516.823s][info][gc,phases      ] GC(1255)   Other: 0.07ms
[516.823s][info][gc,heap        ] GC(1255) Eden regions: 47->0(262)
[516.823s][info][gc,heap        ] GC(1255) Survivor regions: 1->1(6)
[516.823s][info][gc,heap        ] GC(1255) Old regions: 611->611
[516.823s][info][gc,heap        ] GC(1255) Humongous regions: 7->7
[516.823s][info][gc,metaspace   ] GC(1255) Metaspace: 19052K(19264K)->19052K(19264K) NonClass: 16386K(16512K)->16386K(16512K) Class: 2666K(2752K)->2666K(2752K)
[516.823s][info][gc             ] GC(1255) Pause Young (Normal) (G1 Evacuation Pause) 665M->618M(978M) 1.967ms
[516.823s][info][gc,cpu         ] GC(1255) User=0.00s Sys=0.00s Real=0.01s
[517.290s][info][gc,marking     ] GC(1244) Concurrent Rebuild Remembered Sets and Scrub Regions 521.676ms
[517.290s][info][gc,start       ] GC(1244) Pause Cleanup
[517.290s][info][gc             ] GC(1244) Pause Cleanup 876M->876M(978M) 0.126ms
[517.290s][info][gc,cpu         ] GC(1244) User=0.00s Sys=0.00s Real=0.00s
[517.290s][info][gc,marking     ] GC(1244) Concurrent Clear Claimed Marks
[517.290s][info][gc,marking     ] GC(1244) Concurrent Clear Claimed Marks 0.030ms
[517.290s][info][gc,marking     ] GC(1244) Concurrent Cleanup for Next Mark
[517.293s][info][gc,marking     ] GC(1244) Concurrent Cleanup for Next Mark 2.876ms
[517.293s][info][gc             ] GC(1244) Concurrent Mark Cycle 2003.086ms
[517.304s][info][gc,start       ] GC(1256) Pause Young (Prepare Mixed) (G1 Evacuation Pause)
[517.304s][info][gc,task        ] GC(1256) Using 2 workers of 2 for evacuation
[517.321s][info][gc,phases      ] GC(1256)   Pre Evacuate Collection Set: 0.27ms
[517.321s][info][gc,phases      ] GC(1256)   Merge Heap Roots: 0.36ms
[517.321s][info][gc,phases      ] GC(1256)   Evacuate Collection Set: 15.71ms
[517.321s][info][gc,phases      ] GC(1256)   Post Evacuate Collection Set: 0.43ms
[517.321s][info][gc,phases      ] GC(1256)   Other: 0.10ms
[517.321s][info][gc,heap        ] GC(1256) Eden regions: 262->0(274)
[517.321s][info][gc,heap        ] GC(1256) Survivor regions: 1->5(33)
[517.321s][info][gc,heap        ] GC(1256) Old regions: 611->611
[517.321s][info][gc,heap        ] GC(1256) Humongous regions: 7->7
[517.321s][info][gc,metaspace   ] GC(1256) Metaspace: 19052K(19264K)->19052K(19264K) NonClass: 16386K(16512K)->16386K(16512K) Class: 2666K(2752K)->2666K(2752K)
[517.321s][info][gc             ] GC(1256) Pause Young (Prepare Mixed) (G1 Evacuation Pause) 880M->622M(978M) 17.011ms
[517.321s][info][gc,cpu         ] GC(1256) User=0.03s Sys=0.00s Real=0.02s
[517.627s][info][gc,start       ] GC(1257) Pause Young (Mixed) (G1 Evacuation Pause)
[517.627s][info][gc,task        ] GC(1257) Using 2 workers of 2 for evacuation
[517.695s][info][gc,phases      ] GC(1257)   Pre Evacuate Collection Set: 0.52ms
[517.695s][info][gc,phases      ] GC(1257)   Merge Heap Roots: 0.31ms
[517.695s][info][gc,phases      ] GC(1257)   Evacuate Collection Set: 66.44ms
[517.695s][info][gc,phases      ] GC(1257)   Post Evacuate Collection Set: 0.63ms
[517.695s][info][gc,phases      ] GC(1257)   Other: 0.09ms
[517.695s][info][gc,heap        ] GC(1257) Eden regions: 274->0(229)
[517.695s][info][gc,heap        ] GC(1257) Survivor regions: 5->35(35)
[517.695s][info][gc,heap        ] GC(1257) Old regions: 611->603
[517.695s][info][gc,heap        ] GC(1257) Humongous regions: 7->7
[517.695s][info][gc,metaspace   ] GC(1257) Metaspace: 19052K(19264K)->19052K(19264K) NonClass: 16386K(16512K)->16386K(16512K) Class: 2666K(2752K)->2666K(2752K)
[517.695s][info][gc             ] GC(1257) Pause Young (Mixed) (G1 Evacuation Pause) 896M->644M(978M) 68.197ms
[517.695s][info][gc,cpu         ] GC(1257) User=0.14s Sys=0.00s Real=0.07s
[517.844s][info][gc,start       ] GC(1258) Pause Young (Concurrent Start) (G1 Humongous Allocation)
[517.844s][info][gc,task        ] GC(1258) Using 2 workers of 2 for evacuation
[517.893s][info][gc,phases      ] GC(1258)   Pre Evacuate Collection Set: 0.31ms
[517.893s][info][gc,phases      ] GC(1258)   Merge Heap Roots: 0.30ms
[517.893s][info][gc,phases      ] GC(1258)   Evacuate Collection Set: 47.89ms
[517.893s][info][gc,phases      ] GC(1258)   Post Evacuate Collection Set: 0.47ms
[517.893s][info][gc,phases      ] GC(1258)   Other: 0.11ms
[517.894s][info][gc,heap        ] GC(1258) Eden regions: 101->0(226)
[517.894s][info][gc,heap        ] GC(1258) Survivor regions: 35->8(33)
[517.894s][info][gc,heap        ] GC(1258) Old regions: 603->638
[517.894s][info][gc,heap        ] GC(1258) Humongous regions: 7->7
[517.894s][info][gc,metaspace   ] GC(1258) Metaspace: 19052K(19264K)->19052K(19264K) NonClass: 16386K(16512K)->16386K(16512K) Class: 2666K(2752K)->2666K(2752K)
[517.894s][info][gc             ] GC(1258) Pause Young (Concurrent Start) (G1 Humongous Allocation) 744M->652M(978M) 49.345ms
[517.894s][info][gc,cpu         ] GC(1258) User=0.10s Sys=0.00s Real=0.05s
[517.894s][info][gc             ] GC(1259) Concurrent Mark Cycle
[517.894s][info][gc,marking     ] GC(1259) Concurrent Scan Root Regions
[517.923s][info][gc,marking     ] GC(1259) Concurrent Scan Root Regions 28.850ms
[517.923s][info][gc,marking     ] GC(1259) Concurrent Mark
[517.923s][info][gc,marking     ] GC(1259) Concurrent Mark From Roots
[517.923s][info][gc,task        ] GC(1259) Using 1 workers of 1 for marking
[518.602s][info][gc,start       ] GC(1260) Pause Young (Normal) (G1 Evacuation Pause)
[518.602s][info][gc,task        ] GC(1260) Using 2 workers of 2 for evacuation
[518.628s][info][gc,phases      ] GC(1260)   Pre Evacuate Collection Set: 0.31ms
[518.628s][info][gc,phases      ] GC(1260)   Merge Heap Roots: 0.26ms
[518.628s][info][gc,phases      ] GC(1260)   Evacuate Collection Set: 24.14ms
[518.628s][info][gc,phases      ] GC(1260)   Post Evacuate Collection Set: 0.49ms
[518.628s][info][gc,phases      ] GC(1260)   Other: 0.07ms
[518.628s][info][gc,heap        ] GC(1260) Eden regions: 226->0(229)
[518.628s][info][gc,heap        ] GC(1260) Survivor regions: 8->16(30)
[518.628s][info][gc,heap        ] GC(1260) Old regions: 638->638
[518.628s][info][gc,heap        ] GC(1260) Humongous regions: 8->8
[518.628s][info][gc,metaspace   ] GC(1260) Metaspace: 19052K(19264K)->19052K(19264K) NonClass: 16386K(16512K)->16386K(16512K) Class: 2666K(2752K)->2666K(2752K)
[518.628s][info][gc             ] GC(1260) Pause Young (Normal) (G1 Evacuation Pause) 879M->661M(978M) 25.497ms
[518.628s][info][gc,cpu         ] GC(1260) User=0.05s Sys=0.00s Real=0.02s
[518.965s][info][gc,start       ] GC(1261) Pause Young (Normal) (G1 Evacuation Pause)
[518.965s][info][gc,task        ] GC(1261) Using 2 workers of 2 for evacuation
[519.009s][info][gc,phases      ] GC(1261)   Pre Evacuate Collection Set: 0.30ms
[519.010s][info][gc,phases      ] GC(1261)   Merge Heap Roots: 0.22ms
[519.010s][info][gc,phases      ] GC(1261)   Evacuate Collection Set: 43.41ms
[519.010s][info][gc,phases      ] GC(1261)   Post Evacuate Collection Set: 0.46ms
[519.010s][info][gc,phases      ] GC(1261)   Other: 0.09ms
[519.010s][info][gc,heap        ] GC(1261) Eden regions: 229->0(217)
[519.010s][info][gc,heap        ] GC(1261) Survivor regions: 16->31(31)
[519.010s][info][gc,heap        ] GC(1261) Old regions: 638->641
[519.010s][info][gc,heap        ] GC(1261) Humongous regions: 8->8
[519.010s][info][gc,metaspace   ] GC(1261) Metaspace: 19052K(19264K)->19052K(19264K) NonClass: 16386K(16512K)->16386K(16512K) Class: 2666K(2752K)->2666K(2752K)
[519.010s][info][gc             ] GC(1261) Pause Young (Normal) (G1 Evacuation Pause) 890M->679M(978M) 44.740ms
[519.010s][info][gc,cpu         ] GC(1261) User=0.09s Sys=0.00s Real=0.04s
[519.151s][info][gc,marking     ] GC(1259) Concurrent Mark From Roots 1228.891ms
[519.152s][info][gc,marking     ] GC(1259) Concurrent Preclean
[519.152s][info][gc,marking     ] GC(1259) Concurrent Preclean 0.032ms
[519.152s][info][gc,start       ] GC(1259) Pause Remark
[519.160s][info][gc             ] GC(1259) Pause Remark 768M->606M(978M) 7.843ms
[519.160s][info][gc,cpu         ] GC(1259) User=0.02s Sys=0.00s Real=0.00s
[519.160s][info][gc,marking     ] GC(1259) Concurrent Mark 1237.061ms
[519.160s][info][gc,marking     ] GC(1259) Concurrent Rebuild Remembered Sets and Scrub Regions
[519.496s][info][gc,marking     ] GC(1259) Concurrent Rebuild Remembered Sets and Scrub Regions 336.571ms
[519.502s][info][gc,start       ] GC(1259) Pause Cleanup
[519.502s][info][gc             ] GC(1259) Pause Cleanup 712M->712M(978M) 0.151ms
[519.502s][info][gc,cpu         ] GC(1259) User=0.00s Sys=0.00s Real=0.00s
[519.504s][info][gc,marking     ] GC(1259) Concurrent Clear Claimed Marks
[519.504s][info][gc,marking     ] GC(1259) Concurrent Clear Claimed Marks 0.032ms
[519.504s][info][gc,marking     ] GC(1259) Concurrent Cleanup for Next Mark
[519.509s][info][gc,marking     ] GC(1259) Concurrent Cleanup for Next Mark 4.923ms
[519.509s][info][gc             ] GC(1259) Concurrent Mark Cycle 1615.371ms
[519.556s][info][gc,start       ] GC(1262) Pause Young (Prepare Mixed) (G1 Evacuation Pause)
[519.556s][info][gc,task        ] GC(1262) Using 2 workers of 2 for evacuation
[519.610s][info][gc,phases      ] GC(1262)   Pre Evacuate Collection Set: 0.30ms
[519.610s][info][gc,phases      ] GC(1262)   Merge Heap Roots: 0.34ms
[519.610s][info][gc,phases      ] GC(1262)   Evacuate Collection Set: 53.23ms
[519.610s][info][gc,phases      ] GC(1262)   Post Evacuate Collection Set: 0.48ms
[519.610s][info][gc,phases      ] GC(1262)   Other: 0.08ms
[519.610s][info][gc,heap        ] GC(1262) Eden regions: 217->0(315)
[519.610s][info][gc,heap        ] GC(1262) Survivor regions: 31->16(31)
[519.610s][info][gc,heap        ] GC(1262) Old regions: 482->513
[519.610s][info][gc,heap        ] GC(1262) Humongous regions: 5->5
[519.610s][info][gc,metaspace   ] GC(1262) Metaspace: 19052K(19264K)->19052K(19264K) NonClass: 16386K(16512K)->16386K(16512K) Class: 2666K(2752K)->2666K(2752K)
[519.610s][info][gc             ] GC(1262) Pause Young (Prepare Mixed) (G1 Evacuation Pause) 734M->533M(978M) 54.610ms
[519.610s][info][gc,cpu         ] GC(1262) User=0.11s Sys=0.00s Real=0.05s
[520.239s][info][gc,start       ] GC(1263) Pause Young (Mixed) (G1 Evacuation Pause)
[520.239s][info][gc,task        ] GC(1263) Using 2 workers of 2 for evacuation
[520.265s][info][gc,phases      ] GC(1263)   Pre Evacuate Collection Set: 0.53ms
[520.265s][info][gc,phases      ] GC(1263)   Merge Heap Roots: 0.41ms
[520.265s][info][gc,phases      ] GC(1263)   Evacuate Collection Set: 24.75ms
[520.265s][info][gc,phases      ] GC(1263)   Post Evacuate Collection Set: 0.63ms
[520.265s][info][gc,phases      ] GC(1263)   Other: 0.09ms
[520.265s][info][gc,heap        ] GC(1263) Eden regions: 315->0(369)
[520.265s][info][gc,heap        ] GC(1263) Survivor regions: 16->16(42)
[520.265s][info][gc,heap        ] GC(1263) Old regions: 513->459
[520.265s][info][gc,heap        ] GC(1263) Humongous regions: 5->5
[520.265s][info][gc,metaspace   ] GC(1263) Metaspace: 19052K(19264K)->19052K(19264K) NonClass: 16386K(16512K)->16386K(16512K) Class: 2666K(2752K)->2666K(2752K)
[520.265s][info][gc             ] GC(1263) Pause Young (Mixed) (G1 Evacuation Pause) 848M->479M(978M) 26.635ms
[520.265s][info][gc,cpu         ] GC(1263) User=0.05s Sys=0.00s Real=0.03s
[520.707s][info][gc,start       ] GC(1264) Pause Young (Concurrent Start) (G1 Evacuation Pause)
[520.707s][info][gc,task        ] GC(1264) Using 2 workers of 2 for evacuation
[520.792s][info][gc,phases      ] GC(1264)   Pre Evacuate Collection Set: 0.32ms
[520.792s][info][gc,phases      ] GC(1264)   Merge Heap Roots: 0.18ms
[520.792s][info][gc,phases      ] GC(1264)   Evacuate Collection Set: 83.45ms
[520.792s][info][gc,phases      ] GC(1264)   Post Evacuate Collection Set: 0.85ms
[520.792s][info][gc,phases      ] GC(1264)   Other: 0.12ms
[520.792s][info][gc,heap        ] GC(1264) Eden regions: 369->0(300)
[520.792s][info][gc,heap        ] GC(1264) Survivor regions: 16->49(49)
[520.792s][info][gc,heap        ] GC(1264) Old regions: 459->495
[520.792s][info][gc,heap        ] GC(1264) Humongous regions: 5->5
[520.792s][info][gc,metaspace   ] GC(1264) Metaspace: 19052K(19264K)->19052K(19264K) NonClass: 16386K(16512K)->16386K(16512K) Class: 2666K(2752K)->2666K(2752K)
[520.792s][info][gc             ] GC(1264) Pause Young (Concurrent Start) (G1 Evacuation Pause) 848M->548M(978M) 85.193ms
[520.792s][info][gc             ] GC(1265) Concurrent Mark Cycle
[520.792s][info][gc,marking     ] GC(1265) Concurrent Scan Root Regions
[520.792s][info][gc,cpu         ] GC(1264) User=0.17s Sys=0.00s Real=0.09s
[520.885s][info][gc,marking     ] GC(1265) Concurrent Scan Root Regions 92.371ms
[520.885s][info][gc,marking     ] GC(1265) Concurrent Mark
[520.885s][info][gc,marking     ] GC(1265) Concurrent Mark From Roots
[520.885s][info][gc,task        ] GC(1265) Using 1 workers of 1 for marking
[521.699s][info][gc,start       ] GC(1266) Pause Young (Normal) (G1 Evacuation Pause)
[521.699s][info][gc,task        ] GC(1266) Using 2 workers of 2 for evacuation
[521.797s][info][gc,phases      ] GC(1266)   Pre Evacuate Collection Set: 0.46ms
[521.797s][info][gc,phases      ] GC(1266)   Merge Heap Roots: 0.53ms
[521.797s][info][gc,phases      ] GC(1266)   Evacuate Collection Set: 96.99ms
[521.797s][info][gc,phases      ] GC(1266)   Post Evacuate Collection Set: 0.64ms
[521.797s][info][gc,phases      ] GC(1266)   Other: 0.09ms
[521.797s][info][gc,heap        ] GC(1266) Eden regions: 300->0(290)
[521.797s][info][gc,heap        ] GC(1266) Survivor regions: 49->23(44)
[521.797s][info][gc,heap        ] GC(1266) Old regions: 495->544
[521.797s][info][gc,heap        ] GC(1266) Humongous regions: 8->8
[521.798s][info][gc,metaspace   ] GC(1266) Metaspace: 19052K(19264K)->19052K(19264K) NonClass: 16386K(16512K)->16386K(16512K) Class: 2666K(2752K)->2666K(2752K)
[521.798s][info][gc             ] GC(1266) Pause Young (Normal) (G1 Evacuation Pause) 851M->574M(978M) 98.929ms
[521.798s][info][gc,cpu         ] GC(1266) User=0.19s Sys=0.00s Real=0.10s
[521.812s][info][gc,marking     ] GC(1265) Concurrent Mark From Roots 927.659ms
[521.812s][info][gc,marking     ] GC(1265) Concurrent Preclean
[521.812s][info][gc,marking     ] GC(1265) Concurrent Preclean 0.037ms
[521.812s][info][gc,start       ] GC(1265) Pause Remark
[521.820s][info][gc             ] GC(1265) Pause Remark 588M->444M(978M) 7.743ms
[521.820s][info][gc,cpu         ] GC(1265) User=0.02s Sys=0.00s Real=0.00s
[521.820s][info][gc,marking     ] GC(1265) Concurrent Mark 935.698ms
[521.820s][info][gc,marking     ] GC(1265) Concurrent Rebuild Remembered Sets and Scrub Regions
[522.172s][info][gc,start       ] GC(1267) Pause Young (Normal) (G1 Evacuation Pause)
[522.172s][info][gc,task        ] GC(1267) Using 2 workers of 2 for evacuation
[522.265s][info][gc,phases      ] GC(1267)   Pre Evacuate Collection Set: 0.26ms
[522.265s][info][gc,phases      ] GC(1267)   Merge Heap Roots: 0.39ms
[522.265s][info][gc,phases      ] GC(1267)   Evacuate Collection Set: 91.61ms
[522.265s][info][gc,phases      ] GC(1267)   Post Evacuate Collection Set: 0.61ms
[522.265s][info][gc,phases      ] GC(1267)   Other: 0.09ms
[522.265s][info][gc,heap        ] GC(1267) Eden regions: 290->0(331)
[522.265s][info][gc,heap        ] GC(1267) Survivor regions: 23->40(40)
[522.265s][info][gc,heap        ] GC(1267) Old regions: 402->448
[522.265s][info][gc,heap        ] GC(1267) Humongous regions: 6->6
[522.265s][info][gc,metaspace   ] GC(1267) Metaspace: 19052K(19264K)->19052K(19264K) NonClass: 16386K(16512K)->16386K(16512K) Class: 2666K(2752K)->2666K(2752K)
[522.265s][info][gc             ] GC(1267) Pause Young (Normal) (G1 Evacuation Pause) 720M->493M(978M) 93.200ms
[522.265s][info][gc,cpu         ] GC(1267) User=0.18s Sys=0.00s Real=0.09s
[522.290s][info][gc,marking     ] GC(1265) Concurrent Rebuild Remembered Sets and Scrub Regions 469.222ms
[522.290s][info][gc,start       ] GC(1265) Pause Cleanup
[522.290s][info][gc             ] GC(1265) Pause Cleanup 513M->513M(978M) 0.100ms
[522.290s][info][gc,cpu         ] GC(1265) User=0.00s Sys=0.00s Real=0.00s
[522.290s][info][gc,marking     ] GC(1265) Concurrent Clear Claimed Marks
[522.290s][info][gc,marking     ] GC(1265) Concurrent Clear Claimed Marks 0.040ms
[522.290s][info][gc,marking     ] GC(1265) Concurrent Cleanup for Next Mark
[522.295s][info][gc,marking     ] GC(1265) Concurrent Cleanup for Next Mark 4.853ms
[522.295s][info][gc             ] GC(1265) Concurrent Mark Cycle 1503.005ms
[522.706s][info][gc,start       ] GC(1268) Pause Young (Prepare Mixed) (G1 Evacuation Pause)
[522.706s][info][gc,task        ] GC(1268) Using 2 workers of 2 for evacuation
[522.776s][info][gc,phases      ] GC(1268)   Pre Evacuate Collection Set: 0.29ms
[522.776s][info][gc,phases      ] GC(1268)   Merge Heap Roots: 0.36ms
[522.776s][info][gc,phases      ] GC(1268)   Evacuate Collection Set: 68.61ms
[522.776s][info][gc,phases      ] GC(1268)   Post Evacuate Collection Set: 0.66ms
[522.776s][info][gc,phases      ] GC(1268)   Other: 0.13ms
[522.776s][info][gc,heap        ] GC(1268) Eden regions: 331->0(331)
[522.776s][info][gc,heap        ] GC(1268) Survivor regions: 40->18(47)
[522.776s][info][gc,heap        ] GC(1268) Old regions: 448->489
[522.776s][info][gc,heap        ] GC(1268) Humongous regions: 9->9
[522.776s][info][gc,metaspace   ] GC(1268) Metaspace: 19052K(19264K)->19052K(19264K) NonClass: 16386K(16512K)->16386K(16512K) Class: 2666K(2752K)->2666K(2752K)
[522.776s][info][gc             ] GC(1268) Pause Young (Prepare Mixed) (G1 Evacuation Pause) 827M->514M(978M) 70.298ms
[522.776s][info][gc,cpu         ] GC(1268) User=0.14s Sys=0.00s Real=0.07s
[523.268s][info][gc,start       ] GC(1269) Pause Young (Mixed) (G1 Evacuation Pause)
[523.269s][info][gc,task        ] GC(1269) Using 2 workers of 2 for evacuation
[523.300s][info][gc,phases      ] GC(1269)   Pre Evacuate Collection Set: 0.54ms
[523.300s][info][gc,phases      ] GC(1269)   Merge Heap Roots: 0.33ms
[523.300s][info][gc,phases      ] GC(1269)   Evacuate Collection Set: 29.46ms
[523.300s][info][gc,phases      ] GC(1269)   Post Evacuate Collection Set: 0.62ms
[523.300s][info][gc,phases      ] GC(1269)   Other: 0.10ms
[523.300s][info][gc,heap        ] GC(1269) Eden regions: 331->0(367)
[523.300s][info][gc,heap        ] GC(1269) Survivor regions: 18->17(44)
[523.300s][info][gc,heap        ] GC(1269) Old regions: 489->470
[523.300s][info][gc,heap        ] GC(1269) Humongous regions: 9->9
[523.300s][info][gc,metaspace   ] GC(1269) Metaspace: 19052K(19264K)->19052K(19264K) NonClass: 16386K(16512K)->16386K(16512K) Class: 2666K(2752K)->2666K(2752K)
[523.300s][info][gc             ] GC(1269) Pause Young (Mixed) (G1 Evacuation Pause) 845M->495M(978M) 31.264ms
[523.300s][info][gc,cpu         ] GC(1269) User=0.06s Sys=0.00s Real=0.03s
[523.800s][info][gc,start       ] GC(1270) Pause Young (Concurrent Start) (G1 Evacuation Pause)
[523.800s][info][gc,task        ] GC(1270) Using 2 workers of 2 for evacuation
[523.848s][info][gc,phases      ] GC(1270)   Pre Evacuate Collection Set: 0.30ms
[523.848s][info][gc,phases      ] GC(1270)   Merge Heap Roots: 0.33ms
[523.848s][info][gc,phases      ] GC(1270)   Evacuate Collection Set: 46.50ms
[523.848s][info][gc,phases      ] GC(1270)   Post Evacuate Collection Set: 0.70ms
[523.848s][info][gc,phases      ] GC(1270)   Other: 0.12ms
[523.848s][info][gc,heap        ] GC(1270) Eden regions: 367->0(364)
[523.848s][info][gc,heap        ] GC(1270) Survivor regions: 17->32(48)
[523.848s][info][gc,heap        ] GC(1270) Old regions: 470->470
[523.848s][info][gc,heap        ] GC(1270) Humongous regions: 9->9
[523.848s][info][gc,metaspace   ] GC(1270) Metaspace: 19052K(19264K)->19052K(19264K) NonClass: 16386K(16512K)->16386K(16512K) Class: 2666K(2752K)->2666K(2752K)
[523.848s][info][gc             ] GC(1270) Pause Young (Concurrent Start) (G1 Evacuation Pause) 862M->510M(978M) 48.159ms
[523.848s][info][gc,cpu         ] GC(1270) User=0.09s Sys=0.00s Real=0.05s
[523.848s][info][gc             ] GC(1271) Concurrent Mark Cycle
[523.850s][info][gc,marking     ] GC(1271) Concurrent Scan Root Regions
[523.933s][info][gc,marking     ] GC(1271) Concurrent Scan Root Regions 83.017ms
[523.933s][info][gc,marking     ] GC(1271) Concurrent Mark
[523.933s][info][gc,marking     ] GC(1271) Concurrent Mark From Roots
[523.933s][info][gc,task        ] GC(1271) Using 1 workers of 1 for marking
[524.456s][info][gc,start       ] GC(1272) Pause Young (Normal) (G1 Evacuation Pause)
[524.456s][info][gc,task        ] GC(1272) Using 2 workers of 2 for evacuation
[524.523s][info][gc,phases      ] GC(1272)   Pre Evacuate Collection Set: 0.29ms
[524.523s][info][gc,phases      ] GC(1272)   Merge Heap Roots: 0.35ms
[524.524s][info][gc,phases      ] GC(1272)   Evacuate Collection Set: 66.43ms
[524.524s][info][gc,phases      ] GC(1272)   Post Evacuate Collection Set: 0.57ms
[524.524s][info][gc,phases      ] GC(1272)   Other: 0.09ms
[524.524s][info][gc,heap        ] GC(1272) Eden regions: 364->0(351)
[524.524s][info][gc,heap        ] GC(1272) Survivor regions: 32->36(50)
[524.524s][info][gc,heap        ] GC(1272) Old regions: 470->487
[524.524s][info][gc,heap        ] GC(1272) Humongous regions: 9->9
[524.524s][info][gc,metaspace   ] GC(1272) Metaspace: 19052K(19264K)->19052K(19264K) NonClass: 16386K(16512K)->16386K(16512K) Class: 2666K(2752K)->2666K(2752K)
[524.524s][info][gc             ] GC(1272) Pause Young (Normal) (G1 Evacuation Pause) 874M->531M(978M) 68.002ms
[524.524s][info][gc,cpu         ] GC(1272) User=0.14s Sys=0.00s Real=0.07s
[525.101s][info][gc,start       ] GC(1273) Pause Young (Normal) (G1 Evacuation Pause)
[525.101s][info][gc,task        ] GC(1273) Using 2 workers of 2 for evacuation
[525.165s][info][gc,phases      ] GC(1273)   Pre Evacuate Collection Set: 0.50ms
[525.165s][info][gc,phases      ] GC(1273)   Merge Heap Roots: 0.26ms
[525.165s][info][gc,phases      ] GC(1273)   Evacuate Collection Set: 62.59ms
[525.165s][info][gc,phases      ] GC(1273)   Post Evacuate Collection Set: 0.59ms
[525.165s][info][gc,phases      ] GC(1273)   Other: 0.09ms
[525.165s][info][gc,heap        ] GC(1273) Eden regions: 351->0(321)
[525.165s][info][gc,heap        ] GC(1273) Survivor regions: 36->48(49)
[525.165s][info][gc,heap        ] GC(1273) Old regions: 487->502
[525.165s][info][gc,heap        ] GC(1273) Humongous regions: 9->9
[525.165s][info][gc,metaspace   ] GC(1273) Metaspace: 19052K(19264K)->19052K(19264K) NonClass: 16386K(16512K)->16386K(16512K) Class: 2666K(2752K)->2666K(2752K)
[525.166s][info][gc             ] GC(1273) Pause Young (Normal) (G1 Evacuation Pause) 882M->558M(978M) 64.234ms
[525.166s][info][gc,cpu         ] GC(1273) User=0.13s Sys=0.00s Real=0.06s
[525.278s][info][gc,marking     ] GC(1271) Concurrent Mark From Roots 1345.033ms
[525.278s][info][gc,marking     ] GC(1271) Concurrent Preclean
[525.278s][info][gc,marking     ] GC(1271) Concurrent Preclean 0.036ms
[525.278s][info][gc,start       ] GC(1271) Pause Remark
[525.286s][info][gc             ] GC(1271) Pause Remark 595M->593M(978M) 7.832ms
[525.286s][info][gc,cpu         ] GC(1271) User=0.02s Sys=0.00s Real=0.01s
[525.286s][info][gc,marking     ] GC(1271) Concurrent Mark 1353.200ms
[525.286s][info][gc,marking     ] GC(1271) Concurrent Rebuild Remembered Sets and Scrub Regions
[525.782s][info][gc,marking     ] GC(1271) Concurrent Rebuild Remembered Sets and Scrub Regions 495.754ms
[525.782s][info][gc,start       ] GC(1271) Pause Cleanup
[525.782s][info][gc             ] GC(1271) Pause Cleanup 798M->798M(978M) 0.127ms
[525.782s][info][gc,cpu         ] GC(1271) User=0.00s Sys=0.00s Real=0.00s
[525.782s][info][gc,marking     ] GC(1271) Concurrent Clear Claimed Marks
[525.782s][info][gc,marking     ] GC(1271) Concurrent Clear Claimed Marks 0.036ms
[525.782s][info][gc,marking     ] GC(1271) Concurrent Cleanup for Next Mark
[525.787s][info][gc,marking     ] GC(1271) Concurrent Cleanup for Next Mark 4.855ms
[525.787s][info][gc             ] GC(1271) Concurrent Mark Cycle 1939.544ms
[525.863s][info][gc,start       ] GC(1274) Pause Young (Prepare Mixed) (G1 Evacuation Pause)
[525.864s][info][gc,task        ] GC(1274) Using 2 workers of 2 for evacuation
[525.952s][info][gc,phases      ] GC(1274)   Pre Evacuate Collection Set: 0.31ms
[525.952s][info][gc,phases      ] GC(1274)   Merge Heap Roots: 0.42ms
[525.952s][info][gc,phases      ] GC(1274)   Evacuate Collection Set: 86.44ms
[525.952s][info][gc,phases      ] GC(1274)   Post Evacuate Collection Set: 0.88ms
[525.952s][info][gc,phases      ] GC(1274)   Other: 0.10ms
[525.952s][info][gc,heap        ] GC(1274) Eden regions: 321->0(294)
[525.952s][info][gc,heap        ] GC(1274) Survivor regions: 48->35(47)
[525.952s][info][gc,heap        ] GC(1274) Old regions: 502->550
[525.952s][info][gc,heap        ] GC(1274) Humongous regions: 7->7
[525.952s][info][gc,metaspace   ] GC(1274) Metaspace: 19052K(19264K)->19052K(19264K) NonClass: 16386K(16512K)->16386K(16512K) Class: 2666K(2752K)->2666K(2752K)
[525.952s][info][gc             ] GC(1274) Pause Young (Prepare Mixed) (G1 Evacuation Pause) 877M->591M(978M) 88.377ms
[525.952s][info][gc,cpu         ] GC(1274) User=0.18s Sys=0.00s Real=0.09s
[526.271s][info][gc,start       ] GC(1275) Pause Young (Mixed) (G1 Evacuation Pause)
[526.271s][info][gc,task        ] GC(1275) Using 2 workers of 2 for evacuation
[526.335s][info][gc,phases      ] GC(1275)   Pre Evacuate Collection Set: 0.52ms
[526.335s][info][gc,phases      ] GC(1275)   Merge Heap Roots: 0.60ms
[526.335s][info][gc,phases      ] GC(1275)   Evacuate Collection Set: 61.78ms
[526.335s][info][gc,phases      ] GC(1275)   Post Evacuate Collection Set: 0.98ms
[526.335s][info][gc,phases      ] GC(1275)   Other: 0.09ms
[526.335s][info][gc,heap        ] GC(1275) Eden regions: 294->0(308)
[526.335s][info][gc,heap        ] GC(1275) Survivor regions: 35->5(42)
[526.335s][info][gc,heap        ] GC(1275) Old regions: 550->576
[526.335s][info][gc,heap        ] GC(1275) Humongous regions: 7->7
[526.335s][info][gc,metaspace   ] GC(1275) Metaspace: 19052K(19264K)->19052K(19264K) NonClass: 16386K(16512K)->16386K(16512K) Class: 2666K(2752K)->2666K(2752K)
[526.335s][info][gc             ] GC(1275) Pause Young (Mixed) (G1 Evacuation Pause) 885M->587M(978M) 64.165ms
[526.335s][info][gc,cpu         ] GC(1275) User=0.13s Sys=0.00s Real=0.07s
[526.855s][info][gc,start       ] GC(1276) Pause Young (Mixed) (G1 Evacuation Pause)
[526.856s][info][gc,task        ] GC(1276) Using 2 workers of 2 for evacuation
[527.016s][info][gc,phases      ] GC(1276)   Pre Evacuate Collection Set: 0.32ms
[527.016s][info][gc,phases      ] GC(1276)   Merge Heap Roots: 0.79ms
[527.016s][info][gc,phases      ] GC(1276)   Evacuate Collection Set: 158.10ms
[527.016s][info][gc,phases      ] GC(1276)   Post Evacuate Collection Set: 1.41ms
[527.016s][info][gc,phases      ] GC(1276)   Other: 0.09ms
[527.016s][info][gc,heap        ] GC(1276) Eden regions: 308->0(287)
[527.016s][info][gc,heap        ] GC(1276) Survivor regions: 5->29(40)
[527.016s][info][gc,heap        ] GC(1276) Old regions: 576->576
[527.016s][info][gc,heap        ] GC(1276) Humongous regions: 7->7
[527.016s][info][gc,metaspace   ] GC(1276) Metaspace: 19052K(19264K)->19052K(19264K) NonClass: 16386K(16512K)->16386K(16512K) Class: 2666K(2752K)->2666K(2752K)
[527.016s][info][gc             ] GC(1276) Pause Young (Mixed) (G1 Evacuation Pause) 895M->610M(978M) 160.965ms
[527.016s][info][gc,cpu         ] GC(1276) User=0.32s Sys=0.00s Real=0.16s
[527.694s][info][gc,start       ] GC(1277) Pause Young (Concurrent Start) (G1 Evacuation Pause)
[527.694s][info][gc,task        ] GC(1277) Using 2 workers of 2 for evacuation
[527.724s][info][gc,phases      ] GC(1277)   Pre Evacuate Collection Set: 0.31ms
[527.724s][info][gc,phases      ] GC(1277)   Merge Heap Roots: 0.21ms
[527.724s][info][gc,phases      ] GC(1277)   Evacuate Collection Set: 28.57ms
[527.724s][info][gc,phases      ] GC(1277)   Post Evacuate Collection Set: 0.50ms
[527.724s][info][gc,phases      ] GC(1277)   Other: 0.13ms
[527.724s][info][gc,heap        ] GC(1277) Eden regions: 287->0(302)
[527.724s][info][gc,heap        ] GC(1277) Survivor regions: 29->1(40)
[527.724s][info][gc,heap        ] GC(1277) Old regions: 576->604
[527.724s][info][gc,heap        ] GC(1277) Humongous regions: 7->7
[527.724s][info][gc,metaspace   ] GC(1277) Metaspace: 19052K(19264K)->19052K(19264K) NonClass: 16386K(16512K)->16386K(16512K) Class: 2666K(2752K)->2666K(2752K)
[527.724s][info][gc             ] GC(1277) Pause Young (Concurrent Start) (G1 Evacuation Pause) 897M->611M(978M) 29.929ms
[527.724s][info][gc,cpu         ] GC(1277) User=0.06s Sys=0.00s Real=0.03s
[527.724s][info][gc             ] GC(1278) Concurrent Mark Cycle
[527.724s][info][gc,marking     ] GC(1278) Concurrent Scan Root Regions
[527.776s][info][gc,marking     ] GC(1278) Concurrent Scan Root Regions 51.605ms
[527.776s][info][gc,marking     ] GC(1278) Concurrent Mark
[527.776s][info][gc,marking     ] GC(1278) Concurrent Mark From Roots
[527.776s][info][gc,task        ] GC(1278) Using 1 workers of 1 for marking
[528.790s][info][gc,start       ] GC(1279) Pause Young (Normal) (G1 Evacuation Pause)
[528.790s][info][gc,task        ] GC(1279) Using 2 workers of 2 for evacuation
[528.793s][info][gc,phases      ] GC(1279)   Pre Evacuate Collection Set: 0.50ms
[528.793s][info][gc,phases      ] GC(1279)   Merge Heap Roots: 0.13ms
[528.793s][info][gc,phases      ] GC(1279)   Evacuate Collection Set: 1.49ms
[528.793s][info][gc,phases      ] GC(1279)   Post Evacuate Collection Set: 0.44ms
[528.793s][info][gc,phases      ] GC(1279)   Other: 0.11ms
[528.793s][info][gc,heap        ] GC(1279) Eden regions: 302->0(312)
[528.793s][info][gc,heap        ] GC(1279) Survivor regions: 1->1(38)
[528.793s][info][gc,heap        ] GC(1279) Old regions: 604->604
[528.793s][info][gc,heap        ] GC(1279) Humongous regions: 7->7
[528.793s][info][gc,metaspace   ] GC(1279) Metaspace: 19052K(19264K)->19052K(19264K) NonClass: 16386K(16512K)->16386K(16512K) Class: 2666K(2752K)->2666K(2752K)
[528.793s][info][gc             ] GC(1279) Pause Young (Normal) (G1 Evacuation Pause) 913M->611M(978M) 2.873ms
[528.793s][info][gc,cpu         ] GC(1279) User=0.00s Sys=0.00s Real=0.01s
[529.046s][info][gc,marking     ] GC(1278) Concurrent Mark From Roots 1269.695ms
[529.046s][info][gc,marking     ] GC(1278) Concurrent Preclean
[529.046s][info][gc,marking     ] GC(1278) Concurrent Preclean 0.036ms
[529.046s][info][gc,start       ] GC(1278) Pause Remark
[529.132s][info][gc             ] GC(1278) Pause Remark 686M->686M(978M) 86.221ms
[529.132s][info][gc,cpu         ] GC(1278) User=0.17s Sys=0.00s Real=0.09s
[529.134s][info][gc,marking     ] GC(1278) Concurrent Mark 1357.935ms
[529.134s][info][gc,marking     ] GC(1278) Concurrent Rebuild Remembered Sets and Scrub Regions
[529.486s][info][gc,start       ] GC(1280) Pause Young (Normal) (G1 Evacuation Pause)
[529.487s][info][gc,task        ] GC(1280) Using 2 workers of 2 for evacuation
[529.555s][info][gc,phases      ] GC(1280)   Pre Evacuate Collection Set: 0.28ms
[529.555s][info][gc,phases      ] GC(1280)   Merge Heap Roots: 0.15ms
[529.555s][info][gc,phases      ] GC(1280)   Evacuate Collection Set: 62.60ms
[529.555s][info][gc,phases      ] GC(1280)   Post Evacuate Collection Set: 4.94ms
[529.555s][info][gc,phases      ] GC(1280)   Other: 0.09ms
[529.555s][info][gc,heap        ] GC(1280) Eden regions: 312->0(164)
[529.555s][info][gc,heap        ] GC(1280) Survivor regions: 1->40(40)
[529.555s][info][gc,heap        ] GC(1280) Old regions: 604->677
[529.555s][info][gc,heap        ] GC(1280) Humongous regions: 7->7
[529.555s][info][gc,metaspace   ] GC(1280) Metaspace: 19052K(19264K)->19052K(19264K) NonClass: 16386K(16512K)->16386K(16512K) Class: 2666K(2752K)->2666K(2752K)
[529.555s][info][gc             ] GC(1280) Pause Young (Normal) (G1 Evacuation Pause) (Evacuation Failure: Allocation) 923M->723M(978M) 68.301ms
[529.555s][info][gc,cpu         ] GC(1280) User=0.13s Sys=0.00s Real=0.07s
[529.768s][info][gc,marking     ] GC(1278) Concurrent Rebuild Remembered Sets and Scrub Regions 634.037ms
[529.768s][info][gc,start       ] GC(1278) Pause Cleanup
[529.768s][info][gc             ] GC(1278) Pause Cleanup 811M->811M(978M) 0.098ms
[529.768s][info][gc,cpu         ] GC(1278) User=0.00s Sys=0.00s Real=0.00s
[529.769s][info][gc,marking     ] GC(1278) Concurrent Clear Claimed Marks
[529.769s][info][gc,marking     ] GC(1278) Concurrent Clear Claimed Marks 0.034ms
[529.769s][info][gc,marking     ] GC(1278) Concurrent Cleanup for Next Mark
[529.772s][info][gc,marking     ] GC(1278) Concurrent Cleanup for Next Mark 2.883ms
[529.772s][info][gc             ] GC(1278) Concurrent Mark Cycle 2047.693ms
[529.923s][info][gc,start       ] GC(1281) Pause Young (Prepare Mixed) (G1 Evacuation Pause)
[529.923s][info][gc,task        ] GC(1281) Using 2 workers of 2 for evacuation
[529.989s][info][gc,phases      ] GC(1281)   Pre Evacuate Collection Set: 0.51ms
[529.989s][info][gc,phases      ] GC(1281)   Merge Heap Roots: 0.34ms
[529.989s][info][gc,phases      ] GC(1281)   Evacuate Collection Set: 64.17ms
[529.989s][info][gc,phases      ] GC(1281)   Post Evacuate Collection Set: 0.59ms
[529.989s][info][gc,phases      ] GC(1281)   Other: 0.10ms
[529.989s][info][gc,heap        ] GC(1281) Eden regions: 164->0(219)
[529.989s][info][gc,heap        ] GC(1281) Survivor regions: 40->9(26)
[529.989s][info][gc,heap        ] GC(1281) Old regions: 677->673
[529.989s][info][gc,heap        ] GC(1281) Humongous regions: 7->7
[529.989s][info][gc,metaspace   ] GC(1281) Metaspace: 19069K(19264K)->19069K(19264K) NonClass: 16403K(16512K)->16403K(16512K) Class: 2666K(2752K)->2666K(2752K)
[529.989s][info][gc             ] GC(1281) Pause Young (Prepare Mixed) (G1 Evacuation Pause) 887M->688M(978M) 65.959ms
[529.989s][info][gc,cpu         ] GC(1281) User=0.13s Sys=0.00s Real=0.06s
[530.311s][info][gc,start       ] GC(1282) Pause Young (Mixed) (G1 Evacuation Pause)
[530.311s][info][gc,task        ] GC(1282) Using 2 workers of 2 for evacuation
[530.390s][info][gc,phases      ] GC(1282)   Pre Evacuate Collection Set: 0.51ms
[530.391s][info][gc,phases      ] GC(1282)   Merge Heap Roots: 1.06ms
[530.391s][info][gc,phases      ] GC(1282)   Evacuate Collection Set: 75.74ms
[530.391s][info][gc,phases      ] GC(1282)   Post Evacuate Collection Set: 1.80ms
[530.391s][info][gc,phases      ] GC(1282)   Other: 0.09ms
[530.391s][info][gc,heap        ] GC(1282) Eden regions: 219->0(173)
[530.391s][info][gc,heap        ] GC(1282) Survivor regions: 9->29(29)
[530.391s][info][gc,heap        ] GC(1282) Old regions: 673->687
[530.391s][info][gc,heap        ] GC(1282) Humongous regions: 10->10
[530.391s][info][gc,metaspace   ] GC(1282) Metaspace: 19069K(19264K)->19069K(19264K) NonClass: 16403K(16512K)->16403K(16512K) Class: 2666K(2752K)->2666K(2752K)
[530.391s][info][gc             ] GC(1282) Pause Young (Mixed) (G1 Evacuation Pause) 910M->725M(978M) 79.405ms
[530.391s][info][gc,cpu         ] GC(1282) User=0.15s Sys=0.00s Real=0.07s
[530.552s][info][gc,start       ] GC(1283) Pause Young (Concurrent Start) (G1 Evacuation Pause)
[530.552s][info][gc,task        ] GC(1283) Using 2 workers of 2 for evacuation
[530.639s][info][gc,phases      ] GC(1283)   Pre Evacuate Collection Set: 0.32ms
[530.640s][info][gc,phases      ] GC(1283)   Merge Heap Roots: 0.45ms
[530.640s][info][gc,phases      ] GC(1283)   Evacuate Collection Set: 85.69ms
[530.640s][info][gc,phases      ] GC(1283)   Post Evacuate Collection Set: 0.57ms
[530.640s][info][gc,phases      ] GC(1283)   Other: 0.09ms
[530.640s][info][gc,heap        ] GC(1283) Eden regions: 173->0(130)
[530.640s][info][gc,heap        ] GC(1283) Survivor regions: 29->26(26)
[530.640s][info][gc,heap        ] GC(1283) Old regions: 687->736
[530.640s][info][gc,heap        ] GC(1283) Humongous regions: 10->10
[530.640s][info][gc,metaspace   ] GC(1283) Metaspace: 19069K(19264K)->19069K(19264K) NonClass: 16403K(16512K)->16403K(16512K) Class: 2666K(2752K)->2666K(2752K)
[530.640s][info][gc             ] GC(1283) Pause Young (Concurrent Start) (G1 Evacuation Pause) 898M->771M(978M) 87.369ms
[530.640s][info][gc,cpu         ] GC(1283) User=0.17s Sys=0.00s Real=0.08s
[530.640s][info][gc             ] GC(1284) Concurrent Mark Cycle
[530.640s][info][gc,marking     ] GC(1284) Concurrent Scan Root Regions
[530.714s][info][gc,marking     ] GC(1284) Concurrent Scan Root Regions 74.381ms
[530.714s][info][gc,marking     ] GC(1284) Concurrent Mark
[530.714s][info][gc,marking     ] GC(1284) Concurrent Mark From Roots
[530.714s][info][gc,task        ] GC(1284) Using 1 workers of 1 for marking
[530.929s][info][gc,start       ] GC(1285) Pause Young (Normal) (G1 Evacuation Pause)
[530.930s][info][gc,task        ] GC(1285) Using 2 workers of 2 for evacuation
[530.957s][info][gc,phases      ] GC(1285)   Pre Evacuate Collection Set: 0.29ms
[530.957s][info][gc,phases      ] GC(1285)   Merge Heap Roots: 0.28ms
[530.957s][info][gc,phases      ] GC(1285)   Evacuate Collection Set: 26.34ms
[530.957s][info][gc,phases      ] GC(1285)   Post Evacuate Collection Set: 0.36ms
[530.957s][info][gc,phases      ] GC(1285)   Other: 0.07ms
[530.957s][info][gc,heap        ] GC(1285) Eden regions: 130->0(144)
[530.957s][info][gc,heap        ] GC(1285) Survivor regions: 26->1(20)
[530.957s][info][gc,heap        ] GC(1285) Old regions: 736->762
[530.957s][info][gc,heap        ] GC(1285) Humongous regions: 10->10
[530.957s][info][gc,metaspace   ] GC(1285) Metaspace: 19069K(19264K)->19069K(19264K) NonClass: 16403K(16512K)->16403K(16512K) Class: 2666K(2752K)->2666K(2752K)
[530.957s][info][gc             ] GC(1285) Pause Young (Normal) (G1 Evacuation Pause) 901M->772M(978M) 27.600ms
[530.957s][info][gc,cpu         ] GC(1285) User=0.06s Sys=0.00s Real=0.03s
[531.251s][info][gc,start       ] GC(1286) Pause Young (Normal) (G1 Evacuation Pause)
[531.251s][info][gc,task        ] GC(1286) Using 2 workers of 2 for evacuation
[531.252s][info][gc,phases      ] GC(1286)   Pre Evacuate Collection Set: 0.28ms
[531.253s][info][gc,phases      ] GC(1286)   Merge Heap Roots: 0.06ms
[531.253s][info][gc,phases      ] GC(1286)   Evacuate Collection Set: 1.10ms
[531.253s][info][gc,phases      ] GC(1286)   Post Evacuate Collection Set: 0.34ms
[531.253s][info][gc,phases      ] GC(1286)   Other: 0.09ms
[531.253s][info][gc,heap        ] GC(1286) Eden regions: 144->0(152)
[531.253s][info][gc,heap        ] GC(1286) Survivor regions: 1->1(19)
[531.253s][info][gc,heap        ] GC(1286) Old regions: 762->762
[531.253s][info][gc,heap        ] GC(1286) Humongous regions: 10->10
[531.253s][info][gc,metaspace   ] GC(1286) Metaspace: 19069K(19264K)->19069K(19264K) NonClass: 16403K(16512K)->16403K(16512K) Class: 2666K(2752K)->2666K(2752K)
[531.253s][info][gc             ] GC(1286) Pause Young (Normal) (G1 Evacuation Pause) 916M->772M(978M) 2.079ms
[531.253s][info][gc,cpu         ] GC(1286) User=0.00s Sys=0.00s Real=0.01s
[531.349s][info][gc,marking     ] GC(1284) Concurrent Mark From Roots 634.488ms
[531.349s][info][gc,marking     ] GC(1284) Concurrent Preclean
[531.349s][info][gc,marking     ] GC(1284) Concurrent Preclean 0.032ms
[531.350s][info][gc,start       ] GC(1284) Pause Remark
[531.358s][info][gc             ] GC(1284) Pause Remark 816M->511M(978M) 8.026ms
[531.358s][info][gc,cpu         ] GC(1284) User=0.01s Sys=0.00s Real=0.01s
[531.358s][info][gc,marking     ] GC(1284) Concurrent Mark 644.373ms
[531.359s][info][gc,marking     ] GC(1284) Concurrent Rebuild Remembered Sets and Scrub Regions
[531.521s][info][gc,start       ] GC(1287) Pause Young (Normal) (G1 Evacuation Pause)
[531.521s][info][gc,task        ] GC(1287) Using 2 workers of 2 for evacuation
[531.523s][info][gc,phases      ] GC(1287)   Pre Evacuate Collection Set: 0.44ms
[531.523s][info][gc,phases      ] GC(1287)   Merge Heap Roots: 0.07ms
[531.523s][info][gc,phases      ] GC(1287)   Evacuate Collection Set: 1.09ms
[531.523s][info][gc,phases      ] GC(1287)   Post Evacuate Collection Set: 0.32ms
[531.523s][info][gc,phases      ] GC(1287)   Other: 0.12ms
[531.523s][info][gc,heap        ] GC(1287) Eden regions: 152->0(384)
[531.523s][info][gc,heap        ] GC(1287) Survivor regions: 1->1(20)
[531.523s][info][gc,heap        ] GC(1287) Old regions: 463->463
[531.523s][info][gc,heap        ] GC(1287) Humongous regions: 4->4
[531.523s][info][gc,metaspace   ] GC(1287) Metaspace: 19069K(19264K)->19069K(19264K) NonClass: 16403K(16512K)->16403K(16512K) Class: 2666K(2752K)->2666K(2752K)
[531.523s][info][gc             ] GC(1287) Pause Young (Normal) (G1 Evacuation Pause) 619M->467M(978M) 2.232ms
[531.523s][info][gc,cpu         ] GC(1287) User=0.00s Sys=0.00s Real=0.00s
[531.703s][info][gc,marking     ] GC(1284) Concurrent Rebuild Remembered Sets and Scrub Regions 344.432ms
[531.703s][info][gc,start       ] GC(1284) Pause Cleanup
[531.703s][info][gc             ] GC(1284) Pause Cleanup 566M->566M(978M) 0.157ms
[531.703s][info][gc,cpu         ] GC(1284) User=0.00s Sys=0.00s Real=0.00s
[531.703s][info][gc,marking     ] GC(1284) Concurrent Clear Claimed Marks
[531.703s][info][gc,marking     ] GC(1284) Concurrent Clear Claimed Marks 0.035ms
[531.703s][info][gc,marking     ] GC(1284) Concurrent Cleanup for Next Mark
[531.709s][info][gc,marking     ] GC(1284) Concurrent Cleanup for Next Mark 5.376ms
[531.709s][info][gc             ] GC(1284) Concurrent Mark Cycle 1069.227ms
[532.031s][info][gc,start       ] GC(1288) Pause Young (Prepare Mixed) (G1 Evacuation Pause)
[532.031s][info][gc,task        ] GC(1288) Using 2 workers of 2 for evacuation
[532.034s][info][gc,phases      ] GC(1288)   Pre Evacuate Collection Set: 0.50ms
[532.034s][info][gc,phases      ] GC(1288)   Merge Heap Roots: 0.13ms
[532.034s][info][gc,phases      ] GC(1288)   Evacuate Collection Set: 1.59ms
[532.034s][info][gc,phases      ] GC(1288)   Post Evacuate Collection Set: 0.54ms
[532.034s][info][gc,phases      ] GC(1288)   Other: 0.10ms
[532.034s][info][gc,heap        ] GC(1288) Eden regions: 384->0(406)
[532.034s][info][gc,heap        ] GC(1288) Survivor regions: 1->1(49)
[532.034s][info][gc,heap        ] GC(1288) Old regions: 463->463
[532.034s][info][gc,heap        ] GC(1288) Humongous regions: 4->4
[532.034s][info][gc,metaspace   ] GC(1288) Metaspace: 19069K(19264K)->19069K(19264K) NonClass: 16403K(16512K)->16403K(16512K) Class: 2666K(2752K)->2666K(2752K)
[532.034s][info][gc             ] GC(1288) Pause Young (Prepare Mixed) (G1 Evacuation Pause) 851M->467M(978M) 3.054ms
[532.034s][info][gc,cpu         ] GC(1288) User=0.00s Sys=0.00s Real=0.01s
[532.520s][info][gc,start       ] GC(1289) Pause Young (Mixed) (G1 Evacuation Pause)
[532.520s][info][gc,task        ] GC(1289) Using 2 workers of 2 for evacuation
[532.560s][info][gc,phases      ] GC(1289)   Pre Evacuate Collection Set: 0.35ms
[532.560s][info][gc,phases      ] GC(1289)   Merge Heap Roots: 0.43ms
[532.560s][info][gc,phases      ] GC(1289)   Evacuate Collection Set: 38.66ms
[532.560s][info][gc,phases      ] GC(1289)   Post Evacuate Collection Set: 0.77ms
[532.560s][info][gc,phases      ] GC(1289)   Other: 0.10ms
[532.561s][info][gc,heap        ] GC(1289) Eden regions: 406->0(459)
[532.561s][info][gc,heap        ] GC(1289) Survivor regions: 1->19(51)
[532.561s][info][gc,heap        ] GC(1289) Old regions: 463->384
[532.561s][info][gc,heap        ] GC(1289) Humongous regions: 7->7
[532.561s][info][gc,metaspace   ] GC(1289) Metaspace: 19070K(19264K)->19070K(19264K) NonClass: 16403K(16512K)->16403K(16512K) Class: 2666K(2752K)->2666K(2752K)
[532.561s][info][gc             ] GC(1289) Pause Young (Mixed) (G1 Evacuation Pause) 876M->408M(978M) 40.531ms
[532.561s][info][gc,cpu         ] GC(1289) User=0.08s Sys=0.00s Real=0.04s
[533.153s][info][gc,start       ] GC(1290) Pause Young (Concurrent Start) (G1 Evacuation Pause)
[533.153s][info][gc,task        ] GC(1290) Using 2 workers of 2 for evacuation
[533.226s][info][gc,phases      ] GC(1290)   Pre Evacuate Collection Set: 0.33ms
[533.226s][info][gc,phases      ] GC(1290)   Merge Heap Roots: 0.46ms
[533.226s][info][gc,phases      ] GC(1290)   Evacuate Collection Set: 71.87ms
[533.226s][info][gc,phases      ] GC(1290)   Post Evacuate Collection Set: 0.79ms
[533.226s][info][gc,phases      ] GC(1290)   Other: 0.19ms
[533.226s][info][gc,heap        ] GC(1290) Eden regions: 459->0(429)
[533.226s][info][gc,heap        ] GC(1290) Survivor regions: 19->51(60)
[533.226s][info][gc,heap        ] GC(1290) Old regions: 384->384
[533.226s][info][gc,heap        ] GC(1290) Humongous regions: 7->7
[533.226s][info][gc,metaspace   ] GC(1290) Metaspace: 19070K(19264K)->19070K(19264K) NonClass: 16404K(16512K)->16404K(16512K) Class: 2666K(2752K)->2666K(2752K)
[533.226s][info][gc             ] GC(1290) Pause Young (Concurrent Start) (G1 Evacuation Pause) 867M->440M(978M) 73.866ms
[533.226s][info][gc             ] GC(1291) Concurrent Mark Cycle
[533.226s][info][gc,marking     ] GC(1291) Concurrent Scan Root Regions
[533.229s][info][gc,cpu         ] GC(1290) User=0.15s Sys=0.00s Real=0.07s
[533.334s][info][gc,marking     ] GC(1291) Concurrent Scan Root Regions 107.319ms
[533.334s][info][gc,marking     ] GC(1291) Concurrent Mark
[533.334s][info][gc,marking     ] GC(1291) Concurrent Mark From Roots
[533.334s][info][gc,task        ] GC(1291) Using 1 workers of 1 for marking
[533.779s][info][gc,marking     ] GC(1291) Concurrent Mark From Roots 445.075ms
[533.779s][info][gc,marking     ] GC(1291) Concurrent Preclean
[533.779s][info][gc,marking     ] GC(1291) Concurrent Preclean 0.028ms
[533.779s][info][gc,start       ] GC(1291) Pause Remark
[533.787s][info][gc             ] GC(1291) Pause Remark 832M->741M(978M) 7.834ms
[533.787s][info][gc,cpu         ] GC(1291) User=0.02s Sys=0.00s Real=0.01s
[533.788s][info][gc,marking     ] GC(1291) Concurrent Mark 453.885ms
[533.788s][info][gc,marking     ] GC(1291) Concurrent Rebuild Remembered Sets and Scrub Regions
[533.848s][info][gc,start       ] GC(1292) Pause Young (Normal) (G1 Evacuation Pause)
[533.848s][info][gc,task        ] GC(1292) Using 2 workers of 2 for evacuation
[533.924s][info][gc,phases      ] GC(1292)   Pre Evacuate Collection Set: 0.45ms
[533.924s][info][gc,phases      ] GC(1292)   Merge Heap Roots: 0.45ms
[533.924s][info][gc,phases      ] GC(1292)   Evacuate Collection Set: 75.08ms
[533.924s][info][gc,phases      ] GC(1292)   Post Evacuate Collection Set: 0.63ms
[533.924s][info][gc,phases      ] GC(1292)   Other: 0.09ms
[533.924s][info][gc,heap        ] GC(1292) Eden regions: 429->0(513)
[533.924s][info][gc,heap        ] GC(1292) Survivor regions: 51->9(60)
[533.924s][info][gc,heap        ] GC(1292) Old regions: 296->346
[533.924s][info][gc,heap        ] GC(1292) Humongous regions: 4->4
[533.924s][info][gc,metaspace   ] GC(1292) Metaspace: 19070K(19264K)->19070K(19264K) NonClass: 16404K(16512K)->16404K(16512K) Class: 2666K(2752K)->2666K(2752K)
[533.924s][info][gc             ] GC(1292) Pause Young (Normal) (G1 Evacuation Pause) 778M->357M(978M) 76.898ms
[533.924s][info][gc,cpu         ] GC(1292) User=0.15s Sys=0.00s Real=0.08s
[534.077s][info][gc,marking     ] GC(1291) Concurrent Rebuild Remembered Sets and Scrub Regions 289.113ms
[534.079s][info][gc,start       ] GC(1291) Pause Cleanup
[534.079s][info][gc             ] GC(1291) Pause Cleanup 446M->446M(978M) 0.132ms
[534.079s][info][gc,cpu         ] GC(1291) User=0.00s Sys=0.00s Real=0.00s
[534.079s][info][gc,marking     ] GC(1291) Concurrent Clear Claimed Marks
[534.079s][info][gc,marking     ] GC(1291) Concurrent Clear Claimed Marks 0.057ms
[534.079s][info][gc,marking     ] GC(1291) Concurrent Cleanup for Next Mark
[534.084s][info][gc,marking     ] GC(1291) Concurrent Cleanup for Next Mark 4.846ms
[534.084s][info][gc             ] GC(1291) Concurrent Mark Cycle 857.400ms
[534.650s][info][gc,start       ] GC(1293) Pause Young (Prepare Mixed) (G1 Evacuation Pause)
[534.650s][info][gc,task        ] GC(1293) Using 2 workers of 2 for evacuation
[534.729s][info][gc,phases      ] GC(1293)   Pre Evacuate Collection Set: 0.49ms
[534.729s][info][gc,phases      ] GC(1293)   Merge Heap Roots: 0.49ms
[534.729s][info][gc,phases      ] GC(1293)   Evacuate Collection Set: 77.58ms
[534.729s][info][gc,phases      ] GC(1293)   Post Evacuate Collection Set: 0.76ms
[534.729s][info][gc,phases      ] GC(1293)   Other: 0.09ms
[534.729s][info][gc,heap        ] GC(1293) Eden regions: 513->0(447)
[534.729s][info][gc,heap        ] GC(1293) Survivor regions: 9->65(66)
[534.729s][info][gc,heap        ] GC(1293) Old regions: 346->346
[534.729s][info][gc,heap        ] GC(1293) Humongous regions: 4->4
[534.729s][info][gc,metaspace   ] GC(1293) Metaspace: 19070K(19264K)->19070K(19264K) NonClass: 16404K(16512K)->16404K(16512K) Class: 2666K(2752K)->2666K(2752K)
[534.729s][info][gc             ] GC(1293) Pause Young (Prepare Mixed) (G1 Evacuation Pause) 870M->413M(978M) 79.628ms
[534.729s][info][gc,cpu         ] GC(1293) User=0.15s Sys=0.00s Real=0.08s
[535.191s][info][gc,start       ] GC(1294) Pause Young (Mixed) (G1 Evacuation Pause)
[535.191s][info][gc,task        ] GC(1294) Using 2 workers of 2 for evacuation
[535.273s][info][gc,phases      ] GC(1294)   Pre Evacuate Collection Set: 0.54ms
[535.273s][info][gc,phases      ] GC(1294)   Merge Heap Roots: 0.41ms
[535.273s][info][gc,phases      ] GC(1294)   Evacuate Collection Set: 80.54ms
[535.273s][info][gc,phases      ] GC(1294)   Post Evacuate Collection Set: 0.79ms
[535.273s][info][gc,phases      ] GC(1294)   Other: 0.09ms
[535.273s][info][gc,heap        ] GC(1294) Eden regions: 447->0(497)
[535.273s][info][gc,heap        ] GC(1294) Survivor regions: 65->14(64)
[535.273s][info][gc,heap        ] GC(1294) Old regions: 346->348
[535.273s][info][gc,heap        ] GC(1294) Humongous regions: 4->4
[535.273s][info][gc,metaspace   ] GC(1294) Metaspace: 19070K(19264K)->19070K(19264K) NonClass: 16404K(16512K)->16404K(16512K) Class: 2666K(2752K)->2666K(2752K)
[535.273s][info][gc             ] GC(1294) Pause Young (Mixed) (G1 Evacuation Pause) 860M->365M(978M) 82.621ms
[535.273s][info][gc,cpu         ] GC(1294) User=0.16s Sys=0.00s Real=0.09s
[536.102s][info][gc,start       ] GC(1295) Pause Young (Concurrent Start) (G1 Evacuation Pause)
[536.102s][info][gc,task        ] GC(1295) Using 2 workers of 2 for evacuation
[536.137s][info][gc,phases      ] GC(1295)   Pre Evacuate Collection Set: 0.30ms
[536.137s][info][gc,phases      ] GC(1295)   Merge Heap Roots: 0.26ms
[536.137s][info][gc,phases      ] GC(1295)   Evacuate Collection Set: 33.55ms
[536.137s][info][gc,phases      ] GC(1295)   Post Evacuate Collection Set: 0.68ms
[536.137s][info][gc,phases      ] GC(1295)   Other: 0.10ms
[536.137s][info][gc,heap        ] GC(1295) Eden regions: 497->0(494)
[536.137s][info][gc,heap        ] GC(1295) Survivor regions: 14->29(64)
[536.137s][info][gc,heap        ] GC(1295) Old regions: 348->348
[536.137s][info][gc,heap        ] GC(1295) Humongous regions: 4->4
[536.137s][info][gc,metaspace   ] GC(1295) Metaspace: 19070K(19264K)->19070K(19264K) NonClass: 16404K(16512K)->16404K(16512K) Class: 2666K(2752K)->2666K(2752K)
[536.137s][info][gc             ] GC(1295) Pause Young (Concurrent Start) (G1 Evacuation Pause) 862M->380M(978M) 35.092ms
[536.137s][info][gc             ] GC(1296) Concurrent Mark Cycle
[536.137s][info][gc,marking     ] GC(1296) Concurrent Scan Root Regions
[536.139s][info][gc,cpu         ] GC(1295) User=0.07s Sys=0.00s Real=0.03s
[536.190s][info][gc,marking     ] GC(1296) Concurrent Scan Root Regions 53.234ms
[536.190s][info][gc,marking     ] GC(1296) Concurrent Mark
[536.191s][info][gc,marking     ] GC(1296) Concurrent Mark From Roots
[536.191s][info][gc,task        ] GC(1296) Using 1 workers of 1 for marking
[537.061s][info][gc,marking     ] GC(1296) Concurrent Mark From Roots 870.704ms
[537.061s][info][gc,marking     ] GC(1296) Concurrent Preclean
[537.061s][info][gc,marking     ] GC(1296) Concurrent Preclean 0.036ms
[537.061s][info][gc,start       ] GC(1296) Pause Remark
[537.069s][info][gc             ] GC(1296) Pause Remark 642M->642M(978M) 7.928ms
[537.069s][info][gc,cpu         ] GC(1296) User=0.01s Sys=0.00s Real=0.00s
[537.069s][info][gc,marking     ] GC(1296) Concurrent Mark 878.953ms
[537.069s][info][gc,marking     ] GC(1296) Concurrent Rebuild Remembered Sets and Scrub Regions
[537.390s][info][gc,marking     ] GC(1296) Concurrent Rebuild Remembered Sets and Scrub Regions 320.493ms
[537.390s][info][gc,start       ] GC(1296) Pause Cleanup
[537.390s][info][gc             ] GC(1296) Pause Cleanup 710M->710M(978M) 0.086ms
[537.390s][info][gc,cpu         ] GC(1296) User=0.00s Sys=0.00s Real=0.00s
[537.390s][info][gc,marking     ] GC(1296) Concurrent Clear Claimed Marks
[537.390s][info][gc,marking     ] GC(1296) Concurrent Clear Claimed Marks 0.029ms
[537.390s][info][gc,marking     ] GC(1296) Concurrent Cleanup for Next Mark
[537.393s][info][gc,marking     ] GC(1296) Concurrent Cleanup for Next Mark 2.829ms
[537.393s][info][gc             ] GC(1296) Concurrent Mark Cycle 1255.975ms
[537.644s][info][gc,start       ] GC(1297) Pause Young (Prepare Mixed) (G1 Evacuation Pause)
[537.644s][info][gc,task        ] GC(1297) Using 2 workers of 2 for evacuation
[537.703s][info][gc,phases      ] GC(1297)   Pre Evacuate Collection Set: 0.28ms
[537.703s][info][gc,phases      ] GC(1297)   Merge Heap Roots: 0.39ms
[537.703s][info][gc,phases      ] GC(1297)   Evacuate Collection Set: 57.52ms
[537.703s][info][gc,phases      ] GC(1297)   Post Evacuate Collection Set: 0.77ms
[537.703s][info][gc,phases      ] GC(1297)   Other: 0.08ms
[537.703s][info][gc,heap        ] GC(1297) Eden regions: 494->0(460)
[537.703s][info][gc,heap        ] GC(1297) Survivor regions: 29->58(66)
[537.703s][info][gc,heap        ] GC(1297) Old regions: 348->348
[537.703s][info][gc,heap        ] GC(1297) Humongous regions: 4->4
[537.703s][info][gc,metaspace   ] GC(1297) Metaspace: 19070K(19264K)->19070K(19264K) NonClass: 16404K(16512K)->16404K(16512K) Class: 2666K(2752K)->2666K(2752K)
[537.703s][info][gc             ] GC(1297) Pause Young (Prepare Mixed) (G1 Evacuation Pause) 874M->409M(978M) 59.244ms
[537.703s][info][gc,cpu         ] GC(1297) User=0.11s Sys=0.00s Real=0.06s
[538.036s][info][gc,start       ] GC(1298) Pause Young (Mixed) (G1 Evacuation Pause)
[538.036s][info][gc,task        ] GC(1298) Using 2 workers of 2 for evacuation
[538.324s][info][gc,mmu         ] GC(1298) MMU target violated: 201.0ms (200.0ms/201.0ms)
[538.325s][info][gc,phases      ] GC(1298)   Pre Evacuate Collection Set: 0.29ms
[538.325s][info][gc,phases      ] GC(1298)   Merge Heap Roots: 0.42ms
[538.325s][info][gc,phases      ] GC(1298)   Evacuate Collection Set: 248.38ms
[538.325s][info][gc,phases      ] GC(1298)   Post Evacuate Collection Set: 38.97ms
[538.325s][info][gc,phases      ] GC(1298)   Other: 0.15ms
[538.325s][info][gc,heap        ] GC(1298) Eden regions: 460->0(0)
[538.325s][info][gc,heap        ] GC(1298) Survivor regions: 58->65(65)
[538.325s][info][gc,heap        ] GC(1298) Old regions: 348->810
[538.325s][info][gc,heap        ] GC(1298) Humongous regions: 7->7
[538.325s][info][gc,metaspace   ] GC(1298) Metaspace: 19070K(19264K)->19070K(19264K) NonClass: 16404K(16512K)->16404K(16512K) Class: 2666K(2752K)->2666K(2752K)
[538.325s][info][gc             ] GC(1298) Pause Young (Mixed) (G1 Evacuation Pause) (Evacuation Failure: Allocation) 872M->881M(978M) 288.390ms
[538.325s][info][gc,cpu         ] GC(1298) User=0.58s Sys=0.00s Real=0.29s
[538.325s][info][gc,ergo        ] Attempting full compaction
[538.325s][info][gc,start       ] GC(1299) Pause Full (G1 Compaction Pause)
[538.325s][info][gc,task        ] GC(1299) Using 2 workers of 2 for full compaction
[538.325s][info][gc,phases,start] GC(1299) Phase 1: Mark live objects
[538.716s][info][gc,phases      ] GC(1299) Phase 1: Mark live objects 391.615ms
[538.717s][info][gc,phases,start] GC(1299) Phase 2: Prepare compaction
[538.743s][info][gc,phases      ] GC(1299) Phase 2: Prepare compaction 26.984ms
[538.744s][info][gc,phases,start] GC(1299) Phase 3: Adjust pointers
[538.902s][info][gc,phases      ] GC(1299) Phase 3: Adjust pointers 158.078ms
[538.902s][info][gc,phases,start] GC(1299) Phase 4: Compact heap
[538.937s][info][gc,phases      ] GC(1299) Phase 4: Compact heap 35.220ms
[538.937s][info][gc,phases,start] GC(1299) Phase 5: Reset Metadata
[539.009s][info][gc,phases      ] GC(1299) Phase 5: Reset Metadata 71.840ms
[539.018s][info][gc,heap        ] GC(1299) Eden regions: 0->0(335)
[539.018s][info][gc,heap        ] GC(1299) Survivor regions: 65->0(65)
[539.018s][info][gc,heap        ] GC(1299) Old regions: 810->532
[539.018s][info][gc,heap        ] GC(1299) Humongous regions: 7->6
[539.018s][info][gc,metaspace   ] GC(1299) Metaspace: 19070K(19264K)->19070K(19264K) NonClass: 16404K(16512K)->16404K(16512K) Class: 2666K(2752K)->2666K(2752K)
[539.018s][info][gc             ] GC(1299) Pause Full (G1 Compaction Pause) 881M->537M(978M) 693.051ms
[539.018s][info][gc,cpu         ] GC(1299) User=1.36s Sys=0.00s Real=0.69s
[539.481s][info][gc,start       ] GC(1300) Pause Young (Concurrent Start) (G1 Evacuation Pause)
[539.481s][info][gc,task        ] GC(1300) Using 2 workers of 2 for evacuation
[539.514s][info][gc,phases      ] GC(1300)   Pre Evacuate Collection Set: 0.33ms
[539.514s][info][gc,phases      ] GC(1300)   Merge Heap Roots: 0.61ms
[539.514s][info][gc,phases      ] GC(1300)   Evacuate Collection Set: 30.49ms
[539.514s][info][gc,phases      ] GC(1300)   Post Evacuate Collection Set: 0.76ms
[539.514s][info][gc,phases      ] GC(1300)   Other: 0.19ms
[539.514s][info][gc,heap        ] GC(1300) Eden regions: 335->0(342)
[539.514s][info][gc,heap        ] GC(1300) Survivor regions: 0->7(42)
[539.514s][info][gc,heap        ] GC(1300) Old regions: 532->532
[539.514s][info][gc,heap        ] GC(1300) Humongous regions: 6->6
[539.514s][info][gc,metaspace   ] GC(1300) Metaspace: 19070K(19264K)->19070K(19264K) NonClass: 16404K(16512K)->16404K(16512K) Class: 2666K(2752K)->2666K(2752K)
[539.514s][info][gc             ] GC(1300) Pause Young (Concurrent Start) (G1 Evacuation Pause) 872M->544M(978M) 32.644ms
[539.514s][info][gc             ] GC(1301) Concurrent Mark Cycle
[539.514s][info][gc,marking     ] GC(1301) Concurrent Scan Root Regions
[539.515s][info][gc,cpu         ] GC(1300) User=0.07s Sys=0.00s Real=0.03s
[539.534s][info][gc,marking     ] GC(1301) Concurrent Scan Root Regions 20.362ms
[539.534s][info][gc,marking     ] GC(1301) Concurrent Mark
[539.534s][info][gc,marking     ] GC(1301) Concurrent Mark From Roots
[539.534s][info][gc,task        ] GC(1301) Using 1 workers of 1 for marking
[540.562s][info][gc,start       ] GC(1302) Pause Young (Normal) (G1 Evacuation Pause)
[540.562s][info][gc,task        ] GC(1302) Using 2 workers of 2 for evacuation
[540.637s][info][gc,phases      ] GC(1302)   Pre Evacuate Collection Set: 0.31ms
[540.637s][info][gc,phases      ] GC(1302)   Merge Heap Roots: 0.76ms
[540.637s][info][gc,phases      ] GC(1302)   Evacuate Collection Set: 73.43ms
[540.637s][info][gc,phases      ] GC(1302)   Post Evacuate Collection Set: 0.84ms
[540.637s][info][gc,phases      ] GC(1302)   Other: 0.11ms
[540.637s][info][gc,heap        ] GC(1302) Eden regions: 342->0(316)
[540.637s][info][gc,heap        ] GC(1302) Survivor regions: 7->31(44)
[540.637s][info][gc,heap        ] GC(1302) Old regions: 532->532
[540.637s][info][gc,heap        ] GC(1302) Humongous regions: 12->12
[540.637s][info][gc,metaspace   ] GC(1302) Metaspace: 19070K(19264K)->19070K(19264K) NonClass: 16404K(16512K)->16404K(16512K) Class: 2666K(2752K)->2666K(2752K)
[540.637s][info][gc             ] GC(1302) Pause Young (Normal) (G1 Evacuation Pause) 892M->574M(978M) 75.708ms
[540.637s][info][gc,cpu         ] GC(1302) User=0.15s Sys=0.00s Real=0.07s
[541.174s][info][gc,marking     ] GC(1301) Concurrent Mark From Roots 1639.226ms
[541.174s][info][gc,marking     ] GC(1301) Concurrent Preclean
[541.174s][info][gc,marking     ] GC(1301) Concurrent Preclean 0.040ms
[541.174s][info][gc,start       ] GC(1301) Pause Remark
[541.182s][info][gc             ] GC(1301) Pause Remark 730M->730M(978M) 7.755ms
[541.182s][info][gc,cpu         ] GC(1301) User=0.02s Sys=0.00s Real=0.01s
[541.183s][info][gc,marking     ] GC(1301) Concurrent Mark 1648.599ms
[541.183s][info][gc,marking     ] GC(1301) Concurrent Rebuild Remembered Sets and Scrub Regions
[541.502s][info][gc,start       ] GC(1303) Pause Young (Normal) (G1 Evacuation Pause)
[541.502s][info][gc,task        ] GC(1303) Using 2 workers of 2 for evacuation
[541.572s][info][gc,phases      ] GC(1303)   Pre Evacuate Collection Set: 0.28ms
[541.572s][info][gc,phases      ] GC(1303)   Merge Heap Roots: 0.76ms
[541.572s][info][gc,phases      ] GC(1303)   Evacuate Collection Set: 68.26ms
[541.572s][info][gc,phases      ] GC(1303)   Post Evacuate Collection Set: 0.51ms
[541.572s][info][gc,phases      ] GC(1303)   Other: 0.09ms
[541.572s][info][gc,heap        ] GC(1303) Eden regions: 316->0(331)
[541.572s][info][gc,heap        ] GC(1303) Survivor regions: 31->1(44)
[541.572s][info][gc,heap        ] GC(1303) Old regions: 532->563
[541.572s][info][gc,heap        ] GC(1303) Humongous regions: 12->12
[541.572s][info][gc,metaspace   ] GC(1303) Metaspace: 19070K(19264K)->19070K(19264K) NonClass: 16404K(16512K)->16404K(16512K) Class: 2666K(2752K)->2666K(2752K)
[541.572s][info][gc             ] GC(1303) Pause Young (Normal) (G1 Evacuation Pause) 890M->575M(978M) 70.178ms
[541.572s][info][gc,cpu         ] GC(1303) User=0.14s Sys=0.00s Real=0.07s
[541.928s][info][gc,marking     ] GC(1301) Concurrent Rebuild Remembered Sets and Scrub Regions 745.019ms
[541.928s][info][gc,start       ] GC(1301) Pause Cleanup
[541.928s][info][gc             ] GC(1301) Pause Cleanup 754M->754M(978M) 0.090ms
[541.928s][info][gc,cpu         ] GC(1301) User=0.00s Sys=0.00s Real=0.00s
[541.928s][info][gc,marking     ] GC(1301) Concurrent Clear Claimed Marks
[541.928s][info][gc,marking     ] GC(1301) Concurrent Clear Claimed Marks 0.030ms
[541.928s][info][gc,marking     ] GC(1301) Concurrent Cleanup for Next Mark
[541.931s][info][gc,marking     ] GC(1301) Concurrent Cleanup for Next Mark 2.875ms
[541.931s][info][gc             ] GC(1301) Concurrent Mark Cycle 2417.359ms
[542.080s][info][gc,start       ] GC(1304) Pause Young (Prepare Mixed) (G1 Evacuation Pause)
[542.080s][info][gc,task        ] GC(1304) Using 2 workers of 2 for evacuation
[542.109s][info][gc,phases      ] GC(1304)   Pre Evacuate Collection Set: 0.49ms
[542.109s][info][gc,phases      ] GC(1304)   Merge Heap Roots: 0.20ms
[542.109s][info][gc,phases      ] GC(1304)   Evacuate Collection Set: 27.72ms
[542.109s][info][gc,phases      ] GC(1304)   Post Evacuate Collection Set: 0.56ms
[542.109s][info][gc,phases      ] GC(1304)   Other: 0.11ms
[542.109s][info][gc,heap        ] GC(1304) Eden regions: 331->0(305)
[542.109s][info][gc,heap        ] GC(1304) Survivor regions: 1->24(42)
[542.109s][info][gc,heap        ] GC(1304) Old regions: 563->563
[542.109s][info][gc,heap        ] GC(1304) Humongous regions: 12->12
[542.109s][info][gc,metaspace   ] GC(1304) Metaspace: 19070K(19264K)->19070K(19264K) NonClass: 16404K(16512K)->16404K(16512K) Class: 2666K(2752K)->2666K(2752K)
[542.109s][info][gc             ] GC(1304) Pause Young (Prepare Mixed) (G1 Evacuation Pause) 906M->597M(978M) 29.274ms
[542.109s][info][gc,cpu         ] GC(1304) User=0.06s Sys=0.00s Real=0.03s
[542.376s][info][gc,start       ] GC(1305) Pause Young (Mixed) (G1 Evacuation Pause)
[542.376s][info][gc,task        ] GC(1305) Using 2 workers of 2 for evacuation
[542.411s][info][gc,phases      ] GC(1305)   Pre Evacuate Collection Set: 0.51ms
[542.411s][info][gc,phases      ] GC(1305)   Merge Heap Roots: 0.16ms
[542.411s][info][gc,phases      ] GC(1305)   Evacuate Collection Set: 33.19ms
[542.411s][info][gc,phases      ] GC(1305)   Post Evacuate Collection Set: 0.47ms
[542.411s][info][gc,phases      ] GC(1305)   Other: 0.09ms
[542.411s][info][gc,heap        ] GC(1305) Eden regions: 305->0(307)
[542.411s][info][gc,heap        ] GC(1305) Survivor regions: 24->9(42)
[542.411s][info][gc,heap        ] GC(1305) Old regions: 563->587
[542.411s][info][gc,heap        ] GC(1305) Humongous regions: 12->12
[542.411s][info][gc,metaspace   ] GC(1305) Metaspace: 19070K(19264K)->19070K(19264K) NonClass: 16404K(16512K)->16404K(16512K) Class: 2666K(2752K)->2666K(2752K)
[542.411s][info][gc             ] GC(1305) Pause Young (Mixed) (G1 Evacuation Pause) 902M->607M(978M) 34.660ms
[542.411s][info][gc,cpu         ] GC(1305) User=0.06s Sys=0.00s Real=0.04s
[542.879s][info][gc,start       ] GC(1306) Pause Young (Concurrent Start) (G1 Evacuation Pause)
[542.879s][info][gc,task        ] GC(1306) Using 2 workers of 2 for evacuation
[542.900s][info][gc,phases      ] GC(1306)   Pre Evacuate Collection Set: 0.36ms
[542.900s][info][gc,phases      ] GC(1306)   Merge Heap Roots: 0.18ms
[542.900s][info][gc,phases      ] GC(1306)   Evacuate Collection Set: 19.58ms
[542.900s][info][gc,phases      ] GC(1306)   Post Evacuate Collection Set: 0.53ms
[542.900s][info][gc,phases      ] GC(1306)   Other: 0.23ms
[542.900s][info][gc,heap        ] GC(1306) Eden regions: 307->0(293)
[542.900s][info][gc,heap        ] GC(1306) Survivor regions: 9->18(40)
[542.900s][info][gc,heap        ] GC(1306) Old regions: 587->587
[542.900s][info][gc,heap        ] GC(1306) Humongous regions: 12->12
[542.900s][info][gc,metaspace   ] GC(1306) Metaspace: 19070K(19264K)->19070K(19264K) NonClass: 16404K(16512K)->16404K(16512K) Class: 2666K(2752K)->2666K(2752K)
[542.900s][info][gc             ] GC(1306) Pause Young (Concurrent Start) (G1 Evacuation Pause) 914M->615M(978M) 21.074ms
[542.900s][info][gc,cpu         ] GC(1306) User=0.04s Sys=0.00s Real=0.02s
[542.902s][info][gc             ] GC(1307) Concurrent Mark Cycle
[542.902s][info][gc,marking     ] GC(1307) Concurrent Scan Root Regions
[542.932s][info][gc,marking     ] GC(1307) Concurrent Scan Root Regions 29.948ms
[542.932s][info][gc,marking     ] GC(1307) Concurrent Mark
[542.932s][info][gc,marking     ] GC(1307) Concurrent Mark From Roots
[542.932s][info][gc,task        ] GC(1307) Using 1 workers of 1 for marking
[543.940s][info][gc,start       ] GC(1308) Pause Young (Normal) (G1 Evacuation Pause)
[543.940s][info][gc,task        ] GC(1308) Using 2 workers of 2 for evacuation
[543.973s][info][gc,phases      ] GC(1308)   Pre Evacuate Collection Set: 0.29ms
[543.973s][info][gc,phases      ] GC(1308)   Merge Heap Roots: 0.20ms
[543.973s][info][gc,phases      ] GC(1308)   Evacuate Collection Set: 31.50ms
[543.973s][info][gc,phases      ] GC(1308)   Post Evacuate Collection Set: 0.49ms
[543.973s][info][gc,phases      ] GC(1308)   Other: 0.09ms
[543.973s][info][gc,heap        ] GC(1308) Eden regions: 293->0(269)
[543.973s][info][gc,heap        ] GC(1308) Survivor regions: 18->30(39)
[543.973s][info][gc,heap        ] GC(1308) Old regions: 587->587
[543.973s][info][gc,heap        ] GC(1308) Humongous regions: 12->12
[543.973s][info][gc,metaspace   ] GC(1308) Metaspace: 19070K(19264K)->19070K(19264K) NonClass: 16404K(16512K)->16404K(16512K) Class: 2666K(2752K)->2666K(2752K)
[543.973s][info][gc             ] GC(1308) Pause Young (Normal) (G1 Evacuation Pause) 908M->628M(978M) 32.782ms
[543.973s][info][gc,cpu         ] GC(1308) User=0.07s Sys=0.00s Real=0.04s
[544.288s][info][gc,marking     ] GC(1307) Concurrent Mark From Roots 1355.611ms
[544.288s][info][gc,marking     ] GC(1307) Concurrent Preclean
[544.288s][info][gc,marking     ] GC(1307) Concurrent Preclean 0.037ms
[544.288s][info][gc,start       ] GC(1307) Pause Remark
[544.296s][info][gc             ] GC(1307) Pause Remark 747M->693M(978M) 7.840ms
[544.296s][info][gc,cpu         ] GC(1307) User=0.01s Sys=0.00s Real=0.01s
[544.296s][info][gc,marking     ] GC(1307) Concurrent Mark 1363.741ms
[544.296s][info][gc,marking     ] GC(1307) Concurrent Rebuild Remembered Sets and Scrub Regions
[544.503s][info][gc,start       ] GC(1309) Pause Young (Normal) (G1 Evacuation Pause)
[544.503s][info][gc,task        ] GC(1309) Using 2 workers of 2 for evacuation
[544.568s][info][gc,phases      ] GC(1309)   Pre Evacuate Collection Set: 0.26ms
[544.568s][info][gc,phases      ] GC(1309)   Merge Heap Roots: 0.18ms
[544.568s][info][gc,phases      ] GC(1309)   Evacuate Collection Set: 63.44ms
[544.568s][info][gc,phases      ] GC(1309)   Post Evacuate Collection Set: 0.56ms
[544.568s][info][gc,phases      ] GC(1309)   Other: 0.09ms
[544.568s][info][gc,heap        ] GC(1309) Eden regions: 269->0(277)
[544.568s][info][gc,heap        ] GC(1309) Survivor regions: 30->38(38)
[544.568s][info][gc,heap        ] GC(1309) Old regions: 538->568
[544.568s][info][gc,heap        ] GC(1309) Humongous regions: 7->7
[544.568s][info][gc,metaspace   ] GC(1309) Metaspace: 19070K(19264K)->19070K(19264K) NonClass: 16404K(16512K)->16404K(16512K) Class: 2666K(2752K)->2666K(2752K)
[544.568s][info][gc             ] GC(1309) Pause Young (Normal) (G1 Evacuation Pause) 843M->612M(978M) 64.715ms
[544.568s][info][gc,cpu         ] GC(1309) User=0.13s Sys=0.00s Real=0.06s
[544.813s][info][gc,marking     ] GC(1307) Concurrent Rebuild Remembered Sets and Scrub Regions 517.370ms
[544.813s][info][gc,start       ] GC(1307) Pause Cleanup
[544.813s][info][gc             ] GC(1307) Pause Cleanup 731M->731M(978M) 0.110ms
[544.813s][info][gc,cpu         ] GC(1307) User=0.00s Sys=0.00s Real=0.00s
[544.815s][info][gc,marking     ] GC(1307) Concurrent Clear Claimed Marks
[544.815s][info][gc,marking     ] GC(1307) Concurrent Clear Claimed Marks 0.044ms
[544.815s][info][gc,marking     ] GC(1307) Concurrent Cleanup for Next Mark
[544.821s][info][gc,marking     ] GC(1307) Concurrent Cleanup for Next Mark 6.214ms
[544.821s][info][gc             ] GC(1307) Concurrent Mark Cycle 1918.930ms
[545.054s][info][gc,start       ] GC(1310) Pause Young (Prepare Mixed) (G1 Evacuation Pause)
[545.055s][info][gc,task        ] GC(1310) Using 2 workers of 2 for evacuation
[545.128s][info][gc,phases      ] GC(1310)   Pre Evacuate Collection Set: 0.54ms
[545.128s][info][gc,phases      ] GC(1310)   Merge Heap Roots: 0.37ms
[545.128s][info][gc,phases      ] GC(1310)   Evacuate Collection Set: 72.05ms
[545.128s][info][gc,phases      ] GC(1310)   Post Evacuate Collection Set: 0.57ms
[545.128s][info][gc,phases      ] GC(1310)   Other: 0.11ms
[545.128s][info][gc,heap        ] GC(1310) Eden regions: 277->0(258)
[545.128s][info][gc,heap        ] GC(1310) Survivor regions: 38->27(40)
[545.128s][info][gc,heap        ] GC(1310) Old regions: 568->606
[545.128s][info][gc,heap        ] GC(1310) Humongous regions: 10->10
[545.128s][info][gc,metaspace   ] GC(1310) Metaspace: 19070K(19264K)->19070K(19264K) NonClass: 16404K(16512K)->16404K(16512K) Class: 2666K(2752K)->2666K(2752K)
[545.128s][info][gc             ] GC(1310) Pause Young (Prepare Mixed) (G1 Evacuation Pause) 892M->642M(978M) 73.925ms
[545.128s][info][gc,cpu         ] GC(1310) User=0.14s Sys=0.00s Real=0.07s
[545.514s][info][gc,start       ] GC(1311) Pause Young (Mixed) (G1 Evacuation Pause)
[545.514s][info][gc,task        ] GC(1311) Using 2 workers of 2 for evacuation
[545.549s][info][gc,phases      ] GC(1311)   Pre Evacuate Collection Set: 0.56ms
[545.549s][info][gc,phases      ] GC(1311)   Merge Heap Roots: 0.30ms
[545.549s][info][gc,phases      ] GC(1311)   Evacuate Collection Set: 33.84ms
[545.549s][info][gc,phases      ] GC(1311)   Post Evacuate Collection Set: 0.50ms
[545.549s][info][gc,phases      ] GC(1311)   Other: 0.09ms
[545.549s][info][gc,heap        ] GC(1311) Eden regions: 258->0(304)
[545.549s][info][gc,heap        ] GC(1311) Survivor regions: 27->1(36)
[545.549s][info][gc,heap        ] GC(1311) Old regions: 606->580
[545.549s][info][gc,heap        ] GC(1311) Humongous regions: 10->10
[545.549s][info][gc,metaspace   ] GC(1311) Metaspace: 19070K(19264K)->19070K(19264K) NonClass: 16404K(16512K)->16404K(16512K) Class: 2666K(2752K)->2666K(2752K)
[545.549s][info][gc             ] GC(1311) Pause Young (Mixed) (G1 Evacuation Pause) 900M->590M(978M) 35.518ms
[545.549s][info][gc,cpu         ] GC(1311) User=0.06s Sys=0.01s Real=0.03s
[545.992s][info][gc,start       ] GC(1312) Pause Young (Concurrent Start) (G1 Evacuation Pause)
[545.992s][info][gc,task        ] GC(1312) Using 2 workers of 2 for evacuation
[545.994s][info][gc,phases      ] GC(1312)   Pre Evacuate Collection Set: 0.37ms
[545.994s][info][gc,phases      ] GC(1312)   Merge Heap Roots: 0.10ms
[545.994s][info][gc,phases      ] GC(1312)   Evacuate Collection Set: 0.44ms
[545.994s][info][gc,phases      ] GC(1312)   Post Evacuate Collection Set: 0.46ms
[545.994s][info][gc,phases      ] GC(1312)   Other: 0.08ms
[545.994s][info][gc,heap        ] GC(1312) Eden regions: 304->0(316)
[545.994s][info][gc,heap        ] GC(1312) Survivor regions: 1->1(39)
[545.994s][info][gc,heap        ] GC(1312) Old regions: 580->580
[545.994s][info][gc,heap        ] GC(1312) Humongous regions: 10->10
[545.994s][info][gc,metaspace   ] GC(1312) Metaspace: 19070K(19264K)->19070K(19264K) NonClass: 16404K(16512K)->16404K(16512K) Class: 2666K(2752K)->2666K(2752K)
[545.994s][info][gc             ] GC(1312) Pause Young (Concurrent Start) (G1 Evacuation Pause) 894M->590M(978M) 1.644ms
[545.994s][info][gc             ] GC(1313) Concurrent Mark Cycle
[545.994s][info][gc,marking     ] GC(1313) Concurrent Scan Root Regions
[545.994s][info][gc,marking     ] GC(1313) Concurrent Scan Root Regions 0.233ms
[545.994s][info][gc,marking     ] GC(1313) Concurrent Mark
[545.994s][info][gc,marking     ] GC(1313) Concurrent Mark From Roots
[545.994s][info][gc,task        ] GC(1313) Using 1 workers of 1 for marking
[545.994s][info][gc,cpu         ] GC(1312) User=0.01s Sys=0.00s Real=0.00s
[546.835s][info][gc,marking     ] GC(1313) Concurrent Mark From Roots 841.169ms
[546.835s][info][gc,marking     ] GC(1313) Concurrent Preclean
[546.835s][info][gc,marking     ] GC(1313) Concurrent Preclean 0.041ms
[546.835s][info][gc,start       ] GC(1313) Pause Remark
[546.843s][info][gc             ] GC(1313) Pause Remark 894M->649M(978M) 7.980ms
[546.843s][info][gc,cpu         ] GC(1313) User=0.01s Sys=0.00s Real=0.01s
[546.847s][info][gc,marking     ] GC(1313) Concurrent Mark 853.129ms
[546.847s][info][gc,marking     ] GC(1313) Concurrent Rebuild Remembered Sets and Scrub Regions
[546.870s][info][gc,start       ] GC(1314) Pause Young (Normal) (G1 Evacuation Pause)
[546.870s][info][gc,task        ] GC(1314) Using 2 workers of 2 for evacuation
[546.897s][info][gc,phases      ] GC(1314)   Pre Evacuate Collection Set: 0.22ms
[546.897s][info][gc,phases      ] GC(1314)   Merge Heap Roots: 0.19ms
[546.897s][info][gc,phases      ] GC(1314)   Evacuate Collection Set: 26.27ms
[546.897s][info][gc,phases      ] GC(1314)   Post Evacuate Collection Set: 0.50ms
[546.897s][info][gc,phases      ] GC(1314)   Other: 0.10ms
[546.897s][info][gc,heap        ] GC(1314) Eden regions: 316->0(463)
[546.897s][info][gc,heap        ] GC(1314) Survivor regions: 1->22(40)
[546.897s][info][gc,heap        ] GC(1314) Old regions: 340->340
[546.897s][info][gc,heap        ] GC(1314) Humongous regions: 5->5
[546.897s][info][gc,metaspace   ] GC(1314) Metaspace: 19070K(19264K)->19070K(19264K) NonClass: 16404K(16512K)->16404K(16512K) Class: 2666K(2752K)->2666K(2752K)
[546.897s][info][gc             ] GC(1314) Pause Young (Normal) (G1 Evacuation Pause) 661M->366M(978M) 27.453ms
[546.897s][info][gc,cpu         ] GC(1314) User=0.06s Sys=0.00s Real=0.03s
[547.089s][info][gc,marking     ] GC(1313) Concurrent Rebuild Remembered Sets and Scrub Regions 241.327ms
[547.089s][info][gc,start       ] GC(1313) Pause Cleanup
[547.089s][info][gc             ] GC(1313) Pause Cleanup 516M->516M(978M) 0.094ms
[547.089s][info][gc,cpu         ] GC(1313) User=0.00s Sys=0.00s Real=0.00s
[547.089s][info][gc,marking     ] GC(1313) Concurrent Clear Claimed Marks
[547.089s][info][gc,marking     ] GC(1313) Concurrent Clear Claimed Marks 0.028ms
[547.089s][info][gc,marking     ] GC(1313) Concurrent Cleanup for Next Mark
[547.094s][info][gc,marking     ] GC(1313) Concurrent Cleanup for Next Mark 4.881ms
[547.094s][info][gc             ] GC(1313) Concurrent Mark Cycle 1100.120ms
[547.375s][info][gc,start       ] GC(1315) Pause Young (Prepare Mixed) (G1 Evacuation Pause)
[547.375s][info][gc,task        ] GC(1315) Using 2 workers of 2 for evacuation
[547.417s][info][gc,phases      ] GC(1315)   Pre Evacuate Collection Set: 0.49ms
[547.417s][info][gc,phases      ] GC(1315)   Merge Heap Roots: 0.29ms
[547.417s][info][gc,phases      ] GC(1315)   Evacuate Collection Set: 39.85ms
[547.417s][info][gc,phases      ] GC(1315)   Post Evacuate Collection Set: 0.66ms
[547.417s][info][gc,phases      ] GC(1315)   Other: 0.11ms
[547.417s][info][gc,heap        ] GC(1315) Eden regions: 463->0(465)
[547.417s][info][gc,heap        ] GC(1315) Survivor regions: 22->39(61)
[547.417s][info][gc,heap        ] GC(1315) Old regions: 340->340
[547.417s][info][gc,heap        ] GC(1315) Humongous regions: 5->5
[547.417s][info][gc,metaspace   ] GC(1315) Metaspace: 19070K(19264K)->19070K(19264K) NonClass: 16404K(16512K)->16404K(16512K) Class: 2666K(2752K)->2666K(2752K)
[547.417s][info][gc             ] GC(1315) Pause Young (Prepare Mixed) (G1 Evacuation Pause) 829M->383M(978M) 41.610ms
[547.417s][info][gc,cpu         ] GC(1315) User=0.08s Sys=0.00s Real=0.04s
[548.151s][info][gc,start       ] GC(1316) Pause Young (Mixed) (G1 Evacuation Pause)
[548.151s][info][gc,task        ] GC(1316) Using 2 workers of 2 for evacuation
[548.259s][info][gc,phases      ] GC(1316)   Pre Evacuate Collection Set: 0.54ms
[548.259s][info][gc,phases      ] GC(1316)   Merge Heap Roots: 0.89ms
[548.259s][info][gc,phases      ] GC(1316)   Evacuate Collection Set: 104.95ms
[548.259s][info][gc,phases      ] GC(1316)   Post Evacuate Collection Set: 0.95ms
[548.259s][info][gc,phases      ] GC(1316)   Other: 0.09ms
[548.259s][info][gc,heap        ] GC(1316) Eden regions: 465->0(476)
[548.259s][info][gc,heap        ] GC(1316) Survivor regions: 39->48(63)
[548.259s][info][gc,heap        ] GC(1316) Old regions: 340->318
[548.259s][info][gc,heap        ] GC(1316) Humongous regions: 5->5
[548.259s][info][gc,metaspace   ] GC(1316) Metaspace: 19070K(19264K)->19070K(19264K) NonClass: 16404K(16512K)->16404K(16512K) Class: 2666K(2752K)->2666K(2752K)
[548.259s][info][gc             ] GC(1316) Pause Young (Mixed) (G1 Evacuation Pause) 848M->370M(978M) 107.727ms
[548.259s][info][gc,cpu         ] GC(1316) User=0.21s Sys=0.01s Real=0.10s
[548.637s][info][gc,start       ] GC(1317) Pause Young (Concurrent Start) (G1 Evacuation Pause)
[548.637s][info][gc,task        ] GC(1317) Using 2 workers of 2 for evacuation
[548.817s][info][gc,phases      ] GC(1317)   Pre Evacuate Collection Set: 0.33ms
[548.817s][info][gc,phases      ] GC(1317)   Merge Heap Roots: 0.33ms
[548.817s][info][gc,phases      ] GC(1317)   Evacuate Collection Set: 166.55ms
[548.817s][info][gc,phases      ] GC(1317)   Post Evacuate Collection Set: 13.01ms
[548.817s][info][gc,phases      ] GC(1317)   Other: 0.23ms
[548.817s][info][gc,heap        ] GC(1317) Eden regions: 476->0(200)
[548.817s][info][gc,heap        ] GC(1317) Survivor regions: 48->66(66)
[548.817s][info][gc,heap        ] GC(1317) Old regions: 318->591
[548.817s][info][gc,heap        ] GC(1317) Humongous regions: 5->5
[548.817s][info][gc,metaspace   ] GC(1317) Metaspace: 19070K(19264K)->19070K(19264K) NonClass: 16404K(16512K)->16404K(16512K) Class: 2666K(2752K)->2666K(2752K)
[548.817s][info][gc             ] GC(1317) Pause Young (Concurrent Start) (G1 Evacuation Pause) (Evacuation Failure: Allocation) 846M->661M(978M) 180.674ms
[548.817s][info][gc             ] GC(1318) Concurrent Mark Cycle
[548.817s][info][gc,marking     ] GC(1318) Concurrent Scan Root Regions
[548.817s][info][gc,cpu         ] GC(1317) User=0.36s Sys=0.00s Real=0.18s
[549.043s][info][gc,start       ] GC(1319) Pause Young (Normal) (G1 Evacuation Pause)
[549.043s][info][gc,task        ] GC(1319) Using 2 workers of 2 for evacuation
[549.056s][info][gc,marking     ] GC(1318) Concurrent Scan Root Regions 238.735ms
[549.056s][info][gc,marking     ] GC(1318) Concurrent Mark
[549.056s][info][gc,marking     ] GC(1318) Concurrent Mark From Roots
[549.056s][info][gc,task        ] GC(1318) Using 1 workers of 1 for marking
[549.147s][info][gc,phases      ] GC(1319)   Pre Evacuate Collection Set: 0.59ms
[549.147s][info][gc,phases      ] GC(1319)   Merge Heap Roots: 0.98ms
[549.147s][info][gc,phases      ] GC(1319)   Evacuate Collection Set: 83.89ms
[549.147s][info][gc,phases      ] GC(1319)   Merge Optional Heap Roots: 0.06ms
[549.147s][info][gc,phases      ] GC(1319)   Evacuate Optional Collection Set: 4.41ms
[549.147s][info][gc,phases      ] GC(1319)   Post Evacuate Collection Set: 0.70ms
[549.147s][info][gc,phases      ] GC(1319)   Other: 0.11ms
[549.147s][info][gc,heap        ] GC(1319) Eden regions: 200->0(343)
[549.147s][info][gc,heap        ] GC(1319) Survivor regions: 66->3(34)
[549.147s][info][gc,heap        ] GC(1319) Old regions: 591->497
[549.147s][info][gc,heap        ] GC(1319) Humongous regions: 5->5
[549.147s][info][gc,metaspace   ] GC(1319) Metaspace: 19070K(19264K)->19070K(19264K) NonClass: 16404K(16512K)->16404K(16512K) Class: 2666K(2752K)->2666K(2752K)
[549.147s][info][gc             ] GC(1319) Pause Young (Normal) (G1 Evacuation Pause) 861M->504M(978M) 103.760ms
[549.147s][info][gc,cpu         ] GC(1319) User=0.19s Sys=0.00s Real=0.10s
[549.597s][info][gc,start       ] GC(1320) Pause Young (Normal) (G1 Evacuation Pause)
[549.597s][info][gc,task        ] GC(1320) Using 2 workers of 2 for evacuation
[549.630s][info][gc,phases      ] GC(1320)   Pre Evacuate Collection Set: 0.29ms
[549.630s][info][gc,phases      ] GC(1320)   Merge Heap Roots: 0.37ms
[549.630s][info][gc,phases      ] GC(1320)   Evacuate Collection Set: 31.23ms
[549.630s][info][gc,phases      ] GC(1320)   Post Evacuate Collection Set: 0.54ms
[549.630s][info][gc,phases      ] GC(1320)   Other: 0.08ms
[549.630s][info][gc,heap        ] GC(1320) Eden regions: 343->0(366)
[549.630s][info][gc,heap        ] GC(1320) Survivor regions: 3->8(44)
[549.630s][info][gc,heap        ] GC(1320) Old regions: 497->485
[549.630s][info][gc,heap        ] GC(1320) Humongous regions: 5->5
[549.630s][info][gc,metaspace   ] GC(1320) Metaspace: 19070K(19264K)->19070K(19264K) NonClass: 16404K(16512K)->16404K(16512K) Class: 2666K(2752K)->2666K(2752K)
[549.630s][info][gc             ] GC(1320) Pause Young (Normal) (G1 Evacuation Pause) 847M->496M(978M) 32.729ms
[549.630s][info][gc,cpu         ] GC(1320) User=0.06s Sys=0.00s Real=0.03s
[550.071s][info][gc,start       ] GC(1321) Pause Young (Normal) (G1 Evacuation Pause)
[550.071s][info][gc,task        ] GC(1321) Using 2 workers of 2 for evacuation
[550.100s][info][gc,phases      ] GC(1321)   Pre Evacuate Collection Set: 0.31ms
[550.100s][info][gc,phases      ] GC(1321)   Merge Heap Roots: 0.28ms
[550.100s][info][gc,phases      ] GC(1321)   Evacuate Collection Set: 28.22ms
[550.100s][info][gc,phases      ] GC(1321)   Post Evacuate Collection Set: 0.58ms
[550.100s][info][gc,phases      ] GC(1321)   Other: 0.10ms
[550.100s][info][gc,heap        ] GC(1321) Eden regions: 366->0(361)
[550.100s][info][gc,heap        ] GC(1321) Survivor regions: 8->24(47)
[550.100s][info][gc,heap        ] GC(1321) Old regions: 485->485
[550.100s][info][gc,heap        ] GC(1321) Humongous regions: 5->5
[550.100s][info][gc,metaspace   ] GC(1321) Metaspace: 19070K(19264K)->19070K(19264K) NonClass: 16404K(16512K)->16404K(16512K) Class: 2666K(2752K)->2666K(2752K)
[550.100s][info][gc             ] GC(1321) Pause Young (Normal) (G1 Evacuation Pause) 862M->512M(978M) 29.718ms
[550.100s][info][gc,cpu         ] GC(1321) User=0.05s Sys=0.01s Real=0.03s
[550.102s][info][gc,marking     ] GC(1318) Concurrent Mark From Roots 1045.775ms
[550.102s][info][gc,marking     ] GC(1318) Concurrent Preclean
[550.102s][info][gc,marking     ] GC(1318) Concurrent Preclean 0.043ms
[550.103s][info][gc,start       ] GC(1318) Pause Remark
[550.110s][info][gc             ] GC(1318) Pause Remark 513M->513M(978M) 7.704ms
[550.110s][info][gc,cpu         ] GC(1318) User=0.01s Sys=0.00s Real=0.00s
[550.110s][info][gc,marking     ] GC(1318) Concurrent Mark 1054.371ms
[550.110s][info][gc,marking     ] GC(1318) Concurrent Rebuild Remembered Sets and Scrub Regions
[550.673s][info][gc,marking     ] GC(1318) Concurrent Rebuild Remembered Sets and Scrub Regions 562.268ms
[550.673s][info][gc,start       ] GC(1318) Pause Cleanup
[550.673s][info][gc             ] GC(1318) Pause Cleanup 801M->801M(978M) 0.126ms
[550.673s][info][gc,cpu         ] GC(1318) User=0.00s Sys=0.00s Real=0.00s
[550.675s][info][gc,marking     ] GC(1318) Concurrent Clear Claimed Marks
[550.675s][info][gc,marking     ] GC(1318) Concurrent Clear Claimed Marks 0.030ms
[550.675s][info][gc,marking     ] GC(1318) Concurrent Cleanup for Next Mark
[550.682s][info][gc,marking     ] GC(1318) Concurrent Cleanup for Next Mark 6.840ms
[550.682s][info][gc             ] GC(1318) Concurrent Mark Cycle 1864.686ms
[550.817s][info][gc,start       ] GC(1322) Pause Young (Prepare Mixed) (G1 Evacuation Pause)
[550.817s][info][gc,task        ] GC(1322) Using 2 workers of 2 for evacuation
[550.889s][info][gc,phases      ] GC(1322)   Pre Evacuate Collection Set: 0.50ms
[550.889s][info][gc,phases      ] GC(1322)   Merge Heap Roots: 0.63ms
[550.889s][info][gc,phases      ] GC(1322)   Evacuate Collection Set: 70.51ms
[550.889s][info][gc,phases      ] GC(1322)   Post Evacuate Collection Set: 0.73ms
[550.889s][info][gc,phases      ] GC(1322)   Other: 0.09ms
[550.889s][info][gc,heap        ] GC(1322) Eden regions: 361->0(335)
[550.889s][info][gc,heap        ] GC(1322) Survivor regions: 24->49(49)
[550.889s][info][gc,heap        ] GC(1322) Old regions: 485->487
[550.889s][info][gc,heap        ] GC(1322) Humongous regions: 8->8
[550.889s][info][gc,metaspace   ] GC(1322) Metaspace: 19073K(19264K)->19073K(19264K) NonClass: 16407K(16512K)->16407K(16512K) Class: 2666K(2752K)->2666K(2752K)
[550.889s][info][gc             ] GC(1322) Pause Young (Prepare Mixed) (G1 Evacuation Pause) 876M->543M(978M) 72.693ms
[550.889s][info][gc,cpu         ] GC(1322) User=0.15s Sys=0.00s Real=0.07s
[551.178s][info][gc,start       ] GC(1323) Pause Young (Mixed) (G1 Evacuation Pause)
[551.178s][info][gc,task        ] GC(1323) Using 2 workers of 2 for evacuation
[551.288s][info][gc,phases      ] GC(1323)   Pre Evacuate Collection Set: 0.30ms
[551.288s][info][gc,phases      ] GC(1323)   Merge Heap Roots: 0.65ms
[551.288s][info][gc,phases      ] GC(1323)   Evacuate Collection Set: 108.83ms
[551.288s][info][gc,phases      ] GC(1323)   Post Evacuate Collection Set: 0.59ms
[551.288s][info][gc,phases      ] GC(1323)   Other: 0.11ms
[551.288s][info][gc,heap        ] GC(1323) Eden regions: 335->0(308)
[551.288s][info][gc,heap        ] GC(1323) Survivor regions: 49->34(48)
[551.288s][info][gc,heap        ] GC(1323) Old regions: 487->530
[551.288s][info][gc,heap        ] GC(1323) Humongous regions: 8->8
[551.288s][info][gc,metaspace   ] GC(1323) Metaspace: 19073K(19264K)->19073K(19264K) NonClass: 16407K(16512K)->16407K(16512K) Class: 2666K(2752K)->2666K(2752K)
[551.288s][info][gc             ] GC(1323) Pause Young (Mixed) (G1 Evacuation Pause) 878M->571M(978M) 110.739ms
[551.288s][info][gc,cpu         ] GC(1323) User=0.22s Sys=0.00s Real=0.11s
[551.669s][info][gc,start       ] GC(1324) Pause Young (Concurrent Start) (G1 Evacuation Pause)
[551.669s][info][gc,task        ] GC(1324) Using 2 workers of 2 for evacuation
[551.709s][info][gc,phases      ] GC(1324)   Pre Evacuate Collection Set: 0.31ms
[551.709s][info][gc,phases      ] GC(1324)   Merge Heap Roots: 0.28ms
[551.709s][info][gc,phases      ] GC(1324)   Evacuate Collection Set: 39.07ms
[551.709s][info][gc,phases      ] GC(1324)   Post Evacuate Collection Set: 0.52ms
[551.709s][info][gc,phases      ] GC(1324)   Other: 0.11ms
[551.709s][info][gc,heap        ] GC(1324) Eden regions: 308->0(321)
[551.709s][info][gc,heap        ] GC(1324) Survivor regions: 34->4(43)
[551.709s][info][gc,heap        ] GC(1324) Old regions: 530->564
[551.709s][info][gc,heap        ] GC(1324) Humongous regions: 8->8
[551.709s][info][gc,metaspace   ] GC(1324) Metaspace: 19074K(19264K)->19074K(19264K) NonClass: 16408K(16512K)->16408K(16512K) Class: 2666K(2752K)->2666K(2752K)
[551.709s][info][gc             ] GC(1324) Pause Young (Concurrent Start) (G1 Evacuation Pause) 879M->575M(978M) 40.502ms
[551.709s][info][gc             ] GC(1325) Concurrent Mark Cycle
[551.709s][info][gc,marking     ] GC(1325) Concurrent Scan Root Regions
[551.711s][info][gc,cpu         ] GC(1324) User=0.08s Sys=0.00s Real=0.05s
[551.785s][info][gc,marking     ] GC(1325) Concurrent Scan Root Regions 75.666ms
[551.785s][info][gc,marking     ] GC(1325) Concurrent Mark
[551.785s][info][gc,marking     ] GC(1325) Concurrent Mark From Roots
[551.785s][info][gc,task        ] GC(1325) Using 1 workers of 1 for marking
[552.569s][info][gc,start       ] GC(1326) Pause Young (Normal) (G1 Evacuation Pause)
[552.569s][info][gc,task        ] GC(1326) Using 2 workers of 2 for evacuation
[552.585s][info][gc,phases      ] GC(1326)   Pre Evacuate Collection Set: 0.29ms
[552.585s][info][gc,phases      ] GC(1326)   Merge Heap Roots: 0.26ms
[552.585s][info][gc,phases      ] GC(1326)   Evacuate Collection Set: 14.91ms
[552.585s][info][gc,phases      ] GC(1326)   Post Evacuate Collection Set: 0.51ms
[552.585s][info][gc,phases      ] GC(1326)   Other: 0.09ms
[552.585s][info][gc,heap        ] GC(1326) Eden regions: 321->0(324)
[552.585s][info][gc,heap        ] GC(1326) Survivor regions: 4->11(41)
[552.586s][info][gc,heap        ] GC(1326) Old regions: 564->564
[552.586s][info][gc,heap        ] GC(1326) Humongous regions: 8->8
[552.586s][info][gc,metaspace   ] GC(1326) Metaspace: 19074K(19264K)->19074K(19264K) NonClass: 16408K(16512K)->16408K(16512K) Class: 2666K(2752K)->2666K(2752K)
[552.586s][info][gc             ] GC(1326) Pause Young (Normal) (G1 Evacuation Pause) 896M->582M(978M) 16.279ms
[552.586s][info][gc,cpu         ] GC(1326) User=0.03s Sys=0.00s Real=0.02s
[553.205s][info][gc,marking     ] GC(1325) Concurrent Mark From Roots 1419.774ms
[553.205s][info][gc,marking     ] GC(1325) Concurrent Preclean
[553.205s][info][gc,marking     ] GC(1325) Concurrent Preclean 0.044ms
[553.206s][info][gc,start       ] GC(1325) Pause Remark
[553.215s][info][gc             ] GC(1325) Pause Remark 737M->736M(978M) 8.803ms
[553.215s][info][gc,cpu         ] GC(1325) User=0.02s Sys=0.00s Real=0.01s
[553.215s][info][gc,marking     ] GC(1325) Concurrent Mark 1429.697ms
[553.215s][info][gc,marking     ] GC(1325) Concurrent Rebuild Remembered Sets and Scrub Regions
[553.757s][info][gc,marking     ] GC(1325) Concurrent Rebuild Remembered Sets and Scrub Regions 542.352ms
[553.759s][info][gc,start       ] GC(1325) Pause Cleanup
[553.759s][info][gc             ] GC(1325) Pause Cleanup 856M->856M(978M) 0.103ms
[553.759s][info][gc,cpu         ] GC(1325) User=0.00s Sys=0.00s Real=0.00s
[553.759s][info][gc,marking     ] GC(1325) Concurrent Clear Claimed Marks
[553.759s][info][gc,marking     ] GC(1325) Concurrent Clear Claimed Marks 0.035ms
[553.759s][info][gc,marking     ] GC(1325) Concurrent Cleanup for Next Mark
[553.764s][info][gc,marking     ] GC(1325) Concurrent Cleanup for Next Mark 4.873ms
[553.764s][info][gc             ] GC(1325) Concurrent Mark Cycle 2054.904ms
[554.109s][info][gc,start       ] GC(1327) Pause Young (Prepare Mixed) (G1 Evacuation Pause)
[554.109s][info][gc,task        ] GC(1327) Using 2 workers of 2 for evacuation
[554.125s][info][gc,phases      ] GC(1327)   Pre Evacuate Collection Set: 0.27ms
[554.125s][info][gc,phases      ] GC(1327)   Merge Heap Roots: 0.30ms
[554.125s][info][gc,phases      ] GC(1327)   Evacuate Collection Set: 15.11ms
[554.125s][info][gc,phases      ] GC(1327)   Post Evacuate Collection Set: 0.55ms
[554.125s][info][gc,phases      ] GC(1327)   Other: 0.09ms
[554.125s][info][gc,heap        ] GC(1327) Eden regions: 324->0(335)
[554.125s][info][gc,heap        ] GC(1327) Survivor regions: 11->11(42)
[554.125s][info][gc,heap        ] GC(1327) Old regions: 564->564
[554.125s][info][gc,heap        ] GC(1327) Humongous regions: 7->7
[554.125s][info][gc,metaspace   ] GC(1327) Metaspace: 19074K(19264K)->19074K(19264K) NonClass: 16408K(16512K)->16408K(16512K) Class: 2666K(2752K)->2666K(2752K)
[554.125s][info][gc             ] GC(1327) Pause Young (Prepare Mixed) (G1 Evacuation Pause) 905M->581M(978M) 16.500ms
[554.125s][info][gc,cpu         ] GC(1327) User=0.03s Sys=0.00s Real=0.02s
[554.839s][info][gc,start       ] GC(1328) Pause Young (Mixed) (G1 Evacuation Pause)
[554.839s][info][gc,task        ] GC(1328) Using 2 workers of 2 for evacuation
[554.885s][info][gc,phases      ] GC(1328)   Pre Evacuate Collection Set: 0.29ms
[554.885s][info][gc,phases      ] GC(1328)   Merge Heap Roots: 0.45ms
[554.885s][info][gc,phases      ] GC(1328)   Evacuate Collection Set: 44.55ms
[554.885s][info][gc,phases      ] GC(1328)   Post Evacuate Collection Set: 0.59ms
[554.885s][info][gc,phases      ] GC(1328)   Other: 0.08ms
[554.885s][info][gc,heap        ] GC(1328) Eden regions: 335->0(299)
[554.885s][info][gc,heap        ] GC(1328) Survivor regions: 11->32(44)
[554.885s][info][gc,heap        ] GC(1328) Old regions: 564->558
[554.885s][info][gc,heap        ] GC(1328) Humongous regions: 7->7
[554.885s][info][gc,metaspace   ] GC(1328) Metaspace: 19074K(19264K)->19074K(19264K) NonClass: 16408K(16512K)->16408K(16512K) Class: 2666K(2752K)->2666K(2752K)
[554.886s][info][gc             ] GC(1328) Pause Young (Mixed) (G1 Evacuation Pause) 916M->596M(978M) 46.184ms
[554.886s][info][gc,cpu         ] GC(1328) User=0.09s Sys=0.00s Real=0.05s
[555.736s][info][gc,start       ] GC(1329) Pause Young (Concurrent Start) (G1 Evacuation Pause)
[555.737s][info][gc,task        ] GC(1329) Using 2 workers of 2 for evacuation
[555.781s][info][gc,phases      ] GC(1329)   Pre Evacuate Collection Set: 0.31ms
[555.781s][info][gc,phases      ] GC(1329)   Merge Heap Roots: 0.50ms
[555.781s][info][gc,phases      ] GC(1329)   Evacuate Collection Set: 42.49ms
[555.781s][info][gc,phases      ] GC(1329)   Post Evacuate Collection Set: 0.59ms
[555.781s][info][gc,phases      ] GC(1329)   Other: 0.10ms
[555.781s][info][gc,heap        ] GC(1329) Eden regions: 299->0(273)
[555.781s][info][gc,heap        ] GC(1329) Survivor regions: 32->39(42)
[555.781s][info][gc,heap        ] GC(1329) Old regions: 558->570
[555.781s][info][gc,heap        ] GC(1329) Humongous regions: 7->7
[555.781s][info][gc,metaspace   ] GC(1329) Metaspace: 19074K(19264K)->19074K(19264K) NonClass: 16408K(16512K)->16408K(16512K) Class: 2666K(2752K)->2666K(2752K)
[555.781s][info][gc             ] GC(1329) Pause Young (Concurrent Start) (G1 Evacuation Pause) 895M->615M(978M) 44.178ms
[555.781s][info][gc,cpu         ] GC(1329) User=0.09s Sys=0.00s Real=0.04s
[555.781s][info][gc             ] GC(1330) Concurrent Mark Cycle
[555.781s][info][gc,marking     ] GC(1330) Concurrent Scan Root Regions
[555.817s][info][gc,marking     ] GC(1330) Concurrent Scan Root Regions 36.428ms
[555.817s][info][gc,marking     ] GC(1330) Concurrent Mark
[555.817s][info][gc,marking     ] GC(1330) Concurrent Mark From Roots
[555.817s][info][gc,task        ] GC(1330) Using 1 workers of 1 for marking
[556.660s][info][gc,start       ] GC(1331) Pause Young (Normal) (G1 Evacuation Pause)
[556.660s][info][gc,task        ] GC(1331) Using 2 workers of 2 for evacuation
[556.685s][info][gc,phases      ] GC(1331)   Pre Evacuate Collection Set: 0.29ms
[556.685s][info][gc,phases      ] GC(1331)   Merge Heap Roots: 0.20ms
[556.685s][info][gc,phases      ] GC(1331)   Evacuate Collection Set: 23.78ms
[556.685s][info][gc,phases      ] GC(1331)   Post Evacuate Collection Set: 0.49ms
[556.685s][info][gc,phases      ] GC(1331)   Other: 0.09ms
[556.685s][info][gc,heap        ] GC(1331) Eden regions: 273->0(322)
[556.685s][info][gc,heap        ] GC(1331) Survivor regions: 39->3(39)
[556.685s][info][gc,heap        ] GC(1331) Old regions: 570->591
[556.685s][info][gc,heap        ] GC(1331) Humongous regions: 7->7
[556.685s][info][gc,metaspace   ] GC(1331) Metaspace: 19084K(19264K)->19084K(19264K) NonClass: 16417K(16512K)->16417K(16512K) Class: 2666K(2752K)->2666K(2752K)
[556.685s][info][gc             ] GC(1331) Pause Young (Normal) (G1 Evacuation Pause) 888M->600M(978M) 25.026ms
[556.685s][info][gc,cpu         ] GC(1331) User=0.05s Sys=0.00s Real=0.03s
[556.720s][info][gc,marking     ] GC(1330) Concurrent Mark From Roots 902.709ms
[556.720s][info][gc,marking     ] GC(1330) Concurrent Preclean
[556.720s][info][gc,marking     ] GC(1330) Concurrent Preclean 0.041ms
[556.720s][info][gc,start       ] GC(1330) Pause Remark
[556.728s][info][gc             ] GC(1330) Pause Remark 616M->543M(978M) 8.102ms
[556.728s][info][gc,cpu         ] GC(1330) User=0.02s Sys=0.00s Real=0.01s
[556.730s][info][gc,marking     ] GC(1330) Concurrent Mark 912.740ms
[556.730s][info][gc,marking     ] GC(1330) Concurrent Rebuild Remembered Sets and Scrub Regions
[557.145s][info][gc,marking     ] GC(1330) Concurrent Rebuild Remembered Sets and Scrub Regions 415.410ms
[557.146s][info][gc,start       ] GC(1330) Pause Cleanup
[557.146s][info][gc             ] GC(1330) Pause Cleanup 813M->813M(978M) 0.132ms
[557.146s][info][gc,cpu         ] GC(1330) User=0.00s Sys=0.00s Real=0.00s
[557.146s][info][gc,marking     ] GC(1330) Concurrent Clear Claimed Marks
[557.146s][info][gc,marking     ] GC(1330) Concurrent Clear Claimed Marks 0.034ms
[557.146s][info][gc,marking     ] GC(1330) Concurrent Cleanup for Next Mark
[557.155s][info][gc,marking     ] GC(1330) Concurrent Cleanup for Next Mark 8.550ms
[557.155s][info][gc             ] GC(1330) Concurrent Mark Cycle 1374.214ms
[557.189s][info][gc,start       ] GC(1332) Pause Young (Prepare Mixed) (G1 Evacuation Pause)
[557.189s][info][gc,task        ] GC(1332) Using 2 workers of 2 for evacuation
[557.264s][info][gc,phases      ] GC(1332)   Pre Evacuate Collection Set: 0.27ms
[557.264s][info][gc,phases      ] GC(1332)   Merge Heap Roots: 0.22ms
[557.264s][info][gc,phases      ] GC(1332)   Evacuate Collection Set: 73.84ms
[557.264s][info][gc,phases      ] GC(1332)   Post Evacuate Collection Set: 0.80ms
[557.264s][info][gc,phases      ] GC(1332)   Other: 0.10ms
[557.264s][info][gc,heap        ] GC(1332) Eden regions: 322->0(261)
[557.264s][info][gc,heap        ] GC(1332) Survivor regions: 3->41(41)
[557.264s][info][gc,heap        ] GC(1332) Old regions: 520->556
[557.264s][info][gc,heap        ] GC(1332) Humongous regions: 5->5
[557.264s][info][gc,metaspace   ] GC(1332) Metaspace: 19085K(19264K)->19085K(19264K) NonClass: 16419K(16512K)->16419K(16512K) Class: 2666K(2752K)->2666K(2752K)
[557.264s][info][gc             ] GC(1332) Pause Young (Prepare Mixed) (G1 Evacuation Pause) 849M->601M(978M) 75.484ms
[557.264s][info][gc,cpu         ] GC(1332) User=0.15s Sys=0.00s Real=0.08s
[557.576s][info][gc,start       ] GC(1333) Pause Young (Mixed) (G1 Evacuation Pause)
[557.577s][info][gc,task        ] GC(1333) Using 2 workers of 2 for evacuation
[557.751s][info][gc,phases      ] GC(1333)   Pre Evacuate Collection Set: 0.54ms
[557.751s][info][gc,phases      ] GC(1333)   Merge Heap Roots: 0.72ms
[557.751s][info][gc,phases      ] GC(1333)   Evacuate Collection Set: 165.11ms
[557.751s][info][gc,phases      ] GC(1333)   Post Evacuate Collection Set: 8.18ms
[557.751s][info][gc,phases      ] GC(1333)   Other: 0.10ms
[557.751s][info][gc,heap        ] GC(1333) Eden regions: 261->0(132)
[557.751s][info][gc,heap        ] GC(1333) Survivor regions: 41->38(38)
[557.751s][info][gc,heap        ] GC(1333) Old regions: 556->714
[557.751s][info][gc,heap        ] GC(1333) Humongous regions: 6->6
[557.751s][info][gc,metaspace   ] GC(1333) Metaspace: 19085K(19264K)->19085K(19264K) NonClass: 16419K(16512K)->16419K(16512K) Class: 2666K(2752K)->2666K(2752K)
[557.751s][info][gc             ] GC(1333) Pause Young (Mixed) (G1 Evacuation Pause) (Evacuation Failure: Allocation) 863M->757M(978M) 174.879ms
[557.751s][info][gc,cpu         ] GC(1333) User=0.34s Sys=0.01s Real=0.18s
[557.935s][info][gc,start       ] GC(1334) Pause Young (Concurrent Start) (G1 Humongous Allocation)
[557.935s][info][gc,task        ] GC(1334) Using 2 workers of 2 for evacuation
[558.035s][info][gc,phases      ] GC(1334)   Pre Evacuate Collection Set: 0.38ms
[558.035s][info][gc,phases      ] GC(1334)   Merge Heap Roots: 0.74ms
[558.035s][info][gc,phases      ] GC(1334)   Evacuate Collection Set: 97.87ms
[558.035s][info][gc,phases      ] GC(1334)   Post Evacuate Collection Set: 0.88ms
[558.035s][info][gc,phases      ] GC(1334)   Other: 0.11ms
[558.035s][info][gc,heap        ] GC(1334) Eden regions: 108->0(196)
[558.035s][info][gc,heap        ] GC(1334) Survivor regions: 38->13(22)
[558.035s][info][gc,heap        ] GC(1334) Old regions: 714->654
[558.035s][info][gc,heap        ] GC(1334) Humongous regions: 6->6
[558.035s][info][gc,metaspace   ] GC(1334) Metaspace: 19086K(19264K)->19086K(19264K) NonClass: 16420K(16512K)->16420K(16512K) Class: 2666K(2752K)->2666K(2752K)
[558.035s][info][gc             ] GC(1334) Pause Young (Concurrent Start) (G1 Humongous Allocation) 865M->671M(978M) 100.189ms
[558.035s][info][gc             ] GC(1335) Concurrent Mark Cycle
[558.035s][info][gc,marking     ] GC(1335) Concurrent Scan Root Regions
[558.035s][info][gc,cpu         ] GC(1334) User=0.20s Sys=0.00s Real=0.10s
[558.158s][info][gc,marking     ] GC(1335) Concurrent Scan Root Regions 122.772ms
[558.158s][info][gc,marking     ] GC(1335) Concurrent Mark
[558.158s][info][gc,marking     ] GC(1335) Concurrent Mark From Roots
[558.158s][info][gc,task        ] GC(1335) Using 1 workers of 1 for marking
[558.302s][info][gc,start       ] GC(1336) Pause Young (Normal) (G1 Evacuation Pause)
[558.302s][info][gc,task        ] GC(1336) Using 2 workers of 2 for evacuation
[558.378s][info][gc,phases      ] GC(1336)   Pre Evacuate Collection Set: 0.30ms
[558.378s][info][gc,phases      ] GC(1336)   Merge Heap Roots: 0.74ms
[558.378s][info][gc,phases      ] GC(1336)   Evacuate Collection Set: 73.62ms
[558.378s][info][gc,phases      ] GC(1336)   Post Evacuate Collection Set: 0.74ms
[558.378s][info][gc,phases      ] GC(1336)   Other: 0.09ms
[558.378s][info][gc,heap        ] GC(1336) Eden regions: 196->0(183)
[558.378s][info][gc,heap        ] GC(1336) Survivor regions: 13->27(27)
[558.378s][info][gc,heap        ] GC(1336) Old regions: 654->665
[558.378s][info][gc,heap        ] GC(1336) Humongous regions: 9->9
[558.378s][info][gc,metaspace   ] GC(1336) Metaspace: 19086K(19264K)->19086K(19264K) NonClass: 16420K(16512K)->16420K(16512K) Class: 2666K(2752K)->2666K(2752K)
[558.378s][info][gc             ] GC(1336) Pause Young (Normal) (G1 Evacuation Pause) 870M->700M(978M) 75.720ms
[558.378s][info][gc,cpu         ] GC(1336) User=0.15s Sys=0.00s Real=0.07s
[558.648s][info][gc,start       ] GC(1337) Pause Young (Normal) (G1 Evacuation Pause)
[558.648s][info][gc,task        ] GC(1337) Using 2 workers of 2 for evacuation
[558.715s][info][gc,phases      ] GC(1337)   Pre Evacuate Collection Set: 0.51ms
[558.715s][info][gc,phases      ] GC(1337)   Merge Heap Roots: 0.71ms
[558.715s][info][gc,phases      ] GC(1337)   Evacuate Collection Set: 65.30ms
[558.715s][info][gc,phases      ] GC(1337)   Post Evacuate Collection Set: 0.41ms
[558.715s][info][gc,phases      ] GC(1337)   Other: 0.09ms
[558.715s][info][gc,heap        ] GC(1337) Eden regions: 183->0(184)
[558.715s][info][gc,heap        ] GC(1337) Survivor regions: 27->11(27)
[558.715s][info][gc,heap        ] GC(1337) Old regions: 665->693
[558.715s][info][gc,heap        ] GC(1337) Humongous regions: 9->9
[558.715s][info][gc,metaspace   ] GC(1337) Metaspace: 19086K(19264K)->19086K(19264K) NonClass: 16420K(16512K)->16420K(16512K) Class: 2666K(2752K)->2666K(2752K)
[558.715s][info][gc             ] GC(1337) Pause Young (Normal) (G1 Evacuation Pause) 883M->712M(978M) 67.235ms
[558.715s][info][gc,cpu         ] GC(1337) User=0.14s Sys=0.00s Real=0.07s
[559.001s][info][gc,start       ] GC(1338) Pause Young (Normal) (G1 Evacuation Pause)
[559.001s][info][gc,task        ] GC(1338) Using 2 workers of 2 for evacuation
[559.018s][info][gc,phases      ] GC(1338)   Pre Evacuate Collection Set: 0.30ms
[559.018s][info][gc,phases      ] GC(1338)   Merge Heap Roots: 0.16ms
[559.018s][info][gc,phases      ] GC(1338)   Evacuate Collection Set: 15.96ms
[559.018s][info][gc,phases      ] GC(1338)   Post Evacuate Collection Set: 0.39ms
[559.018s][info][gc,phases      ] GC(1338)   Other: 0.07ms
[559.018s][info][gc,heap        ] GC(1338) Eden regions: 184->0(191)
[559.018s][info][gc,heap        ] GC(1338) Survivor regions: 11->13(25)
[559.018s][info][gc,heap        ] GC(1338) Old regions: 693->693
[559.018s][info][gc,heap        ] GC(1338) Humongous regions: 9->9
[559.018s][info][gc,metaspace   ] GC(1338) Metaspace: 19086K(19264K)->19086K(19264K) NonClass: 16420K(16512K)->16420K(16512K) Class: 2666K(2752K)->2666K(2752K)
[559.018s][info][gc             ] GC(1338) Pause Young (Normal) (G1 Evacuation Pause) 896M->713M(978M) 17.096ms
[559.018s][info][gc,cpu         ] GC(1338) User=0.03s Sys=0.00s Real=0.02s
[559.256s][info][gc,start       ] GC(1339) Pause Young (Normal) (G1 Evacuation Pause)
[559.256s][info][gc,task        ] GC(1339) Using 2 workers of 2 for evacuation
[559.291s][info][gc,phases      ] GC(1339)   Pre Evacuate Collection Set: 0.50ms
[559.291s][info][gc,phases      ] GC(1339)   Merge Heap Roots: 0.18ms
[559.291s][info][gc,phases      ] GC(1339)   Evacuate Collection Set: 33.95ms
[559.291s][info][gc,phases      ] GC(1339)   Post Evacuate Collection Set: 0.44ms
[559.291s][info][gc,phases      ] GC(1339)   Other: 0.07ms
[559.291s][info][gc,heap        ] GC(1339) Eden regions: 191->0(168)
[559.291s][info][gc,heap        ] GC(1339) Survivor regions: 13->26(26)
[559.291s][info][gc,heap        ] GC(1339) Old regions: 693->699
[559.291s][info][gc,heap        ] GC(1339) Humongous regions: 9->9
[559.291s][info][gc,metaspace   ] GC(1339) Metaspace: 19086K(19264K)->19086K(19264K) NonClass: 16420K(16512K)->16420K(16512K) Class: 2666K(2752K)->2666K(2752K)
[559.291s][info][gc             ] GC(1339) Pause Young (Normal) (G1 Evacuation Pause) 904M->733M(978M) 35.327ms
[559.291s][info][gc,cpu         ] GC(1339) User=0.07s Sys=0.00s Real=0.04s
[559.540s][info][gc,start       ] GC(1340) Pause Young (Normal) (G1 Evacuation Pause)
[559.540s][info][gc,task        ] GC(1340) Using 2 workers of 2 for evacuation
[559.620s][info][gc,phases      ] GC(1340)   Pre Evacuate Collection Set: 0.30ms
[559.620s][info][gc,phases      ] GC(1340)   Merge Heap Roots: 0.29ms
[559.620s][info][gc,phases      ] GC(1340)   Evacuate Collection Set: 78.40ms
[559.620s][info][gc,phases      ] GC(1340)   Post Evacuate Collection Set: 0.50ms
[559.620s][info][gc,phases      ] GC(1340)   Other: 0.08ms
[559.620s][info][gc,heap        ] GC(1340) Eden regions: 168->0(121)
[559.620s][info][gc,heap        ] GC(1340) Survivor regions: 26->25(25)
[559.620s][info][gc,heap        ] GC(1340) Old regions: 699->747
[559.620s][info][gc,heap        ] GC(1340) Humongous regions: 10->10
[559.620s][info][gc,metaspace   ] GC(1340) Metaspace: 19086K(19264K)->19086K(19264K) NonClass: 16420K(16512K)->16420K(16512K) Class: 2666K(2752K)->2666K(2752K)
[559.620s][info][gc             ] GC(1340) Pause Young (Normal) (G1 Evacuation Pause) 902M->781M(978M) 79.830ms
[559.620s][info][gc,cpu         ] GC(1340) User=0.15s Sys=0.00s Real=0.08s
[559.741s][info][gc,start       ] GC(1341) Pause Young (Normal) (G1 Evacuation Pause)
[559.741s][info][gc,task        ] GC(1341) Using 2 workers of 2 for evacuation
[559.782s][info][gc,phases      ] GC(1341)   Pre Evacuate Collection Set: 0.29ms
[559.782s][info][gc,phases      ] GC(1341)   Merge Heap Roots: 0.27ms
[559.782s][info][gc,phases      ] GC(1341)   Evacuate Collection Set: 39.43ms
[559.782s][info][gc,phases      ] GC(1341)   Post Evacuate Collection Set: 0.34ms
[559.782s][info][gc,phases      ] GC(1341)   Other: 0.08ms
[559.782s][info][gc,heap        ] GC(1341) Eden regions: 121->0(128)
[559.782s][info][gc,heap        ] GC(1341) Survivor regions: 25->9(19)
[559.782s][info][gc,heap        ] GC(1341) Old regions: 747->772
[559.782s][info][gc,heap        ] GC(1341) Humongous regions: 10->10
[559.782s][info][gc,metaspace   ] GC(1341) Metaspace: 19086K(19264K)->19086K(19264K) NonClass: 16420K(16512K)->16420K(16512K) Class: 2666K(2752K)->2666K(2752K)
[559.782s][info][gc             ] GC(1341) Pause Young (Normal) (G1 Evacuation Pause) 902M->790M(978M) 40.641ms
[559.782s][info][gc,cpu         ] GC(1341) User=0.08s Sys=0.01s Real=0.04s
[560.011s][info][gc,start       ] GC(1342) Pause Young (Normal) (G1 Evacuation Pause)
[560.011s][info][gc,task        ] GC(1342) Using 2 workers of 2 for evacuation
[560.022s][info][gc,phases      ] GC(1342)   Pre Evacuate Collection Set: 0.29ms
[560.022s][info][gc,phases      ] GC(1342)   Merge Heap Roots: 0.09ms
[560.022s][info][gc,phases      ] GC(1342)   Evacuate Collection Set: 10.05ms
[560.022s][info][gc,phases      ] GC(1342)   Post Evacuate Collection Set: 0.34ms
[560.022s][info][gc,phases      ] GC(1342)   Other: 0.09ms
[560.022s][info][gc,heap        ] GC(1342) Eden regions: 128->0(126)
[560.022s][info][gc,heap        ] GC(1342) Survivor regions: 9->10(18)
[560.022s][info][gc,heap        ] GC(1342) Old regions: 772->772
[560.022s][info][gc,heap        ] GC(1342) Humongous regions: 10->10
[560.022s][info][gc,metaspace   ] GC(1342) Metaspace: 19086K(19264K)->19086K(19264K) NonClass: 16420K(16512K)->16420K(16512K) Class: 2666K(2752K)->2666K(2752K)
[560.022s][info][gc             ] GC(1342) Pause Young (Normal) (G1 Evacuation Pause) 918M->791M(978M) 11.064ms
[560.022s][info][gc,cpu         ] GC(1342) User=0.02s Sys=0.00s Real=0.01s
[560.175s][info][gc,marking     ] GC(1335) Concurrent Mark From Roots 2017.271ms
[560.175s][info][gc,marking     ] GC(1335) Concurrent Preclean
[560.175s][info][gc,marking     ] GC(1335) Concurrent Preclean 0.053ms
[560.176s][info][gc,start       ] GC(1335) Pause Remark
[560.185s][info][gc             ] GC(1335) Pause Remark 866M->866M(978M) 9.032ms
[560.185s][info][gc,cpu         ] GC(1335) User=0.02s Sys=0.00s Real=0.01s
[560.185s][info][gc,marking     ] GC(1335) Concurrent Mark 2027.163ms
[560.185s][info][gc,marking     ] GC(1335) Concurrent Rebuild Remembered Sets and Scrub Regions
[560.476s][info][gc,start       ] GC(1343) Pause Young (Normal) (G1 Evacuation Pause)
[560.477s][info][gc,task        ] GC(1343) Using 2 workers of 2 for evacuation
[560.491s][info][gc,phases      ] GC(1343)   Pre Evacuate Collection Set: 0.28ms
[560.491s][info][gc,phases      ] GC(1343)   Merge Heap Roots: 0.17ms
[560.491s][info][gc,phases      ] GC(1343)   Evacuate Collection Set: 13.28ms
[560.491s][info][gc,phases      ] GC(1343)   Post Evacuate Collection Set: 0.34ms
[560.491s][info][gc,phases      ] GC(1343)   Other: 0.09ms
[560.491s][info][gc,heap        ] GC(1343) Eden regions: 126->0(129)
[560.491s][info][gc,heap        ] GC(1343) Survivor regions: 10->4(17)
[560.491s][info][gc,heap        ] GC(1343) Old regions: 772->781
[560.491s][info][gc,heap        ] GC(1343) Humongous regions: 10->10
[560.491s][info][gc,metaspace   ] GC(1343) Metaspace: 19086K(19264K)->19086K(19264K) NonClass: 16420K(16512K)->16420K(16512K) Class: 2666K(2752K)->2666K(2752K)
[560.491s][info][gc             ] GC(1343) Pause Young (Normal) (G1 Evacuation Pause) 917M->793M(978M) 14.413ms
[560.491s][info][gc,cpu         ] GC(1343) User=0.02s Sys=0.00s Real=0.01s
[560.846s][info][gc,start       ] GC(1344) Pause Young (Normal) (G1 Evacuation Pause)
[560.846s][info][gc,task        ] GC(1344) Using 2 workers of 2 for evacuation
[560.866s][info][gc,phases      ] GC(1344)   Pre Evacuate Collection Set: 0.50ms
[560.866s][info][gc,phases      ] GC(1344)   Merge Heap Roots: 0.16ms
[560.866s][info][gc,phases      ] GC(1344)   Evacuate Collection Set: 18.38ms
[560.866s][info][gc,phases      ] GC(1344)   Post Evacuate Collection Set: 0.33ms
[560.866s][info][gc,phases      ] GC(1344)   Other: 0.08ms
[560.866s][info][gc,heap        ] GC(1344) Eden regions: 129->0(103)
[560.866s][info][gc,heap        ] GC(1344) Survivor regions: 4->17(17)
[560.866s][info][gc,heap        ] GC(1344) Old regions: 781->781
[560.866s][info][gc,heap        ] GC(1344) Humongous regions: 10->10
[560.866s][info][gc,metaspace   ] GC(1344) Metaspace: 19086K(19264K)->19086K(19264K) NonClass: 16420K(16512K)->16420K(16512K) Class: 2666K(2752K)->2666K(2752K)
[560.866s][info][gc             ] GC(1344) Pause Young (Normal) (G1 Evacuation Pause) 922M->806M(978M) 19.666ms
[560.866s][info][gc,cpu         ] GC(1344) User=0.04s Sys=0.00s Real=0.02s
[560.990s][info][gc,marking     ] GC(1335) Concurrent Rebuild Remembered Sets and Scrub Regions 805.028ms
[560.990s][info][gc,start       ] GC(1335) Pause Cleanup
[560.991s][info][gc             ] GC(1335) Pause Cleanup 868M->868M(978M) 0.120ms
[560.991s][info][gc,cpu         ] GC(1335) User=0.00s Sys=0.00s Real=0.00s
[560.991s][info][gc,marking     ] GC(1335) Concurrent Clear Claimed Marks
[560.991s][info][gc,marking     ] GC(1335) Concurrent Clear Claimed Marks 0.034ms
[560.991s][info][gc,marking     ] GC(1335) Concurrent Cleanup for Next Mark
[560.996s][info][gc,marking     ] GC(1335) Concurrent Cleanup for Next Mark 4.922ms
[560.996s][info][gc             ] GC(1335) Concurrent Mark Cycle 2960.442ms
[561.025s][info][gc,start       ] GC(1345) Pause Young (Prepare Mixed) (G1 Evacuation Pause)
[561.025s][info][gc,task        ] GC(1345) Using 2 workers of 2 for evacuation
[561.079s][info][gc,phases      ] GC(1345)   Pre Evacuate Collection Set: 0.51ms
[561.079s][info][gc,phases      ] GC(1345)   Merge Heap Roots: 0.18ms
[561.079s][info][gc,phases      ] GC(1345)   Evacuate Collection Set: 52.27ms
[561.079s][info][gc,phases      ] GC(1345)   Post Evacuate Collection Set: 0.46ms
[561.079s][info][gc,phases      ] GC(1345)   Other: 0.07ms
[561.079s][info][gc,heap        ] GC(1345) Eden regions: 103->0(68)
[561.079s][info][gc,heap        ] GC(1345) Survivor regions: 17->15(15)
[561.079s][info][gc,heap        ] GC(1345) Old regions: 781->820
[561.079s][info][gc,heap        ] GC(1345) Humongous regions: 10->10
[561.079s][info][gc,metaspace   ] GC(1345) Metaspace: 19086K(19264K)->19086K(19264K) NonClass: 16420K(16512K)->16420K(16512K) Class: 2666K(2752K)->2666K(2752K)
[561.079s][info][gc             ] GC(1345) Pause Young (Prepare Mixed) (G1 Evacuation Pause) 909M->844M(978M) 53.683ms
[561.079s][info][gc,cpu         ] GC(1345) User=0.11s Sys=0.00s Real=0.05s
[561.198s][info][gc,start       ] GC(1346) Pause Young (Mixed) (G1 Evacuation Pause)
[561.198s][info][gc,task        ] GC(1346) Using 2 workers of 2 for evacuation
[561.310s][info][gc,phases      ] GC(1346)   Pre Evacuate Collection Set: 0.52ms
[561.310s][info][gc,phases      ] GC(1346)   Merge Heap Roots: 1.03ms
[561.310s][info][gc,phases      ] GC(1346)   Evacuate Collection Set: 109.09ms
[561.310s][info][gc,phases      ] GC(1346)   Post Evacuate Collection Set: 1.61ms
[561.310s][info][gc,phases      ] GC(1346)   Other: 0.07ms
[561.310s][info][gc,heap        ] GC(1346) Eden regions: 68->0(60)
[561.310s][info][gc,heap        ] GC(1346) Survivor regions: 15->11(11)
[561.310s][info][gc,heap        ] GC(1346) Old regions: 820->836
[561.310s][info][gc,heap        ] GC(1346) Humongous regions: 10->10
[561.310s][info][gc,metaspace   ] GC(1346) Metaspace: 19086K(19264K)->19086K(19264K) NonClass: 16420K(16512K)->16420K(16512K) Class: 2666K(2752K)->2666K(2752K)
[561.310s][info][gc             ] GC(1346) Pause Young (Mixed) (G1 Evacuation Pause) 912M->856M(978M) 112.591ms
[561.310s][info][gc,cpu         ] GC(1346) User=0.22s Sys=0.00s Real=0.11s
[561.314s][info][gc,start       ] GC(1347) Pause Young (Concurrent Start) (G1 Humongous Allocation)
[561.314s][info][gc,task        ] GC(1347) Using 2 workers of 2 for evacuation
[561.327s][info][gc,phases      ] GC(1347)   Pre Evacuate Collection Set: 0.27ms
[561.328s][info][gc,phases      ] GC(1347)   Merge Heap Roots: 0.10ms
[561.328s][info][gc,phases      ] GC(1347)   Evacuate Collection Set: 12.44ms
[561.328s][info][gc,phases      ] GC(1347)   Post Evacuate Collection Set: 0.25ms
[561.328s][info][gc,phases      ] GC(1347)   Other: 0.23ms
[561.328s][info][gc,heap        ] GC(1347) Eden regions: 1->0(69)
[561.328s][info][gc,heap        ] GC(1347) Survivor regions: 11->1(9)
[561.328s][info][gc,heap        ] GC(1347) Old regions: 836->847
[561.328s][info][gc,heap        ] GC(1347) Humongous regions: 10->10
[561.328s][info][gc,metaspace   ] GC(1347) Metaspace: 19086K(19264K)->19086K(19264K) NonClass: 16420K(16512K)->16420K(16512K) Class: 2666K(2752K)->2666K(2752K)
[561.328s][info][gc             ] GC(1347) Pause Young (Concurrent Start) (G1 Humongous Allocation) 857M->857M(978M) 13.461ms
[561.328s][info][gc             ] GC(1348) Concurrent Mark Cycle
[561.328s][info][gc,marking     ] GC(1348) Concurrent Scan Root Regions
[561.328s][info][gc,cpu         ] GC(1347) User=0.02s Sys=0.00s Real=0.01s
[561.345s][info][gc,marking     ] GC(1348) Concurrent Scan Root Regions 16.903ms
[561.345s][info][gc,marking     ] GC(1348) Concurrent Mark
[561.345s][info][gc,marking     ] GC(1348) Concurrent Mark From Roots
[561.345s][info][gc,task        ] GC(1348) Using 1 workers of 1 for marking
[561.413s][info][gc,start       ] GC(1349) Pause Young (Normal) (G1 Evacuation Pause)
[561.413s][info][gc,task        ] GC(1349) Using 2 workers of 2 for evacuation
[561.424s][info][gc,phases      ] GC(1349)   Pre Evacuate Collection Set: 0.28ms
[561.424s][info][gc,phases      ] GC(1349)   Merge Heap Roots: 0.13ms
[561.424s][info][gc,phases      ] GC(1349)   Evacuate Collection Set: 10.24ms
[561.424s][info][gc,phases      ] GC(1349)   Post Evacuate Collection Set: 0.27ms
[561.424s][info][gc,phases      ] GC(1349)   Other: 0.09ms
[561.424s][info][gc,heap        ] GC(1349) Eden regions: 69->0(56)
[561.424s][info][gc,heap        ] GC(1349) Survivor regions: 1->7(9)
[561.424s][info][gc,heap        ] GC(1349) Old regions: 847->847
[561.424s][info][gc,heap        ] GC(1349) Humongous regions: 11->11
[561.424s][info][gc,metaspace   ] GC(1349) Metaspace: 19086K(19264K)->19086K(19264K) NonClass: 16420K(16512K)->16420K(16512K) Class: 2666K(2752K)->2666K(2752K)
[561.424s][info][gc             ] GC(1349) Pause Young (Normal) (G1 Evacuation Pause) 927M->864M(978M) 11.246ms
[561.424s][info][gc,cpu         ] GC(1349) User=0.02s Sys=0.00s Real=0.01s
[561.486s][info][gc,start       ] GC(1350) Pause Young (Normal) (G1 Evacuation Pause)
[561.486s][info][gc,task        ] GC(1350) Using 2 workers of 2 for evacuation
[561.498s][info][gc,phases      ] GC(1350)   Pre Evacuate Collection Set: 0.25ms
[561.498s][info][gc,phases      ] GC(1350)   Merge Heap Roots: 0.09ms
[561.498s][info][gc,phases      ] GC(1350)   Evacuate Collection Set: 10.94ms
[561.498s][info][gc,phases      ] GC(1350)   Post Evacuate Collection Set: 0.28ms
[561.498s][info][gc,phases      ] GC(1350)   Other: 0.07ms
[561.498s][info][gc,heap        ] GC(1350) Eden regions: 56->0(57)
[561.498s][info][gc,heap        ] GC(1350) Survivor regions: 7->3(8)
[561.498s][info][gc,heap        ] GC(1350) Old regions: 847->854
[561.498s][info][gc,heap        ] GC(1350) Humongous regions: 11->11
[561.498s][info][gc,metaspace   ] GC(1350) Metaspace: 19086K(19264K)->19086K(19264K) NonClass: 16420K(16512K)->16420K(16512K) Class: 2666K(2752K)->2666K(2752K)
[561.498s][info][gc             ] GC(1350) Pause Young (Normal) (G1 Evacuation Pause) 920M->867M(978M) 11.820ms
[561.498s][info][gc,cpu         ] GC(1350) User=0.03s Sys=0.00s Real=0.01s
[561.604s][info][gc,start       ] GC(1351) Pause Young (Normal) (G1 Evacuation Pause)
[561.604s][info][gc,task        ] GC(1351) Using 2 workers of 2 for evacuation
[561.609s][info][gc,phases      ] GC(1351)   Pre Evacuate Collection Set: 0.29ms
[561.609s][info][gc,phases      ] GC(1351)   Merge Heap Roots: 0.10ms
[561.609s][info][gc,phases      ] GC(1351)   Evacuate Collection Set: 4.25ms
[561.609s][info][gc,phases      ] GC(1351)   Post Evacuate Collection Set: 0.30ms
[561.609s][info][gc,phases      ] GC(1351)   Other: 0.08ms
[561.609s][info][gc,heap        ] GC(1351) Eden regions: 57->0(57)
[561.609s][info][gc,heap        ] GC(1351) Survivor regions: 3->3(8)
[561.609s][info][gc,heap        ] GC(1351) Old regions: 854->854
[561.609s][info][gc,heap        ] GC(1351) Humongous regions: 11->11
[561.609s][info][gc,metaspace   ] GC(1351) Metaspace: 19086K(19264K)->19086K(19264K) NonClass: 16420K(16512K)->16420K(16512K) Class: 2666K(2752K)->2666K(2752K)
[561.609s][info][gc             ] GC(1351) Pause Young (Normal) (G1 Evacuation Pause) 924M->867M(978M) 5.211ms
[561.609s][info][gc,cpu         ] GC(1351) User=0.01s Sys=0.00s Real=0.00s
[561.729s][info][gc,start       ] GC(1352) Pause Young (Normal) (G1 Evacuation Pause)
[561.729s][info][gc,task        ] GC(1352) Using 2 workers of 2 for evacuation
[561.735s][info][gc,phases      ] GC(1352)   Pre Evacuate Collection Set: 0.52ms
[561.735s][info][gc,phases      ] GC(1352)   Merge Heap Roots: 0.11ms
[561.735s][info][gc,phases      ] GC(1352)   Evacuate Collection Set: 4.89ms
[561.735s][info][gc,phases      ] GC(1352)   Post Evacuate Collection Set: 0.29ms
[561.735s][info][gc,phases      ] GC(1352)   Other: 0.08ms
[561.735s][info][gc,heap        ] GC(1352) Eden regions: 57->0(55)
[561.735s][info][gc,heap        ] GC(1352) Survivor regions: 3->4(8)
[561.735s][info][gc,heap        ] GC(1352) Old regions: 854->854
[561.735s][info][gc,heap        ] GC(1352) Humongous regions: 11->11
[561.735s][info][gc,metaspace   ] GC(1352) Metaspace: 19086K(19264K)->19086K(19264K) NonClass: 16420K(16512K)->16420K(16512K) Class: 2666K(2752K)->2666K(2752K)
[561.735s][info][gc             ] GC(1352) Pause Young (Normal) (G1 Evacuation Pause) 924M->868M(978M) 6.109ms
[561.735s][info][gc,cpu         ] GC(1352) User=0.01s Sys=0.00s Real=0.01s
[561.852s][info][gc,start       ] GC(1353) Pause Young (Normal) (G1 Evacuation Pause)
[561.852s][info][gc,task        ] GC(1353) Using 2 workers of 2 for evacuation
[561.858s][info][gc,phases      ] GC(1353)   Pre Evacuate Collection Set: 0.27ms
[561.858s][info][gc,phases      ] GC(1353)   Merge Heap Roots: 0.11ms
[561.858s][info][gc,phases      ] GC(1353)   Evacuate Collection Set: 5.23ms
[561.858s][info][gc,phases      ] GC(1353)   Post Evacuate Collection Set: 0.27ms
[561.858s][info][gc,phases      ] GC(1353)   Other: 0.08ms
[561.858s][info][gc,heap        ] GC(1353) Eden regions: 55->0(55)
[561.858s][info][gc,heap        ] GC(1353) Survivor regions: 4->4(8)
[561.858s][info][gc,heap        ] GC(1353) Old regions: 854->854
[561.858s][info][gc,heap        ] GC(1353) Humongous regions: 11->11
[561.858s][info][gc,metaspace   ] GC(1353) Metaspace: 19086K(19264K)->19086K(19264K) NonClass: 16420K(16512K)->16420K(16512K) Class: 2666K(2752K)->2666K(2752K)
[561.858s][info][gc             ] GC(1353) Pause Young (Normal) (G1 Evacuation Pause) 923M->868M(978M) 6.141ms
[561.858s][info][gc,cpu         ] GC(1353) User=0.01s Sys=0.00s Real=0.00s
[561.975s][info][gc,start       ] GC(1354) Pause Young (Normal) (G1 Evacuation Pause)
[561.975s][info][gc,task        ] GC(1354) Using 2 workers of 2 for evacuation
[561.982s][info][gc,phases      ] GC(1354)   Pre Evacuate Collection Set: 0.28ms
[561.982s][info][gc,phases      ] GC(1354)   Merge Heap Roots: 0.13ms
[561.982s][info][gc,phases      ] GC(1354)   Evacuate Collection Set: 6.39ms
[561.982s][info][gc,phases      ] GC(1354)   Post Evacuate Collection Set: 0.29ms
[561.982s][info][gc,phases      ] GC(1354)   Other: 0.10ms
[561.982s][info][gc,heap        ] GC(1354) Eden regions: 55->0(53)
[561.982s][info][gc,heap        ] GC(1354) Survivor regions: 4->5(8)
[561.982s][info][gc,heap        ] GC(1354) Old regions: 854->854
[561.982s][info][gc,heap        ] GC(1354) Humongous regions: 11->11
[561.982s][info][gc,metaspace   ] GC(1354) Metaspace: 19086K(19264K)->19086K(19264K) NonClass: 16420K(16512K)->16420K(16512K) Class: 2666K(2752K)->2666K(2752K)
[561.982s][info][gc             ] GC(1354) Pause Young (Normal) (G1 Evacuation Pause) 923M->869M(978M) 7.400ms
[561.982s][info][gc,cpu         ] GC(1354) User=0.01s Sys=0.01s Real=0.01s
[562.113s][info][gc,start       ] GC(1355) Pause Young (Normal) (G1 Evacuation Pause)
[562.113s][info][gc,task        ] GC(1355) Using 2 workers of 2 for evacuation
[562.121s][info][gc,phases      ] GC(1355)   Pre Evacuate Collection Set: 0.32ms
[562.121s][info][gc,phases      ] GC(1355)   Merge Heap Roots: 0.13ms
[562.121s][info][gc,phases      ] GC(1355)   Evacuate Collection Set: 7.03ms
[562.121s][info][gc,phases      ] GC(1355)   Post Evacuate Collection Set: 0.31ms
[562.121s][info][gc,phases      ] GC(1355)   Other: 0.10ms
[562.121s][info][gc,heap        ] GC(1355) Eden regions: 53->0(54)
[562.121s][info][gc,heap        ] GC(1355) Survivor regions: 5->3(8)
[562.121s][info][gc,heap        ] GC(1355) Old regions: 854->857
[562.121s][info][gc,heap        ] GC(1355) Humongous regions: 11->11
[562.121s][info][gc,metaspace   ] GC(1355) Metaspace: 19086K(19264K)->19086K(19264K) NonClass: 16420K(16512K)->16420K(16512K) Class: 2666K(2752K)->2666K(2752K)
[562.121s][info][gc             ] GC(1355) Pause Young (Normal) (G1 Evacuation Pause) 922M->870M(978M) 8.153ms
[562.121s][info][gc,cpu         ] GC(1355) User=0.02s Sys=0.00s Real=0.01s
[562.134s][info][gc,marking     ] GC(1348) Concurrent Mark From Roots 789.329ms
[562.134s][info][gc,marking     ] GC(1348) Concurrent Preclean
[562.134s][info][gc,marking     ] GC(1348) Concurrent Preclean 0.049ms
[562.134s][info][gc,start       ] GC(1348) Pause Remark
[562.143s][info][gc             ] GC(1348) Pause Remark 875M->404M(978M) 8.470ms
[562.143s][info][gc,cpu         ] GC(1348) User=0.02s Sys=0.00s Real=0.01s
[562.143s][info][gc,marking     ] GC(1348) Concurrent Mark 798.635ms
[562.143s][info][gc,marking     ] GC(1348) Concurrent Rebuild Remembered Sets and Scrub Regions
[562.283s][info][gc,start       ] GC(1356) Pause Young (Normal) (G1 Evacuation Pause)
[562.283s][info][gc,task        ] GC(1356) Using 2 workers of 2 for evacuation
[562.288s][info][gc,phases      ] GC(1356)   Pre Evacuate Collection Set: 0.51ms
[562.288s][info][gc,phases      ] GC(1356)   Merge Heap Roots: 0.13ms
[562.288s][info][gc,phases      ] GC(1356)   Evacuate Collection Set: 4.13ms
[562.288s][info][gc,phases      ] GC(1356)   Post Evacuate Collection Set: 0.31ms
[562.288s][info][gc,phases      ] GC(1356)   Other: 0.09ms
[562.288s][info][gc,heap        ] GC(1356) Eden regions: 54->0(399)
[562.288s][info][gc,heap        ] GC(1356) Survivor regions: 3->3(8)
[562.288s][info][gc,heap        ] GC(1356) Old regions: 393->393
[562.288s][info][gc,heap        ] GC(1356) Humongous regions: 4->4
[562.288s][info][gc,metaspace   ] GC(1356) Metaspace: 19086K(19264K)->19086K(19264K) NonClass: 16420K(16512K)->16420K(16512K) Class: 2666K(2752K)->2666K(2752K)
[562.288s][info][gc             ] GC(1356) Pause Young (Normal) (G1 Evacuation Pause) 453M->399M(978M) 5.379ms
[562.288s][info][gc,cpu         ] GC(1356) User=0.01s Sys=0.00s Real=0.00s
[562.551s][info][gc,marking     ] GC(1348) Concurrent Rebuild Remembered Sets and Scrub Regions 407.338ms
[562.551s][info][gc,start       ] GC(1348) Pause Cleanup
[562.552s][info][gc             ] GC(1348) Pause Cleanup 497M->497M(978M) 0.144ms
[562.552s][info][gc,cpu         ] GC(1348) User=0.00s Sys=0.00s Real=0.00s
[562.552s][info][gc,marking     ] GC(1348) Concurrent Clear Claimed Marks
[562.552s][info][gc,marking     ] GC(1348) Concurrent Clear Claimed Marks 0.036ms
[562.552s][info][gc,marking     ] GC(1348) Concurrent Cleanup for Next Mark
[562.555s][info][gc,marking     ] GC(1348) Concurrent Cleanup for Next Mark 2.915ms
[562.555s][info][gc             ] GC(1348) Concurrent Mark Cycle 1227.042ms
[562.828s][info][gc,start       ] GC(1357) Pause Young (Prepare Mixed) (G1 Evacuation Pause)
[562.828s][info][gc,task        ] GC(1357) Using 2 workers of 2 for evacuation
[563.001s][info][gc,phases      ] GC(1357)   Pre Evacuate Collection Set: 0.53ms
[563.001s][info][gc,phases      ] GC(1357)   Merge Heap Roots: 0.37ms
[563.001s][info][gc,phases      ] GC(1357)   Evacuate Collection Set: 170.20ms
[563.001s][info][gc,phases      ] GC(1357)   Post Evacuate Collection Set: 2.35ms
[563.001s][info][gc,phases      ] GC(1357)   Other: 0.08ms
[563.001s][info][gc,heap        ] GC(1357) Eden regions: 399->0(241)
[563.001s][info][gc,heap        ] GC(1357) Survivor regions: 3->51(51)
[563.001s][info][gc,heap        ] GC(1357) Old regions: 393->506
[563.001s][info][gc,heap        ] GC(1357) Humongous regions: 5->5
[563.001s][info][gc,metaspace   ] GC(1357) Metaspace: 19086K(19264K)->19086K(19264K) NonClass: 16420K(16512K)->16420K(16512K) Class: 2666K(2752K)->2666K(2752K)
[563.001s][info][gc             ] GC(1357) Pause Young (Prepare Mixed) (G1 Evacuation Pause) 799M->561M(978M) 173.757ms
[563.001s][info][gc,cpu         ] GC(1357) User=0.34s Sys=0.00s Real=0.18s
[563.306s][info][gc,start       ] GC(1358) Pause Young (Mixed) (G1 Evacuation Pause)
[563.306s][info][gc,task        ] GC(1358) Using 2 workers of 2 for evacuation
[563.402s][info][gc,phases      ] GC(1358)   Pre Evacuate Collection Set: 0.33ms
[563.403s][info][gc,phases      ] GC(1358)   Merge Heap Roots: 0.73ms
[563.403s][info][gc,phases      ] GC(1358)   Evacuate Collection Set: 90.16ms
[563.403s][info][gc,phases      ] GC(1358)   Merge Optional Heap Roots: 0.12ms
[563.403s][info][gc,phases      ] GC(1358)   Evacuate Optional Collection Set: 3.32ms
[563.403s][info][gc,phases      ] GC(1358)   Post Evacuate Collection Set: 1.38ms
[563.403s][info][gc,phases      ] GC(1358)   Other: 0.09ms
[563.403s][info][gc,heap        ] GC(1358) Eden regions: 241->0(39)
[563.403s][info][gc,heap        ] GC(1358) Survivor regions: 51->9(37)
[563.403s][info][gc,heap        ] GC(1358) Old regions: 506->518
[563.403s][info][gc,heap        ] GC(1358) Humongous regions: 5->5
[563.403s][info][gc,metaspace   ] GC(1358) Metaspace: 19089K(19264K)->19089K(19264K) NonClass: 16423K(16512K)->16423K(16512K) Class: 2666K(2752K)->2666K(2752K)
[563.403s][info][gc             ] GC(1358) Pause Young (Mixed) (G1 Evacuation Pause) 802M->531M(978M) 96.393ms
[563.403s][info][gc,cpu         ] GC(1358) User=0.19s Sys=0.00s Real=0.10s
[563.480s][info][gc,start       ] GC(1359) Pause Young (Mixed) (G1 Evacuation Pause)
[563.480s][info][gc,task        ] GC(1359) Using 2 workers of 2 for evacuation
[563.658s][info][gc,phases      ] GC(1359)   Pre Evacuate Collection Set: 0.28ms
[563.658s][info][gc,phases      ] GC(1359)   Merge Heap Roots: 2.08ms
[563.658s][info][gc,phases      ] GC(1359)   Evacuate Collection Set: 174.69ms
[563.658s][info][gc,phases      ] GC(1359)   Post Evacuate Collection Set: 1.41ms
[563.658s][info][gc,phases      ] GC(1359)   Other: 0.10ms
[563.658s][info][gc,heap        ] GC(1359) Eden regions: 39->0(276)
[563.658s][info][gc,heap        ] GC(1359) Survivor regions: 9->6(6)
[563.658s][info][gc,heap        ] GC(1359) Old regions: 518->520
[563.658s][info][gc,heap        ] GC(1359) Humongous regions: 5->5
[563.658s][info][gc,metaspace   ] GC(1359) Metaspace: 19090K(19264K)->19090K(19264K) NonClass: 16424K(16512K)->16424K(16512K) Class: 2666K(2752K)->2666K(2752K)
[563.658s][info][gc             ] GC(1359) Pause Young (Mixed) (G1 Evacuation Pause) 570M->530M(978M) 178.797ms
[563.658s][info][gc,cpu         ] GC(1359) User=0.35s Sys=0.01s Real=0.18s
[563.872s][info][gc,start       ] GC(1360) Pause Young (Concurrent Start) (G1 Evacuation Pause)
[563.872s][info][gc,task        ] GC(1360) Using 2 workers of 2 for evacuation
[563.940s][info][gc,phases      ] GC(1360)   Pre Evacuate Collection Set: 0.35ms
[563.940s][info][gc,phases      ] GC(1360)   Merge Heap Roots: 0.09ms
[563.940s][info][gc,phases      ] GC(1360)   Evacuate Collection Set: 66.17ms
[563.940s][info][gc,phases      ] GC(1360)   Post Evacuate Collection Set: 0.80ms
[563.940s][info][gc,phases      ] GC(1360)   Other: 0.29ms
[563.940s][info][gc,heap        ] GC(1360) Eden regions: 276->0(228)
[563.940s][info][gc,heap        ] GC(1360) Survivor regions: 6->36(36)
[563.940s][info][gc,heap        ] GC(1360) Old regions: 520->558
[563.940s][info][gc,heap        ] GC(1360) Humongous regions: 5->5
[563.940s][info][gc,metaspace   ] GC(1360) Metaspace: 19090K(19264K)->19090K(19264K) NonClass: 16424K(16512K)->16424K(16512K) Class: 2666K(2752K)->2666K(2752K)
[563.940s][info][gc             ] GC(1360) Pause Young (Concurrent Start) (G1 Evacuation Pause) 806M->598M(978M) 67.904ms
[563.940s][info][gc,cpu         ] GC(1360) User=0.13s Sys=0.00s Real=0.06s
[563.940s][info][gc             ] GC(1361) Concurrent Mark Cycle
[563.940s][info][gc,marking     ] GC(1361) Concurrent Scan Root Regions
[564.011s][info][gc,marking     ] GC(1361) Concurrent Scan Root Regions 71.114ms
[564.011s][info][gc,marking     ] GC(1361) Concurrent Mark
[564.012s][info][gc,marking     ] GC(1361) Concurrent Mark From Roots
[564.012s][info][gc,task        ] GC(1361) Using 1 workers of 1 for marking
[564.188s][info][gc,marking     ] GC(1361) Concurrent Mark From Roots 176.862ms
[564.188s][info][gc,marking     ] GC(1361) Concurrent Preclean
[564.188s][info][gc,marking     ] GC(1361) Concurrent Preclean 0.032ms
[564.189s][info][gc,start       ] GC(1361) Pause Remark
[564.197s][info][gc             ] GC(1361) Pause Remark 713M->382M(894M) 8.018ms
[564.197s][info][gc,cpu         ] GC(1361) User=0.02s Sys=0.00s Real=0.01s
[564.198s][info][gc,marking     ] GC(1361) Concurrent Mark 186.024ms
[564.198s][info][gc,marking     ] GC(1361) Concurrent Rebuild Remembered Sets and Scrub Regions
[564.294s][info][gc,marking     ] GC(1361) Concurrent Rebuild Remembered Sets and Scrub Regions 96.689ms
[564.294s][info][gc,start       ] GC(1361) Pause Cleanup
[564.294s][info][gc             ] GC(1361) Pause Cleanup 473M->473M(894M) 0.108ms
[564.294s][info][gc,cpu         ] GC(1361) User=0.00s Sys=0.00s Real=0.00s
[564.295s][info][gc,marking     ] GC(1361) Concurrent Clear Claimed Marks
[564.295s][info][gc,marking     ] GC(1361) Concurrent Clear Claimed Marks 0.041ms
[564.295s][info][gc,marking     ] GC(1361) Concurrent Cleanup for Next Mark
[564.303s][info][gc,marking     ] GC(1361) Concurrent Cleanup for Next Mark 8.369ms
[564.303s][info][gc             ] GC(1361) Concurrent Mark Cycle 363.096ms
[564.312s][info][gc,start       ] GC(1362) Pause Young (Prepare Mixed) (G1 Evacuation Pause)
[564.312s][info][gc,task        ] GC(1362) Using 2 workers of 2 for evacuation
[564.416s][info][gc,phases      ] GC(1362)   Pre Evacuate Collection Set: 0.25ms
[564.416s][info][gc,phases      ] GC(1362)   Merge Heap Roots: 0.48ms
[564.416s][info][gc,phases      ] GC(1362)   Evacuate Collection Set: 102.51ms
[564.416s][info][gc,phases      ] GC(1362)   Post Evacuate Collection Set: 0.58ms
[564.416s][info][gc,phases      ] GC(1362)   Other: 0.08ms
[564.416s][info][gc,heap        ] GC(1362) Eden regions: 228->0(109)
[564.416s][info][gc,heap        ] GC(1362) Survivor regions: 36->33(33)
[564.416s][info][gc,heap        ] GC(1362) Old regions: 231->297
[564.416s][info][gc,heap        ] GC(1362) Humongous regions: 1->1
[564.416s][info][gc,metaspace   ] GC(1362) Metaspace: 19090K(19264K)->19090K(19264K) NonClass: 16424K(16512K)->16424K(16512K) Class: 2666K(2752K)->2666K(2752K)
[564.417s][info][gc             ] GC(1362) Pause Young (Prepare Mixed) (G1 Evacuation Pause) 495M->330M(894M) 104.067ms
[564.417s][info][gc,cpu         ] GC(1362) User=0.21s Sys=0.00s Real=0.10s
[564.492s][info][gc,start       ] GC(1363) Pause Young (Mixed) (G1 Evacuation Pause)
[564.492s][info][gc,task        ] GC(1363) Using 2 workers of 2 for evacuation
[564.573s][info][gc,phases      ] GC(1363)   Pre Evacuate Collection Set: 0.26ms
[564.573s][info][gc,phases      ] GC(1363)   Merge Heap Roots: 0.40ms
[564.573s][info][gc,phases      ] GC(1363)   Evacuate Collection Set: 79.60ms
[564.573s][info][gc,phases      ] GC(1363)   Post Evacuate Collection Set: 0.62ms
[564.573s][info][gc,phases      ] GC(1363)   Other: 0.09ms
[564.573s][info][gc,heap        ] GC(1363) Eden regions: 128->0(157)
[564.573s][info][gc,heap        ] GC(1363) Survivor regions: 33->21(21)
[564.573s][info][gc,heap        ] GC(1363) Old regions: 297->345
[564.573s][info][gc,heap        ] GC(1363) Humongous regions: 1->1
[564.573s][info][gc,metaspace   ] GC(1363) Metaspace: 19093K(19264K)->19093K(19264K) NonClass: 16426K(16512K)->16426K(16512K) Class: 2666K(2752K)->2666K(2752K)
[564.573s][info][gc             ] GC(1363) Pause Young (Mixed) (G1 Evacuation Pause) 458M->366M(894M) 81.205ms
[564.573s][info][gc,cpu         ] GC(1363) User=0.16s Sys=0.00s Real=0.08s
[564.743s][info][gc,start       ] GC(1364) Pause Young (Mixed) (G1 Evacuation Pause)
[564.743s][info][gc,task        ] GC(1364) Using 2 workers of 2 for evacuation
[564.817s][info][gc,phases      ] GC(1364)   Pre Evacuate Collection Set: 0.47ms
[564.817s][info][gc,phases      ] GC(1364)   Merge Heap Roots: 0.53ms
[564.817s][info][gc,phases      ] GC(1364)   Evacuate Collection Set: 71.83ms
[564.817s][info][gc,phases      ] GC(1364)   Post Evacuate Collection Set: 0.49ms
[564.817s][info][gc,phases      ] GC(1364)   Other: 0.09ms
[564.817s][info][gc,heap        ] GC(1364) Eden regions: 167->0(192)
[564.817s][info][gc,heap        ] GC(1364) Survivor regions: 21->24(24)
[564.817s][info][gc,heap        ] GC(1364) Old regions: 345->371
[564.817s][info][gc,heap        ] GC(1364) Humongous regions: 4->4
[564.817s][info][gc,metaspace   ] GC(1364) Metaspace: 19093K(19264K)->19093K(19264K) NonClass: 16426K(16512K)->16426K(16512K) Class: 2666K(2752K)->2666K(2752K)
[564.817s][info][gc             ] GC(1364) Pause Young (Mixed) (G1 Evacuation Pause) 536M->398M(894M) 73.637ms
[564.817s][info][gc,cpu         ] GC(1364) User=0.14s Sys=0.00s Real=0.07s
[565.001s][info][gc,start       ] GC(1365) Pause Young (Mixed) (G1 Evacuation Pause)
[565.001s][info][gc,task        ] GC(1365) Using 2 workers of 2 for evacuation
[565.082s][info][gc,phases      ] GC(1365)   Pre Evacuate Collection Set: 0.29ms
[565.082s][info][gc,phases      ] GC(1365)   Merge Heap Roots: 0.43ms
[565.082s][info][gc,phases      ] GC(1365)   Evacuate Collection Set: 79.74ms
[565.082s][info][gc,phases      ] GC(1365)   Post Evacuate Collection Set: 0.61ms
[565.082s][info][gc,phases      ] GC(1365)   Other: 0.11ms
[565.082s][info][gc,heap        ] GC(1365) Eden regions: 237->0(234)
[565.082s][info][gc,heap        ] GC(1365) Survivor regions: 24->33(33)
[565.082s][info][gc,heap        ] GC(1365) Old regions: 371->387
[565.082s][info][gc,heap        ] GC(1365) Humongous regions: 7->7
[565.082s][info][gc,metaspace   ] GC(1365) Metaspace: 19093K(19264K)->19093K(19264K) NonClass: 16426K(16512K)->16426K(16512K) Class: 2666K(2752K)->2666K(2752K)
[565.082s][info][gc             ] GC(1365) Pause Young (Mixed) (G1 Evacuation Pause) 638M->426M(894M) 81.403ms
[565.082s][info][gc,cpu         ] GC(1365) User=0.16s Sys=0.00s Real=0.09s
[565.283s][info][gc,start       ] GC(1366) Pause Young (Mixed) (G1 Evacuation Pause)
[565.283s][info][gc,task        ] GC(1366) Using 2 workers of 2 for evacuation
[565.359s][info][gc,phases      ] GC(1366)   Pre Evacuate Collection Set: 0.29ms
[565.359s][info][gc,phases      ] GC(1366)   Merge Heap Roots: 0.48ms
[565.359s][info][gc,phases      ] GC(1366)   Evacuate Collection Set: 74.54ms
[565.359s][info][gc,phases      ] GC(1366)   Post Evacuate Collection Set: 0.99ms
[565.359s][info][gc,phases      ] GC(1366)   Other: 0.10ms
[565.359s][info][gc,heap        ] GC(1366) Eden regions: 255->0(309)
[565.359s][info][gc,heap        ] GC(1366) Survivor regions: 33->25(36)
[565.359s][info][gc,heap        ] GC(1366) Old regions: 387->410
[565.359s][info][gc,heap        ] GC(1366) Humongous regions: 7->7
[565.359s][info][gc,metaspace   ] GC(1366) Metaspace: 19093K(19264K)->19093K(19264K) NonClass: 16426K(16512K)->16426K(16512K) Class: 2666K(2752K)->2666K(2752K)
[565.359s][info][gc             ] GC(1366) Pause Young (Mixed) (G1 Evacuation Pause) 681M->440M(928M) 76.642ms
[565.359s][info][gc,cpu         ] GC(1366) User=0.15s Sys=0.00s Real=0.07s
[565.608s][info][gc,start       ] GC(1367) Pause Young (Mixed) (G1 Evacuation Pause)
[565.608s][info][gc,task        ] GC(1367) Using 2 workers of 2 for evacuation
[565.674s][info][gc,phases      ] GC(1367)   Pre Evacuate Collection Set: 0.50ms
[565.674s][info][gc,phases      ] GC(1367)   Merge Heap Roots: 0.58ms
[565.674s][info][gc,phases      ] GC(1367)   Evacuate Collection Set: 64.14ms
[565.674s][info][gc,phases      ] GC(1367)   Post Evacuate Collection Set: 0.60ms
[565.674s][info][gc,phases      ] GC(1367)   Other: 0.13ms
[565.674s][info][gc,heap        ] GC(1367) Eden regions: 309->0(332)
[565.674s][info][gc,heap        ] GC(1367) Survivor regions: 25->26(42)
[565.674s][info][gc,heap        ] GC(1367) Old regions: 410->398
[565.674s][info][gc,heap        ] GC(1367) Humongous regions: 7->7
[565.674s][info][gc,metaspace   ] GC(1367) Metaspace: 19093K(19264K)->19093K(19264K) NonClass: 16426K(16512K)->16426K(16512K) Class: 2666K(2752K)->2666K(2752K)
[565.674s][info][gc             ] GC(1367) Pause Young (Mixed) (G1 Evacuation Pause) 749M->430M(928M) 66.185ms
[565.674s][info][gc,cpu         ] GC(1367) User=0.13s Sys=0.00s Real=0.07s
[566.073s][info][gc,start       ] GC(1368) Pause Young (Concurrent Start) (G1 Evacuation Pause)
[566.073s][info][gc,task        ] GC(1368) Using 2 workers of 2 for evacuation
[566.141s][info][gc,phases      ] GC(1368)   Pre Evacuate Collection Set: 0.33ms
[566.141s][info][gc,phases      ] GC(1368)   Merge Heap Roots: 0.40ms
[566.141s][info][gc,phases      ] GC(1368)   Evacuate Collection Set: 66.23ms
[566.141s][info][gc,phases      ] GC(1368)   Post Evacuate Collection Set: 0.58ms
[566.141s][info][gc,phases      ] GC(1368)   Other: 0.21ms
[566.141s][info][gc,heap        ] GC(1368) Eden regions: 332->0(320)
[566.141s][info][gc,heap        ] GC(1368) Survivor regions: 26->32(45)
[566.141s][info][gc,heap        ] GC(1368) Old regions: 398->424
[566.141s][info][gc,heap        ] GC(1368) Humongous regions: 7->7
[566.141s][info][gc,metaspace   ] GC(1368) Metaspace: 19093K(19264K)->19093K(19264K) NonClass: 16426K(16512K)->16426K(16512K) Class: 2666K(2752K)->2666K(2752K)
[566.141s][info][gc             ] GC(1368) Pause Young (Concurrent Start) (G1 Evacuation Pause) 762M->462M(928M) 68.015ms
[566.141s][info][gc,cpu         ] GC(1368) User=0.14s Sys=0.00s Real=0.07s
[566.141s][info][gc             ] GC(1369) Concurrent Mark Cycle
[566.141s][info][gc,marking     ] GC(1369) Concurrent Scan Root Regions
[566.245s][info][gc,marking     ] GC(1369) Concurrent Scan Root Regions 103.811ms
[566.245s][info][gc,marking     ] GC(1369) Concurrent Mark
[566.245s][info][gc,marking     ] GC(1369) Concurrent Mark From Roots
[566.245s][info][gc,task        ] GC(1369) Using 1 workers of 1 for marking
[567.052s][info][gc,marking     ] GC(1369) Concurrent Mark From Roots 806.886ms
[567.052s][info][gc,marking     ] GC(1369) Concurrent Preclean
[567.052s][info][gc,marking     ] GC(1369) Concurrent Preclean 0.033ms
[567.052s][info][gc,start       ] GC(1369) Pause Remark
[567.060s][info][gc             ] GC(1369) Pause Remark 699M->595M(928M) 7.861ms
[567.060s][info][gc,cpu         ] GC(1369) User=0.01s Sys=0.00s Real=0.00s
[567.060s][info][gc,marking     ] GC(1369) Concurrent Mark 815.075ms
[567.060s][info][gc,marking     ] GC(1369) Concurrent Rebuild Remembered Sets and Scrub Regions
[567.313s][info][gc,marking     ] GC(1369) Concurrent Rebuild Remembered Sets and Scrub Regions 252.536ms
[567.314s][info][gc,start       ] GC(1369) Pause Cleanup
[567.314s][info][gc             ] GC(1369) Pause Cleanup 669M->669M(928M) 0.101ms
[567.314s][info][gc,cpu         ] GC(1369) User=0.00s Sys=0.00s Real=0.00s
[567.314s][info][gc,marking     ] GC(1369) Concurrent Clear Claimed Marks
[567.314s][info][gc,marking     ] GC(1369) Concurrent Clear Claimed Marks 0.030ms
[567.314s][info][gc,marking     ] GC(1369) Concurrent Cleanup for Next Mark
[567.319s][info][gc,marking     ] GC(1369) Concurrent Cleanup for Next Mark 5.172ms
[567.319s][info][gc             ] GC(1369) Concurrent Mark Cycle 1178.347ms
[567.336s][info][gc,start       ] GC(1370) Pause Young (Prepare Mixed) (G1 Evacuation Pause)
[567.336s][info][gc,task        ] GC(1370) Using 2 workers of 2 for evacuation
[567.370s][info][gc,phases      ] GC(1370)   Pre Evacuate Collection Set: 0.27ms
[567.370s][info][gc,phases      ] GC(1370)   Merge Heap Roots: 0.30ms
[567.370s][info][gc,phases      ] GC(1370)   Evacuate Collection Set: 32.85ms
[567.371s][info][gc,phases      ] GC(1370)   Post Evacuate Collection Set: 0.51ms
[567.371s][info][gc,phases      ] GC(1370)   Other: 0.07ms
[567.371s][info][gc,heap        ] GC(1370) Eden regions: 320->0(418)
[567.371s][info][gc,heap        ] GC(1370) Survivor regions: 32->1(44)
[567.371s][info][gc,heap        ] GC(1370) Old regions: 323->355
[567.371s][info][gc,heap        ] GC(1370) Humongous regions: 4->4
[567.371s][info][gc,metaspace   ] GC(1370) Metaspace: 19093K(19264K)->19093K(19264K) NonClass: 16426K(16512K)->16426K(16512K) Class: 2666K(2752K)->2666K(2752K)
[567.371s][info][gc             ] GC(1370) Pause Young (Prepare Mixed) (G1 Evacuation Pause) 678M->359M(928M) 34.184ms
[567.371s][info][gc,cpu         ] GC(1370) User=0.07s Sys=0.00s Real=0.03s
[568.013s][info][gc,start       ] GC(1371) Pause Young (Mixed) (G1 Evacuation Pause)
[568.013s][info][gc,task        ] GC(1371) Using 2 workers of 2 for evacuation
[568.078s][info][gc,phases      ] GC(1371)   Pre Evacuate Collection Set: 0.30ms
[568.078s][info][gc,phases      ] GC(1371)   Merge Heap Roots: 0.43ms
[568.078s][info][gc,phases      ] GC(1371)   Evacuate Collection Set: 63.35ms
[568.078s][info][gc,phases      ] GC(1371)   Post Evacuate Collection Set: 0.63ms
[568.078s][info][gc,phases      ] GC(1371)   Other: 0.07ms
[568.078s][info][gc,heap        ] GC(1371) Eden regions: 418->0(370)
[568.078s][info][gc,heap        ] GC(1371) Survivor regions: 1->53(53)
[568.078s][info][gc,heap        ] GC(1371) Old regions: 355->350
[568.078s][info][gc,heap        ] GC(1371) Humongous regions: 4->4
[568.078s][info][gc,metaspace   ] GC(1371) Metaspace: 19094K(19328K)->19094K(19328K) NonClass: 16428K(16576K)->16428K(16576K) Class: 2666K(2752K)->2666K(2752K)
[568.078s][info][gc             ] GC(1371) Pause Young (Mixed) (G1 Evacuation Pause) 777M->406M(928M) 65.002ms
[568.078s][info][gc,cpu         ] GC(1371) User=0.13s Sys=0.00s Real=0.06s
[568.402s][info][gc,start       ] GC(1372) Pause Young (Concurrent Start) (G1 Humongous Allocation)
[568.402s][info][gc,task        ] GC(1372) Using 2 workers of 2 for evacuation
[568.495s][info][gc,phases      ] GC(1372)   Pre Evacuate Collection Set: 0.30ms
[568.495s][info][gc,phases      ] GC(1372)   Merge Heap Roots: 0.50ms
[568.495s][info][gc,phases      ] GC(1372)   Evacuate Collection Set: 90.93ms
[568.495s][info][gc,phases      ] GC(1372)   Post Evacuate Collection Set: 0.88ms
[568.495s][info][gc,phases      ] GC(1372)   Other: 0.12ms
[568.495s][info][gc,heap        ] GC(1372) Eden regions: 253->0(356)
[568.495s][info][gc,heap        ] GC(1372) Survivor regions: 53->29(53)
[568.495s][info][gc,heap        ] GC(1372) Old regions: 350->403
[568.495s][info][gc,heap        ] GC(1372) Humongous regions: 4->4
[568.495s][info][gc,metaspace   ] GC(1372) Metaspace: 19094K(19328K)->19094K(19328K) NonClass: 16428K(16576K)->16428K(16576K) Class: 2666K(2752K)->2666K(2752K)
[568.495s][info][gc             ] GC(1372) Pause Young (Concurrent Start) (G1 Humongous Allocation) 659M->435M(945M) 92.942ms
[568.495s][info][gc,cpu         ] GC(1372) User=0.18s Sys=0.00s Real=0.09s
[568.495s][info][gc             ] GC(1373) Concurrent Mark Cycle
[568.495s][info][gc,marking     ] GC(1373) Concurrent Scan Root Regions
[568.581s][info][gc,marking     ] GC(1373) Concurrent Scan Root Regions 85.352ms
[568.581s][info][gc,marking     ] GC(1373) Concurrent Mark
[568.581s][info][gc,marking     ] GC(1373) Concurrent Mark From Roots
[568.581s][info][gc,task        ] GC(1373) Using 1 workers of 1 for marking
[569.042s][info][gc,start       ] GC(1374) Pause Young (Normal) (G1 Evacuation Pause)
[569.042s][info][gc,task        ] GC(1374) Using 2 workers of 2 for evacuation
[569.166s][info][gc,phases      ] GC(1374)   Pre Evacuate Collection Set: 0.28ms
[569.166s][info][gc,phases      ] GC(1374)   Merge Heap Roots: 0.35ms
[569.166s][info][gc,phases      ] GC(1374)   Evacuate Collection Set: 121.65ms
[569.166s][info][gc,phases      ] GC(1374)   Post Evacuate Collection Set: 0.84ms
[569.166s][info][gc,phases      ] GC(1374)   Other: 0.10ms
[569.166s][info][gc,heap        ] GC(1374) Eden regions: 356->0(277)
[569.166s][info][gc,heap        ] GC(1374) Survivor regions: 29->49(49)
[569.166s][info][gc,heap        ] GC(1374) Old regions: 403->466
[569.166s][info][gc,heap        ] GC(1374) Humongous regions: 7->7
[569.166s][info][gc,metaspace   ] GC(1374) Metaspace: 19094K(19328K)->19094K(19328K) NonClass: 16428K(16576K)->16428K(16576K) Class: 2666K(2752K)->2666K(2752K)
[569.166s][info][gc             ] GC(1374) Pause Young (Normal) (G1 Evacuation Pause) 794M->521M(945M) 123.457ms
[569.166s][info][gc,cpu         ] GC(1374) User=0.25s Sys=0.00s Real=0.12s
[569.431s][info][gc,start       ] GC(1375) Pause Young (Normal) (G1 Evacuation Pause)
[569.431s][info][gc,task        ] GC(1375) Using 2 workers of 2 for evacuation
[569.514s][info][gc,phases      ] GC(1375)   Pre Evacuate Collection Set: 0.27ms
[569.514s][info][gc,phases      ] GC(1375)   Merge Heap Roots: 0.50ms
[569.514s][info][gc,phases      ] GC(1375)   Evacuate Collection Set: 81.87ms
[569.514s][info][gc,phases      ] GC(1375)   Post Evacuate Collection Set: 0.57ms
[569.514s][info][gc,phases      ] GC(1375)   Other: 0.12ms
[569.514s][info][gc,heap        ] GC(1375) Eden regions: 277->0(284)
[569.514s][info][gc,heap        ] GC(1375) Survivor regions: 49->13(41)
[569.514s][info][gc,heap        ] GC(1375) Old regions: 466->515
[569.514s][info][gc,heap        ] GC(1375) Humongous regions: 8->8
[569.514s][info][gc,metaspace   ] GC(1375) Metaspace: 19094K(19328K)->19094K(19328K) NonClass: 16428K(16576K)->16428K(16576K) Class: 2666K(2752K)->2666K(2752K)
[569.514s][info][gc             ] GC(1375) Pause Young (Normal) (G1 Evacuation Pause) 799M->535M(945M) 83.561ms
[569.514s][info][gc,cpu         ] GC(1375) User=0.16s Sys=0.00s Real=0.09s
[569.741s][info][gc,marking     ] GC(1373) Concurrent Mark From Roots 1160.159ms
[569.741s][info][gc,marking     ] GC(1373) Concurrent Preclean
[569.741s][info][gc,marking     ] GC(1373) Concurrent Preclean 0.033ms
[569.741s][info][gc,start       ] GC(1373) Pause Remark
[569.749s][info][gc             ] GC(1373) Pause Remark 694M->689M(945M) 7.721ms
[569.749s][info][gc,cpu         ] GC(1373) User=0.01s Sys=0.00s Real=0.00s
[569.749s][info][gc,marking     ] GC(1373) Concurrent Mark 1168.551ms
[569.749s][info][gc,marking     ] GC(1373) Concurrent Rebuild Remembered Sets and Scrub Regions
[569.859s][info][gc,start       ] GC(1376) Pause Young (Normal) (G1 Evacuation Pause)
[569.859s][info][gc,task        ] GC(1376) Using 2 workers of 2 for evacuation
[569.905s][info][gc,phases      ] GC(1376)   Pre Evacuate Collection Set: 0.26ms
[569.905s][info][gc,phases      ] GC(1376)   Merge Heap Roots: 0.29ms
[569.905s][info][gc,phases      ] GC(1376)   Evacuate Collection Set: 44.99ms
[569.905s][info][gc,phases      ] GC(1376)   Post Evacuate Collection Set: 0.50ms
[569.905s][info][gc,phases      ] GC(1376)   Other: 0.09ms
[569.905s][info][gc,heap        ] GC(1376) Eden regions: 284->0(282)
[569.905s][info][gc,heap        ] GC(1376) Survivor regions: 13->32(38)
[569.905s][info][gc,heap        ] GC(1376) Old regions: 510->510
[569.905s][info][gc,heap        ] GC(1376) Humongous regions: 8->8
[569.905s][info][gc,metaspace   ] GC(1376) Metaspace: 19094K(19328K)->19094K(19328K) NonClass: 16428K(16576K)->16428K(16576K) Class: 2666K(2752K)->2666K(2752K)
[569.905s][info][gc             ] GC(1376) Pause Young (Normal) (G1 Evacuation Pause) 814M->549M(945M) 46.380ms
[569.905s][info][gc,cpu         ] GC(1376) User=0.09s Sys=0.00s Real=0.05s
[570.248s][info][gc,marking     ] GC(1373) Concurrent Rebuild Remembered Sets and Scrub Regions 498.481ms
[570.248s][info][gc,start       ] GC(1373) Pause Cleanup
[570.248s][info][gc             ] GC(1373) Pause Cleanup 779M->779M(945M) 0.100ms
[570.248s][info][gc,cpu         ] GC(1373) User=0.00s Sys=0.00s Real=0.00s
[570.249s][info][gc,marking     ] GC(1373) Concurrent Clear Claimed Marks
[570.249s][info][gc,marking     ] GC(1373) Concurrent Clear Claimed Marks 0.047ms
[570.249s][info][gc,marking     ] GC(1373) Concurrent Cleanup for Next Mark
[570.256s][info][gc,marking     ] GC(1373) Concurrent Cleanup for Next Mark 7.244ms
[570.256s][info][gc             ] GC(1373) Concurrent Mark Cycle 1760.695ms
[570.319s][info][gc,start       ] GC(1377) Pause Young (Prepare Mixed) (G1 Evacuation Pause)
[570.319s][info][gc,task        ] GC(1377) Using 2 workers of 2 for evacuation
[570.386s][info][gc,phases      ] GC(1377)   Pre Evacuate Collection Set: 0.48ms
[570.386s][info][gc,phases      ] GC(1377)   Merge Heap Roots: 0.43ms
[570.386s][info][gc,phases      ] GC(1377)   Evacuate Collection Set: 65.01ms
[570.386s][info][gc,phases      ] GC(1377)   Post Evacuate Collection Set: 0.54ms
[570.386s][info][gc,phases      ] GC(1377)   Other: 0.10ms
[570.386s][info][gc,heap        ] GC(1377) Eden regions: 282->0(270)
[570.386s][info][gc,heap        ] GC(1377) Survivor regions: 32->40(40)
[570.386s][info][gc,heap        ] GC(1377) Old regions: 510->525
[570.386s][info][gc,heap        ] GC(1377) Humongous regions: 8->8
[570.386s][info][gc,metaspace   ] GC(1377) Metaspace: 19094K(19328K)->19094K(19328K) NonClass: 16428K(16576K)->16428K(16576K) Class: 2666K(2752K)->2666K(2752K)
[570.386s][info][gc             ] GC(1377) Pause Young (Prepare Mixed) (G1 Evacuation Pause) 831M->572M(945M) 66.807ms
[570.386s][info][gc,cpu         ] GC(1377) User=0.13s Sys=0.00s Real=0.07s
[570.851s][info][gc,start       ] GC(1378) Pause Young (Mixed) (G1 Evacuation Pause)
[570.851s][info][gc,task        ] GC(1378) Using 2 workers of 2 for evacuation
[570.928s][info][gc,phases      ] GC(1378)   Pre Evacuate Collection Set: 0.52ms
[570.928s][info][gc,phases      ] GC(1378)   Merge Heap Roots: 0.48ms
[570.928s][info][gc,phases      ] GC(1378)   Evacuate Collection Set: 75.42ms
[570.928s][info][gc,phases      ] GC(1378)   Post Evacuate Collection Set: 0.53ms
[570.928s][info][gc,phases      ] GC(1378)   Other: 0.10ms
[570.928s][info][gc,heap        ] GC(1378) Eden regions: 270->0(257)
[570.928s][info][gc,heap        ] GC(1378) Survivor regions: 40->27(39)
[570.928s][info][gc,heap        ] GC(1378) Old regions: 525->556
[570.928s][info][gc,heap        ] GC(1378) Humongous regions: 8->8
[570.928s][info][gc,metaspace   ] GC(1378) Metaspace: 19094K(19328K)->19094K(19328K) NonClass: 16428K(16576K)->16428K(16576K) Class: 2666K(2752K)->2666K(2752K)
[570.928s][info][gc             ] GC(1378) Pause Young (Mixed) (G1 Evacuation Pause) 842M->590M(945M) 77.288ms
[570.928s][info][gc,cpu         ] GC(1378) User=0.16s Sys=0.00s Real=0.08s
[571.161s][info][gc,start       ] GC(1379) Pause Young (Concurrent Start) (G1 Evacuation Pause)
[571.161s][info][gc,task        ] GC(1379) Using 2 workers of 2 for evacuation
[571.245s][info][gc,phases      ] GC(1379)   Pre Evacuate Collection Set: 0.29ms
[571.245s][info][gc,phases      ] GC(1379)   Merge Heap Roots: 0.16ms
[571.245s][info][gc,phases      ] GC(1379)   Evacuate Collection Set: 82.11ms
[571.245s][info][gc,phases      ] GC(1379)   Post Evacuate Collection Set: 0.86ms
[571.245s][info][gc,phases      ] GC(1379)   Other: 0.13ms
[571.245s][info][gc,heap        ] GC(1379) Eden regions: 257->0(192)
[571.245s][info][gc,heap        ] GC(1379) Survivor regions: 27->36(36)
[571.245s][info][gc,heap        ] GC(1379) Old regions: 556->611
[571.245s][info][gc,heap        ] GC(1379) Humongous regions: 8->8
[571.245s][info][gc,metaspace   ] GC(1379) Metaspace: 19094K(19328K)->19094K(19328K) NonClass: 16428K(16576K)->16428K(16576K) Class: 2666K(2752K)->2666K(2752K)
[571.245s][info][gc             ] GC(1379) Pause Young (Concurrent Start) (G1 Evacuation Pause) 847M->654M(955M) 83.814ms
[571.245s][info][gc             ] GC(1380) Concurrent Mark Cycle
[571.245s][info][gc,marking     ] GC(1380) Concurrent Scan Root Regions
[571.245s][info][gc,cpu         ] GC(1379) User=0.16s Sys=0.00s Real=0.08s
[571.344s][info][gc,marking     ] GC(1380) Concurrent Scan Root Regions 99.111ms
[571.344s][info][gc,marking     ] GC(1380) Concurrent Mark
[571.344s][info][gc,marking     ] GC(1380) Concurrent Mark From Roots
[571.344s][info][gc,task        ] GC(1380) Using 1 workers of 1 for marking
[571.691s][info][gc,start       ] GC(1381) Pause Young (Normal) (G1 Evacuation Pause)
[571.691s][info][gc,task        ] GC(1381) Using 2 workers of 2 for evacuation
[571.752s][info][gc,phases      ] GC(1381)   Pre Evacuate Collection Set: 0.50ms
[571.752s][info][gc,phases      ] GC(1381)   Merge Heap Roots: 0.41ms
[571.752s][info][gc,phases      ] GC(1381)   Evacuate Collection Set: 59.47ms
[571.752s][info][gc,phases      ] GC(1381)   Post Evacuate Collection Set: 0.55ms
[571.752s][info][gc,phases      ] GC(1381)   Other: 0.09ms
[571.752s][info][gc,heap        ] GC(1381) Eden regions: 192->0(184)
[571.752s][info][gc,heap        ] GC(1381) Survivor regions: 36->19(29)
[571.752s][info][gc,heap        ] GC(1381) Old regions: 611->648
[571.752s][info][gc,heap        ] GC(1381) Humongous regions: 8->8
[571.752s][info][gc,metaspace   ] GC(1381) Metaspace: 19094K(19328K)->19094K(19328K) NonClass: 16428K(16576K)->16428K(16576K) Class: 2666K(2752K)->2666K(2752K)
[571.752s][info][gc             ] GC(1381) Pause Young (Normal) (G1 Evacuation Pause) 846M->674M(955M) 61.243ms
[571.752s][info][gc,cpu         ] GC(1381) User=0.12s Sys=0.00s Real=0.07s
[572.077s][info][gc,start       ] GC(1382) Pause Young (Normal) (G1 Evacuation Pause)
[572.077s][info][gc,task        ] GC(1382) Using 2 workers of 2 for evacuation
[572.155s][info][gc,phases      ] GC(1382)   Pre Evacuate Collection Set: 0.28ms
[572.155s][info][gc,phases      ] GC(1382)   Merge Heap Roots: 0.32ms
[572.156s][info][gc,phases      ] GC(1382)   Evacuate Collection Set: 77.15ms
[572.156s][info][gc,phases      ] GC(1382)   Post Evacuate Collection Set: 0.43ms
[572.156s][info][gc,phases      ] GC(1382)   Other: 0.07ms
[572.156s][info][gc,heap        ] GC(1382) Eden regions: 184->0(150)
[572.156s][info][gc,heap        ] GC(1382) Survivor regions: 19->26(26)
[572.156s][info][gc,heap        ] GC(1382) Old regions: 648->683
[572.156s][info][gc,heap        ] GC(1382) Humongous regions: 11->11
[572.156s][info][gc,metaspace   ] GC(1382) Metaspace: 19094K(19328K)->19094K(19328K) NonClass: 16428K(16576K)->16428K(16576K) Class: 2666K(2752K)->2666K(2752K)
[572.156s][info][gc             ] GC(1382) Pause Young (Normal) (G1 Evacuation Pause) 861M->719M(955M) 78.486ms
[572.156s][info][gc,cpu         ] GC(1382) User=0.16s Sys=0.00s Real=0.08s
[572.378s][info][gc,start       ] GC(1383) Pause Young (Normal) (G1 Evacuation Pause)
[572.378s][info][gc,task        ] GC(1383) Using 2 workers of 2 for evacuation
[572.417s][info][gc,phases      ] GC(1383)   Pre Evacuate Collection Set: 0.27ms
[572.417s][info][gc,phases      ] GC(1383)   Merge Heap Roots: 0.16ms
[572.417s][info][gc,phases      ] GC(1383)   Evacuate Collection Set: 37.62ms
[572.417s][info][gc,phases      ] GC(1383)   Post Evacuate Collection Set: 0.36ms
[572.417s][info][gc,phases      ] GC(1383)   Other: 0.07ms
[572.417s][info][gc,heap        ] GC(1383) Eden regions: 150->0(152)
[572.417s][info][gc,heap        ] GC(1383) Survivor regions: 26->9(22)
[572.417s][info][gc,heap        ] GC(1383) Old regions: 683->709
[572.417s][info][gc,heap        ] GC(1383) Humongous regions: 11->11
[572.417s][info][gc,metaspace   ] GC(1383) Metaspace: 19094K(19328K)->19094K(19328K) NonClass: 16428K(16576K)->16428K(16576K) Class: 2666K(2752K)->2666K(2752K)
[572.417s][info][gc             ] GC(1383) Pause Young (Normal) (G1 Evacuation Pause) 869M->728M(955M) 38.743ms
[572.417s][info][gc,cpu         ] GC(1383) User=0.08s Sys=0.00s Real=0.04s
[572.648s][info][gc,start       ] GC(1384) Pause Young (Normal) (G1 Evacuation Pause)
[572.648s][info][gc,task        ] GC(1384) Using 2 workers of 2 for evacuation
[572.668s][info][gc,phases      ] GC(1384)   Pre Evacuate Collection Set: 0.29ms
[572.668s][info][gc,phases      ] GC(1384)   Merge Heap Roots: 0.19ms
[572.668s][info][gc,phases      ] GC(1384)   Evacuate Collection Set: 18.72ms
[572.668s][info][gc,phases      ] GC(1384)   Post Evacuate Collection Set: 0.51ms
[572.668s][info][gc,phases      ] GC(1384)   Other: 0.07ms
[572.668s][info][gc,heap        ] GC(1384) Eden regions: 152->0(162)
[572.668s][info][gc,heap        ] GC(1384) Survivor regions: 9->13(21)
[572.668s][info][gc,heap        ] GC(1384) Old regions: 709->709
[572.668s][info][gc,heap        ] GC(1384) Humongous regions: 11->11
[572.668s][info][gc,metaspace   ] GC(1384) Metaspace: 19094K(19328K)->19094K(19328K) NonClass: 16428K(16576K)->16428K(16576K) Class: 2666K(2752K)->2666K(2752K)
[572.668s][info][gc             ] GC(1384) Pause Young (Normal) (G1 Evacuation Pause) 880M->732M(960M) 19.948ms
[572.668s][info][gc,cpu         ] GC(1384) User=0.03s Sys=0.00s Real=0.02s
[572.754s][info][gc,marking     ] GC(1380) Concurrent Mark From Roots 1409.967ms
[572.754s][info][gc,marking     ] GC(1380) Concurrent Preclean
[572.754s][info][gc,marking     ] GC(1380) Concurrent Preclean 0.033ms
[572.755s][info][gc,start       ] GC(1380) Pause Remark
[572.763s][info][gc             ] GC(1380) Pause Remark 794M->732M(978M) 8.242ms
[572.763s][info][gc,cpu         ] GC(1380) User=0.01s Sys=0.00s Real=0.01s
[572.763s][info][gc,marking     ] GC(1380) Concurrent Mark 1418.945ms
[572.763s][info][gc,marking     ] GC(1380) Concurrent Rebuild Remembered Sets and Scrub Regions
[572.958s][info][gc,start       ] GC(1385) Pause Young (Normal) (G1 Evacuation Pause)
[572.958s][info][gc,task        ] GC(1385) Using 2 workers of 2 for evacuation
[572.985s][info][gc,phases      ] GC(1385)   Pre Evacuate Collection Set: 0.47ms
[572.985s][info][gc,phases      ] GC(1385)   Merge Heap Roots: 0.22ms
[572.985s][info][gc,phases      ] GC(1385)   Evacuate Collection Set: 26.13ms
[572.985s][info][gc,phases      ] GC(1385)   Post Evacuate Collection Set: 0.39ms
[572.985s][info][gc,phases      ] GC(1385)   Other: 0.09ms
[572.986s][info][gc,heap        ] GC(1385) Eden regions: 162->0(214)
[572.986s][info][gc,heap        ] GC(1385) Survivor regions: 13->14(22)
[572.986s][info][gc,heap        ] GC(1385) Old regions: 650->658
[572.986s][info][gc,heap        ] GC(1385) Humongous regions: 8->8
[572.986s][info][gc,metaspace   ] GC(1385) Metaspace: 19094K(19328K)->19094K(19328K) NonClass: 16428K(16576K)->16428K(16576K) Class: 2666K(2752K)->2666K(2752K)
[572.986s][info][gc             ] GC(1385) Pause Young (Normal) (G1 Evacuation Pause) 832M->679M(978M) 27.505ms
[572.986s][info][gc,cpu         ] GC(1385) User=0.05s Sys=0.00s Real=0.03s
[573.349s][info][gc,marking     ] GC(1380) Concurrent Rebuild Remembered Sets and Scrub Regions 585.428ms
[573.349s][info][gc,start       ] GC(1380) Pause Cleanup
[573.349s][info][gc             ] GC(1380) Pause Cleanup 804M->804M(978M) 0.189ms
[573.349s][info][gc,cpu         ] GC(1380) User=0.00s Sys=0.00s Real=0.00s
[573.350s][info][gc,marking     ] GC(1380) Concurrent Clear Claimed Marks
[573.350s][info][gc,marking     ] GC(1380) Concurrent Clear Claimed Marks 0.036ms
[573.350s][info][gc,marking     ] GC(1380) Concurrent Cleanup for Next Mark
[573.353s][info][gc,marking     ] GC(1380) Concurrent Cleanup for Next Mark 3.234ms
[573.353s][info][gc             ] GC(1380) Concurrent Mark Cycle 2108.240ms
[573.563s][info][gc,start       ] GC(1386) Pause Young (Prepare Mixed) (G1 Evacuation Pause)
[573.563s][info][gc,task        ] GC(1386) Using 2 workers of 2 for evacuation
[573.618s][info][gc,phases      ] GC(1386)   Pre Evacuate Collection Set: 0.53ms
[573.618s][info][gc,phases      ] GC(1386)   Merge Heap Roots: 0.52ms
[573.618s][info][gc,phases      ] GC(1386)   Evacuate Collection Set: 53.14ms
[573.618s][info][gc,phases      ] GC(1386)   Post Evacuate Collection Set: 0.58ms
[573.618s][info][gc,phases      ] GC(1386)   Other: 0.09ms
[573.618s][info][gc,heap        ] GC(1386) Eden regions: 214->0(190)
[573.618s][info][gc,heap        ] GC(1386) Survivor regions: 14->29(29)
[573.618s][info][gc,heap        ] GC(1386) Old regions: 658->670
[573.618s][info][gc,heap        ] GC(1386) Humongous regions: 8->8
[573.618s][info][gc,metaspace   ] GC(1386) Metaspace: 19094K(19328K)->19094K(19328K) NonClass: 16428K(16576K)->16428K(16576K) Class: 2666K(2752K)->2666K(2752K)
[573.618s][info][gc             ] GC(1386) Pause Young (Prepare Mixed) (G1 Evacuation Pause) 893M->706M(978M) 55.040ms
[573.618s][info][gc,cpu         ] GC(1386) User=0.10s Sys=0.00s Real=0.05s
[573.796s][info][gc,start       ] GC(1387) Pause Young (Mixed) (G1 Evacuation Pause)
[573.796s][info][gc,task        ] GC(1387) Using 2 workers of 2 for evacuation
[573.923s][info][gc,phases      ] GC(1387)   Pre Evacuate Collection Set: 0.32ms
[573.923s][info][gc,phases      ] GC(1387)   Merge Heap Roots: 0.77ms
[573.923s][info][gc,phases      ] GC(1387)   Evacuate Collection Set: 117.01ms
[573.923s][info][gc,phases      ] GC(1387)   Post Evacuate Collection Set: 8.80ms
[573.923s][info][gc,phases      ] GC(1387)   Other: 0.08ms
[573.923s][info][gc,heap        ] GC(1387) Eden regions: 190->0(99)
[573.924s][info][gc,heap        ] GC(1387) Survivor regions: 29->28(28)
[573.924s][info][gc,heap        ] GC(1387) Old regions: 670->765
[573.924s][info][gc,heap        ] GC(1387) Humongous regions: 8->8
[573.924s][info][gc,metaspace   ] GC(1387) Metaspace: 19094K(19328K)->19094K(19328K) NonClass: 16428K(16576K)->16428K(16576K) Class: 2666K(2752K)->2666K(2752K)
[573.924s][info][gc             ] GC(1387) Pause Young (Mixed) (G1 Evacuation Pause) (Evacuation Failure: Allocation) 896M->800M(978M) 127.193ms
[573.924s][info][gc,cpu         ] GC(1387) User=0.25s Sys=0.00s Real=0.13s
[574.083s][info][gc,start       ] GC(1388) Pause Young (Mixed) (G1 Evacuation Pause)
[574.083s][info][gc,task        ] GC(1388) Using 2 workers of 2 for evacuation
[574.198s][info][gc,phases      ] GC(1388)   Pre Evacuate Collection Set: 0.49ms
[574.199s][info][gc,phases      ] GC(1388)   Merge Heap Roots: 1.33ms
[574.199s][info][gc,phases      ] GC(1388)   Evacuate Collection Set: 112.81ms
[574.199s][info][gc,phases      ] GC(1388)   Post Evacuate Collection Set: 0.60ms
[574.199s][info][gc,phases      ] GC(1388)   Other: 0.07ms
[574.199s][info][gc,heap        ] GC(1388) Eden regions: 99->0(192)
[574.199s][info][gc,heap        ] GC(1388) Survivor regions: 28->3(16)
[574.199s][info][gc,heap        ] GC(1388) Old regions: 765->678
[574.199s][info][gc,heap        ] GC(1388) Humongous regions: 8->8
[574.199s][info][gc,metaspace   ] GC(1388) Metaspace: 19094K(19328K)->19094K(19328K) NonClass: 16428K(16576K)->16428K(16576K) Class: 2666K(2752K)->2666K(2752K)
[574.199s][info][gc             ] GC(1388) Pause Young (Mixed) (G1 Evacuation Pause) 899M->688M(978M) 115.544ms
[574.199s][info][gc,cpu         ] GC(1388) User=0.22s Sys=0.00s Real=0.11s
[574.301s][info][gc,start       ] GC(1389) Pause Young (Concurrent Start) (G1 Humongous Allocation)
[574.301s][info][gc,task        ] GC(1389) Using 2 workers of 2 for evacuation
[574.321s][info][gc,phases      ] GC(1389)   Pre Evacuate Collection Set: 0.31ms
[574.321s][info][gc,phases      ] GC(1389)   Merge Heap Roots: 0.24ms
[574.321s][info][gc,phases      ] GC(1389)   Evacuate Collection Set: 18.53ms
[574.321s][info][gc,phases      ] GC(1389)   Post Evacuate Collection Set: 0.41ms
[574.321s][info][gc,phases      ] GC(1389)   Other: 0.10ms
[574.321s][info][gc,heap        ] GC(1389) Eden regions: 58->0(200)
[574.321s][info][gc,heap        ] GC(1389) Survivor regions: 3->9(25)
[574.321s][info][gc,heap        ] GC(1389) Old regions: 678->678
[574.321s][info][gc,heap        ] GC(1389) Humongous regions: 8->8
[574.321s][info][gc,metaspace   ] GC(1389) Metaspace: 19094K(19328K)->19094K(19328K) NonClass: 16428K(16576K)->16428K(16576K) Class: 2666K(2752K)->2666K(2752K)
[574.321s][info][gc             ] GC(1389) Pause Young (Concurrent Start) (G1 Humongous Allocation) 746M->693M(978M) 19.858ms
[574.321s][info][gc,cpu         ] GC(1389) User=0.04s Sys=0.00s Real=0.01s
[574.321s][info][gc             ] GC(1390) Concurrent Mark Cycle
[574.321s][info][gc,marking     ] GC(1390) Concurrent Scan Root Regions
[574.350s][info][gc,marking     ] GC(1390) Concurrent Scan Root Regions 28.998ms
[574.350s][info][gc,marking     ] GC(1390) Concurrent Mark
[574.350s][info][gc,marking     ] GC(1390) Concurrent Mark From Roots
[574.350s][info][gc,task        ] GC(1390) Using 1 workers of 1 for marking
[574.751s][info][gc,start       ] GC(1391) Pause Young (Normal) (G1 Evacuation Pause)
[574.751s][info][gc,task        ] GC(1391) Using 2 workers of 2 for evacuation
[574.827s][info][gc,phases      ] GC(1391)   Pre Evacuate Collection Set: 0.50ms
[574.827s][info][gc,phases      ] GC(1391)   Merge Heap Roots: 0.32ms
[574.827s][info][gc,phases      ] GC(1391)   Evacuate Collection Set: 74.01ms
[574.827s][info][gc,phases      ] GC(1391)   Post Evacuate Collection Set: 0.57ms
[574.827s][info][gc,phases      ] GC(1391)   Other: 0.07ms
[574.827s][info][gc,heap        ] GC(1391) Eden regions: 200->0(159)
[574.827s][info][gc,heap        ] GC(1391) Survivor regions: 9->27(27)
[574.827s][info][gc,heap        ] GC(1391) Old regions: 678->704
[574.827s][info][gc,heap        ] GC(1391) Humongous regions: 11->11
[574.827s][info][gc,metaspace   ] GC(1391) Metaspace: 19094K(19328K)->19094K(19328K) NonClass: 16428K(16576K)->16428K(16576K) Class: 2666K(2752K)->2666K(2752K)
[574.827s][info][gc             ] GC(1391) Pause Young (Normal) (G1 Evacuation Pause) 896M->741M(978M) 75.685ms
[574.827s][info][gc,cpu         ] GC(1391) User=0.15s Sys=0.00s Real=0.07s
[575.075s][info][gc,start       ] GC(1392) Pause Young (Normal) (G1 Evacuation Pause)
[575.075s][info][gc,task        ] GC(1392) Using 2 workers of 2 for evacuation
[575.125s][info][gc,phases      ] GC(1392)   Pre Evacuate Collection Set: 0.29ms
[575.125s][info][gc,phases      ] GC(1392)   Merge Heap Roots: 0.64ms
[575.125s][info][gc,phases      ] GC(1392)   Evacuate Collection Set: 48.65ms
[575.125s][info][gc,phases      ] GC(1392)   Post Evacuate Collection Set: 0.39ms
[575.125s][info][gc,phases      ] GC(1392)   Other: 0.09ms
[575.125s][info][gc,heap        ] GC(1392) Eden regions: 159->0(164)
[575.125s][info][gc,heap        ] GC(1392) Survivor regions: 27->5(24)
[575.125s][info][gc,heap        ] GC(1392) Old regions: 704->732
[575.125s][info][gc,heap        ] GC(1392) Humongous regions: 11->11
[575.125s][info][gc,metaspace   ] GC(1392) Metaspace: 19094K(19328K)->19094K(19328K) NonClass: 16428K(16576K)->16428K(16576K) Class: 2666K(2752K)->2666K(2752K)
[575.125s][info][gc             ] GC(1392) Pause Young (Normal) (G1 Evacuation Pause) 900M->746M(978M) 50.276ms
[575.125s][info][gc,cpu         ] GC(1392) User=0.09s Sys=0.00s Real=0.05s
[575.426s][info][gc,start       ] GC(1393) Pause Young (Normal) (G1 Evacuation Pause)
[575.426s][info][gc,task        ] GC(1393) Using 2 workers of 2 for evacuation
[575.442s][info][gc,phases      ] GC(1393)   Pre Evacuate Collection Set: 0.30ms
[575.442s][info][gc,phases      ] GC(1393)   Merge Heap Roots: 0.22ms
[575.442s][info][gc,phases      ] GC(1393)   Evacuate Collection Set: 15.28ms
[575.442s][info][gc,phases      ] GC(1393)   Post Evacuate Collection Set: 0.40ms
[575.442s][info][gc,phases      ] GC(1393)   Other: 0.09ms
[575.442s][info][gc,heap        ] GC(1393) Eden regions: 164->0(167)
[575.442s][info][gc,heap        ] GC(1393) Survivor regions: 5->9(22)
[575.442s][info][gc,heap        ] GC(1393) Old regions: 732->732
[575.442s][info][gc,heap        ] GC(1393) Humongous regions: 11->11
[575.442s][info][gc,metaspace   ] GC(1393) Metaspace: 19094K(19328K)->19094K(19328K) NonClass: 16428K(16576K)->16428K(16576K) Class: 2666K(2752K)->2666K(2752K)
[575.442s][info][gc             ] GC(1393) Pause Young (Normal) (G1 Evacuation Pause) 910M->751M(978M) 16.513ms
[575.442s][info][gc,cpu         ] GC(1393) User=0.03s Sys=0.00s Real=0.02s
[575.578s][info][gc,marking     ] GC(1390) Concurrent Mark From Roots 1228.157ms
[575.578s][info][gc,marking     ] GC(1390) Concurrent Preclean
[575.578s][info][gc,marking     ] GC(1390) Concurrent Preclean 0.037ms
[575.578s][info][gc,start       ] GC(1390) Pause Remark
[575.586s][info][gc             ] GC(1390) Pause Remark 818M->644M(978M) 7.982ms
[575.586s][info][gc,cpu         ] GC(1390) User=0.01s Sys=0.00s Real=0.01s
[575.586s][info][gc,marking     ] GC(1390) Concurrent Mark 1236.474ms
[575.586s][info][gc,marking     ] GC(1390) Concurrent Rebuild Remembered Sets and Scrub Regions
[575.841s][info][gc,start       ] GC(1394) Pause Young (Normal) (G1 Evacuation Pause)
[575.841s][info][gc,task        ] GC(1394) Using 2 workers of 2 for evacuation
[575.869s][info][gc,phases      ] GC(1394)   Pre Evacuate Collection Set: 0.28ms
[575.869s][info][gc,phases      ] GC(1394)   Merge Heap Roots: 0.21ms
[575.869s][info][gc,phases      ] GC(1394)   Evacuate Collection Set: 26.73ms
[575.869s][info][gc,phases      ] GC(1394)   Post Evacuate Collection Set: 0.41ms
[575.869s][info][gc,phases      ] GC(1394)   Other: 0.09ms
[575.869s][info][gc,heap        ] GC(1394) Eden regions: 167->0(288)
[575.869s][info][gc,heap        ] GC(1394) Survivor regions: 9->22(22)
[575.869s][info][gc,heap        ] GC(1394) Old regions: 562->563
[575.869s][info][gc,heap        ] GC(1394) Humongous regions: 7->7
[575.869s][info][gc,metaspace   ] GC(1394) Metaspace: 19094K(19328K)->19094K(19328K) NonClass: 16428K(16576K)->16428K(16576K) Class: 2666K(2752K)->2666K(2752K)
[575.869s][info][gc             ] GC(1394) Pause Young (Normal) (G1 Evacuation Pause) 744M->591M(978M) 27.919ms
[575.869s][info][gc,cpu         ] GC(1394) User=0.05s Sys=0.00s Real=0.02s
[576.049s][info][gc,marking     ] GC(1390) Concurrent Rebuild Remembered Sets and Scrub Regions 462.603ms
[576.049s][info][gc,start       ] GC(1390) Pause Cleanup
[576.049s][info][gc             ] GC(1390) Pause Cleanup 671M->671M(978M) 0.135ms
[576.049s][info][gc,cpu         ] GC(1390) User=0.00s Sys=0.00s Real=0.00s
[576.052s][info][gc,marking     ] GC(1390) Concurrent Clear Claimed Marks
[576.052s][info][gc,marking     ] GC(1390) Concurrent Clear Claimed Marks 0.052ms
[576.052s][info][gc,marking     ] GC(1390) Concurrent Cleanup for Next Mark
[576.055s][info][gc,marking     ] GC(1390) Concurrent Cleanup for Next Mark 2.901ms
[576.055s][info][gc             ] GC(1390) Concurrent Mark Cycle 1734.084ms
[576.596s][info][gc,start       ] GC(1395) Pause Young (Prepare Mixed) (G1 Evacuation Pause)
[576.596s][info][gc,task        ] GC(1395) Using 2 workers of 2 for evacuation
[576.637s][info][gc,phases      ] GC(1395)   Pre Evacuate Collection Set: 0.29ms
[576.637s][info][gc,phases      ] GC(1395)   Merge Heap Roots: 0.27ms
[576.637s][info][gc,phases      ] GC(1395)   Evacuate Collection Set: 39.09ms
[576.637s][info][gc,phases      ] GC(1395)   Post Evacuate Collection Set: 0.52ms
[576.637s][info][gc,phases      ] GC(1395)   Other: 0.10ms
[576.637s][info][gc,heap        ] GC(1395) Eden regions: 288->0(287)
[576.637s][info][gc,heap        ] GC(1395) Survivor regions: 22->30(39)
[576.637s][info][gc,heap        ] GC(1395) Old regions: 563->568
[576.637s][info][gc,heap        ] GC(1395) Humongous regions: 7->7
[576.637s][info][gc,metaspace   ] GC(1395) Metaspace: 19094K(19328K)->19094K(19328K) NonClass: 16428K(16576K)->16428K(16576K) Class: 2666K(2752K)->2666K(2752K)
[576.637s][info][gc             ] GC(1395) Pause Young (Prepare Mixed) (G1 Evacuation Pause) 879M->604M(978M) 40.496ms
[576.637s][info][gc,cpu         ] GC(1395) User=0.08s Sys=0.00s Real=0.04s
[577.266s][info][gc,start       ] GC(1396) Pause Young (Mixed) (G1 Evacuation Pause)
[577.267s][info][gc,task        ] GC(1396) Using 2 workers of 2 for evacuation
[577.309s][info][gc,phases      ] GC(1396)   Pre Evacuate Collection Set: 0.55ms
[577.309s][info][gc,phases      ] GC(1396)   Merge Heap Roots: 0.56ms
[577.309s][info][gc,phases      ] GC(1396)   Evacuate Collection Set: 41.11ms
[577.309s][info][gc,phases      ] GC(1396)   Post Evacuate Collection Set: 0.57ms
[577.310s][info][gc,phases      ] GC(1396)   Other: 0.08ms
[577.310s][info][gc,heap        ] GC(1396) Eden regions: 287->0(329)
[577.310s][info][gc,heap        ] GC(1396) Survivor regions: 30->12(40)
[577.310s][info][gc,heap        ] GC(1396) Old regions: 568->544
[577.310s][info][gc,heap        ] GC(1396) Humongous regions: 7->7
[577.310s][info][gc,metaspace   ] GC(1396) Metaspace: 19094K(19328K)->19094K(19328K) NonClass: 16428K(16576K)->16428K(16576K) Class: 2666K(2752K)->2666K(2752K)
[577.310s][info][gc             ] GC(1396) Pause Young (Mixed) (G1 Evacuation Pause) 891M->562M(978M) 43.097ms
[577.310s][info][gc,cpu         ] GC(1396) User=0.08s Sys=0.00s Real=0.04s
[577.731s][info][gc,start       ] GC(1397) Pause Young (Concurrent Start) (G1 Evacuation Pause)
[577.731s][info][gc,task        ] GC(1397) Using 2 workers of 2 for evacuation
[577.810s][info][gc,phases      ] GC(1397)   Pre Evacuate Collection Set: 0.31ms
[577.810s][info][gc,phases      ] GC(1397)   Merge Heap Roots: 0.15ms
[577.810s][info][gc,phases      ] GC(1397)   Evacuate Collection Set: 77.47ms
[577.810s][info][gc,phases      ] GC(1397)   Post Evacuate Collection Set: 0.86ms
[577.810s][info][gc,phases      ] GC(1397)   Other: 0.10ms
[577.810s][info][gc,heap        ] GC(1397) Eden regions: 329->0(239)
[577.810s][info][gc,heap        ] GC(1397) Survivor regions: 12->43(43)
[577.810s][info][gc,heap        ] GC(1397) Old regions: 544->585
[577.810s][info][gc,heap        ] GC(1397) Humongous regions: 7->7
[577.810s][info][gc,metaspace   ] GC(1397) Metaspace: 19094K(19328K)->19094K(19328K) NonClass: 16428K(16576K)->16428K(16576K) Class: 2666K(2752K)->2666K(2752K)
[577.810s][info][gc             ] GC(1397) Pause Young (Concurrent Start) (G1 Evacuation Pause) 891M->634M(978M) 79.138ms
[577.810s][info][gc,cpu         ] GC(1397) User=0.15s Sys=0.00s Real=0.08s
[577.810s][info][gc             ] GC(1398) Concurrent Mark Cycle
[577.810s][info][gc,marking     ] GC(1398) Concurrent Scan Root Regions
[577.869s][info][gc,marking     ] GC(1398) Concurrent Scan Root Regions 59.376ms
[577.869s][info][gc,marking     ] GC(1398) Concurrent Mark
[577.869s][info][gc,marking     ] GC(1398) Concurrent Mark From Roots
[577.869s][info][gc,task        ] GC(1398) Using 1 workers of 1 for marking
[578.315s][info][gc,start       ] GC(1399) Pause Young (Normal) (G1 Evacuation Pause)
[578.315s][info][gc,task        ] GC(1399) Using 2 workers of 2 for evacuation
[578.414s][info][gc,phases      ] GC(1399)   Pre Evacuate Collection Set: 0.50ms
[578.414s][info][gc,phases      ] GC(1399)   Merge Heap Roots: 0.75ms
[578.414s][info][gc,phases      ] GC(1399)   Evacuate Collection Set: 96.84ms
[578.414s][info][gc,phases      ] GC(1399)   Post Evacuate Collection Set: 0.59ms
[578.414s][info][gc,phases      ] GC(1399)   Other: 0.08ms
[578.414s][info][gc,heap        ] GC(1399) Eden regions: 239->0(209)
[578.414s][info][gc,heap        ] GC(1399) Survivor regions: 43->33(36)
[578.414s][info][gc,heap        ] GC(1399) Old regions: 585->628
[578.414s][info][gc,heap        ] GC(1399) Humongous regions: 10->10
[578.414s][info][gc,metaspace   ] GC(1399) Metaspace: 19094K(19328K)->19094K(19328K) NonClass: 16428K(16576K)->16428K(16576K) Class: 2666K(2752K)->2666K(2752K)
[578.414s][info][gc             ] GC(1399) Pause Young (Normal) (G1 Evacuation Pause) 876M->670M(978M) 99.022ms
[578.414s][info][gc,cpu         ] GC(1399) User=0.20s Sys=0.00s Real=0.10s
[578.729s][info][gc,start       ] GC(1400) Pause Young (Normal) (G1 Evacuation Pause)
[578.729s][info][gc,task        ] GC(1400) Using 2 workers of 2 for evacuation
[578.803s][info][gc,phases      ] GC(1400)   Pre Evacuate Collection Set: 0.28ms
[578.803s][info][gc,phases      ] GC(1400)   Merge Heap Roots: 0.29ms
[578.803s][info][gc,phases      ] GC(1400)   Evacuate Collection Set: 73.35ms
[578.803s][info][gc,phases      ] GC(1400)   Post Evacuate Collection Set: 0.44ms
[578.803s][info][gc,phases      ] GC(1400)   Other: 0.11ms
[578.804s][info][gc,heap        ] GC(1400) Eden regions: 209->0(193)
[578.804s][info][gc,heap        ] GC(1400) Survivor regions: 33->25(31)
[578.804s][info][gc,heap        ] GC(1400) Old regions: 628->661
[578.804s][info][gc,heap        ] GC(1400) Humongous regions: 10->10
[578.804s][info][gc,metaspace   ] GC(1400) Metaspace: 19094K(19328K)->19094K(19328K) NonClass: 16428K(16576K)->16428K(16576K) Class: 2666K(2752K)->2666K(2752K)
[578.804s][info][gc             ] GC(1400) Pause Young (Normal) (G1 Evacuation Pause) 879M->695M(978M) 74.727ms
[578.804s][info][gc,cpu         ] GC(1400) User=0.15s Sys=0.00s Real=0.08s
[579.112s][info][gc,start       ] GC(1401) Pause Young (Normal) (G1 Evacuation Pause)
[579.112s][info][gc,task        ] GC(1401) Using 2 workers of 2 for evacuation
[579.158s][info][gc,phases      ] GC(1401)   Pre Evacuate Collection Set: 0.30ms
[579.158s][info][gc,phases      ] GC(1401)   Merge Heap Roots: 0.52ms
[579.158s][info][gc,phases      ] GC(1401)   Evacuate Collection Set: 44.39ms
[579.158s][info][gc,phases      ] GC(1401)   Post Evacuate Collection Set: 0.42ms
[579.158s][info][gc,phases      ] GC(1401)   Other: 0.07ms
[579.158s][info][gc,heap        ] GC(1401) Eden regions: 193->0(201)
[579.158s][info][gc,heap        ] GC(1401) Survivor regions: 25->5(28)
[579.158s][info][gc,heap        ] GC(1401) Old regions: 661->686
[579.158s][info][gc,heap        ] GC(1401) Humongous regions: 10->10
[579.158s][info][gc,metaspace   ] GC(1401) Metaspace: 19094K(19328K)->19094K(19328K) NonClass: 16428K(16576K)->16428K(16576K) Class: 2666K(2752K)->2666K(2752K)
[579.158s][info][gc             ] GC(1401) Pause Young (Normal) (G1 Evacuation Pause) 888M->700M(978M) 45.926ms
[579.158s][info][gc,cpu         ] GC(1401) User=0.09s Sys=0.00s Real=0.04s
[579.551s][info][gc,start       ] GC(1402) Pause Young (Normal) (G1 Evacuation Pause)
[579.551s][info][gc,task        ] GC(1402) Using 2 workers of 2 for evacuation
[579.572s][info][gc,phases      ] GC(1402)   Pre Evacuate Collection Set: 0.28ms
[579.572s][info][gc,phases      ] GC(1402)   Merge Heap Roots: 0.15ms
[579.572s][info][gc,phases      ] GC(1402)   Evacuate Collection Set: 20.31ms
[579.572s][info][gc,phases      ] GC(1402)   Post Evacuate Collection Set: 0.40ms
[579.572s][info][gc,phases      ] GC(1402)   Other: 0.09ms
[579.572s][info][gc,heap        ] GC(1402) Eden regions: 201->0(193)
[579.572s][info][gc,heap        ] GC(1402) Survivor regions: 5->19(26)
[579.572s][info][gc,heap        ] GC(1402) Old regions: 686->686
[579.572s][info][gc,heap        ] GC(1402) Humongous regions: 10->10
[579.572s][info][gc,metaspace   ] GC(1402) Metaspace: 19094K(19328K)->19094K(19328K) NonClass: 16428K(16576K)->16428K(16576K) Class: 2666K(2752K)->2666K(2752K)
[579.572s][info][gc             ] GC(1402) Pause Young (Normal) (G1 Evacuation Pause) 901M->713M(978M) 21.426ms
[579.572s][info][gc,cpu         ] GC(1402) User=0.04s Sys=0.00s Real=0.03s
[579.785s][info][gc,marking     ] GC(1398) Concurrent Mark From Roots 1915.618ms
[579.785s][info][gc,marking     ] GC(1398) Concurrent Preclean
[579.785s][info][gc,marking     ] GC(1398) Concurrent Preclean 0.030ms
[579.785s][info][gc,start       ] GC(1398) Pause Remark
[579.793s][info][gc             ] GC(1398) Pause Remark 850M->838M(978M) 7.777ms
[579.793s][info][gc,cpu         ] GC(1398) User=0.02s Sys=0.00s Real=0.01s
[579.793s][info][gc,marking     ] GC(1398) Concurrent Mark 1923.701ms
[579.793s][info][gc,marking     ] GC(1398) Concurrent Rebuild Remembered Sets and Scrub Regions
[579.857s][info][gc,start       ] GC(1403) Pause Young (Normal) (G1 Evacuation Pause)
[579.857s][info][gc,task        ] GC(1403) Using 2 workers of 2 for evacuation
[579.903s][info][gc,phases      ] GC(1403)   Pre Evacuate Collection Set: 0.25ms
[579.903s][info][gc,phases      ] GC(1403)   Merge Heap Roots: 0.25ms
[579.903s][info][gc,phases      ] GC(1403)   Evacuate Collection Set: 44.79ms
[579.903s][info][gc,phases      ] GC(1403)   Post Evacuate Collection Set: 0.40ms
[579.903s][info][gc,phases      ] GC(1403)   Other: 0.08ms
[579.903s][info][gc,heap        ] GC(1403) Eden regions: 193->0(177)
[579.903s][info][gc,heap        ] GC(1403) Survivor regions: 19->24(27)
[579.903s][info][gc,heap        ] GC(1403) Old regions: 675->694
[579.903s][info][gc,heap        ] GC(1403) Humongous regions: 9->9
[579.903s][info][gc,metaspace   ] GC(1403) Metaspace: 19094K(19328K)->19094K(19328K) NonClass: 16428K(16576K)->16428K(16576K) Class: 2666K(2752K)->2666K(2752K)
[579.903s][info][gc             ] GC(1403) Pause Young (Normal) (G1 Evacuation Pause) 894M->726M(978M) 45.954ms
[579.903s][info][gc,cpu         ] GC(1403) User=0.10s Sys=0.00s Real=0.05s
[580.247s][info][gc,start       ] GC(1404) Pause Young (Normal) (G1 Evacuation Pause)
[580.247s][info][gc,task        ] GC(1404) Using 2 workers of 2 for evacuation
[580.297s][info][gc,phases      ] GC(1404)   Pre Evacuate Collection Set: 0.49ms
[580.297s][info][gc,phases      ] GC(1404)   Merge Heap Roots: 0.17ms
[580.297s][info][gc,phases      ] GC(1404)   Evacuate Collection Set: 48.96ms
[580.297s][info][gc,phases      ] GC(1404)   Post Evacuate Collection Set: 0.44ms
[580.297s][info][gc,phases      ] GC(1404)   Other: 0.10ms
[580.297s][info][gc,heap        ] GC(1404) Eden regions: 177->0(156)
[580.297s][info][gc,heap        ] GC(1404) Survivor regions: 24->26(26)
[580.297s][info][gc,heap        ] GC(1404) Old regions: 694->711
[580.297s][info][gc,heap        ] GC(1404) Humongous regions: 9->9
[580.297s][info][gc,metaspace   ] GC(1404) Metaspace: 19094K(19328K)->19094K(19328K) NonClass: 16428K(16576K)->16428K(16576K) Class: 2666K(2752K)->2666K(2752K)
[580.297s][info][gc             ] GC(1404) Pause Young (Normal) (G1 Evacuation Pause) 903M->745M(978M) 50.380ms
[580.297s][info][gc,cpu         ] GC(1404) User=0.09s Sys=0.00s Real=0.05s
[580.473s][info][gc,marking     ] GC(1398) Concurrent Rebuild Remembered Sets and Scrub Regions 679.745ms
[580.473s][info][gc,start       ] GC(1398) Pause Cleanup
[580.473s][info][gc             ] GC(1398) Pause Cleanup 852M->852M(978M) 0.128ms
[580.473s][info][gc,cpu         ] GC(1398) User=0.00s Sys=0.00s Real=0.00s
[580.474s][info][gc,marking     ] GC(1398) Concurrent Clear Claimed Marks
[580.474s][info][gc,marking     ] GC(1398) Concurrent Clear Claimed Marks 0.044ms
[580.474s][info][gc,marking     ] GC(1398) Concurrent Cleanup for Next Mark
[580.477s][info][gc,marking     ] GC(1398) Concurrent Cleanup for Next Mark 2.915ms
[580.477s][info][gc             ] GC(1398) Concurrent Mark Cycle 2667.157ms
[580.556s][info][gc,start       ] GC(1405) Pause Young (Prepare Mixed) (G1 Evacuation Pause)
[580.556s][info][gc,task        ] GC(1405) Using 2 workers of 2 for evacuation
[580.594s][info][gc,phases      ] GC(1405)   Pre Evacuate Collection Set: 0.31ms
[580.594s][info][gc,phases      ] GC(1405)   Merge Heap Roots: 0.11ms
[580.594s][info][gc,phases      ] GC(1405)   Evacuate Collection Set: 36.91ms
[580.594s][info][gc,phases      ] GC(1405)   Post Evacuate Collection Set: 0.46ms
[580.594s][info][gc,phases      ] GC(1405)   Other: 0.08ms
[580.594s][info][gc,heap        ] GC(1405) Eden regions: 156->0(158)
[580.594s][info][gc,heap        ] GC(1405) Survivor regions: 26->11(23)
[580.594s][info][gc,heap        ] GC(1405) Old regions: 711->737
[580.594s][info][gc,heap        ] GC(1405) Humongous regions: 9->9
[580.594s][info][gc,metaspace   ] GC(1405) Metaspace: 19094K(19328K)->19094K(19328K) NonClass: 16428K(16576K)->16428K(16576K) Class: 2666K(2752K)->2666K(2752K)
[580.594s][info][gc             ] GC(1405) Pause Young (Prepare Mixed) (G1 Evacuation Pause) 901M->756M(978M) 38.123ms
[580.594s][info][gc,cpu         ] GC(1405) User=0.08s Sys=0.00s Real=0.04s
[580.933s][info][gc,start       ] GC(1406) Pause Young (Mixed) (G1 Evacuation Pause)
[580.934s][info][gc,task        ] GC(1406) Using 2 workers of 2 for evacuation
[580.948s][info][gc,phases      ] GC(1406)   Pre Evacuate Collection Set: 0.33ms
[580.948s][info][gc,phases      ] GC(1406)   Merge Heap Roots: 0.15ms
[580.948s][info][gc,phases      ] GC(1406)   Evacuate Collection Set: 13.23ms
[580.948s][info][gc,phases      ] GC(1406)   Post Evacuate Collection Set: 0.38ms
[580.948s][info][gc,phases      ] GC(1406)   Other: 0.07ms
[580.948s][info][gc,heap        ] GC(1406) Eden regions: 158->0(168)
[580.948s][info][gc,heap        ] GC(1406) Survivor regions: 11->13(22)
[580.948s][info][gc,heap        ] GC(1406) Old regions: 737->725
[580.948s][info][gc,heap        ] GC(1406) Humongous regions: 9->9
[580.948s][info][gc,metaspace   ] GC(1406) Metaspace: 19095K(19328K)->19095K(19328K) NonClass: 16429K(16576K)->16429K(16576K) Class: 2666K(2752K)->2666K(2752K)
[580.948s][info][gc             ] GC(1406) Pause Young (Mixed) (G1 Evacuation Pause) 914M->746M(978M) 14.387ms
[580.948s][info][gc,cpu         ] GC(1406) User=0.03s Sys=0.00s Real=0.01s
[581.167s][info][gc,start       ] GC(1407) Pause Young (Concurrent Start) (G1 Evacuation Pause)
[581.167s][info][gc,task        ] GC(1407) Using 2 workers of 2 for evacuation
[581.194s][info][gc,phases      ] GC(1407)   Pre Evacuate Collection Set: 0.38ms
[581.194s][info][gc,phases      ] GC(1407)   Merge Heap Roots: 0.13ms
[581.194s][info][gc,phases      ] GC(1407)   Evacuate Collection Set: 25.87ms
[581.194s][info][gc,phases      ] GC(1407)   Post Evacuate Collection Set: 0.41ms
[581.194s][info][gc,phases      ] GC(1407)   Other: 0.25ms
[581.194s][info][gc,heap        ] GC(1407) Eden regions: 168->0(151)
[581.194s][info][gc,heap        ] GC(1407) Survivor regions: 13->16(23)
[581.194s][info][gc,heap        ] GC(1407) Old regions: 725->736
[581.194s][info][gc,heap        ] GC(1407) Humongous regions: 9->9
[581.194s][info][gc,metaspace   ] GC(1407) Metaspace: 19095K(19328K)->19095K(19328K) NonClass: 16429K(16576K)->16429K(16576K) Class: 2666K(2752K)->2666K(2752K)
[581.194s][info][gc             ] GC(1407) Pause Young (Concurrent Start) (G1 Evacuation Pause) 914M->760M(978M) 27.268ms
[581.194s][info][gc             ] GC(1408) Concurrent Mark Cycle
[581.194s][info][gc,marking     ] GC(1408) Concurrent Scan Root Regions
[581.196s][info][gc,cpu         ] GC(1407) User=0.05s Sys=0.00s Real=0.03s
[581.230s][info][gc,marking     ] GC(1408) Concurrent Scan Root Regions 35.847ms
[581.230s][info][gc,marking     ] GC(1408) Concurrent Mark
[581.230s][info][gc,marking     ] GC(1408) Concurrent Mark From Roots
[581.230s][info][gc,task        ] GC(1408) Using 1 workers of 1 for marking
[581.428s][info][gc,start       ] GC(1409) Pause Young (Normal) (G1 Evacuation Pause)
[581.429s][info][gc,task        ] GC(1409) Using 2 workers of 2 for evacuation
[581.486s][info][gc,phases      ] GC(1409)   Pre Evacuate Collection Set: 0.28ms
[581.486s][info][gc,phases      ] GC(1409)   Merge Heap Roots: 0.13ms
[581.486s][info][gc,phases      ] GC(1409)   Evacuate Collection Set: 56.20ms
[581.486s][info][gc,phases      ] GC(1409)   Post Evacuate Collection Set: 0.51ms
[581.486s][info][gc,phases      ] GC(1409)   Other: 0.07ms
[581.486s][info][gc,heap        ] GC(1409) Eden regions: 151->0(102)
[581.486s][info][gc,heap        ] GC(1409) Survivor regions: 16->21(21)
[581.486s][info][gc,heap        ] GC(1409) Old regions: 736->775
[581.486s][info][gc,heap        ] GC(1409) Humongous regions: 9->9
[581.486s][info][gc,metaspace   ] GC(1409) Metaspace: 19095K(19328K)->19095K(19328K) NonClass: 16429K(16576K)->16429K(16576K) Class: 2666K(2752K)->2666K(2752K)
[581.486s][info][gc             ] GC(1409) Pause Young (Normal) (G1 Evacuation Pause) 911M->804M(978M) 57.402ms
[581.486s][info][gc,cpu         ] GC(1409) User=0.11s Sys=0.00s Real=0.06s
[581.672s][info][gc,start       ] GC(1410) Pause Young (Normal) (G1 Evacuation Pause)
[581.672s][info][gc,task        ] GC(1410) Using 2 workers of 2 for evacuation
[581.722s][info][gc,phases      ] GC(1410)   Pre Evacuate Collection Set: 0.51ms
[581.722s][info][gc,phases      ] GC(1410)   Merge Heap Roots: 0.29ms
[581.722s][info][gc,phases      ] GC(1410)   Evacuate Collection Set: 48.27ms
[581.722s][info][gc,phases      ] GC(1410)   Post Evacuate Collection Set: 0.41ms
[581.722s][info][gc,phases      ] GC(1410)   Other: 0.08ms
[581.722s][info][gc,heap        ] GC(1410) Eden regions: 102->0(79)
[581.722s][info][gc,heap        ] GC(1410) Survivor regions: 21->16(16)
[581.722s][info][gc,heap        ] GC(1410) Old regions: 775->808
[581.722s][info][gc,heap        ] GC(1410) Humongous regions: 9->9
[581.722s][info][gc,metaspace   ] GC(1410) Metaspace: 19095K(19328K)->19095K(19328K) NonClass: 16429K(16576K)->16429K(16576K) Class: 2666K(2752K)->2666K(2752K)
[581.722s][info][gc             ] GC(1410) Pause Young (Normal) (G1 Evacuation Pause) 906M->832M(978M) 49.812ms
[581.722s][info][gc,cpu         ] GC(1410) User=0.10s Sys=0.00s Real=0.05s
[581.878s][info][gc,start       ] GC(1411) Pause Young (Normal) (G1 Evacuation Pause)
[581.878s][info][gc,task        ] GC(1411) Using 2 workers of 2 for evacuation
[581.900s][info][gc,phases      ] GC(1411)   Pre Evacuate Collection Set: 0.29ms
[581.900s][info][gc,phases      ] GC(1411)   Merge Heap Roots: 0.24ms
[581.900s][info][gc,phases      ] GC(1411)   Evacuate Collection Set: 21.21ms
[581.900s][info][gc,phases      ] GC(1411)   Post Evacuate Collection Set: 0.32ms
[581.900s][info][gc,phases      ] GC(1411)   Other: 0.08ms
[581.900s][info][gc,heap        ] GC(1411) Eden regions: 79->0(89)
[581.900s][info][gc,heap        ] GC(1411) Survivor regions: 16->3(12)
[581.900s][info][gc,heap        ] GC(1411) Old regions: 808->824
[581.900s][info][gc,heap        ] GC(1411) Humongous regions: 9->9
[581.900s][info][gc,metaspace   ] GC(1411) Metaspace: 19095K(19328K)->19095K(19328K) NonClass: 16429K(16576K)->16429K(16576K) Class: 2666K(2752K)->2666K(2752K)
[581.900s][info][gc             ] GC(1411) Pause Young (Normal) (G1 Evacuation Pause) 911M->835M(978M) 22.357ms
[581.900s][info][gc,cpu         ] GC(1411) User=0.04s Sys=0.00s Real=0.02s
[582.094s][info][gc,start       ] GC(1412) Pause Young (Normal) (G1 Evacuation Pause)
[582.095s][info][gc,task        ] GC(1412) Using 2 workers of 2 for evacuation
[582.124s][info][gc,phases      ] GC(1412)   Pre Evacuate Collection Set: 0.54ms
[582.124s][info][gc,phases      ] GC(1412)   Merge Heap Roots: 0.28ms
[582.124s][info][gc,phases      ] GC(1412)   Evacuate Collection Set: 28.40ms
[582.124s][info][gc,phases      ] GC(1412)   Post Evacuate Collection Set: 0.40ms
[582.124s][info][gc,phases      ] GC(1412)   Other: 0.09ms
[582.124s][info][gc,heap        ] GC(1412) Eden regions: 89->0(65)
[582.124s][info][gc,heap        ] GC(1412) Survivor regions: 3->12(12)
[582.124s][info][gc,heap        ] GC(1412) Old regions: 824->827
[582.124s][info][gc,heap        ] GC(1412) Humongous regions: 12->12
[582.124s][info][gc,metaspace   ] GC(1412) Metaspace: 19095K(19328K)->19095K(19328K) NonClass: 16429K(16576K)->16429K(16576K) Class: 2666K(2752K)->2666K(2752K)
[582.124s][info][gc             ] GC(1412) Pause Young (Normal) (G1 Evacuation Pause) 927M->850M(978M) 29.958ms
[582.124s][info][gc,cpu         ] GC(1412) User=0.06s Sys=0.00s Real=0.03s
[582.253s][info][gc,start       ] GC(1413) Pause Young (Normal) (G1 Evacuation Pause)
[582.253s][info][gc,task        ] GC(1413) Using 2 workers of 2 for evacuation
[582.298s][info][gc,phases      ] GC(1413)   Pre Evacuate Collection Set: 0.50ms
[582.298s][info][gc,phases      ] GC(1413)   Merge Heap Roots: 0.22ms
[582.298s][info][gc,phases      ] GC(1413)   Evacuate Collection Set: 43.81ms
[582.298s][info][gc,phases      ] GC(1413)   Post Evacuate Collection Set: 0.32ms
[582.298s][info][gc,phases      ] GC(1413)   Other: 0.08ms
[582.298s][info][gc,heap        ] GC(1413) Eden regions: 65->0(49)
[582.298s][info][gc,heap        ] GC(1413) Survivor regions: 12->10(10)
[582.298s][info][gc,heap        ] GC(1413) Old regions: 827->847
[582.298s][info][gc,heap        ] GC(1413) Humongous regions: 12->12
[582.298s][info][gc,metaspace   ] GC(1413) Metaspace: 19095K(19328K)->19095K(19328K) NonClass: 16429K(16576K)->16429K(16576K) Class: 2666K(2752K)->2666K(2752K)
[582.299s][info][gc             ] GC(1413) Pause Young (Normal) (G1 Evacuation Pause) 915M->868M(978M) 45.136ms
[582.299s][info][gc,cpu         ] GC(1413) User=0.09s Sys=0.00s Real=0.04s
[582.369s][info][gc,start       ] GC(1414) Pause Young (Normal) (G1 Evacuation Pause)
[582.369s][info][gc,task        ] GC(1414) Using 2 workers of 2 for evacuation
[582.391s][info][gc,phases      ] GC(1414)   Pre Evacuate Collection Set: 0.27ms
[582.391s][info][gc,phases      ] GC(1414)   Merge Heap Roots: 0.11ms
[582.391s][info][gc,phases      ] GC(1414)   Evacuate Collection Set: 20.63ms
[582.391s][info][gc,phases      ] GC(1414)   Post Evacuate Collection Set: 0.28ms
[582.391s][info][gc,phases      ] GC(1414)   Other: 0.07ms
[582.391s][info][gc,heap        ] GC(1414) Eden regions: 49->0(43)
[582.391s][info][gc,heap        ] GC(1414) Survivor regions: 10->8(8)
[582.391s][info][gc,heap        ] GC(1414) Old regions: 847->857
[582.391s][info][gc,heap        ] GC(1414) Humongous regions: 12->12
[582.391s][info][gc,metaspace   ] GC(1414) Metaspace: 19095K(19328K)->19095K(19328K) NonClass: 16429K(16576K)->16429K(16576K) Class: 2666K(2752K)->2666K(2752K)
[582.391s][info][gc             ] GC(1414) Pause Young (Normal) (G1 Evacuation Pause) 917M->876M(978M) 21.564ms
[582.391s][info][gc,cpu         ] GC(1414) User=0.04s Sys=0.00s Real=0.02s
[582.478s][info][gc,start       ] GC(1415) Pause Young (Normal) (G1 Evacuation Pause)
[582.478s][info][gc,task        ] GC(1415) Using 2 workers of 2 for evacuation
[582.492s][info][gc,phases      ] GC(1415)   Pre Evacuate Collection Set: 0.28ms
[582.492s][info][gc,phases      ] GC(1415)   Merge Heap Roots: 0.11ms
[582.492s][info][gc,phases      ] GC(1415)   Evacuate Collection Set: 13.35ms
[582.492s][info][gc,phases      ] GC(1415)   Post Evacuate Collection Set: 0.25ms
[582.492s][info][gc,phases      ] GC(1415)   Other: 0.08ms
[582.492s][info][gc,heap        ] GC(1415) Eden regions: 43->0(44)
[582.492s][info][gc,heap        ] GC(1415) Survivor regions: 8->4(7)
[582.492s][info][gc,heap        ] GC(1415) Old regions: 857->866
[582.492s][info][gc,heap        ] GC(1415) Humongous regions: 12->12
[582.492s][info][gc,metaspace   ] GC(1415) Metaspace: 19095K(19328K)->19095K(19328K) NonClass: 16429K(16576K)->16429K(16576K) Class: 2666K(2752K)->2666K(2752K)
[582.492s][info][gc             ] GC(1415) Pause Young (Normal) (G1 Evacuation Pause) 919M->880M(978M) 14.253ms
[582.492s][info][gc,cpu         ] GC(1415) User=0.03s Sys=0.00s Real=0.02s
[582.573s][info][gc,start       ] GC(1416) Pause Young (Normal) (G1 Evacuation Pause)
[582.574s][info][gc,task        ] GC(1416) Using 2 workers of 2 for evacuation
[582.591s][info][gc,phases      ] GC(1416)   Pre Evacuate Collection Set: 0.28ms
[582.591s][info][gc,phases      ] GC(1416)   Merge Heap Roots: 0.12ms
[582.591s][info][gc,phases      ] GC(1416)   Evacuate Collection Set: 16.26ms
[582.591s][info][gc,phases      ] GC(1416)   Post Evacuate Collection Set: 0.25ms
[582.591s][info][gc,phases      ] GC(1416)   Other: 0.08ms
[582.591s][info][gc,heap        ] GC(1416) Eden regions: 44->0(42)
[582.591s][info][gc,heap        ] GC(1416) Survivor regions: 4->6(6)
[582.591s][info][gc,heap        ] GC(1416) Old regions: 866->873
[582.591s][info][gc,heap        ] GC(1416) Humongous regions: 12->12
[582.591s][info][gc,metaspace   ] GC(1416) Metaspace: 19095K(19328K)->19095K(19328K) NonClass: 16429K(16576K)->16429K(16576K) Class: 2666K(2752K)->2666K(2752K)
[582.591s][info][gc             ] GC(1416) Pause Young (Normal) (G1 Evacuation Pause) 924M->890M(978M) 17.184ms
[582.591s][info][gc,cpu         ] GC(1416) User=0.04s Sys=0.00s Real=0.01s
[582.655s][info][gc,start       ] GC(1417) Pause Young (Normal) (G1 Evacuation Pause)
[582.655s][info][gc,task        ] GC(1417) Using 2 workers of 2 for evacuation
[582.668s][info][gc,phases      ] GC(1417)   Pre Evacuate Collection Set: 0.28ms
[582.668s][info][gc,phases      ] GC(1417)   Merge Heap Roots: 0.09ms
[582.668s][info][gc,phases      ] GC(1417)   Evacuate Collection Set: 11.86ms
[582.668s][info][gc,phases      ] GC(1417)   Post Evacuate Collection Set: 0.25ms
[582.668s][info][gc,phases      ] GC(1417)   Other: 0.08ms
[582.668s][info][gc,heap        ] GC(1417) Eden regions: 42->0(43)
[582.668s][info][gc,heap        ] GC(1417) Survivor regions: 6->5(6)
[582.668s][info][gc,heap        ] GC(1417) Old regions: 873->880
[582.668s][info][gc,heap        ] GC(1417) Humongous regions: 12->12
[582.668s][info][gc,metaspace   ] GC(1417) Metaspace: 19095K(19328K)->19095K(19328K) NonClass: 16429K(16576K)->16429K(16576K) Class: 2666K(2752K)->2666K(2752K)
[582.668s][info][gc             ] GC(1417) Pause Young (Normal) (G1 Evacuation Pause) 932M->895M(978M) 12.767ms
[582.668s][info][gc,cpu         ] GC(1417) User=0.03s Sys=0.00s Real=0.01s
[582.704s][info][gc,start       ] GC(1418) Pause Young (Normal) (G1 Evacuation Pause)
[582.704s][info][gc,task        ] GC(1418) Using 2 workers of 2 for evacuation
[582.710s][info][gc,phases      ] GC(1418)   Pre Evacuate Collection Set: 0.27ms
[582.710s][info][gc,phases      ] GC(1418)   Merge Heap Roots: 0.06ms
[582.710s][info][gc,phases      ] GC(1418)   Evacuate Collection Set: 4.98ms
[582.710s][info][gc,phases      ] GC(1418)   Post Evacuate Collection Set: 0.25ms
[582.710s][info][gc,phases      ] GC(1418)   Other: 0.07ms
[582.710s][info][gc,heap        ] GC(1418) Eden regions: 43->0(47)
[582.710s][info][gc,heap        ] GC(1418) Survivor regions: 5->1(6)
[582.710s][info][gc,heap        ] GC(1418) Old regions: 880->884
[582.710s][info][gc,heap        ] GC(1418) Humongous regions: 12->12
[582.710s][info][gc,metaspace   ] GC(1418) Metaspace: 19095K(19328K)->19095K(19328K) NonClass: 16429K(16576K)->16429K(16576K) Class: 2666K(2752K)->2666K(2752K)
[582.710s][info][gc             ] GC(1418) Pause Young (Normal) (G1 Evacuation Pause) 938M->896M(978M) 5.788ms
[582.710s][info][gc,cpu         ] GC(1418) User=0.01s Sys=0.00s Real=0.00s
[582.743s][info][gc,marking     ] GC(1408) Concurrent Mark From Roots 1513.498ms
[582.743s][info][gc,marking     ] GC(1408) Concurrent Preclean
[582.743s][info][gc,marking     ] GC(1408) Concurrent Preclean 0.033ms
[582.744s][info][gc,start       ] GC(1408) Pause Remark
[582.751s][info][gc             ] GC(1408) Pause Remark 934M->687M(978M) 7.866ms
[582.751s][info][gc,cpu         ] GC(1408) User=0.02s Sys=0.00s Real=0.01s
[582.753s][info][gc,marking     ] GC(1408) Concurrent Mark 1523.271ms
[582.753s][info][gc,marking     ] GC(1408) Concurrent Rebuild Remembered Sets and Scrub Regions
[582.764s][info][gc,start       ] GC(1419) Pause Young (Normal) (G1 Evacuation Pause)
[582.764s][info][gc,task        ] GC(1419) Using 2 workers of 2 for evacuation
[582.765s][info][gc,phases      ] GC(1419)   Pre Evacuate Collection Set: 0.40ms
[582.765s][info][gc,phases      ] GC(1419)   Merge Heap Roots: 0.04ms
[582.765s][info][gc,phases      ] GC(1419)   Evacuate Collection Set: 0.61ms
[582.765s][info][gc,phases      ] GC(1419)   Post Evacuate Collection Set: 0.24ms
[582.765s][info][gc,phases      ] GC(1419)   Other: 0.10ms
[582.765s][info][gc,heap        ] GC(1419) Eden regions: 47->0(242)
[582.765s][info][gc,heap        ] GC(1419) Survivor regions: 1->1(6)
[582.765s][info][gc,heap        ] GC(1419) Old regions: 642->642
[582.765s][info][gc,heap        ] GC(1419) Humongous regions: 7->7
[582.765s][info][gc,metaspace   ] GC(1419) Metaspace: 19095K(19328K)->19095K(19328K) NonClass: 16429K(16576K)->16429K(16576K) Class: 2666K(2752K)->2666K(2752K)
[582.765s][info][gc             ] GC(1419) Pause Young (Normal) (G1 Evacuation Pause) 696M->648M(978M) 1.528ms
[582.765s][info][gc,cpu         ] GC(1419) User=0.01s Sys=0.00s Real=0.00s
[583.164s][info][gc,start       ] GC(1420) Pause Young (Normal) (G1 Evacuation Pause)
[583.165s][info][gc,task        ] GC(1420) Using 2 workers of 2 for evacuation
[583.177s][info][gc,phases      ] GC(1420)   Pre Evacuate Collection Set: 0.29ms
[583.177s][info][gc,phases      ] GC(1420)   Merge Heap Roots: 0.32ms
[583.177s][info][gc,phases      ] GC(1420)   Evacuate Collection Set: 11.19ms
[583.177s][info][gc,phases      ] GC(1420)   Post Evacuate Collection Set: 0.40ms
[583.177s][info][gc,phases      ] GC(1420)   Other: 0.08ms
[583.177s][info][gc,heap        ] GC(1420) Eden regions: 242->0(251)
[583.177s][info][gc,heap        ] GC(1420) Survivor regions: 1->5(31)
[583.177s][info][gc,heap        ] GC(1420) Old regions: 642->642
[583.177s][info][gc,heap        ] GC(1420) Humongous regions: 7->7
[583.177s][info][gc,metaspace   ] GC(1420) Metaspace: 19095K(19328K)->19095K(19328K) NonClass: 16429K(16576K)->16429K(16576K) Class: 2666K(2752K)->2666K(2752K)
[583.177s][info][gc             ] GC(1420) Pause Young (Normal) (G1 Evacuation Pause) 890M->653M(978M) 12.529ms
[583.177s][info][gc,cpu         ] GC(1420) User=0.02s Sys=0.00s Real=0.01s
[583.302s][info][gc,marking     ] GC(1408) Concurrent Rebuild Remembered Sets and Scrub Regions 548.426ms
[583.302s][info][gc,start       ] GC(1408) Pause Cleanup
[583.302s][info][gc             ] GC(1408) Pause Cleanup 700M->700M(978M) 0.140ms
[583.302s][info][gc,cpu         ] GC(1408) User=0.00s Sys=0.00s Real=0.00s
[583.302s][info][gc,marking     ] GC(1408) Concurrent Clear Claimed Marks
[583.302s][info][gc,marking     ] GC(1408) Concurrent Clear Claimed Marks 0.031ms
[583.302s][info][gc,marking     ] GC(1408) Concurrent Cleanup for Next Mark
[583.305s][info][gc,marking     ] GC(1408) Concurrent Cleanup for Next Mark 2.869ms
[583.305s][info][gc             ] GC(1408) Concurrent Mark Cycle 2110.982ms
[583.648s][info][gc,start       ] GC(1421) Pause Young (Prepare Mixed) (G1 Evacuation Pause)
[583.648s][info][gc,task        ] GC(1421) Using 2 workers of 2 for evacuation
[583.694s][info][gc,phases      ] GC(1421)   Pre Evacuate Collection Set: 0.51ms
[583.694s][info][gc,phases      ] GC(1421)   Merge Heap Roots: 0.47ms
[583.694s][info][gc,phases      ] GC(1421)   Evacuate Collection Set: 44.25ms
[583.694s][info][gc,phases      ] GC(1421)   Post Evacuate Collection Set: 0.51ms
[583.694s][info][gc,phases      ] GC(1421)   Other: 0.09ms
[583.694s][info][gc,heap        ] GC(1421) Eden regions: 251->0(215)
[583.694s][info][gc,heap        ] GC(1421) Survivor regions: 5->32(32)
[583.694s][info][gc,heap        ] GC(1421) Old regions: 642->642
[583.694s][info][gc,heap        ] GC(1421) Humongous regions: 7->7
[583.694s][info][gc,metaspace   ] GC(1421) Metaspace: 19095K(19328K)->19095K(19328K) NonClass: 16429K(16576K)->16429K(16576K) Class: 2666K(2752K)->2666K(2752K)
[583.694s][info][gc             ] GC(1421) Pause Young (Prepare Mixed) (G1 Evacuation Pause) 904M->679M(978M) 46.068ms
[583.694s][info][gc,cpu         ] GC(1421) User=0.09s Sys=0.00s Real=0.05s
[584.070s][info][gc,start       ] GC(1422) Pause Young (Mixed) (G1 Evacuation Pause)
[584.071s][info][gc,task        ] GC(1422) Using 2 workers of 2 for evacuation
[584.149s][info][gc,phases      ] GC(1422)   Pre Evacuate Collection Set: 0.37ms
[584.149s][info][gc,phases      ] GC(1422)   Merge Heap Roots: 0.48ms
[584.149s][info][gc,phases      ] GC(1422)   Evacuate Collection Set: 76.59ms
[584.149s][info][gc,phases      ] GC(1422)   Post Evacuate Collection Set: 0.58ms
[584.149s][info][gc,phases      ] GC(1422)   Other: 0.08ms
[584.149s][info][gc,heap        ] GC(1422) Eden regions: 215->0(239)
[584.149s][info][gc,heap        ] GC(1422) Survivor regions: 32->31(31)
[584.149s][info][gc,heap        ] GC(1422) Old regions: 642->610
[584.149s][info][gc,heap        ] GC(1422) Humongous regions: 7->7
[584.149s][info][gc,metaspace   ] GC(1422) Metaspace: 19095K(19328K)->19095K(19328K) NonClass: 16429K(16576K)->16429K(16576K) Class: 2666K(2752K)->2666K(2752K)
[584.149s][info][gc             ] GC(1422) Pause Young (Mixed) (G1 Evacuation Pause) 894M->647M(978M) 78.343ms
[584.149s][info][gc,cpu         ] GC(1422) User=0.15s Sys=0.00s Real=0.08s
[584.258s][info][gc,start       ] GC(1423) Pause Young (Concurrent Start) (G1 Humongous Allocation)
[584.258s][info][gc,task        ] GC(1423) Using 2 workers of 2 for evacuation
[584.297s][info][gc,phases      ] GC(1423)   Pre Evacuate Collection Set: 0.31ms
[584.297s][info][gc,phases      ] GC(1423)   Merge Heap Roots: 0.18ms
[584.297s][info][gc,phases      ] GC(1423)   Evacuate Collection Set: 37.89ms
[584.297s][info][gc,phases      ] GC(1423)   Post Evacuate Collection Set: 0.44ms
[584.297s][info][gc,phases      ] GC(1423)   Other: 0.09ms
[584.297s][info][gc,heap        ] GC(1423) Eden regions: 97->0(244)
[584.297s][info][gc,heap        ] GC(1423) Survivor regions: 31->7(34)
[584.297s][info][gc,heap        ] GC(1423) Old regions: 610->641
[584.297s][info][gc,heap        ] GC(1423) Humongous regions: 7->7
[584.297s][info][gc,metaspace   ] GC(1423) Metaspace: 19095K(19328K)->19095K(19328K) NonClass: 16429K(16576K)->16429K(16576K) Class: 2666K(2752K)->2666K(2752K)
[584.297s][info][gc             ] GC(1423) Pause Young (Concurrent Start) (G1 Humongous Allocation) 743M->654M(978M) 39.142ms
[584.297s][info][gc,cpu         ] GC(1423) User=0.07s Sys=0.00s Real=0.04s
[584.297s][info][gc             ] GC(1424) Concurrent Mark Cycle
[584.297s][info][gc,marking     ] GC(1424) Concurrent Scan Root Regions
[584.338s][info][gc,marking     ] GC(1424) Concurrent Scan Root Regions 41.115ms
[584.338s][info][gc,marking     ] GC(1424) Concurrent Mark
[584.338s][info][gc,marking     ] GC(1424) Concurrent Mark From Roots
[584.338s][info][gc,task        ] GC(1424) Using 1 workers of 1 for marking
[585.037s][info][gc,start       ] GC(1425) Pause Young (Normal) (G1 Evacuation Pause)
[585.037s][info][gc,task        ] GC(1425) Using 2 workers of 2 for evacuation
[585.066s][info][gc,phases      ] GC(1425)   Pre Evacuate Collection Set: 0.30ms
[585.066s][info][gc,phases      ] GC(1425)   Merge Heap Roots: 0.24ms
[585.066s][info][gc,phases      ] GC(1425)   Evacuate Collection Set: 27.11ms
[585.066s][info][gc,phases      ] GC(1425)   Post Evacuate Collection Set: 0.47ms
[585.066s][info][gc,phases      ] GC(1425)   Other: 0.09ms
[585.066s][info][gc,heap        ] GC(1425) Eden regions: 244->0(240)
[585.066s][info][gc,heap        ] GC(1425) Survivor regions: 7->19(32)
[585.066s][info][gc,heap        ] GC(1425) Old regions: 641->641
[585.066s][info][gc,heap        ] GC(1425) Humongous regions: 8->8
[585.066s][info][gc,metaspace   ] GC(1425) Metaspace: 19095K(19328K)->19095K(19328K) NonClass: 16429K(16576K)->16429K(16576K) Class: 2666K(2752K)->2666K(2752K)
[585.066s][info][gc             ] GC(1425) Pause Young (Normal) (G1 Evacuation Pause) 899M->667M(978M) 28.418ms
[585.066s][info][gc,cpu         ] GC(1425) User=0.05s Sys=0.00s Real=0.03s
[585.401s][info][gc,marking     ] GC(1424) Concurrent Mark From Roots 1062.552ms
[585.401s][info][gc,marking     ] GC(1424) Concurrent Preclean
[585.401s][info][gc,marking     ] GC(1424) Concurrent Preclean 0.038ms
[585.401s][info][gc,start       ] GC(1424) Pause Remark
[585.409s][info][gc             ] GC(1424) Pause Remark 868M->678M(978M) 8.091ms
[585.409s][info][gc,cpu         ] GC(1424) User=0.01s Sys=0.00s Real=0.01s
[585.410s][info][gc,marking     ] GC(1424) Concurrent Mark 1072.412ms
[585.410s][info][gc,marking     ] GC(1424) Concurrent Rebuild Remembered Sets and Scrub Regions
[585.457s][info][gc,start       ] GC(1426) Pause Young (Normal) (G1 Evacuation Pause)
[585.457s][info][gc,task        ] GC(1426) Using 2 workers of 2 for evacuation
[585.500s][info][gc,phases      ] GC(1426)   Pre Evacuate Collection Set: 0.26ms
[585.500s][info][gc,phases      ] GC(1426)   Merge Heap Roots: 0.20ms
[585.500s][info][gc,phases      ] GC(1426)   Evacuate Collection Set: 42.33ms
[585.500s][info][gc,phases      ] GC(1426)   Post Evacuate Collection Set: 0.46ms
[585.500s][info][gc,phases      ] GC(1426)   Other: 0.09ms
[585.500s][info][gc,heap        ] GC(1426) Eden regions: 240->0(391)
[585.500s][info][gc,heap        ] GC(1426) Survivor regions: 19->29(33)
[585.500s][info][gc,heap        ] GC(1426) Old regions: 454->461
[585.500s][info][gc,heap        ] GC(1426) Humongous regions: 5->5
[585.500s][info][gc,metaspace   ] GC(1426) Metaspace: 19095K(19328K)->19095K(19328K) NonClass: 16429K(16576K)->16429K(16576K) Class: 2666K(2752K)->2666K(2752K)
[585.500s][info][gc             ] GC(1426) Pause Young (Normal) (G1 Evacuation Pause) 717M->493M(978M) 43.531ms
[585.500s][info][gc,cpu         ] GC(1426) User=0.08s Sys=0.00s Real=0.04s
[585.870s][info][gc,marking     ] GC(1424) Concurrent Rebuild Remembered Sets and Scrub Regions 459.201ms
[585.870s][info][gc,start       ] GC(1424) Pause Cleanup
[585.870s][info][gc             ] GC(1424) Pause Cleanup 661M->661M(978M) 0.137ms
[585.870s][info][gc,cpu         ] GC(1424) User=0.00s Sys=0.00s Real=0.00s
[585.870s][info][gc,marking     ] GC(1424) Concurrent Clear Claimed Marks
[585.870s][info][gc,marking     ] GC(1424) Concurrent Clear Claimed Marks 0.030ms
[585.870s][info][gc,marking     ] GC(1424) Concurrent Cleanup for Next Mark
[585.873s][info][gc,marking     ] GC(1424) Concurrent Cleanup for Next Mark 2.903ms
[585.873s][info][gc             ] GC(1424) Concurrent Mark Cycle 1576.254ms
[586.320s][info][gc,start       ] GC(1427) Pause Young (Prepare Mixed) (G1 Evacuation Pause)
[586.320s][info][gc,task        ] GC(1427) Using 2 workers of 2 for evacuation
[586.369s][info][gc,phases      ] GC(1427)   Pre Evacuate Collection Set: 0.55ms
[586.369s][info][gc,phases      ] GC(1427)   Merge Heap Roots: 0.31ms
[586.369s][info][gc,phases      ] GC(1427)   Evacuate Collection Set: 47.48ms
[586.369s][info][gc,phases      ] GC(1427)   Post Evacuate Collection Set: 0.62ms
[586.369s][info][gc,phases      ] GC(1427)   Other: 0.10ms
[586.369s][info][gc,heap        ] GC(1427) Eden regions: 391->0(385)
[586.369s][info][gc,heap        ] GC(1427) Survivor regions: 29->30(53)
[586.369s][info][gc,heap        ] GC(1427) Old regions: 461->474
[586.369s][info][gc,heap        ] GC(1427) Humongous regions: 5->5
[586.369s][info][gc,metaspace   ] GC(1427) Metaspace: 19095K(19328K)->19095K(19328K) NonClass: 16429K(16576K)->16429K(16576K) Class: 2666K(2752K)->2666K(2752K)
[586.369s][info][gc             ] GC(1427) Pause Young (Prepare Mixed) (G1 Evacuation Pause) 884M->508M(978M) 49.296ms
[586.369s][info][gc,cpu         ] GC(1427) User=0.09s Sys=0.00s Real=0.05s
[586.919s][info][gc,start       ] GC(1428) Pause Young (Mixed) (G1 Evacuation Pause)
[586.919s][info][gc,task        ] GC(1428) Using 2 workers of 2 for evacuation
[587.026s][info][gc,phases      ] GC(1428)   Pre Evacuate Collection Set: 0.54ms
[587.026s][info][gc,phases      ] GC(1428)   Merge Heap Roots: 0.67ms
[587.026s][info][gc,phases      ] GC(1428)   Evacuate Collection Set: 101.04ms
[587.026s][info][gc,phases      ] GC(1428)   Post Evacuate Collection Set: 4.41ms
[587.026s][info][gc,phases      ] GC(1428)   Other: 0.11ms
[587.026s][info][gc,heap        ] GC(1428) Eden regions: 385->0(291)
[587.026s][info][gc,heap        ] GC(1428) Survivor regions: 30->52(52)
[587.026s][info][gc,heap        ] GC(1428) Old regions: 474->528
[587.026s][info][gc,heap        ] GC(1428) Humongous regions: 5->5
[587.026s][info][gc,metaspace   ] GC(1428) Metaspace: 19095K(19328K)->19095K(19328K) NonClass: 16429K(16576K)->16429K(16576K) Class: 2666K(2752K)->2666K(2752K)
[587.026s][info][gc             ] GC(1428) Pause Young (Mixed) (G1 Evacuation Pause) (Evacuation Failure: Allocation) 893M->584M(978M) 107.025ms
[587.026s][info][gc,cpu         ] GC(1428) User=0.21s Sys=0.00s Real=0.11s
[587.246s][info][gc,start       ] GC(1429) Pause Young (Concurrent Start) (G1 Humongous Allocation)
[587.246s][info][gc,task        ] GC(1429) Using 2 workers of 2 for evacuation
[587.322s][info][gc,phases      ] GC(1429)   Pre Evacuate Collection Set: 0.36ms
[587.322s][info][gc,phases      ] GC(1429)   Merge Heap Roots: 0.43ms
[587.322s][info][gc,phases      ] GC(1429)   Evacuate Collection Set: 74.04ms
[587.322s][info][gc,phases      ] GC(1429)   Post Evacuate Collection Set: 0.61ms
[587.322s][info][gc,phases      ] GC(1429)   Other: 0.09ms
[587.322s][info][gc,heap        ] GC(1429) Eden regions: 183->0(328)
[587.322s][info][gc,heap        ] GC(1429) Survivor regions: 52->9(43)
[587.322s][info][gc,heap        ] GC(1429) Old regions: 528->543
[587.322s][info][gc,heap        ] GC(1429) Humongous regions: 5->5
[587.322s][info][gc,metaspace   ] GC(1429) Metaspace: 19095K(19328K)->19095K(19328K) NonClass: 16429K(16576K)->16429K(16576K) Class: 2666K(2752K)->2666K(2752K)
[587.322s][info][gc             ] GC(1429) Pause Young (Concurrent Start) (G1 Humongous Allocation) 767M->556M(978M) 75.751ms
[587.322s][info][gc,cpu         ] GC(1429) User=0.15s Sys=0.00s Real=0.08s
[587.322s][info][gc             ] GC(1430) Concurrent Mark Cycle
[587.322s][info][gc,marking     ] GC(1430) Concurrent Scan Root Regions
[587.414s][info][gc,marking     ] GC(1430) Concurrent Scan Root Regions 91.679ms
[587.414s][info][gc,marking     ] GC(1430) Concurrent Mark
[587.414s][info][gc,marking     ] GC(1430) Concurrent Mark From Roots
[587.414s][info][gc,task        ] GC(1430) Using 1 workers of 1 for marking
[587.920s][info][gc,start       ] GC(1431) Pause Young (Normal) (G1 Evacuation Pause)
[587.920s][info][gc,task        ] GC(1431) Using 2 workers of 2 for evacuation
[588.017s][info][gc,phases      ] GC(1431)   Pre Evacuate Collection Set: 0.31ms
[588.017s][info][gc,phases      ] GC(1431)   Merge Heap Roots: 0.34ms
[588.017s][info][gc,phases      ] GC(1431)   Evacuate Collection Set: 95.96ms
[588.017s][info][gc,phases      ] GC(1431)   Post Evacuate Collection Set: 0.87ms
[588.017s][info][gc,phases      ] GC(1431)   Other: 0.08ms
[588.017s][info][gc,heap        ] GC(1431) Eden regions: 328->0(237)
[588.017s][info][gc,heap        ] GC(1431) Survivor regions: 9->43(43)
[588.017s][info][gc,heap        ] GC(1431) Old regions: 543->587
[588.017s][info][gc,heap        ] GC(1431) Humongous regions: 8->8
[588.017s][info][gc,metaspace   ] GC(1431) Metaspace: 19095K(19328K)->19095K(19328K) NonClass: 16429K(16576K)->16429K(16576K) Class: 2666K(2752K)->2666K(2752K)
[588.017s][info][gc             ] GC(1431) Pause Young (Normal) (G1 Evacuation Pause) 887M->637M(978M) 97.790ms
[588.017s][info][gc,cpu         ] GC(1431) User=0.19s Sys=0.00s Real=0.10s
[588.300s][info][gc,marking     ] GC(1430) Concurrent Mark From Roots 885.991ms
[588.300s][info][gc,marking     ] GC(1430) Concurrent Preclean
[588.300s][info][gc,marking     ] GC(1430) Concurrent Preclean 0.032ms
[588.300s][info][gc,start       ] GC(1430) Pause Remark
[588.308s][info][gc             ] GC(1430) Pause Remark 761M->619M(978M) 7.957ms
[588.308s][info][gc,cpu         ] GC(1430) User=0.01s Sys=0.00s Real=0.01s
[588.308s][info][gc,marking     ] GC(1430) Concurrent Mark 894.264ms
[588.308s][info][gc,marking     ] GC(1430) Concurrent Rebuild Remembered Sets and Scrub Regions
[588.533s][info][gc,start       ] GC(1432) Pause Young (Normal) (G1 Evacuation Pause)
[588.533s][info][gc,task        ] GC(1432) Using 2 workers of 2 for evacuation
[588.629s][info][gc,phases      ] GC(1432)   Pre Evacuate Collection Set: 0.51ms
[588.629s][info][gc,phases      ] GC(1432)   Merge Heap Roots: 0.74ms
[588.629s][info][gc,phases      ] GC(1432)   Evacuate Collection Set: 94.59ms
[588.629s][info][gc,phases      ] GC(1432)   Post Evacuate Collection Set: 0.59ms
[588.629s][info][gc,phases      ] GC(1432)   Other: 0.10ms
[588.629s][info][gc,heap        ] GC(1432) Eden regions: 237->0(326)
[588.629s][info][gc,heap        ] GC(1432) Survivor regions: 43->18(35)
[588.629s][info][gc,heap        ] GC(1432) Old regions: 447->491
[588.629s][info][gc,heap        ] GC(1432) Humongous regions: 9->9
[588.629s][info][gc,metaspace   ] GC(1432) Metaspace: 19095K(19328K)->19095K(19328K) NonClass: 16429K(16576K)->16429K(16576K) Class: 2666K(2752K)->2666K(2752K)
[588.629s][info][gc             ] GC(1432) Pause Young (Normal) (G1 Evacuation Pause) 735M->516M(978M) 96.796ms
[588.629s][info][gc,cpu         ] GC(1432) User=0.19s Sys=0.00s Real=0.09s
[588.743s][info][gc,marking     ] GC(1430) Concurrent Rebuild Remembered Sets and Scrub Regions 434.236ms
[588.743s][info][gc,start       ] GC(1430) Pause Cleanup
[588.743s][info][gc             ] GC(1430) Pause Cleanup 553M->553M(978M) 0.088ms
[588.743s][info][gc,cpu         ] GC(1430) User=0.00s Sys=0.00s Real=0.00s
[588.744s][info][gc,marking     ] GC(1430) Concurrent Clear Claimed Marks
[588.744s][info][gc,marking     ] GC(1430) Concurrent Clear Claimed Marks 0.035ms
[588.744s][info][gc,marking     ] GC(1430) Concurrent Cleanup for Next Mark
[588.750s][info][gc,marking     ] GC(1430) Concurrent Cleanup for Next Mark 6.228ms
[588.750s][info][gc             ] GC(1430) Concurrent Mark Cycle 1427.628ms
[589.178s][info][gc,start       ] GC(1433) Pause Young (Prepare Mixed) (G1 Evacuation Pause)
[589.178s][info][gc,task        ] GC(1433) Using 2 workers of 2 for evacuation
[589.209s][info][gc,phases      ] GC(1433)   Pre Evacuate Collection Set: 0.51ms
[589.209s][info][gc,phases      ] GC(1433)   Merge Heap Roots: 0.36ms
[589.209s][info][gc,phases      ] GC(1433)   Evacuate Collection Set: 29.51ms
[589.209s][info][gc,phases      ] GC(1433)   Post Evacuate Collection Set: 0.60ms
[589.209s][info][gc,phases      ] GC(1433)   Other: 0.12ms
[589.209s][info][gc,heap        ] GC(1433) Eden regions: 326->0(349)
[589.209s][info][gc,heap        ] GC(1433) Survivor regions: 18->18(43)
[589.209s][info][gc,heap        ] GC(1433) Old regions: 491->491
[589.209s][info][gc,heap        ] GC(1433) Humongous regions: 9->9
[589.209s][info][gc,metaspace   ] GC(1433) Metaspace: 19095K(19328K)->19095K(19328K) NonClass: 16429K(16576K)->16429K(16576K) Class: 2666K(2752K)->2666K(2752K)
[589.209s][info][gc             ] GC(1433) Pause Young (Prepare Mixed) (G1 Evacuation Pause) 842M->516M(978M) 31.338ms
[589.209s][info][gc,cpu         ] GC(1433) User=0.06s Sys=0.00s Real=0.03s
[589.716s][info][gc,start       ] GC(1434) Pause Young (Mixed) (G1 Evacuation Pause)
[589.717s][info][gc,task        ] GC(1434) Using 2 workers of 2 for evacuation
[589.748s][info][gc,phases      ] GC(1434)   Pre Evacuate Collection Set: 0.31ms
[589.748s][info][gc,phases      ] GC(1434)   Merge Heap Roots: 0.31ms
[589.748s][info][gc,phases      ] GC(1434)   Evacuate Collection Set: 30.24ms
[589.748s][info][gc,phases      ] GC(1434)   Post Evacuate Collection Set: 0.65ms
[589.748s][info][gc,phases      ] GC(1434)   Other: 0.08ms
[589.748s][info][gc,heap        ] GC(1434) Eden regions: 349->0(391)
[589.748s][info][gc,heap        ] GC(1434) Survivor regions: 18->18(46)
[589.748s][info][gc,heap        ] GC(1434) Old regions: 491->470
[589.748s][info][gc,heap        ] GC(1434) Humongous regions: 9->9
[589.748s][info][gc,metaspace   ] GC(1434) Metaspace: 19095K(19328K)->19095K(19328K) NonClass: 16429K(16576K)->16429K(16576K) Class: 2666K(2752K)->2666K(2752K)
[589.748s][info][gc             ] GC(1434) Pause Young (Mixed) (G1 Evacuation Pause) 865M->496M(978M) 31.812ms
[589.748s][info][gc,cpu         ] GC(1434) User=0.07s Sys=0.00s Real=0.03s
[590.263s][info][gc,start       ] GC(1435) Pause Young (Concurrent Start) (G1 Evacuation Pause)
[590.263s][info][gc,task        ] GC(1435) Using 2 workers of 2 for evacuation
[590.324s][info][gc,phases      ] GC(1435)   Pre Evacuate Collection Set: 0.30ms
[590.324s][info][gc,phases      ] GC(1435)   Merge Heap Roots: 0.36ms
[590.324s][info][gc,phases      ] GC(1435)   Evacuate Collection Set: 59.79ms
[590.324s][info][gc,phases      ] GC(1435)   Post Evacuate Collection Set: 0.68ms
[590.324s][info][gc,phases      ] GC(1435)   Other: 0.13ms
[590.324s][info][gc,heap        ] GC(1435) Eden regions: 391->0(371)
[590.324s][info][gc,heap        ] GC(1435) Survivor regions: 18->39(52)
[590.324s][info][gc,heap        ] GC(1435) Old regions: 470->470
[590.324s][info][gc,heap        ] GC(1435) Humongous regions: 9->9
[590.324s][info][gc,metaspace   ] GC(1435) Metaspace: 19095K(19328K)->19095K(19328K) NonClass: 16429K(16576K)->16429K(16576K) Class: 2666K(2752K)->2666K(2752K)
[590.324s][info][gc             ] GC(1435) Pause Young (Concurrent Start) (G1 Evacuation Pause) 887M->517M(978M) 61.477ms
[590.324s][info][gc             ] GC(1436) Concurrent Mark Cycle
[590.324s][info][gc,marking     ] GC(1436) Concurrent Scan Root Regions
[590.324s][info][gc,cpu         ] GC(1435) User=0.12s Sys=0.00s Real=0.06s
[590.426s][info][gc,marking     ] GC(1436) Concurrent Scan Root Regions 101.721ms
[590.426s][info][gc,marking     ] GC(1436) Concurrent Mark
[590.426s][info][gc,marking     ] GC(1436) Concurrent Mark From Roots
[590.426s][info][gc,task        ] GC(1436) Using 1 workers of 1 for marking
[590.986s][info][gc,start       ] GC(1437) Pause Young (Normal) (G1 Evacuation Pause)
[590.986s][info][gc,task        ] GC(1437) Using 2 workers of 2 for evacuation
[591.059s][info][gc,phases      ] GC(1437)   Pre Evacuate Collection Set: 0.52ms
[591.059s][info][gc,phases      ] GC(1437)   Merge Heap Roots: 0.38ms
[591.059s][info][gc,phases      ] GC(1437)   Evacuate Collection Set: 71.04ms
[591.059s][info][gc,phases      ] GC(1437)   Post Evacuate Collection Set: 0.59ms
[591.059s][info][gc,phases      ] GC(1437)   Other: 0.08ms
[591.059s][info][gc,heap        ] GC(1437) Eden regions: 371->0(352)
[591.059s][info][gc,heap        ] GC(1437) Survivor regions: 39->40(52)
[591.059s][info][gc,heap        ] GC(1437) Old regions: 470->487
[591.059s][info][gc,heap        ] GC(1437) Humongous regions: 9->9
[591.059s][info][gc,metaspace   ] GC(1437) Metaspace: 19095K(19328K)->19095K(19328K) NonClass: 16429K(16576K)->16429K(16576K) Class: 2666K(2752K)->2666K(2752K)
[591.059s][info][gc             ] GC(1437) Pause Young (Normal) (G1 Evacuation Pause) 888M->535M(978M) 72.852ms
[591.059s][info][gc,cpu         ] GC(1437) User=0.15s Sys=0.00s Real=0.07s
[591.587s][info][gc,marking     ] GC(1436) Concurrent Mark From Roots 1160.862ms
[591.587s][info][gc,marking     ] GC(1436) Concurrent Preclean
[591.587s][info][gc,marking     ] GC(1436) Concurrent Preclean 0.031ms
[591.587s][info][gc,start       ] GC(1436) Pause Remark
[591.595s][info][gc             ] GC(1436) Pause Remark 874M->872M(978M) 7.826ms
[591.595s][info][gc,cpu         ] GC(1436) User=0.02s Sys=0.00s Real=0.01s
[591.597s][info][gc,marking     ] GC(1436) Concurrent Mark 1170.907ms
[591.597s][info][gc,marking     ] GC(1436) Concurrent Rebuild Remembered Sets and Scrub Regions
[591.629s][info][gc,start       ] GC(1438) Pause Young (Normal) (G1 Evacuation Pause)
[591.629s][info][gc,task        ] GC(1438) Using 2 workers of 2 for evacuation
[591.719s][info][gc,phases      ] GC(1438)   Pre Evacuate Collection Set: 0.27ms
[591.719s][info][gc,phases      ] GC(1438)   Merge Heap Roots: 0.33ms
[591.719s][info][gc,phases      ] GC(1438)   Evacuate Collection Set: 88.80ms
[591.719s][info][gc,phases      ] GC(1438)   Post Evacuate Collection Set: 0.58ms
[591.719s][info][gc,phases      ] GC(1438)   Other: 0.07ms
[591.719s][info][gc,heap        ] GC(1438) Eden regions: 352->0(301)
[591.719s][info][gc,heap        ] GC(1438) Survivor regions: 40->49(49)
[591.719s][info][gc,heap        ] GC(1438) Old regions: 487->522
[591.719s][info][gc,heap        ] GC(1438) Humongous regions: 7->7
[591.719s][info][gc,metaspace   ] GC(1438) Metaspace: 19095K(19328K)->19095K(19328K) NonClass: 16429K(16576K)->16429K(16576K) Class: 2666K(2752K)->2666K(2752K)
[591.719s][info][gc             ] GC(1438) Pause Young (Normal) (G1 Evacuation Pause) 885M->577M(978M) 90.224ms
[591.719s][info][gc,cpu         ] GC(1438) User=0.18s Sys=0.00s Real=0.09s
[592.062s][info][gc,marking     ] GC(1436) Concurrent Rebuild Remembered Sets and Scrub Regions 465.309ms
[592.062s][info][gc,start       ] GC(1436) Pause Cleanup
[592.063s][info][gc             ] GC(1436) Pause Cleanup 764M->764M(978M) 0.098ms
[592.063s][info][gc,cpu         ] GC(1436) User=0.00s Sys=0.00s Real=0.00s
[592.063s][info][gc,marking     ] GC(1436) Concurrent Clear Claimed Marks
[592.063s][info][gc,marking     ] GC(1436) Concurrent Clear Claimed Marks 0.029ms
[592.063s][info][gc,marking     ] GC(1436) Concurrent Cleanup for Next Mark
[592.065s][info][gc,marking     ] GC(1436) Concurrent Cleanup for Next Mark 2.861ms
[592.066s][info][gc             ] GC(1436) Concurrent Mark Cycle 1741.274ms
[592.201s][info][gc,start       ] GC(1439) Pause Young (Prepare Mixed) (G1 Evacuation Pause)
[592.201s][info][gc,task        ] GC(1439) Using 2 workers of 2 for evacuation
[592.269s][info][gc,phases      ] GC(1439)   Pre Evacuate Collection Set: 0.54ms
[592.269s][info][gc,phases      ] GC(1439)   Merge Heap Roots: 0.36ms
[592.269s][info][gc,phases      ] GC(1439)   Evacuate Collection Set: 66.28ms
[592.269s][info][gc,phases      ] GC(1439)   Post Evacuate Collection Set: 0.54ms
[592.269s][info][gc,phases      ] GC(1439)   Other: 0.08ms
[592.269s][info][gc,heap        ] GC(1439) Eden regions: 301->0(294)
[592.269s][info][gc,heap        ] GC(1439) Survivor regions: 49->18(44)
[592.269s][info][gc,heap        ] GC(1439) Old regions: 522->572
[592.269s][info][gc,heap        ] GC(1439) Humongous regions: 7->7
[592.269s][info][gc,metaspace   ] GC(1439) Metaspace: 19095K(19328K)->19095K(19328K) NonClass: 16429K(16576K)->16429K(16576K) Class: 2666K(2752K)->2666K(2752K)
[592.269s][info][gc             ] GC(1439) Pause Young (Prepare Mixed) (G1 Evacuation Pause) 878M->596M(978M) 68.040ms
[592.269s][info][gc,cpu         ] GC(1439) User=0.13s Sys=0.00s Real=0.07s
[592.610s][info][gc,start       ] GC(1440) Pause Young (Mixed) (G1 Evacuation Pause)
[592.610s][info][gc,task        ] GC(1440) Using 2 workers of 2 for evacuation
[592.655s][info][gc,phases      ] GC(1440)   Pre Evacuate Collection Set: 0.50ms
[592.655s][info][gc,phases      ] GC(1440)   Merge Heap Roots: 0.24ms
[592.655s][info][gc,phases      ] GC(1440)   Evacuate Collection Set: 43.61ms
[592.655s][info][gc,phases      ] GC(1440)   Post Evacuate Collection Set: 0.54ms
[592.655s][info][gc,phases      ] GC(1440)   Other: 0.11ms
[592.655s][info][gc,heap        ] GC(1440) Eden regions: 294->0(279)
[592.655s][info][gc,heap        ] GC(1440) Survivor regions: 18->39(39)
[592.655s][info][gc,heap        ] GC(1440) Old regions: 572->564
[592.655s][info][gc,heap        ] GC(1440) Humongous regions: 7->7
[592.655s][info][gc,metaspace   ] GC(1440) Metaspace: 19095K(19328K)->19095K(19328K) NonClass: 16429K(16576K)->16429K(16576K) Class: 2666K(2752K)->2666K(2752K)
[592.656s][info][gc             ] GC(1440) Pause Young (Mixed) (G1 Evacuation Pause) 890M->609M(978M) 45.234ms
[592.656s][info][gc,cpu         ] GC(1440) User=0.09s Sys=0.00s Real=0.05s
[593.327s][info][gc,start       ] GC(1441) Pause Young (Concurrent Start) (G1 Evacuation Pause)
[593.327s][info][gc,task        ] GC(1441) Using 2 workers of 2 for evacuation
[593.368s][info][gc,phases      ] GC(1441)   Pre Evacuate Collection Set: 0.32ms
[593.368s][info][gc,phases      ] GC(1441)   Merge Heap Roots: 0.23ms
[593.368s][info][gc,phases      ] GC(1441)   Evacuate Collection Set: 40.11ms
[593.368s][info][gc,phases      ] GC(1441)   Post Evacuate Collection Set: 0.51ms
[593.368s][info][gc,phases      ] GC(1441)   Other: 0.09ms
[593.369s][info][gc,heap        ] GC(1441) Eden regions: 279->0(299)
[593.369s][info][gc,heap        ] GC(1441) Survivor regions: 39->1(40)
[593.369s][info][gc,heap        ] GC(1441) Old regions: 564->603
[593.369s][info][gc,heap        ] GC(1441) Humongous regions: 7->7
[593.369s][info][gc,metaspace   ] GC(1441) Metaspace: 19095K(19328K)->19095K(19328K) NonClass: 16429K(16576K)->16429K(16576K) Class: 2666K(2752K)->2666K(2752K)
[593.369s][info][gc             ] GC(1441) Pause Young (Concurrent Start) (G1 Evacuation Pause) 888M->610M(978M) 41.497ms
[593.369s][info][gc,cpu         ] GC(1441) User=0.08s Sys=0.00s Real=0.04s
[593.369s][info][gc             ] GC(1442) Concurrent Mark Cycle
[593.369s][info][gc,marking     ] GC(1442) Concurrent Scan Root Regions
[593.439s][info][gc,marking     ] GC(1442) Concurrent Scan Root Regions 70.329ms
[593.439s][info][gc,marking     ] GC(1442) Concurrent Mark
[593.439s][info][gc,marking     ] GC(1442) Concurrent Mark From Roots
[593.439s][info][gc,task        ] GC(1442) Using 1 workers of 1 for marking
[594.346s][info][gc,start       ] GC(1443) Pause Young (Normal) (G1 Evacuation Pause)
[594.346s][info][gc,task        ] GC(1443) Using 2 workers of 2 for evacuation
[594.349s][info][gc,phases      ] GC(1443)   Pre Evacuate Collection Set: 0.54ms
[594.349s][info][gc,phases      ] GC(1443)   Merge Heap Roots: 0.14ms
[594.349s][info][gc,phases      ] GC(1443)   Evacuate Collection Set: 1.37ms
[594.349s][info][gc,phases      ] GC(1443)   Post Evacuate Collection Set: 0.58ms
[594.349s][info][gc,phases      ] GC(1443)   Other: 0.12ms
[594.349s][info][gc,heap        ] GC(1443) Eden regions: 299->0(312)
[594.349s][info][gc,heap        ] GC(1443) Survivor regions: 1->1(38)
[594.349s][info][gc,heap        ] GC(1443) Old regions: 603->603
[594.349s][info][gc,heap        ] GC(1443) Humongous regions: 7->7
[594.349s][info][gc,metaspace   ] GC(1443) Metaspace: 19095K(19328K)->19095K(19328K) NonClass: 16429K(16576K)->16429K(16576K) Class: 2666K(2752K)->2666K(2752K)
[594.349s][info][gc             ] GC(1443) Pause Young (Normal) (G1 Evacuation Pause) 909M->610M(978M) 2.970ms
[594.349s][info][gc,cpu         ] GC(1443) User=0.01s Sys=0.00s Real=0.00s
[595.059s][info][gc,marking     ] GC(1442) Concurrent Mark From Roots 1619.620ms
[595.059s][info][gc,marking     ] GC(1442) Concurrent Preclean
[595.059s][info][gc,marking     ] GC(1442) Concurrent Preclean 0.031ms
[595.059s][info][gc,start       ] GC(1442) Pause Remark
[595.067s][info][gc             ] GC(1442) Pause Remark 816M->816M(978M) 7.798ms
[595.067s][info][gc,cpu         ] GC(1442) User=0.01s Sys=0.00s Real=0.01s
[595.067s][info][gc,marking     ] GC(1442) Concurrent Mark 1627.741ms
[595.067s][info][gc,marking     ] GC(1442) Concurrent Rebuild Remembered Sets and Scrub Regions
[595.268s][info][gc,start       ] GC(1444) Pause Young (Normal) (G1 Evacuation Pause)
[595.268s][info][gc,task        ] GC(1444) Using 2 workers of 2 for evacuation
[595.294s][info][gc,phases      ] GC(1444)   Pre Evacuate Collection Set: 0.28ms
[595.294s][info][gc,phases      ] GC(1444)   Merge Heap Roots: 0.13ms
[595.294s][info][gc,phases      ] GC(1444)   Evacuate Collection Set: 24.28ms
[595.294s][info][gc,phases      ] GC(1444)   Post Evacuate Collection Set: 0.50ms
[595.294s][info][gc,phases      ] GC(1444)   Other: 0.08ms
[595.294s][info][gc,heap        ] GC(1444) Eden regions: 312->0(262)
[595.294s][info][gc,heap        ] GC(1444) Survivor regions: 1->28(40)
[595.294s][info][gc,heap        ] GC(1444) Old regions: 603->603
[595.294s][info][gc,heap        ] GC(1444) Humongous regions: 7->7
[595.294s][info][gc,metaspace   ] GC(1444) Metaspace: 19095K(19328K)->19095K(19328K) NonClass: 16429K(16576K)->16429K(16576K) Class: 2666K(2752K)->2666K(2752K)
[595.294s][info][gc             ] GC(1444) Pause Young (Normal) (G1 Evacuation Pause) 922M->636M(978M) 25.475ms
[595.294s][info][gc,cpu         ] GC(1444) User=0.05s Sys=0.00s Real=0.03s
[595.631s][info][gc,marking     ] GC(1442) Concurrent Rebuild Remembered Sets and Scrub Regions 564.457ms
[595.631s][info][gc,start       ] GC(1442) Pause Cleanup
[595.632s][info][gc             ] GC(1442) Pause Cleanup 869M->869M(978M) 0.141ms
[595.632s][info][gc,cpu         ] GC(1442) User=0.00s Sys=0.00s Real=0.00s
[595.633s][info][gc,marking     ] GC(1442) Concurrent Clear Claimed Marks
[595.633s][info][gc,marking     ] GC(1442) Concurrent Clear Claimed Marks 0.037ms
[595.633s][info][gc,marking     ] GC(1442) Concurrent Cleanup for Next Mark
[595.636s][info][gc,marking     ] GC(1442) Concurrent Cleanup for Next Mark 2.895ms
[595.636s][info][gc             ] GC(1442) Concurrent Mark Cycle 2267.434ms
[595.670s][info][gc,start       ] GC(1445) Pause Young (Prepare Mixed) (G1 Evacuation Pause)
[595.670s][info][gc,task        ] GC(1445) Using 2 workers of 2 for evacuation
[595.733s][info][gc,phases      ] GC(1445)   Pre Evacuate Collection Set: 0.48ms
[595.733s][info][gc,phases      ] GC(1445)   Merge Heap Roots: 0.13ms
[595.733s][info][gc,phases      ] GC(1445)   Evacuate Collection Set: 62.37ms
[595.733s][info][gc,phases      ] GC(1445)   Post Evacuate Collection Set: 0.58ms
[595.733s][info][gc,phases      ] GC(1445)   Other: 0.08ms
[595.733s][info][gc,heap        ] GC(1445) Eden regions: 262->0(208)
[595.733s][info][gc,heap        ] GC(1445) Survivor regions: 28->37(37)
[595.733s][info][gc,heap        ] GC(1445) Old regions: 603->639
[595.733s][info][gc,heap        ] GC(1445) Humongous regions: 7->7
[595.733s][info][gc,metaspace   ] GC(1445) Metaspace: 19095K(19328K)->19095K(19328K) NonClass: 16429K(16576K)->16429K(16576K) Class: 2666K(2752K)->2666K(2752K)
[595.733s][info][gc             ] GC(1445) Pause Young (Prepare Mixed) (G1 Evacuation Pause) 898M->682M(978M) 63.840ms
[595.733s][info][gc,cpu         ] GC(1445) User=0.12s Sys=0.00s Real=0.07s
[596.099s][info][gc,start       ] GC(1446) Pause Young (Mixed) (G1 Evacuation Pause)
[596.099s][info][gc,task        ] GC(1446) Using 2 workers of 2 for evacuation
[596.164s][info][gc,phases      ] GC(1446)   Pre Evacuate Collection Set: 0.33ms
[596.164s][info][gc,phases      ] GC(1446)   Merge Heap Roots: 0.30ms
[596.164s][info][gc,phases      ] GC(1446)   Evacuate Collection Set: 63.53ms
[596.164s][info][gc,phases      ] GC(1446)   Post Evacuate Collection Set: 0.50ms
[596.164s][info][gc,phases      ] GC(1446)   Other: 0.08ms
[596.164s][info][gc,heap        ] GC(1446) Eden regions: 208->0(215)
[596.164s][info][gc,heap        ] GC(1446) Survivor regions: 37->16(31)
[596.164s][info][gc,heap        ] GC(1446) Old regions: 639->667
[596.164s][info][gc,heap        ] GC(1446) Humongous regions: 10->10
[596.164s][info][gc,metaspace   ] GC(1446) Metaspace: 19095K(19328K)->19095K(19328K) NonClass: 16429K(16576K)->16429K(16576K) Class: 2666K(2752K)->2666K(2752K)
[596.164s][info][gc             ] GC(1446) Pause Young (Mixed) (G1 Evacuation Pause) 893M->692M(978M) 65.049ms
[596.164s][info][gc,cpu         ] GC(1446) User=0.12s Sys=0.00s Real=0.07s
[596.381s][info][gc,start       ] GC(1447) Pause Young (Concurrent Start) (G1 Evacuation Pause)
[596.381s][info][gc,task        ] GC(1447) Using 2 workers of 2 for evacuation
[596.446s][info][gc,phases      ] GC(1447)   Pre Evacuate Collection Set: 0.37ms
[596.446s][info][gc,phases      ] GC(1447)   Merge Heap Roots: 0.21ms
[596.446s][info][gc,phases      ] GC(1447)   Evacuate Collection Set: 63.73ms
[596.446s][info][gc,phases      ] GC(1447)   Post Evacuate Collection Set: 0.59ms
[596.446s][info][gc,phases      ] GC(1447)   Other: 0.12ms
[596.446s][info][gc,heap        ] GC(1447) Eden regions: 215->0(160)
[596.446s][info][gc,heap        ] GC(1447) Survivor regions: 16->29(29)
[596.446s][info][gc,heap        ] GC(1447) Old regions: 667->700
[596.446s][info][gc,heap        ] GC(1447) Humongous regions: 10->10
[596.446s][info][gc,metaspace   ] GC(1447) Metaspace: 19095K(19328K)->19095K(19328K) NonClass: 16429K(16576K)->16429K(16576K) Class: 2666K(2752K)->2666K(2752K)
[596.446s][info][gc             ] GC(1447) Pause Young (Concurrent Start) (G1 Evacuation Pause) 907M->738M(978M) 65.227ms
[596.446s][info][gc,cpu         ] GC(1447) User=0.12s Sys=0.00s Real=0.06s
[596.446s][info][gc             ] GC(1448) Concurrent Mark Cycle
[596.446s][info][gc,marking     ] GC(1448) Concurrent Scan Root Regions
[596.541s][info][gc,marking     ] GC(1448) Concurrent Scan Root Regions 94.582ms
[596.541s][info][gc,marking     ] GC(1448) Concurrent Mark
[596.541s][info][gc,marking     ] GC(1448) Concurrent Mark From Roots
[596.541s][info][gc,task        ] GC(1448) Using 1 workers of 1 for marking
[596.757s][info][gc,start       ] GC(1449) Pause Young (Normal) (G1 Evacuation Pause)
[596.757s][info][gc,task        ] GC(1449) Using 2 workers of 2 for evacuation
[596.812s][info][gc,phases      ] GC(1449)   Pre Evacuate Collection Set: 0.30ms
[596.812s][info][gc,phases      ] GC(1449)   Merge Heap Roots: 0.26ms
[596.812s][info][gc,phases      ] GC(1449)   Evacuate Collection Set: 53.64ms
[596.812s][info][gc,phases      ] GC(1449)   Post Evacuate Collection Set: 0.44ms
[596.812s][info][gc,phases      ] GC(1449)   Other: 0.09ms
[596.812s][info][gc,heap        ] GC(1449) Eden regions: 160->0(133)
[596.812s][info][gc,heap        ] GC(1449) Survivor regions: 29->24(24)
[596.812s][info][gc,heap        ] GC(1449) Old regions: 700->737
[596.812s][info][gc,heap        ] GC(1449) Humongous regions: 10->10
[596.812s][info][gc,metaspace   ] GC(1449) Metaspace: 19095K(19328K)->19095K(19328K) NonClass: 16429K(16576K)->16429K(16576K) Class: 2666K(2752K)->2666K(2752K)
[596.812s][info][gc             ] GC(1449) Pause Young (Normal) (G1 Evacuation Pause) 898M->770M(978M) 54.967ms
[596.812s][info][gc,cpu         ] GC(1449) User=0.11s Sys=0.00s Real=0.06s
[597.046s][info][gc,start       ] GC(1450) Pause Young (Normal) (G1 Evacuation Pause)
[597.046s][info][gc,task        ] GC(1450) Using 2 workers of 2 for evacuation
[597.069s][info][gc,phases      ] GC(1450)   Pre Evacuate Collection Set: 0.51ms
[597.069s][info][gc,phases      ] GC(1450)   Merge Heap Roots: 0.17ms
[597.069s][info][gc,phases      ] GC(1450)   Evacuate Collection Set: 21.52ms
[597.069s][info][gc,phases      ] GC(1450)   Post Evacuate Collection Set: 0.35ms
[597.069s][info][gc,phases      ] GC(1450)   Other: 0.07ms
[597.069s][info][gc,heap        ] GC(1450) Eden regions: 133->0(146)
[597.069s][info][gc,heap        ] GC(1450) Survivor regions: 24->1(20)
[597.069s][info][gc,heap        ] GC(1450) Old regions: 737->762
[597.069s][info][gc,heap        ] GC(1450) Humongous regions: 10->10
[597.069s][info][gc,metaspace   ] GC(1450) Metaspace: 19095K(19328K)->19095K(19328K) NonClass: 16429K(16576K)->16429K(16576K) Class: 2666K(2752K)->2666K(2752K)
[597.069s][info][gc             ] GC(1450) Pause Young (Normal) (G1 Evacuation Pause) 903M->772M(978M) 22.853ms
[597.069s][info][gc,cpu         ] GC(1450) User=0.04s Sys=0.00s Real=0.02s
[597.253s][info][gc,marking     ] GC(1448) Concurrent Mark From Roots 712.331ms
[597.253s][info][gc,marking     ] GC(1448) Concurrent Preclean
[597.253s][info][gc,marking     ] GC(1448) Concurrent Preclean 0.031ms
[597.253s][info][gc,start       ] GC(1448) Pause Remark
[597.262s][info][gc             ] GC(1448) Pause Remark 868M->553M(978M) 8.110ms
[597.262s][info][gc,cpu         ] GC(1448) User=0.02s Sys=0.00s Real=0.01s
[597.262s][info][gc,marking     ] GC(1448) Concurrent Mark 721.120ms
[597.262s][info][gc,marking     ] GC(1448) Concurrent Rebuild Remembered Sets and Scrub Regions
[597.330s][info][gc,start       ] GC(1451) Pause Young (Normal) (G1 Evacuation Pause)
[597.330s][info][gc,task        ] GC(1451) Using 2 workers of 2 for evacuation
[597.332s][info][gc,phases      ] GC(1451)   Pre Evacuate Collection Set: 0.45ms
[597.332s][info][gc,phases      ] GC(1451)   Merge Heap Roots: 0.08ms
[597.332s][info][gc,phases      ] GC(1451)   Evacuate Collection Set: 1.13ms
[597.332s][info][gc,phases      ] GC(1451)   Post Evacuate Collection Set: 0.30ms
[597.332s][info][gc,phases      ] GC(1451)   Other: 0.10ms
[597.332s][info][gc,heap        ] GC(1451) Eden regions: 146->0(393)
[597.332s][info][gc,heap        ] GC(1451) Survivor regions: 1->1(19)
[597.332s][info][gc,heap        ] GC(1451) Old regions: 453->453
[597.332s][info][gc,heap        ] GC(1451) Humongous regions: 4->4
[597.332s][info][gc,metaspace   ] GC(1451) Metaspace: 19095K(19328K)->19095K(19328K) NonClass: 16429K(16576K)->16429K(16576K) Class: 2666K(2752K)->2666K(2752K)
[597.332s][info][gc             ] GC(1451) Pause Young (Normal) (G1 Evacuation Pause) 603M->457M(978M) 2.243ms
[597.332s][info][gc,cpu         ] GC(1451) User=0.01s Sys=0.00s Real=0.01s
[597.665s][info][gc,marking     ] GC(1448) Concurrent Rebuild Remembered Sets and Scrub Regions 402.999ms
[597.665s][info][gc,start       ] GC(1448) Pause Cleanup
[597.665s][info][gc             ] GC(1448) Pause Cleanup 685M->685M(978M) 0.125ms
[597.665s][info][gc,cpu         ] GC(1448) User=0.00s Sys=0.00s Real=0.00s
[597.666s][info][gc,marking     ] GC(1448) Concurrent Clear Claimed Marks
[597.666s][info][gc,marking     ] GC(1448) Concurrent Clear Claimed Marks 0.029ms
[597.666s][info][gc,marking     ] GC(1448) Concurrent Cleanup for Next Mark
[597.671s][info][gc,marking     ] GC(1448) Concurrent Cleanup for Next Mark 4.855ms
[597.671s][info][gc             ] GC(1448) Concurrent Mark Cycle 1224.351ms
[597.840s][info][gc,start       ] GC(1452) Pause Young (Prepare Mixed) (G1 Evacuation Pause)
[597.840s][info][gc,task        ] GC(1452) Using 2 workers of 2 for evacuation
[597.843s][info][gc,phases      ] GC(1452)   Pre Evacuate Collection Set: 0.49ms
[597.843s][info][gc,phases      ] GC(1452)   Merge Heap Roots: 0.14ms
[597.843s][info][gc,phases      ] GC(1452)   Evacuate Collection Set: 2.00ms
[597.843s][info][gc,phases      ] GC(1452)   Post Evacuate Collection Set: 0.51ms
[597.843s][info][gc,phases      ] GC(1452)   Other: 0.09ms
[597.843s][info][gc,heap        ] GC(1452) Eden regions: 393->0(416)
[597.843s][info][gc,heap        ] GC(1452) Survivor regions: 1->1(50)
[597.843s][info][gc,heap        ] GC(1452) Old regions: 453->453
[597.843s][info][gc,heap        ] GC(1452) Humongous regions: 4->4
[597.843s][info][gc,metaspace   ] GC(1452) Metaspace: 19095K(19328K)->19095K(19328K) NonClass: 16429K(16576K)->16429K(16576K) Class: 2666K(2752K)->2666K(2752K)
[597.843s][info][gc             ] GC(1452) Pause Young (Prepare Mixed) (G1 Evacuation Pause) 850M->457M(978M) 3.466ms
[597.843s][info][gc,cpu         ] GC(1452) User=0.01s Sys=0.00s Real=0.01s
[598.329s][info][gc,start       ] GC(1453) Pause Young (Mixed) (G1 Evacuation Pause)
[598.329s][info][gc,task        ] GC(1453) Using 2 workers of 2 for evacuation
[598.369s][info][gc,phases      ] GC(1453)   Pre Evacuate Collection Set: 0.53ms
[598.369s][info][gc,phases      ] GC(1453)   Merge Heap Roots: 0.45ms
[598.369s][info][gc,phases      ] GC(1453)   Evacuate Collection Set: 38.42ms
[598.369s][info][gc,phases      ] GC(1453)   Post Evacuate Collection Set: 0.74ms
[598.369s][info][gc,phases      ] GC(1453)   Other: 0.11ms
[598.369s][info][gc,heap        ] GC(1453) Eden regions: 416->0(465)
[598.369s][info][gc,heap        ] GC(1453) Survivor regions: 1->19(53)
[598.369s][info][gc,heap        ] GC(1453) Old regions: 453->383
[598.369s][info][gc,heap        ] GC(1453) Humongous regions: 7->7
[598.369s][info][gc,metaspace   ] GC(1453) Metaspace: 19095K(19328K)->19095K(19328K) NonClass: 16429K(16576K)->16429K(16576K) Class: 2666K(2752K)->2666K(2752K)
[598.369s][info][gc             ] GC(1453) Pause Young (Mixed) (G1 Evacuation Pause) 876M->408M(978M) 40.488ms
[598.369s][info][gc,cpu         ] GC(1453) User=0.08s Sys=0.00s Real=0.04s
[598.906s][info][gc,start       ] GC(1454) Pause Young (Concurrent Start) (G1 Evacuation Pause)
[598.906s][info][gc,task        ] GC(1454) Using 2 workers of 2 for evacuation
[598.981s][info][gc,phases      ] GC(1454)   Pre Evacuate Collection Set: 0.29ms
[598.981s][info][gc,phases      ] GC(1454)   Merge Heap Roots: 0.43ms
[598.981s][info][gc,phases      ] GC(1454)   Evacuate Collection Set: 73.07ms
[598.981s][info][gc,phases      ] GC(1454)   Post Evacuate Collection Set: 0.80ms
[598.981s][info][gc,phases      ] GC(1454)   Other: 0.10ms
[598.981s][info][gc,heap        ] GC(1454) Eden regions: 465->0(428)
[598.981s][info][gc,heap        ] GC(1454) Survivor regions: 19->53(61)
[598.981s][info][gc,heap        ] GC(1454) Old regions: 383->383
[598.981s][info][gc,heap        ] GC(1454) Humongous regions: 7->7
[598.981s][info][gc,metaspace   ] GC(1454) Metaspace: 19095K(19328K)->19095K(19328K) NonClass: 16429K(16576K)->16429K(16576K) Class: 2666K(2752K)->2666K(2752K)
[598.981s][info][gc             ] GC(1454) Pause Young (Concurrent Start) (G1 Evacuation Pause) 873M->442M(978M) 74.925ms
[598.981s][info][gc,cpu         ] GC(1454) User=0.15s Sys=0.00s Real=0.07s
[598.981s][info][gc             ] GC(1455) Concurrent Mark Cycle
[598.983s][info][gc,marking     ] GC(1455) Concurrent Scan Root Regions
[599.117s][info][gc,marking     ] GC(1455) Concurrent Scan Root Regions 134.149ms
[599.117s][info][gc,marking     ] GC(1455) Concurrent Mark
[599.117s][info][gc,marking     ] GC(1455) Concurrent Mark From Roots
[599.117s][info][gc,task        ] GC(1455) Using 1 workers of 1 for marking
[599.609s][info][gc,marking     ] GC(1455) Concurrent Mark From Roots 492.092ms
[599.609s][info][gc,marking     ] GC(1455) Concurrent Preclean
[599.609s][info][gc,marking     ] GC(1455) Concurrent Preclean 0.031ms
[599.610s][info][gc,start       ] GC(1455) Pause Remark
[599.618s][info][gc             ] GC(1455) Pause Remark 856M->750M(978M) 7.840ms
[599.618s][info][gc,cpu         ] GC(1455) User=0.02s Sys=0.00s Real=0.01s
[599.618s][info][gc,marking     ] GC(1455) Concurrent Mark 500.587ms
[599.618s][info][gc,marking     ] GC(1455) Concurrent Rebuild Remembered Sets and Scrub Regions
[599.633s][info][gc,start       ] GC(1456) Pause Young (Normal) (G1 Evacuation Pause)
[599.633s][info][gc,task        ] GC(1456) Using 2 workers of 2 for evacuation
[599.717s][info][gc,phases      ] GC(1456)   Pre Evacuate Collection Set: 0.42ms
[599.717s][info][gc,phases      ] GC(1456)   Merge Heap Roots: 0.43ms
[599.717s][info][gc,phases      ] GC(1456)   Evacuate Collection Set: 82.92ms
[599.717s][info][gc,phases      ] GC(1456)   Post Evacuate Collection Set: 0.64ms
[599.717s][info][gc,phases      ] GC(1456)   Other: 0.08ms
[599.717s][info][gc,heap        ] GC(1456) Eden regions: 428->0(519)
[599.717s][info][gc,heap        ] GC(1456) Survivor regions: 53->14(61)
[599.717s][info][gc,heap        ] GC(1456) Old regions: 280->333
[599.717s][info][gc,heap        ] GC(1456) Humongous regions: 4->4
[599.717s][info][gc,metaspace   ] GC(1456) Metaspace: 19095K(19328K)->19095K(19328K) NonClass: 16429K(16576K)->16429K(16576K) Class: 2666K(2752K)->2666K(2752K)
[599.717s][info][gc             ] GC(1456) Pause Young (Normal) (G1 Evacuation Pause) 764M->350M(978M) 84.704ms
[599.717s][info][gc,cpu         ] GC(1456) User=0.17s Sys=0.00s Real=0.08s
[599.844s][info][gc,marking     ] GC(1455) Concurrent Rebuild Remembered Sets and Scrub Regions 226.682ms
[599.844s][info][gc,start       ] GC(1455) Pause Cleanup
[599.845s][info][gc             ] GC(1455) Pause Cleanup 406M->406M(978M) 0.087ms
[599.845s][info][gc,cpu         ] GC(1455) User=0.00s Sys=0.00s Real=0.00s
[599.845s][info][gc,marking     ] GC(1455) Concurrent Clear Claimed Marks
[599.845s][info][gc,marking     ] GC(1455) Concurrent Clear Claimed Marks 0.028ms
[599.845s][info][gc,marking     ] GC(1455) Concurrent Cleanup for Next Mark
[599.847s][info][gc,marking     ] GC(1455) Concurrent Cleanup for Next Mark 2.821ms
[599.847s][info][gc             ] GC(1455) Concurrent Mark Cycle 866.560ms
[600.541s][info][gc,start       ] GC(1457) Pause Young (Prepare Mixed) (G1 Evacuation Pause)
[600.541s][info][gc,task        ] GC(1457) Using 2 workers of 2 for evacuation
[600.613s][info][gc,phases      ] GC(1457)   Pre Evacuate Collection Set: 0.33ms
[600.613s][info][gc,phases      ] GC(1457)   Merge Heap Roots: 0.51ms
[600.613s][info][gc,phases      ] GC(1457)   Evacuate Collection Set: 70.12ms
[600.613s][info][gc,phases      ] GC(1457)   Post Evacuate Collection Set: 0.76ms
[600.613s][info][gc,phases      ] GC(1457)   Other: 0.12ms
[600.613s][info][gc,heap        ] GC(1457) Eden regions: 519->0(471)
[600.613s][info][gc,heap        ] GC(1457) Survivor regions: 14->55(67)
[600.613s][info][gc,heap        ] GC(1457) Old regions: 333->333
[600.613s][info][gc,heap        ] GC(1457) Humongous regions: 4->4
[600.613s][info][gc,metaspace   ] GC(1457) Metaspace: 19095K(19328K)->19095K(19328K) NonClass: 16429K(16576K)->16429K(16576K) Class: 2666K(2752K)->2666K(2752K)
[600.613s][info][gc             ] GC(1457) Pause Young (Prepare Mixed) (G1 Evacuation Pause) 869M->391M(978M) 72.087ms
[600.613s][info][gc,cpu         ] GC(1457) User=0.14s Sys=0.00s Real=0.07s
[601.109s][info][gc,start       ] GC(1458) Pause Young (Mixed) (G1 Evacuation Pause)
[601.109s][info][gc,task        ] GC(1458) Using 2 workers of 2 for evacuation
[601.186s][info][gc,phases      ] GC(1458)   Pre Evacuate Collection Set: 0.50ms
[601.186s][info][gc,phases      ] GC(1458)   Merge Heap Roots: 0.36ms
[601.186s][info][gc,phases      ] GC(1458)   Evacuate Collection Set: 75.18ms
[601.186s][info][gc,phases      ] GC(1458)   Post Evacuate Collection Set: 0.70ms
[601.186s][info][gc,phases      ] GC(1458)   Other: 0.10ms
[601.186s][info][gc,heap        ] GC(1458) Eden regions: 471->0(500)
[601.186s][info][gc,heap        ] GC(1458) Survivor regions: 55->20(66)
[601.186s][info][gc,heap        ] GC(1458) Old regions: 333->342
[601.186s][info][gc,heap        ] GC(1458) Humongous regions: 4->4
[601.186s][info][gc,metaspace   ] GC(1458) Metaspace: 19095K(19328K)->19095K(19328K) NonClass: 16429K(16576K)->16429K(16576K) Class: 2666K(2752K)->2666K(2752K)
[601.186s][info][gc             ] GC(1458) Pause Young (Mixed) (G1 Evacuation Pause) 862M->365M(978M) 77.059ms
[601.186s][info][gc,cpu         ] GC(1458) User=0.15s Sys=0.00s Real=0.08s
[602.005s][info][gc,start       ] GC(1459) Pause Young (Concurrent Start) (G1 Evacuation Pause)
[602.005s][info][gc,task        ] GC(1459) Using 2 workers of 2 for evacuation
[602.044s][info][gc,phases      ] GC(1459)   Pre Evacuate Collection Set: 0.33ms
[602.044s][info][gc,phases      ] GC(1459)   Merge Heap Roots: 0.27ms
[602.044s][info][gc,phases      ] GC(1459)   Evacuate Collection Set: 37.89ms
[602.044s][info][gc,phases      ] GC(1459)   Post Evacuate Collection Set: 0.69ms
[602.044s][info][gc,phases      ] GC(1459)   Other: 0.19ms
[602.044s][info][gc,heap        ] GC(1459) Eden regions: 500->0(495)
[602.044s][info][gc,heap        ] GC(1459) Survivor regions: 20->35(65)
[602.044s][info][gc,heap        ] GC(1459) Old regions: 342->342
[602.044s][info][gc,heap        ] GC(1459) Humongous regions: 4->4
[602.044s][info][gc,metaspace   ] GC(1459) Metaspace: 19095K(19328K)->19095K(19328K) NonClass: 16429K(16576K)->16429K(16576K) Class: 2666K(2752K)->2666K(2752K)
[602.044s][info][gc             ] GC(1459) Pause Young (Concurrent Start) (G1 Evacuation Pause) 865M->380M(978M) 39.585ms
[602.044s][info][gc,cpu         ] GC(1459) User=0.08s Sys=0.00s Real=0.04s
[602.044s][info][gc             ] GC(1460) Concurrent Mark Cycle
[602.044s][info][gc,marking     ] GC(1460) Concurrent Scan Root Regions
[602.110s][info][gc,marking     ] GC(1460) Concurrent Scan Root Regions 65.714ms
[602.110s][info][gc,marking     ] GC(1460) Concurrent Mark
[602.110s][info][gc,marking     ] GC(1460) Concurrent Mark From Roots
[602.110s][info][gc,task        ] GC(1460) Using 1 workers of 1 for marking
[603.174s][info][gc,marking     ] GC(1460) Concurrent Mark From Roots 1063.527ms
[603.174s][info][gc,marking     ] GC(1460) Concurrent Preclean
[603.174s][info][gc,marking     ] GC(1460) Concurrent Preclean 0.029ms
[603.174s][info][gc,start       ] GC(1460) Pause Remark
[603.182s][info][gc             ] GC(1460) Pause Remark 709M->709M(978M) 7.776ms
[603.182s][info][gc,cpu         ] GC(1460) User=0.02s Sys=0.00s Real=0.01s
[603.182s][info][gc,marking     ] GC(1460) Concurrent Mark 1071.632ms
[603.182s][info][gc,marking     ] GC(1460) Concurrent Rebuild Remembered Sets and Scrub Regions
[603.367s][info][gc,start       ] GC(1461) Pause Young (Normal) (G1 Evacuation Pause)
[603.367s][info][gc,task        ] GC(1461) Using 2 workers of 2 for evacuation
[603.464s][info][gc,phases      ] GC(1461)   Pre Evacuate Collection Set: 0.25ms
[603.464s][info][gc,phases      ] GC(1461)   Merge Heap Roots: 0.37ms
[603.464s][info][gc,phases      ] GC(1461)   Evacuate Collection Set: 95.44ms
[603.464s][info][gc,phases      ] GC(1461)   Post Evacuate Collection Set: 0.77ms
[603.464s][info][gc,phases      ] GC(1461)   Other: 0.08ms
[603.464s][info][gc,heap        ] GC(1461) Eden regions: 495->0(410)
[603.464s][info][gc,heap        ] GC(1461) Survivor regions: 35->67(67)
[603.464s][info][gc,heap        ] GC(1461) Old regions: 342->376
[603.464s][info][gc,heap        ] GC(1461) Humongous regions: 4->4
[603.464s][info][gc,metaspace   ] GC(1461) Metaspace: 19095K(19328K)->19095K(19328K) NonClass: 16429K(16576K)->16429K(16576K) Class: 2666K(2752K)->2666K(2752K)
[603.464s][info][gc             ] GC(1461) Pause Young (Normal) (G1 Evacuation Pause) 875M->446M(978M) 97.167ms
[603.464s][info][gc,cpu         ] GC(1461) User=0.20s Sys=0.00s Real=0.10s
[603.587s][info][gc,marking     ] GC(1460) Concurrent Rebuild Remembered Sets and Scrub Regions 405.185ms
[603.587s][info][gc,start       ] GC(1460) Pause Cleanup
[603.587s][info][gc             ] GC(1460) Pause Cleanup 563M->563M(978M) 0.088ms
[603.587s][info][gc,cpu         ] GC(1460) User=0.00s Sys=0.00s Real=0.00s
[603.587s][info][gc,marking     ] GC(1460) Concurrent Clear Claimed Marks
[603.587s][info][gc,marking     ] GC(1460) Concurrent Clear Claimed Marks 0.033ms
[603.587s][info][gc,marking     ] GC(1460) Concurrent Cleanup for Next Mark
[603.594s][info][gc,marking     ] GC(1460) Concurrent Cleanup for Next Mark 6.530ms
[603.594s][info][gc             ] GC(1460) Concurrent Mark Cycle 1549.621ms
[603.962s][info][gc,start       ] GC(1462) Pause Young (Prepare Mixed) (G1 Evacuation Pause)
[603.962s][info][gc,task        ] GC(1462) Using 2 workers of 2 for evacuation
[604.174s][info][gc,mmu         ] GC(1462) MMU target violated: 201.0ms (200.0ms/201.0ms)
[604.174s][info][gc,phases      ] GC(1462)   Pre Evacuate Collection Set: 0.48ms
[604.174s][info][gc,phases      ] GC(1462)   Merge Heap Roots: 0.44ms
[604.174s][info][gc,phases      ] GC(1462)   Evacuate Collection Set: 187.67ms
[604.174s][info][gc,phases      ] GC(1462)   Post Evacuate Collection Set: 23.08ms
[604.174s][info][gc,phases      ] GC(1462)   Other: 0.16ms
[604.174s][info][gc,heap        ] GC(1462) Eden regions: 410->0(115)
[604.174s][info][gc,heap        ] GC(1462) Survivor regions: 67->60(60)
[604.174s][info][gc,heap        ] GC(1462) Old regions: 376->689
[604.174s][info][gc,heap        ] GC(1462) Humongous regions: 4->4
[604.174s][info][gc,metaspace   ] GC(1462) Metaspace: 19095K(19328K)->19095K(19328K) NonClass: 16429K(16576K)->16429K(16576K) Class: 2666K(2752K)->2666K(2752K)
[604.174s][info][gc             ] GC(1462) Pause Young (Prepare Mixed) (G1 Evacuation Pause) (Evacuation Failure: Allocation) 856M->752M(978M) 212.040ms
[604.174s][info][gc,cpu         ] GC(1462) User=0.42s Sys=0.00s Real=0.21s
[604.378s][info][gc,start       ] GC(1463) Pause Young (Mixed) (G1 Evacuation Pause)
[604.378s][info][gc,task        ] GC(1463) Using 2 workers of 2 for evacuation
[604.500s][info][gc,phases      ] GC(1463)   Pre Evacuate Collection Set: 0.40ms
[604.501s][info][gc,phases      ] GC(1463)   Merge Heap Roots: 0.84ms
[604.501s][info][gc,phases      ] GC(1463)   Evacuate Collection Set: 119.73ms
[604.501s][info][gc,phases      ] GC(1463)   Post Evacuate Collection Set: 1.25ms
[604.501s][info][gc,phases      ] GC(1463)   Other: 0.08ms
[604.501s][info][gc,heap        ] GC(1463) Eden regions: 115->0(208)
[604.501s][info][gc,heap        ] GC(1463) Survivor regions: 60->13(22)
[604.501s][info][gc,heap        ] GC(1463) Old regions: 689->635
[604.501s][info][gc,heap        ] GC(1463) Humongous regions: 7->7
[604.501s][info][gc,metaspace   ] GC(1463) Metaspace: 19095K(19328K)->19095K(19328K) NonClass: 16429K(16576K)->16429K(16576K) Class: 2666K(2752K)->2666K(2752K)
[604.501s][info][gc             ] GC(1463) Pause Young (Mixed) (G1 Evacuation Pause) (Evacuation Failure: Allocation) 870M->654M(978M) 122.545ms
[604.501s][info][gc,cpu         ] GC(1463) User=0.24s Sys=0.00s Real=0.12s
[604.747s][info][gc,start       ] GC(1464) Pause Young (Concurrent Start) (G1 Humongous Allocation)
[604.747s][info][gc,task        ] GC(1464) Using 2 workers of 2 for evacuation
[604.832s][info][gc,phases      ] GC(1464)   Pre Evacuate Collection Set: 0.38ms
[604.832s][info][gc,phases      ] GC(1464)   Merge Heap Roots: 0.86ms
[604.832s][info][gc,phases      ] GC(1464)   Evacuate Collection Set: 82.40ms
[604.832s][info][gc,phases      ] GC(1464)   Post Evacuate Collection Set: 0.91ms
[604.832s][info][gc,phases      ] GC(1464)   Other: 0.09ms
[604.832s][info][gc,heap        ] GC(1464) Eden regions: 191->0(278)
[604.832s][info][gc,heap        ] GC(1464) Survivor regions: 13->21(28)
[604.832s][info][gc,heap        ] GC(1464) Old regions: 635->565
[604.832s][info][gc,heap        ] GC(1464) Humongous regions: 7->7
[604.832s][info][gc,metaspace   ] GC(1464) Metaspace: 19095K(19328K)->19095K(19328K) NonClass: 16429K(16576K)->16429K(16576K) Class: 2666K(2752K)->2666K(2752K)
[604.832s][info][gc             ] GC(1464) Pause Young (Concurrent Start) (G1 Humongous Allocation) 845M->592M(978M) 84.876ms
[604.832s][info][gc             ] GC(1465) Concurrent Mark Cycle
[604.832s][info][gc,marking     ] GC(1465) Concurrent Scan Root Regions
[604.834s][info][gc,cpu         ] GC(1464) User=0.17s Sys=0.00s Real=0.09s
[604.917s][info][gc,marking     ] GC(1465) Concurrent Scan Root Regions 84.870ms
[604.917s][info][gc,marking     ] GC(1465) Concurrent Mark
[604.917s][info][gc,marking     ] GC(1465) Concurrent Mark From Roots
[604.917s][info][gc,task        ] GC(1465) Using 1 workers of 1 for marking
[605.825s][info][gc,start       ] GC(1466) Pause Young (Normal) (G1 Evacuation Pause)
[605.825s][info][gc,task        ] GC(1466) Using 2 workers of 2 for evacuation
[605.912s][info][gc,phases      ] GC(1466)   Pre Evacuate Collection Set: 0.50ms
[605.912s][info][gc,phases      ] GC(1466)   Merge Heap Roots: 0.86ms
[605.912s][info][gc,phases      ] GC(1466)   Evacuate Collection Set: 84.98ms
[605.912s][info][gc,phases      ] GC(1466)   Post Evacuate Collection Set: 0.80ms
[605.913s][info][gc,phases      ] GC(1466)   Other: 0.08ms
[605.913s][info][gc,heap        ] GC(1466) Eden regions: 278->0(263)
[605.913s][info][gc,heap        ] GC(1466) Survivor regions: 21->27(38)
[605.913s][info][gc,heap        ] GC(1466) Old regions: 565->579
[605.913s][info][gc,heap        ] GC(1466) Humongous regions: 13->13
[605.913s][info][gc,metaspace   ] GC(1466) Metaspace: 19095K(19328K)->19095K(19328K) NonClass: 16429K(16576K)->16429K(16576K) Class: 2666K(2752K)->2666K(2752K)
[605.913s][info][gc             ] GC(1466) Pause Young (Normal) (G1 Evacuation Pause) 876M->618M(978M) 87.503ms
[605.913s][info][gc,cpu         ] GC(1466) User=0.17s Sys=0.00s Real=0.09s
[606.470s][info][gc,marking     ] GC(1465) Concurrent Mark From Roots 1553.261ms
[606.470s][info][gc,marking     ] GC(1465) Concurrent Preclean
[606.470s][info][gc,marking     ] GC(1465) Concurrent Preclean 0.034ms
[606.470s][info][gc,start       ] GC(1465) Pause Remark
[606.478s][info][gc             ] GC(1465) Pause Remark 790M->788M(978M) 8.052ms
[606.478s][info][gc,cpu         ] GC(1465) User=0.01s Sys=0.00s Real=0.01s
[606.480s][info][gc,marking     ] GC(1465) Concurrent Mark 1562.848ms
[606.480s][info][gc,marking     ] GC(1465) Concurrent Rebuild Remembered Sets and Scrub Regions
[606.657s][info][gc,start       ] GC(1467) Pause Young (Normal) (G1 Evacuation Pause)
[606.657s][info][gc,task        ] GC(1467) Using 2 workers of 2 for evacuation
[606.720s][info][gc,phases      ] GC(1467)   Pre Evacuate Collection Set: 0.48ms
[606.720s][info][gc,phases      ] GC(1467)   Merge Heap Roots: 0.61ms
[606.720s][info][gc,phases      ] GC(1467)   Evacuate Collection Set: 61.01ms
[606.720s][info][gc,phases      ] GC(1467)   Post Evacuate Collection Set: 0.45ms
[606.720s][info][gc,phases      ] GC(1467)   Other: 0.07ms
[606.720s][info][gc,heap        ] GC(1467) Eden regions: 263->0(277)
[606.720s][info][gc,heap        ] GC(1467) Survivor regions: 27->1(37)
[606.720s][info][gc,heap        ] GC(1467) Old regions: 578->605
[606.720s][info][gc,heap        ] GC(1467) Humongous regions: 12->12
[606.720s][info][gc,metaspace   ] GC(1467) Metaspace: 19095K(19328K)->19095K(19328K) NonClass: 16429K(16576K)->16429K(16576K) Class: 2666K(2752K)->2666K(2752K)
[606.720s][info][gc             ] GC(1467) Pause Young (Normal) (G1 Evacuation Pause) 879M->617M(978M) 62.847ms
[606.720s][info][gc,cpu         ] GC(1467) User=0.12s Sys=0.00s Real=0.06s
[607.195s][info][gc,marking     ] GC(1465) Concurrent Rebuild Remembered Sets and Scrub Regions 715.704ms
[607.195s][info][gc,start       ] GC(1465) Pause Cleanup
[607.196s][info][gc             ] GC(1465) Pause Cleanup 854M->854M(978M) 0.098ms
[607.196s][info][gc,cpu         ] GC(1465) User=0.00s Sys=0.00s Real=0.00s
[607.196s][info][gc,marking     ] GC(1465) Concurrent Clear Claimed Marks
[607.196s][info][gc,marking     ] GC(1465) Concurrent Clear Claimed Marks 0.037ms
[607.196s][info][gc,marking     ] GC(1465) Concurrent Cleanup for Next Mark
[607.201s][info][gc,marking     ] GC(1465) Concurrent Cleanup for Next Mark 4.890ms
[607.201s][info][gc             ] GC(1465) Concurrent Mark Cycle 2369.696ms
[607.258s][info][gc,start       ] GC(1468) Pause Young (Prepare Mixed) (G1 Evacuation Pause)
[607.258s][info][gc,task        ] GC(1468) Using 2 workers of 2 for evacuation
[607.260s][info][gc,phases      ] GC(1468)   Pre Evacuate Collection Set: 0.48ms
[607.260s][info][gc,phases      ] GC(1468)   Merge Heap Roots: 0.09ms
[607.260s][info][gc,phases      ] GC(1468)   Evacuate Collection Set: 0.19ms
[607.260s][info][gc,phases      ] GC(1468)   Post Evacuate Collection Set: 0.42ms
[607.260s][info][gc,phases      ] GC(1468)   Other: 0.09ms
[607.260s][info][gc,heap        ] GC(1468) Eden regions: 277->0(293)
[607.260s][info][gc,heap        ] GC(1468) Survivor regions: 1->1(35)
[607.260s][info][gc,heap        ] GC(1468) Old regions: 605->605
[607.260s][info][gc,heap        ] GC(1468) Humongous regions: 12->12
[607.260s][info][gc,metaspace   ] GC(1468) Metaspace: 19095K(19328K)->19095K(19328K) NonClass: 16429K(16576K)->16429K(16576K) Class: 2666K(2752K)->2666K(2752K)
[607.260s][info][gc             ] GC(1468) Pause Young (Prepare Mixed) (G1 Evacuation Pause) 894M->617M(978M) 1.467ms
[607.260s][info][gc,cpu         ] GC(1468) User=0.00s Sys=0.00s Real=0.00s
[607.558s][info][gc,start       ] GC(1469) Pause Young (Mixed) (G1 Evacuation Pause)
[607.558s][info][gc,task        ] GC(1469) Using 2 workers of 2 for evacuation
[607.595s][info][gc,phases      ] GC(1469)   Pre Evacuate Collection Set: 0.53ms
[607.595s][info][gc,phases      ] GC(1469)   Merge Heap Roots: 0.23ms
[607.595s][info][gc,phases      ] GC(1469)   Evacuate Collection Set: 35.25ms
[607.595s][info][gc,phases      ] GC(1469)   Post Evacuate Collection Set: 0.49ms
[607.595s][info][gc,phases      ] GC(1469)   Other: 0.10ms
[607.595s][info][gc,heap        ] GC(1469) Eden regions: 293->0(259)
[607.595s][info][gc,heap        ] GC(1469) Survivor regions: 1->30(37)
[607.595s][info][gc,heap        ] GC(1469) Old regions: 605->597
[607.595s][info][gc,heap        ] GC(1469) Humongous regions: 12->12
[607.595s][info][gc,metaspace   ] GC(1469) Metaspace: 19095K(19328K)->19095K(19328K) NonClass: 16429K(16576K)->16429K(16576K) Class: 2666K(2752K)->2666K(2752K)
[607.595s][info][gc             ] GC(1469) Pause Young (Mixed) (G1 Evacuation Pause) 910M->638M(978M) 36.800ms
[607.595s][info][gc,cpu         ] GC(1469) User=0.08s Sys=0.00s Real=0.04s
[607.834s][info][gc,start       ] GC(1470) Pause Young (Concurrent Start) (G1 Evacuation Pause)
[607.834s][info][gc,task        ] GC(1470) Using 2 workers of 2 for evacuation
[607.866s][info][gc,phases      ] GC(1470)   Pre Evacuate Collection Set: 0.34ms
[607.866s][info][gc,phases      ] GC(1470)   Merge Heap Roots: 0.14ms
[607.866s][info][gc,phases      ] GC(1470)   Evacuate Collection Set: 30.77ms
[607.866s][info][gc,phases      ] GC(1470)   Post Evacuate Collection Set: 0.47ms
[607.866s][info][gc,phases      ] GC(1470)   Other: 0.20ms
[607.866s][info][gc,heap        ] GC(1470) Eden regions: 259->0(274)
[607.866s][info][gc,heap        ] GC(1470) Survivor regions: 30->3(37)
[607.866s][info][gc,heap        ] GC(1470) Old regions: 597->627
[607.866s][info][gc,heap        ] GC(1470) Humongous regions: 12->12
[607.866s][info][gc,metaspace   ] GC(1470) Metaspace: 19095K(19328K)->19095K(19328K) NonClass: 16429K(16576K)->16429K(16576K) Class: 2666K(2752K)->2666K(2752K)
[607.866s][info][gc             ] GC(1470) Pause Young (Concurrent Start) (G1 Evacuation Pause) 897M->641M(978M) 32.129ms
[607.867s][info][gc,cpu         ] GC(1470) User=0.06s Sys=0.00s Real=0.03s
[607.867s][info][gc             ] GC(1471) Concurrent Mark Cycle
[607.867s][info][gc,marking     ] GC(1471) Concurrent Scan Root Regions
[607.925s][info][gc,marking     ] GC(1471) Concurrent Scan Root Regions 58.187ms
[607.925s][info][gc,marking     ] GC(1471) Concurrent Mark
[607.925s][info][gc,marking     ] GC(1471) Concurrent Mark From Roots
[607.925s][info][gc,task        ] GC(1471) Using 1 workers of 1 for marking
[608.743s][info][gc,start       ] GC(1472) Pause Young (Normal) (G1 Evacuation Pause)
[608.743s][info][gc,task        ] GC(1472) Using 2 workers of 2 for evacuation
[608.757s][info][gc,phases      ] GC(1472)   Pre Evacuate Collection Set: 0.30ms
[608.757s][info][gc,phases      ] GC(1472)   Merge Heap Roots: 0.16ms
[608.757s][info][gc,phases      ] GC(1472)   Evacuate Collection Set: 12.96ms
[608.757s][info][gc,phases      ] GC(1472)   Post Evacuate Collection Set: 0.43ms
[608.757s][info][gc,phases      ] GC(1472)   Other: 0.09ms
[608.757s][info][gc,heap        ] GC(1472) Eden regions: 274->0(267)
[608.757s][info][gc,heap        ] GC(1472) Survivor regions: 3->11(35)
[608.757s][info][gc,heap        ] GC(1472) Old regions: 627->627
[608.757s][info][gc,heap        ] GC(1472) Humongous regions: 12->12
[608.757s][info][gc,metaspace   ] GC(1472) Metaspace: 19095K(19328K)->19095K(19328K) NonClass: 16429K(16576K)->16429K(16576K) Class: 2666K(2752K)->2666K(2752K)
[608.757s][info][gc             ] GC(1472) Pause Young (Normal) (G1 Evacuation Pause) 915M->649M(978M) 14.137ms
[608.757s][info][gc,cpu         ] GC(1472) User=0.02s Sys=0.00s Real=0.01s
[609.106s][info][gc,marking     ] GC(1471) Concurrent Mark From Roots 1181.453ms
[609.106s][info][gc,marking     ] GC(1471) Concurrent Preclean
[609.106s][info][gc,marking     ] GC(1471) Concurrent Preclean 0.028ms
[609.106s][info][gc,start       ] GC(1471) Pause Remark
[609.114s][info][gc             ] GC(1471) Pause Remark 745M->660M(978M) 7.860ms
[609.114s][info][gc,cpu         ] GC(1471) User=0.02s Sys=0.00s Real=0.01s
[609.114s][info][gc,marking     ] GC(1471) Concurrent Mark 1189.624ms
[609.114s][info][gc,marking     ] GC(1471) Concurrent Rebuild Remembered Sets and Scrub Regions
[609.481s][info][gc,start       ] GC(1473) Pause Young (Normal) (G1 Evacuation Pause)
[609.481s][info][gc,task        ] GC(1473) Using 2 workers of 2 for evacuation
[609.508s][info][gc,phases      ] GC(1473)   Pre Evacuate Collection Set: 0.48ms
[609.508s][info][gc,phases      ] GC(1473)   Merge Heap Roots: 0.24ms
[609.508s][info][gc,phases      ] GC(1473)   Evacuate Collection Set: 25.15ms
[609.508s][info][gc,phases      ] GC(1473)   Post Evacuate Collection Set: 0.48ms
[609.508s][info][gc,phases      ] GC(1473)   Other: 0.11ms
[609.508s][info][gc,heap        ] GC(1473) Eden regions: 267->0(326)
[609.508s][info][gc,heap        ] GC(1473) Survivor regions: 11->24(35)
[609.508s][info][gc,heap        ] GC(1473) Old regions: 547->547
[609.508s][info][gc,heap        ] GC(1473) Humongous regions: 7->7
[609.508s][info][gc,metaspace   ] GC(1473) Metaspace: 19095K(19328K)->19095K(19328K) NonClass: 16429K(16576K)->16429K(16576K) Class: 2666K(2752K)->2666K(2752K)
[609.508s][info][gc             ] GC(1473) Pause Young (Normal) (G1 Evacuation Pause) 831M->577M(978M) 26.656ms
[609.508s][info][gc,cpu         ] GC(1473) User=0.05s Sys=0.00s Real=0.02s
[609.612s][info][gc,marking     ] GC(1471) Concurrent Rebuild Remembered Sets and Scrub Regions 497.903ms
[609.612s][info][gc,start       ] GC(1471) Pause Cleanup
[609.613s][info][gc             ] GC(1471) Pause Cleanup 640M->640M(978M) 0.099ms
[609.613s][info][gc,cpu         ] GC(1471) User=0.00s Sys=0.00s Real=0.00s
[609.614s][info][gc,marking     ] GC(1471) Concurrent Clear Claimed Marks
[609.614s][info][gc,marking     ] GC(1471) Concurrent Clear Claimed Marks 0.041ms
[609.614s][info][gc,marking     ] GC(1471) Concurrent Cleanup for Next Mark
[609.617s][info][gc,marking     ] GC(1471) Concurrent Cleanup for Next Mark 2.922ms
[609.617s][info][gc             ] GC(1471) Concurrent Mark Cycle 1750.611ms
[609.918s][info][gc,start       ] GC(1474) Pause Young (Prepare Mixed) (G1 Evacuation Pause)
[609.918s][info][gc,task        ] GC(1474) Using 2 workers of 2 for evacuation
[609.991s][info][gc,phases      ] GC(1474)   Pre Evacuate Collection Set: 0.29ms
[609.991s][info][gc,phases      ] GC(1474)   Merge Heap Roots: 0.17ms
[609.991s][info][gc,phases      ] GC(1474)   Evacuate Collection Set: 70.10ms
[609.991s][info][gc,phases      ] GC(1474)   Post Evacuate Collection Set: 2.23ms
[609.991s][info][gc,phases      ] GC(1474)   Other: 0.10ms
[609.991s][info][gc,heap        ] GC(1474) Eden regions: 326->0(209)
[609.991s][info][gc,heap        ] GC(1474) Survivor regions: 24->44(44)
[609.991s][info][gc,heap        ] GC(1474) Old regions: 547->624
[609.991s][info][gc,heap        ] GC(1474) Humongous regions: 7->7
[609.991s][info][gc,metaspace   ] GC(1474) Metaspace: 19095K(19328K)->19095K(19328K) NonClass: 16429K(16576K)->16429K(16576K) Class: 2666K(2752K)->2666K(2752K)
[609.991s][info][gc             ] GC(1474) Pause Young (Prepare Mixed) (G1 Evacuation Pause) (Evacuation Failure: Allocation) 903M->674M(978M) 73.156ms
[609.991s][info][gc,cpu         ] GC(1474) User=0.14s Sys=0.00s Real=0.08s
[610.314s][info][gc,start       ] GC(1475) Pause Young (Mixed) (G1 Evacuation Pause)
[610.314s][info][gc,task        ] GC(1475) Using 2 workers of 2 for evacuation
[610.385s][info][gc,phases      ] GC(1475)   Pre Evacuate Collection Set: 0.36ms
[610.385s][info][gc,phases      ] GC(1475)   Merge Heap Roots: 0.47ms
[610.385s][info][gc,phases      ] GC(1475)   Evacuate Collection Set: 69.35ms
[610.385s][info][gc,phases      ] GC(1475)   Post Evacuate Collection Set: 0.66ms
[610.385s][info][gc,phases      ] GC(1475)   Other: 0.08ms
[610.385s][info][gc,heap        ] GC(1475) Eden regions: 209->0(300)
[610.385s][info][gc,heap        ] GC(1475) Survivor regions: 44->11(32)
[610.385s][info][gc,heap        ] GC(1475) Old regions: 624->570
[610.385s][info][gc,heap        ] GC(1475) Humongous regions: 10->10
[610.385s][info][gc,metaspace   ] GC(1475) Metaspace: 19095K(19328K)->19095K(19328K) NonClass: 16429K(16576K)->16429K(16576K) Class: 2666K(2752K)->2666K(2752K)
[610.385s][info][gc             ] GC(1475) Pause Young (Mixed) (G1 Evacuation Pause) 886M->590M(978M) 71.168ms
[610.385s][info][gc,cpu         ] GC(1475) User=0.14s Sys=0.00s Real=0.07s
[610.854s][info][gc,start       ] GC(1476) Pause Young (Concurrent Start) (G1 Evacuation Pause)
[610.854s][info][gc,task        ] GC(1476) Using 2 workers of 2 for evacuation
[610.875s][info][gc,phases      ] GC(1476)   Pre Evacuate Collection Set: 0.35ms
[610.875s][info][gc,phases      ] GC(1476)   Merge Heap Roots: 0.29ms
[610.875s][info][gc,phases      ] GC(1476)   Evacuate Collection Set: 20.33ms
[610.875s][info][gc,phases      ] GC(1476)   Post Evacuate Collection Set: 0.63ms
[610.875s][info][gc,phases      ] GC(1476)   Other: 0.20ms
[610.875s][info][gc,heap        ] GC(1476) Eden regions: 300->0(318)
[610.875s][info][gc,heap        ] GC(1476) Survivor regions: 11->11(39)
[610.875s][info][gc,heap        ] GC(1476) Old regions: 570->570
[610.875s][info][gc,heap        ] GC(1476) Humongous regions: 10->10
[610.875s][info][gc,metaspace   ] GC(1476) Metaspace: 19095K(19328K)->19095K(19328K) NonClass: 16429K(16576K)->16429K(16576K) Class: 2666K(2752K)->2666K(2752K)
[610.876s][info][gc             ] GC(1476) Pause Young (Concurrent Start) (G1 Evacuation Pause) 890M->590M(978M) 22.018ms
[610.876s][info][gc             ] GC(1477) Concurrent Mark Cycle
[610.876s][info][gc,marking     ] GC(1477) Concurrent Scan Root Regions
[610.876s][info][gc,cpu         ] GC(1476) User=0.04s Sys=0.00s Real=0.02s
[610.918s][info][gc,marking     ] GC(1477) Concurrent Scan Root Regions 42.478ms
[610.918s][info][gc,marking     ] GC(1477) Concurrent Mark
[610.918s][info][gc,marking     ] GC(1477) Concurrent Mark From Roots
[610.918s][info][gc,task        ] GC(1477) Using 1 workers of 1 for marking
[611.698s][info][gc,marking     ] GC(1477) Concurrent Mark From Roots 779.884ms
[611.698s][info][gc,marking     ] GC(1477) Concurrent Preclean
[611.698s][info][gc,marking     ] GC(1477) Concurrent Preclean 0.033ms
[611.698s][info][gc,start       ] GC(1477) Pause Remark
[611.706s][info][gc             ] GC(1477) Pause Remark 842M->615M(978M) 7.932ms
[611.706s][info][gc,cpu         ] GC(1477) User=0.02s Sys=0.00s Real=0.01s
[611.706s][info][gc,marking     ] GC(1477) Concurrent Mark 788.152ms
[611.706s][info][gc,marking     ] GC(1477) Concurrent Rebuild Remembered Sets and Scrub Regions
[611.875s][info][gc,start       ] GC(1478) Pause Young (Normal) (G1 Evacuation Pause)
[611.875s][info][gc,task        ] GC(1478) Using 2 workers of 2 for evacuation
[611.898s][info][gc,phases      ] GC(1478)   Pre Evacuate Collection Set: 0.25ms
[611.898s][info][gc,phases      ] GC(1478)   Merge Heap Roots: 0.37ms
[611.898s][info][gc,phases      ] GC(1478)   Evacuate Collection Set: 21.00ms
[611.898s][info][gc,phases      ] GC(1478)   Post Evacuate Collection Set: 0.54ms
[611.898s][info][gc,phases      ] GC(1478)   Other: 0.10ms
[611.898s][info][gc,heap        ] GC(1478) Eden regions: 318->0(545)
[611.898s][info][gc,heap        ] GC(1478) Survivor regions: 11->11(42)
[611.898s][info][gc,heap        ] GC(1478) Old regions: 348->348
[611.898s][info][gc,heap        ] GC(1478) Humongous regions: 5->5
[611.898s][info][gc,metaspace   ] GC(1478) Metaspace: 19095K(19328K)->19095K(19328K) NonClass: 16429K(16576K)->16429K(16576K) Class: 2666K(2752K)->2666K(2752K)
[611.898s][info][gc             ] GC(1478) Pause Young (Normal) (G1 Evacuation Pause) 681M->363M(978M) 22.468ms
[611.898s][info][gc,cpu         ] GC(1478) User=0.05s Sys=0.00s Real=0.02s
[611.910s][info][gc,marking     ] GC(1477) Concurrent Rebuild Remembered Sets and Scrub Regions 203.943ms
[611.910s][info][gc,start       ] GC(1477) Pause Cleanup
[611.910s][info][gc             ] GC(1477) Pause Cleanup 366M->366M(978M) 0.087ms
[611.910s][info][gc,cpu         ] GC(1477) User=0.00s Sys=0.00s Real=0.00s
[611.910s][info][gc,marking     ] GC(1477) Concurrent Clear Claimed Marks
[611.910s][info][gc,marking     ] GC(1477) Concurrent Clear Claimed Marks 0.027ms
[611.911s][info][gc,marking     ] GC(1477) Concurrent Cleanup for Next Mark
[611.913s][info][gc,marking     ] GC(1477) Concurrent Cleanup for Next Mark 2.829ms
[611.913s][info][gc             ] GC(1477) Concurrent Mark Cycle 1037.806ms
[612.468s][info][gc,start       ] GC(1479) Pause Young (Prepare Mixed) (G1 Evacuation Pause)
[612.469s][info][gc,task        ] GC(1479) Using 2 workers of 2 for evacuation
[612.523s][info][gc,phases      ] GC(1479)   Pre Evacuate Collection Set: 0.29ms
[612.523s][info][gc,phases      ] GC(1479)   Merge Heap Roots: 0.39ms
[612.523s][info][gc,phases      ] GC(1479)   Evacuate Collection Set: 52.63ms
[612.523s][info][gc,phases      ] GC(1479)   Post Evacuate Collection Set: 0.76ms
[612.523s][info][gc,phases      ] GC(1479)   Other: 0.11ms
[612.523s][info][gc,heap        ] GC(1479) Eden regions: 545->0(495)
[612.523s][info][gc,heap        ] GC(1479) Survivor regions: 11->40(69)
[612.523s][info][gc,heap        ] GC(1479) Old regions: 348->348
[612.523s][info][gc,heap        ] GC(1479) Humongous regions: 5->5
[612.523s][info][gc,metaspace   ] GC(1479) Metaspace: 19095K(19328K)->19095K(19328K) NonClass: 16429K(16576K)->16429K(16576K) Class: 2666K(2752K)->2666K(2752K)
[612.523s][info][gc             ] GC(1479) Pause Young (Prepare Mixed) (G1 Evacuation Pause) 908M->392M(978M) 54.422ms
[612.523s][info][gc,cpu         ] GC(1479) User=0.10s Sys=0.00s Real=0.06s
[613.261s][info][gc,start       ] GC(1480) Pause Young (Mixed) (G1 Evacuation Pause)
[613.261s][info][gc,task        ] GC(1480) Using 2 workers of 2 for evacuation
[613.341s][info][gc,phases      ] GC(1480)   Pre Evacuate Collection Set: 0.33ms
[613.341s][info][gc,phases      ] GC(1480)   Merge Heap Roots: 0.54ms
[613.341s][info][gc,phases      ] GC(1480)   Evacuate Collection Set: 77.84ms
[613.341s][info][gc,phases      ] GC(1480)   Post Evacuate Collection Set: 0.81ms
[613.341s][info][gc,phases      ] GC(1480)   Other: 0.10ms
[613.341s][info][gc,heap        ] GC(1480) Eden regions: 495->0(545)
[613.341s][info][gc,heap        ] GC(1480) Survivor regions: 40->40(67)
[613.341s][info][gc,heap        ] GC(1480) Old regions: 348->298
[613.341s][info][gc,heap        ] GC(1480) Humongous regions: 5->5
[613.341s][info][gc,metaspace   ] GC(1480) Metaspace: 19095K(19328K)->19095K(19328K) NonClass: 16429K(16576K)->16429K(16576K) Class: 2666K(2752K)->2666K(2752K)
[613.341s][info][gc             ] GC(1480) Pause Young (Mixed) (G1 Evacuation Pause) 887M->342M(978M) 79.884ms
[613.341s][info][gc,cpu         ] GC(1480) User=0.16s Sys=0.00s Real=0.08s
[613.883s][info][gc,start       ] GC(1481) Pause Young (Concurrent Start) (G1 Evacuation Pause)
[613.883s][info][gc,task        ] GC(1481) Using 2 workers of 2 for evacuation
[614.104s][info][gc,mmu         ] GC(1481) MMU target violated: 201.0ms (200.0ms/201.0ms)
[614.104s][info][gc,phases      ] GC(1481)   Pre Evacuate Collection Set: 0.46ms
[614.104s][info][gc,phases      ] GC(1481)   Merge Heap Roots: 0.47ms
[614.104s][info][gc,phases      ] GC(1481)   Evacuate Collection Set: 188.42ms
[614.104s][info][gc,phases      ] GC(1481)   Post Evacuate Collection Set: 31.49ms
[614.104s][info][gc,phases      ] GC(1481)   Other: 0.26ms
[614.104s][info][gc,heap        ] GC(1481) Eden regions: 545->0(107)
[614.104s][info][gc,heap        ] GC(1481) Survivor regions: 40->69(74)
[614.104s][info][gc,heap        ] GC(1481) Old regions: 298->678
[614.104s][info][gc,heap        ] GC(1481) Humongous regions: 5->5
[614.104s][info][gc,metaspace   ] GC(1481) Metaspace: 19100K(19328K)->19100K(19328K) NonClass: 16434K(16576K)->16434K(16576K) Class: 2666K(2752K)->2666K(2752K)
[614.104s][info][gc             ] GC(1481) Pause Young (Concurrent Start) (G1 Evacuation Pause) (Evacuation Failure: Allocation) 887M->751M(978M) 221.325ms
[614.104s][info][gc             ] GC(1482) Concurrent Mark Cycle
[614.104s][info][gc,marking     ] GC(1482) Concurrent Scan Root Regions
[614.105s][info][gc,cpu         ] GC(1481) User=0.44s Sys=0.00s Real=0.22s
[614.261s][info][gc,start       ] GC(1483) Pause Young (Normal) (G1 Evacuation Pause)
[614.261s][info][gc,task        ] GC(1483) Using 2 workers of 2 for evacuation
[614.305s][info][gc,marking     ] GC(1482) Concurrent Scan Root Regions 200.835ms
[614.305s][info][gc,marking     ] GC(1482) Concurrent Mark
[614.305s][info][gc,marking     ] GC(1482) Concurrent Mark From Roots
[614.305s][info][gc,task        ] GC(1482) Using 1 workers of 1 for marking
[614.406s][info][gc,phases      ] GC(1483)   Pre Evacuate Collection Set: 0.43ms
[614.406s][info][gc,phases      ] GC(1483)   Merge Heap Roots: 0.63ms
[614.406s][info][gc,phases      ] GC(1483)   Evacuate Collection Set: 98.85ms
[614.406s][info][gc,phases      ] GC(1483)   Post Evacuate Collection Set: 0.68ms
[614.406s][info][gc,phases      ] GC(1483)   Other: 0.08ms
[614.406s][info][gc,heap        ] GC(1483) Eden regions: 107->0(348)
[614.406s][info][gc,heap        ] GC(1483) Survivor regions: 69->10(22)
[614.406s][info][gc,heap        ] GC(1483) Old regions: 678->528
[614.406s][info][gc,heap        ] GC(1483) Humongous regions: 5->5
[614.406s][info][gc,metaspace   ] GC(1483) Metaspace: 19100K(19328K)->19100K(19328K) NonClass: 16434K(16576K)->16434K(16576K) Class: 2666K(2752K)->2666K(2752K)
[614.406s][info][gc             ] GC(1483) Pause Young (Normal) (G1 Evacuation Pause) 858M->542M(978M) 144.405ms
[614.406s][info][gc,cpu         ] GC(1483) User=0.24s Sys=0.00s Real=0.14s
[614.805s][info][gc,start       ] GC(1484) Pause Young (Normal) (G1 Evacuation Pause)
[614.805s][info][gc,task        ] GC(1484) Using 2 workers of 2 for evacuation
[614.861s][info][gc,phases      ] GC(1484)   Pre Evacuate Collection Set: 0.33ms
[614.861s][info][gc,phases      ] GC(1484)   Merge Heap Roots: 0.45ms
[614.861s][info][gc,phases      ] GC(1484)   Evacuate Collection Set: 54.76ms
[614.861s][info][gc,phases      ] GC(1484)   Post Evacuate Collection Set: 0.60ms
[614.861s][info][gc,phases      ] GC(1484)   Other: 0.08ms
[614.861s][info][gc,heap        ] GC(1484) Eden regions: 348->0(389)
[614.861s][info][gc,heap        ] GC(1484) Survivor regions: 10->17(45)
[614.861s][info][gc,heap        ] GC(1484) Old regions: 528->479
[614.861s][info][gc,heap        ] GC(1484) Humongous regions: 5->5
[614.861s][info][gc,metaspace   ] GC(1484) Metaspace: 19103K(19328K)->19103K(19328K) NonClass: 16437K(16576K)->16437K(16576K) Class: 2666K(2752K)->2666K(2752K)
[614.861s][info][gc             ] GC(1484) Pause Young (Normal) (G1 Evacuation Pause) 890M->499M(978M) 56.455ms
[614.861s][info][gc,cpu         ] GC(1484) User=0.12s Sys=0.00s Real=0.06s
[615.175s][info][gc,marking     ] GC(1482) Concurrent Mark From Roots 870.036ms
[615.175s][info][gc,marking     ] GC(1482) Concurrent Preclean
[615.175s][info][gc,marking     ] GC(1482) Concurrent Preclean 0.032ms
[615.175s][info][gc,start       ] GC(1482) Pause Remark
[615.183s][info][gc             ] GC(1482) Pause Remark 741M->741M(978M) 7.804ms
[615.183s][info][gc,cpu         ] GC(1482) User=0.01s Sys=0.00s Real=0.01s
[615.183s][info][gc,marking     ] GC(1482) Concurrent Mark 878.179ms
[615.183s][info][gc,marking     ] GC(1482) Concurrent Rebuild Remembered Sets and Scrub Regions
[615.357s][info][gc,start       ] GC(1485) Pause Young (Normal) (G1 Evacuation Pause)
[615.357s][info][gc,task        ] GC(1485) Using 2 workers of 2 for evacuation
[615.408s][info][gc,phases      ] GC(1485)   Pre Evacuate Collection Set: 0.31ms
[615.408s][info][gc,phases      ] GC(1485)   Merge Heap Roots: 0.44ms
[615.408s][info][gc,phases      ] GC(1485)   Evacuate Collection Set: 50.07ms
[615.408s][info][gc,phases      ] GC(1485)   Post Evacuate Collection Set: 0.62ms
[615.408s][info][gc,phases      ] GC(1485)   Other: 0.11ms
[615.408s][info][gc,heap        ] GC(1485) Eden regions: 389->0(405)
[615.408s][info][gc,heap        ] GC(1485) Survivor regions: 17->22(51)
[615.408s][info][gc,heap        ] GC(1485) Old regions: 479->472
[615.408s][info][gc,heap        ] GC(1485) Humongous regions: 5->5
[615.408s][info][gc,metaspace   ] GC(1485) Metaspace: 19103K(19328K)->19103K(19328K) NonClass: 16437K(16576K)->16437K(16576K) Class: 2666K(2752K)->2666K(2752K)
[615.409s][info][gc             ] GC(1485) Pause Young (Normal) (G1 Evacuation Pause) 888M->498M(978M) 51.786ms
[615.409s][info][gc,cpu         ] GC(1485) User=0.10s Sys=0.00s Real=0.05s
[615.732s][info][gc,marking     ] GC(1482) Concurrent Rebuild Remembered Sets and Scrub Regions 548.821ms
[615.733s][info][gc,start       ] GC(1482) Pause Cleanup
[615.733s][info][gc             ] GC(1482) Pause Cleanup 849M->849M(978M) 0.112ms
[615.733s][info][gc,cpu         ] GC(1482) User=0.00s Sys=0.00s Real=0.00s
[615.733s][info][gc,marking     ] GC(1482) Concurrent Clear Claimed Marks
[615.733s][info][gc,marking     ] GC(1482) Concurrent Clear Claimed Marks 0.047ms
[615.733s][info][gc,marking     ] GC(1482) Concurrent Cleanup for Next Mark
[615.738s][info][gc,marking     ] GC(1482) Concurrent Cleanup for Next Mark 4.867ms
[615.738s][info][gc             ] GC(1482) Concurrent Mark Cycle 1633.678ms
[615.798s][info][gc,start       ] GC(1486) Pause Young (Prepare Mixed) (G1 Evacuation Pause)
[615.798s][info][gc,task        ] GC(1486) Using 2 workers of 2 for evacuation
[615.850s][info][gc,phases      ] GC(1486)   Pre Evacuate Collection Set: 0.47ms
[615.850s][info][gc,phases      ] GC(1486)   Merge Heap Roots: 0.51ms
[615.850s][info][gc,phases      ] GC(1486)   Evacuate Collection Set: 50.83ms
[615.850s][info][gc,phases      ] GC(1486)   Post Evacuate Collection Set: 0.69ms
[615.850s][info][gc,phases      ] GC(1486)   Other: 0.09ms
[615.850s][info][gc,heap        ] GC(1486) Eden regions: 405->0(373)
[615.850s][info][gc,heap        ] GC(1486) Survivor regions: 22->39(54)
[615.850s][info][gc,heap        ] GC(1486) Old regions: 472->472
[615.850s][info][gc,heap        ] GC(1486) Humongous regions: 5->5
[615.850s][info][gc,metaspace   ] GC(1486) Metaspace: 19103K(19328K)->19103K(19328K) NonClass: 16437K(16576K)->16437K(16576K) Class: 2666K(2752K)->2666K(2752K)
[615.850s][info][gc             ] GC(1486) Pause Young (Prepare Mixed) (G1 Evacuation Pause) 903M->515M(978M) 52.801ms
[615.850s][info][gc,cpu         ] GC(1486) User=0.10s Sys=0.00s Real=0.05s
[616.355s][info][gc,start       ] GC(1487) Pause Young (Mixed) (G1 Evacuation Pause)
[616.355s][info][gc,task        ] GC(1487) Using 2 workers of 2 for evacuation
[616.509s][info][gc,phases      ] GC(1487)   Pre Evacuate Collection Set: 0.53ms
[616.509s][info][gc,phases      ] GC(1487)   Merge Heap Roots: 1.01ms
[616.509s][info][gc,phases      ] GC(1487)   Evacuate Collection Set: 144.63ms
[616.509s][info][gc,phases      ] GC(1487)   Post Evacuate Collection Set: 7.86ms
[616.509s][info][gc,phases      ] GC(1487)   Other: 0.08ms
[616.509s][info][gc,heap        ] GC(1487) Eden regions: 373->0(174)
[616.509s][info][gc,heap        ] GC(1487) Survivor regions: 39->52(52)
[616.509s][info][gc,heap        ] GC(1487) Old regions: 472->642
[616.509s][info][gc,heap        ] GC(1487) Humongous regions: 8->8
[616.509s][info][gc,metaspace   ] GC(1487) Metaspace: 19103K(19328K)->19103K(19328K) NonClass: 16437K(16576K)->16437K(16576K) Class: 2666K(2752K)->2666K(2752K)
[616.509s][info][gc             ] GC(1487) Pause Young (Mixed) (G1 Evacuation Pause) (Evacuation Failure: Allocation) 891M->701M(978M) 154.380ms
[616.509s][info][gc,cpu         ] GC(1487) User=0.31s Sys=0.00s Real=0.15s
[616.698s][info][gc,start       ] GC(1488) Pause Young (Concurrent Start) (G1 Evacuation Pause)
[616.698s][info][gc,task        ] GC(1488) Using 2 workers of 2 for evacuation
[616.780s][info][gc,phases      ] GC(1488)   Pre Evacuate Collection Set: 0.38ms
[616.781s][info][gc,phases      ] GC(1488)   Merge Heap Roots: 0.56ms
[616.781s][info][gc,phases      ] GC(1488)   Evacuate Collection Set: 80.77ms
[616.781s][info][gc,phases      ] GC(1488)   Post Evacuate Collection Set: 0.62ms
[616.781s][info][gc,phases      ] GC(1488)   Other: 0.10ms
[616.781s][info][gc,heap        ] GC(1488) Eden regions: 174->0(334)
[616.781s][info][gc,heap        ] GC(1488) Survivor regions: 52->3(29)
[616.781s][info][gc,heap        ] GC(1488) Old regions: 642->561
[616.781s][info][gc,heap        ] GC(1488) Humongous regions: 8->8
[616.781s][info][gc,metaspace   ] GC(1488) Metaspace: 19103K(19328K)->19103K(19328K) NonClass: 16437K(16576K)->16437K(16576K) Class: 2666K(2752K)->2666K(2752K)
[616.781s][info][gc             ] GC(1488) Pause Young (Concurrent Start) (G1 Evacuation Pause) 875M->571M(978M) 82.715ms
[616.781s][info][gc             ] GC(1489) Concurrent Mark Cycle
[616.781s][info][gc,marking     ] GC(1489) Concurrent Scan Root Regions
[616.783s][info][gc,cpu         ] GC(1488) User=0.17s Sys=0.00s Real=0.09s
[616.916s][info][gc,marking     ] GC(1489) Concurrent Scan Root Regions 135.531ms
[616.916s][info][gc,marking     ] GC(1489) Concurrent Mark
[616.916s][info][gc,marking     ] GC(1489) Concurrent Mark From Roots
[616.916s][info][gc,task        ] GC(1489) Using 1 workers of 1 for marking
[617.401s][info][gc,start       ] GC(1490) Pause Young (Normal) (G1 Evacuation Pause)
[617.401s][info][gc,task        ] GC(1490) Using 2 workers of 2 for evacuation
[617.418s][info][gc,phases      ] GC(1490)   Pre Evacuate Collection Set: 0.30ms
[617.418s][info][gc,phases      ] GC(1490)   Merge Heap Roots: 0.22ms
[617.418s][info][gc,phases      ] GC(1490)   Evacuate Collection Set: 15.54ms
[617.418s][info][gc,phases      ] GC(1490)   Post Evacuate Collection Set: 0.49ms
[617.418s][info][gc,phases      ] GC(1490)   Other: 0.10ms
[617.418s][info][gc,heap        ] GC(1490) Eden regions: 334->0(334)
[617.418s][info][gc,heap        ] GC(1490) Survivor regions: 3->11(43)
[617.418s][info][gc,heap        ] GC(1490) Old regions: 561->561
[617.418s][info][gc,heap        ] GC(1490) Humongous regions: 8->8
[617.418s][info][gc,metaspace   ] GC(1490) Metaspace: 19104K(19328K)->19104K(19328K) NonClass: 16438K(16576K)->16438K(16576K) Class: 2666K(2752K)->2666K(2752K)
[617.418s][info][gc             ] GC(1490) Pause Young (Normal) (G1 Evacuation Pause) 905M->579M(978M) 16.868ms
[617.418s][info][gc,cpu         ] GC(1490) User=0.04s Sys=0.00s Real=0.01s
[618.239s][info][gc,marking     ] GC(1489) Concurrent Mark From Roots 1322.882ms
[618.239s][info][gc,marking     ] GC(1489) Concurrent Preclean
[618.239s][info][gc,marking     ] GC(1489) Concurrent Preclean 0.032ms
[618.239s][info][gc,start       ] GC(1489) Pause Remark
[618.247s][info][gc             ] GC(1489) Pause Remark 807M->806M(978M) 7.768ms
[618.247s][info][gc,cpu         ] GC(1489) User=0.01s Sys=0.00s Real=0.01s
[618.249s][info][gc,marking     ] GC(1489) Concurrent Mark 1332.704ms
[618.249s][info][gc,marking     ] GC(1489) Concurrent Rebuild Remembered Sets and Scrub Regions
[618.713s][info][gc,start       ] GC(1491) Pause Young (Normal) (G1 Evacuation Pause)
[618.713s][info][gc,task        ] GC(1491) Using 2 workers of 2 for evacuation
[618.732s][info][gc,phases      ] GC(1491)   Pre Evacuate Collection Set: 0.25ms
[618.732s][info][gc,phases      ] GC(1491)   Merge Heap Roots: 0.27ms
[618.732s][info][gc,phases      ] GC(1491)   Evacuate Collection Set: 17.22ms
[618.732s][info][gc,phases      ] GC(1491)   Post Evacuate Collection Set: 0.54ms
[618.732s][info][gc,phases      ] GC(1491)   Other: 0.11ms
[618.732s][info][gc,heap        ] GC(1491) Eden regions: 334->0(332)
[618.732s][info][gc,heap        ] GC(1491) Survivor regions: 11->14(44)
[618.732s][info][gc,heap        ] GC(1491) Old regions: 561->561
[618.732s][info][gc,heap        ] GC(1491) Humongous regions: 7->7
[618.732s][info][gc,metaspace   ] GC(1491) Metaspace: 19104K(19328K)->19104K(19328K) NonClass: 16438K(16576K)->16438K(16576K) Class: 2666K(2752K)->2666K(2752K)
[618.732s][info][gc             ] GC(1491) Pause Young (Normal) (G1 Evacuation Pause) 912M->581M(978M) 18.599ms
[618.732s][info][gc,cpu         ] GC(1491) User=0.03s Sys=0.00s Real=0.02s
[618.748s][info][gc,marking     ] GC(1489) Concurrent Rebuild Remembered Sets and Scrub Regions 499.257ms
[618.748s][info][gc,start       ] GC(1489) Pause Cleanup
[618.748s][info][gc             ] GC(1489) Pause Cleanup 583M->583M(978M) 0.088ms
[618.748s][info][gc,cpu         ] GC(1489) User=0.00s Sys=0.00s Real=0.00s
[618.749s][info][gc,marking     ] GC(1489) Concurrent Clear Claimed Marks
[618.749s][info][gc,marking     ] GC(1489) Concurrent Clear Claimed Marks 0.031ms
[618.749s][info][gc,marking     ] GC(1489) Concurrent Cleanup for Next Mark
[618.751s][info][gc,marking     ] GC(1489) Concurrent Cleanup for Next Mark 2.847ms
[618.751s][info][gc             ] GC(1489) Concurrent Mark Cycle 1970.812ms
[620.045s][info][gc,start       ] GC(1492) Pause Young (Prepare Mixed) (G1 Evacuation Pause)
[620.046s][info][gc,task        ] GC(1492) Using 2 workers of 2 for evacuation
[620.066s][info][gc,phases      ] GC(1492)   Pre Evacuate Collection Set: 0.52ms
[620.066s][info][gc,phases      ] GC(1492)   Merge Heap Roots: 0.29ms
[620.066s][info][gc,phases      ] GC(1492)   Evacuate Collection Set: 18.58ms
[620.066s][info][gc,phases      ] GC(1492)   Post Evacuate Collection Set: 0.54ms
[620.066s][info][gc,phases      ] GC(1492)   Other: 0.09ms
[620.066s][info][gc,heap        ] GC(1492) Eden regions: 332->0(332)
[620.066s][info][gc,heap        ] GC(1492) Survivor regions: 14->14(44)
[620.066s][info][gc,heap        ] GC(1492) Old regions: 561->561
[620.066s][info][gc,heap        ] GC(1492) Humongous regions: 7->7
[620.066s][info][gc,metaspace   ] GC(1492) Metaspace: 19105K(19328K)->19105K(19328K) NonClass: 16438K(16576K)->16438K(16576K) Class: 2666K(2752K)->2666K(2752K)
[620.066s][info][gc             ] GC(1492) Pause Young (Prepare Mixed) (G1 Evacuation Pause) 913M->581M(978M) 20.236ms
[620.066s][info][gc,cpu         ] GC(1492) User=0.04s Sys=0.00s Real=0.02s
[620.599s][info][gc,start       ] GC(1493) Pause Young (Mixed) (G1 Evacuation Pause)
[620.599s][info][gc,task        ] GC(1493) Using 2 workers of 2 for evacuation
[620.668s][info][gc,phases      ] GC(1493)   Pre Evacuate Collection Set: 0.32ms
[620.668s][info][gc,phases      ] GC(1493)   Merge Heap Roots: 0.51ms
[620.668s][info][gc,phases      ] GC(1493)   Evacuate Collection Set: 67.56ms
[620.668s][info][gc,phases      ] GC(1493)   Post Evacuate Collection Set: 0.59ms
[620.668s][info][gc,phases      ] GC(1493)   Other: 0.08ms
[620.668s][info][gc,heap        ] GC(1493) Eden regions: 332->0(295)
[620.668s][info][gc,heap        ] GC(1493) Survivor regions: 14->35(44)
[620.668s][info][gc,heap        ] GC(1493) Old regions: 561->556
[620.668s][info][gc,heap        ] GC(1493) Humongous regions: 7->7
[620.668s][info][gc,metaspace   ] GC(1493) Metaspace: 19105K(19328K)->19105K(19328K) NonClass: 16438K(16576K)->16438K(16576K) Class: 2666K(2752K)->2666K(2752K)
[620.668s][info][gc             ] GC(1493) Pause Young (Mixed) (G1 Evacuation Pause) 913M->597M(978M) 69.287ms
[620.668s][info][gc,cpu         ] GC(1493) User=0.14s Sys=0.00s Real=0.07s
[621.849s][info][gc,start       ] GC(1494) Pause Young (Concurrent Start) (G1 Evacuation Pause)
[621.849s][info][gc,task        ] GC(1494) Using 2 workers of 2 for evacuation
[621.889s][info][gc,phases      ] GC(1494)   Pre Evacuate Collection Set: 0.34ms
[621.889s][info][gc,phases      ] GC(1494)   Merge Heap Roots: 0.28ms
[621.889s][info][gc,phases      ] GC(1494)   Evacuate Collection Set: 38.80ms
[621.889s][info][gc,phases      ] GC(1494)   Post Evacuate Collection Set: 0.55ms
[621.889s][info][gc,phases      ] GC(1494)   Other: 0.23ms
[621.889s][info][gc,heap        ] GC(1494) Eden regions: 295->0(325)
[621.889s][info][gc,heap        ] GC(1494) Survivor regions: 35->3(42)
[621.889s][info][gc,heap        ] GC(1494) Old regions: 556->590
[621.889s][info][gc,heap        ] GC(1494) Humongous regions: 7->7
[621.889s][info][gc,metaspace   ] GC(1494) Metaspace: 19111K(19328K)->19111K(19328K) NonClass: 16445K(16576K)->16445K(16576K) Class: 2666K(2752K)->2666K(2752K)
[621.889s][info][gc             ] GC(1494) Pause Young (Concurrent Start) (G1 Evacuation Pause) 892M->599M(978M) 40.373ms
[621.889s][info][gc,cpu         ] GC(1494) User=0.08s Sys=0.00s Real=0.04s
[621.890s][info][gc             ] GC(1495) Concurrent Mark Cycle
[621.890s][info][gc,marking     ] GC(1495) Concurrent Scan Root Regions
[621.927s][info][gc,marking     ] GC(1495) Concurrent Scan Root Regions 37.551ms
[621.927s][info][gc,marking     ] GC(1495) Concurrent Mark
[621.927s][info][gc,marking     ] GC(1495) Concurrent Mark From Roots
[621.927s][info][gc,task        ] GC(1495) Using 1 workers of 1 for marking
[622.668s][info][gc,start       ] GC(1496) Pause Young (Normal) (G1 Evacuation Pause)
[622.668s][info][gc,task        ] GC(1496) Using 2 workers of 2 for evacuation
[622.692s][info][gc,phases      ] GC(1496)   Pre Evacuate Collection Set: 0.46ms
[622.692s][info][gc,phases      ] GC(1496)   Merge Heap Roots: 0.10ms
[622.692s][info][gc,phases      ] GC(1496)   Evacuate Collection Set: 23.37ms
[622.692s][info][gc,phases      ] GC(1496)   Post Evacuate Collection Set: 0.58ms
[622.692s][info][gc,phases      ] GC(1496)   Other: 0.08ms
[622.692s][info][gc,heap        ] GC(1496) Eden regions: 325->0(281)
[622.692s][info][gc,heap        ] GC(1496) Survivor regions: 3->25(41)
[622.692s][info][gc,heap        ] GC(1496) Old regions: 590->590
[622.692s][info][gc,heap        ] GC(1496) Humongous regions: 7->7
[622.692s][info][gc,metaspace   ] GC(1496) Metaspace: 19116K(19328K)->19116K(19328K) NonClass: 16450K(16576K)->16450K(16576K) Class: 2666K(2752K)->2666K(2752K)
[622.692s][info][gc             ] GC(1496) Pause Young (Normal) (G1 Evacuation Pause) 924M->621M(978M) 24.778ms
[622.692s][info][gc,cpu         ] GC(1496) User=0.04s Sys=0.00s Real=0.03s
[622.874s][info][gc,marking     ] GC(1495) Concurrent Mark From Roots 946.615ms
[622.874s][info][gc,marking     ] GC(1495) Concurrent Preclean
[622.874s][info][gc,marking     ] GC(1495) Concurrent Preclean 0.030ms
[622.874s][info][gc,start       ] GC(1495) Pause Remark
[622.882s][info][gc             ] GC(1495) Pause Remark 736M->655M(978M) 8.192ms
[622.882s][info][gc,cpu         ] GC(1495) User=0.02s Sys=0.00s Real=0.01s
[622.884s][info][gc,marking     ] GC(1495) Concurrent Mark 956.871ms
[622.884s][info][gc,marking     ] GC(1495) Concurrent Rebuild Remembered Sets and Scrub Regions
[623.083s][info][gc,start       ] GC(1497) Pause Young (Normal) (G1 Evacuation Pause)
[623.083s][info][gc,task        ] GC(1497) Using 2 workers of 2 for evacuation
[623.193s][info][gc,phases      ] GC(1497)   Pre Evacuate Collection Set: 0.29ms
[623.193s][info][gc,phases      ] GC(1497)   Merge Heap Roots: 0.12ms
[623.193s][info][gc,phases      ] GC(1497)   Evacuate Collection Set: 108.48ms
[623.193s][info][gc,phases      ] GC(1497)   Post Evacuate Collection Set: 0.88ms
[623.193s][info][gc,phases      ] GC(1497)   Other: 0.08ms
[623.193s][info][gc,heap        ] GC(1497) Eden regions: 281->0(236)
[623.193s][info][gc,heap        ] GC(1497) Survivor regions: 25->39(39)
[623.193s][info][gc,heap        ] GC(1497) Old regions: 511->591
[623.193s][info][gc,heap        ] GC(1497) Humongous regions: 5->5
[623.193s][info][gc,metaspace   ] GC(1497) Metaspace: 19122K(19328K)->19122K(19328K) NonClass: 16456K(16576K)->16456K(16576K) Class: 2666K(2752K)->2666K(2752K)
[623.193s][info][gc             ] GC(1497) Pause Young (Normal) (G1 Evacuation Pause) 821M->634M(978M) 110.094ms
[623.193s][info][gc,cpu         ] GC(1497) User=0.22s Sys=0.00s Real=0.11s
[623.467s][info][gc,marking     ] GC(1495) Concurrent Rebuild Remembered Sets and Scrub Regions 582.615ms
[623.467s][info][gc,start       ] GC(1495) Pause Cleanup
[623.467s][info][gc             ] GC(1495) Pause Cleanup 750M->750M(978M) 0.153ms
[623.467s][info][gc,cpu         ] GC(1495) User=0.00s Sys=0.00s Real=0.00s
[623.468s][info][gc,marking     ] GC(1495) Concurrent Clear Claimed Marks
[623.468s][info][gc,marking     ] GC(1495) Concurrent Clear Claimed Marks 0.050ms
[623.468s][info][gc,marking     ] GC(1495) Concurrent Cleanup for Next Mark
[623.473s][info][gc,marking     ] GC(1495) Concurrent Cleanup for Next Mark 4.909ms
[623.473s][info][gc             ] GC(1495) Concurrent Mark Cycle 1583.906ms
[623.605s][info][gc,start       ] GC(1498) Pause Young (Prepare Mixed) (G1 Evacuation Pause)
[623.605s][info][gc,task        ] GC(1498) Using 2 workers of 2 for evacuation
[623.721s][info][gc,phases      ] GC(1498)   Pre Evacuate Collection Set: 0.28ms
[623.721s][info][gc,phases      ] GC(1498)   Merge Heap Roots: 0.44ms
[623.721s][info][gc,phases      ] GC(1498)   Evacuate Collection Set: 114.50ms
[623.721s][info][gc,phases      ] GC(1498)   Post Evacuate Collection Set: 0.79ms
[623.721s][info][gc,phases      ] GC(1498)   Other: 0.09ms
[623.721s][info][gc,heap        ] GC(1498) Eden regions: 236->0(189)
[623.721s][info][gc,heap        ] GC(1498) Survivor regions: 39->35(35)
[623.721s][info][gc,heap        ] GC(1498) Old regions: 591->651
[623.721s][info][gc,heap        ] GC(1498) Humongous regions: 6->6
[623.721s][info][gc,metaspace   ] GC(1498) Metaspace: 19122K(19328K)->19122K(19328K) NonClass: 16456K(16576K)->16456K(16576K) Class: 2666K(2752K)->2666K(2752K)
[623.721s][info][gc             ] GC(1498) Pause Young (Prepare Mixed) (G1 Evacuation Pause) 871M->691M(978M) 116.366ms
[623.721s][info][gc,cpu         ] GC(1498) User=0.23s Sys=0.00s Real=0.12s
[624.006s][info][gc,start       ] GC(1499) Pause Young (Mixed) (G1 Evacuation Pause)
[624.006s][info][gc,task        ] GC(1499) Using 2 workers of 2 for evacuation
[624.108s][info][gc,phases      ] GC(1499)   Pre Evacuate Collection Set: 0.52ms
[624.108s][info][gc,phases      ] GC(1499)   Merge Heap Roots: 0.78ms
[624.108s][info][gc,phases      ] GC(1499)   Evacuate Collection Set: 99.46ms
[624.108s][info][gc,phases      ] GC(1499)   Post Evacuate Collection Set: 0.62ms
[624.108s][info][gc,phases      ] GC(1499)   Other: 0.09ms
[624.108s][info][gc,heap        ] GC(1499) Eden regions: 189->0(180)
[624.108s][info][gc,heap        ] GC(1499) Survivor regions: 35->28(28)
[624.108s][info][gc,heap        ] GC(1499) Old regions: 651->663
[624.108s][info][gc,heap        ] GC(1499) Humongous regions: 9->9
[624.108s][info][gc,metaspace   ] GC(1499) Metaspace: 19124K(19328K)->19124K(19328K) NonClass: 16457K(16576K)->16457K(16576K) Class: 2666K(2752K)->2666K(2752K)
[624.108s][info][gc             ] GC(1499) Pause Young (Mixed) (G1 Evacuation Pause) 883M->699M(978M) 101.711ms
[624.108s][info][gc,cpu         ] GC(1499) User=0.20s Sys=0.00s Real=0.10s
[624.289s][info][gc,start       ] GC(1500) Pause Young (Concurrent Start) (G1 Evacuation Pause)
[624.290s][info][gc,task        ] GC(1500) Using 2 workers of 2 for evacuation
[624.340s][info][gc,phases      ] GC(1500)   Pre Evacuate Collection Set: 0.32ms
[624.340s][info][gc,phases      ] GC(1500)   Merge Heap Roots: 0.37ms
[624.340s][info][gc,phases      ] GC(1500)   Evacuate Collection Set: 49.35ms
[624.340s][info][gc,phases      ] GC(1500)   Post Evacuate Collection Set: 0.46ms
[624.340s][info][gc,phases      ] GC(1500)   Other: 0.09ms
[624.340s][info][gc,heap        ] GC(1500) Eden regions: 180->0(188)
[624.340s][info][gc,heap        ] GC(1500) Survivor regions: 28->7(26)
[624.340s][info][gc,heap        ] GC(1500) Old regions: 663->691
[624.340s][info][gc,heap        ] GC(1500) Humongous regions: 9->9
[624.340s][info][gc,metaspace   ] GC(1500) Metaspace: 19124K(19328K)->19124K(19328K) NonClass: 16457K(16576K)->16457K(16576K) Class: 2666K(2752K)->2666K(2752K)
[624.340s][info][gc             ] GC(1500) Pause Young (Concurrent Start) (G1 Evacuation Pause) 879M->706M(978M) 50.830ms
[624.340s][info][gc             ] GC(1501) Concurrent Mark Cycle
[624.340s][info][gc,marking     ] GC(1501) Concurrent Scan Root Regions
[624.340s][info][gc,cpu         ] GC(1500) User=0.10s Sys=0.00s Real=0.05s
[624.426s][info][gc,marking     ] GC(1501) Concurrent Scan Root Regions 86.113ms
[624.427s][info][gc,marking     ] GC(1501) Concurrent Mark
[624.427s][info][gc,marking     ] GC(1501) Concurrent Mark From Roots
[624.427s][info][gc,task        ] GC(1501) Using 1 workers of 1 for marking
[624.535s][info][gc,start       ] GC(1502) Pause Young (Normal) (G1 Evacuation Pause)
[624.535s][info][gc,task        ] GC(1502) Using 2 workers of 2 for evacuation
[624.590s][info][gc,phases      ] GC(1502)   Pre Evacuate Collection Set: 0.30ms
[624.590s][info][gc,phases      ] GC(1502)   Merge Heap Roots: 0.17ms
[624.590s][info][gc,phases      ] GC(1502)   Evacuate Collection Set: 53.31ms
[624.590s][info][gc,phases      ] GC(1502)   Post Evacuate Collection Set: 0.49ms
[624.590s][info][gc,phases      ] GC(1502)   Other: 0.09ms
[624.590s][info][gc,heap        ] GC(1502) Eden regions: 188->0(150)
[624.590s][info][gc,heap        ] GC(1502) Survivor regions: 7->25(25)
[624.590s][info][gc,heap        ] GC(1502) Old regions: 691->719
[624.590s][info][gc,heap        ] GC(1502) Humongous regions: 9->9
[624.590s][info][gc,metaspace   ] GC(1502) Metaspace: 19124K(19328K)->19124K(19328K) NonClass: 16457K(16576K)->16457K(16576K) Class: 2666K(2752K)->2666K(2752K)
[624.590s][info][gc             ] GC(1502) Pause Young (Normal) (G1 Evacuation Pause) 894M->752M(978M) 54.571ms
[624.590s][info][gc,cpu         ] GC(1502) User=0.11s Sys=0.00s Real=0.05s
[624.811s][info][gc,start       ] GC(1503) Pause Young (Normal) (G1 Evacuation Pause)
[624.811s][info][gc,task        ] GC(1503) Using 2 workers of 2 for evacuation
[624.861s][info][gc,phases      ] GC(1503)   Pre Evacuate Collection Set: 0.29ms
[624.861s][info][gc,phases      ] GC(1503)   Merge Heap Roots: 0.31ms
[624.861s][info][gc,phases      ] GC(1503)   Evacuate Collection Set: 48.96ms
[624.861s][info][gc,phases      ] GC(1503)   Post Evacuate Collection Set: 0.44ms
[624.861s][info][gc,phases      ] GC(1503)   Other: 0.07ms
[624.861s][info][gc,heap        ] GC(1503) Eden regions: 150->0(138)
[624.861s][info][gc,heap        ] GC(1503) Survivor regions: 25->18(22)
[624.861s][info][gc,heap        ] GC(1503) Old regions: 719->745
[624.861s][info][gc,heap        ] GC(1503) Humongous regions: 9->9
[624.861s][info][gc,metaspace   ] GC(1503) Metaspace: 19124K(19328K)->19124K(19328K) NonClass: 16457K(16576K)->16457K(16576K) Class: 2666K(2752K)->2666K(2752K)
[624.861s][info][gc             ] GC(1503) Pause Young (Normal) (G1 Evacuation Pause) 902M->771M(978M) 50.277ms
[624.861s][info][gc,cpu         ] GC(1503) User=0.10s Sys=0.00s Real=0.05s
[625.006s][info][gc,marking     ] GC(1501) Concurrent Mark From Roots 579.152ms
[625.006s][info][gc,marking     ] GC(1501) Concurrent Preclean
[625.006s][info][gc,marking     ] GC(1501) Concurrent Preclean 0.032ms
[625.006s][info][gc,start       ] GC(1501) Pause Remark
[625.014s][info][gc             ] GC(1501) Pause Remark 909M->440M(978M) 8.304ms
[625.014s][info][gc,cpu         ] GC(1501) User=0.02s Sys=0.00s Real=0.01s
[625.014s][info][gc,marking     ] GC(1501) Concurrent Mark 587.784ms
[625.014s][info][gc,marking     ] GC(1501) Concurrent Rebuild Remembered Sets and Scrub Regions
[625.016s][info][gc,start       ] GC(1504) Pause Young (Normal) (G1 Evacuation Pause)
[625.016s][info][gc,task        ] GC(1504) Using 2 workers of 2 for evacuation
[625.052s][info][gc,phases      ] GC(1504)   Pre Evacuate Collection Set: 0.25ms
[625.052s][info][gc,phases      ] GC(1504)   Merge Heap Roots: 0.24ms
[625.052s][info][gc,phases      ] GC(1504)   Evacuate Collection Set: 34.99ms
[625.052s][info][gc,phases      ] GC(1504)   Post Evacuate Collection Set: 0.40ms
[625.052s][info][gc,phases      ] GC(1504)   Other: 0.06ms
[625.052s][info][gc,heap        ] GC(1504) Eden regions: 138->0(439)
[625.052s][info][gc,heap        ] GC(1504) Survivor regions: 18->11(20)
[625.052s][info][gc,heap        ] GC(1504) Old regions: 282->299
[625.052s][info][gc,heap        ] GC(1504) Humongous regions: 4->4
[625.052s][info][gc,metaspace   ] GC(1504) Metaspace: 19124K(19328K)->19124K(19328K) NonClass: 16457K(16576K)->16457K(16576K) Class: 2666K(2752K)->2666K(2752K)
[625.052s][info][gc             ] GC(1504) Pause Young (Normal) (G1 Evacuation Pause) 441M->313M(978M) 36.085ms
[625.052s][info][gc,cpu         ] GC(1504) User=0.07s Sys=0.00s Real=0.04s
[625.281s][info][gc,marking     ] GC(1501) Concurrent Rebuild Remembered Sets and Scrub Regions 266.730ms
[625.281s][info][gc,start       ] GC(1501) Pause Cleanup
[625.281s][info][gc             ] GC(1501) Pause Cleanup 534M->534M(978M) 0.148ms
[625.281s][info][gc,cpu         ] GC(1501) User=0.00s Sys=0.00s Real=0.00s
[625.281s][info][gc,marking     ] GC(1501) Concurrent Clear Claimed Marks
[625.282s][info][gc,marking     ] GC(1501) Concurrent Clear Claimed Marks 0.035ms
[625.282s][info][gc,marking     ] GC(1501) Concurrent Cleanup for Next Mark
[625.289s][info][gc,marking     ] GC(1501) Concurrent Cleanup for Next Mark 7.337ms
[625.289s][info][gc             ] GC(1501) Concurrent Mark Cycle 948.553ms
[625.533s][info][gc,start       ] GC(1505) Pause Young (Prepare Mixed) (G1 Evacuation Pause)
[625.533s][info][gc,task        ] GC(1505) Using 2 workers of 2 for evacuation
[625.568s][info][gc,phases      ] GC(1505)   Pre Evacuate Collection Set: 0.34ms
[625.568s][info][gc,phases      ] GC(1505)   Merge Heap Roots: 0.33ms
[625.568s][info][gc,phases      ] GC(1505)   Evacuate Collection Set: 32.60ms
[625.568s][info][gc,phases      ] GC(1505)   Post Evacuate Collection Set: 0.74ms
[625.568s][info][gc,phases      ] GC(1505)   Other: 0.12ms
[625.568s][info][gc,heap        ] GC(1505) Eden regions: 439->0(463)
[625.568s][info][gc,heap        ] GC(1505) Survivor regions: 11->21(57)
[625.568s][info][gc,heap        ] GC(1505) Old regions: 299->299
[625.568s][info][gc,heap        ] GC(1505) Humongous regions: 4->4
[625.568s][info][gc,metaspace   ] GC(1505) Metaspace: 19124K(19328K)->19124K(19328K) NonClass: 16457K(16576K)->16457K(16576K) Class: 2666K(2752K)->2666K(2752K)
[625.568s][info][gc             ] GC(1505) Pause Young (Prepare Mixed) (G1 Evacuation Pause) 752M->323M(978M) 34.412ms
[625.568s][info][gc,cpu         ] GC(1505) User=0.06s Sys=0.00s Real=0.03s
[626.221s][info][gc,start       ] GC(1506) Pause Young (Mixed) (G1 Evacuation Pause)
[626.221s][info][gc,task        ] GC(1506) Using 2 workers of 2 for evacuation
[626.340s][info][gc,phases      ] GC(1506)   Pre Evacuate Collection Set: 0.30ms
[626.340s][info][gc,phases      ] GC(1506)   Merge Heap Roots: 0.46ms
[626.340s][info][gc,phases      ] GC(1506)   Evacuate Collection Set: 116.57ms
[626.340s][info][gc,phases      ] GC(1506)   Post Evacuate Collection Set: 0.74ms
[626.340s][info][gc,phases      ] GC(1506)   Other: 0.12ms
[626.340s][info][gc,heap        ] GC(1506) Eden regions: 463->0(389)
[626.340s][info][gc,heap        ] GC(1506) Survivor regions: 21->61(61)
[626.340s][info][gc,heap        ] GC(1506) Old regions: 299->331
[626.340s][info][gc,heap        ] GC(1506) Humongous regions: 5->5
[626.340s][info][gc,metaspace   ] GC(1506) Metaspace: 19124K(19328K)->19124K(19328K) NonClass: 16457K(16576K)->16457K(16576K) Class: 2666K(2752K)->2666K(2752K)
[626.340s][info][gc             ] GC(1506) Pause Young (Mixed) (G1 Evacuation Pause) 787M->396M(978M) 118.475ms
[626.340s][info][gc,cpu         ] GC(1506) User=0.23s Sys=0.00s Real=0.11s
[626.890s][info][gc,start       ] GC(1507) Pause Young (Concurrent Start) (G1 Evacuation Pause)
[626.890s][info][gc,task        ] GC(1507) Using 2 workers of 2 for evacuation
[626.988s][info][gc,phases      ] GC(1507)   Pre Evacuate Collection Set: 0.31ms
[626.988s][info][gc,phases      ] GC(1507)   Merge Heap Roots: 0.39ms
[626.988s][info][gc,phases      ] GC(1507)   Evacuate Collection Set: 96.18ms
[626.988s][info][gc,phases      ] GC(1507)   Post Evacuate Collection Set: 0.68ms
[626.988s][info][gc,phases      ] GC(1507)   Other: 0.14ms
[626.988s][info][gc,heap        ] GC(1507) Eden regions: 389->0(371)
[626.988s][info][gc,heap        ] GC(1507) Survivor regions: 61->34(57)
[626.988s][info][gc,heap        ] GC(1507) Old regions: 331->392
[626.988s][info][gc,heap        ] GC(1507) Humongous regions: 5->5
[626.988s][info][gc,metaspace   ] GC(1507) Metaspace: 19125K(19328K)->19125K(19328K) NonClass: 16459K(16576K)->16459K(16576K) Class: 2666K(2752K)->2666K(2752K)
[626.988s][info][gc             ] GC(1507) Pause Young (Concurrent Start) (G1 Evacuation Pause) 785M->430M(978M) 97.924ms
[626.988s][info][gc,cpu         ] GC(1507) User=0.19s Sys=0.00s Real=0.10s
[626.988s][info][gc             ] GC(1508) Concurrent Mark Cycle
[626.990s][info][gc,marking     ] GC(1508) Concurrent Scan Root Regions
[627.116s][info][gc,marking     ] GC(1508) Concurrent Scan Root Regions 125.833ms
[627.116s][info][gc,marking     ] GC(1508) Concurrent Mark
[627.116s][info][gc,marking     ] GC(1508) Concurrent Mark From Roots
[627.116s][info][gc,task        ] GC(1508) Using 1 workers of 1 for marking
[627.631s][info][gc,start       ] GC(1509) Pause Young (Normal) (G1 Evacuation Pause)
[627.631s][info][gc,task        ] GC(1509) Using 2 workers of 2 for evacuation
[627.765s][info][gc,phases      ] GC(1509)   Pre Evacuate Collection Set: 0.30ms
[627.765s][info][gc,phases      ] GC(1509)   Merge Heap Roots: 0.30ms
[627.765s][info][gc,phases      ] GC(1509)   Evacuate Collection Set: 131.90ms
[627.765s][info][gc,phases      ] GC(1509)   Post Evacuate Collection Set: 0.75ms
[627.765s][info][gc,phases      ] GC(1509)   Other: 0.11ms
[627.765s][info][gc,heap        ] GC(1509) Eden regions: 371->0(289)
[627.765s][info][gc,heap        ] GC(1509) Survivor regions: 34->51(51)
[627.765s][info][gc,heap        ] GC(1509) Old regions: 392->473
[627.765s][info][gc,heap        ] GC(1509) Humongous regions: 6->6
[627.765s][info][gc,metaspace   ] GC(1509) Metaspace: 19125K(19328K)->19125K(19328K) NonClass: 16459K(16576K)->16459K(16576K) Class: 2666K(2752K)->2666K(2752K)
[627.765s][info][gc             ] GC(1509) Pause Young (Normal) (G1 Evacuation Pause) 802M->529M(978M) 133.632ms
[627.765s][info][gc,cpu         ] GC(1509) User=0.27s Sys=0.00s Real=0.13s
[627.981s][info][gc,marking     ] GC(1508) Concurrent Mark From Roots 865.347ms
[627.981s][info][gc,marking     ] GC(1508) Concurrent Preclean
[627.981s][info][gc,marking     ] GC(1508) Concurrent Preclean 0.044ms
[627.981s][info][gc,start       ] GC(1508) Pause Remark
[627.990s][info][gc             ] GC(1508) Pause Remark 660M->613M(978M) 8.125ms
[627.990s][info][gc,cpu         ] GC(1508) User=0.02s Sys=0.00s Real=0.00s
[627.990s][info][gc,marking     ] GC(1508) Concurrent Mark 873.822ms
[627.990s][info][gc,marking     ] GC(1508) Concurrent Rebuild Remembered Sets and Scrub Regions
[628.310s][info][gc,start       ] GC(1510) Pause Young (Normal) (G1 Evacuation Pause)
[628.310s][info][gc,task        ] GC(1510) Using 2 workers of 2 for evacuation
[628.408s][info][gc,phases      ] GC(1510)   Pre Evacuate Collection Set: 0.30ms
[628.408s][info][gc,phases      ] GC(1510)   Merge Heap Roots: 0.43ms
[628.408s][info][gc,phases      ] GC(1510)   Evacuate Collection Set: 96.08ms
[628.408s][info][gc,phases      ] GC(1510)   Post Evacuate Collection Set: 0.59ms
[628.408s][info][gc,phases      ] GC(1510)   Other: 0.11ms
[628.408s][info][gc,heap        ] GC(1510) Eden regions: 289->0(288)
[628.408s][info][gc,heap        ] GC(1510) Survivor regions: 51->43(43)
[628.408s][info][gc,heap        ] GC(1510) Old regions: 427->482
[628.408s][info][gc,heap        ] GC(1510) Humongous regions: 5->5
[628.408s][info][gc,metaspace   ] GC(1510) Metaspace: 19126K(19328K)->19126K(19328K) NonClass: 16459K(16576K)->16459K(16576K) Class: 2666K(2752K)->2666K(2752K)
[628.408s][info][gc             ] GC(1510) Pause Young (Normal) (G1 Evacuation Pause) 771M->529M(978M) 97.779ms
[628.408s][info][gc,cpu         ] GC(1510) User=0.19s Sys=0.00s Real=0.10s
[628.461s][info][gc,marking     ] GC(1508) Concurrent Rebuild Remembered Sets and Scrub Regions 470.866ms
[628.461s][info][gc,start       ] GC(1508) Pause Cleanup
[628.461s][info][gc             ] GC(1508) Pause Cleanup 576M->576M(978M) 0.124ms
[628.461s][info][gc,cpu         ] GC(1508) User=0.00s Sys=0.00s Real=0.01s
[628.461s][info][gc,marking     ] GC(1508) Concurrent Clear Claimed Marks
[628.461s][info][gc,marking     ] GC(1508) Concurrent Clear Claimed Marks 0.034ms
[628.461s][info][gc,marking     ] GC(1508) Concurrent Cleanup for Next Mark
[628.466s][info][gc,marking     ] GC(1508) Concurrent Cleanup for Next Mark 4.911ms
[628.466s][info][gc             ] GC(1508) Concurrent Mark Cycle 1478.268ms
[628.632s][info][gc,start       ] GC(1511) Pause Young (Prepare Mixed) (G1 Evacuation Pause)
[628.632s][info][gc,task        ] GC(1511) Using 2 workers of 2 for evacuation
[628.754s][info][gc,phases      ] GC(1511)   Pre Evacuate Collection Set: 0.53ms
[628.754s][info][gc,phases      ] GC(1511)   Merge Heap Roots: 0.19ms
[628.754s][info][gc,phases      ] GC(1511)   Evacuate Collection Set: 120.14ms
[628.754s][info][gc,phases      ] GC(1511)   Post Evacuate Collection Set: 0.73ms
[628.754s][info][gc,phases      ] GC(1511)   Other: 0.08ms
[628.754s][info][gc,heap        ] GC(1511) Eden regions: 288->0(202)
[628.754s][info][gc,heap        ] GC(1511) Survivor regions: 43->42(42)
[628.754s][info][gc,heap        ] GC(1511) Old regions: 482->579
[628.754s][info][gc,heap        ] GC(1511) Humongous regions: 5->5
[628.754s][info][gc,metaspace   ] GC(1511) Metaspace: 19126K(19328K)->19126K(19328K) NonClass: 16459K(16576K)->16459K(16576K) Class: 2666K(2752K)->2666K(2752K)
[628.754s][info][gc             ] GC(1511) Pause Young (Prepare Mixed) (G1 Evacuation Pause) 817M->625M(978M) 121.949ms
[628.754s][info][gc,cpu         ] GC(1511) User=0.24s Sys=0.01s Real=0.12s
[628.898s][info][gc,start       ] GC(1512) Pause Young (Mixed) (G1 Evacuation Pause)
[628.898s][info][gc,task        ] GC(1512) Using 2 workers of 2 for evacuation
[629.005s][info][gc,phases      ] GC(1512)   Pre Evacuate Collection Set: 0.52ms
[629.005s][info][gc,phases      ] GC(1512)   Merge Heap Roots: 0.45ms
[629.005s][info][gc,phases      ] GC(1512)   Evacuate Collection Set: 104.92ms
[629.005s][info][gc,phases      ] GC(1512)   Post Evacuate Collection Set: 0.77ms
[629.005s][info][gc,phases      ] GC(1512)   Other: 0.07ms
[629.005s][info][gc,heap        ] GC(1512) Eden regions: 202->0(165)
[629.005s][info][gc,heap        ] GC(1512) Survivor regions: 42->31(31)
[629.005s][info][gc,heap        ] GC(1512) Old regions: 579->647
[629.005s][info][gc,heap        ] GC(1512) Humongous regions: 5->5
[629.005s][info][gc,metaspace   ] GC(1512) Metaspace: 19126K(19328K)->19126K(19328K) NonClass: 16459K(16576K)->16459K(16576K) Class: 2666K(2752K)->2666K(2752K)
[629.005s][info][gc             ] GC(1512) Pause Young (Mixed) (G1 Evacuation Pause) 827M->682M(978M) 106.923ms
[629.005s][info][gc,cpu         ] GC(1512) User=0.22s Sys=0.00s Real=0.11s
[629.136s][info][gc,start       ] GC(1513) Pause Young (Concurrent Start) (G1 Humongous Allocation)
[629.136s][info][gc,task        ] GC(1513) Using 2 workers of 2 for evacuation
[629.215s][info][gc,phases      ] GC(1513)   Pre Evacuate Collection Set: 0.30ms
[629.215s][info][gc,phases      ] GC(1513)   Merge Heap Roots: 0.58ms
[629.215s][info][gc,phases      ] GC(1513)   Evacuate Collection Set: 77.66ms
[629.215s][info][gc,phases      ] GC(1513)   Post Evacuate Collection Set: 0.54ms
[629.215s][info][gc,phases      ] GC(1513)   Other: 0.09ms
[629.215s][info][gc,heap        ] GC(1513) Eden regions: 133->0(151)
[629.215s][info][gc,heap        ] GC(1513) Survivor regions: 31->25(25)
[629.215s][info][gc,heap        ] GC(1513) Old regions: 647->682
[629.215s][info][gc,heap        ] GC(1513) Humongous regions: 5->5
[629.215s][info][gc,metaspace   ] GC(1513) Metaspace: 19126K(19328K)->19126K(19328K) NonClass: 16459K(16576K)->16459K(16576K) Class: 2666K(2752K)->2666K(2752K)
[629.215s][info][gc             ] GC(1513) Pause Young (Concurrent Start) (G1 Humongous Allocation) 815M->711M(978M) 79.374ms
[629.215s][info][gc             ] GC(1514) Concurrent Mark Cycle
[629.215s][info][gc,marking     ] GC(1514) Concurrent Scan Root Regions
[629.217s][info][gc,cpu         ] GC(1513) User=0.16s Sys=0.00s Real=0.08s
[629.301s][info][gc,marking     ] GC(1514) Concurrent Scan Root Regions 85.862ms
[629.301s][info][gc,marking     ] GC(1514) Concurrent Mark
[629.301s][info][gc,marking     ] GC(1514) Concurrent Mark From Roots
[629.301s][info][gc,task        ] GC(1514) Using 1 workers of 1 for marking
[629.399s][info][gc,start       ] GC(1515) Pause Young (Normal) (G1 Evacuation Pause)
[629.399s][info][gc,task        ] GC(1515) Using 2 workers of 2 for evacuation
[629.446s][info][gc,phases      ] GC(1515)   Pre Evacuate Collection Set: 0.49ms
[629.447s][info][gc,phases      ] GC(1515)   Merge Heap Roots: 0.25ms
[629.447s][info][gc,phases      ] GC(1515)   Evacuate Collection Set: 45.99ms
[629.447s][info][gc,phases      ] GC(1515)   Post Evacuate Collection Set: 0.42ms
[629.447s][info][gc,phases      ] GC(1515)   Other: 0.07ms
[629.447s][info][gc,heap        ] GC(1515) Eden regions: 151->0(148)
[629.447s][info][gc,heap        ] GC(1515) Survivor regions: 25->17(22)
[629.447s][info][gc,heap        ] GC(1515) Old regions: 682->707
[629.447s][info][gc,heap        ] GC(1515) Humongous regions: 8->8
[629.447s][info][gc,metaspace   ] GC(1515) Metaspace: 19126K(19328K)->19126K(19328K) NonClass: 16459K(16576K)->16459K(16576K) Class: 2666K(2752K)->2666K(2752K)
[629.447s][info][gc             ] GC(1515) Pause Young (Normal) (G1 Evacuation Pause) 865M->731M(978M) 47.475ms
[629.447s][info][gc,cpu         ] GC(1515) User=0.10s Sys=0.00s Real=0.05s
[629.701s][info][gc,start       ] GC(1516) Pause Young (Normal) (G1 Evacuation Pause)
[629.701s][info][gc,task        ] GC(1516) Using 2 workers of 2 for evacuation
[629.777s][info][gc,phases      ] GC(1516)   Pre Evacuate Collection Set: 0.51ms
[629.777s][info][gc,phases      ] GC(1516)   Merge Heap Roots: 0.34ms
[629.777s][info][gc,phases      ] GC(1516)   Evacuate Collection Set: 74.23ms
[629.777s][info][gc,phases      ] GC(1516)   Post Evacuate Collection Set: 0.41ms
[629.777s][info][gc,phases      ] GC(1516)   Other: 0.07ms
[629.777s][info][gc,heap        ] GC(1516) Eden regions: 148->0(123)
[629.777s][info][gc,heap        ] GC(1516) Survivor regions: 17->21(21)
[629.777s][info][gc,heap        ] GC(1516) Old regions: 707->740
[629.777s][info][gc,heap        ] GC(1516) Humongous regions: 11->11
[629.777s][info][gc,metaspace   ] GC(1516) Metaspace: 19126K(19328K)->19126K(19328K) NonClass: 16459K(16576K)->16459K(16576K) Class: 2666K(2752K)->2666K(2752K)
[629.777s][info][gc             ] GC(1516) Pause Young (Normal) (G1 Evacuation Pause) 882M->771M(978M) 75.792ms
[629.777s][info][gc,cpu         ] GC(1516) User=0.15s Sys=0.00s Real=0.07s
[629.921s][info][gc,marking     ] GC(1514) Concurrent Mark From Roots 619.733ms
[629.921s][info][gc,marking     ] GC(1514) Concurrent Preclean
[629.921s][info][gc,marking     ] GC(1514) Concurrent Preclean 0.043ms
[629.921s][info][gc,start       ] GC(1514) Pause Remark
[629.929s][info][gc             ] GC(1514) Pause Remark 865M->550M(978M) 8.002ms
[629.929s][info][gc,cpu         ] GC(1514) User=0.02s Sys=0.00s Real=0.00s
[629.930s][info][gc,marking     ] GC(1514) Concurrent Mark 628.889ms
[629.930s][info][gc,marking     ] GC(1514) Concurrent Rebuild Remembered Sets and Scrub Regions
[629.963s][info][gc,start       ] GC(1517) Pause Young (Normal) (G1 Evacuation Pause)
[629.963s][info][gc,task        ] GC(1517) Using 2 workers of 2 for evacuation
[630.011s][info][gc,phases      ] GC(1517)   Pre Evacuate Collection Set: 0.26ms
[630.011s][info][gc,phases      ] GC(1517)   Merge Heap Roots: 0.19ms
[630.011s][info][gc,phases      ] GC(1517)   Evacuate Collection Set: 46.99ms
[630.011s][info][gc,phases      ] GC(1517)   Post Evacuate Collection Set: 0.34ms
[630.011s][info][gc,phases      ] GC(1517)   Other: 0.06ms
[630.011s][info][gc,heap        ] GC(1517) Eden regions: 123->0(303)
[630.011s][info][gc,heap        ] GC(1517) Survivor regions: 21->18(18)
[630.011s][info][gc,heap        ] GC(1517) Old regions: 429->451
[630.011s][info][gc,heap        ] GC(1517) Humongous regions: 7->7
[630.011s][info][gc,metaspace   ] GC(1517) Metaspace: 19126K(19328K)->19126K(19328K) NonClass: 16459K(16576K)->16459K(16576K) Class: 2666K(2752K)->2666K(2752K)
[630.011s][info][gc             ] GC(1517) Pause Young (Normal) (G1 Evacuation Pause) 579M->475M(978M) 48.005ms
[630.011s][info][gc,cpu         ] GC(1517) User=0.10s Sys=0.00s Real=0.05s
[630.273s][info][gc,start       ] GC(1518) Pause Young (Normal) (G1 Evacuation Pause)
[630.273s][info][gc,task        ] GC(1518) Using 2 workers of 2 for evacuation
[630.320s][info][gc,phases      ] GC(1518)   Pre Evacuate Collection Set: 0.27ms
[630.320s][info][gc,phases      ] GC(1518)   Merge Heap Roots: 0.26ms
[630.320s][info][gc,phases      ] GC(1518)   Evacuate Collection Set: 46.11ms
[630.320s][info][gc,phases      ] GC(1518)   Post Evacuate Collection Set: 0.51ms
[630.320s][info][gc,phases      ] GC(1518)   Other: 0.10ms
[630.320s][info][gc,heap        ] GC(1518) Eden regions: 303->0(307)
[630.320s][info][gc,heap        ] GC(1518) Survivor regions: 18->40(41)
[630.320s][info][gc,heap        ] GC(1518) Old regions: 451->451
[630.320s][info][gc,heap        ] GC(1518) Humongous regions: 7->7
[630.320s][info][gc,metaspace   ] GC(1518) Metaspace: 19126K(19328K)->19126K(19328K) NonClass: 16459K(16576K)->16459K(16576K) Class: 2666K(2752K)->2666K(2752K)
[630.320s][info][gc             ] GC(1518) Pause Young (Normal) (G1 Evacuation Pause) 778M->497M(978M) 47.511ms
[630.320s][info][gc,cpu         ] GC(1518) User=0.09s Sys=0.00s Real=0.04s
[630.350s][info][gc,marking     ] GC(1514) Concurrent Rebuild Remembered Sets and Scrub Regions 420.454ms
[630.351s][info][gc,start       ] GC(1514) Pause Cleanup
[630.351s][info][gc             ] GC(1514) Pause Cleanup 519M->519M(978M) 0.110ms
[630.351s][info][gc,cpu         ] GC(1514) User=0.00s Sys=0.00s Real=0.00s
[630.351s][info][gc,marking     ] GC(1514) Concurrent Clear Claimed Marks
[630.351s][info][gc,marking     ] GC(1514) Concurrent Clear Claimed Marks 0.026ms
[630.351s][info][gc,marking     ] GC(1514) Concurrent Cleanup for Next Mark
[630.354s][info][gc,marking     ] GC(1514) Concurrent Cleanup for Next Mark 2.835ms
[630.354s][info][gc             ] GC(1514) Concurrent Mark Cycle 1138.950ms
[630.591s][info][gc,start       ] GC(1519) Pause Young (Prepare Mixed) (G1 Evacuation Pause)
[630.591s][info][gc,task        ] GC(1519) Using 2 workers of 2 for evacuation
[630.652s][info][gc,phases      ] GC(1519)   Pre Evacuate Collection Set: 0.31ms
[630.652s][info][gc,phases      ] GC(1519)   Merge Heap Roots: 0.26ms
[630.652s][info][gc,phases      ] GC(1519)   Evacuate Collection Set: 59.81ms
[630.652s][info][gc,phases      ] GC(1519)   Post Evacuate Collection Set: 0.61ms
[630.652s][info][gc,phases      ] GC(1519)   Other: 0.11ms
[630.652s][info][gc,heap        ] GC(1519) Eden regions: 307->0(317)
[630.652s][info][gc,heap        ] GC(1519) Survivor regions: 40->36(44)
[630.652s][info][gc,heap        ] GC(1519) Old regions: 451->469
[630.652s][info][gc,heap        ] GC(1519) Humongous regions: 7->7
[630.652s][info][gc,metaspace   ] GC(1519) Metaspace: 19126K(19328K)->19126K(19328K) NonClass: 16459K(16576K)->16459K(16576K) Class: 2666K(2752K)->2666K(2752K)
[630.652s][info][gc             ] GC(1519) Pause Young (Prepare Mixed) (G1 Evacuation Pause) 804M->511M(978M) 61.364ms
[630.652s][info][gc,cpu         ] GC(1519) User=0.12s Sys=0.00s Real=0.06s
[631.267s][info][gc,start       ] GC(1520) Pause Young (Mixed) (G1 Evacuation Pause)
[631.267s][info][gc,task        ] GC(1520) Using 2 workers of 2 for evacuation
[631.393s][info][gc,phases      ] GC(1520)   Pre Evacuate Collection Set: 0.56ms
[631.393s][info][gc,phases      ] GC(1520)   Merge Heap Roots: 0.73ms
[631.393s][info][gc,phases      ] GC(1520)   Evacuate Collection Set: 123.08ms
[631.393s][info][gc,phases      ] GC(1520)   Post Evacuate Collection Set: 0.69ms
[631.393s][info][gc,phases      ] GC(1520)   Other: 0.09ms
[631.393s][info][gc,heap        ] GC(1520) Eden regions: 317->0(363)
[631.393s][info][gc,heap        ] GC(1520) Survivor regions: 36->45(45)
[631.393s][info][gc,heap        ] GC(1520) Old regions: 469->402
[631.393s][info][gc,heap        ] GC(1520) Humongous regions: 7->7
[631.393s][info][gc,metaspace   ] GC(1520) Metaspace: 19126K(19328K)->19126K(19328K) NonClass: 16459K(16576K)->16459K(16576K) Class: 2666K(2752K)->2666K(2752K)
[631.393s][info][gc             ] GC(1520) Pause Young (Mixed) (G1 Evacuation Pause) 828M->453M(978M) 125.397ms
[631.393s][info][gc,cpu         ] GC(1520) User=0.25s Sys=0.00s Real=0.13s
[632.203s][info][gc,start       ] GC(1521) Pause Young (Concurrent Start) (G1 Evacuation Pause)
[632.203s][info][gc,task        ] GC(1521) Using 2 workers of 2 for evacuation
[632.251s][info][gc,phases      ] GC(1521)   Pre Evacuate Collection Set: 0.28ms
[632.251s][info][gc,phases      ] GC(1521)   Merge Heap Roots: 0.28ms
[632.251s][info][gc,phases      ] GC(1521)   Evacuate Collection Set: 46.32ms
[632.251s][info][gc,phases      ] GC(1521)   Post Evacuate Collection Set: 0.60ms
[632.251s][info][gc,phases      ] GC(1521)   Other: 0.14ms
[632.251s][info][gc,heap        ] GC(1521) Eden regions: 363->0(388)
[632.251s][info][gc,heap        ] GC(1521) Survivor regions: 45->1(51)
[632.251s][info][gc,heap        ] GC(1521) Old regions: 402->448
[632.251s][info][gc,heap        ] GC(1521) Humongous regions: 7->7
[632.251s][info][gc,metaspace   ] GC(1521) Metaspace: 19126K(19328K)->19126K(19328K) NonClass: 16459K(16576K)->16459K(16576K) Class: 2666K(2752K)->2666K(2752K)
[632.251s][info][gc             ] GC(1521) Pause Young (Concurrent Start) (G1 Evacuation Pause) 816M->455M(978M) 47.882ms
[632.251s][info][gc,cpu         ] GC(1521) User=0.09s Sys=0.00s Real=0.04s
[632.251s][info][gc             ] GC(1522) Concurrent Mark Cycle
[632.253s][info][gc,marking     ] GC(1522) Concurrent Scan Root Regions
[632.334s][info][gc,marking     ] GC(1522) Concurrent Scan Root Regions 81.364ms
[632.334s][info][gc,marking     ] GC(1522) Concurrent Mark
[632.334s][info][gc,marking     ] GC(1522) Concurrent Mark From Roots
[632.334s][info][gc,task        ] GC(1522) Using 1 workers of 1 for marking
[633.092s][info][gc,marking     ] GC(1522) Concurrent Mark From Roots 757.933ms
[633.092s][info][gc,marking     ] GC(1522) Concurrent Preclean
[633.092s][info][gc,marking     ] GC(1522) Concurrent Preclean 0.035ms
[633.093s][info][gc,start       ] GC(1522) Pause Remark
[633.101s][info][gc             ] GC(1522) Pause Remark 682M->601M(978M) 7.877ms
[633.101s][info][gc,cpu         ] GC(1522) User=0.02s Sys=0.00s Real=0.00s
[633.101s][info][gc,marking     ] GC(1522) Concurrent Mark 766.401ms
[633.101s][info][gc,marking     ] GC(1522) Concurrent Rebuild Remembered Sets and Scrub Regions
[633.285s][info][gc,start       ] GC(1523) Pause Young (Normal) (G1 Evacuation Pause)
[633.285s][info][gc,task        ] GC(1523) Using 2 workers of 2 for evacuation
[633.353s][info][gc,phases      ] GC(1523)   Pre Evacuate Collection Set: 0.28ms
[633.354s][info][gc,phases      ] GC(1523)   Merge Heap Roots: 0.49ms
[633.354s][info][gc,phases      ] GC(1523)   Evacuate Collection Set: 66.79ms
[633.354s][info][gc,phases      ] GC(1523)   Post Evacuate Collection Set: 0.68ms
[633.354s][info][gc,phases      ] GC(1523)   Other: 0.08ms
[633.354s][info][gc,heap        ] GC(1523) Eden regions: 388->0(393)
[633.354s][info][gc,heap        ] GC(1523) Survivor regions: 1->49(49)
[633.354s][info][gc,heap        ] GC(1523) Old regions: 370->378
[633.354s][info][gc,heap        ] GC(1523) Humongous regions: 4->4
[633.354s][info][gc,metaspace   ] GC(1523) Metaspace: 19126K(19328K)->19126K(19328K) NonClass: 16460K(16576K)->16460K(16576K) Class: 2666K(2752K)->2666K(2752K)
[633.354s][info][gc             ] GC(1523) Pause Young (Normal) (G1 Evacuation Pause) 762M->430M(978M) 68.544ms
[633.354s][info][gc,cpu         ] GC(1523) User=0.14s Sys=0.00s Real=0.07s
[633.513s][info][gc,marking     ] GC(1522) Concurrent Rebuild Remembered Sets and Scrub Regions 411.867ms
[633.513s][info][gc,start       ] GC(1522) Pause Cleanup
[633.513s][info][gc             ] GC(1522) Pause Cleanup 572M->572M(978M) 0.094ms
[633.513s][info][gc,cpu         ] GC(1522) User=0.00s Sys=0.00s Real=0.00s
[633.513s][info][gc,marking     ] GC(1522) Concurrent Clear Claimed Marks
[633.513s][info][gc,marking     ] GC(1522) Concurrent Clear Claimed Marks 0.028ms
[633.513s][info][gc,marking     ] GC(1522) Concurrent Cleanup for Next Mark
[633.516s][info][gc,marking     ] GC(1522) Concurrent Cleanup for Next Mark 2.827ms
[633.516s][info][gc             ] GC(1522) Concurrent Mark Cycle 1265.130ms
[633.684s][info][gc,start       ] GC(1524) Pause Young (Prepare Mixed) (G1 Evacuation Pause)
[633.684s][info][gc,task        ] GC(1524) Using 2 workers of 2 for evacuation
[633.788s][info][gc,phases      ] GC(1524)   Pre Evacuate Collection Set: 0.50ms
[633.788s][info][gc,phases      ] GC(1524)   Merge Heap Roots: 0.30ms
[633.788s][info][gc,phases      ] GC(1524)   Evacuate Collection Set: 101.92ms
[633.788s][info][gc,phases      ] GC(1524)   Post Evacuate Collection Set: 0.79ms
[633.788s][info][gc,phases      ] GC(1524)   Other: 0.09ms
[633.788s][info][gc,heap        ] GC(1524) Eden regions: 393->0(332)
[633.788s][info][gc,heap        ] GC(1524) Survivor regions: 49->56(56)
[633.788s][info][gc,heap        ] GC(1524) Old regions: 378->437
[633.788s][info][gc,heap        ] GC(1524) Humongous regions: 4->4
[633.788s][info][gc,metaspace   ] GC(1524) Metaspace: 19126K(19328K)->19126K(19328K) NonClass: 16460K(16576K)->16460K(16576K) Class: 2666K(2752K)->2666K(2752K)
[633.788s][info][gc             ] GC(1524) Pause Young (Prepare Mixed) (G1 Evacuation Pause) 823M->496M(978M) 103.907ms
[633.788s][info][gc,cpu         ] GC(1524) User=0.21s Sys=0.01s Real=0.10s
[634.065s][info][gc,start       ] GC(1525) Pause Young (Mixed) (G1 Evacuation Pause)
[634.065s][info][gc,task        ] GC(1525) Using 2 workers of 2 for evacuation
[634.196s][info][gc,phases      ] GC(1525)   Pre Evacuate Collection Set: 0.53ms
[634.196s][info][gc,phases      ] GC(1525)   Merge Heap Roots: 0.42ms
[634.196s][info][gc,phases      ] GC(1525)   Evacuate Collection Set: 128.40ms
[634.196s][info][gc,phases      ] GC(1525)   Post Evacuate Collection Set: 0.74ms
[634.196s][info][gc,phases      ] GC(1525)   Other: 0.11ms
[634.196s][info][gc,heap        ] GC(1525) Eden regions: 332->0(296)
[634.196s][info][gc,heap        ] GC(1525) Survivor regions: 56->49(49)
[634.196s][info][gc,heap        ] GC(1525) Old regions: 437->482
[634.196s][info][gc,heap        ] GC(1525) Humongous regions: 8->8
[634.196s][info][gc,metaspace   ] GC(1525) Metaspace: 19126K(19328K)->19126K(19328K) NonClass: 16460K(16576K)->16460K(16576K) Class: 2666K(2752K)->2666K(2752K)
[634.196s][info][gc             ] GC(1525) Pause Young (Mixed) (G1 Evacuation Pause) 832M->538M(978M) 130.475ms
[634.196s][info][gc,cpu         ] GC(1525) User=0.26s Sys=0.00s Real=0.13s
[634.386s][info][gc,start       ] GC(1526) Pause Young (Concurrent Start) (G1 Evacuation Pause)
[634.386s][info][gc,task        ] GC(1526) Using 2 workers of 2 for evacuation
[634.477s][info][gc,phases      ] GC(1526)   Pre Evacuate Collection Set: 0.33ms
[634.477s][info][gc,phases      ] GC(1526)   Merge Heap Roots: 0.32ms
[634.477s][info][gc,phases      ] GC(1526)   Evacuate Collection Set: 90.14ms
[634.477s][info][gc,phases      ] GC(1526)   Post Evacuate Collection Set: 0.56ms
[634.477s][info][gc,phases      ] GC(1526)   Other: 0.12ms
[634.477s][info][gc,heap        ] GC(1526) Eden regions: 296->0(287)
[634.477s][info][gc,heap        ] GC(1526) Survivor regions: 49->25(44)
[634.477s][info][gc,heap        ] GC(1526) Old regions: 482->532
[634.477s][info][gc,heap        ] GC(1526) Humongous regions: 8->8
[634.477s][info][gc,metaspace   ] GC(1526) Metaspace: 19126K(19328K)->19126K(19328K) NonClass: 16460K(16576K)->16460K(16576K) Class: 2666K(2752K)->2666K(2752K)
[634.477s][info][gc             ] GC(1526) Pause Young (Concurrent Start) (G1 Evacuation Pause) 834M->564M(978M) 91.703ms
[634.478s][info][gc             ] GC(1527) Concurrent Mark Cycle
[634.478s][info][gc,marking     ] GC(1527) Concurrent Scan Root Regions
[634.479s][info][gc,cpu         ] GC(1526) User=0.18s Sys=0.00s Real=0.09s
[634.615s][info][gc,marking     ] GC(1527) Concurrent Scan Root Regions 137.235ms
[634.615s][info][gc,marking     ] GC(1527) Concurrent Mark
[634.615s][info][gc,marking     ] GC(1527) Concurrent Mark From Roots
[634.615s][info][gc,task        ] GC(1527) Using 1 workers of 1 for marking
[634.946s][info][gc,start       ] GC(1528) Pause Young (Normal) (G1 Evacuation Pause)
[634.946s][info][gc,task        ] GC(1528) Using 2 workers of 2 for evacuation
[634.982s][info][gc,phases      ] GC(1528)   Pre Evacuate Collection Set: 0.31ms
[634.982s][info][gc,phases      ] GC(1528)   Merge Heap Roots: 0.26ms
[634.982s][info][gc,phases      ] GC(1528)   Evacuate Collection Set: 34.88ms
[634.982s][info][gc,phases      ] GC(1528)   Post Evacuate Collection Set: 0.50ms
[634.982s][info][gc,phases      ] GC(1528)   Other: 0.08ms
[634.982s][info][gc,heap        ] GC(1528) Eden regions: 287->0(300)
[634.982s][info][gc,heap        ] GC(1528) Survivor regions: 25->6(39)
[634.982s][info][gc,heap        ] GC(1528) Old regions: 532->557
[634.982s][info][gc,heap        ] GC(1528) Humongous regions: 8->8
[634.982s][info][gc,metaspace   ] GC(1528) Metaspace: 19126K(19328K)->19126K(19328K) NonClass: 16460K(16576K)->16460K(16576K) Class: 2666K(2752K)->2666K(2752K)
[634.982s][info][gc             ] GC(1528) Pause Young (Normal) (G1 Evacuation Pause) 851M->569M(978M) 36.324ms
[634.982s][info][gc,cpu         ] GC(1528) User=0.07s Sys=0.00s Real=0.04s
[635.464s][info][gc,marking     ] GC(1527) Concurrent Mark From Roots 849.365ms
[635.464s][info][gc,marking     ] GC(1527) Concurrent Preclean
[635.464s][info][gc,marking     ] GC(1527) Concurrent Preclean 0.038ms
[635.464s][info][gc,start       ] GC(1527) Pause Remark
[635.472s][info][gc             ] GC(1527) Pause Remark 808M->713M(978M) 7.913ms
[635.472s][info][gc,cpu         ] GC(1527) User=0.02s Sys=0.00s Real=0.01s
[635.472s][info][gc,marking     ] GC(1527) Concurrent Mark 857.645ms
[635.472s][info][gc,marking     ] GC(1527) Concurrent Rebuild Remembered Sets and Scrub Regions
[635.603s][info][gc,start       ] GC(1529) Pause Young (Normal) (G1 Evacuation Pause)
[635.603s][info][gc,task        ] GC(1529) Using 2 workers of 2 for evacuation
[635.662s][info][gc,phases      ] GC(1529)   Pre Evacuate Collection Set: 0.29ms
[635.662s][info][gc,phases      ] GC(1529)   Merge Heap Roots: 0.41ms
[635.662s][info][gc,phases      ] GC(1529)   Evacuate Collection Set: 58.12ms
[635.662s][info][gc,phases      ] GC(1529)   Post Evacuate Collection Set: 0.56ms
[635.662s][info][gc,phases      ] GC(1529)   Other: 0.10ms
[635.662s][info][gc,heap        ] GC(1529) Eden regions: 300->0(332)
[635.662s][info][gc,heap        ] GC(1529) Survivor regions: 6->39(39)
[635.662s][info][gc,heap        ] GC(1529) Old regions: 465->473
[635.662s][info][gc,heap        ] GC(1529) Humongous regions: 5->5
[635.662s][info][gc,metaspace   ] GC(1529) Metaspace: 19126K(19328K)->19126K(19328K) NonClass: 16460K(16576K)->16460K(16576K) Class: 2666K(2752K)->2666K(2752K)
[635.662s][info][gc             ] GC(1529) Pause Young (Normal) (G1 Evacuation Pause) 774M->516M(978M) 59.711ms
[635.662s][info][gc,cpu         ] GC(1529) User=0.12s Sys=0.00s Real=0.06s
[636.004s][info][gc,marking     ] GC(1527) Concurrent Rebuild Remembered Sets and Scrub Regions 531.298ms
[636.004s][info][gc,start       ] GC(1527) Pause Cleanup
[636.005s][info][gc             ] GC(1527) Pause Cleanup 742M->742M(978M) 0.162ms
[636.005s][info][gc,cpu         ] GC(1527) User=0.00s Sys=0.00s Real=0.00s
[636.005s][info][gc,marking     ] GC(1527) Concurrent Clear Claimed Marks
[636.005s][info][gc,marking     ] GC(1527) Concurrent Clear Claimed Marks 0.048ms
[636.005s][info][gc,marking     ] GC(1527) Concurrent Cleanup for Next Mark
[636.010s][info][gc,marking     ] GC(1527) Concurrent Cleanup for Next Mark 4.886ms
[636.010s][info][gc             ] GC(1527) Concurrent Mark Cycle 1532.130ms
[636.188s][info][gc,start       ] GC(1530) Pause Young (Prepare Mixed) (G1 Evacuation Pause)
[636.188s][info][gc,task        ] GC(1530) Using 2 workers of 2 for evacuation
[636.301s][info][gc,phases      ] GC(1530)   Pre Evacuate Collection Set: 0.52ms
[636.301s][info][gc,phases      ] GC(1530)   Merge Heap Roots: 0.36ms
[636.301s][info][gc,phases      ] GC(1530)   Evacuate Collection Set: 111.25ms
[636.301s][info][gc,phases      ] GC(1530)   Post Evacuate Collection Set: 0.85ms
[636.301s][info][gc,phases      ] GC(1530)   Other: 0.11ms
[636.301s][info][gc,heap        ] GC(1530) Eden regions: 332->0(255)
[636.301s][info][gc,heap        ] GC(1530) Survivor regions: 39->47(47)
[636.301s][info][gc,heap        ] GC(1530) Old regions: 473->540
[636.301s][info][gc,heap        ] GC(1530) Humongous regions: 5->5
[636.301s][info][gc,metaspace   ] GC(1530) Metaspace: 19126K(19328K)->19126K(19328K) NonClass: 16460K(16576K)->16460K(16576K) Class: 2666K(2752K)->2666K(2752K)
[636.301s][info][gc             ] GC(1530) Pause Young (Prepare Mixed) (G1 Evacuation Pause) 848M->591M(978M) 113.369ms
[636.301s][info][gc,cpu         ] GC(1530) User=0.22s Sys=0.00s Real=0.12s
[636.617s][info][gc,start       ] GC(1531) Pause Young (Mixed) (G1 Evacuation Pause)
[636.617s][info][gc,task        ] GC(1531) Using 2 workers of 2 for evacuation
[636.780s][info][gc,phases      ] GC(1531)   Pre Evacuate Collection Set: 0.37ms
[636.780s][info][gc,phases      ] GC(1531)   Merge Heap Roots: 1.18ms
[636.780s][info][gc,phases      ] GC(1531)   Evacuate Collection Set: 141.26ms
[636.780s][info][gc,phases      ] GC(1531)   Merge Optional Heap Roots: 0.29ms
[636.780s][info][gc,phases      ] GC(1531)   Evacuate Optional Collection Set: 18.81ms
[636.780s][info][gc,phases      ] GC(1531)   Post Evacuate Collection Set: 1.03ms
[636.780s][info][gc,phases      ] GC(1531)   Other: 0.11ms
[636.780s][info][gc,heap        ] GC(1531) Eden regions: 255->0(270)
[636.780s][info][gc,heap        ] GC(1531) Survivor regions: 47->38(38)
[636.780s][info][gc,heap        ] GC(1531) Old regions: 540->519
[636.780s][info][gc,heap        ] GC(1531) Humongous regions: 8->8
[636.780s][info][gc,metaspace   ] GC(1531) Metaspace: 19126K(19328K)->19126K(19328K) NonClass: 16460K(16576K)->16460K(16576K) Class: 2666K(2752K)->2666K(2752K)
[636.780s][info][gc             ] GC(1531) Pause Young (Mixed) (G1 Evacuation Pause) 849M->564M(978M) 163.317ms
[636.780s][info][gc,cpu         ] GC(1531) User=0.32s Sys=0.00s Real=0.16s
[637.056s][info][gc,start       ] GC(1532) Pause Young (Concurrent Start) (G1 Evacuation Pause)
[637.057s][info][gc,task        ] GC(1532) Using 2 workers of 2 for evacuation
[637.129s][info][gc,phases      ] GC(1532)   Pre Evacuate Collection Set: 0.46ms
[637.129s][info][gc,phases      ] GC(1532)   Merge Heap Roots: 0.79ms
[637.129s][info][gc,phases      ] GC(1532)   Evacuate Collection Set: 70.71ms
[637.129s][info][gc,phases      ] GC(1532)   Post Evacuate Collection Set: 0.53ms
[637.129s][info][gc,phases      ] GC(1532)   Other: 0.19ms
[637.129s][info][gc,heap        ] GC(1532) Eden regions: 270->0(272)
[637.129s][info][gc,heap        ] GC(1532) Survivor regions: 38->15(39)
[637.129s][info][gc,heap        ] GC(1532) Old regions: 519->558
[637.129s][info][gc,heap        ] GC(1532) Humongous regions: 8->8
[637.129s][info][gc,metaspace   ] GC(1532) Metaspace: 19126K(19328K)->19126K(19328K) NonClass: 16460K(16576K)->16460K(16576K) Class: 2666K(2752K)->2666K(2752K)
[637.129s][info][gc             ] GC(1532) Pause Young (Concurrent Start) (G1 Evacuation Pause) 834M->580M(978M) 72.953ms
[637.129s][info][gc,cpu         ] GC(1532) User=0.14s Sys=0.00s Real=0.07s
[637.129s][info][gc             ] GC(1533) Concurrent Mark Cycle
[637.130s][info][gc,marking     ] GC(1533) Concurrent Scan Root Regions
[637.223s][info][gc,marking     ] GC(1533) Concurrent Scan Root Regions 93.516ms
[637.223s][info][gc,marking     ] GC(1533) Concurrent Mark
[637.223s][info][gc,marking     ] GC(1533) Concurrent Mark From Roots
[637.223s][info][gc,task        ] GC(1533) Using 1 workers of 1 for marking
[637.656s][info][gc,start       ] GC(1534) Pause Young (Normal) (G1 Evacuation Pause)
[637.656s][info][gc,task        ] GC(1534) Using 2 workers of 2 for evacuation
[637.692s][info][gc,phases      ] GC(1534)   Pre Evacuate Collection Set: 0.31ms
[637.692s][info][gc,phases      ] GC(1534)   Merge Heap Roots: 0.26ms
[637.692s][info][gc,phases      ] GC(1534)   Evacuate Collection Set: 34.30ms
[637.692s][info][gc,phases      ] GC(1534)   Post Evacuate Collection Set: 0.50ms
[637.692s][info][gc,phases      ] GC(1534)   Other: 0.08ms
[637.692s][info][gc,heap        ] GC(1534) Eden regions: 272->0(273)
[637.692s][info][gc,heap        ] GC(1534) Survivor regions: 15->29(36)
[637.692s][info][gc,heap        ] GC(1534) Old regions: 558->558
[637.692s][info][gc,heap        ] GC(1534) Humongous regions: 8->8
[637.692s][info][gc,metaspace   ] GC(1534) Metaspace: 19126K(19328K)->19126K(19328K) NonClass: 16460K(16576K)->16460K(16576K) Class: 2666K(2752K)->2666K(2752K)
[637.692s][info][gc             ] GC(1534) Pause Young (Normal) (G1 Evacuation Pause) 852M->593M(978M) 35.745ms
[637.692s][info][gc,cpu         ] GC(1534) User=0.07s Sys=0.00s Real=0.04s
[638.145s][info][gc,marking     ] GC(1533) Concurrent Mark From Roots 921.413ms
[638.145s][info][gc,marking     ] GC(1533) Concurrent Preclean
[638.145s][info][gc,marking     ] GC(1533) Concurrent Preclean 0.029ms
[638.145s][info][gc,start       ] GC(1533) Pause Remark
[638.284s][info][gc             ] GC(1533) Pause Remark 751M->724M(978M) 139.441ms
[638.284s][info][gc,cpu         ] GC(1533) User=0.27s Sys=0.00s Real=0.14s
[638.286s][info][gc,marking     ] GC(1533) Concurrent Mark 1062.845ms
[638.286s][info][gc,marking     ] GC(1533) Concurrent Rebuild Remembered Sets and Scrub Regions
[638.588s][info][gc,start       ] GC(1535) Pause Young (Normal) (G1 Evacuation Pause)
[638.588s][info][gc,task        ] GC(1535) Using 2 workers of 2 for evacuation
[638.677s][info][gc,phases      ] GC(1535)   Pre Evacuate Collection Set: 0.30ms
[638.677s][info][gc,phases      ] GC(1535)   Merge Heap Roots: 0.97ms
[638.677s][info][gc,phases      ] GC(1535)   Evacuate Collection Set: 86.70ms
[638.677s][info][gc,phases      ] GC(1535)   Post Evacuate Collection Set: 0.71ms
[638.677s][info][gc,phases      ] GC(1535)   Other: 0.10ms
[638.677s][info][gc,heap        ] GC(1535) Eden regions: 273->0(248)
[638.677s][info][gc,heap        ] GC(1535) Survivor regions: 29->38(38)
[638.677s][info][gc,heap        ] GC(1535) Old regions: 533->571
[638.677s][info][gc,heap        ] GC(1535) Humongous regions: 6->6
[638.677s][info][gc,metaspace   ] GC(1535) Metaspace: 19126K(19328K)->19126K(19328K) NonClass: 16460K(16576K)->16460K(16576K) Class: 2666K(2752K)->2666K(2752K)
[638.677s][info][gc             ] GC(1535) Pause Young (Normal) (G1 Evacuation Pause) 839M->614M(978M) 88.961ms
[638.677s][info][gc,cpu         ] GC(1535) User=0.17s Sys=0.00s Real=0.09s
[638.807s][info][gc,marking     ] GC(1533) Concurrent Rebuild Remembered Sets and Scrub Regions 521.274ms
[638.807s][info][gc,start       ] GC(1533) Pause Cleanup
[638.808s][info][gc             ] GC(1533) Pause Cleanup 716M->716M(978M) 0.122ms
[638.808s][info][gc,cpu         ] GC(1533) User=0.00s Sys=0.00s Real=0.00s
[638.808s][info][gc,marking     ] GC(1533) Concurrent Clear Claimed Marks
[638.808s][info][gc,marking     ] GC(1533) Concurrent Clear Claimed Marks 0.028ms
[638.808s][info][gc,marking     ] GC(1533) Concurrent Cleanup for Next Mark
[638.810s][info][gc,marking     ] GC(1533) Concurrent Cleanup for Next Mark 2.835ms
[638.811s][info][gc             ] GC(1533) Concurrent Mark Cycle 1681.029ms
[639.032s][info][gc,start       ] GC(1536) Pause Young (Prepare Mixed) (G1 Evacuation Pause)
[639.032s][info][gc,task        ] GC(1536) Using 2 workers of 2 for evacuation
[639.120s][info][gc,phases      ] GC(1536)   Pre Evacuate Collection Set: 0.52ms
[639.120s][info][gc,phases      ] GC(1536)   Merge Heap Roots: 0.48ms
[639.120s][info][gc,phases      ] GC(1536)   Evacuate Collection Set: 85.94ms
[639.120s][info][gc,phases      ] GC(1536)   Post Evacuate Collection Set: 0.61ms
[639.120s][info][gc,phases      ] GC(1536)   Other: 0.10ms
[639.120s][info][gc,heap        ] GC(1536) Eden regions: 248->0(212)
[639.120s][info][gc,heap        ] GC(1536) Survivor regions: 38->36(36)
[639.120s][info][gc,heap        ] GC(1536) Old regions: 571->621
[639.120s][info][gc,heap        ] GC(1536) Humongous regions: 6->6
[639.120s][info][gc,metaspace   ] GC(1536) Metaspace: 19126K(19328K)->19126K(19328K) NonClass: 16460K(16576K)->16460K(16576K) Class: 2666K(2752K)->2666K(2752K)
[639.120s][info][gc             ] GC(1536) Pause Young (Prepare Mixed) (G1 Evacuation Pause) 862M->662M(978M) 87.883ms
[639.120s][info][gc,cpu         ] GC(1536) User=0.17s Sys=0.00s Real=0.08s
[639.404s][info][gc,start       ] GC(1537) Pause Young (Mixed) (G1 Evacuation Pause)
[639.404s][info][gc,task        ] GC(1537) Using 2 workers of 2 for evacuation
[639.570s][info][gc,phases      ] GC(1537)   Pre Evacuate Collection Set: 0.34ms
[639.570s][info][gc,phases      ] GC(1537)   Merge Heap Roots: 1.39ms
[639.570s][info][gc,phases      ] GC(1537)   Evacuate Collection Set: 156.52ms
[639.570s][info][gc,phases      ] GC(1537)   Post Evacuate Collection Set: 8.05ms
[639.570s][info][gc,phases      ] GC(1537)   Other: 0.13ms
[639.570s][info][gc,heap        ] GC(1537) Eden regions: 212->0(178)
[639.570s][info][gc,heap        ] GC(1537) Survivor regions: 36->25(31)
[639.570s][info][gc,heap        ] GC(1537) Old regions: 621->683
[639.571s][info][gc,heap        ] GC(1537) Humongous regions: 9->9
[639.571s][info][gc,metaspace   ] GC(1537) Metaspace: 19126K(19328K)->19126K(19328K) NonClass: 16460K(16576K)->16460K(16576K) Class: 2666K(2752K)->2666K(2752K)
[639.571s][info][gc             ] GC(1537) Pause Young (Mixed) (G1 Evacuation Pause) (Evacuation Failure: Allocation) 877M->716M(978M) 166.718ms
[639.571s][info][gc,cpu         ] GC(1537) User=0.33s Sys=0.00s Real=0.16s
[639.777s][info][gc,start       ] GC(1538) Pause Young (Mixed) (G1 Evacuation Pause)
[639.777s][info][gc,task        ] GC(1538) Using 2 workers of 2 for evacuation
[639.859s][info][gc,phases      ] GC(1538)   Pre Evacuate Collection Set: 0.55ms
[639.860s][info][gc,phases      ] GC(1538)   Merge Heap Roots: 0.95ms
[639.860s][info][gc,phases      ] GC(1538)   Evacuate Collection Set: 80.49ms
[639.860s][info][gc,phases      ] GC(1538)   Post Evacuate Collection Set: 0.51ms
[639.860s][info][gc,phases      ] GC(1538)   Other: 0.10ms
[639.860s][info][gc,heap        ] GC(1538) Eden regions: 178->0(209)
[639.860s][info][gc,heap        ] GC(1538) Survivor regions: 25->15(26)
[639.860s][info][gc,heap        ] GC(1538) Old regions: 683->654
[639.860s][info][gc,heap        ] GC(1538) Humongous regions: 9->9
[639.860s][info][gc,metaspace   ] GC(1538) Metaspace: 19126K(19328K)->19126K(19328K) NonClass: 16460K(16576K)->16460K(16576K) Class: 2666K(2752K)->2666K(2752K)
[639.860s][info][gc             ] GC(1538) Pause Young (Mixed) (G1 Evacuation Pause) 894M->677M(978M) 82.827ms
[639.860s][info][gc,cpu         ] GC(1538) User=0.16s Sys=0.00s Real=0.08s
[640.097s][info][gc,start       ] GC(1539) Pause Young (Concurrent Start) (G1 Evacuation Pause)
[640.097s][info][gc,task        ] GC(1539) Using 2 workers of 2 for evacuation
[640.122s][info][gc,phases      ] GC(1539)   Pre Evacuate Collection Set: 0.37ms
[640.122s][info][gc,phases      ] GC(1539)   Merge Heap Roots: 0.22ms
[640.122s][info][gc,phases      ] GC(1539)   Evacuate Collection Set: 24.32ms
[640.122s][info][gc,phases      ] GC(1539)   Post Evacuate Collection Set: 0.49ms
[640.122s][info][gc,phases      ] GC(1539)   Other: 0.12ms
[640.123s][info][gc,heap        ] GC(1539) Eden regions: 209->0(217)
[640.123s][info][gc,heap        ] GC(1539) Survivor regions: 15->19(28)
[640.123s][info][gc,heap        ] GC(1539) Old regions: 654->654
[640.123s][info][gc,heap        ] GC(1539) Humongous regions: 9->9
[640.123s][info][gc,metaspace   ] GC(1539) Metaspace: 19126K(19328K)->19126K(19328K) NonClass: 16460K(16576K)->16460K(16576K) Class: 2666K(2752K)->2666K(2752K)
[640.123s][info][gc             ] GC(1539) Pause Young (Concurrent Start) (G1 Evacuation Pause) 886M->681M(978M) 25.748ms
[640.123s][info][gc,cpu         ] GC(1539) User=0.05s Sys=0.00s Real=0.03s
[640.123s][info][gc             ] GC(1540) Concurrent Mark Cycle
[640.123s][info][gc,marking     ] GC(1540) Concurrent Scan Root Regions
[640.158s][info][gc,marking     ] GC(1540) Concurrent Scan Root Regions 35.297ms
[640.158s][info][gc,marking     ] GC(1540) Concurrent Mark
[640.158s][info][gc,marking     ] GC(1540) Concurrent Mark From Roots
[640.158s][info][gc,task        ] GC(1540) Using 1 workers of 1 for marking
[640.600s][info][gc,start       ] GC(1541) Pause Young (Normal) (G1 Evacuation Pause)
[640.601s][info][gc,task        ] GC(1541) Using 2 workers of 2 for evacuation
[640.649s][info][gc,phases      ] GC(1541)   Pre Evacuate Collection Set: 0.29ms
[640.649s][info][gc,phases      ] GC(1541)   Merge Heap Roots: 0.20ms
[640.649s][info][gc,phases      ] GC(1541)   Evacuate Collection Set: 47.85ms
[640.650s][info][gc,phases      ] GC(1541)   Post Evacuate Collection Set: 0.49ms
[640.650s][info][gc,phases      ] GC(1541)   Other: 0.08ms
[640.650s][info][gc,heap        ] GC(1541) Eden regions: 217->0(192)
[640.650s][info][gc,heap        ] GC(1541) Survivor regions: 19->29(30)
[640.650s][info][gc,heap        ] GC(1541) Old regions: 654->669
[640.650s][info][gc,heap        ] GC(1541) Humongous regions: 9->9
[640.650s][info][gc,metaspace   ] GC(1541) Metaspace: 19126K(19328K)->19126K(19328K) NonClass: 16460K(16576K)->16460K(16576K) Class: 2666K(2752K)->2666K(2752K)
[640.650s][info][gc             ] GC(1541) Pause Young (Normal) (G1 Evacuation Pause) 898M->706M(978M) 49.168ms
[640.650s][info][gc,cpu         ] GC(1541) User=0.10s Sys=0.00s Real=0.05s
[641.399s][info][gc,start       ] GC(1542) Pause Young (Normal) (G1 Evacuation Pause)
[641.399s][info][gc,task        ] GC(1542) Using 2 workers of 2 for evacuation
[641.437s][info][gc,phases      ] GC(1542)   Pre Evacuate Collection Set: 0.31ms
[641.437s][info][gc,phases      ] GC(1542)   Merge Heap Roots: 0.26ms
[641.437s][info][gc,phases      ] GC(1542)   Evacuate Collection Set: 37.27ms
[641.437s][info][gc,phases      ] GC(1542)   Post Evacuate Collection Set: 0.44ms
[641.437s][info][gc,phases      ] GC(1542)   Other: 0.09ms
[641.437s][info][gc,heap        ] GC(1542) Eden regions: 192->0(205)
[641.437s][info][gc,heap        ] GC(1542) Survivor regions: 29->3(28)
[641.437s][info][gc,heap        ] GC(1542) Old regions: 669->698
[641.437s][info][gc,heap        ] GC(1542) Humongous regions: 9->9
[641.437s][info][gc,metaspace   ] GC(1542) Metaspace: 19126K(19328K)->19126K(19328K) NonClass: 16460K(16576K)->16460K(16576K) Class: 2666K(2752K)->2666K(2752K)
[641.437s][info][gc             ] GC(1542) Pause Young (Normal) (G1 Evacuation Pause) 898M->709M(978M) 38.626ms
[641.437s][info][gc,cpu         ] GC(1542) User=0.07s Sys=0.00s Real=0.04s
[641.762s][info][gc,marking     ] GC(1540) Concurrent Mark From Roots 1603.615ms
[641.762s][info][gc,marking     ] GC(1540) Concurrent Preclean
[641.762s][info][gc,marking     ] GC(1540) Concurrent Preclean 0.034ms
[641.762s][info][gc,start       ] GC(1540) Pause Remark
[641.770s][info][gc             ] GC(1540) Pause Remark 790M->664M(978M) 8.017ms
[641.770s][info][gc,cpu         ] GC(1540) User=0.01s Sys=0.00s Real=0.00s
[641.770s][info][gc,marking     ] GC(1540) Concurrent Mark 1611.999ms
[641.770s][info][gc,marking     ] GC(1540) Concurrent Rebuild Remembered Sets and Scrub Regions
[642.160s][info][gc,start       ] GC(1543) Pause Young (Normal) (G1 Evacuation Pause)
[642.160s][info][gc,task        ] GC(1543) Using 2 workers of 2 for evacuation
[642.175s][info][gc,phases      ] GC(1543)   Pre Evacuate Collection Set: 0.29ms
[642.175s][info][gc,phases      ] GC(1543)   Merge Heap Roots: 0.38ms
[642.175s][info][gc,phases      ] GC(1543)   Evacuate Collection Set: 14.37ms
[642.175s][info][gc,phases      ] GC(1543)   Post Evacuate Collection Set: 0.39ms
[642.175s][info][gc,phases      ] GC(1543)   Other: 0.10ms
[642.175s][info][gc,heap        ] GC(1543) Eden regions: 205->0(307)
[642.175s][info][gc,heap        ] GC(1543) Survivor regions: 3->3(26)
[642.175s][info][gc,heap        ] GC(1543) Old regions: 575->575
[642.175s][info][gc,heap        ] GC(1543) Humongous regions: 6->6
[642.175s][info][gc,metaspace   ] GC(1543) Metaspace: 19128K(19328K)->19128K(19328K) NonClass: 16462K(16576K)->16462K(16576K) Class: 2666K(2752K)->2666K(2752K)
[642.176s][info][gc             ] GC(1543) Pause Young (Normal) (G1 Evacuation Pause) 788M->583M(978M) 15.748ms
[642.176s][info][gc,cpu         ] GC(1543) User=0.03s Sys=0.00s Real=0.02s
[642.318s][info][gc,marking     ] GC(1540) Concurrent Rebuild Remembered Sets and Scrub Regions 547.999ms
[642.318s][info][gc,start       ] GC(1540) Pause Cleanup
[642.318s][info][gc             ] GC(1540) Pause Cleanup 620M->620M(978M) 0.110ms
[642.318s][info][gc,cpu         ] GC(1540) User=0.00s Sys=0.00s Real=0.00s
[642.318s][info][gc,marking     ] GC(1540) Concurrent Clear Claimed Marks
[642.318s][info][gc,marking     ] GC(1540) Concurrent Clear Claimed Marks 0.028ms
[642.318s][info][gc,marking     ] GC(1540) Concurrent Cleanup for Next Mark
[642.321s][info][gc,marking     ] GC(1540) Concurrent Cleanup for Next Mark 2.856ms
[642.321s][info][gc             ] GC(1540) Concurrent Mark Cycle 2198.748ms
[642.635s][info][gc,start       ] GC(1544) Pause Young (Prepare Mixed) (G1 Evacuation Pause)
[642.635s][info][gc,task        ] GC(1544) Using 2 workers of 2 for evacuation
[642.705s][info][gc,phases      ] GC(1544)   Pre Evacuate Collection Set: 0.29ms
[642.705s][info][gc,phases      ] GC(1544)   Merge Heap Roots: 0.24ms
[642.705s][info][gc,phases      ] GC(1544)   Evacuate Collection Set: 68.16ms
[642.705s][info][gc,phases      ] GC(1544)   Post Evacuate Collection Set: 0.76ms
[642.705s][info][gc,phases      ] GC(1544)   Other: 0.08ms
[642.705s][info][gc,heap        ] GC(1544) Eden regions: 307->0(225)
[642.705s][info][gc,heap        ] GC(1544) Survivor regions: 3->39(39)
[642.705s][info][gc,heap        ] GC(1544) Old regions: 575->611
[642.705s][info][gc,heap        ] GC(1544) Humongous regions: 6->6
[642.705s][info][gc,metaspace   ] GC(1544) Metaspace: 19128K(19328K)->19128K(19328K) NonClass: 16462K(16576K)->16462K(16576K) Class: 2666K(2752K)->2666K(2752K)
[642.705s][info][gc             ] GC(1544) Pause Young (Prepare Mixed) (G1 Evacuation Pause) 890M->655M(978M) 69.772ms
[642.705s][info][gc,cpu         ] GC(1544) User=0.14s Sys=0.00s Real=0.07s
[642.993s][info][gc,start       ] GC(1545) Pause Young (Mixed) (G1 Evacuation Pause)
[642.994s][info][gc,task        ] GC(1545) Using 2 workers of 2 for evacuation
[643.090s][info][gc,phases      ] GC(1545)   Pre Evacuate Collection Set: 0.53ms
[643.090s][info][gc,phases      ] GC(1545)   Merge Heap Roots: 0.47ms
[643.090s][info][gc,phases      ] GC(1545)   Evacuate Collection Set: 94.27ms
[643.090s][info][gc,phases      ] GC(1545)   Post Evacuate Collection Set: 0.63ms
[643.090s][info][gc,phases      ] GC(1545)   Other: 0.08ms
[643.090s][info][gc,heap        ] GC(1545) Eden regions: 225->0(210)
[643.090s][info][gc,heap        ] GC(1545) Survivor regions: 39->33(33)
[643.090s][info][gc,heap        ] GC(1545) Old regions: 611->629
[643.090s][info][gc,heap        ] GC(1545) Humongous regions: 9->9
[643.090s][info][gc,metaspace   ] GC(1545) Metaspace: 19128K(19328K)->19128K(19328K) NonClass: 16462K(16576K)->16462K(16576K) Class: 2666K(2752K)->2666K(2752K)
[643.090s][info][gc             ] GC(1545) Pause Young (Mixed) (G1 Evacuation Pause) 883M->670M(978M) 96.211ms
[643.090s][info][gc,cpu         ] GC(1545) User=0.19s Sys=0.00s Real=0.09s
[643.305s][info][gc,start       ] GC(1546) Pause Young (Concurrent Start) (G1 Evacuation Pause)
[643.305s][info][gc,task        ] GC(1546) Using 2 workers of 2 for evacuation
[643.375s][info][gc,phases      ] GC(1546)   Pre Evacuate Collection Set: 0.32ms
[643.375s][info][gc,phases      ] GC(1546)   Merge Heap Roots: 0.28ms
[643.375s][info][gc,phases      ] GC(1546)   Evacuate Collection Set: 68.93ms
[643.375s][info][gc,phases      ] GC(1546)   Post Evacuate Collection Set: 0.48ms
[643.375s][info][gc,phases      ] GC(1546)   Other: 0.09ms
[643.375s][info][gc,heap        ] GC(1546) Eden regions: 210->0(196)
[643.375s][info][gc,heap        ] GC(1546) Survivor regions: 33->23(31)
[643.375s][info][gc,heap        ] GC(1546) Old regions: 629->663
[643.375s][info][gc,heap        ] GC(1546) Humongous regions: 9->9
[643.375s][info][gc,metaspace   ] GC(1546) Metaspace: 19128K(19328K)->19128K(19328K) NonClass: 16462K(16576K)->16462K(16576K) Class: 2666K(2752K)->2666K(2752K)
[643.375s][info][gc             ] GC(1546) Pause Young (Concurrent Start) (G1 Evacuation Pause) 880M->693M(978M) 70.322ms
[643.375s][info][gc             ] GC(1547) Concurrent Mark Cycle
[643.375s][info][gc,marking     ] GC(1547) Concurrent Scan Root Regions
[643.376s][info][gc,cpu         ] GC(1546) User=0.14s Sys=0.00s Real=0.07s
[643.492s][info][gc,marking     ] GC(1547) Concurrent Scan Root Regions 117.069ms
[643.492s][info][gc,marking     ] GC(1547) Concurrent Mark
[643.492s][info][gc,marking     ] GC(1547) Concurrent Mark From Roots
[643.492s][info][gc,task        ] GC(1547) Using 1 workers of 1 for marking
[643.709s][info][gc,start       ] GC(1548) Pause Young (Normal) (G1 Evacuation Pause)
[643.709s][info][gc,task        ] GC(1548) Using 2 workers of 2 for evacuation
[643.740s][info][gc,phases      ] GC(1548)   Pre Evacuate Collection Set: 0.30ms
[643.740s][info][gc,phases      ] GC(1548)   Merge Heap Roots: 0.18ms
[643.740s][info][gc,phases      ] GC(1548)   Evacuate Collection Set: 29.92ms
[643.740s][info][gc,phases      ] GC(1548)   Post Evacuate Collection Set: 0.41ms
[643.740s][info][gc,phases      ] GC(1548)   Other: 0.08ms
[643.740s][info][gc,heap        ] GC(1548) Eden regions: 196->0(203)
[643.740s][info][gc,heap        ] GC(1548) Survivor regions: 23->5(28)
[643.740s][info][gc,heap        ] GC(1548) Old regions: 663->685
[643.740s][info][gc,heap        ] GC(1548) Humongous regions: 9->9
[643.740s][info][gc,metaspace   ] GC(1548) Metaspace: 19128K(19328K)->19128K(19328K) NonClass: 16462K(16576K)->16462K(16576K) Class: 2666K(2752K)->2666K(2752K)
[643.740s][info][gc             ] GC(1548) Pause Young (Normal) (G1 Evacuation Pause) 889M->698M(978M) 31.130ms
[643.740s][info][gc,cpu         ] GC(1548) User=0.06s Sys=0.00s Real=0.03s
[644.229s][info][gc,start       ] GC(1549) Pause Young (Normal) (G1 Evacuation Pause)
[644.229s][info][gc,task        ] GC(1549) Using 2 workers of 2 for evacuation
[644.249s][info][gc,phases      ] GC(1549)   Pre Evacuate Collection Set: 0.30ms
[644.250s][info][gc,phases      ] GC(1549)   Merge Heap Roots: 0.14ms
[644.250s][info][gc,phases      ] GC(1549)   Evacuate Collection Set: 19.87ms
[644.250s][info][gc,phases      ] GC(1549)   Post Evacuate Collection Set: 0.43ms
[644.250s][info][gc,phases      ] GC(1549)   Other: 0.08ms
[644.250s][info][gc,heap        ] GC(1549) Eden regions: 203->0(198)
[644.250s][info][gc,heap        ] GC(1549) Survivor regions: 5->18(26)
[644.250s][info][gc,heap        ] GC(1549) Old regions: 685->685
[644.250s][info][gc,heap        ] GC(1549) Humongous regions: 9->9
[644.250s][info][gc,metaspace   ] GC(1549) Metaspace: 19128K(19328K)->19128K(19328K) NonClass: 16462K(16576K)->16462K(16576K) Class: 2666K(2752K)->2666K(2752K)
[644.250s][info][gc             ] GC(1549) Pause Young (Normal) (G1 Evacuation Pause) 901M->711M(978M) 21.053ms
[644.250s][info][gc,cpu         ] GC(1549) User=0.04s Sys=0.00s Real=0.02s
[644.996s][info][gc,start       ] GC(1550) Pause Young (Normal) (G1 Evacuation Pause)
[644.996s][info][gc,task        ] GC(1550) Using 2 workers of 2 for evacuation
[645.042s][info][gc,phases      ] GC(1550)   Pre Evacuate Collection Set: 0.30ms
[645.042s][info][gc,phases      ] GC(1550)   Merge Heap Roots: 0.50ms
[645.042s][info][gc,phases      ] GC(1550)   Evacuate Collection Set: 44.54ms
[645.042s][info][gc,phases      ] GC(1550)   Post Evacuate Collection Set: 0.44ms
[645.042s][info][gc,phases      ] GC(1550)   Other: 0.08ms
[645.042s][info][gc,heap        ] GC(1550) Eden regions: 198->0(175)
[645.042s][info][gc,heap        ] GC(1550) Survivor regions: 18->27(27)
[645.042s][info][gc,heap        ] GC(1550) Old regions: 685->690
[645.042s][info][gc,heap        ] GC(1550) Humongous regions: 9->9
[645.042s][info][gc,metaspace   ] GC(1550) Metaspace: 19128K(19328K)->19128K(19328K) NonClass: 16462K(16576K)->16462K(16576K) Class: 2666K(2752K)->2666K(2752K)
[645.042s][info][gc             ] GC(1550) Pause Young (Normal) (G1 Evacuation Pause) 909M->725M(978M) 46.127ms
[645.042s][info][gc,cpu         ] GC(1550) User=0.09s Sys=0.00s Real=0.05s
[645.197s][info][gc,marking     ] GC(1547) Concurrent Mark From Roots 1704.750ms
[645.197s][info][gc,marking     ] GC(1547) Concurrent Preclean
[645.197s][info][gc,marking     ] GC(1547) Concurrent Preclean 0.030ms
[645.197s][info][gc,start       ] GC(1547) Pause Remark
[645.205s][info][gc             ] GC(1547) Pause Remark 783M->769M(978M) 7.873ms
[645.205s][info][gc,cpu         ] GC(1547) User=0.02s Sys=0.00s Real=0.01s
[645.206s][info][gc,marking     ] GC(1547) Concurrent Mark 1713.681ms
[645.206s][info][gc,marking     ] GC(1547) Concurrent Rebuild Remembered Sets and Scrub Regions
[645.464s][info][gc,start       ] GC(1551) Pause Young (Normal) (G1 Evacuation Pause)
[645.464s][info][gc,task        ] GC(1551) Using 2 workers of 2 for evacuation
[645.507s][info][gc,phases      ] GC(1551)   Pre Evacuate Collection Set: 0.30ms
[645.507s][info][gc,phases      ] GC(1551)   Merge Heap Roots: 0.17ms
[645.507s][info][gc,phases      ] GC(1551)   Evacuate Collection Set: 42.22ms
[645.507s][info][gc,phases      ] GC(1551)   Post Evacuate Collection Set: 0.39ms
[645.507s][info][gc,phases      ] GC(1551)   Other: 0.09ms
[645.507s][info][gc,heap        ] GC(1551) Eden regions: 175->0(182)
[645.507s][info][gc,heap        ] GC(1551) Survivor regions: 27->17(26)
[645.507s][info][gc,heap        ] GC(1551) Old regions: 677->704
[645.507s][info][gc,heap        ] GC(1551) Humongous regions: 8->8
[645.507s][info][gc,metaspace   ] GC(1551) Metaspace: 19128K(19328K)->19128K(19328K) NonClass: 16462K(16576K)->16462K(16576K) Class: 2666K(2752K)->2666K(2752K)
[645.507s][info][gc             ] GC(1551) Pause Young (Normal) (G1 Evacuation Pause) 886M->728M(978M) 43.341ms
[645.507s][info][gc,cpu         ] GC(1551) User=0.08s Sys=0.00s Real=0.04s
[645.782s][info][gc,start       ] GC(1552) Pause Young (Normal) (G1 Evacuation Pause)
[645.782s][info][gc,task        ] GC(1552) Using 2 workers of 2 for evacuation
[645.808s][info][gc,phases      ] GC(1552)   Pre Evacuate Collection Set: 0.48ms
[645.808s][info][gc,phases      ] GC(1552)   Merge Heap Roots: 0.10ms
[645.808s][info][gc,phases      ] GC(1552)   Evacuate Collection Set: 25.11ms
[645.808s][info][gc,phases      ] GC(1552)   Post Evacuate Collection Set: 0.43ms
[645.808s][info][gc,phases      ] GC(1552)   Other: 0.09ms
[645.808s][info][gc,heap        ] GC(1552) Eden regions: 182->0(163)
[645.808s][info][gc,heap        ] GC(1552) Survivor regions: 17->24(25)
[645.808s][info][gc,heap        ] GC(1552) Old regions: 704->709
[645.808s][info][gc,heap        ] GC(1552) Humongous regions: 8->8
[645.808s][info][gc,metaspace   ] GC(1552) Metaspace: 19129K(19328K)->19129K(19328K) NonClass: 16463K(16576K)->16463K(16576K) Class: 2666K(2752K)->2666K(2752K)
[645.809s][info][gc             ] GC(1552) Pause Young (Normal) (G1 Evacuation Pause) 910M->740M(978M) 26.418ms
[645.809s][info][gc,cpu         ] GC(1552) User=0.05s Sys=0.00s Real=0.02s
[645.848s][info][gc,marking     ] GC(1547) Concurrent Rebuild Remembered Sets and Scrub Regions 641.934ms
[645.848s][info][gc,start       ] GC(1547) Pause Cleanup
[645.848s][info][gc             ] GC(1547) Pause Cleanup 761M->761M(978M) 0.091ms
[645.848s][info][gc,cpu         ] GC(1547) User=0.00s Sys=0.00s Real=0.00s
[645.850s][info][gc,marking     ] GC(1547) Concurrent Clear Claimed Marks
[645.850s][info][gc,marking     ] GC(1547) Concurrent Clear Claimed Marks 0.046ms
[645.850s][info][gc,marking     ] GC(1547) Concurrent Cleanup for Next Mark
[645.857s][info][gc,marking     ] GC(1547) Concurrent Cleanup for Next Mark 6.858ms
[645.857s][info][gc             ] GC(1547) Concurrent Mark Cycle 2481.747ms
[645.990s][info][gc,start       ] GC(1553) Pause Young (Prepare Mixed) (G1 Evacuation Pause)
[645.990s][info][gc,task        ] GC(1553) Using 2 workers of 2 for evacuation
[646.024s][info][gc,phases      ] GC(1553)   Pre Evacuate Collection Set: 0.51ms
[646.024s][info][gc,phases      ] GC(1553)   Merge Heap Roots: 0.08ms
[646.024s][info][gc,phases      ] GC(1553)   Evacuate Collection Set: 32.68ms
[646.024s][info][gc,phases      ] GC(1553)   Post Evacuate Collection Set: 0.48ms
[646.024s][info][gc,phases      ] GC(1553)   Other: 0.09ms
[646.024s][info][gc,heap        ] GC(1553) Eden regions: 163->0(160)
[646.024s][info][gc,heap        ] GC(1553) Survivor regions: 24->16(24)
[646.024s][info][gc,heap        ] GC(1553) Old regions: 709->728
[646.024s][info][gc,heap        ] GC(1553) Humongous regions: 8->8
[646.024s][info][gc,metaspace   ] GC(1553) Metaspace: 19129K(19328K)->19129K(19328K) NonClass: 16463K(16576K)->16463K(16576K) Class: 2666K(2752K)->2666K(2752K)
[646.024s][info][gc             ] GC(1553) Pause Young (Prepare Mixed) (G1 Evacuation Pause) 903M->751M(978M) 34.096ms
[646.024s][info][gc,cpu         ] GC(1553) User=0.06s Sys=0.00s Real=0.04s
[646.311s][info][gc,start       ] GC(1554) Pause Young (Mixed) (G1 Evacuation Pause)
[646.311s][info][gc,task        ] GC(1554) Using 2 workers of 2 for evacuation
[646.337s][info][gc,phases      ] GC(1554)   Pre Evacuate Collection Set: 0.52ms
[646.337s][info][gc,phases      ] GC(1554)   Merge Heap Roots: 0.19ms
[646.337s][info][gc,phases      ] GC(1554)   Evacuate Collection Set: 24.16ms
[646.337s][info][gc,phases      ] GC(1554)   Post Evacuate Collection Set: 0.45ms
[646.337s][info][gc,phases      ] GC(1554)   Other: 0.10ms
[646.337s][info][gc,heap        ] GC(1554) Eden regions: 160->0(182)
[646.337s][info][gc,heap        ] GC(1554) Survivor regions: 16->4(22)
[646.337s][info][gc,heap        ] GC(1554) Old regions: 728->730
[646.337s][info][gc,heap        ] GC(1554) Humongous regions: 8->8
[646.337s][info][gc,metaspace   ] GC(1554) Metaspace: 19129K(19328K)->19129K(19328K) NonClass: 16463K(16576K)->16463K(16576K) Class: 2666K(2752K)->2666K(2752K)
[646.337s][info][gc             ] GC(1554) Pause Young (Mixed) (G1 Evacuation Pause) 911M->741M(978M) 25.644ms
[646.337s][info][gc,cpu         ] GC(1554) User=0.05s Sys=0.00s Real=0.02s
[646.579s][info][gc,start       ] GC(1555) Pause Young (Concurrent Start) (G1 Evacuation Pause)
[646.579s][info][gc,task        ] GC(1555) Using 2 workers of 2 for evacuation
[646.599s][info][gc,phases      ] GC(1555)   Pre Evacuate Collection Set: 0.33ms
[646.600s][info][gc,phases      ] GC(1555)   Merge Heap Roots: 0.10ms
[646.600s][info][gc,phases      ] GC(1555)   Evacuate Collection Set: 19.14ms
[646.600s][info][gc,phases      ] GC(1555)   Post Evacuate Collection Set: 0.44ms
[646.600s][info][gc,phases      ] GC(1555)   Other: 0.12ms
[646.600s][info][gc,heap        ] GC(1555) Eden regions: 182->0(152)
[646.600s][info][gc,heap        ] GC(1555) Survivor regions: 4->19(24)
[646.600s][info][gc,heap        ] GC(1555) Old regions: 730->730
[646.600s][info][gc,heap        ] GC(1555) Humongous regions: 8->8
[646.600s][info][gc,metaspace   ] GC(1555) Metaspace: 19132K(19328K)->19132K(19328K) NonClass: 16465K(16576K)->16465K(16576K) Class: 2666K(2752K)->2666K(2752K)
[646.600s][info][gc             ] GC(1555) Pause Young (Concurrent Start) (G1 Evacuation Pause) 923M->756M(978M) 20.388ms
[646.600s][info][gc             ] GC(1556) Concurrent Mark Cycle
[646.600s][info][gc,marking     ] GC(1556) Concurrent Scan Root Regions
[646.600s][info][gc,cpu         ] GC(1555) User=0.04s Sys=0.00s Real=0.02s
[646.615s][info][gc,marking     ] GC(1556) Concurrent Scan Root Regions 15.691ms
[646.615s][info][gc,marking     ] GC(1556) Concurrent Mark
[646.615s][info][gc,marking     ] GC(1556) Concurrent Mark From Roots
[646.615s][info][gc,task        ] GC(1556) Using 1 workers of 1 for marking
[646.916s][info][gc,start       ] GC(1557) Pause Young (Normal) (G1 Evacuation Pause)
[646.916s][info][gc,task        ] GC(1557) Using 2 workers of 2 for evacuation
[646.956s][info][gc,phases      ] GC(1557)   Pre Evacuate Collection Set: 0.51ms
[646.956s][info][gc,phases      ] GC(1557)   Merge Heap Roots: 0.13ms
[646.956s][info][gc,phases      ] GC(1557)   Evacuate Collection Set: 38.36ms
[646.956s][info][gc,phases      ] GC(1557)   Post Evacuate Collection Set: 0.42ms
[646.956s][info][gc,phases      ] GC(1557)   Other: 0.09ms
[646.956s][info][gc,heap        ] GC(1557) Eden regions: 152->0(125)
[646.956s][info][gc,heap        ] GC(1557) Survivor regions: 19->22(22)
[646.956s][info][gc,heap        ] GC(1557) Old regions: 730->751
[646.956s][info][gc,heap        ] GC(1557) Humongous regions: 8->8
[646.956s][info][gc,metaspace   ] GC(1557) Metaspace: 19132K(19328K)->19132K(19328K) NonClass: 16465K(16576K)->16465K(16576K) Class: 2666K(2752K)->2666K(2752K)
[646.956s][info][gc             ] GC(1557) Pause Young (Normal) (G1 Evacuation Pause) 908M->780M(978M) 39.728ms
[646.956s][info][gc,cpu         ] GC(1557) User=0.08s Sys=0.00s Real=0.04s
[647.146s][info][gc,start       ] GC(1558) Pause Young (Normal) (G1 Evacuation Pause)
[647.147s][info][gc,task        ] GC(1558) Using 2 workers of 2 for evacuation
[647.198s][info][gc,phases      ] GC(1558)   Pre Evacuate Collection Set: 0.51ms
[647.198s][info][gc,phases      ] GC(1558)   Merge Heap Roots: 0.09ms
[647.198s][info][gc,phases      ] GC(1558)   Evacuate Collection Set: 50.05ms
[647.198s][info][gc,phases      ] GC(1558)   Post Evacuate Collection Set: 0.50ms
[647.198s][info][gc,phases      ] GC(1558)   Other: 0.07ms
[647.198s][info][gc,heap        ] GC(1558) Eden regions: 125->0(90)
[647.198s][info][gc,heap        ] GC(1558) Survivor regions: 22->19(19)
[647.198s][info][gc,heap        ] GC(1558) Old regions: 751->792
[647.198s][info][gc,heap        ] GC(1558) Humongous regions: 8->8
[647.198s][info][gc,metaspace   ] GC(1558) Metaspace: 19132K(19328K)->19132K(19328K) NonClass: 16465K(16576K)->16465K(16576K) Class: 2666K(2752K)->2666K(2752K)
[647.198s][info][gc             ] GC(1558) Pause Young (Normal) (G1 Evacuation Pause) 905M->818M(978M) 51.502ms
[647.198s][info][gc,cpu         ] GC(1558) User=0.10s Sys=0.00s Real=0.05s
[647.471s][info][gc,start       ] GC(1559) Pause Young (Normal) (G1 Evacuation Pause)
[647.471s][info][gc,task        ] GC(1559) Using 2 workers of 2 for evacuation
[647.502s][info][gc,phases      ] GC(1559)   Pre Evacuate Collection Set: 0.31ms
[647.502s][info][gc,phases      ] GC(1559)   Merge Heap Roots: 0.29ms
[647.502s][info][gc,phases      ] GC(1559)   Evacuate Collection Set: 29.88ms
[647.502s][info][gc,phases      ] GC(1559)   Post Evacuate Collection Set: 0.35ms
[647.502s][info][gc,phases      ] GC(1559)   Other: 0.09ms
[647.502s][info][gc,heap        ] GC(1559) Eden regions: 90->0(86)
[647.502s][info][gc,heap        ] GC(1559) Survivor regions: 19->11(14)
[647.502s][info][gc,heap        ] GC(1559) Old regions: 792->812
[647.502s][info][gc,heap        ] GC(1559) Humongous regions: 8->8
[647.502s][info][gc,metaspace   ] GC(1559) Metaspace: 19132K(19328K)->19132K(19328K) NonClass: 16465K(16576K)->16465K(16576K) Class: 2666K(2752K)->2666K(2752K)
[647.502s][info][gc             ] GC(1559) Pause Young (Normal) (G1 Evacuation Pause) 908M->830M(978M) 31.187ms
[647.502s][info][gc,cpu         ] GC(1559) User=0.06s Sys=0.00s Real=0.04s
[647.613s][info][gc,start       ] GC(1560) Pause Young (Normal) (G1 Evacuation Pause)
[647.613s][info][gc,task        ] GC(1560) Using 2 workers of 2 for evacuation
[647.633s][info][gc,phases      ] GC(1560)   Pre Evacuate Collection Set: 0.31ms
[647.633s][info][gc,phases      ] GC(1560)   Merge Heap Roots: 0.23ms
[647.633s][info][gc,phases      ] GC(1560)   Evacuate Collection Set: 18.62ms
[647.633s][info][gc,phases      ] GC(1560)   Post Evacuate Collection Set: 0.36ms
[647.633s][info][gc,phases      ] GC(1560)   Other: 0.09ms
[647.633s][info][gc,heap        ] GC(1560) Eden regions: 86->0(91)
[647.633s][info][gc,heap        ] GC(1560) Survivor regions: 11->3(13)
[647.633s][info][gc,heap        ] GC(1560) Old regions: 812->823
[647.633s][info][gc,heap        ] GC(1560) Humongous regions: 8->8
[647.633s][info][gc,metaspace   ] GC(1560) Metaspace: 19132K(19328K)->19132K(19328K) NonClass: 16465K(16576K)->16465K(16576K) Class: 2666K(2752K)->2666K(2752K)
[647.633s][info][gc             ] GC(1560) Pause Young (Normal) (G1 Evacuation Pause) 916M->832M(978M) 19.832ms
[647.633s][info][gc,cpu         ] GC(1560) User=0.03s Sys=0.00s Real=0.02s
[647.828s][info][gc,start       ] GC(1561) Pause Young (Normal) (G1 Evacuation Pause)
[647.828s][info][gc,task        ] GC(1561) Using 2 workers of 2 for evacuation
[647.872s][info][gc,phases      ] GC(1561)   Pre Evacuate Collection Set: 0.31ms
[647.872s][info][gc,phases      ] GC(1561)   Merge Heap Roots: 0.28ms
[647.872s][info][gc,phases      ] GC(1561)   Evacuate Collection Set: 42.90ms
[647.872s][info][gc,phases      ] GC(1561)   Post Evacuate Collection Set: 0.45ms
[647.872s][info][gc,phases      ] GC(1561)   Other: 0.07ms
[647.872s][info][gc,heap        ] GC(1561) Eden regions: 91->0(56)
[647.872s][info][gc,heap        ] GC(1561) Survivor regions: 3->12(12)
[647.872s][info][gc,heap        ] GC(1561) Old regions: 823->837
[647.872s][info][gc,heap        ] GC(1561) Humongous regions: 11->11
[647.872s][info][gc,metaspace   ] GC(1561) Metaspace: 19132K(19328K)->19132K(19328K) NonClass: 16465K(16576K)->16465K(16576K) Class: 2666K(2752K)->2666K(2752K)
[647.872s][info][gc             ] GC(1561) Pause Young (Normal) (G1 Evacuation Pause) 926M->859M(978M) 44.303ms
[647.872s][info][gc,cpu         ] GC(1561) User=0.08s Sys=0.00s Real=0.05s
[647.970s][info][gc,start       ] GC(1562) Pause Young (Normal) (G1 Evacuation Pause)
[647.970s][info][gc,task        ] GC(1562) Using 2 workers of 2 for evacuation
[648.006s][info][gc,phases      ] GC(1562)   Pre Evacuate Collection Set: 0.50ms
[648.006s][info][gc,phases      ] GC(1562)   Merge Heap Roots: 0.31ms
[648.006s][info][gc,phases      ] GC(1562)   Evacuate Collection Set: 34.98ms
[648.006s][info][gc,phases      ] GC(1562)   Post Evacuate Collection Set: 0.31ms
[648.006s][info][gc,phases      ] GC(1562)   Other: 0.08ms
[648.006s][info][gc,heap        ] GC(1562) Eden regions: 56->0(49)
[648.006s][info][gc,heap        ] GC(1562) Survivor regions: 12->9(9)
[648.006s][info][gc,heap        ] GC(1562) Old regions: 837->850
[648.006s][info][gc,heap        ] GC(1562) Humongous regions: 11->11
[648.006s][info][gc,metaspace   ] GC(1562) Metaspace: 19132K(19328K)->19132K(19328K) NonClass: 16465K(16576K)->16465K(16576K) Class: 2666K(2752K)->2666K(2752K)
[648.006s][info][gc             ] GC(1562) Pause Young (Normal) (G1 Evacuation Pause) 915M->869M(978M) 36.390ms
[648.006s][info][gc,cpu         ] GC(1562) User=0.07s Sys=0.00s Real=0.04s
[648.082s][info][gc,start       ] GC(1563) Pause Young (Normal) (G1 Evacuation Pause)
[648.082s][info][gc,task        ] GC(1563) Using 2 workers of 2 for evacuation
[648.103s][info][gc,phases      ] GC(1563)   Pre Evacuate Collection Set: 0.29ms
[648.103s][info][gc,phases      ] GC(1563)   Merge Heap Roots: 0.12ms
[648.103s][info][gc,phases      ] GC(1563)   Evacuate Collection Set: 20.30ms
[648.103s][info][gc,phases      ] GC(1563)   Post Evacuate Collection Set: 0.29ms
[648.103s][info][gc,phases      ] GC(1563)   Other: 0.08ms
[648.103s][info][gc,heap        ] GC(1563) Eden regions: 49->0(42)
[648.103s][info][gc,heap        ] GC(1563) Survivor regions: 9->8(8)
[648.103s][info][gc,heap        ] GC(1563) Old regions: 850->859
[648.103s][info][gc,heap        ] GC(1563) Humongous regions: 11->11
[648.103s][info][gc,metaspace   ] GC(1563) Metaspace: 19132K(19328K)->19132K(19328K) NonClass: 16465K(16576K)->16465K(16576K) Class: 2666K(2752K)->2666K(2752K)
[648.103s][info][gc             ] GC(1563) Pause Young (Normal) (G1 Evacuation Pause) 918M->877M(978M) 21.265ms
[648.103s][info][gc,cpu         ] GC(1563) User=0.04s Sys=0.00s Real=0.02s
[648.124s][info][gc,marking     ] GC(1556) Concurrent Mark From Roots 1508.668ms
[648.124s][info][gc,marking     ] GC(1556) Concurrent Preclean
[648.124s][info][gc,marking     ] GC(1556) Concurrent Preclean 0.030ms
[648.124s][info][gc,start       ] GC(1556) Pause Remark
[648.132s][info][gc             ] GC(1556) Pause Remark 889M->625M(978M) 8.015ms
[648.132s][info][gc,cpu         ] GC(1556) User=0.02s Sys=0.00s Real=0.01s
[648.133s][info][gc,marking     ] GC(1556) Concurrent Mark 1517.603ms
[648.133s][info][gc,marking     ] GC(1556) Concurrent Rebuild Remembered Sets and Scrub Regions
[648.199s][info][gc,start       ] GC(1564) Pause Young (Normal) (G1 Evacuation Pause)
[648.199s][info][gc,task        ] GC(1564) Using 2 workers of 2 for evacuation
[648.228s][info][gc,phases      ] GC(1564)   Pre Evacuate Collection Set: 0.44ms
[648.228s][info][gc,phases      ] GC(1564)   Merge Heap Roots: 0.32ms
[648.228s][info][gc,phases      ] GC(1564)   Evacuate Collection Set: 27.87ms
[648.228s][info][gc,phases      ] GC(1564)   Post Evacuate Collection Set: 0.27ms
[648.228s][info][gc,phases      ] GC(1564)   Other: 0.07ms
[648.228s][info][gc,heap        ] GC(1564) Eden regions: 42->0(251)
[648.228s][info][gc,heap        ] GC(1564) Survivor regions: 8->7(7)
[648.228s][info][gc,heap        ] GC(1564) Old regions: 599->610
[648.228s][info][gc,heap        ] GC(1564) Humongous regions: 7->7
[648.228s][info][gc,metaspace   ] GC(1564) Metaspace: 19132K(19328K)->19132K(19328K) NonClass: 16465K(16576K)->16465K(16576K) Class: 2666K(2752K)->2666K(2752K)
[648.228s][info][gc             ] GC(1564) Pause Young (Normal) (G1 Evacuation Pause) 655M->623M(978M) 29.168ms
[648.228s][info][gc,cpu         ] GC(1564) User=0.06s Sys=0.00s Real=0.03s
[648.573s][info][gc,start       ] GC(1565) Pause Young (Normal) (G1 Evacuation Pause)
[648.573s][info][gc,task        ] GC(1565) Using 2 workers of 2 for evacuation
[648.596s][info][gc,phases      ] GC(1565)   Pre Evacuate Collection Set: 0.30ms
[648.596s][info][gc,phases      ] GC(1565)   Merge Heap Roots: 0.32ms
[648.596s][info][gc,phases      ] GC(1565)   Evacuate Collection Set: 21.99ms
[648.596s][info][gc,phases      ] GC(1565)   Post Evacuate Collection Set: 0.43ms
[648.596s][info][gc,phases      ] GC(1565)   Other: 0.10ms
[648.596s][info][gc,heap        ] GC(1565) Eden regions: 251->0(260)
[648.596s][info][gc,heap        ] GC(1565) Survivor regions: 7->13(33)
[648.596s][info][gc,heap        ] GC(1565) Old regions: 610->610
[648.596s][info][gc,heap        ] GC(1565) Humongous regions: 7->7
[648.596s][info][gc,metaspace   ] GC(1565) Metaspace: 19132K(19328K)->19132K(19328K) NonClass: 16465K(16576K)->16465K(16576K) Class: 2666K(2752K)->2666K(2752K)
[648.596s][info][gc             ] GC(1565) Pause Young (Normal) (G1 Evacuation Pause) 874M->628M(978M) 23.381ms
[648.596s][info][gc,cpu         ] GC(1565) User=0.05s Sys=0.00s Real=0.02s
[648.786s][info][gc,marking     ] GC(1556) Concurrent Rebuild Remembered Sets and Scrub Regions 652.997ms
[648.786s][info][gc,start       ] GC(1556) Pause Cleanup
[648.786s][info][gc             ] GC(1556) Pause Cleanup 801M->801M(978M) 0.144ms
[648.786s][info][gc,cpu         ] GC(1556) User=0.00s Sys=0.00s Real=0.00s
[648.787s][info][gc,marking     ] GC(1556) Concurrent Clear Claimed Marks
[648.787s][info][gc,marking     ] GC(1556) Concurrent Clear Claimed Marks 0.055ms
[648.787s][info][gc,marking     ] GC(1556) Concurrent Cleanup for Next Mark
[648.794s][info][gc,marking     ] GC(1556) Concurrent Cleanup for Next Mark 6.624ms
[648.794s][info][gc             ] GC(1556) Concurrent Mark Cycle 2194.184ms
[648.884s][info][gc,start       ] GC(1566) Pause Young (Prepare Mixed) (G1 Evacuation Pause)
[648.884s][info][gc,task        ] GC(1566) Using 2 workers of 2 for evacuation
[648.941s][info][gc,phases      ] GC(1566)   Pre Evacuate Collection Set: 0.49ms
[648.942s][info][gc,phases      ] GC(1566)   Merge Heap Roots: 0.25ms
[648.942s][info][gc,phases      ] GC(1566)   Evacuate Collection Set: 55.97ms
[648.942s][info][gc,phases      ] GC(1566)   Post Evacuate Collection Set: 0.65ms
[648.942s][info][gc,phases      ] GC(1566)   Other: 0.08ms
[648.942s][info][gc,heap        ] GC(1566) Eden regions: 260->0(213)
[648.942s][info][gc,heap        ] GC(1566) Survivor regions: 13->35(35)
[648.942s][info][gc,heap        ] GC(1566) Old regions: 610->630
[648.942s][info][gc,heap        ] GC(1566) Humongous regions: 7->7
[648.942s][info][gc,metaspace   ] GC(1566) Metaspace: 19132K(19328K)->19132K(19328K) NonClass: 16465K(16576K)->16465K(16576K) Class: 2666K(2752K)->2666K(2752K)
[648.942s][info][gc             ] GC(1566) Pause Young (Prepare Mixed) (G1 Evacuation Pause) 888M->671M(978M) 57.664ms
[648.942s][info][gc,cpu         ] GC(1566) User=0.11s Sys=0.01s Real=0.06s
[649.163s][info][gc,start       ] GC(1567) Pause Young (Mixed) (G1 Evacuation Pause)
[649.163s][info][gc,task        ] GC(1567) Using 2 workers of 2 for evacuation
[649.248s][info][gc,phases      ] GC(1567)   Pre Evacuate Collection Set: 0.36ms
[649.248s][info][gc,phases      ] GC(1567)   Merge Heap Roots: 0.51ms
[649.248s][info][gc,phases      ] GC(1567)   Evacuate Collection Set: 83.21ms
[649.248s][info][gc,phases      ] GC(1567)   Post Evacuate Collection Set: 0.57ms
[649.248s][info][gc,phases      ] GC(1567)   Other: 0.09ms
[649.248s][info][gc,heap        ] GC(1567) Eden regions: 213->0(218)
[649.248s][info][gc,heap        ] GC(1567) Survivor regions: 35->31(31)
[649.248s][info][gc,heap        ] GC(1567) Old regions: 630->620
[649.248s][info][gc,heap        ] GC(1567) Humongous regions: 8->8
[649.248s][info][gc,metaspace   ] GC(1567) Metaspace: 19132K(19328K)->19132K(19328K) NonClass: 16465K(16576K)->16465K(16576K) Class: 2666K(2752K)->2666K(2752K)
[649.248s][info][gc             ] GC(1567) Pause Young (Mixed) (G1 Evacuation Pause) 885M->658M(978M) 85.076ms
[649.248s][info][gc,cpu         ] GC(1567) User=0.16s Sys=0.00s Real=0.08s
[649.581s][info][gc,start       ] GC(1568) Pause Young (Concurrent Start) (G1 Evacuation Pause)
[649.581s][info][gc,task        ] GC(1568) Using 2 workers of 2 for evacuation
[649.644s][info][gc,phases      ] GC(1568)   Pre Evacuate Collection Set: 0.31ms
[649.644s][info][gc,phases      ] GC(1568)   Merge Heap Roots: 0.29ms
[649.644s][info][gc,phases      ] GC(1568)   Evacuate Collection Set: 61.11ms
[649.644s][info][gc,phases      ] GC(1568)   Post Evacuate Collection Set: 0.49ms
[649.644s][info][gc,phases      ] GC(1568)   Other: 0.10ms
[649.644s][info][gc,heap        ] GC(1568) Eden regions: 218->0(207)
[649.644s][info][gc,heap        ] GC(1568) Survivor regions: 31->21(32)
[649.644s][info][gc,heap        ] GC(1568) Old regions: 620->652
[649.644s][info][gc,heap        ] GC(1568) Humongous regions: 8->8
[649.644s][info][gc,metaspace   ] GC(1568) Metaspace: 19132K(19328K)->19132K(19328K) NonClass: 16465K(16576K)->16465K(16576K) Class: 2666K(2752K)->2666K(2752K)
[649.644s][info][gc             ] GC(1568) Pause Young (Concurrent Start) (G1 Evacuation Pause) 876M->679M(978M) 62.579ms
[649.644s][info][gc             ] GC(1569) Concurrent Mark Cycle
[649.644s][info][gc,marking     ] GC(1569) Concurrent Scan Root Regions
[649.644s][info][gc,cpu         ] GC(1568) User=0.13s Sys=0.00s Real=0.06s
[649.741s][info][gc,marking     ] GC(1569) Concurrent Scan Root Regions 97.236ms
[649.741s][info][gc,marking     ] GC(1569) Concurrent Mark
[649.741s][info][gc,marking     ] GC(1569) Concurrent Mark From Roots
[649.741s][info][gc,task        ] GC(1569) Using 1 workers of 1 for marking
[649.999s][info][gc,start       ] GC(1570) Pause Young (Normal) (G1 Evacuation Pause)
[649.999s][info][gc,task        ] GC(1570) Using 2 workers of 2 for evacuation
[650.031s][info][gc,phases      ] GC(1570)   Pre Evacuate Collection Set: 0.30ms
[650.031s][info][gc,phases      ] GC(1570)   Merge Heap Roots: 0.17ms
[650.032s][info][gc,phases      ] GC(1570)   Evacuate Collection Set: 31.29ms
[650.032s][info][gc,phases      ] GC(1570)   Post Evacuate Collection Set: 0.43ms
[650.032s][info][gc,phases      ] GC(1570)   Other: 0.08ms
[650.032s][info][gc,heap        ] GC(1570) Eden regions: 207->0(208)
[650.032s][info][gc,heap        ] GC(1570) Survivor regions: 21->11(29)
[650.032s][info][gc,heap        ] GC(1570) Old regions: 652->672
[650.032s][info][gc,heap        ] GC(1570) Humongous regions: 8->8
[650.032s][info][gc,metaspace   ] GC(1570) Metaspace: 19132K(19328K)->19132K(19328K) NonClass: 16465K(16576K)->16465K(16576K) Class: 2666K(2752K)->2666K(2752K)
[650.032s][info][gc             ] GC(1570) Pause Young (Normal) (G1 Evacuation Pause) 886M->690M(978M) 32.525ms
[650.032s][info][gc,cpu         ] GC(1570) User=0.06s Sys=0.00s Real=0.04s
[650.679s][info][gc,start       ] GC(1571) Pause Young (Normal) (G1 Evacuation Pause)
[650.679s][info][gc,task        ] GC(1571) Using 2 workers of 2 for evacuation
[650.702s][info][gc,phases      ] GC(1571)   Pre Evacuate Collection Set: 0.54ms
[650.702s][info][gc,phases      ] GC(1571)   Merge Heap Roots: 0.22ms
[650.702s][info][gc,phases      ] GC(1571)   Evacuate Collection Set: 21.43ms
[650.702s][info][gc,phases      ] GC(1571)   Post Evacuate Collection Set: 0.47ms
[650.702s][info][gc,phases      ] GC(1571)   Other: 0.11ms
[650.702s][info][gc,heap        ] GC(1571) Eden regions: 208->0(211)
[650.702s][info][gc,heap        ] GC(1571) Survivor regions: 11->18(28)
[650.702s][info][gc,heap        ] GC(1571) Old regions: 672->672
[650.702s][info][gc,heap        ] GC(1571) Humongous regions: 8->8
[650.702s][info][gc,metaspace   ] GC(1571) Metaspace: 19132K(19328K)->19132K(19328K) NonClass: 16465K(16576K)->16465K(16576K) Class: 2666K(2752K)->2666K(2752K)
[650.702s][info][gc             ] GC(1571) Pause Young (Normal) (G1 Evacuation Pause) 898M->697M(978M) 23.027ms
[650.702s][info][gc,cpu         ] GC(1571) User=0.04s Sys=0.00s Real=0.03s
[651.069s][info][gc,marking     ] GC(1569) Concurrent Mark From Roots 1327.829ms
[651.069s][info][gc,marking     ] GC(1569) Concurrent Preclean
[651.069s][info][gc,marking     ] GC(1569) Concurrent Preclean 0.029ms
[651.069s][info][gc,start       ] GC(1569) Pause Remark
[651.078s][info][gc             ] GC(1569) Pause Remark 818M->632M(978M) 8.296ms
[651.078s][info][gc,cpu         ] GC(1569) User=0.02s Sys=0.00s Real=0.01s
[651.078s][info][gc,marking     ] GC(1569) Concurrent Mark 1336.489ms
[651.078s][info][gc,marking     ] GC(1569) Concurrent Rebuild Remembered Sets and Scrub Regions
[651.365s][info][gc,start       ] GC(1572) Pause Young (Normal) (G1 Evacuation Pause)
[651.365s][info][gc,task        ] GC(1572) Using 2 workers of 2 for evacuation
[651.392s][info][gc,phases      ] GC(1572)   Pre Evacuate Collection Set: 0.51ms
[651.392s][info][gc,phases      ] GC(1572)   Merge Heap Roots: 0.39ms
[651.392s][info][gc,phases      ] GC(1572)   Evacuate Collection Set: 24.85ms
[651.392s][info][gc,phases      ] GC(1572)   Post Evacuate Collection Set: 0.43ms
[651.392s][info][gc,phases      ] GC(1572)   Other: 0.09ms
[651.392s][info][gc,heap        ] GC(1572) Eden regions: 211->0(388)
[651.392s][info][gc,heap        ] GC(1572) Survivor regions: 18->7(29)
[651.392s][info][gc,heap        ] GC(1572) Old regions: 489->500
[651.392s][info][gc,heap        ] GC(1572) Humongous regions: 5->5
[651.392s][info][gc,metaspace   ] GC(1572) Metaspace: 19132K(19328K)->19132K(19328K) NonClass: 16465K(16576K)->16465K(16576K) Class: 2666K(2752K)->2666K(2752K)
[651.392s][info][gc             ] GC(1572) Pause Young (Normal) (G1 Evacuation Pause) 722M->511M(978M) 26.505ms
[651.392s][info][gc,cpu         ] GC(1572) User=0.05s Sys=0.00s Real=0.03s
[651.484s][info][gc,marking     ] GC(1569) Concurrent Rebuild Remembered Sets and Scrub Regions 406.142ms
[651.484s][info][gc,start       ] GC(1569) Pause Cleanup
[651.484s][info][gc             ] GC(1569) Pause Cleanup 540M->540M(978M) 0.108ms
[651.484s][info][gc,cpu         ] GC(1569) User=0.00s Sys=0.00s Real=0.00s
[651.485s][info][gc,marking     ] GC(1569) Concurrent Clear Claimed Marks
[651.485s][info][gc,marking     ] GC(1569) Concurrent Clear Claimed Marks 0.040ms
[651.485s][info][gc,marking     ] GC(1569) Concurrent Cleanup for Next Mark
[651.490s][info][gc,marking     ] GC(1569) Concurrent Cleanup for Next Mark 4.961ms
[651.490s][info][gc             ] GC(1569) Concurrent Mark Cycle 1845.785ms
[651.871s][info][gc,start       ] GC(1573) Pause Young (Prepare Mixed) (G1 Evacuation Pause)
[651.871s][info][gc,task        ] GC(1573) Using 2 workers of 2 for evacuation
[651.953s][info][gc,phases      ] GC(1573)   Pre Evacuate Collection Set: 0.31ms
[651.953s][info][gc,phases      ] GC(1573)   Merge Heap Roots: 0.15ms
[651.953s][info][gc,phases      ] GC(1573)   Evacuate Collection Set: 79.59ms
[651.953s][info][gc,phases      ] GC(1573)   Post Evacuate Collection Set: 1.33ms
[651.953s][info][gc,phases      ] GC(1573)   Other: 0.11ms
[651.953s][info][gc,heap        ] GC(1573) Eden regions: 388->0(292)
[651.953s][info][gc,heap        ] GC(1573) Survivor regions: 7->50(50)
[651.953s][info][gc,heap        ] GC(1573) Old regions: 500->527
[651.953s][info][gc,heap        ] GC(1573) Humongous regions: 5->5
[651.953s][info][gc,metaspace   ] GC(1573) Metaspace: 19132K(19328K)->19132K(19328K) NonClass: 16465K(16576K)->16465K(16576K) Class: 2666K(2752K)->2666K(2752K)
[651.953s][info][gc             ] GC(1573) Pause Young (Prepare Mixed) (G1 Evacuation Pause) 899M->581M(978M) 81.713ms
[651.953s][info][gc,cpu         ] GC(1573) User=0.15s Sys=0.00s Real=0.08s
[652.429s][info][gc,start       ] GC(1574) Pause Young (Mixed) (G1 Evacuation Pause)
[652.429s][info][gc,task        ] GC(1574) Using 2 workers of 2 for evacuation
[652.510s][info][gc,phases      ] GC(1574)   Pre Evacuate Collection Set: 0.33ms
[652.511s][info][gc,phases      ] GC(1574)   Merge Heap Roots: 0.49ms
[652.511s][info][gc,phases      ] GC(1574)   Evacuate Collection Set: 79.80ms
[652.511s][info][gc,phases      ] GC(1574)   Post Evacuate Collection Set: 0.67ms
[652.511s][info][gc,phases      ] GC(1574)   Other: 0.11ms
[652.511s][info][gc,heap        ] GC(1574) Eden regions: 292->0(308)
[652.511s][info][gc,heap        ] GC(1574) Survivor regions: 50->17(43)
[652.511s][info][gc,heap        ] GC(1574) Old regions: 527->544
[652.511s][info][gc,heap        ] GC(1574) Humongous regions: 8->8
[652.511s][info][gc,metaspace   ] GC(1574) Metaspace: 19132K(19328K)->19132K(19328K) NonClass: 16465K(16576K)->16465K(16576K) Class: 2666K(2752K)->2666K(2752K)
[652.511s][info][gc             ] GC(1574) Pause Young (Mixed) (G1 Evacuation Pause) 876M->568M(978M) 81.658ms
[652.511s][info][gc,cpu         ] GC(1574) User=0.16s Sys=0.00s Real=0.08s
[652.991s][info][gc,start       ] GC(1575) Pause Young (Concurrent Start) (G1 Evacuation Pause)
[652.991s][info][gc,task        ] GC(1575) Using 2 workers of 2 for evacuation
[653.052s][info][gc,phases      ] GC(1575)   Pre Evacuate Collection Set: 0.37ms
[653.052s][info][gc,phases      ] GC(1575)   Merge Heap Roots: 0.60ms
[653.052s][info][gc,phases      ] GC(1575)   Evacuate Collection Set: 59.88ms
[653.052s][info][gc,phases      ] GC(1575)   Post Evacuate Collection Set: 0.68ms
[653.052s][info][gc,phases      ] GC(1575)   Other: 0.21ms
[653.052s][info][gc,heap        ] GC(1575) Eden regions: 308->0(291)
[653.052s][info][gc,heap        ] GC(1575) Survivor regions: 17->40(41)
[653.052s][info][gc,heap        ] GC(1575) Old regions: 544->544
[653.052s][info][gc,heap        ] GC(1575) Humongous regions: 8->8
[653.052s][info][gc,metaspace   ] GC(1575) Metaspace: 19132K(19328K)->19132K(19328K) NonClass: 16465K(16576K)->16465K(16576K) Class: 2666K(2752K)->2666K(2752K)
[653.052s][info][gc             ] GC(1575) Pause Young (Concurrent Start) (G1 Evacuation Pause) 876M->591M(978M) 61.952ms
[653.053s][info][gc,cpu         ] GC(1575) User=0.12s Sys=0.00s Real=0.07s
[653.053s][info][gc             ] GC(1576) Concurrent Mark Cycle
[653.053s][info][gc,marking     ] GC(1576) Concurrent Scan Root Regions
[653.118s][info][gc,marking     ] GC(1576) Concurrent Scan Root Regions 65.811ms
[653.118s][info][gc,marking     ] GC(1576) Concurrent Mark
[653.118s][info][gc,marking     ] GC(1576) Concurrent Mark From Roots
[653.118s][info][gc,task        ] GC(1576) Using 1 workers of 1 for marking
[653.603s][info][gc,start       ] GC(1577) Pause Young (Normal) (G1 Evacuation Pause)
[653.603s][info][gc,task        ] GC(1577) Using 2 workers of 2 for evacuation
[653.693s][info][gc,phases      ] GC(1577)   Pre Evacuate Collection Set: 0.30ms
[653.693s][info][gc,phases      ] GC(1577)   Merge Heap Roots: 0.26ms
[653.693s][info][gc,phases      ] GC(1577)   Evacuate Collection Set: 89.02ms
[653.693s][info][gc,phases      ] GC(1577)   Post Evacuate Collection Set: 0.57ms
[653.693s][info][gc,phases      ] GC(1577)   Other: 0.09ms
[653.693s][info][gc,heap        ] GC(1577) Eden regions: 291->0(247)
[653.693s][info][gc,heap        ] GC(1577) Survivor regions: 40->42(42)
[653.693s][info][gc,heap        ] GC(1577) Old regions: 544->589
[653.693s][info][gc,heap        ] GC(1577) Humongous regions: 8->8
[653.693s][info][gc,metaspace   ] GC(1577) Metaspace: 19132K(19328K)->19132K(19328K) NonClass: 16465K(16576K)->16465K(16576K) Class: 2666K(2752K)->2666K(2752K)
[653.693s][info][gc             ] GC(1577) Pause Young (Normal) (G1 Evacuation Pause) 882M->638M(978M) 90.517ms
[653.694s][info][gc,cpu         ] GC(1577) User=0.18s Sys=0.00s Real=0.09s
[654.189s][info][gc,marking     ] GC(1576) Concurrent Mark From Roots 1070.293ms
[654.189s][info][gc,marking     ] GC(1576) Concurrent Preclean
[654.189s][info][gc,marking     ] GC(1576) Concurrent Preclean 0.031ms
[654.189s][info][gc,start       ] GC(1576) Pause Remark
[654.197s][info][gc             ] GC(1576) Pause Remark 832M->689M(978M) 7.961ms
[654.197s][info][gc,cpu         ] GC(1576) User=0.02s Sys=0.00s Real=0.01s
[654.197s][info][gc,marking     ] GC(1576) Concurrent Mark 1078.634ms
[654.197s][info][gc,marking     ] GC(1576) Concurrent Rebuild Remembered Sets and Scrub Regions
[654.316s][info][gc,start       ] GC(1578) Pause Young (Normal) (G1 Evacuation Pause)
[654.316s][info][gc,task        ] GC(1578) Using 2 workers of 2 for evacuation
[654.382s][info][gc,phases      ] GC(1578)   Pre Evacuate Collection Set: 0.30ms
[654.382s][info][gc,phases      ] GC(1578)   Merge Heap Roots: 0.25ms
[654.382s][info][gc,phases      ] GC(1578)   Evacuate Collection Set: 64.34ms
[654.382s][info][gc,phases      ] GC(1578)   Post Evacuate Collection Set: 0.55ms
[654.382s][info][gc,phases      ] GC(1578)   Other: 0.10ms
[654.382s][info][gc,heap        ] GC(1578) Eden regions: 247->0(343)
[654.382s][info][gc,heap        ] GC(1578) Survivor regions: 42->16(37)
[654.382s][info][gc,heap        ] GC(1578) Old regions: 449->491
[654.382s][info][gc,heap        ] GC(1578) Humongous regions: 8->8
[654.382s][info][gc,metaspace   ] GC(1578) Metaspace: 19132K(19328K)->19132K(19328K) NonClass: 16465K(16576K)->16465K(16576K) Class: 2666K(2752K)->2666K(2752K)
[654.382s][info][gc             ] GC(1578) Pause Young (Normal) (G1 Evacuation Pause) 745M->514M(978M) 65.761ms
[654.382s][info][gc,cpu         ] GC(1578) User=0.13s Sys=0.00s Real=0.07s
[654.637s][info][gc,marking     ] GC(1576) Concurrent Rebuild Remembered Sets and Scrub Regions 440.125ms
[654.637s][info][gc,start       ] GC(1576) Pause Cleanup
[654.637s][info][gc             ] GC(1576) Pause Cleanup 629M->629M(978M) 0.097ms
[654.637s][info][gc,cpu         ] GC(1576) User=0.00s Sys=0.00s Real=0.00s
[654.638s][info][gc,marking     ] GC(1576) Concurrent Clear Claimed Marks
[654.638s][info][gc,marking     ] GC(1576) Concurrent Clear Claimed Marks 0.035ms
[654.638s][info][gc,marking     ] GC(1576) Concurrent Cleanup for Next Mark
[654.643s][info][gc,marking     ] GC(1576) Concurrent Cleanup for Next Mark 4.870ms
[654.643s][info][gc             ] GC(1576) Concurrent Mark Cycle 1590.609ms
[654.975s][info][gc,start       ] GC(1579) Pause Young (Prepare Mixed) (G1 Evacuation Pause)
[654.975s][info][gc,task        ] GC(1579) Using 2 workers of 2 for evacuation
[655.004s][info][gc,phases      ] GC(1579)   Pre Evacuate Collection Set: 0.49ms
[655.004s][info][gc,phases      ] GC(1579)   Merge Heap Roots: 0.35ms
[655.004s][info][gc,phases      ] GC(1579)   Evacuate Collection Set: 27.41ms
[655.004s][info][gc,phases      ] GC(1579)   Post Evacuate Collection Set: 0.63ms
[655.004s][info][gc,phases      ] GC(1579)   Other: 0.10ms
[655.004s][info][gc,heap        ] GC(1579) Eden regions: 343->0(368)
[655.004s][info][gc,heap        ] GC(1579) Survivor regions: 16->16(45)
[655.004s][info][gc,heap        ] GC(1579) Old regions: 491->491
[655.004s][info][gc,heap        ] GC(1579) Humongous regions: 8->8
[655.004s][info][gc,metaspace   ] GC(1579) Metaspace: 19132K(19328K)->19132K(19328K) NonClass: 16465K(16576K)->16465K(16576K) Class: 2666K(2752K)->2666K(2752K)
[655.004s][info][gc             ] GC(1579) Pause Young (Prepare Mixed) (G1 Evacuation Pause) 857M->514M(978M) 29.204ms
[655.004s][info][gc,cpu         ] GC(1579) User=0.06s Sys=0.00s Real=0.03s
[655.378s][info][gc,start       ] GC(1580) Pause Young (Mixed) (G1 Evacuation Pause)
[655.378s][info][gc,task        ] GC(1580) Using 2 workers of 2 for evacuation
[655.446s][info][gc,phases      ] GC(1580)   Pre Evacuate Collection Set: 0.32ms
[655.446s][info][gc,phases      ] GC(1580)   Merge Heap Roots: 0.36ms
[655.446s][info][gc,phases      ] GC(1580)   Evacuate Collection Set: 66.85ms
[655.446s][info][gc,phases      ] GC(1580)   Post Evacuate Collection Set: 0.65ms
[655.446s][info][gc,phases      ] GC(1580)   Other: 0.09ms
[655.446s][info][gc,heap        ] GC(1580) Eden regions: 368->0(347)
[655.446s][info][gc,heap        ] GC(1580) Survivor regions: 16->48(48)
[655.446s][info][gc,heap        ] GC(1580) Old regions: 491->473
[655.446s][info][gc,heap        ] GC(1580) Humongous regions: 8->8
[655.446s][info][gc,metaspace   ] GC(1580) Metaspace: 19132K(19328K)->19132K(19328K) NonClass: 16465K(16576K)->16465K(16576K) Class: 2666K(2752K)->2666K(2752K)
[655.446s][info][gc             ] GC(1580) Pause Young (Mixed) (G1 Evacuation Pause) 882M->528M(978M) 68.588ms
[655.446s][info][gc,cpu         ] GC(1580) User=0.14s Sys=0.00s Real=0.07s
[655.773s][info][gc,start       ] GC(1581) Pause Young (Concurrent Start) (G1 Evacuation Pause)
[655.773s][info][gc,task        ] GC(1581) Using 2 workers of 2 for evacuation
[655.837s][info][gc,phases      ] GC(1581)   Pre Evacuate Collection Set: 0.34ms
[655.837s][info][gc,phases      ] GC(1581)   Merge Heap Roots: 0.27ms
[655.837s][info][gc,phases      ] GC(1581)   Evacuate Collection Set: 61.72ms
[655.837s][info][gc,phases      ] GC(1581)   Post Evacuate Collection Set: 0.55ms
[655.837s][info][gc,phases      ] GC(1581)   Other: 0.20ms
[655.837s][info][gc,heap        ] GC(1581) Eden regions: 347->0(360)
[655.837s][info][gc,heap        ] GC(1581) Survivor regions: 48->5(50)
[655.837s][info][gc,heap        ] GC(1581) Old regions: 473->521
[655.837s][info][gc,heap        ] GC(1581) Humongous regions: 8->8
[655.837s][info][gc,metaspace   ] GC(1581) Metaspace: 19132K(19328K)->19132K(19328K) NonClass: 16465K(16576K)->16465K(16576K) Class: 2666K(2752K)->2666K(2752K)
[655.837s][info][gc             ] GC(1581) Pause Young (Concurrent Start) (G1 Evacuation Pause) 875M->533M(978M) 63.337ms
[655.837s][info][gc,cpu         ] GC(1581) User=0.12s Sys=0.00s Real=0.06s
[655.837s][info][gc             ] GC(1582) Concurrent Mark Cycle
[655.837s][info][gc,marking     ] GC(1582) Concurrent Scan Root Regions
[655.961s][info][gc,marking     ] GC(1582) Concurrent Scan Root Regions 124.228ms
[655.961s][info][gc,marking     ] GC(1582) Concurrent Mark
[655.961s][info][gc,marking     ] GC(1582) Concurrent Mark From Roots
[655.961s][info][gc,task        ] GC(1582) Using 1 workers of 1 for marking
[656.813s][info][gc,start       ] GC(1583) Pause Young (Normal) (G1 Evacuation Pause)
[656.813s][info][gc,task        ] GC(1583) Using 2 workers of 2 for evacuation
[656.859s][info][gc,phases      ] GC(1583)   Pre Evacuate Collection Set: 0.29ms
[656.859s][info][gc,phases      ] GC(1583)   Merge Heap Roots: 0.29ms
[656.859s][info][gc,phases      ] GC(1583)   Evacuate Collection Set: 44.29ms
[656.859s][info][gc,phases      ] GC(1583)   Post Evacuate Collection Set: 0.58ms
[656.859s][info][gc,phases      ] GC(1583)   Other: 0.08ms
[656.859s][info][gc,heap        ] GC(1583) Eden regions: 360->0(323)
[656.859s][info][gc,heap        ] GC(1583) Survivor regions: 5->38(46)
[656.859s][info][gc,heap        ] GC(1583) Old regions: 521->521
[656.859s][info][gc,heap        ] GC(1583) Humongous regions: 8->8
[656.859s][info][gc,metaspace   ] GC(1583) Metaspace: 19132K(19328K)->19132K(19328K) NonClass: 16465K(16576K)->16465K(16576K) Class: 2666K(2752K)->2666K(2752K)
[656.859s][info][gc             ] GC(1583) Pause Young (Normal) (G1 Evacuation Pause) 893M->566M(978M) 45.780ms
[656.859s][info][gc,cpu         ] GC(1583) User=0.09s Sys=0.00s Real=0.04s
[657.216s][info][gc,marking     ] GC(1582) Concurrent Mark From Roots 1254.555ms
[657.216s][info][gc,marking     ] GC(1582) Concurrent Preclean
[657.216s][info][gc,marking     ] GC(1582) Concurrent Preclean 0.033ms
[657.216s][info][gc,start       ] GC(1582) Pause Remark
[657.224s][info][gc             ] GC(1582) Pause Remark 746M->745M(978M) 7.969ms
[657.224s][info][gc,cpu         ] GC(1582) User=0.01s Sys=0.00s Real=0.01s
[657.224s][info][gc,marking     ] GC(1582) Concurrent Mark 1262.885ms
[657.224s][info][gc,marking     ] GC(1582) Concurrent Rebuild Remembered Sets and Scrub Regions
[657.418s][info][gc,start       ] GC(1584) Pause Young (Normal) (G1 Evacuation Pause)
[657.418s][info][gc,task        ] GC(1584) Using 2 workers of 2 for evacuation
[657.486s][info][gc,phases      ] GC(1584)   Pre Evacuate Collection Set: 0.50ms
[657.486s][info][gc,phases      ] GC(1584)   Merge Heap Roots: 0.33ms
[657.486s][info][gc,phases      ] GC(1584)   Evacuate Collection Set: 66.39ms
[657.486s][info][gc,phases      ] GC(1584)   Post Evacuate Collection Set: 0.58ms
[657.486s][info][gc,phases      ] GC(1584)   Other: 0.09ms
[657.486s][info][gc,heap        ] GC(1584) Eden regions: 323->0(302)
[657.486s][info][gc,heap        ] GC(1584) Survivor regions: 38->26(46)
[657.486s][info][gc,heap        ] GC(1584) Old regions: 521->559
[657.486s][info][gc,heap        ] GC(1584) Humongous regions: 7->7
[657.486s][info][gc,metaspace   ] GC(1584) Metaspace: 19132K(19328K)->19132K(19328K) NonClass: 16465K(16576K)->16465K(16576K) Class: 2666K(2752K)->2666K(2752K)
[657.486s][info][gc             ] GC(1584) Pause Young (Normal) (G1 Evacuation Pause) 888M->591M(978M) 68.155ms
[657.486s][info][gc,cpu         ] GC(1584) User=0.13s Sys=0.00s Real=0.07s
[657.786s][info][gc,marking     ] GC(1582) Concurrent Rebuild Remembered Sets and Scrub Regions 562.130ms
[657.786s][info][gc,start       ] GC(1582) Pause Cleanup
[657.786s][info][gc             ] GC(1582) Pause Cleanup 790M->790M(978M) 0.128ms
[657.786s][info][gc,cpu         ] GC(1582) User=0.00s Sys=0.00s Real=0.00s
[657.787s][info][gc,marking     ] GC(1582) Concurrent Clear Claimed Marks
[657.787s][info][gc,marking     ] GC(1582) Concurrent Clear Claimed Marks 0.035ms
[657.787s][info][gc,marking     ] GC(1582) Concurrent Cleanup for Next Mark
[657.791s][info][gc,marking     ] GC(1582) Concurrent Cleanup for Next Mark 4.888ms
[657.792s][info][gc             ] GC(1582) Concurrent Mark Cycle 1954.754ms
[657.897s][info][gc,start       ] GC(1585) Pause Young (Prepare Mixed) (G1 Evacuation Pause)
[657.897s][info][gc,task        ] GC(1585) Using 2 workers of 2 for evacuation
[657.937s][info][gc,phases      ] GC(1585)   Pre Evacuate Collection Set: 0.54ms
[657.937s][info][gc,phases      ] GC(1585)   Merge Heap Roots: 0.30ms
[657.937s][info][gc,phases      ] GC(1585)   Evacuate Collection Set: 38.44ms
[657.937s][info][gc,phases      ] GC(1585)   Post Evacuate Collection Set: 0.54ms
[657.937s][info][gc,phases      ] GC(1585)   Other: 0.11ms
[657.937s][info][gc,heap        ] GC(1585) Eden regions: 302->0(300)
[657.937s][info][gc,heap        ] GC(1585) Survivor regions: 26->12(41)
[657.937s][info][gc,heap        ] GC(1585) Old regions: 559->585
[657.937s][info][gc,heap        ] GC(1585) Humongous regions: 7->7
[657.937s][info][gc,metaspace   ] GC(1585) Metaspace: 19132K(19328K)->19132K(19328K) NonClass: 16465K(16576K)->16465K(16576K) Class: 2666K(2752K)->2666K(2752K)
[657.937s][info][gc             ] GC(1585) Pause Young (Prepare Mixed) (G1 Evacuation Pause) 893M->603M(978M) 40.175ms
[657.937s][info][gc,cpu         ] GC(1585) User=0.08s Sys=0.00s Real=0.04s
[658.540s][info][gc,start       ] GC(1586) Pause Young (Mixed) (G1 Evacuation Pause)
[658.540s][info][gc,task        ] GC(1586) Using 2 workers of 2 for evacuation
[658.572s][info][gc,phases      ] GC(1586)   Pre Evacuate Collection Set: 0.57ms
[658.572s][info][gc,phases      ] GC(1586)   Merge Heap Roots: 0.25ms
[658.572s][info][gc,phases      ] GC(1586)   Evacuate Collection Set: 30.66ms
[658.572s][info][gc,phases      ] GC(1586)   Post Evacuate Collection Set: 0.52ms
[658.572s][info][gc,phases      ] GC(1586)   Other: 0.09ms
[658.572s][info][gc,heap        ] GC(1586) Eden regions: 300->0(291)
[658.572s][info][gc,heap        ] GC(1586) Survivor regions: 12->27(39)
[658.572s][info][gc,heap        ] GC(1586) Old regions: 585->576
[658.572s][info][gc,heap        ] GC(1586) Humongous regions: 7->7
[658.572s][info][gc,metaspace   ] GC(1586) Metaspace: 19132K(19328K)->19132K(19328K) NonClass: 16465K(16576K)->16465K(16576K) Class: 2666K(2752K)->2666K(2752K)
[658.572s][info][gc             ] GC(1586) Pause Young (Mixed) (G1 Evacuation Pause) 903M->609M(978M) 32.356ms
[658.572s][info][gc,cpu         ] GC(1586) User=0.06s Sys=0.00s Real=0.04s
[659.258s][info][gc,start       ] GC(1587) Pause Young (Concurrent Start) (G1 Evacuation Pause)
[659.258s][info][gc,task        ] GC(1587) Using 2 workers of 2 for evacuation
[659.287s][info][gc,phases      ] GC(1587)   Pre Evacuate Collection Set: 0.32ms
[659.287s][info][gc,phases      ] GC(1587)   Merge Heap Roots: 0.20ms
[659.287s][info][gc,phases      ] GC(1587)   Evacuate Collection Set: 27.75ms
[659.287s][info][gc,phases      ] GC(1587)   Post Evacuate Collection Set: 0.51ms
[659.287s][info][gc,phases      ] GC(1587)   Other: 0.11ms
[659.287s][info][gc,heap        ] GC(1587) Eden regions: 291->0(301)
[659.287s][info][gc,heap        ] GC(1587) Survivor regions: 27->16(40)
[659.287s][info][gc,heap        ] GC(1587) Old regions: 576->588
[659.287s][info][gc,heap        ] GC(1587) Humongous regions: 7->7
[659.287s][info][gc,metaspace   ] GC(1587) Metaspace: 19132K(19328K)->19132K(19328K) NonClass: 16465K(16576K)->16465K(16576K) Class: 2666K(2752K)->2666K(2752K)
[659.287s][info][gc             ] GC(1587) Pause Young (Concurrent Start) (G1 Evacuation Pause) 900M->609M(978M) 29.167ms
[659.287s][info][gc             ] GC(1588) Concurrent Mark Cycle
[659.287s][info][gc,marking     ] GC(1588) Concurrent Scan Root Regions
[659.288s][info][gc,cpu         ] GC(1587) User=0.06s Sys=0.00s Real=0.03s
[659.335s][info][gc,marking     ] GC(1588) Concurrent Scan Root Regions 48.227ms
[659.335s][info][gc,marking     ] GC(1588) Concurrent Mark
[659.335s][info][gc,marking     ] GC(1588) Concurrent Mark From Roots
[659.335s][info][gc,task        ] GC(1588) Using 1 workers of 1 for marking
[659.942s][info][gc,start       ] GC(1589) Pause Young (Normal) (G1 Evacuation Pause)
[659.942s][info][gc,task        ] GC(1589) Using 2 workers of 2 for evacuation
[660.004s][info][gc,phases      ] GC(1589)   Pre Evacuate Collection Set: 0.29ms
[660.004s][info][gc,phases      ] GC(1589)   Merge Heap Roots: 0.16ms
[660.004s][info][gc,phases      ] GC(1589)   Evacuate Collection Set: 60.03ms
[660.004s][info][gc,phases      ] GC(1589)   Post Evacuate Collection Set: 0.68ms
[660.004s][info][gc,phases      ] GC(1589)   Other: 0.10ms
[660.004s][info][gc,heap        ] GC(1589) Eden regions: 301->0(229)
[660.004s][info][gc,heap        ] GC(1589) Survivor regions: 16->40(40)
[660.004s][info][gc,heap        ] GC(1589) Old regions: 588->612
[660.004s][info][gc,heap        ] GC(1589) Humongous regions: 7->7
[660.004s][info][gc,metaspace   ] GC(1589) Metaspace: 19132K(19328K)->19132K(19328K) NonClass: 16465K(16576K)->16465K(16576K) Class: 2666K(2752K)->2666K(2752K)
[660.004s][info][gc             ] GC(1589) Pause Young (Normal) (G1 Evacuation Pause) 910M->658M(978M) 61.492ms
[660.004s][info][gc,cpu         ] GC(1589) User=0.12s Sys=0.00s Real=0.06s
[660.464s][info][gc,start       ] GC(1590) Pause Young (Normal) (G1 Evacuation Pause)
[660.464s][info][gc,task        ] GC(1590) Using 2 workers of 2 for evacuation
[660.532s][info][gc,phases      ] GC(1590)   Pre Evacuate Collection Set: 0.32ms
[660.532s][info][gc,phases      ] GC(1590)   Merge Heap Roots: 0.38ms
[660.532s][info][gc,phases      ] GC(1590)   Evacuate Collection Set: 66.51ms
[660.532s][info][gc,phases      ] GC(1590)   Post Evacuate Collection Set: 0.51ms
[660.532s][info][gc,phases      ] GC(1590)   Other: 0.09ms
[660.532s][info][gc,heap        ] GC(1590) Eden regions: 229->0(219)
[660.532s][info][gc,heap        ] GC(1590) Survivor regions: 40->23(34)
[660.532s][info][gc,heap        ] GC(1590) Old regions: 612->653
[660.532s][info][gc,heap        ] GC(1590) Humongous regions: 7->7
[660.532s][info][gc,metaspace   ] GC(1590) Metaspace: 19132K(19328K)->19132K(19328K) NonClass: 16465K(16576K)->16465K(16576K) Class: 2666K(2752K)->2666K(2752K)
[660.532s][info][gc             ] GC(1590) Pause Young (Normal) (G1 Evacuation Pause) 887M->682M(978M) 68.101ms
[660.532s][info][gc,cpu         ] GC(1590) User=0.14s Sys=0.00s Real=0.07s
[661.030s][info][gc,marking     ] GC(1588) Concurrent Mark From Roots 1694.556ms
[661.030s][info][gc,marking     ] GC(1588) Concurrent Preclean
[661.030s][info][gc,marking     ] GC(1588) Concurrent Preclean 0.029ms
[661.030s][info][gc,start       ] GC(1588) Pause Remark
[661.038s][info][gc             ] GC(1588) Pause Remark 843M->785M(978M) 7.878ms
[661.038s][info][gc,cpu         ] GC(1588) User=0.01s Sys=0.00s Real=0.01s
[661.038s][info][gc,marking     ] GC(1588) Concurrent Mark 1702.759ms
[661.038s][info][gc,marking     ] GC(1588) Concurrent Rebuild Remembered Sets and Scrub Regions
[661.200s][info][gc,start       ] GC(1591) Pause Young (Normal) (G1 Evacuation Pause)
[661.200s][info][gc,task        ] GC(1591) Using 2 workers of 2 for evacuation
[661.250s][info][gc,phases      ] GC(1591)   Pre Evacuate Collection Set: 0.29ms
[661.250s][info][gc,phases      ] GC(1591)   Merge Heap Roots: 0.28ms
[661.250s][info][gc,phases      ] GC(1591)   Evacuate Collection Set: 49.18ms
[661.250s][info][gc,phases      ] GC(1591)   Post Evacuate Collection Set: 0.54ms
[661.250s][info][gc,phases      ] GC(1591)   Other: 0.09ms
[661.250s][info][gc,heap        ] GC(1591) Eden regions: 219->0(249)
[661.250s][info][gc,heap        ] GC(1591) Survivor regions: 23->17(31)
[661.250s][info][gc,heap        ] GC(1591) Old regions: 596->619
[661.250s][info][gc,heap        ] GC(1591) Humongous regions: 9->9
[661.250s][info][gc,metaspace   ] GC(1591) Metaspace: 19132K(19328K)->19132K(19328K) NonClass: 16465K(16576K)->16465K(16576K) Class: 2666K(2752K)->2666K(2752K)
[661.250s][info][gc             ] GC(1591) Pause Young (Normal) (G1 Evacuation Pause) 846M->644M(978M) 50.639ms
[661.250s][info][gc,cpu         ] GC(1591) User=0.10s Sys=0.00s Real=0.05s
[661.594s][info][gc,marking     ] GC(1588) Concurrent Rebuild Remembered Sets and Scrub Regions 555.444ms
[661.594s][info][gc,start       ] GC(1588) Pause Cleanup
[661.594s][info][gc             ] GC(1588) Pause Cleanup 788M->788M(978M) 0.132ms
[661.594s][info][gc,cpu         ] GC(1588) User=0.00s Sys=0.00s Real=0.00s
[661.594s][info][gc,marking     ] GC(1588) Concurrent Clear Claimed Marks
[661.594s][info][gc,marking     ] GC(1588) Concurrent Clear Claimed Marks 0.031ms
[661.594s][info][gc,marking     ] GC(1588) Concurrent Cleanup for Next Mark
[661.597s][info][gc,marking     ] GC(1588) Concurrent Cleanup for Next Mark 2.848ms
[661.597s][info][gc             ] GC(1588) Concurrent Mark Cycle 2309.833ms
[661.705s][info][gc,start       ] GC(1592) Pause Young (Prepare Mixed) (G1 Evacuation Pause)
[661.705s][info][gc,task        ] GC(1592) Using 2 workers of 2 for evacuation
[661.759s][info][gc,phases      ] GC(1592)   Pre Evacuate Collection Set: 0.32ms
[661.759s][info][gc,phases      ] GC(1592)   Merge Heap Roots: 0.36ms
[661.759s][info][gc,phases      ] GC(1592)   Evacuate Collection Set: 52.74ms
[661.759s][info][gc,phases      ] GC(1592)   Post Evacuate Collection Set: 0.65ms
[661.759s][info][gc,phases      ] GC(1592)   Other: 0.09ms
[661.759s][info][gc,heap        ] GC(1592) Eden regions: 249->0(221)
[661.759s][info][gc,heap        ] GC(1592) Survivor regions: 17->34(34)
[661.759s][info][gc,heap        ] GC(1592) Old regions: 619->630
[661.759s][info][gc,heap        ] GC(1592) Humongous regions: 9->9
[661.759s][info][gc,metaspace   ] GC(1592) Metaspace: 19132K(19328K)->19132K(19328K) NonClass: 16465K(16576K)->16465K(16576K) Class: 2666K(2752K)->2666K(2752K)
[661.759s][info][gc             ] GC(1592) Pause Young (Prepare Mixed) (G1 Evacuation Pause) 893M->672M(978M) 54.396ms
[661.759s][info][gc,cpu         ] GC(1592) User=0.10s Sys=0.00s Real=0.05s
[661.977s][info][gc,start       ] GC(1593) Pause Young (Mixed) (G1 Evacuation Pause)
[661.977s][info][gc,task        ] GC(1593) Using 2 workers of 2 for evacuation
[662.064s][info][gc,phases      ] GC(1593)   Pre Evacuate Collection Set: 0.52ms
[662.064s][info][gc,phases      ] GC(1593)   Merge Heap Roots: 0.44ms
[662.064s][info][gc,phases      ] GC(1593)   Evacuate Collection Set: 85.09ms
[662.064s][info][gc,phases      ] GC(1593)   Post Evacuate Collection Set: 0.61ms
[662.064s][info][gc,phases      ] GC(1593)   Other: 0.09ms
[662.064s][info][gc,heap        ] GC(1593) Eden regions: 221->0(189)
[662.064s][info][gc,heap        ] GC(1593) Survivor regions: 34->32(32)
[662.064s][info][gc,heap        ] GC(1593) Old regions: 630->658
[662.064s][info][gc,heap        ] GC(1593) Humongous regions: 9->9
[662.064s][info][gc,metaspace   ] GC(1593) Metaspace: 19132K(19328K)->19132K(19328K) NonClass: 16465K(16576K)->16465K(16576K) Class: 2666K(2752K)->2666K(2752K)
[662.064s][info][gc             ] GC(1593) Pause Young (Mixed) (G1 Evacuation Pause) 893M->698M(978M) 87.005ms
[662.064s][info][gc,cpu         ] GC(1593) User=0.18s Sys=0.00s Real=0.09s
[662.274s][info][gc,start       ] GC(1594) Pause Young (Concurrent Start) (G1 Evacuation Pause)
[662.274s][info][gc,task        ] GC(1594) Using 2 workers of 2 for evacuation
[662.305s][info][gc,phases      ] GC(1594)   Pre Evacuate Collection Set: 0.33ms
[662.305s][info][gc,phases      ] GC(1594)   Merge Heap Roots: 0.27ms
[662.305s][info][gc,phases      ] GC(1594)   Evacuate Collection Set: 29.59ms
[662.305s][info][gc,phases      ] GC(1594)   Post Evacuate Collection Set: 0.46ms
[662.305s][info][gc,phases      ] GC(1594)   Other: 0.11ms
[662.305s][info][gc,heap        ] GC(1594) Eden regions: 189->0(202)
[662.305s][info][gc,heap        ] GC(1594) Survivor regions: 32->1(28)
[662.305s][info][gc,heap        ] GC(1594) Old regions: 658->691
[662.305s][info][gc,heap        ] GC(1594) Humongous regions: 9->9
[662.305s][info][gc,metaspace   ] GC(1594) Metaspace: 19132K(19328K)->19132K(19328K) NonClass: 16465K(16576K)->16465K(16576K) Class: 2666K(2752K)->2666K(2752K)
[662.305s][info][gc             ] GC(1594) Pause Young (Concurrent Start) (G1 Evacuation Pause) 887M->700M(978M) 31.015ms
[662.305s][info][gc,cpu         ] GC(1594) User=0.06s Sys=0.00s Real=0.03s
[662.305s][info][gc             ] GC(1595) Concurrent Mark Cycle
[662.305s][info][gc,marking     ] GC(1595) Concurrent Scan Root Regions
[662.335s][info][gc,marking     ] GC(1595) Concurrent Scan Root Regions 29.784ms
[662.335s][info][gc,marking     ] GC(1595) Concurrent Mark
[662.335s][info][gc,marking     ] GC(1595) Concurrent Mark From Roots
[662.335s][info][gc,task        ] GC(1595) Using 1 workers of 1 for marking
[662.676s][info][gc,start       ] GC(1596) Pause Young (Normal) (G1 Evacuation Pause)
[662.676s][info][gc,task        ] GC(1596) Using 2 workers of 2 for evacuation
[662.678s][info][gc,phases      ] GC(1596)   Pre Evacuate Collection Set: 0.27ms
[662.678s][info][gc,phases      ] GC(1596)   Merge Heap Roots: 0.10ms
[662.678s][info][gc,phases      ] GC(1596)   Evacuate Collection Set: 1.38ms
[662.678s][info][gc,phases      ] GC(1596)   Post Evacuate Collection Set: 0.37ms
[662.678s][info][gc,phases      ] GC(1596)   Other: 0.07ms
[662.678s][info][gc,heap        ] GC(1596) Eden regions: 202->0(213)
[662.678s][info][gc,heap        ] GC(1596) Survivor regions: 1->1(26)
[662.678s][info][gc,heap        ] GC(1596) Old regions: 691->691
[662.678s][info][gc,heap        ] GC(1596) Humongous regions: 9->9
[662.678s][info][gc,metaspace   ] GC(1596) Metaspace: 19132K(19328K)->19132K(19328K) NonClass: 16465K(16576K)->16465K(16576K) Class: 2666K(2752K)->2666K(2752K)
[662.678s][info][gc             ] GC(1596) Pause Young (Normal) (G1 Evacuation Pause) 902M->700M(978M) 2.424ms
[662.678s][info][gc,cpu         ] GC(1596) User=0.00s Sys=0.00s Real=0.00s
[663.115s][info][gc,start       ] GC(1597) Pause Young (Normal) (G1 Evacuation Pause)
[663.115s][info][gc,task        ] GC(1597) Using 2 workers of 2 for evacuation
[663.117s][info][gc,phases      ] GC(1597)   Pre Evacuate Collection Set: 0.28ms
[663.117s][info][gc,phases      ] GC(1597)   Merge Heap Roots: 0.11ms
[663.117s][info][gc,phases      ] GC(1597)   Evacuate Collection Set: 1.26ms
[663.117s][info][gc,phases      ] GC(1597)   Post Evacuate Collection Set: 0.39ms
[663.117s][info][gc,phases      ] GC(1597)   Other: 0.08ms
[663.117s][info][gc,heap        ] GC(1597) Eden regions: 213->0(223)
[663.117s][info][gc,heap        ] GC(1597) Survivor regions: 1->1(27)
[663.117s][info][gc,heap        ] GC(1597) Old regions: 691->691
[663.117s][info][gc,heap        ] GC(1597) Humongous regions: 9->9
[663.117s][info][gc,metaspace   ] GC(1597) Metaspace: 19132K(19328K)->19132K(19328K) NonClass: 16465K(16576K)->16465K(16576K) Class: 2666K(2752K)->2666K(2752K)
[663.117s][info][gc             ] GC(1597) Pause Young (Normal) (G1 Evacuation Pause) 913M->700M(978M) 2.300ms
[663.117s][info][gc,cpu         ] GC(1597) User=0.00s Sys=0.00s Real=0.00s
[663.226s][info][gc,marking     ] GC(1595) Concurrent Mark From Roots 891.459ms
[663.227s][info][gc,marking     ] GC(1595) Concurrent Preclean
[663.227s][info][gc,marking     ] GC(1595) Concurrent Preclean 0.034ms
[663.227s][info][gc,start       ] GC(1595) Pause Remark
[663.235s][info][gc             ] GC(1595) Pause Remark 772M->564M(978M) 8.002ms
[663.235s][info][gc,cpu         ] GC(1595) User=0.02s Sys=0.00s Real=0.01s
[663.235s][info][gc,marking     ] GC(1595) Concurrent Mark 900.050ms
[663.235s][info][gc,marking     ] GC(1595) Concurrent Rebuild Remembered Sets and Scrub Regions
[663.506s][info][gc,marking     ] GC(1595) Concurrent Rebuild Remembered Sets and Scrub Regions 271.302ms
[663.507s][info][gc,start       ] GC(1595) Pause Cleanup
[663.507s][info][gc             ] GC(1595) Pause Cleanup 713M->713M(978M) 0.150ms
[663.507s][info][gc,cpu         ] GC(1595) User=0.00s Sys=0.00s Real=0.00s
[663.507s][info][gc,marking     ] GC(1595) Concurrent Clear Claimed Marks
[663.507s][info][gc,marking     ] GC(1595) Concurrent Clear Claimed Marks 0.036ms
[663.507s][info][gc,marking     ] GC(1595) Concurrent Cleanup for Next Mark
[663.510s][info][gc,marking     ] GC(1595) Concurrent Cleanup for Next Mark 3.107ms
[663.510s][info][gc,start       ] GC(1598) Pause Young (Prepare Mixed) (G1 Evacuation Pause)
[663.510s][info][gc,task        ] GC(1598) Using 2 workers of 2 for evacuation
[663.512s][info][gc,phases      ] GC(1598)   Pre Evacuate Collection Set: 0.27ms
[663.512s][info][gc,phases      ] GC(1598)   Merge Heap Roots: 0.09ms
[663.512s][info][gc,phases      ] GC(1598)   Evacuate Collection Set: 1.44ms
[663.512s][info][gc,phases      ] GC(1598)   Post Evacuate Collection Set: 0.43ms
[663.512s][info][gc,phases      ] GC(1598)   Other: 0.07ms
[663.512s][info][gc,heap        ] GC(1598) Eden regions: 223->0(428)
[663.512s][info][gc,heap        ] GC(1598) Survivor regions: 1->1(28)
[663.512s][info][gc,heap        ] GC(1598) Old regions: 488->488
[663.512s][info][gc,heap        ] GC(1598) Humongous regions: 4->4
[663.512s][info][gc,metaspace   ] GC(1598) Metaspace: 19132K(19328K)->19132K(19328K) NonClass: 16465K(16576K)->16465K(16576K) Class: 2666K(2752K)->2666K(2752K)
[663.512s][info][gc             ] GC(1598) Pause Young (Prepare Mixed) (G1 Evacuation Pause) 715M->492M(978M) 2.446ms
[663.512s][info][gc,cpu         ] GC(1598) User=0.01s Sys=0.00s Real=0.01s
[663.513s][info][gc             ] GC(1595) Concurrent Mark Cycle 1207.432ms
[664.046s][info][gc,start       ] GC(1599) Pause Young (Mixed) (G1 Evacuation Pause)
[664.046s][info][gc,task        ] GC(1599) Using 2 workers of 2 for evacuation
[664.105s][info][gc,phases      ] GC(1599)   Pre Evacuate Collection Set: 0.36ms
[664.105s][info][gc,phases      ] GC(1599)   Merge Heap Roots: 0.65ms
[664.105s][info][gc,phases      ] GC(1599)   Evacuate Collection Set: 56.90ms
[664.105s][info][gc,phases      ] GC(1599)   Post Evacuate Collection Set: 0.87ms
[664.106s][info][gc,phases      ] GC(1599)   Other: 0.12ms
[664.106s][info][gc,heap        ] GC(1599) Eden regions: 428->0(464)
[664.106s][info][gc,heap        ] GC(1599) Survivor regions: 1->33(54)
[664.106s][info][gc,heap        ] GC(1599) Old regions: 488->391
[664.106s][info][gc,heap        ] GC(1599) Humongous regions: 7->7
[664.106s][info][gc,metaspace   ] GC(1599) Metaspace: 19132K(19328K)->19132K(19328K) NonClass: 16465K(16576K)->16465K(16576K) Class: 2666K(2752K)->2666K(2752K)
[664.106s][info][gc             ] GC(1599) Pause Young (Mixed) (G1 Evacuation Pause) 923M->430M(978M) 59.187ms
[664.106s][info][gc,cpu         ] GC(1599) User=0.12s Sys=0.00s Real=0.06s
[664.531s][info][gc,start       ] GC(1600) Pause Young (Mixed) (G1 Evacuation Pause)
[664.531s][info][gc,task        ] GC(1600) Using 2 workers of 2 for evacuation
[664.611s][info][gc,phases      ] GC(1600)   Pre Evacuate Collection Set: 0.27ms
[664.612s][info][gc,phases      ] GC(1600)   Merge Heap Roots: 0.51ms
[664.612s][info][gc,phases      ] GC(1600)   Evacuate Collection Set: 78.90ms
[664.612s][info][gc,phases      ] GC(1600)   Post Evacuate Collection Set: 0.68ms
[664.612s][info][gc,phases      ] GC(1600)   Other: 0.11ms
[664.612s][info][gc,heap        ] GC(1600) Eden regions: 464->0(448)
[664.612s][info][gc,heap        ] GC(1600) Survivor regions: 33->25(63)
[664.612s][info][gc,heap        ] GC(1600) Old regions: 391->415
[664.612s][info][gc,heap        ] GC(1600) Humongous regions: 7->7
[664.612s][info][gc,metaspace   ] GC(1600) Metaspace: 19132K(19328K)->19132K(19328K) NonClass: 16465K(16576K)->16465K(16576K) Class: 2666K(2752K)->2666K(2752K)
[664.612s][info][gc             ] GC(1600) Pause Young (Mixed) (G1 Evacuation Pause) 894M->446M(978M) 80.786ms
[664.612s][info][gc,cpu         ] GC(1600) User=0.16s Sys=0.00s Real=0.09s
[665.145s][info][gc,start       ] GC(1601) Pause Young (Concurrent Start) (G1 Evacuation Pause)
[665.145s][info][gc,task        ] GC(1601) Using 2 workers of 2 for evacuation
[665.198s][info][gc,phases      ] GC(1601)   Pre Evacuate Collection Set: 0.32ms
[665.198s][info][gc,phases      ] GC(1601)   Merge Heap Roots: 0.28ms
[665.198s][info][gc,phases      ] GC(1601)   Evacuate Collection Set: 50.93ms
[665.198s][info][gc,phases      ] GC(1601)   Post Evacuate Collection Set: 0.71ms
[665.198s][info][gc,phases      ] GC(1601)   Other: 0.12ms
[665.198s][info][gc,heap        ] GC(1601) Eden regions: 448->0(408)
[665.198s][info][gc,heap        ] GC(1601) Survivor regions: 25->49(60)
[665.198s][info][gc,heap        ] GC(1601) Old regions: 415->415
[665.198s][info][gc,heap        ] GC(1601) Humongous regions: 7->7
[665.198s][info][gc,metaspace   ] GC(1601) Metaspace: 19132K(19328K)->19132K(19328K) NonClass: 16465K(16576K)->16465K(16576K) Class: 2666K(2752K)->2666K(2752K)
[665.198s][info][gc             ] GC(1601) Pause Young (Concurrent Start) (G1 Evacuation Pause) 894M->470M(978M) 52.589ms
[665.198s][info][gc,cpu         ] GC(1601) User=0.10s Sys=0.00s Real=0.05s
[665.198s][info][gc             ] GC(1602) Concurrent Mark Cycle
[665.198s][info][gc,marking     ] GC(1602) Concurrent Scan Root Regions
[665.250s][info][gc,marking     ] GC(1602) Concurrent Scan Root Regions 52.004ms
[665.250s][info][gc,marking     ] GC(1602) Concurrent Mark
[665.250s][info][gc,marking     ] GC(1602) Concurrent Mark From Roots
[665.250s][info][gc,task        ] GC(1602) Using 1 workers of 1 for marking
[665.836s][info][gc,marking     ] GC(1602) Concurrent Mark From Roots 585.872ms
[665.836s][info][gc,marking     ] GC(1602) Concurrent Preclean
[665.836s][info][gc,marking     ] GC(1602) Concurrent Preclean 0.046ms
[665.836s][info][gc,start       ] GC(1602) Pause Remark
[665.844s][info][gc             ] GC(1602) Pause Remark 665M->558M(978M) 7.901ms
[665.844s][info][gc,cpu         ] GC(1602) User=0.02s Sys=0.00s Real=0.01s
[665.844s][info][gc,marking     ] GC(1602) Concurrent Mark 594.147ms
[665.844s][info][gc,marking     ] GC(1602) Concurrent Rebuild Remembered Sets and Scrub Regions
[666.018s][info][gc,marking     ] GC(1602) Concurrent Rebuild Remembered Sets and Scrub Regions 173.611ms
[666.018s][info][gc,start       ] GC(1602) Pause Cleanup
[666.018s][info][gc             ] GC(1602) Pause Cleanup 659M->659M(978M) 0.125ms
[666.018s][info][gc,cpu         ] GC(1602) User=0.00s Sys=0.00s Real=0.00s
[666.018s][info][gc,marking     ] GC(1602) Concurrent Clear Claimed Marks
[666.018s][info][gc,marking     ] GC(1602) Concurrent Clear Claimed Marks 0.031ms
[666.018s][info][gc,marking     ] GC(1602) Concurrent Cleanup for Next Mark
[666.021s][info][gc,marking     ] GC(1602) Concurrent Cleanup for Next Mark 2.859ms
[666.021s][info][gc             ] GC(1602) Concurrent Mark Cycle 823.158ms
[666.138s][info][gc,start       ] GC(1603) Pause Young (Prepare Mixed) (G1 Evacuation Pause)
[666.138s][info][gc,task        ] GC(1603) Using 2 workers of 2 for evacuation
[666.234s][info][gc,phases      ] GC(1603)   Pre Evacuate Collection Set: 0.49ms
[666.234s][info][gc,phases      ] GC(1603)   Merge Heap Roots: 0.56ms
[666.234s][info][gc,phases      ] GC(1603)   Evacuate Collection Set: 93.72ms
[666.234s][info][gc,phases      ] GC(1603)   Post Evacuate Collection Set: 0.65ms
[666.234s][info][gc,phases      ] GC(1603)   Other: 0.10ms
[666.234s][info][gc,heap        ] GC(1603) Eden regions: 408->0(466)
[666.234s][info][gc,heap        ] GC(1603) Survivor regions: 49->58(58)
[666.234s][info][gc,heap        ] GC(1603) Old regions: 311->342
[666.234s][info][gc,heap        ] GC(1603) Humongous regions: 4->4
[666.234s][info][gc,metaspace   ] GC(1603) Metaspace: 19132K(19328K)->19132K(19328K) NonClass: 16465K(16576K)->16465K(16576K) Class: 2666K(2752K)->2666K(2752K)
[666.234s][info][gc             ] GC(1603) Pause Young (Prepare Mixed) (G1 Evacuation Pause) 771M->403M(978M) 95.820ms
[666.234s][info][gc,cpu         ] GC(1603) User=0.19s Sys=0.00s Real=0.10s
[666.667s][info][gc,start       ] GC(1604) Pause Young (Mixed) (G1 Evacuation Pause)
[666.667s][info][gc,task        ] GC(1604) Using 2 workers of 2 for evacuation
[666.732s][info][gc,phases      ] GC(1604)   Pre Evacuate Collection Set: 0.54ms
[666.732s][info][gc,phases      ] GC(1604)   Merge Heap Roots: 0.33ms
[666.732s][info][gc,phases      ] GC(1604)   Evacuate Collection Set: 63.27ms
[666.732s][info][gc,phases      ] GC(1604)   Post Evacuate Collection Set: 0.70ms
[666.733s][info][gc,phases      ] GC(1604)   Other: 0.11ms
[666.733s][info][gc,heap        ] GC(1604) Eden regions: 466->0(524)
[666.733s][info][gc,heap        ] GC(1604) Survivor regions: 58->7(66)
[666.733s][info][gc,heap        ] GC(1604) Old regions: 342->354
[666.733s][info][gc,heap        ] GC(1604) Humongous regions: 4->4
[666.733s][info][gc,metaspace   ] GC(1604) Metaspace: 19132K(19328K)->19132K(19328K) NonClass: 16465K(16576K)->16465K(16576K) Class: 2666K(2752K)->2666K(2752K)
[666.733s][info][gc             ] GC(1604) Pause Young (Mixed) (G1 Evacuation Pause) 869M->364M(978M) 65.207ms
[666.733s][info][gc,cpu         ] GC(1604) User=0.13s Sys=0.00s Real=0.07s
[667.807s][info][gc,start       ] GC(1605) Pause Young (Concurrent Start) (G1 Evacuation Pause)
[667.807s][info][gc,task        ] GC(1605) Using 2 workers of 2 for evacuation
[667.835s][info][gc,phases      ] GC(1605)   Pre Evacuate Collection Set: 0.33ms
[667.835s][info][gc,phases      ] GC(1605)   Merge Heap Roots: 0.27ms
[667.835s][info][gc,phases      ] GC(1605)   Evacuate Collection Set: 26.40ms
[667.835s][info][gc,phases      ] GC(1605)   Post Evacuate Collection Set: 0.69ms
[667.835s][info][gc,phases      ] GC(1605)   Other: 0.23ms
[667.835s][info][gc,heap        ] GC(1605) Eden regions: 524->0(512)
[667.835s][info][gc,heap        ] GC(1605) Survivor regions: 7->22(67)
[667.835s][info][gc,heap        ] GC(1605) Old regions: 354->354
[667.835s][info][gc,heap        ] GC(1605) Humongous regions: 4->4
[667.835s][info][gc,metaspace   ] GC(1605) Metaspace: 19132K(19328K)->19132K(19328K) NonClass: 16465K(16576K)->16465K(16576K) Class: 2666K(2752K)->2666K(2752K)
[667.835s][info][gc             ] GC(1605) Pause Young (Concurrent Start) (G1 Evacuation Pause) 888M->379M(978M) 28.194ms
[667.835s][info][gc,cpu         ] GC(1605) User=0.05s Sys=0.00s Real=0.03s
[667.838s][info][gc             ] GC(1606) Concurrent Mark Cycle
[667.838s][info][gc,marking     ] GC(1606) Concurrent Scan Root Regions
[667.878s][info][gc,marking     ] GC(1606) Concurrent Scan Root Regions 39.709ms
[667.878s][info][gc,marking     ] GC(1606) Concurrent Mark
[667.878s][info][gc,marking     ] GC(1606) Concurrent Mark From Roots
[667.878s][info][gc,task        ] GC(1606) Using 1 workers of 1 for marking
[668.811s][info][gc,marking     ] GC(1606) Concurrent Mark From Roots 933.296ms
[668.811s][info][gc,marking     ] GC(1606) Concurrent Preclean
[668.811s][info][gc,marking     ] GC(1606) Concurrent Preclean 0.031ms
[668.811s][info][gc,start       ] GC(1606) Pause Remark
[668.819s][info][gc             ] GC(1606) Pause Remark 747M->747M(978M) 7.712ms
[668.819s][info][gc,cpu         ] GC(1606) User=0.02s Sys=0.00s Real=0.00s
[668.819s][info][gc,marking     ] GC(1606) Concurrent Mark 941.325ms
[668.819s][info][gc,marking     ] GC(1606) Concurrent Rebuild Remembered Sets and Scrub Regions
[668.980s][info][gc,start       ] GC(1607) Pause Young (Normal) (G1 Evacuation Pause)
[668.980s][info][gc,task        ] GC(1607) Using 2 workers of 2 for evacuation
[669.128s][info][gc,phases      ] GC(1607)   Pre Evacuate Collection Set: 0.46ms
[669.128s][info][gc,phases      ] GC(1607)   Merge Heap Roots: 0.55ms
[669.128s][info][gc,phases      ] GC(1607)   Evacuate Collection Set: 129.29ms
[669.128s][info][gc,phases      ] GC(1607)   Post Evacuate Collection Set: 16.95ms
[669.128s][info][gc,phases      ] GC(1607)   Other: 0.08ms
[669.128s][info][gc,heap        ] GC(1607) Eden regions: 512->0(232)
[669.128s][info][gc,heap        ] GC(1607) Survivor regions: 22->67(67)
[669.128s][info][gc,heap        ] GC(1607) Old regions: 354->558
[669.128s][info][gc,heap        ] GC(1607) Humongous regions: 4->4
[669.128s][info][gc,metaspace   ] GC(1607) Metaspace: 19132K(19328K)->19132K(19328K) NonClass: 16465K(16576K)->16465K(16576K) Class: 2666K(2752K)->2666K(2752K)
[669.128s][info][gc             ] GC(1607) Pause Young (Normal) (G1 Evacuation Pause) (Evacuation Failure: Allocation) 891M->628M(978M) 147.541ms
[669.128s][info][gc,cpu         ] GC(1607) User=0.29s Sys=0.00s Real=0.15s
[669.300s][info][gc,marking     ] GC(1606) Concurrent Rebuild Remembered Sets and Scrub Regions 481.396ms
[669.301s][info][gc,start       ] GC(1606) Pause Cleanup
[669.301s][info][gc             ] GC(1606) Pause Cleanup 815M->815M(978M) 0.076ms
[669.301s][info][gc,cpu         ] GC(1606) User=0.00s Sys=0.00s Real=0.00s
[669.303s][info][gc,marking     ] GC(1606) Concurrent Clear Claimed Marks
[669.303s][info][gc,marking     ] GC(1606) Concurrent Clear Claimed Marks 0.043ms
[669.303s][info][gc,marking     ] GC(1606) Concurrent Cleanup for Next Mark
[669.308s][info][gc,marking     ] GC(1606) Concurrent Cleanup for Next Mark 4.859ms
[669.308s][info][gc             ] GC(1606) Concurrent Mark Cycle 1469.969ms
[669.432s][info][gc,start       ] GC(1608) Pause Young (Prepare Mixed) (G1 Evacuation Pause)
[669.432s][info][gc,task        ] GC(1608) Using 2 workers of 2 for evacuation
[669.626s][info][gc,phases      ] GC(1608)   Pre Evacuate Collection Set: 0.34ms
[669.626s][info][gc,phases      ] GC(1608)   Merge Heap Roots: 0.61ms
[669.626s][info][gc,phases      ] GC(1608)   Evacuate Collection Set: 171.98ms
[669.626s][info][gc,phases      ] GC(1608)   Post Evacuate Collection Set: 21.51ms
[669.626s][info][gc,phases      ] GC(1608)   Other: 0.10ms
[669.626s][info][gc,heap        ] GC(1608) Eden regions: 232->0(69)
[669.626s][info][gc,heap        ] GC(1608) Survivor regions: 67->38(38)
[669.626s][info][gc,heap        ] GC(1608) Old regions: 558->779
[669.626s][info][gc,heap        ] GC(1608) Humongous regions: 4->4
[669.626s][info][gc,metaspace   ] GC(1608) Metaspace: 19132K(19328K)->19132K(19328K) NonClass: 16465K(16576K)->16465K(16576K) Class: 2666K(2752K)->2666K(2752K)
[669.626s][info][gc             ] GC(1608) Pause Young (Prepare Mixed) (G1 Evacuation Pause) (Evacuation Failure: Allocation) 860M->820M(978M) 194.770ms
[669.626s][info][gc,cpu         ] GC(1608) User=0.39s Sys=0.00s Real=0.19s
[669.813s][info][gc,start       ] GC(1609) Pause Young (Mixed) (G1 Evacuation Pause)
[669.813s][info][gc,task        ] GC(1609) Using 2 workers of 2 for evacuation
[669.906s][info][gc,phases      ] GC(1609)   Pre Evacuate Collection Set: 0.59ms
[669.906s][info][gc,phases      ] GC(1609)   Merge Heap Roots: 0.65ms
[669.907s][info][gc,phases      ] GC(1609)   Evacuate Collection Set: 89.70ms
[669.907s][info][gc,phases      ] GC(1609)   Post Evacuate Collection Set: 2.05ms
[669.907s][info][gc,phases      ] GC(1609)   Other: 0.09ms
[669.907s][info][gc,heap        ] GC(1609) Eden regions: 69->0(211)
[669.907s][info][gc,heap        ] GC(1609) Survivor regions: 38->10(14)
[669.907s][info][gc,heap        ] GC(1609) Old regions: 779->659
[669.907s][info][gc,heap        ] GC(1609) Humongous regions: 7->7
[669.907s][info][gc,metaspace   ] GC(1609) Metaspace: 19132K(19328K)->19132K(19328K) NonClass: 16465K(16576K)->16465K(16576K) Class: 2666K(2752K)->2666K(2752K)
[669.907s][info][gc             ] GC(1609) Pause Young (Mixed) (G1 Evacuation Pause) (Evacuation Failure: Allocation) 892M->675M(978M) 93.340ms
[669.907s][info][gc,cpu         ] GC(1609) User=0.18s Sys=0.00s Real=0.09s
[670.184s][info][gc,start       ] GC(1610) Pause Young (Concurrent Start) (G1 Evacuation Pause)
[670.184s][info][gc,task        ] GC(1610) Using 2 workers of 2 for evacuation
[670.245s][info][gc,phases      ] GC(1610)   Pre Evacuate Collection Set: 0.39ms
[670.245s][info][gc,phases      ] GC(1610)   Merge Heap Roots: 0.63ms
[670.245s][info][gc,phases      ] GC(1610)   Evacuate Collection Set: 59.04ms
[670.245s][info][gc,phases      ] GC(1610)   Post Evacuate Collection Set: 0.77ms
[670.245s][info][gc,phases      ] GC(1610)   Other: 0.10ms
[670.245s][info][gc,heap        ] GC(1610) Eden regions: 211->0(282)
[670.245s][info][gc,heap        ] GC(1610) Survivor regions: 10->15(28)
[670.245s][info][gc,heap        ] GC(1610) Old regions: 659->570
[670.245s][info][gc,heap        ] GC(1610) Humongous regions: 7->7
[670.245s][info][gc,metaspace   ] GC(1610) Metaspace: 19132K(19328K)->19132K(19328K) NonClass: 16465K(16576K)->16465K(16576K) Class: 2666K(2752K)->2666K(2752K)
[670.245s][info][gc             ] GC(1610) Pause Young (Concurrent Start) (G1 Evacuation Pause) 886M->591M(978M) 61.216ms
[670.245s][info][gc,cpu         ] GC(1610) User=0.12s Sys=0.00s Real=0.06s
[670.245s][info][gc             ] GC(1611) Concurrent Mark Cycle
[670.245s][info][gc,marking     ] GC(1611) Concurrent Scan Root Regions
[670.345s][info][gc,marking     ] GC(1611) Concurrent Scan Root Regions 99.585ms
[670.345s][info][gc,marking     ] GC(1611) Concurrent Mark
[670.345s][info][gc,marking     ] GC(1611) Concurrent Mark From Roots
[670.345s][info][gc,task        ] GC(1611) Using 1 workers of 1 for marking
[671.109s][info][gc,start       ] GC(1612) Pause Young (Normal) (G1 Evacuation Pause)
[671.109s][info][gc,task        ] GC(1612) Using 2 workers of 2 for evacuation
[671.199s][info][gc,phases      ] GC(1612)   Pre Evacuate Collection Set: 0.30ms
[671.199s][info][gc,phases      ] GC(1612)   Merge Heap Roots: 0.82ms
[671.199s][info][gc,phases      ] GC(1612)   Evacuate Collection Set: 87.21ms
[671.199s][info][gc,phases      ] GC(1612)   Post Evacuate Collection Set: 0.86ms
[671.199s][info][gc,phases      ] GC(1612)   Other: 0.09ms
[671.199s][info][gc,heap        ] GC(1612) Eden regions: 282->0(263)
[671.199s][info][gc,heap        ] GC(1612) Survivor regions: 15->38(38)
[671.199s][info][gc,heap        ] GC(1612) Old regions: 570->566
[671.199s][info][gc,heap        ] GC(1612) Humongous regions: 13->13
[671.199s][info][gc,metaspace   ] GC(1612) Metaspace: 19132K(19328K)->19132K(19328K) NonClass: 16465K(16576K)->16465K(16576K) Class: 2666K(2752K)->2666K(2752K)
[671.199s][info][gc             ] GC(1612) Pause Young (Normal) (G1 Evacuation Pause) 879M->616M(978M) 89.536ms
[671.199s][info][gc,cpu         ] GC(1612) User=0.18s Sys=0.00s Real=0.09s
[671.784s][info][gc,marking     ] GC(1611) Concurrent Mark From Roots 1439.635ms
[671.784s][info][gc,marking     ] GC(1611) Concurrent Preclean
[671.784s][info][gc,marking     ] GC(1611) Concurrent Preclean 0.029ms
[671.785s][info][gc,start       ] GC(1611) Pause Remark
[671.792s][info][gc             ] GC(1611) Pause Remark 790M->789M(978M) 7.833ms
[671.793s][info][gc,cpu         ] GC(1611) User=0.01s Sys=0.00s Real=0.01s
[671.793s][info][gc,marking     ] GC(1611) Concurrent Mark 1447.791ms
[671.793s][info][gc,marking     ] GC(1611) Concurrent Rebuild Remembered Sets and Scrub Regions
[672.012s][info][gc,start       ] GC(1613) Pause Young (Normal) (G1 Evacuation Pause)
[672.012s][info][gc,task        ] GC(1613) Using 2 workers of 2 for evacuation
[672.093s][info][gc,phases      ] GC(1613)   Pre Evacuate Collection Set: 0.27ms
[672.093s][info][gc,phases      ] GC(1613)   Merge Heap Roots: 0.82ms
[672.093s][info][gc,phases      ] GC(1613)   Evacuate Collection Set: 79.04ms
[672.093s][info][gc,phases      ] GC(1613)   Post Evacuate Collection Set: 0.46ms
[672.093s][info][gc,phases      ] GC(1613)   Other: 0.09ms
[672.093s][info][gc,heap        ] GC(1613) Eden regions: 263->0(278)
[672.093s][info][gc,heap        ] GC(1613) Survivor regions: 38->1(38)
[672.093s][info][gc,heap        ] GC(1613) Old regions: 566->605
[672.093s][info][gc,heap        ] GC(1613) Humongous regions: 12->12
[672.093s][info][gc,metaspace   ] GC(1613) Metaspace: 19132K(19328K)->19132K(19328K) NonClass: 16465K(16576K)->16465K(16576K) Class: 2666K(2752K)->2666K(2752K)
[672.093s][info][gc             ] GC(1613) Pause Young (Normal) (G1 Evacuation Pause) 878M->617M(978M) 80.971ms
[672.093s][info][gc,cpu         ] GC(1613) User=0.16s Sys=0.00s Real=0.08s
[672.345s][info][gc,marking     ] GC(1611) Concurrent Rebuild Remembered Sets and Scrub Regions 552.388ms
[672.346s][info][gc,start       ] GC(1611) Pause Cleanup
[672.346s][info][gc             ] GC(1611) Pause Cleanup 720M->720M(978M) 0.112ms
[672.346s][info][gc,cpu         ] GC(1611) User=0.00s Sys=0.00s Real=0.00s
[672.346s][info][gc,marking     ] GC(1611) Concurrent Clear Claimed Marks
[672.346s][info][gc,marking     ] GC(1611) Concurrent Clear Claimed Marks 0.037ms
[672.346s][info][gc,marking     ] GC(1611) Concurrent Cleanup for Next Mark
[672.353s][info][gc,marking     ] GC(1611) Concurrent Cleanup for Next Mark 7.101ms
[672.353s][info][gc             ] GC(1611) Concurrent Mark Cycle 2108.360ms
[672.613s][info][gc,start       ] GC(1614) Pause Young (Prepare Mixed) (G1 Evacuation Pause)
[672.613s][info][gc,task        ] GC(1614) Using 2 workers of 2 for evacuation
[672.614s][info][gc,phases      ] GC(1614)   Pre Evacuate Collection Set: 0.54ms
[672.614s][info][gc,phases      ] GC(1614)   Merge Heap Roots: 0.11ms
[672.614s][info][gc,phases      ] GC(1614)   Evacuate Collection Set: 0.20ms
[672.614s][info][gc,phases      ] GC(1614)   Post Evacuate Collection Set: 0.44ms
[672.614s][info][gc,phases      ] GC(1614)   Other: 0.11ms
[672.614s][info][gc,heap        ] GC(1614) Eden regions: 278->0(291)
[672.614s][info][gc,heap        ] GC(1614) Survivor regions: 1->1(35)
[672.614s][info][gc,heap        ] GC(1614) Old regions: 605->605
[672.614s][info][gc,heap        ] GC(1614) Humongous regions: 12->12
[672.614s][info][gc,metaspace   ] GC(1614) Metaspace: 19132K(19328K)->19132K(19328K) NonClass: 16465K(16576K)->16465K(16576K) Class: 2666K(2752K)->2666K(2752K)
[672.614s][info][gc             ] GC(1614) Pause Young (Prepare Mixed) (G1 Evacuation Pause) 895M->617M(978M) 1.616ms
[672.614s][info][gc,cpu         ] GC(1614) User=0.00s Sys=0.00s Real=0.00s
[672.902s][info][gc,start       ] GC(1615) Pause Young (Mixed) (G1 Evacuation Pause)
[672.902s][info][gc,task        ] GC(1615) Using 2 workers of 2 for evacuation
[672.940s][info][gc,phases      ] GC(1615)   Pre Evacuate Collection Set: 0.51ms
[672.940s][info][gc,phases      ] GC(1615)   Merge Heap Roots: 0.23ms
[672.940s][info][gc,phases      ] GC(1615)   Evacuate Collection Set: 36.07ms
[672.940s][info][gc,phases      ] GC(1615)   Post Evacuate Collection Set: 0.51ms
[672.940s][info][gc,phases      ] GC(1615)   Other: 0.09ms
[672.940s][info][gc,heap        ] GC(1615) Eden regions: 291->0(256)
[672.940s][info][gc,heap        ] GC(1615) Survivor regions: 1->31(37)
[672.940s][info][gc,heap        ] GC(1615) Old regions: 605->598
[672.940s][info][gc,heap        ] GC(1615) Humongous regions: 12->12
[672.940s][info][gc,metaspace   ] GC(1615) Metaspace: 19132K(19328K)->19132K(19328K) NonClass: 16465K(16576K)->16465K(16576K) Class: 2666K(2752K)->2666K(2752K)
[672.940s][info][gc             ] GC(1615) Pause Young (Mixed) (G1 Evacuation Pause) 908M->640M(978M) 37.624ms
[672.940s][info][gc,cpu         ] GC(1615) User=0.08s Sys=0.00s Real=0.03s
[673.183s][info][gc,start       ] GC(1616) Pause Young (Concurrent Start) (G1 Evacuation Pause)
[673.183s][info][gc,task        ] GC(1616) Using 2 workers of 2 for evacuation
[673.215s][info][gc,phases      ] GC(1616)   Pre Evacuate Collection Set: 0.33ms
[673.215s][info][gc,phases      ] GC(1616)   Merge Heap Roots: 0.15ms
[673.215s][info][gc,phases      ] GC(1616)   Evacuate Collection Set: 30.73ms
[673.215s][info][gc,phases      ] GC(1616)   Post Evacuate Collection Set: 0.47ms
[673.215s][info][gc,phases      ] GC(1616)   Other: 0.12ms
[673.215s][info][gc,heap        ] GC(1616) Eden regions: 256->0(275)
[673.215s][info][gc,heap        ] GC(1616) Survivor regions: 31->3(36)
[673.215s][info][gc,heap        ] GC(1616) Old regions: 598->628
[673.215s][info][gc,heap        ] GC(1616) Humongous regions: 12->12
[673.215s][info][gc,metaspace   ] GC(1616) Metaspace: 19132K(19328K)->19132K(19328K) NonClass: 16465K(16576K)->16465K(16576K) Class: 2666K(2752K)->2666K(2752K)
[673.215s][info][gc             ] GC(1616) Pause Young (Concurrent Start) (G1 Evacuation Pause) 896M->642M(978M) 32.067ms
[673.215s][info][gc,cpu         ] GC(1616) User=0.06s Sys=0.00s Real=0.03s
[673.215s][info][gc             ] GC(1617) Concurrent Mark Cycle
[673.215s][info][gc,marking     ] GC(1617) Concurrent Scan Root Regions
[673.277s][info][gc,marking     ] GC(1617) Concurrent Scan Root Regions 61.645ms
[673.277s][info][gc,marking     ] GC(1617) Concurrent Mark
[673.277s][info][gc,marking     ] GC(1617) Concurrent Mark From Roots
[673.277s][info][gc,task        ] GC(1617) Using 1 workers of 1 for marking
[674.111s][info][gc,start       ] GC(1618) Pause Young (Normal) (G1 Evacuation Pause)
[674.111s][info][gc,task        ] GC(1618) Using 2 workers of 2 for evacuation
[674.124s][info][gc,phases      ] GC(1618)   Pre Evacuate Collection Set: 0.32ms
[674.124s][info][gc,phases      ] GC(1618)   Merge Heap Roots: 0.16ms
[674.124s][info][gc,phases      ] GC(1618)   Evacuate Collection Set: 12.63ms
[674.124s][info][gc,phases      ] GC(1618)   Post Evacuate Collection Set: 0.46ms
[674.124s][info][gc,phases      ] GC(1618)   Other: 0.10ms
[674.124s][info][gc,heap        ] GC(1618) Eden regions: 275->0(266)
[674.124s][info][gc,heap        ] GC(1618) Survivor regions: 3->11(35)
[674.124s][info][gc,heap        ] GC(1618) Old regions: 628->628
[674.124s][info][gc,heap        ] GC(1618) Humongous regions: 12->12
[674.124s][info][gc,metaspace   ] GC(1618) Metaspace: 19132K(19328K)->19132K(19328K) NonClass: 16465K(16576K)->16465K(16576K) Class: 2666K(2752K)->2666K(2752K)
[674.124s][info][gc             ] GC(1618) Pause Young (Normal) (G1 Evacuation Pause) 917M->650M(978M) 13.899ms
[674.124s][info][gc,cpu         ] GC(1618) User=0.03s Sys=0.00s Real=0.02s
[674.421s][info][gc,marking     ] GC(1617) Concurrent Mark From Roots 1143.690ms
[674.421s][info][gc,marking     ] GC(1617) Concurrent Preclean
[674.421s][info][gc,marking     ] GC(1617) Concurrent Preclean 0.034ms
[674.421s][info][gc,start       ] GC(1617) Pause Remark
[674.429s][info][gc             ] GC(1617) Pause Remark 729M->645M(978M) 8.118ms
[674.429s][info][gc,cpu         ] GC(1617) User=0.01s Sys=0.00s Real=0.00s
[674.429s][info][gc,marking     ] GC(1617) Concurrent Mark 1152.154ms
[674.429s][info][gc,marking     ] GC(1617) Concurrent Rebuild Remembered Sets and Scrub Regions
[674.844s][info][gc,marking     ] GC(1617) Concurrent Rebuild Remembered Sets and Scrub Regions 415.232ms
[674.845s][info][gc,start       ] GC(1617) Pause Cleanup
[674.845s][info][gc             ] GC(1617) Pause Cleanup 800M->800M(978M) 0.121ms
[674.845s][info][gc,cpu         ] GC(1617) User=0.00s Sys=0.00s Real=0.00s
[674.845s][info][gc,marking     ] GC(1617) Concurrent Clear Claimed Marks
[674.845s][info][gc,marking     ] GC(1617) Concurrent Clear Claimed Marks 0.030ms
[674.845s][info][gc,marking     ] GC(1617) Concurrent Cleanup for Next Mark
[674.848s][info][gc,marking     ] GC(1617) Concurrent Cleanup for Next Mark 2.852ms
[674.848s][info][gc             ] GC(1617) Concurrent Mark Cycle 1632.467ms
[674.888s][info][gc,start       ] GC(1619) Pause Young (Prepare Mixed) (G1 Evacuation Pause)
[674.888s][info][gc,task        ] GC(1619) Using 2 workers of 2 for evacuation
[674.914s][info][gc,phases      ] GC(1619)   Pre Evacuate Collection Set: 0.50ms
[674.914s][info][gc,phases      ] GC(1619)   Merge Heap Roots: 0.22ms
[674.914s][info][gc,phases      ] GC(1619)   Evacuate Collection Set: 25.55ms
[674.914s][info][gc,phases      ] GC(1619)   Post Evacuate Collection Set: 0.49ms
[674.914s][info][gc,phases      ] GC(1619)   Other: 0.09ms
[674.914s][info][gc,heap        ] GC(1619) Eden regions: 266->0(324)
[674.915s][info][gc,heap        ] GC(1619) Survivor regions: 11->24(35)
[674.915s][info][gc,heap        ] GC(1619) Old regions: 549->549
[674.915s][info][gc,heap        ] GC(1619) Humongous regions: 7->7
[674.915s][info][gc,metaspace   ] GC(1619) Metaspace: 19132K(19328K)->19132K(19328K) NonClass: 16465K(16576K)->16465K(16576K) Class: 2666K(2752K)->2666K(2752K)
[674.915s][info][gc             ] GC(1619) Pause Young (Prepare Mixed) (G1 Evacuation Pause) 832M->579M(978M) 27.061ms
[674.915s][info][gc,cpu         ] GC(1619) User=0.06s Sys=0.00s Real=0.03s
[675.283s][info][gc,start       ] GC(1620) Pause Young (Mixed) (G1 Evacuation Pause)
[675.283s][info][gc,task        ] GC(1620) Using 2 workers of 2 for evacuation
[675.358s][info][gc,phases      ] GC(1620)   Pre Evacuate Collection Set: 0.29ms
[675.358s][info][gc,phases      ] GC(1620)   Merge Heap Roots: 0.31ms
[675.358s][info][gc,phases      ] GC(1620)   Evacuate Collection Set: 72.08ms
[675.358s][info][gc,phases      ] GC(1620)   Post Evacuate Collection Set: 1.85ms
[675.358s][info][gc,phases      ] GC(1620)   Other: 0.10ms
[675.358s][info][gc,heap        ] GC(1620) Eden regions: 324->0(280)
[675.358s][info][gc,heap        ] GC(1620) Survivor regions: 24->44(44)
[675.358s][info][gc,heap        ] GC(1620) Old regions: 549->553
[675.358s][info][gc,heap        ] GC(1620) Humongous regions: 7->7
[675.358s][info][gc,metaspace   ] GC(1620) Metaspace: 19132K(19328K)->19132K(19328K) NonClass: 16465K(16576K)->16465K(16576K) Class: 2666K(2752K)->2666K(2752K)
[675.358s][info][gc             ] GC(1620) Pause Young (Mixed) (G1 Evacuation Pause) (Evacuation Failure: Allocation) 903M->603M(978M) 74.879ms
[675.358s][info][gc,cpu         ] GC(1620) User=0.15s Sys=0.00s Real=0.07s
[675.497s][info][gc,start       ] GC(1621) Pause Young (Concurrent Start) (G1 Humongous Allocation)
[675.497s][info][gc,task        ] GC(1621) Using 2 workers of 2 for evacuation
[675.559s][info][gc,phases      ] GC(1621)   Pre Evacuate Collection Set: 0.49ms
[675.559s][info][gc,phases      ] GC(1621)   Merge Heap Roots: 0.71ms
[675.559s][info][gc,phases      ] GC(1621)   Evacuate Collection Set: 60.45ms
[675.559s][info][gc,phases      ] GC(1621)   Post Evacuate Collection Set: 0.51ms
[675.559s][info][gc,phases      ] GC(1621)   Other: 0.19ms
[675.559s][info][gc,heap        ] GC(1621) Eden regions: 82->0(313)
[675.559s][info][gc,heap        ] GC(1621) Survivor regions: 44->8(41)
[675.559s][info][gc,heap        ] GC(1621) Old regions: 553->568
[675.559s][info][gc,heap        ] GC(1621) Humongous regions: 7->7
[675.559s][info][gc,metaspace   ] GC(1621) Metaspace: 19132K(19328K)->19132K(19328K) NonClass: 16465K(16576K)->16465K(16576K) Class: 2666K(2752K)->2666K(2752K)
[675.559s][info][gc             ] GC(1621) Pause Young (Concurrent Start) (G1 Humongous Allocation) 685M->581M(978M) 62.625ms
[675.559s][info][gc,cpu         ] GC(1621) User=0.12s Sys=0.00s Real=0.06s
[675.559s][info][gc             ] GC(1622) Concurrent Mark Cycle
[675.560s][info][gc,marking     ] GC(1622) Concurrent Scan Root Regions
[675.640s][info][gc,marking     ] GC(1622) Concurrent Scan Root Regions 80.405ms
[675.640s][info][gc,marking     ] GC(1622) Concurrent Mark
[675.640s][info][gc,marking     ] GC(1622) Concurrent Mark From Roots
[675.640s][info][gc,task        ] GC(1622) Using 1 workers of 1 for marking
[676.512s][info][gc,marking     ] GC(1622) Concurrent Mark From Roots 871.989ms
[676.512s][info][gc,marking     ] GC(1622) Concurrent Preclean
[676.512s][info][gc,marking     ] GC(1622) Concurrent Preclean 0.034ms
[676.512s][info][gc,start       ] GC(1622) Pause Remark
[676.520s][info][gc             ] GC(1622) Pause Remark 858M->714M(978M) 7.969ms
[676.520s][info][gc,cpu         ] GC(1622) User=0.02s Sys=0.00s Real=0.00s
[676.520s][info][gc,marking     ] GC(1622) Concurrent Mark 880.310ms
[676.520s][info][gc,marking     ] GC(1622) Concurrent Rebuild Remembered Sets and Scrub Regions
[676.618s][info][gc,start       ] GC(1623) Pause Young (Normal) (G1 Evacuation Pause)
[676.618s][info][gc,task        ] GC(1623) Using 2 workers of 2 for evacuation
[676.643s][info][gc,phases      ] GC(1623)   Pre Evacuate Collection Set: 0.27ms
[676.643s][info][gc,phases      ] GC(1623)   Merge Heap Roots: 0.45ms
[676.643s][info][gc,phases      ] GC(1623)   Evacuate Collection Set: 23.47ms
[676.643s][info][gc,phases      ] GC(1623)   Post Evacuate Collection Set: 0.59ms
[676.643s][info][gc,phases      ] GC(1623)   Other: 0.14ms
[676.643s][info][gc,heap        ] GC(1623) Eden regions: 313->0(446)
[676.643s][info][gc,heap        ] GC(1623) Survivor regions: 8->13(41)
[676.643s][info][gc,heap        ] GC(1623) Old regions: 426->426
[676.643s][info][gc,heap        ] GC(1623) Humongous regions: 8->8
[676.643s][info][gc,metaspace   ] GC(1623) Metaspace: 19132K(19328K)->19132K(19328K) NonClass: 16465K(16576K)->16465K(16576K) Class: 2666K(2752K)->2666K(2752K)
[676.643s][info][gc             ] GC(1623) Pause Young (Normal) (G1 Evacuation Pause) 753M->445M(978M) 25.144ms
[676.643s][info][gc,cpu         ] GC(1623) User=0.05s Sys=0.00s Real=0.03s
[676.864s][info][gc,marking     ] GC(1622) Concurrent Rebuild Remembered Sets and Scrub Regions 343.716ms
[676.864s][info][gc,start       ] GC(1622) Pause Cleanup
[676.864s][info][gc             ] GC(1622) Pause Cleanup 542M->542M(978M) 0.092ms
[676.864s][info][gc,cpu         ] GC(1622) User=0.00s Sys=0.00s Real=0.00s
[676.865s][info][gc,marking     ] GC(1622) Concurrent Clear Claimed Marks
[676.865s][info][gc,marking     ] GC(1622) Concurrent Clear Claimed Marks 0.033ms
[676.865s][info][gc,marking     ] GC(1622) Concurrent Cleanup for Next Mark
[676.868s][info][gc,marking     ] GC(1622) Concurrent Cleanup for Next Mark 2.891ms
[676.868s][info][gc             ] GC(1622) Concurrent Mark Cycle 1308.539ms
[677.372s][info][gc,start       ] GC(1624) Pause Young (Prepare Mixed) (G1 Evacuation Pause)
[677.372s][info][gc,task        ] GC(1624) Using 2 workers of 2 for evacuation
[677.396s][info][gc,phases      ] GC(1624)   Pre Evacuate Collection Set: 0.30ms
[677.396s][info][gc,phases      ] GC(1624)   Merge Heap Roots: 0.32ms
[677.396s][info][gc,phases      ] GC(1624)   Evacuate Collection Set: 21.70ms
[677.396s][info][gc,phases      ] GC(1624)   Post Evacuate Collection Set: 0.75ms
[677.396s][info][gc,phases      ] GC(1624)   Other: 0.11ms
[677.396s][info][gc,heap        ] GC(1624) Eden regions: 446->0(463)
[677.396s][info][gc,heap        ] GC(1624) Survivor regions: 13->13(58)
[677.396s][info][gc,heap        ] GC(1624) Old regions: 426->426
[677.396s][info][gc,heap        ] GC(1624) Humongous regions: 8->8
[677.396s][info][gc,metaspace   ] GC(1624) Metaspace: 19132K(19328K)->19132K(19328K) NonClass: 16465K(16576K)->16465K(16576K) Class: 2666K(2752K)->2666K(2752K)
[677.396s][info][gc             ] GC(1624) Pause Young (Prepare Mixed) (G1 Evacuation Pause) 891M->445M(978M) 23.459ms
[677.396s][info][gc,cpu         ] GC(1624) User=0.04s Sys=0.00s Real=0.02s
[677.907s][info][gc,start       ] GC(1625) Pause Young (Mixed) (G1 Evacuation Pause)
[677.907s][info][gc,task        ] GC(1625) Using 2 workers of 2 for evacuation
[677.960s][info][gc,phases      ] GC(1625)   Pre Evacuate Collection Set: 0.53ms
[677.960s][info][gc,phases      ] GC(1625)   Merge Heap Roots: 0.37ms
[677.960s][info][gc,phases      ] GC(1625)   Evacuate Collection Set: 51.72ms
[677.960s][info][gc,phases      ] GC(1625)   Post Evacuate Collection Set: 0.75ms
[677.960s][info][gc,phases      ] GC(1625)   Other: 0.11ms
[677.960s][info][gc,heap        ] GC(1625) Eden regions: 463->0(436)
[677.960s][info][gc,heap        ] GC(1625) Survivor regions: 13->38(60)
[677.960s][info][gc,heap        ] GC(1625) Old regions: 426->408
[677.960s][info][gc,heap        ] GC(1625) Humongous regions: 8->8
[677.960s][info][gc,metaspace   ] GC(1625) Metaspace: 19132K(19328K)->19132K(19328K) NonClass: 16465K(16576K)->16465K(16576K) Class: 2666K(2752K)->2666K(2752K)
[677.960s][info][gc             ] GC(1625) Pause Young (Mixed) (G1 Evacuation Pause) 908M->453M(978M) 53.738ms
[677.960s][info][gc,cpu         ] GC(1625) User=0.10s Sys=0.00s Real=0.05s
[678.479s][info][gc,start       ] GC(1626) Pause Young (Concurrent Start) (G1 Evacuation Pause)
[678.480s][info][gc,task        ] GC(1626) Using 2 workers of 2 for evacuation
[678.545s][info][gc,phases      ] GC(1626)   Pre Evacuate Collection Set: 0.35ms
[678.545s][info][gc,phases      ] GC(1626)   Merge Heap Roots: 0.32ms
[678.545s][info][gc,phases      ] GC(1626)   Evacuate Collection Set: 64.16ms
[678.545s][info][gc,phases      ] GC(1626)   Post Evacuate Collection Set: 0.69ms
[678.545s][info][gc,phases      ] GC(1626)   Other: 0.22ms
[678.545s][info][gc,heap        ] GC(1626) Eden regions: 436->0(422)
[678.545s][info][gc,heap        ] GC(1626) Survivor regions: 38->39(60)
[678.545s][info][gc,heap        ] GC(1626) Old regions: 408->420
[678.546s][info][gc,heap        ] GC(1626) Humongous regions: 8->8
[678.546s][info][gc,metaspace   ] GC(1626) Metaspace: 19132K(19328K)->19132K(19328K) NonClass: 16465K(16576K)->16465K(16576K) Class: 2666K(2752K)->2666K(2752K)
[678.546s][info][gc             ] GC(1626) Pause Young (Concurrent Start) (G1 Evacuation Pause) 889M->466M(978M) 66.049ms
[678.546s][info][gc,cpu         ] GC(1626) User=0.13s Sys=0.00s Real=0.07s
[678.546s][info][gc             ] GC(1627) Concurrent Mark Cycle
[678.546s][info][gc,marking     ] GC(1627) Concurrent Scan Root Regions
[678.644s][info][gc,marking     ] GC(1627) Concurrent Scan Root Regions 98.238ms
[678.644s][info][gc,marking     ] GC(1627) Concurrent Mark
[678.644s][info][gc,marking     ] GC(1627) Concurrent Mark From Roots
[678.644s][info][gc,task        ] GC(1627) Using 1 workers of 1 for marking
[679.209s][info][gc,marking     ] GC(1627) Concurrent Mark From Roots 564.783ms
[679.209s][info][gc,marking     ] GC(1627) Concurrent Preclean
[679.209s][info][gc,marking     ] GC(1627) Concurrent Preclean 0.044ms
[679.209s][info][gc,start       ] GC(1627) Pause Remark
[679.217s][info][gc             ] GC(1627) Pause Remark 651M->595M(978M) 7.963ms
[679.217s][info][gc,cpu         ] GC(1627) User=0.02s Sys=0.00s Real=0.01s
[679.217s][info][gc,marking     ] GC(1627) Concurrent Mark 573.124ms
[679.217s][info][gc,marking     ] GC(1627) Concurrent Rebuild Remembered Sets and Scrub Regions
[679.487s][info][gc,marking     ] GC(1627) Concurrent Rebuild Remembered Sets and Scrub Regions 269.807ms
[679.487s][info][gc,start       ] GC(1627) Pause Cleanup
[679.487s][info][gc             ] GC(1627) Pause Cleanup 711M->711M(978M) 0.135ms
[679.487s][info][gc,cpu         ] GC(1627) User=0.00s Sys=0.00s Real=0.00s
[679.488s][info][gc,marking     ] GC(1627) Concurrent Clear Claimed Marks
[679.488s][info][gc,marking     ] GC(1627) Concurrent Clear Claimed Marks 0.053ms
[679.488s][info][gc,marking     ] GC(1627) Concurrent Cleanup for Next Mark
[679.493s][info][gc,marking     ] GC(1627) Concurrent Cleanup for Next Mark 4.898ms
[679.493s][info][gc             ] GC(1627) Concurrent Mark Cycle 947.414ms
[679.614s][info][gc,start       ] GC(1628) Pause Young (Prepare Mixed) (G1 Evacuation Pause)
[679.614s][info][gc,task        ] GC(1628) Using 2 workers of 2 for evacuation
[679.706s][info][gc,phases      ] GC(1628)   Pre Evacuate Collection Set: 0.28ms
[679.706s][info][gc,phases      ] GC(1628)   Merge Heap Roots: 0.47ms
[679.706s][info][gc,phases      ] GC(1628)   Evacuate Collection Set: 90.24ms
[679.706s][info][gc,phases      ] GC(1628)   Post Evacuate Collection Set: 0.70ms
[679.706s][info][gc,phases      ] GC(1628)   Other: 0.12ms
[679.706s][info][gc,heap        ] GC(1628) Eden regions: 422->0(413)
[679.706s][info][gc,heap        ] GC(1628) Survivor regions: 39->58(58)
[679.706s][info][gc,heap        ] GC(1628) Old regions: 367->394
[679.706s][info][gc,heap        ] GC(1628) Humongous regions: 5->5
[679.706s][info][gc,metaspace   ] GC(1628) Metaspace: 19132K(19328K)->19132K(19328K) NonClass: 16465K(16576K)->16465K(16576K) Class: 2666K(2752K)->2666K(2752K)
[679.706s][info][gc             ] GC(1628) Pause Young (Prepare Mixed) (G1 Evacuation Pause) 832M->456M(978M) 92.031ms
[679.706s][info][gc,cpu         ] GC(1628) User=0.18s Sys=0.00s Real=0.09s
[680.012s][info][gc,start       ] GC(1629) Pause Young (Mixed) (G1 Evacuation Pause)
[680.012s][info][gc,task        ] GC(1629) Using 2 workers of 2 for evacuation
[680.265s][info][gc,mmu         ] GC(1629) MMU target violated: 201.0ms (200.0ms/201.0ms)
[680.265s][info][gc,phases      ] GC(1629)   Pre Evacuate Collection Set: 0.34ms
[680.265s][info][gc,phases      ] GC(1629)   Merge Heap Roots: 1.25ms
[680.265s][info][gc,phases      ] GC(1629)   Evacuate Collection Set: 225.15ms
[680.265s][info][gc,phases      ] GC(1629)   Post Evacuate Collection Set: 26.17ms
[680.265s][info][gc,phases      ] GC(1629)   Other: 0.14ms
[680.265s][info][gc,heap        ] GC(1629) Eden regions: 413->0(86)
[680.265s][info][gc,heap        ] GC(1629) Survivor regions: 58->59(59)
[680.265s][info][gc,heap        ] GC(1629) Old regions: 394->719
[680.265s][info][gc,heap        ] GC(1629) Humongous regions: 5->5
[680.265s][info][gc,metaspace   ] GC(1629) Metaspace: 19132K(19328K)->19132K(19328K) NonClass: 16465K(16576K)->16465K(16576K) Class: 2666K(2752K)->2666K(2752K)
[680.265s][info][gc             ] GC(1629) Pause Young (Mixed) (G1 Evacuation Pause) (Evacuation Failure: Allocation) 869M->782M(978M) 253.239ms
[680.265s][info][gc,cpu         ] GC(1629) User=0.51s Sys=0.00s Real=0.25s
[680.346s][info][gc,start       ] GC(1630) Pause Young (Mixed) (G1 Evacuation Pause)
[680.346s][info][gc,task        ] GC(1630) Using 2 workers of 2 for evacuation
[680.467s][info][gc,phases      ] GC(1630)   Pre Evacuate Collection Set: 0.49ms
[680.467s][info][gc,phases      ] GC(1630)   Merge Heap Roots: 1.09ms
[680.467s][info][gc,phases      ] GC(1630)   Evacuate Collection Set: 118.52ms
[680.467s][info][gc,phases      ] GC(1630)   Post Evacuate Collection Set: 0.84ms
[680.467s][info][gc,phases      ] GC(1630)   Other: 0.10ms
[680.467s][info][gc,heap        ] GC(1630) Eden regions: 86->0(331)
[680.467s][info][gc,heap        ] GC(1630) Survivor regions: 59->4(19)
[680.467s][info][gc,heap        ] GC(1630) Old regions: 719->505
[680.467s][info][gc,heap        ] GC(1630) Humongous regions: 5->5
[680.467s][info][gc,metaspace   ] GC(1630) Metaspace: 19132K(19328K)->19132K(19328K) NonClass: 16465K(16576K)->16465K(16576K) Class: 2666K(2752K)->2666K(2752K)
[680.467s][info][gc             ] GC(1630) Pause Young (Mixed) (G1 Evacuation Pause) 868M->513M(978M) 121.231ms
[680.467s][info][gc,cpu         ] GC(1630) User=0.24s Sys=0.00s Real=0.12s
[680.737s][info][gc,start       ] GC(1631) Pause Young (Concurrent Start) (G1 Evacuation Pause)
[680.737s][info][gc,task        ] GC(1631) Using 2 workers of 2 for evacuation
[680.781s][info][gc,phases      ] GC(1631)   Pre Evacuate Collection Set: 0.38ms
[680.781s][info][gc,phases      ] GC(1631)   Merge Heap Roots: 0.63ms
[680.781s][info][gc,phases      ] GC(1631)   Evacuate Collection Set: 41.96ms
[680.781s][info][gc,phases      ] GC(1631)   Post Evacuate Collection Set: 0.62ms
[680.781s][info][gc,phases      ] GC(1631)   Other: 0.10ms
[680.781s][info][gc,heap        ] GC(1631) Eden regions: 331->0(372)
[680.781s][info][gc,heap        ] GC(1631) Survivor regions: 4->5(42)
[680.781s][info][gc,heap        ] GC(1631) Old regions: 505->486
[680.781s][info][gc,heap        ] GC(1631) Humongous regions: 5->5
[680.781s][info][gc,metaspace   ] GC(1631) Metaspace: 19132K(19328K)->19132K(19328K) NonClass: 16465K(16576K)->16465K(16576K) Class: 2666K(2752K)->2666K(2752K)
[680.781s][info][gc             ] GC(1631) Pause Young (Concurrent Start) (G1 Evacuation Pause) 844M->495M(978M) 43.946ms
[680.781s][info][gc,cpu         ] GC(1631) User=0.09s Sys=0.00s Real=0.05s
[680.781s][info][gc             ] GC(1632) Concurrent Mark Cycle
[680.781s][info][gc,marking     ] GC(1632) Concurrent Scan Root Regions
[680.843s][info][gc,marking     ] GC(1632) Concurrent Scan Root Regions 62.374ms
[680.844s][info][gc,marking     ] GC(1632) Concurrent Mark
[680.844s][info][gc,marking     ] GC(1632) Concurrent Mark From Roots
[680.844s][info][gc,task        ] GC(1632) Using 1 workers of 1 for marking
[681.272s][info][gc,start       ] GC(1633) Pause Young (Normal) (G1 Evacuation Pause)
[681.272s][info][gc,task        ] GC(1633) Using 2 workers of 2 for evacuation
[681.291s][info][gc,phases      ] GC(1633)   Pre Evacuate Collection Set: 0.51ms
[681.291s][info][gc,phases      ] GC(1633)   Merge Heap Roots: 0.30ms
[681.291s][info][gc,phases      ] GC(1633)   Evacuate Collection Set: 18.07ms
[681.291s][info][gc,phases      ] GC(1633)   Post Evacuate Collection Set: 0.59ms
[681.291s][info][gc,phases      ] GC(1633)   Other: 0.11ms
[681.291s][info][gc,heap        ] GC(1633) Eden regions: 372->0(386)
[681.291s][info][gc,heap        ] GC(1633) Survivor regions: 5->10(48)
[681.291s][info][gc,heap        ] GC(1633) Old regions: 486->486
[681.291s][info][gc,heap        ] GC(1633) Humongous regions: 5->5
[681.291s][info][gc,metaspace   ] GC(1633) Metaspace: 19132K(19328K)->19132K(19328K) NonClass: 16465K(16576K)->16465K(16576K) Class: 2666K(2752K)->2666K(2752K)
[681.291s][info][gc             ] GC(1633) Pause Young (Normal) (G1 Evacuation Pause) 867M->499M(978M) 19.810ms
[681.291s][info][gc,cpu         ] GC(1633) User=0.04s Sys=0.00s Real=0.02s
[681.967s][info][gc,start       ] GC(1634) Pause Young (Normal) (G1 Evacuation Pause)
[681.967s][info][gc,task        ] GC(1634) Using 2 workers of 2 for evacuation
[682.028s][info][gc,phases      ] GC(1634)   Pre Evacuate Collection Set: 0.30ms
[682.028s][info][gc,phases      ] GC(1634)   Merge Heap Roots: 0.39ms
[682.028s][info][gc,phases      ] GC(1634)   Evacuate Collection Set: 59.76ms
[682.028s][info][gc,phases      ] GC(1634)   Post Evacuate Collection Set: 0.69ms
[682.028s][info][gc,phases      ] GC(1634)   Other: 0.11ms
[682.028s][info][gc,heap        ] GC(1634) Eden regions: 386->0(348)
[682.028s][info][gc,heap        ] GC(1634) Survivor regions: 10->41(50)
[682.029s][info][gc,heap        ] GC(1634) Old regions: 486->486
[682.029s][info][gc,heap        ] GC(1634) Humongous regions: 8->8
[682.029s][info][gc,metaspace   ] GC(1634) Metaspace: 19132K(19328K)->19132K(19328K) NonClass: 16465K(16576K)->16465K(16576K) Class: 2666K(2752K)->2666K(2752K)
[682.029s][info][gc             ] GC(1634) Pause Young (Normal) (G1 Evacuation Pause) 888M->533M(978M) 61.482ms
[682.029s][info][gc,cpu         ] GC(1634) User=0.12s Sys=0.00s Real=0.06s
[682.132s][info][gc,marking     ] GC(1632) Concurrent Mark From Roots 1288.024ms
[682.132s][info][gc,marking     ] GC(1632) Concurrent Preclean
[682.132s][info][gc,marking     ] GC(1632) Concurrent Preclean 0.035ms
[682.132s][info][gc,start       ] GC(1632) Pause Remark
[682.140s][info][gc             ] GC(1632) Pause Remark 544M->544M(978M) 7.827ms
[682.140s][info][gc,cpu         ] GC(1632) User=0.02s Sys=0.00s Real=0.00s
[682.140s][info][gc,marking     ] GC(1632) Concurrent Mark 1296.194ms
[682.140s][info][gc,marking     ] GC(1632) Concurrent Rebuild Remembered Sets and Scrub Regions
[682.522s][info][gc,marking     ] GC(1632) Concurrent Rebuild Remembered Sets and Scrub Regions 382.701ms
[682.523s][info][gc,start       ] GC(1632) Pause Cleanup
[682.523s][info][gc             ] GC(1632) Pause Cleanup 771M->771M(978M) 0.090ms
[682.523s][info][gc,cpu         ] GC(1632) User=0.00s Sys=0.00s Real=0.00s
[682.523s][info][gc,marking     ] GC(1632) Concurrent Clear Claimed Marks
[682.523s][info][gc,marking     ] GC(1632) Concurrent Clear Claimed Marks 0.030ms
[682.523s][info][gc,marking     ] GC(1632) Concurrent Cleanup for Next Mark
[682.526s][info][gc,marking     ] GC(1632) Concurrent Cleanup for Next Mark 2.865ms
[682.526s][info][gc             ] GC(1632) Concurrent Mark Cycle 1744.680ms
[682.668s][info][gc,start       ] GC(1635) Pause Young (Prepare Mixed) (G1 Evacuation Pause)
[682.668s][info][gc,task        ] GC(1635) Using 2 workers of 2 for evacuation
[682.772s][info][gc,phases      ] GC(1635)   Pre Evacuate Collection Set: 0.50ms
[682.772s][info][gc,phases      ] GC(1635)   Merge Heap Roots: 0.73ms
[682.772s][info][gc,phases      ] GC(1635)   Evacuate Collection Set: 101.66ms
[682.772s][info][gc,phases      ] GC(1635)   Post Evacuate Collection Set: 0.65ms
[682.772s][info][gc,phases      ] GC(1635)   Other: 0.11ms
[682.772s][info][gc,heap        ] GC(1635) Eden regions: 348->0(297)
[682.772s][info][gc,heap        ] GC(1635) Survivor regions: 41->44(49)
[682.772s][info][gc,heap        ] GC(1635) Old regions: 486->526
[682.772s][info][gc,heap        ] GC(1635) Humongous regions: 8->8
[682.772s][info][gc,metaspace   ] GC(1635) Metaspace: 19132K(19328K)->19132K(19328K) NonClass: 16465K(16576K)->16465K(16576K) Class: 2666K(2752K)->2666K(2752K)
[682.772s][info][gc             ] GC(1635) Pause Young (Prepare Mixed) (G1 Evacuation Pause) 881M->576M(978M) 103.946ms
[682.772s][info][gc,cpu         ] GC(1635) User=0.20s Sys=0.00s Real=0.11s
[683.154s][info][gc,start       ] GC(1636) Pause Young (Mixed) (G1 Evacuation Pause)
[683.154s][info][gc,task        ] GC(1636) Using 2 workers of 2 for evacuation
[683.228s][info][gc,phases      ] GC(1636)   Pre Evacuate Collection Set: 0.33ms
[683.228s][info][gc,phases      ] GC(1636)   Merge Heap Roots: 0.64ms
[683.228s][info][gc,phases      ] GC(1636)   Evacuate Collection Set: 72.61ms
[683.228s][info][gc,phases      ] GC(1636)   Post Evacuate Collection Set: 0.56ms
[683.228s][info][gc,phases      ] GC(1636)   Other: 0.08ms
[683.228s][info][gc,heap        ] GC(1636) Eden regions: 297->0(313)
[683.228s][info][gc,heap        ] GC(1636) Survivor regions: 44->6(43)
[683.228s][info][gc,heap        ] GC(1636) Old regions: 526->562
[683.228s][info][gc,heap        ] GC(1636) Humongous regions: 8->8
[683.228s][info][gc,metaspace   ] GC(1636) Metaspace: 19134K(19328K)->19134K(19328K) NonClass: 16468K(16576K)->16468K(16576K) Class: 2666K(2752K)->2666K(2752K)
[683.228s][info][gc             ] GC(1636) Pause Young (Mixed) (G1 Evacuation Pause) 873M->575M(978M) 74.484ms
[683.228s][info][gc,cpu         ] GC(1636) User=0.15s Sys=0.00s Real=0.07s
[683.565s][info][gc,start       ] GC(1637) Pause Young (Concurrent Start) (G1 Evacuation Pause)
[683.565s][info][gc,task        ] GC(1637) Using 2 workers of 2 for evacuation
[683.583s][info][gc,phases      ] GC(1637)   Pre Evacuate Collection Set: 0.32ms
[683.583s][info][gc,phases      ] GC(1637)   Merge Heap Roots: 0.19ms
[683.583s][info][gc,phases      ] GC(1637)   Evacuate Collection Set: 16.69ms
[683.583s][info][gc,phases      ] GC(1637)   Post Evacuate Collection Set: 0.54ms
[683.583s][info][gc,phases      ] GC(1637)   Other: 0.11ms
[683.583s][info][gc,heap        ] GC(1637) Eden regions: 313->0(318)
[683.583s][info][gc,heap        ] GC(1637) Survivor regions: 6->14(40)
[683.583s][info][gc,heap        ] GC(1637) Old regions: 562->562
[683.583s][info][gc,heap        ] GC(1637) Humongous regions: 8->8
[683.583s][info][gc,metaspace   ] GC(1637) Metaspace: 19134K(19328K)->19134K(19328K) NonClass: 16468K(16576K)->16468K(16576K) Class: 2666K(2752K)->2666K(2752K)
[683.583s][info][gc             ] GC(1637) Pause Young (Concurrent Start) (G1 Evacuation Pause) 888M->582M(978M) 18.093ms
[683.583s][info][gc,cpu         ] GC(1637) User=0.03s Sys=0.00s Real=0.02s
[683.583s][info][gc             ] GC(1638) Concurrent Mark Cycle
[683.583s][info][gc,marking     ] GC(1638) Concurrent Scan Root Regions
[683.610s][info][gc,marking     ] GC(1638) Concurrent Scan Root Regions 26.670ms
[683.610s][info][gc,marking     ] GC(1638) Concurrent Mark
[683.610s][info][gc,marking     ] GC(1638) Concurrent Mark From Roots
[683.610s][info][gc,task        ] GC(1638) Using 1 workers of 1 for marking
[684.789s][info][gc,start       ] GC(1639) Pause Young (Normal) (G1 Evacuation Pause)
[684.789s][info][gc,task        ] GC(1639) Using 2 workers of 2 for evacuation
[684.809s][info][gc,phases      ] GC(1639)   Pre Evacuate Collection Set: 0.55ms
[684.809s][info][gc,phases      ] GC(1639)   Merge Heap Roots: 0.30ms
[684.809s][info][gc,phases      ] GC(1639)   Evacuate Collection Set: 18.72ms
[684.809s][info][gc,phases      ] GC(1639)   Post Evacuate Collection Set: 0.51ms
[684.809s][info][gc,phases      ] GC(1639)   Other: 0.10ms
[684.809s][info][gc,heap        ] GC(1639) Eden regions: 318->0(328)
[684.809s][info][gc,heap        ] GC(1639) Survivor regions: 14->15(42)
[684.809s][info][gc,heap        ] GC(1639) Old regions: 562->562
[684.809s][info][gc,heap        ] GC(1639) Humongous regions: 8->8
[684.809s][info][gc,metaspace   ] GC(1639) Metaspace: 19134K(19328K)->19134K(19328K) NonClass: 16468K(16576K)->16468K(16576K) Class: 2666K(2752K)->2666K(2752K)
[684.809s][info][gc             ] GC(1639) Pause Young (Normal) (G1 Evacuation Pause) 900M->583M(978M) 20.420ms
[684.809s][info][gc,cpu         ] GC(1639) User=0.04s Sys=0.00s Real=0.02s
[685.258s][info][gc,marking     ] GC(1638) Concurrent Mark From Roots 1647.671ms
[685.258s][info][gc,marking     ] GC(1638) Concurrent Preclean
[685.258s][info][gc,marking     ] GC(1638) Concurrent Preclean 0.041ms
[685.258s][info][gc,start       ] GC(1638) Pause Remark
[685.266s][info][gc             ] GC(1638) Pause Remark 661M->660M(978M) 8.029ms
[685.266s][info][gc,cpu         ] GC(1638) User=0.02s Sys=0.00s Real=0.01s
[685.266s][info][gc,marking     ] GC(1638) Concurrent Mark 1656.071ms
[685.266s][info][gc,marking     ] GC(1638) Concurrent Rebuild Remembered Sets and Scrub Regions
[685.796s][info][gc,marking     ] GC(1638) Concurrent Rebuild Remembered Sets and Scrub Regions 529.470ms
[685.796s][info][gc,start       ] GC(1638) Pause Cleanup
