[0.002s][info][metaspace]  - commit_granule_bytes: 65536.
[0.002s][info][metaspace]  - commit_granule_words: 8192.
[0.002s][info][metaspace]  - virtual_space_node_default_size: 8388608.
[0.002s][info][metaspace]  - enlarge_chunks_in_place: 1.
[0.004s][info][gc,init  ] CardTable entry size: 512
[0.008s][info][gc       ] Using G1
[0.011s][info][gc,init  ] Version: 24-internal-adhoc.root.jdk (release)
[0.011s][info][gc,init  ] CPUs: 2 total, 2 available
[0.011s][info][gc,init  ] Memory: 3908M
[0.011s][info][gc,init  ] Large Page Support: Disabled
[0.011s][info][gc,init  ] NUMA Support: Disabled
[0.011s][info][gc,init  ] Compressed Oops: Enabled (32-bit)
[0.011s][info][gc,init  ] Heap Region Size: 1M
[0.011s][info][gc,init  ] Heap Min Capacity: 256M
[0.011s][info][gc,init  ] Heap Initial Capacity: 256M
[0.011s][info][gc,init  ] Heap Max Capacity: 978M
[0.011s][info][gc,init  ] Pre-touch: Disabled
[0.011s][info][gc,init  ] Parallel Workers: 2
[0.011s][info][gc,init  ] Concurrent Workers: 1
[0.011s][info][gc,init  ] Concurrent Refinement Workers: 2
[0.011s][info][gc,init  ] Periodic GC: Disabled
[0.027s][info][gc,metaspace] CDS archive(s) mapped at: [0x00007fa27a000000-0x00007fa27ae7b000-0x00007fa27ae7b000), size 15183872, SharedBaseAddress: 0x00007fa27a000000, ArchiveRelocationMode: 1.
[0.027s][info][gc,metaspace] Compressed class space mapped at: 0x00007fa27b000000-0x00007fa2bb000000, reserved size: 1073741824
[0.027s][info][gc,metaspace] UseCompressedClassPointers 1, UseCompactObjectHeaders 1
[0.027s][info][gc,metaspace] Narrow klass pointer bits 22, Max shift 10
[0.027s][info][gc,metaspace] Narrow klass base: 0x00007fa27a000000, Narrow klass shift: 10
[0.027s][info][gc,metaspace] Encoding Range: [0x00007fa27a000000 - 0x00007fa37a000000), (4294967296 bytes)
[0.027s][info][gc,metaspace] Klass Range:    [0x00007fa27a000000 - 0x00007fa2bb000000), (1090519040 bytes)
[0.027s][info][gc,metaspace] Klass ID Range:  [1 - 1064960) (1064959)
[0.338s][info][gc,start    ] GC(0) Pause Young (Normal) (G1 Evacuation Pause)
[0.338s][info][gc,task     ] GC(0) Using 2 workers of 2 for evacuation
[0.341s][info][gc,phases   ] GC(0)   Pre Evacuate Collection Set: 0.17ms
[0.341s][info][gc,phases   ] GC(0)   Merge Heap Roots: 0.09ms
[0.341s][info][gc,phases   ] GC(0)   Evacuate Collection Set: 2.67ms
[0.341s][info][gc,phases   ] GC(0)   Post Evacuate Collection Set: 0.23ms
[0.341s][info][gc,phases   ] GC(0)   Other: 0.25ms
[0.342s][info][gc,heap     ] GC(0) Eden regions: 12->0(10)
[0.342s][info][gc,heap     ] GC(0) Survivor regions: 0->2(2)
[0.342s][info][gc,heap     ] GC(0) Old regions: 2->2
[0.342s][info][gc,heap     ] GC(0) Humongous regions: 0->0
[0.342s][info][gc,metaspace] GC(0) Metaspace: 2356K(2496K)->2356K(2496K) NonClass: 2028K(2112K)->2028K(2112K) Class: 327K(384K)->327K(384K)
[0.342s][info][gc          ] GC(0) Pause Young (Normal) (G1 Evacuation Pause) 13M->2M(258M) 3.669ms
[0.342s][info][gc,cpu      ] GC(0) User=0.00s Sys=0.00s Real=0.01s
[0.383s][info][gc,start    ] GC(1) Pause Young (Normal) (G1 Evacuation Pause)
[0.383s][info][gc,task     ] GC(1) Using 2 workers of 2 for evacuation
[0.385s][info][gc,phases   ] GC(1)   Pre Evacuate Collection Set: 0.16ms
[0.385s][info][gc,phases   ] GC(1)   Merge Heap Roots: 0.03ms
[0.385s][info][gc,phases   ] GC(1)   Evacuate Collection Set: 2.20ms
[0.385s][info][gc,phases   ] GC(1)   Post Evacuate Collection Set: 0.17ms
[0.385s][info][gc,phases   ] GC(1)   Other: 0.08ms
[0.385s][info][gc,heap     ] GC(1) Eden regions: 10->0(20)
[0.385s][info][gc,heap     ] GC(1) Survivor regions: 2->1(2)
[0.385s][info][gc,heap     ] GC(1) Old regions: 2->4
[0.385s][info][gc,heap     ] GC(1) Humongous regions: 0->0
[0.385s][info][gc,metaspace] GC(1) Metaspace: 2445K(2560K)->2445K(2560K) NonClass: 2116K(2176K)->2116K(2176K) Class: 329K(384K)->329K(384K)
[0.385s][info][gc          ] GC(1) Pause Young (Normal) (G1 Evacuation Pause) 12M->2M(258M) 2.777ms
[0.385s][info][gc,cpu      ] GC(1) User=0.00s Sys=0.00s Real=0.00s
[0.443s][info][gc,start    ] GC(2) Pause Young (Normal) (G1 Evacuation Pause)
[0.443s][info][gc,task     ] GC(2) Using 2 workers of 2 for evacuation
[0.444s][info][gc,phases   ] GC(2)   Pre Evacuate Collection Set: 0.16ms
[0.444s][info][gc,phases   ] GC(2)   Merge Heap Roots: 0.04ms
[0.444s][info][gc,phases   ] GC(2)   Evacuate Collection Set: 0.28ms
[0.444s][info][gc,phases   ] GC(2)   Post Evacuate Collection Set: 0.12ms
[0.444s][info][gc,phases   ] GC(2)   Other: 0.07ms
[0.444s][info][gc,heap     ] GC(2) Eden regions: 20->0(25)
[0.444s][info][gc,heap     ] GC(2) Survivor regions: 1->1(3)
[0.444s][info][gc,heap     ] GC(2) Old regions: 4->4
[0.444s][info][gc,heap     ] GC(2) Humongous regions: 0->0
[0.444s][info][gc,metaspace] GC(2) Metaspace: 2585K(2752K)->2585K(2752K) NonClass: 2256K(2368K)->2256K(2368K) Class: 329K(384K)->329K(384K)
[0.444s][info][gc          ] GC(2) Pause Young (Normal) (G1 Evacuation Pause) 22M->2M(258M) 0.822ms
[0.444s][info][gc,cpu      ] GC(2) User=0.00s Sys=0.00s Real=0.00s
[0.835s][info][gc,start    ] GC(3) Pause Young (Normal) (G1 Evacuation Pause)
[0.835s][info][gc,task     ] GC(3) Using 2 workers of 2 for evacuation
[0.838s][info][gc,phases   ] GC(3)   Pre Evacuate Collection Set: 0.12ms
[0.838s][info][gc,phases   ] GC(3)   Merge Heap Roots: 0.04ms
[0.838s][info][gc,phases   ] GC(3)   Evacuate Collection Set: 2.22ms
[0.838s][info][gc,phases   ] GC(3)   Post Evacuate Collection Set: 0.25ms
[0.838s][info][gc,phases   ] GC(3)   Other: 0.07ms
[0.838s][info][gc,heap     ] GC(3) Eden regions: 25->0(33)
[0.838s][info][gc,heap     ] GC(3) Survivor regions: 1->2(4)
[0.838s][info][gc,heap     ] GC(3) Old regions: 4->4
[0.838s][info][gc,heap     ] GC(3) Humongous regions: 0->0
[0.838s][info][gc,metaspace] GC(3) Metaspace: 6416K(6592K)->6416K(6592K) NonClass: 5532K(5632K)->5532K(5632K) Class: 884K(960K)->884K(960K)
[0.838s][info][gc          ] GC(3) Pause Young (Normal) (G1 Evacuation Pause) 27M->4M(258M) 2.892ms
[0.838s][info][gc,cpu      ] GC(3) User=0.01s Sys=0.00s Real=0.00s
[1.004s][info][gc,start    ] GC(4) Pause Young (Normal) (G1 Evacuation Pause)
[1.004s][info][gc,task     ] GC(4) Using 2 workers of 2 for evacuation
[1.006s][info][gc,phases   ] GC(4)   Pre Evacuate Collection Set: 0.15ms
[1.006s][info][gc,phases   ] GC(4)   Merge Heap Roots: 0.03ms
[1.006s][info][gc,phases   ] GC(4)   Evacuate Collection Set: 2.19ms
[1.006s][info][gc,phases   ] GC(4)   Post Evacuate Collection Set: 0.26ms
[1.006s][info][gc,phases   ] GC(4)   Other: 0.06ms
[1.006s][info][gc,heap     ] GC(4) Eden regions: 33->0(44)
[1.006s][info][gc,heap     ] GC(4) Survivor regions: 2->2(5)
[1.006s][info][gc,heap     ] GC(4) Old regions: 4->4
[1.006s][info][gc,heap     ] GC(4) Humongous regions: 0->0
[1.007s][info][gc,metaspace] GC(4) Metaspace: 6631K(6848K)->6631K(6848K) NonClass: 5714K(5824K)->5714K(5824K) Class: 917K(1024K)->917K(1024K)
[1.007s][info][gc          ] GC(4) Pause Young (Normal) (G1 Evacuation Pause) 37M->4M(258M) 2.846ms
[1.007s][info][gc,cpu      ] GC(4) User=0.00s Sys=0.00s Real=0.00s
[1.214s][info][gc,start    ] GC(5) Pause Young (Normal) (G1 Evacuation Pause)
[1.214s][info][gc,task     ] GC(5) Using 2 workers of 2 for evacuation
[1.218s][info][gc,phases   ] GC(5)   Pre Evacuate Collection Set: 0.17ms
[1.218s][info][gc,phases   ] GC(5)   Merge Heap Roots: 0.06ms
[1.218s][info][gc,phases   ] GC(5)   Evacuate Collection Set: 2.73ms
[1.218s][info][gc,phases   ] GC(5)   Post Evacuate Collection Set: 0.26ms
[1.218s][info][gc,phases   ] GC(5)   Other: 0.07ms
[1.218s][info][gc,heap     ] GC(5) Eden regions: 44->0(57)
[1.218s][info][gc,heap     ] GC(5) Survivor regions: 2->2(6)
[1.218s][info][gc,heap     ] GC(5) Old regions: 4->4
[1.218s][info][gc,heap     ] GC(5) Humongous regions: 0->0
[1.218s][info][gc,metaspace] GC(5) Metaspace: 6959K(7104K)->6959K(7104K) NonClass: 5946K(6016K)->5946K(6016K) Class: 1012K(1088K)->1012K(1088K)
[1.218s][info][gc          ] GC(5) Pause Young (Normal) (G1 Evacuation Pause) 48M->4M(258M) 3.498ms
[1.218s][info][gc,cpu      ] GC(5) User=0.01s Sys=0.00s Real=0.00s
[1.429s][info][gc,start    ] GC(6) Pause Young (Normal) (G1 Evacuation Pause)
[1.429s][info][gc,task     ] GC(6) Using 2 workers of 2 for evacuation
[1.432s][info][gc,phases   ] GC(6)   Pre Evacuate Collection Set: 0.18ms
[1.432s][info][gc,phases   ] GC(6)   Merge Heap Roots: 0.06ms
[1.432s][info][gc,phases   ] GC(6)   Evacuate Collection Set: 2.32ms
[1.432s][info][gc,phases   ] GC(6)   Post Evacuate Collection Set: 0.31ms
[1.432s][info][gc,phases   ] GC(6)   Other: 0.09ms
[1.432s][info][gc,heap     ] GC(6) Eden regions: 57->0(73)
[1.432s][info][gc,heap     ] GC(6) Survivor regions: 2->2(8)
[1.432s][info][gc,heap     ] GC(6) Old regions: 4->4
[1.432s][info][gc,heap     ] GC(6) Humongous regions: 0->0
[1.432s][info][gc,metaspace] GC(6) Metaspace: 7453K(7680K)->7453K(7680K) NonClass: 6305K(6464K)->6305K(6464K) Class: 1148K(1216K)->1148K(1216K)
[1.432s][info][gc          ] GC(6) Pause Young (Normal) (G1 Evacuation Pause) 61M->4M(258M) 3.138ms
[1.432s][info][gc,cpu      ] GC(6) User=0.00s Sys=0.00s Real=0.01s
[1.679s][info][gc,start    ] GC(7) Pause Young (Normal) (G1 Evacuation Pause)
[1.679s][info][gc,task     ] GC(7) Using 2 workers of 2 for evacuation
[1.682s][info][gc,phases   ] GC(7)   Pre Evacuate Collection Set: 0.15ms
[1.682s][info][gc,phases   ] GC(7)   Merge Heap Roots: 0.04ms
[1.682s][info][gc,phases   ] GC(7)   Evacuate Collection Set: 2.70ms
[1.682s][info][gc,phases   ] GC(7)   Post Evacuate Collection Set: 0.32ms
[1.682s][info][gc,phases   ] GC(7)   Other: 0.08ms
[1.682s][info][gc,heap     ] GC(7) Eden regions: 73->0(93)
[1.682s][info][gc,heap     ] GC(7) Survivor regions: 2->3(10)
[1.682s][info][gc,heap     ] GC(7) Old regions: 4->4
[1.682s][info][gc,heap     ] GC(7) Humongous regions: 0->0
[1.682s][info][gc,metaspace] GC(7) Metaspace: 7773K(7936K)->7773K(7936K) NonClass: 6559K(6656K)->6559K(6656K) Class: 1214K(1280K)->1214K(1280K)
[1.682s][info][gc          ] GC(7) Pause Young (Normal) (G1 Evacuation Pause) 77M->4M(258M) 3.468ms
[1.682s][info][gc,cpu      ] GC(7) User=0.01s Sys=0.00s Real=0.01s
[2.011s][info][gc,start    ] GC(8) Pause Young (Normal) (G1 Evacuation Pause)
[2.011s][info][gc,task     ] GC(8) Using 2 workers of 2 for evacuation
[2.015s][info][gc,phases   ] GC(8)   Pre Evacuate Collection Set: 0.16ms
[2.015s][info][gc,phases   ] GC(8)   Merge Heap Roots: 0.04ms
[2.015s][info][gc,phases   ] GC(8)   Evacuate Collection Set: 3.18ms
[2.015s][info][gc,phases   ] GC(8)   Post Evacuate Collection Set: 0.36ms
[2.015s][info][gc,phases   ] GC(8)   Other: 0.09ms
[2.015s][info][gc,heap     ] GC(8) Eden regions: 93->0(118)
[2.015s][info][gc,heap     ] GC(8) Survivor regions: 3->2(12)
[2.015s][info][gc,heap     ] GC(8) Old regions: 4->4
[2.015s][info][gc,heap     ] GC(8) Humongous regions: 0->0
[2.015s][info][gc,metaspace] GC(8) Metaspace: 8028K(8256K)->8028K(8256K) NonClass: 6721K(6848K)->6721K(6848K) Class: 1307K(1408K)->1307K(1408K)
[2.015s][info][gc          ] GC(8) Pause Young (Normal) (G1 Evacuation Pause) 97M->4M(258M) 4.007ms
[2.015s][info][gc,cpu      ] GC(8) User=0.01s Sys=0.00s Real=0.00s
[2.650s][info][gc,start    ] GC(9) Pause Young (Normal) (G1 Evacuation Pause)
[2.650s][info][gc,task     ] GC(9) Using 2 workers of 2 for evacuation
[2.693s][info][gc,phases   ] GC(9)   Pre Evacuate Collection Set: 0.15ms
[2.693s][info][gc,phases   ] GC(9)   Merge Heap Roots: 0.04ms
[2.693s][info][gc,phases   ] GC(9)   Evacuate Collection Set: 41.85ms
[2.693s][info][gc,phases   ] GC(9)   Post Evacuate Collection Set: 0.77ms
[2.693s][info][gc,phases   ] GC(9)   Other: 0.09ms
[2.693s][info][gc,heap     ] GC(9) Eden regions: 118->0(101)
[2.693s][info][gc,heap     ] GC(9) Survivor regions: 2->15(15)
[2.693s][info][gc,heap     ] GC(9) Old regions: 4->18
[2.693s][info][gc,heap     ] GC(9) Humongous regions: 0->0
[2.693s][info][gc,metaspace] GC(9) Metaspace: 10573K(10688K)->10573K(10688K) NonClass: 8822K(8896K)->8822K(8896K) Class: 1751K(1792K)->1751K(1792K)
[2.693s][info][gc          ] GC(9) Pause Young (Normal) (G1 Evacuation Pause) 122M->31M(258M) 43.113ms
[2.693s][info][gc,cpu      ] GC(9) User=0.06s Sys=0.03s Real=0.05s
[3.032s][info][gc,start    ] GC(10) Pause Young (Normal) (G1 Evacuation Pause)
[3.032s][info][gc,task     ] GC(10) Using 2 workers of 2 for evacuation
[3.120s][info][gc,phases   ] GC(10)   Pre Evacuate Collection Set: 0.15ms
[3.120s][info][gc,phases   ] GC(10)   Merge Heap Roots: 0.27ms
[3.120s][info][gc,phases   ] GC(10)   Evacuate Collection Set: 86.83ms
[3.120s][info][gc,phases   ] GC(10)   Post Evacuate Collection Set: 0.93ms
[3.120s][info][gc,phases   ] GC(10)   Other: 0.11ms
[3.120s][info][gc,heap     ] GC(10) Eden regions: 101->0(1)
[3.120s][info][gc,heap     ] GC(10) Survivor regions: 15->15(15)
[3.120s][info][gc,heap     ] GC(10) Old regions: 18->61
[3.120s][info][gc,heap     ] GC(10) Humongous regions: 0->0
[3.120s][info][gc,metaspace] GC(10) Metaspace: 13734K(13952K)->13734K(13952K) NonClass: 11437K(11520K)->11437K(11520K) Class: 2297K(2432K)->2297K(2432K)
[3.121s][info][gc          ] GC(10) Pause Young (Normal) (G1 Evacuation Pause) 132M->75M(258M) 88.501ms
[3.121s][info][gc,cpu      ] GC(10) User=0.15s Sys=0.03s Real=0.09s
[3.127s][info][gc,start    ] GC(11) Pause Young (Normal) (G1 Evacuation Pause)
[3.127s][info][gc,task     ] GC(11) Using 2 workers of 2 for evacuation
[3.160s][info][gc,phases   ] GC(11)   Pre Evacuate Collection Set: 0.16ms
[3.160s][info][gc,phases   ] GC(11)   Merge Heap Roots: 0.53ms
[3.160s][info][gc,phases   ] GC(11)   Evacuate Collection Set: 31.59ms
[3.160s][info][gc,phases   ] GC(11)   Post Evacuate Collection Set: 0.27ms
[3.160s][info][gc,phases   ] GC(11)   Other: 0.08ms
[3.160s][info][gc,heap     ] GC(11) Eden regions: 1->0(11)
[3.160s][info][gc,heap     ] GC(11) Survivor regions: 15->1(2)
[3.160s][info][gc,heap     ] GC(11) Old regions: 61->77
[3.160s][info][gc,heap     ] GC(11) Humongous regions: 0->0
[3.160s][info][gc,metaspace] GC(11) Metaspace: 13740K(13952K)->13740K(13952K) NonClass: 11442K(11520K)->11442K(11520K) Class: 2298K(2432K)->2298K(2432K)
[3.160s][info][gc          ] GC(11) Pause Young (Normal) (G1 Evacuation Pause) 76M->76M(258M) 32.815ms
[3.160s][info][gc,cpu      ] GC(11) User=0.05s Sys=0.01s Real=0.03s
[3.530s][info][gc,start    ] GC(12) Pause Young (Normal) (G1 Evacuation Pause)
[3.530s][info][gc,task     ] GC(12) Using 2 workers of 2 for evacuation
[3.592s][info][gc,phases   ] GC(12)   Pre Evacuate Collection Set: 0.15ms
[3.592s][info][gc,phases   ] GC(12)   Merge Heap Roots: 0.04ms
[3.592s][info][gc,phases   ] GC(12)   Evacuate Collection Set: 60.14ms
[3.592s][info][gc,phases   ] GC(12)   Post Evacuate Collection Set: 1.27ms
[3.592s][info][gc,phases   ] GC(12)   Other: 0.08ms
[3.592s][info][gc,heap     ] GC(12) Eden regions: 100->0(2)
[3.592s][info][gc,heap     ] GC(12) Survivor regions: 1->13(13)
[3.592s][info][gc,heap     ] GC(12) Old regions: 77->110
[3.592s][info][gc,heap     ] GC(12) Humongous regions: 0->0
[3.592s][info][gc,metaspace] GC(12) Metaspace: 14351K(14592K)->14351K(14592K) NonClass: 11970K(12096K)->11970K(12096K) Class: 2380K(2496K)->2380K(2496K)
[3.592s][info][gc          ] GC(12) Pause Young (Normal) (G1 Evacuation Pause) 176M->121M(306M) 61.910ms
[3.592s][info][gc,cpu      ] GC(12) User=0.10s Sys=0.03s Real=0.06s
[3.619s][info][gc,start    ] GC(13) Pause Young (Normal) (G1 Evacuation Pause)
[3.619s][info][gc,task     ] GC(13) Using 2 workers of 2 for evacuation
[3.654s][info][gc,phases   ] GC(13)   Pre Evacuate Collection Set: 0.19ms
[3.654s][info][gc,phases   ] GC(13)   Merge Heap Roots: 0.53ms
[3.654s][info][gc,phases   ] GC(13)   Evacuate Collection Set: 33.50ms
[3.654s][info][gc,phases   ] GC(13)   Post Evacuate Collection Set: 0.22ms
[3.654s][info][gc,phases   ] GC(13)   Other: 0.09ms
[3.654s][info][gc,heap     ] GC(13) Eden regions: 2->0(14)
[3.654s][info][gc,heap     ] GC(13) Survivor regions: 13->1(2)
[3.654s][info][gc,heap     ] GC(13) Old regions: 110->123
[3.654s][info][gc,heap     ] GC(13) Humongous regions: 0->0
[3.654s][info][gc,metaspace] GC(13) Metaspace: 14521K(14720K)->14521K(14720K) NonClass: 12115K(12224K)->12115K(12224K) Class: 2406K(2496K)->2406K(2496K)
[3.654s][info][gc          ] GC(13) Pause Young (Normal) (G1 Evacuation Pause) 123M->123M(306M) 34.727ms
[3.654s][info][gc,cpu      ] GC(13) User=0.06s Sys=0.01s Real=0.04s
[4.582s][info][gc,start    ] GC(14) Pause Young (Normal) (G1 Evacuation Pause)
[4.582s][info][gc,task     ] GC(14) Using 2 workers of 2 for evacuation
[4.599s][info][gc,phases   ] GC(14)   Pre Evacuate Collection Set: 0.16ms
[4.599s][info][gc,phases   ] GC(14)   Merge Heap Roots: 0.20ms
[4.599s][info][gc,phases   ] GC(14)   Evacuate Collection Set: 16.46ms
[4.599s][info][gc,phases   ] GC(14)   Post Evacuate Collection Set: 0.37ms
[4.599s][info][gc,phases   ] GC(14)   Other: 0.08ms
[4.599s][info][gc,heap     ] GC(14) Eden regions: 79->0(6)
[4.599s][info][gc,heap     ] GC(14) Survivor regions: 1->9(10)
[4.599s][info][gc,heap     ] GC(14) Old regions: 123->123
[4.599s][info][gc,heap     ] GC(14) Humongous regions: 0->0
[4.599s][info][gc,metaspace] GC(14) Metaspace: 15500K(15680K)->15500K(15680K) NonClass: 13017K(13120K)->13017K(13120K) Class: 2483K(2560K)->2483K(2560K)
[4.599s][info][gc          ] GC(14) Pause Young (Normal) (G1 Evacuation Pause) 202M->131M(306M) 17.472ms
[4.599s][info][gc,cpu      ] GC(14) User=0.03s Sys=0.00s Real=0.01s
[4.672s][info][gc,start    ] GC(15) Pause Young (Normal) (G1 Evacuation Pause)
[4.672s][info][gc,task     ] GC(15) Using 2 workers of 2 for evacuation
[4.691s][info][gc,phases   ] GC(15)   Pre Evacuate Collection Set: 0.15ms
[4.691s][info][gc,phases   ] GC(15)   Merge Heap Roots: 0.25ms
[4.691s][info][gc,phases   ] GC(15)   Evacuate Collection Set: 18.24ms
[4.691s][info][gc,phases   ] GC(15)   Post Evacuate Collection Set: 0.26ms
[4.691s][info][gc,phases   ] GC(15)   Other: 0.08ms
[4.691s][info][gc,heap     ] GC(15) Eden regions: 6->0(14)
[4.691s][info][gc,heap     ] GC(15) Survivor regions: 9->1(2)
[4.691s][info][gc,heap     ] GC(15) Old regions: 123->132
[4.691s][info][gc,heap     ] GC(15) Humongous regions: 0->0
[4.691s][info][gc,metaspace] GC(15) Metaspace: 15552K(15744K)->15552K(15744K) NonClass: 13069K(13184K)->13069K(13184K) Class: 2483K(2560K)->2483K(2560K)
[4.691s][info][gc          ] GC(15) Pause Young (Normal) (G1 Evacuation Pause) 137M->131M(306M) 19.195ms
[4.691s][info][gc,cpu      ] GC(15) User=0.04s Sys=0.00s Real=0.02s
[4.822s][info][gc,start    ] GC(16) Pause Young (Normal) (G1 Evacuation Pause)
[4.822s][info][gc,task     ] GC(16) Using 2 workers of 2 for evacuation
[4.836s][info][gc,phases   ] GC(16)   Pre Evacuate Collection Set: 0.16ms
[4.836s][info][gc,phases   ] GC(16)   Merge Heap Roots: 0.34ms
[4.836s][info][gc,phases   ] GC(16)   Evacuate Collection Set: 13.56ms
[4.836s][info][gc,phases   ] GC(16)   Post Evacuate Collection Set: 0.34ms
[4.836s][info][gc,phases   ] GC(16)   Other: 0.10ms
[4.836s][info][gc,heap     ] GC(16) Eden regions: 14->0(32)
[4.836s][info][gc,heap     ] GC(16) Survivor regions: 1->2(2)
[4.836s][info][gc,heap     ] GC(16) Old regions: 132->132
[4.836s][info][gc,heap     ] GC(16) Humongous regions: 0->0
[4.836s][info][gc,metaspace] GC(16) Metaspace: 15737K(15936K)->15737K(15936K) NonClass: 13230K(13312K)->13230K(13312K) Class: 2507K(2624K)->2507K(2624K)
[4.837s][info][gc          ] GC(16) Pause Young (Normal) (G1 Evacuation Pause) 145M->131M(306M) 14.686ms
[4.837s][info][gc,cpu      ] GC(16) User=0.02s Sys=0.00s Real=0.01s
[4.944s][info][gc,start    ] GC(17) Pause Young (Normal) (G1 Evacuation Pause)
[4.944s][info][gc,task     ] GC(17) Using 2 workers of 2 for evacuation
[4.967s][info][gc,phases   ] GC(17)   Pre Evacuate Collection Set: 0.17ms
[4.967s][info][gc,phases   ] GC(17)   Merge Heap Roots: 0.44ms
[4.967s][info][gc,phases   ] GC(17)   Evacuate Collection Set: 18.87ms
[4.967s][info][gc,phases   ] GC(17)   Post Evacuate Collection Set: 2.94ms
[4.967s][info][gc,phases   ] GC(17)   Other: 0.07ms
[4.967s][info][gc,heap     ] GC(17) Eden regions: 13->0(23)
[4.967s][info][gc,heap     ] GC(17) Survivor regions: 2->2(2)
[4.967s][info][gc,heap     ] GC(17) Old regions: 132->132
[4.967s][info][gc,heap     ] GC(17) Humongous regions: 0->0
[4.967s][info][gc,metaspace] GC(17) Metaspace: 16074K(16256K)->16074K(16256K) NonClass: 13545K(13632K)->13545K(13632K) Class: 2529K(2624K)->2529K(2624K)
[4.967s][info][gc          ] GC(17) Pause Young (Normal) (G1 Evacuation Pause) 144M->132M(518M) 22.686ms
[4.967s][info][gc,cpu      ] GC(17) User=0.04s Sys=0.00s Real=0.02s
[5.216s][info][gc,start    ] GC(18) Pause Young (Normal) (G1 Evacuation Pause)
[5.216s][info][gc,task     ] GC(18) Using 2 workers of 2 for evacuation
[5.240s][info][gc,phases   ] GC(18)   Pre Evacuate Collection Set: 0.27ms
[5.240s][info][gc,phases   ] GC(18)   Merge Heap Roots: 0.55ms
[5.240s][info][gc,phases   ] GC(18)   Evacuate Collection Set: 21.88ms
[5.240s][info][gc,phases   ] GC(18)   Post Evacuate Collection Set: 0.49ms
[5.240s][info][gc,phases   ] GC(18)   Other: 0.09ms
[5.240s][info][gc,heap     ] GC(18) Eden regions: 23->0(57)
[5.240s][info][gc,heap     ] GC(18) Survivor regions: 2->3(4)
[5.240s][info][gc,heap     ] GC(18) Old regions: 132->132
[5.240s][info][gc,heap     ] GC(18) Humongous regions: 0->0
[5.240s][info][gc,metaspace] GC(18) Metaspace: 16540K(16704K)->16540K(16704K) NonClass: 13964K(14080K)->13964K(14080K) Class: 2576K(2624K)->2576K(2624K)
[5.240s][info][gc          ] GC(18) Pause Young (Normal) (G1 Evacuation Pause) 155M->133M(518M) 23.481ms
[5.240s][info][gc,cpu      ] GC(18) User=0.04s Sys=0.01s Real=0.02s
[5.292s][info][gc,start    ] GC(19) Pause Young (Normal) (G1 Evacuation Pause)
[5.292s][info][gc,task     ] GC(19) Using 2 workers of 2 for evacuation
[5.331s][info][gc,phases   ] GC(19)   Pre Evacuate Collection Set: 0.25ms
[5.331s][info][gc,phases   ] GC(19)   Merge Heap Roots: 0.73ms
[5.331s][info][gc,phases   ] GC(19)   Evacuate Collection Set: 36.83ms
[5.331s][info][gc,phases   ] GC(19)   Post Evacuate Collection Set: 0.38ms
[5.331s][info][gc,phases   ] GC(19)   Other: 0.07ms
[5.331s][info][gc,heap     ] GC(19) Eden regions: 22->0(120)
[5.331s][info][gc,heap     ] GC(19) Survivor regions: 3->4(4)
[5.331s][info][gc,heap     ] GC(19) Old regions: 132->138
[5.331s][info][gc,heap     ] GC(19) Humongous regions: 0->0
[5.331s][info][gc,metaspace] GC(19) Metaspace: 16565K(16704K)->16565K(16704K) NonClass: 13987K(14080K)->13987K(14080K) Class: 2578K(2624K)->2578K(2624K)
[5.331s][info][gc          ] GC(19) Pause Young (Normal) (G1 Evacuation Pause) 155M->140M(518M) 38.483ms
[5.331s][info][gc,cpu      ] GC(19) User=0.07s Sys=0.00s Real=0.04s
[6.295s][info][gc,start    ] GC(20) Pause Young (Normal) (G1 Evacuation Pause)
[6.295s][info][gc,task     ] GC(20) Using 2 workers of 2 for evacuation
[6.395s][info][gc,phases   ] GC(20)   Pre Evacuate Collection Set: 0.25ms
[6.395s][info][gc,phases   ] GC(20)   Merge Heap Roots: 0.27ms
[6.395s][info][gc,phases   ] GC(20)   Evacuate Collection Set: 98.13ms
[6.395s][info][gc,phases   ] GC(20)   Post Evacuate Collection Set: 0.70ms
[6.395s][info][gc,phases   ] GC(20)   Other: 0.16ms
[6.395s][info][gc,heap     ] GC(20) Eden regions: 285->0(95)
[6.395s][info][gc,heap     ] GC(20) Survivor regions: 4->37(37)
[6.395s][info][gc,heap     ] GC(20) Old regions: 138->175
[6.395s][info][gc,heap     ] GC(20) Humongous regions: 4->4
[6.395s][info][gc,metaspace] GC(20) Metaspace: 16685K(16832K)->16685K(16832K) NonClass: 14105K(14208K)->14105K(14208K) Class: 2580K(2624K)->2580K(2624K)
[6.395s][info][gc          ] GC(20) Pause Young (Normal) (G1 Evacuation Pause) 429M->215M(518M) 99.757ms
[6.395s][info][gc,cpu      ] GC(20) User=0.20s Sys=0.00s Real=0.10s
[6.628s][info][gc,start    ] GC(21) Pause Young (Normal) (G1 Evacuation Pause)
[6.628s][info][gc,task     ] GC(21) Using 2 workers of 2 for evacuation
[6.703s][info][gc,phases   ] GC(21)   Pre Evacuate Collection Set: 0.27ms
[6.703s][info][gc,phases   ] GC(21)   Merge Heap Roots: 0.55ms
[6.703s][info][gc,phases   ] GC(21)   Evacuate Collection Set: 72.47ms
[6.703s][info][gc,phases   ] GC(21)   Post Evacuate Collection Set: 1.44ms
[6.703s][info][gc,phases   ] GC(21)   Other: 0.11ms
[6.703s][info][gc,heap     ] GC(21) Eden regions: 131->0(220)
[6.703s][info][gc,heap     ] GC(21) Survivor regions: 37->7(21)
[6.703s][info][gc,heap     ] GC(21) Old regions: 175->213
[6.703s][info][gc,heap     ] GC(21) Humongous regions: 4->4
[6.703s][info][gc,metaspace] GC(21) Metaspace: 16718K(16896K)->16718K(16896K) NonClass: 14138K(14272K)->14138K(14272K) Class: 2580K(2624K)->2580K(2624K)
[6.703s][info][gc          ] GC(21) Pause Young (Normal) (G1 Evacuation Pause) 346M->222M(611M) 75.086ms
[6.703s][info][gc,cpu      ] GC(21) User=0.15s Sys=0.00s Real=0.08s
[7.147s][info][gc,start    ] GC(22) Pause Young (Normal) (G1 Evacuation Pause)
[7.147s][info][gc,task     ] GC(22) Using 2 workers of 2 for evacuation
[7.165s][info][gc,phases   ] GC(22)   Pre Evacuate Collection Set: 0.30ms
[7.165s][info][gc,phases   ] GC(22)   Merge Heap Roots: 0.18ms
[7.165s][info][gc,phases   ] GC(22)   Evacuate Collection Set: 16.81ms
[7.165s][info][gc,phases   ] GC(22)   Post Evacuate Collection Set: 0.44ms
[7.165s][info][gc,phases   ] GC(22)   Other: 0.12ms
[7.165s][info][gc,heap     ] GC(22) Eden regions: 244->0(260)
[7.165s][info][gc,heap     ] GC(22) Survivor regions: 7->13(32)
[7.165s][info][gc,heap     ] GC(22) Old regions: 213->213
[7.165s][info][gc,heap     ] GC(22) Humongous regions: 4->4
[7.165s][info][gc,metaspace] GC(22) Metaspace: 16783K(16960K)->16783K(16960K) NonClass: 14203K(14336K)->14203K(14336K) Class: 2580K(2624K)->2580K(2624K)
[7.165s][info][gc          ] GC(22) Pause Young (Normal) (G1 Evacuation Pause) 466M->228M(611M) 18.013ms
[7.165s][info][gc,cpu      ] GC(22) User=0.04s Sys=0.00s Real=0.02s
[7.724s][info][gc,start    ] GC(23) Pause Young (Normal) (G1 Evacuation Pause)
[7.724s][info][gc,task     ] GC(23) Using 2 workers of 2 for evacuation
[7.750s][info][gc,phases   ] GC(23)   Pre Evacuate Collection Set: 0.30ms
[7.750s][info][gc,phases   ] GC(23)   Merge Heap Roots: 0.20ms
[7.750s][info][gc,phases   ] GC(23)   Evacuate Collection Set: 24.40ms
[7.750s][info][gc,phases   ] GC(23)   Post Evacuate Collection Set: 0.46ms
[7.750s][info][gc,phases   ] GC(23)   Other: 0.09ms
[7.750s][info][gc,heap     ] GC(23) Eden regions: 260->0(274)
[7.750s][info][gc,heap     ] GC(23) Survivor regions: 13->15(35)
[7.750s][info][gc,heap     ] GC(23) Old regions: 213->213
[7.750s][info][gc,heap     ] GC(23) Humongous regions: 4->4
[7.750s][info][gc,metaspace] GC(23) Metaspace: 16897K(17088K)->16897K(17088K) NonClass: 14314K(14464K)->14314K(14464K) Class: 2582K(2624K)->2582K(2624K)
[7.750s][info][gc          ] GC(23) Pause Young (Normal) (G1 Evacuation Pause) 488M->230M(611M) 25.659ms
[7.750s][info][gc,cpu      ] GC(23) User=0.05s Sys=0.00s Real=0.02s
[8.371s][info][gc,start    ] GC(24) Pause Young (Normal) (G1 Evacuation Pause)
[8.371s][info][gc,task     ] GC(24) Using 2 workers of 2 for evacuation
[8.441s][info][gc,phases   ] GC(24)   Pre Evacuate Collection Set: 0.23ms
[8.441s][info][gc,phases   ] GC(24)   Merge Heap Roots: 0.23ms
[8.441s][info][gc,phases   ] GC(24)   Evacuate Collection Set: 68.38ms
[8.441s][info][gc,phases   ] GC(24)   Post Evacuate Collection Set: 0.62ms
[8.441s][info][gc,phases   ] GC(24)   Other: 0.07ms
[8.441s][info][gc,heap     ] GC(24) Eden regions: 274->0(223)
[8.441s][info][gc,heap     ] GC(24) Survivor regions: 15->37(37)
[8.441s][info][gc,heap     ] GC(24) Old regions: 213->242
[8.441s][info][gc,heap     ] GC(24) Humongous regions: 4->4
[8.441s][info][gc,metaspace] GC(24) Metaspace: 16996K(17216K)->16996K(17216K) NonClass: 14408K(14528K)->14408K(14528K) Class: 2587K(2688K)->2587K(2688K)
[8.441s][info][gc          ] GC(24) Pause Young (Normal) (G1 Evacuation Pause) 504M->282M(611M) 69.755ms
[8.441s][info][gc,cpu      ] GC(24) User=0.14s Sys=0.00s Real=0.07s
[9.145s][info][gc,start    ] GC(25) Pause Young (Normal) (G1 Evacuation Pause)
[9.145s][info][gc,task     ] GC(25) Using 2 workers of 2 for evacuation
[9.219s][info][gc,phases   ] GC(25)   Pre Evacuate Collection Set: 0.23ms
[9.219s][info][gc,phases   ] GC(25)   Merge Heap Roots: 0.40ms
[9.219s][info][gc,phases   ] GC(25)   Evacuate Collection Set: 72.00ms
[9.219s][info][gc,phases   ] GC(25)   Post Evacuate Collection Set: 0.50ms
[9.219s][info][gc,phases   ] GC(25)   Other: 0.08ms
[9.219s][info][gc,heap     ] GC(25) Eden regions: 223->0(210)
[9.219s][info][gc,heap     ] GC(25) Survivor regions: 37->24(33)
[9.219s][info][gc,heap     ] GC(25) Old regions: 242->280
[9.219s][info][gc,heap     ] GC(25) Humongous regions: 5->5
[9.219s][info][gc,metaspace] GC(25) Metaspace: 17012K(17216K)->17012K(17216K) NonClass: 14424K(14528K)->14424K(14528K) Class: 2588K(2688K)->2588K(2688K)
[9.219s][info][gc          ] GC(25) Pause Young (Normal) (G1 Evacuation Pause) 506M->307M(611M) 73.504ms
[9.219s][info][gc,cpu      ] GC(25) User=0.15s Sys=0.00s Real=0.07s
[9.747s][info][gc,start    ] GC(26) Pause Young (Concurrent Start) (G1 Evacuation Pause)
[9.747s][info][gc,task     ] GC(26) Using 2 workers of 2 for evacuation
[9.782s][info][gc,phases   ] GC(26)   Pre Evacuate Collection Set: 0.23ms
[9.782s][info][gc,phases   ] GC(26)   Merge Heap Roots: 0.26ms
[9.782s][info][gc,phases   ] GC(26)   Evacuate Collection Set: 34.19ms
[9.782s][info][gc,phases   ] GC(26)   Post Evacuate Collection Set: 0.39ms
[9.782s][info][gc,phases   ] GC(26)   Other: 0.17ms
[9.782s][info][gc,heap     ] GC(26) Eden regions: 210->0(220)
[9.782s][info][gc,heap     ] GC(26) Survivor regions: 24->3(30)
[9.782s][info][gc,heap     ] GC(26) Old regions: 280->304
[9.782s][info][gc,heap     ] GC(26) Humongous regions: 5->5
[9.782s][info][gc,metaspace] GC(26) Metaspace: 17021K(17280K)->17021K(17280K) NonClass: 14433K(14592K)->14433K(14592K) Class: 2588K(2688K)->2588K(2688K)
[9.783s][info][gc          ] GC(26) Pause Young (Concurrent Start) (G1 Evacuation Pause) 517M->310M(611M) 35.421ms
[9.783s][info][gc,cpu      ] GC(26) User=0.07s Sys=0.00s Real=0.04s
[9.783s][info][gc          ] GC(27) Concurrent Mark Cycle
[9.783s][info][gc,marking  ] GC(27) Concurrent Scan Root Regions
[9.857s][info][gc,marking  ] GC(27) Concurrent Scan Root Regions 74.721ms
[9.857s][info][gc,marking  ] GC(27) Concurrent Mark
[9.857s][info][gc,marking  ] GC(27) Concurrent Mark From Roots
[9.857s][info][gc,task     ] GC(27) Using 1 workers of 1 for marking
[10.624s][info][gc,marking  ] GC(27) Concurrent Mark From Roots 766.785ms
[10.624s][info][gc,marking  ] GC(27) Concurrent Preclean
[10.624s][info][gc,marking  ] GC(27) Concurrent Preclean 0.050ms
[10.624s][info][gc,start    ] GC(27) Pause Remark
[10.633s][info][gc          ] GC(27) Pause Remark 494M->445M(611M) 8.159ms
[10.633s][info][gc,cpu      ] GC(27) User=0.01s Sys=0.00s Real=0.01s
[10.633s][info][gc,marking  ] GC(27) Concurrent Mark 775.666ms
[10.633s][info][gc,marking  ] GC(27) Concurrent Rebuild Remembered Sets and Scrub Regions
[10.668s][info][gc,start    ] GC(28) Pause Young (Normal) (G1 Evacuation Pause)
[10.668s][info][gc,task     ] GC(28) Using 2 workers of 2 for evacuation
[10.699s][info][gc,phases   ] GC(28)   Pre Evacuate Collection Set: 0.20ms
[10.699s][info][gc,phases   ] GC(28)   Merge Heap Roots: 0.17ms
[10.699s][info][gc,phases   ] GC(28)   Evacuate Collection Set: 30.67ms
[10.699s][info][gc,phases   ] GC(28)   Post Evacuate Collection Set: 0.38ms
[10.699s][info][gc,phases   ] GC(28)   Other: 0.07ms
[10.699s][info][gc,heap     ] GC(28) Eden regions: 220->0(230)
[10.699s][info][gc,heap     ] GC(28) Survivor regions: 3->28(28)
[10.699s][info][gc,heap     ] GC(28) Old regions: 257->258
[10.699s][info][gc,heap     ] GC(28) Humongous regions: 3->3
[10.699s][info][gc,metaspace] GC(28) Metaspace: 17029K(17280K)->17029K(17280K) NonClass: 14441K(14592K)->14441K(14592K) Class: 2588K(2688K)->2588K(2688K)
[10.699s][info][gc          ] GC(28) Pause Young (Normal) (G1 Evacuation Pause) 481M->287M(611M) 31.674ms
[10.699s][info][gc,cpu      ] GC(28) User=0.06s Sys=0.00s Real=0.03s
[10.931s][info][gc,marking  ] GC(27) Concurrent Rebuild Remembered Sets and Scrub Regions 298.206ms
[10.931s][info][gc,start    ] GC(27) Pause Cleanup
[10.932s][info][gc          ] GC(27) Pause Cleanup 380M->380M(611M) 0.073ms
[10.932s][info][gc,cpu      ] GC(27) User=0.00s Sys=0.00s Real=0.00s
[10.933s][info][gc,marking  ] GC(27) Concurrent Clear Claimed Marks
[10.933s][info][gc,marking  ] GC(27) Concurrent Clear Claimed Marks 0.059ms
[10.933s][info][gc,marking  ] GC(27) Concurrent Cleanup for Next Mark
[10.946s][info][gc,marking  ] GC(27) Concurrent Cleanup for Next Mark 13.242ms
[10.946s][info][gc          ] GC(27) Concurrent Mark Cycle 1163.606ms
[11.357s][info][gc,start    ] GC(29) Pause Young (Prepare Mixed) (G1 Evacuation Pause)
[11.357s][info][gc,task     ] GC(29) Using 2 workers of 2 for evacuation
[11.446s][info][gc,phases   ] GC(29)   Pre Evacuate Collection Set: 0.28ms
[11.446s][info][gc,phases   ] GC(29)   Merge Heap Roots: 0.34ms
[11.446s][info][gc,phases   ] GC(29)   Evacuate Collection Set: 88.47ms
[11.446s][info][gc,phases   ] GC(29)   Post Evacuate Collection Set: 0.51ms
[11.446s][info][gc,phases   ] GC(29)   Other: 0.08ms
[11.446s][info][gc,heap     ] GC(29) Eden regions: 230->0(180)
[11.446s][info][gc,heap     ] GC(29) Survivor regions: 28->33(33)
[11.447s][info][gc,heap     ] GC(29) Old regions: 258->305
[11.447s][info][gc,heap     ] GC(29) Humongous regions: 4->4
[11.447s][info][gc,metaspace] GC(29) Metaspace: 17037K(17280K)->17037K(17280K) NonClass: 14449K(14592K)->14449K(14592K) Class: 2588K(2688K)->2588K(2688K)
[11.447s][info][gc          ] GC(29) Pause Young (Prepare Mixed) (G1 Evacuation Pause) 518M->341M(611M) 89.956ms
[11.447s][info][gc,cpu      ] GC(29) User=0.17s Sys=0.00s Real=0.09s
[11.655s][info][gc,start    ] GC(30) Pause Young (Mixed) (G1 Evacuation Pause)
[11.655s][info][gc,task     ] GC(30) Using 2 workers of 2 for evacuation
[11.741s][info][gc,phases   ] GC(30)   Pre Evacuate Collection Set: 0.30ms
[11.741s][info][gc,phases   ] GC(30)   Merge Heap Roots: 0.49ms
[11.741s][info][gc,phases   ] GC(30)   Evacuate Collection Set: 83.47ms
[11.741s][info][gc,phases   ] GC(30)   Post Evacuate Collection Set: 1.36ms
[11.741s][info][gc,phases   ] GC(30)   Other: 0.09ms
[11.741s][info][gc,heap     ] GC(30) Eden regions: 180->0(188)
[11.741s][info][gc,heap     ] GC(30) Survivor regions: 33->27(27)
[11.741s][info][gc,heap     ] GC(30) Old regions: 305->346
[11.741s][info][gc,heap     ] GC(30) Humongous regions: 4->4
[11.741s][info][gc,metaspace] GC(30) Metaspace: 17038K(17280K)->17038K(17280K) NonClass: 14450K(14592K)->14450K(14592K) Class: 2588K(2688K)->2588K(2688K)
[11.741s][info][gc          ] GC(30) Pause Young (Mixed) (G1 Evacuation Pause) 521M->377M(684M) 85.911ms
[11.741s][info][gc,cpu      ] GC(30) User=0.17s Sys=0.00s Real=0.09s
[12.177s][info][gc,start    ] GC(31) Pause Young (Concurrent Start) (G1 Evacuation Pause)
[12.177s][info][gc,task     ] GC(31) Using 2 workers of 2 for evacuation
[12.252s][info][gc,phases   ] GC(31)   Pre Evacuate Collection Set: 0.36ms
[12.252s][info][gc,phases   ] GC(31)   Merge Heap Roots: 0.27ms
[12.252s][info][gc,phases   ] GC(31)   Evacuate Collection Set: 73.31ms
[12.252s][info][gc,phases   ] GC(31)   Post Evacuate Collection Set: 0.39ms
[12.252s][info][gc,phases   ] GC(31)   Other: 0.20ms
[12.252s][info][gc,heap     ] GC(31) Eden regions: 188->0(157)
[12.252s][info][gc,heap     ] GC(31) Survivor regions: 27->27(27)
[12.252s][info][gc,heap     ] GC(31) Old regions: 346->389
[12.252s][info][gc,heap     ] GC(31) Humongous regions: 4->4
[12.252s][info][gc,metaspace] GC(31) Metaspace: 17042K(17280K)->17042K(17280K) NonClass: 14454K(14592K)->14454K(14592K) Class: 2588K(2688K)->2588K(2688K)
[12.252s][info][gc          ] GC(31) Pause Young (Concurrent Start) (G1 Evacuation Pause) 565M->420M(684M) 74.749ms
[12.252s][info][gc          ] GC(32) Concurrent Mark Cycle
[12.252s][info][gc,marking  ] GC(32) Concurrent Scan Root Regions
[12.252s][info][gc,cpu      ] GC(31) User=0.14s Sys=0.00s Real=0.08s
[12.380s][info][gc,marking  ] GC(32) Concurrent Scan Root Regions 128.215ms
[12.380s][info][gc,marking  ] GC(32) Concurrent Mark
[12.380s][info][gc,marking  ] GC(32) Concurrent Mark From Roots
[12.380s][info][gc,task     ] GC(32) Using 1 workers of 1 for marking
[12.901s][info][gc,start    ] GC(33) Pause Young (Normal) (G1 Evacuation Pause)
[12.902s][info][gc,task     ] GC(33) Using 2 workers of 2 for evacuation
[13.011s][info][gc,phases   ] GC(33)   Pre Evacuate Collection Set: 0.26ms
[13.011s][info][gc,phases   ] GC(33)   Merge Heap Roots: 0.14ms
[13.011s][info][gc,phases   ] GC(33)   Evacuate Collection Set: 108.13ms
[13.011s][info][gc,phases   ] GC(33)   Post Evacuate Collection Set: 0.51ms
[13.011s][info][gc,phases   ] GC(33)   Other: 0.09ms
[13.011s][info][gc,heap     ] GC(33) Eden regions: 157->0(128)
[13.011s][info][gc,heap     ] GC(33) Survivor regions: 27->23(23)
[13.011s][info][gc,heap     ] GC(33) Old regions: 389->436
[13.011s][info][gc,heap     ] GC(33) Humongous regions: 5->5
[13.011s][info][gc,metaspace] GC(33) Metaspace: 17051K(17280K)->17051K(17280K) NonClass: 14463K(14592K)->14463K(14592K) Class: 2588K(2688K)->2588K(2688K)
[13.011s][info][gc          ] GC(33) Pause Young (Normal) (G1 Evacuation Pause) 578M->464M(684M) 109.421ms
[13.011s][info][gc,cpu      ] GC(33) User=0.21s Sys=0.00s Real=0.11s
[13.244s][info][gc,start    ] GC(34) Pause Young (Normal) (G1 Evacuation Pause)
[13.244s][info][gc,task     ] GC(34) Using 2 workers of 2 for evacuation
[13.307s][info][gc,phases   ] GC(34)   Pre Evacuate Collection Set: 0.25ms
[13.307s][info][gc,phases   ] GC(34)   Merge Heap Roots: 0.32ms
[13.307s][info][gc,phases   ] GC(34)   Evacuate Collection Set: 62.40ms
[13.307s][info][gc,phases   ] GC(34)   Post Evacuate Collection Set: 0.37ms
[13.307s][info][gc,phases   ] GC(34)   Other: 0.08ms
[13.307s][info][gc,heap     ] GC(34) Eden regions: 128->0(106)
[13.307s][info][gc,heap     ] GC(34) Survivor regions: 23->19(19)
[13.307s][info][gc,heap     ] GC(34) Old regions: 436->472
[13.307s][info][gc,heap     ] GC(34) Humongous regions: 5->5
[13.307s][info][gc,metaspace] GC(34) Metaspace: 17053K(17280K)->17053K(17280K) NonClass: 14465K(14592K)->14465K(14592K) Class: 2588K(2688K)->2588K(2688K)
[13.307s][info][gc          ] GC(34) Pause Young (Normal) (G1 Evacuation Pause) 592M->496M(684M) 63.678ms
[13.307s][info][gc,cpu      ] GC(34) User=0.12s Sys=0.00s Real=0.06s
[13.536s][info][gc,start    ] GC(35) Pause Young (Normal) (G1 Evacuation Pause)
[13.536s][info][gc,task     ] GC(35) Using 2 workers of 2 for evacuation
[13.564s][info][gc,phases   ] GC(35)   Pre Evacuate Collection Set: 0.29ms
[13.564s][info][gc,phases   ] GC(35)   Merge Heap Roots: 0.10ms
[13.564s][info][gc,phases   ] GC(35)   Evacuate Collection Set: 26.62ms
[13.564s][info][gc,phases   ] GC(35)   Post Evacuate Collection Set: 1.06ms
[13.564s][info][gc,phases   ] GC(35)   Other: 0.10ms
[13.564s][info][gc,heap     ] GC(35) Eden regions: 106->0(148)
[13.564s][info][gc,heap     ] GC(35) Survivor regions: 19->4(16)
[13.564s][info][gc,heap     ] GC(35) Old regions: 472->492
[13.564s][info][gc,heap     ] GC(35) Humongous regions: 5->5
[13.564s][info][gc,metaspace] GC(35) Metaspace: 17080K(17280K)->17080K(17280K) NonClass: 14487K(14592K)->14487K(14592K) Class: 2593K(2688K)->2593K(2688K)
[13.564s][info][gc          ] GC(35) Pause Young (Normal) (G1 Evacuation Pause) 602M->500M(746M) 28.357ms
[13.564s][info][gc,cpu      ] GC(35) User=0.05s Sys=0.01s Real=0.03s
[13.873s][info][gc,marking  ] GC(32) Concurrent Mark From Roots 1492.977ms
[13.873s][info][gc,marking  ] GC(32) Concurrent Preclean
[13.873s][info][gc,marking  ] GC(32) Concurrent Preclean 0.030ms
[13.874s][info][gc,start    ] GC(32) Pause Remark
[13.889s][info][gc          ] GC(32) Pause Remark 612M->612M(835M) 15.613ms
[13.889s][info][gc,cpu      ] GC(32) User=0.03s Sys=0.00s Real=0.01s
[13.889s][info][gc,marking  ] GC(32) Concurrent Mark 1508.947ms
[13.889s][info][gc,marking  ] GC(32) Concurrent Rebuild Remembered Sets and Scrub Regions
[14.102s][info][gc,start    ] GC(36) Pause Young (Normal) (G1 Evacuation Pause)
[14.102s][info][gc,task     ] GC(36) Using 2 workers of 2 for evacuation
[14.128s][info][gc,phases   ] GC(36)   Pre Evacuate Collection Set: 0.40ms
[14.128s][info][gc,phases   ] GC(36)   Merge Heap Roots: 0.13ms
[14.128s][info][gc,phases   ] GC(36)   Evacuate Collection Set: 25.02ms
[14.128s][info][gc,phases   ] GC(36)   Post Evacuate Collection Set: 0.35ms
[14.128s][info][gc,phases   ] GC(36)   Other: 0.11ms
[14.128s][info][gc,heap     ] GC(36) Eden regions: 148->0(202)
[14.128s][info][gc,heap     ] GC(36) Survivor regions: 4->14(19)
[14.128s][info][gc,heap     ] GC(36) Old regions: 492->492
[14.128s][info][gc,heap     ] GC(36) Humongous regions: 5->5
[14.128s][info][gc,metaspace] GC(36) Metaspace: 17126K(17280K)->17126K(17280K) NonClass: 14525K(14592K)->14525K(14592K) Class: 2600K(2688K)->2600K(2688K)
[14.128s][info][gc          ] GC(36) Pause Young (Normal) (G1 Evacuation Pause) 648M->510M(835M) 26.281ms
[14.128s][info][gc,cpu      ] GC(36) User=0.05s Sys=0.01s Real=0.02s
[14.495s][info][gc,marking  ] GC(32) Concurrent Rebuild Remembered Sets and Scrub Regions 605.381ms
[14.495s][info][gc,start    ] GC(32) Pause Cleanup
[14.495s][info][gc          ] GC(32) Pause Cleanup 631M->631M(835M) 0.094ms
[14.495s][info][gc,cpu      ] GC(32) User=0.01s Sys=0.00s Real=0.00s
[14.497s][info][gc,marking  ] GC(32) Concurrent Clear Claimed Marks
[14.497s][info][gc,marking  ] GC(32) Concurrent Clear Claimed Marks 0.047ms
[14.497s][info][gc,marking  ] GC(32) Concurrent Cleanup for Next Mark
[14.506s][info][gc,marking  ] GC(32) Concurrent Cleanup for Next Mark 8.731ms
[14.506s][info][gc          ] GC(32) Concurrent Mark Cycle 2253.626ms
[14.662s][info][gc,start    ] GC(37) Pause Young (Prepare Mixed) (G1 Evacuation Pause)
[14.663s][info][gc,task     ] GC(37) Using 2 workers of 2 for evacuation
[14.707s][info][gc,phases   ] GC(37)   Pre Evacuate Collection Set: 0.27ms
[14.707s][info][gc,phases   ] GC(37)   Merge Heap Roots: 0.10ms
[14.707s][info][gc,phases   ] GC(37)   Evacuate Collection Set: 43.43ms
[14.707s][info][gc,phases   ] GC(37)   Post Evacuate Collection Set: 0.56ms
[14.707s][info][gc,phases   ] GC(37)   Other: 0.10ms
[14.707s][info][gc,heap     ] GC(37) Eden regions: 202->0(184)
[14.707s][info][gc,heap     ] GC(37) Survivor regions: 14->27(27)
[14.707s][info][gc,heap     ] GC(37) Old regions: 492->512
[14.707s][info][gc,heap     ] GC(37) Humongous regions: 5->5
[14.707s][info][gc,metaspace] GC(37) Metaspace: 17148K(17344K)->17148K(17344K) NonClass: 14546K(14656K)->14546K(14656K) Class: 2602K(2688K)->2602K(2688K)
[14.707s][info][gc          ] GC(37) Pause Young (Prepare Mixed) (G1 Evacuation Pause) 712M->544M(835M) 44.670ms
[14.707s][info][gc,cpu      ] GC(37) User=0.09s Sys=0.00s Real=0.04s
[14.975s][info][gc,start    ] GC(38) Pause Young (Mixed) (G1 Evacuation Pause)
[14.975s][info][gc,task     ] GC(38) Using 2 workers of 2 for evacuation
[15.109s][info][gc,phases   ] GC(38)   Pre Evacuate Collection Set: 0.40ms
[15.109s][info][gc,phases   ] GC(38)   Merge Heap Roots: 0.49ms
[15.109s][info][gc,phases   ] GC(38)   Evacuate Collection Set: 131.78ms
[15.109s][info][gc,phases   ] GC(38)   Post Evacuate Collection Set: 0.62ms
[15.109s][info][gc,phases   ] GC(38)   Other: 0.09ms
[15.109s][info][gc,heap     ] GC(38) Eden regions: 184->0(116)
[15.109s][info][gc,heap     ] GC(38) Survivor regions: 27->27(27)
[15.109s][info][gc,heap     ] GC(38) Old regions: 512->596
[15.109s][info][gc,heap     ] GC(38) Humongous regions: 5->5
[15.109s][info][gc,metaspace] GC(38) Metaspace: 17150K(17344K)->17150K(17344K) NonClass: 14548K(14656K)->14548K(14656K) Class: 2602K(2688K)->2602K(2688K)
[15.109s][info][gc          ] GC(38) Pause Young (Mixed) (G1 Evacuation Pause) 728M->628M(848M) 133.603ms
[15.109s][info][gc,cpu      ] GC(38) User=0.26s Sys=0.00s Real=0.13s
[15.315s][info][gc,start    ] GC(39) Pause Young (Concurrent Start) (G1 Evacuation Pause)
[15.315s][info][gc,task     ] GC(39) Using 2 workers of 2 for evacuation
[15.395s][info][gc,phases   ] GC(39)   Pre Evacuate Collection Set: 0.34ms
[15.395s][info][gc,phases   ] GC(39)   Merge Heap Roots: 0.66ms
[15.395s][info][gc,phases   ] GC(39)   Evacuate Collection Set: 78.57ms
[15.395s][info][gc,phases   ] GC(39)   Post Evacuate Collection Set: 0.57ms
[15.395s][info][gc,phases   ] GC(39)   Other: 0.19ms
[15.396s][info][gc,heap     ] GC(39) Eden regions: 116->0(92)
[15.396s][info][gc,heap     ] GC(39) Survivor regions: 27->18(18)
[15.396s][info][gc,heap     ] GC(39) Old regions: 596->650
[15.396s][info][gc,heap     ] GC(39) Humongous regions: 5->5
[15.396s][info][gc,metaspace] GC(39) Metaspace: 17153K(17344K)->17153K(17344K) NonClass: 14551K(14656K)->14551K(14656K) Class: 2602K(2688K)->2602K(2688K)
[15.396s][info][gc          ] GC(39) Pause Young (Concurrent Start) (G1 Evacuation Pause) 744M->672M(848M) 80.591ms
[15.396s][info][gc          ] GC(40) Concurrent Mark Cycle
[15.396s][info][gc,marking  ] GC(40) Concurrent Scan Root Regions
[15.396s][info][gc,cpu      ] GC(39) User=0.16s Sys=0.00s Real=0.08s
[15.492s][info][gc,marking  ] GC(40) Concurrent Scan Root Regions 95.882ms
[15.492s][info][gc,marking  ] GC(40) Concurrent Mark
[15.492s][info][gc,marking  ] GC(40) Concurrent Mark From Roots
[15.492s][info][gc,task     ] GC(40) Using 1 workers of 1 for marking
[15.567s][info][gc,start    ] GC(41) Pause Young (Normal) (G1 Evacuation Pause)
[15.568s][info][gc,task     ] GC(41) Using 2 workers of 2 for evacuation
[15.608s][info][gc,phases   ] GC(41)   Pre Evacuate Collection Set: 0.42ms
[15.608s][info][gc,phases   ] GC(41)   Merge Heap Roots: 0.41ms
[15.608s][info][gc,phases   ] GC(41)   Evacuate Collection Set: 39.28ms
[15.608s][info][gc,phases   ] GC(41)   Post Evacuate Collection Set: 0.31ms
[15.608s][info][gc,phases   ] GC(41)   Other: 0.07ms
[15.608s][info][gc,heap     ] GC(41) Eden regions: 92->0(89)
[15.608s][info][gc,heap     ] GC(41) Survivor regions: 18->14(14)
[15.608s][info][gc,heap     ] GC(41) Old regions: 650->669
[15.608s][info][gc,heap     ] GC(41) Humongous regions: 5->5
[15.608s][info][gc,metaspace] GC(41) Metaspace: 17154K(17344K)->17154K(17344K) NonClass: 14551K(14656K)->14551K(14656K) Class: 2602K(2688K)->2602K(2688K)
[15.608s][info][gc          ] GC(41) Pause Young (Normal) (G1 Evacuation Pause) 764M->688M(848M) 40.693ms
[15.608s][info][gc,cpu      ] GC(41) User=0.08s Sys=0.00s Real=0.04s
[15.930s][info][gc,start    ] GC(42) Pause Young (Normal) (G1 Evacuation Pause)
[15.931s][info][gc,task     ] GC(42) Using 2 workers of 2 for evacuation
[15.963s][info][gc,phases   ] GC(42)   Pre Evacuate Collection Set: 0.40ms
[15.963s][info][gc,phases   ] GC(42)   Merge Heap Roots: 0.35ms
[15.963s][info][gc,phases   ] GC(42)   Evacuate Collection Set: 30.54ms
[15.963s][info][gc,phases   ] GC(42)   Post Evacuate Collection Set: 1.02ms
[15.963s][info][gc,phases   ] GC(42)   Other: 0.12ms
[15.963s][info][gc,heap     ] GC(42) Eden regions: 89->0(112)
[15.963s][info][gc,heap     ] GC(42) Survivor regions: 14->4(13)
[15.963s][info][gc,heap     ] GC(42) Old regions: 669->684
[15.963s][info][gc,heap     ] GC(42) Humongous regions: 5->5
[15.963s][info][gc,metaspace] GC(42) Metaspace: 17158K(17344K)->17158K(17344K) NonClass: 14556K(14656K)->14556K(14656K) Class: 2602K(2688K)->2602K(2688K)
[15.963s][info][gc          ] GC(42) Pause Young (Normal) (G1 Evacuation Pause) 777M->692M(885M) 32.667ms
[15.963s][info][gc,cpu      ] GC(42) User=0.06s Sys=0.00s Real=0.03s
[16.161s][info][gc,marking  ] GC(40) Concurrent Mark From Roots 669.172ms
[16.161s][info][gc,marking  ] GC(40) Concurrent Preclean
[16.161s][info][gc,marking  ] GC(40) Concurrent Preclean 0.028ms
[16.161s][info][gc,start    ] GC(40) Pause Remark
[16.170s][info][gc          ] GC(40) Pause Remark 765M->437M(885M) 8.716ms
[16.170s][info][gc,cpu      ] GC(40) User=0.02s Sys=0.00s Real=0.00s
[16.171s][info][gc,marking  ] GC(40) Concurrent Mark 679.760ms
[16.171s][info][gc,marking  ] GC(40) Concurrent Rebuild Remembered Sets and Scrub Regions
[16.232s][info][gc,start    ] GC(43) Pause Young (Normal) (G1 Evacuation Pause)
[16.233s][info][gc,task     ] GC(43) Using 2 workers of 2 for evacuation
[16.262s][info][gc,phases   ] GC(43)   Pre Evacuate Collection Set: 0.24ms
[16.262s][info][gc,phases   ] GC(43)   Merge Heap Roots: 0.33ms
[16.262s][info][gc,phases   ] GC(43)   Evacuate Collection Set: 27.98ms
[16.262s][info][gc,phases   ] GC(43)   Post Evacuate Collection Set: 0.41ms
[16.262s][info][gc,phases   ] GC(43)   Other: 0.09ms
[16.262s][info][gc,heap     ] GC(43) Eden regions: 112->0(285)
[16.262s][info][gc,heap     ] GC(43) Survivor regions: 4->13(15)
[16.262s][info][gc,heap     ] GC(43) Old regions: 360->360
[16.262s][info][gc,heap     ] GC(43) Humongous regions: 2->2
[16.262s][info][gc,metaspace] GC(43) Metaspace: 17170K(17344K)->17170K(17344K) NonClass: 14565K(14656K)->14565K(14656K) Class: 2605K(2688K)->2605K(2688K)
[16.262s][info][gc          ] GC(43) Pause Young (Normal) (G1 Evacuation Pause) 477M->374M(885M) 29.291ms
[16.262s][info][gc,cpu      ] GC(43) User=0.06s Sys=0.00s Real=0.03s
[16.505s][info][gc,marking  ] GC(40) Concurrent Rebuild Remembered Sets and Scrub Regions 333.475ms
[16.505s][info][gc,start    ] GC(40) Pause Cleanup
[16.505s][info][gc          ] GC(40) Pause Cleanup 460M->460M(885M) 0.123ms
[16.505s][info][gc,cpu      ] GC(40) User=0.00s Sys=0.00s Real=0.00s
[16.507s][info][gc,marking  ] GC(40) Concurrent Clear Claimed Marks
[16.507s][info][gc,marking  ] GC(40) Concurrent Clear Claimed Marks 0.056ms
[16.507s][info][gc,marking  ] GC(40) Concurrent Cleanup for Next Mark
[16.512s][info][gc,marking  ] GC(40) Concurrent Cleanup for Next Mark 5.021ms
[16.512s][info][gc          ] GC(40) Concurrent Mark Cycle 1116.146ms
[16.788s][info][gc,start    ] GC(44) Pause Young (Prepare Mixed) (G1 Evacuation Pause)
[16.788s][info][gc,task     ] GC(44) Using 2 workers of 2 for evacuation
[16.979s][info][gc,phases   ] GC(44)   Pre Evacuate Collection Set: 0.25ms
[16.979s][info][gc,phases   ] GC(44)   Merge Heap Roots: 0.87ms
[16.979s][info][gc,phases   ] GC(44)   Evacuate Collection Set: 189.28ms
[16.979s][info][gc,phases   ] GC(44)   Post Evacuate Collection Set: 0.66ms
[16.979s][info][gc,phases   ] GC(44)   Other: 0.08ms
[16.979s][info][gc,heap     ] GC(44) Eden regions: 285->0(196)
[16.979s][info][gc,heap     ] GC(44) Survivor regions: 13->38(38)
[16.979s][info][gc,heap     ] GC(44) Old regions: 360->399
[16.979s][info][gc,heap     ] GC(44) Humongous regions: 7->7
[16.979s][info][gc,metaspace] GC(44) Metaspace: 17171K(17344K)->17171K(17344K) NonClass: 14566K(14656K)->14566K(14656K) Class: 2605K(2688K)->2605K(2688K)
[16.979s][info][gc          ] GC(44) Pause Young (Prepare Mixed) (G1 Evacuation Pause) 664M->444M(885M) 191.382ms
[16.979s][info][gc,cpu      ] GC(44) User=0.38s Sys=0.00s Real=0.19s
[17.220s][info][gc,start    ] GC(45) Pause Young (Mixed) (G1 Evacuation Pause)
[17.220s][info][gc,task     ] GC(45) Using 2 workers of 2 for evacuation
[17.304s][info][gc,phases   ] GC(45)   Pre Evacuate Collection Set: 0.27ms
[17.304s][info][gc,phases   ] GC(45)   Merge Heap Roots: 0.42ms
[17.304s][info][gc,phases   ] GC(45)   Evacuate Collection Set: 82.63ms
[17.304s][info][gc,phases   ] GC(45)   Post Evacuate Collection Set: 0.43ms
[17.304s][info][gc,phases   ] GC(45)   Other: 0.09ms
[17.304s][info][gc,heap     ] GC(45) Eden regions: 197->0(253)
[17.304s][info][gc,heap     ] GC(45) Survivor regions: 38->23(30)
[17.304s][info][gc,heap     ] GC(45) Old regions: 399->429
[17.304s][info][gc,heap     ] GC(45) Humongous regions: 7->7
[17.304s][info][gc,metaspace] GC(45) Metaspace: 17173K(17344K)->17173K(17344K) NonClass: 14568K(14656K)->14568K(14656K) Class: 2605K(2688K)->2605K(2688K)
[17.304s][info][gc          ] GC(45) Pause Young (Mixed) (G1 Evacuation Pause) 641M->458M(885M) 84.071ms
[17.304s][info][gc,cpu      ] GC(45) User=0.16s Sys=0.00s Real=0.09s
[17.568s][info][gc,start    ] GC(46) Pause Young (Mixed) (G1 Evacuation Pause)
[17.568s][info][gc,task     ] GC(46) Using 2 workers of 2 for evacuation
[17.608s][info][gc,phases   ] GC(46)   Pre Evacuate Collection Set: 0.44ms
[17.608s][info][gc,phases   ] GC(46)   Merge Heap Roots: 0.49ms
[17.609s][info][gc,phases   ] GC(46)   Evacuate Collection Set: 38.58ms
[17.609s][info][gc,phases   ] GC(46)   Post Evacuate Collection Set: 0.51ms
[17.609s][info][gc,phases   ] GC(46)   Other: 0.08ms
[17.609s][info][gc,heap     ] GC(46) Eden regions: 253->0(299)
[17.609s][info][gc,heap     ] GC(46) Survivor regions: 23->5(35)
[17.609s][info][gc,heap     ] GC(46) Old regions: 429->390
[17.609s][info][gc,heap     ] GC(46) Humongous regions: 7->7
[17.609s][info][gc,metaspace] GC(46) Metaspace: 17187K(17344K)->17187K(17344K) NonClass: 14576K(14656K)->14576K(14656K) Class: 2611K(2688K)->2611K(2688K)
[17.609s][info][gc          ] GC(46) Pause Young (Mixed) (G1 Evacuation Pause) 711M->402M(885M) 40.367ms
[17.609s][info][gc,cpu      ] GC(46) User=0.08s Sys=0.00s Real=0.04s
[18.075s][info][gc,start    ] GC(47) Pause Young (Concurrent Start) (G1 Evacuation Pause)
[18.075s][info][gc,task     ] GC(47) Using 2 workers of 2 for evacuation
[18.117s][info][gc,phases   ] GC(47)   Pre Evacuate Collection Set: 0.25ms
[18.117s][info][gc,phases   ] GC(47)   Merge Heap Roots: 0.24ms
[18.117s][info][gc,phases   ] GC(47)   Evacuate Collection Set: 40.78ms
[18.117s][info][gc,phases   ] GC(47)   Post Evacuate Collection Set: 0.47ms
[18.117s][info][gc,phases   ] GC(47)   Other: 0.13ms
[18.117s][info][gc,heap     ] GC(47) Eden regions: 299->0(292)
[18.117s][info][gc,heap     ] GC(47) Survivor regions: 5->34(38)
[18.117s][info][gc,heap     ] GC(47) Old regions: 390->390
[18.117s][info][gc,heap     ] GC(47) Humongous regions: 7->7
[18.117s][info][gc,metaspace] GC(47) Metaspace: 17191K(17344K)->17191K(17344K) NonClass: 14579K(14656K)->14579K(14656K) Class: 2611K(2688K)->2611K(2688K)
[18.117s][info][gc          ] GC(47) Pause Young (Concurrent Start) (G1 Evacuation Pause) 701M->430M(885M) 42.086ms
[18.117s][info][gc          ] GC(48) Concurrent Mark Cycle
[18.117s][info][gc,marking  ] GC(48) Concurrent Scan Root Regions
[18.118s][info][gc,cpu      ] GC(47) User=0.08s Sys=0.00s Real=0.04s
[18.182s][info][gc,marking  ] GC(48) Concurrent Scan Root Regions 64.813ms
[18.182s][info][gc,marking  ] GC(48) Concurrent Mark
[18.182s][info][gc,marking  ] GC(48) Concurrent Mark From Roots
[18.182s][info][gc,task     ] GC(48) Using 1 workers of 1 for marking
[19.209s][info][gc,marking  ] GC(48) Concurrent Mark From Roots 1026.326ms
[19.209s][info][gc,marking  ] GC(48) Concurrent Preclean
[19.209s][info][gc,marking  ] GC(48) Concurrent Preclean 0.030ms
[19.209s][info][gc,start    ] GC(48) Pause Remark
[19.215s][info][gc          ] GC(48) Pause Remark 645M->572M(885M) 6.559ms
[19.216s][info][gc,cpu      ] GC(48) User=0.01s Sys=0.00s Real=0.01s
[19.216s][info][gc,marking  ] GC(48) Concurrent Mark 1033.194ms
[19.216s][info][gc,marking  ] GC(48) Concurrent Rebuild Remembered Sets and Scrub Regions
[19.542s][info][gc,marking  ] GC(48) Concurrent Rebuild Remembered Sets and Scrub Regions 326.258ms
[19.542s][info][gc,start    ] GC(48) Pause Cleanup
[19.542s][info][gc          ] GC(48) Pause Cleanup 625M->625M(885M) 0.104ms
[19.542s][info][gc,cpu      ] GC(48) User=0.00s Sys=0.00s Real=0.00s
[19.542s][info][gc,marking  ] GC(48) Concurrent Clear Claimed Marks
[19.542s][info][gc,marking  ] GC(48) Concurrent Clear Claimed Marks 0.033ms
[19.542s][info][gc,marking  ] GC(48) Concurrent Cleanup for Next Mark
[19.550s][info][gc,marking  ] GC(48) Concurrent Cleanup for Next Mark 8.065ms
[19.550s][info][gc          ] GC(48) Concurrent Mark Cycle 1432.934ms
[19.639s][info][gc,start    ] GC(49) Pause Young (Prepare Mixed) (G1 Evacuation Pause)
[19.639s][info][gc,task     ] GC(49) Using 2 workers of 2 for evacuation
[19.698s][info][gc,phases   ] GC(49)   Pre Evacuate Collection Set: 0.27ms
[19.698s][info][gc,phases   ] GC(49)   Merge Heap Roots: 0.45ms
[19.698s][info][gc,phases   ] GC(49)   Evacuate Collection Set: 57.65ms
[19.698s][info][gc,phases   ] GC(49)   Post Evacuate Collection Set: 0.48ms
[19.698s][info][gc,phases   ] GC(49)   Other: 0.10ms
[19.698s][info][gc,heap     ] GC(49) Eden regions: 292->0(335)
[19.698s][info][gc,heap     ] GC(49) Survivor regions: 34->17(41)
[19.698s][info][gc,heap     ] GC(49) Old regions: 320->354
[19.698s][info][gc,heap     ] GC(49) Humongous regions: 4->4
[19.698s][info][gc,metaspace] GC(49) Metaspace: 17224K(17408K)->17224K(17408K) NonClass: 14613K(14720K)->14613K(14720K) Class: 2611K(2688K)->2611K(2688K)
[19.698s][info][gc          ] GC(49) Pause Young (Prepare Mixed) (G1 Evacuation Pause) 649M->374M(885M) 59.183ms
[19.698s][info][gc,cpu      ] GC(49) User=0.12s Sys=0.00s Real=0.06s
[20.513s][info][gc,start    ] GC(50) Pause Young (Mixed) (G1 Evacuation Pause)
[20.513s][info][gc,task     ] GC(50) Using 2 workers of 2 for evacuation
[20.535s][info][gc,phases   ] GC(50)   Pre Evacuate Collection Set: 0.26ms
[20.535s][info][gc,phases   ] GC(50)   Merge Heap Roots: 0.28ms
[20.535s][info][gc,phases   ] GC(50)   Evacuate Collection Set: 20.17ms
[20.535s][info][gc,phases   ] GC(50)   Post Evacuate Collection Set: 0.93ms
[20.535s][info][gc,phases   ] GC(50)   Other: 0.11ms
[20.535s][info][gc,heap     ] GC(50) Eden regions: 335->0(375)
[20.535s][info][gc,heap     ] GC(50) Survivor regions: 17->17(44)
[20.535s][info][gc,heap     ] GC(50) Old regions: 354->328
[20.535s][info][gc,heap     ] GC(50) Humongous regions: 4->4
[20.535s][info][gc,metaspace] GC(50) Metaspace: 17225K(17408K)->17225K(17408K) NonClass: 14614K(14720K)->14614K(14720K) Class: 2611K(2688K)->2611K(2688K)
[20.535s][info][gc          ] GC(50) Pause Young (Mixed) (G1 Evacuation Pause) 709M->348M(916M) 22.024ms
[20.535s][info][gc,cpu      ] GC(50) User=0.04s Sys=0.00s Real=0.02s
[21.401s][info][gc,start    ] GC(51) Pause Young (Concurrent Start) (G1 Evacuation Pause)
[21.401s][info][gc,task     ] GC(51) Using 2 workers of 2 for evacuation
[21.509s][info][gc,phases   ] GC(51)   Pre Evacuate Collection Set: 0.39ms
[21.509s][info][gc,phases   ] GC(51)   Merge Heap Roots: 0.67ms
[21.509s][info][gc,phases   ] GC(51)   Evacuate Collection Set: 106.44ms
[21.509s][info][gc,phases   ] GC(51)   Post Evacuate Collection Set: 0.76ms
[21.509s][info][gc,phases   ] GC(51)   Other: 0.20ms
[21.509s][info][gc,heap     ] GC(51) Eden regions: 375->0(343)
[21.509s][info][gc,heap     ] GC(51) Survivor regions: 17->49(49)
[21.509s][info][gc,heap     ] GC(51) Old regions: 328->353
[21.509s][info][gc,heap     ] GC(51) Humongous regions: 4->4
[21.509s][info][gc,metaspace] GC(51) Metaspace: 17239K(17408K)->17239K(17408K) NonClass: 14627K(14720K)->14627K(14720K) Class: 2612K(2688K)->2612K(2688K)
[21.509s][info][gc          ] GC(51) Pause Young (Concurrent Start) (G1 Evacuation Pause) 723M->405M(916M) 108.691ms
[21.509s][info][gc,cpu      ] GC(51) User=0.21s Sys=0.00s Real=0.10s
[21.510s][info][gc          ] GC(52) Concurrent Mark Cycle
[21.510s][info][gc,marking  ] GC(52) Concurrent Scan Root Regions
[21.629s][info][gc,marking  ] GC(52) Concurrent Scan Root Regions 119.803ms
[21.629s][info][gc,marking  ] GC(52) Concurrent Mark
[21.629s][info][gc,marking  ] GC(52) Concurrent Mark From Roots
[21.629s][info][gc,task     ] GC(52) Using 1 workers of 1 for marking
[22.204s][info][gc,start    ] GC(53) Pause Young (Normal) (G1 Evacuation Pause)
[22.205s][info][gc,task     ] GC(53) Using 2 workers of 2 for evacuation
[22.317s][info][gc,phases   ] GC(53)   Pre Evacuate Collection Set: 0.27ms
[22.317s][info][gc,phases   ] GC(53)   Merge Heap Roots: 0.42ms
[22.317s][info][gc,phases   ] GC(53)   Evacuate Collection Set: 110.80ms
[22.317s][info][gc,phases   ] GC(53)   Post Evacuate Collection Set: 0.68ms
[22.317s][info][gc,phases   ] GC(53)   Other: 0.14ms
[22.317s][info][gc,heap     ] GC(53) Eden regions: 343->0(298)
[22.317s][info][gc,heap     ] GC(53) Survivor regions: 49->49(49)
[22.317s][info][gc,heap     ] GC(53) Old regions: 353->417
[22.317s][info][gc,heap     ] GC(53) Humongous regions: 4->4
[22.317s][info][gc,metaspace] GC(53) Metaspace: 17254K(17408K)->17254K(17408K) NonClass: 14641K(14720K)->14641K(14720K) Class: 2612K(2688K)->2612K(2688K)
[22.317s][info][gc          ] GC(53) Pause Young (Normal) (G1 Evacuation Pause) 748M->470M(916M) 112.586ms
[22.317s][info][gc,cpu      ] GC(53) User=0.23s Sys=0.00s Real=0.11s
[22.855s][info][gc,marking  ] GC(52) Concurrent Mark From Roots 1225.448ms
[22.855s][info][gc,marking  ] GC(52) Concurrent Preclean
[22.855s][info][gc,marking  ] GC(52) Concurrent Preclean 0.030ms
[22.855s][info][gc,start    ] GC(52) Pause Remark
[22.862s][info][gc          ] GC(52) Pause Remark 699M->692M(916M) 6.794ms
[22.862s][info][gc,cpu      ] GC(52) User=0.01s Sys=0.00s Real=0.01s
[22.862s][info][gc,marking  ] GC(52) Concurrent Mark 1232.896ms
[22.862s][info][gc,marking  ] GC(52) Concurrent Rebuild Remembered Sets and Scrub Regions
[23.002s][info][gc,start    ] GC(54) Pause Young (Normal) (G1 Evacuation Pause)
[23.002s][info][gc,task     ] GC(54) Using 2 workers of 2 for evacuation
[23.108s][info][gc,phases   ] GC(54)   Pre Evacuate Collection Set: 0.42ms
[23.108s][info][gc,phases   ] GC(54)   Merge Heap Roots: 0.52ms
[23.108s][info][gc,phases   ] GC(54)   Evacuate Collection Set: 104.56ms
[23.108s][info][gc,phases   ] GC(54)   Post Evacuate Collection Set: 0.66ms
[23.108s][info][gc,phases   ] GC(54)   Other: 0.09ms
[23.108s][info][gc,heap     ] GC(54) Eden regions: 298->0(277)
[23.108s][info][gc,heap     ] GC(54) Survivor regions: 49->36(44)
[23.108s][info][gc,heap     ] GC(54) Old regions: 410->460
[23.108s][info][gc,heap     ] GC(54) Humongous regions: 8->8
[23.108s][info][gc,metaspace] GC(54) Metaspace: 17256K(17408K)->17256K(17408K) NonClass: 14644K(14720K)->14644K(14720K) Class: 2612K(2688K)->2612K(2688K)
[23.108s][info][gc          ] GC(54) Pause Young (Normal) (G1 Evacuation Pause) 765M->503M(916M) 106.535ms
[23.108s][info][gc,cpu      ] GC(54) User=0.22s Sys=0.00s Real=0.10s
[23.374s][info][gc,marking  ] GC(52) Concurrent Rebuild Remembered Sets and Scrub Regions 511.508ms
[23.375s][info][gc,start    ] GC(52) Pause Cleanup
[23.375s][info][gc          ] GC(52) Pause Cleanup 712M->712M(916M) 0.109ms
[23.375s][info][gc,cpu      ] GC(52) User=0.00s Sys=0.00s Real=0.00s
[23.375s][info][gc,marking  ] GC(52) Concurrent Clear Claimed Marks
[23.375s][info][gc,marking  ] GC(52) Concurrent Clear Claimed Marks 0.044ms
[23.375s][info][gc,marking  ] GC(52) Concurrent Cleanup for Next Mark
[23.382s][info][gc,marking  ] GC(52) Concurrent Cleanup for Next Mark 7.387ms
[23.382s][info][gc          ] GC(52) Concurrent Mark Cycle 1872.948ms
[23.445s][info][gc,start    ] GC(55) Pause Young (Prepare Mixed) (G1 Evacuation Pause)
[23.445s][info][gc,task     ] GC(55) Using 2 workers of 2 for evacuation
[23.543s][info][gc,phases   ] GC(55)   Pre Evacuate Collection Set: 0.28ms
[23.543s][info][gc,phases   ] GC(55)   Merge Heap Roots: 0.49ms
[23.543s][info][gc,phases   ] GC(55)   Evacuate Collection Set: 96.42ms
[23.543s][info][gc,phases   ] GC(55)   Post Evacuate Collection Set: 0.53ms
[23.543s][info][gc,phases   ] GC(55)   Other: 0.10ms
[23.543s][info][gc,heap     ] GC(55) Eden regions: 277->0(255)
[23.543s][info][gc,heap     ] GC(55) Survivor regions: 36->39(40)
[23.543s][info][gc,heap     ] GC(55) Old regions: 460->496
[23.543s][info][gc,heap     ] GC(55) Humongous regions: 8->8
[23.543s][info][gc,metaspace] GC(55) Metaspace: 17278K(17472K)->17278K(17472K) NonClass: 14665K(14784K)->14665K(14784K) Class: 2612K(2688K)->2612K(2688K)
[23.543s][info][gc          ] GC(55) Pause Young (Prepare Mixed) (G1 Evacuation Pause) 780M->542M(916M) 98.074ms
[23.543s][info][gc,cpu      ] GC(55) User=0.19s Sys=0.00s Real=0.10s
[23.904s][info][gc,start    ] GC(56) Pause Young (Mixed) (G1 Evacuation Pause)
[23.905s][info][gc,task     ] GC(56) Using 2 workers of 2 for evacuation
[23.957s][info][gc,phases   ] GC(56)   Pre Evacuate Collection Set: 0.46ms
[23.957s][info][gc,phases   ] GC(56)   Merge Heap Roots: 0.30ms
[23.957s][info][gc,phases   ] GC(56)   Evacuate Collection Set: 51.25ms
[23.957s][info][gc,phases   ] GC(56)   Post Evacuate Collection Set: 0.48ms
[23.957s][info][gc,phases   ] GC(56)   Other: 0.10ms
[23.957s][info][gc,heap     ] GC(56) Eden regions: 255->0(267)
[23.957s][info][gc,heap     ] GC(56) Survivor regions: 39->10(37)
[23.957s][info][gc,heap     ] GC(56) Old regions: 496->525
[23.957s][info][gc,heap     ] GC(56) Humongous regions: 8->8
[23.957s][info][gc,metaspace] GC(56) Metaspace: 17296K(17472K)->17296K(17472K) NonClass: 14684K(14784K)->14684K(14784K) Class: 2612K(2688K)->2612K(2688K)
[23.957s][info][gc          ] GC(56) Pause Young (Mixed) (G1 Evacuation Pause) 797M->543M(916M) 52.862ms
[23.957s][info][gc,cpu      ] GC(56) User=0.10s Sys=0.00s Real=0.05s
[24.385s][info][gc,start    ] GC(57) Pause Young (Concurrent Start) (G1 Evacuation Pause)
[24.385s][info][gc,task     ] GC(57) Using 2 workers of 2 for evacuation
[24.427s][info][gc,phases   ] GC(57)   Pre Evacuate Collection Set: 0.27ms
[24.427s][info][gc,phases   ] GC(57)   Merge Heap Roots: 0.36ms
[24.427s][info][gc,phases   ] GC(57)   Evacuate Collection Set: 41.50ms
[24.427s][info][gc,phases   ] GC(57)   Post Evacuate Collection Set: 0.48ms
[24.427s][info][gc,phases   ] GC(57)   Other: 0.13ms
[24.427s][info][gc,heap     ] GC(57) Eden regions: 267->0(254)
[24.427s][info][gc,heap     ] GC(57) Survivor regions: 10->33(35)
[24.427s][info][gc,heap     ] GC(57) Old regions: 525->525
[24.427s][info][gc,heap     ] GC(57) Humongous regions: 8->8
[24.427s][info][gc,metaspace] GC(57) Metaspace: 17303K(17536K)->17303K(17536K) NonClass: 14691K(14848K)->14691K(14848K) Class: 2612K(2688K)->2612K(2688K)
[24.428s][info][gc          ] GC(57) Pause Young (Concurrent Start) (G1 Evacuation Pause) 810M->566M(916M) 42.958ms
[24.428s][info][gc          ] GC(58) Concurrent Mark Cycle
[24.428s][info][gc,marking  ] GC(58) Concurrent Scan Root Regions
[24.428s][info][gc,cpu      ] GC(57) User=0.08s Sys=0.00s Real=0.04s
[24.507s][info][gc,marking  ] GC(58) Concurrent Scan Root Regions 79.783ms
[24.507s][info][gc,marking  ] GC(58) Concurrent Mark
[24.507s][info][gc,marking  ] GC(58) Concurrent Mark From Roots
[24.507s][info][gc,task     ] GC(58) Using 1 workers of 1 for marking
[25.193s][info][gc,start    ] GC(59) Pause Young (Normal) (G1 Evacuation Pause)
[25.193s][info][gc,task     ] GC(59) Using 2 workers of 2 for evacuation
[25.264s][info][gc,phases   ] GC(59)   Pre Evacuate Collection Set: 0.29ms
[25.264s][info][gc,phases   ] GC(59)   Merge Heap Roots: 0.24ms
[25.264s][info][gc,phases   ] GC(59)   Evacuate Collection Set: 69.26ms
[25.264s][info][gc,phases   ] GC(59)   Post Evacuate Collection Set: 0.73ms
[25.264s][info][gc,phases   ] GC(59)   Other: 0.10ms
[25.264s][info][gc,heap     ] GC(59) Eden regions: 254->0(237)
[25.264s][info][gc,heap     ] GC(59) Survivor regions: 33->35(36)
[25.264s][info][gc,heap     ] GC(59) Old regions: 525->558
[25.264s][info][gc,heap     ] GC(59) Humongous regions: 8->8
[25.264s][info][gc,metaspace] GC(59) Metaspace: 17324K(17536K)->17324K(17536K) NonClass: 14711K(14848K)->14711K(14848K) Class: 2613K(2688K)->2613K(2688K)
[25.264s][info][gc          ] GC(59) Pause Young (Normal) (G1 Evacuation Pause) 820M->600M(932M) 70.873ms
[25.264s][info][gc,cpu      ] GC(59) User=0.14s Sys=0.00s Real=0.07s
[25.913s][info][gc,marking  ] GC(58) Concurrent Mark From Roots 1405.914ms
[25.913s][info][gc,marking  ] GC(58) Concurrent Preclean
[25.913s][info][gc,marking  ] GC(58) Concurrent Preclean 0.032ms
[25.914s][info][gc,start    ] GC(58) Pause Remark
[25.922s][info][gc          ] GC(58) Pause Remark 797M->751M(932M) 8.282ms
[25.922s][info][gc,cpu      ] GC(58) User=0.01s Sys=0.00s Real=0.01s
[25.926s][info][gc,marking  ] GC(58) Concurrent Mark 1418.345ms
[25.926s][info][gc,marking  ] GC(58) Concurrent Rebuild Remembered Sets and Scrub Regions
[26.173s][info][gc,start    ] GC(60) Pause Young (Normal) (G1 Evacuation Pause)
[26.173s][info][gc,task     ] GC(60) Using 2 workers of 2 for evacuation
[26.265s][info][gc,phases   ] GC(60)   Pre Evacuate Collection Set: 0.26ms
[26.265s][info][gc,phases   ] GC(60)   Merge Heap Roots: 0.29ms
[26.265s][info][gc,phases   ] GC(60)   Evacuate Collection Set: 90.64ms
[26.265s][info][gc,phases   ] GC(60)   Post Evacuate Collection Set: 0.77ms
[26.265s][info][gc,phases   ] GC(60)   Other: 0.09ms
[26.265s][info][gc,heap     ] GC(60) Eden regions: 237->0(210)
[26.265s][info][gc,heap     ] GC(60) Survivor regions: 35->34(34)
[26.265s][info][gc,heap     ] GC(60) Old regions: 515->578
[26.265s][info][gc,heap     ] GC(60) Humongous regions: 5->5
[26.265s][info][gc,metaspace] GC(60) Metaspace: 17342K(17536K)->17342K(17536K) NonClass: 14728K(14848K)->14728K(14848K) Class: 2613K(2688K)->2613K(2688K)
[26.265s][info][gc          ] GC(60) Pause Young (Normal) (G1 Evacuation Pause) 791M->617M(932M) 92.293ms
[26.265s][info][gc,cpu      ] GC(60) User=0.18s Sys=0.00s Real=0.09s
[26.809s][info][gc,marking  ] GC(58) Concurrent Rebuild Remembered Sets and Scrub Regions 882.918ms
[26.811s][info][gc,start    ] GC(58) Pause Cleanup
[26.812s][info][gc          ] GC(58) Pause Cleanup 772M->772M(932M) 0.185ms
[26.812s][info][gc,cpu      ] GC(58) User=0.00s Sys=0.00s Real=0.00s
[26.812s][info][gc,marking  ] GC(58) Concurrent Clear Claimed Marks
[26.812s][info][gc,marking  ] GC(58) Concurrent Clear Claimed Marks 0.023ms
[26.812s][info][gc,marking  ] GC(58) Concurrent Cleanup for Next Mark
[26.817s][info][gc,marking  ] GC(58) Concurrent Cleanup for Next Mark 4.949ms
[26.817s][info][gc          ] GC(58) Concurrent Mark Cycle 2389.103ms
[26.966s][info][gc,start    ] GC(61) Pause Young (Prepare Mixed) (G1 Evacuation Pause)
[26.966s][info][gc,task     ] GC(61) Using 2 workers of 2 for evacuation
[27.041s][info][gc,phases   ] GC(61)   Pre Evacuate Collection Set: 0.28ms
[27.041s][info][gc,phases   ] GC(61)   Merge Heap Roots: 0.48ms
[27.041s][info][gc,phases   ] GC(61)   Evacuate Collection Set: 74.09ms
[27.041s][info][gc,phases   ] GC(61)   Post Evacuate Collection Set: 0.56ms
[27.041s][info][gc,phases   ] GC(61)   Other: 0.10ms
[27.041s][info][gc,heap     ] GC(61) Eden regions: 210->0(201)
[27.041s][info][gc,heap     ] GC(61) Survivor regions: 34->19(31)
[27.041s][info][gc,heap     ] GC(61) Old regions: 578->613
[27.041s][info][gc,heap     ] GC(61) Humongous regions: 8->8
[27.041s][info][gc,metaspace] GC(61) Metaspace: 17344K(17536K)->17344K(17536K) NonClass: 14731K(14848K)->14731K(14848K) Class: 2613K(2688K)->2613K(2688K)
[27.042s][info][gc          ] GC(61) Pause Young (Prepare Mixed) (G1 Evacuation Pause) 830M->639M(932M) 75.761ms
[27.042s][info][gc,cpu      ] GC(61) User=0.15s Sys=0.00s Real=0.08s
[27.296s][info][gc,start    ] GC(62) Pause Young (Mixed) (G1 Evacuation Pause)
[27.296s][info][gc,task     ] GC(62) Using 2 workers of 2 for evacuation
[27.387s][info][gc,phases   ] GC(62)   Pre Evacuate Collection Set: 0.32ms
[27.387s][info][gc,phases   ] GC(62)   Merge Heap Roots: 0.65ms
[27.387s][info][gc,phases   ] GC(62)   Evacuate Collection Set: 89.40ms
[27.387s][info][gc,phases   ] GC(62)   Post Evacuate Collection Set: 0.79ms
[27.387s][info][gc,phases   ] GC(62)   Other: 0.09ms
[27.387s][info][gc,heap     ] GC(62) Eden regions: 201->0(229)
[27.387s][info][gc,heap     ] GC(62) Survivor regions: 19->28(28)
[27.387s][info][gc,heap     ] GC(62) Old regions: 613->551
[27.387s][info][gc,heap     ] GC(62) Humongous regions: 8->8
[27.387s][info][gc,metaspace] GC(62) Metaspace: 17344K(17536K)->17344K(17536K) NonClass: 14731K(14848K)->14731K(14848K) Class: 2613K(2688K)->2613K(2688K)
[27.387s][info][gc          ] GC(62) Pause Young (Mixed) (G1 Evacuation Pause) 840M->587M(932M) 91.513ms
[27.387s][info][gc,cpu      ] GC(62) User=0.18s Sys=0.00s Real=0.09s
[27.689s][info][gc,start    ] GC(63) Pause Young (Mixed) (G1 Evacuation Pause)
[27.689s][info][gc,task     ] GC(63) Using 2 workers of 2 for evacuation
[27.813s][info][gc,phases   ] GC(63)   Pre Evacuate Collection Set: 0.47ms
[27.813s][info][gc,phases   ] GC(63)   Merge Heap Roots: 1.23ms
[27.813s][info][gc,phases   ] GC(63)   Evacuate Collection Set: 119.91ms
[27.813s][info][gc,phases   ] GC(63)   Post Evacuate Collection Set: 2.49ms
[27.813s][info][gc,phases   ] GC(63)   Other: 0.67ms
[27.813s][info][gc,heap     ] GC(63) Eden regions: 229->0(41)
[27.813s][info][gc,heap     ] GC(63) Survivor regions: 28->5(33)
[27.813s][info][gc,heap     ] GC(63) Old regions: 551->565
[27.813s][info][gc,heap     ] GC(63) Humongous regions: 8->8
[27.813s][info][gc,metaspace] GC(63) Metaspace: 17344K(17536K)->17344K(17536K) NonClass: 14731K(14848K)->14731K(14848K) Class: 2613K(2688K)->2613K(2688K)
[27.814s][info][gc          ] GC(63) Pause Young (Mixed) (G1 Evacuation Pause) 816M->577M(932M) 125.007ms
[27.814s][info][gc,cpu      ] GC(63) User=0.19s Sys=0.01s Real=0.13s
[27.971s][info][gc,start    ] GC(64) Pause Young (Mixed) (G1 Evacuation Pause)
[27.971s][info][gc,task     ] GC(64) Using 2 workers of 2 for evacuation
[28.184s][info][gc,mmu      ] GC(64) MMU target violated: 201.0ms (200.0ms/201.0ms)
[28.185s][info][gc,phases   ] GC(64)   Pre Evacuate Collection Set: 0.42ms
[28.185s][info][gc,phases   ] GC(64)   Merge Heap Roots: 3.39ms
[28.185s][info][gc,phases   ] GC(64)   Evacuate Collection Set: 209.49ms
[28.185s][info][gc,phases   ] GC(64)   Post Evacuate Collection Set: 0.37ms
[28.185s][info][gc,phases   ] GC(64)   Other: 0.10ms
[28.185s][info][gc,heap     ] GC(64) Eden regions: 41->0(250)
[28.185s][info][gc,heap     ] GC(64) Survivor regions: 5->4(6)
[28.185s][info][gc,heap     ] GC(64) Old regions: 565->568
[28.185s][info][gc,heap     ] GC(64) Humongous regions: 8->8
[28.185s][info][gc,metaspace] GC(64) Metaspace: 17344K(17536K)->17344K(17536K) NonClass: 14731K(14848K)->14731K(14848K) Class: 2613K(2688K)->2613K(2688K)
[28.185s][info][gc          ] GC(64) Pause Young (Mixed) (G1 Evacuation Pause) 618M->580M(932M) 213.951ms
[28.185s][info][gc,cpu      ] GC(64) User=0.31s Sys=0.01s Real=0.21s
[28.708s][info][gc,start    ] GC(65) Pause Young (Concurrent Start) (G1 Evacuation Pause)
[28.708s][info][gc,task     ] GC(65) Using 2 workers of 2 for evacuation
[28.751s][info][gc,phases   ] GC(65)   Pre Evacuate Collection Set: 0.38ms
[28.751s][info][gc,phases   ] GC(65)   Merge Heap Roots: 0.59ms
[28.751s][info][gc,phases   ] GC(65)   Evacuate Collection Set: 40.47ms
[28.751s][info][gc,phases   ] GC(65)   Post Evacuate Collection Set: 0.75ms
[28.751s][info][gc,phases   ] GC(65)   Other: 0.20ms
[28.751s][info][gc,heap     ] GC(65) Eden regions: 250->0(252)
[28.751s][info][gc,heap     ] GC(65) Survivor regions: 4->26(32)
[28.751s][info][gc,heap     ] GC(65) Old regions: 568->568
[28.751s][info][gc,heap     ] GC(65) Humongous regions: 8->8
[28.751s][info][gc,metaspace] GC(65) Metaspace: 17344K(17536K)->17344K(17536K) NonClass: 14731K(14848K)->14731K(14848K) Class: 2613K(2688K)->2613K(2688K)
[28.751s][info][gc          ] GC(65) Pause Young (Concurrent Start) (G1 Evacuation Pause) 830M->602M(951M) 42.632ms
[28.751s][info][gc          ] GC(66) Concurrent Mark Cycle
[28.751s][info][gc,marking  ] GC(66) Concurrent Scan Root Regions
[28.753s][info][gc,cpu      ] GC(65) User=0.09s Sys=0.00s Real=0.05s
[28.799s][info][gc,marking  ] GC(66) Concurrent Scan Root Regions 48.394ms
[28.799s][info][gc,marking  ] GC(66) Concurrent Mark
[28.799s][info][gc,marking  ] GC(66) Concurrent Mark From Roots
[28.799s][info][gc,task     ] GC(66) Using 1 workers of 1 for marking
[29.655s][info][gc,start    ] GC(67) Pause Young (Normal) (G1 Evacuation Pause)
[29.655s][info][gc,task     ] GC(67) Using 2 workers of 2 for evacuation
[29.741s][info][gc,phases   ] GC(67)   Pre Evacuate Collection Set: 0.30ms
[29.741s][info][gc,phases   ] GC(67)   Merge Heap Roots: 0.26ms
[29.741s][info][gc,phases   ] GC(67)   Evacuate Collection Set: 84.42ms
[29.741s][info][gc,phases   ] GC(67)   Post Evacuate Collection Set: 0.66ms
[29.741s][info][gc,phases   ] GC(67)   Other: 0.12ms
[29.741s][info][gc,heap     ] GC(67) Eden regions: 252->0(184)
[29.741s][info][gc,heap     ] GC(67) Survivor regions: 26->35(35)
[29.741s][info][gc,heap     ] GC(67) Old regions: 568->623
[29.741s][info][gc,heap     ] GC(67) Humongous regions: 8->8
[29.741s][info][gc,metaspace] GC(67) Metaspace: 17354K(17536K)->17354K(17536K) NonClass: 14741K(14848K)->14741K(14848K) Class: 2613K(2688K)->2613K(2688K)
[29.741s][info][gc          ] GC(67) Pause Young (Normal) (G1 Evacuation Pause) 854M->665M(951M) 85.995ms
[29.741s][info][gc,cpu      ] GC(67) User=0.17s Sys=0.00s Real=0.09s
[30.083s][info][gc,marking  ] GC(66) Concurrent Mark From Roots 1283.592ms
[30.083s][info][gc,marking  ] GC(66) Concurrent Preclean
[30.083s][info][gc,marking  ] GC(66) Concurrent Preclean 0.029ms
[30.083s][info][gc,start    ] GC(66) Pause Remark
[30.090s][info][gc          ] GC(66) Pause Remark 754M->618M(951M) 6.563ms
[30.090s][info][gc,cpu      ] GC(66) User=0.02s Sys=0.00s Real=0.00s
[30.092s][info][gc,marking  ] GC(66) Concurrent Mark 1292.915ms
[30.092s][info][gc,marking  ] GC(66) Concurrent Rebuild Remembered Sets and Scrub Regions
[30.321s][info][gc,start    ] GC(68) Pause Young (Normal) (G1 Evacuation Pause)
[30.321s][info][gc,task     ] GC(68) Using 2 workers of 2 for evacuation
[30.390s][info][gc,phases   ] GC(68)   Pre Evacuate Collection Set: 0.31ms
[30.390s][info][gc,phases   ] GC(68)   Merge Heap Roots: 0.43ms
[30.390s][info][gc,phases   ] GC(68)   Evacuate Collection Set: 68.14ms
[30.390s][info][gc,phases   ] GC(68)   Post Evacuate Collection Set: 0.47ms
[30.390s][info][gc,phases   ] GC(68)   Other: 0.11ms
[30.390s][info][gc,heap     ] GC(68) Eden regions: 184->0(273)
[30.390s][info][gc,heap     ] GC(68) Survivor regions: 35->21(28)
[30.390s][info][gc,heap     ] GC(68) Old regions: 491->526
[30.390s][info][gc,heap     ] GC(68) Humongous regions: 4->4
[30.390s][info][gc,metaspace] GC(68) Metaspace: 17362K(17536K)->17362K(17536K) NonClass: 14748K(14848K)->14748K(14848K) Class: 2613K(2688K)->2613K(2688K)
[30.390s][info][gc          ] GC(68) Pause Young (Normal) (G1 Evacuation Pause) 713M->550M(951M) 69.727ms
[30.390s][info][gc,cpu      ] GC(68) User=0.14s Sys=0.00s Real=0.06s
[30.595s][info][gc,marking  ] GC(66) Concurrent Rebuild Remembered Sets and Scrub Regions 503.078ms
[30.596s][info][gc,start    ] GC(66) Pause Cleanup
[30.596s][info][gc          ] GC(66) Pause Cleanup 601M->601M(951M) 0.126ms
[30.596s][info][gc,cpu      ] GC(66) User=0.00s Sys=0.00s Real=0.00s
[30.596s][info][gc,marking  ] GC(66) Concurrent Clear Claimed Marks
[30.596s][info][gc,marking  ] GC(66) Concurrent Clear Claimed Marks 0.025ms
[30.596s][info][gc,marking  ] GC(66) Concurrent Cleanup for Next Mark
[30.599s][info][gc,marking  ] GC(66) Concurrent Cleanup for Next Mark 2.955ms
[30.599s][info][gc          ] GC(66) Concurrent Mark Cycle 1847.880ms
[30.878s][info][gc,start    ] GC(69) Pause Young (Prepare Mixed) (G1 Evacuation Pause)
[30.878s][info][gc,task     ] GC(69) Using 2 workers of 2 for evacuation
[30.966s][info][gc,phases   ] GC(69)   Pre Evacuate Collection Set: 0.27ms
[30.966s][info][gc,phases   ] GC(69)   Merge Heap Roots: 0.47ms
[30.966s][info][gc,phases   ] GC(69)   Evacuate Collection Set: 86.85ms
[30.966s][info][gc,phases   ] GC(69)   Post Evacuate Collection Set: 0.59ms
[30.966s][info][gc,phases   ] GC(69)   Other: 0.11ms
[30.966s][info][gc,heap     ] GC(69) Eden regions: 273->0(10)
[30.966s][info][gc,heap     ] GC(69) Survivor regions: 21->37(37)
[30.966s][info][gc,heap     ] GC(69) Old regions: 526->560
[30.966s][info][gc,heap     ] GC(69) Humongous regions: 7->7
[30.966s][info][gc,metaspace] GC(69) Metaspace: 17364K(17536K)->17364K(17536K) NonClass: 14750K(14848K)->14750K(14848K) Class: 2613K(2688K)->2613K(2688K)
[30.966s][info][gc          ] GC(69) Pause Young (Prepare Mixed) (G1 Evacuation Pause) 826M->604M(951M) 88.540ms
[30.966s][info][gc,cpu      ] GC(69) User=0.17s Sys=0.00s Real=0.09s
[30.983s][info][gc,start    ] GC(70) Pause Young (Mixed) (G1 Evacuation Pause)
[30.983s][info][gc,task     ] GC(70) Using 2 workers of 2 for evacuation
[31.035s][info][gc,phases   ] GC(70)   Pre Evacuate Collection Set: 0.26ms
[31.035s][info][gc,phases   ] GC(70)   Merge Heap Roots: 0.26ms
[31.035s][info][gc,phases   ] GC(70)   Evacuate Collection Set: 50.95ms
[31.035s][info][gc,phases   ] GC(70)   Post Evacuate Collection Set: 0.26ms
[31.035s][info][gc,phases   ] GC(70)   Other: 0.08ms
[31.035s][info][gc,heap     ] GC(70) Eden regions: 15->0(185)
[31.035s][info][gc,heap     ] GC(70) Survivor regions: 37->2(7)
[31.035s][info][gc,heap     ] GC(70) Old regions: 560->587
[31.035s][info][gc,heap     ] GC(70) Humongous regions: 7->7
[31.035s][info][gc,metaspace] GC(70) Metaspace: 17364K(17536K)->17364K(17536K) NonClass: 14750K(14848K)->14750K(14848K) Class: 2613K(2688K)->2613K(2688K)
[31.035s][info][gc          ] GC(70) Pause Young (Mixed) (G1 Evacuation Pause) 619M->595M(951M) 52.010ms
[31.035s][info][gc,cpu      ] GC(70) User=0.10s Sys=0.00s Real=0.05s
[31.233s][info][gc,start    ] GC(71) Pause Young (Mixed) (G1 Evacuation Pause)
[31.233s][info][gc,task     ] GC(71) Using 2 workers of 2 for evacuation
[31.245s][info][gc,phases   ] GC(71)   Pre Evacuate Collection Set: 0.27ms
[31.245s][info][gc,phases   ] GC(71)   Merge Heap Roots: 0.21ms
[31.245s][info][gc,phases   ] GC(71)   Evacuate Collection Set: 11.02ms
[31.245s][info][gc,phases   ] GC(71)   Post Evacuate Collection Set: 0.38ms
[31.245s][info][gc,phases   ] GC(71)   Other: 0.09ms
[31.245s][info][gc,heap     ] GC(71) Eden regions: 209->0(252)
[31.245s][info][gc,heap     ] GC(71) Survivor regions: 2->5(27)
[31.245s][info][gc,heap     ] GC(71) Old regions: 587->576
[31.245s][info][gc,heap     ] GC(71) Humongous regions: 7->7
[31.245s][info][gc,metaspace] GC(71) Metaspace: 17364K(17536K)->17364K(17536K) NonClass: 14750K(14848K)->14750K(14848K) Class: 2613K(2688K)->2613K(2688K)
[31.245s][info][gc          ] GC(71) Pause Young (Mixed) (G1 Evacuation Pause) 804M->588M(951M) 12.191ms
[31.245s][info][gc,cpu      ] GC(71) User=0.02s Sys=0.01s Real=0.01s
[31.630s][info][gc,start    ] GC(72) Pause Young (Mixed) (G1 Evacuation Pause)
[31.630s][info][gc,task     ] GC(72) Using 2 workers of 2 for evacuation
[31.659s][info][gc,phases   ] GC(72)   Pre Evacuate Collection Set: 0.49ms
[31.659s][info][gc,phases   ] GC(72)   Merge Heap Roots: 0.30ms
[31.659s][info][gc,phases   ] GC(72)   Evacuate Collection Set: 28.10ms
[31.659s][info][gc,phases   ] GC(72)   Post Evacuate Collection Set: 0.51ms
[31.659s][info][gc,phases   ] GC(72)   Other: 0.09ms
[31.659s][info][gc,heap     ] GC(72) Eden regions: 252->0(291)
[31.659s][info][gc,heap     ] GC(72) Survivor regions: 5->20(33)
[31.659s][info][gc,heap     ] GC(72) Old regions: 576->519
[31.659s][info][gc,heap     ] GC(72) Humongous regions: 7->7
[31.659s][info][gc,metaspace] GC(72) Metaspace: 17364K(17536K)->17364K(17536K) NonClass: 14751K(14848K)->14751K(14848K) Class: 2613K(2688K)->2613K(2688K)
[31.659s][info][gc          ] GC(72) Pause Young (Mixed) (G1 Evacuation Pause) 840M->545M(951M) 29.715ms
[31.659s][info][gc,cpu      ] GC(72) User=0.06s Sys=0.00s Real=0.03s
[32.399s][info][gc,start    ] GC(73) Pause Young (Concurrent Start) (G1 Evacuation Pause)
[32.399s][info][gc,task     ] GC(73) Using 2 workers of 2 for evacuation
[32.459s][info][gc,phases   ] GC(73)   Pre Evacuate Collection Set: 0.38ms
[32.459s][info][gc,phases   ] GC(73)   Merge Heap Roots: 0.33ms
[32.459s][info][gc,phases   ] GC(73)   Evacuate Collection Set: 57.96ms
[32.459s][info][gc,phases   ] GC(73)   Post Evacuate Collection Set: 0.59ms
[32.459s][info][gc,phases   ] GC(73)   Other: 0.20ms
[32.459s][info][gc,heap     ] GC(73) Eden regions: 291->0(290)
[32.459s][info][gc,heap     ] GC(73) Survivor regions: 20->35(39)
[32.459s][info][gc,heap     ] GC(73) Old regions: 519->519
[32.459s][info][gc,heap     ] GC(73) Humongous regions: 7->7
[32.459s][info][gc,metaspace] GC(73) Metaspace: 17366K(17536K)->17366K(17536K) NonClass: 14753K(14848K)->14753K(14848K) Class: 2613K(2688K)->2613K(2688K)
[32.459s][info][gc          ] GC(73) Pause Young (Concurrent Start) (G1 Evacuation Pause) 836M->560M(951M) 59.710ms
[32.459s][info][gc          ] GC(74) Concurrent Mark Cycle
[32.459s][info][gc,marking  ] GC(74) Concurrent Scan Root Regions
[32.460s][info][gc,cpu      ] GC(73) User=0.12s Sys=0.00s Real=0.07s
[32.524s][info][gc,marking  ] GC(74) Concurrent Scan Root Regions 65.286ms
[32.524s][info][gc,marking  ] GC(74) Concurrent Mark
[32.524s][info][gc,marking  ] GC(74) Concurrent Mark From Roots
[32.524s][info][gc,task     ] GC(74) Using 1 workers of 1 for marking
[33.867s][info][gc,start    ] GC(75) Pause Young (Normal) (G1 Evacuation Pause)
[33.867s][info][gc,task     ] GC(75) Using 2 workers of 2 for evacuation
[33.920s][info][gc,phases   ] GC(75)   Pre Evacuate Collection Set: 0.28ms
[33.920s][info][gc,phases   ] GC(75)   Merge Heap Roots: 0.47ms
[33.920s][info][gc,phases   ] GC(75)   Evacuate Collection Set: 51.54ms
[33.920s][info][gc,phases   ] GC(75)   Post Evacuate Collection Set: 0.50ms
[33.920s][info][gc,phases   ] GC(75)   Other: 0.07ms
[33.920s][info][gc,heap     ] GC(75) Eden regions: 290->0(301)
[33.920s][info][gc,heap     ] GC(75) Survivor regions: 35->20(41)
[33.920s][info][gc,heap     ] GC(75) Old regions: 519->538
[33.920s][info][gc,heap     ] GC(75) Humongous regions: 7->7
[33.920s][info][gc,metaspace] GC(75) Metaspace: 17382K(17536K)->17382K(17536K) NonClass: 14768K(14848K)->14768K(14848K) Class: 2613K(2688K)->2613K(2688K)
[33.920s][info][gc          ] GC(75) Pause Young (Normal) (G1 Evacuation Pause) 850M->564M(951M) 53.052ms
[33.920s][info][gc,cpu      ] GC(75) User=0.10s Sys=0.00s Real=0.06s
[34.588s][info][gc,marking  ] GC(74) Concurrent Mark From Roots 2063.774ms
[34.588s][info][gc,marking  ] GC(74) Concurrent Preclean
[34.588s][info][gc,marking  ] GC(74) Concurrent Preclean 0.047ms
[34.588s][info][gc,start    ] GC(74) Pause Remark
[34.595s][info][gc          ] GC(74) Pause Remark 815M->814M(951M) 6.343ms
[34.595s][info][gc,cpu      ] GC(74) User=0.02s Sys=0.00s Real=0.01s
[34.596s][info][gc,marking  ] GC(74) Concurrent Mark 2072.050ms
[34.597s][info][gc,marking  ] GC(74) Concurrent Rebuild Remembered Sets and Scrub Regions
[34.709s][info][gc,start    ] GC(76) Pause Young (Normal) (G1 Evacuation Pause)
[34.709s][info][gc,task     ] GC(76) Using 2 workers of 2 for evacuation
[34.795s][info][gc,phases   ] GC(76)   Pre Evacuate Collection Set: 0.27ms
[34.795s][info][gc,phases   ] GC(76)   Merge Heap Roots: 0.18ms
[34.795s][info][gc,phases   ] GC(76)   Evacuate Collection Set: 84.71ms
[34.795s][info][gc,phases   ] GC(76)   Post Evacuate Collection Set: 0.77ms
[34.795s][info][gc,phases   ] GC(76)   Other: 0.10ms
[34.795s][info][gc,heap     ] GC(76) Eden regions: 301->0(231)
[34.795s][info][gc,heap     ] GC(76) Survivor regions: 20->41(41)
[34.795s][info][gc,heap     ] GC(76) Old regions: 538->586
[34.795s][info][gc,heap     ] GC(76) Humongous regions: 6->6
[34.795s][info][gc,metaspace] GC(76) Metaspace: 17382K(17536K)->17382K(17536K) NonClass: 14769K(14848K)->14769K(14848K) Class: 2613K(2688K)->2613K(2688K)
[34.795s][info][gc          ] GC(76) Pause Young (Normal) (G1 Evacuation Pause) 864M->633M(954M) 86.262ms
[34.795s][info][gc,cpu      ] GC(76) User=0.17s Sys=0.00s Real=0.09s
[35.313s][info][gc,marking  ] GC(74) Concurrent Rebuild Remembered Sets and Scrub Regions 716.951ms
[35.314s][info][gc,start    ] GC(74) Pause Cleanup
[35.314s][info][gc          ] GC(74) Pause Cleanup 842M->842M(954M) 0.102ms
[35.314s][info][gc,cpu      ] GC(74) User=0.00s Sys=0.00s Real=0.00s
[35.314s][info][gc,marking  ] GC(74) Concurrent Clear Claimed Marks
[35.314s][info][gc,marking  ] GC(74) Concurrent Clear Claimed Marks 0.059ms
[35.314s][info][gc,marking  ] GC(74) Concurrent Cleanup for Next Mark
[35.317s][info][gc,marking  ] GC(74) Concurrent Cleanup for Next Mark 2.867ms
[35.317s][info][gc          ] GC(74) Concurrent Mark Cycle 2858.224ms
[35.351s][info][gc,start    ] GC(77) Pause Young (Prepare Mixed) (G1 Evacuation Pause)
[35.351s][info][gc,task     ] GC(77) Using 2 workers of 2 for evacuation
[35.453s][info][gc,phases   ] GC(77)   Pre Evacuate Collection Set: 0.45ms
[35.454s][info][gc,phases   ] GC(77)   Merge Heap Roots: 0.47ms
[35.454s][info][gc,phases   ] GC(77)   Evacuate Collection Set: 100.91ms
[35.454s][info][gc,phases   ] GC(77)   Post Evacuate Collection Set: 0.56ms
[35.454s][info][gc,phases   ] GC(77)   Other: 0.08ms
[35.454s][info][gc,heap     ] GC(77) Eden regions: 231->0(165)
[35.454s][info][gc,heap     ] GC(77) Survivor regions: 41->34(34)
[35.454s][info][gc,heap     ] GC(77) Old regions: 586->628
[35.454s][info][gc,heap     ] GC(77) Humongous regions: 9->9
[35.454s][info][gc,metaspace] GC(77) Metaspace: 17383K(17536K)->17383K(17536K) NonClass: 14770K(14848K)->14770K(14848K) Class: 2613K(2688K)->2613K(2688K)
[35.454s][info][gc          ] GC(77) Pause Young (Prepare Mixed) (G1 Evacuation Pause) 867M->670M(954M) 102.671ms
[35.454s][info][gc,cpu      ] GC(77) User=0.21s Sys=0.00s Real=0.10s
[35.681s][info][gc,start    ] GC(78) Pause Young (Mixed) (G1 Evacuation Pause)
[35.681s][info][gc,task     ] GC(78) Using 2 workers of 2 for evacuation
[35.754s][info][gc,phases   ] GC(78)   Pre Evacuate Collection Set: 0.28ms
[35.755s][info][gc,phases   ] GC(78)   Merge Heap Roots: 0.32ms
[35.755s][info][gc,phases   ] GC(78)   Evacuate Collection Set: 72.08ms
[35.755s][info][gc,phases   ] GC(78)   Post Evacuate Collection Set: 0.41ms
[35.755s][info][gc,phases   ] GC(78)   Other: 0.10ms
[35.755s][info][gc,heap     ] GC(78) Eden regions: 176->0(183)
[35.755s][info][gc,heap     ] GC(78) Survivor regions: 34->23(27)
[35.755s][info][gc,heap     ] GC(78) Old regions: 628->661
[35.755s][info][gc,heap     ] GC(78) Humongous regions: 9->9
[35.755s][info][gc,metaspace] GC(78) Metaspace: 17384K(17536K)->17384K(17536K) NonClass: 14771K(14848K)->14771K(14848K) Class: 2613K(2688K)->2613K(2688K)
[35.755s][info][gc          ] GC(78) Pause Young (Mixed) (G1 Evacuation Pause) 846M->692M(954M) 73.443ms
[35.755s][info][gc,cpu      ] GC(78) User=0.14s Sys=0.00s Real=0.07s
[35.943s][info][gc,start    ] GC(79) Pause Young (Mixed) (G1 Evacuation Pause)
[35.943s][info][gc,task     ] GC(79) Using 2 workers of 2 for evacuation
[35.979s][info][gc,phases   ] GC(79)   Pre Evacuate Collection Set: 0.30ms
[35.979s][info][gc,phases   ] GC(79)   Merge Heap Roots: 0.37ms
[35.979s][info][gc,phases   ] GC(79)   Evacuate Collection Set: 33.95ms
[35.979s][info][gc,phases   ] GC(79)   Post Evacuate Collection Set: 0.55ms
[35.979s][info][gc,phases   ] GC(79)   Other: 0.09ms
[35.979s][info][gc,heap     ] GC(79) Eden regions: 183->0(207)
[35.979s][info][gc,heap     ] GC(79) Survivor regions: 23->2(26)
[35.979s][info][gc,heap     ] GC(79) Old regions: 661->674
[35.979s][info][gc,heap     ] GC(79) Humongous regions: 9->9
[35.979s][info][gc,metaspace] GC(79) Metaspace: 17384K(17536K)->17384K(17536K) NonClass: 14771K(14848K)->14771K(14848K) Class: 2613K(2688K)->2613K(2688K)
[35.979s][info][gc          ] GC(79) Pause Young (Mixed) (G1 Evacuation Pause) 875M->684M(964M) 35.508ms
[35.979s][info][gc,cpu      ] GC(79) User=0.07s Sys=0.01s Real=0.03s
[36.251s][info][gc,start    ] GC(80) Pause Young (Concurrent Start) (G1 Evacuation Pause)
[36.252s][info][gc,task     ] GC(80) Using 2 workers of 2 for evacuation
[36.282s][info][gc,phases   ] GC(80)   Pre Evacuate Collection Set: 0.29ms
[36.282s][info][gc,phases   ] GC(80)   Merge Heap Roots: 0.44ms
[36.282s][info][gc,phases   ] GC(80)   Evacuate Collection Set: 28.94ms
[36.282s][info][gc,phases   ] GC(80)   Post Evacuate Collection Set: 0.44ms
[36.282s][info][gc,phases   ] GC(80)   Other: 0.13ms
[36.282s][info][gc,heap     ] GC(80) Eden regions: 207->0(202)
[36.282s][info][gc,heap     ] GC(80) Survivor regions: 2->14(27)
[36.282s][info][gc,heap     ] GC(80) Old regions: 674->674
[36.282s][info][gc,heap     ] GC(80) Humongous regions: 9->9
[36.282s][info][gc,metaspace] GC(80) Metaspace: 17384K(17536K)->17384K(17536K) NonClass: 14771K(14848K)->14771K(14848K) Class: 2613K(2688K)->2613K(2688K)
[36.282s][info][gc          ] GC(80) Pause Young (Concurrent Start) (G1 Evacuation Pause) 891M->697M(964M) 30.464ms
[36.282s][info][gc          ] GC(81) Concurrent Mark Cycle
[36.282s][info][gc,marking  ] GC(81) Concurrent Scan Root Regions
[36.282s][info][gc,cpu      ] GC(80) User=0.06s Sys=0.00s Real=0.03s
[36.309s][info][gc,marking  ] GC(81) Concurrent Scan Root Regions 27.327ms
[36.309s][info][gc,marking  ] GC(81) Concurrent Mark
[36.309s][info][gc,marking  ] GC(81) Concurrent Mark From Roots
[36.309s][info][gc,task     ] GC(81) Using 1 workers of 1 for marking
[36.954s][info][gc,start    ] GC(82) Pause Young (Normal) (G1 Evacuation Pause)
[36.954s][info][gc,task     ] GC(82) Using 2 workers of 2 for evacuation
[37.002s][info][gc,phases   ] GC(82)   Pre Evacuate Collection Set: 0.27ms
[37.002s][info][gc,phases   ] GC(82)   Merge Heap Roots: 0.27ms
[37.002s][info][gc,phases   ] GC(82)   Evacuate Collection Set: 47.34ms
[37.002s][info][gc,phases   ] GC(82)   Post Evacuate Collection Set: 0.43ms
[37.002s][info][gc,phases   ] GC(82)   Other: 0.09ms
[37.002s][info][gc,heap     ] GC(82) Eden regions: 202->0(162)
[37.002s][info][gc,heap     ] GC(82) Survivor regions: 14->27(27)
[37.002s][info][gc,heap     ] GC(82) Old regions: 674->690
[37.002s][info][gc,heap     ] GC(82) Humongous regions: 9->9
[37.002s][info][gc,metaspace] GC(82) Metaspace: 17400K(17664K)->17400K(17664K) NonClass: 14785K(14912K)->14785K(14912K) Class: 2615K(2752K)->2615K(2752K)
[37.002s][info][gc          ] GC(82) Pause Young (Normal) (G1 Evacuation Pause) 899M->725M(964M) 48.653ms
[37.002s][info][gc,cpu      ] GC(82) User=0.09s Sys=0.00s Real=0.05s
[37.486s][info][gc,start    ] GC(83) Pause Young (Normal) (G1 Evacuation Pause)
[37.486s][info][gc,task     ] GC(83) Using 2 workers of 2 for evacuation
[37.526s][info][gc,phases   ] GC(83)   Pre Evacuate Collection Set: 0.34ms
[37.526s][info][gc,phases   ] GC(83)   Merge Heap Roots: 0.16ms
[37.526s][info][gc,phases   ] GC(83)   Evacuate Collection Set: 39.40ms
[37.526s][info][gc,phases   ] GC(83)   Post Evacuate Collection Set: 0.39ms
[37.526s][info][gc,phases   ] GC(83)   Other: 0.08ms
[37.526s][info][gc,heap     ] GC(83) Eden regions: 162->0(163)
[37.526s][info][gc,heap     ] GC(83) Survivor regions: 27->13(24)
[37.526s][info][gc,heap     ] GC(83) Old regions: 690->717
[37.526s][info][gc,heap     ] GC(83) Humongous regions: 9->9
[37.526s][info][gc,metaspace] GC(83) Metaspace: 17430K(17664K)->17430K(17664K) NonClass: 14812K(14912K)->14812K(14912K) Class: 2618K(2752K)->2618K(2752K)
[37.526s][info][gc          ] GC(83) Pause Young (Normal) (G1 Evacuation Pause) 887M->738M(964M) 40.588ms
[37.526s][info][gc,cpu      ] GC(83) User=0.08s Sys=0.00s Real=0.04s
[38.063s][info][gc,start    ] GC(84) Pause Young (Normal) (G1 Evacuation Pause)
[38.063s][info][gc,task     ] GC(84) Using 2 workers of 2 for evacuation
[38.097s][info][gc,phases   ] GC(84)   Pre Evacuate Collection Set: 0.41ms
[38.097s][info][gc,phases   ] GC(84)   Merge Heap Roots: 0.18ms
[38.097s][info][gc,phases   ] GC(84)   Evacuate Collection Set: 32.07ms
[38.097s][info][gc,phases   ] GC(84)   Post Evacuate Collection Set: 0.41ms
[38.097s][info][gc,phases   ] GC(84)   Other: 0.07ms
[38.097s][info][gc,heap     ] GC(84) Eden regions: 163->0(138)
[38.097s][info][gc,heap     ] GC(84) Survivor regions: 13->22(22)
[38.097s][info][gc,heap     ] GC(84) Old regions: 717->724
[38.097s][info][gc,heap     ] GC(84) Humongous regions: 9->9
[38.097s][info][gc,metaspace] GC(84) Metaspace: 17464K(17728K)->17464K(17728K) NonClass: 14840K(14976K)->14840K(14976K) Class: 2624K(2752K)->2624K(2752K)
[38.097s][info][gc          ] GC(84) Pause Young (Normal) (G1 Evacuation Pause) 901M->754M(964M) 33.382ms
[38.097s][info][gc,cpu      ] GC(84) User=0.07s Sys=0.00s Real=0.03s
[38.247s][info][gc,marking  ] GC(81) Concurrent Mark From Roots 1937.961ms
[38.247s][info][gc,marking  ] GC(81) Concurrent Preclean
[38.247s][info][gc,marking  ] GC(81) Concurrent Preclean 0.045ms
[38.248s][info][gc,start    ] GC(81) Pause Remark
[38.258s][info][gc          ] GC(81) Pause Remark 814M->679M(978M) 9.613ms
[38.258s][info][gc,cpu      ] GC(81) User=0.02s Sys=0.00s Real=0.01s
[38.258s][info][gc,marking  ] GC(81) Concurrent Mark 1948.260ms
[38.258s][info][gc,marking  ] GC(81) Concurrent Rebuild Remembered Sets and Scrub Regions
[38.486s][info][gc,start    ] GC(85) Pause Young (Normal) (G1 Evacuation Pause)
[38.487s][info][gc,task     ] GC(85) Using 2 workers of 2 for evacuation
[38.519s][info][gc,phases   ] GC(85)   Pre Evacuate Collection Set: 0.45ms
[38.519s][info][gc,phases   ] GC(85)   Merge Heap Roots: 0.13ms
[38.519s][info][gc,phases   ] GC(85)   Evacuate Collection Set: 31.79ms
[38.519s][info][gc,phases   ] GC(85)   Post Evacuate Collection Set: 0.39ms
[38.519s][info][gc,phases   ] GC(85)   Other: 0.10ms
[38.519s][info][gc,heap     ] GC(85) Eden regions: 137->0(258)
[38.519s][info][gc,heap     ] GC(85) Survivor regions: 22->9(20)
[38.519s][info][gc,heap     ] GC(85) Old regions: 592->614
[38.519s][info][gc,heap     ] GC(85) Humongous regions: 6->6
[38.519s][info][gc,metaspace] GC(85) Metaspace: 17475K(17728K)->17475K(17728K) NonClass: 14850K(14976K)->14850K(14976K) Class: 2624K(2752K)->2624K(2752K)
[38.520s][info][gc          ] GC(85) Pause Young (Normal) (G1 Evacuation Pause) 756M->629M(978M) 33.095ms
[38.520s][info][gc,cpu      ] GC(85) User=0.07s Sys=0.00s Real=0.03s
[38.876s][info][gc,marking  ] GC(81) Concurrent Rebuild Remembered Sets and Scrub Regions 618.180ms
[38.876s][info][gc,start    ] GC(81) Pause Cleanup
[38.876s][info][gc          ] GC(81) Pause Cleanup 735M->735M(978M) 0.112ms
[38.876s][info][gc,cpu      ] GC(81) User=0.00s Sys=0.00s Real=0.00s
[38.876s][info][gc,marking  ] GC(81) Concurrent Clear Claimed Marks
[38.876s][info][gc,marking  ] GC(81) Concurrent Clear Claimed Marks 0.025ms
[38.876s][info][gc,marking  ] GC(81) Concurrent Cleanup for Next Mark
[38.879s][info][gc,marking  ] GC(81) Concurrent Cleanup for Next Mark 3.166ms
[38.879s][info][gc          ] GC(81) Concurrent Mark Cycle 2597.463ms
[39.270s][info][gc,start    ] GC(86) Pause Young (Prepare Mixed) (G1 Evacuation Pause)
[39.270s][info][gc,task     ] GC(86) Using 2 workers of 2 for evacuation
[39.293s][info][gc,phases   ] GC(86)   Pre Evacuate Collection Set: 0.44ms
[39.293s][info][gc,phases   ] GC(86)   Merge Heap Roots: 0.16ms
[39.293s][info][gc,phases   ] GC(86)   Evacuate Collection Set: 22.24ms
[39.293s][info][gc,phases   ] GC(86)   Post Evacuate Collection Set: 0.44ms
[39.293s][info][gc,phases   ] GC(86)   Other: 0.08ms
[39.293s][info][gc,heap     ] GC(86) Eden regions: 258->0(257)
[39.293s][info][gc,heap     ] GC(86) Survivor regions: 9->21(34)
[39.293s][info][gc,heap     ] GC(86) Old regions: 614->614
[39.293s][info][gc,heap     ] GC(86) Humongous regions: 6->6
[39.293s][info][gc,metaspace] GC(86) Metaspace: 17491K(17728K)->17491K(17728K) NonClass: 14867K(14976K)->14867K(14976K) Class: 2624K(2752K)->2624K(2752K)
[39.293s][info][gc          ] GC(86) Pause Young (Prepare Mixed) (G1 Evacuation Pause) 887M->640M(978M) 23.575ms
[39.293s][info][gc,cpu      ] GC(86) User=0.04s Sys=0.00s Real=0.03s
[39.690s][info][gc,start    ] GC(87) Pause Young (Mixed) (G1 Evacuation Pause)
[39.690s][info][gc,task     ] GC(87) Using 2 workers of 2 for evacuation
[39.753s][info][gc,phases   ] GC(87)   Pre Evacuate Collection Set: 0.31ms
[39.753s][info][gc,phases   ] GC(87)   Merge Heap Roots: 0.16ms
[39.753s][info][gc,phases   ] GC(87)   Evacuate Collection Set: 61.33ms
[39.753s][info][gc,phases   ] GC(87)   Post Evacuate Collection Set: 0.65ms
[39.753s][info][gc,phases   ] GC(87)   Other: 0.10ms
[39.753s][info][gc,heap     ] GC(87) Eden regions: 257->0(233)
[39.753s][info][gc,heap     ] GC(87) Survivor regions: 21->35(35)
[39.753s][info][gc,heap     ] GC(87) Old regions: 614->612
[39.753s][info][gc,heap     ] GC(87) Humongous regions: 6->6
[39.753s][info][gc,metaspace] GC(87) Metaspace: 17492K(17728K)->17492K(17728K) NonClass: 14868K(14976K)->14868K(14976K) Class: 2624K(2752K)->2624K(2752K)
[39.753s][info][gc          ] GC(87) Pause Young (Mixed) (G1 Evacuation Pause) 897M->653M(978M) 62.774ms
[39.753s][info][gc,cpu      ] GC(87) User=0.12s Sys=0.00s Real=0.07s
[40.089s][info][gc,start    ] GC(88) Pause Young (Concurrent Start) (G1 Evacuation Pause)
[40.090s][info][gc,task     ] GC(88) Using 2 workers of 2 for evacuation
[40.159s][info][gc,phases   ] GC(88)   Pre Evacuate Collection Set: 0.35ms
[40.159s][info][gc,phases   ] GC(88)   Merge Heap Roots: 0.33ms
[40.159s][info][gc,phases   ] GC(88)   Evacuate Collection Set: 68.60ms
[40.159s][info][gc,phases   ] GC(88)   Post Evacuate Collection Set: 0.49ms
[40.159s][info][gc,phases   ] GC(88)   Other: 0.11ms
[40.159s][info][gc,heap     ] GC(88) Eden regions: 233->0(203)
[40.159s][info][gc,heap     ] GC(88) Survivor regions: 35->34(34)
[40.159s][info][gc,heap     ] GC(88) Old regions: 612->649
[40.159s][info][gc,heap     ] GC(88) Humongous regions: 6->6
[40.159s][info][gc,metaspace] GC(88) Metaspace: 17493K(17728K)->17493K(17728K) NonClass: 14869K(14976K)->14869K(14976K) Class: 2624K(2752K)->2624K(2752K)
[40.160s][info][gc          ] GC(88) Pause Young (Concurrent Start) (G1 Evacuation Pause) 886M->689M(978M) 70.097ms
[40.160s][info][gc,cpu      ] GC(88) User=0.14s Sys=0.00s Real=0.07s
[40.160s][info][gc          ] GC(89) Concurrent Mark Cycle
[40.161s][info][gc,marking  ] GC(89) Concurrent Scan Root Regions
[40.242s][info][gc,marking  ] GC(89) Concurrent Scan Root Regions 80.335ms
[40.242s][info][gc,marking  ] GC(89) Concurrent Mark
[40.242s][info][gc,marking  ] GC(89) Concurrent Mark From Roots
[40.242s][info][gc,task     ] GC(89) Using 1 workers of 1 for marking
[40.689s][info][gc,start    ] GC(90) Pause Young (Normal) (G1 Evacuation Pause)
[40.689s][info][gc,task     ] GC(90) Using 2 workers of 2 for evacuation
[40.775s][info][gc,phases   ] GC(90)   Pre Evacuate Collection Set: 0.29ms
[40.775s][info][gc,phases   ] GC(90)   Merge Heap Roots: 0.26ms
[40.775s][info][gc,phases   ] GC(90)   Evacuate Collection Set: 85.35ms
[40.775s][info][gc,phases   ] GC(90)   Post Evacuate Collection Set: 0.54ms
[40.775s][info][gc,phases   ] GC(90)   Other: 0.08ms
[40.775s][info][gc,heap     ] GC(90) Eden regions: 203->0(165)
[40.775s][info][gc,heap     ] GC(90) Survivor regions: 34->30(30)
[40.775s][info][gc,heap     ] GC(90) Old regions: 649->693
[40.775s][info][gc,heap     ] GC(90) Humongous regions: 9->9
[40.775s][info][gc,metaspace] GC(90) Metaspace: 17494K(17728K)->17494K(17728K) NonClass: 14869K(14976K)->14869K(14976K) Class: 2624K(2752K)->2624K(2752K)
[40.775s][info][gc          ] GC(90) Pause Young (Normal) (G1 Evacuation Pause) 895M->732M(978M) 86.764ms
[40.775s][info][gc,cpu      ] GC(90) User=0.17s Sys=0.00s Real=0.09s
[41.007s][info][gc,start    ] GC(91) Pause Young (Normal) (G1 Evacuation Pause)
[41.007s][info][gc,task     ] GC(91) Using 2 workers of 2 for evacuation
[41.063s][info][gc,phases   ] GC(91)   Pre Evacuate Collection Set: 0.27ms
[41.063s][info][gc,phases   ] GC(91)   Merge Heap Roots: 0.30ms
[41.063s][info][gc,phases   ] GC(91)   Evacuate Collection Set: 54.85ms
[41.063s][info][gc,phases   ] GC(91)   Post Evacuate Collection Set: 0.39ms
[41.063s][info][gc,phases   ] GC(91)   Other: 0.09ms
[41.063s][info][gc,heap     ] GC(91) Eden regions: 165->0(160)
[41.063s][info][gc,heap     ] GC(91) Survivor regions: 30->15(25)
[41.063s][info][gc,heap     ] GC(91) Old regions: 693->724
[41.063s][info][gc,heap     ] GC(91) Humongous regions: 9->9
[41.063s][info][gc,metaspace] GC(91) Metaspace: 17494K(17728K)->17494K(17728K) NonClass: 14869K(14976K)->14869K(14976K) Class: 2624K(2752K)->2624K(2752K)
[41.063s][info][gc          ] GC(91) Pause Young (Normal) (G1 Evacuation Pause) 897M->747M(978M) 56.130ms
[41.063s][info][gc,cpu      ] GC(91) User=0.11s Sys=0.00s Real=0.06s
[41.370s][info][gc,start    ] GC(92) Pause Young (Normal) (G1 Evacuation Pause)
[41.370s][info][gc,task     ] GC(92) Using 2 workers of 2 for evacuation
[41.394s][info][gc,phases   ] GC(92)   Pre Evacuate Collection Set: 0.29ms
[41.394s][info][gc,phases   ] GC(92)   Merge Heap Roots: 0.22ms
[41.394s][info][gc,phases   ] GC(92)   Evacuate Collection Set: 22.78ms
[41.394s][info][gc,phases   ] GC(92)   Post Evacuate Collection Set: 0.36ms
[41.394s][info][gc,phases   ] GC(92)   Other: 0.09ms
[41.394s][info][gc,heap     ] GC(92) Eden regions: 160->0(165)
[41.394s][info][gc,heap     ] GC(92) Survivor regions: 15->4(22)
[41.394s][info][gc,heap     ] GC(92) Old regions: 724->738
[41.394s][info][gc,heap     ] GC(92) Humongous regions: 9->9
[41.394s][info][gc,metaspace] GC(92) Metaspace: 17494K(17728K)->17494K(17728K) NonClass: 14869K(14976K)->14869K(14976K) Class: 2624K(2752K)->2624K(2752K)
[41.394s][info][gc          ] GC(92) Pause Young (Normal) (G1 Evacuation Pause) 907M->751M(978M) 23.983ms
[41.394s][info][gc,cpu      ] GC(92) User=0.04s Sys=0.00s Real=0.03s
[41.682s][info][gc,marking  ] GC(89) Concurrent Mark From Roots 1440.342ms
[41.682s][info][gc,marking  ] GC(89) Concurrent Preclean
[41.682s][info][gc,marking  ] GC(89) Concurrent Preclean 0.033ms
[41.682s][info][gc,start    ] GC(89) Pause Remark
[41.689s][info][gc          ] GC(89) Pause Remark 876M->745M(978M) 6.650ms
[41.689s][info][gc,cpu      ] GC(89) User=0.01s Sys=0.00s Real=0.00s
[41.689s][info][gc,marking  ] GC(89) Concurrent Mark 1447.348ms
[41.689s][info][gc,marking  ] GC(89) Concurrent Rebuild Remembered Sets and Scrub Regions
[41.756s][info][gc,start    ] GC(93) Pause Young (Normal) (G1 Evacuation Pause)
[41.756s][info][gc,task     ] GC(93) Using 2 workers of 2 for evacuation
[41.786s][info][gc,phases   ] GC(93)   Pre Evacuate Collection Set: 0.25ms
[41.786s][info][gc,phases   ] GC(93)   Merge Heap Roots: 0.46ms
[41.786s][info][gc,phases   ] GC(93)   Evacuate Collection Set: 29.23ms
[41.786s][info][gc,phases   ] GC(93)   Post Evacuate Collection Set: 0.36ms
[41.786s][info][gc,phases   ] GC(93)   Other: 0.07ms
[41.786s][info][gc,heap     ] GC(93) Eden regions: 165->0(249)
[41.786s][info][gc,heap     ] GC(93) Survivor regions: 4->14(22)
[41.786s][info][gc,heap     ] GC(93) Old regions: 609->609
[41.786s][info][gc,heap     ] GC(93) Humongous regions: 7->7
[41.786s][info][gc,metaspace] GC(93) Metaspace: 17494K(17728K)->17494K(17728K) NonClass: 14870K(14976K)->14870K(14976K) Class: 2624K(2752K)->2624K(2752K)
[41.787s][info][gc          ] GC(93) Pause Young (Normal) (G1 Evacuation Pause) 785M->629M(978M) 30.586ms
[41.787s][info][gc,cpu      ] GC(93) User=0.06s Sys=0.00s Real=0.03s
[42.322s][info][gc,marking  ] GC(89) Concurrent Rebuild Remembered Sets and Scrub Regions 632.963ms
[42.322s][info][gc,start    ] GC(89) Pause Cleanup
[42.322s][info][gc          ] GC(89) Pause Cleanup 856M->856M(978M) 0.139ms
[42.322s][info][gc,cpu      ] GC(89) User=0.00s Sys=0.00s Real=0.00s
[42.325s][info][gc,marking  ] GC(89) Concurrent Clear Claimed Marks
[42.325s][info][gc,marking  ] GC(89) Concurrent Clear Claimed Marks 0.049ms
[42.325s][info][gc,marking  ] GC(89) Concurrent Cleanup for Next Mark
[42.331s][info][gc,marking  ] GC(89) Concurrent Cleanup for Next Mark 5.915ms
[42.331s][info][gc          ] GC(89) Concurrent Mark Cycle 2171.814ms
[42.375s][info][gc,start    ] GC(94) Pause Young (Prepare Mixed) (G1 Evacuation Pause)
[42.375s][info][gc,task     ] GC(94) Using 2 workers of 2 for evacuation
[42.448s][info][gc,phases   ] GC(94)   Pre Evacuate Collection Set: 0.48ms
[42.448s][info][gc,phases   ] GC(94)   Merge Heap Roots: 0.30ms
[42.448s][info][gc,phases   ] GC(94)   Evacuate Collection Set: 71.31ms
[42.448s][info][gc,phases   ] GC(94)   Post Evacuate Collection Set: 0.65ms
[42.448s][info][gc,phases   ] GC(94)   Other: 0.07ms
[42.448s][info][gc,heap     ] GC(94) Eden regions: 249->0(191)
[42.448s][info][gc,heap     ] GC(94) Survivor regions: 14->33(33)
[42.448s][info][gc,heap     ] GC(94) Old regions: 609->646
[42.448s][info][gc,heap     ] GC(94) Humongous regions: 7->7
[42.448s][info][gc,metaspace] GC(94) Metaspace: 17495K(17728K)->17495K(17728K) NonClass: 14870K(14976K)->14870K(14976K) Class: 2624K(2752K)->2624K(2752K)
[42.448s][info][gc          ] GC(94) Pause Young (Prepare Mixed) (G1 Evacuation Pause) 878M->686M(978M) 73.017ms
[42.448s][info][gc,cpu      ] GC(94) User=0.15s Sys=0.00s Real=0.07s
[42.867s][info][gc,start    ] GC(95) Pause Young (Mixed) (G1 Evacuation Pause)
[42.867s][info][gc,task     ] GC(95) Using 2 workers of 2 for evacuation
[42.938s][info][gc,phases   ] GC(95)   Pre Evacuate Collection Set: 0.34ms
[42.938s][info][gc,phases   ] GC(95)   Merge Heap Roots: 0.60ms
[42.938s][info][gc,phases   ] GC(95)   Evacuate Collection Set: 69.26ms
[42.938s][info][gc,phases   ] GC(95)   Post Evacuate Collection Set: 0.54ms
[42.938s][info][gc,phases   ] GC(95)   Other: 0.13ms
[42.938s][info][gc,heap     ] GC(95) Eden regions: 191->0(223)
[42.938s][info][gc,heap     ] GC(95) Survivor regions: 33->11(28)
[42.938s][info][gc,heap     ] GC(95) Old regions: 646->635
[42.938s][info][gc,heap     ] GC(95) Humongous regions: 8->8
[42.938s][info][gc,metaspace] GC(95) Metaspace: 17495K(17728K)->17495K(17728K) NonClass: 14870K(14976K)->14870K(14976K) Class: 2624K(2752K)->2624K(2752K)
[42.938s][info][gc          ] GC(95) Pause Young (Mixed) (G1 Evacuation Pause) 878M->653M(978M) 71.169ms
[42.938s][info][gc,cpu      ] GC(95) User=0.13s Sys=0.00s Real=0.07s
[43.233s][info][gc,start    ] GC(96) Pause Young (Concurrent Start) (G1 Evacuation Pause)
[43.233s][info][gc,task     ] GC(96) Using 2 workers of 2 for evacuation
[43.275s][info][gc,phases   ] GC(96)   Pre Evacuate Collection Set: 0.34ms
[43.275s][info][gc,phases   ] GC(96)   Merge Heap Roots: 0.25ms
[43.275s][info][gc,phases   ] GC(96)   Evacuate Collection Set: 40.80ms
[43.275s][info][gc,phases   ] GC(96)   Post Evacuate Collection Set: 0.45ms
[43.275s][info][gc,phases   ] GC(96)   Other: 0.23ms
[43.275s][info][gc,heap     ] GC(96) Eden regions: 223->0(213)
[43.275s][info][gc,heap     ] GC(96) Survivor regions: 11->30(30)
[43.275s][info][gc,heap     ] GC(96) Old regions: 635->636
[43.275s][info][gc,heap     ] GC(96) Humongous regions: 8->8
[43.275s][info][gc,metaspace] GC(96) Metaspace: 17495K(17728K)->17495K(17728K) NonClass: 14870K(14976K)->14870K(14976K) Class: 2624K(2752K)->2624K(2752K)
[43.275s][info][gc          ] GC(96) Pause Young (Concurrent Start) (G1 Evacuation Pause) 876M->674M(978M) 42.309ms
[43.275s][info][gc          ] GC(97) Concurrent Mark Cycle
[43.275s][info][gc,marking  ] GC(97) Concurrent Scan Root Regions
[43.276s][info][gc,cpu      ] GC(96) User=0.08s Sys=0.00s Real=0.04s
[43.343s][info][gc,marking  ] GC(97) Concurrent Scan Root Regions 67.098ms
[43.343s][info][gc,marking  ] GC(97) Concurrent Mark
[43.343s][info][gc,marking  ] GC(97) Concurrent Mark From Roots
[43.343s][info][gc,task     ] GC(97) Using 1 workers of 1 for marking
[43.752s][info][gc,start    ] GC(98) Pause Young (Normal) (G1 Evacuation Pause)
[43.752s][info][gc,task     ] GC(98) Using 2 workers of 2 for evacuation
[43.799s][info][gc,phases   ] GC(98)   Pre Evacuate Collection Set: 0.29ms
[43.799s][info][gc,phases   ] GC(98)   Merge Heap Roots: 0.22ms
[43.799s][info][gc,phases   ] GC(98)   Evacuate Collection Set: 46.34ms
[43.799s][info][gc,phases   ] GC(98)   Post Evacuate Collection Set: 0.41ms
[43.799s][info][gc,phases   ] GC(98)   Other: 0.08ms
[43.799s][info][gc,heap     ] GC(98) Eden regions: 213->0(213)
[43.799s][info][gc,heap     ] GC(98) Survivor regions: 30->11(31)
[43.799s][info][gc,heap     ] GC(98) Old regions: 636->667
[43.799s][info][gc,heap     ] GC(98) Humongous regions: 8->8
[43.799s][info][gc,metaspace] GC(98) Metaspace: 17495K(17728K)->17495K(17728K) NonClass: 14870K(14976K)->14870K(14976K) Class: 2624K(2752K)->2624K(2752K)
[43.799s][info][gc          ] GC(98) Pause Young (Normal) (G1 Evacuation Pause) 887M->685M(978M) 47.594ms
[43.799s][info][gc,cpu      ] GC(98) User=0.10s Sys=0.00s Real=0.04s
[44.515s][info][gc,start    ] GC(99) Pause Young (Normal) (G1 Evacuation Pause)
[44.515s][info][gc,task     ] GC(99) Using 2 workers of 2 for evacuation
[44.536s][info][gc,phases   ] GC(99)   Pre Evacuate Collection Set: 0.28ms
[44.536s][info][gc,phases   ] GC(99)   Merge Heap Roots: 0.21ms
[44.536s][info][gc,phases   ] GC(99)   Evacuate Collection Set: 20.05ms
[44.536s][info][gc,phases   ] GC(99)   Post Evacuate Collection Set: 0.40ms
[44.536s][info][gc,phases   ] GC(99)   Other: 0.07ms
[44.536s][info][gc,heap     ] GC(99) Eden regions: 213->0(216)
[44.536s][info][gc,heap     ] GC(99) Survivor regions: 11->18(28)
[44.536s][info][gc,heap     ] GC(99) Old regions: 667->667
[44.536s][info][gc,heap     ] GC(99) Humongous regions: 8->8
[44.536s][info][gc,metaspace] GC(99) Metaspace: 17496K(17728K)->17496K(17728K) NonClass: 14872K(14976K)->14872K(14976K) Class: 2624K(2752K)->2624K(2752K)
[44.536s][info][gc          ] GC(99) Pause Young (Normal) (G1 Evacuation Pause) 898M->692M(978M) 21.277ms
[44.536s][info][gc,cpu      ] GC(99) User=0.04s Sys=0.00s Real=0.02s
[44.739s][info][gc,marking  ] GC(97) Concurrent Mark From Roots 1396.416ms
[44.739s][info][gc,marking  ] GC(97) Concurrent Preclean
[44.739s][info][gc,marking  ] GC(97) Concurrent Preclean 0.030ms
[44.739s][info][gc,start    ] GC(97) Pause Remark
[44.746s][info][gc          ] GC(97) Pause Remark 769M->641M(978M) 6.852ms
[44.746s][info][gc,cpu      ] GC(97) User=0.01s Sys=0.00s Real=0.01s
[44.746s][info][gc,marking  ] GC(97) Concurrent Mark 1403.655ms
[44.746s][info][gc,marking  ] GC(97) Concurrent Rebuild Remembered Sets and Scrub Regions
[45.171s][info][gc,marking  ] GC(97) Concurrent Rebuild Remembered Sets and Scrub Regions 424.354ms
[45.171s][info][gc,start    ] GC(97) Pause Cleanup
[45.171s][info][gc          ] GC(97) Pause Cleanup 771M->771M(978M) 0.143ms
[45.171s][info][gc,cpu      ] GC(97) User=0.00s Sys=0.00s Real=0.00s
[45.171s][info][gc,marking  ] GC(97) Concurrent Clear Claimed Marks
[45.171s][info][gc,marking  ] GC(97) Concurrent Clear Claimed Marks 0.027ms
[45.171s][info][gc,marking  ] GC(97) Concurrent Cleanup for Next Mark
[45.174s][info][gc,marking  ] GC(97) Concurrent Cleanup for Next Mark 2.817ms
[45.174s][info][gc          ] GC(97) Concurrent Mark Cycle 1898.560ms
[45.194s][info][gc,start    ] GC(100) Pause Young (Prepare Mixed) (G1 Evacuation Pause)
[45.194s][info][gc,task     ] GC(100) Using 2 workers of 2 for evacuation
[45.219s][info][gc,phases   ] GC(100)   Pre Evacuate Collection Set: 0.30ms
[45.219s][info][gc,phases   ] GC(100)   Merge Heap Roots: 0.33ms
[45.219s][info][gc,phases   ] GC(100)   Evacuate Collection Set: 23.71ms
[45.219s][info][gc,phases   ] GC(100)   Post Evacuate Collection Set: 0.41ms
[45.219s][info][gc,phases   ] GC(100)   Other: 0.08ms
[45.219s][info][gc,heap     ] GC(100) Eden regions: 216->0(337)
[45.219s][info][gc,heap     ] GC(100) Survivor regions: 18->8(30)
[45.219s][info][gc,heap     ] GC(100) Old regions: 542->552
[45.219s][info][gc,heap     ] GC(100) Humongous regions: 5->5
[45.219s][info][gc,metaspace] GC(100) Metaspace: 17496K(17728K)->17496K(17728K) NonClass: 14872K(14976K)->14872K(14976K) Class: 2624K(2752K)->2624K(2752K)
[45.219s][info][gc          ] GC(100) Pause Young (Prepare Mixed) (G1 Evacuation Pause) 780M->565M(978M) 25.045ms
[45.219s][info][gc,cpu      ] GC(100) User=0.05s Sys=0.00s Real=0.02s
[45.786s][info][gc,start    ] GC(101) Pause Young (Mixed) (G1 Evacuation Pause)
[45.786s][info][gc,task     ] GC(101) Using 2 workers of 2 for evacuation
[45.874s][info][gc,phases   ] GC(101)   Pre Evacuate Collection Set: 0.46ms
[45.874s][info][gc,phases   ] GC(101)   Merge Heap Roots: 0.86ms
[45.874s][info][gc,phases   ] GC(101)   Evacuate Collection Set: 85.29ms
[45.874s][info][gc,phases   ] GC(101)   Post Evacuate Collection Set: 0.79ms
[45.874s][info][gc,phases   ] GC(101)   Other: 0.09ms
[45.874s][info][gc,heap     ] GC(101) Eden regions: 337->0(316)
[45.874s][info][gc,heap     ] GC(101) Survivor regions: 8->44(44)
[45.874s][info][gc,heap     ] GC(101) Old regions: 552->497
[45.874s][info][gc,heap     ] GC(101) Humongous regions: 5->5
[45.874s][info][gc,metaspace] GC(101) Metaspace: 17496K(17728K)->17496K(17728K) NonClass: 14872K(14976K)->14872K(14976K) Class: 2624K(2752K)->2624K(2752K)
[45.874s][info][gc          ] GC(101) Pause Young (Mixed) (G1 Evacuation Pause) 902M->545M(978M) 87.747ms
[45.874s][info][gc,cpu      ] GC(101) User=0.17s Sys=0.00s Real=0.09s
[46.089s][info][gc,start    ] GC(102) Pause Young (Concurrent Start) (G1 Humongous Allocation)
[46.089s][info][gc,task     ] GC(102) Using 2 workers of 2 for evacuation
[46.155s][info][gc,phases   ] GC(102)   Pre Evacuate Collection Set: 0.33ms
[46.155s][info][gc,phases   ] GC(102)   Merge Heap Roots: 0.53ms
[46.155s][info][gc,phases   ] GC(102)   Evacuate Collection Set: 64.46ms
[46.155s][info][gc,phases   ] GC(102)   Post Evacuate Collection Set: 0.49ms
[46.155s][info][gc,phases   ] GC(102)   Other: 0.18ms
[46.155s][info][gc,heap     ] GC(102) Eden regions: 142->0(322)
[46.155s][info][gc,heap     ] GC(102) Survivor regions: 44->8(45)
[46.155s][info][gc,heap     ] GC(102) Old regions: 497->541
[46.155s][info][gc,heap     ] GC(102) Humongous regions: 5->5
[46.155s][info][gc,metaspace] GC(102) Metaspace: 17498K(17728K)->17498K(17728K) NonClass: 14874K(14976K)->14874K(14976K) Class: 2624K(2752K)->2624K(2752K)
[46.155s][info][gc          ] GC(102) Pause Young (Concurrent Start) (G1 Humongous Allocation) 687M->553M(978M) 66.268ms
[46.155s][info][gc          ] GC(103) Concurrent Mark Cycle
[46.155s][info][gc,marking  ] GC(103) Concurrent Scan Root Regions
[46.157s][info][gc,cpu      ] GC(102) User=0.14s Sys=0.00s Real=0.07s
[46.223s][info][gc,marking  ] GC(103) Concurrent Scan Root Regions 67.719ms
[46.223s][info][gc,marking  ] GC(103) Concurrent Mark
[46.223s][info][gc,marking  ] GC(103) Concurrent Mark From Roots
[46.223s][info][gc,task     ] GC(103) Using 1 workers of 1 for marking
[46.941s][info][gc,start    ] GC(104) Pause Young (Normal) (G1 Evacuation Pause)
[46.941s][info][gc,task     ] GC(104) Using 2 workers of 2 for evacuation
[47.032s][info][gc,phases   ] GC(104)   Pre Evacuate Collection Set: 0.45ms
[47.032s][info][gc,phases   ] GC(104)   Merge Heap Roots: 0.37ms
[47.032s][info][gc,phases   ] GC(104)   Evacuate Collection Set: 89.16ms
[47.032s][info][gc,phases   ] GC(104)   Post Evacuate Collection Set: 0.78ms
[47.032s][info][gc,phases   ] GC(104)   Other: 0.08ms
[47.032s][info][gc,heap     ] GC(104) Eden regions: 322->0(225)
[47.032s][info][gc,heap     ] GC(104) Survivor regions: 8->42(42)
[47.032s][info][gc,heap     ] GC(104) Old regions: 541->584
[47.032s][info][gc,heap     ] GC(104) Humongous regions: 8->8
[47.032s][info][gc,metaspace] GC(104) Metaspace: 17515K(17728K)->17515K(17728K) NonClass: 14891K(14976K)->14891K(14976K) Class: 2624K(2752K)->2624K(2752K)
[47.032s][info][gc          ] GC(104) Pause Young (Normal) (G1 Evacuation Pause) 878M->634M(978M) 91.114ms
[47.032s][info][gc,cpu      ] GC(104) User=0.18s Sys=0.00s Real=0.09s
[47.310s][info][gc,marking  ] GC(103) Concurrent Mark From Roots 1087.446ms
[47.310s][info][gc,marking  ] GC(103) Concurrent Preclean
[47.310s][info][gc,marking  ] GC(103) Concurrent Preclean 0.030ms
[47.310s][info][gc,start    ] GC(103) Pause Remark
[47.318s][info][gc          ] GC(103) Pause Remark 746M->621M(978M) 7.492ms
[47.318s][info][gc,cpu      ] GC(103) User=0.01s Sys=0.00s Real=0.00s
[47.319s][info][gc,marking  ] GC(103) Concurrent Mark 1096.439ms
[47.319s][info][gc,marking  ] GC(103) Concurrent Rebuild Remembered Sets and Scrub Regions
[47.596s][info][gc,start    ] GC(105) Pause Young (Normal) (G1 Evacuation Pause)
[47.596s][info][gc,task     ] GC(105) Using 2 workers of 2 for evacuation
[47.690s][info][gc,phases   ] GC(105)   Pre Evacuate Collection Set: 0.48ms
[47.690s][info][gc,phases   ] GC(105)   Merge Heap Roots: 1.00ms
[47.690s][info][gc,phases   ] GC(105)   Evacuate Collection Set: 91.43ms
[47.690s][info][gc,phases   ] GC(105)   Post Evacuate Collection Set: 0.55ms
[47.690s][info][gc,phases   ] GC(105)   Other: 0.09ms
[47.690s][info][gc,heap     ] GC(105) Eden regions: 225->0(314)
[47.690s][info][gc,heap     ] GC(105) Survivor regions: 42->20(34)
[47.690s][info][gc,heap     ] GC(105) Old regions: 461->504
[47.690s][info][gc,heap     ] GC(105) Humongous regions: 9->9
[47.690s][info][gc,metaspace] GC(105) Metaspace: 17516K(17728K)->17516K(17728K) NonClass: 14892K(14976K)->14892K(14976K) Class: 2624K(2752K)->2624K(2752K)
[47.690s][info][gc          ] GC(105) Pause Young (Normal) (G1 Evacuation Pause) 737M->532M(978M) 93.820ms
[47.690s][info][gc,cpu      ] GC(105) User=0.18s Sys=0.00s Real=0.09s
[47.845s][info][gc,marking  ] GC(103) Concurrent Rebuild Remembered Sets and Scrub Regions 526.122ms
[47.845s][info][gc,start    ] GC(103) Pause Cleanup
[47.846s][info][gc          ] GC(103) Pause Cleanup 597M->597M(978M) 0.090ms
[47.846s][info][gc,cpu      ] GC(103) User=0.00s Sys=0.00s Real=0.00s
[47.846s][info][gc,marking  ] GC(103) Concurrent Clear Claimed Marks
[47.846s][info][gc,marking  ] GC(103) Concurrent Clear Claimed Marks 0.025ms
[47.846s][info][gc,marking  ] GC(103) Concurrent Cleanup for Next Mark
[47.848s][info][gc,marking  ] GC(103) Concurrent Cleanup for Next Mark 2.820ms
[47.848s][info][gc          ] GC(103) Concurrent Mark Cycle 1693.618ms
[48.234s][info][gc,start    ] GC(106) Pause Young (Prepare Mixed) (G1 Evacuation Pause)
[48.234s][info][gc,task     ] GC(106) Using 2 workers of 2 for evacuation
[48.270s][info][gc,phases   ] GC(106)   Pre Evacuate Collection Set: 0.51ms
[48.270s][info][gc,phases   ] GC(106)   Merge Heap Roots: 0.35ms
[48.270s][info][gc,phases   ] GC(106)   Evacuate Collection Set: 34.31ms
[48.270s][info][gc,phases   ] GC(106)   Post Evacuate Collection Set: 0.63ms
[48.270s][info][gc,phases   ] GC(106)   Other: 0.11ms
[48.270s][info][gc,heap     ] GC(106) Eden regions: 314->0(338)
[48.270s][info][gc,heap     ] GC(106) Survivor regions: 20->20(42)
[48.270s][info][gc,heap     ] GC(106) Old regions: 504->504
[48.270s][info][gc,heap     ] GC(106) Humongous regions: 9->9
[48.270s][info][gc,metaspace] GC(106) Metaspace: 17516K(17728K)->17516K(17728K) NonClass: 14892K(14976K)->14892K(14976K) Class: 2624K(2752K)->2624K(2752K)
[48.270s][info][gc          ] GC(106) Pause Young (Prepare Mixed) (G1 Evacuation Pause) 846M->532M(978M) 36.150ms
[48.270s][info][gc,cpu      ] GC(106) User=0.07s Sys=0.00s Real=0.03s
[48.769s][info][gc,start    ] GC(107) Pause Young (Mixed) (G1 Evacuation Pause)
[48.769s][info][gc,task     ] GC(107) Using 2 workers of 2 for evacuation
[48.806s][info][gc,phases   ] GC(107)   Pre Evacuate Collection Set: 0.30ms
[48.806s][info][gc,phases   ] GC(107)   Merge Heap Roots: 0.60ms
[48.806s][info][gc,phases   ] GC(107)   Evacuate Collection Set: 35.14ms
[48.806s][info][gc,phases   ] GC(107)   Post Evacuate Collection Set: 0.65ms
[48.806s][info][gc,phases   ] GC(107)   Other: 0.09ms
[48.806s][info][gc,heap     ] GC(107) Eden regions: 338->0(393)
[48.806s][info][gc,heap     ] GC(107) Survivor regions: 20->20(45)
[48.806s][info][gc,heap     ] GC(107) Old regions: 504->466
[48.806s][info][gc,heap     ] GC(107) Humongous regions: 9->9
[48.806s][info][gc,metaspace] GC(107) Metaspace: 17516K(17728K)->17516K(17728K) NonClass: 14892K(14976K)->14892K(14976K) Class: 2624K(2752K)->2624K(2752K)
[48.806s][info][gc          ] GC(107) Pause Young (Mixed) (G1 Evacuation Pause) 870M->494M(978M) 37.047ms
[48.806s][info][gc,cpu      ] GC(107) User=0.07s Sys=0.00s Real=0.04s
[49.357s][info][gc,start    ] GC(108) Pause Young (Concurrent Start) (G1 Evacuation Pause)
[49.357s][info][gc,task     ] GC(108) Using 2 workers of 2 for evacuation
[49.404s][info][gc,phases   ] GC(108)   Pre Evacuate Collection Set: 0.33ms
[49.404s][info][gc,phases   ] GC(108)   Merge Heap Roots: 0.35ms
[49.404s][info][gc,phases   ] GC(108)   Evacuate Collection Set: 45.85ms
[49.404s][info][gc,phases   ] GC(108)   Post Evacuate Collection Set: 0.69ms
[49.404s][info][gc,phases   ] GC(108)   Other: 0.20ms
[49.404s][info][gc,heap     ] GC(108) Eden regions: 393->0(385)
[49.404s][info][gc,heap     ] GC(108) Survivor regions: 20->29(52)
[49.404s][info][gc,heap     ] GC(108) Old regions: 466->466
[49.404s][info][gc,heap     ] GC(108) Humongous regions: 9->9
[49.404s][info][gc,metaspace] GC(108) Metaspace: 17518K(17728K)->17518K(17728K) NonClass: 14894K(14976K)->14894K(14976K) Class: 2624K(2752K)->2624K(2752K)
[49.405s][info][gc          ] GC(108) Pause Young (Concurrent Start) (G1 Evacuation Pause) 887M->504M(978M) 47.635ms
[49.405s][info][gc,cpu      ] GC(108) User=0.09s Sys=0.00s Real=0.05s
[49.405s][info][gc          ] GC(109) Concurrent Mark Cycle
[49.406s][info][gc,marking  ] GC(109) Concurrent Scan Root Regions
[49.491s][info][gc,marking  ] GC(109) Concurrent Scan Root Regions 84.180ms
[49.491s][info][gc,marking  ] GC(109) Concurrent Mark
[49.491s][info][gc,marking  ] GC(109) Concurrent Mark From Roots
[49.491s][info][gc,task     ] GC(109) Using 1 workers of 1 for marking
[50.030s][info][gc,start    ] GC(110) Pause Young (Normal) (G1 Evacuation Pause)
[50.031s][info][gc,task     ] GC(110) Using 2 workers of 2 for evacuation
[50.105s][info][gc,phases   ] GC(110)   Pre Evacuate Collection Set: 0.48ms
[50.105s][info][gc,phases   ] GC(110)   Merge Heap Roots: 0.42ms
[50.105s][info][gc,phases   ] GC(110)   Evacuate Collection Set: 72.74ms
[50.105s][info][gc,phases   ] GC(110)   Post Evacuate Collection Set: 0.60ms
[50.105s][info][gc,phases   ] GC(110)   Other: 0.08ms
[50.105s][info][gc,heap     ] GC(110) Eden regions: 385->0(361)
[50.105s][info][gc,heap     ] GC(110) Survivor regions: 29->36(52)
[50.105s][info][gc,heap     ] GC(110) Old regions: 466->486
[50.105s][info][gc,heap     ] GC(110) Humongous regions: 9->9
[50.105s][info][gc,metaspace] GC(110) Metaspace: 17519K(17728K)->17519K(17728K) NonClass: 14894K(14976K)->14894K(14976K) Class: 2624K(2752K)->2624K(2752K)
[50.105s][info][gc          ] GC(110) Pause Young (Normal) (G1 Evacuation Pause) 889M->530M(978M) 74.586ms
[50.105s][info][gc,cpu      ] GC(110) User=0.15s Sys=0.00s Real=0.07s
[50.713s][info][gc,start    ] GC(111) Pause Young (Normal) (G1 Evacuation Pause)
[50.714s][info][gc,task     ] GC(111) Using 2 workers of 2 for evacuation
[50.790s][info][gc,phases   ] GC(111)   Pre Evacuate Collection Set: 0.28ms
[50.790s][info][gc,phases   ] GC(111)   Merge Heap Roots: 0.27ms
[50.790s][info][gc,phases   ] GC(111)   Evacuate Collection Set: 75.59ms
[50.790s][info][gc,phases   ] GC(111)   Post Evacuate Collection Set: 0.59ms
[50.790s][info][gc,phases   ] GC(111)   Other: 0.11ms
[50.790s][info][gc,heap     ] GC(111) Eden regions: 361->0(321)
[50.790s][info][gc,heap     ] GC(111) Survivor regions: 36->38(50)
[50.790s][info][gc,heap     ] GC(111) Old regions: 486->522
[50.791s][info][gc,heap     ] GC(111) Humongous regions: 9->9
[50.791s][info][gc,metaspace] GC(111) Metaspace: 17522K(17728K)->17522K(17728K) NonClass: 14898K(14976K)->14898K(14976K) Class: 2624K(2752K)->2624K(2752K)
[50.791s][info][gc          ] GC(111) Pause Young (Normal) (G1 Evacuation Pause) 891M->568M(978M) 77.087ms
[50.791s][info][gc,cpu      ] GC(111) User=0.15s Sys=0.00s Real=0.08s
[50.852s][info][gc,marking  ] GC(109) Concurrent Mark From Roots 1361.759ms
[50.852s][info][gc,marking  ] GC(109) Concurrent Preclean
[50.852s][info][gc,marking  ] GC(109) Concurrent Preclean 0.031ms
[50.853s][info][gc,start    ] GC(109) Pause Remark
[50.859s][info][gc          ] GC(109) Pause Remark 619M->616M(978M) 6.774ms
[50.859s][info][gc,cpu      ] GC(109) User=0.01s Sys=0.00s Real=0.00s
[50.860s][info][gc,marking  ] GC(109) Concurrent Mark 1369.475ms
[50.860s][info][gc,marking  ] GC(109) Concurrent Rebuild Remembered Sets and Scrub Regions
[51.180s][info][gc,start    ] GC(112) Pause Young (Normal) (G1 Evacuation Pause)
[51.180s][info][gc,task     ] GC(112) Using 2 workers of 2 for evacuation
[51.251s][info][gc,phases   ] GC(112)   Pre Evacuate Collection Set: 0.47ms
[51.251s][info][gc,phases   ] GC(112)   Merge Heap Roots: 0.40ms
[51.251s][info][gc,phases   ] GC(112)   Evacuate Collection Set: 69.99ms
[51.251s][info][gc,phases   ] GC(112)   Post Evacuate Collection Set: 0.62ms
[51.251s][info][gc,phases   ] GC(112)   Other: 0.10ms
[51.251s][info][gc,heap     ] GC(112) Eden regions: 321->0(303)
[51.251s][info][gc,heap     ] GC(112) Survivor regions: 38->29(45)
[51.251s][info][gc,heap     ] GC(112) Old regions: 521->558
[51.251s][info][gc,heap     ] GC(112) Humongous regions: 7->7
[51.251s][info][gc,metaspace] GC(112) Metaspace: 17534K(17792K)->17534K(17792K) NonClass: 14910K(15040K)->14910K(15040K) Class: 2624K(2752K)->2624K(2752K)
[51.251s][info][gc          ] GC(112) Pause Young (Normal) (G1 Evacuation Pause) 886M->594M(978M) 71.820ms
[51.251s][info][gc,cpu      ] GC(112) User=0.14s Sys=0.00s Real=0.08s
[51.437s][info][gc,marking  ] GC(109) Concurrent Rebuild Remembered Sets and Scrub Regions 576.518ms
[51.437s][info][gc,start    ] GC(109) Pause Cleanup
[51.437s][info][gc          ] GC(109) Pause Cleanup 701M->701M(978M) 0.086ms
[51.437s][info][gc,cpu      ] GC(109) User=0.00s Sys=0.00s Real=0.00s
[51.437s][info][gc,marking  ] GC(109) Concurrent Clear Claimed Marks
[51.437s][info][gc,marking  ] GC(109) Concurrent Clear Claimed Marks 0.026ms
[51.437s][info][gc,marking  ] GC(109) Concurrent Cleanup for Next Mark
[51.440s][info][gc,marking  ] GC(109) Concurrent Cleanup for Next Mark 2.817ms
[51.440s][info][gc          ] GC(109) Concurrent Mark Cycle 2035.298ms
[51.725s][info][gc,start    ] GC(113) Pause Young (Prepare Mixed) (G1 Evacuation Pause)
[51.725s][info][gc,task     ] GC(113) Using 2 workers of 2 for evacuation
[51.789s][info][gc,phases   ] GC(113)   Pre Evacuate Collection Set: 0.52ms
[51.789s][info][gc,phases   ] GC(113)   Merge Heap Roots: 0.50ms
[51.789s][info][gc,phases   ] GC(113)   Evacuate Collection Set: 62.07ms
[51.789s][info][gc,phases   ] GC(113)   Post Evacuate Collection Set: 0.70ms
[51.789s][info][gc,phases   ] GC(113)   Other: 0.12ms
[51.789s][info][gc,heap     ] GC(113) Eden regions: 303->0(283)
[51.789s][info][gc,heap     ] GC(113) Survivor regions: 29->24(42)
[51.789s][info][gc,heap     ] GC(113) Old regions: 558->587
[51.789s][info][gc,heap     ] GC(113) Humongous regions: 7->7
[51.789s][info][gc,metaspace] GC(113) Metaspace: 17538K(17792K)->17538K(17792K) NonClass: 14914K(15040K)->14914K(15040K) Class: 2624K(2752K)->2624K(2752K)
[51.789s][info][gc          ] GC(113) Pause Young (Prepare Mixed) (G1 Evacuation Pause) 897M->617M(978M) 64.147ms
[51.789s][info][gc,cpu      ] GC(113) User=0.12s Sys=0.01s Real=0.06s
[52.739s][info][gc,start    ] GC(114) Pause Young (Mixed) (G1 Evacuation Pause)
[52.739s][info][gc,task     ] GC(114) Using 2 workers of 2 for evacuation
[52.828s][info][gc,phases   ] GC(114)   Pre Evacuate Collection Set: 0.55ms
[52.828s][info][gc,phases   ] GC(114)   Merge Heap Roots: 0.77ms
[52.828s][info][gc,phases   ] GC(114)   Evacuate Collection Set: 86.65ms
[52.828s][info][gc,phases   ] GC(114)   Post Evacuate Collection Set: 0.51ms
[52.828s][info][gc,phases   ] GC(114)   Other: 0.13ms
[52.828s][info][gc,heap     ] GC(114) Eden regions: 283->0(303)
[52.828s][info][gc,heap     ] GC(114) Survivor regions: 24->1(39)
[52.828s][info][gc,heap     ] GC(114) Old regions: 587->601
[52.828s][info][gc,heap     ] GC(114) Humongous regions: 7->7
[52.828s][info][gc,metaspace] GC(114) Metaspace: 17540K(17792K)->17540K(17792K) NonClass: 14916K(15040K)->14916K(15040K) Class: 2624K(2752K)->2624K(2752K)
[52.828s][info][gc          ] GC(114) Pause Young (Mixed) (G1 Evacuation Pause) 900M->608M(978M) 88.885ms
[52.828s][info][gc,cpu      ] GC(114) User=0.18s Sys=0.00s Real=0.09s
[53.497s][info][gc,start    ] GC(115) Pause Young (Concurrent Start) (G1 Evacuation Pause)
[53.497s][info][gc,task     ] GC(115) Using 2 workers of 2 for evacuation
[53.499s][info][gc,phases   ] GC(115)   Pre Evacuate Collection Set: 0.35ms
[53.500s][info][gc,phases   ] GC(115)   Merge Heap Roots: 0.12ms
[53.500s][info][gc,phases   ] GC(115)   Evacuate Collection Set: 1.07ms
[53.500s][info][gc,phases   ] GC(115)   Post Evacuate Collection Set: 0.43ms
[53.500s][info][gc,phases   ] GC(115)   Other: 0.13ms
[53.500s][info][gc,heap     ] GC(115) Eden regions: 303->0(313)
[53.500s][info][gc,heap     ] GC(115) Survivor regions: 1->1(38)
[53.500s][info][gc,heap     ] GC(115) Old regions: 601->601
[53.500s][info][gc,heap     ] GC(115) Humongous regions: 7->7
[53.500s][info][gc,metaspace] GC(115) Metaspace: 17540K(17792K)->17540K(17792K) NonClass: 14916K(15040K)->14916K(15040K) Class: 2624K(2752K)->2624K(2752K)
[53.500s][info][gc          ] GC(115) Pause Young (Concurrent Start) (G1 Evacuation Pause) 911M->608M(978M) 2.349ms
[53.500s][info][gc          ] GC(116) Concurrent Mark Cycle
[53.500s][info][gc,marking  ] GC(116) Concurrent Scan Root Regions
[53.500s][info][gc,cpu      ] GC(115) User=0.00s Sys=0.00s Real=0.00s
[53.500s][info][gc,marking  ] GC(116) Concurrent Scan Root Regions 0.676ms
[53.500s][info][gc,marking  ] GC(116) Concurrent Mark
[53.500s][info][gc,marking  ] GC(116) Concurrent Mark From Roots
[53.500s][info][gc,task     ] GC(116) Using 1 workers of 1 for marking
[54.659s][info][gc,start    ] GC(117) Pause Young (Normal) (G1 Evacuation Pause)
[54.659s][info][gc,task     ] GC(117) Using 2 workers of 2 for evacuation
[54.664s][info][gc,phases   ] GC(117)   Pre Evacuate Collection Set: 0.29ms
[54.664s][info][gc,phases   ] GC(117)   Merge Heap Roots: 0.16ms
[54.664s][info][gc,phases   ] GC(117)   Evacuate Collection Set: 3.63ms
[54.664s][info][gc,phases   ] GC(117)   Post Evacuate Collection Set: 0.46ms
[54.664s][info][gc,phases   ] GC(117)   Other: 0.11ms
[54.664s][info][gc,heap     ] GC(117) Eden regions: 313->0(318)
[54.664s][info][gc,heap     ] GC(117) Survivor regions: 1->1(40)
[54.664s][info][gc,heap     ] GC(117) Old regions: 601->601
[54.664s][info][gc,heap     ] GC(117) Humongous regions: 7->7
[54.664s][info][gc,metaspace] GC(117) Metaspace: 17542K(17792K)->17542K(17792K) NonClass: 14918K(15040K)->14918K(15040K) Class: 2624K(2752K)->2624K(2752K)
[54.664s][info][gc          ] GC(117) Pause Young (Normal) (G1 Evacuation Pause) 921M->607M(978M) 4.890ms
[54.664s][info][gc,cpu      ] GC(117) User=0.01s Sys=0.00s Real=0.01s
[55.282s][info][gc,marking  ] GC(116) Concurrent Mark From Roots 1781.794ms
[55.282s][info][gc,marking  ] GC(116) Concurrent Preclean
[55.282s][info][gc,marking  ] GC(116) Concurrent Preclean 0.028ms
[55.282s][info][gc,start    ] GC(116) Pause Remark
[55.289s][info][gc          ] GC(116) Pause Remark 783M->783M(978M) 6.935ms
[55.289s][info][gc,cpu      ] GC(116) User=0.01s Sys=0.00s Real=0.00s
[55.291s][info][gc,marking  ] GC(116) Concurrent Mark 1790.974ms
[55.291s][info][gc,marking  ] GC(116) Concurrent Rebuild Remembered Sets and Scrub Regions
[55.500s][info][gc,start    ] GC(118) Pause Young (Normal) (G1 Evacuation Pause)
[55.500s][info][gc,task     ] GC(118) Using 2 workers of 2 for evacuation
[55.582s][info][gc,phases   ] GC(118)   Pre Evacuate Collection Set: 0.44ms
[55.582s][info][gc,phases   ] GC(118)   Merge Heap Roots: 0.16ms
[55.582s][info][gc,phases   ] GC(118)   Evacuate Collection Set: 72.63ms
[55.582s][info][gc,phases   ] GC(118)   Post Evacuate Collection Set: 8.59ms
[55.582s][info][gc,phases   ] GC(118)   Other: 0.09ms
[55.583s][info][gc,heap     ] GC(118) Eden regions: 318->0(129)
[55.583s][info][gc,heap     ] GC(118) Survivor regions: 1->40(40)
[55.583s][info][gc,heap     ] GC(118) Old regions: 601->712
[55.583s][info][gc,heap     ] GC(118) Humongous regions: 7->7
[55.583s][info][gc,metaspace] GC(118) Metaspace: 17546K(17792K)->17546K(17792K) NonClass: 14922K(15040K)->14922K(15040K) Class: 2624K(2752K)->2624K(2752K)
[55.583s][info][gc          ] GC(118) Pause Young (Normal) (G1 Evacuation Pause) (Evacuation Failure: Allocation) 925M->759M(978M) 82.150ms
[55.583s][info][gc,cpu      ] GC(118) User=0.16s Sys=0.00s Real=0.08s
[55.788s][info][gc,start    ] GC(119) Pause Young (Normal) (G1 Evacuation Pause)
[55.789s][info][gc,task     ] GC(119) Using 2 workers of 2 for evacuation
[55.886s][info][gc,phases   ] GC(119)   Pre Evacuate Collection Set: 0.31ms
[55.886s][info][gc,phases   ] GC(119)   Merge Heap Roots: 0.54ms
[55.886s][info][gc,phases   ] GC(119)   Evacuate Collection Set: 94.06ms
[55.886s][info][gc,phases   ] GC(119)   Post Evacuate Collection Set: 2.62ms
[55.886s][info][gc,phases   ] GC(119)   Other: 0.10ms
[55.886s][info][gc,heap     ] GC(119) Eden regions: 129->0(116)
[55.886s][info][gc,heap     ] GC(119) Survivor regions: 40->22(22)
[55.886s][info][gc,heap     ] GC(119) Old regions: 712->761
[55.886s][info][gc,heap     ] GC(119) Humongous regions: 7->7
[55.886s][info][gc,metaspace] GC(119) Metaspace: 17546K(17792K)->17546K(17792K) NonClass: 14922K(15040K)->14922K(15040K) Class: 2624K(2752K)->2624K(2752K)
[55.886s][info][gc          ] GC(119) Pause Young (Normal) (G1 Evacuation Pause) (Evacuation Failure: Allocation) 888M->790M(978M) 97.890ms
[55.886s][info][gc,cpu      ] GC(119) User=0.19s Sys=0.00s Real=0.10s
[56.015s][info][gc,start    ] GC(120) Pause Young (Normal) (G1 Evacuation Pause)
[56.015s][info][gc,task     ] GC(120) Using 2 workers of 2 for evacuation
[56.074s][info][gc,phases   ] GC(120)   Pre Evacuate Collection Set: 0.31ms
[56.074s][info][gc,phases   ] GC(120)   Merge Heap Roots: 0.47ms
[56.074s][info][gc,phases   ] GC(120)   Evacuate Collection Set: 54.51ms
[56.074s][info][gc,phases   ] GC(120)   Merge Optional Heap Roots: 0.04ms
[56.074s][info][gc,phases   ] GC(120)   Evacuate Optional Collection Set: 2.79ms
[56.074s][info][gc,phases   ] GC(120)   Post Evacuate Collection Set: 0.56ms
[56.074s][info][gc,phases   ] GC(120)   Other: 0.09ms
[56.074s][info][gc,heap     ] GC(120) Eden regions: 116->0(130)
[56.074s][info][gc,heap     ] GC(120) Survivor regions: 22->18(18)
[56.074s][info][gc,heap     ] GC(120) Old regions: 761->755
[56.074s][info][gc,heap     ] GC(120) Humongous regions: 7->7
[56.074s][info][gc,metaspace] GC(120) Metaspace: 17548K(17792K)->17548K(17792K) NonClass: 14924K(15040K)->14924K(15040K) Class: 2624K(2752K)->2624K(2752K)
[56.074s][info][gc          ] GC(120) Pause Young (Normal) (G1 Evacuation Pause) 906M->779M(978M) 59.004ms
[56.074s][info][gc,cpu      ] GC(120) User=0.12s Sys=0.00s Real=0.06s
[56.248s][info][gc,marking  ] GC(116) Concurrent Rebuild Remembered Sets and Scrub Regions 957.022ms
[56.250s][info][gc,start    ] GC(116) Pause Cleanup
[56.250s][info][gc          ] GC(116) Pause Cleanup 832M->832M(978M) 0.119ms
[56.250s][info][gc,cpu      ] GC(116) User=0.00s Sys=0.00s Real=0.00s
[56.250s][info][gc,marking  ] GC(116) Concurrent Clear Claimed Marks
[56.250s][info][gc,marking  ] GC(116) Concurrent Clear Claimed Marks 0.023ms
[56.250s][info][gc,marking  ] GC(116) Concurrent Cleanup for Next Mark
[56.257s][info][gc,marking  ] GC(116) Concurrent Cleanup for Next Mark 7.127ms
[56.257s][info][gc          ] GC(116) Concurrent Mark Cycle 2757.579ms
[56.376s][info][gc,start    ] GC(121) Pause Young (Prepare Mixed) (G1 Evacuation Pause)
[56.376s][info][gc,task     ] GC(121) Using 2 workers of 2 for evacuation
[56.427s][info][gc,phases   ] GC(121)   Pre Evacuate Collection Set: 0.34ms
[56.427s][info][gc,phases   ] GC(121)   Merge Heap Roots: 0.40ms
[56.427s][info][gc,phases   ] GC(121)   Evacuate Collection Set: 49.46ms
[56.427s][info][gc,phases   ] GC(121)   Post Evacuate Collection Set: 0.52ms
[56.427s][info][gc,phases   ] GC(121)   Other: 0.08ms
[56.427s][info][gc,heap     ] GC(121) Eden regions: 130->0(141)
[56.427s][info][gc,heap     ] GC(121) Survivor regions: 18->13(19)
[56.427s][info][gc,heap     ] GC(121) Old regions: 755->749
[56.427s][info][gc,heap     ] GC(121) Humongous regions: 10->10
[56.427s][info][gc,metaspace] GC(121) Metaspace: 17551K(17792K)->17551K(17792K) NonClass: 14927K(15040K)->14927K(15040K) Class: 2624K(2752K)->2624K(2752K)
[56.427s][info][gc          ] GC(121) Pause Young (Prepare Mixed) (G1 Evacuation Pause) 912M->771M(978M) 51.057ms
[56.427s][info][gc,cpu      ] GC(121) User=0.10s Sys=0.00s Real=0.05s
[56.667s][info][gc,start    ] GC(122) Pause Young (Mixed) (G1 Evacuation Pause)
[56.667s][info][gc,task     ] GC(122) Using 2 workers of 2 for evacuation
[56.713s][info][gc,phases   ] GC(122)   Pre Evacuate Collection Set: 0.29ms
[56.713s][info][gc,phases   ] GC(122)   Merge Heap Roots: 0.91ms
[56.713s][info][gc,phases   ] GC(122)   Evacuate Collection Set: 44.26ms
[56.713s][info][gc,phases   ] GC(122)   Post Evacuate Collection Set: 0.42ms
[56.713s][info][gc,phases   ] GC(122)   Other: 0.09ms
[56.713s][info][gc,heap     ] GC(122) Eden regions: 141->0(148)
[56.713s][info][gc,heap     ] GC(122) Survivor regions: 13->7(20)
[56.713s][info][gc,heap     ] GC(122) Old regions: 749->753
[56.713s][info][gc,heap     ] GC(122) Humongous regions: 10->10
[56.713s][info][gc,metaspace] GC(122) Metaspace: 17551K(17792K)->17551K(17792K) NonClass: 14927K(15040K)->14927K(15040K) Class: 2624K(2752K)->2624K(2752K)
[56.713s][info][gc          ] GC(122) Pause Young (Mixed) (G1 Evacuation Pause) 912M->769M(978M) 46.213ms
[56.713s][info][gc,cpu      ] GC(122) User=0.09s Sys=0.00s Real=0.05s
[56.931s][info][gc,start    ] GC(123) Pause Young (Concurrent Start) (G1 Evacuation Pause)
[56.931s][info][gc,task     ] GC(123) Using 2 workers of 2 for evacuation
[56.943s][info][gc,phases   ] GC(123)   Pre Evacuate Collection Set: 0.31ms
[56.943s][info][gc,phases   ] GC(123)   Merge Heap Roots: 0.16ms
[56.943s][info][gc,phases   ] GC(123)   Evacuate Collection Set: 10.26ms
[56.943s][info][gc,phases   ] GC(123)   Post Evacuate Collection Set: 0.37ms
[56.943s][info][gc,phases   ] GC(123)   Other: 0.12ms
[56.943s][info][gc,heap     ] GC(123) Eden regions: 148->0(151)
[56.943s][info][gc,heap     ] GC(123) Survivor regions: 7->7(20)
[56.943s][info][gc,heap     ] GC(123) Old regions: 753->753
[56.943s][info][gc,heap     ] GC(123) Humongous regions: 10->10
[56.943s][info][gc,metaspace] GC(123) Metaspace: 17551K(17792K)->17551K(17792K) NonClass: 14927K(15040K)->14927K(15040K) Class: 2624K(2752K)->2624K(2752K)
[56.943s][info][gc          ] GC(123) Pause Young (Concurrent Start) (G1 Evacuation Pause) 917M->769M(978M) 11.431ms
[56.943s][info][gc,cpu      ] GC(123) User=0.02s Sys=0.00s Real=0.01s
[56.943s][info][gc          ] GC(124) Concurrent Mark Cycle
[56.943s][info][gc,marking  ] GC(124) Concurrent Scan Root Regions
[56.963s][info][gc,marking  ] GC(124) Concurrent Scan Root Regions 20.406ms
[56.963s][info][gc,marking  ] GC(124) Concurrent Mark
[56.963s][info][gc,marking  ] GC(124) Concurrent Mark From Roots
[56.963s][info][gc,task     ] GC(124) Using 1 workers of 1 for marking
[57.218s][info][gc,start    ] GC(125) Pause Young (Normal) (G1 Evacuation Pause)
[57.218s][info][gc,task     ] GC(125) Using 2 workers of 2 for evacuation
[57.229s][info][gc,phases   ] GC(125)   Pre Evacuate Collection Set: 0.50ms
[57.229s][info][gc,phases   ] GC(125)   Merge Heap Roots: 0.13ms
[57.229s][info][gc,phases   ] GC(125)   Evacuate Collection Set: 10.32ms
[57.229s][info][gc,phases   ] GC(125)   Post Evacuate Collection Set: 0.37ms
[57.229s][info][gc,phases   ] GC(125)   Other: 0.06ms
[57.230s][info][gc,heap     ] GC(125) Eden regions: 151->0(151)
[57.230s][info][gc,heap     ] GC(125) Survivor regions: 7->7(20)
[57.230s][info][gc,heap     ] GC(125) Old regions: 753->753
[57.230s][info][gc,heap     ] GC(125) Humongous regions: 10->10
[57.230s][info][gc,metaspace] GC(125) Metaspace: 17551K(17792K)->17551K(17792K) NonClass: 14927K(15040K)->14927K(15040K) Class: 2624K(2752K)->2624K(2752K)
[57.230s][info][gc          ] GC(125) Pause Young (Normal) (G1 Evacuation Pause) 920M->769M(978M) 11.627ms
[57.230s][info][gc,cpu      ] GC(125) User=0.02s Sys=0.00s Real=0.01s
[57.541s][info][gc,start    ] GC(126) Pause Young (Normal) (G1 Evacuation Pause)
[57.542s][info][gc,task     ] GC(126) Using 2 workers of 2 for evacuation
[57.553s][info][gc,phases   ] GC(126)   Pre Evacuate Collection Set: 0.48ms
[57.553s][info][gc,phases   ] GC(126)   Merge Heap Roots: 0.12ms
[57.553s][info][gc,phases   ] GC(126)   Evacuate Collection Set: 10.50ms
[57.553s][info][gc,phases   ] GC(126)   Post Evacuate Collection Set: 0.35ms
[57.553s][info][gc,phases   ] GC(126)   Other: 0.08ms
[57.553s][info][gc,heap     ] GC(126) Eden regions: 151->0(151)
[57.553s][info][gc,heap     ] GC(126) Survivor regions: 7->7(20)
[57.553s][info][gc,heap     ] GC(126) Old regions: 753->753
[57.553s][info][gc,heap     ] GC(126) Humongous regions: 10->10
[57.553s][info][gc,metaspace] GC(126) Metaspace: 17551K(17792K)->17551K(17792K) NonClass: 14927K(15040K)->14927K(15040K) Class: 2624K(2752K)->2624K(2752K)
[57.553s][info][gc          ] GC(126) Pause Young (Normal) (G1 Evacuation Pause) 920M->769M(978M) 11.738ms
[57.553s][info][gc,cpu      ] GC(126) User=0.02s Sys=0.00s Real=0.01s
[57.828s][info][gc,start    ] GC(127) Pause Young (Normal) (G1 Evacuation Pause)
[57.828s][info][gc,task     ] GC(127) Using 2 workers of 2 for evacuation
[57.840s][info][gc,phases   ] GC(127)   Pre Evacuate Collection Set: 0.50ms
[57.840s][info][gc,phases   ] GC(127)   Merge Heap Roots: 0.13ms
[57.840s][info][gc,phases   ] GC(127)   Evacuate Collection Set: 10.65ms
[57.840s][info][gc,phases   ] GC(127)   Post Evacuate Collection Set: 0.37ms
[57.840s][info][gc,phases   ] GC(127)   Other: 0.07ms
[57.840s][info][gc,heap     ] GC(127) Eden regions: 151->0(151)
[57.840s][info][gc,heap     ] GC(127) Survivor regions: 7->7(20)
[57.840s][info][gc,heap     ] GC(127) Old regions: 753->753
[57.840s][info][gc,heap     ] GC(127) Humongous regions: 10->10
[57.840s][info][gc,metaspace] GC(127) Metaspace: 17551K(17792K)->17551K(17792K) NonClass: 14927K(15040K)->14927K(15040K) Class: 2624K(2752K)->2624K(2752K)
[57.840s][info][gc          ] GC(127) Pause Young (Normal) (G1 Evacuation Pause) 920M->770M(978M) 11.924ms
[57.840s][info][gc,cpu      ] GC(127) User=0.03s Sys=0.00s Real=0.01s
[57.956s][info][gc,marking  ] GC(124) Concurrent Mark From Roots 992.614ms
[57.956s][info][gc,marking  ] GC(124) Concurrent Preclean
[57.956s][info][gc,marking  ] GC(124) Concurrent Preclean 0.029ms
[57.956s][info][gc,start    ] GC(124) Pause Remark
[57.963s][info][gc          ] GC(124) Pause Remark 817M->554M(978M) 6.286ms
[57.963s][info][gc,cpu      ] GC(124) User=0.02s Sys=0.00s Real=0.01s
[57.963s][info][gc,marking  ] GC(124) Concurrent Mark 999.995ms
[57.963s][info][gc,marking  ] GC(124) Concurrent Rebuild Remembered Sets and Scrub Regions
[58.229s][info][gc,start    ] GC(128) Pause Young (Normal) (G1 Evacuation Pause)
[58.229s][info][gc,task     ] GC(128) Using 2 workers of 2 for evacuation
[58.253s][info][gc,phases   ] GC(128)   Pre Evacuate Collection Set: 0.28ms
[58.253s][info][gc,phases   ] GC(128)   Merge Heap Roots: 0.57ms
[58.253s][info][gc,phases   ] GC(128)   Evacuate Collection Set: 22.65ms
[58.253s][info][gc,phases   ] GC(128)   Post Evacuate Collection Set: 0.44ms
[58.253s][info][gc,phases   ] GC(128)   Other: 0.10ms
[58.253s][info][gc,heap     ] GC(128) Eden regions: 151->0(380)
[58.253s][info][gc,heap     ] GC(128) Survivor regions: 7->10(20)
[58.253s][info][gc,heap     ] GC(128) Old regions: 496->496
[58.253s][info][gc,heap     ] GC(128) Humongous regions: 4->4
[58.253s][info][gc,metaspace] GC(128) Metaspace: 17551K(17792K)->17551K(17792K) NonClass: 14927K(15040K)->14927K(15040K) Class: 2624K(2752K)->2624K(2752K)
[58.253s][info][gc          ] GC(128) Pause Young (Normal) (G1 Evacuation Pause) 658M->510M(978M) 24.263ms
[58.253s][info][gc,cpu      ] GC(128) User=0.05s Sys=0.00s Real=0.03s
[58.317s][info][gc,marking  ] GC(124) Concurrent Rebuild Remembered Sets and Scrub Regions 353.972ms
[58.318s][info][gc,start    ] GC(124) Pause Cleanup
[58.318s][info][gc          ] GC(124) Pause Cleanup 532M->532M(978M) 0.162ms
[58.318s][info][gc,cpu      ] GC(124) User=0.00s Sys=0.00s Real=0.00s
[58.319s][info][gc,marking  ] GC(124) Concurrent Clear Claimed Marks
[58.319s][info][gc,marking  ] GC(124) Concurrent Clear Claimed Marks 0.047ms
[58.319s][info][gc,marking  ] GC(124) Concurrent Cleanup for Next Mark
[58.324s][info][gc,marking  ] GC(124) Concurrent Cleanup for Next Mark 4.833ms
[58.324s][info][gc          ] GC(124) Concurrent Mark Cycle 1381.336ms
[58.832s][info][gc,start    ] GC(129) Pause Young (Prepare Mixed) (G1 Evacuation Pause)
[58.832s][info][gc,task     ] GC(129) Using 2 workers of 2 for evacuation
[58.880s][info][gc,phases   ] GC(129)   Pre Evacuate Collection Set: 0.51ms
[58.880s][info][gc,phases   ] GC(129)   Merge Heap Roots: 0.56ms
[58.880s][info][gc,phases   ] GC(129)   Evacuate Collection Set: 45.93ms
[58.880s][info][gc,phases   ] GC(129)   Post Evacuate Collection Set: 0.70ms
[58.880s][info][gc,phases   ] GC(129)   Other: 0.12ms
[58.880s][info][gc,heap     ] GC(129) Eden regions: 380->0(371)
[58.880s][info][gc,heap     ] GC(129) Survivor regions: 10->24(49)
[58.880s][info][gc,heap     ] GC(129) Old regions: 496->496
[58.880s][info][gc,heap     ] GC(129) Humongous regions: 7->7
[58.880s][info][gc,metaspace] GC(129) Metaspace: 17551K(17792K)->17551K(17792K) NonClass: 14927K(15040K)->14927K(15040K) Class: 2624K(2752K)->2624K(2752K)
[58.880s][info][gc          ] GC(129) Pause Young (Prepare Mixed) (G1 Evacuation Pause) 893M->527M(978M) 48.077ms
[58.880s][info][gc,cpu      ] GC(129) User=0.09s Sys=0.00s Real=0.04s
[59.389s][info][gc,start    ] GC(130) Pause Young (Mixed) (G1 Evacuation Pause)
[59.389s][info][gc,task     ] GC(130) Using 2 workers of 2 for evacuation
[59.436s][info][gc,phases   ] GC(130)   Pre Evacuate Collection Set: 0.32ms
[59.436s][info][gc,phases   ] GC(130)   Merge Heap Roots: 0.47ms
[59.436s][info][gc,phases   ] GC(130)   Evacuate Collection Set: 45.17ms
[59.436s][info][gc,phases   ] GC(130)   Post Evacuate Collection Set: 0.80ms
[59.436s][info][gc,phases   ] GC(130)   Other: 0.12ms
[59.436s][info][gc,heap     ] GC(130) Eden regions: 371->0(457)
[59.436s][info][gc,heap     ] GC(130) Survivor regions: 24->25(50)
[59.436s][info][gc,heap     ] GC(130) Old regions: 496->399
[59.436s][info][gc,heap     ] GC(130) Humongous regions: 7->7
[59.436s][info][gc,metaspace] GC(130) Metaspace: 17551K(17792K)->17551K(17792K) NonClass: 14927K(15040K)->14927K(15040K) Class: 2624K(2752K)->2624K(2752K)
[59.436s][info][gc          ] GC(130) Pause Young (Mixed) (G1 Evacuation Pause) 898M->429M(978M) 47.164ms
[59.436s][info][gc,cpu      ] GC(130) User=0.09s Sys=0.00s Real=0.05s
[59.925s][info][gc,start    ] GC(131) Pause Young (Mixed) (G1 Evacuation Pause)
[59.925s][info][gc,task     ] GC(131) Using 2 workers of 2 for evacuation
[60.012s][info][gc,phases   ] GC(131)   Pre Evacuate Collection Set: 0.52ms
[60.013s][info][gc,phases   ] GC(131)   Merge Heap Roots: 0.55ms
[60.013s][info][gc,phases   ] GC(131)   Evacuate Collection Set: 85.56ms
[60.013s][info][gc,phases   ] GC(131)   Post Evacuate Collection Set: 0.82ms
[60.013s][info][gc,phases   ] GC(131)   Other: 0.11ms
[60.013s][info][gc,heap     ] GC(131) Eden regions: 457->0(420)
[60.013s][info][gc,heap     ] GC(131) Survivor regions: 25->59(61)
[60.013s][info][gc,heap     ] GC(131) Old regions: 399->377
[60.013s][info][gc,heap     ] GC(131) Humongous regions: 7->7
[60.013s][info][gc,metaspace] GC(131) Metaspace: 17554K(17792K)->17554K(17792K) NonClass: 14930K(15040K)->14930K(15040K) Class: 2624K(2752K)->2624K(2752K)
[60.013s][info][gc          ] GC(131) Pause Young (Mixed) (G1 Evacuation Pause) 886M->442M(978M) 87.805ms
[60.013s][info][gc,cpu      ] GC(131) User=0.18s Sys=0.00s Real=0.09s
[60.366s][info][gc,start    ] GC(132) Pause Young (Concurrent Start) (G1 Evacuation Pause)
[60.367s][info][gc,task     ] GC(132) Using 2 workers of 2 for evacuation
[60.490s][info][gc,phases   ] GC(132)   Pre Evacuate Collection Set: 0.29ms
[60.490s][info][gc,phases   ] GC(132)   Merge Heap Roots: 0.53ms
[60.490s][info][gc,phases   ] GC(132)   Evacuate Collection Set: 121.74ms
[60.490s][info][gc,phases   ] GC(132)   Post Evacuate Collection Set: 0.70ms
[60.490s][info][gc,phases   ] GC(132)   Other: 0.15ms
[60.490s][info][gc,heap     ] GC(132) Eden regions: 420->0(396)
[60.490s][info][gc,heap     ] GC(132) Survivor regions: 59->38(60)
[60.490s][info][gc,heap     ] GC(132) Old regions: 377->435
[60.490s][info][gc,heap     ] GC(132) Humongous regions: 7->7
[60.490s][info][gc,metaspace] GC(132) Metaspace: 17555K(17792K)->17555K(17792K) NonClass: 14931K(15040K)->14931K(15040K) Class: 2624K(2752K)->2624K(2752K)
[60.490s][info][gc          ] GC(132) Pause Young (Concurrent Start) (G1 Evacuation Pause) 862M->480M(978M) 123.696ms
[60.490s][info][gc          ] GC(133) Concurrent Mark Cycle
[60.490s][info][gc,marking  ] GC(133) Concurrent Scan Root Regions
[60.492s][info][gc,cpu      ] GC(132) User=0.25s Sys=0.00s Real=0.13s
[60.675s][info][gc,marking  ] GC(133) Concurrent Scan Root Regions 184.442ms
[60.675s][info][gc,marking  ] GC(133) Concurrent Mark
[60.675s][info][gc,marking  ] GC(133) Concurrent Mark From Roots
[60.675s][info][gc,task     ] GC(133) Using 1 workers of 1 for marking
[61.070s][info][gc,start    ] GC(134) Pause Young (Normal) (G1 Evacuation Pause)
[61.070s][info][gc,task     ] GC(134) Using 2 workers of 2 for evacuation
[61.151s][info][gc,phases   ] GC(134)   Pre Evacuate Collection Set: 0.48ms
[61.151s][info][gc,phases   ] GC(134)   Merge Heap Roots: 0.39ms
[61.151s][info][gc,phases   ] GC(134)   Evacuate Collection Set: 79.46ms
[61.151s][info][gc,phases   ] GC(134)   Post Evacuate Collection Set: 0.65ms
[61.151s][info][gc,phases   ] GC(134)   Other: 0.10ms
[61.151s][info][gc,heap     ] GC(134) Eden regions: 396->0(365)
[61.151s][info][gc,heap     ] GC(134) Survivor regions: 38->37(55)
[61.151s][info][gc,heap     ] GC(134) Old regions: 435->474
[61.151s][info][gc,heap     ] GC(134) Humongous regions: 7->7
[61.151s][info][gc,metaspace] GC(134) Metaspace: 17556K(17792K)->17556K(17792K) NonClass: 14932K(15040K)->14932K(15040K) Class: 2624K(2752K)->2624K(2752K)
[61.151s][info][gc          ] GC(134) Pause Young (Normal) (G1 Evacuation Pause) 876M->517M(978M) 81.323ms
[61.151s][info][gc,cpu      ] GC(134) User=0.16s Sys=0.00s Real=0.09s
[61.210s][info][gc,marking  ] GC(133) Concurrent Mark From Roots 535.758ms
[61.211s][info][gc,marking  ] GC(133) Concurrent Preclean
[61.211s][info][gc,marking  ] GC(133) Concurrent Preclean 0.028ms
[61.211s][info][gc,start    ] GC(133) Pause Remark
[61.217s][info][gc          ] GC(133) Pause Remark 548M->436M(978M) 6.275ms
[61.217s][info][gc,cpu      ] GC(133) User=0.01s Sys=0.00s Real=0.00s
[61.217s][info][gc,marking  ] GC(133) Concurrent Mark 542.342ms
[61.217s][info][gc,marking  ] GC(133) Concurrent Rebuild Remembered Sets and Scrub Regions
[61.437s][info][gc,marking  ] GC(133) Concurrent Rebuild Remembered Sets and Scrub Regions 219.649ms
[61.437s][info][gc,start    ] GC(133) Pause Cleanup
[61.437s][info][gc          ] GC(133) Pause Cleanup 526M->526M(978M) 0.111ms
[61.437s][info][gc,cpu      ] GC(133) User=0.00s Sys=0.00s Real=0.00s
[61.437s][info][gc,marking  ] GC(133) Concurrent Clear Claimed Marks
[61.437s][info][gc,marking  ] GC(133) Concurrent Clear Claimed Marks 0.028ms
[61.437s][info][gc,marking  ] GC(133) Concurrent Cleanup for Next Mark
[61.440s][info][gc,marking  ] GC(133) Concurrent Cleanup for Next Mark 2.820ms
[61.440s][info][gc          ] GC(133) Concurrent Mark Cycle 949.782ms
[61.721s][info][gc,start    ] GC(135) Pause Young (Prepare Mixed) (G1 Evacuation Pause)
[61.721s][info][gc,task     ] GC(135) Using 2 workers of 2 for evacuation
[61.777s][info][gc,phases   ] GC(135)   Pre Evacuate Collection Set: 0.29ms
[61.777s][info][gc,phases   ] GC(135)   Merge Heap Roots: 0.41ms
[61.777s][info][gc,phases   ] GC(135)   Evacuate Collection Set: 54.35ms
[61.777s][info][gc,phases   ] GC(135)   Post Evacuate Collection Set: 0.56ms
[61.777s][info][gc,phases   ] GC(135)   Other: 0.08ms
[61.777s][info][gc,heap     ] GC(135) Eden regions: 365->0(436)
[61.777s][info][gc,heap     ] GC(135) Survivor regions: 37->16(51)
[61.777s][info][gc,heap     ] GC(135) Old regions: 365->401
[61.777s][info][gc,heap     ] GC(135) Humongous regions: 4->4
[61.777s][info][gc,metaspace] GC(135) Metaspace: 17556K(17792K)->17556K(17792K) NonClass: 14932K(15040K)->14932K(15040K) Class: 2624K(2752K)->2624K(2752K)
[61.777s][info][gc          ] GC(135) Pause Young (Prepare Mixed) (G1 Evacuation Pause) 770M->421M(978M) 55.919ms
[61.777s][info][gc,cpu      ] GC(135) User=0.11s Sys=0.00s Real=0.05s
[62.952s][info][gc,start    ] GC(136) Pause Young (Mixed) (G1 Evacuation Pause)
[62.952s][info][gc,task     ] GC(136) Using 2 workers of 2 for evacuation
[62.971s][info][gc,phases   ] GC(136)   Pre Evacuate Collection Set: 0.50ms
[62.971s][info][gc,phases   ] GC(136)   Merge Heap Roots: 0.24ms
[62.971s][info][gc,phases   ] GC(136)   Evacuate Collection Set: 18.03ms
[62.971s][info][gc,phases   ] GC(136)   Post Evacuate Collection Set: 0.61ms
[62.971s][info][gc,phases   ] GC(136)   Other: 0.09ms
[62.971s][info][gc,heap     ] GC(136) Eden regions: 436->0(479)
[62.971s][info][gc,heap     ] GC(136) Survivor regions: 16->17(57)
[62.971s][info][gc,heap     ] GC(136) Old regions: 401->361
[62.971s][info][gc,heap     ] GC(136) Humongous regions: 4->4
[62.971s][info][gc,metaspace] GC(136) Metaspace: 17564K(17792K)->17564K(17792K) NonClass: 14940K(15040K)->14940K(15040K) Class: 2624K(2752K)->2624K(2752K)
[62.971s][info][gc          ] GC(136) Pause Young (Mixed) (G1 Evacuation Pause) 857M->381M(978M) 19.696ms
[62.971s][info][gc,cpu      ] GC(136) User=0.04s Sys=0.00s Real=0.02s
[63.926s][info][gc,start    ] GC(137) Pause Young (Concurrent Start) (G1 Evacuation Pause)
[63.926s][info][gc,task     ] GC(137) Using 2 workers of 2 for evacuation
[64.008s][info][gc,phases   ] GC(137)   Pre Evacuate Collection Set: 0.30ms
[64.008s][info][gc,phases   ] GC(137)   Merge Heap Roots: 0.22ms
[64.008s][info][gc,phases   ] GC(137)   Evacuate Collection Set: 80.39ms
[64.008s][info][gc,phases   ] GC(137)   Post Evacuate Collection Set: 0.82ms
[64.008s][info][gc,phases   ] GC(137)   Other: 0.20ms
[64.008s][info][gc,heap     ] GC(137) Eden regions: 479->0(398)
[64.008s][info][gc,heap     ] GC(137) Survivor regions: 17->62(62)
[64.008s][info][gc,heap     ] GC(137) Old regions: 361->385
[64.008s][info][gc,heap     ] GC(137) Humongous regions: 4->4
[64.008s][info][gc,metaspace] GC(137) Metaspace: 17569K(17792K)->17569K(17792K) NonClass: 14945K(15040K)->14945K(15040K) Class: 2624K(2752K)->2624K(2752K)
[64.009s][info][gc          ] GC(137) Pause Young (Concurrent Start) (G1 Evacuation Pause) 860M->451M(978M) 82.167ms
[64.009s][info][gc,cpu      ] GC(137) User=0.16s Sys=0.00s Real=0.08s
[64.009s][info][gc          ] GC(138) Concurrent Mark Cycle
[64.012s][info][gc,marking  ] GC(138) Concurrent Scan Root Regions
[64.107s][info][gc,marking  ] GC(138) Concurrent Scan Root Regions 95.085ms
[64.108s][info][gc,marking  ] GC(138) Concurrent Mark
[64.108s][info][gc,marking  ] GC(138) Concurrent Mark From Roots
[64.108s][info][gc,task     ] GC(138) Using 1 workers of 1 for marking
[65.069s][info][gc,start    ] GC(139) Pause Young (Normal) (G1 Evacuation Pause)
[65.069s][info][gc,task     ] GC(139) Using 2 workers of 2 for evacuation
[65.264s][info][gc,phases   ] GC(139)   Pre Evacuate Collection Set: 0.30ms
[65.264s][info][gc,phases   ] GC(139)   Merge Heap Roots: 0.75ms
[65.264s][info][gc,phases   ] GC(139)   Evacuate Collection Set: 176.69ms
[65.264s][info][gc,phases   ] GC(139)   Post Evacuate Collection Set: 17.02ms
[65.264s][info][gc,phases   ] GC(139)   Other: 0.08ms
[65.264s][info][gc,heap     ] GC(139) Eden regions: 398->0(154)
[65.264s][info][gc,heap     ] GC(139) Survivor regions: 62->58(58)
[65.264s][info][gc,heap     ] GC(139) Old regions: 385->654
[65.264s][info][gc,heap     ] GC(139) Humongous regions: 4->4
[65.264s][info][gc,metaspace] GC(139) Metaspace: 17574K(17792K)->17574K(17792K) NonClass: 14949K(15040K)->14949K(15040K) Class: 2624K(2752K)->2624K(2752K)
[65.264s][info][gc          ] GC(139) Pause Young (Normal) (G1 Evacuation Pause) (Evacuation Failure: Allocation) 849M->716M(978M) 195.094ms
[65.264s][info][gc,cpu      ] GC(139) User=0.39s Sys=0.00s Real=0.20s
[65.451s][info][gc,marking  ] GC(138) Concurrent Mark From Roots 1343.220ms
[65.451s][info][gc,marking  ] GC(138) Concurrent Preclean
[65.451s][info][gc,marking  ] GC(138) Concurrent Preclean 0.031ms
[65.452s][info][gc,start    ] GC(138) Pause Remark
[65.458s][info][gc          ] GC(138) Pause Remark 812M->812M(978M) 6.037ms
[65.458s][info][gc,cpu      ] GC(138) User=0.01s Sys=0.00s Real=0.00s
[65.458s][info][gc,marking  ] GC(138) Concurrent Mark 1350.138ms
[65.458s][info][gc,marking  ] GC(138) Concurrent Rebuild Remembered Sets and Scrub Regions
[65.621s][info][gc,start    ] GC(140) Pause Young (Normal) (G1 Evacuation Pause)
[65.622s][info][gc,task     ] GC(140) Using 2 workers of 2 for evacuation
[65.751s][info][gc,phases   ] GC(140)   Pre Evacuate Collection Set: 0.54ms
[65.751s][info][gc,phases   ] GC(140)   Merge Heap Roots: 1.25ms
[65.751s][info][gc,phases   ] GC(140)   Evacuate Collection Set: 124.90ms
[65.751s][info][gc,phases   ] GC(140)   Post Evacuate Collection Set: 2.41ms
[65.751s][info][gc,phases   ] GC(140)   Other: 0.08ms
[65.751s][info][gc,heap     ] GC(140) Eden regions: 154->0(239)
[65.751s][info][gc,heap     ] GC(140) Survivor regions: 58->14(27)
[65.751s][info][gc,heap     ] GC(140) Old regions: 654->617
[65.751s][info][gc,heap     ] GC(140) Humongous regions: 7->7
[65.751s][info][gc,metaspace] GC(140) Metaspace: 17574K(17792K)->17574K(17792K) NonClass: 14949K(15040K)->14949K(15040K) Class: 2624K(2752K)->2624K(2752K)
[65.751s][info][gc          ] GC(140) Pause Young (Normal) (G1 Evacuation Pause) (Evacuation Failure: Allocation) 873M->638M(978M) 129.427ms
[65.751s][info][gc,cpu      ] GC(140) User=0.25s Sys=0.00s Real=0.13s
[66.009s][info][gc,marking  ] GC(138) Concurrent Rebuild Remembered Sets and Scrub Regions 550.972ms
[66.009s][info][gc,start    ] GC(138) Pause Cleanup
[66.009s][info][gc          ] GC(138) Pause Cleanup 722M->722M(978M) 0.103ms
[66.009s][info][gc,cpu      ] GC(138) User=0.00s Sys=0.00s Real=0.00s
[66.009s][info][gc,marking  ] GC(138) Concurrent Clear Claimed Marks
[66.009s][info][gc,marking  ] GC(138) Concurrent Clear Claimed Marks 0.033ms
[66.009s][info][gc,marking  ] GC(138) Concurrent Cleanup for Next Mark
[66.017s][info][gc,marking  ] GC(138) Concurrent Cleanup for Next Mark 8.075ms
[66.017s][info][gc          ] GC(138) Concurrent Mark Cycle 2008.647ms
[66.270s][info][gc,start    ] GC(141) Pause Young (Prepare Mixed) (G1 Evacuation Pause)
[66.270s][info][gc,task     ] GC(141) Using 2 workers of 2 for evacuation
[66.370s][info][gc,phases   ] GC(141)   Pre Evacuate Collection Set: 0.33ms
[66.370s][info][gc,phases   ] GC(141)   Merge Heap Roots: 1.02ms
[66.371s][info][gc,phases   ] GC(141)   Evacuate Collection Set: 98.36ms
[66.371s][info][gc,phases   ] GC(141)   Post Evacuate Collection Set: 0.92ms
[66.371s][info][gc,phases   ] GC(141)   Other: 0.09ms
[66.371s][info][gc,heap     ] GC(141) Eden regions: 239->0(249)
[66.371s][info][gc,heap     ] GC(141) Survivor regions: 14->32(32)
[66.371s][info][gc,heap     ] GC(141) Old regions: 617->581
[66.371s][info][gc,heap     ] GC(141) Humongous regions: 13->13
[66.371s][info][gc,metaspace] GC(141) Metaspace: 17575K(17792K)->17575K(17792K) NonClass: 14950K(15040K)->14950K(15040K) Class: 2624K(2752K)->2624K(2752K)
[66.371s][info][gc          ] GC(141) Pause Young (Prepare Mixed) (G1 Evacuation Pause) 883M->625M(978M) 100.971ms
[66.371s][info][gc,cpu      ] GC(141) User=0.20s Sys=0.00s Real=0.11s
[66.778s][info][gc,start    ] GC(142) Pause Young (Mixed) (G1 Evacuation Pause)
[66.779s][info][gc,task     ] GC(142) Using 2 workers of 2 for evacuation
[66.852s][info][gc,phases   ] GC(142)   Pre Evacuate Collection Set: 0.52ms
[66.852s][info][gc,phases   ] GC(142)   Merge Heap Roots: 0.83ms
[66.852s][info][gc,phases   ] GC(142)   Evacuate Collection Set: 71.44ms
[66.852s][info][gc,phases   ] GC(142)   Post Evacuate Collection Set: 0.62ms
[66.852s][info][gc,phases   ] GC(142)   Other: 0.08ms
[66.852s][info][gc,heap     ] GC(142) Eden regions: 249->0(270)
[66.852s][info][gc,heap     ] GC(142) Survivor regions: 32->19(36)
[66.852s][info][gc,heap     ] GC(142) Old regions: 581->585
[66.852s][info][gc,heap     ] GC(142) Humongous regions: 13->13
[66.852s][info][gc,metaspace] GC(142) Metaspace: 17575K(17792K)->17575K(17792K) NonClass: 14950K(15040K)->14950K(15040K) Class: 2624K(2752K)->2624K(2752K)
[66.852s][info][gc          ] GC(142) Pause Young (Mixed) (G1 Evacuation Pause) 874M->616M(978M) 73.746ms
[66.852s][info][gc,cpu      ] GC(142) User=0.15s Sys=0.00s Real=0.08s
[67.260s][info][gc,start    ] GC(143) Pause Young (Concurrent Start) (G1 Evacuation Pause)
[67.260s][info][gc,task     ] GC(143) Using 2 workers of 2 for evacuation
[67.297s][info][gc,phases   ] GC(143)   Pre Evacuate Collection Set: 0.30ms
[67.297s][info][gc,phases   ] GC(143)   Merge Heap Roots: 0.40ms
[67.297s][info][gc,phases   ] GC(143)   Evacuate Collection Set: 35.68ms
[67.297s][info][gc,phases   ] GC(143)   Post Evacuate Collection Set: 0.62ms
[67.297s][info][gc,phases   ] GC(143)   Other: 0.10ms
[67.297s][info][gc,heap     ] GC(143) Eden regions: 270->0(286)
[67.297s][info][gc,heap     ] GC(143) Survivor regions: 19->19(37)
[67.297s][info][gc,heap     ] GC(143) Old regions: 585->585
[67.297s][info][gc,heap     ] GC(143) Humongous regions: 13->13
[67.297s][info][gc,metaspace] GC(143) Metaspace: 17575K(17792K)->17575K(17792K) NonClass: 14950K(15040K)->14950K(15040K) Class: 2624K(2752K)->2624K(2752K)
[67.297s][info][gc          ] GC(143) Pause Young (Concurrent Start) (G1 Evacuation Pause) 886M->616M(978M) 37.323ms
[67.297s][info][gc,cpu      ] GC(143) User=0.07s Sys=0.00s Real=0.04s
[67.297s][info][gc          ] GC(144) Concurrent Mark Cycle
[67.299s][info][gc,marking  ] GC(144) Concurrent Scan Root Regions
[67.373s][info][gc,marking  ] GC(144) Concurrent Scan Root Regions 73.998ms
[67.373s][info][gc,marking  ] GC(144) Concurrent Mark
[67.373s][info][gc,marking  ] GC(144) Concurrent Mark From Roots
[67.373s][info][gc,task     ] GC(144) Using 1 workers of 1 for marking
[68.295s][info][gc,start    ] GC(145) Pause Young (Normal) (G1 Evacuation Pause)
[68.296s][info][gc,task     ] GC(145) Using 2 workers of 2 for evacuation
[68.334s][info][gc,phases   ] GC(145)   Pre Evacuate Collection Set: 0.29ms
[68.334s][info][gc,phases   ] GC(145)   Merge Heap Roots: 0.39ms
[68.334s][info][gc,phases   ] GC(145)   Evacuate Collection Set: 36.52ms
[68.334s][info][gc,phases   ] GC(145)   Post Evacuate Collection Set: 0.63ms
[68.334s][info][gc,phases   ] GC(145)   Other: 0.11ms
[68.334s][info][gc,heap     ] GC(145) Eden regions: 286->0(292)
[68.334s][info][gc,heap     ] GC(145) Survivor regions: 19->19(39)
[68.334s][info][gc,heap     ] GC(145) Old regions: 585->585
[68.334s][info][gc,heap     ] GC(145) Humongous regions: 13->13
[68.334s][info][gc,metaspace] GC(145) Metaspace: 17575K(17792K)->17575K(17792K) NonClass: 14950K(15040K)->14950K(15040K) Class: 2624K(2752K)->2624K(2752K)
[68.334s][info][gc          ] GC(145) Pause Young (Normal) (G1 Evacuation Pause) 902M->616M(978M) 38.207ms
[68.334s][info][gc,cpu      ] GC(145) User=0.08s Sys=0.00s Real=0.04s
[68.504s][info][gc,marking  ] GC(144) Concurrent Mark From Roots 1131.192ms
[68.504s][info][gc,marking  ] GC(144) Concurrent Preclean
[68.504s][info][gc,marking  ] GC(144) Concurrent Preclean 0.027ms
[68.505s][info][gc,start    ] GC(144) Pause Remark
[68.511s][info][gc          ] GC(144) Pause Remark 666M->600M(978M) 6.373ms
[68.511s][info][gc,cpu      ] GC(144) User=0.01s Sys=0.00s Real=0.01s
[68.511s][info][gc,marking  ] GC(144) Concurrent Mark 1137.898ms
[68.511s][info][gc,marking  ] GC(144) Concurrent Rebuild Remembered Sets and Scrub Regions
[68.910s][info][gc,marking  ] GC(144) Concurrent Rebuild Remembered Sets and Scrub Regions 399.251ms
[68.911s][info][gc,start    ] GC(144) Pause Cleanup
[68.911s][info][gc          ] GC(144) Pause Cleanup 819M->819M(978M) 0.160ms
[68.911s][info][gc,cpu      ] GC(144) User=0.00s Sys=0.00s Real=0.00s
[68.912s][info][gc,marking  ] GC(144) Concurrent Clear Claimed Marks
[68.912s][info][gc,marking  ] GC(144) Concurrent Clear Claimed Marks 0.045ms
[68.912s][info][gc,marking  ] GC(144) Concurrent Cleanup for Next Mark
[68.919s][info][gc,marking  ] GC(144) Concurrent Cleanup for Next Mark 7.308ms
[68.919s][info][gc          ] GC(144) Concurrent Mark Cycle 1622.475ms
[68.938s][info][gc,start    ] GC(146) Pause Young (Prepare Mixed) (G1 Evacuation Pause)
[68.938s][info][gc,task     ] GC(146) Using 2 workers of 2 for evacuation
[69.006s][info][gc,phases   ] GC(146)   Pre Evacuate Collection Set: 0.25ms
[69.006s][info][gc,phases   ] GC(146)   Merge Heap Roots: 0.73ms
[69.006s][info][gc,phases   ] GC(146)   Evacuate Collection Set: 66.28ms
[69.006s][info][gc,phases   ] GC(146)   Post Evacuate Collection Set: 0.64ms
[69.006s][info][gc,phases   ] GC(146)   Other: 0.09ms
[69.006s][info][gc,heap     ] GC(146) Eden regions: 292->0(312)
[69.006s][info][gc,heap     ] GC(146) Survivor regions: 19->39(39)
[69.006s][info][gc,heap     ] GC(146) Old regions: 525->531
[69.006s][info][gc,heap     ] GC(146) Humongous regions: 7->7
[69.006s][info][gc,metaspace] GC(146) Metaspace: 17575K(17792K)->17575K(17792K) NonClass: 14951K(15040K)->14951K(15040K) Class: 2624K(2752K)->2624K(2752K)
[69.006s][info][gc          ] GC(146) Pause Young (Prepare Mixed) (G1 Evacuation Pause) 842M->576M(978M) 68.204ms
[69.006s][info][gc,cpu      ] GC(146) User=0.13s Sys=0.00s Real=0.07s
[69.285s][info][gc,start    ] GC(147) Pause Young (Mixed) (G1 Evacuation Pause)
[69.285s][info][gc,task     ] GC(147) Using 2 workers of 2 for evacuation
[69.380s][info][gc,phases   ] GC(147)   Pre Evacuate Collection Set: 0.53ms
[69.380s][info][gc,phases   ] GC(147)   Merge Heap Roots: 0.86ms
[69.380s][info][gc,phases   ] GC(147)   Evacuate Collection Set: 92.77ms
[69.380s][info][gc,phases   ] GC(147)   Post Evacuate Collection Set: 0.68ms
[69.380s][info][gc,phases   ] GC(147)   Other: 0.08ms
[69.380s][info][gc,heap     ] GC(147) Eden regions: 312->0(395)
[69.380s][info][gc,heap     ] GC(147) Survivor regions: 39->27(44)
[69.380s][info][gc,heap     ] GC(147) Old regions: 531->467
[69.380s][info][gc,heap     ] GC(147) Humongous regions: 7->7
[69.380s][info][gc,metaspace] GC(147) Metaspace: 17575K(17792K)->17575K(17792K) NonClass: 14951K(15040K)->14951K(15040K) Class: 2624K(2752K)->2624K(2752K)
[69.380s][info][gc          ] GC(147) Pause Young (Mixed) (G1 Evacuation Pause) 888M->501M(978M) 95.156ms
[69.380s][info][gc,cpu      ] GC(147) User=0.18s Sys=0.00s Real=0.09s
[70.082s][info][gc,start    ] GC(148) Pause Young (Concurrent Start) (G1 Evacuation Pause)
[70.082s][info][gc,task     ] GC(148) Using 2 workers of 2 for evacuation
[70.118s][info][gc,phases   ] GC(148)   Pre Evacuate Collection Set: 0.31ms
[70.118s][info][gc,phases   ] GC(148)   Merge Heap Roots: 0.20ms
[70.118s][info][gc,phases   ] GC(148)   Evacuate Collection Set: 35.27ms
[70.118s][info][gc,phases   ] GC(148)   Post Evacuate Collection Set: 0.59ms
[70.119s][info][gc,phases   ] GC(148)   Other: 0.12ms
[70.119s][info][gc,heap     ] GC(148) Eden regions: 395->0(397)
[70.119s][info][gc,heap     ] GC(148) Survivor regions: 27->14(53)
[70.119s][info][gc,heap     ] GC(148) Old regions: 467->489
[70.119s][info][gc,heap     ] GC(148) Humongous regions: 7->7
[70.119s][info][gc,metaspace] GC(148) Metaspace: 17576K(17792K)->17576K(17792K) NonClass: 14951K(15040K)->14951K(15040K) Class: 2624K(2752K)->2624K(2752K)
[70.119s][info][gc          ] GC(148) Pause Young (Concurrent Start) (G1 Evacuation Pause) 896M->509M(978M) 36.716ms
[70.119s][info][gc,cpu      ] GC(148) User=0.07s Sys=0.00s Real=0.03s
[70.119s][info][gc          ] GC(149) Concurrent Mark Cycle
[70.119s][info][gc,marking  ] GC(149) Concurrent Scan Root Regions
[70.172s][info][gc,marking  ] GC(149) Concurrent Scan Root Regions 53.263ms
[70.172s][info][gc,marking  ] GC(149) Concurrent Mark
[70.172s][info][gc,marking  ] GC(149) Concurrent Mark From Roots
[70.172s][info][gc,task     ] GC(149) Using 1 workers of 1 for marking
[71.326s][info][gc,marking  ] GC(149) Concurrent Mark From Roots 1153.884ms
[71.326s][info][gc,marking  ] GC(149) Concurrent Preclean
[71.326s][info][gc,marking  ] GC(149) Concurrent Preclean 0.029ms
[71.327s][info][gc,start    ] GC(149) Pause Remark
[71.333s][info][gc          ] GC(149) Pause Remark 827M->827M(978M) 6.216ms
[71.333s][info][gc,cpu      ] GC(149) User=0.01s Sys=0.00s Real=0.01s
[71.333s][info][gc,marking  ] GC(149) Concurrent Mark 1161.326ms
[71.333s][info][gc,marking  ] GC(149) Concurrent Rebuild Remembered Sets and Scrub Regions
[71.485s][info][gc,start    ] GC(150) Pause Young (Normal) (G1 Evacuation Pause)
[71.485s][info][gc,task     ] GC(150) Using 2 workers of 2 for evacuation
[71.514s][info][gc,phases   ] GC(150)   Pre Evacuate Collection Set: 0.44ms
[71.514s][info][gc,phases   ] GC(150)   Merge Heap Roots: 0.22ms
[71.514s][info][gc,phases   ] GC(150)   Evacuate Collection Set: 27.92ms
[71.514s][info][gc,phases   ] GC(150)   Post Evacuate Collection Set: 0.55ms
[71.514s][info][gc,phases   ] GC(150)   Other: 0.10ms
[71.514s][info][gc,heap     ] GC(150) Eden regions: 397->0(378)
[71.514s][info][gc,heap     ] GC(150) Survivor regions: 14->27(52)
[71.514s][info][gc,heap     ] GC(150) Old regions: 489->489
[71.514s][info][gc,heap     ] GC(150) Humongous regions: 7->7
[71.514s][info][gc,metaspace] GC(150) Metaspace: 17576K(17792K)->17576K(17792K) NonClass: 14951K(15040K)->14951K(15040K) Class: 2624K(2752K)->2624K(2752K)
[71.514s][info][gc          ] GC(150) Pause Young (Normal) (G1 Evacuation Pause) 906M->522M(978M) 29.482ms
[71.514s][info][gc,cpu      ] GC(150) User=0.06s Sys=0.00s Real=0.03s
[71.844s][info][gc,marking  ] GC(149) Concurrent Rebuild Remembered Sets and Scrub Regions 510.346ms
[71.844s][info][gc,start    ] GC(149) Pause Cleanup
[71.844s][info][gc          ] GC(149) Pause Cleanup 723M->723M(978M) 0.102ms
[71.844s][info][gc,cpu      ] GC(149) User=0.00s Sys=0.00s Real=0.00s
[71.844s][info][gc,marking  ] GC(149) Concurrent Clear Claimed Marks
[71.844s][info][gc,marking  ] GC(149) Concurrent Clear Claimed Marks 0.030ms
[71.844s][info][gc,marking  ] GC(149) Concurrent Cleanup for Next Mark
[71.851s][info][gc,marking  ] GC(149) Concurrent Cleanup for Next Mark 6.657ms
[71.851s][info][gc          ] GC(149) Concurrent Mark Cycle 1732.141ms
[72.252s][info][gc,start    ] GC(151) Pause Young (Prepare Mixed) (G1 Evacuation Pause)
[72.252s][info][gc,task     ] GC(151) Using 2 workers of 2 for evacuation
[72.366s][info][gc,phases   ] GC(151)   Pre Evacuate Collection Set: 0.30ms
[72.366s][info][gc,phases   ] GC(151)   Merge Heap Roots: 0.25ms
[72.366s][info][gc,phases   ] GC(151)   Evacuate Collection Set: 106.56ms
[72.366s][info][gc,phases   ] GC(151)   Post Evacuate Collection Set: 6.49ms
[72.366s][info][gc,phases   ] GC(151)   Other: 0.08ms
[72.366s][info][gc,heap     ] GC(151) Eden regions: 378->0(247)
[72.366s][info][gc,heap     ] GC(151) Survivor regions: 27->51(51)
[72.366s][info][gc,heap     ] GC(151) Old regions: 489->569
[72.366s][info][gc,heap     ] GC(151) Humongous regions: 10->10
[72.366s][info][gc,metaspace] GC(151) Metaspace: 17608K(17856K)->17608K(17856K) NonClass: 14979K(15104K)->14979K(15104K) Class: 2629K(2752K)->2629K(2752K)
[72.366s][info][gc          ] GC(151) Pause Young (Prepare Mixed) (G1 Evacuation Pause) (Evacuation Failure: Allocation) 903M->630M(978M) 113.913ms
[72.366s][info][gc,cpu      ] GC(151) User=0.22s Sys=0.00s Real=0.11s
[72.764s][info][gc,start    ] GC(152) Pause Young (Mixed) (G1 Evacuation Pause)
[72.765s][info][gc,task     ] GC(152) Using 2 workers of 2 for evacuation
[72.847s][info][gc,phases   ] GC(152)   Pre Evacuate Collection Set: 0.55ms
[72.847s][info][gc,phases   ] GC(152)   Merge Heap Roots: 1.46ms
[72.847s][info][gc,phases   ] GC(152)   Evacuate Collection Set: 79.51ms
[72.847s][info][gc,phases   ] GC(152)   Post Evacuate Collection Set: 0.58ms
[72.847s][info][gc,phases   ] GC(152)   Other: 0.09ms
[72.847s][info][gc,heap     ] GC(152) Eden regions: 247->0(316)
[72.847s][info][gc,heap     ] GC(152) Survivor regions: 51->1(38)
[72.847s][info][gc,heap     ] GC(152) Old regions: 569->571
[72.847s][info][gc,heap     ] GC(152) Humongous regions: 10->10
[72.847s][info][gc,metaspace] GC(152) Metaspace: 17608K(17856K)->17608K(17856K) NonClass: 14979K(15104K)->14979K(15104K) Class: 2629K(2752K)->2629K(2752K)
[72.847s][info][gc          ] GC(152) Pause Young (Mixed) (G1 Evacuation Pause) 877M->581M(978M) 82.482ms
[72.847s][info][gc,cpu      ] GC(152) User=0.16s Sys=0.00s Real=0.08s
[73.318s][info][gc,start    ] GC(153) Pause Young (Concurrent Start) (G1 Evacuation Pause)
[73.318s][info][gc,task     ] GC(153) Using 2 workers of 2 for evacuation
[73.319s][info][gc,phases   ] GC(153)   Pre Evacuate Collection Set: 0.34ms
[73.319s][info][gc,phases   ] GC(153)   Merge Heap Roots: 0.09ms
[73.319s][info][gc,phases   ] GC(153)   Evacuate Collection Set: 0.51ms
[73.319s][info][gc,phases   ] GC(153)   Post Evacuate Collection Set: 0.42ms
[73.319s][info][gc,phases   ] GC(153)   Other: 0.13ms
[73.319s][info][gc,heap     ] GC(153) Eden regions: 316->0(329)
[73.319s][info][gc,heap     ] GC(153) Survivor regions: 1->1(40)
[73.319s][info][gc,heap     ] GC(153) Old regions: 571->571
[73.319s][info][gc,heap     ] GC(153) Humongous regions: 10->10
[73.319s][info][gc,metaspace] GC(153) Metaspace: 17608K(17856K)->17608K(17856K) NonClass: 14979K(15104K)->14979K(15104K) Class: 2629K(2752K)->2629K(2752K)
[73.319s][info][gc          ] GC(153) Pause Young (Concurrent Start) (G1 Evacuation Pause) 897M->581M(978M) 1.752ms
[73.319s][info][gc          ] GC(154) Concurrent Mark Cycle
[73.319s][info][gc,marking  ] GC(154) Concurrent Scan Root Regions
[73.320s][info][gc,marking  ] GC(154) Concurrent Scan Root Regions 0.256ms
[73.320s][info][gc,marking  ] GC(154) Concurrent Mark
[73.320s][info][gc,marking  ] GC(154) Concurrent Mark From Roots
[73.320s][info][gc,task     ] GC(154) Using 1 workers of 1 for marking
[73.320s][info][gc,cpu      ] GC(153) User=0.00s Sys=0.00s Real=0.00s
[74.450s][info][gc,start    ] GC(155) Pause Young (Normal) (G1 Evacuation Pause)
[74.450s][info][gc,task     ] GC(155) Using 2 workers of 2 for evacuation
[74.451s][info][gc,phases   ] GC(155)   Pre Evacuate Collection Set: 0.30ms
[74.451s][info][gc,phases   ] GC(155)   Merge Heap Roots: 0.11ms
[74.451s][info][gc,phases   ] GC(155)   Evacuate Collection Set: 0.24ms
[74.451s][info][gc,phases   ] GC(155)   Post Evacuate Collection Set: 0.44ms
[74.451s][info][gc,phases   ] GC(155)   Other: 0.10ms
[74.451s][info][gc,heap     ] GC(155) Eden regions: 329->0(340)
[74.451s][info][gc,heap     ] GC(155) Survivor regions: 1->1(42)
[74.451s][info][gc,heap     ] GC(155) Old regions: 571->571
[74.451s][info][gc,heap     ] GC(155) Humongous regions: 10->10
[74.451s][info][gc,metaspace] GC(155) Metaspace: 17608K(17856K)->17608K(17856K) NonClass: 14979K(15104K)->14979K(15104K) Class: 2629K(2752K)->2629K(2752K)
[74.451s][info][gc          ] GC(155) Pause Young (Normal) (G1 Evacuation Pause) 910M->581M(978M) 1.404ms
[74.451s][info][gc,cpu      ] GC(155) User=0.00s Sys=0.00s Real=0.01s
[74.671s][info][gc,marking  ] GC(154) Concurrent Mark From Roots 1351.737ms
[74.672s][info][gc,marking  ] GC(154) Concurrent Preclean
[74.672s][info][gc,marking  ] GC(154) Concurrent Preclean 0.032ms
[74.672s][info][gc,start    ] GC(154) Pause Remark
[74.679s][info][gc          ] GC(154) Pause Remark 688M->615M(978M) 6.185ms
[74.679s][info][gc,cpu      ] GC(154) User=0.02s Sys=0.00s Real=0.00s
[74.679s][info][gc,marking  ] GC(154) Concurrent Mark 1358.952ms
[74.679s][info][gc,marking  ] GC(154) Concurrent Rebuild Remembered Sets and Scrub Regions
[74.921s][info][gc,start    ] GC(156) Pause Young (Normal) (G1 Evacuation Pause)
[74.921s][info][gc,task     ] GC(156) Using 2 workers of 2 for evacuation
[74.993s][info][gc,phases   ] GC(156)   Pre Evacuate Collection Set: 0.26ms
[74.993s][info][gc,phases   ] GC(156)   Merge Heap Roots: 0.46ms
[74.993s][info][gc,phases   ] GC(156)   Evacuate Collection Set: 70.23ms
[74.993s][info][gc,phases   ] GC(156)   Post Evacuate Collection Set: 0.55ms
[74.993s][info][gc,phases   ] GC(156)   Other: 0.08ms
[74.993s][info][gc,heap     ] GC(156) Eden regions: 340->0(319)
[74.993s][info][gc,heap     ] GC(156) Survivor regions: 1->43(43)
[74.993s][info][gc,heap     ] GC(156) Old regions: 501->516
[74.993s][info][gc,heap     ] GC(156) Humongous regions: 7->7
[74.993s][info][gc,metaspace] GC(156) Metaspace: 17608K(17856K)->17608K(17856K) NonClass: 14979K(15104K)->14979K(15104K) Class: 2629K(2752K)->2629K(2752K)
[74.993s][info][gc          ] GC(156) Pause Young (Normal) (G1 Evacuation Pause) 848M->566M(978M) 71.865ms
[74.993s][info][gc,cpu      ] GC(156) User=0.14s Sys=0.00s Real=0.07s
[75.209s][info][gc,marking  ] GC(154) Concurrent Rebuild Remembered Sets and Scrub Regions 530.575ms
[75.209s][info][gc,start    ] GC(154) Pause Cleanup
[75.210s][info][gc          ] GC(154) Pause Cleanup 779M->779M(978M) 0.113ms
[75.210s][info][gc,cpu      ] GC(154) User=0.00s Sys=0.00s Real=0.00s
[75.210s][info][gc,marking  ] GC(154) Concurrent Clear Claimed Marks
[75.210s][info][gc,marking  ] GC(154) Concurrent Clear Claimed Marks 0.027ms
[75.210s][info][gc,marking  ] GC(154) Concurrent Cleanup for Next Mark
[75.215s][info][gc,marking  ] GC(154) Concurrent Cleanup for Next Mark 4.889ms
[75.215s][info][gc          ] GC(154) Concurrent Mark Cycle 1895.246ms
[75.313s][info][gc,start    ] GC(157) Pause Young (Prepare Mixed) (G1 Evacuation Pause)
[75.313s][info][gc,task     ] GC(157) Using 2 workers of 2 for evacuation
[75.400s][info][gc,phases   ] GC(157)   Pre Evacuate Collection Set: 0.28ms
[75.400s][info][gc,phases   ] GC(157)   Merge Heap Roots: 0.33ms
[75.400s][info][gc,phases   ] GC(157)   Evacuate Collection Set: 85.67ms
[75.400s][info][gc,phases   ] GC(157)   Post Evacuate Collection Set: 0.58ms
[75.400s][info][gc,phases   ] GC(157)   Other: 0.08ms
[75.400s][info][gc,heap     ] GC(157) Eden regions: 319->0(285)
[75.400s][info][gc,heap     ] GC(157) Survivor regions: 43->38(46)
[75.400s][info][gc,heap     ] GC(157) Old regions: 516->560
[75.400s][info][gc,heap     ] GC(157) Humongous regions: 7->7
[75.400s][info][gc,metaspace] GC(157) Metaspace: 17608K(17856K)->17608K(17856K) NonClass: 14979K(15104K)->14979K(15104K) Class: 2629K(2752K)->2629K(2752K)
[75.400s][info][gc          ] GC(157) Pause Young (Prepare Mixed) (G1 Evacuation Pause) 885M->604M(978M) 87.190ms
[75.400s][info][gc,cpu      ] GC(157) User=0.18s Sys=0.00s Real=0.08s
[75.610s][info][gc,start    ] GC(158) Pause Young (Mixed) (G1 Evacuation Pause)
[75.610s][info][gc,task     ] GC(158) Using 2 workers of 2 for evacuation
[75.703s][info][gc,phases   ] GC(158)   Pre Evacuate Collection Set: 0.49ms
[75.704s][info][gc,phases   ] GC(158)   Merge Heap Roots: 1.05ms
[75.704s][info][gc,phases   ] GC(158)   Evacuate Collection Set: 90.88ms
[75.704s][info][gc,phases   ] GC(158)   Post Evacuate Collection Set: 0.64ms
[75.704s][info][gc,phases   ] GC(158)   Other: 0.09ms
[75.704s][info][gc,heap     ] GC(158) Eden regions: 285->0(306)
[75.704s][info][gc,heap     ] GC(158) Survivor regions: 38->20(41)
[75.704s][info][gc,heap     ] GC(158) Old regions: 560->552
[75.704s][info][gc,heap     ] GC(158) Humongous regions: 7->7
[75.704s][info][gc,metaspace] GC(158) Metaspace: 17632K(17920K)->17632K(17920K) NonClass: 15002K(15168K)->15002K(15168K) Class: 2630K(2752K)->2630K(2752K)
[75.704s][info][gc          ] GC(158) Pause Young (Mixed) (G1 Evacuation Pause) 889M->578M(978M) 93.377ms
[75.704s][info][gc,cpu      ] GC(158) User=0.18s Sys=0.00s Real=0.10s
[76.098s][info][gc,start    ] GC(159) Pause Young (Concurrent Start) (G1 Evacuation Pause)
[76.098s][info][gc,task     ] GC(159) Using 2 workers of 2 for evacuation
[76.134s][info][gc,phases   ] GC(159)   Pre Evacuate Collection Set: 0.33ms
[76.134s][info][gc,phases   ] GC(159)   Merge Heap Roots: 0.36ms
[76.134s][info][gc,phases   ] GC(159)   Evacuate Collection Set: 34.72ms
[76.134s][info][gc,phases   ] GC(159)   Post Evacuate Collection Set: 0.53ms
[76.134s][info][gc,phases   ] GC(159)   Other: 0.21ms
[76.134s][info][gc,heap     ] GC(159) Eden regions: 306->0(314)
[76.134s][info][gc,heap     ] GC(159) Survivor regions: 20->25(41)
[76.134s][info][gc,heap     ] GC(159) Old regions: 552->552
[76.134s][info][gc,heap     ] GC(159) Humongous regions: 7->7
[76.134s][info][gc,metaspace] GC(159) Metaspace: 17634K(17920K)->17634K(17920K) NonClass: 15004K(15168K)->15004K(15168K) Class: 2630K(2752K)->2630K(2752K)
[76.134s][info][gc          ] GC(159) Pause Young (Concurrent Start) (G1 Evacuation Pause) 884M->583M(978M) 36.387ms
[76.134s][info][gc,cpu      ] GC(159) User=0.07s Sys=0.00s Real=0.04s
[76.134s][info][gc          ] GC(160) Concurrent Mark Cycle
[76.134s][info][gc,marking  ] GC(160) Concurrent Scan Root Regions
[76.184s][info][gc,marking  ] GC(160) Concurrent Scan Root Regions 50.101ms
[76.184s][info][gc,marking  ] GC(160) Concurrent Mark
[76.184s][info][gc,marking  ] GC(160) Concurrent Mark From Roots
[76.184s][info][gc,task     ] GC(160) Using 1 workers of 1 for marking
[77.266s][info][gc,start    ] GC(161) Pause Young (Normal) (G1 Evacuation Pause)
[77.266s][info][gc,task     ] GC(161) Using 2 workers of 2 for evacuation
[77.313s][info][gc,phases   ] GC(161)   Pre Evacuate Collection Set: 0.30ms
[77.313s][info][gc,phases   ] GC(161)   Merge Heap Roots: 0.25ms
[77.313s][info][gc,phases   ] GC(161)   Evacuate Collection Set: 44.95ms
[77.313s][info][gc,phases   ] GC(161)   Post Evacuate Collection Set: 0.54ms
[77.313s][info][gc,phases   ] GC(161)   Other: 0.09ms
[77.313s][info][gc,heap     ] GC(161) Eden regions: 314->0(303)
[77.313s][info][gc,heap     ] GC(161) Survivor regions: 25->22(43)
[77.313s][info][gc,heap     ] GC(161) Old regions: 552->572
[77.313s][info][gc,heap     ] GC(161) Humongous regions: 7->7
[77.313s][info][gc,metaspace] GC(161) Metaspace: 17634K(17920K)->17634K(17920K) NonClass: 15004K(15168K)->15004K(15168K) Class: 2630K(2752K)->2630K(2752K)
[77.313s][info][gc          ] GC(161) Pause Young (Normal) (G1 Evacuation Pause) 897M->600M(978M) 46.388ms
[77.313s][info][gc,cpu      ] GC(161) User=0.09s Sys=0.00s Real=0.05s
[77.876s][info][gc,marking  ] GC(160) Concurrent Mark From Roots 1691.912ms
[77.876s][info][gc,marking  ] GC(160) Concurrent Preclean
[77.876s][info][gc,marking  ] GC(160) Concurrent Preclean 0.033ms
[77.877s][info][gc,start    ] GC(160) Pause Remark
[77.886s][info][gc          ] GC(160) Pause Remark 833M->833M(978M) 8.956ms
[77.886s][info][gc,cpu      ] GC(160) User=0.01s Sys=0.00s Real=0.01s
[77.887s][info][gc,marking  ] GC(160) Concurrent Mark 1702.929ms
[77.887s][info][gc,marking  ] GC(160) Concurrent Rebuild Remembered Sets and Scrub Regions
[78.050s][info][gc,start    ] GC(162) Pause Young (Normal) (G1 Evacuation Pause)
[78.050s][info][gc,task     ] GC(162) Using 2 workers of 2 for evacuation
[78.140s][info][gc,phases   ] GC(162)   Pre Evacuate Collection Set: 0.30ms
[78.140s][info][gc,phases   ] GC(162)   Merge Heap Roots: 0.37ms
[78.140s][info][gc,phases   ] GC(162)   Evacuate Collection Set: 87.43ms
[78.140s][info][gc,phases   ] GC(162)   Post Evacuate Collection Set: 2.46ms
[78.140s][info][gc,phases   ] GC(162)   Other: 0.09ms
[78.140s][info][gc,heap     ] GC(162) Eden regions: 303->0(214)
[78.140s][info][gc,heap     ] GC(162) Survivor regions: 22->41(41)
[78.140s][info][gc,heap     ] GC(162) Old regions: 572->625
[78.140s][info][gc,heap     ] GC(162) Humongous regions: 7->7
[78.140s][info][gc,metaspace] GC(162) Metaspace: 17653K(17920K)->17653K(17920K) NonClass: 15019K(15168K)->15019K(15168K) Class: 2634K(2752K)->2634K(2752K)
[78.140s][info][gc          ] GC(162) Pause Young (Normal) (G1 Evacuation Pause) (Evacuation Failure: Allocation) 903M->673M(978M) 90.922ms
[78.140s][info][gc,cpu      ] GC(162) User=0.18s Sys=0.00s Real=0.10s
[78.881s][info][gc,marking  ] GC(160) Concurrent Rebuild Remembered Sets and Scrub Regions 993.976ms
[78.882s][info][gc,start    ] GC(160) Pause Cleanup
[78.882s][info][gc          ] GC(160) Pause Cleanup 885M->885M(978M) 0.121ms
[78.882s][info][gc,cpu      ] GC(160) User=0.00s Sys=0.00s Real=0.00s
[78.882s][info][gc,marking  ] GC(160) Concurrent Clear Claimed Marks
[78.882s][info][gc,marking  ] GC(160) Concurrent Clear Claimed Marks 0.049ms
[78.882s][info][gc,marking  ] GC(160) Concurrent Cleanup for Next Mark
[78.887s][info][gc,marking  ] GC(160) Concurrent Cleanup for Next Mark 4.895ms
[78.887s][info][gc          ] GC(160) Concurrent Mark Cycle 2753.217ms
[78.890s][info][gc,start    ] GC(163) Pause Young (Prepare Mixed) (G1 Evacuation Pause)
[78.890s][info][gc,task     ] GC(163) Using 2 workers of 2 for evacuation
[78.971s][info][gc,phases   ] GC(163)   Pre Evacuate Collection Set: 0.52ms
[78.971s][info][gc,phases   ] GC(163)   Merge Heap Roots: 0.51ms
[78.971s][info][gc,phases   ] GC(163)   Evacuate Collection Set: 79.03ms
[78.971s][info][gc,phases   ] GC(163)   Post Evacuate Collection Set: 0.72ms
[78.971s][info][gc,phases   ] GC(163)   Other: 0.09ms
[78.971s][info][gc,heap     ] GC(163) Eden regions: 214->0(209)
[78.971s][info][gc,heap     ] GC(163) Survivor regions: 41->25(32)
[78.971s][info][gc,heap     ] GC(163) Old regions: 625->653
[78.971s][info][gc,heap     ] GC(163) Humongous regions: 7->7
[78.971s][info][gc,metaspace] GC(163) Metaspace: 17663K(17920K)->17663K(17920K) NonClass: 15029K(15168K)->15029K(15168K) Class: 2634K(2752K)->2634K(2752K)
[78.971s][info][gc          ] GC(163) Pause Young (Prepare Mixed) (G1 Evacuation Pause) 887M->684M(978M) 81.066ms
[78.971s][info][gc,cpu      ] GC(163) User=0.16s Sys=0.01s Real=0.09s
[79.354s][info][gc,start    ] GC(164) Pause Young (Mixed) (G1 Evacuation Pause)
[79.354s][info][gc,task     ] GC(164) Using 2 workers of 2 for evacuation
[79.426s][info][gc,phases   ] GC(164)   Pre Evacuate Collection Set: 0.54ms
[79.426s][info][gc,phases   ] GC(164)   Merge Heap Roots: 0.74ms
[79.426s][info][gc,phases   ] GC(164)   Evacuate Collection Set: 69.44ms
[79.426s][info][gc,phases   ] GC(164)   Post Evacuate Collection Set: 0.64ms
[79.426s][info][gc,phases   ] GC(164)   Other: 0.10ms
[79.426s][info][gc,heap     ] GC(164) Eden regions: 209->0(227)
[79.426s][info][gc,heap     ] GC(164) Survivor regions: 25->1(30)
[79.426s][info][gc,heap     ] GC(164) Old regions: 653->670
[79.426s][info][gc,heap     ] GC(164) Humongous regions: 7->7
[79.426s][info][gc,metaspace] GC(164) Metaspace: 17663K(17920K)->17663K(17920K) NonClass: 15029K(15168K)->15029K(15168K) Class: 2634K(2752K)->2634K(2752K)
[79.426s][info][gc          ] GC(164) Pause Young (Mixed) (G1 Evacuation Pause) 893M->677M(978M) 71.691ms
[79.426s][info][gc,cpu      ] GC(164) User=0.14s Sys=0.00s Real=0.07s
[79.811s][info][gc,start    ] GC(165) Pause Young (Mixed) (G1 Evacuation Pause)
[79.812s][info][gc,task     ] GC(165) Using 2 workers of 2 for evacuation
[79.975s][info][gc,phases   ] GC(165)   Pre Evacuate Collection Set: 0.48ms
[79.975s][info][gc,phases   ] GC(165)   Merge Heap Roots: 1.41ms
[79.975s][info][gc,phases   ] GC(165)   Evacuate Collection Set: 161.00ms
[79.975s][info][gc,phases   ] GC(165)   Post Evacuate Collection Set: 0.51ms
[79.975s][info][gc,phases   ] GC(165)   Other: 0.09ms
[79.975s][info][gc,heap     ] GC(165) Eden regions: 227->0(237)
[79.975s][info][gc,heap     ] GC(165) Survivor regions: 1->3(29)
[79.975s][info][gc,heap     ] GC(165) Old regions: 670->670
[79.975s][info][gc,heap     ] GC(165) Humongous regions: 7->7
[79.975s][info][gc,metaspace] GC(165) Metaspace: 17665K(17920K)->17665K(17920K) NonClass: 15031K(15168K)->15031K(15168K) Class: 2634K(2752K)->2634K(2752K)
[79.975s][info][gc          ] GC(165) Pause Young (Mixed) (G1 Evacuation Pause) 904M->679M(978M) 163.731ms
[79.975s][info][gc,cpu      ] GC(165) User=0.32s Sys=0.00s Real=0.16s
[80.461s][info][gc,start    ] GC(166) Pause Young (Concurrent Start) (G1 Humongous Allocation)
[80.461s][info][gc,task     ] GC(166) Using 2 workers of 2 for evacuation
[80.488s][info][gc,phases   ] GC(166)   Pre Evacuate Collection Set: 0.42ms
[80.488s][info][gc,phases   ] GC(166)   Merge Heap Roots: 0.41ms
[80.488s][info][gc,phases   ] GC(166)   Evacuate Collection Set: 25.51ms
[80.488s][info][gc,phases   ] GC(166)   Post Evacuate Collection Set: 0.53ms
[80.488s][info][gc,phases   ] GC(166)   Other: 0.18ms
[80.488s][info][gc,heap     ] GC(166) Eden regions: 230->0(231)
[80.488s][info][gc,heap     ] GC(166) Survivor regions: 3->10(30)
[80.488s][info][gc,heap     ] GC(166) Old regions: 670->670
[80.488s][info][gc,heap     ] GC(166) Humongous regions: 7->7
[80.488s][info][gc,metaspace] GC(166) Metaspace: 17690K(17920K)->17690K(17920K) NonClass: 15052K(15168K)->15052K(15168K) Class: 2638K(2752K)->2638K(2752K)
[80.488s][info][gc          ] GC(166) Pause Young (Concurrent Start) (G1 Humongous Allocation) 909M->686M(978M) 27.322ms
[80.488s][info][gc,cpu      ] GC(166) User=0.05s Sys=0.00s Real=0.02s
[80.488s][info][gc          ] GC(167) Concurrent Mark Cycle
[80.490s][info][gc,marking  ] GC(167) Concurrent Scan Root Regions
[80.525s][info][gc,marking  ] GC(167) Concurrent Scan Root Regions 34.495ms
[80.525s][info][gc,marking  ] GC(167) Concurrent Mark
[80.525s][info][gc,marking  ] GC(167) Concurrent Mark From Roots
[80.525s][info][gc,task     ] GC(167) Using 1 workers of 1 for marking
[81.195s][info][gc,start    ] GC(168) Pause Young (Normal) (G1 Evacuation Pause)
[81.195s][info][gc,task     ] GC(168) Using 2 workers of 2 for evacuation
[81.250s][info][gc,phases   ] GC(168)   Pre Evacuate Collection Set: 0.30ms
[81.250s][info][gc,phases   ] GC(168)   Merge Heap Roots: 0.46ms
[81.250s][info][gc,phases   ] GC(168)   Evacuate Collection Set: 53.43ms
[81.250s][info][gc,phases   ] GC(168)   Post Evacuate Collection Set: 0.56ms
[81.250s][info][gc,phases   ] GC(168)   Other: 0.08ms
[81.250s][info][gc,heap     ] GC(168) Eden regions: 231->0(185)
[81.250s][info][gc,heap     ] GC(168) Survivor regions: 10->31(31)
[81.250s][info][gc,heap     ] GC(168) Old regions: 670->671
[81.250s][info][gc,heap     ] GC(168) Humongous regions: 10->10
[81.250s][info][gc,metaspace] GC(168) Metaspace: 17695K(17920K)->17695K(17920K) NonClass: 15056K(15168K)->15056K(15168K) Class: 2639K(2752K)->2639K(2752K)
[81.250s][info][gc          ] GC(168) Pause Young (Normal) (G1 Evacuation Pause) 920M->711M(978M) 55.066ms
[81.250s][info][gc,cpu      ] GC(168) User=0.10s Sys=0.00s Real=0.05s
[81.621s][info][gc,start    ] GC(169) Pause Young (Normal) (G1 Evacuation Pause)
[81.621s][info][gc,task     ] GC(169) Using 2 workers of 2 for evacuation
[81.690s][info][gc,phases   ] GC(169)   Pre Evacuate Collection Set: 0.49ms
[81.690s][info][gc,phases   ] GC(169)   Merge Heap Roots: 0.35ms
[81.690s][info][gc,phases   ] GC(169)   Evacuate Collection Set: 67.95ms
[81.690s][info][gc,phases   ] GC(169)   Post Evacuate Collection Set: 0.47ms
[81.690s][info][gc,phases   ] GC(169)   Other: 0.09ms
[81.690s][info][gc,heap     ] GC(169) Eden regions: 185->0(174)
[81.690s][info][gc,heap     ] GC(169) Survivor regions: 31->21(27)
[81.690s][info][gc,heap     ] GC(169) Old regions: 671->702
[81.690s][info][gc,heap     ] GC(169) Humongous regions: 10->10
[81.690s][info][gc,metaspace] GC(169) Metaspace: 17702K(17920K)->17702K(17920K) NonClass: 15063K(15168K)->15063K(15168K) Class: 2639K(2752K)->2639K(2752K)
[81.690s][info][gc          ] GC(169) Pause Young (Normal) (G1 Evacuation Pause) 896M->733M(978M) 69.598ms
[81.690s][info][gc,cpu      ] GC(169) User=0.14s Sys=0.00s Real=0.06s
[82.089s][info][gc,start    ] GC(170) Pause Young (Normal) (G1 Evacuation Pause)
[82.089s][info][gc,task     ] GC(170) Using 2 workers of 2 for evacuation
[82.119s][info][gc,phases   ] GC(170)   Pre Evacuate Collection Set: 0.49ms
[82.119s][info][gc,phases   ] GC(170)   Merge Heap Roots: 0.24ms
[82.119s][info][gc,phases   ] GC(170)   Evacuate Collection Set: 29.44ms
[82.119s][info][gc,phases   ] GC(170)   Post Evacuate Collection Set: 0.40ms
[82.119s][info][gc,phases   ] GC(170)   Other: 0.09ms
[82.119s][info][gc,heap     ] GC(170) Eden regions: 174->0(185)
[82.119s][info][gc,heap     ] GC(170) Survivor regions: 21->5(25)
[82.120s][info][gc,heap     ] GC(170) Old regions: 702->723
[82.120s][info][gc,heap     ] GC(170) Humongous regions: 10->10
[82.120s][info][gc,metaspace] GC(170) Metaspace: 17706K(17984K)->17706K(17984K) NonClass: 15067K(15232K)->15067K(15232K) Class: 2639K(2752K)->2639K(2752K)
[82.120s][info][gc          ] GC(170) Pause Young (Normal) (G1 Evacuation Pause) 907M->737M(978M) 30.884ms
[82.120s][info][gc,cpu      ] GC(170) User=0.06s Sys=0.00s Real=0.03s
[82.328s][info][gc,start    ] GC(171) Pause Young (Normal) (G1 Evacuation Pause)
[82.328s][info][gc,task     ] GC(171) Using 2 workers of 2 for evacuation
[82.336s][info][gc,phases   ] GC(171)   Pre Evacuate Collection Set: 0.29ms
[82.336s][info][gc,phases   ] GC(171)   Merge Heap Roots: 0.12ms
[82.336s][info][gc,phases   ] GC(171)   Evacuate Collection Set: 6.96ms
[82.336s][info][gc,phases   ] GC(171)   Post Evacuate Collection Set: 0.37ms
[82.336s][info][gc,phases   ] GC(171)   Other: 0.09ms
[82.336s][info][gc,heap     ] GC(171) Eden regions: 185->0(183)
[82.336s][info][gc,heap     ] GC(171) Survivor regions: 5->6(24)
[82.336s][info][gc,heap     ] GC(171) Old regions: 723->723
[82.336s][info][gc,heap     ] GC(171) Humongous regions: 10->10
[82.336s][info][gc,metaspace] GC(171) Metaspace: 17708K(17984K)->17708K(17984K) NonClass: 15069K(15232K)->15069K(15232K) Class: 2639K(2752K)->2639K(2752K)
[82.336s][info][gc          ] GC(171) Pause Young (Normal) (G1 Evacuation Pause) 922M->738M(978M) 8.083ms
[82.336s][info][gc,cpu      ] GC(171) User=0.02s Sys=0.00s Real=0.01s
[82.700s][info][gc,start    ] GC(172) Pause Young (Normal) (G1 Evacuation Pause)
[82.700s][info][gc,task     ] GC(172) Using 2 workers of 2 for evacuation
[82.717s][info][gc,phases   ] GC(172)   Pre Evacuate Collection Set: 0.56ms
[82.717s][info][gc,phases   ] GC(172)   Merge Heap Roots: 0.14ms
[82.717s][info][gc,phases   ] GC(172)   Evacuate Collection Set: 15.29ms
[82.717s][info][gc,phases   ] GC(172)   Post Evacuate Collection Set: 0.44ms
[82.717s][info][gc,phases   ] GC(172)   Other: 0.08ms
[82.717s][info][gc,heap     ] GC(172) Eden regions: 183->0(171)
[82.717s][info][gc,heap     ] GC(172) Survivor regions: 6->12(24)
[82.717s][info][gc,heap     ] GC(172) Old regions: 723->723
[82.717s][info][gc,heap     ] GC(172) Humongous regions: 10->10
[82.717s][info][gc,metaspace] GC(172) Metaspace: 17718K(17984K)->17718K(17984K) NonClass: 15074K(15232K)->15074K(15232K) Class: 2644K(2752K)->2644K(2752K)
[82.717s][info][gc          ] GC(172) Pause Young (Normal) (G1 Evacuation Pause) 921M->744M(978M) 16.756ms
[82.717s][info][gc,cpu      ] GC(172) User=0.03s Sys=0.00s Real=0.02s
[82.879s][info][gc,marking  ] GC(167) Concurrent Mark From Roots 2353.994ms
[82.879s][info][gc,marking  ] GC(167) Concurrent Preclean
[82.879s][info][gc,marking  ] GC(167) Concurrent Preclean 0.040ms
[82.879s][info][gc,start    ] GC(167) Pause Remark
[82.886s][info][gc          ] GC(167) Pause Remark 833M->833M(978M) 6.918ms
[82.886s][info][gc,cpu      ] GC(167) User=0.01s Sys=0.00s Real=0.01s
[82.888s][info][gc,marking  ] GC(167) Concurrent Mark 2362.800ms
[82.888s][info][gc,marking  ] GC(167) Concurrent Rebuild Remembered Sets and Scrub Regions
[83.028s][info][gc,start    ] GC(173) Pause Young (Normal) (G1 Evacuation Pause)
[83.028s][info][gc,task     ] GC(173) Using 2 workers of 2 for evacuation
[83.074s][info][gc,phases   ] GC(173)   Pre Evacuate Collection Set: 0.42ms
[83.074s][info][gc,phases   ] GC(173)   Merge Heap Roots: 0.35ms
[83.074s][info][gc,phases   ] GC(173)   Evacuate Collection Set: 44.90ms
[83.074s][info][gc,phases   ] GC(173)   Post Evacuate Collection Set: 0.42ms
[83.074s][info][gc,phases   ] GC(173)   Other: 0.08ms
[83.074s][info][gc,heap     ] GC(173) Eden regions: 171->0(138)
[83.074s][info][gc,heap     ] GC(173) Survivor regions: 12->23(23)
[83.074s][info][gc,heap     ] GC(173) Old regions: 723->734
[83.074s][info][gc,heap     ] GC(173) Humongous regions: 10->10
[83.074s][info][gc,metaspace] GC(173) Metaspace: 17719K(17984K)->17719K(17984K) NonClass: 15074K(15232K)->15074K(15232K) Class: 2644K(2752K)->2644K(2752K)
[83.074s][info][gc          ] GC(173) Pause Young (Normal) (G1 Evacuation Pause) 915M->766M(978M) 46.404ms
[83.074s][info][gc,cpu      ] GC(173) User=0.10s Sys=0.00s Real=0.05s
[83.455s][info][gc,start    ] GC(174) Pause Young (Normal) (G1 Evacuation Pause)
[83.455s][info][gc,task     ] GC(174) Using 2 workers of 2 for evacuation
[83.483s][info][gc,phases   ] GC(174)   Pre Evacuate Collection Set: 1.16ms
[83.483s][info][gc,phases   ] GC(174)   Merge Heap Roots: 0.21ms
[83.483s][info][gc,phases   ] GC(174)   Evacuate Collection Set: 26.95ms
[83.483s][info][gc,phases   ] GC(174)   Post Evacuate Collection Set: 0.39ms
[83.483s][info][gc,phases   ] GC(174)   Other: 0.08ms
[83.483s][info][gc,heap     ] GC(174) Eden regions: 138->0(159)
[83.484s][info][gc,heap     ] GC(174) Survivor regions: 23->1(21)
[83.484s][info][gc,heap     ] GC(174) Old regions: 734->757
[83.484s][info][gc,heap     ] GC(174) Humongous regions: 10->10
[83.484s][info][gc,metaspace] GC(174) Metaspace: 17725K(17984K)->17725K(17984K) NonClass: 15081K(15232K)->15081K(15232K) Class: 2644K(2752K)->2644K(2752K)
[83.484s][info][gc          ] GC(174) Pause Young (Normal) (G1 Evacuation Pause) 904M->768M(978M) 29.051ms
[83.484s][info][gc,cpu      ] GC(174) User=0.06s Sys=0.00s Real=0.03s
[83.805s][info][gc,marking  ] GC(167) Concurrent Rebuild Remembered Sets and Scrub Regions 917.572ms
[83.806s][info][gc,start    ] GC(167) Pause Cleanup
[83.806s][info][gc          ] GC(167) Pause Cleanup 913M->913M(978M) 0.147ms
[83.806s][info][gc,cpu      ] GC(167) User=0.00s Sys=0.00s Real=0.00s
[83.806s][info][gc,marking  ] GC(167) Concurrent Clear Claimed Marks
[83.806s][info][gc,marking  ] GC(167) Concurrent Clear Claimed Marks 0.033ms
[83.806s][info][gc,marking  ] GC(167) Concurrent Cleanup for Next Mark
[83.811s][info][gc,marking  ] GC(167) Concurrent Cleanup for Next Mark 4.843ms
[83.811s][info][gc          ] GC(167) Concurrent Mark Cycle 3322.413ms
[83.836s][info][gc,start    ] GC(175) Pause Young (Prepare Mixed) (G1 Evacuation Pause)
[83.836s][info][gc,task     ] GC(175) Using 2 workers of 2 for evacuation
[83.838s][info][gc,phases   ] GC(175)   Pre Evacuate Collection Set: 0.28ms
[83.838s][info][gc,phases   ] GC(175)   Merge Heap Roots: 0.11ms
[83.838s][info][gc,phases   ] GC(175)   Evacuate Collection Set: 1.14ms
[83.838s][info][gc,phases   ] GC(175)   Post Evacuate Collection Set: 0.35ms
[83.838s][info][gc,phases   ] GC(175)   Other: 0.08ms
[83.838s][info][gc,heap     ] GC(175) Eden regions: 159->0(159)
[83.838s][info][gc,heap     ] GC(175) Survivor regions: 1->1(20)
[83.838s][info][gc,heap     ] GC(175) Old regions: 757->757
[83.838s][info][gc,heap     ] GC(175) Humongous regions: 10->10
[83.838s][info][gc,metaspace] GC(175) Metaspace: 17735K(17984K)->17735K(17984K) NonClass: 15090K(15232K)->15090K(15232K) Class: 2644K(2752K)->2644K(2752K)
[83.838s][info][gc          ] GC(175) Pause Young (Prepare Mixed) (G1 Evacuation Pause) 927M->767M(978M) 2.137ms
[83.838s][info][gc,cpu      ] GC(175) User=0.01s Sys=0.00s Real=0.00s
[85.593s][info][gc,start    ] GC(176) Pause Young (Mixed) (G1 Evacuation Pause)
[85.593s][info][gc,task     ] GC(176) Using 2 workers of 2 for evacuation
[85.631s][info][gc,phases   ] GC(176)   Pre Evacuate Collection Set: 0.33ms
[85.631s][info][gc,phases   ] GC(176)   Merge Heap Roots: 0.54ms
[85.631s][info][gc,phases   ] GC(176)   Evacuate Collection Set: 28.17ms
[85.631s][info][gc,phases   ] GC(176)   Merge Optional Heap Roots: 0.15ms
[85.631s][info][gc,phases   ] GC(176)   Evacuate Optional Collection Set: 6.59ms
[85.631s][info][gc,phases   ] GC(176)   Post Evacuate Collection Set: 1.78ms
[85.631s][info][gc,phases   ] GC(176)   Other: -0.23ms
[85.631s][info][gc,heap     ] GC(176) Eden regions: 159->0(165)
[85.631s][info][gc,heap     ] GC(176) Survivor regions: 1->1(20)
[85.631s][info][gc,heap     ] GC(176) Old regions: 757->751
[85.631s][info][gc,heap     ] GC(176) Humongous regions: 10->10
[85.631s][info][gc,metaspace] GC(176) Metaspace: 17739K(17984K)->17739K(17984K) NonClass: 15094K(15232K)->15094K(15232K) Class: 2644K(2752K)->2644K(2752K)
[85.631s][info][gc          ] GC(176) Pause Young (Mixed) (G1 Evacuation Pause) 926M->761M(978M) 37.598ms
[85.631s][info][gc,cpu      ] GC(176) User=0.07s Sys=0.00s Real=0.04s
[86.656s][info][gc,start    ] GC(177) Pause Young (Concurrent Start) (G1 Evacuation Pause)
[86.656s][info][gc,task     ] GC(177) Using 2 workers of 2 for evacuation
[86.661s][info][gc,phases   ] GC(177)   Pre Evacuate Collection Set: 0.30ms
[86.661s][info][gc,phases   ] GC(177)   Merge Heap Roots: 0.11ms
[86.661s][info][gc,phases   ] GC(177)   Evacuate Collection Set: 3.85ms
[86.661s][info][gc,phases   ] GC(177)   Post Evacuate Collection Set: 0.40ms
[86.661s][info][gc,phases   ] GC(177)   Other: 0.09ms
[86.661s][info][gc,heap     ] GC(177) Eden regions: 165->0(161)
[86.661s][info][gc,heap     ] GC(177) Survivor regions: 1->3(21)
[86.661s][info][gc,heap     ] GC(177) Old regions: 751->751
[86.661s][info][gc,heap     ] GC(177) Humongous regions: 10->10
[86.661s][info][gc,metaspace] GC(177) Metaspace: 17874K(18048K)->17874K(18048K) NonClass: 15214K(15296K)->15214K(15296K) Class: 2660K(2752K)->2660K(2752K)
[86.661s][info][gc          ] GC(177) Pause Young (Concurrent Start) (G1 Evacuation Pause) 926M->762M(978M) 4.932ms
[86.661s][info][gc          ] GC(178) Concurrent Mark Cycle
[86.661s][info][gc,marking  ] GC(178) Concurrent Scan Root Regions
[86.661s][info][gc,cpu      ] GC(177) User=0.01s Sys=0.00s Real=0.01s
[86.667s][info][gc,marking  ] GC(178) Concurrent Scan Root Regions 5.230ms
[86.667s][info][gc,marking  ] GC(178) Concurrent Mark
[86.667s][info][gc,marking  ] GC(178) Concurrent Mark From Roots
[86.667s][info][gc,task     ] GC(178) Using 1 workers of 1 for marking
[87.340s][info][gc,start    ] GC(179) Pause Young (Normal) (G1 Evacuation Pause)
[87.340s][info][gc,task     ] GC(179) Using 2 workers of 2 for evacuation
[87.345s][info][gc,phases   ] GC(179)   Pre Evacuate Collection Set: 0.49ms
[87.345s][info][gc,phases   ] GC(179)   Merge Heap Roots: 0.11ms
[87.345s][info][gc,phases   ] GC(179)   Evacuate Collection Set: 3.88ms
[87.345s][info][gc,phases   ] GC(179)   Post Evacuate Collection Set: 0.42ms
[87.345s][info][gc,phases   ] GC(179)   Other: 0.07ms
[87.345s][info][gc,heap     ] GC(179) Eden regions: 161->0(161)
[87.345s][info][gc,heap     ] GC(179) Survivor regions: 3->3(21)
[87.346s][info][gc,heap     ] GC(179) Old regions: 751->751
[87.346s][info][gc,heap     ] GC(179) Humongous regions: 10->10
[87.346s][info][gc,metaspace] GC(179) Metaspace: 17967K(18176K)->17967K(18176K) NonClass: 15305K(15424K)->15305K(15424K) Class: 2662K(2752K)->2662K(2752K)
[87.346s][info][gc          ] GC(179) Pause Young (Normal) (G1 Evacuation Pause) 923M->763M(978M) 5.159ms
[87.346s][info][gc,cpu      ] GC(179) User=0.01s Sys=0.00s Real=0.00s
[87.925s][info][gc,marking  ] GC(178) Concurrent Mark From Roots 1258.394ms
[87.925s][info][gc,marking  ] GC(178) Concurrent Preclean
[87.925s][info][gc,marking  ] GC(178) Concurrent Preclean 0.021ms
[87.925s][info][gc,start    ] GC(178) Pause Remark
[87.933s][info][gc          ] GC(178) Pause Remark 920M->770M(978M) 7.378ms
[87.933s][info][gc,cpu      ] GC(178) User=0.01s Sys=0.00s Real=0.01s
[87.933s][info][gc,marking  ] GC(178) Concurrent Mark 1266.081ms
[87.933s][info][gc,marking  ] GC(178) Concurrent Rebuild Remembered Sets and Scrub Regions
[87.949s][info][gc,start    ] GC(180) Pause Young (Normal) (G1 Evacuation Pause)
[87.949s][info][gc,task     ] GC(180) Using 2 workers of 2 for evacuation
[87.955s][info][gc,phases   ] GC(180)   Pre Evacuate Collection Set: 0.69ms
[87.955s][info][gc,phases   ] GC(180)   Merge Heap Roots: 0.13ms
[87.955s][info][gc,phases   ] GC(180)   Evacuate Collection Set: 5.12ms
[87.955s][info][gc,phases   ] GC(180)   Post Evacuate Collection Set: 0.37ms
[87.955s][info][gc,phases   ] GC(180)   Other: 0.11ms
[87.955s][info][gc,heap     ] GC(180) Eden regions: 161->0(311)
[87.955s][info][gc,heap     ] GC(180) Survivor regions: 3->3(21)
[87.955s][info][gc,heap     ] GC(180) Old regions: 606->606
[87.955s][info][gc,heap     ] GC(180) Humongous regions: 5->5
[87.955s][info][gc,metaspace] GC(180) Metaspace: 18006K(18176K)->18006K(18176K) NonClass: 15343K(15424K)->15343K(15424K) Class: 2662K(2752K)->2662K(2752K)
[87.955s][info][gc          ] GC(180) Pause Young (Normal) (G1 Evacuation Pause) 774M->613M(978M) 6.588ms
[87.955s][info][gc,cpu      ] GC(180) User=0.01s Sys=0.00s Real=0.01s
[88.271s][info][gc,marking  ] GC(178) Concurrent Rebuild Remembered Sets and Scrub Regions 338.645ms
[88.272s][info][gc,start    ] GC(178) Pause Cleanup
[88.272s][info][gc          ] GC(178) Pause Cleanup 726M->726M(978M) 0.186ms
[88.272s][info][gc,cpu      ] GC(178) User=0.01s Sys=0.00s Real=0.00s
[88.272s][info][gc,marking  ] GC(178) Concurrent Clear Claimed Marks
[88.272s][info][gc,marking  ] GC(178) Concurrent Clear Claimed Marks 0.033ms
[88.272s][info][gc,marking  ] GC(178) Concurrent Cleanup for Next Mark
[88.278s][info][gc,marking  ] GC(178) Concurrent Cleanup for Next Mark 6.359ms
[88.278s][info][gc          ] GC(178) Concurrent Mark Cycle 1616.958ms
[88.550s][info][gc,start    ] GC(181) Pause Young (Prepare Mixed) (G1 Evacuation Pause)
[88.550s][info][gc,task     ] GC(181) Using 2 workers of 2 for evacuation
[88.671s][info][gc,phases   ] GC(181)   Pre Evacuate Collection Set: 0.30ms
[88.671s][info][gc,phases   ] GC(181)   Merge Heap Roots: 0.15ms
[88.671s][info][gc,phases   ] GC(181)   Evacuate Collection Set: 101.10ms
[88.671s][info][gc,phases   ] GC(181)   Post Evacuate Collection Set: 19.37ms
[88.671s][info][gc,phases   ] GC(181)   Other: 0.12ms
[88.671s][info][gc,heap     ] GC(181) Eden regions: 311->0(8)
[88.671s][info][gc,heap     ] GC(181) Survivor regions: 3->40(40)
[88.671s][info][gc,heap     ] GC(181) Old regions: 606->828
[88.671s][info][gc,heap     ] GC(181) Humongous regions: 5->5
[88.671s][info][gc,metaspace] GC(181) Metaspace: 18107K(18240K)->18107K(18240K) NonClass: 15445K(15488K)->15445K(15488K) Class: 2662K(2752K)->2662K(2752K)
[88.671s][info][gc          ] GC(181) Pause Young (Prepare Mixed) (G1 Evacuation Pause) (Evacuation Failure: Allocation) 924M->873M(978M) 121.276ms
[88.671s][info][gc,cpu      ] GC(181) User=0.24s Sys=0.00s Real=0.13s
[88.681s][info][gc,start    ] GC(182) Pause Young (Mixed) (G1 Evacuation Pause)
[88.681s][info][gc,task     ] GC(182) Using 2 workers of 2 for evacuation
[88.759s][info][gc,phases   ] GC(182)   Pre Evacuate Collection Set: 0.30ms
[88.759s][info][gc,phases   ] GC(182)   Merge Heap Roots: 0.68ms
[88.759s][info][gc,phases   ] GC(182)   Evacuate Collection Set: 70.52ms
[88.759s][info][gc,phases   ] GC(182)   Merge Optional Heap Roots: 0.05ms
[88.759s][info][gc,phases   ] GC(182)   Evacuate Optional Collection Set: 5.79ms
[88.759s][info][gc,phases   ] GC(182)   Post Evacuate Collection Set: 0.53ms
[88.760s][info][gc,phases   ] GC(182)   Other: 0.12ms
[88.760s][info][gc,heap     ] GC(182) Eden regions: 8->0(103)
[88.760s][info][gc,heap     ] GC(182) Survivor regions: 40->4(6)
[88.760s][info][gc,heap     ] GC(182) Old regions: 828->812
[88.760s][info][gc,heap     ] GC(182) Humongous regions: 5->5
[88.760s][info][gc,metaspace] GC(182) Metaspace: 18107K(18240K)->18107K(18240K) NonClass: 15445K(15488K)->15445K(15488K) Class: 2662K(2752K)->2662K(2752K)
[88.760s][info][gc          ] GC(182) Pause Young (Mixed) (G1 Evacuation Pause) 881M->820M(978M) 78.243ms
[88.760s][info][gc,cpu      ] GC(182) User=0.15s Sys=0.01s Real=0.07s
[88.967s][info][gc,start    ] GC(183) Pause Young (Mixed) (G1 Evacuation Pause)
[88.967s][info][gc,task     ] GC(183) Using 2 workers of 2 for evacuation
[89.017s][info][gc,phases   ] GC(183)   Pre Evacuate Collection Set: 0.56ms
[89.017s][info][gc,phases   ] GC(183)   Merge Heap Roots: 0.50ms
[89.017s][info][gc,phases   ] GC(183)   Evacuate Collection Set: 47.99ms
[89.017s][info][gc,phases   ] GC(183)   Post Evacuate Collection Set: 0.68ms
[89.017s][info][gc,phases   ] GC(183)   Other: 0.11ms
[89.017s][info][gc,heap     ] GC(183) Eden regions: 103->0(99)
[89.017s][info][gc,heap     ] GC(183) Survivor regions: 4->14(14)
[89.017s][info][gc,heap     ] GC(183) Old regions: 812->700
[89.017s][info][gc,heap     ] GC(183) Humongous regions: 5->5
[89.017s][info][gc,metaspace] GC(183) Metaspace: 18107K(18240K)->18107K(18240K) NonClass: 15445K(15488K)->15445K(15488K) Class: 2662K(2752K)->2662K(2752K)
[89.017s][info][gc          ] GC(183) Pause Young (Mixed) (G1 Evacuation Pause) 923M->719M(978M) 50.042ms
[89.017s][info][gc,cpu      ] GC(183) User=0.09s Sys=0.00s Real=0.05s
[89.246s][info][gc,start    ] GC(184) Pause Young (Mixed) (G1 Evacuation Pause)
[89.246s][info][gc,task     ] GC(184) Using 2 workers of 2 for evacuation
[89.342s][info][gc,phases   ] GC(184)   Pre Evacuate Collection Set: 0.33ms
[89.342s][info][gc,phases   ] GC(184)   Merge Heap Roots: 1.25ms
[89.342s][info][gc,phases   ] GC(184)   Evacuate Collection Set: 86.42ms
[89.342s][info][gc,phases   ] GC(184)   Merge Optional Heap Roots: 0.10ms
[89.342s][info][gc,phases   ] GC(184)   Evacuate Optional Collection Set: 7.18ms
[89.342s][info][gc,phases   ] GC(184)   Post Evacuate Collection Set: 0.65ms
[89.342s][info][gc,phases   ] GC(184)   Other: 0.09ms
[89.342s][info][gc,heap     ] GC(184) Eden regions: 86->0(83)
[89.342s][info][gc,heap     ] GC(184) Survivor regions: 14->13(13)
[89.342s][info][gc,heap     ] GC(184) Old regions: 700->699
[89.342s][info][gc,heap     ] GC(184) Humongous regions: 6->6
[89.342s][info][gc,metaspace] GC(184) Metaspace: 18123K(18304K)->18123K(18304K) NonClass: 15460K(15552K)->15460K(15552K) Class: 2662K(2752K)->2662K(2752K)
[89.342s][info][gc          ] GC(184) Pause Young (Mixed) (G1 Evacuation Pause) 806M->718M(978M) 96.305ms
[89.342s][info][gc,cpu      ] GC(184) User=0.19s Sys=0.00s Real=0.10s
[89.536s][info][gc,start    ] GC(185) Pause Young (Mixed) (G1 Evacuation Pause)
[89.536s][info][gc,task     ] GC(185) Using 2 workers of 2 for evacuation
[89.641s][info][gc,phases   ] GC(185)   Pre Evacuate Collection Set: 0.31ms
[89.641s][info][gc,phases   ] GC(185)   Merge Heap Roots: 1.33ms
[89.641s][info][gc,phases   ] GC(185)   Evacuate Collection Set: 91.98ms
[89.641s][info][gc,phases   ] GC(185)   Merge Optional Heap Roots: 0.07ms
[89.641s][info][gc,phases   ] GC(185)   Evacuate Optional Collection Set: 11.14ms
[89.641s][info][gc,phases   ] GC(185)   Post Evacuate Collection Set: 0.66ms
[89.641s][info][gc,phases   ] GC(185)   Other: 0.10ms
[89.641s][info][gc,heap     ] GC(185) Eden regions: 106->0(170)
[89.641s][info][gc,heap     ] GC(185) Survivor regions: 13->15(15)
[89.641s][info][gc,heap     ] GC(185) Old regions: 699->701
[89.641s][info][gc,heap     ] GC(185) Humongous regions: 9->9
[89.641s][info][gc,metaspace] GC(185) Metaspace: 18131K(18304K)->18131K(18304K) NonClass: 15469K(15552K)->15469K(15552K) Class: 2662K(2752K)->2662K(2752K)
[89.641s][info][gc          ] GC(185) Pause Young (Mixed) (G1 Evacuation Pause) 827M->724M(978M) 105.882ms
[89.641s][info][gc,cpu      ] GC(185) User=0.21s Sys=0.00s Real=0.11s
[89.821s][info][gc,start    ] GC(186) Pause Young (Concurrent Start) (G1 Evacuation Pause)
[89.821s][info][gc,task     ] GC(186) Using 2 workers of 2 for evacuation
[89.889s][info][gc,phases   ] GC(186)   Pre Evacuate Collection Set: 0.45ms
[89.889s][info][gc,phases   ] GC(186)   Merge Heap Roots: 0.38ms
[89.889s][info][gc,phases   ] GC(186)   Evacuate Collection Set: 66.07ms
[89.889s][info][gc,phases   ] GC(186)   Post Evacuate Collection Set: 0.49ms
[89.889s][info][gc,phases   ] GC(186)   Other: 0.18ms
[89.889s][info][gc,heap     ] GC(186) Eden regions: 170->0(198)
[89.889s][info][gc,heap     ] GC(186) Survivor regions: 15->12(24)
[89.889s][info][gc,heap     ] GC(186) Old regions: 701->679
[89.889s][info][gc,heap     ] GC(186) Humongous regions: 9->9
[89.889s][info][gc,metaspace] GC(186) Metaspace: 18131K(18304K)->18131K(18304K) NonClass: 15469K(15552K)->15469K(15552K) Class: 2662K(2752K)->2662K(2752K)
[89.889s][info][gc          ] GC(186) Pause Young (Concurrent Start) (G1 Evacuation Pause) 894M->699M(978M) 67.833ms
[89.889s][info][gc,cpu      ] GC(186) User=0.14s Sys=0.00s Real=0.06s
[89.889s][info][gc          ] GC(187) Concurrent Mark Cycle
[89.889s][info][gc,marking  ] GC(187) Concurrent Scan Root Regions
[89.989s][info][gc,marking  ] GC(187) Concurrent Scan Root Regions 100.599ms
[89.990s][info][gc,marking  ] GC(187) Concurrent Mark
[89.990s][info][gc,marking  ] GC(187) Concurrent Mark From Roots
[89.990s][info][gc,task     ] GC(187) Using 1 workers of 1 for marking
[90.197s][info][gc,start    ] GC(188) Pause Young (Normal) (G1 Evacuation Pause)
[90.198s][info][gc,task     ] GC(188) Using 2 workers of 2 for evacuation
[90.225s][info][gc,phases   ] GC(188)   Pre Evacuate Collection Set: 0.47ms
[90.225s][info][gc,phases   ] GC(188)   Merge Heap Roots: 0.25ms
[90.225s][info][gc,phases   ] GC(188)   Evacuate Collection Set: 26.62ms
[90.225s][info][gc,phases   ] GC(188)   Post Evacuate Collection Set: 0.44ms
[90.225s][info][gc,phases   ] GC(188)   Other: 0.09ms
[90.225s][info][gc,heap     ] GC(188) Eden regions: 198->0(192)
[90.225s][info][gc,heap     ] GC(188) Survivor regions: 12->24(27)
[90.225s][info][gc,heap     ] GC(188) Old regions: 679->679
[90.225s][info][gc,heap     ] GC(188) Humongous regions: 9->9
[90.226s][info][gc,metaspace] GC(188) Metaspace: 18143K(18368K)->18143K(18368K) NonClass: 15481K(15616K)->15481K(15616K) Class: 2662K(2752K)->2662K(2752K)
[90.226s][info][gc          ] GC(188) Pause Young (Normal) (G1 Evacuation Pause) 897M->711M(978M) 28.081ms
[90.226s][info][gc,cpu      ] GC(188) User=0.05s Sys=0.00s Real=0.03s
[90.445s][info][gc,marking  ] GC(187) Concurrent Mark From Roots 455.315ms
[90.445s][info][gc,marking  ] GC(187) Concurrent Preclean
[90.445s][info][gc,marking  ] GC(187) Concurrent Preclean 0.030ms
[90.445s][info][gc,start    ] GC(187) Pause Remark
[90.453s][info][gc          ] GC(187) Pause Remark 827M->504M(978M) 7.793ms
[90.453s][info][gc,cpu      ] GC(187) User=0.02s Sys=0.00s Real=0.01s
[90.453s][info][gc,marking  ] GC(187) Concurrent Mark 463.466ms
[90.453s][info][gc,marking  ] GC(187) Concurrent Rebuild Remembered Sets and Scrub Regions
[90.571s][info][gc,start    ] GC(189) Pause Young (Normal) (G1 Evacuation Pause)
[90.571s][info][gc,task     ] GC(189) Using 2 workers of 2 for evacuation
[90.597s][info][gc,phases   ] GC(189)   Pre Evacuate Collection Set: 0.30ms
[90.597s][info][gc,phases   ] GC(189)   Merge Heap Roots: 0.22ms
[90.597s][info][gc,phases   ] GC(189)   Evacuate Collection Set: 24.98ms
[90.597s][info][gc,phases   ] GC(189)   Post Evacuate Collection Set: 0.42ms
[90.597s][info][gc,phases   ] GC(189)   Other: 0.09ms
[90.597s][info][gc,heap     ] GC(189) Eden regions: 192->0(483)
[90.597s][info][gc,heap     ] GC(189) Survivor regions: 24->13(27)
[90.597s][info][gc,heap     ] GC(189) Old regions: 362->374
[90.597s][info][gc,heap     ] GC(189) Humongous regions: 3->3
[90.597s][info][gc,metaspace] GC(189) Metaspace: 18143K(18368K)->18143K(18368K) NonClass: 15481K(15616K)->15481K(15616K) Class: 2662K(2752K)->2662K(2752K)
[90.597s][info][gc          ] GC(189) Pause Young (Normal) (G1 Evacuation Pause) 580M->389M(978M) 26.254ms
[90.597s][info][gc,cpu      ] GC(189) User=0.05s Sys=0.00s Real=0.02s
[90.625s][info][gc,marking  ] GC(187) Concurrent Rebuild Remembered Sets and Scrub Regions 171.888ms
[90.625s][info][gc,start    ] GC(187) Pause Cleanup
[90.625s][info][gc          ] GC(187) Pause Cleanup 405M->405M(978M) 0.124ms
[90.625s][info][gc,cpu      ] GC(187) User=0.00s Sys=0.00s Real=0.00s
[90.625s][info][gc,marking  ] GC(187) Concurrent Clear Claimed Marks
[90.625s][info][gc,marking  ] GC(187) Concurrent Clear Claimed Marks 0.038ms
[90.625s][info][gc,marking  ] GC(187) Concurrent Cleanup for Next Mark
[90.628s][info][gc,marking  ] GC(187) Concurrent Cleanup for Next Mark 2.841ms
[90.628s][info][gc          ] GC(187) Concurrent Mark Cycle 739.375ms
[91.010s][info][gc,start    ] GC(190) Pause Young (Prepare Mixed) (G1 Evacuation Pause)
[91.011s][info][gc,task     ] GC(190) Using 2 workers of 2 for evacuation
[91.108s][info][gc,phases   ] GC(190)   Pre Evacuate Collection Set: 0.51ms
[91.108s][info][gc,phases   ] GC(190)   Merge Heap Roots: 0.29ms
[91.108s][info][gc,phases   ] GC(190)   Evacuate Collection Set: 95.33ms
[91.108s][info][gc,phases   ] GC(190)   Post Evacuate Collection Set: 0.73ms
[91.108s][info][gc,phases   ] GC(190)   Other: 0.12ms
[91.108s][info][gc,heap     ] GC(190) Eden regions: 483->0(1)
[91.108s][info][gc,heap     ] GC(190) Survivor regions: 13->62(62)
[91.108s][info][gc,heap     ] GC(190) Old regions: 374->400
[91.108s][info][gc,heap     ] GC(190) Humongous regions: 4->4
[91.108s][info][gc,metaspace] GC(190) Metaspace: 18143K(18368K)->18143K(18368K) NonClass: 15481K(15616K)->15481K(15616K) Class: 2662K(2752K)->2662K(2752K)
[91.108s][info][gc          ] GC(190) Pause Young (Prepare Mixed) (G1 Evacuation Pause) 873M->465M(978M) 97.234ms
[91.108s][info][gc,cpu      ] GC(190) User=0.19s Sys=0.00s Real=0.09s
[91.108s][info][gc,start    ] GC(191) Pause Young (Mixed) (G1 Evacuation Pause)
[91.109s][info][gc,task     ] GC(191) Using 2 workers of 2 for evacuation
[91.171s][info][gc,phases   ] GC(191)   Pre Evacuate Collection Set: 0.26ms
[91.171s][info][gc,phases   ] GC(191)   Merge Heap Roots: 0.21ms
[91.171s][info][gc,phases   ] GC(191)   Evacuate Collection Set: 61.93ms
[91.171s][info][gc,phases   ] GC(191)   Post Evacuate Collection Set: 0.28ms
[91.171s][info][gc,phases   ] GC(191)   Other: 0.07ms
[91.171s][info][gc,heap     ] GC(191) Eden regions: 1->0(402)
[91.171s][info][gc,heap     ] GC(191) Survivor regions: 62->1(8)
[91.171s][info][gc,heap     ] GC(191) Old regions: 400->448
[91.171s][info][gc,heap     ] GC(191) Humongous regions: 4->4
[91.171s][info][gc,metaspace] GC(191) Metaspace: 18143K(18368K)->18143K(18368K) NonClass: 15481K(15616K)->15481K(15616K) Class: 2662K(2752K)->2662K(2752K)
[91.171s][info][gc          ] GC(191) Pause Young (Mixed) (G1 Evacuation Pause) 466M->453M(978M) 62.989ms
[91.171s][info][gc,cpu      ] GC(191) User=0.13s Sys=0.01s Real=0.07s
[91.853s][info][gc,start    ] GC(192) Pause Young (Mixed) (G1 Evacuation Pause)
[91.853s][info][gc,task     ] GC(192) Using 2 workers of 2 for evacuation
[91.883s][info][gc,phases   ] GC(192)   Pre Evacuate Collection Set: 0.36ms
[91.883s][info][gc,phases   ] GC(192)   Merge Heap Roots: 0.30ms
[91.883s][info][gc,phases   ] GC(192)   Evacuate Collection Set: 27.87ms
[91.883s][info][gc,phases   ] GC(192)   Post Evacuate Collection Set: 0.67ms
[91.883s][info][gc,phases   ] GC(192)   Other: 0.11ms
[91.883s][info][gc,heap     ] GC(192) Eden regions: 402->0(455)
[91.883s][info][gc,heap     ] GC(192) Survivor regions: 1->24(51)
[91.883s][info][gc,heap     ] GC(192) Old regions: 448->351
[91.883s][info][gc,heap     ] GC(192) Humongous regions: 4->4
[91.883s][info][gc,metaspace] GC(192) Metaspace: 18144K(18368K)->18144K(18368K) NonClass: 15482K(15616K)->15482K(15616K) Class: 2662K(2752K)->2662K(2752K)
[91.883s][info][gc          ] GC(192) Pause Young (Mixed) (G1 Evacuation Pause) 855M->379M(978M) 29.583ms
[91.883s][info][gc,cpu      ] GC(192) User=0.06s Sys=0.00s Real=0.03s
[92.403s][info][gc,start    ] GC(193) Pause Young (Normal) (G1 Evacuation Pause)
[92.404s][info][gc,task     ] GC(193) Using 2 workers of 2 for evacuation
[92.495s][info][gc,phases   ] GC(193)   Pre Evacuate Collection Set: 0.52ms
[92.495s][info][gc,phases   ] GC(193)   Merge Heap Roots: 0.27ms
[92.495s][info][gc,phases   ] GC(193)   Evacuate Collection Set: 89.99ms
[92.495s][info][gc,phases   ] GC(193)   Post Evacuate Collection Set: 0.74ms
[92.495s][info][gc,phases   ] GC(193)   Other: 0.10ms
[92.495s][info][gc,heap     ] GC(193) Eden regions: 455->0(403)
[92.495s][info][gc,heap     ] GC(193) Survivor regions: 24->60(60)
[92.495s][info][gc,heap     ] GC(193) Old regions: 351->376
[92.495s][info][gc,heap     ] GC(193) Humongous regions: 5->5
[92.495s][info][gc,metaspace] GC(193) Metaspace: 18145K(18368K)->18145K(18368K) NonClass: 15483K(15616K)->15483K(15616K) Class: 2662K(2752K)->2662K(2752K)
[92.495s][info][gc          ] GC(193) Pause Young (Normal) (G1 Evacuation Pause) 835M->440M(978M) 91.896ms
[92.495s][info][gc,cpu      ] GC(193) User=0.18s Sys=0.00s Real=0.09s
[93.257s][info][gc,start    ] GC(194) Pause Young (Normal) (G1 Evacuation Pause)
[93.257s][info][gc,task     ] GC(194) Using 2 workers of 2 for evacuation
[93.409s][info][gc,phases   ] GC(194)   Pre Evacuate Collection Set: 0.53ms
[93.409s][info][gc,phases   ] GC(194)   Merge Heap Roots: 0.34ms
[93.409s][info][gc,phases   ] GC(194)   Evacuate Collection Set: 147.75ms
[93.409s][info][gc,phases   ] GC(194)   Post Evacuate Collection Set: 3.53ms
[93.409s][info][gc,phases   ] GC(194)   Other: 0.09ms
[93.409s][info][gc,heap     ] GC(194) Eden regions: 403->0(300)
[93.409s][info][gc,heap     ] GC(194) Survivor regions: 60->58(58)
[93.409s][info][gc,heap     ] GC(194) Old regions: 376->476
[93.409s][info][gc,heap     ] GC(194) Humongous regions: 5->5
[93.409s][info][gc,metaspace] GC(194) Metaspace: 18145K(18368K)->18145K(18368K) NonClass: 15483K(15616K)->15483K(15616K) Class: 2662K(2752K)->2662K(2752K)
[93.409s][info][gc          ] GC(194) Pause Young (Normal) (G1 Evacuation Pause) (Evacuation Failure: Allocation) 843M->539M(978M) 152.571ms
[93.409s][info][gc,cpu      ] GC(194) User=0.30s Sys=0.00s Real=0.15s
[93.421s][info][gc,start    ] GC(195) Pause Young (Concurrent Start) (G1 Humongous Allocation)
[93.421s][info][gc,task     ] GC(195) Using 2 workers of 2 for evacuation
[93.492s][info][gc,phases   ] GC(195)   Pre Evacuate Collection Set: 0.31ms
[93.492s][info][gc,phases   ] GC(195)   Merge Heap Roots: 0.28ms
[93.492s][info][gc,phases   ] GC(195)   Evacuate Collection Set: 70.19ms
[93.492s][info][gc,phases   ] GC(195)   Post Evacuate Collection Set: 0.33ms
[93.492s][info][gc,phases   ] GC(195)   Other: 0.10ms
[93.492s][info][gc,heap     ] GC(195) Eden regions: 9->0(200)
[93.492s][info][gc,heap     ] GC(195) Survivor regions: 58->8(45)
[93.492s][info][gc,heap     ] GC(195) Old regions: 476->521
[93.492s][info][gc,heap     ] GC(195) Humongous regions: 5->5
[93.492s][info][gc,metaspace] GC(195) Metaspace: 18145K(18368K)->18145K(18368K) NonClass: 15483K(15616K)->15483K(15616K) Class: 2662K(2752K)->2662K(2752K)
[93.492s][info][gc          ] GC(195) Pause Young (Concurrent Start) (G1 Humongous Allocation) 548M->533M(978M) 71.434ms
[93.492s][info][gc,cpu      ] GC(195) User=0.14s Sys=0.00s Real=0.07s
[93.492s][info][gc          ] GC(196) Concurrent Mark Cycle
[93.494s][info][gc,marking  ] GC(196) Concurrent Scan Root Regions
[93.595s][info][gc,marking  ] GC(196) Concurrent Scan Root Regions 100.946ms
[93.595s][info][gc,marking  ] GC(196) Concurrent Mark
[93.595s][info][gc,marking  ] GC(196) Concurrent Mark From Roots
[93.595s][info][gc,task     ] GC(196) Using 1 workers of 1 for marking
[93.683s][info][gc,start    ] GC(197) Pause Young (Normal) (G1 Evacuation Pause)
[93.683s][info][gc,task     ] GC(197) Using 2 workers of 2 for evacuation
[93.762s][info][gc,phases   ] GC(197)   Pre Evacuate Collection Set: 0.28ms
[93.762s][info][gc,phases   ] GC(197)   Merge Heap Roots: 0.21ms
[93.762s][info][gc,phases   ] GC(197)   Evacuate Collection Set: 77.65ms
[93.762s][info][gc,phases   ] GC(197)   Post Evacuate Collection Set: 0.43ms
[93.762s][info][gc,phases   ] GC(197)   Other: 0.08ms
[93.762s][info][gc,heap     ] GC(197) Eden regions: 200->0(174)
[93.762s][info][gc,heap     ] GC(197) Survivor regions: 8->26(26)
[93.762s][info][gc,heap     ] GC(197) Old regions: 521->573
[93.762s][info][gc,heap     ] GC(197) Humongous regions: 6->6
[93.762s][info][gc,metaspace] GC(197) Metaspace: 18145K(18368K)->18145K(18368K) NonClass: 15483K(15616K)->15483K(15616K) Class: 2662K(2752K)->2662K(2752K)
[93.762s][info][gc          ] GC(197) Pause Young (Normal) (G1 Evacuation Pause) 734M->605M(978M) 78.925ms
[93.762s][info][gc,cpu      ] GC(197) User=0.16s Sys=0.00s Real=0.08s
[94.173s][info][gc,start    ] GC(198) Pause Young (Normal) (G1 Evacuation Pause)
[94.173s][info][gc,task     ] GC(198) Using 2 workers of 2 for evacuation
[94.203s][info][gc,phases   ] GC(198)   Pre Evacuate Collection Set: 0.29ms
[94.203s][info][gc,phases   ] GC(198)   Merge Heap Roots: 0.14ms
[94.203s][info][gc,phases   ] GC(198)   Evacuate Collection Set: 28.81ms
[94.203s][info][gc,phases   ] GC(198)   Post Evacuate Collection Set: 0.42ms
[94.203s][info][gc,phases   ] GC(198)   Other: 0.08ms
[94.203s][info][gc,heap     ] GC(198) Eden regions: 174->0(189)
[94.203s][info][gc,heap     ] GC(198) Survivor regions: 26->4(25)
[94.203s][info][gc,heap     ] GC(198) Old regions: 573->600
[94.203s][info][gc,heap     ] GC(198) Humongous regions: 6->6
[94.203s][info][gc,metaspace] GC(198) Metaspace: 18148K(18368K)->18148K(18368K) NonClass: 15486K(15616K)->15486K(15616K) Class: 2662K(2752K)->2662K(2752K)
[94.203s][info][gc          ] GC(198) Pause Young (Normal) (G1 Evacuation Pause) 779M->609M(978M) 29.953ms
[94.203s][info][gc,cpu      ] GC(198) User=0.06s Sys=0.00s Real=0.03s
[94.545s][info][gc,start    ] GC(199) Pause Young (Normal) (G1 Evacuation Pause)
[94.545s][info][gc,task     ] GC(199) Using 2 workers of 2 for evacuation
[94.564s][info][gc,phases   ] GC(199)   Pre Evacuate Collection Set: 0.30ms
[94.564s][info][gc,phases   ] GC(199)   Merge Heap Roots: 0.11ms
[94.564s][info][gc,phases   ] GC(199)   Evacuate Collection Set: 17.45ms
[94.564s][info][gc,phases   ] GC(199)   Post Evacuate Collection Set: 0.42ms
[94.564s][info][gc,phases   ] GC(199)   Other: 0.08ms
[94.564s][info][gc,heap     ] GC(199) Eden regions: 189->0(196)
[94.564s][info][gc,heap     ] GC(199) Survivor regions: 4->18(25)
[94.564s][info][gc,heap     ] GC(199) Old regions: 600->600
[94.564s][info][gc,heap     ] GC(199) Humongous regions: 6->6
[94.564s][info][gc,metaspace] GC(199) Metaspace: 18150K(18368K)->18150K(18368K) NonClass: 15487K(15616K)->15487K(15616K) Class: 2662K(2752K)->2662K(2752K)
[94.564s][info][gc          ] GC(199) Pause Young (Normal) (G1 Evacuation Pause) 798M->623M(978M) 18.626ms
[94.564s][info][gc,cpu      ] GC(199) User=0.04s Sys=0.00s Real=0.02s
[94.603s][info][gc,marking  ] GC(196) Concurrent Mark From Roots 1007.345ms
[94.603s][info][gc,marking  ] GC(196) Concurrent Preclean
[94.603s][info][gc,marking  ] GC(196) Concurrent Preclean 0.026ms
[94.604s][info][gc,start    ] GC(196) Pause Remark
[94.611s][info][gc          ] GC(196) Pause Remark 642M->561M(978M) 7.289ms
[94.611s][info][gc,cpu      ] GC(196) User=0.01s Sys=0.00s Real=0.01s
[94.611s][info][gc,marking  ] GC(196) Concurrent Mark 1015.703ms
[94.611s][info][gc,marking  ] GC(196) Concurrent Rebuild Remembered Sets and Scrub Regions
[94.788s][info][gc,start    ] GC(200) Pause Young (Normal) (G1 Evacuation Pause)
[94.788s][info][gc,task     ] GC(200) Using 2 workers of 2 for evacuation
[94.892s][info][gc,phases   ] GC(200)   Pre Evacuate Collection Set: 0.28ms
[94.892s][info][gc,phases   ] GC(200)   Merge Heap Roots: 0.16ms
[94.892s][info][gc,phases   ] GC(200)   Evacuate Collection Set: 102.48ms
[94.892s][info][gc,phases   ] GC(200)   Post Evacuate Collection Set: 0.85ms
[94.892s][info][gc,phases   ] GC(200)   Other: 0.12ms
[94.892s][info][gc,heap     ] GC(200) Eden regions: 196->0(173)
[94.892s][info][gc,heap     ] GC(200) Survivor regions: 18->27(27)
[94.892s][info][gc,heap     ] GC(200) Old regions: 521->603
[94.892s][info][gc,heap     ] GC(200) Humongous regions: 4->4
[94.892s][info][gc,metaspace] GC(200) Metaspace: 18150K(18368K)->18150K(18368K) NonClass: 15488K(15616K)->15488K(15616K) Class: 2662K(2752K)->2662K(2752K)
[94.892s][info][gc          ] GC(200) Pause Young (Normal) (G1 Evacuation Pause) 738M->634M(978M) 104.117ms
[94.892s][info][gc,cpu      ] GC(200) User=0.20s Sys=0.00s Real=0.11s
[95.070s][info][gc,start    ] GC(201) Pause Young (Normal) (G1 Evacuation Pause)
[95.071s][info][gc,task     ] GC(201) Using 2 workers of 2 for evacuation
[95.178s][info][gc,phases   ] GC(201)   Pre Evacuate Collection Set: 0.50ms
[95.178s][info][gc,phases   ] GC(201)   Merge Heap Roots: 0.44ms
[95.178s][info][gc,phases   ] GC(201)   Evacuate Collection Set: 105.46ms
[95.178s][info][gc,phases   ] GC(201)   Post Evacuate Collection Set: 0.85ms
[95.178s][info][gc,phases   ] GC(201)   Other: 0.11ms
[95.178s][info][gc,heap     ] GC(201) Eden regions: 173->0(136)
[95.178s][info][gc,heap     ] GC(201) Survivor regions: 27->25(25)
[95.178s][info][gc,heap     ] GC(201) Old regions: 603->677
[95.178s][info][gc,heap     ] GC(201) Humongous regions: 4->4
[95.178s][info][gc,metaspace] GC(201) Metaspace: 18151K(18368K)->18151K(18368K) NonClass: 15489K(15616K)->15489K(15616K) Class: 2662K(2752K)->2662K(2752K)
[95.178s][info][gc          ] GC(201) Pause Young (Normal) (G1 Evacuation Pause) 807M->705M(978M) 107.582ms
[95.178s][info][gc,cpu      ] GC(201) User=0.22s Sys=0.00s Real=0.10s
[95.462s][info][gc,start    ] GC(202) Pause Young (Normal) (G1 Evacuation Pause)
[95.463s][info][gc,task     ] GC(202) Using 2 workers of 2 for evacuation
[95.525s][info][gc,phases   ] GC(202)   Pre Evacuate Collection Set: 0.50ms
[95.525s][info][gc,phases   ] GC(202)   Merge Heap Roots: 0.50ms
[95.525s][info][gc,phases   ] GC(202)   Evacuate Collection Set: 60.73ms
[95.525s][info][gc,phases   ] GC(202)   Post Evacuate Collection Set: 0.52ms
[95.525s][info][gc,phases   ] GC(202)   Other: 0.09ms
[95.525s][info][gc,heap     ] GC(202) Eden regions: 136->0(136)
[95.525s][info][gc,heap     ] GC(202) Survivor regions: 25->20(21)
[95.525s][info][gc,heap     ] GC(202) Old regions: 677->702
[95.525s][info][gc,heap     ] GC(202) Humongous regions: 4->4
[95.525s][info][gc,metaspace] GC(202) Metaspace: 18156K(18368K)->18156K(18368K) NonClass: 15493K(15616K)->15493K(15616K) Class: 2662K(2752K)->2662K(2752K)
[95.525s][info][gc          ] GC(202) Pause Young (Normal) (G1 Evacuation Pause) 841M->725M(978M) 62.637ms
[95.525s][info][gc,cpu      ] GC(202) User=0.12s Sys=0.00s Real=0.06s
[95.614s][info][gc,marking  ] GC(196) Concurrent Rebuild Remembered Sets and Scrub Regions 1002.425ms
[95.614s][info][gc,start    ] GC(196) Pause Cleanup
[95.614s][info][gc          ] GC(196) Pause Cleanup 794M->794M(978M) 0.160ms
[95.614s][info][gc,cpu      ] GC(196) User=0.00s Sys=0.00s Real=0.00s
[95.614s][info][gc,marking  ] GC(196) Concurrent Clear Claimed Marks
[95.614s][info][gc,marking  ] GC(196) Concurrent Clear Claimed Marks 0.032ms
[95.614s][info][gc,marking  ] GC(196) Concurrent Cleanup for Next Mark
[95.619s][info][gc,marking  ] GC(196) Concurrent Cleanup for Next Mark 4.872ms
[95.619s][info][gc          ] GC(196) Concurrent Mark Cycle 2126.440ms
[95.666s][info][gc,start    ] GC(203) Pause Young (Prepare Mixed) (G1 Evacuation Pause)
[95.666s][info][gc,task     ] GC(203) Using 2 workers of 2 for evacuation
[95.718s][info][gc,phases   ] GC(203)   Pre Evacuate Collection Set: 0.28ms
[95.718s][info][gc,phases   ] GC(203)   Merge Heap Roots: 0.50ms
[95.718s][info][gc,phases   ] GC(203)   Evacuate Collection Set: 50.98ms
[95.718s][info][gc,phases   ] GC(203)   Post Evacuate Collection Set: 0.56ms
[95.718s][info][gc,phases   ] GC(203)   Other: 0.09ms
[95.718s][info][gc,heap     ] GC(203) Eden regions: 136->0(136)
[95.718s][info][gc,heap     ] GC(203) Survivor regions: 20->13(20)
[95.718s][info][gc,heap     ] GC(203) Old regions: 702->722
[95.718s][info][gc,heap     ] GC(203) Humongous regions: 7->7
[95.718s][info][gc,metaspace] GC(203) Metaspace: 18156K(18368K)->18156K(18368K) NonClass: 15494K(15616K)->15494K(15616K) Class: 2662K(2752K)->2662K(2752K)
[95.718s][info][gc          ] GC(203) Pause Young (Prepare Mixed) (G1 Evacuation Pause) 864M->741M(978M) 52.631ms
[95.718s][info][gc,cpu      ] GC(203) User=0.10s Sys=0.00s Real=0.05s
[95.893s][info][gc,start    ] GC(204) Pause Young (Mixed) (G1 Evacuation Pause)
[95.893s][info][gc,task     ] GC(204) Using 2 workers of 2 for evacuation
[95.994s][info][gc,phases   ] GC(204)   Pre Evacuate Collection Set: 0.34ms
[95.994s][info][gc,phases   ] GC(204)   Merge Heap Roots: 0.88ms
[95.994s][info][gc,phases   ] GC(204)   Evacuate Collection Set: 93.64ms
[95.994s][info][gc,phases   ] GC(204)   Merge Optional Heap Roots: 0.12ms
[95.994s][info][gc,phases   ] GC(204)   Evacuate Optional Collection Set: 5.46ms
[95.994s][info][gc,phases   ] GC(204)   Post Evacuate Collection Set: 0.92ms
[95.994s][info][gc,phases   ] GC(204)   Other: 0.13ms
[95.994s][info][gc,heap     ] GC(204) Eden regions: 136->0(29)
[95.994s][info][gc,heap     ] GC(204) Survivor regions: 13->19(19)
[95.994s][info][gc,heap     ] GC(204) Old regions: 722->667
[95.994s][info][gc,heap     ] GC(204) Humongous regions: 10->10
[95.994s][info][gc,metaspace] GC(204) Metaspace: 18156K(18368K)->18156K(18368K) NonClass: 15494K(15616K)->15494K(15616K) Class: 2662K(2752K)->2662K(2752K)
[95.995s][info][gc          ] GC(204) Pause Young (Mixed) (G1 Evacuation Pause) 880M->696M(978M) 101.731ms
[95.995s][info][gc,cpu      ] GC(204) User=0.20s Sys=0.00s Real=0.10s
[96.025s][info][gc,start    ] GC(205) Pause Young (Mixed) (G1 Evacuation Pause)
[96.026s][info][gc,task     ] GC(205) Using 2 workers of 2 for evacuation
[96.221s][info][gc,phases   ] GC(205)   Pre Evacuate Collection Set: 0.26ms
[96.221s][info][gc,phases   ] GC(205)   Merge Heap Roots: 1.58ms
[96.221s][info][gc,phases   ] GC(205)   Evacuate Collection Set: 191.37ms
[96.221s][info][gc,phases   ] GC(205)   Post Evacuate Collection Set: 2.17ms
[96.221s][info][gc,phases   ] GC(205)   Other: 0.09ms
[96.221s][info][gc,heap     ] GC(205) Eden regions: 29->0(43)
[96.221s][info][gc,heap     ] GC(205) Survivor regions: 19->6(6)
[96.221s][info][gc,heap     ] GC(205) Old regions: 667->679
[96.221s][info][gc,heap     ] GC(205) Humongous regions: 10->10
[96.221s][info][gc,metaspace] GC(205) Metaspace: 18156K(18368K)->18156K(18368K) NonClass: 15494K(15616K)->15494K(15616K) Class: 2662K(2752K)->2662K(2752K)
[96.221s][info][gc          ] GC(205) Pause Young (Mixed) (G1 Evacuation Pause) 725M->694M(978M) 195.727ms
[96.221s][info][gc,cpu      ] GC(205) User=0.39s Sys=0.00s Real=0.20s
[96.290s][info][gc,start    ] GC(206) Pause Young (Mixed) (G1 Evacuation Pause)
[96.290s][info][gc,task     ] GC(206) Using 2 workers of 2 for evacuation
[96.441s][info][gc,phases   ] GC(206)   Pre Evacuate Collection Set: 0.26ms
[96.441s][info][gc,phases   ] GC(206)   Merge Heap Roots: 1.99ms
[96.441s][info][gc,phases   ] GC(206)   Evacuate Collection Set: 148.62ms
[96.441s][info][gc,phases   ] GC(206)   Post Evacuate Collection Set: 0.28ms
[96.441s][info][gc,phases   ] GC(206)   Other: 0.07ms
[96.441s][info][gc,heap     ] GC(206) Eden regions: 42->0(158)
[96.441s][info][gc,heap     ] GC(206) Survivor regions: 6->6(6)
[96.441s][info][gc,heap     ] GC(206) Old regions: 679->685
[96.442s][info][gc,heap     ] GC(206) Humongous regions: 10->10
[96.442s][info][gc,metaspace] GC(206) Metaspace: 18156K(18368K)->18156K(18368K) NonClass: 15494K(15616K)->15494K(15616K) Class: 2662K(2752K)->2662K(2752K)
[96.442s][info][gc          ] GC(206) Pause Young (Mixed) (G1 Evacuation Pause) 736M->700M(978M) 151.404ms
[96.442s][info][gc,cpu      ] GC(206) User=0.30s Sys=0.00s Real=0.16s
[96.577s][info][gc,start    ] GC(207) Pause Young (Concurrent Start) (G1 Evacuation Pause)
[96.577s][info][gc,task     ] GC(207) Using 2 workers of 2 for evacuation
[96.619s][info][gc,phases   ] GC(207)   Pre Evacuate Collection Set: 0.32ms
[96.619s][info][gc,phases   ] GC(207)   Merge Heap Roots: 0.23ms
[96.619s][info][gc,phases   ] GC(207)   Evacuate Collection Set: 40.67ms
[96.619s][info][gc,phases   ] GC(207)   Post Evacuate Collection Set: 0.39ms
[96.619s][info][gc,phases   ] GC(207)   Other: 0.09ms
[96.619s][info][gc,heap     ] GC(207) Eden regions: 158->0(148)
[96.619s][info][gc,heap     ] GC(207) Survivor regions: 6->21(21)
[96.619s][info][gc,heap     ] GC(207) Old regions: 685->698
[96.619s][info][gc,heap     ] GC(207) Humongous regions: 10->10
[96.619s][info][gc,metaspace] GC(207) Metaspace: 18156K(18368K)->18156K(18368K) NonClass: 15494K(15616K)->15494K(15616K) Class: 2662K(2752K)->2662K(2752K)
[96.619s][info][gc          ] GC(207) Pause Young (Concurrent Start) (G1 Evacuation Pause) 858M->728M(978M) 41.926ms
[96.619s][info][gc,cpu      ] GC(207) User=0.09s Sys=0.00s Real=0.04s
[96.619s][info][gc          ] GC(208) Concurrent Mark Cycle
[96.619s][info][gc,marking  ] GC(208) Concurrent Scan Root Regions
[96.684s][info][gc,marking  ] GC(208) Concurrent Scan Root Regions 64.946ms
[96.684s][info][gc,marking  ] GC(208) Concurrent Mark
[96.684s][info][gc,marking  ] GC(208) Concurrent Mark From Roots
[96.684s][info][gc,task     ] GC(208) Using 1 workers of 1 for marking
[96.782s][info][gc,start    ] GC(209) Pause Young (Normal) (G1 Evacuation Pause)
[96.782s][info][gc,task     ] GC(209) Using 2 workers of 2 for evacuation
[96.821s][info][gc,phases   ] GC(209)   Pre Evacuate Collection Set: 0.27ms
[96.821s][info][gc,phases   ] GC(209)   Merge Heap Roots: 0.21ms
[96.821s][info][gc,phases   ] GC(209)   Evacuate Collection Set: 38.16ms
[96.821s][info][gc,phases   ] GC(209)   Post Evacuate Collection Set: 0.37ms
[96.821s][info][gc,phases   ] GC(209)   Other: 0.09ms
[96.821s][info][gc,heap     ] GC(209) Eden regions: 148->0(148)
[96.821s][info][gc,heap     ] GC(209) Survivor regions: 21->13(22)
[96.821s][info][gc,heap     ] GC(209) Old regions: 698->719
[96.821s][info][gc,heap     ] GC(209) Humongous regions: 10->10
[96.821s][info][gc,metaspace] GC(209) Metaspace: 18156K(18368K)->18156K(18368K) NonClass: 15494K(15616K)->15494K(15616K) Class: 2662K(2752K)->2662K(2752K)
[96.821s][info][gc          ] GC(209) Pause Young (Normal) (G1 Evacuation Pause) 876M->741M(978M) 39.366ms
[96.821s][info][gc,cpu      ] GC(209) User=0.07s Sys=0.00s Real=0.04s
[96.993s][info][gc,start    ] GC(210) Pause Young (Normal) (G1 Evacuation Pause)
[96.993s][info][gc,task     ] GC(210) Using 2 workers of 2 for evacuation
[97.015s][info][gc,phases   ] GC(210)   Pre Evacuate Collection Set: 0.27ms
[97.015s][info][gc,phases   ] GC(210)   Merge Heap Roots: 0.20ms
[97.015s][info][gc,phases   ] GC(210)   Evacuate Collection Set: 21.25ms
[97.015s][info][gc,phases   ] GC(210)   Post Evacuate Collection Set: 0.36ms
[97.015s][info][gc,phases   ] GC(210)   Other: 0.07ms
[97.015s][info][gc,heap     ] GC(210) Eden regions: 148->0(154)
[97.015s][info][gc,heap     ] GC(210) Survivor regions: 13->5(21)
[97.015s][info][gc,heap     ] GC(210) Old regions: 719->732
[97.015s][info][gc,heap     ] GC(210) Humongous regions: 10->10
[97.015s][info][gc,metaspace] GC(210) Metaspace: 18161K(18368K)->18161K(18368K) NonClass: 15499K(15616K)->15499K(15616K) Class: 2662K(2752K)->2662K(2752K)
[97.015s][info][gc          ] GC(210) Pause Young (Normal) (G1 Evacuation Pause) 889M->746M(978M) 22.340ms
[97.015s][info][gc,cpu      ] GC(210) User=0.04s Sys=0.00s Real=0.02s
[97.228s][info][gc,start    ] GC(211) Pause Young (Normal) (G1 Evacuation Pause)
[97.228s][info][gc,task     ] GC(211) Using 2 workers of 2 for evacuation
[97.244s][info][gc,phases   ] GC(211)   Pre Evacuate Collection Set: 0.27ms
[97.244s][info][gc,phases   ] GC(211)   Merge Heap Roots: 0.18ms
[97.244s][info][gc,phases   ] GC(211)   Evacuate Collection Set: 15.10ms
[97.244s][info][gc,phases   ] GC(211)   Post Evacuate Collection Set: 0.36ms
[97.244s][info][gc,phases   ] GC(211)   Other: 0.11ms
[97.244s][info][gc,heap     ] GC(211) Eden regions: 154->0(158)
[97.244s][info][gc,heap     ] GC(211) Survivor regions: 5->10(20)
[97.244s][info][gc,heap     ] GC(211) Old regions: 732->732
[97.244s][info][gc,heap     ] GC(211) Humongous regions: 10->10
[97.244s][info][gc,metaspace] GC(211) Metaspace: 18162K(18368K)->18162K(18368K) NonClass: 15499K(15616K)->15499K(15616K) Class: 2662K(2752K)->2662K(2752K)
[97.244s][info][gc          ] GC(211) Pause Young (Normal) (G1 Evacuation Pause) 900M->751M(978M) 16.210ms
[97.244s][info][gc,cpu      ] GC(211) User=0.03s Sys=0.00s Real=0.02s
[97.366s][info][gc,marking  ] GC(208) Concurrent Mark From Roots 682.534ms
[97.366s][info][gc,marking  ] GC(208) Concurrent Preclean
[97.366s][info][gc,marking  ] GC(208) Concurrent Preclean 0.032ms
[97.367s][info][gc,start    ] GC(208) Pause Remark
[97.374s][info][gc          ] GC(208) Pause Remark 817M->438M(978M) 6.981ms
[97.374s][info][gc,cpu      ] GC(208) User=0.02s Sys=0.00s Real=0.01s
[97.374s][info][gc,marking  ] GC(208) Concurrent Mark 689.839ms
[97.374s][info][gc,marking  ] GC(208) Concurrent Rebuild Remembered Sets and Scrub Regions
[97.484s][info][gc,start    ] GC(212) Pause Young (Normal) (G1 Evacuation Pause)
[97.484s][info][gc,task     ] GC(212) Using 2 workers of 2 for evacuation
[97.528s][info][gc,phases   ] GC(212)   Pre Evacuate Collection Set: 1.12ms
[97.528s][info][gc,phases   ] GC(212)   Merge Heap Roots: 0.27ms
[97.528s][info][gc,phases   ] GC(212)   Evacuate Collection Set: 42.48ms
[97.528s][info][gc,phases   ] GC(212)   Post Evacuate Collection Set: 0.39ms
[97.528s][info][gc,phases   ] GC(212)   Other: 0.09ms
[97.528s][info][gc,heap     ] GC(212) Eden regions: 158->0(362)
[97.528s][info][gc,heap     ] GC(212) Survivor regions: 10->21(21)
[97.528s][info][gc,heap     ] GC(212) Old regions: 359->366
[97.528s][info][gc,heap     ] GC(212) Humongous regions: 4->4
[97.528s][info][gc,metaspace] GC(212) Metaspace: 18166K(18368K)->18166K(18368K) NonClass: 15504K(15616K)->15504K(15616K) Class: 2662K(2752K)->2662K(2752K)
[97.528s][info][gc          ] GC(212) Pause Young (Normal) (G1 Evacuation Pause) 530M->391M(978M) 44.579ms
[97.528s][info][gc,cpu      ] GC(212) User=0.09s Sys=0.00s Real=0.04s
[97.731s][info][gc,marking  ] GC(208) Concurrent Rebuild Remembered Sets and Scrub Regions 357.185ms
[97.731s][info][gc,start    ] GC(208) Pause Cleanup
[97.731s][info][gc          ] GC(208) Pause Cleanup 466M->466M(978M) 0.139ms
[97.731s][info][gc,cpu      ] GC(208) User=0.00s Sys=0.00s Real=0.00s
[97.731s][info][gc,marking  ] GC(208) Concurrent Clear Claimed Marks
[97.731s][info][gc,marking  ] GC(208) Concurrent Clear Claimed Marks 0.037ms
[97.731s][info][gc,marking  ] GC(208) Concurrent Cleanup for Next Mark
[97.734s][info][gc,marking  ] GC(208) Concurrent Cleanup for Next Mark 2.846ms
[97.734s][info][gc          ] GC(208) Concurrent Mark Cycle 1115.442ms
[98.421s][info][gc,start    ] GC(213) Pause Young (Prepare Mixed) (G1 Evacuation Pause)
[98.421s][info][gc,task     ] GC(213) Using 2 workers of 2 for evacuation
[98.472s][info][gc,phases   ] GC(213)   Pre Evacuate Collection Set: 0.30ms
[98.472s][info][gc,phases   ] GC(213)   Merge Heap Roots: 0.39ms
[98.472s][info][gc,phases   ] GC(213)   Evacuate Collection Set: 49.54ms
[98.472s][info][gc,phases   ] GC(213)   Post Evacuate Collection Set: 0.57ms
[98.472s][info][gc,phases   ] GC(213)   Other: 0.10ms
[98.472s][info][gc,heap     ] GC(213) Eden regions: 362->0(35)
[98.472s][info][gc,heap     ] GC(213) Survivor regions: 21->43(48)
[98.472s][info][gc,heap     ] GC(213) Old regions: 366->366
[98.472s][info][gc,heap     ] GC(213) Humongous regions: 4->4
[98.472s][info][gc,metaspace] GC(213) Metaspace: 18183K(18368K)->18183K(18368K) NonClass: 15521K(15616K)->15521K(15616K) Class: 2662K(2752K)->2662K(2752K)
[98.473s][info][gc          ] GC(213) Pause Young (Prepare Mixed) (G1 Evacuation Pause) 753M->412M(978M) 51.150ms
[98.473s][info][gc,cpu      ] GC(213) User=0.10s Sys=0.00s Real=0.05s
[98.938s][info][gc,start    ] GC(214) Pause Young (Mixed) (G1 Evacuation Pause)
[98.938s][info][gc,task     ] GC(214) Using 2 workers of 2 for evacuation
[98.982s][info][gc,phases   ] GC(214)   Pre Evacuate Collection Set: 0.34ms
[98.982s][info][gc,phases   ] GC(214)   Merge Heap Roots: 0.24ms
[98.982s][info][gc,phases   ] GC(214)   Evacuate Collection Set: 42.75ms
[98.982s][info][gc,phases   ] GC(214)   Post Evacuate Collection Set: 0.45ms
[98.982s][info][gc,phases   ] GC(214)   Other: 0.11ms
[98.982s][info][gc,heap     ] GC(214) Eden regions: 201->0(295)
[98.982s][info][gc,heap     ] GC(214) Survivor regions: 43->1(31)
[98.982s][info][gc,heap     ] GC(214) Old regions: 366->402
[98.982s][info][gc,heap     ] GC(214) Humongous regions: 4->4
[98.982s][info][gc,metaspace] GC(214) Metaspace: 18183K(18368K)->18183K(18368K) NonClass: 15521K(15616K)->15521K(15616K) Class: 2662K(2752K)->2662K(2752K)
[98.982s][info][gc          ] GC(214) Pause Young (Mixed) (G1 Evacuation Pause) 613M->406M(978M) 44.120ms
[98.982s][info][gc,cpu      ] GC(214) User=0.08s Sys=0.00s Real=0.05s
[99.595s][info][gc,start    ] GC(215) Pause Young (Mixed) (G1 Evacuation Pause)
[99.595s][info][gc,task     ] GC(215) Using 2 workers of 2 for evacuation
[99.656s][info][gc,phases   ] GC(215)   Pre Evacuate Collection Set: 0.52ms
[99.656s][info][gc,phases   ] GC(215)   Merge Heap Roots: 0.49ms
[99.656s][info][gc,phases   ] GC(215)   Evacuate Collection Set: 59.18ms
[99.656s][info][gc,phases   ] GC(215)   Post Evacuate Collection Set: 0.59ms
[99.656s][info][gc,phases   ] GC(215)   Other: 0.10ms
[99.656s][info][gc,heap     ] GC(215) Eden regions: 379->0(124)
[99.656s][info][gc,heap     ] GC(215) Survivor regions: 1->48(48)
[99.656s][info][gc,heap     ] GC(215) Old regions: 402->401
[99.656s][info][gc,heap     ] GC(215) Humongous regions: 4->4
[99.656s][info][gc,metaspace] GC(215) Metaspace: 18189K(18432K)->18189K(18432K) NonClass: 15526K(15680K)->15526K(15680K) Class: 2662K(2752K)->2662K(2752K)
[99.656s][info][gc          ] GC(215) Pause Young (Mixed) (G1 Evacuation Pause) 785M->452M(978M) 61.109ms
[99.656s][info][gc,cpu      ] GC(215) User=0.12s Sys=0.00s Real=0.06s
[99.945s][info][gc,start    ] GC(216) Pause Young (Mixed) (G1 Evacuation Pause)
[99.946s][info][gc,task     ] GC(216) Using 2 workers of 2 for evacuation
[100.018s][info][gc,phases   ] GC(216)   Pre Evacuate Collection Set: 0.31ms
[100.018s][info][gc,phases   ] GC(216)   Merge Heap Roots: 0.40ms
[100.018s][info][gc,phases   ] GC(216)   Evacuate Collection Set: 70.81ms
[100.018s][info][gc,phases   ] GC(216)   Post Evacuate Collection Set: 0.51ms
[100.018s][info][gc,phases   ] GC(216)   Other: 0.08ms
[100.018s][info][gc,heap     ] GC(216) Eden regions: 229->0(310)
[100.018s][info][gc,heap     ] GC(216) Survivor regions: 48->27(35)
[100.018s][info][gc,heap     ] GC(216) Old regions: 401->442
[100.018s][info][gc,heap     ] GC(216) Humongous regions: 4->4
[100.018s][info][gc,metaspace] GC(216) Metaspace: 18189K(18432K)->18189K(18432K) NonClass: 15526K(15680K)->15526K(15680K) Class: 2662K(2752K)->2662K(2752K)
[100.018s][info][gc          ] GC(216) Pause Young (Mixed) (G1 Evacuation Pause) 681M->472M(978M) 72.383ms
[100.018s][info][gc,cpu      ] GC(216) User=0.14s Sys=0.00s Real=0.07s
[100.349s][info][gc,start    ] GC(217) Pause Young (Mixed) (G1 Evacuation Pause)
[100.349s][info][gc,task     ] GC(217) Using 2 workers of 2 for evacuation
[100.464s][info][gc,phases   ] GC(217)   Pre Evacuate Collection Set: 0.31ms
[100.464s][info][gc,phases   ] GC(217)   Merge Heap Roots: 0.38ms
[100.464s][info][gc,phases   ] GC(217)   Evacuate Collection Set: 113.97ms
[100.464s][info][gc,phases   ] GC(217)   Post Evacuate Collection Set: 0.86ms
[100.464s][info][gc,phases   ] GC(217)   Other: 0.09ms
[100.464s][info][gc,heap     ] GC(217) Eden regions: 340->0(295)
[100.464s][info][gc,heap     ] GC(217) Survivor regions: 27->46(46)
[100.464s][info][gc,heap     ] GC(217) Old regions: 442->464
[100.464s][info][gc,heap     ] GC(217) Humongous regions: 7->7
[100.464s][info][gc,metaspace] GC(217) Metaspace: 18193K(18432K)->18193K(18432K) NonClass: 15531K(15680K)->15531K(15680K) Class: 2662K(2752K)->2662K(2752K)
[100.464s][info][gc          ] GC(217) Pause Young (Mixed) (G1 Evacuation Pause) 815M->516M(978M) 115.909ms
[100.465s][info][gc,cpu      ] GC(217) User=0.23s Sys=0.00s Real=0.12s
[100.651s][info][gc,start    ] GC(218) Pause Young (Concurrent Start) (G1 Evacuation Pause)
[100.652s][info][gc,task     ] GC(218) Using 2 workers of 2 for evacuation
[100.743s][info][gc,phases   ] GC(218)   Pre Evacuate Collection Set: 0.31ms
[100.743s][info][gc,phases   ] GC(218)   Merge Heap Roots: 0.52ms
[100.743s][info][gc,phases   ] GC(218)   Evacuate Collection Set: 89.40ms
[100.743s][info][gc,phases   ] GC(218)   Post Evacuate Collection Set: 0.62ms
[100.743s][info][gc,phases   ] GC(218)   Other: 0.10ms
[100.743s][info][gc,heap     ] GC(218) Eden regions: 295->0(296)
[100.743s][info][gc,heap     ] GC(218) Survivor regions: 46->22(43)
[100.743s][info][gc,heap     ] GC(218) Old regions: 464->510
[100.743s][info][gc,heap     ] GC(218) Humongous regions: 7->7
[100.743s][info][gc,metaspace] GC(218) Metaspace: 18193K(18432K)->18193K(18432K) NonClass: 15531K(15680K)->15531K(15680K) Class: 2662K(2752K)->2662K(2752K)
[100.743s][info][gc          ] GC(218) Pause Young (Concurrent Start) (G1 Evacuation Pause) 811M->538M(978M) 91.241ms
[100.743s][info][gc,cpu      ] GC(218) User=0.18s Sys=0.00s Real=0.09s
[100.743s][info][gc          ] GC(219) Concurrent Mark Cycle
[100.743s][info][gc,marking  ] GC(219) Concurrent Scan Root Regions
[100.848s][info][gc,marking  ] GC(219) Concurrent Scan Root Regions 105.478ms
[100.848s][info][gc,marking  ] GC(219) Concurrent Mark
[100.848s][info][gc,marking  ] GC(219) Concurrent Mark From Roots
[100.848s][info][gc,task     ] GC(219) Using 1 workers of 1 for marking
[101.122s][info][gc,start    ] GC(220) Pause Young (Normal) (G1 Evacuation Pause)
[101.122s][info][gc,task     ] GC(220) Using 2 workers of 2 for evacuation
[101.178s][info][gc,phases   ] GC(220)   Pre Evacuate Collection Set: 0.27ms
[101.178s][info][gc,phases   ] GC(220)   Merge Heap Roots: 0.30ms
[101.178s][info][gc,phases   ] GC(220)   Evacuate Collection Set: 55.35ms
[101.178s][info][gc,phases   ] GC(220)   Post Evacuate Collection Set: 0.53ms
[101.178s][info][gc,phases   ] GC(220)   Other: 0.09ms
[101.178s][info][gc,heap     ] GC(220) Eden regions: 296->0(290)
[101.178s][info][gc,heap     ] GC(220) Survivor regions: 22->24(40)
[101.178s][info][gc,heap     ] GC(220) Old regions: 510->531
[101.178s][info][gc,heap     ] GC(220) Humongous regions: 8->8
[101.178s][info][gc,metaspace] GC(220) Metaspace: 18201K(18432K)->18201K(18432K) NonClass: 15539K(15680K)->15539K(15680K) Class: 2662K(2752K)->2662K(2752K)
[101.178s][info][gc          ] GC(220) Pause Young (Normal) (G1 Evacuation Pause) 835M->562M(978M) 56.783ms
[101.178s][info][gc,cpu      ] GC(220) User=0.11s Sys=0.00s Real=0.05s
[101.610s][info][gc,start    ] GC(221) Pause Young (Normal) (G1 Evacuation Pause)
[101.610s][info][gc,task     ] GC(221) Using 2 workers of 2 for evacuation
[101.671s][info][gc,phases   ] GC(221)   Pre Evacuate Collection Set: 0.53ms
[101.671s][info][gc,phases   ] GC(221)   Merge Heap Roots: 0.28ms
[101.671s][info][gc,phases   ] GC(221)   Evacuate Collection Set: 59.65ms
[101.671s][info][gc,phases   ] GC(221)   Post Evacuate Collection Set: 0.52ms
[101.671s][info][gc,phases   ] GC(221)   Other: 0.10ms
[101.671s][info][gc,heap     ] GC(221) Eden regions: 290->0(271)
[101.671s][info][gc,heap     ] GC(221) Survivor regions: 24->31(40)
[101.671s][info][gc,heap     ] GC(221) Old regions: 531->555
[101.671s][info][gc,heap     ] GC(221) Humongous regions: 8->8
[101.671s][info][gc,metaspace] GC(221) Metaspace: 18207K(18432K)->18207K(18432K) NonClass: 15545K(15680K)->15545K(15680K) Class: 2662K(2752K)->2662K(2752K)
[101.671s][info][gc          ] GC(221) Pause Young (Normal) (G1 Evacuation Pause) 852M->594M(978M) 61.305ms
[101.671s][info][gc,cpu      ] GC(221) User=0.12s Sys=0.00s Real=0.07s
[101.724s][info][gc,marking  ] GC(219) Concurrent Mark From Roots 875.507ms
[101.724s][info][gc,marking  ] GC(219) Concurrent Preclean
[101.724s][info][gc,marking  ] GC(219) Concurrent Preclean 0.033ms
[101.724s][info][gc,start    ] GC(219) Pause Remark
[101.731s][info][gc          ] GC(219) Pause Remark 614M->548M(978M) 6.785ms
[101.731s][info][gc,cpu      ] GC(219) User=0.02s Sys=0.00s Real=0.01s
[101.731s][info][gc,marking  ] GC(219) Concurrent Mark 882.635ms
[101.731s][info][gc,marking  ] GC(219) Concurrent Rebuild Remembered Sets and Scrub Regions
[102.121s][info][gc,marking  ] GC(219) Concurrent Rebuild Remembered Sets and Scrub Regions 389.806ms
[102.121s][info][gc,start    ] GC(219) Pause Cleanup
[102.121s][info][gc          ] GC(219) Pause Cleanup 652M->652M(978M) 0.147ms
[102.121s][info][gc,cpu      ] GC(219) User=0.00s Sys=0.00s Real=0.00s
[102.121s][info][gc,marking  ] GC(219) Concurrent Clear Claimed Marks
[102.121s][info][gc,marking  ] GC(219) Concurrent Clear Claimed Marks 0.042ms
[102.121s][info][gc,marking  ] GC(219) Concurrent Cleanup for Next Mark
[102.124s][info][gc,marking  ] GC(219) Concurrent Cleanup for Next Mark 2.860ms
[102.124s][info][gc          ] GC(219) Concurrent Mark Cycle 1381.413ms
[102.351s][info][gc,start    ] GC(222) Pause Young (Prepare Mixed) (G1 Evacuation Pause)
[102.351s][info][gc,task     ] GC(222) Using 2 workers of 2 for evacuation
[102.410s][info][gc,phases   ] GC(222)   Pre Evacuate Collection Set: 0.32ms
[102.410s][info][gc,phases   ] GC(222)   Merge Heap Roots: 0.43ms
[102.410s][info][gc,phases   ] GC(222)   Evacuate Collection Set: 57.14ms
[102.410s][info][gc,phases   ] GC(222)   Post Evacuate Collection Set: 0.52ms
[102.410s][info][gc,phases   ] GC(222)   Other: 0.09ms
[102.410s][info][gc,heap     ] GC(222) Eden regions: 271->0(312)
[102.410s][info][gc,heap     ] GC(222) Survivor regions: 31->19(38)
[102.410s][info][gc,heap     ] GC(222) Old regions: 492->524
[102.410s][info][gc,heap     ] GC(222) Humongous regions: 5->5
[102.410s][info][gc,metaspace] GC(222) Metaspace: 18210K(18432K)->18210K(18432K) NonClass: 15548K(15680K)->15548K(15680K) Class: 2662K(2752K)->2662K(2752K)
[102.410s][info][gc          ] GC(222) Pause Young (Prepare Mixed) (G1 Evacuation Pause) 799M->547M(978M) 58.793ms
[102.410s][info][gc,cpu      ] GC(222) User=0.12s Sys=0.00s Real=0.05s
[102.776s][info][gc,start    ] GC(223) Pause Young (Mixed) (G1 Evacuation Pause)
[102.776s][info][gc,task     ] GC(223) Using 2 workers of 2 for evacuation
[102.890s][info][gc,phases   ] GC(223)   Pre Evacuate Collection Set: 0.37ms
[102.890s][info][gc,phases   ] GC(223)   Merge Heap Roots: 0.41ms
[102.890s][info][gc,phases   ] GC(223)   Evacuate Collection Set: 112.12ms
[102.890s][info][gc,phases   ] GC(223)   Post Evacuate Collection Set: 1.25ms
[102.890s][info][gc,phases   ] GC(223)   Other: 0.11ms
[102.890s][info][gc,heap     ] GC(223) Eden regions: 312->0(209)
[102.890s][info][gc,heap     ] GC(223) Survivor regions: 19->42(42)
[102.890s][info][gc,heap     ] GC(223) Old regions: 524->490
[102.890s][info][gc,heap     ] GC(223) Humongous regions: 5->5
[102.890s][info][gc,metaspace] GC(223) Metaspace: 18213K(18432K)->18213K(18432K) NonClass: 15551K(15680K)->15551K(15680K) Class: 2662K(2752K)->2662K(2752K)
[102.890s][info][gc          ] GC(223) Pause Young (Mixed) (G1 Evacuation Pause) 859M->536M(978M) 114.543ms
[102.890s][info][gc,cpu      ] GC(223) User=0.23s Sys=0.00s Real=0.11s
[103.291s][info][gc,start    ] GC(224) Pause Young (Mixed) (G1 Evacuation Pause)
[103.291s][info][gc,task     ] GC(224) Using 2 workers of 2 for evacuation
[103.400s][info][gc,phases   ] GC(224)   Pre Evacuate Collection Set: 0.31ms
[103.400s][info][gc,phases   ] GC(224)   Merge Heap Roots: 1.03ms
[103.400s][info][gc,phases   ] GC(224)   Evacuate Collection Set: 107.15ms
[103.400s][info][gc,phases   ] GC(224)   Post Evacuate Collection Set: 0.62ms
[103.400s][info][gc,phases   ] GC(224)   Other: 0.08ms
[103.400s][info][gc,heap     ] GC(224) Eden regions: 202->0(303)
[103.400s][info][gc,heap     ] GC(224) Survivor regions: 42->13(31)
[103.400s][info][gc,heap     ] GC(224) Old regions: 490->525
[103.400s][info][gc,heap     ] GC(224) Humongous regions: 6->6
[103.400s][info][gc,metaspace] GC(224) Metaspace: 18213K(18432K)->18213K(18432K) NonClass: 15551K(15680K)->15551K(15680K) Class: 2662K(2752K)->2662K(2752K)
[103.400s][info][gc          ] GC(224) Pause Young (Mixed) (G1 Evacuation Pause) 739M->543M(978M) 109.462ms
[103.400s][info][gc,cpu      ] GC(224) User=0.22s Sys=0.00s Real=0.10s
[103.408s][info][gc,start    ] GC(225) Pause Young (Concurrent Start) (G1 Humongous Allocation)
[103.408s][info][gc,task     ] GC(225) Using 2 workers of 2 for evacuation
[103.437s][info][gc,phases   ] GC(225)   Pre Evacuate Collection Set: 0.30ms
[103.437s][info][gc,phases   ] GC(225)   Merge Heap Roots: 0.23ms
[103.437s][info][gc,phases   ] GC(225)   Evacuate Collection Set: 28.15ms
[103.437s][info][gc,phases   ] GC(225)   Post Evacuate Collection Set: 0.39ms
[103.437s][info][gc,phases   ] GC(225)   Other: 0.08ms
[103.437s][info][gc,heap     ] GC(225) Eden regions: 3->0(244)
[103.437s][info][gc,heap     ] GC(225) Survivor regions: 13->14(40)
[103.437s][info][gc,heap     ] GC(225) Old regions: 525->525
[103.437s][info][gc,heap     ] GC(225) Humongous regions: 6->6
[103.437s][info][gc,metaspace] GC(225) Metaspace: 18213K(18432K)->18213K(18432K) NonClass: 15551K(15680K)->15551K(15680K) Class: 2662K(2752K)->2662K(2752K)
[103.437s][info][gc          ] GC(225) Pause Young (Concurrent Start) (G1 Humongous Allocation) 546M->544M(978M) 29.343ms
[103.437s][info][gc          ] GC(226) Concurrent Mark Cycle
[103.437s][info][gc,marking  ] GC(226) Concurrent Scan Root Regions
[103.439s][info][gc,cpu      ] GC(225) User=0.06s Sys=0.00s Real=0.03s
[103.473s][info][gc,marking  ] GC(226) Concurrent Scan Root Regions 35.981ms
[103.473s][info][gc,marking  ] GC(226) Concurrent Mark
[103.473s][info][gc,marking  ] GC(226) Concurrent Mark From Roots
[103.473s][info][gc,task     ] GC(226) Using 1 workers of 1 for marking
[103.879s][info][gc,start    ] GC(227) Pause Young (Normal) (G1 Evacuation Pause)
[103.879s][info][gc,task     ] GC(227) Using 2 workers of 2 for evacuation
[103.958s][info][gc,phases   ] GC(227)   Pre Evacuate Collection Set: 0.31ms
[103.958s][info][gc,phases   ] GC(227)   Merge Heap Roots: 0.39ms
[103.958s][info][gc,phases   ] GC(227)   Evacuate Collection Set: 77.40ms
[103.958s][info][gc,phases   ] GC(227)   Post Evacuate Collection Set: 0.60ms
[103.958s][info][gc,phases   ] GC(227)   Other: 0.08ms
[103.958s][info][gc,heap     ] GC(227) Eden regions: 244->0(225)
[103.958s][info][gc,heap     ] GC(227) Survivor regions: 14->33(33)
[103.958s][info][gc,heap     ] GC(227) Old regions: 525->550
[103.958s][info][gc,heap     ] GC(227) Humongous regions: 8->8
[103.958s][info][gc,metaspace] GC(227) Metaspace: 18213K(18432K)->18213K(18432K) NonClass: 15551K(15680K)->15551K(15680K) Class: 2662K(2752K)->2662K(2752K)
[103.958s][info][gc          ] GC(227) Pause Young (Normal) (G1 Evacuation Pause) 790M->590M(978M) 79.074ms
[103.958s][info][gc,cpu      ] GC(227) User=0.16s Sys=0.00s Real=0.08s
[104.412s][info][gc,start    ] GC(228) Pause Young (Normal) (G1 Evacuation Pause)
[104.412s][info][gc,task     ] GC(228) Using 2 workers of 2 for evacuation
[104.479s][info][gc,phases   ] GC(228)   Pre Evacuate Collection Set: 0.51ms
[104.479s][info][gc,phases   ] GC(228)   Merge Heap Roots: 0.81ms
[104.479s][info][gc,phases   ] GC(228)   Evacuate Collection Set: 64.21ms
[104.479s][info][gc,phases   ] GC(228)   Post Evacuate Collection Set: 0.49ms
[104.479s][info][gc,phases   ] GC(228)   Other: 0.08ms
[104.479s][info][gc,heap     ] GC(228) Eden regions: 225->0(242)
[104.479s][info][gc,heap     ] GC(228) Survivor regions: 33->2(33)
[104.479s][info][gc,heap     ] GC(228) Old regions: 550->583
[104.479s][info][gc,heap     ] GC(228) Humongous regions: 8->8
[104.479s][info][gc,metaspace] GC(228) Metaspace: 18213K(18432K)->18213K(18432K) NonClass: 15551K(15680K)->15551K(15680K) Class: 2662K(2752K)->2662K(2752K)
[104.479s][info][gc          ] GC(228) Pause Young (Normal) (G1 Evacuation Pause) 815M->593M(978M) 66.378ms
[104.479s][info][gc,cpu      ] GC(228) User=0.13s Sys=0.00s Real=0.06s
[104.873s][info][gc,marking  ] GC(226) Concurrent Mark From Roots 1400.137ms
[104.873s][info][gc,marking  ] GC(226) Concurrent Preclean
[104.873s][info][gc,marking  ] GC(226) Concurrent Preclean 0.026ms
[104.873s][info][gc,start    ] GC(226) Pause Remark
[104.880s][info][gc          ] GC(226) Pause Remark 806M->755M(978M) 6.741ms
[104.880s][info][gc,cpu      ] GC(226) User=0.01s Sys=0.00s Real=0.00s
[104.880s][info][gc,marking  ] GC(226) Concurrent Mark 1407.189ms
[104.880s][info][gc,marking  ] GC(226) Concurrent Rebuild Remembered Sets and Scrub Regions
[104.937s][info][gc,start    ] GC(229) Pause Young (Normal) (G1 Evacuation Pause)
[104.938s][info][gc,task     ] GC(229) Using 2 workers of 2 for evacuation
[104.974s][info][gc,phases   ] GC(229)   Pre Evacuate Collection Set: 0.26ms
[104.974s][info][gc,phases   ] GC(229)   Merge Heap Roots: 0.22ms
[104.974s][info][gc,phases   ] GC(229)   Evacuate Collection Set: 35.72ms
[104.974s][info][gc,phases   ] GC(229)   Post Evacuate Collection Set: 0.44ms
[104.974s][info][gc,phases   ] GC(229)   Other: 0.08ms
[104.974s][info][gc,heap     ] GC(229) Eden regions: 242->0(262)
[104.974s][info][gc,heap     ] GC(229) Survivor regions: 2->30(31)
[104.974s][info][gc,heap     ] GC(229) Old regions: 533->533
[104.974s][info][gc,heap     ] GC(229) Humongous regions: 7->7
[104.974s][info][gc,metaspace] GC(229) Metaspace: 18213K(18432K)->18213K(18432K) NonClass: 15551K(15680K)->15551K(15680K) Class: 2662K(2752K)->2662K(2752K)
[104.974s][info][gc          ] GC(229) Pause Young (Normal) (G1 Evacuation Pause) 784M->570M(978M) 36.932ms
[104.974s][info][gc,cpu      ] GC(229) User=0.08s Sys=0.00s Real=0.04s
[105.363s][info][gc,start    ] GC(230) Pause Young (Normal) (G1 Evacuation Pause)
[105.363s][info][gc,task     ] GC(230) Using 2 workers of 2 for evacuation
[105.469s][info][gc,phases   ] GC(230)   Pre Evacuate Collection Set: 0.52ms
[105.469s][info][gc,phases   ] GC(230)   Merge Heap Roots: 0.38ms
[105.469s][info][gc,phases   ] GC(230)   Evacuate Collection Set: 104.36ms
[105.469s][info][gc,phases   ] GC(230)   Post Evacuate Collection Set: 0.75ms
[105.469s][info][gc,phases   ] GC(230)   Other: 0.09ms
[105.469s][info][gc,heap     ] GC(230) Eden regions: 262->0(204)
[105.469s][info][gc,heap     ] GC(230) Survivor regions: 30->37(37)
[105.469s][info][gc,heap     ] GC(230) Old regions: 533->604
[105.469s][info][gc,heap     ] GC(230) Humongous regions: 7->7
[105.469s][info][gc,metaspace] GC(230) Metaspace: 18213K(18432K)->18213K(18432K) NonClass: 15551K(15680K)->15551K(15680K) Class: 2662K(2752K)->2662K(2752K)
[105.469s][info][gc          ] GC(230) Pause Young (Normal) (G1 Evacuation Pause) 832M->648M(978M) 106.434ms
[105.469s][info][gc,cpu      ] GC(230) User=0.21s Sys=0.00s Real=0.10s
[105.533s][info][gc,marking  ] GC(226) Concurrent Rebuild Remembered Sets and Scrub Regions 652.529ms
[105.533s][info][gc,start    ] GC(226) Pause Cleanup
[105.533s][info][gc          ] GC(226) Pause Cleanup 681M->681M(978M) 0.099ms
[105.533s][info][gc,cpu      ] GC(226) User=0.00s Sys=0.00s Real=0.00s
[105.533s][info][gc,marking  ] GC(226) Concurrent Clear Claimed Marks
[105.533s][info][gc,marking  ] GC(226) Concurrent Clear Claimed Marks 0.028ms
[105.533s][info][gc,marking  ] GC(226) Concurrent Cleanup for Next Mark
[105.536s][info][gc,marking  ] GC(226) Concurrent Cleanup for Next Mark 2.845ms
[105.536s][info][gc          ] GC(226) Concurrent Mark Cycle 2099.000ms
[105.818s][info][gc,start    ] GC(231) Pause Young (Prepare Mixed) (G1 Evacuation Pause)
[105.818s][info][gc,task     ] GC(231) Using 2 workers of 2 for evacuation
[105.912s][info][gc,phases   ] GC(231)   Pre Evacuate Collection Set: 0.30ms
[105.912s][info][gc,phases   ] GC(231)   Merge Heap Roots: 0.53ms
[105.912s][info][gc,phases   ] GC(231)   Evacuate Collection Set: 93.10ms
[105.912s][info][gc,phases   ] GC(231)   Post Evacuate Collection Set: 0.56ms
[105.912s][info][gc,phases   ] GC(231)   Other: 0.10ms
[105.912s][info][gc,heap     ] GC(231) Eden regions: 204->0(183)
[105.912s][info][gc,heap     ] GC(231) Survivor regions: 37->31(31)
[105.912s][info][gc,heap     ] GC(231) Old regions: 604->643
[105.912s][info][gc,heap     ] GC(231) Humongous regions: 10->10
[105.912s][info][gc,metaspace] GC(231) Metaspace: 18216K(18432K)->18216K(18432K) NonClass: 15554K(15680K)->15554K(15680K) Class: 2662K(2752K)->2662K(2752K)
[105.912s][info][gc          ] GC(231) Pause Young (Prepare Mixed) (G1 Evacuation Pause) 855M->684M(978M) 94.855ms
[105.912s][info][gc,cpu      ] GC(231) User=0.18s Sys=0.00s Real=0.10s
[106.159s][info][gc,start    ] GC(232) Pause Young (Mixed) (G1 Evacuation Pause)
[106.159s][info][gc,task     ] GC(232) Using 2 workers of 2 for evacuation
[106.255s][info][gc,phases   ] GC(232)   Pre Evacuate Collection Set: 0.33ms
[106.255s][info][gc,phases   ] GC(232)   Merge Heap Roots: 0.79ms
[106.255s][info][gc,phases   ] GC(232)   Evacuate Collection Set: 94.89ms
[106.255s][info][gc,phases   ] GC(232)   Post Evacuate Collection Set: 0.52ms
[106.255s][info][gc,phases   ] GC(232)   Other: 0.08ms
[106.255s][info][gc,heap     ] GC(232) Eden regions: 183->0(192)
[106.255s][info][gc,heap     ] GC(232) Survivor regions: 31->24(27)
[106.255s][info][gc,heap     ] GC(232) Old regions: 643->644
[106.255s][info][gc,heap     ] GC(232) Humongous regions: 10->10
[106.256s][info][gc,metaspace] GC(232) Metaspace: 18216K(18432K)->18216K(18432K) NonClass: 15554K(15680K)->15554K(15680K) Class: 2662K(2752K)->2662K(2752K)
[106.256s][info][gc          ] GC(232) Pause Young (Mixed) (G1 Evacuation Pause) 867M->678M(978M) 96.897ms
[106.256s][info][gc,cpu      ] GC(232) User=0.19s Sys=0.00s Real=0.10s
[106.446s][info][gc,start    ] GC(233) Pause Young (Concurrent Start) (G1 Evacuation Pause)
[106.446s][info][gc,task     ] GC(233) Using 2 workers of 2 for evacuation
[106.475s][info][gc,phases   ] GC(233)   Pre Evacuate Collection Set: 0.30ms
[106.475s][info][gc,phases   ] GC(233)   Merge Heap Roots: 0.19ms
[106.475s][info][gc,phases   ] GC(233)   Evacuate Collection Set: 27.16ms
[106.475s][info][gc,phases   ] GC(233)   Post Evacuate Collection Set: 0.43ms
[106.475s][info][gc,phases   ] GC(233)   Other: 0.13ms
[106.475s][info][gc,heap     ] GC(233) Eden regions: 192->0(206)
[106.475s][info][gc,heap     ] GC(233) Survivor regions: 24->1(27)
[106.475s][info][gc,heap     ] GC(233) Old regions: 644->668
[106.475s][info][gc,heap     ] GC(233) Humongous regions: 10->10
[106.475s][info][gc,metaspace] GC(233) Metaspace: 18216K(18432K)->18216K(18432K) NonClass: 15554K(15680K)->15554K(15680K) Class: 2662K(2752K)->2662K(2752K)
[106.475s][info][gc          ] GC(233) Pause Young (Concurrent Start) (G1 Evacuation Pause) 870M->679M(978M) 28.513ms
[106.475s][info][gc,cpu      ] GC(233) User=0.06s Sys=0.00s Real=0.03s
[106.475s][info][gc          ] GC(234) Concurrent Mark Cycle
[106.475s][info][gc,marking  ] GC(234) Concurrent Scan Root Regions
[106.523s][info][gc,marking  ] GC(234) Concurrent Scan Root Regions 48.452ms
[106.523s][info][gc,marking  ] GC(234) Concurrent Mark
[106.523s][info][gc,marking  ] GC(234) Concurrent Mark From Roots
[106.523s][info][gc,task     ] GC(234) Using 1 workers of 1 for marking
[106.860s][info][gc,start    ] GC(235) Pause Young (Normal) (G1 Evacuation Pause)
[106.860s][info][gc,task     ] GC(235) Using 2 workers of 2 for evacuation
[106.879s][info][gc,phases   ] GC(235)   Pre Evacuate Collection Set: 0.31ms
[106.879s][info][gc,phases   ] GC(235)   Merge Heap Roots: 0.18ms
[106.879s][info][gc,phases   ] GC(235)   Evacuate Collection Set: 18.21ms
[106.879s][info][gc,phases   ] GC(235)   Post Evacuate Collection Set: 0.40ms
[106.879s][info][gc,phases   ] GC(235)   Other: 0.11ms
[106.879s][info][gc,heap     ] GC(235) Eden regions: 206->0(203)
[106.879s][info][gc,heap     ] GC(235) Survivor regions: 1->15(26)
[106.879s][info][gc,heap     ] GC(235) Old regions: 668->668
[106.879s][info][gc,heap     ] GC(235) Humongous regions: 10->10
[106.879s][info][gc,metaspace] GC(235) Metaspace: 18217K(18432K)->18217K(18432K) NonClass: 15555K(15680K)->15555K(15680K) Class: 2662K(2752K)->2662K(2752K)
[106.879s][info][gc          ] GC(235) Pause Young (Normal) (G1 Evacuation Pause) 885M->692M(978M) 19.421ms
[106.879s][info][gc,cpu      ] GC(235) User=0.04s Sys=0.00s Real=0.02s
[107.546s][info][gc,start    ] GC(236) Pause Young (Normal) (G1 Evacuation Pause)
[107.546s][info][gc,task     ] GC(236) Using 2 workers of 2 for evacuation
[107.582s][info][gc,phases   ] GC(236)   Pre Evacuate Collection Set: 0.31ms
[107.582s][info][gc,phases   ] GC(236)   Merge Heap Roots: 0.24ms
[107.582s][info][gc,phases   ] GC(236)   Evacuate Collection Set: 35.16ms
[107.582s][info][gc,phases   ] GC(236)   Post Evacuate Collection Set: 0.45ms
[107.582s][info][gc,phases   ] GC(236)   Other: 0.10ms
[107.582s][info][gc,heap     ] GC(236) Eden regions: 203->0(191)
[107.582s][info][gc,heap     ] GC(236) Survivor regions: 15->28(28)
[107.582s][info][gc,heap     ] GC(236) Old regions: 668->671
[107.582s][info][gc,heap     ] GC(236) Humongous regions: 10->10
[107.582s][info][gc,metaspace] GC(236) Metaspace: 18217K(18432K)->18217K(18432K) NonClass: 15555K(15680K)->15555K(15680K) Class: 2662K(2752K)->2662K(2752K)
[107.582s][info][gc          ] GC(236) Pause Young (Normal) (G1 Evacuation Pause) 895M->709M(978M) 36.512ms
[107.582s][info][gc,cpu      ] GC(236) User=0.07s Sys=0.00s Real=0.04s
[108.012s][info][gc,marking  ] GC(234) Concurrent Mark From Roots 1488.955ms
[108.012s][info][gc,marking  ] GC(234) Concurrent Preclean
[108.012s][info][gc,marking  ] GC(234) Concurrent Preclean 0.028ms
[108.013s][info][gc,start    ] GC(234) Pause Remark
[108.019s][info][gc          ] GC(234) Pause Remark 839M->713M(978M) 6.858ms
[108.020s][info][gc,cpu      ] GC(234) User=0.01s Sys=0.00s Real=0.00s
[108.020s][info][gc,marking  ] GC(234) Concurrent Mark 1496.966ms
[108.020s][info][gc,marking  ] GC(234) Concurrent Rebuild Remembered Sets and Scrub Regions
[108.255s][info][gc,start    ] GC(237) Pause Young (Normal) (G1 Evacuation Pause)
[108.255s][info][gc,task     ] GC(237) Using 2 workers of 2 for evacuation
[108.285s][info][gc,phases   ] GC(237)   Pre Evacuate Collection Set: 0.54ms
[108.285s][info][gc,phases   ] GC(237)   Merge Heap Roots: 0.17ms
[108.285s][info][gc,phases   ] GC(237)   Evacuate Collection Set: 29.10ms
[108.285s][info][gc,phases   ] GC(237)   Post Evacuate Collection Set: 0.39ms
[108.285s][info][gc,phases   ] GC(237)   Other: 0.08ms
[108.286s][info][gc,heap     ] GC(237) Eden regions: 191->0(291)
[108.286s][info][gc,heap     ] GC(237) Survivor regions: 28->1(28)
[108.286s][info][gc,heap     ] GC(237) Old regions: 549->578
[108.286s][info][gc,heap     ] GC(237) Humongous regions: 6->6
[108.286s][info][gc,metaspace] GC(237) Metaspace: 18217K(18432K)->18217K(18432K) NonClass: 15555K(15680K)->15555K(15680K) Class: 2662K(2752K)->2662K(2752K)
[108.286s][info][gc          ] GC(237) Pause Young (Normal) (G1 Evacuation Pause) 774M->584M(978M) 30.504ms
[108.286s][info][gc,cpu      ] GC(237) User=0.06s Sys=0.00s Real=0.03s
[108.584s][info][gc,marking  ] GC(234) Concurrent Rebuild Remembered Sets and Scrub Regions 563.604ms
[108.584s][info][gc,start    ] GC(234) Pause Cleanup
[108.584s][info][gc          ] GC(234) Pause Cleanup 684M->684M(978M) 0.145ms
[108.584s][info][gc,cpu      ] GC(234) User=0.00s Sys=0.00s Real=0.00s
[108.584s][info][gc,marking  ] GC(234) Concurrent Clear Claimed Marks
[108.584s][info][gc,marking  ] GC(234) Concurrent Clear Claimed Marks 0.034ms
[108.584s][info][gc,marking  ] GC(234) Concurrent Cleanup for Next Mark
[108.587s][info][gc,marking  ] GC(234) Concurrent Cleanup for Next Mark 2.885ms
[108.587s][info][gc          ] GC(234) Concurrent Mark Cycle 2112.560ms
[109.019s][info][gc,start    ] GC(238) Pause Young (Prepare Mixed) (G1 Evacuation Pause)
[109.019s][info][gc,task     ] GC(238) Using 2 workers of 2 for evacuation
[109.032s][info][gc,phases   ] GC(238)   Pre Evacuate Collection Set: 0.50ms
[109.032s][info][gc,phases   ] GC(238)   Merge Heap Roots: 0.42ms
[109.032s][info][gc,phases   ] GC(238)   Evacuate Collection Set: 11.77ms
[109.032s][info][gc,phases   ] GC(238)   Post Evacuate Collection Set: 0.46ms
[109.032s][info][gc,phases   ] GC(238)   Other: 0.08ms
[109.032s][info][gc,heap     ] GC(238) Eden regions: 291->0(307)
[109.032s][info][gc,heap     ] GC(238) Survivor regions: 1->1(37)
[109.032s][info][gc,heap     ] GC(238) Old regions: 578->578
[109.032s][info][gc,heap     ] GC(238) Humongous regions: 6->6
[109.032s][info][gc,metaspace] GC(238) Metaspace: 18223K(18432K)->18223K(18432K) NonClass: 15561K(15680K)->15561K(15680K) Class: 2662K(2752K)->2662K(2752K)
[109.032s][info][gc          ] GC(238) Pause Young (Prepare Mixed) (G1 Evacuation Pause) 875M->584M(978M) 13.435ms
[109.032s][info][gc,cpu      ] GC(238) User=0.02s Sys=0.00s Real=0.02s
[109.359s][info][gc,start    ] GC(239) Pause Young (Mixed) (G1 Evacuation Pause)
[109.359s][info][gc,task     ] GC(239) Using 2 workers of 2 for evacuation
[109.427s][info][gc,phases   ] GC(239)   Pre Evacuate Collection Set: 0.29ms
[109.427s][info][gc,phases   ] GC(239)   Merge Heap Roots: 0.13ms
[109.427s][info][gc,phases   ] GC(239)   Evacuate Collection Set: 66.95ms
[109.427s][info][gc,phases   ] GC(239)   Post Evacuate Collection Set: 0.76ms
[109.427s][info][gc,phases   ] GC(239)   Other: 0.09ms
[109.427s][info][gc,heap     ] GC(239) Eden regions: 307->0(248)
[109.427s][info][gc,heap     ] GC(239) Survivor regions: 1->39(39)
[109.427s][info][gc,heap     ] GC(239) Old regions: 578->590
[109.427s][info][gc,heap     ] GC(239) Humongous regions: 6->6
[109.427s][info][gc,metaspace] GC(239) Metaspace: 18224K(18432K)->18224K(18432K) NonClass: 15562K(15680K)->15562K(15680K) Class: 2662K(2752K)->2662K(2752K)
[109.427s][info][gc          ] GC(239) Pause Young (Mixed) (G1 Evacuation Pause) 891M->634M(978M) 68.488ms
[109.427s][info][gc,cpu      ] GC(239) User=0.14s Sys=0.00s Real=0.07s
[109.549s][info][gc,start    ] GC(240) Pause Young (Concurrent Start) (G1 Humongous Allocation)
[109.549s][info][gc,task     ] GC(240) Using 2 workers of 2 for evacuation
[109.604s][info][gc,phases   ] GC(240)   Pre Evacuate Collection Set: 0.33ms
[109.604s][info][gc,phases   ] GC(240)   Merge Heap Roots: 0.45ms
[109.604s][info][gc,phases   ] GC(240)   Evacuate Collection Set: 53.85ms
[109.604s][info][gc,phases   ] GC(240)   Post Evacuate Collection Set: 0.44ms
[109.604s][info][gc,phases   ] GC(240)   Other: 0.10ms
[109.604s][info][gc,heap     ] GC(240) Eden regions: 83->0(252)
[109.604s][info][gc,heap     ] GC(240) Survivor regions: 39->7(36)
[109.604s][info][gc,heap     ] GC(240) Old regions: 590->629
[109.604s][info][gc,heap     ] GC(240) Humongous regions: 6->6
[109.604s][info][gc,metaspace] GC(240) Metaspace: 18224K(18432K)->18224K(18432K) NonClass: 15562K(15680K)->15562K(15680K) Class: 2662K(2752K)->2662K(2752K)
[109.604s][info][gc          ] GC(240) Pause Young (Concurrent Start) (G1 Humongous Allocation) 717M->641M(978M) 55.454ms
[109.604s][info][gc,cpu      ] GC(240) User=0.11s Sys=0.00s Real=0.06s
[109.604s][info][gc          ] GC(241) Concurrent Mark Cycle
[109.604s][info][gc,marking  ] GC(241) Concurrent Scan Root Regions
[109.657s][info][gc,marking  ] GC(241) Concurrent Scan Root Regions 52.999ms
[109.657s][info][gc,marking  ] GC(241) Concurrent Mark
[109.657s][info][gc,marking  ] GC(241) Concurrent Mark From Roots
[109.657s][info][gc,task     ] GC(241) Using 1 workers of 1 for marking
[110.072s][info][gc,start    ] GC(242) Pause Young (Normal) (G1 Evacuation Pause)
[110.072s][info][gc,task     ] GC(242) Using 2 workers of 2 for evacuation
[110.145s][info][gc,phases   ] GC(242)   Pre Evacuate Collection Set: 0.30ms
[110.145s][info][gc,phases   ] GC(242)   Merge Heap Roots: 0.33ms
[110.145s][info][gc,phases   ] GC(242)   Evacuate Collection Set: 72.33ms
[110.145s][info][gc,phases   ] GC(242)   Post Evacuate Collection Set: 0.57ms
[110.145s][info][gc,phases   ] GC(242)   Other: 0.08ms
[110.145s][info][gc,heap     ] GC(242) Eden regions: 252->0(201)
[110.145s][info][gc,heap     ] GC(242) Survivor regions: 7->33(33)
[110.145s][info][gc,heap     ] GC(242) Old regions: 629->652
[110.145s][info][gc,heap     ] GC(242) Humongous regions: 9->9
[110.145s][info][gc,metaspace] GC(242) Metaspace: 18224K(18432K)->18224K(18432K) NonClass: 15562K(15680K)->15562K(15680K) Class: 2662K(2752K)->2662K(2752K)
[110.145s][info][gc          ] GC(242) Pause Young (Normal) (G1 Evacuation Pause) 896M->694M(978M) 73.888ms
[110.145s][info][gc,cpu      ] GC(242) User=0.15s Sys=0.00s Real=0.07s
[110.468s][info][gc,start    ] GC(243) Pause Young (Normal) (G1 Evacuation Pause)
[110.468s][info][gc,task     ] GC(243) Using 2 workers of 2 for evacuation
[110.518s][info][gc,phases   ] GC(243)   Pre Evacuate Collection Set: 0.50ms
[110.518s][info][gc,phases   ] GC(243)   Merge Heap Roots: 0.41ms
[110.518s][info][gc,phases   ] GC(243)   Evacuate Collection Set: 48.68ms
[110.518s][info][gc,phases   ] GC(243)   Post Evacuate Collection Set: 0.42ms
[110.518s][info][gc,phases   ] GC(243)   Other: 0.10ms
[110.518s][info][gc,heap     ] GC(243) Eden regions: 201->0(213)
[110.518s][info][gc,heap     ] GC(243) Survivor regions: 33->1(30)
[110.518s][info][gc,heap     ] GC(243) Old regions: 652->686
[110.518s][info][gc,heap     ] GC(243) Humongous regions: 9->9
[110.518s][info][gc,metaspace] GC(243) Metaspace: 18224K(18432K)->18224K(18432K) NonClass: 15562K(15680K)->15562K(15680K) Class: 2662K(2752K)->2662K(2752K)
[110.518s][info][gc          ] GC(243) Pause Young (Normal) (G1 Evacuation Pause) 895M->695M(978M) 50.366ms
[110.518s][info][gc,cpu      ] GC(243) User=0.10s Sys=0.00s Real=0.05s
[110.906s][info][gc,start    ] GC(244) Pause Young (Normal) (G1 Evacuation Pause)
[110.907s][info][gc,task     ] GC(244) Using 2 workers of 2 for evacuation
[110.940s][info][gc,phases   ] GC(244)   Pre Evacuate Collection Set: 0.30ms
[110.940s][info][gc,phases   ] GC(244)   Merge Heap Roots: 0.52ms
[110.940s][info][gc,phases   ] GC(244)   Evacuate Collection Set: 31.81ms
[110.940s][info][gc,phases   ] GC(244)   Post Evacuate Collection Set: 0.45ms
[110.940s][info][gc,phases   ] GC(244)   Other: 0.10ms
[110.940s][info][gc,heap     ] GC(244) Eden regions: 213->0(205)
[110.940s][info][gc,heap     ] GC(244) Survivor regions: 1->14(27)
[110.940s][info][gc,heap     ] GC(244) Old regions: 686->686
[110.940s][info][gc,heap     ] GC(244) Humongous regions: 9->9
[110.940s][info][gc,metaspace] GC(244) Metaspace: 18224K(18432K)->18224K(18432K) NonClass: 15562K(15680K)->15562K(15680K) Class: 2662K(2752K)->2662K(2752K)
[110.940s][info][gc          ] GC(244) Pause Young (Normal) (G1 Evacuation Pause) 908M->708M(978M) 33.412ms
[110.940s][info][gc,cpu      ] GC(244) User=0.07s Sys=0.00s Real=0.03s
[111.418s][info][gc,start    ] GC(245) Pause Young (Normal) (G1 Evacuation Pause)
[111.419s][info][gc,task     ] GC(245) Using 2 workers of 2 for evacuation
[111.467s][info][gc,phases   ] GC(245)   Pre Evacuate Collection Set: 0.31ms
[111.467s][info][gc,phases   ] GC(245)   Merge Heap Roots: 0.28ms
[111.467s][info][gc,phases   ] GC(245)   Evacuate Collection Set: 47.65ms
[111.467s][info][gc,phases   ] GC(245)   Post Evacuate Collection Set: 0.46ms
[111.467s][info][gc,phases   ] GC(245)   Other: 0.10ms
[111.467s][info][gc,heap     ] GC(245) Eden regions: 205->0(162)
[111.467s][info][gc,heap     ] GC(245) Survivor regions: 14->28(28)
[111.467s][info][gc,heap     ] GC(245) Old regions: 686->701
[111.467s][info][gc,heap     ] GC(245) Humongous regions: 9->9
[111.467s][info][gc,metaspace] GC(245) Metaspace: 18225K(18432K)->18225K(18432K) NonClass: 15563K(15680K)->15563K(15680K) Class: 2662K(2752K)->2662K(2752K)
[111.467s][info][gc          ] GC(245) Pause Young (Normal) (G1 Evacuation Pause) 913M->737M(978M) 49.042ms
[111.467s][info][gc,cpu      ] GC(245) User=0.10s Sys=0.00s Real=0.05s
[111.621s][info][gc,marking  ] GC(241) Concurrent Mark From Roots 1963.393ms
[111.621s][info][gc,marking  ] GC(241) Concurrent Preclean
[111.621s][info][gc,marking  ] GC(241) Concurrent Preclean 0.030ms
[111.621s][info][gc,start    ] GC(241) Pause Remark
[111.628s][info][gc          ] GC(241) Pause Remark 817M->802M(978M) 6.596ms
[111.628s][info][gc,cpu      ] GC(241) User=0.02s Sys=0.00s Real=0.00s
[111.628s][info][gc,marking  ] GC(241) Concurrent Mark 1970.325ms
[111.628s][info][gc,marking  ] GC(241) Concurrent Rebuild Remembered Sets and Scrub Regions
[111.798s][info][gc,start    ] GC(246) Pause Young (Normal) (G1 Evacuation Pause)
[111.798s][info][gc,task     ] GC(246) Using 2 workers of 2 for evacuation
[111.850s][info][gc,phases   ] GC(246)   Pre Evacuate Collection Set: 0.28ms
[111.850s][info][gc,phases   ] GC(246)   Merge Heap Roots: 0.21ms
[111.850s][info][gc,phases   ] GC(246)   Evacuate Collection Set: 50.78ms
[111.850s][info][gc,phases   ] GC(246)   Post Evacuate Collection Set: 0.56ms
[111.850s][info][gc,phases   ] GC(246)   Other: 0.07ms
[111.850s][info][gc,heap     ] GC(246) Eden regions: 162->0(157)
[111.850s][info][gc,heap     ] GC(246) Survivor regions: 28->24(24)
[111.850s][info][gc,heap     ] GC(246) Old regions: 686->714
[111.850s][info][gc,heap     ] GC(246) Humongous regions: 9->9
[111.850s][info][gc,metaspace] GC(246) Metaspace: 18226K(18432K)->18226K(18432K) NonClass: 15564K(15680K)->15564K(15680K) Class: 2662K(2752K)->2662K(2752K)
[111.850s][info][gc          ] GC(246) Pause Young (Normal) (G1 Evacuation Pause) 884M->747M(978M) 52.118ms
[111.850s][info][gc,cpu      ] GC(246) User=0.10s Sys=0.00s Real=0.05s
[112.153s][info][gc,start    ] GC(247) Pause Young (Normal) (G1 Evacuation Pause)
[112.154s][info][gc,task     ] GC(247) Using 2 workers of 2 for evacuation
[112.206s][info][gc,phases   ] GC(247)   Pre Evacuate Collection Set: 0.49ms
[112.206s][info][gc,phases   ] GC(247)   Merge Heap Roots: 0.67ms
[112.206s][info][gc,phases   ] GC(247)   Evacuate Collection Set: 50.21ms
[112.206s][info][gc,phases   ] GC(247)   Post Evacuate Collection Set: 0.59ms
[112.206s][info][gc,phases   ] GC(247)   Other: 0.08ms
[112.206s][info][gc,heap     ] GC(247) Eden regions: 157->0(153)
[112.206s][info][gc,heap     ] GC(247) Survivor regions: 24->17(23)
[112.206s][info][gc,heap     ] GC(247) Old regions: 714->732
[112.206s][info][gc,heap     ] GC(247) Humongous regions: 9->9
[112.206s][info][gc,metaspace] GC(247) Metaspace: 18227K(18432K)->18227K(18432K) NonClass: 15564K(15680K)->15564K(15680K) Class: 2662K(2752K)->2662K(2752K)
[112.206s][info][gc          ] GC(247) Pause Young (Normal) (G1 Evacuation Pause) 904M->758M(978M) 52.275ms
[112.206s][info][gc,cpu      ] GC(247) User=0.10s Sys=0.00s Real=0.05s
[112.503s][info][gc,start    ] GC(248) Pause Young (Normal) (G1 Evacuation Pause)
[112.503s][info][gc,task     ] GC(248) Using 2 workers of 2 for evacuation
[112.545s][info][gc,phases   ] GC(248)   Pre Evacuate Collection Set: 0.30ms
[112.545s][info][gc,phases   ] GC(248)   Merge Heap Roots: 0.49ms
[112.545s][info][gc,phases   ] GC(248)   Evacuate Collection Set: 40.86ms
[112.545s][info][gc,phases   ] GC(248)   Post Evacuate Collection Set: 0.59ms
[112.546s][info][gc,phases   ] GC(248)   Other: 0.11ms
[112.546s][info][gc,heap     ] GC(248) Eden regions: 153->0(160)
[112.546s][info][gc,heap     ] GC(248) Survivor regions: 17->5(22)
[112.546s][info][gc,heap     ] GC(248) Old regions: 732->749
[112.546s][info][gc,heap     ] GC(248) Humongous regions: 9->9
[112.546s][info][gc,metaspace] GC(248) Metaspace: 18229K(18432K)->18229K(18432K) NonClass: 15567K(15680K)->15567K(15680K) Class: 2662K(2752K)->2662K(2752K)
[112.546s][info][gc          ] GC(248) Pause Young (Normal) (G1 Evacuation Pause) 911M->763M(978M) 42.617ms
[112.546s][info][gc,cpu      ] GC(248) User=0.09s Sys=0.00s Real=0.04s
[112.764s][info][gc,marking  ] GC(241) Concurrent Rebuild Remembered Sets and Scrub Regions 1136.612ms
[112.765s][info][gc,start    ] GC(241) Pause Cleanup
[112.765s][info][gc          ] GC(241) Pause Cleanup 818M->818M(978M) 0.117ms
[112.765s][info][gc,cpu      ] GC(241) User=0.00s Sys=0.00s Real=0.00s
[112.766s][info][gc,marking  ] GC(241) Concurrent Clear Claimed Marks
[112.766s][info][gc,marking  ] GC(241) Concurrent Clear Claimed Marks 0.054ms
[112.766s][info][gc,marking  ] GC(241) Concurrent Cleanup for Next Mark
[112.771s][info][gc,marking  ] GC(241) Concurrent Cleanup for Next Mark 4.873ms
[112.771s][info][gc          ] GC(241) Concurrent Mark Cycle 3167.014ms
[112.972s][info][gc,start    ] GC(249) Pause Young (Prepare Mixed) (G1 Evacuation Pause)
[112.972s][info][gc,task     ] GC(249) Using 2 workers of 2 for evacuation
[112.997s][info][gc,phases   ] GC(249)   Pre Evacuate Collection Set: 0.31ms
[112.997s][info][gc,phases   ] GC(249)   Merge Heap Roots: 0.45ms
[112.997s][info][gc,phases   ] GC(249)   Evacuate Collection Set: 23.17ms
[112.997s][info][gc,phases   ] GC(249)   Post Evacuate Collection Set: 0.56ms
[112.997s][info][gc,phases   ] GC(249)   Other: 0.10ms
[112.997s][info][gc,heap     ] GC(249) Eden regions: 160->0(156)
[112.997s][info][gc,heap     ] GC(249) Survivor regions: 5->7(21)
[112.997s][info][gc,heap     ] GC(249) Old regions: 749->749
[112.997s][info][gc,heap     ] GC(249) Humongous regions: 9->9
[112.997s][info][gc,metaspace] GC(249) Metaspace: 18229K(18432K)->18229K(18432K) NonClass: 15567K(15680K)->15567K(15680K) Class: 2662K(2752K)->2662K(2752K)
[112.997s][info][gc          ] GC(249) Pause Young (Prepare Mixed) (G1 Evacuation Pause) 923M->764M(978M) 24.832ms
[112.997s][info][gc,cpu      ] GC(249) User=0.05s Sys=0.00s Real=0.02s
[113.196s][info][gc,start    ] GC(250) Pause Young (Mixed) (G1 Evacuation Pause)
[113.196s][info][gc,task     ] GC(250) Using 2 workers of 2 for evacuation
[113.284s][info][gc,phases   ] GC(250)   Pre Evacuate Collection Set: 0.56ms
[113.284s][info][gc,phases   ] GC(250)   Merge Heap Roots: 1.44ms
[113.284s][info][gc,phases   ] GC(250)   Evacuate Collection Set: 84.76ms
[113.284s][info][gc,phases   ] GC(250)   Post Evacuate Collection Set: 1.00ms
[113.284s][info][gc,phases   ] GC(250)   Other: 0.08ms
[113.284s][info][gc,heap     ] GC(250) Eden regions: 156->0(27)
[113.284s][info][gc,heap     ] GC(250) Survivor regions: 7->21(21)
[113.284s][info][gc,heap     ] GC(250) Old regions: 749->739
[113.284s][info][gc,heap     ] GC(250) Humongous regions: 9->9
[113.284s][info][gc,metaspace] GC(250) Metaspace: 18230K(18432K)->18230K(18432K) NonClass: 15568K(15680K)->15568K(15680K) Class: 2662K(2752K)->2662K(2752K)
[113.284s][info][gc          ] GC(250) Pause Young (Mixed) (G1 Evacuation Pause) 920M->768M(978M) 88.091ms
[113.284s][info][gc,cpu      ] GC(250) User=0.18s Sys=0.00s Real=0.09s
[113.352s][info][gc,start    ] GC(251) Pause Young (Mixed) (G1 Evacuation Pause)
[113.352s][info][gc,task     ] GC(251) Using 2 workers of 2 for evacuation
[113.538s][info][gc,phases   ] GC(251)   Pre Evacuate Collection Set: 0.52ms
[113.538s][info][gc,phases   ] GC(251)   Merge Heap Roots: 1.48ms
[113.538s][info][gc,phases   ] GC(251)   Evacuate Collection Set: 183.61ms
[113.538s][info][gc,phases   ] GC(251)   Post Evacuate Collection Set: 0.29ms
[113.538s][info][gc,phases   ] GC(251)   Other: 0.08ms
[113.538s][info][gc,heap     ] GC(251) Eden regions: 27->0(159)
[113.538s][info][gc,heap     ] GC(251) Survivor regions: 21->1(6)
[113.538s][info][gc,heap     ] GC(251) Old regions: 739->758
[113.538s][info][gc,heap     ] GC(251) Humongous regions: 9->9
[113.538s][info][gc,metaspace] GC(251) Metaspace: 18230K(18432K)->18230K(18432K) NonClass: 15568K(15680K)->15568K(15680K) Class: 2662K(2752K)->2662K(2752K)
[113.538s][info][gc          ] GC(251) Pause Young (Mixed) (G1 Evacuation Pause) 795M->768M(978M) 186.260ms
[113.538s][info][gc,cpu      ] GC(251) User=0.37s Sys=0.00s Real=0.18s
[113.654s][info][gc,start    ] GC(252) Pause Young (Concurrent Start) (G1 Evacuation Pause)
[113.654s][info][gc,task     ] GC(252) Using 2 workers of 2 for evacuation
[113.701s][info][gc,phases   ] GC(252)   Pre Evacuate Collection Set: 0.31ms
[113.701s][info][gc,phases   ] GC(252)   Merge Heap Roots: 0.07ms
[113.701s][info][gc,phases   ] GC(252)   Evacuate Collection Set: 45.54ms
[113.701s][info][gc,phases   ] GC(252)   Post Evacuate Collection Set: 1.15ms
[113.701s][info][gc,phases   ] GC(252)   Other: 0.08ms
[113.701s][info][gc,heap     ] GC(252) Eden regions: 159->0(82)
[113.701s][info][gc,heap     ] GC(252) Survivor regions: 1->20(20)
[113.701s][info][gc,heap     ] GC(252) Old regions: 758->797
[113.701s][info][gc,heap     ] GC(252) Humongous regions: 9->9
[113.701s][info][gc,metaspace] GC(252) Metaspace: 18231K(18432K)->18231K(18432K) NonClass: 15569K(15680K)->15569K(15680K) Class: 2662K(2752K)->2662K(2752K)
[113.701s][info][gc          ] GC(252) Pause Young (Concurrent Start) (G1 Evacuation Pause) (Evacuation Failure: Allocation) 927M->826M(978M) 47.377ms
[113.701s][info][gc,cpu      ] GC(252) User=0.09s Sys=0.00s Real=0.05s
[113.701s][info][gc          ] GC(253) Concurrent Mark Cycle
[113.701s][info][gc,marking  ] GC(253) Concurrent Scan Root Regions
[113.747s][info][gc,marking  ] GC(253) Concurrent Scan Root Regions 45.330ms
[113.747s][info][gc,marking  ] GC(253) Concurrent Mark
[113.747s][info][gc,marking  ] GC(253) Concurrent Mark From Roots
[113.747s][info][gc,task     ] GC(253) Using 1 workers of 1 for marking
[113.934s][info][gc,start    ] GC(254) Pause Young (Normal) (G1 Evacuation Pause)
[113.934s][info][gc,task     ] GC(254) Using 2 workers of 2 for evacuation
[113.977s][info][gc,phases   ] GC(254)   Pre Evacuate Collection Set: 0.31ms
[113.977s][info][gc,phases   ] GC(254)   Merge Heap Roots: 0.42ms
[113.977s][info][gc,phases   ] GC(254)   Evacuate Collection Set: 41.37ms
[113.977s][info][gc,phases   ] GC(254)   Post Evacuate Collection Set: 0.36ms
[113.977s][info][gc,phases   ] GC(254)   Other: 0.09ms
[113.977s][info][gc,heap     ] GC(254) Eden regions: 82->0(76)
[113.977s][info][gc,heap     ] GC(254) Survivor regions: 20->13(13)
[113.977s][info][gc,heap     ] GC(254) Old regions: 797->817
[113.977s][info][gc,heap     ] GC(254) Humongous regions: 9->9
[113.977s][info][gc,metaspace] GC(254) Metaspace: 18232K(18432K)->18232K(18432K) NonClass: 15570K(15680K)->15570K(15680K) Class: 2662K(2752K)->2662K(2752K)
[113.977s][info][gc          ] GC(254) Pause Young (Normal) (G1 Evacuation Pause) 908M->839M(978M) 42.802ms
[113.977s][info][gc,cpu      ] GC(254) User=0.08s Sys=0.00s Real=0.04s
[114.091s][info][gc,start    ] GC(255) Pause Young (Normal) (G1 Evacuation Pause)
[114.092s][info][gc,task     ] GC(255) Using 2 workers of 2 for evacuation
[114.108s][info][gc,phases   ] GC(255)   Pre Evacuate Collection Set: 0.49ms
[114.108s][info][gc,phases   ] GC(255)   Merge Heap Roots: 0.16ms
[114.108s][info][gc,phases   ] GC(255)   Evacuate Collection Set: 15.83ms
[114.108s][info][gc,phases   ] GC(255)   Post Evacuate Collection Set: 0.35ms
[114.108s][info][gc,phases   ] GC(255)   Other: 0.08ms
[114.108s][info][gc,heap     ] GC(255) Eden regions: 76->0(82)
[114.109s][info][gc,heap     ] GC(255) Survivor regions: 13->3(12)
[114.109s][info][gc,heap     ] GC(255) Old regions: 817->831
[114.109s][info][gc,heap     ] GC(255) Humongous regions: 9->9
[114.109s][info][gc,metaspace] GC(255) Metaspace: 18232K(18432K)->18232K(18432K) NonClass: 15570K(15680K)->15570K(15680K) Class: 2662K(2752K)->2662K(2752K)
[114.109s][info][gc          ] GC(255) Pause Young (Normal) (G1 Evacuation Pause) 915M->842M(978M) 17.140ms
[114.109s][info][gc,cpu      ] GC(255) User=0.04s Sys=0.00s Real=0.01s
[114.280s][info][gc,start    ] GC(256) Pause Young (Normal) (G1 Evacuation Pause)
[114.280s][info][gc,task     ] GC(256) Using 2 workers of 2 for evacuation
[114.296s][info][gc,phases   ] GC(256)   Pre Evacuate Collection Set: 0.29ms
[114.296s][info][gc,phases   ] GC(256)   Merge Heap Roots: 0.25ms
[114.296s][info][gc,phases   ] GC(256)   Evacuate Collection Set: 14.76ms
[114.296s][info][gc,phases   ] GC(256)   Post Evacuate Collection Set: 0.38ms
[114.296s][info][gc,phases   ] GC(256)   Other: 0.09ms
[114.296s][info][gc,heap     ] GC(256) Eden regions: 82->0(76)
[114.296s][info][gc,heap     ] GC(256) Survivor regions: 3->6(11)
[114.296s][info][gc,heap     ] GC(256) Old regions: 831->831
[114.296s][info][gc,heap     ] GC(256) Humongous regions: 9->9
[114.296s][info][gc,metaspace] GC(256) Metaspace: 18232K(18432K)->18232K(18432K) NonClass: 15570K(15680K)->15570K(15680K) Class: 2662K(2752K)->2662K(2752K)
[114.296s][info][gc          ] GC(256) Pause Young (Normal) (G1 Evacuation Pause) 924M->845M(978M) 16.032ms
[114.296s][info][gc,cpu      ] GC(256) User=0.03s Sys=0.00s Real=0.02s
[114.451s][info][gc,start    ] GC(257) Pause Young (Normal) (G1 Evacuation Pause)
[114.451s][info][gc,task     ] GC(257) Using 2 workers of 2 for evacuation
[114.499s][info][gc,phases   ] GC(257)   Pre Evacuate Collection Set: 0.28ms
[114.499s][info][gc,phases   ] GC(257)   Merge Heap Roots: 0.29ms
[114.499s][info][gc,phases   ] GC(257)   Evacuate Collection Set: 47.41ms
[114.499s][info][gc,phases   ] GC(257)   Post Evacuate Collection Set: 0.47ms
[114.499s][info][gc,phases   ] GC(257)   Other: 0.11ms
[114.499s][info][gc,heap     ] GC(257) Eden regions: 76->0(43)
[114.499s][info][gc,heap     ] GC(257) Survivor regions: 6->11(11)
[114.499s][info][gc,heap     ] GC(257) Old regions: 831->851
[114.499s][info][gc,heap     ] GC(257) Humongous regions: 12->12
[114.499s][info][gc,metaspace] GC(257) Metaspace: 18232K(18432K)->18232K(18432K) NonClass: 15570K(15680K)->15570K(15680K) Class: 2662K(2752K)->2662K(2752K)
[114.500s][info][gc          ] GC(257) Pause Young (Normal) (G1 Evacuation Pause) 924M->874M(978M) 48.806ms
[114.500s][info][gc,cpu      ] GC(257) User=0.09s Sys=0.00s Real=0.04s
[114.561s][info][gc,start    ] GC(258) Pause Young (Normal) (G1 Evacuation Pause)
[114.562s][info][gc,task     ] GC(258) Using 2 workers of 2 for evacuation
[114.596s][info][gc,phases   ] GC(258)   Pre Evacuate Collection Set: 0.28ms
[114.596s][info][gc,phases   ] GC(258)   Merge Heap Roots: 0.32ms
[114.596s][info][gc,phases   ] GC(258)   Evacuate Collection Set: 33.39ms
[114.596s][info][gc,phases   ] GC(258)   Post Evacuate Collection Set: 0.28ms
[114.596s][info][gc,phases   ] GC(258)   Other: 0.10ms
[114.596s][info][gc,heap     ] GC(258) Eden regions: 43->0(41)
[114.596s][info][gc,heap     ] GC(258) Survivor regions: 11->7(7)
[114.596s][info][gc,heap     ] GC(258) Old regions: 851->863
[114.596s][info][gc,heap     ] GC(258) Humongous regions: 12->12
[114.596s][info][gc,metaspace] GC(258) Metaspace: 18232K(18432K)->18232K(18432K) NonClass: 15570K(15680K)->15570K(15680K) Class: 2662K(2752K)->2662K(2752K)
[114.596s][info][gc          ] GC(258) Pause Young (Normal) (G1 Evacuation Pause) 917M->882M(978M) 34.600ms
[114.596s][info][gc,cpu      ] GC(258) User=0.07s Sys=0.00s Real=0.03s
[114.657s][info][gc,start    ] GC(259) Pause Young (Normal) (G1 Evacuation Pause)
[114.657s][info][gc,task     ] GC(259) Using 2 workers of 2 for evacuation
[114.676s][info][gc,phases   ] GC(259)   Pre Evacuate Collection Set: 0.28ms
[114.676s][info][gc,phases   ] GC(259)   Merge Heap Roots: 0.11ms
[114.676s][info][gc,phases   ] GC(259)   Evacuate Collection Set: 17.95ms
[114.676s][info][gc,phases   ] GC(259)   Post Evacuate Collection Set: 0.25ms
[114.676s][info][gc,phases   ] GC(259)   Other: 0.09ms
[114.676s][info][gc,heap     ] GC(259) Eden regions: 41->0(42)
[114.676s][info][gc,heap     ] GC(259) Survivor regions: 7->6(6)
[114.676s][info][gc,heap     ] GC(259) Old regions: 863->873
[114.676s][info][gc,heap     ] GC(259) Humongous regions: 12->12
[114.676s][info][gc,metaspace] GC(259) Metaspace: 18232K(18432K)->18232K(18432K) NonClass: 15570K(15680K)->15570K(15680K) Class: 2662K(2752K)->2662K(2752K)
[114.676s][info][gc          ] GC(259) Pause Young (Normal) (G1 Evacuation Pause) 923M->890M(978M) 18.926ms
[114.676s][info][gc,cpu      ] GC(259) User=0.04s Sys=0.00s Real=0.02s
[114.766s][info][gc,start    ] GC(260) Pause Young (Normal) (G1 Evacuation Pause)
[114.766s][info][gc,task     ] GC(260) Using 2 workers of 2 for evacuation
[114.781s][info][gc,phases   ] GC(260)   Pre Evacuate Collection Set: 0.29ms
[114.781s][info][gc,phases   ] GC(260)   Merge Heap Roots: 0.13ms
[114.781s][info][gc,phases   ] GC(260)   Evacuate Collection Set: 14.46ms
[114.781s][info][gc,phases   ] GC(260)   Post Evacuate Collection Set: 0.25ms
[114.781s][info][gc,phases   ] GC(260)   Other: 0.10ms
[114.781s][info][gc,heap     ] GC(260) Eden regions: 42->0(42)
[114.781s][info][gc,heap     ] GC(260) Survivor regions: 6->6(6)
[114.781s][info][gc,heap     ] GC(260) Old regions: 873->879
[114.781s][info][gc,heap     ] GC(260) Humongous regions: 12->12
[114.782s][info][gc,metaspace] GC(260) Metaspace: 18232K(18432K)->18232K(18432K) NonClass: 15570K(15680K)->15570K(15680K) Class: 2662K(2752K)->2662K(2752K)
[114.782s][info][gc          ] GC(260) Pause Young (Normal) (G1 Evacuation Pause) 932M->897M(978M) 15.448ms
[114.782s][info][gc,cpu      ] GC(260) User=0.03s Sys=0.00s Real=0.02s
[114.833s][info][gc,start    ] GC(261) Pause Young (Normal) (G1 Evacuation Pause)
[114.833s][info][gc,task     ] GC(261) Using 2 workers of 2 for evacuation
[114.844s][info][gc,phases   ] GC(261)   Pre Evacuate Collection Set: 0.27ms
[114.844s][info][gc,phases   ] GC(261)   Merge Heap Roots: 0.07ms
[114.844s][info][gc,phases   ] GC(261)   Evacuate Collection Set: 10.18ms
[114.844s][info][gc,phases   ] GC(261)   Post Evacuate Collection Set: 0.25ms
[114.844s][info][gc,phases   ] GC(261)   Other: 0.07ms
[114.844s][info][gc,heap     ] GC(261) Eden regions: 42->0(44)
[114.844s][info][gc,heap     ] GC(261) Survivor regions: 6->4(6)
[114.844s][info][gc,heap     ] GC(261) Old regions: 879->885
[114.844s][info][gc,heap     ] GC(261) Humongous regions: 12->12
[114.844s][info][gc,metaspace] GC(261) Metaspace: 18232K(18432K)->18232K(18432K) NonClass: 15570K(15680K)->15570K(15680K) Class: 2662K(2752K)->2662K(2752K)
[114.844s][info][gc          ] GC(261) Pause Young (Normal) (G1 Evacuation Pause) 939M->901M(978M) 11.043ms
[114.844s][info][gc,cpu      ] GC(261) User=0.02s Sys=0.00s Real=0.01s
[114.884s][info][gc,start    ] GC(262) Pause Young (Normal) (G1 Evacuation Pause)
[114.884s][info][gc,task     ] GC(262) Using 2 workers of 2 for evacuation
[114.890s][info][gc,phases   ] GC(262)   Pre Evacuate Collection Set: 0.27ms
[114.890s][info][gc,phases   ] GC(262)   Merge Heap Roots: 0.08ms
[114.890s][info][gc,phases   ] GC(262)   Evacuate Collection Set: 5.12ms
[114.890s][info][gc,phases   ] GC(262)   Post Evacuate Collection Set: 0.23ms
[114.890s][info][gc,phases   ] GC(262)   Other: 0.08ms
[114.890s][info][gc,heap     ] GC(262) Eden regions: 44->0(47)
[114.890s][info][gc,heap     ] GC(262) Survivor regions: 4->1(6)
[114.890s][info][gc,heap     ] GC(262) Old regions: 885->889
[114.890s][info][gc,heap     ] GC(262) Humongous regions: 12->12
[114.890s][info][gc,metaspace] GC(262) Metaspace: 18232K(18432K)->18232K(18432K) NonClass: 15570K(15680K)->15570K(15680K) Class: 2662K(2752K)->2662K(2752K)
[114.890s][info][gc          ] GC(262) Pause Young (Normal) (G1 Evacuation Pause) 945M->901M(978M) 5.981ms
[114.890s][info][gc,cpu      ] GC(262) User=0.01s Sys=0.00s Real=0.00s
[114.945s][info][gc,start    ] GC(263) Pause Young (Normal) (G1 Evacuation Pause)
[114.945s][info][gc,task     ] GC(263) Using 2 workers of 2 for evacuation
[114.946s][info][gc,phases   ] GC(263)   Pre Evacuate Collection Set: 0.46ms
[114.946s][info][gc,phases   ] GC(263)   Merge Heap Roots: 0.05ms
[114.946s][info][gc,phases   ] GC(263)   Evacuate Collection Set: 0.72ms
[114.946s][info][gc,phases   ] GC(263)   Post Evacuate Collection Set: 0.23ms
[114.946s][info][gc,phases   ] GC(263)   Other: 0.09ms
[114.946s][info][gc,heap     ] GC(263) Eden regions: 47->0(47)
[114.946s][info][gc,heap     ] GC(263) Survivor regions: 1->1(6)
[114.946s][info][gc,heap     ] GC(263) Old regions: 889->889
[114.946s][info][gc,heap     ] GC(263) Humongous regions: 12->12
[114.946s][info][gc,metaspace] GC(263) Metaspace: 18232K(18432K)->18232K(18432K) NonClass: 15570K(15680K)->15570K(15680K) Class: 2662K(2752K)->2662K(2752K)
[114.946s][info][gc          ] GC(263) Pause Young (Normal) (G1 Evacuation Pause) 948M->901M(978M) 1.770ms
[114.946s][info][gc,cpu      ] GC(263) User=0.00s Sys=0.00s Real=0.00s
[115.017s][info][gc,start    ] GC(264) Pause Young (Normal) (G1 Evacuation Pause)
[115.017s][info][gc,task     ] GC(264) Using 2 workers of 2 for evacuation
[115.024s][info][gc,phases   ] GC(264)   Pre Evacuate Collection Set: 0.26ms
[115.024s][info][gc,phases   ] GC(264)   Merge Heap Roots: 0.20ms
[115.024s][info][gc,phases   ] GC(264)   Evacuate Collection Set: 5.77ms
[115.024s][info][gc,phases   ] GC(264)   Post Evacuate Collection Set: 0.24ms
[115.024s][info][gc,phases   ] GC(264)   Other: 0.08ms
[115.024s][info][gc,heap     ] GC(264) Eden regions: 47->0(47)
[115.024s][info][gc,heap     ] GC(264) Survivor regions: 1->1(6)
[115.024s][info][gc,heap     ] GC(264) Old regions: 889->889
[115.024s][info][gc,heap     ] GC(264) Humongous regions: 12->12
[115.024s][info][gc,metaspace] GC(264) Metaspace: 18232K(18432K)->18232K(18432K) NonClass: 15570K(15680K)->15570K(15680K) Class: 2662K(2752K)->2662K(2752K)
[115.024s][info][gc          ] GC(264) Pause Young (Normal) (G1 Evacuation Pause) 948M->901M(978M) 6.728ms
[115.024s][info][gc,cpu      ] GC(264) User=0.01s Sys=0.00s Real=0.01s
[115.121s][info][gc,start    ] GC(265) Pause Young (Normal) (G1 Evacuation Pause)
[115.121s][info][gc,task     ] GC(265) Using 2 workers of 2 for evacuation
[115.125s][info][gc,phases   ] GC(265)   Pre Evacuate Collection Set: 0.29ms
[115.125s][info][gc,phases   ] GC(265)   Merge Heap Roots: 0.09ms
[115.125s][info][gc,phases   ] GC(265)   Evacuate Collection Set: 3.10ms
[115.125s][info][gc,phases   ] GC(265)   Post Evacuate Collection Set: 0.24ms
[115.125s][info][gc,phases   ] GC(265)   Other: 0.10ms
[115.125s][info][gc,heap     ] GC(265) Eden regions: 47->0(47)
[115.125s][info][gc,heap     ] GC(265) Survivor regions: 1->1(6)
[115.125s][info][gc,heap     ] GC(265) Old regions: 889->889
[115.125s][info][gc,heap     ] GC(265) Humongous regions: 12->12
[115.125s][info][gc,metaspace] GC(265) Metaspace: 18232K(18432K)->18232K(18432K) NonClass: 15570K(15680K)->15570K(15680K) Class: 2662K(2752K)->2662K(2752K)
[115.125s][info][gc          ] GC(265) Pause Young (Normal) (G1 Evacuation Pause) 948M->901M(978M) 4.033ms
[115.125s][info][gc,cpu      ] GC(265) User=0.01s Sys=0.00s Real=0.00s
[115.212s][info][gc,start    ] GC(266) Pause Young (Normal) (G1 Evacuation Pause)
[115.212s][info][gc,task     ] GC(266) Using 2 workers of 2 for evacuation
[115.218s][info][gc,phases   ] GC(266)   Pre Evacuate Collection Set: 0.51ms
[115.218s][info][gc,phases   ] GC(266)   Merge Heap Roots: 0.11ms
[115.218s][info][gc,phases   ] GC(266)   Evacuate Collection Set: 4.62ms
[115.218s][info][gc,phases   ] GC(266)   Post Evacuate Collection Set: 0.27ms
[115.218s][info][gc,phases   ] GC(266)   Other: 0.10ms
[115.218s][info][gc,heap     ] GC(266) Eden regions: 47->0(46)
[115.218s][info][gc,heap     ] GC(266) Survivor regions: 1->2(6)
[115.218s][info][gc,heap     ] GC(266) Old regions: 889->889
[115.218s][info][gc,heap     ] GC(266) Humongous regions: 12->12
[115.218s][info][gc,metaspace] GC(266) Metaspace: 18232K(18432K)->18232K(18432K) NonClass: 15570K(15680K)->15570K(15680K) Class: 2662K(2752K)->2662K(2752K)
[115.218s][info][gc          ] GC(266) Pause Young (Normal) (G1 Evacuation Pause) 948M->902M(978M) 5.865ms
[115.218s][info][gc,cpu      ] GC(266) User=0.01s Sys=0.00s Real=0.00s
[115.222s][info][gc,marking  ] GC(253) Concurrent Mark From Roots 1475.370ms
[115.222s][info][gc,marking  ] GC(253) Concurrent Preclean
[115.222s][info][gc,marking  ] GC(253) Concurrent Preclean 0.032ms
[115.222s][info][gc,start    ] GC(253) Pause Remark
[115.229s][info][gc          ] GC(253) Pause Remark 903M->619M(978M) 6.605ms
[115.229s][info][gc,cpu      ] GC(253) User=0.01s Sys=0.00s Real=0.00s
[115.231s][info][gc,marking  ] GC(253) Concurrent Mark 1483.745ms
[115.231s][info][gc,marking  ] GC(253) Concurrent Rebuild Remembered Sets and Scrub Regions
[115.302s][info][gc,start    ] GC(267) Pause Young (Normal) (G1 Evacuation Pause)
[115.303s][info][gc,task     ] GC(267) Using 2 workers of 2 for evacuation
[115.310s][info][gc,phases   ] GC(267)   Pre Evacuate Collection Set: 0.24ms
[115.310s][info][gc,phases   ] GC(267)   Merge Heap Roots: 0.08ms
[115.310s][info][gc,phases   ] GC(267)   Evacuate Collection Set: 6.61ms
[115.310s][info][gc,phases   ] GC(267)   Post Evacuate Collection Set: 0.27ms
[115.310s][info][gc,phases   ] GC(267)   Other: 0.09ms
[115.310s][info][gc,heap     ] GC(267) Eden regions: 46->0(258)
[115.310s][info][gc,heap     ] GC(267) Survivor regions: 2->5(6)
[115.310s][info][gc,heap     ] GC(267) Old regions: 610->610
[115.310s][info][gc,heap     ] GC(267) Humongous regions: 7->7
[115.310s][info][gc,metaspace] GC(267) Metaspace: 18232K(18432K)->18232K(18432K) NonClass: 15570K(15680K)->15570K(15680K) Class: 2662K(2752K)->2662K(2752K)
[115.310s][info][gc          ] GC(267) Pause Young (Normal) (G1 Evacuation Pause) 664M->621M(978M) 7.491ms
[115.310s][info][gc,cpu      ] GC(267) User=0.01s Sys=0.00s Real=0.00s
[115.750s][info][gc,marking  ] GC(253) Concurrent Rebuild Remembered Sets and Scrub Regions 519.404ms
[115.750s][info][gc,start    ] GC(253) Pause Cleanup
[115.750s][info][gc          ] GC(253) Pause Cleanup 806M->806M(978M) 0.166ms
[115.750s][info][gc,cpu      ] GC(253) User=0.00s Sys=0.00s Real=0.01s
[115.751s][info][gc,marking  ] GC(253) Concurrent Clear Claimed Marks
[115.751s][info][gc,marking  ] GC(253) Concurrent Clear Claimed Marks 0.049ms
[115.751s][info][gc,marking  ] GC(253) Concurrent Cleanup for Next Mark
[115.757s][info][gc,marking  ] GC(253) Concurrent Cleanup for Next Mark 6.061ms
[115.757s][info][gc          ] GC(253) Concurrent Mark Cycle 2055.804ms
[115.837s][info][gc,start    ] GC(268) Pause Young (Prepare Mixed) (G1 Evacuation Pause)
[115.837s][info][gc,task     ] GC(268) Using 2 workers of 2 for evacuation
[115.884s][info][gc,phases   ] GC(268)   Pre Evacuate Collection Set: 0.30ms
[115.884s][info][gc,phases   ] GC(268)   Merge Heap Roots: 0.43ms
[115.884s][info][gc,phases   ] GC(268)   Evacuate Collection Set: 45.05ms
[115.884s][info][gc,phases   ] GC(268)   Post Evacuate Collection Set: 0.51ms
[115.884s][info][gc,phases   ] GC(268)   Other: 0.10ms
[115.884s][info][gc,heap     ] GC(268) Eden regions: 258->0(237)
[115.884s][info][gc,heap     ] GC(268) Survivor regions: 5->32(33)
[115.884s][info][gc,heap     ] GC(268) Old regions: 610->610
[115.884s][info][gc,heap     ] GC(268) Humongous regions: 7->7
[115.884s][info][gc,metaspace] GC(268) Metaspace: 18232K(18432K)->18232K(18432K) NonClass: 15570K(15680K)->15570K(15680K) Class: 2662K(2752K)->2662K(2752K)
[115.884s][info][gc          ] GC(268) Pause Young (Prepare Mixed) (G1 Evacuation Pause) 879M->648M(978M) 46.653ms
[115.884s][info][gc,cpu      ] GC(268) User=0.08s Sys=0.00s Real=0.05s
[116.240s][info][gc,start    ] GC(269) Pause Young (Mixed) (G1 Evacuation Pause)
[116.240s][info][gc,task     ] GC(269) Using 2 workers of 2 for evacuation
[116.310s][info][gc,phases   ] GC(269)   Pre Evacuate Collection Set: 0.34ms
[116.310s][info][gc,phases   ] GC(269)   Merge Heap Roots: 0.35ms
[116.310s][info][gc,phases   ] GC(269)   Evacuate Collection Set: 68.72ms
[116.310s][info][gc,phases   ] GC(269)   Post Evacuate Collection Set: 0.60ms
[116.310s][info][gc,phases   ] GC(269)   Other: 0.08ms
[116.310s][info][gc,heap     ] GC(269) Eden regions: 237->0(258)
[116.310s][info][gc,heap     ] GC(269) Survivor regions: 32->34(34)
[116.310s][info][gc,heap     ] GC(269) Old regions: 610->569
[116.310s][info][gc,heap     ] GC(269) Humongous regions: 7->7
[116.310s][info][gc,metaspace] GC(269) Metaspace: 18238K(18432K)->18238K(18432K) NonClass: 15576K(15680K)->15576K(15680K) Class: 2662K(2752K)->2662K(2752K)
[116.310s][info][gc          ] GC(269) Pause Young (Mixed) (G1 Evacuation Pause) 885M->609M(978M) 70.345ms
[116.310s][info][gc,cpu      ] GC(269) User=0.13s Sys=0.00s Real=0.07s
[116.358s][info][gc,start    ] GC(270) Pause Young (Concurrent Start) (G1 Humongous Allocation)
[116.358s][info][gc,task     ] GC(270) Using 2 workers of 2 for evacuation
[116.396s][info][gc,phases   ] GC(270)   Pre Evacuate Collection Set: 0.27ms
[116.396s][info][gc,phases   ] GC(270)   Merge Heap Roots: 0.15ms
[116.396s][info][gc,phases   ] GC(270)   Evacuate Collection Set: 37.18ms
[116.396s][info][gc,phases   ] GC(270)   Post Evacuate Collection Set: 0.32ms
[116.396s][info][gc,phases   ] GC(270)   Other: 0.09ms
[116.396s][info][gc,heap     ] GC(270) Eden regions: 24->0(268)
[116.396s][info][gc,heap     ] GC(270) Survivor regions: 34->6(37)
[116.396s][info][gc,heap     ] GC(270) Old regions: 569->603
[116.396s][info][gc,heap     ] GC(270) Humongous regions: 7->7
[116.396s][info][gc,metaspace] GC(270) Metaspace: 18238K(18432K)->18238K(18432K) NonClass: 15576K(15680K)->15576K(15680K) Class: 2662K(2752K)->2662K(2752K)
[116.396s][info][gc          ] GC(270) Pause Young (Concurrent Start) (G1 Humongous Allocation) 633M->615M(978M) 38.215ms
[116.396s][info][gc          ] GC(271) Concurrent Mark Cycle
[116.396s][info][gc,marking  ] GC(271) Concurrent Scan Root Regions
[116.396s][info][gc,cpu      ] GC(270) User=0.08s Sys=0.00s Real=0.04s
[116.443s][info][gc,marking  ] GC(271) Concurrent Scan Root Regions 46.519ms
[116.443s][info][gc,marking  ] GC(271) Concurrent Mark
[116.443s][info][gc,marking  ] GC(271) Concurrent Mark From Roots
[116.443s][info][gc,task     ] GC(271) Using 1 workers of 1 for marking
[117.099s][info][gc,start    ] GC(272) Pause Young (Normal) (G1 Evacuation Pause)
[117.099s][info][gc,task     ] GC(272) Using 2 workers of 2 for evacuation
[117.127s][info][gc,phases   ] GC(272)   Pre Evacuate Collection Set: 0.28ms
[117.128s][info][gc,phases   ] GC(272)   Merge Heap Roots: 0.20ms
[117.128s][info][gc,phases   ] GC(272)   Evacuate Collection Set: 27.50ms
[117.128s][info][gc,phases   ] GC(272)   Post Evacuate Collection Set: 0.48ms
[117.128s][info][gc,phases   ] GC(272)   Other: 0.09ms
[117.128s][info][gc,heap     ] GC(272) Eden regions: 268->0(262)
[117.128s][info][gc,heap     ] GC(272) Survivor regions: 6->21(35)
[117.128s][info][gc,heap     ] GC(272) Old regions: 603->603
[117.128s][info][gc,heap     ] GC(272) Humongous regions: 8->8
[117.128s][info][gc,metaspace] GC(272) Metaspace: 18240K(18432K)->18240K(18432K) NonClass: 15577K(15680K)->15577K(15680K) Class: 2662K(2752K)->2662K(2752K)
[117.128s][info][gc          ] GC(272) Pause Young (Normal) (G1 Evacuation Pause) 884M->632M(978M) 28.811ms
[117.128s][info][gc,cpu      ] GC(272) User=0.05s Sys=0.00s Real=0.03s
[117.598s][info][gc,marking  ] GC(271) Concurrent Mark From Roots 1155.710ms
[117.599s][info][gc,marking  ] GC(271) Concurrent Preclean
[117.599s][info][gc,marking  ] GC(271) Concurrent Preclean 0.032ms
[117.599s][info][gc,start    ] GC(271) Pause Remark
[117.606s][info][gc          ] GC(271) Pause Remark 884M->731M(978M) 6.795ms
[117.606s][info][gc,cpu      ] GC(271) User=0.01s Sys=0.00s Real=0.01s
[117.606s][info][gc,marking  ] GC(271) Concurrent Mark 1162.866ms
[117.606s][info][gc,marking  ] GC(271) Concurrent Rebuild Remembered Sets and Scrub Regions
[117.637s][info][gc,start    ] GC(273) Pause Young (Normal) (G1 Evacuation Pause)
[117.637s][info][gc,task     ] GC(273) Using 2 workers of 2 for evacuation
[117.683s][info][gc,phases   ] GC(273)   Pre Evacuate Collection Set: 0.26ms
[117.683s][info][gc,phases   ] GC(273)   Merge Heap Roots: 0.26ms
[117.683s][info][gc,phases   ] GC(273)   Evacuate Collection Set: 44.62ms
[117.683s][info][gc,phases   ] GC(273)   Post Evacuate Collection Set: 0.52ms
[117.683s][info][gc,phases   ] GC(273)   Other: 0.09ms
[117.683s][info][gc,heap     ] GC(273) Eden regions: 262->0(390)
[117.683s][info][gc,heap     ] GC(273) Survivor regions: 21->28(36)
[117.683s][info][gc,heap     ] GC(273) Old regions: 453->459
[117.683s][info][gc,heap     ] GC(273) Humongous regions: 5->5
[117.683s][info][gc,metaspace] GC(273) Metaspace: 18240K(18432K)->18240K(18432K) NonClass: 15577K(15680K)->15577K(15680K) Class: 2662K(2752K)->2662K(2752K)
[117.683s][info][gc          ] GC(273) Pause Young (Normal) (G1 Evacuation Pause) 741M->491M(978M) 45.976ms
[117.683s][info][gc,cpu      ] GC(273) User=0.09s Sys=0.00s Real=0.05s
[118.008s][info][gc,marking  ] GC(271) Concurrent Rebuild Remembered Sets and Scrub Regions 401.898ms
[118.008s][info][gc,start    ] GC(271) Pause Cleanup
[118.008s][info][gc          ] GC(271) Pause Cleanup 630M->630M(978M) 0.106ms
[118.008s][info][gc,cpu      ] GC(271) User=0.00s Sys=0.00s Real=0.00s
[118.008s][info][gc,marking  ] GC(271) Concurrent Clear Claimed Marks
[118.008s][info][gc,marking  ] GC(271) Concurrent Clear Claimed Marks 0.027ms
[118.008s][info][gc,marking  ] GC(271) Concurrent Cleanup for Next Mark
[118.011s][info][gc,marking  ] GC(271) Concurrent Cleanup for Next Mark 2.852ms
[118.011s][info][gc          ] GC(271) Concurrent Mark Cycle 1614.651ms
[118.537s][info][gc,start    ] GC(274) Pause Young (Prepare Mixed) (G1 Evacuation Pause)
[118.537s][info][gc,task     ] GC(274) Using 2 workers of 2 for evacuation
[118.584s][info][gc,phases   ] GC(274)   Pre Evacuate Collection Set: 0.32ms
[118.584s][info][gc,phases   ] GC(274)   Merge Heap Roots: 0.28ms
[118.584s][info][gc,phases   ] GC(274)   Evacuate Collection Set: 45.78ms
[118.584s][info][gc,phases   ] GC(274)   Post Evacuate Collection Set: 0.60ms
[118.584s][info][gc,phases   ] GC(274)   Other: 0.10ms
[118.584s][info][gc,heap     ] GC(274) Eden regions: 390->0(383)
[118.584s][info][gc,heap     ] GC(274) Survivor regions: 28->27(53)
[118.584s][info][gc,heap     ] GC(274) Old regions: 459->475
[118.584s][info][gc,heap     ] GC(274) Humongous regions: 5->5
[118.584s][info][gc,metaspace] GC(274) Metaspace: 18240K(18432K)->18240K(18432K) NonClass: 15577K(15680K)->15577K(15680K) Class: 2662K(2752K)->2662K(2752K)
[118.584s][info][gc          ] GC(274) Pause Young (Prepare Mixed) (G1 Evacuation Pause) 881M->506M(978M) 47.327ms
[118.584s][info][gc,cpu      ] GC(274) User=0.10s Sys=0.00s Real=0.05s
[119.155s][info][gc,start    ] GC(275) Pause Young (Mixed) (G1 Evacuation Pause)
[119.155s][info][gc,task     ] GC(275) Using 2 workers of 2 for evacuation
[119.257s][info][gc,phases   ] GC(275)   Pre Evacuate Collection Set: 0.54ms
[119.257s][info][gc,phases   ] GC(275)   Merge Heap Roots: 0.67ms
[119.257s][info][gc,phases   ] GC(275)   Evacuate Collection Set: 98.39ms
[119.257s][info][gc,phases   ] GC(275)   Post Evacuate Collection Set: 2.30ms
[119.257s][info][gc,phases   ] GC(275)   Other: 0.11ms
[119.257s][info][gc,heap     ] GC(275) Eden regions: 383->0(299)
[119.257s][info][gc,heap     ] GC(275) Survivor regions: 27->52(52)
[119.257s][info][gc,heap     ] GC(275) Old regions: 475->513
[119.257s][info][gc,heap     ] GC(275) Humongous regions: 5->5
[119.257s][info][gc,metaspace] GC(275) Metaspace: 18242K(18432K)->18242K(18432K) NonClass: 15580K(15680K)->15580K(15680K) Class: 2662K(2752K)->2662K(2752K)
[119.257s][info][gc          ] GC(275) Pause Young (Mixed) (G1 Evacuation Pause) (Evacuation Failure: Allocation) 889M->570M(978M) 102.265ms
[119.257s][info][gc,cpu      ] GC(275) User=0.20s Sys=0.00s Real=0.10s
[119.479s][info][gc,start    ] GC(276) Pause Young (Concurrent Start) (G1 Humongous Allocation)
[119.479s][info][gc,task     ] GC(276) Using 2 workers of 2 for evacuation
[119.559s][info][gc,phases   ] GC(276)   Pre Evacuate Collection Set: 0.36ms
[119.559s][info][gc,phases   ] GC(276)   Merge Heap Roots: 0.54ms
[119.559s][info][gc,phases   ] GC(276)   Evacuate Collection Set: 77.59ms
[119.559s][info][gc,phases   ] GC(276)   Post Evacuate Collection Set: 0.60ms
[119.559s][info][gc,phases   ] GC(276)   Other: 0.21ms
[119.559s][info][gc,heap     ] GC(276) Eden regions: 181->0(318)
[119.559s][info][gc,heap     ] GC(276) Survivor regions: 52->12(44)
[119.559s][info][gc,heap     ] GC(276) Old regions: 513->541
[119.559s][info][gc,heap     ] GC(276) Humongous regions: 5->5
[119.559s][info][gc,metaspace] GC(276) Metaspace: 18248K(18432K)->18248K(18432K) NonClass: 15586K(15680K)->15586K(15680K) Class: 2662K(2752K)->2662K(2752K)
[119.559s][info][gc          ] GC(276) Pause Young (Concurrent Start) (G1 Humongous Allocation) 750M->558M(978M) 79.531ms
[119.559s][info][gc,cpu      ] GC(276) User=0.15s Sys=0.00s Real=0.08s
[119.559s][info][gc          ] GC(277) Concurrent Mark Cycle
[119.559s][info][gc,marking  ] GC(277) Concurrent Scan Root Regions
[119.657s][info][gc,marking  ] GC(277) Concurrent Scan Root Regions 98.520ms
[119.658s][info][gc,marking  ] GC(277) Concurrent Mark
[119.658s][info][gc,marking  ] GC(277) Concurrent Mark From Roots
[119.658s][info][gc,task     ] GC(277) Using 1 workers of 1 for marking
[120.118s][info][gc,start    ] GC(278) Pause Young (Normal) (G1 Evacuation Pause)
[120.118s][info][gc,task     ] GC(278) Using 2 workers of 2 for evacuation
[120.214s][info][gc,phases   ] GC(278)   Pre Evacuate Collection Set: 0.52ms
[120.214s][info][gc,phases   ] GC(278)   Merge Heap Roots: 0.34ms
[120.214s][info][gc,phases   ] GC(278)   Evacuate Collection Set: 93.50ms
[120.214s][info][gc,phases   ] GC(278)   Post Evacuate Collection Set: 0.89ms
[120.214s][info][gc,phases   ] GC(278)   Other: 0.10ms
[120.214s][info][gc,heap     ] GC(278) Eden regions: 318->0(235)
[120.214s][info][gc,heap     ] GC(278) Survivor regions: 12->42(42)
[120.214s][info][gc,heap     ] GC(278) Old regions: 541->587
[120.214s][info][gc,heap     ] GC(278) Humongous regions: 8->8
[120.214s][info][gc,metaspace] GC(278) Metaspace: 18248K(18432K)->18248K(18432K) NonClass: 15586K(15680K)->15586K(15680K) Class: 2662K(2752K)->2662K(2752K)
[120.214s][info][gc          ] GC(278) Pause Young (Normal) (G1 Evacuation Pause) 879M->637M(978M) 95.611ms
[120.214s][info][gc,cpu      ] GC(278) User=0.19s Sys=0.00s Real=0.10s
[120.660s][info][gc,marking  ] GC(277) Concurrent Mark From Roots 1002.035ms
[120.660s][info][gc,marking  ] GC(277) Concurrent Preclean
[120.660s][info][gc,marking  ] GC(277) Concurrent Preclean 0.029ms
[120.660s][info][gc,start    ] GC(277) Pause Remark
[120.667s][info][gc          ] GC(277) Pause Remark 816M->671M(978M) 6.720ms
[120.667s][info][gc,cpu      ] GC(277) User=0.01s Sys=0.00s Real=0.01s
[120.667s][info][gc,marking  ] GC(277) Concurrent Mark 1009.814ms
[120.667s][info][gc,marking  ] GC(277) Concurrent Rebuild Remembered Sets and Scrub Regions
[120.798s][info][gc,start    ] GC(279) Pause Young (Normal) (G1 Evacuation Pause)
[120.798s][info][gc,task     ] GC(279) Using 2 workers of 2 for evacuation
[120.896s][info][gc,phases   ] GC(279)   Pre Evacuate Collection Set: 0.47ms
[120.896s][info][gc,phases   ] GC(279)   Merge Heap Roots: 1.12ms
[120.896s][info][gc,phases   ] GC(279)   Evacuate Collection Set: 96.36ms
[120.896s][info][gc,phases   ] GC(279)   Post Evacuate Collection Set: 0.57ms
[120.896s][info][gc,phases   ] GC(279)   Other: 0.10ms
[120.896s][info][gc,heap     ] GC(279) Eden regions: 235->0(327)
[120.896s][info][gc,heap     ] GC(279) Survivor regions: 42->17(35)
[120.896s][info][gc,heap     ] GC(279) Old regions: 444->487
[120.896s][info][gc,heap     ] GC(279) Humongous regions: 9->9
[120.896s][info][gc,metaspace] GC(279) Metaspace: 18248K(18432K)->18248K(18432K) NonClass: 15586K(15680K)->15586K(15680K) Class: 2662K(2752K)->2662K(2752K)
[120.896s][info][gc          ] GC(279) Pause Young (Normal) (G1 Evacuation Pause) 730M->512M(978M) 98.892ms
[120.896s][info][gc,cpu      ] GC(279) User=0.19s Sys=0.00s Real=0.10s
[121.112s][info][gc,marking  ] GC(277) Concurrent Rebuild Remembered Sets and Scrub Regions 444.485ms
[121.112s][info][gc,start    ] GC(277) Pause Cleanup
[121.112s][info][gc          ] GC(277) Pause Cleanup 607M->607M(978M) 0.122ms
[121.112s][info][gc,cpu      ] GC(277) User=0.00s Sys=0.00s Real=0.00s
[121.112s][info][gc,marking  ] GC(277) Concurrent Clear Claimed Marks
[121.112s][info][gc,marking  ] GC(277) Concurrent Clear Claimed Marks 0.030ms
[121.112s][info][gc,marking  ] GC(277) Concurrent Cleanup for Next Mark
[121.119s][info][gc,marking  ] GC(277) Concurrent Cleanup for Next Mark 6.873ms
[121.119s][info][gc          ] GC(277) Concurrent Mark Cycle 1560.271ms
[121.455s][info][gc,start    ] GC(280) Pause Young (Prepare Mixed) (G1 Evacuation Pause)
[121.455s][info][gc,task     ] GC(280) Using 2 workers of 2 for evacuation
[121.486s][info][gc,phases   ] GC(280)   Pre Evacuate Collection Set: 0.30ms
[121.486s][info][gc,phases   ] GC(280)   Merge Heap Roots: 0.39ms
[121.486s][info][gc,phases   ] GC(280)   Evacuate Collection Set: 29.28ms
[121.486s][info][gc,phases   ] GC(280)   Post Evacuate Collection Set: 0.62ms
[121.486s][info][gc,phases   ] GC(280)   Other: 0.09ms
[121.486s][info][gc,heap     ] GC(280) Eden regions: 327->0(354)
[121.486s][info][gc,heap     ] GC(280) Survivor regions: 17->17(43)
[121.486s][info][gc,heap     ] GC(280) Old regions: 487->487
[121.486s][info][gc,heap     ] GC(280) Humongous regions: 9->9
[121.486s][info][gc,metaspace] GC(280) Metaspace: 18248K(18432K)->18248K(18432K) NonClass: 15586K(15680K)->15586K(15680K) Class: 2662K(2752K)->2662K(2752K)
[121.486s][info][gc          ] GC(280) Pause Young (Prepare Mixed) (G1 Evacuation Pause) 839M->512M(978M) 30.954ms
[121.486s][info][gc,cpu      ] GC(280) User=0.06s Sys=0.00s Real=0.03s
[122.006s][info][gc,start    ] GC(281) Pause Young (Mixed) (G1 Evacuation Pause)
[122.006s][info][gc,task     ] GC(281) Using 2 workers of 2 for evacuation
[122.036s][info][gc,phases   ] GC(281)   Pre Evacuate Collection Set: 0.33ms
[122.036s][info][gc,phases   ] GC(281)   Merge Heap Roots: 0.29ms
[122.036s][info][gc,phases   ] GC(281)   Evacuate Collection Set: 28.85ms
[122.036s][info][gc,phases   ] GC(281)   Post Evacuate Collection Set: 0.66ms
[122.036s][info][gc,phases   ] GC(281)   Other: 0.10ms
[122.036s][info][gc,heap     ] GC(281) Eden regions: 354->0(389)
[122.036s][info][gc,heap     ] GC(281) Survivor regions: 17->17(47)
[122.036s][info][gc,heap     ] GC(281) Old regions: 487->471
[122.037s][info][gc,heap     ] GC(281) Humongous regions: 9->9
[122.037s][info][gc,metaspace] GC(281) Metaspace: 18248K(18432K)->18248K(18432K) NonClass: 15586K(15680K)->15586K(15680K) Class: 2662K(2752K)->2662K(2752K)
[122.037s][info][gc          ] GC(281) Pause Young (Mixed) (G1 Evacuation Pause) 866M->496M(978M) 30.502ms
[122.037s][info][gc,cpu      ] GC(281) User=0.06s Sys=0.00s Real=0.03s
[122.546s][info][gc,start    ] GC(282) Pause Young (Concurrent Start) (G1 Evacuation Pause)
[122.546s][info][gc,task     ] GC(282) Using 2 workers of 2 for evacuation
[122.603s][info][gc,phases   ] GC(282)   Pre Evacuate Collection Set: 0.35ms
[122.603s][info][gc,phases   ] GC(282)   Merge Heap Roots: 0.40ms
[122.603s][info][gc,phases   ] GC(282)   Evacuate Collection Set: 55.72ms
[122.603s][info][gc,phases   ] GC(282)   Post Evacuate Collection Set: 0.70ms
[122.603s][info][gc,phases   ] GC(282)   Other: 0.11ms
[122.603s][info][gc,heap     ] GC(282) Eden regions: 389->0(370)
[122.603s][info][gc,heap     ] GC(282) Survivor regions: 17->38(51)
[122.603s][info][gc,heap     ] GC(282) Old regions: 471->471
[122.603s][info][gc,heap     ] GC(282) Humongous regions: 9->9
[122.603s][info][gc,metaspace] GC(282) Metaspace: 18248K(18432K)->18248K(18432K) NonClass: 15586K(15680K)->15586K(15680K) Class: 2662K(2752K)->2662K(2752K)
[122.603s][info][gc          ] GC(282) Pause Young (Concurrent Start) (G1 Evacuation Pause) 885M->517M(978M) 57.549ms
[122.603s][info][gc          ] GC(283) Concurrent Mark Cycle
[122.603s][info][gc,marking  ] GC(283) Concurrent Scan Root Regions
[122.604s][info][gc,cpu      ] GC(282) User=0.11s Sys=0.00s Real=0.06s
[122.704s][info][gc,marking  ] GC(283) Concurrent Scan Root Regions 100.183ms
[122.704s][info][gc,marking  ] GC(283) Concurrent Mark
[122.704s][info][gc,marking  ] GC(283) Concurrent Mark From Roots
[122.704s][info][gc,task     ] GC(283) Using 1 workers of 1 for marking
[123.268s][info][gc,start    ] GC(284) Pause Young (Normal) (G1 Evacuation Pause)
[123.268s][info][gc,task     ] GC(284) Using 2 workers of 2 for evacuation
[123.340s][info][gc,phases   ] GC(284)   Pre Evacuate Collection Set: 0.28ms
[123.340s][info][gc,phases   ] GC(284)   Merge Heap Roots: 0.40ms
[123.340s][info][gc,phases   ] GC(284)   Evacuate Collection Set: 70.55ms
[123.340s][info][gc,phases   ] GC(284)   Post Evacuate Collection Set: 0.57ms
[123.340s][info][gc,phases   ] GC(284)   Other: 0.09ms
[123.340s][info][gc,heap     ] GC(284) Eden regions: 370->0(351)
[123.340s][info][gc,heap     ] GC(284) Survivor regions: 38->40(51)
[123.340s][info][gc,heap     ] GC(284) Old regions: 471->488
[123.340s][info][gc,heap     ] GC(284) Humongous regions: 9->9
[123.340s][info][gc,metaspace] GC(284) Metaspace: 18252K(18432K)->18252K(18432K) NonClass: 15590K(15680K)->15590K(15680K) Class: 2662K(2752K)->2662K(2752K)
[123.340s][info][gc          ] GC(284) Pause Young (Normal) (G1 Evacuation Pause) 887M->535M(978M) 72.108ms
[123.340s][info][gc,cpu      ] GC(284) User=0.14s Sys=0.00s Real=0.07s
[123.839s][info][gc,start    ] GC(285) Pause Young (Normal) (G1 Evacuation Pause)
[123.839s][info][gc,task     ] GC(285) Using 2 workers of 2 for evacuation
[123.933s][info][gc,phases   ] GC(285)   Pre Evacuate Collection Set: 0.50ms
[123.933s][info][gc,phases   ] GC(285)   Merge Heap Roots: 0.35ms
[123.933s][info][gc,phases   ] GC(285)   Evacuate Collection Set: 92.24ms
[123.933s][info][gc,phases   ] GC(285)   Post Evacuate Collection Set: 0.59ms
[123.933s][info][gc,phases   ] GC(285)   Other: 0.10ms
[123.933s][info][gc,heap     ] GC(285) Eden regions: 351->0(294)
[123.933s][info][gc,heap     ] GC(285) Survivor regions: 40->49(49)
[123.933s][info][gc,heap     ] GC(285) Old regions: 488->527
[123.933s][info][gc,heap     ] GC(285) Humongous regions: 9->9
[123.933s][info][gc,metaspace] GC(285) Metaspace: 18252K(18432K)->18252K(18432K) NonClass: 15590K(15680K)->15590K(15680K) Class: 2662K(2752K)->2662K(2752K)
[123.933s][info][gc          ] GC(285) Pause Young (Normal) (G1 Evacuation Pause) 886M->584M(978M) 94.020ms
[123.933s][info][gc,cpu      ] GC(285) User=0.18s Sys=0.00s Real=0.10s
[124.060s][info][gc,marking  ] GC(283) Concurrent Mark From Roots 1356.617ms
[124.060s][info][gc,marking  ] GC(283) Concurrent Preclean
[124.060s][info][gc,marking  ] GC(283) Concurrent Preclean 0.028ms
[124.061s][info][gc,start    ] GC(283) Pause Remark
[124.067s][info][gc          ] GC(283) Pause Remark 662M->660M(978M) 6.584ms
[124.067s][info][gc,cpu      ] GC(283) User=0.01s Sys=0.00s Real=0.00s
[124.067s][info][gc,marking  ] GC(283) Concurrent Mark 1363.539ms
[124.067s][info][gc,marking  ] GC(283) Concurrent Rebuild Remembered Sets and Scrub Regions
[124.436s][info][gc,start    ] GC(286) Pause Young (Normal) (G1 Evacuation Pause)
[124.436s][info][gc,task     ] GC(286) Using 2 workers of 2 for evacuation
[124.500s][info][gc,phases   ] GC(286)   Pre Evacuate Collection Set: 0.27ms
[124.500s][info][gc,phases   ] GC(286)   Merge Heap Roots: 0.37ms
[124.500s][info][gc,phases   ] GC(286)   Evacuate Collection Set: 62.65ms
[124.500s][info][gc,phases   ] GC(286)   Post Evacuate Collection Set: 0.51ms
[124.500s][info][gc,phases   ] GC(286)   Other: 0.09ms
[124.500s][info][gc,heap     ] GC(286) Eden regions: 294->0(294)
[124.500s][info][gc,heap     ] GC(286) Survivor regions: 49->13(43)
[124.500s][info][gc,heap     ] GC(286) Old regions: 527->576
[124.500s][info][gc,heap     ] GC(286) Humongous regions: 7->7
[124.500s][info][gc,metaspace] GC(286) Metaspace: 18254K(18432K)->18254K(18432K) NonClass: 15592K(15680K)->15592K(15680K) Class: 2662K(2752K)->2662K(2752K)
[124.500s][info][gc          ] GC(286) Pause Young (Normal) (G1 Evacuation Pause) 876M->596M(978M) 64.100ms
[124.500s][info][gc,cpu      ] GC(286) User=0.13s Sys=0.00s Real=0.06s
[124.632s][info][gc,marking  ] GC(283) Concurrent Rebuild Remembered Sets and Scrub Regions 565.109ms
[124.633s][info][gc,start    ] GC(283) Pause Cleanup
[124.633s][info][gc          ] GC(283) Pause Cleanup 700M->700M(978M) 0.125ms
[124.633s][info][gc,cpu      ] GC(283) User=0.00s Sys=0.00s Real=0.00s
[124.633s][info][gc,marking  ] GC(283) Concurrent Clear Claimed Marks
[124.633s][info][gc,marking  ] GC(283) Concurrent Clear Claimed Marks 0.035ms
[124.633s][info][gc,marking  ] GC(283) Concurrent Cleanup for Next Mark
[124.638s][info][gc,marking  ] GC(283) Concurrent Cleanup for Next Mark 4.874ms
[124.638s][info][gc          ] GC(283) Concurrent Mark Cycle 2034.388ms
[124.905s][info][gc,start    ] GC(287) Pause Young (Prepare Mixed) (G1 Evacuation Pause)
[124.905s][info][gc,task     ] GC(287) Using 2 workers of 2 for evacuation
[124.947s][info][gc,phases   ] GC(287)   Pre Evacuate Collection Set: 0.30ms
[124.947s][info][gc,phases   ] GC(287)   Merge Heap Roots: 0.27ms
[124.947s][info][gc,phases   ] GC(287)   Evacuate Collection Set: 40.63ms
[124.947s][info][gc,phases   ] GC(287)   Post Evacuate Collection Set: 0.50ms
[124.947s][info][gc,phases   ] GC(287)   Other: 0.10ms
[124.947s][info][gc,heap     ] GC(287) Eden regions: 294->0(273)
[124.947s][info][gc,heap     ] GC(287) Survivor regions: 13->36(39)
[124.947s][info][gc,heap     ] GC(287) Old regions: 576->576
[124.947s][info][gc,heap     ] GC(287) Humongous regions: 7->7
[124.947s][info][gc,metaspace] GC(287) Metaspace: 18254K(18432K)->18254K(18432K) NonClass: 15592K(15680K)->15592K(15680K) Class: 2662K(2752K)->2662K(2752K)
[124.947s][info][gc          ] GC(287) Pause Young (Prepare Mixed) (G1 Evacuation Pause) 890M->619M(978M) 42.062ms
[124.947s][info][gc,cpu      ] GC(287) User=0.08s Sys=0.00s Real=0.04s
[125.670s][info][gc,start    ] GC(288) Pause Young (Mixed) (G1 Evacuation Pause)
[125.670s][info][gc,task     ] GC(288) Using 2 workers of 2 for evacuation
[125.708s][info][gc,phases   ] GC(288)   Pre Evacuate Collection Set: 0.53ms
[125.708s][info][gc,phases   ] GC(288)   Merge Heap Roots: 0.27ms
[125.708s][info][gc,phases   ] GC(288)   Evacuate Collection Set: 36.84ms
[125.708s][info][gc,phases   ] GC(288)   Post Evacuate Collection Set: 0.54ms
[125.708s][info][gc,phases   ] GC(288)   Other: 0.10ms
[125.708s][info][gc,heap     ] GC(288) Eden regions: 273->0(297)
[125.708s][info][gc,heap     ] GC(288) Survivor regions: 36->1(39)
[125.708s][info][gc,heap     ] GC(288) Old regions: 576->603
[125.708s][info][gc,heap     ] GC(288) Humongous regions: 7->7
[125.708s][info][gc,metaspace] GC(288) Metaspace: 18254K(18432K)->18254K(18432K) NonClass: 15592K(15680K)->15592K(15680K) Class: 2662K(2752K)->2662K(2752K)
[125.708s][info][gc          ] GC(288) Pause Young (Mixed) (G1 Evacuation Pause) 892M->610M(978M) 38.496ms
[125.708s][info][gc,cpu      ] GC(288) User=0.07s Sys=0.00s Real=0.04s
[126.353s][info][gc,start    ] GC(289) Pause Young (Concurrent Start) (G1 Evacuation Pause)
[126.353s][info][gc,task     ] GC(289) Using 2 workers of 2 for evacuation
[126.356s][info][gc,phases   ] GC(289)   Pre Evacuate Collection Set: 0.35ms
[126.356s][info][gc,phases   ] GC(289)   Merge Heap Roots: 0.12ms
[126.356s][info][gc,phases   ] GC(289)   Evacuate Collection Set: 1.32ms
[126.356s][info][gc,phases   ] GC(289)   Post Evacuate Collection Set: 0.46ms
[126.356s][info][gc,phases   ] GC(289)   Other: 0.11ms
[126.356s][info][gc,heap     ] GC(289) Eden regions: 297->0(310)
[126.356s][info][gc,heap     ] GC(289) Survivor regions: 1->1(38)
[126.356s][info][gc,heap     ] GC(289) Old regions: 603->603
[126.356s][info][gc,heap     ] GC(289) Humongous regions: 7->7
[126.356s][info][gc,metaspace] GC(289) Metaspace: 18254K(18432K)->18254K(18432K) NonClass: 15592K(15680K)->15592K(15680K) Class: 2662K(2752K)->2662K(2752K)
[126.356s][info][gc          ] GC(289) Pause Young (Concurrent Start) (G1 Evacuation Pause) 907M->610M(978M) 2.593ms
[126.356s][info][gc          ] GC(290) Concurrent Mark Cycle
[126.356s][info][gc,marking  ] GC(290) Concurrent Scan Root Regions
[126.356s][info][gc,cpu      ] GC(289) User=0.00s Sys=0.00s Real=0.00s
[126.356s][info][gc,marking  ] GC(290) Concurrent Scan Root Regions 0.382ms
[126.356s][info][gc,marking  ] GC(290) Concurrent Mark
[126.356s][info][gc,marking  ] GC(290) Concurrent Mark From Roots
[126.356s][info][gc,task     ] GC(290) Using 1 workers of 1 for marking
[127.407s][info][gc,start    ] GC(291) Pause Young (Normal) (G1 Evacuation Pause)
[127.407s][info][gc,task     ] GC(291) Using 2 workers of 2 for evacuation
[127.414s][info][gc,phases   ] GC(291)   Pre Evacuate Collection Set: 0.49ms
[127.414s][info][gc,phases   ] GC(291)   Merge Heap Roots: 0.16ms
[127.414s][info][gc,phases   ] GC(291)   Evacuate Collection Set: 6.19ms
[127.414s][info][gc,phases   ] GC(291)   Post Evacuate Collection Set: 0.52ms
[127.414s][info][gc,phases   ] GC(291)   Other: 0.10ms
[127.414s][info][gc,heap     ] GC(291) Eden regions: 310->0(306)
[127.414s][info][gc,heap     ] GC(291) Survivor regions: 1->6(39)
[127.414s][info][gc,heap     ] GC(291) Old regions: 603->603
[127.414s][info][gc,heap     ] GC(291) Humongous regions: 7->7
[127.414s][info][gc,metaspace] GC(291) Metaspace: 18254K(18432K)->18254K(18432K) NonClass: 15592K(15680K)->15592K(15680K) Class: 2662K(2752K)->2662K(2752K)
[127.414s][info][gc          ] GC(291) Pause Young (Normal) (G1 Evacuation Pause) 920M->614M(978M) 7.692ms
[127.414s][info][gc,cpu      ] GC(291) User=0.01s Sys=0.00s Real=0.01s
[128.131s][info][gc,start    ] GC(292) Pause Young (Normal) (G1 Evacuation Pause)
[128.131s][info][gc,task     ] GC(292) Using 2 workers of 2 for evacuation
[128.204s][info][gc,phases   ] GC(292)   Pre Evacuate Collection Set: 0.51ms
[128.204s][info][gc,phases   ] GC(292)   Merge Heap Roots: 0.18ms
[128.204s][info][gc,phases   ] GC(292)   Evacuate Collection Set: 66.24ms
[128.204s][info][gc,phases   ] GC(292)   Post Evacuate Collection Set: 6.17ms
[128.204s][info][gc,phases   ] GC(292)   Other: 0.09ms
[128.204s][info][gc,heap     ] GC(292) Eden regions: 306->0(119)
[128.204s][info][gc,heap     ] GC(292) Survivor regions: 6->39(39)
[128.204s][info][gc,heap     ] GC(292) Old regions: 603->724
[128.204s][info][gc,heap     ] GC(292) Humongous regions: 7->7
[128.204s][info][gc,metaspace] GC(292) Metaspace: 18254K(18432K)->18254K(18432K) NonClass: 15592K(15680K)->15592K(15680K) Class: 2662K(2752K)->2662K(2752K)
[128.204s][info][gc          ] GC(292) Pause Young (Normal) (G1 Evacuation Pause) (Evacuation Failure: Allocation) 920M->770M(978M) 73.476ms
[128.204s][info][gc,cpu      ] GC(292) User=0.15s Sys=0.01s Real=0.07s
[128.391s][info][gc,marking  ] GC(290) Concurrent Mark From Roots 2035.020ms
[128.392s][info][gc,marking  ] GC(290) Concurrent Preclean
[128.392s][info][gc,marking  ] GC(290) Concurrent Preclean 0.027ms
[128.392s][info][gc,start    ] GC(290) Pause Remark
[128.398s][info][gc          ] GC(290) Pause Remark 850M->850M(978M) 6.569ms
[128.398s][info][gc,cpu      ] GC(290) User=0.02s Sys=0.00s Real=0.00s
[128.398s][info][gc,marking  ] GC(290) Concurrent Mark 2041.931ms
[128.398s][info][gc,marking  ] GC(290) Concurrent Rebuild Remembered Sets and Scrub Regions
[128.518s][info][gc,start    ] GC(293) Pause Young (Normal) (G1 Evacuation Pause)
[128.518s][info][gc,task     ] GC(293) Using 2 workers of 2 for evacuation
[128.589s][info][gc,phases   ] GC(293)   Pre Evacuate Collection Set: 0.33ms
[128.589s][info][gc,phases   ] GC(293)   Merge Heap Roots: 0.61ms
[128.589s][info][gc,phases   ] GC(293)   Evacuate Collection Set: 68.93ms
[128.589s][info][gc,phases   ] GC(293)   Post Evacuate Collection Set: 0.60ms
[128.589s][info][gc,phases   ] GC(293)   Other: 0.08ms
[128.589s][info][gc,heap     ] GC(293) Eden regions: 119->0(214)
[128.589s][info][gc,heap     ] GC(293) Survivor regions: 39->14(20)
[128.589s][info][gc,heap     ] GC(293) Old regions: 724->675
[128.589s][info][gc,heap     ] GC(293) Humongous regions: 8->8
[128.589s][info][gc,metaspace] GC(293) Metaspace: 18254K(18432K)->18254K(18432K) NonClass: 15592K(15680K)->15592K(15680K) Class: 2662K(2752K)->2662K(2752K)
[128.589s][info][gc          ] GC(293) Pause Young (Normal) (G1 Evacuation Pause) 890M->696M(978M) 70.747ms
[128.589s][info][gc,cpu      ] GC(293) User=0.14s Sys=0.00s Real=0.07s
[128.815s][info][gc,start    ] GC(294) Pause Young (Normal) (G1 Evacuation Pause)
[128.815s][info][gc,task     ] GC(294) Using 2 workers of 2 for evacuation
[128.921s][info][gc,phases   ] GC(294)   Pre Evacuate Collection Set: 0.28ms
[128.921s][info][gc,phases   ] GC(294)   Merge Heap Roots: 0.62ms
[128.921s][info][gc,phases   ] GC(294)   Evacuate Collection Set: 97.41ms
[128.921s][info][gc,phases   ] GC(294)   Post Evacuate Collection Set: 7.60ms
[128.921s][info][gc,phases   ] GC(294)   Other: 0.07ms
[128.921s][info][gc,heap     ] GC(294) Eden regions: 214->0(62)
[128.921s][info][gc,heap     ] GC(294) Survivor regions: 14->29(29)
[128.921s][info][gc,heap     ] GC(294) Old regions: 675->798
[128.921s][info][gc,heap     ] GC(294) Humongous regions: 10->10
[128.921s][info][gc,metaspace] GC(294) Metaspace: 18254K(18432K)->18254K(18432K) NonClass: 15592K(15680K)->15592K(15680K) Class: 2662K(2752K)->2662K(2752K)
[128.921s][info][gc          ] GC(294) Pause Young (Normal) (G1 Evacuation Pause) (Evacuation Failure: Allocation) 912M->837M(978M) 106.215ms
[128.921s][info][gc,cpu      ] GC(294) User=0.21s Sys=0.01s Real=0.11s
[129.157s][info][gc,start    ] GC(295) Pause Young (Normal) (G1 Evacuation Pause)
[129.157s][info][gc,task     ] GC(295) Using 2 workers of 2 for evacuation
[129.234s][info][gc,phases   ] GC(295)   Pre Evacuate Collection Set: 0.54ms
[129.234s][info][gc,phases   ] GC(295)   Merge Heap Roots: 0.89ms
[129.234s][info][gc,phases   ] GC(295)   Evacuate Collection Set: 74.82ms
[129.234s][info][gc,phases   ] GC(295)   Post Evacuate Collection Set: 0.48ms
[129.234s][info][gc,phases   ] GC(295)   Other: 0.08ms
[129.234s][info][gc,heap     ] GC(295) Eden regions: 62->0(143)
[129.234s][info][gc,heap     ] GC(295) Survivor regions: 29->5(12)
[129.234s][info][gc,heap     ] GC(295) Old regions: 798->765
[129.234s][info][gc,heap     ] GC(295) Humongous regions: 10->10
[129.234s][info][gc,metaspace] GC(295) Metaspace: 18254K(18432K)->18254K(18432K) NonClass: 15592K(15680K)->15592K(15680K) Class: 2662K(2752K)->2662K(2752K)
[129.234s][info][gc          ] GC(295) Pause Young (Normal) (G1 Evacuation Pause) 899M->779M(978M) 77.074ms
[129.234s][info][gc,cpu      ] GC(295) User=0.15s Sys=0.00s Real=0.08s
[129.350s][info][gc,marking  ] GC(290) Concurrent Rebuild Remembered Sets and Scrub Regions 951.958ms
[129.351s][info][gc,start    ] GC(290) Pause Cleanup
[129.351s][info][gc          ] GC(290) Pause Cleanup 830M->830M(978M) 0.125ms
[129.351s][info][gc,cpu      ] GC(290) User=0.00s Sys=0.00s Real=0.00s
[129.351s][info][gc,marking  ] GC(290) Concurrent Clear Claimed Marks
[129.351s][info][gc,marking  ] GC(290) Concurrent Clear Claimed Marks 0.028ms
[129.351s][info][gc,marking  ] GC(290) Concurrent Cleanup for Next Mark
[129.354s][info][gc,marking  ] GC(290) Concurrent Cleanup for Next Mark 2.804ms
[129.354s][info][gc          ] GC(290) Concurrent Mark Cycle 2997.589ms
[129.505s][info][gc,start    ] GC(296) Pause Young (Prepare Mixed) (G1 Evacuation Pause)
[129.505s][info][gc,task     ] GC(296) Using 2 workers of 2 for evacuation
[129.519s][info][gc,phases   ] GC(296)   Pre Evacuate Collection Set: 0.54ms
[129.519s][info][gc,phases   ] GC(296)   Merge Heap Roots: 0.26ms
[129.519s][info][gc,phases   ] GC(296)   Evacuate Collection Set: 12.11ms
[129.519s][info][gc,phases   ] GC(296)   Post Evacuate Collection Set: 0.46ms
[129.519s][info][gc,phases   ] GC(296)   Other: 0.09ms
[129.519s][info][gc,heap     ] GC(296) Eden regions: 143->0(143)
[129.519s][info][gc,heap     ] GC(296) Survivor regions: 5->5(19)
[129.519s][info][gc,heap     ] GC(296) Old regions: 765->765
[129.519s][info][gc,heap     ] GC(296) Humongous regions: 10->10
[129.519s][info][gc,metaspace] GC(296) Metaspace: 18254K(18432K)->18254K(18432K) NonClass: 15592K(15680K)->15592K(15680K) Class: 2662K(2752K)->2662K(2752K)
[129.519s][info][gc          ] GC(296) Pause Young (Prepare Mixed) (G1 Evacuation Pause) 922M->779M(978M) 13.732ms
[129.519s][info][gc,cpu      ] GC(296) User=0.03s Sys=0.00s Real=0.01s
[129.670s][info][gc,start    ] GC(297) Pause Young (Mixed) (G1 Evacuation Pause)
[129.671s][info][gc,task     ] GC(297) Using 2 workers of 2 for evacuation
[129.836s][info][gc,phases   ] GC(297)   Pre Evacuate Collection Set: 0.49ms
[129.836s][info][gc,phases   ] GC(297)   Merge Heap Roots: 0.30ms
[129.836s][info][gc,phases   ] GC(297)   Evacuate Collection Set: 15.19ms
[129.836s][info][gc,phases   ] GC(297)   Merge Optional Heap Roots: 0.46ms
[129.836s][info][gc,phases   ] GC(297)   Evacuate Optional Collection Set: 148.50ms
[129.836s][info][gc,phases   ] GC(297)   Post Evacuate Collection Set: 0.71ms
[129.836s][info][gc,phases   ] GC(297)   Other: 0.11ms
[129.836s][info][gc,heap     ] GC(297) Eden regions: 143->0(150)
[129.836s][info][gc,heap     ] GC(297) Survivor regions: 5->5(19)
[129.836s][info][gc,heap     ] GC(297) Old regions: 765->758
[129.836s][info][gc,heap     ] GC(297) Humongous regions: 10->10
[129.836s][info][gc,metaspace] GC(297) Metaspace: 18254K(18432K)->18254K(18432K) NonClass: 15592K(15680K)->15592K(15680K) Class: 2662K(2752K)->2662K(2752K)
[129.837s][info][gc          ] GC(297) Pause Young (Mixed) (G1 Evacuation Pause) 922M->772M(978M) 166.045ms
[129.837s][info][gc,cpu      ] GC(297) User=0.33s Sys=0.00s Real=0.16s
[129.997s][info][gc,start    ] GC(298) Pause Young (Concurrent Start) (G1 Evacuation Pause)
[129.998s][info][gc,task     ] GC(298) Using 2 workers of 2 for evacuation
[130.012s][info][gc,phases   ] GC(298)   Pre Evacuate Collection Set: 0.34ms
[130.012s][info][gc,phases   ] GC(298)   Merge Heap Roots: 0.30ms
[130.012s][info][gc,phases   ] GC(298)   Evacuate Collection Set: 12.87ms
[130.012s][info][gc,phases   ] GC(298)   Post Evacuate Collection Set: 0.39ms
[130.012s][info][gc,phases   ] GC(298)   Other: 0.24ms
[130.012s][info][gc,heap     ] GC(298) Eden regions: 150->0(150)
[130.012s][info][gc,heap     ] GC(298) Survivor regions: 5->5(20)
[130.012s][info][gc,heap     ] GC(298) Old regions: 758->758
[130.012s][info][gc,heap     ] GC(298) Humongous regions: 10->10
[130.012s][info][gc,metaspace] GC(298) Metaspace: 18254K(18432K)->18254K(18432K) NonClass: 15592K(15680K)->15592K(15680K) Class: 2662K(2752K)->2662K(2752K)
[130.012s][info][gc          ] GC(298) Pause Young (Concurrent Start) (G1 Evacuation Pause) 922M->772M(978M) 14.364ms
[130.012s][info][gc          ] GC(299) Concurrent Mark Cycle
[130.012s][info][gc,marking  ] GC(299) Concurrent Scan Root Regions
[130.014s][info][gc,cpu      ] GC(298) User=0.03s Sys=0.00s Real=0.02s
[130.017s][info][gc,marking  ] GC(299) Concurrent Scan Root Regions 5.547ms
[130.017s][info][gc,marking  ] GC(299) Concurrent Mark
[130.017s][info][gc,marking  ] GC(299) Concurrent Mark From Roots
[130.017s][info][gc,task     ] GC(299) Using 1 workers of 1 for marking
[130.328s][info][gc,start    ] GC(300) Pause Young (Normal) (G1 Evacuation Pause)
[130.328s][info][gc,task     ] GC(300) Using 2 workers of 2 for evacuation
[130.335s][info][gc,phases   ] GC(300)   Pre Evacuate Collection Set: 0.51ms
[130.336s][info][gc,phases   ] GC(300)   Merge Heap Roots: 0.12ms
[130.336s][info][gc,phases   ] GC(300)   Evacuate Collection Set: 6.31ms
[130.336s][info][gc,phases   ] GC(300)   Post Evacuate Collection Set: 0.36ms
[130.336s][info][gc,phases   ] GC(300)   Other: 0.10ms
[130.336s][info][gc,heap     ] GC(300) Eden regions: 150->0(150)
[130.336s][info][gc,heap     ] GC(300) Survivor regions: 5->5(20)
[130.336s][info][gc,heap     ] GC(300) Old regions: 758->758
[130.336s][info][gc,heap     ] GC(300) Humongous regions: 10->10
[130.336s][info][gc,metaspace] GC(300) Metaspace: 18254K(18432K)->18254K(18432K) NonClass: 15592K(15680K)->15592K(15680K) Class: 2662K(2752K)->2662K(2752K)
[130.336s][info][gc          ] GC(300) Pause Young (Normal) (G1 Evacuation Pause) 922M->772M(978M) 7.614ms
[130.336s][info][gc,cpu      ] GC(300) User=0.01s Sys=0.00s Real=0.01s
[130.571s][info][gc,start    ] GC(301) Pause Young (Normal) (G1 Evacuation Pause)
[130.571s][info][gc,task     ] GC(301) Using 2 workers of 2 for evacuation
[130.579s][info][gc,phases   ] GC(301)   Pre Evacuate Collection Set: 0.28ms
[130.579s][info][gc,phases   ] GC(301)   Merge Heap Roots: 0.15ms
[130.579s][info][gc,phases   ] GC(301)   Evacuate Collection Set: 6.96ms
[130.579s][info][gc,phases   ] GC(301)   Post Evacuate Collection Set: 0.35ms
[130.579s][info][gc,phases   ] GC(301)   Other: 0.09ms
[130.579s][info][gc,heap     ] GC(301) Eden regions: 150->0(148)
[130.579s][info][gc,heap     ] GC(301) Survivor regions: 5->6(20)
[130.579s][info][gc,heap     ] GC(301) Old regions: 758->758
[130.579s][info][gc,heap     ] GC(301) Humongous regions: 10->10
[130.579s][info][gc,metaspace] GC(301) Metaspace: 18254K(18432K)->18254K(18432K) NonClass: 15592K(15680K)->15592K(15680K) Class: 2662K(2752K)->2662K(2752K)
[130.579s][info][gc          ] GC(301) Pause Young (Normal) (G1 Evacuation Pause) 922M->772M(978M) 8.085ms
[130.579s][info][gc,cpu      ] GC(301) User=0.01s Sys=0.00s Real=0.00s
[130.892s][info][gc,start    ] GC(302) Pause Young (Normal) (G1 Evacuation Pause)
[130.892s][info][gc,task     ] GC(302) Using 2 workers of 2 for evacuation
[130.904s][info][gc,phases   ] GC(302)   Pre Evacuate Collection Set: 0.28ms
[130.904s][info][gc,phases   ] GC(302)   Merge Heap Roots: 0.17ms
[130.904s][info][gc,phases   ] GC(302)   Evacuate Collection Set: 10.90ms
[130.904s][info][gc,phases   ] GC(302)   Post Evacuate Collection Set: 0.39ms
[130.904s][info][gc,phases   ] GC(302)   Other: 0.07ms
[130.904s][info][gc,heap     ] GC(302) Eden regions: 148->0(146)
[130.904s][info][gc,heap     ] GC(302) Survivor regions: 6->7(20)
[130.904s][info][gc,heap     ] GC(302) Old regions: 758->758
[130.904s][info][gc,heap     ] GC(302) Humongous regions: 10->10
[130.904s][info][gc,metaspace] GC(302) Metaspace: 18254K(18432K)->18254K(18432K) NonClass: 15592K(15680K)->15592K(15680K) Class: 2662K(2752K)->2662K(2752K)
[130.904s][info][gc          ] GC(302) Pause Young (Normal) (G1 Evacuation Pause) 920M->774M(978M) 12.030ms
[130.904s][info][gc,cpu      ] GC(302) User=0.02s Sys=0.00s Real=0.01s
[130.994s][info][gc,marking  ] GC(299) Concurrent Mark From Roots 976.481ms
[130.994s][info][gc,marking  ] GC(299) Concurrent Preclean
[130.994s][info][gc,marking  ] GC(299) Concurrent Preclean 0.035ms
[130.994s][info][gc,start    ] GC(299) Pause Remark
[131.001s][info][gc          ] GC(299) Pause Remark 836M->525M(978M) 6.840ms
[131.001s][info][gc,cpu      ] GC(299) User=0.01s Sys=0.00s Real=0.01s
[131.001s][info][gc,marking  ] GC(299) Concurrent Mark 983.657ms
[131.001s][info][gc,marking  ] GC(299) Concurrent Rebuild Remembered Sets and Scrub Regions
[131.183s][info][gc,start    ] GC(303) Pause Young (Normal) (G1 Evacuation Pause)
[131.183s][info][gc,task     ] GC(303) Using 2 workers of 2 for evacuation
[131.228s][info][gc,phases   ] GC(303)   Pre Evacuate Collection Set: 0.48ms
[131.228s][info][gc,phases   ] GC(303)   Merge Heap Roots: 0.54ms
[131.228s][info][gc,phases   ] GC(303)   Evacuate Collection Set: 42.91ms
[131.228s][info][gc,phases   ] GC(303)   Post Evacuate Collection Set: 0.51ms
[131.228s][info][gc,phases   ] GC(303)   Other: 0.08ms
[131.228s][info][gc,heap     ] GC(303) Eden regions: 146->0(416)
[131.228s][info][gc,heap     ] GC(303) Survivor regions: 7->20(20)
[131.228s][info][gc,heap     ] GC(303) Old regions: 453->455
[131.228s][info][gc,heap     ] GC(303) Humongous regions: 7->7
[131.228s][info][gc,metaspace] GC(303) Metaspace: 18254K(18432K)->18254K(18432K) NonClass: 15592K(15680K)->15592K(15680K) Class: 2662K(2752K)->2662K(2752K)
[131.228s][info][gc          ] GC(303) Pause Young (Normal) (G1 Evacuation Pause) 612M->481M(978M) 44.792ms
[131.228s][info][gc,cpu      ] GC(303) User=0.09s Sys=0.00s Real=0.04s
[131.377s][info][gc,marking  ] GC(299) Concurrent Rebuild Remembered Sets and Scrub Regions 375.867ms
[131.377s][info][gc,start    ] GC(299) Pause Cleanup
[131.377s][info][gc          ] GC(299) Pause Cleanup 551M->551M(978M) 0.114ms
[131.377s][info][gc,cpu      ] GC(299) User=0.00s Sys=0.00s Real=0.00s
[131.377s][info][gc,marking  ] GC(299) Concurrent Clear Claimed Marks
[131.377s][info][gc,marking  ] GC(299) Concurrent Clear Claimed Marks 0.027ms
[131.377s][info][gc,marking  ] GC(299) Concurrent Cleanup for Next Mark
[131.380s][info][gc,marking  ] GC(299) Concurrent Cleanup for Next Mark 2.871ms
[131.380s][info][gc          ] GC(299) Concurrent Mark Cycle 1368.419ms
[131.859s][info][gc,start    ] GC(304) Pause Young (Prepare Mixed) (G1 Evacuation Pause)
[131.859s][info][gc,task     ] GC(304) Using 2 workers of 2 for evacuation
[131.895s][info][gc,phases   ] GC(304)   Pre Evacuate Collection Set: 0.29ms
[131.895s][info][gc,phases   ] GC(304)   Merge Heap Roots: 0.58ms
[131.895s][info][gc,phases   ] GC(304)   Evacuate Collection Set: 34.02ms
[131.895s][info][gc,phases   ] GC(304)   Post Evacuate Collection Set: 0.70ms
[131.895s][info][gc,phases   ] GC(304)   Other: 0.10ms
[131.895s][info][gc,heap     ] GC(304) Eden regions: 416->0(329)
[131.895s][info][gc,heap     ] GC(304) Survivor regions: 20->21(55)
[131.895s][info][gc,heap     ] GC(304) Old regions: 455->455
[131.895s][info][gc,heap     ] GC(304) Humongous regions: 7->7
[131.895s][info][gc,metaspace] GC(304) Metaspace: 18254K(18432K)->18254K(18432K) NonClass: 15592K(15680K)->15592K(15680K) Class: 2662K(2752K)->2662K(2752K)
[131.895s][info][gc          ] GC(304) Pause Young (Prepare Mixed) (G1 Evacuation Pause) 897M->482M(978M) 35.923ms
[131.895s][info][gc,cpu      ] GC(304) User=0.07s Sys=0.00s Real=0.04s
[132.353s][info][gc,start    ] GC(305) Pause Young (Mixed) (G1 Evacuation Pause)
[132.353s][info][gc,task     ] GC(305) Using 2 workers of 2 for evacuation
[132.416s][info][gc,phases   ] GC(305)   Pre Evacuate Collection Set: 0.51ms
[132.416s][info][gc,phases   ] GC(305)   Merge Heap Roots: 0.43ms
[132.416s][info][gc,phases   ] GC(305)   Evacuate Collection Set: 60.92ms
[132.416s][info][gc,phases   ] GC(305)   Post Evacuate Collection Set: 0.71ms
[132.416s][info][gc,phases   ] GC(305)   Other: 0.10ms
[132.416s][info][gc,heap     ] GC(305) Eden regions: 376->0(132)
[132.416s][info][gc,heap     ] GC(305) Survivor regions: 21->42(50)
[132.416s][info][gc,heap     ] GC(305) Old regions: 455->445
[132.416s][info][gc,heap     ] GC(305) Humongous regions: 7->7
[132.416s][info][gc,metaspace] GC(305) Metaspace: 18254K(18432K)->18254K(18432K) NonClass: 15592K(15680K)->15592K(15680K) Class: 2662K(2752K)->2662K(2752K)
[132.416s][info][gc          ] GC(305) Pause Young (Mixed) (G1 Evacuation Pause) 858M->493M(978M) 62.920ms
[132.416s][info][gc,cpu      ] GC(305) User=0.12s Sys=0.00s Real=0.06s
[132.540s][info][gc,start    ] GC(306) Pause Young (Mixed) (G1 Evacuation Pause)
[132.540s][info][gc,task     ] GC(306) Using 2 workers of 2 for evacuation
[132.616s][info][gc,phases   ] GC(306)   Pre Evacuate Collection Set: 0.49ms
[132.616s][info][gc,phases   ] GC(306)   Merge Heap Roots: 0.44ms
[132.616s][info][gc,phases   ] GC(306)   Evacuate Collection Set: 74.36ms
[132.616s][info][gc,phases   ] GC(306)   Merge Optional Heap Roots: 0.04ms
[132.616s][info][gc,phases   ] GC(306)   Evacuate Optional Collection Set: 0.12ms
[132.616s][info][gc,phases   ] GC(306)   Post Evacuate Collection Set: 0.46ms
[132.616s][info][gc,phases   ] GC(306)   Other: 0.11ms
[132.616s][info][gc,heap     ] GC(306) Eden regions: 135->0(420)
[132.616s][info][gc,heap     ] GC(306) Survivor regions: 42->13(23)
[132.616s][info][gc,heap     ] GC(306) Old regions: 445->464
[132.616s][info][gc,heap     ] GC(306) Humongous regions: 7->7
[132.616s][info][gc,metaspace] GC(306) Metaspace: 18254K(18432K)->18254K(18432K) NonClass: 15592K(15680K)->15592K(15680K) Class: 2662K(2752K)->2662K(2752K)
[132.616s][info][gc          ] GC(306) Pause Young (Mixed) (G1 Evacuation Pause) 628M->483M(978M) 76.268ms
[132.616s][info][gc,cpu      ] GC(306) User=0.15s Sys=0.00s Real=0.08s
[132.995s][info][gc,start    ] GC(307) Pause Young (Mixed) (G1 Evacuation Pause)
[132.996s][info][gc,task     ] GC(307) Using 2 workers of 2 for evacuation
[133.048s][info][gc,phases   ] GC(307)   Pre Evacuate Collection Set: 0.34ms
[133.049s][info][gc,phases   ] GC(307)   Merge Heap Roots: 0.48ms
[133.049s][info][gc,phases   ] GC(307)   Evacuate Collection Set: 51.33ms
[133.049s][info][gc,phases   ] GC(307)   Post Evacuate Collection Set: 0.67ms
[133.049s][info][gc,phases   ] GC(307)   Other: 0.09ms
[133.049s][info][gc,heap     ] GC(307) Eden regions: 420->0(421)
[133.049s][info][gc,heap     ] GC(307) Survivor regions: 13->38(55)
[133.049s][info][gc,heap     ] GC(307) Old regions: 464->424
[133.049s][info][gc,heap     ] GC(307) Humongous regions: 7->7
[133.049s][info][gc,metaspace] GC(307) Metaspace: 18254K(18432K)->18254K(18432K) NonClass: 15592K(15680K)->15592K(15680K) Class: 2662K(2752K)->2662K(2752K)
[133.049s][info][gc          ] GC(307) Pause Young (Mixed) (G1 Evacuation Pause) 903M->469M(978M) 53.219ms
[133.049s][info][gc,cpu      ] GC(307) User=0.10s Sys=0.00s Real=0.05s
[133.401s][info][gc,start    ] GC(308) Pause Young (Concurrent Start) (G1 Evacuation Pause)
[133.401s][info][gc,task     ] GC(308) Using 2 workers of 2 for evacuation
[133.491s][info][gc,phases   ] GC(308)   Pre Evacuate Collection Set: 0.33ms
[133.491s][info][gc,phases   ] GC(308)   Merge Heap Roots: 0.35ms
[133.491s][info][gc,phases   ] GC(308)   Evacuate Collection Set: 88.33ms
[133.491s][info][gc,phases   ] GC(308)   Post Evacuate Collection Set: 0.67ms
[133.491s][info][gc,phases   ] GC(308)   Other: 0.19ms
[133.491s][info][gc,heap     ] GC(308) Eden regions: 421->0(355)
[133.491s][info][gc,heap     ] GC(308) Survivor regions: 38->58(58)
[133.491s][info][gc,heap     ] GC(308) Old regions: 424->450
[133.491s][info][gc,heap     ] GC(308) Humongous regions: 7->7
[133.491s][info][gc,metaspace] GC(308) Metaspace: 18254K(18432K)->18254K(18432K) NonClass: 15592K(15680K)->15592K(15680K) Class: 2662K(2752K)->2662K(2752K)
[133.491s][info][gc          ] GC(308) Pause Young (Concurrent Start) (G1 Evacuation Pause) 890M->514M(978M) 90.165ms
[133.491s][info][gc,cpu      ] GC(308) User=0.17s Sys=0.00s Real=0.09s
[133.491s][info][gc          ] GC(309) Concurrent Mark Cycle
[133.491s][info][gc,marking  ] GC(309) Concurrent Scan Root Regions
[133.605s][info][gc,marking  ] GC(309) Concurrent Scan Root Regions 113.921ms
[133.605s][info][gc,marking  ] GC(309) Concurrent Mark
[133.605s][info][gc,marking  ] GC(309) Concurrent Mark From Roots
[133.605s][info][gc,task     ] GC(309) Using 1 workers of 1 for marking
[134.130s][info][gc,start    ] GC(310) Pause Young (Normal) (G1 Evacuation Pause)
[134.130s][info][gc,task     ] GC(310) Using 2 workers of 2 for evacuation
[134.198s][info][gc,phases   ] GC(310)   Pre Evacuate Collection Set: 0.31ms
[134.198s][info][gc,phases   ] GC(310)   Merge Heap Roots: 0.26ms
[134.198s][info][gc,phases   ] GC(310)   Evacuate Collection Set: 66.69ms
[134.198s][info][gc,phases   ] GC(310)   Post Evacuate Collection Set: 0.59ms
[134.198s][info][gc,phases   ] GC(310)   Other: 0.08ms
[134.198s][info][gc,heap     ] GC(310) Eden regions: 355->0(364)
[134.198s][info][gc,heap     ] GC(310) Survivor regions: 58->11(52)
[134.198s][info][gc,heap     ] GC(310) Old regions: 450->508
[134.198s][info][gc,heap     ] GC(310) Humongous regions: 7->7
[134.199s][info][gc,metaspace] GC(310) Metaspace: 18255K(18432K)->18255K(18432K) NonClass: 15593K(15680K)->15593K(15680K) Class: 2662K(2752K)->2662K(2752K)
[134.199s][info][gc          ] GC(310) Pause Young (Normal) (G1 Evacuation Pause) 869M->526M(978M) 68.210ms
[134.199s][info][gc,cpu      ] GC(310) User=0.13s Sys=0.00s Real=0.06s
[134.320s][info][gc,marking  ] GC(309) Concurrent Mark From Roots 715.512ms
[134.320s][info][gc,marking  ] GC(309) Concurrent Preclean
[134.320s][info][gc,marking  ] GC(309) Concurrent Preclean 0.028ms
[134.321s][info][gc,start    ] GC(309) Pause Remark
[134.327s][info][gc          ] GC(309) Pause Remark 562M->457M(978M) 6.693ms
[134.327s][info][gc,cpu      ] GC(309) User=0.01s Sys=0.00s Real=0.00s
[134.327s][info][gc,marking  ] GC(309) Concurrent Mark 722.526ms
[134.327s][info][gc,marking  ] GC(309) Concurrent Rebuild Remembered Sets and Scrub Regions
[134.558s][info][gc,marking  ] GC(309) Concurrent Rebuild Remembered Sets and Scrub Regions 231.031ms
[134.559s][info][gc,start    ] GC(309) Pause Cleanup
[134.559s][info][gc          ] GC(309) Pause Cleanup 555M->555M(978M) 0.108ms
[134.559s][info][gc,cpu      ] GC(309) User=0.00s Sys=0.00s Real=0.00s
[134.560s][info][gc,marking  ] GC(309) Concurrent Clear Claimed Marks
[134.560s][info][gc,marking  ] GC(309) Concurrent Clear Claimed Marks 0.061ms
[134.560s][info][gc,marking  ] GC(309) Concurrent Cleanup for Next Mark
[134.565s][info][gc,marking  ] GC(309) Concurrent Cleanup for Next Mark 4.896ms
[134.565s][info][gc          ] GC(309) Concurrent Mark Cycle 1074.538ms
[135.166s][info][gc,start    ] GC(311) Pause Young (Prepare Mixed) (G1 Evacuation Pause)
[135.166s][info][gc,task     ] GC(311) Using 2 workers of 2 for evacuation
[135.191s][info][gc,phases   ] GC(311)   Pre Evacuate Collection Set: 0.51ms
[135.191s][info][gc,phases   ] GC(311)   Merge Heap Roots: 0.27ms
[135.191s][info][gc,phases   ] GC(311)   Evacuate Collection Set: 23.31ms
[135.191s][info][gc,phases   ] GC(311)   Post Evacuate Collection Set: 0.56ms
[135.191s][info][gc,phases   ] GC(311)   Other: 0.10ms
[135.191s][info][gc,heap     ] GC(311) Eden regions: 364->0(461)
[135.191s][info][gc,heap     ] GC(311) Survivor regions: 11->20(47)
[135.191s][info][gc,heap     ] GC(311) Old regions: 406->406
[135.191s][info][gc,heap     ] GC(311) Humongous regions: 4->4
[135.191s][info][gc,metaspace] GC(311) Metaspace: 18257K(18432K)->18257K(18432K) NonClass: 15595K(15680K)->15595K(15680K) Class: 2662K(2752K)->2662K(2752K)
[135.191s][info][gc          ] GC(311) Pause Young (Prepare Mixed) (G1 Evacuation Pause) 785M->430M(978M) 24.988ms
[135.191s][info][gc,cpu      ] GC(311) User=0.05s Sys=0.00s Real=0.03s
[136.198s][info][gc,start    ] GC(312) Pause Young (Mixed) (G1 Evacuation Pause)
[136.199s][info][gc,task     ] GC(312) Using 2 workers of 2 for evacuation
[136.230s][info][gc,phases   ] GC(312)   Pre Evacuate Collection Set: 0.51ms
[136.230s][info][gc,phases   ] GC(312)   Merge Heap Roots: 0.29ms
[136.230s][info][gc,phases   ] GC(312)   Evacuate Collection Set: 29.38ms
[136.230s][info][gc,phases   ] GC(312)   Post Evacuate Collection Set: 0.69ms
[136.230s][info][gc,phases   ] GC(312)   Other: 0.11ms
[136.230s][info][gc,heap     ] GC(312) Eden regions: 461->0(507)
[136.230s][info][gc,heap     ] GC(312) Survivor regions: 20->27(61)
[136.230s][info][gc,heap     ] GC(312) Old regions: 406->358
[136.230s][info][gc,heap     ] GC(312) Humongous regions: 4->4
[136.230s][info][gc,metaspace] GC(312) Metaspace: 18257K(18432K)->18257K(18432K) NonClass: 15595K(15680K)->15595K(15680K) Class: 2662K(2752K)->2662K(2752K)
[136.230s][info][gc          ] GC(312) Pause Young (Mixed) (G1 Evacuation Pause) 891M->388M(978M) 31.154ms
[136.230s][info][gc,cpu      ] GC(312) User=0.06s Sys=0.00s Real=0.03s
[136.766s][info][gc,start    ] GC(313) Pause Young (Concurrent Start) (G1 Evacuation Pause)
[136.767s][info][gc,task     ] GC(313) Using 2 workers of 2 for evacuation
[136.996s][info][gc,mmu      ] GC(313) MMU target violated: 201.0ms (200.0ms/201.0ms)
[136.996s][info][gc,phases   ] GC(313)   Pre Evacuate Collection Set: 0.37ms
[136.996s][info][gc,phases   ] GC(313)   Merge Heap Roots: 0.33ms
[136.996s][info][gc,phases   ] GC(313)   Evacuate Collection Set: 190.67ms
[136.996s][info][gc,phases   ] GC(313)   Post Evacuate Collection Set: 38.12ms
[136.996s][info][gc,phases   ] GC(313)   Other: 0.27ms
[136.996s][info][gc,heap     ] GC(313) Eden regions: 507->0(12)
[136.996s][info][gc,heap     ] GC(313) Survivor regions: 27->67(67)
[136.996s][info][gc,heap     ] GC(313) Old regions: 358->778
[136.996s][info][gc,heap     ] GC(313) Humongous regions: 4->4
[136.996s][info][gc,metaspace] GC(313) Metaspace: 18259K(18432K)->18259K(18432K) NonClass: 15596K(15680K)->15596K(15680K) Class: 2662K(2752K)->2662K(2752K)
[136.996s][info][gc          ] GC(313) Pause Young (Concurrent Start) (G1 Evacuation Pause) (Evacuation Failure: Allocation) 895M->849M(978M) 229.967ms
[136.996s][info][gc          ] GC(314) Concurrent Mark Cycle
[136.996s][info][gc,marking  ] GC(314) Concurrent Scan Root Regions
[136.997s][info][gc,cpu      ] GC(313) User=0.46s Sys=0.00s Real=0.23s
[137.051s][info][gc,start    ] GC(315) Pause Young (Normal) (G1 Evacuation Pause)
[137.051s][info][gc,task     ] GC(315) Using 2 workers of 2 for evacuation
[137.152s][info][gc,marking  ] GC(314) Concurrent Scan Root Regions 155.712ms
[137.152s][info][gc,marking  ] GC(314) Concurrent Mark
[137.152s][info][gc,marking  ] GC(314) Concurrent Mark From Roots
[137.152s][info][gc,task     ] GC(314) Using 1 workers of 1 for marking
[137.302s][info][gc,phases   ] GC(315)   Pre Evacuate Collection Set: 0.42ms
[137.302s][info][gc,phases   ] GC(315)   Merge Heap Roots: 1.66ms
[137.302s][info][gc,phases   ] GC(315)   Evacuate Collection Set: 126.90ms
[137.302s][info][gc,phases   ] GC(315)   Merge Optional Heap Roots: 0.07ms
[137.302s][info][gc,phases   ] GC(315)   Evacuate Optional Collection Set: 20.02ms
[137.302s][info][gc,phases   ] GC(315)   Post Evacuate Collection Set: 0.68ms
[137.302s][info][gc,phases   ] GC(315)   Other: 0.15ms
[137.302s][info][gc,heap     ] GC(315) Eden regions: 12->0(202)
[137.302s][info][gc,heap     ] GC(315) Survivor regions: 67->5(10)
[137.302s][info][gc,heap     ] GC(315) Old regions: 778->712
[137.302s][info][gc,heap     ] GC(315) Humongous regions: 4->4
[137.302s][info][gc,metaspace] GC(315) Metaspace: 18259K(18432K)->18259K(18432K) NonClass: 15596K(15680K)->15596K(15680K) Class: 2662K(2752K)->2662K(2752K)
[137.302s][info][gc          ] GC(315) Pause Young (Normal) (G1 Evacuation Pause) 861M->720M(978M) 251.389ms
[137.302s][info][gc,cpu      ] GC(315) User=0.44s Sys=0.00s Real=0.25s
[137.705s][info][gc,start    ] GC(316) Pause Young (Normal) (G1 Evacuation Pause)
[137.706s][info][gc,task     ] GC(316) Using 2 workers of 2 for evacuation
[137.802s][info][gc,phases   ] GC(316)   Pre Evacuate Collection Set: 0.53ms
[137.802s][info][gc,phases   ] GC(316)   Merge Heap Roots: 0.75ms
[137.802s][info][gc,phases   ] GC(316)   Evacuate Collection Set: 84.71ms
[137.802s][info][gc,phases   ] GC(316)   Post Evacuate Collection Set: 10.45ms
[137.802s][info][gc,phases   ] GC(316)   Other: 0.08ms
[137.802s][info][gc,heap     ] GC(316) Eden regions: 202->0(47)
[137.802s][info][gc,heap     ] GC(316) Survivor regions: 5->23(26)
[137.802s][info][gc,heap     ] GC(316) Old regions: 712->828
[137.802s][info][gc,heap     ] GC(316) Humongous regions: 7->7
[137.802s][info][gc,metaspace] GC(316) Metaspace: 18259K(18432K)->18259K(18432K) NonClass: 15596K(15680K)->15596K(15680K) Class: 2662K(2752K)->2662K(2752K)
[137.802s][info][gc          ] GC(316) Pause Young (Normal) (G1 Evacuation Pause) (Evacuation Failure: Allocation) 925M->858M(978M) 96.792ms
[137.802s][info][gc,cpu      ] GC(316) User=0.20s Sys=0.00s Real=0.10s
[137.926s][info][gc,start    ] GC(317) Pause Young (Normal) (G1 Evacuation Pause)
[137.926s][info][gc,task     ] GC(317) Using 2 workers of 2 for evacuation
[138.009s][info][gc,phases   ] GC(317)   Pre Evacuate Collection Set: 0.35ms
[138.009s][info][gc,phases   ] GC(317)   Merge Heap Roots: 0.90ms
[138.009s][info][gc,phases   ] GC(317)   Evacuate Collection Set: 80.98ms
[138.009s][info][gc,phases   ] GC(317)   Post Evacuate Collection Set: 0.70ms
[138.009s][info][gc,phases   ] GC(317)   Other: 0.10ms
[138.009s][info][gc,heap     ] GC(317) Eden regions: 47->0(289)
[138.009s][info][gc,heap     ] GC(317) Survivor regions: 23->1(9)
[138.009s][info][gc,heap     ] GC(317) Old regions: 828->618
[138.009s][info][gc,heap     ] GC(317) Humongous regions: 7->7
[138.009s][info][gc,metaspace] GC(317) Metaspace: 18259K(18432K)->18259K(18432K) NonClass: 15596K(15680K)->15596K(15680K) Class: 2662K(2752K)->2662K(2752K)
[138.009s][info][gc          ] GC(317) Pause Young (Normal) (G1 Evacuation Pause) 905M->625M(978M) 83.269ms
[138.009s][info][gc,cpu      ] GC(317) User=0.16s Sys=0.00s Real=0.08s
[138.541s][info][gc,marking  ] GC(314) Concurrent Mark From Roots 1388.278ms
[138.541s][info][gc,marking  ] GC(314) Concurrent Preclean
[138.541s][info][gc,marking  ] GC(314) Concurrent Preclean 0.074ms
[138.541s][info][gc,start    ] GC(314) Pause Remark
[138.550s][info][metaspace   ] ChkMgr @0x00007fa2f41626e0 (non-class-space): : reclaiming memory...
[138.550s][info][metaspace   ] ChkMgr @0x00007fa2f41626e0 (non-class-space): nothing reclaimed.
[138.551s][info][metaspace   ] ChkMgr @0x00007fa2f41607f0 (class-space): : reclaiming memory...
[138.551s][info][metaspace   ] ChkMgr @0x00007fa2f41607f0 (class-space): nothing reclaimed.
[138.551s][info][gc          ] GC(314) Pause Remark 800M->800M(978M) 10.043ms
[138.551s][info][gc,cpu      ] GC(314) User=0.02s Sys=0.00s Real=0.01s
[138.553s][info][gc,marking  ] GC(314) Concurrent Mark 1401.045ms
[138.553s][info][gc,marking  ] GC(314) Concurrent Rebuild Remembered Sets and Scrub Regions
[138.780s][info][gc,start    ] GC(318) Pause Young (Normal) (G1 Evacuation Pause)
[138.780s][info][gc,task     ] GC(318) Using 2 workers of 2 for evacuation
[138.851s][info][gc,phases   ] GC(318)   Pre Evacuate Collection Set: 0.51ms
[138.851s][info][gc,phases   ] GC(318)   Merge Heap Roots: 0.64ms
[138.851s][info][gc,phases   ] GC(318)   Evacuate Collection Set: 69.10ms
[138.851s][info][gc,phases   ] GC(318)   Post Evacuate Collection Set: 0.69ms
[138.851s][info][gc,phases   ] GC(318)   Other: 0.09ms
[138.851s][info][gc,heap     ] GC(318) Eden regions: 289->0(274)
[138.851s][info][gc,heap     ] GC(318) Survivor regions: 1->25(37)
[138.851s][info][gc,heap     ] GC(318) Old regions: 618->591
[138.851s][info][gc,heap     ] GC(318) Humongous regions: 13->13
[138.851s][info][gc,metaspace] GC(318) Metaspace: 18241K(18432K)->18241K(18432K) NonClass: 15579K(15680K)->15579K(15680K) Class: 2662K(2752K)->2662K(2752K)
[138.851s][info][gc          ] GC(318) Pause Young (Normal) (G1 Evacuation Pause) 920M->628M(978M) 71.284ms
[138.851s][info][gc,cpu      ] GC(318) User=0.14s Sys=0.00s Real=0.08s
[139.290s][info][gc,marking  ] GC(314) Concurrent Rebuild Remembered Sets and Scrub Regions 736.230ms
[139.290s][info][gc,start    ] GC(314) Pause Cleanup
[139.290s][info][gc          ] GC(314) Pause Cleanup 841M->841M(978M) 0.117ms
[139.290s][info][gc,cpu      ] GC(314) User=0.00s Sys=0.00s Real=0.00s
[139.290s][info][gc,marking  ] GC(314) Concurrent Clear Claimed Marks
[139.290s][info][gc,marking  ] GC(314) Concurrent Clear Claimed Marks 0.033ms
[139.290s][info][gc,marking  ] GC(314) Concurrent Cleanup for Next Mark
[139.295s][info][gc,marking  ] GC(314) Concurrent Cleanup for Next Mark 4.982ms
[139.295s][info][gc          ] GC(314) Concurrent Mark Cycle 2298.564ms
[139.385s][info][gc,start    ] GC(319) Pause Young (Prepare Mixed) (G1 Evacuation Pause)
[139.385s][info][gc,task     ] GC(319) Using 2 workers of 2 for evacuation
[139.435s][info][gc,phases   ] GC(319)   Pre Evacuate Collection Set: 0.51ms
[139.435s][info][gc,phases   ] GC(319)   Merge Heap Roots: 0.56ms
[139.435s][info][gc,phases   ] GC(319)   Evacuate Collection Set: 47.91ms
[139.435s][info][gc,phases   ] GC(319)   Post Evacuate Collection Set: 0.50ms
[139.435s][info][gc,phases   ] GC(319)   Other: 0.08ms
[139.435s][info][gc,heap     ] GC(319) Eden regions: 274->0(289)
[139.435s][info][gc,heap     ] GC(319) Survivor regions: 25->1(38)
[139.435s][info][gc,heap     ] GC(319) Old regions: 591->616
[139.435s][info][gc,heap     ] GC(319) Humongous regions: 13->13
[139.435s][info][gc,metaspace] GC(319) Metaspace: 18241K(18432K)->18241K(18432K) NonClass: 15579K(15680K)->15579K(15680K) Class: 2662K(2752K)->2662K(2752K)
[139.435s][info][gc          ] GC(319) Pause Young (Prepare Mixed) (G1 Evacuation Pause) 902M->629M(978M) 49.779ms
[139.435s][info][gc,cpu      ] GC(319) User=0.10s Sys=0.00s Real=0.05s
[139.862s][info][gc,start    ] GC(320) Pause Young (Mixed) (G1 Evacuation Pause)
[139.863s][info][gc,task     ] GC(320) Using 2 workers of 2 for evacuation
[139.865s][info][gc,phases   ] GC(320)   Pre Evacuate Collection Set: 0.54ms
[139.865s][info][gc,phases   ] GC(320)   Merge Heap Roots: 0.12ms
[139.865s][info][gc,phases   ] GC(320)   Evacuate Collection Set: 1.18ms
[139.865s][info][gc,phases   ] GC(320)   Post Evacuate Collection Set: 0.47ms
[139.865s][info][gc,phases   ] GC(320)   Other: 0.09ms
[139.865s][info][gc,heap     ] GC(320) Eden regions: 289->0(306)
[139.865s][info][gc,heap     ] GC(320) Survivor regions: 1->1(37)
[139.865s][info][gc,heap     ] GC(320) Old regions: 616->607
[139.865s][info][gc,heap     ] GC(320) Humongous regions: 13->13
[139.865s][info][gc,metaspace] GC(320) Metaspace: 18241K(18432K)->18241K(18432K) NonClass: 15579K(15680K)->15579K(15680K) Class: 2662K(2752K)->2662K(2752K)
[139.865s][info][gc          ] GC(320) Pause Young (Mixed) (G1 Evacuation Pause) 918M->620M(978M) 2.626ms
[139.865s][info][gc,cpu      ] GC(320) User=0.01s Sys=0.00s Real=0.00s
[140.281s][info][gc,start    ] GC(321) Pause Young (Concurrent Start) (G1 Evacuation Pause)
[140.281s][info][gc,task     ] GC(321) Using 2 workers of 2 for evacuation
[140.298s][info][gc,phases   ] GC(321)   Pre Evacuate Collection Set: 0.34ms
[140.298s][info][gc,phases   ] GC(321)   Merge Heap Roots: 0.15ms
[140.298s][info][gc,phases   ] GC(321)   Evacuate Collection Set: 15.13ms
[140.298s][info][gc,phases   ] GC(321)   Post Evacuate Collection Set: 0.48ms
[140.298s][info][gc,phases   ] GC(321)   Other: 0.22ms
[140.298s][info][gc,heap     ] GC(321) Eden regions: 306->0(282)
[140.298s][info][gc,heap     ] GC(321) Survivor regions: 1->13(39)
[140.298s][info][gc,heap     ] GC(321) Old regions: 607->607
[140.298s][info][gc,heap     ] GC(321) Humongous regions: 13->13
[140.298s][info][gc,metaspace] GC(321) Metaspace: 18241K(18432K)->18241K(18432K) NonClass: 15579K(15680K)->15579K(15680K) Class: 2662K(2752K)->2662K(2752K)
[140.298s][info][gc          ] GC(321) Pause Young (Concurrent Start) (G1 Evacuation Pause) 926M->632M(978M) 16.555ms
[140.298s][info][gc          ] GC(322) Concurrent Mark Cycle
[140.298s][info][gc,marking  ] GC(322) Concurrent Scan Root Regions
[140.298s][info][gc,cpu      ] GC(321) User=0.03s Sys=0.00s Real=0.01s
[140.324s][info][gc,marking  ] GC(322) Concurrent Scan Root Regions 25.927ms
[140.324s][info][gc,marking  ] GC(322) Concurrent Mark
[140.324s][info][gc,marking  ] GC(322) Concurrent Mark From Roots
[140.324s][info][gc,task     ] GC(322) Using 1 workers of 1 for marking
[140.782s][info][gc,start    ] GC(323) Pause Young (Normal) (G1 Evacuation Pause)
[140.782s][info][gc,task     ] GC(323) Using 2 workers of 2 for evacuation
[140.815s][info][gc,phases   ] GC(323)   Pre Evacuate Collection Set: 0.50ms
[140.815s][info][gc,phases   ] GC(323)   Merge Heap Roots: 0.16ms
[140.815s][info][gc,phases   ] GC(323)   Evacuate Collection Set: 32.46ms
[140.815s][info][gc,phases   ] GC(323)   Post Evacuate Collection Set: 0.49ms
[140.815s][info][gc,phases   ] GC(323)   Other: 0.07ms
[140.815s][info][gc,heap     ] GC(323) Eden regions: 282->0(244)
[140.815s][info][gc,heap     ] GC(323) Survivor regions: 13->32(37)
[140.815s][info][gc,heap     ] GC(323) Old regions: 607->607
[140.815s][info][gc,heap     ] GC(323) Humongous regions: 13->13
[140.815s][info][gc,metaspace] GC(323) Metaspace: 18241K(18432K)->18241K(18432K) NonClass: 15579K(15680K)->15579K(15680K) Class: 2662K(2752K)->2662K(2752K)
[140.815s][info][gc          ] GC(323) Pause Young (Normal) (G1 Evacuation Pause) 914M->651M(978M) 33.906ms
[140.815s][info][gc,cpu      ] GC(323) User=0.06s Sys=0.00s Real=0.03s
[141.314s][info][gc,start    ] GC(324) Pause Young (Normal) (G1 Evacuation Pause)
[141.314s][info][gc,task     ] GC(324) Using 2 workers of 2 for evacuation
[141.355s][info][gc,phases   ] GC(324)   Pre Evacuate Collection Set: 0.51ms
[141.355s][info][gc,phases   ] GC(324)   Merge Heap Roots: 0.20ms
[141.355s][info][gc,phases   ] GC(324)   Evacuate Collection Set: 39.43ms
[141.355s][info][gc,phases   ] GC(324)   Post Evacuate Collection Set: 0.47ms
[141.355s][info][gc,phases   ] GC(324)   Other: 0.09ms
[141.355s][info][gc,heap     ] GC(324) Eden regions: 244->0(257)
[141.355s][info][gc,heap     ] GC(324) Survivor regions: 32->10(35)
[141.355s][info][gc,heap     ] GC(324) Old regions: 607->638
[141.355s][info][gc,heap     ] GC(324) Humongous regions: 13->13
[141.355s][info][gc,metaspace] GC(324) Metaspace: 18241K(18432K)->18241K(18432K) NonClass: 15579K(15680K)->15579K(15680K) Class: 2662K(2752K)->2662K(2752K)
[141.355s][info][gc          ] GC(324) Pause Young (Normal) (G1 Evacuation Pause) 895M->660M(978M) 40.941ms
[141.355s][info][gc,cpu      ] GC(324) User=0.08s Sys=0.00s Real=0.04s
[141.686s][info][gc,marking  ] GC(322) Concurrent Mark From Roots 1362.149ms
[141.686s][info][gc,marking  ] GC(322) Concurrent Preclean
[141.686s][info][gc,marking  ] GC(322) Concurrent Preclean 0.029ms
[141.686s][info][gc,start    ] GC(322) Pause Remark
[141.693s][info][gc          ] GC(322) Pause Remark 742M->679M(978M) 6.798ms
[141.693s][info][gc,cpu      ] GC(322) User=0.01s Sys=0.00s Real=0.01s
[141.693s][info][gc,marking  ] GC(322) Concurrent Mark 1369.291ms
[141.693s][info][gc,marking  ] GC(322) Concurrent Rebuild Remembered Sets and Scrub Regions
[142.071s][info][gc,marking  ] GC(322) Concurrent Rebuild Remembered Sets and Scrub Regions 378.235ms
[142.072s][info][gc,start    ] GC(322) Pause Cleanup
[142.072s][info][gc          ] GC(322) Pause Cleanup 804M->804M(978M) 0.153ms
[142.072s][info][gc,cpu      ] GC(322) User=0.00s Sys=0.00s Real=0.00s
[142.073s][info][gc,marking  ] GC(322) Concurrent Clear Claimed Marks
[142.073s][info][gc,marking  ] GC(322) Concurrent Clear Claimed Marks 0.053ms
[142.073s][info][gc,marking  ] GC(322) Concurrent Cleanup for Next Mark
[142.080s][info][gc,marking  ] GC(322) Concurrent Cleanup for Next Mark 6.814ms
[142.080s][info][gc          ] GC(322) Concurrent Mark Cycle 1782.466ms
[142.154s][info][gc,start    ] GC(325) Pause Young (Prepare Mixed) (G1 Evacuation Pause)
[142.154s][info][gc,task     ] GC(325) Using 2 workers of 2 for evacuation
[142.167s][info][gc,phases   ] GC(325)   Pre Evacuate Collection Set: 0.30ms
[142.167s][info][gc,phases   ] GC(325)   Merge Heap Roots: 0.20ms
[142.167s][info][gc,phases   ] GC(325)   Evacuate Collection Set: 11.12ms
[142.167s][info][gc,phases   ] GC(325)   Post Evacuate Collection Set: 0.45ms
[142.167s][info][gc,phases   ] GC(325)   Other: 0.11ms
[142.167s][info][gc,heap     ] GC(325) Eden regions: 257->0(320)
[142.167s][info][gc,heap     ] GC(325) Survivor regions: 10->10(34)
[142.167s][info][gc,heap     ] GC(325) Old regions: 581->581
[142.167s][info][gc,heap     ] GC(325) Humongous regions: 7->7
[142.167s][info][gc,metaspace] GC(325) Metaspace: 18241K(18432K)->18241K(18432K) NonClass: 15579K(15680K)->15579K(15680K) Class: 2662K(2752K)->2662K(2752K)
[142.167s][info][gc          ] GC(325) Pause Young (Prepare Mixed) (G1 Evacuation Pause) 854M->597M(978M) 12.401ms
[142.167s][info][gc,cpu      ] GC(325) User=0.03s Sys=0.00s Real=0.01s
[142.666s][info][gc,start    ] GC(326) Pause Young (Mixed) (G1 Evacuation Pause)
[142.666s][info][gc,task     ] GC(326) Using 2 workers of 2 for evacuation
[142.707s][info][gc,phases   ] GC(326)   Pre Evacuate Collection Set: 0.51ms
[142.707s][info][gc,phases   ] GC(326)   Merge Heap Roots: 0.71ms
[142.707s][info][gc,phases   ] GC(326)   Evacuate Collection Set: 39.36ms
[142.707s][info][gc,phases   ] GC(326)   Post Evacuate Collection Set: 0.65ms
[142.707s][info][gc,phases   ] GC(326)   Other: 0.12ms
[142.707s][info][gc,heap     ] GC(326) Eden regions: 320->0(382)
[142.707s][info][gc,heap     ] GC(326) Survivor regions: 10->23(42)
[142.707s][info][gc,heap     ] GC(326) Old regions: 581->493
[142.707s][info][gc,heap     ] GC(326) Humongous regions: 7->7
[142.707s][info][gc,metaspace] GC(326) Metaspace: 18241K(18432K)->18241K(18432K) NonClass: 15579K(15680K)->15579K(15680K) Class: 2662K(2752K)->2662K(2752K)
[142.707s][info][gc          ] GC(326) Pause Young (Mixed) (G1 Evacuation Pause) 917M->523M(978M) 41.577ms
[142.707s][info][gc,cpu      ] GC(326) User=0.08s Sys=0.01s Real=0.04s
[143.118s][info][gc,start    ] GC(327) Pause Young (Concurrent Start) (G1 Humongous Allocation)
[143.118s][info][gc,task     ] GC(327) Using 2 workers of 2 for evacuation
[143.200s][info][gc,phases   ] GC(327)   Pre Evacuate Collection Set: 0.30ms
[143.200s][info][gc,phases   ] GC(327)   Merge Heap Roots: 0.19ms
[143.200s][info][gc,phases   ] GC(327)   Evacuate Collection Set: 80.30ms
[143.200s][info][gc,phases   ] GC(327)   Post Evacuate Collection Set: 0.61ms
[143.200s][info][gc,phases   ] GC(327)   Other: 0.13ms
[143.200s][info][gc,heap     ] GC(327) Eden regions: 308->0(295)
[143.200s][info][gc,heap     ] GC(327) Survivor regions: 23->51(51)
[143.200s][info][gc,heap     ] GC(327) Old regions: 493->524
[143.200s][info][gc,heap     ] GC(327) Humongous regions: 7->7
[143.200s][info][gc,metaspace] GC(327) Metaspace: 18242K(18432K)->18242K(18432K) NonClass: 15580K(15680K)->15580K(15680K) Class: 2662K(2752K)->2662K(2752K)
[143.200s][info][gc          ] GC(327) Pause Young (Concurrent Start) (G1 Humongous Allocation) 830M->582M(978M) 81.824ms
[143.200s][info][gc          ] GC(328) Concurrent Mark Cycle
[143.200s][info][gc,marking  ] GC(328) Concurrent Scan Root Regions
[143.200s][info][gc,cpu      ] GC(327) User=0.16s Sys=0.00s Real=0.08s
[143.301s][info][gc,marking  ] GC(328) Concurrent Scan Root Regions 100.382ms
[143.301s][info][gc,marking  ] GC(328) Concurrent Mark
[143.301s][info][gc,marking  ] GC(328) Concurrent Mark From Roots
[143.301s][info][gc,task     ] GC(328) Using 1 workers of 1 for marking
[144.205s][info][gc,start    ] GC(329) Pause Young (Normal) (G1 Evacuation Pause)
[144.205s][info][gc,task     ] GC(329) Using 2 workers of 2 for evacuation
[144.264s][info][gc,phases   ] GC(329)   Pre Evacuate Collection Set: 0.28ms
[144.264s][info][gc,phases   ] GC(329)   Merge Heap Roots: 0.26ms
[144.264s][info][gc,phases   ] GC(329)   Evacuate Collection Set: 58.02ms
[144.264s][info][gc,phases   ] GC(329)   Post Evacuate Collection Set: 0.55ms
[144.264s][info][gc,phases   ] GC(329)   Other: 0.11ms
[144.264s][info][gc,heap     ] GC(329) Eden regions: 295->0(307)
[144.264s][info][gc,heap     ] GC(329) Survivor regions: 51->6(44)
[144.264s][info][gc,heap     ] GC(329) Old regions: 524->576
[144.264s][info][gc,heap     ] GC(329) Humongous regions: 10->10
[144.264s][info][gc,metaspace] GC(329) Metaspace: 18242K(18432K)->18242K(18432K) NonClass: 15580K(15680K)->15580K(15680K) Class: 2662K(2752K)->2662K(2752K)
[144.264s][info][gc          ] GC(329) Pause Young (Normal) (G1 Evacuation Pause) 880M->591M(978M) 59.476ms
[144.264s][info][gc,cpu      ] GC(329) User=0.12s Sys=0.00s Real=0.06s
[144.798s][info][gc,marking  ] GC(328) Concurrent Mark From Roots 1497.610ms
[144.798s][info][gc,marking  ] GC(328) Concurrent Preclean
[144.798s][info][gc,marking  ] GC(328) Concurrent Preclean 0.034ms
[144.799s][info][gc,start    ] GC(328) Pause Remark
[144.805s][info][gc          ] GC(328) Pause Remark 771M->771M(978M) 6.708ms
[144.805s][info][gc,cpu      ] GC(328) User=0.02s Sys=0.00s Real=0.01s
[144.808s][info][gc,marking  ] GC(328) Concurrent Mark 1507.657ms
[144.808s][info][gc,marking  ] GC(328) Concurrent Rebuild Remembered Sets and Scrub Regions
[145.127s][info][gc,start    ] GC(330) Pause Young (Normal) (G1 Evacuation Pause)
[145.127s][info][gc,task     ] GC(330) Using 2 workers of 2 for evacuation
[145.136s][info][gc,phases   ] GC(330)   Pre Evacuate Collection Set: 0.45ms
[145.136s][info][gc,phases   ] GC(330)   Merge Heap Roots: 0.13ms
[145.136s][info][gc,phases   ] GC(330)   Evacuate Collection Set: 7.91ms
[145.136s][info][gc,phases   ] GC(330)   Post Evacuate Collection Set: 0.46ms
[145.136s][info][gc,phases   ] GC(330)   Other: 0.09ms
[145.136s][info][gc,heap     ] GC(330) Eden regions: 307->0(323)
[145.136s][info][gc,heap     ] GC(330) Survivor regions: 6->6(40)
[145.136s][info][gc,heap     ] GC(330) Old regions: 576->576
[145.136s][info][gc,heap     ] GC(330) Humongous regions: 10->10
[145.136s][info][gc,metaspace] GC(330) Metaspace: 18242K(18432K)->18242K(18432K) NonClass: 15580K(15680K)->15580K(15680K) Class: 2662K(2752K)->2662K(2752K)
[145.136s][info][gc          ] GC(330) Pause Young (Normal) (G1 Evacuation Pause) 898M->591M(978M) 9.250ms
[145.136s][info][gc,cpu      ] GC(330) User=0.02s Sys=0.00s Real=0.01s
[145.243s][info][gc,marking  ] GC(328) Concurrent Rebuild Remembered Sets and Scrub Regions 434.963ms
[145.244s][info][gc,start    ] GC(328) Pause Cleanup
[145.244s][info][gc          ] GC(328) Pause Cleanup 642M->642M(978M) 0.113ms
[145.244s][info][gc,cpu      ] GC(328) User=0.00s Sys=0.00s Real=0.00s
[145.244s][info][gc,marking  ] GC(328) Concurrent Clear Claimed Marks
[145.244s][info][gc,marking  ] GC(328) Concurrent Clear Claimed Marks 0.034ms
[145.244s][info][gc,marking  ] GC(328) Concurrent Cleanup for Next Mark
[145.247s][info][gc,marking  ] GC(328) Concurrent Cleanup for Next Mark 2.819ms
[145.247s][info][gc          ] GC(328) Concurrent Mark Cycle 2047.088ms
[145.613s][info][gc,start    ] GC(331) Pause Young (Prepare Mixed) (G1 Evacuation Pause)
[145.613s][info][gc,task     ] GC(331) Using 2 workers of 2 for evacuation
[145.636s][info][gc,phases   ] GC(331)   Pre Evacuate Collection Set: 0.29ms
[145.636s][info][gc,phases   ] GC(331)   Merge Heap Roots: 0.18ms
[145.636s][info][gc,phases   ] GC(331)   Evacuate Collection Set: 21.61ms
[145.636s][info][gc,phases   ] GC(331)   Post Evacuate Collection Set: 0.56ms
[145.636s][info][gc,phases   ] GC(331)   Other: 0.09ms
[145.636s][info][gc,heap     ] GC(331) Eden regions: 323->0(308)
[145.636s][info][gc,heap     ] GC(331) Survivor regions: 6->17(42)
[145.636s][info][gc,heap     ] GC(331) Old regions: 576->576
[145.636s][info][gc,heap     ] GC(331) Humongous regions: 10->10
[145.636s][info][gc,metaspace] GC(331) Metaspace: 18242K(18432K)->18242K(18432K) NonClass: 15580K(15680K)->15580K(15680K) Class: 2662K(2752K)->2662K(2752K)
[145.636s][info][gc          ] GC(331) Pause Young (Prepare Mixed) (G1 Evacuation Pause) 914M->602M(978M) 22.985ms
[145.636s][info][gc,cpu      ] GC(331) User=0.04s Sys=0.00s Real=0.02s
[145.925s][info][gc,start    ] GC(332) Pause Young (Mixed) (G1 Evacuation Pause)
[145.925s][info][gc,task     ] GC(332) Using 2 workers of 2 for evacuation
[145.971s][info][gc,phases   ] GC(332)   Pre Evacuate Collection Set: 0.50ms
[145.972s][info][gc,phases   ] GC(332)   Merge Heap Roots: 0.29ms
[145.972s][info][gc,phases   ] GC(332)   Evacuate Collection Set: 45.40ms
[145.972s][info][gc,phases   ] GC(332)   Post Evacuate Collection Set: 0.56ms
[145.972s][info][gc,phases   ] GC(332)   Other: 0.09ms
[145.972s][info][gc,heap     ] GC(332) Eden regions: 308->0(285)
[145.972s][info][gc,heap     ] GC(332) Survivor regions: 17->33(41)
[145.972s][info][gc,heap     ] GC(332) Old regions: 576->567
[145.972s][info][gc,heap     ] GC(332) Humongous regions: 10->10
[145.972s][info][gc,metaspace] GC(332) Metaspace: 18242K(18432K)->18242K(18432K) NonClass: 15580K(15680K)->15580K(15680K) Class: 2662K(2752K)->2662K(2752K)
[145.972s][info][gc          ] GC(332) Pause Young (Mixed) (G1 Evacuation Pause) 910M->609M(978M) 47.051ms
[145.972s][info][gc,cpu      ] GC(332) User=0.09s Sys=0.00s Real=0.05s
[146.246s][info][gc,start    ] GC(333) Pause Young (Concurrent Start) (G1 Evacuation Pause)
[146.246s][info][gc,task     ] GC(333) Using 2 workers of 2 for evacuation
[146.294s][info][gc,phases   ] GC(333)   Pre Evacuate Collection Set: 0.32ms
[146.294s][info][gc,phases   ] GC(333)   Merge Heap Roots: 0.18ms
[146.294s][info][gc,phases   ] GC(333)   Evacuate Collection Set: 47.65ms
[146.295s][info][gc,phases   ] GC(333)   Post Evacuate Collection Set: 0.56ms
[146.295s][info][gc,phases   ] GC(333)   Other: 0.12ms
[146.295s][info][gc,heap     ] GC(333) Eden regions: 285->0(278)
[146.295s][info][gc,heap     ] GC(333) Survivor regions: 33->28(40)
[146.295s][info][gc,heap     ] GC(333) Old regions: 567->584
[146.295s][info][gc,heap     ] GC(333) Humongous regions: 10->10
[146.295s][info][gc,metaspace] GC(333) Metaspace: 18242K(18432K)->18242K(18432K) NonClass: 15580K(15680K)->15580K(15680K) Class: 2662K(2752K)->2662K(2752K)
[146.295s][info][gc          ] GC(333) Pause Young (Concurrent Start) (G1 Evacuation Pause) 894M->621M(978M) 49.086ms
[146.295s][info][gc          ] GC(334) Concurrent Mark Cycle
[146.295s][info][gc,marking  ] GC(334) Concurrent Scan Root Regions
[146.295s][info][gc,cpu      ] GC(333) User=0.09s Sys=0.00s Real=0.05s
[146.377s][info][gc,marking  ] GC(334) Concurrent Scan Root Regions 82.313ms
[146.377s][info][gc,marking  ] GC(334) Concurrent Mark
[146.377s][info][gc,marking  ] GC(334) Concurrent Mark From Roots
[146.377s][info][gc,task     ] GC(334) Using 1 workers of 1 for marking
[146.986s][info][gc,start    ] GC(335) Pause Young (Normal) (G1 Evacuation Pause)
[146.986s][info][gc,task     ] GC(335) Using 2 workers of 2 for evacuation
[147.061s][info][gc,phases   ] GC(335)   Pre Evacuate Collection Set: 0.53ms
[147.061s][info][gc,phases   ] GC(335)   Merge Heap Roots: 0.45ms
[147.061s][info][gc,phases   ] GC(335)   Evacuate Collection Set: 73.57ms
[147.061s][info][gc,phases   ] GC(335)   Post Evacuate Collection Set: 0.52ms
[147.061s][info][gc,phases   ] GC(335)   Other: 0.10ms
[147.061s][info][gc,heap     ] GC(335) Eden regions: 278->0(231)
[147.061s][info][gc,heap     ] GC(335) Survivor regions: 28->39(39)
[147.061s][info][gc,heap     ] GC(335) Old regions: 584->609
[147.061s][info][gc,heap     ] GC(335) Humongous regions: 10->10
[147.061s][info][gc,metaspace] GC(335) Metaspace: 18244K(18432K)->18244K(18432K) NonClass: 15582K(15680K)->15582K(15680K) Class: 2662K(2752K)->2662K(2752K)
[147.061s][info][gc          ] GC(335) Pause Young (Normal) (G1 Evacuation Pause) 899M->657M(978M) 75.384ms
[147.061s][info][gc,cpu      ] GC(335) User=0.15s Sys=0.00s Real=0.08s
[147.517s][info][gc,start    ] GC(336) Pause Young (Normal) (G1 Evacuation Pause)
[147.518s][info][gc,task     ] GC(336) Using 2 workers of 2 for evacuation
[147.596s][info][gc,phases   ] GC(336)   Pre Evacuate Collection Set: 0.30ms
[147.596s][info][gc,phases   ] GC(336)   Merge Heap Roots: 0.28ms
[147.596s][info][gc,phases   ] GC(336)   Evacuate Collection Set: 76.91ms
[147.596s][info][gc,phases   ] GC(336)   Post Evacuate Collection Set: 0.49ms
[147.596s][info][gc,phases   ] GC(336)   Other: 0.07ms
[147.596s][info][gc,heap     ] GC(336) Eden regions: 231->0(201)
[147.596s][info][gc,heap     ] GC(336) Survivor regions: 39->34(34)
[147.596s][info][gc,heap     ] GC(336) Old regions: 609->649
[147.596s][info][gc,heap     ] GC(336) Humongous regions: 10->10
[147.596s][info][gc,metaspace] GC(336) Metaspace: 18244K(18432K)->18244K(18432K) NonClass: 15582K(15680K)->15582K(15680K) Class: 2662K(2752K)->2662K(2752K)
[147.596s][info][gc          ] GC(336) Pause Young (Normal) (G1 Evacuation Pause) 888M->692M(978M) 78.252ms
[147.596s][info][gc,cpu      ] GC(336) User=0.16s Sys=0.00s Real=0.08s
[147.876s][info][gc,start    ] GC(337) Pause Young (Normal) (G1 Evacuation Pause)
[147.876s][info][gc,task     ] GC(337) Using 2 workers of 2 for evacuation
[147.925s][info][gc,phases   ] GC(337)   Pre Evacuate Collection Set: 0.53ms
[147.925s][info][gc,phases   ] GC(337)   Merge Heap Roots: 0.27ms
[147.925s][info][gc,phases   ] GC(337)   Evacuate Collection Set: 48.15ms
[147.925s][info][gc,phases   ] GC(337)   Post Evacuate Collection Set: 0.41ms
[147.925s][info][gc,phases   ] GC(337)   Other: 0.07ms
[147.925s][info][gc,heap     ] GC(337) Eden regions: 201->0(206)
[147.925s][info][gc,heap     ] GC(337) Survivor regions: 34->12(30)
[147.925s][info][gc,heap     ] GC(337) Old regions: 649->683
[147.925s][info][gc,heap     ] GC(337) Humongous regions: 10->10
[147.925s][info][gc,metaspace] GC(337) Metaspace: 18244K(18432K)->18244K(18432K) NonClass: 15582K(15680K)->15582K(15680K) Class: 2662K(2752K)->2662K(2752K)
[147.925s][info][gc          ] GC(337) Pause Young (Normal) (G1 Evacuation Pause) 893M->704M(978M) 49.653ms
[147.926s][info][gc,cpu      ] GC(337) User=0.10s Sys=0.00s Real=0.05s
[147.948s][info][gc,marking  ] GC(334) Concurrent Mark From Roots 1571.166ms
[147.948s][info][gc,marking  ] GC(334) Concurrent Preclean
[147.948s][info][gc,marking  ] GC(334) Concurrent Preclean 0.025ms
[147.948s][info][gc,start    ] GC(334) Pause Remark
[147.955s][info][gc          ] GC(334) Pause Remark 722M->658M(978M) 6.623ms
[147.955s][info][gc,cpu      ] GC(334) User=0.01s Sys=0.00s Real=0.01s
[147.956s][info][gc,marking  ] GC(334) Concurrent Mark 1578.649ms
[147.956s][info][gc,marking  ] GC(334) Concurrent Rebuild Remembered Sets and Scrub Regions
[148.207s][info][gc,start    ] GC(338) Pause Young (Normal) (G1 Evacuation Pause)
[148.207s][info][gc,task     ] GC(338) Using 2 workers of 2 for evacuation
[148.244s][info][gc,phases   ] GC(338)   Pre Evacuate Collection Set: 0.23ms
[148.245s][info][gc,phases   ] GC(338)   Merge Heap Roots: 0.31ms
[148.245s][info][gc,phases   ] GC(338)   Evacuate Collection Set: 36.49ms
[148.245s][info][gc,phases   ] GC(338)   Post Evacuate Collection Set: 0.45ms
[148.245s][info][gc,phases   ] GC(338)   Other: 0.11ms
[148.245s][info][gc,heap     ] GC(338) Eden regions: 206->0(241)
[148.245s][info][gc,heap     ] GC(338) Survivor regions: 12->28(28)
[148.245s][info][gc,heap     ] GC(338) Old regions: 622->624
[148.245s][info][gc,heap     ] GC(338) Humongous regions: 7->7
[148.245s][info][gc,metaspace] GC(338) Metaspace: 18246K(18432K)->18246K(18432K) NonClass: 15584K(15680K)->15584K(15680K) Class: 2662K(2752K)->2662K(2752K)
[148.245s][info][gc          ] GC(338) Pause Young (Normal) (G1 Evacuation Pause) 846M->659M(978M) 37.810ms
[148.245s][info][gc,cpu      ] GC(338) User=0.07s Sys=0.00s Real=0.04s
[148.479s][info][gc,start    ] GC(339) Pause Young (Normal) (G1 Evacuation Pause)
[148.479s][info][gc,task     ] GC(339) Using 2 workers of 2 for evacuation
[148.564s][info][gc,phases   ] GC(339)   Pre Evacuate Collection Set: 0.46ms
[148.564s][info][gc,phases   ] GC(339)   Merge Heap Roots: 0.38ms
[148.564s][info][gc,phases   ] GC(339)   Evacuate Collection Set: 81.32ms
[148.564s][info][gc,phases   ] GC(339)   Post Evacuate Collection Set: 2.40ms
[148.564s][info][gc,phases   ] GC(339)   Other: 0.09ms
[148.564s][info][gc,heap     ] GC(339) Eden regions: 241->0(150)
[148.564s][info][gc,heap     ] GC(339) Survivor regions: 28->34(34)
[148.564s][info][gc,heap     ] GC(339) Old regions: 624->703
[148.564s][info][gc,heap     ] GC(339) Humongous regions: 7->7
[148.564s][info][gc,metaspace] GC(339) Metaspace: 18258K(18432K)->18258K(18432K) NonClass: 15596K(15680K)->15596K(15680K) Class: 2662K(2752K)->2662K(2752K)
[148.564s][info][gc          ] GC(339) Pause Young (Normal) (G1 Evacuation Pause) (Evacuation Failure: Allocation) 900M->744M(978M) 84.889ms
[148.564s][info][gc,cpu      ] GC(339) User=0.17s Sys=0.00s Real=0.09s
[148.662s][info][gc,marking  ] GC(334) Concurrent Rebuild Remembered Sets and Scrub Regions 706.489ms
[148.662s][info][gc,start    ] GC(334) Pause Cleanup
[148.663s][info][gc          ] GC(334) Pause Cleanup 803M->803M(978M) 0.132ms
[148.663s][info][gc,cpu      ] GC(334) User=0.00s Sys=0.00s Real=0.00s
[148.663s][info][gc,marking  ] GC(334) Concurrent Clear Claimed Marks
[148.663s][info][gc,marking  ] GC(334) Concurrent Clear Claimed Marks 0.046ms
[148.663s][info][gc,marking  ] GC(334) Concurrent Cleanup for Next Mark
[148.666s][info][gc,marking  ] GC(334) Concurrent Cleanup for Next Mark 2.848ms
[148.666s][info][gc          ] GC(334) Concurrent Mark Cycle 2371.686ms
[148.751s][info][gc,start    ] GC(340) Pause Young (Prepare Mixed) (G1 Evacuation Pause)
[148.752s][info][gc,task     ] GC(340) Using 2 workers of 2 for evacuation
[148.801s][info][gc,phases   ] GC(340)   Pre Evacuate Collection Set: 0.52ms
[148.801s][info][gc,phases   ] GC(340)   Merge Heap Roots: 0.45ms
[148.801s][info][gc,phases   ] GC(340)   Evacuate Collection Set: 48.17ms
[148.801s][info][gc,phases   ] GC(340)   Post Evacuate Collection Set: 0.48ms
[148.801s][info][gc,phases   ] GC(340)   Other: 0.08ms
[148.801s][info][gc,heap     ] GC(340) Eden regions: 150->0(194)
[148.801s][info][gc,heap     ] GC(340) Survivor regions: 34->1(23)
[148.801s][info][gc,heap     ] GC(340) Old regions: 703->708
[148.801s][info][gc,heap     ] GC(340) Humongous regions: 7->7
[148.801s][info][gc,metaspace] GC(340) Metaspace: 18258K(18432K)->18258K(18432K) NonClass: 15596K(15680K)->15596K(15680K) Class: 2662K(2752K)->2662K(2752K)
[148.801s][info][gc          ] GC(340) Pause Young (Prepare Mixed) (G1 Evacuation Pause) 894M->715M(978M) 49.972ms
[148.801s][info][gc,cpu      ] GC(340) User=0.10s Sys=0.00s Real=0.05s
[148.990s][info][gc,start    ] GC(341) Pause Young (Mixed) (G1 Evacuation Pause)
[148.990s][info][gc,task     ] GC(341) Using 2 workers of 2 for evacuation
[149.091s][info][gc,phases   ] GC(341)   Pre Evacuate Collection Set: 0.32ms
[149.091s][info][gc,phases   ] GC(341)   Merge Heap Roots: 1.46ms
[149.091s][info][gc,phases   ] GC(341)   Evacuate Collection Set: 83.30ms
[149.091s][info][gc,phases   ] GC(341)   Merge Optional Heap Roots: 0.32ms
[149.091s][info][gc,phases   ] GC(341)   Evacuate Optional Collection Set: 14.06ms
[149.091s][info][gc,phases   ] GC(341)   Post Evacuate Collection Set: 0.94ms
[149.091s][info][gc,phases   ] GC(341)   Other: 0.01ms
[149.091s][info][gc,heap     ] GC(341) Eden regions: 194->0(226)
[149.091s][info][gc,heap     ] GC(341) Survivor regions: 1->16(25)
[149.091s][info][gc,heap     ] GC(341) Old regions: 708->653
[149.091s][info][gc,heap     ] GC(341) Humongous regions: 7->7
[149.091s][info][gc,metaspace] GC(341) Metaspace: 18258K(18432K)->18258K(18432K) NonClass: 15596K(15680K)->15596K(15680K) Class: 2662K(2752K)->2662K(2752K)
[149.091s][info][gc          ] GC(341) Pause Young (Mixed) (G1 Evacuation Pause) 909M->675M(978M) 100.732ms
[149.091s][info][gc,cpu      ] GC(341) User=0.20s Sys=0.00s Real=0.11s
[149.423s][info][gc,start    ] GC(342) Pause Young (Concurrent Start) (G1 Evacuation Pause)
[149.424s][info][gc,task     ] GC(342) Using 2 workers of 2 for evacuation
[149.452s][info][gc,phases   ] GC(342)   Pre Evacuate Collection Set: 0.36ms
[149.452s][info][gc,phases   ] GC(342)   Merge Heap Roots: 0.30ms
[149.452s][info][gc,phases   ] GC(342)   Evacuate Collection Set: 27.48ms
[149.452s][info][gc,phases   ] GC(342)   Post Evacuate Collection Set: 0.47ms
[149.452s][info][gc,phases   ] GC(342)   Other: 0.12ms
[149.452s][info][gc,heap     ] GC(342) Eden regions: 226->0(226)
[149.452s][info][gc,heap     ] GC(342) Survivor regions: 16->21(31)
[149.452s][info][gc,heap     ] GC(342) Old regions: 653->653
[149.452s][info][gc,heap     ] GC(342) Humongous regions: 7->7
[149.452s][info][gc,metaspace] GC(342) Metaspace: 18258K(18432K)->18258K(18432K) NonClass: 15596K(15680K)->15596K(15680K) Class: 2662K(2752K)->2662K(2752K)
[149.452s][info][gc          ] GC(342) Pause Young (Concurrent Start) (G1 Evacuation Pause) 901M->681M(978M) 28.985ms
[149.452s][info][gc,cpu      ] GC(342) User=0.05s Sys=0.00s Real=0.03s
[149.453s][info][gc          ] GC(343) Concurrent Mark Cycle
[149.453s][info][gc,marking  ] GC(343) Concurrent Scan Root Regions
[149.495s][info][gc,marking  ] GC(343) Concurrent Scan Root Regions 42.780ms
[149.495s][info][gc,marking  ] GC(343) Concurrent Mark
[149.495s][info][gc,marking  ] GC(343) Concurrent Mark From Roots
[149.495s][info][gc,task     ] GC(343) Using 1 workers of 1 for marking
[149.744s][info][gc,start    ] GC(344) Pause Young (Normal) (G1 Evacuation Pause)
[149.744s][info][gc,task     ] GC(344) Using 2 workers of 2 for evacuation
[149.776s][info][gc,phases   ] GC(344)   Pre Evacuate Collection Set: 0.28ms
[149.776s][info][gc,phases   ] GC(344)   Merge Heap Roots: 0.25ms
[149.776s][info][gc,phases   ] GC(344)   Evacuate Collection Set: 30.62ms
[149.776s][info][gc,phases   ] GC(344)   Post Evacuate Collection Set: 0.45ms
[149.776s][info][gc,phases   ] GC(344)   Other: 0.10ms
[149.776s][info][gc,heap     ] GC(344) Eden regions: 226->0(228)
[149.776s][info][gc,heap     ] GC(344) Survivor regions: 21->12(31)
[149.776s][info][gc,heap     ] GC(344) Old regions: 653->669
[149.776s][info][gc,heap     ] GC(344) Humongous regions: 7->7
[149.776s][info][gc,metaspace] GC(344) Metaspace: 18258K(18432K)->18258K(18432K) NonClass: 15596K(15680K)->15596K(15680K) Class: 2662K(2752K)->2662K(2752K)
[149.776s][info][gc          ] GC(344) Pause Young (Normal) (G1 Evacuation Pause) 907M->687M(978M) 31.951ms
[149.776s][info][gc,cpu      ] GC(344) User=0.07s Sys=0.00s Real=0.03s
[150.528s][info][gc,start    ] GC(345) Pause Young (Normal) (G1 Evacuation Pause)
[150.529s][info][gc,task     ] GC(345) Using 2 workers of 2 for evacuation
[150.573s][info][gc,phases   ] GC(345)   Pre Evacuate Collection Set: 0.29ms
[150.573s][info][gc,phases   ] GC(345)   Merge Heap Roots: 0.41ms
[150.573s][info][gc,phases   ] GC(345)   Evacuate Collection Set: 43.24ms
[150.573s][info][gc,phases   ] GC(345)   Post Evacuate Collection Set: 0.56ms
[150.573s][info][gc,phases   ] GC(345)   Other: 0.11ms
[150.573s][info][gc,heap     ] GC(345) Eden regions: 228->0(195)
[150.573s][info][gc,heap     ] GC(345) Survivor regions: 12->27(30)
[150.573s][info][gc,heap     ] GC(345) Old regions: 669->669
[150.573s][info][gc,heap     ] GC(345) Humongous regions: 10->10
[150.573s][info][gc,metaspace] GC(345) Metaspace: 18264K(18432K)->18264K(18432K) NonClass: 15602K(15680K)->15602K(15680K) Class: 2662K(2752K)->2662K(2752K)
[150.573s][info][gc          ] GC(345) Pause Young (Normal) (G1 Evacuation Pause) 918M->705M(978M) 44.931ms
[150.573s][info][gc,cpu      ] GC(345) User=0.09s Sys=0.00s Real=0.05s
[150.954s][info][gc,start    ] GC(346) Pause Young (Normal) (G1 Evacuation Pause)
[150.954s][info][gc,task     ] GC(346) Using 2 workers of 2 for evacuation
[151.033s][info][gc,phases   ] GC(346)   Pre Evacuate Collection Set: 0.32ms
[151.033s][info][gc,phases   ] GC(346)   Merge Heap Roots: 0.39ms
[151.033s][info][gc,phases   ] GC(346)   Evacuate Collection Set: 77.42ms
[151.033s][info][gc,phases   ] GC(346)   Post Evacuate Collection Set: 0.47ms
[151.033s][info][gc,phases   ] GC(346)   Other: 0.11ms
[151.033s][info][gc,heap     ] GC(346) Eden regions: 195->0(160)
[151.033s][info][gc,heap     ] GC(346) Survivor regions: 27->28(28)
[151.033s][info][gc,heap     ] GC(346) Old regions: 669->702
[151.033s][info][gc,heap     ] GC(346) Humongous regions: 10->10
[151.033s][info][gc,metaspace] GC(346) Metaspace: 18275K(18432K)->18275K(18432K) NonClass: 15613K(15680K)->15613K(15680K) Class: 2662K(2752K)->2662K(2752K)
[151.033s][info][gc          ] GC(346) Pause Young (Normal) (G1 Evacuation Pause) 900M->739M(978M) 78.952ms
[151.033s][info][gc,cpu      ] GC(346) User=0.16s Sys=0.01s Real=0.08s
[151.282s][info][gc,start    ] GC(347) Pause Young (Normal) (G1 Evacuation Pause)
[151.282s][info][gc,task     ] GC(347) Using 2 workers of 2 for evacuation
[151.315s][info][gc,phases   ] GC(347)   Pre Evacuate Collection Set: 0.29ms
[151.315s][info][gc,phases   ] GC(347)   Merge Heap Roots: 0.22ms
[151.315s][info][gc,phases   ] GC(347)   Evacuate Collection Set: 32.01ms
[151.315s][info][gc,phases   ] GC(347)   Post Evacuate Collection Set: 0.37ms
[151.315s][info][gc,phases   ] GC(347)   Other: 0.07ms
[151.315s][info][gc,heap     ] GC(347) Eden regions: 160->0(182)
[151.315s][info][gc,heap     ] GC(347) Survivor regions: 28->3(24)
[151.315s][info][gc,heap     ] GC(347) Old regions: 702->730
[151.315s][info][gc,heap     ] GC(347) Humongous regions: 10->10
[151.315s][info][gc,metaspace] GC(347) Metaspace: 18278K(18432K)->18278K(18432K) NonClass: 15616K(15680K)->15616K(15680K) Class: 2662K(2752K)->2662K(2752K)
[151.315s][info][gc          ] GC(347) Pause Young (Normal) (G1 Evacuation Pause) 899M->743M(978M) 33.151ms
[151.315s][info][gc,cpu      ] GC(347) User=0.06s Sys=0.00s Real=0.03s
[151.526s][info][gc,marking  ] GC(343) Concurrent Mark From Roots 2030.529ms
[151.526s][info][gc,marking  ] GC(343) Concurrent Preclean
[151.526s][info][gc,marking  ] GC(343) Concurrent Preclean 0.033ms
[151.526s][info][gc,start    ] GC(343) Pause Remark
[151.533s][info][gc          ] GC(343) Pause Remark 834M->834M(978M) 6.614ms
[151.533s][info][gc,cpu      ] GC(343) User=0.01s Sys=0.00s Real=0.01s
[151.533s][info][gc,marking  ] GC(343) Concurrent Mark 2037.470ms
[151.533s][info][gc,marking  ] GC(343) Concurrent Rebuild Remembered Sets and Scrub Regions
[151.706s][info][gc,start    ] GC(348) Pause Young (Normal) (G1 Evacuation Pause)
[151.707s][info][gc,task     ] GC(348) Using 2 workers of 2 for evacuation
[151.722s][info][gc,phases   ] GC(348)   Pre Evacuate Collection Set: 0.45ms
[151.722s][info][gc,phases   ] GC(348)   Merge Heap Roots: 0.27ms
[151.722s][info][gc,phases   ] GC(348)   Evacuate Collection Set: 13.72ms
[151.722s][info][gc,phases   ] GC(348)   Post Evacuate Collection Set: 0.53ms
[151.722s][info][gc,phases   ] GC(348)   Other: 0.09ms
[151.722s][info][gc,heap     ] GC(348) Eden regions: 182->0(174)
[151.722s][info][gc,heap     ] GC(348) Survivor regions: 3->7(24)
[151.722s][info][gc,heap     ] GC(348) Old regions: 730->730
[151.722s][info][gc,heap     ] GC(348) Humongous regions: 10->10
[151.722s][info][gc,metaspace] GC(348) Metaspace: 18281K(18432K)->18281K(18432K) NonClass: 15619K(15680K)->15619K(15680K) Class: 2662K(2752K)->2662K(2752K)
[151.722s][info][gc          ] GC(348) Pause Young (Normal) (G1 Evacuation Pause) 925M->746M(978M) 15.298ms
[151.722s][info][gc,cpu      ] GC(348) User=0.02s Sys=0.00s Real=0.02s
[151.964s][info][gc,start    ] GC(349) Pause Young (Normal) (G1 Evacuation Pause)
[151.964s][info][gc,task     ] GC(349) Using 2 workers of 2 for evacuation
[151.975s][info][gc,phases   ] GC(349)   Pre Evacuate Collection Set: 0.27ms
[151.975s][info][gc,phases   ] GC(349)   Merge Heap Roots: 0.13ms
[151.975s][info][gc,phases   ] GC(349)   Evacuate Collection Set: 10.72ms
[151.975s][info][gc,phases   ] GC(349)   Post Evacuate Collection Set: 0.38ms
[151.975s][info][gc,phases   ] GC(349)   Other: 0.11ms
[151.975s][info][gc,heap     ] GC(349) Eden regions: 174->0(168)
[151.975s][info][gc,heap     ] GC(349) Survivor regions: 7->10(23)
[151.975s][info][gc,heap     ] GC(349) Old regions: 730->730
[151.975s][info][gc,heap     ] GC(349) Humongous regions: 10->10
[151.975s][info][gc,metaspace] GC(349) Metaspace: 18281K(18432K)->18281K(18432K) NonClass: 15619K(15680K)->15619K(15680K) Class: 2662K(2752K)->2662K(2752K)
[151.975s][info][gc          ] GC(349) Pause Young (Normal) (G1 Evacuation Pause) 920M->749M(978M) 11.868ms
[151.975s][info][gc,cpu      ] GC(349) User=0.02s Sys=0.00s Real=0.01s
[152.253s][info][gc,marking  ] GC(343) Concurrent Rebuild Remembered Sets and Scrub Regions 720.147ms
[152.255s][info][gc,start    ] GC(343) Pause Cleanup
[152.255s][info][gc          ] GC(343) Pause Cleanup 870M->870M(978M) 0.116ms
[152.255s][info][gc,cpu      ] GC(343) User=0.00s Sys=0.00s Real=0.00s
[152.255s][info][gc,marking  ] GC(343) Concurrent Clear Claimed Marks
[152.255s][info][gc,marking  ] GC(343) Concurrent Clear Claimed Marks 0.026ms
[152.255s][info][gc,marking  ] GC(343) Concurrent Cleanup for Next Mark
[152.260s][info][gc,marking  ] GC(343) Concurrent Cleanup for Next Mark 4.852ms
[152.260s][info][gc          ] GC(343) Concurrent Mark Cycle 2807.145ms
[152.311s][info][gc,start    ] GC(350) Pause Young (Prepare Mixed) (G1 Evacuation Pause)
[152.311s][info][gc,task     ] GC(350) Using 2 workers of 2 for evacuation
[152.329s][info][gc,phases   ] GC(350)   Pre Evacuate Collection Set: 0.49ms
[152.329s][info][gc,phases   ] GC(350)   Merge Heap Roots: 0.22ms
[152.329s][info][gc,phases   ] GC(350)   Evacuate Collection Set: 16.52ms
[152.329s][info][gc,phases   ] GC(350)   Post Evacuate Collection Set: 0.41ms
[152.329s][info][gc,phases   ] GC(350)   Other: 0.09ms
[152.329s][info][gc,heap     ] GC(350) Eden regions: 168->0(160)
[152.329s][info][gc,heap     ] GC(350) Survivor regions: 10->14(23)
[152.329s][info][gc,heap     ] GC(350) Old regions: 730->730
[152.329s][info][gc,heap     ] GC(350) Humongous regions: 10->10
[152.329s][info][gc,metaspace] GC(350) Metaspace: 18285K(18496K)->18285K(18496K) NonClass: 15623K(15744K)->15623K(15744K) Class: 2662K(2752K)->2662K(2752K)
[152.329s][info][gc          ] GC(350) Pause Young (Prepare Mixed) (G1 Evacuation Pause) 917M->753M(978M) 17.901ms
[152.329s][info][gc,cpu      ] GC(350) User=0.03s Sys=0.00s Real=0.01s
[152.713s][info][gc,start    ] GC(351) Pause Young (Mixed) (G1 Evacuation Pause)
[152.713s][info][gc,task     ] GC(351) Using 2 workers of 2 for evacuation
[152.766s][info][gc,phases   ] GC(351)   Pre Evacuate Collection Set: 0.54ms
[152.766s][info][gc,phases   ] GC(351)   Merge Heap Roots: 0.76ms
[152.766s][info][gc,phases   ] GC(351)   Evacuate Collection Set: 50.79ms
[152.766s][info][gc,phases   ] GC(351)   Post Evacuate Collection Set: 0.46ms
[152.766s][info][gc,phases   ] GC(351)   Other: 0.08ms
[152.766s][info][gc,heap     ] GC(351) Eden regions: 160->0(171)
[152.766s][info][gc,heap     ] GC(351) Survivor regions: 14->11(22)
[152.766s][info][gc,heap     ] GC(351) Old regions: 730->725
[152.766s][info][gc,heap     ] GC(351) Humongous regions: 10->10
[152.766s][info][gc,metaspace] GC(351) Metaspace: 18287K(18496K)->18287K(18496K) NonClass: 15625K(15744K)->15625K(15744K) Class: 2662K(2752K)->2662K(2752K)
[152.766s][info][gc          ] GC(351) Pause Young (Mixed) (G1 Evacuation Pause) 913M->745M(978M) 52.899ms
[152.766s][info][gc,cpu      ] GC(351) User=0.10s Sys=0.00s Real=0.05s
[153.343s][info][gc,start    ] GC(352) Pause Young (Concurrent Start) (G1 Evacuation Pause)
[153.343s][info][gc,task     ] GC(352) Using 2 workers of 2 for evacuation
[153.357s][info][gc,phases   ] GC(352)   Pre Evacuate Collection Set: 0.37ms
[153.357s][info][gc,phases   ] GC(352)   Merge Heap Roots: 0.20ms
[153.357s][info][gc,phases   ] GC(352)   Evacuate Collection Set: 12.71ms
[153.357s][info][gc,phases   ] GC(352)   Post Evacuate Collection Set: 0.43ms
[153.357s][info][gc,phases   ] GC(352)   Other: 0.11ms
[153.357s][info][gc,heap     ] GC(352) Eden regions: 171->0(171)
[153.357s][info][gc,heap     ] GC(352) Survivor regions: 11->11(23)
[153.357s][info][gc,heap     ] GC(352) Old regions: 725->725
[153.357s][info][gc,heap     ] GC(352) Humongous regions: 10->10
[153.357s][info][gc,metaspace] GC(352) Metaspace: 18291K(18496K)->18291K(18496K) NonClass: 15629K(15744K)->15629K(15744K) Class: 2662K(2752K)->2662K(2752K)
[153.357s][info][gc          ] GC(352) Pause Young (Concurrent Start) (G1 Evacuation Pause) 916M->745M(978M) 14.056ms
[153.357s][info][gc,cpu      ] GC(352) User=0.02s Sys=0.00s Real=0.01s
[153.357s][info][gc          ] GC(353) Concurrent Mark Cycle
[153.359s][info][gc,marking  ] GC(353) Concurrent Scan Root Regions
[153.380s][info][gc,marking  ] GC(353) Concurrent Scan Root Regions 20.879ms
[153.380s][info][gc,marking  ] GC(353) Concurrent Mark
[153.380s][info][gc,marking  ] GC(353) Concurrent Mark From Roots
[153.380s][info][gc,task     ] GC(353) Using 1 workers of 1 for marking
[154.266s][info][gc,start    ] GC(354) Pause Young (Normal) (G1 Evacuation Pause)
[154.266s][info][gc,task     ] GC(354) Using 2 workers of 2 for evacuation
[154.301s][info][gc,phases   ] GC(354)   Pre Evacuate Collection Set: 0.29ms
[154.301s][info][gc,phases   ] GC(354)   Merge Heap Roots: 0.26ms
[154.301s][info][gc,phases   ] GC(354)   Evacuate Collection Set: 34.19ms
[154.301s][info][gc,phases   ] GC(354)   Post Evacuate Collection Set: 0.40ms
[154.301s][info][gc,phases   ] GC(354)   Other: 0.09ms
[154.301s][info][gc,heap     ] GC(354) Eden regions: 171->0(138)
[154.301s][info][gc,heap     ] GC(354) Survivor regions: 11->23(23)
[154.301s][info][gc,heap     ] GC(354) Old regions: 725->734
[154.301s][info][gc,heap     ] GC(354) Humongous regions: 10->10
[154.301s][info][gc,metaspace] GC(354) Metaspace: 18291K(18496K)->18291K(18496K) NonClass: 15629K(15744K)->15629K(15744K) Class: 2662K(2752K)->2662K(2752K)
[154.301s][info][gc          ] GC(354) Pause Young (Normal) (G1 Evacuation Pause) 916M->766M(978M) 35.460ms
[154.301s][info][gc,cpu      ] GC(354) User=0.07s Sys=0.00s Real=0.04s
[154.885s][info][gc,start    ] GC(355) Pause Young (Normal) (G1 Evacuation Pause)
[154.885s][info][gc,task     ] GC(355) Using 2 workers of 2 for evacuation
[154.911s][info][gc,phases   ] GC(355)   Pre Evacuate Collection Set: 0.29ms
[154.911s][info][gc,phases   ] GC(355)   Merge Heap Roots: 0.19ms
[154.911s][info][gc,phases   ] GC(355)   Evacuate Collection Set: 24.53ms
[154.911s][info][gc,phases   ] GC(355)   Post Evacuate Collection Set: 0.36ms
[154.911s][info][gc,phases   ] GC(355)   Other: 0.07ms
[154.911s][info][gc,heap     ] GC(355) Eden regions: 138->0(159)
[154.911s][info][gc,heap     ] GC(355) Survivor regions: 23->1(21)
[154.911s][info][gc,heap     ] GC(355) Old regions: 734->757
[154.911s][info][gc,heap     ] GC(355) Humongous regions: 10->10
[154.911s][info][gc,metaspace] GC(355) Metaspace: 18291K(18496K)->18291K(18496K) NonClass: 15629K(15744K)->15629K(15744K) Class: 2662K(2752K)->2662K(2752K)
[154.911s][info][gc          ] GC(355) Pause Young (Normal) (G1 Evacuation Pause) 904M->767M(978M) 25.632ms
[154.911s][info][gc,cpu      ] GC(355) User=0.05s Sys=0.00s Real=0.03s
[155.022s][info][gc,marking  ] GC(353) Concurrent Mark From Roots 1642.108ms
[155.022s][info][gc,marking  ] GC(353) Concurrent Preclean
[155.022s][info][gc,marking  ] GC(353) Concurrent Preclean 0.031ms
[155.023s][info][gc,start    ] GC(353) Pause Remark
[155.029s][info][gc          ] GC(353) Pause Remark 794M->676M(978M) 6.905ms
[155.030s][info][gc,cpu      ] GC(353) User=0.01s Sys=0.00s Real=0.00s
[155.030s][info][gc,marking  ] GC(353) Concurrent Mark 1650.118ms
[155.030s][info][gc,marking  ] GC(353) Concurrent Rebuild Remembered Sets and Scrub Regions
[155.488s][info][gc,start    ] GC(356) Pause Young (Normal) (G1 Evacuation Pause)
[155.488s][info][gc,task     ] GC(356) Using 2 workers of 2 for evacuation
[155.491s][info][gc,phases   ] GC(356)   Pre Evacuate Collection Set: 0.46ms
[155.491s][info][gc,phases   ] GC(356)   Merge Heap Roots: 0.12ms
[155.491s][info][gc,phases   ] GC(356)   Evacuate Collection Set: 1.91ms
[155.491s][info][gc,phases   ] GC(356)   Post Evacuate Collection Set: 0.36ms
[155.491s][info][gc,phases   ] GC(356)   Other: 0.11ms
[155.491s][info][gc,heap     ] GC(356) Eden regions: 159->0(275)
[155.491s][info][gc,heap     ] GC(356) Survivor regions: 1->1(20)
[155.491s][info][gc,heap     ] GC(356) Old regions: 642->642
[155.491s][info][gc,heap     ] GC(356) Humongous regions: 7->7
[155.491s][info][gc,metaspace] GC(356) Metaspace: 18292K(18496K)->18292K(18496K) NonClass: 15630K(15744K)->15630K(15744K) Class: 2662K(2752K)->2662K(2752K)
[155.491s][info][gc          ] GC(356) Pause Young (Normal) (G1 Evacuation Pause) 808M->649M(978M) 3.172ms
[155.491s][info][gc,cpu      ] GC(356) User=0.01s Sys=0.00s Real=0.01s
[155.788s][info][gc,marking  ] GC(353) Concurrent Rebuild Remembered Sets and Scrub Regions 757.956ms
[155.789s][info][gc,start    ] GC(353) Pause Cleanup
[155.789s][info][gc          ] GC(353) Pause Cleanup 675M->675M(978M) 0.149ms
[155.789s][info][gc,cpu      ] GC(353) User=0.00s Sys=0.00s Real=0.00s
[155.789s][info][gc,marking  ] GC(353) Concurrent Clear Claimed Marks
[155.789s][info][gc,marking  ] GC(353) Concurrent Clear Claimed Marks 0.029ms
[155.789s][info][gc,marking  ] GC(353) Concurrent Cleanup for Next Mark
[155.792s][info][gc,marking  ] GC(353) Concurrent Cleanup for Next Mark 2.881ms
[155.792s][info][gc          ] GC(353) Concurrent Mark Cycle 2434.823ms
[156.807s][info][gc,start    ] GC(357) Pause Young (Prepare Mixed) (G1 Evacuation Pause)
[156.807s][info][gc,task     ] GC(357) Using 2 workers of 2 for evacuation
[156.814s][info][gc,phases   ] GC(357)   Pre Evacuate Collection Set: 0.48ms
[156.814s][info][gc,phases   ] GC(357)   Merge Heap Roots: 0.15ms
[156.814s][info][gc,phases   ] GC(357)   Evacuate Collection Set: 5.37ms
[156.814s][info][gc,phases   ] GC(357)   Post Evacuate Collection Set: 0.69ms
[156.814s][info][gc,phases   ] GC(357)   Other: 0.11ms
[156.814s][info][gc,heap     ] GC(357) Eden regions: 275->0(273)
[156.814s][info][gc,heap     ] GC(357) Survivor regions: 1->3(35)
[156.814s][info][gc,heap     ] GC(357) Old regions: 642->642
[156.814s][info][gc,heap     ] GC(357) Humongous regions: 7->7
[156.814s][info][gc,metaspace] GC(357) Metaspace: 18331K(18560K)->18331K(18560K) NonClass: 15669K(15808K)->15669K(15808K) Class: 2662K(2752K)->2662K(2752K)
[156.814s][info][gc          ] GC(357) Pause Young (Prepare Mixed) (G1 Evacuation Pause) 924M->650M(978M) 7.020ms
[156.814s][info][gc,cpu      ] GC(357) User=0.01s Sys=0.00s Real=0.01s
[157.405s][info][gc,start    ] GC(358) Pause Young (Mixed) (G1 Evacuation Pause)
[157.405s][info][gc,task     ] GC(358) Using 2 workers of 2 for evacuation
[157.456s][info][gc,phases   ] GC(358)   Pre Evacuate Collection Set: 0.53ms
[157.456s][info][gc,phases   ] GC(358)   Merge Heap Roots: 0.81ms
[157.456s][info][gc,phases   ] GC(358)   Evacuate Collection Set: 48.62ms
[157.456s][info][gc,phases   ] GC(358)   Post Evacuate Collection Set: 0.77ms
[157.456s][info][gc,phases   ] GC(358)   Other: 0.09ms
[157.456s][info][gc,heap     ] GC(358) Eden regions: 273->0(283)
[157.456s][info][gc,heap     ] GC(358) Survivor regions: 3->18(35)
[157.456s][info][gc,heap     ] GC(358) Old regions: 642->602
[157.456s][info][gc,heap     ] GC(358) Humongous regions: 7->7
[157.456s][info][gc,metaspace] GC(358) Metaspace: 18415K(18624K)->18415K(18624K) NonClass: 15753K(15872K)->15753K(15872K) Class: 2662K(2752K)->2662K(2752K)
[157.456s][info][gc          ] GC(358) Pause Young (Mixed) (G1 Evacuation Pause) 923M->626M(978M) 51.028ms
[157.456s][info][gc,cpu      ] GC(358) User=0.10s Sys=0.00s Real=0.05s
[157.732s][info][gc,start    ] GC(359) Pause Young (Mixed) (G1 Evacuation Pause)
[157.732s][info][gc,task     ] GC(359) Using 2 workers of 2 for evacuation
[157.976s][info][gc,mmu      ] GC(359) MMU target violated: 201.0ms (200.0ms/201.0ms)
[157.976s][info][gc,phases   ] GC(359)   Pre Evacuate Collection Set: 0.53ms
[157.976s][info][gc,phases   ] GC(359)   Merge Heap Roots: 0.63ms
[157.976s][info][gc,phases   ] GC(359)   Evacuate Collection Set: 227.93ms
[157.976s][info][gc,phases   ] GC(359)   Post Evacuate Collection Set: 14.96ms
[157.976s][info][gc,phases   ] GC(359)   Other: 0.14ms
[157.976s][info][gc,heap     ] GC(359) Eden regions: 277->0(0)
[157.976s][info][gc,heap     ] GC(359) Survivor regions: 18->37(37)
[157.976s][info][gc,heap     ] GC(359) Old regions: 602->929
[157.976s][info][gc,heap     ] GC(359) Humongous regions: 7->7
[157.976s][info][gc,metaspace] GC(359) Metaspace: 18442K(18624K)->18442K(18624K) NonClass: 15780K(15872K)->15780K(15872K) Class: 2662K(2752K)->2662K(2752K)
[157.976s][info][gc          ] GC(359) Pause Young (Mixed) (G1 Evacuation Pause) (Evacuation Failure: Allocation) 903M->972M(978M) 244.390ms
[157.976s][info][gc,cpu      ] GC(359) User=0.48s Sys=0.00s Real=0.24s
[157.976s][info][gc,ergo     ] Attempting full compaction
[157.976s][info][gc,start    ] GC(360) Pause Full (G1 Compaction Pause)
[157.976s][info][gc,task     ] GC(360) Using 2 workers of 2 for full compaction
[157.976s][info][gc,phases,start] GC(360) Phase 1: Mark live objects
[158.062s][info][metaspace      ] ChkMgr @0x00007fa2f41626e0 (non-class-space): : reclaiming memory...
[158.062s][info][metaspace      ] ChkMgr @0x00007fa2f41626e0 (non-class-space): nothing reclaimed.
[158.062s][info][metaspace      ] ChkMgr @0x00007fa2f41607f0 (class-space): : reclaiming memory...
[158.062s][info][metaspace      ] ChkMgr @0x00007fa2f41607f0 (class-space): nothing reclaimed.
[158.062s][info][gc,phases      ] GC(360) Phase 1: Mark live objects 86.006ms
[158.062s][info][gc,phases,start] GC(360) Phase 2: Prepare compaction
[158.075s][info][gc,phases      ] GC(360) Phase 2: Prepare compaction 12.925ms
[158.075s][info][gc,phases,start] GC(360) Phase 3: Adjust pointers
[158.114s][info][gc,phases      ] GC(360) Phase 3: Adjust pointers 39.055ms
[158.115s][info][gc,phases,start] GC(360) Phase 4: Compact heap
[158.130s][info][gc,phases      ] GC(360) Phase 4: Compact heap 15.482ms
[158.130s][info][gc,phases,start] GC(360) Phase 5: Reset Metadata
[158.145s][info][gc,phases      ] GC(360) Phase 5: Reset Metadata 14.873ms
[158.153s][info][gc,heap        ] GC(360) Eden regions: 0->0(204)
[158.153s][info][gc,heap        ] GC(360) Survivor regions: 37->0(37)
[158.153s][info][gc,heap        ] GC(360) Old regions: 929->118
[158.153s][info][gc,heap        ] GC(360) Humongous regions: 7->0
[158.153s][info][gc,metaspace   ] GC(360) Metaspace: 18442K(18624K)->18437K(18624K) NonClass: 15780K(15872K)->15774K(15872K) Class: 2662K(2752K)->2662K(2752K)
[158.153s][info][gc             ] GC(360) Pause Full (G1 Compaction Pause) 972M->117M(394M) 176.557ms
[158.153s][info][gc,cpu         ] GC(360) User=0.33s Sys=0.00s Real=0.18s
[158.382s][info][gc,start       ] GC(361) Pause Young (Concurrent Start) (G1 Humongous Allocation)
[158.382s][info][gc,task        ] GC(361) Using 2 workers of 2 for evacuation
[158.439s][info][gc,phases      ] GC(361)   Pre Evacuate Collection Set: 0.23ms
[158.439s][info][gc,phases      ] GC(361)   Merge Heap Roots: 0.13ms
[158.439s][info][gc,phases      ] GC(361)   Evacuate Collection Set: 55.81ms
[158.439s][info][gc,phases      ] GC(361)   Post Evacuate Collection Set: 0.46ms
[158.439s][info][gc,phases      ] GC(361)   Other: 0.10ms
[158.439s][info][gc,heap        ] GC(361) Eden regions: 130->0(135)
[158.439s][info][gc,heap        ] GC(361) Survivor regions: 0->26(26)
[158.439s][info][gc,heap        ] GC(361) Old regions: 118->146
[158.439s][info][gc,heap        ] GC(361) Humongous regions: 0->0
[158.439s][info][gc,metaspace   ] GC(361) Metaspace: 18437K(18624K)->18437K(18624K) NonClass: 15774K(15872K)->15774K(15872K) Class: 2662K(2752K)->2662K(2752K)
[158.439s][info][gc             ] GC(361) Pause Young (Concurrent Start) (G1 Humongous Allocation) 246M->170M(394M) 57.006ms
[158.439s][info][gc,cpu         ] GC(361) User=0.12s Sys=0.00s Real=0.05s
[158.439s][info][gc             ] GC(362) Concurrent Mark Cycle
[158.443s][info][gc,marking     ] GC(362) Concurrent Scan Root Regions
[158.501s][info][gc,marking     ] GC(362) Concurrent Scan Root Regions 58.005ms
[158.501s][info][gc,marking     ] GC(362) Concurrent Mark
[158.501s][info][gc,marking     ] GC(362) Concurrent Mark From Roots
[158.501s][info][gc,task        ] GC(362) Using 1 workers of 1 for marking
[158.905s][info][gc,start       ] GC(363) Pause Young (Normal) (G1 Evacuation Pause)
[158.905s][info][gc,task        ] GC(363) Using 2 workers of 2 for evacuation
[158.989s][info][gc,phases      ] GC(363)   Pre Evacuate Collection Set: 0.22ms
[158.989s][info][gc,phases      ] GC(363)   Merge Heap Roots: 0.59ms
[158.989s][info][gc,phases      ] GC(363)   Evacuate Collection Set: 82.06ms
[158.989s][info][gc,phases      ] GC(363)   Post Evacuate Collection Set: 0.77ms
[158.989s][info][gc,phases      ] GC(363)   Other: 0.08ms
[158.989s][info][gc,heap        ] GC(363) Eden regions: 135->0(134)
[158.989s][info][gc,heap        ] GC(363) Survivor regions: 26->13(21)
[158.989s][info][gc,heap        ] GC(363) Old regions: 146->172
[158.989s][info][gc,heap        ] GC(363) Humongous regions: 1->1
[158.989s][info][gc,metaspace   ] GC(363) Metaspace: 18495K(18688K)->18495K(18688K) NonClass: 15833K(15936K)->15833K(15936K) Class: 2662K(2752K)->2662K(2752K)
[158.989s][info][gc             ] GC(363) Pause Young (Normal) (G1 Evacuation Pause) 306M->184M(394M) 84.003ms
[158.989s][info][gc,cpu         ] GC(363) User=0.16s Sys=0.00s Real=0.08s
[159.038s][info][gc,marking     ] GC(362) Concurrent Mark From Roots 536.859ms
[159.038s][info][gc,marking     ] GC(362) Concurrent Preclean
[159.038s][info][gc,marking     ] GC(362) Concurrent Preclean 0.031ms
[159.040s][info][gc,start       ] GC(362) Pause Remark
[159.048s][info][gc             ] GC(362) Pause Remark 194M->194M(394M) 7.484ms
[159.048s][info][gc,cpu         ] GC(362) User=0.02s Sys=0.00s Real=0.00s
[159.050s][info][gc,marking     ] GC(362) Concurrent Mark 548.817ms
[159.050s][info][gc,marking     ] GC(362) Concurrent Rebuild Remembered Sets and Scrub Regions
[159.245s][info][gc,marking     ] GC(362) Concurrent Rebuild Remembered Sets and Scrub Regions 194.495ms
[159.245s][info][gc,start       ] GC(362) Pause Cleanup
[159.245s][info][gc             ] GC(362) Pause Cleanup 271M->271M(394M) 0.064ms
[159.245s][info][gc,cpu         ] GC(362) User=0.00s Sys=0.00s Real=0.00s
[159.246s][info][gc,marking     ] GC(362) Concurrent Clear Claimed Marks
[159.246s][info][gc,marking     ] GC(362) Concurrent Clear Claimed Marks 0.049ms
[159.246s][info][gc,marking     ] GC(362) Concurrent Cleanup for Next Mark
[159.247s][info][gc,marking     ] GC(362) Concurrent Cleanup for Next Mark 1.174ms
[159.247s][info][gc             ] GC(362) Concurrent Mark Cycle 808.345ms
[159.352s][info][gc,start       ] GC(364) Pause Young (Prepare Mixed) (G1 Evacuation Pause)
[159.353s][info][gc,task        ] GC(364) Using 2 workers of 2 for evacuation
[159.425s][info][gc,phases      ] GC(364)   Pre Evacuate Collection Set: 0.24ms
[159.426s][info][gc,phases      ] GC(364)   Merge Heap Roots: 1.52ms
[159.426s][info][gc,phases      ] GC(364)   Evacuate Collection Set: 70.62ms
[159.426s][info][gc,phases      ] GC(364)   Post Evacuate Collection Set: 0.43ms
[159.426s][info][gc,phases      ] GC(364)   Other: 0.09ms
[159.426s][info][gc,heap        ] GC(364) Eden regions: 134->0(116)
[159.426s][info][gc,heap        ] GC(364) Survivor regions: 13->19(19)
[159.426s][info][gc,heap        ] GC(364) Old regions: 172->188
[159.426s][info][gc,heap        ] GC(364) Humongous regions: 4->4
[159.426s][info][gc,metaspace   ] GC(364) Metaspace: 18504K(18688K)->18504K(18688K) NonClass: 15842K(15936K)->15842K(15936K) Class: 2662K(2752K)->2662K(2752K)
[159.426s][info][gc             ] GC(364) Pause Young (Prepare Mixed) (G1 Evacuation Pause) 321M->210M(394M) 73.186ms
[159.426s][info][gc,cpu         ] GC(364) User=0.14s Sys=0.00s Real=0.07s
[159.630s][info][gc,start       ] GC(365) Pause Young (Mixed) (G1 Evacuation Pause)
[159.630s][info][gc,task        ] GC(365) Using 2 workers of 2 for evacuation
[159.675s][info][gc,phases      ] GC(365)   Pre Evacuate Collection Set: 0.25ms
[159.675s][info][gc,phases      ] GC(365)   Merge Heap Roots: 0.16ms
[159.675s][info][gc,phases      ] GC(365)   Evacuate Collection Set: 44.03ms
[159.675s][info][gc,phases      ] GC(365)   Post Evacuate Collection Set: 0.34ms
[159.675s][info][gc,phases      ] GC(365)   Other: 0.09ms
[159.675s][info][gc,heap        ] GC(365) Eden regions: 116->0(115)
[159.675s][info][gc,heap        ] GC(365) Survivor regions: 19->10(17)
[159.675s][info][gc,heap        ] GC(365) Old regions: 188->207
[159.675s][info][gc,heap        ] GC(365) Humongous regions: 4->4
[159.675s][info][gc,metaspace   ] GC(365) Metaspace: 18504K(18688K)->18504K(18688K) NonClass: 15842K(15936K)->15842K(15936K) Class: 2662K(2752K)->2662K(2752K)
[159.675s][info][gc             ] GC(365) Pause Young (Mixed) (G1 Evacuation Pause) 326M->219M(394M) 45.142ms
[159.675s][info][gc,cpu         ] GC(365) User=0.09s Sys=0.00s Real=0.05s
[159.792s][info][gc,start       ] GC(366) Pause Young (Concurrent Start) (G1 Evacuation Pause)
[159.792s][info][gc,task        ] GC(366) Using 2 workers of 2 for evacuation
[159.814s][info][gc,phases      ] GC(366)   Pre Evacuate Collection Set: 0.22ms
[159.814s][info][gc,phases      ] GC(366)   Merge Heap Roots: 0.11ms
[159.814s][info][gc,phases      ] GC(366)   Evacuate Collection Set: 20.22ms
[159.814s][info][gc,phases      ] GC(366)   Post Evacuate Collection Set: 1.67ms
[159.814s][info][gc,phases      ] GC(366)   Other: 0.18ms
[159.815s][info][gc,heap        ] GC(366) Eden regions: 115->0(228)
[159.815s][info][gc,heap        ] GC(366) Survivor regions: 10->10(16)
[159.815s][info][gc,heap        ] GC(366) Old regions: 207->217
[159.815s][info][gc,heap        ] GC(366) Humongous regions: 4->4
[159.815s][info][gc,metaspace   ] GC(366) Metaspace: 18504K(18688K)->18504K(18688K) NonClass: 15842K(15936K)->15842K(15936K) Class: 2662K(2752K)->2662K(2752K)
[159.815s][info][gc             ] GC(366) Pause Young (Concurrent Start) (G1 Evacuation Pause) 334M->229M(573M) 22.613ms
[159.815s][info][gc,cpu         ] GC(366) User=0.04s Sys=0.00s Real=0.02s
[159.815s][info][gc             ] GC(367) Concurrent Mark Cycle
[159.815s][info][gc,marking     ] GC(367) Concurrent Scan Root Regions
[159.853s][info][gc,marking     ] GC(367) Concurrent Scan Root Regions 38.223ms
[159.853s][info][gc,marking     ] GC(367) Concurrent Mark
[159.853s][info][gc,marking     ] GC(367) Concurrent Mark From Roots
[159.853s][info][gc,task        ] GC(367) Using 1 workers of 1 for marking
[160.238s][info][gc,start       ] GC(368) Pause Young (Normal) (G1 Evacuation Pause)
[160.238s][info][gc,task        ] GC(368) Using 2 workers of 2 for evacuation
[160.289s][info][gc,phases      ] GC(368)   Pre Evacuate Collection Set: 0.24ms
[160.289s][info][gc,phases      ] GC(368)   Merge Heap Roots: 0.19ms
[160.289s][info][gc,phases      ] GC(368)   Evacuate Collection Set: 49.88ms
[160.289s][info][gc,phases      ] GC(368)   Post Evacuate Collection Set: 0.60ms
[160.289s][info][gc,phases      ] GC(368)   Other: 0.09ms
[160.289s][info][gc,heap        ] GC(368) Eden regions: 228->0(198)
[160.289s][info][gc,heap        ] GC(368) Survivor regions: 10->30(30)
[160.289s][info][gc,heap        ] GC(368) Old regions: 217->235
[160.289s][info][gc,heap        ] GC(368) Humongous regions: 4->4
[160.289s][info][gc,metaspace   ] GC(368) Metaspace: 18504K(18688K)->18504K(18688K) NonClass: 15842K(15936K)->15842K(15936K) Class: 2662K(2752K)->2662K(2752K)
[160.289s][info][gc             ] GC(368) Pause Young (Normal) (G1 Evacuation Pause) 457M->268M(573M) 51.228ms
[160.289s][info][gc,cpu         ] GC(368) User=0.11s Sys=0.00s Real=0.05s
[160.619s][info][gc,start       ] GC(369) Pause Young (Normal) (G1 Evacuation Pause)
[160.619s][info][gc,task        ] GC(369) Using 2 workers of 2 for evacuation
[160.691s][info][gc,phases      ] GC(369)   Pre Evacuate Collection Set: 0.24ms
[160.691s][info][gc,phases      ] GC(369)   Merge Heap Roots: 0.34ms
[160.691s][info][gc,phases      ] GC(369)   Evacuate Collection Set: 70.65ms
[160.691s][info][gc,phases      ] GC(369)   Post Evacuate Collection Set: 0.47ms
[160.691s][info][gc,phases      ] GC(369)   Other: 0.09ms
[160.691s][info][gc,heap        ] GC(369) Eden regions: 198->0(177)
[160.691s][info][gc,heap        ] GC(369) Survivor regions: 30->29(29)
[160.691s][info][gc,heap        ] GC(369) Old regions: 235->268
[160.691s][info][gc,heap        ] GC(369) Humongous regions: 5->5
[160.691s][info][gc,metaspace   ] GC(369) Metaspace: 18504K(18688K)->18504K(18688K) NonClass: 15842K(15936K)->15842K(15936K) Class: 2662K(2752K)->2662K(2752K)
[160.691s][info][gc             ] GC(369) Pause Young (Normal) (G1 Evacuation Pause) 467M->301M(573M) 72.021ms
[160.691s][info][gc,cpu         ] GC(369) User=0.14s Sys=0.00s Real=0.08s
[160.756s][info][gc,marking     ] GC(367) Concurrent Mark From Roots 903.219ms
[160.756s][info][gc,marking     ] GC(367) Concurrent Preclean
[160.756s][info][gc,marking     ] GC(367) Concurrent Preclean 0.035ms
[160.756s][info][gc,start       ] GC(367) Pause Remark
[160.763s][info][gc             ] GC(367) Pause Remark 379M->378M(573M) 6.927ms
[160.763s][info][gc,cpu         ] GC(367) User=0.01s Sys=0.00s Real=0.01s
[160.765s][info][gc,marking     ] GC(367) Concurrent Mark 912.391ms
[160.765s][info][gc,marking     ] GC(367) Concurrent Rebuild Remembered Sets and Scrub Regions
[160.888s][info][gc,start       ] GC(370) Pause Young (Normal) (G1 Evacuation Pause)
[160.888s][info][gc,task        ] GC(370) Using 2 workers of 2 for evacuation
[160.923s][info][gc,phases      ] GC(370)   Pre Evacuate Collection Set: 0.28ms
[160.923s][info][gc,phases      ] GC(370)   Merge Heap Roots: 0.23ms
[160.923s][info][gc,phases      ] GC(370)   Evacuate Collection Set: 34.30ms
[160.923s][info][gc,phases      ] GC(370)   Post Evacuate Collection Set: 0.36ms
[160.923s][info][gc,phases      ] GC(370)   Other: 0.08ms
[160.923s][info][gc,heap        ] GC(370) Eden regions: 177->0(187)
[160.923s][info][gc,heap        ] GC(370) Survivor regions: 29->4(26)
[160.923s][info][gc,heap        ] GC(370) Old regions: 268->297
[160.923s][info][gc,heap        ] GC(370) Humongous regions: 4->4
[160.923s][info][gc,metaspace   ] GC(370) Metaspace: 18504K(18688K)->18504K(18688K) NonClass: 15842K(15936K)->15842K(15936K) Class: 2662K(2752K)->2662K(2752K)
[160.923s][info][gc             ] GC(370) Pause Young (Normal) (G1 Evacuation Pause) 477M->304M(573M) 35.458ms
[160.923s][info][gc,cpu         ] GC(370) User=0.07s Sys=0.00s Real=0.04s
[160.988s][info][gc,marking     ] GC(367) Concurrent Rebuild Remembered Sets and Scrub Regions 223.010ms
[160.989s][info][gc,start       ] GC(367) Pause Cleanup
[160.989s][info][gc             ] GC(367) Pause Cleanup 349M->349M(573M) 0.073ms
[160.989s][info][gc,cpu         ] GC(367) User=0.00s Sys=0.00s Real=0.00s
[160.989s][info][gc,marking     ] GC(367) Concurrent Clear Claimed Marks
[160.989s][info][gc,marking     ] GC(367) Concurrent Clear Claimed Marks 0.033ms
[160.989s][info][gc,marking     ] GC(367) Concurrent Cleanup for Next Mark
[160.993s][info][gc,marking     ] GC(367) Concurrent Cleanup for Next Mark 3.435ms
[160.993s][info][gc             ] GC(367) Concurrent Mark Cycle 1178.298ms
[161.105s][info][gc,start       ] GC(371) Pause Young (Prepare Mixed) (G1 Evacuation Pause)
[161.106s][info][gc,task        ] GC(371) Using 2 workers of 2 for evacuation
[161.117s][info][gc,phases      ] GC(371)   Pre Evacuate Collection Set: 0.32ms
[161.117s][info][gc,phases      ] GC(371)   Merge Heap Roots: 0.12ms
[161.117s][info][gc,phases      ] GC(371)   Evacuate Collection Set: 10.09ms
[161.117s][info][gc,phases      ] GC(371)   Post Evacuate Collection Set: 0.41ms
[161.117s][info][gc,phases      ] GC(371)   Other: 0.09ms
[161.117s][info][gc,heap        ] GC(371) Eden regions: 187->0(194)
[161.117s][info][gc,heap        ] GC(371) Survivor regions: 4->8(24)
[161.117s][info][gc,heap        ] GC(371) Old regions: 297->297
[161.117s][info][gc,heap        ] GC(371) Humongous regions: 4->4
[161.117s][info][gc,metaspace   ] GC(371) Metaspace: 18504K(18688K)->18504K(18688K) NonClass: 15842K(15936K)->15842K(15936K) Class: 2662K(2752K)->2662K(2752K)
[161.117s][info][gc             ] GC(371) Pause Young (Prepare Mixed) (G1 Evacuation Pause) 491M->308M(573M) 11.249ms
[161.117s][info][gc,cpu         ] GC(371) User=0.02s Sys=0.00s Real=0.01s
[161.446s][info][gc,start       ] GC(372) Pause Young (Mixed) (G1 Evacuation Pause)
[161.446s][info][gc,task        ] GC(372) Using 2 workers of 2 for evacuation
[161.471s][info][gc,phases      ] GC(372)   Pre Evacuate Collection Set: 0.25ms
[161.471s][info][gc,phases      ] GC(372)   Merge Heap Roots: 0.18ms
[161.471s][info][gc,phases      ] GC(372)   Evacuate Collection Set: 22.87ms
[161.471s][info][gc,phases      ] GC(372)   Post Evacuate Collection Set: 0.74ms
[161.471s][info][gc,phases      ] GC(372)   Other: 0.11ms
[161.471s][info][gc,heap        ] GC(372) Eden regions: 194->0(229)
[161.471s][info][gc,heap        ] GC(372) Survivor regions: 8->11(26)
[161.471s][info][gc,heap        ] GC(372) Old regions: 297->297
[161.471s][info][gc,heap        ] GC(372) Humongous regions: 4->4
[161.471s][info][gc,metaspace   ] GC(372) Metaspace: 18504K(18688K)->18504K(18688K) NonClass: 15842K(15936K)->15842K(15936K) Class: 2662K(2752K)->2662K(2752K)
[161.471s][info][gc             ] GC(372) Pause Young (Mixed) (G1 Evacuation Pause) 502M->311M(611M) 24.429ms
[161.471s][info][gc,cpu         ] GC(372) User=0.04s Sys=0.00s Real=0.03s
[161.823s][info][gc,start       ] GC(373) Pause Young (Concurrent Start) (G1 Humongous Allocation)
[161.823s][info][gc,task        ] GC(373) Using 2 workers of 2 for evacuation
[161.907s][info][gc,phases      ] GC(373)   Pre Evacuate Collection Set: 0.29ms
[161.907s][info][gc,phases      ] GC(373)   Merge Heap Roots: 0.20ms
[161.907s][info][gc,phases      ] GC(373)   Evacuate Collection Set: 82.98ms
[161.907s][info][gc,phases      ] GC(373)   Post Evacuate Collection Set: 0.59ms
[161.908s][info][gc,phases      ] GC(373)   Other: 0.11ms
[161.908s][info][gc,heap        ] GC(373) Eden regions: 208->0(156)
[161.908s][info][gc,heap        ] GC(373) Survivor regions: 11->30(30)
[161.908s][info][gc,heap        ] GC(373) Old regions: 297->348
[161.908s][info][gc,heap        ] GC(373) Humongous regions: 4->4
[161.908s][info][gc,metaspace   ] GC(373) Metaspace: 18507K(18688K)->18507K(18688K) NonClass: 15845K(15936K)->15845K(15936K) Class: 2662K(2752K)->2662K(2752K)
[161.908s][info][gc             ] GC(373) Pause Young (Concurrent Start) (G1 Humongous Allocation) 519M->381M(611M) 84.449ms
[161.908s][info][gc,cpu         ] GC(373) User=0.17s Sys=0.00s Real=0.08s
[161.908s][info][gc             ] GC(374) Concurrent Mark Cycle
[161.908s][info][gc,marking     ] GC(374) Concurrent Scan Root Regions
[162.023s][info][gc,marking     ] GC(374) Concurrent Scan Root Regions 114.936ms
[162.023s][info][gc,marking     ] GC(374) Concurrent Mark
[162.023s][info][gc,marking     ] GC(374) Concurrent Mark From Roots
[162.023s][info][gc,task        ] GC(374) Using 1 workers of 1 for marking
[162.163s][info][gc,start       ] GC(375) Pause Young (Normal) (G1 Evacuation Pause)
[162.163s][info][gc,task        ] GC(375) Using 2 workers of 2 for evacuation
[162.212s][info][gc,phases      ] GC(375)   Pre Evacuate Collection Set: 0.24ms
[162.212s][info][gc,phases      ] GC(375)   Merge Heap Roots: 0.41ms
[162.212s][info][gc,phases      ] GC(375)   Evacuate Collection Set: 48.08ms
[162.212s][info][gc,phases      ] GC(375)   Post Evacuate Collection Set: 0.40ms
[162.212s][info][gc,phases      ] GC(375)   Other: 0.08ms
[162.212s][info][gc,heap        ] GC(375) Eden regions: 156->0(156)
[162.212s][info][gc,heap        ] GC(375) Survivor regions: 30->9(24)
[162.212s][info][gc,heap        ] GC(375) Old regions: 348->379
[162.212s][info][gc,heap        ] GC(375) Humongous regions: 5->5
[162.212s][info][gc,metaspace   ] GC(375) Metaspace: 18507K(18688K)->18507K(18688K) NonClass: 15845K(15936K)->15845K(15936K) Class: 2662K(2752K)->2662K(2752K)
[162.212s][info][gc             ] GC(375) Pause Young (Normal) (G1 Evacuation Pause) 538M->392M(611M) 49.478ms
[162.212s][info][gc,cpu         ] GC(375) User=0.09s Sys=0.00s Real=0.05s
[162.472s][info][gc,start       ] GC(376) Pause Young (Normal) (G1 Evacuation Pause)
[162.472s][info][gc,task        ] GC(376) Using 2 workers of 2 for evacuation
[162.485s][info][gc,phases      ] GC(376)   Pre Evacuate Collection Set: 0.24ms
[162.485s][info][gc,phases      ] GC(376)   Merge Heap Roots: 0.13ms
[162.485s][info][gc,phases      ] GC(376)   Evacuate Collection Set: 12.53ms
[162.485s][info][gc,phases      ] GC(376)   Post Evacuate Collection Set: 0.37ms
[162.485s][info][gc,phases      ] GC(376)   Other: 0.07ms
[162.485s][info][gc,heap        ] GC(376) Eden regions: 156->0(160)
[162.485s][info][gc,heap        ] GC(376) Survivor regions: 9->11(21)
[162.485s][info][gc,heap        ] GC(376) Old regions: 379->379
[162.485s][info][gc,heap        ] GC(376) Humongous regions: 5->5
[162.485s][info][gc,metaspace   ] GC(376) Metaspace: 18507K(18688K)->18507K(18688K) NonClass: 15845K(15936K)->15845K(15936K) Class: 2662K(2752K)->2662K(2752K)
[162.486s][info][gc             ] GC(376) Pause Young (Normal) (G1 Evacuation Pause) 548M->394M(611M) 13.577ms
[162.486s][info][gc,cpu         ] GC(376) User=0.02s Sys=0.00s Real=0.01s
[162.593s][info][gc,marking     ] GC(374) Concurrent Mark From Roots 570.593ms
[162.593s][info][gc,marking     ] GC(374) Concurrent Preclean
[162.593s][info][gc,marking     ] GC(374) Concurrent Preclean 0.034ms
[162.594s][info][gc,start       ] GC(374) Pause Remark
[162.601s][info][gc             ] GC(374) Pause Remark 426M->388M(611M) 7.491ms
[162.601s][info][gc,cpu         ] GC(374) User=0.02s Sys=0.00s Real=0.01s
[162.601s][info][gc,marking     ] GC(374) Concurrent Mark 578.442ms
[162.601s][info][gc,marking     ] GC(374) Concurrent Rebuild Remembered Sets and Scrub Regions
[162.840s][info][gc,marking     ] GC(374) Concurrent Rebuild Remembered Sets and Scrub Regions 238.646ms
[162.840s][info][gc,start       ] GC(374) Pause Cleanup
[162.840s][info][gc             ] GC(374) Pause Cleanup 434M->434M(611M) 0.089ms
[162.840s][info][gc,cpu         ] GC(374) User=0.00s Sys=0.00s Real=0.00s
[162.841s][info][gc,marking     ] GC(374) Concurrent Clear Claimed Marks
[162.841s][info][gc,marking     ] GC(374) Concurrent Clear Claimed Marks 0.049ms
[162.841s][info][gc,marking     ] GC(374) Concurrent Cleanup for Next Mark
[162.846s][info][gc,marking     ] GC(374) Concurrent Cleanup for Next Mark 4.255ms
[162.846s][info][gc             ] GC(374) Concurrent Mark Cycle 937.936ms
[162.983s][info][gc,start       ] GC(377) Pause Young (Prepare Mixed) (G1 Evacuation Pause)
[162.983s][info][gc,task        ] GC(377) Using 2 workers of 2 for evacuation
[162.998s][info][gc,phases      ] GC(377)   Pre Evacuate Collection Set: 0.34ms
[162.998s][info][gc,phases      ] GC(377)   Merge Heap Roots: 0.20ms
[162.998s][info][gc,phases      ] GC(377)   Evacuate Collection Set: 14.08ms
[162.998s][info][gc,phases      ] GC(377)   Post Evacuate Collection Set: 0.42ms
[162.998s][info][gc,phases      ] GC(377)   Other: 0.08ms
[162.998s][info][gc,heap        ] GC(377) Eden regions: 160->0(189)
[162.998s][info][gc,heap        ] GC(377) Survivor regions: 11->12(22)
[162.998s][info][gc,heap        ] GC(377) Old regions: 342->342
[162.998s][info][gc,heap        ] GC(377) Humongous regions: 4->4
[162.998s][info][gc,metaspace   ] GC(377) Metaspace: 18507K(18688K)->18507K(18688K) NonClass: 15845K(15936K)->15845K(15936K) Class: 2662K(2752K)->2662K(2752K)
[162.998s][info][gc             ] GC(377) Pause Young (Prepare Mixed) (G1 Evacuation Pause) 516M->356M(611M) 15.390ms
[162.998s][info][gc,cpu         ] GC(377) User=0.03s Sys=0.00s Real=0.01s
[163.255s][info][gc,start       ] GC(378) Pause Young (Mixed) (G1 Evacuation Pause)
[163.255s][info][gc,task        ] GC(378) Using 2 workers of 2 for evacuation
[163.339s][info][gc,phases      ] GC(378)   Pre Evacuate Collection Set: 0.29ms
[163.339s][info][gc,phases      ] GC(378)   Merge Heap Roots: 0.22ms
[163.339s][info][gc,phases      ] GC(378)   Evacuate Collection Set: 83.06ms
[163.339s][info][gc,phases      ] GC(378)   Post Evacuate Collection Set: 0.60ms
[163.339s][info][gc,phases      ] GC(378)   Other: 0.13ms
[163.339s][info][gc,heap        ] GC(378) Eden regions: 189->0(136)
[163.339s][info][gc,heap        ] GC(378) Survivor regions: 12->26(26)
[163.339s][info][gc,heap        ] GC(378) Old regions: 342->370
[163.339s][info][gc,heap        ] GC(378) Humongous regions: 4->4
[163.339s][info][gc,metaspace   ] GC(378) Metaspace: 18507K(18688K)->18507K(18688K) NonClass: 15845K(15936K)->15845K(15936K) Class: 2662K(2752K)->2662K(2752K)
[163.339s][info][gc             ] GC(378) Pause Young (Mixed) (G1 Evacuation Pause) 545M->399M(623M) 84.572ms
[163.339s][info][gc,cpu         ] GC(378) User=0.15s Sys=0.01s Real=0.08s
[163.435s][info][gc,start       ] GC(379) Pause Young (Concurrent Start) (G1 Humongous Allocation)
[163.435s][info][gc,task        ] GC(379) Using 2 workers of 2 for evacuation
[163.481s][info][gc,phases      ] GC(379)   Pre Evacuate Collection Set: 0.29ms
[163.481s][info][gc,phases      ] GC(379)   Merge Heap Roots: 0.36ms
[163.481s][info][gc,phases      ] GC(379)   Evacuate Collection Set: 44.43ms
[163.481s][info][gc,phases      ] GC(379)   Post Evacuate Collection Set: 1.04ms
[163.481s][info][gc,phases      ] GC(379)   Other: 0.12ms
[163.481s][info][gc,heap        ] GC(379) Eden regions: 37->0(174)
[163.481s][info][gc,heap        ] GC(379) Survivor regions: 26->8(21)
[163.481s][info][gc,heap        ] GC(379) Old regions: 370->397
[163.481s][info][gc,heap        ] GC(379) Humongous regions: 4->4
[163.481s][info][gc,metaspace   ] GC(379) Metaspace: 18507K(18688K)->18507K(18688K) NonClass: 15845K(15936K)->15845K(15936K) Class: 2662K(2752K)->2662K(2752K)
[163.481s][info][gc             ] GC(379) Pause Young (Concurrent Start) (G1 Humongous Allocation) 436M->408M(694M) 46.496ms
[163.481s][info][gc             ] GC(380) Concurrent Mark Cycle
[163.481s][info][gc,marking     ] GC(380) Concurrent Scan Root Regions
[163.482s][info][gc,cpu         ] GC(379) User=0.09s Sys=0.00s Real=0.05s
[163.539s][info][gc,marking     ] GC(380) Concurrent Scan Root Regions 57.371ms
[163.539s][info][gc,marking     ] GC(380) Concurrent Mark
[163.539s][info][gc,marking     ] GC(380) Concurrent Mark From Roots
[163.539s][info][gc,task        ] GC(380) Using 1 workers of 1 for marking
[163.780s][info][gc,start       ] GC(381) Pause Young (Normal) (G1 Evacuation Pause)
[163.780s][info][gc,task        ] GC(381) Using 2 workers of 2 for evacuation
[163.840s][info][gc,phases      ] GC(381)   Pre Evacuate Collection Set: 0.23ms
[163.840s][info][gc,phases      ] GC(381)   Merge Heap Roots: 0.35ms
[163.840s][info][gc,phases      ] GC(381)   Evacuate Collection Set: 59.41ms
[163.840s][info][gc,phases      ] GC(381)   Post Evacuate Collection Set: 0.50ms
[163.840s][info][gc,phases      ] GC(381)   Other: 0.09ms
[163.840s][info][gc,heap        ] GC(381) Eden regions: 174->0(139)
[163.840s][info][gc,heap        ] GC(381) Survivor regions: 8->23(23)
[163.840s][info][gc,heap        ] GC(381) Old regions: 397->423
[163.840s][info][gc,heap        ] GC(381) Humongous regions: 5->5
[163.840s][info][gc,metaspace   ] GC(381) Metaspace: 18507K(18688K)->18507K(18688K) NonClass: 15845K(15936K)->15845K(15936K) Class: 2662K(2752K)->2662K(2752K)
[163.840s][info][gc             ] GC(381) Pause Young (Normal) (G1 Evacuation Pause) 583M->450M(694M) 60.838ms
[163.840s][info][gc,cpu         ] GC(381) User=0.11s Sys=0.01s Real=0.07s
[163.996s][info][gc,start       ] GC(382) Pause Young (Normal) (G1 Evacuation Pause)
[163.997s][info][gc,task        ] GC(382) Using 2 workers of 2 for evacuation
[164.077s][info][gc,phases      ] GC(382)   Pre Evacuate Collection Set: 0.38ms
[164.077s][info][gc,phases      ] GC(382)   Merge Heap Roots: 0.37ms
[164.077s][info][gc,phases      ] GC(382)   Evacuate Collection Set: 78.91ms
[164.077s][info][gc,phases      ] GC(382)   Post Evacuate Collection Set: 0.41ms
[164.077s][info][gc,phases      ] GC(382)   Other: 0.07ms
[164.077s][info][gc,heap        ] GC(382) Eden regions: 139->0(106)
[164.077s][info][gc,heap        ] GC(382) Survivor regions: 23->21(21)
[164.077s][info][gc,heap        ] GC(382) Old regions: 423->474
[164.077s][info][gc,heap        ] GC(382) Humongous regions: 5->5
[164.077s][info][gc,metaspace   ] GC(382) Metaspace: 18507K(18688K)->18507K(18688K) NonClass: 15845K(15936K)->15845K(15936K) Class: 2662K(2752K)->2662K(2752K)
[164.077s][info][gc             ] GC(382) Pause Young (Normal) (G1 Evacuation Pause) 589M->499M(694M) 80.407ms
[164.077s][info][gc,cpu         ] GC(382) User=0.16s Sys=0.00s Real=0.08s
[164.295s][info][gc,start       ] GC(383) Pause Young (Normal) (G1 Evacuation Pause)
[164.296s][info][gc,task        ] GC(383) Using 2 workers of 2 for evacuation
[164.317s][info][gc,phases      ] GC(383)   Pre Evacuate Collection Set: 0.40ms
[164.317s][info][gc,phases      ] GC(383)   Merge Heap Roots: 0.09ms
[164.317s][info][gc,phases      ] GC(383)   Evacuate Collection Set: 20.16ms
[164.317s][info][gc,phases      ] GC(383)   Post Evacuate Collection Set: 0.32ms
[164.317s][info][gc,phases      ] GC(383)   Other: 0.09ms
[164.317s][info][gc,heap        ] GC(383) Eden regions: 106->0(114)
[164.317s][info][gc,heap        ] GC(383) Survivor regions: 21->1(16)
[164.317s][info][gc,heap        ] GC(383) Old regions: 474->496
[164.317s][info][gc,heap        ] GC(383) Humongous regions: 5->5
[164.317s][info][gc,metaspace   ] GC(383) Metaspace: 18507K(18688K)->18507K(18688K) NonClass: 15845K(15936K)->15845K(15936K) Class: 2662K(2752K)->2662K(2752K)
[164.317s][info][gc             ] GC(383) Pause Young (Normal) (G1 Evacuation Pause) 605M->501M(694M) 21.280ms
[164.317s][info][gc,cpu         ] GC(383) User=0.04s Sys=0.00s Real=0.02s
[164.562s][info][gc,marking     ] GC(380) Concurrent Mark From Roots 1023.448ms
[164.562s][info][gc,marking     ] GC(380) Concurrent Preclean
[164.562s][info][gc,marking     ] GC(380) Concurrent Preclean 0.032ms
[164.562s][info][gc,start       ] GC(380) Pause Remark
[164.570s][info][gc             ] GC(380) Pause Remark 580M->538M(767M) 7.428ms
[164.570s][info][gc,cpu         ] GC(380) User=0.01s Sys=0.00s Real=0.00s
[164.571s][info][gc,marking     ] GC(380) Concurrent Mark 1032.009ms
[164.571s][info][gc,marking     ] GC(380) Concurrent Rebuild Remembered Sets and Scrub Regions
[164.639s][info][gc,start       ] GC(384) Pause Young (Normal) (G1 Evacuation Pause)
[164.639s][info][gc,task        ] GC(384) Using 2 workers of 2 for evacuation
[164.680s][info][gc,phases      ] GC(384)   Pre Evacuate Collection Set: 0.24ms
[164.680s][info][gc,phases      ] GC(384)   Merge Heap Roots: 0.09ms
[164.680s][info][gc,phases      ] GC(384)   Evacuate Collection Set: 39.57ms
[164.680s][info][gc,phases      ] GC(384)   Post Evacuate Collection Set: 0.34ms
[164.680s][info][gc,phases      ] GC(384)   Other: 0.09ms
[164.680s][info][gc,heap        ] GC(384) Eden regions: 114->0(155)
[164.680s][info][gc,heap        ] GC(384) Survivor regions: 1->15(15)
[164.680s][info][gc,heap        ] GC(384) Old regions: 455->475
[164.680s][info][gc,heap        ] GC(384) Humongous regions: 4->4
[164.680s][info][gc,metaspace   ] GC(384) Metaspace: 18507K(18688K)->18507K(18688K) NonClass: 15845K(15936K)->15845K(15936K) Class: 2662K(2752K)->2662K(2752K)
[164.680s][info][gc             ] GC(384) Pause Young (Normal) (G1 Evacuation Pause) 573M->493M(767M) 40.549ms
[164.680s][info][gc,cpu         ] GC(384) User=0.07s Sys=0.01s Real=0.04s
[164.878s][info][gc,start       ] GC(385) Pause Young (Normal) (G1 Evacuation Pause)
[164.878s][info][gc,task        ] GC(385) Using 2 workers of 2 for evacuation
[164.937s][info][gc,phases      ] GC(385)   Pre Evacuate Collection Set: 0.27ms
[164.937s][info][gc,phases      ] GC(385)   Merge Heap Roots: 0.14ms
[164.937s][info][gc,phases      ] GC(385)   Evacuate Collection Set: 57.18ms
[164.937s][info][gc,phases      ] GC(385)   Post Evacuate Collection Set: 0.94ms
[164.937s][info][gc,phases      ] GC(385)   Other: 0.08ms
[164.937s][info][gc,heap        ] GC(385) Eden regions: 155->0(165)
[164.937s][info][gc,heap        ] GC(385) Survivor regions: 15->22(22)
[164.937s][info][gc,heap        ] GC(385) Old regions: 475->516
[164.937s][info][gc,heap        ] GC(385) Humongous regions: 4->4
[164.937s][info][gc,metaspace   ] GC(385) Metaspace: 18508K(18688K)->18508K(18688K) NonClass: 15846K(15936K)->15846K(15936K) Class: 2662K(2752K)->2662K(2752K)
[164.937s][info][gc             ] GC(385) Pause Young (Normal) (G1 Evacuation Pause) 648M->541M(839M) 58.840ms
[164.937s][info][gc,cpu         ] GC(385) User=0.12s Sys=0.00s Real=0.06s
[165.025s][info][gc,marking     ] GC(380) Concurrent Rebuild Remembered Sets and Scrub Regions 454.678ms
[165.026s][info][gc,start       ] GC(380) Pause Cleanup
[165.026s][info][gc             ] GC(380) Pause Cleanup 609M->609M(839M) 0.136ms
[165.026s][info][gc,cpu         ] GC(380) User=0.00s Sys=0.00s Real=0.00s
[165.026s][info][gc,marking     ] GC(380) Concurrent Clear Claimed Marks
[165.026s][info][gc,marking     ] GC(380) Concurrent Clear Claimed Marks 0.036ms
[165.026s][info][gc,marking     ] GC(380) Concurrent Cleanup for Next Mark
[165.034s][info][gc,marking     ] GC(380) Concurrent Cleanup for Next Mark 8.706ms
[165.035s][info][gc             ] GC(380) Concurrent Mark Cycle 1553.392ms
[165.086s][info][gc,start       ] GC(386) Pause Young (Prepare Mixed) (G1 Evacuation Pause)
[165.086s][info][gc,task        ] GC(386) Using 2 workers of 2 for evacuation
[165.152s][info][gc,phases      ] GC(386)   Pre Evacuate Collection Set: 0.26ms
[165.152s][info][gc,phases      ] GC(386)   Merge Heap Roots: 0.13ms
[165.152s][info][gc,phases      ] GC(386)   Evacuate Collection Set: 65.55ms
[165.152s][info][gc,phases      ] GC(386)   Post Evacuate Collection Set: 0.55ms
[165.152s][info][gc,phases      ] GC(386)   Other: 0.08ms
[165.152s][info][gc,heap        ] GC(386) Eden regions: 165->0(134)
[165.152s][info][gc,heap        ] GC(386) Survivor regions: 22->24(24)
[165.152s][info][gc,heap        ] GC(386) Old regions: 516->566
[165.152s][info][gc,heap        ] GC(386) Humongous regions: 4->4
[165.152s][info][gc,metaspace   ] GC(386) Metaspace: 18508K(18688K)->18508K(18688K) NonClass: 15846K(15936K)->15846K(15936K) Class: 2662K(2752K)->2662K(2752K)
[165.152s][info][gc             ] GC(386) Pause Young (Prepare Mixed) (G1 Evacuation Pause) 706M->593M(839M) 66.835ms
[165.152s][info][gc,cpu         ] GC(386) User=0.13s Sys=0.00s Real=0.07s
[165.261s][info][gc,start       ] GC(387) Pause Young (Mixed) (G1 Evacuation Pause)
[165.261s][info][gc,task        ] GC(387) Using 2 workers of 2 for evacuation
[165.333s][info][gc,phases      ] GC(387)   Pre Evacuate Collection Set: 0.29ms
[165.333s][info][gc,phases      ] GC(387)   Merge Heap Roots: 0.50ms
[165.333s][info][gc,phases      ] GC(387)   Evacuate Collection Set: 70.43ms
[165.333s][info][gc,phases      ] GC(387)   Post Evacuate Collection Set: 0.57ms
[165.333s][info][gc,phases      ] GC(387)   Other: 0.09ms
[165.333s][info][gc,heap        ] GC(387) Eden regions: 134->0(130)
[165.333s][info][gc,heap        ] GC(387) Survivor regions: 24->20(20)
[165.333s][info][gc,heap        ] GC(387) Old regions: 566->575
[165.333s][info][gc,heap        ] GC(387) Humongous regions: 4->4
[165.333s][info][gc,metaspace   ] GC(387) Metaspace: 18508K(18688K)->18508K(18688K) NonClass: 15846K(15936K)->15846K(15936K) Class: 2662K(2752K)->2662K(2752K)
[165.333s][info][gc             ] GC(387) Pause Young (Mixed) (G1 Evacuation Pause) 727M->598M(839M) 72.143ms
[165.333s][info][gc,cpu         ] GC(387) User=0.14s Sys=0.00s Real=0.07s
[165.403s][info][gc,start       ] GC(388) Pause Young (Concurrent Start) (G1 Evacuation Pause)
[165.403s][info][gc,task        ] GC(388) Using 2 workers of 2 for evacuation
[165.454s][info][gc,phases      ] GC(388)   Pre Evacuate Collection Set: 0.30ms
[165.454s][info][gc,phases      ] GC(388)   Merge Heap Roots: 0.39ms
[165.454s][info][gc,phases      ] GC(388)   Evacuate Collection Set: 48.98ms
[165.454s][info][gc,phases      ] GC(388)   Post Evacuate Collection Set: 0.41ms
[165.454s][info][gc,phases      ] GC(388)   Other: 0.11ms
[165.454s][info][gc,heap        ] GC(388) Eden regions: 130->0(123)
[165.454s][info][gc,heap        ] GC(388) Survivor regions: 20->19(19)
[165.454s][info][gc,heap        ] GC(388) Old regions: 575->601
[165.454s][info][gc,heap        ] GC(388) Humongous regions: 4->4
[165.454s][info][gc,metaspace   ] GC(388) Metaspace: 18511K(18688K)->18511K(18688K) NonClass: 15849K(15936K)->15849K(15936K) Class: 2662K(2752K)->2662K(2752K)
[165.454s][info][gc             ] GC(388) Pause Young (Concurrent Start) (G1 Evacuation Pause) 728M->623M(839M) 50.475ms
[165.454s][info][gc             ] GC(389) Concurrent Mark Cycle
[165.454s][info][gc,marking     ] GC(389) Concurrent Scan Root Regions
[165.454s][info][gc,cpu         ] GC(388) User=0.10s Sys=0.00s Real=0.05s
[165.502s][info][gc,marking     ] GC(389) Concurrent Scan Root Regions 47.737ms
[165.502s][info][gc,marking     ] GC(389) Concurrent Mark
[165.502s][info][gc,marking     ] GC(389) Concurrent Mark From Roots
[165.502s][info][gc,task        ] GC(389) Using 1 workers of 1 for marking
[165.651s][info][gc,start       ] GC(390) Pause Young (Normal) (G1 Evacuation Pause)
[165.651s][info][gc,task        ] GC(390) Using 2 workers of 2 for evacuation
[165.704s][info][gc,phases      ] GC(390)   Pre Evacuate Collection Set: 0.44ms
[165.704s][info][gc,phases      ] GC(390)   Merge Heap Roots: 0.39ms
[165.704s][info][gc,phases      ] GC(390)   Evacuate Collection Set: 51.49ms
[165.704s][info][gc,phases      ] GC(390)   Post Evacuate Collection Set: 0.46ms
[165.704s][info][gc,phases      ] GC(390)   Other: 0.09ms
[165.704s][info][gc,heap        ] GC(390) Eden regions: 123->0(115)
[165.704s][info][gc,heap        ] GC(390) Survivor regions: 19->18(18)
[165.704s][info][gc,heap        ] GC(390) Old regions: 601->620
[165.704s][info][gc,heap        ] GC(390) Humongous regions: 7->7
[165.704s][info][gc,metaspace   ] GC(390) Metaspace: 18512K(18688K)->18512K(18688K) NonClass: 15850K(15936K)->15850K(15936K) Class: 2662K(2752K)->2662K(2752K)
[165.704s][info][gc             ] GC(390) Pause Young (Normal) (G1 Evacuation Pause) 749M->644M(839M) 53.094ms
[165.704s][info][gc,cpu         ] GC(390) User=0.10s Sys=0.00s Real=0.05s
[165.884s][info][gc,marking     ] GC(389) Concurrent Mark From Roots 382.767ms
[165.884s][info][gc,marking     ] GC(389) Concurrent Preclean
[165.884s][info][gc,marking     ] GC(389) Concurrent Preclean 0.032ms
[165.885s][info][gc,start       ] GC(389) Pause Remark
[165.892s][info][gc             ] GC(389) Pause Remark 755M->400M(839M) 7.158ms
[165.892s][info][gc,cpu         ] GC(389) User=0.02s Sys=0.00s Real=0.01s
[165.892s][info][gc,marking     ] GC(389) Concurrent Mark 390.226ms
[165.892s][info][gc,marking     ] GC(389) Concurrent Rebuild Remembered Sets and Scrub Regions
[165.900s][info][gc,start       ] GC(391) Pause Young (Normal) (G1 Evacuation Pause)
[165.900s][info][gc,task        ] GC(391) Using 2 workers of 2 for evacuation
[165.962s][info][gc,phases      ] GC(391)   Pre Evacuate Collection Set: 0.33ms
[165.962s][info][gc,phases      ] GC(391)   Merge Heap Roots: 0.73ms
[165.962s][info][gc,phases      ] GC(391)   Evacuate Collection Set: 60.94ms
[165.962s][info][gc,phases      ] GC(391)   Post Evacuate Collection Set: 0.44ms
[165.962s][info][gc,phases      ] GC(391)   Other: 0.08ms
[165.962s][info][gc,heap        ] GC(391) Eden regions: 115->0(333)
[165.962s][info][gc,heap        ] GC(391) Survivor regions: 18->16(17)
[165.962s][info][gc,heap        ] GC(391) Old regions: 269->288
[165.962s][info][gc,heap        ] GC(391) Humongous regions: 4->4
[165.962s][info][gc,metaspace   ] GC(391) Metaspace: 18512K(18688K)->18512K(18688K) NonClass: 15850K(15936K)->15850K(15936K) Class: 2662K(2752K)->2662K(2752K)
[165.962s][info][gc             ] GC(391) Pause Young (Normal) (G1 Evacuation Pause) 405M->307M(839M) 62.734ms
[165.962s][info][gc,cpu         ] GC(391) User=0.12s Sys=0.00s Real=0.07s
[166.109s][info][gc,marking     ] GC(389) Concurrent Rebuild Remembered Sets and Scrub Regions 217.180ms
[166.109s][info][gc,start       ] GC(389) Pause Cleanup
[166.109s][info][gc             ] GC(389) Pause Cleanup 417M->417M(839M) 0.131ms
[166.109s][info][gc,cpu         ] GC(389) User=0.00s Sys=0.00s Real=0.00s
[166.109s][info][gc,marking     ] GC(389) Concurrent Clear Claimed Marks
[166.109s][info][gc,marking     ] GC(389) Concurrent Clear Claimed Marks 0.029ms
[166.109s][info][gc,marking     ] GC(389) Concurrent Cleanup for Next Mark
[166.112s][info][gc,marking     ] GC(389) Concurrent Cleanup for Next Mark 2.491ms
[166.112s][info][gc             ] GC(389) Concurrent Mark Cycle 658.274ms
[166.286s][info][gc,start       ] GC(392) Pause Young (Prepare Mixed) (G1 Evacuation Pause)
[166.286s][info][gc,task        ] GC(392) Using 2 workers of 2 for evacuation
[166.382s][info][gc,phases      ] GC(392)   Pre Evacuate Collection Set: 0.29ms
[166.382s][info][gc,phases      ] GC(392)   Merge Heap Roots: 0.50ms
[166.382s][info][gc,phases      ] GC(392)   Evacuate Collection Set: 94.23ms
[166.382s][info][gc,phases      ] GC(392)   Post Evacuate Collection Set: 0.69ms
[166.382s][info][gc,phases      ] GC(392)   Other: 0.09ms
[166.382s][info][gc,heap        ] GC(392) Eden regions: 333->0(295)
[166.382s][info][gc,heap        ] GC(392) Survivor regions: 16->44(44)
[166.382s][info][gc,heap        ] GC(392) Old regions: 288->320
[166.382s][info][gc,heap        ] GC(392) Humongous regions: 6->6
[166.382s][info][gc,metaspace   ] GC(392) Metaspace: 18513K(18688K)->18513K(18688K) NonClass: 15851K(15936K)->15851K(15936K) Class: 2662K(2752K)->2662K(2752K)
[166.382s][info][gc             ] GC(392) Pause Young (Prepare Mixed) (G1 Evacuation Pause) 642M->369M(839M) 96.063ms
[166.382s][info][gc,cpu         ] GC(392) User=0.19s Sys=0.00s Real=0.10s
[166.582s][info][gc,start       ] GC(393) Pause Young (Mixed) (G1 Evacuation Pause)
[166.582s][info][gc,task        ] GC(393) Using 2 workers of 2 for evacuation
[166.652s][info][gc,phases      ] GC(393)   Pre Evacuate Collection Set: 0.46ms
[166.653s][info][gc,phases      ] GC(393)   Merge Heap Roots: 0.52ms
[166.653s][info][gc,phases      ] GC(393)   Evacuate Collection Set: 68.27ms
[166.653s][info][gc,phases      ] GC(393)   Post Evacuate Collection Set: 1.05ms
[166.653s][info][gc,phases      ] GC(393)   Other: 0.09ms
[166.653s][info][gc,heap        ] GC(393) Eden regions: 295->0(378)
[166.653s][info][gc,heap        ] GC(393) Survivor regions: 44->9(43)
[166.653s][info][gc,heap        ] GC(393) Old regions: 320->301
[166.653s][info][gc,heap        ] GC(393) Humongous regions: 6->6
[166.653s][info][gc,metaspace   ] GC(393) Metaspace: 18515K(18688K)->18515K(18688K) NonClass: 15853K(15936K)->15853K(15936K) Class: 2662K(2752K)->2662K(2752K)
[166.653s][info][gc             ] GC(393) Pause Young (Mixed) (G1 Evacuation Pause) 664M->314M(895M) 70.628ms
[166.653s][info][gc,cpu         ] GC(393) User=0.14s Sys=0.00s Real=0.07s
[166.998s][info][gc,start       ] GC(394) Pause Young (Concurrent Start) (G1 Evacuation Pause)
[166.998s][info][gc,task        ] GC(394) Using 2 workers of 2 for evacuation
[167.062s][info][gc,phases      ] GC(394)   Pre Evacuate Collection Set: 0.30ms
[167.062s][info][gc,phases      ] GC(394)   Merge Heap Roots: 0.35ms
[167.062s][info][gc,phases      ] GC(394)   Evacuate Collection Set: 62.83ms
[167.062s][info][gc,phases      ] GC(394)   Post Evacuate Collection Set: 0.60ms
[167.062s][info][gc,phases      ] GC(394)   Other: 0.21ms
[167.062s][info][gc,heap        ] GC(394) Eden regions: 378->0(359)
[167.062s][info][gc,heap        ] GC(394) Survivor regions: 9->49(49)
[167.062s][info][gc,heap        ] GC(394) Old regions: 301->304
[167.062s][info][gc,heap        ] GC(394) Humongous regions: 6->6
[167.062s][info][gc,metaspace   ] GC(394) Metaspace: 18515K(18688K)->18515K(18688K) NonClass: 15853K(15936K)->15853K(15936K) Class: 2662K(2752K)->2662K(2752K)
[167.062s][info][gc             ] GC(394) Pause Young (Concurrent Start) (G1 Evacuation Pause) 692M->358M(895M) 64.547ms
[167.062s][info][gc             ] GC(395) Concurrent Mark Cycle
[167.062s][info][gc,marking     ] GC(395) Concurrent Scan Root Regions
[167.064s][info][gc,cpu         ] GC(394) User=0.13s Sys=0.00s Real=0.07s
[167.158s][info][gc,marking     ] GC(395) Concurrent Scan Root Regions 95.591ms
[167.158s][info][gc,marking     ] GC(395) Concurrent Mark
[167.158s][info][gc,marking     ] GC(395) Concurrent Mark From Roots
[167.158s][info][gc,task        ] GC(395) Using 1 workers of 1 for marking
[168.085s][info][gc,marking     ] GC(395) Concurrent Mark From Roots 927.220ms
[168.085s][info][gc,marking     ] GC(395) Concurrent Preclean
[168.085s][info][gc,marking     ] GC(395) Concurrent Preclean 0.053ms
[168.085s][info][gc,start       ] GC(395) Pause Remark
[168.093s][info][gc             ] GC(395) Pause Remark 586M->584M(895M) 7.799ms
[168.093s][info][gc,cpu         ] GC(395) User=0.02s Sys=0.01s Real=0.01s
[168.095s][info][gc,marking     ] GC(395) Concurrent Mark 937.395ms
[168.095s][info][gc,marking     ] GC(395) Concurrent Rebuild Remembered Sets and Scrub Regions
[168.439s][info][gc,marking     ] GC(395) Concurrent Rebuild Remembered Sets and Scrub Regions 344.075ms
[168.440s][info][gc,start       ] GC(395) Pause Cleanup
[168.440s][info][gc             ] GC(395) Pause Cleanup 702M->702M(895M) 0.090ms
[168.440s][info][gc,cpu         ] GC(395) User=0.00s Sys=0.00s Real=0.00s
[168.441s][info][gc,marking     ] GC(395) Concurrent Clear Claimed Marks
[168.441s][info][gc,marking     ] GC(395) Concurrent Clear Claimed Marks 0.051ms
[168.441s][info][gc,marking     ] GC(395) Concurrent Cleanup for Next Mark
[168.446s][info][gc,marking     ] GC(395) Concurrent Cleanup for Next Mark 5.328ms
[168.446s][info][gc             ] GC(395) Concurrent Mark Cycle 1383.849ms
[168.472s][info][gc,start       ] GC(396) Pause Young (Prepare Mixed) (G1 Evacuation Pause)
[168.472s][info][gc,task        ] GC(396) Using 2 workers of 2 for evacuation
[168.528s][info][gc,phases      ] GC(396)   Pre Evacuate Collection Set: 0.50ms
[168.528s][info][gc,phases      ] GC(396)   Merge Heap Roots: 0.50ms
[168.528s][info][gc,phases      ] GC(396)   Evacuate Collection Set: 54.67ms
[168.528s][info][gc,phases      ] GC(396)   Post Evacuate Collection Set: 0.56ms
[168.528s][info][gc,phases      ] GC(396)   Other: 0.08ms
[168.528s][info][gc,heap        ] GC(396) Eden regions: 359->0(384)
[168.528s][info][gc,heap        ] GC(396) Survivor regions: 49->2(51)
[168.528s][info][gc,heap        ] GC(396) Old regions: 304->353
[168.529s][info][gc,heap        ] GC(396) Humongous regions: 4->4
[168.529s][info][gc,metaspace   ] GC(396) Metaspace: 18518K(18688K)->18518K(18688K) NonClass: 15855K(15936K)->15855K(15936K) Class: 2662K(2752K)->2662K(2752K)
[168.529s][info][gc             ] GC(396) Pause Young (Prepare Mixed) (G1 Evacuation Pause) 715M->358M(895M) 56.514ms
[168.529s][info][gc,cpu         ] GC(396) User=0.11s Sys=0.00s Real=0.05s
[169.345s][info][gc,start       ] GC(397) Pause Young (Mixed) (G1 Evacuation Pause)
[169.346s][info][gc,task        ] GC(397) Using 2 workers of 2 for evacuation
[169.371s][info][gc,phases      ] GC(397)   Pre Evacuate Collection Set: 0.48ms
[169.371s][info][gc,phases      ] GC(397)   Merge Heap Roots: 0.51ms
[169.371s][info][gc,phases      ] GC(397)   Evacuate Collection Set: 23.84ms
[169.371s][info][gc,phases      ] GC(397)   Post Evacuate Collection Set: 0.60ms
[169.371s][info][gc,phases      ] GC(397)   Other: 0.08ms
[169.371s][info][gc,heap        ] GC(397) Eden regions: 384->0(399)
[169.371s][info][gc,heap        ] GC(397) Survivor regions: 2->11(49)
[169.371s][info][gc,heap        ] GC(397) Old regions: 353->345
[169.371s][info][gc,heap        ] GC(397) Humongous regions: 4->4
[169.371s][info][gc,metaspace   ] GC(397) Metaspace: 18518K(18688K)->18518K(18688K) NonClass: 15855K(15936K)->15855K(15936K) Class: 2662K(2752K)->2662K(2752K)
[169.371s][info][gc             ] GC(397) Pause Young (Mixed) (G1 Evacuation Pause) 742M->359M(895M) 25.690ms
[169.371s][info][gc,cpu         ] GC(397) User=0.05s Sys=0.00s Real=0.03s
[169.675s][info][gc,start       ] GC(398) Pause Young (Concurrent Start) (G1 Evacuation Pause)
[169.675s][info][gc,task        ] GC(398) Using 2 workers of 2 for evacuation
[169.784s][info][gc,phases      ] GC(398)   Pre Evacuate Collection Set: 0.26ms
[169.784s][info][gc,phases      ] GC(398)   Merge Heap Roots: 0.18ms
[169.784s][info][gc,phases      ] GC(398)   Evacuate Collection Set: 107.11ms
[169.784s][info][gc,phases      ] GC(398)   Post Evacuate Collection Set: 0.99ms
[169.784s][info][gc,phases      ] GC(398)   Other: 0.12ms
[169.784s][info][gc,heap        ] GC(398) Eden regions: 399->0(294)
[169.784s][info][gc,heap        ] GC(398) Survivor regions: 11->52(52)
[169.784s][info][gc,heap        ] GC(398) Old regions: 345->412
[169.784s][info][gc,heap        ] GC(398) Humongous regions: 4->4
[169.784s][info][gc,metaspace   ] GC(398) Metaspace: 18520K(18752K)->18520K(18752K) NonClass: 15858K(16000K)->15858K(16000K) Class: 2662K(2752K)->2662K(2752K)
[169.784s][info][gc             ] GC(398) Pause Young (Concurrent Start) (G1 Evacuation Pause) 758M->467M(895M) 108.939ms
[169.784s][info][gc,cpu         ] GC(398) User=0.21s Sys=0.00s Real=0.11s
[169.785s][info][gc             ] GC(399) Concurrent Mark Cycle
[169.785s][info][gc,marking     ] GC(399) Concurrent Scan Root Regions
[169.845s][info][gc,marking     ] GC(399) Concurrent Scan Root Regions 59.456ms
[169.845s][info][gc,marking     ] GC(399) Concurrent Mark
[169.845s][info][gc,marking     ] GC(399) Concurrent Mark From Roots
[169.845s][info][gc,task        ] GC(399) Using 1 workers of 1 for marking
[170.198s][info][gc,start       ] GC(400) Pause Young (Normal) (G1 Evacuation Pause)
[170.199s][info][gc,task        ] GC(400) Using 2 workers of 2 for evacuation
[170.297s][info][gc,phases      ] GC(400)   Pre Evacuate Collection Set: 0.27ms
[170.297s][info][gc,phases      ] GC(400)   Merge Heap Roots: 0.57ms
[170.297s][info][gc,phases      ] GC(400)   Evacuate Collection Set: 97.13ms
[170.297s][info][gc,phases      ] GC(400)   Post Evacuate Collection Set: 0.68ms
[170.297s][info][gc,phases      ] GC(400)   Other: 0.12ms
[170.297s][info][gc,heap        ] GC(400) Eden regions: 294->0(285)
[170.297s][info][gc,heap        ] GC(400) Survivor regions: 52->22(44)
[170.297s][info][gc,heap        ] GC(400) Old regions: 412->464
[170.297s][info][gc,heap        ] GC(400) Humongous regions: 7->7
[170.298s][info][gc,metaspace   ] GC(400) Metaspace: 18520K(18752K)->18520K(18752K) NonClass: 15858K(16000K)->15858K(16000K) Class: 2662K(2752K)->2662K(2752K)
[170.298s][info][gc             ] GC(400) Pause Young (Normal) (G1 Evacuation Pause) 764M->492M(895M) 99.050ms
[170.298s][info][gc,cpu         ] GC(400) User=0.20s Sys=0.00s Real=0.10s
[170.684s][info][gc,start       ] GC(401) Pause Young (Normal) (G1 Evacuation Pause)
[170.684s][info][gc,task        ] GC(401) Using 2 workers of 2 for evacuation
[170.776s][info][gc,phases      ] GC(401)   Pre Evacuate Collection Set: 0.47ms
[170.776s][info][gc,phases      ] GC(401)   Merge Heap Roots: 0.43ms
[170.776s][info][gc,phases      ] GC(401)   Evacuate Collection Set: 90.18ms
[170.776s][info][gc,phases      ] GC(401)   Post Evacuate Collection Set: 0.86ms
[170.776s][info][gc,phases      ] GC(401)   Other: 0.11ms
[170.776s][info][gc,heap        ] GC(401) Eden regions: 285->0(267)
[170.776s][info][gc,heap        ] GC(401) Survivor regions: 22->39(39)
[170.776s][info][gc,heap        ] GC(401) Old regions: 464->494
[170.776s][info][gc,heap        ] GC(401) Humongous regions: 8->8
[170.776s][info][gc,metaspace   ] GC(401) Metaspace: 18520K(18752K)->18520K(18752K) NonClass: 15858K(16000K)->15858K(16000K) Class: 2662K(2752K)->2662K(2752K)
[170.776s][info][gc             ] GC(401) Pause Young (Normal) (G1 Evacuation Pause) 778M->540M(928M) 92.295ms
[170.776s][info][gc,cpu         ] GC(401) User=0.19s Sys=0.00s Real=0.09s
[171.078s][info][gc,marking     ] GC(399) Concurrent Mark From Roots 1233.563ms
[171.078s][info][gc,marking     ] GC(399) Concurrent Preclean
[171.078s][info][gc,marking     ] GC(399) Concurrent Preclean 0.034ms
[171.079s][info][gc,start       ] GC(399) Pause Remark
[171.086s][info][gc             ] GC(399) Pause Remark 793M->776M(928M) 7.020ms
[171.086s][info][gc,cpu         ] GC(399) User=0.02s Sys=0.00s Real=0.01s
[171.086s][info][gc,marking     ] GC(399) Concurrent Mark 1241.617ms
[171.086s][info][gc,marking     ] GC(399) Concurrent Rebuild Remembered Sets and Scrub Regions
[171.109s][info][gc,start       ] GC(402) Pause Young (Normal) (G1 Evacuation Pause)
[171.109s][info][gc,task        ] GC(402) Using 2 workers of 2 for evacuation
[171.173s][info][gc,phases      ] GC(402)   Pre Evacuate Collection Set: 0.48ms
[171.173s][info][gc,phases      ] GC(402)   Merge Heap Roots: 0.25ms
[171.173s][info][gc,phases      ] GC(402)   Evacuate Collection Set: 62.44ms
[171.173s][info][gc,phases      ] GC(402)   Post Evacuate Collection Set: 0.50ms
[171.173s][info][gc,phases      ] GC(402)   Other: 0.09ms
[171.173s][info][gc,heap        ] GC(402) Eden regions: 267->0(274)
[171.173s][info][gc,heap        ] GC(402) Survivor regions: 39->19(39)
[171.173s][info][gc,heap        ] GC(402) Old regions: 477->517
[171.173s][info][gc,heap        ] GC(402) Humongous regions: 8->8
[171.173s][info][gc,metaspace   ] GC(402) Metaspace: 18520K(18752K)->18520K(18752K) NonClass: 15858K(16000K)->15858K(16000K) Class: 2662K(2752K)->2662K(2752K)
[171.173s][info][gc             ] GC(402) Pause Young (Normal) (G1 Evacuation Pause) 790M->543M(928M) 63.955ms
[171.173s][info][gc,cpu         ] GC(402) User=0.13s Sys=0.00s Real=0.07s
[171.605s][info][gc,marking     ] GC(399) Concurrent Rebuild Remembered Sets and Scrub Regions 518.630ms
[171.605s][info][gc,start       ] GC(399) Pause Cleanup
[171.605s][info][gc             ] GC(399) Pause Cleanup 801M->801M(928M) 0.092ms
[171.605s][info][gc,cpu         ] GC(399) User=0.00s Sys=0.00s Real=0.00s
[171.606s][info][gc,marking     ] GC(399) Concurrent Clear Claimed Marks
[171.606s][info][gc,marking     ] GC(399) Concurrent Clear Claimed Marks 0.042ms
[171.606s][info][gc,marking     ] GC(399) Concurrent Cleanup for Next Mark
[171.611s][info][gc,marking     ] GC(399) Concurrent Cleanup for Next Mark 5.144ms
[171.611s][info][gc             ] GC(399) Concurrent Mark Cycle 1826.006ms
[171.626s][info][gc,start       ] GC(403) Pause Young (Prepare Mixed) (G1 Evacuation Pause)
[171.626s][info][gc,task        ] GC(403) Using 2 workers of 2 for evacuation
[171.667s][info][gc,phases      ] GC(403)   Pre Evacuate Collection Set: 0.47ms
[171.667s][info][gc,phases      ] GC(403)   Merge Heap Roots: 0.44ms
[171.667s][info][gc,phases      ] GC(403)   Evacuate Collection Set: 39.59ms
[171.667s][info][gc,phases      ] GC(403)   Post Evacuate Collection Set: 0.50ms
[171.667s][info][gc,phases      ] GC(403)   Other: 0.09ms
[171.667s][info][gc,heap        ] GC(403) Eden regions: 274->0(278)
[171.667s][info][gc,heap        ] GC(403) Survivor regions: 19->10(37)
[171.667s][info][gc,heap        ] GC(403) Old regions: 517->536
[171.667s][info][gc,heap        ] GC(403) Humongous regions: 8->8
[171.667s][info][gc,metaspace   ] GC(403) Metaspace: 18520K(18752K)->18520K(18752K) NonClass: 15858K(16000K)->15858K(16000K) Class: 2662K(2752K)->2662K(2752K)
[171.667s][info][gc             ] GC(403) Pause Young (Prepare Mixed) (G1 Evacuation Pause) 817M->553M(928M) 41.296ms
[171.667s][info][gc,cpu         ] GC(403) User=0.08s Sys=0.00s Real=0.04s
[171.979s][info][gc,start       ] GC(404) Pause Young (Mixed) (G1 Evacuation Pause)
[171.979s][info][gc,task        ] GC(404) Using 2 workers of 2 for evacuation
[172.046s][info][gc,phases      ] GC(404)   Pre Evacuate Collection Set: 0.29ms
[172.046s][info][gc,phases      ] GC(404)   Merge Heap Roots: 0.53ms
[172.046s][info][gc,phases      ] GC(404)   Evacuate Collection Set: 65.02ms
[172.046s][info][gc,phases      ] GC(404)   Post Evacuate Collection Set: 0.59ms
[172.046s][info][gc,phases      ] GC(404)   Other: 0.10ms
[172.046s][info][gc,heap        ] GC(404) Eden regions: 278->0(251)
[172.046s][info][gc,heap        ] GC(404) Survivor regions: 10->36(36)
[172.046s][info][gc,heap        ] GC(404) Old regions: 536->540
[172.046s][info][gc,heap        ] GC(404) Humongous regions: 8->8
[172.046s][info][gc,metaspace   ] GC(404) Metaspace: 18520K(18752K)->18520K(18752K) NonClass: 15858K(16000K)->15858K(16000K) Class: 2662K(2752K)->2662K(2752K)
[172.046s][info][gc             ] GC(404) Pause Young (Mixed) (G1 Evacuation Pause) 831M->583M(928M) 66.820ms
[172.046s][info][gc,cpu         ] GC(404) User=0.13s Sys=0.00s Real=0.07s
[172.368s][info][gc,start       ] GC(405) Pause Young (Concurrent Start) (G1 Evacuation Pause)
[172.368s][info][gc,task        ] GC(405) Using 2 workers of 2 for evacuation
[172.472s][info][gc,phases      ] GC(405)   Pre Evacuate Collection Set: 0.33ms
[172.472s][info][gc,phases      ] GC(405)   Merge Heap Roots: 0.27ms
[172.472s][info][gc,phases      ] GC(405)   Evacuate Collection Set: 102.58ms
[172.472s][info][gc,phases      ] GC(405)   Post Evacuate Collection Set: 0.70ms
[172.472s][info][gc,phases      ] GC(405)   Other: 0.22ms
[172.472s][info][gc,heap        ] GC(405) Eden regions: 251->0(189)
[172.472s][info][gc,heap        ] GC(405) Survivor regions: 36->36(36)
[172.472s][info][gc,heap        ] GC(405) Old regions: 540->611
[172.472s][info][gc,heap        ] GC(405) Humongous regions: 8->8
[172.472s][info][gc,metaspace   ] GC(405) Metaspace: 18520K(18752K)->18520K(18752K) NonClass: 15858K(16000K)->15858K(16000K) Class: 2662K(2752K)->2662K(2752K)
[172.472s][info][gc             ] GC(405) Pause Young (Concurrent Start) (G1 Evacuation Pause) 834M->654M(942M) 104.337ms
[172.472s][info][gc             ] GC(406) Concurrent Mark Cycle
[172.472s][info][gc,marking     ] GC(406) Concurrent Scan Root Regions
[172.474s][info][gc,cpu         ] GC(405) User=0.20s Sys=0.02s Real=0.11s
[172.583s][info][gc,marking     ] GC(406) Concurrent Scan Root Regions 110.843ms
[172.583s][info][gc,marking     ] GC(406) Concurrent Mark
[172.583s][info][gc,marking     ] GC(406) Concurrent Mark From Roots
[172.583s][info][gc,task        ] GC(406) Using 1 workers of 1 for marking
[172.958s][info][gc,start       ] GC(407) Pause Young (Normal) (G1 Evacuation Pause)
[172.958s][info][gc,task        ] GC(407) Using 2 workers of 2 for evacuation
[173.034s][info][gc,phases      ] GC(407)   Pre Evacuate Collection Set: 0.50ms
[173.034s][info][gc,phases      ] GC(407)   Merge Heap Roots: 0.55ms
[173.034s][info][gc,phases      ] GC(407)   Evacuate Collection Set: 74.27ms
[173.034s][info][gc,phases      ] GC(407)   Post Evacuate Collection Set: 0.56ms
[173.034s][info][gc,phases      ] GC(407)   Other: 0.11ms
[173.034s][info][gc,heap        ] GC(407) Eden regions: 189->0(175)
[173.034s][info][gc,heap        ] GC(407) Survivor regions: 36->22(29)
[173.034s][info][gc,heap        ] GC(407) Old regions: 611->648
[173.034s][info][gc,heap        ] GC(407) Humongous regions: 11->11
[173.034s][info][gc,metaspace   ] GC(407) Metaspace: 18522K(18752K)->18522K(18752K) NonClass: 15859K(16000K)->15859K(16000K) Class: 2662K(2752K)->2662K(2752K)
[173.034s][info][gc             ] GC(407) Pause Young (Normal) (G1 Evacuation Pause) 846M->679M(942M) 76.221ms
[173.034s][info][gc,cpu         ] GC(407) User=0.15s Sys=0.00s Real=0.08s
[173.323s][info][gc,start       ] GC(408) Pause Young (Normal) (G1 Evacuation Pause)
[173.323s][info][gc,task        ] GC(408) Using 2 workers of 2 for evacuation
[173.395s][info][gc,phases      ] GC(408)   Pre Evacuate Collection Set: 0.29ms
[173.395s][info][gc,phases      ] GC(408)   Merge Heap Roots: 0.33ms
[173.395s][info][gc,phases      ] GC(408)   Evacuate Collection Set: 70.37ms
[173.395s][info][gc,phases      ] GC(408)   Post Evacuate Collection Set: 0.63ms
[173.395s][info][gc,phases      ] GC(408)   Other: 0.08ms
[173.395s][info][gc,heap        ] GC(408) Eden regions: 175->0(162)
[173.395s][info][gc,heap        ] GC(408) Survivor regions: 22->25(25)
[173.395s][info][gc,heap        ] GC(408) Old regions: 648->677
[173.395s][info][gc,heap        ] GC(408) Humongous regions: 11->11
[173.395s][info][gc,metaspace   ] GC(408) Metaspace: 18522K(18752K)->18522K(18752K) NonClass: 15859K(16000K)->15859K(16000K) Class: 2662K(2752K)->2662K(2752K)
[173.395s][info][gc             ] GC(408) Pause Young (Normal) (G1 Evacuation Pause) 854M->712M(955M) 71.953ms
[173.395s][info][gc,cpu         ] GC(408) User=0.15s Sys=0.00s Real=0.07s
[173.636s][info][gc,start       ] GC(409) Pause Young (Normal) (G1 Evacuation Pause)
[173.636s][info][gc,task        ] GC(409) Using 2 workers of 2 for evacuation
[173.667s][info][gc,phases      ] GC(409)   Pre Evacuate Collection Set: 0.29ms
[173.667s][info][gc,phases      ] GC(409)   Merge Heap Roots: 0.16ms
[173.667s][info][gc,phases      ] GC(409)   Evacuate Collection Set: 30.07ms
[173.667s][info][gc,phases      ] GC(409)   Post Evacuate Collection Set: 0.39ms
[173.667s][info][gc,phases      ] GC(409)   Other: 0.07ms
[173.667s][info][gc,heap        ] GC(409) Eden regions: 162->0(167)
[173.667s][info][gc,heap        ] GC(409) Survivor regions: 25->5(24)
[173.667s][info][gc,heap        ] GC(409) Old regions: 677->702
[173.667s][info][gc,heap        ] GC(409) Humongous regions: 11->11
[173.667s][info][gc,metaspace   ] GC(409) Metaspace: 18522K(18752K)->18522K(18752K) NonClass: 15859K(16000K)->15859K(16000K) Class: 2662K(2752K)->2662K(2752K)
[173.667s][info][gc             ] GC(409) Pause Young (Normal) (G1 Evacuation Pause) 874M->717M(955M) 31.196ms
[173.667s][info][gc,cpu         ] GC(409) User=0.06s Sys=0.00s Real=0.03s
[173.965s][info][gc,start       ] GC(410) Pause Young (Normal) (G1 Evacuation Pause)
[173.965s][info][gc,task        ] GC(410) Using 2 workers of 2 for evacuation
[173.982s][info][gc,phases      ] GC(410)   Pre Evacuate Collection Set: 0.51ms
[173.982s][info][gc,phases      ] GC(410)   Merge Heap Roots: 0.22ms
[173.982s][info][gc,phases      ] GC(410)   Evacuate Collection Set: 15.50ms
[173.982s][info][gc,phases      ] GC(410)   Post Evacuate Collection Set: 0.38ms
[173.982s][info][gc,phases      ] GC(410)   Other: 0.10ms
[173.982s][info][gc,heap        ] GC(410) Eden regions: 167->0(171)
[173.982s][info][gc,heap        ] GC(410) Survivor regions: 5->9(22)
[173.982s][info][gc,heap        ] GC(410) Old regions: 702->702
[173.982s][info][gc,heap        ] GC(410) Humongous regions: 11->11
[173.982s][info][gc,metaspace   ] GC(410) Metaspace: 18522K(18752K)->18522K(18752K) NonClass: 15859K(16000K)->15859K(16000K) Class: 2662K(2752K)->2662K(2752K)
[173.982s][info][gc             ] GC(410) Pause Young (Normal) (G1 Evacuation Pause) 884M->721M(955M) 16.896ms
[173.982s][info][gc,cpu         ] GC(410) User=0.03s Sys=0.00s Real=0.02s
[174.032s][info][gc,marking     ] GC(406) Concurrent Mark From Roots 1448.398ms
[174.032s][info][gc,marking     ] GC(406) Concurrent Preclean
[174.032s][info][gc,marking     ] GC(406) Concurrent Preclean 0.033ms
[174.032s][info][gc,start       ] GC(406) Pause Remark
[174.039s][info][gc             ] GC(406) Pause Remark 757M->681M(978M) 7.194ms
[174.039s][info][gc,cpu         ] GC(406) User=0.02s Sys=0.00s Real=0.00s
[174.039s][info][gc,marking     ] GC(406) Concurrent Mark 1455.926ms
[174.039s][info][gc,marking     ] GC(406) Concurrent Rebuild Remembered Sets and Scrub Regions
[174.358s][info][gc,start       ] GC(411) Pause Young (Normal) (G1 Evacuation Pause)
[174.358s][info][gc,task        ] GC(411) Using 2 workers of 2 for evacuation
[174.392s][info][gc,phases      ] GC(411)   Pre Evacuate Collection Set: 0.48ms
[174.392s][info][gc,phases      ] GC(411)   Merge Heap Roots: 0.47ms
[174.392s][info][gc,phases      ] GC(411)   Evacuate Collection Set: 32.67ms
[174.392s][info][gc,phases      ] GC(411)   Post Evacuate Collection Set: 0.43ms
[174.392s][info][gc,phases      ] GC(411)   Other: 0.11ms
[174.392s][info][gc,heap        ] GC(411) Eden regions: 171->0(228)
[174.392s][info][gc,heap        ] GC(411) Survivor regions: 9->19(23)
[174.392s][info][gc,heap        ] GC(411) Old regions: 629->629
[174.392s][info][gc,heap        ] GC(411) Humongous regions: 8->8
[174.392s][info][gc,metaspace   ] GC(411) Metaspace: 18522K(18752K)->18522K(18752K) NonClass: 15859K(16000K)->15859K(16000K) Class: 2662K(2752K)->2662K(2752K)
[174.392s][info][gc             ] GC(411) Pause Young (Normal) (G1 Evacuation Pause) 816M->655M(978M) 34.364ms
[174.392s][info][gc,cpu         ] GC(411) User=0.07s Sys=0.00s Real=0.04s
[174.718s][info][gc,marking     ] GC(406) Concurrent Rebuild Remembered Sets and Scrub Regions 678.838ms
[174.718s][info][gc,start       ] GC(406) Pause Cleanup
[174.718s][info][gc             ] GC(406) Pause Cleanup 801M->801M(978M) 0.153ms
[174.718s][info][gc,cpu         ] GC(406) User=0.00s Sys=0.00s Real=0.00s
[174.718s][info][gc,marking     ] GC(406) Concurrent Clear Claimed Marks
[174.719s][info][gc,marking     ] GC(406) Concurrent Clear Claimed Marks 0.027ms
[174.719s][info][gc,marking     ] GC(406) Concurrent Cleanup for Next Mark
[174.722s][info][gc,marking     ] GC(406) Concurrent Cleanup for Next Mark 3.394ms
[174.722s][info][gc             ] GC(406) Concurrent Mark Cycle 2249.561ms
[174.885s][info][gc,start       ] GC(412) Pause Young (Prepare Mixed) (G1 Evacuation Pause)
[174.885s][info][gc,task        ] GC(412) Using 2 workers of 2 for evacuation
[174.953s][info][gc,phases      ] GC(412)   Pre Evacuate Collection Set: 0.30ms
[174.953s][info][gc,phases      ] GC(412)   Merge Heap Roots: 0.38ms
[174.953s][info][gc,phases      ] GC(412)   Evacuate Collection Set: 65.81ms
[174.953s][info][gc,phases      ] GC(412)   Post Evacuate Collection Set: 0.65ms
[174.953s][info][gc,phases      ] GC(412)   Other: 0.11ms
[174.953s][info][gc,heap        ] GC(412) Eden regions: 228->0(194)
[174.953s][info][gc,heap        ] GC(412) Survivor regions: 19->31(31)
[174.953s][info][gc,heap        ] GC(412) Old regions: 629->661
[174.953s][info][gc,heap        ] GC(412) Humongous regions: 8->8
[174.953s][info][gc,metaspace   ] GC(412) Metaspace: 18522K(18752K)->18522K(18752K) NonClass: 15859K(16000K)->15859K(16000K) Class: 2662K(2752K)->2662K(2752K)
[174.953s][info][gc             ] GC(412) Pause Young (Prepare Mixed) (G1 Evacuation Pause) 883M->699M(978M) 67.475ms
[174.953s][info][gc,cpu         ] GC(412) User=0.14s Sys=0.00s Real=0.07s
[175.216s][info][gc,start       ] GC(413) Pause Young (Mixed) (G1 Evacuation Pause)
[175.216s][info][gc,task        ] GC(413) Using 2 workers of 2 for evacuation
[175.358s][info][gc,phases      ] GC(413)   Pre Evacuate Collection Set: 0.53ms
[175.358s][info][gc,phases      ] GC(413)   Merge Heap Roots: 1.44ms
[175.358s][info][gc,phases      ] GC(413)   Evacuate Collection Set: 139.24ms
[175.358s][info][gc,phases      ] GC(413)   Post Evacuate Collection Set: 0.66ms
[175.358s][info][gc,phases      ] GC(413)   Other: 0.10ms
[175.358s][info][gc,heap        ] GC(413) Eden regions: 194->0(191)
[175.358s][info][gc,heap        ] GC(413) Survivor regions: 31->29(29)
[175.358s][info][gc,heap        ] GC(413) Old regions: 661->647
[175.358s][info][gc,heap        ] GC(413) Humongous regions: 8->8
[175.358s][info][gc,metaspace   ] GC(413) Metaspace: 18522K(18752K)->18522K(18752K) NonClass: 15859K(16000K)->15859K(16000K) Class: 2662K(2752K)->2662K(2752K)
[175.359s][info][gc             ] GC(413) Pause Young (Mixed) (G1 Evacuation Pause) 893M->683M(978M) 142.190ms
[175.359s][info][gc,cpu         ] GC(413) User=0.28s Sys=0.00s Real=0.14s
[175.522s][info][gc,start       ] GC(414) Pause Young (Concurrent Start) (G1 Humongous Allocation)
[175.522s][info][gc,task        ] GC(414) Using 2 workers of 2 for evacuation
[175.568s][info][gc,phases      ] GC(414)   Pre Evacuate Collection Set: 0.32ms
[175.568s][info][gc,phases      ] GC(414)   Merge Heap Roots: 0.37ms
[175.568s][info][gc,phases      ] GC(414)   Evacuate Collection Set: 43.83ms
[175.568s][info][gc,phases      ] GC(414)   Post Evacuate Collection Set: 0.52ms
[175.568s][info][gc,phases      ] GC(414)   Other: 0.11ms
[175.568s][info][gc,heap        ] GC(414) Eden regions: 130->0(196)
[175.568s][info][gc,heap        ] GC(414) Survivor regions: 29->8(28)
[175.568s][info][gc,heap        ] GC(414) Old regions: 647->676
[175.568s][info][gc,heap        ] GC(414) Humongous regions: 8->8
[175.568s][info][gc,metaspace   ] GC(414) Metaspace: 18522K(18752K)->18522K(18752K) NonClass: 15859K(16000K)->15859K(16000K) Class: 2662K(2752K)->2662K(2752K)
[175.568s][info][gc             ] GC(414) Pause Young (Concurrent Start) (G1 Humongous Allocation) 813M->691M(978M) 45.418ms
[175.568s][info][gc,cpu         ] GC(414) User=0.09s Sys=0.01s Real=0.04s
[175.568s][info][gc             ] GC(415) Concurrent Mark Cycle
[175.570s][info][gc,marking     ] GC(415) Concurrent Scan Root Regions
[175.620s][info][gc,marking     ] GC(415) Concurrent Scan Root Regions 49.162ms
[175.620s][info][gc,marking     ] GC(415) Concurrent Mark
[175.620s][info][gc,marking     ] GC(415) Concurrent Mark From Roots
[175.620s][info][gc,task        ] GC(415) Using 1 workers of 1 for marking
[176.003s][info][gc,start       ] GC(416) Pause Young (Normal) (G1 Evacuation Pause)
[176.003s][info][gc,task        ] GC(416) Using 2 workers of 2 for evacuation
[176.076s][info][gc,phases      ] GC(416)   Pre Evacuate Collection Set: 0.32ms
[176.076s][info][gc,phases      ] GC(416)   Merge Heap Roots: 0.35ms
[176.076s][info][gc,phases      ] GC(416)   Evacuate Collection Set: 71.37ms
[176.076s][info][gc,phases      ] GC(416)   Post Evacuate Collection Set: 0.57ms
[176.076s][info][gc,phases      ] GC(416)   Other: 0.08ms
[176.076s][info][gc,heap        ] GC(416) Eden regions: 196->0(159)
[176.076s][info][gc,heap        ] GC(416) Survivor regions: 8->26(26)
[176.076s][info][gc,heap        ] GC(416) Old regions: 676->703
[176.076s][info][gc,heap        ] GC(416) Humongous regions: 11->11
[176.076s][info][gc,metaspace   ] GC(416) Metaspace: 18522K(18752K)->18522K(18752K) NonClass: 15859K(16000K)->15859K(16000K) Class: 2662K(2752K)->2662K(2752K)
[176.076s][info][gc             ] GC(416) Pause Young (Normal) (G1 Evacuation Pause) 890M->739M(978M) 72.939ms
[176.076s][info][gc,cpu         ] GC(416) User=0.14s Sys=0.00s Real=0.07s
[176.337s][info][gc,start       ] GC(417) Pause Young (Normal) (G1 Evacuation Pause)
[176.337s][info][gc,task        ] GC(417) Using 2 workers of 2 for evacuation
[176.387s][info][gc,phases      ] GC(417)   Pre Evacuate Collection Set: 0.32ms
[176.387s][info][gc,phases      ] GC(417)   Merge Heap Roots: 0.43ms
[176.387s][info][gc,phases      ] GC(417)   Evacuate Collection Set: 47.81ms
[176.387s][info][gc,phases      ] GC(417)   Post Evacuate Collection Set: 0.38ms
[176.387s][info][gc,phases      ] GC(417)   Other: 0.08ms
[176.387s][info][gc,heap        ] GC(417) Eden regions: 159->0(164)
[176.387s][info][gc,heap        ] GC(417) Survivor regions: 26->5(24)
[176.387s][info][gc,heap        ] GC(417) Old regions: 703->730
[176.387s][info][gc,heap        ] GC(417) Humongous regions: 11->11
[176.387s][info][gc,metaspace   ] GC(417) Metaspace: 18522K(18752K)->18522K(18752K) NonClass: 15859K(16000K)->15859K(16000K) Class: 2662K(2752K)->2662K(2752K)
[176.387s][info][gc             ] GC(417) Pause Young (Normal) (G1 Evacuation Pause) 898M->744M(978M) 49.266ms
[176.387s][info][gc,cpu         ] GC(417) User=0.10s Sys=0.00s Real=0.05s
[176.702s][info][gc,marking     ] GC(415) Concurrent Mark From Roots 1082.306ms
[176.702s][info][gc,marking     ] GC(415) Concurrent Preclean
[176.702s][info][gc,marking     ] GC(415) Concurrent Preclean 0.040ms
[176.702s][info][gc,start       ] GC(415) Pause Remark
[176.709s][info][gc             ] GC(415) Pause Remark 905M->727M(978M) 7.211ms
[176.709s][info][gc,cpu         ] GC(415) User=0.01s Sys=0.00s Real=0.00s
[176.709s][info][gc,marking     ] GC(415) Concurrent Mark 1089.878ms
[176.709s][info][gc,marking     ] GC(415) Concurrent Rebuild Remembered Sets and Scrub Regions
[176.717s][info][gc,start       ] GC(418) Pause Young (Normal) (G1 Evacuation Pause)
[176.717s][info][gc,task        ] GC(418) Using 2 workers of 2 for evacuation
[176.734s][info][gc,phases      ] GC(418)   Pre Evacuate Collection Set: 0.26ms
[176.734s][info][gc,phases      ] GC(418)   Merge Heap Roots: 0.22ms
[176.734s][info][gc,phases      ] GC(418)   Evacuate Collection Set: 15.56ms
[176.734s][info][gc,phases      ] GC(418)   Post Evacuate Collection Set: 0.37ms
[176.734s][info][gc,phases      ] GC(418)   Other: 0.10ms
[176.734s][info][gc,heap        ] GC(418) Eden regions: 164->0(293)
[176.734s][info][gc,heap        ] GC(418) Survivor regions: 5->9(22)
[176.734s][info][gc,heap        ] GC(418) Old regions: 556->556
[176.734s][info][gc,heap        ] GC(418) Humongous regions: 7->7
[176.734s][info][gc,metaspace   ] GC(418) Metaspace: 18522K(18752K)->18522K(18752K) NonClass: 15859K(16000K)->15859K(16000K) Class: 2662K(2752K)->2662K(2752K)
[176.734s][info][gc             ] GC(418) Pause Young (Normal) (G1 Evacuation Pause) 730M->571M(978M) 16.720ms
[176.734s][info][gc,cpu         ] GC(418) User=0.03s Sys=0.00s Real=0.02s
[177.182s][info][gc,marking     ] GC(415) Concurrent Rebuild Remembered Sets and Scrub Regions 472.532ms
[177.182s][info][gc,start       ] GC(415) Pause Cleanup
[177.182s][info][gc             ] GC(415) Pause Cleanup 768M->768M(978M) 0.108ms
[177.182s][info][gc,cpu         ] GC(415) User=0.00s Sys=0.00s Real=0.00s
[177.184s][info][gc,marking     ] GC(415) Concurrent Clear Claimed Marks
[177.184s][info][gc,marking     ] GC(415) Concurrent Clear Claimed Marks 0.056ms
[177.184s][info][gc,marking     ] GC(415) Concurrent Cleanup for Next Mark
[177.187s][info][gc,marking     ] GC(415) Concurrent Cleanup for Next Mark 2.944ms
[177.187s][info][gc             ] GC(415) Concurrent Mark Cycle 1619.559ms
[177.311s][info][gc,start       ] GC(419) Pause Young (Prepare Mixed) (G1 Evacuation Pause)
[177.311s][info][gc,task        ] GC(419) Using 2 workers of 2 for evacuation
[177.354s][info][gc,phases      ] GC(419)   Pre Evacuate Collection Set: 0.51ms
[177.354s][info][gc,phases      ] GC(419)   Merge Heap Roots: 0.33ms
[177.354s][info][gc,phases      ] GC(419)   Evacuate Collection Set: 41.92ms
[177.354s][info][gc,phases      ] GC(419)   Post Evacuate Collection Set: 0.51ms
[177.354s][info][gc,phases      ] GC(419)   Other: 0.09ms
[177.354s][info][gc,heap        ] GC(419) Eden regions: 293->0(275)
[177.354s][info][gc,heap        ] GC(419) Survivor regions: 9->35(38)
[177.354s][info][gc,heap        ] GC(419) Old regions: 556->556
[177.354s][info][gc,heap        ] GC(419) Humongous regions: 7->7
[177.354s][info][gc,metaspace   ] GC(419) Metaspace: 18522K(18752K)->18522K(18752K) NonClass: 15859K(16000K)->15859K(16000K) Class: 2662K(2752K)->2662K(2752K)
[177.354s][info][gc             ] GC(419) Pause Young (Prepare Mixed) (G1 Evacuation Pause) 864M->596M(978M) 43.648ms
[177.354s][info][gc,cpu         ] GC(419) User=0.08s Sys=0.00s Real=0.04s
[178.075s][info][gc,start       ] GC(420) Pause Young (Mixed) (G1 Evacuation Pause)
[178.075s][info][gc,task        ] GC(420) Using 2 workers of 2 for evacuation
[178.125s][info][gc,phases      ] GC(420)   Pre Evacuate Collection Set: 0.34ms
[178.125s][info][gc,phases      ] GC(420)   Merge Heap Roots: 0.55ms
[178.125s][info][gc,phases      ] GC(420)   Evacuate Collection Set: 48.28ms
[178.125s][info][gc,phases      ] GC(420)   Post Evacuate Collection Set: 0.50ms
[178.125s][info][gc,phases      ] GC(420)   Other: 0.12ms
[178.125s][info][gc,heap        ] GC(420) Eden regions: 275->0(323)
[178.125s][info][gc,heap        ] GC(420) Survivor regions: 35->1(39)
[178.125s][info][gc,heap        ] GC(420) Old regions: 556->556
[178.125s][info][gc,heap        ] GC(420) Humongous regions: 7->7
[178.125s][info][gc,metaspace   ] GC(420) Metaspace: 18522K(18752K)->18522K(18752K) NonClass: 15859K(16000K)->15859K(16000K) Class: 2662K(2752K)->2662K(2752K)
[178.125s][info][gc             ] GC(420) Pause Young (Mixed) (G1 Evacuation Pause) 871M->563M(978M) 50.011ms
[178.125s][info][gc,cpu         ] GC(420) User=0.10s Sys=0.00s Real=0.05s
[178.539s][info][gc,start       ] GC(421) Pause Young (Concurrent Start) (G1 Evacuation Pause)
[178.539s][info][gc,task        ] GC(421) Using 2 workers of 2 for evacuation
[178.602s][info][gc,phases      ] GC(421)   Pre Evacuate Collection Set: 0.28ms
[178.602s][info][gc,phases      ] GC(421)   Merge Heap Roots: 0.14ms
[178.602s][info][gc,phases      ] GC(421)   Evacuate Collection Set: 61.82ms
[178.602s][info][gc,phases      ] GC(421)   Post Evacuate Collection Set: 0.73ms
[178.602s][info][gc,phases      ] GC(421)   Other: 0.12ms
[178.602s][info][gc,heap        ] GC(421) Eden regions: 323->0(227)
[178.602s][info][gc,heap        ] GC(421) Survivor regions: 1->41(41)
[178.602s][info][gc,heap        ] GC(421) Old regions: 556->586
[178.602s][info][gc,heap        ] GC(421) Humongous regions: 7->7
[178.602s][info][gc,metaspace   ] GC(421) Metaspace: 18522K(18752K)->18522K(18752K) NonClass: 15859K(16000K)->15859K(16000K) Class: 2662K(2752K)->2662K(2752K)
[178.602s][info][gc             ] GC(421) Pause Young (Concurrent Start) (G1 Evacuation Pause) 886M->633M(978M) 63.354ms
[178.602s][info][gc,cpu         ] GC(421) User=0.12s Sys=0.00s Real=0.07s
[178.602s][info][gc             ] GC(422) Concurrent Mark Cycle
[178.602s][info][gc,marking     ] GC(422) Concurrent Scan Root Regions
[178.663s][info][gc,marking     ] GC(422) Concurrent Scan Root Regions 60.439ms
[178.663s][info][gc,marking     ] GC(422) Concurrent Mark
[178.663s][info][gc,marking     ] GC(422) Concurrent Mark From Roots
[178.663s][info][gc,task        ] GC(422) Using 1 workers of 1 for marking
[179.136s][info][gc,start       ] GC(423) Pause Young (Normal) (G1 Evacuation Pause)
[179.136s][info][gc,task        ] GC(423) Using 2 workers of 2 for evacuation
[179.214s][info][gc,phases      ] GC(423)   Pre Evacuate Collection Set: 0.30ms
[179.214s][info][gc,phases      ] GC(423)   Merge Heap Roots: 0.45ms
[179.214s][info][gc,phases      ] GC(423)   Evacuate Collection Set: 76.41ms
[179.214s][info][gc,phases      ] GC(423)   Post Evacuate Collection Set: 0.58ms
[179.214s][info][gc,phases      ] GC(423)   Other: 0.08ms
[179.214s][info][gc,heap        ] GC(423) Eden regions: 227->0(213)
[179.214s][info][gc,heap        ] GC(423) Survivor regions: 41->22(34)
[179.214s][info][gc,heap        ] GC(423) Old regions: 586->628
[179.214s][info][gc,heap        ] GC(423) Humongous regions: 10->10
[179.214s][info][gc,metaspace   ] GC(423) Metaspace: 18522K(18752K)->18522K(18752K) NonClass: 15859K(16000K)->15859K(16000K) Class: 2662K(2752K)->2662K(2752K)
[179.214s][info][gc             ] GC(423) Pause Young (Normal) (G1 Evacuation Pause) 863M->658M(978M) 78.079ms
[179.214s][info][gc,cpu         ] GC(423) User=0.15s Sys=0.00s Real=0.08s
[179.629s][info][gc,start       ] GC(424) Pause Young (Normal) (G1 Evacuation Pause)
[179.629s][info][gc,task        ] GC(424) Using 2 workers of 2 for evacuation
[179.706s][info][gc,phases      ] GC(424)   Pre Evacuate Collection Set: 0.51ms
[179.706s][info][gc,phases      ] GC(424)   Merge Heap Roots: 0.33ms
[179.706s][info][gc,phases      ] GC(424)   Evacuate Collection Set: 75.29ms
[179.706s][info][gc,phases      ] GC(424)   Post Evacuate Collection Set: 0.48ms
[179.706s][info][gc,phases      ] GC(424)   Other: 0.08ms
[179.706s][info][gc,heap        ] GC(424) Eden regions: 213->0(189)
[179.706s][info][gc,heap        ] GC(424) Survivor regions: 22->30(30)
[179.706s][info][gc,heap        ] GC(424) Old regions: 628->656
[179.706s][info][gc,heap        ] GC(424) Humongous regions: 10->10
[179.706s][info][gc,metaspace   ] GC(424) Metaspace: 18522K(18752K)->18522K(18752K) NonClass: 15859K(16000K)->15859K(16000K) Class: 2662K(2752K)->2662K(2752K)
[179.706s][info][gc             ] GC(424) Pause Young (Normal) (G1 Evacuation Pause) 871M->695M(978M) 76.976ms
[179.706s][info][gc,cpu         ] GC(424) User=0.15s Sys=0.00s Real=0.08s
[180.011s][info][gc,start       ] GC(425) Pause Young (Normal) (G1 Evacuation Pause)
[180.011s][info][gc,task        ] GC(425) Using 2 workers of 2 for evacuation
[180.044s][info][gc,phases      ] GC(425)   Pre Evacuate Collection Set: 0.51ms
[180.044s][info][gc,phases      ] GC(425)   Merge Heap Roots: 0.19ms
[180.044s][info][gc,phases      ] GC(425)   Evacuate Collection Set: 31.81ms
[180.044s][info][gc,phases      ] GC(425)   Post Evacuate Collection Set: 0.40ms
[180.044s][info][gc,phases      ] GC(425)   Other: 0.11ms
[180.044s][info][gc,heap        ] GC(425) Eden regions: 189->0(200)
[180.044s][info][gc,heap        ] GC(425) Survivor regions: 30->1(28)
[180.044s][info][gc,heap        ] GC(425) Old regions: 656->686
[180.044s][info][gc,heap        ] GC(425) Humongous regions: 10->10
[180.044s][info][gc,metaspace   ] GC(425) Metaspace: 18522K(18752K)->18522K(18752K) NonClass: 15859K(16000K)->15859K(16000K) Class: 2662K(2752K)->2662K(2752K)
[180.044s][info][gc             ] GC(425) Pause Young (Normal) (G1 Evacuation Pause) 884M->696M(978M) 33.305ms
[180.044s][info][gc,cpu         ] GC(425) User=0.07s Sys=0.00s Real=0.03s
[180.280s][info][gc,marking     ] GC(422) Concurrent Mark From Roots 1617.622ms
[180.280s][info][gc,marking     ] GC(422) Concurrent Preclean
[180.280s][info][gc,marking     ] GC(422) Concurrent Preclean 0.041ms
[180.281s][info][gc,start       ] GC(422) Pause Remark
[180.288s][info][gc             ] GC(422) Pause Remark 828M->814M(978M) 7.099ms
[180.288s][info][gc,cpu         ] GC(422) User=0.01s Sys=0.00s Real=0.00s
[180.288s][info][gc,marking     ] GC(422) Concurrent Mark 1625.083ms
[180.288s][info][gc,marking     ] GC(422) Concurrent Rebuild Remembered Sets and Scrub Regions
[180.409s][info][gc,start       ] GC(426) Pause Young (Normal) (G1 Evacuation Pause)
[180.409s][info][gc,task        ] GC(426) Using 2 workers of 2 for evacuation
[180.426s][info][gc,phases      ] GC(426)   Pre Evacuate Collection Set: 0.29ms
[180.426s][info][gc,phases      ] GC(426)   Merge Heap Roots: 0.22ms
[180.426s][info][gc,phases      ] GC(426)   Evacuate Collection Set: 15.84ms
[180.426s][info][gc,phases      ] GC(426)   Post Evacuate Collection Set: 0.38ms
[180.426s][info][gc,phases      ] GC(426)   Other: 0.09ms
[180.426s][info][gc,heap        ] GC(426) Eden regions: 200->0(209)
[180.426s][info][gc,heap        ] GC(426) Survivor regions: 1->9(26)
[180.426s][info][gc,heap        ] GC(426) Old regions: 673->673
[180.426s][info][gc,heap        ] GC(426) Humongous regions: 9->9
[180.426s][info][gc,metaspace   ] GC(426) Metaspace: 18522K(18752K)->18522K(18752K) NonClass: 15859K(16000K)->15859K(16000K) Class: 2662K(2752K)->2662K(2752K)
[180.426s][info][gc             ] GC(426) Pause Young (Normal) (G1 Evacuation Pause) 882M->690M(978M) 17.015ms
[180.426s][info][gc,cpu         ] GC(426) User=0.04s Sys=0.00s Real=0.02s
[180.947s][info][gc,marking     ] GC(422) Concurrent Rebuild Remembered Sets and Scrub Regions 659.494ms
[180.947s][info][gc,start       ] GC(422) Pause Cleanup
[180.948s][info][gc             ] GC(422) Pause Cleanup 896M->896M(978M) 0.103ms
[180.948s][info][gc,cpu         ] GC(422) User=0.00s Sys=0.00s Real=0.00s
[180.948s][info][gc,marking     ] GC(422) Concurrent Clear Claimed Marks
[180.948s][info][gc,marking     ] GC(422) Concurrent Clear Claimed Marks 0.030ms
[180.948s][info][gc,marking     ] GC(422) Concurrent Cleanup for Next Mark
[180.950s][info][gc,marking     ] GC(422) Concurrent Cleanup for Next Mark 2.829ms
[180.951s][info][gc             ] GC(422) Concurrent Mark Cycle 2348.407ms
[180.959s][info][gc,start       ] GC(427) Pause Young (Prepare Mixed) (G1 Evacuation Pause)
[180.959s][info][gc,task        ] GC(427) Using 2 workers of 2 for evacuation
[181.007s][info][gc,phases      ] GC(427)   Pre Evacuate Collection Set: 0.29ms
[181.007s][info][gc,phases      ] GC(427)   Merge Heap Roots: 0.49ms
[181.007s][info][gc,phases      ] GC(427)   Evacuate Collection Set: 46.13ms
[181.007s][info][gc,phases      ] GC(427)   Post Evacuate Collection Set: 0.45ms
[181.007s][info][gc,phases      ] GC(427)   Other: 0.09ms
[181.007s][info][gc,heap        ] GC(427) Eden regions: 209->0(186)
[181.007s][info][gc,heap        ] GC(427) Survivor regions: 9->28(28)
[181.007s][info][gc,heap        ] GC(427) Old regions: 673->677
[181.007s][info][gc,heap        ] GC(427) Humongous regions: 9->9
[181.007s][info][gc,metaspace   ] GC(427) Metaspace: 18522K(18752K)->18522K(18752K) NonClass: 15859K(16000K)->15859K(16000K) Class: 2662K(2752K)->2662K(2752K)
[181.007s][info][gc             ] GC(427) Pause Young (Prepare Mixed) (G1 Evacuation Pause) 899M->713M(978M) 47.640ms
[181.007s][info][gc,cpu         ] GC(427) User=0.09s Sys=0.00s Real=0.05s
[181.343s][info][gc,start       ] GC(428) Pause Young (Mixed) (G1 Evacuation Pause)
[181.343s][info][gc,task        ] GC(428) Using 2 workers of 2 for evacuation
[181.393s][info][gc,phases      ] GC(428)   Pre Evacuate Collection Set: 0.31ms
[181.393s][info][gc,phases      ] GC(428)   Merge Heap Roots: 0.22ms
[181.393s][info][gc,phases      ] GC(428)   Evacuate Collection Set: 48.45ms
[181.393s][info][gc,phases      ] GC(428)   Post Evacuate Collection Set: 0.44ms
[181.393s][info][gc,phases      ] GC(428)   Other: 0.07ms
[181.393s][info][gc,heap        ] GC(428) Eden regions: 186->0(188)
[181.393s][info][gc,heap        ] GC(428) Survivor regions: 28->20(27)
[181.393s][info][gc,heap        ] GC(428) Old regions: 677->691
[181.393s][info][gc,heap        ] GC(428) Humongous regions: 9->9
[181.393s][info][gc,metaspace   ] GC(428) Metaspace: 18522K(18752K)->18522K(18752K) NonClass: 15860K(16000K)->15860K(16000K) Class: 2662K(2752K)->2662K(2752K)
[181.393s][info][gc             ] GC(428) Pause Young (Mixed) (G1 Evacuation Pause) 899M->719M(978M) 49.723ms
[181.393s][info][gc,cpu         ] GC(428) User=0.10s Sys=0.00s Real=0.05s
[181.598s][info][gc,start       ] GC(429) Pause Young (Concurrent Start) (G1 Evacuation Pause)
[181.599s][info][gc,task        ] GC(429) Using 2 workers of 2 for evacuation
[181.626s][info][gc,phases      ] GC(429)   Pre Evacuate Collection Set: 0.35ms
[181.626s][info][gc,phases      ] GC(429)   Merge Heap Roots: 0.10ms
[181.626s][info][gc,phases      ] GC(429)   Evacuate Collection Set: 26.35ms
[181.626s][info][gc,phases      ] GC(429)   Post Evacuate Collection Set: 0.44ms
[181.626s][info][gc,phases      ] GC(429)   Other: 0.23ms
[181.626s][info][gc,heap        ] GC(429) Eden regions: 188->0(173)
[181.626s][info][gc,heap        ] GC(429) Survivor regions: 20->25(26)
[181.626s][info][gc,heap        ] GC(429) Old regions: 691->696
[181.626s][info][gc,heap        ] GC(429) Humongous regions: 9->9
[181.626s][info][gc,metaspace   ] GC(429) Metaspace: 18527K(18752K)->18527K(18752K) NonClass: 15865K(16000K)->15865K(16000K) Class: 2662K(2752K)->2662K(2752K)
[181.626s][info][gc             ] GC(429) Pause Young (Concurrent Start) (G1 Evacuation Pause) 907M->729M(978M) 27.713ms
[181.626s][info][gc,cpu         ] GC(429) User=0.06s Sys=0.00s Real=0.03s
[181.626s][info][gc             ] GC(430) Concurrent Mark Cycle
[181.626s][info][gc,marking     ] GC(430) Concurrent Scan Root Regions
[181.660s][info][gc,marking     ] GC(430) Concurrent Scan Root Regions 34.053ms
[181.660s][info][gc,marking     ] GC(430) Concurrent Mark
[181.660s][info][gc,marking     ] GC(430) Concurrent Mark From Roots
[181.660s][info][gc,task        ] GC(430) Using 1 workers of 1 for marking
[181.910s][info][gc,start       ] GC(431) Pause Young (Normal) (G1 Evacuation Pause)
[181.910s][info][gc,task        ] GC(431) Using 2 workers of 2 for evacuation
[181.944s][info][gc,phases      ] GC(431)   Pre Evacuate Collection Set: 0.30ms
[181.944s][info][gc,phases      ] GC(431)   Merge Heap Roots: 0.09ms
[181.944s][info][gc,phases      ] GC(431)   Evacuate Collection Set: 32.55ms
[181.944s][info][gc,phases      ] GC(431)   Post Evacuate Collection Set: 0.45ms
[181.944s][info][gc,phases      ] GC(431)   Other: 0.09ms
[181.944s][info][gc,heap        ] GC(431) Eden regions: 173->0(172)
[181.944s][info][gc,heap        ] GC(431) Survivor regions: 25->16(25)
[181.944s][info][gc,heap        ] GC(431) Old regions: 696->715
[181.944s][info][gc,heap        ] GC(431) Humongous regions: 9->9
[181.944s][info][gc,metaspace   ] GC(431) Metaspace: 18527K(18752K)->18527K(18752K) NonClass: 15865K(16000K)->15865K(16000K) Class: 2662K(2752K)->2662K(2752K)
[181.944s][info][gc             ] GC(431) Pause Young (Normal) (G1 Evacuation Pause) 902M->738M(978M) 33.737ms
[181.944s][info][gc,cpu         ] GC(431) User=0.07s Sys=0.00s Real=0.04s
[182.463s][info][gc,start       ] GC(432) Pause Young (Normal) (G1 Evacuation Pause)
[182.463s][info][gc,task        ] GC(432) Using 2 workers of 2 for evacuation
[182.487s][info][gc,phases      ] GC(432)   Pre Evacuate Collection Set: 0.54ms
[182.487s][info][gc,phases      ] GC(432)   Merge Heap Roots: 0.18ms
[182.487s][info][gc,phases      ] GC(432)   Evacuate Collection Set: 23.01ms
[182.487s][info][gc,phases      ] GC(432)   Post Evacuate Collection Set: 0.39ms
[182.487s][info][gc,phases      ] GC(432)   Other: 0.07ms
[182.487s][info][gc,heap        ] GC(432) Eden regions: 172->0(179)
[182.487s][info][gc,heap        ] GC(432) Survivor regions: 16->5(24)
[182.487s][info][gc,heap        ] GC(432) Old regions: 715->730
[182.487s][info][gc,heap        ] GC(432) Humongous regions: 9->9
[182.487s][info][gc,metaspace   ] GC(432) Metaspace: 18530K(18752K)->18530K(18752K) NonClass: 15868K(16000K)->15868K(16000K) Class: 2662K(2752K)->2662K(2752K)
[182.487s][info][gc             ] GC(432) Pause Young (Normal) (G1 Evacuation Pause) 910M->743M(978M) 24.441ms
[182.487s][info][gc,cpu         ] GC(432) User=0.05s Sys=0.00s Real=0.02s
[182.877s][info][gc,start       ] GC(433) Pause Young (Normal) (G1 Evacuation Pause)
[182.877s][info][gc,task        ] GC(433) Using 2 workers of 2 for evacuation
[182.898s][info][gc,phases      ] GC(433)   Pre Evacuate Collection Set: 0.31ms
[182.898s][info][gc,phases      ] GC(433)   Merge Heap Roots: 0.10ms
[182.898s][info][gc,phases      ] GC(433)   Evacuate Collection Set: 19.77ms
[182.898s][info][gc,phases      ] GC(433)   Post Evacuate Collection Set: 0.41ms
[182.898s][info][gc,phases      ] GC(433)   Other: 0.10ms
[182.898s][info][gc,heap        ] GC(433) Eden regions: 179->0(151)
[182.898s][info][gc,heap        ] GC(433) Survivor regions: 5->19(23)
[182.898s][info][gc,heap        ] GC(433) Old regions: 730->730
[182.898s][info][gc,heap        ] GC(433) Humongous regions: 9->9
[182.898s][info][gc,metaspace   ] GC(433) Metaspace: 18533K(18752K)->18533K(18752K) NonClass: 15870K(16000K)->15870K(16000K) Class: 2662K(2752K)->2662K(2752K)
[182.898s][info][gc             ] GC(433) Pause Young (Normal) (G1 Evacuation Pause) 922M->757M(978M) 20.971ms
[182.898s][info][gc,cpu         ] GC(433) User=0.04s Sys=0.00s Real=0.02s
[183.166s][info][gc,start       ] GC(434) Pause Young (Normal) (G1 Evacuation Pause)
[183.166s][info][gc,task        ] GC(434) Using 2 workers of 2 for evacuation
[183.218s][info][gc,phases      ] GC(434)   Pre Evacuate Collection Set: 0.30ms
[183.218s][info][gc,phases      ] GC(434)   Merge Heap Roots: 0.10ms
[183.218s][info][gc,phases      ] GC(434)   Evacuate Collection Set: 50.98ms
[183.218s][info][gc,phases      ] GC(434)   Post Evacuate Collection Set: 0.51ms
[183.218s][info][gc,phases      ] GC(434)   Other: 0.10ms
[183.218s][info][gc,heap        ] GC(434) Eden regions: 151->0(110)
[183.218s][info][gc,heap        ] GC(434) Survivor regions: 19->22(22)
[183.218s][info][gc,heap        ] GC(434) Old regions: 730->765
[183.218s][info][gc,heap        ] GC(434) Humongous regions: 9->9
[183.218s][info][gc,metaspace   ] GC(434) Metaspace: 18533K(18752K)->18533K(18752K) NonClass: 15870K(16000K)->15870K(16000K) Class: 2662K(2752K)->2662K(2752K)
[183.218s][info][gc             ] GC(434) Pause Young (Normal) (G1 Evacuation Pause) 908M->795M(978M) 52.241ms
[183.218s][info][gc,cpu         ] GC(434) User=0.10s Sys=0.00s Real=0.05s
[183.412s][info][gc,start       ] GC(435) Pause Young (Normal) (G1 Evacuation Pause)
[183.413s][info][gc,task        ] GC(435) Using 2 workers of 2 for evacuation
[183.463s][info][gc,phases      ] GC(435)   Pre Evacuate Collection Set: 0.30ms
[183.463s][info][gc,phases      ] GC(435)   Merge Heap Roots: 0.26ms
[183.463s][info][gc,phases      ] GC(435)   Evacuate Collection Set: 49.40ms
[183.463s][info][gc,phases      ] GC(435)   Post Evacuate Collection Set: 0.46ms
[183.463s][info][gc,phases      ] GC(435)   Other: 0.09ms
[183.463s][info][gc,heap        ] GC(435) Eden regions: 110->0(83)
[183.463s][info][gc,heap        ] GC(435) Survivor regions: 22->17(17)
[183.463s][info][gc,heap        ] GC(435) Old regions: 765->802
[183.463s][info][gc,heap        ] GC(435) Humongous regions: 9->9
[183.463s][info][gc,metaspace   ] GC(435) Metaspace: 18533K(18752K)->18533K(18752K) NonClass: 15870K(16000K)->15870K(16000K) Class: 2662K(2752K)->2662K(2752K)
[183.463s][info][gc             ] GC(435) Pause Young (Normal) (G1 Evacuation Pause) 905M->827M(978M) 50.730ms
[183.463s][info][gc,cpu         ] GC(435) User=0.10s Sys=0.00s Real=0.05s
[183.665s][info][gc,marking     ] GC(430) Concurrent Mark From Roots 2004.760ms
[183.665s][info][gc,marking     ] GC(430) Concurrent Preclean
[183.665s][info][gc,marking     ] GC(430) Concurrent Preclean 0.040ms
[183.665s][info][gc,start       ] GC(430) Pause Remark
[183.672s][info][gc             ] GC(430) Pause Remark 880M->750M(978M) 7.023ms
[183.673s][info][gc,cpu         ] GC(430) User=0.01s Sys=0.00s Real=0.01s
[183.675s][info][gc,marking     ] GC(430) Concurrent Mark 2014.853ms
[183.675s][info][gc,marking     ] GC(430) Concurrent Rebuild Remembered Sets and Scrub Regions
[183.703s][info][gc,start       ] GC(436) Pause Young (Normal) (G1 Evacuation Pause)
[183.703s][info][gc,task        ] GC(436) Using 2 workers of 2 for evacuation
[183.728s][info][gc,phases      ] GC(436)   Pre Evacuate Collection Set: 0.26ms
[183.728s][info][gc,phases      ] GC(436)   Merge Heap Roots: 0.43ms
[183.728s][info][gc,phases      ] GC(436)   Evacuate Collection Set: 23.76ms
[183.728s][info][gc,phases      ] GC(436)   Post Evacuate Collection Set: 0.36ms
[183.728s][info][gc,phases      ] GC(436)   Other: 0.09ms
[183.728s][info][gc,heap        ] GC(436) Eden regions: 83->0(193)
[183.728s][info][gc,heap        ] GC(436) Survivor regions: 17->3(13)
[183.728s][info][gc,heap        ] GC(436) Old regions: 675->693
[183.728s][info][gc,heap        ] GC(436) Humongous regions: 6->6
[183.728s][info][gc,metaspace   ] GC(436) Metaspace: 18533K(18752K)->18533K(18752K) NonClass: 15870K(16000K)->15870K(16000K) Class: 2662K(2752K)->2662K(2752K)
[183.728s][info][gc             ] GC(436) Pause Young (Normal) (G1 Evacuation Pause) 780M->701M(978M) 25.113ms
[183.728s][info][gc,cpu         ] GC(436) User=0.05s Sys=0.00s Real=0.02s
[184.073s][info][gc,start       ] GC(437) Pause Young (Normal) (G1 Evacuation Pause)
[184.073s][info][gc,task        ] GC(437) Using 2 workers of 2 for evacuation
[184.132s][info][gc,phases      ] GC(437)   Pre Evacuate Collection Set: 0.30ms
[184.132s][info][gc,phases      ] GC(437)   Merge Heap Roots: 0.56ms
[184.132s][info][gc,phases      ] GC(437)   Evacuate Collection Set: 56.81ms
[184.132s][info][gc,phases      ] GC(437)   Post Evacuate Collection Set: 0.55ms
[184.132s][info][gc,phases      ] GC(437)   Other: 0.11ms
[184.132s][info][gc,heap        ] GC(437) Eden regions: 193->0(155)
[184.132s][info][gc,heap        ] GC(437) Survivor regions: 3->25(25)
[184.132s][info][gc,heap        ] GC(437) Old regions: 693->705
[184.132s][info][gc,heap        ] GC(437) Humongous regions: 9->9
[184.132s][info][gc,metaspace   ] GC(437) Metaspace: 18533K(18752K)->18533K(18752K) NonClass: 15870K(16000K)->15870K(16000K) Class: 2662K(2752K)->2662K(2752K)
[184.132s][info][gc             ] GC(437) Pause Young (Normal) (G1 Evacuation Pause) 897M->738M(978M) 58.589ms
[184.132s][info][gc,cpu         ] GC(437) User=0.11s Sys=0.00s Real=0.06s
[184.356s][info][gc,start       ] GC(438) Pause Young (Normal) (G1 Evacuation Pause)
[184.356s][info][gc,task        ] GC(438) Using 2 workers of 2 for evacuation
[184.420s][info][gc,phases      ] GC(438)   Pre Evacuate Collection Set: 0.27ms
[184.420s][info][gc,phases      ] GC(438)   Merge Heap Roots: 0.38ms
[184.420s][info][gc,phases      ] GC(438)   Evacuate Collection Set: 62.18ms
[184.420s][info][gc,phases      ] GC(438)   Post Evacuate Collection Set: 0.41ms
[184.420s][info][gc,phases      ] GC(438)   Other: 0.12ms
[184.420s][info][gc,heap        ] GC(438) Eden regions: 155->0(141)
[184.420s][info][gc,heap        ] GC(438) Survivor regions: 25->22(23)
[184.420s][info][gc,heap        ] GC(438) Old regions: 705->730
[184.420s][info][gc,heap        ] GC(438) Humongous regions: 9->9
[184.420s][info][gc,metaspace   ] GC(438) Metaspace: 18533K(18752K)->18533K(18752K) NonClass: 15870K(16000K)->15870K(16000K) Class: 2662K(2752K)->2662K(2752K)
[184.420s][info][gc             ] GC(438) Pause Young (Normal) (G1 Evacuation Pause) 893M->760M(978M) 63.606ms
[184.420s][info][gc,cpu         ] GC(438) User=0.13s Sys=0.00s Real=0.06s
[184.535s][info][gc,marking     ] GC(430) Concurrent Rebuild Remembered Sets and Scrub Regions 860.176ms
[184.536s][info][gc,start       ] GC(430) Pause Cleanup
[184.536s][info][gc             ] GC(430) Pause Cleanup 853M->853M(978M) 0.126ms
[184.536s][info][gc,cpu         ] GC(430) User=0.00s Sys=0.00s Real=0.00s
[184.536s][info][gc,marking     ] GC(430) Concurrent Clear Claimed Marks
[184.536s][info][gc,marking     ] GC(430) Concurrent Clear Claimed Marks 0.027ms
[184.536s][info][gc,marking     ] GC(430) Concurrent Cleanup for Next Mark
[184.541s][info][gc,marking     ] GC(430) Concurrent Cleanup for Next Mark 4.830ms
[184.541s][info][gc             ] GC(430) Concurrent Mark Cycle 2914.529ms
[184.591s][info][gc,start       ] GC(439) Pause Young (Prepare Mixed) (G1 Evacuation Pause)
[184.591s][info][gc,task        ] GC(439) Using 2 workers of 2 for evacuation
[184.617s][info][gc,phases      ] GC(439)   Pre Evacuate Collection Set: 0.32ms
[184.617s][info][gc,phases      ] GC(439)   Merge Heap Roots: 0.19ms
[184.617s][info][gc,phases      ] GC(439)   Evacuate Collection Set: 25.04ms
[184.617s][info][gc,phases      ] GC(439)   Post Evacuate Collection Set: 0.37ms
[184.617s][info][gc,phases      ] GC(439)   Other: 0.09ms
[184.617s][info][gc,heap        ] GC(439) Eden regions: 141->0(151)
[184.617s][info][gc,heap        ] GC(439) Survivor regions: 22->2(21)
[184.617s][info][gc,heap        ] GC(439) Old regions: 730->752
[184.617s][info][gc,heap        ] GC(439) Humongous regions: 9->9
[184.617s][info][gc,metaspace   ] GC(439) Metaspace: 18533K(18752K)->18533K(18752K) NonClass: 15870K(16000K)->15870K(16000K) Class: 2662K(2752K)->2662K(2752K)
[184.617s][info][gc             ] GC(439) Pause Young (Prepare Mixed) (G1 Evacuation Pause) 901M->761M(978M) 26.201ms
[184.617s][info][gc,cpu         ] GC(439) User=0.06s Sys=0.00s Real=0.02s
[184.782s][info][gc,start       ] GC(440) Pause Young (Mixed) (G1 Evacuation Pause)
[184.782s][info][gc,task        ] GC(440) Using 2 workers of 2 for evacuation
[184.795s][info][gc,phases      ] GC(440)   Pre Evacuate Collection Set: 0.30ms
[184.795s][info][gc,phases      ] GC(440)   Merge Heap Roots: 0.22ms
[184.795s][info][gc,phases      ] GC(440)   Evacuate Collection Set: 11.61ms
[184.795s][info][gc,phases      ] GC(440)   Post Evacuate Collection Set: 0.37ms
[184.795s][info][gc,phases      ] GC(440)   Other: 0.11ms
[184.795s][info][gc,heap        ] GC(440) Eden regions: 151->0(176)
[184.795s][info][gc,heap        ] GC(440) Survivor regions: 2->5(20)
[184.795s][info][gc,heap        ] GC(440) Old regions: 752->731
[184.795s][info][gc,heap        ] GC(440) Humongous regions: 9->9
[184.795s][info][gc,metaspace   ] GC(440) Metaspace: 18533K(18752K)->18533K(18752K) NonClass: 15870K(16000K)->15870K(16000K) Class: 2662K(2752K)->2662K(2752K)
[184.795s][info][gc             ] GC(440) Pause Young (Mixed) (G1 Evacuation Pause) 912M->744M(978M) 12.838ms
[184.795s][info][gc,cpu         ] GC(440) User=0.03s Sys=0.00s Real=0.01s
[185.071s][info][gc,start       ] GC(441) Pause Young (Concurrent Start) (G1 Evacuation Pause)
[185.071s][info][gc,task        ] GC(441) Using 2 workers of 2 for evacuation
[185.112s][info][gc,phases      ] GC(441)   Pre Evacuate Collection Set: 0.32ms
[185.112s][info][gc,phases      ] GC(441)   Merge Heap Roots: 0.47ms
[185.112s][info][gc,phases      ] GC(441)   Evacuate Collection Set: 39.94ms
[185.112s][info][gc,phases      ] GC(441)   Post Evacuate Collection Set: 0.40ms
[185.112s][info][gc,phases      ] GC(441)   Other: 0.11ms
[185.112s][info][gc,heap        ] GC(441) Eden regions: 176->0(139)
[185.112s][info][gc,heap        ] GC(441) Survivor regions: 5->23(23)
[185.112s][info][gc,heap        ] GC(441) Old regions: 731->734
[185.112s][info][gc,heap        ] GC(441) Humongous regions: 9->9
[185.112s][info][gc,metaspace   ] GC(441) Metaspace: 18533K(18752K)->18533K(18752K) NonClass: 15870K(16000K)->15870K(16000K) Class: 2662K(2752K)->2662K(2752K)
[185.112s][info][gc             ] GC(441) Pause Young (Concurrent Start) (G1 Evacuation Pause) 920M->765M(978M) 41.502ms
[185.112s][info][gc             ] GC(442) Concurrent Mark Cycle
[185.112s][info][gc,marking     ] GC(442) Concurrent Scan Root Regions
[185.113s][info][gc,cpu         ] GC(441) User=0.08s Sys=0.00s Real=0.04s
[185.159s][info][gc,marking     ] GC(442) Concurrent Scan Root Regions 46.671ms
[185.159s][info][gc,marking     ] GC(442) Concurrent Mark
[185.159s][info][gc,marking     ] GC(442) Concurrent Mark From Roots
[185.159s][info][gc,task        ] GC(442) Using 1 workers of 1 for marking
[185.518s][info][gc,start       ] GC(443) Pause Young (Normal) (G1 Evacuation Pause)
[185.518s][info][gc,task        ] GC(443) Using 2 workers of 2 for evacuation
[185.573s][info][gc,phases      ] GC(443)   Pre Evacuate Collection Set: 0.28ms
[185.573s][info][gc,phases      ] GC(443)   Merge Heap Roots: 0.25ms
[185.573s][info][gc,phases      ] GC(443)   Evacuate Collection Set: 53.76ms
[185.573s][info][gc,phases      ] GC(443)   Post Evacuate Collection Set: 0.46ms
[185.573s][info][gc,phases      ] GC(443)   Other: 0.09ms
[185.573s][info][gc,heap        ] GC(443) Eden regions: 139->0(111)
[185.573s][info][gc,heap        ] GC(443) Survivor regions: 23->21(21)
[185.573s][info][gc,heap        ] GC(443) Old regions: 734->766
[185.573s][info][gc,heap        ] GC(443) Humongous regions: 9->9
[185.573s][info][gc,metaspace   ] GC(443) Metaspace: 18533K(18752K)->18533K(18752K) NonClass: 15870K(16000K)->15870K(16000K) Class: 2662K(2752K)->2662K(2752K)
[185.573s][info][gc             ] GC(443) Pause Young (Normal) (G1 Evacuation Pause) 904M->795M(978M) 55.069ms
[185.573s][info][gc,cpu         ] GC(443) User=0.11s Sys=0.00s Real=0.06s
[185.819s][info][gc,start       ] GC(444) Pause Young (Normal) (G1 Evacuation Pause)
[185.819s][info][gc,task        ] GC(444) Using 2 workers of 2 for evacuation
[185.854s][info][gc,phases      ] GC(444)   Pre Evacuate Collection Set: 0.29ms
[185.854s][info][gc,phases      ] GC(444)   Merge Heap Roots: 0.21ms
[185.854s][info][gc,phases      ] GC(444)   Evacuate Collection Set: 34.01ms
[185.854s][info][gc,phases      ] GC(444)   Post Evacuate Collection Set: 0.37ms
[185.854s][info][gc,phases      ] GC(444)   Other: 0.10ms
[185.854s][info][gc,heap        ] GC(444) Eden regions: 111->0(98)
[185.854s][info][gc,heap        ] GC(444) Survivor regions: 21->17(17)
[185.854s][info][gc,heap        ] GC(444) Old regions: 766->787
[185.854s][info][gc,heap        ] GC(444) Humongous regions: 9->9
[185.854s][info][gc,metaspace   ] GC(444) Metaspace: 18533K(18752K)->18533K(18752K) NonClass: 15870K(16000K)->15870K(16000K) Class: 2662K(2752K)->2662K(2752K)
[185.854s][info][gc             ] GC(444) Pause Young (Normal) (G1 Evacuation Pause) 906M->812M(978M) 35.228ms
[185.854s][info][gc,cpu         ] GC(444) User=0.07s Sys=0.00s Real=0.04s
[186.132s][info][gc,start       ] GC(445) Pause Young (Normal) (G1 Evacuation Pause)
[186.132s][info][gc,task        ] GC(445) Using 2 workers of 2 for evacuation
[186.164s][info][gc,phases      ] GC(445)   Pre Evacuate Collection Set: 0.55ms
[186.164s][info][gc,phases      ] GC(445)   Merge Heap Roots: 0.20ms
[186.164s][info][gc,phases      ] GC(445)   Evacuate Collection Set: 30.76ms
[186.164s][info][gc,phases      ] GC(445)   Post Evacuate Collection Set: 0.39ms
[186.164s][info][gc,phases      ] GC(445)   Other: 0.11ms
[186.164s][info][gc,heap        ] GC(445) Eden regions: 98->0(94)
[186.164s][info][gc,heap        ] GC(445) Survivor regions: 17->10(15)
[186.164s][info][gc,heap        ] GC(445) Old regions: 787->804
[186.164s][info][gc,heap        ] GC(445) Humongous regions: 10->10
[186.164s][info][gc,metaspace   ] GC(445) Metaspace: 18533K(18752K)->18533K(18752K) NonClass: 15871K(16000K)->15871K(16000K) Class: 2662K(2752K)->2662K(2752K)
[186.164s][info][gc             ] GC(445) Pause Young (Normal) (G1 Evacuation Pause) 911M->823M(978M) 32.272ms
[186.164s][info][gc,cpu         ] GC(445) User=0.07s Sys=0.00s Real=0.03s
[186.322s][info][gc,marking     ] GC(442) Concurrent Mark From Roots 1163.082ms
[186.322s][info][gc,marking     ] GC(442) Concurrent Preclean
[186.322s][info][gc,marking     ] GC(442) Concurrent Preclean 0.042ms
[186.323s][info][gc,start       ] GC(442) Pause Remark
[186.330s][info][gc             ] GC(442) Pause Remark 871M->551M(978M) 7.233ms
[186.330s][info][gc,cpu         ] GC(442) User=0.01s Sys=0.00s Real=0.00s
[186.332s][info][gc,marking     ] GC(442) Concurrent Mark 1172.637ms
[186.332s][info][gc,marking     ] GC(442) Concurrent Rebuild Remembered Sets and Scrub Regions
[186.476s][info][gc,start       ] GC(446) Pause Young (Normal) (G1 Evacuation Pause)
[186.476s][info][gc,task        ] GC(446) Using 2 workers of 2 for evacuation
[186.493s][info][gc,phases      ] GC(446)   Pre Evacuate Collection Set: 0.49ms
[186.493s][info][gc,phases      ] GC(446)   Merge Heap Roots: 0.19ms
[186.493s][info][gc,phases      ] GC(446)   Evacuate Collection Set: 16.32ms
[186.493s][info][gc,phases      ] GC(446)   Post Evacuate Collection Set: 0.31ms
[186.493s][info][gc,phases      ] GC(446)   Other: 0.08ms
[186.493s][info][gc,heap        ] GC(446) Eden regions: 94->0(371)
[186.493s][info][gc,heap        ] GC(446) Survivor regions: 10->1(13)
[186.493s][info][gc,heap        ] GC(446) Old regions: 489->499
[186.493s][info][gc,heap        ] GC(446) Humongous regions: 5->5
[186.493s][info][gc,metaspace   ] GC(446) Metaspace: 18533K(18752K)->18533K(18752K) NonClass: 15871K(16000K)->15871K(16000K) Class: 2662K(2752K)->2662K(2752K)
[186.493s][info][gc             ] GC(446) Pause Young (Normal) (G1 Evacuation Pause) 597M->504M(978M) 17.613ms
[186.493s][info][gc,cpu         ] GC(446) User=0.04s Sys=0.00s Real=0.02s
[186.766s][info][gc,marking     ] GC(442) Concurrent Rebuild Remembered Sets and Scrub Regions 434.515ms
[186.767s][info][gc,start       ] GC(442) Pause Cleanup
[186.767s][info][gc             ] GC(442) Pause Cleanup 652M->652M(978M) 0.150ms
[186.767s][info][gc,cpu         ] GC(442) User=0.00s Sys=0.00s Real=0.00s
[186.767s][info][gc,marking     ] GC(442) Concurrent Clear Claimed Marks
[186.767s][info][gc,marking     ] GC(442) Concurrent Clear Claimed Marks 0.042ms
[186.767s][info][gc,marking     ] GC(442) Concurrent Cleanup for Next Mark
[186.774s][info][gc,marking     ] GC(442) Concurrent Cleanup for Next Mark 7.329ms
[186.774s][info][gc             ] GC(442) Concurrent Mark Cycle 1661.784ms
[186.999s][info][gc,start       ] GC(447) Pause Young (Prepare Mixed) (G1 Evacuation Pause)
[186.999s][info][gc,task        ] GC(447) Using 2 workers of 2 for evacuation
[187.027s][info][gc,phases      ] GC(447)   Pre Evacuate Collection Set: 0.34ms
[187.027s][info][gc,phases      ] GC(447)   Merge Heap Roots: 0.18ms
[187.027s][info][gc,phases      ] GC(447)   Evacuate Collection Set: 27.02ms
[187.027s][info][gc,phases      ] GC(447)   Post Evacuate Collection Set: 0.56ms
[187.027s][info][gc,phases      ] GC(447)   Other: 0.11ms
[187.027s][info][gc,heap        ] GC(447) Eden regions: 371->0(352)
[187.027s][info][gc,heap        ] GC(447) Survivor regions: 1->24(47)
[187.027s][info][gc,heap        ] GC(447) Old regions: 499->499
[187.027s][info][gc,heap        ] GC(447) Humongous regions: 5->5
[187.027s][info][gc,metaspace   ] GC(447) Metaspace: 18533K(18752K)->18533K(18752K) NonClass: 15871K(16000K)->15871K(16000K) Class: 2662K(2752K)->2662K(2752K)
[187.027s][info][gc             ] GC(447) Pause Young (Prepare Mixed) (G1 Evacuation Pause) 875M->527M(978M) 28.447ms
[187.027s][info][gc,cpu         ] GC(447) User=0.06s Sys=0.00s Real=0.03s
[187.678s][info][gc,start       ] GC(448) Pause Young (Mixed) (G1 Evacuation Pause)
[187.679s][info][gc,task        ] GC(448) Using 2 workers of 2 for evacuation
[187.720s][info][gc,phases      ] GC(448)   Pre Evacuate Collection Set: 0.35ms
[187.720s][info][gc,phases      ] GC(448)   Merge Heap Roots: 0.29ms
[187.720s][info][gc,phases      ] GC(448)   Evacuate Collection Set: 40.19ms
[187.720s][info][gc,phases      ] GC(448)   Post Evacuate Collection Set: 0.64ms
[187.720s][info][gc,phases      ] GC(448)   Other: 0.11ms
[187.720s][info][gc,heap        ] GC(448) Eden regions: 352->0(401)
[187.720s][info][gc,heap        ] GC(448) Survivor regions: 24->38(47)
[187.720s][info][gc,heap        ] GC(448) Old regions: 499->438
[187.720s][info][gc,heap        ] GC(448) Humongous regions: 5->5
[187.720s][info][gc,metaspace   ] GC(448) Metaspace: 18533K(18752K)->18533K(18752K) NonClass: 15871K(16000K)->15871K(16000K) Class: 2662K(2752K)->2662K(2752K)
[187.720s][info][gc             ] GC(448) Pause Young (Mixed) (G1 Evacuation Pause) 879M->479M(978M) 41.845ms
[187.720s][info][gc,cpu         ] GC(448) User=0.08s Sys=0.00s Real=0.04s
[188.307s][info][gc,start       ] GC(449) Pause Young (Concurrent Start) (G1 Evacuation Pause)
[188.307s][info][gc,task        ] GC(449) Using 2 workers of 2 for evacuation
[188.416s][info][gc,phases      ] GC(449)   Pre Evacuate Collection Set: 0.31ms
[188.416s][info][gc,phases      ] GC(449)   Merge Heap Roots: 0.56ms
[188.416s][info][gc,phases      ] GC(449)   Evacuate Collection Set: 104.70ms
[188.416s][info][gc,phases      ] GC(449)   Post Evacuate Collection Set: 2.96ms
[188.416s][info][gc,phases      ] GC(449)   Other: 0.10ms
[188.416s][info][gc,heap        ] GC(449) Eden regions: 401->0(294)
[188.416s][info][gc,heap        ] GC(449) Survivor regions: 38->55(55)
[188.416s][info][gc,heap        ] GC(449) Old regions: 438->511
[188.416s][info][gc,heap        ] GC(449) Humongous regions: 5->5
[188.416s][info][gc,metaspace   ] GC(449) Metaspace: 18545K(18752K)->18545K(18752K) NonClass: 15883K(16000K)->15883K(16000K) Class: 2662K(2752K)->2662K(2752K)
[188.416s][info][gc             ] GC(449) Pause Young (Concurrent Start) (G1 Evacuation Pause) (Evacuation Failure: Allocation) 880M->570M(978M) 108.871ms
[188.416s][info][gc,cpu         ] GC(449) User=0.22s Sys=0.00s Real=0.11s
[188.416s][info][gc             ] GC(450) Concurrent Mark Cycle
[188.416s][info][gc,marking     ] GC(450) Concurrent Scan Root Regions
[188.520s][info][gc,marking     ] GC(450) Concurrent Scan Root Regions 104.094ms
[188.520s][info][gc,marking     ] GC(450) Concurrent Mark
[188.520s][info][gc,marking     ] GC(450) Concurrent Mark From Roots
[188.520s][info][gc,task        ] GC(450) Using 1 workers of 1 for marking
[189.115s][info][gc,marking     ] GC(450) Concurrent Mark From Roots 594.958ms
[189.115s][info][gc,marking     ] GC(450) Concurrent Preclean
[189.115s][info][gc,marking     ] GC(450) Concurrent Preclean 0.037ms
[189.115s][info][gc,start       ] GC(450) Pause Remark
[189.123s][info][gc             ] GC(450) Pause Remark 835M->690M(978M) 7.075ms
[189.123s][info][gc,cpu         ] GC(450) User=0.01s Sys=0.00s Real=0.01s
[189.123s][info][gc,marking     ] GC(450) Concurrent Mark 602.367ms
[189.123s][info][gc,marking     ] GC(450) Concurrent Rebuild Remembered Sets and Scrub Regions
[189.173s][info][gc,start       ] GC(451) Pause Young (Normal) (G1 Evacuation Pause)
[189.174s][info][gc,task        ] GC(451) Using 2 workers of 2 for evacuation
[189.273s][info][gc,phases      ] GC(451)   Pre Evacuate Collection Set: 0.28ms
[189.273s][info][gc,phases      ] GC(451)   Merge Heap Roots: 0.45ms
[189.273s][info][gc,phases      ] GC(451)   Evacuate Collection Set: 98.02ms
[189.273s][info][gc,phases      ] GC(451)   Post Evacuate Collection Set: 0.70ms
[189.273s][info][gc,phases      ] GC(451)   Other: 0.10ms
[189.273s][info][gc,heap        ] GC(451) Eden regions: 294->0(416)
[189.273s][info][gc,heap        ] GC(451) Survivor regions: 55->29(44)
[189.273s][info][gc,heap        ] GC(451) Old regions: 368->399
[189.273s][info][gc,heap        ] GC(451) Humongous regions: 6->6
[189.273s][info][gc,metaspace   ] GC(451) Metaspace: 18546K(18752K)->18546K(18752K) NonClass: 15883K(16000K)->15883K(16000K) Class: 2662K(2752K)->2662K(2752K)
[189.273s][info][gc             ] GC(451) Pause Young (Normal) (G1 Evacuation Pause) 722M->432M(978M) 99.780ms
[189.273s][info][gc,cpu         ] GC(451) User=0.20s Sys=0.00s Real=0.10s
[189.550s][info][gc,marking     ] GC(450) Concurrent Rebuild Remembered Sets and Scrub Regions 427.260ms
[189.555s][info][gc,start       ] GC(450) Pause Cleanup
[189.555s][info][gc             ] GC(450) Pause Cleanup 644M->644M(978M) 0.125ms
[189.555s][info][gc,cpu         ] GC(450) User=0.00s Sys=0.00s Real=0.00s
[189.555s][info][gc,marking     ] GC(450) Concurrent Clear Claimed Marks
[189.555s][info][gc,marking     ] GC(450) Concurrent Clear Claimed Marks 0.032ms
[189.555s][info][gc,marking     ] GC(450) Concurrent Cleanup for Next Mark
[189.558s][info][gc,marking     ] GC(450) Concurrent Cleanup for Next Mark 2.961ms
[189.558s][info][gc             ] GC(450) Concurrent Mark Cycle 1142.039ms
[189.794s][info][gc,start       ] GC(452) Pause Young (Prepare Mixed) (G1 Evacuation Pause)
[189.794s][info][gc,task        ] GC(452) Using 2 workers of 2 for evacuation
[189.923s][info][gc,phases      ] GC(452)   Pre Evacuate Collection Set: 0.27ms
[189.923s][info][gc,phases      ] GC(452)   Merge Heap Roots: 0.36ms
[189.923s][info][gc,phases      ] GC(452)   Evacuate Collection Set: 126.52ms
[189.923s][info][gc,phases      ] GC(452)   Post Evacuate Collection Set: 0.92ms
[189.923s][info][gc,phases      ] GC(452)   Other: 0.11ms
[189.923s][info][gc,heap        ] GC(452) Eden regions: 416->0(334)
[189.923s][info][gc,heap        ] GC(452) Survivor regions: 29->56(56)
[189.923s][info][gc,heap        ] GC(452) Old regions: 399->446
[189.923s][info][gc,heap        ] GC(452) Humongous regions: 9->9
[189.923s][info][gc,metaspace   ] GC(452) Metaspace: 18549K(18752K)->18549K(18752K) NonClass: 15887K(16000K)->15887K(16000K) Class: 2662K(2752K)->2662K(2752K)
[189.923s][info][gc             ] GC(452) Pause Young (Prepare Mixed) (G1 Evacuation Pause) 851M->510M(978M) 128.460ms
[189.923s][info][gc,cpu         ] GC(452) User=0.25s Sys=0.00s Real=0.13s
[190.426s][info][gc,start       ] GC(453) Pause Young (Mixed) (G1 Evacuation Pause)
[190.426s][info][gc,task        ] GC(453) Using 2 workers of 2 for evacuation
[190.507s][info][gc,phases      ] GC(453)   Pre Evacuate Collection Set: 0.31ms
[190.507s][info][gc,phases      ] GC(453)   Merge Heap Roots: 0.55ms
[190.507s][info][gc,phases      ] GC(453)   Evacuate Collection Set: 79.33ms
[190.507s][info][gc,phases      ] GC(453)   Post Evacuate Collection Set: 0.57ms
[190.507s][info][gc,phases      ] GC(453)   Other: 0.10ms
[190.507s][info][gc,heap        ] GC(453) Eden regions: 334->0(365)
[190.507s][info][gc,heap        ] GC(453) Survivor regions: 56->1(49)
[190.507s][info][gc,heap        ] GC(453) Old regions: 446->485
[190.507s][info][gc,heap        ] GC(453) Humongous regions: 9->9
[190.507s][info][gc,metaspace   ] GC(453) Metaspace: 18549K(18752K)->18549K(18752K) NonClass: 15887K(16000K)->15887K(16000K) Class: 2662K(2752K)->2662K(2752K)
[190.507s][info][gc             ] GC(453) Pause Young (Mixed) (G1 Evacuation Pause) 844M->494M(978M) 81.146ms
[190.507s][info][gc,cpu         ] GC(453) User=0.16s Sys=0.00s Real=0.08s
[191.043s][info][gc,start       ] GC(454) Pause Young (Concurrent Start) (G1 Evacuation Pause)
[191.043s][info][gc,task        ] GC(454) Using 2 workers of 2 for evacuation
[191.046s][info][gc,phases      ] GC(454)   Pre Evacuate Collection Set: 0.34ms
[191.046s][info][gc,phases      ] GC(454)   Merge Heap Roots: 0.10ms
[191.046s][info][gc,phases      ] GC(454)   Evacuate Collection Set: 1.46ms
[191.046s][info][gc,phases      ] GC(454)   Post Evacuate Collection Set: 0.51ms
[191.046s][info][gc,phases      ] GC(454)   Other: 0.22ms
[191.046s][info][gc,heap        ] GC(454) Eden regions: 365->0(383)
[191.046s][info][gc,heap        ] GC(454) Survivor regions: 1->2(46)
[191.046s][info][gc,heap        ] GC(454) Old regions: 485->485
[191.046s][info][gc,heap        ] GC(454) Humongous regions: 9->9
[191.046s][info][gc,metaspace   ] GC(454) Metaspace: 18549K(18752K)->18549K(18752K) NonClass: 15887K(16000K)->15887K(16000K) Class: 2662K(2752K)->2662K(2752K)
[191.046s][info][gc             ] GC(454) Pause Young (Concurrent Start) (G1 Evacuation Pause) 859M->494M(978M) 2.828ms
[191.046s][info][gc,cpu         ] GC(454) User=0.00s Sys=0.00s Real=0.00s
[191.046s][info][gc             ] GC(455) Concurrent Mark Cycle
[191.046s][info][gc,marking     ] GC(455) Concurrent Scan Root Regions
[191.048s][info][gc,marking     ] GC(455) Concurrent Scan Root Regions 1.915ms
[191.048s][info][gc,marking     ] GC(455) Concurrent Mark
[191.048s][info][gc,marking     ] GC(455) Concurrent Mark From Roots
[191.048s][info][gc,task        ] GC(455) Using 1 workers of 1 for marking
[192.198s][info][gc,start       ] GC(456) Pause Young (Normal) (G1 Evacuation Pause)
[192.198s][info][gc,task        ] GC(456) Using 2 workers of 2 for evacuation
[192.230s][info][gc,phases      ] GC(456)   Pre Evacuate Collection Set: 0.30ms
[192.230s][info][gc,phases      ] GC(456)   Merge Heap Roots: 0.21ms
[192.230s][info][gc,phases      ] GC(456)   Evacuate Collection Set: 31.03ms
[192.230s][info][gc,phases      ] GC(456)   Post Evacuate Collection Set: 0.57ms
[192.230s][info][gc,phases      ] GC(456)   Other: 0.09ms
[192.230s][info][gc,heap        ] GC(456) Eden regions: 383->0(365)
[192.230s][info][gc,heap        ] GC(456) Survivor regions: 2->26(49)
[192.231s][info][gc,heap        ] GC(456) Old regions: 485->485
[192.231s][info][gc,heap        ] GC(456) Humongous regions: 9->9
[192.231s][info][gc,metaspace   ] GC(456) Metaspace: 18549K(18752K)->18549K(18752K) NonClass: 15887K(16000K)->15887K(16000K) Class: 2662K(2752K)->2662K(2752K)
[192.231s][info][gc             ] GC(456) Pause Young (Normal) (G1 Evacuation Pause) 877M->519M(978M) 32.474ms
[192.231s][info][gc,cpu         ] GC(456) User=0.06s Sys=0.00s Real=0.04s
[192.343s][info][gc,marking     ] GC(455) Concurrent Mark From Roots 1294.715ms
[192.343s][info][gc,marking     ] GC(455) Concurrent Preclean
[192.343s][info][gc,marking     ] GC(455) Concurrent Preclean 0.036ms
[192.343s][info][gc,start       ] GC(455) Pause Remark
[192.350s][info][gc             ] GC(455) Pause Remark 595M->593M(978M) 6.973ms
[192.350s][info][gc,cpu         ] GC(455) User=0.01s Sys=0.00s Real=0.01s
[192.351s][info][gc,marking     ] GC(455) Concurrent Mark 1302.530ms
[192.351s][info][gc,marking     ] GC(455) Concurrent Rebuild Remembered Sets and Scrub Regions
[192.770s][info][gc,start       ] GC(457) Pause Young (Normal) (G1 Evacuation Pause)
[192.770s][info][gc,task        ] GC(457) Using 2 workers of 2 for evacuation
[192.815s][info][gc,phases      ] GC(457)   Pre Evacuate Collection Set: 0.31ms
[192.815s][info][gc,phases      ] GC(457)   Merge Heap Roots: 0.50ms
[192.815s][info][gc,phases      ] GC(457)   Evacuate Collection Set: 43.35ms
[192.815s][info][gc,phases      ] GC(457)   Post Evacuate Collection Set: 0.62ms
[192.815s][info][gc,phases      ] GC(457)   Other: 0.11ms
[192.815s][info][gc,heap        ] GC(457) Eden regions: 365->0(362)
[192.815s][info][gc,heap        ] GC(457) Survivor regions: 26->15(49)
[192.815s][info][gc,heap        ] GC(457) Old regions: 485->511
[192.815s][info][gc,heap        ] GC(457) Humongous regions: 7->7
[192.815s][info][gc,metaspace   ] GC(457) Metaspace: 18549K(18752K)->18549K(18752K) NonClass: 15887K(16000K)->15887K(16000K) Class: 2662K(2752K)->2662K(2752K)
[192.815s][info][gc             ] GC(457) Pause Young (Normal) (G1 Evacuation Pause) 882M->532M(978M) 45.141ms
[192.815s][info][gc,cpu         ] GC(457) User=0.09s Sys=0.00s Real=0.05s
[192.815s][info][gc,marking     ] GC(455) Concurrent Rebuild Remembered Sets and Scrub Regions 464.416ms
[192.816s][info][gc,start       ] GC(455) Pause Cleanup
[192.816s][info][gc             ] GC(455) Pause Cleanup 533M->533M(978M) 0.071ms
[192.816s][info][gc,cpu         ] GC(455) User=0.00s Sys=0.00s Real=0.00s
[192.816s][info][gc,marking     ] GC(455) Concurrent Clear Claimed Marks
[192.816s][info][gc,marking     ] GC(455) Concurrent Clear Claimed Marks 0.043ms
[192.816s][info][gc,marking     ] GC(455) Concurrent Cleanup for Next Mark
[192.822s][info][gc,marking     ] GC(455) Concurrent Cleanup for Next Mark 5.867ms
[192.822s][info][gc             ] GC(455) Concurrent Mark Cycle 1775.907ms
[193.151s][info][gc,start       ] GC(458) Pause Young (Prepare Mixed) (G1 Evacuation Pause)
[193.152s][info][gc,task        ] GC(458) Using 2 workers of 2 for evacuation
[193.217s][info][gc,phases      ] GC(458)   Pre Evacuate Collection Set: 0.30ms
[193.217s][info][gc,phases      ] GC(458)   Merge Heap Roots: 0.33ms
[193.217s][info][gc,phases      ] GC(458)   Evacuate Collection Set: 64.35ms
[193.217s][info][gc,phases      ] GC(458)   Post Evacuate Collection Set: 0.62ms
[193.217s][info][gc,phases      ] GC(458)   Other: 0.10ms
[193.217s][info][gc,heap        ] GC(458) Eden regions: 362->0(305)
[193.217s][info][gc,heap        ] GC(458) Survivor regions: 15->48(48)
[193.217s][info][gc,heap        ] GC(458) Old regions: 511->520
[193.217s][info][gc,heap        ] GC(458) Humongous regions: 7->7
[193.217s][info][gc,metaspace   ] GC(458) Metaspace: 18549K(18752K)->18549K(18752K) NonClass: 15887K(16000K)->15887K(16000K) Class: 2662K(2752K)->2662K(2752K)
[193.217s][info][gc             ] GC(458) Pause Young (Prepare Mixed) (G1 Evacuation Pause) 894M->574M(978M) 65.961ms
[193.217s][info][gc,cpu         ] GC(458) User=0.13s Sys=0.01s Real=0.06s
[193.600s][info][gc,start       ] GC(459) Pause Young (Mixed) (G1 Evacuation Pause)
[193.600s][info][gc,task        ] GC(459) Using 2 workers of 2 for evacuation
[193.669s][info][gc,phases      ] GC(459)   Pre Evacuate Collection Set: 0.52ms
[193.669s][info][gc,phases      ] GC(459)   Merge Heap Roots: 0.29ms
[193.669s][info][gc,phases      ] GC(459)   Evacuate Collection Set: 67.23ms
[193.669s][info][gc,phases      ] GC(459)   Post Evacuate Collection Set: 0.56ms
[193.669s][info][gc,phases      ] GC(459)   Other: 0.10ms
[193.669s][info][gc,heap        ] GC(459) Eden regions: 305->0(309)
[193.669s][info][gc,heap        ] GC(459) Survivor regions: 48->18(45)
[193.669s][info][gc,heap        ] GC(459) Old regions: 520->559
[193.669s][info][gc,heap        ] GC(459) Humongous regions: 7->7
[193.669s][info][gc,metaspace   ] GC(459) Metaspace: 18549K(18752K)->18549K(18752K) NonClass: 15887K(16000K)->15887K(16000K) Class: 2662K(2752K)->2662K(2752K)
[193.669s][info][gc             ] GC(459) Pause Young (Mixed) (G1 Evacuation Pause) 879M->583M(978M) 68.926ms
[193.669s][info][gc,cpu         ] GC(459) User=0.13s Sys=0.00s Real=0.07s
[194.055s][info][gc,start       ] GC(460) Pause Young (Concurrent Start) (G1 Evacuation Pause)
[194.055s][info][gc,task        ] GC(460) Using 2 workers of 2 for evacuation
[194.101s][info][gc,phases      ] GC(460)   Pre Evacuate Collection Set: 0.35ms
[194.101s][info][gc,phases      ] GC(460)   Merge Heap Roots: 0.22ms
[194.101s][info][gc,phases      ] GC(460)   Evacuate Collection Set: 45.15ms
[194.101s][info][gc,phases      ] GC(460)   Post Evacuate Collection Set: 0.58ms
[194.101s][info][gc,phases      ] GC(460)   Other: 0.11ms
[194.101s][info][gc,heap        ] GC(460) Eden regions: 309->0(278)
[194.101s][info][gc,heap        ] GC(460) Survivor regions: 18->41(41)
[194.101s][info][gc,heap        ] GC(460) Old regions: 559->561
[194.101s][info][gc,heap        ] GC(460) Humongous regions: 7->7
[194.101s][info][gc,metaspace   ] GC(460) Metaspace: 18554K(18752K)->18554K(18752K) NonClass: 15892K(16000K)->15892K(16000K) Class: 2662K(2752K)->2662K(2752K)
[194.101s][info][gc             ] GC(460) Pause Young (Concurrent Start) (G1 Evacuation Pause) 892M->608M(978M) 46.691ms
[194.101s][info][gc             ] GC(461) Concurrent Mark Cycle
[194.101s][info][gc,marking     ] GC(461) Concurrent Scan Root Regions
[194.102s][info][gc,cpu         ] GC(460) User=0.09s Sys=0.00s Real=0.05s
[194.181s][info][gc,marking     ] GC(461) Concurrent Scan Root Regions 79.930ms
[194.181s][info][gc,marking     ] GC(461) Concurrent Mark
[194.181s][info][gc,marking     ] GC(461) Concurrent Mark From Roots
[194.181s][info][gc,task        ] GC(461) Using 1 workers of 1 for marking
[195.276s][info][gc,start       ] GC(462) Pause Young (Normal) (G1 Evacuation Pause)
[195.277s][info][gc,task        ] GC(462) Using 2 workers of 2 for evacuation
[195.320s][info][gc,phases      ] GC(462)   Pre Evacuate Collection Set: 0.33ms
[195.320s][info][gc,phases      ] GC(462)   Merge Heap Roots: 0.25ms
[195.320s][info][gc,phases      ] GC(462)   Evacuate Collection Set: 42.09ms
[195.320s][info][gc,phases      ] GC(462)   Post Evacuate Collection Set: 0.49ms
[195.320s][info][gc,phases      ] GC(462)   Other: 0.10ms
[195.320s][info][gc,heap        ] GC(462) Eden regions: 278->0(301)
[195.320s][info][gc,heap        ] GC(462) Survivor regions: 41->1(40)
[195.320s][info][gc,heap        ] GC(462) Old regions: 561->602
[195.320s][info][gc,heap        ] GC(462) Humongous regions: 7->7
[195.320s][info][gc,metaspace   ] GC(462) Metaspace: 18554K(18752K)->18554K(18752K) NonClass: 15892K(16000K)->15892K(16000K) Class: 2662K(2752K)->2662K(2752K)
[195.320s][info][gc             ] GC(462) Pause Young (Normal) (G1 Evacuation Pause) 886M->609M(978M) 43.503ms
[195.320s][info][gc,cpu         ] GC(462) User=0.08s Sys=0.00s Real=0.04s
[195.697s][info][gc,marking     ] GC(461) Concurrent Mark From Roots 1515.318ms
[195.697s][info][gc,marking     ] GC(461) Concurrent Preclean
[195.697s][info][gc,marking     ] GC(461) Concurrent Preclean 0.041ms
[195.697s][info][gc,start       ] GC(461) Pause Remark
[195.704s][info][gc             ] GC(461) Pause Remark 715M->715M(978M) 7.035ms
[195.704s][info][gc,cpu         ] GC(461) User=0.01s Sys=0.00s Real=0.01s
[195.704s][info][gc,marking     ] GC(461) Concurrent Mark 1522.714ms
[195.704s][info][gc,marking     ] GC(461) Concurrent Rebuild Remembered Sets and Scrub Regions
[196.245s][info][gc,marking     ] GC(461) Concurrent Rebuild Remembered Sets and Scrub Regions 541.217ms
[196.247s][info][gc,start       ] GC(461) Pause Cleanup
[196.247s][info][gc             ] GC(461) Pause Cleanup 872M->872M(978M) 0.127ms
[196.247s][info][gc,cpu         ] GC(461) User=0.00s Sys=0.00s Real=0.00s
[196.248s][info][gc,marking     ] GC(461) Concurrent Clear Claimed Marks
[196.248s][info][gc,marking     ] GC(461) Concurrent Clear Claimed Marks 0.055ms
[196.248s][info][gc,marking     ] GC(461) Concurrent Cleanup for Next Mark
[196.254s][info][gc,marking     ] GC(461) Concurrent Cleanup for Next Mark 5.937ms
[196.254s][info][gc             ] GC(461) Concurrent Mark Cycle 2152.988ms
[196.338s][info][gc,start       ] GC(463) Pause Young (Prepare Mixed) (G1 Evacuation Pause)
[196.338s][info][gc,task        ] GC(463) Using 2 workers of 2 for evacuation
[196.340s][info][gc,phases      ] GC(463)   Pre Evacuate Collection Set: 0.29ms
[196.340s][info][gc,phases      ] GC(463)   Merge Heap Roots: 0.14ms
[196.340s][info][gc,phases      ] GC(463)   Evacuate Collection Set: 1.14ms
[196.340s][info][gc,phases      ] GC(463)   Post Evacuate Collection Set: 0.46ms
[196.340s][info][gc,phases      ] GC(463)   Other: 0.10ms
[196.340s][info][gc,heap        ] GC(463) Eden regions: 301->0(312)
[196.340s][info][gc,heap        ] GC(463) Survivor regions: 1->1(38)
[196.340s][info][gc,heap        ] GC(463) Old regions: 602->602
[196.340s][info][gc,heap        ] GC(463) Humongous regions: 7->7
[196.340s][info][gc,metaspace   ] GC(463) Metaspace: 18554K(18752K)->18554K(18752K) NonClass: 15892K(16000K)->15892K(16000K) Class: 2662K(2752K)->2662K(2752K)
[196.340s][info][gc             ] GC(463) Pause Young (Prepare Mixed) (G1 Evacuation Pause) 910M->609M(978M) 2.328ms
[196.340s][info][gc,cpu         ] GC(463) User=0.00s Sys=0.00s Real=0.00s
[196.983s][info][gc,start       ] GC(464) Pause Young (Mixed) (G1 Evacuation Pause)
[196.984s][info][gc,task        ] GC(464) Using 2 workers of 2 for evacuation
[197.008s][info][gc,phases      ] GC(464)   Pre Evacuate Collection Set: 0.53ms
[197.008s][info][gc,phases      ] GC(464)   Merge Heap Roots: 0.31ms
[197.008s][info][gc,phases      ] GC(464)   Evacuate Collection Set: 22.57ms
[197.008s][info][gc,phases      ] GC(464)   Post Evacuate Collection Set: 0.56ms
[197.008s][info][gc,phases      ] GC(464)   Other: 0.09ms
[197.008s][info][gc,heap        ] GC(464) Eden regions: 312->0(295)
[197.008s][info][gc,heap        ] GC(464) Survivor regions: 1->16(40)
[197.008s][info][gc,heap        ] GC(464) Old regions: 602->594
[197.008s][info][gc,heap        ] GC(464) Humongous regions: 7->7
[197.008s][info][gc,metaspace   ] GC(464) Metaspace: 18556K(18752K)->18556K(18752K) NonClass: 15894K(16000K)->15894K(16000K) Class: 2662K(2752K)->2662K(2752K)
[197.008s][info][gc             ] GC(464) Pause Young (Mixed) (G1 Evacuation Pause) 921M->616M(978M) 24.273ms
[197.008s][info][gc,cpu         ] GC(464) User=0.04s Sys=0.00s Real=0.02s
[197.320s][info][gc,start       ] GC(465) Pause Young (Concurrent Start) (G1 Evacuation Pause)
[197.320s][info][gc,task        ] GC(465) Using 2 workers of 2 for evacuation
[197.388s][info][gc,phases      ] GC(465)   Pre Evacuate Collection Set: 0.34ms
[197.388s][info][gc,phases      ] GC(465)   Merge Heap Roots: 0.12ms
[197.388s][info][gc,phases      ] GC(465)   Evacuate Collection Set: 64.14ms
[197.388s][info][gc,phases      ] GC(465)   Post Evacuate Collection Set: 2.91ms
[197.388s][info][gc,phases      ] GC(465)   Other: 0.24ms
[197.388s][info][gc,heap        ] GC(465) Eden regions: 295->0(179)
[197.388s][info][gc,heap        ] GC(465) Survivor regions: 16->39(39)
[197.388s][info][gc,heap        ] GC(465) Old regions: 594->664
[197.388s][info][gc,heap        ] GC(465) Humongous regions: 7->7
[197.388s][info][gc,metaspace   ] GC(465) Metaspace: 18556K(18752K)->18556K(18752K) NonClass: 15894K(16000K)->15894K(16000K) Class: 2662K(2752K)->2662K(2752K)
[197.388s][info][gc             ] GC(465) Pause Young (Concurrent Start) (G1 Evacuation Pause) (Evacuation Failure: Allocation) 911M->709M(978M) 67.998ms
[197.388s][info][gc             ] GC(466) Concurrent Mark Cycle
[197.388s][info][gc,marking     ] GC(466) Concurrent Scan Root Regions
[197.388s][info][gc,cpu         ] GC(465) User=0.13s Sys=0.00s Real=0.07s
[197.459s][info][gc,marking     ] GC(466) Concurrent Scan Root Regions 71.094ms
[197.459s][info][gc,marking     ] GC(466) Concurrent Mark
[197.459s][info][gc,marking     ] GC(466) Concurrent Mark From Roots
[197.459s][info][gc,task        ] GC(466) Using 1 workers of 1 for marking
[197.910s][info][gc,start       ] GC(467) Pause Young (Normal) (G1 Evacuation Pause)
[197.910s][info][gc,task        ] GC(467) Using 2 workers of 2 for evacuation
[197.985s][info][gc,phases      ] GC(467)   Pre Evacuate Collection Set: 0.33ms
[197.985s][info][gc,phases      ] GC(467)   Merge Heap Roots: 0.42ms
[197.985s][info][gc,phases      ] GC(467)   Evacuate Collection Set: 73.48ms
[197.985s][info][gc,phases      ] GC(467)   Post Evacuate Collection Set: 0.55ms
[197.985s][info][gc,phases      ] GC(467)   Other: 0.08ms
[197.985s][info][gc,heap        ] GC(467) Eden regions: 179->0(213)
[197.985s][info][gc,heap        ] GC(467) Survivor regions: 39->19(28)
[197.985s][info][gc,heap        ] GC(467) Old regions: 664->666
[197.985s][info][gc,heap        ] GC(467) Humongous regions: 10->10
[197.985s][info][gc,metaspace   ] GC(467) Metaspace: 18557K(18752K)->18557K(18752K) NonClass: 15894K(16000K)->15894K(16000K) Class: 2662K(2752K)->2662K(2752K)
[197.985s][info][gc             ] GC(467) Pause Young (Normal) (G1 Evacuation Pause) 891M->694M(978M) 75.147ms
[197.985s][info][gc,cpu         ] GC(467) User=0.14s Sys=0.00s Real=0.08s
[198.392s][info][gc,start       ] GC(468) Pause Young (Normal) (G1 Evacuation Pause)
[198.392s][info][gc,task        ] GC(468) Using 2 workers of 2 for evacuation
[198.470s][info][gc,phases      ] GC(468)   Pre Evacuate Collection Set: 0.52ms
[198.470s][info][gc,phases      ] GC(468)   Merge Heap Roots: 0.27ms
[198.470s][info][gc,phases      ] GC(468)   Evacuate Collection Set: 76.41ms
[198.470s][info][gc,phases      ] GC(468)   Post Evacuate Collection Set: 0.62ms
[198.470s][info][gc,phases      ] GC(468)   Other: 0.10ms
[198.470s][info][gc,heap        ] GC(468) Eden regions: 213->0(153)
[198.470s][info][gc,heap        ] GC(468) Survivor regions: 19->29(29)
[198.470s][info][gc,heap        ] GC(468) Old regions: 666->707
[198.470s][info][gc,heap        ] GC(468) Humongous regions: 10->10
[198.470s][info][gc,metaspace   ] GC(468) Metaspace: 18557K(18752K)->18557K(18752K) NonClass: 15894K(16000K)->15894K(16000K) Class: 2662K(2752K)->2662K(2752K)
[198.470s][info][gc             ] GC(468) Pause Young (Normal) (G1 Evacuation Pause) 907M->745M(978M) 78.135ms
[198.470s][info][gc,cpu         ] GC(468) User=0.15s Sys=0.00s Real=0.07s
[198.664s][info][gc,marking     ] GC(466) Concurrent Mark From Roots 1204.708ms
[198.664s][info][gc,marking     ] GC(466) Concurrent Preclean
[198.664s][info][gc,marking     ] GC(466) Concurrent Preclean 0.036ms
[198.664s][info][gc,start       ] GC(466) Pause Remark
[198.671s][info][gc             ] GC(466) Pause Remark 836M->642M(978M) 6.871ms
[198.671s][info][gc,cpu         ] GC(466) User=0.02s Sys=0.00s Real=0.01s
[198.671s][info][gc,marking     ] GC(466) Concurrent Mark 1211.931ms
[198.671s][info][gc,marking     ] GC(466) Concurrent Rebuild Remembered Sets and Scrub Regions
[198.804s][info][gc,start       ] GC(469) Pause Young (Normal) (G1 Evacuation Pause)
[198.804s][info][gc,task        ] GC(469) Using 2 workers of 2 for evacuation
[198.854s][info][gc,phases      ] GC(469)   Pre Evacuate Collection Set: 0.30ms
[198.854s][info][gc,phases      ] GC(469)   Merge Heap Roots: 0.31ms
[198.854s][info][gc,phases      ] GC(469)   Evacuate Collection Set: 48.60ms
[198.854s][info][gc,phases      ] GC(469)   Post Evacuate Collection Set: 0.41ms
[198.854s][info][gc,phases      ] GC(469)   Other: 0.09ms
[198.854s][info][gc,heap        ] GC(469) Eden regions: 153->0(278)
[198.854s][info][gc,heap        ] GC(469) Survivor regions: 29->23(23)
[198.854s][info][gc,heap        ] GC(469) Old regions: 516->547
[198.854s][info][gc,heap        ] GC(469) Humongous regions: 7->7
[198.854s][info][gc,metaspace   ] GC(469) Metaspace: 18557K(18752K)->18557K(18752K) NonClass: 15895K(16000K)->15895K(16000K) Class: 2662K(2752K)->2662K(2752K)
[198.854s][info][gc             ] GC(469) Pause Young (Normal) (G1 Evacuation Pause) 704M->576M(978M) 49.905ms
[198.854s][info][gc,cpu         ] GC(469) User=0.10s Sys=0.00s Real=0.05s
[199.192s][info][gc,marking     ] GC(466) Concurrent Rebuild Remembered Sets and Scrub Regions 520.783ms
[199.192s][info][gc,start       ] GC(466) Pause Cleanup
[199.192s][info][gc             ] GC(466) Pause Cleanup 802M->802M(978M) 0.101ms
[199.192s][info][gc,cpu         ] GC(466) User=0.00s Sys=0.00s Real=0.00s
[199.192s][info][gc,marking     ] GC(466) Concurrent Clear Claimed Marks
[199.192s][info][gc,marking     ] GC(466) Concurrent Clear Claimed Marks 0.026ms
[199.192s][info][gc,marking     ] GC(466) Concurrent Cleanup for Next Mark
[199.195s][info][gc,marking     ] GC(466) Concurrent Cleanup for Next Mark 2.837ms
[199.195s][info][gc             ] GC(466) Concurrent Mark Cycle 1807.125ms
[199.252s][info][gc,start       ] GC(470) Pause Young (Prepare Mixed) (G1 Evacuation Pause)
[199.252s][info][gc,task        ] GC(470) Using 2 workers of 2 for evacuation
[199.272s][info][gc,phases      ] GC(470)   Pre Evacuate Collection Set: 0.28ms
[199.272s][info][gc,phases      ] GC(470)   Merge Heap Roots: 0.15ms
[199.272s][info][gc,phases      ] GC(470)   Evacuate Collection Set: 19.62ms
[199.272s][info][gc,phases      ] GC(470)   Post Evacuate Collection Set: 0.47ms
[199.272s][info][gc,phases      ] GC(470)   Other: 0.08ms
[199.272s][info][gc,heap        ] GC(470) Eden regions: 278->0(297)
[199.272s][info][gc,heap        ] GC(470) Survivor regions: 23->1(38)
[199.272s][info][gc,heap        ] GC(470) Old regions: 547->570
[199.272s][info][gc,heap        ] GC(470) Humongous regions: 7->7
[199.272s][info][gc,metaspace   ] GC(470) Metaspace: 18557K(18752K)->18557K(18752K) NonClass: 15895K(16000K)->15895K(16000K) Class: 2662K(2752K)->2662K(2752K)
[199.273s][info][gc             ] GC(470) Pause Young (Prepare Mixed) (G1 Evacuation Pause) 854M->577M(978M) 20.805ms
[199.273s][info][gc,cpu         ] GC(470) User=0.04s Sys=0.00s Real=0.02s
[199.601s][info][gc,start       ] GC(471) Pause Young (Mixed) (G1 Evacuation Pause)
[199.601s][info][gc,task        ] GC(471) Using 2 workers of 2 for evacuation
[199.604s][info][gc,phases      ] GC(471)   Pre Evacuate Collection Set: 0.32ms
[199.604s][info][gc,phases      ] GC(471)   Merge Heap Roots: 0.12ms
[199.604s][info][gc,phases      ] GC(471)   Evacuate Collection Set: 2.03ms
[199.604s][info][gc,phases      ] GC(471)   Post Evacuate Collection Set: 0.50ms
[199.604s][info][gc,phases      ] GC(471)   Other: 0.10ms
[199.604s][info][gc,heap        ] GC(471) Eden regions: 297->0(344)
[199.604s][info][gc,heap        ] GC(471) Survivor regions: 1->1(38)
[199.604s][info][gc,heap        ] GC(471) Old regions: 570->533
[199.604s][info][gc,heap        ] GC(471) Humongous regions: 7->7
[199.604s][info][gc,metaspace   ] GC(471) Metaspace: 18557K(18752K)->18557K(18752K) NonClass: 15895K(16000K)->15895K(16000K) Class: 2662K(2752K)->2662K(2752K)
[199.604s][info][gc             ] GC(471) Pause Young (Mixed) (G1 Evacuation Pause) 874M->540M(978M) 3.323ms
[199.604s][info][gc,cpu         ] GC(471) User=0.00s Sys=0.00s Real=0.00s
[199.974s][info][gc,start       ] GC(472) Pause Young (Concurrent Start) (G1 Evacuation Pause)
[199.974s][info][gc,task        ] GC(472) Using 2 workers of 2 for evacuation
[199.977s][info][gc,phases      ] GC(472)   Pre Evacuate Collection Set: 0.36ms
[199.977s][info][gc,phases      ] GC(472)   Merge Heap Roots: 0.12ms
[199.977s][info][gc,phases      ] GC(472)   Evacuate Collection Set: 2.10ms
[199.977s][info][gc,phases      ] GC(472)   Post Evacuate Collection Set: 0.49ms
[199.977s][info][gc,phases      ] GC(472)   Other: 0.14ms
[199.977s][info][gc,heap        ] GC(472) Eden regions: 344->0(360)
[199.977s][info][gc,heap        ] GC(472) Survivor regions: 1->1(44)
[199.977s][info][gc,heap        ] GC(472) Old regions: 533->533
[199.977s][info][gc,heap        ] GC(472) Humongous regions: 7->7
[199.977s][info][gc,metaspace   ] GC(472) Metaspace: 18557K(18752K)->18557K(18752K) NonClass: 15895K(16000K)->15895K(16000K) Class: 2662K(2752K)->2662K(2752K)
[199.977s][info][gc             ] GC(472) Pause Young (Concurrent Start) (G1 Evacuation Pause) 884M->540M(978M) 3.438ms
[199.978s][info][gc,cpu         ] GC(472) User=0.00s Sys=0.00s Real=0.00s
[199.978s][info][gc             ] GC(473) Concurrent Mark Cycle
[199.978s][info][gc,marking     ] GC(473) Concurrent Scan Root Regions
[199.983s][info][gc,marking     ] GC(473) Concurrent Scan Root Regions 5.757ms
[199.983s][info][gc,marking     ] GC(473) Concurrent Mark
[199.983s][info][gc,marking     ] GC(473) Concurrent Mark From Roots
[199.983s][info][gc,task        ] GC(473) Using 1 workers of 1 for marking
[200.952s][info][gc,start       ] GC(474) Pause Young (Normal) (G1 Evacuation Pause)
[200.952s][info][gc,task        ] GC(474) Using 2 workers of 2 for evacuation
[200.991s][info][gc,phases      ] GC(474)   Pre Evacuate Collection Set: 0.30ms
[200.991s][info][gc,phases      ] GC(474)   Merge Heap Roots: 0.37ms
[200.991s][info][gc,phases      ] GC(474)   Evacuate Collection Set: 36.68ms
[200.991s][info][gc,phases      ] GC(474)   Post Evacuate Collection Set: 0.65ms
[200.991s][info][gc,phases      ] GC(474)   Other: 0.09ms
[200.991s][info][gc,heap        ] GC(474) Eden regions: 360->0(342)
[200.991s][info][gc,heap        ] GC(474) Survivor regions: 1->19(46)
[200.991s][info][gc,heap        ] GC(474) Old regions: 533->533
[200.991s][info][gc,heap        ] GC(474) Humongous regions: 10->10
[200.991s][info][gc,metaspace   ] GC(474) Metaspace: 18560K(18752K)->18560K(18752K) NonClass: 15898K(16000K)->15898K(16000K) Class: 2662K(2752K)->2662K(2752K)
[200.991s][info][gc             ] GC(474) Pause Young (Normal) (G1 Evacuation Pause) 903M->561M(978M) 38.321ms
[200.991s][info][gc,cpu         ] GC(474) User=0.08s Sys=0.00s Real=0.04s
[200.999s][info][gc,marking     ] GC(473) Concurrent Mark From Roots 1015.993ms
[200.999s][info][gc,marking     ] GC(473) Concurrent Preclean
[200.999s][info][gc,marking     ] GC(473) Concurrent Preclean 0.033ms
[201.000s][info][gc,start       ] GC(473) Pause Remark
[201.007s][info][gc             ] GC(473) Pause Remark 563M->486M(978M) 7.061ms
[201.007s][info][gc,cpu         ] GC(473) User=0.01s Sys=0.00s Real=0.01s
[201.007s][info][gc,marking     ] GC(473) Concurrent Mark 1023.317ms
[201.007s][info][gc,marking     ] GC(473) Concurrent Rebuild Remembered Sets and Scrub Regions
[201.283s][info][gc,marking     ] GC(473) Concurrent Rebuild Remembered Sets and Scrub Regions 276.204ms
[201.283s][info][gc,start       ] GC(473) Pause Cleanup
[201.283s][info][gc             ] GC(473) Pause Cleanup 658M->658M(978M) 0.107ms
[201.283s][info][gc,cpu         ] GC(473) User=0.00s Sys=0.00s Real=0.00s
[201.284s][info][gc,marking     ] GC(473) Concurrent Clear Claimed Marks
[201.284s][info][gc,marking     ] GC(473) Concurrent Clear Claimed Marks 0.039ms
[201.284s][info][gc,marking     ] GC(473) Concurrent Cleanup for Next Mark
[201.289s][info][gc,marking     ] GC(473) Concurrent Cleanup for Next Mark 5.520ms
[201.289s][info][gc             ] GC(473) Concurrent Mark Cycle 1311.863ms
[201.426s][info][gc,start       ] GC(475) Pause Young (Prepare Mixed) (G1 Evacuation Pause)
[201.426s][info][gc,task        ] GC(475) Using 2 workers of 2 for evacuation
[201.502s][info][gc,phases      ] GC(475)   Pre Evacuate Collection Set: 0.47ms
[201.502s][info][gc,phases      ] GC(475)   Merge Heap Roots: 0.70ms
[201.502s][info][gc,phases      ] GC(475)   Evacuate Collection Set: 74.66ms
[201.502s][info][gc,phases      ] GC(475)   Post Evacuate Collection Set: 0.66ms
[201.502s][info][gc,phases      ] GC(475)   Other: 0.08ms
[201.502s][info][gc,heap        ] GC(475) Eden regions: 342->0(363)
[201.502s][info][gc,heap        ] GC(475) Survivor regions: 19->46(46)
[201.502s][info][gc,heap        ] GC(475) Old regions: 459->466
[201.502s][info][gc,heap        ] GC(475) Humongous regions: 7->7
[201.502s][info][gc,metaspace   ] GC(475) Metaspace: 18560K(18752K)->18560K(18752K) NonClass: 15898K(16000K)->15898K(16000K) Class: 2662K(2752K)->2662K(2752K)
[201.503s][info][gc             ] GC(475) Pause Young (Prepare Mixed) (G1 Evacuation Pause) 826M->518M(978M) 76.816ms
[201.503s][info][gc,cpu         ] GC(475) User=0.15s Sys=0.00s Real=0.08s
[201.836s][info][gc,start       ] GC(476) Pause Young (Mixed) (G1 Evacuation Pause)
[201.837s][info][gc,task        ] GC(476) Using 2 workers of 2 for evacuation
[201.909s][info][gc,phases      ] GC(476)   Pre Evacuate Collection Set: 0.54ms
[201.909s][info][gc,phases      ] GC(476)   Merge Heap Roots: 0.56ms
[201.909s][info][gc,phases      ] GC(476)   Evacuate Collection Set: 70.40ms
[201.909s][info][gc,phases      ] GC(476)   Post Evacuate Collection Set: 0.68ms
[201.909s][info][gc,phases      ] GC(476)   Other: 0.09ms
[201.909s][info][gc,heap        ] GC(476) Eden regions: 363->0(441)
[201.909s][info][gc,heap        ] GC(476) Survivor regions: 46->5(52)
[201.909s][info][gc,heap        ] GC(476) Old regions: 466->435
[201.909s][info][gc,heap        ] GC(476) Humongous regions: 7->7
[201.909s][info][gc,metaspace   ] GC(476) Metaspace: 18560K(18752K)->18560K(18752K) NonClass: 15898K(16000K)->15898K(16000K) Class: 2662K(2752K)->2662K(2752K)
[201.909s][info][gc             ] GC(476) Pause Young (Mixed) (G1 Evacuation Pause) 881M->446M(978M) 72.516ms
[201.909s][info][gc,cpu         ] GC(476) User=0.14s Sys=0.00s Real=0.07s
[202.537s][info][gc,start       ] GC(477) Pause Young (Concurrent Start) (G1 Evacuation Pause)
[202.538s][info][gc,task        ] GC(477) Using 2 workers of 2 for evacuation
[202.593s][info][gc,phases      ] GC(477)   Pre Evacuate Collection Set: 0.30ms
[202.593s][info][gc,phases      ] GC(477)   Merge Heap Roots: 0.40ms
[202.593s][info][gc,phases      ] GC(477)   Evacuate Collection Set: 53.62ms
[202.593s][info][gc,phases      ] GC(477)   Post Evacuate Collection Set: 0.68ms
[202.593s][info][gc,phases      ] GC(477)   Other: 0.14ms
[202.593s][info][gc,heap        ] GC(477) Eden regions: 441->0(403)
[202.593s][info][gc,heap        ] GC(477) Survivor regions: 5->41(56)
[202.593s][info][gc,heap        ] GC(477) Old regions: 435->435
[202.593s][info][gc,heap        ] GC(477) Humongous regions: 7->7
[202.593s][info][gc,metaspace   ] GC(477) Metaspace: 18560K(18752K)->18560K(18752K) NonClass: 15898K(16000K)->15898K(16000K) Class: 2662K(2752K)->2662K(2752K)
[202.593s][info][gc             ] GC(477) Pause Young (Concurrent Start) (G1 Evacuation Pause) 887M->482M(978M) 55.373ms
[202.593s][info][gc             ] GC(478) Concurrent Mark Cycle
[202.593s][info][gc,marking     ] GC(478) Concurrent Scan Root Regions
[202.593s][info][gc,cpu         ] GC(477) User=0.11s Sys=0.00s Real=0.06s
[202.674s][info][gc,marking     ] GC(478) Concurrent Scan Root Regions 80.796ms
[202.674s][info][gc,marking     ] GC(478) Concurrent Mark
[202.674s][info][gc,marking     ] GC(478) Concurrent Mark From Roots
[202.674s][info][gc,task        ] GC(478) Using 1 workers of 1 for marking
[203.272s][info][gc,start       ] GC(479) Pause Young (Normal) (G1 Evacuation Pause)
[203.272s][info][gc,task        ] GC(479) Using 2 workers of 2 for evacuation
[203.346s][info][gc,phases      ] GC(479)   Pre Evacuate Collection Set: 0.30ms
[203.346s][info][gc,phases      ] GC(479)   Merge Heap Roots: 0.31ms
[203.346s][info][gc,phases      ] GC(479)   Evacuate Collection Set: 72.46ms
[203.346s][info][gc,phases      ] GC(479)   Post Evacuate Collection Set: 0.61ms
[203.346s][info][gc,phases      ] GC(479)   Other: 0.10ms
[203.346s][info][gc,heap        ] GC(479) Eden regions: 403->0(375)
[203.346s][info][gc,heap        ] GC(479) Survivor regions: 41->30(56)
[203.346s][info][gc,heap        ] GC(479) Old regions: 435->477
[203.346s][info][gc,heap        ] GC(479) Humongous regions: 7->7
[203.346s][info][gc,metaspace   ] GC(479) Metaspace: 18560K(18752K)->18560K(18752K) NonClass: 15898K(16000K)->15898K(16000K) Class: 2662K(2752K)->2662K(2752K)
[203.346s][info][gc             ] GC(479) Pause Young (Normal) (G1 Evacuation Pause) 885M->513M(978M) 74.069ms
[203.346s][info][gc,cpu         ] GC(479) User=0.14s Sys=0.01s Real=0.07s
[203.562s][info][gc,marking     ] GC(478) Concurrent Mark From Roots 888.144ms
[203.562s][info][gc,marking     ] GC(478) Concurrent Preclean
[203.562s][info][gc,marking     ] GC(478) Concurrent Preclean 0.037ms
[203.562s][info][gc,start       ] GC(478) Pause Remark
[203.572s][info][gc             ] GC(478) Pause Remark 638M->521M(978M) 10.095ms
[203.572s][info][gc,cpu         ] GC(478) User=0.02s Sys=0.00s Real=0.01s
[203.574s][info][gc,marking     ] GC(478) Concurrent Mark 900.193ms
[203.574s][info][gc,marking     ] GC(478) Concurrent Rebuild Remembered Sets and Scrub Regions
[203.870s][info][gc,marking     ] GC(478) Concurrent Rebuild Remembered Sets and Scrub Regions 296.175ms
[203.870s][info][gc,start       ] GC(478) Pause Cleanup
[203.870s][info][gc             ] GC(478) Pause Cleanup 733M->733M(978M) 0.103ms
[203.870s][info][gc,cpu         ] GC(478) User=0.00s Sys=0.00s Real=0.00s
[203.871s][info][gc,marking     ] GC(478) Concurrent Clear Claimed Marks
[203.871s][info][gc,marking     ] GC(478) Concurrent Clear Claimed Marks 0.033ms
[203.871s][info][gc,marking     ] GC(478) Concurrent Cleanup for Next Mark
[203.877s][info][gc,marking     ] GC(478) Concurrent Cleanup for Next Mark 6.406ms
[203.877s][info][gc             ] GC(478) Concurrent Mark Cycle 1284.450ms
[203.942s][info][gc,start       ] GC(480) Pause Young (Prepare Mixed) (G1 Evacuation Pause)
[203.942s][info][gc,task        ] GC(480) Using 2 workers of 2 for evacuation
[203.987s][info][gc,phases      ] GC(480)   Pre Evacuate Collection Set: 0.30ms
[203.987s][info][gc,phases      ] GC(480)   Merge Heap Roots: 0.29ms
[203.987s][info][gc,phases      ] GC(480)   Evacuate Collection Set: 43.12ms
[203.987s][info][gc,phases      ] GC(480)   Post Evacuate Collection Set: 0.58ms
[203.987s][info][gc,phases      ] GC(480)   Other: 0.10ms
[203.987s][info][gc,heap        ] GC(480) Eden regions: 375->0(468)
[203.987s][info][gc,heap        ] GC(480) Survivor regions: 30->13(51)
[203.987s][info][gc,heap        ] GC(480) Old regions: 363->392
[203.987s][info][gc,heap        ] GC(480) Humongous regions: 4->4
[203.987s][info][gc,metaspace   ] GC(480) Metaspace: 18562K(18752K)->18562K(18752K) NonClass: 15900K(16000K)->15900K(16000K) Class: 2662K(2752K)->2662K(2752K)
[203.987s][info][gc             ] GC(480) Pause Young (Prepare Mixed) (G1 Evacuation Pause) 771M->408M(978M) 44.615ms
[203.987s][info][gc,cpu         ] GC(480) User=0.09s Sys=0.00s Real=0.04s
[205.032s][info][gc,start       ] GC(481) Pause Young (Mixed) (G1 Evacuation Pause)
[205.032s][info][gc,task        ] GC(481) Using 2 workers of 2 for evacuation
[205.056s][info][gc,phases      ] GC(481)   Pre Evacuate Collection Set: 0.32ms
[205.056s][info][gc,phases      ] GC(481)   Merge Heap Roots: 0.26ms
[205.056s][info][gc,phases      ] GC(481)   Evacuate Collection Set: 22.86ms
[205.056s][info][gc,phases      ] GC(481)   Post Evacuate Collection Set: 0.72ms
[205.056s][info][gc,phases      ] GC(481)   Other: 0.11ms
[205.056s][info][gc,heap        ] GC(481) Eden regions: 468->0(508)
[205.056s][info][gc,heap        ] GC(481) Survivor regions: 13->20(61)
[205.056s][info][gc,heap        ] GC(481) Old regions: 392->358
[205.056s][info][gc,heap        ] GC(481) Humongous regions: 4->4
[205.056s][info][gc,metaspace   ] GC(481) Metaspace: 18562K(18752K)->18562K(18752K) NonClass: 15900K(16000K)->15900K(16000K) Class: 2662K(2752K)->2662K(2752K)
[205.056s][info][gc             ] GC(481) Pause Young (Mixed) (G1 Evacuation Pause) 876M->380M(978M) 24.544ms
[205.056s][info][gc,cpu         ] GC(481) User=0.05s Sys=0.00s Real=0.02s
[205.623s][info][gc,start       ] GC(482) Pause Young (Concurrent Start) (G1 Evacuation Pause)
[205.623s][info][gc,task        ] GC(482) Using 2 workers of 2 for evacuation
[205.782s][info][gc,phases      ] GC(482)   Pre Evacuate Collection Set: 0.29ms
[205.782s][info][gc,phases      ] GC(482)   Merge Heap Roots: 0.25ms
[205.782s][info][gc,phases      ] GC(482)   Evacuate Collection Set: 138.79ms
[205.782s][info][gc,phases      ] GC(482)   Post Evacuate Collection Set: 18.90ms
[205.782s][info][gc,phases      ] GC(482)   Other: 0.14ms
[205.782s][info][gc,heap        ] GC(482) Eden regions: 508->0(190)
[205.782s][info][gc,heap        ] GC(482) Survivor regions: 20->66(66)
[205.782s][info][gc,heap        ] GC(482) Old regions: 358->602
[205.782s][info][gc,heap        ] GC(482) Humongous regions: 4->4
[205.782s][info][gc,metaspace   ] GC(482) Metaspace: 18570K(18752K)->18570K(18752K) NonClass: 15908K(16000K)->15908K(16000K) Class: 2662K(2752K)->2662K(2752K)
[205.782s][info][gc             ] GC(482) Pause Young (Concurrent Start) (G1 Evacuation Pause) (Evacuation Failure: Allocation) 888M->671M(978M) 158.637ms
[205.782s][info][gc             ] GC(483) Concurrent Mark Cycle
[205.782s][info][gc,marking     ] GC(483) Concurrent Scan Root Regions
[205.782s][info][gc,cpu         ] GC(482) User=0.31s Sys=0.00s Real=0.16s
[205.967s][info][gc,marking     ] GC(483) Concurrent Scan Root Regions 184.807ms
[205.967s][info][gc,marking     ] GC(483) Concurrent Mark
[205.967s][info][gc,marking     ] GC(483) Concurrent Mark From Roots
[205.967s][info][gc,task        ] GC(483) Using 1 workers of 1 for marking
[206.465s][info][gc,start       ] GC(484) Pause Young (Normal) (G1 Evacuation Pause)
[206.465s][info][gc,task        ] GC(484) Using 2 workers of 2 for evacuation
[206.644s][info][gc,phases      ] GC(484)   Pre Evacuate Collection Set: 0.39ms
[206.644s][info][gc,phases      ] GC(484)   Merge Heap Roots: 0.75ms
[206.644s][info][gc,phases      ] GC(484)   Evacuate Collection Set: 161.81ms
[206.644s][info][gc,phases      ] GC(484)   Post Evacuate Collection Set: 15.52ms
[206.644s][info][gc,phases      ] GC(484)   Other: 0.11ms
[206.644s][info][gc,heap        ] GC(484) Eden regions: 190->0(128)
[206.644s][info][gc,heap        ] GC(484) Survivor regions: 66->32(32)
[206.644s][info][gc,heap        ] GC(484) Old regions: 602->732
[206.644s][info][gc,heap        ] GC(484) Humongous regions: 4->4
[206.644s][info][gc,metaspace   ] GC(484) Metaspace: 18572K(18752K)->18572K(18752K) NonClass: 15910K(16000K)->15910K(16000K) Class: 2662K(2752K)->2662K(2752K)
[206.644s][info][gc             ] GC(484) Pause Young (Normal) (G1 Evacuation Pause) (Evacuation Failure: Allocation) 861M->767M(978M) 178.832ms
[206.644s][info][gc,cpu         ] GC(484) User=0.35s Sys=0.00s Real=0.18s
[206.921s][info][gc,start       ] GC(485) Pause Young (Normal) (G1 Evacuation Pause)
[206.921s][info][gc,task        ] GC(485) Using 2 workers of 2 for evacuation
[207.023s][info][gc,phases      ] GC(485)   Pre Evacuate Collection Set: 0.58ms
[207.023s][info][gc,phases      ] GC(485)   Merge Heap Roots: 0.59ms
[207.023s][info][gc,phases      ] GC(485)   Evacuate Collection Set: 95.28ms
[207.023s][info][gc,phases      ] GC(485)   Post Evacuate Collection Set: 5.34ms
[207.023s][info][gc,phases      ] GC(485)   Other: 0.11ms
[207.024s][info][gc,heap        ] GC(485) Eden regions: 128->0(169)
[207.024s][info][gc,heap        ] GC(485) Survivor regions: 32->14(20)
[207.024s][info][gc,heap        ] GC(485) Old regions: 732->710
[207.024s][info][gc,heap        ] GC(485) Humongous regions: 7->7
[207.024s][info][gc,metaspace   ] GC(485) Metaspace: 18572K(18752K)->18572K(18752K) NonClass: 15910K(16000K)->15910K(16000K) Class: 2662K(2752K)->2662K(2752K)
[207.024s][info][gc             ] GC(485) Pause Young (Normal) (G1 Evacuation Pause) (Evacuation Failure: Allocation) 898M->730M(978M) 102.204ms
[207.024s][info][gc,cpu         ] GC(485) User=0.20s Sys=0.00s Real=0.10s
[207.168s][info][gc,marking     ] GC(483) Concurrent Mark From Roots 1201.600ms
[207.168s][info][gc,marking     ] GC(483) Concurrent Preclean
[207.168s][info][gc,marking     ] GC(483) Concurrent Preclean 0.040ms
[207.169s][info][gc,start       ] GC(483) Pause Remark
[207.175s][info][gc             ] GC(483) Pause Remark 820M->820M(978M) 6.871ms
[207.175s][info][gc,cpu         ] GC(483) User=0.02s Sys=0.00s Real=0.01s
[207.176s][info][gc,marking     ] GC(483) Concurrent Mark 1209.690ms
[207.176s][info][gc,marking     ] GC(483) Concurrent Rebuild Remembered Sets and Scrub Regions
[207.383s][info][gc,start       ] GC(486) Pause Young (Normal) (G1 Evacuation Pause)
[207.384s][info][gc,task        ] GC(486) Using 2 workers of 2 for evacuation
[207.498s][info][gc,phases      ] GC(486)   Pre Evacuate Collection Set: 0.37ms
[207.498s][info][gc,phases      ] GC(486)   Merge Heap Roots: 1.10ms
[207.498s][info][gc,phases      ] GC(486)   Evacuate Collection Set: 112.38ms
[207.498s][info][gc,phases      ] GC(486)   Post Evacuate Collection Set: 0.86ms
[207.498s][info][gc,phases      ] GC(486)   Other: 0.13ms
[207.498s][info][gc,heap        ] GC(486) Eden regions: 169->0(244)
[207.498s][info][gc,heap        ] GC(486) Survivor regions: 14->23(23)
[207.498s][info][gc,heap        ] GC(486) Old regions: 710->591
[207.498s][info][gc,heap        ] GC(486) Humongous regions: 13->13
[207.498s][info][gc,metaspace   ] GC(486) Metaspace: 18572K(18752K)->18572K(18752K) NonClass: 15910K(16000K)->15910K(16000K) Class: 2662K(2752K)->2662K(2752K)
[207.499s][info][gc             ] GC(486) Pause Young (Normal) (G1 Evacuation Pause) 905M->626M(978M) 115.075ms
[207.499s][info][gc,cpu         ] GC(486) User=0.23s Sys=0.00s Real=0.11s
[207.806s][info][gc,marking     ] GC(483) Concurrent Rebuild Remembered Sets and Scrub Regions 629.723ms
[207.806s][info][gc,start       ] GC(483) Pause Cleanup
[207.807s][info][gc             ] GC(483) Pause Cleanup 753M->753M(978M) 0.092ms
[207.807s][info][gc,cpu         ] GC(483) User=0.00s Sys=0.00s Real=0.00s
[207.807s][info][gc,marking     ] GC(483) Concurrent Clear Claimed Marks
[207.807s][info][gc,marking     ] GC(483) Concurrent Clear Claimed Marks 0.039ms
[207.807s][info][gc,marking     ] GC(483) Concurrent Cleanup for Next Mark
[207.817s][info][gc,marking     ] GC(483) Concurrent Cleanup for Next Mark 9.879ms
[207.817s][info][gc             ] GC(483) Concurrent Mark Cycle 2035.419ms
[207.996s][info][gc,start       ] GC(487) Pause Young (Prepare Mixed) (G1 Evacuation Pause)
[207.997s][info][gc,task        ] GC(487) Using 2 workers of 2 for evacuation
[208.053s][info][gc,phases      ] GC(487)   Pre Evacuate Collection Set: 0.31ms
[208.053s][info][gc,phases      ] GC(487)   Merge Heap Roots: 0.91ms
[208.053s][info][gc,phases      ] GC(487)   Evacuate Collection Set: 54.72ms
[208.053s][info][gc,phases      ] GC(487)   Post Evacuate Collection Set: 0.50ms
[208.053s][info][gc,phases      ] GC(487)   Other: 0.09ms
[208.053s][info][gc,heap        ] GC(487) Eden regions: 244->0(259)
[208.053s][info][gc,heap        ] GC(487) Survivor regions: 23->1(34)
[208.053s][info][gc,heap        ] GC(487) Old regions: 591->615
[208.053s][info][gc,heap        ] GC(487) Humongous regions: 13->13
[208.053s][info][gc,metaspace   ] GC(487) Metaspace: 18572K(18752K)->18572K(18752K) NonClass: 15910K(16000K)->15910K(16000K) Class: 2662K(2752K)->2662K(2752K)
[208.053s][info][gc             ] GC(487) Pause Young (Prepare Mixed) (G1 Evacuation Pause) 870M->628M(978M) 56.804ms
[208.053s][info][gc,cpu         ] GC(487) User=0.12s Sys=0.00s Real=0.06s
[208.439s][info][gc,start       ] GC(488) Pause Young (Mixed) (G1 Evacuation Pause)
[208.439s][info][gc,task        ] GC(488) Using 2 workers of 2 for evacuation
[208.440s][info][gc,phases      ] GC(488)   Pre Evacuate Collection Set: 0.30ms
[208.440s][info][gc,phases      ] GC(488)   Merge Heap Roots: 0.10ms
[208.440s][info][gc,phases      ] GC(488)   Evacuate Collection Set: 0.54ms
[208.440s][info][gc,phases      ] GC(488)   Post Evacuate Collection Set: 0.40ms
[208.440s][info][gc,phases      ] GC(488)   Other: 0.10ms
[208.440s][info][gc,heap        ] GC(488) Eden regions: 259->0(280)
[208.440s][info][gc,heap        ] GC(488) Survivor regions: 1->1(33)
[208.440s][info][gc,heap        ] GC(488) Old regions: 615->606
[208.440s][info][gc,heap        ] GC(488) Humongous regions: 13->13
[208.440s][info][gc,metaspace   ] GC(488) Metaspace: 18572K(18752K)->18572K(18752K) NonClass: 15910K(16000K)->15910K(16000K) Class: 2662K(2752K)->2662K(2752K)
[208.440s][info][gc             ] GC(488) Pause Young (Mixed) (G1 Evacuation Pause) 887M->619M(978M) 1.730ms
[208.440s][info][gc,cpu         ] GC(488) User=0.01s Sys=0.00s Real=0.01s
[208.855s][info][gc,start       ] GC(489) Pause Young (Concurrent Start) (G1 Evacuation Pause)
[208.855s][info][gc,task        ] GC(489) Using 2 workers of 2 for evacuation
[208.856s][info][gc,phases      ] GC(489)   Pre Evacuate Collection Set: 0.32ms
[208.856s][info][gc,phases      ] GC(489)   Merge Heap Roots: 0.10ms
[208.856s][info][gc,phases      ] GC(489)   Evacuate Collection Set: 0.55ms
[208.856s][info][gc,phases      ] GC(489)   Post Evacuate Collection Set: 0.43ms
[208.856s][info][gc,phases      ] GC(489)   Other: 0.10ms
[208.856s][info][gc,heap        ] GC(489) Eden regions: 280->0(293)
[208.856s][info][gc,heap        ] GC(489) Survivor regions: 1->1(36)
[208.856s][info][gc,heap        ] GC(489) Old regions: 606->606
[208.856s][info][gc,heap        ] GC(489) Humongous regions: 13->13
[208.856s][info][gc,metaspace   ] GC(489) Metaspace: 18572K(18752K)->18572K(18752K) NonClass: 15910K(16000K)->15910K(16000K) Class: 2662K(2752K)->2662K(2752K)
[208.856s][info][gc             ] GC(489) Pause Young (Concurrent Start) (G1 Evacuation Pause) 899M->618M(978M) 1.737ms
[208.856s][info][gc,cpu         ] GC(489) User=0.00s Sys=0.00s Real=0.00s
[208.856s][info][gc             ] GC(490) Concurrent Mark Cycle
[208.856s][info][gc,marking     ] GC(490) Concurrent Scan Root Regions
[208.858s][info][gc,marking     ] GC(490) Concurrent Scan Root Regions 1.900ms
[208.858s][info][gc,marking     ] GC(490) Concurrent Mark
[208.858s][info][gc,marking     ] GC(490) Concurrent Mark From Roots
[208.858s][info][gc,task        ] GC(490) Using 1 workers of 1 for marking
[209.817s][info][gc,start       ] GC(491) Pause Young (Normal) (G1 Evacuation Pause)
[209.817s][info][gc,task        ] GC(491) Using 2 workers of 2 for evacuation
[209.833s][info][gc,phases      ] GC(491)   Pre Evacuate Collection Set: 0.29ms
[209.833s][info][gc,phases      ] GC(491)   Merge Heap Roots: 0.17ms
[209.833s][info][gc,phases      ] GC(491)   Evacuate Collection Set: 14.79ms
[209.833s][info][gc,phases      ] GC(491)   Post Evacuate Collection Set: 0.46ms
[209.833s][info][gc,phases      ] GC(491)   Other: 0.10ms
[209.833s][info][gc,heap        ] GC(491) Eden regions: 293->0(283)
[209.833s][info][gc,heap        ] GC(491) Survivor regions: 1->13(37)
[209.833s][info][gc,heap        ] GC(491) Old regions: 606->606
[209.833s][info][gc,heap        ] GC(491) Humongous regions: 13->13
[209.833s][info][gc,metaspace   ] GC(491) Metaspace: 18572K(18752K)->18572K(18752K) NonClass: 15910K(16000K)->15910K(16000K) Class: 2662K(2752K)->2662K(2752K)
[209.833s][info][gc             ] GC(491) Pause Young (Normal) (G1 Evacuation Pause) 911M->630M(978M) 16.035ms
[209.833s][info][gc,cpu         ] GC(491) User=0.03s Sys=0.00s Real=0.02s
[210.143s][info][gc,marking     ] GC(490) Concurrent Mark From Roots 1284.182ms
[210.143s][info][gc,marking     ] GC(490) Concurrent Preclean
[210.143s][info][gc,marking     ] GC(490) Concurrent Preclean 0.048ms
[210.144s][info][gc,start       ] GC(490) Pause Remark
[210.151s][info][gc             ] GC(490) Pause Remark 841M->759M(978M) 7.003ms
[210.151s][info][gc,cpu         ] GC(490) User=0.01s Sys=0.00s Real=0.01s
[210.151s][info][gc,marking     ] GC(490) Concurrent Mark 1292.758ms
[210.151s][info][gc,marking     ] GC(490) Concurrent Rebuild Remembered Sets and Scrub Regions
[210.267s][info][gc,start       ] GC(492) Pause Young (Normal) (G1 Evacuation Pause)
[210.267s][info][gc,task        ] GC(492) Using 2 workers of 2 for evacuation
[210.301s][info][gc,phases      ] GC(492)   Pre Evacuate Collection Set: 0.26ms
[210.301s][info][gc,phases      ] GC(492)   Merge Heap Roots: 0.15ms
[210.301s][info][gc,phases      ] GC(492)   Evacuate Collection Set: 32.90ms
[210.301s][info][gc,phases      ] GC(492)   Post Evacuate Collection Set: 0.48ms
[210.301s][info][gc,phases      ] GC(492)   Other: 0.10ms
[210.301s][info][gc,heap        ] GC(492) Eden regions: 283->0(329)
[210.301s][info][gc,heap        ] GC(492) Survivor regions: 13->31(37)
[210.301s][info][gc,heap        ] GC(492) Old regions: 530->530
[210.301s][info][gc,heap        ] GC(492) Humongous regions: 7->7
[210.301s][info][gc,metaspace   ] GC(492) Metaspace: 18572K(18752K)->18572K(18752K) NonClass: 15910K(16000K)->15910K(16000K) Class: 2662K(2752K)->2662K(2752K)
[210.301s][info][gc             ] GC(492) Pause Young (Normal) (G1 Evacuation Pause) 831M->567M(978M) 34.094ms
[210.301s][info][gc,cpu         ] GC(492) User=0.06s Sys=0.00s Real=0.04s
[210.518s][info][gc,marking     ] GC(490) Concurrent Rebuild Remembered Sets and Scrub Regions 367.077ms
[210.518s][info][gc,start       ] GC(490) Pause Cleanup
[210.519s][info][gc             ] GC(490) Pause Cleanup 699M->699M(978M) 0.138ms
[210.519s][info][gc,cpu         ] GC(490) User=0.00s Sys=0.00s Real=0.00s
[210.519s][info][gc,marking     ] GC(490) Concurrent Clear Claimed Marks
[210.519s][info][gc,marking     ] GC(490) Concurrent Clear Claimed Marks 0.043ms
[210.519s][info][gc,marking     ] GC(490) Concurrent Cleanup for Next Mark
[210.525s][info][gc,marking     ] GC(490) Concurrent Cleanup for Next Mark 6.533ms
[210.525s][info][gc             ] GC(490) Concurrent Mark Cycle 1668.908ms
[210.814s][info][gc,start       ] GC(493) Pause Young (Prepare Mixed) (G1 Evacuation Pause)
[210.814s][info][gc,task        ] GC(493) Using 2 workers of 2 for evacuation
[210.855s][info][gc,phases      ] GC(493)   Pre Evacuate Collection Set: 0.52ms
[210.855s][info][gc,phases      ] GC(493)   Merge Heap Roots: 0.27ms
[210.855s][info][gc,phases      ] GC(493)   Evacuate Collection Set: 40.20ms
[210.855s][info][gc,phases      ] GC(493)   Post Evacuate Collection Set: 0.53ms
[210.855s][info][gc,phases      ] GC(493)   Other: 0.10ms
[210.855s][info][gc,heap        ] GC(493) Eden regions: 329->0(321)
[210.855s][info][gc,heap        ] GC(493) Survivor regions: 31->29(45)
[210.855s][info][gc,heap        ] GC(493) Old regions: 530->542
[210.855s][info][gc,heap        ] GC(493) Humongous regions: 7->7
[210.855s][info][gc,metaspace   ] GC(493) Metaspace: 18575K(18752K)->18575K(18752K) NonClass: 15913K(16000K)->15913K(16000K) Class: 2662K(2752K)->2662K(2752K)
[210.855s][info][gc             ] GC(493) Pause Young (Prepare Mixed) (G1 Evacuation Pause) 896M->577M(978M) 41.860ms
[210.855s][info][gc,cpu         ] GC(493) User=0.08s Sys=0.00s Real=0.04s
[211.437s][info][gc,start       ] GC(494) Pause Young (Mixed) (G1 Evacuation Pause)
[211.437s][info][gc,task        ] GC(494) Using 2 workers of 2 for evacuation
[211.472s][info][gc,phases      ] GC(494)   Pre Evacuate Collection Set: 0.53ms
[211.472s][info][gc,phases      ] GC(494)   Merge Heap Roots: 0.34ms
[211.472s][info][gc,phases      ] GC(494)   Evacuate Collection Set: 33.70ms
[211.472s][info][gc,phases      ] GC(494)   Post Evacuate Collection Set: 0.62ms
[211.472s][info][gc,phases      ] GC(494)   Other: 0.09ms
[211.472s][info][gc,heap        ] GC(494) Eden regions: 321->0(401)
[211.472s][info][gc,heap        ] GC(494) Survivor regions: 29->10(44)
[211.472s][info][gc,heap        ] GC(494) Old regions: 542->494
[211.472s][info][gc,heap        ] GC(494) Humongous regions: 7->7
[211.472s][info][gc,metaspace   ] GC(494) Metaspace: 18575K(18752K)->18575K(18752K) NonClass: 15913K(16000K)->15913K(16000K) Class: 2662K(2752K)->2662K(2752K)
[211.472s][info][gc             ] GC(494) Pause Young (Mixed) (G1 Evacuation Pause) 898M->510M(978M) 35.563ms
[211.472s][info][gc,cpu         ] GC(494) User=0.07s Sys=0.00s Real=0.04s
[211.938s][info][gc,start       ] GC(495) Pause Young (Concurrent Start) (G1 Evacuation Pause)
[211.938s][info][gc,task        ] GC(495) Using 2 workers of 2 for evacuation
[212.004s][info][gc,phases      ] GC(495)   Pre Evacuate Collection Set: 0.31ms
[212.004s][info][gc,phases      ] GC(495)   Merge Heap Roots: 0.18ms
[212.004s][info][gc,phases      ] GC(495)   Evacuate Collection Set: 63.99ms
[212.004s][info][gc,phases      ] GC(495)   Post Evacuate Collection Set: 0.99ms
[212.004s][info][gc,phases      ] GC(495)   Other: 0.10ms
[212.004s][info][gc,heap        ] GC(495) Eden regions: 401->0(302)
[212.004s][info][gc,heap        ] GC(495) Survivor regions: 10->52(52)
[212.004s][info][gc,heap        ] GC(495) Old regions: 494->515
[212.004s][info][gc,heap        ] GC(495) Humongous regions: 7->7
[212.004s][info][gc,metaspace   ] GC(495) Metaspace: 18576K(18752K)->18576K(18752K) NonClass: 15914K(16000K)->15914K(16000K) Class: 2662K(2752K)->2662K(2752K)
[212.004s][info][gc             ] GC(495) Pause Young (Concurrent Start) (G1 Evacuation Pause) (Evacuation Failure: Allocation) 911M->573M(978M) 65.828ms
[212.004s][info][gc             ] GC(496) Concurrent Mark Cycle
[212.004s][info][gc,marking     ] GC(496) Concurrent Scan Root Regions
[212.004s][info][gc,cpu         ] GC(495) User=0.13s Sys=0.00s Real=0.07s
[212.084s][info][gc,marking     ] GC(496) Concurrent Scan Root Regions 80.472ms
[212.084s][info][gc,marking     ] GC(496) Concurrent Mark
[212.084s][info][gc,marking     ] GC(496) Concurrent Mark From Roots
[212.084s][info][gc,task        ] GC(496) Using 1 workers of 1 for marking
[212.919s][info][gc,marking     ] GC(496) Concurrent Mark From Roots 835.092ms
[212.920s][info][gc,marking     ] GC(496) Concurrent Preclean
[212.920s][info][gc,marking     ] GC(496) Concurrent Preclean 0.038ms
[212.920s][info][gc,start       ] GC(496) Pause Remark
[212.927s][info][gc             ] GC(496) Pause Remark 846M->705M(978M) 7.344ms
[212.927s][info][gc,cpu         ] GC(496) User=0.02s Sys=0.00s Real=0.01s
[212.927s][info][gc,marking     ] GC(496) Concurrent Mark 842.789ms
[212.927s][info][gc,marking     ] GC(496) Concurrent Rebuild Remembered Sets and Scrub Regions
[213.020s][info][gc,start       ] GC(497) Pause Young (Normal) (G1 Evacuation Pause)
[213.020s][info][gc,task        ] GC(497) Using 2 workers of 2 for evacuation
[213.108s][info][gc,phases      ] GC(497)   Pre Evacuate Collection Set: 0.47ms
[213.108s][info][gc,phases      ] GC(497)   Merge Heap Roots: 0.58ms
[213.108s][info][gc,phases      ] GC(497)   Evacuate Collection Set: 86.34ms
[213.108s][info][gc,phases      ] GC(497)   Post Evacuate Collection Set: 0.72ms
[213.108s][info][gc,phases      ] GC(497)   Other: 0.12ms
[213.108s][info][gc,heap        ] GC(497) Eden regions: 302->0(418)
[213.108s][info][gc,heap        ] GC(497) Survivor regions: 52->19(45)
[213.108s][info][gc,heap        ] GC(497) Old regions: 376->423
[213.108s][info][gc,heap        ] GC(497) Humongous regions: 8->8
[213.108s][info][gc,metaspace   ] GC(497) Metaspace: 18586K(18752K)->18586K(18752K) NonClass: 15924K(16000K)->15924K(16000K) Class: 2662K(2752K)->2662K(2752K)
[213.108s][info][gc             ] GC(497) Pause Young (Normal) (G1 Evacuation Pause) 737M->449M(978M) 88.514ms
[213.109s][info][gc,cpu         ] GC(497) User=0.17s Sys=0.00s Real=0.09s
[213.314s][info][gc,marking     ] GC(496) Concurrent Rebuild Remembered Sets and Scrub Regions 386.573ms
[213.315s][info][gc,start       ] GC(496) Pause Cleanup
[213.315s][info][gc             ] GC(496) Pause Cleanup 548M->548M(978M) 0.119ms
[213.315s][info][gc,cpu         ] GC(496) User=0.00s Sys=0.00s Real=0.00s
[213.315s][info][gc,marking     ] GC(496) Concurrent Clear Claimed Marks
[213.315s][info][gc,marking     ] GC(496) Concurrent Clear Claimed Marks 0.056ms
[213.315s][info][gc,marking     ] GC(496) Concurrent Cleanup for Next Mark
[213.322s][info][gc,marking     ] GC(496) Concurrent Cleanup for Next Mark 6.962ms
[213.322s][info][gc             ] GC(496) Concurrent Mark Cycle 1318.568ms
[213.778s][info][gc,start       ] GC(498) Pause Young (Prepare Mixed) (G1 Evacuation Pause)
[213.778s][info][gc,task        ] GC(498) Using 2 workers of 2 for evacuation
[213.807s][info][gc,phases      ] GC(498)   Pre Evacuate Collection Set: 0.28ms
[213.807s][info][gc,phases      ] GC(498)   Merge Heap Roots: 0.31ms
[213.807s][info][gc,phases      ] GC(498)   Evacuate Collection Set: 27.85ms
[213.807s][info][gc,phases      ] GC(498)   Post Evacuate Collection Set: 0.69ms
[213.807s][info][gc,phases      ] GC(498)   Other: 0.11ms
[213.807s][info][gc,heap        ] GC(498) Eden regions: 418->0(439)
[213.807s][info][gc,heap        ] GC(498) Survivor regions: 19->20(55)
[213.807s][info][gc,heap        ] GC(498) Old regions: 423->423
[213.807s][info][gc,heap        ] GC(498) Humongous regions: 8->8
[213.807s][info][gc,metaspace   ] GC(498) Metaspace: 18586K(18752K)->18586K(18752K) NonClass: 15924K(16000K)->15924K(16000K) Class: 2662K(2752K)->2662K(2752K)
[213.807s][info][gc             ] GC(498) Pause Young (Prepare Mixed) (G1 Evacuation Pause) 867M->449M(978M) 29.472ms
[213.807s][info][gc,cpu         ] GC(498) User=0.06s Sys=0.00s Real=0.03s
[214.364s][info][gc,start       ] GC(499) Pause Young (Mixed) (G1 Evacuation Pause)
[214.364s][info][gc,task        ] GC(499) Using 2 workers of 2 for evacuation
[214.425s][info][gc,phases      ] GC(499)   Pre Evacuate Collection Set: 0.31ms
[214.425s][info][gc,phases      ] GC(499)   Merge Heap Roots: 0.48ms
[214.425s][info][gc,phases      ] GC(499)   Evacuate Collection Set: 59.85ms
[214.425s][info][gc,phases      ] GC(499)   Post Evacuate Collection Set: 0.72ms
[214.425s][info][gc,phases      ] GC(499)   Other: 0.10ms
[214.425s][info][gc,heap        ] GC(499) Eden regions: 439->0(432)
[214.425s][info][gc,heap        ] GC(499) Survivor regions: 20->43(58)
[214.425s][info][gc,heap        ] GC(499) Old regions: 423->402
[214.425s][info][gc,heap        ] GC(499) Humongous regions: 8->8
[214.425s][info][gc,metaspace   ] GC(499) Metaspace: 18589K(18752K)->18589K(18752K) NonClass: 15927K(16000K)->15927K(16000K) Class: 2662K(2752K)->2662K(2752K)
[214.425s][info][gc             ] GC(499) Pause Young (Mixed) (G1 Evacuation Pause) 888M->452M(978M) 61.735ms
[214.425s][info][gc,cpu         ] GC(499) User=0.12s Sys=0.00s Real=0.06s
[214.827s][info][gc,start       ] GC(500) Pause Young (Concurrent Start) (G1 Evacuation Pause)
[214.827s][info][gc,task        ] GC(500) Using 2 workers of 2 for evacuation
[214.895s][info][gc,phases      ] GC(500)   Pre Evacuate Collection Set: 0.29ms
[214.896s][info][gc,phases      ] GC(500)   Merge Heap Roots: 0.31ms
[214.896s][info][gc,phases      ] GC(500)   Evacuate Collection Set: 66.74ms
[214.896s][info][gc,phases      ] GC(500)   Post Evacuate Collection Set: 0.67ms
[214.896s][info][gc,phases      ] GC(500)   Other: 0.14ms
[214.896s][info][gc,heap        ] GC(500) Eden regions: 432->0(423)
[214.896s][info][gc,heap        ] GC(500) Survivor regions: 43->38(60)
[214.896s][info][gc,heap        ] GC(500) Old regions: 402->421
[214.896s][info][gc,heap        ] GC(500) Humongous regions: 8->8
[214.896s][info][gc,metaspace   ] GC(500) Metaspace: 18594K(18816K)->18594K(18816K) NonClass: 15932K(16064K)->15932K(16064K) Class: 2662K(2752K)->2662K(2752K)
[214.896s][info][gc             ] GC(500) Pause Young (Concurrent Start) (G1 Evacuation Pause) 884M->466M(978M) 68.426ms
[214.896s][info][gc,cpu         ] GC(500) User=0.14s Sys=0.00s Real=0.07s
[214.896s][info][gc             ] GC(501) Concurrent Mark Cycle
[214.896s][info][gc,marking     ] GC(501) Concurrent Scan Root Regions
[215.001s][info][gc,marking     ] GC(501) Concurrent Scan Root Regions 105.502ms
[215.001s][info][gc,marking     ] GC(501) Concurrent Mark
[215.001s][info][gc,marking     ] GC(501) Concurrent Mark From Roots
[215.001s][info][gc,task        ] GC(501) Using 1 workers of 1 for marking
[215.703s][info][gc,marking     ] GC(501) Concurrent Mark From Roots 701.562ms
[215.703s][info][gc,marking     ] GC(501) Concurrent Preclean
[215.703s][info][gc,marking     ] GC(501) Concurrent Preclean 0.038ms
[215.703s][info][gc,start       ] GC(501) Pause Remark
[215.710s][info][gc             ] GC(501) Pause Remark 817M->740M(978M) 7.266ms
[215.710s][info][gc,cpu         ] GC(501) User=0.01s Sys=0.00s Real=0.01s
[215.713s][info][gc,marking     ] GC(501) Concurrent Mark 712.123ms
[215.713s][info][gc,marking     ] GC(501) Concurrent Rebuild Remembered Sets and Scrub Regions
[215.867s][info][gc,start       ] GC(502) Pause Young (Normal) (G1 Evacuation Pause)
[215.867s][info][gc,task        ] GC(502) Using 2 workers of 2 for evacuation
[215.977s][info][gc,phases      ] GC(502)   Pre Evacuate Collection Set: 0.28ms
[215.977s][info][gc,phases      ] GC(502)   Merge Heap Roots: 0.54ms
[215.977s][info][gc,phases      ] GC(502)   Evacuate Collection Set: 108.30ms
[215.977s][info][gc,phases      ] GC(502)   Post Evacuate Collection Set: 0.73ms
[215.977s][info][gc,phases      ] GC(502)   Other: 0.11ms
[215.977s][info][gc,heap        ] GC(502) Eden regions: 423->0(410)
[215.977s][info][gc,heap        ] GC(502) Survivor regions: 38->58(58)
[215.977s][info][gc,heap        ] GC(502) Old regions: 347->388
[215.977s][info][gc,heap        ] GC(502) Humongous regions: 5->5
[215.977s][info][gc,metaspace   ] GC(502) Metaspace: 18617K(18816K)->18617K(18816K) NonClass: 15954K(16064K)->15954K(16064K) Class: 2662K(2752K)->2662K(2752K)
[215.977s][info][gc             ] GC(502) Pause Young (Normal) (G1 Evacuation Pause) 812M->450M(978M) 110.226ms
[215.977s][info][gc,cpu         ] GC(502) User=0.22s Sys=0.00s Real=0.11s
[216.097s][info][gc,marking     ] GC(501) Concurrent Rebuild Remembered Sets and Scrub Regions 383.660ms
[216.097s][info][gc,start       ] GC(501) Pause Cleanup
[216.097s][info][gc             ] GC(501) Pause Cleanup 504M->504M(978M) 0.119ms
[216.097s][info][gc,cpu         ] GC(501) User=0.01s Sys=0.00s Real=0.00s
[216.097s][info][gc,marking     ] GC(501) Concurrent Clear Claimed Marks
[216.097s][info][gc,marking     ] GC(501) Concurrent Clear Claimed Marks 0.026ms
[216.097s][info][gc,marking     ] GC(501) Concurrent Cleanup for Next Mark
[216.100s][info][gc,marking     ] GC(501) Concurrent Cleanup for Next Mark 2.857ms
[216.100s][info][gc             ] GC(501) Concurrent Mark Cycle 1204.693ms
[216.431s][info][gc,start       ] GC(503) Pause Young (Prepare Mixed) (G1 Evacuation Pause)
[216.431s][info][gc,task        ] GC(503) Using 2 workers of 2 for evacuation
[216.525s][info][gc,phases      ] GC(503)   Pre Evacuate Collection Set: 0.30ms
[216.525s][info][gc,phases      ] GC(503)   Merge Heap Roots: 0.54ms
[216.525s][info][gc,phases      ] GC(503)   Evacuate Collection Set: 92.69ms
[216.525s][info][gc,phases      ] GC(503)   Post Evacuate Collection Set: 0.71ms
[216.525s][info][gc,phases      ] GC(503)   Other: 0.09ms
[216.525s][info][gc,heap        ] GC(503) Eden regions: 410->0(383)
[216.525s][info][gc,heap        ] GC(503) Survivor regions: 58->29(59)
[216.525s][info][gc,heap        ] GC(503) Old regions: 388->446
[216.525s][info][gc,heap        ] GC(503) Humongous regions: 5->5
[216.525s][info][gc,metaspace   ] GC(503) Metaspace: 18623K(18816K)->18623K(18816K) NonClass: 15961K(16064K)->15961K(16064K) Class: 2662K(2752K)->2662K(2752K)
[216.525s][info][gc             ] GC(503) Pause Young (Prepare Mixed) (G1 Evacuation Pause) 860M->479M(978M) 94.575ms
[216.525s][info][gc,cpu         ] GC(503) User=0.19s Sys=0.00s Real=0.09s
[216.791s][info][gc,start       ] GC(504) Pause Young (Mixed) (G1 Evacuation Pause)
[216.791s][info][gc,task        ] GC(504) Using 2 workers of 2 for evacuation
[216.900s][info][gc,phases      ] GC(504)   Pre Evacuate Collection Set: 0.31ms
[216.901s][info][gc,phases      ] GC(504)   Merge Heap Roots: 1.03ms
[216.901s][info][gc,phases      ] GC(504)   Evacuate Collection Set: 106.77ms
[216.901s][info][gc,phases      ] GC(504)   Post Evacuate Collection Set: 0.86ms
[216.901s][info][gc,phases      ] GC(504)   Other: 0.11ms
[216.901s][info][gc,heap        ] GC(504) Eden regions: 383->0(301)
[216.901s][info][gc,heap        ] GC(504) Survivor regions: 29->52(52)
[216.901s][info][gc,heap        ] GC(504) Old regions: 446->442
[216.901s][info][gc,heap        ] GC(504) Humongous regions: 5->5
[216.901s][info][gc,metaspace   ] GC(504) Metaspace: 18625K(18816K)->18625K(18816K) NonClass: 15963K(16064K)->15963K(16064K) Class: 2662K(2752K)->2662K(2752K)
[216.901s][info][gc             ] GC(504) Pause Young (Mixed) (G1 Evacuation Pause) 862M->498M(978M) 109.388ms
[216.901s][info][gc,cpu         ] GC(504) User=0.22s Sys=0.00s Real=0.11s
[217.160s][info][gc,start       ] GC(505) Pause Young (Mixed) (G1 Evacuation Pause)
[217.161s][info][gc,task        ] GC(505) Using 2 workers of 2 for evacuation
[217.259s][info][gc,phases      ] GC(505)   Pre Evacuate Collection Set: 0.34ms
[217.259s][info][gc,phases      ] GC(505)   Merge Heap Roots: 0.69ms
[217.259s][info][gc,phases      ] GC(505)   Evacuate Collection Set: 96.74ms
[217.259s][info][gc,phases      ] GC(505)   Post Evacuate Collection Set: 0.54ms
[217.259s][info][gc,phases      ] GC(505)   Other: 0.10ms
[217.259s][info][gc,heap        ] GC(505) Eden regions: 276->0(340)
[217.259s][info][gc,heap        ] GC(505) Survivor regions: 52->16(41)
[217.259s][info][gc,heap        ] GC(505) Old regions: 442->494
[217.259s][info][gc,heap        ] GC(505) Humongous regions: 5->5
[217.259s][info][gc,metaspace   ] GC(505) Metaspace: 18625K(18816K)->18625K(18816K) NonClass: 15963K(16064K)->15963K(16064K) Class: 2662K(2752K)->2662K(2752K)
[217.259s][info][gc             ] GC(505) Pause Young (Mixed) (G1 Evacuation Pause) 774M->513M(978M) 98.667ms
[217.259s][info][gc,cpu         ] GC(505) User=0.20s Sys=0.00s Real=0.09s
[217.704s][info][gc,start       ] GC(506) Pause Young (Concurrent Start) (G1 Evacuation Pause)
[217.704s][info][gc,task        ] GC(506) Using 2 workers of 2 for evacuation
[217.730s][info][gc,phases      ] GC(506)   Pre Evacuate Collection Set: 0.34ms
[217.730s][info][gc,phases      ] GC(506)   Merge Heap Roots: 0.21ms
[217.730s][info][gc,phases      ] GC(506)   Evacuate Collection Set: 24.97ms
[217.730s][info][gc,phases      ] GC(506)   Post Evacuate Collection Set: 0.55ms
[217.730s][info][gc,phases      ] GC(506)   Other: 0.12ms
[217.730s][info][gc,heap        ] GC(506) Eden regions: 340->0(352)
[217.730s][info][gc,heap        ] GC(506) Survivor regions: 16->22(45)
[217.730s][info][gc,heap        ] GC(506) Old regions: 494->494
[217.730s][info][gc,heap        ] GC(506) Humongous regions: 5->5
[217.730s][info][gc,metaspace   ] GC(506) Metaspace: 18625K(18816K)->18625K(18816K) NonClass: 15963K(16064K)->15963K(16064K) Class: 2662K(2752K)->2662K(2752K)
[217.730s][info][gc             ] GC(506) Pause Young (Concurrent Start) (G1 Evacuation Pause) 853M->520M(978M) 26.380ms
[217.730s][info][gc,cpu         ] GC(506) User=0.05s Sys=0.00s Real=0.02s
[217.730s][info][gc             ] GC(507) Concurrent Mark Cycle
[217.730s][info][gc,marking     ] GC(507) Concurrent Scan Root Regions
[217.771s][info][gc,marking     ] GC(507) Concurrent Scan Root Regions 40.954ms
[217.771s][info][gc,marking     ] GC(507) Concurrent Mark
[217.771s][info][gc,marking     ] GC(507) Concurrent Mark From Roots
[217.771s][info][gc,task        ] GC(507) Using 1 workers of 1 for marking
[218.630s][info][gc,start       ] GC(508) Pause Young (Normal) (G1 Evacuation Pause)
[218.630s][info][gc,task        ] GC(508) Using 2 workers of 2 for evacuation
[218.691s][info][gc,phases      ] GC(508)   Pre Evacuate Collection Set: 0.30ms
[218.691s][info][gc,phases      ] GC(508)   Merge Heap Roots: 0.46ms
[218.691s][info][gc,phases      ] GC(508)   Evacuate Collection Set: 59.94ms
[218.691s][info][gc,phases      ] GC(508)   Post Evacuate Collection Set: 0.71ms
[218.691s][info][gc,phases      ] GC(508)   Other: 0.11ms
[218.691s][info][gc,heap        ] GC(508) Eden regions: 352->0(341)
[218.691s][info][gc,heap        ] GC(508) Survivor regions: 22->42(47)
[218.691s][info][gc,heap        ] GC(508) Old regions: 494->494
[218.691s][info][gc,heap        ] GC(508) Humongous regions: 8->8
[218.691s][info][gc,metaspace   ] GC(508) Metaspace: 18625K(18816K)->18625K(18816K) NonClass: 15963K(16064K)->15963K(16064K) Class: 2662K(2752K)->2662K(2752K)
[218.691s][info][gc             ] GC(508) Pause Young (Normal) (G1 Evacuation Pause) 875M->542M(978M) 61.828ms
[218.692s][info][gc,cpu         ] GC(508) User=0.12s Sys=0.00s Real=0.07s
[219.332s][info][gc,marking     ] GC(507) Concurrent Mark From Roots 1561.209ms
[219.332s][info][gc,marking     ] GC(507) Concurrent Preclean
[219.333s][info][gc,marking     ] GC(507) Concurrent Preclean 0.042ms
[219.333s][info][gc,start       ] GC(507) Pause Remark
[219.340s][info][gc             ] GC(507) Pause Remark 841M->841M(978M) 7.188ms
[219.340s][info][gc,cpu         ] GC(507) User=0.02s Sys=0.00s Real=0.00s
[219.340s][info][gc,marking     ] GC(507) Concurrent Mark 1568.741ms
[219.340s][info][gc,marking     ] GC(507) Concurrent Rebuild Remembered Sets and Scrub Regions
[219.411s][info][gc,start       ] GC(509) Pause Young (Normal) (G1 Evacuation Pause)
[219.411s][info][gc,task        ] GC(509) Using 2 workers of 2 for evacuation
[219.509s][info][gc,phases      ] GC(509)   Pre Evacuate Collection Set: 0.28ms
[219.509s][info][gc,phases      ] GC(509)   Merge Heap Roots: 0.41ms
[219.509s][info][gc,phases      ] GC(509)   Evacuate Collection Set: 96.08ms
[219.509s][info][gc,phases      ] GC(509)   Post Evacuate Collection Set: 0.64ms
[219.509s][info][gc,phases      ] GC(509)   Other: 0.10ms
[219.509s][info][gc,heap        ] GC(509) Eden regions: 341->0(300)
[219.509s][info][gc,heap        ] GC(509) Survivor regions: 42->48(48)
[219.509s][info][gc,heap        ] GC(509) Old regions: 494->524
[219.509s][info][gc,heap        ] GC(509) Humongous regions: 8->8
[219.509s][info][gc,metaspace   ] GC(509) Metaspace: 18625K(18816K)->18625K(18816K) NonClass: 15963K(16064K)->15963K(16064K) Class: 2662K(2752K)->2662K(2752K)
[219.509s][info][gc             ] GC(509) Pause Young (Normal) (G1 Evacuation Pause) 883M->579M(978M) 97.769ms
[219.509s][info][gc,cpu         ] GC(509) User=0.19s Sys=0.00s Real=0.09s
[219.929s][info][gc,marking     ] GC(507) Concurrent Rebuild Remembered Sets and Scrub Regions 589.356ms
[219.930s][info][gc,start       ] GC(507) Pause Cleanup
[219.930s][info][gc             ] GC(507) Pause Cleanup 832M->832M(978M) 0.118ms
[219.930s][info][gc,cpu         ] GC(507) User=0.00s Sys=0.00s Real=0.00s
[219.930s][info][gc,marking     ] GC(507) Concurrent Clear Claimed Marks
[219.930s][info][gc,marking     ] GC(507) Concurrent Clear Claimed Marks 0.034ms
[219.930s][info][gc,marking     ] GC(507) Concurrent Cleanup for Next Mark
[219.933s][info][gc,marking     ] GC(507) Concurrent Cleanup for Next Mark 2.848ms
[219.933s][info][gc             ] GC(507) Concurrent Mark Cycle 2202.488ms
[219.964s][info][gc,start       ] GC(510) Pause Young (Prepare Mixed) (G1 Evacuation Pause)
[219.964s][info][gc,task        ] GC(510) Using 2 workers of 2 for evacuation
[220.024s][info][gc,phases      ] GC(510)   Pre Evacuate Collection Set: 0.26ms
[220.024s][info][gc,phases      ] GC(510)   Merge Heap Roots: 0.48ms
[220.025s][info][gc,phases      ] GC(510)   Evacuate Collection Set: 59.50ms
[220.025s][info][gc,phases      ] GC(510)   Post Evacuate Collection Set: 0.53ms
[220.025s][info][gc,phases      ] GC(510)   Other: 0.12ms
[220.025s][info][gc,heap        ] GC(510) Eden regions: 300->0(314)
[220.025s][info][gc,heap        ] GC(510) Survivor regions: 48->4(44)
[220.025s][info][gc,heap        ] GC(510) Old regions: 524->573
[220.025s][info][gc,heap        ] GC(510) Humongous regions: 8->8
[220.025s][info][gc,metaspace   ] GC(510) Metaspace: 18629K(18816K)->18629K(18816K) NonClass: 15967K(16064K)->15967K(16064K) Class: 2662K(2752K)->2662K(2752K)
[220.025s][info][gc             ] GC(510) Pause Young (Prepare Mixed) (G1 Evacuation Pause) 879M->583M(978M) 61.090ms
[220.025s][info][gc,cpu         ] GC(510) User=0.12s Sys=0.00s Real=0.06s
[220.383s][info][gc,start       ] GC(511) Pause Young (Mixed) (G1 Evacuation Pause)
[220.383s][info][gc,task        ] GC(511) Using 2 workers of 2 for evacuation
[220.407s][info][gc,phases      ] GC(511)   Pre Evacuate Collection Set: 0.52ms
[220.407s][info][gc,phases      ] GC(511)   Merge Heap Roots: 0.36ms
[220.407s][info][gc,phases      ] GC(511)   Evacuate Collection Set: 22.75ms
[220.407s][info][gc,phases      ] GC(511)   Post Evacuate Collection Set: 0.52ms
[220.407s][info][gc,phases      ] GC(511)   Other: 0.11ms
[220.407s][info][gc,heap        ] GC(511) Eden regions: 314->0(324)
[220.407s][info][gc,heap        ] GC(511) Survivor regions: 4->11(40)
[220.407s][info][gc,heap        ] GC(511) Old regions: 573->565
[220.407s][info][gc,heap        ] GC(511) Humongous regions: 8->8
[220.407s][info][gc,metaspace   ] GC(511) Metaspace: 18632K(18816K)->18632K(18816K) NonClass: 15970K(16064K)->15970K(16064K) Class: 2662K(2752K)->2662K(2752K)
[220.407s][info][gc             ] GC(511) Pause Young (Mixed) (G1 Evacuation Pause) 897M->582M(978M) 24.552ms
[220.407s][info][gc,cpu         ] GC(511) User=0.05s Sys=0.00s Real=0.02s
[221.400s][info][gc,start       ] GC(512) Pause Young (Concurrent Start) (G1 Evacuation Pause)
[221.400s][info][gc,task        ] GC(512) Using 2 workers of 2 for evacuation
[221.428s][info][gc,phases      ] GC(512)   Pre Evacuate Collection Set: 0.35ms
[221.429s][info][gc,phases      ] GC(512)   Merge Heap Roots: 0.30ms
[221.429s][info][gc,phases      ] GC(512)   Evacuate Collection Set: 27.46ms
[221.429s][info][gc,phases      ] GC(512)   Post Evacuate Collection Set: 0.59ms
[221.429s][info][gc,phases      ] GC(512)   Other: 0.12ms
[221.429s][info][gc,heap        ] GC(512) Eden regions: 324->0(309)
[221.429s][info][gc,heap        ] GC(512) Survivor regions: 11->23(42)
[221.429s][info][gc,heap        ] GC(512) Old regions: 565->565
[221.429s][info][gc,heap        ] GC(512) Humongous regions: 8->8
[221.429s][info][gc,metaspace   ] GC(512) Metaspace: 18636K(18816K)->18636K(18816K) NonClass: 15973K(16064K)->15973K(16064K) Class: 2662K(2752K)->2662K(2752K)
[221.429s][info][gc             ] GC(512) Pause Young (Concurrent Start) (G1 Evacuation Pause) 906M->595M(978M) 29.031ms
[221.429s][info][gc,cpu         ] GC(512) User=0.05s Sys=0.00s Real=0.03s
[221.429s][info][gc             ] GC(513) Concurrent Mark Cycle
[221.429s][info][gc,marking     ] GC(513) Concurrent Scan Root Regions
[221.475s][info][gc,marking     ] GC(513) Concurrent Scan Root Regions 46.478ms
[221.475s][info][gc,marking     ] GC(513) Concurrent Mark
[221.475s][info][gc,marking     ] GC(513) Concurrent Mark From Roots
[221.475s][info][gc,task        ] GC(513) Using 1 workers of 1 for marking
[222.748s][info][gc,start       ] GC(514) Pause Young (Normal) (G1 Evacuation Pause)
[222.748s][info][gc,task        ] GC(514) Using 2 workers of 2 for evacuation
[222.784s][info][gc,phases      ] GC(514)   Pre Evacuate Collection Set: 0.29ms
[222.784s][info][gc,phases      ] GC(514)   Merge Heap Roots: 0.29ms
[222.784s][info][gc,phases      ] GC(514)   Evacuate Collection Set: 34.58ms
[222.784s][info][gc,phases      ] GC(514)   Post Evacuate Collection Set: 0.52ms
[222.784s][info][gc,phases      ] GC(514)   Other: 0.11ms
[222.784s][info][gc,heap        ] GC(514) Eden regions: 309->0(294)
[222.784s][info][gc,heap        ] GC(514) Survivor regions: 23->29(42)
[222.784s][info][gc,heap        ] GC(514) Old regions: 565->568
[222.784s][info][gc,heap        ] GC(514) Humongous regions: 8->8
[222.784s][info][gc,metaspace   ] GC(514) Metaspace: 18636K(18816K)->18636K(18816K) NonClass: 15974K(16064K)->15974K(16064K) Class: 2662K(2752K)->2662K(2752K)
[222.784s][info][gc             ] GC(514) Pause Young (Normal) (G1 Evacuation Pause) 904M->604M(978M) 36.021ms
[222.784s][info][gc,cpu         ] GC(514) User=0.07s Sys=0.00s Real=0.04s
[223.215s][info][gc,marking     ] GC(513) Concurrent Mark From Roots 1739.963ms
[223.215s][info][gc,marking     ] GC(513) Concurrent Preclean
[223.215s][info][gc,marking     ] GC(513) Concurrent Preclean 0.049ms
[223.216s][info][gc,start       ] GC(513) Pause Remark
[223.223s][info][gc             ] GC(513) Pause Remark 689M->688M(978M) 7.281ms
[223.223s][info][gc,cpu         ] GC(513) User=0.02s Sys=0.00s Real=0.01s
[223.223s][info][gc,marking     ] GC(513) Concurrent Mark 1747.792ms
[223.223s][info][gc,marking     ] GC(513) Concurrent Rebuild Remembered Sets and Scrub Regions
[223.768s][info][gc,marking     ] GC(513) Concurrent Rebuild Remembered Sets and Scrub Regions 544.460ms
[223.768s][info][gc,start       ] GC(513) Pause Cleanup
[223.768s][info][gc             ] GC(513) Pause Cleanup 731M->731M(978M) 0.102ms
[223.768s][info][gc,cpu         ] GC(513) User=0.00s Sys=0.00s Real=0.00s
[223.768s][info][gc,marking     ] GC(513) Concurrent Clear Claimed Marks
[223.768s][info][gc,marking     ] GC(513) Concurrent Clear Claimed Marks 0.028ms
[223.768s][info][gc,marking     ] GC(513) Concurrent Cleanup for Next Mark
[223.771s][info][gc,marking     ] GC(513) Concurrent Cleanup for Next Mark 2.919ms
[223.771s][info][gc             ] GC(513) Concurrent Mark Cycle 2342.180ms
[224.532s][info][gc,start       ] GC(515) Pause Young (Prepare Mixed) (G1 Evacuation Pause)
[224.533s][info][gc,task        ] GC(515) Using 2 workers of 2 for evacuation
[224.567s][info][gc,phases      ] GC(515)   Pre Evacuate Collection Set: 0.50ms
[224.567s][info][gc,phases      ] GC(515)   Merge Heap Roots: 0.39ms
[224.567s][info][gc,phases      ] GC(515)   Evacuate Collection Set: 33.21ms
[224.567s][info][gc,phases      ] GC(515)   Post Evacuate Collection Set: 0.55ms
[224.567s][info][gc,phases      ] GC(515)   Other: 0.10ms
[224.567s][info][gc,heap        ] GC(515) Eden regions: 294->0(311)
[224.567s][info][gc,heap        ] GC(515) Survivor regions: 29->11(41)
[224.567s][info][gc,heap        ] GC(515) Old regions: 568->588
[224.567s][info][gc,heap        ] GC(515) Humongous regions: 7->7
[224.567s][info][gc,metaspace   ] GC(515) Metaspace: 18667K(18816K)->18667K(18816K) NonClass: 16005K(16064K)->16005K(16064K) Class: 2662K(2752K)->2662K(2752K)
[224.567s][info][gc             ] GC(515) Pause Young (Prepare Mixed) (G1 Evacuation Pause) 897M->605M(978M) 34.969ms
[224.567s][info][gc,cpu         ] GC(515) User=0.07s Sys=0.00s Real=0.03s
[225.284s][info][gc,start       ] GC(516) Pause Young (Mixed) (G1 Evacuation Pause)
[225.285s][info][gc,task        ] GC(516) Using 2 workers of 2 for evacuation
[225.305s][info][gc,phases      ] GC(516)   Pre Evacuate Collection Set: 0.31ms
[225.305s][info][gc,phases      ] GC(516)   Merge Heap Roots: 0.22ms
[225.305s][info][gc,phases      ] GC(516)   Evacuate Collection Set: 19.05ms
[225.305s][info][gc,phases      ] GC(516)   Post Evacuate Collection Set: 0.59ms
[225.305s][info][gc,phases      ] GC(516)   Other: 0.08ms
[225.305s][info][gc,heap        ] GC(516) Eden regions: 311->0(315)
[225.305s][info][gc,heap        ] GC(516) Survivor regions: 11->12(41)
[225.305s][info][gc,heap        ] GC(516) Old regions: 588->582
[225.305s][info][gc,heap        ] GC(516) Humongous regions: 7->7
[225.305s][info][gc,metaspace   ] GC(516) Metaspace: 18681K(18880K)->18681K(18880K) NonClass: 16018K(16128K)->16018K(16128K) Class: 2663K(2752K)->2663K(2752K)
[225.305s][info][gc             ] GC(516) Pause Young (Mixed) (G1 Evacuation Pause) 916M->599M(978M) 20.462ms
[225.305s][info][gc,cpu         ] GC(516) User=0.04s Sys=0.00s Real=0.02s
[225.581s][info][gc,start       ] GC(517) Pause Young (Concurrent Start) (G1 Evacuation Pause)
[225.581s][info][gc,task        ] GC(517) Using 2 workers of 2 for evacuation
[225.717s][info][gc,phases      ] GC(517)   Pre Evacuate Collection Set: 0.35ms
[225.717s][info][gc,phases      ] GC(517)   Merge Heap Roots: 0.15ms
[225.717s][info][gc,phases      ] GC(517)   Evacuate Collection Set: 114.28ms
[225.717s][info][gc,phases      ] GC(517)   Post Evacuate Collection Set: 20.58ms
[225.717s][info][gc,phases      ] GC(517)   Other: 0.21ms
[225.717s][info][gc,heap        ] GC(517) Eden regions: 315->0(7)
[225.717s][info][gc,heap        ] GC(517) Survivor regions: 12->41(41)
[225.717s][info][gc,heap        ] GC(517) Old regions: 582->846
[225.717s][info][gc,heap        ] GC(517) Humongous regions: 7->7
[225.717s][info][gc,metaspace   ] GC(517) Metaspace: 18697K(18880K)->18697K(18880K) NonClass: 16034K(16128K)->16034K(16128K) Class: 2663K(2752K)->2663K(2752K)
[225.717s][info][gc             ] GC(517) Pause Young (Concurrent Start) (G1 Evacuation Pause) (Evacuation Failure: Allocation) 914M->893M(978M) 135.861ms
[225.717s][info][gc,cpu         ] GC(517) User=0.27s Sys=0.00s Real=0.13s
[225.717s][info][gc             ] GC(518) Concurrent Mark Cycle
[225.717s][info][gc,marking     ] GC(518) Concurrent Scan Root Regions
[225.736s][info][gc,start       ] GC(519) Pause Young (Normal) (G1 Evacuation Pause)
[225.736s][info][gc,task        ] GC(519) Using 2 workers of 2 for evacuation
[225.802s][info][gc,marking     ] GC(518) Concurrent Scan Root Regions 85.528ms
[225.802s][info][gc,marking     ] GC(518) Concurrent Mark
[225.802s][info][gc,marking     ] GC(518) Concurrent Mark From Roots
[225.802s][info][gc,task        ] GC(518) Using 1 workers of 1 for marking
[225.890s][info][gc,phases      ] GC(519)   Pre Evacuate Collection Set: 0.36ms
[225.890s][info][gc,phases      ] GC(519)   Merge Heap Roots: 0.85ms
[225.890s][info][gc,phases      ] GC(519)   Evacuate Collection Set: 84.00ms
[225.890s][info][gc,phases      ] GC(519)   Post Evacuate Collection Set: 2.89ms
[225.890s][info][gc,phases      ] GC(519)   Other: 0.07ms
[225.890s][info][gc,heap        ] GC(519) Eden regions: 7->0(157)
[225.890s][info][gc,heap        ] GC(519) Survivor regions: 41->1(6)
[225.890s][info][gc,heap        ] GC(519) Old regions: 846->762
[225.890s][info][gc,heap        ] GC(519) Humongous regions: 7->7
[225.890s][info][gc,metaspace   ] GC(519) Metaspace: 18697K(18880K)->18697K(18880K) NonClass: 16034K(16128K)->16034K(16128K) Class: 2663K(2752K)->2663K(2752K)
[225.890s][info][gc             ] GC(519) Pause Young (Normal) (G1 Evacuation Pause) (Evacuation Failure: Allocation) 900M->769M(978M) 153.970ms
[225.890s][info][gc,cpu         ] GC(519) User=0.24s Sys=0.00s Real=0.15s
[226.295s][info][gc,start       ] GC(520) Pause Young (Normal) (G1 Evacuation Pause)
[226.296s][info][gc,task        ] GC(520) Using 2 workers of 2 for evacuation
[226.388s][info][gc,phases      ] GC(520)   Pre Evacuate Collection Set: 0.37ms
[226.388s][info][gc,phases      ] GC(520)   Merge Heap Roots: 0.17ms
[226.388s][info][gc,phases      ] GC(520)   Evacuate Collection Set: 80.97ms
[226.388s][info][gc,phases      ] GC(520)   Post Evacuate Collection Set: 10.48ms
[226.388s][info][gc,phases      ] GC(520)   Other: 0.10ms
[226.388s][info][gc,heap        ] GC(520) Eden regions: 157->0(45)
[226.388s][info][gc,heap        ] GC(520) Survivor regions: 1->20(20)
[226.388s][info][gc,heap        ] GC(520) Old regions: 762->835
[226.388s][info][gc,heap        ] GC(520) Humongous regions: 8->8
[226.388s][info][gc,metaspace   ] GC(520) Metaspace: 18703K(18944K)->18703K(18944K) NonClass: 16040K(16192K)->16040K(16192K) Class: 2663K(2752K)->2663K(2752K)
[226.388s][info][gc             ] GC(520) Pause Young (Normal) (G1 Evacuation Pause) (Evacuation Failure: Allocation) 927M->862M(978M) 92.359ms
[226.388s][info][gc,cpu         ] GC(520) User=0.19s Sys=0.00s Real=0.09s
[226.536s][info][gc,start       ] GC(521) Pause Young (Normal) (G1 Evacuation Pause)
[226.536s][info][gc,task        ] GC(521) Using 2 workers of 2 for evacuation
[226.606s][info][gc,phases      ] GC(521)   Pre Evacuate Collection Set: 0.38ms
[226.606s][info][gc,phases      ] GC(521)   Merge Heap Roots: 0.64ms
[226.606s][info][gc,phases      ] GC(521)   Evacuate Collection Set: 68.15ms
[226.606s][info][gc,phases      ] GC(521)   Post Evacuate Collection Set: 0.67ms
[226.606s][info][gc,phases      ] GC(521)   Other: 0.08ms
[226.606s][info][gc,heap        ] GC(521) Eden regions: 45->0(149)
[226.606s][info][gc,heap        ] GC(521) Survivor regions: 20->6(9)
[226.606s][info][gc,heap        ] GC(521) Old regions: 835->759
[226.606s][info][gc,heap        ] GC(521) Humongous regions: 8->8
[226.606s][info][gc,metaspace   ] GC(521) Metaspace: 18703K(18944K)->18703K(18944K) NonClass: 16040K(16192K)->16040K(16192K) Class: 2663K(2752K)->2663K(2752K)
[226.606s][info][gc             ] GC(521) Pause Young (Normal) (G1 Evacuation Pause) 907M->772M(978M) 70.114ms
[226.606s][info][gc,cpu         ] GC(521) User=0.14s Sys=0.00s Real=0.07s
[226.951s][info][gc,start       ] GC(522) Pause Young (Normal) (G1 Evacuation Pause)
[226.951s][info][gc,task        ] GC(522) Using 2 workers of 2 for evacuation
[227.034s][info][gc,phases      ] GC(522)   Pre Evacuate Collection Set: 0.30ms
[227.034s][info][gc,phases      ] GC(522)   Merge Heap Roots: 0.66ms
[227.034s][info][gc,phases      ] GC(522)   Evacuate Collection Set: 80.75ms
[227.034s][info][gc,phases      ] GC(522)   Post Evacuate Collection Set: 1.10ms
[227.034s][info][gc,phases      ] GC(522)   Other: 0.08ms
[227.034s][info][gc,heap        ] GC(522) Eden regions: 149->0(112)
[227.034s][info][gc,heap        ] GC(522) Survivor regions: 6->20(20)
[227.034s][info][gc,heap        ] GC(522) Old regions: 759->765
[227.034s][info][gc,heap        ] GC(522) Humongous regions: 11->11
[227.034s][info][gc,metaspace   ] GC(522) Metaspace: 18714K(18944K)->18714K(18944K) NonClass: 16050K(16192K)->16050K(16192K) Class: 2663K(2752K)->2663K(2752K)
[227.034s][info][gc             ] GC(522) Pause Young (Normal) (G1 Evacuation Pause) 924M->795M(978M) 83.142ms
[227.034s][info][gc,cpu         ] GC(522) User=0.17s Sys=0.00s Real=0.08s
[227.293s][info][gc,start       ] GC(523) Pause Young (Normal) (G1 Evacuation Pause)
[227.293s][info][gc,task        ] GC(523) Using 2 workers of 2 for evacuation
[227.355s][info][gc,phases      ] GC(523)   Pre Evacuate Collection Set: 0.52ms
[227.355s][info][gc,phases      ] GC(523)   Merge Heap Roots: 0.65ms
[227.355s][info][gc,phases      ] GC(523)   Evacuate Collection Set: 60.46ms
[227.355s][info][gc,phases      ] GC(523)   Post Evacuate Collection Set: 0.38ms
[227.355s][info][gc,phases      ] GC(523)   Other: 0.07ms
[227.355s][info][gc,heap        ] GC(523) Eden regions: 112->0(105)
[227.355s][info][gc,heap        ] GC(523) Survivor regions: 20->13(17)
[227.355s][info][gc,heap        ] GC(523) Old regions: 765->786
[227.355s][info][gc,heap        ] GC(523) Humongous regions: 11->11
[227.355s][info][gc,metaspace   ] GC(523) Metaspace: 18714K(18944K)->18714K(18944K) NonClass: 16050K(16192K)->16050K(16192K) Class: 2663K(2752K)->2663K(2752K)
[227.355s][info][gc             ] GC(523) Pause Young (Normal) (G1 Evacuation Pause) 907M->808M(978M) 62.312ms
[227.355s][info][gc,cpu         ] GC(523) User=0.12s Sys=0.00s Real=0.06s
[227.571s][info][gc,start       ] GC(524) Pause Young (Normal) (G1 Evacuation Pause)
[227.572s][info][gc,task        ] GC(524) Using 2 workers of 2 for evacuation
[227.595s][info][gc,phases      ] GC(524)   Pre Evacuate Collection Set: 0.50ms
[227.595s][info][gc,phases      ] GC(524)   Merge Heap Roots: 0.14ms
[227.595s][info][gc,phases      ] GC(524)   Evacuate Collection Set: 21.97ms
[227.595s][info][gc,phases      ] GC(524)   Post Evacuate Collection Set: 0.35ms
[227.595s][info][gc,phases      ] GC(524)   Other: 0.07ms
[227.595s][info][gc,heap        ] GC(524) Eden regions: 105->0(105)
[227.595s][info][gc,heap        ] GC(524) Survivor regions: 13->7(15)
[227.595s][info][gc,heap        ] GC(524) Old regions: 786->798
[227.595s][info][gc,heap        ] GC(524) Humongous regions: 11->11
[227.595s][info][gc,metaspace   ] GC(524) Metaspace: 18714K(18944K)->18714K(18944K) NonClass: 16050K(16192K)->16050K(16192K) Class: 2663K(2752K)->2663K(2752K)
[227.595s][info][gc             ] GC(524) Pause Young (Normal) (G1 Evacuation Pause) 913M->815M(978M) 23.264ms
[227.595s][info][gc,cpu         ] GC(524) User=0.04s Sys=0.00s Real=0.02s
[227.678s][info][gc,marking     ] GC(518) Concurrent Mark From Roots 1876.066ms
[227.679s][info][gc,marking     ] GC(518) Concurrent Preclean
[227.679s][info][gc,marking     ] GC(518) Concurrent Preclean 0.042ms
[227.679s][info][gc,start       ] GC(518) Pause Remark
[227.686s][info][gc             ] GC(518) Pause Remark 864M->767M(978M) 7.693ms
[227.686s][info][gc,cpu         ] GC(518) User=0.02s Sys=0.00s Real=0.01s
[227.687s][info][gc,marking     ] GC(518) Concurrent Mark 1884.617ms
[227.687s][info][gc,marking     ] GC(518) Concurrent Rebuild Remembered Sets and Scrub Regions
[227.756s][info][gc,start       ] GC(525) Pause Young (Normal) (G1 Evacuation Pause)
[227.756s][info][gc,task        ] GC(525) Using 2 workers of 2 for evacuation
[227.770s][info][gc,phases      ] GC(525)   Pre Evacuate Collection Set: 0.53ms
[227.770s][info][gc,phases      ] GC(525)   Merge Heap Roots: 0.14ms
[227.770s][info][gc,phases      ] GC(525)   Evacuate Collection Set: 12.81ms
[227.770s][info][gc,phases      ] GC(525)   Post Evacuate Collection Set: 0.34ms
[227.770s][info][gc,phases      ] GC(525)   Other: 0.07ms
[227.770s][info][gc,heap        ] GC(525) Eden regions: 105->0(194)
[227.770s][info][gc,heap        ] GC(525) Survivor regions: 7->11(14)
[227.770s][info][gc,heap        ] GC(525) Old regions: 703->703
[227.770s][info][gc,heap        ] GC(525) Humongous regions: 9->9
[227.770s][info][gc,metaspace   ] GC(525) Metaspace: 18714K(18944K)->18714K(18944K) NonClass: 16050K(16192K)->16050K(16192K) Class: 2663K(2752K)->2663K(2752K)
[227.770s][info][gc             ] GC(525) Pause Young (Normal) (G1 Evacuation Pause) 823M->722M(978M) 14.076ms
[227.770s][info][gc,cpu         ] GC(525) User=0.02s Sys=0.00s Real=0.01s
[227.990s][info][gc,start       ] GC(526) Pause Young (Normal) (G1 Evacuation Pause)
[227.990s][info][gc,task        ] GC(526) Using 2 workers of 2 for evacuation
[228.026s][info][gc,phases      ] GC(526)   Pre Evacuate Collection Set: 0.50ms
[228.026s][info][gc,phases      ] GC(526)   Merge Heap Roots: 0.27ms
[228.026s][info][gc,phases      ] GC(526)   Evacuate Collection Set: 34.29ms
[228.026s][info][gc,phases      ] GC(526)   Post Evacuate Collection Set: 0.42ms
[228.026s][info][gc,phases      ] GC(526)   Other: 0.08ms
[228.026s][info][gc,heap        ] GC(526) Eden regions: 194->0(159)
[228.026s][info][gc,heap        ] GC(526) Survivor regions: 11->26(26)
[228.026s][info][gc,heap        ] GC(526) Old regions: 703->708
[228.026s][info][gc,heap        ] GC(526) Humongous regions: 9->9
[228.026s][info][gc,metaspace   ] GC(526) Metaspace: 18714K(18944K)->18714K(18944K) NonClass: 16050K(16192K)->16050K(16192K) Class: 2663K(2752K)->2663K(2752K)
[228.026s][info][gc             ] GC(526) Pause Young (Normal) (G1 Evacuation Pause) 916M->742M(978M) 35.815ms
[228.026s][info][gc,cpu         ] GC(526) User=0.07s Sys=0.00s Real=0.03s
[228.165s][info][gc,start       ] GC(527) Pause Young (Normal) (G1 Evacuation Pause)
[228.165s][info][gc,task        ] GC(527) Using 2 workers of 2 for evacuation
[228.218s][info][gc,phases      ] GC(527)   Pre Evacuate Collection Set: 0.30ms
[228.218s][info][gc,phases      ] GC(527)   Merge Heap Roots: 0.16ms
[228.218s][info][gc,phases      ] GC(527)   Evacuate Collection Set: 51.55ms
[228.218s][info][gc,phases      ] GC(527)   Post Evacuate Collection Set: 0.42ms
[228.218s][info][gc,phases      ] GC(527)   Other: 0.09ms
[228.218s][info][gc,heap        ] GC(527) Eden regions: 159->0(136)
[228.218s][info][gc,heap        ] GC(527) Survivor regions: 26->24(24)
[228.218s][info][gc,heap        ] GC(527) Old regions: 708->735
[228.218s][info][gc,heap        ] GC(527) Humongous regions: 9->9
[228.218s][info][gc,metaspace   ] GC(527) Metaspace: 18714K(18944K)->18714K(18944K) NonClass: 16050K(16192K)->16050K(16192K) Class: 2663K(2752K)->2663K(2752K)
[228.218s][info][gc             ] GC(527) Pause Young (Normal) (G1 Evacuation Pause) 901M->767M(978M) 52.748ms
[228.218s][info][gc,cpu         ] GC(527) User=0.10s Sys=0.00s Real=0.05s
[228.451s][info][gc,start       ] GC(528) Pause Young (Normal) (G1 Evacuation Pause)
[228.451s][info][gc,task        ] GC(528) Using 2 workers of 2 for evacuation
[228.503s][info][gc,phases      ] GC(528)   Pre Evacuate Collection Set: 0.30ms
[228.503s][info][gc,phases      ] GC(528)   Merge Heap Roots: 0.13ms
[228.503s][info][gc,phases      ] GC(528)   Evacuate Collection Set: 50.67ms
[228.503s][info][gc,phases      ] GC(528)   Post Evacuate Collection Set: 0.48ms
[228.503s][info][gc,phases      ] GC(528)   Other: 0.08ms
[228.503s][info][gc,heap        ] GC(528) Eden regions: 136->0(115)
[228.503s][info][gc,heap        ] GC(528) Survivor regions: 24->20(20)
[228.503s][info][gc,heap        ] GC(528) Old regions: 735->763
[228.503s][info][gc,heap        ] GC(528) Humongous regions: 10->10
[228.503s][info][gc,metaspace   ] GC(528) Metaspace: 18714K(18944K)->18714K(18944K) NonClass: 16050K(16192K)->16050K(16192K) Class: 2663K(2752K)->2663K(2752K)
[228.503s][info][gc             ] GC(528) Pause Young (Normal) (G1 Evacuation Pause) 904M->792M(978M) 51.956ms
[228.503s][info][gc,cpu         ] GC(528) User=0.10s Sys=0.00s Real=0.05s
[228.514s][info][gc,marking     ] GC(518) Concurrent Rebuild Remembered Sets and Scrub Regions 827.308ms
[228.515s][info][gc,start       ] GC(518) Pause Cleanup
[228.515s][info][gc             ] GC(518) Pause Cleanup 802M->802M(978M) 0.132ms
[228.515s][info][gc,cpu         ] GC(518) User=0.00s Sys=0.00s Real=0.00s
[228.515s][info][gc,marking     ] GC(518) Concurrent Clear Claimed Marks
[228.515s][info][gc,marking     ] GC(518) Concurrent Clear Claimed Marks 0.035ms
[228.515s][info][gc,marking     ] GC(518) Concurrent Cleanup for Next Mark
[228.520s][info][gc,marking     ] GC(518) Concurrent Cleanup for Next Mark 4.919ms
[228.520s][info][gc             ] GC(518) Concurrent Mark Cycle 2802.905ms
[228.586s][info][gc,start       ] GC(529) Pause Young (Prepare Mixed) (G1 Evacuation Pause)
[228.586s][info][gc,task        ] GC(529) Using 2 workers of 2 for evacuation
[228.618s][info][gc,phases      ] GC(529)   Pre Evacuate Collection Set: 0.33ms
[228.618s][info][gc,phases      ] GC(529)   Merge Heap Roots: 0.25ms
[228.618s][info][gc,phases      ] GC(529)   Evacuate Collection Set: 30.31ms
[228.618s][info][gc,phases      ] GC(529)   Post Evacuate Collection Set: 0.37ms
[228.618s][info][gc,phases      ] GC(529)   Other: 0.08ms
[228.618s][info][gc,heap        ] GC(529) Eden regions: 115->0(120)
[228.618s][info][gc,heap        ] GC(529) Survivor regions: 20->7(17)
[228.618s][info][gc,heap        ] GC(529) Old regions: 763->784
[228.618s][info][gc,heap        ] GC(529) Humongous regions: 10->10
[228.618s][info][gc,metaspace   ] GC(529) Metaspace: 18714K(18944K)->18714K(18944K) NonClass: 16050K(16192K)->16050K(16192K) Class: 2663K(2752K)->2663K(2752K)
[228.618s][info][gc             ] GC(529) Pause Young (Prepare Mixed) (G1 Evacuation Pause) 907M->799M(978M) 31.578ms
[228.618s][info][gc,cpu         ] GC(529) User=0.06s Sys=0.01s Real=0.03s
[228.687s][info][gc,start       ] GC(530) Pause Young (Mixed) (G1 Evacuation Pause)
[228.688s][info][gc,task        ] GC(530) Using 2 workers of 2 for evacuation
[228.699s][info][gc,phases      ] GC(530)   Pre Evacuate Collection Set: 0.50ms
[228.699s][info][gc,phases      ] GC(530)   Merge Heap Roots: 0.13ms
[228.699s][info][gc,phases      ] GC(530)   Evacuate Collection Set: 10.60ms
[228.699s][info][gc,phases      ] GC(530)   Post Evacuate Collection Set: 0.34ms
[228.699s][info][gc,phases      ] GC(530)   Other: 0.09ms
[228.699s][info][gc,heap        ] GC(530) Eden regions: 120->0(129)
[228.699s][info][gc,heap        ] GC(530) Survivor regions: 7->9(16)
[228.699s][info][gc,heap        ] GC(530) Old regions: 784->771
[228.699s][info][gc,heap        ] GC(530) Humongous regions: 10->10
[228.699s][info][gc,metaspace   ] GC(530) Metaspace: 18714K(18944K)->18714K(18944K) NonClass: 16050K(16192K)->16050K(16192K) Class: 2663K(2752K)->2663K(2752K)
[228.699s][info][gc             ] GC(530) Pause Young (Mixed) (G1 Evacuation Pause) 919M->789M(978M) 11.878ms
[228.699s][info][gc,cpu         ] GC(530) User=0.02s Sys=0.00s Real=0.01s
[228.907s][info][gc,start       ] GC(531) Pause Young (Concurrent Start) (G1 Evacuation Pause)
[228.907s][info][gc,task        ] GC(531) Using 2 workers of 2 for evacuation
[228.922s][info][gc,phases      ] GC(531)   Pre Evacuate Collection Set: 0.38ms
[228.922s][info][gc,phases      ] GC(531)   Merge Heap Roots: 0.16ms
[228.922s][info][gc,phases      ] GC(531)   Evacuate Collection Set: 13.30ms
[228.922s][info][gc,phases      ] GC(531)   Post Evacuate Collection Set: 0.38ms
[228.922s][info][gc,phases      ] GC(531)   Other: 0.24ms
[228.922s][info][gc,heap        ] GC(531) Eden regions: 129->0(125)
[228.922s][info][gc,heap        ] GC(531) Survivor regions: 9->11(18)
[228.922s][info][gc,heap        ] GC(531) Old regions: 771->771
[228.922s][info][gc,heap        ] GC(531) Humongous regions: 10->10
[228.922s][info][gc,metaspace   ] GC(531) Metaspace: 18714K(18944K)->18714K(18944K) NonClass: 16050K(16192K)->16050K(16192K) Class: 2663K(2752K)->2663K(2752K)
[228.922s][info][gc             ] GC(531) Pause Young (Concurrent Start) (G1 Evacuation Pause) 918M->791M(978M) 14.736ms
[228.922s][info][gc,cpu         ] GC(531) User=0.03s Sys=0.00s Real=0.02s
[228.922s][info][gc             ] GC(532) Concurrent Mark Cycle
[228.922s][info][gc,marking     ] GC(532) Concurrent Scan Root Regions
[228.942s][info][gc,marking     ] GC(532) Concurrent Scan Root Regions 20.142ms
[228.942s][info][gc,marking     ] GC(532) Concurrent Mark
[228.942s][info][gc,marking     ] GC(532) Concurrent Mark From Roots
[228.942s][info][gc,task        ] GC(532) Using 1 workers of 1 for marking
[229.411s][info][gc,start       ] GC(533) Pause Young (Normal) (G1 Evacuation Pause)
[229.411s][info][gc,task        ] GC(533) Using 2 workers of 2 for evacuation
[229.425s][info][gc,phases      ] GC(533)   Pre Evacuate Collection Set: 0.31ms
[229.426s][info][gc,phases      ] GC(533)   Merge Heap Roots: 0.17ms
[229.426s][info][gc,phases      ] GC(533)   Evacuate Collection Set: 13.21ms
[229.426s][info][gc,phases      ] GC(533)   Post Evacuate Collection Set: 0.36ms
[229.426s][info][gc,phases      ] GC(533)   Other: 0.12ms
[229.426s][info][gc,heap        ] GC(533) Eden regions: 125->0(129)
[229.426s][info][gc,heap        ] GC(533) Survivor regions: 11->6(17)
[229.426s][info][gc,heap        ] GC(533) Old regions: 771->777
[229.426s][info][gc,heap        ] GC(533) Humongous regions: 10->10
[229.426s][info][gc,metaspace   ] GC(533) Metaspace: 18714K(18944K)->18714K(18944K) NonClass: 16050K(16192K)->16050K(16192K) Class: 2663K(2752K)->2663K(2752K)
[229.426s][info][gc             ] GC(533) Pause Young (Normal) (G1 Evacuation Pause) 916M->792M(978M) 14.402ms
[229.426s][info][gc,cpu         ] GC(533) User=0.02s Sys=0.00s Real=0.01s
[229.561s][info][gc,marking     ] GC(532) Concurrent Mark From Roots 618.738ms
[229.561s][info][gc,marking     ] GC(532) Concurrent Preclean
[229.561s][info][gc,marking     ] GC(532) Concurrent Preclean 0.046ms
[229.561s][info][gc,start       ] GC(532) Pause Remark
[229.569s][info][gc             ] GC(532) Pause Remark 855M->375M(978M) 7.769ms
[229.569s][info][gc,cpu         ] GC(532) User=0.02s Sys=0.00s Real=0.00s
[229.570s][info][gc,marking     ] GC(532) Concurrent Mark 628.089ms
[229.570s][info][gc,marking     ] GC(532) Concurrent Rebuild Remembered Sets and Scrub Regions
[229.684s][info][gc,start       ] GC(534) Pause Young (Normal) (G1 Evacuation Pause)
[229.684s][info][gc,task        ] GC(534) Using 2 workers of 2 for evacuation
[229.736s][info][gc,phases      ] GC(534)   Pre Evacuate Collection Set: 0.28ms
[229.736s][info][gc,phases      ] GC(534)   Merge Heap Roots: 0.25ms
[229.736s][info][gc,phases      ] GC(534)   Evacuate Collection Set: 51.16ms
[229.736s][info][gc,phases      ] GC(534)   Post Evacuate Collection Set: 0.46ms
[229.736s][info][gc,phases      ] GC(534)   Other: 0.08ms
[229.736s][info][gc,heap        ] GC(534) Eden regions: 129->0(508)
[229.736s][info][gc,heap        ] GC(534) Survivor regions: 6->17(17)
[229.736s][info][gc,heap        ] GC(534) Old regions: 304->338
[229.736s][info][gc,heap        ] GC(534) Humongous regions: 3->3
[229.736s][info][gc,metaspace   ] GC(534) Metaspace: 18715K(18944K)->18715K(18944K) NonClass: 16052K(16192K)->16052K(16192K) Class: 2663K(2752K)->2663K(2752K)
[229.736s][info][gc             ] GC(534) Pause Young (Normal) (G1 Evacuation Pause) 441M->357M(978M) 52.508ms
[229.736s][info][gc,cpu         ] GC(534) User=0.11s Sys=0.00s Real=0.05s
[229.894s][info][gc,marking     ] GC(532) Concurrent Rebuild Remembered Sets and Scrub Regions 324.195ms
[229.895s][info][gc,start       ] GC(532) Pause Cleanup
[229.895s][info][gc             ] GC(532) Pause Cleanup 432M->432M(978M) 0.150ms
[229.895s][info][gc,cpu         ] GC(532) User=0.00s Sys=0.00s Real=0.00s
[229.895s][info][gc,marking     ] GC(532) Concurrent Clear Claimed Marks
[229.895s][info][gc,marking     ] GC(532) Concurrent Clear Claimed Marks 0.035ms
[229.895s][info][gc,marking     ] GC(532) Concurrent Cleanup for Next Mark
[229.899s][info][gc,marking     ] GC(532) Concurrent Cleanup for Next Mark 4.244ms
[229.899s][info][gc             ] GC(532) Concurrent Mark Cycle 977.344ms
[230.403s][info][gc,start       ] GC(535) Pause Young (Prepare Mixed) (G1 Evacuation Pause)
[230.404s][info][gc,task        ] GC(535) Using 2 workers of 2 for evacuation
[230.466s][info][gc,phases      ] GC(535)   Pre Evacuate Collection Set: 0.29ms
[230.466s][info][gc,phases      ] GC(535)   Merge Heap Roots: 0.37ms
[230.466s][info][gc,phases      ] GC(535)   Evacuate Collection Set: 61.16ms
[230.466s][info][gc,phases      ] GC(535)   Post Evacuate Collection Set: 0.76ms
[230.466s][info][gc,phases      ] GC(535)   Other: 0.13ms
[230.466s][info][gc,heap        ] GC(535) Eden regions: 508->0(475)
[230.466s][info][gc,heap        ] GC(535) Survivor regions: 17->52(66)
[230.466s][info][gc,heap        ] GC(535) Old regions: 338->338
[230.466s][info][gc,heap        ] GC(535) Humongous regions: 4->4
[230.466s][info][gc,metaspace   ] GC(535) Metaspace: 18715K(18944K)->18715K(18944K) NonClass: 16052K(16192K)->16052K(16192K) Class: 2663K(2752K)->2663K(2752K)
[230.466s][info][gc             ] GC(535) Pause Young (Prepare Mixed) (G1 Evacuation Pause) 866M->393M(978M) 62.958ms
[230.466s][info][gc,cpu         ] GC(535) User=0.12s Sys=0.01s Real=0.06s
[231.051s][info][gc,start       ] GC(536) Pause Young (Mixed) (G1 Evacuation Pause)
[231.051s][info][gc,task        ] GC(536) Using 2 workers of 2 for evacuation
[231.347s][info][gc,mmu         ] GC(536) MMU target violated: 201.0ms (200.0ms/201.0ms)
[231.347s][info][gc,phases      ] GC(536)   Pre Evacuate Collection Set: 0.33ms
[231.347s][info][gc,phases      ] GC(536)   Merge Heap Roots: 0.55ms
[231.347s][info][gc,phases      ] GC(536)   Evacuate Collection Set: 265.18ms
[231.347s][info][gc,phases      ] GC(536)   Post Evacuate Collection Set: 29.61ms
[231.347s][info][gc,phases      ] GC(536)   Other: 0.17ms
[231.347s][info][gc,heap        ] GC(536) Eden regions: 475->0(245)
[231.347s][info][gc,heap        ] GC(536) Survivor regions: 52->63(66)
[231.347s][info][gc,heap        ] GC(536) Old regions: 338->552
[231.347s][info][gc,heap        ] GC(536) Humongous regions: 5->5
[231.347s][info][gc,metaspace   ] GC(536) Metaspace: 18715K(18944K)->18715K(18944K) NonClass: 16052K(16192K)->16052K(16192K) Class: 2663K(2752K)->2663K(2752K)
[231.347s][info][gc             ] GC(536) Pause Young (Mixed) (G1 Evacuation Pause) (Evacuation Failure: Allocation) 869M->619M(978M) 296.029ms
[231.347s][info][gc,cpu         ] GC(536) User=0.58s Sys=0.00s Real=0.29s
[231.596s][info][gc,start       ] GC(537) Pause Young (Concurrent Start) (G1 Evacuation Pause)
[231.596s][info][gc,task        ] GC(537) Using 2 workers of 2 for evacuation
[231.711s][info][gc,phases      ] GC(537)   Pre Evacuate Collection Set: 0.40ms
[231.711s][info][gc,phases      ] GC(537)   Merge Heap Roots: 0.70ms
[231.711s][info][gc,phases      ] GC(537)   Evacuate Collection Set: 111.65ms
[231.711s][info][gc,phases      ] GC(537)   Post Evacuate Collection Set: 1.69ms
[231.711s][info][gc,phases      ] GC(537)   Other: 0.11ms
[231.711s][info][gc,heap        ] GC(537) Eden regions: 245->0(312)
[231.711s][info][gc,heap        ] GC(537) Survivor regions: 63->14(39)
[231.711s][info][gc,heap        ] GC(537) Old regions: 552->556
[231.711s][info][gc,heap        ] GC(537) Humongous regions: 5->5
[231.711s][info][gc,metaspace   ] GC(537) Metaspace: 18720K(18944K)->18720K(18944K) NonClass: 16057K(16192K)->16057K(16192K) Class: 2663K(2752K)->2663K(2752K)
[231.711s][info][gc             ] GC(537) Pause Young (Concurrent Start) (G1 Evacuation Pause) (Evacuation Failure: Allocation) 864M->574M(978M) 114.813ms
[231.711s][info][gc,cpu         ] GC(537) User=0.23s Sys=0.00s Real=0.12s
[231.711s][info][gc             ] GC(538) Concurrent Mark Cycle
[231.711s][info][gc,marking     ] GC(538) Concurrent Scan Root Regions
[231.992s][info][gc,marking     ] GC(538) Concurrent Scan Root Regions 280.525ms
[231.992s][info][gc,marking     ] GC(538) Concurrent Mark
[231.992s][info][gc,marking     ] GC(538) Concurrent Mark From Roots
[231.992s][info][gc,task        ] GC(538) Using 1 workers of 1 for marking
[232.194s][info][gc,start       ] GC(539) Pause Young (Normal) (G1 Evacuation Pause)
[232.194s][info][gc,task        ] GC(539) Using 2 workers of 2 for evacuation
[232.337s][info][gc,phases      ] GC(539)   Pre Evacuate Collection Set: 0.34ms
[232.337s][info][gc,phases      ] GC(539)   Merge Heap Roots: 0.54ms
[232.337s][info][gc,phases      ] GC(539)   Evacuate Collection Set: 129.23ms
[232.337s][info][gc,phases      ] GC(539)   Post Evacuate Collection Set: 12.06ms
[232.337s][info][gc,phases      ] GC(539)   Other: 0.09ms
[232.337s][info][gc,heap        ] GC(539) Eden regions: 312->0(167)
[232.337s][info][gc,heap        ] GC(539) Survivor regions: 14->41(41)
[232.337s][info][gc,heap        ] GC(539) Old regions: 556->674
[232.337s][info][gc,heap        ] GC(539) Humongous regions: 5->5
[232.337s][info][gc,metaspace   ] GC(539) Metaspace: 18720K(18944K)->18720K(18944K) NonClass: 16057K(16192K)->16057K(16192K) Class: 2663K(2752K)->2663K(2752K)
[232.337s][info][gc             ] GC(539) Pause Young (Normal) (G1 Evacuation Pause) (Evacuation Failure: Allocation) 886M->719M(978M) 142.526ms
[232.337s][info][gc,cpu         ] GC(539) User=0.28s Sys=0.00s Real=0.14s
[232.601s][info][gc,start       ] GC(540) Pause Young (Normal) (G1 Evacuation Pause)
[232.602s][info][gc,task        ] GC(540) Using 2 workers of 2 for evacuation
[232.756s][info][gc,phases      ] GC(540)   Pre Evacuate Collection Set: 0.38ms
[232.757s][info][gc,phases      ] GC(540)   Merge Heap Roots: 0.57ms
[232.757s][info][gc,phases      ] GC(540)   Evacuate Collection Set: 140.81ms
[232.757s][info][gc,phases      ] GC(540)   Post Evacuate Collection Set: 13.06ms
[232.757s][info][gc,phases      ] GC(540)   Other: 0.08ms
[232.757s][info][gc,heap        ] GC(540) Eden regions: 167->0(87)
[232.757s][info][gc,heap        ] GC(540) Survivor regions: 41->26(26)
[232.757s][info][gc,heap        ] GC(540) Old regions: 674->784
[232.757s][info][gc,heap        ] GC(540) Humongous regions: 5->5
[232.757s][info][gc,metaspace   ] GC(540) Metaspace: 18720K(18944K)->18720K(18944K) NonClass: 16057K(16192K)->16057K(16192K) Class: 2663K(2752K)->2663K(2752K)
[232.757s][info][gc             ] GC(540) Pause Young (Normal) (G1 Evacuation Pause) (Evacuation Failure: Allocation) 886M->814M(978M) 155.154ms
[232.757s][info][gc,cpu         ] GC(540) User=0.30s Sys=0.00s Real=0.15s
[232.866s][info][gc,start       ] GC(541) Pause Young (Normal) (G1 Evacuation Pause)
[232.866s][info][gc,task        ] GC(541) Using 2 workers of 2 for evacuation
[232.969s][info][gc,phases      ] GC(541)   Pre Evacuate Collection Set: 0.59ms
[232.969s][info][gc,phases      ] GC(541)   Merge Heap Roots: 0.64ms
[232.969s][info][gc,phases      ] GC(541)   Evacuate Collection Set: 96.30ms
[232.969s][info][gc,phases      ] GC(541)   Post Evacuate Collection Set: 5.19ms
[232.969s][info][gc,phases      ] GC(541)   Other: 0.08ms
[232.969s][info][gc,heap        ] GC(541) Eden regions: 87->0(164)
[232.969s][info][gc,heap        ] GC(541) Survivor regions: 26->10(15)
[232.969s][info][gc,heap        ] GC(541) Old regions: 784->713
[232.969s][info][gc,heap        ] GC(541) Humongous regions: 5->5
[232.969s][info][gc,metaspace   ] GC(541) Metaspace: 18720K(18944K)->18720K(18944K) NonClass: 16057K(16192K)->16057K(16192K) Class: 2663K(2752K)->2663K(2752K)
[232.969s][info][gc             ] GC(541) Pause Young (Normal) (G1 Evacuation Pause) (Evacuation Failure: Allocation) 901M->727M(978M) 103.072ms
[232.969s][info][gc,cpu         ] GC(541) User=0.20s Sys=0.00s Real=0.10s
[233.099s][info][gc,marking     ] GC(538) Concurrent Mark From Roots 1107.159ms
[233.099s][info][gc,marking     ] GC(538) Concurrent Preclean
[233.099s][info][gc,marking     ] GC(538) Concurrent Preclean 0.059ms
[233.099s][info][gc,start       ] GC(538) Pause Remark
[233.107s][info][gc             ] GC(538) Pause Remark 797M->754M(978M) 7.399ms
[233.107s][info][gc,cpu         ] GC(538) User=0.02s Sys=0.00s Real=0.01s
[233.107s][info][gc,marking     ] GC(538) Concurrent Mark 1114.907ms
[233.107s][info][gc,marking     ] GC(538) Concurrent Rebuild Remembered Sets and Scrub Regions
[233.266s][info][gc,start       ] GC(542) Pause Young (Normal) (G1 Evacuation Pause)
[233.266s][info][gc,task        ] GC(542) Using 2 workers of 2 for evacuation
[233.370s][info][gc,phases      ] GC(542)   Pre Evacuate Collection Set: 0.50ms
[233.370s][info][gc,phases      ] GC(542)   Merge Heap Roots: 0.56ms
[233.370s][info][gc,phases      ] GC(542)   Evacuate Collection Set: 102.01ms
[233.370s][info][gc,phases      ] GC(542)   Post Evacuate Collection Set: 0.81ms
[233.370s][info][gc,phases      ] GC(542)   Other: 0.10ms
[233.370s][info][gc,heap        ] GC(542) Eden regions: 164->0(164)
[233.370s][info][gc,heap        ] GC(542) Survivor regions: 10->22(22)
[233.370s][info][gc,heap        ] GC(542) Old regions: 671->672
[233.370s][info][gc,heap        ] GC(542) Humongous regions: 7->7
[233.370s][info][gc,metaspace   ] GC(542) Metaspace: 18720K(18944K)->18720K(18944K) NonClass: 16057K(16192K)->16057K(16192K) Class: 2663K(2752K)->2663K(2752K)
[233.370s][info][gc             ] GC(542) Pause Young (Normal) (G1 Evacuation Pause) 851M->700M(978M) 104.226ms
[233.370s][info][gc,cpu         ] GC(542) User=0.21s Sys=0.00s Real=0.10s
[233.586s][info][gc,start       ] GC(543) Pause Young (Normal) (G1 Evacuation Pause)
[233.586s][info][gc,task        ] GC(543) Using 2 workers of 2 for evacuation
[233.658s][info][gc,phases      ] GC(543)   Pre Evacuate Collection Set: 1.05ms
[233.658s][info][gc,phases      ] GC(543)   Merge Heap Roots: 0.65ms
[233.658s][info][gc,phases      ] GC(543)   Evacuate Collection Set: 70.21ms
[233.658s][info][gc,phases      ] GC(543)   Post Evacuate Collection Set: 0.43ms
[233.658s][info][gc,phases      ] GC(543)   Other: 0.08ms
[233.658s][info][gc,heap        ] GC(543) Eden regions: 164->0(157)
[233.658s][info][gc,heap        ] GC(543) Survivor regions: 22->22(24)
[233.658s][info][gc,heap        ] GC(543) Old regions: 672->695
[233.658s][info][gc,heap        ] GC(543) Humongous regions: 7->7
[233.658s][info][gc,metaspace   ] GC(543) Metaspace: 18720K(18944K)->18720K(18944K) NonClass: 16057K(16192K)->16057K(16192K) Class: 2663K(2752K)->2663K(2752K)
[233.658s][info][gc             ] GC(543) Pause Young (Normal) (G1 Evacuation Pause) 864M->723M(978M) 72.681ms
[233.658s][info][gc,cpu         ] GC(543) User=0.14s Sys=0.00s Real=0.07s
[233.830s][info][gc,start       ] GC(544) Pause Young (Normal) (G1 Evacuation Pause)
[233.830s][info][gc,task        ] GC(544) Using 2 workers of 2 for evacuation
[233.885s][info][gc,phases      ] GC(544)   Pre Evacuate Collection Set: 0.28ms
[233.885s][info][gc,phases      ] GC(544)   Merge Heap Roots: 0.40ms
[233.885s][info][gc,phases      ] GC(544)   Evacuate Collection Set: 53.73ms
[233.885s][info][gc,phases      ] GC(544)   Post Evacuate Collection Set: 0.50ms
[233.885s][info][gc,phases      ] GC(544)   Other: 0.09ms
[233.885s][info][gc,heap        ] GC(544) Eden regions: 157->0(151)
[233.885s][info][gc,heap        ] GC(544) Survivor regions: 22->16(23)
[233.885s][info][gc,heap        ] GC(544) Old regions: 695->716
[233.885s][info][gc,heap        ] GC(544) Humongous regions: 10->10
[233.885s][info][gc,metaspace   ] GC(544) Metaspace: 18720K(18944K)->18720K(18944K) NonClass: 16057K(16192K)->16057K(16192K) Class: 2663K(2752K)->2663K(2752K)
[233.885s][info][gc             ] GC(544) Pause Young (Normal) (G1 Evacuation Pause) 883M->741M(978M) 55.222ms
[233.885s][info][gc,cpu         ] GC(544) User=0.11s Sys=0.00s Real=0.06s
[233.911s][info][gc,marking     ] GC(538) Concurrent Rebuild Remembered Sets and Scrub Regions 803.918ms
[233.911s][info][gc,start       ] GC(538) Pause Cleanup
[233.911s][info][gc             ] GC(538) Pause Cleanup 760M->760M(978M) 0.111ms
[233.911s][info][gc,cpu         ] GC(538) User=0.00s Sys=0.00s Real=0.00s
[233.911s][info][gc,marking     ] GC(538) Concurrent Clear Claimed Marks
[233.911s][info][gc,marking     ] GC(538) Concurrent Clear Claimed Marks 0.029ms
[233.911s][info][gc,marking     ] GC(538) Concurrent Cleanup for Next Mark
[233.918s][info][gc,marking     ] GC(538) Concurrent Cleanup for Next Mark 7.377ms
[233.918s][info][gc             ] GC(538) Concurrent Mark Cycle 2207.375ms
[234.025s][info][gc,start       ] GC(545) Pause Young (Prepare Mixed) (G1 Evacuation Pause)
[234.025s][info][gc,task        ] GC(545) Using 2 workers of 2 for evacuation
[234.076s][info][gc,phases      ] GC(545)   Pre Evacuate Collection Set: 0.49ms
[234.076s][info][gc,phases      ] GC(545)   Merge Heap Roots: 0.38ms
[234.076s][info][gc,phases      ] GC(545)   Evacuate Collection Set: 50.00ms
[234.076s][info][gc,phases      ] GC(545)   Post Evacuate Collection Set: 0.46ms
[234.076s][info][gc,phases      ] GC(545)   Other: 0.09ms
[234.076s][info][gc,heap        ] GC(545) Eden regions: 151->0(147)
[234.076s][info][gc,heap        ] GC(545) Survivor regions: 16->15(21)
[234.076s][info][gc,heap        ] GC(545) Old regions: 716->732
[234.076s][info][gc,heap        ] GC(545) Humongous regions: 10->10
[234.076s][info][gc,metaspace   ] GC(545) Metaspace: 18720K(18944K)->18720K(18944K) NonClass: 16057K(16192K)->16057K(16192K) Class: 2663K(2752K)->2663K(2752K)
[234.076s][info][gc             ] GC(545) Pause Young (Prepare Mixed) (G1 Evacuation Pause) 892M->756M(978M) 51.637ms
[234.076s][info][gc,cpu         ] GC(545) User=0.10s Sys=0.00s Real=0.05s
[234.190s][info][gc,start       ] GC(546) Pause Young (Mixed) (G1 Evacuation Pause)
[234.190s][info][gc,task        ] GC(546) Using 2 workers of 2 for evacuation
[234.244s][info][gc,phases      ] GC(546)   Pre Evacuate Collection Set: 0.31ms
[234.244s][info][gc,phases      ] GC(546)   Merge Heap Roots: 0.43ms
[234.244s][info][gc,phases      ] GC(546)   Evacuate Collection Set: 53.13ms
[234.244s][info][gc,phases      ] GC(546)   Post Evacuate Collection Set: 0.49ms
[234.244s][info][gc,phases      ] GC(546)   Other: 0.11ms
[234.244s][info][gc,heap        ] GC(546) Eden regions: 147->0(159)
[234.244s][info][gc,heap        ] GC(546) Survivor regions: 15->19(21)
[234.244s][info][gc,heap        ] GC(546) Old regions: 732->708
[234.244s][info][gc,heap        ] GC(546) Humongous regions: 10->10
[234.244s][info][gc,metaspace   ] GC(546) Metaspace: 18720K(18944K)->18720K(18944K) NonClass: 16057K(16192K)->16057K(16192K) Class: 2663K(2752K)->2663K(2752K)
[234.245s][info][gc             ] GC(546) Pause Young (Mixed) (G1 Evacuation Pause) 903M->736M(978M) 54.727ms
[234.245s][info][gc,cpu         ] GC(546) User=0.11s Sys=0.00s Real=0.06s
[234.363s][info][gc,start       ] GC(547) Pause Young (Concurrent Start) (G1 Evacuation Pause)
[234.363s][info][gc,task        ] GC(547) Using 2 workers of 2 for evacuation
[234.399s][info][gc,phases      ] GC(547)   Pre Evacuate Collection Set: 0.33ms
[234.399s][info][gc,phases      ] GC(547)   Merge Heap Roots: 0.19ms
[234.399s][info][gc,phases      ] GC(547)   Evacuate Collection Set: 35.21ms
[234.399s][info][gc,phases      ] GC(547)   Post Evacuate Collection Set: 0.39ms
[234.399s][info][gc,phases      ] GC(547)   Other: 0.12ms
[234.399s][info][gc,heap        ] GC(547) Eden regions: 159->0(156)
[234.399s][info][gc,heap        ] GC(547) Survivor regions: 19->15(23)
[234.399s][info][gc,heap        ] GC(547) Old regions: 708->727
[234.399s][info][gc,heap        ] GC(547) Humongous regions: 10->10
[234.399s][info][gc,metaspace   ] GC(547) Metaspace: 18722K(18944K)->18722K(18944K) NonClass: 16059K(16192K)->16059K(16192K) Class: 2663K(2752K)->2663K(2752K)
[234.399s][info][gc             ] GC(547) Pause Young (Concurrent Start) (G1 Evacuation Pause) 895M->750M(978M) 36.489ms
[234.399s][info][gc,cpu         ] GC(547) User=0.07s Sys=0.00s Real=0.03s
[234.399s][info][gc             ] GC(548) Concurrent Mark Cycle
[234.401s][info][gc,marking     ] GC(548) Concurrent Scan Root Regions
[234.465s][info][gc,marking     ] GC(548) Concurrent Scan Root Regions 63.698ms
[234.465s][info][gc,marking     ] GC(548) Concurrent Mark
[234.465s][info][gc,marking     ] GC(548) Concurrent Mark From Roots
[234.465s][info][gc,task        ] GC(548) Using 1 workers of 1 for marking
[234.632s][info][gc,start       ] GC(549) Pause Young (Normal) (G1 Evacuation Pause)
[234.632s][info][gc,task        ] GC(549) Using 2 workers of 2 for evacuation
[234.669s][info][gc,phases      ] GC(549)   Pre Evacuate Collection Set: 0.29ms
[234.669s][info][gc,phases      ] GC(549)   Merge Heap Roots: 0.28ms
[234.669s][info][gc,phases      ] GC(549)   Evacuate Collection Set: 35.70ms
[234.669s][info][gc,phases      ] GC(549)   Post Evacuate Collection Set: 0.37ms
[234.669s][info][gc,phases      ] GC(549)   Other: 0.09ms
[234.669s][info][gc,heap        ] GC(549) Eden regions: 156->0(147)
[234.669s][info][gc,heap        ] GC(549) Survivor regions: 15->15(22)
[234.669s][info][gc,heap        ] GC(549) Old regions: 727->741
[234.669s][info][gc,heap        ] GC(549) Humongous regions: 10->10
[234.669s][info][gc,metaspace   ] GC(549) Metaspace: 18722K(18944K)->18722K(18944K) NonClass: 16059K(16192K)->16059K(16192K) Class: 2663K(2752K)->2663K(2752K)
[234.669s][info][gc             ] GC(549) Pause Young (Normal) (G1 Evacuation Pause) 906M->765M(978M) 36.984ms
[234.669s][info][gc,cpu         ] GC(549) User=0.07s Sys=0.00s Real=0.03s
[234.940s][info][gc,start       ] GC(550) Pause Young (Normal) (G1 Evacuation Pause)
[234.940s][info][gc,task        ] GC(550) Using 2 workers of 2 for evacuation
[234.967s][info][gc,phases      ] GC(550)   Pre Evacuate Collection Set: 0.30ms
[234.967s][info][gc,phases      ] GC(550)   Merge Heap Roots: 0.23ms
[234.967s][info][gc,phases      ] GC(550)   Evacuate Collection Set: 26.48ms
[234.967s][info][gc,phases      ] GC(550)   Post Evacuate Collection Set: 0.35ms
[234.967s][info][gc,phases      ] GC(550)   Other: 0.10ms
[234.967s][info][gc,heap        ] GC(550) Eden regions: 147->0(148)
[234.967s][info][gc,heap        ] GC(550) Survivor regions: 15->7(21)
[234.967s][info][gc,heap        ] GC(550) Old regions: 741->756
[234.967s][info][gc,heap        ] GC(550) Humongous regions: 10->10
[234.967s][info][gc,metaspace   ] GC(550) Metaspace: 18722K(18944K)->18722K(18944K) NonClass: 16059K(16192K)->16059K(16192K) Class: 2663K(2752K)->2663K(2752K)
[234.967s][info][gc             ] GC(550) Pause Young (Normal) (G1 Evacuation Pause) 912M->772M(978M) 27.753ms
[234.967s][info][gc,cpu         ] GC(550) User=0.06s Sys=0.00s Real=0.03s
[235.238s][info][gc,marking     ] GC(548) Concurrent Mark From Roots 772.503ms
[235.238s][info][gc,marking     ] GC(548) Concurrent Preclean
[235.238s][info][gc,marking     ] GC(548) Concurrent Preclean 0.046ms
[235.238s][info][gc,start       ] GC(548) Pause Remark
[235.245s][info][gc             ] GC(548) Pause Remark 891M->548M(978M) 7.589ms
[235.246s][info][gc,cpu         ] GC(548) User=0.01s Sys=0.00s Real=0.01s
[235.246s][info][gc,marking     ] GC(548) Concurrent Mark 780.454ms
[235.246s][info][gc,marking     ] GC(548) Concurrent Rebuild Remembered Sets and Scrub Regions
[235.356s][info][gc,start       ] GC(551) Pause Young (Normal) (G1 Evacuation Pause)
[235.356s][info][gc,task        ] GC(551) Using 2 workers of 2 for evacuation
[235.387s][info][gc,phases      ] GC(551)   Pre Evacuate Collection Set: 0.49ms
[235.387s][info][gc,phases      ] GC(551)   Merge Heap Roots: 0.32ms
[235.387s][info][gc,phases      ] GC(551)   Evacuate Collection Set: 29.60ms
[235.387s][info][gc,phases      ] GC(551)   Post Evacuate Collection Set: 0.38ms
[235.387s][info][gc,phases      ] GC(551)   Other: 0.10ms
[235.387s][info][gc,heap        ] GC(551) Eden regions: 148->0(333)
[235.387s][info][gc,heap        ] GC(551) Survivor regions: 7->20(20)
[235.387s][info][gc,heap        ] GC(551) Old regions: 419->424
[235.387s][info][gc,heap        ] GC(551) Humongous regions: 4->4
[235.387s][info][gc,metaspace   ] GC(551) Metaspace: 18722K(18944K)->18722K(18944K) NonClass: 16059K(16192K)->16059K(16192K) Class: 2663K(2752K)->2663K(2752K)
[235.387s][info][gc             ] GC(551) Pause Young (Normal) (G1 Evacuation Pause) 577M->447M(978M) 31.218ms
[235.387s][info][gc,cpu         ] GC(551) User=0.06s Sys=0.00s Real=0.03s
[235.537s][info][gc,marking     ] GC(548) Concurrent Rebuild Remembered Sets and Scrub Regions 291.905ms
[235.538s][info][gc,start       ] GC(548) Pause Cleanup
[235.538s][info][gc             ] GC(548) Pause Cleanup 470M->470M(978M) 0.128ms
[235.538s][info][gc,cpu         ] GC(548) User=0.00s Sys=0.00s Real=0.00s
[235.538s][info][gc,marking     ] GC(548) Concurrent Clear Claimed Marks
[235.538s][info][gc,marking     ] GC(548) Concurrent Clear Claimed Marks 0.028ms
[235.538s][info][gc,marking     ] GC(548) Concurrent Cleanup for Next Mark
[235.541s][info][gc,marking     ] GC(548) Concurrent Cleanup for Next Mark 2.897ms
[235.541s][info][gc             ] GC(548) Concurrent Mark Cycle 1141.387ms
[236.288s][info][gc,start       ] GC(552) Pause Young (Prepare Mixed) (G1 Evacuation Pause)
[236.288s][info][gc,task        ] GC(552) Using 2 workers of 2 for evacuation
[236.311s][info][gc,phases      ] GC(552)   Pre Evacuate Collection Set: 0.52ms
[236.311s][info][gc,phases      ] GC(552)   Merge Heap Roots: 0.28ms
[236.311s][info][gc,phases      ] GC(552)   Evacuate Collection Set: 21.96ms
[236.311s][info][gc,phases      ] GC(552)   Post Evacuate Collection Set: 0.56ms
[236.311s][info][gc,phases      ] GC(552)   Other: 0.09ms
[236.311s][info][gc,heap        ] GC(552) Eden regions: 333->0(359)
[236.311s][info][gc,heap        ] GC(552) Survivor regions: 20->21(45)
[236.311s][info][gc,heap        ] GC(552) Old regions: 424->424
[236.311s][info][gc,heap        ] GC(552) Humongous regions: 4->4
[236.311s][info][gc,metaspace   ] GC(552) Metaspace: 18722K(18944K)->18722K(18944K) NonClass: 16059K(16192K)->16059K(16192K) Class: 2663K(2752K)->2663K(2752K)
[236.311s][info][gc             ] GC(552) Pause Young (Prepare Mixed) (G1 Evacuation Pause) 780M->447M(978M) 23.651ms
[236.311s][info][gc,cpu         ] GC(552) User=0.05s Sys=0.00s Real=0.03s
[236.977s][info][gc,start       ] GC(553) Pause Young (Mixed) (G1 Evacuation Pause)
[236.977s][info][gc,task        ] GC(553) Using 2 workers of 2 for evacuation
[237.048s][info][gc,phases      ] GC(553)   Pre Evacuate Collection Set: 0.36ms
[237.048s][info][gc,phases      ] GC(553)   Merge Heap Roots: 0.68ms
[237.048s][info][gc,phases      ] GC(553)   Evacuate Collection Set: 68.54ms
[237.048s][info][gc,phases      ] GC(553)   Post Evacuate Collection Set: 0.74ms
[237.048s][info][gc,phases      ] GC(553)   Other: 0.09ms
[237.048s][info][gc,heap        ] GC(553) Eden regions: 359->0(399)
[237.048s][info][gc,heap        ] GC(553) Survivor regions: 21->48(48)
[237.048s][info][gc,heap        ] GC(553) Old regions: 424->339
[237.048s][info][gc,heap        ] GC(553) Humongous regions: 4->4
[237.048s][info][gc,metaspace   ] GC(553) Metaspace: 18723K(18944K)->18723K(18944K) NonClass: 16060K(16192K)->16060K(16192K) Class: 2663K(2752K)->2663K(2752K)
[237.048s][info][gc             ] GC(553) Pause Young (Mixed) (G1 Evacuation Pause) 806M->390M(978M) 70.670ms
[237.048s][info][gc,cpu         ] GC(553) User=0.14s Sys=0.00s Real=0.07s
[237.400s][info][gc,start       ] GC(554) Pause Young (Concurrent Start) (G1 Evacuation Pause)
[237.400s][info][gc,task        ] GC(554) Using 2 workers of 2 for evacuation
[237.515s][info][gc,phases      ] GC(554)   Pre Evacuate Collection Set: 0.27ms
[237.515s][info][gc,phases      ] GC(554)   Merge Heap Roots: 0.22ms
[237.515s][info][gc,phases      ] GC(554)   Evacuate Collection Set: 112.96ms
[237.515s][info][gc,phases      ] GC(554)   Post Evacuate Collection Set: 0.84ms
[237.515s][info][gc,phases      ] GC(554)   Other: 0.12ms
[237.515s][info][gc,heap        ] GC(554) Eden regions: 399->0(347)
[237.515s][info][gc,heap        ] GC(554) Survivor regions: 48->56(56)
[237.515s][info][gc,heap        ] GC(554) Old regions: 339->407
[237.515s][info][gc,heap        ] GC(554) Humongous regions: 4->4
[237.515s][info][gc,metaspace   ] GC(554) Metaspace: 18724K(18944K)->18724K(18944K) NonClass: 16061K(16192K)->16061K(16192K) Class: 2663K(2752K)->2663K(2752K)
[237.515s][info][gc             ] GC(554) Pause Young (Concurrent Start) (G1 Evacuation Pause) 789M->466M(978M) 114.661ms
[237.515s][info][gc             ] GC(555) Concurrent Mark Cycle
[237.515s][info][gc,marking     ] GC(555) Concurrent Scan Root Regions
[237.515s][info][gc,cpu         ] GC(554) User=0.22s Sys=0.00s Real=0.12s
[237.656s][info][gc,marking     ] GC(555) Concurrent Scan Root Regions 141.111ms
[237.656s][info][gc,marking     ] GC(555) Concurrent Mark
[237.656s][info][gc,marking     ] GC(555) Concurrent Mark From Roots
[237.656s][info][gc,task        ] GC(555) Using 1 workers of 1 for marking
[237.952s][info][gc,start       ] GC(556) Pause Young (Normal) (G1 Evacuation Pause)
[237.953s][info][gc,task        ] GC(556) Using 2 workers of 2 for evacuation
[238.066s][info][gc,phases      ] GC(556)   Pre Evacuate Collection Set: 0.31ms
[238.066s][info][gc,phases      ] GC(556)   Merge Heap Roots: 0.45ms
[238.066s][info][gc,phases      ] GC(556)   Evacuate Collection Set: 111.60ms
[238.066s][info][gc,phases      ] GC(556)   Post Evacuate Collection Set: 0.66ms
[238.066s][info][gc,phases      ] GC(556)   Other: 0.09ms
[238.066s][info][gc,heap        ] GC(556) Eden regions: 347->0(318)
[238.066s][info][gc,heap        ] GC(556) Survivor regions: 56->48(51)
[238.066s][info][gc,heap        ] GC(556) Old regions: 407->464
[238.066s][info][gc,heap        ] GC(556) Humongous regions: 7->7
[238.066s][info][gc,metaspace   ] GC(556) Metaspace: 18724K(18944K)->18724K(18944K) NonClass: 16061K(16192K)->16061K(16192K) Class: 2663K(2752K)->2663K(2752K)
[238.066s][info][gc             ] GC(556) Pause Young (Normal) (G1 Evacuation Pause) 816M->517M(978M) 113.368ms
[238.066s][info][gc,cpu         ] GC(556) User=0.22s Sys=0.00s Real=0.11s
[238.453s][info][gc,start       ] GC(557) Pause Young (Normal) (G1 Evacuation Pause)
[238.453s][info][gc,task        ] GC(557) Using 2 workers of 2 for evacuation
[238.554s][info][gc,phases      ] GC(557)   Pre Evacuate Collection Set: 0.51ms
[238.554s][info][gc,phases      ] GC(557)   Merge Heap Roots: 0.20ms
[238.554s][info][gc,phases      ] GC(557)   Evacuate Collection Set: 99.39ms
[238.554s][info][gc,phases      ] GC(557)   Post Evacuate Collection Set: 0.58ms
[238.554s][info][gc,phases      ] GC(557)   Other: 0.13ms
[238.554s][info][gc,heap        ] GC(557) Eden regions: 318->0(297)
[238.554s][info][gc,heap        ] GC(557) Survivor regions: 48->41(46)
[238.554s][info][gc,heap        ] GC(557) Old regions: 464->511
[238.554s][info][gc,heap        ] GC(557) Humongous regions: 8->8
[238.554s][info][gc,metaspace   ] GC(557) Metaspace: 18724K(18944K)->18724K(18944K) NonClass: 16061K(16192K)->16061K(16192K) Class: 2663K(2752K)->2663K(2752K)
[238.554s][info][gc             ] GC(557) Pause Young (Normal) (G1 Evacuation Pause) 836M->559M(978M) 101.076ms
[238.554s][info][gc,cpu         ] GC(557) User=0.20s Sys=0.00s Real=0.10s
[238.730s][info][gc,marking     ] GC(555) Concurrent Mark From Roots 1074.070ms
[238.730s][info][gc,marking     ] GC(555) Concurrent Preclean
[238.730s][info][gc,marking     ] GC(555) Concurrent Preclean 0.038ms
[238.730s][info][gc,start       ] GC(555) Pause Remark
[238.738s][info][gc             ] GC(555) Pause Remark 698M->682M(978M) 7.327ms
[238.738s][info][gc,cpu         ] GC(555) User=0.02s Sys=0.00s Real=0.01s
[238.738s][info][gc,marking     ] GC(555) Concurrent Mark 1082.458ms
[238.738s][info][gc,marking     ] GC(555) Concurrent Rebuild Remembered Sets and Scrub Regions
[238.948s][info][gc,start       ] GC(558) Pause Young (Normal) (G1 Evacuation Pause)
[238.948s][info][gc,task        ] GC(558) Using 2 workers of 2 for evacuation
[239.012s][info][gc,phases      ] GC(558)   Pre Evacuate Collection Set: 0.31ms
[239.012s][info][gc,phases      ] GC(558)   Merge Heap Roots: 0.37ms
[239.012s][info][gc,phases      ] GC(558)   Evacuate Collection Set: 62.94ms
[239.012s][info][gc,phases      ] GC(558)   Post Evacuate Collection Set: 0.55ms
[239.012s][info][gc,phases      ] GC(558)   Other: 0.13ms
[239.012s][info][gc,heap        ] GC(558) Eden regions: 297->0(305)
[239.012s][info][gc,heap        ] GC(558) Survivor regions: 41->16(43)
[239.012s][info][gc,heap        ] GC(558) Old regions: 495->536
[239.012s][info][gc,heap        ] GC(558) Humongous regions: 8->8
[239.013s][info][gc,metaspace   ] GC(558) Metaspace: 18724K(18944K)->18724K(18944K) NonClass: 16061K(16192K)->16061K(16192K) Class: 2663K(2752K)->2663K(2752K)
[239.013s][info][gc             ] GC(558) Pause Young (Normal) (G1 Evacuation Pause) 840M->558M(978M) 64.559ms
[239.013s][info][gc,cpu         ] GC(558) User=0.13s Sys=0.00s Real=0.07s
[239.303s][info][gc,marking     ] GC(555) Concurrent Rebuild Remembered Sets and Scrub Regions 564.719ms
[239.303s][info][gc,start       ] GC(555) Pause Cleanup
[239.303s][info][gc             ] GC(555) Pause Cleanup 715M->715M(978M) 0.125ms
[239.303s][info][gc,cpu         ] GC(555) User=0.00s Sys=0.00s Real=0.00s
[239.304s][info][gc,marking     ] GC(555) Concurrent Clear Claimed Marks
[239.304s][info][gc,marking     ] GC(555) Concurrent Clear Claimed Marks 0.038ms
[239.304s][info][gc,marking     ] GC(555) Concurrent Cleanup for Next Mark
[239.308s][info][gc,marking     ] GC(555) Concurrent Cleanup for Next Mark 4.895ms
[239.309s][info][gc             ] GC(555) Concurrent Mark Cycle 1793.821ms
[239.632s][info][gc,start       ] GC(559) Pause Young (Prepare Mixed) (G1 Evacuation Pause)
[239.632s][info][gc,task        ] GC(559) Using 2 workers of 2 for evacuation
[239.691s][info][gc,phases      ] GC(559)   Pre Evacuate Collection Set: 0.49ms
[239.691s][info][gc,phases      ] GC(559)   Merge Heap Roots: 0.48ms
[239.691s][info][gc,phases      ] GC(559)   Evacuate Collection Set: 57.45ms
[239.691s][info][gc,phases      ] GC(559)   Post Evacuate Collection Set: 0.61ms
[239.691s][info][gc,phases      ] GC(559)   Other: 0.08ms
[239.691s][info][gc,heap        ] GC(559) Eden regions: 305->0(287)
[239.691s][info][gc,heap        ] GC(559) Survivor regions: 16->41(41)
[239.691s][info][gc,heap        ] GC(559) Old regions: 536->542
[239.691s][info][gc,heap        ] GC(559) Humongous regions: 8->8
[239.691s][info][gc,metaspace   ] GC(559) Metaspace: 18736K(18944K)->18736K(18944K) NonClass: 16073K(16192K)->16073K(16192K) Class: 2663K(2752K)->2663K(2752K)
[239.691s][info][gc             ] GC(559) Pause Young (Prepare Mixed) (G1 Evacuation Pause) 863M->590M(978M) 59.321ms
[239.691s][info][gc,cpu         ] GC(559) User=0.12s Sys=0.00s Real=0.06s
[240.008s][info][gc,start       ] GC(560) Pause Young (Mixed) (G1 Evacuation Pause)
[240.008s][info][gc,task        ] GC(560) Using 2 workers of 2 for evacuation
[240.111s][info][gc,phases      ] GC(560)   Pre Evacuate Collection Set: 0.53ms
[240.111s][info][gc,phases      ] GC(560)   Merge Heap Roots: 0.50ms
[240.111s][info][gc,phases      ] GC(560)   Evacuate Collection Set: 101.41ms
[240.111s][info][gc,phases      ] GC(560)   Post Evacuate Collection Set: 0.79ms
[240.111s][info][gc,phases      ] GC(560)   Other: 0.08ms
[240.111s][info][gc,heap        ] GC(560) Eden regions: 287->0(239)
[240.111s][info][gc,heap        ] GC(560) Survivor regions: 41->41(41)
[240.111s][info][gc,heap        ] GC(560) Old regions: 542->586
[240.111s][info][gc,heap        ] GC(560) Humongous regions: 8->8
[240.111s][info][gc,metaspace   ] GC(560) Metaspace: 18741K(18944K)->18741K(18944K) NonClass: 16078K(16192K)->16078K(16192K) Class: 2663K(2752K)->2663K(2752K)
[240.111s][info][gc             ] GC(560) Pause Young (Mixed) (G1 Evacuation Pause) 877M->634M(978M) 103.530ms
[240.111s][info][gc,cpu         ] GC(560) User=0.20s Sys=0.00s Real=0.11s
[240.427s][info][gc,start       ] GC(561) Pause Young (Concurrent Start) (G1 Evacuation Pause)
[240.427s][info][gc,task        ] GC(561) Using 2 workers of 2 for evacuation
[240.495s][info][gc,phases      ] GC(561)   Pre Evacuate Collection Set: 0.36ms
[240.495s][info][gc,phases      ] GC(561)   Merge Heap Roots: 0.26ms
[240.495s][info][gc,phases      ] GC(561)   Evacuate Collection Set: 66.61ms
[240.495s][info][gc,phases      ] GC(561)   Post Evacuate Collection Set: 0.59ms
[240.495s][info][gc,phases      ] GC(561)   Other: 0.20ms
[240.495s][info][gc,heap        ] GC(561) Eden regions: 239->0(216)
[240.495s][info][gc,heap        ] GC(561) Survivor regions: 41->33(35)
[240.495s][info][gc,heap        ] GC(561) Old regions: 586->627
[240.495s][info][gc,heap        ] GC(561) Humongous regions: 8->8
[240.495s][info][gc,metaspace   ] GC(561) Metaspace: 18741K(18944K)->18741K(18944K) NonClass: 16078K(16192K)->16078K(16192K) Class: 2663K(2752K)->2663K(2752K)
[240.495s][info][gc             ] GC(561) Pause Young (Concurrent Start) (G1 Evacuation Pause) 873M->667M(978M) 68.269ms
[240.495s][info][gc             ] GC(562) Concurrent Mark Cycle
[240.495s][info][gc,marking     ] GC(562) Concurrent Scan Root Regions
[240.495s][info][gc,cpu         ] GC(561) User=0.13s Sys=0.00s Real=0.07s
[240.573s][info][gc,marking     ] GC(562) Concurrent Scan Root Regions 77.453ms
[240.573s][info][gc,marking     ] GC(562) Concurrent Mark
[240.573s][info][gc,marking     ] GC(562) Concurrent Mark From Roots
[240.573s][info][gc,task        ] GC(562) Using 1 workers of 1 for marking
[240.941s][info][gc,start       ] GC(563) Pause Young (Normal) (G1 Evacuation Pause)
[240.941s][info][gc,task        ] GC(563) Using 2 workers of 2 for evacuation
[241.036s][info][gc,phases      ] GC(563)   Pre Evacuate Collection Set: 0.51ms
[241.036s][info][gc,phases      ] GC(563)   Merge Heap Roots: 0.31ms
[241.036s][info][gc,phases      ] GC(563)   Evacuate Collection Set: 93.42ms
[241.036s][info][gc,phases      ] GC(563)   Post Evacuate Collection Set: 0.49ms
[241.036s][info][gc,phases      ] GC(563)   Other: 0.08ms
[241.036s][info][gc,heap        ] GC(563) Eden regions: 216->0(177)
[241.036s][info][gc,heap        ] GC(563) Survivor regions: 33->32(32)
[241.036s][info][gc,heap        ] GC(563) Old regions: 627->676
[241.036s][info][gc,heap        ] GC(563) Humongous regions: 11->11
[241.036s][info][gc,metaspace   ] GC(563) Metaspace: 18741K(18944K)->18741K(18944K) NonClass: 16078K(16192K)->16078K(16192K) Class: 2663K(2752K)->2663K(2752K)
[241.036s][info][gc             ] GC(563) Pause Young (Normal) (G1 Evacuation Pause) 886M->718M(978M) 95.040ms
[241.036s][info][gc,cpu         ] GC(563) User=0.18s Sys=0.00s Real=0.09s
[241.322s][info][gc,start       ] GC(564) Pause Young (Normal) (G1 Evacuation Pause)
[241.322s][info][gc,task        ] GC(564) Using 2 workers of 2 for evacuation
[241.370s][info][gc,phases      ] GC(564)   Pre Evacuate Collection Set: 0.30ms
[241.370s][info][gc,phases      ] GC(564)   Merge Heap Roots: 0.32ms
[241.370s][info][gc,phases      ] GC(564)   Evacuate Collection Set: 46.49ms
[241.370s][info][gc,phases      ] GC(564)   Post Evacuate Collection Set: 0.41ms
[241.370s][info][gc,phases      ] GC(564)   Other: 0.07ms
[241.370s][info][gc,heap        ] GC(564) Eden regions: 177->0(180)
[241.370s][info][gc,heap        ] GC(564) Survivor regions: 32->7(27)
[241.370s][info][gc,heap        ] GC(564) Old regions: 676->709
[241.370s][info][gc,heap        ] GC(564) Humongous regions: 11->11
[241.370s][info][gc,metaspace   ] GC(564) Metaspace: 18741K(18944K)->18741K(18944K) NonClass: 16078K(16192K)->16078K(16192K) Class: 2663K(2752K)->2663K(2752K)
[241.370s][info][gc             ] GC(564) Pause Young (Normal) (G1 Evacuation Pause) 895M->726M(978M) 47.804ms
[241.370s][info][gc,cpu         ] GC(564) User=0.09s Sys=0.00s Real=0.04s
[241.678s][info][gc,marking     ] GC(562) Concurrent Mark From Roots 1104.983ms
[241.678s][info][gc,marking     ] GC(562) Concurrent Preclean
[241.678s][info][gc,marking     ] GC(562) Concurrent Preclean 0.041ms
[241.679s][info][gc,start       ] GC(562) Pause Remark
[241.686s][info][gc             ] GC(562) Pause Remark 883M->756M(978M) 7.414ms
[241.686s][info][gc,cpu         ] GC(562) User=0.02s Sys=0.00s Real=0.01s
[241.686s][info][gc,marking     ] GC(562) Concurrent Mark 1113.537ms
[241.686s][info][gc,marking     ] GC(562) Concurrent Rebuild Remembered Sets and Scrub Regions
[241.727s][info][gc,start       ] GC(565) Pause Young (Normal) (G1 Evacuation Pause)
[241.727s][info][gc,task        ] GC(565) Using 2 workers of 2 for evacuation
[241.756s][info][gc,phases      ] GC(565)   Pre Evacuate Collection Set: 0.26ms
[241.756s][info][gc,phases      ] GC(565)   Merge Heap Roots: 0.40ms
[241.756s][info][gc,phases      ] GC(565)   Evacuate Collection Set: 26.97ms
[241.756s][info][gc,phases      ] GC(565)   Post Evacuate Collection Set: 0.55ms
[241.756s][info][gc,phases      ] GC(565)   Other: 0.12ms
[241.756s][info][gc,heap        ] GC(565) Eden regions: 180->0(262)
[241.756s][info][gc,heap        ] GC(565) Survivor regions: 7->11(24)
[241.756s][info][gc,heap        ] GC(565) Old regions: 586->586
[241.756s][info][gc,heap        ] GC(565) Humongous regions: 7->7
[241.756s][info][gc,metaspace   ] GC(565) Metaspace: 18745K(18944K)->18745K(18944K) NonClass: 16082K(16192K)->16082K(16192K) Class: 2663K(2752K)->2663K(2752K)
[241.756s][info][gc             ] GC(565) Pause Young (Normal) (G1 Evacuation Pause) 779M->602M(978M) 28.526ms
[241.756s][info][gc,cpu         ] GC(565) User=0.06s Sys=0.00s Real=0.03s
[242.309s][info][gc,start       ] GC(566) Pause Young (Normal) (G1 Evacuation Pause)
[242.309s][info][gc,task        ] GC(566) Using 2 workers of 2 for evacuation
[242.380s][info][gc,phases      ] GC(566)   Pre Evacuate Collection Set: 0.29ms
[242.380s][info][gc,phases      ] GC(566)   Merge Heap Roots: 0.54ms
[242.380s][info][gc,phases      ] GC(566)   Evacuate Collection Set: 68.76ms
[242.380s][info][gc,phases      ] GC(566)   Post Evacuate Collection Set: 0.81ms
[242.380s][info][gc,phases      ] GC(566)   Other: 0.11ms
[242.380s][info][gc,heap        ] GC(566) Eden regions: 262->0(219)
[242.380s][info][gc,heap        ] GC(566) Survivor regions: 11->35(35)
[242.380s][info][gc,heap        ] GC(566) Old regions: 586->608
[242.380s][info][gc,heap        ] GC(566) Humongous regions: 7->7
[242.380s][info][gc,metaspace   ] GC(566) Metaspace: 18751K(18944K)->18751K(18944K) NonClass: 16088K(16192K)->16088K(16192K) Class: 2663K(2752K)->2663K(2752K)
[242.380s][info][gc             ] GC(566) Pause Young (Normal) (G1 Evacuation Pause) 864M->649M(978M) 70.714ms
[242.380s][info][gc,cpu         ] GC(566) User=0.14s Sys=0.00s Real=0.07s
[242.392s][info][gc,marking     ] GC(562) Concurrent Rebuild Remembered Sets and Scrub Regions 705.870ms
[242.392s][info][gc,start       ] GC(562) Pause Cleanup
[242.392s][info][gc             ] GC(562) Pause Cleanup 667M->667M(978M) 0.136ms
[242.392s][info][gc,cpu         ] GC(562) User=0.00s Sys=0.00s Real=0.00s
[242.393s][info][gc,marking     ] GC(562) Concurrent Clear Claimed Marks
[242.393s][info][gc,marking     ] GC(562) Concurrent Clear Claimed Marks 0.038ms
[242.393s][info][gc,marking     ] GC(562) Concurrent Cleanup for Next Mark
[242.399s][info][gc,marking     ] GC(562) Concurrent Cleanup for Next Mark 6.318ms
[242.399s][info][gc             ] GC(562) Concurrent Mark Cycle 1903.982ms
[242.661s][info][gc,start       ] GC(567) Pause Young (Prepare Mixed) (G1 Evacuation Pause)
[242.661s][info][gc,task        ] GC(567) Using 2 workers of 2 for evacuation
[242.763s][info][gc,phases      ] GC(567)   Pre Evacuate Collection Set: 0.50ms
[242.763s][info][gc,phases      ] GC(567)   Merge Heap Roots: 0.59ms
[242.763s][info][gc,phases      ] GC(567)   Evacuate Collection Set: 100.13ms
[242.763s][info][gc,phases      ] GC(567)   Post Evacuate Collection Set: 0.72ms
[242.763s][info][gc,phases      ] GC(567)   Other: 0.10ms
[242.763s][info][gc,heap        ] GC(567) Eden regions: 219->0(174)
[242.763s][info][gc,heap        ] GC(567) Survivor regions: 35->32(32)
[242.763s][info][gc,heap        ] GC(567) Old regions: 608->668
[242.763s][info][gc,heap        ] GC(567) Humongous regions: 7->7
[242.763s][info][gc,metaspace   ] GC(567) Metaspace: 18751K(18944K)->18751K(18944K) NonClass: 16088K(16192K)->16088K(16192K) Class: 2663K(2752K)->2663K(2752K)
[242.763s][info][gc             ] GC(567) Pause Young (Prepare Mixed) (G1 Evacuation Pause) 868M->706M(978M) 102.307ms
[242.763s][info][gc,cpu         ] GC(567) User=0.20s Sys=0.00s Real=0.10s
[243.024s][info][gc,start       ] GC(568) Pause Young (Mixed) (G1 Evacuation Pause)
[243.024s][info][gc,task        ] GC(568) Using 2 workers of 2 for evacuation
[243.151s][info][gc,phases      ] GC(568)   Pre Evacuate Collection Set: 0.35ms
[243.151s][info][gc,phases      ] GC(568)   Merge Heap Roots: 1.00ms
[243.151s][info][gc,phases      ] GC(568)   Evacuate Collection Set: 124.76ms
[243.151s][info][gc,phases      ] GC(568)   Post Evacuate Collection Set: 0.94ms
[243.151s][info][gc,phases      ] GC(568)   Other: 0.17ms
[243.152s][info][gc,heap        ] GC(568) Eden regions: 174->0(178)
[243.152s][info][gc,heap        ] GC(568) Survivor regions: 32->26(26)
[243.152s][info][gc,heap        ] GC(568) Old regions: 668->622
[243.152s][info][gc,heap        ] GC(568) Humongous regions: 10->10
[243.152s][info][gc,metaspace   ] GC(568) Metaspace: 18751K(18944K)->18751K(18944K) NonClass: 16088K(16192K)->16088K(16192K) Class: 2663K(2752K)->2663K(2752K)
[243.152s][info][gc             ] GC(568) Pause Young (Mixed) (G1 Evacuation Pause) 883M->657M(978M) 127.535ms
[243.152s][info][gc,cpu         ] GC(568) User=0.25s Sys=0.00s Real=0.13s
[243.374s][info][gc,start       ] GC(569) Pause Young (Mixed) (G1 Evacuation Pause)
[243.374s][info][gc,task        ] GC(569) Using 2 workers of 2 for evacuation
[243.519s][info][gc,phases      ] GC(569)   Pre Evacuate Collection Set: 0.30ms
[243.519s][info][gc,phases      ] GC(569)   Merge Heap Roots: 2.17ms
[243.519s][info][gc,phases      ] GC(569)   Evacuate Collection Set: 141.85ms
[243.519s][info][gc,phases      ] GC(569)   Post Evacuate Collection Set: 0.52ms
[243.519s][info][gc,phases      ] GC(569)   Other: 0.13ms
[243.519s][info][gc,heap        ] GC(569) Eden regions: 166->0(191)
[243.519s][info][gc,heap        ] GC(569) Survivor regions: 26->24(24)
[243.519s][info][gc,heap        ] GC(569) Old regions: 622->645
[243.519s][info][gc,heap        ] GC(569) Humongous regions: 10->10
[243.519s][info][gc,metaspace   ] GC(569) Metaspace: 18751K(18944K)->18751K(18944K) NonClass: 16088K(16192K)->16088K(16192K) Class: 2663K(2752K)->2663K(2752K)
[243.519s][info][gc             ] GC(569) Pause Young (Mixed) (G1 Evacuation Pause) 823M->678M(978M) 145.274ms
[243.519s][info][gc,cpu         ] GC(569) User=0.28s Sys=0.00s Real=0.14s
[243.707s][info][gc,start       ] GC(570) Pause Young (Concurrent Start) (G1 Evacuation Pause)
[243.707s][info][gc,task        ] GC(570) Using 2 workers of 2 for evacuation
[243.736s][info][gc,phases      ] GC(570)   Pre Evacuate Collection Set: 0.33ms
[243.736s][info][gc,phases      ] GC(570)   Merge Heap Roots: 0.20ms
[243.736s][info][gc,phases      ] GC(570)   Evacuate Collection Set: 27.93ms
[243.736s][info][gc,phases      ] GC(570)   Post Evacuate Collection Set: 0.43ms
[243.736s][info][gc,phases      ] GC(570)   Other: 0.17ms
[243.736s][info][gc,heap        ] GC(570) Eden regions: 191->0(203)
[243.736s][info][gc,heap        ] GC(570) Survivor regions: 24->1(27)
[243.736s][info][gc,heap        ] GC(570) Old regions: 645->670
[243.736s][info][gc,heap        ] GC(570) Humongous regions: 10->10
[243.736s][info][gc,metaspace   ] GC(570) Metaspace: 18751K(18944K)->18751K(18944K) NonClass: 16088K(16192K)->16088K(16192K) Class: 2663K(2752K)->2663K(2752K)
[243.736s][info][gc             ] GC(570) Pause Young (Concurrent Start) (G1 Evacuation Pause) 869M->680M(978M) 29.292ms
[243.737s][info][gc,cpu         ] GC(570) User=0.05s Sys=0.00s Real=0.03s
[243.737s][info][gc             ] GC(571) Concurrent Mark Cycle
[243.737s][info][gc,marking     ] GC(571) Concurrent Scan Root Regions
[243.788s][info][gc,marking     ] GC(571) Concurrent Scan Root Regions 51.753ms
[243.788s][info][gc,marking     ] GC(571) Concurrent Mark
[243.788s][info][gc,marking     ] GC(571) Concurrent Mark From Roots
[243.788s][info][gc,task        ] GC(571) Using 1 workers of 1 for marking
[244.118s][info][gc,start       ] GC(572) Pause Young (Normal) (G1 Evacuation Pause)
[244.118s][info][gc,task        ] GC(572) Using 2 workers of 2 for evacuation
[244.131s][info][gc,phases      ] GC(572)   Pre Evacuate Collection Set: 0.30ms
[244.131s][info][gc,phases      ] GC(572)   Merge Heap Roots: 0.22ms
[244.131s][info][gc,phases      ] GC(572)   Evacuate Collection Set: 11.97ms
[244.132s][info][gc,phases      ] GC(572)   Post Evacuate Collection Set: 0.40ms
[244.132s][info][gc,phases      ] GC(572)   Other: 0.10ms
[244.132s][info][gc,heap        ] GC(572) Eden regions: 203->0(211)
[244.132s][info][gc,heap        ] GC(572) Survivor regions: 1->5(26)
[244.132s][info][gc,heap        ] GC(572) Old regions: 670->670
[244.132s][info][gc,heap        ] GC(572) Humongous regions: 10->10
[244.132s][info][gc,metaspace   ] GC(572) Metaspace: 18751K(18944K)->18751K(18944K) NonClass: 16088K(16192K)->16088K(16192K) Class: 2663K(2752K)->2663K(2752K)
[244.132s][info][gc             ] GC(572) Pause Young (Normal) (G1 Evacuation Pause) 883M->684M(978M) 13.259ms
[244.132s][info][gc,cpu         ] GC(572) User=0.03s Sys=0.00s Real=0.02s
[244.627s][info][gc,start       ] GC(573) Pause Young (Normal) (G1 Evacuation Pause)
[244.628s][info][gc,task        ] GC(573) Using 2 workers of 2 for evacuation
[244.666s][info][gc,phases      ] GC(573)   Pre Evacuate Collection Set: 0.30ms
[244.666s][info][gc,phases      ] GC(573)   Merge Heap Roots: 0.25ms
[244.666s][info][gc,phases      ] GC(573)   Evacuate Collection Set: 36.94ms
[244.666s][info][gc,phases      ] GC(573)   Post Evacuate Collection Set: 0.43ms
[244.666s][info][gc,phases      ] GC(573)   Other: 0.11ms
[244.666s][info][gc,heap        ] GC(573) Eden regions: 211->0(190)
[244.666s][info][gc,heap        ] GC(573) Survivor regions: 5->27(27)
[244.666s][info][gc,heap        ] GC(573) Old regions: 670->674
[244.666s][info][gc,heap        ] GC(573) Humongous regions: 10->10
[244.666s][info][gc,metaspace   ] GC(573) Metaspace: 18751K(18944K)->18751K(18944K) NonClass: 16088K(16192K)->16088K(16192K) Class: 2663K(2752K)->2663K(2752K)
[244.666s][info][gc             ] GC(573) Pause Young (Normal) (G1 Evacuation Pause) 895M->710M(978M) 38.292ms
[244.666s][info][gc,cpu         ] GC(573) User=0.07s Sys=0.00s Real=0.04s
[245.334s][info][gc,start       ] GC(574) Pause Young (Normal) (G1 Evacuation Pause)
[245.334s][info][gc,task        ] GC(574) Using 2 workers of 2 for evacuation
[245.366s][info][gc,phases      ] GC(574)   Pre Evacuate Collection Set: 0.31ms
[245.366s][info][gc,phases      ] GC(574)   Merge Heap Roots: 0.30ms
[245.366s][info][gc,phases      ] GC(574)   Evacuate Collection Set: 30.28ms
[245.366s][info][gc,phases      ] GC(574)   Post Evacuate Collection Set: 0.42ms
[245.366s][info][gc,phases      ] GC(574)   Other: 0.10ms
[245.366s][info][gc,heap        ] GC(574) Eden regions: 190->0(201)
[245.366s][info][gc,heap        ] GC(574) Survivor regions: 27->2(28)
[245.366s][info][gc,heap        ] GC(574) Old regions: 674->701
[245.366s][info][gc,heap        ] GC(574) Humongous regions: 10->10
[245.366s][info][gc,metaspace   ] GC(574) Metaspace: 18751K(18944K)->18751K(18944K) NonClass: 16088K(16192K)->16088K(16192K) Class: 2663K(2752K)->2663K(2752K)
[245.366s][info][gc             ] GC(574) Pause Young (Normal) (G1 Evacuation Pause) 900M->712M(978M) 31.665ms
[245.366s][info][gc,cpu         ] GC(574) User=0.06s Sys=0.00s Real=0.03s
[245.532s][info][gc,marking     ] GC(571) Concurrent Mark From Roots 1744.105ms
[245.533s][info][gc,marking     ] GC(571) Concurrent Preclean
[245.533s][info][gc,marking     ] GC(571) Concurrent Preclean 0.041ms
[245.533s][info][gc,start       ] GC(571) Pause Remark
[245.540s][info][gc             ] GC(571) Pause Remark 761M->616M(978M) 7.451ms
[245.540s][info][gc,cpu         ] GC(571) User=0.01s Sys=0.00s Real=0.00s
[245.542s][info][gc,marking     ] GC(571) Concurrent Mark 1753.985ms
[245.542s][info][gc,marking     ] GC(571) Concurrent Rebuild Remembered Sets and Scrub Regions
[246.037s][info][gc,marking     ] GC(571) Concurrent Rebuild Remembered Sets and Scrub Regions 494.839ms
[246.037s][info][gc,start       ] GC(571) Pause Cleanup
[246.038s][info][gc             ] GC(571) Pause Cleanup 730M->730M(978M) 0.097ms
[246.038s][info][gc,cpu         ] GC(571) User=0.00s Sys=0.00s Real=0.00s
[246.038s][info][gc,marking     ] GC(571) Concurrent Clear Claimed Marks
[246.038s][info][gc,marking     ] GC(571) Concurrent Clear Claimed Marks 0.031ms
[246.038s][info][gc,marking     ] GC(571) Concurrent Cleanup for Next Mark
[246.040s][info][gc,marking     ] GC(571) Concurrent Cleanup for Next Mark 2.829ms
[246.041s][info][gc             ] GC(571) Concurrent Mark Cycle 2303.997ms
[246.107s][info][gc,start       ] GC(575) Pause Young (Prepare Mixed) (G1 Evacuation Pause)
[246.107s][info][gc,task        ] GC(575) Using 2 workers of 2 for evacuation
[246.120s][info][gc,phases      ] GC(575)   Pre Evacuate Collection Set: 0.29ms
[246.120s][info][gc,phases      ] GC(575)   Merge Heap Roots: 0.40ms
[246.120s][info][gc,phases      ] GC(575)   Evacuate Collection Set: 11.69ms
[246.120s][info][gc,phases      ] GC(575)   Post Evacuate Collection Set: 0.44ms
[246.120s][info][gc,phases      ] GC(575)   Other: 0.09ms
[246.120s][info][gc,heap        ] GC(575) Eden regions: 201->0(313)
[246.120s][info][gc,heap        ] GC(575) Survivor regions: 2->1(26)
[246.120s][info][gc,heap        ] GC(575) Old regions: 560->560
[246.120s][info][gc,heap        ] GC(575) Humongous regions: 6->6
[246.120s][info][gc,metaspace   ] GC(575) Metaspace: 18751K(18944K)->18751K(18944K) NonClass: 16088K(16192K)->16088K(16192K) Class: 2663K(2752K)->2663K(2752K)
[246.120s][info][gc             ] GC(575) Pause Young (Prepare Mixed) (G1 Evacuation Pause) 768M->566M(978M) 13.130ms
[246.120s][info][gc,cpu         ] GC(575) User=0.02s Sys=0.00s Real=0.01s
[246.533s][info][gc,start       ] GC(576) Pause Young (Mixed) (G1 Evacuation Pause)
[246.534s][info][gc,task        ] GC(576) Using 2 workers of 2 for evacuation
[246.601s][info][gc,phases      ] GC(576)   Pre Evacuate Collection Set: 0.30ms
[246.601s][info][gc,phases      ] GC(576)   Merge Heap Roots: 0.13ms
[246.601s][info][gc,phases      ] GC(576)   Evacuate Collection Set: 66.54ms
[246.601s][info][gc,phases      ] GC(576)   Post Evacuate Collection Set: 0.73ms
[246.601s][info][gc,phases      ] GC(576)   Other: 0.13ms
[246.601s][info][gc,heap        ] GC(576) Eden regions: 313->0(246)
[246.601s][info][gc,heap        ] GC(576) Survivor regions: 1->40(40)
[246.601s][info][gc,heap        ] GC(576) Old regions: 560->582
[246.601s][info][gc,heap        ] GC(576) Humongous regions: 6->6
[246.601s][info][gc,metaspace   ] GC(576) Metaspace: 18751K(18944K)->18751K(18944K) NonClass: 16088K(16192K)->16088K(16192K) Class: 2663K(2752K)->2663K(2752K)
[246.602s][info][gc             ] GC(576) Pause Young (Mixed) (G1 Evacuation Pause) 879M->627M(978M) 68.085ms
[246.602s][info][gc,cpu         ] GC(576) User=0.13s Sys=0.00s Real=0.07s
[246.726s][info][gc,start       ] GC(577) Pause Young (Concurrent Start) (G1 Humongous Allocation)
[246.726s][info][gc,task        ] GC(577) Using 2 workers of 2 for evacuation
[246.782s][info][gc,phases      ] GC(577)   Pre Evacuate Collection Set: 0.31ms
[246.783s][info][gc,phases      ] GC(577)   Merge Heap Roots: 0.46ms
[246.783s][info][gc,phases      ] GC(577)   Evacuate Collection Set: 55.54ms
[246.783s][info][gc,phases      ] GC(577)   Post Evacuate Collection Set: 0.48ms
[246.783s][info][gc,phases      ] GC(577)   Other: 0.10ms
[246.783s][info][gc,heap        ] GC(577) Eden regions: 90->0(252)
[246.783s][info][gc,heap        ] GC(577) Survivor regions: 40->7(36)
[246.783s][info][gc,heap        ] GC(577) Old regions: 582->623
[246.783s][info][gc,heap        ] GC(577) Humongous regions: 6->6
[246.783s][info][gc,metaspace   ] GC(577) Metaspace: 18751K(18944K)->18751K(18944K) NonClass: 16088K(16192K)->16088K(16192K) Class: 2663K(2752K)->2663K(2752K)
[246.783s][info][gc             ] GC(577) Pause Young (Concurrent Start) (G1 Humongous Allocation) 717M->634M(978M) 57.111ms
[246.783s][info][gc,cpu         ] GC(577) User=0.11s Sys=0.00s Real=0.06s
[246.783s][info][gc             ] GC(578) Concurrent Mark Cycle
[246.783s][info][gc,marking     ] GC(578) Concurrent Scan Root Regions
[246.832s][info][gc,marking     ] GC(578) Concurrent Scan Root Regions 49.627ms
[246.832s][info][gc,marking     ] GC(578) Concurrent Mark
[246.832s][info][gc,marking     ] GC(578) Concurrent Mark From Roots
[246.832s][info][gc,task        ] GC(578) Using 1 workers of 1 for marking
[247.267s][info][gc,start       ] GC(579) Pause Young (Normal) (G1 Evacuation Pause)
[247.268s][info][gc,task        ] GC(579) Using 2 workers of 2 for evacuation
[247.341s][info][gc,phases      ] GC(579)   Pre Evacuate Collection Set: 0.49ms
[247.341s][info][gc,phases      ] GC(579)   Merge Heap Roots: 0.47ms
[247.341s][info][gc,phases      ] GC(579)   Evacuate Collection Set: 72.18ms
[247.341s][info][gc,phases      ] GC(579)   Post Evacuate Collection Set: 0.62ms
[247.341s][info][gc,phases      ] GC(579)   Other: 0.11ms
[247.341s][info][gc,heap        ] GC(579) Eden regions: 252->0(210)
[247.342s][info][gc,heap        ] GC(579) Survivor regions: 7->33(33)
[247.342s][info][gc,heap        ] GC(579) Old regions: 623->643
[247.342s][info][gc,heap        ] GC(579) Humongous regions: 9->9
[247.342s][info][gc,metaspace   ] GC(579) Metaspace: 18751K(18944K)->18751K(18944K) NonClass: 16088K(16192K)->16088K(16192K) Class: 2663K(2752K)->2663K(2752K)
[247.342s][info][gc             ] GC(579) Pause Young (Normal) (G1 Evacuation Pause) 889M->684M(978M) 74.103ms
[247.342s][info][gc,cpu         ] GC(579) User=0.14s Sys=0.00s Real=0.08s
[247.638s][info][gc,start       ] GC(580) Pause Young (Normal) (G1 Evacuation Pause)
[247.638s][info][gc,task        ] GC(580) Using 2 workers of 2 for evacuation
[247.692s][info][gc,phases      ] GC(580)   Pre Evacuate Collection Set: 0.48ms
[247.692s][info][gc,phases      ] GC(580)   Merge Heap Roots: 0.58ms
[247.692s][info][gc,phases      ] GC(580)   Evacuate Collection Set: 52.82ms
[247.692s][info][gc,phases      ] GC(580)   Post Evacuate Collection Set: 0.45ms
[247.692s][info][gc,phases      ] GC(580)   Other: 0.10ms
[247.692s][info][gc,heap        ] GC(580) Eden regions: 210->0(217)
[247.692s][info][gc,heap        ] GC(580) Survivor regions: 33->4(31)
[247.692s][info][gc,heap        ] GC(580) Old regions: 643->677
[247.692s][info][gc,heap        ] GC(580) Humongous regions: 9->9
[247.692s][info][gc,metaspace   ] GC(580) Metaspace: 18751K(18944K)->18751K(18944K) NonClass: 16088K(16192K)->16088K(16192K) Class: 2663K(2752K)->2663K(2752K)
[247.692s][info][gc             ] GC(580) Pause Young (Normal) (G1 Evacuation Pause) 894M->689M(978M) 54.666ms
[247.692s][info][gc,cpu         ] GC(580) User=0.11s Sys=0.00s Real=0.06s
[248.131s][info][gc,start       ] GC(581) Pause Young (Normal) (G1 Evacuation Pause)
[248.131s][info][gc,task        ] GC(581) Using 2 workers of 2 for evacuation
[248.155s][info][gc,phases      ] GC(581)   Pre Evacuate Collection Set: 0.50ms
[248.155s][info][gc,phases      ] GC(581)   Merge Heap Roots: 0.22ms
[248.155s][info][gc,phases      ] GC(581)   Evacuate Collection Set: 22.97ms
[248.155s][info][gc,phases      ] GC(581)   Post Evacuate Collection Set: 0.45ms
[248.155s][info][gc,phases      ] GC(581)   Other: 0.11ms
[248.155s][info][gc,heap        ] GC(581) Eden regions: 217->0(208)
[248.155s][info][gc,heap        ] GC(581) Survivor regions: 4->17(28)
[248.155s][info][gc,heap        ] GC(581) Old regions: 677->677
[248.155s][info][gc,heap        ] GC(581) Humongous regions: 9->9
[248.155s][info][gc,metaspace   ] GC(581) Metaspace: 18751K(18944K)->18751K(18944K) NonClass: 16088K(16192K)->16088K(16192K) Class: 2663K(2752K)->2663K(2752K)
[248.155s][info][gc             ] GC(581) Pause Young (Normal) (G1 Evacuation Pause) 906M->702M(978M) 24.458ms
[248.155s][info][gc,cpu         ] GC(581) User=0.05s Sys=0.00s Real=0.02s
[248.624s][info][gc,marking     ] GC(578) Concurrent Mark From Roots 1791.367ms
[248.624s][info][gc,marking     ] GC(578) Concurrent Preclean
[248.624s][info][gc,marking     ] GC(578) Concurrent Preclean 0.042ms
[248.626s][info][gc,start       ] GC(578) Pause Remark
[248.634s][info][gc             ] GC(578) Pause Remark 866M->855M(978M) 7.560ms
[248.634s][info][gc,cpu         ] GC(578) User=0.01s Sys=0.00s Real=0.01s
[248.635s][info][gc,marking     ] GC(578) Concurrent Mark 1802.618ms
[248.635s][info][gc,marking     ] GC(578) Concurrent Rebuild Remembered Sets and Scrub Regions
[248.923s][info][gc,start       ] GC(582) Pause Young (Normal) (G1 Evacuation Pause)
[248.923s][info][gc,task        ] GC(582) Using 2 workers of 2 for evacuation
[248.976s][info][gc,phases      ] GC(582)   Pre Evacuate Collection Set: 0.51ms
[248.976s][info][gc,phases      ] GC(582)   Merge Heap Roots: 0.86ms
[248.976s][info][gc,phases      ] GC(582)   Evacuate Collection Set: 50.81ms
[248.976s][info][gc,phases      ] GC(582)   Post Evacuate Collection Set: 0.51ms
[248.976s][info][gc,phases      ] GC(582)   Other: 0.09ms
[248.976s][info][gc,heap        ] GC(582) Eden regions: 208->0(190)
[248.976s][info][gc,heap        ] GC(582) Survivor regions: 17->29(29)
[248.976s][info][gc,heap        ] GC(582) Old regions: 666->671
[248.976s][info][gc,heap        ] GC(582) Humongous regions: 9->9
[248.976s][info][gc,metaspace   ] GC(582) Metaspace: 18752K(18944K)->18752K(18944K) NonClass: 16089K(16192K)->16089K(16192K) Class: 2663K(2752K)->2663K(2752K)
[248.976s][info][gc             ] GC(582) Pause Young (Normal) (G1 Evacuation Pause) 899M->708M(978M) 53.062ms
[248.976s][info][gc,cpu         ] GC(582) User=0.10s Sys=0.00s Real=0.05s
[249.375s][info][gc,marking     ] GC(578) Concurrent Rebuild Remembered Sets and Scrub Regions 739.806ms
[249.375s][info][gc,start       ] GC(578) Pause Cleanup
[249.375s][info][gc             ] GC(578) Pause Cleanup 852M->852M(978M) 0.095ms
[249.375s][info][gc,cpu         ] GC(578) User=0.00s Sys=0.00s Real=0.00s
[249.375s][info][gc,marking     ] GC(578) Concurrent Clear Claimed Marks
[249.375s][info][gc,marking     ] GC(578) Concurrent Clear Claimed Marks 0.029ms
[249.375s][info][gc,marking     ] GC(578) Concurrent Cleanup for Next Mark
[249.378s][info][gc,marking     ] GC(578) Concurrent Cleanup for Next Mark 2.867ms
[249.378s][info][gc             ] GC(578) Concurrent Mark Cycle 2595.454ms
[249.434s][info][gc,start       ] GC(583) Pause Young (Prepare Mixed) (G1 Evacuation Pause)
[249.434s][info][gc,task        ] GC(583) Using 2 workers of 2 for evacuation
[249.478s][info][gc,phases      ] GC(583)   Pre Evacuate Collection Set: 0.32ms
[249.478s][info][gc,phases      ] GC(583)   Merge Heap Roots: 0.25ms
[249.478s][info][gc,phases      ] GC(583)   Evacuate Collection Set: 42.44ms
[249.478s][info][gc,phases      ] GC(583)   Post Evacuate Collection Set: 0.45ms
[249.478s][info][gc,phases      ] GC(583)   Other: 0.08ms
[249.478s][info][gc,heap        ] GC(583) Eden regions: 190->0(193)
[249.478s][info][gc,heap        ] GC(583) Survivor regions: 29->13(28)
[249.478s][info][gc,heap        ] GC(583) Old regions: 671->700
[249.478s][info][gc,heap        ] GC(583) Humongous regions: 9->9
[249.478s][info][gc,metaspace   ] GC(583) Metaspace: 18753K(18944K)->18753K(18944K) NonClass: 16090K(16192K)->16090K(16192K) Class: 2663K(2752K)->2663K(2752K)
[249.478s][info][gc             ] GC(583) Pause Young (Prepare Mixed) (G1 Evacuation Pause) 898M->721M(978M) 43.768ms
[249.478s][info][gc,cpu         ] GC(583) User=0.09s Sys=0.00s Real=0.04s
[249.715s][info][gc,start       ] GC(584) Pause Young (Mixed) (G1 Evacuation Pause)
[249.715s][info][gc,task        ] GC(584) Using 2 workers of 2 for evacuation
[249.741s][info][gc,phases      ] GC(584)   Pre Evacuate Collection Set: 0.31ms
[249.741s][info][gc,phases      ] GC(584)   Merge Heap Roots: 0.13ms
[249.741s][info][gc,phases      ] GC(584)   Evacuate Collection Set: 24.55ms
[249.741s][info][gc,phases      ] GC(584)   Post Evacuate Collection Set: 0.48ms
[249.741s][info][gc,phases      ] GC(584)   Other: 0.10ms
[249.741s][info][gc,heap        ] GC(584) Eden regions: 193->0(177)
[249.741s][info][gc,heap        ] GC(584) Survivor regions: 13->26(26)
[249.741s][info][gc,heap        ] GC(584) Old regions: 700->690
[249.741s][info][gc,heap        ] GC(584) Humongous regions: 9->9
[249.741s][info][gc,metaspace   ] GC(584) Metaspace: 18754K(18944K)->18754K(18944K) NonClass: 16090K(16192K)->16090K(16192K) Class: 2663K(2752K)->2663K(2752K)
[249.741s][info][gc             ] GC(584) Pause Young (Mixed) (G1 Evacuation Pause) 914M->724M(978M) 25.820ms
[249.741s][info][gc,cpu         ] GC(584) User=0.05s Sys=0.00s Real=0.03s
[249.927s][info][gc,start       ] GC(585) Pause Young (Concurrent Start) (G1 Evacuation Pause)
[249.927s][info][gc,task        ] GC(585) Using 2 workers of 2 for evacuation
[249.964s][info][gc,phases      ] GC(585)   Pre Evacuate Collection Set: 0.33ms
[249.964s][info][gc,phases      ] GC(585)   Merge Heap Roots: 0.11ms
[249.964s][info][gc,phases      ] GC(585)   Evacuate Collection Set: 35.99ms
[249.964s][info][gc,phases      ] GC(585)   Post Evacuate Collection Set: 0.49ms
[249.965s][info][gc,phases      ] GC(585)   Other: 0.13ms
[249.965s][info][gc,heap        ] GC(585) Eden regions: 177->0(178)
[249.965s][info][gc,heap        ] GC(585) Survivor regions: 26->15(26)
[249.965s][info][gc,heap        ] GC(585) Old regions: 690->711
[249.965s][info][gc,heap        ] GC(585) Humongous regions: 9->9
[249.965s][info][gc,metaspace   ] GC(585) Metaspace: 18754K(18944K)->18754K(18944K) NonClass: 16090K(16192K)->16090K(16192K) Class: 2663K(2752K)->2663K(2752K)
[249.965s][info][gc             ] GC(585) Pause Young (Concurrent Start) (G1 Evacuation Pause) 901M->734M(978M) 37.348ms
[249.965s][info][gc             ] GC(586) Concurrent Mark Cycle
[249.965s][info][gc,marking     ] GC(586) Concurrent Scan Root Regions
[249.965s][info][gc,cpu         ] GC(585) User=0.07s Sys=0.01s Real=0.04s
[250.008s][info][gc,marking     ] GC(586) Concurrent Scan Root Regions 43.345ms
[250.008s][info][gc,marking     ] GC(586) Concurrent Mark
[250.008s][info][gc,marking     ] GC(586) Concurrent Mark From Roots
[250.008s][info][gc,task        ] GC(586) Using 1 workers of 1 for marking
[250.389s][info][gc,start       ] GC(587) Pause Young (Normal) (G1 Evacuation Pause)
[250.389s][info][gc,task        ] GC(587) Using 2 workers of 2 for evacuation
[250.413s][info][gc,phases      ] GC(587)   Pre Evacuate Collection Set: 0.52ms
[250.413s][info][gc,phases      ] GC(587)   Merge Heap Roots: 0.16ms
[250.413s][info][gc,phases      ] GC(587)   Evacuate Collection Set: 22.59ms
[250.413s][info][gc,phases      ] GC(587)   Post Evacuate Collection Set: 0.42ms
[250.413s][info][gc,phases      ] GC(587)   Other: 0.10ms
[250.413s][info][gc,heap        ] GC(587) Eden regions: 178->0(185)
[250.413s][info][gc,heap        ] GC(587) Survivor regions: 15->4(25)
[250.413s][info][gc,heap        ] GC(587) Old regions: 711->726
[250.413s][info][gc,heap        ] GC(587) Humongous regions: 9->9
[250.413s][info][gc,metaspace   ] GC(587) Metaspace: 18756K(18944K)->18756K(18944K) NonClass: 16093K(16192K)->16093K(16192K) Class: 2663K(2752K)->2663K(2752K)
[250.413s][info][gc             ] GC(587) Pause Young (Normal) (G1 Evacuation Pause) 912M->738M(978M) 24.014ms
[250.413s][info][gc,cpu         ] GC(587) User=0.05s Sys=0.00s Real=0.03s
[250.804s][info][gc,start       ] GC(588) Pause Young (Normal) (G1 Evacuation Pause)
[250.804s][info][gc,task        ] GC(588) Using 2 workers of 2 for evacuation
[250.826s][info][gc,phases      ] GC(588)   Pre Evacuate Collection Set: 0.50ms
[250.826s][info][gc,phases      ] GC(588)   Merge Heap Roots: 0.13ms
[250.826s][info][gc,phases      ] GC(588)   Evacuate Collection Set: 21.00ms
[250.826s][info][gc,phases      ] GC(588)   Post Evacuate Collection Set: 0.43ms
[250.826s][info][gc,phases      ] GC(588)   Other: 0.11ms
[250.826s][info][gc,heap        ] GC(588) Eden regions: 185->0(153)
[250.826s][info][gc,heap        ] GC(588) Survivor regions: 4->20(24)
[250.826s][info][gc,heap        ] GC(588) Old regions: 726->726
[250.826s][info][gc,heap        ] GC(588) Humongous regions: 9->9
[250.826s][info][gc,metaspace   ] GC(588) Metaspace: 18756K(18944K)->18756K(18944K) NonClass: 16093K(16192K)->16093K(16192K) Class: 2663K(2752K)->2663K(2752K)
[250.826s][info][gc             ] GC(588) Pause Young (Normal) (G1 Evacuation Pause) 923M->753M(978M) 22.386ms
[250.826s][info][gc,cpu         ] GC(588) User=0.04s Sys=0.00s Real=0.02s
[251.112s][info][gc,start       ] GC(589) Pause Young (Normal) (G1 Evacuation Pause)
[251.112s][info][gc,task        ] GC(589) Using 2 workers of 2 for evacuation
[251.159s][info][gc,phases      ] GC(589)   Pre Evacuate Collection Set: 0.53ms
[251.159s][info][gc,phases      ] GC(589)   Merge Heap Roots: 0.10ms
[251.159s][info][gc,phases      ] GC(589)   Evacuate Collection Set: 45.67ms
[251.159s][info][gc,phases      ] GC(589)   Post Evacuate Collection Set: 0.45ms
[251.159s][info][gc,phases      ] GC(589)   Other: 0.09ms
[251.159s][info][gc,heap        ] GC(589) Eden regions: 153->0(120)
[251.159s][info][gc,heap        ] GC(589) Survivor regions: 20->22(22)
[251.159s][info][gc,heap        ] GC(589) Old regions: 726->755
[251.159s][info][gc,heap        ] GC(589) Humongous regions: 9->9
[251.159s][info][gc,metaspace   ] GC(589) Metaspace: 18756K(18944K)->18756K(18944K) NonClass: 16093K(16192K)->16093K(16192K) Class: 2663K(2752K)->2663K(2752K)
[251.159s][info][gc             ] GC(589) Pause Young (Normal) (G1 Evacuation Pause) 906M->785M(978M) 47.070ms
[251.159s][info][gc,cpu         ] GC(589) User=0.09s Sys=0.00s Real=0.04s
[251.356s][info][gc,start       ] GC(590) Pause Young (Normal) (G1 Evacuation Pause)
[251.356s][info][gc,task        ] GC(590) Using 2 workers of 2 for evacuation
[251.412s][info][gc,phases      ] GC(590)   Pre Evacuate Collection Set: 0.49ms
[251.412s][info][gc,phases      ] GC(590)   Merge Heap Roots: 0.20ms
[251.412s][info][gc,phases      ] GC(590)   Evacuate Collection Set: 54.49ms
[251.412s][info][gc,phases      ] GC(590)   Post Evacuate Collection Set: 0.50ms
[251.412s][info][gc,phases      ] GC(590)   Other: 0.09ms
[251.412s][info][gc,heap        ] GC(590) Eden regions: 120->0(85)
[251.412s][info][gc,heap        ] GC(590) Survivor regions: 22->18(18)
[251.412s][info][gc,heap        ] GC(590) Old regions: 755->798
[251.412s][info][gc,heap        ] GC(590) Humongous regions: 9->9
[251.412s][info][gc,metaspace   ] GC(590) Metaspace: 18756K(18944K)->18756K(18944K) NonClass: 16093K(16192K)->16093K(16192K) Class: 2663K(2752K)->2663K(2752K)
[251.412s][info][gc             ] GC(590) Pause Young (Normal) (G1 Evacuation Pause) 905M->824M(978M) 56.015ms
[251.412s][info][gc,cpu         ] GC(590) User=0.11s Sys=0.00s Real=0.06s
[251.653s][info][gc,start       ] GC(591) Pause Young (Normal) (G1 Evacuation Pause)
[251.653s][info][gc,task        ] GC(591) Using 2 workers of 2 for evacuation
[251.679s][info][gc,phases      ] GC(591)   Pre Evacuate Collection Set: 0.52ms
[251.679s][info][gc,phases      ] GC(591)   Merge Heap Roots: 0.32ms
[251.679s][info][gc,phases      ] GC(591)   Evacuate Collection Set: 24.53ms
[251.679s][info][gc,phases      ] GC(591)   Post Evacuate Collection Set: 0.34ms
[251.679s][info][gc,phases      ] GC(591)   Other: 0.08ms
[251.679s][info][gc,heap        ] GC(591) Eden regions: 85->0(95)
[251.679s][info][gc,heap        ] GC(591) Survivor regions: 18->3(13)
[251.679s][info][gc,heap        ] GC(591) Old regions: 798->817
[251.679s][info][gc,heap        ] GC(591) Humongous regions: 9->9
[251.679s][info][gc,metaspace   ] GC(591) Metaspace: 18756K(18944K)->18756K(18944K) NonClass: 16093K(16192K)->16093K(16192K) Class: 2663K(2752K)->2663K(2752K)
[251.679s][info][gc             ] GC(591) Pause Young (Normal) (G1 Evacuation Pause) 909M->828M(978M) 26.000ms
[251.679s][info][gc,cpu         ] GC(591) User=0.05s Sys=0.00s Real=0.02s
[251.733s][info][gc,marking     ] GC(586) Concurrent Mark From Roots 1725.262ms
[251.733s][info][gc,marking     ] GC(586) Concurrent Preclean
[251.733s][info][gc,marking     ] GC(586) Concurrent Preclean 0.052ms
[251.734s][info][gc,start       ] GC(586) Pause Remark
[251.741s][info][gc             ] GC(586) Pause Remark 858M->730M(978M) 7.488ms
[251.741s][info][gc,cpu         ] GC(586) User=0.02s Sys=0.00s Real=0.01s
[251.741s][info][gc,marking     ] GC(586) Concurrent Mark 1733.147ms
[251.741s][info][gc,marking     ] GC(586) Concurrent Rebuild Remembered Sets and Scrub Regions
[251.916s][info][gc,start       ] GC(592) Pause Young (Normal) (G1 Evacuation Pause)
[251.916s][info][gc,task        ] GC(592) Using 2 workers of 2 for evacuation
[251.931s][info][gc,phases      ] GC(592)   Pre Evacuate Collection Set: 0.51ms
[251.932s][info][gc,phases      ] GC(592)   Merge Heap Roots: 0.47ms
[251.932s][info][gc,phases      ] GC(592)   Evacuate Collection Set: 14.09ms
[251.932s][info][gc,phases      ] GC(592)   Post Evacuate Collection Set: 0.41ms
[251.932s][info][gc,phases      ] GC(592)   Other: 0.09ms
[251.932s][info][gc,heap        ] GC(592) Eden regions: 95->0(208)
[251.932s][info][gc,heap        ] GC(592) Survivor regions: 3->5(13)
[251.932s][info][gc,heap        ] GC(592) Old regions: 692->692
[251.932s][info][gc,heap        ] GC(592) Humongous regions: 6->6
[251.932s][info][gc,metaspace   ] GC(592) Metaspace: 18756K(18944K)->18756K(18944K) NonClass: 16093K(16192K)->16093K(16192K) Class: 2663K(2752K)->2663K(2752K)
[251.932s][info][gc             ] GC(592) Pause Young (Normal) (G1 Evacuation Pause) 795M->701M(978M) 15.814ms
[251.932s][info][gc,cpu         ] GC(592) User=0.03s Sys=0.00s Real=0.02s
[252.302s][info][gc,start       ] GC(593) Pause Young (Normal) (G1 Evacuation Pause)
[252.302s][info][gc,task        ] GC(593) Using 2 workers of 2 for evacuation
[252.375s][info][gc,phases      ] GC(593)   Pre Evacuate Collection Set: 0.49ms
[252.375s][info][gc,phases      ] GC(593)   Merge Heap Roots: 0.39ms
[252.375s][info][gc,phases      ] GC(593)   Evacuate Collection Set: 71.92ms
[252.375s][info][gc,phases      ] GC(593)   Post Evacuate Collection Set: 0.49ms
[252.375s][info][gc,phases      ] GC(593)   Other: 0.07ms
[252.375s][info][gc,heap        ] GC(593) Eden regions: 208->0(146)
[252.375s][info][gc,heap        ] GC(593) Survivor regions: 5->27(27)
[252.375s][info][gc,heap        ] GC(593) Old regions: 692->719
[252.375s][info][gc,heap        ] GC(593) Humongous regions: 9->9
[252.375s][info][gc,metaspace   ] GC(593) Metaspace: 18756K(18944K)->18756K(18944K) NonClass: 16093K(16192K)->16093K(16192K) Class: 2663K(2752K)->2663K(2752K)
[252.375s][info][gc             ] GC(593) Pause Young (Normal) (G1 Evacuation Pause) 912M->754M(978M) 73.596ms
[252.375s][info][gc,cpu         ] GC(593) User=0.14s Sys=0.00s Real=0.07s
[252.423s][info][gc,marking     ] GC(586) Concurrent Rebuild Remembered Sets and Scrub Regions 681.933ms
[252.423s][info][gc,start       ] GC(586) Pause Cleanup
[252.423s][info][gc             ] GC(586) Pause Cleanup 783M->783M(978M) 0.127ms
[252.423s][info][gc,cpu         ] GC(586) User=0.00s Sys=0.00s Real=0.00s
[252.424s][info][gc,marking     ] GC(586) Concurrent Clear Claimed Marks
[252.424s][info][gc,marking     ] GC(586) Concurrent Clear Claimed Marks 0.032ms
[252.424s][info][gc,marking     ] GC(586) Concurrent Cleanup for Next Mark
[252.430s][info][gc,marking     ] GC(586) Concurrent Cleanup for Next Mark 6.409ms
[252.430s][info][gc             ] GC(586) Concurrent Mark Cycle 2465.657ms
[252.526s][info][gc,start       ] GC(594) Pause Young (Prepare Mixed) (G1 Evacuation Pause)
[252.527s][info][gc,task        ] GC(594) Using 2 workers of 2 for evacuation
[252.571s][info][gc,phases      ] GC(594)   Pre Evacuate Collection Set: 0.32ms
[252.571s][info][gc,phases      ] GC(594)   Merge Heap Roots: 0.25ms
[252.571s][info][gc,phases      ] GC(594)   Evacuate Collection Set: 43.38ms
[252.571s][info][gc,phases      ] GC(594)   Post Evacuate Collection Set: 0.44ms
[252.571s][info][gc,phases      ] GC(594)   Other: 0.10ms
[252.571s][info][gc,heap        ] GC(594) Eden regions: 146->0(158)
[252.571s][info][gc,heap        ] GC(594) Survivor regions: 27->5(22)
[252.571s][info][gc,heap        ] GC(594) Old regions: 719->746
[252.571s][info][gc,heap        ] GC(594) Humongous regions: 9->9
[252.571s][info][gc,metaspace   ] GC(594) Metaspace: 18756K(18944K)->18756K(18944K) NonClass: 16093K(16192K)->16093K(16192K) Class: 2663K(2752K)->2663K(2752K)
[252.571s][info][gc             ] GC(594) Pause Young (Prepare Mixed) (G1 Evacuation Pause) 900M->759M(978M) 44.729ms
[252.571s][info][gc,cpu         ] GC(594) User=0.09s Sys=0.00s Real=0.05s
[252.803s][info][gc,start       ] GC(595) Pause Young (Mixed) (G1 Evacuation Pause)
[252.803s][info][gc,task        ] GC(595) Using 2 workers of 2 for evacuation
[252.833s][info][gc,phases      ] GC(595)   Pre Evacuate Collection Set: 0.32ms
[252.833s][info][gc,phases      ] GC(595)   Merge Heap Roots: 0.53ms
[252.833s][info][gc,phases      ] GC(595)   Evacuate Collection Set: 28.51ms
[252.833s][info][gc,phases      ] GC(595)   Post Evacuate Collection Set: 0.42ms
[252.833s][info][gc,phases      ] GC(595)   Other: 0.10ms
[252.833s][info][gc,heap        ] GC(595) Eden regions: 158->0(173)
[252.833s][info][gc,heap        ] GC(595) Survivor regions: 5->9(21)
[252.833s][info][gc,heap        ] GC(595) Old regions: 746->728
[252.833s][info][gc,heap        ] GC(595) Humongous regions: 9->9
[252.833s][info][gc,metaspace   ] GC(595) Metaspace: 18756K(18944K)->18756K(18944K) NonClass: 16093K(16192K)->16093K(16192K) Class: 2663K(2752K)->2663K(2752K)
[252.833s][info][gc             ] GC(595) Pause Young (Mixed) (G1 Evacuation Pause) 917M->745M(978M) 30.177ms
[252.833s][info][gc,cpu         ] GC(595) User=0.06s Sys=0.00s Real=0.03s
[253.103s][info][gc,start       ] GC(596) Pause Young (Concurrent Start) (G1 Evacuation Pause)
[253.103s][info][gc,task        ] GC(596) Using 2 workers of 2 for evacuation
[253.130s][info][gc,phases      ] GC(596)   Pre Evacuate Collection Set: 0.29ms
[253.130s][info][gc,phases      ] GC(596)   Merge Heap Roots: 0.18ms
[253.130s][info][gc,phases      ] GC(596)   Evacuate Collection Set: 25.63ms
[253.130s][info][gc,phases      ] GC(596)   Post Evacuate Collection Set: 0.46ms
[253.130s][info][gc,phases      ] GC(596)   Other: 0.11ms
[253.130s][info][gc,heap        ] GC(596) Eden regions: 173->0(145)
[253.130s][info][gc,heap        ] GC(596) Survivor regions: 9->23(23)
[253.130s][info][gc,heap        ] GC(596) Old regions: 728->728
[253.130s][info][gc,heap        ] GC(596) Humongous regions: 9->9
[253.130s][info][gc,metaspace   ] GC(596) Metaspace: 18756K(18944K)->18756K(18944K) NonClass: 16093K(16192K)->16093K(16192K) Class: 2663K(2752K)->2663K(2752K)
[253.130s][info][gc             ] GC(596) Pause Young (Concurrent Start) (G1 Evacuation Pause) 918M->759M(978M) 26.881ms
[253.130s][info][gc             ] GC(597) Concurrent Mark Cycle
[253.130s][info][gc,marking     ] GC(597) Concurrent Scan Root Regions
[253.130s][info][gc,cpu         ] GC(596) User=0.05s Sys=0.00s Real=0.02s
[253.168s][info][gc,marking     ] GC(597) Concurrent Scan Root Regions 37.919ms
[253.168s][info][gc,marking     ] GC(597) Concurrent Mark
[253.168s][info][gc,marking     ] GC(597) Concurrent Mark From Roots
[253.168s][info][gc,task        ] GC(597) Using 1 workers of 1 for marking
[253.275s][info][gc,start       ] GC(598) Pause Young (Normal) (G1 Evacuation Pause)
[253.276s][info][gc,task        ] GC(598) Using 2 workers of 2 for evacuation
[253.349s][info][gc,phases      ] GC(598)   Pre Evacuate Collection Set: 0.31ms
[253.349s][info][gc,phases      ] GC(598)   Merge Heap Roots: 0.25ms
[253.349s][info][gc,phases      ] GC(598)   Evacuate Collection Set: 71.85ms
[253.349s][info][gc,phases      ] GC(598)   Post Evacuate Collection Set: 0.57ms
[253.349s][info][gc,phases      ] GC(598)   Other: 0.11ms
[253.349s][info][gc,heap        ] GC(598) Eden regions: 145->0(98)
[253.349s][info][gc,heap        ] GC(598) Survivor regions: 23->21(21)
[253.349s][info][gc,heap        ] GC(598) Old regions: 728->779
[253.349s][info][gc,heap        ] GC(598) Humongous regions: 9->9
[253.349s][info][gc,metaspace   ] GC(598) Metaspace: 18756K(18944K)->18756K(18944K) NonClass: 16093K(16192K)->16093K(16192K) Class: 2663K(2752K)->2663K(2752K)
[253.349s][info][gc             ] GC(598) Pause Young (Normal) (G1 Evacuation Pause) 904M->808M(978M) 73.312ms
[253.349s][info][gc,cpu         ] GC(598) User=0.15s Sys=0.00s Real=0.07s
[253.561s][info][gc,start       ] GC(599) Pause Young (Normal) (G1 Evacuation Pause)
[253.561s][info][gc,task        ] GC(599) Using 2 workers of 2 for evacuation
[253.598s][info][gc,phases      ] GC(599)   Pre Evacuate Collection Set: 0.30ms
[253.598s][info][gc,phases      ] GC(599)   Merge Heap Roots: 0.42ms
[253.598s][info][gc,phases      ] GC(599)   Evacuate Collection Set: 35.49ms
[253.598s][info][gc,phases      ] GC(599)   Post Evacuate Collection Set: 0.39ms
[253.598s][info][gc,phases      ] GC(599)   Other: 0.10ms
[253.598s][info][gc,heap        ] GC(599) Eden regions: 98->0(109)
[253.598s][info][gc,heap        ] GC(599) Survivor regions: 21->5(15)
[253.598s][info][gc,heap        ] GC(599) Old regions: 779->800
[253.598s][info][gc,heap        ] GC(599) Humongous regions: 9->9
[253.598s][info][gc,metaspace   ] GC(599) Metaspace: 18756K(18944K)->18756K(18944K) NonClass: 16093K(16192K)->16093K(16192K) Class: 2663K(2752K)->2663K(2752K)
[253.598s][info][gc             ] GC(599) Pause Young (Normal) (G1 Evacuation Pause) 906M->813M(978M) 37.006ms
[253.598s][info][gc,cpu         ] GC(599) User=0.07s Sys=0.00s Real=0.03s
[254.008s][info][gc,start       ] GC(600) Pause Young (Normal) (G1 Evacuation Pause)
[254.008s][info][gc,task        ] GC(600) Using 2 workers of 2 for evacuation
[254.031s][info][gc,phases      ] GC(600)   Pre Evacuate Collection Set: 0.30ms
[254.031s][info][gc,phases      ] GC(600)   Merge Heap Roots: 0.23ms
[254.031s][info][gc,phases      ] GC(600)   Evacuate Collection Set: 22.56ms
[254.031s][info][gc,phases      ] GC(600)   Post Evacuate Collection Set: 0.42ms
[254.031s][info][gc,phases      ] GC(600)   Other: 0.09ms
[254.031s][info][gc,heap        ] GC(600) Eden regions: 109->0(90)
[254.031s][info][gc,heap        ] GC(600) Survivor regions: 5->14(15)
[254.031s][info][gc,heap        ] GC(600) Old regions: 800->800
[254.031s][info][gc,heap        ] GC(600) Humongous regions: 10->10
[254.031s][info][gc,metaspace   ] GC(600) Metaspace: 18756K(18944K)->18756K(18944K) NonClass: 16093K(16192K)->16093K(16192K) Class: 2663K(2752K)->2663K(2752K)
[254.031s][info][gc             ] GC(600) Pause Young (Normal) (G1 Evacuation Pause) 923M->823M(978M) 23.840ms
[254.031s][info][gc,cpu         ] GC(600) User=0.04s Sys=0.00s Real=0.03s
[254.285s][info][gc,marking     ] GC(597) Concurrent Mark From Roots 1117.290ms
[254.285s][info][gc,marking     ] GC(597) Concurrent Preclean
[254.285s][info][gc,marking     ] GC(597) Concurrent Preclean 0.051ms
[254.285s][info][gc,start       ] GC(597) Pause Remark
[254.293s][info][gc             ] GC(597) Pause Remark 901M->588M(978M) 7.602ms
[254.293s][info][gc,cpu         ] GC(597) User=0.01s Sys=0.00s Real=0.01s
[254.295s][info][gc,marking     ] GC(597) Concurrent Mark 1127.555ms
[254.295s][info][gc,marking     ] GC(597) Concurrent Rebuild Remembered Sets and Scrub Regions
[254.337s][info][gc,start       ] GC(601) Pause Young (Normal) (G1 Evacuation Pause)
[254.337s][info][gc,task        ] GC(601) Using 2 workers of 2 for evacuation
[254.360s][info][gc,phases      ] GC(601)   Pre Evacuate Collection Set: 0.26ms
[254.360s][info][gc,phases      ] GC(601)   Merge Heap Roots: 0.21ms
[254.360s][info][gc,phases      ] GC(601)   Evacuate Collection Set: 21.37ms
[254.360s][info][gc,phases      ] GC(601)   Post Evacuate Collection Set: 0.31ms
[254.360s][info][gc,phases      ] GC(601)   Other: 0.07ms
[254.360s][info][gc,heap        ] GC(601) Eden regions: 90->0(361)
[254.360s][info][gc,heap        ] GC(601) Survivor regions: 14->1(13)
[254.360s][info][gc,heap        ] GC(601) Old regions: 492->506
[254.360s][info][gc,heap        ] GC(601) Humongous regions: 5->5
[254.360s][info][gc,metaspace   ] GC(601) Metaspace: 18756K(18944K)->18756K(18944K) NonClass: 16093K(16192K)->16093K(16192K) Class: 2663K(2752K)->2663K(2752K)
[254.360s][info][gc             ] GC(601) Pause Young (Normal) (G1 Evacuation Pause) 600M->511M(978M) 22.415ms
[254.360s][info][gc,cpu         ] GC(601) User=0.04s Sys=0.01s Real=0.02s
[254.676s][info][gc,marking     ] GC(597) Concurrent Rebuild Remembered Sets and Scrub Regions 380.700ms
[254.676s][info][gc,start       ] GC(597) Pause Cleanup
[254.676s][info][gc             ] GC(597) Pause Cleanup 683M->683M(978M) 0.152ms
[254.676s][info][gc,cpu         ] GC(597) User=0.00s Sys=0.00s Real=0.00s
[254.677s][info][gc,marking     ] GC(597) Concurrent Clear Claimed Marks
[254.677s][info][gc,marking     ] GC(597) Concurrent Clear Claimed Marks 0.032ms
[254.677s][info][gc,marking     ] GC(597) Concurrent Cleanup for Next Mark
[254.682s][info][gc,marking     ] GC(597) Concurrent Cleanup for Next Mark 4.864ms
[254.682s][info][gc             ] GC(597) Concurrent Mark Cycle 1551.927ms
[254.889s][info][gc,start       ] GC(602) Pause Young (Prepare Mixed) (G1 Evacuation Pause)
[254.889s][info][gc,task        ] GC(602) Using 2 workers of 2 for evacuation
[254.922s][info][gc,phases      ] GC(602)   Pre Evacuate Collection Set: 0.53ms
[254.922s][info][gc,phases      ] GC(602)   Merge Heap Roots: 0.20ms
[254.922s][info][gc,phases      ] GC(602)   Evacuate Collection Set: 31.64ms
[254.922s][info][gc,phases      ] GC(602)   Post Evacuate Collection Set: 0.54ms
[254.922s][info][gc,phases      ] GC(602)   Other: 0.09ms
[254.922s][info][gc,heap        ] GC(602) Eden regions: 361->0(339)
[254.922s][info][gc,heap        ] GC(602) Survivor regions: 1->29(46)
[254.922s][info][gc,heap        ] GC(602) Old regions: 506->506
[254.922s][info][gc,heap        ] GC(602) Humongous regions: 5->5
[254.922s][info][gc,metaspace   ] GC(602) Metaspace: 18756K(18944K)->18756K(18944K) NonClass: 16093K(16192K)->16093K(16192K) Class: 2663K(2752K)->2663K(2752K)
[254.922s][info][gc             ] GC(602) Pause Young (Prepare Mixed) (G1 Evacuation Pause) 872M->538M(978M) 33.231ms
[254.922s][info][gc,cpu         ] GC(602) User=0.07s Sys=0.00s Real=0.04s
[255.581s][info][gc,start       ] GC(603) Pause Young (Mixed) (G1 Evacuation Pause)
[255.581s][info][gc,task        ] GC(603) Using 2 workers of 2 for evacuation
[255.622s][info][gc,phases      ] GC(603)   Pre Evacuate Collection Set: 0.36ms
[255.622s][info][gc,phases      ] GC(603)   Merge Heap Roots: 0.29ms
[255.622s][info][gc,phases      ] GC(603)   Evacuate Collection Set: 39.41ms
[255.622s][info][gc,phases      ] GC(603)   Post Evacuate Collection Set: 0.59ms
[255.622s][info][gc,phases      ] GC(603)   Other: 0.10ms
[255.622s][info][gc,heap        ] GC(603) Eden regions: 339->0(400)
[255.622s][info][gc,heap        ] GC(603) Survivor regions: 29->10(46)
[255.622s][info][gc,heap        ] GC(603) Old regions: 506->464
[255.622s][info][gc,heap        ] GC(603) Humongous regions: 5->5
[255.622s][info][gc,metaspace   ] GC(603) Metaspace: 18756K(18944K)->18756K(18944K) NonClass: 16093K(16192K)->16093K(16192K) Class: 2663K(2752K)->2663K(2752K)
[255.622s][info][gc             ] GC(603) Pause Young (Mixed) (G1 Evacuation Pause) 877M->478M(978M) 40.982ms
[255.622s][info][gc,cpu         ] GC(603) User=0.09s Sys=0.00s Real=0.04s
[256.180s][info][gc,start       ] GC(604) Pause Young (Concurrent Start) (G1 Evacuation Pause)
[256.180s][info][gc,task        ] GC(604) Using 2 workers of 2 for evacuation
[256.259s][info][gc,phases      ] GC(604)   Pre Evacuate Collection Set: 0.29ms
[256.259s][info][gc,phases      ] GC(604)   Merge Heap Roots: 0.36ms
[256.259s][info][gc,phases      ] GC(604)   Evacuate Collection Set: 77.66ms
[256.259s][info][gc,phases      ] GC(604)   Post Evacuate Collection Set: 0.77ms
[256.259s][info][gc,phases      ] GC(604)   Other: 0.13ms
[256.259s][info][gc,heap        ] GC(604) Eden regions: 400->0(311)
[256.259s][info][gc,heap        ] GC(604) Survivor regions: 10->52(52)
[256.259s][info][gc,heap        ] GC(604) Old regions: 464->489
[256.259s][info][gc,heap        ] GC(604) Humongous regions: 5->5
[256.259s][info][gc,metaspace   ] GC(604) Metaspace: 18756K(18944K)->18756K(18944K) NonClass: 16093K(16192K)->16093K(16192K) Class: 2663K(2752K)->2663K(2752K)
[256.259s][info][gc             ] GC(604) Pause Young (Concurrent Start) (G1 Evacuation Pause) 878M->545M(978M) 79.460ms
[256.259s][info][gc,cpu         ] GC(604) User=0.15s Sys=0.00s Real=0.08s
[256.259s][info][gc             ] GC(605) Concurrent Mark Cycle
[256.259s][info][gc,marking     ] GC(605) Concurrent Scan Root Regions
[256.338s][info][gc,marking     ] GC(605) Concurrent Scan Root Regions 78.660ms
[256.338s][info][gc,marking     ] GC(605) Concurrent Mark
[256.338s][info][gc,marking     ] GC(605) Concurrent Mark From Roots
[256.338s][info][gc,task        ] GC(605) Using 1 workers of 1 for marking
[257.104s][info][gc,start       ] GC(606) Pause Young (Normal) (G1 Evacuation Pause)
[257.104s][info][gc,task        ] GC(606) Using 2 workers of 2 for evacuation
[257.200s][info][gc,phases      ] GC(606)   Pre Evacuate Collection Set: 0.29ms
[257.200s][info][gc,phases      ] GC(606)   Merge Heap Roots: 0.56ms
[257.200s][info][gc,phases      ] GC(606)   Evacuate Collection Set: 94.48ms
[257.200s][info][gc,phases      ] GC(606)   Post Evacuate Collection Set: 0.65ms
[257.200s][info][gc,phases      ] GC(606)   Other: 0.13ms
[257.200s][info][gc,heap        ] GC(606) Eden regions: 311->0(302)
[257.200s][info][gc,heap        ] GC(606) Survivor regions: 52->19(46)
[257.200s][info][gc,heap        ] GC(606) Old regions: 489->542
[257.200s][info][gc,heap        ] GC(606) Humongous regions: 8->8
[257.200s][info][gc,metaspace   ] GC(606) Metaspace: 18757K(18944K)->18757K(18944K) NonClass: 16093K(16192K)->16093K(16192K) Class: 2663K(2752K)->2663K(2752K)
[257.200s][info][gc             ] GC(606) Pause Young (Normal) (G1 Evacuation Pause) 859M->567M(978M) 96.364ms
[257.200s][info][gc,cpu         ] GC(606) User=0.19s Sys=0.00s Real=0.10s
[257.217s][info][gc,marking     ] GC(605) Concurrent Mark From Roots 878.646ms
[257.217s][info][gc,marking     ] GC(605) Concurrent Preclean
[257.217s][info][gc,marking     ] GC(605) Concurrent Preclean 0.041ms
[257.217s][info][gc,start       ] GC(605) Pause Remark
[257.224s][info][gc             ] GC(605) Pause Remark 569M->427M(978M) 7.318ms
[257.224s][info][gc,cpu         ] GC(605) User=0.01s Sys=0.00s Real=0.01s
[257.224s][info][gc,marking     ] GC(605) Concurrent Mark 886.284ms
[257.224s][info][gc,marking     ] GC(605) Concurrent Rebuild Remembered Sets and Scrub Regions
[257.472s][info][gc,marking     ] GC(605) Concurrent Rebuild Remembered Sets and Scrub Regions 247.473ms
[257.472s][info][gc,start       ] GC(605) Pause Cleanup
[257.472s][info][gc             ] GC(605) Pause Cleanup 637M->637M(978M) 0.078ms
[257.472s][info][gc,cpu         ] GC(605) User=0.00s Sys=0.00s Real=0.00s
[257.472s][info][gc,marking     ] GC(605) Concurrent Clear Claimed Marks
[257.472s][info][gc,marking     ] GC(605) Concurrent Clear Claimed Marks 0.028ms
[257.472s][info][gc,marking     ] GC(605) Concurrent Cleanup for Next Mark
[257.475s][info][gc,marking     ] GC(605) Concurrent Cleanup for Next Mark 2.818ms
[257.475s][info][gc             ] GC(605) Concurrent Mark Cycle 1215.735ms
[257.621s][info][gc,start       ] GC(607) Pause Young (Prepare Mixed) (G1 Evacuation Pause)
[257.621s][info][gc,task        ] GC(607) Using 2 workers of 2 for evacuation
[257.716s][info][gc,phases      ] GC(607)   Pre Evacuate Collection Set: 0.49ms
[257.716s][info][gc,phases      ] GC(607)   Merge Heap Roots: 0.47ms
[257.716s][info][gc,phases      ] GC(607)   Evacuate Collection Set: 93.08ms
[257.716s][info][gc,phases      ] GC(607)   Post Evacuate Collection Set: 0.93ms
[257.716s][info][gc,phases      ] GC(607)   Other: 0.11ms
[257.716s][info][gc,heap        ] GC(607) Eden regions: 302->0(330)
[257.716s][info][gc,heap        ] GC(607) Survivor regions: 19->41(41)
[257.716s][info][gc,heap        ] GC(607) Old regions: 402->448
[257.716s][info][gc,heap        ] GC(607) Humongous regions: 6->6
[257.716s][info][gc,metaspace   ] GC(607) Metaspace: 18757K(18944K)->18757K(18944K) NonClass: 16093K(16192K)->16093K(16192K) Class: 2663K(2752K)->2663K(2752K)
[257.716s][info][gc             ] GC(607) Pause Young (Prepare Mixed) (G1 Evacuation Pause) 727M->494M(978M) 95.352ms
[257.716s][info][gc,cpu         ] GC(607) User=0.19s Sys=0.00s Real=0.09s
[258.158s][info][gc,start       ] GC(608) Pause Young (Mixed) (G1 Evacuation Pause)
[258.158s][info][gc,task        ] GC(608) Using 2 workers of 2 for evacuation
[258.276s][info][gc,phases      ] GC(608)   Pre Evacuate Collection Set: 0.32ms
[258.276s][info][gc,phases      ] GC(608)   Merge Heap Roots: 1.02ms
[258.276s][info][gc,phases      ] GC(608)   Evacuate Collection Set: 115.84ms
[258.276s][info][gc,phases      ] GC(608)   Post Evacuate Collection Set: 0.89ms
[258.276s][info][gc,phases      ] GC(608)   Other: 0.10ms
[258.276s][info][gc,heap        ] GC(608) Eden regions: 330->0(344)
[258.276s][info][gc,heap        ] GC(608) Survivor regions: 41->40(47)
[258.276s][info][gc,heap        ] GC(608) Old regions: 448->446
[258.276s][info][gc,heap        ] GC(608) Humongous regions: 9->9
[258.276s][info][gc,metaspace   ] GC(608) Metaspace: 18757K(18944K)->18757K(18944K) NonClass: 16093K(16192K)->16093K(16192K) Class: 2663K(2752K)->2663K(2752K)
[258.276s][info][gc             ] GC(608) Pause Young (Mixed) (G1 Evacuation Pause) 827M->494M(978M) 118.439ms
[258.276s][info][gc,cpu         ] GC(608) User=0.23s Sys=0.00s Real=0.12s
[258.790s][info][gc,start       ] GC(609) Pause Young (Concurrent Start) (G1 Evacuation Pause)
[258.790s][info][gc,task        ] GC(609) Using 2 workers of 2 for evacuation
[258.851s][info][gc,phases      ] GC(609)   Pre Evacuate Collection Set: 0.32ms
[258.851s][info][gc,phases      ] GC(609)   Merge Heap Roots: 0.54ms
[258.851s][info][gc,phases      ] GC(609)   Evacuate Collection Set: 59.19ms
[258.851s][info][gc,phases      ] GC(609)   Post Evacuate Collection Set: 0.66ms
[258.851s][info][gc,phases      ] GC(609)   Other: 0.18ms
[258.851s][info][gc,heap        ] GC(609) Eden regions: 344->0(365)
[258.851s][info][gc,heap        ] GC(609) Survivor regions: 40->18(48)
[258.851s][info][gc,heap        ] GC(609) Old regions: 446->469
[258.851s][info][gc,heap        ] GC(609) Humongous regions: 9->9
[258.851s][info][gc,metaspace   ] GC(609) Metaspace: 18757K(18944K)->18757K(18944K) NonClass: 16093K(16192K)->16093K(16192K) Class: 2663K(2752K)->2663K(2752K)
[258.851s][info][gc             ] GC(609) Pause Young (Concurrent Start) (G1 Evacuation Pause) 838M->495M(978M) 61.122ms
[258.851s][info][gc,cpu         ] GC(609) User=0.12s Sys=0.00s Real=0.07s
[258.851s][info][gc             ] GC(610) Concurrent Mark Cycle
[258.853s][info][gc,marking     ] GC(610) Concurrent Scan Root Regions
[258.927s][info][gc,marking     ] GC(610) Concurrent Scan Root Regions 73.536ms
[258.927s][info][gc,marking     ] GC(610) Concurrent Mark
[258.927s][info][gc,marking     ] GC(610) Concurrent Mark From Roots
[258.927s][info][gc,task        ] GC(610) Using 1 workers of 1 for marking
[260.009s][info][gc,start       ] GC(611) Pause Young (Normal) (G1 Evacuation Pause)
[260.009s][info][gc,task        ] GC(611) Using 2 workers of 2 for evacuation
[260.041s][info][gc,phases      ] GC(611)   Pre Evacuate Collection Set: 0.28ms
[260.041s][info][gc,phases      ] GC(611)   Merge Heap Roots: 0.32ms
[260.041s][info][gc,phases      ] GC(611)   Evacuate Collection Set: 30.17ms
[260.041s][info][gc,phases      ] GC(611)   Post Evacuate Collection Set: 0.63ms
[260.041s][info][gc,phases      ] GC(611)   Other: 0.08ms
[260.041s][info][gc,heap        ] GC(611) Eden regions: 365->0(384)
[260.041s][info][gc,heap        ] GC(611) Survivor regions: 18->18(48)
[260.041s][info][gc,heap        ] GC(611) Old regions: 469->469
[260.041s][info][gc,heap        ] GC(611) Humongous regions: 9->9
[260.041s][info][gc,metaspace   ] GC(611) Metaspace: 18757K(18944K)->18757K(18944K) NonClass: 16093K(16192K)->16093K(16192K) Class: 2663K(2752K)->2663K(2752K)
[260.041s][info][gc             ] GC(611) Pause Young (Normal) (G1 Evacuation Pause) 860M->495M(978M) 31.715ms
[260.041s][info][gc,cpu         ] GC(611) User=0.06s Sys=0.00s Real=0.04s
[260.176s][info][gc,marking     ] GC(610) Concurrent Mark From Roots 1248.966ms
[260.176s][info][gc,marking     ] GC(610) Concurrent Preclean
[260.176s][info][gc,marking     ] GC(610) Concurrent Preclean 0.046ms
[260.176s][info][gc,start       ] GC(610) Pause Remark
[260.184s][info][gc             ] GC(610) Pause Remark 537M->535M(978M) 7.305ms
[260.184s][info][gc,cpu         ] GC(610) User=0.02s Sys=0.00s Real=0.01s
[260.184s][info][gc,marking     ] GC(610) Concurrent Mark 1256.635ms
[260.184s][info][gc,marking     ] GC(610) Concurrent Rebuild Remembered Sets and Scrub Regions
[260.640s][info][gc,marking     ] GC(610) Concurrent Rebuild Remembered Sets and Scrub Regions 455.937ms
[260.640s][info][gc,start       ] GC(610) Pause Cleanup
[260.640s][info][gc             ] GC(610) Pause Cleanup 868M->868M(978M) 0.095ms
[260.640s][info][gc,cpu         ] GC(610) User=0.00s Sys=0.00s Real=0.00s
[260.640s][info][gc,marking     ] GC(610) Concurrent Clear Claimed Marks
[260.640s][info][gc,marking     ] GC(610) Concurrent Clear Claimed Marks 0.045ms
[260.640s][info][gc,marking     ] GC(610) Concurrent Cleanup for Next Mark
[260.647s][info][gc,marking     ] GC(610) Concurrent Cleanup for Next Mark 6.799ms
[260.647s][info][gc             ] GC(610) Concurrent Mark Cycle 1796.159ms
[260.649s][info][gc,start       ] GC(612) Pause Young (Prepare Mixed) (G1 Evacuation Pause)
[260.649s][info][gc,task        ] GC(612) Using 2 workers of 2 for evacuation
[260.720s][info][gc,phases      ] GC(612)   Pre Evacuate Collection Set: 0.27ms
[260.720s][info][gc,phases      ] GC(612)   Merge Heap Roots: 0.59ms
[260.720s][info][gc,phases      ] GC(612)   Evacuate Collection Set: 69.30ms
[260.720s][info][gc,phases      ] GC(612)   Post Evacuate Collection Set: 0.70ms
[260.720s][info][gc,phases      ] GC(612)   Other: 0.10ms
[260.720s][info][gc,heap        ] GC(612) Eden regions: 384->0(349)
[260.720s][info][gc,heap        ] GC(612) Survivor regions: 18->51(51)
[260.720s][info][gc,heap        ] GC(612) Old regions: 469->470
[260.720s][info][gc,heap        ] GC(612) Humongous regions: 7->7
[260.720s][info][gc,metaspace   ] GC(612) Metaspace: 18757K(18944K)->18757K(18944K) NonClass: 16093K(16192K)->16093K(16192K) Class: 2663K(2752K)->2663K(2752K)
[260.720s][info][gc             ] GC(612) Pause Young (Prepare Mixed) (G1 Evacuation Pause) 877M->527M(978M) 71.170ms
[260.720s][info][gc,cpu         ] GC(612) User=0.14s Sys=0.00s Real=0.07s
[261.024s][info][gc,start       ] GC(613) Pause Young (Mixed) (G1 Evacuation Pause)
[261.024s][info][gc,task        ] GC(613) Using 2 workers of 2 for evacuation
[261.112s][info][gc,phases      ] GC(613)   Pre Evacuate Collection Set: 0.30ms
[261.112s][info][gc,phases      ] GC(613)   Merge Heap Roots: 0.42ms
[261.112s][info][gc,phases      ] GC(613)   Evacuate Collection Set: 86.46ms
[261.112s][info][gc,phases      ] GC(613)   Post Evacuate Collection Set: 0.64ms
[261.112s][info][gc,phases      ] GC(613)   Other: 0.10ms
[261.112s][info][gc,heap        ] GC(613) Eden regions: 349->0(347)
[261.112s][info][gc,heap        ] GC(613) Survivor regions: 51->20(50)
[261.112s][info][gc,heap        ] GC(613) Old regions: 470->512
[261.112s][info][gc,heap        ] GC(613) Humongous regions: 7->7
[261.112s][info][gc,metaspace   ] GC(613) Metaspace: 18757K(18944K)->18757K(18944K) NonClass: 16093K(16192K)->16093K(16192K) Class: 2663K(2752K)->2663K(2752K)
[261.112s][info][gc             ] GC(613) Pause Young (Mixed) (G1 Evacuation Pause) 876M->538M(978M) 88.181ms
[261.112s][info][gc,cpu         ] GC(613) User=0.17s Sys=0.00s Real=0.09s
[261.386s][info][gc,start       ] GC(614) Pause Young (Concurrent Start) (G1 Evacuation Pause)
[261.386s][info][gc,task        ] GC(614) Using 2 workers of 2 for evacuation
[261.457s][info][gc,phases      ] GC(614)   Pre Evacuate Collection Set: 0.30ms
[261.457s][info][gc,phases      ] GC(614)   Merge Heap Roots: 0.32ms
[261.457s][info][gc,phases      ] GC(614)   Evacuate Collection Set: 69.94ms
[261.457s][info][gc,phases      ] GC(614)   Post Evacuate Collection Set: 0.58ms
[261.457s][info][gc,phases      ] GC(614)   Other: 0.11ms
[261.457s][info][gc,heap        ] GC(614) Eden regions: 347->0(300)
[261.457s][info][gc,heap        ] GC(614) Survivor regions: 20->46(46)
[261.457s][info][gc,heap        ] GC(614) Old regions: 512->529
[261.457s][info][gc,heap        ] GC(614) Humongous regions: 7->7
[261.457s][info][gc,metaspace   ] GC(614) Metaspace: 18757K(18944K)->18757K(18944K) NonClass: 16093K(16192K)->16093K(16192K) Class: 2663K(2752K)->2663K(2752K)
[261.457s][info][gc             ] GC(614) Pause Young (Concurrent Start) (G1 Evacuation Pause) 885M->581M(978M) 71.474ms
[261.457s][info][gc,cpu         ] GC(614) User=0.14s Sys=0.00s Real=0.07s
[261.458s][info][gc             ] GC(615) Concurrent Mark Cycle
[261.461s][info][gc,marking     ] GC(615) Concurrent Scan Root Regions
[261.580s][info][gc,marking     ] GC(615) Concurrent Scan Root Regions 119.033ms
[261.580s][info][gc,marking     ] GC(615) Concurrent Mark
[261.581s][info][gc,marking     ] GC(615) Concurrent Mark From Roots
[261.581s][info][gc,task        ] GC(615) Using 1 workers of 1 for marking
[262.093s][info][gc,start       ] GC(616) Pause Young (Normal) (G1 Evacuation Pause)
[262.094s][info][gc,task        ] GC(616) Using 2 workers of 2 for evacuation
[262.156s][info][gc,phases      ] GC(616)   Pre Evacuate Collection Set: 0.30ms
[262.156s][info][gc,phases      ] GC(616)   Merge Heap Roots: 0.26ms
[262.156s][info][gc,phases      ] GC(616)   Evacuate Collection Set: 61.02ms
[262.156s][info][gc,phases      ] GC(616)   Post Evacuate Collection Set: 0.56ms
[262.156s][info][gc,phases      ] GC(616)   Other: 0.08ms
[262.156s][info][gc,heap        ] GC(616) Eden regions: 300->0(294)
[262.156s][info][gc,heap        ] GC(616) Survivor regions: 46->15(44)
[262.156s][info][gc,heap        ] GC(616) Old regions: 529->576
[262.156s][info][gc,heap        ] GC(616) Humongous regions: 7->7
[262.156s][info][gc,metaspace   ] GC(616) Metaspace: 18757K(18944K)->18757K(18944K) NonClass: 16093K(16192K)->16093K(16192K) Class: 2663K(2752K)->2663K(2752K)
[262.156s][info][gc             ] GC(616) Pause Young (Normal) (G1 Evacuation Pause) 881M->596M(978M) 62.423ms
[262.156s][info][gc,cpu         ] GC(616) User=0.12s Sys=0.00s Real=0.06s
[263.169s][info][gc,start       ] GC(617) Pause Young (Normal) (G1 Evacuation Pause)
[263.170s][info][gc,task        ] GC(617) Using 2 workers of 2 for evacuation
[263.202s][info][gc,phases      ] GC(617)   Pre Evacuate Collection Set: 0.31ms
[263.202s][info][gc,phases      ] GC(617)   Merge Heap Roots: 0.25ms
[263.202s][info][gc,phases      ] GC(617)   Evacuate Collection Set: 30.88ms
[263.202s][info][gc,phases      ] GC(617)   Post Evacuate Collection Set: 0.52ms
[263.202s][info][gc,phases      ] GC(617)   Other: 0.10ms
[263.202s][info][gc,heap        ] GC(617) Eden regions: 294->0(291)
[263.202s][info][gc,heap        ] GC(617) Survivor regions: 15->27(39)
[263.202s][info][gc,heap        ] GC(617) Old regions: 576->576
[263.202s][info][gc,heap        ] GC(617) Humongous regions: 7->7
[263.202s][info][gc,metaspace   ] GC(617) Metaspace: 18757K(18944K)->18757K(18944K) NonClass: 16093K(16192K)->16093K(16192K) Class: 2663K(2752K)->2663K(2752K)
[263.202s][info][gc             ] GC(617) Pause Young (Normal) (G1 Evacuation Pause) 890M->609M(978M) 32.283ms
[263.202s][info][gc,cpu         ] GC(617) User=0.06s Sys=0.00s Real=0.04s
[263.343s][info][gc,marking     ] GC(615) Concurrent Mark From Roots 1762.723ms
[263.343s][info][gc,marking     ] GC(615) Concurrent Preclean
[263.343s][info][gc,marking     ] GC(615) Concurrent Preclean 0.048ms
[263.344s][info][gc,start       ] GC(615) Pause Remark
[263.351s][info][gc             ] GC(615) Pause Remark 652M->652M(978M) 7.281ms
[263.351s][info][gc,cpu         ] GC(615) User=0.02s Sys=0.00s Real=0.01s
[263.353s][info][gc,marking     ] GC(615) Concurrent Mark 1772.829ms
[263.353s][info][gc,marking     ] GC(615) Concurrent Rebuild Remembered Sets and Scrub Regions
[263.913s][info][gc,marking     ] GC(615) Concurrent Rebuild Remembered Sets and Scrub Regions 559.494ms
[263.915s][info][gc,start       ] GC(615) Pause Cleanup
[263.915s][info][gc             ] GC(615) Pause Cleanup 817M->817M(978M) 0.120ms
[263.915s][info][gc,cpu         ] GC(615) User=0.00s Sys=0.00s Real=0.00s
[263.915s][info][gc,marking     ] GC(615) Concurrent Clear Claimed Marks
[263.915s][info][gc,marking     ] GC(615) Concurrent Clear Claimed Marks 0.052ms
[263.915s][info][gc,marking     ] GC(615) Concurrent Cleanup for Next Mark
[263.922s][info][gc,marking     ] GC(615) Concurrent Cleanup for Next Mark 7.362ms
[263.922s][info][gc             ] GC(615) Concurrent Mark Cycle 2464.845ms
[264.104s][info][gc,start       ] GC(618) Pause Young (Prepare Mixed) (G1 Evacuation Pause)
[264.104s][info][gc,task        ] GC(618) Using 2 workers of 2 for evacuation
[264.133s][info][gc,phases      ] GC(618)   Pre Evacuate Collection Set: 0.52ms
[264.134s][info][gc,phases      ] GC(618)   Merge Heap Roots: 0.29ms
[264.134s][info][gc,phases      ] GC(618)   Evacuate Collection Set: 28.20ms
[264.134s][info][gc,phases      ] GC(618)   Post Evacuate Collection Set: 0.51ms
[264.134s][info][gc,phases      ] GC(618)   Other: 0.10ms
[264.134s][info][gc,heap        ] GC(618) Eden regions: 291->0(305)
[264.134s][info][gc,heap        ] GC(618) Survivor regions: 27->13(40)
[264.134s][info][gc,heap        ] GC(618) Old regions: 576->590
[264.134s][info][gc,heap        ] GC(618) Humongous regions: 7->7
[264.134s][info][gc,metaspace   ] GC(618) Metaspace: 18757K(18944K)->18757K(18944K) NonClass: 16093K(16192K)->16093K(16192K) Class: 2663K(2752K)->2663K(2752K)
[264.134s][info][gc             ] GC(618) Pause Young (Prepare Mixed) (G1 Evacuation Pause) 900M->609M(978M) 29.843ms
[264.134s][info][gc,cpu         ] GC(618) User=0.06s Sys=0.00s Real=0.03s
[264.834s][info][gc,start       ] GC(619) Pause Young (Mixed) (G1 Evacuation Pause)
[264.834s][info][gc,task        ] GC(619) Using 2 workers of 2 for evacuation
[264.851s][info][gc,phases      ] GC(619)   Pre Evacuate Collection Set: 0.31ms
[264.851s][info][gc,phases      ] GC(619)   Merge Heap Roots: 0.21ms
[264.851s][info][gc,phases      ] GC(619)   Evacuate Collection Set: 15.47ms
[264.851s][info][gc,phases      ] GC(619)   Post Evacuate Collection Set: 0.51ms
[264.851s][info][gc,phases      ] GC(619)   Other: 0.09ms
[264.851s][info][gc,heap        ] GC(619) Eden regions: 305->0(314)
[264.851s][info][gc,heap        ] GC(619) Survivor regions: 13->13(40)
[264.851s][info][gc,heap        ] GC(619) Old regions: 590->581
[264.851s][info][gc,heap        ] GC(619) Humongous regions: 7->7
[264.851s][info][gc,metaspace   ] GC(619) Metaspace: 18757K(18944K)->18757K(18944K) NonClass: 16093K(16192K)->16093K(16192K) Class: 2663K(2752K)->2663K(2752K)
[264.851s][info][gc             ] GC(619) Pause Young (Mixed) (G1 Evacuation Pause) 914M->600M(978M) 16.788ms
[264.851s][info][gc,cpu         ] GC(619) User=0.03s Sys=0.00s Real=0.02s
[265.234s][info][gc,start       ] GC(620) Pause Young (Concurrent Start) (G1 Evacuation Pause)
[265.234s][info][gc,task        ] GC(620) Using 2 workers of 2 for evacuation
[265.316s][info][gc,phases      ] GC(620)   Pre Evacuate Collection Set: 0.35ms
[265.316s][info][gc,phases      ] GC(620)   Merge Heap Roots: 0.19ms
[265.316s][info][gc,phases      ] GC(620)   Evacuate Collection Set: 74.92ms
[265.316s][info][gc,phases      ] GC(620)   Post Evacuate Collection Set: 5.95ms
[265.316s][info][gc,phases      ] GC(620)   Other: 0.20ms
[265.316s][info][gc,heap        ] GC(620) Eden regions: 314->0(171)
[265.316s][info][gc,heap        ] GC(620) Survivor regions: 13->41(41)
[265.316s][info][gc,heap        ] GC(620) Old regions: 581->668
[265.316s][info][gc,heap        ] GC(620) Humongous regions: 7->7
[265.316s][info][gc,metaspace   ] GC(620) Metaspace: 18757K(18944K)->18757K(18944K) NonClass: 16093K(16192K)->16093K(16192K) Class: 2663K(2752K)->2663K(2752K)
[265.316s][info][gc             ] GC(620) Pause Young (Concurrent Start) (G1 Evacuation Pause) (Evacuation Failure: Allocation) 914M->715M(978M) 81.849ms
[265.316s][info][gc             ] GC(621) Concurrent Mark Cycle
[265.316s][info][gc,marking     ] GC(621) Concurrent Scan Root Regions
[265.316s][info][gc,cpu         ] GC(620) User=0.16s Sys=0.00s Real=0.08s
[265.417s][info][gc,marking     ] GC(621) Concurrent Scan Root Regions 100.850ms
[265.417s][info][gc,marking     ] GC(621) Concurrent Mark
[265.417s][info][gc,marking     ] GC(621) Concurrent Mark From Roots
[265.417s][info][gc,task        ] GC(621) Using 1 workers of 1 for marking
[265.707s][info][gc,start       ] GC(622) Pause Young (Normal) (G1 Evacuation Pause)
[265.707s][info][gc,task        ] GC(622) Using 2 workers of 2 for evacuation
[265.778s][info][gc,phases      ] GC(622)   Pre Evacuate Collection Set: 0.57ms
[265.778s][info][gc,phases      ] GC(622)   Merge Heap Roots: 0.76ms
[265.778s][info][gc,phases      ] GC(622)   Evacuate Collection Set: 68.71ms
[265.778s][info][gc,phases      ] GC(622)   Post Evacuate Collection Set: 0.60ms
[265.778s][info][gc,phases      ] GC(622)   Other: 0.09ms
[265.778s][info][gc,heap        ] GC(622) Eden regions: 171->0(234)
[265.778s][info][gc,heap        ] GC(622) Survivor regions: 41->8(27)
[265.778s][info][gc,heap        ] GC(622) Old regions: 668->663
[265.778s][info][gc,heap        ] GC(622) Humongous regions: 7->7
[265.778s][info][gc,metaspace   ] GC(622) Metaspace: 18757K(18944K)->18757K(18944K) NonClass: 16093K(16192K)->16093K(16192K) Class: 2663K(2752K)->2663K(2752K)
[265.778s][info][gc             ] GC(622) Pause Young (Normal) (G1 Evacuation Pause) 886M->677M(978M) 71.069ms
[265.778s][info][gc,cpu         ] GC(622) User=0.14s Sys=0.00s Real=0.07s
[266.252s][info][gc,start       ] GC(623) Pause Young (Normal) (G1 Evacuation Pause)
[266.252s][info][gc,task        ] GC(623) Using 2 workers of 2 for evacuation
[266.336s][info][gc,phases      ] GC(623)   Pre Evacuate Collection Set: 0.27ms
[266.336s][info][gc,phases      ] GC(623)   Merge Heap Roots: 0.36ms
[266.336s][info][gc,phases      ] GC(623)   Evacuate Collection Set: 79.55ms
[266.336s][info][gc,phases      ] GC(623)   Post Evacuate Collection Set: 3.48ms
[266.336s][info][gc,phases      ] GC(623)   Other: 0.11ms
[266.336s][info][gc,heap        ] GC(623) Eden regions: 234->0(119)
[266.336s][info][gc,heap        ] GC(623) Survivor regions: 8->31(31)
[266.336s][info][gc,heap        ] GC(623) Old regions: 663->737
[266.336s][info][gc,heap        ] GC(623) Humongous regions: 10->10
[266.336s][info][gc,metaspace   ] GC(623) Metaspace: 18757K(18944K)->18757K(18944K) NonClass: 16093K(16192K)->16093K(16192K) Class: 2663K(2752K)->2663K(2752K)
[266.336s][info][gc             ] GC(623) Pause Young (Normal) (G1 Evacuation Pause) (Evacuation Failure: Allocation) 914M->777M(978M) 84.001ms
[266.336s][info][gc,cpu         ] GC(623) User=0.17s Sys=0.00s Real=0.08s
[266.607s][info][gc,start       ] GC(624) Pause Young (Normal) (G1 Evacuation Pause)
[266.607s][info][gc,task        ] GC(624) Using 2 workers of 2 for evacuation
[266.685s][info][gc,phases      ] GC(624)   Pre Evacuate Collection Set: 0.34ms
[266.685s][info][gc,phases      ] GC(624)   Merge Heap Roots: 0.47ms
[266.685s][info][gc,phases      ] GC(624)   Evacuate Collection Set: 76.65ms
[266.686s][info][gc,phases      ] GC(624)   Post Evacuate Collection Set: 0.47ms
[266.686s][info][gc,phases      ] GC(624)   Other: 0.08ms
[266.686s][info][gc,heap        ] GC(624) Eden regions: 119->0(138)
[266.686s][info][gc,heap        ] GC(624) Survivor regions: 31->19(19)
[266.686s][info][gc,heap        ] GC(624) Old regions: 737->742
[266.686s][info][gc,heap        ] GC(624) Humongous regions: 10->10
[266.686s][info][gc,metaspace   ] GC(624) Metaspace: 18757K(18944K)->18757K(18944K) NonClass: 16093K(16192K)->16093K(16192K) Class: 2663K(2752K)->2663K(2752K)
[266.686s][info][gc             ] GC(624) Pause Young (Normal) (G1 Evacuation Pause) 896M->770M(978M) 78.304ms
[266.686s][info][gc,cpu         ] GC(624) User=0.15s Sys=0.01s Real=0.08s
[266.938s][info][gc,start       ] GC(625) Pause Young (Normal) (G1 Evacuation Pause)
[266.938s][info][gc,task        ] GC(625) Using 2 workers of 2 for evacuation
[266.956s][info][gc,phases      ] GC(625)   Pre Evacuate Collection Set: 0.48ms
[266.956s][info][gc,phases      ] GC(625)   Merge Heap Roots: 0.16ms
[266.956s][info][gc,phases      ] GC(625)   Evacuate Collection Set: 17.16ms
[266.956s][info][gc,phases      ] GC(625)   Post Evacuate Collection Set: 0.38ms
[266.956s][info][gc,phases      ] GC(625)   Other: 0.09ms
[266.956s][info][gc,heap        ] GC(625) Eden regions: 138->0(148)
[266.956s][info][gc,heap        ] GC(625) Survivor regions: 19->1(20)
[266.956s][info][gc,heap        ] GC(625) Old regions: 742->761
[266.956s][info][gc,heap        ] GC(625) Humongous regions: 10->10
[266.956s][info][gc,metaspace   ] GC(625) Metaspace: 18757K(18944K)->18757K(18944K) NonClass: 16093K(16192K)->16093K(16192K) Class: 2663K(2752K)->2663K(2752K)
[266.956s][info][gc             ] GC(625) Pause Young (Normal) (G1 Evacuation Pause) 908M->771M(978M) 18.502ms
[266.956s][info][gc,cpu         ] GC(625) User=0.03s Sys=0.00s Real=0.02s
[267.215s][info][gc,marking     ] GC(621) Concurrent Mark From Roots 1798.026ms
[267.215s][info][gc,marking     ] GC(621) Concurrent Preclean
[267.215s][info][gc,marking     ] GC(621) Concurrent Preclean 0.049ms
[267.215s][info][gc,start       ] GC(621) Pause Remark
[267.222s][info][gc             ] GC(621) Pause Remark 912M->850M(978M) 7.308ms
[267.222s][info][gc,cpu         ] GC(621) User=0.01s Sys=0.00s Real=0.01s
[267.222s][info][gc,marking     ] GC(621) Concurrent Mark 1805.725ms
[267.222s][info][gc,marking     ] GC(621) Concurrent Rebuild Remembered Sets and Scrub Regions
[267.239s][info][gc,start       ] GC(626) Pause Young (Normal) (G1 Evacuation Pause)
[267.239s][info][gc,task        ] GC(626) Using 2 workers of 2 for evacuation
[267.241s][info][gc,phases      ] GC(626)   Pre Evacuate Collection Set: 0.24ms
[267.241s][info][gc,phases      ] GC(626)   Merge Heap Roots: 0.07ms
[267.241s][info][gc,phases      ] GC(626)   Evacuate Collection Set: 1.00ms
[267.241s][info][gc,phases      ] GC(626)   Post Evacuate Collection Set: 0.30ms
[267.241s][info][gc,phases      ] GC(626)   Other: 0.08ms
[267.241s][info][gc,heap        ] GC(626) Eden regions: 148->0(203)
[267.241s][info][gc,heap        ] GC(626) Survivor regions: 1->1(19)
[267.241s][info][gc,heap        ] GC(626) Old regions: 700->700
[267.241s][info][gc,heap        ] GC(626) Humongous regions: 9->9
[267.241s][info][gc,metaspace   ] GC(626) Metaspace: 18757K(18944K)->18757K(18944K) NonClass: 16093K(16192K)->16093K(16192K) Class: 2663K(2752K)->2663K(2752K)
[267.241s][info][gc             ] GC(626) Pause Young (Normal) (G1 Evacuation Pause) 857M->709M(978M) 1.863ms
[267.241s][info][gc,cpu         ] GC(626) User=0.01s Sys=0.00s Real=0.01s
[267.613s][info][gc,start       ] GC(627) Pause Young (Normal) (G1 Evacuation Pause)
[267.613s][info][gc,task        ] GC(627) Using 2 workers of 2 for evacuation
[267.615s][info][gc,phases      ] GC(627)   Pre Evacuate Collection Set: 0.27ms
[267.615s][info][gc,phases      ] GC(627)   Merge Heap Roots: 0.09ms
[267.615s][info][gc,phases      ] GC(627)   Evacuate Collection Set: 1.25ms
[267.615s][info][gc,phases      ] GC(627)   Post Evacuate Collection Set: 0.36ms
[267.615s][info][gc,phases      ] GC(627)   Other: 0.08ms
[267.615s][info][gc,heap        ] GC(627) Eden regions: 203->0(212)
[267.615s][info][gc,heap        ] GC(627) Survivor regions: 1->1(26)
[267.615s][info][gc,heap        ] GC(627) Old regions: 700->700
[267.615s][info][gc,heap        ] GC(627) Humongous regions: 9->9
[267.615s][info][gc,metaspace   ] GC(627) Metaspace: 18757K(18944K)->18757K(18944K) NonClass: 16093K(16192K)->16093K(16192K) Class: 2663K(2752K)->2663K(2752K)
[267.615s][info][gc             ] GC(627) Pause Young (Normal) (G1 Evacuation Pause) 912M->708M(978M) 2.245ms
[267.615s][info][gc,cpu         ] GC(627) User=0.01s Sys=0.00s Real=0.00s
[267.752s][info][gc,marking     ] GC(621) Concurrent Rebuild Remembered Sets and Scrub Regions 530.003ms
[267.753s][info][gc,start       ] GC(621) Pause Cleanup
[267.753s][info][gc             ] GC(621) Pause Cleanup 784M->784M(978M) 0.101ms
[267.753s][info][gc,cpu         ] GC(621) User=0.00s Sys=0.00s Real=0.00s
[267.753s][info][gc,marking     ] GC(621) Concurrent Clear Claimed Marks
[267.753s][info][gc,marking     ] GC(621) Concurrent Clear Claimed Marks 0.029ms
[267.753s][info][gc,marking     ] GC(621) Concurrent Cleanup for Next Mark
[267.756s][info][gc,marking     ] GC(621) Concurrent Cleanup for Next Mark 2.845ms
[267.756s][info][gc             ] GC(621) Concurrent Mark Cycle 2439.974ms
[267.905s][info][gc,start       ] GC(628) Pause Young (Prepare Mixed) (G1 Evacuation Pause)
[267.905s][info][gc,task        ] GC(628) Using 2 workers of 2 for evacuation
[267.907s][info][gc,phases      ] GC(628)   Pre Evacuate Collection Set: 0.29ms
[267.907s][info][gc,phases      ] GC(628)   Merge Heap Roots: 0.09ms
[267.907s][info][gc,phases      ] GC(628)   Evacuate Collection Set: 1.45ms
[267.907s][info][gc,phases      ] GC(628)   Post Evacuate Collection Set: 0.43ms
[267.907s][info][gc,phases      ] GC(628)   Other: 0.10ms
[267.907s][info][gc,heap        ] GC(628) Eden regions: 212->0(217)
[267.907s][info][gc,heap        ] GC(628) Survivor regions: 1->1(27)
[267.907s][info][gc,heap        ] GC(628) Old regions: 700->700
[267.907s][info][gc,heap        ] GC(628) Humongous regions: 9->9
[267.907s][info][gc,metaspace   ] GC(628) Metaspace: 18757K(18944K)->18757K(18944K) NonClass: 16093K(16192K)->16093K(16192K) Class: 2663K(2752K)->2663K(2752K)
[267.907s][info][gc             ] GC(628) Pause Young (Prepare Mixed) (G1 Evacuation Pause) 920M->709M(978M) 2.613ms
[267.907s][info][gc,cpu         ] GC(628) User=0.01s Sys=0.00s Real=0.00s
[268.135s][info][gc,start       ] GC(629) Pause Young (Mixed) (G1 Evacuation Pause)
[268.135s][info][gc,task        ] GC(629) Using 2 workers of 2 for evacuation
[268.138s][info][gc,phases      ] GC(629)   Pre Evacuate Collection Set: 0.53ms
[268.138s][info][gc,phases      ] GC(629)   Merge Heap Roots: 0.11ms
[268.138s][info][gc,phases      ] GC(629)   Evacuate Collection Set: 1.99ms
[268.138s][info][gc,phases      ] GC(629)   Post Evacuate Collection Set: 0.41ms
[268.138s][info][gc,phases      ] GC(629)   Other: 0.10ms
[268.138s][info][gc,heap        ] GC(629) Eden regions: 217->0(230)
[268.138s][info][gc,heap        ] GC(629) Survivor regions: 1->1(28)
[268.138s][info][gc,heap        ] GC(629) Old regions: 700->687
[268.138s][info][gc,heap        ] GC(629) Humongous regions: 9->9
[268.138s][info][gc,metaspace   ] GC(629) Metaspace: 18757K(18944K)->18757K(18944K) NonClass: 16093K(16192K)->16093K(16192K) Class: 2663K(2752K)->2663K(2752K)
[268.138s][info][gc             ] GC(629) Pause Young (Mixed) (G1 Evacuation Pause) 926M->696M(978M) 3.411ms
[268.138s][info][gc,cpu         ] GC(629) User=0.00s Sys=0.00s Real=0.00s
[268.344s][info][gc,start       ] GC(630) Pause Young (Concurrent Start) (G1 Humongous Allocation)
[268.344s][info][gc,task        ] GC(630) Using 2 workers of 2 for evacuation
[268.368s][info][gc,phases      ] GC(630)   Pre Evacuate Collection Set: 0.32ms
[268.368s][info][gc,phases      ] GC(630)   Merge Heap Roots: 0.31ms
[268.368s][info][gc,phases      ] GC(630)   Evacuate Collection Set: 22.31ms
[268.368s][info][gc,phases      ] GC(630)   Post Evacuate Collection Set: 0.53ms
[268.368s][info][gc,phases      ] GC(630)   Other: 0.13ms
[268.368s][info][gc,heap        ] GC(630) Eden regions: 179->0(212)
[268.368s][info][gc,heap        ] GC(630) Survivor regions: 1->10(29)
[268.368s][info][gc,heap        ] GC(630) Old regions: 687->687
[268.368s][info][gc,heap        ] GC(630) Humongous regions: 9->9
[268.368s][info][gc,metaspace   ] GC(630) Metaspace: 18757K(18944K)->18757K(18944K) NonClass: 16093K(16192K)->16093K(16192K) Class: 2663K(2752K)->2663K(2752K)
[268.368s][info][gc             ] GC(630) Pause Young (Concurrent Start) (G1 Humongous Allocation) 874M->705M(978M) 23.885ms
[268.368s][info][gc             ] GC(631) Concurrent Mark Cycle
[268.368s][info][gc,marking     ] GC(631) Concurrent Scan Root Regions
[268.370s][info][gc,cpu         ] GC(630) User=0.05s Sys=0.00s Real=0.03s
[268.394s][info][gc,marking     ] GC(631) Concurrent Scan Root Regions 26.597ms
[268.394s][info][gc,marking     ] GC(631) Concurrent Mark
[268.394s][info][gc,marking     ] GC(631) Concurrent Mark From Roots
[268.394s][info][gc,task        ] GC(631) Using 1 workers of 1 for marking
[268.888s][info][gc,marking     ] GC(631) Concurrent Mark From Roots 493.273ms
[268.888s][info][gc,marking     ] GC(631) Concurrent Preclean
[268.888s][info][gc,marking     ] GC(631) Concurrent Preclean 0.042ms
[268.888s][info][gc,start       ] GC(631) Pause Remark
[268.895s][info][gc             ] GC(631) Pause Remark 882M->565M(978M) 7.517ms
[268.896s][info][gc,cpu         ] GC(631) User=0.02s Sys=0.00s Real=0.01s
[268.896s][info][gc,marking     ] GC(631) Concurrent Mark 501.144ms
[268.896s][info][gc,marking     ] GC(631) Concurrent Rebuild Remembered Sets and Scrub Regions
[268.969s][info][gc,start       ] GC(632) Pause Young (Normal) (G1 Evacuation Pause)
[268.969s][info][gc,task        ] GC(632) Using 2 workers of 2 for evacuation
[269.007s][info][gc,phases      ] GC(632)   Pre Evacuate Collection Set: 0.29ms
[269.007s][info][gc,phases      ] GC(632)   Merge Heap Roots: 0.40ms
[269.007s][info][gc,phases      ] GC(632)   Evacuate Collection Set: 36.03ms
[269.007s][info][gc,phases      ] GC(632)   Post Evacuate Collection Set: 0.54ms
[269.007s][info][gc,phases      ] GC(632)   Other: 0.11ms
[269.007s][info][gc,heap        ] GC(632) Eden regions: 212->0(502)
[269.007s][info][gc,heap        ] GC(632) Survivor regions: 10->19(28)
[269.007s][info][gc,heap        ] GC(632) Old regions: 377->377
[269.007s][info][gc,heap        ] GC(632) Humongous regions: 5->5
[269.007s][info][gc,metaspace   ] GC(632) Metaspace: 18757K(18944K)->18757K(18944K) NonClass: 16093K(16192K)->16093K(16192K) Class: 2663K(2752K)->2663K(2752K)
[269.007s][info][gc             ] GC(632) Pause Young (Normal) (G1 Evacuation Pause) 603M->400M(978M) 37.633ms
[269.007s][info][gc,cpu         ] GC(632) User=0.08s Sys=0.00s Real=0.04s
[269.101s][info][gc,marking     ] GC(631) Concurrent Rebuild Remembered Sets and Scrub Regions 205.557ms
[269.101s][info][gc,start       ] GC(631) Pause Cleanup
[269.101s][info][gc             ] GC(631) Pause Cleanup 441M->441M(978M) 0.146ms
[269.102s][info][gc,cpu         ] GC(631) User=0.00s Sys=0.00s Real=0.00s
[269.102s][info][gc,marking     ] GC(631) Concurrent Clear Claimed Marks
[269.102s][info][gc,marking     ] GC(631) Concurrent Clear Claimed Marks 0.029ms
[269.102s][info][gc,marking     ] GC(631) Concurrent Cleanup for Next Mark
[269.104s][info][gc,marking     ] GC(631) Concurrent Cleanup for Next Mark 2.811ms
[269.104s][info][gc             ] GC(631) Concurrent Mark Cycle 736.639ms
[269.592s][info][gc,start       ] GC(633) Pause Young (Prepare Mixed) (G1 Evacuation Pause)
[269.592s][info][gc,task        ] GC(633) Using 2 workers of 2 for evacuation
[269.667s][info][gc,phases      ] GC(633)   Pre Evacuate Collection Set: 0.31ms
[269.667s][info][gc,phases      ] GC(633)   Merge Heap Roots: 0.62ms
[269.667s][info][gc,phases      ] GC(633)   Evacuate Collection Set: 72.37ms
[269.667s][info][gc,phases      ] GC(633)   Post Evacuate Collection Set: 0.81ms
[269.667s][info][gc,phases      ] GC(633)   Other: 0.10ms
[269.667s][info][gc,heap        ] GC(633) Eden regions: 502->0(440)
[269.667s][info][gc,heap        ] GC(633) Survivor regions: 19->53(66)
[269.667s][info][gc,heap        ] GC(633) Old regions: 377->377
[269.667s][info][gc,heap        ] GC(633) Humongous regions: 5->5
[269.667s][info][gc,metaspace   ] GC(633) Metaspace: 18757K(18944K)->18757K(18944K) NonClass: 16093K(16192K)->16093K(16192K) Class: 2663K(2752K)->2663K(2752K)
[269.667s][info][gc             ] GC(633) Pause Young (Prepare Mixed) (G1 Evacuation Pause) 902M->434M(978M) 74.440ms
[269.667s][info][gc,cpu         ] GC(633) User=0.14s Sys=0.00s Real=0.07s
[270.069s][info][gc,start       ] GC(634) Pause Young (Mixed) (G1 Evacuation Pause)
[270.069s][info][gc,task        ] GC(634) Using 2 workers of 2 for evacuation
[270.153s][info][gc,phases      ] GC(634)   Pre Evacuate Collection Set: 0.55ms
[270.153s][info][gc,phases      ] GC(634)   Merge Heap Roots: 0.51ms
[270.153s][info][gc,phases      ] GC(634)   Evacuate Collection Set: 82.25ms
[270.153s][info][gc,phases      ] GC(634)   Post Evacuate Collection Set: 0.83ms
[270.153s][info][gc,phases      ] GC(634)   Other: 0.12ms
[270.154s][info][gc,heap        ] GC(634) Eden regions: 440->0(538)
[270.154s][info][gc,heap        ] GC(634) Survivor regions: 53->13(62)
[270.154s][info][gc,heap        ] GC(634) Old regions: 377->332
[270.154s][info][gc,heap        ] GC(634) Humongous regions: 5->5
[270.154s][info][gc,metaspace   ] GC(634) Metaspace: 18757K(18944K)->18757K(18944K) NonClass: 16093K(16192K)->16093K(16192K) Class: 2663K(2752K)->2663K(2752K)
[270.154s][info][gc             ] GC(634) Pause Young (Mixed) (G1 Evacuation Pause) 874M->349M(978M) 84.487ms
[270.154s][info][gc,cpu         ] GC(634) User=0.17s Sys=0.00s Real=0.09s
[270.791s][info][gc,start       ] GC(635) Pause Young (Mixed) (G1 Evacuation Pause)
[270.792s][info][gc,task        ] GC(635) Using 2 workers of 2 for evacuation
[270.890s][info][gc,phases      ] GC(635)   Pre Evacuate Collection Set: 0.53ms
[270.890s][info][gc,phases      ] GC(635)   Merge Heap Roots: 0.82ms
[270.890s][info][gc,phases      ] GC(635)   Evacuate Collection Set: 96.16ms
[270.890s][info][gc,phases      ] GC(635)   Post Evacuate Collection Set: 0.86ms
[270.890s][info][gc,phases      ] GC(635)   Other: 0.13ms
[270.890s][info][gc,heap        ] GC(635) Eden regions: 538->0(498)
[270.890s][info][gc,heap        ] GC(635) Survivor regions: 13->69(69)
[270.890s][info][gc,heap        ] GC(635) Old regions: 332->287
[270.890s][info][gc,heap        ] GC(635) Humongous regions: 5->5
[270.890s][info][gc,metaspace   ] GC(635) Metaspace: 18757K(18944K)->18757K(18944K) NonClass: 16093K(16192K)->16093K(16192K) Class: 2663K(2752K)->2663K(2752K)
[270.890s][info][gc             ] GC(635) Pause Young (Mixed) (G1 Evacuation Pause) 887M->360M(978M) 98.758ms
[270.890s][info][gc,cpu         ] GC(635) User=0.20s Sys=0.00s Real=0.09s
[271.436s][info][gc,start       ] GC(636) Pause Young (Concurrent Start) (G1 Evacuation Pause)
[271.437s][info][gc,task        ] GC(636) Using 2 workers of 2 for evacuation
[271.520s][info][gc,phases      ] GC(636)   Pre Evacuate Collection Set: 0.34ms
[271.520s][info][gc,phases      ] GC(636)   Merge Heap Roots: 0.31ms
[271.520s][info][gc,phases      ] GC(636)   Evacuate Collection Set: 81.90ms
[271.520s][info][gc,phases      ] GC(636)   Post Evacuate Collection Set: 0.71ms
[271.520s][info][gc,phases      ] GC(636)   Other: 0.15ms
[271.520s][info][gc,heap        ] GC(636) Eden regions: 498->0(496)
[271.520s][info][gc,heap        ] GC(636) Survivor regions: 69->15(71)
[271.520s][info][gc,heap        ] GC(636) Old regions: 287->356
[271.520s][info][gc,heap        ] GC(636) Humongous regions: 5->5
[271.520s][info][gc,metaspace   ] GC(636) Metaspace: 18757K(18944K)->18757K(18944K) NonClass: 16093K(16192K)->16093K(16192K) Class: 2663K(2752K)->2663K(2752K)
[271.520s][info][gc             ] GC(636) Pause Young (Concurrent Start) (G1 Evacuation Pause) 858M->375M(978M) 83.661ms
[271.520s][info][gc,cpu         ] GC(636) User=0.16s Sys=0.00s Real=0.08s
[271.520s][info][gc             ] GC(637) Concurrent Mark Cycle
[271.520s][info][gc,marking     ] GC(637) Concurrent Scan Root Regions
[271.661s][info][gc,marking     ] GC(637) Concurrent Scan Root Regions 141.271ms
[271.662s][info][gc,marking     ] GC(637) Concurrent Mark
[271.662s][info][gc,marking     ] GC(637) Concurrent Mark From Roots
[271.662s][info][gc,task        ] GC(637) Using 1 workers of 1 for marking
[272.329s][info][gc,marking     ] GC(637) Concurrent Mark From Roots 666.990ms
[272.329s][info][gc,marking     ] GC(637) Concurrent Preclean
[272.329s][info][gc,marking     ] GC(637) Concurrent Preclean 0.047ms
[272.329s][info][gc,start       ] GC(637) Pause Remark
[272.336s][info][gc             ] GC(637) Pause Remark 636M->635M(978M) 7.285ms
[272.336s][info][gc,cpu         ] GC(637) User=0.02s Sys=0.00s Real=0.01s
[272.337s][info][gc,marking     ] GC(637) Concurrent Mark 675.136ms
[272.337s][info][gc,marking     ] GC(637) Concurrent Rebuild Remembered Sets and Scrub Regions
[272.609s][info][gc,marking     ] GC(637) Concurrent Rebuild Remembered Sets and Scrub Regions 272.770ms
[272.610s][info][gc,start       ] GC(637) Pause Cleanup
[272.610s][info][gc             ] GC(637) Pause Cleanup 713M->713M(978M) 0.093ms
[272.610s][info][gc,cpu         ] GC(637) User=0.00s Sys=0.00s Real=0.00s
[272.612s][info][gc,marking     ] GC(637) Concurrent Clear Claimed Marks
[272.612s][info][gc,marking     ] GC(637) Concurrent Clear Claimed Marks 0.057ms
[272.612s][info][gc,marking     ] GC(637) Concurrent Cleanup for Next Mark
[272.617s][info][gc,marking     ] GC(637) Concurrent Cleanup for Next Mark 4.951ms
[272.617s][info][gc             ] GC(637) Concurrent Mark Cycle 1097.078ms
[272.938s][info][gc,start       ] GC(638) Pause Young (Prepare Mixed) (G1 Evacuation Pause)
[272.938s][info][gc,task        ] GC(638) Using 2 workers of 2 for evacuation
[272.965s][info][gc,phases      ] GC(638)   Pre Evacuate Collection Set: 0.35ms
[272.965s][info][gc,phases      ] GC(638)   Merge Heap Roots: 0.34ms
[272.965s][info][gc,phases      ] GC(638)   Evacuate Collection Set: 25.53ms
[272.965s][info][gc,phases      ] GC(638)   Post Evacuate Collection Set: 0.69ms
[272.965s][info][gc,phases      ] GC(638)   Other: 0.11ms
[272.965s][info][gc,heap        ] GC(638) Eden regions: 496->0(506)
[272.965s][info][gc,heap        ] GC(638) Survivor regions: 15->22(64)
[272.965s][info][gc,heap        ] GC(638) Old regions: 356->356
[272.965s][info][gc,heap        ] GC(638) Humongous regions: 4->4
[272.965s][info][gc,metaspace   ] GC(638) Metaspace: 18757K(18944K)->18757K(18944K) NonClass: 16094K(16192K)->16094K(16192K) Class: 2663K(2752K)->2663K(2752K)
[272.965s][info][gc             ] GC(638) Pause Young (Prepare Mixed) (G1 Evacuation Pause) 870M->381M(978M) 27.311ms
[272.966s][info][gc,cpu         ] GC(638) User=0.05s Sys=0.00s Real=0.03s
[273.665s][info][gc,start       ] GC(639) Pause Young (Mixed) (G1 Evacuation Pause)
[273.665s][info][gc,task        ] GC(639) Using 2 workers of 2 for evacuation
[273.814s][info][gc,phases      ] GC(639)   Pre Evacuate Collection Set: 0.29ms
[273.814s][info][gc,phases      ] GC(639)   Merge Heap Roots: 0.27ms
[273.814s][info][gc,phases      ] GC(639)   Evacuate Collection Set: 131.43ms
[273.814s][info][gc,phases      ] GC(639)   Post Evacuate Collection Set: 16.80ms
[273.814s][info][gc,phases      ] GC(639)   Other: 0.12ms
[273.814s][info][gc,heap        ] GC(639) Eden regions: 506->0(177)
[273.814s][info][gc,heap        ] GC(639) Survivor regions: 22->66(66)
[273.814s][info][gc,heap        ] GC(639) Old regions: 356->615
[273.814s][info][gc,heap        ] GC(639) Humongous regions: 4->4
[273.814s][info][gc,metaspace   ] GC(639) Metaspace: 18757K(18944K)->18757K(18944K) NonClass: 16094K(16192K)->16094K(16192K) Class: 2663K(2752K)->2663K(2752K)
[273.814s][info][gc             ] GC(639) Pause Young (Mixed) (G1 Evacuation Pause) (Evacuation Failure: Allocation) 887M->684M(978M) 149.170ms
[273.814s][info][gc,cpu         ] GC(639) User=0.30s Sys=0.00s Real=0.15s
[273.985s][info][gc,start       ] GC(640) Pause Young (Concurrent Start) (G1 Evacuation Pause)
[273.985s][info][gc,task        ] GC(640) Using 2 workers of 2 for evacuation
[274.163s][info][gc,phases      ] GC(640)   Pre Evacuate Collection Set: 0.41ms
[274.163s][info][gc,phases      ] GC(640)   Merge Heap Roots: 0.64ms
[274.163s][info][gc,phases      ] GC(640)   Evacuate Collection Set: 159.34ms
[274.163s][info][gc,phases      ] GC(640)   Post Evacuate Collection Set: 17.31ms
[274.163s][info][gc,phases      ] GC(640)   Other: 0.18ms
[274.163s][info][gc,heap        ] GC(640) Eden regions: 177->0(132)
[274.163s][info][gc,heap        ] GC(640) Survivor regions: 66->29(31)
[274.163s][info][gc,heap        ] GC(640) Old regions: 615->734
[274.163s][info][gc,heap        ] GC(640) Humongous regions: 4->4
[274.163s][info][gc,metaspace   ] GC(640) Metaspace: 18757K(18944K)->18757K(18944K) NonClass: 16094K(16192K)->16094K(16192K) Class: 2663K(2752K)->2663K(2752K)
[274.163s][info][gc             ] GC(640) Pause Young (Concurrent Start) (G1 Evacuation Pause) (Evacuation Failure: Allocation) 861M->766M(978M) 178.132ms
[274.163s][info][gc,cpu         ] GC(640) User=0.35s Sys=0.00s Real=0.18s
[274.163s][info][gc             ] GC(641) Concurrent Mark Cycle
[274.165s][info][gc,marking     ] GC(641) Concurrent Scan Root Regions
[274.403s][info][gc,marking     ] GC(641) Concurrent Scan Root Regions 237.623ms
[274.403s][info][gc,marking     ] GC(641) Concurrent Mark
[274.403s][info][gc,marking     ] GC(641) Concurrent Mark From Roots
[274.403s][info][gc,task        ] GC(641) Using 1 workers of 1 for marking
[274.568s][info][gc,start       ] GC(642) Pause Young (Normal) (G1 Evacuation Pause)
[274.568s][info][gc,task        ] GC(642) Using 2 workers of 2 for evacuation
[274.671s][info][gc,phases      ] GC(642)   Pre Evacuate Collection Set: 0.41ms
[274.671s][info][gc,phases      ] GC(642)   Merge Heap Roots: 0.68ms
[274.671s][info][gc,phases      ] GC(642)   Evacuate Collection Set: 95.03ms
[274.671s][info][gc,phases      ] GC(642)   Post Evacuate Collection Set: 6.95ms
[274.671s][info][gc,phases      ] GC(642)   Other: 0.08ms
[274.671s][info][gc,heap        ] GC(642) Eden regions: 132->0(203)
[274.671s][info][gc,heap        ] GC(642) Survivor regions: 29->13(21)
[274.671s][info][gc,heap        ] GC(642) Old regions: 734->673
[274.671s][info][gc,heap        ] GC(642) Humongous regions: 7->7
[274.671s][info][gc,metaspace   ] GC(642) Metaspace: 18757K(18944K)->18757K(18944K) NonClass: 16094K(16192K)->16094K(16192K) Class: 2663K(2752K)->2663K(2752K)
[274.672s][info][gc             ] GC(642) Pause Young (Normal) (G1 Evacuation Pause) (Evacuation Failure: Allocation) 901M->692M(978M) 103.430ms
[274.672s][info][gc,cpu         ] GC(642) User=0.20s Sys=0.00s Real=0.11s
[275.345s][info][gc,start       ] GC(643) Pause Young (Normal) (G1 Evacuation Pause)
[275.345s][info][gc,task        ] GC(643) Using 2 workers of 2 for evacuation
[275.416s][info][gc,phases      ] GC(643)   Pre Evacuate Collection Set: 0.53ms
[275.416s][info][gc,phases      ] GC(643)   Merge Heap Roots: 0.76ms
[275.416s][info][gc,phases      ] GC(643)   Evacuate Collection Set: 68.62ms
[275.416s][info][gc,phases      ] GC(643)   Post Evacuate Collection Set: 0.85ms
[275.416s][info][gc,phases      ] GC(643)   Other: 0.08ms
[275.416s][info][gc,heap        ] GC(643) Eden regions: 203->0(267)
[275.416s][info][gc,heap        ] GC(643) Survivor regions: 13->19(27)
[275.416s][info][gc,heap        ] GC(643) Old regions: 673->574
[275.416s][info][gc,heap        ] GC(643) Humongous regions: 7->7
[275.416s][info][gc,metaspace   ] GC(643) Metaspace: 18757K(18944K)->18757K(18944K) NonClass: 16094K(16192K)->16094K(16192K) Class: 2663K(2752K)->2663K(2752K)
[275.416s][info][gc             ] GC(643) Pause Young (Normal) (G1 Evacuation Pause) 895M->598M(978M) 71.087ms
[275.416s][info][gc,cpu         ] GC(643) User=0.14s Sys=0.00s Real=0.07s
[275.460s][info][gc,marking     ] GC(641) Concurrent Mark From Roots 1057.164ms
[275.460s][info][gc,marking     ] GC(641) Concurrent Preclean
[275.460s][info][gc,marking     ] GC(641) Concurrent Preclean 0.076ms
[275.461s][info][gc,start       ] GC(641) Pause Remark
[275.468s][info][gc             ] GC(641) Pause Remark 618M->618M(978M) 7.228ms
[275.468s][info][gc,cpu         ] GC(641) User=0.02s Sys=0.00s Real=0.00s
[275.468s][info][gc,marking     ] GC(641) Concurrent Mark 1064.757ms
[275.468s][info][gc,marking     ] GC(641) Concurrent Rebuild Remembered Sets and Scrub Regions
[276.022s][info][gc,marking     ] GC(641) Concurrent Rebuild Remembered Sets and Scrub Regions 554.504ms
[276.022s][info][gc,start       ] GC(641) Pause Cleanup
[276.023s][info][gc             ] GC(641) Pause Cleanup 854M->854M(978M) 0.088ms
[276.023s][info][gc,cpu         ] GC(641) User=0.00s Sys=0.00s Real=0.00s
[276.023s][info][gc,marking     ] GC(641) Concurrent Clear Claimed Marks
[276.023s][info][gc,marking     ] GC(641) Concurrent Clear Claimed Marks 0.040ms
[276.023s][info][gc,marking     ] GC(641) Concurrent Cleanup for Next Mark
[276.027s][info][gc,marking     ] GC(641) Concurrent Cleanup for Next Mark 3.929ms
[276.027s][info][gc             ] GC(641) Concurrent Mark Cycle 1864.500ms
[276.049s][info][gc,start       ] GC(644) Pause Young (Prepare Mixed) (G1 Evacuation Pause)
[276.049s][info][gc,task        ] GC(644) Using 2 workers of 2 for evacuation
[276.150s][info][gc,phases      ] GC(644)   Pre Evacuate Collection Set: 0.32ms
[276.150s][info][gc,phases      ] GC(644)   Merge Heap Roots: 1.23ms
[276.150s][info][gc,phases      ] GC(644)   Evacuate Collection Set: 98.20ms
[276.150s][info][gc,phases      ] GC(644)   Post Evacuate Collection Set: 0.83ms
[276.150s][info][gc,phases      ] GC(644)   Other: 0.09ms
[276.150s][info][gc,heap        ] GC(644) Eden regions: 267->0(256)
[276.150s][info][gc,heap        ] GC(644) Survivor regions: 19->31(36)
[276.150s][info][gc,heap        ] GC(644) Old regions: 574->574
[276.150s][info][gc,heap        ] GC(644) Humongous regions: 13->13
[276.150s][info][gc,metaspace   ] GC(644) Metaspace: 18757K(18944K)->18757K(18944K) NonClass: 16094K(16192K)->16094K(16192K) Class: 2663K(2752K)->2663K(2752K)
[276.150s][info][gc             ] GC(644) Pause Young (Prepare Mixed) (G1 Evacuation Pause) 871M->617M(978M) 100.933ms
[276.150s][info][gc,cpu         ] GC(644) User=0.20s Sys=0.00s Real=0.10s
[276.548s][info][gc,start       ] GC(645) Pause Young (Mixed) (G1 Evacuation Pause)
[276.548s][info][gc,task        ] GC(645) Using 2 workers of 2 for evacuation
[276.618s][info][gc,phases      ] GC(645)   Pre Evacuate Collection Set: 0.31ms
[276.618s][info][gc,phases      ] GC(645)   Merge Heap Roots: 0.68ms
[276.618s][info][gc,phases      ] GC(645)   Evacuate Collection Set: 67.96ms
[276.618s][info][gc,phases      ] GC(645)   Post Evacuate Collection Set: 0.50ms
[276.618s][info][gc,phases      ] GC(645)   Other: 0.10ms
[276.618s][info][gc,heap        ] GC(645) Eden regions: 256->0(277)
[276.618s][info][gc,heap        ] GC(645) Survivor regions: 31->1(36)
[276.618s][info][gc,heap        ] GC(645) Old regions: 574->597
[276.618s][info][gc,heap        ] GC(645) Humongous regions: 13->13
[276.618s][info][gc,metaspace   ] GC(645) Metaspace: 18757K(18944K)->18757K(18944K) NonClass: 16094K(16192K)->16094K(16192K) Class: 2663K(2752K)->2663K(2752K)
[276.618s][info][gc             ] GC(645) Pause Young (Mixed) (G1 Evacuation Pause) 873M->610M(978M) 69.801ms
[276.618s][info][gc,cpu         ] GC(645) User=0.14s Sys=0.00s Real=0.07s
[277.040s][info][gc,start       ] GC(646) Pause Young (Concurrent Start) (G1 Evacuation Pause)
[277.040s][info][gc,task        ] GC(646) Using 2 workers of 2 for evacuation
[277.041s][info][gc,phases      ] GC(646)   Pre Evacuate Collection Set: 0.30ms
[277.041s][info][gc,phases      ] GC(646)   Merge Heap Roots: 0.14ms
[277.041s][info][gc,phases      ] GC(646)   Evacuate Collection Set: 0.76ms
[277.041s][info][gc,phases      ] GC(646)   Post Evacuate Collection Set: 0.46ms
[277.042s][info][gc,phases      ] GC(646)   Other: 0.14ms
[277.042s][info][gc,heap        ] GC(646) Eden regions: 277->0(291)
[277.042s][info][gc,heap        ] GC(646) Survivor regions: 1->1(35)
[277.042s][info][gc,heap        ] GC(646) Old regions: 597->597
[277.042s][info][gc,heap        ] GC(646) Humongous regions: 13->13
[277.042s][info][gc,metaspace   ] GC(646) Metaspace: 18757K(18944K)->18757K(18944K) NonClass: 16094K(16192K)->16094K(16192K) Class: 2663K(2752K)->2663K(2752K)
[277.042s][info][gc             ] GC(646) Pause Young (Concurrent Start) (G1 Evacuation Pause) 887M->609M(978M) 2.033ms
[277.042s][info][gc,cpu         ] GC(646) User=0.00s Sys=0.00s Real=0.01s
[277.042s][info][gc             ] GC(647) Concurrent Mark Cycle
[277.042s][info][gc,marking     ] GC(647) Concurrent Scan Root Regions
[277.042s][info][gc,marking     ] GC(647) Concurrent Scan Root Regions 0.256ms
[277.042s][info][gc,marking     ] GC(647) Concurrent Mark
[277.042s][info][gc,marking     ] GC(647) Concurrent Mark From Roots
[277.042s][info][gc,task        ] GC(647) Using 1 workers of 1 for marking
[277.627s][info][gc,start       ] GC(648) Pause Young (Normal) (G1 Evacuation Pause)
[277.627s][info][gc,task        ] GC(648) Using 2 workers of 2 for evacuation
[277.662s][info][gc,phases      ] GC(648)   Pre Evacuate Collection Set: 0.28ms
[277.662s][info][gc,phases      ] GC(648)   Merge Heap Roots: 0.18ms
[277.662s][info][gc,phases      ] GC(648)   Evacuate Collection Set: 34.08ms
[277.662s][info][gc,phases      ] GC(648)   Post Evacuate Collection Set: 0.48ms
[277.662s][info][gc,phases      ] GC(648)   Other: 0.07ms
[277.662s][info][gc,heap        ] GC(648) Eden regions: 291->0(256)
[277.662s][info][gc,heap        ] GC(648) Survivor regions: 1->31(37)
[277.662s][info][gc,heap        ] GC(648) Old regions: 597->597
[277.662s][info][gc,heap        ] GC(648) Humongous regions: 13->13
[277.662s][info][gc,metaspace   ] GC(648) Metaspace: 18757K(18944K)->18757K(18944K) NonClass: 16094K(16192K)->16094K(16192K) Class: 2663K(2752K)->2663K(2752K)
[277.662s][info][gc             ] GC(648) Pause Young (Normal) (G1 Evacuation Pause) 900M->640M(978M) 35.298ms
[277.662s][info][gc,cpu         ] GC(648) User=0.07s Sys=0.00s Real=0.04s
[278.096s][info][gc,start       ] GC(649) Pause Young (Normal) (G1 Evacuation Pause)
[278.096s][info][gc,task        ] GC(649) Using 2 workers of 2 for evacuation
[278.134s][info][gc,phases      ] GC(649)   Pre Evacuate Collection Set: 0.49ms
[278.134s][info][gc,phases      ] GC(649)   Merge Heap Roots: 0.16ms
[278.134s][info][gc,phases      ] GC(649)   Evacuate Collection Set: 37.36ms
[278.134s][info][gc,phases      ] GC(649)   Post Evacuate Collection Set: 0.47ms
[278.134s][info][gc,phases      ] GC(649)   Other: 0.08ms
[278.134s][info][gc,heap        ] GC(649) Eden regions: 256->0(263)
[278.134s][info][gc,heap        ] GC(649) Survivor regions: 31->9(36)
[278.134s][info][gc,heap        ] GC(649) Old regions: 597->627
[278.134s][info][gc,heap        ] GC(649) Humongous regions: 13->13
[278.134s][info][gc,metaspace   ] GC(649) Metaspace: 18757K(18944K)->18757K(18944K) NonClass: 16094K(16192K)->16094K(16192K) Class: 2663K(2752K)->2663K(2752K)
[278.134s][info][gc             ] GC(649) Pause Young (Normal) (G1 Evacuation Pause) 896M->648M(978M) 38.820ms
[278.134s][info][gc,cpu         ] GC(649) User=0.08s Sys=0.00s Real=0.04s
[278.304s][info][gc,marking     ] GC(647) Concurrent Mark From Roots 1262.014ms
[278.304s][info][gc,marking     ] GC(647) Concurrent Preclean
[278.304s][info][gc,marking     ] GC(647) Concurrent Preclean 0.039ms
[278.304s][info][gc,start       ] GC(647) Pause Remark
[278.312s][info][gc             ] GC(647) Pause Remark 710M->651M(978M) 7.418ms
[278.312s][info][gc,cpu         ] GC(647) User=0.01s Sys=0.00s Real=0.01s
[278.312s][info][gc,marking     ] GC(647) Concurrent Mark 1269.782ms
[278.312s][info][gc,marking     ] GC(647) Concurrent Rebuild Remembered Sets and Scrub Regions
[278.745s][info][gc,marking     ] GC(647) Concurrent Rebuild Remembered Sets and Scrub Regions 433.244ms
[278.745s][info][gc,start       ] GC(647) Pause Cleanup
[278.745s][info][gc             ] GC(647) Pause Cleanup 789M->789M(978M) 0.163ms
[278.745s][info][gc,cpu         ] GC(647) User=0.00s Sys=0.00s Real=0.00s
[278.745s][info][gc,marking     ] GC(647) Concurrent Clear Claimed Marks
[278.745s][info][gc,marking     ] GC(647) Concurrent Clear Claimed Marks 0.030ms
[278.745s][info][gc,marking     ] GC(647) Concurrent Cleanup for Next Mark
[278.748s][info][gc,marking     ] GC(647) Concurrent Cleanup for Next Mark 2.897ms
[278.748s][info][gc             ] GC(647) Concurrent Mark Cycle 1706.766ms
[278.874s][info][gc,start       ] GC(650) Pause Young (Prepare Mixed) (G1 Evacuation Pause)
[278.874s][info][gc,task        ] GC(650) Using 2 workers of 2 for evacuation
[278.888s][info][gc,phases      ] GC(650)   Pre Evacuate Collection Set: 0.53ms
[278.888s][info][gc,phases      ] GC(650)   Merge Heap Roots: 0.18ms
[278.888s][info][gc,phases      ] GC(650)   Evacuate Collection Set: 12.08ms
[278.888s][info][gc,phases      ] GC(650)   Post Evacuate Collection Set: 0.51ms
[278.888s][info][gc,phases      ] GC(650)   Other: 0.08ms
[278.888s][info][gc,heap        ] GC(650) Eden regions: 263->0(316)
[278.888s][info][gc,heap        ] GC(650) Survivor regions: 9->11(34)
[278.888s][info][gc,heap        ] GC(650) Old regions: 574->574
[278.888s][info][gc,heap        ] GC(650) Humongous regions: 7->7
[278.888s][info][gc,metaspace   ] GC(650) Metaspace: 18757K(18944K)->18757K(18944K) NonClass: 16094K(16192K)->16094K(16192K) Class: 2663K(2752K)->2663K(2752K)
[278.888s][info][gc             ] GC(650) Pause Young (Prepare Mixed) (G1 Evacuation Pause) 852M->591M(978M) 13.592ms
[278.888s][info][gc,cpu         ] GC(650) User=0.03s Sys=0.00s Real=0.01s
[279.403s][info][gc,start       ] GC(651) Pause Young (Mixed) (G1 Evacuation Pause)
[279.403s][info][gc,task        ] GC(651) Using 2 workers of 2 for evacuation
[279.443s][info][gc,phases      ] GC(651)   Pre Evacuate Collection Set: 0.56ms
[279.443s][info][gc,phases      ] GC(651)   Merge Heap Roots: 0.49ms
[279.443s][info][gc,phases      ] GC(651)   Evacuate Collection Set: 38.31ms
[279.443s][info][gc,phases      ] GC(651)   Post Evacuate Collection Set: 0.61ms
[279.443s][info][gc,phases      ] GC(651)   Other: 0.09ms
[279.443s][info][gc,heap        ] GC(651) Eden regions: 316->0(372)
[279.443s][info][gc,heap        ] GC(651) Survivor regions: 11->23(41)
[279.443s][info][gc,heap        ] GC(651) Old regions: 574->493
[279.443s][info][gc,heap        ] GC(651) Humongous regions: 7->7
[279.443s][info][gc,metaspace   ] GC(651) Metaspace: 18757K(18944K)->18757K(18944K) NonClass: 16094K(16192K)->16094K(16192K) Class: 2663K(2752K)->2663K(2752K)
[279.443s][info][gc             ] GC(651) Pause Young (Mixed) (G1 Evacuation Pause) 907M->522M(978M) 40.297ms
[279.443s][info][gc,cpu         ] GC(651) User=0.08s Sys=0.00s Real=0.04s
[279.897s][info][gc,start       ] GC(652) Pause Young (Concurrent Start) (G1 Evacuation Pause)
[279.897s][info][gc,task        ] GC(652) Using 2 workers of 2 for evacuation
[279.974s][info][gc,phases      ] GC(652)   Pre Evacuate Collection Set: 0.28ms
[279.974s][info][gc,phases      ] GC(652)   Merge Heap Roots: 0.20ms
[279.974s][info][gc,phases      ] GC(652)   Evacuate Collection Set: 75.59ms
[279.974s][info][gc,phases      ] GC(652)   Post Evacuate Collection Set: 0.73ms
[279.974s][info][gc,phases      ] GC(652)   Other: 0.10ms
[279.974s][info][gc,heap        ] GC(652) Eden regions: 372->0(296)
[279.974s][info][gc,heap        ] GC(652) Survivor regions: 23->50(50)
[279.974s][info][gc,heap        ] GC(652) Old regions: 493->523
[279.974s][info][gc,heap        ] GC(652) Humongous regions: 7->7
[279.974s][info][gc,metaspace   ] GC(652) Metaspace: 18757K(18944K)->18757K(18944K) NonClass: 16094K(16192K)->16094K(16192K) Class: 2663K(2752K)->2663K(2752K)
[279.974s][info][gc             ] GC(652) Pause Young (Concurrent Start) (G1 Evacuation Pause) 894M->579M(978M) 77.096ms
[279.974s][info][gc             ] GC(653) Concurrent Mark Cycle
[279.974s][info][gc,marking     ] GC(653) Concurrent Scan Root Regions
[279.976s][info][gc,cpu         ] GC(652) User=0.16s Sys=0.00s Real=0.08s
[280.071s][info][gc,marking     ] GC(653) Concurrent Scan Root Regions 96.920ms
[280.071s][info][gc,marking     ] GC(653) Concurrent Mark
[280.071s][info][gc,marking     ] GC(653) Concurrent Mark From Roots
[280.071s][info][gc,task        ] GC(653) Using 1 workers of 1 for marking
[280.746s][info][gc,marking     ] GC(653) Concurrent Mark From Roots 675.384ms
[280.746s][info][gc,marking     ] GC(653) Concurrent Preclean
[280.746s][info][gc,marking     ] GC(653) Concurrent Preclean 0.041ms
[280.747s][info][gc,start       ] GC(653) Pause Remark
[280.754s][info][gc             ] GC(653) Pause Remark 792M->638M(978M) 7.320ms
[280.754s][info][gc,cpu         ] GC(653) User=0.01s Sys=0.00s Real=0.01s
[280.754s][info][gc,marking     ] GC(653) Concurrent Mark 683.067ms
[280.754s][info][gc,marking     ] GC(653) Concurrent Rebuild Remembered Sets and Scrub Regions
[280.950s][info][gc,start       ] GC(654) Pause Young (Normal) (G1 Evacuation Pause)
[280.951s][info][gc,task        ] GC(654) Using 2 workers of 2 for evacuation
[281.018s][info][gc,phases      ] GC(654)   Pre Evacuate Collection Set: 0.30ms
[281.018s][info][gc,phases      ] GC(654)   Merge Heap Roots: 0.43ms
[281.018s][info][gc,phases      ] GC(654)   Evacuate Collection Set: 65.62ms
[281.018s][info][gc,phases      ] GC(654)   Post Evacuate Collection Set: 0.55ms
[281.018s][info][gc,phases      ] GC(654)   Other: 0.11ms
[281.018s][info][gc,heap        ] GC(654) Eden regions: 296->0(426)
[281.018s][info][gc,heap        ] GC(654) Survivor regions: 50->8(44)
[281.018s][info][gc,heap        ] GC(654) Old regions: 371->421
[281.018s][info][gc,heap        ] GC(654) Humongous regions: 8->8
[281.018s][info][gc,metaspace   ] GC(654) Metaspace: 18757K(18944K)->18757K(18944K) NonClass: 16094K(16192K)->16094K(16192K) Class: 2663K(2752K)->2663K(2752K)
[281.018s][info][gc             ] GC(654) Pause Young (Normal) (G1 Evacuation Pause) 724M->436M(978M) 67.248ms
[281.018s][info][gc,cpu         ] GC(654) User=0.13s Sys=0.00s Real=0.06s
[281.129s][info][gc,marking     ] GC(653) Concurrent Rebuild Remembered Sets and Scrub Regions 374.737ms
[281.129s][info][gc,start       ] GC(653) Pause Cleanup
[281.129s][info][gc             ] GC(653) Pause Cleanup 489M->489M(978M) 0.108ms
[281.129s][info][gc,cpu         ] GC(653) User=0.00s Sys=0.00s Real=0.00s
[281.129s][info][gc,marking     ] GC(653) Concurrent Clear Claimed Marks
[281.129s][info][gc,marking     ] GC(653) Concurrent Clear Claimed Marks 0.028ms
[281.129s][info][gc,marking     ] GC(653) Concurrent Cleanup for Next Mark
[281.132s][info][gc,marking     ] GC(653) Concurrent Cleanup for Next Mark 2.859ms
[281.132s][info][gc             ] GC(653) Concurrent Mark Cycle 1158.080ms
[281.666s][info][gc,start       ] GC(655) Pause Young (Prepare Mixed) (G1 Evacuation Pause)
[281.667s][info][gc,task        ] GC(655) Using 2 workers of 2 for evacuation
[281.677s][info][gc,phases      ] GC(655)   Pre Evacuate Collection Set: 0.30ms
[281.677s][info][gc,phases      ] GC(655)   Merge Heap Roots: 0.13ms
[281.677s][info][gc,phases      ] GC(655)   Evacuate Collection Set: 9.62ms
[281.677s][info][gc,phases      ] GC(655)   Post Evacuate Collection Set: 0.59ms
[281.677s][info][gc,phases      ] GC(655)   Other: 0.12ms
[281.677s][info][gc,heap        ] GC(655) Eden regions: 426->0(447)
[281.677s][info][gc,heap        ] GC(655) Survivor regions: 8->8(55)
[281.677s][info][gc,heap        ] GC(655) Old regions: 421->421
[281.677s][info][gc,heap        ] GC(655) Humongous regions: 8->8
[281.677s][info][gc,metaspace   ] GC(655) Metaspace: 18757K(18944K)->18757K(18944K) NonClass: 16094K(16192K)->16094K(16192K) Class: 2663K(2752K)->2663K(2752K)
[281.677s][info][gc             ] GC(655) Pause Young (Prepare Mixed) (G1 Evacuation Pause) 862M->436M(978M) 11.007ms
[281.677s][info][gc,cpu         ] GC(655) User=0.02s Sys=0.00s Real=0.01s
[282.185s][info][gc,start       ] GC(656) Pause Young (Mixed) (G1 Evacuation Pause)
[282.185s][info][gc,task        ] GC(656) Using 2 workers of 2 for evacuation
[282.227s][info][gc,phases      ] GC(656)   Pre Evacuate Collection Set: 0.58ms
[282.227s][info][gc,phases      ] GC(656)   Merge Heap Roots: 0.21ms
[282.227s][info][gc,phases      ] GC(656)   Evacuate Collection Set: 40.76ms
[282.227s][info][gc,phases      ] GC(656)   Post Evacuate Collection Set: 0.64ms
[282.227s][info][gc,phases      ] GC(656)   Other: 0.11ms
[282.227s][info][gc,heap        ] GC(656) Eden regions: 447->0(433)
[282.227s][info][gc,heap        ] GC(656) Survivor regions: 8->34(57)
[282.227s][info][gc,heap        ] GC(656) Old regions: 421->410
[282.227s][info][gc,heap        ] GC(656) Humongous regions: 8->8
[282.227s][info][gc,metaspace   ] GC(656) Metaspace: 18757K(18944K)->18757K(18944K) NonClass: 16094K(16192K)->16094K(16192K) Class: 2663K(2752K)->2663K(2752K)
[282.227s][info][gc             ] GC(656) Pause Young (Mixed) (G1 Evacuation Pause) 883M->450M(978M) 42.562ms
[282.227s][info][gc,cpu         ] GC(656) User=0.09s Sys=0.00s Real=0.04s
[282.731s][info][gc,start       ] GC(657) Pause Young (Concurrent Start) (G1 Evacuation Pause)
[282.731s][info][gc,task        ] GC(657) Using 2 workers of 2 for evacuation
[282.788s][info][gc,phases      ] GC(657)   Pre Evacuate Collection Set: 0.38ms
[282.788s][info][gc,phases      ] GC(657)   Merge Heap Roots: 0.19ms
[282.788s][info][gc,phases      ] GC(657)   Evacuate Collection Set: 55.07ms
[282.788s][info][gc,phases      ] GC(657)   Post Evacuate Collection Set: 0.71ms
[282.788s][info][gc,phases      ] GC(657)   Other: 0.21ms
[282.788s][info][gc,heap        ] GC(657) Eden regions: 433->0(424)
[282.788s][info][gc,heap        ] GC(657) Survivor regions: 34->39(59)
[282.788s][info][gc,heap        ] GC(657) Old regions: 410->418
[282.788s][info][gc,heap        ] GC(657) Humongous regions: 8->8
[282.788s][info][gc,metaspace   ] GC(657) Metaspace: 18757K(18944K)->18757K(18944K) NonClass: 16094K(16192K)->16094K(16192K) Class: 2663K(2752K)->2663K(2752K)
[282.788s][info][gc             ] GC(657) Pause Young (Concurrent Start) (G1 Evacuation Pause) 883M->464M(978M) 56.788ms
[282.788s][info][gc,cpu         ] GC(657) User=0.11s Sys=0.00s Real=0.05s
[282.788s][info][gc             ] GC(658) Concurrent Mark Cycle
[282.788s][info][gc,marking     ] GC(658) Concurrent Scan Root Regions
[282.884s][info][gc,marking     ] GC(658) Concurrent Scan Root Regions 96.414ms
[282.885s][info][gc,marking     ] GC(658) Concurrent Mark
[282.885s][info][gc,marking     ] GC(658) Concurrent Mark From Roots
[282.885s][info][gc,task        ] GC(658) Using 1 workers of 1 for marking
[283.667s][info][gc,marking     ] GC(658) Concurrent Mark From Roots 782.073ms
[283.667s][info][gc,marking     ] GC(658) Concurrent Preclean
[283.667s][info][gc,marking     ] GC(658) Concurrent Preclean 0.039ms
[283.667s][info][gc,start       ] GC(658) Pause Remark
[283.675s][info][gc             ] GC(658) Pause Remark 718M->655M(978M) 7.426ms
[283.675s][info][gc,cpu         ] GC(658) User=0.01s Sys=0.00s Real=0.01s
[283.675s][info][gc,marking     ] GC(658) Concurrent Mark 789.826ms
[283.675s][info][gc,marking     ] GC(658) Concurrent Rebuild Remembered Sets and Scrub Regions
[283.891s][info][gc,marking     ] GC(658) Concurrent Rebuild Remembered Sets and Scrub Regions 216.675ms
[283.893s][info][gc,start       ] GC(658) Pause Cleanup
[283.894s][info][gc             ] GC(658) Pause Cleanup 740M->740M(978M) 0.111ms
[283.894s][info][gc,cpu         ] GC(658) User=0.00s Sys=0.00s Real=0.00s
[283.894s][info][gc,marking     ] GC(658) Concurrent Clear Claimed Marks
[283.894s][info][gc,marking     ] GC(658) Concurrent Clear Claimed Marks 0.030ms
[283.894s][info][gc,marking     ] GC(658) Concurrent Cleanup for Next Mark
[283.897s][info][gc,marking     ] GC(658) Concurrent Cleanup for Next Mark 2.914ms
[283.897s][info][gc             ] GC(658) Concurrent Mark Cycle 1109.420ms
[284.011s][info][gc,start       ] GC(659) Pause Young (Prepare Mixed) (G1 Evacuation Pause)
[284.011s][info][gc,task        ] GC(659) Using 2 workers of 2 for evacuation
[284.077s][info][gc,phases      ] GC(659)   Pre Evacuate Collection Set: 0.28ms
[284.077s][info][gc,phases      ] GC(659)   Merge Heap Roots: 0.41ms
[284.077s][info][gc,phases      ] GC(659)   Evacuate Collection Set: 64.42ms
[284.077s][info][gc,phases      ] GC(659)   Post Evacuate Collection Set: 0.75ms
[284.077s][info][gc,phases      ] GC(659)   Other: 0.08ms
[284.077s][info][gc,heap        ] GC(659) Eden regions: 424->0(458)
[284.077s][info][gc,heap        ] GC(659) Survivor regions: 39->38(58)
[284.077s][info][gc,heap        ] GC(659) Old regions: 358->384
[284.077s][info][gc,heap        ] GC(659) Humongous regions: 5->5
[284.077s][info][gc,metaspace   ] GC(659) Metaspace: 18757K(18944K)->18757K(18944K) NonClass: 16094K(16192K)->16094K(16192K) Class: 2663K(2752K)->2663K(2752K)
[284.077s][info][gc             ] GC(659) Pause Young (Prepare Mixed) (G1 Evacuation Pause) 825M->426M(978M) 66.135ms
[284.077s][info][gc,cpu         ] GC(659) User=0.13s Sys=0.00s Real=0.06s
[284.422s][info][gc,start       ] GC(660) Pause Young (Mixed) (G1 Evacuation Pause)
[284.422s][info][gc,task        ] GC(660) Using 2 workers of 2 for evacuation
[284.624s][info][gc,mmu         ] GC(660) MMU target violated: 201.0ms (200.0ms/201.0ms)
[284.624s][info][gc,phases      ] GC(660)   Pre Evacuate Collection Set: 0.32ms
[284.624s][info][gc,phases      ] GC(660)   Merge Heap Roots: 0.63ms
[284.624s][info][gc,phases      ] GC(660)   Evacuate Collection Set: 174.62ms
[284.624s][info][gc,phases      ] GC(660)   Post Evacuate Collection Set: 25.98ms
[284.624s][info][gc,phases      ] GC(660)   Other: 0.17ms
[284.624s][info][gc,heap        ] GC(660) Eden regions: 458->0(26)
[284.624s][info][gc,heap        ] GC(660) Survivor regions: 38->62(62)
[284.624s][info][gc,heap        ] GC(660) Old regions: 384->773
[284.624s][info][gc,heap        ] GC(660) Humongous regions: 5->5
[284.624s][info][gc,metaspace   ] GC(660) Metaspace: 18757K(18944K)->18757K(18944K) NonClass: 16094K(16192K)->16094K(16192K) Class: 2663K(2752K)->2663K(2752K)
[284.624s][info][gc             ] GC(660) Pause Young (Mixed) (G1 Evacuation Pause) (Evacuation Failure: Allocation) 884M->839M(978M) 201.944ms
[284.624s][info][gc,cpu         ] GC(660) User=0.40s Sys=0.00s Real=0.20s
[284.670s][info][gc,start       ] GC(661) Pause Young (Concurrent Start) (G1 Evacuation Pause)
[284.670s][info][gc,task        ] GC(661) Using 2 workers of 2 for evacuation
[284.769s][info][gc,phases      ] GC(661)   Pre Evacuate Collection Set: 0.43ms
[284.769s][info][gc,phases      ] GC(661)   Merge Heap Roots: 0.70ms
[284.769s][info][gc,phases      ] GC(661)   Evacuate Collection Set: 97.12ms
[284.769s][info][gc,phases      ] GC(661)   Post Evacuate Collection Set: 0.70ms
[284.769s][info][gc,phases      ] GC(661)   Other: 0.18ms
[284.769s][info][gc,heap        ] GC(661) Eden regions: 26->0(389)
[284.769s][info][gc,heap        ] GC(661) Survivor regions: 62->1(11)
[284.769s][info][gc,heap        ] GC(661) Old regions: 773->503
[284.769s][info][gc,heap        ] GC(661) Humongous regions: 5->5
[284.769s][info][gc,metaspace   ] GC(661) Metaspace: 18757K(18944K)->18757K(18944K) NonClass: 16094K(16192K)->16094K(16192K) Class: 2663K(2752K)->2663K(2752K)
[284.769s][info][gc             ] GC(661) Pause Young (Concurrent Start) (G1 Evacuation Pause) 865M->508M(978M) 99.369ms
[284.769s][info][gc             ] GC(662) Concurrent Mark Cycle
[284.769s][info][gc,marking     ] GC(662) Concurrent Scan Root Regions
[284.771s][info][gc,cpu         ] GC(661) User=0.20s Sys=0.00s Real=0.11s
[284.913s][info][gc,marking     ] GC(662) Concurrent Scan Root Regions 143.441ms
[284.913s][info][gc,marking     ] GC(662) Concurrent Mark
[284.913s][info][gc,marking     ] GC(662) Concurrent Mark From Roots
[284.913s][info][gc,task        ] GC(662) Using 1 workers of 1 for marking
[285.271s][info][gc,start       ] GC(663) Pause Young (Normal) (G1 Evacuation Pause)
[285.271s][info][gc,task        ] GC(663) Using 2 workers of 2 for evacuation
[285.319s][info][gc,phases      ] GC(663)   Pre Evacuate Collection Set: 0.54ms
[285.319s][info][gc,phases      ] GC(663)   Merge Heap Roots: 0.58ms
[285.319s][info][gc,phases      ] GC(663)   Evacuate Collection Set: 46.56ms
[285.319s][info][gc,phases      ] GC(663)   Post Evacuate Collection Set: 0.63ms
[285.320s][info][gc,phases      ] GC(663)   Other: 0.10ms
[285.320s][info][gc,heap        ] GC(663) Eden regions: 389->0(404)
[285.320s][info][gc,heap        ] GC(663) Survivor regions: 1->17(49)
[285.320s][info][gc,heap        ] GC(663) Old regions: 503->473
[285.320s][info][gc,heap        ] GC(663) Humongous regions: 5->5
[285.320s][info][gc,metaspace   ] GC(663) Metaspace: 18757K(18944K)->18757K(18944K) NonClass: 16094K(16192K)->16094K(16192K) Class: 2663K(2752K)->2663K(2752K)
[285.320s][info][gc             ] GC(663) Pause Young (Normal) (G1 Evacuation Pause) 897M->494M(978M) 48.644ms
[285.320s][info][gc,cpu         ] GC(663) User=0.09s Sys=0.00s Real=0.04s
[285.790s][info][gc,start       ] GC(664) Pause Young (Normal) (G1 Evacuation Pause)
[285.790s][info][gc,task        ] GC(664) Using 2 workers of 2 for evacuation
[285.829s][info][gc,phases      ] GC(664)   Pre Evacuate Collection Set: 0.53ms
[285.829s][info][gc,phases      ] GC(664)   Merge Heap Roots: 0.42ms
[285.829s][info][gc,phases      ] GC(664)   Evacuate Collection Set: 36.83ms
[285.829s][info][gc,phases      ] GC(664)   Post Evacuate Collection Set: 0.61ms
[285.829s][info][gc,phases      ] GC(664)   Other: 0.11ms
[285.829s][info][gc,heap        ] GC(664) Eden regions: 404->0(404)
[285.829s][info][gc,heap        ] GC(664) Survivor regions: 17->23(53)
[285.829s][info][gc,heap        ] GC(664) Old regions: 473->473
[285.829s][info][gc,heap        ] GC(664) Humongous regions: 5->5
[285.829s][info][gc,metaspace   ] GC(664) Metaspace: 18758K(18944K)->18758K(18944K) NonClass: 16095K(16192K)->16095K(16192K) Class: 2663K(2752K)->2663K(2752K)
[285.829s][info][gc             ] GC(664) Pause Young (Normal) (G1 Evacuation Pause) 898M->500M(978M) 38.710ms
[285.829s][info][gc,cpu         ] GC(664) User=0.08s Sys=0.00s Real=0.04s
[285.859s][info][gc,marking     ] GC(662) Concurrent Mark From Roots 946.237ms
[285.859s][info][gc,marking     ] GC(662) Concurrent Preclean
[285.859s][info][gc,marking     ] GC(662) Concurrent Preclean 0.039ms
[285.859s][info][gc,start       ] GC(662) Pause Remark
[285.866s][info][gc             ] GC(662) Pause Remark 540M->540M(978M) 7.156ms
[285.866s][info][gc,cpu         ] GC(662) User=0.01s Sys=0.01s Real=0.01s
[285.867s][info][gc,marking     ] GC(662) Concurrent Mark 953.856ms
[285.867s][info][gc,marking     ] GC(662) Concurrent Rebuild Remembered Sets and Scrub Regions
[286.261s][info][gc,marking     ] GC(662) Concurrent Rebuild Remembered Sets and Scrub Regions 394.388ms
[286.261s][info][gc,start       ] GC(662) Pause Cleanup
[286.261s][info][gc             ] GC(662) Pause Cleanup 804M->804M(978M) 0.085ms
[286.261s][info][gc,cpu         ] GC(662) User=0.00s Sys=0.00s Real=0.00s
[286.261s][info][gc,marking     ] GC(662) Concurrent Clear Claimed Marks
[286.261s][info][gc,marking     ] GC(662) Concurrent Clear Claimed Marks 0.027ms
[286.261s][info][gc,marking     ] GC(662) Concurrent Cleanup for Next Mark
[286.264s][info][gc,marking     ] GC(662) Concurrent Cleanup for Next Mark 2.857ms
[286.264s][info][gc             ] GC(662) Concurrent Mark Cycle 1495.027ms
[286.392s][info][gc,start       ] GC(665) Pause Young (Prepare Mixed) (G1 Evacuation Pause)
[286.392s][info][gc,task        ] GC(665) Using 2 workers of 2 for evacuation
[286.465s][info][gc,phases      ] GC(665)   Pre Evacuate Collection Set: 0.48ms
[286.465s][info][gc,phases      ] GC(665)   Merge Heap Roots: 0.73ms
[286.465s][info][gc,phases      ] GC(665)   Evacuate Collection Set: 70.83ms
[286.465s][info][gc,phases      ] GC(665)   Post Evacuate Collection Set: 0.77ms
[286.465s][info][gc,phases      ] GC(665)   Other: 0.10ms
[286.465s][info][gc,heap        ] GC(665) Eden regions: 404->0(343)
[286.465s][info][gc,heap        ] GC(665) Survivor regions: 23->52(54)
[286.465s][info][gc,heap        ] GC(665) Old regions: 473->473
[286.465s][info][gc,heap        ] GC(665) Humongous regions: 8->8
[286.465s][info][gc,metaspace   ] GC(665) Metaspace: 18764K(18944K)->18764K(18944K) NonClass: 16101K(16192K)->16101K(16192K) Class: 2663K(2752K)->2663K(2752K)
[286.465s][info][gc             ] GC(665) Pause Young (Prepare Mixed) (G1 Evacuation Pause) 907M->532M(978M) 73.116ms
[286.465s][info][gc,cpu         ] GC(665) User=0.14s Sys=0.00s Real=0.07s
[286.819s][info][gc,start       ] GC(666) Pause Young (Mixed) (G1 Evacuation Pause)
[286.819s][info][gc,task        ] GC(666) Using 2 workers of 2 for evacuation
[286.952s][info][gc,phases      ] GC(666)   Pre Evacuate Collection Set: 0.33ms
[286.952s][info][gc,phases      ] GC(666)   Merge Heap Roots: 0.68ms
[286.952s][info][gc,phases      ] GC(666)   Evacuate Collection Set: 130.26ms
[286.952s][info][gc,phases      ] GC(666)   Post Evacuate Collection Set: 1.38ms
[286.952s][info][gc,phases      ] GC(666)   Other: 0.10ms
[286.952s][info][gc,heap        ] GC(666) Eden regions: 343->0(302)
[286.952s][info][gc,heap        ] GC(666) Survivor regions: 52->45(50)
[286.952s][info][gc,heap        ] GC(666) Old regions: 473->528
[286.952s][info][gc,heap        ] GC(666) Humongous regions: 8->8
[286.952s][info][gc,metaspace   ] GC(666) Metaspace: 18764K(18944K)->18764K(18944K) NonClass: 16101K(16192K)->16101K(16192K) Class: 2663K(2752K)->2663K(2752K)
[286.952s][info][gc             ] GC(666) Pause Young (Mixed) (G1 Evacuation Pause) (Evacuation Failure: Allocation) 875M->580M(978M) 132.989ms
[286.952s][info][gc,cpu         ] GC(666) User=0.27s Sys=0.00s Real=0.14s
[287.285s][info][gc,start       ] GC(667) Pause Young (Concurrent Start) (G1 Evacuation Pause)
[287.285s][info][gc,task        ] GC(667) Using 2 workers of 2 for evacuation
[287.338s][info][gc,phases      ] GC(667)   Pre Evacuate Collection Set: 0.36ms
[287.338s][info][gc,phases      ] GC(667)   Merge Heap Roots: 0.34ms
[287.338s][info][gc,phases      ] GC(667)   Evacuate Collection Set: 51.83ms
[287.338s][info][gc,phases      ] GC(667)   Post Evacuate Collection Set: 0.55ms
[287.338s][info][gc,phases      ] GC(667)   Other: 0.10ms
[287.338s][info][gc,heap        ] GC(667) Eden regions: 302->0(325)
[287.338s][info][gc,heap        ] GC(667) Survivor regions: 45->5(44)
[287.338s][info][gc,heap        ] GC(667) Old regions: 528->562
[287.338s][info][gc,heap        ] GC(667) Humongous regions: 8->8
[287.338s][info][gc,metaspace   ] GC(667) Metaspace: 18765K(18944K)->18765K(18944K) NonClass: 16102K(16192K)->16102K(16192K) Class: 2663K(2752K)->2663K(2752K)
[287.338s][info][gc             ] GC(667) Pause Young (Concurrent Start) (G1 Evacuation Pause) 882M->574M(978M) 53.450ms
[287.338s][info][gc             ] GC(668) Concurrent Mark Cycle
[287.338s][info][gc,marking     ] GC(668) Concurrent Scan Root Regions
[287.339s][info][gc,cpu         ] GC(667) User=0.10s Sys=0.00s Real=0.05s
[287.434s][info][gc,marking     ] GC(668) Concurrent Scan Root Regions 95.382ms
[287.434s][info][gc,marking     ] GC(668) Concurrent Mark
[287.434s][info][gc,marking     ] GC(668) Concurrent Mark From Roots
[287.434s][info][gc,task        ] GC(668) Using 1 workers of 1 for marking
[288.068s][info][gc,start       ] GC(669) Pause Young (Normal) (G1 Evacuation Pause)
[288.068s][info][gc,task        ] GC(669) Using 2 workers of 2 for evacuation
[288.085s][info][gc,phases      ] GC(669)   Pre Evacuate Collection Set: 0.30ms
[288.085s][info][gc,phases      ] GC(669)   Merge Heap Roots: 0.25ms
[288.085s][info][gc,phases      ] GC(669)   Evacuate Collection Set: 16.43ms
[288.085s][info][gc,phases      ] GC(669)   Post Evacuate Collection Set: 0.49ms
[288.085s][info][gc,phases      ] GC(669)   Other: 0.10ms
[288.085s][info][gc,heap        ] GC(669) Eden regions: 325->0(327)
[288.085s][info][gc,heap        ] GC(669) Survivor regions: 5->13(42)
[288.085s][info][gc,heap        ] GC(669) Old regions: 562->562
[288.085s][info][gc,heap        ] GC(669) Humongous regions: 8->8
[288.085s][info][gc,metaspace   ] GC(669) Metaspace: 18765K(18944K)->18765K(18944K) NonClass: 16102K(16192K)->16102K(16192K) Class: 2663K(2752K)->2663K(2752K)
[288.085s][info][gc             ] GC(669) Pause Young (Normal) (G1 Evacuation Pause) 899M->582M(978M) 17.835ms
[288.085s][info][gc,cpu         ] GC(669) User=0.03s Sys=0.00s Real=0.02s
[288.942s][info][gc,marking     ] GC(668) Concurrent Mark From Roots 1508.460ms
[288.942s][info][gc,marking     ] GC(668) Concurrent Preclean
[288.942s][info][gc,marking     ] GC(668) Concurrent Preclean 0.044ms
[288.943s][info][gc,start       ] GC(668) Pause Remark
[288.954s][info][gc             ] GC(668) Pause Remark 760M->759M(978M) 10.885ms
[288.954s][info][gc,cpu         ] GC(668) User=0.02s Sys=0.00s Real=0.01s
[288.954s][info][gc,marking     ] GC(668) Concurrent Mark 1520.054ms
[288.954s][info][gc,marking     ] GC(668) Concurrent Rebuild Remembered Sets and Scrub Regions
[289.511s][info][gc,start       ] GC(670) Pause Young (Normal) (G1 Evacuation Pause)
[289.511s][info][gc,task        ] GC(670) Using 2 workers of 2 for evacuation
[289.529s][info][gc,phases      ] GC(670)   Pre Evacuate Collection Set: 0.26ms
[289.529s][info][gc,phases      ] GC(670)   Merge Heap Roots: 0.31ms
[289.529s][info][gc,phases      ] GC(670)   Evacuate Collection Set: 17.52ms
[289.529s][info][gc,phases      ] GC(670)   Post Evacuate Collection Set: 0.52ms
[289.529s][info][gc,phases      ] GC(670)   Other: 0.13ms
[289.529s][info][gc,heap        ] GC(670) Eden regions: 327->0(333)
[289.529s][info][gc,heap        ] GC(670) Survivor regions: 13->13(43)
[289.529s][info][gc,heap        ] GC(670) Old regions: 562->562
[289.529s][info][gc,heap        ] GC(670) Humongous regions: 7->7
[289.529s][info][gc,metaspace   ] GC(670) Metaspace: 18765K(18944K)->18765K(18944K) NonClass: 16102K(16192K)->16102K(16192K) Class: 2663K(2752K)->2663K(2752K)
[289.530s][info][gc             ] GC(670) Pause Young (Normal) (G1 Evacuation Pause) 908M->581M(978M) 18.944ms
[289.530s][info][gc,cpu         ] GC(670) User=0.03s Sys=0.00s Real=0.01s
[289.593s][info][gc,marking     ] GC(668) Concurrent Rebuild Remembered Sets and Scrub Regions 639.024ms
[289.593s][info][gc,start       ] GC(668) Pause Cleanup
[289.593s][info][gc             ] GC(668) Pause Cleanup 590M->590M(978M) 0.090ms
[289.593s][info][gc,cpu         ] GC(668) User=0.00s Sys=0.00s Real=0.00s
[289.593s][info][gc,marking     ] GC(668) Concurrent Clear Claimed Marks
[289.593s][info][gc,marking     ] GC(668) Concurrent Clear Claimed Marks 0.045ms
[289.593s][info][gc,marking     ] GC(668) Concurrent Cleanup for Next Mark
[289.596s][info][gc,marking     ] GC(668) Concurrent Cleanup for Next Mark 2.817ms
[289.596s][info][gc             ] GC(668) Concurrent Mark Cycle 2257.818ms
[290.614s][info][gc,start       ] GC(671) Pause Young (Prepare Mixed) (G1 Evacuation Pause)
[290.614s][info][gc,task        ] GC(671) Using 2 workers of 2 for evacuation
[290.652s][info][gc,phases      ] GC(671)   Pre Evacuate Collection Set: 0.32ms
[290.652s][info][gc,phases      ] GC(671)   Merge Heap Roots: 0.30ms
[290.652s][info][gc,phases      ] GC(671)   Evacuate Collection Set: 36.42ms
[290.652s][info][gc,phases      ] GC(671)   Post Evacuate Collection Set: 0.61ms
[290.652s][info][gc,phases      ] GC(671)   Other: 0.10ms
[290.652s][info][gc,heap        ] GC(671) Eden regions: 333->0(291)
[290.652s][info][gc,heap        ] GC(671) Survivor regions: 13->34(44)
[290.652s][info][gc,heap        ] GC(671) Old regions: 562->562
[290.652s][info][gc,heap        ] GC(671) Humongous regions: 7->7
[290.652s][info][gc,metaspace   ] GC(671) Metaspace: 18765K(18944K)->18765K(18944K) NonClass: 16102K(16192K)->16102K(16192K) Class: 2663K(2752K)->2663K(2752K)
[290.652s][info][gc             ] GC(671) Pause Young (Prepare Mixed) (G1 Evacuation Pause) 914M->602M(978M) 37.978ms
[290.652s][info][gc,cpu         ] GC(671) User=0.08s Sys=0.00s Real=0.04s
[291.370s][info][gc,start       ] GC(672) Pause Young (Mixed) (G1 Evacuation Pause)
[291.370s][info][gc,task        ] GC(672) Using 2 workers of 2 for evacuation
[291.436s][info][gc,phases      ] GC(672)   Pre Evacuate Collection Set: 0.31ms
[291.436s][info][gc,phases      ] GC(672)   Merge Heap Roots: 0.59ms
[291.436s][info][gc,phases      ] GC(672)   Evacuate Collection Set: 64.37ms
[291.436s][info][gc,phases      ] GC(672)   Post Evacuate Collection Set: 0.50ms
[291.436s][info][gc,phases      ] GC(672)   Other: 0.10ms
[291.436s][info][gc,heap        ] GC(672) Eden regions: 291->0(328)
[291.436s][info][gc,heap        ] GC(672) Survivor regions: 34->1(41)
[291.436s][info][gc,heap        ] GC(672) Old regions: 562->590
[291.436s][info][gc,heap        ] GC(672) Humongous regions: 7->7
[291.436s][info][gc,metaspace   ] GC(672) Metaspace: 18765K(18944K)->18765K(18944K) NonClass: 16102K(16192K)->16102K(16192K) Class: 2663K(2752K)->2663K(2752K)
[291.436s][info][gc             ] GC(672) Pause Young (Mixed) (G1 Evacuation Pause) 893M->597M(978M) 66.124ms
[291.436s][info][gc,cpu         ] GC(672) User=0.13s Sys=0.00s Real=0.07s
[292.523s][info][gc,start       ] GC(673) Pause Young (Concurrent Start) (G1 Evacuation Pause)
[292.523s][info][gc,task        ] GC(673) Using 2 workers of 2 for evacuation
[292.529s][info][gc,phases      ] GC(673)   Pre Evacuate Collection Set: 0.38ms
[292.529s][info][gc,phases      ] GC(673)   Merge Heap Roots: 0.25ms
[292.529s][info][gc,phases      ] GC(673)   Evacuate Collection Set: 4.60ms
[292.529s][info][gc,phases      ] GC(673)   Post Evacuate Collection Set: 0.58ms
[292.529s][info][gc,phases      ] GC(673)   Other: 0.14ms
[292.529s][info][gc,heap        ] GC(673) Eden regions: 328->0(325)
[292.529s][info][gc,heap        ] GC(673) Survivor regions: 1->3(42)
[292.529s][info][gc,heap        ] GC(673) Old regions: 590->590
[292.529s][info][gc,heap        ] GC(673) Humongous regions: 7->7
[292.529s][info][gc,metaspace   ] GC(673) Metaspace: 18773K(18944K)->18773K(18944K) NonClass: 16110K(16192K)->16110K(16192K) Class: 2663K(2752K)->2663K(2752K)
[292.529s][info][gc             ] GC(673) Pause Young (Concurrent Start) (G1 Evacuation Pause) 925M->599M(978M) 6.155ms
[292.529s][info][gc,cpu         ] GC(673) User=0.01s Sys=0.00s Real=0.00s
[292.529s][info][gc             ] GC(674) Concurrent Mark Cycle
[292.529s][info][gc,marking     ] GC(674) Concurrent Scan Root Regions
[292.533s][info][gc,marking     ] GC(674) Concurrent Scan Root Regions 3.430ms
[292.533s][info][gc,marking     ] GC(674) Concurrent Mark
[292.533s][info][gc,marking     ] GC(674) Concurrent Mark From Roots
[292.533s][info][gc,task        ] GC(674) Using 1 workers of 1 for marking
[293.174s][info][gc,start       ] GC(675) Pause Young (Normal) (G1 Evacuation Pause)
[293.174s][info][gc,task        ] GC(675) Using 2 workers of 2 for evacuation
[293.265s][info][gc,phases      ] GC(675)   Pre Evacuate Collection Set: 0.47ms
[293.265s][info][gc,phases      ] GC(675)   Merge Heap Roots: 0.12ms
[293.265s][info][gc,phases      ] GC(675)   Evacuate Collection Set: 82.14ms
[293.265s][info][gc,phases      ] GC(675)   Post Evacuate Collection Set: 7.72ms
[293.265s][info][gc,phases      ] GC(675)   Other: 0.10ms
[293.265s][info][gc,heap        ] GC(675) Eden regions: 325->0(140)
[293.265s][info][gc,heap        ] GC(675) Survivor regions: 3->41(41)
[293.265s][info][gc,heap        ] GC(675) Old regions: 590->699
[293.265s][info][gc,heap        ] GC(675) Humongous regions: 7->7
[293.265s][info][gc,metaspace   ] GC(675) Metaspace: 18788K(19008K)->18788K(19008K) NonClass: 16125K(16256K)->16125K(16256K) Class: 2663K(2752K)->2663K(2752K)
[293.265s][info][gc             ] GC(675) Pause Young (Normal) (G1 Evacuation Pause) (Evacuation Failure: Allocation) 924M->746M(978M) 90.802ms
[293.265s][info][gc,cpu         ] GC(675) User=0.18s Sys=0.01s Real=0.09s
[293.481s][info][gc,start       ] GC(676) Pause Young (Normal) (G1 Evacuation Pause)
[293.481s][info][gc,task        ] GC(676) Using 2 workers of 2 for evacuation
[293.589s][info][gc,phases      ] GC(676)   Pre Evacuate Collection Set: 0.66ms
[293.589s][info][gc,phases      ] GC(676)   Merge Heap Roots: 0.56ms
[293.589s][info][gc,phases      ] GC(676)   Evacuate Collection Set: 98.55ms
[293.589s][info][gc,phases      ] GC(676)   Post Evacuate Collection Set: 7.63ms
[293.589s][info][gc,phases      ] GC(676)   Other: 0.10ms
[293.589s][info][gc,heap        ] GC(676) Eden regions: 140->0(108)
[293.589s][info][gc,heap        ] GC(676) Survivor regions: 41->23(23)
[293.589s][info][gc,heap        ] GC(676) Old regions: 699->767
[293.589s][info][gc,heap        ] GC(676) Humongous regions: 7->7
[293.589s][info][gc,metaspace   ] GC(676) Metaspace: 18788K(19008K)->18788K(19008K) NonClass: 16125K(16256K)->16125K(16256K) Class: 2663K(2752K)->2663K(2752K)
[293.589s][info][gc             ] GC(676) Pause Young (Normal) (G1 Evacuation Pause) (Evacuation Failure: Allocation) 886M->796M(978M) 107.744ms
[293.589s][info][gc,cpu         ] GC(676) User=0.22s Sys=0.00s Real=0.10s
[293.785s][info][gc,start       ] GC(677) Pause Young (Normal) (G1 Evacuation Pause)
[293.786s][info][gc,task        ] GC(677) Using 2 workers of 2 for evacuation
[293.878s][info][gc,phases      ] GC(677)   Pre Evacuate Collection Set: 0.57ms
[293.878s][info][gc,phases      ] GC(677)   Merge Heap Roots: 0.40ms
[293.878s][info][gc,phases      ] GC(677)   Evacuate Collection Set: 86.06ms
[293.878s][info][gc,phases      ] GC(677)   Post Evacuate Collection Set: 5.54ms
[293.878s][info][gc,phases      ] GC(677)   Other: 0.08ms
[293.878s][info][gc,heap        ] GC(677) Eden regions: 108->0(110)
[293.878s][info][gc,heap        ] GC(677) Survivor regions: 23->17(17)
[293.878s][info][gc,heap        ] GC(677) Old regions: 767->776
[293.878s][info][gc,heap        ] GC(677) Humongous regions: 8->8
[293.878s][info][gc,metaspace   ] GC(677) Metaspace: 18789K(19008K)->18789K(19008K) NonClass: 16125K(16256K)->16125K(16256K) Class: 2664K(2752K)->2664K(2752K)
[293.878s][info][gc             ] GC(677) Pause Young (Normal) (G1 Evacuation Pause) (Evacuation Failure: Allocation) 905M->800M(978M) 92.937ms
[293.878s][info][gc,cpu         ] GC(677) User=0.19s Sys=0.00s Real=0.09s
[294.037s][info][gc,marking     ] GC(674) Concurrent Mark From Roots 1504.793ms
[294.037s][info][gc,marking     ] GC(674) Concurrent Preclean
[294.037s][info][gc,marking     ] GC(674) Concurrent Preclean 0.050ms
[294.038s][info][gc,start       ] GC(674) Pause Remark
[294.045s][info][gc             ] GC(674) Pause Remark 868M->779M(978M) 7.718ms
[294.045s][info][gc,cpu         ] GC(674) User=0.01s Sys=0.00s Real=0.01s
[294.046s][info][gc,marking     ] GC(674) Concurrent Mark 1513.843ms
[294.047s][info][gc,marking     ] GC(674) Concurrent Rebuild Remembered Sets and Scrub Regions
[294.117s][info][gc,start       ] GC(678) Pause Young (Normal) (G1 Evacuation Pause)
[294.118s][info][gc,task        ] GC(678) Using 2 workers of 2 for evacuation
[294.158s][info][gc,phases      ] GC(678)   Pre Evacuate Collection Set: 0.31ms
[294.158s][info][gc,phases      ] GC(678)   Merge Heap Roots: 0.59ms
[294.158s][info][gc,phases      ] GC(678)   Evacuate Collection Set: 38.84ms
[294.158s][info][gc,phases      ] GC(678)   Post Evacuate Collection Set: 0.40ms
[294.158s][info][gc,phases      ] GC(678)   Other: 0.09ms
[294.158s][info][gc,heap        ] GC(678) Eden regions: 110->0(198)
[294.158s][info][gc,heap        ] GC(678) Survivor regions: 17->7(16)
[294.158s][info][gc,heap        ] GC(678) Old regions: 689->670
[294.158s][info][gc,heap        ] GC(678) Humongous regions: 6->6
[294.158s][info][gc,metaspace   ] GC(678) Metaspace: 18789K(19008K)->18789K(19008K) NonClass: 16125K(16256K)->16125K(16256K) Class: 2664K(2752K)->2664K(2752K)
[294.158s][info][gc             ] GC(678) Pause Young (Normal) (G1 Evacuation Pause) 821M->682M(978M) 40.464ms
[294.158s][info][gc,cpu         ] GC(678) User=0.08s Sys=0.00s Real=0.04s
[294.688s][info][gc,start       ] GC(679) Pause Young (Normal) (G1 Evacuation Pause)
[294.689s][info][gc,task        ] GC(679) Using 2 workers of 2 for evacuation
[294.763s][info][gc,phases      ] GC(679)   Pre Evacuate Collection Set: 0.52ms
[294.763s][info][gc,phases      ] GC(679)   Merge Heap Roots: 0.92ms
[294.763s][info][gc,phases      ] GC(679)   Evacuate Collection Set: 72.02ms
[294.763s][info][gc,phases      ] GC(679)   Post Evacuate Collection Set: 0.82ms
[294.763s][info][gc,phases      ] GC(679)   Other: 0.10ms
[294.763s][info][gc,heap        ] GC(679) Eden regions: 198->0(175)
[294.763s][info][gc,heap        ] GC(679) Survivor regions: 7->26(26)
[294.763s][info][gc,heap        ] GC(679) Old regions: 670->682
[294.763s][info][gc,heap        ] GC(679) Humongous regions: 9->9
[294.763s][info][gc,metaspace   ] GC(679) Metaspace: 18797K(19008K)->18797K(19008K) NonClass: 16133K(16256K)->16133K(16256K) Class: 2664K(2752K)->2664K(2752K)
[294.763s][info][gc             ] GC(679) Pause Young (Normal) (G1 Evacuation Pause) 883M->716M(978M) 74.658ms
[294.763s][info][gc,cpu         ] GC(679) User=0.15s Sys=0.01s Real=0.08s
[294.919s][info][gc,marking     ] GC(674) Concurrent Rebuild Remembered Sets and Scrub Regions 871.962ms
[294.920s][info][gc,start       ] GC(674) Pause Cleanup
[294.920s][info][gc             ] GC(674) Pause Cleanup 825M->825M(978M) 0.107ms
[294.920s][info][gc,cpu         ] GC(674) User=0.00s Sys=0.00s Real=0.00s
[294.920s][info][gc,marking     ] GC(674) Concurrent Clear Claimed Marks
[294.920s][info][gc,marking     ] GC(674) Concurrent Clear Claimed Marks 0.029ms
[294.920s][info][gc,marking     ] GC(674) Concurrent Cleanup for Next Mark
[294.923s][info][gc,marking     ] GC(674) Concurrent Cleanup for Next Mark 2.818ms
[294.923s][info][gc             ] GC(674) Concurrent Mark Cycle 2393.501ms
[295.002s][info][gc,start       ] GC(680) Pause Young (Prepare Mixed) (G1 Evacuation Pause)
[295.002s][info][gc,task        ] GC(680) Using 2 workers of 2 for evacuation
[295.070s][info][gc,phases      ] GC(680)   Pre Evacuate Collection Set: 0.35ms
[295.070s][info][gc,phases      ] GC(680)   Merge Heap Roots: 0.90ms
[295.070s][info][gc,phases      ] GC(680)   Evacuate Collection Set: 66.16ms
[295.070s][info][gc,phases      ] GC(680)   Post Evacuate Collection Set: 0.47ms
[295.070s][info][gc,phases      ] GC(680)   Other: 0.08ms
[295.070s][info][gc,heap        ] GC(680) Eden regions: 175->0(175)
[295.070s][info][gc,heap        ] GC(680) Survivor regions: 26->11(26)
[295.070s][info][gc,heap        ] GC(680) Old regions: 682->708
[295.070s][info][gc,heap        ] GC(680) Humongous regions: 9->9
[295.070s][info][gc,metaspace   ] GC(680) Metaspace: 18797K(19008K)->18797K(19008K) NonClass: 16133K(16256K)->16133K(16256K) Class: 2664K(2752K)->2664K(2752K)
[295.071s][info][gc             ] GC(680) Pause Young (Prepare Mixed) (G1 Evacuation Pause) 891M->727M(978M) 68.207ms
[295.071s][info][gc,cpu         ] GC(680) User=0.14s Sys=0.00s Real=0.07s
[295.194s][info][gc,start       ] GC(681) Pause Young (Mixed) (G1 Evacuation Pause)
[295.194s][info][gc,task        ] GC(681) Using 2 workers of 2 for evacuation
[295.244s][info][gc,phases      ] GC(681)   Pre Evacuate Collection Set: 0.51ms
[295.244s][info][gc,phases      ] GC(681)   Merge Heap Roots: 0.24ms
[295.244s][info][gc,phases      ] GC(681)   Evacuate Collection Set: 49.29ms
[295.244s][info][gc,phases      ] GC(681)   Post Evacuate Collection Set: 0.51ms
[295.244s][info][gc,phases      ] GC(681)   Other: 0.07ms
[295.244s][info][gc,heap        ] GC(681) Eden regions: 175->0(152)
[295.244s][info][gc,heap        ] GC(681) Survivor regions: 11->24(24)
[295.244s][info][gc,heap        ] GC(681) Old regions: 708->713
[295.244s][info][gc,heap        ] GC(681) Humongous regions: 9->9
[295.244s][info][gc,metaspace   ] GC(681) Metaspace: 18797K(19008K)->18797K(19008K) NonClass: 16133K(16256K)->16133K(16256K) Class: 2664K(2752K)->2664K(2752K)
[295.244s][info][gc             ] GC(681) Pause Young (Mixed) (G1 Evacuation Pause) 902M->745M(978M) 50.824ms
[295.244s][info][gc,cpu         ] GC(681) User=0.10s Sys=0.00s Real=0.05s
[295.367s][info][gc,start       ] GC(682) Pause Young (Concurrent Start) (G1 Evacuation Pause)
[295.367s][info][gc,task        ] GC(682) Using 2 workers of 2 for evacuation
[295.416s][info][gc,phases      ] GC(682)   Pre Evacuate Collection Set: 0.31ms
[295.416s][info][gc,phases      ] GC(682)   Merge Heap Roots: 0.26ms
[295.416s][info][gc,phases      ] GC(682)   Evacuate Collection Set: 47.64ms
[295.416s][info][gc,phases      ] GC(682)   Post Evacuate Collection Set: 0.46ms
[295.416s][info][gc,phases      ] GC(682)   Other: 0.09ms
[295.416s][info][gc,heap        ] GC(682) Eden regions: 152->0(137)
[295.416s][info][gc,heap        ] GC(682) Survivor regions: 24->22(22)
[295.416s][info][gc,heap        ] GC(682) Old regions: 713->738
[295.416s][info][gc,heap        ] GC(682) Humongous regions: 9->9
[295.416s][info][gc,metaspace   ] GC(682) Metaspace: 18797K(19008K)->18797K(19008K) NonClass: 16133K(16256K)->16133K(16256K) Class: 2664K(2752K)->2664K(2752K)
[295.416s][info][gc             ] GC(682) Pause Young (Concurrent Start) (G1 Evacuation Pause) 897M->768M(978M) 48.994ms
[295.416s][info][gc,cpu         ] GC(682) User=0.09s Sys=0.00s Real=0.05s
[295.416s][info][gc             ] GC(683) Concurrent Mark Cycle
[295.416s][info][gc,marking     ] GC(683) Concurrent Scan Root Regions
[295.483s][info][gc,marking     ] GC(683) Concurrent Scan Root Regions 67.308ms
[295.483s][info][gc,marking     ] GC(683) Concurrent Mark
[295.483s][info][gc,marking     ] GC(683) Concurrent Mark From Roots
[295.483s][info][gc,task        ] GC(683) Using 1 workers of 1 for marking
[295.599s][info][gc,start       ] GC(684) Pause Young (Normal) (G1 Evacuation Pause)
[295.599s][info][gc,task        ] GC(684) Using 2 workers of 2 for evacuation
[295.637s][info][gc,phases      ] GC(684)   Pre Evacuate Collection Set: 0.29ms
[295.637s][info][gc,phases      ] GC(684)   Merge Heap Roots: 0.20ms
[295.637s][info][gc,phases      ] GC(684)   Evacuate Collection Set: 37.22ms
[295.637s][info][gc,phases      ] GC(684)   Post Evacuate Collection Set: 0.38ms
[295.637s][info][gc,phases      ] GC(684)   Other: 0.07ms
[295.637s][info][gc,heap        ] GC(684) Eden regions: 137->0(132)
[295.637s][info][gc,heap        ] GC(684) Survivor regions: 22->13(20)
[295.637s][info][gc,heap        ] GC(684) Old regions: 738->760
[295.637s][info][gc,heap        ] GC(684) Humongous regions: 10->10
[295.637s][info][gc,metaspace   ] GC(684) Metaspace: 18797K(19008K)->18797K(19008K) NonClass: 16133K(16256K)->16133K(16256K) Class: 2664K(2752K)->2664K(2752K)
[295.637s][info][gc             ] GC(684) Pause Young (Normal) (G1 Evacuation Pause) 906M->782M(978M) 38.374ms
[295.637s][info][gc,cpu         ] GC(684) User=0.08s Sys=0.00s Real=0.04s
[295.789s][info][gc,start       ] GC(685) Pause Young (Normal) (G1 Evacuation Pause)
[295.789s][info][gc,task        ] GC(685) Using 2 workers of 2 for evacuation
[295.809s][info][gc,phases      ] GC(685)   Pre Evacuate Collection Set: 0.31ms
[295.810s][info][gc,phases      ] GC(685)   Merge Heap Roots: 0.13ms
[295.810s][info][gc,phases      ] GC(685)   Evacuate Collection Set: 19.76ms
[295.810s][info][gc,phases      ] GC(685)   Post Evacuate Collection Set: 0.35ms
[295.810s][info][gc,phases      ] GC(685)   Other: 0.09ms
[295.810s][info][gc,heap        ] GC(685) Eden regions: 132->0(137)
[295.810s][info][gc,heap        ] GC(685) Survivor regions: 13->4(19)
[295.810s][info][gc,heap        ] GC(685) Old regions: 760->773
[295.810s][info][gc,heap        ] GC(685) Humongous regions: 10->10
[295.810s][info][gc,metaspace   ] GC(685) Metaspace: 18799K(19008K)->18799K(19008K) NonClass: 16135K(16256K)->16135K(16256K) Class: 2664K(2752K)->2664K(2752K)
[295.810s][info][gc             ] GC(685) Pause Young (Normal) (G1 Evacuation Pause) 914M->786M(978M) 20.860ms
[295.810s][info][gc,cpu         ] GC(685) User=0.04s Sys=0.00s Real=0.02s
[295.993s][info][gc,start       ] GC(686) Pause Young (Normal) (G1 Evacuation Pause)
[295.994s][info][gc,task        ] GC(686) Using 2 workers of 2 for evacuation
[296.002s][info][gc,phases      ] GC(686)   Pre Evacuate Collection Set: 0.53ms
[296.002s][info][gc,phases      ] GC(686)   Merge Heap Roots: 0.12ms
[296.002s][info][gc,phases      ] GC(686)   Evacuate Collection Set: 7.16ms
[296.002s][info][gc,phases      ] GC(686)   Post Evacuate Collection Set: 0.36ms
[296.002s][info][gc,phases      ] GC(686)   Other: 0.08ms
[296.002s][info][gc,heap        ] GC(686) Eden regions: 137->0(133)
[296.002s][info][gc,heap        ] GC(686) Survivor regions: 4->6(18)
[296.002s][info][gc,heap        ] GC(686) Old regions: 773->773
[296.002s][info][gc,heap        ] GC(686) Humongous regions: 10->10
[296.002s][info][gc,metaspace   ] GC(686) Metaspace: 18799K(19008K)->18799K(19008K) NonClass: 16135K(16256K)->16135K(16256K) Class: 2664K(2752K)->2664K(2752K)
[296.002s][info][gc             ] GC(686) Pause Young (Normal) (G1 Evacuation Pause) 923M->788M(978M) 8.430ms
[296.002s][info][gc,cpu         ] GC(686) User=0.01s Sys=0.00s Real=0.01s
[296.112s][info][gc,marking     ] GC(683) Concurrent Mark From Roots 628.286ms
[296.112s][info][gc,marking     ] GC(683) Concurrent Preclean
[296.112s][info][gc,marking     ] GC(683) Concurrent Preclean 0.055ms
[296.112s][info][gc,start       ] GC(683) Pause Remark
[296.120s][info][gc             ] GC(683) Pause Remark 871M->427M(978M) 7.889ms
[296.120s][info][gc,cpu         ] GC(683) User=0.01s Sys=0.00s Real=0.00s
[296.123s][info][gc,marking     ] GC(683) Concurrent Mark 639.122ms
[296.123s][info][gc,marking     ] GC(683) Concurrent Rebuild Remembered Sets and Scrub Regions
[296.205s][info][gc,start       ] GC(687) Pause Young (Normal) (G1 Evacuation Pause)
[296.205s][info][gc,task        ] GC(687) Using 2 workers of 2 for evacuation
[296.219s][info][gc,phases      ] GC(687)   Pre Evacuate Collection Set: 0.48ms
[296.219s][info][gc,phases      ] GC(687)   Merge Heap Roots: 0.19ms
[296.219s][info][gc,phases      ] GC(687)   Evacuate Collection Set: 13.06ms
[296.219s][info][gc,phases      ] GC(687)   Post Evacuate Collection Set: 0.39ms
[296.219s][info][gc,phases      ] GC(687)   Other: 0.07ms
[296.219s][info][gc,heap        ] GC(687) Eden regions: 133->0(439)
[296.219s][info][gc,heap        ] GC(687) Survivor regions: 6->11(18)
[296.219s][info][gc,heap        ] GC(687) Old regions: 335->335
[296.219s][info][gc,heap        ] GC(687) Humongous regions: 4->4
[296.219s][info][gc,metaspace   ] GC(687) Metaspace: 18805K(19008K)->18805K(19008K) NonClass: 16141K(16256K)->16141K(16256K) Class: 2664K(2752K)->2664K(2752K)
[296.219s][info][gc             ] GC(687) Pause Young (Normal) (G1 Evacuation Pause) 477M->349M(978M) 14.424ms
[296.219s][info][gc,cpu         ] GC(687) User=0.02s Sys=0.00s Real=0.01s
[296.343s][info][gc,marking     ] GC(683) Concurrent Rebuild Remembered Sets and Scrub Regions 220.333ms
[296.343s][info][gc,start       ] GC(683) Pause Cleanup
[296.343s][info][gc             ] GC(683) Pause Cleanup 374M->374M(978M) 0.095ms
[296.343s][info][gc,cpu         ] GC(683) User=0.00s Sys=0.00s Real=0.00s
[296.344s][info][gc,marking     ] GC(683) Concurrent Clear Claimed Marks
[296.344s][info][gc,marking     ] GC(683) Concurrent Clear Claimed Marks 0.037ms
[296.344s][info][gc,marking     ] GC(683) Concurrent Cleanup for Next Mark
[296.350s][info][gc,marking     ] GC(683) Concurrent Cleanup for Next Mark 6.659ms
[296.350s][info][gc             ] GC(683) Concurrent Mark Cycle 934.320ms
[296.981s][info][gc,start       ] GC(688) Pause Young (Prepare Mixed) (G1 Evacuation Pause)
[296.982s][info][gc,task        ] GC(688) Using 2 workers of 2 for evacuation
[297.077s][info][gc,phases      ] GC(688)   Pre Evacuate Collection Set: 0.53ms
[297.078s][info][gc,phases      ] GC(688)   Merge Heap Roots: 0.31ms
[297.078s][info][gc,phases      ] GC(688)   Evacuate Collection Set: 94.14ms
[297.078s][info][gc,phases      ] GC(688)   Post Evacuate Collection Set: 0.78ms
[297.078s][info][gc,phases      ] GC(688)   Other: 0.11ms
[297.078s][info][gc,heap        ] GC(688) Eden regions: 439->0(366)
[297.078s][info][gc,heap        ] GC(688) Survivor regions: 11->57(57)
[297.078s][info][gc,heap        ] GC(688) Old regions: 335->367
[297.078s][info][gc,heap        ] GC(688) Humongous regions: 5->5
[297.078s][info][gc,metaspace   ] GC(688) Metaspace: 18805K(19008K)->18805K(19008K) NonClass: 16141K(16256K)->16141K(16256K) Class: 2664K(2752K)->2664K(2752K)
[297.078s][info][gc             ] GC(688) Pause Young (Prepare Mixed) (G1 Evacuation Pause) 789M->428M(978M) 96.160ms
[297.078s][info][gc,cpu         ] GC(688) User=0.19s Sys=0.00s Real=0.09s
[297.559s][info][gc,start       ] GC(689) Pause Young (Mixed) (G1 Evacuation Pause)
[297.559s][info][gc,task        ] GC(689) Using 2 workers of 2 for evacuation
[297.620s][info][gc,phases      ] GC(689)   Pre Evacuate Collection Set: 0.35ms
[297.620s][info][gc,phases      ] GC(689)   Merge Heap Roots: 0.36ms
[297.620s][info][gc,phases      ] GC(689)   Evacuate Collection Set: 59.53ms
[297.620s][info][gc,phases      ] GC(689)   Post Evacuate Collection Set: 0.66ms
[297.620s][info][gc,phases      ] GC(689)   Other: 0.11ms
[297.620s][info][gc,heap        ] GC(689) Eden regions: 366->0(399)
[297.620s][info][gc,heap        ] GC(689) Survivor regions: 57->3(53)
[297.620s][info][gc,heap        ] GC(689) Old regions: 367->413
[297.620s][info][gc,heap        ] GC(689) Humongous regions: 5->5
[297.620s][info][gc,metaspace   ] GC(689) Metaspace: 18805K(19008K)->18805K(19008K) NonClass: 16141K(16256K)->16141K(16256K) Class: 2664K(2752K)->2664K(2752K)
[297.620s][info][gc             ] GC(689) Pause Young (Mixed) (G1 Evacuation Pause) 794M->419M(978M) 61.274ms
[297.620s][info][gc,cpu         ] GC(689) User=0.12s Sys=0.00s Real=0.06s
[297.971s][info][gc,start       ] GC(690) Pause Young (Concurrent Start) (G1 Humongous Allocation)
[297.972s][info][gc,task        ] GC(690) Using 2 workers of 2 for evacuation
[298.051s][info][gc,phases      ] GC(690)   Pre Evacuate Collection Set: 0.30ms
[298.051s][info][gc,phases      ] GC(690)   Merge Heap Roots: 0.21ms
[298.051s][info][gc,phases      ] GC(690)   Evacuate Collection Set: 78.00ms
[298.051s][info][gc,phases      ] GC(690)   Post Evacuate Collection Set: 0.62ms
[298.051s][info][gc,phases      ] GC(690)   Other: 0.13ms
[298.051s][info][gc,heap        ] GC(690) Eden regions: 224->0(317)
[298.051s][info][gc,heap        ] GC(690) Survivor regions: 3->51(51)
[298.051s][info][gc,heap        ] GC(690) Old regions: 413->437
[298.051s][info][gc,heap        ] GC(690) Humongous regions: 5->5
[298.051s][info][gc,metaspace   ] GC(690) Metaspace: 18806K(19008K)->18806K(19008K) NonClass: 16141K(16256K)->16141K(16256K) Class: 2664K(2752K)->2664K(2752K)
[298.051s][info][gc             ] GC(690) Pause Young (Concurrent Start) (G1 Humongous Allocation) 643M->492M(978M) 79.545ms
[298.051s][info][gc             ] GC(691) Concurrent Mark Cycle
[298.051s][info][gc,marking     ] GC(691) Concurrent Scan Root Regions
[298.051s][info][gc,cpu         ] GC(690) User=0.15s Sys=0.00s Real=0.08s
[298.137s][info][gc,marking     ] GC(691) Concurrent Scan Root Regions 85.672ms
[298.137s][info][gc,marking     ] GC(691) Concurrent Mark
[298.137s][info][gc,marking     ] GC(691) Concurrent Mark From Roots
[298.137s][info][gc,task        ] GC(691) Using 1 workers of 1 for marking
[298.449s][info][gc,start       ] GC(692) Pause Young (Normal) (G1 Evacuation Pause)
[298.449s][info][gc,task        ] GC(692) Using 2 workers of 2 for evacuation
[298.588s][info][gc,phases      ] GC(692)   Pre Evacuate Collection Set: 0.30ms
[298.588s][info][gc,phases      ] GC(692)   Merge Heap Roots: 0.38ms
[298.588s][info][gc,phases      ] GC(692)   Evacuate Collection Set: 137.54ms
[298.588s][info][gc,phases      ] GC(692)   Post Evacuate Collection Set: 0.57ms
[298.588s][info][gc,phases      ] GC(692)   Other: 0.08ms
[298.588s][info][gc,heap        ] GC(692) Eden regions: 317->0(222)
[298.588s][info][gc,heap        ] GC(692) Survivor regions: 51->46(46)
[298.588s][info][gc,heap        ] GC(692) Old regions: 437->532
[298.588s][info][gc,heap        ] GC(692) Humongous regions: 6->6
[298.588s][info][gc,metaspace   ] GC(692) Metaspace: 18806K(19008K)->18806K(19008K) NonClass: 16141K(16256K)->16141K(16256K) Class: 2664K(2752K)->2664K(2752K)
[298.588s][info][gc             ] GC(692) Pause Young (Normal) (G1 Evacuation Pause) 810M->583M(978M) 139.116ms
[298.588s][info][gc,cpu         ] GC(692) User=0.27s Sys=0.00s Real=0.14s
[298.832s][info][gc,marking     ] GC(691) Concurrent Mark From Roots 695.296ms
[298.832s][info][gc,marking     ] GC(691) Concurrent Preclean
[298.832s][info][gc,marking     ] GC(691) Concurrent Preclean 0.043ms
[298.832s][info][gc,start       ] GC(691) Pause Remark
[298.840s][info][gc             ] GC(691) Pause Remark 649M->567M(978M) 7.994ms
[298.840s][info][gc,cpu         ] GC(691) User=0.02s Sys=0.00s Real=0.01s
[298.842s][info][gc,marking     ] GC(691) Concurrent Mark 704.722ms
[298.842s][info][gc,marking     ] GC(691) Concurrent Rebuild Remembered Sets and Scrub Regions
[299.142s][info][gc,marking     ] GC(691) Concurrent Rebuild Remembered Sets and Scrub Regions 300.192ms
[299.142s][info][gc,start       ] GC(691) Pause Cleanup
[299.142s][info][gc             ] GC(691) Pause Cleanup 706M->706M(978M) 0.138ms
[299.142s][info][gc,cpu         ] GC(691) User=0.00s Sys=0.00s Real=0.00s
[299.142s][info][gc,marking     ] GC(691) Concurrent Clear Claimed Marks
[299.142s][info][gc,marking     ] GC(691) Concurrent Clear Claimed Marks 0.027ms
[299.142s][info][gc,marking     ] GC(691) Concurrent Cleanup for Next Mark
[299.145s][info][gc,marking     ] GC(691) Concurrent Cleanup for Next Mark 2.884ms
[299.145s][info][gc             ] GC(691) Concurrent Mark Cycle 1094.066ms
[299.175s][info][gc,start       ] GC(693) Pause Young (Prepare Mixed) (G1 Evacuation Pause)
[299.175s][info][gc,task        ] GC(693) Using 2 workers of 2 for evacuation
[299.227s][info][gc,phases      ] GC(693)   Pre Evacuate Collection Set: 0.48ms
[299.227s][info][gc,phases      ] GC(693)   Merge Heap Roots: 0.24ms
[299.227s][info][gc,phases      ] GC(693)   Evacuate Collection Set: 51.21ms
[299.227s][info][gc,phases      ] GC(693)   Post Evacuate Collection Set: 0.52ms
[299.227s][info][gc,phases      ] GC(693)   Other: 0.08ms
[299.227s][info][gc,heap        ] GC(693) Eden regions: 222->0(302)
[299.227s][info][gc,heap        ] GC(693) Survivor regions: 46->9(34)
[299.227s][info][gc,heap        ] GC(693) Old regions: 452->499
[299.227s][info][gc,heap        ] GC(693) Humongous regions: 4->4
[299.227s][info][gc,metaspace   ] GC(693) Metaspace: 18806K(19008K)->18806K(19008K) NonClass: 16141K(16256K)->16141K(16256K) Class: 2664K(2752K)->2664K(2752K)
[299.227s][info][gc             ] GC(693) Pause Young (Prepare Mixed) (G1 Evacuation Pause) 723M->510M(978M) 52.706ms
[299.227s][info][gc,cpu         ] GC(693) User=0.10s Sys=0.00s Real=0.05s
[299.452s][info][gc,start       ] GC(694) Pause Young (Mixed) (G1 Evacuation Pause)
[299.452s][info][gc,task        ] GC(694) Using 2 workers of 2 for evacuation
[299.599s][info][gc,phases      ] GC(694)   Pre Evacuate Collection Set: 0.36ms
[299.599s][info][gc,phases      ] GC(694)   Merge Heap Roots: 0.72ms
[299.599s][info][gc,phases      ] GC(694)   Evacuate Collection Set: 144.26ms
[299.599s][info][gc,phases      ] GC(694)   Post Evacuate Collection Set: 1.21ms
[299.599s][info][gc,phases      ] GC(694)   Other: 0.11ms
[299.599s][info][gc,heap        ] GC(694) Eden regions: 302->0(228)
[299.599s][info][gc,heap        ] GC(694) Survivor regions: 9->39(39)
[299.599s][info][gc,heap        ] GC(694) Old regions: 499->514
[299.599s][info][gc,heap        ] GC(694) Humongous regions: 4->4
[299.599s][info][gc,metaspace   ] GC(694) Metaspace: 18806K(19008K)->18806K(19008K) NonClass: 16141K(16256K)->16141K(16256K) Class: 2664K(2752K)->2664K(2752K)
[299.599s][info][gc             ] GC(694) Pause Young (Mixed) (G1 Evacuation Pause) 812M->556M(978M) 146.916ms
[299.599s][info][gc,cpu         ] GC(694) User=0.29s Sys=0.00s Real=0.14s
[299.795s][info][gc,start       ] GC(695) Pause Young (Concurrent Start) (G1 Evacuation Pause)
[299.795s][info][gc,task        ] GC(695) Using 2 workers of 2 for evacuation
[299.911s][info][gc,phases      ] GC(695)   Pre Evacuate Collection Set: 0.31ms
[299.911s][info][gc,phases      ] GC(695)   Merge Heap Roots: 0.46ms
[299.911s][info][gc,phases      ] GC(695)   Evacuate Collection Set: 114.72ms
[299.911s][info][gc,phases      ] GC(695)   Post Evacuate Collection Set: 0.63ms
[299.911s][info][gc,phases      ] GC(695)   Other: 0.20ms
[299.911s][info][gc,heap        ] GC(695) Eden regions: 228->0(183)
[299.911s][info][gc,heap        ] GC(695) Survivor regions: 39->34(34)
[299.911s][info][gc,heap        ] GC(695) Old regions: 514->595
[299.911s][info][gc,heap        ] GC(695) Humongous regions: 4->4
[299.911s][info][gc,metaspace   ] GC(695) Metaspace: 18806K(19008K)->18806K(19008K) NonClass: 16141K(16256K)->16141K(16256K) Class: 2664K(2752K)->2664K(2752K)
[299.911s][info][gc             ] GC(695) Pause Young (Concurrent Start) (G1 Evacuation Pause) 784M->632M(978M) 116.574ms
[299.911s][info][gc,cpu         ] GC(695) User=0.23s Sys=0.00s Real=0.12s
[299.911s][info][gc             ] GC(696) Concurrent Mark Cycle
[299.911s][info][gc,marking     ] GC(696) Concurrent Scan Root Regions
[300.022s][info][gc,marking     ] GC(696) Concurrent Scan Root Regions 110.652ms
[300.022s][info][gc,marking     ] GC(696) Concurrent Mark
[300.022s][info][gc,marking     ] GC(696) Concurrent Mark From Roots
[300.022s][info][gc,task        ] GC(696) Using 1 workers of 1 for marking
[300.127s][info][gc,start       ] GC(697) Pause Young (Normal) (G1 Evacuation Pause)
[300.127s][info][gc,task        ] GC(697) Using 2 workers of 2 for evacuation
[300.192s][info][gc,phases      ] GC(697)   Pre Evacuate Collection Set: 0.29ms
[300.192s][info][gc,phases      ] GC(697)   Merge Heap Roots: 0.50ms
[300.192s][info][gc,phases      ] GC(697)   Evacuate Collection Set: 62.93ms
[300.192s][info][gc,phases      ] GC(697)   Post Evacuate Collection Set: 0.57ms
[300.192s][info][gc,phases      ] GC(697)   Other: 0.09ms
[300.192s][info][gc,heap        ] GC(697) Eden regions: 183->0(184)
[300.192s][info][gc,heap        ] GC(697) Survivor regions: 34->18(28)
[300.192s][info][gc,heap        ] GC(697) Old regions: 595->629
[300.192s][info][gc,heap        ] GC(697) Humongous regions: 7->7
[300.192s][info][gc,metaspace   ] GC(697) Metaspace: 18806K(19008K)->18806K(19008K) NonClass: 16141K(16256K)->16141K(16256K) Class: 2664K(2752K)->2664K(2752K)
[300.192s][info][gc             ] GC(697) Pause Young (Normal) (G1 Evacuation Pause) 818M->653M(978M) 64.623ms
[300.192s][info][gc,cpu         ] GC(697) User=0.12s Sys=0.00s Real=0.07s
[300.453s][info][gc,marking     ] GC(696) Concurrent Mark From Roots 431.357ms
[300.453s][info][gc,marking     ] GC(696) Concurrent Preclean
[300.453s][info][gc,marking     ] GC(696) Concurrent Preclean 0.047ms
[300.454s][info][gc,start       ] GC(696) Pause Remark
[300.461s][info][gc             ] GC(696) Pause Remark 782M->492M(978M) 7.628ms
[300.461s][info][gc,cpu         ] GC(696) User=0.01s Sys=0.00s Real=0.01s
[300.461s][info][gc,marking     ] GC(696) Concurrent Mark 439.539ms
[300.462s][info][gc,marking     ] GC(696) Concurrent Rebuild Remembered Sets and Scrub Regions
[300.529s][info][gc,start       ] GC(698) Pause Young (Normal) (G1 Evacuation Pause)
[300.529s][info][gc,task        ] GC(698) Using 2 workers of 2 for evacuation
[300.618s][info][gc,phases      ] GC(698)   Pre Evacuate Collection Set: 0.45ms
[300.618s][info][gc,phases      ] GC(698)   Merge Heap Roots: 0.82ms
[300.618s][info][gc,phases      ] GC(698)   Evacuate Collection Set: 87.55ms
[300.618s][info][gc,phases      ] GC(698)   Post Evacuate Collection Set: 0.47ms
[300.618s][info][gc,phases      ] GC(698)   Other: 0.10ms
[300.618s][info][gc,heap        ] GC(698) Eden regions: 184->0(334)
[300.618s][info][gc,heap        ] GC(698) Survivor regions: 18->26(26)
[300.618s][info][gc,heap        ] GC(698) Old regions: 342->375
[300.618s][info][gc,heap        ] GC(698) Humongous regions: 7->7
[300.618s][info][gc,metaspace   ] GC(698) Metaspace: 18806K(19008K)->18806K(19008K) NonClass: 16141K(16256K)->16141K(16256K) Class: 2664K(2752K)->2664K(2752K)
[300.618s][info][gc             ] GC(698) Pause Young (Normal) (G1 Evacuation Pause) 550M->407M(978M) 89.652ms
[300.618s][info][gc,cpu         ] GC(698) User=0.17s Sys=0.00s Real=0.09s
[300.770s][info][gc,marking     ] GC(696) Concurrent Rebuild Remembered Sets and Scrub Regions 308.900ms
[300.771s][info][gc,start       ] GC(696) Pause Cleanup
[300.771s][info][gc             ] GC(696) Pause Cleanup 524M->524M(978M) 0.103ms
[300.771s][info][gc,cpu         ] GC(696) User=0.00s Sys=0.00s Real=0.00s
[300.772s][info][gc,marking     ] GC(696) Concurrent Clear Claimed Marks
[300.772s][info][gc,marking     ] GC(696) Concurrent Clear Claimed Marks 0.063ms
[300.772s][info][gc,marking     ] GC(696) Concurrent Cleanup for Next Mark
[300.777s][info][gc,marking     ] GC(696) Concurrent Cleanup for Next Mark 4.857ms
[300.777s][info][gc             ] GC(696) Concurrent Mark Cycle 865.372ms
[300.917s][info][gc,start       ] GC(699) Pause Young (Prepare Mixed) (G1 Evacuation Pause)
[300.917s][info][gc,task        ] GC(699) Using 2 workers of 2 for evacuation
[300.995s][info][gc,phases      ] GC(699)   Pre Evacuate Collection Set: 0.48ms
[300.995s][info][gc,phases      ] GC(699)   Merge Heap Roots: 0.30ms
[300.995s][info][gc,phases      ] GC(699)   Evacuate Collection Set: 77.21ms
[300.995s][info][gc,phases      ] GC(699)   Post Evacuate Collection Set: 0.62ms
[300.995s][info][gc,phases      ] GC(699)   Other: 0.11ms
[300.995s][info][gc,heap        ] GC(699) Eden regions: 334->0(322)
[300.995s][info][gc,heap        ] GC(699) Survivor regions: 26->41(45)
[300.995s][info][gc,heap        ] GC(699) Old regions: 375->402
[300.995s][info][gc,heap        ] GC(699) Humongous regions: 7->7
[300.996s][info][gc,metaspace   ] GC(699) Metaspace: 18806K(19008K)->18806K(19008K) NonClass: 16141K(16256K)->16141K(16256K) Class: 2664K(2752K)->2664K(2752K)
[300.996s][info][gc             ] GC(699) Pause Young (Prepare Mixed) (G1 Evacuation Pause) 741M->449M(978M) 78.948ms
[300.996s][info][gc,cpu         ] GC(699) User=0.15s Sys=0.00s Real=0.08s
[301.222s][info][gc,start       ] GC(700) Pause Young (Mixed) (G1 Evacuation Pause)
[301.222s][info][gc,task        ] GC(700) Using 2 workers of 2 for evacuation
[301.276s][info][gc,phases      ] GC(700)   Pre Evacuate Collection Set: 0.33ms
[301.276s][info][gc,phases      ] GC(700)   Merge Heap Roots: 0.32ms
[301.276s][info][gc,phases      ] GC(700)   Evacuate Collection Set: 52.18ms
[301.276s][info][gc,phases      ] GC(700)   Post Evacuate Collection Set: 0.57ms
[301.276s][info][gc,phases      ] GC(700)   Other: 0.11ms
[301.276s][info][gc,heap        ] GC(700) Eden regions: 322->0(368)
[301.276s][info][gc,heap        ] GC(700) Survivor regions: 41->8(46)
[301.276s][info][gc,heap        ] GC(700) Old regions: 402->405
[301.276s][info][gc,heap        ] GC(700) Humongous regions: 7->7
[301.276s][info][gc,metaspace   ] GC(700) Metaspace: 18806K(19008K)->18806K(19008K) NonClass: 16141K(16256K)->16141K(16256K) Class: 2664K(2752K)->2664K(2752K)
[301.276s][info][gc             ] GC(700) Pause Young (Mixed) (G1 Evacuation Pause) 771M->419M(978M) 53.726ms
[301.276s][info][gc,cpu         ] GC(700) User=0.11s Sys=0.00s Real=0.05s
[301.861s][info][gc,start       ] GC(701) Pause Young (Concurrent Start) (G1 Evacuation Pause)
[301.861s][info][gc,task        ] GC(701) Using 2 workers of 2 for evacuation
[301.921s][info][gc,phases      ] GC(701)   Pre Evacuate Collection Set: 0.35ms
[301.921s][info][gc,phases      ] GC(701)   Merge Heap Roots: 0.36ms
[301.921s][info][gc,phases      ] GC(701)   Evacuate Collection Set: 58.59ms
[301.921s][info][gc,phases      ] GC(701)   Post Evacuate Collection Set: 0.62ms
[301.921s][info][gc,phases      ] GC(701)   Other: 0.13ms
[301.921s][info][gc,heap        ] GC(701) Eden regions: 368->0(347)
[301.921s][info][gc,heap        ] GC(701) Survivor regions: 8->47(47)
[301.921s][info][gc,heap        ] GC(701) Old regions: 405->408
[301.921s][info][gc,heap        ] GC(701) Humongous regions: 7->7
[301.921s][info][gc,metaspace   ] GC(701) Metaspace: 18806K(19008K)->18806K(19008K) NonClass: 16141K(16256K)->16141K(16256K) Class: 2664K(2752K)->2664K(2752K)
[301.921s][info][gc             ] GC(701) Pause Young (Concurrent Start) (G1 Evacuation Pause) 787M->461M(978M) 60.291ms
[301.921s][info][gc             ] GC(702) Concurrent Mark Cycle
[301.921s][info][gc,marking     ] GC(702) Concurrent Scan Root Regions
[301.923s][info][gc,cpu         ] GC(701) User=0.12s Sys=0.00s Real=0.06s
[301.984s][info][gc,marking     ] GC(702) Concurrent Scan Root Regions 62.306ms
[301.984s][info][gc,marking     ] GC(702) Concurrent Mark
[301.984s][info][gc,marking     ] GC(702) Concurrent Mark From Roots
[301.984s][info][gc,task        ] GC(702) Using 1 workers of 1 for marking
[302.719s][info][gc,marking     ] GC(702) Concurrent Mark From Roots 735.261ms
[302.719s][info][gc,marking     ] GC(702) Concurrent Preclean
[302.719s][info][gc,marking     ] GC(702) Concurrent Preclean 0.049ms
[302.719s][info][gc,start       ] GC(702) Pause Remark
[302.727s][info][gc             ] GC(702) Pause Remark 677M->578M(978M) 7.575ms
[302.727s][info][gc,cpu         ] GC(702) User=0.02s Sys=0.00s Real=0.01s
[302.728s][info][gc,marking     ] GC(702) Concurrent Mark 744.591ms
[302.728s][info][gc,marking     ] GC(702) Concurrent Rebuild Remembered Sets and Scrub Regions
[302.965s][info][gc,marking     ] GC(702) Concurrent Rebuild Remembered Sets and Scrub Regions 237.069ms
[302.966s][info][gc,start       ] GC(702) Pause Cleanup
[302.966s][info][gc             ] GC(702) Pause Cleanup 649M->649M(978M) 0.095ms
[302.966s][info][gc,cpu         ] GC(702) User=0.00s Sys=0.00s Real=0.00s
[302.966s][info][gc,marking     ] GC(702) Concurrent Clear Claimed Marks
[302.966s][info][gc,marking     ] GC(702) Concurrent Clear Claimed Marks 0.032ms
[302.966s][info][gc,marking     ] GC(702) Concurrent Cleanup for Next Mark
[302.972s][info][gc,marking     ] GC(702) Concurrent Cleanup for Next Mark 6.346ms
[302.972s][info][gc             ] GC(702) Concurrent Mark Cycle 1051.090ms
[303.098s][info][gc,start       ] GC(703) Pause Young (Prepare Mixed) (G1 Evacuation Pause)
[303.098s][info][gc,task        ] GC(703) Using 2 workers of 2 for evacuation
[303.160s][info][gc,phases      ] GC(703)   Pre Evacuate Collection Set: 0.29ms
[303.160s][info][gc,phases      ] GC(703)   Merge Heap Roots: 0.40ms
[303.160s][info][gc,phases      ] GC(703)   Evacuate Collection Set: 60.64ms
[303.160s][info][gc,phases      ] GC(703)   Post Evacuate Collection Set: 0.64ms
[303.160s][info][gc,phases      ] GC(703)   Other: 0.13ms
[303.160s][info][gc,heap        ] GC(703) Eden regions: 347->0(450)
[303.160s][info][gc,heap        ] GC(703) Survivor regions: 47->1(50)
[303.160s][info][gc,heap        ] GC(703) Old regions: 312->359
[303.160s][info][gc,heap        ] GC(703) Humongous regions: 4->4
[303.160s][info][gc,metaspace   ] GC(703) Metaspace: 18806K(19008K)->18806K(19008K) NonClass: 16141K(16256K)->16141K(16256K) Class: 2664K(2752K)->2664K(2752K)
[303.160s][info][gc             ] GC(703) Pause Young (Prepare Mixed) (G1 Evacuation Pause) 709M->363M(978M) 62.340ms
[303.160s][info][gc,cpu         ] GC(703) User=0.12s Sys=0.00s Real=0.06s
[303.922s][info][gc,start       ] GC(704) Pause Young (Mixed) (G1 Evacuation Pause)
[303.922s][info][gc,task        ] GC(704) Using 2 workers of 2 for evacuation
[303.988s][info][gc,phases      ] GC(704)   Pre Evacuate Collection Set: 0.33ms
[303.988s][info][gc,phases      ] GC(704)   Merge Heap Roots: 0.45ms
[303.988s][info][gc,phases      ] GC(704)   Evacuate Collection Set: 63.82ms
[303.988s][info][gc,phases      ] GC(704)   Post Evacuate Collection Set: 0.70ms
[303.988s][info][gc,phases      ] GC(704)   Other: 0.11ms
[303.988s][info][gc,heap        ] GC(704) Eden regions: 450->0(399)
[303.988s][info][gc,heap        ] GC(704) Survivor regions: 1->57(57)
[303.988s][info][gc,heap        ] GC(704) Old regions: 359->353
[303.988s][info][gc,heap        ] GC(704) Humongous regions: 4->4
[303.988s][info][gc,metaspace   ] GC(704) Metaspace: 18806K(19008K)->18806K(19008K) NonClass: 16142K(16256K)->16142K(16256K) Class: 2664K(2752K)->2664K(2752K)
[303.988s][info][gc             ] GC(704) Pause Young (Mixed) (G1 Evacuation Pause) 813M->413M(978M) 65.620ms
[303.988s][info][gc,cpu         ] GC(704) User=0.13s Sys=0.00s Real=0.06s
[304.283s][info][gc,start       ] GC(705) Pause Young (Concurrent Start) (G1 Evacuation Pause)
[304.283s][info][gc,task        ] GC(705) Using 2 workers of 2 for evacuation
[304.388s][info][gc,phases      ] GC(705)   Pre Evacuate Collection Set: 0.33ms
[304.388s][info][gc,phases      ] GC(705)   Merge Heap Roots: 0.23ms
[304.388s][info][gc,phases      ] GC(705)   Evacuate Collection Set: 103.22ms
[304.388s][info][gc,phases      ] GC(705)   Post Evacuate Collection Set: 0.77ms
[304.388s][info][gc,phases      ] GC(705)   Other: 0.13ms
[304.388s][info][gc,heap        ] GC(705) Eden regions: 399->0(344)
[304.388s][info][gc,heap        ] GC(705) Survivor regions: 57->57(57)
[304.388s][info][gc,heap        ] GC(705) Old regions: 353->416
[304.388s][info][gc,heap        ] GC(705) Humongous regions: 4->4
[304.388s][info][gc,metaspace   ] GC(705) Metaspace: 18807K(19008K)->18807K(19008K) NonClass: 16143K(16256K)->16143K(16256K) Class: 2664K(2752K)->2664K(2752K)
[304.388s][info][gc             ] GC(705) Pause Young (Concurrent Start) (G1 Evacuation Pause) 812M->476M(978M) 104.948ms
[304.388s][info][gc             ] GC(706) Concurrent Mark Cycle
[304.388s][info][gc,marking     ] GC(706) Concurrent Scan Root Regions
[304.388s][info][gc,cpu         ] GC(705) User=0.21s Sys=0.00s Real=0.10s
[304.449s][info][gc,marking     ] GC(706) Concurrent Scan Root Regions 61.269ms
[304.450s][info][gc,marking     ] GC(706) Concurrent Mark
[304.450s][info][gc,marking     ] GC(706) Concurrent Mark From Roots
[304.450s][info][gc,task        ] GC(706) Using 1 workers of 1 for marking
[304.881s][info][gc,start       ] GC(707) Pause Young (Normal) (G1 Evacuation Pause)
[304.881s][info][gc,task        ] GC(707) Using 2 workers of 2 for evacuation
[305.016s][info][gc,phases      ] GC(707)   Pre Evacuate Collection Set: 0.32ms
[305.016s][info][gc,phases      ] GC(707)   Merge Heap Roots: 0.35ms
[305.016s][info][gc,phases      ] GC(707)   Evacuate Collection Set: 132.70ms
[305.016s][info][gc,phases      ] GC(707)   Post Evacuate Collection Set: 0.69ms
[305.016s][info][gc,phases      ] GC(707)   Other: 0.11ms
[305.016s][info][gc,heap        ] GC(707) Eden regions: 344->0(287)
[305.016s][info][gc,heap        ] GC(707) Survivor regions: 57->51(51)
[305.016s][info][gc,heap        ] GC(707) Old regions: 416->481
[305.016s][info][gc,heap        ] GC(707) Humongous regions: 8->8
[305.016s][info][gc,metaspace   ] GC(707) Metaspace: 18807K(19008K)->18807K(19008K) NonClass: 16143K(16256K)->16143K(16256K) Class: 2664K(2752K)->2664K(2752K)
[305.016s][info][gc             ] GC(707) Pause Young (Normal) (G1 Evacuation Pause) 824M->539M(978M) 134.479ms
[305.016s][info][gc,cpu         ] GC(707) User=0.26s Sys=0.00s Real=0.13s
[305.339s][info][gc,start       ] GC(708) Pause Young (Normal) (G1 Evacuation Pause)
[305.339s][info][gc,task        ] GC(708) Using 2 workers of 2 for evacuation
[305.425s][info][gc,phases      ] GC(708)   Pre Evacuate Collection Set: 0.53ms
[305.425s][info][gc,phases      ] GC(708)   Merge Heap Roots: 0.34ms
[305.425s][info][gc,phases      ] GC(708)   Evacuate Collection Set: 84.29ms
[305.425s][info][gc,phases      ] GC(708)   Post Evacuate Collection Set: 0.55ms
[305.425s][info][gc,phases      ] GC(708)   Other: 0.10ms
[305.425s][info][gc,heap        ] GC(708) Eden regions: 287->0(290)
[305.425s][info][gc,heap        ] GC(708) Survivor regions: 51->16(43)
[305.425s][info][gc,heap        ] GC(708) Old regions: 481->533
[305.425s][info][gc,heap        ] GC(708) Humongous regions: 8->8
[305.425s][info][gc,metaspace   ] GC(708) Metaspace: 18808K(19008K)->18808K(19008K) NonClass: 16144K(16256K)->16144K(16256K) Class: 2664K(2752K)->2664K(2752K)
[305.425s][info][gc             ] GC(708) Pause Young (Normal) (G1 Evacuation Pause) 826M->556M(978M) 86.119ms
[305.425s][info][gc,cpu         ] GC(708) User=0.17s Sys=0.00s Real=0.09s
[305.705s][info][gc,marking     ] GC(706) Concurrent Mark From Roots 1255.583ms
[305.705s][info][gc,marking     ] GC(706) Concurrent Preclean
[305.705s][info][gc,marking     ] GC(706) Concurrent Preclean 0.047ms
[305.705s][info][gc,start       ] GC(706) Pause Remark
[305.713s][info][gc             ] GC(706) Pause Remark 757M->750M(978M) 7.465ms
[305.713s][info][gc,cpu         ] GC(706) User=0.01s Sys=0.00s Real=0.01s
[305.715s][info][gc,marking     ] GC(706) Concurrent Mark 1265.570ms
[305.715s][info][gc,marking     ] GC(706) Concurrent Rebuild Remembered Sets and Scrub Regions
[305.878s][info][gc,start       ] GC(709) Pause Young (Normal) (G1 Evacuation Pause)
[305.879s][info][gc,task        ] GC(709) Using 2 workers of 2 for evacuation
[305.922s][info][gc,phases      ] GC(709)   Pre Evacuate Collection Set: 0.31ms
[305.922s][info][gc,phases      ] GC(709)   Merge Heap Roots: 0.28ms
[305.922s][info][gc,phases      ] GC(709)   Evacuate Collection Set: 42.13ms
[305.922s][info][gc,phases      ] GC(709)   Post Evacuate Collection Set: 0.57ms
[305.922s][info][gc,phases      ] GC(709)   Other: 0.10ms
[305.922s][info][gc,heap        ] GC(709) Eden regions: 290->0(293)
[305.922s][info][gc,heap        ] GC(709) Survivor regions: 16->34(39)
[305.922s][info][gc,heap        ] GC(709) Old regions: 526->526
[305.922s][info][gc,heap        ] GC(709) Humongous regions: 8->8
[305.922s][info][gc,metaspace   ] GC(709) Metaspace: 18809K(19008K)->18809K(19008K) NonClass: 16145K(16256K)->16145K(16256K) Class: 2664K(2752K)->2664K(2752K)
[305.922s][info][gc             ] GC(709) Pause Young (Normal) (G1 Evacuation Pause) 839M->567M(978M) 43.639ms
[305.922s][info][gc,cpu         ] GC(709) User=0.09s Sys=0.00s Real=0.05s
[306.254s][info][gc,marking     ] GC(706) Concurrent Rebuild Remembered Sets and Scrub Regions 538.636ms
[306.254s][info][gc,start       ] GC(706) Pause Cleanup
[306.254s][info][gc             ] GC(706) Pause Cleanup 713M->713M(978M) 0.103ms
[306.254s][info][gc,cpu         ] GC(706) User=0.00s Sys=0.00s Real=0.00s
[306.255s][info][gc,marking     ] GC(706) Concurrent Clear Claimed Marks
[306.255s][info][gc,marking     ] GC(706) Concurrent Clear Claimed Marks 0.053ms
[306.256s][info][gc,marking     ] GC(706) Concurrent Cleanup for Next Mark
[306.260s][info][gc,marking     ] GC(706) Concurrent Cleanup for Next Mark 4.879ms
[306.260s][info][gc             ] GC(706) Concurrent Mark Cycle 1872.293ms
[306.527s][info][gc,start       ] GC(710) Pause Young (Prepare Mixed) (G1 Evacuation Pause)
[306.528s][info][gc,task        ] GC(710) Using 2 workers of 2 for evacuation
[306.606s][info][gc,phases      ] GC(710)   Pre Evacuate Collection Set: 0.34ms
[306.606s][info][gc,phases      ] GC(710)   Merge Heap Roots: 0.52ms
[306.606s][info][gc,phases      ] GC(710)   Evacuate Collection Set: 76.42ms
[306.606s][info][gc,phases      ] GC(710)   Post Evacuate Collection Set: 0.66ms
[306.606s][info][gc,phases      ] GC(710)   Other: 0.12ms
[306.606s][info][gc,heap        ] GC(710) Eden regions: 293->0(270)
[306.606s][info][gc,heap        ] GC(710) Survivor regions: 34->41(41)
[306.606s][info][gc,heap        ] GC(710) Old regions: 526->552
[306.606s][info][gc,heap        ] GC(710) Humongous regions: 8->8
[306.606s][info][gc,metaspace   ] GC(710) Metaspace: 18826K(19008K)->18826K(19008K) NonClass: 16162K(16256K)->16162K(16256K) Class: 2664K(2752K)->2664K(2752K)
[306.606s][info][gc             ] GC(710) Pause Young (Prepare Mixed) (G1 Evacuation Pause) 860M->600M(978M) 78.349ms
[306.606s][info][gc,cpu         ] GC(710) User=0.16s Sys=0.00s Real=0.08s
[306.873s][info][gc,start       ] GC(711) Pause Young (Mixed) (G1 Evacuation Pause)
[306.874s][info][gc,task        ] GC(711) Using 2 workers of 2 for evacuation
[306.973s][info][gc,phases      ] GC(711)   Pre Evacuate Collection Set: 0.35ms
[306.973s][info][gc,phases      ] GC(711)   Merge Heap Roots: 0.26ms
[306.973s][info][gc,phases      ] GC(711)   Evacuate Collection Set: 97.60ms
[306.973s][info][gc,phases      ] GC(711)   Post Evacuate Collection Set: 0.66ms
[306.973s][info][gc,phases      ] GC(711)   Other: 0.11ms
[306.973s][info][gc,heap        ] GC(711) Eden regions: 270->0(216)
[306.973s][info][gc,heap        ] GC(711) Survivor regions: 41->39(39)
[306.973s][info][gc,heap        ] GC(711) Old regions: 552->606
[306.973s][info][gc,heap        ] GC(711) Humongous regions: 8->8
[306.973s][info][gc,metaspace   ] GC(711) Metaspace: 18828K(19008K)->18828K(19008K) NonClass: 16164K(16256K)->16164K(16256K) Class: 2664K(2752K)->2664K(2752K)
[306.973s][info][gc             ] GC(711) Pause Young (Mixed) (G1 Evacuation Pause) 870M->652M(978M) 99.246ms
[306.973s][info][gc,cpu         ] GC(711) User=0.19s Sys=0.00s Real=0.10s
[307.292s][info][gc,start       ] GC(712) Pause Young (Concurrent Start) (G1 Evacuation Pause)
[307.292s][info][gc,task        ] GC(712) Using 2 workers of 2 for evacuation
[307.356s][info][gc,phases      ] GC(712)   Pre Evacuate Collection Set: 0.30ms
[307.356s][info][gc,phases      ] GC(712)   Merge Heap Roots: 0.42ms
[307.356s][info][gc,phases      ] GC(712)   Evacuate Collection Set: 62.88ms
[307.356s][info][gc,phases      ] GC(712)   Post Evacuate Collection Set: 0.59ms
[307.356s][info][gc,phases      ] GC(712)   Other: 0.12ms
[307.356s][info][gc,heap        ] GC(712) Eden regions: 216->0(208)
[307.356s][info][gc,heap        ] GC(712) Survivor regions: 39->20(32)
[307.356s][info][gc,heap        ] GC(712) Old regions: 606->645
[307.356s][info][gc,heap        ] GC(712) Humongous regions: 8->8
[307.356s][info][gc,metaspace   ] GC(712) Metaspace: 18828K(19008K)->18828K(19008K) NonClass: 16164K(16256K)->16164K(16256K) Class: 2664K(2752K)->2664K(2752K)
[307.356s][info][gc             ] GC(712) Pause Young (Concurrent Start) (G1 Evacuation Pause) 868M->672M(978M) 64.598ms
[307.356s][info][gc             ] GC(713) Concurrent Mark Cycle
[307.356s][info][gc,marking     ] GC(713) Concurrent Scan Root Regions
[307.357s][info][gc,cpu         ] GC(712) User=0.13s Sys=0.00s Real=0.06s
[307.419s][info][gc,marking     ] GC(713) Concurrent Scan Root Regions 62.762ms
[307.419s][info][gc,marking     ] GC(713) Concurrent Mark
[307.419s][info][gc,marking     ] GC(713) Concurrent Mark From Roots
[307.419s][info][gc,task        ] GC(713) Using 1 workers of 1 for marking
[307.752s][info][gc,start       ] GC(714) Pause Young (Normal) (G1 Evacuation Pause)
[307.752s][info][gc,task        ] GC(714) Using 2 workers of 2 for evacuation
[307.835s][info][gc,phases      ] GC(714)   Pre Evacuate Collection Set: 0.29ms
[307.835s][info][gc,phases      ] GC(714)   Merge Heap Roots: 0.57ms
[307.835s][info][gc,phases      ] GC(714)   Evacuate Collection Set: 81.91ms
[307.835s][info][gc,phases      ] GC(714)   Post Evacuate Collection Set: 0.47ms
[307.835s][info][gc,phases      ] GC(714)   Other: 0.09ms
[307.835s][info][gc,heap        ] GC(714) Eden regions: 208->0(165)
[307.835s][info][gc,heap        ] GC(714) Survivor regions: 20->29(29)
[307.835s][info][gc,heap        ] GC(714) Old regions: 645->684
[307.835s][info][gc,heap        ] GC(714) Humongous regions: 11->11
[307.835s][info][gc,metaspace   ] GC(714) Metaspace: 18828K(19008K)->18828K(19008K) NonClass: 16164K(16256K)->16164K(16256K) Class: 2664K(2752K)->2664K(2752K)
[307.835s][info][gc             ] GC(714) Pause Young (Normal) (G1 Evacuation Pause) 883M->723M(978M) 83.622ms
[307.835s][info][gc,cpu         ] GC(714) User=0.17s Sys=0.00s Real=0.08s
[308.069s][info][gc,start       ] GC(715) Pause Young (Normal) (G1 Evacuation Pause)
[308.069s][info][gc,task        ] GC(715) Using 2 workers of 2 for evacuation
[308.107s][info][gc,phases      ] GC(715)   Pre Evacuate Collection Set: 0.30ms
[308.107s][info][gc,phases      ] GC(715)   Merge Heap Roots: 0.18ms
[308.107s][info][gc,phases      ] GC(715)   Evacuate Collection Set: 36.90ms
[308.107s][info][gc,phases      ] GC(715)   Post Evacuate Collection Set: 0.41ms
[308.107s][info][gc,phases      ] GC(715)   Other: 0.07ms
[308.107s][info][gc,heap        ] GC(715) Eden regions: 165->0(173)
[308.107s][info][gc,heap        ] GC(715) Survivor regions: 29->5(25)
[308.107s][info][gc,heap        ] GC(715) Old regions: 684->713
[308.107s][info][gc,heap        ] GC(715) Humongous regions: 11->11
[308.107s][info][gc,metaspace   ] GC(715) Metaspace: 18828K(19008K)->18828K(19008K) NonClass: 16164K(16256K)->16164K(16256K) Class: 2664K(2752K)->2664K(2752K)
[308.107s][info][gc             ] GC(715) Pause Young (Normal) (G1 Evacuation Pause) 888M->728M(978M) 38.127ms
[308.107s][info][gc,cpu         ] GC(715) User=0.07s Sys=0.00s Real=0.04s
[308.379s][info][gc,start       ] GC(716) Pause Young (Normal) (G1 Evacuation Pause)
[308.379s][info][gc,task        ] GC(716) Using 2 workers of 2 for evacuation
[308.396s][info][gc,phases      ] GC(716)   Pre Evacuate Collection Set: 0.51ms
[308.396s][info][gc,phases      ] GC(716)   Merge Heap Roots: 0.22ms
[308.396s][info][gc,phases      ] GC(716)   Evacuate Collection Set: 15.50ms
[308.396s][info][gc,phases      ] GC(716)   Post Evacuate Collection Set: 0.40ms
[308.396s][info][gc,phases      ] GC(716)   Other: 0.10ms
[308.396s][info][gc,heap        ] GC(716) Eden regions: 173->0(181)
[308.396s][info][gc,heap        ] GC(716) Survivor regions: 5->9(23)
[308.396s][info][gc,heap        ] GC(716) Old regions: 713->713
[308.396s][info][gc,heap        ] GC(716) Humongous regions: 11->11
[308.396s][info][gc,metaspace   ] GC(716) Metaspace: 18828K(19008K)->18828K(19008K) NonClass: 16164K(16256K)->16164K(16256K) Class: 2664K(2752K)->2664K(2752K)
[308.396s][info][gc             ] GC(716) Pause Young (Normal) (G1 Evacuation Pause) 901M->732M(978M) 16.985ms
[308.396s][info][gc,cpu         ] GC(716) User=0.03s Sys=0.00s Real=0.02s
[308.586s][info][gc,marking     ] GC(713) Concurrent Mark From Roots 1167.128ms
[308.586s][info][gc,marking     ] GC(713) Concurrent Preclean
[308.586s][info][gc,marking     ] GC(713) Concurrent Preclean 0.048ms
[308.587s][info][gc,start       ] GC(713) Pause Remark
[308.594s][info][gc             ] GC(713) Pause Remark 814M->744M(978M) 7.731ms
[308.594s][info][gc,cpu         ] GC(713) User=0.01s Sys=0.00s Real=0.01s
[308.594s][info][gc,marking     ] GC(713) Concurrent Mark 1175.235ms
[308.594s][info][gc,marking     ] GC(713) Concurrent Rebuild Remembered Sets and Scrub Regions
[308.838s][info][gc,start       ] GC(717) Pause Young (Normal) (G1 Evacuation Pause)
[308.838s][info][gc,task        ] GC(717) Using 2 workers of 2 for evacuation
[308.893s][info][gc,phases      ] GC(717)   Pre Evacuate Collection Set: 0.50ms
[308.893s][info][gc,phases      ] GC(717)   Merge Heap Roots: 0.50ms
[308.893s][info][gc,phases      ] GC(717)   Evacuate Collection Set: 53.03ms
[308.893s][info][gc,phases      ] GC(717)   Post Evacuate Collection Set: 0.50ms
[308.893s][info][gc,phases      ] GC(717)   Other: 0.13ms
[308.893s][info][gc,heap        ] GC(717) Eden regions: 181->0(203)
[308.893s][info][gc,heap        ] GC(717) Survivor regions: 9->24(24)
[308.893s][info][gc,heap        ] GC(717) Old regions: 647->657
[308.893s][info][gc,heap        ] GC(717) Humongous regions: 7->7
[308.893s][info][gc,metaspace   ] GC(717) Metaspace: 18828K(19008K)->18828K(19008K) NonClass: 16164K(16256K)->16164K(16256K) Class: 2664K(2752K)->2664K(2752K)
[308.893s][info][gc             ] GC(717) Pause Young (Normal) (G1 Evacuation Pause) 843M->687M(978M) 54.919ms
[308.893s][info][gc,cpu         ] GC(717) User=0.11s Sys=0.00s Real=0.06s
[309.284s][info][gc,marking     ] GC(713) Concurrent Rebuild Remembered Sets and Scrub Regions 689.858ms
[309.285s][info][gc,start       ] GC(713) Pause Cleanup
[309.285s][info][gc             ] GC(713) Pause Cleanup 877M->877M(978M) 0.237ms
[309.285s][info][gc,cpu         ] GC(713) User=0.00s Sys=0.00s Real=0.00s
[309.286s][info][gc,marking     ] GC(713) Concurrent Clear Claimed Marks
[309.286s][info][gc,marking     ] GC(713) Concurrent Clear Claimed Marks 0.062ms
[309.286s][info][gc,marking     ] GC(713) Concurrent Cleanup for Next Mark
[309.292s][info][gc,marking     ] GC(713) Concurrent Cleanup for Next Mark 6.540ms
[309.292s][info][gc             ] GC(713) Concurrent Mark Cycle 1935.836ms
[309.299s][info][gc,start       ] GC(718) Pause Young (Prepare Mixed) (G1 Evacuation Pause)
[309.299s][info][gc,task        ] GC(718) Using 2 workers of 2 for evacuation
[309.374s][info][gc,phases      ] GC(718)   Pre Evacuate Collection Set: 0.29ms
[309.374s][info][gc,phases      ] GC(718)   Merge Heap Roots: 0.38ms
[309.374s][info][gc,phases      ] GC(718)   Evacuate Collection Set: 72.81ms
[309.374s][info][gc,phases      ] GC(718)   Post Evacuate Collection Set: 0.67ms
[309.374s][info][gc,phases      ] GC(718)   Other: 0.11ms
[309.374s][info][gc,heap        ] GC(718) Eden regions: 203->0(153)
[309.374s][info][gc,heap        ] GC(718) Survivor regions: 24->29(29)
[309.374s][info][gc,heap        ] GC(718) Old regions: 657->702
[309.374s][info][gc,heap        ] GC(718) Humongous regions: 7->7
[309.374s][info][gc,metaspace   ] GC(718) Metaspace: 18828K(19008K)->18828K(19008K) NonClass: 16164K(16256K)->16164K(16256K) Class: 2664K(2752K)->2664K(2752K)
[309.374s][info][gc             ] GC(718) Pause Young (Prepare Mixed) (G1 Evacuation Pause) 890M->737M(978M) 74.443ms
[309.374s][info][gc,cpu         ] GC(718) User=0.15s Sys=0.00s Real=0.08s
[309.594s][info][gc,start       ] GC(719) Pause Young (Mixed) (G1 Evacuation Pause)
[309.594s][info][gc,task        ] GC(719) Using 2 workers of 2 for evacuation
[309.676s][info][gc,phases      ] GC(719)   Pre Evacuate Collection Set: 0.34ms
[309.676s][info][gc,phases      ] GC(719)   Merge Heap Roots: 1.16ms
[309.676s][info][gc,phases      ] GC(719)   Evacuate Collection Set: 79.44ms
[309.676s][info][gc,phases      ] GC(719)   Post Evacuate Collection Set: 0.71ms
[309.676s][info][gc,phases      ] GC(719)   Other: 0.09ms
[309.676s][info][gc,heap        ] GC(719) Eden regions: 153->0(188)
[309.676s][info][gc,heap        ] GC(719) Survivor regions: 29->23(23)
[309.676s][info][gc,heap        ] GC(719) Old regions: 702->658
[309.676s][info][gc,heap        ] GC(719) Humongous regions: 7->7
[309.676s][info][gc,metaspace   ] GC(719) Metaspace: 18828K(19008K)->18828K(19008K) NonClass: 16164K(16256K)->16164K(16256K) Class: 2664K(2752K)->2664K(2752K)
[309.676s][info][gc             ] GC(719) Pause Young (Mixed) (G1 Evacuation Pause) 890M->687M(978M) 82.008ms
[309.676s][info][gc,cpu         ] GC(719) User=0.16s Sys=0.00s Real=0.08s
[309.934s][info][gc,start       ] GC(720) Pause Young (Mixed) (G1 Evacuation Pause)
[309.934s][info][gc,task        ] GC(720) Using 2 workers of 2 for evacuation
[310.082s][info][gc,phases      ] GC(720)   Pre Evacuate Collection Set: 0.34ms
[310.082s][info][gc,phases      ] GC(720)   Merge Heap Roots: 1.52ms
[310.082s][info][gc,phases      ] GC(720)   Evacuate Collection Set: 143.40ms
[310.082s][info][gc,phases      ] GC(720)   Post Evacuate Collection Set: 2.70ms
[310.082s][info][gc,phases      ] GC(720)   Other: 0.10ms
[310.083s][info][gc,heap        ] GC(720) Eden regions: 188->0(170)
[310.083s][info][gc,heap        ] GC(720) Survivor regions: 23->27(27)
[310.083s][info][gc,heap        ] GC(720) Old regions: 658->671
[310.083s][info][gc,heap        ] GC(720) Humongous regions: 10->10
[310.083s][info][gc,metaspace   ] GC(720) Metaspace: 18828K(19008K)->18828K(19008K) NonClass: 16164K(16256K)->16164K(16256K) Class: 2664K(2752K)->2664K(2752K)
[310.083s][info][gc             ] GC(720) Pause Young (Mixed) (G1 Evacuation Pause) (Evacuation Failure: Allocation) 878M->707M(978M) 148.347ms
[310.083s][info][gc,cpu         ] GC(720) User=0.29s Sys=0.00s Real=0.15s
[310.294s][info][gc,start       ] GC(721) Pause Young (Mixed) (G1 Evacuation Pause)
[310.294s][info][gc,task        ] GC(721) Using 2 workers of 2 for evacuation
[310.455s][info][gc,phases      ] GC(721)   Pre Evacuate Collection Set: 0.30ms
[310.455s][info][gc,phases      ] GC(721)   Merge Heap Roots: 2.34ms
[310.455s][info][gc,phases      ] GC(721)   Evacuate Collection Set: 151.20ms
[310.455s][info][gc,phases      ] GC(721)   Merge Optional Heap Roots: 0.07ms
[310.455s][info][gc,phases      ] GC(721)   Evacuate Optional Collection Set: 5.95ms
[310.455s][info][gc,phases      ] GC(721)   Post Evacuate Collection Set: 1.00ms
[310.455s][info][gc,phases      ] GC(721)   Other: 0.10ms
[310.455s][info][gc,heap        ] GC(721) Eden regions: 170->0(193)
[310.455s][info][gc,heap        ] GC(721) Survivor regions: 27->24(25)
[310.455s][info][gc,heap        ] GC(721) Old regions: 671->648
[310.455s][info][gc,heap        ] GC(721) Humongous regions: 10->10
[310.455s][info][gc,metaspace   ] GC(721) Metaspace: 18828K(19008K)->18828K(19008K) NonClass: 16164K(16256K)->16164K(16256K) Class: 2664K(2752K)->2664K(2752K)
[310.455s][info][gc             ] GC(721) Pause Young (Mixed) (G1 Evacuation Pause) 877M->681M(978M) 161.226ms
[310.455s][info][gc,cpu         ] GC(721) User=0.32s Sys=0.00s Real=0.16s
[310.669s][info][gc,start       ] GC(722) Pause Young (Mixed) (G1 Evacuation Pause)
[310.669s][info][gc,task        ] GC(722) Using 2 workers of 2 for evacuation
[310.717s][info][gc,phases      ] GC(722)   Pre Evacuate Collection Set: 0.52ms
[310.717s][info][gc,phases      ] GC(722)   Merge Heap Roots: 0.54ms
[310.717s][info][gc,phases      ] GC(722)   Evacuate Collection Set: 46.79ms
[310.717s][info][gc,phases      ] GC(722)   Post Evacuate Collection Set: 0.40ms
[310.717s][info][gc,phases      ] GC(722)   Other: 0.07ms
[310.718s][info][gc,heap        ] GC(722) Eden regions: 193->0(206)
[310.718s][info][gc,heap        ] GC(722) Survivor regions: 24->2(28)
[310.718s][info][gc,heap        ] GC(722) Old regions: 648->670
[310.718s][info][gc,heap        ] GC(722) Humongous regions: 10->10
[310.718s][info][gc,metaspace   ] GC(722) Metaspace: 18828K(19008K)->18828K(19008K) NonClass: 16164K(16256K)->16164K(16256K) Class: 2664K(2752K)->2664K(2752K)
[310.718s][info][gc             ] GC(722) Pause Young (Mixed) (G1 Evacuation Pause) 874M->681M(978M) 48.551ms
[310.718s][info][gc,cpu         ] GC(722) User=0.10s Sys=0.00s Real=0.05s
[310.978s][info][gc,start       ] GC(723) Pause Young (Concurrent Start) (G1 Evacuation Pause)
[310.978s][info][gc,task        ] GC(723) Using 2 workers of 2 for evacuation
[310.999s][info][gc,phases      ] GC(723)   Pre Evacuate Collection Set: 0.36ms
[310.999s][info][gc,phases      ] GC(723)   Merge Heap Roots: 0.15ms
[310.999s][info][gc,phases      ] GC(723)   Evacuate Collection Set: 19.82ms
[310.999s][info][gc,phases      ] GC(723)   Post Evacuate Collection Set: 0.47ms
[310.999s][info][gc,phases      ] GC(723)   Other: 0.11ms
[310.999s][info][gc,heap        ] GC(723) Eden regions: 206->0(204)
[310.999s][info][gc,heap        ] GC(723) Survivor regions: 2->14(26)
[310.999s][info][gc,heap        ] GC(723) Old regions: 670->670
[310.999s][info][gc,heap        ] GC(723) Humongous regions: 10->10
[310.999s][info][gc,metaspace   ] GC(723) Metaspace: 18828K(19008K)->18828K(19008K) NonClass: 16164K(16256K)->16164K(16256K) Class: 2664K(2752K)->2664K(2752K)
[310.999s][info][gc             ] GC(723) Pause Young (Concurrent Start) (G1 Evacuation Pause) 887M->693M(978M) 21.149ms
[310.999s][info][gc             ] GC(724) Concurrent Mark Cycle
[310.999s][info][gc,marking     ] GC(724) Concurrent Scan Root Regions
[311.001s][info][gc,cpu         ] GC(723) User=0.04s Sys=0.00s Real=0.03s
[311.027s][info][gc,marking     ] GC(724) Concurrent Scan Root Regions 27.963ms
[311.027s][info][gc,marking     ] GC(724) Concurrent Mark
[311.027s][info][gc,marking     ] GC(724) Concurrent Mark From Roots
[311.027s][info][gc,task        ] GC(724) Using 1 workers of 1 for marking
[311.697s][info][gc,start       ] GC(725) Pause Young (Normal) (G1 Evacuation Pause)
[311.697s][info][gc,task        ] GC(725) Using 2 workers of 2 for evacuation
[311.735s][info][gc,phases      ] GC(725)   Pre Evacuate Collection Set: 0.55ms
[311.735s][info][gc,phases      ] GC(725)   Merge Heap Roots: 0.28ms
[311.735s][info][gc,phases      ] GC(725)   Evacuate Collection Set: 35.98ms
[311.735s][info][gc,phases      ] GC(725)   Post Evacuate Collection Set: 0.48ms
[311.735s][info][gc,phases      ] GC(725)   Other: 0.12ms
[311.735s][info][gc,heap        ] GC(725) Eden regions: 204->0(189)
[311.735s][info][gc,heap        ] GC(725) Survivor regions: 14->28(28)
[311.735s][info][gc,heap        ] GC(725) Old regions: 670->673
[311.735s][info][gc,heap        ] GC(725) Humongous regions: 10->10
[311.735s][info][gc,metaspace   ] GC(725) Metaspace: 18828K(19008K)->18828K(19008K) NonClass: 16164K(16256K)->16164K(16256K) Class: 2664K(2752K)->2664K(2752K)
[311.735s][info][gc             ] GC(725) Pause Young (Normal) (G1 Evacuation Pause) 897M->710M(978M) 37.683ms
[311.735s][info][gc,cpu         ] GC(725) User=0.07s Sys=0.00s Real=0.04s
[312.331s][info][gc,start       ] GC(726) Pause Young (Normal) (G1 Evacuation Pause)
[312.331s][info][gc,task        ] GC(726) Using 2 workers of 2 for evacuation
[312.361s][info][gc,phases      ] GC(726)   Pre Evacuate Collection Set: 0.31ms
[312.361s][info][gc,phases      ] GC(726)   Merge Heap Roots: 0.18ms
[312.361s][info][gc,phases      ] GC(726)   Evacuate Collection Set: 29.05ms
[312.361s][info][gc,phases      ] GC(726)   Post Evacuate Collection Set: 0.41ms
[312.361s][info][gc,phases      ] GC(726)   Other: 0.09ms
[312.361s][info][gc,heap        ] GC(726) Eden regions: 189->0(204)
[312.361s][info][gc,heap        ] GC(726) Survivor regions: 28->1(28)
[312.361s][info][gc,heap        ] GC(726) Old regions: 673->702
[312.361s][info][gc,heap        ] GC(726) Humongous regions: 10->10
[312.361s][info][gc,metaspace   ] GC(726) Metaspace: 18828K(19008K)->18828K(19008K) NonClass: 16164K(16256K)->16164K(16256K) Class: 2664K(2752K)->2664K(2752K)
[312.361s][info][gc             ] GC(726) Pause Young (Normal) (G1 Evacuation Pause) 899M->712M(978M) 30.262ms
[312.361s][info][gc,cpu         ] GC(726) User=0.06s Sys=0.00s Real=0.03s
[312.719s][info][gc,marking     ] GC(724) Concurrent Mark From Roots 1692.232ms
[312.719s][info][gc,marking     ] GC(724) Concurrent Preclean
[312.719s][info][gc,marking     ] GC(724) Concurrent Preclean 0.059ms
[312.720s][info][gc,start       ] GC(724) Pause Remark
[312.727s][info][gc             ] GC(724) Pause Remark 822M->716M(978M) 7.918ms
[312.728s][info][gc,cpu         ] GC(724) User=0.01s Sys=0.00s Real=0.01s
[312.728s][info][gc,marking     ] GC(724) Concurrent Mark 1700.555ms
[312.728s][info][gc,marking     ] GC(724) Concurrent Rebuild Remembered Sets and Scrub Regions
[313.065s][info][gc,start       ] GC(727) Pause Young (Normal) (G1 Evacuation Pause)
[313.065s][info][gc,task        ] GC(727) Using 2 workers of 2 for evacuation
[313.080s][info][gc,phases      ] GC(727)   Pre Evacuate Collection Set: 0.48ms
[313.080s][info][gc,phases      ] GC(727)   Merge Heap Roots: 0.41ms
[313.080s][info][gc,phases      ] GC(727)   Evacuate Collection Set: 12.91ms
[313.080s][info][gc,phases      ] GC(727)   Post Evacuate Collection Set: 0.40ms
[313.080s][info][gc,phases      ] GC(727)   Other: 0.09ms
[313.080s][info][gc,heap        ] GC(727) Eden regions: 204->0(290)
[313.080s][info][gc,heap        ] GC(727) Survivor regions: 1->1(26)
[313.080s][info][gc,heap        ] GC(727) Old regions: 600->600
[313.080s][info][gc,heap        ] GC(727) Humongous regions: 6->6
[313.080s][info][gc,metaspace   ] GC(727) Metaspace: 18828K(19008K)->18828K(19008K) NonClass: 16164K(16256K)->16164K(16256K) Class: 2664K(2752K)->2664K(2752K)
[313.080s][info][gc             ] GC(727) Pause Young (Normal) (G1 Evacuation Pause) 810M->606M(978M) 14.508ms
[313.080s][info][gc,cpu         ] GC(727) User=0.03s Sys=0.00s Real=0.01s
[313.189s][info][gc,marking     ] GC(724) Concurrent Rebuild Remembered Sets and Scrub Regions 461.227ms
[313.189s][info][gc,start       ] GC(724) Pause Cleanup
[313.189s][info][gc             ] GC(724) Pause Cleanup 636M->636M(978M) 0.111ms
[313.189s][info][gc,cpu         ] GC(724) User=0.00s Sys=0.00s Real=0.00s
[313.189s][info][gc,marking     ] GC(724) Concurrent Clear Claimed Marks
[313.189s][info][gc,marking     ] GC(724) Concurrent Clear Claimed Marks 0.031ms
[313.189s][info][gc,marking     ] GC(724) Concurrent Cleanup for Next Mark
[313.192s][info][gc,marking     ] GC(724) Concurrent Cleanup for Next Mark 2.852ms
[313.192s][info][gc             ] GC(724) Concurrent Mark Cycle 2193.136ms
[313.484s][info][gc,start       ] GC(728) Pause Young (Prepare Mixed) (G1 Evacuation Pause)
[313.484s][info][gc,task        ] GC(728) Using 2 workers of 2 for evacuation
[313.549s][info][gc,phases      ] GC(728)   Pre Evacuate Collection Set: 0.31ms
[313.549s][info][gc,phases      ] GC(728)   Merge Heap Roots: 0.14ms
[313.549s][info][gc,phases      ] GC(728)   Evacuate Collection Set: 63.84ms
[313.549s][info][gc,phases      ] GC(728)   Post Evacuate Collection Set: 0.74ms
[313.549s][info][gc,phases      ] GC(728)   Other: 0.09ms
[313.549s][info][gc,heap        ] GC(728) Eden regions: 290->0(204)
[313.549s][info][gc,heap        ] GC(728) Survivor regions: 1->37(37)
[313.549s][info][gc,heap        ] GC(728) Old regions: 600->634
[313.549s][info][gc,heap        ] GC(728) Humongous regions: 6->6
[313.549s][info][gc,metaspace   ] GC(728) Metaspace: 18828K(19008K)->18828K(19008K) NonClass: 16164K(16256K)->16164K(16256K) Class: 2664K(2752K)->2664K(2752K)
[313.549s][info][gc             ] GC(728) Pause Young (Prepare Mixed) (G1 Evacuation Pause) 896M->676M(978M) 65.368ms
[313.549s][info][gc,cpu         ] GC(728) User=0.13s Sys=0.01s Real=0.06s
[313.852s][info][gc,start       ] GC(729) Pause Young (Mixed) (G1 Evacuation Pause)
[313.852s][info][gc,task        ] GC(729) Using 2 workers of 2 for evacuation
[313.953s][info][gc,phases      ] GC(729)   Pre Evacuate Collection Set: 0.34ms
[313.953s][info][gc,phases      ] GC(729)   Merge Heap Roots: 0.84ms
[313.953s][info][gc,phases      ] GC(729)   Evacuate Collection Set: 98.89ms
[313.953s][info][gc,phases      ] GC(729)   Post Evacuate Collection Set: 0.65ms
[313.953s][info][gc,phases      ] GC(729)   Other: 0.09ms
[313.953s][info][gc,heap        ] GC(729) Eden regions: 204->0(217)
[313.953s][info][gc,heap        ] GC(729) Survivor regions: 37->23(31)
[313.953s][info][gc,heap        ] GC(729) Old regions: 634->628
[313.953s][info][gc,heap        ] GC(729) Humongous regions: 9->9
[313.953s][info][gc,metaspace   ] GC(729) Metaspace: 18828K(19008K)->18828K(19008K) NonClass: 16164K(16256K)->16164K(16256K) Class: 2664K(2752K)->2664K(2752K)
[313.953s][info][gc             ] GC(729) Pause Young (Mixed) (G1 Evacuation Pause) 883M->659M(978M) 101.090ms
[313.953s][info][gc,cpu         ] GC(729) User=0.20s Sys=0.00s Real=0.10s
[314.203s][info][gc,start       ] GC(730) Pause Young (Concurrent Start) (G1 Evacuation Pause)
[314.203s][info][gc,task        ] GC(730) Using 2 workers of 2 for evacuation
[314.278s][info][gc,phases      ] GC(730)   Pre Evacuate Collection Set: 0.34ms
[314.278s][info][gc,phases      ] GC(730)   Merge Heap Roots: 0.30ms
[314.278s][info][gc,phases      ] GC(730)   Evacuate Collection Set: 73.56ms
[314.278s][info][gc,phases      ] GC(730)   Post Evacuate Collection Set: 0.52ms
[314.278s][info][gc,phases      ] GC(730)   Other: 0.20ms
[314.278s][info][gc,heap        ] GC(730) Eden regions: 217->0(194)
[314.278s][info][gc,heap        ] GC(730) Survivor regions: 23->30(30)
[314.278s][info][gc,heap        ] GC(730) Old regions: 628->656
[314.278s][info][gc,heap        ] GC(730) Humongous regions: 9->9
[314.278s][info][gc,metaspace   ] GC(730) Metaspace: 18828K(19008K)->18828K(19008K) NonClass: 16164K(16256K)->16164K(16256K) Class: 2664K(2752K)->2664K(2752K)
[314.278s][info][gc             ] GC(730) Pause Young (Concurrent Start) (G1 Evacuation Pause) 876M->694M(978M) 75.188ms
[314.278s][info][gc             ] GC(731) Concurrent Mark Cycle
[314.278s][info][gc,marking     ] GC(731) Concurrent Scan Root Regions
[314.280s][info][gc,cpu         ] GC(730) User=0.15s Sys=0.00s Real=0.08s
[314.402s][info][gc,marking     ] GC(731) Concurrent Scan Root Regions 124.275ms
[314.402s][info][gc,marking     ] GC(731) Concurrent Mark
[314.402s][info][gc,marking     ] GC(731) Concurrent Mark From Roots
[314.402s][info][gc,task        ] GC(731) Using 1 workers of 1 for marking
[314.568s][info][gc,start       ] GC(732) Pause Young (Normal) (G1 Evacuation Pause)
[314.568s][info][gc,task        ] GC(732) Using 2 workers of 2 for evacuation
[314.601s][info][gc,phases      ] GC(732)   Pre Evacuate Collection Set: 0.29ms
[314.601s][info][gc,phases      ] GC(732)   Merge Heap Roots: 0.22ms
[314.601s][info][gc,phases      ] GC(732)   Evacuate Collection Set: 32.13ms
[314.601s][info][gc,phases      ] GC(732)   Post Evacuate Collection Set: 0.41ms
[314.601s][info][gc,phases      ] GC(732)   Other: 0.08ms
[314.601s][info][gc,heap        ] GC(732) Eden regions: 194->0(204)
[314.601s][info][gc,heap        ] GC(732) Survivor regions: 30->1(28)
[314.601s][info][gc,heap        ] GC(732) Old regions: 656->686
[314.601s][info][gc,heap        ] GC(732) Humongous regions: 9->9
[314.601s][info][gc,metaspace   ] GC(732) Metaspace: 18828K(19008K)->18828K(19008K) NonClass: 16164K(16256K)->16164K(16256K) Class: 2664K(2752K)->2664K(2752K)
[314.601s][info][gc             ] GC(732) Pause Young (Normal) (G1 Evacuation Pause) 888M->695M(978M) 33.362ms
[314.601s][info][gc,cpu         ] GC(732) User=0.06s Sys=0.00s Real=0.04s
[314.961s][info][gc,start       ] GC(733) Pause Young (Normal) (G1 Evacuation Pause)
[314.961s][info][gc,task        ] GC(733) Using 2 workers of 2 for evacuation
[314.993s][info][gc,phases      ] GC(733)   Pre Evacuate Collection Set: 0.31ms
[314.993s][info][gc,phases      ] GC(733)   Merge Heap Roots: 0.54ms
[314.993s][info][gc,phases      ] GC(733)   Evacuate Collection Set: 31.00ms
[314.993s][info][gc,phases      ] GC(733)   Post Evacuate Collection Set: 0.43ms
[314.993s][info][gc,phases      ] GC(733)   Other: 0.08ms
[314.993s][info][gc,heap        ] GC(733) Eden regions: 204->0(200)
[314.993s][info][gc,heap        ] GC(733) Survivor regions: 1->14(26)
[314.993s][info][gc,heap        ] GC(733) Old regions: 686->686
[314.993s][info][gc,heap        ] GC(733) Humongous regions: 9->9
[314.993s][info][gc,metaspace   ] GC(733) Metaspace: 18828K(19008K)->18828K(19008K) NonClass: 16164K(16256K)->16164K(16256K) Class: 2664K(2752K)->2664K(2752K)
[314.994s][info][gc             ] GC(733) Pause Young (Normal) (G1 Evacuation Pause) 899M->708M(978M) 32.603ms
[314.994s][info][gc,cpu         ] GC(733) User=0.06s Sys=0.00s Real=0.03s
[315.482s][info][gc,start       ] GC(734) Pause Young (Normal) (G1 Evacuation Pause)
[315.482s][info][gc,task        ] GC(734) Using 2 workers of 2 for evacuation
[315.526s][info][gc,phases      ] GC(734)   Pre Evacuate Collection Set: 0.29ms
[315.526s][info][gc,phases      ] GC(734)   Merge Heap Roots: 0.26ms
[315.526s][info][gc,phases      ] GC(734)   Evacuate Collection Set: 43.60ms
[315.527s][info][gc,phases      ] GC(734)   Post Evacuate Collection Set: 0.44ms
[315.527s][info][gc,phases      ] GC(734)   Other: 0.09ms
[315.527s][info][gc,heap        ] GC(734) Eden regions: 200->0(166)
[315.527s][info][gc,heap        ] GC(734) Survivor regions: 14->27(27)
[315.527s][info][gc,heap        ] GC(734) Old regions: 686->699
[315.527s][info][gc,heap        ] GC(734) Humongous regions: 9->9
[315.527s][info][gc,metaspace   ] GC(734) Metaspace: 18829K(19008K)->18829K(19008K) NonClass: 16165K(16256K)->16165K(16256K) Class: 2664K(2752K)->2664K(2752K)
[315.527s][info][gc             ] GC(734) Pause Young (Normal) (G1 Evacuation Pause) 908M->734M(978M) 44.890ms
[315.527s][info][gc,cpu         ] GC(734) User=0.09s Sys=0.00s Real=0.04s
[315.924s][info][gc,start       ] GC(735) Pause Young (Normal) (G1 Evacuation Pause)
[315.924s][info][gc,task        ] GC(735) Using 2 workers of 2 for evacuation
[315.969s][info][gc,phases      ] GC(735)   Pre Evacuate Collection Set: 0.30ms
[315.969s][info][gc,phases      ] GC(735)   Merge Heap Roots: 0.27ms
[315.969s][info][gc,phases      ] GC(735)   Evacuate Collection Set: 44.10ms
[315.969s][info][gc,phases      ] GC(735)   Post Evacuate Collection Set: 0.42ms
[315.969s][info][gc,phases      ] GC(735)   Other: 0.09ms
[315.969s][info][gc,heap        ] GC(735) Eden regions: 166->0(156)
[315.969s][info][gc,heap        ] GC(735) Survivor regions: 27->18(25)
[315.969s][info][gc,heap        ] GC(735) Old regions: 699->727
[315.969s][info][gc,heap        ] GC(735) Humongous regions: 9->9
[315.969s][info][gc,metaspace   ] GC(735) Metaspace: 18831K(19008K)->18831K(19008K) NonClass: 16167K(16256K)->16167K(16256K) Class: 2664K(2752K)->2664K(2752K)
[315.969s][info][gc             ] GC(735) Pause Young (Normal) (G1 Evacuation Pause) 900M->753M(978M) 45.389ms
[315.969s][info][gc,cpu         ] GC(735) User=0.08s Sys=0.00s Real=0.04s
[316.204s][info][gc,start       ] GC(736) Pause Young (Normal) (G1 Evacuation Pause)
[316.204s][info][gc,task        ] GC(736) Using 2 workers of 2 for evacuation
[316.241s][info][gc,phases      ] GC(736)   Pre Evacuate Collection Set: 0.52ms
[316.241s][info][gc,phases      ] GC(736)   Merge Heap Roots: 0.08ms
[316.241s][info][gc,phases      ] GC(736)   Evacuate Collection Set: 35.17ms
[316.241s][info][gc,phases      ] GC(736)   Post Evacuate Collection Set: 0.45ms
[316.241s][info][gc,phases      ] GC(736)   Other: 0.10ms
[316.241s][info][gc,heap        ] GC(736) Eden regions: 156->0(136)
[316.241s][info][gc,heap        ] GC(736) Survivor regions: 18->22(22)
[316.241s][info][gc,heap        ] GC(736) Old regions: 727->739
[316.241s][info][gc,heap        ] GC(736) Humongous regions: 9->9
[316.241s][info][gc,metaspace   ] GC(736) Metaspace: 18831K(19008K)->18831K(19008K) NonClass: 16167K(16256K)->16167K(16256K) Class: 2664K(2752K)->2664K(2752K)
[316.241s][info][gc             ] GC(736) Pause Young (Normal) (G1 Evacuation Pause) 909M->769M(978M) 36.551ms
[316.241s][info][gc,cpu         ] GC(736) User=0.07s Sys=0.00s Real=0.04s
[316.496s][info][gc,start       ] GC(737) Pause Young (Normal) (G1 Evacuation Pause)
[316.496s][info][gc,task        ] GC(737) Using 2 workers of 2 for evacuation
[316.524s][info][gc,phases      ] GC(737)   Pre Evacuate Collection Set: 0.57ms
[316.524s][info][gc,phases      ] GC(737)   Merge Heap Roots: 0.13ms
[316.524s][info][gc,phases      ] GC(737)   Evacuate Collection Set: 26.42ms
[316.524s][info][gc,phases      ] GC(737)   Post Evacuate Collection Set: 0.39ms
[316.524s][info][gc,phases      ] GC(737)   Other: 0.10ms
[316.524s][info][gc,heap        ] GC(737) Eden regions: 136->0(147)
[316.524s][info][gc,heap        ] GC(737) Survivor regions: 22->5(20)
[316.524s][info][gc,heap        ] GC(737) Old regions: 739->762
[316.524s][info][gc,heap        ] GC(737) Humongous regions: 9->9
[316.524s][info][gc,metaspace   ] GC(737) Metaspace: 18831K(19008K)->18831K(19008K) NonClass: 16167K(16256K)->16167K(16256K) Class: 2664K(2752K)->2664K(2752K)
[316.524s][info][gc             ] GC(737) Pause Young (Normal) (G1 Evacuation Pause) 905M->775M(978M) 27.827ms
[316.524s][info][gc,cpu         ] GC(737) User=0.06s Sys=0.00s Real=0.03s
[316.616s][info][gc,marking     ] GC(731) Concurrent Mark From Roots 2213.624ms
[316.616s][info][gc,marking     ] GC(731) Concurrent Preclean
[316.616s][info][gc,marking     ] GC(731) Concurrent Preclean 0.054ms
[316.616s][info][gc,start       ] GC(731) Pause Remark
[316.624s][info][gc             ] GC(731) Pause Remark 812M->798M(978M) 7.473ms
[316.624s][info][gc,cpu         ] GC(731) User=0.01s Sys=0.00s Real=0.01s
[316.624s][info][gc,marking     ] GC(731) Concurrent Mark 2221.470ms
[316.624s][info][gc,marking     ] GC(731) Concurrent Rebuild Remembered Sets and Scrub Regions
[317.017s][info][gc,start       ] GC(738) Pause Young (Normal) (G1 Evacuation Pause)
[317.017s][info][gc,task        ] GC(738) Using 2 workers of 2 for evacuation
[317.027s][info][gc,phases      ] GC(738)   Pre Evacuate Collection Set: 0.30ms
[317.027s][info][gc,phases      ] GC(738)   Merge Heap Roots: 0.13ms
[317.027s][info][gc,phases      ] GC(738)   Evacuate Collection Set: 9.10ms
[317.027s][info][gc,phases      ] GC(738)   Post Evacuate Collection Set: 0.32ms
[317.027s][info][gc,phases      ] GC(738)   Other: 0.10ms
[317.027s][info][gc,heap        ] GC(738) Eden regions: 147->0(155)
[317.027s][info][gc,heap        ] GC(738) Survivor regions: 5->8(19)
[317.027s][info][gc,heap        ] GC(738) Old regions: 749->749
[317.027s][info][gc,heap        ] GC(738) Humongous regions: 8->8
[317.027s][info][gc,metaspace   ] GC(738) Metaspace: 18831K(19008K)->18831K(19008K) NonClass: 16167K(16256K)->16167K(16256K) Class: 2664K(2752K)->2664K(2752K)
[317.027s][info][gc             ] GC(738) Pause Young (Normal) (G1 Evacuation Pause) 908M->764M(978M) 10.259ms
[317.028s][info][gc,cpu         ] GC(738) User=0.01s Sys=0.00s Real=0.01s
[317.295s][info][gc,marking     ] GC(731) Concurrent Rebuild Remembered Sets and Scrub Regions 671.209ms
[317.295s][info][gc,start       ] GC(731) Pause Cleanup
[317.295s][info][gc             ] GC(731) Pause Cleanup 883M->883M(978M) 0.115ms
[317.295s][info][gc,cpu         ] GC(731) User=0.00s Sys=0.00s Real=0.00s
[317.296s][info][gc,marking     ] GC(731) Concurrent Clear Claimed Marks
[317.296s][info][gc,marking     ] GC(731) Concurrent Clear Claimed Marks 0.031ms
[317.296s][info][gc,marking     ] GC(731) Concurrent Cleanup for Next Mark
[317.298s][info][gc,marking     ] GC(731) Concurrent Cleanup for Next Mark 2.829ms
[317.298s][info][gc             ] GC(731) Concurrent Mark Cycle 3020.357ms
[317.332s][info][gc,start       ] GC(739) Pause Young (Prepare Mixed) (G1 Evacuation Pause)
[317.332s][info][gc,task        ] GC(739) Using 2 workers of 2 for evacuation
[317.355s][info][gc,phases      ] GC(739)   Pre Evacuate Collection Set: 0.29ms
[317.355s][info][gc,phases      ] GC(739)   Merge Heap Roots: 0.14ms
[317.355s][info][gc,phases      ] GC(739)   Evacuate Collection Set: 21.56ms
[317.355s][info][gc,phases      ] GC(739)   Post Evacuate Collection Set: 0.44ms
[317.355s][info][gc,phases      ] GC(739)   Other: 0.11ms
[317.355s][info][gc,heap        ] GC(739) Eden regions: 155->0(129)
[317.355s][info][gc,heap        ] GC(739) Survivor regions: 8->21(21)
[317.355s][info][gc,heap        ] GC(739) Old regions: 749->749
[317.355s][info][gc,heap        ] GC(739) Humongous regions: 8->8
[317.355s][info][gc,metaspace   ] GC(739) Metaspace: 18831K(19008K)->18831K(19008K) NonClass: 16167K(16256K)->16167K(16256K) Class: 2664K(2752K)->2664K(2752K)
[317.355s][info][gc             ] GC(739) Pause Young (Prepare Mixed) (G1 Evacuation Pause) 919M->777M(978M) 22.784ms
[317.355s][info][gc,cpu         ] GC(739) User=0.05s Sys=0.00s Real=0.02s
[317.518s][info][gc,start       ] GC(740) Pause Young (Mixed) (G1 Evacuation Pause)
[317.518s][info][gc,task        ] GC(740) Using 2 workers of 2 for evacuation
[317.587s][info][gc,phases      ] GC(740)   Pre Evacuate Collection Set: 0.32ms
[317.587s][info][gc,phases      ] GC(740)   Merge Heap Roots: 0.34ms
[317.587s][info][gc,phases      ] GC(740)   Evacuate Collection Set: 67.59ms
[317.587s][info][gc,phases      ] GC(740)   Post Evacuate Collection Set: 0.43ms
[317.587s][info][gc,phases      ] GC(740)   Other: 0.08ms
[317.587s][info][gc,heap        ] GC(740) Eden regions: 129->0(124)
[317.587s][info][gc,heap        ] GC(740) Survivor regions: 21->18(19)
[317.587s][info][gc,heap        ] GC(740) Old regions: 749->760
[317.587s][info][gc,heap        ] GC(740) Humongous regions: 8->8
[317.587s][info][gc,metaspace   ] GC(740) Metaspace: 18831K(19008K)->18831K(19008K) NonClass: 16167K(16256K)->16167K(16256K) Class: 2664K(2752K)->2664K(2752K)
[317.587s][info][gc             ] GC(740) Pause Young (Mixed) (G1 Evacuation Pause) 906M->784M(978M) 69.015ms
[317.587s][info][gc,cpu         ] GC(740) User=0.13s Sys=0.00s Real=0.07s
[317.662s][info][gc,start       ] GC(741) Pause Young (Concurrent Start) (G1 Evacuation Pause)
[317.662s][info][gc,task        ] GC(741) Using 2 workers of 2 for evacuation
[317.714s][info][gc,phases      ] GC(741)   Pre Evacuate Collection Set: 0.30ms
[317.714s][info][gc,phases      ] GC(741)   Merge Heap Roots: 0.07ms
[317.714s][info][gc,phases      ] GC(741)   Evacuate Collection Set: 51.21ms
[317.714s][info][gc,phases      ] GC(741)   Post Evacuate Collection Set: 0.54ms
[317.714s][info][gc,phases      ] GC(741)   Other: 0.08ms
[317.714s][info][gc,heap        ] GC(741) Eden regions: 124->0(80)
[317.714s][info][gc,heap        ] GC(741) Survivor regions: 18->18(18)
[317.714s][info][gc,heap        ] GC(741) Old regions: 760->804
[317.714s][info][gc,heap        ] GC(741) Humongous regions: 8->8
[317.714s][info][gc,metaspace   ] GC(741) Metaspace: 18831K(19008K)->18831K(19008K) NonClass: 16167K(16256K)->16167K(16256K) Class: 2664K(2752K)->2664K(2752K)
[317.714s][info][gc             ] GC(741) Pause Young (Concurrent Start) (G1 Evacuation Pause) 908M->829M(978M) 52.413ms
[317.714s][info][gc,cpu         ] GC(741) User=0.10s Sys=0.00s Real=0.05s
[317.714s][info][gc             ] GC(742) Concurrent Mark Cycle
[317.716s][info][gc,marking     ] GC(742) Concurrent Scan Root Regions
[317.770s][info][gc,marking     ] GC(742) Concurrent Scan Root Regions 53.386ms
[317.770s][info][gc,marking     ] GC(742) Concurrent Mark
[317.770s][info][gc,marking     ] GC(742) Concurrent Mark From Roots
[317.770s][info][gc,task        ] GC(742) Using 1 workers of 1 for marking
[317.938s][info][gc,start       ] GC(743) Pause Young (Normal) (G1 Evacuation Pause)
[317.938s][info][gc,task        ] GC(743) Using 2 workers of 2 for evacuation
[317.972s][info][gc,phases      ] GC(743)   Pre Evacuate Collection Set: 0.52ms
[317.972s][info][gc,phases      ] GC(743)   Merge Heap Roots: 0.39ms
[317.972s][info][gc,phases      ] GC(743)   Evacuate Collection Set: 32.95ms
[317.972s][info][gc,phases      ] GC(743)   Post Evacuate Collection Set: 0.37ms
[317.972s][info][gc,phases      ] GC(743)   Other: 0.09ms
[317.972s][info][gc,heap        ] GC(743) Eden regions: 80->0(71)
[317.972s][info][gc,heap        ] GC(743) Survivor regions: 18->13(13)
[317.972s][info][gc,heap        ] GC(743) Old regions: 804->823
[317.972s][info][gc,heap        ] GC(743) Humongous regions: 8->8
[317.972s][info][gc,metaspace   ] GC(743) Metaspace: 18831K(19008K)->18831K(19008K) NonClass: 16167K(16256K)->16167K(16256K) Class: 2664K(2752K)->2664K(2752K)
[317.972s][info][gc             ] GC(743) Pause Young (Normal) (G1 Evacuation Pause) 909M->843M(978M) 34.548ms
[317.972s][info][gc,cpu         ] GC(743) User=0.07s Sys=0.00s Real=0.04s
[318.040s][info][gc,start       ] GC(744) Pause Young (Normal) (G1 Evacuation Pause)
[318.041s][info][gc,task        ] GC(744) Using 2 workers of 2 for evacuation
[318.057s][info][gc,phases      ] GC(744)   Pre Evacuate Collection Set: 0.48ms
[318.057s][info][gc,phases      ] GC(744)   Merge Heap Roots: 0.16ms
[318.057s][info][gc,phases      ] GC(744)   Evacuate Collection Set: 15.53ms
[318.057s][info][gc,phases      ] GC(744)   Post Evacuate Collection Set: 0.32ms
[318.057s][info][gc,phases      ] GC(744)   Other: 0.08ms
[318.057s][info][gc,heap        ] GC(744) Eden regions: 71->0(79)
[318.057s][info][gc,heap        ] GC(744) Survivor regions: 13->3(11)
[318.057s][info][gc,heap        ] GC(744) Old regions: 823->835
[318.057s][info][gc,heap        ] GC(744) Humongous regions: 8->8
[318.057s][info][gc,metaspace   ] GC(744) Metaspace: 18831K(19008K)->18831K(19008K) NonClass: 16167K(16256K)->16167K(16256K) Class: 2664K(2752K)->2664K(2752K)
[318.057s][info][gc             ] GC(744) Pause Young (Normal) (G1 Evacuation Pause) 914M->845M(978M) 16.792ms
[318.057s][info][gc,cpu         ] GC(744) User=0.04s Sys=0.00s Real=0.01s
[318.266s][info][gc,start       ] GC(745) Pause Young (Normal) (G1 Evacuation Pause)
[318.266s][info][gc,task        ] GC(745) Using 2 workers of 2 for evacuation
[318.308s][info][gc,phases      ] GC(745)   Pre Evacuate Collection Set: 0.53ms
[318.308s][info][gc,phases      ] GC(745)   Merge Heap Roots: 0.29ms
[318.308s][info][gc,phases      ] GC(745)   Evacuate Collection Set: 40.19ms
[318.308s][info][gc,phases      ] GC(745)   Post Evacuate Collection Set: 0.49ms
[318.308s][info][gc,phases      ] GC(745)   Other: 0.10ms
[318.308s][info][gc,heap        ] GC(745) Eden regions: 79->0(46)
[318.308s][info][gc,heap        ] GC(745) Survivor regions: 3->11(11)
[318.308s][info][gc,heap        ] GC(745) Old regions: 835->849
[318.308s][info][gc,heap        ] GC(745) Humongous regions: 11->11
[318.308s][info][gc,metaspace   ] GC(745) Metaspace: 18831K(19008K)->18831K(19008K) NonClass: 16167K(16256K)->16167K(16256K) Class: 2664K(2752K)->2664K(2752K)
[318.308s][info][gc             ] GC(745) Pause Young (Normal) (G1 Evacuation Pause) 927M->870M(978M) 41.844ms
[318.308s][info][gc,cpu         ] GC(745) User=0.08s Sys=0.00s Real=0.04s
[318.374s][info][gc,start       ] GC(746) Pause Young (Normal) (G1 Evacuation Pause)
[318.374s][info][gc,task        ] GC(746) Using 2 workers of 2 for evacuation
[318.410s][info][gc,phases      ] GC(746)   Pre Evacuate Collection Set: 0.29ms
[318.410s][info][gc,phases      ] GC(746)   Merge Heap Roots: 0.31ms
[318.410s][info][gc,phases      ] GC(746)   Evacuate Collection Set: 34.39ms
[318.410s][info][gc,phases      ] GC(746)   Post Evacuate Collection Set: 0.30ms
[318.410s][info][gc,phases      ] GC(746)   Other: 0.08ms
[318.410s][info][gc,heap        ] GC(746) Eden regions: 46->0(40)
[318.410s][info][gc,heap        ] GC(746) Survivor regions: 11->8(8)
[318.410s][info][gc,heap        ] GC(746) Old regions: 849->861
[318.410s][info][gc,heap        ] GC(746) Humongous regions: 11->11
[318.410s][info][gc,metaspace   ] GC(746) Metaspace: 18831K(19008K)->18831K(19008K) NonClass: 16167K(16256K)->16167K(16256K) Class: 2664K(2752K)->2664K(2752K)
[318.410s][info][gc             ] GC(746) Pause Young (Normal) (G1 Evacuation Pause) 916M->879M(978M) 35.596ms
[318.410s][info][gc,cpu         ] GC(746) User=0.07s Sys=0.00s Real=0.03s
[318.461s][info][gc,start       ] GC(747) Pause Young (Normal) (G1 Evacuation Pause)
[318.461s][info][gc,task        ] GC(747) Using 2 workers of 2 for evacuation
[318.480s][info][gc,phases      ] GC(747)   Pre Evacuate Collection Set: 0.27ms
[318.480s][info][gc,phases      ] GC(747)   Merge Heap Roots: 0.11ms
[318.480s][info][gc,phases      ] GC(747)   Evacuate Collection Set: 18.76ms
[318.480s][info][gc,phases      ] GC(747)   Post Evacuate Collection Set: 0.28ms
[318.480s][info][gc,phases      ] GC(747)   Other: 0.07ms
[318.480s][info][gc,heap        ] GC(747) Eden regions: 40->0(42)
[318.480s][info][gc,heap        ] GC(747) Survivor regions: 8->6(6)
[318.480s][info][gc,heap        ] GC(747) Old regions: 861->872
[318.480s][info][gc,heap        ] GC(747) Humongous regions: 11->11
[318.480s][info][gc,metaspace   ] GC(747) Metaspace: 18831K(19008K)->18831K(19008K) NonClass: 16167K(16256K)->16167K(16256K) Class: 2664K(2752K)->2664K(2752K)
[318.480s][info][gc             ] GC(747) Pause Young (Normal) (G1 Evacuation Pause) 919M->888M(978M) 19.673ms
[318.480s][info][gc,cpu         ] GC(747) User=0.04s Sys=0.00s Real=0.01s
[318.573s][info][gc,start       ] GC(748) Pause Young (Normal) (G1 Evacuation Pause)
[318.573s][info][gc,task        ] GC(748) Using 2 workers of 2 for evacuation
[318.592s][info][gc,phases      ] GC(748)   Pre Evacuate Collection Set: 0.27ms
[318.592s][info][gc,phases      ] GC(748)   Merge Heap Roots: 0.12ms
[318.593s][info][gc,phases      ] GC(748)   Evacuate Collection Set: 18.90ms
[318.593s][info][gc,phases      ] GC(748)   Post Evacuate Collection Set: 0.28ms
[318.593s][info][gc,phases      ] GC(748)   Other: 0.07ms
[318.593s][info][gc,heap        ] GC(748) Eden regions: 42->0(42)
[318.593s][info][gc,heap        ] GC(748) Survivor regions: 6->6(6)
[318.593s][info][gc,heap        ] GC(748) Old regions: 872->882
[318.593s][info][gc,heap        ] GC(748) Humongous regions: 11->11
[318.593s][info][gc,metaspace   ] GC(748) Metaspace: 18831K(19008K)->18831K(19008K) NonClass: 16167K(16256K)->16167K(16256K) Class: 2664K(2752K)->2664K(2752K)
[318.593s][info][gc             ] GC(748) Pause Young (Normal) (G1 Evacuation Pause) 930M->898M(978M) 19.823ms
[318.593s][info][gc,cpu         ] GC(748) User=0.03s Sys=0.00s Real=0.02s
[318.659s][info][gc,start       ] GC(749) Pause Young (Normal) (G1 Evacuation Pause)
[318.659s][info][gc,task        ] GC(749) Using 2 workers of 2 for evacuation
[318.672s][info][gc,phases      ] GC(749)   Pre Evacuate Collection Set: 0.28ms
[318.672s][info][gc,phases      ] GC(749)   Merge Heap Roots: 0.11ms
[318.672s][info][gc,phases      ] GC(749)   Evacuate Collection Set: 12.34ms
[318.672s][info][gc,phases      ] GC(749)   Post Evacuate Collection Set: 0.26ms
[318.672s][info][gc,phases      ] GC(749)   Other: 0.08ms
[318.672s][info][gc,heap        ] GC(749) Eden regions: 42->0(44)
[318.672s][info][gc,heap        ] GC(749) Survivor regions: 6->4(6)
[318.672s][info][gc,heap        ] GC(749) Old regions: 882->889
[318.673s][info][gc,heap        ] GC(749) Humongous regions: 11->11
[318.673s][info][gc,metaspace   ] GC(749) Metaspace: 18831K(19008K)->18831K(19008K) NonClass: 16167K(16256K)->16167K(16256K) Class: 2664K(2752K)->2664K(2752K)
[318.673s][info][gc             ] GC(749) Pause Young (Normal) (G1 Evacuation Pause) 940M->903M(978M) 13.262ms
[318.673s][info][gc,cpu         ] GC(749) User=0.03s Sys=0.00s Real=0.02s
[318.711s][info][gc,start       ] GC(750) Pause Young (Normal) (G1 Evacuation Pause)
[318.711s][info][gc,task        ] GC(750) Using 2 workers of 2 for evacuation
[318.716s][info][gc,phases      ] GC(750)   Pre Evacuate Collection Set: 0.26ms
[318.716s][info][gc,phases      ] GC(750)   Merge Heap Roots: 0.07ms
[318.716s][info][gc,phases      ] GC(750)   Evacuate Collection Set: 4.93ms
[318.716s][info][gc,phases      ] GC(750)   Post Evacuate Collection Set: 0.23ms
[318.716s][info][gc,phases      ] GC(750)   Other: 0.08ms
[318.716s][info][gc,heap        ] GC(750) Eden regions: 44->0(47)
[318.716s][info][gc,heap        ] GC(750) Survivor regions: 4->1(6)
[318.716s][info][gc,heap        ] GC(750) Old regions: 889->893
[318.716s][info][gc,heap        ] GC(750) Humongous regions: 11->11
[318.716s][info][gc,metaspace   ] GC(750) Metaspace: 18831K(19008K)->18831K(19008K) NonClass: 16167K(16256K)->16167K(16256K) Class: 2664K(2752K)->2664K(2752K)
[318.716s][info][gc             ] GC(750) Pause Young (Normal) (G1 Evacuation Pause) 947M->904M(978M) 5.741ms
[318.716s][info][gc,cpu         ] GC(750) User=0.01s Sys=0.00s Real=0.00s
[318.761s][info][gc,start       ] GC(751) Pause Young (Normal) (G1 Evacuation Pause)
[318.761s][info][gc,task        ] GC(751) Using 2 workers of 2 for evacuation
[318.763s][info][gc,phases      ] GC(751)   Pre Evacuate Collection Set: 0.45ms
[318.763s][info][gc,phases      ] GC(751)   Merge Heap Roots: 0.05ms
[318.763s][info][gc,phases      ] GC(751)   Evacuate Collection Set: 0.63ms
[318.763s][info][gc,phases      ] GC(751)   Post Evacuate Collection Set: 0.25ms
[318.763s][info][gc,phases      ] GC(751)   Other: 0.07ms
[318.763s][info][gc,heap        ] GC(751) Eden regions: 47->0(47)
[318.763s][info][gc,heap        ] GC(751) Survivor regions: 1->1(6)
[318.763s][info][gc,heap        ] GC(751) Old regions: 893->893
[318.763s][info][gc,heap        ] GC(751) Humongous regions: 11->11
[318.763s][info][gc,metaspace   ] GC(751) Metaspace: 18831K(19008K)->18831K(19008K) NonClass: 16167K(16256K)->16167K(16256K) Class: 2664K(2752K)->2664K(2752K)
[318.763s][info][gc             ] GC(751) Pause Young (Normal) (G1 Evacuation Pause) 951M->903M(978M) 1.597ms
[318.763s][info][gc,cpu         ] GC(751) User=0.00s Sys=0.00s Real=0.00s
[318.858s][info][gc,start       ] GC(752) Pause Young (Normal) (G1 Evacuation Pause)
[318.858s][info][gc,task        ] GC(752) Using 2 workers of 2 for evacuation
[318.864s][info][gc,phases      ] GC(752)   Pre Evacuate Collection Set: 0.29ms
[318.864s][info][gc,phases      ] GC(752)   Merge Heap Roots: 0.14ms
[318.864s][info][gc,phases      ] GC(752)   Evacuate Collection Set: 4.64ms
[318.864s][info][gc,phases      ] GC(752)   Post Evacuate Collection Set: 0.24ms
[318.864s][info][gc,phases      ] GC(752)   Other: 0.06ms
[318.864s][info][gc,heap        ] GC(752) Eden regions: 47->0(47)
[318.864s][info][gc,heap        ] GC(752) Survivor regions: 1->1(6)
[318.864s][info][gc,heap        ] GC(752) Old regions: 893->893
[318.864s][info][gc,heap        ] GC(752) Humongous regions: 11->11
[318.864s][info][gc,metaspace   ] GC(752) Metaspace: 18831K(19008K)->18831K(19008K) NonClass: 16167K(16256K)->16167K(16256K) Class: 2664K(2752K)->2664K(2752K)
[318.864s][info][gc             ] GC(752) Pause Young (Normal) (G1 Evacuation Pause) 950M->904M(978M) 5.566ms
[318.864s][info][gc,cpu         ] GC(752) User=0.01s Sys=0.00s Real=0.01s
[318.929s][info][gc,start       ] GC(753) Pause Young (Normal) (G1 Evacuation Pause)
[318.930s][info][gc,task        ] GC(753) Using 2 workers of 2 for evacuation
[318.934s][info][gc,phases      ] GC(753)   Pre Evacuate Collection Set: 0.48ms
[318.934s][info][gc,phases      ] GC(753)   Merge Heap Roots: 0.11ms
[318.934s][info][gc,phases      ] GC(753)   Evacuate Collection Set: 4.01ms
[318.934s][info][gc,phases      ] GC(753)   Post Evacuate Collection Set: 0.27ms
[318.934s][info][gc,phases      ] GC(753)   Other: 0.06ms
[318.934s][info][gc,heap        ] GC(753) Eden regions: 47->0(47)
[318.935s][info][gc,heap        ] GC(753) Survivor regions: 1->1(6)
[318.935s][info][gc,heap        ] GC(753) Old regions: 893->893
[318.935s][info][gc,heap        ] GC(753) Humongous regions: 11->11
[318.935s][info][gc,metaspace   ] GC(753) Metaspace: 18831K(19008K)->18831K(19008K) NonClass: 16167K(16256K)->16167K(16256K) Class: 2664K(2752K)->2664K(2752K)
[318.935s][info][gc             ] GC(753) Pause Young (Normal) (G1 Evacuation Pause) 951M->904M(978M) 5.097ms
[318.935s][info][gc,cpu         ] GC(753) User=0.01s Sys=0.00s Real=0.01s
[319.010s][info][gc,start       ] GC(754) Pause Young (Normal) (G1 Evacuation Pause)
[319.010s][info][gc,task        ] GC(754) Using 2 workers of 2 for evacuation
[319.020s][info][gc,phases      ] GC(754)   Pre Evacuate Collection Set: 0.48ms
[319.020s][info][gc,phases      ] GC(754)   Merge Heap Roots: 0.11ms
[319.020s][info][gc,phases      ] GC(754)   Evacuate Collection Set: 9.20ms
[319.020s][info][gc,phases      ] GC(754)   Post Evacuate Collection Set: 0.27ms
[319.020s][info][gc,phases      ] GC(754)   Other: 0.06ms
[319.020s][info][gc,heap        ] GC(754) Eden regions: 47->0(43)
[319.020s][info][gc,heap        ] GC(754) Survivor regions: 1->5(6)
[319.020s][info][gc,heap        ] GC(754) Old regions: 893->893
[319.020s][info][gc,heap        ] GC(754) Humongous regions: 11->11
[319.020s][info][gc,metaspace   ] GC(754) Metaspace: 18831K(19008K)->18831K(19008K) NonClass: 16167K(16256K)->16167K(16256K) Class: 2664K(2752K)->2664K(2752K)
[319.020s][info][gc             ] GC(754) Pause Young (Normal) (G1 Evacuation Pause) 951M->908M(978M) 10.296ms
[319.020s][info][gc,cpu         ] GC(754) User=0.01s Sys=0.00s Real=0.01s
[319.075s][info][gc,marking     ] GC(742) Concurrent Mark From Roots 1305.007ms
[319.075s][info][gc,marking     ] GC(742) Concurrent Preclean
[319.075s][info][gc,marking     ] GC(742) Concurrent Preclean 0.048ms
[319.075s][info][gc,start       ] GC(742) Pause Remark
[319.085s][info][gc             ] GC(742) Pause Remark 928M->665M(978M) 9.554ms
[319.085s][info][gc,cpu         ] GC(742) User=0.01s Sys=0.00s Real=0.01s
[319.085s][info][gc,marking     ] GC(742) Concurrent Mark 1315.497ms
[319.085s][info][gc,marking     ] GC(742) Concurrent Rebuild Remembered Sets and Scrub Regions
[319.127s][info][gc,start       ] GC(755) Pause Young (Normal) (G1 Evacuation Pause)
[319.127s][info][gc,task        ] GC(755) Using 2 workers of 2 for evacuation
[319.133s][info][gc,phases      ] GC(755)   Pre Evacuate Collection Set: 0.43ms
[319.134s][info][gc,phases      ] GC(755)   Merge Heap Roots: 0.08ms
[319.134s][info][gc,phases      ] GC(755)   Evacuate Collection Set: 5.98ms
[319.134s][info][gc,phases      ] GC(755)   Post Evacuate Collection Set: 0.28ms
[319.134s][info][gc,phases      ] GC(755)   Other: 0.07ms
[319.134s][info][gc,heap        ] GC(755) Eden regions: 43->0(234)
[319.134s][info][gc,heap        ] GC(755) Survivor regions: 5->1(6)
[319.134s][info][gc,heap        ] GC(755) Old regions: 634->639
[319.134s][info][gc,heap        ] GC(755) Humongous regions: 7->7
[319.134s][info][gc,metaspace   ] GC(755) Metaspace: 18831K(19008K)->18831K(19008K) NonClass: 16167K(16256K)->16167K(16256K) Class: 2664K(2752K)->2664K(2752K)
[319.134s][info][gc             ] GC(755) Pause Young (Normal) (G1 Evacuation Pause) 688M->646M(978M) 7.035ms
[319.134s][info][gc,cpu         ] GC(755) User=0.02s Sys=0.00s Real=0.01s
[319.527s][info][gc,marking     ] GC(742) Concurrent Rebuild Remembered Sets and Scrub Regions 441.228ms
[319.527s][info][gc,start       ] GC(742) Pause Cleanup
[319.527s][info][gc             ] GC(742) Pause Cleanup 808M->808M(978M) 0.150ms
[319.527s][info][gc,cpu         ] GC(742) User=0.00s Sys=0.00s Real=0.00s
[319.527s][info][gc,marking     ] GC(742) Concurrent Clear Claimed Marks
[319.527s][info][gc,marking     ] GC(742) Concurrent Clear Claimed Marks 0.030ms
[319.527s][info][gc,marking     ] GC(742) Concurrent Cleanup for Next Mark
[319.530s][info][gc,marking     ] GC(742) Concurrent Cleanup for Next Mark 2.853ms
[319.530s][info][gc             ] GC(742) Concurrent Mark Cycle 1815.730ms
[319.612s][info][gc,start       ] GC(756) Pause Young (Prepare Mixed) (G1 Evacuation Pause)
[319.612s][info][gc,task        ] GC(756) Using 2 workers of 2 for evacuation
[319.643s][info][gc,phases      ] GC(756)   Pre Evacuate Collection Set: 0.29ms
[319.643s][info][gc,phases      ] GC(756)   Merge Heap Roots: 0.18ms
[319.643s][info][gc,phases      ] GC(756)   Evacuate Collection Set: 29.02ms
[319.643s][info][gc,phases      ] GC(756)   Post Evacuate Collection Set: 0.48ms
[319.643s][info][gc,phases      ] GC(756)   Other: 0.09ms
[319.643s][info][gc,heap        ] GC(756) Eden regions: 234->0(215)
[319.643s][info][gc,heap        ] GC(756) Survivor regions: 1->27(30)
[319.643s][info][gc,heap        ] GC(756) Old regions: 639->639
[319.643s][info][gc,heap        ] GC(756) Humongous regions: 7->7
[319.643s][info][gc,metaspace   ] GC(756) Metaspace: 18831K(19008K)->18831K(19008K) NonClass: 16167K(16256K)->16167K(16256K) Class: 2664K(2752K)->2664K(2752K)
[319.643s][info][gc             ] GC(756) Pause Young (Prepare Mixed) (G1 Evacuation Pause) 880M->672M(978M) 30.270ms
[319.643s][info][gc,cpu         ] GC(756) User=0.06s Sys=0.00s Real=0.03s
[320.116s][info][gc,start       ] GC(757) Pause Young (Mixed) (G1 Evacuation Pause)
[320.116s][info][gc,task        ] GC(757) Using 2 workers of 2 for evacuation
[320.174s][info][gc,phases      ] GC(757)   Pre Evacuate Collection Set: 0.56ms
[320.174s][info][gc,phases      ] GC(757)   Merge Heap Roots: 0.56ms
[320.174s][info][gc,phases      ] GC(757)   Evacuate Collection Set: 56.06ms
[320.174s][info][gc,phases      ] GC(757)   Post Evacuate Collection Set: 0.62ms
[320.174s][info][gc,phases      ] GC(757)   Other: 0.10ms
[320.174s][info][gc,heap        ] GC(757) Eden regions: 215->0(276)
[320.174s][info][gc,heap        ] GC(757) Survivor regions: 27->22(31)
[320.174s][info][gc,heap        ] GC(757) Old regions: 639->567
[320.174s][info][gc,heap        ] GC(757) Humongous regions: 7->7
[320.174s][info][gc,metaspace   ] GC(757) Metaspace: 18831K(19008K)->18831K(19008K) NonClass: 16167K(16256K)->16167K(16256K) Class: 2664K(2752K)->2664K(2752K)
[320.174s][info][gc             ] GC(757) Pause Young (Mixed) (G1 Evacuation Pause) 887M->595M(978M) 58.098ms
[320.174s][info][gc,cpu         ] GC(757) User=0.12s Sys=0.00s Real=0.06s
[320.548s][info][gc,start       ] GC(758) Pause Young (Mixed) (G1 Evacuation Pause)
[320.548s][info][gc,task        ] GC(758) Using 2 workers of 2 for evacuation
[320.602s][info][gc,phases      ] GC(758)   Pre Evacuate Collection Set: 0.32ms
[320.602s][info][gc,phases      ] GC(758)   Merge Heap Roots: 0.20ms
[320.602s][info][gc,phases      ] GC(758)   Evacuate Collection Set: 53.36ms
[320.602s][info][gc,phases      ] GC(758)   Post Evacuate Collection Set: 0.52ms
[320.602s][info][gc,phases      ] GC(758)   Other: 0.10ms
[320.602s][info][gc,heap        ] GC(758) Eden regions: 276->0(259)
[320.602s][info][gc,heap        ] GC(758) Survivor regions: 22->30(38)
[320.602s][info][gc,heap        ] GC(758) Old regions: 567->583
[320.602s][info][gc,heap        ] GC(758) Humongous regions: 8->8
[320.602s][info][gc,metaspace   ] GC(758) Metaspace: 18831K(19008K)->18831K(19008K) NonClass: 16167K(16256K)->16167K(16256K) Class: 2664K(2752K)->2664K(2752K)
[320.602s][info][gc             ] GC(758) Pause Young (Mixed) (G1 Evacuation Pause) 872M->620M(978M) 54.798ms
[320.602s][info][gc,cpu         ] GC(758) User=0.10s Sys=0.00s Real=0.06s
[320.918s][info][gc,start       ] GC(759) Pause Young (Concurrent Start) (G1 Evacuation Pause)
[320.918s][info][gc,task        ] GC(759) Using 2 workers of 2 for evacuation
[320.973s][info][gc,phases      ] GC(759)   Pre Evacuate Collection Set: 0.36ms
[320.973s][info][gc,phases      ] GC(759)   Merge Heap Roots: 0.19ms
[320.973s][info][gc,phases      ] GC(759)   Evacuate Collection Set: 53.86ms
[320.973s][info][gc,phases      ] GC(759)   Post Evacuate Collection Set: 0.52ms
[320.973s][info][gc,phases      ] GC(759)   Other: 0.23ms
[320.973s][info][gc,heap        ] GC(759) Eden regions: 259->0(246)
[320.973s][info][gc,heap        ] GC(759) Survivor regions: 30->22(37)
[320.973s][info][gc,heap        ] GC(759) Old regions: 583->613
[320.973s][info][gc,heap        ] GC(759) Humongous regions: 8->8
[320.973s][info][gc,metaspace   ] GC(759) Metaspace: 18831K(19008K)->18831K(19008K) NonClass: 16167K(16256K)->16167K(16256K) Class: 2664K(2752K)->2664K(2752K)
[320.974s][info][gc             ] GC(759) Pause Young (Concurrent Start) (G1 Evacuation Pause) 879M->641M(978M) 55.389ms
[320.974s][info][gc,cpu         ] GC(759) User=0.11s Sys=0.00s Real=0.06s
[320.974s][info][gc             ] GC(760) Concurrent Mark Cycle
[320.974s][info][gc,marking     ] GC(760) Concurrent Scan Root Regions
[321.051s][info][gc,marking     ] GC(760) Concurrent Scan Root Regions 77.698ms
[321.051s][info][gc,marking     ] GC(760) Concurrent Mark
[321.051s][info][gc,marking     ] GC(760) Concurrent Mark From Roots
[321.051s][info][gc,task        ] GC(760) Using 1 workers of 1 for marking
[321.453s][info][gc,start       ] GC(761) Pause Young (Normal) (G1 Evacuation Pause)
[321.454s][info][gc,task        ] GC(761) Using 2 workers of 2 for evacuation
[321.493s][info][gc,phases      ] GC(761)   Pre Evacuate Collection Set: 0.51ms
[321.493s][info][gc,phases      ] GC(761)   Merge Heap Roots: 0.22ms
[321.493s][info][gc,phases      ] GC(761)   Evacuate Collection Set: 38.05ms
[321.493s][info][gc,phases      ] GC(761)   Post Evacuate Collection Set: 0.49ms
[321.493s][info][gc,phases      ] GC(761)   Other: 0.09ms
[321.493s][info][gc,heap        ] GC(761) Eden regions: 246->0(238)
[321.493s][info][gc,heap        ] GC(761) Survivor regions: 22->17(34)
[321.493s][info][gc,heap        ] GC(761) Old regions: 613->634
[321.493s][info][gc,heap        ] GC(761) Humongous regions: 8->8
[321.493s][info][gc,metaspace   ] GC(761) Metaspace: 18831K(19008K)->18831K(19008K) NonClass: 16167K(16256K)->16167K(16256K) Class: 2664K(2752K)->2664K(2752K)
[321.493s][info][gc             ] GC(761) Pause Young (Normal) (G1 Evacuation Pause) 887M->658M(978M) 39.578ms
[321.493s][info][gc,cpu         ] GC(761) User=0.07s Sys=0.00s Real=0.04s
[322.180s][info][gc,marking     ] GC(760) Concurrent Mark From Roots 1128.964ms
[322.180s][info][gc,marking     ] GC(760) Concurrent Preclean
[322.180s][info][gc,marking     ] GC(760) Concurrent Preclean 0.051ms
[322.181s][info][gc,start       ] GC(760) Pause Remark
[322.188s][info][gc             ] GC(760) Pause Remark 870M->721M(978M) 7.702ms
[322.188s][info][gc,cpu         ] GC(760) User=0.01s Sys=0.00s Real=0.00s
[322.188s][info][gc,marking     ] GC(760) Concurrent Mark 1137.065ms
[322.188s][info][gc,marking     ] GC(760) Concurrent Rebuild Remembered Sets and Scrub Regions
[322.272s][info][gc,start       ] GC(762) Pause Young (Normal) (G1 Evacuation Pause)
[322.272s][info][gc,task        ] GC(762) Using 2 workers of 2 for evacuation
[322.289s][info][gc,phases      ] GC(762)   Pre Evacuate Collection Set: 0.50ms
[322.289s][info][gc,phases      ] GC(762)   Merge Heap Roots: 0.18ms
[322.289s][info][gc,phases      ] GC(762)   Evacuate Collection Set: 16.30ms
[322.289s][info][gc,phases      ] GC(762)   Post Evacuate Collection Set: 0.43ms
[322.290s][info][gc,phases      ] GC(762)   Other: 0.08ms
[322.290s][info][gc,heap        ] GC(762) Eden regions: 238->0(367)
[322.290s][info][gc,heap        ] GC(762) Survivor regions: 17->1(32)
[322.290s][info][gc,heap        ] GC(762) Old regions: 488->505
[322.290s][info][gc,heap        ] GC(762) Humongous regions: 5->5
[322.290s][info][gc,metaspace   ] GC(762) Metaspace: 18831K(19008K)->18831K(19008K) NonClass: 16167K(16256K)->16167K(16256K) Class: 2664K(2752K)->2664K(2752K)
[322.290s][info][gc             ] GC(762) Pause Young (Normal) (G1 Evacuation Pause) 747M->510M(978M) 17.741ms
[322.290s][info][gc,cpu         ] GC(762) User=0.03s Sys=0.00s Real=0.01s
[322.706s][info][gc,marking     ] GC(760) Concurrent Rebuild Remembered Sets and Scrub Regions 517.121ms
[322.706s][info][gc,start       ] GC(760) Pause Cleanup
[322.706s][info][gc             ] GC(760) Pause Cleanup 670M->670M(978M) 0.120ms
[322.706s][info][gc,cpu         ] GC(760) User=0.00s Sys=0.00s Real=0.00s
[322.706s][info][gc,marking     ] GC(760) Concurrent Clear Claimed Marks
[322.706s][info][gc,marking     ] GC(760) Concurrent Clear Claimed Marks 0.031ms
[322.706s][info][gc,marking     ] GC(760) Concurrent Cleanup for Next Mark
[322.709s][info][gc,marking     ] GC(760) Concurrent Cleanup for Next Mark 2.907ms
[322.709s][info][gc             ] GC(760) Concurrent Mark Cycle 1735.383ms
[322.946s][info][gc,start       ] GC(763) Pause Young (Prepare Mixed) (G1 Evacuation Pause)
[322.946s][info][gc,task        ] GC(763) Using 2 workers of 2 for evacuation
[323.012s][info][gc,phases      ] GC(763)   Pre Evacuate Collection Set: 0.30ms
[323.012s][info][gc,phases      ] GC(763)   Merge Heap Roots: 0.46ms
[323.012s][info][gc,phases      ] GC(763)   Evacuate Collection Set: 64.57ms
[323.012s][info][gc,phases      ] GC(763)   Post Evacuate Collection Set: 0.69ms
[323.012s][info][gc,phases      ] GC(763)   Other: 0.09ms
[323.012s][info][gc,heap        ] GC(763) Eden regions: 367->0(295)
[323.012s][info][gc,heap        ] GC(763) Survivor regions: 1->46(46)
[323.012s][info][gc,heap        ] GC(763) Old regions: 505->517
[323.012s][info][gc,heap        ] GC(763) Humongous regions: 5->5
[323.012s][info][gc,metaspace   ] GC(763) Metaspace: 18831K(19008K)->18831K(19008K) NonClass: 16167K(16256K)->16167K(16256K) Class: 2664K(2752K)->2664K(2752K)
[323.012s][info][gc             ] GC(763) Pause Young (Prepare Mixed) (G1 Evacuation Pause) 877M->567M(978M) 66.342ms
[323.012s][info][gc,cpu         ] GC(763) User=0.13s Sys=0.00s Real=0.07s
[323.320s][info][gc,start       ] GC(764) Pause Young (Mixed) (G1 Evacuation Pause)
[323.320s][info][gc,task        ] GC(764) Using 2 workers of 2 for evacuation
[323.409s][info][gc,phases      ] GC(764)   Pre Evacuate Collection Set: 0.32ms
[323.410s][info][gc,phases      ] GC(764)   Merge Heap Roots: 0.30ms
[323.410s][info][gc,phases      ] GC(764)   Evacuate Collection Set: 87.85ms
[323.410s][info][gc,phases      ] GC(764)   Post Evacuate Collection Set: 0.73ms
[323.410s][info][gc,phases      ] GC(764)   Other: 0.09ms
[323.410s][info][gc,heap        ] GC(764) Eden regions: 295->0(274)
[323.410s][info][gc,heap        ] GC(764) Survivor regions: 46->43(43)
[323.410s][info][gc,heap        ] GC(764) Old regions: 517->540
[323.410s][info][gc,heap        ] GC(764) Humongous regions: 5->5
[323.410s][info][gc,metaspace   ] GC(764) Metaspace: 18832K(19008K)->18832K(19008K) NonClass: 16168K(16256K)->16168K(16256K) Class: 2664K(2752K)->2664K(2752K)
[323.410s][info][gc             ] GC(764) Pause Young (Mixed) (G1 Evacuation Pause) 862M->587M(978M) 89.509ms
[323.410s][info][gc,cpu         ] GC(764) User=0.18s Sys=0.00s Real=0.09s
[323.428s][info][gc,start       ] GC(765) Pause Young (Concurrent Start) (G1 Humongous Allocation)
[323.428s][info][gc,task        ] GC(765) Using 2 workers of 2 for evacuation
[323.486s][info][gc,phases      ] GC(765)   Pre Evacuate Collection Set: 0.32ms
[323.486s][info][gc,phases      ] GC(765)   Merge Heap Roots: 0.34ms
[323.486s][info][gc,phases      ] GC(765)   Evacuate Collection Set: 56.62ms
[323.486s][info][gc,phases      ] GC(765)   Post Evacuate Collection Set: 0.34ms
[323.486s][info][gc,phases      ] GC(765)   Other: 0.18ms
[323.486s][info][gc,heap        ] GC(765) Eden regions: 27->0(248)
[323.486s][info][gc,heap        ] GC(765) Survivor regions: 43->14(40)
[323.486s][info][gc,heap        ] GC(765) Old regions: 540->583
[323.486s][info][gc,heap        ] GC(765) Humongous regions: 5->5
[323.486s][info][gc,metaspace   ] GC(765) Metaspace: 18832K(19008K)->18832K(19008K) NonClass: 16168K(16256K)->16168K(16256K) Class: 2664K(2752K)->2664K(2752K)
[323.486s][info][gc             ] GC(765) Pause Young (Concurrent Start) (G1 Humongous Allocation) 614M->601M(978M) 58.033ms
[323.486s][info][gc,cpu         ] GC(765) User=0.11s Sys=0.00s Real=0.06s
[323.486s][info][gc             ] GC(766) Concurrent Mark Cycle
[323.486s][info][gc,marking     ] GC(766) Concurrent Scan Root Regions
[323.541s][info][gc,marking     ] GC(766) Concurrent Scan Root Regions 55.202ms
[323.541s][info][gc,marking     ] GC(766) Concurrent Mark
[323.541s][info][gc,marking     ] GC(766) Concurrent Mark From Roots
[323.541s][info][gc,task        ] GC(766) Using 1 workers of 1 for marking
[324.000s][info][gc,start       ] GC(767) Pause Young (Normal) (G1 Evacuation Pause)
[324.000s][info][gc,task        ] GC(767) Using 2 workers of 2 for evacuation
[324.058s][info][gc,phases      ] GC(767)   Pre Evacuate Collection Set: 0.32ms
[324.058s][info][gc,phases      ] GC(767)   Merge Heap Roots: 0.25ms
[324.058s][info][gc,phases      ] GC(767)   Evacuate Collection Set: 56.69ms
[324.058s][info][gc,phases      ] GC(767)   Post Evacuate Collection Set: 0.56ms
[324.058s][info][gc,phases      ] GC(767)   Other: 0.10ms
[324.058s][info][gc,heap        ] GC(767) Eden regions: 248->0(224)
[324.058s][info][gc,heap        ] GC(767) Survivor regions: 14->33(33)
[324.058s][info][gc,heap        ] GC(767) Old regions: 583->599
[324.058s][info][gc,heap        ] GC(767) Humongous regions: 8->8
[324.058s][info][gc,metaspace   ] GC(767) Metaspace: 18832K(19008K)->18832K(19008K) NonClass: 16168K(16256K)->16168K(16256K) Class: 2664K(2752K)->2664K(2752K)
[324.058s][info][gc             ] GC(767) Pause Young (Normal) (G1 Evacuation Pause) 852M->639M(978M) 58.141ms
[324.058s][info][gc,cpu         ] GC(767) User=0.11s Sys=0.00s Real=0.05s
[324.471s][info][gc,marking     ] GC(766) Concurrent Mark From Roots 929.328ms
[324.471s][info][gc,marking     ] GC(766) Concurrent Preclean
[324.471s][info][gc,marking     ] GC(766) Concurrent Preclean 0.043ms
[324.471s][info][gc,start       ] GC(766) Pause Remark
[324.479s][info][gc             ] GC(766) Pause Remark 790M->645M(978M) 7.717ms
[324.479s][info][gc,cpu         ] GC(766) User=0.02s Sys=0.00s Real=0.00s
[324.479s][info][gc,marking     ] GC(766) Concurrent Mark 937.400ms
[324.479s][info][gc,marking     ] GC(766) Concurrent Rebuild Remembered Sets and Scrub Regions
[324.644s][info][gc,start       ] GC(768) Pause Young (Normal) (G1 Evacuation Pause)
[324.644s][info][gc,task        ] GC(768) Using 2 workers of 2 for evacuation
[324.707s][info][gc,phases      ] GC(768)   Pre Evacuate Collection Set: 0.51ms
[324.707s][info][gc,phases      ] GC(768)   Merge Heap Roots: 0.34ms
[324.707s][info][gc,phases      ] GC(768)   Evacuate Collection Set: 61.05ms
[324.707s][info][gc,phases      ] GC(768)   Post Evacuate Collection Set: 0.48ms
[324.707s][info][gc,phases      ] GC(768)   Other: 0.13ms
[324.707s][info][gc,heap        ] GC(768) Eden regions: 224->0(316)
[324.707s][info][gc,heap        ] GC(768) Survivor regions: 33->16(33)
[324.707s][info][gc,heap        ] GC(768) Old regions: 456->490
[324.707s][info][gc,heap        ] GC(768) Humongous regions: 9->9
[324.707s][info][gc,metaspace   ] GC(768) Metaspace: 18832K(19008K)->18832K(19008K) NonClass: 16168K(16256K)->16168K(16256K) Class: 2664K(2752K)->2664K(2752K)
[324.707s][info][gc             ] GC(768) Pause Young (Normal) (G1 Evacuation Pause) 721M->513M(978M) 62.732ms
[324.707s][info][gc,cpu         ] GC(768) User=0.12s Sys=0.00s Real=0.06s
[324.903s][info][gc,marking     ] GC(766) Concurrent Rebuild Remembered Sets and Scrub Regions 424.640ms
[324.904s][info][gc,start       ] GC(766) Pause Cleanup
[324.904s][info][gc             ] GC(766) Pause Cleanup 607M->607M(978M) 0.107ms
[324.904s][info][gc,cpu         ] GC(766) User=0.00s Sys=0.00s Real=0.00s
[324.905s][info][gc,marking     ] GC(766) Concurrent Clear Claimed Marks
[324.905s][info][gc,marking     ] GC(766) Concurrent Clear Claimed Marks 0.043ms
[324.905s][info][gc,marking     ] GC(766) Concurrent Cleanup for Next Mark
[324.910s][info][gc,marking     ] GC(766) Concurrent Cleanup for Next Mark 4.901ms
[324.910s][info][gc             ] GC(766) Concurrent Mark Cycle 1423.844ms
[325.223s][info][gc,start       ] GC(769) Pause Young (Prepare Mixed) (G1 Evacuation Pause)
[325.223s][info][gc,task        ] GC(769) Using 2 workers of 2 for evacuation
[325.245s][info][gc,phases      ] GC(769)   Pre Evacuate Collection Set: 0.53ms
[325.245s][info][gc,phases      ] GC(769)   Merge Heap Roots: 0.11ms
[325.245s][info][gc,phases      ] GC(769)   Evacuate Collection Set: 20.46ms
[325.245s][info][gc,phases      ] GC(769)   Post Evacuate Collection Set: 0.53ms
[325.245s][info][gc,phases      ] GC(769)   Other: 0.10ms
[325.245s][info][gc,heap        ] GC(769) Eden regions: 316->0(342)
[325.245s][info][gc,heap        ] GC(769) Survivor regions: 16->16(42)
[325.245s][info][gc,heap        ] GC(769) Old regions: 490->490
[325.245s][info][gc,heap        ] GC(769) Humongous regions: 9->9
[325.245s][info][gc,metaspace   ] GC(769) Metaspace: 18832K(19008K)->18832K(19008K) NonClass: 16168K(16256K)->16168K(16256K) Class: 2664K(2752K)->2664K(2752K)
[325.245s][info][gc             ] GC(769) Pause Young (Prepare Mixed) (G1 Evacuation Pause) 829M->514M(978M) 21.978ms
[325.245s][info][gc,cpu         ] GC(769) User=0.05s Sys=0.00s Real=0.02s
[325.731s][info][gc,start       ] GC(770) Pause Young (Mixed) (G1 Evacuation Pause)
[325.731s][info][gc,task        ] GC(770) Using 2 workers of 2 for evacuation
[325.753s][info][gc,phases      ] GC(770)   Pre Evacuate Collection Set: 0.31ms
[325.753s][info][gc,phases      ] GC(770)   Merge Heap Roots: 0.13ms
[325.753s][info][gc,phases      ] GC(770)   Evacuate Collection Set: 21.16ms
[325.753s][info][gc,phases      ] GC(770)   Post Evacuate Collection Set: 0.55ms
[325.753s][info][gc,phases      ] GC(770)   Other: 0.09ms
[325.753s][info][gc,heap        ] GC(770) Eden regions: 342->0(377)
[325.753s][info][gc,heap        ] GC(770) Survivor regions: 16->16(45)
[325.753s][info][gc,heap        ] GC(770) Old regions: 490->472
[325.753s][info][gc,heap        ] GC(770) Humongous regions: 9->9
[325.753s][info][gc,metaspace   ] GC(770) Metaspace: 18832K(19008K)->18832K(19008K) NonClass: 16168K(16256K)->16168K(16256K) Class: 2664K(2752K)->2664K(2752K)
[325.753s][info][gc             ] GC(770) Pause Young (Mixed) (G1 Evacuation Pause) 856M->496M(978M) 22.547ms
[325.753s][info][gc,cpu         ] GC(770) User=0.05s Sys=0.00s Real=0.02s
[326.299s][info][gc,start       ] GC(771) Pause Young (Concurrent Start) (G1 Evacuation Pause)
[326.299s][info][gc,task        ] GC(771) Using 2 workers of 2 for evacuation
[326.321s][info][gc,phases      ] GC(771)   Pre Evacuate Collection Set: 0.36ms
[326.321s][info][gc,phases      ] GC(771)   Merge Heap Roots: 0.09ms
[326.321s][info][gc,phases      ] GC(771)   Evacuate Collection Set: 20.52ms
[326.321s][info][gc,phases      ] GC(771)   Post Evacuate Collection Set: 0.77ms
[326.321s][info][gc,phases      ] GC(771)   Other: 0.11ms
[326.321s][info][gc,heap        ] GC(771) Eden regions: 377->0(396)
[326.321s][info][gc,heap        ] GC(771) Survivor regions: 16->16(50)
[326.321s][info][gc,heap        ] GC(771) Old regions: 472->472
[326.321s][info][gc,heap        ] GC(771) Humongous regions: 9->9
[326.321s][info][gc,metaspace   ] GC(771) Metaspace: 18832K(19008K)->18832K(19008K) NonClass: 16168K(16256K)->16168K(16256K) Class: 2664K(2752K)->2664K(2752K)
[326.321s][info][gc             ] GC(771) Pause Young (Concurrent Start) (G1 Evacuation Pause) 873M->496M(978M) 22.101ms
[326.321s][info][gc,cpu         ] GC(771) User=0.04s Sys=0.00s Real=0.03s
[326.321s][info][gc             ] GC(772) Concurrent Mark Cycle
[326.321s][info][gc,marking     ] GC(772) Concurrent Scan Root Regions
[326.378s][info][gc,marking     ] GC(772) Concurrent Scan Root Regions 57.270ms
[326.378s][info][gc,marking     ] GC(772) Concurrent Mark
[326.378s][info][gc,marking     ] GC(772) Concurrent Mark From Roots
[326.378s][info][gc,task        ] GC(772) Using 1 workers of 1 for marking
[326.896s][info][gc,start       ] GC(773) Pause Young (Normal) (G1 Evacuation Pause)
[326.897s][info][gc,task        ] GC(773) Using 2 workers of 2 for evacuation
[326.993s][info][gc,phases      ] GC(773)   Pre Evacuate Collection Set: 0.28ms
[326.993s][info][gc,phases      ] GC(773)   Merge Heap Roots: 0.21ms
[326.993s][info][gc,phases      ] GC(773)   Evacuate Collection Set: 94.74ms
[326.993s][info][gc,phases      ] GC(773)   Post Evacuate Collection Set: 0.67ms
[326.993s][info][gc,phases      ] GC(773)   Other: 0.08ms
[326.993s][info][gc,heap        ] GC(773) Eden regions: 396->0(314)
[326.993s][info][gc,heap        ] GC(773) Survivor regions: 16->52(52)
[326.993s][info][gc,heap        ] GC(773) Old regions: 472->501
[326.993s][info][gc,heap        ] GC(773) Humongous regions: 9->9
[326.993s][info][gc,metaspace   ] GC(773) Metaspace: 18832K(19008K)->18832K(19008K) NonClass: 16168K(16256K)->16168K(16256K) Class: 2664K(2752K)->2664K(2752K)
[326.993s][info][gc             ] GC(773) Pause Young (Normal) (G1 Evacuation Pause) 892M->561M(978M) 96.213ms
[326.993s][info][gc,cpu         ] GC(773) User=0.19s Sys=0.00s Real=0.10s
[327.377s][info][gc,start       ] GC(774) Pause Young (Normal) (G1 Evacuation Pause)
[327.377s][info][gc,task        ] GC(774) Using 2 workers of 2 for evacuation
[327.449s][info][gc,phases      ] GC(774)   Pre Evacuate Collection Set: 0.30ms
[327.449s][info][gc,phases      ] GC(774)   Merge Heap Roots: 0.35ms
[327.449s][info][gc,phases      ] GC(774)   Evacuate Collection Set: 70.48ms
[327.449s][info][gc,phases      ] GC(774)   Post Evacuate Collection Set: 0.53ms
[327.449s][info][gc,phases      ] GC(774)   Other: 0.08ms
[327.449s][info][gc,heap        ] GC(774) Eden regions: 314->0(320)
[327.449s][info][gc,heap        ] GC(774) Survivor regions: 52->9(46)
[327.449s][info][gc,heap        ] GC(774) Old regions: 501->554
[327.449s][info][gc,heap        ] GC(774) Humongous regions: 9->9
[327.449s][info][gc,metaspace   ] GC(774) Metaspace: 18832K(19008K)->18832K(19008K) NonClass: 16168K(16256K)->16168K(16256K) Class: 2664K(2752K)->2664K(2752K)
[327.449s][info][gc             ] GC(774) Pause Young (Normal) (G1 Evacuation Pause) 875M->571M(978M) 71.948ms
[327.449s][info][gc,cpu         ] GC(774) User=0.14s Sys=0.00s Real=0.07s
[327.730s][info][gc,marking     ] GC(772) Concurrent Mark From Roots 1351.607ms
[327.730s][info][gc,marking     ] GC(772) Concurrent Preclean
[327.730s][info][gc,marking     ] GC(772) Concurrent Preclean 0.047ms
[327.730s][info][gc,start       ] GC(772) Pause Remark
[327.739s][info][gc             ] GC(772) Pause Remark 840M->838M(978M) 8.396ms
[327.739s][info][gc,cpu         ] GC(772) User=0.02s Sys=0.00s Real=0.01s
[327.740s][info][gc,marking     ] GC(772) Concurrent Mark 1361.458ms
[327.740s][info][gc,marking     ] GC(772) Concurrent Rebuild Remembered Sets and Scrub Regions
[327.803s][info][gc,start       ] GC(775) Pause Young (Normal) (G1 Evacuation Pause)
[327.803s][info][gc,task        ] GC(775) Using 2 workers of 2 for evacuation
[327.840s][info][gc,phases      ] GC(775)   Pre Evacuate Collection Set: 0.49ms
[327.840s][info][gc,phases      ] GC(775)   Merge Heap Roots: 0.28ms
[327.840s][info][gc,phases      ] GC(775)   Evacuate Collection Set: 35.94ms
[327.840s][info][gc,phases      ] GC(775)   Post Evacuate Collection Set: 0.54ms
[327.840s][info][gc,phases      ] GC(775)   Other: 0.10ms
[327.840s][info][gc,heap        ] GC(775) Eden regions: 320->0(306)
[327.840s][info][gc,heap        ] GC(775) Survivor regions: 9->29(42)
[327.840s][info][gc,heap        ] GC(775) Old regions: 554->554
[327.840s][info][gc,heap        ] GC(775) Humongous regions: 7->7
[327.840s][info][gc,metaspace   ] GC(775) Metaspace: 18832K(19008K)->18832K(19008K) NonClass: 16168K(16256K)->16168K(16256K) Class: 2664K(2752K)->2664K(2752K)
[327.840s][info][gc             ] GC(775) Pause Young (Normal) (G1 Evacuation Pause) 889M->588M(978M) 37.624ms
[327.840s][info][gc,cpu         ] GC(775) User=0.07s Sys=0.00s Real=0.04s
[328.438s][info][gc,marking     ] GC(772) Concurrent Rebuild Remembered Sets and Scrub Regions 697.650ms
[328.438s][info][gc,start       ] GC(772) Pause Cleanup
[328.438s][info][gc             ] GC(772) Pause Cleanup 828M->828M(978M) 0.104ms
[328.438s][info][gc,cpu         ] GC(772) User=0.00s Sys=0.00s Real=0.00s
[328.438s][info][gc,marking     ] GC(772) Concurrent Clear Claimed Marks
[328.438s][info][gc,marking     ] GC(772) Concurrent Clear Claimed Marks 0.030ms
[328.438s][info][gc,marking     ] GC(772) Concurrent Cleanup for Next Mark
[328.441s][info][gc,marking     ] GC(772) Concurrent Cleanup for Next Mark 2.917ms
[328.441s][info][gc             ] GC(772) Concurrent Mark Cycle 2119.891ms
[328.608s][info][gc,start       ] GC(776) Pause Young (Prepare Mixed) (G1 Evacuation Pause)
[328.608s][info][gc,task        ] GC(776) Using 2 workers of 2 for evacuation
[328.677s][info][gc,phases      ] GC(776)   Pre Evacuate Collection Set: 0.55ms
[328.677s][info][gc,phases      ] GC(776)   Merge Heap Roots: 0.53ms
[328.677s][info][gc,phases      ] GC(776)   Evacuate Collection Set: 66.80ms
[328.677s][info][gc,phases      ] GC(776)   Post Evacuate Collection Set: 0.58ms
[328.677s][info][gc,phases      ] GC(776)   Other: 0.09ms
[328.677s][info][gc,heap        ] GC(776) Eden regions: 306->0(267)
[328.677s][info][gc,heap        ] GC(776) Survivor regions: 29->42(42)
[328.677s][info][gc,heap        ] GC(776) Old regions: 554->570
[328.677s][info][gc,heap        ] GC(776) Humongous regions: 7->7
[328.677s][info][gc,metaspace   ] GC(776) Metaspace: 18832K(19008K)->18832K(19008K) NonClass: 16168K(16256K)->16168K(16256K) Class: 2664K(2752K)->2664K(2752K)
[328.677s][info][gc             ] GC(776) Pause Young (Prepare Mixed) (G1 Evacuation Pause) 894M->618M(978M) 68.786ms
[328.677s][info][gc,cpu         ] GC(776) User=0.13s Sys=0.00s Real=0.07s
[329.321s][info][gc,start       ] GC(777) Pause Young (Mixed) (G1 Evacuation Pause)
[329.321s][info][gc,task        ] GC(777) Using 2 workers of 2 for evacuation
[329.367s][info][gc,phases      ] GC(777)   Pre Evacuate Collection Set: 0.33ms
[329.367s][info][gc,phases      ] GC(777)   Merge Heap Roots: 0.27ms
[329.367s][info][gc,phases      ] GC(777)   Evacuate Collection Set: 44.27ms
[329.367s][info][gc,phases      ] GC(777)   Post Evacuate Collection Set: 0.51ms
[329.367s][info][gc,phases      ] GC(777)   Other: 0.08ms
[329.367s][info][gc,heap        ] GC(777) Eden regions: 267->0(298)
[329.367s][info][gc,heap        ] GC(777) Survivor regions: 42->1(39)
[329.367s][info][gc,heap        ] GC(777) Old regions: 570->602
[329.367s][info][gc,heap        ] GC(777) Humongous regions: 7->7
[329.367s][info][gc,metaspace   ] GC(777) Metaspace: 18832K(19008K)->18832K(19008K) NonClass: 16168K(16256K)->16168K(16256K) Class: 2664K(2752K)->2664K(2752K)
[329.367s][info][gc             ] GC(777) Pause Young (Mixed) (G1 Evacuation Pause) 885M->609M(978M) 45.702ms
[329.367s][info][gc,cpu         ] GC(777) User=0.09s Sys=0.00s Real=0.04s
[330.010s][info][gc,start       ] GC(778) Pause Young (Concurrent Start) (G1 Evacuation Pause)
[330.011s][info][gc,task        ] GC(778) Using 2 workers of 2 for evacuation
[330.013s][info][gc,phases      ] GC(778)   Pre Evacuate Collection Set: 0.35ms
[330.013s][info][gc,phases      ] GC(778)   Merge Heap Roots: 0.10ms
[330.013s][info][gc,phases      ] GC(778)   Evacuate Collection Set: 1.09ms
[330.013s][info][gc,phases      ] GC(778)   Post Evacuate Collection Set: 0.49ms
[330.013s][info][gc,phases      ] GC(778)   Other: 0.21ms
[330.013s][info][gc,heap        ] GC(778) Eden regions: 298->0(312)
[330.013s][info][gc,heap        ] GC(778) Survivor regions: 1->1(38)
[330.013s][info][gc,heap        ] GC(778) Old regions: 602->602
[330.013s][info][gc,heap        ] GC(778) Humongous regions: 7->7
[330.013s][info][gc,metaspace   ] GC(778) Metaspace: 18832K(19008K)->18832K(19008K) NonClass: 16168K(16256K)->16168K(16256K) Class: 2664K(2752K)->2664K(2752K)
[330.013s][info][gc             ] GC(778) Pause Young (Concurrent Start) (G1 Evacuation Pause) 907M->609M(978M) 2.467ms
[330.013s][info][gc             ] GC(779) Concurrent Mark Cycle
[330.013s][info][gc,marking     ] GC(779) Concurrent Scan Root Regions
[330.014s][info][gc,marking     ] GC(779) Concurrent Scan Root Regions 0.514ms
[330.014s][info][gc,marking     ] GC(779) Concurrent Mark
[330.014s][info][gc,marking     ] GC(779) Concurrent Mark From Roots
[330.014s][info][gc,task        ] GC(779) Using 1 workers of 1 for marking
[330.014s][info][gc,cpu         ] GC(778) User=0.00s Sys=0.00s Real=0.00s
[331.044s][info][gc,marking     ] GC(779) Concurrent Mark From Roots 1030.332ms
[331.044s][info][gc,marking     ] GC(779) Concurrent Preclean
[331.044s][info][gc,marking     ] GC(779) Concurrent Preclean 0.041ms
[331.044s][info][gc,start       ] GC(779) Pause Remark
[331.275s][info][gc,mmu         ] GC(779) MMU target violated: 201.0ms (200.0ms/201.0ms)
[331.275s][info][gc             ] GC(779) Pause Remark 888M->888M(978M) 231.214ms
[331.275s][info][gc,cpu         ] GC(779) User=0.46s Sys=0.00s Real=0.23s
[331.277s][info][gc,marking     ] GC(779) Concurrent Mark 1263.818ms
[331.277s][info][gc,marking     ] GC(779) Concurrent Rebuild Remembered Sets and Scrub Regions
[331.399s][info][gc,start       ] GC(780) Pause Young (Normal) (G1 Evacuation Pause)
[331.400s][info][gc,task        ] GC(780) Using 2 workers of 2 for evacuation
[331.402s][info][gc,phases      ] GC(780)   Pre Evacuate Collection Set: 0.45ms
[331.403s][info][gc,phases      ] GC(780)   Merge Heap Roots: 0.15ms
[331.403s][info][gc,phases      ] GC(780)   Evacuate Collection Set: 1.83ms
[331.403s][info][gc,phases      ] GC(780)   Post Evacuate Collection Set: 0.48ms
[331.403s][info][gc,phases      ] GC(780)   Other: 0.07ms
[331.403s][info][gc,heap        ] GC(780) Eden regions: 312->0(317)
[331.403s][info][gc,heap        ] GC(780) Survivor regions: 1->1(40)
[331.403s][info][gc,heap        ] GC(780) Old regions: 602->602
[331.403s][info][gc,heap        ] GC(780) Humongous regions: 7->7
[331.403s][info][gc,metaspace   ] GC(780) Metaspace: 18832K(19008K)->18832K(19008K) NonClass: 16168K(16256K)->16168K(16256K) Class: 2664K(2752K)->2664K(2752K)
[331.403s][info][gc             ] GC(780) Pause Young (Normal) (G1 Evacuation Pause) 921M->609M(978M) 3.170ms
[331.403s][info][gc,cpu         ] GC(780) User=0.01s Sys=0.00s Real=0.01s
[331.817s][info][gc,marking     ] GC(779) Concurrent Rebuild Remembered Sets and Scrub Regions 540.118ms
[331.818s][info][gc,start       ] GC(779) Pause Cleanup
[331.819s][info][gc             ] GC(779) Pause Cleanup 865M->865M(978M) 0.114ms
[331.819s][info][gc,cpu         ] GC(779) User=0.00s Sys=0.00s Real=0.00s
[331.819s][info][gc,marking     ] GC(779) Concurrent Clear Claimed Marks
[331.819s][info][gc,marking     ] GC(779) Concurrent Clear Claimed Marks 0.050ms
[331.819s][info][gc,marking     ] GC(779) Concurrent Cleanup for Next Mark
[331.825s][info][gc,marking     ] GC(779) Concurrent Cleanup for Next Mark 6.534ms
[331.825s][info][gc             ] GC(779) Concurrent Mark Cycle 1812.271ms
[331.918s][info][gc,start       ] GC(781) Pause Young (Prepare Mixed) (G1 Evacuation Pause)
[331.918s][info][gc,task        ] GC(781) Using 2 workers of 2 for evacuation
[331.996s][info][gc,phases      ] GC(781)   Pre Evacuate Collection Set: 0.28ms
[331.996s][info][gc,phases      ] GC(781)   Merge Heap Roots: 0.17ms
[331.996s][info][gc,phases      ] GC(781)   Evacuate Collection Set: 69.28ms
[331.996s][info][gc,phases      ] GC(781)   Post Evacuate Collection Set: 8.78ms
[331.996s][info][gc,phases      ] GC(781)   Other: 0.07ms
[331.996s][info][gc,heap        ] GC(781) Eden regions: 317->0(111)
[331.996s][info][gc,heap        ] GC(781) Survivor regions: 1->40(40)
[331.996s][info][gc,heap        ] GC(781) Old regions: 602->730
[331.996s][info][gc,heap        ] GC(781) Humongous regions: 7->7
[331.996s][info][gc,metaspace   ] GC(781) Metaspace: 18832K(19008K)->18832K(19008K) NonClass: 16168K(16256K)->16168K(16256K) Class: 2664K(2752K)->2664K(2752K)
[331.996s][info][gc             ] GC(781) Pause Young (Prepare Mixed) (G1 Evacuation Pause) (Evacuation Failure: Allocation) 926M->776M(978M) 78.825ms
[331.996s][info][gc,cpu         ] GC(781) User=0.16s Sys=0.00s Real=0.08s
[332.056s][info][gc,start       ] GC(782) Pause Young (Mixed) (G1 Evacuation Pause)
[332.056s][info][gc,task        ] GC(782) Using 2 workers of 2 for evacuation
[332.142s][info][gc,phases      ] GC(782)   Pre Evacuate Collection Set: 0.30ms
[332.142s][info][gc,phases      ] GC(782)   Merge Heap Roots: 0.38ms
[332.142s][info][gc,phases      ] GC(782)   Evacuate Collection Set: 82.69ms
[332.142s][info][gc,phases      ] GC(782)   Post Evacuate Collection Set: 3.09ms
[332.142s][info][gc,phases      ] GC(782)   Other: 0.07ms
[332.142s][info][gc,heap        ] GC(782) Eden regions: 111->0(169)
[332.142s][info][gc,heap        ] GC(782) Survivor regions: 40->19(19)
[332.142s][info][gc,heap        ] GC(782) Old regions: 730->714
[332.142s][info][gc,heap        ] GC(782) Humongous regions: 7->7
[332.142s][info][gc,metaspace   ] GC(782) Metaspace: 18832K(19008K)->18832K(19008K) NonClass: 16168K(16256K)->16168K(16256K) Class: 2664K(2752K)->2664K(2752K)
[332.142s][info][gc             ] GC(782) Pause Young (Mixed) (G1 Evacuation Pause) (Evacuation Failure: Allocation) 887M->739M(978M) 86.774ms
[332.142s][info][gc,cpu         ] GC(782) User=0.17s Sys=0.00s Real=0.09s
[332.275s][info][gc,start       ] GC(783) Pause Young (Concurrent Start) (G1 Humongous Allocation)
[332.275s][info][gc,task        ] GC(783) Using 2 workers of 2 for evacuation
[332.346s][info][gc,phases      ] GC(783)   Pre Evacuate Collection Set: 0.33ms
[332.346s][info][gc,phases      ] GC(783)   Merge Heap Roots: 0.38ms
[332.346s][info][gc,phases      ] GC(783)   Evacuate Collection Set: 69.83ms
[332.346s][info][gc,phases      ] GC(783)   Post Evacuate Collection Set: 0.66ms
[332.346s][info][gc,phases      ] GC(783)   Other: 0.10ms
[332.346s][info][gc,heap        ] GC(783) Eden regions: 156->0(143)
[332.346s][info][gc,heap        ] GC(783) Survivor regions: 19->24(24)
[332.346s][info][gc,heap        ] GC(783) Old regions: 714->724
[332.346s][info][gc,heap        ] GC(783) Humongous regions: 7->7
[332.346s][info][gc,metaspace   ] GC(783) Metaspace: 18832K(19008K)->18832K(19008K) NonClass: 16168K(16256K)->16168K(16256K) Class: 2664K(2752K)->2664K(2752K)
[332.346s][info][gc             ] GC(783) Pause Young (Concurrent Start) (G1 Humongous Allocation) 895M->754M(978M) 71.561ms
[332.346s][info][gc,cpu         ] GC(783) User=0.14s Sys=0.00s Real=0.07s
[332.346s][info][gc             ] GC(784) Concurrent Mark Cycle
[332.346s][info][gc,marking     ] GC(784) Concurrent Scan Root Regions
[332.427s][info][gc,marking     ] GC(784) Concurrent Scan Root Regions 81.000ms
[332.427s][info][gc,marking     ] GC(784) Concurrent Mark
[332.427s][info][gc,marking     ] GC(784) Concurrent Mark From Roots
[332.427s][info][gc,task        ] GC(784) Using 1 workers of 1 for marking
[332.654s][info][gc,start       ] GC(785) Pause Young (Normal) (G1 Evacuation Pause)
[332.654s][info][gc,task        ] GC(785) Using 2 workers of 2 for evacuation
[332.708s][info][gc,phases      ] GC(785)   Pre Evacuate Collection Set: 0.29ms
[332.708s][info][gc,phases      ] GC(785)   Merge Heap Roots: 0.52ms
[332.708s][info][gc,phases      ] GC(785)   Evacuate Collection Set: 52.43ms
[332.708s][info][gc,phases      ] GC(785)   Post Evacuate Collection Set: 0.47ms
[332.708s][info][gc,phases      ] GC(785)   Other: 0.09ms
[332.708s][info][gc,heap        ] GC(785) Eden regions: 143->0(139)
[332.708s][info][gc,heap        ] GC(785) Survivor regions: 24->12(21)
[332.708s][info][gc,heap        ] GC(785) Old regions: 724->748
[332.708s][info][gc,heap        ] GC(785) Humongous regions: 10->10
[332.708s][info][gc,metaspace   ] GC(785) Metaspace: 18832K(19008K)->18832K(19008K) NonClass: 16168K(16256K)->16168K(16256K) Class: 2664K(2752K)->2664K(2752K)
[332.708s][info][gc             ] GC(785) Pause Young (Normal) (G1 Evacuation Pause) 900M->769M(978M) 54.060ms
[332.708s][info][gc,cpu         ] GC(785) User=0.11s Sys=0.00s Real=0.05s
[332.975s][info][gc,start       ] GC(786) Pause Young (Normal) (G1 Evacuation Pause)
[332.975s][info][gc,task        ] GC(786) Using 2 workers of 2 for evacuation
[332.994s][info][gc,phases      ] GC(786)   Pre Evacuate Collection Set: 0.52ms
[332.994s][info][gc,phases      ] GC(786)   Merge Heap Roots: 0.32ms
[332.994s][info][gc,phases      ] GC(786)   Evacuate Collection Set: 17.88ms
[332.994s][info][gc,phases      ] GC(786)   Post Evacuate Collection Set: 0.36ms
[332.994s][info][gc,phases      ] GC(786)   Other: 0.08ms
[332.994s][info][gc,heap        ] GC(786) Eden regions: 139->0(148)
[332.994s][info][gc,heap        ] GC(786) Survivor regions: 12->1(19)
[332.994s][info][gc,heap        ] GC(786) Old regions: 748->760
[332.994s][info][gc,heap        ] GC(786) Humongous regions: 10->10
[332.994s][info][gc,metaspace   ] GC(786) Metaspace: 18832K(19008K)->18832K(19008K) NonClass: 16168K(16256K)->16168K(16256K) Class: 2664K(2752K)->2664K(2752K)
[332.994s][info][gc             ] GC(786) Pause Young (Normal) (G1 Evacuation Pause) 908M->770M(978M) 19.394ms
[332.994s][info][gc,cpu         ] GC(786) User=0.04s Sys=0.01s Real=0.02s
[333.265s][info][gc,marking     ] GC(784) Concurrent Mark From Roots 837.769ms
[333.265s][info][gc,marking     ] GC(784) Concurrent Preclean
[333.265s][info][gc,marking     ] GC(784) Concurrent Preclean 0.070ms
[333.266s][info][gc,start       ] GC(784) Pause Remark
[333.274s][info][gc             ] GC(784) Pause Remark 902M->649M(978M) 7.714ms
[333.274s][info][gc,cpu         ] GC(784) User=0.02s Sys=0.00s Real=0.01s
[333.275s][info][gc,marking     ] GC(784) Concurrent Mark 847.609ms
[333.275s][info][gc,marking     ] GC(784) Concurrent Rebuild Remembered Sets and Scrub Regions
[333.312s][info][gc,start       ] GC(787) Pause Young (Normal) (G1 Evacuation Pause)
[333.312s][info][gc,task        ] GC(787) Using 2 workers of 2 for evacuation
[333.315s][info][gc,phases      ] GC(787)   Pre Evacuate Collection Set: 0.39ms
[333.315s][info][gc,phases      ] GC(787)   Merge Heap Roots: 0.06ms
[333.315s][info][gc,phases      ] GC(787)   Evacuate Collection Set: 2.02ms
[333.315s][info][gc,phases      ] GC(787)   Post Evacuate Collection Set: 0.48ms
[333.315s][info][gc,phases      ] GC(787)   Other: 0.09ms
[333.315s][info][gc,heap        ] GC(787) Eden regions: 148->0(370)
[333.315s][info][gc,heap        ] GC(787) Survivor regions: 1->1(19)
[333.315s][info][gc,heap        ] GC(787) Old regions: 512->512
[333.315s][info][gc,heap        ] GC(787) Humongous regions: 5->5
[333.315s][info][gc,metaspace   ] GC(787) Metaspace: 18832K(19008K)->18832K(19008K) NonClass: 16168K(16256K)->16168K(16256K) Class: 2664K(2752K)->2664K(2752K)
[333.315s][info][gc             ] GC(787) Pause Young (Normal) (G1 Evacuation Pause) 665M->517M(978M) 3.242ms
[333.315s][info][gc,cpu         ] GC(787) User=0.00s Sys=0.00s Real=0.00s
[333.606s][info][gc,marking     ] GC(784) Concurrent Rebuild Remembered Sets and Scrub Regions 330.512ms
[333.606s][info][gc,start       ] GC(784) Pause Cleanup
[333.606s][info][gc             ] GC(784) Pause Cleanup 707M->707M(978M) 0.148ms
[333.606s][info][gc,cpu         ] GC(784) User=0.00s Sys=0.00s Real=0.00s
[333.607s][info][gc,marking     ] GC(784) Concurrent Clear Claimed Marks
[333.607s][info][gc,marking     ] GC(784) Concurrent Clear Claimed Marks 0.048ms
[333.607s][info][gc,marking     ] GC(784) Concurrent Cleanup for Next Mark
[333.611s][info][gc,marking     ] GC(784) Concurrent Cleanup for Next Mark 4.914ms
[333.612s][info][gc             ] GC(784) Concurrent Mark Cycle 1265.242ms
[333.797s][info][gc,start       ] GC(788) Pause Young (Prepare Mixed) (G1 Evacuation Pause)
[333.797s][info][gc,task        ] GC(788) Using 2 workers of 2 for evacuation
[333.803s][info][gc,phases      ] GC(788)   Pre Evacuate Collection Set: 0.55ms
[333.803s][info][gc,phases      ] GC(788)   Merge Heap Roots: 0.15ms
[333.803s][info][gc,phases      ] GC(788)   Evacuate Collection Set: 4.64ms
[333.803s][info][gc,phases      ] GC(788)   Post Evacuate Collection Set: 0.55ms
[333.803s][info][gc,phases      ] GC(788)   Other: 0.08ms
[333.803s][info][gc,heap        ] GC(788) Eden regions: 370->0(386)
[333.803s][info][gc,heap        ] GC(788) Survivor regions: 1->1(47)
[333.803s][info][gc,heap        ] GC(788) Old regions: 512->512
[333.803s][info][gc,heap        ] GC(788) Humongous regions: 5->5
[333.803s][info][gc,metaspace   ] GC(788) Metaspace: 18832K(19008K)->18832K(19008K) NonClass: 16168K(16256K)->16168K(16256K) Class: 2664K(2752K)->2664K(2752K)
[333.803s][info][gc             ] GC(788) Pause Young (Prepare Mixed) (G1 Evacuation Pause) 887M->517M(978M) 6.169ms
[333.803s][info][gc,cpu         ] GC(788) User=0.01s Sys=0.00s Real=0.01s
[334.252s][info][gc,start       ] GC(789) Pause Young (Mixed) (G1 Evacuation Pause)
[334.252s][info][gc,task        ] GC(789) Using 2 workers of 2 for evacuation
[334.292s][info][gc,phases      ] GC(789)   Pre Evacuate Collection Set: 0.36ms
[334.292s][info][gc,phases      ] GC(789)   Merge Heap Roots: 0.44ms
[334.292s][info][gc,phases      ] GC(789)   Evacuate Collection Set: 37.74ms
[334.292s][info][gc,phases      ] GC(789)   Post Evacuate Collection Set: 0.78ms
[334.292s][info][gc,phases      ] GC(789)   Other: 0.10ms
[334.292s][info][gc,heap        ] GC(789) Eden regions: 386->0(454)
[334.292s][info][gc,heap        ] GC(789) Survivor regions: 1->19(49)
[334.292s][info][gc,heap        ] GC(789) Old regions: 512->415
[334.292s][info][gc,heap        ] GC(789) Humongous regions: 8->8
[334.292s][info][gc,metaspace   ] GC(789) Metaspace: 18833K(19008K)->18833K(19008K) NonClass: 16169K(16256K)->16169K(16256K) Class: 2664K(2752K)->2664K(2752K)
[334.292s][info][gc             ] GC(789) Pause Young (Mixed) (G1 Evacuation Pause) 906M->440M(978M) 39.696ms
[334.292s][info][gc,cpu         ] GC(789) User=0.07s Sys=0.00s Real=0.04s
[334.920s][info][gc,start       ] GC(790) Pause Young (Mixed) (G1 Evacuation Pause)
[334.920s][info][gc,task        ] GC(790) Using 2 workers of 2 for evacuation
[334.966s][info][gc,phases      ] GC(790)   Pre Evacuate Collection Set: 0.54ms
[334.966s][info][gc,phases      ] GC(790)   Merge Heap Roots: 0.56ms
[334.966s][info][gc,phases      ] GC(790)   Evacuate Collection Set: 43.39ms
[334.966s][info][gc,phases      ] GC(790)   Post Evacuate Collection Set: 0.82ms
[334.966s][info][gc,phases      ] GC(790)   Other: 0.09ms
[334.966s][info][gc,heap        ] GC(790) Eden regions: 454->0(497)
[334.966s][info][gc,heap        ] GC(790) Survivor regions: 19->19(60)
[334.966s][info][gc,heap        ] GC(790) Old regions: 415->384
[334.966s][info][gc,heap        ] GC(790) Humongous regions: 8->8
[334.966s][info][gc,metaspace   ] GC(790) Metaspace: 18833K(19008K)->18833K(19008K) NonClass: 16169K(16256K)->16169K(16256K) Class: 2664K(2752K)->2664K(2752K)
[334.966s][info][gc             ] GC(790) Pause Young (Mixed) (G1 Evacuation Pause) 894M->410M(978M) 45.641ms
[334.966s][info][gc,cpu         ] GC(790) User=0.09s Sys=0.00s Real=0.05s
[335.477s][info][gc,start       ] GC(791) Pause Young (Concurrent Start) (G1 Evacuation Pause)
[335.477s][info][gc,task        ] GC(791) Using 2 workers of 2 for evacuation
[335.552s][info][gc,phases      ] GC(791)   Pre Evacuate Collection Set: 0.29ms
[335.552s][info][gc,phases      ] GC(791)   Merge Heap Roots: 0.45ms
[335.552s][info][gc,phases      ] GC(791)   Evacuate Collection Set: 72.89ms
[335.552s][info][gc,phases      ] GC(791)   Post Evacuate Collection Set: 0.84ms
[335.552s][info][gc,phases      ] GC(791)   Other: 0.12ms
[335.552s][info][gc,heap        ] GC(791) Eden regions: 497->0(428)
[335.552s][info][gc,heap        ] GC(791) Survivor regions: 19->54(65)
[335.552s][info][gc,heap        ] GC(791) Old regions: 384->384
[335.552s][info][gc,heap        ] GC(791) Humongous regions: 8->8
[335.552s][info][gc,metaspace   ] GC(791) Metaspace: 18833K(19008K)->18833K(19008K) NonClass: 16169K(16256K)->16169K(16256K) Class: 2664K(2752K)->2664K(2752K)
[335.552s][info][gc             ] GC(791) Pause Young (Concurrent Start) (G1 Evacuation Pause) 907M->445M(978M) 74.893ms
[335.552s][info][gc,cpu         ] GC(791) User=0.14s Sys=0.00s Real=0.08s
[335.552s][info][gc             ] GC(792) Concurrent Mark Cycle
[335.552s][info][gc,marking     ] GC(792) Concurrent Scan Root Regions
[335.685s][info][gc,marking     ] GC(792) Concurrent Scan Root Regions 132.882ms
[335.685s][info][gc,marking     ] GC(792) Concurrent Mark
[335.685s][info][gc,marking     ] GC(792) Concurrent Mark From Roots
[335.685s][info][gc,task        ] GC(792) Using 1 workers of 1 for marking
[336.150s][info][gc,start       ] GC(793) Pause Young (Normal) (G1 Evacuation Pause)
[336.150s][info][gc,task        ] GC(793) Using 2 workers of 2 for evacuation
[336.263s][info][gc,phases      ] GC(793)   Pre Evacuate Collection Set: 0.32ms
[336.263s][info][gc,phases      ] GC(793)   Merge Heap Roots: 0.50ms
[336.263s][info][gc,phases      ] GC(793)   Evacuate Collection Set: 110.58ms
[336.263s][info][gc,phases      ] GC(793)   Post Evacuate Collection Set: 0.68ms
[336.263s][info][gc,phases      ] GC(793)   Other: 0.11ms
[336.263s][info][gc,heap        ] GC(793) Eden regions: 428->0(395)
[336.263s][info][gc,heap        ] GC(793) Survivor regions: 54->38(61)
[336.263s][info][gc,heap        ] GC(793) Old regions: 384->438
[336.263s][info][gc,heap        ] GC(793) Humongous regions: 8->8
[336.263s][info][gc,metaspace   ] GC(793) Metaspace: 18834K(19008K)->18834K(19008K) NonClass: 16170K(16256K)->16170K(16256K) Class: 2664K(2752K)->2664K(2752K)
[336.263s][info][gc             ] GC(793) Pause Young (Normal) (G1 Evacuation Pause) 873M->482M(978M) 112.442ms
[336.263s][info][gc,cpu         ] GC(793) User=0.23s Sys=0.00s Real=0.11s
[336.331s][info][gc,marking     ] GC(792) Concurrent Mark From Roots 646.135ms
[336.331s][info][gc,marking     ] GC(792) Concurrent Preclean
[336.331s][info][gc,marking     ] GC(792) Concurrent Preclean 0.038ms
[336.332s][info][gc,start       ] GC(792) Pause Remark
[336.339s][info][gc             ] GC(792) Pause Remark 511M->392M(978M) 7.497ms
[336.339s][info][gc,cpu         ] GC(792) User=0.01s Sys=0.00s Real=0.00s
[336.339s][info][gc,marking     ] GC(792) Concurrent Mark 654.263ms
[336.339s][info][gc,marking     ] GC(792) Concurrent Rebuild Remembered Sets and Scrub Regions
[336.548s][info][gc,marking     ] GC(792) Concurrent Rebuild Remembered Sets and Scrub Regions 208.452ms
[336.548s][info][gc,start       ] GC(792) Pause Cleanup
[336.548s][info][gc             ] GC(792) Pause Cleanup 593M->593M(978M) 0.088ms
[336.548s][info][gc,cpu         ] GC(792) User=0.00s Sys=0.00s Real=0.00s
[336.550s][info][gc,marking     ] GC(792) Concurrent Clear Claimed Marks
[336.550s][info][gc,marking     ] GC(792) Concurrent Clear Claimed Marks 0.052ms
[336.550s][info][gc,marking     ] GC(792) Concurrent Cleanup for Next Mark
[336.555s][info][gc,marking     ] GC(792) Concurrent Cleanup for Next Mark 4.884ms
[336.555s][info][gc             ] GC(792) Concurrent Mark Cycle 1003.359ms
[336.753s][info][gc,start       ] GC(794) Pause Young (Prepare Mixed) (G1 Evacuation Pause)
[336.753s][info][gc,task        ] GC(794) Using 2 workers of 2 for evacuation
[336.829s][info][gc,phases      ] GC(794)   Pre Evacuate Collection Set: 0.53ms
[336.829s][info][gc,phases      ] GC(794)   Merge Heap Roots: 0.51ms
[336.829s][info][gc,phases      ] GC(794)   Evacuate Collection Set: 73.93ms
[336.829s][info][gc,phases      ] GC(794)   Post Evacuate Collection Set: 0.63ms
[336.829s][info][gc,phases      ] GC(794)   Other: 0.09ms
[336.829s][info][gc,heap        ] GC(794) Eden regions: 395->0(466)
[336.829s][info][gc,heap        ] GC(794) Survivor regions: 38->33(55)
[336.829s][info][gc,heap        ] GC(794) Old regions: 323->360
[336.829s][info][gc,heap        ] GC(794) Humongous regions: 4->4
[336.829s][info][gc,metaspace   ] GC(794) Metaspace: 18834K(19008K)->18834K(19008K) NonClass: 16170K(16256K)->16170K(16256K) Class: 2664K(2752K)->2664K(2752K)
[336.829s][info][gc             ] GC(794) Pause Young (Prepare Mixed) (G1 Evacuation Pause) 758M->396M(978M) 75.926ms
[336.829s][info][gc,cpu         ] GC(794) User=0.15s Sys=0.00s Real=0.07s
[337.377s][info][gc,start       ] GC(795) Pause Young (Mixed) (G1 Evacuation Pause)
[337.377s][info][gc,task        ] GC(795) Using 2 workers of 2 for evacuation
[337.433s][info][gc,phases      ] GC(795)   Pre Evacuate Collection Set: 0.34ms
[337.433s][info][gc,phases      ] GC(795)   Merge Heap Roots: 0.32ms
[337.433s][info][gc,phases      ] GC(795)   Evacuate Collection Set: 54.52ms
[337.433s][info][gc,phases      ] GC(795)   Post Evacuate Collection Set: 0.68ms
[337.433s][info][gc,phases      ] GC(795)   Other: 0.11ms
[337.433s][info][gc,heap        ] GC(795) Eden regions: 466->0(486)
[337.433s][info][gc,heap        ] GC(795) Survivor regions: 33->20(63)
[337.433s][info][gc,heap        ] GC(795) Old regions: 360->357
[337.433s][info][gc,heap        ] GC(795) Humongous regions: 4->4
[337.433s][info][gc,metaspace   ] GC(795) Metaspace: 18834K(19008K)->18834K(19008K) NonClass: 16170K(16256K)->16170K(16256K) Class: 2664K(2752K)->2664K(2752K)
[337.434s][info][gc             ] GC(795) Pause Young (Mixed) (G1 Evacuation Pause) 862M->380M(978M) 56.250ms
[337.434s][info][gc,cpu         ] GC(795) User=0.11s Sys=0.00s Real=0.06s
[338.523s][info][gc,start       ] GC(796) Pause Young (Concurrent Start) (G1 Evacuation Pause)
[338.523s][info][gc,task        ] GC(796) Using 2 workers of 2 for evacuation
[338.546s][info][gc,phases      ] GC(796)   Pre Evacuate Collection Set: 0.29ms
[338.546s][info][gc,phases      ] GC(796)   Merge Heap Roots: 0.25ms
[338.546s][info][gc,phases      ] GC(796)   Evacuate Collection Set: 21.41ms
[338.546s][info][gc,phases      ] GC(796)   Post Evacuate Collection Set: 0.66ms
[338.546s][info][gc,phases      ] GC(796)   Other: 0.15ms
[338.546s][info][gc,heap        ] GC(796) Eden regions: 486->0(508)
[338.546s][info][gc,heap        ] GC(796) Survivor regions: 20->20(64)
[338.546s][info][gc,heap        ] GC(796) Old regions: 357->357
[338.546s][info][gc,heap        ] GC(796) Humongous regions: 4->4
[338.546s][info][gc,metaspace   ] GC(796) Metaspace: 18834K(19008K)->18834K(19008K) NonClass: 16170K(16256K)->16170K(16256K) Class: 2664K(2752K)->2664K(2752K)
[338.546s][info][gc             ] GC(796) Pause Young (Concurrent Start) (G1 Evacuation Pause) 866M->380M(978M) 23.028ms
[338.546s][info][gc,cpu         ] GC(796) User=0.05s Sys=0.00s Real=0.02s
[338.546s][info][gc             ] GC(797) Concurrent Mark Cycle
[338.546s][info][gc,marking     ] GC(797) Concurrent Scan Root Regions
[338.586s][info][gc,marking     ] GC(797) Concurrent Scan Root Regions 40.008ms
[338.586s][info][gc,marking     ] GC(797) Concurrent Mark
[338.586s][info][gc,marking     ] GC(797) Concurrent Mark From Roots
[338.586s][info][gc,task        ] GC(797) Using 1 workers of 1 for marking
[339.599s][info][gc,marking     ] GC(797) Concurrent Mark From Roots 1012.860ms
[339.599s][info][gc,marking     ] GC(797) Concurrent Preclean
[339.599s][info][gc,marking     ] GC(797) Concurrent Preclean 0.045ms
[339.600s][info][gc,start       ] GC(797) Pause Remark
[339.607s][info][gc             ] GC(797) Pause Remark 836M->836M(978M) 7.329ms
[339.607s][info][gc,cpu         ] GC(797) User=0.01s Sys=0.00s Real=0.01s
[339.607s][info][gc,marking     ] GC(797) Concurrent Mark 1020.531ms
[339.607s][info][gc,marking     ] GC(797) Concurrent Rebuild Remembered Sets and Scrub Regions
[339.644s][info][gc,start       ] GC(798) Pause Young (Normal) (G1 Evacuation Pause)
[339.644s][info][gc,task        ] GC(798) Using 2 workers of 2 for evacuation
[339.794s][info][gc,phases      ] GC(798)   Pre Evacuate Collection Set: 0.26ms
[339.794s][info][gc,phases      ] GC(798)   Merge Heap Roots: 0.26ms
[339.794s][info][gc,phases      ] GC(798)   Evacuate Collection Set: 131.71ms
[339.794s][info][gc,phases      ] GC(798)   Post Evacuate Collection Set: 17.69ms
[339.794s][info][gc,phases      ] GC(798)   Other: 0.10ms
[339.794s][info][gc,heap        ] GC(798) Eden regions: 508->0(216)
[339.794s][info][gc,heap        ] GC(798) Survivor regions: 20->66(66)
[339.795s][info][gc,heap        ] GC(798) Old regions: 357->576
[339.795s][info][gc,heap        ] GC(798) Humongous regions: 4->4
[339.795s][info][gc,metaspace   ] GC(798) Metaspace: 18834K(19008K)->18834K(19008K) NonClass: 16170K(16256K)->16170K(16256K) Class: 2664K(2752K)->2664K(2752K)
[339.795s][info][gc             ] GC(798) Pause Young (Normal) (G1 Evacuation Pause) (Evacuation Failure: Allocation) 888M->645M(978M) 150.224ms
[339.795s][info][gc,cpu         ] GC(798) User=0.30s Sys=0.00s Real=0.15s
[340.120s][info][gc,marking     ] GC(797) Concurrent Rebuild Remembered Sets and Scrub Regions 513.398ms
[340.121s][info][gc,start       ] GC(797) Pause Cleanup
[340.121s][info][gc             ] GC(797) Pause Cleanup 771M->771M(978M) 0.090ms
[340.121s][info][gc,cpu         ] GC(797) User=0.00s Sys=0.00s Real=0.00s
[340.122s][info][gc,marking     ] GC(797) Concurrent Clear Claimed Marks
[340.122s][info][gc,marking     ] GC(797) Concurrent Clear Claimed Marks 0.045ms
[340.122s][info][gc,marking     ] GC(797) Concurrent Cleanup for Next Mark
[340.129s][info][gc,marking     ] GC(797) Concurrent Cleanup for Next Mark 6.765ms
[340.129s][info][gc             ] GC(797) Concurrent Mark Cycle 1582.937ms
[340.282s][info][gc,start       ] GC(799) Pause Young (Prepare Mixed) (G1 Evacuation Pause)
[340.282s][info][gc,task        ] GC(799) Using 2 workers of 2 for evacuation
[340.466s][info][gc,phases      ] GC(799)   Pre Evacuate Collection Set: 0.54ms
[340.466s][info][gc,phases      ] GC(799)   Merge Heap Roots: 0.77ms
[340.466s][info][gc,phases      ] GC(799)   Evacuate Collection Set: 162.66ms
[340.466s][info][gc,phases      ] GC(799)   Post Evacuate Collection Set: 19.92ms
[340.466s][info][gc,phases      ] GC(799)   Other: 0.10ms
[340.466s][info][gc,heap        ] GC(799) Eden regions: 216->0(134)
[340.466s][info][gc,heap        ] GC(799) Survivor regions: 66->15(36)
[340.466s][info][gc,heap        ] GC(799) Old regions: 576->760
[340.466s][info][gc,heap        ] GC(799) Humongous regions: 4->4
[340.466s][info][gc,metaspace   ] GC(799) Metaspace: 18834K(19008K)->18834K(19008K) NonClass: 16170K(16256K)->16170K(16256K) Class: 2664K(2752K)->2664K(2752K)
[340.466s][info][gc             ] GC(799) Pause Young (Prepare Mixed) (G1 Evacuation Pause) (Evacuation Failure: Allocation) 861M->778M(978M) 184.186ms
[340.466s][info][gc,cpu         ] GC(799) User=0.37s Sys=0.00s Real=0.18s
[340.695s][info][gc,start       ] GC(800) Pause Young (Mixed) (G1 Evacuation Pause)
[340.695s][info][gc,task        ] GC(800) Using 2 workers of 2 for evacuation
[340.781s][info][gc,phases      ] GC(800)   Pre Evacuate Collection Set: 0.39ms
[340.781s][info][gc,phases      ] GC(800)   Merge Heap Roots: 0.95ms
[340.781s][info][gc,phases      ] GC(800)   Evacuate Collection Set: 83.77ms
[340.781s][info][gc,phases      ] GC(800)   Post Evacuate Collection Set: 0.71ms
[340.781s][info][gc,phases      ] GC(800)   Other: 0.10ms
[340.781s][info][gc,heap        ] GC(800) Eden regions: 134->0(246)
[340.781s][info][gc,heap        ] GC(800) Survivor regions: 15->16(19)
[340.781s][info][gc,heap        ] GC(800) Old regions: 760->643
[340.781s][info][gc,heap        ] GC(800) Humongous regions: 7->7
[340.781s][info][gc,metaspace   ] GC(800) Metaspace: 18834K(19008K)->18834K(19008K) NonClass: 16170K(16256K)->16170K(16256K) Class: 2664K(2752K)->2664K(2752K)
[340.781s][info][gc             ] GC(800) Pause Young (Mixed) (G1 Evacuation Pause) 915M->665M(978M) 86.159ms
[340.781s][info][gc,cpu         ] GC(800) User=0.17s Sys=0.01s Real=0.09s
[340.945s][info][gc,start       ] GC(801) Pause Young (Concurrent Start) (G1 Humongous Allocation)
[340.946s][info][gc,task        ] GC(801) Using 2 workers of 2 for evacuation
[341.032s][info][gc,phases      ] GC(801)   Pre Evacuate Collection Set: 0.36ms
[341.032s][info][gc,phases      ] GC(801)   Merge Heap Roots: 0.84ms
[341.032s][info][gc,phases      ] GC(801)   Evacuate Collection Set: 84.56ms
[341.032s][info][gc,phases      ] GC(801)   Post Evacuate Collection Set: 0.87ms
[341.032s][info][gc,phases      ] GC(801)   Other: 0.21ms
[341.032s][info][gc,heap        ] GC(801) Eden regions: 135->0(297)
[341.032s][info][gc,heap        ] GC(801) Survivor regions: 16->22(33)
[341.032s][info][gc,heap        ] GC(801) Old regions: 643->575
[341.032s][info][gc,heap        ] GC(801) Humongous regions: 7->7
[341.032s][info][gc,metaspace   ] GC(801) Metaspace: 18834K(19008K)->18834K(19008K) NonClass: 16170K(16256K)->16170K(16256K) Class: 2664K(2752K)->2664K(2752K)
[341.032s][info][gc             ] GC(801) Pause Young (Concurrent Start) (G1 Humongous Allocation) 800M->602M(978M) 87.072ms
[341.033s][info][gc             ] GC(802) Concurrent Mark Cycle
[341.033s][info][gc,marking     ] GC(802) Concurrent Scan Root Regions
[341.033s][info][gc,cpu         ] GC(801) User=0.17s Sys=0.00s Real=0.09s
[341.120s][info][gc,marking     ] GC(802) Concurrent Scan Root Regions 87.431ms
[341.120s][info][gc,marking     ] GC(802) Concurrent Mark
[341.120s][info][gc,marking     ] GC(802) Concurrent Mark From Roots
[341.120s][info][gc,task        ] GC(802) Using 1 workers of 1 for marking
[341.942s][info][gc,start       ] GC(803) Pause Young (Normal) (G1 Evacuation Pause)
[341.942s][info][gc,task        ] GC(803) Using 2 workers of 2 for evacuation
[342.037s][info][gc,phases      ] GC(803)   Pre Evacuate Collection Set: 0.56ms
[342.037s][info][gc,phases      ] GC(803)   Merge Heap Roots: 0.95ms
[342.037s][info][gc,phases      ] GC(803)   Evacuate Collection Set: 92.48ms
[342.037s][info][gc,phases      ] GC(803)   Post Evacuate Collection Set: 0.86ms
[342.037s][info][gc,phases      ] GC(803)   Other: 0.11ms
[342.037s][info][gc,heap        ] GC(803) Eden regions: 297->0(286)
[342.037s][info][gc,heap        ] GC(803) Survivor regions: 22->25(40)
[342.037s][info][gc,heap        ] GC(803) Old regions: 575->579
[342.037s][info][gc,heap        ] GC(803) Humongous regions: 13->13
[342.037s][info][gc,metaspace   ] GC(803) Metaspace: 18834K(19008K)->18834K(19008K) NonClass: 16170K(16256K)->16170K(16256K) Class: 2664K(2752K)->2664K(2752K)
[342.037s][info][gc             ] GC(803) Pause Young (Normal) (G1 Evacuation Pause) 905M->616M(978M) 95.214ms
[342.037s][info][gc,cpu         ] GC(803) User=0.19s Sys=0.00s Real=0.09s
[342.793s][info][gc,marking     ] GC(802) Concurrent Mark From Roots 1673.294ms
[342.793s][info][gc,marking     ] GC(802) Concurrent Preclean
[342.793s][info][gc,marking     ] GC(802) Concurrent Preclean 0.043ms
[342.794s][info][gc,start       ] GC(802) Pause Remark
[342.801s][info][gc             ] GC(802) Pause Remark 872M->871M(978M) 7.653ms
[342.801s][info][gc,cpu         ] GC(802) User=0.01s Sys=0.00s Real=0.01s
[342.803s][info][gc,marking     ] GC(802) Concurrent Mark 1682.504ms
[342.803s][info][gc,marking     ] GC(802) Concurrent Rebuild Remembered Sets and Scrub Regions
[342.864s][info][gc,start       ] GC(804) Pause Young (Normal) (G1 Evacuation Pause)
[342.864s][info][gc,task        ] GC(804) Using 2 workers of 2 for evacuation
[342.928s][info][gc,phases      ] GC(804)   Pre Evacuate Collection Set: 0.26ms
[342.928s][info][gc,phases      ] GC(804)   Merge Heap Roots: 0.64ms
[342.928s][info][gc,phases      ] GC(804)   Evacuate Collection Set: 62.16ms
[342.928s][info][gc,phases      ] GC(804)   Post Evacuate Collection Set: 0.59ms
[342.928s][info][gc,phases      ] GC(804)   Other: 0.09ms
[342.928s][info][gc,heap        ] GC(804) Eden regions: 286->0(291)
[342.928s][info][gc,heap        ] GC(804) Survivor regions: 25->20(39)
[342.928s][info][gc,heap        ] GC(804) Old regions: 579->585
[342.928s][info][gc,heap        ] GC(804) Humongous regions: 12->12
[342.928s][info][gc,metaspace   ] GC(804) Metaspace: 18834K(19008K)->18834K(19008K) NonClass: 16170K(16256K)->16170K(16256K) Class: 2664K(2752K)->2664K(2752K)
[342.928s][info][gc             ] GC(804) Pause Young (Normal) (G1 Evacuation Pause) 901M->616M(978M) 63.968ms
[342.928s][info][gc,cpu         ] GC(804) User=0.12s Sys=0.00s Real=0.06s
[343.372s][info][gc,marking     ] GC(802) Concurrent Rebuild Remembered Sets and Scrub Regions 569.867ms
[343.373s][info][gc,start       ] GC(802) Pause Cleanup
[343.373s][info][gc             ] GC(802) Pause Cleanup 806M->806M(978M) 0.097ms
[343.373s][info][gc,cpu         ] GC(802) User=0.00s Sys=0.00s Real=0.00s
[343.373s][info][gc,marking     ] GC(802) Concurrent Clear Claimed Marks
[343.373s][info][gc,marking     ] GC(802) Concurrent Clear Claimed Marks 0.029ms
[343.373s][info][gc,marking     ] GC(802) Concurrent Cleanup for Next Mark
[343.376s][info][gc,marking     ] GC(802) Concurrent Cleanup for Next Mark 2.855ms
[343.376s][info][gc             ] GC(802) Concurrent Mark Cycle 2343.178ms
[343.527s][info][gc,start       ] GC(805) Pause Young (Prepare Mixed) (G1 Evacuation Pause)
[343.527s][info][gc,task        ] GC(805) Using 2 workers of 2 for evacuation
[343.558s][info][gc,phases      ] GC(805)   Pre Evacuate Collection Set: 0.29ms
[343.559s][info][gc,phases      ] GC(805)   Merge Heap Roots: 0.48ms
[343.559s][info][gc,phases      ] GC(805)   Evacuate Collection Set: 29.73ms
[343.559s][info][gc,phases      ] GC(805)   Post Evacuate Collection Set: 0.54ms
[343.559s][info][gc,phases      ] GC(805)   Other: 0.11ms
[343.559s][info][gc,heap        ] GC(805) Eden regions: 291->0(291)
[343.559s][info][gc,heap        ] GC(805) Survivor regions: 20->20(39)
[343.559s][info][gc,heap        ] GC(805) Old regions: 585->585
[343.559s][info][gc,heap        ] GC(805) Humongous regions: 12->12
[343.559s][info][gc,metaspace   ] GC(805) Metaspace: 18834K(19008K)->18834K(19008K) NonClass: 16170K(16256K)->16170K(16256K) Class: 2664K(2752K)->2664K(2752K)
[343.559s][info][gc             ] GC(805) Pause Young (Prepare Mixed) (G1 Evacuation Pause) 907M->616M(978M) 31.407ms
[343.559s][info][gc,cpu         ] GC(805) User=0.06s Sys=0.00s Real=0.03s
[343.940s][info][gc,start       ] GC(806) Pause Young (Mixed) (G1 Evacuation Pause)
[343.940s][info][gc,task        ] GC(806) Using 2 workers of 2 for evacuation
[343.993s][info][gc,phases      ] GC(806)   Pre Evacuate Collection Set: 0.30ms
[343.993s][info][gc,phases      ] GC(806)   Merge Heap Roots: 0.21ms
[343.993s][info][gc,phases      ] GC(806)   Evacuate Collection Set: 51.44ms
[343.993s][info][gc,phases      ] GC(806)   Post Evacuate Collection Set: 0.56ms
[343.993s][info][gc,phases      ] GC(806)   Other: 0.08ms
[343.993s][info][gc,heap        ] GC(806) Eden regions: 291->0(263)
[343.993s][info][gc,heap        ] GC(806) Survivor regions: 20->38(39)
[343.993s][info][gc,heap        ] GC(806) Old regions: 585->577
[343.993s][info][gc,heap        ] GC(806) Humongous regions: 12->12
[343.993s][info][gc,metaspace   ] GC(806) Metaspace: 18834K(19008K)->18834K(19008K) NonClass: 16170K(16256K)->16170K(16256K) Class: 2664K(2752K)->2664K(2752K)
[343.993s][info][gc             ] GC(806) Pause Young (Mixed) (G1 Evacuation Pause) 907M->626M(978M) 52.831ms
[343.993s][info][gc,cpu         ] GC(806) User=0.10s Sys=0.00s Real=0.05s
[344.225s][info][gc,start       ] GC(807) Pause Young (Concurrent Start) (G1 Evacuation Pause)
[344.226s][info][gc,task        ] GC(807) Using 2 workers of 2 for evacuation
[344.288s][info][gc,phases      ] GC(807)   Pre Evacuate Collection Set: 0.33ms
[344.288s][info][gc,phases      ] GC(807)   Merge Heap Roots: 0.17ms
[344.288s][info][gc,phases      ] GC(807)   Evacuate Collection Set: 61.03ms
[344.288s][info][gc,phases      ] GC(807)   Post Evacuate Collection Set: 0.55ms
[344.288s][info][gc,phases      ] GC(807)   Other: 0.21ms
[344.288s][info][gc,heap        ] GC(807) Eden regions: 263->0(258)
[344.288s][info][gc,heap        ] GC(807) Survivor regions: 38->31(38)
[344.288s][info][gc,heap        ] GC(807) Old regions: 577->596
[344.288s][info][gc,heap        ] GC(807) Humongous regions: 12->12
[344.288s][info][gc,metaspace   ] GC(807) Metaspace: 18834K(19008K)->18834K(19008K) NonClass: 16170K(16256K)->16170K(16256K) Class: 2664K(2752K)->2664K(2752K)
[344.288s][info][gc             ] GC(807) Pause Young (Concurrent Start) (G1 Evacuation Pause) 889M->638M(978M) 62.503ms
[344.288s][info][gc             ] GC(808) Concurrent Mark Cycle
[344.288s][info][gc,marking     ] GC(808) Concurrent Scan Root Regions
[344.289s][info][gc,cpu         ] GC(807) User=0.13s Sys=0.00s Real=0.06s
[344.428s][info][gc,marking     ] GC(808) Concurrent Scan Root Regions 140.002ms
[344.428s][info][gc,marking     ] GC(808) Concurrent Mark
[344.428s][info][gc,marking     ] GC(808) Concurrent Mark From Roots
[344.428s][info][gc,task        ] GC(808) Using 1 workers of 1 for marking
[344.825s][info][gc,start       ] GC(809) Pause Young (Normal) (G1 Evacuation Pause)
[344.825s][info][gc,task        ] GC(809) Using 2 workers of 2 for evacuation
[344.866s][info][gc,phases      ] GC(809)   Pre Evacuate Collection Set: 0.33ms
[344.866s][info][gc,phases      ] GC(809)   Merge Heap Roots: 0.19ms
[344.866s][info][gc,phases      ] GC(809)   Evacuate Collection Set: 39.69ms
[344.866s][info][gc,phases      ] GC(809)   Post Evacuate Collection Set: 0.48ms
[344.866s][info][gc,phases      ] GC(809)   Other: 0.10ms
[344.866s][info][gc,heap        ] GC(809) Eden regions: 258->0(255)
[344.866s][info][gc,heap        ] GC(809) Survivor regions: 31->23(37)
[344.866s][info][gc,heap        ] GC(809) Old regions: 596->615
[344.866s][info][gc,heap        ] GC(809) Humongous regions: 12->12
[344.866s][info][gc,metaspace   ] GC(809) Metaspace: 18834K(19008K)->18834K(19008K) NonClass: 16170K(16256K)->16170K(16256K) Class: 2664K(2752K)->2664K(2752K)
[344.866s][info][gc             ] GC(809) Pause Young (Normal) (G1 Evacuation Pause) 896M->648M(978M) 41.033ms
[344.866s][info][gc,cpu         ] GC(809) User=0.08s Sys=0.00s Real=0.04s
[345.498s][info][gc,marking     ] GC(808) Concurrent Mark From Roots 1069.564ms
[345.498s][info][gc,marking     ] GC(808) Concurrent Preclean
[345.498s][info][gc,marking     ] GC(808) Concurrent Preclean 0.052ms
[345.498s][info][gc,start       ] GC(808) Pause Remark
[345.505s][info][gc             ] GC(808) Pause Remark 812M->734M(978M) 7.476ms
[345.505s][info][gc,cpu         ] GC(808) User=0.01s Sys=0.00s Real=0.01s
[345.505s][info][gc,marking     ] GC(808) Concurrent Mark 1077.414ms
[345.506s][info][gc,marking     ] GC(808) Concurrent Rebuild Remembered Sets and Scrub Regions
[345.768s][info][gc,start       ] GC(810) Pause Young (Normal) (G1 Evacuation Pause)
[345.768s][info][gc,task        ] GC(810) Using 2 workers of 2 for evacuation
[345.792s][info][gc,phases      ] GC(810)   Pre Evacuate Collection Set: 0.48ms
[345.792s][info][gc,phases      ] GC(810)   Merge Heap Roots: 0.24ms
[345.792s][info][gc,phases      ] GC(810)   Evacuate Collection Set: 22.63ms
[345.792s][info][gc,phases      ] GC(810)   Post Evacuate Collection Set: 0.47ms
[345.792s][info][gc,phases      ] GC(810)   Other: 0.09ms
[345.792s][info][gc,heap        ] GC(810) Eden regions: 255->0(346)
[345.792s][info][gc,heap        ] GC(810) Survivor regions: 23->10(35)
[345.792s][info][gc,heap        ] GC(810) Old regions: 542->555
[345.792s][info][gc,heap        ] GC(810) Humongous regions: 7->7
[345.792s][info][gc,metaspace   ] GC(810) Metaspace: 18834K(19008K)->18834K(19008K) NonClass: 16170K(16256K)->16170K(16256K) Class: 2664K(2752K)->2664K(2752K)
[345.792s][info][gc             ] GC(810) Pause Young (Normal) (G1 Evacuation Pause) 825M->570M(978M) 24.125ms
[345.792s][info][gc,cpu         ] GC(810) User=0.05s Sys=0.00s Real=0.03s
[345.921s][info][gc,marking     ] GC(808) Concurrent Rebuild Remembered Sets and Scrub Regions 415.197ms
[345.921s][info][gc,start       ] GC(808) Pause Cleanup
[345.921s][info][gc             ] GC(808) Pause Cleanup 621M->621M(978M) 0.123ms
[345.921s][info][gc,cpu         ] GC(808) User=0.00s Sys=0.00s Real=0.00s
[345.921s][info][gc,marking     ] GC(808) Concurrent Clear Claimed Marks
[345.921s][info][gc,marking     ] GC(808) Concurrent Clear Claimed Marks 0.028ms
[345.921s][info][gc,marking     ] GC(808) Concurrent Cleanup for Next Mark
[345.924s][info][gc,marking     ] GC(808) Concurrent Cleanup for Next Mark 2.864ms
[345.924s][info][gc             ] GC(808) Concurrent Mark Cycle 1636.005ms
[346.366s][info][gc,start       ] GC(811) Pause Young (Prepare Mixed) (G1 Evacuation Pause)
[346.366s][info][gc,task        ] GC(811) Using 2 workers of 2 for evacuation
[346.391s][info][gc,phases      ] GC(811)   Pre Evacuate Collection Set: 0.29ms
[346.391s][info][gc,phases      ] GC(811)   Merge Heap Roots: 0.18ms
[346.391s][info][gc,phases      ] GC(811)   Evacuate Collection Set: 23.63ms
[346.391s][info][gc,phases      ] GC(811)   Post Evacuate Collection Set: 0.55ms
[346.391s][info][gc,phases      ] GC(811)   Other: 0.10ms
[346.391s][info][gc,heap        ] GC(811) Eden regions: 346->0(320)
[346.391s][info][gc,heap        ] GC(811) Survivor regions: 10->23(45)
[346.391s][info][gc,heap        ] GC(811) Old regions: 555->555
[346.391s][info][gc,heap        ] GC(811) Humongous regions: 7->7
[346.391s][info][gc,metaspace   ] GC(811) Metaspace: 18834K(19008K)->18834K(19008K) NonClass: 16170K(16256K)->16170K(16256K) Class: 2664K(2752K)->2664K(2752K)
[346.391s][info][gc             ] GC(811) Pause Young (Prepare Mixed) (G1 Evacuation Pause) 916M->583M(978M) 24.993ms
[346.391s][info][gc,cpu         ] GC(811) User=0.04s Sys=0.00s Real=0.03s
[346.801s][info][gc,start       ] GC(812) Pause Young (Mixed) (G1 Evacuation Pause)
[346.801s][info][gc,task        ] GC(812) Using 2 workers of 2 for evacuation
[346.934s][info][gc,phases      ] GC(812)   Pre Evacuate Collection Set: 0.54ms
[346.934s][info][gc,phases      ] GC(812)   Merge Heap Roots: 0.38ms
[346.934s][info][gc,phases      ] GC(812)   Evacuate Collection Set: 125.33ms
[346.934s][info][gc,phases      ] GC(812)   Post Evacuate Collection Set: 6.03ms
[346.934s][info][gc,phases      ] GC(812)   Other: 0.09ms
[346.934s][info][gc,heap        ] GC(812) Eden regions: 320->0(265)
[346.934s][info][gc,heap        ] GC(812) Survivor regions: 23->43(43)
[346.934s][info][gc,heap        ] GC(812) Old regions: 555->567
[346.934s][info][gc,heap        ] GC(812) Humongous regions: 10->10
[346.934s][info][gc,metaspace   ] GC(812) Metaspace: 18834K(19008K)->18834K(19008K) NonClass: 16170K(16256K)->16170K(16256K) Class: 2664K(2752K)->2664K(2752K)
[346.934s][info][gc             ] GC(812) Pause Young (Mixed) (G1 Evacuation Pause) (Evacuation Failure: Allocation) 906M->619M(978M) 132.612ms
[346.934s][info][gc,cpu         ] GC(812) User=0.27s Sys=0.00s Real=0.13s
[347.346s][info][gc,start       ] GC(813) Pause Young (Concurrent Start) (G1 Evacuation Pause)
[347.346s][info][gc,task        ] GC(813) Using 2 workers of 2 for evacuation
[347.405s][info][gc,phases      ] GC(813)   Pre Evacuate Collection Set: 0.50ms
[347.405s][info][gc,phases      ] GC(813)   Merge Heap Roots: 1.16ms
[347.405s][info][gc,phases      ] GC(813)   Evacuate Collection Set: 56.42ms
[347.405s][info][gc,phases      ] GC(813)   Post Evacuate Collection Set: 0.59ms
[347.405s][info][gc,phases      ] GC(813)   Other: 0.19ms
[347.405s][info][gc,heap        ] GC(813) Eden regions: 265->0(309)
[347.405s][info][gc,heap        ] GC(813) Survivor regions: 43->1(39)
[347.405s][info][gc,heap        ] GC(813) Old regions: 567->580
[347.405s][info][gc,heap        ] GC(813) Humongous regions: 10->10
[347.405s][info][gc,metaspace   ] GC(813) Metaspace: 18834K(19008K)->18834K(19008K) NonClass: 16170K(16256K)->16170K(16256K) Class: 2664K(2752K)->2664K(2752K)
[347.405s][info][gc             ] GC(813) Pause Young (Concurrent Start) (G1 Evacuation Pause) 884M->590M(978M) 59.094ms
[347.405s][info][gc             ] GC(814) Concurrent Mark Cycle
[347.405s][info][gc,marking     ] GC(814) Concurrent Scan Root Regions
[347.407s][info][gc,cpu         ] GC(813) User=0.12s Sys=0.00s Real=0.06s
[347.458s][info][gc,marking     ] GC(814) Concurrent Scan Root Regions 52.484ms
[347.458s][info][gc,marking     ] GC(814) Concurrent Mark
[347.458s][info][gc,marking     ] GC(814) Concurrent Mark From Roots
[347.458s][info][gc,task        ] GC(814) Using 1 workers of 1 for marking
[348.579s][info][gc,start       ] GC(815) Pause Young (Normal) (G1 Evacuation Pause)
[348.580s][info][gc,task        ] GC(815) Using 2 workers of 2 for evacuation
[348.581s][info][gc,phases      ] GC(815)   Pre Evacuate Collection Set: 0.50ms
[348.581s][info][gc,phases      ] GC(815)   Merge Heap Roots: 0.12ms
[348.581s][info][gc,phases      ] GC(815)   Evacuate Collection Set: 0.29ms
[348.581s][info][gc,phases      ] GC(815)   Post Evacuate Collection Set: 0.45ms
[348.581s][info][gc,phases      ] GC(815)   Other: 0.09ms
[348.581s][info][gc,heap        ] GC(815) Eden regions: 309->0(324)
[348.581s][info][gc,heap        ] GC(815) Survivor regions: 1->1(39)
[348.581s][info][gc,heap        ] GC(815) Old regions: 580->580
[348.581s][info][gc,heap        ] GC(815) Humongous regions: 10->10
[348.581s][info][gc,metaspace   ] GC(815) Metaspace: 18834K(19008K)->18834K(19008K) NonClass: 16170K(16256K)->16170K(16256K) Class: 2664K(2752K)->2664K(2752K)
[348.581s][info][gc             ] GC(815) Pause Young (Normal) (G1 Evacuation Pause) 899M->590M(978M) 1.669ms
[348.581s][info][gc,cpu         ] GC(815) User=0.00s Sys=0.00s Real=0.01s
[348.859s][info][gc,marking     ] GC(814) Concurrent Mark From Roots 1401.314ms
[348.859s][info][gc,marking     ] GC(814) Concurrent Preclean
[348.859s][info][gc,marking     ] GC(814) Concurrent Preclean 0.041ms
[348.859s][info][gc,start       ] GC(814) Pause Remark
[348.867s][info][gc             ] GC(814) Pause Remark 671M->670M(978M) 7.571ms
[348.867s][info][gc,cpu         ] GC(814) User=0.01s Sys=0.00s Real=0.01s
[348.867s][info][gc,marking     ] GC(814) Concurrent Mark 1409.206ms
[348.867s][info][gc,marking     ] GC(814) Concurrent Rebuild Remembered Sets and Scrub Regions
[349.306s][info][gc,marking     ] GC(814) Concurrent Rebuild Remembered Sets and Scrub Regions 438.808ms
[349.306s][info][gc,start       ] GC(814) Pause Cleanup
[349.306s][info][gc             ] GC(814) Pause Cleanup 859M->859M(978M) 0.091ms
[349.306s][info][gc,cpu         ] GC(814) User=0.00s Sys=0.00s Real=0.00s
[349.306s][info][gc,marking     ] GC(814) Concurrent Clear Claimed Marks
[349.306s][info][gc,marking     ] GC(814) Concurrent Clear Claimed Marks 0.030ms
[349.306s][info][gc,marking     ] GC(814) Concurrent Cleanup for Next Mark
[349.313s][info][gc,marking     ] GC(814) Concurrent Cleanup for Next Mark 6.910ms
[349.313s][info][gc             ] GC(814) Concurrent Mark Cycle 1908.203ms
[349.372s][info][gc,start       ] GC(816) Pause Young (Prepare Mixed) (G1 Evacuation Pause)
[349.372s][info][gc,task        ] GC(816) Using 2 workers of 2 for evacuation
[349.384s][info][gc,phases      ] GC(816)   Pre Evacuate Collection Set: 0.30ms
[349.384s][info][gc,phases      ] GC(816)   Merge Heap Roots: 0.17ms
[349.384s][info][gc,phases      ] GC(816)   Evacuate Collection Set: 10.50ms
[349.384s][info][gc,phases      ] GC(816)   Post Evacuate Collection Set: 0.50ms
[349.384s][info][gc,phases      ] GC(816)   Other: 0.09ms
[349.384s][info][gc,heap        ] GC(816) Eden regions: 324->0(323)
[349.384s][info][gc,heap        ] GC(816) Survivor regions: 1->8(41)
[349.384s][info][gc,heap        ] GC(816) Old regions: 580->580
[349.384s][info][gc,heap        ] GC(816) Humongous regions: 9->9
[349.384s][info][gc,metaspace   ] GC(816) Metaspace: 18834K(19008K)->18834K(19008K) NonClass: 16170K(16256K)->16170K(16256K) Class: 2664K(2752K)->2664K(2752K)
[349.384s][info][gc             ] GC(816) Pause Young (Prepare Mixed) (G1 Evacuation Pause) 913M->596M(978M) 11.783ms
[349.384s][info][gc,cpu         ] GC(816) User=0.03s Sys=0.00s Real=0.01s
[349.682s][info][gc,start       ] GC(817) Pause Young (Mixed) (G1 Evacuation Pause)
[349.682s][info][gc,task        ] GC(817) Using 2 workers of 2 for evacuation
[349.716s][info][gc,phases      ] GC(817)   Pre Evacuate Collection Set: 0.52ms
[349.716s][info][gc,phases      ] GC(817)   Merge Heap Roots: 0.28ms
[349.716s][info][gc,phases      ] GC(817)   Evacuate Collection Set: 32.94ms
[349.716s][info][gc,phases      ] GC(817)   Post Evacuate Collection Set: 0.52ms
[349.716s][info][gc,phases      ] GC(817)   Other: 0.13ms
[349.716s][info][gc,heap        ] GC(817) Eden regions: 323->0(295)
[349.716s][info][gc,heap        ] GC(817) Survivor regions: 8->27(42)
[349.716s][info][gc,heap        ] GC(817) Old regions: 580->570
[349.716s][info][gc,heap        ] GC(817) Humongous regions: 9->9
[349.716s][info][gc,metaspace   ] GC(817) Metaspace: 18834K(19008K)->18834K(19008K) NonClass: 16170K(16256K)->16170K(16256K) Class: 2664K(2752K)->2664K(2752K)
[349.716s][info][gc             ] GC(817) Pause Young (Mixed) (G1 Evacuation Pause) 919M->605M(978M) 34.622ms
[349.717s][info][gc,cpu         ] GC(817) User=0.06s Sys=0.00s Real=0.03s
[349.963s][info][gc,start       ] GC(818) Pause Young (Concurrent Start) (G1 Evacuation Pause)
[349.963s][info][gc,task        ] GC(818) Using 2 workers of 2 for evacuation
[350.029s][info][gc,phases      ] GC(818)   Pre Evacuate Collection Set: 0.30ms
[350.029s][info][gc,phases      ] GC(818)   Merge Heap Roots: 0.34ms
[350.029s][info][gc,phases      ] GC(818)   Evacuate Collection Set: 64.85ms
[350.029s][info][gc,phases      ] GC(818)   Post Evacuate Collection Set: 0.53ms
[350.029s][info][gc,phases      ] GC(818)   Other: 0.11ms
[350.029s][info][gc,heap        ] GC(818) Eden regions: 295->0(248)
[350.029s][info][gc,heap        ] GC(818) Survivor regions: 27->41(41)
[350.029s][info][gc,heap        ] GC(818) Old regions: 570->589
[350.030s][info][gc,heap        ] GC(818) Humongous regions: 9->9
[350.030s][info][gc,metaspace   ] GC(818) Metaspace: 18834K(19008K)->18834K(19008K) NonClass: 16170K(16256K)->16170K(16256K) Class: 2664K(2752K)->2664K(2752K)
[350.030s][info][gc             ] GC(818) Pause Young (Concurrent Start) (G1 Evacuation Pause) 900M->638M(978M) 66.395ms
[350.030s][info][gc,cpu         ] GC(818) User=0.13s Sys=0.00s Real=0.06s
[350.030s][info][gc             ] GC(819) Concurrent Mark Cycle
[350.031s][info][gc,marking     ] GC(819) Concurrent Scan Root Regions
[350.145s][info][gc,marking     ] GC(819) Concurrent Scan Root Regions 113.805ms
[350.145s][info][gc,marking     ] GC(819) Concurrent Mark
[350.145s][info][gc,marking     ] GC(819) Concurrent Mark From Roots
[350.145s][info][gc,task        ] GC(819) Using 1 workers of 1 for marking
[350.544s][info][gc,start       ] GC(820) Pause Young (Normal) (G1 Evacuation Pause)
[350.544s][info][gc,task        ] GC(820) Using 2 workers of 2 for evacuation
[350.628s][info][gc,phases      ] GC(820)   Pre Evacuate Collection Set: 0.54ms
[350.628s][info][gc,phases      ] GC(820)   Merge Heap Roots: 0.49ms
[350.628s][info][gc,phases      ] GC(820)   Evacuate Collection Set: 81.82ms
[350.628s][info][gc,phases      ] GC(820)   Post Evacuate Collection Set: 0.52ms
[350.628s][info][gc,phases      ] GC(820)   Other: 0.08ms
[350.628s][info][gc,heap        ] GC(820) Eden regions: 248->0(213)
[350.628s][info][gc,heap        ] GC(820) Survivor regions: 41->37(37)
[350.628s][info][gc,heap        ] GC(820) Old regions: 589->632
[350.628s][info][gc,heap        ] GC(820) Humongous regions: 9->9
[350.628s][info][gc,metaspace   ] GC(820) Metaspace: 18834K(19008K)->18834K(19008K) NonClass: 16170K(16256K)->16170K(16256K) Class: 2664K(2752K)->2664K(2752K)
[350.628s][info][gc             ] GC(820) Pause Young (Normal) (G1 Evacuation Pause) 886M->677M(978M) 83.716ms
[350.628s][info][gc,cpu         ] GC(820) User=0.17s Sys=0.00s Real=0.08s
[350.954s][info][gc,start       ] GC(821) Pause Young (Normal) (G1 Evacuation Pause)
[350.954s][info][gc,task        ] GC(821) Using 2 workers of 2 for evacuation
[351.011s][info][gc,phases      ] GC(821)   Pre Evacuate Collection Set: 0.33ms
[351.011s][info][gc,phases      ] GC(821)   Merge Heap Roots: 0.26ms
[351.011s][info][gc,phases      ] GC(821)   Evacuate Collection Set: 55.39ms
[351.011s][info][gc,phases      ] GC(821)   Post Evacuate Collection Set: 0.49ms
[351.011s][info][gc,phases      ] GC(821)   Other: 0.08ms
[351.011s][info][gc,heap        ] GC(821) Eden regions: 213->0(212)
[351.011s][info][gc,heap        ] GC(821) Survivor regions: 37->16(32)
[351.011s][info][gc,heap        ] GC(821) Old regions: 632->669
[351.011s][info][gc,heap        ] GC(821) Humongous regions: 9->9
[351.011s][info][gc,metaspace   ] GC(821) Metaspace: 18834K(19008K)->18834K(19008K) NonClass: 16170K(16256K)->16170K(16256K) Class: 2664K(2752K)->2664K(2752K)
[351.011s][info][gc             ] GC(821) Pause Young (Normal) (G1 Evacuation Pause) 890M->693M(978M) 56.797ms
[351.011s][info][gc,cpu         ] GC(821) User=0.11s Sys=0.00s Real=0.06s
[351.385s][info][gc,start       ] GC(822) Pause Young (Normal) (G1 Evacuation Pause)
[351.385s][info][gc,task        ] GC(822) Using 2 workers of 2 for evacuation
[351.414s][info][gc,phases      ] GC(822)   Pre Evacuate Collection Set: 0.29ms
[351.414s][info][gc,phases      ] GC(822)   Merge Heap Roots: 0.35ms
[351.414s][info][gc,phases      ] GC(822)   Evacuate Collection Set: 27.56ms
[351.414s][info][gc,phases      ] GC(822)   Post Evacuate Collection Set: 0.44ms
[351.414s][info][gc,phases      ] GC(822)   Other: 0.10ms
[351.414s][info][gc,heap        ] GC(822) Eden regions: 212->0(222)
[351.414s][info][gc,heap        ] GC(822) Survivor regions: 16->2(29)
[351.414s][info][gc,heap        ] GC(822) Old regions: 669->685
[351.414s][info][gc,heap        ] GC(822) Humongous regions: 9->9
[351.414s][info][gc,metaspace   ] GC(822) Metaspace: 18834K(19008K)->18834K(19008K) NonClass: 16170K(16256K)->16170K(16256K) Class: 2664K(2752K)->2664K(2752K)
[351.414s][info][gc             ] GC(822) Pause Young (Normal) (G1 Evacuation Pause) 905M->695M(978M) 29.026ms
[351.414s][info][gc,cpu         ] GC(822) User=0.06s Sys=0.00s Real=0.03s
[351.554s][info][gc,marking     ] GC(819) Concurrent Mark From Roots 1409.051ms
[351.554s][info][gc,marking     ] GC(819) Concurrent Preclean
[351.554s][info][gc,marking     ] GC(819) Concurrent Preclean 0.050ms
[351.555s][info][gc,start       ] GC(819) Pause Remark
[351.562s][info][gc             ] GC(819) Pause Remark 776M->694M(978M) 7.495ms
[351.562s][info][gc,cpu         ] GC(819) User=0.01s Sys=0.00s Real=0.01s
[351.562s][info][gc,marking     ] GC(819) Concurrent Mark 1416.915ms
[351.562s][info][gc,marking     ] GC(819) Concurrent Rebuild Remembered Sets and Scrub Regions
[351.792s][info][gc,start       ] GC(823) Pause Young (Normal) (G1 Evacuation Pause)
[351.792s][info][gc,task        ] GC(823) Using 2 workers of 2 for evacuation
[351.821s][info][gc,phases      ] GC(823)   Pre Evacuate Collection Set: 0.28ms
[351.821s][info][gc,phases      ] GC(823)   Merge Heap Roots: 0.52ms
[351.821s][info][gc,phases      ] GC(823)   Evacuate Collection Set: 27.28ms
[351.821s][info][gc,phases      ] GC(823)   Post Evacuate Collection Set: 0.66ms
[351.821s][info][gc,phases      ] GC(823)   Other: 0.09ms
[351.821s][info][gc,heap        ] GC(823) Eden regions: 222->0(275)
[351.821s][info][gc,heap        ] GC(823) Survivor regions: 2->18(28)
[351.821s][info][gc,heap        ] GC(823) Old regions: 605->605
[351.821s][info][gc,heap        ] GC(823) Humongous regions: 7->7
[351.821s][info][gc,metaspace   ] GC(823) Metaspace: 18834K(19008K)->18834K(19008K) NonClass: 16170K(16256K)->16170K(16256K) Class: 2664K(2752K)->2664K(2752K)
[351.821s][info][gc             ] GC(823) Pause Young (Normal) (G1 Evacuation Pause) 835M->629M(978M) 28.998ms
[351.821s][info][gc,cpu         ] GC(823) User=0.06s Sys=0.00s Real=0.03s
[352.098s][info][gc,start       ] GC(824) Pause Young (Normal) (G1 Evacuation Pause)
[352.098s][info][gc,task        ] GC(824) Using 2 workers of 2 for evacuation
[352.177s][info][gc,phases      ] GC(824)   Pre Evacuate Collection Set: 0.49ms
[352.177s][info][gc,phases      ] GC(824)   Merge Heap Roots: 0.29ms
[352.177s][info][gc,phases      ] GC(824)   Evacuate Collection Set: 75.40ms
[352.177s][info][gc,phases      ] GC(824)   Post Evacuate Collection Set: 3.21ms
[352.177s][info][gc,phases      ] GC(824)   Other: 0.08ms
[352.177s][info][gc,heap        ] GC(824) Eden regions: 275->0(158)
[352.177s][info][gc,heap        ] GC(824) Survivor regions: 18->37(37)
[352.177s][info][gc,heap        ] GC(824) Old regions: 605->689
[352.177s][info][gc,heap        ] GC(824) Humongous regions: 7->7
[352.177s][info][gc,metaspace   ] GC(824) Metaspace: 18834K(19008K)->18834K(19008K) NonClass: 16170K(16256K)->16170K(16256K) Class: 2664K(2752K)->2664K(2752K)
[352.177s][info][gc             ] GC(824) Pause Young (Normal) (G1 Evacuation Pause) (Evacuation Failure: Allocation) 904M->732M(978M) 79.715ms
[352.177s][info][gc,cpu         ] GC(824) User=0.15s Sys=0.00s Real=0.08s
[352.209s][info][gc,marking     ] GC(819) Concurrent Rebuild Remembered Sets and Scrub Regions 646.976ms
[352.209s][info][gc,start       ] GC(819) Pause Cleanup
[352.210s][info][gc             ] GC(819) Pause Cleanup 748M->748M(978M) 0.123ms
[352.210s][info][gc,cpu         ] GC(819) User=0.00s Sys=0.00s Real=0.00s
[352.210s][info][gc,marking     ] GC(819) Concurrent Clear Claimed Marks
[352.210s][info][gc,marking     ] GC(819) Concurrent Clear Claimed Marks 0.038ms
[352.210s][info][gc,marking     ] GC(819) Concurrent Cleanup for Next Mark
[352.215s][info][gc,marking     ] GC(819) Concurrent Cleanup for Next Mark 4.884ms
[352.215s][info][gc             ] GC(819) Concurrent Mark Cycle 2184.980ms
[352.360s][info][gc,start       ] GC(825) Pause Young (Prepare Mixed) (G1 Evacuation Pause)
[352.360s][info][gc,task        ] GC(825) Using 2 workers of 2 for evacuation
[352.429s][info][gc,phases      ] GC(825)   Pre Evacuate Collection Set: 0.33ms
[352.429s][info][gc,phases      ] GC(825)   Merge Heap Roots: 0.47ms
[352.429s][info][gc,phases      ] GC(825)   Evacuate Collection Set: 67.61ms
[352.429s][info][gc,phases      ] GC(825)   Post Evacuate Collection Set: 0.51ms
[352.429s][info][gc,phases      ] GC(825)   Other: 0.08ms
[352.429s][info][gc,heap        ] GC(825) Eden regions: 158->0(195)
[352.429s][info][gc,heap        ] GC(825) Survivor regions: 37->16(25)
[352.429s][info][gc,heap        ] GC(825) Old regions: 689->686
[352.429s][info][gc,heap        ] GC(825) Humongous regions: 7->7
[352.429s][info][gc,metaspace   ] GC(825) Metaspace: 18834K(19008K)->18834K(19008K) NonClass: 16170K(16256K)->16170K(16256K) Class: 2664K(2752K)->2664K(2752K)
[352.429s][info][gc             ] GC(825) Pause Young (Prepare Mixed) (G1 Evacuation Pause) 890M->708M(978M) 69.255ms
[352.429s][info][gc,cpu         ] GC(825) User=0.14s Sys=0.00s Real=0.07s
[352.688s][info][gc,start       ] GC(826) Pause Young (Mixed) (G1 Evacuation Pause)
[352.689s][info][gc,task        ] GC(826) Using 2 workers of 2 for evacuation
[352.724s][info][gc,phases      ] GC(826)   Pre Evacuate Collection Set: 0.54ms
[352.724s][info][gc,phases      ] GC(826)   Merge Heap Roots: 0.38ms
[352.724s][info][gc,phases      ] GC(826)   Evacuate Collection Set: 33.66ms
[352.724s][info][gc,phases      ] GC(826)   Post Evacuate Collection Set: 0.47ms
[352.724s][info][gc,phases      ] GC(826)   Other: 0.08ms
[352.724s][info][gc,heap        ] GC(826) Eden regions: 195->0(225)
[352.724s][info][gc,heap        ] GC(826) Survivor regions: 16->8(27)
[352.724s][info][gc,heap        ] GC(826) Old regions: 686->668
[352.724s][info][gc,heap        ] GC(826) Humongous regions: 7->7
[352.724s][info][gc,metaspace   ] GC(826) Metaspace: 18834K(19008K)->18834K(19008K) NonClass: 16170K(16256K)->16170K(16256K) Class: 2664K(2752K)->2664K(2752K)
[352.724s][info][gc             ] GC(826) Pause Young (Mixed) (G1 Evacuation Pause) 903M->681M(978M) 35.362ms
[352.724s][info][gc,cpu         ] GC(826) User=0.07s Sys=0.00s Real=0.04s
[352.975s][info][gc,start       ] GC(827) Pause Young (Concurrent Start) (G1 Evacuation Pause)
[352.975s][info][gc,task        ] GC(827) Using 2 workers of 2 for evacuation
[352.989s][info][gc,phases      ] GC(827)   Pre Evacuate Collection Set: 0.29ms
[352.989s][info][gc,phases      ] GC(827)   Merge Heap Roots: 0.19ms
[352.989s][info][gc,phases      ] GC(827)   Evacuate Collection Set: 13.02ms
[352.989s][info][gc,phases      ] GC(827)   Post Evacuate Collection Set: 0.48ms
[352.989s][info][gc,phases      ] GC(827)   Other: 0.12ms
[352.989s][info][gc,heap        ] GC(827) Eden regions: 225->0(231)
[352.989s][info][gc,heap        ] GC(827) Survivor regions: 8->11(30)
[352.989s][info][gc,heap        ] GC(827) Old regions: 668->668
[352.989s][info][gc,heap        ] GC(827) Humongous regions: 7->7
[352.989s][info][gc,metaspace   ] GC(827) Metaspace: 18834K(19008K)->18834K(19008K) NonClass: 16170K(16256K)->16170K(16256K) Class: 2664K(2752K)->2664K(2752K)
[352.989s][info][gc             ] GC(827) Pause Young (Concurrent Start) (G1 Evacuation Pause) 906M->684M(978M) 14.350ms
[352.989s][info][gc,cpu         ] GC(827) User=0.03s Sys=0.00s Real=0.01s
[352.989s][info][gc             ] GC(828) Concurrent Mark Cycle
[352.989s][info][gc,marking     ] GC(828) Concurrent Scan Root Regions
[353.011s][info][gc,marking     ] GC(828) Concurrent Scan Root Regions 21.833ms
[353.011s][info][gc,marking     ] GC(828) Concurrent Mark
[353.011s][info][gc,marking     ] GC(828) Concurrent Mark From Roots
[353.011s][info][gc,task        ] GC(828) Using 1 workers of 1 for marking
[353.370s][info][gc,start       ] GC(829) Pause Young (Normal) (G1 Evacuation Pause)
[353.370s][info][gc,task        ] GC(829) Using 2 workers of 2 for evacuation
[353.388s][info][gc,phases      ] GC(829)   Pre Evacuate Collection Set: 0.29ms
[353.388s][info][gc,phases      ] GC(829)   Merge Heap Roots: 0.22ms
[353.388s][info][gc,phases      ] GC(829)   Evacuate Collection Set: 16.67ms
[353.388s][info][gc,phases      ] GC(829)   Post Evacuate Collection Set: 0.46ms
[353.388s][info][gc,phases      ] GC(829)   Other: 0.09ms
[353.388s][info][gc,heap        ] GC(829) Eden regions: 231->0(227)
[353.388s][info][gc,heap        ] GC(829) Survivor regions: 11->13(31)
[353.388s][info][gc,heap        ] GC(829) Old regions: 668->668
[353.388s][info][gc,heap        ] GC(829) Humongous regions: 7->7
[353.388s][info][gc,metaspace   ] GC(829) Metaspace: 18834K(19008K)->18834K(19008K) NonClass: 16170K(16256K)->16170K(16256K) Class: 2664K(2752K)->2664K(2752K)
[353.388s][info][gc             ] GC(829) Pause Young (Normal) (G1 Evacuation Pause) 915M->687M(978M) 17.932ms
[353.388s][info][gc,cpu         ] GC(829) User=0.04s Sys=0.00s Real=0.02s
[354.194s][info][gc,start       ] GC(830) Pause Young (Normal) (G1 Evacuation Pause)
[354.195s][info][gc,task        ] GC(830) Using 2 workers of 2 for evacuation
[354.252s][info][gc,phases      ] GC(830)   Pre Evacuate Collection Set: 0.51ms
[354.252s][info][gc,phases      ] GC(830)   Merge Heap Roots: 0.42ms
[354.252s][info][gc,phases      ] GC(830)   Evacuate Collection Set: 55.91ms
[354.252s][info][gc,phases      ] GC(830)   Post Evacuate Collection Set: 0.58ms
[354.252s][info][gc,phases      ] GC(830)   Other: 0.10ms
[354.252s][info][gc,heap        ] GC(830) Eden regions: 227->0(182)
[354.252s][info][gc,heap        ] GC(830) Survivor regions: 13->30(30)
[354.252s][info][gc,heap        ] GC(830) Old regions: 668->676
[354.252s][info][gc,heap        ] GC(830) Humongous regions: 10->10
[354.252s][info][gc,metaspace   ] GC(830) Metaspace: 18838K(19008K)->18838K(19008K) NonClass: 16174K(16256K)->16174K(16256K) Class: 2664K(2752K)->2664K(2752K)
[354.252s][info][gc             ] GC(830) Pause Young (Normal) (G1 Evacuation Pause) 917M->715M(978M) 57.747ms
[354.252s][info][gc,cpu         ] GC(830) User=0.11s Sys=0.00s Real=0.06s
[354.596s][info][gc,start       ] GC(831) Pause Young (Normal) (G1 Evacuation Pause)
[354.596s][info][gc,task        ] GC(831) Using 2 workers of 2 for evacuation
[354.663s][info][gc,phases      ] GC(831)   Pre Evacuate Collection Set: 0.32ms
[354.663s][info][gc,phases      ] GC(831)   Merge Heap Roots: 0.66ms
[354.663s][info][gc,phases      ] GC(831)   Evacuate Collection Set: 65.00ms
[354.663s][info][gc,phases      ] GC(831)   Post Evacuate Collection Set: 0.45ms
[354.663s][info][gc,phases      ] GC(831)   Other: 0.10ms
[354.663s][info][gc,heap        ] GC(831) Eden regions: 182->0(165)
[354.663s][info][gc,heap        ] GC(831) Survivor regions: 30->23(27)
[354.663s][info][gc,heap        ] GC(831) Old regions: 676->707
[354.663s][info][gc,heap        ] GC(831) Humongous regions: 10->10
[354.663s][info][gc,metaspace   ] GC(831) Metaspace: 18838K(19008K)->18838K(19008K) NonClass: 16174K(16256K)->16174K(16256K) Class: 2664K(2752K)->2664K(2752K)
[354.663s][info][gc             ] GC(831) Pause Young (Normal) (G1 Evacuation Pause) 897M->738M(978M) 66.735ms
[354.663s][info][gc,cpu         ] GC(831) User=0.13s Sys=0.00s Real=0.07s
[355.016s][info][gc,start       ] GC(832) Pause Young (Normal) (G1 Evacuation Pause)
[355.016s][info][gc,task        ] GC(832) Using 2 workers of 2 for evacuation
[355.046s][info][gc,phases      ] GC(832)   Pre Evacuate Collection Set: 0.31ms
[355.046s][info][gc,phases      ] GC(832)   Merge Heap Roots: 0.24ms
[355.046s][info][gc,phases      ] GC(832)   Evacuate Collection Set: 28.48ms
[355.046s][info][gc,phases      ] GC(832)   Post Evacuate Collection Set: 0.39ms
[355.046s][info][gc,phases      ] GC(832)   Other: 0.09ms
[355.046s][info][gc,heap        ] GC(832) Eden regions: 165->0(182)
[355.046s][info][gc,heap        ] GC(832) Survivor regions: 23->3(24)
[355.046s][info][gc,heap        ] GC(832) Old regions: 707->730
[355.046s][info][gc,heap        ] GC(832) Humongous regions: 10->10
[355.046s][info][gc,metaspace   ] GC(832) Metaspace: 18838K(19008K)->18838K(19008K) NonClass: 16174K(16256K)->16174K(16256K) Class: 2664K(2752K)->2664K(2752K)
[355.046s][info][gc             ] GC(832) Pause Young (Normal) (G1 Evacuation Pause) 903M->742M(978M) 29.762ms
[355.046s][info][gc,cpu         ] GC(832) User=0.06s Sys=0.00s Real=0.03s
[355.128s][info][gc,marking     ] GC(828) Concurrent Mark From Roots 2117.377ms
[355.128s][info][gc,marking     ] GC(828) Concurrent Preclean
[355.128s][info][gc,marking     ] GC(828) Concurrent Preclean 0.058ms
[355.129s][info][gc,start       ] GC(828) Pause Remark
[355.136s][info][gc             ] GC(828) Pause Remark 775M->775M(978M) 7.438ms
[355.136s][info][gc,cpu         ] GC(828) User=0.02s Sys=0.00s Real=0.01s
[355.137s][info][gc,marking     ] GC(828) Concurrent Mark 2125.992ms
[355.137s][info][gc,marking     ] GC(828) Concurrent Rebuild Remembered Sets and Scrub Regions
[355.371s][info][gc,start       ] GC(833) Pause Young (Normal) (G1 Evacuation Pause)
[355.371s][info][gc,task        ] GC(833) Using 2 workers of 2 for evacuation
[355.385s][info][gc,phases      ] GC(833)   Pre Evacuate Collection Set: 0.29ms
[355.385s][info][gc,phases      ] GC(833)   Merge Heap Roots: 0.27ms
[355.385s][info][gc,phases      ] GC(833)   Evacuate Collection Set: 12.45ms
[355.385s][info][gc,phases      ] GC(833)   Post Evacuate Collection Set: 0.40ms
[355.385s][info][gc,phases      ] GC(833)   Other: 0.09ms
[355.385s][info][gc,heap        ] GC(833) Eden regions: 182->0(176)
[355.385s][info][gc,heap        ] GC(833) Survivor regions: 3->6(24)
[355.385s][info][gc,heap        ] GC(833) Old regions: 730->730
[355.385s][info][gc,heap        ] GC(833) Humongous regions: 10->10
[355.385s][info][gc,metaspace   ] GC(833) Metaspace: 18845K(19008K)->18845K(19008K) NonClass: 16181K(16256K)->16181K(16256K) Class: 2664K(2752K)->2664K(2752K)
[355.385s][info][gc             ] GC(833) Pause Young (Normal) (G1 Evacuation Pause) 924M->745M(978M) 13.710ms
[355.385s][info][gc,cpu         ] GC(833) User=0.03s Sys=0.00s Real=0.01s
[355.583s][info][gc,start       ] GC(834) Pause Young (Normal) (G1 Evacuation Pause)
[355.583s][info][gc,task        ] GC(834) Using 2 workers of 2 for evacuation
[355.593s][info][gc,phases      ] GC(834)   Pre Evacuate Collection Set: 0.45ms
[355.593s][info][gc,phases      ] GC(834)   Merge Heap Roots: 0.19ms
[355.593s][info][gc,phases      ] GC(834)   Evacuate Collection Set: 8.34ms
[355.593s][info][gc,phases      ] GC(834)   Post Evacuate Collection Set: 0.37ms
[355.593s][info][gc,phases      ] GC(834)   Other: 0.09ms
[355.593s][info][gc,heap        ] GC(834) Eden regions: 176->0(176)
[355.593s][info][gc,heap        ] GC(834) Survivor regions: 6->6(23)
[355.593s][info][gc,heap        ] GC(834) Old regions: 730->730
[355.593s][info][gc,heap        ] GC(834) Humongous regions: 10->10
[355.593s][info][gc,metaspace   ] GC(834) Metaspace: 18845K(19008K)->18845K(19008K) NonClass: 16181K(16256K)->16181K(16256K) Class: 2664K(2752K)->2664K(2752K)
[355.593s][info][gc             ] GC(834) Pause Young (Normal) (G1 Evacuation Pause) 921M->744M(978M) 9.637ms
[355.593s][info][gc,cpu         ] GC(834) User=0.02s Sys=0.00s Real=0.01s
[355.802s][info][gc,marking     ] GC(828) Concurrent Rebuild Remembered Sets and Scrub Regions 664.986ms
[355.802s][info][gc,start       ] GC(828) Pause Cleanup
[355.802s][info][gc             ] GC(828) Pause Cleanup 823M->823M(978M) 0.119ms
[355.802s][info][gc,cpu         ] GC(828) User=0.00s Sys=0.00s Real=0.00s
[355.802s][info][gc,marking     ] GC(828) Concurrent Clear Claimed Marks
[355.802s][info][gc,marking     ] GC(828) Concurrent Clear Claimed Marks 0.059ms
[355.802s][info][gc,marking     ] GC(828) Concurrent Cleanup for Next Mark
[355.807s][info][gc,marking     ] GC(828) Concurrent Cleanup for Next Mark 4.895ms
[355.807s][info][gc             ] GC(828) Concurrent Mark Cycle 2818.408ms
[355.935s][info][gc,start       ] GC(835) Pause Young (Prepare Mixed) (G1 Evacuation Pause)
[355.936s][info][gc,task        ] GC(835) Using 2 workers of 2 for evacuation
[355.953s][info][gc,phases      ] GC(835)   Pre Evacuate Collection Set: 0.50ms
[355.953s][info][gc,phases      ] GC(835)   Merge Heap Roots: 0.19ms
[355.953s][info][gc,phases      ] GC(835)   Evacuate Collection Set: 16.51ms
[355.953s][info][gc,phases      ] GC(835)   Post Evacuate Collection Set: 0.43ms
[355.953s][info][gc,phases      ] GC(835)   Other: 0.09ms
[355.953s][info][gc,heap        ] GC(835) Eden regions: 176->0(162)
[355.953s][info][gc,heap        ] GC(835) Survivor regions: 6->13(23)
[355.953s][info][gc,heap        ] GC(835) Old regions: 730->730
[355.953s][info][gc,heap        ] GC(835) Humongous regions: 10->10
[355.953s][info][gc,metaspace   ] GC(835) Metaspace: 18846K(19008K)->18846K(19008K) NonClass: 16182K(16256K)->16182K(16256K) Class: 2664K(2752K)->2664K(2752K)
[355.953s][info][gc             ] GC(835) Pause Young (Prepare Mixed) (G1 Evacuation Pause) 920M->752M(978M) 17.971ms
[355.953s][info][gc,cpu         ] GC(835) User=0.04s Sys=0.00s Real=0.02s
[356.394s][info][gc,start       ] GC(836) Pause Young (Mixed) (G1 Evacuation Pause)
[356.394s][info][gc,task        ] GC(836) Using 2 workers of 2 for evacuation
[356.423s][info][gc,phases      ] GC(836)   Pre Evacuate Collection Set: 0.32ms
[356.423s][info][gc,phases      ] GC(836)   Merge Heap Roots: 0.39ms
[356.423s][info][gc,phases      ] GC(836)   Evacuate Collection Set: 28.21ms
[356.423s][info][gc,phases      ] GC(836)   Post Evacuate Collection Set: 0.48ms
[356.423s][info][gc,phases      ] GC(836)   Other: 0.08ms
[356.423s][info][gc,heap        ] GC(836) Eden regions: 162->0(174)
[356.423s][info][gc,heap        ] GC(836) Survivor regions: 13->11(22)
[356.423s][info][gc,heap        ] GC(836) Old regions: 730->722
[356.423s][info][gc,heap        ] GC(836) Humongous regions: 10->10
[356.423s][info][gc,metaspace   ] GC(836) Metaspace: 18846K(19008K)->18846K(19008K) NonClass: 16182K(16256K)->16182K(16256K) Class: 2664K(2752K)->2664K(2752K)
[356.423s][info][gc             ] GC(836) Pause Young (Mixed) (G1 Evacuation Pause) 914M->742M(978M) 29.718ms
[356.423s][info][gc,cpu         ] GC(836) User=0.05s Sys=0.00s Real=0.03s
[356.646s][info][gc,start       ] GC(837) Pause Young (Concurrent Start) (G1 Evacuation Pause)
[356.646s][info][gc,task        ] GC(837) Using 2 workers of 2 for evacuation
[356.680s][info][gc,phases      ] GC(837)   Pre Evacuate Collection Set: 0.31ms
[356.680s][info][gc,phases      ] GC(837)   Merge Heap Roots: 0.20ms
[356.680s][info][gc,phases      ] GC(837)   Evacuate Collection Set: 33.77ms
[356.680s][info][gc,phases      ] GC(837)   Post Evacuate Collection Set: 0.46ms
[356.680s][info][gc,phases      ] GC(837)   Other: 0.10ms
[356.681s][info][gc,heap        ] GC(837) Eden regions: 174->0(140)
[356.681s][info][gc,heap        ] GC(837) Survivor regions: 11->24(24)
[356.681s][info][gc,heap        ] GC(837) Old regions: 722->730
[356.681s][info][gc,heap        ] GC(837) Humongous regions: 10->10
[356.681s][info][gc,metaspace   ] GC(837) Metaspace: 18846K(19008K)->18846K(19008K) NonClass: 16182K(16256K)->16182K(16256K) Class: 2664K(2752K)->2664K(2752K)
[356.681s][info][gc             ] GC(837) Pause Young (Concurrent Start) (G1 Evacuation Pause) 916M->763M(978M) 35.051ms
[356.681s][info][gc,cpu         ] GC(837) User=0.07s Sys=0.00s Real=0.04s
[356.681s][info][gc             ] GC(838) Concurrent Mark Cycle
[356.681s][info][gc,marking     ] GC(838) Concurrent Scan Root Regions
[356.743s][info][gc,marking     ] GC(838) Concurrent Scan Root Regions 62.245ms
[356.743s][info][gc,marking     ] GC(838) Concurrent Mark
[356.743s][info][gc,marking     ] GC(838) Concurrent Mark From Roots
[356.743s][info][gc,task        ] GC(838) Using 1 workers of 1 for marking
[357.552s][info][gc,start       ] GC(839) Pause Young (Normal) (G1 Evacuation Pause)
[357.552s][info][gc,task        ] GC(839) Using 2 workers of 2 for evacuation
[357.577s][info][gc,phases      ] GC(839)   Pre Evacuate Collection Set: 0.28ms
[357.578s][info][gc,phases      ] GC(839)   Merge Heap Roots: 0.17ms
[357.578s][info][gc,phases      ] GC(839)   Evacuate Collection Set: 25.00ms
[357.578s][info][gc,phases      ] GC(839)   Post Evacuate Collection Set: 0.37ms
[357.578s][info][gc,phases      ] GC(839)   Other: 0.08ms
[357.578s][info][gc,heap        ] GC(839) Eden regions: 140->0(162)
[357.578s][info][gc,heap        ] GC(839) Survivor regions: 24->1(21)
[357.578s][info][gc,heap        ] GC(839) Old regions: 730->754
[357.578s][info][gc,heap        ] GC(839) Humongous regions: 10->10
[357.578s][info][gc,metaspace   ] GC(839) Metaspace: 18846K(19008K)->18846K(19008K) NonClass: 16182K(16256K)->16182K(16256K) Class: 2664K(2752K)->2664K(2752K)
[357.578s][info][gc             ] GC(839) Pause Young (Normal) (G1 Evacuation Pause) 903M->764M(978M) 26.115ms
[357.578s][info][gc,cpu         ] GC(839) User=0.06s Sys=0.00s Real=0.02s
[358.384s][info][gc,marking     ] GC(838) Concurrent Mark From Roots 1641.521ms
[358.385s][info][gc,marking     ] GC(838) Concurrent Preclean
[358.385s][info][gc,marking     ] GC(838) Concurrent Preclean 0.054ms
[358.385s][info][gc,start       ] GC(838) Pause Remark
[358.392s][info][gc             ] GC(838) Pause Remark 887M->770M(978M) 7.671ms
[358.392s][info][gc,cpu         ] GC(838) User=0.02s Sys=0.00s Real=0.01s
[358.392s][info][gc,marking     ] GC(838) Concurrent Mark 1649.544ms
[358.393s][info][gc,marking     ] GC(838) Concurrent Rebuild Remembered Sets and Scrub Regions
[358.795s][info][gc,start       ] GC(840) Pause Young (Normal) (G1 Evacuation Pause)
[358.795s][info][gc,task        ] GC(840) Using 2 workers of 2 for evacuation
[358.797s][info][gc,phases      ] GC(840)   Pre Evacuate Collection Set: 0.50ms
[358.798s][info][gc,phases      ] GC(840)   Merge Heap Roots: 0.13ms
[358.798s][info][gc,phases      ] GC(840)   Evacuate Collection Set: 1.74ms
[358.798s][info][gc,phases      ] GC(840)   Post Evacuate Collection Set: 0.37ms
[358.798s][info][gc,phases      ] GC(840)   Other: 0.10ms
[358.798s][info][gc,heap        ] GC(840) Eden regions: 162->0(279)
[358.798s][info][gc,heap        ] GC(840) Survivor regions: 1->1(21)
[358.798s][info][gc,heap        ] GC(840) Old regions: 640->640
[358.798s][info][gc,heap        ] GC(840) Humongous regions: 7->7
[358.798s][info][gc,metaspace   ] GC(840) Metaspace: 18847K(19008K)->18847K(19008K) NonClass: 16183K(16256K)->16183K(16256K) Class: 2664K(2752K)->2664K(2752K)
[358.798s][info][gc             ] GC(840) Pause Young (Normal) (G1 Evacuation Pause) 809M->647M(978M) 3.066ms
[358.798s][info][gc,cpu         ] GC(840) User=0.00s Sys=0.00s Real=0.00s
[358.958s][info][gc,marking     ] GC(838) Concurrent Rebuild Remembered Sets and Scrub Regions 565.180ms
[358.958s][info][gc,start       ] GC(838) Pause Cleanup
[358.958s][info][gc             ] GC(838) Pause Cleanup 680M->680M(978M) 0.115ms
[358.958s][info][gc,cpu         ] GC(838) User=0.00s Sys=0.00s Real=0.00s
[358.958s][info][gc,marking     ] GC(838) Concurrent Clear Claimed Marks
[358.958s][info][gc,marking     ] GC(838) Concurrent Clear Claimed Marks 0.030ms
[358.958s][info][gc,marking     ] GC(838) Concurrent Cleanup for Next Mark
[358.961s][info][gc,marking     ] GC(838) Concurrent Cleanup for Next Mark 2.852ms
[358.961s][info][gc             ] GC(838) Concurrent Mark Cycle 2280.339ms
[360.101s][info][gc,start       ] GC(841) Pause Young (Prepare Mixed) (G1 Evacuation Pause)
[360.101s][info][gc,task        ] GC(841) Using 2 workers of 2 for evacuation
[360.106s][info][gc,phases      ] GC(841)   Pre Evacuate Collection Set: 0.54ms
[360.106s][info][gc,phases      ] GC(841)   Merge Heap Roots: 0.15ms
[360.106s][info][gc,phases      ] GC(841)   Evacuate Collection Set: 3.57ms
[360.106s][info][gc,phases      ] GC(841)   Post Evacuate Collection Set: 0.48ms
[360.106s][info][gc,phases      ] GC(841)   Other: 0.08ms
[360.106s][info][gc,heap        ] GC(841) Eden regions: 279->0(275)
[360.106s][info][gc,heap        ] GC(841) Survivor regions: 1->3(35)
[360.106s][info][gc,heap        ] GC(841) Old regions: 640->640
[360.106s][info][gc,heap        ] GC(841) Humongous regions: 7->7
[360.106s][info][gc,metaspace   ] GC(841) Metaspace: 18855K(19008K)->18855K(19008K) NonClass: 16190K(16256K)->16190K(16256K) Class: 2664K(2752K)->2664K(2752K)
[360.106s][info][gc             ] GC(841) Pause Young (Prepare Mixed) (G1 Evacuation Pause) 926M->649M(978M) 5.060ms
[360.106s][info][gc,cpu         ] GC(841) User=0.01s Sys=0.00s Real=0.00s
[360.745s][info][gc,start       ] GC(842) Pause Young (Mixed) (G1 Evacuation Pause)
[360.745s][info][gc,task        ] GC(842) Using 2 workers of 2 for evacuation
[360.761s][info][gc,phases      ] GC(842)   Pre Evacuate Collection Set: 0.36ms
[360.761s][info][gc,phases      ] GC(842)   Merge Heap Roots: 0.29ms
[360.761s][info][gc,phases      ] GC(842)   Evacuate Collection Set: 14.73ms
[360.761s][info][gc,phases      ] GC(842)   Post Evacuate Collection Set: 0.51ms
[360.761s][info][gc,phases      ] GC(842)   Other: 0.08ms
[360.761s][info][gc,heap        ] GC(842) Eden regions: 275->0(312)
[360.761s][info][gc,heap        ] GC(842) Survivor regions: 3->4(35)
[360.761s][info][gc,heap        ] GC(842) Old regions: 640->601
[360.761s][info][gc,heap        ] GC(842) Humongous regions: 7->7
[360.761s][info][gc,metaspace   ] GC(842) Metaspace: 18855K(19008K)->18855K(19008K) NonClass: 16191K(16256K)->16191K(16256K) Class: 2664K(2752K)->2664K(2752K)
[360.761s][info][gc             ] GC(842) Pause Young (Mixed) (G1 Evacuation Pause) 924M->611M(978M) 16.145ms
[360.761s][info][gc,cpu         ] GC(842) User=0.03s Sys=0.00s Real=0.02s
[361.021s][info][gc,start       ] GC(843) Pause Young (Concurrent Start) (G1 Evacuation Pause)
[361.021s][info][gc,task        ] GC(843) Using 2 workers of 2 for evacuation
[361.160s][info][gc,phases      ] GC(843)   Pre Evacuate Collection Set: 0.35ms
[361.160s][info][gc,phases      ] GC(843)   Merge Heap Roots: 0.12ms
[361.160s][info][gc,phases      ] GC(843)   Evacuate Collection Set: 113.81ms
[361.160s][info][gc,phases      ] GC(843)   Post Evacuate Collection Set: 24.72ms
[361.160s][info][gc,phases      ] GC(843)   Other: 0.21ms
[361.160s][info][gc,heap        ] GC(843) Eden regions: 312->0(0)
[361.160s][info][gc,heap        ] GC(843) Survivor regions: 4->40(40)
[361.160s][info][gc,heap        ] GC(843) Old regions: 601->916
[361.160s][info][gc,heap        ] GC(843) Humongous regions: 7->7
[361.160s][info][gc,metaspace   ] GC(843) Metaspace: 18862K(19008K)->18862K(19008K) NonClass: 16198K(16256K)->16198K(16256K) Class: 2664K(2752K)->2664K(2752K)
[361.160s][info][gc             ] GC(843) Pause Young (Concurrent Start) (G1 Evacuation Pause) (Evacuation Failure: Allocation) 923M->962M(978M) 139.437ms
[361.160s][info][gc,cpu         ] GC(843) User=0.28s Sys=0.00s Real=0.13s
[361.160s][info][gc,ergo        ] Attempting full compaction
[361.160s][info][gc             ] GC(844) Concurrent Mark Cycle
[361.160s][info][gc,start       ] GC(845) Pause Full (G1 Compaction Pause)
[361.160s][info][gc,marking     ] GC(844) Concurrent Scan Root Regions
[361.160s][info][gc,task        ] GC(845) Using 2 workers of 2 for full compaction
[361.162s][info][gc,marking     ] GC(844) Concurrent Scan Root Regions 1.439ms
[361.162s][info][gc,marking     ] GC(844) Concurrent Mark
[361.162s][info][gc,marking     ] GC(844) Concurrent Mark From Roots
[361.162s][info][gc,task        ] GC(844) Using 1 workers of 1 for marking
[361.163s][info][gc,phases,start] GC(845) Phase 1: Mark live objects
[361.252s][info][gc,phases      ] GC(845) Phase 1: Mark live objects 88.973ms
[361.252s][info][gc,phases,start] GC(845) Phase 2: Prepare compaction
[361.272s][info][gc,phases      ] GC(845) Phase 2: Prepare compaction 19.585ms
[361.272s][info][gc,phases,start] GC(845) Phase 3: Adjust pointers
[361.319s][info][gc,phases      ] GC(845) Phase 3: Adjust pointers 47.201ms
[361.319s][info][gc,phases,start] GC(845) Phase 4: Compact heap
[361.343s][info][gc,phases      ] GC(845) Phase 4: Compact heap 24.078ms
[361.343s][info][gc,phases,start] GC(845) Phase 5: Reset Metadata
[361.354s][info][gc,phases      ] GC(845) Phase 5: Reset Metadata 10.605ms
[361.361s][info][gc,heap        ] GC(845) Eden regions: 0->0(246)
[361.361s][info][gc,heap        ] GC(845) Survivor regions: 40->0(40)
[361.361s][info][gc,heap        ] GC(845) Old regions: 916->126
[361.361s][info][gc,heap        ] GC(845) Humongous regions: 7->0
[361.361s][info][gc,metaspace   ] GC(845) Metaspace: 18862K(19008K)->18862K(19008K) NonClass: 16198K(16256K)->16198K(16256K) Class: 2664K(2752K)->2664K(2752K)
[361.361s][info][gc             ] GC(845) Pause Full (G1 Compaction Pause) 962M->125M(420M) 200.972ms
[361.361s][info][gc,cpu         ] GC(845) User=0.39s Sys=0.00s Real=0.21s
[361.361s][info][gc,marking     ] GC(844) Concurrent Mark From Roots 199.603ms
[361.361s][info][gc,marking     ] GC(844) Concurrent Mark Abort
[361.361s][info][gc             ] GC(844) Concurrent Mark Cycle 201.207ms
[361.584s][info][gc,start       ] GC(846) Pause Young (Concurrent Start) (G1 Humongous Allocation)
[361.585s][info][gc,task        ] GC(846) Using 2 workers of 2 for evacuation
[361.634s][info][gc,phases      ] GC(846)   Pre Evacuate Collection Set: 0.23ms
[361.634s][info][gc,phases      ] GC(846)   Merge Heap Roots: 0.18ms
[361.634s][info][gc,phases      ] GC(846)   Evacuate Collection Set: 48.17ms
[361.634s][info][gc,phases      ] GC(846)   Post Evacuate Collection Set: 0.55ms
[361.634s][info][gc,phases      ] GC(846)   Other: 0.15ms
[361.634s][info][gc,heap        ] GC(846) Eden regions: 125->0(170)
[361.634s][info][gc,heap        ] GC(846) Survivor regions: 0->31(31)
[361.634s][info][gc,heap        ] GC(846) Old regions: 126->140
[361.634s][info][gc,heap        ] GC(846) Humongous regions: 0->0
[361.634s][info][gc,metaspace   ] GC(846) Metaspace: 18862K(19008K)->18862K(19008K) NonClass: 16198K(16256K)->16198K(16256K) Class: 2664K(2752K)->2664K(2752K)
[361.634s][info][gc             ] GC(846) Pause Young (Concurrent Start) (G1 Humongous Allocation) 249M->170M(420M) 49.496ms
[361.634s][info][gc,cpu         ] GC(846) User=0.10s Sys=0.00s Real=0.05s
[361.634s][info][gc             ] GC(847) Concurrent Mark Cycle
[361.634s][info][gc,marking     ] GC(847) Concurrent Scan Root Regions
[361.684s][info][gc,marking     ] GC(847) Concurrent Scan Root Regions 49.755ms
[361.684s][info][gc,marking     ] GC(847) Concurrent Mark
[361.684s][info][gc,marking     ] GC(847) Concurrent Mark From Roots
[361.684s][info][gc,task        ] GC(847) Using 1 workers of 1 for marking
[361.916s][info][gc,start       ] GC(848) Pause Young (Normal) (G1 Evacuation Pause)
[361.916s][info][gc,task        ] GC(848) Using 2 workers of 2 for evacuation
[362.006s][info][gc,phases      ] GC(848)   Pre Evacuate Collection Set: 0.21ms
[362.006s][info][gc,phases      ] GC(848)   Merge Heap Roots: 0.62ms
[362.006s][info][gc,phases      ] GC(848)   Evacuate Collection Set: 87.61ms
[362.006s][info][gc,phases      ] GC(848)   Post Evacuate Collection Set: 0.77ms
[362.006s][info][gc,phases      ] GC(848)   Other: 0.09ms
[362.006s][info][gc,heap        ] GC(848) Eden regions: 170->0(166)
[362.006s][info][gc,heap        ] GC(848) Survivor regions: 31->13(26)
[362.006s][info][gc,heap        ] GC(848) Old regions: 140->171
[362.006s][info][gc,heap        ] GC(848) Humongous regions: 1->1
[362.006s][info][gc,metaspace   ] GC(848) Metaspace: 18874K(19008K)->18874K(19008K) NonClass: 16210K(16256K)->16210K(16256K) Class: 2664K(2752K)->2664K(2752K)
[362.006s][info][gc             ] GC(848) Pause Young (Normal) (G1 Evacuation Pause) 341M->184M(420M) 89.549ms
[362.006s][info][gc,cpu         ] GC(848) User=0.13s Sys=0.00s Real=0.09s
[362.211s][info][gc,marking     ] GC(847) Concurrent Mark From Roots 526.750ms
[362.211s][info][gc,marking     ] GC(847) Concurrent Preclean
[362.211s][info][gc,marking     ] GC(847) Concurrent Preclean 0.040ms
[362.211s][info][gc,start       ] GC(847) Pause Remark
[362.218s][info][gc             ] GC(847) Pause Remark 282M->282M(420M) 7.575ms
[362.219s][info][gc,cpu         ] GC(847) User=0.02s Sys=0.00s Real=0.00s
[362.219s][info][gc,marking     ] GC(847) Concurrent Mark 535.134ms
[362.219s][info][gc,marking     ] GC(847) Concurrent Rebuild Remembered Sets and Scrub Regions
[362.324s][info][gc,start       ] GC(849) Pause Young (Normal) (G1 Evacuation Pause)
[362.324s][info][gc,task        ] GC(849) Using 2 workers of 2 for evacuation
[362.403s][info][gc,phases      ] GC(849)   Pre Evacuate Collection Set: 0.21ms
[362.403s][info][gc,phases      ] GC(849)   Merge Heap Roots: 0.80ms
[362.403s][info][gc,phases      ] GC(849)   Evacuate Collection Set: 77.66ms
[362.403s][info][gc,phases      ] GC(849)   Post Evacuate Collection Set: 0.41ms
[362.403s][info][gc,phases      ] GC(849)   Other: 0.08ms
[362.403s][info][gc,heap        ] GC(849) Eden regions: 166->0(136)
[362.403s][info][gc,heap        ] GC(849) Survivor regions: 13->23(23)
[362.404s][info][gc,heap        ] GC(849) Old regions: 171->192
[362.404s][info][gc,heap        ] GC(849) Humongous regions: 4->4
[362.404s][info][gc,metaspace   ] GC(849) Metaspace: 18876K(19008K)->18876K(19008K) NonClass: 16212K(16256K)->16212K(16256K) Class: 2664K(2752K)->2664K(2752K)
[362.404s][info][gc             ] GC(849) Pause Young (Normal) (G1 Evacuation Pause) 353M->217M(420M) 79.409ms
[362.404s][info][gc,cpu         ] GC(849) User=0.15s Sys=0.01s Real=0.08s
[362.454s][info][gc,marking     ] GC(847) Concurrent Rebuild Remembered Sets and Scrub Regions 235.435ms
[362.455s][info][gc,start       ] GC(847) Pause Cleanup
[362.455s][info][gc             ] GC(847) Pause Cleanup 238M->238M(420M) 0.056ms
[362.455s][info][gc,cpu         ] GC(847) User=0.00s Sys=0.00s Real=0.00s
[362.455s][info][gc,marking     ] GC(847) Concurrent Clear Claimed Marks
[362.455s][info][gc,marking     ] GC(847) Concurrent Clear Claimed Marks 0.030ms
[362.455s][info][gc,marking     ] GC(847) Concurrent Cleanup for Next Mark
[362.456s][info][gc,marking     ] GC(847) Concurrent Cleanup for Next Mark 1.227ms
[362.456s][info][gc             ] GC(847) Concurrent Mark Cycle 822.023ms
[362.570s][info][gc,start       ] GC(850) Pause Young (Prepare Mixed) (G1 Evacuation Pause)
[362.570s][info][gc,task        ] GC(850) Using 2 workers of 2 for evacuation
[362.612s][info][gc,phases      ] GC(850)   Pre Evacuate Collection Set: 0.28ms
[362.612s][info][gc,phases      ] GC(850)   Merge Heap Roots: 0.15ms
[362.612s][info][gc,phases      ] GC(850)   Evacuate Collection Set: 41.76ms
[362.612s][info][gc,phases      ] GC(850)   Post Evacuate Collection Set: 0.42ms
[362.612s][info][gc,phases      ] GC(850)   Other: 0.09ms
[362.612s][info][gc,heap        ] GC(850) Eden regions: 136->0(134)
[362.612s][info][gc,heap        ] GC(850) Survivor regions: 23->10(20)
[362.612s][info][gc,heap        ] GC(850) Old regions: 192->215
[362.612s][info][gc,heap        ] GC(850) Humongous regions: 4->4
[362.613s][info][gc,metaspace   ] GC(850) Metaspace: 18876K(19008K)->18876K(19008K) NonClass: 16212K(16256K)->16212K(16256K) Class: 2664K(2752K)->2664K(2752K)
[362.613s][info][gc             ] GC(850) Pause Young (Prepare Mixed) (G1 Evacuation Pause) 353M->228M(420M) 42.982ms
[362.613s][info][gc,cpu         ] GC(850) User=0.08s Sys=0.00s Real=0.05s
[362.746s][info][gc,start       ] GC(851) Pause Young (Mixed) (G1 Evacuation Pause)
[362.747s][info][gc,task        ] GC(851) Using 2 workers of 2 for evacuation
[362.762s][info][gc,phases      ] GC(851)   Pre Evacuate Collection Set: 0.29ms
[362.762s][info][gc,phases      ] GC(851)   Merge Heap Roots: 0.17ms
[362.762s][info][gc,phases      ] GC(851)   Evacuate Collection Set: 14.35ms
[362.762s][info][gc,phases      ] GC(851)   Post Evacuate Collection Set: 0.35ms
[362.762s][info][gc,phases      ] GC(851)   Other: 0.11ms
[362.762s][info][gc,heap        ] GC(851) Eden regions: 134->0(141)
[362.762s][info][gc,heap        ] GC(851) Survivor regions: 10->1(18)
[362.762s][info][gc,heap        ] GC(851) Old regions: 215->225
[362.762s][info][gc,heap        ] GC(851) Humongous regions: 4->4
[362.762s][info][gc,metaspace   ] GC(851) Metaspace: 18876K(19008K)->18876K(19008K) NonClass: 16212K(16256K)->16212K(16256K) Class: 2664K(2752K)->2664K(2752K)
[362.762s][info][gc             ] GC(851) Pause Young (Mixed) (G1 Evacuation Pause) 362M->229M(420M) 15.516ms
[362.762s][info][gc,cpu         ] GC(851) User=0.03s Sys=0.00s Real=0.02s
[362.875s][info][gc,start       ] GC(852) Pause Young (Concurrent Start) (G1 Evacuation Pause)
[362.875s][info][gc,task        ] GC(852) Using 2 workers of 2 for evacuation
[362.903s][info][gc,phases      ] GC(852)   Pre Evacuate Collection Set: 0.22ms
[362.903s][info][gc,phases      ] GC(852)   Merge Heap Roots: 0.16ms
[362.903s][info][gc,phases      ] GC(852)   Evacuate Collection Set: 25.97ms
[362.903s][info][gc,phases      ] GC(852)   Post Evacuate Collection Set: 1.43ms
[362.903s][info][gc,phases      ] GC(852)   Other: 0.11ms
[362.903s][info][gc,heap        ] GC(852) Eden regions: 141->0(230)
[362.903s][info][gc,heap        ] GC(852) Survivor regions: 1->18(18)
[362.903s][info][gc,heap        ] GC(852) Old regions: 225->229
[362.903s][info][gc,heap        ] GC(852) Humongous regions: 4->4
[362.903s][info][gc,metaspace   ] GC(852) Metaspace: 18876K(19008K)->18876K(19008K) NonClass: 16212K(16256K)->16212K(16256K) Class: 2664K(2752K)->2664K(2752K)
[362.903s][info][gc             ] GC(852) Pause Young (Concurrent Start) (G1 Evacuation Pause) 370M->250M(561M) 28.081ms
[362.903s][info][gc             ] GC(853) Concurrent Mark Cycle
[362.903s][info][gc,marking     ] GC(853) Concurrent Scan Root Regions
[362.905s][info][gc,cpu         ] GC(852) User=0.06s Sys=0.00s Real=0.03s
[362.942s][info][gc,marking     ] GC(853) Concurrent Scan Root Regions 38.584ms
[362.942s][info][gc,marking     ] GC(853) Concurrent Mark
[362.942s][info][gc,marking     ] GC(853) Concurrent Mark From Roots
[362.942s][info][gc,task        ] GC(853) Using 1 workers of 1 for marking
[363.317s][info][gc,start       ] GC(854) Pause Young (Normal) (G1 Evacuation Pause)
[363.317s][info][gc,task        ] GC(854) Using 2 workers of 2 for evacuation
[363.385s][info][gc,phases      ] GC(854)   Pre Evacuate Collection Set: 0.25ms
[363.385s][info][gc,phases      ] GC(854)   Merge Heap Roots: 0.18ms
[363.385s][info][gc,phases      ] GC(854)   Evacuate Collection Set: 66.89ms
[363.385s][info][gc,phases      ] GC(854)   Post Evacuate Collection Set: 0.48ms
[363.385s][info][gc,phases      ] GC(854)   Other: 0.08ms
[363.385s][info][gc,heap        ] GC(854) Eden regions: 230->0(185)
[363.385s][info][gc,heap        ] GC(854) Survivor regions: 18->31(31)
[363.385s][info][gc,heap        ] GC(854) Old regions: 229->260
[363.385s][info][gc,heap        ] GC(854) Humongous regions: 5->5
[363.385s][info][gc,metaspace   ] GC(854) Metaspace: 18876K(19008K)->18876K(19008K) NonClass: 16212K(16256K)->16212K(16256K) Class: 2664K(2752K)->2664K(2752K)
[363.385s][info][gc             ] GC(854) Pause Young (Normal) (G1 Evacuation Pause) 481M->295M(561M) 68.127ms
[363.385s][info][gc,cpu         ] GC(854) User=0.14s Sys=0.00s Real=0.07s
[363.621s][info][gc,start       ] GC(855) Pause Young (Normal) (G1 Evacuation Pause)
[363.621s][info][gc,task        ] GC(855) Using 2 workers of 2 for evacuation
[363.664s][info][gc,phases      ] GC(855)   Pre Evacuate Collection Set: 0.36ms
[363.664s][info][gc,phases      ] GC(855)   Merge Heap Roots: 0.22ms
[363.664s][info][gc,phases      ] GC(855)   Evacuate Collection Set: 41.98ms
[363.664s][info][gc,phases      ] GC(855)   Post Evacuate Collection Set: 0.40ms
[363.664s][info][gc,phases      ] GC(855)   Other: 0.09ms
[363.664s][info][gc,heap        ] GC(855) Eden regions: 185->0(185)
[363.664s][info][gc,heap        ] GC(855) Survivor regions: 31->10(27)
[363.664s][info][gc,heap        ] GC(855) Old regions: 260->292
[363.664s][info][gc,heap        ] GC(855) Humongous regions: 5->5
[363.664s][info][gc,metaspace   ] GC(855) Metaspace: 18876K(19008K)->18876K(19008K) NonClass: 16212K(16256K)->16212K(16256K) Class: 2664K(2752K)->2664K(2752K)
[363.664s][info][gc             ] GC(855) Pause Young (Normal) (G1 Evacuation Pause) 480M->305M(561M) 43.279ms
[363.664s][info][gc,cpu         ] GC(855) User=0.08s Sys=0.00s Real=0.04s
[363.720s][info][gc,marking     ] GC(853) Concurrent Mark From Roots 778.465ms
[363.720s][info][gc,marking     ] GC(853) Concurrent Preclean
[363.720s][info][gc,marking     ] GC(853) Concurrent Preclean 0.042ms
[363.721s][info][gc,start       ] GC(853) Pause Remark
[363.728s][info][gc             ] GC(853) Pause Remark 368M->363M(561M) 7.509ms
[363.728s][info][gc,cpu         ] GC(853) User=0.02s Sys=0.00s Real=0.00s
[363.729s][info][gc,marking     ] GC(853) Concurrent Mark 787.343ms
[363.729s][info][gc,marking     ] GC(853) Concurrent Rebuild Remembered Sets and Scrub Regions
[363.864s][info][gc,start       ] GC(856) Pause Young (Normal) (G1 Evacuation Pause)
[363.865s][info][gc,task        ] GC(856) Using 2 workers of 2 for evacuation
[363.880s][info][gc,phases      ] GC(856)   Pre Evacuate Collection Set: 0.26ms
[363.880s][info][gc,phases      ] GC(856)   Merge Heap Roots: 0.11ms
[363.880s][info][gc,phases      ] GC(856)   Evacuate Collection Set: 14.88ms
[363.880s][info][gc,phases      ] GC(856)   Post Evacuate Collection Set: 0.37ms
[363.880s][info][gc,phases      ] GC(856)   Other: 0.08ms
[363.880s][info][gc,heap        ] GC(856) Eden regions: 185->0(194)
[363.880s][info][gc,heap        ] GC(856) Survivor regions: 10->15(25)
[363.880s][info][gc,heap        ] GC(856) Old regions: 288->288
[363.880s][info][gc,heap        ] GC(856) Humongous regions: 4->4
[363.880s][info][gc,metaspace   ] GC(856) Metaspace: 18876K(19008K)->18876K(19008K) NonClass: 16212K(16256K)->16212K(16256K) Class: 2664K(2752K)->2664K(2752K)
[363.880s][info][gc             ] GC(856) Pause Young (Normal) (G1 Evacuation Pause) 485M->305M(561M) 15.948ms
[363.880s][info][gc,cpu         ] GC(856) User=0.03s Sys=0.00s Real=0.02s
[364.008s][info][gc,marking     ] GC(853) Concurrent Rebuild Remembered Sets and Scrub Regions 278.814ms
[364.008s][info][gc,start       ] GC(853) Pause Cleanup
[364.009s][info][gc             ] GC(853) Pause Cleanup 338M->338M(561M) 0.084ms
[364.009s][info][gc,cpu         ] GC(853) User=0.00s Sys=0.00s Real=0.00s
[364.009s][info][gc,marking     ] GC(853) Concurrent Clear Claimed Marks
[364.009s][info][gc,marking     ] GC(853) Concurrent Clear Claimed Marks 0.059ms
[364.009s][info][gc,marking     ] GC(853) Concurrent Cleanup for Next Mark
[364.013s][info][gc,marking     ] GC(853) Concurrent Cleanup for Next Mark 4.672ms
[364.013s][info][gc             ] GC(853) Concurrent Mark Cycle 1110.337ms
[364.363s][info][gc,start       ] GC(857) Pause Young (Prepare Mixed) (G1 Evacuation Pause)
[364.363s][info][gc,task        ] GC(857) Using 2 workers of 2 for evacuation
[364.404s][info][gc,phases      ] GC(857)   Pre Evacuate Collection Set: 0.31ms
[364.404s][info][gc,phases      ] GC(857)   Merge Heap Roots: 0.21ms
[364.404s][info][gc,phases      ] GC(857)   Evacuate Collection Set: 39.80ms
[364.404s][info][gc,phases      ] GC(857)   Post Evacuate Collection Set: 0.43ms
[364.404s][info][gc,phases      ] GC(857)   Other: 0.09ms
[364.404s][info][gc,heap        ] GC(857) Eden regions: 194->0(163)
[364.404s][info][gc,heap        ] GC(857) Survivor regions: 15->27(27)
[364.404s][info][gc,heap        ] GC(857) Old regions: 288->301
[364.404s][info][gc,heap        ] GC(857) Humongous regions: 4->4
[364.404s][info][gc,metaspace   ] GC(857) Metaspace: 18876K(19008K)->18876K(19008K) NonClass: 16212K(16256K)->16212K(16256K) Class: 2664K(2752K)->2664K(2752K)
[364.404s][info][gc             ] GC(857) Pause Young (Prepare Mixed) (G1 Evacuation Pause) 499M->331M(561M) 41.055ms
[364.404s][info][gc,cpu         ] GC(857) User=0.08s Sys=0.00s Real=0.04s
[364.636s][info][gc,start       ] GC(858) Pause Young (Mixed) (G1 Evacuation Pause)
[364.636s][info][gc,task        ] GC(858) Using 2 workers of 2 for evacuation
[364.724s][info][gc,phases      ] GC(858)   Pre Evacuate Collection Set: 0.34ms
[364.724s][info][gc,phases      ] GC(858)   Merge Heap Roots: 0.22ms
[364.724s][info][gc,phases      ] GC(858)   Evacuate Collection Set: 86.31ms
[364.724s][info][gc,phases      ] GC(858)   Post Evacuate Collection Set: 0.96ms
[364.724s][info][gc,phases      ] GC(858)   Other: 0.09ms
[364.724s][info][gc,heap        ] GC(858) Eden regions: 163->0(169)
[364.724s][info][gc,heap        ] GC(858) Survivor regions: 27->24(24)
[364.725s][info][gc,heap        ] GC(858) Old regions: 301->347
[364.725s][info][gc,heap        ] GC(858) Humongous regions: 5->5
[364.725s][info][gc,metaspace   ] GC(858) Metaspace: 18879K(19008K)->18879K(19008K) NonClass: 16215K(16256K)->16215K(16256K) Class: 2664K(2752K)->2664K(2752K)
[364.725s][info][gc             ] GC(858) Pause Young (Mixed) (G1 Evacuation Pause) 495M->375M(638M) 88.176ms
[364.725s][info][gc,cpu         ] GC(858) User=0.17s Sys=0.01s Real=0.09s
[364.934s][info][gc,start       ] GC(859) Pause Young (Concurrent Start) (G1 Evacuation Pause)
[364.934s][info][gc,task        ] GC(859) Using 2 workers of 2 for evacuation
[364.974s][info][gc,phases      ] GC(859)   Pre Evacuate Collection Set: 0.27ms
[364.974s][info][gc,phases      ] GC(859)   Merge Heap Roots: 0.31ms
[364.974s][info][gc,phases      ] GC(859)   Evacuate Collection Set: 38.40ms
[364.974s][info][gc,phases      ] GC(859)   Post Evacuate Collection Set: 0.46ms
[364.974s][info][gc,phases      ] GC(859)   Other: 0.10ms
[364.974s][info][gc,heap        ] GC(859) Eden regions: 169->0(172)
[364.974s][info][gc,heap        ] GC(859) Survivor regions: 24->9(25)
[364.974s][info][gc,heap        ] GC(859) Old regions: 347->372
[364.974s][info][gc,heap        ] GC(859) Humongous regions: 5->5
[364.974s][info][gc,metaspace   ] GC(859) Metaspace: 18879K(19008K)->18879K(19008K) NonClass: 16215K(16256K)->16215K(16256K) Class: 2664K(2752K)->2664K(2752K)
[364.974s][info][gc             ] GC(859) Pause Young (Concurrent Start) (G1 Evacuation Pause) 544M->385M(638M) 39.795ms
[364.974s][info][gc,cpu         ] GC(859) User=0.08s Sys=0.01s Real=0.04s
[364.974s][info][gc             ] GC(860) Concurrent Mark Cycle
[364.974s][info][gc,marking     ] GC(860) Concurrent Scan Root Regions
[365.016s][info][gc,marking     ] GC(860) Concurrent Scan Root Regions 42.285ms
[365.016s][info][gc,marking     ] GC(860) Concurrent Mark
[365.016s][info][gc,marking     ] GC(860) Concurrent Mark From Roots
[365.016s][info][gc,task        ] GC(860) Using 1 workers of 1 for marking
[365.229s][info][gc,start       ] GC(861) Pause Young (Normal) (G1 Evacuation Pause)
[365.229s][info][gc,task        ] GC(861) Using 2 workers of 2 for evacuation
[365.242s][info][gc,phases      ] GC(861)   Pre Evacuate Collection Set: 0.38ms
[365.242s][info][gc,phases      ] GC(861)   Merge Heap Roots: 0.14ms
[365.242s][info][gc,phases      ] GC(861)   Evacuate Collection Set: 11.83ms
[365.242s][info][gc,phases      ] GC(861)   Post Evacuate Collection Set: 0.39ms
[365.242s][info][gc,phases      ] GC(861)   Other: 0.07ms
[365.242s][info][gc,heap        ] GC(861) Eden regions: 172->0(181)
[365.242s][info][gc,heap        ] GC(861) Survivor regions: 9->10(23)
[365.242s][info][gc,heap        ] GC(861) Old regions: 372->372
[365.242s][info][gc,heap        ] GC(861) Humongous regions: 5->5
[365.242s][info][gc,metaspace   ] GC(861) Metaspace: 18879K(19008K)->18879K(19008K) NonClass: 16215K(16256K)->16215K(16256K) Class: 2664K(2752K)->2664K(2752K)
[365.242s][info][gc             ] GC(861) Pause Young (Normal) (G1 Evacuation Pause) 557M->386M(638M) 12.998ms
[365.242s][info][gc,cpu         ] GC(861) User=0.03s Sys=0.00s Real=0.02s
[365.847s][info][gc,marking     ] GC(860) Concurrent Mark From Roots 830.344ms
[365.847s][info][gc,marking     ] GC(860) Concurrent Preclean
[365.847s][info][gc,marking     ] GC(860) Concurrent Preclean 0.043ms
[365.847s][info][gc,start       ] GC(860) Pause Remark
[365.855s][info][gc             ] GC(860) Pause Remark 553M->517M(638M) 7.534ms
[365.855s][info][gc,cpu         ] GC(860) User=0.02s Sys=0.00s Real=0.01s
[365.855s][info][gc,marking     ] GC(860) Concurrent Mark 838.718ms
[365.855s][info][gc,marking     ] GC(860) Concurrent Rebuild Remembered Sets and Scrub Regions
[365.898s][info][gc,start       ] GC(862) Pause Young (Normal) (G1 Evacuation Pause)
[365.898s][info][gc,task        ] GC(862) Using 2 workers of 2 for evacuation
[365.919s][info][gc,phases      ] GC(862)   Pre Evacuate Collection Set: 0.23ms
[365.919s][info][gc,phases      ] GC(862)   Merge Heap Roots: 0.18ms
[365.919s][info][gc,phases      ] GC(862)   Evacuate Collection Set: 19.78ms
[365.919s][info][gc,phases      ] GC(862)   Post Evacuate Collection Set: 0.38ms
[365.919s][info][gc,phases      ] GC(862)   Other: 0.11ms
[365.919s][info][gc,heap        ] GC(862) Eden regions: 181->0(204)
[365.919s][info][gc,heap        ] GC(862) Survivor regions: 10->17(24)
[365.919s][info][gc,heap        ] GC(862) Old regions: 337->337
[365.919s][info][gc,heap        ] GC(862) Humongous regions: 4->4
[365.919s][info][gc,metaspace   ] GC(862) Metaspace: 18885K(19136K)->18885K(19136K) NonClass: 16221K(16384K)->16221K(16384K) Class: 2664K(2752K)->2664K(2752K)
[365.919s][info][gc             ] GC(862) Pause Young (Normal) (G1 Evacuation Pause) 531M->357M(638M) 20.923ms
[365.919s][info][gc,cpu         ] GC(862) User=0.04s Sys=0.00s Real=0.02s
[366.116s][info][gc,marking     ] GC(860) Concurrent Rebuild Remembered Sets and Scrub Regions 260.976ms
[366.116s][info][gc,start       ] GC(860) Pause Cleanup
[366.116s][info][gc             ] GC(860) Pause Cleanup 433M->433M(638M) 0.094ms
[366.116s][info][gc,cpu         ] GC(860) User=0.00s Sys=0.00s Real=0.00s
[366.117s][info][gc,marking     ] GC(860) Concurrent Clear Claimed Marks
[366.117s][info][gc,marking     ] GC(860) Concurrent Clear Claimed Marks 0.044ms
[366.117s][info][gc,marking     ] GC(860) Concurrent Cleanup for Next Mark
[366.122s][info][gc,marking     ] GC(860) Concurrent Cleanup for Next Mark 4.570ms
[366.122s][info][gc             ] GC(860) Concurrent Mark Cycle 1148.028ms
[366.308s][info][gc,start       ] GC(863) Pause Young (Prepare Mixed) (G1 Evacuation Pause)
[366.308s][info][gc,task        ] GC(863) Using 2 workers of 2 for evacuation
[366.404s][info][gc,phases      ] GC(863)   Pre Evacuate Collection Set: 0.38ms
[366.404s][info][gc,phases      ] GC(863)   Merge Heap Roots: 0.24ms
[366.404s][info][gc,phases      ] GC(863)   Evacuate Collection Set: 94.91ms
[366.404s][info][gc,phases      ] GC(863)   Post Evacuate Collection Set: 0.58ms
[366.404s][info][gc,phases      ] GC(863)   Other: 0.10ms
[366.404s][info][gc,heap        ] GC(863) Eden regions: 204->0(144)
[366.404s][info][gc,heap        ] GC(863) Survivor regions: 17->28(28)
[366.404s][info][gc,heap        ] GC(863) Old regions: 337->394
[366.404s][info][gc,heap        ] GC(863) Humongous regions: 5->5
[366.404s][info][gc,metaspace   ] GC(863) Metaspace: 18886K(19136K)->18886K(19136K) NonClass: 16222K(16384K)->16222K(16384K) Class: 2664K(2752K)->2664K(2752K)
[366.404s][info][gc             ] GC(863) Pause Young (Prepare Mixed) (G1 Evacuation Pause) 562M->426M(648M) 96.402ms
[366.404s][info][gc,cpu         ] GC(863) User=0.19s Sys=0.00s Real=0.10s
[366.484s][info][gc,start       ] GC(864) Pause Young (Mixed) (G1 Evacuation Pause)
[366.484s][info][gc,task        ] GC(864) Using 2 workers of 2 for evacuation
[366.586s][info][gc,phases      ] GC(864)   Pre Evacuate Collection Set: 0.24ms
[366.586s][info][gc,phases      ] GC(864)   Merge Heap Roots: 0.43ms
[366.586s][info][gc,phases      ] GC(864)   Evacuate Collection Set: 100.90ms
[366.586s][info][gc,phases      ] GC(864)   Post Evacuate Collection Set: 0.40ms
[366.586s][info][gc,phases      ] GC(864)   Other: 0.07ms
[366.586s][info][gc,heap        ] GC(864) Eden regions: 144->0(106)
[366.586s][info][gc,heap        ] GC(864) Survivor regions: 28->22(22)
[366.586s][info][gc,heap        ] GC(864) Old regions: 394->448
[366.586s][info][gc,heap        ] GC(864) Humongous regions: 5->5
[366.586s][info][gc,metaspace   ] GC(864) Metaspace: 18886K(19136K)->18886K(19136K) NonClass: 16222K(16384K)->16222K(16384K) Class: 2664K(2752K)->2664K(2752K)
[366.586s][info][gc             ] GC(864) Pause Young (Mixed) (G1 Evacuation Pause) 570M->474M(663M) 102.289ms
[366.586s][info][gc,cpu         ] GC(864) User=0.19s Sys=0.01s Real=0.10s
[366.652s][info][gc,start       ] GC(865) Pause Young (Concurrent Start) (G1 Evacuation Pause)
[366.652s][info][gc,task        ] GC(865) Using 2 workers of 2 for evacuation
[366.696s][info][gc,phases      ] GC(865)   Pre Evacuate Collection Set: 0.27ms
[366.696s][info][gc,phases      ] GC(865)   Merge Heap Roots: 0.11ms
[366.696s][info][gc,phases      ] GC(865)   Evacuate Collection Set: 42.33ms
[366.696s][info][gc,phases      ] GC(865)   Post Evacuate Collection Set: 1.28ms
[366.696s][info][gc,phases      ] GC(865)   Other: 0.10ms
[366.697s][info][gc,heap        ] GC(865) Eden regions: 106->0(163)
[366.697s][info][gc,heap        ] GC(865) Survivor regions: 22->16(16)
[366.697s][info][gc,heap        ] GC(865) Old regions: 448->478
[366.697s][info][gc,heap        ] GC(865) Humongous regions: 5->5
[366.697s][info][gc,metaspace   ] GC(865) Metaspace: 18886K(19136K)->18886K(19136K) NonClass: 16222K(16384K)->16222K(16384K) Class: 2664K(2752K)->2664K(2752K)
[366.697s][info][gc             ] GC(865) Pause Young (Concurrent Start) (G1 Evacuation Pause) 580M->498M(784M) 44.334ms
[366.697s][info][gc,cpu         ] GC(865) User=0.08s Sys=0.00s Real=0.04s
[366.697s][info][gc             ] GC(866) Concurrent Mark Cycle
[366.698s][info][gc,marking     ] GC(866) Concurrent Scan Root Regions
[366.781s][info][gc,marking     ] GC(866) Concurrent Scan Root Regions 82.572ms
[366.781s][info][gc,marking     ] GC(866) Concurrent Mark
[366.781s][info][gc,marking     ] GC(866) Concurrent Mark From Roots
[366.781s][info][gc,task        ] GC(866) Using 1 workers of 1 for marking
[367.231s][info][gc,start       ] GC(867) Pause Young (Normal) (G1 Evacuation Pause)
[367.232s][info][gc,task        ] GC(867) Using 2 workers of 2 for evacuation
[367.253s][info][gc,phases      ] GC(867)   Pre Evacuate Collection Set: 0.44ms
[367.253s][info][gc,phases      ] GC(867)   Merge Heap Roots: 0.12ms
[367.253s][info][gc,phases      ] GC(867)   Evacuate Collection Set: 20.18ms
[367.253s][info][gc,phases      ] GC(867)   Post Evacuate Collection Set: 0.42ms
[367.253s][info][gc,phases      ] GC(867)   Other: 0.08ms
[367.253s][info][gc,heap        ] GC(867) Eden regions: 163->0(173)
[367.253s][info][gc,heap        ] GC(867) Survivor regions: 16->6(23)
[367.253s][info][gc,heap        ] GC(867) Old regions: 478->494
[367.253s][info][gc,heap        ] GC(867) Humongous regions: 5->5
[367.253s][info][gc,metaspace   ] GC(867) Metaspace: 18891K(19136K)->18891K(19136K) NonClass: 16227K(16384K)->16227K(16384K) Class: 2664K(2752K)->2664K(2752K)
[367.253s][info][gc             ] GC(867) Pause Young (Normal) (G1 Evacuation Pause) 661M->504M(784M) 21.470ms
[367.253s][info][gc,cpu         ] GC(867) User=0.04s Sys=0.00s Real=0.02s
[367.470s][info][gc,marking     ] GC(866) Concurrent Mark From Roots 688.993ms
[367.470s][info][gc,marking     ] GC(866) Concurrent Preclean
[367.470s][info][gc,marking     ] GC(866) Concurrent Preclean 0.042ms
[367.470s][info][gc,start       ] GC(866) Pause Remark
[367.478s][info][gc             ] GC(866) Pause Remark 595M->483M(784M) 7.442ms
[367.478s][info][gc,cpu         ] GC(866) User=0.01s Sys=0.00s Real=0.01s
[367.478s][info][gc,marking     ] GC(866) Concurrent Mark 696.781ms
[367.478s][info][gc,marking     ] GC(866) Concurrent Rebuild Remembered Sets and Scrub Regions
[367.665s][info][gc,start       ] GC(868) Pause Young (Normal) (G1 Evacuation Pause)
[367.665s][info][gc,task        ] GC(868) Using 2 workers of 2 for evacuation
[367.683s][info][gc,phases      ] GC(868)   Pre Evacuate Collection Set: 0.44ms
[367.683s][info][gc,phases      ] GC(868)   Merge Heap Roots: 0.09ms
[367.683s][info][gc,phases      ] GC(868)   Evacuate Collection Set: 17.59ms
[367.683s][info][gc,phases      ] GC(868)   Post Evacuate Collection Set: 0.40ms
[367.683s][info][gc,phases      ] GC(868)   Other: 0.10ms
[367.683s][info][gc,heap        ] GC(868) Eden regions: 173->0(225)
[367.683s][info][gc,heap        ] GC(868) Survivor regions: 6->19(23)
[367.683s][info][gc,heap        ] GC(868) Old regions: 384->384
[367.683s][info][gc,heap        ] GC(868) Humongous regions: 3->3
[367.683s][info][gc,metaspace   ] GC(868) Metaspace: 18892K(19136K)->18892K(19136K) NonClass: 16228K(16384K)->16228K(16384K) Class: 2664K(2752K)->2664K(2752K)
[367.683s][info][gc             ] GC(868) Pause Young (Normal) (G1 Evacuation Pause) 565M->405M(784M) 18.917ms
[367.683s][info][gc,cpu         ] GC(868) User=0.04s Sys=0.00s Real=0.02s
[367.756s][info][gc,marking     ] GC(866) Concurrent Rebuild Remembered Sets and Scrub Regions 278.146ms
[367.756s][info][gc,start       ] GC(866) Pause Cleanup
[367.756s][info][gc             ] GC(866) Pause Cleanup 482M->482M(784M) 0.110ms
[367.756s][info][gc,cpu         ] GC(866) User=0.00s Sys=0.00s Real=0.00s
[367.756s][info][gc,marking     ] GC(866) Concurrent Clear Claimed Marks
[367.756s][info][gc,marking     ] GC(866) Concurrent Clear Claimed Marks 0.042ms
[367.756s][info][gc,marking     ] GC(866) Concurrent Cleanup for Next Mark
[367.760s][info][gc,marking     ] GC(866) Concurrent Cleanup for Next Mark 3.846ms
[367.760s][info][gc             ] GC(866) Concurrent Mark Cycle 1063.615ms
[367.826s][info][gc,start       ] GC(869) Pause Young (Prepare Mixed) (G1 Evacuation Pause)
[367.826s][info][gc,task        ] GC(869) Using 2 workers of 2 for evacuation
[367.942s][info][gc,phases      ] GC(869)   Pre Evacuate Collection Set: 0.27ms
[367.942s][info][gc,phases      ] GC(869)   Merge Heap Roots: 0.13ms
[367.942s][info][gc,phases      ] GC(869)   Evacuate Collection Set: 114.70ms
[367.942s][info][gc,phases      ] GC(869)   Post Evacuate Collection Set: 0.81ms
[367.942s][info][gc,phases      ] GC(869)   Other: 0.10ms
[367.942s][info][gc,heap        ] GC(869) Eden regions: 225->0(158)
[367.942s][info][gc,heap        ] GC(869) Survivor regions: 19->31(31)
[367.942s][info][gc,heap        ] GC(869) Old regions: 384->481
[367.942s][info][gc,heap        ] GC(869) Humongous regions: 3->3
[367.942s][info][gc,metaspace   ] GC(869) Metaspace: 18892K(19136K)->18892K(19136K) NonClass: 16228K(16384K)->16228K(16384K) Class: 2664K(2752K)->2664K(2752K)
[367.942s][info][gc             ] GC(869) Pause Young (Prepare Mixed) (G1 Evacuation Pause) 630M->514M(784M) 116.203ms
[367.942s][info][gc,cpu         ] GC(869) User=0.23s Sys=0.00s Real=0.12s
[368.034s][info][gc,start       ] GC(870) Pause Young (Mixed) (G1 Evacuation Pause)
[368.034s][info][gc,task        ] GC(870) Using 2 workers of 2 for evacuation
[368.136s][info][gc,phases      ] GC(870)   Pre Evacuate Collection Set: 0.39ms
[368.136s][info][gc,phases      ] GC(870)   Merge Heap Roots: 0.42ms
[368.136s][info][gc,phases      ] GC(870)   Evacuate Collection Set: 101.06ms
[368.136s][info][gc,phases      ] GC(870)   Post Evacuate Collection Set: 0.65ms
[368.136s][info][gc,phases      ] GC(870)   Other: 0.09ms
[368.136s][info][gc,heap        ] GC(870) Eden regions: 158->0(137)
[368.136s][info][gc,heap        ] GC(870) Survivor regions: 31->24(24)
[368.136s][info][gc,heap        ] GC(870) Old regions: 481->506
[368.136s][info][gc,heap        ] GC(870) Humongous regions: 3->3
[368.137s][info][gc,metaspace   ] GC(870) Metaspace: 18892K(19136K)->18892K(19136K) NonClass: 16228K(16384K)->16228K(16384K) Class: 2664K(2752K)->2664K(2752K)
[368.137s][info][gc             ] GC(870) Pause Young (Mixed) (G1 Evacuation Pause) 672M->532M(784M) 102.853ms
[368.137s][info][gc,cpu         ] GC(870) User=0.21s Sys=0.00s Real=0.10s
[368.291s][info][gc,start       ] GC(871) Pause Young (Concurrent Start) (G1 Evacuation Pause)
[368.291s][info][gc,task        ] GC(871) Using 2 workers of 2 for evacuation
[368.335s][info][gc,phases      ] GC(871)   Pre Evacuate Collection Set: 0.29ms
[368.335s][info][gc,phases      ] GC(871)   Merge Heap Roots: 0.51ms
[368.335s][info][gc,phases      ] GC(871)   Evacuate Collection Set: 42.97ms
[368.335s][info][gc,phases      ] GC(871)   Post Evacuate Collection Set: 0.45ms
[368.335s][info][gc,phases      ] GC(871)   Other: 0.12ms
[368.335s][info][gc,heap        ] GC(871) Eden regions: 137->0(143)
[368.335s][info][gc,heap        ] GC(871) Survivor regions: 24->8(21)
[368.335s][info][gc,heap        ] GC(871) Old regions: 506->531
[368.335s][info][gc,heap        ] GC(871) Humongous regions: 3->3
[368.335s][info][gc,metaspace   ] GC(871) Metaspace: 18892K(19136K)->18892K(19136K) NonClass: 16228K(16384K)->16228K(16384K) Class: 2664K(2752K)->2664K(2752K)
[368.335s][info][gc             ] GC(871) Pause Young (Concurrent Start) (G1 Evacuation Pause) 669M->541M(784M) 44.604ms
[368.335s][info][gc,cpu         ] GC(871) User=0.09s Sys=0.00s Real=0.04s
[368.337s][info][gc             ] GC(872) Concurrent Mark Cycle
[368.337s][info][gc,marking     ] GC(872) Concurrent Scan Root Regions
[368.375s][info][gc,marking     ] GC(872) Concurrent Scan Root Regions 37.832ms
[368.375s][info][gc,marking     ] GC(872) Concurrent Mark
[368.375s][info][gc,marking     ] GC(872) Concurrent Mark From Roots
[368.375s][info][gc,task        ] GC(872) Using 1 workers of 1 for marking
[368.519s][info][gc,start       ] GC(873) Pause Young (Normal) (G1 Evacuation Pause)
[368.519s][info][gc,task        ] GC(873) Using 2 workers of 2 for evacuation
[368.567s][info][gc,phases      ] GC(873)   Pre Evacuate Collection Set: 0.29ms
[368.567s][info][gc,phases      ] GC(873)   Merge Heap Roots: 0.50ms
[368.567s][info][gc,phases      ] GC(873)   Evacuate Collection Set: 45.70ms
[368.567s][info][gc,phases      ] GC(873)   Post Evacuate Collection Set: 1.15ms
[368.567s][info][gc,phases      ] GC(873)   Other: 0.10ms
[368.567s][info][gc,heap        ] GC(873) Eden regions: 143->0(180)
[368.567s][info][gc,heap        ] GC(873) Survivor regions: 8->19(19)
[368.567s][info][gc,heap        ] GC(873) Old regions: 531->534
[368.567s][info][gc,heap        ] GC(873) Humongous regions: 4->4
[368.567s][info][gc,metaspace   ] GC(873) Metaspace: 18892K(19136K)->18892K(19136K) NonClass: 16228K(16384K)->16228K(16384K) Class: 2664K(2752K)->2664K(2752K)
[368.567s][info][gc             ] GC(873) Pause Young (Normal) (G1 Evacuation Pause) 685M->556M(862M) 48.027ms
[368.567s][info][gc,cpu         ] GC(873) User=0.09s Sys=0.00s Real=0.05s
[368.955s][info][gc,start       ] GC(874) Pause Young (Normal) (G1 Evacuation Pause)
[368.955s][info][gc,task        ] GC(874) Using 2 workers of 2 for evacuation
[369.055s][info][gc,phases      ] GC(874)   Pre Evacuate Collection Set: 0.27ms
[369.055s][info][gc,phases      ] GC(874)   Merge Heap Roots: 0.55ms
[369.055s][info][gc,phases      ] GC(874)   Evacuate Collection Set: 97.71ms
[369.055s][info][gc,phases      ] GC(874)   Post Evacuate Collection Set: 0.62ms
[369.055s][info][gc,phases      ] GC(874)   Other: 0.12ms
[369.055s][info][gc,heap        ] GC(874) Eden regions: 180->0(154)
[369.055s][info][gc,heap        ] GC(874) Survivor regions: 19->25(25)
[369.055s][info][gc,heap        ] GC(874) Old regions: 534->576
[369.055s][info][gc,heap        ] GC(874) Humongous regions: 9->9
[369.055s][info][gc,metaspace   ] GC(874) Metaspace: 18892K(19136K)->18892K(19136K) NonClass: 16228K(16384K)->16228K(16384K) Class: 2664K(2752K)->2664K(2752K)
[369.055s][info][gc             ] GC(874) Pause Young (Normal) (G1 Evacuation Pause) 741M->609M(862M) 99.551ms
[369.055s][info][gc,cpu         ] GC(874) User=0.19s Sys=0.00s Real=0.10s
[369.170s][info][gc,marking     ] GC(872) Concurrent Mark From Roots 794.638ms
[369.170s][info][gc,marking     ] GC(872) Concurrent Preclean
[369.170s][info][gc,marking     ] GC(872) Concurrent Preclean 0.044ms
[369.170s][info][gc,start       ] GC(872) Pause Remark
[369.178s][info][gc             ] GC(872) Pause Remark 700M->488M(862M) 7.598ms
[369.178s][info][gc,cpu         ] GC(872) User=0.01s Sys=0.00s Real=0.01s
[369.179s][info][gc,marking     ] GC(872) Concurrent Mark 804.027ms
[369.179s][info][gc,marking     ] GC(872) Concurrent Rebuild Remembered Sets and Scrub Regions
[369.262s][info][gc,start       ] GC(875) Pause Young (Normal) (G1 Evacuation Pause)
[369.262s][info][gc,task        ] GC(875) Using 2 workers of 2 for evacuation
[369.339s][info][gc,phases      ] GC(875)   Pre Evacuate Collection Set: 0.24ms
[369.339s][info][gc,phases      ] GC(875)   Merge Heap Roots: 0.49ms
[369.339s][info][gc,phases      ] GC(875)   Evacuate Collection Set: 75.93ms
[369.340s][info][gc,phases      ] GC(875)   Post Evacuate Collection Set: 0.40ms
[369.340s][info][gc,phases      ] GC(875)   Other: 0.09ms
[369.340s][info][gc,heap        ] GC(875) Eden regions: 154->0(235)
[369.340s][info][gc,heap        ] GC(875) Survivor regions: 25->23(23)
[369.340s][info][gc,heap        ] GC(875) Old regions: 366->399
[369.340s][info][gc,heap        ] GC(875) Humongous regions: 7->7
[369.340s][info][gc,metaspace   ] GC(875) Metaspace: 18892K(19136K)->18892K(19136K) NonClass: 16228K(16384K)->16228K(16384K) Class: 2664K(2752K)->2664K(2752K)
[369.340s][info][gc             ] GC(875) Pause Young (Normal) (G1 Evacuation Pause) 551M->428M(862M) 77.379ms
[369.340s][info][gc,cpu         ] GC(875) User=0.15s Sys=0.00s Real=0.07s
[369.535s][info][gc,start       ] GC(876) Pause Young (Normal) (G1 Evacuation Pause)
[369.535s][info][gc,task        ] GC(876) Using 2 workers of 2 for evacuation
[369.571s][info][gc,phases      ] GC(876)   Pre Evacuate Collection Set: 0.26ms
[369.571s][info][gc,phases      ] GC(876)   Merge Heap Roots: 0.29ms
[369.571s][info][gc,phases      ] GC(876)   Evacuate Collection Set: 34.54ms
[369.571s][info][gc,phases      ] GC(876)   Post Evacuate Collection Set: 0.42ms
[369.571s][info][gc,phases      ] GC(876)   Other: 0.07ms
[369.571s][info][gc,heap        ] GC(876) Eden regions: 235->0(251)
[369.571s][info][gc,heap        ] GC(876) Survivor regions: 23->6(33)
[369.571s][info][gc,heap        ] GC(876) Old regions: 399->423
[369.571s][info][gc,heap        ] GC(876) Humongous regions: 7->7
[369.571s][info][gc,metaspace   ] GC(876) Metaspace: 18892K(19136K)->18892K(19136K) NonClass: 16228K(16384K)->16228K(16384K) Class: 2664K(2752K)->2664K(2752K)
[369.571s][info][gc             ] GC(876) Pause Young (Normal) (G1 Evacuation Pause) 663M->435M(862M) 35.803ms
[369.571s][info][gc,cpu         ] GC(876) User=0.07s Sys=0.00s Real=0.04s
[369.576s][info][gc,marking     ] GC(872) Concurrent Rebuild Remembered Sets and Scrub Regions 396.598ms
[369.576s][info][gc,start       ] GC(872) Pause Cleanup
[369.576s][info][gc             ] GC(872) Pause Cleanup 437M->437M(862M) 0.068ms
[369.576s][info][gc,cpu         ] GC(872) User=0.00s Sys=0.00s Real=0.00s
[369.576s][info][gc,marking     ] GC(872) Concurrent Clear Claimed Marks
[369.576s][info][gc,marking     ] GC(872) Concurrent Clear Claimed Marks 0.027ms
[369.576s][info][gc,marking     ] GC(872) Concurrent Cleanup for Next Mark
[369.579s][info][gc,marking     ] GC(872) Concurrent Cleanup for Next Mark 3.257ms
[369.579s][info][gc             ] GC(872) Concurrent Mark Cycle 1242.126ms
[369.761s][info][gc,start       ] GC(877) Pause Young (Prepare Mixed) (G1 Evacuation Pause)
[369.761s][info][gc,task        ] GC(877) Using 2 workers of 2 for evacuation
[369.786s][info][gc,phases      ] GC(877)   Pre Evacuate Collection Set: 0.45ms
[369.786s][info][gc,phases      ] GC(877)   Merge Heap Roots: 0.31ms
[369.786s][info][gc,phases      ] GC(877)   Evacuate Collection Set: 22.91ms
[369.786s][info][gc,phases      ] GC(877)   Post Evacuate Collection Set: 0.49ms
[369.786s][info][gc,phases      ] GC(877)   Other: 0.07ms
[369.786s][info][gc,heap        ] GC(877) Eden regions: 251->0(266)
[369.786s][info][gc,heap        ] GC(877) Survivor regions: 6->13(33)
[369.786s][info][gc,heap        ] GC(877) Old regions: 423->423
[369.786s][info][gc,heap        ] GC(877) Humongous regions: 7->7
[369.786s][info][gc,metaspace   ] GC(877) Metaspace: 18892K(19136K)->18892K(19136K) NonClass: 16228K(16384K)->16228K(16384K) Class: 2664K(2752K)->2664K(2752K)
[369.786s][info][gc             ] GC(877) Pause Young (Prepare Mixed) (G1 Evacuation Pause) 686M->441M(862M) 24.444ms
[369.786s][info][gc,cpu         ] GC(877) User=0.05s Sys=0.00s Real=0.02s
[370.043s][info][gc,start       ] GC(878) Pause Young (Mixed) (G1 Evacuation Pause)
[370.043s][info][gc,task        ] GC(878) Using 2 workers of 2 for evacuation
[370.108s][info][gc,phases      ] GC(878)   Pre Evacuate Collection Set: 0.33ms
[370.108s][info][gc,phases      ] GC(878)   Merge Heap Roots: 0.38ms
[370.108s][info][gc,phases      ] GC(878)   Evacuate Collection Set: 63.12ms
[370.108s][info][gc,phases      ] GC(878)   Post Evacuate Collection Set: 0.54ms
[370.108s][info][gc,phases      ] GC(878)   Other: 0.09ms
[370.108s][info][gc,heap        ] GC(878) Eden regions: 266->0(265)
[370.108s][info][gc,heap        ] GC(878) Survivor regions: 13->35(35)
[370.108s][info][gc,heap        ] GC(878) Old regions: 423->406
[370.108s][info][gc,heap        ] GC(878) Humongous regions: 7->7
[370.108s][info][gc,metaspace   ] GC(878) Metaspace: 18892K(19136K)->18892K(19136K) NonClass: 16228K(16384K)->16228K(16384K) Class: 2664K(2752K)->2664K(2752K)
[370.108s][info][gc             ] GC(878) Pause Young (Mixed) (G1 Evacuation Pause) 707M->447M(862M) 64.768ms
[370.108s][info][gc,cpu         ] GC(878) User=0.13s Sys=0.00s Real=0.06s
[370.885s][info][gc,start       ] GC(879) Pause Young (Concurrent Start) (G1 Evacuation Pause)
[370.885s][info][gc,task        ] GC(879) Using 2 workers of 2 for evacuation
[370.923s][info][gc,phases      ] GC(879)   Pre Evacuate Collection Set: 0.30ms
[370.923s][info][gc,phases      ] GC(879)   Merge Heap Roots: 0.22ms
[370.923s][info][gc,phases      ] GC(879)   Evacuate Collection Set: 36.78ms
[370.923s][info][gc,phases      ] GC(879)   Post Evacuate Collection Set: 0.80ms
[370.923s][info][gc,phases      ] GC(879)   Other: 0.13ms
[370.923s][info][gc,heap        ] GC(879) Eden regions: 265->0(304)
[370.923s][info][gc,heap        ] GC(879) Survivor regions: 35->1(38)
[370.923s][info][gc,heap        ] GC(879) Old regions: 406->442
[370.923s][info][gc,heap        ] GC(879) Humongous regions: 7->7
[370.923s][info][gc,metaspace   ] GC(879) Metaspace: 18893K(19136K)->18893K(19136K) NonClass: 16229K(16384K)->16229K(16384K) Class: 2664K(2752K)->2664K(2752K)
[370.923s][info][gc             ] GC(879) Pause Young (Concurrent Start) (G1 Evacuation Pause) 712M->449M(894M) 38.453ms
[370.923s][info][gc,cpu         ] GC(879) User=0.08s Sys=0.00s Real=0.04s
[370.923s][info][gc             ] GC(880) Concurrent Mark Cycle
[370.923s][info][gc,marking     ] GC(880) Concurrent Scan Root Regions
[370.957s][info][gc,marking     ] GC(880) Concurrent Scan Root Regions 33.836ms
[370.957s][info][gc,marking     ] GC(880) Concurrent Mark
[370.957s][info][gc,marking     ] GC(880) Concurrent Mark From Roots
[370.957s][info][gc,task        ] GC(880) Using 1 workers of 1 for marking
[371.722s][info][gc,marking     ] GC(880) Concurrent Mark From Roots 764.909ms
[371.722s][info][gc,marking     ] GC(880) Concurrent Preclean
[371.722s][info][gc,marking     ] GC(880) Concurrent Preclean 0.039ms
[371.722s][info][gc,start       ] GC(880) Pause Remark
[371.730s][info][gc             ] GC(880) Pause Remark 689M->599M(894M) 7.673ms
[371.730s][info][gc,cpu         ] GC(880) User=0.01s Sys=0.00s Real=0.00s
[371.730s][info][gc,marking     ] GC(880) Concurrent Mark 772.909ms
[371.730s][info][gc,marking     ] GC(880) Concurrent Rebuild Remembered Sets and Scrub Regions
[371.925s][info][gc,start       ] GC(881) Pause Young (Normal) (G1 Evacuation Pause)
[371.925s][info][gc,task        ] GC(881) Using 2 workers of 2 for evacuation
[371.928s][info][gc,phases      ] GC(881)   Pre Evacuate Collection Set: 0.44ms
[371.928s][info][gc,phases      ] GC(881)   Merge Heap Roots: 0.17ms
[371.928s][info][gc,phases      ] GC(881)   Evacuate Collection Set: 1.92ms
[371.928s][info][gc,phases      ] GC(881)   Post Evacuate Collection Set: 0.48ms
[371.928s][info][gc,phases      ] GC(881)   Other: 0.11ms
[371.928s][info][gc,heap        ] GC(881) Eden regions: 304->0(380)
[371.928s][info][gc,heap        ] GC(881) Survivor regions: 1->1(39)
[371.928s][info][gc,heap        ] GC(881) Old regions: 355->355
[371.928s][info][gc,heap        ] GC(881) Humongous regions: 4->4
[371.928s][info][gc,metaspace   ] GC(881) Metaspace: 18893K(19136K)->18893K(19136K) NonClass: 16229K(16384K)->16229K(16384K) Class: 2664K(2752K)->2664K(2752K)
[371.928s][info][gc             ] GC(881) Pause Young (Normal) (G1 Evacuation Pause) 663M->359M(894M) 3.352ms
[371.928s][info][gc,cpu         ] GC(881) User=0.01s Sys=0.00s Real=0.00s
[371.985s][info][gc,marking     ] GC(880) Concurrent Rebuild Remembered Sets and Scrub Regions 255.644ms
[371.986s][info][gc,start       ] GC(880) Pause Cleanup
[371.986s][info][gc             ] GC(880) Pause Cleanup 369M->369M(894M) 0.077ms
[371.986s][info][gc,cpu         ] GC(880) User=0.00s Sys=0.00s Real=0.00s
[371.986s][info][gc,marking     ] GC(880) Concurrent Clear Claimed Marks
[371.986s][info][gc,marking     ] GC(880) Concurrent Clear Claimed Marks 0.028ms
[371.986s][info][gc,marking     ] GC(880) Concurrent Cleanup for Next Mark
[371.989s][info][gc,marking     ] GC(880) Concurrent Cleanup for Next Mark 2.996ms
[371.989s][info][gc             ] GC(880) Concurrent Mark Cycle 1065.834ms
[372.472s][info][gc,start       ] GC(882) Pause Young (Prepare Mixed) (G1 Evacuation Pause)
[372.472s][info][gc,task        ] GC(882) Using 2 workers of 2 for evacuation
[372.553s][info][gc,phases      ] GC(882)   Pre Evacuate Collection Set: 0.28ms
[372.553s][info][gc,phases      ] GC(882)   Merge Heap Roots: 0.42ms
[372.553s][info][gc,phases      ] GC(882)   Evacuate Collection Set: 79.39ms
[372.553s][info][gc,phases      ] GC(882)   Post Evacuate Collection Set: 0.84ms
[372.553s][info][gc,phases      ] GC(882)   Other: 0.10ms
[372.553s][info][gc,heap        ] GC(882) Eden regions: 380->0(309)
[372.553s][info][gc,heap        ] GC(882) Survivor regions: 1->48(48)
[372.553s][info][gc,heap        ] GC(882) Old regions: 355->383
[372.553s][info][gc,heap        ] GC(882) Humongous regions: 4->4
[372.553s][info][gc,metaspace   ] GC(882) Metaspace: 18893K(19136K)->18893K(19136K) NonClass: 16229K(16384K)->16229K(16384K) Class: 2664K(2752K)->2664K(2752K)
[372.553s][info][gc             ] GC(882) Pause Young (Prepare Mixed) (G1 Evacuation Pause) 739M->434M(894M) 81.273ms
[372.553s][info][gc,cpu         ] GC(882) User=0.16s Sys=0.00s Real=0.08s
[372.793s][info][gc,start       ] GC(883) Pause Young (Mixed) (G1 Evacuation Pause)
[372.793s][info][gc,task        ] GC(883) Using 2 workers of 2 for evacuation
[372.888s][info][gc,phases      ] GC(883)   Pre Evacuate Collection Set: 0.52ms
[372.888s][info][gc,phases      ] GC(883)   Merge Heap Roots: 0.54ms
[372.888s][info][gc,phases      ] GC(883)   Evacuate Collection Set: 93.24ms
[372.888s][info][gc,phases      ] GC(883)   Post Evacuate Collection Set: 0.61ms
[372.888s][info][gc,phases      ] GC(883)   Other: 0.11ms
[372.888s][info][gc,heap        ] GC(883) Eden regions: 309->0(283)
[372.888s][info][gc,heap        ] GC(883) Survivor regions: 48->45(45)
[372.888s][info][gc,heap        ] GC(883) Old regions: 383->424
[372.888s][info][gc,heap        ] GC(883) Humongous regions: 4->4
[372.888s][info][gc,metaspace   ] GC(883) Metaspace: 18893K(19136K)->18893K(19136K) NonClass: 16229K(16384K)->16229K(16384K) Class: 2664K(2752K)->2664K(2752K)
[372.888s][info][gc             ] GC(883) Pause Young (Mixed) (G1 Evacuation Pause) 743M->472M(894M) 95.275ms
[372.888s][info][gc,cpu         ] GC(883) User=0.19s Sys=0.00s Real=0.09s
[372.981s][info][gc,start       ] GC(884) Pause Young (Concurrent Start) (G1 Humongous Allocation)
[372.981s][info][gc,task        ] GC(884) Using 2 workers of 2 for evacuation
[373.034s][info][gc,phases      ] GC(884)   Pre Evacuate Collection Set: 0.32ms
[373.034s][info][gc,phases      ] GC(884)   Merge Heap Roots: 0.34ms
[373.034s][info][gc,phases      ] GC(884)   Evacuate Collection Set: 51.69ms
[373.034s][info][gc,phases      ] GC(884)   Post Evacuate Collection Set: 0.51ms
[373.034s][info][gc,phases      ] GC(884)   Other: 0.19ms
[373.034s][info][gc,heap        ] GC(884) Eden regions: 129->0(295)
[373.034s][info][gc,heap        ] GC(884) Survivor regions: 45->7(41)
[373.034s][info][gc,heap        ] GC(884) Old regions: 424->469
[373.034s][info][gc,heap        ] GC(884) Humongous regions: 4->4
[373.034s][info][gc,metaspace   ] GC(884) Metaspace: 18893K(19136K)->18893K(19136K) NonClass: 16229K(16384K)->16229K(16384K) Class: 2664K(2752K)->2664K(2752K)
[373.034s][info][gc             ] GC(884) Pause Young (Concurrent Start) (G1 Humongous Allocation) 601M->479M(894M) 53.239ms
[373.034s][info][gc             ] GC(885) Concurrent Mark Cycle
[373.034s][info][gc,marking     ] GC(885) Concurrent Scan Root Regions
[373.036s][info][gc,cpu         ] GC(884) User=0.11s Sys=0.00s Real=0.05s
[373.102s][info][gc,marking     ] GC(885) Concurrent Scan Root Regions 67.467ms
[373.102s][info][gc,marking     ] GC(885) Concurrent Mark
[373.102s][info][gc,marking     ] GC(885) Concurrent Mark From Roots
[373.102s][info][gc,task        ] GC(885) Using 1 workers of 1 for marking
[373.476s][info][gc,start       ] GC(886) Pause Young (Normal) (G1 Evacuation Pause)
[373.476s][info][gc,task        ] GC(886) Using 2 workers of 2 for evacuation
[373.559s][info][gc,phases      ] GC(886)   Pre Evacuate Collection Set: 0.28ms
[373.559s][info][gc,phases      ] GC(886)   Merge Heap Roots: 0.41ms
[373.559s][info][gc,phases      ] GC(886)   Evacuate Collection Set: 81.83ms
[373.559s][info][gc,phases      ] GC(886)   Post Evacuate Collection Set: 0.56ms
[373.559s][info][gc,phases      ] GC(886)   Other: 0.10ms
[373.559s][info][gc,heap        ] GC(886) Eden regions: 295->0(251)
[373.559s][info][gc,heap        ] GC(886) Survivor regions: 7->38(38)
[373.559s][info][gc,heap        ] GC(886) Old regions: 469->491
[373.559s][info][gc,heap        ] GC(886) Humongous regions: 8->8
[373.559s][info][gc,metaspace   ] GC(886) Metaspace: 18893K(19136K)->18893K(19136K) NonClass: 16229K(16384K)->16229K(16384K) Class: 2664K(2752K)->2664K(2752K)
[373.559s][info][gc             ] GC(886) Pause Young (Normal) (G1 Evacuation Pause) 778M->536M(894M) 83.433ms
[373.559s][info][gc,cpu         ] GC(886) User=0.17s Sys=0.00s Real=0.08s
[373.845s][info][gc,marking     ] GC(885) Concurrent Mark From Roots 743.099ms
[373.845s][info][gc,marking     ] GC(885) Concurrent Preclean
[373.845s][info][gc,marking     ] GC(885) Concurrent Preclean 0.042ms
[373.845s][info][gc,start       ] GC(885) Pause Remark
[373.853s][info][gc             ] GC(885) Pause Remark 777M->716M(894M) 7.444ms
[373.853s][info][gc,cpu         ] GC(885) User=0.01s Sys=0.00s Real=0.01s
[373.853s][info][gc,marking     ] GC(885) Concurrent Mark 751.593ms
[373.853s][info][gc,marking     ] GC(885) Concurrent Rebuild Remembered Sets and Scrub Regions
[373.866s][info][gc,start       ] GC(887) Pause Young (Normal) (G1 Evacuation Pause)
[373.866s][info][gc,task        ] GC(887) Using 2 workers of 2 for evacuation
[373.938s][info][gc,phases      ] GC(887)   Pre Evacuate Collection Set: 0.23ms
[373.938s][info][gc,phases      ] GC(887)   Merge Heap Roots: 0.28ms
[373.938s][info][gc,phases      ] GC(887)   Evacuate Collection Set: 71.39ms
[373.938s][info][gc,phases      ] GC(887)   Post Evacuate Collection Set: 0.47ms
[373.938s][info][gc,phases      ] GC(887)   Other: 0.08ms
[373.938s][info][gc,heap        ] GC(887) Eden regions: 251->0(278)
[373.938s][info][gc,heap        ] GC(887) Survivor regions: 38->24(37)
[373.938s][info][gc,heap        ] GC(887) Old regions: 432->470
[373.938s][info][gc,heap        ] GC(887) Humongous regions: 6->6
[373.938s][info][gc,metaspace   ] GC(887) Metaspace: 18893K(19136K)->18893K(19136K) NonClass: 16229K(16384K)->16229K(16384K) Class: 2664K(2752K)->2664K(2752K)
[373.938s][info][gc             ] GC(887) Pause Young (Normal) (G1 Evacuation Pause) 726M->499M(894M) 72.640ms
[373.938s][info][gc,cpu         ] GC(887) User=0.14s Sys=0.00s Real=0.07s
[374.208s][info][gc,marking     ] GC(885) Concurrent Rebuild Remembered Sets and Scrub Regions 354.803ms
[374.208s][info][gc,start       ] GC(885) Pause Cleanup
[374.209s][info][gc             ] GC(885) Pause Cleanup 638M->638M(894M) 0.143ms
[374.209s][info][gc,cpu         ] GC(885) User=0.00s Sys=0.00s Real=0.00s
[374.209s][info][gc,marking     ] GC(885) Concurrent Clear Claimed Marks
[374.209s][info][gc,marking     ] GC(885) Concurrent Clear Claimed Marks 0.039ms
[374.209s][info][gc,marking     ] GC(885) Concurrent Cleanup for Next Mark
[374.211s][info][gc,marking     ] GC(885) Concurrent Cleanup for Next Mark 2.613ms
[374.211s][info][gc             ] GC(885) Concurrent Mark Cycle 1177.071ms
[374.374s][info][gc,start       ] GC(888) Pause Young (Prepare Mixed) (G1 Evacuation Pause)
[374.374s][info][gc,task        ] GC(888) Using 2 workers of 2 for evacuation
[374.414s][info][gc,phases      ] GC(888)   Pre Evacuate Collection Set: 0.49ms
[374.414s][info][gc,phases      ] GC(888)   Merge Heap Roots: 0.32ms
[374.414s][info][gc,phases      ] GC(888)   Evacuate Collection Set: 38.43ms
[374.414s][info][gc,phases      ] GC(888)   Post Evacuate Collection Set: 0.54ms
[374.414s][info][gc,phases      ] GC(888)   Other: 0.09ms
[374.414s][info][gc,heap        ] GC(888) Eden regions: 278->0(284)
[374.414s][info][gc,heap        ] GC(888) Survivor regions: 24->9(38)
[374.414s][info][gc,heap        ] GC(888) Old regions: 470->493
[374.414s][info][gc,heap        ] GC(888) Humongous regions: 6->6
[374.414s][info][gc,metaspace   ] GC(888) Metaspace: 18893K(19136K)->18893K(19136K) NonClass: 16229K(16384K)->16229K(16384K) Class: 2664K(2752K)->2664K(2752K)
[374.414s][info][gc             ] GC(888) Pause Young (Prepare Mixed) (G1 Evacuation Pause) 777M->507M(894M) 40.105ms
[374.414s][info][gc,cpu         ] GC(888) User=0.08s Sys=0.00s Real=0.04s
[374.760s][info][gc,start       ] GC(889) Pause Young (Mixed) (G1 Evacuation Pause)
[374.760s][info][gc,task        ] GC(889) Using 2 workers of 2 for evacuation
[374.835s][info][gc,phases      ] GC(889)   Pre Evacuate Collection Set: 0.32ms
[374.835s][info][gc,phases      ] GC(889)   Merge Heap Roots: 0.56ms
[374.835s][info][gc,phases      ] GC(889)   Evacuate Collection Set: 72.46ms
[374.835s][info][gc,phases      ] GC(889)   Post Evacuate Collection Set: 1.01ms
[374.835s][info][gc,phases      ] GC(889)   Other: 0.11ms
[374.835s][info][gc,heap        ] GC(889) Eden regions: 284->0(319)
[374.835s][info][gc,heap        ] GC(889) Survivor regions: 9->37(37)
[374.835s][info][gc,heap        ] GC(889) Old regions: 493->425
[374.835s][info][gc,heap        ] GC(889) Humongous regions: 6->6
[374.835s][info][gc,metaspace   ] GC(889) Metaspace: 18893K(19136K)->18893K(19136K) NonClass: 16229K(16384K)->16229K(16384K) Class: 2664K(2752K)->2664K(2752K)
[374.835s][info][gc             ] GC(889) Pause Young (Mixed) (G1 Evacuation Pause) 791M->467M(917M) 74.718ms
[374.835s][info][gc,cpu         ] GC(889) User=0.15s Sys=0.01s Real=0.07s
[375.265s][info][gc,start       ] GC(890) Pause Young (Mixed) (G1 Evacuation Pause)
[375.265s][info][gc,task        ] GC(890) Using 2 workers of 2 for evacuation
[375.410s][info][gc,phases      ] GC(890)   Pre Evacuate Collection Set: 0.33ms
[375.410s][info][gc,phases      ] GC(890)   Merge Heap Roots: 1.14ms
[375.410s][info][gc,phases      ] GC(890)   Evacuate Collection Set: 142.44ms
[375.410s][info][gc,phases      ] GC(890)   Post Evacuate Collection Set: 0.92ms
[375.410s][info][gc,phases      ] GC(890)   Other: 0.10ms
[375.410s][info][gc,heap        ] GC(890) Eden regions: 319->0(257)
[375.410s][info][gc,heap        ] GC(890) Survivor regions: 37->45(45)
[375.410s][info][gc,heap        ] GC(890) Old regions: 425->477
[375.410s][info][gc,heap        ] GC(890) Humongous regions: 6->6
[375.410s][info][gc,metaspace   ] GC(890) Metaspace: 18893K(19136K)->18893K(19136K) NonClass: 16229K(16384K)->16229K(16384K) Class: 2664K(2752K)->2664K(2752K)
[375.410s][info][gc             ] GC(890) Pause Young (Mixed) (G1 Evacuation Pause) 786M->527M(917M) 145.248ms
[375.410s][info][gc,cpu         ] GC(890) User=0.29s Sys=0.00s Real=0.15s
[375.560s][info][gc,start       ] GC(891) Pause Young (Concurrent Start) (G1 Humongous Allocation)
[375.560s][info][gc,task        ] GC(891) Using 2 workers of 2 for evacuation
[375.620s][info][gc,phases      ] GC(891)   Pre Evacuate Collection Set: 0.27ms
[375.620s][info][gc,phases      ] GC(891)   Merge Heap Roots: 0.42ms
[375.620s][info][gc,phases      ] GC(891)   Evacuate Collection Set: 58.78ms
[375.620s][info][gc,phases      ] GC(891)   Post Evacuate Collection Set: 0.49ms
[375.620s][info][gc,phases      ] GC(891)   Other: 0.16ms
[375.620s][info][gc,heap        ] GC(891) Eden regions: 115->0(267)
[375.620s][info][gc,heap        ] GC(891) Survivor regions: 45->8(38)
[375.620s][info][gc,heap        ] GC(891) Old regions: 477->523
[375.620s][info][gc,heap        ] GC(891) Humongous regions: 6->6
[375.620s][info][gc,metaspace   ] GC(891) Metaspace: 18893K(19136K)->18893K(19136K) NonClass: 16229K(16384K)->16229K(16384K) Class: 2664K(2752K)->2664K(2752K)
[375.620s][info][gc             ] GC(891) Pause Young (Concurrent Start) (G1 Humongous Allocation) 642M->535M(917M) 60.404ms
[375.620s][info][gc,cpu         ] GC(891) User=0.12s Sys=0.00s Real=0.06s
[375.620s][info][gc             ] GC(892) Concurrent Mark Cycle
[375.620s][info][gc,marking     ] GC(892) Concurrent Scan Root Regions
[375.694s][info][gc,marking     ] GC(892) Concurrent Scan Root Regions 74.108ms
[375.694s][info][gc,marking     ] GC(892) Concurrent Mark
[375.694s][info][gc,marking     ] GC(892) Concurrent Mark From Roots
[375.694s][info][gc,task        ] GC(892) Using 1 workers of 1 for marking
[376.084s][info][gc,start       ] GC(893) Pause Young (Normal) (G1 Evacuation Pause)
[376.084s][info][gc,task        ] GC(893) Using 2 workers of 2 for evacuation
[376.160s][info][gc,phases      ] GC(893)   Pre Evacuate Collection Set: 0.27ms
[376.160s][info][gc,phases      ] GC(893)   Merge Heap Roots: 0.35ms
[376.160s][info][gc,phases      ] GC(893)   Evacuate Collection Set: 74.98ms
[376.160s][info][gc,phases      ] GC(893)   Post Evacuate Collection Set: 0.61ms
[376.160s][info][gc,phases      ] GC(893)   Other: 0.07ms
[376.160s][info][gc,heap        ] GC(893) Eden regions: 267->0(226)
[376.160s][info][gc,heap        ] GC(893) Survivor regions: 8->35(35)
[376.160s][info][gc,heap        ] GC(893) Old regions: 523->545
[376.160s][info][gc,heap        ] GC(893) Humongous regions: 9->9
[376.160s][info][gc,metaspace   ] GC(893) Metaspace: 18893K(19136K)->18893K(19136K) NonClass: 16229K(16384K)->16229K(16384K) Class: 2664K(2752K)->2664K(2752K)
[376.160s][info][gc             ] GC(893) Pause Young (Normal) (G1 Evacuation Pause) 805M->588M(917M) 76.521ms
[376.160s][info][gc,cpu         ] GC(893) User=0.15s Sys=0.00s Real=0.07s
[376.524s][info][gc,start       ] GC(894) Pause Young (Normal) (G1 Evacuation Pause)
[376.524s][info][gc,task        ] GC(894) Using 2 workers of 2 for evacuation
[376.579s][info][gc,phases      ] GC(894)   Pre Evacuate Collection Set: 0.49ms
[376.579s][info][gc,phases      ] GC(894)   Merge Heap Roots: 0.39ms
[376.579s][info][gc,phases      ] GC(894)   Evacuate Collection Set: 53.24ms
[376.579s][info][gc,phases      ] GC(894)   Post Evacuate Collection Set: 0.60ms
[376.579s][info][gc,phases      ] GC(894)   Other: 0.10ms
[376.579s][info][gc,heap        ] GC(894) Eden regions: 226->0(246)
[376.579s][info][gc,heap        ] GC(894) Survivor regions: 35->4(33)
[376.579s][info][gc,heap        ] GC(894) Old regions: 545->580
[376.579s][info][gc,heap        ] GC(894) Humongous regions: 9->9
[376.579s][info][gc,metaspace   ] GC(894) Metaspace: 18893K(19136K)->18893K(19136K) NonClass: 16229K(16384K)->16229K(16384K) Class: 2664K(2752K)->2664K(2752K)
[376.579s][info][gc             ] GC(894) Pause Young (Normal) (G1 Evacuation Pause) 814M->592M(931M) 55.026ms
[376.579s][info][gc,cpu         ] GC(894) User=0.10s Sys=0.01s Real=0.05s
[377.021s][info][gc,marking     ] GC(892) Concurrent Mark From Roots 1326.258ms
[377.021s][info][gc,marking     ] GC(892) Concurrent Preclean
[377.021s][info][gc,marking     ] GC(892) Concurrent Preclean 0.042ms
[377.021s][info][gc,start       ] GC(892) Pause Remark
[377.029s][info][gc             ] GC(892) Pause Remark 788M->737M(931M) 7.653ms
[377.029s][info][gc,cpu         ] GC(892) User=0.01s Sys=0.00s Real=0.00s
[377.033s][info][gc,marking     ] GC(892) Concurrent Mark 1338.681ms
[377.033s][info][gc,marking     ] GC(892) Concurrent Rebuild Remembered Sets and Scrub Regions
[377.125s][info][gc,start       ] GC(895) Pause Young (Normal) (G1 Evacuation Pause)
[377.125s][info][gc,task        ] GC(895) Using 2 workers of 2 for evacuation
[377.159s][info][gc,phases      ] GC(895)   Pre Evacuate Collection Set: 0.42ms
[377.159s][info][gc,phases      ] GC(895)   Merge Heap Roots: 0.28ms
[377.159s][info][gc,phases      ] GC(895)   Evacuate Collection Set: 32.19ms
[377.159s][info][gc,phases      ] GC(895)   Post Evacuate Collection Set: 0.45ms
[377.159s][info][gc,phases      ] GC(895)   Other: 0.09ms
[377.159s][info][gc,heap        ] GC(895) Eden regions: 246->0(262)
[377.159s][info][gc,heap        ] GC(895) Survivor regions: 4->27(32)
[377.159s][info][gc,heap        ] GC(895) Old regions: 531->531
[377.159s][info][gc,heap        ] GC(895) Humongous regions: 7->7
[377.159s][info][gc,metaspace   ] GC(895) Metaspace: 18893K(19136K)->18893K(19136K) NonClass: 16229K(16384K)->16229K(16384K) Class: 2664K(2752K)->2664K(2752K)
[377.159s][info][gc             ] GC(895) Pause Young (Normal) (G1 Evacuation Pause) 787M->564M(931M) 33.629ms
[377.159s][info][gc,cpu         ] GC(895) User=0.07s Sys=0.00s Real=0.03s
[377.484s][info][gc,marking     ] GC(892) Concurrent Rebuild Remembered Sets and Scrub Regions 450.454ms
[377.484s][info][gc,start       ] GC(892) Pause Cleanup
[377.484s][info][gc             ] GC(892) Pause Cleanup 646M->646M(931M) 0.129ms
[377.484s][info][gc,cpu         ] GC(892) User=0.00s Sys=0.00s Real=0.00s
[377.486s][info][gc,marking     ] GC(892) Concurrent Clear Claimed Marks
[377.486s][info][gc,marking     ] GC(892) Concurrent Clear Claimed Marks 0.049ms
[377.486s][info][gc,marking     ] GC(892) Concurrent Cleanup for Next Mark
[377.490s][info][gc,marking     ] GC(892) Concurrent Cleanup for Next Mark 3.091ms
[377.490s][info][gc             ] GC(892) Concurrent Mark Cycle 1869.451ms
[377.773s][info][gc,start       ] GC(896) Pause Young (Prepare Mixed) (G1 Evacuation Pause)
[377.773s][info][gc,task        ] GC(896) Using 2 workers of 2 for evacuation
[377.853s][info][gc,phases      ] GC(896)   Pre Evacuate Collection Set: 0.28ms
[377.853s][info][gc,phases      ] GC(896)   Merge Heap Roots: 0.52ms
[377.853s][info][gc,phases      ] GC(896)   Evacuate Collection Set: 78.26ms
[377.853s][info][gc,phases      ] GC(896)   Post Evacuate Collection Set: 0.55ms
[377.853s][info][gc,phases      ] GC(896)   Other: 0.08ms
[377.853s][info][gc,heap        ] GC(896) Eden regions: 262->0(226)
[377.853s][info][gc,heap        ] GC(896) Survivor regions: 27->37(37)
[377.853s][info][gc,heap        ] GC(896) Old regions: 531->564
[377.853s][info][gc,heap        ] GC(896) Humongous regions: 7->7
[377.853s][info][gc,metaspace   ] GC(896) Metaspace: 18893K(19136K)->18893K(19136K) NonClass: 16229K(16384K)->16229K(16384K) Class: 2664K(2752K)->2664K(2752K)
[377.853s][info][gc             ] GC(896) Pause Young (Prepare Mixed) (G1 Evacuation Pause) 826M->607M(931M) 79.948ms
[377.853s][info][gc,cpu         ] GC(896) User=0.16s Sys=0.00s Real=0.08s
[378.118s][info][gc,start       ] GC(897) Pause Young (Mixed) (G1 Evacuation Pause)
[378.118s][info][gc,task        ] GC(897) Using 2 workers of 2 for evacuation
[378.232s][info][gc,phases      ] GC(897)   Pre Evacuate Collection Set: 0.52ms
[378.232s][info][gc,phases      ] GC(897)   Merge Heap Roots: 0.99ms
[378.232s][info][gc,phases      ] GC(897)   Evacuate Collection Set: 111.50ms
[378.232s][info][gc,phases      ] GC(897)   Post Evacuate Collection Set: 0.57ms
[378.232s][info][gc,phases      ] GC(897)   Other: 0.11ms
[378.232s][info][gc,heap        ] GC(897) Eden regions: 226->0(211)
[378.232s][info][gc,heap        ] GC(897) Survivor regions: 37->33(33)
[378.232s][info][gc,heap        ] GC(897) Old regions: 564->579
[378.232s][info][gc,heap        ] GC(897) Humongous regions: 7->7
[378.232s][info][gc,metaspace   ] GC(897) Metaspace: 18893K(19136K)->18893K(19136K) NonClass: 16229K(16384K)->16229K(16384K) Class: 2664K(2752K)->2664K(2752K)
[378.232s][info][gc             ] GC(897) Pause Young (Mixed) (G1 Evacuation Pause) 833M->618M(931M) 113.965ms
[378.232s][info][gc,cpu         ] GC(897) User=0.23s Sys=0.00s Real=0.12s
[378.329s][info][gc,start       ] GC(898) Pause Young (Concurrent Start) (G1 Humongous Allocation)
[378.329s][info][gc,task        ] GC(898) Using 2 workers of 2 for evacuation
[378.369s][info][gc,phases      ] GC(898)   Pre Evacuate Collection Set: 0.32ms
[378.369s][info][gc,phases      ] GC(898)   Merge Heap Roots: 0.23ms
[378.369s][info][gc,phases      ] GC(898)   Evacuate Collection Set: 38.85ms
[378.369s][info][gc,phases      ] GC(898)   Post Evacuate Collection Set: 0.43ms
[378.369s][info][gc,phases      ] GC(898)   Other: 0.20ms
[378.369s][info][gc,heap        ] GC(898) Eden regions: 56->0(218)
[378.369s][info][gc,heap        ] GC(898) Survivor regions: 33->6(31)
[378.369s][info][gc,heap        ] GC(898) Old regions: 579->612
[378.369s][info][gc,heap        ] GC(898) Humongous regions: 7->7
[378.369s][info][gc,metaspace   ] GC(898) Metaspace: 18893K(19136K)->18893K(19136K) NonClass: 16229K(16384K)->16229K(16384K) Class: 2664K(2752K)->2664K(2752K)
[378.369s][info][gc             ] GC(898) Pause Young (Concurrent Start) (G1 Humongous Allocation) 673M->624M(931M) 40.321ms
[378.369s][info][gc,cpu         ] GC(898) User=0.08s Sys=0.00s Real=0.04s
[378.369s][info][gc             ] GC(899) Concurrent Mark Cycle
[378.369s][info][gc,marking     ] GC(899) Concurrent Scan Root Regions
[378.419s][info][gc,marking     ] GC(899) Concurrent Scan Root Regions 49.996ms
[378.419s][info][gc,marking     ] GC(899) Concurrent Mark
[378.419s][info][gc,marking     ] GC(899) Concurrent Mark From Roots
[378.419s][info][gc,task        ] GC(899) Using 1 workers of 1 for marking
[378.784s][info][gc,start       ] GC(900) Pause Young (Normal) (G1 Evacuation Pause)
[378.784s][info][gc,task        ] GC(900) Using 2 workers of 2 for evacuation
[378.853s][info][gc,phases      ] GC(900)   Pre Evacuate Collection Set: 0.50ms
[378.853s][info][gc,phases      ] GC(900)   Merge Heap Roots: 0.31ms
[378.854s][info][gc,phases      ] GC(900)   Evacuate Collection Set: 68.06ms
[378.854s][info][gc,phases      ] GC(900)   Post Evacuate Collection Set: 0.57ms
[378.854s][info][gc,phases      ] GC(900)   Other: 0.10ms
[378.854s][info][gc,heap        ] GC(900) Eden regions: 218->0(175)
[378.854s][info][gc,heap        ] GC(900) Survivor regions: 6->28(28)
[378.854s][info][gc,heap        ] GC(900) Old regions: 612->635
[378.854s][info][gc,heap        ] GC(900) Humongous regions: 10->10
[378.854s][info][gc,metaspace   ] GC(900) Metaspace: 18893K(19136K)->18893K(19136K) NonClass: 16229K(16384K)->16229K(16384K) Class: 2664K(2752K)->2664K(2752K)
[378.854s][info][gc             ] GC(900) Pause Young (Normal) (G1 Evacuation Pause) 845M->672M(931M) 69.802ms
[378.854s][info][gc,cpu         ] GC(900) User=0.14s Sys=0.00s Real=0.07s
[379.083s][info][gc,start       ] GC(901) Pause Young (Normal) (G1 Evacuation Pause)
[379.083s][info][gc,task        ] GC(901) Using 2 workers of 2 for evacuation
[379.131s][info][gc,phases      ] GC(901)   Pre Evacuate Collection Set: 0.28ms
[379.131s][info][gc,phases      ] GC(901)   Merge Heap Roots: 0.35ms
[379.131s][info][gc,phases      ] GC(901)   Evacuate Collection Set: 46.56ms
[379.131s][info][gc,phases      ] GC(901)   Post Evacuate Collection Set: 0.59ms
[379.131s][info][gc,phases      ] GC(901)   Other: 0.07ms
[379.131s][info][gc,heap        ] GC(901) Eden regions: 175->0(192)
[379.131s][info][gc,heap        ] GC(901) Survivor regions: 28->5(26)
[379.131s][info][gc,heap        ] GC(901) Old regions: 635->664
[379.131s][info][gc,heap        ] GC(901) Humongous regions: 10->10
[379.131s][info][gc,metaspace   ] GC(901) Metaspace: 18893K(19136K)->18893K(19136K) NonClass: 16229K(16384K)->16229K(16384K) Class: 2664K(2752K)->2664K(2752K)
[379.131s][info][gc             ] GC(901) Pause Young (Normal) (G1 Evacuation Pause) 847M->678M(944M) 48.069ms
[379.131s][info][gc,cpu         ] GC(901) User=0.10s Sys=0.00s Real=0.05s
[379.445s][info][gc,start       ] GC(902) Pause Young (Normal) (G1 Evacuation Pause)
[379.446s][info][gc,task        ] GC(902) Using 2 workers of 2 for evacuation
[379.462s][info][gc,phases      ] GC(902)   Pre Evacuate Collection Set: 0.28ms
[379.462s][info][gc,phases      ] GC(902)   Merge Heap Roots: 0.21ms
[379.462s][info][gc,phases      ] GC(902)   Evacuate Collection Set: 15.11ms
[379.462s][info][gc,phases      ] GC(902)   Post Evacuate Collection Set: 0.39ms
[379.462s][info][gc,phases      ] GC(902)   Other: 0.14ms
[379.462s][info][gc,heap        ] GC(902) Eden regions: 192->0(197)
[379.462s][info][gc,heap        ] GC(902) Survivor regions: 5->9(25)
[379.462s][info][gc,heap        ] GC(902) Old regions: 664->664
[379.462s][info][gc,heap        ] GC(902) Humongous regions: 10->10
[379.462s][info][gc,metaspace   ] GC(902) Metaspace: 18893K(19136K)->18893K(19136K) NonClass: 16229K(16384K)->16229K(16384K) Class: 2664K(2752K)->2664K(2752K)
[379.462s][info][gc             ] GC(902) Pause Young (Normal) (G1 Evacuation Pause) 870M->682M(944M) 16.387ms
[379.462s][info][gc,cpu         ] GC(902) User=0.03s Sys=0.00s Real=0.02s
[379.897s][info][gc,start       ] GC(903) Pause Young (Normal) (G1 Evacuation Pause)
[379.897s][info][gc,task        ] GC(903) Using 2 workers of 2 for evacuation
[379.936s][info][gc,phases      ] GC(903)   Pre Evacuate Collection Set: 0.52ms
[379.936s][info][gc,phases      ] GC(903)   Merge Heap Roots: 0.19ms
[379.936s][info][gc,phases      ] GC(903)   Evacuate Collection Set: 37.32ms
[379.936s][info][gc,phases      ] GC(903)   Post Evacuate Collection Set: 0.44ms
[379.936s][info][gc,phases      ] GC(903)   Other: 0.10ms
[379.936s][info][gc,heap        ] GC(903) Eden regions: 197->0(163)
[379.936s][info][gc,heap        ] GC(903) Survivor regions: 9->26(26)
[379.936s][info][gc,heap        ] GC(903) Old regions: 664->671
[379.936s][info][gc,heap        ] GC(903) Humongous regions: 10->10
[379.936s][info][gc,metaspace   ] GC(903) Metaspace: 18893K(19136K)->18893K(19136K) NonClass: 16229K(16384K)->16229K(16384K) Class: 2664K(2752K)->2664K(2752K)
[379.936s][info][gc             ] GC(903) Pause Young (Normal) (G1 Evacuation Pause) 879M->706M(944M) 38.823ms
[379.936s][info][gc,cpu         ] GC(903) User=0.07s Sys=0.00s Real=0.04s
[379.972s][info][gc,marking     ] GC(899) Concurrent Mark From Roots 1552.402ms
[379.972s][info][gc,marking     ] GC(899) Concurrent Preclean
[379.972s][info][gc,marking     ] GC(899) Concurrent Preclean 0.053ms
[379.972s][info][gc,start       ] GC(899) Pause Remark
[379.980s][info][gc             ] GC(899) Pause Remark 725M->596M(964M) 7.815ms
[379.980s][info][gc,cpu         ] GC(899) User=0.02s Sys=0.00s Real=0.00s
[379.980s][info][gc,marking     ] GC(899) Concurrent Mark 1561.191ms
[379.980s][info][gc,marking     ] GC(899) Concurrent Rebuild Remembered Sets and Scrub Regions
[380.534s][info][gc,start       ] GC(904) Pause Young (Normal) (G1 Evacuation Pause)
[380.534s][info][gc,task        ] GC(904) Using 2 workers of 2 for evacuation
[380.567s][info][gc,phases      ] GC(904)   Pre Evacuate Collection Set: 0.52ms
[380.567s][info][gc,phases      ] GC(904)   Merge Heap Roots: 0.30ms
[380.567s][info][gc,phases      ] GC(904)   Evacuate Collection Set: 31.77ms
[380.567s][info][gc,phases      ] GC(904)   Post Evacuate Collection Set: 0.39ms
[380.567s][info][gc,phases      ] GC(904)   Other: 0.12ms
[380.567s][info][gc,heap        ] GC(904) Eden regions: 162->0(283)
[380.567s][info][gc,heap        ] GC(904) Survivor regions: 26->2(24)
[380.567s][info][gc,heap        ] GC(904) Old regions: 545->572
[380.567s][info][gc,heap        ] GC(904) Humongous regions: 7->7
[380.567s][info][gc,metaspace   ] GC(904) Metaspace: 18893K(19136K)->18893K(19136K) NonClass: 16229K(16384K)->16229K(16384K) Class: 2664K(2752K)->2664K(2752K)
[380.567s][info][gc             ] GC(904) Pause Young (Normal) (G1 Evacuation Pause) 739M->580M(964M) 33.359ms
[380.567s][info][gc,cpu         ] GC(904) User=0.07s Sys=0.00s Real=0.03s
[380.592s][info][gc,marking     ] GC(899) Concurrent Rebuild Remembered Sets and Scrub Regions 611.650ms
[380.592s][info][gc,start       ] GC(899) Pause Cleanup
[380.592s][info][gc             ] GC(899) Pause Cleanup 588M->588M(964M) 0.089ms
[380.592s][info][gc,cpu         ] GC(899) User=0.00s Sys=0.00s Real=0.00s
[380.593s][info][gc,marking     ] GC(899) Concurrent Clear Claimed Marks
[380.593s][info][gc,marking     ] GC(899) Concurrent Clear Claimed Marks 0.057ms
[380.593s][info][gc,marking     ] GC(899) Concurrent Cleanup for Next Mark
[380.599s][info][gc,marking     ] GC(899) Concurrent Cleanup for Next Mark 5.288ms
[380.599s][info][gc             ] GC(899) Concurrent Mark Cycle 2229.763ms
[381.115s][info][gc,start       ] GC(905) Pause Young (Prepare Mixed) (G1 Evacuation Pause)
[381.115s][info][gc,task        ] GC(905) Using 2 workers of 2 for evacuation
[381.151s][info][gc,phases      ] GC(905)   Pre Evacuate Collection Set: 0.30ms
[381.151s][info][gc,phases      ] GC(905)   Merge Heap Roots: 0.41ms
[381.151s][info][gc,phases      ] GC(905)   Evacuate Collection Set: 34.63ms
[381.151s][info][gc,phases      ] GC(905)   Post Evacuate Collection Set: 0.51ms
[381.151s][info][gc,phases      ] GC(905)   Other: 0.09ms
[381.151s][info][gc,heap        ] GC(905) Eden regions: 283->0(264)
[381.151s][info][gc,heap        ] GC(905) Survivor regions: 2->27(36)
[381.151s][info][gc,heap        ] GC(905) Old regions: 572->572
[381.151s][info][gc,heap        ] GC(905) Humongous regions: 7->7
[381.151s][info][gc,metaspace   ] GC(905) Metaspace: 18893K(19136K)->18893K(19136K) NonClass: 16229K(16384K)->16229K(16384K) Class: 2664K(2752K)->2664K(2752K)
[381.151s][info][gc             ] GC(905) Pause Young (Prepare Mixed) (G1 Evacuation Pause) 863M->604M(964M) 36.130ms
[381.151s][info][gc,cpu         ] GC(905) User=0.07s Sys=0.00s Real=0.04s
[381.430s][info][gc,start       ] GC(906) Pause Young (Mixed) (G1 Evacuation Pause)
[381.430s][info][gc,task        ] GC(906) Using 2 workers of 2 for evacuation
[381.496s][info][gc,phases      ] GC(906)   Pre Evacuate Collection Set: 0.32ms
[381.496s][info][gc,phases      ] GC(906)   Merge Heap Roots: 0.14ms
[381.496s][info][gc,phases      ] GC(906)   Evacuate Collection Set: 65.22ms
[381.497s][info][gc,phases      ] GC(906)   Post Evacuate Collection Set: 0.62ms
[381.497s][info][gc,phases      ] GC(906)   Other: 0.10ms
[381.497s][info][gc,heap        ] GC(906) Eden regions: 264->0(233)
[381.497s][info][gc,heap        ] GC(906) Survivor regions: 27->37(37)
[381.497s][info][gc,heap        ] GC(906) Old regions: 572->591
[381.497s][info][gc,heap        ] GC(906) Humongous regions: 7->7
[381.497s][info][gc,metaspace   ] GC(906) Metaspace: 18894K(19136K)->18894K(19136K) NonClass: 16229K(16384K)->16229K(16384K) Class: 2664K(2752K)->2664K(2752K)
[381.497s][info][gc             ] GC(906) Pause Young (Mixed) (G1 Evacuation Pause) 868M->634M(964M) 66.627ms
[381.497s][info][gc,cpu         ] GC(906) User=0.13s Sys=0.00s Real=0.07s
[381.589s][info][gc,start       ] GC(907) Pause Young (Concurrent Start) (G1 Humongous Allocation)
[381.589s][info][gc,task        ] GC(907) Using 2 workers of 2 for evacuation
[381.633s][info][gc,phases      ] GC(907)   Pre Evacuate Collection Set: 0.29ms
[381.633s][info][gc,phases      ] GC(907)   Merge Heap Roots: 0.29ms
[381.633s][info][gc,phases      ] GC(907)   Evacuate Collection Set: 43.52ms
[381.633s][info][gc,phases      ] GC(907)   Post Evacuate Collection Set: 0.44ms
[381.633s][info][gc,phases      ] GC(907)   Other: 0.10ms
[381.633s][info][gc,heap        ] GC(907) Eden regions: 51->0(239)
[381.633s][info][gc,heap        ] GC(907) Survivor regions: 37->6(34)
[381.633s][info][gc,heap        ] GC(907) Old regions: 591->628
[381.633s][info][gc,heap        ] GC(907) Humongous regions: 7->7
[381.634s][info][gc,metaspace   ] GC(907) Metaspace: 18894K(19136K)->18894K(19136K) NonClass: 16229K(16384K)->16229K(16384K) Class: 2664K(2752K)->2664K(2752K)
[381.634s][info][gc             ] GC(907) Pause Young (Concurrent Start) (G1 Humongous Allocation) 685M->640M(964M) 44.861ms
[381.634s][info][gc,cpu         ] GC(907) User=0.09s Sys=0.00s Real=0.05s
[381.634s][info][gc             ] GC(908) Concurrent Mark Cycle
[381.635s][info][gc,marking     ] GC(908) Concurrent Scan Root Regions
[381.691s][info][gc,marking     ] GC(908) Concurrent Scan Root Regions 55.260ms
[381.691s][info][gc,marking     ] GC(908) Concurrent Mark
[381.691s][info][gc,marking     ] GC(908) Concurrent Mark From Roots
[381.691s][info][gc,task        ] GC(908) Using 1 workers of 1 for marking
[382.071s][info][gc,start       ] GC(909) Pause Young (Normal) (G1 Evacuation Pause)
[382.072s][info][gc,task        ] GC(909) Using 2 workers of 2 for evacuation
[382.144s][info][gc,phases      ] GC(909)   Pre Evacuate Collection Set: 0.30ms
[382.144s][info][gc,phases      ] GC(909)   Merge Heap Roots: 0.30ms
[382.144s][info][gc,phases      ] GC(909)   Evacuate Collection Set: 71.53ms
[382.144s][info][gc,phases      ] GC(909)   Post Evacuate Collection Set: 0.64ms
[382.144s][info][gc,phases      ] GC(909)   Other: 0.12ms
[382.145s][info][gc,heap        ] GC(909) Eden regions: 239->0(192)
[382.145s][info][gc,heap        ] GC(909) Survivor regions: 6->31(31)
[382.145s][info][gc,heap        ] GC(909) Old regions: 628->653
[382.145s][info][gc,heap        ] GC(909) Humongous regions: 10->10
[382.145s][info][gc,metaspace   ] GC(909) Metaspace: 18894K(19136K)->18894K(19136K) NonClass: 16229K(16384K)->16229K(16384K) Class: 2664K(2752K)->2664K(2752K)
[382.145s][info][gc             ] GC(909) Pause Young (Normal) (G1 Evacuation Pause) 882M->693M(968M) 73.107ms
[382.145s][info][gc,cpu         ] GC(909) User=0.15s Sys=0.00s Real=0.07s
[382.388s][info][gc,start       ] GC(910) Pause Young (Normal) (G1 Evacuation Pause)
[382.388s][info][gc,task        ] GC(910) Using 2 workers of 2 for evacuation
[382.431s][info][gc,phases      ] GC(910)   Pre Evacuate Collection Set: 0.30ms
[382.431s][info][gc,phases      ] GC(910)   Merge Heap Roots: 0.28ms
[382.431s][info][gc,phases      ] GC(910)   Evacuate Collection Set: 41.75ms
[382.431s][info][gc,phases      ] GC(910)   Post Evacuate Collection Set: 0.42ms
[382.431s][info][gc,phases      ] GC(910)   Other: 0.07ms
[382.431s][info][gc,heap        ] GC(910) Eden regions: 192->0(204)
[382.431s][info][gc,heap        ] GC(910) Survivor regions: 31->1(28)
[382.431s][info][gc,heap        ] GC(910) Old regions: 653->684
[382.431s][info][gc,heap        ] GC(910) Humongous regions: 10->10
[382.431s][info][gc,metaspace   ] GC(910) Metaspace: 18894K(19136K)->18894K(19136K) NonClass: 16229K(16384K)->16229K(16384K) Class: 2664K(2752K)->2664K(2752K)
[382.431s][info][gc             ] GC(910) Pause Young (Normal) (G1 Evacuation Pause) 885M->694M(968M) 43.044ms
[382.431s][info][gc,cpu         ] GC(910) User=0.09s Sys=0.00s Real=0.05s
[382.809s][info][gc,start       ] GC(911) Pause Young (Normal) (G1 Evacuation Pause)
[382.809s][info][gc,task        ] GC(911) Using 2 workers of 2 for evacuation
[382.830s][info][gc,phases      ] GC(911)   Pre Evacuate Collection Set: 0.55ms
[382.830s][info][gc,phases      ] GC(911)   Merge Heap Roots: 0.19ms
[382.830s][info][gc,phases      ] GC(911)   Evacuate Collection Set: 19.27ms
[382.830s][info][gc,phases      ] GC(911)   Post Evacuate Collection Set: 0.43ms
[382.830s][info][gc,phases      ] GC(911)   Other: 0.08ms
[382.830s][info][gc,heap        ] GC(911) Eden regions: 204->0(197)
[382.830s][info][gc,heap        ] GC(911) Survivor regions: 1->14(26)
[382.830s][info][gc,heap        ] GC(911) Old regions: 684->684
[382.830s][info][gc,heap        ] GC(911) Humongous regions: 10->10
[382.830s][info][gc,metaspace   ] GC(911) Metaspace: 18894K(19136K)->18894K(19136K) NonClass: 16229K(16384K)->16229K(16384K) Class: 2664K(2752K)->2664K(2752K)
[382.830s][info][gc             ] GC(911) Pause Young (Normal) (G1 Evacuation Pause) 898M->707M(968M) 20.760ms
[382.830s][info][gc,cpu         ] GC(911) User=0.04s Sys=0.00s Real=0.02s
[383.350s][info][gc,start       ] GC(912) Pause Young (Normal) (G1 Evacuation Pause)
[383.351s][info][gc,task        ] GC(912) Using 2 workers of 2 for evacuation
[383.390s][info][gc,phases      ] GC(912)   Pre Evacuate Collection Set: 0.29ms
[383.390s][info][gc,phases      ] GC(912)   Merge Heap Roots: 0.28ms
[383.390s][info][gc,phases      ] GC(912)   Evacuate Collection Set: 37.88ms
[383.390s][info][gc,phases      ] GC(912)   Post Evacuate Collection Set: 0.45ms
[383.390s][info][gc,phases      ] GC(912)   Other: 0.09ms
[383.390s][info][gc,heap        ] GC(912) Eden regions: 197->0(167)
[383.390s][info][gc,heap        ] GC(912) Survivor regions: 14->27(27)
[383.390s][info][gc,heap        ] GC(912) Old regions: 684->688
[383.390s][info][gc,heap        ] GC(912) Humongous regions: 10->10
[383.390s][info][gc,metaspace   ] GC(912) Metaspace: 18894K(19136K)->18894K(19136K) NonClass: 16229K(16384K)->16229K(16384K) Class: 2664K(2752K)->2664K(2752K)
[383.390s][info][gc             ] GC(912) Pause Young (Normal) (G1 Evacuation Pause) 904M->724M(968M) 39.282ms
[383.390s][info][gc,cpu         ] GC(912) User=0.08s Sys=0.00s Real=0.03s
[383.705s][info][gc,marking     ] GC(908) Concurrent Mark From Roots 2014.380ms
[383.705s][info][gc,marking     ] GC(908) Concurrent Preclean
[383.705s][info][gc,marking     ] GC(908) Concurrent Preclean 0.048ms
[383.705s][info][gc,start       ] GC(908) Pause Remark
[383.713s][info][gc             ] GC(908) Pause Remark 792M->778M(978M) 7.676ms
[383.713s][info][gc,cpu         ] GC(908) User=0.01s Sys=0.00s Real=0.01s
[383.713s][info][gc,marking     ] GC(908) Concurrent Mark 2022.435ms
[383.713s][info][gc,marking     ] GC(908) Concurrent Rebuild Remembered Sets and Scrub Regions
[384.056s][info][gc,start       ] GC(913) Pause Young (Normal) (G1 Evacuation Pause)
[384.056s][info][gc,task        ] GC(913) Using 2 workers of 2 for evacuation
[384.099s][info][gc,phases      ] GC(913)   Pre Evacuate Collection Set: 0.48ms
[384.099s][info][gc,phases      ] GC(913)   Merge Heap Roots: 0.51ms
[384.099s][info][gc,phases      ] GC(913)   Evacuate Collection Set: 41.62ms
[384.099s][info][gc,phases      ] GC(913)   Post Evacuate Collection Set: 0.42ms
[384.099s][info][gc,phases      ] GC(913)   Other: 0.08ms
[384.099s][info][gc,heap        ] GC(913) Eden regions: 166->0(207)
[384.099s][info][gc,heap        ] GC(913) Survivor regions: 27->2(25)
[384.099s][info][gc,heap        ] GC(913) Old regions: 675->703
[384.099s][info][gc,heap        ] GC(913) Humongous regions: 9->9
[384.099s][info][gc,metaspace   ] GC(913) Metaspace: 18894K(19136K)->18894K(19136K) NonClass: 16229K(16384K)->16229K(16384K) Class: 2664K(2752K)->2664K(2752K)
[384.099s][info][gc             ] GC(913) Pause Young (Normal) (G1 Evacuation Pause) 876M->712M(978M) 43.309ms
[384.099s][info][gc,cpu         ] GC(913) User=0.08s Sys=0.00s Real=0.04s
[384.372s][info][gc,marking     ] GC(908) Concurrent Rebuild Remembered Sets and Scrub Regions 658.623ms
[384.372s][info][gc,start       ] GC(908) Pause Cleanup
[384.372s][info][gc             ] GC(908) Pause Cleanup 851M->851M(978M) 0.108ms
[384.372s][info][gc,cpu         ] GC(908) User=0.00s Sys=0.00s Real=0.00s
[384.372s][info][gc,marking     ] GC(908) Concurrent Clear Claimed Marks
[384.372s][info][gc,marking     ] GC(908) Concurrent Clear Claimed Marks 0.030ms
[384.372s][info][gc,marking     ] GC(908) Concurrent Cleanup for Next Mark
[384.375s][info][gc,marking     ] GC(908) Concurrent Cleanup for Next Mark 2.977ms
[384.375s][info][gc             ] GC(908) Concurrent Mark Cycle 2741.603ms
[384.458s][info][gc,start       ] GC(914) Pause Young (Prepare Mixed) (G1 Evacuation Pause)
[384.458s][info][gc,task        ] GC(914) Using 2 workers of 2 for evacuation
[384.467s][info][gc,phases      ] GC(914)   Pre Evacuate Collection Set: 0.28ms
[384.467s][info][gc,phases      ] GC(914)   Merge Heap Roots: 0.11ms
[384.467s][info][gc,phases      ] GC(914)   Evacuate Collection Set: 8.36ms
[384.467s][info][gc,phases      ] GC(914)   Post Evacuate Collection Set: 0.41ms
[384.467s][info][gc,phases      ] GC(914)   Other: 0.10ms
[384.467s][info][gc,heap        ] GC(914) Eden regions: 207->0(200)
[384.467s][info][gc,heap        ] GC(914) Survivor regions: 2->8(27)
[384.467s][info][gc,heap        ] GC(914) Old regions: 703->703
[384.467s][info][gc,heap        ] GC(914) Humongous regions: 9->9
[384.467s][info][gc,metaspace   ] GC(914) Metaspace: 18905K(19136K)->18905K(19136K) NonClass: 16241K(16384K)->16241K(16384K) Class: 2664K(2752K)->2664K(2752K)
[384.467s][info][gc             ] GC(914) Pause Young (Prepare Mixed) (G1 Evacuation Pause) 919M->719M(978M) 9.472ms
[384.467s][info][gc,cpu         ] GC(914) User=0.01s Sys=0.00s Real=0.01s
[384.680s][info][gc,start       ] GC(915) Pause Young (Mixed) (G1 Evacuation Pause)
[384.680s][info][gc,task        ] GC(915) Using 2 workers of 2 for evacuation
[384.717s][info][gc,phases      ] GC(915)   Pre Evacuate Collection Set: 0.55ms
[384.717s][info][gc,phases      ] GC(915)   Merge Heap Roots: 0.17ms
[384.717s][info][gc,phases      ] GC(915)   Evacuate Collection Set: 35.45ms
[384.717s][info][gc,phases      ] GC(915)   Post Evacuate Collection Set: 0.52ms
[384.717s][info][gc,phases      ] GC(915)   Other: 0.09ms
[384.717s][info][gc,heap        ] GC(915) Eden regions: 200->0(171)
[384.717s][info][gc,heap        ] GC(915) Survivor regions: 8->26(26)
[384.717s][info][gc,heap        ] GC(915) Old regions: 703->696
[384.717s][info][gc,heap        ] GC(915) Humongous regions: 9->9
[384.717s][info][gc,metaspace   ] GC(915) Metaspace: 18905K(19136K)->18905K(19136K) NonClass: 16241K(16384K)->16241K(16384K) Class: 2664K(2752K)->2664K(2752K)
[384.717s][info][gc             ] GC(915) Pause Young (Mixed) (G1 Evacuation Pause) 919M->730M(978M) 37.057ms
[384.717s][info][gc,cpu         ] GC(915) User=0.07s Sys=0.00s Real=0.04s
[384.890s][info][gc,start       ] GC(916) Pause Young (Concurrent Start) (G1 Evacuation Pause)
[384.890s][info][gc,task        ] GC(916) Using 2 workers of 2 for evacuation
[384.925s][info][gc,phases      ] GC(916)   Pre Evacuate Collection Set: 0.37ms
[384.925s][info][gc,phases      ] GC(916)   Merge Heap Roots: 0.17ms
[384.925s][info][gc,phases      ] GC(916)   Evacuate Collection Set: 34.07ms
[384.925s][info][gc,phases      ] GC(916)   Post Evacuate Collection Set: 0.47ms
[384.925s][info][gc,phases      ] GC(916)   Other: 0.22ms
[384.925s][info][gc,heap        ] GC(916) Eden regions: 171->0(176)
[384.925s][info][gc,heap        ] GC(916) Survivor regions: 26->10(25)
[384.925s][info][gc,heap        ] GC(916) Old regions: 696->723
[384.925s][info][gc,heap        ] GC(916) Humongous regions: 9->9
[384.925s][info][gc,metaspace   ] GC(916) Metaspace: 18905K(19136K)->18905K(19136K) NonClass: 16241K(16384K)->16241K(16384K) Class: 2664K(2752K)->2664K(2752K)
[384.925s][info][gc             ] GC(916) Pause Young (Concurrent Start) (G1 Evacuation Pause) 901M->740M(978M) 35.555ms
[384.925s][info][gc             ] GC(917) Concurrent Mark Cycle
[384.925s][info][gc,marking     ] GC(917) Concurrent Scan Root Regions
[384.927s][info][gc,cpu         ] GC(916) User=0.07s Sys=0.00s Real=0.04s
[384.964s][info][gc,marking     ] GC(917) Concurrent Scan Root Regions 39.232ms
[384.965s][info][gc,marking     ] GC(917) Concurrent Mark
[384.965s][info][gc,marking     ] GC(917) Concurrent Mark From Roots
[384.965s][info][gc,task        ] GC(917) Using 1 workers of 1 for marking
[385.534s][info][gc,start       ] GC(918) Pause Young (Normal) (G1 Evacuation Pause)
[385.534s][info][gc,task        ] GC(918) Using 2 workers of 2 for evacuation
[385.548s][info][gc,phases      ] GC(918)   Pre Evacuate Collection Set: 0.30ms
[385.548s][info][gc,phases      ] GC(918)   Merge Heap Roots: 0.11ms
[385.548s][info][gc,phases      ] GC(918)   Evacuate Collection Set: 12.74ms
[385.548s][info][gc,phases      ] GC(918)   Post Evacuate Collection Set: 0.39ms
[385.548s][info][gc,phases      ] GC(918)   Other: 0.09ms
[385.548s][info][gc,heap        ] GC(918) Eden regions: 176->0(170)
[385.548s][info][gc,heap        ] GC(918) Survivor regions: 10->13(24)
[385.548s][info][gc,heap        ] GC(918) Old regions: 723->723
[385.548s][info][gc,heap        ] GC(918) Humongous regions: 9->9
[385.548s][info][gc,metaspace   ] GC(918) Metaspace: 18905K(19136K)->18905K(19136K) NonClass: 16241K(16384K)->16241K(16384K) Class: 2664K(2752K)->2664K(2752K)
[385.548s][info][gc             ] GC(918) Pause Young (Normal) (G1 Evacuation Pause) 916M->744M(978M) 13.817ms
[385.548s][info][gc,cpu         ] GC(918) User=0.03s Sys=0.00s Real=0.01s
[385.859s][info][gc,start       ] GC(919) Pause Young (Normal) (G1 Evacuation Pause)
[385.859s][info][gc,task        ] GC(919) Using 2 workers of 2 for evacuation
[385.886s][info][gc,phases      ] GC(919)   Pre Evacuate Collection Set: 0.52ms
[385.886s][info][gc,phases      ] GC(919)   Merge Heap Roots: 0.14ms
[385.886s][info][gc,phases      ] GC(919)   Evacuate Collection Set: 25.19ms
[385.886s][info][gc,phases      ] GC(919)   Post Evacuate Collection Set: 0.43ms
[385.886s][info][gc,phases      ] GC(919)   Other: 0.09ms
[385.886s][info][gc,heap        ] GC(919) Eden regions: 170->0(153)
[385.886s][info][gc,heap        ] GC(919) Survivor regions: 13->17(23)
[385.886s][info][gc,heap        ] GC(919) Old regions: 723->732
[385.886s][info][gc,heap        ] GC(919) Humongous regions: 9->9
[385.886s][info][gc,metaspace   ] GC(919) Metaspace: 18905K(19136K)->18905K(19136K) NonClass: 16241K(16384K)->16241K(16384K) Class: 2664K(2752K)->2664K(2752K)
[385.886s][info][gc             ] GC(919) Pause Young (Normal) (G1 Evacuation Pause) 914M->756M(978M) 26.610ms
[385.886s][info][gc,cpu         ] GC(919) User=0.05s Sys=0.00s Real=0.03s
[386.082s][info][gc,start       ] GC(920) Pause Young (Normal) (G1 Evacuation Pause)
[386.083s][info][gc,task        ] GC(920) Using 2 workers of 2 for evacuation
[386.146s][info][gc,phases      ] GC(920)   Pre Evacuate Collection Set: 0.32ms
[386.146s][info][gc,phases      ] GC(920)   Merge Heap Roots: 0.09ms
[386.146s][info][gc,phases      ] GC(920)   Evacuate Collection Set: 62.18ms
[386.146s][info][gc,phases      ] GC(920)   Post Evacuate Collection Set: 1.10ms
[386.146s][info][gc,phases      ] GC(920)   Other: 0.08ms
[386.146s][info][gc,heap        ] GC(920) Eden regions: 153->0(91)
[386.146s][info][gc,heap        ] GC(920) Survivor regions: 17->22(22)
[386.146s][info][gc,heap        ] GC(920) Old regions: 732->784
[386.146s][info][gc,heap        ] GC(920) Humongous regions: 9->9
[386.146s][info][gc,metaspace   ] GC(920) Metaspace: 18905K(19136K)->18905K(19136K) NonClass: 16241K(16384K)->16241K(16384K) Class: 2664K(2752K)->2664K(2752K)
[386.146s][info][gc             ] GC(920) Pause Young (Normal) (G1 Evacuation Pause) (Evacuation Failure: Allocation) 909M->814M(978M) 64.010ms
[386.146s][info][gc,cpu         ] GC(920) User=0.13s Sys=0.00s Real=0.06s
[386.414s][info][gc,start       ] GC(921) Pause Young (Normal) (G1 Evacuation Pause)
[386.414s][info][gc,task        ] GC(921) Using 2 workers of 2 for evacuation
[386.458s][info][gc,phases      ] GC(921)   Pre Evacuate Collection Set: 0.29ms
[386.458s][info][gc,phases      ] GC(921)   Merge Heap Roots: 0.28ms
[386.458s][info][gc,phases      ] GC(921)   Evacuate Collection Set: 42.25ms
[386.458s][info][gc,phases      ] GC(921)   Post Evacuate Collection Set: 0.38ms
[386.458s][info][gc,phases      ] GC(921)   Other: 0.10ms
[386.458s][info][gc,heap        ] GC(921) Eden regions: 91->0(85)
[386.458s][info][gc,heap        ] GC(921) Survivor regions: 22->15(15)
[386.458s][info][gc,heap        ] GC(921) Old regions: 784->804
[386.458s][info][gc,heap        ] GC(921) Humongous regions: 9->9
[386.458s][info][gc,metaspace   ] GC(921) Metaspace: 18905K(19136K)->18905K(19136K) NonClass: 16241K(16384K)->16241K(16384K) Class: 2664K(2752K)->2664K(2752K)
[386.458s][info][gc             ] GC(921) Pause Young (Normal) (G1 Evacuation Pause) 905M->827M(978M) 43.521ms
[386.458s][info][gc,cpu         ] GC(921) User=0.09s Sys=0.00s Real=0.04s
[386.603s][info][gc,start       ] GC(922) Pause Young (Normal) (G1 Evacuation Pause)
[386.603s][info][gc,task        ] GC(922) Using 2 workers of 2 for evacuation
[386.622s][info][gc,phases      ] GC(922)   Pre Evacuate Collection Set: 0.30ms
[386.622s][info][gc,phases      ] GC(922)   Merge Heap Roots: 0.15ms
[386.622s][info][gc,phases      ] GC(922)   Evacuate Collection Set: 17.86ms
[386.622s][info][gc,phases      ] GC(922)   Post Evacuate Collection Set: 0.32ms
[386.622s][info][gc,phases      ] GC(922)   Other: 0.09ms
[386.622s][info][gc,heap        ] GC(922) Eden regions: 85->0(94)
[386.622s][info][gc,heap        ] GC(922) Survivor regions: 15->3(13)
[386.622s][info][gc,heap        ] GC(922) Old regions: 804->819
[386.622s][info][gc,heap        ] GC(922) Humongous regions: 9->9
[386.622s][info][gc,metaspace   ] GC(922) Metaspace: 18905K(19136K)->18905K(19136K) NonClass: 16241K(16384K)->16241K(16384K) Class: 2664K(2752K)->2664K(2752K)
[386.622s][info][gc             ] GC(922) Pause Young (Normal) (G1 Evacuation Pause) 912M->830M(978M) 18.953ms
[386.622s][info][gc,cpu         ] GC(922) User=0.04s Sys=0.00s Real=0.02s
[386.802s][info][gc,marking     ] GC(917) Concurrent Mark From Roots 1837.063ms
[386.802s][info][gc,marking     ] GC(917) Concurrent Preclean
[386.802s][info][gc,marking     ] GC(917) Concurrent Preclean 0.062ms
[386.802s][info][gc,start       ] GC(917) Pause Remark
[386.809s][info][gc             ] GC(917) Pause Remark 918M->791M(978M) 7.423ms
[386.809s][info][gc,cpu         ] GC(917) User=0.01s Sys=0.00s Real=0.00s
[386.810s][info][gc,marking     ] GC(917) Concurrent Mark 1845.849ms
[386.810s][info][gc,marking     ] GC(917) Concurrent Rebuild Remembered Sets and Scrub Regions
[386.833s][info][gc,start       ] GC(923) Pause Young (Normal) (G1 Evacuation Pause)
[386.833s][info][gc,task        ] GC(923) Using 2 workers of 2 for evacuation
[386.868s][info][gc,phases      ] GC(923)   Pre Evacuate Collection Set: 0.44ms
[386.868s][info][gc,phases      ] GC(923)   Merge Heap Roots: 0.30ms
[386.868s][info][gc,phases      ] GC(923)   Evacuate Collection Set: 32.98ms
[386.868s][info][gc,phases      ] GC(923)   Post Evacuate Collection Set: 0.45ms
[386.868s][info][gc,phases      ] GC(923)   Other: 0.07ms
[386.868s][info][gc,heap        ] GC(923) Eden regions: 94->0(173)
[386.868s][info][gc,heap        ] GC(923) Survivor regions: 3->13(13)
[386.868s][info][gc,heap        ] GC(923) Old regions: 695->699
[386.868s][info][gc,heap        ] GC(923) Humongous regions: 9->9
[386.868s][info][gc,metaspace   ] GC(923) Metaspace: 18905K(19136K)->18905K(19136K) NonClass: 16241K(16384K)->16241K(16384K) Class: 2664K(2752K)->2664K(2752K)
[386.868s][info][gc             ] GC(923) Pause Young (Normal) (G1 Evacuation Pause) 800M->720M(978M) 34.428ms
[386.868s][info][gc,cpu         ] GC(923) User=0.06s Sys=0.00s Real=0.03s
[387.169s][info][gc,start       ] GC(924) Pause Young (Normal) (G1 Evacuation Pause)
[387.170s][info][gc,task        ] GC(924) Using 2 workers of 2 for evacuation
[387.248s][info][gc,phases      ] GC(924)   Pre Evacuate Collection Set: 0.29ms
[387.248s][info][gc,phases      ] GC(924)   Merge Heap Roots: 1.08ms
[387.248s][info][gc,phases      ] GC(924)   Evacuate Collection Set: 76.44ms
[387.248s][info][gc,phases      ] GC(924)   Post Evacuate Collection Set: 0.50ms
[387.248s][info][gc,phases      ] GC(924)   Other: 0.07ms
[387.248s][info][gc,heap        ] GC(924) Eden regions: 173->0(144)
[387.248s][info][gc,heap        ] GC(924) Survivor regions: 13->24(24)
[387.248s][info][gc,heap        ] GC(924) Old regions: 699->725
[387.248s][info][gc,heap        ] GC(924) Humongous regions: 9->9
[387.248s][info][gc,metaspace   ] GC(924) Metaspace: 18905K(19136K)->18905K(19136K) NonClass: 16241K(16384K)->16241K(16384K) Class: 2664K(2752K)->2664K(2752K)
[387.248s][info][gc             ] GC(924) Pause Young (Normal) (G1 Evacuation Pause) 893M->757M(978M) 78.623ms
[387.248s][info][gc,cpu         ] GC(924) User=0.16s Sys=0.00s Real=0.08s
[387.409s][info][gc,start       ] GC(925) Pause Young (Normal) (G1 Evacuation Pause)
[387.409s][info][gc,task        ] GC(925) Using 2 workers of 2 for evacuation
[387.450s][info][gc,phases      ] GC(925)   Pre Evacuate Collection Set: 0.52ms
[387.450s][info][gc,phases      ] GC(925)   Merge Heap Roots: 0.30ms
[387.450s][info][gc,phases      ] GC(925)   Evacuate Collection Set: 39.74ms
[387.450s][info][gc,phases      ] GC(925)   Post Evacuate Collection Set: 0.37ms
[387.450s][info][gc,phases      ] GC(925)   Other: 0.07ms
[387.450s][info][gc,heap        ] GC(925) Eden regions: 144->0(148)
[387.450s][info][gc,heap        ] GC(925) Survivor regions: 24->5(21)
[387.450s][info][gc,heap        ] GC(925) Old regions: 725->750
[387.450s][info][gc,heap        ] GC(925) Humongous regions: 9->9
[387.450s][info][gc,metaspace   ] GC(925) Metaspace: 18905K(19136K)->18905K(19136K) NonClass: 16241K(16384K)->16241K(16384K) Class: 2664K(2752K)->2664K(2752K)
[387.450s][info][gc             ] GC(925) Pause Young (Normal) (G1 Evacuation Pause) 901M->762M(978M) 41.216ms
[387.450s][info][gc,cpu         ] GC(925) User=0.08s Sys=0.00s Real=0.05s
[387.686s][info][gc,marking     ] GC(917) Concurrent Rebuild Remembered Sets and Scrub Regions 875.102ms
[387.686s][info][gc,start       ] GC(917) Pause Cleanup
[387.686s][info][gc             ] GC(917) Pause Cleanup 903M->903M(978M) 0.111ms
[387.686s][info][gc,cpu         ] GC(917) User=0.00s Sys=0.00s Real=0.00s
[387.686s][info][gc,marking     ] GC(917) Concurrent Clear Claimed Marks
[387.686s][info][gc,marking     ] GC(917) Concurrent Clear Claimed Marks 0.030ms
[387.686s][info][gc,marking     ] GC(917) Concurrent Cleanup for Next Mark
[387.689s][info][gc,marking     ] GC(917) Concurrent Cleanup for Next Mark 2.879ms
[387.689s][info][gc             ] GC(917) Concurrent Mark Cycle 2763.665ms
[387.699s][info][gc,start       ] GC(926) Pause Young (Prepare Mixed) (G1 Evacuation Pause)
[387.699s][info][gc,task        ] GC(926) Using 2 workers of 2 for evacuation
[387.716s][info][gc,phases      ] GC(926)   Pre Evacuate Collection Set: 0.27ms
[387.716s][info][gc,phases      ] GC(926)   Merge Heap Roots: 0.21ms
[387.716s][info][gc,phases      ] GC(926)   Evacuate Collection Set: 15.66ms
[387.716s][info][gc,phases      ] GC(926)   Post Evacuate Collection Set: 0.39ms
[387.716s][info][gc,phases      ] GC(926)   Other: 0.07ms
[387.716s][info][gc,heap        ] GC(926) Eden regions: 148->0(151)
[387.716s][info][gc,heap        ] GC(926) Survivor regions: 5->9(20)
[387.716s][info][gc,heap        ] GC(926) Old regions: 750->750
[387.716s][info][gc,heap        ] GC(926) Humongous regions: 9->9
[387.716s][info][gc,metaspace   ] GC(926) Metaspace: 18905K(19136K)->18905K(19136K) NonClass: 16241K(16384K)->16241K(16384K) Class: 2664K(2752K)->2664K(2752K)
[387.716s][info][gc             ] GC(926) Pause Young (Prepare Mixed) (G1 Evacuation Pause) 910M->767M(978M) 16.734ms
[387.716s][info][gc,cpu         ] GC(926) User=0.03s Sys=0.00s Real=0.02s
[387.813s][info][gc,start       ] GC(927) Pause Young (Mixed) (G1 Evacuation Pause)
[387.813s][info][gc,task        ] GC(927) Using 2 workers of 2 for evacuation
[387.859s][info][gc,phases      ] GC(927)   Pre Evacuate Collection Set: 0.31ms
[387.859s][info][gc,phases      ] GC(927)   Merge Heap Roots: 0.16ms
[387.859s][info][gc,phases      ] GC(927)   Evacuate Collection Set: 45.10ms
[387.859s][info][gc,phases      ] GC(927)   Post Evacuate Collection Set: 0.58ms
[387.859s][info][gc,phases      ] GC(927)   Other: 0.08ms
[387.859s][info][gc,heap        ] GC(927) Eden regions: 151->0(126)
[387.859s][info][gc,heap        ] GC(927) Survivor regions: 9->20(20)
[387.859s][info][gc,heap        ] GC(927) Old regions: 750->753
[387.859s][info][gc,heap        ] GC(927) Humongous regions: 9->9
[387.859s][info][gc,metaspace   ] GC(927) Metaspace: 18905K(19136K)->18905K(19136K) NonClass: 16241K(16384K)->16241K(16384K) Class: 2664K(2752K)->2664K(2752K)
[387.859s][info][gc             ] GC(927) Pause Young (Mixed) (G1 Evacuation Pause) 918M->781M(978M) 46.499ms
[387.859s][info][gc,cpu         ] GC(927) User=0.09s Sys=0.00s Real=0.04s
[387.981s][info][gc,start       ] GC(928) Pause Young (Concurrent Start) (G1 Evacuation Pause)
[387.982s][info][gc,task        ] GC(928) Using 2 workers of 2 for evacuation
[388.025s][info][gc,phases      ] GC(928)   Pre Evacuate Collection Set: 0.34ms
[388.025s][info][gc,phases      ] GC(928)   Merge Heap Roots: 0.38ms
[388.025s][info][gc,phases      ] GC(928)   Evacuate Collection Set: 42.10ms
[388.025s][info][gc,phases      ] GC(928)   Post Evacuate Collection Set: 0.43ms
[388.025s][info][gc,phases      ] GC(928)   Other: 0.19ms
[388.025s][info][gc,heap        ] GC(928) Eden regions: 126->0(121)
[388.025s][info][gc,heap        ] GC(928) Survivor regions: 20->12(19)
[388.025s][info][gc,heap        ] GC(928) Old regions: 753->774
[388.025s][info][gc,heap        ] GC(928) Humongous regions: 9->9
[388.025s][info][gc,metaspace   ] GC(928) Metaspace: 18905K(19136K)->18905K(19136K) NonClass: 16241K(16384K)->16241K(16384K) Class: 2664K(2752K)->2664K(2752K)
[388.025s][info][gc             ] GC(928) Pause Young (Concurrent Start) (G1 Evacuation Pause) 907M->794M(978M) 43.656ms
[388.025s][info][gc,cpu         ] GC(928) User=0.09s Sys=0.00s Real=0.04s
[388.025s][info][gc             ] GC(929) Concurrent Mark Cycle
[388.025s][info][gc,marking     ] GC(929) Concurrent Scan Root Regions
[388.079s][info][gc,marking     ] GC(929) Concurrent Scan Root Regions 54.081ms
[388.079s][info][gc,marking     ] GC(929) Concurrent Mark
[388.079s][info][gc,marking     ] GC(929) Concurrent Mark From Roots
[388.079s][info][gc,task        ] GC(929) Using 1 workers of 1 for marking
[388.268s][info][gc,start       ] GC(930) Pause Young (Normal) (G1 Evacuation Pause)
[388.268s][info][gc,task        ] GC(930) Using 2 workers of 2 for evacuation
[388.319s][info][gc,phases      ] GC(930)   Pre Evacuate Collection Set: 0.29ms
[388.319s][info][gc,phases      ] GC(930)   Merge Heap Roots: 0.35ms
[388.319s][info][gc,phases      ] GC(930)   Evacuate Collection Set: 49.86ms
[388.319s][info][gc,phases      ] GC(930)   Post Evacuate Collection Set: 0.37ms
[388.319s][info][gc,phases      ] GC(930)   Other: 0.07ms
[388.319s][info][gc,heap        ] GC(930) Eden regions: 121->0(89)
[388.319s][info][gc,heap        ] GC(930) Survivor regions: 12->17(17)
[388.319s][info][gc,heap        ] GC(930) Old regions: 774->795
[388.319s][info][gc,heap        ] GC(930) Humongous regions: 10->10
[388.319s][info][gc,metaspace   ] GC(930) Metaspace: 18905K(19136K)->18905K(19136K) NonClass: 16241K(16384K)->16241K(16384K) Class: 2664K(2752K)->2664K(2752K)
[388.319s][info][gc             ] GC(930) Pause Young (Normal) (G1 Evacuation Pause) 916M->821M(978M) 51.144ms
[388.319s][info][gc,cpu         ] GC(930) User=0.10s Sys=0.00s Real=0.05s
[388.729s][info][gc,start       ] GC(931) Pause Young (Normal) (G1 Evacuation Pause)
[388.729s][info][gc,task        ] GC(931) Using 2 workers of 2 for evacuation
[388.750s][info][gc,phases      ] GC(931)   Pre Evacuate Collection Set: 0.32ms
[388.750s][info][gc,phases      ] GC(931)   Merge Heap Roots: 0.15ms
[388.750s][info][gc,phases      ] GC(931)   Evacuate Collection Set: 20.31ms
[388.750s][info][gc,phases      ] GC(931)   Post Evacuate Collection Set: 0.32ms
[388.750s][info][gc,phases      ] GC(931)   Other: 0.07ms
[388.750s][info][gc,heap        ] GC(931) Eden regions: 89->0(104)
[388.750s][info][gc,heap        ] GC(931) Survivor regions: 17->1(14)
[388.750s][info][gc,heap        ] GC(931) Old regions: 795->812
[388.750s][info][gc,heap        ] GC(931) Humongous regions: 10->10
[388.750s][info][gc,metaspace   ] GC(931) Metaspace: 18905K(19136K)->18905K(19136K) NonClass: 16241K(16384K)->16241K(16384K) Class: 2664K(2752K)->2664K(2752K)
[388.750s][info][gc             ] GC(931) Pause Young (Normal) (G1 Evacuation Pause) 910M->822M(978M) 21.400ms
[388.750s][info][gc,cpu         ] GC(931) User=0.04s Sys=0.00s Real=0.03s
[388.986s][info][gc,start       ] GC(932) Pause Young (Normal) (G1 Evacuation Pause)
[388.986s][info][gc,task        ] GC(932) Using 2 workers of 2 for evacuation
[388.999s][info][gc,phases      ] GC(932)   Pre Evacuate Collection Set: 0.29ms
[388.999s][info][gc,phases      ] GC(932)   Merge Heap Roots: 0.12ms
[388.999s][info][gc,phases      ] GC(932)   Evacuate Collection Set: 11.57ms
[388.999s][info][gc,phases      ] GC(932)   Post Evacuate Collection Set: 0.33ms
[388.999s][info][gc,phases      ] GC(932)   Other: 0.11ms
[388.999s][info][gc,heap        ] GC(932) Eden regions: 104->0(86)
[388.999s][info][gc,heap        ] GC(932) Survivor regions: 1->10(14)
[388.999s][info][gc,heap        ] GC(932) Old regions: 812->812
[388.999s][info][gc,heap        ] GC(932) Humongous regions: 10->10
[388.999s][info][gc,metaspace   ] GC(932) Metaspace: 18905K(19136K)->18905K(19136K) NonClass: 16241K(16384K)->16241K(16384K) Class: 2664K(2752K)->2664K(2752K)
[388.999s][info][gc             ] GC(932) Pause Young (Normal) (G1 Evacuation Pause) 926M->831M(978M) 12.667ms
[388.999s][info][gc,cpu         ] GC(932) User=0.03s Sys=0.00s Real=0.01s
[389.147s][info][gc,start       ] GC(933) Pause Young (Normal) (G1 Evacuation Pause)
[389.147s][info][gc,task        ] GC(933) Using 2 workers of 2 for evacuation
[389.170s][info][gc,phases      ] GC(933)   Pre Evacuate Collection Set: 0.31ms
[389.170s][info][gc,phases      ] GC(933)   Merge Heap Roots: 0.13ms
[389.170s][info][gc,phases      ] GC(933)   Evacuate Collection Set: 21.64ms
[389.170s][info][gc,phases      ] GC(933)   Post Evacuate Collection Set: 0.35ms
[389.170s][info][gc,phases      ] GC(933)   Other: 0.08ms
[389.170s][info][gc,heap        ] GC(933) Eden regions: 86->0(72)
[389.170s][info][gc,heap        ] GC(933) Survivor regions: 10->12(12)
[389.170s][info][gc,heap        ] GC(933) Old regions: 812->822
[389.170s][info][gc,heap        ] GC(933) Humongous regions: 10->10
[389.170s][info][gc,metaspace   ] GC(933) Metaspace: 18905K(19136K)->18905K(19136K) NonClass: 16241K(16384K)->16241K(16384K) Class: 2664K(2752K)->2664K(2752K)
[389.170s][info][gc             ] GC(933) Pause Young (Normal) (G1 Evacuation Pause) 917M->843M(978M) 22.758ms
[389.170s][info][gc,cpu         ] GC(933) User=0.04s Sys=0.00s Real=0.02s
[389.267s][info][gc,start       ] GC(934) Pause Young (Normal) (G1 Evacuation Pause)
[389.267s][info][gc,task        ] GC(934) Using 2 workers of 2 for evacuation
[389.281s][info][gc,phases      ] GC(934)   Pre Evacuate Collection Set: 0.29ms
[389.281s][info][gc,phases      ] GC(934)   Merge Heap Roots: 0.14ms
[389.281s][info][gc,phases      ] GC(934)   Evacuate Collection Set: 13.45ms
[389.281s][info][gc,phases      ] GC(934)   Post Evacuate Collection Set: 0.30ms
[389.281s][info][gc,phases      ] GC(934)   Other: 0.07ms
[389.282s][info][gc,heap        ] GC(934) Eden regions: 72->0(82)
[389.282s][info][gc,heap        ] GC(934) Survivor regions: 12->1(11)
[389.282s][info][gc,heap        ] GC(934) Old regions: 822->834
[389.282s][info][gc,heap        ] GC(934) Humongous regions: 10->10
[389.282s][info][gc,metaspace   ] GC(934) Metaspace: 18905K(19136K)->18905K(19136K) NonClass: 16241K(16384K)->16241K(16384K) Class: 2664K(2752K)->2664K(2752K)
[389.282s][info][gc             ] GC(934) Pause Young (Normal) (G1 Evacuation Pause) 915M->844M(978M) 14.442ms
[389.282s][info][gc,cpu         ] GC(934) User=0.03s Sys=0.00s Real=0.02s
[389.332s][info][gc,marking     ] GC(929) Concurrent Mark From Roots 1252.465ms
[389.332s][info][gc,marking     ] GC(929) Concurrent Preclean
[389.332s][info][gc,marking     ] GC(929) Concurrent Preclean 0.049ms
[389.333s][info][gc,start       ] GC(929) Pause Remark
[389.341s][info][gc             ] GC(929) Pause Remark 881M->558M(978M) 7.596ms
[389.341s][info][gc,cpu         ] GC(929) User=0.02s Sys=0.00s Real=0.01s
[389.341s][info][gc,marking     ] GC(929) Concurrent Mark 1261.258ms
[389.341s][info][gc,marking     ] GC(929) Concurrent Rebuild Remembered Sets and Scrub Regions
[389.401s][info][gc,start       ] GC(935) Pause Young (Normal) (G1 Evacuation Pause)
[389.401s][info][gc,task        ] GC(935) Using 2 workers of 2 for evacuation
[389.408s][info][gc,phases      ] GC(935)   Pre Evacuate Collection Set: 0.28ms
[389.408s][info][gc,phases      ] GC(935)   Merge Heap Roots: 0.15ms
[389.408s][info][gc,phases      ] GC(935)   Evacuate Collection Set: 6.31ms
[389.408s][info][gc,phases      ] GC(935)   Post Evacuate Collection Set: 0.29ms
[389.408s][info][gc,phases      ] GC(935)   Other: 0.10ms
[389.408s][info][gc,heap        ] GC(935) Eden regions: 82->0(337)
[389.408s][info][gc,heap        ] GC(935) Survivor regions: 1->4(11)
[389.408s][info][gc,heap        ] GC(935) Old regions: 516->516
[389.408s][info][gc,heap        ] GC(935) Humongous regions: 5->5
[389.408s][info][gc,metaspace   ] GC(935) Metaspace: 18905K(19136K)->18905K(19136K) NonClass: 16241K(16384K)->16241K(16384K) Class: 2664K(2752K)->2664K(2752K)
[389.408s][info][gc             ] GC(935) Pause Young (Normal) (G1 Evacuation Pause) 603M->524M(978M) 7.349ms
[389.408s][info][gc,cpu         ] GC(935) User=0.01s Sys=0.00s Real=0.00s
[389.802s][info][gc,marking     ] GC(929) Concurrent Rebuild Remembered Sets and Scrub Regions 461.583ms
[389.802s][info][gc,start       ] GC(929) Pause Cleanup
[389.803s][info][gc             ] GC(929) Pause Cleanup 681M->681M(978M) 0.130ms
[389.803s][info][gc,cpu         ] GC(929) User=0.00s Sys=0.00s Real=0.00s
[389.803s][info][gc,marking     ] GC(929) Concurrent Clear Claimed Marks
[389.803s][info][gc,marking     ] GC(929) Concurrent Clear Claimed Marks 0.051ms
[389.803s][info][gc,marking     ] GC(929) Concurrent Cleanup for Next Mark
[389.811s][info][gc,marking     ] GC(929) Concurrent Cleanup for Next Mark 7.629ms
[389.811s][info][gc             ] GC(929) Concurrent Mark Cycle 1785.940ms
[390.171s][info][gc,start       ] GC(936) Pause Young (Prepare Mixed) (G1 Evacuation Pause)
[390.171s][info][gc,task        ] GC(936) Using 2 workers of 2 for evacuation
[390.194s][info][gc,phases      ] GC(936)   Pre Evacuate Collection Set: 0.53ms
[390.194s][info][gc,phases      ] GC(936)   Merge Heap Roots: 0.26ms
[390.194s][info][gc,phases      ] GC(936)   Evacuate Collection Set: 21.02ms
[390.194s][info][gc,phases      ] GC(936)   Post Evacuate Collection Set: 0.55ms
[390.194s][info][gc,phases      ] GC(936)   Other: 0.10ms
[390.194s][info][gc,heap        ] GC(936) Eden regions: 337->0(337)
[390.194s][info][gc,heap        ] GC(936) Survivor regions: 4->18(43)
[390.194s][info][gc,heap        ] GC(936) Old regions: 516->516
[390.194s][info][gc,heap        ] GC(936) Humongous regions: 5->5
[390.194s][info][gc,metaspace   ] GC(936) Metaspace: 18910K(19136K)->18910K(19136K) NonClass: 16245K(16384K)->16245K(16384K) Class: 2664K(2752K)->2664K(2752K)
[390.194s][info][gc             ] GC(936) Pause Young (Prepare Mixed) (G1 Evacuation Pause) 861M->538M(978M) 22.685ms
[390.194s][info][gc,cpu         ] GC(936) User=0.04s Sys=0.00s Real=0.02s
[390.701s][info][gc,start       ] GC(937) Pause Young (Mixed) (G1 Evacuation Pause)
[390.701s][info][gc,task        ] GC(937) Using 2 workers of 2 for evacuation
[390.791s][info][gc,phases      ] GC(937)   Pre Evacuate Collection Set: 0.35ms
[390.791s][info][gc,phases      ] GC(937)   Merge Heap Roots: 0.45ms
[390.791s][info][gc,phases      ] GC(937)   Evacuate Collection Set: 87.91ms
[390.791s][info][gc,phases      ] GC(937)   Post Evacuate Collection Set: 0.81ms
[390.791s][info][gc,phases      ] GC(937)   Other: 0.13ms
[390.791s][info][gc,heap        ] GC(937) Eden regions: 337->0(342)
[390.791s][info][gc,heap        ] GC(937) Survivor regions: 18->45(45)
[390.791s][info][gc,heap        ] GC(937) Old regions: 516->470
[390.791s][info][gc,heap        ] GC(937) Humongous regions: 5->5
[390.791s][info][gc,metaspace   ] GC(937) Metaspace: 18910K(19136K)->18910K(19136K) NonClass: 16245K(16384K)->16245K(16384K) Class: 2664K(2752K)->2664K(2752K)
[390.791s][info][gc             ] GC(937) Pause Young (Mixed) (G1 Evacuation Pause) 875M->519M(978M) 89.901ms
[390.791s][info][gc,cpu         ] GC(937) User=0.16s Sys=0.00s Real=0.09s
[391.155s][info][gc,start       ] GC(938) Pause Young (Concurrent Start) (G1 Humongous Allocation)
[391.155s][info][gc,task        ] GC(938) Using 2 workers of 2 for evacuation
[391.235s][info][gc,phases      ] GC(938)   Pre Evacuate Collection Set: 0.37ms
[391.235s][info][gc,phases      ] GC(938)   Merge Heap Roots: 0.34ms
[391.235s][info][gc,phases      ] GC(938)   Evacuate Collection Set: 78.35ms
[391.235s][info][gc,phases      ] GC(938)   Post Evacuate Collection Set: 0.64ms
[391.235s][info][gc,phases      ] GC(938)   Other: 0.13ms
[391.235s][info][gc,heap        ] GC(938) Eden regions: 287->0(303)
[391.235s][info][gc,heap        ] GC(938) Survivor regions: 45->36(49)
[391.235s][info][gc,heap        ] GC(938) Old regions: 470->516
[391.235s][info][gc,heap        ] GC(938) Humongous regions: 5->5
[391.235s][info][gc,metaspace   ] GC(938) Metaspace: 18910K(19136K)->18910K(19136K) NonClass: 16245K(16384K)->16245K(16384K) Class: 2664K(2752K)->2664K(2752K)
[391.235s][info][gc             ] GC(938) Pause Young (Concurrent Start) (G1 Humongous Allocation) 806M->555M(978M) 80.091ms
[391.235s][info][gc             ] GC(939) Concurrent Mark Cycle
[391.235s][info][gc,marking     ] GC(939) Concurrent Scan Root Regions
[391.237s][info][gc,cpu         ] GC(938) User=0.16s Sys=0.00s Real=0.08s
[391.332s][info][gc,marking     ] GC(939) Concurrent Scan Root Regions 97.120ms
[391.332s][info][gc,marking     ] GC(939) Concurrent Mark
[391.332s][info][gc,marking     ] GC(939) Concurrent Mark From Roots
[391.332s][info][gc,task        ] GC(939) Using 1 workers of 1 for marking
[392.105s][info][gc,start       ] GC(940) Pause Young (Normal) (G1 Evacuation Pause)
[392.105s][info][gc,task        ] GC(940) Using 2 workers of 2 for evacuation
[392.194s][info][gc,phases      ] GC(940)   Pre Evacuate Collection Set: 0.31ms
[392.194s][info][gc,phases      ] GC(940)   Merge Heap Roots: 0.64ms
[392.194s][info][gc,phases      ] GC(940)   Evacuate Collection Set: 87.76ms
[392.194s][info][gc,phases      ] GC(940)   Post Evacuate Collection Set: 0.62ms
[392.194s][info][gc,phases      ] GC(940)   Other: 0.11ms
[392.194s][info][gc,heap        ] GC(940) Eden regions: 303->0(278)
[392.194s][info][gc,heap        ] GC(940) Survivor regions: 36->36(43)
[392.194s][info][gc,heap        ] GC(940) Old regions: 516->551
[392.194s][info][gc,heap        ] GC(940) Humongous regions: 8->8
[392.194s][info][gc,metaspace   ] GC(940) Metaspace: 18910K(19136K)->18910K(19136K) NonClass: 16245K(16384K)->16245K(16384K) Class: 2664K(2752K)->2664K(2752K)
[392.194s][info][gc             ] GC(940) Pause Young (Normal) (G1 Evacuation Pause) 861M->594M(978M) 89.699ms
[392.194s][info][gc,cpu         ] GC(940) User=0.18s Sys=0.00s Real=0.09s
[392.291s][info][gc,marking     ] GC(939) Concurrent Mark From Roots 959.205ms
[392.291s][info][gc,marking     ] GC(939) Concurrent Preclean
[392.291s][info][gc,marking     ] GC(939) Concurrent Preclean 0.046ms
[392.292s][info][gc,start       ] GC(939) Pause Remark
[392.299s][info][gc             ] GC(939) Pause Remark 676M->538M(978M) 7.638ms
[392.299s][info][gc,cpu         ] GC(939) User=0.01s Sys=0.00s Real=0.00s
[392.300s][info][gc,marking     ] GC(939) Concurrent Mark 968.317ms
[392.300s][info][gc,marking     ] GC(939) Concurrent Rebuild Remembered Sets and Scrub Regions
[392.617s][info][gc,marking     ] GC(939) Concurrent Rebuild Remembered Sets and Scrub Regions 316.087ms
[392.617s][info][gc,start       ] GC(939) Pause Cleanup
[392.617s][info][gc             ] GC(939) Pause Cleanup 717M->717M(978M) 0.085ms
[392.617s][info][gc,cpu         ] GC(939) User=0.00s Sys=0.00s Real=0.00s
[392.617s][info][gc,marking     ] GC(939) Concurrent Clear Claimed Marks
[392.617s][info][gc,marking     ] GC(939) Concurrent Clear Claimed Marks 0.034ms
[392.617s][info][gc,marking     ] GC(939) Concurrent Cleanup for Next Mark
[392.622s][info][gc,marking     ] GC(939) Concurrent Cleanup for Next Mark 4.842ms
[392.622s][info][gc             ] GC(939) Concurrent Mark Cycle 1387.383ms
[392.632s][info][gc,start       ] GC(941) Pause Young (Prepare Mixed) (G1 Evacuation Pause)
[392.632s][info][gc,task        ] GC(941) Using 2 workers of 2 for evacuation
[392.709s][info][gc,phases      ] GC(941)   Pre Evacuate Collection Set: 0.49ms
[392.709s][info][gc,phases      ] GC(941)   Merge Heap Roots: 0.30ms
[392.709s][info][gc,phases      ] GC(941)   Evacuate Collection Set: 75.65ms
[392.709s][info][gc,phases      ] GC(941)   Post Evacuate Collection Set: 0.60ms
[392.709s][info][gc,phases      ] GC(941)   Other: 0.12ms
[392.709s][info][gc,heap        ] GC(941) Eden regions: 278->0(324)
[392.709s][info][gc,heap        ] GC(941) Survivor regions: 36->40(40)
[392.709s][info][gc,heap        ] GC(941) Old regions: 415->457
[392.709s][info][gc,heap        ] GC(941) Humongous regions: 6->6
[392.710s][info][gc,metaspace   ] GC(941) Metaspace: 18910K(19136K)->18910K(19136K) NonClass: 16245K(16384K)->16245K(16384K) Class: 2664K(2752K)->2664K(2752K)
[392.710s][info][gc             ] GC(941) Pause Young (Prepare Mixed) (G1 Evacuation Pause) 734M->502M(978M) 77.359ms
[392.710s][info][gc,cpu         ] GC(941) User=0.16s Sys=0.00s Real=0.07s
[393.159s][info][gc,start       ] GC(942) Pause Young (Mixed) (G1 Evacuation Pause)
[393.159s][info][gc,task        ] GC(942) Using 2 workers of 2 for evacuation
[393.231s][info][gc,phases      ] GC(942)   Pre Evacuate Collection Set: 0.36ms
[393.231s][info][gc,phases      ] GC(942)   Merge Heap Roots: 0.32ms
[393.231s][info][gc,phases      ] GC(942)   Evacuate Collection Set: 70.49ms
[393.231s][info][gc,phases      ] GC(942)   Post Evacuate Collection Set: 0.66ms
[393.231s][info][gc,phases      ] GC(942)   Other: 0.14ms
[393.231s][info][gc,heap        ] GC(942) Eden regions: 324->0(341)
[393.232s][info][gc,heap        ] GC(942) Survivor regions: 40->17(46)
[393.232s][info][gc,heap        ] GC(942) Old regions: 457->471
[393.232s][info][gc,heap        ] GC(942) Humongous regions: 9->9
[393.232s][info][gc,metaspace   ] GC(942) Metaspace: 18910K(19136K)->18910K(19136K) NonClass: 16245K(16384K)->16245K(16384K) Class: 2664K(2752K)->2664K(2752K)
[393.232s][info][gc             ] GC(942) Pause Young (Mixed) (G1 Evacuation Pause) 829M->496M(978M) 72.267ms
[393.232s][info][gc,cpu         ] GC(942) User=0.14s Sys=0.00s Real=0.08s
[393.731s][info][gc,start       ] GC(943) Pause Young (Concurrent Start) (G1 Evacuation Pause)
[393.732s][info][gc,task        ] GC(943) Using 2 workers of 2 for evacuation
[393.761s][info][gc,phases      ] GC(943)   Pre Evacuate Collection Set: 0.31ms
[393.761s][info][gc,phases      ] GC(943)   Merge Heap Roots: 0.29ms
[393.761s][info][gc,phases      ] GC(943)   Evacuate Collection Set: 27.89ms
[393.761s][info][gc,phases      ] GC(943)   Post Evacuate Collection Set: 0.64ms
[393.761s][info][gc,phases      ] GC(943)   Other: 0.10ms
[393.761s][info][gc,heap        ] GC(943) Eden regions: 341->0(361)
[393.761s][info][gc,heap        ] GC(943) Survivor regions: 17->17(45)
[393.761s][info][gc,heap        ] GC(943) Old regions: 471->471
[393.761s][info][gc,heap        ] GC(943) Humongous regions: 9->9
[393.761s][info][gc,metaspace   ] GC(943) Metaspace: 18910K(19136K)->18910K(19136K) NonClass: 16245K(16384K)->16245K(16384K) Class: 2664K(2752K)->2664K(2752K)
[393.761s][info][gc             ] GC(943) Pause Young (Concurrent Start) (G1 Evacuation Pause) 837M->496M(978M) 29.454ms
[393.761s][info][gc,cpu         ] GC(943) User=0.06s Sys=0.00s Real=0.03s
[393.761s][info][gc             ] GC(944) Concurrent Mark Cycle
[393.761s][info][gc,marking     ] GC(944) Concurrent Scan Root Regions
[393.816s][info][gc,marking     ] GC(944) Concurrent Scan Root Regions 54.634ms
[393.816s][info][gc,marking     ] GC(944) Concurrent Mark
[393.816s][info][gc,marking     ] GC(944) Concurrent Mark From Roots
[393.816s][info][gc,task        ] GC(944) Using 1 workers of 1 for marking
[394.776s][info][gc,start       ] GC(945) Pause Young (Normal) (G1 Evacuation Pause)
[394.777s][info][gc,task        ] GC(945) Using 2 workers of 2 for evacuation
[394.831s][info][gc,phases      ] GC(945)   Pre Evacuate Collection Set: 0.29ms
[394.831s][info][gc,phases      ] GC(945)   Merge Heap Roots: 0.36ms
[394.831s][info][gc,phases      ] GC(945)   Evacuate Collection Set: 52.78ms
[394.831s][info][gc,phases      ] GC(945)   Post Evacuate Collection Set: 0.68ms
[394.831s][info][gc,phases      ] GC(945)   Other: 0.09ms
[394.831s][info][gc,heap        ] GC(945) Eden regions: 361->0(352)
[394.831s][info][gc,heap        ] GC(945) Survivor regions: 17->37(48)
[394.831s][info][gc,heap        ] GC(945) Old regions: 471->471
[394.831s][info][gc,heap        ] GC(945) Humongous regions: 9->9
[394.831s][info][gc,metaspace   ] GC(945) Metaspace: 18910K(19136K)->18910K(19136K) NonClass: 16245K(16384K)->16245K(16384K) Class: 2664K(2752K)->2664K(2752K)
[394.831s][info][gc             ] GC(945) Pause Young (Normal) (G1 Evacuation Pause) 857M->516M(978M) 54.437ms
[394.831s][info][gc,cpu         ] GC(945) User=0.10s Sys=0.00s Real=0.06s
[395.097s][info][gc,marking     ] GC(944) Concurrent Mark From Roots 1281.311ms
[395.097s][info][gc,marking     ] GC(944) Concurrent Preclean
[395.097s][info][gc,marking     ] GC(944) Concurrent Preclean 0.043ms
[395.097s][info][gc,start       ] GC(944) Pause Remark
[395.105s][info][gc             ] GC(944) Pause Remark 662M->660M(978M) 7.519ms
[395.105s][info][gc,cpu         ] GC(944) User=0.01s Sys=0.00s Real=0.01s
[395.106s][info][gc,marking     ] GC(944) Concurrent Mark 1290.016ms
[395.106s][info][gc,marking     ] GC(944) Concurrent Rebuild Remembered Sets and Scrub Regions
[395.412s][info][gc,start       ] GC(946) Pause Young (Normal) (G1 Evacuation Pause)
[395.412s][info][gc,task        ] GC(946) Using 2 workers of 2 for evacuation
[395.479s][info][gc,phases      ] GC(946)   Pre Evacuate Collection Set: 0.27ms
[395.479s][info][gc,phases      ] GC(946)   Merge Heap Roots: 0.56ms
[395.479s][info][gc,phases      ] GC(946)   Evacuate Collection Set: 65.80ms
[395.479s][info][gc,phases      ] GC(946)   Post Evacuate Collection Set: 0.61ms
[395.479s][info][gc,phases      ] GC(946)   Other: 0.10ms
[395.479s][info][gc,heap        ] GC(946) Eden regions: 352->0(350)
[395.479s][info][gc,heap        ] GC(946) Survivor regions: 37->36(49)
[395.479s][info][gc,heap        ] GC(946) Old regions: 471->488
[395.479s][info][gc,heap        ] GC(946) Humongous regions: 7->7
[395.479s][info][gc,metaspace   ] GC(946) Metaspace: 18910K(19136K)->18910K(19136K) NonClass: 16245K(16384K)->16245K(16384K) Class: 2664K(2752K)->2664K(2752K)
[395.480s][info][gc             ] GC(946) Pause Young (Normal) (G1 Evacuation Pause) 866M->530M(978M) 67.647ms
[395.480s][info][gc,cpu         ] GC(946) User=0.14s Sys=0.00s Real=0.06s
[395.565s][info][gc,marking     ] GC(944) Concurrent Rebuild Remembered Sets and Scrub Regions 459.480ms
[395.565s][info][gc,start       ] GC(944) Pause Cleanup
[395.566s][info][gc             ] GC(944) Pause Cleanup 598M->598M(978M) 0.081ms
[395.566s][info][gc,cpu         ] GC(944) User=0.00s Sys=0.00s Real=0.00s
[395.567s][info][gc,marking     ] GC(944) Concurrent Clear Claimed Marks
[395.567s][info][gc,marking     ] GC(944) Concurrent Clear Claimed Marks 0.052ms
[395.567s][info][gc,marking     ] GC(944) Concurrent Cleanup for Next Mark
[395.570s][info][gc,marking     ] GC(944) Concurrent Cleanup for Next Mark 2.893ms
[395.570s][info][gc             ] GC(944) Concurrent Mark Cycle 1809.469ms
[395.858s][info][gc,start       ] GC(947) Pause Young (Prepare Mixed) (G1 Evacuation Pause)
[395.858s][info][gc,task        ] GC(947) Using 2 workers of 2 for evacuation
[395.920s][info][gc,phases      ] GC(947)   Pre Evacuate Collection Set: 0.33ms
[395.920s][info][gc,phases      ] GC(947)   Merge Heap Roots: 0.19ms
[395.920s][info][gc,phases      ] GC(947)   Evacuate Collection Set: 60.28ms
[395.920s][info][gc,phases      ] GC(947)   Post Evacuate Collection Set: 0.60ms
[395.920s][info][gc,phases      ] GC(947)   Other: 0.12ms
[395.920s][info][gc,heap        ] GC(947) Eden regions: 350->0(328)
[395.920s][info][gc,heap        ] GC(947) Survivor regions: 36->42(49)
[395.920s][info][gc,heap        ] GC(947) Old regions: 488->509
[395.920s][info][gc,heap        ] GC(947) Humongous regions: 7->7
[395.920s][info][gc,metaspace   ] GC(947) Metaspace: 18910K(19136K)->18910K(19136K) NonClass: 16245K(16384K)->16245K(16384K) Class: 2664K(2752K)->2664K(2752K)
[395.920s][info][gc             ] GC(947) Pause Young (Prepare Mixed) (G1 Evacuation Pause) 880M->556M(978M) 61.748ms
[395.920s][info][gc,cpu         ] GC(947) User=0.12s Sys=0.00s Real=0.06s
[396.320s][info][gc,start       ] GC(948) Pause Young (Mixed) (G1 Evacuation Pause)
[396.320s][info][gc,task        ] GC(948) Using 2 workers of 2 for evacuation
[396.402s][info][gc,phases      ] GC(948)   Pre Evacuate Collection Set: 0.30ms
[396.402s][info][gc,phases      ] GC(948)   Merge Heap Roots: 0.38ms
[396.402s][info][gc,phases      ] GC(948)   Evacuate Collection Set: 80.42ms
[396.402s][info][gc,phases      ] GC(948)   Post Evacuate Collection Set: 0.60ms
[396.402s][info][gc,phases      ] GC(948)   Other: 0.08ms
[396.402s][info][gc,heap        ] GC(948) Eden regions: 328->0(300)
[396.402s][info][gc,heap        ] GC(948) Survivor regions: 42->35(47)
[396.402s][info][gc,heap        ] GC(948) Old regions: 509->541
[396.402s][info][gc,heap        ] GC(948) Humongous regions: 7->7
[396.402s][info][gc,metaspace   ] GC(948) Metaspace: 18910K(19136K)->18910K(19136K) NonClass: 16245K(16384K)->16245K(16384K) Class: 2664K(2752K)->2664K(2752K)
[396.402s][info][gc             ] GC(948) Pause Young (Mixed) (G1 Evacuation Pause) 884M->582M(978M) 82.021ms
[396.402s][info][gc,cpu         ] GC(948) User=0.16s Sys=0.00s Real=0.09s
[396.733s][info][gc,start       ] GC(949) Pause Young (Concurrent Start) (G1 Evacuation Pause)
[396.733s][info][gc,task        ] GC(949) Using 2 workers of 2 for evacuation
[396.773s][info][gc,phases      ] GC(949)   Pre Evacuate Collection Set: 0.35ms
[396.773s][info][gc,phases      ] GC(949)   Merge Heap Roots: 0.22ms
[396.773s][info][gc,phases      ] GC(949)   Evacuate Collection Set: 38.70ms
[396.773s][info][gc,phases      ] GC(949)   Post Evacuate Collection Set: 0.53ms
[396.773s][info][gc,phases      ] GC(949)   Other: 0.23ms
[396.773s][info][gc,heap        ] GC(949) Eden regions: 300->0(310)
[396.773s][info][gc,heap        ] GC(949) Survivor regions: 35->5(42)
[396.773s][info][gc,heap        ] GC(949) Old regions: 541->576
[396.773s][info][gc,heap        ] GC(949) Humongous regions: 7->7
[396.773s][info][gc,metaspace   ] GC(949) Metaspace: 18910K(19136K)->18910K(19136K) NonClass: 16245K(16384K)->16245K(16384K) Class: 2664K(2752K)->2664K(2752K)
[396.773s][info][gc             ] GC(949) Pause Young (Concurrent Start) (G1 Evacuation Pause) 882M->587M(978M) 40.229ms
[396.773s][info][gc,cpu         ] GC(949) User=0.08s Sys=0.00s Real=0.04s
[396.773s][info][gc             ] GC(950) Concurrent Mark Cycle
[396.773s][info][gc,marking     ] GC(950) Concurrent Scan Root Regions
[396.855s][info][gc,marking     ] GC(950) Concurrent Scan Root Regions 81.290ms
[396.855s][info][gc,marking     ] GC(950) Concurrent Mark
[396.855s][info][gc,marking     ] GC(950) Concurrent Mark From Roots
[396.855s][info][gc,task        ] GC(950) Using 1 workers of 1 for marking
[397.743s][info][gc,start       ] GC(951) Pause Young (Normal) (G1 Evacuation Pause)
[397.743s][info][gc,task        ] GC(951) Using 2 workers of 2 for evacuation
[397.777s][info][gc,phases      ] GC(951)   Pre Evacuate Collection Set: 0.51ms
[397.777s][info][gc,phases      ] GC(951)   Merge Heap Roots: 0.29ms
[397.777s][info][gc,phases      ] GC(951)   Evacuate Collection Set: 32.29ms
[397.777s][info][gc,phases      ] GC(951)   Post Evacuate Collection Set: 0.53ms
[397.777s][info][gc,phases      ] GC(951)   Other: 0.08ms
[397.777s][info][gc,heap        ] GC(951) Eden regions: 310->0(289)
[397.777s][info][gc,heap        ] GC(951) Survivor regions: 5->28(40)
[397.777s][info][gc,heap        ] GC(951) Old regions: 576->576
[397.777s][info][gc,heap        ] GC(951) Humongous regions: 7->7
[397.777s][info][gc,metaspace   ] GC(951) Metaspace: 18910K(19136K)->18910K(19136K) NonClass: 16245K(16384K)->16245K(16384K) Class: 2664K(2752K)->2664K(2752K)
[397.777s][info][gc             ] GC(951) Pause Young (Normal) (G1 Evacuation Pause) 897M->610M(978M) 33.927ms
[397.777s][info][gc,cpu         ] GC(951) User=0.07s Sys=0.00s Real=0.03s
[398.312s][info][gc,marking     ] GC(950) Concurrent Mark From Roots 1457.282ms
[398.312s][info][gc,marking     ] GC(950) Concurrent Preclean
[398.312s][info][gc,marking     ] GC(950) Concurrent Preclean 0.052ms
[398.312s][info][gc,start       ] GC(950) Pause Remark
[398.320s][info][gc             ] GC(950) Pause Remark 747M->747M(978M) 7.492ms
[398.320s][info][gc,cpu         ] GC(950) User=0.02s Sys=0.00s Real=0.00s
[398.320s][info][gc,marking     ] GC(950) Concurrent Mark 1465.411ms
[398.320s][info][gc,marking     ] GC(950) Concurrent Rebuild Remembered Sets and Scrub Regions
[398.830s][info][gc,start       ] GC(952) Pause Young (Normal) (G1 Evacuation Pause)
[398.830s][info][gc,task        ] GC(952) Using 2 workers of 2 for evacuation
[398.859s][info][gc,phases      ] GC(952)   Pre Evacuate Collection Set: 0.32ms
[398.859s][info][gc,phases      ] GC(952)   Merge Heap Roots: 0.29ms
[398.859s][info][gc,phases      ] GC(952)   Evacuate Collection Set: 28.02ms
[398.859s][info][gc,phases      ] GC(952)   Post Evacuate Collection Set: 0.48ms
[398.859s][info][gc,phases      ] GC(952)   Other: 0.11ms
[398.859s][info][gc,heap        ] GC(952) Eden regions: 289->0(300)
[398.859s][info][gc,heap        ] GC(952) Survivor regions: 28->1(40)
[398.859s][info][gc,heap        ] GC(952) Old regions: 576->604
[398.859s][info][gc,heap        ] GC(952) Humongous regions: 7->7
[398.859s][info][gc,metaspace   ] GC(952) Metaspace: 18910K(19136K)->18910K(19136K) NonClass: 16245K(16384K)->16245K(16384K) Class: 2664K(2752K)->2664K(2752K)
[398.859s][info][gc             ] GC(952) Pause Young (Normal) (G1 Evacuation Pause) 899M->611M(978M) 29.499ms
[398.859s][info][gc,cpu         ] GC(952) User=0.06s Sys=0.00s Real=0.03s
[398.879s][info][gc,marking     ] GC(950) Concurrent Rebuild Remembered Sets and Scrub Regions 558.588ms
[398.879s][info][gc,start       ] GC(950) Pause Cleanup
[398.879s][info][gc             ] GC(950) Pause Cleanup 618M->618M(978M) 0.090ms
[398.879s][info][gc,cpu         ] GC(950) User=0.00s Sys=0.00s Real=0.00s
[398.881s][info][gc,marking     ] GC(950) Concurrent Clear Claimed Marks
[398.881s][info][gc,marking     ] GC(950) Concurrent Clear Claimed Marks 0.056ms
[398.881s][info][gc,marking     ] GC(950) Concurrent Cleanup for Next Mark
[398.887s][info][gc,marking     ] GC(950) Concurrent Cleanup for Next Mark 6.460ms
[398.887s][info][gc             ] GC(950) Concurrent Mark Cycle 2114.097ms
[399.539s][info][gc,start       ] GC(953) Pause Young (Prepare Mixed) (G1 Evacuation Pause)
[399.539s][info][gc,task        ] GC(953) Using 2 workers of 2 for evacuation
[399.543s][info][gc,phases      ] GC(953)   Pre Evacuate Collection Set: 0.30ms
[399.543s][info][gc,phases      ] GC(953)   Merge Heap Roots: 0.15ms
[399.543s][info][gc,phases      ] GC(953)   Evacuate Collection Set: 3.25ms
[399.543s][info][gc,phases      ] GC(953)   Post Evacuate Collection Set: 0.50ms
[399.543s][info][gc,phases      ] GC(953)   Other: 0.10ms
[399.543s][info][gc,heap        ] GC(953) Eden regions: 300->0(310)
[399.543s][info][gc,heap        ] GC(953) Survivor regions: 1->3(38)
[399.543s][info][gc,heap        ] GC(953) Old regions: 604->604
[399.543s][info][gc,heap        ] GC(953) Humongous regions: 7->7
[399.543s][info][gc,metaspace   ] GC(953) Metaspace: 18910K(19136K)->18910K(19136K) NonClass: 16245K(16384K)->16245K(16384K) Class: 2664K(2752K)->2664K(2752K)
[399.543s][info][gc             ] GC(953) Pause Young (Prepare Mixed) (G1 Evacuation Pause) 911M->612M(978M) 4.566ms
[399.543s][info][gc,cpu         ] GC(953) User=0.00s Sys=0.00s Real=0.01s
[399.910s][info][gc,start       ] GC(954) Pause Young (Mixed) (G1 Evacuation Pause)
[399.910s][info][gc,task        ] GC(954) Using 2 workers of 2 for evacuation
[399.982s][info][gc,phases      ] GC(954)   Pre Evacuate Collection Set: 0.33ms
[399.982s][info][gc,phases      ] GC(954)   Merge Heap Roots: 0.17ms
[399.982s][info][gc,phases      ] GC(954)   Evacuate Collection Set: 65.48ms
[399.982s][info][gc,phases      ] GC(954)   Post Evacuate Collection Set: 6.15ms
[399.982s][info][gc,phases      ] GC(954)   Other: 0.11ms
[399.982s][info][gc,heap        ] GC(954) Eden regions: 310->0(149)
[399.982s][info][gc,heap        ] GC(954) Survivor regions: 3->40(40)
[399.982s][info][gc,heap        ] GC(954) Old regions: 604->692
[399.982s][info][gc,heap        ] GC(954) Humongous regions: 7->7
[399.982s][info][gc,metaspace   ] GC(954) Metaspace: 18910K(19136K)->18910K(19136K) NonClass: 16246K(16384K)->16246K(16384K) Class: 2664K(2752K)->2664K(2752K)
[399.982s][info][gc             ] GC(954) Pause Young (Mixed) (G1 Evacuation Pause) (Evacuation Failure: Allocation) 922M->738M(978M) 72.486ms
[399.982s][info][gc,cpu         ] GC(954) User=0.14s Sys=0.00s Real=0.08s
[400.142s][info][gc,start       ] GC(955) Pause Young (Concurrent Start) (G1 Humongous Allocation)
[400.142s][info][gc,task        ] GC(955) Using 2 workers of 2 for evacuation
[400.205s][info][gc,phases      ] GC(955)   Pre Evacuate Collection Set: 0.40ms
[400.205s][info][gc,phases      ] GC(955)   Merge Heap Roots: 0.45ms
[400.205s][info][gc,phases      ] GC(955)   Evacuate Collection Set: 62.06ms
[400.205s][info][gc,phases      ] GC(955)   Post Evacuate Collection Set: 0.59ms
[400.205s][info][gc,phases      ] GC(955)   Other: 0.20ms
[400.205s][info][gc,heap        ] GC(955) Eden regions: 116->0(237)
[400.205s][info][gc,heap        ] GC(955) Survivor regions: 40->7(24)
[400.206s][info][gc,heap        ] GC(955) Old regions: 692->666
[400.206s][info][gc,heap        ] GC(955) Humongous regions: 7->7
[400.206s][info][gc,metaspace   ] GC(955) Metaspace: 18910K(19136K)->18910K(19136K) NonClass: 16246K(16384K)->16246K(16384K) Class: 2664K(2752K)->2664K(2752K)
[400.206s][info][gc             ] GC(955) Pause Young (Concurrent Start) (G1 Humongous Allocation) 854M->679M(978M) 63.957ms
[400.206s][info][gc,cpu         ] GC(955) User=0.13s Sys=0.00s Real=0.06s
[400.206s][info][gc             ] GC(956) Concurrent Mark Cycle
[400.206s][info][gc,marking     ] GC(956) Concurrent Scan Root Regions
[400.272s][info][gc,marking     ] GC(956) Concurrent Scan Root Regions 66.102ms
[400.272s][info][gc,marking     ] GC(956) Concurrent Mark
[400.272s][info][gc,marking     ] GC(956) Concurrent Mark From Roots
[400.272s][info][gc,task        ] GC(956) Using 1 workers of 1 for marking
[400.883s][info][gc,start       ] GC(957) Pause Young (Normal) (G1 Evacuation Pause)
[400.883s][info][gc,task        ] GC(957) Using 2 workers of 2 for evacuation
[400.932s][info][gc,phases      ] GC(957)   Pre Evacuate Collection Set: 0.53ms
[400.932s][info][gc,phases      ] GC(957)   Merge Heap Roots: 0.32ms
[400.932s][info][gc,phases      ] GC(957)   Evacuate Collection Set: 47.23ms
[400.932s][info][gc,phases      ] GC(957)   Post Evacuate Collection Set: 0.61ms
[400.932s][info][gc,phases      ] GC(957)   Other: 0.08ms
[400.932s][info][gc,heap        ] GC(957) Eden regions: 237->0(185)
[400.932s][info][gc,heap        ] GC(957) Survivor regions: 7->31(31)
[400.932s][info][gc,heap        ] GC(957) Old regions: 666->671
[400.932s][info][gc,heap        ] GC(957) Humongous regions: 10->10
[400.932s][info][gc,metaspace   ] GC(957) Metaspace: 18910K(19136K)->18910K(19136K) NonClass: 16246K(16384K)->16246K(16384K) Class: 2664K(2752K)->2664K(2752K)
[400.932s][info][gc             ] GC(957) Pause Young (Normal) (G1 Evacuation Pause) 919M->711M(978M) 48.985ms
[400.932s][info][gc,cpu         ] GC(957) User=0.09s Sys=0.00s Real=0.05s
[401.222s][info][gc,start       ] GC(958) Pause Young (Normal) (G1 Evacuation Pause)
[401.222s][info][gc,task        ] GC(958) Using 2 workers of 2 for evacuation
[401.319s][info][gc,phases      ] GC(958)   Pre Evacuate Collection Set: 0.30ms
[401.319s][info][gc,phases      ] GC(958)   Merge Heap Roots: 0.31ms
[401.319s][info][gc,phases      ] GC(958)   Evacuate Collection Set: 93.20ms
[401.319s][info][gc,phases      ] GC(958)   Post Evacuate Collection Set: 2.30ms
[401.319s][info][gc,phases      ] GC(958)   Other: 0.09ms
[401.319s][info][gc,heap        ] GC(958) Eden regions: 185->0(114)
[401.319s][info][gc,heap        ] GC(958) Survivor regions: 31->27(27)
[401.319s][info][gc,heap        ] GC(958) Old regions: 671->750
[401.319s][info][gc,heap        ] GC(958) Humongous regions: 10->10
[401.319s][info][gc,metaspace   ] GC(958) Metaspace: 18910K(19136K)->18910K(19136K) NonClass: 16246K(16384K)->16246K(16384K) Class: 2664K(2752K)->2664K(2752K)
[401.319s][info][gc             ] GC(958) Pause Young (Normal) (G1 Evacuation Pause) (Evacuation Failure: Allocation) 896M->786M(978M) 96.453ms
[401.319s][info][gc,cpu         ] GC(958) User=0.19s Sys=0.00s Real=0.09s
[401.455s][info][gc,marking     ] GC(956) Concurrent Mark From Roots 1183.469ms
[401.455s][info][gc,marking     ] GC(956) Concurrent Preclean
[401.455s][info][gc,marking     ] GC(956) Concurrent Preclean 0.050ms
[401.456s][info][gc,start       ] GC(956) Pause Remark
[401.465s][info][gc             ] GC(956) Pause Remark 834M->638M(978M) 8.922ms
[401.465s][info][gc,cpu         ] GC(956) User=0.02s Sys=0.00s Real=0.01s
[401.465s][info][gc,marking     ] GC(956) Concurrent Mark 1192.738ms
[401.465s][info][gc,marking     ] GC(956) Concurrent Rebuild Remembered Sets and Scrub Regions
[401.571s][info][gc,start       ] GC(959) Pause Young (Normal) (G1 Evacuation Pause)
[401.571s][info][gc,task        ] GC(959) Using 2 workers of 2 for evacuation
[401.608s][info][gc,phases      ] GC(959)   Pre Evacuate Collection Set: 0.47ms
[401.608s][info][gc,phases      ] GC(959)   Merge Heap Roots: 0.38ms
[401.608s][info][gc,phases      ] GC(959)   Evacuate Collection Set: 34.82ms
[401.608s][info][gc,phases      ] GC(959)   Post Evacuate Collection Set: 0.40ms
[401.608s][info][gc,phases      ] GC(959)   Other: 0.10ms
[401.608s][info][gc,heap        ] GC(959) Eden regions: 114->0(289)
[401.608s][info][gc,heap        ] GC(959) Survivor regions: 27->4(18)
[401.608s][info][gc,heap        ] GC(959) Old regions: 557->566
[401.608s][info][gc,heap        ] GC(959) Humongous regions: 7->7
[401.608s][info][gc,metaspace   ] GC(959) Metaspace: 18910K(19136K)->18910K(19136K) NonClass: 16246K(16384K)->16246K(16384K) Class: 2664K(2752K)->2664K(2752K)
[401.608s][info][gc             ] GC(959) Pause Young (Normal) (G1 Evacuation Pause) 704M->575M(978M) 36.420ms
[401.608s][info][gc,cpu         ] GC(959) User=0.07s Sys=0.00s Real=0.03s
[401.882s][info][gc,marking     ] GC(956) Concurrent Rebuild Remembered Sets and Scrub Regions 417.270ms
[401.882s][info][gc,start       ] GC(956) Pause Cleanup
[401.882s][info][gc             ] GC(956) Pause Cleanup 725M->725M(978M) 0.119ms
[401.882s][info][gc,cpu         ] GC(956) User=0.00s Sys=0.00s Real=0.00s
[401.882s][info][gc,marking     ] GC(956) Concurrent Clear Claimed Marks
[401.882s][info][gc,marking     ] GC(956) Concurrent Clear Claimed Marks 0.034ms
[401.882s][info][gc,marking     ] GC(956) Concurrent Cleanup for Next Mark
[401.885s][info][gc,marking     ] GC(956) Concurrent Cleanup for Next Mark 2.813ms
[401.885s][info][gc             ] GC(956) Concurrent Mark Cycle 1679.539ms
[402.037s][info][gc,start       ] GC(960) Pause Young (Prepare Mixed) (G1 Evacuation Pause)
[402.037s][info][gc,task        ] GC(960) Using 2 workers of 2 for evacuation
[402.043s][info][gc,phases      ] GC(960)   Pre Evacuate Collection Set: 0.29ms
[402.043s][info][gc,phases      ] GC(960)   Merge Heap Roots: 0.17ms
[402.043s][info][gc,phases      ] GC(960)   Evacuate Collection Set: 5.18ms
[402.043s][info][gc,phases      ] GC(960)   Post Evacuate Collection Set: 0.51ms
[402.043s][info][gc,phases      ] GC(960)   Other: 0.12ms
[402.043s][info][gc,heap        ] GC(960) Eden regions: 289->0(310)
[402.043s][info][gc,heap        ] GC(960) Survivor regions: 4->4(37)
[402.043s][info][gc,heap        ] GC(960) Old regions: 566->566
[402.043s][info][gc,heap        ] GC(960) Humongous regions: 7->7
[402.043s][info][gc,metaspace   ] GC(960) Metaspace: 18910K(19136K)->18910K(19136K) NonClass: 16246K(16384K)->16246K(16384K) Class: 2664K(2752K)->2664K(2752K)
[402.043s][info][gc             ] GC(960) Pause Young (Prepare Mixed) (G1 Evacuation Pause) 864M->576M(978M) 6.488ms
[402.044s][info][gc,cpu         ] GC(960) User=0.02s Sys=0.00s Real=0.01s
[402.377s][info][gc,start       ] GC(961) Pause Young (Mixed) (G1 Evacuation Pause)
[402.377s][info][gc,task        ] GC(961) Using 2 workers of 2 for evacuation
[402.385s][info][gc,phases      ] GC(961)   Pre Evacuate Collection Set: 0.53ms
[402.385s][info][gc,phases      ] GC(961)   Merge Heap Roots: 0.20ms
[402.385s][info][gc,phases      ] GC(961)   Evacuate Collection Set: 6.66ms
[402.385s][info][gc,phases      ] GC(961)   Post Evacuate Collection Set: 0.55ms
[402.385s][info][gc,phases      ] GC(961)   Other: 0.11ms
[402.385s][info][gc,heap        ] GC(961) Eden regions: 310->0(359)
[402.385s][info][gc,heap        ] GC(961) Survivor regions: 4->4(40)
[402.385s][info][gc,heap        ] GC(961) Old regions: 566->529
[402.385s][info][gc,heap        ] GC(961) Humongous regions: 7->7
[402.385s][info][gc,metaspace   ] GC(961) Metaspace: 18910K(19136K)->18910K(19136K) NonClass: 16246K(16384K)->16246K(16384K) Class: 2664K(2752K)->2664K(2752K)
[402.385s][info][gc             ] GC(961) Pause Young (Mixed) (G1 Evacuation Pause) 886M->539M(978M) 8.254ms
[402.385s][info][gc,cpu         ] GC(961) User=0.01s Sys=0.00s Real=0.01s
[402.770s][info][gc,start       ] GC(962) Pause Young (Concurrent Start) (G1 Evacuation Pause)
[402.770s][info][gc,task        ] GC(962) Using 2 workers of 2 for evacuation
[402.786s][info][gc,phases      ] GC(962)   Pre Evacuate Collection Set: 0.37ms
[402.786s][info][gc,phases      ] GC(962)   Merge Heap Roots: 0.26ms
[402.786s][info][gc,phases      ] GC(962)   Evacuate Collection Set: 15.04ms
[402.786s][info][gc,phases      ] GC(962)   Post Evacuate Collection Set: 0.62ms
[402.787s][info][gc,phases      ] GC(962)   Other: 0.10ms
[402.787s][info][gc,heap        ] GC(962) Eden regions: 359->0(370)
[402.787s][info][gc,heap        ] GC(962) Survivor regions: 4->7(46)
[402.787s][info][gc,heap        ] GC(962) Old regions: 529->529
[402.787s][info][gc,heap        ] GC(962) Humongous regions: 7->7
[402.787s][info][gc,metaspace   ] GC(962) Metaspace: 18910K(19136K)->18910K(19136K) NonClass: 16246K(16384K)->16246K(16384K) Class: 2664K(2752K)->2664K(2752K)
[402.787s][info][gc             ] GC(962) Pause Young (Concurrent Start) (G1 Evacuation Pause) 898M->542M(978M) 16.653ms
[402.787s][info][gc,cpu         ] GC(962) User=0.04s Sys=0.00s Real=0.02s
[402.787s][info][gc             ] GC(963) Concurrent Mark Cycle
[402.787s][info][gc,marking     ] GC(963) Concurrent Scan Root Regions
[402.805s][info][gc,marking     ] GC(963) Concurrent Scan Root Regions 18.207ms
[402.805s][info][gc,marking     ] GC(963) Concurrent Mark
[402.805s][info][gc,marking     ] GC(963) Concurrent Mark From Roots
[402.805s][info][gc,task        ] GC(963) Using 1 workers of 1 for marking
[403.750s][info][gc,marking     ] GC(963) Concurrent Mark From Roots 945.546ms
[403.751s][info][gc,marking     ] GC(963) Concurrent Preclean
[403.751s][info][gc,marking     ] GC(963) Concurrent Preclean 0.042ms
[403.751s][info][gc,start       ] GC(963) Pause Remark
[403.758s][info][gc             ] GC(963) Pause Remark 881M->780M(978M) 7.568ms
[403.758s][info][gc,cpu         ] GC(963) User=0.01s Sys=0.00s Real=0.00s
[403.758s][info][gc,marking     ] GC(963) Concurrent Mark 953.494ms
[403.758s][info][gc,marking     ] GC(963) Concurrent Rebuild Remembered Sets and Scrub Regions
[403.802s][info][gc,start       ] GC(964) Pause Young (Normal) (G1 Evacuation Pause)
[403.802s][info][gc,task        ] GC(964) Using 2 workers of 2 for evacuation
[403.857s][info][gc,phases      ] GC(964)   Pre Evacuate Collection Set: 0.26ms
[403.857s][info][gc,phases      ] GC(964)   Merge Heap Roots: 0.44ms
[403.857s][info][gc,phases      ] GC(964)   Evacuate Collection Set: 53.82ms
[403.857s][info][gc,phases      ] GC(964)   Post Evacuate Collection Set: 0.70ms
[403.857s][info][gc,phases      ] GC(964)   Other: 0.08ms
[403.857s][info][gc,heap        ] GC(964) Eden regions: 370->0(427)
[403.857s][info][gc,heap        ] GC(964) Survivor regions: 7->31(48)
[403.857s][info][gc,heap        ] GC(964) Old regions: 431->431
[403.857s][info][gc,heap        ] GC(964) Humongous regions: 7->7
[403.857s][info][gc,metaspace   ] GC(964) Metaspace: 18910K(19136K)->18910K(19136K) NonClass: 16246K(16384K)->16246K(16384K) Class: 2664K(2752K)->2664K(2752K)
[403.857s][info][gc             ] GC(964) Pause Young (Normal) (G1 Evacuation Pause) 814M->468M(978M) 55.515ms
[403.857s][info][gc,cpu         ] GC(964) User=0.11s Sys=0.00s Real=0.05s
[404.121s][info][gc,marking     ] GC(963) Concurrent Rebuild Remembered Sets and Scrub Regions 362.198ms
[404.121s][info][gc,start       ] GC(963) Pause Cleanup
[404.121s][info][gc             ] GC(963) Pause Cleanup 621M->621M(978M) 0.110ms
[404.121s][info][gc,cpu         ] GC(963) User=0.00s Sys=0.00s Real=0.00s
[404.121s][info][gc,marking     ] GC(963) Concurrent Clear Claimed Marks
[404.121s][info][gc,marking     ] GC(963) Concurrent Clear Claimed Marks 0.031ms
[404.121s][info][gc,marking     ] GC(963) Concurrent Cleanup for Next Mark
[404.124s][info][gc,marking     ] GC(963) Concurrent Cleanup for Next Mark 2.838ms
[404.124s][info][gc             ] GC(963) Concurrent Mark Cycle 1337.325ms
[404.365s][info][gc,start       ] GC(965) Pause Young (Prepare Mixed) (G1 Evacuation Pause)
[404.365s][info][gc,task        ] GC(965) Using 2 workers of 2 for evacuation
[404.444s][info][gc,phases      ] GC(965)   Pre Evacuate Collection Set: 0.33ms
[404.444s][info][gc,phases      ] GC(965)   Merge Heap Roots: 0.72ms
[404.444s][info][gc,phases      ] GC(965)   Evacuate Collection Set: 76.75ms
[404.444s][info][gc,phases      ] GC(965)   Post Evacuate Collection Set: 0.78ms
[404.444s][info][gc,phases      ] GC(965)   Other: 0.11ms
[404.444s][info][gc,heap        ] GC(965) Eden regions: 427->0(376)
[404.444s][info][gc,heap        ] GC(965) Survivor regions: 31->55(58)
[404.444s][info][gc,heap        ] GC(965) Old regions: 431->435
[404.444s][info][gc,heap        ] GC(965) Humongous regions: 7->7
[404.444s][info][gc,metaspace   ] GC(965) Metaspace: 18910K(19136K)->18910K(19136K) NonClass: 16246K(16384K)->16246K(16384K) Class: 2664K(2752K)->2664K(2752K)
[404.444s][info][gc             ] GC(965) Pause Young (Prepare Mixed) (G1 Evacuation Pause) 895M->495M(978M) 78.988ms
[404.444s][info][gc,cpu         ] GC(965) User=0.15s Sys=0.00s Real=0.08s
[404.813s][info][gc,start       ] GC(966) Pause Young (Mixed) (G1 Evacuation Pause)
[404.813s][info][gc,task        ] GC(966) Using 2 workers of 2 for evacuation
[404.900s][info][gc,phases      ] GC(966)   Pre Evacuate Collection Set: 0.34ms
[404.900s][info][gc,phases      ] GC(966)   Merge Heap Roots: 0.46ms
[404.900s][info][gc,phases      ] GC(966)   Evacuate Collection Set: 85.10ms
[404.900s][info][gc,phases      ] GC(966)   Post Evacuate Collection Set: 0.69ms
[404.900s][info][gc,phases      ] GC(966)   Other: 0.11ms
[404.900s][info][gc,heap        ] GC(966) Eden regions: 376->0(430)
[404.900s][info][gc,heap        ] GC(966) Survivor regions: 55->17(54)
[404.900s][info][gc,heap        ] GC(966) Old regions: 435->436
[404.900s][info][gc,heap        ] GC(966) Humongous regions: 7->7
[404.900s][info][gc,metaspace   ] GC(966) Metaspace: 18912K(19136K)->18912K(19136K) NonClass: 16248K(16384K)->16248K(16384K) Class: 2664K(2752K)->2664K(2752K)
[404.900s][info][gc             ] GC(966) Pause Young (Mixed) (G1 Evacuation Pause) 871M->459M(978M) 86.972ms
[404.900s][info][gc,cpu         ] GC(966) User=0.17s Sys=0.00s Real=0.08s
[405.454s][info][gc,start       ] GC(967) Pause Young (Concurrent Start) (G1 Evacuation Pause)
[405.454s][info][gc,task        ] GC(967) Using 2 workers of 2 for evacuation
[405.534s][info][gc,phases      ] GC(967)   Pre Evacuate Collection Set: 0.31ms
[405.534s][info][gc,phases      ] GC(967)   Merge Heap Roots: 0.43ms
[405.534s][info][gc,phases      ] GC(967)   Evacuate Collection Set: 77.94ms
[405.534s][info][gc,phases      ] GC(967)   Post Evacuate Collection Set: 0.69ms
[405.534s][info][gc,phases      ] GC(967)   Other: 0.15ms
[405.534s][info][gc,heap        ] GC(967) Eden regions: 430->0(363)
[405.534s][info][gc,heap        ] GC(967) Survivor regions: 17->56(56)
[405.534s][info][gc,heap        ] GC(967) Old regions: 436->446
[405.534s][info][gc,heap        ] GC(967) Humongous regions: 7->7
[405.534s][info][gc,metaspace   ] GC(967) Metaspace: 18912K(19136K)->18912K(19136K) NonClass: 16248K(16384K)->16248K(16384K) Class: 2664K(2752K)->2664K(2752K)
[405.534s][info][gc             ] GC(967) Pause Young (Concurrent Start) (G1 Evacuation Pause) 889M->508M(978M) 79.791ms
[405.534s][info][gc             ] GC(968) Concurrent Mark Cycle
[405.534s][info][gc,marking     ] GC(968) Concurrent Scan Root Regions
[405.536s][info][gc,cpu         ] GC(967) User=0.16s Sys=0.00s Real=0.08s
[405.660s][info][gc,marking     ] GC(968) Concurrent Scan Root Regions 125.860ms
[405.660s][info][gc,marking     ] GC(968) Concurrent Mark
[405.660s][info][gc,marking     ] GC(968) Concurrent Mark From Roots
[405.660s][info][gc,task        ] GC(968) Using 1 workers of 1 for marking
[406.182s][info][gc,start       ] GC(969) Pause Young (Normal) (G1 Evacuation Pause)
[406.183s][info][gc,task        ] GC(969) Using 2 workers of 2 for evacuation
[406.247s][info][gc,phases      ] GC(969)   Pre Evacuate Collection Set: 0.31ms
[406.247s][info][gc,phases      ] GC(969)   Merge Heap Roots: 0.46ms
[406.247s][info][gc,phases      ] GC(969)   Evacuate Collection Set: 63.30ms
[406.247s][info][gc,phases      ] GC(969)   Post Evacuate Collection Set: 0.57ms
[406.247s][info][gc,phases      ] GC(969)   Other: 0.08ms
[406.247s][info][gc,heap        ] GC(969) Eden regions: 363->0(374)
[406.247s][info][gc,heap        ] GC(969) Survivor regions: 56->7(53)
[406.247s][info][gc,heap        ] GC(969) Old regions: 446->503
[406.247s][info][gc,heap        ] GC(969) Humongous regions: 7->7
[406.247s][info][gc,metaspace   ] GC(969) Metaspace: 18912K(19136K)->18912K(19136K) NonClass: 16248K(16384K)->16248K(16384K) Class: 2664K(2752K)->2664K(2752K)
[406.247s][info][gc             ] GC(969) Pause Young (Normal) (G1 Evacuation Pause) 871M->516M(978M) 64.999ms
[406.247s][info][gc,cpu         ] GC(969) User=0.12s Sys=0.00s Real=0.06s
[406.463s][info][gc,marking     ] GC(968) Concurrent Mark From Roots 802.884ms
[406.463s][info][gc,marking     ] GC(968) Concurrent Preclean
[406.463s][info][gc,marking     ] GC(968) Concurrent Preclean 0.042ms
[406.463s][info][gc,start       ] GC(968) Pause Remark
[406.471s][info][gc             ] GC(968) Pause Remark 684M->577M(978M) 7.610ms
[406.471s][info][gc,cpu         ] GC(968) User=0.01s Sys=0.00s Real=0.01s
[406.471s][info][gc,marking     ] GC(968) Concurrent Mark 810.868ms
[406.471s][info][gc,marking     ] GC(968) Concurrent Rebuild Remembered Sets and Scrub Regions
[406.745s][info][gc,marking     ] GC(968) Concurrent Rebuild Remembered Sets and Scrub Regions 274.362ms
[406.745s][info][gc,start       ] GC(968) Pause Cleanup
[406.745s][info][gc             ] GC(968) Pause Cleanup 699M->699M(978M) 0.139ms
[406.745s][info][gc,cpu         ] GC(968) User=0.00s Sys=0.00s Real=0.00s
[406.745s][info][gc,marking     ] GC(968) Concurrent Clear Claimed Marks
[406.746s][info][gc,marking     ] GC(968) Concurrent Clear Claimed Marks 0.030ms
[406.746s][info][gc,marking     ] GC(968) Concurrent Cleanup for Next Mark
[406.748s][info][gc,marking     ] GC(968) Concurrent Cleanup for Next Mark 2.828ms
[406.748s][info][gc             ] GC(968) Concurrent Mark Cycle 1214.527ms
[406.885s][info][gc,start       ] GC(970) Pause Young (Prepare Mixed) (G1 Evacuation Pause)
[406.886s][info][gc,task        ] GC(970) Using 2 workers of 2 for evacuation
[406.913s][info][gc,phases      ] GC(970)   Pre Evacuate Collection Set: 0.54ms
[406.913s][info][gc,phases      ] GC(970)   Merge Heap Roots: 0.28ms
[406.913s][info][gc,phases      ] GC(970)   Evacuate Collection Set: 25.40ms
[406.913s][info][gc,phases      ] GC(970)   Post Evacuate Collection Set: 0.59ms
[406.913s][info][gc,phases      ] GC(970)   Other: 0.11ms
[406.913s][info][gc,heap        ] GC(970) Eden regions: 374->0(453)
[406.913s][info][gc,heap        ] GC(970) Survivor regions: 7->23(48)
[406.913s][info][gc,heap        ] GC(970) Old regions: 399->399
[406.913s][info][gc,heap        ] GC(970) Humongous regions: 4->4
[406.913s][info][gc,metaspace   ] GC(970) Metaspace: 18912K(19136K)->18912K(19136K) NonClass: 16248K(16384K)->16248K(16384K) Class: 2664K(2752K)->2664K(2752K)
[406.913s][info][gc             ] GC(970) Pause Young (Prepare Mixed) (G1 Evacuation Pause) 783M->424M(978M) 27.165ms
[406.913s][info][gc,cpu         ] GC(970) User=0.05s Sys=0.00s Real=0.03s
[407.983s][info][gc,start       ] GC(971) Pause Young (Mixed) (G1 Evacuation Pause)
[407.983s][info][gc,task        ] GC(971) Using 2 workers of 2 for evacuation
[408.010s][info][gc,phases      ] GC(971)   Pre Evacuate Collection Set: 0.58ms
[408.010s][info][gc,phases      ] GC(971)   Merge Heap Roots: 0.29ms
[408.010s][info][gc,phases      ] GC(971)   Evacuate Collection Set: 25.16ms
[408.010s][info][gc,phases      ] GC(971)   Post Evacuate Collection Set: 0.71ms
[408.010s][info][gc,phases      ] GC(971)   Other: 0.09ms
[408.010s][info][gc,heap        ] GC(971) Eden regions: 453->0(504)
[408.010s][info][gc,heap        ] GC(971) Survivor regions: 23->23(60)
[408.010s][info][gc,heap        ] GC(971) Old regions: 399->354
[408.010s][info][gc,heap        ] GC(971) Humongous regions: 4->4
[408.010s][info][gc,metaspace   ] GC(971) Metaspace: 18912K(19136K)->18912K(19136K) NonClass: 16248K(16384K)->16248K(16384K) Class: 2664K(2752K)->2664K(2752K)
[408.010s][info][gc             ] GC(971) Pause Young (Mixed) (G1 Evacuation Pause) 877M->380M(978M) 27.047ms
[408.010s][info][gc,cpu         ] GC(971) User=0.05s Sys=0.00s Real=0.02s
[408.499s][info][gc,start       ] GC(972) Pause Young (Concurrent Start) (G1 Evacuation Pause)
[408.499s][info][gc,task        ] GC(972) Using 2 workers of 2 for evacuation
[408.707s][info][gc,mmu         ] GC(972) MMU target violated: 201.0ms (200.0ms/201.0ms)
[408.707s][info][gc,phases      ] GC(972)   Pre Evacuate Collection Set: 0.27ms
[408.707s][info][gc,phases      ] GC(972)   Merge Heap Roots: 0.26ms
[408.707s][info][gc,phases      ] GC(972)   Evacuate Collection Set: 176.59ms
[408.707s][info][gc,phases      ] GC(972)   Post Evacuate Collection Set: 29.90ms
[408.707s][info][gc,phases      ] GC(972)   Other: 0.22ms
[408.707s][info][gc,heap        ] GC(972) Eden regions: 504->0(55)
[408.707s][info][gc,heap        ] GC(972) Survivor regions: 23->66(66)
[408.707s][info][gc,heap        ] GC(972) Old regions: 354->737
[408.707s][info][gc,heap        ] GC(972) Humongous regions: 4->4
[408.707s][info][gc,metaspace   ] GC(972) Metaspace: 18912K(19136K)->18912K(19136K) NonClass: 16248K(16384K)->16248K(16384K) Class: 2664K(2752K)->2664K(2752K)
[408.707s][info][gc             ] GC(972) Pause Young (Concurrent Start) (G1 Evacuation Pause) (Evacuation Failure: Allocation) 884M->806M(978M) 207.394ms
[408.707s][info][gc,cpu         ] GC(972) User=0.41s Sys=0.00s Real=0.21s
[408.707s][info][gc             ] GC(973) Concurrent Mark Cycle
[408.707s][info][gc,marking     ] GC(973) Concurrent Scan Root Regions
[408.878s][info][gc,start       ] GC(974) Pause Young (Normal) (G1 Evacuation Pause)
[408.879s][info][gc,task        ] GC(974) Using 2 workers of 2 for evacuation
[408.920s][info][gc,marking     ] GC(973) Concurrent Scan Root Regions 213.044ms
[408.920s][info][gc,marking     ] GC(973) Concurrent Mark
[408.920s][info][gc,marking     ] GC(973) Concurrent Mark From Roots
[408.920s][info][gc,task        ] GC(973) Using 1 workers of 1 for marking
[409.068s][info][gc,phases      ] GC(974)   Pre Evacuate Collection Set: 0.41ms
[409.068s][info][gc,phases      ] GC(974)   Merge Heap Roots: 1.28ms
[409.068s][info][gc,phases      ] GC(974)   Evacuate Collection Set: 142.19ms
[409.068s][info][gc,phases      ] GC(974)   Post Evacuate Collection Set: 3.82ms
[409.068s][info][gc,phases      ] GC(974)   Other: 0.08ms
[409.068s][info][gc,heap        ] GC(974) Eden regions: 55->0(219)
[409.068s][info][gc,heap        ] GC(974) Survivor regions: 66->10(16)
[409.068s][info][gc,heap        ] GC(974) Old regions: 737->678
[409.068s][info][gc,heap        ] GC(974) Humongous regions: 4->4
[409.068s][info][gc,metaspace   ] GC(974) Metaspace: 18912K(19136K)->18912K(19136K) NonClass: 16248K(16384K)->16248K(16384K) Class: 2664K(2752K)->2664K(2752K)
[409.068s][info][gc             ] GC(974) Pause Young (Normal) (G1 Evacuation Pause) (Evacuation Failure: Allocation) 861M->691M(978M) 189.495ms
[409.068s][info][gc,cpu         ] GC(974) User=0.34s Sys=0.00s Real=0.19s
[409.610s][info][gc,start       ] GC(975) Pause Young (Normal) (G1 Evacuation Pause)
[409.610s][info][gc,task        ] GC(975) Using 2 workers of 2 for evacuation
[409.709s][info][gc,phases      ] GC(975)   Pre Evacuate Collection Set: 0.37ms
[409.709s][info][gc,phases      ] GC(975)   Merge Heap Roots: 0.55ms
[409.709s][info][gc,phases      ] GC(975)   Evacuate Collection Set: 86.64ms
[409.709s][info][gc,phases      ] GC(975)   Post Evacuate Collection Set: 11.38ms
[409.709s][info][gc,phases      ] GC(975)   Other: 0.08ms
[409.709s][info][gc,heap        ] GC(975) Eden regions: 219->0(35)
[409.709s][info][gc,heap        ] GC(975) Survivor regions: 10->26(29)
[409.709s][info][gc,heap        ] GC(975) Old regions: 678->834
[409.709s][info][gc,heap        ] GC(975) Humongous regions: 7->7
[409.709s][info][gc,metaspace   ] GC(975) Metaspace: 18912K(19136K)->18912K(19136K) NonClass: 16248K(16384K)->16248K(16384K) Class: 2664K(2752K)->2664K(2752K)
[409.709s][info][gc             ] GC(975) Pause Young (Normal) (G1 Evacuation Pause) (Evacuation Failure: Allocation) 913M->866M(978M) 99.272ms
[409.709s][info][gc,cpu         ] GC(975) User=0.20s Sys=0.00s Real=0.10s
[409.803s][info][gc,start       ] GC(976) Pause Young (Normal) (G1 Evacuation Pause)
[409.803s][info][gc,task        ] GC(976) Using 2 workers of 2 for evacuation
[409.881s][info][gc,phases      ] GC(976)   Pre Evacuate Collection Set: 0.56ms
[409.881s][info][gc,phases      ] GC(976)   Merge Heap Roots: 0.73ms
[409.881s][info][gc,phases      ] GC(976)   Evacuate Collection Set: 75.72ms
[409.881s][info][gc,phases      ] GC(976)   Post Evacuate Collection Set: 0.67ms
[409.881s][info][gc,phases      ] GC(976)   Other: 0.08ms
[409.881s][info][gc,heap        ] GC(976) Eden regions: 35->0(298)
[409.881s][info][gc,heap        ] GC(976) Survivor regions: 26->1(8)
[409.881s][info][gc,heap        ] GC(976) Old regions: 834->588
[409.881s][info][gc,heap        ] GC(976) Humongous regions: 7->7
[409.881s][info][gc,metaspace   ] GC(976) Metaspace: 18912K(19136K)->18912K(19136K) NonClass: 16248K(16384K)->16248K(16384K) Class: 2664K(2752K)->2664K(2752K)
[409.881s][info][gc             ] GC(976) Pause Young (Normal) (G1 Evacuation Pause) 901M->595M(978M) 77.986ms
[409.881s][info][gc,cpu         ] GC(976) User=0.15s Sys=0.00s Real=0.08s
[410.334s][info][gc,marking     ] GC(973) Concurrent Mark From Roots 1414.316ms
[410.334s][info][gc,marking     ] GC(973) Concurrent Preclean
[410.334s][info][gc,marking     ] GC(973) Concurrent Preclean 0.053ms
[410.336s][info][gc,start       ] GC(973) Pause Remark
[410.344s][info][gc             ] GC(973) Pause Remark 777M->777M(978M) 7.438ms
[410.344s][info][gc,cpu         ] GC(973) User=0.02s Sys=0.00s Real=0.01s
[410.345s][info][gc,marking     ] GC(973) Concurrent Mark 1424.673ms
[410.345s][info][gc,marking     ] GC(973) Concurrent Rebuild Remembered Sets and Scrub Regions
[410.615s][info][gc,start       ] GC(977) Pause Young (Normal) (G1 Evacuation Pause)
[410.615s][info][gc,task        ] GC(977) Using 2 workers of 2 for evacuation
[410.678s][info][gc,phases      ] GC(977)   Pre Evacuate Collection Set: 0.49ms
[410.678s][info][gc,phases      ] GC(977)   Merge Heap Roots: 0.82ms
[410.678s][info][gc,phases      ] GC(977)   Evacuate Collection Set: 60.04ms
[410.678s][info][gc,phases      ] GC(977)   Post Evacuate Collection Set: 0.77ms
[410.678s][info][gc,phases      ] GC(977)   Other: 0.08ms
[410.678s][info][gc,heap        ] GC(977) Eden regions: 298->0(266)
[410.678s][info][gc,heap        ] GC(977) Survivor regions: 1->26(38)
[410.678s][info][gc,heap        ] GC(977) Old regions: 588->588
[410.678s][info][gc,heap        ] GC(977) Humongous regions: 13->13
[410.678s][info][gc,metaspace   ] GC(977) Metaspace: 18912K(19136K)->18912K(19136K) NonClass: 16248K(16384K)->16248K(16384K) Class: 2664K(2752K)->2664K(2752K)
[410.678s][info][gc             ] GC(977) Pause Young (Normal) (G1 Evacuation Pause) 899M->626M(978M) 62.442ms
[410.678s][info][gc,cpu         ] GC(977) User=0.13s Sys=0.00s Real=0.06s
[410.861s][info][gc,marking     ] GC(973) Concurrent Rebuild Remembered Sets and Scrub Regions 516.716ms
[410.862s][info][gc,start       ] GC(973) Pause Cleanup
[410.862s][info][gc             ] GC(973) Pause Cleanup 694M->694M(978M) 0.114ms
[410.862s][info][gc,cpu         ] GC(973) User=0.00s Sys=0.00s Real=0.00s
[410.862s][info][gc,marking     ] GC(973) Concurrent Clear Claimed Marks
[410.862s][info][gc,marking     ] GC(973) Concurrent Clear Claimed Marks 0.032ms
[410.862s][info][gc,marking     ] GC(973) Concurrent Cleanup for Next Mark
[410.865s][info][gc,marking     ] GC(973) Concurrent Cleanup for Next Mark 2.840ms
[410.865s][info][gc             ] GC(973) Concurrent Mark Cycle 2157.836ms
[411.175s][info][gc,start       ] GC(978) Pause Young (Prepare Mixed) (G1 Evacuation Pause)
[411.175s][info][gc,task        ] GC(978) Using 2 workers of 2 for evacuation
[411.233s][info][gc,phases      ] GC(978)   Pre Evacuate Collection Set: 0.33ms
[411.233s][info][gc,phases      ] GC(978)   Merge Heap Roots: 0.82ms
[411.233s][info][gc,phases      ] GC(978)   Evacuate Collection Set: 57.03ms
[411.233s][info][gc,phases      ] GC(978)   Post Evacuate Collection Set: 0.53ms
[411.233s][info][gc,phases      ] GC(978)   Other: 0.10ms
[411.234s][info][gc,heap        ] GC(978) Eden regions: 266->0(280)
[411.234s][info][gc,heap        ] GC(978) Survivor regions: 26->1(37)
[411.234s][info][gc,heap        ] GC(978) Old regions: 588->614
[411.234s][info][gc,heap        ] GC(978) Humongous regions: 13->13
[411.234s][info][gc,metaspace   ] GC(978) Metaspace: 18912K(19136K)->18912K(19136K) NonClass: 16248K(16384K)->16248K(16384K) Class: 2664K(2752K)->2664K(2752K)
[411.234s][info][gc             ] GC(978) Pause Young (Prepare Mixed) (G1 Evacuation Pause) 892M->627M(978M) 59.083ms
[411.234s][info][gc,cpu         ] GC(978) User=0.11s Sys=0.00s Real=0.06s
[411.658s][info][gc,start       ] GC(979) Pause Young (Mixed) (G1 Evacuation Pause)
[411.658s][info][gc,task        ] GC(979) Using 2 workers of 2 for evacuation
[411.660s][info][gc,phases      ] GC(979)   Pre Evacuate Collection Set: 0.52ms
[411.660s][info][gc,phases      ] GC(979)   Merge Heap Roots: 0.13ms
[411.660s][info][gc,phases      ] GC(979)   Evacuate Collection Set: 0.86ms
[411.660s][info][gc,phases      ] GC(979)   Post Evacuate Collection Set: 0.50ms
[411.660s][info][gc,phases      ] GC(979)   Other: 0.11ms
[411.660s][info][gc,heap        ] GC(979) Eden regions: 280->0(301)
[411.660s][info][gc,heap        ] GC(979) Survivor regions: 1->1(36)
[411.660s][info][gc,heap        ] GC(979) Old regions: 614->605
[411.660s][info][gc,heap        ] GC(979) Humongous regions: 13->13
[411.660s][info][gc,metaspace   ] GC(979) Metaspace: 18912K(19136K)->18912K(19136K) NonClass: 16248K(16384K)->16248K(16384K) Class: 2664K(2752K)->2664K(2752K)
[411.660s][info][gc             ] GC(979) Pause Young (Mixed) (G1 Evacuation Pause) 907M->618M(978M) 2.370ms
[411.660s][info][gc,cpu         ] GC(979) User=0.00s Sys=0.00s Real=0.00s
[412.046s][info][gc,start       ] GC(980) Pause Young (Concurrent Start) (G1 Evacuation Pause)
[412.046s][info][gc,task        ] GC(980) Using 2 workers of 2 for evacuation
[412.069s][info][gc,phases      ] GC(980)   Pre Evacuate Collection Set: 0.34ms
[412.069s][info][gc,phases      ] GC(980)   Merge Heap Roots: 0.16ms
[412.069s][info][gc,phases      ] GC(980)   Evacuate Collection Set: 21.68ms
[412.069s][info][gc,phases      ] GC(980)   Post Evacuate Collection Set: 0.51ms
[412.069s][info][gc,phases      ] GC(980)   Other: 0.20ms
[412.069s][info][gc,heap        ] GC(980) Eden regions: 301->0(272)
[412.069s][info][gc,heap        ] GC(980) Survivor regions: 1->19(38)
[412.069s][info][gc,heap        ] GC(980) Old regions: 605->605
[412.069s][info][gc,heap        ] GC(980) Humongous regions: 13->13
[412.069s][info][gc,metaspace   ] GC(980) Metaspace: 18912K(19136K)->18912K(19136K) NonClass: 16248K(16384K)->16248K(16384K) Class: 2664K(2752K)->2664K(2752K)
[412.069s][info][gc             ] GC(980) Pause Young (Concurrent Start) (G1 Evacuation Pause) 919M->636M(978M) 23.117ms
[412.069s][info][gc,cpu         ] GC(980) User=0.04s Sys=0.00s Real=0.02s
[412.070s][info][gc             ] GC(981) Concurrent Mark Cycle
[412.070s][info][gc,marking     ] GC(981) Concurrent Scan Root Regions
[412.104s][info][gc,marking     ] GC(981) Concurrent Scan Root Regions 33.982ms
[412.104s][info][gc,marking     ] GC(981) Concurrent Mark
[412.104s][info][gc,marking     ] GC(981) Concurrent Mark From Roots
[412.104s][info][gc,task        ] GC(981) Using 1 workers of 1 for marking
[412.562s][info][gc,start       ] GC(982) Pause Young (Normal) (G1 Evacuation Pause)
[412.563s][info][gc,task        ] GC(982) Using 2 workers of 2 for evacuation
[412.598s][info][gc,phases      ] GC(982)   Pre Evacuate Collection Set: 0.30ms
[412.598s][info][gc,phases      ] GC(982)   Merge Heap Roots: 0.15ms
[412.598s][info][gc,phases      ] GC(982)   Evacuate Collection Set: 34.78ms
[412.598s][info][gc,phases      ] GC(982)   Post Evacuate Collection Set: 0.49ms
[412.598s][info][gc,phases      ] GC(982)   Other: 0.10ms
[412.598s][info][gc,heap        ] GC(982) Eden regions: 272->0(244)
[412.598s][info][gc,heap        ] GC(982) Survivor regions: 19->33(37)
[412.598s][info][gc,heap        ] GC(982) Old regions: 605->605
[412.598s][info][gc,heap        ] GC(982) Humongous regions: 13->13
[412.599s][info][gc,metaspace   ] GC(982) Metaspace: 18912K(19136K)->18912K(19136K) NonClass: 16248K(16384K)->16248K(16384K) Class: 2664K(2752K)->2664K(2752K)
[412.599s][info][gc             ] GC(982) Pause Young (Normal) (G1 Evacuation Pause) 908M->650M(978M) 36.063ms
[412.599s][info][gc,cpu         ] GC(982) User=0.07s Sys=0.00s Real=0.03s
[413.205s][info][gc,start       ] GC(983) Pause Young (Normal) (G1 Evacuation Pause)
[413.205s][info][gc,task        ] GC(983) Using 2 workers of 2 for evacuation
[413.246s][info][gc,phases      ] GC(983)   Pre Evacuate Collection Set: 0.52ms
[413.246s][info][gc,phases      ] GC(983)   Merge Heap Roots: 0.21ms
[413.246s][info][gc,phases      ] GC(983)   Evacuate Collection Set: 39.87ms
[413.246s][info][gc,phases      ] GC(983)   Post Evacuate Collection Set: 0.49ms
[413.246s][info][gc,phases      ] GC(983)   Other: 0.09ms
[413.246s][info][gc,heap        ] GC(983) Eden regions: 244->0(246)
[413.246s][info][gc,heap        ] GC(983) Survivor regions: 33->23(35)
[413.246s][info][gc,heap        ] GC(983) Old regions: 605->623
[413.246s][info][gc,heap        ] GC(983) Humongous regions: 13->13
[413.246s][info][gc,metaspace   ] GC(983) Metaspace: 18912K(19136K)->18912K(19136K) NonClass: 16248K(16384K)->16248K(16384K) Class: 2664K(2752K)->2664K(2752K)
[413.246s][info][gc             ] GC(983) Pause Young (Normal) (G1 Evacuation Pause) 894M->658M(978M) 41.418ms
[413.246s][info][gc,cpu         ] GC(983) User=0.08s Sys=0.00s Real=0.04s
[413.359s][info][gc,marking     ] GC(981) Concurrent Mark From Roots 1254.158ms
[413.359s][info][gc,marking     ] GC(981) Concurrent Preclean
[413.359s][info][gc,marking     ] GC(981) Concurrent Preclean 0.051ms
[413.360s][info][gc,start       ] GC(981) Pause Remark
[413.368s][info][gc             ] GC(981) Pause Remark 680M->595M(978M) 7.683ms
[413.368s][info][gc,cpu         ] GC(981) User=0.02s Sys=0.00s Real=0.00s
[413.369s][info][gc,marking     ] GC(981) Concurrent Mark 1264.572ms
[413.369s][info][gc,marking     ] GC(981) Concurrent Rebuild Remembered Sets and Scrub Regions
[413.720s][info][gc,marking     ] GC(981) Concurrent Rebuild Remembered Sets and Scrub Regions 351.071ms
[413.720s][info][gc,start       ] GC(981) Pause Cleanup
[413.720s][info][gc             ] GC(981) Pause Cleanup 714M->714M(978M) 0.151ms
[413.720s][info][gc,cpu         ] GC(981) User=0.00s Sys=0.00s Real=0.01s
[413.721s][info][gc,marking     ] GC(981) Concurrent Clear Claimed Marks
[413.722s][info][gc,marking     ] GC(981) Concurrent Clear Claimed Marks 0.053ms
[413.722s][info][gc,marking     ] GC(981) Concurrent Cleanup for Next Mark
[413.729s][info][gc,marking     ] GC(981) Concurrent Cleanup for Next Mark 7.652ms
[413.729s][info][gc             ] GC(981) Concurrent Mark Cycle 1660.568ms
[413.908s][info][gc,start       ] GC(984) Pause Young (Prepare Mixed) (G1 Evacuation Pause)
[413.908s][info][gc,task        ] GC(984) Using 2 workers of 2 for evacuation
[413.933s][info][gc,phases      ] GC(984)   Pre Evacuate Collection Set: 0.33ms
[413.934s][info][gc,phases      ] GC(984)   Merge Heap Roots: 0.25ms
[413.934s][info][gc,phases      ] GC(984)   Evacuate Collection Set: 24.26ms
[413.934s][info][gc,phases      ] GC(984)   Post Evacuate Collection Set: 0.48ms
[413.934s][info][gc,phases      ] GC(984)   Other: 0.09ms
[413.934s][info][gc,heap        ] GC(984) Eden regions: 246->0(344)
[413.934s][info][gc,heap        ] GC(984) Survivor regions: 23->9(34)
[413.934s][info][gc,heap        ] GC(984) Old regions: 544->559
[413.934s][info][gc,heap        ] GC(984) Humongous regions: 7->7
[413.934s][info][gc,metaspace   ] GC(984) Metaspace: 18912K(19136K)->18912K(19136K) NonClass: 16248K(16384K)->16248K(16384K) Class: 2664K(2752K)->2664K(2752K)
[413.934s][info][gc             ] GC(984) Pause Young (Prepare Mixed) (G1 Evacuation Pause) 819M->574M(978M) 25.653ms
[413.934s][info][gc,cpu         ] GC(984) User=0.05s Sys=0.00s Real=0.03s
[414.459s][info][gc,start       ] GC(985) Pause Young (Mixed) (G1 Evacuation Pause)
[414.459s][info][gc,task        ] GC(985) Using 2 workers of 2 for evacuation
[414.486s][info][gc,phases      ] GC(985)   Pre Evacuate Collection Set: 0.33ms
[414.486s][info][gc,phases      ] GC(985)   Merge Heap Roots: 0.27ms
[414.486s][info][gc,phases      ] GC(985)   Evacuate Collection Set: 25.45ms
[414.486s][info][gc,phases      ] GC(985)   Post Evacuate Collection Set: 0.61ms
[414.486s][info][gc,phases      ] GC(985)   Other: 0.13ms
[414.486s][info][gc,heap        ] GC(985) Eden regions: 344->0(381)
[414.486s][info][gc,heap        ] GC(985) Survivor regions: 9->22(45)
[414.486s][info][gc,heap        ] GC(985) Old regions: 559->496
[414.486s][info][gc,heap        ] GC(985) Humongous regions: 7->7
[414.486s][info][gc,metaspace   ] GC(985) Metaspace: 18912K(19136K)->18912K(19136K) NonClass: 16248K(16384K)->16248K(16384K) Class: 2664K(2752K)->2664K(2752K)
[414.486s][info][gc             ] GC(985) Pause Young (Mixed) (G1 Evacuation Pause) 918M->523M(978M) 27.032ms
[414.486s][info][gc,cpu         ] GC(985) User=0.06s Sys=0.00s Real=0.03s
[414.828s][info][gc,start       ] GC(986) Pause Young (Concurrent Start) (G1 Humongous Allocation)
[414.828s][info][gc,task        ] GC(986) Using 2 workers of 2 for evacuation
[414.909s][info][gc,phases      ] GC(986)   Pre Evacuate Collection Set: 0.31ms
[414.909s][info][gc,phases      ] GC(986)   Merge Heap Roots: 0.17ms
[414.909s][info][gc,phases      ] GC(986)   Evacuate Collection Set: 79.72ms
[414.909s][info][gc,phases      ] GC(986)   Post Evacuate Collection Set: 0.70ms
[414.909s][info][gc,phases      ] GC(986)   Other: 0.10ms
[414.910s][info][gc,heap        ] GC(986) Eden regions: 280->0(294)
[414.910s][info][gc,heap        ] GC(986) Survivor regions: 22->51(51)
[414.910s][info][gc,heap        ] GC(986) Old regions: 496->525
[414.910s][info][gc,heap        ] GC(986) Humongous regions: 7->7
[414.910s][info][gc,metaspace   ] GC(986) Metaspace: 18914K(19136K)->18914K(19136K) NonClass: 16250K(16384K)->16250K(16384K) Class: 2664K(2752K)->2664K(2752K)
[414.910s][info][gc             ] GC(986) Pause Young (Concurrent Start) (G1 Humongous Allocation) 803M->582M(978M) 81.294ms
[414.910s][info][gc             ] GC(987) Concurrent Mark Cycle
[414.910s][info][gc,marking     ] GC(987) Concurrent Scan Root Regions
[414.910s][info][gc,cpu         ] GC(986) User=0.16s Sys=0.00s Real=0.08s
[415.007s][info][gc,marking     ] GC(987) Concurrent Scan Root Regions 97.332ms
[415.007s][info][gc,marking     ] GC(987) Concurrent Mark
[415.007s][info][gc,marking     ] GC(987) Concurrent Mark From Roots
[415.007s][info][gc,task        ] GC(987) Using 1 workers of 1 for marking
[415.804s][info][gc,marking     ] GC(987) Concurrent Mark From Roots 797.119ms
[415.804s][info][gc,marking     ] GC(987) Concurrent Preclean
[415.804s][info][gc,marking     ] GC(987) Concurrent Preclean 0.054ms
[415.804s][info][gc,start       ] GC(987) Pause Remark
[415.812s][info][gc             ] GC(987) Pause Remark 849M->704M(978M) 7.609ms
[415.812s][info][gc,cpu         ] GC(987) User=0.01s Sys=0.00s Real=0.01s
[415.813s][info][gc,marking     ] GC(987) Concurrent Mark 806.399ms
[415.813s][info][gc,marking     ] GC(987) Concurrent Rebuild Remembered Sets and Scrub Regions
[415.876s][info][gc,start       ] GC(988) Pause Young (Normal) (G1 Evacuation Pause)
[415.876s][info][gc,task        ] GC(988) Using 2 workers of 2 for evacuation
[415.945s][info][gc,phases      ] GC(988)   Pre Evacuate Collection Set: 0.44ms
[415.945s][info][gc,phases      ] GC(988)   Merge Heap Roots: 0.45ms
[415.945s][info][gc,phases      ] GC(988)   Evacuate Collection Set: 67.41ms
[415.945s][info][gc,phases      ] GC(988)   Post Evacuate Collection Set: 0.57ms
[415.945s][info][gc,phases      ] GC(988)   Other: 0.10ms
[415.945s][info][gc,heap        ] GC(988) Eden regions: 294->0(401)
[415.945s][info][gc,heap        ] GC(988) Survivor regions: 51->6(44)
[415.945s][info][gc,heap        ] GC(988) Old regions: 382->434
[415.945s][info][gc,heap        ] GC(988) Humongous regions: 8->8
[415.945s][info][gc,metaspace   ] GC(988) Metaspace: 18914K(19136K)->18914K(19136K) NonClass: 16250K(16384K)->16250K(16384K) Class: 2664K(2752K)->2664K(2752K)
[415.945s][info][gc             ] GC(988) Pause Young (Normal) (G1 Evacuation Pause) 734M->446M(978M) 69.230ms
[415.945s][info][gc,cpu         ] GC(988) User=0.13s Sys=0.00s Real=0.07s
[416.201s][info][gc,marking     ] GC(987) Concurrent Rebuild Remembered Sets and Scrub Regions 387.909ms
[416.202s][info][gc,start       ] GC(987) Pause Cleanup
[416.202s][info][gc             ] GC(987) Pause Cleanup 561M->561M(978M) 0.098ms
[416.202s][info][gc,cpu         ] GC(987) User=0.00s Sys=0.00s Real=0.00s
[416.202s][info][gc,marking     ] GC(987) Concurrent Clear Claimed Marks
[416.202s][info][gc,marking     ] GC(987) Concurrent Clear Claimed Marks 0.029ms
[416.202s][info][gc,marking     ] GC(987) Concurrent Cleanup for Next Mark
[416.205s][info][gc,marking     ] GC(987) Concurrent Cleanup for Next Mark 2.871ms
[416.205s][info][gc             ] GC(987) Concurrent Mark Cycle 1295.033ms
[416.626s][info][gc,start       ] GC(989) Pause Young (Prepare Mixed) (G1 Evacuation Pause)
[416.626s][info][gc,task        ] GC(989) Using 2 workers of 2 for evacuation
[416.635s][info][gc,phases      ] GC(989)   Pre Evacuate Collection Set: 0.55ms
[416.635s][info][gc,phases      ] GC(989)   Merge Heap Roots: 0.14ms
[416.635s][info][gc,phases      ] GC(989)   Evacuate Collection Set: 7.67ms
[416.635s][info][gc,phases      ] GC(989)   Post Evacuate Collection Set: 0.58ms
[416.635s][info][gc,phases      ] GC(989)   Other: 0.12ms
[416.635s][info][gc,heap        ] GC(989) Eden regions: 401->0(422)
[416.635s][info][gc,heap        ] GC(989) Survivor regions: 6->6(51)
[416.635s][info][gc,heap        ] GC(989) Old regions: 434->434
[416.635s][info][gc,heap        ] GC(989) Humongous regions: 8->8
[416.635s][info][gc,metaspace   ] GC(989) Metaspace: 18914K(19136K)->18914K(19136K) NonClass: 16250K(16384K)->16250K(16384K) Class: 2664K(2752K)->2664K(2752K)
[416.635s][info][gc             ] GC(989) Pause Young (Prepare Mixed) (G1 Evacuation Pause) 847M->447M(978M) 9.312ms
[416.635s][info][gc,cpu         ] GC(989) User=0.01s Sys=0.00s Real=0.01s
[417.122s][info][gc,start       ] GC(990) Pause Young (Mixed) (G1 Evacuation Pause)
[417.122s][info][gc,task        ] GC(990) Using 2 workers of 2 for evacuation
[417.161s][info][gc,phases      ] GC(990)   Pre Evacuate Collection Set: 0.30ms
[417.161s][info][gc,phases      ] GC(990)   Merge Heap Roots: 0.24ms
[417.161s][info][gc,phases      ] GC(990)   Evacuate Collection Set: 38.14ms
[417.161s][info][gc,phases      ] GC(990)   Post Evacuate Collection Set: 0.62ms
[417.161s][info][gc,phases      ] GC(990)   Other: 0.11ms
[417.161s][info][gc,heap        ] GC(990) Eden regions: 422->0(418)
[417.161s][info][gc,heap        ] GC(990) Survivor regions: 6->31(54)
[417.161s][info][gc,heap        ] GC(990) Old regions: 434->415
[417.161s][info][gc,heap        ] GC(990) Humongous regions: 8->8
[417.161s][info][gc,metaspace   ] GC(990) Metaspace: 18914K(19136K)->18914K(19136K) NonClass: 16250K(16384K)->16250K(16384K) Class: 2664K(2752K)->2664K(2752K)
[417.161s][info][gc             ] GC(990) Pause Young (Mixed) (G1 Evacuation Pause) 869M->453M(978M) 39.675ms
[417.161s][info][gc,cpu         ] GC(990) User=0.08s Sys=0.00s Real=0.04s
[417.564s][info][gc,start       ] GC(991) Pause Young (Concurrent Start) (G1 Evacuation Pause)
[417.564s][info][gc,task        ] GC(991) Using 2 workers of 2 for evacuation
[417.616s][info][gc,phases      ] GC(991)   Pre Evacuate Collection Set: 0.35ms
[417.616s][info][gc,phases      ] GC(991)   Merge Heap Roots: 0.19ms
[417.617s][info][gc,phases      ] GC(991)   Evacuate Collection Set: 50.91ms
[417.617s][info][gc,phases      ] GC(991)   Post Evacuate Collection Set: 0.65ms
[417.617s][info][gc,phases      ] GC(991)   Other: 0.23ms
[417.617s][info][gc,heap        ] GC(991) Eden regions: 418->0(416)
[417.617s][info][gc,heap        ] GC(991) Survivor regions: 31->39(57)
[417.617s][info][gc,heap        ] GC(991) Old regions: 415->421
[417.617s][info][gc,heap        ] GC(991) Humongous regions: 8->8
[417.617s][info][gc,metaspace   ] GC(991) Metaspace: 18914K(19136K)->18914K(19136K) NonClass: 16250K(16384K)->16250K(16384K) Class: 2664K(2752K)->2664K(2752K)
[417.617s][info][gc             ] GC(991) Pause Young (Concurrent Start) (G1 Evacuation Pause) 871M->467M(978M) 52.617ms
[417.617s][info][gc,cpu         ] GC(991) User=0.10s Sys=0.00s Real=0.05s
[417.617s][info][gc             ] GC(992) Concurrent Mark Cycle
[417.617s][info][gc,marking     ] GC(992) Concurrent Scan Root Regions
[417.698s][info][gc,marking     ] GC(992) Concurrent Scan Root Regions 81.591ms
[417.698s][info][gc,marking     ] GC(992) Concurrent Mark
[417.698s][info][gc,marking     ] GC(992) Concurrent Mark From Roots
[417.698s][info][gc,task        ] GC(992) Using 1 workers of 1 for marking
[418.505s][info][gc,marking     ] GC(992) Concurrent Mark From Roots 806.095ms
[418.505s][info][gc,marking     ] GC(992) Concurrent Preclean
[418.505s][info][gc,marking     ] GC(992) Concurrent Preclean 0.041ms
[418.505s][info][gc,start       ] GC(992) Pause Remark
[418.512s][info][gc             ] GC(992) Pause Remark 789M->734M(978M) 7.669ms
[418.512s][info][gc,cpu         ] GC(992) User=0.01s Sys=0.00s Real=0.01s
[418.513s][info][gc,marking     ] GC(992) Concurrent Mark 814.115ms
[418.513s][info][gc,marking     ] GC(992) Concurrent Rebuild Remembered Sets and Scrub Regions
[418.661s][info][gc,start       ] GC(993) Pause Young (Normal) (G1 Evacuation Pause)
[418.662s][info][gc,task        ] GC(993) Using 2 workers of 2 for evacuation
[418.753s][info][gc,phases      ] GC(993)   Pre Evacuate Collection Set: 0.46ms
[418.753s][info][gc,phases      ] GC(993)   Merge Heap Roots: 0.45ms
[418.753s][info][gc,phases      ] GC(993)   Evacuate Collection Set: 89.77ms
[418.753s][info][gc,phases      ] GC(993)   Post Evacuate Collection Set: 0.71ms
[418.753s][info][gc,phases      ] GC(993)   Other: 0.10ms
[418.753s][info][gc,heap        ] GC(993) Eden regions: 416->0(412)
[418.753s][info][gc,heap        ] GC(993) Survivor regions: 39->56(57)
[418.753s][info][gc,heap        ] GC(993) Old regions: 369->395
[418.753s][info][gc,heap        ] GC(993) Humongous regions: 5->5
[418.753s][info][gc,metaspace   ] GC(993) Metaspace: 18917K(19136K)->18917K(19136K) NonClass: 16253K(16384K)->16253K(16384K) Class: 2664K(2752K)->2664K(2752K)
[418.753s][info][gc             ] GC(993) Pause Young (Normal) (G1 Evacuation Pause) 828M->455M(978M) 91.709ms
[418.753s][info][gc,cpu         ] GC(993) User=0.18s Sys=0.00s Real=0.09s
[418.979s][info][gc,marking     ] GC(992) Concurrent Rebuild Remembered Sets and Scrub Regions 466.406ms
[418.979s][info][gc,start       ] GC(992) Pause Cleanup
[418.980s][info][gc             ] GC(992) Pause Cleanup 598M->598M(978M) 0.153ms
[418.980s][info][gc,cpu         ] GC(992) User=0.00s Sys=0.00s Real=0.00s
[418.980s][info][gc,marking     ] GC(992) Concurrent Clear Claimed Marks
[418.980s][info][gc,marking     ] GC(992) Concurrent Clear Claimed Marks 0.043ms
[418.980s][info][gc,marking     ] GC(992) Concurrent Cleanup for Next Mark
[418.983s][info][gc,marking     ] GC(992) Concurrent Cleanup for Next Mark 2.872ms
[418.983s][info][gc             ] GC(992) Concurrent Mark Cycle 1365.980ms
[419.174s][info][gc,start       ] GC(994) Pause Young (Prepare Mixed) (G1 Evacuation Pause)
[419.174s][info][gc,task        ] GC(994) Using 2 workers of 2 for evacuation
[419.310s][info][gc,phases      ] GC(994)   Pre Evacuate Collection Set: 0.48ms
[419.310s][info][gc,phases      ] GC(994)   Merge Heap Roots: 0.83ms
[419.310s][info][gc,phases      ] GC(994)   Evacuate Collection Set: 127.98ms
[419.310s][info][gc,phases      ] GC(994)   Post Evacuate Collection Set: 6.40ms
[419.310s][info][gc,phases      ] GC(994)   Other: 0.09ms
[419.310s][info][gc,heap        ] GC(994) Eden regions: 412->0(274)
[419.310s][info][gc,heap        ] GC(994) Survivor regions: 56->53(59)
[419.310s][info][gc,heap        ] GC(994) Old regions: 395->543
[419.310s][info][gc,heap        ] GC(994) Humongous regions: 5->5
[419.310s][info][gc,metaspace   ] GC(994) Metaspace: 18918K(19136K)->18918K(19136K) NonClass: 16253K(16384K)->16253K(16384K) Class: 2664K(2752K)->2664K(2752K)
[419.310s][info][gc             ] GC(994) Pause Young (Prepare Mixed) (G1 Evacuation Pause) (Evacuation Failure: Allocation) 867M->600M(978M) 136.091ms
[419.310s][info][gc,cpu         ] GC(994) User=0.27s Sys=0.00s Real=0.14s
[419.538s][info][gc,start       ] GC(995) Pause Young (Mixed) (G1 Evacuation Pause)
[419.538s][info][gc,task        ] GC(995) Using 2 workers of 2 for evacuation
[419.673s][info][gc,phases      ] GC(995)   Pre Evacuate Collection Set: 0.38ms
[419.673s][info][gc,phases      ] GC(995)   Merge Heap Roots: 1.11ms
[419.673s][info][gc,phases      ] GC(995)   Evacuate Collection Set: 128.51ms
[419.673s][info][gc,phases      ] GC(995)   Post Evacuate Collection Set: 5.22ms
[419.673s][info][gc,phases      ] GC(995)   Other: 0.11ms
[419.673s][info][gc,heap        ] GC(995) Eden regions: 274->0(215)
[419.673s][info][gc,heap        ] GC(995) Survivor regions: 53->27(41)
[419.673s][info][gc,heap        ] GC(995) Old regions: 543->654
[419.673s][info][gc,heap        ] GC(995) Humongous regions: 5->5
[419.673s][info][gc,metaspace   ] GC(995) Metaspace: 18920K(19136K)->18920K(19136K) NonClass: 16256K(16384K)->16256K(16384K) Class: 2664K(2752K)->2664K(2752K)
[419.673s][info][gc             ] GC(995) Pause Young (Mixed) (G1 Evacuation Pause) (Evacuation Failure: Allocation) 874M->685M(978M) 135.584ms
[419.673s][info][gc,cpu         ] GC(995) User=0.27s Sys=0.00s Real=0.14s
[419.865s][info][gc,start       ] GC(996) Pause Young (Mixed) (G1 Evacuation Pause)
[419.865s][info][gc,task        ] GC(996) Using 2 workers of 2 for evacuation
[419.958s][info][gc,phases      ] GC(996)   Pre Evacuate Collection Set: 0.59ms
[419.958s][info][gc,phases      ] GC(996)   Merge Heap Roots: 1.43ms
[419.958s][info][gc,phases      ] GC(996)   Evacuate Collection Set: 90.50ms
[419.958s][info][gc,phases      ] GC(996)   Post Evacuate Collection Set: 0.73ms
[419.958s][info][gc,phases      ] GC(996)   Other: 0.09ms
[419.958s][info][gc,heap        ] GC(996) Eden regions: 215->0(374)
[419.958s][info][gc,heap        ] GC(996) Survivor regions: 27->4(31)
[419.958s][info][gc,heap        ] GC(996) Old regions: 654->489
[419.958s][info][gc,heap        ] GC(996) Humongous regions: 5->5
[419.958s][info][gc,metaspace   ] GC(996) Metaspace: 18920K(19136K)->18920K(19136K) NonClass: 16256K(16384K)->16256K(16384K) Class: 2664K(2752K)->2664K(2752K)
[419.958s][info][gc             ] GC(996) Pause Young (Mixed) (G1 Evacuation Pause) 900M->497M(978M) 93.592ms
[419.958s][info][gc,cpu         ] GC(996) User=0.18s Sys=0.00s Real=0.09s
[420.295s][info][gc,start       ] GC(997) Pause Young (Concurrent Start) (G1 Evacuation Pause)
[420.295s][info][gc,task        ] GC(997) Using 2 workers of 2 for evacuation
[420.319s][info][gc,phases      ] GC(997)   Pre Evacuate Collection Set: 0.30ms
[420.319s][info][gc,phases      ] GC(997)   Merge Heap Roots: 0.23ms
[420.319s][info][gc,phases      ] GC(997)   Evacuate Collection Set: 23.23ms
[420.319s][info][gc,phases      ] GC(997)   Post Evacuate Collection Set: 0.55ms
[420.319s][info][gc,phases      ] GC(997)   Other: 0.11ms
[420.319s][info][gc,heap        ] GC(997) Eden regions: 374->0(369)
[420.319s][info][gc,heap        ] GC(997) Survivor regions: 4->20(48)
[420.319s][info][gc,heap        ] GC(997) Old regions: 489->489
[420.319s][info][gc,heap        ] GC(997) Humongous regions: 5->5
[420.319s][info][gc,metaspace   ] GC(997) Metaspace: 18920K(19136K)->18920K(19136K) NonClass: 16256K(16384K)->16256K(16384K) Class: 2664K(2752K)->2664K(2752K)
[420.319s][info][gc             ] GC(997) Pause Young (Concurrent Start) (G1 Evacuation Pause) 871M->512M(978M) 24.684ms
[420.319s][info][gc,cpu         ] GC(997) User=0.05s Sys=0.00s Real=0.02s
[420.320s][info][gc             ] GC(998) Concurrent Mark Cycle
[420.320s][info][gc,marking     ] GC(998) Concurrent Scan Root Regions
[420.358s][info][gc,marking     ] GC(998) Concurrent Scan Root Regions 38.824ms
[420.358s][info][gc,marking     ] GC(998) Concurrent Mark
[420.358s][info][gc,marking     ] GC(998) Concurrent Mark From Roots
[420.358s][info][gc,task        ] GC(998) Using 1 workers of 1 for marking
[421.014s][info][gc,start       ] GC(999) Pause Young (Normal) (G1 Evacuation Pause)
[421.014s][info][gc,task        ] GC(999) Using 2 workers of 2 for evacuation
[421.077s][info][gc,phases      ] GC(999)   Pre Evacuate Collection Set: 0.30ms
[421.077s][info][gc,phases      ] GC(999)   Merge Heap Roots: 0.43ms
[421.077s][info][gc,phases      ] GC(999)   Evacuate Collection Set: 61.54ms
[421.077s][info][gc,phases      ] GC(999)   Post Evacuate Collection Set: 0.70ms
[421.077s][info][gc,phases      ] GC(999)   Other: 0.09ms
[421.077s][info][gc,heap        ] GC(999) Eden regions: 369->0(345)
[421.077s][info][gc,heap        ] GC(999) Survivor regions: 20->43(49)
[421.077s][info][gc,heap        ] GC(999) Old regions: 489->489
[421.077s][info][gc,heap        ] GC(999) Humongous regions: 8->8
[421.077s][info][gc,metaspace   ] GC(999) Metaspace: 18922K(19136K)->18922K(19136K) NonClass: 16258K(16384K)->16258K(16384K) Class: 2664K(2752K)->2664K(2752K)
[421.077s][info][gc             ] GC(999) Pause Young (Normal) (G1 Evacuation Pause) 884M->538M(978M) 63.279ms
[421.077s][info][gc,cpu         ] GC(999) User=0.12s Sys=0.00s Real=0.06s
[421.789s][info][gc,marking     ] GC(998) Concurrent Mark From Roots 1430.237ms
[421.789s][info][gc,marking     ] GC(998) Concurrent Preclean
[421.789s][info][gc,marking     ] GC(998) Concurrent Preclean 0.042ms
[421.789s][info][gc,start       ] GC(998) Pause Remark
[421.796s][info][gc             ] GC(998) Pause Remark 821M->821M(978M) 7.560ms
[421.797s][info][gc,cpu         ] GC(998) User=0.02s Sys=0.00s Real=0.01s
[421.797s][info][gc,marking     ] GC(998) Concurrent Mark 1438.158ms
[421.797s][info][gc,marking     ] GC(998) Concurrent Rebuild Remembered Sets and Scrub Regions
[421.890s][info][gc,start       ] GC(1000) Pause Young (Normal) (G1 Evacuation Pause)
[421.891s][info][gc,task        ] GC(1000) Using 2 workers of 2 for evacuation
[421.990s][info][gc,phases      ] GC(1000)   Pre Evacuate Collection Set: 0.28ms
[421.990s][info][gc,phases      ] GC(1000)   Merge Heap Roots: 0.55ms
[421.990s][info][gc,phases      ] GC(1000)   Evacuate Collection Set: 98.06ms
[421.990s][info][gc,phases      ] GC(1000)   Post Evacuate Collection Set: 0.65ms
[421.990s][info][gc,phases      ] GC(1000)   Other: 0.09ms
[421.990s][info][gc,heap        ] GC(1000) Eden regions: 345->0(303)
[421.990s][info][gc,heap        ] GC(1000) Survivor regions: 43->49(49)
[421.990s][info][gc,heap        ] GC(1000) Old regions: 489->519
[421.990s][info][gc,heap        ] GC(1000) Humongous regions: 8->8
[421.990s][info][gc,metaspace   ] GC(1000) Metaspace: 18922K(19136K)->18922K(19136K) NonClass: 16258K(16384K)->16258K(16384K) Class: 2664K(2752K)->2664K(2752K)
[421.990s][info][gc             ] GC(1000) Pause Young (Normal) (G1 Evacuation Pause) 883M->575M(978M) 99.880ms
[421.990s][info][gc,cpu         ] GC(1000) User=0.20s Sys=0.00s Real=0.10s
[422.408s][info][gc,marking     ] GC(998) Concurrent Rebuild Remembered Sets and Scrub Regions 611.722ms
[422.408s][info][gc,start       ] GC(998) Pause Cleanup
[422.409s][info][gc             ] GC(998) Pause Cleanup 802M->802M(978M) 0.086ms
[422.409s][info][gc,cpu         ] GC(998) User=0.00s Sys=0.00s Real=0.00s
[422.409s][info][gc,marking     ] GC(998) Concurrent Clear Claimed Marks
[422.409s][info][gc,marking     ] GC(998) Concurrent Clear Claimed Marks 0.030ms
[422.409s][info][gc,marking     ] GC(998) Concurrent Cleanup for Next Mark
[422.412s][info][gc,marking     ] GC(998) Concurrent Cleanup for Next Mark 2.843ms
[422.412s][info][gc             ] GC(998) Concurrent Mark Cycle 2092.025ms
[422.469s][info][gc,start       ] GC(1001) Pause Young (Prepare Mixed) (G1 Evacuation Pause)
[422.469s][info][gc,task        ] GC(1001) Using 2 workers of 2 for evacuation
[422.534s][info][gc,phases      ] GC(1001)   Pre Evacuate Collection Set: 0.28ms
[422.534s][info][gc,phases      ] GC(1001)   Merge Heap Roots: 0.44ms
[422.534s][info][gc,phases      ] GC(1001)   Evacuate Collection Set: 63.98ms
[422.534s][info][gc,phases      ] GC(1001)   Post Evacuate Collection Set: 0.58ms
[422.534s][info][gc,phases      ] GC(1001)   Other: 0.09ms
[422.534s][info][gc,heap        ] GC(1001) Eden regions: 303->0(313)
[422.534s][info][gc,heap        ] GC(1001) Survivor regions: 49->6(44)
[422.534s][info][gc,heap        ] GC(1001) Old regions: 519->568
[422.534s][info][gc,heap        ] GC(1001) Humongous regions: 8->8
[422.534s][info][gc,metaspace   ] GC(1001) Metaspace: 18925K(19136K)->18925K(19136K) NonClass: 16261K(16384K)->16261K(16384K) Class: 2664K(2752K)->2664K(2752K)
[422.534s][info][gc             ] GC(1001) Pause Young (Prepare Mixed) (G1 Evacuation Pause) 878M->581M(978M) 65.609ms
[422.534s][info][gc,cpu         ] GC(1001) User=0.13s Sys=0.00s Real=0.07s
[422.915s][info][gc,start       ] GC(1002) Pause Young (Mixed) (G1 Evacuation Pause)
[422.915s][info][gc,task        ] GC(1002) Using 2 workers of 2 for evacuation
[422.952s][info][gc,phases      ] GC(1002)   Pre Evacuate Collection Set: 0.53ms
[422.952s][info][gc,phases      ] GC(1002)   Merge Heap Roots: 0.51ms
[422.952s][info][gc,phases      ] GC(1002)   Evacuate Collection Set: 35.01ms
[422.952s][info][gc,phases      ] GC(1002)   Post Evacuate Collection Set: 0.53ms
[422.952s][info][gc,phases      ] GC(1002)   Other: 0.09ms
[422.952s][info][gc,heap        ] GC(1002) Eden regions: 313->0(323)
[422.952s][info][gc,heap        ] GC(1002) Survivor regions: 6->14(40)
[422.952s][info][gc,heap        ] GC(1002) Old regions: 568->561
[422.952s][info][gc,heap        ] GC(1002) Humongous regions: 8->8
[422.952s][info][gc,metaspace   ] GC(1002) Metaspace: 18925K(19136K)->18925K(19136K) NonClass: 16261K(16384K)->16261K(16384K) Class: 2664K(2752K)->2664K(2752K)
[422.952s][info][gc             ] GC(1002) Pause Young (Mixed) (G1 Evacuation Pause) 894M->582M(978M) 36.887ms
[422.952s][info][gc,cpu         ] GC(1002) User=0.07s Sys=0.00s Real=0.04s
[423.858s][info][gc,start       ] GC(1003) Pause Young (Concurrent Start) (G1 Evacuation Pause)
[423.858s][info][gc,task        ] GC(1003) Using 2 workers of 2 for evacuation
[423.877s][info][gc,phases      ] GC(1003)   Pre Evacuate Collection Set: 0.30ms
[423.878s][info][gc,phases      ] GC(1003)   Merge Heap Roots: 0.30ms
[423.878s][info][gc,phases      ] GC(1003)   Evacuate Collection Set: 18.63ms
[423.878s][info][gc,phases      ] GC(1003)   Post Evacuate Collection Set: 0.57ms
[423.878s][info][gc,phases      ] GC(1003)   Other: 0.11ms
[423.878s][info][gc,heap        ] GC(1003) Eden regions: 323->0(331)
[423.878s][info][gc,heap        ] GC(1003) Survivor regions: 14->14(43)
[423.878s][info][gc,heap        ] GC(1003) Old regions: 561->561
[423.878s][info][gc,heap        ] GC(1003) Humongous regions: 8->8
[423.878s][info][gc,metaspace   ] GC(1003) Metaspace: 18926K(19136K)->18926K(19136K) NonClass: 16262K(16384K)->16262K(16384K) Class: 2664K(2752K)->2664K(2752K)
[423.878s][info][gc             ] GC(1003) Pause Young (Concurrent Start) (G1 Evacuation Pause) 905M->582M(978M) 20.148ms
[423.878s][info][gc,cpu         ] GC(1003) User=0.04s Sys=0.00s Real=0.02s
[423.878s][info][gc             ] GC(1004) Concurrent Mark Cycle
[423.878s][info][gc,marking     ] GC(1004) Concurrent Scan Root Regions
[423.910s][info][gc,marking     ] GC(1004) Concurrent Scan Root Regions 31.818ms
[423.910s][info][gc,marking     ] GC(1004) Concurrent Mark
[423.910s][info][gc,marking     ] GC(1004) Concurrent Mark From Roots
[423.910s][info][gc,task        ] GC(1004) Using 1 workers of 1 for marking
[425.516s][info][gc,marking     ] GC(1004) Concurrent Mark From Roots 1606.853ms
[425.517s][info][gc,marking     ] GC(1004) Concurrent Preclean
[425.517s][info][gc,marking     ] GC(1004) Concurrent Preclean 0.048ms
[425.518s][info][gc,start       ] GC(1004) Pause Remark
[425.526s][info][gc             ] GC(1004) Pause Remark 880M->879M(978M) 7.807ms
[425.526s][info][gc,cpu         ] GC(1004) User=0.01s Sys=0.00s Real=0.01s
[425.526s][info][gc,marking     ] GC(1004) Concurrent Mark 1616.750ms
[425.526s][info][gc,marking     ] GC(1004) Concurrent Rebuild Remembered Sets and Scrub Regions
[425.596s][info][gc,start       ] GC(1005) Pause Young (Normal) (G1 Evacuation Pause)
[425.596s][info][gc,task        ] GC(1005) Using 2 workers of 2 for evacuation
[425.636s][info][gc,phases      ] GC(1005)   Pre Evacuate Collection Set: 0.28ms
[425.636s][info][gc,phases      ] GC(1005)   Merge Heap Roots: 0.27ms
[425.636s][info][gc,phases      ] GC(1005)   Evacuate Collection Set: 38.55ms
[425.636s][info][gc,phases      ] GC(1005)   Post Evacuate Collection Set: 0.61ms
[425.636s][info][gc,phases      ] GC(1005)   Other: 0.10ms
[425.636s][info][gc,heap        ] GC(1005) Eden regions: 331->0(290)
[425.636s][info][gc,heap        ] GC(1005) Survivor regions: 14->35(44)
[425.636s][info][gc,heap        ] GC(1005) Old regions: 561->561
[425.636s][info][gc,heap        ] GC(1005) Humongous regions: 7->7
[425.636s][info][gc,metaspace   ] GC(1005) Metaspace: 18929K(19136K)->18929K(19136K) NonClass: 16264K(16384K)->16264K(16384K) Class: 2664K(2752K)->2664K(2752K)
[425.636s][info][gc             ] GC(1005) Pause Young (Normal) (G1 Evacuation Pause) 912M->602M(978M) 40.087ms
[425.636s][info][gc,cpu         ] GC(1005) User=0.08s Sys=0.00s Real=0.04s
[426.211s][info][gc,marking     ] GC(1004) Concurrent Rebuild Remembered Sets and Scrub Regions 684.675ms
[426.211s][info][gc,start       ] GC(1004) Pause Cleanup
[426.211s][info][gc             ] GC(1004) Pause Cleanup 821M->821M(978M) 0.133ms
[426.211s][info][gc,cpu         ] GC(1004) User=0.00s Sys=0.00s Real=0.00s
[426.211s][info][gc,marking     ] GC(1004) Concurrent Clear Claimed Marks
[426.211s][info][gc,marking     ] GC(1004) Concurrent Clear Claimed Marks 0.037ms
[426.211s][info][gc,marking     ] GC(1004) Concurrent Cleanup for Next Mark
[426.216s][info][gc,marking     ] GC(1004) Concurrent Cleanup for Next Mark 4.844ms
[426.216s][info][gc             ] GC(1004) Concurrent Mark Cycle 2338.712ms
[426.514s][info][gc,start       ] GC(1006) Pause Young (Prepare Mixed) (G1 Evacuation Pause)
[426.514s][info][gc,task        ] GC(1006) Using 2 workers of 2 for evacuation
[426.553s][info][gc,phases      ] GC(1006)   Pre Evacuate Collection Set: 0.53ms
[426.553s][info][gc,phases      ] GC(1006)   Merge Heap Roots: 0.42ms
[426.553s][info][gc,phases      ] GC(1006)   Evacuate Collection Set: 37.73ms
[426.553s][info][gc,phases      ] GC(1006)   Post Evacuate Collection Set: 0.52ms
[426.553s][info][gc,phases      ] GC(1006)   Other: 0.09ms
[426.553s][info][gc,heap        ] GC(1006) Eden regions: 290->0(321)
[426.553s][info][gc,heap        ] GC(1006) Survivor regions: 35->2(41)
[426.553s][info][gc,heap        ] GC(1006) Old regions: 561->596
[426.553s][info][gc,heap        ] GC(1006) Humongous regions: 7->7
[426.553s][info][gc,metaspace   ] GC(1006) Metaspace: 18929K(19136K)->18929K(19136K) NonClass: 16264K(16384K)->16264K(16384K) Class: 2664K(2752K)->2664K(2752K)
[426.553s][info][gc             ] GC(1006) Pause Young (Prepare Mixed) (G1 Evacuation Pause) 892M->603M(978M) 39.513ms
[426.553s][info][gc,cpu         ] GC(1006) User=0.07s Sys=0.00s Real=0.04s
[427.604s][info][gc,start       ] GC(1007) Pause Young (Mixed) (G1 Evacuation Pause)
[427.604s][info][gc,task        ] GC(1007) Using 2 workers of 2 for evacuation
[427.626s][info][gc,phases      ] GC(1007)   Pre Evacuate Collection Set: 0.32ms
[427.626s][info][gc,phases      ] GC(1007)   Merge Heap Roots: 0.37ms
[427.626s][info][gc,phases      ] GC(1007)   Evacuate Collection Set: 21.03ms
[427.626s][info][gc,phases      ] GC(1007)   Post Evacuate Collection Set: 0.51ms
[427.626s][info][gc,phases      ] GC(1007)   Other: 0.08ms
[427.626s][info][gc,heap        ] GC(1007) Eden regions: 321->0(325)
[427.626s][info][gc,heap        ] GC(1007) Survivor regions: 2->3(41)
[427.626s][info][gc,heap        ] GC(1007) Old regions: 596->590
[427.626s][info][gc,heap        ] GC(1007) Humongous regions: 7->7
[427.626s][info][gc,metaspace   ] GC(1007) Metaspace: 18936K(19136K)->18936K(19136K) NonClass: 16272K(16384K)->16272K(16384K) Class: 2664K(2752K)->2664K(2752K)
[427.626s][info][gc             ] GC(1007) Pause Young (Mixed) (G1 Evacuation Pause) 924M->599M(978M) 22.498ms
[427.626s][info][gc,cpu         ] GC(1007) User=0.04s Sys=0.00s Real=0.02s
[428.080s][info][gc,start       ] GC(1008) Pause Young (Concurrent Start) (G1 Evacuation Pause)
[428.080s][info][gc,task        ] GC(1008) Using 2 workers of 2 for evacuation
[428.154s][info][gc,phases      ] GC(1008)   Pre Evacuate Collection Set: 0.30ms
[428.154s][info][gc,phases      ] GC(1008)   Merge Heap Roots: 0.11ms
[428.154s][info][gc,phases      ] GC(1008)   Evacuate Collection Set: 67.50ms
[428.154s][info][gc,phases      ] GC(1008)   Post Evacuate Collection Set: 6.68ms
[428.154s][info][gc,phases      ] GC(1008)   Other: 0.10ms
[428.154s][info][gc,heap        ] GC(1008) Eden regions: 325->0(156)
[428.154s][info][gc,heap        ] GC(1008) Survivor regions: 3->41(41)
[428.154s][info][gc,heap        ] GC(1008) Old regions: 590->683
[428.154s][info][gc,heap        ] GC(1008) Humongous regions: 7->7
[428.154s][info][gc,metaspace   ] GC(1008) Metaspace: 18938K(19136K)->18938K(19136K) NonClass: 16274K(16384K)->16274K(16384K) Class: 2664K(2752K)->2664K(2752K)
[428.154s][info][gc             ] GC(1008) Pause Young (Concurrent Start) (G1 Evacuation Pause) (Evacuation Failure: Allocation) 924M->730M(978M) 74.900ms
[428.154s][info][gc             ] GC(1009) Concurrent Mark Cycle
[428.154s][info][gc,marking     ] GC(1009) Concurrent Scan Root Regions
[428.155s][info][gc,cpu         ] GC(1008) User=0.14s Sys=0.00s Real=0.08s
[428.233s][info][gc,marking     ] GC(1009) Concurrent Scan Root Regions 78.419ms
[428.233s][info][gc,marking     ] GC(1009) Concurrent Mark
[428.233s][info][gc,marking     ] GC(1009) Concurrent Mark From Roots
[428.233s][info][gc,task        ] GC(1009) Using 1 workers of 1 for marking
[428.341s][info][gc,start       ] GC(1010) Pause Young (Normal) (G1 Evacuation Pause)
[428.341s][info][gc,task        ] GC(1010) Using 2 workers of 2 for evacuation
[428.467s][info][gc,phases      ] GC(1010)   Pre Evacuate Collection Set: 0.36ms
[428.467s][info][gc,phases      ] GC(1010)   Merge Heap Roots: 0.35ms
[428.467s][info][gc,phases      ] GC(1010)   Evacuate Collection Set: 113.77ms
[428.467s][info][gc,phases      ] GC(1010)   Post Evacuate Collection Set: 11.49ms
[428.467s][info][gc,phases      ] GC(1010)   Other: 0.07ms
[428.467s][info][gc,heap        ] GC(1010) Eden regions: 156->0(65)
[428.467s][info][gc,heap        ] GC(1010) Survivor regions: 41->25(25)
[428.467s][info][gc,heap        ] GC(1010) Old regions: 683->806
[428.467s][info][gc,heap        ] GC(1010) Humongous regions: 7->7
[428.467s][info][gc,metaspace   ] GC(1010) Metaspace: 18940K(19136K)->18940K(19136K) NonClass: 16276K(16384K)->16276K(16384K) Class: 2664K(2752K)->2664K(2752K)
[428.467s][info][gc             ] GC(1010) Pause Young (Normal) (G1 Evacuation Pause) (Evacuation Failure: Allocation) 886M->837M(978M) 126.265ms
[428.467s][info][gc,cpu         ] GC(1010) User=0.25s Sys=0.00s Real=0.12s
[428.612s][info][gc,start       ] GC(1011) Pause Young (Normal) (G1 Evacuation Pause)
[428.612s][info][gc,task        ] GC(1011) Using 2 workers of 2 for evacuation
[428.690s][info][gc,phases      ] GC(1011)   Pre Evacuate Collection Set: 0.38ms
[428.690s][info][gc,phases      ] GC(1011)   Merge Heap Roots: 0.42ms
[428.690s][info][gc,phases      ] GC(1011)   Evacuate Collection Set: 74.31ms
[428.690s][info][gc,phases      ] GC(1011)   Post Evacuate Collection Set: 3.51ms
[428.691s][info][gc,phases      ] GC(1011)   Other: 0.08ms
[428.691s][info][gc,heap        ] GC(1011) Eden regions: 65->0(116)
[428.691s][info][gc,heap        ] GC(1011) Survivor regions: 25->12(12)
[428.691s][info][gc,heap        ] GC(1011) Old regions: 806->781
[428.691s][info][gc,heap        ] GC(1011) Humongous regions: 7->7
[428.691s][info][gc,metaspace   ] GC(1011) Metaspace: 18940K(19136K)->18940K(19136K) NonClass: 16276K(16384K)->16276K(16384K) Class: 2664K(2752K)->2664K(2752K)
[428.691s][info][gc             ] GC(1011) Pause Young (Normal) (G1 Evacuation Pause) (Evacuation Failure: Allocation) 902M->799M(978M) 78.945ms
[428.691s][info][gc,cpu         ] GC(1011) User=0.16s Sys=0.00s Real=0.08s
[428.932s][info][gc,start       ] GC(1012) Pause Young (Normal) (G1 Evacuation Pause)
[428.933s][info][gc,task        ] GC(1012) Using 2 workers of 2 for evacuation
[428.969s][info][gc,phases      ] GC(1012)   Pre Evacuate Collection Set: 0.55ms
[428.969s][info][gc,phases      ] GC(1012)   Merge Heap Roots: 0.27ms
[428.969s][info][gc,phases      ] GC(1012)   Evacuate Collection Set: 34.83ms
[428.969s][info][gc,phases      ] GC(1012)   Post Evacuate Collection Set: 0.47ms
[428.969s][info][gc,phases      ] GC(1012)   Other: 0.10ms
[428.969s][info][gc,heap        ] GC(1012) Eden regions: 116->0(143)
[428.969s][info][gc,heap        ] GC(1012) Survivor regions: 12->12(16)
[428.969s][info][gc,heap        ] GC(1012) Old regions: 781->752
[428.969s][info][gc,heap        ] GC(1012) Humongous regions: 8->8
[428.969s][info][gc,metaspace   ] GC(1012) Metaspace: 18940K(19136K)->18940K(19136K) NonClass: 16276K(16384K)->16276K(16384K) Class: 2664K(2752K)->2664K(2752K)
[428.969s][info][gc             ] GC(1012) Pause Young (Normal) (G1 Evacuation Pause) 916M->770M(978M) 36.490ms
[428.969s][info][gc,cpu         ] GC(1012) User=0.07s Sys=0.00s Real=0.03s
[429.355s][info][gc,start       ] GC(1013) Pause Young (Normal) (G1 Evacuation Pause)
[429.356s][info][gc,task        ] GC(1013) Using 2 workers of 2 for evacuation
[429.425s][info][gc,phases      ] GC(1013)   Pre Evacuate Collection Set: 0.31ms
[429.425s][info][gc,phases      ] GC(1013)   Merge Heap Roots: 0.69ms
[429.425s][info][gc,phases      ] GC(1013)   Evacuate Collection Set: 67.76ms
[429.425s][info][gc,phases      ] GC(1013)   Post Evacuate Collection Set: 0.71ms
[429.425s][info][gc,phases      ] GC(1013)   Other: 0.10ms
[429.425s][info][gc,heap        ] GC(1013) Eden regions: 143->0(111)
[429.425s][info][gc,heap        ] GC(1013) Survivor regions: 12->20(20)
[429.425s][info][gc,heap        ] GC(1013) Old regions: 752->766
[429.425s][info][gc,heap        ] GC(1013) Humongous regions: 11->11
[429.425s][info][gc,metaspace   ] GC(1013) Metaspace: 18941K(19136K)->18941K(19136K) NonClass: 16277K(16384K)->16277K(16384K) Class: 2664K(2752K)->2664K(2752K)
[429.425s][info][gc             ] GC(1013) Pause Young (Normal) (G1 Evacuation Pause) 916M->796M(978M) 69.828ms
[429.425s][info][gc,cpu         ] GC(1013) User=0.14s Sys=0.00s Real=0.07s
[429.688s][info][gc,start       ] GC(1014) Pause Young (Normal) (G1 Evacuation Pause)
[429.688s][info][gc,task        ] GC(1014) Using 2 workers of 2 for evacuation
[429.750s][info][gc,phases      ] GC(1014)   Pre Evacuate Collection Set: 0.52ms
[429.750s][info][gc,phases      ] GC(1014)   Merge Heap Roots: 0.66ms
[429.750s][info][gc,phases      ] GC(1014)   Evacuate Collection Set: 59.96ms
[429.750s][info][gc,phases      ] GC(1014)   Post Evacuate Collection Set: 0.40ms
[429.750s][info][gc,phases      ] GC(1014)   Other: 0.08ms
[429.750s][info][gc,heap        ] GC(1014) Eden regions: 111->0(109)
[429.750s][info][gc,heap        ] GC(1014) Survivor regions: 20->11(17)
[429.750s][info][gc,heap        ] GC(1014) Old regions: 766->786
[429.750s][info][gc,heap        ] GC(1014) Humongous regions: 11->11
[429.750s][info][gc,metaspace   ] GC(1014) Metaspace: 18941K(19136K)->18941K(19136K) NonClass: 16277K(16384K)->16277K(16384K) Class: 2664K(2752K)->2664K(2752K)
[429.750s][info][gc             ] GC(1014) Pause Young (Normal) (G1 Evacuation Pause) 907M->807M(978M) 61.817ms
[429.750s][info][gc,cpu         ] GC(1014) User=0.12s Sys=0.00s Real=0.06s
[429.906s][info][gc,start       ] GC(1015) Pause Young (Normal) (G1 Evacuation Pause)
[429.907s][info][gc,task        ] GC(1015) Using 2 workers of 2 for evacuation
[429.924s][info][gc,phases      ] GC(1015)   Pre Evacuate Collection Set: 0.34ms
[429.924s][info][gc,phases      ] GC(1015)   Merge Heap Roots: 0.13ms
[429.924s][info][gc,phases      ] GC(1015)   Evacuate Collection Set: 16.89ms
[429.924s][info][gc,phases      ] GC(1015)   Post Evacuate Collection Set: 0.32ms
[429.924s][info][gc,phases      ] GC(1015)   Other: 0.09ms
[429.924s][info][gc,heap        ] GC(1015) Eden regions: 109->0(107)
[429.924s][info][gc,heap        ] GC(1015) Survivor regions: 11->6(15)
[429.924s][info][gc,heap        ] GC(1015) Old regions: 786->798
[429.924s][info][gc,heap        ] GC(1015) Humongous regions: 11->11
[429.924s][info][gc,metaspace   ] GC(1015) Metaspace: 18941K(19136K)->18941K(19136K) NonClass: 16277K(16384K)->16277K(16384K) Class: 2664K(2752K)->2664K(2752K)
[429.925s][info][gc             ] GC(1015) Pause Young (Normal) (G1 Evacuation Pause) 916M->813M(978M) 18.060ms
[429.925s][info][gc,cpu         ] GC(1015) User=0.03s Sys=0.00s Real=0.02s
[430.024s][info][gc,start       ] GC(1016) Pause Young (Normal) (G1 Evacuation Pause)
[430.024s][info][gc,task        ] GC(1016) Using 2 workers of 2 for evacuation
[430.055s][info][gc,phases      ] GC(1016)   Pre Evacuate Collection Set: 0.29ms
[430.055s][info][gc,phases      ] GC(1016)   Merge Heap Roots: 0.15ms
[430.055s][info][gc,phases      ] GC(1016)   Evacuate Collection Set: 29.64ms
[430.055s][info][gc,phases      ] GC(1016)   Post Evacuate Collection Set: 0.34ms
[430.055s][info][gc,phases      ] GC(1016)   Other: 0.08ms
[430.055s][info][gc,heap        ] GC(1016) Eden regions: 107->0(76)
[430.055s][info][gc,heap        ] GC(1016) Survivor regions: 6->15(15)
[430.055s][info][gc,heap        ] GC(1016) Old regions: 798->811
[430.055s][info][gc,heap        ] GC(1016) Humongous regions: 11->11
[430.055s][info][gc,metaspace   ] GC(1016) Metaspace: 18941K(19136K)->18941K(19136K) NonClass: 16277K(16384K)->16277K(16384K) Class: 2664K(2752K)->2664K(2752K)
[430.055s][info][gc             ] GC(1016) Pause Young (Normal) (G1 Evacuation Pause) 920M->836M(978M) 30.710ms
[430.055s][info][gc,cpu         ] GC(1016) User=0.06s Sys=0.00s Real=0.03s
[430.154s][info][gc,start       ] GC(1017) Pause Young (Normal) (G1 Evacuation Pause)
[430.154s][info][gc,task        ] GC(1017) Using 2 workers of 2 for evacuation
[430.184s][info][gc,phases      ] GC(1017)   Pre Evacuate Collection Set: 0.52ms
[430.184s][info][gc,phases      ] GC(1017)   Merge Heap Roots: 0.12ms
[430.184s][info][gc,phases      ] GC(1017)   Evacuate Collection Set: 28.91ms
[430.184s][info][gc,phases      ] GC(1017)   Post Evacuate Collection Set: 0.34ms
[430.184s][info][gc,phases      ] GC(1017)   Other: 0.09ms
[430.184s][info][gc,heap        ] GC(1017) Eden regions: 76->0(64)
[430.184s][info][gc,heap        ] GC(1017) Survivor regions: 15->12(12)
[430.184s][info][gc,heap        ] GC(1017) Old regions: 811->829
[430.184s][info][gc,heap        ] GC(1017) Humongous regions: 11->11
[430.184s][info][gc,metaspace   ] GC(1017) Metaspace: 18944K(19136K)->18944K(19136K) NonClass: 16279K(16384K)->16279K(16384K) Class: 2664K(2752K)->2664K(2752K)
[430.184s][info][gc             ] GC(1017) Pause Young (Normal) (G1 Evacuation Pause) 912M->851M(978M) 30.183ms
[430.184s][info][gc,cpu         ] GC(1017) User=0.06s Sys=0.00s Real=0.03s
[430.253s][info][gc,start       ] GC(1018) Pause Young (Normal) (G1 Evacuation Pause)
[430.253s][info][gc,task        ] GC(1018) Using 2 workers of 2 for evacuation
[430.283s][info][gc,phases      ] GC(1018)   Pre Evacuate Collection Set: 0.50ms
[430.283s][info][gc,phases      ] GC(1018)   Merge Heap Roots: 0.10ms
[430.283s][info][gc,phases      ] GC(1018)   Evacuate Collection Set: 28.62ms
[430.283s][info][gc,phases      ] GC(1018)   Post Evacuate Collection Set: 0.38ms
[430.283s][info][gc,phases      ] GC(1018)   Other: 0.09ms
[430.283s][info][gc,heap        ] GC(1018) Eden regions: 64->0(46)
[430.283s][info][gc,heap        ] GC(1018) Survivor regions: 12->10(10)
[430.283s][info][gc,heap        ] GC(1018) Old regions: 829->851
[430.283s][info][gc,heap        ] GC(1018) Humongous regions: 11->11
[430.283s][info][gc,metaspace   ] GC(1018) Metaspace: 18944K(19136K)->18944K(19136K) NonClass: 16279K(16384K)->16279K(16384K) Class: 2664K(2752K)->2664K(2752K)
[430.283s][info][gc             ] GC(1018) Pause Young (Normal) (G1 Evacuation Pause) 915M->871M(978M) 29.915ms
[430.283s][info][gc,cpu         ] GC(1018) User=0.06s Sys=0.00s Real=0.03s
[430.288s][info][gc,marking     ] GC(1009) Concurrent Mark From Roots 2054.678ms
[430.288s][info][gc,marking     ] GC(1009) Concurrent Preclean
[430.288s][info][gc,marking     ] GC(1009) Concurrent Preclean 0.043ms
[430.288s][info][gc,start       ] GC(1009) Pause Remark
[430.296s][info][gc             ] GC(1009) Pause Remark 875M->797M(978M) 7.695ms
[430.296s][info][gc,cpu         ] GC(1009) User=0.02s Sys=0.00s Real=0.01s
[430.296s][info][gc,marking     ] GC(1009) Concurrent Mark 2062.693ms
[430.296s][info][gc,marking     ] GC(1009) Concurrent Rebuild Remembered Sets and Scrub Regions
[430.372s][info][gc,start       ] GC(1019) Pause Young (Normal) (G1 Evacuation Pause)
[430.372s][info][gc,task        ] GC(1019) Using 2 workers of 2 for evacuation
[430.392s][info][gc,phases      ] GC(1019)   Pre Evacuate Collection Set: 0.47ms
[430.392s][info][gc,phases      ] GC(1019)   Merge Heap Roots: 0.23ms
[430.392s][info][gc,phases      ] GC(1019)   Evacuate Collection Set: 18.67ms
[430.392s][info][gc,phases      ] GC(1019)   Post Evacuate Collection Set: 0.36ms
[430.392s][info][gc,phases      ] GC(1019)   Other: 0.08ms
[430.392s][info][gc,heap        ] GC(1019) Eden regions: 46->0(118)
[430.392s][info][gc,heap        ] GC(1019) Survivor regions: 10->6(7)
[430.392s][info][gc,heap        ] GC(1019) Old regions: 775->786
[430.392s][info][gc,heap        ] GC(1019) Humongous regions: 9->9
[430.392s][info][gc,metaspace   ] GC(1019) Metaspace: 18944K(19136K)->18944K(19136K) NonClass: 16280K(16384K)->16280K(16384K) Class: 2664K(2752K)->2664K(2752K)
[430.392s][info][gc             ] GC(1019) Pause Young (Normal) (G1 Evacuation Pause) 839M->799M(978M) 19.999ms
[430.392s][info][gc,cpu         ] GC(1019) User=0.04s Sys=0.00s Real=0.02s
[430.502s][info][gc,start       ] GC(1020) Pause Young (Normal) (G1 Evacuation Pause)
[430.503s][info][gc,task        ] GC(1020) Using 2 workers of 2 for evacuation
[430.531s][info][gc,phases      ] GC(1020)   Pre Evacuate Collection Set: 0.51ms
[430.531s][info][gc,phases      ] GC(1020)   Merge Heap Roots: 0.29ms
[430.531s][info][gc,phases      ] GC(1020)   Evacuate Collection Set: 27.53ms
[430.531s][info][gc,phases      ] GC(1020)   Post Evacuate Collection Set: 0.40ms
[430.531s][info][gc,phases      ] GC(1020)   Other: 0.12ms
[430.531s][info][gc,heap        ] GC(1020) Eden regions: 118->0(98)
[430.531s][info][gc,heap        ] GC(1020) Survivor regions: 6->16(16)
[430.531s][info][gc,heap        ] GC(1020) Old regions: 786->788
[430.531s][info][gc,heap        ] GC(1020) Humongous regions: 10->10
[430.531s][info][gc,metaspace   ] GC(1020) Metaspace: 18944K(19136K)->18944K(19136K) NonClass: 16280K(16384K)->16280K(16384K) Class: 2664K(2752K)->2664K(2752K)
[430.531s][info][gc             ] GC(1020) Pause Young (Normal) (G1 Evacuation Pause) 918M->813M(978M) 29.067ms
[430.531s][info][gc,cpu         ] GC(1020) User=0.06s Sys=0.00s Real=0.03s
[430.619s][info][gc,start       ] GC(1021) Pause Young (Normal) (G1 Evacuation Pause)
[430.619s][info][gc,task        ] GC(1021) Using 2 workers of 2 for evacuation
[430.647s][info][gc,phases      ] GC(1021)   Pre Evacuate Collection Set: 0.48ms
[430.647s][info][gc,phases      ] GC(1021)   Merge Heap Roots: 0.28ms
[430.647s][info][gc,phases      ] GC(1021)   Evacuate Collection Set: 27.35ms
[430.647s][info][gc,phases      ] GC(1021)   Post Evacuate Collection Set: 0.32ms
[430.647s][info][gc,phases      ] GC(1021)   Other: 0.08ms
[430.647s][info][gc,heap        ] GC(1021) Eden regions: 98->0(106)
[430.647s][info][gc,heap        ] GC(1021) Survivor regions: 16->4(15)
[430.647s][info][gc,heap        ] GC(1021) Old regions: 788->804
[430.647s][info][gc,heap        ] GC(1021) Humongous regions: 10->10
[430.647s][info][gc,metaspace   ] GC(1021) Metaspace: 18944K(19136K)->18944K(19136K) NonClass: 16280K(16384K)->16280K(16384K) Class: 2664K(2752K)->2664K(2752K)
[430.647s][info][gc             ] GC(1021) Pause Young (Normal) (G1 Evacuation Pause) 911M->817M(978M) 28.744ms
[430.647s][info][gc,cpu         ] GC(1021) User=0.06s Sys=0.00s Real=0.03s
[430.721s][info][gc,start       ] GC(1022) Pause Young (Normal) (G1 Evacuation Pause)
[430.722s][info][gc,task        ] GC(1022) Using 2 workers of 2 for evacuation
[430.729s][info][gc,phases      ] GC(1022)   Pre Evacuate Collection Set: 0.49ms
[430.729s][info][gc,phases      ] GC(1022)   Merge Heap Roots: 0.10ms
[430.729s][info][gc,phases      ] GC(1022)   Evacuate Collection Set: 6.33ms
[430.729s][info][gc,phases      ] GC(1022)   Post Evacuate Collection Set: 0.33ms
[430.729s][info][gc,phases      ] GC(1022)   Other: 0.09ms
[430.729s][info][gc,heap        ] GC(1022) Eden regions: 106->0(104)
[430.729s][info][gc,heap        ] GC(1022) Survivor regions: 4->5(14)
[430.729s][info][gc,heap        ] GC(1022) Old regions: 804->804
[430.729s][info][gc,heap        ] GC(1022) Humongous regions: 10->10
[430.729s][info][gc,metaspace   ] GC(1022) Metaspace: 18944K(19136K)->18944K(19136K) NonClass: 16280K(16384K)->16280K(16384K) Class: 2664K(2752K)->2664K(2752K)
[430.729s][info][gc             ] GC(1022) Pause Young (Normal) (G1 Evacuation Pause) 923M->818M(978M) 7.575ms
[430.729s][info][gc,cpu         ] GC(1022) User=0.02s Sys=0.00s Real=0.00s
[430.834s][info][gc,start       ] GC(1023) Pause Young (Normal) (G1 Evacuation Pause)
[430.834s][info][gc,task        ] GC(1023) Using 2 workers of 2 for evacuation
[430.842s][info][gc,phases      ] GC(1023)   Pre Evacuate Collection Set: 0.31ms
[430.842s][info][gc,phases      ] GC(1023)   Merge Heap Roots: 0.12ms
[430.842s][info][gc,phases      ] GC(1023)   Evacuate Collection Set: 7.52ms
[430.842s][info][gc,phases      ] GC(1023)   Post Evacuate Collection Set: 0.32ms
[430.842s][info][gc,phases      ] GC(1023)   Other: 0.06ms
[430.842s][info][gc,heap        ] GC(1023) Eden regions: 104->0(102)
[430.842s][info][gc,heap        ] GC(1023) Survivor regions: 5->6(14)
[430.842s][info][gc,heap        ] GC(1023) Old regions: 804->804
[430.842s][info][gc,heap        ] GC(1023) Humongous regions: 10->10
[430.842s][info][gc,metaspace   ] GC(1023) Metaspace: 18944K(19136K)->18944K(19136K) NonClass: 16280K(16384K)->16280K(16384K) Class: 2664K(2752K)->2664K(2752K)
[430.842s][info][gc             ] GC(1023) Pause Young (Normal) (G1 Evacuation Pause) 922M->819M(978M) 8.535ms
[430.842s][info][gc,cpu         ] GC(1023) User=0.02s Sys=0.00s Real=0.01s
[431.021s][info][gc,start       ] GC(1024) Pause Young (Normal) (G1 Evacuation Pause)
[431.022s][info][gc,task        ] GC(1024) Using 2 workers of 2 for evacuation
[431.035s][info][gc,phases      ] GC(1024)   Pre Evacuate Collection Set: 0.53ms
[431.035s][info][gc,phases      ] GC(1024)   Merge Heap Roots: 0.18ms
[431.035s][info][gc,phases      ] GC(1024)   Evacuate Collection Set: 12.46ms
[431.035s][info][gc,phases      ] GC(1024)   Post Evacuate Collection Set: 0.33ms
[431.035s][info][gc,phases      ] GC(1024)   Other: 0.09ms
[431.035s][info][gc,heap        ] GC(1024) Eden regions: 102->0(98)
[431.035s][info][gc,heap        ] GC(1024) Survivor regions: 6->8(14)
[431.035s][info][gc,heap        ] GC(1024) Old regions: 804->804
[431.035s][info][gc,heap        ] GC(1024) Humongous regions: 10->10
[431.035s][info][gc,metaspace   ] GC(1024) Metaspace: 18944K(19136K)->18944K(19136K) NonClass: 16280K(16384K)->16280K(16384K) Class: 2664K(2752K)->2664K(2752K)
[431.035s][info][gc             ] GC(1024) Pause Young (Normal) (G1 Evacuation Pause) 921M->821M(978M) 13.782ms
[431.035s][info][gc,cpu         ] GC(1024) User=0.03s Sys=0.00s Real=0.01s
[431.136s][info][gc,start       ] GC(1025) Pause Young (Normal) (G1 Evacuation Pause)
[431.136s][info][gc,task        ] GC(1025) Using 2 workers of 2 for evacuation
[431.149s][info][gc,phases      ] GC(1025)   Pre Evacuate Collection Set: 0.50ms
[431.149s][info][gc,phases      ] GC(1025)   Merge Heap Roots: 0.15ms
[431.149s][info][gc,phases      ] GC(1025)   Evacuate Collection Set: 12.42ms
[431.149s][info][gc,phases      ] GC(1025)   Post Evacuate Collection Set: 0.32ms
[431.149s][info][gc,phases      ] GC(1025)   Other: 0.10ms
[431.149s][info][gc,heap        ] GC(1025) Eden regions: 98->0(94)
[431.149s][info][gc,heap        ] GC(1025) Survivor regions: 8->8(14)
[431.149s][info][gc,heap        ] GC(1025) Old regions: 804->808
[431.149s][info][gc,heap        ] GC(1025) Humongous regions: 10->10
[431.149s][info][gc,metaspace   ] GC(1025) Metaspace: 18944K(19136K)->18944K(19136K) NonClass: 16280K(16384K)->16280K(16384K) Class: 2664K(2752K)->2664K(2752K)
[431.149s][info][gc             ] GC(1025) Pause Young (Normal) (G1 Evacuation Pause) 919M->824M(978M) 13.733ms
[431.149s][info][gc,cpu         ] GC(1025) User=0.03s Sys=0.00s Real=0.01s
[431.219s][info][gc,marking     ] GC(1009) Concurrent Rebuild Remembered Sets and Scrub Regions 922.998ms
[431.219s][info][gc,start       ] GC(1009) Pause Cleanup
[431.219s][info][gc             ] GC(1009) Pause Cleanup 839M->839M(978M) 0.134ms
[431.219s][info][gc,cpu         ] GC(1009) User=0.00s Sys=0.00s Real=0.00s
[431.219s][info][gc,marking     ] GC(1009) Concurrent Clear Claimed Marks
[431.219s][info][gc,marking     ] GC(1009) Concurrent Clear Claimed Marks 0.040ms
[431.219s][info][gc,marking     ] GC(1009) Concurrent Cleanup for Next Mark
[431.222s][info][gc,marking     ] GC(1009) Concurrent Cleanup for Next Mark 2.885ms
[431.222s][info][gc             ] GC(1009) Concurrent Mark Cycle 3067.614ms
[431.393s][info][gc,start       ] GC(1026) Pause Young (Prepare Mixed) (G1 Evacuation Pause)
[431.393s][info][gc,task        ] GC(1026) Using 2 workers of 2 for evacuation
[431.403s][info][gc,phases      ] GC(1026)   Pre Evacuate Collection Set: 0.35ms
[431.403s][info][gc,phases      ] GC(1026)   Merge Heap Roots: 0.15ms
[431.403s][info][gc,phases      ] GC(1026)   Evacuate Collection Set: 9.07ms
[431.403s][info][gc,phases      ] GC(1026)   Post Evacuate Collection Set: 0.39ms
[431.403s][info][gc,phases      ] GC(1026)   Other: 0.11ms
[431.403s][info][gc,heap        ] GC(1026) Eden regions: 94->0(95)
[431.403s][info][gc,heap        ] GC(1026) Survivor regions: 8->7(13)
[431.403s][info][gc,heap        ] GC(1026) Old regions: 808->809
[431.403s][info][gc,heap        ] GC(1026) Humongous regions: 10->10
[431.403s][info][gc,metaspace   ] GC(1026) Metaspace: 18944K(19136K)->18944K(19136K) NonClass: 16280K(16384K)->16280K(16384K) Class: 2664K(2752K)->2664K(2752K)
[431.403s][info][gc             ] GC(1026) Pause Young (Prepare Mixed) (G1 Evacuation Pause) 918M->825M(978M) 10.269ms
[431.403s][info][gc,cpu         ] GC(1026) User=0.02s Sys=0.00s Real=0.01s
[431.544s][info][gc,start       ] GC(1027) Pause Young (Mixed) (G1 Evacuation Pause)
[431.544s][info][gc,task        ] GC(1027) Using 2 workers of 2 for evacuation
[431.600s][info][gc,phases      ] GC(1027)   Pre Evacuate Collection Set: 0.55ms
[431.600s][info][gc,phases      ] GC(1027)   Merge Heap Roots: 0.24ms
[431.600s][info][gc,phases      ] GC(1027)   Evacuate Collection Set: 54.14ms
[431.600s][info][gc,phases      ] GC(1027)   Post Evacuate Collection Set: 0.47ms
[431.600s][info][gc,phases      ] GC(1027)   Other: 0.09ms
[431.600s][info][gc,heap        ] GC(1027) Eden regions: 95->0(77)
[431.600s][info][gc,heap        ] GC(1027) Survivor regions: 7->13(13)
[431.600s][info][gc,heap        ] GC(1027) Old regions: 809->815
[431.600s][info][gc,heap        ] GC(1027) Humongous regions: 10->10
[431.600s][info][gc,metaspace   ] GC(1027) Metaspace: 18947K(19136K)->18947K(19136K) NonClass: 16283K(16384K)->16283K(16384K) Class: 2664K(2752K)->2664K(2752K)
[431.600s][info][gc             ] GC(1027) Pause Young (Mixed) (G1 Evacuation Pause) 920M->837M(978M) 55.682ms
[431.600s][info][gc,cpu         ] GC(1027) User=0.11s Sys=0.00s Real=0.05s
[431.725s][info][gc,start       ] GC(1028) Pause Young (Concurrent Start) (G1 Evacuation Pause)
[431.725s][info][gc,task        ] GC(1028) Using 2 workers of 2 for evacuation
[431.766s][info][gc,phases      ] GC(1028)   Pre Evacuate Collection Set: 0.37ms
[431.766s][info][gc,phases      ] GC(1028)   Merge Heap Roots: 0.24ms
[431.766s][info][gc,phases      ] GC(1028)   Evacuate Collection Set: 39.02ms
[431.766s][info][gc,phases      ] GC(1028)   Post Evacuate Collection Set: 0.45ms
[431.766s][info][gc,phases      ] GC(1028)   Other: 0.22ms
[431.766s][info][gc,heap        ] GC(1028) Eden regions: 77->0(54)
[431.766s][info][gc,heap        ] GC(1028) Survivor regions: 13->12(12)
[431.766s][info][gc,heap        ] GC(1028) Old regions: 815->840
[431.766s][info][gc,heap        ] GC(1028) Humongous regions: 10->10
[431.766s][info][gc,metaspace   ] GC(1028) Metaspace: 18947K(19136K)->18947K(19136K) NonClass: 16283K(16384K)->16283K(16384K) Class: 2664K(2752K)->2664K(2752K)
[431.766s][info][gc             ] GC(1028) Pause Young (Concurrent Start) (G1 Evacuation Pause) 914M->861M(978M) 40.586ms
[431.766s][info][gc,cpu         ] GC(1028) User=0.08s Sys=0.00s Real=0.04s
[431.766s][info][gc             ] GC(1029) Concurrent Mark Cycle
[431.766s][info][gc,marking     ] GC(1029) Concurrent Scan Root Regions
[431.808s][info][gc,marking     ] GC(1029) Concurrent Scan Root Regions 42.483ms
[431.808s][info][gc,marking     ] GC(1029) Concurrent Mark
[431.808s][info][gc,marking     ] GC(1029) Concurrent Mark From Roots
[431.808s][info][gc,task        ] GC(1029) Using 1 workers of 1 for marking
[431.864s][info][gc,start       ] GC(1030) Pause Young (Normal) (G1 Evacuation Pause)
[431.864s][info][gc,task        ] GC(1030) Using 2 workers of 2 for evacuation
[431.892s][info][gc,phases      ] GC(1030)   Pre Evacuate Collection Set: 0.31ms
[431.892s][info][gc,phases      ] GC(1030)   Merge Heap Roots: 0.25ms
[431.892s][info][gc,phases      ] GC(1030)   Evacuate Collection Set: 26.95ms
[431.892s][info][gc,phases      ] GC(1030)   Post Evacuate Collection Set: 0.31ms
[431.892s][info][gc,phases      ] GC(1030)   Other: 0.08ms
[431.892s][info][gc,heap        ] GC(1030) Eden regions: 54->0(47)
[431.892s][info][gc,heap        ] GC(1030) Survivor regions: 12->9(9)
[431.892s][info][gc,heap        ] GC(1030) Old regions: 840->852
[431.892s][info][gc,heap        ] GC(1030) Humongous regions: 11->11
[431.892s][info][gc,metaspace   ] GC(1030) Metaspace: 18947K(19136K)->18947K(19136K) NonClass: 16283K(16384K)->16283K(16384K) Class: 2664K(2752K)->2664K(2752K)
[431.892s][info][gc             ] GC(1030) Pause Young (Normal) (G1 Evacuation Pause) 916M->871M(978M) 28.149ms
[431.892s][info][gc,cpu         ] GC(1030) User=0.06s Sys=0.00s Real=0.03s
[431.956s][info][gc,start       ] GC(1031) Pause Young (Normal) (G1 Evacuation Pause)
[431.956s][info][gc,task        ] GC(1031) Using 2 workers of 2 for evacuation
[431.971s][info][gc,phases      ] GC(1031)   Pre Evacuate Collection Set: 0.33ms
[431.971s][info][gc,phases      ] GC(1031)   Merge Heap Roots: 0.06ms
[431.971s][info][gc,phases      ] GC(1031)   Evacuate Collection Set: 13.93ms
[431.971s][info][gc,phases      ] GC(1031)   Post Evacuate Collection Set: 0.28ms
[431.971s][info][gc,phases      ] GC(1031)   Other: 0.09ms
[431.971s][info][gc,heap        ] GC(1031) Eden regions: 47->0(48)
[431.971s][info][gc,heap        ] GC(1031) Survivor regions: 9->4(7)
[431.971s][info][gc,heap        ] GC(1031) Old regions: 852->861
[431.971s][info][gc,heap        ] GC(1031) Humongous regions: 11->11
[431.971s][info][gc,metaspace   ] GC(1031) Metaspace: 18947K(19136K)->18947K(19136K) NonClass: 16283K(16384K)->16283K(16384K) Class: 2664K(2752K)->2664K(2752K)
[431.971s][info][gc             ] GC(1031) Pause Young (Normal) (G1 Evacuation Pause) 918M->875M(978M) 14.938ms
[431.971s][info][gc,cpu         ] GC(1031) User=0.03s Sys=0.00s Real=0.02s
[432.054s][info][gc,start       ] GC(1032) Pause Young (Normal) (G1 Evacuation Pause)
[432.054s][info][gc,task        ] GC(1032) Using 2 workers of 2 for evacuation
[432.060s][info][gc,phases      ] GC(1032)   Pre Evacuate Collection Set: 0.28ms
[432.061s][info][gc,phases      ] GC(1032)   Merge Heap Roots: 0.09ms
[432.061s][info][gc,phases      ] GC(1032)   Evacuate Collection Set: 5.32ms
[432.061s][info][gc,phases      ] GC(1032)   Post Evacuate Collection Set: 0.27ms
[432.061s][info][gc,phases      ] GC(1032)   Other: 0.08ms
[432.061s][info][gc,heap        ] GC(1032) Eden regions: 48->0(48)
[432.061s][info][gc,heap        ] GC(1032) Survivor regions: 4->4(7)
[432.061s][info][gc,heap        ] GC(1032) Old regions: 861->861
[432.061s][info][gc,heap        ] GC(1032) Humongous regions: 11->11
[432.061s][info][gc,metaspace   ] GC(1032) Metaspace: 18947K(19136K)->18947K(19136K) NonClass: 16283K(16384K)->16283K(16384K) Class: 2664K(2752K)->2664K(2752K)
[432.061s][info][gc             ] GC(1032) Pause Young (Normal) (G1 Evacuation Pause) 923M->875M(978M) 6.267ms
[432.061s][info][gc,cpu         ] GC(1032) User=0.02s Sys=0.01s Real=0.01s
[432.116s][info][gc,start       ] GC(1033) Pause Young (Normal) (G1 Evacuation Pause)
[432.117s][info][gc,task        ] GC(1033) Using 2 workers of 2 for evacuation
[432.123s][info][gc,phases      ] GC(1033)   Pre Evacuate Collection Set: 0.28ms
[432.123s][info][gc,phases      ] GC(1033)   Merge Heap Roots: 0.07ms
[432.123s][info][gc,phases      ] GC(1033)   Evacuate Collection Set: 5.30ms
[432.123s][info][gc,phases      ] GC(1033)   Post Evacuate Collection Set: 0.31ms
[432.123s][info][gc,phases      ] GC(1033)   Other: 0.08ms
[432.123s][info][gc,heap        ] GC(1033) Eden regions: 48->0(49)
[432.123s][info][gc,heap        ] GC(1033) Survivor regions: 4->2(7)
[432.123s][info][gc,heap        ] GC(1033) Old regions: 861->864
[432.123s][info][gc,heap        ] GC(1033) Humongous regions: 11->11
[432.123s][info][gc,metaspace   ] GC(1033) Metaspace: 18947K(19136K)->18947K(19136K) NonClass: 16283K(16384K)->16283K(16384K) Class: 2664K(2752K)->2664K(2752K)
[432.123s][info][gc             ] GC(1033) Pause Young (Normal) (G1 Evacuation Pause) 923M->876M(978M) 6.212ms
[432.123s][info][gc,cpu         ] GC(1033) User=0.01s Sys=0.00s Real=0.01s
[432.187s][info][gc,start       ] GC(1034) Pause Young (Normal) (G1 Evacuation Pause)
[432.187s][info][gc,task        ] GC(1034) Using 2 workers of 2 for evacuation
[432.189s][info][gc,phases      ] GC(1034)   Pre Evacuate Collection Set: 0.49ms
[432.189s][info][gc,phases      ] GC(1034)   Merge Heap Roots: 0.07ms
[432.189s][info][gc,phases      ] GC(1034)   Evacuate Collection Set: 1.68ms
[432.189s][info][gc,phases      ] GC(1034)   Post Evacuate Collection Set: 0.27ms
[432.189s][info][gc,phases      ] GC(1034)   Other: 0.09ms
[432.189s][info][gc,heap        ] GC(1034) Eden regions: 49->0(49)
[432.189s][info][gc,heap        ] GC(1034) Survivor regions: 2->2(7)
[432.189s][info][gc,heap        ] GC(1034) Old regions: 864->864
[432.189s][info][gc,heap        ] GC(1034) Humongous regions: 11->11
[432.189s][info][gc,metaspace   ] GC(1034) Metaspace: 18947K(19136K)->18947K(19136K) NonClass: 16283K(16384K)->16283K(16384K) Class: 2664K(2752K)->2664K(2752K)
[432.189s][info][gc             ] GC(1034) Pause Young (Normal) (G1 Evacuation Pause) 925M->876M(978M) 2.780ms
[432.189s][info][gc,cpu         ] GC(1034) User=0.00s Sys=0.00s Real=0.00s
[432.254s][info][gc,start       ] GC(1035) Pause Young (Normal) (G1 Evacuation Pause)
[432.254s][info][gc,task        ] GC(1035) Using 2 workers of 2 for evacuation
[432.257s][info][gc,phases      ] GC(1035)   Pre Evacuate Collection Set: 0.28ms
[432.257s][info][gc,phases      ] GC(1035)   Merge Heap Roots: 0.06ms
[432.257s][info][gc,phases      ] GC(1035)   Evacuate Collection Set: 2.89ms
[432.257s][info][gc,phases      ] GC(1035)   Post Evacuate Collection Set: 0.26ms
[432.257s][info][gc,phases      ] GC(1035)   Other: 0.08ms
[432.257s][info][gc,heap        ] GC(1035) Eden regions: 49->0(47)
[432.257s][info][gc,heap        ] GC(1035) Survivor regions: 2->3(7)
[432.257s][info][gc,heap        ] GC(1035) Old regions: 864->864
[432.257s][info][gc,heap        ] GC(1035) Humongous regions: 11->11
[432.257s][info][gc,metaspace   ] GC(1035) Metaspace: 18947K(19136K)->18947K(19136K) NonClass: 16283K(16384K)->16283K(16384K) Class: 2664K(2752K)->2664K(2752K)
[432.258s][info][gc             ] GC(1035) Pause Young (Normal) (G1 Evacuation Pause) 925M->877M(978M) 3.790ms
[432.258s][info][gc,cpu         ] GC(1035) User=0.00s Sys=0.00s Real=0.00s
[432.445s][info][gc,start       ] GC(1036) Pause Young (Normal) (G1 Evacuation Pause)
[432.445s][info][gc,task        ] GC(1036) Using 2 workers of 2 for evacuation
[432.449s][info][gc,phases      ] GC(1036)   Pre Evacuate Collection Set: 0.32ms
[432.449s][info][gc,phases      ] GC(1036)   Merge Heap Roots: 0.08ms
[432.449s][info][gc,phases      ] GC(1036)   Evacuate Collection Set: 3.25ms
[432.449s][info][gc,phases      ] GC(1036)   Post Evacuate Collection Set: 0.28ms
[432.449s][info][gc,phases      ] GC(1036)   Other: 0.09ms
[432.449s][info][gc,heap        ] GC(1036) Eden regions: 47->0(47)
[432.449s][info][gc,heap        ] GC(1036) Survivor regions: 3->3(7)
[432.449s][info][gc,heap        ] GC(1036) Old regions: 864->864
[432.449s][info][gc,heap        ] GC(1036) Humongous regions: 11->11
[432.449s][info][gc,metaspace   ] GC(1036) Metaspace: 18947K(19136K)->18947K(19136K) NonClass: 16283K(16384K)->16283K(16384K) Class: 2664K(2752K)->2664K(2752K)
[432.449s][info][gc             ] GC(1036) Pause Young (Normal) (G1 Evacuation Pause) 924M->877M(978M) 4.271ms
[432.449s][info][gc,cpu         ] GC(1036) User=0.01s Sys=0.00s Real=0.00s
[432.513s][info][gc,start       ] GC(1037) Pause Young (Normal) (G1 Evacuation Pause)
[432.513s][info][gc,task        ] GC(1037) Using 2 workers of 2 for evacuation
[432.517s][info][gc,phases      ] GC(1037)   Pre Evacuate Collection Set: 0.30ms
[432.517s][info][gc,phases      ] GC(1037)   Merge Heap Roots: 0.07ms
[432.517s][info][gc,phases      ] GC(1037)   Evacuate Collection Set: 3.35ms
[432.517s][info][gc,phases      ] GC(1037)   Post Evacuate Collection Set: 0.28ms
[432.517s][info][gc,phases      ] GC(1037)   Other: 0.09ms
[432.517s][info][gc,heap        ] GC(1037) Eden regions: 47->0(47)
[432.517s][info][gc,heap        ] GC(1037) Survivor regions: 3->3(7)
[432.517s][info][gc,heap        ] GC(1037) Old regions: 864->864
[432.517s][info][gc,heap        ] GC(1037) Humongous regions: 11->11
[432.517s][info][gc,metaspace   ] GC(1037) Metaspace: 18948K(19136K)->18948K(19136K) NonClass: 16284K(16384K)->16284K(16384K) Class: 2664K(2752K)->2664K(2752K)
[432.517s][info][gc             ] GC(1037) Pause Young (Normal) (G1 Evacuation Pause) 924M->877M(978M) 4.296ms
[432.517s][info][gc,cpu         ] GC(1037) User=0.01s Sys=0.00s Real=0.00s
[432.623s][info][gc,start       ] GC(1038) Pause Young (Normal) (G1 Evacuation Pause)
[432.623s][info][gc,task        ] GC(1038) Using 2 workers of 2 for evacuation
[432.628s][info][gc,phases      ] GC(1038)   Pre Evacuate Collection Set: 0.31ms
[432.628s][info][gc,phases      ] GC(1038)   Merge Heap Roots: 0.13ms
[432.628s][info][gc,phases      ] GC(1038)   Evacuate Collection Set: 4.09ms
[432.628s][info][gc,phases      ] GC(1038)   Post Evacuate Collection Set: 0.30ms
[432.628s][info][gc,phases      ] GC(1038)   Other: 0.07ms
[432.628s][info][gc,heap        ] GC(1038) Eden regions: 47->0(47)
[432.628s][info][gc,heap        ] GC(1038) Survivor regions: 3->3(7)
[432.628s][info][gc,heap        ] GC(1038) Old regions: 864->864
[432.628s][info][gc,heap        ] GC(1038) Humongous regions: 11->11
[432.628s][info][gc,metaspace   ] GC(1038) Metaspace: 18948K(19136K)->18948K(19136K) NonClass: 16284K(16384K)->16284K(16384K) Class: 2664K(2752K)->2664K(2752K)
[432.628s][info][gc             ] GC(1038) Pause Young (Normal) (G1 Evacuation Pause) 924M->877M(978M) 5.117ms
[432.628s][info][gc,cpu         ] GC(1038) User=0.01s Sys=0.00s Real=0.00s
[432.732s][info][gc,marking     ] GC(1029) Concurrent Mark From Roots 923.823ms
[432.732s][info][gc,marking     ] GC(1029) Concurrent Preclean
[432.732s][info][gc,marking     ] GC(1029) Concurrent Preclean 0.060ms
[432.732s][info][gc,start       ] GC(1029) Pause Remark
[432.741s][info][gc             ] GC(1029) Pause Remark 911M->432M(978M) 8.259ms
[432.741s][info][gc,cpu         ] GC(1029) User=0.01s Sys=0.00s Real=0.01s
[432.742s][info][gc,marking     ] GC(1029) Concurrent Mark 933.247ms
[432.742s][info][gc,marking     ] GC(1029) Concurrent Rebuild Remembered Sets and Scrub Regions
[432.784s][info][gc,start       ] GC(1039) Pause Young (Normal) (G1 Evacuation Pause)
[432.784s][info][gc,task        ] GC(1039) Using 2 workers of 2 for evacuation
[432.789s][info][gc,phases      ] GC(1039)   Pre Evacuate Collection Set: 0.32ms
[432.789s][info][gc,phases      ] GC(1039)   Merge Heap Roots: 0.13ms
[432.790s][info][gc,phases      ] GC(1039)   Evacuate Collection Set: 4.82ms
[432.790s][info][gc,phases      ] GC(1039)   Post Evacuate Collection Set: 0.33ms
[432.790s][info][gc,phases      ] GC(1039)   Other: 0.12ms
[432.790s][info][gc,heap        ] GC(1039) Eden regions: 47->0(412)
[432.790s][info][gc,heap        ] GC(1039) Survivor regions: 3->3(7)
[432.790s][info][gc,heap        ] GC(1039) Old regions: 392->392
[432.790s][info][gc,heap        ] GC(1039) Humongous regions: 4->4
[432.790s][info][gc,metaspace   ] GC(1039) Metaspace: 18948K(19136K)->18948K(19136K) NonClass: 16284K(16384K)->16284K(16384K) Class: 2664K(2752K)->2664K(2752K)
[432.790s][info][gc             ] GC(1039) Pause Young (Normal) (G1 Evacuation Pause) 445M->398M(978M) 5.979ms
[432.790s][info][gc,cpu         ] GC(1039) User=0.01s Sys=0.00s Real=0.00s
[433.094s][info][gc,marking     ] GC(1029) Concurrent Rebuild Remembered Sets and Scrub Regions 352.240ms
[433.094s][info][gc,start       ] GC(1029) Pause Cleanup
[433.094s][info][gc             ] GC(1029) Pause Cleanup 580M->580M(978M) 0.114ms
[433.094s][info][gc,cpu         ] GC(1029) User=0.00s Sys=0.00s Real=0.00s
[433.094s][info][gc,marking     ] GC(1029) Concurrent Clear Claimed Marks
[433.094s][info][gc,marking     ] GC(1029) Concurrent Clear Claimed Marks 0.030ms
[433.094s][info][gc,marking     ] GC(1029) Concurrent Cleanup for Next Mark
[433.097s][info][gc,marking     ] GC(1029) Concurrent Cleanup for Next Mark 2.810ms
[433.097s][info][gc             ] GC(1029) Concurrent Mark Cycle 1331.355ms
[433.381s][info][gc,start       ] GC(1040) Pause Young (Prepare Mixed) (G1 Evacuation Pause)
[433.381s][info][gc,task        ] GC(1040) Using 2 workers of 2 for evacuation
[433.463s][info][gc,phases      ] GC(1040)   Pre Evacuate Collection Set: 0.30ms
[433.463s][info][gc,phases      ] GC(1040)   Merge Heap Roots: 0.30ms
[433.463s][info][gc,phases      ] GC(1040)   Evacuate Collection Set: 80.33ms
[433.463s][info][gc,phases      ] GC(1040)   Post Evacuate Collection Set: 0.76ms
[433.463s][info][gc,phases      ] GC(1040)   Other: 0.10ms
[433.463s][info][gc,heap        ] GC(1040) Eden regions: 412->0(353)
[433.463s][info][gc,heap        ] GC(1040) Survivor regions: 3->52(52)
[433.463s][info][gc,heap        ] GC(1040) Old regions: 392->417
[433.463s][info][gc,heap        ] GC(1040) Humongous regions: 5->5
[433.463s][info][gc,metaspace   ] GC(1040) Metaspace: 18949K(19136K)->18949K(19136K) NonClass: 16285K(16384K)->16285K(16384K) Class: 2664K(2752K)->2664K(2752K)
[433.463s][info][gc             ] GC(1040) Pause Young (Prepare Mixed) (G1 Evacuation Pause) 811M->473M(978M) 82.071ms
[433.463s][info][gc,cpu         ] GC(1040) User=0.17s Sys=0.00s Real=0.08s
[433.889s][info][gc,start       ] GC(1041) Pause Young (Mixed) (G1 Evacuation Pause)
[433.889s][info][gc,task        ] GC(1041) Using 2 workers of 2 for evacuation
[434.065s][info][gc,phases      ] GC(1041)   Pre Evacuate Collection Set: 0.53ms
[434.065s][info][gc,phases      ] GC(1041)   Merge Heap Roots: 0.82ms
[434.065s][info][gc,phases      ] GC(1041)   Evacuate Collection Set: 168.59ms
[434.065s][info][gc,phases      ] GC(1041)   Post Evacuate Collection Set: 5.79ms
[434.065s][info][gc,phases      ] GC(1041)   Other: 0.09ms
[434.065s][info][gc,heap        ] GC(1041) Eden regions: 353->0(227)
[434.065s][info][gc,heap        ] GC(1041) Survivor regions: 52->51(51)
[434.065s][info][gc,heap        ] GC(1041) Old regions: 417->557
[434.065s][info][gc,heap        ] GC(1041) Humongous regions: 5->5
[434.065s][info][gc,metaspace   ] GC(1041) Metaspace: 18950K(19136K)->18950K(19136K) NonClass: 16286K(16384K)->16286K(16384K) Class: 2664K(2752K)->2664K(2752K)
[434.065s][info][gc             ] GC(1041) Pause Young (Mixed) (G1 Evacuation Pause) (Evacuation Failure: Allocation) 826M->612M(978M) 176.068ms
[434.065s][info][gc,cpu         ] GC(1041) User=0.35s Sys=0.00s Real=0.18s
[434.221s][info][gc,start       ] GC(1042) Pause Young (Concurrent Start) (G1 Evacuation Pause)
[434.221s][info][gc,task        ] GC(1042) Using 2 workers of 2 for evacuation
[434.344s][info][gc,phases      ] GC(1042)   Pre Evacuate Collection Set: 0.49ms
[434.344s][info][gc,phases      ] GC(1042)   Merge Heap Roots: 0.45ms
[434.344s][info][gc,phases      ] GC(1042)   Evacuate Collection Set: 120.28ms
[434.344s][info][gc,phases      ] GC(1042)   Post Evacuate Collection Set: 0.77ms
[434.344s][info][gc,phases      ] GC(1042)   Other: 0.21ms
[434.344s][info][gc,heap        ] GC(1042) Eden regions: 227->0(221)
[434.344s][info][gc,heap        ] GC(1042) Survivor regions: 51->35(35)
[434.344s][info][gc,heap        ] GC(1042) Old regions: 557->567
[434.344s][info][gc,heap        ] GC(1042) Humongous regions: 5->5
[434.344s][info][gc,metaspace   ] GC(1042) Metaspace: 18953K(19136K)->18953K(19136K) NonClass: 16288K(16384K)->16288K(16384K) Class: 2664K(2752K)->2664K(2752K)
[434.344s][info][gc             ] GC(1042) Pause Young (Concurrent Start) (G1 Evacuation Pause) 839M->606M(978M) 122.485ms
[434.344s][info][gc             ] GC(1043) Concurrent Mark Cycle
[434.344s][info][gc,marking     ] GC(1043) Concurrent Scan Root Regions
[434.346s][info][gc,cpu         ] GC(1042) User=0.24s Sys=0.00s Real=0.12s
[434.541s][info][gc,marking     ] GC(1043) Concurrent Scan Root Regions 197.188ms
[434.541s][info][gc,marking     ] GC(1043) Concurrent Mark
[434.541s][info][gc,marking     ] GC(1043) Concurrent Mark From Roots
[434.541s][info][gc,task        ] GC(1043) Using 1 workers of 1 for marking
[434.647s][info][gc,start       ] GC(1044) Pause Young (Normal) (G1 Evacuation Pause)
[434.647s][info][gc,task        ] GC(1044) Using 2 workers of 2 for evacuation
[434.757s][info][gc,phases      ] GC(1044)   Pre Evacuate Collection Set: 0.29ms
[434.757s][info][gc,phases      ] GC(1044)   Merge Heap Roots: 0.37ms
[434.757s][info][gc,phases      ] GC(1044)   Evacuate Collection Set: 108.84ms
[434.757s][info][gc,phases      ] GC(1044)   Post Evacuate Collection Set: 0.77ms
[434.757s][info][gc,phases      ] GC(1044)   Other: 0.08ms
[434.757s][info][gc,heap        ] GC(1044) Eden regions: 221->0(169)
[434.757s][info][gc,heap        ] GC(1044) Survivor regions: 35->32(32)
[434.757s][info][gc,heap        ] GC(1044) Old regions: 567->652
[434.757s][info][gc,heap        ] GC(1044) Humongous regions: 5->5
[434.757s][info][gc,metaspace   ] GC(1044) Metaspace: 18955K(19136K)->18955K(19136K) NonClass: 16291K(16384K)->16291K(16384K) Class: 2664K(2752K)->2664K(2752K)
[434.757s][info][gc             ] GC(1044) Pause Young (Normal) (G1 Evacuation Pause) 827M->688M(978M) 110.612ms
[434.757s][info][gc,cpu         ] GC(1044) User=0.22s Sys=0.00s Real=0.11s
[434.919s][info][gc,start       ] GC(1045) Pause Young (Normal) (G1 Evacuation Pause)
[434.919s][info][gc,task        ] GC(1045) Using 2 workers of 2 for evacuation
[434.989s][info][gc,phases      ] GC(1045)   Pre Evacuate Collection Set: 0.28ms
[434.989s][info][gc,phases      ] GC(1045)   Merge Heap Roots: 0.53ms
[434.989s][info][gc,phases      ] GC(1045)   Evacuate Collection Set: 68.41ms
[434.989s][info][gc,phases      ] GC(1045)   Post Evacuate Collection Set: 0.45ms
[434.989s][info][gc,phases      ] GC(1045)   Other: 0.09ms
[434.989s][info][gc,heap        ] GC(1045) Eden regions: 169->0(158)
[434.989s][info][gc,heap        ] GC(1045) Survivor regions: 32->26(26)
[434.989s][info][gc,heap        ] GC(1045) Old regions: 652->687
[434.989s][info][gc,heap        ] GC(1045) Humongous regions: 5->5
[434.989s][info][gc,metaspace   ] GC(1045) Metaspace: 18955K(19136K)->18955K(19136K) NonClass: 16291K(16384K)->16291K(16384K) Class: 2664K(2752K)->2664K(2752K)
[434.989s][info][gc             ] GC(1045) Pause Young (Normal) (G1 Evacuation Pause) 857M->717M(978M) 69.979ms
[434.989s][info][gc,cpu         ] GC(1045) User=0.13s Sys=0.00s Real=0.07s
[435.243s][info][gc,start       ] GC(1046) Pause Young (Normal) (G1 Evacuation Pause)
[435.244s][info][gc,task        ] GC(1046) Using 2 workers of 2 for evacuation
[435.301s][info][gc,phases      ] GC(1046)   Pre Evacuate Collection Set: 0.30ms
[435.301s][info][gc,phases      ] GC(1046)   Merge Heap Roots: 0.36ms
[435.301s][info][gc,phases      ] GC(1046)   Evacuate Collection Set: 56.43ms
[435.301s][info][gc,phases      ] GC(1046)   Post Evacuate Collection Set: 0.49ms
[435.301s][info][gc,phases      ] GC(1046)   Other: 0.09ms
[435.301s][info][gc,heap        ] GC(1046) Eden regions: 158->0(149)
[435.301s][info][gc,heap        ] GC(1046) Survivor regions: 26->19(23)
[435.301s][info][gc,heap        ] GC(1046) Old regions: 687->713
[435.301s][info][gc,heap        ] GC(1046) Humongous regions: 8->8
[435.301s][info][gc,metaspace   ] GC(1046) Metaspace: 18955K(19136K)->18955K(19136K) NonClass: 16291K(16384K)->16291K(16384K) Class: 2664K(2752K)->2664K(2752K)
[435.301s][info][gc             ] GC(1046) Pause Young (Normal) (G1 Evacuation Pause) 878M->739M(978M) 57.957ms
[435.301s][info][gc,cpu         ] GC(1046) User=0.12s Sys=0.00s Real=0.06s
[435.546s][info][gc,start       ] GC(1047) Pause Young (Normal) (G1 Evacuation Pause)
[435.546s][info][gc,task        ] GC(1047) Using 2 workers of 2 for evacuation
[435.629s][info][gc,phases      ] GC(1047)   Pre Evacuate Collection Set: 0.53ms
[435.629s][info][gc,phases      ] GC(1047)   Merge Heap Roots: 0.45ms
[435.629s][info][gc,phases      ] GC(1047)   Evacuate Collection Set: 81.56ms
[435.629s][info][gc,phases      ] GC(1047)   Post Evacuate Collection Set: 0.49ms
[435.629s][info][gc,phases      ] GC(1047)   Other: 0.09ms
[435.629s][info][gc,heap        ] GC(1047) Eden regions: 149->0(119)
[435.629s][info][gc,heap        ] GC(1047) Survivor regions: 19->21(21)
[435.629s][info][gc,heap        ] GC(1047) Old regions: 713->747
[435.629s][info][gc,heap        ] GC(1047) Humongous regions: 11->11
[435.629s][info][gc,metaspace   ] GC(1047) Metaspace: 18955K(19136K)->18955K(19136K) NonClass: 16291K(16384K)->16291K(16384K) Class: 2664K(2752K)->2664K(2752K)
[435.629s][info][gc             ] GC(1047) Pause Young (Normal) (G1 Evacuation Pause) 891M->778M(978M) 83.378ms
[435.629s][info][gc,cpu         ] GC(1047) User=0.16s Sys=0.00s Real=0.08s
[435.819s][info][gc,start       ] GC(1048) Pause Young (Normal) (G1 Evacuation Pause)
[435.819s][info][gc,task        ] GC(1048) Using 2 workers of 2 for evacuation
[435.876s][info][gc,phases      ] GC(1048)   Pre Evacuate Collection Set: 0.29ms
[435.876s][info][gc,phases      ] GC(1048)   Merge Heap Roots: 0.26ms
[435.876s][info][gc,phases      ] GC(1048)   Evacuate Collection Set: 55.82ms
[435.876s][info][gc,phases      ] GC(1048)   Post Evacuate Collection Set: 0.36ms
[435.876s][info][gc,phases      ] GC(1048)   Other: 0.09ms
[435.876s][info][gc,heap        ] GC(1048) Eden regions: 119->0(104)
[435.876s][info][gc,heap        ] GC(1048) Survivor regions: 21->18(18)
[435.876s][info][gc,heap        ] GC(1048) Old regions: 747->775
[435.876s][info][gc,heap        ] GC(1048) Humongous regions: 11->11
[435.876s][info][gc,metaspace   ] GC(1048) Metaspace: 18955K(19136K)->18955K(19136K) NonClass: 16291K(16384K)->16291K(16384K) Class: 2664K(2752K)->2664K(2752K)
[435.876s][info][gc             ] GC(1048) Pause Young (Normal) (G1 Evacuation Pause) 897M->803M(978M) 57.031ms
[435.876s][info][gc,cpu         ] GC(1048) User=0.11s Sys=0.00s Real=0.06s
[435.963s][info][gc,start       ] GC(1049) Pause Young (Normal) (G1 Evacuation Pause)
[435.963s][info][gc,task        ] GC(1049) Using 2 workers of 2 for evacuation
[435.991s][info][gc,phases      ] GC(1049)   Pre Evacuate Collection Set: 0.48ms
[435.991s][info][gc,phases      ] GC(1049)   Merge Heap Roots: 0.14ms
[435.991s][info][gc,phases      ] GC(1049)   Evacuate Collection Set: 27.30ms
[435.991s][info][gc,phases      ] GC(1049)   Post Evacuate Collection Set: 0.34ms
[435.991s][info][gc,phases      ] GC(1049)   Other: 0.08ms
[435.991s][info][gc,heap        ] GC(1049) Eden regions: 104->0(105)
[435.991s][info][gc,heap        ] GC(1049) Survivor regions: 18->8(16)
[435.991s][info][gc,heap        ] GC(1049) Old regions: 775->794
[435.991s][info][gc,heap        ] GC(1049) Humongous regions: 11->11
[435.991s][info][gc,metaspace   ] GC(1049) Metaspace: 18955K(19136K)->18955K(19136K) NonClass: 16291K(16384K)->16291K(16384K) Class: 2664K(2752K)->2664K(2752K)
[435.991s][info][gc             ] GC(1049) Pause Young (Normal) (G1 Evacuation Pause) 907M->812M(978M) 28.536ms
[435.992s][info][gc,cpu         ] GC(1049) User=0.06s Sys=0.00s Real=0.03s
[436.118s][info][gc,start       ] GC(1050) Pause Young (Normal) (G1 Evacuation Pause)
[436.118s][info][gc,task        ] GC(1050) Using 2 workers of 2 for evacuation
[436.144s][info][gc,phases      ] GC(1050)   Pre Evacuate Collection Set: 0.29ms
[436.144s][info][gc,phases      ] GC(1050)   Merge Heap Roots: 0.21ms
[436.144s][info][gc,phases      ] GC(1050)   Evacuate Collection Set: 25.07ms
[436.144s][info][gc,phases      ] GC(1050)   Post Evacuate Collection Set: 0.33ms
[436.144s][info][gc,phases      ] GC(1050)   Other: 0.07ms
[436.144s][info][gc,heap        ] GC(1050) Eden regions: 105->0(90)
[436.144s][info][gc,heap        ] GC(1050) Survivor regions: 8->15(15)
[436.144s][info][gc,heap        ] GC(1050) Old regions: 794->797
[436.144s][info][gc,heap        ] GC(1050) Humongous regions: 11->11
[436.144s][info][gc,metaspace   ] GC(1050) Metaspace: 18955K(19136K)->18955K(19136K) NonClass: 16291K(16384K)->16291K(16384K) Class: 2664K(2752K)->2664K(2752K)
[436.144s][info][gc             ] GC(1050) Pause Young (Normal) (G1 Evacuation Pause) 917M->822M(978M) 26.220ms
[436.144s][info][gc,cpu         ] GC(1050) User=0.05s Sys=0.00s Real=0.03s
[436.145s][info][gc,marking     ] GC(1043) Concurrent Mark From Roots 1603.406ms
[436.145s][info][gc,marking     ] GC(1043) Concurrent Preclean
[436.145s][info][gc,marking     ] GC(1043) Concurrent Preclean 0.054ms
[436.148s][info][gc,start       ] GC(1043) Pause Remark
[436.156s][info][gc             ] GC(1043) Pause Remark 825M->768M(978M) 7.704ms
[436.156s][info][gc,cpu         ] GC(1043) User=0.01s Sys=0.00s Real=0.01s
[436.156s][info][gc,marking     ] GC(1043) Concurrent Mark 1615.072ms
[436.156s][info][gc,marking     ] GC(1043) Concurrent Rebuild Remembered Sets and Scrub Regions
[436.214s][info][gc,start       ] GC(1051) Pause Young (Normal) (G1 Evacuation Pause)
[436.214s][info][gc,task        ] GC(1051) Using 2 workers of 2 for evacuation
[436.234s][info][gc,phases      ] GC(1051)   Pre Evacuate Collection Set: 0.41ms
[436.234s][info][gc,phases      ] GC(1051)   Merge Heap Roots: 0.20ms
[436.234s][info][gc,phases      ] GC(1051)   Evacuate Collection Set: 19.16ms
[436.234s][info][gc,phases      ] GC(1051)   Post Evacuate Collection Set: 0.31ms
[436.234s][info][gc,phases      ] GC(1051)   Other: 0.09ms
[436.234s][info][gc,heap        ] GC(1051) Eden regions: 90->0(142)
[436.234s][info][gc,heap        ] GC(1051) Survivor regions: 15->2(14)
[436.234s][info][gc,heap        ] GC(1051) Old regions: 741->757
[436.234s][info][gc,heap        ] GC(1051) Humongous regions: 10->10
[436.234s][info][gc,metaspace   ] GC(1051) Metaspace: 18955K(19136K)->18955K(19136K) NonClass: 16291K(16384K)->16291K(16384K) Class: 2664K(2752K)->2664K(2752K)
[436.234s][info][gc             ] GC(1051) Pause Young (Normal) (G1 Evacuation Pause) 855M->767M(978M) 20.351ms
[436.234s][info][gc,cpu         ] GC(1051) User=0.03s Sys=0.00s Real=0.02s
[436.397s][info][gc,start       ] GC(1052) Pause Young (Normal) (G1 Evacuation Pause)
[436.397s][info][gc,task        ] GC(1052) Using 2 workers of 2 for evacuation
[436.410s][info][gc,phases      ] GC(1052)   Pre Evacuate Collection Set: 0.47ms
[436.410s][info][gc,phases      ] GC(1052)   Merge Heap Roots: 0.20ms
[436.410s][info][gc,phases      ] GC(1052)   Evacuate Collection Set: 12.08ms
[436.410s][info][gc,phases      ] GC(1052)   Post Evacuate Collection Set: 0.34ms
[436.410s][info][gc,phases      ] GC(1052)   Other: 0.07ms
[436.410s][info][gc,heap        ] GC(1052) Eden regions: 142->0(149)
[436.410s][info][gc,heap        ] GC(1052) Survivor regions: 2->5(18)
[436.410s][info][gc,heap        ] GC(1052) Old regions: 757->757
[436.410s][info][gc,heap        ] GC(1052) Humongous regions: 10->10
[436.410s][info][gc,metaspace   ] GC(1052) Metaspace: 18955K(19136K)->18955K(19136K) NonClass: 16291K(16384K)->16291K(16384K) Class: 2664K(2752K)->2664K(2752K)
[436.410s][info][gc             ] GC(1052) Pause Young (Normal) (G1 Evacuation Pause) 909M->771M(978M) 13.384ms
[436.410s][info][gc,cpu         ] GC(1052) User=0.03s Sys=0.00s Real=0.01s
[436.601s][info][gc,start       ] GC(1053) Pause Young (Normal) (G1 Evacuation Pause)
[436.601s][info][gc,task        ] GC(1053) Using 2 workers of 2 for evacuation
[436.625s][info][gc,phases      ] GC(1053)   Pre Evacuate Collection Set: 0.53ms
[436.625s][info][gc,phases      ] GC(1053)   Merge Heap Roots: 0.24ms
[436.625s][info][gc,phases      ] GC(1053)   Evacuate Collection Set: 22.42ms
[436.625s][info][gc,phases      ] GC(1053)   Post Evacuate Collection Set: 0.40ms
[436.625s][info][gc,phases      ] GC(1053)   Other: 0.08ms
[436.625s][info][gc,heap        ] GC(1053) Eden regions: 149->0(129)
[436.625s][info][gc,heap        ] GC(1053) Survivor regions: 5->16(20)
[436.625s][info][gc,heap        ] GC(1053) Old regions: 757->757
[436.625s][info][gc,heap        ] GC(1053) Humongous regions: 10->10
[436.625s][info][gc,metaspace   ] GC(1053) Metaspace: 18955K(19136K)->18955K(19136K) NonClass: 16291K(16384K)->16291K(16384K) Class: 2664K(2752K)->2664K(2752K)
[436.625s][info][gc             ] GC(1053) Pause Young (Normal) (G1 Evacuation Pause) 920M->781M(978M) 23.940ms
[436.625s][info][gc,cpu         ] GC(1053) User=0.04s Sys=0.00s Real=0.02s
[436.775s][info][gc,start       ] GC(1054) Pause Young (Normal) (G1 Evacuation Pause)
[436.775s][info][gc,task        ] GC(1054) Using 2 workers of 2 for evacuation
[436.811s][info][gc,phases      ] GC(1054)   Pre Evacuate Collection Set: 0.52ms
[436.811s][info][gc,phases      ] GC(1054)   Merge Heap Roots: 0.26ms
[436.811s][info][gc,phases      ] GC(1054)   Evacuate Collection Set: 35.05ms
[436.811s][info][gc,phases      ] GC(1054)   Post Evacuate Collection Set: 0.40ms
[436.811s][info][gc,phases      ] GC(1054)   Other: 0.08ms
[436.811s][info][gc,heap        ] GC(1054) Eden regions: 129->0(114)
[436.811s][info][gc,heap        ] GC(1054) Survivor regions: 16->16(19)
[436.812s][info][gc,heap        ] GC(1054) Old regions: 757->772
[436.812s][info][gc,heap        ] GC(1054) Humongous regions: 10->10
[436.812s][info][gc,metaspace   ] GC(1054) Metaspace: 18955K(19136K)->18955K(19136K) NonClass: 16291K(16384K)->16291K(16384K) Class: 2664K(2752K)->2664K(2752K)
[436.812s][info][gc             ] GC(1054) Pause Young (Normal) (G1 Evacuation Pause) 910M->797M(978M) 36.539ms
[436.812s][info][gc,cpu         ] GC(1054) User=0.07s Sys=0.00s Real=0.04s
[436.932s][info][gc,marking     ] GC(1043) Concurrent Rebuild Remembered Sets and Scrub Regions 776.119ms
[436.933s][info][gc,start       ] GC(1043) Pause Cleanup
[436.933s][info][gc             ] GC(1043) Pause Cleanup 845M->845M(978M) 0.118ms
[436.933s][info][gc,cpu         ] GC(1043) User=0.00s Sys=0.00s Real=0.00s
[436.933s][info][gc,marking     ] GC(1043) Concurrent Clear Claimed Marks
[436.933s][info][gc,marking     ] GC(1043) Concurrent Clear Claimed Marks 0.030ms
[436.933s][info][gc,marking     ] GC(1043) Concurrent Cleanup for Next Mark
[436.936s][info][gc,marking     ] GC(1043) Concurrent Cleanup for Next Mark 2.808ms
[436.936s][info][gc             ] GC(1043) Concurrent Mark Cycle 2591.718ms
[437.032s][info][gc,start       ] GC(1055) Pause Young (Prepare Mixed) (G1 Evacuation Pause)
[437.032s][info][gc,task        ] GC(1055) Using 2 workers of 2 for evacuation
[437.071s][info][gc,phases      ] GC(1055)   Pre Evacuate Collection Set: 0.49ms
[437.071s][info][gc,phases      ] GC(1055)   Merge Heap Roots: 0.22ms
[437.071s][info][gc,phases      ] GC(1055)   Evacuate Collection Set: 37.97ms
[437.071s][info][gc,phases      ] GC(1055)   Post Evacuate Collection Set: 0.37ms
[437.071s][info][gc,phases      ] GC(1055)   Other: 0.08ms
[437.071s][info][gc,heap        ] GC(1055) Eden regions: 114->0(94)
[437.071s][info][gc,heap        ] GC(1055) Survivor regions: 16->17(17)
[437.071s][info][gc,heap        ] GC(1055) Old regions: 772->790
[437.071s][info][gc,heap        ] GC(1055) Humongous regions: 10->10
[437.071s][info][gc,metaspace   ] GC(1055) Metaspace: 18955K(19136K)->18955K(19136K) NonClass: 16291K(16384K)->16291K(16384K) Class: 2664K(2752K)->2664K(2752K)
[437.071s][info][gc             ] GC(1055) Pause Young (Prepare Mixed) (G1 Evacuation Pause) 911M->816M(978M) 39.356ms
[437.071s][info][gc,cpu         ] GC(1055) User=0.08s Sys=0.00s Real=0.04s
[437.383s][info][gc,start       ] GC(1056) Pause Young (Mixed) (G1 Evacuation Pause)
[437.383s][info][gc,task        ] GC(1056) Using 2 workers of 2 for evacuation
[437.414s][info][gc,phases      ] GC(1056)   Pre Evacuate Collection Set: 0.34ms
[437.414s][info][gc,phases      ] GC(1056)   Merge Heap Roots: 0.30ms
[437.414s][info][gc,phases      ] GC(1056)   Evacuate Collection Set: 29.84ms
[437.414s][info][gc,phases      ] GC(1056)   Post Evacuate Collection Set: 0.44ms
[437.414s][info][gc,phases      ] GC(1056)   Other: 0.08ms
[437.414s][info][gc,heap        ] GC(1056) Eden regions: 94->0(137)
[437.414s][info][gc,heap        ] GC(1056) Survivor regions: 17->1(14)
[437.414s][info][gc,heap        ] GC(1056) Old regions: 790->779
[437.414s][info][gc,heap        ] GC(1056) Humongous regions: 10->10
[437.414s][info][gc,metaspace   ] GC(1056) Metaspace: 18955K(19136K)->18955K(19136K) NonClass: 16291K(16384K)->16291K(16384K) Class: 2664K(2752K)->2664K(2752K)
[437.414s][info][gc             ] GC(1056) Pause Young (Mixed) (G1 Evacuation Pause) 910M->789M(978M) 31.262ms
[437.414s][info][gc,cpu         ] GC(1056) User=0.06s Sys=0.00s Real=0.03s
[437.737s][info][gc,start       ] GC(1057) Pause Young (Concurrent Start) (G1 Evacuation Pause)
[437.738s][info][gc,task        ] GC(1057) Using 2 workers of 2 for evacuation
[437.740s][info][gc,phases      ] GC(1057)   Pre Evacuate Collection Set: 0.37ms
[437.740s][info][gc,phases      ] GC(1057)   Merge Heap Roots: 0.10ms
[437.740s][info][gc,phases      ] GC(1057)   Evacuate Collection Set: 1.33ms
[437.740s][info][gc,phases      ] GC(1057)   Post Evacuate Collection Set: 0.38ms
[437.740s][info][gc,phases      ] GC(1057)   Other: 0.25ms
[437.740s][info][gc,heap        ] GC(1057) Eden regions: 137->0(137)
[437.740s][info][gc,heap        ] GC(1057) Survivor regions: 1->1(18)
[437.740s][info][gc,heap        ] GC(1057) Old regions: 779->779
[437.740s][info][gc,heap        ] GC(1057) Humongous regions: 10->10
[437.740s][info][gc,metaspace   ] GC(1057) Metaspace: 18955K(19136K)->18955K(19136K) NonClass: 16291K(16384K)->16291K(16384K) Class: 2664K(2752K)->2664K(2752K)
[437.740s][info][gc             ] GC(1057) Pause Young (Concurrent Start) (G1 Evacuation Pause) 926M->789M(978M) 2.636ms
[437.740s][info][gc,cpu         ] GC(1057) User=0.01s Sys=0.00s Real=0.00s
[437.740s][info][gc             ] GC(1058) Concurrent Mark Cycle
[437.740s][info][gc,marking     ] GC(1058) Concurrent Scan Root Regions
[437.743s][info][gc,marking     ] GC(1058) Concurrent Scan Root Regions 2.675ms
[437.743s][info][gc,marking     ] GC(1058) Concurrent Mark
[437.743s][info][gc,marking     ] GC(1058) Concurrent Mark From Roots
[437.743s][info][gc,task        ] GC(1058) Using 1 workers of 1 for marking
[438.219s][info][gc,start       ] GC(1059) Pause Young (Normal) (G1 Evacuation Pause)
[438.220s][info][gc,task        ] GC(1059) Using 2 workers of 2 for evacuation
[438.222s][info][gc,phases      ] GC(1059)   Pre Evacuate Collection Set: 0.52ms
[438.222s][info][gc,phases      ] GC(1059)   Merge Heap Roots: 0.10ms
[438.222s][info][gc,phases      ] GC(1059)   Evacuate Collection Set: 1.27ms
[438.222s][info][gc,phases      ] GC(1059)   Post Evacuate Collection Set: 0.35ms
[438.222s][info][gc,phases      ] GC(1059)   Other: 0.11ms
[438.222s][info][gc,heap        ] GC(1059) Eden regions: 137->0(137)
[438.222s][info][gc,heap        ] GC(1059) Survivor regions: 1->1(18)
[438.222s][info][gc,heap        ] GC(1059) Old regions: 779->779
[438.222s][info][gc,heap        ] GC(1059) Humongous regions: 10->10
[438.222s][info][gc,metaspace   ] GC(1059) Metaspace: 18955K(19136K)->18955K(19136K) NonClass: 16291K(16384K)->16291K(16384K) Class: 2664K(2752K)->2664K(2752K)
[438.222s][info][gc             ] GC(1059) Pause Young (Normal) (G1 Evacuation Pause) 926M->789M(978M) 2.551ms
[438.222s][info][gc,cpu         ] GC(1059) User=0.01s Sys=0.00s Real=0.01s
[438.646s][info][gc,marking     ] GC(1058) Concurrent Mark From Roots 902.945ms
[438.646s][info][gc,marking     ] GC(1058) Concurrent Preclean
[438.646s][info][gc,marking     ] GC(1058) Concurrent Preclean 0.051ms
[438.646s][info][gc,start       ] GC(1058) Pause Remark
[438.654s][info][gc             ] GC(1058) Pause Remark 916M->540M(978M) 7.922ms
[438.654s][info][gc,cpu         ] GC(1058) User=0.02s Sys=0.00s Real=0.01s
[438.654s][info][gc,marking     ] GC(1058) Concurrent Mark 911.249ms
[438.654s][info][gc,marking     ] GC(1058) Concurrent Rebuild Remembered Sets and Scrub Regions
[438.688s][info][gc,start       ] GC(1060) Pause Young (Normal) (G1 Evacuation Pause)
[438.689s][info][gc,task        ] GC(1060) Using 2 workers of 2 for evacuation
[438.691s][info][gc,phases      ] GC(1060)   Pre Evacuate Collection Set: 0.26ms
[438.691s][info][gc,phases      ] GC(1060)   Merge Heap Roots: 0.10ms
[438.691s][info][gc,phases      ] GC(1060)   Evacuate Collection Set: 1.34ms
[438.691s][info][gc,phases      ] GC(1060)   Post Evacuate Collection Set: 0.33ms
[438.691s][info][gc,phases      ] GC(1060)   Other: 0.11ms
[438.691s][info][gc,heap        ] GC(1060) Eden regions: 137->0(381)
[438.691s][info][gc,heap        ] GC(1060) Survivor regions: 1->1(18)
[438.691s][info][gc,heap        ] GC(1060) Old regions: 409->409
[438.691s][info][gc,heap        ] GC(1060) Humongous regions: 4->4
[438.691s][info][gc,metaspace   ] GC(1060) Metaspace: 18955K(19136K)->18955K(19136K) NonClass: 16291K(16384K)->16291K(16384K) Class: 2664K(2752K)->2664K(2752K)
[438.691s][info][gc             ] GC(1060) Pause Young (Normal) (G1 Evacuation Pause) 550M->413M(978M) 2.315ms
[438.691s][info][gc,cpu         ] GC(1060) User=0.00s Sys=0.00s Real=0.01s
[438.960s][info][gc,marking     ] GC(1058) Concurrent Rebuild Remembered Sets and Scrub Regions 305.342ms
[438.960s][info][gc,start       ] GC(1058) Pause Cleanup
[438.960s][info][gc             ] GC(1058) Pause Cleanup 490M->490M(978M) 0.103ms
[438.960s][info][gc,cpu         ] GC(1058) User=0.00s Sys=0.00s Real=0.00s
[438.960s][info][gc,marking     ] GC(1058) Concurrent Clear Claimed Marks
[438.960s][info][gc,marking     ] GC(1058) Concurrent Clear Claimed Marks 0.029ms
[438.960s][info][gc,marking     ] GC(1058) Concurrent Cleanup for Next Mark
[438.963s][info][gc,marking     ] GC(1058) Concurrent Cleanup for Next Mark 2.892ms
[438.963s][info][gc             ] GC(1058) Concurrent Mark Cycle 1222.673ms
[439.349s][info][gc,start       ] GC(1061) Pause Young (Prepare Mixed) (G1 Evacuation Pause)
[439.349s][info][gc,task        ] GC(1061) Using 2 workers of 2 for evacuation
[439.423s][info][gc,phases      ] GC(1061)   Pre Evacuate Collection Set: 0.31ms
[439.423s][info][gc,phases      ] GC(1061)   Merge Heap Roots: 0.35ms
[439.423s][info][gc,phases      ] GC(1061)   Evacuate Collection Set: 72.38ms
[439.423s][info][gc,phases      ] GC(1061)   Post Evacuate Collection Set: 0.75ms
[439.423s][info][gc,phases      ] GC(1061)   Other: 0.09ms
[439.423s][info][gc,heap        ] GC(1061) Eden regions: 381->0(318)
[439.423s][info][gc,heap        ] GC(1061) Survivor regions: 1->48(48)
[439.423s][info][gc,heap        ] GC(1061) Old regions: 409->434
[439.423s][info][gc,heap        ] GC(1061) Humongous regions: 4->4
[439.423s][info][gc,metaspace   ] GC(1061) Metaspace: 18955K(19136K)->18955K(19136K) NonClass: 16291K(16384K)->16291K(16384K) Class: 2664K(2752K)->2664K(2752K)
[439.423s][info][gc             ] GC(1061) Pause Young (Prepare Mixed) (G1 Evacuation Pause) 794M->485M(978M) 74.101ms
[439.423s][info][gc,cpu         ] GC(1061) User=0.15s Sys=0.00s Real=0.08s
[439.708s][info][gc,start       ] GC(1062) Pause Young (Mixed) (G1 Evacuation Pause)
[439.708s][info][gc,task        ] GC(1062) Using 2 workers of 2 for evacuation
[439.807s][info][gc,phases      ] GC(1062)   Pre Evacuate Collection Set: 0.55ms
[439.808s][info][gc,phases      ] GC(1062)   Merge Heap Roots: 0.48ms
[439.808s][info][gc,phases      ] GC(1062)   Evacuate Collection Set: 97.48ms
[439.808s][info][gc,phases      ] GC(1062)   Post Evacuate Collection Set: 0.78ms
[439.808s][info][gc,phases      ] GC(1062)   Other: 0.11ms
[439.808s][info][gc,heap        ] GC(1062) Eden regions: 318->0(321)
[439.808s][info][gc,heap        ] GC(1062) Survivor regions: 48->46(46)
[439.808s][info][gc,heap        ] GC(1062) Old regions: 434->436
[439.808s][info][gc,heap        ] GC(1062) Humongous regions: 4->4
[439.808s][info][gc,metaspace   ] GC(1062) Metaspace: 18956K(19136K)->18956K(19136K) NonClass: 16292K(16384K)->16292K(16384K) Class: 2664K(2752K)->2664K(2752K)
[439.808s][info][gc             ] GC(1062) Pause Young (Mixed) (G1 Evacuation Pause) 803M->485M(978M) 99.703ms
[439.808s][info][gc,cpu         ] GC(1062) User=0.19s Sys=0.00s Real=0.10s
[439.829s][info][gc,start       ] GC(1063) Pause Young (Concurrent Start) (G1 Humongous Allocation)
[439.829s][info][gc,task        ] GC(1063) Using 2 workers of 2 for evacuation
[439.884s][info][gc,phases      ] GC(1063)   Pre Evacuate Collection Set: 0.27ms
[439.884s][info][gc,phases      ] GC(1063)   Merge Heap Roots: 0.34ms
[439.884s][info][gc,phases      ] GC(1063)   Evacuate Collection Set: 53.81ms
[439.884s][info][gc,phases      ] GC(1063)   Post Evacuate Collection Set: 0.35ms
[439.884s][info][gc,phases      ] GC(1063)   Other: 0.09ms
[439.884s][info][gc,heap        ] GC(1063) Eden regions: 26->0(341)
[439.884s][info][gc,heap        ] GC(1063) Survivor regions: 46->6(46)
[439.884s][info][gc,heap        ] GC(1063) Old regions: 436->482
[439.884s][info][gc,heap        ] GC(1063) Humongous regions: 4->4
[439.884s][info][gc,metaspace   ] GC(1063) Metaspace: 18956K(19136K)->18956K(19136K) NonClass: 16292K(16384K)->16292K(16384K) Class: 2664K(2752K)->2664K(2752K)
[439.884s][info][gc             ] GC(1063) Pause Young (Concurrent Start) (G1 Humongous Allocation) 511M->491M(978M) 55.123ms
[439.884s][info][gc,cpu         ] GC(1063) User=0.10s Sys=0.01s Real=0.06s
[439.884s][info][gc             ] GC(1064) Concurrent Mark Cycle
[439.884s][info][gc,marking     ] GC(1064) Concurrent Scan Root Regions
[439.921s][info][gc,marking     ] GC(1064) Concurrent Scan Root Regions 36.784ms
[439.921s][info][gc,marking     ] GC(1064) Concurrent Mark
[439.921s][info][gc,marking     ] GC(1064) Concurrent Mark From Roots
[439.921s][info][gc,task        ] GC(1064) Using 1 workers of 1 for marking
[440.335s][info][gc,start       ] GC(1065) Pause Young (Normal) (G1 Evacuation Pause)
[440.335s][info][gc,task        ] GC(1065) Using 2 workers of 2 for evacuation
[440.405s][info][gc,phases      ] GC(1065)   Pre Evacuate Collection Set: 0.30ms
[440.405s][info][gc,phases      ] GC(1065)   Merge Heap Roots: 0.28ms
[440.405s][info][gc,phases      ] GC(1065)   Evacuate Collection Set: 68.36ms
[440.405s][info][gc,phases      ] GC(1065)   Post Evacuate Collection Set: 0.59ms
[440.405s][info][gc,phases      ] GC(1065)   Other: 0.08ms
[440.405s][info][gc,heap        ] GC(1065) Eden regions: 341->0(303)
[440.405s][info][gc,heap        ] GC(1065) Survivor regions: 6->44(44)
[440.405s][info][gc,heap        ] GC(1065) Old regions: 482->490
[440.405s][info][gc,heap        ] GC(1065) Humongous regions: 8->8
[440.405s][info][gc,metaspace   ] GC(1065) Metaspace: 18956K(19136K)->18956K(19136K) NonClass: 16292K(16384K)->16292K(16384K) Class: 2664K(2752K)->2664K(2752K)
[440.405s][info][gc             ] GC(1065) Pause Young (Normal) (G1 Evacuation Pause) 836M->541M(978M) 69.883ms
[440.405s][info][gc,cpu         ] GC(1065) User=0.13s Sys=0.00s Real=0.07s
[440.666s][info][gc,marking     ] GC(1064) Concurrent Mark From Roots 745.214ms
[440.666s][info][gc,marking     ] GC(1064) Concurrent Preclean
[440.666s][info][gc,marking     ] GC(1064) Concurrent Preclean 0.040ms
[440.666s][info][gc,start       ] GC(1064) Pause Remark
[440.674s][info][gc             ] GC(1064) Pause Remark 747M->655M(978M) 7.637ms
[440.674s][info][gc,cpu         ] GC(1064) User=0.02s Sys=0.00s Real=0.01s
[440.674s][info][gc,marking     ] GC(1064) Concurrent Mark 753.235ms
[440.674s][info][gc,marking     ] GC(1064) Concurrent Rebuild Remembered Sets and Scrub Regions
[440.796s][info][gc,start       ] GC(1066) Pause Young (Normal) (G1 Evacuation Pause)
[440.796s][info][gc,task        ] GC(1066) Using 2 workers of 2 for evacuation
[440.883s][info][gc,phases      ] GC(1066)   Pre Evacuate Collection Set: 0.28ms
[440.883s][info][gc,phases      ] GC(1066)   Merge Heap Roots: 0.60ms
[440.883s][info][gc,phases      ] GC(1066)   Evacuate Collection Set: 85.05ms
[440.883s][info][gc,phases      ] GC(1066)   Post Evacuate Collection Set: 0.57ms
[440.883s][info][gc,phases      ] GC(1066)   Other: 0.10ms
[440.883s][info][gc,heap        ] GC(1066) Eden regions: 303->0(351)
[440.883s][info][gc,heap        ] GC(1066) Survivor regions: 44->31(44)
[440.883s][info][gc,heap        ] GC(1066) Old regions: 400->444
[440.883s][info][gc,heap        ] GC(1066) Humongous regions: 6->6
[440.883s][info][gc,metaspace   ] GC(1066) Metaspace: 18956K(19136K)->18956K(19136K) NonClass: 16292K(16384K)->16292K(16384K) Class: 2664K(2752K)->2664K(2752K)
[440.883s][info][gc             ] GC(1066) Pause Young (Normal) (G1 Evacuation Pause) 752M->480M(978M) 86.848ms
[440.883s][info][gc,cpu         ] GC(1066) User=0.17s Sys=0.00s Real=0.09s
[441.053s][info][gc,marking     ] GC(1064) Concurrent Rebuild Remembered Sets and Scrub Regions 379.049ms
[441.053s][info][gc,start       ] GC(1064) Pause Cleanup
[441.053s][info][gc             ] GC(1064) Pause Cleanup 599M->599M(978M) 0.155ms
[441.053s][info][gc,cpu         ] GC(1064) User=0.00s Sys=0.00s Real=0.00s
[441.053s][info][gc,marking     ] GC(1064) Concurrent Clear Claimed Marks
[441.053s][info][gc,marking     ] GC(1064) Concurrent Clear Claimed Marks 0.037ms
[441.053s][info][gc,marking     ] GC(1064) Concurrent Cleanup for Next Mark
[441.058s][info][gc,marking     ] GC(1064) Concurrent Cleanup for Next Mark 4.899ms
[441.058s][info][gc             ] GC(1064) Concurrent Mark Cycle 1174.615ms
[441.316s][info][gc,start       ] GC(1067) Pause Young (Prepare Mixed) (G1 Evacuation Pause)
[441.316s][info][gc,task        ] GC(1067) Using 2 workers of 2 for evacuation
[441.365s][info][gc,phases      ] GC(1067)   Pre Evacuate Collection Set: 0.31ms
[441.365s][info][gc,phases      ] GC(1067)   Merge Heap Roots: 0.35ms
[441.365s][info][gc,phases      ] GC(1067)   Evacuate Collection Set: 47.69ms
[441.366s][info][gc,phases      ] GC(1067)   Post Evacuate Collection Set: 0.59ms
[441.366s][info][gc,phases      ] GC(1067)   Other: 0.09ms
[441.366s][info][gc,heap        ] GC(1067) Eden regions: 351->0(361)
[441.366s][info][gc,heap        ] GC(1067) Survivor regions: 31->11(48)
[441.366s][info][gc,heap        ] GC(1067) Old regions: 444->475
[441.366s][info][gc,heap        ] GC(1067) Humongous regions: 6->6
[441.366s][info][gc,metaspace   ] GC(1067) Metaspace: 18956K(19136K)->18956K(19136K) NonClass: 16292K(16384K)->16292K(16384K) Class: 2664K(2752K)->2664K(2752K)
[441.366s][info][gc             ] GC(1067) Pause Young (Prepare Mixed) (G1 Evacuation Pause) 831M->490M(978M) 49.327ms
[441.366s][info][gc,cpu         ] GC(1067) User=0.09s Sys=0.00s Real=0.05s
[441.786s][info][gc,start       ] GC(1068) Pause Young (Mixed) (G1 Evacuation Pause)
[441.786s][info][gc,task        ] GC(1068) Using 2 workers of 2 for evacuation
[441.873s][info][gc,phases      ] GC(1068)   Pre Evacuate Collection Set: 0.33ms
[441.873s][info][gc,phases      ] GC(1068)   Merge Heap Roots: 0.48ms
[441.873s][info][gc,phases      ] GC(1068)   Evacuate Collection Set: 84.96ms
[441.873s][info][gc,phases      ] GC(1068)   Post Evacuate Collection Set: 0.98ms
[441.873s][info][gc,phases      ] GC(1068)   Other: 0.11ms
[441.873s][info][gc,heap        ] GC(1068) Eden regions: 361->0(354)
[441.873s][info][gc,heap        ] GC(1068) Survivor regions: 11->47(47)
[441.873s][info][gc,heap        ] GC(1068) Old regions: 475->428
[441.873s][info][gc,heap        ] GC(1068) Humongous regions: 6->6
[441.873s][info][gc,metaspace   ] GC(1068) Metaspace: 18956K(19136K)->18956K(19136K) NonClass: 16292K(16384K)->16292K(16384K) Class: 2664K(2752K)->2664K(2752K)
[441.873s][info][gc             ] GC(1068) Pause Young (Mixed) (G1 Evacuation Pause) 851M->480M(978M) 87.096ms
[441.873s][info][gc,cpu         ] GC(1068) User=0.17s Sys=0.00s Real=0.09s
[442.265s][info][gc,start       ] GC(1069) Pause Young (Concurrent Start) (G1 Humongous Allocation)
[442.266s][info][gc,task        ] GC(1069) Using 2 workers of 2 for evacuation
[442.376s][info][gc,phases      ] GC(1069)   Pre Evacuate Collection Set: 0.35ms
[442.376s][info][gc,phases      ] GC(1069)   Merge Heap Roots: 0.40ms
[442.376s][info][gc,phases      ] GC(1069)   Evacuate Collection Set: 108.53ms
[442.376s][info][gc,phases      ] GC(1069)   Post Evacuate Collection Set: 0.60ms
[442.376s][info][gc,phases      ] GC(1069)   Other: 0.23ms
[442.376s][info][gc,heap        ] GC(1069) Eden regions: 309->0(299)
[442.376s][info][gc,heap        ] GC(1069) Survivor regions: 47->51(51)
[442.376s][info][gc,heap        ] GC(1069) Old regions: 428->482
[442.376s][info][gc,heap        ] GC(1069) Humongous regions: 6->6
[442.376s][info][gc,metaspace   ] GC(1069) Metaspace: 18956K(19136K)->18956K(19136K) NonClass: 16292K(16384K)->16292K(16384K) Class: 2664K(2752K)->2664K(2752K)
[442.376s][info][gc             ] GC(1069) Pause Young (Concurrent Start) (G1 Humongous Allocation) 789M->538M(978M) 110.391ms
[442.376s][info][gc,cpu         ] GC(1069) User=0.22s Sys=0.00s Real=0.11s
[442.376s][info][gc             ] GC(1070) Concurrent Mark Cycle
[442.376s][info][gc,marking     ] GC(1070) Concurrent Scan Root Regions
[442.446s][info][gc,marking     ] GC(1070) Concurrent Scan Root Regions 70.147ms
[442.446s][info][gc,marking     ] GC(1070) Concurrent Mark
[442.446s][info][gc,marking     ] GC(1070) Concurrent Mark From Roots
[442.446s][info][gc,task        ] GC(1070) Using 1 workers of 1 for marking
[443.058s][info][gc,start       ] GC(1071) Pause Young (Normal) (G1 Evacuation Pause)
[443.059s][info][gc,task        ] GC(1071) Using 2 workers of 2 for evacuation
[443.164s][info][gc,phases      ] GC(1071)   Pre Evacuate Collection Set: 0.32ms
[443.164s][info][gc,phases      ] GC(1071)   Merge Heap Roots: 0.24ms
[443.164s][info][gc,phases      ] GC(1071)   Evacuate Collection Set: 104.15ms
[443.164s][info][gc,phases      ] GC(1071)   Post Evacuate Collection Set: 0.57ms
[443.164s][info][gc,phases      ] GC(1071)   Other: 0.10ms
[443.164s][info][gc,heap        ] GC(1071) Eden regions: 299->0(265)
[443.164s][info][gc,heap        ] GC(1071) Survivor regions: 51->44(44)
[443.164s][info][gc,heap        ] GC(1071) Old regions: 482->539
[443.164s][info][gc,heap        ] GC(1071) Humongous regions: 9->9
[443.164s][info][gc,metaspace   ] GC(1071) Metaspace: 18956K(19136K)->18956K(19136K) NonClass: 16292K(16384K)->16292K(16384K) Class: 2664K(2752K)->2664K(2752K)
[443.164s][info][gc             ] GC(1071) Pause Young (Normal) (G1 Evacuation Pause) 840M->591M(978M) 105.627ms
[443.164s][info][gc,cpu         ] GC(1071) User=0.21s Sys=0.00s Real=0.11s
[443.589s][info][gc,start       ] GC(1072) Pause Young (Normal) (G1 Evacuation Pause)
[443.589s][info][gc,task        ] GC(1072) Using 2 workers of 2 for evacuation
[443.641s][info][gc,phases      ] GC(1072)   Pre Evacuate Collection Set: 0.51ms
[443.641s][info][gc,phases      ] GC(1072)   Merge Heap Roots: 0.19ms
[443.641s][info][gc,phases      ] GC(1072)   Evacuate Collection Set: 50.84ms
[443.641s][info][gc,phases      ] GC(1072)   Post Evacuate Collection Set: 0.49ms
[443.641s][info][gc,phases      ] GC(1072)   Other: 0.09ms
[443.641s][info][gc,heap        ] GC(1072) Eden regions: 265->0(276)
[443.641s][info][gc,heap        ] GC(1072) Survivor regions: 44->5(39)
[443.641s][info][gc,heap        ] GC(1072) Old regions: 539->583
[443.641s][info][gc,heap        ] GC(1072) Humongous regions: 9->9
[443.641s][info][gc,metaspace   ] GC(1072) Metaspace: 18956K(19136K)->18956K(19136K) NonClass: 16292K(16384K)->16292K(16384K) Class: 2664K(2752K)->2664K(2752K)
[443.641s][info][gc             ] GC(1072) Pause Young (Normal) (G1 Evacuation Pause) 856M->596M(978M) 52.332ms
[443.641s][info][gc,cpu         ] GC(1072) User=0.10s Sys=0.00s Real=0.06s
[443.679s][info][gc,marking     ] GC(1070) Concurrent Mark From Roots 1232.521ms
[443.679s][info][gc,marking     ] GC(1070) Concurrent Preclean
[443.679s][info][gc,marking     ] GC(1070) Concurrent Preclean 0.045ms
[443.679s][info][gc,start       ] GC(1070) Pause Remark
[443.687s][info][gc             ] GC(1070) Pause Remark 614M->613M(978M) 7.572ms
[443.687s][info][gc,cpu         ] GC(1070) User=0.02s Sys=0.00s Real=0.01s
[443.687s][info][gc,marking     ] GC(1070) Concurrent Mark 1241.136ms
[443.687s][info][gc,marking     ] GC(1070) Concurrent Rebuild Remembered Sets and Scrub Regions
[444.151s][info][gc,marking     ] GC(1070) Concurrent Rebuild Remembered Sets and Scrub Regions 463.179ms
[444.152s][info][gc,start       ] GC(1070) Pause Cleanup
[444.153s][info][gc             ] GC(1070) Pause Cleanup 775M->775M(978M) 0.128ms
[444.153s][info][gc,cpu         ] GC(1070) User=0.00s Sys=0.00s Real=0.00s
[444.153s][info][gc,marking     ] GC(1070) Concurrent Clear Claimed Marks
[444.153s][info][gc,marking     ] GC(1070) Concurrent Clear Claimed Marks 0.049ms
[444.153s][info][gc,marking     ] GC(1070) Concurrent Cleanup for Next Mark
[444.158s][info][gc,marking     ] GC(1070) Concurrent Cleanup for Next Mark 4.893ms
[444.158s][info][gc             ] GC(1070) Concurrent Mark Cycle 1781.770ms
[444.274s][info][gc,start       ] GC(1073) Pause Young (Prepare Mixed) (G1 Evacuation Pause)
[444.274s][info][gc,task        ] GC(1073) Using 2 workers of 2 for evacuation
[444.324s][info][gc,phases      ] GC(1073)   Pre Evacuate Collection Set: 0.55ms
[444.324s][info][gc,phases      ] GC(1073)   Merge Heap Roots: 0.53ms
[444.324s][info][gc,phases      ] GC(1073)   Evacuate Collection Set: 47.68ms
[444.324s][info][gc,phases      ] GC(1073)   Post Evacuate Collection Set: 0.54ms
[444.324s][info][gc,phases      ] GC(1073)   Other: 0.09ms
[444.324s][info][gc,heap        ] GC(1073) Eden regions: 276->0(257)
[444.324s][info][gc,heap        ] GC(1073) Survivor regions: 5->33(36)
[444.324s][info][gc,heap        ] GC(1073) Old regions: 583->583
[444.324s][info][gc,heap        ] GC(1073) Humongous regions: 8->8
[444.324s][info][gc,metaspace   ] GC(1073) Metaspace: 18956K(19136K)->18956K(19136K) NonClass: 16292K(16384K)->16292K(16384K) Class: 2664K(2752K)->2664K(2752K)
[444.324s][info][gc             ] GC(1073) Pause Young (Prepare Mixed) (G1 Evacuation Pause) 871M->623M(978M) 49.650ms
[444.324s][info][gc,cpu         ] GC(1073) User=0.10s Sys=0.00s Real=0.05s
[444.673s][info][gc,start       ] GC(1074) Pause Young (Mixed) (G1 Evacuation Pause)
[444.673s][info][gc,task        ] GC(1074) Using 2 workers of 2 for evacuation
[444.786s][info][gc,phases      ] GC(1074)   Pre Evacuate Collection Set: 0.35ms
[444.786s][info][gc,phases      ] GC(1074)   Merge Heap Roots: 0.32ms
[444.786s][info][gc,phases      ] GC(1074)   Evacuate Collection Set: 106.12ms
[444.786s][info][gc,phases      ] GC(1074)   Post Evacuate Collection Set: 5.83ms
[444.786s][info][gc,phases      ] GC(1074)   Other: 0.09ms
[444.786s][info][gc,heap        ] GC(1074) Eden regions: 257->0(153)
[444.786s][info][gc,heap        ] GC(1074) Survivor regions: 33->37(37)
[444.786s][info][gc,heap        ] GC(1074) Old regions: 583->693
[444.786s][info][gc,heap        ] GC(1074) Humongous regions: 8->8
[444.786s][info][gc,metaspace   ] GC(1074) Metaspace: 18956K(19136K)->18956K(19136K) NonClass: 16292K(16384K)->16292K(16384K) Class: 2664K(2752K)->2664K(2752K)
[444.786s][info][gc             ] GC(1074) Pause Young (Mixed) (G1 Evacuation Pause) (Evacuation Failure: Allocation) 880M->737M(978M) 113.007ms
[444.786s][info][gc,cpu         ] GC(1074) User=0.22s Sys=0.00s Real=0.11s
[444.998s][info][gc,start       ] GC(1075) Pause Young (Concurrent Start) (G1 Evacuation Pause)
[444.998s][info][gc,task        ] GC(1075) Using 2 workers of 2 for evacuation
[445.063s][info][gc,phases      ] GC(1075)   Pre Evacuate Collection Set: 0.42ms
[445.063s][info][gc,phases      ] GC(1075)   Merge Heap Roots: 0.46ms
[445.063s][info][gc,phases      ] GC(1075)   Evacuate Collection Set: 63.95ms
[445.063s][info][gc,phases      ] GC(1075)   Post Evacuate Collection Set: 0.59ms
[445.063s][info][gc,phases      ] GC(1075)   Other: 0.10ms
[445.063s][info][gc,heap        ] GC(1075) Eden regions: 153->0(199)
[445.063s][info][gc,heap        ] GC(1075) Survivor regions: 37->8(24)
[445.063s][info][gc,heap        ] GC(1075) Old regions: 693->676
[445.064s][info][gc,heap        ] GC(1075) Humongous regions: 8->8
[445.064s][info][gc,metaspace   ] GC(1075) Metaspace: 18956K(19136K)->18956K(19136K) NonClass: 16292K(16384K)->16292K(16384K) Class: 2664K(2752K)->2664K(2752K)
[445.064s][info][gc             ] GC(1075) Pause Young (Concurrent Start) (G1 Evacuation Pause) 890M->691M(978M) 65.821ms
[445.064s][info][gc,cpu         ] GC(1075) User=0.13s Sys=0.01s Real=0.07s
[445.064s][info][gc             ] GC(1076) Concurrent Mark Cycle
[445.067s][info][gc,marking     ] GC(1076) Concurrent Scan Root Regions
[445.135s][info][gc,marking     ] GC(1076) Concurrent Scan Root Regions 67.502ms
[445.135s][info][gc,marking     ] GC(1076) Concurrent Mark
[445.135s][info][gc,marking     ] GC(1076) Concurrent Mark From Roots
[445.135s][info][gc,task        ] GC(1076) Using 1 workers of 1 for marking
[445.442s][info][gc,start       ] GC(1077) Pause Young (Normal) (G1 Evacuation Pause)
[445.442s][info][gc,task        ] GC(1077) Using 2 workers of 2 for evacuation
[445.515s][info][gc,phases      ] GC(1077)   Pre Evacuate Collection Set: 0.56ms
[445.515s][info][gc,phases      ] GC(1077)   Merge Heap Roots: 0.36ms
[445.515s][info][gc,phases      ] GC(1077)   Evacuate Collection Set: 71.12ms
[445.515s][info][gc,phases      ] GC(1077)   Post Evacuate Collection Set: 0.56ms
[445.515s][info][gc,phases      ] GC(1077)   Other: 0.08ms
[445.515s][info][gc,heap        ] GC(1077) Eden regions: 199->0(157)
[445.515s][info][gc,heap        ] GC(1077) Survivor regions: 8->26(26)
[445.515s][info][gc,heap        ] GC(1077) Old regions: 676->704
[445.515s][info][gc,heap        ] GC(1077) Humongous regions: 11->11
[445.515s][info][gc,metaspace   ] GC(1077) Metaspace: 18956K(19136K)->18956K(19136K) NonClass: 16292K(16384K)->16292K(16384K) Class: 2664K(2752K)->2664K(2752K)
[445.515s][info][gc             ] GC(1077) Pause Young (Normal) (G1 Evacuation Pause) 893M->740M(978M) 72.967ms
[445.515s][info][gc,cpu         ] GC(1077) User=0.15s Sys=0.00s Real=0.07s
[445.738s][info][gc,start       ] GC(1078) Pause Young (Normal) (G1 Evacuation Pause)
[445.738s][info][gc,task        ] GC(1078) Using 2 workers of 2 for evacuation
[445.787s][info][gc,phases      ] GC(1078)   Pre Evacuate Collection Set: 0.53ms
[445.787s][info][gc,phases      ] GC(1078)   Merge Heap Roots: 0.41ms
[445.787s][info][gc,phases      ] GC(1078)   Evacuate Collection Set: 47.67ms
[445.787s][info][gc,phases      ] GC(1078)   Post Evacuate Collection Set: 0.40ms
[445.787s][info][gc,phases      ] GC(1078)   Other: 0.09ms
[445.787s][info][gc,heap        ] GC(1078) Eden regions: 157->0(162)
[445.787s][info][gc,heap        ] GC(1078) Survivor regions: 26->5(23)
[445.787s][info][gc,heap        ] GC(1078) Old regions: 704->731
[445.787s][info][gc,heap        ] GC(1078) Humongous regions: 11->11
[445.787s][info][gc,metaspace   ] GC(1078) Metaspace: 18956K(19136K)->18956K(19136K) NonClass: 16292K(16384K)->16292K(16384K) Class: 2664K(2752K)->2664K(2752K)
[445.787s][info][gc             ] GC(1078) Pause Young (Normal) (G1 Evacuation Pause) 897M->746M(978M) 49.344ms
[445.787s][info][gc,cpu         ] GC(1078) User=0.10s Sys=0.00s Real=0.05s
[446.085s][info][gc,start       ] GC(1079) Pause Young (Normal) (G1 Evacuation Pause)
[446.085s][info][gc,task        ] GC(1079) Using 2 workers of 2 for evacuation
[446.101s][info][gc,phases      ] GC(1079)   Pre Evacuate Collection Set: 0.51ms
[446.101s][info][gc,phases      ] GC(1079)   Merge Heap Roots: 0.22ms
[446.101s][info][gc,phases      ] GC(1079)   Evacuate Collection Set: 15.14ms
[446.101s][info][gc,phases      ] GC(1079)   Post Evacuate Collection Set: 0.41ms
[446.101s][info][gc,phases      ] GC(1079)   Other: 0.09ms
[446.101s][info][gc,heap        ] GC(1079) Eden regions: 162->0(167)
[446.101s][info][gc,heap        ] GC(1079) Survivor regions: 5->9(21)
[446.101s][info][gc,heap        ] GC(1079) Old regions: 731->731
[446.101s][info][gc,heap        ] GC(1079) Humongous regions: 11->11
[446.101s][info][gc,metaspace   ] GC(1079) Metaspace: 18956K(19136K)->18956K(19136K) NonClass: 16292K(16384K)->16292K(16384K) Class: 2664K(2752K)->2664K(2752K)
[446.101s][info][gc             ] GC(1079) Pause Young (Normal) (G1 Evacuation Pause) 908M->750M(978M) 16.595ms
[446.101s][info][gc,cpu         ] GC(1079) User=0.03s Sys=0.00s Real=0.02s
[446.440s][info][gc,marking     ] GC(1076) Concurrent Mark From Roots 1305.339ms
[446.440s][info][gc,marking     ] GC(1076) Concurrent Preclean
[446.440s][info][gc,marking     ] GC(1076) Concurrent Preclean 0.058ms
[446.441s][info][gc,start       ] GC(1076) Pause Remark
[446.448s][info][gc             ] GC(1076) Pause Remark 913M->743M(978M) 7.700ms
[446.448s][info][gc,cpu         ] GC(1076) User=0.02s Sys=0.00s Real=0.00s
[446.448s][info][gc,marking     ] GC(1076) Concurrent Mark 1313.402ms
[446.448s][info][gc,marking     ] GC(1076) Concurrent Rebuild Remembered Sets and Scrub Regions
[446.473s][info][gc,start       ] GC(1080) Pause Young (Normal) (G1 Evacuation Pause)
[446.474s][info][gc,task        ] GC(1080) Using 2 workers of 2 for evacuation
[446.496s][info][gc,phases      ] GC(1080)   Pre Evacuate Collection Set: 0.44ms
[446.496s][info][gc,phases      ] GC(1080)   Merge Heap Roots: 0.14ms
[446.496s][info][gc,phases      ] GC(1080)   Evacuate Collection Set: 20.99ms
[446.496s][info][gc,phases      ] GC(1080)   Post Evacuate Collection Set: 0.39ms
[446.496s][info][gc,phases      ] GC(1080)   Other: 0.08ms
[446.496s][info][gc,heap        ] GC(1080) Eden regions: 167->0(284)
[446.496s][info][gc,heap        ] GC(1080) Survivor regions: 9->18(22)
[446.496s][info][gc,heap        ] GC(1080) Old regions: 565->565
[446.496s][info][gc,heap        ] GC(1080) Humongous regions: 7->7
[446.496s][info][gc,metaspace   ] GC(1080) Metaspace: 18956K(19136K)->18956K(19136K) NonClass: 16292K(16384K)->16292K(16384K) Class: 2664K(2752K)->2664K(2752K)
[446.496s][info][gc             ] GC(1080) Pause Young (Normal) (G1 Evacuation Pause) 747M->589M(978M) 22.222ms
[446.496s][info][gc,cpu         ] GC(1080) User=0.04s Sys=0.00s Real=0.02s
[446.882s][info][gc,marking     ] GC(1076) Concurrent Rebuild Remembered Sets and Scrub Regions 433.291ms
[446.882s][info][gc,start       ] GC(1076) Pause Cleanup
[446.882s][info][gc             ] GC(1076) Pause Cleanup 735M->735M(978M) 0.114ms
[446.882s][info][gc,cpu         ] GC(1076) User=0.00s Sys=0.00s Real=0.00s
[446.884s][info][gc,marking     ] GC(1076) Concurrent Clear Claimed Marks
[446.884s][info][gc,marking     ] GC(1076) Concurrent Clear Claimed Marks 0.050ms
[446.884s][info][gc,marking     ] GC(1076) Concurrent Cleanup for Next Mark
[446.889s][info][gc,marking     ] GC(1076) Concurrent Cleanup for Next Mark 4.903ms
[446.889s][info][gc             ] GC(1076) Concurrent Mark Cycle 1825.733ms
[447.258s][info][gc,start       ] GC(1081) Pause Young (Prepare Mixed) (G1 Evacuation Pause)
[447.258s][info][gc,task        ] GC(1081) Using 2 workers of 2 for evacuation
[447.300s][info][gc,phases      ] GC(1081)   Pre Evacuate Collection Set: 0.56ms
[447.300s][info][gc,phases      ] GC(1081)   Merge Heap Roots: 0.35ms
[447.300s][info][gc,phases      ] GC(1081)   Evacuate Collection Set: 40.08ms
[447.300s][info][gc,phases      ] GC(1081)   Post Evacuate Collection Set: 0.55ms
[447.300s][info][gc,phases      ] GC(1081)   Other: 0.11ms
[447.300s][info][gc,heap        ] GC(1081) Eden regions: 284->0(279)
[447.300s][info][gc,heap        ] GC(1081) Survivor regions: 18->35(38)
[447.300s][info][gc,heap        ] GC(1081) Old regions: 565->565
[447.300s][info][gc,heap        ] GC(1081) Humongous regions: 7->7
[447.300s][info][gc,metaspace   ] GC(1081) Metaspace: 18956K(19136K)->18956K(19136K) NonClass: 16292K(16384K)->16292K(16384K) Class: 2664K(2752K)->2664K(2752K)
[447.300s][info][gc             ] GC(1081) Pause Young (Prepare Mixed) (G1 Evacuation Pause) 873M->605M(978M) 41.876ms
[447.300s][info][gc,cpu         ] GC(1081) User=0.08s Sys=0.00s Real=0.04s
[447.917s][info][gc,start       ] GC(1082) Pause Young (Mixed) (G1 Evacuation Pause)
[447.917s][info][gc,task        ] GC(1082) Using 2 workers of 2 for evacuation
[447.969s][info][gc,phases      ] GC(1082)   Pre Evacuate Collection Set: 0.57ms
[447.969s][info][gc,phases      ] GC(1082)   Merge Heap Roots: 0.61ms
[447.969s][info][gc,phases      ] GC(1082)   Evacuate Collection Set: 50.16ms
[447.969s][info][gc,phases      ] GC(1082)   Post Evacuate Collection Set: 0.54ms
[447.969s][info][gc,phases      ] GC(1082)   Other: 0.08ms
[447.969s][info][gc,heap        ] GC(1082) Eden regions: 279->0(324)
[447.969s][info][gc,heap        ] GC(1082) Survivor regions: 35->18(40)
[447.969s][info][gc,heap        ] GC(1082) Old regions: 565->539
[447.969s][info][gc,heap        ] GC(1082) Humongous regions: 7->7
[447.969s][info][gc,metaspace   ] GC(1082) Metaspace: 18956K(19136K)->18956K(19136K) NonClass: 16292K(16384K)->16292K(16384K) Class: 2664K(2752K)->2664K(2752K)
[447.969s][info][gc             ] GC(1082) Pause Young (Mixed) (G1 Evacuation Pause) 884M->563M(978M) 52.203ms
[447.969s][info][gc,cpu         ] GC(1082) User=0.10s Sys=0.00s Real=0.05s
[448.375s][info][gc,start       ] GC(1083) Pause Young (Concurrent Start) (G1 Evacuation Pause)
[448.375s][info][gc,task        ] GC(1083) Using 2 workers of 2 for evacuation
[448.461s][info][gc,phases      ] GC(1083)   Pre Evacuate Collection Set: 0.30ms
[448.461s][info][gc,phases      ] GC(1083)   Merge Heap Roots: 0.18ms
[448.461s][info][gc,phases      ] GC(1083)   Evacuate Collection Set: 83.72ms
[448.461s][info][gc,phases      ] GC(1083)   Post Evacuate Collection Set: 0.85ms
[448.461s][info][gc,phases      ] GC(1083)   Other: 0.10ms
[448.461s][info][gc,heap        ] GC(1083) Eden regions: 324->0(244)
[448.461s][info][gc,heap        ] GC(1083) Survivor regions: 18->43(43)
[448.461s][info][gc,heap        ] GC(1083) Old regions: 539->586
[448.461s][info][gc,heap        ] GC(1083) Humongous regions: 7->7
[448.461s][info][gc,metaspace   ] GC(1083) Metaspace: 18957K(19136K)->18957K(19136K) NonClass: 16293K(16384K)->16293K(16384K) Class: 2664K(2752K)->2664K(2752K)
[448.461s][info][gc             ] GC(1083) Pause Young (Concurrent Start) (G1 Evacuation Pause) 887M->635M(978M) 85.387ms
[448.461s][info][gc             ] GC(1084) Concurrent Mark Cycle
[448.461s][info][gc,marking     ] GC(1084) Concurrent Scan Root Regions
[448.461s][info][gc,cpu         ] GC(1083) User=0.17s Sys=0.00s Real=0.09s
[448.557s][info][gc,marking     ] GC(1084) Concurrent Scan Root Regions 96.711ms
[448.558s][info][gc,marking     ] GC(1084) Concurrent Mark
[448.558s][info][gc,marking     ] GC(1084) Concurrent Mark From Roots
[448.558s][info][gc,task        ] GC(1084) Using 1 workers of 1 for marking
[449.007s][info][gc,start       ] GC(1085) Pause Young (Normal) (G1 Evacuation Pause)
[449.008s][info][gc,task        ] GC(1085) Using 2 workers of 2 for evacuation
[449.112s][info][gc,phases      ] GC(1085)   Pre Evacuate Collection Set: 0.32ms
[449.112s][info][gc,phases      ] GC(1085)   Merge Heap Roots: 0.48ms
[449.112s][info][gc,phases      ] GC(1085)   Evacuate Collection Set: 103.03ms
[449.112s][info][gc,phases      ] GC(1085)   Post Evacuate Collection Set: 0.55ms
[449.112s][info][gc,phases      ] GC(1085)   Other: 0.08ms
[449.112s][info][gc,heap        ] GC(1085) Eden regions: 244->0(208)
[449.112s][info][gc,heap        ] GC(1085) Survivor regions: 43->36(36)
[449.112s][info][gc,heap        ] GC(1085) Old regions: 586->630
[449.112s][info][gc,heap        ] GC(1085) Humongous regions: 10->10
[449.112s][info][gc,metaspace   ] GC(1085) Metaspace: 18957K(19136K)->18957K(19136K) NonClass: 16293K(16384K)->16293K(16384K) Class: 2664K(2752K)->2664K(2752K)
[449.112s][info][gc             ] GC(1085) Pause Young (Normal) (G1 Evacuation Pause) 882M->675M(978M) 104.711ms
[449.112s][info][gc,cpu         ] GC(1085) User=0.21s Sys=0.00s Real=0.11s
[449.461s][info][gc,start       ] GC(1086) Pause Young (Normal) (G1 Evacuation Pause)
[449.461s][info][gc,task        ] GC(1086) Using 2 workers of 2 for evacuation
[449.532s][info][gc,phases      ] GC(1086)   Pre Evacuate Collection Set: 0.32ms
[449.532s][info][gc,phases      ] GC(1086)   Merge Heap Roots: 0.29ms
[449.532s][info][gc,phases      ] GC(1086)   Evacuate Collection Set: 69.76ms
[449.532s][info][gc,phases      ] GC(1086)   Post Evacuate Collection Set: 0.49ms
[449.532s][info][gc,phases      ] GC(1086)   Other: 0.09ms
[449.532s][info][gc,heap        ] GC(1086) Eden regions: 208->0(197)
[449.532s][info][gc,heap        ] GC(1086) Survivor regions: 36->20(31)
[449.532s][info][gc,heap        ] GC(1086) Old regions: 630->667
[449.532s][info][gc,heap        ] GC(1086) Humongous regions: 10->10
[449.532s][info][gc,metaspace   ] GC(1086) Metaspace: 18957K(19136K)->18957K(19136K) NonClass: 16293K(16384K)->16293K(16384K) Class: 2664K(2752K)->2664K(2752K)
[449.532s][info][gc             ] GC(1086) Pause Young (Normal) (G1 Evacuation Pause) 883M->696M(978M) 71.236ms
[449.532s][info][gc,cpu         ] GC(1086) User=0.14s Sys=0.00s Real=0.07s
[449.979s][info][gc,start       ] GC(1087) Pause Young (Normal) (G1 Evacuation Pause)
[449.979s][info][gc,task        ] GC(1087) Using 2 workers of 2 for evacuation
[450.018s][info][gc,phases      ] GC(1087)   Pre Evacuate Collection Set: 0.52ms
[450.018s][info][gc,phases      ] GC(1087)   Merge Heap Roots: 0.53ms
[450.018s][info][gc,phases      ] GC(1087)   Evacuate Collection Set: 37.52ms
[450.018s][info][gc,phases      ] GC(1087)   Post Evacuate Collection Set: 0.43ms
[450.018s][info][gc,phases      ] GC(1087)   Other: 0.10ms
[450.018s][info][gc,heap        ] GC(1087) Eden regions: 197->0(206)
[450.018s][info][gc,heap        ] GC(1087) Survivor regions: 20->3(28)
[450.018s][info][gc,heap        ] GC(1087) Old regions: 667->687
[450.018s][info][gc,heap        ] GC(1087) Humongous regions: 10->10
[450.018s][info][gc,metaspace   ] GC(1087) Metaspace: 18957K(19136K)->18957K(19136K) NonClass: 16293K(16384K)->16293K(16384K) Class: 2664K(2752K)->2664K(2752K)
[450.018s][info][gc             ] GC(1087) Pause Young (Normal) (G1 Evacuation Pause) 893M->698M(978M) 39.361ms
[450.018s][info][gc,cpu         ] GC(1087) User=0.08s Sys=0.00s Real=0.04s
[450.063s][info][gc,marking     ] GC(1084) Concurrent Mark From Roots 1505.920ms
[450.064s][info][gc,marking     ] GC(1084) Concurrent Preclean
[450.064s][info][gc,marking     ] GC(1084) Concurrent Preclean 0.049ms
[450.064s][info][gc,start       ] GC(1084) Pause Remark
[450.071s][info][gc             ] GC(1084) Pause Remark 712M->698M(978M) 7.526ms
[450.071s][info][gc,cpu         ] GC(1084) User=0.01s Sys=0.00s Real=0.01s
[450.071s][info][gc,marking     ] GC(1084) Concurrent Mark 1513.818ms
[450.071s][info][gc,marking     ] GC(1084) Concurrent Rebuild Remembered Sets and Scrub Regions
[450.501s][info][gc,start       ] GC(1088) Pause Young (Normal) (G1 Evacuation Pause)
[450.501s][info][gc,task        ] GC(1088) Using 2 workers of 2 for evacuation
[450.521s][info][gc,phases      ] GC(1088)   Pre Evacuate Collection Set: 0.30ms
[450.521s][info][gc,phases      ] GC(1088)   Merge Heap Roots: 0.20ms
[450.521s][info][gc,phases      ] GC(1088)   Evacuate Collection Set: 18.90ms
[450.521s][info][gc,phases      ] GC(1088)   Post Evacuate Collection Set: 0.39ms
[450.521s][info][gc,phases      ] GC(1088)   Other: 0.09ms
[450.521s][info][gc,heap        ] GC(1088) Eden regions: 206->0(209)
[450.521s][info][gc,heap        ] GC(1088) Survivor regions: 3->17(27)
[450.521s][info][gc,heap        ] GC(1088) Old regions: 674->674
[450.521s][info][gc,heap        ] GC(1088) Humongous regions: 9->9
[450.521s][info][gc,metaspace   ] GC(1088) Metaspace: 18957K(19136K)->18957K(19136K) NonClass: 16293K(16384K)->16293K(16384K) Class: 2664K(2752K)->2664K(2752K)
[450.521s][info][gc             ] GC(1088) Pause Young (Normal) (G1 Evacuation Pause) 890M->699M(978M) 20.054ms
[450.521s][info][gc,cpu         ] GC(1088) User=0.04s Sys=0.00s Real=0.02s
[450.642s][info][gc,marking     ] GC(1084) Concurrent Rebuild Remembered Sets and Scrub Regions 570.955ms
[450.643s][info][gc,start       ] GC(1084) Pause Cleanup
[450.643s][info][gc             ] GC(1084) Pause Cleanup 787M->787M(978M) 0.098ms
[450.643s][info][gc,cpu         ] GC(1084) User=0.00s Sys=0.00s Real=0.00s
[450.643s][info][gc,marking     ] GC(1084) Concurrent Clear Claimed Marks
[450.643s][info][gc,marking     ] GC(1084) Concurrent Clear Claimed Marks 0.030ms
[450.643s][info][gc,marking     ] GC(1084) Concurrent Cleanup for Next Mark
[450.646s][info][gc,marking     ] GC(1084) Concurrent Cleanup for Next Mark 2.827ms
[450.646s][info][gc             ] GC(1084) Concurrent Mark Cycle 2184.830ms
[450.772s][info][gc,start       ] GC(1089) Pause Young (Prepare Mixed) (G1 Evacuation Pause)
[450.772s][info][gc,task        ] GC(1089) Using 2 workers of 2 for evacuation
[450.828s][info][gc,phases      ] GC(1089)   Pre Evacuate Collection Set: 0.32ms
[450.828s][info][gc,phases      ] GC(1089)   Merge Heap Roots: 0.26ms
[450.828s][info][gc,phases      ] GC(1089)   Evacuate Collection Set: 55.26ms
[450.828s][info][gc,phases      ] GC(1089)   Post Evacuate Collection Set: 0.49ms
[450.828s][info][gc,phases      ] GC(1089)   Other: 0.10ms
[450.828s][info][gc,heap        ] GC(1089) Eden regions: 209->0(166)
[450.828s][info][gc,heap        ] GC(1089) Survivor regions: 17->29(29)
[450.828s][info][gc,heap        ] GC(1089) Old regions: 674->695
[450.828s][info][gc,heap        ] GC(1089) Humongous regions: 9->9
[450.828s][info][gc,metaspace   ] GC(1089) Metaspace: 18962K(19136K)->18962K(19136K) NonClass: 16298K(16384K)->16298K(16384K) Class: 2664K(2752K)->2664K(2752K)
[450.828s][info][gc             ] GC(1089) Pause Young (Prepare Mixed) (G1 Evacuation Pause) 908M->732M(978M) 56.686ms
[450.828s][info][gc,cpu         ] GC(1089) User=0.11s Sys=0.00s Real=0.05s
[451.059s][info][gc,start       ] GC(1090) Pause Young (Mixed) (G1 Evacuation Pause)
[451.059s][info][gc,task        ] GC(1090) Using 2 workers of 2 for evacuation
[451.121s][info][gc,phases      ] GC(1090)   Pre Evacuate Collection Set: 0.31ms
[451.121s][info][gc,phases      ] GC(1090)   Merge Heap Roots: 0.26ms
[451.121s][info][gc,phases      ] GC(1090)   Evacuate Collection Set: 60.57ms
[451.121s][info][gc,phases      ] GC(1090)   Post Evacuate Collection Set: 0.46ms
[451.121s][info][gc,phases      ] GC(1090)   Other: 0.12ms
[451.121s][info][gc,heap        ] GC(1090) Eden regions: 166->0(156)
[451.121s][info][gc,heap        ] GC(1090) Survivor regions: 29->25(25)
[451.121s][info][gc,heap        ] GC(1090) Old regions: 695->713
[451.121s][info][gc,heap        ] GC(1090) Humongous regions: 9->9
[451.121s][info][gc,metaspace   ] GC(1090) Metaspace: 18963K(19136K)->18963K(19136K) NonClass: 16299K(16384K)->16299K(16384K) Class: 2664K(2752K)->2664K(2752K)
[451.121s][info][gc             ] GC(1090) Pause Young (Mixed) (G1 Evacuation Pause) 898M->746M(978M) 61.964ms
[451.121s][info][gc,cpu         ] GC(1090) User=0.12s Sys=0.00s Real=0.07s
[451.282s][info][gc,start       ] GC(1091) Pause Young (Concurrent Start) (G1 Evacuation Pause)
[451.282s][info][gc,task        ] GC(1091) Using 2 workers of 2 for evacuation
[451.317s][info][gc,phases      ] GC(1091)   Pre Evacuate Collection Set: 0.37ms
[451.317s][info][gc,phases      ] GC(1091)   Merge Heap Roots: 0.09ms
[451.317s][info][gc,phases      ] GC(1091)   Evacuate Collection Set: 33.85ms
[451.317s][info][gc,phases      ] GC(1091)   Post Evacuate Collection Set: 0.50ms
[451.317s][info][gc,phases      ] GC(1091)   Other: 0.12ms
[451.317s][info][gc,heap        ] GC(1091) Eden regions: 156->0(156)
[451.317s][info][gc,heap        ] GC(1091) Survivor regions: 25->15(23)
[451.317s][info][gc,heap        ] GC(1091) Old regions: 713->733
[451.317s][info][gc,heap        ] GC(1091) Humongous regions: 9->9
[451.317s][info][gc,metaspace   ] GC(1091) Metaspace: 18963K(19136K)->18963K(19136K) NonClass: 16299K(16384K)->16299K(16384K) Class: 2664K(2752K)->2664K(2752K)
[451.317s][info][gc             ] GC(1091) Pause Young (Concurrent Start) (G1 Evacuation Pause) 902M->756M(978M) 35.171ms
[451.317s][info][gc,cpu         ] GC(1091) User=0.06s Sys=0.00s Real=0.03s
[451.318s][info][gc             ] GC(1092) Concurrent Mark Cycle
[451.318s][info][gc,marking     ] GC(1092) Concurrent Scan Root Regions
[451.360s][info][gc,marking     ] GC(1092) Concurrent Scan Root Regions 42.041ms
[451.360s][info][gc,marking     ] GC(1092) Concurrent Mark
[451.360s][info][gc,marking     ] GC(1092) Concurrent Mark From Roots
[451.360s][info][gc,task        ] GC(1092) Using 1 workers of 1 for marking
[451.841s][info][gc,start       ] GC(1093) Pause Young (Normal) (G1 Evacuation Pause)
[451.842s][info][gc,task        ] GC(1093) Using 2 workers of 2 for evacuation
[451.862s][info][gc,phases      ] GC(1093)   Pre Evacuate Collection Set: 0.52ms
[451.862s][info][gc,phases      ] GC(1093)   Merge Heap Roots: 0.11ms
[451.862s][info][gc,phases      ] GC(1093)   Evacuate Collection Set: 19.74ms
[451.862s][info][gc,phases      ] GC(1093)   Post Evacuate Collection Set: 0.41ms
[451.862s][info][gc,phases      ] GC(1093)   Other: 0.09ms
[451.862s][info][gc,heap        ] GC(1093) Eden regions: 156->0(162)
[451.862s][info][gc,heap        ] GC(1093) Survivor regions: 15->4(22)
[451.862s][info][gc,heap        ] GC(1093) Old regions: 733->748
[451.862s][info][gc,heap        ] GC(1093) Humongous regions: 9->9
[451.862s][info][gc,metaspace   ] GC(1093) Metaspace: 18963K(19136K)->18963K(19136K) NonClass: 16299K(16384K)->16299K(16384K) Class: 2664K(2752K)->2664K(2752K)
[451.863s][info][gc             ] GC(1093) Pause Young (Normal) (G1 Evacuation Pause) 912M->760M(978M) 21.090ms
[451.863s][info][gc,cpu         ] GC(1093) User=0.04s Sys=0.00s Real=0.02s
[452.282s][info][gc,start       ] GC(1094) Pause Young (Normal) (G1 Evacuation Pause)
[452.282s][info][gc,task        ] GC(1094) Using 2 workers of 2 for evacuation
[452.300s][info][gc,phases      ] GC(1094)   Pre Evacuate Collection Set: 0.53ms
[452.300s][info][gc,phases      ] GC(1094)   Merge Heap Roots: 0.11ms
[452.300s][info][gc,phases      ] GC(1094)   Evacuate Collection Set: 16.98ms
[452.300s][info][gc,phases      ] GC(1094)   Post Evacuate Collection Set: 0.40ms
[452.300s][info][gc,phases      ] GC(1094)   Other: 0.07ms
[452.300s][info][gc,heap        ] GC(1094) Eden regions: 162->0(137)
[452.300s][info][gc,heap        ] GC(1094) Survivor regions: 4->17(21)
[452.300s][info][gc,heap        ] GC(1094) Old regions: 748->748
[452.300s][info][gc,heap        ] GC(1094) Humongous regions: 9->9
[452.300s][info][gc,metaspace   ] GC(1094) Metaspace: 18964K(19136K)->18964K(19136K) NonClass: 16300K(16384K)->16300K(16384K) Class: 2664K(2752K)->2664K(2752K)
[452.300s][info][gc             ] GC(1094) Pause Young (Normal) (G1 Evacuation Pause) 922M->773M(978M) 18.337ms
[452.300s][info][gc,cpu         ] GC(1094) User=0.03s Sys=0.00s Real=0.02s
[452.442s][info][gc,marking     ] GC(1092) Concurrent Mark From Roots 1081.336ms
[452.442s][info][gc,marking     ] GC(1092) Concurrent Preclean
[452.442s][info][gc,marking     ] GC(1092) Concurrent Preclean 0.050ms
[452.442s][info][gc,start       ] GC(1092) Pause Remark
[452.450s][info][gc             ] GC(1092) Pause Remark 844M->588M(978M) 7.834ms
[452.450s][info][gc,cpu         ] GC(1092) User=0.02s Sys=0.00s Real=0.00s
[452.451s][info][gc,marking     ] GC(1092) Concurrent Mark 1090.375ms
[452.451s][info][gc,marking     ] GC(1092) Concurrent Rebuild Remembered Sets and Scrub Regions
[452.544s][info][gc,start       ] GC(1095) Pause Young (Normal) (G1 Evacuation Pause)
[452.544s][info][gc,task        ] GC(1095) Using 2 workers of 2 for evacuation
[452.575s][info][gc,phases      ] GC(1095)   Pre Evacuate Collection Set: 0.32ms
[452.575s][info][gc,phases      ] GC(1095)   Merge Heap Roots: 0.12ms
[452.575s][info][gc,phases      ] GC(1095)   Evacuate Collection Set: 29.93ms
[452.575s][info][gc,phases      ] GC(1095)   Post Evacuate Collection Set: 0.39ms
[452.575s][info][gc,phases      ] GC(1095)   Other: 0.10ms
[452.575s][info][gc,heap        ] GC(1095) Eden regions: 137->0(333)
[452.575s][info][gc,heap        ] GC(1095) Survivor regions: 17->18(20)
[452.575s][info][gc,heap        ] GC(1095) Old regions: 497->514
[452.575s][info][gc,heap        ] GC(1095) Humongous regions: 4->4
[452.575s][info][gc,metaspace   ] GC(1095) Metaspace: 18964K(19136K)->18964K(19136K) NonClass: 16300K(16384K)->16300K(16384K) Class: 2664K(2752K)->2664K(2752K)
[452.575s][info][gc             ] GC(1095) Pause Young (Normal) (G1 Evacuation Pause) 654M->535M(978M) 31.084ms
[452.575s][info][gc,cpu         ] GC(1095) User=0.06s Sys=0.00s Real=0.03s
[452.896s][info][gc,marking     ] GC(1092) Concurrent Rebuild Remembered Sets and Scrub Regions 445.400ms
[452.896s][info][gc,start       ] GC(1092) Pause Cleanup
[452.897s][info][gc             ] GC(1092) Pause Cleanup 746M->746M(978M) 0.121ms
[452.897s][info][gc,cpu         ] GC(1092) User=0.00s Sys=0.00s Real=0.00s
[452.897s][info][gc,marking     ] GC(1092) Concurrent Clear Claimed Marks
[452.897s][info][gc,marking     ] GC(1092) Concurrent Clear Claimed Marks 0.052ms
[452.897s][info][gc,marking     ] GC(1092) Concurrent Cleanup for Next Mark
[452.902s][info][gc,marking     ] GC(1092) Concurrent Cleanup for Next Mark 4.903ms
[452.902s][info][gc             ] GC(1092) Concurrent Mark Cycle 1584.028ms
[453.080s][info][gc,start       ] GC(1096) Pause Young (Prepare Mixed) (G1 Evacuation Pause)
[453.080s][info][gc,task        ] GC(1096) Using 2 workers of 2 for evacuation
[453.186s][info][gc,phases      ] GC(1096)   Pre Evacuate Collection Set: 0.30ms
[453.186s][info][gc,phases      ] GC(1096)   Merge Heap Roots: 0.14ms
[453.186s][info][gc,phases      ] GC(1096)   Evacuate Collection Set: 104.71ms
[453.186s][info][gc,phases      ] GC(1096)   Post Evacuate Collection Set: 0.91ms
[453.186s][info][gc,phases      ] GC(1096)   Other: 0.14ms
[453.186s][info][gc,heap        ] GC(1096) Eden regions: 333->0(260)
[453.186s][info][gc,heap        ] GC(1096) Survivor regions: 18->44(44)
[453.186s][info][gc,heap        ] GC(1096) Old regions: 514->560
[453.186s][info][gc,heap        ] GC(1096) Humongous regions: 7->7
[453.186s][info][gc,metaspace   ] GC(1096) Metaspace: 18964K(19136K)->18964K(19136K) NonClass: 16300K(16384K)->16300K(16384K) Class: 2664K(2752K)->2664K(2752K)
[453.186s][info][gc             ] GC(1096) Pause Young (Prepare Mixed) (G1 Evacuation Pause) 871M->610M(978M) 106.486ms
[453.186s][info][gc,cpu         ] GC(1096) User=0.21s Sys=0.00s Real=0.11s
[453.499s][info][gc,start       ] GC(1097) Pause Young (Mixed) (G1 Evacuation Pause)
[453.499s][info][gc,task        ] GC(1097) Using 2 workers of 2 for evacuation
[453.604s][info][gc,phases      ] GC(1097)   Pre Evacuate Collection Set: 0.54ms
[453.604s][info][gc,phases      ] GC(1097)   Merge Heap Roots: 0.49ms
[453.604s][info][gc,phases      ] GC(1097)   Evacuate Collection Set: 102.85ms
[453.604s][info][gc,phases      ] GC(1097)   Post Evacuate Collection Set: 0.62ms
[453.604s][info][gc,phases      ] GC(1097)   Other: 0.08ms
[453.604s][info][gc,heap        ] GC(1097) Eden regions: 260->0(272)
[453.604s][info][gc,heap        ] GC(1097) Survivor regions: 44->38(38)
[453.604s][info][gc,heap        ] GC(1097) Old regions: 560->536
[453.604s][info][gc,heap        ] GC(1097) Humongous regions: 7->7
[453.604s][info][gc,metaspace   ] GC(1097) Metaspace: 18964K(19136K)->18964K(19136K) NonClass: 16300K(16384K)->16300K(16384K) Class: 2664K(2752K)->2664K(2752K)
[453.604s][info][gc             ] GC(1097) Pause Young (Mixed) (G1 Evacuation Pause) 870M->580M(978M) 104.828ms
[453.604s][info][gc,cpu         ] GC(1097) User=0.21s Sys=0.00s Real=0.11s
[453.892s][info][gc,start       ] GC(1098) Pause Young (Concurrent Start) (G1 Evacuation Pause)
[453.893s][info][gc,task        ] GC(1098) Using 2 workers of 2 for evacuation
[453.935s][info][gc,phases      ] GC(1098)   Pre Evacuate Collection Set: 0.29ms
[453.935s][info][gc,phases      ] GC(1098)   Merge Heap Roots: 0.18ms
[453.935s][info][gc,phases      ] GC(1098)   Evacuate Collection Set: 41.51ms
[453.935s][info][gc,phases      ] GC(1098)   Post Evacuate Collection Set: 0.55ms
[453.935s][info][gc,phases      ] GC(1098)   Other: 0.11ms
[453.935s][info][gc,heap        ] GC(1098) Eden regions: 272->0(284)
[453.935s][info][gc,heap        ] GC(1098) Survivor regions: 38->5(39)
[453.935s][info][gc,heap        ] GC(1098) Old regions: 536->575
[453.935s][info][gc,heap        ] GC(1098) Humongous regions: 7->7
[453.935s][info][gc,metaspace   ] GC(1098) Metaspace: 18964K(19136K)->18964K(19136K) NonClass: 16300K(16384K)->16300K(16384K) Class: 2664K(2752K)->2664K(2752K)
[453.935s][info][gc             ] GC(1098) Pause Young (Concurrent Start) (G1 Evacuation Pause) 852M->586M(978M) 42.876ms
[453.935s][info][gc,cpu         ] GC(1098) User=0.09s Sys=0.00s Real=0.04s
[453.935s][info][gc             ] GC(1099) Concurrent Mark Cycle
[453.935s][info][gc,marking     ] GC(1099) Concurrent Scan Root Regions
[454.017s][info][gc,marking     ] GC(1099) Concurrent Scan Root Regions 81.885ms
[454.017s][info][gc,marking     ] GC(1099) Concurrent Mark
[454.017s][info][gc,marking     ] GC(1099) Concurrent Mark From Roots
[454.017s][info][gc,task        ] GC(1099) Using 1 workers of 1 for marking
[454.808s][info][gc,start       ] GC(1100) Pause Young (Normal) (G1 Evacuation Pause)
[454.808s][info][gc,task        ] GC(1100) Using 2 workers of 2 for evacuation
[454.856s][info][gc,phases      ] GC(1100)   Pre Evacuate Collection Set: 0.31ms
[454.856s][info][gc,phases      ] GC(1100)   Merge Heap Roots: 0.51ms
[454.856s][info][gc,phases      ] GC(1100)   Evacuate Collection Set: 47.20ms
[454.856s][info][gc,phases      ] GC(1100)   Post Evacuate Collection Set: 0.51ms
[454.856s][info][gc,phases      ] GC(1100)   Other: 0.10ms
[454.856s][info][gc,heap        ] GC(1100) Eden regions: 284->0(267)
[454.856s][info][gc,heap        ] GC(1100) Survivor regions: 5->31(37)
[454.856s][info][gc,heap        ] GC(1100) Old regions: 575->575
[454.856s][info][gc,heap        ] GC(1100) Humongous regions: 7->7
[454.856s][info][gc,metaspace   ] GC(1100) Metaspace: 18964K(19136K)->18964K(19136K) NonClass: 16300K(16384K)->16300K(16384K) Class: 2664K(2752K)->2664K(2752K)
[454.856s][info][gc             ] GC(1100) Pause Young (Normal) (G1 Evacuation Pause) 870M->612M(978M) 48.888ms
[454.856s][info][gc,cpu         ] GC(1100) User=0.10s Sys=0.00s Real=0.05s
[455.250s][info][gc,marking     ] GC(1099) Concurrent Mark From Roots 1232.715ms
[455.250s][info][gc,marking     ] GC(1099) Concurrent Preclean
[455.250s][info][gc,marking     ] GC(1099) Concurrent Preclean 0.051ms
[455.250s][info][gc,start       ] GC(1099) Pause Remark
[455.258s][info][gc             ] GC(1099) Pause Remark 693M->659M(978M) 7.701ms
[455.258s][info][gc,cpu         ] GC(1099) User=0.01s Sys=0.00s Real=0.00s
[455.258s][info][gc,marking     ] GC(1099) Concurrent Mark 1240.792ms
[455.258s][info][gc,marking     ] GC(1099) Concurrent Rebuild Remembered Sets and Scrub Regions
[455.505s][info][gc,start       ] GC(1101) Pause Young (Normal) (G1 Evacuation Pause)
[455.505s][info][gc,task        ] GC(1101) Using 2 workers of 2 for evacuation
[455.575s][info][gc,phases      ] GC(1101)   Pre Evacuate Collection Set: 0.51ms
[455.575s][info][gc,phases      ] GC(1101)   Merge Heap Roots: 0.43ms
[455.575s][info][gc,phases      ] GC(1101)   Evacuate Collection Set: 68.11ms
[455.575s][info][gc,phases      ] GC(1101)   Post Evacuate Collection Set: 0.52ms
[455.575s][info][gc,phases      ] GC(1101)   Other: 0.10ms
[455.575s][info][gc,heap        ] GC(1101) Eden regions: 267->0(253)
[455.575s][info][gc,heap        ] GC(1101) Survivor regions: 31->38(38)
[455.575s][info][gc,heap        ] GC(1101) Old regions: 542->576
[455.575s][info][gc,heap        ] GC(1101) Humongous regions: 6->6
[455.575s][info][gc,metaspace   ] GC(1101) Metaspace: 18968K(19136K)->18968K(19136K) NonClass: 16304K(16384K)->16304K(16384K) Class: 2664K(2752K)->2664K(2752K)
[455.575s][info][gc             ] GC(1101) Pause Young (Normal) (G1 Evacuation Pause) 845M->619M(978M) 69.913ms
[455.575s][info][gc,cpu         ] GC(1101) User=0.14s Sys=0.01s Real=0.07s
[455.820s][info][gc,marking     ] GC(1099) Concurrent Rebuild Remembered Sets and Scrub Regions 561.599ms
[455.822s][info][gc,start       ] GC(1099) Pause Cleanup
[455.822s][info][gc             ] GC(1099) Pause Cleanup 714M->714M(978M) 0.129ms
[455.822s][info][gc,cpu         ] GC(1099) User=0.00s Sys=0.00s Real=0.00s
[455.822s][info][gc,marking     ] GC(1099) Concurrent Clear Claimed Marks
[455.822s][info][gc,marking     ] GC(1099) Concurrent Clear Claimed Marks 0.056ms
[455.822s][info][gc,marking     ] GC(1099) Concurrent Cleanup for Next Mark
[455.829s][info][gc,marking     ] GC(1099) Concurrent Cleanup for Next Mark 7.130ms
[455.829s][info][gc             ] GC(1099) Concurrent Mark Cycle 1893.923ms
[456.047s][info][gc,start       ] GC(1102) Pause Young (Prepare Mixed) (G1 Evacuation Pause)
[456.047s][info][gc,task        ] GC(1102) Using 2 workers of 2 for evacuation
[456.110s][info][gc,phases      ] GC(1102)   Pre Evacuate Collection Set: 0.52ms
[456.110s][info][gc,phases      ] GC(1102)   Merge Heap Roots: 0.19ms
[456.110s][info][gc,phases      ] GC(1102)   Evacuate Collection Set: 61.49ms
[456.110s][info][gc,phases      ] GC(1102)   Post Evacuate Collection Set: 0.56ms
[456.110s][info][gc,phases      ] GC(1102)   Other: 0.08ms
[456.110s][info][gc,heap        ] GC(1102) Eden regions: 253->0(237)
[456.110s][info][gc,heap        ] GC(1102) Survivor regions: 38->22(37)
[456.110s][info][gc,heap        ] GC(1102) Old regions: 576->614
[456.110s][info][gc,heap        ] GC(1102) Humongous regions: 7->7
[456.110s][info][gc,metaspace   ] GC(1102) Metaspace: 18968K(19136K)->18968K(19136K) NonClass: 16304K(16384K)->16304K(16384K) Class: 2664K(2752K)->2664K(2752K)
[456.110s][info][gc             ] GC(1102) Pause Young (Prepare Mixed) (G1 Evacuation Pause) 873M->642M(978M) 63.099ms
[456.110s][info][gc,cpu         ] GC(1102) User=0.12s Sys=0.00s Real=0.06s
[456.354s][info][gc,start       ] GC(1103) Pause Young (Mixed) (G1 Evacuation Pause)
[456.354s][info][gc,task        ] GC(1103) Using 2 workers of 2 for evacuation
[456.397s][info][gc,phases      ] GC(1103)   Pre Evacuate Collection Set: 0.53ms
[456.398s][info][gc,phases      ] GC(1103)   Merge Heap Roots: 0.26ms
[456.398s][info][gc,phases      ] GC(1103)   Evacuate Collection Set: 41.64ms
[456.398s][info][gc,phases      ] GC(1103)   Post Evacuate Collection Set: 0.51ms
[456.398s][info][gc,phases      ] GC(1103)   Other: 0.10ms
[456.398s][info][gc,heap        ] GC(1103) Eden regions: 237->0(260)
[456.398s][info][gc,heap        ] GC(1103) Survivor regions: 22->12(33)
[456.398s][info][gc,heap        ] GC(1103) Old regions: 614->608
[456.398s][info][gc,heap        ] GC(1103) Humongous regions: 7->7
[456.398s][info][gc,metaspace   ] GC(1103) Metaspace: 18968K(19136K)->18968K(19136K) NonClass: 16304K(16384K)->16304K(16384K) Class: 2664K(2752K)->2664K(2752K)
[456.398s][info][gc             ] GC(1103) Pause Young (Mixed) (G1 Evacuation Pause) 879M->626M(978M) 43.329ms
[456.398s][info][gc,cpu         ] GC(1103) User=0.08s Sys=0.00s Real=0.04s
[456.889s][info][gc,start       ] GC(1104) Pause Young (Concurrent Start) (G1 Evacuation Pause)
[456.889s][info][gc,task        ] GC(1104) Using 2 workers of 2 for evacuation
[456.919s][info][gc,phases      ] GC(1104)   Pre Evacuate Collection Set: 0.36ms
[456.919s][info][gc,phases      ] GC(1104)   Merge Heap Roots: 0.19ms
[456.919s][info][gc,phases      ] GC(1104)   Evacuate Collection Set: 28.61ms
[456.919s][info][gc,phases      ] GC(1104)   Post Evacuate Collection Set: 0.51ms
[456.919s][info][gc,phases      ] GC(1104)   Other: 0.21ms
[456.919s][info][gc,heap        ] GC(1104) Eden regions: 260->0(256)
[456.919s][info][gc,heap        ] GC(1104) Survivor regions: 12->26(34)
[456.919s][info][gc,heap        ] GC(1104) Old regions: 608->608
[456.919s][info][gc,heap        ] GC(1104) Humongous regions: 7->7
[456.919s][info][gc,metaspace   ] GC(1104) Metaspace: 18968K(19136K)->18968K(19136K) NonClass: 16304K(16384K)->16304K(16384K) Class: 2664K(2752K)->2664K(2752K)
[456.919s][info][gc             ] GC(1104) Pause Young (Concurrent Start) (G1 Evacuation Pause) 886M->640M(978M) 30.156ms
[456.919s][info][gc             ] GC(1105) Concurrent Mark Cycle
[456.919s][info][gc,marking     ] GC(1105) Concurrent Scan Root Regions
[456.919s][info][gc,cpu         ] GC(1104) User=0.06s Sys=0.00s Real=0.03s
[456.965s][info][gc,marking     ] GC(1105) Concurrent Scan Root Regions 45.249ms
[456.965s][info][gc,marking     ] GC(1105) Concurrent Mark
[456.965s][info][gc,marking     ] GC(1105) Concurrent Mark From Roots
[456.965s][info][gc,task        ] GC(1105) Using 1 workers of 1 for marking
[457.710s][info][gc,marking     ] GC(1105) Concurrent Mark From Roots 744.984ms
[457.710s][info][gc,marking     ] GC(1105) Concurrent Preclean
[457.710s][info][gc,marking     ] GC(1105) Concurrent Preclean 0.076ms
[457.710s][info][gc,start       ] GC(1105) Pause Remark
[457.863s][info][gc             ] GC(1105) Pause Remark 889M->738M(978M) 152.196ms
[457.863s][info][gc,cpu         ] GC(1105) User=0.30s Sys=0.00s Real=0.15s
[457.863s][info][gc,marking     ] GC(1105) Concurrent Mark 898.787ms
[457.863s][info][gc,marking     ] GC(1105) Concurrent Rebuild Remembered Sets and Scrub Regions
[457.890s][info][gc,start       ] GC(1106) Pause Young (Normal) (G1 Evacuation Pause)
[457.890s][info][gc,task        ] GC(1106) Using 2 workers of 2 for evacuation
[457.925s][info][gc,phases      ] GC(1106)   Pre Evacuate Collection Set: 0.24ms
[457.925s][info][gc,phases      ] GC(1106)   Merge Heap Roots: 0.33ms
[457.925s][info][gc,phases      ] GC(1106)   Evacuate Collection Set: 34.21ms
[457.925s][info][gc,phases      ] GC(1106)   Post Evacuate Collection Set: 0.43ms
[457.925s][info][gc,phases      ] GC(1106)   Other: 0.08ms
[457.925s][info][gc,heap        ] GC(1106) Eden regions: 256->0(395)
[457.925s][info][gc,heap        ] GC(1106) Survivor regions: 26->15(36)
[457.925s][info][gc,heap        ] GC(1106) Old regions: 459->471
[457.925s][info][gc,heap        ] GC(1106) Humongous regions: 5->5
[457.925s][info][gc,metaspace   ] GC(1106) Metaspace: 18968K(19136K)->18968K(19136K) NonClass: 16304K(16384K)->16304K(16384K) Class: 2664K(2752K)->2664K(2752K)
[457.925s][info][gc             ] GC(1106) Pause Young (Normal) (G1 Evacuation Pause) 745M->490M(978M) 35.458ms
[457.925s][info][gc,cpu         ] GC(1106) User=0.07s Sys=0.00s Real=0.04s
[458.225s][info][gc,marking     ] GC(1105) Concurrent Rebuild Remembered Sets and Scrub Regions 361.223ms
[458.225s][info][gc,start       ] GC(1105) Pause Cleanup
[458.225s][info][gc             ] GC(1105) Pause Cleanup 695M->695M(978M) 0.106ms
[458.225s][info][gc,cpu         ] GC(1105) User=0.00s Sys=0.00s Real=0.00s
[458.227s][info][gc,marking     ] GC(1105) Concurrent Clear Claimed Marks
[458.227s][info][gc,marking     ] GC(1105) Concurrent Clear Claimed Marks 0.050ms
[458.227s][info][gc,marking     ] GC(1105) Concurrent Cleanup for Next Mark
[458.230s][info][gc,marking     ] GC(1105) Concurrent Cleanup for Next Mark 2.846ms
[458.230s][info][gc             ] GC(1105) Concurrent Mark Cycle 1311.095ms
[458.530s][info][gc,start       ] GC(1107) Pause Young (Prepare Mixed) (G1 Evacuation Pause)
[458.530s][info][gc,task        ] GC(1107) Using 2 workers of 2 for evacuation
[458.631s][info][gc,phases      ] GC(1107)   Pre Evacuate Collection Set: 0.30ms
[458.631s][info][gc,phases      ] GC(1107)   Merge Heap Roots: 0.52ms
[458.632s][info][gc,phases      ] GC(1107)   Evacuate Collection Set: 99.36ms
[458.632s][info][gc,phases      ] GC(1107)   Post Evacuate Collection Set: 0.75ms
[458.632s][info][gc,phases      ] GC(1107)   Other: 0.11ms
[458.632s][info][gc,heap        ] GC(1107) Eden regions: 395->0(312)
[458.632s][info][gc,heap        ] GC(1107) Survivor regions: 15->52(52)
[458.632s][info][gc,heap        ] GC(1107) Old regions: 471->507
[458.632s][info][gc,heap        ] GC(1107) Humongous regions: 5->5
[458.632s][info][gc,metaspace   ] GC(1107) Metaspace: 18969K(19136K)->18969K(19136K) NonClass: 16305K(16384K)->16305K(16384K) Class: 2664K(2752K)->2664K(2752K)
[458.632s][info][gc             ] GC(1107) Pause Young (Prepare Mixed) (G1 Evacuation Pause) 885M->563M(978M) 101.303ms
[458.632s][info][gc,cpu         ] GC(1107) User=0.20s Sys=0.01s Real=0.11s
[459.011s][info][gc,start       ] GC(1108) Pause Young (Mixed) (G1 Evacuation Pause)
[459.011s][info][gc,task        ] GC(1108) Using 2 workers of 2 for evacuation
[459.124s][info][gc,phases      ] GC(1108)   Pre Evacuate Collection Set: 0.33ms
[459.124s][info][gc,phases      ] GC(1108)   Merge Heap Roots: 0.37ms
[459.124s][info][gc,phases      ] GC(1108)   Evacuate Collection Set: 109.30ms
[459.124s][info][gc,phases      ] GC(1108)   Post Evacuate Collection Set: 2.53ms
[459.124s][info][gc,phases      ] GC(1108)   Other: 0.12ms
[459.124s][info][gc,heap        ] GC(1108) Eden regions: 312->0(252)
[459.124s][info][gc,heap        ] GC(1108) Survivor regions: 52->46(46)
[459.124s][info][gc,heap        ] GC(1108) Old regions: 507->576
[459.124s][info][gc,heap        ] GC(1108) Humongous regions: 8->8
[459.124s][info][gc,metaspace   ] GC(1108) Metaspace: 18970K(19136K)->18970K(19136K) NonClass: 16306K(16384K)->16306K(16384K) Class: 2664K(2752K)->2664K(2752K)
[459.124s][info][gc             ] GC(1108) Pause Young (Mixed) (G1 Evacuation Pause) (Evacuation Failure: Allocation) 878M->629M(978M) 112.906ms
[459.124s][info][gc,cpu         ] GC(1108) User=0.22s Sys=0.00s Real=0.11s
[459.381s][info][gc,start       ] GC(1109) Pause Young (Concurrent Start) (G1 Evacuation Pause)
[459.381s][info][gc,task        ] GC(1109) Using 2 workers of 2 for evacuation
[459.455s][info][gc,phases      ] GC(1109)   Pre Evacuate Collection Set: 0.33ms
[459.455s][info][gc,phases      ] GC(1109)   Merge Heap Roots: 0.21ms
[459.455s][info][gc,phases      ] GC(1109)   Evacuate Collection Set: 72.68ms
[459.455s][info][gc,phases      ] GC(1109)   Post Evacuate Collection Set: 0.59ms
[459.455s][info][gc,phases      ] GC(1109)   Other: 0.10ms
[459.455s][info][gc,heap        ] GC(1109) Eden regions: 252->0(249)
[459.455s][info][gc,heap        ] GC(1109) Survivor regions: 46->29(38)
[459.455s][info][gc,heap        ] GC(1109) Old regions: 576->601
[459.455s][info][gc,heap        ] GC(1109) Humongous regions: 8->8
[459.455s][info][gc,metaspace   ] GC(1109) Metaspace: 18970K(19136K)->18970K(19136K) NonClass: 16306K(16384K)->16306K(16384K) Class: 2664K(2752K)->2664K(2752K)
[459.455s][info][gc             ] GC(1109) Pause Young (Concurrent Start) (G1 Evacuation Pause) 881M->637M(978M) 74.170ms
[459.455s][info][gc,cpu         ] GC(1109) User=0.14s Sys=0.00s Real=0.07s
[459.455s][info][gc             ] GC(1110) Concurrent Mark Cycle
[459.455s][info][gc,marking     ] GC(1110) Concurrent Scan Root Regions
[459.566s][info][gc,marking     ] GC(1110) Concurrent Scan Root Regions 110.387ms
[459.566s][info][gc,marking     ] GC(1110) Concurrent Mark
[459.566s][info][gc,marking     ] GC(1110) Concurrent Mark From Roots
[459.566s][info][gc,task        ] GC(1110) Using 1 workers of 1 for marking
[460.157s][info][gc,start       ] GC(1111) Pause Young (Normal) (G1 Evacuation Pause)
[460.157s][info][gc,task        ] GC(1111) Using 2 workers of 2 for evacuation
[460.210s][info][gc,phases      ] GC(1111)   Pre Evacuate Collection Set: 0.32ms
[460.210s][info][gc,phases      ] GC(1111)   Merge Heap Roots: 0.25ms
[460.210s][info][gc,phases      ] GC(1111)   Evacuate Collection Set: 50.96ms
[460.210s][info][gc,phases      ] GC(1111)   Post Evacuate Collection Set: 0.55ms
[460.210s][info][gc,phases      ] GC(1111)   Other: 0.09ms
[460.210s][info][gc,heap        ] GC(1111) Eden regions: 249->0(241)
[460.210s][info][gc,heap        ] GC(1111) Survivor regions: 29->16(35)
[460.210s][info][gc,heap        ] GC(1111) Old regions: 601->630
[460.210s][info][gc,heap        ] GC(1111) Humongous regions: 11->11
[460.210s][info][gc,metaspace   ] GC(1111) Metaspace: 18970K(19136K)->18970K(19136K) NonClass: 16306K(16384K)->16306K(16384K) Class: 2664K(2752K)->2664K(2752K)
[460.210s][info][gc             ] GC(1111) Pause Young (Normal) (G1 Evacuation Pause) 889M->655M(978M) 52.452ms
[460.210s][info][gc,cpu         ] GC(1111) User=0.10s Sys=0.01s Real=0.05s
[460.682s][info][gc,marking     ] GC(1110) Concurrent Mark From Roots 1116.625ms
[460.682s][info][gc,marking     ] GC(1110) Concurrent Preclean
[460.682s][info][gc,marking     ] GC(1110) Concurrent Preclean 0.051ms
[460.684s][info][gc,start       ] GC(1110) Pause Remark
[460.692s][info][gc             ] GC(1110) Pause Remark 805M->659M(978M) 7.667ms
[460.692s][info][gc,cpu         ] GC(1110) User=0.01s Sys=0.00s Real=0.01s
[460.692s][info][gc,marking     ] GC(1110) Concurrent Mark 1126.410ms
[460.692s][info][gc,marking     ] GC(1110) Concurrent Rebuild Remembered Sets and Scrub Regions
[460.868s][info][gc,start       ] GC(1112) Pause Young (Normal) (G1 Evacuation Pause)
[460.868s][info][gc,task        ] GC(1112) Using 2 workers of 2 for evacuation
[460.896s][info][gc,phases      ] GC(1112)   Pre Evacuate Collection Set: 0.31ms
[460.896s][info][gc,phases      ] GC(1112)   Merge Heap Roots: 0.24ms
[460.896s][info][gc,phases      ] GC(1112)   Evacuate Collection Set: 25.96ms
[460.896s][info][gc,phases      ] GC(1112)   Post Evacuate Collection Set: 0.56ms
[460.896s][info][gc,phases      ] GC(1112)   Other: 0.15ms
[460.896s][info][gc,heap        ] GC(1112) Eden regions: 241->0(348)
[460.896s][info][gc,heap        ] GC(1112) Survivor regions: 16->16(33)
[460.896s][info][gc,heap        ] GC(1112) Old regions: 487->487
[460.896s][info][gc,heap        ] GC(1112) Humongous regions: 8->8
[460.896s][info][gc,metaspace   ] GC(1112) Metaspace: 18970K(19136K)->18970K(19136K) NonClass: 16306K(16384K)->16306K(16384K) Class: 2664K(2752K)->2664K(2752K)
[460.896s][info][gc             ] GC(1112) Pause Young (Normal) (G1 Evacuation Pause) 750M->510M(978M) 27.475ms
[460.896s][info][gc,cpu         ] GC(1112) User=0.06s Sys=0.00s Real=0.03s
[461.197s][info][gc,marking     ] GC(1110) Concurrent Rebuild Remembered Sets and Scrub Regions 504.941ms
[461.197s][info][gc,start       ] GC(1110) Pause Cleanup
[461.197s][info][gc             ] GC(1110) Pause Cleanup 655M->655M(978M) 0.127ms
[461.197s][info][gc,cpu         ] GC(1110) User=0.00s Sys=0.00s Real=0.00s
[461.197s][info][gc,marking     ] GC(1110) Concurrent Clear Claimed Marks
[461.197s][info][gc,marking     ] GC(1110) Concurrent Clear Claimed Marks 0.037ms
[461.197s][info][gc,marking     ] GC(1110) Concurrent Cleanup for Next Mark
[461.200s][info][gc,marking     ] GC(1110) Concurrent Cleanup for Next Mark 2.886ms
[461.200s][info][gc             ] GC(1110) Concurrent Mark Cycle 1745.226ms
[461.502s][info][gc,start       ] GC(1113) Pause Young (Prepare Mixed) (G1 Evacuation Pause)
[461.502s][info][gc,task        ] GC(1113) Using 2 workers of 2 for evacuation
[461.529s][info][gc,phases      ] GC(1113)   Pre Evacuate Collection Set: 0.33ms
[461.529s][info][gc,phases      ] GC(1113)   Merge Heap Roots: 0.36ms
[461.529s][info][gc,phases      ] GC(1113)   Evacuate Collection Set: 25.52ms
[461.529s][info][gc,phases      ] GC(1113)   Post Evacuate Collection Set: 0.64ms
[461.529s][info][gc,phases      ] GC(1113)   Other: 0.11ms
[461.529s][info][gc,heap        ] GC(1113) Eden regions: 348->0(366)
[461.529s][info][gc,heap        ] GC(1113) Survivor regions: 16->16(46)
[461.529s][info][gc,heap        ] GC(1113) Old regions: 487->487
[461.529s][info][gc,heap        ] GC(1113) Humongous regions: 8->8
[461.529s][info][gc,metaspace   ] GC(1113) Metaspace: 18970K(19136K)->18970K(19136K) NonClass: 16306K(16384K)->16306K(16384K) Class: 2664K(2752K)->2664K(2752K)
[461.529s][info][gc             ] GC(1113) Pause Young (Prepare Mixed) (G1 Evacuation Pause) 858M->509M(978M) 27.192ms
[461.529s][info][gc,cpu         ] GC(1113) User=0.05s Sys=0.00s Real=0.02s
[461.928s][info][gc,start       ] GC(1114) Pause Young (Mixed) (G1 Evacuation Pause)
[461.928s][info][gc,task        ] GC(1114) Using 2 workers of 2 for evacuation
[461.993s][info][gc,phases      ] GC(1114)   Pre Evacuate Collection Set: 0.29ms
[461.993s][info][gc,phases      ] GC(1114)   Merge Heap Roots: 0.36ms
[461.993s][info][gc,phases      ] GC(1114)   Evacuate Collection Set: 64.02ms
[461.993s][info][gc,phases      ] GC(1114)   Post Evacuate Collection Set: 0.64ms
[461.993s][info][gc,phases      ] GC(1114)   Other: 0.10ms
[461.993s][info][gc,heap        ] GC(1114) Eden regions: 366->0(347)
[461.993s][info][gc,heap        ] GC(1114) Survivor regions: 16->48(48)
[461.993s][info][gc,heap        ] GC(1114) Old regions: 487->472
[461.993s][info][gc,heap        ] GC(1114) Humongous regions: 8->8
[461.993s][info][gc,metaspace   ] GC(1114) Metaspace: 18970K(19136K)->18970K(19136K) NonClass: 16306K(16384K)->16306K(16384K) Class: 2664K(2752K)->2664K(2752K)
[461.993s][info][gc             ] GC(1114) Pause Young (Mixed) (G1 Evacuation Pause) 875M->527M(978M) 65.645ms
[461.994s][info][gc,cpu         ] GC(1114) User=0.13s Sys=0.00s Real=0.07s
[462.305s][info][gc,start       ] GC(1115) Pause Young (Concurrent Start) (G1 Evacuation Pause)
[462.305s][info][gc,task        ] GC(1115) Using 2 workers of 2 for evacuation
[462.367s][info][gc,phases      ] GC(1115)   Pre Evacuate Collection Set: 0.32ms
[462.367s][info][gc,phases      ] GC(1115)   Merge Heap Roots: 0.29ms
[462.367s][info][gc,phases      ] GC(1115)   Evacuate Collection Set: 60.03ms
[462.367s][info][gc,phases      ] GC(1115)   Post Evacuate Collection Set: 0.59ms
[462.367s][info][gc,phases      ] GC(1115)   Other: 0.12ms
[462.367s][info][gc,heap        ] GC(1115) Eden regions: 347->0(357)
[462.367s][info][gc,heap        ] GC(1115) Survivor regions: 48->6(50)
[462.367s][info][gc,heap        ] GC(1115) Old regions: 472->520
[462.367s][info][gc,heap        ] GC(1115) Humongous regions: 8->8
[462.367s][info][gc,metaspace   ] GC(1115) Metaspace: 18970K(19136K)->18970K(19136K) NonClass: 16306K(16384K)->16306K(16384K) Class: 2664K(2752K)->2664K(2752K)
[462.367s][info][gc             ] GC(1115) Pause Young (Concurrent Start) (G1 Evacuation Pause) 874M->532M(978M) 61.650ms
[462.367s][info][gc,cpu         ] GC(1115) User=0.12s Sys=0.00s Real=0.06s
[462.367s][info][gc             ] GC(1116) Concurrent Mark Cycle
[462.367s][info][gc,marking     ] GC(1116) Concurrent Scan Root Regions
[462.494s][info][gc,marking     ] GC(1116) Concurrent Scan Root Regions 127.549ms
[462.494s][info][gc,marking     ] GC(1116) Concurrent Mark
[462.494s][info][gc,marking     ] GC(1116) Concurrent Mark From Roots
[462.494s][info][gc,task        ] GC(1116) Using 1 workers of 1 for marking
[463.004s][info][gc,start       ] GC(1117) Pause Young (Normal) (G1 Evacuation Pause)
[463.005s][info][gc,task        ] GC(1117) Using 2 workers of 2 for evacuation
[463.074s][info][gc,phases      ] GC(1117)   Pre Evacuate Collection Set: 0.32ms
[463.074s][info][gc,phases      ] GC(1117)   Merge Heap Roots: 0.33ms
[463.074s][info][gc,phases      ] GC(1117)   Evacuate Collection Set: 67.67ms
[463.074s][info][gc,phases      ] GC(1117)   Post Evacuate Collection Set: 0.58ms
[463.074s][info][gc,phases      ] GC(1117)   Other: 0.09ms
[463.074s][info][gc,heap        ] GC(1117) Eden regions: 357->0(290)
[463.074s][info][gc,heap        ] GC(1117) Survivor regions: 6->46(46)
[463.074s][info][gc,heap        ] GC(1117) Old regions: 520->533
[463.074s][info][gc,heap        ] GC(1117) Humongous regions: 8->8
[463.074s][info][gc,metaspace   ] GC(1117) Metaspace: 18970K(19136K)->18970K(19136K) NonClass: 16306K(16384K)->16306K(16384K) Class: 2664K(2752K)->2664K(2752K)
[463.074s][info][gc             ] GC(1117) Pause Young (Normal) (G1 Evacuation Pause) 889M->586M(978M) 69.240ms
[463.074s][info][gc,cpu         ] GC(1117) User=0.14s Sys=0.00s Real=0.07s
[463.577s][info][gc,start       ] GC(1118) Pause Young (Normal) (G1 Evacuation Pause)
[463.577s][info][gc,task        ] GC(1118) Using 2 workers of 2 for evacuation
[463.635s][info][gc,phases      ] GC(1118)   Pre Evacuate Collection Set: 0.34ms
[463.635s][info][gc,phases      ] GC(1118)   Merge Heap Roots: 0.26ms
[463.635s][info][gc,phases      ] GC(1118)   Evacuate Collection Set: 56.28ms
[463.635s][info][gc,phases      ] GC(1118)   Post Evacuate Collection Set: 0.56ms
[463.635s][info][gc,phases      ] GC(1118)   Other: 0.10ms
[463.635s][info][gc,heap        ] GC(1118) Eden regions: 290->0(295)
[463.635s][info][gc,heap        ] GC(1118) Survivor regions: 46->9(42)
[463.635s][info][gc,heap        ] GC(1118) Old regions: 533->579
[463.635s][info][gc,heap        ] GC(1118) Humongous regions: 8->8
[463.635s][info][gc,metaspace   ] GC(1118) Metaspace: 18970K(19136K)->18970K(19136K) NonClass: 16306K(16384K)->16306K(16384K) Class: 2664K(2752K)->2664K(2752K)
[463.635s][info][gc             ] GC(1118) Pause Young (Normal) (G1 Evacuation Pause) 876M->595M(978M) 57.813ms
[463.635s][info][gc,cpu         ] GC(1118) User=0.12s Sys=0.00s Real=0.06s
[463.920s][info][gc,marking     ] GC(1116) Concurrent Mark From Roots 1425.785ms
[463.920s][info][gc,marking     ] GC(1116) Concurrent Preclean
[463.920s][info][gc,marking     ] GC(1116) Concurrent Preclean 0.050ms
[463.920s][info][gc,start       ] GC(1116) Pause Remark
[463.929s][info][gc             ] GC(1116) Pause Remark 755M->754M(978M) 8.237ms
[463.929s][info][gc,cpu         ] GC(1116) User=0.02s Sys=0.00s Real=0.00s
[463.929s][info][gc,marking     ] GC(1116) Concurrent Mark 1434.457ms
[463.929s][info][gc,marking     ] GC(1116) Concurrent Rebuild Remembered Sets and Scrub Regions
[464.238s][info][gc,start       ] GC(1119) Pause Young (Normal) (G1 Evacuation Pause)
[464.239s][info][gc,task        ] GC(1119) Using 2 workers of 2 for evacuation
[464.279s][info][gc,phases      ] GC(1119)   Pre Evacuate Collection Set: 0.49ms
[464.279s][info][gc,phases      ] GC(1119)   Merge Heap Roots: 0.57ms
[464.279s][info][gc,phases      ] GC(1119)   Evacuate Collection Set: 38.84ms
[464.279s][info][gc,phases      ] GC(1119)   Post Evacuate Collection Set: 0.55ms
[464.279s][info][gc,phases      ] GC(1119)   Other: 0.13ms
[464.279s][info][gc,heap        ] GC(1119) Eden regions: 295->0(277)
[464.279s][info][gc,heap        ] GC(1119) Survivor regions: 9->32(38)
[464.279s][info][gc,heap        ] GC(1119) Old regions: 579->579
[464.279s][info][gc,heap        ] GC(1119) Humongous regions: 7->7
[464.279s][info][gc,metaspace   ] GC(1119) Metaspace: 18970K(19136K)->18970K(19136K) NonClass: 16306K(16384K)->16306K(16384K) Class: 2664K(2752K)->2664K(2752K)
[464.279s][info][gc             ] GC(1119) Pause Young (Normal) (G1 Evacuation Pause) 889M->617M(978M) 40.841ms
[464.279s][info][gc,cpu         ] GC(1119) User=0.08s Sys=0.00s Real=0.04s
[464.511s][info][gc,marking     ] GC(1116) Concurrent Rebuild Remembered Sets and Scrub Regions 582.223ms
[464.511s][info][gc,start       ] GC(1116) Pause Cleanup
[464.511s][info][gc             ] GC(1116) Pause Cleanup 677M->677M(978M) 0.122ms
[464.511s][info][gc,cpu         ] GC(1116) User=0.00s Sys=0.00s Real=0.00s
[464.511s][info][gc,marking     ] GC(1116) Concurrent Clear Claimed Marks
[464.512s][info][gc,marking     ] GC(1116) Concurrent Clear Claimed Marks 0.030ms
[464.512s][info][gc,marking     ] GC(1116) Concurrent Cleanup for Next Mark
[464.517s][info][gc,marking     ] GC(1116) Concurrent Cleanup for Next Mark 5.815ms
[464.517s][info][gc             ] GC(1116) Concurrent Mark Cycle 2150.656ms
[465.052s][info][gc,start       ] GC(1120) Pause Young (Prepare Mixed) (G1 Evacuation Pause)
[465.052s][info][gc,task        ] GC(1120) Using 2 workers of 2 for evacuation
[465.085s][info][gc,phases      ] GC(1120)   Pre Evacuate Collection Set: 0.56ms
[465.085s][info][gc,phases      ] GC(1120)   Merge Heap Roots: 0.23ms
[465.085s][info][gc,phases      ] GC(1120)   Evacuate Collection Set: 31.77ms
[465.085s][info][gc,phases      ] GC(1120)   Post Evacuate Collection Set: 0.52ms
[465.085s][info][gc,phases      ] GC(1120)   Other: 0.11ms
[465.085s][info][gc,heap        ] GC(1120) Eden regions: 277->0(290)
[465.085s][info][gc,heap        ] GC(1120) Survivor regions: 32->1(39)
[465.085s][info][gc,heap        ] GC(1120) Old regions: 579->611
[465.085s][info][gc,heap        ] GC(1120) Humongous regions: 7->7
[465.085s][info][gc,metaspace   ] GC(1120) Metaspace: 18970K(19136K)->18970K(19136K) NonClass: 16306K(16384K)->16306K(16384K) Class: 2664K(2752K)->2664K(2752K)
[465.085s][info][gc             ] GC(1120) Pause Young (Prepare Mixed) (G1 Evacuation Pause) 894M->618M(978M) 33.439ms
[465.085s][info][gc,cpu         ] GC(1120) User=0.07s Sys=0.00s Real=0.03s
[465.695s][info][gc,start       ] GC(1121) Pause Young (Mixed) (G1 Evacuation Pause)
[465.695s][info][gc,task        ] GC(1121) Using 2 workers of 2 for evacuation
[465.698s][info][gc,phases      ] GC(1121)   Pre Evacuate Collection Set: 0.31ms
[465.698s][info][gc,phases      ] GC(1121)   Merge Heap Roots: 0.15ms
[465.698s][info][gc,phases      ] GC(1121)   Evacuate Collection Set: 1.98ms
[465.698s][info][gc,phases      ] GC(1121)   Post Evacuate Collection Set: 0.47ms
[465.698s][info][gc,phases      ] GC(1121)   Other: 0.11ms
[465.698s][info][gc,heap        ] GC(1121) Eden regions: 290->0(310)
[465.698s][info][gc,heap        ] GC(1121) Survivor regions: 1->1(37)
[465.698s][info][gc,heap        ] GC(1121) Old regions: 611->602
[465.698s][info][gc,heap        ] GC(1121) Humongous regions: 7->7
[465.698s][info][gc,metaspace   ] GC(1121) Metaspace: 18970K(19136K)->18970K(19136K) NonClass: 16306K(16384K)->16306K(16384K) Class: 2664K(2752K)->2664K(2752K)
[465.698s][info][gc             ] GC(1121) Pause Young (Mixed) (G1 Evacuation Pause) 908M->609M(978M) 3.294ms
[465.698s][info][gc,cpu         ] GC(1121) User=0.00s Sys=0.00s Real=0.00s
[466.269s][info][gc,start       ] GC(1122) Pause Young (Concurrent Start) (G1 Evacuation Pause)
[466.269s][info][gc,task        ] GC(1122) Using 2 workers of 2 for evacuation
[466.298s][info][gc,phases      ] GC(1122)   Pre Evacuate Collection Set: 0.31ms
[466.298s][info][gc,phases      ] GC(1122)   Merge Heap Roots: 0.15ms
[466.298s][info][gc,phases      ] GC(1122)   Evacuate Collection Set: 28.28ms
[466.298s][info][gc,phases      ] GC(1122)   Post Evacuate Collection Set: 0.56ms
[466.298s][info][gc,phases      ] GC(1122)   Other: 0.14ms
[466.298s][info][gc,heap        ] GC(1122) Eden regions: 310->0(253)
[466.298s][info][gc,heap        ] GC(1122) Survivor regions: 1->33(39)
[466.298s][info][gc,heap        ] GC(1122) Old regions: 602->602
[466.298s][info][gc,heap        ] GC(1122) Humongous regions: 7->7
[466.298s][info][gc,metaspace   ] GC(1122) Metaspace: 18971K(19136K)->18971K(19136K) NonClass: 16306K(16384K)->16306K(16384K) Class: 2664K(2752K)->2664K(2752K)
[466.298s][info][gc             ] GC(1122) Pause Young (Concurrent Start) (G1 Evacuation Pause) 919M->641M(978M) 29.686ms
[466.298s][info][gc             ] GC(1123) Concurrent Mark Cycle
[466.299s][info][gc,marking     ] GC(1123) Concurrent Scan Root Regions
[466.299s][info][gc,cpu         ] GC(1122) User=0.05s Sys=0.00s Real=0.03s
[466.327s][info][gc,marking     ] GC(1123) Concurrent Scan Root Regions 28.946ms
[466.327s][info][gc,marking     ] GC(1123) Concurrent Mark
[466.327s][info][gc,marking     ] GC(1123) Concurrent Mark From Roots
[466.328s][info][gc,task        ] GC(1123) Using 1 workers of 1 for marking
[466.790s][info][gc,start       ] GC(1124) Pause Young (Normal) (G1 Evacuation Pause)
[466.790s][info][gc,task        ] GC(1124) Using 2 workers of 2 for evacuation
[466.852s][info][gc,phases      ] GC(1124)   Pre Evacuate Collection Set: 0.32ms
[466.852s][info][gc,phases      ] GC(1124)   Merge Heap Roots: 0.14ms
[466.852s][info][gc,phases      ] GC(1124)   Evacuate Collection Set: 60.99ms
[466.852s][info][gc,phases      ] GC(1124)   Post Evacuate Collection Set: 0.52ms
[466.853s][info][gc,phases      ] GC(1124)   Other: 0.08ms
[466.853s][info][gc,heap        ] GC(1124) Eden regions: 253->0(210)
[466.853s][info][gc,heap        ] GC(1124) Survivor regions: 33->36(36)
[466.853s][info][gc,heap        ] GC(1124) Old regions: 602->639
[466.853s][info][gc,heap        ] GC(1124) Humongous regions: 7->7
[466.853s][info][gc,metaspace   ] GC(1124) Metaspace: 18971K(19136K)->18971K(19136K) NonClass: 16306K(16384K)->16306K(16384K) Class: 2664K(2752K)->2664K(2752K)
[466.853s][info][gc             ] GC(1124) Pause Young (Normal) (G1 Evacuation Pause) 894M->681M(978M) 62.266ms
[466.853s][info][gc,cpu         ] GC(1124) User=0.12s Sys=0.00s Real=0.07s
[467.455s][info][gc,start       ] GC(1125) Pause Young (Normal) (G1 Evacuation Pause)
[467.455s][info][gc,task        ] GC(1125) Using 2 workers of 2 for evacuation
[467.524s][info][gc,phases      ] GC(1125)   Pre Evacuate Collection Set: 0.31ms
[467.525s][info][gc,phases      ] GC(1125)   Merge Heap Roots: 0.29ms
[467.525s][info][gc,phases      ] GC(1125)   Evacuate Collection Set: 68.55ms
[467.525s][info][gc,phases      ] GC(1125)   Post Evacuate Collection Set: 0.56ms
[467.525s][info][gc,phases      ] GC(1125)   Other: 0.07ms
[467.525s][info][gc,heap        ] GC(1125) Eden regions: 210->0(188)
[467.525s][info][gc,heap        ] GC(1125) Survivor regions: 36->27(31)
[467.525s][info][gc,heap        ] GC(1125) Old regions: 639->676
[467.525s][info][gc,heap        ] GC(1125) Humongous regions: 10->10
[467.525s][info][gc,metaspace   ] GC(1125) Metaspace: 18971K(19136K)->18971K(19136K) NonClass: 16306K(16384K)->16306K(16384K) Class: 2664K(2752K)->2664K(2752K)
[467.525s][info][gc             ] GC(1125) Pause Young (Normal) (G1 Evacuation Pause) 894M->711M(978M) 70.037ms
[467.525s][info][gc,cpu         ] GC(1125) User=0.13s Sys=0.00s Real=0.07s
[467.780s][info][gc,start       ] GC(1126) Pause Young (Normal) (G1 Evacuation Pause)
[467.780s][info][gc,task        ] GC(1126) Using 2 workers of 2 for evacuation
[467.869s][info][gc,phases      ] GC(1126)   Pre Evacuate Collection Set: 0.28ms
[467.870s][info][gc,phases      ] GC(1126)   Merge Heap Roots: 0.27ms
[467.870s][info][gc,phases      ] GC(1126)   Evacuate Collection Set: 85.90ms
[467.870s][info][gc,phases      ] GC(1126)   Post Evacuate Collection Set: 3.00ms
[467.870s][info][gc,phases      ] GC(1126)   Other: 0.09ms
[467.870s][info][gc,heap        ] GC(1126) Eden regions: 188->0(98)
[467.870s][info][gc,heap        ] GC(1126) Survivor regions: 27->27(27)
[467.870s][info][gc,heap        ] GC(1126) Old regions: 676->766
[467.870s][info][gc,heap        ] GC(1126) Humongous regions: 10->10
[467.870s][info][gc,metaspace   ] GC(1126) Metaspace: 18971K(19136K)->18971K(19136K) NonClass: 16306K(16384K)->16306K(16384K) Class: 2664K(2752K)->2664K(2752K)
[467.870s][info][gc             ] GC(1126) Pause Young (Normal) (G1 Evacuation Pause) (Evacuation Failure: Allocation) 899M->802M(978M) 89.825ms
[467.870s][info][gc,cpu         ] GC(1126) User=0.18s Sys=0.00s Real=0.09s
[468.082s][info][gc,marking     ] GC(1123) Concurrent Mark From Roots 1754.083ms
[468.082s][info][gc,marking     ] GC(1123) Concurrent Preclean
[468.082s][info][gc,marking     ] GC(1123) Concurrent Preclean 0.045ms
[468.082s][info][gc,start       ] GC(1123) Pause Remark
[468.090s][info][gc             ] GC(1123) Pause Remark 877M->812M(978M) 7.666ms
[468.090s][info][gc,cpu         ] GC(1123) User=0.02s Sys=0.00s Real=0.00s
[468.090s][info][gc,marking     ] GC(1123) Concurrent Mark 1762.683ms
[468.090s][info][gc,marking     ] GC(1123) Concurrent Rebuild Remembered Sets and Scrub Regions
[468.146s][info][gc,start       ] GC(1127) Pause Young (Normal) (G1 Evacuation Pause)
[468.147s][info][gc,task        ] GC(1127) Using 2 workers of 2 for evacuation
[468.194s][info][gc,phases      ] GC(1127)   Pre Evacuate Collection Set: 0.30ms
[468.194s][info][gc,phases      ] GC(1127)   Merge Heap Roots: 0.39ms
[468.194s][info][gc,phases      ] GC(1127)   Evacuate Collection Set: 45.90ms
[468.194s][info][gc,phases      ] GC(1127)   Post Evacuate Collection Set: 0.50ms
[468.194s][info][gc,phases      ] GC(1127)   Other: 0.10ms
[468.194s][info][gc,heap        ] GC(1127) Eden regions: 98->0(176)
[468.194s][info][gc,heap        ] GC(1127) Survivor regions: 27->8(16)
[468.194s][info][gc,heap        ] GC(1127) Old regions: 702->698
[468.194s][info][gc,heap        ] GC(1127) Humongous regions: 9->9
[468.194s][info][gc,metaspace   ] GC(1127) Metaspace: 18971K(19136K)->18971K(19136K) NonClass: 16307K(16384K)->16307K(16384K) Class: 2664K(2752K)->2664K(2752K)
[468.194s][info][gc             ] GC(1127) Pause Young (Normal) (G1 Evacuation Pause) 835M->714M(978M) 47.445ms
[468.194s][info][gc,cpu         ] GC(1127) User=0.09s Sys=0.00s Real=0.05s
[468.499s][info][gc,start       ] GC(1128) Pause Young (Normal) (G1 Evacuation Pause)
[468.499s][info][gc,task        ] GC(1128) Using 2 workers of 2 for evacuation
[468.508s][info][gc,phases      ] GC(1128)   Pre Evacuate Collection Set: 0.30ms
[468.508s][info][gc,phases      ] GC(1128)   Merge Heap Roots: 0.13ms
[468.508s][info][gc,phases      ] GC(1128)   Evacuate Collection Set: 7.39ms
[468.508s][info][gc,phases      ] GC(1128)   Post Evacuate Collection Set: 0.40ms
[468.508s][info][gc,phases      ] GC(1128)   Other: 0.07ms
[468.508s][info][gc,heap        ] GC(1128) Eden regions: 176->0(188)
[468.508s][info][gc,heap        ] GC(1128) Survivor regions: 8->8(23)
[468.508s][info][gc,heap        ] GC(1128) Old regions: 698->698
[468.508s][info][gc,heap        ] GC(1128) Humongous regions: 9->9
[468.508s][info][gc,metaspace   ] GC(1128) Metaspace: 18971K(19136K)->18971K(19136K) NonClass: 16307K(16384K)->16307K(16384K) Class: 2664K(2752K)->2664K(2752K)
[468.508s][info][gc             ] GC(1128) Pause Young (Normal) (G1 Evacuation Pause) 890M->714M(978M) 8.529ms
[468.508s][info][gc,cpu         ] GC(1128) User=0.01s Sys=0.00s Real=0.01s
[468.674s][info][gc,marking     ] GC(1123) Concurrent Rebuild Remembered Sets and Scrub Regions 583.730ms
[468.675s][info][gc,start       ] GC(1123) Pause Cleanup
[468.675s][info][gc             ] GC(1123) Pause Cleanup 807M->807M(978M) 0.111ms
[468.675s][info][gc,cpu         ] GC(1123) User=0.00s Sys=0.00s Real=0.00s
[468.675s][info][gc,marking     ] GC(1123) Concurrent Clear Claimed Marks
[468.676s][info][gc,marking     ] GC(1123) Concurrent Clear Claimed Marks 0.028ms
[468.676s][info][gc,marking     ] GC(1123) Concurrent Cleanup for Next Mark
[468.680s][info][gc,marking     ] GC(1123) Concurrent Cleanup for Next Mark 4.868ms
[468.680s][info][gc             ] GC(1123) Concurrent Mark Cycle 2381.936ms
[468.779s][info][gc,start       ] GC(1129) Pause Young (Prepare Mixed) (G1 Evacuation Pause)
[468.779s][info][gc,task        ] GC(1129) Using 2 workers of 2 for evacuation
[468.788s][info][gc,phases      ] GC(1129)   Pre Evacuate Collection Set: 0.32ms
[468.788s][info][gc,phases      ] GC(1129)   Merge Heap Roots: 0.14ms
[468.788s][info][gc,phases      ] GC(1129)   Evacuate Collection Set: 7.89ms
[468.788s][info][gc,phases      ] GC(1129)   Post Evacuate Collection Set: 0.42ms
[468.788s][info][gc,phases      ] GC(1129)   Other: 0.12ms
[468.788s][info][gc,heap        ] GC(1129) Eden regions: 188->0(201)
[468.788s][info][gc,heap        ] GC(1129) Survivor regions: 8->8(25)
[468.788s][info][gc,heap        ] GC(1129) Old regions: 698->698
[468.788s][info][gc,heap        ] GC(1129) Humongous regions: 9->9
[468.788s][info][gc,metaspace   ] GC(1129) Metaspace: 18971K(19136K)->18971K(19136K) NonClass: 16307K(16384K)->16307K(16384K) Class: 2664K(2752K)->2664K(2752K)
[468.788s][info][gc             ] GC(1129) Pause Young (Prepare Mixed) (G1 Evacuation Pause) 902M->714M(978M) 9.123ms
[468.788s][info][gc,cpu         ] GC(1129) User=0.02s Sys=0.00s Real=0.01s
[469.009s][info][gc,start       ] GC(1130) Pause Young (Mixed) (G1 Evacuation Pause)
[469.009s][info][gc,task        ] GC(1130) Using 2 workers of 2 for evacuation
[469.019s][info][gc,phases      ] GC(1130)   Pre Evacuate Collection Set: 0.33ms
[469.019s][info][gc,phases      ] GC(1130)   Merge Heap Roots: 0.16ms
[469.019s][info][gc,phases      ] GC(1130)   Evacuate Collection Set: 8.69ms
[469.019s][info][gc,phases      ] GC(1130)   Post Evacuate Collection Set: 0.46ms
[469.019s][info][gc,phases      ] GC(1130)   Other: 0.09ms
[469.019s][info][gc,heap        ] GC(1130) Eden regions: 201->0(218)
[469.019s][info][gc,heap        ] GC(1130) Survivor regions: 8->9(27)
[469.019s][info][gc,heap        ] GC(1130) Old regions: 698->683
[469.019s][info][gc,heap        ] GC(1130) Humongous regions: 9->9
[469.019s][info][gc,metaspace   ] GC(1130) Metaspace: 18971K(19136K)->18971K(19136K) NonClass: 16307K(16384K)->16307K(16384K) Class: 2664K(2752K)->2664K(2752K)
[469.019s][info][gc             ] GC(1130) Pause Young (Mixed) (G1 Evacuation Pause) 915M->699M(978M) 9.964ms
[469.019s][info][gc,cpu         ] GC(1130) User=0.02s Sys=0.00s Real=0.01s
[469.253s][info][gc,start       ] GC(1131) Pause Young (Concurrent Start) (G1 Evacuation Pause)
[469.253s][info][gc,task        ] GC(1131) Using 2 workers of 2 for evacuation
[469.264s][info][gc,phases      ] GC(1131)   Pre Evacuate Collection Set: 0.34ms
[469.264s][info][gc,phases      ] GC(1131)   Merge Heap Roots: 0.14ms
[469.264s][info][gc,phases      ] GC(1131)   Evacuate Collection Set: 9.77ms
[469.264s][info][gc,phases      ] GC(1131)   Post Evacuate Collection Set: 0.49ms
[469.264s][info][gc,phases      ] GC(1131)   Other: 0.23ms
[469.264s][info][gc,heap        ] GC(1131) Eden regions: 218->0(218)
[469.264s][info][gc,heap        ] GC(1131) Survivor regions: 9->9(29)
[469.264s][info][gc,heap        ] GC(1131) Old regions: 683->683
[469.264s][info][gc,heap        ] GC(1131) Humongous regions: 9->9
[469.264s][info][gc,metaspace   ] GC(1131) Metaspace: 18971K(19136K)->18971K(19136K) NonClass: 16307K(16384K)->16307K(16384K) Class: 2664K(2752K)->2664K(2752K)
[469.264s][info][gc             ] GC(1131) Pause Young (Concurrent Start) (G1 Evacuation Pause) 917M->699M(978M) 11.224ms
[469.264s][info][gc,cpu         ] GC(1131) User=0.03s Sys=0.00s Real=0.01s
[469.264s][info][gc             ] GC(1132) Concurrent Mark Cycle
[469.264s][info][gc,marking     ] GC(1132) Concurrent Scan Root Regions
[469.274s][info][gc,marking     ] GC(1132) Concurrent Scan Root Regions 9.667ms
[469.274s][info][gc,marking     ] GC(1132) Concurrent Mark
[469.274s][info][gc,marking     ] GC(1132) Concurrent Mark From Roots
[469.274s][info][gc,task        ] GC(1132) Using 1 workers of 1 for marking
[469.670s][info][gc,start       ] GC(1133) Pause Young (Normal) (G1 Evacuation Pause)
[469.670s][info][gc,task        ] GC(1133) Using 2 workers of 2 for evacuation
[469.693s][info][gc,phases      ] GC(1133)   Pre Evacuate Collection Set: 0.52ms
[469.693s][info][gc,phases      ] GC(1133)   Merge Heap Roots: 0.33ms
[469.693s][info][gc,phases      ] GC(1133)   Evacuate Collection Set: 21.12ms
[469.693s][info][gc,phases      ] GC(1133)   Post Evacuate Collection Set: 0.56ms
[469.693s][info][gc,phases      ] GC(1133)   Other: 0.08ms
[469.693s][info][gc,heap        ] GC(1133) Eden regions: 218->0(210)
[469.693s][info][gc,heap        ] GC(1133) Survivor regions: 9->13(29)
[469.693s][info][gc,heap        ] GC(1133) Old regions: 683->683
[469.693s][info][gc,heap        ] GC(1133) Humongous regions: 9->9
[469.693s][info][gc,metaspace   ] GC(1133) Metaspace: 18971K(19136K)->18971K(19136K) NonClass: 16307K(16384K)->16307K(16384K) Class: 2664K(2752K)->2664K(2752K)
[469.693s][info][gc             ] GC(1133) Pause Young (Normal) (G1 Evacuation Pause) 917M->703M(978M) 22.842ms
[469.693s][info][gc,cpu         ] GC(1133) User=0.04s Sys=0.00s Real=0.03s
[470.278s][info][gc,marking     ] GC(1132) Concurrent Mark From Roots 1003.959ms
[470.278s][info][gc,marking     ] GC(1132) Concurrent Preclean
[470.278s][info][gc,marking     ] GC(1132) Concurrent Preclean 0.050ms
[470.278s][info][gc,start       ] GC(1132) Pause Remark
[470.286s][info][gc             ] GC(1132) Pause Remark 909M->695M(978M) 7.798ms
[470.286s][info][gc,cpu         ] GC(1132) User=0.02s Sys=0.00s Real=0.01s
[470.286s][info][gc,marking     ] GC(1132) Concurrent Mark 1012.123ms
[470.286s][info][gc,marking     ] GC(1132) Concurrent Rebuild Remembered Sets and Scrub Regions
[470.305s][info][gc,start       ] GC(1134) Pause Young (Normal) (G1 Evacuation Pause)
[470.305s][info][gc,task        ] GC(1134) Using 2 workers of 2 for evacuation
[470.349s][info][gc,phases      ] GC(1134)   Pre Evacuate Collection Set: 0.42ms
[470.349s][info][gc,phases      ] GC(1134)   Merge Heap Roots: 0.34ms
[470.349s][info][gc,phases      ] GC(1134)   Evacuate Collection Set: 42.58ms
[470.349s][info][gc,phases      ] GC(1134)   Post Evacuate Collection Set: 0.53ms
[470.350s][info][gc,phases      ] GC(1134)   Other: 0.09ms
[470.350s][info][gc,heap        ] GC(1134) Eden regions: 210->0(395)
[470.350s][info][gc,heap        ] GC(1134) Survivor regions: 13->26(28)
[470.350s][info][gc,heap        ] GC(1134) Old regions: 474->474
[470.350s][info][gc,heap        ] GC(1134) Humongous regions: 7->7
[470.350s][info][gc,metaspace   ] GC(1134) Metaspace: 18971K(19136K)->18971K(19136K) NonClass: 16307K(16384K)->16307K(16384K) Class: 2664K(2752K)->2664K(2752K)
[470.350s][info][gc             ] GC(1134) Pause Young (Normal) (G1 Evacuation Pause) 702M->506M(978M) 44.153ms
[470.350s][info][gc,cpu         ] GC(1134) User=0.09s Sys=0.00s Real=0.04s
[470.623s][info][gc,marking     ] GC(1132) Concurrent Rebuild Remembered Sets and Scrub Regions 336.930ms
[470.623s][info][gc,start       ] GC(1132) Pause Cleanup
[470.623s][info][gc             ] GC(1132) Pause Cleanup 628M->628M(978M) 0.154ms
[470.623s][info][gc,cpu         ] GC(1132) User=0.00s Sys=0.00s Real=0.00s
[470.623s][info][gc,marking     ] GC(1132) Concurrent Clear Claimed Marks
[470.623s][info][gc,marking     ] GC(1132) Concurrent Clear Claimed Marks 0.036ms
[470.623s][info][gc,marking     ] GC(1132) Concurrent Cleanup for Next Mark
[470.626s][info][gc,marking     ] GC(1132) Concurrent Cleanup for Next Mark 2.861ms
[470.626s][info][gc             ] GC(1132) Concurrent Mark Cycle 1362.248ms
[470.941s][info][gc,start       ] GC(1135) Pause Young (Prepare Mixed) (G1 Evacuation Pause)
[470.941s][info][gc,task        ] GC(1135) Using 2 workers of 2 for evacuation
[471.012s][info][gc,phases      ] GC(1135)   Pre Evacuate Collection Set: 0.50ms
[471.012s][info][gc,phases      ] GC(1135)   Merge Heap Roots: 0.63ms
[471.012s][info][gc,phases      ] GC(1135)   Evacuate Collection Set: 68.91ms
[471.012s][info][gc,phases      ] GC(1135)   Post Evacuate Collection Set: 0.77ms
[471.012s][info][gc,phases      ] GC(1135)   Other: 0.11ms
[471.012s][info][gc,heap        ] GC(1135) Eden regions: 395->0(347)
[471.012s][info][gc,heap        ] GC(1135) Survivor regions: 26->50(53)
[471.012s][info][gc,heap        ] GC(1135) Old regions: 474->474
[471.012s][info][gc,heap        ] GC(1135) Humongous regions: 7->7
[471.012s][info][gc,metaspace   ] GC(1135) Metaspace: 18971K(19136K)->18971K(19136K) NonClass: 16307K(16384K)->16307K(16384K) Class: 2664K(2752K)->2664K(2752K)
[471.012s][info][gc             ] GC(1135) Pause Young (Prepare Mixed) (G1 Evacuation Pause) 901M->530M(978M) 71.150ms
[471.012s][info][gc,cpu         ] GC(1135) User=0.14s Sys=0.00s Real=0.07s
[471.320s][info][gc,start       ] GC(1136) Pause Young (Mixed) (G1 Evacuation Pause)
[471.321s][info][gc,task        ] GC(1136) Using 2 workers of 2 for evacuation
[471.414s][info][gc,phases      ] GC(1136)   Pre Evacuate Collection Set: 0.53ms
[471.414s][info][gc,phases      ] GC(1136)   Merge Heap Roots: 0.61ms
[471.414s][info][gc,phases      ] GC(1136)   Evacuate Collection Set: 91.64ms
[471.414s][info][gc,phases      ] GC(1136)   Post Evacuate Collection Set: 0.73ms
[471.414s][info][gc,phases      ] GC(1136)   Other: 0.11ms
[471.414s][info][gc,heap        ] GC(1136) Eden regions: 347->0(439)
[471.414s][info][gc,heap        ] GC(1136) Survivor regions: 50->40(50)
[471.414s][info][gc,heap        ] GC(1136) Old regions: 474->402
[471.414s][info][gc,heap        ] GC(1136) Humongous regions: 7->7
[471.414s][info][gc,metaspace   ] GC(1136) Metaspace: 18972K(19136K)->18972K(19136K) NonClass: 16308K(16384K)->16308K(16384K) Class: 2664K(2752K)->2664K(2752K)
[471.414s][info][gc             ] GC(1136) Pause Young (Mixed) (G1 Evacuation Pause) 877M->448M(978M) 93.863ms
[471.414s][info][gc,cpu         ] GC(1136) User=0.19s Sys=0.00s Real=0.09s
[471.865s][info][gc,start       ] GC(1137) Pause Young (Mixed) (G1 Evacuation Pause)
[471.865s][info][gc,task        ] GC(1137) Using 2 workers of 2 for evacuation
[471.950s][info][gc,phases      ] GC(1137)   Pre Evacuate Collection Set: 0.30ms
[471.950s][info][gc,phases      ] GC(1137)   Merge Heap Roots: 0.47ms
[471.950s][info][gc,phases      ] GC(1137)   Evacuate Collection Set: 82.95ms
[471.950s][info][gc,phases      ] GC(1137)   Post Evacuate Collection Set: 0.67ms
[471.950s][info][gc,phases      ] GC(1137)   Other: 0.11ms
[471.950s][info][gc,heap        ] GC(1137) Eden regions: 439->0(399)
[471.950s][info][gc,heap        ] GC(1137) Survivor regions: 40->48(60)
[471.950s][info][gc,heap        ] GC(1137) Old regions: 402->426
[471.950s][info][gc,heap        ] GC(1137) Humongous regions: 7->7
[471.950s][info][gc,metaspace   ] GC(1137) Metaspace: 18972K(19136K)->18972K(19136K) NonClass: 16308K(16384K)->16308K(16384K) Class: 2664K(2752K)->2664K(2752K)
[471.950s][info][gc             ] GC(1137) Pause Young (Mixed) (G1 Evacuation Pause) 887M->480M(978M) 84.768ms
[471.950s][info][gc,cpu         ] GC(1137) User=0.16s Sys=0.00s Real=0.08s
[472.412s][info][gc,start       ] GC(1138) Pause Young (Concurrent Start) (G1 Evacuation Pause)
[472.412s][info][gc,task        ] GC(1138) Using 2 workers of 2 for evacuation
[472.497s][info][gc,phases      ] GC(1138)   Pre Evacuate Collection Set: 0.36ms
[472.497s][info][gc,phases      ] GC(1138)   Merge Heap Roots: 0.31ms
[472.497s][info][gc,phases      ] GC(1138)   Evacuate Collection Set: 83.67ms
[472.497s][info][gc,phases      ] GC(1138)   Post Evacuate Collection Set: 0.65ms
[472.497s][info][gc,phases      ] GC(1138)   Other: 0.12ms
[472.497s][info][gc,heap        ] GC(1138) Eden regions: 399->0(367)
[472.497s][info][gc,heap        ] GC(1138) Survivor regions: 48->34(56)
[472.497s][info][gc,heap        ] GC(1138) Old regions: 426->473
[472.497s][info][gc,heap        ] GC(1138) Humongous regions: 7->7
[472.497s][info][gc,metaspace   ] GC(1138) Metaspace: 18972K(19136K)->18972K(19136K) NonClass: 16308K(16384K)->16308K(16384K) Class: 2664K(2752K)->2664K(2752K)
[472.497s][info][gc             ] GC(1138) Pause Young (Concurrent Start) (G1 Evacuation Pause) 879M->513M(978M) 85.424ms
[472.498s][info][gc,cpu         ] GC(1138) User=0.17s Sys=0.00s Real=0.08s
[472.498s][info][gc             ] GC(1139) Concurrent Mark Cycle
[472.498s][info][gc,marking     ] GC(1139) Concurrent Scan Root Regions
[472.630s][info][gc,marking     ] GC(1139) Concurrent Scan Root Regions 132.426ms
[472.630s][info][gc,marking     ] GC(1139) Concurrent Mark
[472.630s][info][gc,marking     ] GC(1139) Concurrent Mark From Roots
[472.630s][info][gc,task        ] GC(1139) Using 1 workers of 1 for marking
[473.134s][info][gc,start       ] GC(1140) Pause Young (Normal) (G1 Evacuation Pause)
[473.134s][info][gc,task        ] GC(1140) Using 2 workers of 2 for evacuation
[473.181s][info][gc,phases      ] GC(1140)   Pre Evacuate Collection Set: 0.54ms
[473.181s][info][gc,phases      ] GC(1140)   Merge Heap Roots: 0.25ms
[473.181s][info][gc,phases      ] GC(1140)   Evacuate Collection Set: 44.89ms
[473.181s][info][gc,phases      ] GC(1140)   Post Evacuate Collection Set: 0.60ms
[473.181s][info][gc,phases      ] GC(1140)   Other: 0.09ms
[473.181s][info][gc,heap        ] GC(1140) Eden regions: 367->0(368)
[473.181s][info][gc,heap        ] GC(1140) Survivor regions: 34->11(51)
[473.181s][info][gc,heap        ] GC(1140) Old regions: 473->507
[473.181s][info][gc,heap        ] GC(1140) Humongous regions: 7->7
[473.181s][info][gc,metaspace   ] GC(1140) Metaspace: 18972K(19136K)->18972K(19136K) NonClass: 16308K(16384K)->16308K(16384K) Class: 2664K(2752K)->2664K(2752K)
[473.181s][info][gc             ] GC(1140) Pause Young (Normal) (G1 Evacuation Pause) 880M->524M(978M) 46.630ms
[473.181s][info][gc,cpu         ] GC(1140) User=0.09s Sys=0.00s Real=0.05s
[473.336s][info][gc,marking     ] GC(1139) Concurrent Mark From Roots 705.857ms
[473.336s][info][gc,marking     ] GC(1139) Concurrent Preclean
[473.336s][info][gc,marking     ] GC(1139) Concurrent Preclean 0.051ms
[473.336s][info][gc,start       ] GC(1139) Pause Remark
[473.344s][info][gc             ] GC(1139) Pause Remark 574M->451M(978M) 7.622ms
[473.344s][info][gc,cpu         ] GC(1139) User=0.01s Sys=0.00s Real=0.01s
[473.344s][info][gc,marking     ] GC(1139) Concurrent Mark 713.841ms
[473.344s][info][gc,marking     ] GC(1139) Concurrent Rebuild Remembered Sets and Scrub Regions
[473.613s][info][gc,marking     ] GC(1139) Concurrent Rebuild Remembered Sets and Scrub Regions 268.736ms
[473.613s][info][gc,start       ] GC(1139) Pause Cleanup
[473.613s][info][gc             ] GC(1139) Pause Cleanup 576M->576M(978M) 0.103ms
[473.613s][info][gc,cpu         ] GC(1139) User=0.00s Sys=0.00s Real=0.00s
[473.613s][info][gc,marking     ] GC(1139) Concurrent Clear Claimed Marks
[473.613s][info][gc,marking     ] GC(1139) Concurrent Clear Claimed Marks 0.031ms
[473.613s][info][gc,marking     ] GC(1139) Concurrent Cleanup for Next Mark
[473.616s][info][gc,marking     ] GC(1139) Concurrent Cleanup for Next Mark 2.841ms
[473.616s][info][gc             ] GC(1139) Concurrent Mark Cycle 1118.422ms
[474.105s][info][gc,start       ] GC(1141) Pause Young (Prepare Mixed) (G1 Evacuation Pause)
[474.106s][info][gc,task        ] GC(1141) Using 2 workers of 2 for evacuation
[474.130s][info][gc,phases      ] GC(1141)   Pre Evacuate Collection Set: 0.53ms
[474.130s][info][gc,phases      ] GC(1141)   Merge Heap Roots: 0.27ms
[474.130s][info][gc,phases      ] GC(1141)   Evacuate Collection Set: 22.93ms
[474.130s][info][gc,phases      ] GC(1141)   Post Evacuate Collection Set: 0.57ms
[474.130s][info][gc,phases      ] GC(1141)   Other: 0.11ms
[474.130s][info][gc,heap        ] GC(1141) Eden regions: 368->0(486)
[474.130s][info][gc,heap        ] GC(1141) Survivor regions: 11->20(48)
[474.130s][info][gc,heap        ] GC(1141) Old regions: 387->387
[474.130s][info][gc,heap        ] GC(1141) Humongous regions: 4->4
[474.130s][info][gc,metaspace   ] GC(1141) Metaspace: 18972K(19136K)->18972K(19136K) NonClass: 16308K(16384K)->16308K(16384K) Class: 2664K(2752K)->2664K(2752K)
[474.130s][info][gc             ] GC(1141) Pause Young (Prepare Mixed) (G1 Evacuation Pause) 769M->410M(978M) 24.676ms
[474.130s][info][gc,cpu         ] GC(1141) User=0.05s Sys=0.00s Real=0.02s
[475.030s][info][gc,start       ] GC(1142) Pause Young (Mixed) (G1 Evacuation Pause)
[475.030s][info][gc,task        ] GC(1142) Using 2 workers of 2 for evacuation
[475.092s][info][gc,phases      ] GC(1142)   Pre Evacuate Collection Set: 0.34ms
[475.092s][info][gc,phases      ] GC(1142)   Merge Heap Roots: 0.27ms
[475.092s][info][gc,phases      ] GC(1142)   Evacuate Collection Set: 60.94ms
[475.092s][info][gc,phases      ] GC(1142)   Post Evacuate Collection Set: 0.74ms
[475.092s][info][gc,phases      ] GC(1142)   Other: 0.09ms
[475.092s][info][gc,heap        ] GC(1142) Eden regions: 486->0(441)
[475.092s][info][gc,heap        ] GC(1142) Survivor regions: 20->63(64)
[475.092s][info][gc,heap        ] GC(1142) Old regions: 387->357
[475.092s][info][gc,heap        ] GC(1142) Humongous regions: 4->4
[475.092s][info][gc,metaspace   ] GC(1142) Metaspace: 18973K(19136K)->18973K(19136K) NonClass: 16309K(16384K)->16309K(16384K) Class: 2664K(2752K)->2664K(2752K)
[475.092s][info][gc             ] GC(1142) Pause Young (Mixed) (G1 Evacuation Pause) 896M->422M(978M) 62.593ms
[475.092s][info][gc,cpu         ] GC(1142) User=0.12s Sys=0.00s Real=0.07s
[475.526s][info][gc,start       ] GC(1143) Pause Young (Concurrent Start) (G1 Evacuation Pause)
[475.527s][info][gc,task        ] GC(1143) Using 2 workers of 2 for evacuation
[475.755s][info][gc,mmu         ] GC(1143) MMU target violated: 201.0ms (200.0ms/201.0ms)
[475.755s][info][gc,phases      ] GC(1143)   Pre Evacuate Collection Set: 0.30ms
[475.755s][info][gc,phases      ] GC(1143)   Merge Heap Roots: 0.24ms
[475.755s][info][gc,phases      ] GC(1143)   Evacuate Collection Set: 202.97ms
[475.755s][info][gc,phases      ] GC(1143)   Post Evacuate Collection Set: 24.53ms
[475.755s][info][gc,phases      ] GC(1143)   Other: 0.27ms
[475.755s][info][gc,heap        ] GC(1143) Eden regions: 441->0(131)
[475.755s][info][gc,heap        ] GC(1143) Survivor regions: 63->63(63)
[475.755s][info][gc,heap        ] GC(1143) Old regions: 357->667
[475.755s][info][gc,heap        ] GC(1143) Humongous regions: 4->4
[475.755s][info][gc,metaspace   ] GC(1143) Metaspace: 18992K(19200K)->18992K(19200K) NonClass: 16328K(16448K)->16328K(16448K) Class: 2664K(2752K)->2664K(2752K)
[475.755s][info][gc             ] GC(1143) Pause Young (Concurrent Start) (G1 Evacuation Pause) (Evacuation Failure: Allocation) 863M->733M(978M) 228.487ms
[475.755s][info][gc,cpu         ] GC(1143) User=0.45s Sys=0.00s Real=0.23s
[475.755s][info][gc             ] GC(1144) Concurrent Mark Cycle
[475.755s][info][gc,marking     ] GC(1144) Concurrent Scan Root Regions
[475.939s][info][gc,marking     ] GC(1144) Concurrent Scan Root Regions 184.365ms
[475.939s][info][gc,marking     ] GC(1144) Concurrent Mark
[475.939s][info][gc,marking     ] GC(1144) Concurrent Mark From Roots
[475.939s][info][gc,task        ] GC(1144) Using 1 workers of 1 for marking
[476.125s][info][gc,start       ] GC(1145) Pause Young (Normal) (G1 Evacuation Pause)
[476.125s][info][gc,task        ] GC(1145) Using 2 workers of 2 for evacuation
[476.261s][info][gc,phases      ] GC(1145)   Pre Evacuate Collection Set: 0.42ms
[476.261s][info][gc,phases      ] GC(1145)   Merge Heap Roots: 0.56ms
[476.261s][info][gc,phases      ] GC(1145)   Evacuate Collection Set: 128.84ms
[476.261s][info][gc,phases      ] GC(1145)   Post Evacuate Collection Set: 6.54ms
[476.261s][info][gc,phases      ] GC(1145)   Other: 0.11ms
[476.261s][info][gc,heap        ] GC(1145) Eden regions: 131->0(181)
[476.262s][info][gc,heap        ] GC(1145) Survivor regions: 63->11(25)
[476.262s][info][gc,heap        ] GC(1145) Old regions: 667->687
[476.262s][info][gc,heap        ] GC(1145) Humongous regions: 7->7
[476.262s][info][gc,metaspace   ] GC(1145) Metaspace: 18995K(19200K)->18995K(19200K) NonClass: 16331K(16448K)->16331K(16448K) Class: 2664K(2752K)->2664K(2752K)
[476.262s][info][gc             ] GC(1145) Pause Young (Normal) (G1 Evacuation Pause) (Evacuation Failure: Allocation) 867M->704M(978M) 136.718ms
[476.262s][info][gc,cpu         ] GC(1145) User=0.26s Sys=0.00s Real=0.14s
[476.677s][info][gc,start       ] GC(1146) Pause Young (Normal) (G1 Evacuation Pause)
[476.677s][info][gc,task        ] GC(1146) Using 2 workers of 2 for evacuation
[476.783s][info][gc,phases      ] GC(1146)   Pre Evacuate Collection Set: 0.38ms
[476.783s][info][gc,phases      ] GC(1146)   Merge Heap Roots: 1.02ms
[476.783s][info][gc,phases      ] GC(1146)   Evacuate Collection Set: 104.21ms
[476.783s][info][gc,phases      ] GC(1146)   Post Evacuate Collection Set: 0.78ms
[476.783s][info][gc,phases      ] GC(1146)   Other: 0.10ms
[476.783s][info][gc,heap        ] GC(1146) Eden regions: 181->0(233)
[476.783s][info][gc,heap        ] GC(1146) Survivor regions: 11->24(24)
[476.783s][info][gc,heap        ] GC(1146) Old regions: 687->589
[476.783s][info][gc,heap        ] GC(1146) Humongous regions: 13->13
[476.783s][info][gc,metaspace   ] GC(1146) Metaspace: 18995K(19200K)->18995K(19200K) NonClass: 16331K(16448K)->16331K(16448K) Class: 2664K(2752K)->2664K(2752K)
[476.783s][info][gc             ] GC(1146) Pause Young (Normal) (G1 Evacuation Pause) 891M->625M(978M) 106.766ms
[476.783s][info][gc,cpu         ] GC(1146) User=0.21s Sys=0.00s Real=0.11s
[477.401s][info][gc,marking     ] GC(1144) Concurrent Mark From Roots 1461.376ms
[477.401s][info][gc,marking     ] GC(1144) Concurrent Preclean
[477.401s][info][gc,marking     ] GC(1144) Concurrent Preclean 0.054ms
[477.402s][info][gc,start       ] GC(1144) Pause Remark
[477.410s][info][gc             ] GC(1144) Pause Remark 813M->813M(978M) 7.615ms
[477.410s][info][gc,cpu         ] GC(1144) User=0.01s Sys=0.00s Real=0.00s
[477.410s][info][gc,marking     ] GC(1144) Concurrent Mark 1470.444ms
[477.410s][info][gc,marking     ] GC(1144) Concurrent Rebuild Remembered Sets and Scrub Regions
[477.501s][info][gc,start       ] GC(1147) Pause Young (Normal) (G1 Evacuation Pause)
[477.501s][info][gc,task        ] GC(1147) Using 2 workers of 2 for evacuation
[477.550s][info][gc,phases      ] GC(1147)   Pre Evacuate Collection Set: 0.27ms
[477.550s][info][gc,phases      ] GC(1147)   Merge Heap Roots: 0.45ms
[477.550s][info][gc,phases      ] GC(1147)   Evacuate Collection Set: 47.82ms
[477.550s][info][gc,phases      ] GC(1147)   Post Evacuate Collection Set: 0.61ms
[477.550s][info][gc,phases      ] GC(1147)   Other: 0.08ms
[477.550s][info][gc,heap        ] GC(1147) Eden regions: 233->0(248)
[477.550s][info][gc,heap        ] GC(1147) Survivor regions: 24->16(33)
[477.550s][info][gc,heap        ] GC(1147) Old regions: 589->599
[477.550s][info][gc,heap        ] GC(1147) Humongous regions: 13->13
[477.550s][info][gc,metaspace   ] GC(1147) Metaspace: 18995K(19200K)->18995K(19200K) NonClass: 16331K(16448K)->16331K(16448K) Class: 2664K(2752K)->2664K(2752K)
[477.550s][info][gc             ] GC(1147) Pause Young (Normal) (G1 Evacuation Pause) 858M->626M(978M) 49.436ms
[477.550s][info][gc,cpu         ] GC(1147) User=0.10s Sys=0.00s Real=0.04s
[478.024s][info][gc,marking     ] GC(1144) Concurrent Rebuild Remembered Sets and Scrub Regions 614.037ms
[478.024s][info][gc,start       ] GC(1144) Pause Cleanup
[478.024s][info][gc             ] GC(1144) Pause Cleanup 828M->828M(978M) 0.105ms
[478.024s][info][gc,cpu         ] GC(1144) User=0.00s Sys=0.00s Real=0.00s
[478.026s][info][gc,marking     ] GC(1144) Concurrent Clear Claimed Marks
[478.026s][info][gc,marking     ] GC(1144) Concurrent Clear Claimed Marks 0.093ms
[478.026s][info][gc,marking     ] GC(1144) Concurrent Cleanup for Next Mark
[478.029s][info][gc,marking     ] GC(1144) Concurrent Cleanup for Next Mark 2.826ms
[478.029s][info][gc             ] GC(1144) Concurrent Mark Cycle 2274.231ms
[478.099s][info][gc,start       ] GC(1148) Pause Young (Prepare Mixed) (G1 Evacuation Pause)
[478.099s][info][gc,task        ] GC(1148) Using 2 workers of 2 for evacuation
[478.135s][info][gc,phases      ] GC(1148)   Pre Evacuate Collection Set: 0.29ms
[478.135s][info][gc,phases      ] GC(1148)   Merge Heap Roots: 0.60ms
[478.135s][info][gc,phases      ] GC(1148)   Evacuate Collection Set: 33.71ms
[478.135s][info][gc,phases      ] GC(1148)   Post Evacuate Collection Set: 0.65ms
[478.135s][info][gc,phases      ] GC(1148)   Other: 0.10ms
[478.135s][info][gc,heap        ] GC(1148) Eden regions: 248->0(264)
[478.135s][info][gc,heap        ] GC(1148) Survivor regions: 16->15(33)
[478.135s][info][gc,heap        ] GC(1148) Old regions: 599->599
[478.135s][info][gc,heap        ] GC(1148) Humongous regions: 13->13
[478.135s][info][gc,metaspace   ] GC(1148) Metaspace: 18995K(19200K)->18995K(19200K) NonClass: 16331K(16448K)->16331K(16448K) Class: 2664K(2752K)->2664K(2752K)
[478.135s][info][gc             ] GC(1148) Pause Young (Prepare Mixed) (G1 Evacuation Pause) 874M->626M(978M) 35.571ms
[478.135s][info][gc,cpu         ] GC(1148) User=0.07s Sys=0.00s Real=0.04s
[478.526s][info][gc,start       ] GC(1149) Pause Young (Mixed) (G1 Evacuation Pause)
[478.526s][info][gc,task        ] GC(1149) Using 2 workers of 2 for evacuation
[478.562s][info][gc,phases      ] GC(1149)   Pre Evacuate Collection Set: 0.58ms
[478.562s][info][gc,phases      ] GC(1149)   Merge Heap Roots: 0.45ms
[478.562s][info][gc,phases      ] GC(1149)   Evacuate Collection Set: 34.09ms
[478.562s][info][gc,phases      ] GC(1149)   Post Evacuate Collection Set: 0.66ms
[478.562s][info][gc,phases      ] GC(1149)   Other: 0.10ms
[478.562s][info][gc,heap        ] GC(1149) Eden regions: 264->0(284)
[478.562s][info][gc,heap        ] GC(1149) Survivor regions: 15->16(35)
[478.562s][info][gc,heap        ] GC(1149) Old regions: 599->589
[478.562s][info][gc,heap        ] GC(1149) Humongous regions: 13->13
[478.562s][info][gc,metaspace   ] GC(1149) Metaspace: 18995K(19200K)->18995K(19200K) NonClass: 16331K(16448K)->16331K(16448K) Class: 2664K(2752K)->2664K(2752K)
[478.562s][info][gc             ] GC(1149) Pause Young (Mixed) (G1 Evacuation Pause) 890M->617M(978M) 36.140ms
[478.562s][info][gc,cpu         ] GC(1149) User=0.07s Sys=0.00s Real=0.04s
[478.933s][info][gc,start       ] GC(1150) Pause Young (Concurrent Start) (G1 Evacuation Pause)
[478.933s][info][gc,task        ] GC(1150) Using 2 workers of 2 for evacuation
[478.989s][info][gc,phases      ] GC(1150)   Pre Evacuate Collection Set: 0.33ms
[478.989s][info][gc,phases      ] GC(1150)   Merge Heap Roots: 0.50ms
[478.989s][info][gc,phases      ] GC(1150)   Evacuate Collection Set: 54.03ms
[478.989s][info][gc,phases      ] GC(1150)   Post Evacuate Collection Set: 0.72ms
[478.989s][info][gc,phases      ] GC(1150)   Other: 0.11ms
[478.989s][info][gc,heap        ] GC(1150) Eden regions: 284->0(260)
[478.989s][info][gc,heap        ] GC(1150) Survivor regions: 16->33(38)
[478.989s][info][gc,heap        ] GC(1150) Old regions: 589->589
[478.989s][info][gc,heap        ] GC(1150) Humongous regions: 13->13
[478.989s][info][gc,metaspace   ] GC(1150) Metaspace: 18996K(19200K)->18996K(19200K) NonClass: 16332K(16448K)->16332K(16448K) Class: 2664K(2752K)->2664K(2752K)
[478.989s][info][gc             ] GC(1150) Pause Young (Concurrent Start) (G1 Evacuation Pause) 901M->634M(978M) 55.956ms
[478.989s][info][gc,cpu         ] GC(1150) User=0.12s Sys=0.00s Real=0.05s
[478.989s][info][gc             ] GC(1151) Concurrent Mark Cycle
[478.989s][info][gc,marking     ] GC(1151) Concurrent Scan Root Regions
[479.085s][info][gc,marking     ] GC(1151) Concurrent Scan Root Regions 95.814ms
[479.085s][info][gc,marking     ] GC(1151) Concurrent Mark
[479.085s][info][gc,marking     ] GC(1151) Concurrent Mark From Roots
[479.085s][info][gc,task        ] GC(1151) Using 1 workers of 1 for marking
[479.406s][info][gc,start       ] GC(1152) Pause Young (Normal) (G1 Evacuation Pause)
[479.407s][info][gc,task        ] GC(1152) Using 2 workers of 2 for evacuation
[479.472s][info][gc,phases      ] GC(1152)   Pre Evacuate Collection Set: 0.33ms
[479.472s][info][gc,phases      ] GC(1152)   Merge Heap Roots: 0.48ms
[479.472s][info][gc,phases      ] GC(1152)   Evacuate Collection Set: 64.31ms
[479.472s][info][gc,phases      ] GC(1152)   Post Evacuate Collection Set: 0.50ms
[479.472s][info][gc,phases      ] GC(1152)   Other: 0.08ms
[479.472s][info][gc,heap        ] GC(1152) Eden regions: 260->0(248)
[479.472s][info][gc,heap        ] GC(1152) Survivor regions: 33->31(37)
[479.472s][info][gc,heap        ] GC(1152) Old regions: 589->605
[479.472s][info][gc,heap        ] GC(1152) Humongous regions: 13->13
[479.472s][info][gc,metaspace   ] GC(1152) Metaspace: 18996K(19200K)->18996K(19200K) NonClass: 16332K(16448K)->16332K(16448K) Class: 2664K(2752K)->2664K(2752K)
[479.472s][info][gc             ] GC(1152) Pause Young (Normal) (G1 Evacuation Pause) 894M->648M(978M) 65.982ms
[479.472s][info][gc,cpu         ] GC(1152) User=0.13s Sys=0.00s Real=0.07s
[479.916s][info][gc,start       ] GC(1153) Pause Young (Normal) (G1 Evacuation Pause)
[479.916s][info][gc,task        ] GC(1153) Using 2 workers of 2 for evacuation
[479.956s][info][gc,phases      ] GC(1153)   Pre Evacuate Collection Set: 0.30ms
[479.956s][info][gc,phases      ] GC(1153)   Merge Heap Roots: 0.20ms
[479.956s][info][gc,phases      ] GC(1153)   Evacuate Collection Set: 39.43ms
[479.956s][info][gc,phases      ] GC(1153)   Post Evacuate Collection Set: 0.50ms
[479.957s][info][gc,phases      ] GC(1153)   Other: 0.08ms
[479.957s][info][gc,heap        ] GC(1153) Eden regions: 248->0(246)
[479.957s][info][gc,heap        ] GC(1153) Survivor regions: 31->23(35)
[479.957s][info][gc,heap        ] GC(1153) Old regions: 605->623
[479.957s][info][gc,heap        ] GC(1153) Humongous regions: 13->13
[479.957s][info][gc,metaspace   ] GC(1153) Metaspace: 18997K(19200K)->18997K(19200K) NonClass: 16333K(16448K)->16333K(16448K) Class: 2664K(2752K)->2664K(2752K)
[479.957s][info][gc             ] GC(1153) Pause Young (Normal) (G1 Evacuation Pause) 896M->658M(978M) 40.732ms
[479.957s][info][gc,cpu         ] GC(1153) User=0.08s Sys=0.00s Real=0.04s
[480.360s][info][gc,marking     ] GC(1151) Concurrent Mark From Roots 1275.404ms
[480.360s][info][gc,marking     ] GC(1151) Concurrent Preclean
[480.360s][info][gc,marking     ] GC(1151) Concurrent Preclean 0.054ms
[480.361s][info][gc,start       ] GC(1151) Pause Remark
[480.368s][info][gc             ] GC(1151) Pause Remark 751M->643M(978M) 7.671ms
[480.368s][info][gc,cpu         ] GC(1151) User=0.02s Sys=0.00s Real=0.00s
[480.368s][info][gc,marking     ] GC(1151) Concurrent Mark 1283.483ms
[480.368s][info][gc,marking     ] GC(1151) Concurrent Rebuild Remembered Sets and Scrub Regions
[480.760s][info][gc,marking     ] GC(1151) Concurrent Rebuild Remembered Sets and Scrub Regions 391.243ms
[480.760s][info][gc,start       ] GC(1151) Pause Cleanup
[480.760s][info][gc             ] GC(1151) Pause Cleanup 786M->786M(978M) 0.129ms
[480.760s][info][gc,cpu         ] GC(1151) User=0.00s Sys=0.00s Real=0.00s
[480.760s][info][gc,marking     ] GC(1151) Concurrent Clear Claimed Marks
[480.760s][info][gc,marking     ] GC(1151) Concurrent Clear Claimed Marks 0.038ms
[480.760s][info][gc,marking     ] GC(1151) Concurrent Cleanup for Next Mark
[480.763s][info][gc,marking     ] GC(1151) Concurrent Cleanup for Next Mark 2.849ms
[480.763s][info][gc             ] GC(1151) Concurrent Mark Cycle 1774.339ms
[480.785s][info][gc,start       ] GC(1154) Pause Young (Prepare Mixed) (G1 Evacuation Pause)
[480.785s][info][gc,task        ] GC(1154) Using 2 workers of 2 for evacuation
[480.809s][info][gc,phases      ] GC(1154)   Pre Evacuate Collection Set: 0.49ms
[480.809s][info][gc,phases      ] GC(1154)   Merge Heap Roots: 0.21ms
[480.809s][info][gc,phases      ] GC(1154)   Evacuate Collection Set: 22.60ms
[480.809s][info][gc,phases      ] GC(1154)   Post Evacuate Collection Set: 0.47ms
[480.809s][info][gc,phases      ] GC(1154)   Other: 0.10ms
[480.809s][info][gc,heap        ] GC(1154) Eden regions: 246->0(365)
[480.809s][info][gc,heap        ] GC(1154) Survivor regions: 23->10(34)
[480.809s][info][gc,heap        ] GC(1154) Old regions: 521->535
[480.809s][info][gc,heap        ] GC(1154) Humongous regions: 7->7
[480.809s][info][gc,metaspace   ] GC(1154) Metaspace: 19002K(19200K)->19002K(19200K) NonClass: 16338K(16448K)->16338K(16448K) Class: 2664K(2752K)->2664K(2752K)
[480.809s][info][gc             ] GC(1154) Pause Young (Prepare Mixed) (G1 Evacuation Pause) 796M->551M(978M) 24.069ms
[480.809s][info][gc,cpu         ] GC(1154) User=0.04s Sys=0.00s Real=0.02s
[481.370s][info][gc,start       ] GC(1155) Pause Young (Mixed) (G1 Evacuation Pause)
[481.371s][info][gc,task        ] GC(1155) Using 2 workers of 2 for evacuation
[481.397s][info][gc,phases      ] GC(1155)   Pre Evacuate Collection Set: 0.52ms
[481.397s][info][gc,phases      ] GC(1155)   Merge Heap Roots: 0.25ms
[481.397s][info][gc,phases      ] GC(1155)   Evacuate Collection Set: 24.74ms
[481.397s][info][gc,phases      ] GC(1155)   Post Evacuate Collection Set: 0.61ms
[481.397s][info][gc,phases      ] GC(1155)   Other: 0.10ms
[481.397s][info][gc,heap        ] GC(1155) Eden regions: 365->0(381)
[481.397s][info][gc,heap        ] GC(1155) Survivor regions: 10->23(47)
[481.397s][info][gc,heap        ] GC(1155) Old regions: 535->494
[481.397s][info][gc,heap        ] GC(1155) Humongous regions: 7->7
[481.397s][info][gc,metaspace   ] GC(1155) Metaspace: 19011K(19200K)->19011K(19200K) NonClass: 16347K(16448K)->16347K(16448K) Class: 2664K(2752K)->2664K(2752K)
[481.397s][info][gc             ] GC(1155) Pause Young (Mixed) (G1 Evacuation Pause) 916M->523M(978M) 26.441ms
[481.397s][info][gc,cpu         ] GC(1155) User=0.05s Sys=0.00s Real=0.02s
[481.791s][info][gc,start       ] GC(1156) Pause Young (Concurrent Start) (G1 Humongous Allocation)
[481.791s][info][gc,task        ] GC(1156) Using 2 workers of 2 for evacuation
[481.873s][info][gc,phases      ] GC(1156)   Pre Evacuate Collection Set: 0.36ms
[481.873s][info][gc,phases      ] GC(1156)   Merge Heap Roots: 0.17ms
[481.873s][info][gc,phases      ] GC(1156)   Evacuate Collection Set: 80.25ms
[481.873s][info][gc,phases      ] GC(1156)   Post Evacuate Collection Set: 0.62ms
[481.873s][info][gc,phases      ] GC(1156)   Other: 0.09ms
[481.873s][info][gc,heap        ] GC(1156) Eden regions: 313->0(294)
[481.873s][info][gc,heap        ] GC(1156) Survivor regions: 23->51(51)
[481.873s][info][gc,heap        ] GC(1156) Old regions: 494->525
[481.873s][info][gc,heap        ] GC(1156) Humongous regions: 7->7
[481.873s][info][gc,metaspace   ] GC(1156) Metaspace: 19023K(19200K)->19023K(19200K) NonClass: 16359K(16448K)->16359K(16448K) Class: 2664K(2752K)->2664K(2752K)
[481.873s][info][gc             ] GC(1156) Pause Young (Concurrent Start) (G1 Humongous Allocation) 835M->582M(978M) 81.761ms
[481.873s][info][gc,cpu         ] GC(1156) User=0.16s Sys=0.00s Real=0.08s
[481.873s][info][gc             ] GC(1157) Concurrent Mark Cycle
[481.875s][info][gc,marking     ] GC(1157) Concurrent Scan Root Regions
[481.973s][info][gc,marking     ] GC(1157) Concurrent Scan Root Regions 97.653ms
[481.973s][info][gc,marking     ] GC(1157) Concurrent Mark
[481.973s][info][gc,marking     ] GC(1157) Concurrent Mark From Roots
[481.973s][info][gc,task        ] GC(1157) Using 1 workers of 1 for marking
[482.809s][info][gc,start       ] GC(1158) Pause Young (Normal) (G1 Evacuation Pause)
[482.810s][info][gc,task        ] GC(1158) Using 2 workers of 2 for evacuation
[482.870s][info][gc,phases      ] GC(1158)   Pre Evacuate Collection Set: 0.55ms
[482.870s][info][gc,phases      ] GC(1158)   Merge Heap Roots: 0.27ms
[482.870s][info][gc,phases      ] GC(1158)   Evacuate Collection Set: 58.61ms
[482.870s][info][gc,phases      ] GC(1158)   Post Evacuate Collection Set: 0.55ms
[482.870s][info][gc,phases      ] GC(1158)   Other: 0.12ms
[482.870s][info][gc,heap        ] GC(1158) Eden regions: 294->0(303)
[482.870s][info][gc,heap        ] GC(1158) Survivor regions: 51->6(44)
[482.870s][info][gc,heap        ] GC(1158) Old regions: 525->576
[482.870s][info][gc,heap        ] GC(1158) Humongous regions: 10->10
[482.870s][info][gc,metaspace   ] GC(1158) Metaspace: 19023K(19200K)->19023K(19200K) NonClass: 16359K(16448K)->16359K(16448K) Class: 2664K(2752K)->2664K(2752K)
[482.870s][info][gc             ] GC(1158) Pause Young (Normal) (G1 Evacuation Pause) 879M->591M(978M) 60.356ms
[482.870s][info][gc,cpu         ] GC(1158) User=0.12s Sys=0.00s Real=0.06s
[482.936s][info][gc,marking     ] GC(1157) Concurrent Mark From Roots 962.700ms
[482.936s][info][gc,marking     ] GC(1157) Concurrent Preclean
[482.936s][info][gc,marking     ] GC(1157) Concurrent Preclean 0.049ms
[482.936s][info][gc,start       ] GC(1157) Pause Remark
[482.944s][info][gc             ] GC(1157) Pause Remark 611M->471M(978M) 8.035ms
[482.944s][info][gc,cpu         ] GC(1157) User=0.01s Sys=0.00s Real=0.01s
[482.944s][info][gc,marking     ] GC(1157) Concurrent Mark 971.285ms
[482.944s][info][gc,marking     ] GC(1157) Concurrent Rebuild Remembered Sets and Scrub Regions
[483.270s][info][gc,marking     ] GC(1157) Concurrent Rebuild Remembered Sets and Scrub Regions 325.174ms
[483.270s][info][gc,start       ] GC(1157) Pause Cleanup
[483.270s][info][gc             ] GC(1157) Pause Cleanup 603M->603M(978M) 0.101ms
[483.270s][info][gc,cpu         ] GC(1157) User=0.00s Sys=0.00s Real=0.00s
[483.270s][info][gc,marking     ] GC(1157) Concurrent Clear Claimed Marks
[483.270s][info][gc,marking     ] GC(1157) Concurrent Clear Claimed Marks 0.030ms
[483.270s][info][gc,marking     ] GC(1157) Concurrent Cleanup for Next Mark
[483.273s][info][gc,marking     ] GC(1157) Concurrent Cleanup for Next Mark 2.833ms
[483.273s][info][gc             ] GC(1157) Concurrent Mark Cycle 1400.069ms
[483.498s][info][gc,start       ] GC(1159) Pause Young (Prepare Mixed) (G1 Evacuation Pause)
[483.498s][info][gc,task        ] GC(1159) Using 2 workers of 2 for evacuation
[483.507s][info][gc,phases      ] GC(1159)   Pre Evacuate Collection Set: 0.31ms
[483.507s][info][gc,phases      ] GC(1159)   Merge Heap Roots: 0.15ms
[483.507s][info][gc,phases      ] GC(1159)   Evacuate Collection Set: 8.20ms
[483.507s][info][gc,phases      ] GC(1159)   Post Evacuate Collection Set: 0.53ms
[483.507s][info][gc,phases      ] GC(1159)   Other: 0.09ms
[483.507s][info][gc,heap        ] GC(1159) Eden regions: 303->0(455)
[483.507s][info][gc,heap        ] GC(1159) Survivor regions: 6->6(39)
[483.507s][info][gc,heap        ] GC(1159) Old regions: 438->438
[483.507s][info][gc,heap        ] GC(1159) Humongous regions: 8->8
[483.507s][info][gc,metaspace   ] GC(1159) Metaspace: 19023K(19200K)->19023K(19200K) NonClass: 16359K(16448K)->16359K(16448K) Class: 2664K(2752K)->2664K(2752K)
[483.507s][info][gc             ] GC(1159) Pause Young (Prepare Mixed) (G1 Evacuation Pause) 754M->451M(978M) 9.532ms
[483.507s][info][gc,cpu         ] GC(1159) User=0.02s Sys=0.00s Real=0.01s
[484.099s][info][gc,start       ] GC(1160) Pause Young (Mixed) (G1 Evacuation Pause)
[484.099s][info][gc,task        ] GC(1160) Using 2 workers of 2 for evacuation
[484.138s][info][gc,phases      ] GC(1160)   Pre Evacuate Collection Set: 0.31ms
[484.138s][info][gc,phases      ] GC(1160)   Merge Heap Roots: 0.26ms
[484.138s][info][gc,phases      ] GC(1160)   Evacuate Collection Set: 37.44ms
[484.138s][info][gc,phases      ] GC(1160)   Post Evacuate Collection Set: 0.65ms
[484.138s][info][gc,phases      ] GC(1160)   Other: 0.10ms
[484.138s][info][gc,heap        ] GC(1160) Eden regions: 455->0(445)
[484.138s][info][gc,heap        ] GC(1160) Survivor regions: 6->30(58)
[484.138s][info][gc,heap        ] GC(1160) Old regions: 438->415
[484.138s][info][gc,heap        ] GC(1160) Humongous regions: 8->8
[484.138s][info][gc,metaspace   ] GC(1160) Metaspace: 19023K(19200K)->19023K(19200K) NonClass: 16359K(16448K)->16359K(16448K) Class: 2664K(2752K)->2664K(2752K)
[484.138s][info][gc             ] GC(1160) Pause Young (Mixed) (G1 Evacuation Pause) 906M->452M(978M) 38.976ms
[484.138s][info][gc,cpu         ] GC(1160) User=0.08s Sys=0.00s Real=0.04s
[484.539s][info][gc,start       ] GC(1161) Pause Young (Concurrent Start) (G1 Evacuation Pause)
[484.539s][info][gc,task        ] GC(1161) Using 2 workers of 2 for evacuation
[484.589s][info][gc,phases      ] GC(1161)   Pre Evacuate Collection Set: 0.31ms
[484.589s][info][gc,phases      ] GC(1161)   Merge Heap Roots: 0.17ms
[484.589s][info][gc,phases      ] GC(1161)   Evacuate Collection Set: 48.22ms
[484.589s][info][gc,phases      ] GC(1161)   Post Evacuate Collection Set: 0.64ms
[484.589s][info][gc,phases      ] GC(1161)   Other: 0.11ms
[484.589s][info][gc,heap        ] GC(1161) Eden regions: 445->0(417)
[484.589s][info][gc,heap        ] GC(1161) Survivor regions: 30->44(60)
[484.589s][info][gc,heap        ] GC(1161) Old regions: 415->415
[484.589s][info][gc,heap        ] GC(1161) Humongous regions: 8->8
[484.589s][info][gc,metaspace   ] GC(1161) Metaspace: 19023K(19200K)->19023K(19200K) NonClass: 16359K(16448K)->16359K(16448K) Class: 2664K(2752K)->2664K(2752K)
[484.589s][info][gc             ] GC(1161) Pause Young (Concurrent Start) (G1 Evacuation Pause) 897M->466M(978M) 49.708ms
[484.589s][info][gc,cpu         ] GC(1161) User=0.09s Sys=0.00s Real=0.05s
[484.589s][info][gc             ] GC(1162) Concurrent Mark Cycle
[484.589s][info][gc,marking     ] GC(1162) Concurrent Scan Root Regions
[484.671s][info][gc,marking     ] GC(1162) Concurrent Scan Root Regions 82.313ms
[484.671s][info][gc,marking     ] GC(1162) Concurrent Mark
[484.671s][info][gc,marking     ] GC(1162) Concurrent Mark From Roots
[484.671s][info][gc,task        ] GC(1162) Using 1 workers of 1 for marking
[485.353s][info][gc,marking     ] GC(1162) Concurrent Mark From Roots 681.155ms
[485.353s][info][gc,marking     ] GC(1162) Concurrent Preclean
[485.353s][info][gc,marking     ] GC(1162) Concurrent Preclean 0.041ms
[485.353s][info][gc,start       ] GC(1162) Pause Remark
[485.361s][info][gc             ] GC(1162) Pause Remark 761M->671M(978M) 7.759ms
[485.361s][info][gc,cpu         ] GC(1162) User=0.01s Sys=0.00s Real=0.01s
[485.361s][info][gc,marking     ] GC(1162) Concurrent Mark 689.969ms
[485.361s][info][gc,marking     ] GC(1162) Concurrent Rebuild Remembered Sets and Scrub Regions
[485.566s][info][gc,start       ] GC(1163) Pause Young (Normal) (G1 Evacuation Pause)
[485.566s][info][gc,task        ] GC(1163) Using 2 workers of 2 for evacuation
[485.684s][info][gc,phases      ] GC(1163)   Pre Evacuate Collection Set: 0.47ms
[485.684s][info][gc,phases      ] GC(1163)   Merge Heap Roots: 0.92ms
[485.684s][info][gc,phases      ] GC(1163)   Evacuate Collection Set: 115.69ms
[485.684s][info][gc,phases      ] GC(1163)   Post Evacuate Collection Set: 0.68ms
[485.684s][info][gc,phases      ] GC(1163)   Other: 0.09ms
[485.684s][info][gc,heap        ] GC(1163) Eden regions: 417->0(430)
[485.684s][info][gc,heap        ] GC(1163) Survivor regions: 44->58(58)
[485.684s][info][gc,heap        ] GC(1163) Old regions: 328->374
[485.684s][info][gc,heap        ] GC(1163) Humongous regions: 5->5
[485.684s][info][gc,metaspace   ] GC(1163) Metaspace: 19023K(19200K)->19023K(19200K) NonClass: 16359K(16448K)->16359K(16448K) Class: 2664K(2752K)->2664K(2752K)
[485.684s][info][gc             ] GC(1163) Pause Young (Normal) (G1 Evacuation Pause) 793M->436M(978M) 118.145ms
[485.684s][info][gc,cpu         ] GC(1163) User=0.23s Sys=0.00s Real=0.12s
[485.724s][info][gc,marking     ] GC(1162) Concurrent Rebuild Remembered Sets and Scrub Regions 362.969ms
[485.725s][info][gc,start       ] GC(1162) Pause Cleanup
[485.725s][info][gc             ] GC(1162) Pause Cleanup 459M->459M(978M) 0.092ms
[485.725s][info][gc,cpu         ] GC(1162) User=0.00s Sys=0.00s Real=0.00s
[485.726s][info][gc,marking     ] GC(1162) Concurrent Clear Claimed Marks
[485.726s][info][gc,marking     ] GC(1162) Concurrent Clear Claimed Marks 0.053ms
[485.726s][info][gc,marking     ] GC(1162) Concurrent Cleanup for Next Mark
[485.732s][info][gc,marking     ] GC(1162) Concurrent Cleanup for Next Mark 5.884ms
[485.732s][info][gc             ] GC(1162) Concurrent Mark Cycle 1143.149ms
[486.120s][info][gc,start       ] GC(1164) Pause Young (Prepare Mixed) (G1 Evacuation Pause)
[486.120s][info][gc,task        ] GC(1164) Using 2 workers of 2 for evacuation
[486.219s][info][gc,phases      ] GC(1164)   Pre Evacuate Collection Set: 0.35ms
[486.219s][info][gc,phases      ] GC(1164)   Merge Heap Roots: 0.37ms
[486.219s][info][gc,phases      ] GC(1164)   Evacuate Collection Set: 97.17ms
[486.219s][info][gc,phases      ] GC(1164)   Post Evacuate Collection Set: 0.71ms
[486.219s][info][gc,phases      ] GC(1164)   Other: 0.09ms
[486.219s][info][gc,heap        ] GC(1164) Eden regions: 430->0(389)
[486.219s][info][gc,heap        ] GC(1164) Survivor regions: 58->36(61)
[486.219s][info][gc,heap        ] GC(1164) Old regions: 374->432
[486.219s][info][gc,heap        ] GC(1164) Humongous regions: 5->5
[486.219s][info][gc,metaspace   ] GC(1164) Metaspace: 19023K(19200K)->19023K(19200K) NonClass: 16359K(16448K)->16359K(16448K) Class: 2664K(2752K)->2664K(2752K)
[486.219s][info][gc             ] GC(1164) Pause Young (Prepare Mixed) (G1 Evacuation Pause) 866M->472M(978M) 98.888ms
[486.219s][info][gc,cpu         ] GC(1164) User=0.20s Sys=0.00s Real=0.10s
[486.481s][info][gc,start       ] GC(1165) Pause Young (Mixed) (G1 Evacuation Pause)
[486.481s][info][gc,task        ] GC(1165) Using 2 workers of 2 for evacuation
[486.583s][info][gc,phases      ] GC(1165)   Pre Evacuate Collection Set: 0.53ms
[486.583s][info][gc,phases      ] GC(1165)   Merge Heap Roots: 0.56ms
[486.583s][info][gc,phases      ] GC(1165)   Evacuate Collection Set: 99.76ms
[486.583s][info][gc,phases      ] GC(1165)   Post Evacuate Collection Set: 0.78ms
[486.583s][info][gc,phases      ] GC(1165)   Other: 0.11ms
[486.583s][info][gc,heap        ] GC(1165) Eden regions: 389->0(353)
[486.583s][info][gc,heap        ] GC(1165) Survivor regions: 36->54(54)
[486.583s][info][gc,heap        ] GC(1165) Old regions: 432->438
[486.583s][info][gc,heap        ] GC(1165) Humongous regions: 5->5
[486.583s][info][gc,metaspace   ] GC(1165) Metaspace: 19023K(19200K)->19023K(19200K) NonClass: 16359K(16448K)->16359K(16448K) Class: 2664K(2752K)->2664K(2752K)
[486.583s][info][gc             ] GC(1165) Pause Young (Mixed) (G1 Evacuation Pause) 861M->496M(978M) 101.992ms
[486.583s][info][gc,cpu         ] GC(1165) User=0.20s Sys=0.00s Real=0.10s
[486.919s][info][gc,start       ] GC(1166) Pause Young (Concurrent Start) (G1 Evacuation Pause)
[486.919s][info][gc,task        ] GC(1166) Using 2 workers of 2 for evacuation
[486.984s][info][gc,phases      ] GC(1166)   Pre Evacuate Collection Set: 0.34ms
[486.984s][info][gc,phases      ] GC(1166)   Merge Heap Roots: 0.29ms
[486.984s][info][gc,phases      ] GC(1166)   Evacuate Collection Set: 63.90ms
[486.984s][info][gc,phases      ] GC(1166)   Post Evacuate Collection Set: 0.63ms
[486.984s][info][gc,phases      ] GC(1166)   Other: 0.11ms
[486.984s][info][gc,heap        ] GC(1166) Eden regions: 353->0(352)
[486.984s][info][gc,heap        ] GC(1166) Survivor regions: 54->16(51)
[486.984s][info][gc,heap        ] GC(1166) Old regions: 438->492
[486.984s][info][gc,heap        ] GC(1166) Humongous regions: 5->5
[486.984s][info][gc,metaspace   ] GC(1166) Metaspace: 19023K(19200K)->19023K(19200K) NonClass: 16359K(16448K)->16359K(16448K) Class: 2664K(2752K)->2664K(2752K)
[486.984s][info][gc             ] GC(1166) Pause Young (Concurrent Start) (G1 Evacuation Pause) 849M->512M(978M) 65.517ms
[486.984s][info][gc             ] GC(1167) Concurrent Mark Cycle
[486.984s][info][gc,marking     ] GC(1167) Concurrent Scan Root Regions
[486.984s][info][gc,cpu         ] GC(1166) User=0.13s Sys=0.00s Real=0.07s
[487.071s][info][gc,marking     ] GC(1167) Concurrent Scan Root Regions 86.677ms
[487.071s][info][gc,marking     ] GC(1167) Concurrent Mark
[487.071s][info][gc,marking     ] GC(1167) Concurrent Mark From Roots
[487.071s][info][gc,task        ] GC(1167) Using 1 workers of 1 for marking
[487.549s][info][gc,start       ] GC(1168) Pause Young (Normal) (G1 Evacuation Pause)
[487.549s][info][gc,task        ] GC(1168) Using 2 workers of 2 for evacuation
[487.581s][info][gc,phases      ] GC(1168)   Pre Evacuate Collection Set: 0.30ms
[487.581s][info][gc,phases      ] GC(1168)   Merge Heap Roots: 0.23ms
[487.581s][info][gc,phases      ] GC(1168)   Evacuate Collection Set: 31.05ms
[487.581s][info][gc,phases      ] GC(1168)   Post Evacuate Collection Set: 0.55ms
[487.581s][info][gc,phases      ] GC(1168)   Other: 0.10ms
[487.581s][info][gc,heap        ] GC(1168) Eden regions: 352->0(357)
[487.581s][info][gc,heap        ] GC(1168) Survivor regions: 16->27(46)
[487.581s][info][gc,heap        ] GC(1168) Old regions: 492->492
[487.581s][info][gc,heap        ] GC(1168) Humongous regions: 5->5
[487.581s][info][gc,metaspace   ] GC(1168) Metaspace: 19023K(19200K)->19023K(19200K) NonClass: 16359K(16448K)->16359K(16448K) Class: 2664K(2752K)->2664K(2752K)
[487.581s][info][gc             ] GC(1168) Pause Young (Normal) (G1 Evacuation Pause) 864M->523M(978M) 32.500ms
[487.581s][info][gc,cpu         ] GC(1168) User=0.07s Sys=0.00s Real=0.04s
[488.294s][info][gc,marking     ] GC(1167) Concurrent Mark From Roots 1223.366ms
[488.294s][info][gc,marking     ] GC(1167) Concurrent Preclean
[488.294s][info][gc,marking     ] GC(1167) Concurrent Preclean 0.052ms
[488.295s][info][gc,start       ] GC(1167) Pause Remark
[488.302s][info][gc             ] GC(1167) Pause Remark 765M->765M(978M) 7.648ms
[488.302s][info][gc,cpu         ] GC(1167) User=0.01s Sys=0.00s Real=0.01s
[488.303s][info][gc,marking     ] GC(1167) Concurrent Mark 1232.488ms
[488.303s][info][gc,marking     ] GC(1167) Concurrent Rebuild Remembered Sets and Scrub Regions
[488.569s][info][gc,start       ] GC(1169) Pause Young (Normal) (G1 Evacuation Pause)
[488.569s][info][gc,task        ] GC(1169) Using 2 workers of 2 for evacuation
[488.654s][info][gc,phases      ] GC(1169)   Pre Evacuate Collection Set: 0.30ms
[488.654s][info][gc,phases      ] GC(1169)   Merge Heap Roots: 0.61ms
[488.654s][info][gc,phases      ] GC(1169)   Evacuate Collection Set: 83.29ms
[488.654s][info][gc,phases      ] GC(1169)   Post Evacuate Collection Set: 0.69ms
[488.654s][info][gc,phases      ] GC(1169)   Other: 0.10ms
[488.654s][info][gc,heap        ] GC(1169) Eden regions: 357->0(312)
[488.654s][info][gc,heap        ] GC(1169) Survivor regions: 27->48(48)
[488.654s][info][gc,heap        ] GC(1169) Old regions: 492->509
[488.654s][info][gc,heap        ] GC(1169) Humongous regions: 8->8
[488.654s][info][gc,metaspace   ] GC(1169) Metaspace: 19023K(19200K)->19023K(19200K) NonClass: 16359K(16448K)->16359K(16448K) Class: 2664K(2752K)->2664K(2752K)
[488.654s][info][gc             ] GC(1169) Pause Young (Normal) (G1 Evacuation Pause) 883M->564M(978M) 85.250ms
[488.654s][info][gc,cpu         ] GC(1169) User=0.17s Sys=0.00s Real=0.09s
[488.827s][info][gc,marking     ] GC(1167) Concurrent Rebuild Remembered Sets and Scrub Regions 523.160ms
[488.827s][info][gc,start       ] GC(1167) Pause Cleanup
[488.827s][info][gc             ] GC(1167) Pause Cleanup 660M->660M(978M) 0.083ms
[488.827s][info][gc,cpu         ] GC(1167) User=0.00s Sys=0.00s Real=0.00s
[488.828s][info][gc,marking     ] GC(1167) Concurrent Clear Claimed Marks
[488.828s][info][gc,marking     ] GC(1167) Concurrent Clear Claimed Marks 0.060ms
[488.828s][info][gc,marking     ] GC(1167) Concurrent Cleanup for Next Mark
[488.833s][info][gc,marking     ] GC(1167) Concurrent Cleanup for Next Mark 4.854ms
[488.833s][info][gc             ] GC(1167) Concurrent Mark Cycle 1848.931ms
[489.079s][info][gc,start       ] GC(1170) Pause Young (Prepare Mixed) (G1 Evacuation Pause)
[489.079s][info][gc,task        ] GC(1170) Using 2 workers of 2 for evacuation
[489.160s][info][gc,phases      ] GC(1170)   Pre Evacuate Collection Set: 0.33ms
[489.160s][info][gc,phases      ] GC(1170)   Merge Heap Roots: 0.48ms
[489.160s][info][gc,phases      ] GC(1170)   Evacuate Collection Set: 79.98ms
[489.160s][info][gc,phases      ] GC(1170)   Post Evacuate Collection Set: 0.58ms
[489.160s][info][gc,phases      ] GC(1170)   Other: 0.11ms
[489.160s][info][gc,heap        ] GC(1170) Eden regions: 312->0(304)
[489.160s][info][gc,heap        ] GC(1170) Survivor regions: 48->17(45)
[489.160s][info][gc,heap        ] GC(1170) Old regions: 509->557
[489.160s][info][gc,heap        ] GC(1170) Humongous regions: 8->8
[489.160s][info][gc,metaspace   ] GC(1170) Metaspace: 19023K(19200K)->19023K(19200K) NonClass: 16359K(16448K)->16359K(16448K) Class: 2664K(2752K)->2664K(2752K)
[489.160s][info][gc             ] GC(1170) Pause Young (Prepare Mixed) (G1 Evacuation Pause) 876M->581M(978M) 81.784ms
[489.160s][info][gc,cpu         ] GC(1170) User=0.16s Sys=0.00s Real=0.09s
[489.480s][info][gc,start       ] GC(1171) Pause Young (Mixed) (G1 Evacuation Pause)
[489.480s][info][gc,task        ] GC(1171) Using 2 workers of 2 for evacuation
[489.547s][info][gc,phases      ] GC(1171)   Pre Evacuate Collection Set: 0.53ms
[489.547s][info][gc,phases      ] GC(1171)   Merge Heap Roots: 0.44ms
[489.547s][info][gc,phases      ] GC(1171)   Evacuate Collection Set: 65.23ms
[489.547s][info][gc,phases      ] GC(1171)   Post Evacuate Collection Set: 0.56ms
[489.547s][info][gc,phases      ] GC(1171)   Other: 0.10ms
[489.547s][info][gc,heap        ] GC(1171) Eden regions: 304->0(322)
[489.547s][info][gc,heap        ] GC(1171) Survivor regions: 17->22(41)
[489.547s][info][gc,heap        ] GC(1171) Old regions: 557->548
[489.547s][info][gc,heap        ] GC(1171) Humongous regions: 8->8
[489.547s][info][gc,metaspace   ] GC(1171) Metaspace: 19023K(19200K)->19023K(19200K) NonClass: 16359K(16448K)->16359K(16448K) Class: 2664K(2752K)->2664K(2752K)
[489.547s][info][gc             ] GC(1171) Pause Young (Mixed) (G1 Evacuation Pause) 885M->576M(978M) 67.111ms
[489.547s][info][gc,cpu         ] GC(1171) User=0.13s Sys=0.00s Real=0.07s
[490.172s][info][gc,start       ] GC(1172) Pause Young (Concurrent Start) (G1 Evacuation Pause)
[490.172s][info][gc,task        ] GC(1172) Using 2 workers of 2 for evacuation
[490.202s][info][gc,phases      ] GC(1172)   Pre Evacuate Collection Set: 0.30ms
[490.202s][info][gc,phases      ] GC(1172)   Merge Heap Roots: 0.30ms
[490.202s][info][gc,phases      ] GC(1172)   Evacuate Collection Set: 28.55ms
[490.202s][info][gc,phases      ] GC(1172)   Post Evacuate Collection Set: 0.57ms
[490.202s][info][gc,phases      ] GC(1172)   Other: 0.10ms
[490.202s][info][gc,heap        ] GC(1172) Eden regions: 322->0(324)
[490.202s][info][gc,heap        ] GC(1172) Survivor regions: 22->24(43)
[490.202s][info][gc,heap        ] GC(1172) Old regions: 548->548
[490.202s][info][gc,heap        ] GC(1172) Humongous regions: 8->8
[490.202s][info][gc,metaspace   ] GC(1172) Metaspace: 19027K(19200K)->19027K(19200K) NonClass: 16362K(16448K)->16362K(16448K) Class: 2664K(2752K)->2664K(2752K)
[490.202s][info][gc             ] GC(1172) Pause Young (Concurrent Start) (G1 Evacuation Pause) 898M->579M(978M) 30.046ms
[490.202s][info][gc,cpu         ] GC(1172) User=0.06s Sys=0.00s Real=0.03s
[490.202s][info][gc             ] GC(1173) Concurrent Mark Cycle
[490.202s][info][gc,marking     ] GC(1173) Concurrent Scan Root Regions
[490.247s][info][gc,marking     ] GC(1173) Concurrent Scan Root Regions 44.754ms
[490.247s][info][gc,marking     ] GC(1173) Concurrent Mark
[490.247s][info][gc,marking     ] GC(1173) Concurrent Mark From Roots
[490.247s][info][gc,task        ] GC(1173) Using 1 workers of 1 for marking
[491.836s][info][gc,marking     ] GC(1173) Concurrent Mark From Roots 1588.782ms
[491.836s][info][gc,marking     ] GC(1173) Concurrent Preclean
[491.836s][info][gc,marking     ] GC(1173) Concurrent Preclean 0.052ms
[491.836s][info][gc,start       ] GC(1173) Pause Remark
[491.843s][info][gc             ] GC(1173) Pause Remark 887M->886M(978M) 7.639ms
[491.844s][info][gc,cpu         ] GC(1173) User=0.01s Sys=0.00s Real=0.01s
[491.844s][info][gc,marking     ] GC(1173) Concurrent Mark 1596.783ms
[491.844s][info][gc,marking     ] GC(1173) Concurrent Rebuild Remembered Sets and Scrub Regions
[491.886s][info][gc,start       ] GC(1174) Pause Young (Normal) (G1 Evacuation Pause)
[491.886s][info][gc,task        ] GC(1174) Using 2 workers of 2 for evacuation
[491.935s][info][gc,phases      ] GC(1174)   Pre Evacuate Collection Set: 0.25ms
[491.935s][info][gc,phases      ] GC(1174)   Merge Heap Roots: 0.27ms
[491.935s][info][gc,phases      ] GC(1174)   Evacuate Collection Set: 47.95ms
[491.935s][info][gc,phases      ] GC(1174)   Post Evacuate Collection Set: 0.55ms
[491.935s][info][gc,phases      ] GC(1174)   Other: 0.12ms
[491.935s][info][gc,heap        ] GC(1174) Eden regions: 324->0(299)
[491.935s][info][gc,heap        ] GC(1174) Survivor regions: 24->29(44)
[491.935s][info][gc,heap        ] GC(1174) Old regions: 548->564
[491.935s][info][gc,heap        ] GC(1174) Humongous regions: 7->7
[491.935s][info][gc,metaspace   ] GC(1174) Metaspace: 19027K(19200K)->19027K(19200K) NonClass: 16362K(16448K)->16362K(16448K) Class: 2664K(2752K)->2664K(2752K)
[491.935s][info][gc             ] GC(1174) Pause Young (Normal) (G1 Evacuation Pause) 902M->599M(978M) 49.303ms
[491.935s][info][gc,cpu         ] GC(1174) User=0.10s Sys=0.00s Real=0.05s
[492.408s][info][gc,marking     ] GC(1173) Concurrent Rebuild Remembered Sets and Scrub Regions 564.641ms
[492.409s][info][gc,start       ] GC(1173) Pause Cleanup
[492.409s][info][gc             ] GC(1173) Pause Cleanup 787M->787M(978M) 0.091ms
[492.409s][info][gc,cpu         ] GC(1173) User=0.00s Sys=0.00s Real=0.00s
[492.410s][info][gc,marking     ] GC(1173) Concurrent Clear Claimed Marks
[492.410s][info][gc,marking     ] GC(1173) Concurrent Clear Claimed Marks 0.031ms
[492.410s][info][gc,marking     ] GC(1173) Concurrent Cleanup for Next Mark
[492.417s][info][gc,marking     ] GC(1173) Concurrent Cleanup for Next Mark 6.696ms
[492.417s][info][gc             ] GC(1173) Concurrent Mark Cycle 2215.217ms
[492.787s][info][gc,start       ] GC(1175) Pause Young (Prepare Mixed) (G1 Evacuation Pause)
[492.787s][info][gc,task        ] GC(1175) Using 2 workers of 2 for evacuation
[492.822s][info][gc,phases      ] GC(1175)   Pre Evacuate Collection Set: 0.53ms
[492.822s][info][gc,phases      ] GC(1175)   Merge Heap Roots: 0.38ms
[492.822s][info][gc,phases      ] GC(1175)   Evacuate Collection Set: 33.78ms
[492.822s][info][gc,phases      ] GC(1175)   Post Evacuate Collection Set: 0.59ms
[492.822s][info][gc,phases      ] GC(1175)   Other: 0.11ms
[492.822s][info][gc,heap        ] GC(1175) Eden regions: 299->0(322)
[492.822s][info][gc,heap        ] GC(1175) Survivor regions: 29->1(41)
[492.822s][info][gc,heap        ] GC(1175) Old regions: 564->593
[492.822s][info][gc,heap        ] GC(1175) Humongous regions: 7->7
[492.822s][info][gc,metaspace   ] GC(1175) Metaspace: 19027K(19200K)->19027K(19200K) NonClass: 16362K(16448K)->16362K(16448K) Class: 2664K(2752K)->2664K(2752K)
[492.822s][info][gc             ] GC(1175) Pause Young (Prepare Mixed) (G1 Evacuation Pause) 898M->600M(978M) 35.664ms
[492.822s][info][gc,cpu         ] GC(1175) User=0.07s Sys=0.00s Real=0.04s
[494.157s][info][gc,start       ] GC(1176) Pause Young (Mixed) (G1 Evacuation Pause)
[494.157s][info][gc,task        ] GC(1176) Using 2 workers of 2 for evacuation
[494.168s][info][gc,phases      ] GC(1176)   Pre Evacuate Collection Set: 0.34ms
[494.168s][info][gc,phases      ] GC(1176)   Merge Heap Roots: 0.22ms
[494.168s][info][gc,phases      ] GC(1176)   Evacuate Collection Set: 9.73ms
[494.168s][info][gc,phases      ] GC(1176)   Post Evacuate Collection Set: 0.54ms
[494.168s][info][gc,phases      ] GC(1176)   Other: 0.08ms
[494.168s][info][gc,heap        ] GC(1176) Eden regions: 322->0(328)
[494.168s][info][gc,heap        ] GC(1176) Survivor regions: 1->3(41)
[494.168s][info][gc,heap        ] GC(1176) Old regions: 593->587
[494.168s][info][gc,heap        ] GC(1176) Humongous regions: 7->7
[494.169s][info][gc,metaspace   ] GC(1176) Metaspace: 19032K(19200K)->19032K(19200K) NonClass: 16368K(16448K)->16368K(16448K) Class: 2664K(2752K)->2664K(2752K)
[494.169s][info][gc             ] GC(1176) Pause Young (Mixed) (G1 Evacuation Pause) 922M->596M(978M) 11.122ms
[494.169s][info][gc,cpu         ] GC(1176) User=0.02s Sys=0.00s Real=0.01s
[494.726s][info][gc,start       ] GC(1177) Pause Young (Concurrent Start) (G1 Evacuation Pause)
[494.727s][info][gc,task        ] GC(1177) Using 2 workers of 2 for evacuation
[494.784s][info][gc,phases      ] GC(1177)   Pre Evacuate Collection Set: 0.42ms
[494.784s][info][gc,phases      ] GC(1177)   Merge Heap Roots: 0.12ms
[494.784s][info][gc,phases      ] GC(1177)   Evacuate Collection Set: 54.86ms
[494.784s][info][gc,phases      ] GC(1177)   Post Evacuate Collection Set: 2.31ms
[494.785s][info][gc,phases      ] GC(1177)   Other: 0.17ms
[494.785s][info][gc,heap        ] GC(1177) Eden regions: 328->0(220)
[494.785s][info][gc,heap        ] GC(1177) Survivor regions: 3->42(42)
[494.785s][info][gc,heap        ] GC(1177) Old regions: 587->617
[494.785s][info][gc,heap        ] GC(1177) Humongous regions: 7->7
[494.785s][info][gc,metaspace   ] GC(1177) Metaspace: 19039K(19200K)->19039K(19200K) NonClass: 16375K(16448K)->16375K(16448K) Class: 2664K(2752K)->2664K(2752K)
[494.785s][info][gc             ] GC(1177) Pause Young (Concurrent Start) (G1 Evacuation Pause) (Evacuation Failure: Allocation) 924M->665M(978M) 58.094ms
[494.785s][info][gc             ] GC(1178) Concurrent Mark Cycle
[494.785s][info][gc,marking     ] GC(1178) Concurrent Scan Root Regions
[494.786s][info][gc,cpu         ] GC(1177) User=0.12s Sys=0.00s Real=0.06s
[494.843s][info][gc,marking     ] GC(1178) Concurrent Scan Root Regions 58.343ms
[494.843s][info][gc,marking     ] GC(1178) Concurrent Mark
[494.843s][info][gc,marking     ] GC(1178) Concurrent Mark From Roots
[494.843s][info][gc,task        ] GC(1178) Using 1 workers of 1 for marking
[495.193s][info][gc,start       ] GC(1179) Pause Young (Normal) (G1 Evacuation Pause)
[495.194s][info][gc,task        ] GC(1179) Using 2 workers of 2 for evacuation
[495.309s][info][gc,phases      ] GC(1179)   Pre Evacuate Collection Set: 0.51ms
[495.309s][info][gc,phases      ] GC(1179)   Merge Heap Roots: 0.36ms
[495.309s][info][gc,phases      ] GC(1179)   Evacuate Collection Set: 105.38ms
[495.309s][info][gc,phases      ] GC(1179)   Post Evacuate Collection Set: 8.62ms
[495.309s][info][gc,phases      ] GC(1179)   Other: 0.11ms
[495.309s][info][gc,heap        ] GC(1179) Eden regions: 220->0(97)
[495.309s][info][gc,heap        ] GC(1179) Survivor regions: 42->33(33)
[495.309s][info][gc,heap        ] GC(1179) Old regions: 617->758
[495.309s][info][gc,heap        ] GC(1179) Humongous regions: 7->7
[495.309s][info][gc,metaspace   ] GC(1179) Metaspace: 19039K(19200K)->19039K(19200K) NonClass: 16375K(16448K)->16375K(16448K) Class: 2664K(2752K)->2664K(2752K)
[495.309s][info][gc             ] GC(1179) Pause Young (Normal) (G1 Evacuation Pause) (Evacuation Failure: Allocation) 885M->797M(978M) 115.228ms
[495.309s][info][gc,cpu         ] GC(1179) User=0.23s Sys=0.00s Real=0.11s
[495.596s][info][gc,start       ] GC(1180) Pause Young (Normal) (G1 Evacuation Pause)
[495.596s][info][gc,task        ] GC(1180) Using 2 workers of 2 for evacuation
[495.689s][info][gc,phases      ] GC(1180)   Pre Evacuate Collection Set: 0.57ms
[495.689s][info][gc,phases      ] GC(1180)   Merge Heap Roots: 0.44ms
[495.689s][info][gc,phases      ] GC(1180)   Evacuate Collection Set: 86.83ms
[495.689s][info][gc,phases      ] GC(1180)   Post Evacuate Collection Set: 4.91ms
[495.689s][info][gc,phases      ] GC(1180)   Other: 0.09ms
[495.689s][info][gc,heap        ] GC(1180) Eden regions: 97->0(98)
[495.689s][info][gc,heap        ] GC(1180) Survivor regions: 33->17(17)
[495.689s][info][gc,heap        ] GC(1180) Old regions: 758->788
[495.689s][info][gc,heap        ] GC(1180) Humongous regions: 8->8
[495.689s][info][gc,metaspace   ] GC(1180) Metaspace: 19039K(19200K)->19039K(19200K) NonClass: 16375K(16448K)->16375K(16448K) Class: 2664K(2752K)->2664K(2752K)
[495.689s][info][gc             ] GC(1180) Pause Young (Normal) (G1 Evacuation Pause) (Evacuation Failure: Allocation) 895M->812M(978M) 93.112ms
[495.689s][info][gc,cpu         ] GC(1180) User=0.18s Sys=0.00s Real=0.09s
[495.847s][info][gc,start       ] GC(1181) Pause Young (Normal) (G1 Evacuation Pause)
[495.848s][info][gc,task        ] GC(1181) Using 2 workers of 2 for evacuation
[495.903s][info][gc,phases      ] GC(1181)   Pre Evacuate Collection Set: 0.36ms
[495.903s][info][gc,phases      ] GC(1181)   Merge Heap Roots: 0.63ms
[495.903s][info][gc,phases      ] GC(1181)   Evacuate Collection Set: 53.39ms
[495.903s][info][gc,phases      ] GC(1181)   Post Evacuate Collection Set: 0.61ms
[495.903s][info][gc,phases      ] GC(1181)   Other: 0.12ms
[495.903s][info][gc,heap        ] GC(1181) Eden regions: 98->0(129)
[495.903s][info][gc,heap        ] GC(1181) Survivor regions: 17->10(15)
[495.903s][info][gc,heap        ] GC(1181) Old regions: 788->752
[495.903s][info][gc,heap        ] GC(1181) Humongous regions: 8->8
[495.903s][info][gc,metaspace   ] GC(1181) Metaspace: 19039K(19200K)->19039K(19200K) NonClass: 16375K(16448K)->16375K(16448K) Class: 2664K(2752K)->2664K(2752K)
[495.903s][info][gc             ] GC(1181) Pause Young (Normal) (G1 Evacuation Pause) 910M->769M(978M) 55.380ms
[495.903s][info][gc,cpu         ] GC(1181) User=0.11s Sys=0.00s Real=0.06s
[496.135s][info][gc,start       ] GC(1182) Pause Young (Normal) (G1 Evacuation Pause)
[496.135s][info][gc,task        ] GC(1182) Using 2 workers of 2 for evacuation
[496.185s][info][gc,phases      ] GC(1182)   Pre Evacuate Collection Set: 0.32ms
[496.185s][info][gc,phases      ] GC(1182)   Merge Heap Roots: 0.68ms
[496.185s][info][gc,phases      ] GC(1182)   Evacuate Collection Set: 49.09ms
[496.185s][info][gc,phases      ] GC(1182)   Post Evacuate Collection Set: 0.45ms
[496.185s][info][gc,phases      ] GC(1182)   Other: 0.08ms
[496.185s][info][gc,heap        ] GC(1182) Eden regions: 129->0(123)
[496.185s][info][gc,heap        ] GC(1182) Survivor regions: 10->14(18)
[496.185s][info][gc,heap        ] GC(1182) Old regions: 752->762
[496.185s][info][gc,heap        ] GC(1182) Humongous regions: 11->11
[496.185s][info][gc,metaspace   ] GC(1182) Metaspace: 19047K(19200K)->19047K(19200K) NonClass: 16383K(16448K)->16383K(16448K) Class: 2664K(2752K)->2664K(2752K)
[496.185s][info][gc             ] GC(1182) Pause Young (Normal) (G1 Evacuation Pause) 901M->786M(978M) 50.847ms
[496.185s][info][gc,cpu         ] GC(1182) User=0.10s Sys=0.00s Real=0.05s
[496.409s][info][gc,start       ] GC(1183) Pause Young (Normal) (G1 Evacuation Pause)
[496.409s][info][gc,task        ] GC(1183) Using 2 workers of 2 for evacuation
[496.465s][info][gc,phases      ] GC(1183)   Pre Evacuate Collection Set: 0.52ms
[496.465s][info][gc,phases      ] GC(1183)   Merge Heap Roots: 0.45ms
[496.465s][info][gc,phases      ] GC(1183)   Evacuate Collection Set: 55.09ms
[496.465s][info][gc,phases      ] GC(1183)   Post Evacuate Collection Set: 0.44ms
[496.465s][info][gc,phases      ] GC(1183)   Other: 0.09ms
[496.465s][info][gc,heap        ] GC(1183) Eden regions: 123->0(104)
[496.465s][info][gc,heap        ] GC(1183) Survivor regions: 14->18(18)
[496.465s][info][gc,heap        ] GC(1183) Old regions: 762->777
[496.465s][info][gc,heap        ] GC(1183) Humongous regions: 11->11
[496.465s][info][gc,metaspace   ] GC(1183) Metaspace: 19047K(19200K)->19047K(19200K) NonClass: 16383K(16448K)->16383K(16448K) Class: 2664K(2752K)->2664K(2752K)
[496.465s][info][gc             ] GC(1183) Pause Young (Normal) (G1 Evacuation Pause) 909M->805M(978M) 56.869ms
[496.465s][info][gc,cpu         ] GC(1183) User=0.11s Sys=0.01s Real=0.06s
[496.624s][info][gc,start       ] GC(1184) Pause Young (Normal) (G1 Evacuation Pause)
[496.624s][info][gc,task        ] GC(1184) Using 2 workers of 2 for evacuation
[496.653s][info][gc,phases      ] GC(1184)   Pre Evacuate Collection Set: 0.56ms
[496.653s][info][gc,phases      ] GC(1184)   Merge Heap Roots: 0.47ms
[496.653s][info][gc,phases      ] GC(1184)   Evacuate Collection Set: 27.53ms
[496.653s][info][gc,phases      ] GC(1184)   Post Evacuate Collection Set: 0.37ms
[496.653s][info][gc,phases      ] GC(1184)   Other: 0.09ms
[496.653s][info][gc,heap        ] GC(1184) Eden regions: 104->0(116)
[496.653s][info][gc,heap        ] GC(1184) Survivor regions: 18->3(16)
[496.653s][info][gc,heap        ] GC(1184) Old regions: 777->795
[496.653s][info][gc,heap        ] GC(1184) Humongous regions: 11->11
[496.653s][info][gc,metaspace   ] GC(1184) Metaspace: 19047K(19200K)->19047K(19200K) NonClass: 16383K(16448K)->16383K(16448K) Class: 2664K(2752K)->2664K(2752K)
[496.653s][info][gc             ] GC(1184) Pause Young (Normal) (G1 Evacuation Pause) 909M->808M(978M) 29.282ms
[496.653s][info][gc,cpu         ] GC(1184) User=0.06s Sys=0.00s Real=0.03s
[496.767s][info][gc,start       ] GC(1185) Pause Young (Normal) (G1 Evacuation Pause)
[496.767s][info][gc,task        ] GC(1185) Using 2 workers of 2 for evacuation
[496.801s][info][gc,phases      ] GC(1185)   Pre Evacuate Collection Set: 0.32ms
[496.801s][info][gc,phases      ] GC(1185)   Merge Heap Roots: 0.16ms
[496.801s][info][gc,phases      ] GC(1185)   Evacuate Collection Set: 32.68ms
[496.801s][info][gc,phases      ] GC(1185)   Post Evacuate Collection Set: 0.34ms
[496.801s][info][gc,phases      ] GC(1185)   Other: 0.08ms
[496.801s][info][gc,heap        ] GC(1185) Eden regions: 116->0(76)
[496.801s][info][gc,heap        ] GC(1185) Survivor regions: 3->15(15)
[496.801s][info][gc,heap        ] GC(1185) Old regions: 795->811
[496.801s][info][gc,heap        ] GC(1185) Humongous regions: 11->11
[496.801s][info][gc,metaspace   ] GC(1185) Metaspace: 19047K(19200K)->19047K(19200K) NonClass: 16383K(16448K)->16383K(16448K) Class: 2664K(2752K)->2664K(2752K)
[496.801s][info][gc             ] GC(1185) Pause Young (Normal) (G1 Evacuation Pause) 924M->836M(978M) 33.807ms
[496.801s][info][gc,cpu         ] GC(1185) User=0.07s Sys=0.00s Real=0.04s
[496.892s][info][gc,marking     ] GC(1178) Concurrent Mark From Roots 2048.777ms
[496.892s][info][gc,marking     ] GC(1178) Concurrent Preclean
[496.892s][info][gc,marking     ] GC(1178) Concurrent Preclean 0.048ms
[496.892s][info][gc,start       ] GC(1178) Pause Remark
[496.900s][info][gc             ] GC(1178) Pause Remark 904M->829M(978M) 7.873ms
[496.900s][info][gc,cpu         ] GC(1178) User=0.01s Sys=0.00s Real=0.00s
[496.902s][info][gc,marking     ] GC(1178) Concurrent Mark 2059.071ms
[496.902s][info][gc,marking     ] GC(1178) Concurrent Rebuild Remembered Sets and Scrub Regions
[496.918s][info][gc,start       ] GC(1186) Pause Young (Normal) (G1 Evacuation Pause)
[496.918s][info][gc,task        ] GC(1186) Using 2 workers of 2 for evacuation
[496.934s][info][gc,phases      ] GC(1186)   Pre Evacuate Collection Set: 0.25ms
[496.934s][info][gc,phases      ] GC(1186)   Merge Heap Roots: 0.11ms
[496.934s][info][gc,phases      ] GC(1186)   Evacuate Collection Set: 15.82ms
[496.934s][info][gc,phases      ] GC(1186)   Post Evacuate Collection Set: 0.28ms
[496.934s][info][gc,phases      ] GC(1186)   Other: 0.09ms
[496.934s][info][gc,heap        ] GC(1186) Eden regions: 76->0(147)
[496.934s][info][gc,heap        ] GC(1186) Survivor regions: 15->1(12)
[496.934s][info][gc,heap        ] GC(1186) Old regions: 738->754
[496.934s][info][gc,heap        ] GC(1186) Humongous regions: 9->9
[496.934s][info][gc,metaspace   ] GC(1186) Metaspace: 19047K(19200K)->19047K(19200K) NonClass: 16383K(16448K)->16383K(16448K) Class: 2664K(2752K)->2664K(2752K)
[496.934s][info][gc             ] GC(1186) Pause Young (Normal) (G1 Evacuation Pause) 837M->763M(978M) 16.684ms
[496.934s][info][gc,cpu         ] GC(1186) User=0.04s Sys=0.00s Real=0.02s
[497.095s][info][gc,start       ] GC(1187) Pause Young (Normal) (G1 Evacuation Pause)
[497.095s][info][gc,task        ] GC(1187) Using 2 workers of 2 for evacuation
[497.129s][info][gc,phases      ] GC(1187)   Pre Evacuate Collection Set: 0.44ms
[497.129s][info][gc,phases      ] GC(1187)   Merge Heap Roots: 0.08ms
[497.129s][info][gc,phases      ] GC(1187)   Evacuate Collection Set: 33.44ms
[497.129s][info][gc,phases      ] GC(1187)   Post Evacuate Collection Set: 0.46ms
[497.129s][info][gc,phases      ] GC(1187)   Other: 0.08ms
[497.129s][info][gc,heap        ] GC(1187) Eden regions: 147->0(109)
[497.129s][info][gc,heap        ] GC(1187) Survivor regions: 1->19(19)
[497.129s][info][gc,heap        ] GC(1187) Old regions: 754->772
[497.129s][info][gc,heap        ] GC(1187) Humongous regions: 9->9
[497.129s][info][gc,metaspace   ] GC(1187) Metaspace: 19047K(19200K)->19047K(19200K) NonClass: 16383K(16448K)->16383K(16448K) Class: 2664K(2752K)->2664K(2752K)
[497.129s][info][gc             ] GC(1187) Pause Young (Normal) (G1 Evacuation Pause) 910M->799M(978M) 34.710ms
[497.129s][info][gc,cpu         ] GC(1187) User=0.07s Sys=0.00s Real=0.03s
[497.263s][info][gc,start       ] GC(1188) Pause Young (Normal) (G1 Evacuation Pause)
[497.263s][info][gc,task        ] GC(1188) Using 2 workers of 2 for evacuation
[497.307s][info][gc,phases      ] GC(1188)   Pre Evacuate Collection Set: 0.31ms
[497.307s][info][gc,phases      ] GC(1188)   Merge Heap Roots: 0.48ms
[497.307s][info][gc,phases      ] GC(1188)   Evacuate Collection Set: 42.28ms
[497.307s][info][gc,phases      ] GC(1188)   Post Evacuate Collection Set: 0.46ms
[497.307s][info][gc,phases      ] GC(1188)   Other: 0.08ms
[497.307s][info][gc,heap        ] GC(1188) Eden regions: 109->0(99)
[497.307s][info][gc,heap        ] GC(1188) Survivor regions: 19->14(16)
[497.307s][info][gc,heap        ] GC(1188) Old regions: 772->791
[497.307s][info][gc,heap        ] GC(1188) Humongous regions: 10->10
[497.307s][info][gc,metaspace   ] GC(1188) Metaspace: 19047K(19200K)->19047K(19200K) NonClass: 16383K(16448K)->16383K(16448K) Class: 2664K(2752K)->2664K(2752K)
[497.307s][info][gc             ] GC(1188) Pause Young (Normal) (G1 Evacuation Pause) 909M->814M(978M) 43.827ms
[497.307s][info][gc,cpu         ] GC(1188) User=0.08s Sys=0.00s Real=0.04s
[497.374s][info][gc,start       ] GC(1189) Pause Young (Normal) (G1 Evacuation Pause)
[497.374s][info][gc,task        ] GC(1189) Using 2 workers of 2 for evacuation
[497.400s][info][gc,phases      ] GC(1189)   Pre Evacuate Collection Set: 0.30ms
[497.400s][info][gc,phases      ] GC(1189)   Merge Heap Roots: 0.25ms
[497.400s][info][gc,phases      ] GC(1189)   Evacuate Collection Set: 24.99ms
[497.400s][info][gc,phases      ] GC(1189)   Post Evacuate Collection Set: 0.29ms
[497.400s][info][gc,phases      ] GC(1189)   Other: 0.07ms
[497.400s][info][gc,heap        ] GC(1189) Eden regions: 99->0(107)
[497.400s][info][gc,heap        ] GC(1189) Survivor regions: 14->3(15)
[497.400s][info][gc,heap        ] GC(1189) Old regions: 791->805
[497.400s][info][gc,heap        ] GC(1189) Humongous regions: 10->10
[497.400s][info][gc,metaspace   ] GC(1189) Metaspace: 19047K(19200K)->19047K(19200K) NonClass: 16383K(16448K)->16383K(16448K) Class: 2664K(2752K)->2664K(2752K)
[497.400s][info][gc             ] GC(1189) Pause Young (Normal) (G1 Evacuation Pause) 913M->817M(978M) 26.140ms
[497.400s][info][gc,cpu         ] GC(1189) User=0.05s Sys=0.00s Real=0.02s
[497.505s][info][gc,start       ] GC(1190) Pause Young (Normal) (G1 Evacuation Pause)
[497.506s][info][gc,task        ] GC(1190) Using 2 workers of 2 for evacuation
[497.511s][info][gc,phases      ] GC(1190)   Pre Evacuate Collection Set: 0.49ms
[497.511s][info][gc,phases      ] GC(1190)   Merge Heap Roots: 0.09ms
[497.511s][info][gc,phases      ] GC(1190)   Evacuate Collection Set: 4.01ms
[497.511s][info][gc,phases      ] GC(1190)   Post Evacuate Collection Set: 0.29ms
[497.511s][info][gc,phases      ] GC(1190)   Other: 0.08ms
[497.511s][info][gc,heap        ] GC(1190) Eden regions: 107->0(107)
[497.511s][info][gc,heap        ] GC(1190) Survivor regions: 3->3(14)
[497.511s][info][gc,heap        ] GC(1190) Old regions: 805->805
[497.511s][info][gc,heap        ] GC(1190) Humongous regions: 10->10
[497.511s][info][gc,metaspace   ] GC(1190) Metaspace: 19047K(19200K)->19047K(19200K) NonClass: 16383K(16448K)->16383K(16448K) Class: 2664K(2752K)->2664K(2752K)
[497.511s][info][gc             ] GC(1190) Pause Young (Normal) (G1 Evacuation Pause) 924M->817M(978M) 5.162ms
[497.511s][info][gc,cpu         ] GC(1190) User=0.01s Sys=0.01s Real=0.01s
[497.626s][info][gc,start       ] GC(1191) Pause Young (Normal) (G1 Evacuation Pause)
[497.626s][info][gc,task        ] GC(1191) Using 2 workers of 2 for evacuation
[497.632s][info][gc,phases      ] GC(1191)   Pre Evacuate Collection Set: 0.28ms
[497.632s][info][gc,phases      ] GC(1191)   Merge Heap Roots: 0.10ms
[497.632s][info][gc,phases      ] GC(1191)   Evacuate Collection Set: 5.48ms
[497.632s][info][gc,phases      ] GC(1191)   Post Evacuate Collection Set: 0.32ms
[497.632s][info][gc,phases      ] GC(1191)   Other: 0.09ms
[497.632s][info][gc,heap        ] GC(1191) Eden regions: 107->0(105)
[497.632s][info][gc,heap        ] GC(1191) Survivor regions: 3->4(14)
[497.632s][info][gc,heap        ] GC(1191) Old regions: 805->805
[497.632s][info][gc,heap        ] GC(1191) Humongous regions: 10->10
[497.632s][info][gc,metaspace   ] GC(1191) Metaspace: 19047K(19200K)->19047K(19200K) NonClass: 16383K(16448K)->16383K(16448K) Class: 2664K(2752K)->2664K(2752K)
[497.632s][info][gc             ] GC(1191) Pause Young (Normal) (G1 Evacuation Pause) 924M->818M(978M) 6.528ms
[497.632s][info][gc,cpu         ] GC(1191) User=0.01s Sys=0.00s Real=0.01s
[497.721s][info][gc,start       ] GC(1192) Pause Young (Normal) (G1 Evacuation Pause)
[497.721s][info][gc,task        ] GC(1192) Using 2 workers of 2 for evacuation
[497.731s][info][gc,phases      ] GC(1192)   Pre Evacuate Collection Set: 0.27ms
[497.731s][info][gc,phases      ] GC(1192)   Merge Heap Roots: 0.09ms
[497.731s][info][gc,phases      ] GC(1192)   Evacuate Collection Set: 9.65ms
[497.731s][info][gc,phases      ] GC(1192)   Post Evacuate Collection Set: 0.30ms
[497.731s][info][gc,phases      ] GC(1192)   Other: 0.09ms
[497.731s][info][gc,heap        ] GC(1192) Eden regions: 105->0(95)
[497.731s][info][gc,heap        ] GC(1192) Survivor regions: 4->9(14)
[497.731s][info][gc,heap        ] GC(1192) Old regions: 805->805
[497.731s][info][gc,heap        ] GC(1192) Humongous regions: 10->10
[497.731s][info][gc,metaspace   ] GC(1192) Metaspace: 19047K(19200K)->19047K(19200K) NonClass: 16383K(16448K)->16383K(16448K) Class: 2664K(2752K)->2664K(2752K)
[497.731s][info][gc             ] GC(1192) Pause Young (Normal) (G1 Evacuation Pause) 923M->823M(978M) 10.634ms
[497.731s][info][gc,cpu         ] GC(1192) User=0.02s Sys=0.00s Real=0.01s
[497.800s][info][gc,marking     ] GC(1178) Concurrent Rebuild Remembered Sets and Scrub Regions 898.341ms
[497.801s][info][gc,start       ] GC(1178) Pause Cleanup
[497.801s][info][gc             ] GC(1178) Pause Cleanup 864M->864M(978M) 0.114ms
[497.801s][info][gc,cpu         ] GC(1178) User=0.00s Sys=0.00s Real=0.00s
[497.803s][info][gc,marking     ] GC(1178) Concurrent Clear Claimed Marks
[497.803s][info][gc,marking     ] GC(1178) Concurrent Clear Claimed Marks 0.058ms
[497.803s][info][gc,marking     ] GC(1178) Concurrent Cleanup for Next Mark
[497.808s][info][gc,marking     ] GC(1178) Concurrent Cleanup for Next Mark 4.889ms
[497.808s][info][gc             ] GC(1178) Concurrent Mark Cycle 3023.414ms
[497.937s][info][gc,start       ] GC(1193) Pause Young (Prepare Mixed) (G1 Evacuation Pause)
[497.938s][info][gc,task        ] GC(1193) Using 2 workers of 2 for evacuation
[497.949s][info][gc,phases      ] GC(1193)   Pre Evacuate Collection Set: 0.51ms
[497.950s][info][gc,phases      ] GC(1193)   Merge Heap Roots: 0.14ms
[497.950s][info][gc,phases      ] GC(1193)   Evacuate Collection Set: 10.80ms
[497.950s][info][gc,phases      ] GC(1193)   Post Evacuate Collection Set: 0.37ms
[497.950s][info][gc,phases      ] GC(1193)   Other: 0.11ms
[497.950s][info][gc,heap        ] GC(1193) Eden regions: 95->0(94)
[497.950s][info][gc,heap        ] GC(1193) Survivor regions: 9->8(13)
[497.950s][info][gc,heap        ] GC(1193) Old regions: 805->808
[497.950s][info][gc,heap        ] GC(1193) Humongous regions: 10->10
[497.950s][info][gc,metaspace   ] GC(1193) Metaspace: 19047K(19200K)->19047K(19200K) NonClass: 16383K(16448K)->16383K(16448K) Class: 2664K(2752K)->2664K(2752K)
[497.950s][info][gc             ] GC(1193) Pause Young (Prepare Mixed) (G1 Evacuation Pause) 918M->824M(978M) 12.192ms
[497.950s][info][gc,cpu         ] GC(1193) User=0.03s Sys=0.00s Real=0.01s
[498.191s][info][gc,start       ] GC(1194) Pause Young (Mixed) (G1 Evacuation Pause)
[498.191s][info][gc,task        ] GC(1194) Using 2 workers of 2 for evacuation
[498.216s][info][gc,phases      ] GC(1194)   Pre Evacuate Collection Set: 0.57ms
[498.216s][info][gc,phases      ] GC(1194)   Merge Heap Roots: 0.28ms
[498.216s][info][gc,phases      ] GC(1194)   Evacuate Collection Set: 24.31ms
[498.216s][info][gc,phases      ] GC(1194)   Post Evacuate Collection Set: 0.41ms
[498.216s][info][gc,phases      ] GC(1194)   Other: 0.16ms
[498.216s][info][gc,heap        ] GC(1194) Eden regions: 94->0(115)
[498.216s][info][gc,heap        ] GC(1194) Survivor regions: 8->13(13)
[498.216s][info][gc,heap        ] GC(1194) Old regions: 808->777
[498.216s][info][gc,heap        ] GC(1194) Humongous regions: 10->10
[498.217s][info][gc,metaspace   ] GC(1194) Metaspace: 19047K(19200K)->19047K(19200K) NonClass: 16383K(16448K)->16383K(16448K) Class: 2664K(2752K)->2664K(2752K)
[498.217s][info][gc             ] GC(1194) Pause Young (Mixed) (G1 Evacuation Pause) 918M->799M(978M) 26.001ms
[498.217s][info][gc,cpu         ] GC(1194) User=0.05s Sys=0.00s Real=0.02s
[498.340s][info][gc,start       ] GC(1195) Pause Young (Concurrent Start) (G1 Evacuation Pause)
[498.340s][info][gc,task        ] GC(1195) Using 2 workers of 2 for evacuation
[498.398s][info][gc,phases      ] GC(1195)   Pre Evacuate Collection Set: 0.29ms
[498.398s][info][gc,phases      ] GC(1195)   Merge Heap Roots: 0.17ms
[498.398s][info][gc,phases      ] GC(1195)   Evacuate Collection Set: 57.04ms
[498.398s][info][gc,phases      ] GC(1195)   Post Evacuate Collection Set: 0.51ms
[498.398s][info][gc,phases      ] GC(1195)   Other: 0.08ms
[498.398s][info][gc,heap        ] GC(1195) Eden regions: 115->0(67)
[498.398s][info][gc,heap        ] GC(1195) Survivor regions: 13->16(16)
[498.398s][info][gc,heap        ] GC(1195) Old regions: 777->819
[498.398s][info][gc,heap        ] GC(1195) Humongous regions: 10->10
[498.398s][info][gc,metaspace   ] GC(1195) Metaspace: 19047K(19200K)->19047K(19200K) NonClass: 16383K(16448K)->16383K(16448K) Class: 2664K(2752K)->2664K(2752K)
[498.398s][info][gc             ] GC(1195) Pause Young (Concurrent Start) (G1 Evacuation Pause) 914M->844M(978M) 58.305ms
[498.398s][info][gc,cpu         ] GC(1195) User=0.11s Sys=0.00s Real=0.06s
[498.398s][info][gc             ] GC(1196) Concurrent Mark Cycle
[498.398s][info][gc,marking     ] GC(1196) Concurrent Scan Root Regions
[498.482s][info][gc,marking     ] GC(1196) Concurrent Scan Root Regions 84.119ms
[498.482s][info][gc,marking     ] GC(1196) Concurrent Mark
[498.482s][info][gc,marking     ] GC(1196) Concurrent Mark From Roots
[498.482s][info][gc,task        ] GC(1196) Using 1 workers of 1 for marking
[498.577s][info][gc,start       ] GC(1197) Pause Young (Normal) (G1 Evacuation Pause)
[498.577s][info][gc,task        ] GC(1197) Using 2 workers of 2 for evacuation
[498.623s][info][gc,phases      ] GC(1197)   Pre Evacuate Collection Set: 0.30ms
[498.623s][info][gc,phases      ] GC(1197)   Merge Heap Roots: 0.33ms
[498.623s][info][gc,phases      ] GC(1197)   Evacuate Collection Set: 45.43ms
[498.623s][info][gc,phases      ] GC(1197)   Post Evacuate Collection Set: 0.32ms
[498.623s][info][gc,phases      ] GC(1197)   Other: 0.07ms
[498.623s][info][gc,heap        ] GC(1197) Eden regions: 67->0(51)
[498.623s][info][gc,heap        ] GC(1197) Survivor regions: 16->11(11)
[498.623s][info][gc,heap        ] GC(1197) Old regions: 819->844
[498.623s][info][gc,heap        ] GC(1197) Humongous regions: 11->11
[498.623s][info][gc,metaspace   ] GC(1197) Metaspace: 19047K(19200K)->19047K(19200K) NonClass: 16383K(16448K)->16383K(16448K) Class: 2664K(2752K)->2664K(2752K)
[498.623s][info][gc             ] GC(1197) Pause Young (Normal) (G1 Evacuation Pause) 912M->865M(978M) 46.697ms
[498.623s][info][gc,cpu         ] GC(1197) User=0.09s Sys=0.00s Real=0.05s
[498.720s][info][gc,start       ] GC(1198) Pause Young (Normal) (G1 Evacuation Pause)
[498.720s][info][gc,task        ] GC(1198) Using 2 workers of 2 for evacuation
[498.738s][info][gc,phases      ] GC(1198)   Pre Evacuate Collection Set: 0.32ms
[498.738s][info][gc,phases      ] GC(1198)   Merge Heap Roots: 0.16ms
[498.738s][info][gc,phases      ] GC(1198)   Evacuate Collection Set: 17.20ms
[498.738s][info][gc,phases      ] GC(1198)   Post Evacuate Collection Set: 0.31ms
[498.738s][info][gc,phases      ] GC(1198)   Other: 0.08ms
[498.738s][info][gc,heap        ] GC(1198) Eden regions: 51->0(51)
[498.738s][info][gc,heap        ] GC(1198) Survivor regions: 11->5(8)
[498.738s][info][gc,heap        ] GC(1198) Old regions: 844->856
[498.738s][info][gc,heap        ] GC(1198) Humongous regions: 11->11
[498.738s][info][gc,metaspace   ] GC(1198) Metaspace: 19047K(19200K)->19047K(19200K) NonClass: 16383K(16448K)->16383K(16448K) Class: 2664K(2752K)->2664K(2752K)
[498.738s][info][gc             ] GC(1198) Pause Young (Normal) (G1 Evacuation Pause) 916M->871M(978M) 18.323ms
[498.738s][info][gc,cpu         ] GC(1198) User=0.03s Sys=0.00s Real=0.02s
[498.821s][info][gc,start       ] GC(1199) Pause Young (Normal) (G1 Evacuation Pause)
[498.821s][info][gc,task        ] GC(1199) Using 2 workers of 2 for evacuation
[498.830s][info][gc,phases      ] GC(1199)   Pre Evacuate Collection Set: 0.30ms
[498.830s][info][gc,phases      ] GC(1199)   Merge Heap Roots: 0.07ms
[498.830s][info][gc,phases      ] GC(1199)   Evacuate Collection Set: 7.53ms
[498.830s][info][gc,phases      ] GC(1199)   Post Evacuate Collection Set: 0.28ms
[498.830s][info][gc,phases      ] GC(1199)   Other: 0.09ms
[498.830s][info][gc,heap        ] GC(1199) Eden regions: 51->0(50)
[498.830s][info][gc,heap        ] GC(1199) Survivor regions: 5->3(7)
[498.830s][info][gc,heap        ] GC(1199) Old regions: 856->861
[498.830s][info][gc,heap        ] GC(1199) Humongous regions: 11->11
[498.830s][info][gc,metaspace   ] GC(1199) Metaspace: 19047K(19200K)->19047K(19200K) NonClass: 16383K(16448K)->16383K(16448K) Class: 2664K(2752K)->2664K(2752K)
[498.830s][info][gc             ] GC(1199) Pause Young (Normal) (G1 Evacuation Pause) 922M->874M(978M) 8.499ms
[498.830s][info][gc,cpu         ] GC(1199) User=0.02s Sys=0.00s Real=0.00s
[498.924s][info][gc,start       ] GC(1200) Pause Young (Normal) (G1 Evacuation Pause)
[498.924s][info][gc,task        ] GC(1200) Using 2 workers of 2 for evacuation
[498.928s][info][gc,phases      ] GC(1200)   Pre Evacuate Collection Set: 0.51ms
[498.928s][info][gc,phases      ] GC(1200)   Merge Heap Roots: 0.07ms
[498.928s][info][gc,phases      ] GC(1200)   Evacuate Collection Set: 3.68ms
[498.928s][info][gc,phases      ] GC(1200)   Post Evacuate Collection Set: 0.27ms
[498.928s][info][gc,phases      ] GC(1200)   Other: 0.09ms
[498.928s][info][gc,heap        ] GC(1200) Eden regions: 50->0(50)
[498.928s][info][gc,heap        ] GC(1200) Survivor regions: 3->3(7)
[498.928s][info][gc,heap        ] GC(1200) Old regions: 861->861
[498.928s][info][gc,heap        ] GC(1200) Humongous regions: 11->11
[498.928s][info][gc,metaspace   ] GC(1200) Metaspace: 19047K(19200K)->19047K(19200K) NonClass: 16383K(16448K)->16383K(16448K) Class: 2664K(2752K)->2664K(2752K)
[498.928s][info][gc             ] GC(1200) Pause Young (Normal) (G1 Evacuation Pause) 924M->874M(978M) 4.851ms
[498.928s][info][gc,cpu         ] GC(1200) User=0.01s Sys=0.00s Real=0.00s
[499.021s][info][gc,start       ] GC(1201) Pause Young (Normal) (G1 Evacuation Pause)
[499.021s][info][gc,task        ] GC(1201) Using 2 workers of 2 for evacuation
[499.027s][info][gc,phases      ] GC(1201)   Pre Evacuate Collection Set: 0.30ms
[499.027s][info][gc,phases      ] GC(1201)   Merge Heap Roots: 0.08ms
[499.027s][info][gc,phases      ] GC(1201)   Evacuate Collection Set: 4.55ms
[499.027s][info][gc,phases      ] GC(1201)   Post Evacuate Collection Set: 0.29ms
[499.027s][info][gc,phases      ] GC(1201)   Other: 0.08ms
[499.027s][info][gc,heap        ] GC(1201) Eden regions: 50->0(48)
[499.027s][info][gc,heap        ] GC(1201) Survivor regions: 3->4(7)
[499.027s][info][gc,heap        ] GC(1201) Old regions: 861->861
[499.027s][info][gc,heap        ] GC(1201) Humongous regions: 11->11
[499.027s][info][gc,metaspace   ] GC(1201) Metaspace: 19047K(19200K)->19047K(19200K) NonClass: 16383K(16448K)->16383K(16448K) Class: 2664K(2752K)->2664K(2752K)
[499.027s][info][gc             ] GC(1201) Pause Young (Normal) (G1 Evacuation Pause) 924M->875M(978M) 5.503ms
[499.027s][info][gc,cpu         ] GC(1201) User=0.01s Sys=0.00s Real=0.00s
[499.071s][info][gc,marking     ] GC(1196) Concurrent Mark From Roots 589.246ms
[499.071s][info][gc,marking     ] GC(1196) Concurrent Preclean
[499.071s][info][gc,marking     ] GC(1196) Concurrent Preclean 0.044ms
[499.072s][info][gc,start       ] GC(1196) Pause Remark
[499.080s][info][gc             ] GC(1196) Pause Remark 896M->395M(978M) 8.135ms
[499.080s][info][gc,cpu         ] GC(1196) User=0.02s Sys=0.00s Real=0.00s
[499.081s][info][gc,marking     ] GC(1196) Concurrent Mark 599.071ms
[499.081s][info][gc,marking     ] GC(1196) Concurrent Rebuild Remembered Sets and Scrub Regions
[499.133s][info][gc,start       ] GC(1202) Pause Young (Normal) (G1 Evacuation Pause)
[499.133s][info][gc,task        ] GC(1202) Using 2 workers of 2 for evacuation
[499.139s][info][gc,phases      ] GC(1202)   Pre Evacuate Collection Set: 0.26ms
[499.139s][info][gc,phases      ] GC(1202)   Merge Heap Roots: 0.08ms
[499.139s][info][gc,phases      ] GC(1202)   Evacuate Collection Set: 4.43ms
[499.139s][info][gc,phases      ] GC(1202)   Post Evacuate Collection Set: 0.26ms
[499.139s][info][gc,phases      ] GC(1202)   Other: 0.07ms
[499.139s][info][gc,heap        ] GC(1202) Eden regions: 48->0(394)
[499.139s][info][gc,heap        ] GC(1202) Survivor regions: 4->2(7)
[499.139s][info][gc,heap        ] GC(1202) Old regions: 367->370
[499.139s][info][gc,heap        ] GC(1202) Humongous regions: 4->4
[499.139s][info][gc,metaspace   ] GC(1202) Metaspace: 19047K(19200K)->19047K(19200K) NonClass: 16383K(16448K)->16383K(16448K) Class: 2664K(2752K)->2664K(2752K)
[499.139s][info][gc             ] GC(1202) Pause Young (Normal) (G1 Evacuation Pause) 422M->374M(978M) 5.295ms
[499.139s][info][gc,cpu         ] GC(1202) User=0.01s Sys=0.00s Real=0.00s
[499.312s][info][gc,marking     ] GC(1196) Concurrent Rebuild Remembered Sets and Scrub Regions 230.675ms
[499.312s][info][gc,start       ] GC(1196) Pause Cleanup
[499.312s][info][gc             ] GC(1196) Pause Cleanup 473M->473M(978M) 0.099ms
[499.312s][info][gc,cpu         ] GC(1196) User=0.00s Sys=0.00s Real=0.00s
[499.314s][info][gc,marking     ] GC(1196) Concurrent Clear Claimed Marks
[499.315s][info][gc,marking     ] GC(1196) Concurrent Clear Claimed Marks 0.064ms
[499.315s][info][gc,marking     ] GC(1196) Concurrent Cleanup for Next Mark
[499.317s][info][gc,marking     ] GC(1196) Concurrent Cleanup for Next Mark 2.917ms
[499.318s][info][gc             ] GC(1196) Concurrent Mark Cycle 919.592ms
[499.800s][info][gc,start       ] GC(1203) Pause Young (Prepare Mixed) (G1 Evacuation Pause)
[499.801s][info][gc,task        ] GC(1203) Using 2 workers of 2 for evacuation
[499.861s][info][gc,phases      ] GC(1203)   Pre Evacuate Collection Set: 0.55ms
[499.861s][info][gc,phases      ] GC(1203)   Merge Heap Roots: 0.27ms
[499.861s][info][gc,phases      ] GC(1203)   Evacuate Collection Set: 58.59ms
[499.861s][info][gc,phases      ] GC(1203)   Post Evacuate Collection Set: 0.71ms
[499.861s][info][gc,phases      ] GC(1203)   Other: 0.09ms
[499.861s][info][gc,heap        ] GC(1203) Eden regions: 394->0(354)
[499.861s][info][gc,heap        ] GC(1203) Survivor regions: 2->50(50)
[499.861s][info][gc,heap        ] GC(1203) Old regions: 370->377
[499.861s][info][gc,heap        ] GC(1203) Humongous regions: 4->4
[499.861s][info][gc,metaspace   ] GC(1203) Metaspace: 19047K(19200K)->19047K(19200K) NonClass: 16383K(16448K)->16383K(16448K) Class: 2664K(2752K)->2664K(2752K)
[499.861s][info][gc             ] GC(1203) Pause Young (Prepare Mixed) (G1 Evacuation Pause) 768M->430M(978M) 60.417ms
[499.861s][info][gc,cpu         ] GC(1203) User=0.12s Sys=0.00s Real=0.06s
[500.155s][info][gc,start       ] GC(1204) Pause Young (Mixed) (G1 Evacuation Pause)
[500.156s][info][gc,task        ] GC(1204) Using 2 workers of 2 for evacuation
[500.313s][info][gc,phases      ] GC(1204)   Pre Evacuate Collection Set: 0.55ms
[500.313s][info][gc,phases      ] GC(1204)   Merge Heap Roots: 0.52ms
[500.313s][info][gc,phases      ] GC(1204)   Evacuate Collection Set: 155.91ms
[500.313s][info][gc,phases      ] GC(1204)   Post Evacuate Collection Set: 0.77ms
[500.313s][info][gc,phases      ] GC(1204)   Other: 0.12ms
[500.314s][info][gc,heap        ] GC(1204) Eden regions: 354->0(270)
[500.314s][info][gc,heap        ] GC(1204) Survivor regions: 50->51(51)
[500.314s][info][gc,heap        ] GC(1204) Old regions: 377->461
[500.314s][info][gc,heap        ] GC(1204) Humongous regions: 5->5
[500.314s][info][gc,metaspace   ] GC(1204) Metaspace: 19047K(19200K)->19047K(19200K) NonClass: 16383K(16448K)->16383K(16448K) Class: 2664K(2752K)->2664K(2752K)
[500.314s][info][gc             ] GC(1204) Pause Young (Mixed) (G1 Evacuation Pause) 785M->516M(978M) 158.136ms
[500.314s][info][gc,cpu         ] GC(1204) User=0.31s Sys=0.00s Real=0.16s
[500.656s][info][gc,start       ] GC(1205) Pause Young (Concurrent Start) (G1 Evacuation Pause)
[500.656s][info][gc,task        ] GC(1205) Using 2 workers of 2 for evacuation
[500.725s][info][gc,phases      ] GC(1205)   Pre Evacuate Collection Set: 0.34ms
[500.725s][info][gc,phases      ] GC(1205)   Merge Heap Roots: 0.36ms
[500.725s][info][gc,phases      ] GC(1205)   Evacuate Collection Set: 67.40ms
[500.725s][info][gc,phases      ] GC(1205)   Post Evacuate Collection Set: 0.55ms
[500.725s][info][gc,phases      ] GC(1205)   Other: 0.22ms
[500.725s][info][gc,heap        ] GC(1205) Eden regions: 270->0(283)
[500.725s][info][gc,heap        ] GC(1205) Survivor regions: 51->16(41)
[500.725s][info][gc,heap        ] GC(1205) Old regions: 461->512
[500.725s][info][gc,heap        ] GC(1205) Humongous regions: 5->5
[500.725s][info][gc,metaspace   ] GC(1205) Metaspace: 19047K(19200K)->19047K(19200K) NonClass: 16383K(16448K)->16383K(16448K) Class: 2664K(2752K)->2664K(2752K)
[500.726s][info][gc             ] GC(1205) Pause Young (Concurrent Start) (G1 Evacuation Pause) 786M->532M(978M) 69.088ms
[500.726s][info][gc,cpu         ] GC(1205) User=0.13s Sys=0.00s Real=0.07s
[500.726s][info][gc             ] GC(1206) Concurrent Mark Cycle
[500.726s][info][gc,marking     ] GC(1206) Concurrent Scan Root Regions
[500.831s][info][gc,marking     ] GC(1206) Concurrent Scan Root Regions 105.761ms
[500.831s][info][gc,marking     ] GC(1206) Concurrent Mark
[500.831s][info][gc,marking     ] GC(1206) Concurrent Mark From Roots
[500.831s][info][gc,task        ] GC(1206) Using 1 workers of 1 for marking
[501.101s][info][gc,start       ] GC(1207) Pause Young (Normal) (G1 Evacuation Pause)
[501.101s][info][gc,task        ] GC(1207) Using 2 workers of 2 for evacuation
[501.224s][info][gc,phases      ] GC(1207)   Pre Evacuate Collection Set: 0.32ms
[501.224s][info][gc,phases      ] GC(1207)   Merge Heap Roots: 0.15ms
[501.224s][info][gc,phases      ] GC(1207)   Evacuate Collection Set: 120.65ms
[501.224s][info][gc,phases      ] GC(1207)   Post Evacuate Collection Set: 0.87ms
[501.224s][info][gc,phases      ] GC(1207)   Other: 0.09ms
[501.224s][info][gc,heap        ] GC(1207) Eden regions: 283->0(176)
[501.224s][info][gc,heap        ] GC(1207) Survivor regions: 16->38(38)
[501.224s][info][gc,heap        ] GC(1207) Old regions: 512->604
[501.224s][info][gc,heap        ] GC(1207) Humongous regions: 5->5
[501.224s][info][gc,metaspace   ] GC(1207) Metaspace: 19047K(19200K)->19047K(19200K) NonClass: 16383K(16448K)->16383K(16448K) Class: 2664K(2752K)->2664K(2752K)
[501.224s][info][gc             ] GC(1207) Pause Young (Normal) (G1 Evacuation Pause) 815M->646M(978M) 122.322ms
[501.224s][info][gc,cpu         ] GC(1207) User=0.24s Sys=0.00s Real=0.12s
[501.491s][info][gc,start       ] GC(1208) Pause Young (Normal) (G1 Evacuation Pause)
[501.491s][info][gc,task        ] GC(1208) Using 2 workers of 2 for evacuation
[501.605s][info][gc,phases      ] GC(1208)   Pre Evacuate Collection Set: 0.50ms
[501.605s][info][gc,phases      ] GC(1208)   Merge Heap Roots: 0.47ms
[501.605s][info][gc,phases      ] GC(1208)   Evacuate Collection Set: 112.29ms
[501.605s][info][gc,phases      ] GC(1208)   Post Evacuate Collection Set: 0.70ms
[501.605s][info][gc,phases      ] GC(1208)   Other: 0.08ms
[501.605s][info][gc,heap        ] GC(1208) Eden regions: 176->0(139)
[501.605s][info][gc,heap        ] GC(1208) Survivor regions: 38->27(27)
[501.605s][info][gc,heap        ] GC(1208) Old regions: 604->683
[501.605s][info][gc,heap        ] GC(1208) Humongous regions: 5->5
[501.605s][info][gc,metaspace   ] GC(1208) Metaspace: 19047K(19200K)->19047K(19200K) NonClass: 16383K(16448K)->16383K(16448K) Class: 2664K(2752K)->2664K(2752K)
[501.605s][info][gc             ] GC(1208) Pause Young (Normal) (G1 Evacuation Pause) 822M->714M(978M) 114.334ms
[501.605s][info][gc,cpu         ] GC(1208) User=0.23s Sys=0.00s Real=0.11s
[501.776s][info][gc,start       ] GC(1209) Pause Young (Normal) (G1 Evacuation Pause)
[501.776s][info][gc,task        ] GC(1209) Using 2 workers of 2 for evacuation
[501.824s][info][gc,phases      ] GC(1209)   Pre Evacuate Collection Set: 0.32ms
[501.824s][info][gc,phases      ] GC(1209)   Merge Heap Roots: 0.62ms
[501.824s][info][gc,phases      ] GC(1209)   Evacuate Collection Set: 45.79ms
[501.824s][info][gc,phases      ] GC(1209)   Post Evacuate Collection Set: 0.43ms
[501.824s][info][gc,phases      ] GC(1209)   Other: 0.08ms
[501.824s][info][gc,heap        ] GC(1209) Eden regions: 139->0(148)
[501.824s][info][gc,heap        ] GC(1209) Survivor regions: 27->5(21)
[501.824s][info][gc,heap        ] GC(1209) Old regions: 683->710
[501.824s][info][gc,heap        ] GC(1209) Humongous regions: 5->5
[501.824s][info][gc,metaspace   ] GC(1209) Metaspace: 19047K(19200K)->19047K(19200K) NonClass: 16383K(16448K)->16383K(16448K) Class: 2664K(2752K)->2664K(2752K)
[501.824s][info][gc             ] GC(1209) Pause Young (Normal) (G1 Evacuation Pause) 853M->719M(978M) 47.488ms
[501.824s][info][gc,cpu         ] GC(1209) User=0.09s Sys=0.00s Real=0.05s
[501.961s][info][gc,marking     ] GC(1206) Concurrent Mark From Roots 1129.513ms
[501.961s][info][gc,marking     ] GC(1206) Concurrent Preclean
[501.961s][info][gc,marking     ] GC(1206) Concurrent Preclean 0.048ms
[501.961s][info][gc,start       ] GC(1206) Pause Remark
[501.969s][info][gc             ] GC(1206) Pause Remark 836M->731M(978M) 7.981ms
[501.969s][info][gc,cpu         ] GC(1206) User=0.02s Sys=0.00s Real=0.00s
[501.971s][info][gc,marking     ] GC(1206) Concurrent Mark 1139.326ms
[501.971s][info][gc,marking     ] GC(1206) Concurrent Rebuild Remembered Sets and Scrub Regions
[502.035s][info][gc,start       ] GC(1210) Pause Young (Normal) (G1 Evacuation Pause)
[502.035s][info][gc,task        ] GC(1210) Using 2 workers of 2 for evacuation
[502.083s][info][gc,phases      ] GC(1210)   Pre Evacuate Collection Set: 0.30ms
[502.083s][info][gc,phases      ] GC(1210)   Merge Heap Roots: 0.51ms
[502.083s][info][gc,phases      ] GC(1210)   Evacuate Collection Set: 46.10ms
[502.083s][info][gc,phases      ] GC(1210)   Post Evacuate Collection Set: 0.55ms
[502.083s][info][gc,phases      ] GC(1210)   Other: 0.08ms
[502.083s][info][gc,heap        ] GC(1210) Eden regions: 148->0(195)
[502.083s][info][gc,heap        ] GC(1210) Survivor regions: 5->20(20)
[502.083s][info][gc,heap        ] GC(1210) Old regions: 607->609
[502.083s][info][gc,heap        ] GC(1210) Humongous regions: 6->6
[502.083s][info][gc,metaspace   ] GC(1210) Metaspace: 19047K(19200K)->19047K(19200K) NonClass: 16383K(16448K)->16383K(16448K) Class: 2664K(2752K)->2664K(2752K)
[502.083s][info][gc             ] GC(1210) Pause Young (Normal) (G1 Evacuation Pause) 765M->634M(978M) 47.766ms
[502.083s][info][gc,cpu         ] GC(1210) User=0.09s Sys=0.00s Real=0.05s
[502.371s][info][gc,start       ] GC(1211) Pause Young (Normal) (G1 Evacuation Pause)
[502.371s][info][gc,task        ] GC(1211) Using 2 workers of 2 for evacuation
[502.476s][info][gc,phases      ] GC(1211)   Pre Evacuate Collection Set: 0.32ms
[502.476s][info][gc,phases      ] GC(1211)   Merge Heap Roots: 0.80ms
[502.476s][info][gc,phases      ] GC(1211)   Evacuate Collection Set: 103.72ms
[502.476s][info][gc,phases      ] GC(1211)   Post Evacuate Collection Set: 0.47ms
[502.476s][info][gc,phases      ] GC(1211)   Other: 0.09ms
[502.476s][info][gc,heap        ] GC(1211) Eden regions: 195->0(168)
[502.476s][info][gc,heap        ] GC(1211) Survivor regions: 20->27(27)
[502.476s][info][gc,heap        ] GC(1211) Old regions: 609->656
[502.476s][info][gc,heap        ] GC(1211) Humongous regions: 9->9
[502.476s][info][gc,metaspace   ] GC(1211) Metaspace: 19047K(19200K)->19047K(19200K) NonClass: 16383K(16448K)->16383K(16448K) Class: 2664K(2752K)->2664K(2752K)
[502.476s][info][gc             ] GC(1211) Pause Young (Normal) (G1 Evacuation Pause) 832M->691M(978M) 105.718ms
[502.476s][info][gc,cpu         ] GC(1211) User=0.20s Sys=0.00s Real=0.10s
[502.620s][info][gc,start       ] GC(1212) Pause Young (Normal) (G1 Evacuation Pause)
[502.620s][info][gc,task        ] GC(1212) Using 2 workers of 2 for evacuation
[502.674s][info][gc,phases      ] GC(1212)   Pre Evacuate Collection Set: 0.51ms
[502.674s][info][gc,phases      ] GC(1212)   Merge Heap Roots: 0.23ms
[502.674s][info][gc,phases      ] GC(1212)   Evacuate Collection Set: 51.83ms
[502.674s][info][gc,phases      ] GC(1212)   Post Evacuate Collection Set: 0.48ms
[502.674s][info][gc,phases      ] GC(1212)   Other: 0.11ms
[502.674s][info][gc,heap        ] GC(1212) Eden regions: 168->0(169)
[502.674s][info][gc,heap        ] GC(1212) Survivor regions: 27->15(25)
[502.674s][info][gc,heap        ] GC(1212) Old regions: 656->683
[502.674s][info][gc,heap        ] GC(1212) Humongous regions: 9->9
[502.674s][info][gc,metaspace   ] GC(1212) Metaspace: 19047K(19200K)->19047K(19200K) NonClass: 16383K(16448K)->16383K(16448K) Class: 2664K(2752K)->2664K(2752K)
[502.674s][info][gc             ] GC(1212) Pause Young (Normal) (G1 Evacuation Pause) 859M->706M(978M) 53.413ms
[502.674s][info][gc,cpu         ] GC(1212) User=0.10s Sys=0.00s Real=0.05s
[502.715s][info][gc,marking     ] GC(1206) Concurrent Rebuild Remembered Sets and Scrub Regions 743.944ms
[502.715s][info][gc,start       ] GC(1206) Pause Cleanup
[502.715s][info][gc             ] GC(1206) Pause Cleanup 743M->743M(978M) 0.128ms
[502.715s][info][gc,cpu         ] GC(1206) User=0.00s Sys=0.00s Real=0.00s
[502.715s][info][gc,marking     ] GC(1206) Concurrent Clear Claimed Marks
[502.715s][info][gc,marking     ] GC(1206) Concurrent Clear Claimed Marks 0.031ms
[502.715s][info][gc,marking     ] GC(1206) Concurrent Cleanup for Next Mark
[502.720s][info][gc,marking     ] GC(1206) Concurrent Cleanup for Next Mark 4.903ms
[502.720s][info][gc             ] GC(1206) Concurrent Mark Cycle 1994.662ms
[502.814s][info][gc,start       ] GC(1213) Pause Young (Prepare Mixed) (G1 Evacuation Pause)
[502.814s][info][gc,task        ] GC(1213) Using 2 workers of 2 for evacuation
[502.851s][info][gc,phases      ] GC(1213)   Pre Evacuate Collection Set: 0.54ms
[502.851s][info][gc,phases      ] GC(1213)   Merge Heap Roots: 0.25ms
[502.851s][info][gc,phases      ] GC(1213)   Evacuate Collection Set: 35.56ms
[502.851s][info][gc,phases      ] GC(1213)   Post Evacuate Collection Set: 0.45ms
[502.851s][info][gc,phases      ] GC(1213)   Other: 0.08ms
[502.851s][info][gc,heap        ] GC(1213) Eden regions: 169->0(170)
[502.851s][info][gc,heap        ] GC(1213) Survivor regions: 15->12(23)
[502.851s][info][gc,heap        ] GC(1213) Old regions: 683->699
[502.851s][info][gc,heap        ] GC(1213) Humongous regions: 9->9
[502.851s][info][gc,metaspace   ] GC(1213) Metaspace: 19047K(19200K)->19047K(19200K) NonClass: 16383K(16448K)->16383K(16448K) Class: 2664K(2752K)->2664K(2752K)
[502.851s][info][gc             ] GC(1213) Pause Young (Prepare Mixed) (G1 Evacuation Pause) 875M->719M(978M) 37.119ms
[502.851s][info][gc,cpu         ] GC(1213) User=0.07s Sys=0.00s Real=0.04s
[502.977s][info][gc,start       ] GC(1214) Pause Young (Mixed) (G1 Evacuation Pause)
[502.978s][info][gc,task        ] GC(1214) Using 2 workers of 2 for evacuation
[503.012s][info][gc,phases      ] GC(1214)   Pre Evacuate Collection Set: 0.54ms
[503.012s][info][gc,phases      ] GC(1214)   Merge Heap Roots: 0.49ms
[503.012s][info][gc,phases      ] GC(1214)   Evacuate Collection Set: 33.17ms
[503.012s][info][gc,phases      ] GC(1214)   Post Evacuate Collection Set: 0.51ms
[503.012s][info][gc,phases      ] GC(1214)   Other: 0.09ms
[503.012s][info][gc,heap        ] GC(1214) Eden regions: 170->0(208)
[503.012s][info][gc,heap        ] GC(1214) Survivor regions: 12->16(23)
[503.012s][info][gc,heap        ] GC(1214) Old regions: 699->637
[503.012s][info][gc,heap        ] GC(1214) Humongous regions: 9->9
[503.012s][info][gc,metaspace   ] GC(1214) Metaspace: 19047K(19200K)->19047K(19200K) NonClass: 16383K(16448K)->16383K(16448K) Class: 2664K(2752K)->2664K(2752K)
[503.012s][info][gc             ] GC(1214) Pause Young (Mixed) (G1 Evacuation Pause) 889M->660M(978M) 35.019ms
[503.012s][info][gc,cpu         ] GC(1214) User=0.07s Sys=0.00s Real=0.04s
[503.182s][info][gc,start       ] GC(1215) Pause Young (Concurrent Start) (G1 Evacuation Pause)
[503.182s][info][gc,task        ] GC(1215) Using 2 workers of 2 for evacuation
[503.227s][info][gc,phases      ] GC(1215)   Pre Evacuate Collection Set: 0.36ms
[503.227s][info][gc,phases      ] GC(1215)   Merge Heap Roots: 0.25ms
[503.227s][info][gc,phases      ] GC(1215)   Evacuate Collection Set: 44.41ms
[503.227s][info][gc,phases      ] GC(1215)   Post Evacuate Collection Set: 0.48ms
[503.227s][info][gc,phases      ] GC(1215)   Other: 0.10ms
[503.227s][info][gc,heap        ] GC(1215) Eden regions: 208->0(200)
[503.227s][info][gc,heap        ] GC(1215) Survivor regions: 16->26(28)
[503.227s][info][gc,heap        ] GC(1215) Old regions: 637->649
[503.227s][info][gc,heap        ] GC(1215) Humongous regions: 9->9
[503.227s][info][gc,metaspace   ] GC(1215) Metaspace: 19047K(19200K)->19047K(19200K) NonClass: 16383K(16448K)->16383K(16448K) Class: 2664K(2752K)->2664K(2752K)
[503.227s][info][gc             ] GC(1215) Pause Young (Concurrent Start) (G1 Evacuation Pause) 868M->683M(978M) 45.858ms
[503.227s][info][gc,cpu         ] GC(1215) User=0.09s Sys=0.00s Real=0.04s
[503.227s][info][gc             ] GC(1216) Concurrent Mark Cycle
[503.227s][info][gc,marking     ] GC(1216) Concurrent Scan Root Regions
[503.298s][info][gc,marking     ] GC(1216) Concurrent Scan Root Regions 70.927ms
[503.298s][info][gc,marking     ] GC(1216) Concurrent Mark
[503.298s][info][gc,marking     ] GC(1216) Concurrent Mark From Roots
[503.298s][info][gc,task        ] GC(1216) Using 1 workers of 1 for marking
[503.866s][info][gc,start       ] GC(1217) Pause Young (Normal) (G1 Evacuation Pause)
[503.867s][info][gc,task        ] GC(1217) Using 2 workers of 2 for evacuation
[503.925s][info][gc,phases      ] GC(1217)   Pre Evacuate Collection Set: 0.30ms
[503.925s][info][gc,phases      ] GC(1217)   Merge Heap Roots: 0.32ms
[503.925s][info][gc,phases      ] GC(1217)   Evacuate Collection Set: 56.96ms
[503.925s][info][gc,phases      ] GC(1217)   Post Evacuate Collection Set: 0.50ms
[503.925s][info][gc,phases      ] GC(1217)   Other: 0.10ms
[503.925s][info][gc,heap        ] GC(1217) Eden regions: 200->0(187)
[503.925s][info][gc,heap        ] GC(1217) Survivor regions: 26->24(29)
[503.925s][info][gc,heap        ] GC(1217) Old regions: 649->675
[503.925s][info][gc,heap        ] GC(1217) Humongous regions: 9->9
[503.925s][info][gc,metaspace   ] GC(1217) Metaspace: 19047K(19200K)->19047K(19200K) NonClass: 16383K(16448K)->16383K(16448K) Class: 2664K(2752K)->2664K(2752K)
[503.925s][info][gc             ] GC(1217) Pause Young (Normal) (G1 Evacuation Pause) 883M->707M(978M) 58.429ms
[503.925s][info][gc,cpu         ] GC(1217) User=0.12s Sys=0.00s Real=0.06s
[504.094s][info][gc,marking     ] GC(1216) Concurrent Mark From Roots 795.436ms
[504.094s][info][gc,marking     ] GC(1216) Concurrent Preclean
[504.094s][info][gc,marking     ] GC(1216) Concurrent Preclean 0.046ms
[504.094s][info][gc,start       ] GC(1216) Pause Remark
[504.102s][info][gc             ] GC(1216) Pause Remark 753M->440M(978M) 7.996ms
[504.102s][info][gc,cpu         ] GC(1216) User=0.02s Sys=0.00s Real=0.01s
[504.102s][info][gc,marking     ] GC(1216) Concurrent Mark 803.767ms
[504.102s][info][gc,marking     ] GC(1216) Concurrent Rebuild Remembered Sets and Scrub Regions
[504.321s][info][gc,marking     ] GC(1216) Concurrent Rebuild Remembered Sets and Scrub Regions 218.645ms
[504.321s][info][gc,start       ] GC(1216) Pause Cleanup
[504.321s][info][gc             ] GC(1216) Pause Cleanup 492M->492M(978M) 0.100ms
[504.321s][info][gc,cpu         ] GC(1216) User=0.00s Sys=0.00s Real=0.00s
[504.321s][info][gc,marking     ] GC(1216) Concurrent Clear Claimed Marks
[504.321s][info][gc,marking     ] GC(1216) Concurrent Clear Claimed Marks 0.029ms
[504.321s][info][gc,marking     ] GC(1216) Concurrent Cleanup for Next Mark
[504.324s][info][gc,marking     ] GC(1216) Concurrent Cleanup for Next Mark 2.874ms
[504.324s][info][gc             ] GC(1216) Concurrent Mark Cycle 1096.779ms
[504.560s][info][gc,start       ] GC(1218) Pause Young (Prepare Mixed) (G1 Evacuation Pause)
[504.560s][info][gc,task        ] GC(1218) Using 2 workers of 2 for evacuation
[504.585s][info][gc,phases      ] GC(1218)   Pre Evacuate Collection Set: 0.32ms
[504.585s][info][gc,phases      ] GC(1218)   Merge Heap Roots: 0.22ms
[504.585s][info][gc,phases      ] GC(1218)   Evacuate Collection Set: 23.97ms
[504.585s][info][gc,phases      ] GC(1218)   Post Evacuate Collection Set: 0.44ms
[504.585s][info][gc,phases      ] GC(1218)   Other: 0.08ms
[504.585s][info][gc,heap        ] GC(1218) Eden regions: 187->0(462)
[504.585s][info][gc,heap        ] GC(1218) Survivor regions: 24->1(27)
[504.585s][info][gc,heap        ] GC(1218) Old regions: 367->391
[504.585s][info][gc,heap        ] GC(1218) Humongous regions: 4->4
[504.585s][info][gc,metaspace   ] GC(1218) Metaspace: 19047K(19200K)->19047K(19200K) NonClass: 16383K(16448K)->16383K(16448K) Class: 2664K(2752K)->2664K(2752K)
[504.585s][info][gc             ] GC(1218) Pause Young (Prepare Mixed) (G1 Evacuation Pause) 581M->395M(978M) 25.265ms
[504.585s][info][gc,cpu         ] GC(1218) User=0.05s Sys=0.00s Real=0.03s
[505.565s][info][gc,start       ] GC(1219) Pause Young (Mixed) (G1 Evacuation Pause)
[505.565s][info][gc,task        ] GC(1219) Using 2 workers of 2 for evacuation
[505.583s][info][gc,phases      ] GC(1219)   Pre Evacuate Collection Set: 0.55ms
[505.583s][info][gc,phases      ] GC(1219)   Merge Heap Roots: 0.48ms
[505.583s][info][gc,phases      ] GC(1219)   Evacuate Collection Set: 16.34ms
[505.583s][info][gc,phases      ] GC(1219)   Post Evacuate Collection Set: 0.67ms
[505.583s][info][gc,phases      ] GC(1219)   Other: 0.10ms
[505.583s][info][gc,heap        ] GC(1219) Eden regions: 462->0(508)
[505.583s][info][gc,heap        ] GC(1219) Survivor regions: 1->6(58)
[505.583s][info][gc,heap        ] GC(1219) Old regions: 391->354
[505.583s][info][gc,heap        ] GC(1219) Humongous regions: 4->4
[505.583s][info][gc,metaspace   ] GC(1219) Metaspace: 19047K(19200K)->19047K(19200K) NonClass: 16383K(16448K)->16383K(16448K) Class: 2664K(2752K)->2664K(2752K)
[505.583s][info][gc             ] GC(1219) Pause Young (Mixed) (G1 Evacuation Pause) 857M->362M(978M) 18.397ms
[505.583s][info][gc,cpu         ] GC(1219) User=0.03s Sys=0.00s Real=0.02s
[505.993s][info][gc,start       ] GC(1220) Pause Young (Concurrent Start) (G1 Evacuation Pause)
[505.993s][info][gc,task        ] GC(1220) Using 2 workers of 2 for evacuation
[506.115s][info][gc,phases      ] GC(1220)   Pre Evacuate Collection Set: 0.29ms
[506.115s][info][gc,phases      ] GC(1220)   Merge Heap Roots: 0.22ms
[506.115s][info][gc,phases      ] GC(1220)   Evacuate Collection Set: 113.94ms
[506.115s][info][gc,phases      ] GC(1220)   Post Evacuate Collection Set: 7.81ms
[506.115s][info][gc,phases      ] GC(1220)   Other: 0.12ms
[506.115s][info][gc,heap        ] GC(1220) Eden regions: 508->0(248)
[506.115s][info][gc,heap        ] GC(1220) Survivor regions: 6->65(65)
[506.115s][info][gc,heap        ] GC(1220) Old regions: 354->546
[506.115s][info][gc,heap        ] GC(1220) Humongous regions: 4->4
[506.115s][info][gc,metaspace   ] GC(1220) Metaspace: 19047K(19200K)->19047K(19200K) NonClass: 16383K(16448K)->16383K(16448K) Class: 2664K(2752K)->2664K(2752K)
[506.116s][info][gc             ] GC(1220) Pause Young (Concurrent Start) (G1 Evacuation Pause) (Evacuation Failure: Allocation) 870M->614M(978M) 122.648ms
[506.116s][info][gc,cpu         ] GC(1220) User=0.24s Sys=0.00s Real=0.12s
[506.116s][info][gc             ] GC(1221) Concurrent Mark Cycle
[506.116s][info][gc,marking     ] GC(1221) Concurrent Scan Root Regions
[506.250s][info][gc,marking     ] GC(1221) Concurrent Scan Root Regions 134.547ms
[506.250s][info][gc,marking     ] GC(1221) Concurrent Mark
[506.250s][info][gc,marking     ] GC(1221) Concurrent Mark From Roots
[506.250s][info][gc,task        ] GC(1221) Using 1 workers of 1 for marking
[506.483s][info][gc,start       ] GC(1222) Pause Young (Normal) (G1 Evacuation Pause)
[506.483s][info][gc,task        ] GC(1222) Using 2 workers of 2 for evacuation
[506.601s][info][gc,phases      ] GC(1222)   Pre Evacuate Collection Set: 0.65ms
[506.601s][info][gc,phases      ] GC(1222)   Merge Heap Roots: 0.64ms
[506.601s][info][gc,phases      ] GC(1222)   Evacuate Collection Set: 115.85ms
[506.601s][info][gc,phases      ] GC(1222)   Post Evacuate Collection Set: 0.78ms
[506.601s][info][gc,phases      ] GC(1222)   Other: 0.10ms
[506.601s][info][gc,heap        ] GC(1222) Eden regions: 248->0(352)
[506.601s][info][gc,heap        ] GC(1222) Survivor regions: 65->25(40)
[506.601s][info][gc,heap        ] GC(1222) Old regions: 546->466
[506.601s][info][gc,heap        ] GC(1222) Humongous regions: 8->8
[506.601s][info][gc,metaspace   ] GC(1222) Metaspace: 19047K(19200K)->19047K(19200K) NonClass: 16383K(16448K)->16383K(16448K) Class: 2664K(2752K)->2664K(2752K)
[506.601s][info][gc             ] GC(1222) Pause Young (Normal) (G1 Evacuation Pause) 866M->498M(978M) 118.286ms
[506.601s][info][gc,cpu         ] GC(1222) User=0.23s Sys=0.00s Real=0.12s
[507.092s][info][gc,start       ] GC(1223) Pause Young (Normal) (G1 Evacuation Pause)
[507.092s][info][gc,task        ] GC(1223) Using 2 workers of 2 for evacuation
[507.186s][info][gc,phases      ] GC(1223)   Pre Evacuate Collection Set: 0.53ms
[507.186s][info][gc,phases      ] GC(1223)   Merge Heap Roots: 0.31ms
[507.186s][info][gc,phases      ] GC(1223)   Evacuate Collection Set: 92.23ms
[507.186s][info][gc,phases      ] GC(1223)   Post Evacuate Collection Set: 0.63ms
[507.186s][info][gc,phases      ] GC(1223)   Other: 0.10ms
[507.186s][info][gc,heap        ] GC(1223) Eden regions: 352->0(312)
[507.186s][info][gc,heap        ] GC(1223) Survivor regions: 25->48(48)
[507.186s][info][gc,heap        ] GC(1223) Old regions: 466->492
[507.186s][info][gc,heap        ] GC(1223) Humongous regions: 8->8
[507.186s][info][gc,metaspace   ] GC(1223) Metaspace: 19047K(19200K)->19047K(19200K) NonClass: 16383K(16448K)->16383K(16448K) Class: 2664K(2752K)->2664K(2752K)
[507.186s][info][gc             ] GC(1223) Pause Young (Normal) (G1 Evacuation Pause) 850M->547M(978M) 94.026ms
[507.186s][info][gc,cpu         ] GC(1223) User=0.19s Sys=0.00s Real=0.09s
[507.321s][info][gc,marking     ] GC(1221) Concurrent Mark From Roots 1070.901ms
[507.321s][info][gc,marking     ] GC(1221) Concurrent Preclean
[507.321s][info][gc,marking     ] GC(1221) Concurrent Preclean 0.047ms
[507.321s][info][gc,start       ] GC(1221) Pause Remark
[507.329s][info][gc             ] GC(1221) Pause Remark 671M->665M(978M) 7.699ms
[507.329s][info][gc,cpu         ] GC(1221) User=0.01s Sys=0.00s Real=0.00s
[507.331s][info][gc,marking     ] GC(1221) Concurrent Mark 1080.431ms
[507.331s][info][gc,marking     ] GC(1221) Concurrent Rebuild Remembered Sets and Scrub Regions
[507.683s][info][gc,start       ] GC(1224) Pause Young (Normal) (G1 Evacuation Pause)
[507.684s][info][gc,task        ] GC(1224) Using 2 workers of 2 for evacuation
[507.745s][info][gc,phases      ] GC(1224)   Pre Evacuate Collection Set: 0.52ms
[507.745s][info][gc,phases      ] GC(1224)   Merge Heap Roots: 0.37ms
[507.745s][info][gc,phases      ] GC(1224)   Evacuate Collection Set: 60.33ms
[507.745s][info][gc,phases      ] GC(1224)   Post Evacuate Collection Set: 0.54ms
[507.745s][info][gc,phases      ] GC(1224)   Other: 0.11ms
[507.745s][info][gc,heap        ] GC(1224) Eden regions: 312->0(319)
[507.745s][info][gc,heap        ] GC(1224) Survivor regions: 48->12(45)
[507.746s][info][gc,heap        ] GC(1224) Old regions: 486->534
[507.746s][info][gc,heap        ] GC(1224) Humongous regions: 8->8
[507.746s][info][gc,metaspace   ] GC(1224) Metaspace: 19047K(19200K)->19047K(19200K) NonClass: 16383K(16448K)->16383K(16448K) Class: 2664K(2752K)->2664K(2752K)
[507.746s][info][gc             ] GC(1224) Pause Young (Normal) (G1 Evacuation Pause) 853M->553M(978M) 62.111ms
[507.746s][info][gc,cpu         ] GC(1224) User=0.13s Sys=0.00s Real=0.06s
[507.785s][info][gc,marking     ] GC(1221) Concurrent Rebuild Remembered Sets and Scrub Regions 454.637ms
[507.786s][info][gc,start       ] GC(1221) Pause Cleanup
[507.786s][info][gc             ] GC(1221) Pause Cleanup 588M->588M(978M) 0.080ms
[507.786s][info][gc,cpu         ] GC(1221) User=0.00s Sys=0.00s Real=0.00s
[507.787s][info][gc,marking     ] GC(1221) Concurrent Clear Claimed Marks
[507.787s][info][gc,marking     ] GC(1221) Concurrent Clear Claimed Marks 0.045ms
[507.787s][info][gc,marking     ] GC(1221) Concurrent Cleanup for Next Mark
[507.793s][info][gc,marking     ] GC(1221) Concurrent Cleanup for Next Mark 6.541ms
[507.793s][info][gc             ] GC(1221) Concurrent Mark Cycle 1677.703ms
[508.133s][info][gc,start       ] GC(1225) Pause Young (Prepare Mixed) (G1 Evacuation Pause)
[508.134s][info][gc,task        ] GC(1225) Using 2 workers of 2 for evacuation
[508.195s][info][gc,phases      ] GC(1225)   Pre Evacuate Collection Set: 0.32ms
[508.195s][info][gc,phases      ] GC(1225)   Merge Heap Roots: 0.42ms
[508.195s][info][gc,phases      ] GC(1225)   Evacuate Collection Set: 60.22ms
[508.195s][info][gc,phases      ] GC(1225)   Post Evacuate Collection Set: 0.63ms
[508.195s][info][gc,phases      ] GC(1225)   Other: 0.10ms
[508.195s][info][gc,heap        ] GC(1225) Eden regions: 319->0(286)
[508.195s][info][gc,heap        ] GC(1225) Survivor regions: 12->42(42)
[508.195s][info][gc,heap        ] GC(1225) Old regions: 534->542
[508.195s][info][gc,heap        ] GC(1225) Humongous regions: 8->8
[508.195s][info][gc,metaspace   ] GC(1225) Metaspace: 19047K(19200K)->19047K(19200K) NonClass: 16383K(16448K)->16383K(16448K) Class: 2664K(2752K)->2664K(2752K)
[508.195s][info][gc             ] GC(1225) Pause Young (Prepare Mixed) (G1 Evacuation Pause) 872M->591M(978M) 61.961ms
[508.195s][info][gc,cpu         ] GC(1225) User=0.13s Sys=0.00s Real=0.06s
[508.474s][info][gc,start       ] GC(1226) Pause Young (Mixed) (G1 Evacuation Pause)
[508.474s][info][gc,task        ] GC(1226) Using 2 workers of 2 for evacuation
[508.587s][info][gc,phases      ] GC(1226)   Pre Evacuate Collection Set: 0.33ms
[508.587s][info][gc,phases      ] GC(1226)   Merge Heap Roots: 0.23ms
[508.587s][info][gc,phases      ] GC(1226)   Evacuate Collection Set: 107.00ms
[508.587s][info][gc,phases      ] GC(1226)   Post Evacuate Collection Set: 5.24ms
[508.587s][info][gc,phases      ] GC(1226)   Other: 0.11ms
[508.587s][info][gc,heap        ] GC(1226) Eden regions: 286->0(185)
[508.587s][info][gc,heap        ] GC(1226) Survivor regions: 42->41(41)
[508.587s][info][gc,heap        ] GC(1226) Old regions: 542->648
[508.587s][info][gc,heap        ] GC(1226) Humongous regions: 8->8
[508.587s][info][gc,metaspace   ] GC(1226) Metaspace: 19047K(19200K)->19047K(19200K) NonClass: 16383K(16448K)->16383K(16448K) Class: 2664K(2752K)->2664K(2752K)
[508.588s][info][gc             ] GC(1226) Pause Young (Mixed) (G1 Evacuation Pause) (Evacuation Failure: Allocation) 877M->696M(978M) 113.161ms
[508.588s][info][gc,cpu         ] GC(1226) User=0.22s Sys=0.01s Real=0.11s
[508.911s][info][gc,start       ] GC(1227) Pause Young (Concurrent Start) (G1 Evacuation Pause)
[508.911s][info][gc,task        ] GC(1227) Using 2 workers of 2 for evacuation
[508.980s][info][gc,phases      ] GC(1227)   Pre Evacuate Collection Set: 0.35ms
[508.980s][info][gc,phases      ] GC(1227)   Merge Heap Roots: 0.41ms
[508.980s][info][gc,phases      ] GC(1227)   Evacuate Collection Set: 67.29ms
[508.980s][info][gc,phases      ] GC(1227)   Post Evacuate Collection Set: 0.63ms
[508.980s][info][gc,phases      ] GC(1227)   Other: 0.11ms
[508.980s][info][gc,heap        ] GC(1227) Eden regions: 185->0(212)
[508.980s][info][gc,heap        ] GC(1227) Survivor regions: 41->10(29)
[508.980s][info][gc,heap        ] GC(1227) Old regions: 648->649
[508.980s][info][gc,heap        ] GC(1227) Humongous regions: 8->8
[508.980s][info][gc,metaspace   ] GC(1227) Metaspace: 19047K(19200K)->19047K(19200K) NonClass: 16383K(16448K)->16383K(16448K) Class: 2664K(2752K)->2664K(2752K)
[508.980s][info][gc             ] GC(1227) Pause Young (Concurrent Start) (G1 Evacuation Pause) 881M->666M(978M) 69.097ms
[508.980s][info][gc             ] GC(1228) Concurrent Mark Cycle
[508.980s][info][gc,marking     ] GC(1228) Concurrent Scan Root Regions
[508.981s][info][gc,cpu         ] GC(1227) User=0.14s Sys=0.00s Real=0.07s
[509.051s][info][gc,marking     ] GC(1228) Concurrent Scan Root Regions 70.227ms
[509.051s][info][gc,marking     ] GC(1228) Concurrent Mark
[509.051s][info][gc,marking     ] GC(1228) Concurrent Mark From Roots
[509.051s][info][gc,task        ] GC(1228) Using 1 workers of 1 for marking
[509.407s][info][gc,start       ] GC(1229) Pause Young (Normal) (G1 Evacuation Pause)
[509.408s][info][gc,task        ] GC(1229) Using 2 workers of 2 for evacuation
[509.485s][info][gc,phases      ] GC(1229)   Pre Evacuate Collection Set: 0.31ms
[509.485s][info][gc,phases      ] GC(1229)   Merge Heap Roots: 0.38ms
[509.485s][info][gc,phases      ] GC(1229)   Evacuate Collection Set: 75.81ms
[509.485s][info][gc,phases      ] GC(1229)   Post Evacuate Collection Set: 0.63ms
[509.485s][info][gc,phases      ] GC(1229)   Other: 0.10ms
[509.485s][info][gc,heap        ] GC(1229) Eden regions: 212->0(173)
[509.485s][info][gc,heap        ] GC(1229) Survivor regions: 10->28(28)
[509.485s][info][gc,heap        ] GC(1229) Old regions: 649->678
[509.485s][info][gc,heap        ] GC(1229) Humongous regions: 11->11
[509.485s][info][gc,metaspace   ] GC(1229) Metaspace: 19047K(19200K)->19047K(19200K) NonClass: 16383K(16448K)->16383K(16448K) Class: 2664K(2752K)->2664K(2752K)
[509.485s][info][gc             ] GC(1229) Pause Young (Normal) (G1 Evacuation Pause) 881M->716M(978M) 77.503ms
[509.485s][info][gc,cpu         ] GC(1229) User=0.15s Sys=0.00s Real=0.08s
[509.756s][info][gc,start       ] GC(1230) Pause Young (Normal) (G1 Evacuation Pause)
[509.756s][info][gc,task        ] GC(1230) Using 2 workers of 2 for evacuation
[509.808s][info][gc,phases      ] GC(1230)   Pre Evacuate Collection Set: 0.31ms
[509.808s][info][gc,phases      ] GC(1230)   Merge Heap Roots: 0.47ms
[509.808s][info][gc,phases      ] GC(1230)   Evacuate Collection Set: 50.76ms
[509.808s][info][gc,phases      ] GC(1230)   Post Evacuate Collection Set: 0.39ms
[509.808s][info][gc,phases      ] GC(1230)   Other: 0.09ms
[509.808s][info][gc,heap        ] GC(1230) Eden regions: 173->0(181)
[509.808s][info][gc,heap        ] GC(1230) Survivor regions: 28->4(26)
[509.808s][info][gc,heap        ] GC(1230) Old regions: 678->706
[509.808s][info][gc,heap        ] GC(1230) Humongous regions: 11->11
[509.808s][info][gc,metaspace   ] GC(1230) Metaspace: 19047K(19200K)->19047K(19200K) NonClass: 16383K(16448K)->16383K(16448K) Class: 2664K(2752K)->2664K(2752K)
[509.808s][info][gc             ] GC(1230) Pause Young (Normal) (G1 Evacuation Pause) 889M->720M(978M) 52.273ms
[509.808s][info][gc,cpu         ] GC(1230) User=0.10s Sys=0.00s Real=0.05s
[510.187s][info][gc,start       ] GC(1231) Pause Young (Normal) (G1 Evacuation Pause)
[510.187s][info][gc,task        ] GC(1231) Using 2 workers of 2 for evacuation
[510.204s][info][gc,phases      ] GC(1231)   Pre Evacuate Collection Set: 0.50ms
[510.204s][info][gc,phases      ] GC(1231)   Merge Heap Roots: 0.22ms
[510.204s][info][gc,phases      ] GC(1231)   Evacuate Collection Set: 16.08ms
[510.204s][info][gc,phases      ] GC(1231)   Post Evacuate Collection Set: 0.45ms
[510.204s][info][gc,phases      ] GC(1231)   Other: 0.07ms
[510.204s][info][gc,heap        ] GC(1231) Eden regions: 181->0(186)
[510.204s][info][gc,heap        ] GC(1231) Survivor regions: 4->9(24)
[510.204s][info][gc,heap        ] GC(1231) Old regions: 706->706
[510.204s][info][gc,heap        ] GC(1231) Humongous regions: 11->11
[510.204s][info][gc,metaspace   ] GC(1231) Metaspace: 19047K(19200K)->19047K(19200K) NonClass: 16383K(16448K)->16383K(16448K) Class: 2664K(2752K)->2664K(2752K)
[510.204s][info][gc             ] GC(1231) Pause Young (Normal) (G1 Evacuation Pause) 901M->725M(978M) 17.554ms
[510.204s][info][gc,cpu         ] GC(1231) User=0.03s Sys=0.00s Real=0.02s
[510.241s][info][gc,marking     ] GC(1228) Concurrent Mark From Roots 1190.149ms
[510.241s][info][gc,marking     ] GC(1228) Concurrent Preclean
[510.241s][info][gc,marking     ] GC(1228) Concurrent Preclean 0.049ms
[510.241s][info][gc,start       ] GC(1228) Pause Remark
[510.249s][info][gc             ] GC(1228) Pause Remark 738M->661M(978M) 7.867ms
[510.249s][info][gc,cpu         ] GC(1228) User=0.02s Sys=0.00s Real=0.00s
[510.250s][info][gc,marking     ] GC(1228) Concurrent Mark 1199.648ms
[510.250s][info][gc,marking     ] GC(1228) Concurrent Rebuild Remembered Sets and Scrub Regions
[510.660s][info][gc,start       ] GC(1232) Pause Young (Normal) (G1 Evacuation Pause)
[510.660s][info][gc,task        ] GC(1232) Using 2 workers of 2 for evacuation
[510.699s][info][gc,phases      ] GC(1232)   Pre Evacuate Collection Set: 0.52ms
[510.699s][info][gc,phases      ] GC(1232)   Merge Heap Roots: 0.48ms
[510.699s][info][gc,phases      ] GC(1232)   Evacuate Collection Set: 36.99ms
[510.699s][info][gc,phases      ] GC(1232)   Post Evacuate Collection Set: 0.45ms
[510.699s][info][gc,phases      ] GC(1232)   Other: 0.10ms
[510.699s][info][gc,heap        ] GC(1232) Eden regions: 186->0(226)
[510.699s][info][gc,heap        ] GC(1232) Survivor regions: 9->21(25)
[510.699s][info][gc,heap        ] GC(1232) Old regions: 633->633
[510.699s][info][gc,heap        ] GC(1232) Humongous regions: 7->7
[510.699s][info][gc,metaspace   ] GC(1232) Metaspace: 19047K(19200K)->19047K(19200K) NonClass: 16383K(16448K)->16383K(16448K) Class: 2664K(2752K)->2664K(2752K)
[510.699s][info][gc             ] GC(1232) Pause Young (Normal) (G1 Evacuation Pause) 834M->660M(978M) 38.764ms
[510.699s][info][gc,cpu         ] GC(1232) User=0.08s Sys=0.00s Real=0.04s
[510.863s][info][gc,marking     ] GC(1228) Concurrent Rebuild Remembered Sets and Scrub Regions 612.998ms
[510.864s][info][gc,start       ] GC(1228) Pause Cleanup
[510.864s][info][gc             ] GC(1228) Pause Cleanup 756M->756M(978M) 0.200ms
[510.864s][info][gc,cpu         ] GC(1228) User=0.00s Sys=0.00s Real=0.00s
[510.864s][info][gc,marking     ] GC(1228) Concurrent Clear Claimed Marks
[510.864s][info][gc,marking     ] GC(1228) Concurrent Clear Claimed Marks 0.045ms
[510.864s][info][gc,marking     ] GC(1228) Concurrent Cleanup for Next Mark
[510.868s][info][gc,marking     ] GC(1228) Concurrent Cleanup for Next Mark 3.872ms
[510.868s][info][gc             ] GC(1228) Concurrent Mark Cycle 1887.993ms
[511.038s][info][gc,start       ] GC(1233) Pause Young (Prepare Mixed) (G1 Evacuation Pause)
[511.038s][info][gc,task        ] GC(1233) Using 2 workers of 2 for evacuation
[511.118s][info][gc,phases      ] GC(1233)   Pre Evacuate Collection Set: 0.32ms
[511.118s][info][gc,phases      ] GC(1233)   Merge Heap Roots: 0.45ms
[511.118s][info][gc,phases      ] GC(1233)   Evacuate Collection Set: 78.26ms
[511.118s][info][gc,phases      ] GC(1233)   Post Evacuate Collection Set: 0.78ms
[511.118s][info][gc,phases      ] GC(1233)   Other: 0.11ms
[511.118s][info][gc,heap        ] GC(1233) Eden regions: 226->0(179)
[511.118s][info][gc,heap        ] GC(1233) Survivor regions: 21->31(31)
[511.118s][info][gc,heap        ] GC(1233) Old regions: 633->678
[511.118s][info][gc,heap        ] GC(1233) Humongous regions: 7->7
[511.118s][info][gc,metaspace   ] GC(1233) Metaspace: 19047K(19200K)->19047K(19200K) NonClass: 16383K(16448K)->16383K(16448K) Class: 2664K(2752K)->2664K(2752K)
[511.118s][info][gc             ] GC(1233) Pause Young (Prepare Mixed) (G1 Evacuation Pause) 886M->715M(978M) 80.147ms
[511.118s][info][gc,cpu         ] GC(1233) User=0.16s Sys=0.00s Real=0.08s
[511.382s][info][gc,start       ] GC(1234) Pause Young (Mixed) (G1 Evacuation Pause)
[511.382s][info][gc,task        ] GC(1234) Using 2 workers of 2 for evacuation
[511.481s][info][gc,phases      ] GC(1234)   Pre Evacuate Collection Set: 0.40ms
[511.481s][info][gc,phases      ] GC(1234)   Merge Heap Roots: 0.78ms
[511.481s][info][gc,phases      ] GC(1234)   Evacuate Collection Set: 96.16ms
[511.481s][info][gc,phases      ] GC(1234)   Post Evacuate Collection Set: 0.83ms
[511.481s][info][gc,phases      ] GC(1234)   Other: 0.11ms
[511.481s][info][gc,heap        ] GC(1234) Eden regions: 179->0(199)
[511.481s][info][gc,heap        ] GC(1234) Survivor regions: 31->27(27)
[511.481s][info][gc,heap        ] GC(1234) Old regions: 678->636
[511.481s][info][gc,heap        ] GC(1234) Humongous regions: 7->7
[511.481s][info][gc,metaspace   ] GC(1234) Metaspace: 19047K(19200K)->19047K(19200K) NonClass: 16383K(16448K)->16383K(16448K) Class: 2664K(2752K)->2664K(2752K)
[511.481s][info][gc             ] GC(1234) Pause Young (Mixed) (G1 Evacuation Pause) 894M->669M(978M) 98.585ms
[511.481s][info][gc,cpu         ] GC(1234) User=0.19s Sys=0.00s Real=0.10s
[511.758s][info][gc,start       ] GC(1235) Pause Young (Mixed) (G1 Evacuation Pause)
[511.758s][info][gc,task        ] GC(1235) Using 2 workers of 2 for evacuation
[511.912s][info][gc,phases      ] GC(1235)   Pre Evacuate Collection Set: 0.38ms
[511.912s][info][gc,phases      ] GC(1235)   Merge Heap Roots: 1.54ms
[511.912s][info][gc,phases      ] GC(1235)   Evacuate Collection Set: 136.66ms
[511.912s][info][gc,phases      ] GC(1235)   Merge Optional Heap Roots: 0.38ms
[511.912s][info][gc,phases      ] GC(1235)   Evacuate Optional Collection Set: 13.56ms
[511.912s][info][gc,phases      ] GC(1235)   Post Evacuate Collection Set: 0.93ms
[511.912s][info][gc,phases      ] GC(1235)   Other: 0.10ms
[511.912s][info][gc,heap        ] GC(1235) Eden regions: 199->0(200)
[511.912s][info][gc,heap        ] GC(1235) Survivor regions: 27->29(29)
[511.912s][info][gc,heap        ] GC(1235) Old regions: 636->625
[511.912s][info][gc,heap        ] GC(1235) Humongous regions: 10->10
[511.912s][info][gc,metaspace   ] GC(1235) Metaspace: 19047K(19200K)->19047K(19200K) NonClass: 16383K(16448K)->16383K(16448K) Class: 2664K(2752K)->2664K(2752K)
[511.912s][info][gc             ] GC(1235) Pause Young (Mixed) (G1 Evacuation Pause) 871M->663M(978M) 153.816ms
[511.912s][info][gc,cpu         ] GC(1235) User=0.30s Sys=0.00s Real=0.16s
[512.125s][info][gc,start       ] GC(1236) Pause Young (Mixed) (G1 Evacuation Pause)
[512.125s][info][gc,task        ] GC(1236) Using 2 workers of 2 for evacuation
[512.224s][info][gc,phases      ] GC(1236)   Pre Evacuate Collection Set: 0.51ms
[512.224s][info][gc,phases      ] GC(1236)   Merge Heap Roots: 1.20ms
[512.224s][info][gc,phases      ] GC(1236)   Evacuate Collection Set: 96.64ms
[512.224s][info][gc,phases      ] GC(1236)   Post Evacuate Collection Set: 0.46ms
[512.224s][info][gc,phases      ] GC(1236)   Other: 0.07ms
[512.224s][info][gc,heap        ] GC(1236) Eden regions: 200->0(196)
[512.224s][info][gc,heap        ] GC(1236) Survivor regions: 29->21(29)
[512.224s][info][gc,heap        ] GC(1236) Old regions: 625->649
[512.224s][info][gc,heap        ] GC(1236) Humongous regions: 10->10
[512.224s][info][gc,metaspace   ] GC(1236) Metaspace: 19047K(19200K)->19047K(19200K) NonClass: 16383K(16448K)->16383K(16448K) Class: 2664K(2752K)->2664K(2752K)
[512.224s][info][gc             ] GC(1236) Pause Young (Mixed) (G1 Evacuation Pause) 863M->679M(978M) 99.106ms
[512.224s][info][gc,cpu         ] GC(1236) User=0.20s Sys=0.00s Real=0.10s
[512.446s][info][gc,start       ] GC(1237) Pause Young (Concurrent Start) (G1 Evacuation Pause)
[512.446s][info][gc,task        ] GC(1237) Using 2 workers of 2 for evacuation
[512.476s][info][gc,phases      ] GC(1237)   Pre Evacuate Collection Set: 0.36ms
[512.476s][info][gc,phases      ] GC(1237)   Merge Heap Roots: 0.18ms
[512.476s][info][gc,phases      ] GC(1237)   Evacuate Collection Set: 28.91ms
[512.476s][info][gc,phases      ] GC(1237)   Post Evacuate Collection Set: 0.45ms
[512.476s][info][gc,phases      ] GC(1237)   Other: 0.21ms
[512.476s][info][gc,heap        ] GC(1237) Eden regions: 196->0(205)
[512.476s][info][gc,heap        ] GC(1237) Survivor regions: 21->5(28)
[512.476s][info][gc,heap        ] GC(1237) Old regions: 649->670
[512.476s][info][gc,heap        ] GC(1237) Humongous regions: 10->10
[512.476s][info][gc,metaspace   ] GC(1237) Metaspace: 19047K(19200K)->19047K(19200K) NonClass: 16383K(16448K)->16383K(16448K) Class: 2664K(2752K)->2664K(2752K)
[512.476s][info][gc             ] GC(1237) Pause Young (Concurrent Start) (G1 Evacuation Pause) 875M->684M(978M) 30.361ms
[512.476s][info][gc,cpu         ] GC(1237) User=0.06s Sys=0.00s Real=0.03s
[512.476s][info][gc             ] GC(1238) Concurrent Mark Cycle
[512.476s][info][gc,marking     ] GC(1238) Concurrent Scan Root Regions
[512.525s][info][gc,marking     ] GC(1238) Concurrent Scan Root Regions 48.652ms
[512.525s][info][gc,marking     ] GC(1238) Concurrent Mark
[512.525s][info][gc,marking     ] GC(1238) Concurrent Mark From Roots
[512.525s][info][gc,task        ] GC(1238) Using 1 workers of 1 for marking
[512.912s][info][gc,start       ] GC(1239) Pause Young (Normal) (G1 Evacuation Pause)
[512.912s][info][gc,task        ] GC(1239) Using 2 workers of 2 for evacuation
[512.935s][info][gc,phases      ] GC(1239)   Pre Evacuate Collection Set: 0.56ms
[512.935s][info][gc,phases      ] GC(1239)   Merge Heap Roots: 0.22ms
[512.935s][info][gc,phases      ] GC(1239)   Evacuate Collection Set: 21.36ms
[512.935s][info][gc,phases      ] GC(1239)   Post Evacuate Collection Set: 0.45ms
[512.935s][info][gc,phases      ] GC(1239)   Other: 0.10ms
[512.935s][info][gc,heap        ] GC(1239) Eden regions: 205->0(203)
[512.935s][info][gc,heap        ] GC(1239) Survivor regions: 5->18(27)
[512.935s][info][gc,heap        ] GC(1239) Old regions: 670->670
[512.935s][info][gc,heap        ] GC(1239) Humongous regions: 10->10
[512.935s][info][gc,metaspace   ] GC(1239) Metaspace: 19047K(19200K)->19047K(19200K) NonClass: 16383K(16448K)->16383K(16448K) Class: 2664K(2752K)->2664K(2752K)
[512.935s][info][gc             ] GC(1239) Pause Young (Normal) (G1 Evacuation Pause) 889M->696M(978M) 22.935ms
[512.935s][info][gc,cpu         ] GC(1239) User=0.04s Sys=0.01s Real=0.02s
[513.631s][info][gc,start       ] GC(1240) Pause Young (Normal) (G1 Evacuation Pause)
[513.632s][info][gc,task        ] GC(1240) Using 2 workers of 2 for evacuation
[513.669s][info][gc,phases      ] GC(1240)   Pre Evacuate Collection Set: 0.33ms
[513.669s][info][gc,phases      ] GC(1240)   Merge Heap Roots: 0.23ms
[513.669s][info][gc,phases      ] GC(1240)   Evacuate Collection Set: 36.26ms
[513.669s][info][gc,phases      ] GC(1240)   Post Evacuate Collection Set: 0.47ms
[513.669s][info][gc,phases      ] GC(1240)   Other: 0.09ms
[513.669s][info][gc,heap        ] GC(1240) Eden regions: 203->0(189)
[513.669s][info][gc,heap        ] GC(1240) Survivor regions: 18->27(28)
[513.669s][info][gc,heap        ] GC(1240) Old regions: 670->675
[513.669s][info][gc,heap        ] GC(1240) Humongous regions: 10->10
[513.669s][info][gc,metaspace   ] GC(1240) Metaspace: 19047K(19200K)->19047K(19200K) NonClass: 16383K(16448K)->16383K(16448K) Class: 2664K(2752K)->2664K(2752K)
[513.669s][info][gc             ] GC(1240) Pause Young (Normal) (G1 Evacuation Pause) 899M->710M(978M) 37.590ms
[513.669s][info][gc,cpu         ] GC(1240) User=0.08s Sys=0.00s Real=0.03s
[514.101s][info][gc,marking     ] GC(1238) Concurrent Mark From Roots 1575.645ms
[514.101s][info][gc,marking     ] GC(1238) Concurrent Preclean
[514.101s][info][gc,marking     ] GC(1238) Concurrent Preclean 0.047ms
[514.101s][info][gc,start       ] GC(1238) Pause Remark
[514.109s][info][gc             ] GC(1238) Pause Remark 841M->716M(978M) 7.796ms
[514.109s][info][gc,cpu         ] GC(1238) User=0.02s Sys=0.00s Real=0.00s
[514.109s][info][gc,marking     ] GC(1238) Concurrent Mark 1583.833ms
[514.109s][info][gc,marking     ] GC(1238) Concurrent Rebuild Remembered Sets and Scrub Regions
[514.356s][info][gc,start       ] GC(1241) Pause Young (Normal) (G1 Evacuation Pause)
[514.356s][info][gc,task        ] GC(1241) Using 2 workers of 2 for evacuation
[514.396s][info][gc,phases      ] GC(1241)   Pre Evacuate Collection Set: 0.32ms
[514.396s][info][gc,phases      ] GC(1241)   Merge Heap Roots: 0.43ms
[514.396s][info][gc,phases      ] GC(1241)   Evacuate Collection Set: 38.17ms
[514.396s][info][gc,phases      ] GC(1241)   Post Evacuate Collection Set: 0.40ms
[514.396s][info][gc,phases      ] GC(1241)   Other: 0.08ms
[514.396s][info][gc,heap        ] GC(1241) Eden regions: 189->0(294)
[514.396s][info][gc,heap        ] GC(1241) Survivor regions: 27->1(27)
[514.396s][info][gc,heap        ] GC(1241) Old regions: 554->580
[514.396s][info][gc,heap        ] GC(1241) Humongous regions: 6->6
[514.396s][info][gc,metaspace   ] GC(1241) Metaspace: 19047K(19200K)->19047K(19200K) NonClass: 16383K(16448K)->16383K(16448K) Class: 2664K(2752K)->2664K(2752K)
[514.396s][info][gc             ] GC(1241) Pause Young (Normal) (G1 Evacuation Pause) 774M->586M(978M) 39.678ms
[514.396s][info][gc,cpu         ] GC(1241) User=0.08s Sys=0.00s Real=0.04s
[514.597s][info][gc,marking     ] GC(1238) Concurrent Rebuild Remembered Sets and Scrub Regions 488.595ms
[514.598s][info][gc,start       ] GC(1238) Pause Cleanup
[514.598s][info][gc             ] GC(1238) Pause Cleanup 640M->640M(978M) 0.122ms
[514.598s][info][gc,cpu         ] GC(1238) User=0.00s Sys=0.00s Real=0.00s
[514.599s][info][gc,marking     ] GC(1238) Concurrent Clear Claimed Marks
[514.599s][info][gc,marking     ] GC(1238) Concurrent Clear Claimed Marks 0.058ms
[514.599s][info][gc,marking     ] GC(1238) Concurrent Cleanup for Next Mark
[514.605s][info][gc,marking     ] GC(1238) Concurrent Cleanup for Next Mark 6.459ms
[514.605s][info][gc             ] GC(1238) Concurrent Mark Cycle 2129.104ms
[514.889s][info][gc,start       ] GC(1242) Pause Young (Prepare Mixed) (G1 Evacuation Pause)
[514.889s][info][gc,task        ] GC(1242) Using 2 workers of 2 for evacuation
[514.939s][info][gc,phases      ] GC(1242)   Pre Evacuate Collection Set: 0.53ms
[514.939s][info][gc,phases      ] GC(1242)   Merge Heap Roots: 0.13ms
[514.939s][info][gc,phases      ] GC(1242)   Evacuate Collection Set: 48.50ms
[514.939s][info][gc,phases      ] GC(1242)   Post Evacuate Collection Set: 0.64ms
[514.939s][info][gc,phases      ] GC(1242)   Other: 0.10ms
[514.939s][info][gc,heap        ] GC(1242) Eden regions: 294->0(231)
[514.939s][info][gc,heap        ] GC(1242) Survivor regions: 1->37(37)
[514.939s][info][gc,heap        ] GC(1242) Old regions: 580->599
[514.939s][info][gc,heap        ] GC(1242) Humongous regions: 6->6
[514.939s][info][gc,metaspace   ] GC(1242) Metaspace: 19047K(19200K)->19047K(19200K) NonClass: 16383K(16448K)->16383K(16448K) Class: 2664K(2752K)->2664K(2752K)
[514.939s][info][gc             ] GC(1242) Pause Young (Prepare Mixed) (G1 Evacuation Pause) 880M->641M(978M) 50.159ms
[514.939s][info][gc,cpu         ] GC(1242) User=0.09s Sys=0.00s Real=0.05s
[515.279s][info][gc,start       ] GC(1243) Pause Young (Mixed) (G1 Evacuation Pause)
[515.279s][info][gc,task        ] GC(1243) Using 2 workers of 2 for evacuation
[515.346s][info][gc,phases      ] GC(1243)   Pre Evacuate Collection Set: 0.57ms
[515.347s][info][gc,phases      ] GC(1243)   Merge Heap Roots: 0.57ms
[515.347s][info][gc,phases      ] GC(1243)   Evacuate Collection Set: 65.57ms
[515.347s][info][gc,phases      ] GC(1243)   Post Evacuate Collection Set: 0.62ms
[515.347s][info][gc,phases      ] GC(1243)   Other: 0.11ms
[515.347s][info][gc,heap        ] GC(1243) Eden regions: 231->0(233)
[515.347s][info][gc,heap        ] GC(1243) Survivor regions: 37->25(34)
[515.347s][info][gc,heap        ] GC(1243) Old regions: 599->612
[515.347s][info][gc,heap        ] GC(1243) Humongous regions: 7->7
[515.347s][info][gc,metaspace   ] GC(1243) Metaspace: 19047K(19200K)->19047K(19200K) NonClass: 16383K(16448K)->16383K(16448K) Class: 2664K(2752K)->2664K(2752K)
[515.347s][info][gc             ] GC(1243) Pause Young (Mixed) (G1 Evacuation Pause) 873M->643M(978M) 67.713ms
[515.347s][info][gc,cpu         ] GC(1243) User=0.13s Sys=0.00s Real=0.07s
[515.363s][info][gc,start       ] GC(1244) Pause Young (Concurrent Start) (G1 Humongous Allocation)
[515.363s][info][gc,task        ] GC(1244) Using 2 workers of 2 for evacuation
[515.400s][info][gc,phases      ] GC(1244)   Pre Evacuate Collection Set: 0.31ms
[515.400s][info][gc,phases      ] GC(1244)   Merge Heap Roots: 0.23ms
[515.400s][info][gc,phases      ] GC(1244)   Evacuate Collection Set: 36.51ms
[515.400s][info][gc,phases      ] GC(1244)   Post Evacuate Collection Set: 0.33ms
[515.400s][info][gc,phases      ] GC(1244)   Other: 0.10ms
[515.400s][info][gc,heap        ] GC(1244) Eden regions: 7->0(189)
[515.400s][info][gc,heap        ] GC(1244) Survivor regions: 25->4(33)
[515.400s][info][gc,heap        ] GC(1244) Old regions: 612->637
[515.400s][info][gc,heap        ] GC(1244) Humongous regions: 7->7
[515.400s][info][gc,metaspace   ] GC(1244) Metaspace: 19047K(19200K)->19047K(19200K) NonClass: 16383K(16448K)->16383K(16448K) Class: 2664K(2752K)->2664K(2752K)
[515.400s][info][gc             ] GC(1244) Pause Young (Concurrent Start) (G1 Humongous Allocation) 649M->647M(978M) 37.661ms
[515.400s][info][gc             ] GC(1245) Concurrent Mark Cycle
[515.400s][info][gc,marking     ] GC(1245) Concurrent Scan Root Regions
[515.400s][info][gc,cpu         ] GC(1244) User=0.07s Sys=0.00s Real=0.04s
[515.455s][info][gc,marking     ] GC(1245) Concurrent Scan Root Regions 54.753ms
[515.455s][info][gc,marking     ] GC(1245) Concurrent Mark
[515.455s][info][gc,marking     ] GC(1245) Concurrent Mark From Roots
[515.455s][info][gc,task        ] GC(1245) Using 1 workers of 1 for marking
[515.774s][info][gc,start       ] GC(1246) Pause Young (Normal) (G1 Evacuation Pause)
[515.774s][info][gc,task        ] GC(1246) Using 2 workers of 2 for evacuation
[515.830s][info][gc,phases      ] GC(1246)   Pre Evacuate Collection Set: 0.32ms
[515.830s][info][gc,phases      ] GC(1246)   Merge Heap Roots: 0.24ms
[515.830s][info][gc,phases      ] GC(1246)   Evacuate Collection Set: 54.14ms
[515.830s][info][gc,phases      ] GC(1246)   Post Evacuate Collection Set: 0.41ms
[515.830s][info][gc,phases      ] GC(1246)   Other: 0.10ms
[515.830s][info][gc,heap        ] GC(1246) Eden regions: 189->0(166)
[515.830s][info][gc,heap        ] GC(1246) Survivor regions: 4->25(25)
[515.830s][info][gc,heap        ] GC(1246) Old regions: 637->657
[515.830s][info][gc,heap        ] GC(1246) Humongous regions: 9->9
[515.830s][info][gc,metaspace   ] GC(1246) Metaspace: 19047K(19200K)->19047K(19200K) NonClass: 16383K(16448K)->16383K(16448K) Class: 2664K(2752K)->2664K(2752K)
[515.830s][info][gc             ] GC(1246) Pause Young (Normal) (G1 Evacuation Pause) 838M->690M(978M) 55.441ms
[515.830s][info][gc,cpu         ] GC(1246) User=0.11s Sys=0.00s Real=0.05s
[516.044s][info][gc,start       ] GC(1247) Pause Young (Normal) (G1 Evacuation Pause)
[516.044s][info][gc,task        ] GC(1247) Using 2 workers of 2 for evacuation
[516.079s][info][gc,phases      ] GC(1247)   Pre Evacuate Collection Set: 0.31ms
[516.079s][info][gc,phases      ] GC(1247)   Merge Heap Roots: 0.26ms
[516.079s][info][gc,phases      ] GC(1247)   Evacuate Collection Set: 34.43ms
[516.079s][info][gc,phases      ] GC(1247)   Post Evacuate Collection Set: 0.42ms
[516.079s][info][gc,phases      ] GC(1247)   Other: 0.08ms
[516.079s][info][gc,heap        ] GC(1247) Eden regions: 166->0(177)
[516.079s][info][gc,heap        ] GC(1247) Survivor regions: 25->5(24)
[516.079s][info][gc,heap        ] GC(1247) Old regions: 657->683
[516.079s][info][gc,heap        ] GC(1247) Humongous regions: 9->9
[516.079s][info][gc,metaspace   ] GC(1247) Metaspace: 19047K(19200K)->19047K(19200K) NonClass: 16383K(16448K)->16383K(16448K) Class: 2664K(2752K)->2664K(2752K)
[516.079s][info][gc             ] GC(1247) Pause Young (Normal) (G1 Evacuation Pause) 856M->696M(978M) 35.727ms
[516.079s][info][gc,cpu         ] GC(1247) User=0.07s Sys=0.00s Real=0.03s
[516.347s][info][gc,start       ] GC(1248) Pause Young (Normal) (G1 Evacuation Pause)
[516.347s][info][gc,task        ] GC(1248) Using 2 workers of 2 for evacuation
[516.363s][info][gc,phases      ] GC(1248)   Pre Evacuate Collection Set: 0.30ms
[516.364s][info][gc,phases      ] GC(1248)   Merge Heap Roots: 0.22ms
[516.364s][info][gc,phases      ] GC(1248)   Evacuate Collection Set: 14.95ms
[516.364s][info][gc,phases      ] GC(1248)   Post Evacuate Collection Set: 0.40ms
[516.364s][info][gc,phases      ] GC(1248)   Other: 0.09ms
[516.364s][info][gc,heap        ] GC(1248) Eden regions: 177->0(185)
[516.364s][info][gc,heap        ] GC(1248) Survivor regions: 5->9(23)
[516.364s][info][gc,heap        ] GC(1248) Old regions: 683->683
[516.364s][info][gc,heap        ] GC(1248) Humongous regions: 9->9
[516.364s][info][gc,metaspace   ] GC(1248) Metaspace: 19047K(19200K)->19047K(19200K) NonClass: 16383K(16448K)->16383K(16448K) Class: 2664K(2752K)->2664K(2752K)
[516.364s][info][gc             ] GC(1248) Pause Young (Normal) (G1 Evacuation Pause) 873M->699M(978M) 16.232ms
[516.364s][info][gc,cpu         ] GC(1248) User=0.03s Sys=0.00s Real=0.02s
[516.871s][info][gc,start       ] GC(1249) Pause Young (Normal) (G1 Evacuation Pause)
[516.872s][info][gc,task        ] GC(1249) Using 2 workers of 2 for evacuation
[516.901s][info][gc,phases      ] GC(1249)   Pre Evacuate Collection Set: 0.33ms
[516.901s][info][gc,phases      ] GC(1249)   Merge Heap Roots: 0.19ms
[516.901s][info][gc,phases      ] GC(1249)   Evacuate Collection Set: 28.73ms
[516.901s][info][gc,phases      ] GC(1249)   Post Evacuate Collection Set: 0.43ms
[516.901s][info][gc,phases      ] GC(1249)   Other: 0.12ms
[516.901s][info][gc,heap        ] GC(1249) Eden regions: 185->0(180)
[516.901s][info][gc,heap        ] GC(1249) Survivor regions: 9->25(25)
[516.901s][info][gc,heap        ] GC(1249) Old regions: 683->684
[516.901s][info][gc,heap        ] GC(1249) Humongous regions: 9->9
[516.901s][info][gc,metaspace   ] GC(1249) Metaspace: 19047K(19200K)->19047K(19200K) NonClass: 16383K(16448K)->16383K(16448K) Class: 2664K(2752K)->2664K(2752K)
[516.902s][info][gc             ] GC(1249) Pause Young (Normal) (G1 Evacuation Pause) 884M->717M(978M) 30.041ms
[516.902s][info][gc,cpu         ] GC(1249) User=0.05s Sys=0.00s Real=0.03s
[517.246s][info][gc,marking     ] GC(1245) Concurrent Mark From Roots 1791.281ms
[517.246s][info][gc,marking     ] GC(1245) Concurrent Preclean
[517.247s][info][gc,marking     ] GC(1245) Concurrent Preclean 0.050ms
[517.247s][info][gc,start       ] GC(1245) Pause Remark
[517.254s][info][gc             ] GC(1245) Pause Remark 838M->826M(978M) 7.768ms
[517.254s][info][gc,cpu         ] GC(1245) User=0.01s Sys=0.00s Real=0.01s
[517.256s][info][gc,marking     ] GC(1245) Concurrent Mark 1801.241ms
[517.256s][info][gc,marking     ] GC(1245) Concurrent Rebuild Remembered Sets and Scrub Regions
[517.554s][info][gc,start       ] GC(1250) Pause Young (Normal) (G1 Evacuation Pause)
[517.554s][info][gc,task        ] GC(1250) Using 2 workers of 2 for evacuation
[517.605s][info][gc,phases      ] GC(1250)   Pre Evacuate Collection Set: 0.28ms
[517.605s][info][gc,phases      ] GC(1250)   Merge Heap Roots: 0.53ms
[517.605s][info][gc,phases      ] GC(1250)   Evacuate Collection Set: 49.35ms
[517.605s][info][gc,phases      ] GC(1250)   Post Evacuate Collection Set: 0.43ms
[517.605s][info][gc,phases      ] GC(1250)   Other: 0.08ms
[517.605s][info][gc,heap        ] GC(1250) Eden regions: 180->0(185)
[517.605s][info][gc,heap        ] GC(1250) Survivor regions: 25->12(26)
[517.605s][info][gc,heap        ] GC(1250) Old regions: 672->697
[517.605s][info][gc,heap        ] GC(1250) Humongous regions: 9->9
[517.605s][info][gc,metaspace   ] GC(1250) Metaspace: 19047K(19200K)->19047K(19200K) NonClass: 16383K(16448K)->16383K(16448K) Class: 2664K(2752K)->2664K(2752K)
[517.605s][info][gc             ] GC(1250) Pause Young (Normal) (G1 Evacuation Pause) 885M->717M(978M) 50.862ms
[517.605s][info][gc,cpu         ] GC(1250) User=0.10s Sys=0.00s Real=0.05s
[517.907s][info][gc,start       ] GC(1251) Pause Young (Normal) (G1 Evacuation Pause)
[517.908s][info][gc,task        ] GC(1251) Using 2 workers of 2 for evacuation
[517.938s][info][gc,phases      ] GC(1251)   Pre Evacuate Collection Set: 0.33ms
[517.938s][info][gc,phases      ] GC(1251)   Merge Heap Roots: 0.17ms
[517.938s][info][gc,phases      ] GC(1251)   Evacuate Collection Set: 29.63ms
[517.938s][info][gc,phases      ] GC(1251)   Post Evacuate Collection Set: 0.43ms
[517.938s][info][gc,phases      ] GC(1251)   Other: 0.08ms
[517.938s][info][gc,heap        ] GC(1251) Eden regions: 185->0(167)
[517.938s][info][gc,heap        ] GC(1251) Survivor regions: 12->25(25)
[517.938s][info][gc,heap        ] GC(1251) Old regions: 697->702
[517.938s][info][gc,heap        ] GC(1251) Humongous regions: 9->9
[517.938s][info][gc,metaspace   ] GC(1251) Metaspace: 19047K(19200K)->19047K(19200K) NonClass: 16383K(16448K)->16383K(16448K) Class: 2664K(2752K)->2664K(2752K)
[517.938s][info][gc             ] GC(1251) Pause Young (Normal) (G1 Evacuation Pause) 902M->735M(978M) 30.897ms
[517.938s][info][gc,cpu         ] GC(1251) User=0.06s Sys=0.00s Real=0.03s
[518.008s][info][gc,marking     ] GC(1245) Concurrent Rebuild Remembered Sets and Scrub Regions 751.753ms
[518.008s][info][gc,start       ] GC(1245) Pause Cleanup
[518.008s][info][gc             ] GC(1245) Pause Cleanup 778M->778M(978M) 0.111ms
[518.008s][info][gc,cpu         ] GC(1245) User=0.00s Sys=0.00s Real=0.00s
[518.008s][info][gc,marking     ] GC(1245) Concurrent Clear Claimed Marks
[518.008s][info][gc,marking     ] GC(1245) Concurrent Clear Claimed Marks 0.026ms
[518.008s][info][gc,marking     ] GC(1245) Concurrent Cleanup for Next Mark
[518.011s][info][gc,marking     ] GC(1245) Concurrent Cleanup for Next Mark 2.851ms
[518.011s][info][gc             ] GC(1245) Concurrent Mark Cycle 2611.083ms
[518.146s][info][gc,start       ] GC(1252) Pause Young (Prepare Mixed) (G1 Evacuation Pause)
[518.147s][info][gc,task        ] GC(1252) Using 2 workers of 2 for evacuation
[518.186s][info][gc,phases      ] GC(1252)   Pre Evacuate Collection Set: 0.54ms
[518.186s][info][gc,phases      ] GC(1252)   Merge Heap Roots: 0.16ms
[518.186s][info][gc,phases      ] GC(1252)   Evacuate Collection Set: 38.20ms
[518.186s][info][gc,phases      ] GC(1252)   Post Evacuate Collection Set: 0.45ms
[518.186s][info][gc,phases      ] GC(1252)   Other: 0.09ms
[518.186s][info][gc,heap        ] GC(1252) Eden regions: 167->0(152)
[518.186s][info][gc,heap        ] GC(1252) Survivor regions: 25->24(24)
[518.186s][info][gc,heap        ] GC(1252) Old regions: 702->719
[518.186s][info][gc,heap        ] GC(1252) Humongous regions: 9->9
[518.186s][info][gc,metaspace   ] GC(1252) Metaspace: 19047K(19200K)->19047K(19200K) NonClass: 16383K(16448K)->16383K(16448K) Class: 2664K(2752K)->2664K(2752K)
[518.186s][info][gc             ] GC(1252) Pause Young (Prepare Mixed) (G1 Evacuation Pause) 902M->751M(978M) 39.684ms
[518.186s][info][gc,cpu         ] GC(1252) User=0.08s Sys=0.00s Real=0.04s
[518.349s][info][gc,start       ] GC(1253) Pause Young (Mixed) (G1 Evacuation Pause)
[518.349s][info][gc,task        ] GC(1253) Using 2 workers of 2 for evacuation
[518.385s][info][gc,phases      ] GC(1253)   Pre Evacuate Collection Set: 0.57ms
[518.385s][info][gc,phases      ] GC(1253)   Merge Heap Roots: 0.18ms
[518.385s][info][gc,phases      ] GC(1253)   Evacuate Collection Set: 34.99ms
[518.385s][info][gc,phases      ] GC(1253)   Post Evacuate Collection Set: 0.46ms
[518.385s][info][gc,phases      ] GC(1253)   Other: 0.08ms
[518.386s][info][gc,heap        ] GC(1253) Eden regions: 152->0(164)
[518.386s][info][gc,heap        ] GC(1253) Survivor regions: 24->15(22)
[518.386s][info][gc,heap        ] GC(1253) Old regions: 719->724
[518.386s][info][gc,heap        ] GC(1253) Humongous regions: 9->9
[518.386s][info][gc,metaspace   ] GC(1253) Metaspace: 19047K(19200K)->19047K(19200K) NonClass: 16383K(16448K)->16383K(16448K) Class: 2664K(2752K)->2664K(2752K)
[518.386s][info][gc             ] GC(1253) Pause Young (Mixed) (G1 Evacuation Pause) 903M->747M(978M) 36.521ms
[518.386s][info][gc,cpu         ] GC(1253) User=0.07s Sys=0.00s Real=0.04s
[518.685s][info][gc,start       ] GC(1254) Pause Young (Concurrent Start) (G1 Evacuation Pause)
[518.685s][info][gc,task        ] GC(1254) Using 2 workers of 2 for evacuation
[518.707s][info][gc,phases      ] GC(1254)   Pre Evacuate Collection Set: 0.38ms
[518.707s][info][gc,phases      ] GC(1254)   Merge Heap Roots: 0.16ms
[518.707s][info][gc,phases      ] GC(1254)   Evacuate Collection Set: 21.27ms
[518.707s][info][gc,phases      ] GC(1254)   Post Evacuate Collection Set: 0.43ms
[518.707s][info][gc,phases      ] GC(1254)   Other: 0.23ms
[518.707s][info][gc,heap        ] GC(1254) Eden regions: 164->0(170)
[518.707s][info][gc,heap        ] GC(1254) Survivor regions: 15->4(23)
[518.707s][info][gc,heap        ] GC(1254) Old regions: 724->739
[518.707s][info][gc,heap        ] GC(1254) Humongous regions: 9->9
[518.707s][info][gc,metaspace   ] GC(1254) Metaspace: 19047K(19200K)->19047K(19200K) NonClass: 16383K(16448K)->16383K(16448K) Class: 2664K(2752K)->2664K(2752K)
[518.708s][info][gc             ] GC(1254) Pause Young (Concurrent Start) (G1 Evacuation Pause) 911M->751M(978M) 22.683ms
[518.708s][info][gc,cpu         ] GC(1254) User=0.05s Sys=0.00s Real=0.02s
[518.708s][info][gc             ] GC(1255) Concurrent Mark Cycle
[518.708s][info][gc,marking     ] GC(1255) Concurrent Scan Root Regions
[518.742s][info][gc,marking     ] GC(1255) Concurrent Scan Root Regions 34.737ms
[518.742s][info][gc,marking     ] GC(1255) Concurrent Mark
[518.742s][info][gc,marking     ] GC(1255) Concurrent Mark From Roots
[518.742s][info][gc,task        ] GC(1255) Using 1 workers of 1 for marking
[519.095s][info][gc,start       ] GC(1256) Pause Young (Normal) (G1 Evacuation Pause)
[519.095s][info][gc,task        ] GC(1256) Using 2 workers of 2 for evacuation
[519.114s][info][gc,phases      ] GC(1256)   Pre Evacuate Collection Set: 0.31ms
[519.114s][info][gc,phases      ] GC(1256)   Merge Heap Roots: 0.11ms
[519.114s][info][gc,phases      ] GC(1256)   Evacuate Collection Set: 17.88ms
[519.114s][info][gc,phases      ] GC(1256)   Post Evacuate Collection Set: 0.38ms
[519.114s][info][gc,phases      ] GC(1256)   Other: 0.09ms
[519.114s][info][gc,heap        ] GC(1256) Eden regions: 170->0(144)
[519.114s][info][gc,heap        ] GC(1256) Survivor regions: 4->18(22)
[519.114s][info][gc,heap        ] GC(1256) Old regions: 739->739
[519.114s][info][gc,heap        ] GC(1256) Humongous regions: 9->9
[519.114s][info][gc,metaspace   ] GC(1256) Metaspace: 19047K(19200K)->19047K(19200K) NonClass: 16383K(16448K)->16383K(16448K) Class: 2664K(2752K)->2664K(2752K)
[519.114s][info][gc             ] GC(1256) Pause Young (Normal) (G1 Evacuation Pause) 921M->765M(978M) 18.986ms
[519.114s][info][gc,cpu         ] GC(1256) User=0.04s Sys=0.00s Real=0.02s
[519.386s][info][gc,start       ] GC(1257) Pause Young (Normal) (G1 Evacuation Pause)
[519.386s][info][gc,task        ] GC(1257) Using 2 workers of 2 for evacuation
[519.424s][info][gc,phases      ] GC(1257)   Pre Evacuate Collection Set: 0.32ms
[519.424s][info][gc,phases      ] GC(1257)   Merge Heap Roots: 0.10ms
[519.424s][info][gc,phases      ] GC(1257)   Evacuate Collection Set: 36.48ms
[519.424s][info][gc,phases      ] GC(1257)   Post Evacuate Collection Set: 0.47ms
[519.424s][info][gc,phases      ] GC(1257)   Other: 0.10ms
[519.424s][info][gc,heap        ] GC(1257) Eden regions: 144->0(119)
[519.424s][info][gc,heap        ] GC(1257) Survivor regions: 18->21(21)
[519.424s][info][gc,heap        ] GC(1257) Old regions: 739->758
[519.424s][info][gc,heap        ] GC(1257) Humongous regions: 9->9
[519.424s][info][gc,metaspace   ] GC(1257) Metaspace: 19047K(19200K)->19047K(19200K) NonClass: 16383K(16448K)->16383K(16448K) Class: 2664K(2752K)->2664K(2752K)
[519.424s][info][gc             ] GC(1257) Pause Young (Normal) (G1 Evacuation Pause) 909M->787M(978M) 37.685ms
[519.424s][info][gc,cpu         ] GC(1257) User=0.07s Sys=0.00s Real=0.04s
[519.599s][info][gc,start       ] GC(1258) Pause Young (Normal) (G1 Evacuation Pause)
[519.599s][info][gc,task        ] GC(1258) Using 2 workers of 2 for evacuation
[519.650s][info][gc,phases      ] GC(1258)   Pre Evacuate Collection Set: 0.51ms
[519.650s][info][gc,phases      ] GC(1258)   Merge Heap Roots: 0.09ms
[519.650s][info][gc,phases      ] GC(1258)   Evacuate Collection Set: 49.87ms
[519.650s][info][gc,phases      ] GC(1258)   Post Evacuate Collection Set: 0.48ms
[519.650s][info][gc,phases      ] GC(1258)   Other: 0.08ms
[519.650s][info][gc,heap        ] GC(1258) Eden regions: 119->0(83)
[519.650s][info][gc,heap        ] GC(1258) Survivor regions: 21->18(18)
[519.650s][info][gc,heap        ] GC(1258) Old regions: 758->800
[519.650s][info][gc,heap        ] GC(1258) Humongous regions: 9->9
[519.650s][info][gc,metaspace   ] GC(1258) Metaspace: 19047K(19200K)->19047K(19200K) NonClass: 16383K(16448K)->16383K(16448K) Class: 2664K(2752K)->2664K(2752K)
[519.650s][info][gc             ] GC(1258) Pause Young (Normal) (G1 Evacuation Pause) 906M->826M(978M) 51.283ms
[519.650s][info][gc,cpu         ] GC(1258) User=0.10s Sys=0.00s Real=0.05s
[519.860s][info][gc,start       ] GC(1259) Pause Young (Normal) (G1 Evacuation Pause)
[519.860s][info][gc,task        ] GC(1259) Using 2 workers of 2 for evacuation
[519.893s][info][gc,phases      ] GC(1259)   Pre Evacuate Collection Set: 0.53ms
[519.893s][info][gc,phases      ] GC(1259)   Merge Heap Roots: 0.31ms
[519.893s][info][gc,phases      ] GC(1259)   Evacuate Collection Set: 31.25ms
[519.893s][info][gc,phases      ] GC(1259)   Post Evacuate Collection Set: 0.38ms
[519.893s][info][gc,phases      ] GC(1259)   Other: 0.10ms
[519.893s][info][gc,heap        ] GC(1259) Eden regions: 83->0(74)
[519.893s][info][gc,heap        ] GC(1259) Survivor regions: 18->13(13)
[519.893s][info][gc,heap        ] GC(1259) Old regions: 800->819
[519.893s][info][gc,heap        ] GC(1259) Humongous regions: 9->9
[519.893s][info][gc,metaspace   ] GC(1259) Metaspace: 19047K(19200K)->19047K(19200K) NonClass: 16383K(16448K)->16383K(16448K) Class: 2664K(2752K)->2664K(2752K)
[519.893s][info][gc             ] GC(1259) Pause Young (Normal) (G1 Evacuation Pause) 909M->840M(978M) 32.790ms
[519.893s][info][gc,cpu         ] GC(1259) User=0.06s Sys=0.00s Real=0.04s
[519.972s][info][gc,start       ] GC(1260) Pause Young (Normal) (G1 Evacuation Pause)
[519.972s][info][gc,task        ] GC(1260) Using 2 workers of 2 for evacuation
[519.990s][info][gc,phases      ] GC(1260)   Pre Evacuate Collection Set: 0.52ms
[519.990s][info][gc,phases      ] GC(1260)   Merge Heap Roots: 0.18ms
[519.990s][info][gc,phases      ] GC(1260)   Evacuate Collection Set: 16.82ms
[519.990s][info][gc,phases      ] GC(1260)   Post Evacuate Collection Set: 0.32ms
[519.990s][info][gc,phases      ] GC(1260)   Other: 0.09ms
[519.990s][info][gc,heap        ] GC(1260) Eden regions: 74->0(82)
[519.990s][info][gc,heap        ] GC(1260) Survivor regions: 13->3(11)
[519.990s][info][gc,heap        ] GC(1260) Old regions: 819->831
[519.990s][info][gc,heap        ] GC(1260) Humongous regions: 9->9
[519.990s][info][gc,metaspace   ] GC(1260) Metaspace: 19047K(19200K)->19047K(19200K) NonClass: 16383K(16448K)->16383K(16448K) Class: 2664K(2752K)->2664K(2752K)
[519.990s][info][gc             ] GC(1260) Pause Young (Normal) (G1 Evacuation Pause) 914M->842M(978M) 18.124ms
[519.990s][info][gc,cpu         ] GC(1260) User=0.04s Sys=0.00s Real=0.01s
[520.159s][info][gc,marking     ] GC(1255) Concurrent Mark From Roots 1416.595ms
[520.159s][info][gc,marking     ] GC(1255) Concurrent Preclean
[520.159s][info][gc,marking     ] GC(1255) Concurrent Preclean 0.048ms
[520.159s][info][gc,start       ] GC(1255) Pause Remark
[520.167s][info][gc             ] GC(1255) Pause Remark 910M->641M(978M) 7.969ms
[520.167s][info][gc,cpu         ] GC(1255) User=0.01s Sys=0.00s Real=0.01s
[520.169s][info][gc,marking     ] GC(1255) Concurrent Mark 1426.965ms
[520.169s][info][gc,marking     ] GC(1255) Concurrent Rebuild Remembered Sets and Scrub Regions
[520.204s][info][gc,start       ] GC(1261) Pause Young (Normal) (G1 Evacuation Pause)
[520.204s][info][gc,task        ] GC(1261) Using 2 workers of 2 for evacuation
[520.244s][info][gc,phases      ] GC(1261)   Pre Evacuate Collection Set: 0.43ms
[520.244s][info][gc,phases      ] GC(1261)   Merge Heap Roots: 0.28ms
[520.244s][info][gc,phases      ] GC(1261)   Evacuate Collection Set: 39.35ms
[520.244s][info][gc,phases      ] GC(1261)   Post Evacuate Collection Set: 0.46ms
[520.244s][info][gc,phases      ] GC(1261)   Other: 0.09ms
[520.244s][info][gc,heap        ] GC(1261) Eden regions: 82->0(257)
[520.244s][info][gc,heap        ] GC(1261) Survivor regions: 3->11(11)
[520.244s][info][gc,heap        ] GC(1261) Old regions: 567->579
[520.244s][info][gc,heap        ] GC(1261) Humongous regions: 7->7
[520.244s][info][gc,metaspace   ] GC(1261) Metaspace: 19047K(19200K)->19047K(19200K) NonClass: 16383K(16448K)->16383K(16448K) Class: 2664K(2752K)->2664K(2752K)
[520.244s][info][gc             ] GC(1261) Pause Young (Normal) (G1 Evacuation Pause) 658M->596M(978M) 40.849ms
[520.244s][info][gc,cpu         ] GC(1261) User=0.08s Sys=0.00s Real=0.04s
[520.602s][info][gc,start       ] GC(1262) Pause Young (Normal) (G1 Evacuation Pause)
[520.603s][info][gc,task        ] GC(1262) Using 2 workers of 2 for evacuation
[520.663s][info][gc,phases      ] GC(1262)   Pre Evacuate Collection Set: 0.32ms
[520.663s][info][gc,phases      ] GC(1262)   Merge Heap Roots: 0.37ms
[520.663s][info][gc,phases      ] GC(1262)   Evacuate Collection Set: 58.80ms
[520.663s][info][gc,phases      ] GC(1262)   Post Evacuate Collection Set: 0.55ms
[520.663s][info][gc,phases      ] GC(1262)   Other: 0.10ms
[520.663s][info][gc,heap        ] GC(1262) Eden regions: 257->0(237)
[520.663s][info][gc,heap        ] GC(1262) Survivor regions: 11->34(34)
[520.663s][info][gc,heap        ] GC(1262) Old regions: 579->590
[520.663s][info][gc,heap        ] GC(1262) Humongous regions: 7->7
[520.663s][info][gc,metaspace   ] GC(1262) Metaspace: 19047K(19200K)->19047K(19200K) NonClass: 16383K(16448K)->16383K(16448K) Class: 2664K(2752K)->2664K(2752K)
[520.663s][info][gc             ] GC(1262) Pause Young (Normal) (G1 Evacuation Pause) 853M->630M(978M) 60.380ms
[520.663s][info][gc,cpu         ] GC(1262) User=0.12s Sys=0.00s Real=0.06s
[520.737s][info][gc,marking     ] GC(1255) Concurrent Rebuild Remembered Sets and Scrub Regions 567.293ms
[520.737s][info][gc,start       ] GC(1255) Pause Cleanup
[520.737s][info][gc             ] GC(1255) Pause Cleanup 684M->684M(978M) 0.115ms
[520.737s][info][gc,cpu         ] GC(1255) User=0.00s Sys=0.00s Real=0.00s
[520.737s][info][gc,marking     ] GC(1255) Concurrent Clear Claimed Marks
[520.737s][info][gc,marking     ] GC(1255) Concurrent Clear Claimed Marks 0.043ms
[520.737s][info][gc,marking     ] GC(1255) Concurrent Cleanup for Next Mark
[520.742s][info][gc,marking     ] GC(1255) Concurrent Cleanup for Next Mark 4.904ms
[520.742s][info][gc             ] GC(1255) Concurrent Mark Cycle 2034.693ms
[520.942s][info][gc,start       ] GC(1263) Pause Young (Prepare Mixed) (G1 Evacuation Pause)
[520.943s][info][gc,task        ] GC(1263) Using 2 workers of 2 for evacuation
[521.001s][info][gc,phases      ] GC(1263)   Pre Evacuate Collection Set: 0.34ms
[521.001s][info][gc,phases      ] GC(1263)   Merge Heap Roots: 0.69ms
[521.001s][info][gc,phases      ] GC(1263)   Evacuate Collection Set: 57.05ms
[521.001s][info][gc,phases      ] GC(1263)   Post Evacuate Collection Set: 0.48ms
[521.001s][info][gc,phases      ] GC(1263)   Other: 0.08ms
[521.001s][info][gc,heap        ] GC(1263) Eden regions: 237->0(247)
[521.001s][info][gc,heap        ] GC(1263) Survivor regions: 34->5(34)
[521.001s][info][gc,heap        ] GC(1263) Old regions: 590->624
[521.001s][info][gc,heap        ] GC(1263) Humongous regions: 7->7
[521.001s][info][gc,metaspace   ] GC(1263) Metaspace: 19047K(19200K)->19047K(19200K) NonClass: 16383K(16448K)->16383K(16448K) Class: 2664K(2752K)->2664K(2752K)
[521.001s][info][gc             ] GC(1263) Pause Young (Prepare Mixed) (G1 Evacuation Pause) 867M->635M(978M) 58.928ms
[521.001s][info][gc,cpu         ] GC(1263) User=0.12s Sys=0.00s Real=0.06s
[521.375s][info][gc,start       ] GC(1264) Pause Young (Mixed) (G1 Evacuation Pause)
[521.375s][info][gc,task        ] GC(1264) Using 2 workers of 2 for evacuation
[521.427s][info][gc,phases      ] GC(1264)   Pre Evacuate Collection Set: 0.35ms
[521.427s][info][gc,phases      ] GC(1264)   Merge Heap Roots: 0.49ms
[521.427s][info][gc,phases      ] GC(1264)   Evacuate Collection Set: 50.03ms
[521.427s][info][gc,phases      ] GC(1264)   Post Evacuate Collection Set: 0.60ms
[521.427s][info][gc,phases      ] GC(1264)   Other: 0.08ms
[521.427s][info][gc,heap        ] GC(1264) Eden regions: 247->0(263)
[521.427s][info][gc,heap        ] GC(1264) Survivor regions: 5->32(32)
[521.427s][info][gc,heap        ] GC(1264) Old regions: 624->572
[521.427s][info][gc,heap        ] GC(1264) Humongous regions: 7->7
[521.427s][info][gc,metaspace   ] GC(1264) Metaspace: 19047K(19200K)->19047K(19200K) NonClass: 16383K(16448K)->16383K(16448K) Class: 2664K(2752K)->2664K(2752K)
[521.427s][info][gc             ] GC(1264) Pause Young (Mixed) (G1 Evacuation Pause) 882M->610M(978M) 51.774ms
[521.427s][info][gc,cpu         ] GC(1264) User=0.10s Sys=0.01s Real=0.05s
[521.683s][info][gc,start       ] GC(1265) Pause Young (Concurrent Start) (G1 Humongous Allocation)
[521.683s][info][gc,task        ] GC(1265) Using 2 workers of 2 for evacuation
[521.760s][info][gc,phases      ] GC(1265)   Pre Evacuate Collection Set: 0.37ms
[521.760s][info][gc,phases      ] GC(1265)   Merge Heap Roots: 0.24ms
[521.760s][info][gc,phases      ] GC(1265)   Evacuate Collection Set: 75.10ms
[521.760s][info][gc,phases      ] GC(1265)   Post Evacuate Collection Set: 0.48ms
[521.760s][info][gc,phases      ] GC(1265)   Other: 0.22ms
[521.760s][info][gc,heap        ] GC(1265) Eden regions: 185->0(219)
[521.760s][info][gc,heap        ] GC(1265) Survivor regions: 32->37(37)
[521.760s][info][gc,heap        ] GC(1265) Old regions: 572->608
[521.760s][info][gc,heap        ] GC(1265) Humongous regions: 7->7
[521.760s][info][gc,metaspace   ] GC(1265) Metaspace: 19047K(19200K)->19047K(19200K) NonClass: 16383K(16448K)->16383K(16448K) Class: 2664K(2752K)->2664K(2752K)
[521.760s][info][gc             ] GC(1265) Pause Young (Concurrent Start) (G1 Humongous Allocation) 795M->651M(978M) 76.635ms
[521.760s][info][gc             ] GC(1266) Concurrent Mark Cycle
[521.760s][info][gc,marking     ] GC(1266) Concurrent Scan Root Regions
[521.760s][info][gc,cpu         ] GC(1265) User=0.15s Sys=0.00s Real=0.07s
[521.813s][info][gc,marking     ] GC(1266) Concurrent Scan Root Regions 53.051ms
[521.813s][info][gc,marking     ] GC(1266) Concurrent Mark
[521.813s][info][gc,marking     ] GC(1266) Concurrent Mark From Roots
[521.813s][info][gc,task        ] GC(1266) Using 1 workers of 1 for marking
[522.497s][info][gc,start       ] GC(1267) Pause Young (Normal) (G1 Evacuation Pause)
[522.498s][info][gc,task        ] GC(1267) Using 2 workers of 2 for evacuation
[522.541s][info][gc,phases      ] GC(1267)   Pre Evacuate Collection Set: 0.30ms
[522.541s][info][gc,phases      ] GC(1267)   Merge Heap Roots: 0.16ms
[522.541s][info][gc,phases      ] GC(1267)   Evacuate Collection Set: 42.30ms
[522.541s][info][gc,phases      ] GC(1267)   Post Evacuate Collection Set: 0.48ms
[522.541s][info][gc,phases      ] GC(1267)   Other: 0.08ms
[522.541s][info][gc,heap        ] GC(1267) Eden regions: 219->0(227)
[522.541s][info][gc,heap        ] GC(1267) Survivor regions: 37->5(32)
[522.541s][info][gc,heap        ] GC(1267) Old regions: 608->646
[522.541s][info][gc,heap        ] GC(1267) Humongous regions: 8->8
[522.541s][info][gc,metaspace   ] GC(1267) Metaspace: 19047K(19200K)->19047K(19200K) NonClass: 16383K(16448K)->16383K(16448K) Class: 2664K(2752K)->2664K(2752K)
[522.541s][info][gc             ] GC(1267) Pause Young (Normal) (G1 Evacuation Pause) 871M->658M(978M) 43.578ms
[522.541s][info][gc,cpu         ] GC(1267) User=0.08s Sys=0.00s Real=0.05s
[522.751s][info][gc,marking     ] GC(1266) Concurrent Mark From Roots 938.101ms
[522.751s][info][gc,marking     ] GC(1266) Concurrent Preclean
[522.751s][info][gc,marking     ] GC(1266) Concurrent Preclean 0.049ms
[522.751s][info][gc,start       ] GC(1266) Pause Remark
[522.759s][info][gc             ] GC(1266) Pause Remark 747M->568M(978M) 8.045ms
[522.759s][info][gc,cpu         ] GC(1266) User=0.02s Sys=0.00s Real=0.00s
[522.762s][info][gc,marking     ] GC(1266) Concurrent Mark 949.015ms
[522.762s][info][gc,marking     ] GC(1266) Concurrent Rebuild Remembered Sets and Scrub Regions
[522.983s][info][gc,start       ] GC(1268) Pause Young (Normal) (G1 Evacuation Pause)
[522.983s][info][gc,task        ] GC(1268) Using 2 workers of 2 for evacuation
[523.014s][info][gc,phases      ] GC(1268)   Pre Evacuate Collection Set: 0.30ms
[523.014s][info][gc,phases      ] GC(1268)   Merge Heap Roots: 0.18ms
[523.014s][info][gc,phases      ] GC(1268)   Evacuate Collection Set: 30.74ms
[523.014s][info][gc,phases      ] GC(1268)   Post Evacuate Collection Set: 0.43ms
[523.014s][info][gc,phases      ] GC(1268)   Other: 0.08ms
[523.014s][info][gc,heap        ] GC(1268) Eden regions: 227->0(340)
[523.014s][info][gc,heap        ] GC(1268) Survivor regions: 5->27(29)
[523.015s][info][gc,heap        ] GC(1268) Old regions: 470->470
[523.015s][info][gc,heap        ] GC(1268) Humongous regions: 5->5
[523.015s][info][gc,metaspace   ] GC(1268) Metaspace: 19047K(19200K)->19047K(19200K) NonClass: 16383K(16448K)->16383K(16448K) Class: 2664K(2752K)->2664K(2752K)
[523.015s][info][gc             ] GC(1268) Pause Young (Normal) (G1 Evacuation Pause) 706M->500M(978M) 31.948ms
[523.015s][info][gc,cpu         ] GC(1268) User=0.07s Sys=0.00s Real=0.03s
[523.183s][info][gc,marking     ] GC(1266) Concurrent Rebuild Remembered Sets and Scrub Regions 421.329ms
[523.184s][info][gc,start       ] GC(1266) Pause Cleanup
[523.184s][info][gc             ] GC(1266) Pause Cleanup 616M->616M(978M) 0.115ms
[523.184s][info][gc,cpu         ] GC(1266) User=0.00s Sys=0.00s Real=0.00s
[523.184s][info][gc,marking     ] GC(1266) Concurrent Clear Claimed Marks
[523.184s][info][gc,marking     ] GC(1266) Concurrent Clear Claimed Marks 0.046ms
[523.184s][info][gc,marking     ] GC(1266) Concurrent Cleanup for Next Mark
[523.187s][info][gc,marking     ] GC(1266) Concurrent Cleanup for Next Mark 2.888ms
[523.187s][info][gc             ] GC(1266) Concurrent Mark Cycle 1427.549ms
[523.616s][info][gc,start       ] GC(1269) Pause Young (Prepare Mixed) (G1 Evacuation Pause)
[523.617s][info][gc,task        ] GC(1269) Using 2 workers of 2 for evacuation
[523.664s][info][gc,phases      ] GC(1269)   Pre Evacuate Collection Set: 0.53ms
[523.664s][info][gc,phases      ] GC(1269)   Merge Heap Roots: 0.23ms
[523.664s][info][gc,phases      ] GC(1269)   Evacuate Collection Set: 45.85ms
[523.664s][info][gc,phases      ] GC(1269)   Post Evacuate Collection Set: 0.58ms
[523.664s][info][gc,phases      ] GC(1269)   Other: 0.09ms
[523.664s][info][gc,heap        ] GC(1269) Eden regions: 340->0(341)
[523.664s][info][gc,heap        ] GC(1269) Survivor regions: 27->38(46)
[523.664s][info][gc,heap        ] GC(1269) Old regions: 470->475
[523.664s][info][gc,heap        ] GC(1269) Humongous regions: 5->5
[523.664s][info][gc,metaspace   ] GC(1269) Metaspace: 19047K(19200K)->19047K(19200K) NonClass: 16383K(16448K)->16383K(16448K) Class: 2664K(2752K)->2664K(2752K)
[523.664s][info][gc             ] GC(1269) Pause Young (Prepare Mixed) (G1 Evacuation Pause) 840M->516M(978M) 47.509ms
[523.664s][info][gc,cpu         ] GC(1269) User=0.10s Sys=0.00s Real=0.05s
[524.290s][info][gc,start       ] GC(1270) Pause Young (Mixed) (G1 Evacuation Pause)
[524.290s][info][gc,task        ] GC(1270) Using 2 workers of 2 for evacuation
[524.344s][info][gc,phases      ] GC(1270)   Pre Evacuate Collection Set: 0.39ms
[524.344s][info][gc,phases      ] GC(1270)   Merge Heap Roots: 0.42ms
[524.344s][info][gc,phases      ] GC(1270)   Evacuate Collection Set: 52.55ms
[524.344s][info][gc,phases      ] GC(1270)   Post Evacuate Collection Set: 0.62ms
[524.344s][info][gc,phases      ] GC(1270)   Other: 0.11ms
[524.344s][info][gc,heap        ] GC(1270) Eden regions: 341->0(375)
[524.344s][info][gc,heap        ] GC(1270) Survivor regions: 38->27(48)
[524.344s][info][gc,heap        ] GC(1270) Old regions: 475->458
[524.344s][info][gc,heap        ] GC(1270) Humongous regions: 5->5
[524.344s][info][gc,metaspace   ] GC(1270) Metaspace: 19047K(19200K)->19047K(19200K) NonClass: 16383K(16448K)->16383K(16448K) Class: 2664K(2752K)->2664K(2752K)
[524.344s][info][gc             ] GC(1270) Pause Young (Mixed) (G1 Evacuation Pause) 857M->489M(978M) 54.344ms
[524.344s][info][gc,cpu         ] GC(1270) User=0.11s Sys=0.01s Real=0.06s
[524.769s][info][gc,start       ] GC(1271) Pause Young (Concurrent Start) (G1 Humongous Allocation)
[524.769s][info][gc,task        ] GC(1271) Using 2 workers of 2 for evacuation
[524.873s][info][gc,phases      ] GC(1271)   Pre Evacuate Collection Set: 0.36ms
[524.873s][info][gc,phases      ] GC(1271)   Merge Heap Roots: 0.50ms
[524.873s][info][gc,phases      ] GC(1271)   Evacuate Collection Set: 102.27ms
[524.873s][info][gc,phases      ] GC(1271)   Post Evacuate Collection Set: 0.73ms
[524.873s][info][gc,phases      ] GC(1271)   Other: 0.12ms
[524.873s][info][gc,heap        ] GC(1271) Eden regions: 369->0(312)
[524.873s][info][gc,heap        ] GC(1271) Survivor regions: 27->51(51)
[524.873s][info][gc,heap        ] GC(1271) Old regions: 458->499
[524.873s][info][gc,heap        ] GC(1271) Humongous regions: 5->5
[524.873s][info][gc,metaspace   ] GC(1271) Metaspace: 19047K(19200K)->19047K(19200K) NonClass: 16383K(16448K)->16383K(16448K) Class: 2664K(2752K)->2664K(2752K)
[524.873s][info][gc             ] GC(1271) Pause Young (Concurrent Start) (G1 Humongous Allocation) 858M->554M(978M) 104.250ms
[524.873s][info][gc,cpu         ] GC(1271) User=0.20s Sys=0.00s Real=0.11s
[524.873s][info][gc             ] GC(1272) Concurrent Mark Cycle
[524.873s][info][gc,marking     ] GC(1272) Concurrent Scan Root Regions
[524.977s][info][gc,marking     ] GC(1272) Concurrent Scan Root Regions 104.011ms
[524.977s][info][gc,marking     ] GC(1272) Concurrent Mark
[524.977s][info][gc,marking     ] GC(1272) Concurrent Mark From Roots
[524.977s][info][gc,task        ] GC(1272) Using 1 workers of 1 for marking
[525.556s][info][gc,start       ] GC(1273) Pause Young (Normal) (G1 Evacuation Pause)
[525.556s][info][gc,task        ] GC(1273) Using 2 workers of 2 for evacuation
[525.692s][info][gc,phases      ] GC(1273)   Pre Evacuate Collection Set: 0.34ms
[525.692s][info][gc,phases      ] GC(1273)   Merge Heap Roots: 0.39ms
[525.692s][info][gc,phases      ] GC(1273)   Evacuate Collection Set: 127.73ms
[525.692s][info][gc,phases      ] GC(1273)   Post Evacuate Collection Set: 6.99ms
[525.692s][info][gc,phases      ] GC(1273)   Other: 0.09ms
[525.692s][info][gc,heap        ] GC(1273) Eden regions: 312->0(181)
[525.692s][info][gc,heap        ] GC(1273) Survivor regions: 51->46(46)
[525.692s][info][gc,heap        ] GC(1273) Old regions: 499->647
[525.692s][info][gc,heap        ] GC(1273) Humongous regions: 8->8
[525.692s][info][gc,metaspace   ] GC(1273) Metaspace: 19047K(19200K)->19047K(19200K) NonClass: 16383K(16448K)->16383K(16448K) Class: 2664K(2752K)->2664K(2752K)
[525.692s][info][gc             ] GC(1273) Pause Young (Normal) (G1 Evacuation Pause) (Evacuation Failure: Allocation) 869M->700M(978M) 135.838ms
[525.692s][info][gc,cpu         ] GC(1273) User=0.27s Sys=0.00s Real=0.14s
[525.928s][info][gc,marking     ] GC(1272) Concurrent Mark From Roots 950.972ms
[525.928s][info][gc,marking     ] GC(1272) Concurrent Preclean
[525.928s][info][gc,marking     ] GC(1272) Concurrent Preclean 0.052ms
[525.929s][info][gc,start       ] GC(1272) Pause Remark
[525.936s][info][gc             ] GC(1272) Pause Remark 842M->705M(978M) 7.696ms
[525.936s][info][gc,cpu         ] GC(1272) User=0.01s Sys=0.01s Real=0.01s
[525.936s][info][gc,marking     ] GC(1272) Concurrent Mark 959.042ms
[525.936s][info][gc,marking     ] GC(1272) Concurrent Rebuild Remembered Sets and Scrub Regions
[526.022s][info][gc,start       ] GC(1274) Pause Young (Normal) (G1 Evacuation Pause)
[526.022s][info][gc,task        ] GC(1274) Using 2 workers of 2 for evacuation
[526.119s][info][gc,phases      ] GC(1274)   Pre Evacuate Collection Set: 0.52ms
[526.119s][info][gc,phases      ] GC(1274)   Merge Heap Roots: 0.78ms
[526.119s][info][gc,phases      ] GC(1274)   Evacuate Collection Set: 94.46ms
[526.119s][info][gc,phases      ] GC(1274)   Post Evacuate Collection Set: 0.66ms
[526.119s][info][gc,phases      ] GC(1274)   Other: 0.09ms
[526.119s][info][gc,heap        ] GC(1274) Eden regions: 181->0(322)
[526.119s][info][gc,heap        ] GC(1274) Survivor regions: 46->15(29)
[526.119s][info][gc,heap        ] GC(1274) Old regions: 512->494
[526.119s][info][gc,heap        ] GC(1274) Humongous regions: 9->9
[526.119s][info][gc,metaspace   ] GC(1274) Metaspace: 19047K(19200K)->19047K(19200K) NonClass: 16383K(16448K)->16383K(16448K) Class: 2664K(2752K)->2664K(2752K)
[526.119s][info][gc             ] GC(1274) Pause Young (Normal) (G1 Evacuation Pause) 747M->517M(978M) 96.814ms
[526.119s][info][gc,cpu         ] GC(1274) User=0.19s Sys=0.00s Real=0.09s
[526.421s][info][gc,marking     ] GC(1272) Concurrent Rebuild Remembered Sets and Scrub Regions 484.586ms
[526.421s][info][gc,start       ] GC(1272) Pause Cleanup
[526.421s][info][gc             ] GC(1272) Pause Cleanup 661M->661M(978M) 0.097ms
[526.421s][info][gc,cpu         ] GC(1272) User=0.00s Sys=0.00s Real=0.00s
[526.421s][info][gc,marking     ] GC(1272) Concurrent Clear Claimed Marks
[526.421s][info][gc,marking     ] GC(1272) Concurrent Clear Claimed Marks 0.032ms
[526.421s][info][gc,marking     ] GC(1272) Concurrent Cleanup for Next Mark
[526.424s][info][gc,marking     ] GC(1272) Concurrent Cleanup for Next Mark 2.840ms
[526.424s][info][gc             ] GC(1272) Concurrent Mark Cycle 1551.048ms
[526.687s][info][gc,start       ] GC(1275) Pause Young (Prepare Mixed) (G1 Evacuation Pause)
[526.687s][info][gc,task        ] GC(1275) Using 2 workers of 2 for evacuation
[526.719s][info][gc,phases      ] GC(1275)   Pre Evacuate Collection Set: 0.33ms
[526.719s][info][gc,phases      ] GC(1275)   Merge Heap Roots: 0.36ms
[526.719s][info][gc,phases      ] GC(1275)   Evacuate Collection Set: 30.95ms
[526.719s][info][gc,phases      ] GC(1275)   Post Evacuate Collection Set: 0.61ms
[526.719s][info][gc,phases      ] GC(1275)   Other: 0.09ms
[526.719s][info][gc,heap        ] GC(1275) Eden regions: 322->0(340)
[526.719s][info][gc,heap        ] GC(1275) Survivor regions: 15->18(43)
[526.719s][info][gc,heap        ] GC(1275) Old regions: 494->494
[526.719s][info][gc,heap        ] GC(1275) Humongous regions: 9->9
[526.719s][info][gc,metaspace   ] GC(1275) Metaspace: 19047K(19200K)->19047K(19200K) NonClass: 16383K(16448K)->16383K(16448K) Class: 2664K(2752K)->2664K(2752K)
[526.719s][info][gc             ] GC(1275) Pause Young (Prepare Mixed) (G1 Evacuation Pause) 839M->520M(978M) 32.597ms
[526.719s][info][gc,cpu         ] GC(1275) User=0.06s Sys=0.00s Real=0.03s
[527.212s][info][gc,start       ] GC(1276) Pause Young (Mixed) (G1 Evacuation Pause)
[527.212s][info][gc,task        ] GC(1276) Using 2 workers of 2 for evacuation
[527.245s][info][gc,phases      ] GC(1276)   Pre Evacuate Collection Set: 0.31ms
[527.245s][info][gc,phases      ] GC(1276)   Merge Heap Roots: 0.32ms
[527.245s][info][gc,phases      ] GC(1276)   Evacuate Collection Set: 30.78ms
[527.245s][info][gc,phases      ] GC(1276)   Post Evacuate Collection Set: 0.67ms
[527.245s][info][gc,phases      ] GC(1276)   Other: 0.09ms
[527.245s][info][gc,heap        ] GC(1276) Eden regions: 340->0(375)
[527.245s][info][gc,heap        ] GC(1276) Survivor regions: 18->18(45)
[527.245s][info][gc,heap        ] GC(1276) Old regions: 494->469
[527.245s][info][gc,heap        ] GC(1276) Humongous regions: 9->9
[527.245s][info][gc,metaspace   ] GC(1276) Metaspace: 19047K(19200K)->19047K(19200K) NonClass: 16383K(16448K)->16383K(16448K) Class: 2664K(2752K)->2664K(2752K)
[527.245s][info][gc             ] GC(1276) Pause Young (Mixed) (G1 Evacuation Pause) 860M->495M(978M) 32.446ms
[527.245s][info][gc,cpu         ] GC(1276) User=0.06s Sys=0.00s Real=0.03s
[527.758s][info][gc,start       ] GC(1277) Pause Young (Concurrent Start) (G1 Evacuation Pause)
[527.758s][info][gc,task        ] GC(1277) Using 2 workers of 2 for evacuation
[527.805s][info][gc,phases      ] GC(1277)   Pre Evacuate Collection Set: 0.34ms
[527.805s][info][gc,phases      ] GC(1277)   Merge Heap Roots: 0.35ms
[527.805s][info][gc,phases      ] GC(1277)   Evacuate Collection Set: 45.37ms
[527.805s][info][gc,phases      ] GC(1277)   Post Evacuate Collection Set: 0.72ms
[527.805s][info][gc,phases      ] GC(1277)   Other: 0.20ms
[527.805s][info][gc,heap        ] GC(1277) Eden regions: 375->0(374)
[527.805s][info][gc,heap        ] GC(1277) Survivor regions: 18->31(50)
[527.805s][info][gc,heap        ] GC(1277) Old regions: 469->469
[527.805s][info][gc,heap        ] GC(1277) Humongous regions: 9->9
[527.805s][info][gc,metaspace   ] GC(1277) Metaspace: 19047K(19200K)->19047K(19200K) NonClass: 16383K(16448K)->16383K(16448K) Class: 2664K(2752K)->2664K(2752K)
[527.805s][info][gc             ] GC(1277) Pause Young (Concurrent Start) (G1 Evacuation Pause) 870M->508M(978M) 47.274ms
[527.805s][info][gc             ] GC(1278) Concurrent Mark Cycle
[527.805s][info][gc,marking     ] GC(1278) Concurrent Scan Root Regions
[527.807s][info][gc,cpu         ] GC(1277) User=0.10s Sys=0.00s Real=0.05s
[527.893s][info][gc,marking     ] GC(1278) Concurrent Scan Root Regions 88.506ms
[527.893s][info][gc,marking     ] GC(1278) Concurrent Mark
[527.893s][info][gc,marking     ] GC(1278) Concurrent Mark From Roots
[527.893s][info][gc,task        ] GC(1278) Using 1 workers of 1 for marking
[528.456s][info][gc,start       ] GC(1279) Pause Young (Normal) (G1 Evacuation Pause)
[528.456s][info][gc,task        ] GC(1279) Using 2 workers of 2 for evacuation
[528.528s][info][gc,phases      ] GC(1279)   Pre Evacuate Collection Set: 0.52ms
[528.528s][info][gc,phases      ] GC(1279)   Merge Heap Roots: 0.40ms
[528.528s][info][gc,phases      ] GC(1279)   Evacuate Collection Set: 69.84ms
[528.528s][info][gc,phases      ] GC(1279)   Post Evacuate Collection Set: 0.62ms
[528.528s][info][gc,phases      ] GC(1279)   Other: 0.09ms
[528.528s][info][gc,heap        ] GC(1279) Eden regions: 374->0(357)
[528.528s][info][gc,heap        ] GC(1279) Survivor regions: 31->39(51)
[528.528s][info][gc,heap        ] GC(1279) Old regions: 469->484
[528.528s][info][gc,heap        ] GC(1279) Humongous regions: 9->9
[528.528s][info][gc,metaspace   ] GC(1279) Metaspace: 19047K(19200K)->19047K(19200K) NonClass: 16383K(16448K)->16383K(16448K) Class: 2664K(2752K)->2664K(2752K)
[528.528s][info][gc             ] GC(1279) Pause Young (Normal) (G1 Evacuation Pause) 882M->531M(978M) 71.723ms
[528.528s][info][gc,cpu         ] GC(1279) User=0.14s Sys=0.00s Real=0.07s
[529.099s][info][gc,start       ] GC(1280) Pause Young (Normal) (G1 Evacuation Pause)
[529.099s][info][gc,task        ] GC(1280) Using 2 workers of 2 for evacuation
[529.173s][info][gc,phases      ] GC(1280)   Pre Evacuate Collection Set: 0.29ms
[529.173s][info][gc,phases      ] GC(1280)   Merge Heap Roots: 0.25ms
[529.173s][info][gc,phases      ] GC(1280)   Evacuate Collection Set: 72.16ms
[529.173s][info][gc,phases      ] GC(1280)   Post Evacuate Collection Set: 0.62ms
[529.173s][info][gc,phases      ] GC(1280)   Other: 0.08ms
[529.173s][info][gc,heap        ] GC(1280) Eden regions: 357->0(313)
[529.173s][info][gc,heap        ] GC(1280) Survivor regions: 39->50(50)
[529.173s][info][gc,heap        ] GC(1280) Old regions: 484->506
[529.173s][info][gc,heap        ] GC(1280) Humongous regions: 9->9
[529.173s][info][gc,metaspace   ] GC(1280) Metaspace: 19047K(19200K)->19047K(19200K) NonClass: 16383K(16448K)->16383K(16448K) Class: 2664K(2752K)->2664K(2752K)
[529.173s][info][gc             ] GC(1280) Pause Young (Normal) (G1 Evacuation Pause) 888M->564M(978M) 73.635ms
[529.173s][info][gc,cpu         ] GC(1280) User=0.15s Sys=0.00s Real=0.08s
[529.346s][info][gc,marking     ] GC(1278) Concurrent Mark From Roots 1452.878ms
[529.346s][info][gc,marking     ] GC(1278) Concurrent Preclean
[529.346s][info][gc,marking     ] GC(1278) Concurrent Preclean 0.049ms
[529.347s][info][gc,start       ] GC(1278) Pause Remark
[529.354s][info][gc             ] GC(1278) Pause Remark 663M->661M(978M) 7.762ms
[529.354s][info][gc,cpu         ] GC(1278) User=0.01s Sys=0.00s Real=0.01s
[529.354s][info][gc,marking     ] GC(1278) Concurrent Mark 1461.030ms
[529.354s][info][gc,marking     ] GC(1278) Concurrent Rebuild Remembered Sets and Scrub Regions
[529.727s][info][gc,start       ] GC(1281) Pause Young (Normal) (G1 Evacuation Pause)
[529.727s][info][gc,task        ] GC(1281) Using 2 workers of 2 for evacuation
[529.810s][info][gc,phases      ] GC(1281)   Pre Evacuate Collection Set: 0.31ms
[529.810s][info][gc,phases      ] GC(1281)   Merge Heap Roots: 0.45ms
[529.810s][info][gc,phases      ] GC(1281)   Evacuate Collection Set: 81.64ms
[529.810s][info][gc,phases      ] GC(1281)   Post Evacuate Collection Set: 0.56ms
[529.810s][info][gc,phases      ] GC(1281)   Other: 0.10ms
[529.810s][info][gc,heap        ] GC(1281) Eden regions: 313->0(298)
[529.810s][info][gc,heap        ] GC(1281) Survivor regions: 50->29(46)
[529.810s][info][gc,heap        ] GC(1281) Old regions: 506->557
[529.810s][info][gc,heap        ] GC(1281) Humongous regions: 7->7
[529.810s][info][gc,metaspace   ] GC(1281) Metaspace: 19047K(19200K)->19047K(19200K) NonClass: 16383K(16448K)->16383K(16448K) Class: 2664K(2752K)->2664K(2752K)
[529.810s][info][gc             ] GC(1281) Pause Young (Normal) (G1 Evacuation Pause) 875M->592M(978M) 83.286ms
[529.810s][info][gc,cpu         ] GC(1281) User=0.16s Sys=0.00s Real=0.08s
[529.927s][info][gc,marking     ] GC(1278) Concurrent Rebuild Remembered Sets and Scrub Regions 572.920ms
[529.928s][info][gc,start       ] GC(1278) Pause Cleanup
[529.928s][info][gc             ] GC(1278) Pause Cleanup 670M->670M(978M) 0.097ms
[529.928s][info][gc,cpu         ] GC(1278) User=0.00s Sys=0.00s Real=0.00s
[529.928s][info][gc,marking     ] GC(1278) Concurrent Clear Claimed Marks
[529.928s][info][gc,marking     ] GC(1278) Concurrent Clear Claimed Marks 0.029ms
[529.928s][info][gc,marking     ] GC(1278) Concurrent Cleanup for Next Mark
[529.931s][info][gc,marking     ] GC(1278) Concurrent Cleanup for Next Mark 2.855ms
[529.931s][info][gc             ] GC(1278) Concurrent Mark Cycle 2125.787ms
[530.185s][info][gc,start       ] GC(1282) Pause Young (Prepare Mixed) (G1 Evacuation Pause)
[530.186s][info][gc,task        ] GC(1282) Using 2 workers of 2 for evacuation
[530.228s][info][gc,phases      ] GC(1282)   Pre Evacuate Collection Set: 0.31ms
[530.228s][info][gc,phases      ] GC(1282)   Merge Heap Roots: 0.21ms
[530.228s][info][gc,phases      ] GC(1282)   Evacuate Collection Set: 41.04ms
[530.228s][info][gc,phases      ] GC(1282)   Post Evacuate Collection Set: 0.58ms
[530.228s][info][gc,phases      ] GC(1282)   Other: 0.09ms
[530.228s][info][gc,heap        ] GC(1282) Eden regions: 298->0(296)
[530.228s][info][gc,heap        ] GC(1282) Survivor regions: 29->12(41)
[530.228s][info][gc,heap        ] GC(1282) Old regions: 557->586
[530.228s][info][gc,heap        ] GC(1282) Humongous regions: 7->7
[530.228s][info][gc,metaspace   ] GC(1282) Metaspace: 19047K(19200K)->19047K(19200K) NonClass: 16383K(16448K)->16383K(16448K) Class: 2664K(2752K)->2664K(2752K)
[530.228s][info][gc             ] GC(1282) Pause Young (Prepare Mixed) (G1 Evacuation Pause) 890M->604M(978M) 42.495ms
[530.228s][info][gc,cpu         ] GC(1282) User=0.08s Sys=0.00s Real=0.04s
[530.845s][info][gc,start       ] GC(1283) Pause Young (Mixed) (G1 Evacuation Pause)
[530.845s][info][gc,task        ] GC(1283) Using 2 workers of 2 for evacuation
[530.878s][info][gc,phases      ] GC(1283)   Pre Evacuate Collection Set: 0.34ms
[530.878s][info][gc,phases      ] GC(1283)   Merge Heap Roots: 0.28ms
[530.878s][info][gc,phases      ] GC(1283)   Evacuate Collection Set: 31.93ms
[530.878s][info][gc,phases      ] GC(1283)   Post Evacuate Collection Set: 0.54ms
[530.878s][info][gc,phases      ] GC(1283)   Other: 0.09ms
[530.878s][info][gc,heap        ] GC(1283) Eden regions: 296->0(290)
[530.878s][info][gc,heap        ] GC(1283) Survivor regions: 12->27(39)
[530.878s][info][gc,heap        ] GC(1283) Old regions: 586->577
[530.878s][info][gc,heap        ] GC(1283) Humongous regions: 7->7
[530.878s][info][gc,metaspace   ] GC(1283) Metaspace: 19047K(19200K)->19047K(19200K) NonClass: 16383K(16448K)->16383K(16448K) Class: 2664K(2752K)->2664K(2752K)
[530.878s][info][gc             ] GC(1283) Pause Young (Mixed) (G1 Evacuation Pause) 900M->610M(978M) 33.428ms
[530.878s][info][gc,cpu         ] GC(1283) User=0.06s Sys=0.00s Real=0.03s
[531.564s][info][gc,start       ] GC(1284) Pause Young (Concurrent Start) (G1 Evacuation Pause)
[531.564s][info][gc,task        ] GC(1284) Using 2 workers of 2 for evacuation
[531.592s][info][gc,phases      ] GC(1284)   Pre Evacuate Collection Set: 0.33ms
[531.592s][info][gc,phases      ] GC(1284)   Merge Heap Roots: 0.20ms
[531.592s][info][gc,phases      ] GC(1284)   Evacuate Collection Set: 27.23ms
[531.592s][info][gc,phases      ] GC(1284)   Post Evacuate Collection Set: 0.51ms
[531.592s][info][gc,phases      ] GC(1284)   Other: 0.13ms
[531.592s][info][gc,heap        ] GC(1284) Eden regions: 290->0(302)
[531.592s][info][gc,heap        ] GC(1284) Survivor regions: 27->15(40)
[531.593s][info][gc,heap        ] GC(1284) Old regions: 577->589
[531.593s][info][gc,heap        ] GC(1284) Humongous regions: 7->7
[531.593s][info][gc,metaspace   ] GC(1284) Metaspace: 19047K(19200K)->19047K(19200K) NonClass: 16383K(16448K)->16383K(16448K) Class: 2664K(2752K)->2664K(2752K)
[531.593s][info][gc             ] GC(1284) Pause Young (Concurrent Start) (G1 Evacuation Pause) 900M->610M(978M) 28.655ms
[531.593s][info][gc,cpu         ] GC(1284) User=0.05s Sys=0.00s Real=0.03s
[531.593s][info][gc             ] GC(1285) Concurrent Mark Cycle
[531.593s][info][gc,marking     ] GC(1285) Concurrent Scan Root Regions
[531.643s][info][gc,marking     ] GC(1285) Concurrent Scan Root Regions 50.686ms
[531.643s][info][gc,marking     ] GC(1285) Concurrent Mark
[531.643s][info][gc,marking     ] GC(1285) Concurrent Mark From Roots
[531.643s][info][gc,task        ] GC(1285) Using 1 workers of 1 for marking
[532.671s][info][gc,start       ] GC(1286) Pause Young (Normal) (G1 Evacuation Pause)
[532.671s][info][gc,task        ] GC(1286) Using 2 workers of 2 for evacuation
[532.689s][info][gc,phases      ] GC(1286)   Pre Evacuate Collection Set: 0.52ms
[532.689s][info][gc,phases      ] GC(1286)   Merge Heap Roots: 0.19ms
[532.689s][info][gc,phases      ] GC(1286)   Evacuate Collection Set: 16.62ms
[532.689s][info][gc,phases      ] GC(1286)   Post Evacuate Collection Set: 0.50ms
[532.689s][info][gc,phases      ] GC(1286)   Other: 0.12ms
[532.689s][info][gc,heap        ] GC(1286) Eden regions: 302->0(300)
[532.689s][info][gc,heap        ] GC(1286) Survivor regions: 15->16(40)
[532.689s][info][gc,heap        ] GC(1286) Old regions: 589->589
[532.689s][info][gc,heap        ] GC(1286) Humongous regions: 7->7
[532.689s][info][gc,metaspace   ] GC(1286) Metaspace: 19047K(19200K)->19047K(19200K) NonClass: 16383K(16448K)->16383K(16448K) Class: 2664K(2752K)->2664K(2752K)
[532.689s][info][gc             ] GC(1286) Pause Young (Normal) (G1 Evacuation Pause) 912M->610M(978M) 18.188ms
[532.689s][info][gc,cpu         ] GC(1286) User=0.03s Sys=0.00s Real=0.01s
[532.980s][info][gc,marking     ] GC(1285) Concurrent Mark From Roots 1336.277ms
[532.980s][info][gc,marking     ] GC(1285) Concurrent Preclean
[532.980s][info][gc,marking     ] GC(1285) Concurrent Preclean 0.050ms
[532.980s][info][gc,start       ] GC(1285) Pause Remark
[533.068s][info][gc             ] GC(1285) Pause Remark 700M->700M(978M) 87.932ms
[533.068s][info][gc,cpu         ] GC(1285) User=0.18s Sys=0.00s Real=0.09s
[533.069s][info][gc,marking     ] GC(1285) Concurrent Mark 1425.418ms
[533.069s][info][gc,marking     ] GC(1285) Concurrent Rebuild Remembered Sets and Scrub Regions
[533.358s][info][gc,start       ] GC(1287) Pause Young (Normal) (G1 Evacuation Pause)
[533.358s][info][gc,task        ] GC(1287) Using 2 workers of 2 for evacuation
[533.445s][info][gc,phases      ] GC(1287)   Pre Evacuate Collection Set: 0.30ms
[533.445s][info][gc,phases      ] GC(1287)   Merge Heap Roots: 0.18ms
[533.445s][info][gc,phases      ] GC(1287)   Evacuate Collection Set: 79.65ms
[533.445s][info][gc,phases      ] GC(1287)   Post Evacuate Collection Set: 6.47ms
[533.445s][info][gc,phases      ] GC(1287)   Other: 0.08ms
[533.445s][info][gc,heap        ] GC(1287) Eden regions: 300->0(148)
[533.445s][info][gc,heap        ] GC(1287) Survivor regions: 16->40(40)
[533.445s][info][gc,heap        ] GC(1287) Old regions: 589->693
[533.445s][info][gc,heap        ] GC(1287) Humongous regions: 7->7
[533.445s][info][gc,metaspace   ] GC(1287) Metaspace: 19047K(19200K)->19047K(19200K) NonClass: 16383K(16448K)->16383K(16448K) Class: 2664K(2752K)->2664K(2752K)
[533.445s][info][gc             ] GC(1287) Pause Young (Normal) (G1 Evacuation Pause) (Evacuation Failure: Allocation) 910M->739M(978M) 86.966ms
[533.445s][info][gc,cpu         ] GC(1287) User=0.17s Sys=0.00s Real=0.09s
[533.764s][info][gc,start       ] GC(1288) Pause Young (Normal) (G1 Evacuation Pause)
[533.765s][info][gc,task        ] GC(1288) Using 2 workers of 2 for evacuation
[533.838s][info][gc,phases      ] GC(1288)   Pre Evacuate Collection Set: 0.82ms
[533.838s][info][gc,phases      ] GC(1288)   Merge Heap Roots: 0.44ms
[533.838s][info][gc,phases      ] GC(1288)   Evacuate Collection Set: 71.90ms
[533.838s][info][gc,phases      ] GC(1288)   Post Evacuate Collection Set: 0.57ms
[533.838s][info][gc,phases      ] GC(1288)   Other: 0.10ms
[533.838s][info][gc,heap        ] GC(1288) Eden regions: 148->0(222)
[533.838s][info][gc,heap        ] GC(1288) Survivor regions: 40->9(24)
[533.838s][info][gc,heap        ] GC(1288) Old regions: 693->674
[533.838s][info][gc,heap        ] GC(1288) Humongous regions: 7->7
[533.838s][info][gc,metaspace   ] GC(1288) Metaspace: 19056K(19200K)->19056K(19200K) NonClass: 16392K(16448K)->16392K(16448K) Class: 2664K(2752K)->2664K(2752K)
[533.839s][info][gc             ] GC(1288) Pause Young (Normal) (G1 Evacuation Pause) 887M->689M(978M) 74.058ms
[533.839s][info][gc,cpu         ] GC(1288) User=0.15s Sys=0.00s Real=0.07s
[533.998s][info][gc,marking     ] GC(1285) Concurrent Rebuild Remembered Sets and Scrub Regions 929.658ms
[533.999s][info][gc,start       ] GC(1285) Pause Cleanup
[533.999s][info][gc             ] GC(1285) Pause Cleanup 742M->742M(978M) 0.106ms
[533.999s][info][gc,cpu         ] GC(1285) User=0.00s Sys=0.00s Real=0.00s
[533.999s][info][gc,marking     ] GC(1285) Concurrent Clear Claimed Marks
[533.999s][info][gc,marking     ] GC(1285) Concurrent Clear Claimed Marks 0.030ms
[533.999s][info][gc,marking     ] GC(1285) Concurrent Cleanup for Next Mark
[534.004s][info][gc,marking     ] GC(1285) Concurrent Cleanup for Next Mark 4.901ms
[534.004s][info][gc             ] GC(1285) Concurrent Mark Cycle 2411.452ms
[534.159s][info][gc,start       ] GC(1289) Pause Young (Prepare Mixed) (G1 Evacuation Pause)
[534.159s][info][gc,task        ] GC(1289) Using 2 workers of 2 for evacuation
[534.231s][info][gc,phases      ] GC(1289)   Pre Evacuate Collection Set: 0.52ms
[534.231s][info][gc,phases      ] GC(1289)   Merge Heap Roots: 0.36ms
[534.231s][info][gc,phases      ] GC(1289)   Evacuate Collection Set: 70.30ms
[534.231s][info][gc,phases      ] GC(1289)   Post Evacuate Collection Set: 0.78ms
[534.231s][info][gc,phases      ] GC(1289)   Other: 0.10ms
[534.231s][info][gc,heap        ] GC(1289) Eden regions: 222->0(152)
[534.231s][info][gc,heap        ] GC(1289) Survivor regions: 9->29(29)
[534.231s][info][gc,heap        ] GC(1289) Old regions: 674->708
[534.231s][info][gc,heap        ] GC(1289) Humongous regions: 10->10
[534.231s][info][gc,metaspace   ] GC(1289) Metaspace: 19056K(19200K)->19056K(19200K) NonClass: 16392K(16448K)->16392K(16448K) Class: 2664K(2752K)->2664K(2752K)
[534.231s][info][gc             ] GC(1289) Pause Young (Prepare Mixed) (G1 Evacuation Pause) 914M->746M(978M) 72.269ms
[534.231s][info][gc,cpu         ] GC(1289) User=0.14s Sys=0.00s Real=0.08s
[534.402s][info][gc,start       ] GC(1290) Pause Young (Mixed) (G1 Evacuation Pause)
[534.402s][info][gc,task        ] GC(1290) Using 2 workers of 2 for evacuation
[534.481s][info][gc,phases      ] GC(1290)   Pre Evacuate Collection Set: 0.52ms
[534.481s][info][gc,phases      ] GC(1290)   Merge Heap Roots: 0.54ms
[534.481s][info][gc,phases      ] GC(1290)   Evacuate Collection Set: 78.02ms
[534.481s][info][gc,phases      ] GC(1290)   Post Evacuate Collection Set: 0.52ms
[534.481s][info][gc,phases      ] GC(1290)   Other: 0.08ms
[534.482s][info][gc,heap        ] GC(1290) Eden regions: 152->0(133)
[534.482s][info][gc,heap        ] GC(1290) Survivor regions: 29->23(23)
[534.482s][info][gc,heap        ] GC(1290) Old regions: 708->739
[534.482s][info][gc,heap        ] GC(1290) Humongous regions: 10->10
[534.482s][info][gc,metaspace   ] GC(1290) Metaspace: 19056K(19200K)->19056K(19200K) NonClass: 16392K(16448K)->16392K(16448K) Class: 2664K(2752K)->2664K(2752K)
[534.482s][info][gc             ] GC(1290) Pause Young (Mixed) (G1 Evacuation Pause) 898M->771M(978M) 79.966ms
[534.482s][info][gc,cpu         ] GC(1290) User=0.16s Sys=0.00s Real=0.08s
[534.631s][info][gc,start       ] GC(1291) Pause Young (Concurrent Start) (G1 Evacuation Pause)
[534.632s][info][gc,task        ] GC(1291) Using 2 workers of 2 for evacuation
[534.654s][info][gc,phases      ] GC(1291)   Pre Evacuate Collection Set: 0.34ms
[534.654s][info][gc,phases      ] GC(1291)   Merge Heap Roots: 0.19ms
[534.654s][info][gc,phases      ] GC(1291)   Evacuate Collection Set: 21.44ms
[534.654s][info][gc,phases      ] GC(1291)   Post Evacuate Collection Set: 0.38ms
[534.654s][info][gc,phases      ] GC(1291)   Other: 0.20ms
[534.654s][info][gc,heap        ] GC(1291) Eden regions: 133->0(145)
[534.654s][info][gc,heap        ] GC(1291) Survivor regions: 23->1(20)
[534.654s][info][gc,heap        ] GC(1291) Old regions: 739->762
[534.654s][info][gc,heap        ] GC(1291) Humongous regions: 10->10
[534.654s][info][gc,metaspace   ] GC(1291) Metaspace: 19056K(19200K)->19056K(19200K) NonClass: 16392K(16448K)->16392K(16448K) Class: 2664K(2752K)->2664K(2752K)
[534.654s][info][gc             ] GC(1291) Pause Young (Concurrent Start) (G1 Evacuation Pause) 904M->772M(978M) 22.766ms
[534.654s][info][gc             ] GC(1292) Concurrent Mark Cycle
[534.654s][info][gc,marking     ] GC(1292) Concurrent Scan Root Regions
[534.654s][info][gc,cpu         ] GC(1291) User=0.04s Sys=0.00s Real=0.02s
[534.675s][info][gc,marking     ] GC(1292) Concurrent Scan Root Regions 21.065ms
[534.675s][info][gc,marking     ] GC(1292) Concurrent Mark
[534.675s][info][gc,marking     ] GC(1292) Concurrent Mark From Roots
[534.675s][info][gc,task        ] GC(1292) Using 1 workers of 1 for marking
[534.924s][info][gc,start       ] GC(1293) Pause Young (Normal) (G1 Evacuation Pause)
[534.924s][info][gc,task        ] GC(1293) Using 2 workers of 2 for evacuation
[534.926s][info][gc,phases      ] GC(1293)   Pre Evacuate Collection Set: 0.52ms
[534.926s][info][gc,phases      ] GC(1293)   Merge Heap Roots: 0.09ms
[534.926s][info][gc,phases      ] GC(1293)   Evacuate Collection Set: 1.12ms
[534.926s][info][gc,phases      ] GC(1293)   Post Evacuate Collection Set: 0.34ms
[534.926s][info][gc,phases      ] GC(1293)   Other: 0.09ms
[534.926s][info][gc,heap        ] GC(1293) Eden regions: 145->0(154)
[534.926s][info][gc,heap        ] GC(1293) Survivor regions: 1->1(19)
[534.926s][info][gc,heap        ] GC(1293) Old regions: 762->762
[534.926s][info][gc,heap        ] GC(1293) Humongous regions: 10->10
[534.926s][info][gc,metaspace   ] GC(1293) Metaspace: 19056K(19200K)->19056K(19200K) NonClass: 16392K(16448K)->16392K(16448K) Class: 2664K(2752K)->2664K(2752K)
[534.926s][info][gc             ] GC(1293) Pause Young (Normal) (G1 Evacuation Pause) 917M->772M(978M) 2.400ms
[534.926s][info][gc,cpu         ] GC(1293) User=0.01s Sys=0.00s Real=0.00s
[535.255s][info][gc,start       ] GC(1294) Pause Young (Normal) (G1 Evacuation Pause)
[535.255s][info][gc,task        ] GC(1294) Using 2 workers of 2 for evacuation
[535.257s][info][gc,phases      ] GC(1294)   Pre Evacuate Collection Set: 0.29ms
[535.257s][info][gc,phases      ] GC(1294)   Merge Heap Roots: 0.07ms
[535.257s][info][gc,phases      ] GC(1294)   Evacuate Collection Set: 1.19ms
[535.257s][info][gc,phases      ] GC(1294)   Post Evacuate Collection Set: 0.35ms
[535.257s][info][gc,phases      ] GC(1294)   Other: 0.09ms
[535.257s][info][gc,heap        ] GC(1294) Eden regions: 154->0(154)
[535.257s][info][gc,heap        ] GC(1294) Survivor regions: 1->1(20)
[535.257s][info][gc,heap        ] GC(1294) Old regions: 762->762
[535.257s][info][gc,heap        ] GC(1294) Humongous regions: 10->10
[535.257s][info][gc,metaspace   ] GC(1294) Metaspace: 19056K(19200K)->19056K(19200K) NonClass: 16392K(16448K)->16392K(16448K) Class: 2664K(2752K)->2664K(2752K)
[535.257s][info][gc             ] GC(1294) Pause Young (Normal) (G1 Evacuation Pause) 926M->772M(978M) 2.237ms
[535.257s][info][gc,cpu         ] GC(1294) User=0.00s Sys=0.00s Real=0.00s
[535.546s][info][gc,marking     ] GC(1292) Concurrent Mark From Roots 870.913ms
[535.546s][info][gc,marking     ] GC(1292) Concurrent Preclean
[535.546s][info][gc,marking     ] GC(1292) Concurrent Preclean 0.046ms
[535.547s][info][gc,start       ] GC(1292) Pause Remark
[535.554s][info][gc             ] GC(1292) Pause Remark 919M->631M(978M) 7.895ms
[535.554s][info][gc,cpu         ] GC(1292) User=0.02s Sys=0.00s Real=0.01s
[535.556s][info][gc,marking     ] GC(1292) Concurrent Mark 880.383ms
[535.556s][info][gc,marking     ] GC(1292) Concurrent Rebuild Remembered Sets and Scrub Regions
[535.567s][info][gc,start       ] GC(1295) Pause Young (Normal) (G1 Evacuation Pause)
[535.567s][info][gc,task        ] GC(1295) Using 2 workers of 2 for evacuation
[535.571s][info][gc,phases      ] GC(1295)   Pre Evacuate Collection Set: 0.43ms
[535.571s][info][gc,phases      ] GC(1295)   Merge Heap Roots: 0.09ms
[535.571s][info][gc,phases      ] GC(1295)   Evacuate Collection Set: 3.06ms
[535.571s][info][gc,phases      ] GC(1295)   Post Evacuate Collection Set: 0.34ms
[535.571s][info][gc,phases      ] GC(1295)   Other: 0.07ms
[535.571s][info][gc,heap        ] GC(1295) Eden regions: 154->0(333)
[535.571s][info][gc,heap        ] GC(1295) Survivor regions: 1->1(20)
[535.571s][info][gc,heap        ] GC(1295) Old regions: 480->480
[535.571s][info][gc,heap        ] GC(1295) Humongous regions: 4->4
[535.571s][info][gc,metaspace   ] GC(1295) Metaspace: 19056K(19200K)->19056K(19200K) NonClass: 16392K(16448K)->16392K(16448K) Class: 2664K(2752K)->2664K(2752K)
[535.571s][info][gc             ] GC(1295) Pause Young (Normal) (G1 Evacuation Pause) 638M->484M(978M) 4.140ms
[535.571s][info][gc,cpu         ] GC(1295) User=0.00s Sys=0.00s Real=0.01s
[535.881s][info][gc,marking     ] GC(1292) Concurrent Rebuild Remembered Sets and Scrub Regions 325.540ms
[535.881s][info][gc,start       ] GC(1292) Pause Cleanup
[535.882s][info][gc             ] GC(1292) Pause Cleanup 679M->679M(978M) 0.146ms
[535.882s][info][gc,cpu         ] GC(1292) User=0.00s Sys=0.00s Real=0.00s
[535.882s][info][gc,marking     ] GC(1292) Concurrent Clear Claimed Marks
[535.882s][info][gc,marking     ] GC(1292) Concurrent Clear Claimed Marks 0.041ms
[535.882s][info][gc,marking     ] GC(1292) Concurrent Cleanup for Next Mark
[535.888s][info][gc,marking     ] GC(1292) Concurrent Cleanup for Next Mark 6.269ms
[535.888s][info][gc             ] GC(1292) Concurrent Mark Cycle 1234.073ms
[536.042s][info][gc,start       ] GC(1296) Pause Young (Prepare Mixed) (G1 Evacuation Pause)
[536.042s][info][gc,task        ] GC(1296) Using 2 workers of 2 for evacuation
[536.048s][info][gc,phases      ] GC(1296)   Pre Evacuate Collection Set: 0.51ms
[536.048s][info][gc,phases      ] GC(1296)   Merge Heap Roots: 0.14ms
[536.048s][info][gc,phases      ] GC(1296)   Evacuate Collection Set: 4.41ms
[536.048s][info][gc,phases      ] GC(1296)   Post Evacuate Collection Set: 0.52ms
[536.048s][info][gc,phases      ] GC(1296)   Other: 0.07ms
[536.048s][info][gc,heap        ] GC(1296) Eden regions: 333->0(351)
[536.048s][info][gc,heap        ] GC(1296) Survivor regions: 1->3(42)
[536.048s][info][gc,heap        ] GC(1296) Old regions: 480->480
[536.048s][info][gc,heap        ] GC(1296) Humongous regions: 4->4
[536.048s][info][gc,metaspace   ] GC(1296) Metaspace: 19056K(19200K)->19056K(19200K) NonClass: 16392K(16448K)->16392K(16448K) Class: 2664K(2752K)->2664K(2752K)
[536.048s][info][gc             ] GC(1296) Pause Young (Prepare Mixed) (G1 Evacuation Pause) 817M->486M(978M) 5.853ms
[536.048s][info][gc,cpu         ] GC(1296) User=0.01s Sys=0.00s Real=0.00s
[536.476s][info][gc,start       ] GC(1297) Pause Young (Mixed) (G1 Evacuation Pause)
[536.477s][info][gc,task        ] GC(1297) Using 2 workers of 2 for evacuation
[536.519s][info][gc,phases      ] GC(1297)   Pre Evacuate Collection Set: 0.60ms
[536.519s][info][gc,phases      ] GC(1297)   Merge Heap Roots: 0.55ms
[536.519s][info][gc,phases      ] GC(1297)   Evacuate Collection Set: 40.19ms
[536.519s][info][gc,phases      ] GC(1297)   Post Evacuate Collection Set: 0.82ms
[536.519s][info][gc,phases      ] GC(1297)   Other: 0.09ms
[536.519s][info][gc,heap        ] GC(1297) Eden regions: 351->0(406)
[536.519s][info][gc,heap        ] GC(1297) Survivor regions: 3->19(45)
[536.519s][info][gc,heap        ] GC(1297) Old regions: 480->383
[536.519s][info][gc,heap        ] GC(1297) Humongous regions: 7->7
[536.519s][info][gc,metaspace   ] GC(1297) Metaspace: 19059K(19200K)->19059K(19200K) NonClass: 16395K(16448K)->16395K(16448K) Class: 2664K(2752K)->2664K(2752K)
[536.519s][info][gc             ] GC(1297) Pause Young (Mixed) (G1 Evacuation Pause) 840M->408M(978M) 42.521ms
[536.519s][info][gc,cpu         ] GC(1297) User=0.08s Sys=0.00s Real=0.04s
[537.016s][info][gc,start       ] GC(1298) Pause Young (Concurrent Start) (G1 Evacuation Pause)
[537.017s][info][gc,task        ] GC(1298) Using 2 workers of 2 for evacuation
[537.087s][info][gc,phases      ] GC(1298)   Pre Evacuate Collection Set: 0.29ms
[537.088s][info][gc,phases      ] GC(1298)   Merge Heap Roots: 0.40ms
[537.088s][info][gc,phases      ] GC(1298)   Evacuate Collection Set: 69.36ms
[537.088s][info][gc,phases      ] GC(1298)   Post Evacuate Collection Set: 0.76ms
[537.088s][info][gc,phases      ] GC(1298)   Other: 0.12ms
[537.088s][info][gc,heap        ] GC(1298) Eden regions: 406->0(389)
[537.088s][info][gc,heap        ] GC(1298) Survivor regions: 19->50(54)
[537.088s][info][gc,heap        ] GC(1298) Old regions: 383->383
[537.088s][info][gc,heap        ] GC(1298) Humongous regions: 7->7
[537.088s][info][gc,metaspace   ] GC(1298) Metaspace: 19059K(19200K)->19059K(19200K) NonClass: 16395K(16448K)->16395K(16448K) Class: 2664K(2752K)->2664K(2752K)
[537.088s][info][gc             ] GC(1298) Pause Young (Concurrent Start) (G1 Evacuation Pause) 814M->439M(978M) 71.206ms
[537.088s][info][gc             ] GC(1299) Concurrent Mark Cycle
[537.088s][info][gc,marking     ] GC(1299) Concurrent Scan Root Regions
[537.088s][info][gc,cpu         ] GC(1298) User=0.14s Sys=0.00s Real=0.07s
[537.212s][info][gc,marking     ] GC(1299) Concurrent Scan Root Regions 124.682ms
[537.212s][info][gc,marking     ] GC(1299) Concurrent Mark
[537.212s][info][gc,marking     ] GC(1299) Concurrent Mark From Roots
[537.212s][info][gc,task        ] GC(1299) Using 1 workers of 1 for marking
[537.646s][info][gc,start       ] GC(1300) Pause Young (Normal) (G1 Evacuation Pause)
[537.646s][info][gc,task        ] GC(1300) Using 2 workers of 2 for evacuation
[537.722s][info][gc,phases      ] GC(1300)   Pre Evacuate Collection Set: 0.53ms
[537.722s][info][gc,phases      ] GC(1300)   Merge Heap Roots: 0.46ms
[537.722s][info][gc,phases      ] GC(1300)   Evacuate Collection Set: 74.39ms
[537.722s][info][gc,phases      ] GC(1300)   Post Evacuate Collection Set: 0.62ms
[537.722s][info][gc,phases      ] GC(1300)   Other: 0.14ms
[537.722s][info][gc,heap        ] GC(1300) Eden regions: 389->0(400)
[537.722s][info][gc,heap        ] GC(1300) Survivor regions: 50->9(55)
[537.722s][info][gc,heap        ] GC(1300) Old regions: 383->433
[537.722s][info][gc,heap        ] GC(1300) Humongous regions: 7->7
[537.722s][info][gc,metaspace   ] GC(1300) Metaspace: 19059K(19200K)->19059K(19200K) NonClass: 16395K(16448K)->16395K(16448K) Class: 2664K(2752K)->2664K(2752K)
[537.723s][info][gc             ] GC(1300) Pause Young (Normal) (G1 Evacuation Pause) 828M->448M(978M) 76.379ms
[537.723s][info][gc,cpu         ] GC(1300) User=0.14s Sys=0.00s Real=0.08s
[537.841s][info][gc,marking     ] GC(1299) Concurrent Mark From Roots 628.460ms
[537.841s][info][gc,marking     ] GC(1299) Concurrent Preclean
[537.841s][info][gc,marking     ] GC(1299) Concurrent Preclean 0.042ms
[537.841s][info][gc,start       ] GC(1299) Pause Remark
[537.849s][info][gc             ] GC(1299) Pause Remark 540M->431M(978M) 8.055ms
[537.849s][info][gc,cpu         ] GC(1299) User=0.01s Sys=0.01s Real=0.00s
[537.849s][info][gc,marking     ] GC(1299) Concurrent Mark 636.946ms
[537.849s][info][gc,marking     ] GC(1299) Concurrent Rebuild Remembered Sets and Scrub Regions
[538.009s][info][gc,marking     ] GC(1299) Concurrent Rebuild Remembered Sets and Scrub Regions 159.128ms
[538.009s][info][gc,start       ] GC(1299) Pause Cleanup
[538.009s][info][gc             ] GC(1299) Pause Cleanup 500M->500M(978M) 0.092ms
[538.009s][info][gc,cpu         ] GC(1299) User=0.00s Sys=0.00s Real=0.00s
[538.010s][info][gc,marking     ] GC(1299) Concurrent Clear Claimed Marks
[538.010s][info][gc,marking     ] GC(1299) Concurrent Clear Claimed Marks 0.065ms
[538.010s][info][gc,marking     ] GC(1299) Concurrent Cleanup for Next Mark
[538.015s][info][gc,marking     ] GC(1299) Concurrent Cleanup for Next Mark 4.820ms
[538.015s][info][gc             ] GC(1299) Concurrent Mark Cycle 927.547ms
[538.378s][info][gc,start       ] GC(1301) Pause Young (Prepare Mixed) (G1 Evacuation Pause)
[538.378s][info][gc,task        ] GC(1301) Using 2 workers of 2 for evacuation
[538.431s][info][gc,phases      ] GC(1301)   Pre Evacuate Collection Set: 0.32ms
[538.431s][info][gc,phases      ] GC(1301)   Merge Heap Roots: 0.45ms
[538.431s][info][gc,phases      ] GC(1301)   Evacuate Collection Set: 51.58ms
[538.431s][info][gc,phases      ] GC(1301)   Post Evacuate Collection Set: 0.61ms
[538.431s][info][gc,phases      ] GC(1301)   Other: 0.10ms
[538.431s][info][gc,heap        ] GC(1301) Eden regions: 400->0(451)
[538.431s][info][gc,heap        ] GC(1301) Survivor regions: 9->42(52)
[538.431s][info][gc,heap        ] GC(1301) Old regions: 327->327
[538.431s][info][gc,heap        ] GC(1301) Humongous regions: 4->4
[538.431s][info][gc,metaspace   ] GC(1301) Metaspace: 19059K(19200K)->19059K(19200K) NonClass: 16395K(16448K)->16395K(16448K) Class: 2664K(2752K)->2664K(2752K)
[538.431s][info][gc             ] GC(1301) Pause Young (Prepare Mixed) (G1 Evacuation Pause) 739M->371M(978M) 53.313ms
[538.432s][info][gc,cpu         ] GC(1301) User=0.10s Sys=0.00s Real=0.06s
[538.921s][info][gc,start       ] GC(1302) Pause Young (Mixed) (G1 Evacuation Pause)
[538.921s][info][gc,task        ] GC(1302) Using 2 workers of 2 for evacuation
[539.002s][info][gc,phases      ] GC(1302)   Pre Evacuate Collection Set: 0.55ms
[539.002s][info][gc,phases      ] GC(1302)   Merge Heap Roots: 0.35ms
[539.002s][info][gc,phases      ] GC(1302)   Evacuate Collection Set: 79.27ms
[539.002s][info][gc,phases      ] GC(1302)   Post Evacuate Collection Set: 0.74ms
[539.002s][info][gc,phases      ] GC(1302)   Other: 0.12ms
[539.002s][info][gc,heap        ] GC(1302) Eden regions: 451->0(464)
[539.002s][info][gc,heap        ] GC(1302) Survivor regions: 42->34(62)
[539.002s][info][gc,heap        ] GC(1302) Old regions: 327->324
[539.002s][info][gc,heap        ] GC(1302) Humongous regions: 4->4
[539.002s][info][gc,metaspace   ] GC(1302) Metaspace: 19059K(19200K)->19059K(19200K) NonClass: 16395K(16448K)->16395K(16448K) Class: 2664K(2752K)->2664K(2752K)
[539.002s][info][gc             ] GC(1302) Pause Young (Mixed) (G1 Evacuation Pause) 822M->361M(978M) 81.272ms
[539.002s][info][gc,cpu         ] GC(1302) User=0.16s Sys=0.00s Real=0.08s
[539.506s][info][gc,start       ] GC(1303) Pause Young (Concurrent Start) (G1 Evacuation Pause)
[539.506s][info][gc,task        ] GC(1303) Using 2 workers of 2 for evacuation
[539.563s][info][gc,phases      ] GC(1303)   Pre Evacuate Collection Set: 0.34ms
[539.563s][info][gc,phases      ] GC(1303)   Merge Heap Roots: 0.27ms
[539.563s][info][gc,phases      ] GC(1303)   Evacuate Collection Set: 55.39ms
[539.563s][info][gc,phases      ] GC(1303)   Post Evacuate Collection Set: 0.68ms
[539.563s][info][gc,phases      ] GC(1303)   Other: 0.19ms
[539.563s][info][gc,heap        ] GC(1303) Eden regions: 464->0(462)
[539.563s][info][gc,heap        ] GC(1303) Survivor regions: 34->19(63)
[539.563s][info][gc,heap        ] GC(1303) Old regions: 324->358
[539.563s][info][gc,heap        ] GC(1303) Humongous regions: 4->4
[539.563s][info][gc,metaspace   ] GC(1303) Metaspace: 19059K(19200K)->19059K(19200K) NonClass: 16395K(16448K)->16395K(16448K) Class: 2664K(2752K)->2664K(2752K)
[539.563s][info][gc             ] GC(1303) Pause Young (Concurrent Start) (G1 Evacuation Pause) 825M->380M(978M) 57.119ms
[539.563s][info][gc,cpu         ] GC(1303) User=0.11s Sys=0.00s Real=0.06s
[539.563s][info][gc             ] GC(1304) Concurrent Mark Cycle
[539.563s][info][gc,marking     ] GC(1304) Concurrent Scan Root Regions
[539.661s][info][gc,marking     ] GC(1304) Concurrent Scan Root Regions 97.828ms
[539.661s][info][gc,marking     ] GC(1304) Concurrent Mark
[539.661s][info][gc,marking     ] GC(1304) Concurrent Mark From Roots
[539.661s][info][gc,task        ] GC(1304) Using 1 workers of 1 for marking
[540.464s][info][gc,marking     ] GC(1304) Concurrent Mark From Roots 803.584ms
[540.464s][info][gc,marking     ] GC(1304) Concurrent Preclean
[540.464s][info][gc,marking     ] GC(1304) Concurrent Preclean 0.039ms
[540.465s][info][gc,start       ] GC(1304) Pause Remark
[540.472s][info][gc             ] GC(1304) Pause Remark 628M->628M(978M) 7.767ms
[540.472s][info][gc,cpu         ] GC(1304) User=0.02s Sys=0.00s Real=0.01s
[540.472s][info][gc,marking     ] GC(1304) Concurrent Mark 811.702ms
[540.472s][info][gc,marking     ] GC(1304) Concurrent Rebuild Remembered Sets and Scrub Regions
[540.792s][info][gc,marking     ] GC(1304) Concurrent Rebuild Remembered Sets and Scrub Regions 319.859ms
[540.792s][info][gc,start       ] GC(1304) Pause Cleanup
[540.793s][info][gc             ] GC(1304) Pause Cleanup 736M->736M(978M) 0.103ms
[540.793s][info][gc,cpu         ] GC(1304) User=0.00s Sys=0.00s Real=0.00s
[540.793s][info][gc,marking     ] GC(1304) Concurrent Clear Claimed Marks
[540.793s][info][gc,marking     ] GC(1304) Concurrent Clear Claimed Marks 0.040ms
[540.793s][info][gc,marking     ] GC(1304) Concurrent Cleanup for Next Mark
[540.799s][info][gc,marking     ] GC(1304) Concurrent Cleanup for Next Mark 6.525ms
[540.799s][info][gc             ] GC(1304) Concurrent Mark Cycle 1236.563ms
[541.044s][info][gc,start       ] GC(1305) Pause Young (Prepare Mixed) (G1 Evacuation Pause)
[541.044s][info][gc,task        ] GC(1305) Using 2 workers of 2 for evacuation
[541.066s][info][gc,phases      ] GC(1305)   Pre Evacuate Collection Set: 0.31ms
[541.066s][info][gc,phases      ] GC(1305)   Merge Heap Roots: 0.27ms
[541.066s][info][gc,phases      ] GC(1305)   Evacuate Collection Set: 21.27ms
[541.066s][info][gc,phases      ] GC(1305)   Post Evacuate Collection Set: 0.65ms
[541.066s][info][gc,phases      ] GC(1305)   Other: 0.11ms
[541.066s][info][gc,heap        ] GC(1305) Eden regions: 462->0(482)
[541.066s][info][gc,heap        ] GC(1305) Survivor regions: 19->20(61)
[541.066s][info][gc,heap        ] GC(1305) Old regions: 358->358
[541.066s][info][gc,heap        ] GC(1305) Humongous regions: 4->4
[541.066s][info][gc,metaspace   ] GC(1305) Metaspace: 19059K(19200K)->19059K(19200K) NonClass: 16395K(16448K)->16395K(16448K) Class: 2664K(2752K)->2664K(2752K)
[541.066s][info][gc             ] GC(1305) Pause Young (Prepare Mixed) (G1 Evacuation Pause) 842M->381M(978M) 22.847ms
[541.066s][info][gc,cpu         ] GC(1305) User=0.04s Sys=0.00s Real=0.02s
[541.536s][info][gc,start       ] GC(1306) Pause Young (Mixed) (G1 Evacuation Pause)
[541.536s][info][gc,task        ] GC(1306) Using 2 workers of 2 for evacuation
[541.709s][info][gc,phases      ] GC(1306)   Pre Evacuate Collection Set: 0.53ms
[541.709s][info][gc,phases      ] GC(1306)   Merge Heap Roots: 0.29ms
[541.709s][info][gc,phases      ] GC(1306)   Evacuate Collection Set: 155.33ms
[541.709s][info][gc,phases      ] GC(1306)   Post Evacuate Collection Set: 16.93ms
[541.709s][info][gc,phases      ] GC(1306)   Other: 0.10ms
[541.709s][info][gc,heap        ] GC(1306) Eden regions: 482->0(196)
[541.709s][info][gc,heap        ] GC(1306) Survivor regions: 20->63(63)
[541.709s][info][gc,heap        ] GC(1306) Old regions: 358->602
[541.709s][info][gc,heap        ] GC(1306) Humongous regions: 4->4
[541.709s][info][gc,metaspace   ] GC(1306) Metaspace: 19059K(19200K)->19059K(19200K) NonClass: 16395K(16448K)->16395K(16448K) Class: 2664K(2752K)->2664K(2752K)
[541.709s][info][gc             ] GC(1306) Pause Young (Mixed) (G1 Evacuation Pause) (Evacuation Failure: Allocation) 863M->668M(978M) 173.400ms
[541.709s][info][gc,cpu         ] GC(1306) User=0.34s Sys=0.00s Real=0.17s
[542.071s][info][gc,start       ] GC(1307) Pause Young (Concurrent Start) (G1 Humongous Allocation)
[542.071s][info][gc,task        ] GC(1307) Using 2 workers of 2 for evacuation
[542.260s][info][gc,phases      ] GC(1307)   Pre Evacuate Collection Set: 0.42ms
[542.260s][info][gc,phases      ] GC(1307)   Merge Heap Roots: 0.80ms
[542.260s][info][gc,phases      ] GC(1307)   Evacuate Collection Set: 175.67ms
[542.260s][info][gc,phases      ] GC(1307)   Post Evacuate Collection Set: 12.16ms
[542.260s][info][gc,phases      ] GC(1307)   Other: 0.22ms
[542.260s][info][gc,heap        ] GC(1307) Eden regions: 186->0(118)
[542.260s][info][gc,heap        ] GC(1307) Survivor regions: 63->33(33)
[542.260s][info][gc,heap        ] GC(1307) Old regions: 602->740
[542.260s][info][gc,heap        ] GC(1307) Humongous regions: 4->4
[542.260s][info][gc,metaspace   ] GC(1307) Metaspace: 19059K(19200K)->19059K(19200K) NonClass: 16395K(16448K)->16395K(16448K) Class: 2664K(2752K)->2664K(2752K)
[542.260s][info][gc             ] GC(1307) Pause Young (Concurrent Start) (G1 Humongous Allocation) (Evacuation Failure: Allocation) 854M->776M(978M) 189.504ms
[542.260s][info][gc,cpu         ] GC(1307) User=0.38s Sys=0.00s Real=0.18s
[542.260s][info][gc             ] GC(1308) Concurrent Mark Cycle
[542.260s][info][gc,marking     ] GC(1308) Concurrent Scan Root Regions
[542.407s][info][gc,marking     ] GC(1308) Concurrent Scan Root Regions 147.025ms
[542.407s][info][gc,marking     ] GC(1308) Concurrent Mark
[542.407s][info][gc,marking     ] GC(1308) Concurrent Mark From Roots
[542.407s][info][gc,task        ] GC(1308) Using 1 workers of 1 for marking
[542.621s][info][gc,start       ] GC(1309) Pause Young (Normal) (G1 Evacuation Pause)
[542.621s][info][gc,task        ] GC(1309) Using 2 workers of 2 for evacuation
[542.714s][info][gc,phases      ] GC(1309)   Pre Evacuate Collection Set: 0.45ms
[542.715s][info][gc,phases      ] GC(1309)   Merge Heap Roots: 0.68ms
[542.715s][info][gc,phases      ] GC(1309)   Evacuate Collection Set: 91.45ms
[542.715s][info][gc,phases      ] GC(1309)   Post Evacuate Collection Set: 0.70ms
[542.715s][info][gc,phases      ] GC(1309)   Other: 0.09ms
[542.715s][info][gc,heap        ] GC(1309) Eden regions: 118->0(261)
[542.715s][info][gc,heap        ] GC(1309) Survivor regions: 33->10(19)
[542.715s][info][gc,heap        ] GC(1309) Old regions: 740->568
[542.715s][info][gc,heap        ] GC(1309) Humongous regions: 7->7
[542.715s][info][gc,metaspace   ] GC(1309) Metaspace: 19059K(19200K)->19059K(19200K) NonClass: 16395K(16448K)->16395K(16448K) Class: 2664K(2752K)->2664K(2752K)
[542.715s][info][gc             ] GC(1309) Pause Young (Normal) (G1 Evacuation Pause) 897M->584M(978M) 93.684ms
[542.715s][info][gc,cpu         ] GC(1309) User=0.18s Sys=0.00s Real=0.09s
[543.433s][info][gc,start       ] GC(1310) Pause Young (Normal) (G1 Evacuation Pause)
[543.434s][info][gc,task        ] GC(1310) Using 2 workers of 2 for evacuation
[543.513s][info][gc,phases      ] GC(1310)   Pre Evacuate Collection Set: 0.33ms
[543.513s][info][gc,phases      ] GC(1310)   Merge Heap Roots: 0.77ms
[543.513s][info][gc,phases      ] GC(1310)   Evacuate Collection Set: 77.13ms
[543.513s][info][gc,phases      ] GC(1310)   Post Evacuate Collection Set: 0.72ms
[543.513s][info][gc,phases      ] GC(1310)   Other: 0.09ms
[543.513s][info][gc,heap        ] GC(1310) Eden regions: 261->0(246)
[543.513s][info][gc,heap        ] GC(1310) Survivor regions: 10->34(34)
[543.513s][info][gc,heap        ] GC(1310) Old regions: 568->569
[543.513s][info][gc,heap        ] GC(1310) Humongous regions: 13->13
[543.513s][info][gc,metaspace   ] GC(1310) Metaspace: 19059K(19200K)->19059K(19200K) NonClass: 16395K(16448K)->16395K(16448K) Class: 2664K(2752K)->2664K(2752K)
[543.513s][info][gc             ] GC(1310) Pause Young (Normal) (G1 Evacuation Pause) 851M->615M(978M) 79.342ms
[543.513s][info][gc,cpu         ] GC(1310) User=0.16s Sys=0.00s Real=0.08s
[543.703s][info][gc,marking     ] GC(1308) Concurrent Mark From Roots 1295.441ms
[543.703s][info][gc,marking     ] GC(1308) Concurrent Preclean
[543.703s][info][gc,marking     ] GC(1308) Concurrent Preclean 0.050ms
[543.703s][info][gc,start       ] GC(1308) Pause Remark
[543.711s][info][gc             ] GC(1308) Pause Remark 668M->668M(978M) 7.838ms
[543.711s][info][gc,cpu         ] GC(1308) User=0.02s Sys=0.00s Real=0.01s
[543.712s][info][gc,marking     ] GC(1308) Concurrent Mark 1304.856ms
[543.712s][info][gc,marking     ] GC(1308) Concurrent Rebuild Remembered Sets and Scrub Regions
[544.131s][info][gc,start       ] GC(1311) Pause Young (Normal) (G1 Evacuation Pause)
[544.131s][info][gc,task        ] GC(1311) Using 2 workers of 2 for evacuation
[544.202s][info][gc,phases      ] GC(1311)   Pre Evacuate Collection Set: 0.47ms
[544.202s][info][gc,phases      ] GC(1311)   Merge Heap Roots: 0.76ms
[544.202s][info][gc,phases      ] GC(1311)   Evacuate Collection Set: 69.09ms
[544.202s][info][gc,phases      ] GC(1311)   Post Evacuate Collection Set: 0.49ms
[544.202s][info][gc,phases      ] GC(1311)   Other: 0.11ms
[544.202s][info][gc,heap        ] GC(1311) Eden regions: 246->0(260)
[544.202s][info][gc,heap        ] GC(1311) Survivor regions: 34->1(35)
[544.202s][info][gc,heap        ] GC(1311) Old regions: 569->604
[544.202s][info][gc,heap        ] GC(1311) Humongous regions: 13->13
[544.202s][info][gc,metaspace   ] GC(1311) Metaspace: 19059K(19200K)->19059K(19200K) NonClass: 16395K(16448K)->16395K(16448K) Class: 2664K(2752K)->2664K(2752K)
[544.202s][info][gc             ] GC(1311) Pause Young (Normal) (G1 Evacuation Pause) 861M->617M(978M) 71.198ms
[544.202s][info][gc,cpu         ] GC(1311) User=0.14s Sys=0.00s Real=0.07s
[544.335s][info][gc,marking     ] GC(1308) Concurrent Rebuild Remembered Sets and Scrub Regions 622.417ms
[544.335s][info][gc,start       ] GC(1308) Pause Cleanup
[544.335s][info][gc             ] GC(1308) Pause Cleanup 669M->669M(978M) 0.084ms
[544.335s][info][gc,cpu         ] GC(1308) User=0.00s Sys=0.00s Real=0.00s
[544.335s][info][gc,marking     ] GC(1308) Concurrent Clear Claimed Marks
[544.335s][info][gc,marking     ] GC(1308) Concurrent Clear Claimed Marks 0.031ms
[544.335s][info][gc,marking     ] GC(1308) Concurrent Cleanup for Next Mark
[544.338s][info][gc,marking     ] GC(1308) Concurrent Cleanup for Next Mark 2.813ms
[544.338s][info][gc             ] GC(1308) Concurrent Mark Cycle 2077.681ms
[544.650s][info][gc,start       ] GC(1312) Pause Young (Prepare Mixed) (G1 Evacuation Pause)
[544.651s][info][gc,task        ] GC(1312) Using 2 workers of 2 for evacuation
[544.652s][info][gc,phases      ] GC(1312)   Pre Evacuate Collection Set: 0.30ms
[544.652s][info][gc,phases      ] GC(1312)   Merge Heap Roots: 0.08ms
[544.652s][info][gc,phases      ] GC(1312)   Evacuate Collection Set: 0.19ms
[544.652s][info][gc,phases      ] GC(1312)   Post Evacuate Collection Set: 0.44ms
[544.652s][info][gc,phases      ] GC(1312)   Other: 0.11ms
[544.652s][info][gc,heap        ] GC(1312) Eden regions: 260->0(274)
[544.652s][info][gc,heap        ] GC(1312) Survivor regions: 1->1(33)
[544.652s][info][gc,heap        ] GC(1312) Old regions: 604->604
[544.652s][info][gc,heap        ] GC(1312) Humongous regions: 13->13
[544.652s][info][gc,metaspace   ] GC(1312) Metaspace: 19059K(19200K)->19059K(19200K) NonClass: 16395K(16448K)->16395K(16448K) Class: 2664K(2752K)->2664K(2752K)
[544.652s][info][gc             ] GC(1312) Pause Young (Prepare Mixed) (G1 Evacuation Pause) 877M->617M(978M) 1.351ms
[544.652s][info][gc,cpu         ] GC(1312) User=0.00s Sys=0.00s Real=0.00s
[545.048s][info][gc,start       ] GC(1313) Pause Young (Mixed) (G1 Evacuation Pause)
[545.048s][info][gc,task        ] GC(1313) Using 2 workers of 2 for evacuation
[545.051s][info][gc,phases      ] GC(1313)   Pre Evacuate Collection Set: 0.33ms
[545.051s][info][gc,phases      ] GC(1313)   Merge Heap Roots: 0.12ms
[545.051s][info][gc,phases      ] GC(1313)   Evacuate Collection Set: 1.89ms
[545.051s][info][gc,phases      ] GC(1313)   Post Evacuate Collection Set: 0.41ms
[545.051s][info][gc,phases      ] GC(1313)   Other: 0.13ms
[545.051s][info][gc,heap        ] GC(1313) Eden regions: 274->0(290)
[545.051s][info][gc,heap        ] GC(1313) Survivor regions: 1->1(35)
[545.051s][info][gc,heap        ] GC(1313) Old regions: 604->596
[545.051s][info][gc,heap        ] GC(1313) Humongous regions: 13->13
[545.051s][info][gc,metaspace   ] GC(1313) Metaspace: 19059K(19200K)->19059K(19200K) NonClass: 16395K(16448K)->16395K(16448K) Class: 2664K(2752K)->2664K(2752K)
[545.051s][info][gc             ] GC(1313) Pause Young (Mixed) (G1 Evacuation Pause) 891M->608M(978M) 3.103ms
[545.051s][info][gc,cpu         ] GC(1313) User=0.00s Sys=0.00s Real=0.01s
[545.365s][info][gc,start       ] GC(1314) Pause Young (Concurrent Start) (G1 Evacuation Pause)
[545.365s][info][gc,task        ] GC(1314) Using 2 workers of 2 for evacuation
[545.399s][info][gc,phases      ] GC(1314)   Pre Evacuate Collection Set: 0.32ms
[545.399s][info][gc,phases      ] GC(1314)   Merge Heap Roots: 0.19ms
[545.399s][info][gc,phases      ] GC(1314)   Evacuate Collection Set: 33.23ms
[545.399s][info][gc,phases      ] GC(1314)   Post Evacuate Collection Set: 0.50ms
[545.399s][info][gc,phases      ] GC(1314)   Other: 0.13ms
[545.399s][info][gc,heap        ] GC(1314) Eden regions: 290->0(261)
[545.399s][info][gc,heap        ] GC(1314) Survivor regions: 1->29(37)
[545.399s][info][gc,heap        ] GC(1314) Old regions: 596->596
[545.399s][info][gc,heap        ] GC(1314) Humongous regions: 13->13
[545.399s][info][gc,metaspace   ] GC(1314) Metaspace: 19059K(19200K)->19059K(19200K) NonClass: 16395K(16448K)->16395K(16448K) Class: 2664K(2752K)->2664K(2752K)
[545.399s][info][gc             ] GC(1314) Pause Young (Concurrent Start) (G1 Evacuation Pause) 898M->637M(978M) 34.617ms
[545.399s][info][gc             ] GC(1315) Concurrent Mark Cycle
[545.399s][info][gc,marking     ] GC(1315) Concurrent Scan Root Regions
[545.400s][info][gc,cpu         ] GC(1314) User=0.07s Sys=0.00s Real=0.04s
[545.451s][info][gc,marking     ] GC(1315) Concurrent Scan Root Regions 51.672ms
[545.451s][info][gc,marking     ] GC(1315) Concurrent Mark
[545.451s][info][gc,marking     ] GC(1315) Concurrent Mark From Roots
[545.451s][info][gc,task        ] GC(1315) Using 1 workers of 1 for marking
[545.861s][info][gc,start       ] GC(1316) Pause Young (Normal) (G1 Evacuation Pause)
[545.861s][info][gc,task        ] GC(1316) Using 2 workers of 2 for evacuation
[545.893s][info][gc,phases      ] GC(1316)   Pre Evacuate Collection Set: 0.29ms
[545.893s][info][gc,phases      ] GC(1316)   Merge Heap Roots: 0.16ms
[545.893s][info][gc,phases      ] GC(1316)   Evacuate Collection Set: 31.27ms
[545.893s][info][gc,phases      ] GC(1316)   Post Evacuate Collection Set: 0.45ms
[545.893s][info][gc,phases      ] GC(1316)   Other: 0.10ms
[545.893s][info][gc,heap        ] GC(1316) Eden regions: 261->0(272)
[545.893s][info][gc,heap        ] GC(1316) Survivor regions: 29->4(37)
[545.893s][info][gc,heap        ] GC(1316) Old regions: 596->625
[545.893s][info][gc,heap        ] GC(1316) Humongous regions: 13->13
[545.893s][info][gc,metaspace   ] GC(1316) Metaspace: 19059K(19200K)->19059K(19200K) NonClass: 16395K(16448K)->16395K(16448K) Class: 2664K(2752K)->2664K(2752K)
[545.893s][info][gc             ] GC(1316) Pause Young (Normal) (G1 Evacuation Pause) 898M->641M(978M) 32.515ms
[545.893s][info][gc,cpu         ] GC(1316) User=0.06s Sys=0.00s Real=0.03s
[546.713s][info][gc,start       ] GC(1317) Pause Young (Normal) (G1 Evacuation Pause)
[546.713s][info][gc,task        ] GC(1317) Using 2 workers of 2 for evacuation
[546.727s][info][gc,phases      ] GC(1317)   Pre Evacuate Collection Set: 0.30ms
[546.728s][info][gc,phases      ] GC(1317)   Merge Heap Roots: 0.18ms
[546.728s][info][gc,phases      ] GC(1317)   Evacuate Collection Set: 13.76ms
[546.728s][info][gc,phases      ] GC(1317)   Post Evacuate Collection Set: 0.48ms
[546.728s][info][gc,phases      ] GC(1317)   Other: 0.10ms
[546.728s][info][gc,heap        ] GC(1317) Eden regions: 272->0(266)
[546.728s][info][gc,heap        ] GC(1317) Survivor regions: 4->12(35)
[546.728s][info][gc,heap        ] GC(1317) Old regions: 625->625
[546.728s][info][gc,heap        ] GC(1317) Humongous regions: 13->13
[546.728s][info][gc,metaspace   ] GC(1317) Metaspace: 19059K(19200K)->19059K(19200K) NonClass: 16395K(16448K)->16395K(16448K) Class: 2664K(2752K)->2664K(2752K)
[546.728s][info][gc             ] GC(1317) Pause Young (Normal) (G1 Evacuation Pause) 913M->649M(978M) 15.104ms
[546.728s][info][gc,cpu         ] GC(1317) User=0.03s Sys=0.00s Real=0.01s
[546.866s][info][gc,marking     ] GC(1315) Concurrent Mark From Roots 1414.753ms
[546.866s][info][gc,marking     ] GC(1315) Concurrent Preclean
[546.866s][info][gc,marking     ] GC(1315) Concurrent Preclean 0.048ms
[546.866s][info][gc,start       ] GC(1315) Pause Remark
[546.874s][info][gc             ] GC(1315) Pause Remark 691M->624M(978M) 7.771ms
[546.874s][info][gc,cpu         ] GC(1315) User=0.02s Sys=0.00s Real=0.01s
[546.874s][info][gc,marking     ] GC(1315) Concurrent Mark 1422.897ms
[546.874s][info][gc,marking     ] GC(1315) Concurrent Rebuild Remembered Sets and Scrub Regions
[547.275s][info][gc,marking     ] GC(1315) Concurrent Rebuild Remembered Sets and Scrub Regions 401.213ms
[547.275s][info][gc,start       ] GC(1315) Pause Cleanup
[547.276s][info][gc             ] GC(1315) Pause Cleanup 767M->767M(978M) 0.131ms
[547.276s][info][gc,cpu         ] GC(1315) User=0.00s Sys=0.00s Real=0.00s
[547.277s][info][gc,marking     ] GC(1315) Concurrent Clear Claimed Marks
[547.277s][info][gc,marking     ] GC(1315) Concurrent Clear Claimed Marks 0.060ms
[547.277s][info][gc,marking     ] GC(1315) Concurrent Cleanup for Next Mark
[547.284s][info][gc,marking     ] GC(1315) Concurrent Cleanup for Next Mark 6.918ms
[547.284s][info][gc             ] GC(1315) Concurrent Mark Cycle 1884.728ms
[547.439s][info][gc,start       ] GC(1318) Pause Young (Prepare Mixed) (G1 Evacuation Pause)
[547.439s][info][gc,task        ] GC(1318) Using 2 workers of 2 for evacuation
[547.453s][info][gc,phases      ] GC(1318)   Pre Evacuate Collection Set: 0.32ms
[547.453s][info][gc,phases      ] GC(1318)   Merge Heap Roots: 0.21ms
[547.453s][info][gc,phases      ] GC(1318)   Evacuate Collection Set: 12.80ms
[547.453s][info][gc,phases      ] GC(1318)   Post Evacuate Collection Set: 0.49ms
[547.453s][info][gc,phases      ] GC(1318)   Other: 0.10ms
[547.453s][info][gc,heap        ] GC(1318) Eden regions: 266->0(329)
[547.453s][info][gc,heap        ] GC(1318) Survivor regions: 12->12(35)
[547.453s][info][gc,heap        ] GC(1318) Old regions: 564->564
[547.453s][info][gc,heap        ] GC(1318) Humongous regions: 7->7
[547.453s][info][gc,metaspace   ] GC(1318) Metaspace: 19059K(19200K)->19059K(19200K) NonClass: 16395K(16448K)->16395K(16448K) Class: 2664K(2752K)->2664K(2752K)
[547.453s][info][gc             ] GC(1318) Pause Young (Prepare Mixed) (G1 Evacuation Pause) 848M->582M(978M) 14.130ms
[547.453s][info][gc,cpu         ] GC(1318) User=0.02s Sys=0.00s Real=0.02s
[547.814s][info][gc,start       ] GC(1319) Pause Young (Mixed) (G1 Evacuation Pause)
[547.814s][info][gc,task        ] GC(1319) Using 2 workers of 2 for evacuation
[547.885s][info][gc,phases      ] GC(1319)   Pre Evacuate Collection Set: 0.52ms
[547.885s][info][gc,phases      ] GC(1319)   Merge Heap Roots: 0.33ms
[547.885s][info][gc,phases      ] GC(1319)   Evacuate Collection Set: 69.23ms
[547.885s][info][gc,phases      ] GC(1319)   Post Evacuate Collection Set: 0.75ms
[547.885s][info][gc,phases      ] GC(1319)   Other: 0.08ms
[547.885s][info][gc,heap        ] GC(1319) Eden regions: 329->0(321)
[547.885s][info][gc,heap        ] GC(1319) Survivor regions: 12->43(43)
[547.885s][info][gc,heap        ] GC(1319) Old regions: 564->510
[547.885s][info][gc,heap        ] GC(1319) Humongous regions: 7->7
[547.885s][info][gc,metaspace   ] GC(1319) Metaspace: 19059K(19200K)->19059K(19200K) NonClass: 16395K(16448K)->16395K(16448K) Class: 2664K(2752K)->2664K(2752K)
[547.885s][info][gc             ] GC(1319) Pause Young (Mixed) (G1 Evacuation Pause) 911M->559M(978M) 71.187ms
[547.885s][info][gc,cpu         ] GC(1319) User=0.14s Sys=0.00s Real=0.07s
[548.136s][info][gc,start       ] GC(1320) Pause Young (Concurrent Start) (G1 Humongous Allocation)
[548.136s][info][gc,task        ] GC(1320) Using 2 workers of 2 for evacuation
[548.207s][info][gc,phases      ] GC(1320)   Pre Evacuate Collection Set: 0.37ms
[548.207s][info][gc,phases      ] GC(1320)   Merge Heap Roots: 0.36ms
[548.207s][info][gc,phases      ] GC(1320)   Evacuate Collection Set: 69.60ms
[548.207s][info][gc,phases      ] GC(1320)   Post Evacuate Collection Set: 0.55ms
[548.207s][info][gc,phases      ] GC(1320)   Other: 0.12ms
[548.207s][info][gc,heap        ] GC(1320) Eden regions: 162->0(290)
[548.207s][info][gc,heap        ] GC(1320) Survivor regions: 43->23(46)
[548.207s][info][gc,heap        ] GC(1320) Old regions: 510->553
[548.207s][info][gc,heap        ] GC(1320) Humongous regions: 7->7
[548.207s][info][gc,metaspace   ] GC(1320) Metaspace: 19059K(19200K)->19059K(19200K) NonClass: 16395K(16448K)->16395K(16448K) Class: 2664K(2752K)->2664K(2752K)
[548.207s][info][gc             ] GC(1320) Pause Young (Concurrent Start) (G1 Humongous Allocation) 720M->582M(978M) 71.242ms
[548.207s][info][gc             ] GC(1321) Concurrent Mark Cycle
[548.207s][info][gc,marking     ] GC(1321) Concurrent Scan Root Regions
[548.207s][info][gc,cpu         ] GC(1320) User=0.14s Sys=0.00s Real=0.07s
[548.300s][info][gc,marking     ] GC(1321) Concurrent Scan Root Regions 92.662ms
[548.300s][info][gc,marking     ] GC(1321) Concurrent Mark
[548.300s][info][gc,marking     ] GC(1321) Concurrent Mark From Roots
[548.300s][info][gc,task        ] GC(1321) Using 1 workers of 1 for marking
[549.136s][info][gc,marking     ] GC(1321) Concurrent Mark From Roots 835.961ms
[549.136s][info][gc,marking     ] GC(1321) Concurrent Preclean
[549.136s][info][gc,marking     ] GC(1321) Concurrent Preclean 0.046ms
[549.136s][info][gc,start       ] GC(1321) Pause Remark
[549.144s][info][gc             ] GC(1321) Pause Remark 850M->687M(978M) 7.852ms
[549.144s][info][gc,cpu         ] GC(1321) User=0.01s Sys=0.00s Real=0.01s
[549.145s][info][gc,marking     ] GC(1321) Concurrent Mark 844.997ms
[549.145s][info][gc,marking     ] GC(1321) Concurrent Rebuild Remembered Sets and Scrub Regions
[549.195s][info][gc,start       ] GC(1322) Pause Young (Normal) (G1 Evacuation Pause)
[549.195s][info][gc,task        ] GC(1322) Using 2 workers of 2 for evacuation
[549.235s][info][gc,phases      ] GC(1322)   Pre Evacuate Collection Set: 0.45ms
[549.235s][info][gc,phases      ] GC(1322)   Merge Heap Roots: 0.54ms
[549.235s][info][gc,phases      ] GC(1322)   Evacuate Collection Set: 37.70ms
[549.235s][info][gc,phases      ] GC(1322)   Post Evacuate Collection Set: 0.57ms
[549.235s][info][gc,phases      ] GC(1322)   Other: 0.08ms
[549.235s][info][gc,heap        ] GC(1322) Eden regions: 290->0(406)
[549.235s][info][gc,heap        ] GC(1322) Survivor regions: 23->6(40)
[549.235s][info][gc,heap        ] GC(1322) Old regions: 392->415
[549.235s][info][gc,heap        ] GC(1322) Humongous regions: 8->8
[549.235s][info][gc,metaspace   ] GC(1322) Metaspace: 19059K(19200K)->19059K(19200K) NonClass: 16395K(16448K)->16395K(16448K) Class: 2664K(2752K)->2664K(2752K)
[549.235s][info][gc             ] GC(1322) Pause Young (Normal) (G1 Evacuation Pause) 712M->427M(978M) 39.522ms
[549.235s][info][gc,cpu         ] GC(1322) User=0.07s Sys=0.00s Real=0.04s
[549.527s][info][gc,marking     ] GC(1321) Concurrent Rebuild Remembered Sets and Scrub Regions 381.528ms
[549.527s][info][gc,start       ] GC(1321) Pause Cleanup
[549.527s][info][gc             ] GC(1321) Pause Cleanup 557M->557M(978M) 0.087ms
[549.527s][info][gc,cpu         ] GC(1321) User=0.00s Sys=0.00s Real=0.00s
[549.527s][info][gc,marking     ] GC(1321) Concurrent Clear Claimed Marks
[549.527s][info][gc,marking     ] GC(1321) Concurrent Clear Claimed Marks 0.056ms
[549.527s][info][gc,marking     ] GC(1321) Concurrent Cleanup for Next Mark
[549.530s][info][gc,marking     ] GC(1321) Concurrent Cleanup for Next Mark 2.853ms
[549.530s][info][gc             ] GC(1321) Concurrent Mark Cycle 1322.640ms
[549.927s][info][gc,start       ] GC(1323) Pause Young (Prepare Mixed) (G1 Evacuation Pause)
[549.927s][info][gc,task        ] GC(1323) Using 2 workers of 2 for evacuation
[549.937s][info][gc,phases      ] GC(1323)   Pre Evacuate Collection Set: 0.30ms
[549.937s][info][gc,phases      ] GC(1323)   Merge Heap Roots: 0.38ms
[549.937s][info][gc,phases      ] GC(1323)   Evacuate Collection Set: 7.88ms
[549.937s][info][gc,phases      ] GC(1323)   Post Evacuate Collection Set: 0.61ms
[549.937s][info][gc,phases      ] GC(1323)   Other: 0.10ms
[549.937s][info][gc,heap        ] GC(1323) Eden regions: 406->0(430)
[549.937s][info][gc,heap        ] GC(1323) Survivor regions: 6->6(52)
[549.937s][info][gc,heap        ] GC(1323) Old regions: 415->415
[549.937s][info][gc,heap        ] GC(1323) Humongous regions: 8->8
[549.937s][info][gc,metaspace   ] GC(1323) Metaspace: 19059K(19200K)->19059K(19200K) NonClass: 16395K(16448K)->16395K(16448K) Class: 2664K(2752K)->2664K(2752K)
[549.937s][info][gc             ] GC(1323) Pause Young (Prepare Mixed) (G1 Evacuation Pause) 833M->428M(978M) 9.546ms
[549.937s][info][gc,cpu         ] GC(1323) User=0.01s Sys=0.01s Real=0.01s
[550.432s][info][gc,start       ] GC(1324) Pause Young (Mixed) (G1 Evacuation Pause)
[550.432s][info][gc,task        ] GC(1324) Using 2 workers of 2 for evacuation
[550.471s][info][gc,phases      ] GC(1324)   Pre Evacuate Collection Set: 0.32ms
[550.471s][info][gc,phases      ] GC(1324)   Merge Heap Roots: 0.22ms
[550.471s][info][gc,phases      ] GC(1324)   Evacuate Collection Set: 37.69ms
[550.471s][info][gc,phases      ] GC(1324)   Post Evacuate Collection Set: 0.60ms
[550.471s][info][gc,phases      ] GC(1324)   Other: 0.10ms
[550.471s][info][gc,heap        ] GC(1324) Eden regions: 430->0(421)
[550.471s][info][gc,heap        ] GC(1324) Survivor regions: 6->32(55)
[550.471s][info][gc,heap        ] GC(1324) Old regions: 415->404
[550.471s][info][gc,heap        ] GC(1324) Humongous regions: 8->8
[550.471s][info][gc,metaspace   ] GC(1324) Metaspace: 19059K(19200K)->19059K(19200K) NonClass: 16395K(16448K)->16395K(16448K) Class: 2664K(2752K)->2664K(2752K)
[550.471s][info][gc             ] GC(1324) Pause Young (Mixed) (G1 Evacuation Pause) 858M->443M(978M) 39.178ms
[550.471s][info][gc,cpu         ] GC(1324) User=0.08s Sys=0.00s Real=0.04s
[550.884s][info][gc,start       ] GC(1325) Pause Young (Concurrent Start) (G1 Evacuation Pause)
[550.884s][info][gc,task        ] GC(1325) Using 2 workers of 2 for evacuation
[550.934s][info][gc,phases      ] GC(1325)   Pre Evacuate Collection Set: 0.37ms
[550.934s][info][gc,phases      ] GC(1325)   Merge Heap Roots: 0.18ms
[550.934s][info][gc,phases      ] GC(1325)   Evacuate Collection Set: 48.95ms
[550.934s][info][gc,phases      ] GC(1325)   Post Evacuate Collection Set: 0.67ms
[550.934s][info][gc,phases      ] GC(1325)   Other: 0.14ms
[550.934s][info][gc,heap        ] GC(1325) Eden regions: 421->0(423)
[550.934s][info][gc,heap        ] GC(1325) Survivor regions: 32->39(57)
[550.934s][info][gc,heap        ] GC(1325) Old regions: 404->410
[550.934s][info][gc,heap        ] GC(1325) Humongous regions: 8->8
[550.935s][info][gc,metaspace   ] GC(1325) Metaspace: 19059K(19200K)->19059K(19200K) NonClass: 16395K(16448K)->16395K(16448K) Class: 2664K(2752K)->2664K(2752K)
[550.935s][info][gc             ] GC(1325) Pause Young (Concurrent Start) (G1 Evacuation Pause) 864M->456M(978M) 50.566ms
[550.935s][info][gc             ] GC(1326) Concurrent Mark Cycle
[550.935s][info][gc,marking     ] GC(1326) Concurrent Scan Root Regions
[550.935s][info][gc,cpu         ] GC(1325) User=0.10s Sys=0.00s Real=0.05s
[551.026s][info][gc,marking     ] GC(1326) Concurrent Scan Root Regions 91.764ms
[551.026s][info][gc,marking     ] GC(1326) Concurrent Mark
[551.026s][info][gc,marking     ] GC(1326) Concurrent Mark From Roots
[551.026s][info][gc,task        ] GC(1326) Using 1 workers of 1 for marking
[551.840s][info][gc,marking     ] GC(1326) Concurrent Mark From Roots 813.970ms
[551.840s][info][gc,marking     ] GC(1326) Concurrent Preclean
[551.841s][info][gc,marking     ] GC(1326) Concurrent Preclean 0.046ms
[551.841s][info][gc,start       ] GC(1326) Pause Remark
[551.848s][info][gc             ] GC(1326) Pause Remark 876M->796M(978M) 7.724ms
[551.848s][info][gc,cpu         ] GC(1326) User=0.02s Sys=0.00s Real=0.00s
[551.850s][info][gc,marking     ] GC(1326) Concurrent Mark 823.922ms
[551.850s][info][gc,marking     ] GC(1326) Concurrent Rebuild Remembered Sets and Scrub Regions
[551.858s][info][gc,start       ] GC(1327) Pause Young (Normal) (G1 Evacuation Pause)
[551.858s][info][gc,task        ] GC(1327) Using 2 workers of 2 for evacuation
[551.966s][info][gc,phases      ] GC(1327)   Pre Evacuate Collection Set: 0.25ms
[551.966s][info][gc,phases      ] GC(1327)   Merge Heap Roots: 0.70ms
[551.966s][info][gc,phases      ] GC(1327)   Evacuate Collection Set: 106.86ms
[551.966s][info][gc,phases      ] GC(1327)   Post Evacuate Collection Set: 0.70ms
[551.966s][info][gc,phases      ] GC(1327)   Other: 0.12ms
[551.966s][info][gc,heap        ] GC(1327) Eden regions: 423->0(413)
[551.966s][info][gc,heap        ] GC(1327) Survivor regions: 39->58(58)
[551.966s][info][gc,heap        ] GC(1327) Old regions: 333->374
[551.966s][info][gc,heap        ] GC(1327) Humongous regions: 5->5
[551.966s][info][gc,metaspace   ] GC(1327) Metaspace: 19059K(19200K)->19059K(19200K) NonClass: 16395K(16448K)->16395K(16448K) Class: 2664K(2752K)->2664K(2752K)
[551.967s][info][gc             ] GC(1327) Pause Young (Normal) (G1 Evacuation Pause) 799M->436M(978M) 108.842ms
[551.967s][info][gc,cpu         ] GC(1327) User=0.22s Sys=0.00s Real=0.11s
[552.201s][info][gc,marking     ] GC(1326) Concurrent Rebuild Remembered Sets and Scrub Regions 350.287ms
[552.201s][info][gc,start       ] GC(1326) Pause Cleanup
[552.201s][info][gc             ] GC(1326) Pause Cleanup 621M->621M(978M) 0.095ms
[552.201s][info][gc,cpu         ] GC(1326) User=0.00s Sys=0.00s Real=0.00s
[552.201s][info][gc,marking     ] GC(1326) Concurrent Clear Claimed Marks
[552.201s][info][gc,marking     ] GC(1326) Concurrent Clear Claimed Marks 0.031ms
[552.201s][info][gc,marking     ] GC(1326) Concurrent Cleanup for Next Mark
[552.204s][info][gc,marking     ] GC(1326) Concurrent Cleanup for Next Mark 2.837ms
[552.204s][info][gc             ] GC(1326) Concurrent Mark Cycle 1269.355ms
[552.436s][info][gc,start       ] GC(1328) Pause Young (Prepare Mixed) (G1 Evacuation Pause)
[552.436s][info][gc,task        ] GC(1328) Using 2 workers of 2 for evacuation
[552.532s][info][gc,phases      ] GC(1328)   Pre Evacuate Collection Set: 0.72ms
[552.532s][info][gc,phases      ] GC(1328)   Merge Heap Roots: 0.59ms
[552.532s][info][gc,phases      ] GC(1328)   Evacuate Collection Set: 93.94ms
[552.532s][info][gc,phases      ] GC(1328)   Post Evacuate Collection Set: 0.74ms
[552.532s][info][gc,phases      ] GC(1328)   Other: 0.16ms
[552.532s][info][gc,heap        ] GC(1328) Eden regions: 413->0(394)
[552.532s][info][gc,heap        ] GC(1328) Survivor regions: 58->29(59)
[552.532s][info][gc,heap        ] GC(1328) Old regions: 374->432
[552.532s][info][gc,heap        ] GC(1328) Humongous regions: 5->5
[552.532s][info][gc,metaspace   ] GC(1328) Metaspace: 19059K(19200K)->19059K(19200K) NonClass: 16395K(16448K)->16395K(16448K) Class: 2664K(2752K)->2664K(2752K)
[552.533s][info][gc             ] GC(1328) Pause Young (Prepare Mixed) (G1 Evacuation Pause) 849M->465M(978M) 96.400ms
[552.533s][info][gc,cpu         ] GC(1328) User=0.19s Sys=0.00s Real=0.10s
[552.850s][info][gc,start       ] GC(1329) Pause Young (Mixed) (G1 Evacuation Pause)
[552.850s][info][gc,task        ] GC(1329) Using 2 workers of 2 for evacuation
[553.003s][info][gc,phases      ] GC(1329)   Pre Evacuate Collection Set: 0.31ms
[553.003s][info][gc,phases      ] GC(1329)   Merge Heap Roots: 0.75ms
[553.003s][info][gc,phases      ] GC(1329)   Evacuate Collection Set: 111.27ms
[553.003s][info][gc,phases      ] GC(1329)   Merge Optional Heap Roots: 0.47ms
[553.003s][info][gc,phases      ] GC(1329)   Evacuate Optional Collection Set: 38.78ms
[553.003s][info][gc,phases      ] GC(1329)   Post Evacuate Collection Set: 0.93ms
[553.003s][info][gc,phases      ] GC(1329)   Other: 0.10ms
[553.003s][info][gc,heap        ] GC(1329) Eden regions: 394->0(347)
[553.003s][info][gc,heap        ] GC(1329) Survivor regions: 29->53(53)
[553.003s][info][gc,heap        ] GC(1329) Old regions: 432->440
[553.003s][info][gc,heap        ] GC(1329) Humongous regions: 5->5
[553.003s][info][gc,metaspace   ] GC(1329) Metaspace: 19059K(19200K)->19059K(19200K) NonClass: 16395K(16448K)->16395K(16448K) Class: 2664K(2752K)->2664K(2752K)
[553.003s][info][gc             ] GC(1329) Pause Young (Mixed) (G1 Evacuation Pause) 859M->497M(978M) 152.879ms
[553.003s][info][gc,cpu         ] GC(1329) User=0.30s Sys=0.00s Real=0.16s
[553.378s][info][gc,start       ] GC(1330) Pause Young (Concurrent Start) (G1 Evacuation Pause)
[553.378s][info][gc,task        ] GC(1330) Using 2 workers of 2 for evacuation
[553.452s][info][gc,phases      ] GC(1330)   Pre Evacuate Collection Set: 0.31ms
[553.452s][info][gc,phases      ] GC(1330)   Merge Heap Roots: 0.49ms
[553.452s][info][gc,phases      ] GC(1330)   Evacuate Collection Set: 72.34ms
[553.452s][info][gc,phases      ] GC(1330)   Post Evacuate Collection Set: 0.62ms
[553.452s][info][gc,phases      ] GC(1330)   Other: 0.10ms
[553.452s][info][gc,heap        ] GC(1330) Eden regions: 347->0(346)
[553.452s][info][gc,heap        ] GC(1330) Survivor regions: 53->17(50)
[553.452s][info][gc,heap        ] GC(1330) Old regions: 440->493
[553.452s][info][gc,heap        ] GC(1330) Humongous regions: 5->5
[553.452s][info][gc,metaspace   ] GC(1330) Metaspace: 19059K(19200K)->19059K(19200K) NonClass: 16395K(16448K)->16395K(16448K) Class: 2664K(2752K)->2664K(2752K)
[553.452s][info][gc             ] GC(1330) Pause Young (Concurrent Start) (G1 Evacuation Pause) 844M->514M(978M) 74.081ms
[553.452s][info][gc,cpu         ] GC(1330) User=0.14s Sys=0.00s Real=0.08s
[553.452s][info][gc             ] GC(1331) Concurrent Mark Cycle
[553.452s][info][gc,marking     ] GC(1331) Concurrent Scan Root Regions
[553.535s][info][gc,marking     ] GC(1331) Concurrent Scan Root Regions 82.954ms
[553.535s][info][gc,marking     ] GC(1331) Concurrent Mark
[553.535s][info][gc,marking     ] GC(1331) Concurrent Mark From Roots
[553.535s][info][gc,task        ] GC(1331) Using 1 workers of 1 for marking
[553.929s][info][gc,start       ] GC(1332) Pause Young (Normal) (G1 Evacuation Pause)
[553.929s][info][gc,task        ] GC(1332) Using 2 workers of 2 for evacuation
[553.961s][info][gc,phases      ] GC(1332)   Pre Evacuate Collection Set: 0.50ms
[553.961s][info][gc,phases      ] GC(1332)   Merge Heap Roots: 0.22ms
[553.961s][info][gc,phases      ] GC(1332)   Evacuate Collection Set: 30.54ms
[553.961s][info][gc,phases      ] GC(1332)   Post Evacuate Collection Set: 0.56ms
[553.961s][info][gc,phases      ] GC(1332)   Other: 0.08ms
[553.961s][info][gc,heap        ] GC(1332) Eden regions: 346->0(353)
[553.961s][info][gc,heap        ] GC(1332) Survivor regions: 17->27(46)
[553.961s][info][gc,heap        ] GC(1332) Old regions: 493->493
[553.961s][info][gc,heap        ] GC(1332) Humongous regions: 5->5
[553.961s][info][gc,metaspace   ] GC(1332) Metaspace: 19059K(19200K)->19059K(19200K) NonClass: 16395K(16448K)->16395K(16448K) Class: 2664K(2752K)->2664K(2752K)
[553.961s][info][gc             ] GC(1332) Pause Young (Normal) (G1 Evacuation Pause) 860M->524M(978M) 32.097ms
[553.961s][info][gc,cpu         ] GC(1332) User=0.06s Sys=0.00s Real=0.04s
[554.685s][info][gc,marking     ] GC(1331) Concurrent Mark From Roots 1149.893ms
[554.685s][info][gc,marking     ] GC(1331) Concurrent Preclean
[554.685s][info][gc,marking     ] GC(1331) Concurrent Preclean 0.050ms
[554.685s][info][gc,start       ] GC(1331) Pause Remark
[554.693s][info][gc             ] GC(1331) Pause Remark 743M->743M(978M) 7.669ms
[554.693s][info][gc,cpu         ] GC(1331) User=0.02s Sys=0.00s Real=0.01s
[554.693s][info][gc,marking     ] GC(1331) Concurrent Mark 1157.952ms
[554.693s][info][gc,marking     ] GC(1331) Concurrent Rebuild Remembered Sets and Scrub Regions
[555.030s][info][gc,start       ] GC(1333) Pause Young (Normal) (G1 Evacuation Pause)
[555.030s][info][gc,task        ] GC(1333) Using 2 workers of 2 for evacuation
[555.117s][info][gc,phases      ] GC(1333)   Pre Evacuate Collection Set: 0.49ms
[555.117s][info][gc,phases      ] GC(1333)   Merge Heap Roots: 0.89ms
[555.117s][info][gc,phases      ] GC(1333)   Evacuate Collection Set: 85.29ms
[555.117s][info][gc,phases      ] GC(1333)   Post Evacuate Collection Set: 0.67ms
[555.117s][info][gc,phases      ] GC(1333)   Other: 0.08ms
[555.117s][info][gc,heap        ] GC(1333) Eden regions: 353->0(310)
[555.117s][info][gc,heap        ] GC(1333) Survivor regions: 27->48(48)
[555.117s][info][gc,heap        ] GC(1333) Old regions: 493->510
[555.117s][info][gc,heap        ] GC(1333) Humongous regions: 8->8
[555.117s][info][gc,metaspace   ] GC(1333) Metaspace: 19062K(19200K)->19062K(19200K) NonClass: 16398K(16448K)->16398K(16448K) Class: 2664K(2752K)->2664K(2752K)
[555.117s][info][gc             ] GC(1333) Pause Young (Normal) (G1 Evacuation Pause) 880M->565M(978M) 87.640ms
[555.117s][info][gc,cpu         ] GC(1333) User=0.16s Sys=0.00s Real=0.09s
[555.204s][info][gc,marking     ] GC(1331) Concurrent Rebuild Remembered Sets and Scrub Regions 510.431ms
[555.204s][info][gc,start       ] GC(1331) Pause Cleanup
[555.204s][info][gc             ] GC(1331) Pause Cleanup 603M->603M(978M) 0.085ms
[555.204s][info][gc,cpu         ] GC(1331) User=0.00s Sys=0.00s Real=0.00s
[555.204s][info][gc,marking     ] GC(1331) Concurrent Clear Claimed Marks
[555.204s][info][gc,marking     ] GC(1331) Concurrent Clear Claimed Marks 0.032ms
[555.204s][info][gc,marking     ] GC(1331) Concurrent Cleanup for Next Mark
[555.207s][info][gc,marking     ] GC(1331) Concurrent Cleanup for Next Mark 2.840ms
[555.207s][info][gc             ] GC(1331) Concurrent Mark Cycle 1754.798ms
[555.570s][info][gc,start       ] GC(1334) Pause Young (Prepare Mixed) (G1 Evacuation Pause)
[555.570s][info][gc,task        ] GC(1334) Using 2 workers of 2 for evacuation
[555.651s][info][gc,phases      ] GC(1334)   Pre Evacuate Collection Set: 0.30ms
[555.651s][info][gc,phases      ] GC(1334)   Merge Heap Roots: 0.54ms
[555.651s][info][gc,phases      ] GC(1334)   Evacuate Collection Set: 79.49ms
[555.651s][info][gc,phases      ] GC(1334)   Post Evacuate Collection Set: 0.58ms
[555.651s][info][gc,phases      ] GC(1334)   Other: 0.12ms
[555.651s][info][gc,heap        ] GC(1334) Eden regions: 310->0(302)
[555.651s][info][gc,heap        ] GC(1334) Survivor regions: 48->17(45)
[555.651s][info][gc,heap        ] GC(1334) Old regions: 510->559
[555.651s][info][gc,heap        ] GC(1334) Humongous regions: 8->8
[555.651s][info][gc,metaspace   ] GC(1334) Metaspace: 19063K(19200K)->19063K(19200K) NonClass: 16399K(16448K)->16399K(16448K) Class: 2664K(2752K)->2664K(2752K)
[555.651s][info][gc             ] GC(1334) Pause Young (Prepare Mixed) (G1 Evacuation Pause) 875M->583M(978M) 81.264ms
[555.651s][info][gc,cpu         ] GC(1334) User=0.16s Sys=0.00s Real=0.09s
[555.927s][info][gc,start       ] GC(1335) Pause Young (Mixed) (G1 Evacuation Pause)
[555.927s][info][gc,task        ] GC(1335) Using 2 workers of 2 for evacuation
[555.965s][info][gc,phases      ] GC(1335)   Pre Evacuate Collection Set: 0.30ms
[555.965s][info][gc,phases      ] GC(1335)   Merge Heap Roots: 0.37ms
[555.965s][info][gc,phases      ] GC(1335)   Evacuate Collection Set: 36.55ms
[555.965s][info][gc,phases      ] GC(1335)   Post Evacuate Collection Set: 0.54ms
[555.965s][info][gc,phases      ] GC(1335)   Other: 0.13ms
[555.965s][info][gc,heap        ] GC(1335) Eden regions: 302->0(316)
[555.965s][info][gc,heap        ] GC(1335) Survivor regions: 17->22(40)
[555.965s][info][gc,heap        ] GC(1335) Old regions: 559->552
[555.965s][info][gc,heap        ] GC(1335) Humongous regions: 8->8
[555.965s][info][gc,metaspace   ] GC(1335) Metaspace: 19063K(19200K)->19063K(19200K) NonClass: 16399K(16448K)->16399K(16448K) Class: 2664K(2752K)->2664K(2752K)
[555.965s][info][gc             ] GC(1335) Pause Young (Mixed) (G1 Evacuation Pause) 885M->581M(978M) 38.158ms
[555.965s][info][gc,cpu         ] GC(1335) User=0.08s Sys=0.00s Real=0.04s
[556.569s][info][gc,start       ] GC(1336) Pause Young (Concurrent Start) (G1 Evacuation Pause)
[556.569s][info][gc,task        ] GC(1336) Using 2 workers of 2 for evacuation
[556.600s][info][gc,phases      ] GC(1336)   Pre Evacuate Collection Set: 0.35ms
[556.600s][info][gc,phases      ] GC(1336)   Merge Heap Roots: 0.31ms
[556.600s][info][gc,phases      ] GC(1336)   Evacuate Collection Set: 29.13ms
[556.600s][info][gc,phases      ] GC(1336)   Post Evacuate Collection Set: 0.55ms
[556.600s][info][gc,phases      ] GC(1336)   Other: 0.14ms
[556.600s][info][gc,heap        ] GC(1336) Eden regions: 316->0(318)
[556.600s][info][gc,heap        ] GC(1336) Survivor regions: 22->25(43)
[556.600s][info][gc,heap        ] GC(1336) Old regions: 552->552
[556.600s][info][gc,heap        ] GC(1336) Humongous regions: 8->8
[556.600s][info][gc,metaspace   ] GC(1336) Metaspace: 19063K(19200K)->19063K(19200K) NonClass: 16399K(16448K)->16399K(16448K) Class: 2664K(2752K)->2664K(2752K)
[556.600s][info][gc             ] GC(1336) Pause Young (Concurrent Start) (G1 Evacuation Pause) 897M->584M(978M) 30.727ms
[556.600s][info][gc             ] GC(1337) Concurrent Mark Cycle
[556.600s][info][gc,marking     ] GC(1337) Concurrent Scan Root Regions
[556.602s][info][gc,cpu         ] GC(1336) User=0.06s Sys=0.00s Real=0.04s
[556.639s][info][gc,marking     ] GC(1337) Concurrent Scan Root Regions 38.914ms
[556.639s][info][gc,marking     ] GC(1337) Concurrent Mark
[556.639s][info][gc,marking     ] GC(1337) Concurrent Mark From Roots
[556.639s][info][gc,task        ] GC(1337) Using 1 workers of 1 for marking
[558.047s][info][gc,marking     ] GC(1337) Concurrent Mark From Roots 1407.781ms
[558.047s][info][gc,marking     ] GC(1337) Concurrent Preclean
[558.047s][info][gc,marking     ] GC(1337) Concurrent Preclean 0.043ms
[558.047s][info][gc,start       ] GC(1337) Pause Remark
[558.055s][info][gc             ] GC(1337) Pause Remark 863M->862M(978M) 7.713ms
[558.055s][info][gc,cpu         ] GC(1337) User=0.02s Sys=0.00s Real=0.01s
[558.055s][info][gc,marking     ] GC(1337) Concurrent Mark 1415.830ms
[558.055s][info][gc,marking     ] GC(1337) Concurrent Rebuild Remembered Sets and Scrub Regions
[558.168s][info][gc,start       ] GC(1338) Pause Young (Normal) (G1 Evacuation Pause)
[558.168s][info][gc,task        ] GC(1338) Using 2 workers of 2 for evacuation
[558.221s][info][gc,phases      ] GC(1338)   Pre Evacuate Collection Set: 0.26ms
[558.221s][info][gc,phases      ] GC(1338)   Merge Heap Roots: 0.28ms
[558.221s][info][gc,phases      ] GC(1338)   Evacuate Collection Set: 52.24ms
[558.221s][info][gc,phases      ] GC(1338)   Post Evacuate Collection Set: 0.62ms
[558.221s][info][gc,phases      ] GC(1338)   Other: 0.08ms
[558.221s][info][gc,heap        ] GC(1338) Eden regions: 318->0(294)
[558.221s][info][gc,heap        ] GC(1338) Survivor regions: 25->29(43)
[558.221s][info][gc,heap        ] GC(1338) Old regions: 552->569
[558.221s][info][gc,heap        ] GC(1338) Humongous regions: 7->7
[558.221s][info][gc,metaspace   ] GC(1338) Metaspace: 19063K(19200K)->19063K(19200K) NonClass: 16399K(16448K)->16399K(16448K) Class: 2664K(2752K)->2664K(2752K)
[558.221s][info][gc             ] GC(1338) Pause Young (Normal) (G1 Evacuation Pause) 901M->604M(978M) 53.696ms
[558.221s][info][gc,cpu         ] GC(1338) User=0.11s Sys=0.00s Real=0.06s
[558.609s][info][gc,marking     ] GC(1337) Concurrent Rebuild Remembered Sets and Scrub Regions 554.418ms
[558.610s][info][gc,start       ] GC(1337) Pause Cleanup
[558.610s][info][gc             ] GC(1337) Pause Cleanup 737M->737M(978M) 0.071ms
[558.610s][info][gc,cpu         ] GC(1337) User=0.00s Sys=0.00s Real=0.00s
[558.611s][info][gc,marking     ] GC(1337) Concurrent Clear Claimed Marks
[558.611s][info][gc,marking     ] GC(1337) Concurrent Clear Claimed Marks 0.031ms
[558.611s][info][gc,marking     ] GC(1337) Concurrent Cleanup for Next Mark
[558.617s][info][gc,marking     ] GC(1337) Concurrent Cleanup for Next Mark 5.811ms
[558.617s][info][gc             ] GC(1337) Concurrent Mark Cycle 2016.826ms
[559.206s][info][gc,start       ] GC(1339) Pause Young (Prepare Mixed) (G1 Evacuation Pause)
[559.206s][info][gc,task        ] GC(1339) Using 2 workers of 2 for evacuation
[559.239s][info][gc,phases      ] GC(1339)   Pre Evacuate Collection Set: 0.54ms
[559.239s][info][gc,phases      ] GC(1339)   Merge Heap Roots: 0.35ms
[559.239s][info][gc,phases      ] GC(1339)   Evacuate Collection Set: 31.15ms
[559.239s][info][gc,phases      ] GC(1339)   Post Evacuate Collection Set: 0.51ms
[559.239s][info][gc,phases      ] GC(1339)   Other: 0.08ms
[559.239s][info][gc,heap        ] GC(1339) Eden regions: 294->0(315)
[559.239s][info][gc,heap        ] GC(1339) Survivor regions: 29->1(41)
[559.239s][info][gc,heap        ] GC(1339) Old regions: 569->598
[559.239s][info][gc,heap        ] GC(1339) Humongous regions: 7->7
[559.239s][info][gc,metaspace   ] GC(1339) Metaspace: 19063K(19200K)->19063K(19200K) NonClass: 16399K(16448K)->16399K(16448K) Class: 2664K(2752K)->2664K(2752K)
[559.239s][info][gc             ] GC(1339) Pause Young (Prepare Mixed) (G1 Evacuation Pause) 898M->605M(978M) 32.829ms
[559.239s][info][gc,cpu         ] GC(1339) User=0.07s Sys=0.00s Real=0.03s
[560.554s][info][gc,start       ] GC(1340) Pause Young (Mixed) (G1 Evacuation Pause)
[560.554s][info][gc,task        ] GC(1340) Using 2 workers of 2 for evacuation
[560.570s][info][gc,phases      ] GC(1340)   Pre Evacuate Collection Set: 0.32ms
[560.570s][info][gc,phases      ] GC(1340)   Merge Heap Roots: 0.46ms
[560.570s][info][gc,phases      ] GC(1340)   Evacuate Collection Set: 15.31ms
[560.570s][info][gc,phases      ] GC(1340)   Post Evacuate Collection Set: 0.57ms
[560.570s][info][gc,phases      ] GC(1340)   Other: 0.10ms
[560.570s][info][gc,heap        ] GC(1340) Eden regions: 315->0(323)
[560.570s][info][gc,heap        ] GC(1340) Survivor regions: 1->3(40)
[560.570s][info][gc,heap        ] GC(1340) Old regions: 598->592
[560.571s][info][gc,heap        ] GC(1340) Humongous regions: 7->7
[560.571s][info][gc,metaspace   ] GC(1340) Metaspace: 19075K(19264K)->19075K(19264K) NonClass: 16411K(16512K)->16411K(16512K) Class: 2664K(2752K)->2664K(2752K)
[560.571s][info][gc             ] GC(1340) Pause Young (Mixed) (G1 Evacuation Pause) 920M->601M(978M) 16.977ms
[560.571s][info][gc,cpu         ] GC(1340) User=0.03s Sys=0.00s Real=0.02s
[561.140s][info][gc,start       ] GC(1341) Pause Young (Concurrent Start) (G1 Evacuation Pause)
[561.140s][info][gc,task        ] GC(1341) Using 2 workers of 2 for evacuation
[561.187s][info][gc,phases      ] GC(1341)   Pre Evacuate Collection Set: 0.44ms
[561.187s][info][gc,phases      ] GC(1341)   Merge Heap Roots: 0.12ms
[561.187s][info][gc,phases      ] GC(1341)   Evacuate Collection Set: 44.77ms
[561.187s][info][gc,phases      ] GC(1341)   Post Evacuate Collection Set: 0.63ms
[561.187s][info][gc,phases      ] GC(1341)   Other: 0.22ms
[561.187s][info][gc,heap        ] GC(1341) Eden regions: 323->0(242)
[561.187s][info][gc,heap        ] GC(1341) Survivor regions: 3->41(41)
[561.187s][info][gc,heap        ] GC(1341) Old regions: 592->597
[561.187s][info][gc,heap        ] GC(1341) Humongous regions: 7->7
[561.187s][info][gc,metaspace   ] GC(1341) Metaspace: 19078K(19264K)->19078K(19264K) NonClass: 16414K(16512K)->16414K(16512K) Class: 2664K(2752K)->2664K(2752K)
[561.187s][info][gc             ] GC(1341) Pause Young (Concurrent Start) (G1 Evacuation Pause) 924M->644M(978M) 46.410ms
[561.187s][info][gc,cpu         ] GC(1341) User=0.09s Sys=0.00s Real=0.04s
[561.187s][info][gc             ] GC(1342) Concurrent Mark Cycle
[561.187s][info][gc,marking     ] GC(1342) Concurrent Scan Root Regions
[561.253s][info][gc,marking     ] GC(1342) Concurrent Scan Root Regions 66.470ms
[561.253s][info][gc,marking     ] GC(1342) Concurrent Mark
[561.253s][info][gc,marking     ] GC(1342) Concurrent Mark From Roots
[561.253s][info][gc,task        ] GC(1342) Using 1 workers of 1 for marking
[561.530s][info][gc,start       ] GC(1343) Pause Young (Normal) (G1 Evacuation Pause)
[561.530s][info][gc,task        ] GC(1343) Using 2 workers of 2 for evacuation
[561.654s][info][gc,phases      ] GC(1343)   Pre Evacuate Collection Set: 0.31ms
[561.654s][info][gc,phases      ] GC(1343)   Merge Heap Roots: 0.20ms
[561.654s][info][gc,phases      ] GC(1343)   Evacuate Collection Set: 112.23ms
[561.654s][info][gc,phases      ] GC(1343)   Post Evacuate Collection Set: 11.27ms
[561.654s][info][gc,phases      ] GC(1343)   Other: 0.10ms
[561.654s][info][gc,heap        ] GC(1343) Eden regions: 242->0(66)
[561.654s][info][gc,heap        ] GC(1343) Survivor regions: 41->36(36)
[561.654s][info][gc,heap        ] GC(1343) Old regions: 597->783
[561.654s][info][gc,heap        ] GC(1343) Humongous regions: 7->7
[561.654s][info][gc,metaspace   ] GC(1343) Metaspace: 19078K(19264K)->19078K(19264K) NonClass: 16414K(16512K)->16414K(16512K) Class: 2664K(2752K)->2664K(2752K)
[561.654s][info][gc             ] GC(1343) Pause Young (Normal) (G1 Evacuation Pause) (Evacuation Failure: Allocation) 886M->825M(978M) 124.399ms
[561.655s][info][gc,cpu         ] GC(1343) User=0.25s Sys=0.00s Real=0.13s
[561.766s][info][gc,start       ] GC(1344) Pause Young (Normal) (G1 Evacuation Pause)
[561.767s][info][gc,task        ] GC(1344) Using 2 workers of 2 for evacuation
[561.854s][info][gc,phases      ] GC(1344)   Pre Evacuate Collection Set: 0.55ms
[561.854s][info][gc,phases      ] GC(1344)   Merge Heap Roots: 0.39ms
[561.854s][info][gc,phases      ] GC(1344)   Evacuate Collection Set: 82.27ms
[561.854s][info][gc,phases      ] GC(1344)   Post Evacuate Collection Set: 4.51ms
[561.854s][info][gc,phases      ] GC(1344)   Other: 0.11ms
[561.854s][info][gc,heap        ] GC(1344) Eden regions: 66->0(103)
[561.854s][info][gc,heap        ] GC(1344) Survivor regions: 36->13(13)
[561.854s][info][gc,heap        ] GC(1344) Old regions: 783->787
[561.854s][info][gc,heap        ] GC(1344) Humongous regions: 7->7
[561.854s][info][gc,metaspace   ] GC(1344) Metaspace: 19081K(19264K)->19081K(19264K) NonClass: 16417K(16512K)->16417K(16512K) Class: 2664K(2752K)->2664K(2752K)
[561.855s][info][gc             ] GC(1344) Pause Young (Normal) (G1 Evacuation Pause) (Evacuation Failure: Allocation) 891M->806M(978M) 88.077ms
[561.855s][info][gc,cpu         ] GC(1344) User=0.17s Sys=0.00s Real=0.09s
[562.116s][info][gc,start       ] GC(1345) Pause Young (Normal) (G1 Evacuation Pause)
[562.116s][info][gc,task        ] GC(1345) Using 2 workers of 2 for evacuation
[562.158s][info][gc,phases      ] GC(1345)   Pre Evacuate Collection Set: 0.38ms
[562.159s][info][gc,phases      ] GC(1345)   Merge Heap Roots: 0.35ms
[562.159s][info][gc,phases      ] GC(1345)   Evacuate Collection Set: 40.78ms
[562.159s][info][gc,phases      ] GC(1345)   Post Evacuate Collection Set: 0.51ms
[562.159s][info][gc,phases      ] GC(1345)   Other: 0.15ms
[562.159s][info][gc,heap        ] GC(1345) Eden regions: 103->0(133)
[562.159s][info][gc,heap        ] GC(1345) Survivor regions: 13->15(15)
[562.159s][info][gc,heap        ] GC(1345) Old regions: 787->750
[562.159s][info][gc,heap        ] GC(1345) Humongous regions: 8->8
[562.159s][info][gc,metaspace   ] GC(1345) Metaspace: 19081K(19264K)->19081K(19264K) NonClass: 16417K(16512K)->16417K(16512K) Class: 2664K(2752K)->2664K(2752K)
[562.159s][info][gc             ] GC(1345) Pause Young (Normal) (G1 Evacuation Pause) 910M->772M(978M) 42.445ms
[562.159s][info][gc,cpu         ] GC(1345) User=0.08s Sys=0.00s Real=0.04s
[562.387s][info][gc,start       ] GC(1346) Pause Young (Normal) (G1 Evacuation Pause)
[562.387s][info][gc,task        ] GC(1346) Using 2 workers of 2 for evacuation
[562.439s][info][gc,phases      ] GC(1346)   Pre Evacuate Collection Set: 0.53ms
[562.439s][info][gc,phases      ] GC(1346)   Merge Heap Roots: 0.75ms
[562.439s][info][gc,phases      ] GC(1346)   Evacuate Collection Set: 49.92ms
[562.439s][info][gc,phases      ] GC(1346)   Post Evacuate Collection Set: 0.66ms
[562.439s][info][gc,phases      ] GC(1346)   Other: 0.07ms
[562.439s][info][gc,heap        ] GC(1346) Eden regions: 133->0(137)
[562.439s][info][gc,heap        ] GC(1346) Survivor regions: 15->7(19)
[562.439s][info][gc,heap        ] GC(1346) Old regions: 750->765
[562.439s][info][gc,heap        ] GC(1346) Humongous regions: 8->8
[562.439s][info][gc,metaspace   ] GC(1346) Metaspace: 19081K(19264K)->19081K(19264K) NonClass: 16417K(16512K)->16417K(16512K) Class: 2664K(2752K)->2664K(2752K)
[562.439s][info][gc             ] GC(1346) Pause Young (Normal) (G1 Evacuation Pause) 905M->779M(978M) 52.213ms
[562.439s][info][gc,cpu         ] GC(1346) User=0.10s Sys=0.00s Real=0.05s
[562.764s][info][gc,start       ] GC(1347) Pause Young (Normal) (G1 Evacuation Pause)
[562.765s][info][gc,task        ] GC(1347) Using 2 workers of 2 for evacuation
[562.836s][info][gc,phases      ] GC(1347)   Pre Evacuate Collection Set: 0.34ms
[562.836s][info][gc,phases      ] GC(1347)   Merge Heap Roots: 0.74ms
[562.836s][info][gc,phases      ] GC(1347)   Evacuate Collection Set: 70.05ms
[562.836s][info][gc,phases      ] GC(1347)   Post Evacuate Collection Set: 0.61ms
[562.836s][info][gc,phases      ] GC(1347)   Other: 0.09ms
[562.836s][info][gc,heap        ] GC(1347) Eden regions: 137->0(98)
[562.837s][info][gc,heap        ] GC(1347) Survivor regions: 7->18(18)
[562.837s][info][gc,heap        ] GC(1347) Old regions: 765->783
[562.837s][info][gc,heap        ] GC(1347) Humongous regions: 11->11
[562.837s][info][gc,metaspace   ] GC(1347) Metaspace: 19082K(19264K)->19082K(19264K) NonClass: 16418K(16512K)->16418K(16512K) Class: 2664K(2752K)->2664K(2752K)
[562.837s][info][gc             ] GC(1347) Pause Young (Normal) (G1 Evacuation Pause) 919M->811M(978M) 72.079ms
[562.837s][info][gc,cpu         ] GC(1347) User=0.14s Sys=0.00s Real=0.07s
[562.998s][info][gc,start       ] GC(1348) Pause Young (Normal) (G1 Evacuation Pause)
[562.998s][info][gc,task        ] GC(1348) Using 2 workers of 2 for evacuation
[563.041s][info][gc,phases      ] GC(1348)   Pre Evacuate Collection Set: 0.34ms
[563.041s][info][gc,phases      ] GC(1348)   Merge Heap Roots: 0.57ms
[563.041s][info][gc,phases      ] GC(1348)   Evacuate Collection Set: 42.13ms
[563.041s][info][gc,phases      ] GC(1348)   Post Evacuate Collection Set: 0.34ms
[563.041s][info][gc,phases      ] GC(1348)   Other: 0.08ms
[563.041s][info][gc,heap        ] GC(1348) Eden regions: 98->0(108)
[563.041s][info][gc,heap        ] GC(1348) Survivor regions: 18->4(15)
[563.041s][info][gc,heap        ] GC(1348) Old regions: 783->801
[563.041s][info][gc,heap        ] GC(1348) Humongous regions: 11->11
[563.041s][info][gc,metaspace   ] GC(1348) Metaspace: 19082K(19264K)->19082K(19264K) NonClass: 16418K(16512K)->16418K(16512K) Class: 2664K(2752K)->2664K(2752K)
[563.041s][info][gc             ] GC(1348) Pause Young (Normal) (G1 Evacuation Pause) 909M->814M(978M) 43.689ms
[563.041s][info][gc,cpu         ] GC(1348) User=0.08s Sys=0.00s Real=0.05s
[563.098s][info][gc,marking     ] GC(1342) Concurrent Mark From Roots 1844.891ms
[563.098s][info][gc,marking     ] GC(1342) Concurrent Preclean
[563.098s][info][gc,marking     ] GC(1342) Concurrent Preclean 0.051ms
[563.099s][info][gc,start       ] GC(1342) Pause Remark
[563.107s][info][gc             ] GC(1342) Pause Remark 870M->797M(978M) 8.096ms
[563.107s][info][gc,cpu         ] GC(1342) User=0.02s Sys=0.00s Real=0.01s
[563.107s][info][gc,marking     ] GC(1342) Concurrent Mark 1853.497ms
[563.107s][info][gc,marking     ] GC(1342) Concurrent Rebuild Remembered Sets and Scrub Regions
[563.165s][info][gc,start       ] GC(1349) Pause Young (Normal) (G1 Evacuation Pause)
[563.165s][info][gc,task        ] GC(1349) Using 2 workers of 2 for evacuation
[563.180s][info][gc,phases      ] GC(1349)   Pre Evacuate Collection Set: 0.51ms
[563.180s][info][gc,phases      ] GC(1349)   Merge Heap Roots: 0.15ms
[563.180s][info][gc,phases      ] GC(1349)   Evacuate Collection Set: 13.82ms
[563.180s][info][gc,phases      ] GC(1349)   Post Evacuate Collection Set: 0.33ms
[563.180s][info][gc,phases      ] GC(1349)   Other: 0.11ms
[563.180s][info][gc,heap        ] GC(1349) Eden regions: 108->0(162)
[563.180s][info][gc,heap        ] GC(1349) Survivor regions: 4->11(14)
[563.180s][info][gc,heap        ] GC(1349) Old regions: 730->730
[563.180s][info][gc,heap        ] GC(1349) Humongous regions: 9->9
[563.180s][info][gc,metaspace   ] GC(1349) Metaspace: 19082K(19264K)->19082K(19264K) NonClass: 16418K(16512K)->16418K(16512K) Class: 2664K(2752K)->2664K(2752K)
[563.181s][info][gc             ] GC(1349) Pause Young (Normal) (G1 Evacuation Pause) 849M->749M(978M) 15.130ms
[563.181s][info][gc,cpu         ] GC(1349) User=0.03s Sys=0.00s Real=0.02s
[563.365s][info][gc,start       ] GC(1350) Pause Young (Normal) (G1 Evacuation Pause)
[563.365s][info][gc,task        ] GC(1350) Using 2 workers of 2 for evacuation
[563.420s][info][gc,phases      ] GC(1350)   Pre Evacuate Collection Set: 0.49ms
[563.420s][info][gc,phases      ] GC(1350)   Merge Heap Roots: 0.18ms
[563.420s][info][gc,phases      ] GC(1350)   Evacuate Collection Set: 53.67ms
[563.420s][info][gc,phases      ] GC(1350)   Post Evacuate Collection Set: 0.55ms
[563.420s][info][gc,phases      ] GC(1350)   Other: 0.10ms
[563.420s][info][gc,heap        ] GC(1350) Eden regions: 162->0(113)
[563.420s][info][gc,heap        ] GC(1350) Survivor regions: 11->22(22)
[563.420s][info][gc,heap        ] GC(1350) Old regions: 730->762
[563.420s][info][gc,heap        ] GC(1350) Humongous regions: 9->9
[563.420s][info][gc,metaspace   ] GC(1350) Metaspace: 19082K(19264K)->19082K(19264K) NonClass: 16418K(16512K)->16418K(16512K) Class: 2664K(2752K)->2664K(2752K)
[563.420s][info][gc             ] GC(1350) Pause Young (Normal) (G1 Evacuation Pause) 911M->792M(978M) 55.183ms
[563.420s][info][gc,cpu         ] GC(1350) User=0.10s Sys=0.00s Real=0.05s
[563.553s][info][gc,start       ] GC(1351) Pause Young (Normal) (G1 Evacuation Pause)
[563.553s][info][gc,task        ] GC(1351) Using 2 workers of 2 for evacuation
[563.597s][info][gc,phases      ] GC(1351)   Pre Evacuate Collection Set: 0.49ms
[563.597s][info][gc,phases      ] GC(1351)   Merge Heap Roots: 0.32ms
[563.597s][info][gc,phases      ] GC(1351)   Evacuate Collection Set: 42.31ms
[563.597s][info][gc,phases      ] GC(1351)   Post Evacuate Collection Set: 0.41ms
[563.597s][info][gc,phases      ] GC(1351)   Other: 0.08ms
[563.597s][info][gc,heap        ] GC(1351) Eden regions: 113->0(105)
[563.597s][info][gc,heap        ] GC(1351) Survivor regions: 22->15(17)
[563.597s][info][gc,heap        ] GC(1351) Old regions: 762->784
[563.597s][info][gc,heap        ] GC(1351) Humongous regions: 9->9
[563.597s][info][gc,metaspace   ] GC(1351) Metaspace: 19082K(19264K)->19082K(19264K) NonClass: 16418K(16512K)->16418K(16512K) Class: 2664K(2752K)->2664K(2752K)
[563.597s][info][gc             ] GC(1351) Pause Young (Normal) (G1 Evacuation Pause) 905M->807M(978M) 43.831ms
[563.597s][info][gc,cpu         ] GC(1351) User=0.08s Sys=0.00s Real=0.04s
[563.719s][info][gc,start       ] GC(1352) Pause Young (Normal) (G1 Evacuation Pause)
[563.719s][info][gc,task        ] GC(1352) Using 2 workers of 2 for evacuation
[563.752s][info][gc,phases      ] GC(1352)   Pre Evacuate Collection Set: 0.48ms
[563.752s][info][gc,phases      ] GC(1352)   Merge Heap Roots: 0.26ms
[563.752s][info][gc,phases      ] GC(1352)   Evacuate Collection Set: 32.50ms
[563.752s][info][gc,phases      ] GC(1352)   Post Evacuate Collection Set: 0.36ms
[563.752s][info][gc,phases      ] GC(1352)   Other: 0.10ms
[563.753s][info][gc,heap        ] GC(1352) Eden regions: 105->0(95)
[563.753s][info][gc,heap        ] GC(1352) Survivor regions: 15->12(15)
[563.753s][info][gc,heap        ] GC(1352) Old regions: 784->799
[563.753s][info][gc,heap        ] GC(1352) Humongous regions: 10->10
[563.753s][info][gc,metaspace   ] GC(1352) Metaspace: 19082K(19264K)->19082K(19264K) NonClass: 16418K(16512K)->16418K(16512K) Class: 2664K(2752K)->2664K(2752K)
[563.753s][info][gc             ] GC(1352) Pause Young (Normal) (G1 Evacuation Pause) 913M->820M(978M) 33.916ms
[563.753s][info][gc,cpu         ] GC(1352) User=0.06s Sys=0.00s Real=0.04s
[563.863s][info][gc,marking     ] GC(1342) Concurrent Rebuild Remembered Sets and Scrub Regions 756.129ms
[563.864s][info][gc,start       ] GC(1342) Pause Cleanup
[563.864s][info][gc             ] GC(1342) Pause Cleanup 909M->909M(978M) 0.144ms
[563.864s][info][gc,cpu         ] GC(1342) User=0.00s Sys=0.00s Real=0.00s
[563.864s][info][gc,marking     ] GC(1342) Concurrent Clear Claimed Marks
[563.864s][info][gc,marking     ] GC(1342) Concurrent Clear Claimed Marks 0.042ms
[563.864s][info][gc,marking     ] GC(1342) Concurrent Cleanup for Next Mark
[563.869s][info][gc,marking     ] GC(1342) Concurrent Cleanup for Next Mark 5.592ms
[563.869s][info][gc,start       ] GC(1353) Pause Young (Prepare Mixed) (G1 Evacuation Pause)
[563.870s][info][gc,task        ] GC(1353) Using 2 workers of 2 for evacuation
[563.888s][info][gc,phases      ] GC(1353)   Pre Evacuate Collection Set: 0.31ms
[563.888s][info][gc,phases      ] GC(1353)   Merge Heap Roots: 0.10ms
[563.888s][info][gc,phases      ] GC(1353)   Evacuate Collection Set: 18.02ms
[563.888s][info][gc,phases      ] GC(1353)   Post Evacuate Collection Set: 0.34ms
[563.888s][info][gc,phases      ] GC(1353)   Other: 0.08ms
[563.888s][info][gc,heap        ] GC(1353) Eden regions: 95->0(101)
[563.888s][info][gc,heap        ] GC(1353) Survivor regions: 12->3(14)
[563.888s][info][gc,heap        ] GC(1353) Old regions: 799->811
[563.888s][info][gc,heap        ] GC(1353) Humongous regions: 10->10
[563.888s][info][gc,metaspace   ] GC(1353) Metaspace: 19082K(19264K)->19082K(19264K) NonClass: 16418K(16512K)->16418K(16512K) Class: 2664K(2752K)->2664K(2752K)
[563.888s][info][gc             ] GC(1353) Pause Young (Prepare Mixed) (G1 Evacuation Pause) 915M->823M(978M) 19.018ms
[563.889s][info][gc,cpu         ] GC(1353) User=0.04s Sys=0.00s Real=0.02s
[563.890s][info][gc             ] GC(1342) Concurrent Mark Cycle 2703.550ms
[563.961s][info][gc,start       ] GC(1354) Pause Young (Mixed) (G1 Evacuation Pause)
[563.961s][info][gc,task        ] GC(1354) Using 2 workers of 2 for evacuation
[563.978s][info][gc,phases      ] GC(1354)   Pre Evacuate Collection Set: 0.32ms
[563.979s][info][gc,phases      ] GC(1354)   Merge Heap Roots: 0.25ms
[563.979s][info][gc,phases      ] GC(1354)   Evacuate Collection Set: 16.45ms
[563.979s][info][gc,phases      ] GC(1354)   Post Evacuate Collection Set: 0.37ms
[563.979s][info][gc,phases      ] GC(1354)   Other: 0.08ms
[563.979s][info][gc,heap        ] GC(1354) Eden regions: 101->0(136)
[563.979s][info][gc,heap        ] GC(1354) Survivor regions: 3->5(13)
[563.979s][info][gc,heap        ] GC(1354) Old regions: 811->772
[563.979s][info][gc,heap        ] GC(1354) Humongous regions: 10->10
[563.979s][info][gc,metaspace   ] GC(1354) Metaspace: 19082K(19264K)->19082K(19264K) NonClass: 16418K(16512K)->16418K(16512K) Class: 2664K(2752K)->2664K(2752K)
[563.979s][info][gc             ] GC(1354) Pause Young (Mixed) (G1 Evacuation Pause) 924M->786M(978M) 17.683ms
[563.979s][info][gc,cpu         ] GC(1354) User=0.04s Sys=0.00s Real=0.01s
[564.073s][info][gc,start       ] GC(1355) Pause Young (Concurrent Start) (G1 Evacuation Pause)
[564.073s][info][gc,task        ] GC(1355) Using 2 workers of 2 for evacuation
[564.084s][info][gc,phases      ] GC(1355)   Pre Evacuate Collection Set: 0.32ms
[564.084s][info][gc,phases      ] GC(1355)   Merge Heap Roots: 0.11ms
[564.084s][info][gc,phases      ] GC(1355)   Evacuate Collection Set: 9.78ms
[564.084s][info][gc,phases      ] GC(1355)   Post Evacuate Collection Set: 0.37ms
[564.084s][info][gc,phases      ] GC(1355)   Other: 0.10ms
[564.084s][info][gc,heap        ] GC(1355) Eden regions: 136->0(130)
[564.084s][info][gc,heap        ] GC(1355) Survivor regions: 5->8(18)
[564.084s][info][gc,heap        ] GC(1355) Old regions: 772->772
[564.084s][info][gc,heap        ] GC(1355) Humongous regions: 10->10
[564.084s][info][gc,metaspace   ] GC(1355) Metaspace: 19082K(19264K)->19082K(19264K) NonClass: 16418K(16512K)->16418K(16512K) Class: 2664K(2752K)->2664K(2752K)
[564.084s][info][gc             ] GC(1355) Pause Young (Concurrent Start) (G1 Evacuation Pause) 922M->789M(978M) 10.936ms
[564.084s][info][gc,cpu         ] GC(1355) User=0.02s Sys=0.00s Real=0.01s
[564.084s][info][gc             ] GC(1356) Concurrent Mark Cycle
[564.086s][info][gc,marking     ] GC(1356) Concurrent Scan Root Regions
[564.102s][info][gc,marking     ] GC(1356) Concurrent Scan Root Regions 15.507ms
[564.102s][info][gc,marking     ] GC(1356) Concurrent Mark
[564.102s][info][gc,marking     ] GC(1356) Concurrent Mark From Roots
[564.102s][info][gc,task        ] GC(1356) Using 1 workers of 1 for marking
[564.352s][info][gc,start       ] GC(1357) Pause Young (Normal) (G1 Evacuation Pause)
[564.353s][info][gc,task        ] GC(1357) Using 2 workers of 2 for evacuation
[564.366s][info][gc,phases      ] GC(1357)   Pre Evacuate Collection Set: 0.54ms
[564.366s][info][gc,phases      ] GC(1357)   Merge Heap Roots: 0.14ms
[564.366s][info][gc,phases      ] GC(1357)   Evacuate Collection Set: 12.36ms
[564.366s][info][gc,phases      ] GC(1357)   Post Evacuate Collection Set: 0.35ms
[564.366s][info][gc,phases      ] GC(1357)   Other: 0.08ms
[564.366s][info][gc,heap        ] GC(1357) Eden regions: 130->0(124)
[564.366s][info][gc,heap        ] GC(1357) Survivor regions: 8->11(18)
[564.366s][info][gc,heap        ] GC(1357) Old regions: 772->772
[564.366s][info][gc,heap        ] GC(1357) Humongous regions: 10->10
[564.366s][info][gc,metaspace   ] GC(1357) Metaspace: 19082K(19264K)->19082K(19264K) NonClass: 16418K(16512K)->16418K(16512K) Class: 2664K(2752K)->2664K(2752K)
[564.366s][info][gc             ] GC(1357) Pause Young (Normal) (G1 Evacuation Pause) 919M->792M(978M) 13.713ms
[564.366s][info][gc,cpu         ] GC(1357) User=0.03s Sys=0.00s Real=0.01s
[564.775s][info][gc,marking     ] GC(1356) Concurrent Mark From Roots 673.161ms
[564.775s][info][gc,marking     ] GC(1356) Concurrent Preclean
[564.775s][info][gc,marking     ] GC(1356) Concurrent Preclean 0.051ms
[564.775s][info][gc,start       ] GC(1356) Pause Remark
[564.784s][info][gc             ] GC(1356) Pause Remark 883M->382M(974M) 8.256ms
[564.784s][info][gc,cpu         ] GC(1356) User=0.02s Sys=0.00s Real=0.01s
[564.784s][info][gc,marking     ] GC(1356) Concurrent Mark 681.803ms
[564.784s][info][gc,marking     ] GC(1356) Concurrent Rebuild Remembered Sets and Scrub Regions
[564.906s][info][gc,start       ] GC(1358) Pause Young (Normal) (G1 Evacuation Pause)
[564.906s][info][gc,task        ] GC(1358) Using 2 workers of 2 for evacuation
[564.921s][info][gc,phases      ] GC(1358)   Pre Evacuate Collection Set: 0.54ms
[564.921s][info][gc,phases      ] GC(1358)   Merge Heap Roots: 0.20ms
[564.921s][info][gc,phases      ] GC(1358)   Evacuate Collection Set: 13.31ms
[564.921s][info][gc,phases      ] GC(1358)   Post Evacuate Collection Set: 0.37ms
[564.921s][info][gc,phases      ] GC(1358)   Other: 0.10ms
[564.921s][info][gc,heap        ] GC(1358) Eden regions: 124->0(575)
[564.921s][info][gc,heap        ] GC(1358) Survivor regions: 11->9(17)
[564.921s][info][gc,heap        ] GC(1358) Old regions: 278->281
[564.921s][info][gc,heap        ] GC(1358) Humongous regions: 3->3
[564.921s][info][gc,metaspace   ] GC(1358) Metaspace: 19082K(19264K)->19082K(19264K) NonClass: 16418K(16512K)->16418K(16512K) Class: 2664K(2752K)->2664K(2752K)
[564.921s][info][gc             ] GC(1358) Pause Young (Normal) (G1 Evacuation Pause) 415M->292M(974M) 14.706ms
[564.921s][info][gc,cpu         ] GC(1358) User=0.03s Sys=0.00s Real=0.02s
[564.973s][info][gc,marking     ] GC(1356) Concurrent Rebuild Remembered Sets and Scrub Regions 189.638ms
[564.974s][info][gc,start       ] GC(1356) Pause Cleanup
[564.974s][info][gc             ] GC(1356) Pause Cleanup 316M->316M(974M) 0.120ms
[564.974s][info][gc,cpu         ] GC(1356) User=0.00s Sys=0.00s Real=0.00s
[564.974s][info][gc,marking     ] GC(1356) Concurrent Clear Claimed Marks
[564.974s][info][gc,marking     ] GC(1356) Concurrent Clear Claimed Marks 0.038ms
[564.974s][info][gc,marking     ] GC(1356) Concurrent Cleanup for Next Mark
[564.979s][info][gc,marking     ] GC(1356) Concurrent Cleanup for Next Mark 4.886ms
[564.979s][info][gc             ] GC(1356) Concurrent Mark Cycle 894.517ms
[565.631s][info][gc,start       ] GC(1359) Pause Young (Prepare Mixed) (G1 Evacuation Pause)
[565.631s][info][gc,task        ] GC(1359) Using 2 workers of 2 for evacuation
[565.724s][info][gc,phases      ] GC(1359)   Pre Evacuate Collection Set: 0.52ms
[565.724s][info][gc,phases      ] GC(1359)   Merge Heap Roots: 0.31ms
[565.724s][info][gc,phases      ] GC(1359)   Evacuate Collection Set: 91.23ms
[565.724s][info][gc,phases      ] GC(1359)   Post Evacuate Collection Set: 0.84ms
[565.724s][info][gc,phases      ] GC(1359)   Other: 0.12ms
[565.724s][info][gc,heap        ] GC(1359) Eden regions: 575->0(477)
[565.724s][info][gc,heap        ] GC(1359) Survivor regions: 9->73(73)
[565.724s][info][gc,heap        ] GC(1359) Old regions: 281->297
[565.724s][info][gc,heap        ] GC(1359) Humongous regions: 4->4
[565.724s][info][gc,metaspace   ] GC(1359) Metaspace: 19086K(19264K)->19086K(19264K) NonClass: 16422K(16512K)->16422K(16512K) Class: 2664K(2752K)->2664K(2752K)
[565.724s][info][gc             ] GC(1359) Pause Young (Prepare Mixed) (G1 Evacuation Pause) 868M->373M(974M) 93.294ms
[565.724s][info][gc,cpu         ] GC(1359) User=0.19s Sys=0.00s Real=0.09s
[566.361s][info][gc,start       ] GC(1360) Pause Young (Mixed) (G1 Evacuation Pause)
[566.361s][info][gc,task        ] GC(1360) Using 2 workers of 2 for evacuation
[566.666s][info][gc,mmu         ] GC(1360) MMU target violated: 201.0ms (200.0ms/201.0ms)
[566.666s][info][gc,phases      ] GC(1360)   Pre Evacuate Collection Set: 0.35ms
[566.666s][info][gc,phases      ] GC(1360)   Merge Heap Roots: 0.43ms
[566.666s][info][gc,phases      ] GC(1360)   Evacuate Collection Set: 274.28ms
[566.666s][info][gc,phases      ] GC(1360)   Post Evacuate Collection Set: 29.94ms
[566.666s][info][gc,phases      ] GC(1360)   Other: 0.17ms
[566.666s][info][gc,heap        ] GC(1360) Eden regions: 477->0(182)
[566.666s][info][gc,heap        ] GC(1360) Survivor regions: 73->69(69)
[566.667s][info][gc,heap        ] GC(1360) Old regions: 297->603
[566.667s][info][gc,heap        ] GC(1360) Humongous regions: 5->5
[566.667s][info][gc,metaspace   ] GC(1360) Metaspace: 19086K(19264K)->19086K(19264K) NonClass: 16422K(16512K)->16422K(16512K) Class: 2664K(2752K)->2664K(2752K)
[566.667s][info][gc             ] GC(1360) Pause Young (Mixed) (G1 Evacuation Pause) (Evacuation Failure: Allocation) 851M->676M(978M) 305.361ms
[566.667s][info][gc,cpu         ] GC(1360) User=0.60s Sys=0.00s Real=0.30s
[566.839s][info][gc,start       ] GC(1361) Pause Young (Concurrent Start) (G1 Evacuation Pause)
[566.839s][info][gc,task        ] GC(1361) Using 2 workers of 2 for evacuation
[566.951s][info][gc,phases      ] GC(1361)   Pre Evacuate Collection Set: 0.55ms
[566.951s][info][gc,phases      ] GC(1361)   Merge Heap Roots: 0.83ms
[566.951s][info][gc,phases      ] GC(1361)   Evacuate Collection Set: 109.94ms
[566.951s][info][gc,phases      ] GC(1361)   Post Evacuate Collection Set: 0.72ms
[566.951s][info][gc,phases      ] GC(1361)   Other: 0.19ms
[566.951s][info][gc,heap        ] GC(1361) Eden regions: 182->0(336)
[566.951s][info][gc,heap        ] GC(1361) Survivor regions: 69->6(32)
[566.951s][info][gc,heap        ] GC(1361) Old regions: 603->540
[566.951s][info][gc,heap        ] GC(1361) Humongous regions: 5->5
[566.951s][info][gc,metaspace   ] GC(1361) Metaspace: 19089K(19264K)->19089K(19264K) NonClass: 16425K(16512K)->16425K(16512K) Class: 2664K(2752K)->2664K(2752K)
[566.951s][info][gc             ] GC(1361) Pause Young (Concurrent Start) (G1 Evacuation Pause) 858M->550M(978M) 112.455ms
[566.951s][info][gc,cpu         ] GC(1361) User=0.22s Sys=0.00s Real=0.12s
[566.951s][info][gc             ] GC(1362) Concurrent Mark Cycle
[566.951s][info][gc,marking     ] GC(1362) Concurrent Scan Root Regions
[567.165s][info][gc,marking     ] GC(1362) Concurrent Scan Root Regions 213.082ms
[567.165s][info][gc,marking     ] GC(1362) Concurrent Mark
[567.165s][info][gc,marking     ] GC(1362) Concurrent Mark From Roots
[567.165s][info][gc,task        ] GC(1362) Using 1 workers of 1 for marking
[567.529s][info][gc,start       ] GC(1363) Pause Young (Normal) (G1 Evacuation Pause)
[567.530s][info][gc,task        ] GC(1363) Using 2 workers of 2 for evacuation
[567.622s][info][gc,phases      ] GC(1363)   Pre Evacuate Collection Set: 0.55ms
[567.623s][info][gc,phases      ] GC(1363)   Merge Heap Roots: 0.34ms
[567.623s][info][gc,phases      ] GC(1363)   Evacuate Collection Set: 90.96ms
[567.623s][info][gc,phases      ] GC(1363)   Post Evacuate Collection Set: 1.00ms
[567.623s][info][gc,phases      ] GC(1363)   Other: 0.08ms
[567.623s][info][gc,heap        ] GC(1363) Eden regions: 336->0(299)
[567.623s][info][gc,heap        ] GC(1363) Survivor regions: 6->43(43)
[567.623s][info][gc,heap        ] GC(1363) Old regions: 540->535
[567.623s][info][gc,heap        ] GC(1363) Humongous regions: 5->5
[567.623s][info][gc,metaspace   ] GC(1363) Metaspace: 19090K(19264K)->19090K(19264K) NonClass: 16426K(16512K)->16426K(16512K) Class: 2664K(2752K)->2664K(2752K)
[567.623s][info][gc             ] GC(1363) Pause Young (Normal) (G1 Evacuation Pause) (Evacuation Failure: Allocation) 886M->582M(978M) 93.180ms
[567.623s][info][gc,cpu         ] GC(1363) User=0.19s Sys=0.00s Real=0.10s
[568.068s][info][gc,start       ] GC(1364) Pause Young (Normal) (G1 Evacuation Pause)
[568.068s][info][gc,task        ] GC(1364) Using 2 workers of 2 for evacuation
[568.271s][info][gc,mmu         ] GC(1364) MMU target violated: 201.0ms (200.0ms/201.0ms)
[568.271s][info][gc,phases      ] GC(1364)   Pre Evacuate Collection Set: 0.32ms
[568.271s][info][gc,phases      ] GC(1364)   Merge Heap Roots: 0.34ms
[568.271s][info][gc,phases      ] GC(1364)   Evacuate Collection Set: 178.44ms
[568.271s][info][gc,phases      ] GC(1364)   Post Evacuate Collection Set: 23.71ms
[568.271s][info][gc,phases      ] GC(1364)   Other: 0.14ms
[568.271s][info][gc,heap        ] GC(1364) Eden regions: 299->0(5)
[568.271s][info][gc,heap        ] GC(1364) Survivor regions: 43->43(43)
[568.271s][info][gc,heap        ] GC(1364) Old regions: 535->834
[568.271s][info][gc,heap        ] GC(1364) Humongous regions: 5->5
[568.271s][info][gc,metaspace   ] GC(1364) Metaspace: 19090K(19264K)->19090K(19264K) NonClass: 16426K(16512K)->16426K(16512K) Class: 2664K(2752K)->2664K(2752K)
[568.271s][info][gc             ] GC(1364) Pause Young (Normal) (G1 Evacuation Pause) (Evacuation Failure: Allocation) 881M->881M(978M) 203.164ms
[568.271s][info][gc,cpu         ] GC(1364) User=0.40s Sys=0.01s Real=0.21s
[568.280s][info][gc,start       ] GC(1365) Pause Young (Normal) (G1 Evacuation Pause)
[568.280s][info][gc,task        ] GC(1365) Using 2 workers of 2 for evacuation
[568.365s][info][gc,phases      ] GC(1365)   Pre Evacuate Collection Set: 0.38ms
[568.365s][info][gc,phases      ] GC(1365)   Merge Heap Roots: 0.81ms
[568.365s][info][gc,phases      ] GC(1365)   Evacuate Collection Set: 83.13ms
[568.365s][info][gc,phases      ] GC(1365)   Post Evacuate Collection Set: 0.44ms
[568.365s][info][gc,phases      ] GC(1365)   Other: 0.06ms
[568.365s][info][gc,heap        ] GC(1365) Eden regions: 5->0(191)
[568.365s][info][gc,heap        ] GC(1365) Survivor regions: 43->2(6)
[568.365s][info][gc,heap        ] GC(1365) Old regions: 834->708
[568.365s][info][gc,heap        ] GC(1365) Humongous regions: 5->5
[568.365s][info][gc,metaspace   ] GC(1365) Metaspace: 19090K(19264K)->19090K(19264K) NonClass: 16426K(16512K)->16426K(16512K) Class: 2664K(2752K)->2664K(2752K)
[568.365s][info][gc             ] GC(1365) Pause Young (Normal) (G1 Evacuation Pause) 886M->714M(978M) 85.003ms
[568.365s][info][gc,cpu         ] GC(1365) User=0.16s Sys=0.00s Real=0.09s
[568.388s][info][gc,marking     ] GC(1362) Concurrent Mark From Roots 1223.014ms
[568.388s][info][gc,marking     ] GC(1362) Concurrent Preclean
[568.388s][info][gc,marking     ] GC(1362) Concurrent Preclean 0.050ms
[568.388s][info][gc,start       ] GC(1362) Pause Remark
[568.396s][info][gc             ] GC(1362) Pause Remark 739M->739M(978M) 8.007ms
[568.396s][info][gc,cpu         ] GC(1362) User=0.01s Sys=0.00s Real=0.01s
[568.396s][info][gc,marking     ] GC(1362) Concurrent Mark 1231.633ms
[568.396s][info][gc,marking     ] GC(1362) Concurrent Rebuild Remembered Sets and Scrub Regions
[568.679s][info][gc,start       ] GC(1366) Pause Young (Normal) (G1 Evacuation Pause)
[568.679s][info][gc,task        ] GC(1366) Using 2 workers of 2 for evacuation
[568.754s][info][gc,phases      ] GC(1366)   Pre Evacuate Collection Set: 0.51ms
[568.754s][info][gc,phases      ] GC(1366)   Merge Heap Roots: 0.48ms
[568.754s][info][gc,phases      ] GC(1366)   Evacuate Collection Set: 73.67ms
[568.754s][info][gc,phases      ] GC(1366)   Post Evacuate Collection Set: 0.62ms
[568.754s][info][gc,phases      ] GC(1366)   Other: 0.08ms
[568.754s][info][gc,heap        ] GC(1366) Eden regions: 191->0(166)
[568.754s][info][gc,heap        ] GC(1366) Survivor regions: 2->25(25)
[568.754s][info][gc,heap        ] GC(1366) Old regions: 708->704
[568.754s][info][gc,heap        ] GC(1366) Humongous regions: 8->8
[568.754s][info][gc,metaspace   ] GC(1366) Metaspace: 19092K(19264K)->19092K(19264K) NonClass: 16428K(16512K)->16428K(16512K) Class: 2664K(2752K)->2664K(2752K)
[568.754s][info][gc             ] GC(1366) Pause Young (Normal) (G1 Evacuation Pause) 908M->736M(978M) 75.613ms
[568.754s][info][gc,cpu         ] GC(1366) User=0.15s Sys=0.00s Real=0.08s
[568.938s][info][gc,start       ] GC(1367) Pause Young (Normal) (G1 Evacuation Pause)
[568.938s][info][gc,task        ] GC(1367) Using 2 workers of 2 for evacuation
[568.993s][info][gc,phases      ] GC(1367)   Pre Evacuate Collection Set: 0.49ms
[568.993s][info][gc,phases      ] GC(1367)   Merge Heap Roots: 0.52ms
[568.993s][info][gc,phases      ] GC(1367)   Evacuate Collection Set: 53.91ms
[568.993s][info][gc,phases      ] GC(1367)   Post Evacuate Collection Set: 0.48ms
[568.993s][info][gc,phases      ] GC(1367)   Other: 0.07ms
[568.994s][info][gc,heap        ] GC(1367) Eden regions: 166->0(154)
[568.994s][info][gc,heap        ] GC(1367) Survivor regions: 25->18(24)
[568.994s][info][gc,heap        ] GC(1367) Old regions: 704->730
[568.994s][info][gc,heap        ] GC(1367) Humongous regions: 8->8
[568.994s][info][gc,metaspace   ] GC(1367) Metaspace: 19092K(19264K)->19092K(19264K) NonClass: 16428K(16512K)->16428K(16512K) Class: 2664K(2752K)->2664K(2752K)
[568.994s][info][gc             ] GC(1367) Pause Young (Normal) (G1 Evacuation Pause) 902M->754M(978M) 55.676ms
[568.994s][info][gc,cpu         ] GC(1367) User=0.11s Sys=0.00s Real=0.06s
[569.133s][info][gc,marking     ] GC(1362) Concurrent Rebuild Remembered Sets and Scrub Regions 736.770ms
[569.133s][info][gc,start       ] GC(1362) Pause Cleanup
[569.133s][info][gc             ] GC(1362) Pause Cleanup 854M->854M(978M) 0.136ms
[569.133s][info][gc,cpu         ] GC(1362) User=0.00s Sys=0.00s Real=0.00s
[569.133s][info][gc,marking     ] GC(1362) Concurrent Clear Claimed Marks
[569.133s][info][gc,marking     ] GC(1362) Concurrent Clear Claimed Marks 0.040ms
[569.133s][info][gc,marking     ] GC(1362) Concurrent Cleanup for Next Mark
[569.140s][info][gc,marking     ] GC(1362) Concurrent Cleanup for Next Mark 6.712ms
[569.140s][info][gc             ] GC(1362) Concurrent Mark Cycle 2188.865ms
[569.191s][info][gc,start       ] GC(1368) Pause Young (Prepare Mixed) (G1 Evacuation Pause)
[569.191s][info][gc,task        ] GC(1368) Using 2 workers of 2 for evacuation
[569.267s][info][gc,phases      ] GC(1368)   Pre Evacuate Collection Set: 0.32ms
[569.267s][info][gc,phases      ] GC(1368)   Merge Heap Roots: 0.42ms
[569.267s][info][gc,phases      ] GC(1368)   Evacuate Collection Set: 74.57ms
[569.267s][info][gc,phases      ] GC(1368)   Post Evacuate Collection Set: 0.52ms
[569.267s][info][gc,phases      ] GC(1368)   Other: 0.09ms
[569.267s][info][gc,heap        ] GC(1368) Eden regions: 154->0(108)
[569.267s][info][gc,heap        ] GC(1368) Survivor regions: 18->22(22)
[569.267s][info][gc,heap        ] GC(1368) Old regions: 730->765
[569.267s][info][gc,heap        ] GC(1368) Humongous regions: 11->11
[569.267s][info][gc,metaspace   ] GC(1368) Metaspace: 19092K(19264K)->19092K(19264K) NonClass: 16428K(16512K)->16428K(16512K) Class: 2664K(2752K)->2664K(2752K)
[569.267s][info][gc             ] GC(1368) Pause Young (Prepare Mixed) (G1 Evacuation Pause) 911M->797M(978M) 76.197ms
[569.267s][info][gc,cpu         ] GC(1368) User=0.15s Sys=0.00s Real=0.07s
[569.330s][info][gc,start       ] GC(1369) Pause Young (Mixed) (G1 Evacuation Pause)
[569.330s][info][gc,task        ] GC(1369) Using 2 workers of 2 for evacuation
[569.379s][info][gc,phases      ] GC(1369)   Pre Evacuate Collection Set: 0.30ms
[569.379s][info][gc,phases      ] GC(1369)   Merge Heap Roots: 0.45ms
[569.379s][info][gc,phases      ] GC(1369)   Evacuate Collection Set: 47.42ms
[569.379s][info][gc,phases      ] GC(1369)   Post Evacuate Collection Set: 0.39ms
[569.379s][info][gc,phases      ] GC(1369)   Other: 0.06ms
[569.379s][info][gc,heap        ] GC(1369) Eden regions: 108->0(122)
[569.379s][info][gc,heap        ] GC(1369) Survivor regions: 22->8(17)
[569.379s][info][gc,heap        ] GC(1369) Old regions: 765->777
[569.379s][info][gc,heap        ] GC(1369) Humongous regions: 11->11
[569.379s][info][gc,metaspace   ] GC(1369) Metaspace: 19092K(19264K)->19092K(19264K) NonClass: 16428K(16512K)->16428K(16512K) Class: 2664K(2752K)->2664K(2752K)
[569.379s][info][gc             ] GC(1369) Pause Young (Mixed) (G1 Evacuation Pause) 905M->795M(978M) 48.815ms
[569.379s][info][gc,cpu         ] GC(1369) User=0.09s Sys=0.00s Real=0.05s
[569.475s][info][gc,start       ] GC(1370) Pause Young (Concurrent Start) (G1 Evacuation Pause)
[569.475s][info][gc,task        ] GC(1370) Using 2 workers of 2 for evacuation
[569.504s][info][gc,phases      ] GC(1370)   Pre Evacuate Collection Set: 0.33ms
[569.504s][info][gc,phases      ] GC(1370)   Merge Heap Roots: 0.21ms
[569.504s][info][gc,phases      ] GC(1370)   Evacuate Collection Set: 28.22ms
[569.504s][info][gc,phases      ] GC(1370)   Post Evacuate Collection Set: 0.39ms
[569.504s][info][gc,phases      ] GC(1370)   Other: 0.19ms
[569.504s][info][gc,heap        ] GC(1370) Eden regions: 122->0(101)
[569.504s][info][gc,heap        ] GC(1370) Survivor regions: 8->17(17)
[569.504s][info][gc,heap        ] GC(1370) Old regions: 777->782
[569.504s][info][gc,heap        ] GC(1370) Humongous regions: 11->11
[569.504s][info][gc,metaspace   ] GC(1370) Metaspace: 19092K(19264K)->19092K(19264K) NonClass: 16428K(16512K)->16428K(16512K) Class: 2664K(2752K)->2664K(2752K)
[569.504s][info][gc             ] GC(1370) Pause Young (Concurrent Start) (G1 Evacuation Pause) 917M->809M(978M) 29.536ms
[569.504s][info][gc,cpu         ] GC(1370) User=0.06s Sys=0.00s Real=0.03s
[569.504s][info][gc             ] GC(1371) Concurrent Mark Cycle
[569.506s][info][gc,marking     ] GC(1371) Concurrent Scan Root Regions
[569.547s][info][gc,marking     ] GC(1371) Concurrent Scan Root Regions 41.134ms
[569.548s][info][gc,marking     ] GC(1371) Concurrent Mark
[569.548s][info][gc,marking     ] GC(1371) Concurrent Mark From Roots
[569.548s][info][gc,task        ] GC(1371) Using 1 workers of 1 for marking
[569.608s][info][gc,start       ] GC(1372) Pause Young (Normal) (G1 Evacuation Pause)
[569.608s][info][gc,task        ] GC(1372) Using 2 workers of 2 for evacuation
[569.634s][info][gc,phases      ] GC(1372)   Pre Evacuate Collection Set: 0.28ms
[569.634s][info][gc,phases      ] GC(1372)   Merge Heap Roots: 0.18ms
[569.634s][info][gc,phases      ] GC(1372)   Evacuate Collection Set: 25.03ms
[569.634s][info][gc,phases      ] GC(1372)   Post Evacuate Collection Set: 0.33ms
[569.634s][info][gc,phases      ] GC(1372)   Other: 0.06ms
[569.634s][info][gc,heap        ] GC(1372) Eden regions: 101->0(109)
[569.634s][info][gc,heap        ] GC(1372) Survivor regions: 17->4(15)
[569.634s][info][gc,heap        ] GC(1372) Old regions: 782->800
[569.634s][info][gc,heap        ] GC(1372) Humongous regions: 11->11
[569.634s][info][gc,metaspace   ] GC(1372) Metaspace: 19092K(19264K)->19092K(19264K) NonClass: 16428K(16512K)->16428K(16512K) Class: 2664K(2752K)->2664K(2752K)
[569.634s][info][gc             ] GC(1372) Pause Young (Normal) (G1 Evacuation Pause) 910M->814M(978M) 26.075ms
[569.634s][info][gc,cpu         ] GC(1372) User=0.05s Sys=0.00s Real=0.03s
[569.805s][info][gc,start       ] GC(1373) Pause Young (Normal) (G1 Evacuation Pause)
[569.805s][info][gc,task        ] GC(1373) Using 2 workers of 2 for evacuation
[569.819s][info][gc,phases      ] GC(1373)   Pre Evacuate Collection Set: 0.28ms
[569.819s][info][gc,phases      ] GC(1373)   Merge Heap Roots: 0.19ms
[569.819s][info][gc,phases      ] GC(1373)   Evacuate Collection Set: 13.35ms
[569.819s][info][gc,phases      ] GC(1373)   Post Evacuate Collection Set: 0.33ms
[569.819s][info][gc,phases      ] GC(1373)   Other: 0.06ms
[569.819s][info][gc,heap        ] GC(1373) Eden regions: 109->0(101)
[569.819s][info][gc,heap        ] GC(1373) Survivor regions: 4->8(15)
[569.819s][info][gc,heap        ] GC(1373) Old regions: 800->800
[569.819s][info][gc,heap        ] GC(1373) Humongous regions: 11->11
[569.819s][info][gc,metaspace   ] GC(1373) Metaspace: 19092K(19264K)->19092K(19264K) NonClass: 16428K(16512K)->16428K(16512K) Class: 2664K(2752K)->2664K(2752K)
[569.819s][info][gc             ] GC(1373) Pause Young (Normal) (G1 Evacuation Pause) 923M->818M(978M) 14.442ms
[569.819s][info][gc,cpu         ] GC(1373) User=0.03s Sys=0.00s Real=0.01s
[569.957s][info][gc,start       ] GC(1374) Pause Young (Normal) (G1 Evacuation Pause)
[569.957s][info][gc,task        ] GC(1374) Using 2 workers of 2 for evacuation
[569.971s][info][gc,phases      ] GC(1374)   Pre Evacuate Collection Set: 0.52ms
[569.971s][info][gc,phases      ] GC(1374)   Merge Heap Roots: 0.18ms
[569.971s][info][gc,phases      ] GC(1374)   Evacuate Collection Set: 12.99ms
[569.971s][info][gc,phases      ] GC(1374)   Post Evacuate Collection Set: 0.31ms
[569.971s][info][gc,phases      ] GC(1374)   Other: 0.07ms
[569.971s][info][gc,heap        ] GC(1374) Eden regions: 101->0(103)
[569.971s][info][gc,heap        ] GC(1374) Survivor regions: 8->5(14)
[569.971s][info][gc,heap        ] GC(1374) Old regions: 800->804
[569.971s][info][gc,heap        ] GC(1374) Humongous regions: 11->11
[569.971s][info][gc,metaspace   ] GC(1374) Metaspace: 19092K(19264K)->19092K(19264K) NonClass: 16428K(16512K)->16428K(16512K) Class: 2664K(2752K)->2664K(2752K)
[569.971s][info][gc             ] GC(1374) Pause Young (Normal) (G1 Evacuation Pause) 919M->818M(978M) 14.309ms
[569.971s][info][gc,cpu         ] GC(1374) User=0.03s Sys=0.00s Real=0.02s
[570.119s][info][gc,start       ] GC(1375) Pause Young (Normal) (G1 Evacuation Pause)
[570.119s][info][gc,task        ] GC(1375) Using 2 workers of 2 for evacuation
[570.138s][info][gc,phases      ] GC(1375)   Pre Evacuate Collection Set: 0.29ms
[570.138s][info][gc,phases      ] GC(1375)   Merge Heap Roots: 0.17ms
[570.138s][info][gc,phases      ] GC(1375)   Evacuate Collection Set: 17.97ms
[570.138s][info][gc,phases      ] GC(1375)   Post Evacuate Collection Set: 0.35ms
[570.138s][info][gc,phases      ] GC(1375)   Other: 0.08ms
[570.138s][info][gc,heap        ] GC(1375) Eden regions: 103->0(85)
[570.138s][info][gc,heap        ] GC(1375) Survivor regions: 5->14(14)
[570.138s][info][gc,heap        ] GC(1375) Old regions: 804->804
[570.138s][info][gc,heap        ] GC(1375) Humongous regions: 11->11
[570.138s][info][gc,metaspace   ] GC(1375) Metaspace: 19092K(19264K)->19092K(19264K) NonClass: 16428K(16512K)->16428K(16512K) Class: 2664K(2752K)->2664K(2752K)
[570.138s][info][gc             ] GC(1375) Pause Young (Normal) (G1 Evacuation Pause) 921M->828M(978M) 19.080ms
[570.138s][info][gc,cpu         ] GC(1375) User=0.03s Sys=0.00s Real=0.02s
[570.220s][info][gc,start       ] GC(1376) Pause Young (Normal) (G1 Evacuation Pause)
[570.220s][info][gc,task        ] GC(1376) Using 2 workers of 2 for evacuation
[570.251s][info][gc,phases      ] GC(1376)   Pre Evacuate Collection Set: 0.28ms
[570.251s][info][gc,phases      ] GC(1376)   Merge Heap Roots: 0.14ms
[570.251s][info][gc,phases      ] GC(1376)   Evacuate Collection Set: 29.68ms
[570.251s][info][gc,phases      ] GC(1376)   Post Evacuate Collection Set: 0.33ms
[570.251s][info][gc,phases      ] GC(1376)   Other: 0.08ms
[570.251s][info][gc,heap        ] GC(1376) Eden regions: 85->0(72)
[570.251s][info][gc,heap        ] GC(1376) Survivor regions: 14->13(13)
[570.251s][info][gc,heap        ] GC(1376) Old regions: 804->819
[570.251s][info][gc,heap        ] GC(1376) Humongous regions: 11->11
[570.251s][info][gc,metaspace   ] GC(1376) Metaspace: 19092K(19264K)->19092K(19264K) NonClass: 16428K(16512K)->16428K(16512K) Class: 2664K(2752K)->2664K(2752K)
[570.251s][info][gc             ] GC(1376) Pause Young (Normal) (G1 Evacuation Pause) 913M->842M(978M) 30.745ms
[570.251s][info][gc,cpu         ] GC(1376) User=0.06s Sys=0.00s Real=0.04s
[570.313s][info][gc,marking     ] GC(1371) Concurrent Mark From Roots 765.844ms
[570.313s][info][gc,marking     ] GC(1371) Concurrent Preclean
[570.314s][info][gc,marking     ] GC(1371) Concurrent Preclean 0.051ms
[570.314s][info][gc,start       ] GC(1371) Pause Remark
[570.321s][info][gc             ] GC(1371) Pause Remark 867M->427M(978M) 7.826ms
[570.322s][info][gc,cpu         ] GC(1371) User=0.01s Sys=0.00s Real=0.01s
[570.322s][info][gc,marking     ] GC(1371) Concurrent Mark 774.304ms
[570.322s][info][gc,marking     ] GC(1371) Concurrent Rebuild Remembered Sets and Scrub Regions
[570.436s][info][gc,start       ] GC(1377) Pause Young (Normal) (G1 Evacuation Pause)
[570.436s][info][gc,task        ] GC(1377) Using 2 workers of 2 for evacuation
[570.460s][info][gc,phases      ] GC(1377)   Pre Evacuate Collection Set: 0.51ms
[570.460s][info][gc,phases      ] GC(1377)   Merge Heap Roots: 0.22ms
[570.460s][info][gc,phases      ] GC(1377)   Evacuate Collection Set: 23.06ms
[570.460s][info][gc,phases      ] GC(1377)   Post Evacuate Collection Set: 0.34ms
[570.460s][info][gc,phases      ] GC(1377)   Other: 0.11ms
[570.460s][info][gc,heap        ] GC(1377) Eden regions: 72->0(404)
[570.460s][info][gc,heap        ] GC(1377) Survivor regions: 13->8(11)
[570.460s][info][gc,heap        ] GC(1377) Old regions: 386->400
[570.460s][info][gc,heap        ] GC(1377) Humongous regions: 4->4
[570.460s][info][gc,metaspace   ] GC(1377) Metaspace: 19092K(19264K)->19092K(19264K) NonClass: 16428K(16512K)->16428K(16512K) Class: 2664K(2752K)->2664K(2752K)
[570.460s][info][gc             ] GC(1377) Pause Young (Normal) (G1 Evacuation Pause) 474M->410M(978M) 24.452ms
[570.460s][info][gc,cpu         ] GC(1377) User=0.05s Sys=0.00s Real=0.02s
[570.640s][info][gc,marking     ] GC(1371) Concurrent Rebuild Remembered Sets and Scrub Regions 317.645ms
[570.640s][info][gc,start       ] GC(1371) Pause Cleanup
[570.640s][info][gc             ] GC(1371) Pause Cleanup 486M->486M(978M) 0.134ms
[570.640s][info][gc,cpu         ] GC(1371) User=0.00s Sys=0.00s Real=0.00s
[570.640s][info][gc,marking     ] GC(1371) Concurrent Clear Claimed Marks
[570.640s][info][gc,marking     ] GC(1371) Concurrent Clear Claimed Marks 0.038ms
[570.640s][info][gc,marking     ] GC(1371) Concurrent Cleanup for Next Mark
[570.645s][info][gc,marking     ] GC(1371) Concurrent Cleanup for Next Mark 4.917ms
[570.645s][info][gc             ] GC(1371) Concurrent Mark Cycle 1140.830ms
[571.479s][info][gc,start       ] GC(1378) Pause Young (Prepare Mixed) (G1 Evacuation Pause)
[571.479s][info][gc,task        ] GC(1378) Using 2 workers of 2 for evacuation
[571.508s][info][gc,phases      ] GC(1378)   Pre Evacuate Collection Set: 0.55ms
[571.508s][info][gc,phases      ] GC(1378)   Merge Heap Roots: 0.33ms
[571.508s][info][gc,phases      ] GC(1378)   Evacuate Collection Set: 27.44ms
[571.508s][info][gc,phases      ] GC(1378)   Post Evacuate Collection Set: 0.62ms
[571.508s][info][gc,phases      ] GC(1378)   Other: 0.12ms
[571.508s][info][gc,heap        ] GC(1378) Eden regions: 404->0(413)
[571.508s][info][gc,heap        ] GC(1378) Survivor regions: 8->21(52)
[571.508s][info][gc,heap        ] GC(1378) Old regions: 400->400
[571.508s][info][gc,heap        ] GC(1378) Humongous regions: 4->4
[571.508s][info][gc,metaspace   ] GC(1378) Metaspace: 19092K(19264K)->19092K(19264K) NonClass: 16428K(16512K)->16428K(16512K) Class: 2664K(2752K)->2664K(2752K)
[571.508s][info][gc             ] GC(1378) Pause Young (Prepare Mixed) (G1 Evacuation Pause) 814M->424M(978M) 29.307ms
[571.508s][info][gc,cpu         ] GC(1378) User=0.05s Sys=0.00s Real=0.03s
[572.279s][info][gc,start       ] GC(1379) Pause Young (Mixed) (G1 Evacuation Pause)
[572.279s][info][gc,task        ] GC(1379) Using 2 workers of 2 for evacuation
[572.361s][info][gc,phases      ] GC(1379)   Pre Evacuate Collection Set: 0.35ms
[572.361s][info][gc,phases      ] GC(1379)   Merge Heap Roots: 0.83ms
[572.361s][info][gc,phases      ] GC(1379)   Evacuate Collection Set: 79.38ms
[572.361s][info][gc,phases      ] GC(1379)   Post Evacuate Collection Set: 0.80ms
[572.361s][info][gc,phases      ] GC(1379)   Other: 0.10ms
[572.361s][info][gc,heap        ] GC(1379) Eden regions: 413->0(435)
[572.361s][info][gc,heap        ] GC(1379) Survivor regions: 21->55(55)
[572.361s][info][gc,heap        ] GC(1379) Old regions: 400->336
[572.361s][info][gc,heap        ] GC(1379) Humongous regions: 4->4
[572.361s][info][gc,metaspace   ] GC(1379) Metaspace: 19094K(19264K)->19094K(19264K) NonClass: 16430K(16512K)->16430K(16512K) Class: 2664K(2752K)->2664K(2752K)
[572.361s][info][gc             ] GC(1379) Pause Young (Mixed) (G1 Evacuation Pause) 837M->394M(978M) 81.706ms
[572.361s][info][gc,cpu         ] GC(1379) User=0.16s Sys=0.00s Real=0.09s
[572.780s][info][gc,start       ] GC(1380) Pause Young (Concurrent Start) (G1 Humongous Allocation)
[572.780s][info][gc,task        ] GC(1380) Using 2 workers of 2 for evacuation
[572.913s][info][gc,phases      ] GC(1380)   Pre Evacuate Collection Set: 0.35ms
[572.913s][info][gc,phases      ] GC(1380)   Merge Heap Roots: 0.27ms
[572.913s][info][gc,phases      ] GC(1380)   Evacuate Collection Set: 131.26ms
[572.913s][info][gc,phases      ] GC(1380)   Post Evacuate Collection Set: 0.89ms
[572.913s][info][gc,phases      ] GC(1380)   Other: 0.20ms
[572.913s][info][gc,heap        ] GC(1380) Eden regions: 403->0(363)
[572.913s][info][gc,heap        ] GC(1380) Survivor regions: 55->62(62)
[572.913s][info][gc,heap        ] GC(1380) Old regions: 336->402
[572.913s][info][gc,heap        ] GC(1380) Humongous regions: 4->4
[572.913s][info][gc,metaspace   ] GC(1380) Metaspace: 19094K(19264K)->19094K(19264K) NonClass: 16430K(16512K)->16430K(16512K) Class: 2664K(2752K)->2664K(2752K)
[572.913s][info][gc             ] GC(1380) Pause Young (Concurrent Start) (G1 Humongous Allocation) 797M->467M(978M) 133.236ms
[572.913s][info][gc             ] GC(1381) Concurrent Mark Cycle
[572.913s][info][gc,marking     ] GC(1381) Concurrent Scan Root Regions
[572.913s][info][gc,cpu         ] GC(1380) User=0.26s Sys=0.00s Real=0.14s
[573.060s][info][gc,marking     ] GC(1381) Concurrent Scan Root Regions 147.436ms
[573.060s][info][gc,marking     ] GC(1381) Concurrent Mark
[573.060s][info][gc,marking     ] GC(1381) Concurrent Mark From Roots
[573.060s][info][gc,task        ] GC(1381) Using 1 workers of 1 for marking
[573.355s][info][gc,start       ] GC(1382) Pause Young (Normal) (G1 Evacuation Pause)
[573.355s][info][gc,task        ] GC(1382) Using 2 workers of 2 for evacuation
[573.481s][info][gc,phases      ] GC(1382)   Pre Evacuate Collection Set: 0.30ms
[573.481s][info][gc,phases      ] GC(1382)   Merge Heap Roots: 0.40ms
[573.481s][info][gc,phases      ] GC(1382)   Evacuate Collection Set: 124.64ms
[573.481s][info][gc,phases      ] GC(1382)   Post Evacuate Collection Set: 0.69ms
[573.481s][info][gc,phases      ] GC(1382)   Other: 0.13ms
[573.481s][info][gc,heap        ] GC(1382) Eden regions: 363->0(329)
[573.481s][info][gc,heap        ] GC(1382) Survivor regions: 62->51(54)
[573.481s][info][gc,heap        ] GC(1382) Old regions: 402->465
[573.481s][info][gc,heap        ] GC(1382) Humongous regions: 7->7
[573.482s][info][gc,metaspace   ] GC(1382) Metaspace: 19094K(19264K)->19094K(19264K) NonClass: 16430K(16512K)->16430K(16512K) Class: 2664K(2752K)->2664K(2752K)
[573.482s][info][gc             ] GC(1382) Pause Young (Normal) (G1 Evacuation Pause) 833M->522M(978M) 126.408ms
[573.482s][info][gc,cpu         ] GC(1382) User=0.25s Sys=0.00s Real=0.13s
[573.925s][info][gc,start       ] GC(1383) Pause Young (Normal) (G1 Evacuation Pause)
[573.925s][info][gc,task        ] GC(1383) Using 2 workers of 2 for evacuation
[574.020s][info][gc,phases      ] GC(1383)   Pre Evacuate Collection Set: 0.30ms
[574.020s][info][gc,phases      ] GC(1383)   Merge Heap Roots: 0.31ms
[574.020s][info][gc,phases      ] GC(1383)   Evacuate Collection Set: 92.82ms
[574.020s][info][gc,phases      ] GC(1383)   Post Evacuate Collection Set: 0.61ms
[574.020s][info][gc,phases      ] GC(1383)   Other: 0.10ms
[574.020s][info][gc,heap        ] GC(1383) Eden regions: 329->0(304)
[574.020s][info][gc,heap        ] GC(1383) Survivor regions: 51->35(48)
[574.020s][info][gc,heap        ] GC(1383) Old regions: 465->516
[574.020s][info][gc,heap        ] GC(1383) Humongous regions: 8->8
[574.020s][info][gc,metaspace   ] GC(1383) Metaspace: 19094K(19264K)->19094K(19264K) NonClass: 16430K(16512K)->16430K(16512K) Class: 2664K(2752K)->2664K(2752K)
[574.020s][info][gc             ] GC(1383) Pause Young (Normal) (G1 Evacuation Pause) 852M->558M(978M) 94.432ms
[574.020s][info][gc,cpu         ] GC(1383) User=0.18s Sys=0.00s Real=0.09s
[574.140s][info][gc,marking     ] GC(1381) Concurrent Mark From Roots 1079.725ms
[574.140s][info][gc,marking     ] GC(1381) Concurrent Preclean
[574.140s][info][gc,marking     ] GC(1381) Concurrent Preclean 0.048ms
[574.140s][info][gc,start       ] GC(1381) Pause Remark
[574.148s][info][gc             ] GC(1381) Pause Remark 671M->662M(978M) 7.863ms
[574.148s][info][gc,cpu         ] GC(1381) User=0.01s Sys=0.00s Real=0.00s
[574.148s][info][gc,marking     ] GC(1381) Concurrent Mark 1087.968ms
[574.148s][info][gc,marking     ] GC(1381) Concurrent Rebuild Remembered Sets and Scrub Regions
[574.451s][info][gc,start       ] GC(1384) Pause Young (Normal) (G1 Evacuation Pause)
[574.451s][info][gc,task        ] GC(1384) Using 2 workers of 2 for evacuation
[574.515s][info][gc,phases      ] GC(1384)   Pre Evacuate Collection Set: 0.49ms
[574.515s][info][gc,phases      ] GC(1384)   Merge Heap Roots: 0.31ms
[574.515s][info][gc,phases      ] GC(1384)   Evacuate Collection Set: 62.26ms
[574.515s][info][gc,phases      ] GC(1384)   Post Evacuate Collection Set: 0.53ms
[574.515s][info][gc,phases      ] GC(1384)   Other: 0.10ms
[574.515s][info][gc,heap        ] GC(1384) Eden regions: 304->0(302)
[574.515s][info][gc,heap        ] GC(1384) Survivor regions: 35->22(43)
[574.515s][info][gc,heap        ] GC(1384) Old regions: 507->542
[574.515s][info][gc,heap        ] GC(1384) Humongous regions: 8->8
[574.515s][info][gc,metaspace   ] GC(1384) Metaspace: 19094K(19264K)->19094K(19264K) NonClass: 16430K(16512K)->16430K(16512K) Class: 2664K(2752K)->2664K(2752K)
[574.515s][info][gc             ] GC(1384) Pause Young (Normal) (G1 Evacuation Pause) 853M->571M(978M) 63.919ms
[574.515s][info][gc,cpu         ] GC(1384) User=0.13s Sys=0.00s Real=0.06s
[574.556s][info][gc,marking     ] GC(1381) Concurrent Rebuild Remembered Sets and Scrub Regions 407.273ms
[574.556s][info][gc,start       ] GC(1381) Pause Cleanup
[574.556s][info][gc             ] GC(1381) Pause Cleanup 608M->608M(978M) 0.086ms
[574.556s][info][gc,cpu         ] GC(1381) User=0.00s Sys=0.00s Real=0.00s
[574.556s][info][gc,marking     ] GC(1381) Concurrent Clear Claimed Marks
[574.556s][info][gc,marking     ] GC(1381) Concurrent Clear Claimed Marks 0.038ms
[574.556s][info][gc,marking     ] GC(1381) Concurrent Cleanup for Next Mark
[574.561s][info][gc,marking     ] GC(1381) Concurrent Cleanup for Next Mark 4.839ms
[574.561s][info][gc             ] GC(1381) Concurrent Mark Cycle 1648.068ms
[575.096s][info][gc,start       ] GC(1385) Pause Young (Prepare Mixed) (G1 Evacuation Pause)
[575.096s][info][gc,task        ] GC(1385) Using 2 workers of 2 for evacuation
[575.158s][info][gc,phases      ] GC(1385)   Pre Evacuate Collection Set: 0.56ms
[575.158s][info][gc,phases      ] GC(1385)   Merge Heap Roots: 0.46ms
[575.158s][info][gc,phases      ] GC(1385)   Evacuate Collection Set: 59.60ms
[575.158s][info][gc,phases      ] GC(1385)   Post Evacuate Collection Set: 0.60ms
[575.158s][info][gc,phases      ] GC(1385)   Other: 0.10ms
[575.158s][info][gc,heap        ] GC(1385) Eden regions: 302->0(286)
[575.158s][info][gc,heap        ] GC(1385) Survivor regions: 22->29(41)
[575.158s][info][gc,heap        ] GC(1385) Old regions: 542->563
[575.158s][info][gc,heap        ] GC(1385) Humongous regions: 8->8
[575.158s][info][gc,metaspace   ] GC(1385) Metaspace: 19094K(19264K)->19094K(19264K) NonClass: 16430K(16512K)->16430K(16512K) Class: 2664K(2752K)->2664K(2752K)
[575.158s][info][gc             ] GC(1385) Pause Young (Prepare Mixed) (G1 Evacuation Pause) 873M->599M(978M) 61.552ms
[575.158s][info][gc,cpu         ] GC(1385) User=0.12s Sys=0.00s Real=0.06s
[575.467s][info][gc,start       ] GC(1386) Pause Young (Mixed) (G1 Evacuation Pause)
[575.467s][info][gc,task        ] GC(1386) Using 2 workers of 2 for evacuation
[575.543s][info][gc,phases      ] GC(1386)   Pre Evacuate Collection Set: 0.32ms
[575.543s][info][gc,phases      ] GC(1386)   Merge Heap Roots: 0.19ms
[575.543s][info][gc,phases      ] GC(1386)   Evacuate Collection Set: 74.48ms
[575.543s][info][gc,phases      ] GC(1386)   Post Evacuate Collection Set: 0.67ms
[575.543s][info][gc,phases      ] GC(1386)   Other: 0.11ms
[575.543s][info][gc,heap        ] GC(1386) Eden regions: 286->0(237)
[575.543s][info][gc,heap        ] GC(1386) Survivor regions: 29->40(40)
[575.543s][info][gc,heap        ] GC(1386) Old regions: 563->595
[575.543s][info][gc,heap        ] GC(1386) Humongous regions: 8->8
[575.543s][info][gc,metaspace   ] GC(1386) Metaspace: 19094K(19264K)->19094K(19264K) NonClass: 16430K(16512K)->16430K(16512K) Class: 2664K(2752K)->2664K(2752K)
[575.543s][info][gc             ] GC(1386) Pause Young (Mixed) (G1 Evacuation Pause) 885M->642M(978M) 75.996ms
[575.543s][info][gc,cpu         ] GC(1386) User=0.15s Sys=0.00s Real=0.08s
[575.851s][info][gc,start       ] GC(1387) Pause Young (Concurrent Start) (G1 Evacuation Pause)
[575.851s][info][gc,task        ] GC(1387) Using 2 workers of 2 for evacuation
[575.915s][info][gc,phases      ] GC(1387)   Pre Evacuate Collection Set: 0.36ms
[575.915s][info][gc,phases      ] GC(1387)   Merge Heap Roots: 0.27ms
[575.915s][info][gc,phases      ] GC(1387)   Evacuate Collection Set: 62.24ms
[575.915s][info][gc,phases      ] GC(1387)   Post Evacuate Collection Set: 0.61ms
[575.915s][info][gc,phases      ] GC(1387)   Other: 0.22ms
[575.915s][info][gc,heap        ] GC(1387) Eden regions: 237->0(212)
[575.915s][info][gc,heap        ] GC(1387) Survivor regions: 40->31(35)
[575.915s][info][gc,heap        ] GC(1387) Old regions: 595->635
[575.915s][info][gc,heap        ] GC(1387) Humongous regions: 8->8
[575.915s][info][gc,metaspace   ] GC(1387) Metaspace: 19094K(19264K)->19094K(19264K) NonClass: 16430K(16512K)->16430K(16512K) Class: 2664K(2752K)->2664K(2752K)
[575.915s][info][gc             ] GC(1387) Pause Young (Concurrent Start) (G1 Evacuation Pause) 879M->673M(978M) 63.950ms
[575.915s][info][gc,cpu         ] GC(1387) User=0.13s Sys=0.00s Real=0.06s
[575.915s][info][gc             ] GC(1388) Concurrent Mark Cycle
[575.915s][info][gc,marking     ] GC(1388) Concurrent Scan Root Regions
[575.986s][info][gc,marking     ] GC(1388) Concurrent Scan Root Regions 70.814ms
[575.986s][info][gc,marking     ] GC(1388) Concurrent Mark
[575.986s][info][gc,marking     ] GC(1388) Concurrent Mark From Roots
[575.986s][info][gc,task        ] GC(1388) Using 1 workers of 1 for marking
[576.325s][info][gc,start       ] GC(1389) Pause Young (Normal) (G1 Evacuation Pause)
[576.325s][info][gc,task        ] GC(1389) Using 2 workers of 2 for evacuation
[576.415s][info][gc,phases      ] GC(1389)   Pre Evacuate Collection Set: 0.32ms
[576.415s][info][gc,phases      ] GC(1389)   Merge Heap Roots: 0.27ms
[576.415s][info][gc,phases      ] GC(1389)   Evacuate Collection Set: 88.65ms
[576.415s][info][gc,phases      ] GC(1389)   Post Evacuate Collection Set: 0.49ms
[576.415s][info][gc,phases      ] GC(1389)   Other: 0.11ms
[576.415s][info][gc,heap        ] GC(1389) Eden regions: 212->0(167)
[576.415s][info][gc,heap        ] GC(1389) Survivor regions: 31->31(31)
[576.415s][info][gc,heap        ] GC(1389) Old regions: 635->685
[576.415s][info][gc,heap        ] GC(1389) Humongous regions: 11->11
[576.416s][info][gc,metaspace   ] GC(1389) Metaspace: 19094K(19264K)->19094K(19264K) NonClass: 16430K(16512K)->16430K(16512K) Class: 2664K(2752K)->2664K(2752K)
[576.416s][info][gc             ] GC(1389) Pause Young (Normal) (G1 Evacuation Pause) 888M->726M(978M) 90.123ms
[576.416s][info][gc,cpu         ] GC(1389) User=0.18s Sys=0.00s Real=0.09s
[576.680s][info][gc,start       ] GC(1390) Pause Young (Normal) (G1 Evacuation Pause)
[576.680s][info][gc,task        ] GC(1390) Using 2 workers of 2 for evacuation
[576.723s][info][gc,phases      ] GC(1390)   Pre Evacuate Collection Set: 0.31ms
[576.723s][info][gc,phases      ] GC(1390)   Merge Heap Roots: 0.23ms
[576.723s][info][gc,phases      ] GC(1390)   Evacuate Collection Set: 42.35ms
[576.723s][info][gc,phases      ] GC(1390)   Post Evacuate Collection Set: 0.40ms
[576.723s][info][gc,phases      ] GC(1390)   Other: 0.07ms
[576.723s][info][gc,heap        ] GC(1390) Eden regions: 167->0(174)
[576.723s][info][gc,heap        ] GC(1390) Survivor regions: 31->5(25)
[576.723s][info][gc,heap        ] GC(1390) Old regions: 685->716
[576.723s][info][gc,heap        ] GC(1390) Humongous regions: 11->11
[576.723s][info][gc,metaspace   ] GC(1390) Metaspace: 19094K(19264K)->19094K(19264K) NonClass: 16430K(16512K)->16430K(16512K) Class: 2664K(2752K)->2664K(2752K)
[576.723s][info][gc             ] GC(1390) Pause Young (Normal) (G1 Evacuation Pause) 893M->731M(978M) 43.614ms
[576.723s][info][gc,cpu         ] GC(1390) User=0.09s Sys=0.00s Real=0.05s
[577.099s][info][gc,start       ] GC(1391) Pause Young (Normal) (G1 Evacuation Pause)
[577.099s][info][gc,task        ] GC(1391) Using 2 workers of 2 for evacuation
[577.126s][info][gc,phases      ] GC(1391)   Pre Evacuate Collection Set: 0.52ms
[577.126s][info][gc,phases      ] GC(1391)   Merge Heap Roots: 0.54ms
[577.126s][info][gc,phases      ] GC(1391)   Evacuate Collection Set: 25.97ms
[577.126s][info][gc,phases      ] GC(1391)   Post Evacuate Collection Set: 0.41ms
[577.126s][info][gc,phases      ] GC(1391)   Other: 0.10ms
[577.126s][info][gc,heap        ] GC(1391) Eden regions: 174->0(179)
[577.126s][info][gc,heap        ] GC(1391) Survivor regions: 5->9(23)
[577.126s][info][gc,heap        ] GC(1391) Old regions: 716->716
[577.126s][info][gc,heap        ] GC(1391) Humongous regions: 11->11
[577.126s][info][gc,metaspace   ] GC(1391) Metaspace: 19094K(19264K)->19094K(19264K) NonClass: 16430K(16512K)->16430K(16512K) Class: 2664K(2752K)->2664K(2752K)
[577.126s][info][gc             ] GC(1391) Pause Young (Normal) (G1 Evacuation Pause) 905M->735M(978M) 27.825ms
[577.126s][info][gc,cpu         ] GC(1391) User=0.05s Sys=0.00s Real=0.03s
[577.152s][info][gc,marking     ] GC(1388) Concurrent Mark From Roots 1165.945ms
[577.152s][info][gc,marking     ] GC(1388) Concurrent Preclean
[577.152s][info][gc,marking     ] GC(1388) Concurrent Preclean 0.049ms
[577.152s][info][gc,start       ] GC(1388) Pause Remark
[577.160s][info][gc             ] GC(1388) Pause Remark 757M->666M(978M) 7.892ms
[577.160s][info][gc,cpu         ] GC(1388) User=0.02s Sys=0.00s Real=0.00s
[577.160s][info][gc,marking     ] GC(1388) Concurrent Mark 1174.527ms
[577.160s][info][gc,marking     ] GC(1388) Concurrent Rebuild Remembered Sets and Scrub Regions
[577.521s][info][gc,start       ] GC(1392) Pause Young (Normal) (G1 Evacuation Pause)
[577.521s][info][gc,task        ] GC(1392) Using 2 workers of 2 for evacuation
[577.549s][info][gc,phases      ] GC(1392)   Pre Evacuate Collection Set: 0.47ms
[577.549s][info][gc,phases      ] GC(1392)   Merge Heap Roots: 0.18ms
[577.549s][info][gc,phases      ] GC(1392)   Evacuate Collection Set: 26.63ms
[577.549s][info][gc,phases      ] GC(1392)   Post Evacuate Collection Set: 0.44ms
[577.549s][info][gc,phases      ] GC(1392)   Other: 0.10ms
[577.549s][info][gc,heap        ] GC(1392) Eden regions: 179->0(227)
[577.549s][info][gc,heap        ] GC(1392) Survivor regions: 9->24(24)
[577.549s][info][gc,heap        ] GC(1392) Old regions: 629->629
[577.549s][info][gc,heap        ] GC(1392) Humongous regions: 7->7
[577.549s][info][gc,metaspace   ] GC(1392) Metaspace: 19094K(19264K)->19094K(19264K) NonClass: 16430K(16512K)->16430K(16512K) Class: 2664K(2752K)->2664K(2752K)
[577.549s][info][gc             ] GC(1392) Pause Young (Normal) (G1 Evacuation Pause) 823M->659M(978M) 28.034ms
[577.549s][info][gc,cpu         ] GC(1392) User=0.06s Sys=0.00s Real=0.02s
[577.681s][info][gc,start       ] GC(1393) Pause Young (Normal) (G1 Evacuation Pause)
[577.681s][info][gc,task        ] GC(1393) Using 2 workers of 2 for evacuation
[577.787s][info][gc,phases      ] GC(1393)   Pre Evacuate Collection Set: 0.27ms
[577.787s][info][gc,phases      ] GC(1393)   Merge Heap Roots: 0.26ms
[577.787s][info][gc,phases      ] GC(1393)   Evacuate Collection Set: 99.99ms
[577.787s][info][gc,phases      ] GC(1393)   Post Evacuate Collection Set: 5.34ms
[577.787s][info][gc,phases      ] GC(1393)   Other: 0.09ms
[577.787s][info][gc,heap        ] GC(1393) Eden regions: 227->0(98)
[577.787s][info][gc,heap        ] GC(1393) Survivor regions: 24->32(32)
[577.787s][info][gc,heap        ] GC(1393) Old regions: 629->759
[577.787s][info][gc,heap        ] GC(1393) Humongous regions: 7->7
[577.787s][info][gc,metaspace   ] GC(1393) Metaspace: 19094K(19264K)->19094K(19264K) NonClass: 16430K(16512K)->16430K(16512K) Class: 2664K(2752K)->2664K(2752K)
[577.787s][info][gc             ] GC(1393) Pause Young (Normal) (G1 Evacuation Pause) (Evacuation Failure: Allocation) 886M->797M(978M) 106.168ms
[577.787s][info][gc,cpu         ] GC(1393) User=0.21s Sys=0.00s Real=0.10s
[577.863s][info][gc,marking     ] GC(1388) Concurrent Rebuild Remembered Sets and Scrub Regions 703.082ms
[577.865s][info][gc,start       ] GC(1388) Pause Cleanup
[577.866s][info][gc             ] GC(1388) Pause Cleanup 811M->811M(978M) 0.169ms
[577.866s][info][gc,cpu         ] GC(1388) User=0.00s Sys=0.00s Real=0.00s
[577.867s][info][gc,marking     ] GC(1388) Concurrent Clear Claimed Marks
[577.867s][info][gc,marking     ] GC(1388) Concurrent Clear Claimed Marks 0.058ms
[577.867s][info][gc,marking     ] GC(1388) Concurrent Cleanup for Next Mark
[577.872s][info][gc,marking     ] GC(1388) Concurrent Cleanup for Next Mark 4.837ms
[577.872s][info][gc             ] GC(1388) Concurrent Mark Cycle 1957.597ms
[578.038s][info][gc,start       ] GC(1394) Pause Young (Prepare Mixed) (G1 Evacuation Pause)
[578.039s][info][gc,task        ] GC(1394) Using 2 workers of 2 for evacuation
[578.104s][info][gc,phases      ] GC(1394)   Pre Evacuate Collection Set: 0.34ms
[578.104s][info][gc,phases      ] GC(1394)   Merge Heap Roots: 0.53ms
[578.104s][info][gc,phases      ] GC(1394)   Evacuate Collection Set: 64.08ms
[578.104s][info][gc,phases      ] GC(1394)   Post Evacuate Collection Set: 0.50ms
[578.104s][info][gc,phases      ] GC(1394)   Other: 0.09ms
[578.104s][info][gc,heap        ] GC(1394) Eden regions: 98->0(158)
[578.104s][info][gc,heap        ] GC(1394) Survivor regions: 32->6(17)
[578.104s][info][gc,heap        ] GC(1394) Old regions: 759->737
[578.104s][info][gc,heap        ] GC(1394) Humongous regions: 7->7
[578.104s][info][gc,metaspace   ] GC(1394) Metaspace: 19094K(19264K)->19094K(19264K) NonClass: 16430K(16512K)->16430K(16512K) Class: 2664K(2752K)->2664K(2752K)
[578.104s][info][gc             ] GC(1394) Pause Young (Prepare Mixed) (G1 Evacuation Pause) 895M->749M(978M) 65.787ms
[578.104s][info][gc,cpu         ] GC(1394) User=0.13s Sys=0.00s Real=0.07s
[578.347s][info][gc,start       ] GC(1395) Pause Young (Mixed) (G1 Evacuation Pause)
[578.347s][info][gc,task        ] GC(1395) Using 2 workers of 2 for evacuation
[578.413s][info][gc,phases      ] GC(1395)   Pre Evacuate Collection Set: 0.41ms
[578.413s][info][gc,phases      ] GC(1395)   Merge Heap Roots: 0.50ms
[578.413s][info][gc,phases      ] GC(1395)   Evacuate Collection Set: 63.74ms
[578.413s][info][gc,phases      ] GC(1395)   Post Evacuate Collection Set: 0.69ms
[578.413s][info][gc,phases      ] GC(1395)   Other: 0.09ms
[578.413s][info][gc,heap        ] GC(1395) Eden regions: 158->0(188)
[578.413s][info][gc,heap        ] GC(1395) Survivor regions: 6->21(21)
[578.413s][info][gc,heap        ] GC(1395) Old regions: 737->660
[578.413s][info][gc,heap        ] GC(1395) Humongous regions: 10->10
[578.413s][info][gc,metaspace   ] GC(1395) Metaspace: 19094K(19264K)->19094K(19264K) NonClass: 16430K(16512K)->16430K(16512K) Class: 2664K(2752K)->2664K(2752K)
[578.413s][info][gc             ] GC(1395) Pause Young (Mixed) (G1 Evacuation Pause) 910M->690M(978M) 65.729ms
[578.413s][info][gc,cpu         ] GC(1395) User=0.13s Sys=0.00s Real=0.07s
[578.620s][info][gc,start       ] GC(1396) Pause Young (Mixed) (G1 Evacuation Pause)
[578.620s][info][gc,task        ] GC(1396) Using 2 workers of 2 for evacuation
[578.737s][info][gc,phases      ] GC(1396)   Pre Evacuate Collection Set: 0.33ms
[578.737s][info][gc,phases      ] GC(1396)   Merge Heap Roots: 1.21ms
[578.737s][info][gc,phases      ] GC(1396)   Evacuate Collection Set: 114.12ms
[578.737s][info][gc,phases      ] GC(1396)   Post Evacuate Collection Set: 0.56ms
[578.737s][info][gc,phases      ] GC(1396)   Other: 0.10ms
[578.737s][info][gc,heap        ] GC(1396) Eden regions: 188->0(197)
[578.737s][info][gc,heap        ] GC(1396) Survivor regions: 21->24(27)
[578.737s][info][gc,heap        ] GC(1396) Old regions: 660->645
[578.737s][info][gc,heap        ] GC(1396) Humongous regions: 10->10
[578.737s][info][gc,metaspace   ] GC(1396) Metaspace: 19094K(19264K)->19094K(19264K) NonClass: 16430K(16512K)->16430K(16512K) Class: 2664K(2752K)->2664K(2752K)
[578.737s][info][gc             ] GC(1396) Pause Young (Mixed) (G1 Evacuation Pause) 878M->678M(978M) 116.577ms
[578.737s][info][gc,cpu         ] GC(1396) User=0.23s Sys=0.00s Real=0.11s
[578.946s][info][gc,start       ] GC(1397) Pause Young (Concurrent Start) (G1 Evacuation Pause)
[578.946s][info][gc,task        ] GC(1397) Using 2 workers of 2 for evacuation
[578.978s][info][gc,phases      ] GC(1397)   Pre Evacuate Collection Set: 0.38ms
[578.978s][info][gc,phases      ] GC(1397)   Merge Heap Roots: 0.21ms
[578.978s][info][gc,phases      ] GC(1397)   Evacuate Collection Set: 30.82ms
[578.978s][info][gc,phases      ] GC(1397)   Post Evacuate Collection Set: 0.62ms
[578.978s][info][gc,phases      ] GC(1397)   Other: 0.10ms
[578.978s][info][gc,heap        ] GC(1397) Eden regions: 197->0(209)
[578.978s][info][gc,heap        ] GC(1397) Survivor regions: 24->2(28)
[578.978s][info][gc,heap        ] GC(1397) Old regions: 645->669
[578.978s][info][gc,heap        ] GC(1397) Humongous regions: 10->10
[578.978s][info][gc,metaspace   ] GC(1397) Metaspace: 19094K(19264K)->19094K(19264K) NonClass: 16430K(16512K)->16430K(16512K) Class: 2664K(2752K)->2664K(2752K)
[578.978s][info][gc             ] GC(1397) Pause Young (Concurrent Start) (G1 Evacuation Pause) 875M->680M(978M) 32.399ms
[578.978s][info][gc             ] GC(1398) Concurrent Mark Cycle
[578.978s][info][gc,marking     ] GC(1398) Concurrent Scan Root Regions
[578.979s][info][gc,cpu         ] GC(1397) User=0.06s Sys=0.00s Real=0.03s
[579.026s][info][gc,marking     ] GC(1398) Concurrent Scan Root Regions 47.429ms
[579.026s][info][gc,marking     ] GC(1398) Concurrent Mark
[579.026s][info][gc,marking     ] GC(1398) Concurrent Mark From Roots
[579.026s][info][gc,task        ] GC(1398) Using 1 workers of 1 for marking
[579.425s][info][gc,start       ] GC(1399) Pause Young (Normal) (G1 Evacuation Pause)
[579.426s][info][gc,task        ] GC(1399) Using 2 workers of 2 for evacuation
[579.443s][info][gc,phases      ] GC(1399)   Pre Evacuate Collection Set: 0.31ms
[579.443s][info][gc,phases      ] GC(1399)   Merge Heap Roots: 0.15ms
[579.443s][info][gc,phases      ] GC(1399)   Evacuate Collection Set: 16.72ms
[579.443s][info][gc,phases      ] GC(1399)   Post Evacuate Collection Set: 0.42ms
[579.443s][info][gc,phases      ] GC(1399)   Other: 0.08ms
[579.443s][info][gc,heap        ] GC(1399) Eden regions: 209->0(208)
[579.443s][info][gc,heap        ] GC(1399) Survivor regions: 2->14(27)
[579.443s][info][gc,heap        ] GC(1399) Old regions: 669->669
[579.443s][info][gc,heap        ] GC(1399) Humongous regions: 10->10
[579.443s][info][gc,metaspace   ] GC(1399) Metaspace: 19094K(19264K)->19094K(19264K) NonClass: 16430K(16512K)->16430K(16512K) Class: 2664K(2752K)->2664K(2752K)
[579.443s][info][gc             ] GC(1399) Pause Young (Normal) (G1 Evacuation Pause) 889M->692M(978M) 17.938ms
[579.443s][info][gc,cpu         ] GC(1399) User=0.04s Sys=0.00s Real=0.02s
[580.061s][info][gc,start       ] GC(1400) Pause Young (Normal) (G1 Evacuation Pause)
[580.062s][info][gc,task        ] GC(1400) Using 2 workers of 2 for evacuation
[580.099s][info][gc,phases      ] GC(1400)   Pre Evacuate Collection Set: 0.31ms
[580.099s][info][gc,phases      ] GC(1400)   Merge Heap Roots: 0.25ms
[580.099s][info][gc,phases      ] GC(1400)   Evacuate Collection Set: 36.03ms
[580.099s][info][gc,phases      ] GC(1400)   Post Evacuate Collection Set: 0.48ms
[580.099s][info][gc,phases      ] GC(1400)   Other: 0.08ms
[580.099s][info][gc,heap        ] GC(1400) Eden regions: 208->0(190)
[580.099s][info][gc,heap        ] GC(1400) Survivor regions: 14->28(28)
[580.099s][info][gc,heap        ] GC(1400) Old regions: 669->672
[580.099s][info][gc,heap        ] GC(1400) Humongous regions: 10->10
[580.099s][info][gc,metaspace   ] GC(1400) Metaspace: 19094K(19264K)->19094K(19264K) NonClass: 16430K(16512K)->16430K(16512K) Class: 2664K(2752K)->2664K(2752K)
[580.099s][info][gc             ] GC(1400) Pause Young (Normal) (G1 Evacuation Pause) 900M->709M(978M) 37.395ms
[580.099s][info][gc,cpu         ] GC(1400) User=0.07s Sys=0.00s Real=0.03s
[580.557s][info][gc,marking     ] GC(1398) Concurrent Mark From Roots 1531.141ms
[580.557s][info][gc,marking     ] GC(1398) Concurrent Preclean
[580.557s][info][gc,marking     ] GC(1398) Concurrent Preclean 0.053ms
[580.557s][info][gc,start       ] GC(1398) Pause Remark
[580.565s][info][gc             ] GC(1398) Pause Remark 840M->736M(978M) 7.839ms
[580.565s][info][gc,cpu         ] GC(1398) User=0.02s Sys=0.00s Real=0.01s
[580.569s][info][gc,marking     ] GC(1398) Concurrent Mark 1543.410ms
[580.569s][info][gc,marking     ] GC(1398) Concurrent Rebuild Remembered Sets and Scrub Regions
[580.800s][info][gc,start       ] GC(1401) Pause Young (Normal) (G1 Evacuation Pause)
[580.800s][info][gc,task        ] GC(1401) Using 2 workers of 2 for evacuation
[580.830s][info][gc,phases      ] GC(1401)   Pre Evacuate Collection Set: 0.52ms
[580.830s][info][gc,phases      ] GC(1401)   Merge Heap Roots: 0.21ms
[580.830s][info][gc,phases      ] GC(1401)   Evacuate Collection Set: 28.87ms
[580.830s][info][gc,phases      ] GC(1401)   Post Evacuate Collection Set: 0.41ms
[580.830s][info][gc,phases      ] GC(1401)   Other: 0.09ms
[580.830s][info][gc,heap        ] GC(1401) Eden regions: 190->0(281)
[580.830s][info][gc,heap        ] GC(1401) Survivor regions: 28->1(28)
[580.830s][info][gc,heap        ] GC(1401) Old regions: 572->601
[580.830s][info][gc,heap        ] GC(1401) Humongous regions: 6->6
[580.830s][info][gc,metaspace   ] GC(1401) Metaspace: 19094K(19264K)->19094K(19264K) NonClass: 16430K(16512K)->16430K(16512K) Class: 2664K(2752K)->2664K(2752K)
[580.830s][info][gc             ] GC(1401) Pause Young (Normal) (G1 Evacuation Pause) 795M->607M(978M) 30.325ms
[580.830s][info][gc,cpu         ] GC(1401) User=0.06s Sys=0.00s Real=0.04s
[581.032s][info][gc,marking     ] GC(1398) Concurrent Rebuild Remembered Sets and Scrub Regions 462.970ms
[581.033s][info][gc,start       ] GC(1398) Pause Cleanup
[581.033s][info][gc             ] GC(1398) Pause Cleanup 671M->671M(978M) 0.149ms
[581.033s][info][gc,cpu         ] GC(1398) User=0.00s Sys=0.00s Real=0.00s
[581.033s][info][gc,marking     ] GC(1398) Concurrent Clear Claimed Marks
[581.033s][info][gc,marking     ] GC(1398) Concurrent Clear Claimed Marks 0.040ms
[581.033s][info][gc,marking     ] GC(1398) Concurrent Cleanup for Next Mark
[581.040s][info][gc,marking     ] GC(1398) Concurrent Cleanup for Next Mark 6.871ms
[581.040s][info][gc             ] GC(1398) Concurrent Mark Cycle 2061.331ms
[581.507s][info][gc,start       ] GC(1402) Pause Young (Prepare Mixed) (G1 Evacuation Pause)
[581.507s][info][gc,task        ] GC(1402) Using 2 workers of 2 for evacuation
[581.520s][info][gc,phases      ] GC(1402)   Pre Evacuate Collection Set: 0.53ms
[581.520s][info][gc,phases      ] GC(1402)   Merge Heap Roots: 0.40ms
[581.520s][info][gc,phases      ] GC(1402)   Evacuate Collection Set: 11.80ms
[581.520s][info][gc,phases      ] GC(1402)   Post Evacuate Collection Set: 0.49ms
[581.520s][info][gc,phases      ] GC(1402)   Other: 0.14ms
[581.520s][info][gc,heap        ] GC(1402) Eden regions: 281->0(295)
[581.520s][info][gc,heap        ] GC(1402) Survivor regions: 1->1(36)
[581.520s][info][gc,heap        ] GC(1402) Old regions: 601->601
[581.520s][info][gc,heap        ] GC(1402) Humongous regions: 6->6
[581.520s][info][gc,metaspace   ] GC(1402) Metaspace: 19094K(19264K)->19094K(19264K) NonClass: 16430K(16512K)->16430K(16512K) Class: 2664K(2752K)->2664K(2752K)
[581.520s][info][gc             ] GC(1402) Pause Young (Prepare Mixed) (G1 Evacuation Pause) 888M->607M(978M) 13.562ms
[581.520s][info][gc,cpu         ] GC(1402) User=0.03s Sys=0.00s Real=0.02s
[581.855s][info][gc,start       ] GC(1403) Pause Young (Mixed) (G1 Evacuation Pause)
[581.855s][info][gc,task        ] GC(1403) Using 2 workers of 2 for evacuation
[581.923s][info][gc,phases      ] GC(1403)   Pre Evacuate Collection Set: 0.55ms
[581.923s][info][gc,phases      ] GC(1403)   Merge Heap Roots: 0.17ms
[581.923s][info][gc,phases      ] GC(1403)   Evacuate Collection Set: 66.22ms
[581.923s][info][gc,phases      ] GC(1403)   Post Evacuate Collection Set: 0.79ms
[581.923s][info][gc,phases      ] GC(1403)   Other: 0.10ms
[581.923s][info][gc,heap        ] GC(1403) Eden regions: 295->0(247)
[581.923s][info][gc,heap        ] GC(1403) Survivor regions: 1->37(37)
[581.923s][info][gc,heap        ] GC(1403) Old regions: 601->591
[581.923s][info][gc,heap        ] GC(1403) Humongous regions: 6->6
[581.923s][info][gc,metaspace   ] GC(1403) Metaspace: 19094K(19264K)->19094K(19264K) NonClass: 16430K(16512K)->16430K(16512K) Class: 2664K(2752K)->2664K(2752K)
[581.923s][info][gc             ] GC(1403) Pause Young (Mixed) (G1 Evacuation Pause) 902M->633M(978M) 68.080ms
[581.923s][info][gc,cpu         ] GC(1403) User=0.13s Sys=0.00s Real=0.07s
[582.062s][info][gc,start       ] GC(1404) Pause Young (Concurrent Start) (G1 Humongous Allocation)
[582.062s][info][gc,task        ] GC(1404) Using 2 workers of 2 for evacuation
[582.117s][info][gc,phases      ] GC(1404)   Pre Evacuate Collection Set: 0.29ms
[582.117s][info][gc,phases      ] GC(1404)   Merge Heap Roots: 0.44ms
[582.117s][info][gc,phases      ] GC(1404)   Evacuate Collection Set: 53.27ms
[582.117s][info][gc,phases      ] GC(1404)   Post Evacuate Collection Set: 0.51ms
[582.117s][info][gc,phases      ] GC(1404)   Other: 0.11ms
[582.117s][info][gc,heap        ] GC(1404) Eden regions: 102->0(252)
[582.117s][info][gc,heap        ] GC(1404) Survivor regions: 37->7(36)
[582.117s][info][gc,heap        ] GC(1404) Old regions: 591->628
[582.117s][info][gc,heap        ] GC(1404) Humongous regions: 6->6
[582.117s][info][gc,metaspace   ] GC(1404) Metaspace: 19094K(19264K)->19094K(19264K) NonClass: 16430K(16512K)->16430K(16512K) Class: 2664K(2752K)->2664K(2752K)
[582.117s][info][gc             ] GC(1404) Pause Young (Concurrent Start) (G1 Humongous Allocation) 735M->640M(978M) 54.878ms
[582.117s][info][gc,cpu         ] GC(1404) User=0.11s Sys=0.00s Real=0.05s
[582.117s][info][gc             ] GC(1405) Concurrent Mark Cycle
[582.117s][info][gc,marking     ] GC(1405) Concurrent Scan Root Regions
[582.166s][info][gc,marking     ] GC(1405) Concurrent Scan Root Regions 49.531ms
[582.166s][info][gc,marking     ] GC(1405) Concurrent Mark
[582.166s][info][gc,marking     ] GC(1405) Concurrent Mark From Roots
[582.166s][info][gc,task        ] GC(1405) Using 1 workers of 1 for marking
[582.609s][info][gc,start       ] GC(1406) Pause Young (Normal) (G1 Evacuation Pause)
[582.609s][info][gc,task        ] GC(1406) Using 2 workers of 2 for evacuation
[582.690s][info][gc,phases      ] GC(1406)   Pre Evacuate Collection Set: 0.32ms
[582.690s][info][gc,phases      ] GC(1406)   Merge Heap Roots: 0.34ms
[582.690s][info][gc,phases      ] GC(1406)   Evacuate Collection Set: 79.50ms
[582.690s][info][gc,phases      ] GC(1406)   Post Evacuate Collection Set: 0.64ms
[582.690s][info][gc,phases      ] GC(1406)   Other: 0.10ms
[582.690s][info][gc,heap        ] GC(1406) Eden regions: 252->0(201)
[582.690s][info][gc,heap        ] GC(1406) Survivor regions: 7->33(33)
[582.690s][info][gc,heap        ] GC(1406) Old regions: 628->652
[582.690s][info][gc,heap        ] GC(1406) Humongous regions: 9->9
[582.690s][info][gc,metaspace   ] GC(1406) Metaspace: 19094K(19264K)->19094K(19264K) NonClass: 16430K(16512K)->16430K(16512K) Class: 2664K(2752K)->2664K(2752K)
[582.690s][info][gc             ] GC(1406) Pause Young (Normal) (G1 Evacuation Pause) 895M->693M(978M) 81.185ms
[582.690s][info][gc,cpu         ] GC(1406) User=0.16s Sys=0.00s Real=0.09s
[583.038s][info][gc,start       ] GC(1407) Pause Young (Normal) (G1 Evacuation Pause)
[583.038s][info][gc,task        ] GC(1407) Using 2 workers of 2 for evacuation
[583.094s][info][gc,phases      ] GC(1407)   Pre Evacuate Collection Set: 0.55ms
[583.094s][info][gc,phases      ] GC(1407)   Merge Heap Roots: 0.51ms
[583.094s][info][gc,phases      ] GC(1407)   Evacuate Collection Set: 54.11ms
[583.094s][info][gc,phases      ] GC(1407)   Post Evacuate Collection Set: 0.44ms
[583.094s][info][gc,phases      ] GC(1407)   Other: 0.09ms
[583.094s][info][gc,heap        ] GC(1407) Eden regions: 201->0(212)
[583.094s][info][gc,heap        ] GC(1407) Survivor regions: 33->2(30)
[583.094s][info][gc,heap        ] GC(1407) Old regions: 652->686
[583.094s][info][gc,heap        ] GC(1407) Humongous regions: 9->9
[583.094s][info][gc,metaspace   ] GC(1407) Metaspace: 19094K(19264K)->19094K(19264K) NonClass: 16430K(16512K)->16430K(16512K) Class: 2664K(2752K)->2664K(2752K)
[583.094s][info][gc             ] GC(1407) Pause Young (Normal) (G1 Evacuation Pause) 894M->695M(978M) 55.933ms
[583.094s][info][gc,cpu         ] GC(1407) User=0.11s Sys=0.00s Real=0.06s
[583.517s][info][gc,start       ] GC(1408) Pause Young (Normal) (G1 Evacuation Pause)
[583.517s][info][gc,task        ] GC(1408) Using 2 workers of 2 for evacuation
[583.539s][info][gc,phases      ] GC(1408)   Pre Evacuate Collection Set: 0.50ms
[583.539s][info][gc,phases      ] GC(1408)   Merge Heap Roots: 0.44ms
[583.539s][info][gc,phases      ] GC(1408)   Evacuate Collection Set: 21.06ms
[583.539s][info][gc,phases      ] GC(1408)   Post Evacuate Collection Set: 0.41ms
[583.539s][info][gc,phases      ] GC(1408)   Other: 0.09ms
[583.539s][info][gc,heap        ] GC(1408) Eden regions: 212->0(216)
[583.539s][info][gc,heap        ] GC(1408) Survivor regions: 2->7(27)
[583.539s][info][gc,heap        ] GC(1408) Old regions: 686->686
[583.539s][info][gc,heap        ] GC(1408) Humongous regions: 9->9
[583.539s][info][gc,metaspace   ] GC(1408) Metaspace: 19094K(19264K)->19094K(19264K) NonClass: 16430K(16512K)->16430K(16512K) Class: 2664K(2752K)->2664K(2752K)
[583.539s][info][gc             ] GC(1408) Pause Young (Normal) (G1 Evacuation Pause) 907M->701M(978M) 22.719ms
[583.539s][info][gc,cpu         ] GC(1408) User=0.04s Sys=0.00s Real=0.02s
[583.953s][info][gc,start       ] GC(1409) Pause Young (Normal) (G1 Evacuation Pause)
[583.954s][info][gc,task        ] GC(1409) Using 2 workers of 2 for evacuation
[584.005s][info][gc,phases      ] GC(1409)   Pre Evacuate Collection Set: 0.30ms
[584.005s][info][gc,phases      ] GC(1409)   Merge Heap Roots: 0.26ms
[584.005s][info][gc,phases      ] GC(1409)   Evacuate Collection Set: 50.38ms
[584.005s][info][gc,phases      ] GC(1409)   Post Evacuate Collection Set: 0.53ms
[584.005s][info][gc,phases      ] GC(1409)   Other: 0.08ms
[584.005s][info][gc,heap        ] GC(1409) Eden regions: 216->0(160)
[584.005s][info][gc,heap        ] GC(1409) Survivor regions: 7->28(28)
[584.005s][info][gc,heap        ] GC(1409) Old regions: 686->703
[584.005s][info][gc,heap        ] GC(1409) Humongous regions: 9->9
[584.005s][info][gc,metaspace   ] GC(1409) Metaspace: 19094K(19264K)->19094K(19264K) NonClass: 16430K(16512K)->16430K(16512K) Class: 2664K(2752K)->2664K(2752K)
[584.005s][info][gc             ] GC(1409) Pause Young (Normal) (G1 Evacuation Pause) 917M->739M(978M) 51.887ms
[584.005s][info][gc,cpu         ] GC(1409) User=0.10s Sys=0.00s Real=0.05s
[584.036s][info][gc,marking     ] GC(1405) Concurrent Mark From Roots 1869.737ms
[584.036s][info][gc,marking     ] GC(1405) Concurrent Preclean
[584.036s][info][gc,marking     ] GC(1405) Concurrent Preclean 0.046ms
[584.036s][info][gc,start       ] GC(1405) Pause Remark
[584.044s][info][gc             ] GC(1405) Pause Remark 745M->739M(978M) 7.813ms
[584.044s][info][gc,cpu         ] GC(1405) User=0.01s Sys=0.00s Real=0.01s
[584.044s][info][gc,marking     ] GC(1405) Concurrent Mark 1877.873ms
[584.044s][info][gc,marking     ] GC(1405) Concurrent Rebuild Remembered Sets and Scrub Regions
[584.374s][info][gc,start       ] GC(1410) Pause Young (Normal) (G1 Evacuation Pause)
[584.374s][info][gc,task        ] GC(1410) Using 2 workers of 2 for evacuation
[584.424s][info][gc,phases      ] GC(1410)   Pre Evacuate Collection Set: 0.29ms
[584.424s][info][gc,phases      ] GC(1410)   Merge Heap Roots: 0.23ms
[584.424s][info][gc,phases      ] GC(1410)   Evacuate Collection Set: 49.56ms
[584.424s][info][gc,phases      ] GC(1410)   Post Evacuate Collection Set: 0.41ms
[584.425s][info][gc,phases      ] GC(1410)   Other: 0.08ms
[584.425s][info][gc,heap        ] GC(1410) Eden regions: 160->0(145)
[584.425s][info][gc,heap        ] GC(1410) Survivor regions: 28->24(24)
[584.425s][info][gc,heap        ] GC(1410) Old regions: 697->726
[584.425s][info][gc,heap        ] GC(1410) Humongous regions: 9->9
[584.425s][info][gc,metaspace   ] GC(1410) Metaspace: 19094K(19264K)->19094K(19264K) NonClass: 16430K(16512K)->16430K(16512K) Class: 2664K(2752K)->2664K(2752K)
[584.425s][info][gc             ] GC(1410) Pause Young (Normal) (G1 Evacuation Pause) 893M->758M(978M) 50.809ms
[584.425s][info][gc,cpu         ] GC(1410) User=0.10s Sys=0.00s Real=0.05s
[584.639s][info][gc,start       ] GC(1411) Pause Young (Normal) (G1 Evacuation Pause)
[584.639s][info][gc,task        ] GC(1411) Using 2 workers of 2 for evacuation
[584.679s][info][gc,phases      ] GC(1411)   Pre Evacuate Collection Set: 0.33ms
[584.679s][info][gc,phases      ] GC(1411)   Merge Heap Roots: 0.11ms
[584.679s][info][gc,phases      ] GC(1411)   Evacuate Collection Set: 38.61ms
[584.679s][info][gc,phases      ] GC(1411)   Post Evacuate Collection Set: 0.42ms
[584.679s][info][gc,phases      ] GC(1411)   Other: 0.10ms
[584.679s][info][gc,heap        ] GC(1411) Eden regions: 145->0(137)
[584.679s][info][gc,heap        ] GC(1411) Survivor regions: 24->16(22)
[584.679s][info][gc,heap        ] GC(1411) Old regions: 726->750
[584.679s][info][gc,heap        ] GC(1411) Humongous regions: 9->9
[584.679s][info][gc,metaspace   ] GC(1411) Metaspace: 19094K(19264K)->19094K(19264K) NonClass: 16430K(16512K)->16430K(16512K) Class: 2664K(2752K)->2664K(2752K)
[584.679s][info][gc             ] GC(1411) Pause Young (Normal) (G1 Evacuation Pause) 903M->774M(978M) 39.792ms
[584.679s][info][gc,cpu         ] GC(1411) User=0.08s Sys=0.00s Real=0.04s
[584.817s][info][gc,marking     ] GC(1405) Concurrent Rebuild Remembered Sets and Scrub Regions 772.725ms
[584.817s][info][gc,start       ] GC(1405) Pause Cleanup
[584.817s][info][gc             ] GC(1405) Pause Cleanup 869M->869M(978M) 0.127ms
[584.817s][info][gc,cpu         ] GC(1405) User=0.00s Sys=0.00s Real=0.00s
[584.817s][info][gc,marking     ] GC(1405) Concurrent Clear Claimed Marks
[584.817s][info][gc,marking     ] GC(1405) Concurrent Clear Claimed Marks 0.028ms
[584.817s][info][gc,marking     ] GC(1405) Concurrent Cleanup for Next Mark
[584.820s][info][gc,marking     ] GC(1405) Concurrent Cleanup for Next Mark 2.844ms
[584.820s][info][gc             ] GC(1405) Concurrent Mark Cycle 2703.530ms
[584.899s][info][gc,start       ] GC(1412) Pause Young (Prepare Mixed) (G1 Evacuation Pause)
[584.900s][info][gc,task        ] GC(1412) Using 2 workers of 2 for evacuation
[584.924s][info][gc,phases      ] GC(1412)   Pre Evacuate Collection Set: 0.53ms
[584.924s][info][gc,phases      ] GC(1412)   Merge Heap Roots: 0.16ms
[584.924s][info][gc,phases      ] GC(1412)   Evacuate Collection Set: 22.78ms
[584.924s][info][gc,phases      ] GC(1412)   Post Evacuate Collection Set: 0.42ms
[584.924s][info][gc,phases      ] GC(1412)   Other: 0.10ms
[584.924s][info][gc,heap        ] GC(1412) Eden regions: 137->0(146)
[584.924s][info][gc,heap        ] GC(1412) Survivor regions: 16->4(20)
[584.924s][info][gc,heap        ] GC(1412) Old regions: 750->765
[584.924s][info][gc,heap        ] GC(1412) Humongous regions: 9->9
[584.924s][info][gc,metaspace   ] GC(1412) Metaspace: 19094K(19264K)->19094K(19264K) NonClass: 16430K(16512K)->16430K(16512K) Class: 2664K(2752K)->2664K(2752K)
[584.924s][info][gc             ] GC(1412) Pause Young (Prepare Mixed) (G1 Evacuation Pause) 911M->777M(978M) 24.280ms
[584.924s][info][gc,cpu         ] GC(1412) User=0.05s Sys=0.00s Real=0.03s
[585.225s][info][gc,start       ] GC(1413) Pause Young (Mixed) (G1 Evacuation Pause)
[585.225s][info][gc,task        ] GC(1413) Using 2 workers of 2 for evacuation
[585.237s][info][gc,phases      ] GC(1413)   Pre Evacuate Collection Set: 0.30ms
[585.237s][info][gc,phases      ] GC(1413)   Merge Heap Roots: 0.16ms
[585.237s][info][gc,phases      ] GC(1413)   Evacuate Collection Set: 11.11ms
[585.237s][info][gc,phases      ] GC(1413)   Post Evacuate Collection Set: 0.39ms
[585.237s][info][gc,phases      ] GC(1413)   Other: 0.08ms
[585.237s][info][gc,heap        ] GC(1413) Eden regions: 146->0(149)
[585.237s][info][gc,heap        ] GC(1413) Survivor regions: 4->10(19)
[585.237s][info][gc,heap        ] GC(1413) Old regions: 765->750
[585.237s][info][gc,heap        ] GC(1413) Humongous regions: 9->9
[585.237s][info][gc,metaspace   ] GC(1413) Metaspace: 19095K(19264K)->19095K(19264K) NonClass: 16431K(16512K)->16431K(16512K) Class: 2664K(2752K)->2664K(2752K)
[585.237s][info][gc             ] GC(1413) Pause Young (Mixed) (G1 Evacuation Pause) 923M->768M(978M) 12.249ms
[585.237s][info][gc,cpu         ] GC(1413) User=0.02s Sys=0.00s Real=0.01s
[585.420s][info][gc,start       ] GC(1414) Pause Young (Concurrent Start) (G1 Evacuation Pause)
[585.420s][info][gc,task        ] GC(1414) Using 2 workers of 2 for evacuation
[585.441s][info][gc,phases      ] GC(1414)   Pre Evacuate Collection Set: 0.37ms
[585.441s][info][gc,phases      ] GC(1414)   Merge Heap Roots: 0.11ms
[585.441s][info][gc,phases      ] GC(1414)   Evacuate Collection Set: 19.90ms
[585.441s][info][gc,phases      ] GC(1414)   Post Evacuate Collection Set: 0.42ms
[585.441s][info][gc,phases      ] GC(1414)   Other: 0.22ms
[585.441s][info][gc,heap        ] GC(1414) Eden regions: 149->0(129)
[585.441s][info][gc,heap        ] GC(1414) Survivor regions: 10->20(20)
[585.441s][info][gc,heap        ] GC(1414) Old regions: 750->750
[585.441s][info][gc,heap        ] GC(1414) Humongous regions: 9->9
[585.441s][info][gc,metaspace   ] GC(1414) Metaspace: 19095K(19264K)->19095K(19264K) NonClass: 16431K(16512K)->16431K(16512K) Class: 2664K(2752K)->2664K(2752K)
[585.441s][info][gc             ] GC(1414) Pause Young (Concurrent Start) (G1 Evacuation Pause) 917M->777M(978M) 21.251ms
[585.441s][info][gc,cpu         ] GC(1414) User=0.04s Sys=0.00s Real=0.03s
[585.441s][info][gc             ] GC(1415) Concurrent Mark Cycle
[585.441s][info][gc,marking     ] GC(1415) Concurrent Scan Root Regions
[585.469s][info][gc,marking     ] GC(1415) Concurrent Scan Root Regions 28.277ms
[585.469s][info][gc,marking     ] GC(1415) Concurrent Mark
[585.469s][info][gc,marking     ] GC(1415) Concurrent Mark From Roots
[585.469s][info][gc,task        ] GC(1415) Using 1 workers of 1 for marking
[585.643s][info][gc,start       ] GC(1416) Pause Young (Normal) (G1 Evacuation Pause)
[585.643s][info][gc,task        ] GC(1416) Using 2 workers of 2 for evacuation
[585.696s][info][gc,phases      ] GC(1416)   Pre Evacuate Collection Set: 0.29ms
[585.696s][info][gc,phases      ] GC(1416)   Merge Heap Roots: 0.11ms
[585.696s][info][gc,phases      ] GC(1416)   Evacuate Collection Set: 51.93ms
[585.696s][info][gc,phases      ] GC(1416)   Post Evacuate Collection Set: 0.52ms
[585.696s][info][gc,phases      ] GC(1416)   Other: 0.10ms
[585.696s][info][gc,heap        ] GC(1416) Eden regions: 129->0(94)
[585.696s][info][gc,heap        ] GC(1416) Survivor regions: 20->19(19)
[585.696s][info][gc,heap        ] GC(1416) Old regions: 750->787
[585.696s][info][gc,heap        ] GC(1416) Humongous regions: 9->9
[585.696s][info][gc,metaspace   ] GC(1416) Metaspace: 19095K(19264K)->19095K(19264K) NonClass: 16431K(16512K)->16431K(16512K) Class: 2664K(2752K)->2664K(2752K)
[585.696s][info][gc             ] GC(1416) Pause Young (Normal) (G1 Evacuation Pause) 906M->814M(978M) 53.216ms
[585.696s][info][gc,cpu         ] GC(1416) User=0.11s Sys=0.00s Real=0.05s
[585.818s][info][gc,start       ] GC(1417) Pause Young (Normal) (G1 Evacuation Pause)
[585.819s][info][gc,task        ] GC(1417) Using 2 workers of 2 for evacuation
[585.868s][info][gc,phases      ] GC(1417)   Pre Evacuate Collection Set: 0.29ms
[585.869s][info][gc,phases      ] GC(1417)   Merge Heap Roots: 0.26ms
[585.869s][info][gc,phases      ] GC(1417)   Evacuate Collection Set: 48.83ms
[585.869s][info][gc,phases      ] GC(1417)   Post Evacuate Collection Set: 0.43ms
[585.869s][info][gc,phases      ] GC(1417)   Other: 0.10ms
[585.869s][info][gc,heap        ] GC(1417) Eden regions: 94->0(66)
[585.869s][info][gc,heap        ] GC(1417) Survivor regions: 19->15(15)
[585.869s][info][gc,heap        ] GC(1417) Old regions: 787->823
[585.869s][info][gc,heap        ] GC(1417) Humongous regions: 9->9
[585.869s][info][gc,metaspace   ] GC(1417) Metaspace: 19095K(19264K)->19095K(19264K) NonClass: 16431K(16512K)->16431K(16512K) Class: 2664K(2752K)->2664K(2752K)
[585.869s][info][gc             ] GC(1417) Pause Young (Normal) (G1 Evacuation Pause) 908M->846M(978M) 50.172ms
[585.869s][info][gc,cpu         ] GC(1417) User=0.10s Sys=0.00s Real=0.05s
[586.103s][info][gc,start       ] GC(1418) Pause Young (Normal) (G1 Evacuation Pause)
[586.103s][info][gc,task        ] GC(1418) Using 2 workers of 2 for evacuation
[586.127s][info][gc,phases      ] GC(1418)   Pre Evacuate Collection Set: 0.54ms
[586.127s][info][gc,phases      ] GC(1418)   Merge Heap Roots: 0.45ms
[586.127s][info][gc,phases      ] GC(1418)   Evacuate Collection Set: 22.92ms
[586.127s][info][gc,phases      ] GC(1418)   Post Evacuate Collection Set: 0.35ms
[586.127s][info][gc,phases      ] GC(1418)   Other: 0.11ms
[586.127s][info][gc,heap        ] GC(1418) Eden regions: 66->0(72)
[586.127s][info][gc,heap        ] GC(1418) Survivor regions: 15->4(11)
[586.127s][info][gc,heap        ] GC(1418) Old regions: 823->839
[586.127s][info][gc,heap        ] GC(1418) Humongous regions: 9->9
[586.127s][info][gc,metaspace   ] GC(1418) Metaspace: 19095K(19264K)->19095K(19264K) NonClass: 16431K(16512K)->16431K(16512K) Class: 2664K(2752K)->2664K(2752K)
[586.127s][info][gc             ] GC(1418) Pause Young (Normal) (G1 Evacuation Pause) 912M->851M(978M) 24.614ms
[586.128s][info][gc,cpu         ] GC(1418) User=0.04s Sys=0.00s Real=0.02s
[586.194s][info][gc,start       ] GC(1419) Pause Young (Normal) (G1 Evacuation Pause)
[586.194s][info][gc,task        ] GC(1419) Using 2 workers of 2 for evacuation
[586.205s][info][gc,phases      ] GC(1419)   Pre Evacuate Collection Set: 0.30ms
[586.205s][info][gc,phases      ] GC(1419)   Merge Heap Roots: 0.16ms
[586.205s][info][gc,phases      ] GC(1419)   Evacuate Collection Set: 10.44ms
[586.205s][info][gc,phases      ] GC(1419)   Post Evacuate Collection Set: 0.33ms
[586.205s][info][gc,phases      ] GC(1419)   Other: 0.06ms
[586.205s][info][gc,heap        ] GC(1419) Eden regions: 72->0(66)
[586.205s][info][gc,heap        ] GC(1419) Survivor regions: 4->7(10)
[586.205s][info][gc,heap        ] GC(1419) Old regions: 839->839
[586.205s][info][gc,heap        ] GC(1419) Humongous regions: 9->9
[586.205s][info][gc,metaspace   ] GC(1419) Metaspace: 19095K(19264K)->19095K(19264K) NonClass: 16431K(16512K)->16431K(16512K) Class: 2664K(2752K)->2664K(2752K)
[586.205s][info][gc             ] GC(1419) Pause Young (Normal) (G1 Evacuation Pause) 923M->853M(978M) 11.466ms
[586.205s][info][gc,cpu         ] GC(1419) User=0.02s Sys=0.00s Real=0.01s
[586.418s][info][gc,start       ] GC(1420) Pause Young (Normal) (G1 Evacuation Pause)
[586.418s][info][gc,task        ] GC(1420) Using 2 workers of 2 for evacuation
[586.445s][info][gc,phases      ] GC(1420)   Pre Evacuate Collection Set: 0.32ms
[586.445s][info][gc,phases      ] GC(1420)   Merge Heap Roots: 0.30ms
[586.445s][info][gc,phases      ] GC(1420)   Evacuate Collection Set: 25.99ms
[586.445s][info][gc,phases      ] GC(1420)   Post Evacuate Collection Set: 0.40ms
[586.445s][info][gc,phases      ] GC(1420)   Other: 0.11ms
[586.445s][info][gc,heap        ] GC(1420) Eden regions: 66->0(55)
[586.445s][info][gc,heap        ] GC(1420) Survivor regions: 7->10(10)
[586.445s][info][gc,heap        ] GC(1420) Old regions: 839->843
[586.445s][info][gc,heap        ] GC(1420) Humongous regions: 10->10
[586.445s][info][gc,metaspace   ] GC(1420) Metaspace: 19095K(19264K)->19095K(19264K) NonClass: 16431K(16512K)->16431K(16512K) Class: 2664K(2752K)->2664K(2752K)
[586.445s][info][gc             ] GC(1420) Pause Young (Normal) (G1 Evacuation Pause) 920M->861M(978M) 27.364ms
[586.445s][info][gc,cpu         ] GC(1420) User=0.06s Sys=0.00s Real=0.03s
[586.609s][info][gc,start       ] GC(1421) Pause Young (Normal) (G1 Evacuation Pause)
[586.609s][info][gc,task        ] GC(1421) Using 2 workers of 2 for evacuation
[586.652s][info][gc,phases      ] GC(1421)   Pre Evacuate Collection Set: 0.30ms
[586.652s][info][gc,phases      ] GC(1421)   Merge Heap Roots: 0.26ms
[586.652s][info][gc,phases      ] GC(1421)   Evacuate Collection Set: 41.55ms
[586.652s][info][gc,phases      ] GC(1421)   Post Evacuate Collection Set: 0.32ms
[586.652s][info][gc,phases      ] GC(1421)   Other: 0.11ms
[586.652s][info][gc,heap        ] GC(1421) Eden regions: 55->0(39)
[586.652s][info][gc,heap        ] GC(1421) Survivor regions: 10->9(9)
[586.652s][info][gc,heap        ] GC(1421) Old regions: 843->859
[586.652s][info][gc,heap        ] GC(1421) Humongous regions: 12->12
[586.652s][info][gc,metaspace   ] GC(1421) Metaspace: 19095K(19264K)->19095K(19264K) NonClass: 16431K(16512K)->16431K(16512K) Class: 2664K(2752K)->2664K(2752K)
[586.652s][info][gc             ] GC(1421) Pause Young (Normal) (G1 Evacuation Pause) 918M->879M(978M) 42.802ms
[586.652s][info][gc,cpu         ] GC(1421) User=0.09s Sys=0.00s Real=0.05s
[586.742s][info][gc,start       ] GC(1422) Pause Young (Normal) (G1 Evacuation Pause)
[586.742s][info][gc,task        ] GC(1422) Using 2 workers of 2 for evacuation
[586.763s][info][gc,phases      ] GC(1422)   Pre Evacuate Collection Set: 0.53ms
[586.763s][info][gc,phases      ] GC(1422)   Merge Heap Roots: 0.12ms
[586.763s][info][gc,phases      ] GC(1422)   Evacuate Collection Set: 19.37ms
[586.763s][info][gc,phases      ] GC(1422)   Post Evacuate Collection Set: 0.31ms
[586.763s][info][gc,phases      ] GC(1422)   Other: 0.08ms
[586.763s][info][gc,heap        ] GC(1422) Eden regions: 39->0(42)
[586.763s][info][gc,heap        ] GC(1422) Survivor regions: 9->6(6)
[586.763s][info][gc,heap        ] GC(1422) Old regions: 859->870
[586.763s][info][gc,heap        ] GC(1422) Humongous regions: 12->12
[586.763s][info][gc,metaspace   ] GC(1422) Metaspace: 19095K(19264K)->19095K(19264K) NonClass: 16431K(16512K)->16431K(16512K) Class: 2664K(2752K)->2664K(2752K)
[586.763s][info][gc             ] GC(1422) Pause Young (Normal) (G1 Evacuation Pause) 918M->887M(978M) 20.651ms
[586.763s][info][gc,cpu         ] GC(1422) User=0.04s Sys=0.00s Real=0.02s
[586.814s][info][gc,marking     ] GC(1415) Concurrent Mark From Roots 1345.019ms
[586.814s][info][gc,marking     ] GC(1415) Concurrent Preclean
[586.815s][info][gc,marking     ] GC(1415) Concurrent Preclean 0.046ms
[586.815s][info][gc,start       ] GC(1415) Pause Remark
[586.822s][info][gc             ] GC(1415) Pause Remark 929M->682M(978M) 7.833ms
[586.823s][info][gc,cpu         ] GC(1415) User=0.01s Sys=0.00s Real=0.01s
[586.823s][info][gc,marking     ] GC(1415) Concurrent Mark 1353.463ms
[586.823s][info][gc,marking     ] GC(1415) Concurrent Rebuild Remembered Sets and Scrub Regions
[586.826s][info][gc,start       ] GC(1423) Pause Young (Normal) (G1 Evacuation Pause)
[586.826s][info][gc,task        ] GC(1423) Using 2 workers of 2 for evacuation
[586.845s][info][gc,phases      ] GC(1423)   Pre Evacuate Collection Set: 0.40ms
[586.845s][info][gc,phases      ] GC(1423)   Merge Heap Roots: 0.17ms
[586.845s][info][gc,phases      ] GC(1423)   Evacuate Collection Set: 18.67ms
[586.845s][info][gc,phases      ] GC(1423)   Post Evacuate Collection Set: 0.28ms
[586.845s][info][gc,phases      ] GC(1423)   Other: 0.06ms
[586.845s][info][gc,heap        ] GC(1423) Eden regions: 42->0(223)
[586.845s][info][gc,heap        ] GC(1423) Survivor regions: 6->6(6)
[586.845s][info][gc,heap        ] GC(1423) Old regions: 628->637
[586.845s][info][gc,heap        ] GC(1423) Humongous regions: 7->7
[586.845s][info][gc,metaspace   ] GC(1423) Metaspace: 19095K(19264K)->19095K(19264K) NonClass: 16431K(16512K)->16431K(16512K) Class: 2664K(2752K)->2664K(2752K)
[586.845s][info][gc             ] GC(1423) Pause Young (Normal) (G1 Evacuation Pause) 682M->649M(978M) 19.718ms
[586.845s][info][gc,cpu         ] GC(1423) User=0.03s Sys=0.00s Real=0.02s
[587.146s][info][gc,start       ] GC(1424) Pause Young (Normal) (G1 Evacuation Pause)
[587.146s][info][gc,task        ] GC(1424) Using 2 workers of 2 for evacuation
[587.173s][info][gc,phases      ] GC(1424)   Pre Evacuate Collection Set: 0.48ms
[587.173s][info][gc,phases      ] GC(1424)   Merge Heap Roots: 0.19ms
[587.173s][info][gc,phases      ] GC(1424)   Evacuate Collection Set: 26.02ms
[587.173s][info][gc,phases      ] GC(1424)   Post Evacuate Collection Set: 0.42ms
[587.173s][info][gc,phases      ] GC(1424)   Other: 0.08ms
[587.173s][info][gc,heap        ] GC(1424) Eden regions: 223->0(218)
[587.173s][info][gc,heap        ] GC(1424) Survivor regions: 6->23(29)
[587.173s][info][gc,heap        ] GC(1424) Old regions: 637->637
[587.173s][info][gc,heap        ] GC(1424) Humongous regions: 7->7
[587.173s][info][gc,metaspace   ] GC(1424) Metaspace: 19095K(19264K)->19095K(19264K) NonClass: 16431K(16512K)->16431K(16512K) Class: 2664K(2752K)->2664K(2752K)
[587.173s][info][gc             ] GC(1424) Pause Young (Normal) (G1 Evacuation Pause) 872M->665M(978M) 27.386ms
[587.173s][info][gc,cpu         ] GC(1424) User=0.05s Sys=0.00s Real=0.03s
[587.390s][info][gc,marking     ] GC(1415) Concurrent Rebuild Remembered Sets and Scrub Regions 567.225ms
[587.390s][info][gc,start       ] GC(1415) Pause Cleanup
[587.390s][info][gc             ] GC(1415) Pause Cleanup 815M->815M(978M) 0.161ms
[587.390s][info][gc,cpu         ] GC(1415) User=0.00s Sys=0.00s Real=0.01s
[587.391s][info][gc,marking     ] GC(1415) Concurrent Clear Claimed Marks
[587.391s][info][gc,marking     ] GC(1415) Concurrent Clear Claimed Marks 0.042ms
[587.391s][info][gc,marking     ] GC(1415) Concurrent Cleanup for Next Mark
[587.398s][info][gc,marking     ] GC(1415) Concurrent Cleanup for Next Mark 6.910ms
[587.398s][info][gc             ] GC(1415) Concurrent Mark Cycle 1957.180ms
[587.488s][info][gc,start       ] GC(1425) Pause Young (Prepare Mixed) (G1 Evacuation Pause)
[587.488s][info][gc,task        ] GC(1425) Using 2 workers of 2 for evacuation
[587.518s][info][gc,phases      ] GC(1425)   Pre Evacuate Collection Set: 0.32ms
[587.518s][info][gc,phases      ] GC(1425)   Merge Heap Roots: 0.24ms
[587.518s][info][gc,phases      ] GC(1425)   Evacuate Collection Set: 28.76ms
[587.518s][info][gc,phases      ] GC(1425)   Post Evacuate Collection Set: 0.45ms
[587.518s][info][gc,phases      ] GC(1425)   Other: 0.08ms
[587.518s][info][gc,heap        ] GC(1425) Eden regions: 218->0(227)
[587.518s][info][gc,heap        ] GC(1425) Survivor regions: 23->5(31)
[587.518s][info][gc,heap        ] GC(1425) Old regions: 637->659
[587.518s][info][gc,heap        ] GC(1425) Humongous regions: 7->7
[587.518s][info][gc,metaspace   ] GC(1425) Metaspace: 19095K(19264K)->19095K(19264K) NonClass: 16431K(16512K)->16431K(16512K) Class: 2664K(2752K)->2664K(2752K)
[587.518s][info][gc             ] GC(1425) Pause Young (Prepare Mixed) (G1 Evacuation Pause) 883M->670M(978M) 30.128ms
[587.518s][info][gc,cpu         ] GC(1425) User=0.06s Sys=0.00s Real=0.03s
[587.915s][info][gc,start       ] GC(1426) Pause Young (Mixed) (G1 Evacuation Pause)
[587.915s][info][gc,task        ] GC(1426) Using 2 workers of 2 for evacuation
[587.964s][info][gc,phases      ] GC(1426)   Pre Evacuate Collection Set: 0.54ms
[587.964s][info][gc,phases      ] GC(1426)   Merge Heap Roots: 0.63ms
[587.964s][info][gc,phases      ] GC(1426)   Evacuate Collection Set: 46.99ms
[587.964s][info][gc,phases      ] GC(1426)   Post Evacuate Collection Set: 0.57ms
[587.964s][info][gc,phases      ] GC(1426)   Other: 0.10ms
[587.964s][info][gc,heap        ] GC(1426) Eden regions: 227->0(272)
[587.964s][info][gc,heap        ] GC(1426) Survivor regions: 5->29(29)
[587.964s][info][gc,heap        ] GC(1426) Old regions: 659->571
[587.964s][info][gc,heap        ] GC(1426) Humongous regions: 7->7
[587.964s][info][gc,metaspace   ] GC(1426) Metaspace: 19095K(19264K)->19095K(19264K) NonClass: 16431K(16512K)->16431K(16512K) Class: 2664K(2752K)->2664K(2752K)
[587.964s][info][gc             ] GC(1426) Pause Young (Mixed) (G1 Evacuation Pause) 897M->606M(978M) 49.084ms
[587.964s][info][gc,cpu         ] GC(1426) User=0.09s Sys=0.00s Real=0.05s
[588.398s][info][gc,start       ] GC(1427) Pause Young (Concurrent Start) (G1 Evacuation Pause)
[588.398s][info][gc,task        ] GC(1427) Using 2 workers of 2 for evacuation
[588.466s][info][gc,phases      ] GC(1427)   Pre Evacuate Collection Set: 0.31ms
[588.466s][info][gc,phases      ] GC(1427)   Merge Heap Roots: 0.19ms
[588.466s][info][gc,phases      ] GC(1427)   Evacuate Collection Set: 66.52ms
[588.466s][info][gc,phases      ] GC(1427)   Post Evacuate Collection Set: 0.54ms
[588.466s][info][gc,phases      ] GC(1427)   Other: 0.12ms
[588.466s][info][gc,heap        ] GC(1427) Eden regions: 272->0(231)
[588.466s][info][gc,heap        ] GC(1427) Survivor regions: 29->38(38)
[588.466s][info][gc,heap        ] GC(1427) Old regions: 571->603
[588.466s][info][gc,heap        ] GC(1427) Humongous regions: 7->7
[588.466s][info][gc,metaspace   ] GC(1427) Metaspace: 19095K(19264K)->19095K(19264K) NonClass: 16431K(16512K)->16431K(16512K) Class: 2664K(2752K)->2664K(2752K)
[588.466s][info][gc             ] GC(1427) Pause Young (Concurrent Start) (G1 Evacuation Pause) 878M->647M(978M) 67.937ms
[588.466s][info][gc,cpu         ] GC(1427) User=0.13s Sys=0.00s Real=0.07s
[588.466s][info][gc             ] GC(1428) Concurrent Mark Cycle
[588.466s][info][gc,marking     ] GC(1428) Concurrent Scan Root Regions
[588.556s][info][gc,marking     ] GC(1428) Concurrent Scan Root Regions 90.009ms
[588.556s][info][gc,marking     ] GC(1428) Concurrent Mark
[588.556s][info][gc,marking     ] GC(1428) Concurrent Mark From Roots
[588.556s][info][gc,task        ] GC(1428) Using 1 workers of 1 for marking
[589.161s][info][gc,start       ] GC(1429) Pause Young (Normal) (G1 Evacuation Pause)
[589.161s][info][gc,task        ] GC(1429) Using 2 workers of 2 for evacuation
[589.210s][info][gc,phases      ] GC(1429)   Pre Evacuate Collection Set: 0.30ms
[589.211s][info][gc,phases      ] GC(1429)   Merge Heap Roots: 0.17ms
[589.211s][info][gc,phases      ] GC(1429)   Evacuate Collection Set: 48.47ms
[589.211s][info][gc,phases      ] GC(1429)   Post Evacuate Collection Set: 0.53ms
[589.211s][info][gc,phases      ] GC(1429)   Other: 0.08ms
[589.211s][info][gc,heap        ] GC(1429) Eden regions: 231->0(233)
[589.211s][info][gc,heap        ] GC(1429) Survivor regions: 38->10(34)
[589.211s][info][gc,heap        ] GC(1429) Old regions: 603->641
[589.211s][info][gc,heap        ] GC(1429) Humongous regions: 8->8
[589.211s][info][gc,metaspace   ] GC(1429) Metaspace: 19095K(19264K)->19095K(19264K) NonClass: 16431K(16512K)->16431K(16512K) Class: 2664K(2752K)->2664K(2752K)
[589.211s][info][gc             ] GC(1429) Pause Young (Normal) (G1 Evacuation Pause) 879M->658M(978M) 49.820ms
[589.211s][info][gc,cpu         ] GC(1429) User=0.10s Sys=0.00s Real=0.05s
[589.521s][info][gc,marking     ] GC(1428) Concurrent Mark From Roots 965.082ms
[589.521s][info][gc,marking     ] GC(1428) Concurrent Preclean
[589.521s][info][gc,marking     ] GC(1428) Concurrent Preclean 0.050ms
[589.521s][info][gc,start       ] GC(1428) Pause Remark
[589.529s][info][gc             ] GC(1428) Pause Remark 790M->633M(978M) 7.971ms
[589.529s][info][gc,cpu         ] GC(1428) User=0.02s Sys=0.00s Real=0.00s
[589.529s][info][gc,marking     ] GC(1428) Concurrent Mark 973.433ms
[589.529s][info][gc,marking     ] GC(1428) Concurrent Rebuild Remembered Sets and Scrub Regions
[589.709s][info][gc,start       ] GC(1430) Pause Young (Normal) (G1 Evacuation Pause)
[589.710s][info][gc,task        ] GC(1430) Using 2 workers of 2 for evacuation
[589.750s][info][gc,phases      ] GC(1430)   Pre Evacuate Collection Set: 0.28ms
[589.750s][info][gc,phases      ] GC(1430)   Merge Heap Roots: 0.27ms
[589.750s][info][gc,phases      ] GC(1430)   Evacuate Collection Set: 38.88ms
[589.750s][info][gc,phases      ] GC(1430)   Post Evacuate Collection Set: 0.48ms
[589.750s][info][gc,phases      ] GC(1430)   Other: 0.09ms
[589.750s][info][gc,heap        ] GC(1430) Eden regions: 233->0(346)
[589.750s][info][gc,heap        ] GC(1430) Survivor regions: 10->31(31)
[589.750s][info][gc,heap        ] GC(1430) Old regions: 487->487
[589.750s][info][gc,heap        ] GC(1430) Humongous regions: 5->5
[589.750s][info][gc,metaspace   ] GC(1430) Metaspace: 19095K(19264K)->19095K(19264K) NonClass: 16431K(16512K)->16431K(16512K) Class: 2664K(2752K)->2664K(2752K)
[589.750s][info][gc             ] GC(1430) Pause Young (Normal) (G1 Evacuation Pause) 734M->522M(978M) 40.222ms
[589.750s][info][gc,cpu         ] GC(1430) User=0.08s Sys=0.00s Real=0.04s
[589.935s][info][gc,marking     ] GC(1428) Concurrent Rebuild Remembered Sets and Scrub Regions 405.094ms
[589.935s][info][gc,start       ] GC(1428) Pause Cleanup
[589.935s][info][gc             ] GC(1428) Pause Cleanup 653M->653M(978M) 0.146ms
[589.935s][info][gc,cpu         ] GC(1428) User=0.00s Sys=0.00s Real=0.00s
[589.935s][info][gc,marking     ] GC(1428) Concurrent Clear Claimed Marks
[589.935s][info][gc,marking     ] GC(1428) Concurrent Clear Claimed Marks 0.032ms
[589.935s][info][gc,marking     ] GC(1428) Concurrent Cleanup for Next Mark
[589.942s][info][gc,marking     ] GC(1428) Concurrent Cleanup for Next Mark 6.840ms
[589.942s][info][gc             ] GC(1428) Concurrent Mark Cycle 1476.406ms
[590.340s][info][gc,start       ] GC(1431) Pause Young (Prepare Mixed) (G1 Evacuation Pause)
[590.340s][info][gc,task        ] GC(1431) Using 2 workers of 2 for evacuation
[590.402s][info][gc,phases      ] GC(1431)   Pre Evacuate Collection Set: 0.53ms
[590.402s][info][gc,phases      ] GC(1431)   Merge Heap Roots: 0.27ms
[590.402s][info][gc,phases      ] GC(1431)   Evacuate Collection Set: 60.46ms
[590.403s][info][gc,phases      ] GC(1431)   Post Evacuate Collection Set: 0.62ms
[590.403s][info][gc,phases      ] GC(1431)   Other: 0.09ms
[590.403s][info][gc,heap        ] GC(1431) Eden regions: 346->0(341)
[590.403s][info][gc,heap        ] GC(1431) Survivor regions: 31->38(48)
[590.403s][info][gc,heap        ] GC(1431) Old regions: 487->497
[590.403s][info][gc,heap        ] GC(1431) Humongous regions: 5->5
[590.403s][info][gc,metaspace   ] GC(1431) Metaspace: 19095K(19264K)->19095K(19264K) NonClass: 16431K(16512K)->16431K(16512K) Class: 2664K(2752K)->2664K(2752K)
[590.403s][info][gc             ] GC(1431) Pause Young (Prepare Mixed) (G1 Evacuation Pause) 868M->539M(978M) 62.198ms
[590.403s][info][gc,cpu         ] GC(1431) User=0.11s Sys=0.00s Real=0.06s
[591.067s][info][gc,start       ] GC(1432) Pause Young (Mixed) (G1 Evacuation Pause)
[591.067s][info][gc,task        ] GC(1432) Using 2 workers of 2 for evacuation
[591.128s][info][gc,phases      ] GC(1432)   Pre Evacuate Collection Set: 0.35ms
[591.128s][info][gc,phases      ] GC(1432)   Merge Heap Roots: 0.55ms
[591.128s][info][gc,phases      ] GC(1432)   Evacuate Collection Set: 59.33ms
[591.128s][info][gc,phases      ] GC(1432)   Post Evacuate Collection Set: 0.65ms
[591.128s][info][gc,phases      ] GC(1432)   Other: 0.10ms
[591.128s][info][gc,heap        ] GC(1432) Eden regions: 341->0(390)
[591.128s][info][gc,heap        ] GC(1432) Survivor regions: 38->27(48)
[591.128s][info][gc,heap        ] GC(1432) Old regions: 497->457
[591.128s][info][gc,heap        ] GC(1432) Humongous regions: 5->5
[591.128s][info][gc,metaspace   ] GC(1432) Metaspace: 19095K(19264K)->19095K(19264K) NonClass: 16431K(16512K)->16431K(16512K) Class: 2664K(2752K)->2664K(2752K)
[591.128s][info][gc             ] GC(1432) Pause Young (Mixed) (G1 Evacuation Pause) 880M->488M(978M) 61.228ms
[591.128s][info][gc,cpu         ] GC(1432) User=0.12s Sys=0.00s Real=0.06s
[591.418s][info][gc,start       ] GC(1433) Pause Young (Concurrent Start) (G1 Evacuation Pause)
[591.418s][info][gc,task        ] GC(1433) Using 2 workers of 2 for evacuation
[591.555s][info][gc,phases      ] GC(1433)   Pre Evacuate Collection Set: 0.33ms
[591.555s][info][gc,phases      ] GC(1433)   Merge Heap Roots: 0.17ms
[591.555s][info][gc,phases      ] GC(1433)   Evacuate Collection Set: 122.82ms
[591.555s][info][gc,phases      ] GC(1433)   Post Evacuate Collection Set: 13.09ms
[591.555s][info][gc,phases      ] GC(1433)   Other: 0.20ms
[591.555s][info][gc,heap        ] GC(1433) Eden regions: 390->0(30)
[591.555s][info][gc,heap        ] GC(1433) Survivor regions: 27->53(53)
[591.555s][info][gc,heap        ] GC(1433) Old regions: 457->787
[591.555s][info][gc,heap        ] GC(1433) Humongous regions: 5->5
[591.555s][info][gc,metaspace   ] GC(1433) Metaspace: 19095K(19264K)->19095K(19264K) NonClass: 16431K(16512K)->16431K(16512K) Class: 2664K(2752K)->2664K(2752K)
[591.555s][info][gc             ] GC(1433) Pause Young (Concurrent Start) (G1 Evacuation Pause) (Evacuation Failure: Allocation) 878M->844M(978M) 136.844ms
[591.555s][info][gc             ] GC(1434) Concurrent Mark Cycle
[591.555s][info][gc,marking     ] GC(1434) Concurrent Scan Root Regions
[591.555s][info][gc,cpu         ] GC(1433) User=0.27s Sys=0.00s Real=0.14s
[591.601s][info][gc,start       ] GC(1435) Pause Young (Normal) (G1 Evacuation Pause)
[591.602s][info][gc,task        ] GC(1435) Using 2 workers of 2 for evacuation
[591.648s][info][gc,marking     ] GC(1434) Concurrent Scan Root Regions 93.092ms
[591.648s][info][gc,marking     ] GC(1434) Concurrent Mark
[591.648s][info][gc,marking     ] GC(1434) Concurrent Mark From Roots
[591.648s][info][gc,task        ] GC(1434) Using 1 workers of 1 for marking
[591.740s][info][gc,phases      ] GC(1435)   Pre Evacuate Collection Set: 0.40ms
[591.740s][info][gc,phases      ] GC(1435)   Merge Heap Roots: 1.53ms
[591.740s][info][gc,phases      ] GC(1435)   Evacuate Collection Set: 89.29ms
[591.740s][info][gc,phases      ] GC(1435)   Post Evacuate Collection Set: 0.61ms
[591.740s][info][gc,phases      ] GC(1435)   Other: 0.10ms
[591.740s][info][gc,heap        ] GC(1435) Eden regions: 30->0(266)
[591.740s][info][gc,heap        ] GC(1435) Survivor regions: 53->7(11)
[591.740s][info][gc,heap        ] GC(1435) Old regions: 787->590
[591.740s][info][gc,heap        ] GC(1435) Humongous regions: 5->5
[591.740s][info][gc,metaspace   ] GC(1435) Metaspace: 19095K(19264K)->19095K(19264K) NonClass: 16431K(16512K)->16431K(16512K) Class: 2664K(2752K)->2664K(2752K)
[591.740s][info][gc             ] GC(1435) Pause Young (Normal) (G1 Evacuation Pause) 874M->600M(978M) 138.516ms
[591.740s][info][gc,cpu         ] GC(1435) User=0.23s Sys=0.00s Real=0.13s
[592.277s][info][gc,start       ] GC(1436) Pause Young (Normal) (G1 Evacuation Pause)
[592.277s][info][gc,task        ] GC(1436) Using 2 workers of 2 for evacuation
[592.348s][info][gc,phases      ] GC(1436)   Pre Evacuate Collection Set: 0.31ms
[592.348s][info][gc,phases      ] GC(1436)   Merge Heap Roots: 0.47ms
[592.348s][info][gc,phases      ] GC(1436)   Evacuate Collection Set: 69.07ms
[592.348s][info][gc,phases      ] GC(1436)   Post Evacuate Collection Set: 0.55ms
[592.348s][info][gc,phases      ] GC(1436)   Other: 0.10ms
[592.348s][info][gc,heap        ] GC(1436) Eden regions: 266->0(232)
[592.348s][info][gc,heap        ] GC(1436) Survivor regions: 7->35(35)
[592.348s][info][gc,heap        ] GC(1436) Old regions: 590->602
[592.348s][info][gc,heap        ] GC(1436) Humongous regions: 9->9
[592.348s][info][gc,metaspace   ] GC(1436) Metaspace: 19095K(19264K)->19095K(19264K) NonClass: 16431K(16512K)->16431K(16512K) Class: 2664K(2752K)->2664K(2752K)
[592.348s][info][gc             ] GC(1436) Pause Young (Normal) (G1 Evacuation Pause) 870M->645M(978M) 70.785ms
[592.348s][info][gc,cpu         ] GC(1436) User=0.14s Sys=0.00s Real=0.07s
[592.653s][info][gc,marking     ] GC(1434) Concurrent Mark From Roots 1005.456ms
[592.653s][info][gc,marking     ] GC(1434) Concurrent Preclean
[592.653s][info][gc,marking     ] GC(1434) Concurrent Preclean 0.063ms
[592.654s][info][gc,start       ] GC(1434) Pause Remark
[592.662s][info][gc             ] GC(1434) Pause Remark 755M->614M(978M) 8.250ms
[592.662s][info][gc,cpu         ] GC(1434) User=0.02s Sys=0.00s Real=0.01s
[592.662s][info][gc,marking     ] GC(1434) Concurrent Mark 1014.215ms
[592.662s][info][gc,marking     ] GC(1434) Concurrent Rebuild Remembered Sets and Scrub Regions
[592.938s][info][gc,start       ] GC(1437) Pause Young (Normal) (G1 Evacuation Pause)
[592.938s][info][gc,task        ] GC(1437) Using 2 workers of 2 for evacuation
[592.999s][info][gc,phases      ] GC(1437)   Pre Evacuate Collection Set: 0.29ms
[592.999s][info][gc,phases      ] GC(1437)   Merge Heap Roots: 0.30ms
[592.999s][info][gc,phases      ] GC(1437)   Evacuate Collection Set: 59.62ms
[592.999s][info][gc,phases      ] GC(1437)   Post Evacuate Collection Set: 0.50ms
[592.999s][info][gc,phases      ] GC(1437)   Other: 0.09ms
[592.999s][info][gc,heap        ] GC(1437) Eden regions: 232->0(331)
[592.999s][info][gc,heap        ] GC(1437) Survivor regions: 35->9(34)
[592.999s][info][gc,heap        ] GC(1437) Old regions: 463->499
[592.999s][info][gc,heap        ] GC(1437) Humongous regions: 9->9
[592.999s][info][gc,metaspace   ] GC(1437) Metaspace: 19095K(19264K)->19095K(19264K) NonClass: 16431K(16512K)->16431K(16512K) Class: 2664K(2752K)->2664K(2752K)
[592.999s][info][gc             ] GC(1437) Pause Young (Normal) (G1 Evacuation Pause) 738M->516M(978M) 61.063ms
[592.999s][info][gc,cpu         ] GC(1437) User=0.12s Sys=0.00s Real=0.06s
[593.108s][info][gc,marking     ] GC(1434) Concurrent Rebuild Remembered Sets and Scrub Regions 446.204ms
[593.108s][info][gc,start       ] GC(1434) Pause Cleanup
[593.109s][info][gc             ] GC(1434) Pause Cleanup 557M->557M(978M) 0.089ms
[593.109s][info][gc,cpu         ] GC(1434) User=0.00s Sys=0.00s Real=0.00s
[593.109s][info][gc,marking     ] GC(1434) Concurrent Clear Claimed Marks
[593.109s][info][gc,marking     ] GC(1434) Concurrent Clear Claimed Marks 0.031ms
[593.109s][info][gc,marking     ] GC(1434) Concurrent Cleanup for Next Mark
[593.112s][info][gc,marking     ] GC(1434) Concurrent Cleanup for Next Mark 2.909ms
[593.112s][info][gc             ] GC(1434) Concurrent Mark Cycle 1556.863ms
[593.541s][info][gc,start       ] GC(1438) Pause Young (Prepare Mixed) (G1 Evacuation Pause)
[593.541s][info][gc,task        ] GC(1438) Using 2 workers of 2 for evacuation
[593.554s][info][gc,phases      ] GC(1438)   Pre Evacuate Collection Set: 0.33ms
[593.554s][info][gc,phases      ] GC(1438)   Merge Heap Roots: 0.14ms
[593.554s][info][gc,phases      ] GC(1438)   Evacuate Collection Set: 12.45ms
[593.554s][info][gc,phases      ] GC(1438)   Post Evacuate Collection Set: 0.52ms
[593.554s][info][gc,phases      ] GC(1438)   Other: 0.11ms
[593.554s][info][gc,heap        ] GC(1438) Eden regions: 331->0(355)
[593.554s][info][gc,heap        ] GC(1438) Survivor regions: 9->9(43)
[593.554s][info][gc,heap        ] GC(1438) Old regions: 499->499
[593.554s][info][gc,heap        ] GC(1438) Humongous regions: 9->9
[593.554s][info][gc,metaspace   ] GC(1438) Metaspace: 19095K(19264K)->19095K(19264K) NonClass: 16431K(16512K)->16431K(16512K) Class: 2664K(2752K)->2664K(2752K)
[593.554s][info][gc             ] GC(1438) Pause Young (Prepare Mixed) (G1 Evacuation Pause) 847M->516M(978M) 13.785ms
[593.554s][info][gc,cpu         ] GC(1438) User=0.03s Sys=0.00s Real=0.01s
[594.064s][info][gc,start       ] GC(1439) Pause Young (Mixed) (G1 Evacuation Pause)
[594.064s][info][gc,task        ] GC(1439) Using 2 workers of 2 for evacuation
[594.079s][info][gc,phases      ] GC(1439)   Pre Evacuate Collection Set: 0.56ms
[594.079s][info][gc,phases      ] GC(1439)   Merge Heap Roots: 0.19ms
[594.079s][info][gc,phases      ] GC(1439)   Evacuate Collection Set: 13.67ms
[594.079s][info][gc,phases      ] GC(1439)   Post Evacuate Collection Set: 0.61ms
[594.079s][info][gc,phases      ] GC(1439)   Other: 0.11ms
[594.079s][info][gc,heap        ] GC(1439) Eden regions: 355->0(391)
[594.079s][info][gc,heap        ] GC(1439) Survivor regions: 9->9(46)
[594.079s][info][gc,heap        ] GC(1439) Old regions: 499->479
[594.079s][info][gc,heap        ] GC(1439) Humongous regions: 9->9
[594.079s][info][gc,metaspace   ] GC(1439) Metaspace: 19095K(19264K)->19095K(19264K) NonClass: 16431K(16512K)->16431K(16512K) Class: 2664K(2752K)->2664K(2752K)
[594.079s][info][gc             ] GC(1439) Pause Young (Mixed) (G1 Evacuation Pause) 871M->495M(978M) 15.425ms
[594.079s][info][gc,cpu         ] GC(1439) User=0.03s Sys=0.00s Real=0.01s
[594.581s][info][gc,start       ] GC(1440) Pause Young (Concurrent Start) (G1 Evacuation Pause)
[594.581s][info][gc,task        ] GC(1440) Using 2 workers of 2 for evacuation
[594.618s][info][gc,phases      ] GC(1440)   Pre Evacuate Collection Set: 0.31ms
[594.618s][info][gc,phases      ] GC(1440)   Merge Heap Roots: 0.23ms
[594.618s][info][gc,phases      ] GC(1440)   Evacuate Collection Set: 36.30ms
[594.618s][info][gc,phases      ] GC(1440)   Post Evacuate Collection Set: 0.60ms
[594.618s][info][gc,phases      ] GC(1440)   Other: 0.11ms
[594.618s][info][gc,heap        ] GC(1440) Eden regions: 391->0(375)
[594.618s][info][gc,heap        ] GC(1440) Survivor regions: 9->29(50)
[594.618s][info][gc,heap        ] GC(1440) Old regions: 479->479
[594.618s][info][gc,heap        ] GC(1440) Humongous regions: 9->9
[594.618s][info][gc,metaspace   ] GC(1440) Metaspace: 19095K(19264K)->19095K(19264K) NonClass: 16431K(16512K)->16431K(16512K) Class: 2664K(2752K)->2664K(2752K)
[594.618s][info][gc             ] GC(1440) Pause Young (Concurrent Start) (G1 Evacuation Pause) 886M->515M(978M) 37.819ms
[594.619s][info][gc,cpu         ] GC(1440) User=0.07s Sys=0.00s Real=0.03s
[594.619s][info][gc             ] GC(1441) Concurrent Mark Cycle
[594.619s][info][gc,marking     ] GC(1441) Concurrent Scan Root Regions
[594.688s][info][gc,marking     ] GC(1441) Concurrent Scan Root Regions 69.772ms
[594.688s][info][gc,marking     ] GC(1441) Concurrent Mark
[594.688s][info][gc,marking     ] GC(1441) Concurrent Mark From Roots
[594.688s][info][gc,task        ] GC(1441) Using 1 workers of 1 for marking
[595.237s][info][gc,start       ] GC(1442) Pause Young (Normal) (G1 Evacuation Pause)
[595.238s][info][gc,task        ] GC(1442) Using 2 workers of 2 for evacuation
[595.310s][info][gc,phases      ] GC(1442)   Pre Evacuate Collection Set: 0.52ms
[595.310s][info][gc,phases      ] GC(1442)   Merge Heap Roots: 0.29ms
[595.310s][info][gc,phases      ] GC(1442)   Evacuate Collection Set: 71.03ms
[595.310s][info][gc,phases      ] GC(1442)   Post Evacuate Collection Set: 0.64ms
[595.310s][info][gc,phases      ] GC(1442)   Other: 0.09ms
[595.310s][info][gc,heap        ] GC(1442) Eden regions: 375->0(328)
[595.310s][info][gc,heap        ] GC(1442) Survivor regions: 29->51(51)
[595.310s][info][gc,heap        ] GC(1442) Old regions: 479->489
[595.310s][info][gc,heap        ] GC(1442) Humongous regions: 9->9
[595.310s][info][gc,metaspace   ] GC(1442) Metaspace: 19095K(19264K)->19095K(19264K) NonClass: 16431K(16512K)->16431K(16512K) Class: 2664K(2752K)->2664K(2752K)
[595.310s][info][gc             ] GC(1442) Pause Young (Normal) (G1 Evacuation Pause) 890M->548M(978M) 72.806ms
[595.310s][info][gc,cpu         ] GC(1442) User=0.14s Sys=0.00s Real=0.07s
[595.708s][info][gc,start       ] GC(1443) Pause Young (Normal) (G1 Evacuation Pause)
[595.708s][info][gc,task        ] GC(1443) Using 2 workers of 2 for evacuation
[595.786s][info][gc,phases      ] GC(1443)   Pre Evacuate Collection Set: 0.30ms
[595.786s][info][gc,phases      ] GC(1443)   Merge Heap Roots: 0.27ms
[595.787s][info][gc,phases      ] GC(1443)   Evacuate Collection Set: 76.86ms
[595.787s][info][gc,phases      ] GC(1443)   Post Evacuate Collection Set: 0.56ms
[595.787s][info][gc,phases      ] GC(1443)   Other: 0.10ms
[595.787s][info][gc,heap        ] GC(1443) Eden regions: 328->0(318)
[595.787s][info][gc,heap        ] GC(1443) Survivor regions: 51->25(48)
[595.787s][info][gc,heap        ] GC(1443) Old regions: 489->541
[595.787s][info][gc,heap        ] GC(1443) Humongous regions: 9->9
[595.787s][info][gc,metaspace   ] GC(1443) Metaspace: 19095K(19264K)->19095K(19264K) NonClass: 16431K(16512K)->16431K(16512K) Class: 2664K(2752K)->2664K(2752K)
[595.787s][info][gc             ] GC(1443) Pause Young (Normal) (G1 Evacuation Pause) 876M->574M(978M) 78.383ms
[595.787s][info][gc,cpu         ] GC(1443) User=0.15s Sys=0.00s Real=0.08s
[595.982s][info][gc,marking     ] GC(1441) Concurrent Mark From Roots 1293.735ms
[595.982s][info][gc,marking     ] GC(1441) Concurrent Preclean
[595.982s][info][gc,marking     ] GC(1441) Concurrent Preclean 0.051ms
[595.982s][info][gc,start       ] GC(1441) Pause Remark
[595.990s][info][gc             ] GC(1441) Pause Remark 705M->703M(978M) 7.715ms
[595.990s][info][gc,cpu         ] GC(1441) User=0.02s Sys=0.00s Real=0.00s
[595.991s][info][gc,marking     ] GC(1441) Concurrent Mark 1302.999ms
[595.991s][info][gc,marking     ] GC(1441) Concurrent Rebuild Remembered Sets and Scrub Regions
[596.177s][info][gc,start       ] GC(1444) Pause Young (Normal) (G1 Evacuation Pause)
[596.177s][info][gc,task        ] GC(1444) Using 2 workers of 2 for evacuation
[596.236s][info][gc,phases      ] GC(1444)   Pre Evacuate Collection Set: 0.31ms
[596.236s][info][gc,phases      ] GC(1444)   Merge Heap Roots: 0.33ms
[596.236s][info][gc,phases      ] GC(1444)   Evacuate Collection Set: 57.28ms
[596.236s][info][gc,phases      ] GC(1444)   Post Evacuate Collection Set: 0.53ms
[596.236s][info][gc,phases      ] GC(1444)   Other: 0.09ms
[596.236s][info][gc,heap        ] GC(1444) Eden regions: 318->0(304)
[596.236s][info][gc,heap        ] GC(1444) Survivor regions: 25->24(43)
[596.236s][info][gc,heap        ] GC(1444) Old regions: 541->566
[596.236s][info][gc,heap        ] GC(1444) Humongous regions: 7->7
[596.236s][info][gc,metaspace   ] GC(1444) Metaspace: 19095K(19264K)->19095K(19264K) NonClass: 16431K(16512K)->16431K(16512K) Class: 2664K(2752K)->2664K(2752K)
[596.236s][info][gc             ] GC(1444) Pause Young (Normal) (G1 Evacuation Pause) 890M->596M(978M) 58.742ms
[596.236s][info][gc,cpu         ] GC(1444) User=0.11s Sys=0.00s Real=0.06s
[596.482s][info][gc,marking     ] GC(1441) Concurrent Rebuild Remembered Sets and Scrub Regions 490.929ms
[596.483s][info][gc,start       ] GC(1441) Pause Cleanup
[596.483s][info][gc             ] GC(1441) Pause Cleanup 678M->678M(978M) 0.107ms
[596.483s][info][gc,cpu         ] GC(1441) User=0.00s Sys=0.00s Real=0.00s
[596.483s][info][gc,marking     ] GC(1441) Concurrent Clear Claimed Marks
[596.483s][info][gc,marking     ] GC(1441) Concurrent Clear Claimed Marks 0.058ms
[596.483s][info][gc,marking     ] GC(1441) Concurrent Cleanup for Next Mark
[596.486s][info][gc,marking     ] GC(1441) Concurrent Cleanup for Next Mark 2.838ms
[596.486s][info][gc             ] GC(1441) Concurrent Mark Cycle 1867.826ms
[597.023s][info][gc,start       ] GC(1445) Pause Young (Prepare Mixed) (G1 Evacuation Pause)
[597.023s][info][gc,task        ] GC(1445) Using 2 workers of 2 for evacuation
[597.075s][info][gc,phases      ] GC(1445)   Pre Evacuate Collection Set: 0.34ms
[597.075s][info][gc,phases      ] GC(1445)   Merge Heap Roots: 0.35ms
[597.075s][info][gc,phases      ] GC(1445)   Evacuate Collection Set: 50.76ms
[597.075s][info][gc,phases      ] GC(1445)   Post Evacuate Collection Set: 0.56ms
[597.075s][info][gc,phases      ] GC(1445)   Other: 0.11ms
[597.075s][info][gc,heap        ] GC(1445) Eden regions: 304->0(282)
[597.075s][info][gc,heap        ] GC(1445) Survivor regions: 24->24(41)
[597.075s][info][gc,heap        ] GC(1445) Old regions: 566->589
[597.075s][info][gc,heap        ] GC(1445) Humongous regions: 7->7
[597.075s][info][gc,metaspace   ] GC(1445) Metaspace: 19095K(19264K)->19095K(19264K) NonClass: 16431K(16512K)->16431K(16512K) Class: 2664K(2752K)->2664K(2752K)
[597.075s][info][gc             ] GC(1445) Pause Young (Prepare Mixed) (G1 Evacuation Pause) 900M->619M(978M) 52.379ms
[597.075s][info][gc,cpu         ] GC(1445) User=0.11s Sys=0.00s Real=0.05s
[597.718s][info][gc,start       ] GC(1446) Pause Young (Mixed) (G1 Evacuation Pause)
[597.718s][info][gc,task        ] GC(1446) Using 2 workers of 2 for evacuation
[597.744s][info][gc,phases      ] GC(1446)   Pre Evacuate Collection Set: 0.56ms
[597.744s][info][gc,phases      ] GC(1446)   Merge Heap Roots: 0.24ms
[597.744s][info][gc,phases      ] GC(1446)   Evacuate Collection Set: 24.56ms
[597.744s][info][gc,phases      ] GC(1446)   Post Evacuate Collection Set: 0.49ms
[597.744s][info][gc,phases      ] GC(1446)   Other: 0.10ms
[597.744s][info][gc,heap        ] GC(1446) Eden regions: 282->0(304)
[597.744s][info][gc,heap        ] GC(1446) Survivor regions: 24->1(39)
[597.744s][info][gc,heap        ] GC(1446) Old regions: 589->603
[597.744s][info][gc,heap        ] GC(1446) Humongous regions: 7->7
[597.744s][info][gc,metaspace   ] GC(1446) Metaspace: 19095K(19264K)->19095K(19264K) NonClass: 16431K(16512K)->16431K(16512K) Class: 2664K(2752K)->2664K(2752K)
[597.744s][info][gc             ] GC(1446) Pause Young (Mixed) (G1 Evacuation Pause) 901M->610M(978M) 26.153ms
[597.744s][info][gc,cpu         ] GC(1446) User=0.05s Sys=0.00s Real=0.03s
[598.401s][info][gc,start       ] GC(1447) Pause Young (Concurrent Start) (G1 Evacuation Pause)
[598.401s][info][gc,task        ] GC(1447) Using 2 workers of 2 for evacuation
[598.403s][info][gc,phases      ] GC(1447)   Pre Evacuate Collection Set: 0.37ms
[598.403s][info][gc,phases      ] GC(1447)   Merge Heap Roots: 0.11ms
[598.403s][info][gc,phases      ] GC(1447)   Evacuate Collection Set: 0.84ms
[598.403s][info][gc,phases      ] GC(1447)   Post Evacuate Collection Set: 0.47ms
[598.403s][info][gc,phases      ] GC(1447)   Other: 0.23ms
[598.403s][info][gc,heap        ] GC(1447) Eden regions: 304->0(314)
[598.403s][info][gc,heap        ] GC(1447) Survivor regions: 1->1(39)
[598.403s][info][gc,heap        ] GC(1447) Old regions: 603->603
[598.403s][info][gc,heap        ] GC(1447) Humongous regions: 7->7
[598.403s][info][gc,metaspace   ] GC(1447) Metaspace: 19095K(19264K)->19095K(19264K) NonClass: 16431K(16512K)->16431K(16512K) Class: 2664K(2752K)->2664K(2752K)
[598.403s][info][gc             ] GC(1447) Pause Young (Concurrent Start) (G1 Evacuation Pause) 914M->610M(978M) 2.220ms
[598.403s][info][gc,cpu         ] GC(1447) User=0.00s Sys=0.00s Real=0.00s
[598.403s][info][gc             ] GC(1448) Concurrent Mark Cycle
[598.403s][info][gc,marking     ] GC(1448) Concurrent Scan Root Regions
[598.404s][info][gc,marking     ] GC(1448) Concurrent Scan Root Regions 0.370ms
[598.404s][info][gc,marking     ] GC(1448) Concurrent Mark
[598.404s][info][gc,marking     ] GC(1448) Concurrent Mark From Roots
[598.404s][info][gc,task        ] GC(1448) Using 1 workers of 1 for marking
[599.616s][info][gc,start       ] GC(1449) Pause Young (Normal) (G1 Evacuation Pause)
[599.616s][info][gc,task        ] GC(1449) Using 2 workers of 2 for evacuation
[599.625s][info][gc,phases      ] GC(1449)   Pre Evacuate Collection Set: 0.30ms
[599.625s][info][gc,phases      ] GC(1449)   Merge Heap Roots: 0.14ms
[599.625s][info][gc,phases      ] GC(1449)   Evacuate Collection Set: 7.72ms
[599.625s][info][gc,phases      ] GC(1449)   Post Evacuate Collection Set: 0.51ms
[599.625s][info][gc,phases      ] GC(1449)   Other: 0.07ms
[599.625s][info][gc,heap        ] GC(1449) Eden regions: 314->0(304)
[599.625s][info][gc,heap        ] GC(1449) Survivor regions: 1->7(40)
[599.625s][info][gc,heap        ] GC(1449) Old regions: 603->603
[599.625s][info][gc,heap        ] GC(1449) Humongous regions: 7->7
[599.625s][info][gc,metaspace   ] GC(1449) Metaspace: 19095K(19264K)->19095K(19264K) NonClass: 16431K(16512K)->16431K(16512K) Class: 2664K(2752K)->2664K(2752K)
[599.625s][info][gc             ] GC(1449) Pause Young (Normal) (G1 Evacuation Pause) 924M->616M(978M) 8.931ms
[599.625s][info][gc,cpu         ] GC(1449) User=0.02s Sys=0.00s Real=0.01s
[599.654s][info][gc,marking     ] GC(1448) Concurrent Mark From Roots 1250.381ms
[599.654s][info][gc,marking     ] GC(1448) Concurrent Preclean
[599.654s][info][gc,marking     ] GC(1448) Concurrent Preclean 0.044ms
[599.654s][info][gc,start       ] GC(1448) Pause Remark
[599.806s][info][gc             ] GC(1448) Pause Remark 633M->633M(978M) 151.639ms
[599.806s][info][gc,cpu         ] GC(1448) User=0.31s Sys=0.00s Real=0.15s
[599.808s][info][gc,marking     ] GC(1448) Concurrent Mark 1404.770ms
[599.808s][info][gc,marking     ] GC(1448) Concurrent Rebuild Remembered Sets and Scrub Regions
[600.147s][info][gc,start       ] GC(1450) Pause Young (Normal) (G1 Evacuation Pause)
[600.147s][info][gc,task        ] GC(1450) Using 2 workers of 2 for evacuation
[600.250s][info][gc,phases      ] GC(1450)   Pre Evacuate Collection Set: 0.26ms
[600.250s][info][gc,phases      ] GC(1450)   Merge Heap Roots: 0.15ms
[600.250s][info][gc,phases      ] GC(1450)   Evacuate Collection Set: 88.57ms
[600.250s][info][gc,phases      ] GC(1450)   Post Evacuate Collection Set: 13.88ms
[600.250s][info][gc,phases      ] GC(1450)   Other: 0.10ms
[600.250s][info][gc,heap        ] GC(1450) Eden regions: 304->0(19)
[600.250s][info][gc,heap        ] GC(1450) Survivor regions: 7->39(39)
[600.250s][info][gc,heap        ] GC(1450) Old regions: 603->824
[600.250s][info][gc,heap        ] GC(1450) Humongous regions: 7->7
[600.250s][info][gc,metaspace   ] GC(1450) Metaspace: 19095K(19264K)->19095K(19264K) NonClass: 16431K(16512K)->16431K(16512K) Class: 2664K(2752K)->2664K(2752K)
[600.250s][info][gc             ] GC(1450) Pause Young (Normal) (G1 Evacuation Pause) (Evacuation Failure: Allocation) 920M->869M(978M) 103.191ms
[600.250s][info][gc,cpu         ] GC(1450) User=0.20s Sys=0.00s Real=0.10s
[600.272s][info][gc,start       ] GC(1451) Pause Young (Normal) (G1 Evacuation Pause)
[600.272s][info][gc,task        ] GC(1451) Using 2 workers of 2 for evacuation
[600.346s][info][gc,phases      ] GC(1451)   Pre Evacuate Collection Set: 0.36ms
[600.346s][info][gc,phases      ] GC(1451)   Merge Heap Roots: 0.64ms
[600.346s][info][gc,phases      ] GC(1451)   Evacuate Collection Set: 72.36ms
[600.346s][info][gc,phases      ] GC(1451)   Post Evacuate Collection Set: 0.48ms
[600.346s][info][gc,phases      ] GC(1451)   Other: 0.09ms
[600.346s][info][gc,heap        ] GC(1451) Eden regions: 19->0(197)
[600.346s][info][gc,heap        ] GC(1451) Survivor regions: 39->5(8)
[600.346s][info][gc,heap        ] GC(1451) Old regions: 824->701
[600.346s][info][gc,heap        ] GC(1451) Humongous regions: 7->7
[600.346s][info][gc,metaspace   ] GC(1451) Metaspace: 19095K(19264K)->19095K(19264K) NonClass: 16431K(16512K)->16431K(16512K) Class: 2664K(2752K)->2664K(2752K)
[600.346s][info][gc             ] GC(1451) Pause Young (Normal) (G1 Evacuation Pause) 888M->711M(978M) 74.182ms
[600.346s][info][gc,cpu         ] GC(1451) User=0.15s Sys=0.01s Real=0.07s
[600.575s][info][gc,marking     ] GC(1448) Concurrent Rebuild Remembered Sets and Scrub Regions 767.076ms
[600.576s][info][gc,start       ] GC(1448) Pause Cleanup
[600.576s][info][gc             ] GC(1448) Pause Cleanup 893M->893M(978M) 0.111ms
[600.576s][info][gc,cpu         ] GC(1448) User=0.00s Sys=0.00s Real=0.00s
[600.576s][info][gc,marking     ] GC(1448) Concurrent Clear Claimed Marks
[600.576s][info][gc,marking     ] GC(1448) Concurrent Clear Claimed Marks 0.035ms
[600.576s][info][gc,marking     ] GC(1448) Concurrent Cleanup for Next Mark
[600.581s][info][gc,marking     ] GC(1448) Concurrent Cleanup for Next Mark 4.885ms
[600.581s][info][gc             ] GC(1448) Concurrent Mark Cycle 2177.636ms
[600.604s][info][gc,start       ] GC(1452) Pause Young (Prepare Mixed) (G1 Evacuation Pause)
[600.604s][info][gc,task        ] GC(1452) Using 2 workers of 2 for evacuation
[600.662s][info][gc,phases      ] GC(1452)   Pre Evacuate Collection Set: 0.49ms
[600.662s][info][gc,phases      ] GC(1452)   Merge Heap Roots: 0.30ms
[600.662s][info][gc,phases      ] GC(1452)   Evacuate Collection Set: 56.56ms
[600.662s][info][gc,phases      ] GC(1452)   Post Evacuate Collection Set: 0.70ms
[600.662s][info][gc,phases      ] GC(1452)   Other: 0.13ms
[600.662s][info][gc,heap        ] GC(1452) Eden regions: 197->0(138)
[600.662s][info][gc,heap        ] GC(1452) Survivor regions: 5->26(26)
[600.662s][info][gc,heap        ] GC(1452) Old regions: 701->731
[600.662s][info][gc,heap        ] GC(1452) Humongous regions: 7->7
[600.662s][info][gc,metaspace   ] GC(1452) Metaspace: 19095K(19264K)->19095K(19264K) NonClass: 16431K(16512K)->16431K(16512K) Class: 2664K(2752K)->2664K(2752K)
[600.662s][info][gc             ] GC(1452) Pause Young (Prepare Mixed) (G1 Evacuation Pause) 908M->763M(978M) 58.409ms
[600.662s][info][gc,cpu         ] GC(1452) User=0.12s Sys=0.00s Real=0.06s
[600.817s][info][gc,start       ] GC(1453) Pause Young (Mixed) (G1 Evacuation Pause)
[600.817s][info][gc,task        ] GC(1453) Using 2 workers of 2 for evacuation
[600.874s][info][gc,phases      ] GC(1453)   Pre Evacuate Collection Set: 0.34ms
[600.874s][info][gc,phases      ] GC(1453)   Merge Heap Roots: 0.55ms
[600.874s][info][gc,phases      ] GC(1453)   Evacuate Collection Set: 55.76ms
[600.875s][info][gc,phases      ] GC(1453)   Post Evacuate Collection Set: 0.42ms
[600.875s][info][gc,phases      ] GC(1453)   Other: 0.07ms
[600.875s][info][gc,heap        ] GC(1453) Eden regions: 138->0(142)
[600.875s][info][gc,heap        ] GC(1453) Survivor regions: 26->13(21)
[600.875s][info][gc,heap        ] GC(1453) Old regions: 731->749
[600.875s][info][gc,heap        ] GC(1453) Humongous regions: 10->10
[600.875s][info][gc,metaspace   ] GC(1453) Metaspace: 19095K(19264K)->19095K(19264K) NonClass: 16431K(16512K)->16431K(16512K) Class: 2664K(2752K)->2664K(2752K)
[600.875s][info][gc             ] GC(1453) Pause Young (Mixed) (G1 Evacuation Pause) 904M->771M(978M) 57.379ms
[600.875s][info][gc,cpu         ] GC(1453) User=0.11s Sys=0.00s Real=0.06s
[601.032s][info][gc,start       ] GC(1454) Pause Young (Concurrent Start) (G1 Evacuation Pause)
[601.032s][info][gc,task        ] GC(1454) Using 2 workers of 2 for evacuation
[601.050s][info][gc,phases      ] GC(1454)   Pre Evacuate Collection Set: 0.36ms
[601.050s][info][gc,phases      ] GC(1454)   Merge Heap Roots: 0.09ms
[601.050s][info][gc,phases      ] GC(1454)   Evacuate Collection Set: 17.60ms
[601.050s][info][gc,phases      ] GC(1454)   Post Evacuate Collection Set: 0.39ms
[601.050s][info][gc,phases      ] GC(1454)   Other: 0.09ms
[601.050s][info][gc,heap        ] GC(1454) Eden regions: 142->0(150)
[601.050s][info][gc,heap        ] GC(1454) Survivor regions: 13->1(20)
[601.050s][info][gc,heap        ] GC(1454) Old regions: 749->763
[601.050s][info][gc,heap        ] GC(1454) Humongous regions: 10->10
[601.050s][info][gc,metaspace   ] GC(1454) Metaspace: 19095K(19264K)->19095K(19264K) NonClass: 16431K(16512K)->16431K(16512K) Class: 2664K(2752K)->2664K(2752K)
[601.050s][info][gc             ] GC(1454) Pause Young (Concurrent Start) (G1 Evacuation Pause) 913M->773M(978M) 18.805ms
[601.050s][info][gc,cpu         ] GC(1454) User=0.04s Sys=0.00s Real=0.02s
[601.050s][info][gc             ] GC(1455) Concurrent Mark Cycle
[601.050s][info][gc,marking     ] GC(1455) Concurrent Scan Root Regions
[601.095s][info][gc,marking     ] GC(1455) Concurrent Scan Root Regions 44.478ms
[601.095s][info][gc,marking     ] GC(1455) Concurrent Mark
[601.095s][info][gc,marking     ] GC(1455) Concurrent Mark From Roots
[601.095s][info][gc,task        ] GC(1455) Using 1 workers of 1 for marking
[601.293s][info][gc,start       ] GC(1456) Pause Young (Normal) (G1 Evacuation Pause)
[601.293s][info][gc,task        ] GC(1456) Using 2 workers of 2 for evacuation
[601.295s][info][gc,phases      ] GC(1456)   Pre Evacuate Collection Set: 0.50ms
[601.295s][info][gc,phases      ] GC(1456)   Merge Heap Roots: 0.08ms
[601.295s][info][gc,phases      ] GC(1456)   Evacuate Collection Set: 1.11ms
[601.295s][info][gc,phases      ] GC(1456)   Post Evacuate Collection Set: 0.35ms
[601.295s][info][gc,phases      ] GC(1456)   Other: 0.09ms
[601.295s][info][gc,heap        ] GC(1456) Eden regions: 150->0(153)
[601.295s][info][gc,heap        ] GC(1456) Survivor regions: 1->1(19)
[601.295s][info][gc,heap        ] GC(1456) Old regions: 763->763
[601.295s][info][gc,heap        ] GC(1456) Humongous regions: 10->10
[601.295s][info][gc,metaspace   ] GC(1456) Metaspace: 19095K(19264K)->19095K(19264K) NonClass: 16431K(16512K)->16431K(16512K) Class: 2664K(2752K)->2664K(2752K)
[601.295s][info][gc             ] GC(1456) Pause Young (Normal) (G1 Evacuation Pause) 923M->773M(978M) 2.359ms
[601.295s][info][gc,cpu         ] GC(1456) User=0.00s Sys=0.00s Real=0.00s
[601.603s][info][gc,start       ] GC(1457) Pause Young (Normal) (G1 Evacuation Pause)
[601.603s][info][gc,task        ] GC(1457) Using 2 workers of 2 for evacuation
[601.605s][info][gc,phases      ] GC(1457)   Pre Evacuate Collection Set: 0.31ms
[601.605s][info][gc,phases      ] GC(1457)   Merge Heap Roots: 0.07ms
[601.605s][info][gc,phases      ] GC(1457)   Evacuate Collection Set: 0.93ms
[601.605s][info][gc,phases      ] GC(1457)   Post Evacuate Collection Set: 0.34ms
[601.605s][info][gc,phases      ] GC(1457)   Other: 0.07ms
[601.605s][info][gc,heap        ] GC(1457) Eden regions: 153->0(153)
[601.605s][info][gc,heap        ] GC(1457) Survivor regions: 1->1(20)
[601.605s][info][gc,heap        ] GC(1457) Old regions: 763->763
[601.605s][info][gc,heap        ] GC(1457) Humongous regions: 10->10
[601.605s][info][gc,metaspace   ] GC(1457) Metaspace: 19095K(19264K)->19095K(19264K) NonClass: 16431K(16512K)->16431K(16512K) Class: 2664K(2752K)->2664K(2752K)
[601.605s][info][gc             ] GC(1457) Pause Young (Normal) (G1 Evacuation Pause) 926M->773M(978M) 1.947ms
[601.605s][info][gc,cpu         ] GC(1457) User=0.00s Sys=0.00s Real=0.00s
[601.847s][info][gc,start       ] GC(1458) Pause Young (Normal) (G1 Evacuation Pause)
[601.847s][info][gc,task        ] GC(1458) Using 2 workers of 2 for evacuation
[601.849s][info][gc,phases      ] GC(1458)   Pre Evacuate Collection Set: 0.29ms
[601.849s][info][gc,phases      ] GC(1458)   Merge Heap Roots: 0.08ms
[601.850s][info][gc,phases      ] GC(1458)   Evacuate Collection Set: 1.20ms
[601.850s][info][gc,phases      ] GC(1458)   Post Evacuate Collection Set: 0.36ms
[601.850s][info][gc,phases      ] GC(1458)   Other: 0.08ms
[601.850s][info][gc,heap        ] GC(1458) Eden regions: 153->0(153)
[601.850s][info][gc,heap        ] GC(1458) Survivor regions: 1->1(20)
[601.850s][info][gc,heap        ] GC(1458) Old regions: 763->763
[601.850s][info][gc,heap        ] GC(1458) Humongous regions: 10->10
[601.850s][info][gc,metaspace   ] GC(1458) Metaspace: 19095K(19264K)->19095K(19264K) NonClass: 16431K(16512K)->16431K(16512K) Class: 2664K(2752K)->2664K(2752K)
[601.850s][info][gc             ] GC(1458) Pause Young (Normal) (G1 Evacuation Pause) 926M->773M(978M) 2.202ms
[601.850s][info][gc,cpu         ] GC(1458) User=0.00s Sys=0.00s Real=0.00s
[602.085s][info][gc,marking     ] GC(1455) Concurrent Mark From Roots 990.224ms
[602.085s][info][gc,marking     ] GC(1455) Concurrent Preclean
[602.085s][info][gc,marking     ] GC(1455) Concurrent Preclean 0.060ms
[602.085s][info][gc,start       ] GC(1455) Pause Remark
[602.093s][info][gc             ] GC(1455) Pause Remark 893M->641M(978M) 8.017ms
[602.094s][info][gc,cpu         ] GC(1455) User=0.01s Sys=0.00s Real=0.01s
[602.095s][info][gc,marking     ] GC(1455) Concurrent Mark 999.748ms
[602.095s][info][gc,marking     ] GC(1455) Concurrent Rebuild Remembered Sets and Scrub Regions
[602.157s][info][gc,start       ] GC(1459) Pause Young (Normal) (G1 Evacuation Pause)
[602.157s][info][gc,task        ] GC(1459) Using 2 workers of 2 for evacuation
[602.159s][info][gc,phases      ] GC(1459)   Pre Evacuate Collection Set: 0.44ms
[602.159s][info][gc,phases      ] GC(1459)   Merge Heap Roots: 0.08ms
[602.159s][info][gc,phases      ] GC(1459)   Evacuate Collection Set: 1.40ms
[602.159s][info][gc,phases      ] GC(1459)   Post Evacuate Collection Set: 0.34ms
[602.159s][info][gc,phases      ] GC(1459)   Other: 0.10ms
[602.159s][info][gc,heap        ] GC(1459) Eden regions: 153->0(374)
[602.159s][info][gc,heap        ] GC(1459) Survivor regions: 1->1(20)
[602.159s][info][gc,heap        ] GC(1459) Old regions: 517->517
[602.159s][info][gc,heap        ] GC(1459) Humongous regions: 4->4
[602.159s][info][gc,metaspace   ] GC(1459) Metaspace: 19095K(19264K)->19095K(19264K) NonClass: 16431K(16512K)->16431K(16512K) Class: 2664K(2752K)->2664K(2752K)
[602.159s][info][gc             ] GC(1459) Pause Young (Normal) (G1 Evacuation Pause) 674M->521M(978M) 2.548ms
[602.159s][info][gc,cpu         ] GC(1459) User=0.00s Sys=0.00s Real=0.00s
[602.417s][info][gc,marking     ] GC(1455) Concurrent Rebuild Remembered Sets and Scrub Regions 322.285ms
[602.417s][info][gc,start       ] GC(1455) Pause Cleanup
[602.417s][info][gc             ] GC(1455) Pause Cleanup 669M->669M(978M) 0.180ms
[602.417s][info][gc,cpu         ] GC(1455) User=0.00s Sys=0.00s Real=0.00s
[602.417s][info][gc,marking     ] GC(1455) Concurrent Clear Claimed Marks
[602.417s][info][gc,marking     ] GC(1455) Concurrent Clear Claimed Marks 0.029ms
[602.417s][info][gc,marking     ] GC(1455) Concurrent Cleanup for Next Mark
[602.420s][info][gc,marking     ] GC(1455) Concurrent Cleanup for Next Mark 2.857ms
[602.420s][info][gc             ] GC(1455) Concurrent Mark Cycle 1369.952ms
[602.742s][info][gc,start       ] GC(1460) Pause Young (Prepare Mixed) (G1 Evacuation Pause)
[602.742s][info][gc,task        ] GC(1460) Using 2 workers of 2 for evacuation
[602.783s][info][gc,phases      ] GC(1460)   Pre Evacuate Collection Set: 0.56ms
[602.783s][info][gc,phases      ] GC(1460)   Merge Heap Roots: 0.52ms
[602.783s][info][gc,phases      ] GC(1460)   Evacuate Collection Set: 39.42ms
[602.783s][info][gc,phases      ] GC(1460)   Post Evacuate Collection Set: 0.74ms
[602.783s][info][gc,phases      ] GC(1460)   Other: 0.11ms
[602.783s][info][gc,heap        ] GC(1460) Eden regions: 374->0(358)
[602.783s][info][gc,heap        ] GC(1460) Survivor regions: 1->19(47)
[602.783s][info][gc,heap        ] GC(1460) Old regions: 517->517
[602.783s][info][gc,heap        ] GC(1460) Humongous regions: 7->7
[602.783s][info][gc,metaspace   ] GC(1460) Metaspace: 19095K(19264K)->19095K(19264K) NonClass: 16431K(16512K)->16431K(16512K) Class: 2664K(2752K)->2664K(2752K)
[602.783s][info][gc             ] GC(1460) Pause Young (Prepare Mixed) (G1 Evacuation Pause) 898M->541M(978M) 41.589ms
[602.783s][info][gc,cpu         ] GC(1460) User=0.08s Sys=0.00s Real=0.04s
[603.311s][info][gc,start       ] GC(1461) Pause Young (Mixed) (G1 Evacuation Pause)
[603.311s][info][gc,task        ] GC(1461) Using 2 workers of 2 for evacuation
[603.352s][info][gc,phases      ] GC(1461)   Pre Evacuate Collection Set: 0.31ms
[603.352s][info][gc,phases      ] GC(1461)   Merge Heap Roots: 0.45ms
[603.352s][info][gc,phases      ] GC(1461)   Evacuate Collection Set: 39.63ms
[603.352s][info][gc,phases      ] GC(1461)   Post Evacuate Collection Set: 0.77ms
[603.352s][info][gc,phases      ] GC(1461)   Other: 0.12ms
[603.352s][info][gc,heap        ] GC(1461) Eden regions: 358->0(454)
[603.352s][info][gc,heap        ] GC(1461) Survivor regions: 19->19(48)
[603.352s][info][gc,heap        ] GC(1461) Old regions: 517->422
[603.352s][info][gc,heap        ] GC(1461) Humongous regions: 7->7
[603.352s][info][gc,metaspace   ] GC(1461) Metaspace: 19095K(19264K)->19095K(19264K) NonClass: 16431K(16512K)->16431K(16512K) Class: 2664K(2752K)->2664K(2752K)
[603.352s][info][gc             ] GC(1461) Pause Young (Mixed) (G1 Evacuation Pause) 899M->446M(978M) 41.578ms
[603.352s][info][gc,cpu         ] GC(1461) User=0.08s Sys=0.00s Real=0.04s
[603.881s][info][gc,start       ] GC(1462) Pause Young (Mixed) (G1 Evacuation Pause)
[603.881s][info][gc,task        ] GC(1462) Using 2 workers of 2 for evacuation
[603.989s][info][gc,phases      ] GC(1462)   Pre Evacuate Collection Set: 0.57ms
[603.989s][info][gc,phases      ] GC(1462)   Merge Heap Roots: 0.70ms
[603.989s][info][gc,phases      ] GC(1462)   Evacuate Collection Set: 105.59ms
[603.989s][info][gc,phases      ] GC(1462)   Post Evacuate Collection Set: 0.87ms
[603.989s][info][gc,phases      ] GC(1462)   Other: 0.11ms
[603.989s][info][gc,heap        ] GC(1462) Eden regions: 454->0(430)
[603.989s][info][gc,heap        ] GC(1462) Survivor regions: 19->53(60)
[603.989s][info][gc,heap        ] GC(1462) Old regions: 422->385
[603.989s][info][gc,heap        ] GC(1462) Humongous regions: 7->7
[603.989s][info][gc,metaspace   ] GC(1462) Metaspace: 19095K(19264K)->19095K(19264K) NonClass: 16431K(16512K)->16431K(16512K) Class: 2664K(2752K)->2664K(2752K)
[603.989s][info][gc             ] GC(1462) Pause Young (Mixed) (G1 Evacuation Pause) 900M->444M(978M) 108.150ms
[603.989s][info][gc,cpu         ] GC(1462) User=0.21s Sys=0.00s Real=0.10s
[604.319s][info][gc,start       ] GC(1463) Pause Young (Concurrent Start) (G1 Evacuation Pause)
[604.319s][info][gc,task        ] GC(1463) Using 2 workers of 2 for evacuation
[604.425s][info][gc,phases      ] GC(1463)   Pre Evacuate Collection Set: 0.32ms
[604.425s][info][gc,phases      ] GC(1463)   Merge Heap Roots: 0.51ms
[604.425s][info][gc,phases      ] GC(1463)   Evacuate Collection Set: 104.07ms
[604.425s][info][gc,phases      ] GC(1463)   Post Evacuate Collection Set: 0.71ms
[604.425s][info][gc,phases      ] GC(1463)   Other: 0.20ms
[604.425s][info][gc,heap        ] GC(1463) Eden regions: 430->0(409)
[604.425s][info][gc,heap        ] GC(1463) Survivor regions: 53->31(61)
[604.425s][info][gc,heap        ] GC(1463) Old regions: 385->438
[604.425s][info][gc,heap        ] GC(1463) Humongous regions: 7->7
[604.425s][info][gc,metaspace   ] GC(1463) Metaspace: 19095K(19264K)->19095K(19264K) NonClass: 16431K(16512K)->16431K(16512K) Class: 2664K(2752K)->2664K(2752K)
[604.425s][info][gc             ] GC(1463) Pause Young (Concurrent Start) (G1 Evacuation Pause) 874M->475M(978M) 106.077ms
[604.425s][info][gc,cpu         ] GC(1463) User=0.21s Sys=0.00s Real=0.11s
[604.425s][info][gc             ] GC(1464) Concurrent Mark Cycle
[604.425s][info][gc,marking     ] GC(1464) Concurrent Scan Root Regions
[604.560s][info][gc,marking     ] GC(1464) Concurrent Scan Root Regions 135.496ms
[604.560s][info][gc,marking     ] GC(1464) Concurrent Mark
[604.560s][info][gc,marking     ] GC(1464) Concurrent Mark From Roots
[604.560s][info][gc,task        ] GC(1464) Using 1 workers of 1 for marking
[605.048s][info][gc,start       ] GC(1465) Pause Young (Normal) (G1 Evacuation Pause)
[605.049s][info][gc,task        ] GC(1465) Using 2 workers of 2 for evacuation
[605.126s][info][gc,phases      ] GC(1465)   Pre Evacuate Collection Set: 0.34ms
[605.126s][info][gc,phases      ] GC(1465)   Merge Heap Roots: 0.38ms
[605.126s][info][gc,phases      ] GC(1465)   Evacuate Collection Set: 75.85ms
[605.126s][info][gc,phases      ] GC(1465)   Post Evacuate Collection Set: 0.64ms
[605.126s][info][gc,phases      ] GC(1465)   Other: 0.10ms
[605.126s][info][gc,heap        ] GC(1465) Eden regions: 409->0(364)
[605.126s][info][gc,heap        ] GC(1465) Survivor regions: 31->41(55)
[605.126s][info][gc,heap        ] GC(1465) Old regions: 438->469
[605.126s][info][gc,heap        ] GC(1465) Humongous regions: 7->7
[605.126s][info][gc,metaspace   ] GC(1465) Metaspace: 19095K(19264K)->19095K(19264K) NonClass: 16431K(16512K)->16431K(16512K) Class: 2664K(2752K)->2664K(2752K)
[605.126s][info][gc             ] GC(1465) Pause Young (Normal) (G1 Evacuation Pause) 884M->516M(978M) 77.576ms
[605.126s][info][gc,cpu         ] GC(1465) User=0.16s Sys=0.00s Real=0.08s
[605.132s][info][gc,marking     ] GC(1464) Concurrent Mark From Roots 571.790ms
[605.132s][info][gc,marking     ] GC(1464) Concurrent Preclean
[605.132s][info][gc,marking     ] GC(1464) Concurrent Preclean 0.067ms
[605.132s][info][gc,start       ] GC(1464) Pause Remark
[605.140s][info][gc             ] GC(1464) Pause Remark 518M->410M(978M) 8.008ms
[605.140s][info][gc,cpu         ] GC(1464) User=0.01s Sys=0.00s Real=0.01s
[605.141s][info][gc,marking     ] GC(1464) Concurrent Mark 580.119ms
[605.141s][info][gc,marking     ] GC(1464) Concurrent Rebuild Remembered Sets and Scrub Regions
[605.352s][info][gc,marking     ] GC(1464) Concurrent Rebuild Remembered Sets and Scrub Regions 211.869ms
[605.353s][info][gc,start       ] GC(1464) Pause Cleanup
[605.353s][info][gc             ] GC(1464) Pause Cleanup 523M->523M(978M) 0.109ms
[605.353s][info][gc,cpu         ] GC(1464) User=0.00s Sys=0.00s Real=0.00s
[605.353s][info][gc,marking     ] GC(1464) Concurrent Clear Claimed Marks
[605.353s][info][gc,marking     ] GC(1464) Concurrent Clear Claimed Marks 0.058ms
[605.353s][info][gc,marking     ] GC(1464) Concurrent Cleanup for Next Mark
[605.359s][info][gc,marking     ] GC(1464) Concurrent Cleanup for Next Mark 5.890ms
[605.359s][info][gc             ] GC(1464) Concurrent Mark Cycle 934.638ms
[605.609s][info][gc,start       ] GC(1466) Pause Young (Prepare Mixed) (G1 Evacuation Pause)
[605.609s][info][gc,task        ] GC(1466) Using 2 workers of 2 for evacuation
[605.666s][info][gc,phases      ] GC(1466)   Pre Evacuate Collection Set: 0.33ms
[605.666s][info][gc,phases      ] GC(1466)   Merge Heap Roots: 0.37ms
[605.666s][info][gc,phases      ] GC(1466)   Evacuate Collection Set: 54.84ms
[605.666s][info][gc,phases      ] GC(1466)   Post Evacuate Collection Set: 0.60ms
[605.666s][info][gc,phases      ] GC(1466)   Other: 0.08ms
[605.666s][info][gc,heap        ] GC(1466) Eden regions: 364->0(458)
[605.666s][info][gc,heap        ] GC(1466) Survivor regions: 41->12(51)
[605.666s][info][gc,heap        ] GC(1466) Old regions: 364->405
[605.666s][info][gc,heap        ] GC(1466) Humongous regions: 4->4
[605.666s][info][gc,metaspace   ] GC(1466) Metaspace: 19095K(19264K)->19095K(19264K) NonClass: 16431K(16512K)->16431K(16512K) Class: 2664K(2752K)->2664K(2752K)
[605.666s][info][gc             ] GC(1466) Pause Young (Prepare Mixed) (G1 Evacuation Pause) 772M->419M(978M) 56.437ms
[605.666s][info][gc,cpu         ] GC(1466) User=0.12s Sys=0.00s Real=0.06s
[606.633s][info][gc,start       ] GC(1467) Pause Young (Mixed) (G1 Evacuation Pause)
[606.633s][info][gc,task        ] GC(1467) Using 2 workers of 2 for evacuation
[606.658s][info][gc,phases      ] GC(1467)   Pre Evacuate Collection Set: 0.58ms
[606.658s][info][gc,phases      ] GC(1467)   Merge Heap Roots: 0.29ms
[606.658s][info][gc,phases      ] GC(1467)   Evacuate Collection Set: 23.28ms
[606.658s][info][gc,phases      ] GC(1467)   Post Evacuate Collection Set: 0.71ms
[606.658s][info][gc,phases      ] GC(1467)   Other: 0.09ms
[606.658s][info][gc,heap        ] GC(1467) Eden regions: 458->0(505)
[606.658s][info][gc,heap        ] GC(1467) Survivor regions: 12->20(59)
[606.658s][info][gc,heap        ] GC(1467) Old regions: 405->359
[606.658s][info][gc,heap        ] GC(1467) Humongous regions: 4->4
[606.658s][info][gc,metaspace   ] GC(1467) Metaspace: 19095K(19264K)->19095K(19264K) NonClass: 16431K(16512K)->16431K(16512K) Class: 2664K(2752K)->2664K(2752K)
[606.658s][info][gc             ] GC(1467) Pause Young (Mixed) (G1 Evacuation Pause) 877M->382M(978M) 25.185ms
[606.658s][info][gc,cpu         ] GC(1467) User=0.05s Sys=0.00s Real=0.02s
[607.487s][info][gc,start       ] GC(1468) Pause Young (Concurrent Start) (G1 Evacuation Pause)
[607.487s][info][gc,task        ] GC(1468) Using 2 workers of 2 for evacuation
[607.576s][info][gc,phases      ] GC(1468)   Pre Evacuate Collection Set: 0.29ms
[607.576s][info][gc,phases      ] GC(1468)   Merge Heap Roots: 0.26ms
[607.576s][info][gc,phases      ] GC(1468)   Evacuate Collection Set: 86.70ms
[607.576s][info][gc,phases      ] GC(1468)   Post Evacuate Collection Set: 0.89ms
[607.576s][info][gc,phases      ] GC(1468)   Other: 0.12ms
[607.576s][info][gc,heap        ] GC(1468) Eden regions: 505->0(398)
[607.576s][info][gc,heap        ] GC(1468) Survivor regions: 20->66(66)
[607.576s][info][gc,heap        ] GC(1468) Old regions: 359->382
[607.576s][info][gc,heap        ] GC(1468) Humongous regions: 4->4
[607.576s][info][gc,metaspace   ] GC(1468) Metaspace: 19095K(19264K)->19095K(19264K) NonClass: 16431K(16512K)->16431K(16512K) Class: 2664K(2752K)->2664K(2752K)
[607.576s][info][gc             ] GC(1468) Pause Young (Concurrent Start) (G1 Evacuation Pause) 887M->451M(978M) 88.515ms
[607.576s][info][gc             ] GC(1469) Concurrent Mark Cycle
[607.576s][info][gc,marking     ] GC(1469) Concurrent Scan Root Regions
[607.576s][info][gc,cpu         ] GC(1468) User=0.17s Sys=0.00s Real=0.09s
[607.679s][info][gc,marking     ] GC(1469) Concurrent Scan Root Regions 103.283ms
[607.679s][info][gc,marking     ] GC(1469) Concurrent Mark
[607.679s][info][gc,marking     ] GC(1469) Concurrent Mark From Roots
[607.679s][info][gc,task        ] GC(1469) Using 1 workers of 1 for marking
[608.504s][info][gc,start       ] GC(1470) Pause Young (Normal) (G1 Evacuation Pause)
[608.504s][info][gc,task        ] GC(1470) Using 2 workers of 2 for evacuation
[608.706s][info][gc,mmu         ] GC(1470) MMU target violated: 201.0ms (200.0ms/201.0ms)
[608.706s][info][gc,phases      ] GC(1470)   Pre Evacuate Collection Set: 0.29ms
[608.706s][info][gc,phases      ] GC(1470)   Merge Heap Roots: 0.49ms
[608.706s][info][gc,phases      ] GC(1470)   Evacuate Collection Set: 178.55ms
[608.706s][info][gc,phases      ] GC(1470)   Post Evacuate Collection Set: 22.01ms
[608.706s][info][gc,phases      ] GC(1470)   Other: 0.15ms
[608.706s][info][gc,heap        ] GC(1470) Eden regions: 398->0(94)
[608.706s][info][gc,heap        ] GC(1470) Survivor regions: 66->58(58)
[608.706s][info][gc,heap        ] GC(1470) Old regions: 382->714
[608.706s][info][gc,heap        ] GC(1470) Humongous regions: 4->4
[608.706s][info][gc,metaspace   ] GC(1470) Metaspace: 19095K(19264K)->19095K(19264K) NonClass: 16431K(16512K)->16431K(16512K) Class: 2664K(2752K)->2664K(2752K)
[608.706s][info][gc             ] GC(1470) Pause Young (Normal) (G1 Evacuation Pause) (Evacuation Failure: Allocation) 849M->775M(978M) 201.672ms
[608.706s][info][gc,cpu         ] GC(1470) User=0.40s Sys=0.00s Real=0.20s
[608.903s][info][gc,start       ] GC(1471) Pause Young (Normal) (G1 Evacuation Pause)
[608.903s][info][gc,task        ] GC(1471) Using 2 workers of 2 for evacuation
[609.014s][info][gc,phases      ] GC(1471)   Pre Evacuate Collection Set: 0.59ms
[609.014s][info][gc,phases      ] GC(1471)   Merge Heap Roots: 0.92ms
[609.014s][info][gc,phases      ] GC(1471)   Evacuate Collection Set: 108.29ms
[609.014s][info][gc,phases      ] GC(1471)   Post Evacuate Collection Set: 0.74ms
[609.014s][info][gc,phases      ] GC(1471)   Other: 0.08ms
[609.014s][info][gc,heap        ] GC(1471) Eden regions: 94->0(245)
[609.014s][info][gc,heap        ] GC(1471) Survivor regions: 58->9(19)
[609.014s][info][gc,heap        ] GC(1471) Old regions: 714->624
[609.014s][info][gc,heap        ] GC(1471) Humongous regions: 5->5
[609.014s][info][gc,metaspace   ] GC(1471) Metaspace: 19095K(19264K)->19095K(19264K) NonClass: 16431K(16512K)->16431K(16512K) Class: 2664K(2752K)->2664K(2752K)
[609.014s][info][gc             ] GC(1471) Pause Young (Normal) (G1 Evacuation Pause) 870M->637M(978M) 110.854ms
[609.014s][info][gc,cpu         ] GC(1471) User=0.22s Sys=0.00s Real=0.11s
[609.066s][info][gc,marking     ] GC(1469) Concurrent Mark From Roots 1386.950ms
[609.066s][info][gc,marking     ] GC(1469) Concurrent Preclean
[609.066s][info][gc,marking     ] GC(1469) Concurrent Preclean 0.050ms
[609.066s][info][gc,start       ] GC(1469) Pause Remark
[609.074s][info][gc             ] GC(1469) Pause Remark 669M->669M(978M) 7.677ms
[609.074s][info][gc,cpu         ] GC(1469) User=0.01s Sys=0.00s Real=0.01s
[609.074s][info][gc,marking     ] GC(1469) Concurrent Mark 1395.349ms
[609.074s][info][gc,marking     ] GC(1469) Concurrent Rebuild Remembered Sets and Scrub Regions
[609.503s][info][gc,marking     ] GC(1469) Concurrent Rebuild Remembered Sets and Scrub Regions 428.416ms
[609.503s][info][gc,start       ] GC(1469) Pause Cleanup
[609.503s][info][gc             ] GC(1469) Pause Cleanup 856M->856M(978M) 0.101ms
[609.503s][info][gc,cpu         ] GC(1469) User=0.00s Sys=0.00s Real=0.00s
[609.504s][info][gc,marking     ] GC(1469) Concurrent Clear Claimed Marks
[609.504s][info][gc,marking     ] GC(1469) Concurrent Clear Claimed Marks 0.049ms
[609.505s][info][gc,marking     ] GC(1469) Concurrent Cleanup for Next Mark
[609.510s][info][gc,marking     ] GC(1469) Concurrent Cleanup for Next Mark 5.659ms
[609.510s][info][gc             ] GC(1469) Concurrent Mark Cycle 1934.466ms
[609.561s][info][gc,start       ] GC(1472) Pause Young (Prepare Mixed) (G1 Evacuation Pause)
[609.561s][info][gc,task        ] GC(1472) Using 2 workers of 2 for evacuation
[609.673s][info][gc,phases      ] GC(1472)   Pre Evacuate Collection Set: 0.54ms
[609.673s][info][gc,phases      ] GC(1472)   Merge Heap Roots: 1.15ms
[609.673s][info][gc,phases      ] GC(1472)   Evacuate Collection Set: 108.76ms
[609.673s][info][gc,phases      ] GC(1472)   Post Evacuate Collection Set: 0.94ms
[609.673s][info][gc,phases      ] GC(1472)   Other: 0.11ms
[609.673s][info][gc,heap        ] GC(1472) Eden regions: 245->0(246)
[609.673s][info][gc,heap        ] GC(1472) Survivor regions: 9->32(32)
[609.673s][info][gc,heap        ] GC(1472) Old regions: 624->584
[609.673s][info][gc,heap        ] GC(1472) Humongous regions: 13->13
[609.673s][info][gc,metaspace   ] GC(1472) Metaspace: 19095K(19264K)->19095K(19264K) NonClass: 16431K(16512K)->16431K(16512K) Class: 2664K(2752K)->2664K(2752K)
[609.673s][info][gc             ] GC(1472) Pause Young (Prepare Mixed) (G1 Evacuation Pause) 890M->628M(978M) 111.735ms
[609.673s][info][gc,cpu         ] GC(1472) User=0.22s Sys=0.00s Real=0.11s
[610.066s][info][gc,start       ] GC(1473) Pause Young (Mixed) (G1 Evacuation Pause)
[610.066s][info][gc,task        ] GC(1473) Using 2 workers of 2 for evacuation
[610.133s][info][gc,phases      ] GC(1473)   Pre Evacuate Collection Set: 0.34ms
[610.133s][info][gc,phases      ] GC(1473)   Merge Heap Roots: 0.69ms
[610.133s][info][gc,phases      ] GC(1473)   Evacuate Collection Set: 65.43ms
[610.133s][info][gc,phases      ] GC(1473)   Post Evacuate Collection Set: 0.48ms
[610.133s][info][gc,phases      ] GC(1473)   Other: 0.08ms
[610.133s][info][gc,heap        ] GC(1473) Eden regions: 246->0(260)
[610.133s][info][gc,heap        ] GC(1473) Survivor regions: 32->1(35)
[610.133s][info][gc,heap        ] GC(1473) Old regions: 584->606
[610.133s][info][gc,heap        ] GC(1473) Humongous regions: 13->13
[610.133s][info][gc,metaspace   ] GC(1473) Metaspace: 19095K(19264K)->19095K(19264K) NonClass: 16431K(16512K)->16431K(16512K) Class: 2664K(2752K)->2664K(2752K)
[610.133s][info][gc             ] GC(1473) Pause Young (Mixed) (G1 Evacuation Pause) 874M->619M(978M) 67.289ms
[610.133s][info][gc,cpu         ] GC(1473) User=0.13s Sys=0.00s Real=0.07s
[610.522s][info][gc,start       ] GC(1474) Pause Young (Concurrent Start) (G1 Evacuation Pause)
[610.522s][info][gc,task        ] GC(1474) Using 2 workers of 2 for evacuation
[610.524s][info][gc,phases      ] GC(1474)   Pre Evacuate Collection Set: 0.36ms
[610.524s][info][gc,phases      ] GC(1474)   Merge Heap Roots: 0.09ms
[610.524s][info][gc,phases      ] GC(1474)   Evacuate Collection Set: 0.51ms
[610.524s][info][gc,phases      ] GC(1474)   Post Evacuate Collection Set: 0.47ms
[610.524s][info][gc,phases      ] GC(1474)   Other: 0.10ms
[610.524s][info][gc,heap        ] GC(1474) Eden regions: 260->0(271)
[610.524s][info][gc,heap        ] GC(1474) Survivor regions: 1->1(33)
[610.524s][info][gc,heap        ] GC(1474) Old regions: 606->606
[610.524s][info][gc,heap        ] GC(1474) Humongous regions: 13->13
[610.524s][info][gc,metaspace   ] GC(1474) Metaspace: 19095K(19264K)->19095K(19264K) NonClass: 16431K(16512K)->16431K(16512K) Class: 2664K(2752K)->2664K(2752K)
[610.524s][info][gc             ] GC(1474) Pause Young (Concurrent Start) (G1 Evacuation Pause) 879M->619M(978M) 1.761ms
[610.524s][info][gc,cpu         ] GC(1474) User=0.00s Sys=0.00s Real=0.00s
[610.524s][info][gc             ] GC(1475) Concurrent Mark Cycle
[610.524s][info][gc,marking     ] GC(1475) Concurrent Scan Root Regions
[610.527s][info][gc,marking     ] GC(1475) Concurrent Scan Root Regions 3.152ms
[610.527s][info][gc,marking     ] GC(1475) Concurrent Mark
[610.527s][info][gc,marking     ] GC(1475) Concurrent Mark From Roots
[610.527s][info][gc,task        ] GC(1475) Using 1 workers of 1 for marking
[611.600s][info][gc,start       ] GC(1476) Pause Young (Normal) (G1 Evacuation Pause)
[611.600s][info][gc,task        ] GC(1476) Using 2 workers of 2 for evacuation
[611.602s][info][gc,phases      ] GC(1476)   Pre Evacuate Collection Set: 0.29ms
[611.602s][info][gc,phases      ] GC(1476)   Merge Heap Roots: 0.09ms
[611.602s][info][gc,phases      ] GC(1476)   Evacuate Collection Set: 0.28ms
[611.602s][info][gc,phases      ] GC(1476)   Post Evacuate Collection Set: 0.40ms
[611.602s][info][gc,phases      ] GC(1476)   Other: 0.10ms
[611.602s][info][gc,heap        ] GC(1476) Eden regions: 271->0(280)
[611.602s][info][gc,heap        ] GC(1476) Survivor regions: 1->1(34)
[611.602s][info][gc,heap        ] GC(1476) Old regions: 606->606
[611.602s][info][gc,heap        ] GC(1476) Humongous regions: 13->13
[611.602s][info][gc,metaspace   ] GC(1476) Metaspace: 19095K(19264K)->19095K(19264K) NonClass: 16431K(16512K)->16431K(16512K) Class: 2664K(2752K)->2664K(2752K)
[611.602s][info][gc             ] GC(1476) Pause Young (Normal) (G1 Evacuation Pause) 890M->619M(978M) 1.401ms
[611.602s][info][gc,cpu         ] GC(1476) User=0.00s Sys=0.00s Real=0.01s
[611.639s][info][gc,marking     ] GC(1475) Concurrent Mark From Roots 1112.156ms
[611.639s][info][gc,marking     ] GC(1475) Concurrent Preclean
[611.639s][info][gc,marking     ] GC(1475) Concurrent Preclean 0.042ms
[611.640s][info][gc,start       ] GC(1475) Pause Remark
[611.647s][info][gc             ] GC(1475) Pause Remark 631M->548M(978M) 7.913ms
[611.647s][info][gc,cpu         ] GC(1475) User=0.02s Sys=0.00s Real=0.01s
[611.648s][info][gc,marking     ] GC(1475) Concurrent Mark 1120.355ms
[611.648s][info][gc,marking     ] GC(1475) Concurrent Rebuild Remembered Sets and Scrub Regions
[612.025s][info][gc,marking     ] GC(1475) Concurrent Rebuild Remembered Sets and Scrub Regions 377.633ms
[612.025s][info][gc,start       ] GC(1475) Pause Cleanup
[612.026s][info][gc             ] GC(1475) Pause Cleanup 715M->715M(978M) 0.142ms
[612.026s][info][gc,cpu         ] GC(1475) User=0.00s Sys=0.00s Real=0.00s
[612.026s][info][gc,marking     ] GC(1475) Concurrent Clear Claimed Marks
[612.026s][info][gc,marking     ] GC(1475) Concurrent Clear Claimed Marks 0.036ms
[612.026s][info][gc,marking     ] GC(1475) Concurrent Cleanup for Next Mark
[612.032s][info][gc,marking     ] GC(1475) Concurrent Cleanup for Next Mark 6.499ms
[612.032s][info][gc             ] GC(1475) Concurrent Mark Cycle 1508.289ms
[612.126s][info][gc,start       ] GC(1477) Pause Young (Prepare Mixed) (G1 Evacuation Pause)
[612.126s][info][gc,task        ] GC(1477) Using 2 workers of 2 for evacuation
[612.149s][info][gc,phases      ] GC(1477)   Pre Evacuate Collection Set: 0.31ms
[612.149s][info][gc,phases      ] GC(1477)   Merge Heap Roots: 0.17ms
[612.149s][info][gc,phases      ] GC(1477)   Evacuate Collection Set: 21.73ms
[612.149s][info][gc,phases      ] GC(1477)   Post Evacuate Collection Set: 0.49ms
[612.149s][info][gc,phases      ] GC(1477)   Other: 0.12ms
[612.149s][info][gc,heap        ] GC(1477) Eden regions: 280->0(318)
[612.149s][info][gc,heap        ] GC(1477) Survivor regions: 1->19(36)
[612.149s][info][gc,heap        ] GC(1477) Old regions: 529->529
[612.149s][info][gc,heap        ] GC(1477) Humongous regions: 7->7
[612.149s][info][gc,metaspace   ] GC(1477) Metaspace: 19095K(19264K)->19095K(19264K) NonClass: 16431K(16512K)->16431K(16512K) Class: 2664K(2752K)->2664K(2752K)
[612.149s][info][gc             ] GC(1477) Pause Young (Prepare Mixed) (G1 Evacuation Pause) 816M->554M(978M) 23.051ms
[612.149s][info][gc,cpu         ] GC(1477) User=0.05s Sys=0.00s Real=0.02s
[612.432s][info][gc,start       ] GC(1478) Pause Young (Mixed) (G1 Evacuation Pause)
[612.432s][info][gc,task        ] GC(1478) Using 2 workers of 2 for evacuation
[612.494s][info][gc,phases      ] GC(1478)   Pre Evacuate Collection Set: 0.36ms
[612.494s][info][gc,phases      ] GC(1478)   Merge Heap Roots: 0.37ms
[612.494s][info][gc,phases      ] GC(1478)   Evacuate Collection Set: 60.49ms
[612.494s][info][gc,phases      ] GC(1478)   Post Evacuate Collection Set: 0.63ms
[612.495s][info][gc,phases      ] GC(1478)   Other: 0.11ms
[612.495s][info][gc,heap        ] GC(1478) Eden regions: 318->0(354)
[612.495s][info][gc,heap        ] GC(1478) Survivor regions: 19->33(43)
[612.495s][info][gc,heap        ] GC(1478) Old regions: 529->462
[612.495s][info][gc,heap        ] GC(1478) Humongous regions: 7->7
[612.495s][info][gc,metaspace   ] GC(1478) Metaspace: 19095K(19264K)->19095K(19264K) NonClass: 16431K(16512K)->16431K(16512K) Class: 2664K(2752K)->2664K(2752K)
[612.495s][info][gc             ] GC(1478) Pause Young (Mixed) (G1 Evacuation Pause) 872M->500M(978M) 62.234ms
[612.495s][info][gc,cpu         ] GC(1478) User=0.12s Sys=0.00s Real=0.06s
[613.055s][info][gc,start       ] GC(1479) Pause Young (Concurrent Start) (G1 Evacuation Pause)
[613.055s][info][gc,task        ] GC(1479) Using 2 workers of 2 for evacuation
[613.096s][info][gc,phases      ] GC(1479)   Pre Evacuate Collection Set: 0.32ms
[613.096s][info][gc,phases      ] GC(1479)   Merge Heap Roots: 0.20ms
[613.096s][info][gc,phases      ] GC(1479)   Evacuate Collection Set: 39.72ms
[613.096s][info][gc,phases      ] GC(1479)   Post Evacuate Collection Set: 0.58ms
[613.096s][info][gc,phases      ] GC(1479)   Other: 0.13ms
[613.096s][info][gc,heap        ] GC(1479) Eden regions: 354->0(362)
[613.096s][info][gc,heap        ] GC(1479) Survivor regions: 33->23(49)
[613.096s][info][gc,heap        ] GC(1479) Old regions: 462->480
[613.096s][info][gc,heap        ] GC(1479) Humongous regions: 7->7
[613.096s][info][gc,metaspace   ] GC(1479) Metaspace: 19095K(19264K)->19095K(19264K) NonClass: 16431K(16512K)->16431K(16512K) Class: 2664K(2752K)->2664K(2752K)
[613.096s][info][gc             ] GC(1479) Pause Young (Concurrent Start) (G1 Evacuation Pause) 854M->508M(978M) 41.230ms
[613.096s][info][gc,cpu         ] GC(1479) User=0.08s Sys=0.00s Real=0.04s
[613.096s][info][gc             ] GC(1480) Concurrent Mark Cycle
[613.098s][info][gc,marking     ] GC(1480) Concurrent Scan Root Regions
[613.176s][info][gc,marking     ] GC(1480) Concurrent Scan Root Regions 77.189ms
[613.176s][info][gc,marking     ] GC(1480) Concurrent Mark
[613.176s][info][gc,marking     ] GC(1480) Concurrent Mark From Roots
[613.176s][info][gc,task        ] GC(1480) Using 1 workers of 1 for marking
[614.372s][info][gc,marking     ] GC(1480) Concurrent Mark From Roots 1196.706ms
[614.372s][info][gc,marking     ] GC(1480) Concurrent Preclean
[614.372s][info][gc,marking     ] GC(1480) Concurrent Preclean 0.052ms
[614.373s][info][gc,start       ] GC(1480) Pause Remark
[614.380s][info][gc             ] GC(1480) Pause Remark 868M->868M(978M) 7.853ms
[614.380s][info][gc,cpu         ] GC(1480) User=0.01s Sys=0.00s Real=0.01s
[614.380s][info][gc,marking     ] GC(1480) Concurrent Mark 1204.906ms
[614.381s][info][gc,marking     ] GC(1480) Concurrent Rebuild Remembered Sets and Scrub Regions
[614.388s][info][gc,start       ] GC(1481) Pause Young (Normal) (G1 Evacuation Pause)
[614.389s][info][gc,task        ] GC(1481) Using 2 workers of 2 for evacuation
[614.425s][info][gc,phases      ] GC(1481)   Pre Evacuate Collection Set: 0.25ms
[614.425s][info][gc,phases      ] GC(1481)   Merge Heap Roots: 0.20ms
[614.425s][info][gc,phases      ] GC(1481)   Evacuate Collection Set: 35.82ms
[614.425s][info][gc,phases      ] GC(1481)   Post Evacuate Collection Set: 0.55ms
[614.425s][info][gc,phases      ] GC(1481)   Other: 0.09ms
[614.425s][info][gc,heap        ] GC(1481) Eden regions: 362->0(360)
[614.425s][info][gc,heap        ] GC(1481) Survivor regions: 23->36(49)
[614.425s][info][gc,heap        ] GC(1481) Old regions: 480->480
[614.426s][info][gc,heap        ] GC(1481) Humongous regions: 7->7
[614.426s][info][gc,metaspace   ] GC(1481) Metaspace: 19095K(19264K)->19095K(19264K) NonClass: 16431K(16512K)->16431K(16512K) Class: 2664K(2752K)->2664K(2752K)
[614.426s][info][gc             ] GC(1481) Pause Young (Normal) (G1 Evacuation Pause) 870M->521M(978M) 37.070ms
[614.426s][info][gc,cpu         ] GC(1481) User=0.07s Sys=0.00s Real=0.04s
[614.784s][info][gc,marking     ] GC(1480) Concurrent Rebuild Remembered Sets and Scrub Regions 403.127ms
[614.784s][info][gc,start       ] GC(1480) Pause Cleanup
[614.784s][info][gc             ] GC(1480) Pause Cleanup 761M->761M(978M) 0.097ms
[614.784s][info][gc,cpu         ] GC(1480) User=0.00s Sys=0.00s Real=0.00s
[614.786s][info][gc,marking     ] GC(1480) Concurrent Clear Claimed Marks
[614.786s][info][gc,marking     ] GC(1480) Concurrent Clear Claimed Marks 0.047ms
[614.786s][info][gc,marking     ] GC(1480) Concurrent Cleanup for Next Mark
[614.789s][info][gc,marking     ] GC(1480) Concurrent Cleanup for Next Mark 2.843ms
[614.789s][info][gc             ] GC(1480) Concurrent Mark Cycle 1692.851ms
[615.011s][info][gc,start       ] GC(1482) Pause Young (Prepare Mixed) (G1 Evacuation Pause)
[615.011s][info][gc,task        ] GC(1482) Using 2 workers of 2 for evacuation
[615.118s][info][gc,phases      ] GC(1482)   Pre Evacuate Collection Set: 0.31ms
[615.118s][info][gc,phases      ] GC(1482)   Merge Heap Roots: 0.26ms
[615.118s][info][gc,phases      ] GC(1482)   Evacuate Collection Set: 103.21ms
[615.118s][info][gc,phases      ] GC(1482)   Post Evacuate Collection Set: 2.95ms
[615.118s][info][gc,phases      ] GC(1482)   Other: 0.10ms
[615.118s][info][gc,heap        ] GC(1482) Eden regions: 360->0(268)
[615.118s][info][gc,heap        ] GC(1482) Survivor regions: 36->50(50)
[615.118s][info][gc,heap        ] GC(1482) Old regions: 480->552
[615.118s][info][gc,heap        ] GC(1482) Humongous regions: 8->8
[615.118s][info][gc,metaspace   ] GC(1482) Metaspace: 19095K(19264K)->19095K(19264K) NonClass: 16431K(16512K)->16431K(16512K) Class: 2664K(2752K)->2664K(2752K)
[615.118s][info][gc             ] GC(1482) Pause Young (Prepare Mixed) (G1 Evacuation Pause) (Evacuation Failure: Allocation) 882M->609M(978M) 107.117ms
[615.118s][info][gc,cpu         ] GC(1482) User=0.21s Sys=0.00s Real=0.10s
[615.524s][info][gc,start       ] GC(1483) Pause Young (Mixed) (G1 Evacuation Pause)
[615.524s][info][gc,task        ] GC(1483) Using 2 workers of 2 for evacuation
[615.590s][info][gc,phases      ] GC(1483)   Pre Evacuate Collection Set: 0.38ms
[615.590s][info][gc,phases      ] GC(1483)   Merge Heap Roots: 0.59ms
[615.590s][info][gc,phases      ] GC(1483)   Evacuate Collection Set: 64.80ms
[615.590s][info][gc,phases      ] GC(1483)   Post Evacuate Collection Set: 0.57ms
[615.590s][info][gc,phases      ] GC(1483)   Other: 0.11ms
[615.590s][info][gc,heap        ] GC(1483) Eden regions: 268->0(305)
[615.590s][info][gc,heap        ] GC(1483) Survivor regions: 50->2(40)
[615.590s][info][gc,heap        ] GC(1483) Old regions: 552->568
[615.590s][info][gc,heap        ] GC(1483) Humongous regions: 10->10
[615.590s][info][gc,metaspace   ] GC(1483) Metaspace: 19095K(19264K)->19095K(19264K) NonClass: 16431K(16512K)->16431K(16512K) Class: 2664K(2752K)->2664K(2752K)
[615.590s][info][gc             ] GC(1483) Pause Young (Mixed) (G1 Evacuation Pause) 879M->579M(978M) 66.706ms
[615.590s][info][gc,cpu         ] GC(1483) User=0.13s Sys=0.00s Real=0.06s
[616.028s][info][gc,start       ] GC(1484) Pause Young (Concurrent Start) (G1 Evacuation Pause)
[616.028s][info][gc,task        ] GC(1484) Using 2 workers of 2 for evacuation
[616.033s][info][gc,phases      ] GC(1484)   Pre Evacuate Collection Set: 0.33ms
[616.033s][info][gc,phases      ] GC(1484)   Merge Heap Roots: 0.16ms
[616.033s][info][gc,phases      ] GC(1484)   Evacuate Collection Set: 3.86ms
[616.033s][info][gc,phases      ] GC(1484)   Post Evacuate Collection Set: 0.48ms
[616.033s][info][gc,phases      ] GC(1484)   Other: 0.12ms
[616.033s][info][gc,heap        ] GC(1484) Eden regions: 305->0(321)
[616.033s][info][gc,heap        ] GC(1484) Survivor regions: 2->2(39)
[616.033s][info][gc,heap        ] GC(1484) Old regions: 568->568
[616.033s][info][gc,heap        ] GC(1484) Humongous regions: 10->10
[616.033s][info][gc,metaspace   ] GC(1484) Metaspace: 19095K(19264K)->19095K(19264K) NonClass: 16431K(16512K)->16431K(16512K) Class: 2664K(2752K)->2664K(2752K)
[616.033s][info][gc             ] GC(1484) Pause Young (Concurrent Start) (G1 Evacuation Pause) 884M->579M(978M) 5.249ms
[616.033s][info][gc,cpu         ] GC(1484) User=0.01s Sys=0.00s Real=0.01s
[616.033s][info][gc             ] GC(1485) Concurrent Mark Cycle
[616.033s][info][gc,marking     ] GC(1485) Concurrent Scan Root Regions
[616.037s][info][gc,marking     ] GC(1485) Concurrent Scan Root Regions 3.581ms
[616.037s][info][gc,marking     ] GC(1485) Concurrent Mark
[616.037s][info][gc,marking     ] GC(1485) Concurrent Mark From Roots
[616.037s][info][gc,task        ] GC(1485) Using 1 workers of 1 for marking
[617.137s][info][gc,marking     ] GC(1485) Concurrent Mark From Roots 1100.258ms
[617.137s][info][gc,marking     ] GC(1485) Concurrent Preclean
[617.137s][info][gc,marking     ] GC(1485) Concurrent Preclean 0.051ms
[617.138s][info][gc,start       ] GC(1485) Pause Remark
[617.145s][info][gc             ] GC(1485) Pause Remark 873M->793M(978M) 7.809ms
[617.145s][info][gc,cpu         ] GC(1485) User=0.02s Sys=0.00s Real=0.01s
[617.147s][info][gc,marking     ] GC(1485) Concurrent Mark 1109.488ms
[617.147s][info][gc,marking     ] GC(1485) Concurrent Rebuild Remembered Sets and Scrub Regions
[617.207s][info][gc,start       ] GC(1486) Pause Young (Normal) (G1 Evacuation Pause)
[617.207s][info][gc,task        ] GC(1486) Using 2 workers of 2 for evacuation
[617.212s][info][gc,phases      ] GC(1486)   Pre Evacuate Collection Set: 0.26ms
[617.212s][info][gc,phases      ] GC(1486)   Merge Heap Roots: 0.13ms
[617.212s][info][gc,phases      ] GC(1486)   Evacuate Collection Set: 3.97ms
[617.212s][info][gc,phases      ] GC(1486)   Post Evacuate Collection Set: 0.47ms
[617.212s][info][gc,phases      ] GC(1486)   Other: 0.10ms
[617.212s][info][gc,heap        ] GC(1486) Eden regions: 321->0(392)
[617.212s][info][gc,heap        ] GC(1486) Survivor regions: 2->2(41)
[617.212s][info][gc,heap        ] GC(1486) Old regions: 491->491
[617.212s][info][gc,heap        ] GC(1486) Humongous regions: 7->7
[617.212s][info][gc,metaspace   ] GC(1486) Metaspace: 19095K(19264K)->19095K(19264K) NonClass: 16431K(16512K)->16431K(16512K) Class: 2664K(2752K)->2664K(2752K)
[617.212s][info][gc             ] GC(1486) Pause Young (Normal) (G1 Evacuation Pause) 820M->499M(978M) 5.125ms
[617.212s][info][gc,cpu         ] GC(1486) User=0.01s Sys=0.00s Real=0.01s
[617.546s][info][gc,marking     ] GC(1485) Concurrent Rebuild Remembered Sets and Scrub Regions 399.157ms
[617.546s][info][gc,start       ] GC(1485) Pause Cleanup
[617.546s][info][gc             ] GC(1485) Pause Cleanup 727M->727M(978M) 0.108ms
[617.546s][info][gc,cpu         ] GC(1485) User=0.00s Sys=0.00s Real=0.00s
[617.547s][info][gc,marking     ] GC(1485) Concurrent Clear Claimed Marks
[617.547s][info][gc,marking     ] GC(1485) Concurrent Clear Claimed Marks 0.060ms
[617.547s][info][gc,marking     ] GC(1485) Concurrent Cleanup for Next Mark
[617.554s][info][gc,marking     ] GC(1485) Concurrent Cleanup for Next Mark 7.181ms
[617.554s][info][gc             ] GC(1485) Concurrent Mark Cycle 1520.836ms
[617.702s][info][gc,start       ] GC(1487) Pause Young (Prepare Mixed) (G1 Evacuation Pause)
[617.702s][info][gc,task        ] GC(1487) Using 2 workers of 2 for evacuation
[617.740s][info][gc,phases      ] GC(1487)   Pre Evacuate Collection Set: 0.29ms
[617.740s][info][gc,phases      ] GC(1487)   Merge Heap Roots: 0.29ms
[617.740s][info][gc,phases      ] GC(1487)   Evacuate Collection Set: 36.98ms
[617.740s][info][gc,phases      ] GC(1487)   Post Evacuate Collection Set: 0.60ms
[617.740s][info][gc,phases      ] GC(1487)   Other: 0.10ms
[617.740s][info][gc,heap        ] GC(1487) Eden regions: 392->0(366)
[617.740s][info][gc,heap        ] GC(1487) Survivor regions: 2->31(50)
[617.740s][info][gc,heap        ] GC(1487) Old regions: 491->491
[617.740s][info][gc,heap        ] GC(1487) Humongous regions: 7->7
[617.740s][info][gc,metaspace   ] GC(1487) Metaspace: 19095K(19264K)->19095K(19264K) NonClass: 16431K(16512K)->16431K(16512K) Class: 2664K(2752K)->2664K(2752K)
[617.740s][info][gc             ] GC(1487) Pause Young (Prepare Mixed) (G1 Evacuation Pause) 891M->528M(978M) 38.494ms
[617.740s][info][gc,cpu         ] GC(1487) User=0.08s Sys=0.00s Real=0.03s
[618.104s][info][gc,start       ] GC(1488) Pause Young (Mixed) (G1 Evacuation Pause)
[618.104s][info][gc,task        ] GC(1488) Using 2 workers of 2 for evacuation
[618.199s][info][gc,phases      ] GC(1488)   Pre Evacuate Collection Set: 0.33ms
[618.199s][info][gc,phases      ] GC(1488)   Merge Heap Roots: 0.78ms
[618.199s][info][gc,phases      ] GC(1488)   Evacuate Collection Set: 92.73ms
[618.199s][info][gc,phases      ] GC(1488)   Post Evacuate Collection Set: 0.66ms
[618.199s][info][gc,phases      ] GC(1488)   Other: 0.11ms
[618.199s][info][gc,heap        ] GC(1488) Eden regions: 366->0(358)
[618.199s][info][gc,heap        ] GC(1488) Survivor regions: 31->34(50)
[618.199s][info][gc,heap        ] GC(1488) Old regions: 491->486
[618.199s][info][gc,heap        ] GC(1488) Humongous regions: 7->7
[618.199s][info][gc,metaspace   ] GC(1488) Metaspace: 19095K(19264K)->19095K(19264K) NonClass: 16431K(16512K)->16431K(16512K) Class: 2664K(2752K)->2664K(2752K)
[618.199s][info][gc             ] GC(1488) Pause Young (Mixed) (G1 Evacuation Pause) 894M->526M(978M) 94.858ms
[618.199s][info][gc,cpu         ] GC(1488) User=0.19s Sys=0.00s Real=0.09s
[618.596s][info][gc,start       ] GC(1489) Pause Young (Concurrent Start) (G1 Evacuation Pause)
[618.596s][info][gc,task        ] GC(1489) Using 2 workers of 2 for evacuation
[618.684s][info][gc,phases      ] GC(1489)   Pre Evacuate Collection Set: 0.37ms
[618.684s][info][gc,phases      ] GC(1489)   Merge Heap Roots: 0.30ms
[618.684s][info][gc,phases      ] GC(1489)   Evacuate Collection Set: 86.49ms
[618.684s][info][gc,phases      ] GC(1489)   Post Evacuate Collection Set: 0.64ms
[618.684s][info][gc,phases      ] GC(1489)   Other: 0.21ms
[618.684s][info][gc,heap        ] GC(1489) Eden regions: 358->0(302)
[618.684s][info][gc,heap        ] GC(1489) Survivor regions: 34->49(49)
[618.684s][info][gc,heap        ] GC(1489) Old regions: 486->521
[618.684s][info][gc,heap        ] GC(1489) Humongous regions: 7->7
[618.684s][info][gc,metaspace   ] GC(1489) Metaspace: 19095K(19264K)->19095K(19264K) NonClass: 16431K(16512K)->16431K(16512K) Class: 2664K(2752K)->2664K(2752K)
[618.684s][info][gc             ] GC(1489) Pause Young (Concurrent Start) (G1 Evacuation Pause) 884M->576M(978M) 88.275ms
[618.684s][info][gc,cpu         ] GC(1489) User=0.18s Sys=0.00s Real=0.09s
[618.684s][info][gc             ] GC(1490) Concurrent Mark Cycle
[618.686s][info][gc,marking     ] GC(1490) Concurrent Scan Root Regions
[618.804s][info][gc,marking     ] GC(1490) Concurrent Scan Root Regions 117.890ms
[618.804s][info][gc,marking     ] GC(1490) Concurrent Mark
[618.804s][info][gc,marking     ] GC(1490) Concurrent Mark From Roots
[618.804s][info][gc,task        ] GC(1490) Using 1 workers of 1 for marking
[619.180s][info][gc,start       ] GC(1491) Pause Young (Normal) (G1 Evacuation Pause)
[619.181s][info][gc,task        ] GC(1491) Using 2 workers of 2 for evacuation
[619.236s][info][gc,phases      ] GC(1491)   Pre Evacuate Collection Set: 0.33ms
[619.236s][info][gc,phases      ] GC(1491)   Merge Heap Roots: 0.32ms
[619.236s][info][gc,phases      ] GC(1491)   Evacuate Collection Set: 54.42ms
[619.236s][info][gc,phases      ] GC(1491)   Post Evacuate Collection Set: 0.52ms
[619.236s][info][gc,phases      ] GC(1491)   Other: 0.10ms
[619.236s][info][gc,heap        ] GC(1491) Eden regions: 302->0(317)
[619.236s][info][gc,heap        ] GC(1491) Survivor regions: 49->5(44)
[619.236s][info][gc,heap        ] GC(1491) Old regions: 521->570
[619.236s][info][gc,heap        ] GC(1491) Humongous regions: 7->7
[619.236s][info][gc,metaspace   ] GC(1491) Metaspace: 19095K(19264K)->19095K(19264K) NonClass: 16431K(16512K)->16431K(16512K) Class: 2664K(2752K)->2664K(2752K)
[619.236s][info][gc             ] GC(1491) Pause Young (Normal) (G1 Evacuation Pause) 878M->580M(978M) 55.953ms
[619.236s][info][gc,cpu         ] GC(1491) User=0.11s Sys=0.00s Real=0.05s
[619.750s][info][gc,start       ] GC(1492) Pause Young (Normal) (G1 Evacuation Pause)
[619.750s][info][gc,task        ] GC(1492) Using 2 workers of 2 for evacuation
[619.793s][info][gc,phases      ] GC(1492)   Pre Evacuate Collection Set: 0.31ms
[619.793s][info][gc,phases      ] GC(1492)   Merge Heap Roots: 0.26ms
[619.793s][info][gc,phases      ] GC(1492)   Evacuate Collection Set: 41.74ms
[619.793s][info][gc,phases      ] GC(1492)   Post Evacuate Collection Set: 0.52ms
[619.793s][info][gc,phases      ] GC(1492)   Other: 0.09ms
[619.793s][info][gc,heap        ] GC(1492) Eden regions: 317->0(273)
[619.793s][info][gc,heap        ] GC(1492) Survivor regions: 5->39(41)
[619.793s][info][gc,heap        ] GC(1492) Old regions: 570->570
[619.793s][info][gc,heap        ] GC(1492) Humongous regions: 7->7
[619.793s][info][gc,metaspace   ] GC(1492) Metaspace: 19102K(19264K)->19102K(19264K) NonClass: 16438K(16512K)->16438K(16512K) Class: 2664K(2752K)->2664K(2752K)
[619.793s][info][gc             ] GC(1492) Pause Young (Normal) (G1 Evacuation Pause) 897M->614M(978M) 43.159ms
[619.793s][info][gc,cpu         ] GC(1492) User=0.09s Sys=0.00s Real=0.05s
[620.292s][info][gc,marking     ] GC(1490) Concurrent Mark From Roots 1487.386ms
[620.292s][info][gc,marking     ] GC(1490) Concurrent Preclean
[620.292s][info][gc,marking     ] GC(1490) Concurrent Preclean 0.047ms
[620.292s][info][gc,start       ] GC(1490) Pause Remark
[620.300s][info][gc             ] GC(1490) Pause Remark 858M->858M(978M) 7.729ms
[620.300s][info][gc,cpu         ] GC(1490) User=0.02s Sys=0.00s Real=0.00s
[620.300s][info][gc,marking     ] GC(1490) Concurrent Mark 1495.464ms
[620.300s][info][gc,marking     ] GC(1490) Concurrent Rebuild Remembered Sets and Scrub Regions
[620.374s][info][gc,start       ] GC(1493) Pause Young (Normal) (G1 Evacuation Pause)
[620.374s][info][gc,task        ] GC(1493) Using 2 workers of 2 for evacuation
[620.466s][info][gc,phases      ] GC(1493)   Pre Evacuate Collection Set: 0.30ms
[620.466s][info][gc,phases      ] GC(1493)   Merge Heap Roots: 0.20ms
[620.466s][info][gc,phases      ] GC(1493)   Evacuate Collection Set: 86.75ms
[620.467s][info][gc,phases      ] GC(1493)   Post Evacuate Collection Set: 4.59ms
[620.467s][info][gc,phases      ] GC(1493)   Other: 0.08ms
[620.467s][info][gc,heap        ] GC(1493) Eden regions: 273->0(113)
[620.467s][info][gc,heap        ] GC(1493) Survivor regions: 39->39(39)
[620.467s][info][gc,heap        ] GC(1493) Old regions: 570->730
[620.467s][info][gc,heap        ] GC(1493) Humongous regions: 7->7
[620.467s][info][gc,metaspace   ] GC(1493) Metaspace: 19102K(19264K)->19102K(19264K) NonClass: 16438K(16512K)->16438K(16512K) Class: 2664K(2752K)->2664K(2752K)
[620.467s][info][gc             ] GC(1493) Pause Young (Normal) (G1 Evacuation Pause) (Evacuation Failure: Allocation) 887M->775M(978M) 92.182ms
[620.467s][info][gc,cpu         ] GC(1493) User=0.19s Sys=0.00s Real=0.09s
[620.674s][info][gc,start       ] GC(1494) Pause Young (Normal) (G1 Evacuation Pause)
[620.674s][info][gc,task        ] GC(1494) Using 2 workers of 2 for evacuation
[620.722s][info][gc,phases      ] GC(1494)   Pre Evacuate Collection Set: 0.57ms
[620.722s][info][gc,phases      ] GC(1494)   Merge Heap Roots: 0.37ms
[620.722s][info][gc,phases      ] GC(1494)   Evacuate Collection Set: 46.97ms
[620.722s][info][gc,phases      ] GC(1494)   Post Evacuate Collection Set: 0.47ms
[620.722s][info][gc,phases      ] GC(1494)   Other: 0.10ms
[620.722s][info][gc,heap        ] GC(1494) Eden regions: 113->0(219)
[620.722s][info][gc,heap        ] GC(1494) Survivor regions: 39->2(19)
[620.722s][info][gc,heap        ] GC(1494) Old regions: 730->669
[620.722s][info][gc,heap        ] GC(1494) Humongous regions: 7->7
[620.722s][info][gc,metaspace   ] GC(1494) Metaspace: 19102K(19264K)->19102K(19264K) NonClass: 16438K(16512K)->16438K(16512K) Class: 2664K(2752K)->2664K(2752K)
[620.722s][info][gc             ] GC(1494) Pause Young (Normal) (G1 Evacuation Pause) 888M->677M(978M) 48.772ms
[620.722s][info][gc,cpu         ] GC(1494) User=0.10s Sys=0.00s Real=0.05s
[620.933s][info][gc,marking     ] GC(1490) Concurrent Rebuild Remembered Sets and Scrub Regions 633.097ms
[620.935s][info][gc,start       ] GC(1490) Pause Cleanup
[620.935s][info][gc             ] GC(1490) Pause Cleanup 840M->840M(978M) 0.120ms
[620.935s][info][gc,cpu         ] GC(1490) User=0.00s Sys=0.00s Real=0.00s
[620.935s][info][gc,marking     ] GC(1490) Concurrent Clear Claimed Marks
[620.935s][info][gc,marking     ] GC(1490) Concurrent Clear Claimed Marks 0.031ms
[620.935s][info][gc,marking     ] GC(1490) Concurrent Cleanup for Next Mark
[620.942s][info][gc,marking     ] GC(1490) Concurrent Cleanup for Next Mark 6.886ms
[620.942s][info][gc             ] GC(1490) Concurrent Mark Cycle 2257.604ms
[621.013s][info][gc,start       ] GC(1495) Pause Young (Prepare Mixed) (G1 Evacuation Pause)
[621.013s][info][gc,task        ] GC(1495) Using 2 workers of 2 for evacuation
[621.027s][info][gc,phases      ] GC(1495)   Pre Evacuate Collection Set: 0.31ms
[621.027s][info][gc,phases      ] GC(1495)   Merge Heap Roots: 0.20ms
[621.027s][info][gc,phases      ] GC(1495)   Evacuate Collection Set: 12.90ms
[621.027s][info][gc,phases      ] GC(1495)   Post Evacuate Collection Set: 0.48ms
[621.027s][info][gc,phases      ] GC(1495)   Other: 0.09ms
[621.027s][info][gc,heap        ] GC(1495) Eden regions: 219->0(223)
[621.027s][info][gc,heap        ] GC(1495) Survivor regions: 2->10(28)
[621.027s][info][gc,heap        ] GC(1495) Old regions: 669->669
[621.027s][info][gc,heap        ] GC(1495) Humongous regions: 7->7
[621.027s][info][gc,metaspace   ] GC(1495) Metaspace: 19102K(19264K)->19102K(19264K) NonClass: 16438K(16512K)->16438K(16512K) Class: 2664K(2752K)->2664K(2752K)
[621.028s][info][gc             ] GC(1495) Pause Young (Prepare Mixed) (G1 Evacuation Pause) 896M->684M(978M) 14.228ms
[621.028s][info][gc,cpu         ] GC(1495) User=0.03s Sys=0.00s Real=0.01s
[621.306s][info][gc,start       ] GC(1496) Pause Young (Mixed) (G1 Evacuation Pause)
[621.306s][info][gc,task        ] GC(1496) Using 2 workers of 2 for evacuation
[621.340s][info][gc,phases      ] GC(1496)   Pre Evacuate Collection Set: 0.32ms
[621.340s][info][gc,phases      ] GC(1496)   Merge Heap Roots: 0.48ms
[621.340s][info][gc,phases      ] GC(1496)   Evacuate Collection Set: 32.99ms
[621.341s][info][gc,phases      ] GC(1496)   Post Evacuate Collection Set: 0.47ms
[621.341s][info][gc,phases      ] GC(1496)   Other: 0.10ms
[621.341s][info][gc,heap        ] GC(1496) Eden regions: 223->0(237)
[621.341s][info][gc,heap        ] GC(1496) Survivor regions: 10->11(30)
[621.341s][info][gc,heap        ] GC(1496) Old regions: 669->662
[621.341s][info][gc,heap        ] GC(1496) Humongous regions: 7->7
[621.341s][info][gc,metaspace   ] GC(1496) Metaspace: 19102K(19264K)->19102K(19264K) NonClass: 16438K(16512K)->16438K(16512K) Class: 2664K(2752K)->2664K(2752K)
[621.341s][info][gc             ] GC(1496) Pause Young (Mixed) (G1 Evacuation Pause) 907M->679M(978M) 34.608ms
[621.341s][info][gc,cpu         ] GC(1496) User=0.07s Sys=0.00s Real=0.04s
[621.583s][info][gc,start       ] GC(1497) Pause Young (Concurrent Start) (G1 Humongous Allocation)
[621.583s][info][gc,task        ] GC(1497) Using 2 workers of 2 for evacuation
[621.614s][info][gc,phases      ] GC(1497)   Pre Evacuate Collection Set: 0.37ms
[621.614s][info][gc,phases      ] GC(1497)   Merge Heap Roots: 0.34ms
[621.614s][info][gc,phases      ] GC(1497)   Evacuate Collection Set: 29.50ms
[621.614s][info][gc,phases      ] GC(1497)   Post Evacuate Collection Set: 0.58ms
[621.614s][info][gc,phases      ] GC(1497)   Other: 0.23ms
[621.614s][info][gc,heap        ] GC(1497) Eden regions: 169->0(225)
[621.614s][info][gc,heap        ] GC(1497) Survivor regions: 11->17(31)
[621.614s][info][gc,heap        ] GC(1497) Old regions: 662->662
[621.614s][info][gc,heap        ] GC(1497) Humongous regions: 7->7
[621.614s][info][gc,metaspace   ] GC(1497) Metaspace: 19102K(19264K)->19102K(19264K) NonClass: 16438K(16512K)->16438K(16512K) Class: 2664K(2752K)->2664K(2752K)
[621.614s][info][gc             ] GC(1497) Pause Young (Concurrent Start) (G1 Humongous Allocation) 847M->685M(978M) 31.273ms
[621.614s][info][gc,cpu         ] GC(1497) User=0.06s Sys=0.00s Real=0.03s
[621.614s][info][gc             ] GC(1498) Concurrent Mark Cycle
[621.614s][info][gc,marking     ] GC(1498) Concurrent Scan Root Regions
[621.660s][info][gc,marking     ] GC(1498) Concurrent Scan Root Regions 46.219ms
[621.660s][info][gc,marking     ] GC(1498) Concurrent Mark
[621.660s][info][gc,marking     ] GC(1498) Concurrent Mark From Roots
[621.660s][info][gc,task        ] GC(1498) Using 1 workers of 1 for marking
[622.229s][info][gc,start       ] GC(1499) Pause Young (Normal) (G1 Evacuation Pause)
[622.229s][info][gc,task        ] GC(1499) Using 2 workers of 2 for evacuation
[622.298s][info][gc,phases      ] GC(1499)   Pre Evacuate Collection Set: 0.54ms
[622.298s][info][gc,phases      ] GC(1499)   Merge Heap Roots: 0.41ms
[622.298s][info][gc,phases      ] GC(1499)   Evacuate Collection Set: 67.18ms
[622.298s][info][gc,phases      ] GC(1499)   Post Evacuate Collection Set: 0.62ms
[622.298s][info][gc,phases      ] GC(1499)   Other: 0.10ms
[622.298s][info][gc,heap        ] GC(1499) Eden regions: 225->0(176)
[622.298s][info][gc,heap        ] GC(1499) Survivor regions: 17->31(31)
[622.298s][info][gc,heap        ] GC(1499) Old regions: 662->680
[622.298s][info][gc,heap        ] GC(1499) Humongous regions: 10->10
[622.298s][info][gc,metaspace   ] GC(1499) Metaspace: 19102K(19264K)->19102K(19264K) NonClass: 16438K(16512K)->16438K(16512K) Class: 2664K(2752K)->2664K(2752K)
[622.298s][info][gc             ] GC(1499) Pause Young (Normal) (G1 Evacuation Pause) 913M->720M(978M) 69.115ms
[622.298s][info][gc,cpu         ] GC(1499) User=0.13s Sys=0.00s Real=0.07s
[622.719s][info][gc,start       ] GC(1500) Pause Young (Normal) (G1 Evacuation Pause)
[622.719s][info][gc,task        ] GC(1500) Using 2 workers of 2 for evacuation
[622.783s][info][gc,phases      ] GC(1500)   Pre Evacuate Collection Set: 0.36ms
[622.783s][info][gc,phases      ] GC(1500)   Merge Heap Roots: 0.60ms
[622.783s][info][gc,phases      ] GC(1500)   Evacuate Collection Set: 62.70ms
[622.783s][info][gc,phases      ] GC(1500)   Post Evacuate Collection Set: 0.46ms
[622.783s][info][gc,phases      ] GC(1500)   Other: 0.09ms
[622.783s][info][gc,heap        ] GC(1500) Eden regions: 176->0(180)
[622.783s][info][gc,heap        ] GC(1500) Survivor regions: 31->13(26)
[622.783s][info][gc,heap        ] GC(1500) Old regions: 680->712
[622.783s][info][gc,heap        ] GC(1500) Humongous regions: 10->10
[622.783s][info][gc,metaspace   ] GC(1500) Metaspace: 19102K(19264K)->19102K(19264K) NonClass: 16438K(16512K)->16438K(16512K) Class: 2664K(2752K)->2664K(2752K)
[622.783s][info][gc             ] GC(1500) Pause Young (Normal) (G1 Evacuation Pause) 896M->734M(978M) 64.441ms
[622.783s][info][gc,cpu         ] GC(1500) User=0.13s Sys=0.00s Real=0.07s
[623.173s][info][gc,start       ] GC(1501) Pause Young (Normal) (G1 Evacuation Pause)
[623.173s][info][gc,task        ] GC(1501) Using 2 workers of 2 for evacuation
[623.198s][info][gc,phases      ] GC(1501)   Pre Evacuate Collection Set: 0.52ms
[623.198s][info][gc,phases      ] GC(1501)   Merge Heap Roots: 0.26ms
[623.198s][info][gc,phases      ] GC(1501)   Evacuate Collection Set: 22.86ms
[623.198s][info][gc,phases      ] GC(1501)   Post Evacuate Collection Set: 0.43ms
[623.198s][info][gc,phases      ] GC(1501)   Other: 0.07ms
[623.198s][info][gc,heap        ] GC(1501) Eden regions: 180->0(172)
[623.198s][info][gc,heap        ] GC(1501) Survivor regions: 13->17(25)
[623.198s][info][gc,heap        ] GC(1501) Old regions: 712->712
[623.198s][info][gc,heap        ] GC(1501) Humongous regions: 10->10
[623.198s][info][gc,metaspace   ] GC(1501) Metaspace: 19103K(19264K)->19103K(19264K) NonClass: 16439K(16512K)->16439K(16512K) Class: 2664K(2752K)->2664K(2752K)
[623.198s][info][gc             ] GC(1501) Pause Young (Normal) (G1 Evacuation Pause) 914M->737M(978M) 24.392ms
[623.198s][info][gc,cpu         ] GC(1501) User=0.05s Sys=0.00s Real=0.02s
[623.472s][info][gc,start       ] GC(1502) Pause Young (Normal) (G1 Evacuation Pause)
[623.473s][info][gc,task        ] GC(1502) Using 2 workers of 2 for evacuation
[623.491s][info][gc,phases      ] GC(1502)   Pre Evacuate Collection Set: 0.31ms
[623.491s][info][gc,phases      ] GC(1502)   Merge Heap Roots: 0.17ms
[623.491s][info][gc,phases      ] GC(1502)   Evacuate Collection Set: 17.58ms
[623.491s][info][gc,phases      ] GC(1502)   Post Evacuate Collection Set: 0.41ms
[623.491s][info][gc,phases      ] GC(1502)   Other: 0.11ms
[623.491s][info][gc,heap        ] GC(1502) Eden regions: 172->0(186)
[623.491s][info][gc,heap        ] GC(1502) Survivor regions: 17->4(24)
[623.491s][info][gc,heap        ] GC(1502) Old regions: 712->724
[623.491s][info][gc,heap        ] GC(1502) Humongous regions: 10->10
[623.491s][info][gc,metaspace   ] GC(1502) Metaspace: 19103K(19264K)->19103K(19264K) NonClass: 16439K(16512K)->16439K(16512K) Class: 2664K(2752K)->2664K(2752K)
[623.491s][info][gc             ] GC(1502) Pause Young (Normal) (G1 Evacuation Pause) 909M->737M(978M) 18.788ms
[623.491s][info][gc,cpu         ] GC(1502) User=0.04s Sys=0.00s Real=0.02s
[623.635s][info][gc,marking     ] GC(1498) Concurrent Mark From Roots 1974.288ms
[623.635s][info][gc,marking     ] GC(1498) Concurrent Preclean
[623.635s][info][gc,marking     ] GC(1498) Concurrent Preclean 0.048ms
[623.635s][info][gc,start       ] GC(1498) Pause Remark
[623.643s][info][gc             ] GC(1498) Pause Remark 844M->844M(978M) 7.817ms
[623.643s][info][gc,cpu         ] GC(1498) User=0.01s Sys=0.00s Real=0.01s
[623.643s][info][gc,marking     ] GC(1498) Concurrent Mark 1982.965ms
[623.643s][info][gc,marking     ] GC(1498) Concurrent Rebuild Remembered Sets and Scrub Regions
[623.846s][info][gc,start       ] GC(1503) Pause Young (Normal) (G1 Evacuation Pause)
[623.846s][info][gc,task        ] GC(1503) Using 2 workers of 2 for evacuation
[623.863s][info][gc,phases      ] GC(1503)   Pre Evacuate Collection Set: 0.44ms
[623.863s][info][gc,phases      ] GC(1503)   Merge Heap Roots: 0.35ms
[623.863s][info][gc,phases      ] GC(1503)   Evacuate Collection Set: 16.40ms
[623.863s][info][gc,phases      ] GC(1503)   Post Evacuate Collection Set: 0.41ms
[623.863s][info][gc,phases      ] GC(1503)   Other: 0.11ms
[623.863s][info][gc,heap        ] GC(1503) Eden regions: 186->0(174)
[623.863s][info][gc,heap        ] GC(1503) Survivor regions: 4->10(24)
[623.863s][info][gc,heap        ] GC(1503) Old regions: 724->724
[623.863s][info][gc,heap        ] GC(1503) Humongous regions: 10->10
[623.863s][info][gc,metaspace   ] GC(1503) Metaspace: 19103K(19264K)->19103K(19264K) NonClass: 16439K(16512K)->16439K(16512K) Class: 2664K(2752K)->2664K(2752K)
[623.863s][info][gc             ] GC(1503) Pause Young (Normal) (G1 Evacuation Pause) 923M->743M(978M) 17.915ms
[623.863s][info][gc,cpu         ] GC(1503) User=0.03s Sys=0.00s Real=0.02s
[624.250s][info][gc,start       ] GC(1504) Pause Young (Normal) (G1 Evacuation Pause)
[624.251s][info][gc,task        ] GC(1504) Using 2 workers of 2 for evacuation
[624.267s][info][gc,phases      ] GC(1504)   Pre Evacuate Collection Set: 0.28ms
[624.267s][info][gc,phases      ] GC(1504)   Merge Heap Roots: 0.22ms
[624.267s][info][gc,phases      ] GC(1504)   Evacuate Collection Set: 15.47ms
[624.267s][info][gc,phases      ] GC(1504)   Post Evacuate Collection Set: 0.39ms
[624.267s][info][gc,phases      ] GC(1504)   Other: 0.11ms
[624.267s][info][gc,heap        ] GC(1504) Eden regions: 174->0(170)
[624.267s][info][gc,heap        ] GC(1504) Survivor regions: 10->12(23)
[624.267s][info][gc,heap        ] GC(1504) Old regions: 724->724
[624.267s][info][gc,heap        ] GC(1504) Humongous regions: 10->10
[624.267s][info][gc,metaspace   ] GC(1504) Metaspace: 19103K(19264K)->19103K(19264K) NonClass: 16439K(16512K)->16439K(16512K) Class: 2664K(2752K)->2664K(2752K)
[624.267s][info][gc             ] GC(1504) Pause Young (Normal) (G1 Evacuation Pause) 917M->745M(978M) 16.682ms
[624.267s][info][gc,cpu         ] GC(1504) User=0.04s Sys=0.00s Real=0.01s
[624.323s][info][gc,marking     ] GC(1498) Concurrent Rebuild Remembered Sets and Scrub Regions 679.159ms
[624.323s][info][gc,start       ] GC(1498) Pause Cleanup
[624.323s][info][gc             ] GC(1498) Pause Cleanup 753M->753M(978M) 0.112ms
[624.323s][info][gc,cpu         ] GC(1498) User=0.00s Sys=0.00s Real=0.00s
[624.325s][info][gc,marking     ] GC(1498) Concurrent Clear Claimed Marks
[624.325s][info][gc,marking     ] GC(1498) Concurrent Clear Claimed Marks 0.049ms
[624.325s][info][gc,marking     ] GC(1498) Concurrent Cleanup for Next Mark
[624.328s][info][gc,marking     ] GC(1498) Concurrent Cleanup for Next Mark 2.856ms
[624.328s][info][gc             ] GC(1498) Concurrent Mark Cycle 2714.312ms
[624.758s][info][gc,start       ] GC(1505) Pause Young (Prepare Mixed) (G1 Evacuation Pause)
[624.758s][info][gc,task        ] GC(1505) Using 2 workers of 2 for evacuation
[624.773s][info][gc,phases      ] GC(1505)   Pre Evacuate Collection Set: 0.34ms
[624.773s][info][gc,phases      ] GC(1505)   Merge Heap Roots: 0.20ms
[624.773s][info][gc,phases      ] GC(1505)   Evacuate Collection Set: 14.14ms
[624.773s][info][gc,phases      ] GC(1505)   Post Evacuate Collection Set: 0.45ms
[624.773s][info][gc,phases      ] GC(1505)   Other: 0.09ms
[624.773s][info][gc,heap        ] GC(1505) Eden regions: 170->0(170)
[624.773s][info][gc,heap        ] GC(1505) Survivor regions: 12->12(23)
[624.773s][info][gc,heap        ] GC(1505) Old regions: 724->724
[624.773s][info][gc,heap        ] GC(1505) Humongous regions: 10->10
[624.773s][info][gc,metaspace   ] GC(1505) Metaspace: 19104K(19264K)->19104K(19264K) NonClass: 16440K(16512K)->16440K(16512K) Class: 2664K(2752K)->2664K(2752K)
[624.773s][info][gc             ] GC(1505) Pause Young (Prepare Mixed) (G1 Evacuation Pause) 915M->745M(978M) 15.467ms
[624.773s][info][gc,cpu         ] GC(1505) User=0.03s Sys=0.00s Real=0.02s
[625.099s][info][gc,start       ] GC(1506) Pause Young (Mixed) (G1 Evacuation Pause)
[625.099s][info][gc,task        ] GC(1506) Using 2 workers of 2 for evacuation
[625.169s][info][gc,phases      ] GC(1506)   Pre Evacuate Collection Set: 0.48ms
[625.169s][info][gc,phases      ] GC(1506)   Merge Heap Roots: 0.63ms
[625.169s][info][gc,phases      ] GC(1506)   Evacuate Collection Set: 67.79ms
[625.169s][info][gc,phases      ] GC(1506)   Post Evacuate Collection Set: 0.40ms
[625.169s][info][gc,phases      ] GC(1506)   Other: 0.06ms
[625.169s][info][gc,heap        ] GC(1506) Eden regions: 170->0(145)
[625.169s][info][gc,heap        ] GC(1506) Survivor regions: 12->23(23)
[625.169s][info][gc,heap        ] GC(1506) Old regions: 724->727
[625.169s][info][gc,heap        ] GC(1506) Humongous regions: 10->10
[625.169s][info][gc,metaspace   ] GC(1506) Metaspace: 19104K(19264K)->19104K(19264K) NonClass: 16440K(16512K)->16440K(16512K) Class: 2664K(2752K)->2664K(2752K)
[625.169s][info][gc             ] GC(1506) Pause Young (Mixed) (G1 Evacuation Pause) 915M->759M(978M) 69.545ms
[625.169s][info][gc,cpu         ] GC(1506) User=0.14s Sys=0.00s Real=0.07s
[625.481s][info][gc,start       ] GC(1507) Pause Young (Concurrent Start) (G1 Evacuation Pause)
[625.481s][info][gc,task        ] GC(1507) Using 2 workers of 2 for evacuation
[625.506s][info][gc,phases      ] GC(1507)   Pre Evacuate Collection Set: 0.30ms
[625.506s][info][gc,phases      ] GC(1507)   Merge Heap Roots: 0.16ms
[625.506s][info][gc,phases      ] GC(1507)   Evacuate Collection Set: 23.85ms
[625.506s][info][gc,phases      ] GC(1507)   Post Evacuate Collection Set: 0.37ms
[625.506s][info][gc,phases      ] GC(1507)   Other: 0.20ms
[625.506s][info][gc,heap        ] GC(1507) Eden regions: 145->0(166)
[625.506s][info][gc,heap        ] GC(1507) Survivor regions: 23->1(21)
[625.506s][info][gc,heap        ] GC(1507) Old regions: 727->750
[625.506s][info][gc,heap        ] GC(1507) Humongous regions: 10->10
[625.506s][info][gc,metaspace   ] GC(1507) Metaspace: 19104K(19264K)->19104K(19264K) NonClass: 16440K(16512K)->16440K(16512K) Class: 2664K(2752K)->2664K(2752K)
[625.506s][info][gc             ] GC(1507) Pause Young (Concurrent Start) (G1 Evacuation Pause) 904M->760M(978M) 25.060ms
[625.506s][info][gc,cpu         ] GC(1507) User=0.05s Sys=0.00s Real=0.02s
[625.506s][info][gc             ] GC(1508) Concurrent Mark Cycle
[625.506s][info][gc,marking     ] GC(1508) Concurrent Scan Root Regions
[625.554s][info][gc,marking     ] GC(1508) Concurrent Scan Root Regions 48.123ms
[625.554s][info][gc,marking     ] GC(1508) Concurrent Mark
[625.554s][info][gc,marking     ] GC(1508) Concurrent Mark From Roots
[625.554s][info][gc,task        ] GC(1508) Using 1 workers of 1 for marking
[627.015s][info][gc,marking     ] GC(1508) Concurrent Mark From Roots 1460.723ms
[627.015s][info][gc,marking     ] GC(1508) Concurrent Preclean
[627.015s][info][gc,marking     ] GC(1508) Concurrent Preclean 0.047ms
[627.015s][info][gc,start       ] GC(1508) Pause Remark
[627.023s][info][gc             ] GC(1508) Pause Remark 896M->772M(978M) 8.098ms
[627.023s][info][gc,cpu         ] GC(1508) User=0.01s Sys=0.00s Real=0.01s
[627.024s][info][gc,marking     ] GC(1508) Concurrent Mark 1469.167ms
[627.024s][info][gc,marking     ] GC(1508) Concurrent Rebuild Remembered Sets and Scrub Regions
[627.262s][info][gc,start       ] GC(1509) Pause Young (Normal) (G1 Evacuation Pause)
[627.262s][info][gc,task        ] GC(1509) Using 2 workers of 2 for evacuation
[627.266s][info][gc,phases      ] GC(1509)   Pre Evacuate Collection Set: 0.30ms
[627.266s][info][gc,phases      ] GC(1509)   Merge Heap Roots: 0.21ms
[627.266s][info][gc,phases      ] GC(1509)   Evacuate Collection Set: 2.81ms
[627.266s][info][gc,phases      ] GC(1509)   Post Evacuate Collection Set: 0.37ms
[627.266s][info][gc,phases      ] GC(1509)   Other: 0.11ms
[627.266s][info][gc,heap        ] GC(1509) Eden regions: 166->0(288)
[627.266s][info][gc,heap        ] GC(1509) Survivor regions: 1->2(21)
[627.266s][info][gc,heap        ] GC(1509) Old regions: 629->629
[627.266s][info][gc,heap        ] GC(1509) Humongous regions: 7->7
[627.266s][info][gc,metaspace   ] GC(1509) Metaspace: 19104K(19264K)->19104K(19264K) NonClass: 16440K(16512K)->16440K(16512K) Class: 2664K(2752K)->2664K(2752K)
[627.266s][info][gc             ] GC(1509) Pause Young (Normal) (G1 Evacuation Pause) 802M->637M(978M) 3.996ms
[627.266s][info][gc,cpu         ] GC(1509) User=0.00s Sys=0.00s Real=0.00s
[627.398s][info][gc,marking     ] GC(1508) Concurrent Rebuild Remembered Sets and Scrub Regions 374.275ms
[627.398s][info][gc,start       ] GC(1508) Pause Cleanup
[627.398s][info][gc             ] GC(1508) Pause Cleanup 679M->679M(978M) 0.091ms
[627.398s][info][gc,cpu         ] GC(1508) User=0.00s Sys=0.00s Real=0.00s
[627.398s][info][gc,marking     ] GC(1508) Concurrent Clear Claimed Marks
[627.398s][info][gc,marking     ] GC(1508) Concurrent Clear Claimed Marks 0.029ms
[627.398s][info][gc,marking     ] GC(1508) Concurrent Cleanup for Next Mark
[627.401s][info][gc,marking     ] GC(1508) Concurrent Cleanup for Next Mark 2.850ms
[627.401s][info][gc             ] GC(1508) Concurrent Mark Cycle 1894.890ms
[628.264s][info][gc,start       ] GC(1510) Pause Young (Prepare Mixed) (G1 Evacuation Pause)
[628.264s][info][gc,task        ] GC(1510) Using 2 workers of 2 for evacuation
[628.269s][info][gc,phases      ] GC(1510)   Pre Evacuate Collection Set: 0.30ms
[628.269s][info][gc,phases      ] GC(1510)   Merge Heap Roots: 0.18ms
[628.269s][info][gc,phases      ] GC(1510)   Evacuate Collection Set: 4.01ms
[628.269s][info][gc,phases      ] GC(1510)   Post Evacuate Collection Set: 0.49ms
[628.269s][info][gc,phases      ] GC(1510)   Other: 0.08ms
[628.269s][info][gc,heap        ] GC(1510) Eden regions: 288->0(284)
[628.269s][info][gc,heap        ] GC(1510) Survivor regions: 2->4(37)
[628.269s][info][gc,heap        ] GC(1510) Old regions: 629->629
[628.269s][info][gc,heap        ] GC(1510) Humongous regions: 7->7
[628.269s][info][gc,metaspace   ] GC(1510) Metaspace: 19108K(19264K)->19108K(19264K) NonClass: 16444K(16512K)->16444K(16512K) Class: 2664K(2752K)->2664K(2752K)
[628.269s][info][gc             ] GC(1510) Pause Young (Prepare Mixed) (G1 Evacuation Pause) 925M->639M(978M) 5.243ms
[628.269s][info][gc,cpu         ] GC(1510) User=0.01s Sys=0.01s Real=0.00s
[628.759s][info][gc,start       ] GC(1511) Pause Young (Mixed) (G1 Evacuation Pause)
[628.759s][info][gc,task        ] GC(1511) Using 2 workers of 2 for evacuation
[628.808s][info][gc,phases      ] GC(1511)   Pre Evacuate Collection Set: 0.31ms
[628.808s][info][gc,phases      ] GC(1511)   Merge Heap Roots: 0.26ms
[628.808s][info][gc,phases      ] GC(1511)   Evacuate Collection Set: 47.67ms
[628.808s][info][gc,phases      ] GC(1511)   Post Evacuate Collection Set: 0.58ms
[628.808s][info][gc,phases      ] GC(1511)   Other: 0.10ms
[628.808s][info][gc,heap        ] GC(1511) Eden regions: 284->0(241)
[628.808s][info][gc,heap        ] GC(1511) Survivor regions: 4->36(36)
[628.808s][info][gc,heap        ] GC(1511) Old regions: 629->608
[628.808s][info][gc,heap        ] GC(1511) Humongous regions: 7->7
[628.808s][info][gc,metaspace   ] GC(1511) Metaspace: 19114K(19264K)->19114K(19264K) NonClass: 16450K(16512K)->16450K(16512K) Class: 2664K(2752K)->2664K(2752K)
[628.808s][info][gc             ] GC(1511) Pause Young (Mixed) (G1 Evacuation Pause) 923M->650M(978M) 49.178ms
[628.808s][info][gc,cpu         ] GC(1511) User=0.09s Sys=0.00s Real=0.05s
[629.021s][info][gc,start       ] GC(1512) Pause Young (Concurrent Start) (G1 Evacuation Pause)
[629.021s][info][gc,task        ] GC(1512) Using 2 workers of 2 for evacuation
[629.135s][info][gc,phases      ] GC(1512)   Pre Evacuate Collection Set: 0.36ms
[629.135s][info][gc,phases      ] GC(1512)   Merge Heap Roots: 0.22ms
[629.135s][info][gc,phases      ] GC(1512)   Evacuate Collection Set: 103.50ms
[629.135s][info][gc,phases      ] GC(1512)   Post Evacuate Collection Set: 10.12ms
[629.135s][info][gc,phases      ] GC(1512)   Other: 0.18ms
[629.135s][info][gc,heap        ] GC(1512) Eden regions: 241->0(72)
[629.135s][info][gc,heap        ] GC(1512) Survivor regions: 36->35(35)
[629.135s][info][gc,heap        ] GC(1512) Old regions: 608->779
[629.135s][info][gc,heap        ] GC(1512) Humongous regions: 7->7
[629.135s][info][gc,metaspace   ] GC(1512) Metaspace: 19118K(19264K)->19118K(19264K) NonClass: 16454K(16512K)->16454K(16512K) Class: 2664K(2752K)->2664K(2752K)
[629.136s][info][gc             ] GC(1512) Pause Young (Concurrent Start) (G1 Evacuation Pause) (Evacuation Failure: Allocation) 891M->820M(978M) 114.617ms
[629.136s][info][gc             ] GC(1513) Concurrent Mark Cycle
[629.136s][info][gc,marking     ] GC(1513) Concurrent Scan Root Regions
[629.137s][info][gc,cpu         ] GC(1512) User=0.22s Sys=0.01s Real=0.11s
[629.270s][info][gc,marking     ] GC(1513) Concurrent Scan Root Regions 134.200ms
[629.270s][info][gc,marking     ] GC(1513) Concurrent Mark
[629.270s][info][gc,marking     ] GC(1513) Concurrent Mark From Roots
[629.270s][info][gc,task        ] GC(1513) Using 1 workers of 1 for marking
[629.308s][info][gc,start       ] GC(1514) Pause Young (Normal) (G1 Evacuation Pause)
[629.308s][info][gc,task        ] GC(1514) Using 2 workers of 2 for evacuation
[629.394s][info][gc,phases      ] GC(1514)   Pre Evacuate Collection Set: 0.40ms
[629.394s][info][gc,phases      ] GC(1514)   Merge Heap Roots: 0.42ms
[629.395s][info][gc,phases      ] GC(1514)   Evacuate Collection Set: 82.19ms
[629.395s][info][gc,phases      ] GC(1514)   Post Evacuate Collection Set: 3.11ms
[629.395s][info][gc,phases      ] GC(1514)   Other: 0.07ms
[629.395s][info][gc,heap        ] GC(1514) Eden regions: 72->0(136)
[629.395s][info][gc,heap        ] GC(1514) Survivor regions: 35->14(14)
[629.395s][info][gc,heap        ] GC(1514) Old regions: 779->757
[629.395s][info][gc,heap        ] GC(1514) Humongous regions: 7->7
[629.395s][info][gc,metaspace   ] GC(1514) Metaspace: 19118K(19264K)->19118K(19264K) NonClass: 16454K(16512K)->16454K(16512K) Class: 2664K(2752K)->2664K(2752K)
[629.395s][info][gc             ] GC(1514) Pause Young (Normal) (G1 Evacuation Pause) (Evacuation Failure: Allocation) 892M->777M(978M) 86.401ms
[629.395s][info][gc,cpu         ] GC(1514) User=0.17s Sys=0.00s Real=0.09s
[629.673s][info][gc,start       ] GC(1515) Pause Young (Normal) (G1 Evacuation Pause)
[629.673s][info][gc,task        ] GC(1515) Using 2 workers of 2 for evacuation
[629.746s][info][gc,phases      ] GC(1515)   Pre Evacuate Collection Set: 0.32ms
[629.746s][info][gc,phases      ] GC(1515)   Merge Heap Roots: 0.65ms
[629.746s][info][gc,phases      ] GC(1515)   Evacuate Collection Set: 70.38ms
[629.746s][info][gc,phases      ] GC(1515)   Post Evacuate Collection Set: 0.64ms
[629.746s][info][gc,phases      ] GC(1515)   Other: 0.07ms
[629.746s][info][gc,heap        ] GC(1515) Eden regions: 136->0(125)
[629.746s][info][gc,heap        ] GC(1515) Survivor regions: 14->19(19)
[629.746s][info][gc,heap        ] GC(1515) Old regions: 757->757
[629.746s][info][gc,heap        ] GC(1515) Humongous regions: 8->8
[629.746s][info][gc,metaspace   ] GC(1515) Metaspace: 19120K(19264K)->19120K(19264K) NonClass: 16456K(16512K)->16456K(16512K) Class: 2664K(2752K)->2664K(2752K)
[629.746s][info][gc             ] GC(1515) Pause Young (Normal) (G1 Evacuation Pause) 914M->783M(978M) 72.342ms
[629.746s][info][gc,cpu         ] GC(1515) User=0.14s Sys=0.00s Real=0.07s
[629.906s][info][gc,start       ] GC(1516) Pause Young (Normal) (G1 Evacuation Pause)
[629.906s][info][gc,task        ] GC(1516) Using 2 workers of 2 for evacuation
[629.975s][info][gc,phases      ] GC(1516)   Pre Evacuate Collection Set: 0.30ms
[629.975s][info][gc,phases      ] GC(1516)   Merge Heap Roots: 0.65ms
[629.975s][info][gc,phases      ] GC(1516)   Evacuate Collection Set: 67.19ms
[629.975s][info][gc,phases      ] GC(1516)   Post Evacuate Collection Set: 0.41ms
[629.975s][info][gc,phases      ] GC(1516)   Other: 0.09ms
[629.975s][info][gc,heap        ] GC(1516) Eden regions: 125->0(104)
[629.975s][info][gc,heap        ] GC(1516) Survivor regions: 19->18(18)
[629.975s][info][gc,heap        ] GC(1516) Old regions: 757->777
[629.975s][info][gc,heap        ] GC(1516) Humongous regions: 11->11
[629.975s][info][gc,metaspace   ] GC(1516) Metaspace: 19120K(19264K)->19120K(19264K) NonClass: 16456K(16512K)->16456K(16512K) Class: 2664K(2752K)->2664K(2752K)
[629.975s][info][gc             ] GC(1516) Pause Young (Normal) (G1 Evacuation Pause) 911M->805M(978M) 68.873ms
[629.975s][info][gc,cpu         ] GC(1516) User=0.14s Sys=0.00s Real=0.07s
[630.177s][info][gc,start       ] GC(1517) Pause Young (Normal) (G1 Evacuation Pause)
[630.178s][info][gc,task        ] GC(1517) Using 2 workers of 2 for evacuation
[630.219s][info][gc,phases      ] GC(1517)   Pre Evacuate Collection Set: 0.53ms
[630.219s][info][gc,phases      ] GC(1517)   Merge Heap Roots: 0.16ms
[630.219s][info][gc,phases      ] GC(1517)   Evacuate Collection Set: 40.44ms
[630.219s][info][gc,phases      ] GC(1517)   Post Evacuate Collection Set: 0.38ms
[630.219s][info][gc,phases      ] GC(1517)   Other: 0.09ms
[630.219s][info][gc,heap        ] GC(1517) Eden regions: 104->0(97)
[630.219s][info][gc,heap        ] GC(1517) Survivor regions: 18->12(16)
[630.219s][info][gc,heap        ] GC(1517) Old regions: 777->796
[630.219s][info][gc,heap        ] GC(1517) Humongous regions: 11->11
[630.219s][info][gc,metaspace   ] GC(1517) Metaspace: 19120K(19264K)->19120K(19264K) NonClass: 16456K(16512K)->16456K(16512K) Class: 2664K(2752K)->2664K(2752K)
[630.219s][info][gc             ] GC(1517) Pause Young (Normal) (G1 Evacuation Pause) 909M->818M(978M) 41.823ms
[630.219s][info][gc,cpu         ] GC(1517) User=0.08s Sys=0.00s Real=0.04s
[630.349s][info][gc,start       ] GC(1518) Pause Young (Normal) (G1 Evacuation Pause)
[630.349s][info][gc,task        ] GC(1518) Using 2 workers of 2 for evacuation
[630.365s][info][gc,phases      ] GC(1518)   Pre Evacuate Collection Set: 0.55ms
[630.365s][info][gc,phases      ] GC(1518)   Merge Heap Roots: 0.13ms
[630.365s][info][gc,phases      ] GC(1518)   Evacuate Collection Set: 14.58ms
[630.365s][info][gc,phases      ] GC(1518)   Post Evacuate Collection Set: 0.36ms
[630.365s][info][gc,phases      ] GC(1518)   Other: 0.11ms
[630.365s][info][gc,heap        ] GC(1518) Eden regions: 97->0(103)
[630.365s][info][gc,heap        ] GC(1518) Survivor regions: 12->3(14)
[630.365s][info][gc,heap        ] GC(1518) Old regions: 796->808
[630.365s][info][gc,heap        ] GC(1518) Humongous regions: 11->11
[630.365s][info][gc,metaspace   ] GC(1518) Metaspace: 19120K(19264K)->19120K(19264K) NonClass: 16456K(16512K)->16456K(16512K) Class: 2664K(2752K)->2664K(2752K)
[630.365s][info][gc             ] GC(1518) Pause Young (Normal) (G1 Evacuation Pause) 915M->820M(978M) 15.941ms
[630.365s][info][gc,cpu         ] GC(1518) User=0.03s Sys=0.00s Real=0.02s
[630.495s][info][gc,start       ] GC(1519) Pause Young (Normal) (G1 Evacuation Pause)
[630.495s][info][gc,task        ] GC(1519) Using 2 workers of 2 for evacuation
[630.522s][info][gc,phases      ] GC(1519)   Pre Evacuate Collection Set: 0.32ms
[630.522s][info][gc,phases      ] GC(1519)   Merge Heap Roots: 0.14ms
[630.522s][info][gc,phases      ] GC(1519)   Evacuate Collection Set: 25.70ms
[630.522s][info][gc,phases      ] GC(1519)   Post Evacuate Collection Set: 0.36ms
[630.522s][info][gc,phases      ] GC(1519)   Other: 0.08ms
[630.522s][info][gc,heap        ] GC(1519) Eden regions: 103->0(71)
[630.522s][info][gc,heap        ] GC(1519) Survivor regions: 3->14(14)
[630.522s][info][gc,heap        ] GC(1519) Old regions: 808->818
[630.522s][info][gc,heap        ] GC(1519) Humongous regions: 11->11
[630.522s][info][gc,metaspace   ] GC(1519) Metaspace: 19120K(19264K)->19120K(19264K) NonClass: 16456K(16512K)->16456K(16512K) Class: 2664K(2752K)->2664K(2752K)
[630.522s][info][gc             ] GC(1519) Pause Young (Normal) (G1 Evacuation Pause) 923M->842M(978M) 26.830ms
[630.522s][info][gc,cpu         ] GC(1519) User=0.05s Sys=0.00s Real=0.03s
[630.618s][info][gc,start       ] GC(1520) Pause Young (Normal) (G1 Evacuation Pause)
[630.618s][info][gc,task        ] GC(1520) Using 2 workers of 2 for evacuation
[630.641s][info][gc,phases      ] GC(1520)   Pre Evacuate Collection Set: 0.49ms
[630.641s][info][gc,phases      ] GC(1520)   Merge Heap Roots: 0.13ms
[630.641s][info][gc,phases      ] GC(1520)   Evacuate Collection Set: 21.68ms
[630.641s][info][gc,phases      ] GC(1520)   Post Evacuate Collection Set: 0.30ms
[630.641s][info][gc,phases      ] GC(1520)   Other: 0.09ms
[630.641s][info][gc,heap        ] GC(1520) Eden regions: 71->0(70)
[630.641s][info][gc,heap        ] GC(1520) Survivor regions: 14->7(11)
[630.641s][info][gc,heap        ] GC(1520) Old regions: 818->833
[630.641s][info][gc,heap        ] GC(1520) Humongous regions: 11->11
[630.641s][info][gc,metaspace   ] GC(1520) Metaspace: 19120K(19264K)->19120K(19264K) NonClass: 16456K(16512K)->16456K(16512K) Class: 2664K(2752K)->2664K(2752K)
[630.641s][info][gc             ] GC(1520) Pause Young (Normal) (G1 Evacuation Pause) 913M->849M(978M) 22.900ms
[630.641s][info][gc,cpu         ] GC(1520) User=0.04s Sys=0.00s Real=0.03s
[630.730s][info][gc,start       ] GC(1521) Pause Young (Normal) (G1 Evacuation Pause)
[630.730s][info][gc,task        ] GC(1521) Using 2 workers of 2 for evacuation
[630.752s][info][gc,phases      ] GC(1521)   Pre Evacuate Collection Set: 0.28ms
[630.752s][info][gc,phases      ] GC(1521)   Merge Heap Roots: 0.07ms
[630.752s][info][gc,phases      ] GC(1521)   Evacuate Collection Set: 21.38ms
[630.752s][info][gc,phases      ] GC(1521)   Post Evacuate Collection Set: 0.32ms
[630.752s][info][gc,phases      ] GC(1521)   Other: 0.08ms
[630.752s][info][gc,heap        ] GC(1521) Eden regions: 70->0(51)
[630.752s][info][gc,heap        ] GC(1521) Survivor regions: 7->10(10)
[630.752s][info][gc,heap        ] GC(1521) Old regions: 833->846
[630.752s][info][gc,heap        ] GC(1521) Humongous regions: 11->11
[630.752s][info][gc,metaspace   ] GC(1521) Metaspace: 19120K(19264K)->19120K(19264K) NonClass: 16456K(16512K)->16456K(16512K) Class: 2664K(2752K)->2664K(2752K)
[630.752s][info][gc             ] GC(1521) Pause Young (Normal) (G1 Evacuation Pause) 919M->866M(978M) 22.326ms
[630.752s][info][gc,cpu         ] GC(1521) User=0.04s Sys=0.00s Real=0.03s
[630.806s][info][gc,start       ] GC(1522) Pause Young (Normal) (G1 Evacuation Pause)
[630.806s][info][gc,task        ] GC(1522) Using 2 workers of 2 for evacuation
[630.829s][info][gc,phases      ] GC(1522)   Pre Evacuate Collection Set: 0.29ms
[630.829s][info][gc,phases      ] GC(1522)   Merge Heap Roots: 0.13ms
[630.829s][info][gc,phases      ] GC(1522)   Evacuate Collection Set: 22.28ms
[630.829s][info][gc,phases      ] GC(1522)   Post Evacuate Collection Set: 0.30ms
[630.829s][info][gc,phases      ] GC(1522)   Other: 0.08ms
[630.829s][info][gc,heap        ] GC(1522) Eden regions: 51->0(40)
[630.829s][info][gc,heap        ] GC(1522) Survivor regions: 10->8(8)
[630.829s][info][gc,heap        ] GC(1522) Old regions: 846->862
[630.829s][info][gc,heap        ] GC(1522) Humongous regions: 11->11
[630.829s][info][gc,metaspace   ] GC(1522) Metaspace: 19120K(19264K)->19120K(19264K) NonClass: 16456K(16512K)->16456K(16512K) Class: 2664K(2752K)->2664K(2752K)
[630.829s][info][gc             ] GC(1522) Pause Young (Normal) (G1 Evacuation Pause) 917M->880M(978M) 23.330ms
[630.829s][info][gc,cpu         ] GC(1522) User=0.05s Sys=0.00s Real=0.02s
[630.869s][info][gc,start       ] GC(1523) Pause Young (Normal) (G1 Evacuation Pause)
[630.869s][info][gc,task        ] GC(1523) Using 2 workers of 2 for evacuation
[630.883s][info][gc,phases      ] GC(1523)   Pre Evacuate Collection Set: 0.28ms
[630.883s][info][gc,phases      ] GC(1523)   Merge Heap Roots: 0.17ms
[630.883s][info][gc,phases      ] GC(1523)   Evacuate Collection Set: 13.65ms
[630.883s][info][gc,phases      ] GC(1523)   Post Evacuate Collection Set: 0.28ms
[630.883s][info][gc,phases      ] GC(1523)   Other: 0.06ms
[630.883s][info][gc,heap        ] GC(1523) Eden regions: 40->0(42)
[630.883s][info][gc,heap        ] GC(1523) Survivor regions: 8->6(6)
[630.883s][info][gc,heap        ] GC(1523) Old regions: 862->870
[630.883s][info][gc,heap        ] GC(1523) Humongous regions: 11->11
[630.883s][info][gc,metaspace   ] GC(1523) Metaspace: 19120K(19264K)->19120K(19264K) NonClass: 16456K(16512K)->16456K(16512K) Class: 2664K(2752K)->2664K(2752K)
[630.883s][info][gc             ] GC(1523) Pause Young (Normal) (G1 Evacuation Pause) 920M->886M(978M) 14.610ms
[630.883s][info][gc,cpu         ] GC(1523) User=0.03s Sys=0.00s Real=0.02s
[630.935s][info][gc,start       ] GC(1524) Pause Young (Normal) (G1 Evacuation Pause)
[630.935s][info][gc,task        ] GC(1524) Using 2 workers of 2 for evacuation
[630.941s][info][gc,phases      ] GC(1524)   Pre Evacuate Collection Set: 0.30ms
[630.941s][info][gc,phases      ] GC(1524)   Merge Heap Roots: 0.08ms
[630.941s][info][gc,phases      ] GC(1524)   Evacuate Collection Set: 5.72ms
[630.942s][info][gc,phases      ] GC(1524)   Post Evacuate Collection Set: 0.26ms
[630.942s][info][gc,phases      ] GC(1524)   Other: 0.07ms
[630.942s][info][gc,heap        ] GC(1524) Eden regions: 42->0(46)
[630.942s][info][gc,heap        ] GC(1524) Survivor regions: 6->2(6)
[630.942s][info][gc,heap        ] GC(1524) Old regions: 870->876
[630.942s][info][gc,heap        ] GC(1524) Humongous regions: 11->11
[630.942s][info][gc,metaspace   ] GC(1524) Metaspace: 19120K(19264K)->19120K(19264K) NonClass: 16456K(16512K)->16456K(16512K) Class: 2664K(2752K)->2664K(2752K)
[630.942s][info][gc             ] GC(1524) Pause Young (Normal) (G1 Evacuation Pause) 928M->887M(978M) 6.611ms
[630.942s][info][gc,cpu         ] GC(1524) User=0.01s Sys=0.00s Real=0.01s
[631.012s][info][gc,start       ] GC(1525) Pause Young (Normal) (G1 Evacuation Pause)
[631.012s][info][gc,task        ] GC(1525) Using 2 workers of 2 for evacuation
[631.023s][info][gc,phases      ] GC(1525)   Pre Evacuate Collection Set: 0.27ms
[631.023s][info][gc,phases      ] GC(1525)   Merge Heap Roots: 0.21ms
[631.023s][info][gc,phases      ] GC(1525)   Evacuate Collection Set: 10.86ms
[631.023s][info][gc,phases      ] GC(1525)   Post Evacuate Collection Set: 0.34ms
[631.023s][info][gc,phases      ] GC(1525)   Other: 0.07ms
[631.023s][info][gc,heap        ] GC(1525) Eden regions: 46->0(43)
[631.023s][info][gc,heap        ] GC(1525) Survivor regions: 2->5(6)
[631.023s][info][gc,heap        ] GC(1525) Old regions: 876->876
[631.023s][info][gc,heap        ] GC(1525) Humongous regions: 11->11
[631.023s][info][gc,metaspace   ] GC(1525) Metaspace: 19120K(19264K)->19120K(19264K) NonClass: 16456K(16512K)->16456K(16512K) Class: 2664K(2752K)->2664K(2752K)
[631.024s][info][gc             ] GC(1525) Pause Young (Normal) (G1 Evacuation Pause) 933M->890M(978M) 11.970ms
[631.024s][info][gc,cpu         ] GC(1525) User=0.02s Sys=0.00s Real=0.01s
[631.098s][info][gc,start       ] GC(1526) Pause Young (Normal) (G1 Evacuation Pause)
[631.098s][info][gc,task        ] GC(1526) Using 2 workers of 2 for evacuation
[631.120s][info][gc,phases      ] GC(1526)   Pre Evacuate Collection Set: 0.30ms
[631.120s][info][gc,phases      ] GC(1526)   Merge Heap Roots: 0.28ms
[631.120s][info][gc,phases      ] GC(1526)   Evacuate Collection Set: 21.13ms
[631.120s][info][gc,phases      ] GC(1526)   Post Evacuate Collection Set: 0.29ms
[631.120s][info][gc,phases      ] GC(1526)   Other: 0.08ms
[631.120s][info][gc,heap        ] GC(1526) Eden regions: 43->0(42)
[631.120s][info][gc,heap        ] GC(1526) Survivor regions: 5->6(6)
[631.120s][info][gc,heap        ] GC(1526) Old regions: 876->880
[631.120s][info][gc,heap        ] GC(1526) Humongous regions: 12->12
[631.120s][info][gc,metaspace   ] GC(1526) Metaspace: 19120K(19264K)->19120K(19264K) NonClass: 16456K(16512K)->16456K(16512K) Class: 2664K(2752K)->2664K(2752K)
[631.120s][info][gc             ] GC(1526) Pause Young (Normal) (G1 Evacuation Pause) 934M->897M(978M) 22.258ms
[631.120s][info][gc,cpu         ] GC(1526) User=0.04s Sys=0.00s Real=0.02s
[631.163s][info][gc,start       ] GC(1527) Pause Young (Normal) (G1 Evacuation Pause)
[631.163s][info][gc,task        ] GC(1527) Using 2 workers of 2 for evacuation
[631.175s][info][gc,phases      ] GC(1527)   Pre Evacuate Collection Set: 0.29ms
[631.175s][info][gc,phases      ] GC(1527)   Merge Heap Roots: 0.12ms
[631.175s][info][gc,phases      ] GC(1527)   Evacuate Collection Set: 11.67ms
[631.175s][info][gc,phases      ] GC(1527)   Post Evacuate Collection Set: 0.26ms
[631.175s][info][gc,phases      ] GC(1527)   Other: 0.07ms
[631.175s][info][gc,heap        ] GC(1527) Eden regions: 42->0(47)
[631.175s][info][gc,heap        ] GC(1527) Survivor regions: 6->1(6)
[631.175s][info][gc,heap        ] GC(1527) Old regions: 880->886
[631.175s][info][gc,heap        ] GC(1527) Humongous regions: 12->12
[631.175s][info][gc,metaspace   ] GC(1527) Metaspace: 19120K(19264K)->19120K(19264K) NonClass: 16456K(16512K)->16456K(16512K) Class: 2664K(2752K)->2664K(2752K)
[631.175s][info][gc             ] GC(1527) Pause Young (Normal) (G1 Evacuation Pause) 939M->898M(978M) 12.607ms
[631.175s][info][gc,cpu         ] GC(1527) User=0.02s Sys=0.00s Real=0.01s
[631.237s][info][gc,start       ] GC(1528) Pause Young (Normal) (G1 Evacuation Pause)
[631.237s][info][gc,task        ] GC(1528) Using 2 workers of 2 for evacuation
[631.243s][info][gc,phases      ] GC(1528)   Pre Evacuate Collection Set: 0.28ms
[631.243s][info][gc,phases      ] GC(1528)   Merge Heap Roots: 0.07ms
[631.243s][info][gc,phases      ] GC(1528)   Evacuate Collection Set: 4.98ms
[631.243s][info][gc,phases      ] GC(1528)   Post Evacuate Collection Set: 0.26ms
[631.243s][info][gc,phases      ] GC(1528)   Other: 0.09ms
[631.243s][info][gc,heap        ] GC(1528) Eden regions: 47->0(43)
[631.243s][info][gc,heap        ] GC(1528) Survivor regions: 1->5(6)
[631.243s][info][gc,heap        ] GC(1528) Old regions: 886->886
[631.243s][info][gc,heap        ] GC(1528) Humongous regions: 12->12
[631.243s][info][gc,metaspace   ] GC(1528) Metaspace: 19120K(19264K)->19120K(19264K) NonClass: 16456K(16512K)->16456K(16512K) Class: 2664K(2752K)->2664K(2752K)
[631.243s][info][gc             ] GC(1528) Pause Young (Normal) (G1 Evacuation Pause) 945M->902M(978M) 5.835ms
[631.243s][info][gc,cpu         ] GC(1528) User=0.01s Sys=0.00s Real=0.01s
[631.294s][info][gc,start       ] GC(1529) Pause Young (Normal) (G1 Evacuation Pause)
[631.294s][info][gc,task        ] GC(1529) Using 2 workers of 2 for evacuation
[631.300s][info][gc,phases      ] GC(1529)   Pre Evacuate Collection Set: 0.27ms
[631.300s][info][gc,phases      ] GC(1529)   Merge Heap Roots: 0.07ms
[631.300s][info][gc,phases      ] GC(1529)   Evacuate Collection Set: 5.57ms
[631.300s][info][gc,phases      ] GC(1529)   Post Evacuate Collection Set: 0.25ms
[631.300s][info][gc,phases      ] GC(1529)   Other: 0.07ms
[631.300s][info][gc,heap        ] GC(1529) Eden regions: 43->0(46)
[631.300s][info][gc,heap        ] GC(1529) Survivor regions: 5->2(6)
[631.300s][info][gc,heap        ] GC(1529) Old regions: 886->890
[631.300s][info][gc,heap        ] GC(1529) Humongous regions: 12->12
[631.300s][info][gc,metaspace   ] GC(1529) Metaspace: 19120K(19264K)->19120K(19264K) NonClass: 16456K(16512K)->16456K(16512K) Class: 2664K(2752K)->2664K(2752K)
[631.300s][info][gc             ] GC(1529) Pause Young (Normal) (G1 Evacuation Pause) 945M->903M(978M) 6.409ms
[631.300s][info][gc,cpu         ] GC(1529) User=0.01s Sys=0.00s Real=0.00s
[631.314s][info][gc,marking     ] GC(1513) Concurrent Mark From Roots 2043.772ms
[631.314s][info][gc,marking     ] GC(1513) Concurrent Preclean
[631.314s][info][gc,marking     ] GC(1513) Concurrent Preclean 0.049ms
[631.314s][info][gc,start       ] GC(1513) Pause Remark
[631.322s][info][gc             ] GC(1513) Pause Remark 916M->830M(978M) 7.936ms
[631.322s][info][gc,cpu         ] GC(1513) User=0.01s Sys=0.00s Real=0.01s
[631.323s][info][gc,marking     ] GC(1513) Concurrent Mark 2052.761ms
[631.323s][info][gc,marking     ] GC(1513) Concurrent Rebuild Remembered Sets and Scrub Regions
[631.366s][info][gc,start       ] GC(1530) Pause Young (Normal) (G1 Evacuation Pause)
[631.366s][info][gc,task        ] GC(1530) Using 2 workers of 2 for evacuation
[631.371s][info][gc,phases      ] GC(1530)   Pre Evacuate Collection Set: 0.44ms
[631.371s][info][gc,phases      ] GC(1530)   Merge Heap Roots: 0.07ms
[631.371s][info][gc,phases      ] GC(1530)   Evacuate Collection Set: 4.04ms
[631.371s][info][gc,phases      ] GC(1530)   Post Evacuate Collection Set: 0.24ms
[631.371s][info][gc,phases      ] GC(1530)   Other: 0.08ms
[631.371s][info][gc,heap        ] GC(1530) Eden regions: 46->0(106)
[631.371s][info][gc,heap        ] GC(1530) Survivor regions: 2->3(6)
[631.371s][info][gc,heap        ] GC(1530) Old regions: 806->806
[631.371s][info][gc,heap        ] GC(1530) Humongous regions: 10->10
[631.371s][info][gc,metaspace   ] GC(1530) Metaspace: 19120K(19264K)->19120K(19264K) NonClass: 16456K(16512K)->16456K(16512K) Class: 2664K(2752K)->2664K(2752K)
[631.371s][info][gc             ] GC(1530) Pause Young (Normal) (G1 Evacuation Pause) 863M->818M(978M) 5.044ms
[631.371s][info][gc,cpu         ] GC(1530) User=0.01s Sys=0.00s Real=0.01s
[631.468s][info][gc,start       ] GC(1531) Pause Young (Normal) (G1 Evacuation Pause)
[631.468s][info][gc,task        ] GC(1531) Using 2 workers of 2 for evacuation
[631.477s][info][gc,phases      ] GC(1531)   Pre Evacuate Collection Set: 0.28ms
[631.477s][info][gc,phases      ] GC(1531)   Merge Heap Roots: 0.09ms
[631.477s][info][gc,phases      ] GC(1531)   Evacuate Collection Set: 8.08ms
[631.477s][info][gc,phases      ] GC(1531)   Post Evacuate Collection Set: 0.31ms
[631.477s][info][gc,phases      ] GC(1531)   Other: 0.10ms
[631.477s][info][gc,heap        ] GC(1531) Eden regions: 106->0(98)
[631.477s][info][gc,heap        ] GC(1531) Survivor regions: 3->7(14)
[631.477s][info][gc,heap        ] GC(1531) Old regions: 806->806
[631.477s][info][gc,heap        ] GC(1531) Humongous regions: 10->10
[631.477s][info][gc,metaspace   ] GC(1531) Metaspace: 19120K(19264K)->19120K(19264K) NonClass: 16456K(16512K)->16456K(16512K) Class: 2664K(2752K)->2664K(2752K)
[631.477s][info][gc             ] GC(1531) Pause Young (Normal) (G1 Evacuation Pause) 924M->822M(978M) 9.071ms
[631.477s][info][gc,cpu         ] GC(1531) User=0.02s Sys=0.00s Real=0.01s
[631.594s][info][gc,start       ] GC(1532) Pause Young (Normal) (G1 Evacuation Pause)
[631.594s][info][gc,task        ] GC(1532) Using 2 workers of 2 for evacuation
[631.605s][info][gc,phases      ] GC(1532)   Pre Evacuate Collection Set: 0.50ms
[631.605s][info][gc,phases      ] GC(1532)   Merge Heap Roots: 0.10ms
[631.605s][info][gc,phases      ] GC(1532)   Evacuate Collection Set: 10.46ms
[631.605s][info][gc,phases      ] GC(1532)   Post Evacuate Collection Set: 0.31ms
[631.605s][info][gc,phases      ] GC(1532)   Other: 0.10ms
[631.605s][info][gc,heap        ] GC(1532) Eden regions: 98->0(94)
[631.605s][info][gc,heap        ] GC(1532) Survivor regions: 7->9(14)
[631.605s][info][gc,heap        ] GC(1532) Old regions: 806->806
[631.605s][info][gc,heap        ] GC(1532) Humongous regions: 10->10
[631.605s][info][gc,metaspace   ] GC(1532) Metaspace: 19120K(19264K)->19120K(19264K) NonClass: 16456K(16512K)->16456K(16512K) Class: 2664K(2752K)->2664K(2752K)
[631.605s][info][gc             ] GC(1532) Pause Young (Normal) (G1 Evacuation Pause) 920M->824M(978M) 11.677ms
[631.606s][info][gc,cpu         ] GC(1532) User=0.02s Sys=0.00s Real=0.01s
[631.740s][info][gc,start       ] GC(1533) Pause Young (Normal) (G1 Evacuation Pause)
[631.740s][info][gc,task        ] GC(1533) Using 2 workers of 2 for evacuation
[631.752s][info][gc,phases      ] GC(1533)   Pre Evacuate Collection Set: 0.29ms
[631.752s][info][gc,phases      ] GC(1533)   Merge Heap Roots: 0.10ms
[631.752s][info][gc,phases      ] GC(1533)   Evacuate Collection Set: 11.32ms
[631.752s][info][gc,phases      ] GC(1533)   Post Evacuate Collection Set: 0.32ms
[631.752s][info][gc,phases      ] GC(1533)   Other: 0.08ms
[631.752s][info][gc,heap        ] GC(1533) Eden regions: 94->0(93)
[631.752s][info][gc,heap        ] GC(1533) Survivor regions: 9->8(13)
[631.752s][info][gc,heap        ] GC(1533) Old regions: 806->809
[631.752s][info][gc,heap        ] GC(1533) Humongous regions: 10->10
[631.752s][info][gc,metaspace   ] GC(1533) Metaspace: 19120K(19264K)->19120K(19264K) NonClass: 16456K(16512K)->16456K(16512K) Class: 2664K(2752K)->2664K(2752K)
[631.752s][info][gc             ] GC(1533) Pause Young (Normal) (G1 Evacuation Pause) 918M->826M(978M) 12.338ms
[631.752s][info][gc,cpu         ] GC(1533) User=0.03s Sys=0.00s Real=0.02s
[632.087s][info][gc,start       ] GC(1534) Pause Young (Normal) (G1 Evacuation Pause)
[632.087s][info][gc,task        ] GC(1534) Using 2 workers of 2 for evacuation
[632.098s][info][gc,phases      ] GC(1534)   Pre Evacuate Collection Set: 0.54ms
[632.098s][info][gc,phases      ] GC(1534)   Merge Heap Roots: 0.16ms
[632.098s][info][gc,phases      ] GC(1534)   Evacuate Collection Set: 9.82ms
[632.098s][info][gc,phases      ] GC(1534)   Post Evacuate Collection Set: 0.37ms
[632.099s][info][gc,phases      ] GC(1534)   Other: 0.09ms
[632.099s][info][gc,heap        ] GC(1534) Eden regions: 93->0(95)
[632.099s][info][gc,heap        ] GC(1534) Survivor regions: 8->5(13)
[632.099s][info][gc,heap        ] GC(1534) Old regions: 809->813
[632.099s][info][gc,heap        ] GC(1534) Humongous regions: 10->10
[632.099s][info][gc,metaspace   ] GC(1534) Metaspace: 19120K(19264K)->19120K(19264K) NonClass: 16456K(16512K)->16456K(16512K) Class: 2664K(2752K)->2664K(2752K)
[632.099s][info][gc             ] GC(1534) Pause Young (Normal) (G1 Evacuation Pause) 919M->827M(978M) 11.218ms
[632.099s][info][gc,cpu         ] GC(1534) User=0.03s Sys=0.00s Real=0.01s
[632.116s][info][gc,marking     ] GC(1513) Concurrent Rebuild Remembered Sets and Scrub Regions 793.560ms
[632.116s][info][gc,start       ] GC(1513) Pause Cleanup
[632.116s][info][gc             ] GC(1513) Pause Cleanup 834M->834M(978M) 0.128ms
[632.116s][info][gc,cpu         ] GC(1513) User=0.00s Sys=0.00s Real=0.00s
[632.117s][info][gc,marking     ] GC(1513) Concurrent Clear Claimed Marks
[632.117s][info][gc,marking     ] GC(1513) Concurrent Clear Claimed Marks 0.034ms
[632.117s][info][gc,marking     ] GC(1513) Concurrent Cleanup for Next Mark
[632.121s][info][gc,marking     ] GC(1513) Concurrent Cleanup for Next Mark 4.874ms
[632.121s][info][gc             ] GC(1513) Concurrent Mark Cycle 2985.925ms
[632.272s][info][gc,start       ] GC(1535) Pause Young (Prepare Mixed) (G1 Evacuation Pause)
[632.272s][info][gc,task        ] GC(1535) Using 2 workers of 2 for evacuation
[632.307s][info][gc,phases      ] GC(1535)   Pre Evacuate Collection Set: 0.56ms
[632.307s][info][gc,phases      ] GC(1535)   Merge Heap Roots: 0.19ms
[632.307s][info][gc,phases      ] GC(1535)   Evacuate Collection Set: 33.45ms
[632.307s][info][gc,phases      ] GC(1535)   Post Evacuate Collection Set: 0.36ms
[632.307s][info][gc,phases      ] GC(1535)   Other: 0.08ms
[632.307s][info][gc,heap        ] GC(1535) Eden regions: 95->0(59)
[632.307s][info][gc,heap        ] GC(1535) Survivor regions: 5->13(13)
[632.307s][info][gc,heap        ] GC(1535) Old regions: 813->833
[632.307s][info][gc,heap        ] GC(1535) Humongous regions: 10->10
[632.307s][info][gc,metaspace   ] GC(1535) Metaspace: 19120K(19264K)->19120K(19264K) NonClass: 16456K(16512K)->16456K(16512K) Class: 2664K(2752K)->2664K(2752K)
[632.307s][info][gc             ] GC(1535) Pause Young (Prepare Mixed) (G1 Evacuation Pause) 922M->855M(978M) 34.906ms
[632.307s][info][gc,cpu         ] GC(1535) User=0.07s Sys=0.00s Real=0.03s
[632.377s][info][gc,start       ] GC(1536) Pause Young (Mixed) (G1 Evacuation Pause)
[632.377s][info][gc,task        ] GC(1536) Using 2 workers of 2 for evacuation
[632.418s][info][gc,phases      ] GC(1536)   Pre Evacuate Collection Set: 0.33ms
[632.418s][info][gc,phases      ] GC(1536)   Merge Heap Roots: 0.37ms
[632.418s][info][gc,phases      ] GC(1536)   Evacuate Collection Set: 40.00ms
[632.418s][info][gc,phases      ] GC(1536)   Post Evacuate Collection Set: 0.45ms
[632.418s][info][gc,phases      ] GC(1536)   Other: 0.07ms
[632.418s][info][gc,heap        ] GC(1536) Eden regions: 59->0(80)
[632.418s][info][gc,heap        ] GC(1536) Survivor regions: 13->9(9)
[632.418s][info][gc,heap        ] GC(1536) Old regions: 833->820
[632.418s][info][gc,heap        ] GC(1536) Humongous regions: 10->10
[632.418s][info][gc,metaspace   ] GC(1536) Metaspace: 19120K(19264K)->19120K(19264K) NonClass: 16456K(16512K)->16456K(16512K) Class: 2664K(2752K)->2664K(2752K)
[632.418s][info][gc             ] GC(1536) Pause Young (Mixed) (G1 Evacuation Pause) 914M->838M(978M) 41.444ms
[632.418s][info][gc,cpu         ] GC(1536) User=0.09s Sys=0.00s Real=0.04s
[632.535s][info][gc,start       ] GC(1537) Pause Young (Concurrent Start) (G1 Evacuation Pause)
[632.535s][info][gc,task        ] GC(1537) Using 2 workers of 2 for evacuation
[632.570s][info][gc,phases      ] GC(1537)   Pre Evacuate Collection Set: 0.36ms
[632.570s][info][gc,phases      ] GC(1537)   Merge Heap Roots: 0.17ms
[632.570s][info][gc,phases      ] GC(1537)   Evacuate Collection Set: 33.85ms
[632.570s][info][gc,phases      ] GC(1537)   Post Evacuate Collection Set: 0.50ms
[632.570s][info][gc,phases      ] GC(1537)   Other: 0.21ms
[632.570s][info][gc,heap        ] GC(1537) Eden regions: 80->0(55)
[632.570s][info][gc,heap        ] GC(1537) Survivor regions: 9->12(12)
[632.570s][info][gc,heap        ] GC(1537) Old regions: 820->839
[632.570s][info][gc,heap        ] GC(1537) Humongous regions: 10->10
[632.570s][info][gc,metaspace   ] GC(1537) Metaspace: 19120K(19264K)->19120K(19264K) NonClass: 16456K(16512K)->16456K(16512K) Class: 2664K(2752K)->2664K(2752K)
[632.570s][info][gc             ] GC(1537) Pause Young (Concurrent Start) (G1 Evacuation Pause) 918M->860M(978M) 35.363ms
[632.570s][info][gc             ] GC(1538) Concurrent Mark Cycle
[632.570s][info][gc,marking     ] GC(1538) Concurrent Scan Root Regions
[632.572s][info][gc,cpu         ] GC(1537) User=0.07s Sys=0.00s Real=0.04s
[632.603s][info][gc,marking     ] GC(1538) Concurrent Scan Root Regions 33.158ms
[632.603s][info][gc,marking     ] GC(1538) Concurrent Mark
[632.603s][info][gc,marking     ] GC(1538) Concurrent Mark From Roots
[632.603s][info][gc,task        ] GC(1538) Using 1 workers of 1 for marking
[632.707s][info][gc,start       ] GC(1539) Pause Young (Normal) (G1 Evacuation Pause)
[632.707s][info][gc,task        ] GC(1539) Using 2 workers of 2 for evacuation
[632.738s][info][gc,phases      ] GC(1539)   Pre Evacuate Collection Set: 0.32ms
[632.738s][info][gc,phases      ] GC(1539)   Merge Heap Roots: 0.26ms
[632.738s][info][gc,phases      ] GC(1539)   Evacuate Collection Set: 30.47ms
[632.738s][info][gc,phases      ] GC(1539)   Post Evacuate Collection Set: 0.32ms
[632.738s][info][gc,phases      ] GC(1539)   Other: 0.10ms
[632.738s][info][gc,heap        ] GC(1539) Eden regions: 55->0(47)
[632.738s][info][gc,heap        ] GC(1539) Survivor regions: 12->9(9)
[632.738s][info][gc,heap        ] GC(1539) Old regions: 839->852
[632.738s][info][gc,heap        ] GC(1539) Humongous regions: 11->11
[632.738s][info][gc,metaspace   ] GC(1539) Metaspace: 19120K(19264K)->19120K(19264K) NonClass: 16456K(16512K)->16456K(16512K) Class: 2664K(2752K)->2664K(2752K)
[632.739s][info][gc             ] GC(1539) Pause Young (Normal) (G1 Evacuation Pause) 916M->871M(978M) 31.725ms
[632.739s][info][gc,cpu         ] GC(1539) User=0.06s Sys=0.00s Real=0.03s
[632.831s][info][gc,start       ] GC(1540) Pause Young (Normal) (G1 Evacuation Pause)
[632.832s][info][gc,task        ] GC(1540) Using 2 workers of 2 for evacuation
[632.848s][info][gc,phases      ] GC(1540)   Pre Evacuate Collection Set: 0.53ms
[632.848s][info][gc,phases      ] GC(1540)   Merge Heap Roots: 0.06ms
[632.848s][info][gc,phases      ] GC(1540)   Evacuate Collection Set: 15.23ms
[632.848s][info][gc,phases      ] GC(1540)   Post Evacuate Collection Set: 0.32ms
[632.848s][info][gc,phases      ] GC(1540)   Other: 0.09ms
[632.848s][info][gc,heap        ] GC(1540) Eden regions: 47->0(49)
[632.848s][info][gc,heap        ] GC(1540) Survivor regions: 9->3(7)
[632.848s][info][gc,heap        ] GC(1540) Old regions: 852->862
[632.848s][info][gc,heap        ] GC(1540) Humongous regions: 11->11
[632.848s][info][gc,metaspace   ] GC(1540) Metaspace: 19120K(19264K)->19120K(19264K) NonClass: 16456K(16512K)->16456K(16512K) Class: 2664K(2752K)->2664K(2752K)
[632.848s][info][gc             ] GC(1540) Pause Young (Normal) (G1 Evacuation Pause) 918M->875M(978M) 16.442ms
[632.848s][info][gc,cpu         ] GC(1540) User=0.03s Sys=0.00s Real=0.01s
[632.944s][info][gc,start       ] GC(1541) Pause Young (Normal) (G1 Evacuation Pause)
[632.944s][info][gc,task        ] GC(1541) Using 2 workers of 2 for evacuation
[632.951s][info][gc,phases      ] GC(1541)   Pre Evacuate Collection Set: 0.35ms
[632.951s][info][gc,phases      ] GC(1541)   Merge Heap Roots: 0.12ms
[632.951s][info][gc,phases      ] GC(1541)   Evacuate Collection Set: 5.59ms
[632.951s][info][gc,phases      ] GC(1541)   Post Evacuate Collection Set: 0.30ms
[632.951s][info][gc,phases      ] GC(1541)   Other: 0.08ms
[632.951s][info][gc,heap        ] GC(1541) Eden regions: 49->0(47)
[632.951s][info][gc,heap        ] GC(1541) Survivor regions: 3->4(7)
[632.951s][info][gc,heap        ] GC(1541) Old regions: 862->862
[632.951s][info][gc,heap        ] GC(1541) Humongous regions: 11->11
[632.951s][info][gc,metaspace   ] GC(1541) Metaspace: 19120K(19264K)->19120K(19264K) NonClass: 16456K(16512K)->16456K(16512K) Class: 2664K(2752K)->2664K(2752K)
[632.951s][info][gc             ] GC(1541) Pause Young (Normal) (G1 Evacuation Pause) 924M->876M(978M) 6.632ms
[632.951s][info][gc,cpu         ] GC(1541) User=0.01s Sys=0.00s Real=0.01s
[632.996s][info][gc,start       ] GC(1542) Pause Young (Normal) (G1 Evacuation Pause)
[632.996s][info][gc,task        ] GC(1542) Using 2 workers of 2 for evacuation
[633.002s][info][gc,phases      ] GC(1542)   Pre Evacuate Collection Set: 0.49ms
[633.002s][info][gc,phases      ] GC(1542)   Merge Heap Roots: 0.07ms
[633.002s][info][gc,phases      ] GC(1542)   Evacuate Collection Set: 5.12ms
[633.002s][info][gc,phases      ] GC(1542)   Post Evacuate Collection Set: 0.25ms
[633.002s][info][gc,phases      ] GC(1542)   Other: 0.08ms
[633.002s][info][gc,heap        ] GC(1542) Eden regions: 47->0(45)
[633.002s][info][gc,heap        ] GC(1542) Survivor regions: 4->5(7)
[633.002s][info][gc,heap        ] GC(1542) Old regions: 862->862
[633.002s][info][gc,heap        ] GC(1542) Humongous regions: 11->11
[633.002s][info][gc,metaspace   ] GC(1542) Metaspace: 19120K(19264K)->19120K(19264K) NonClass: 16456K(16512K)->16456K(16512K) Class: 2664K(2752K)->2664K(2752K)
[633.002s][info][gc             ] GC(1542) Pause Young (Normal) (G1 Evacuation Pause) 923M->876M(978M) 6.174ms
[633.002s][info][gc,cpu         ] GC(1542) User=0.01s Sys=0.00s Real=0.01s
[633.036s][info][gc,start       ] GC(1543) Pause Young (Normal) (G1 Evacuation Pause)
[633.036s][info][gc,task        ] GC(1543) Using 2 workers of 2 for evacuation
[633.042s][info][gc,phases      ] GC(1543)   Pre Evacuate Collection Set: 0.48ms
[633.042s][info][gc,phases      ] GC(1543)   Merge Heap Roots: 0.07ms
[633.042s][info][gc,phases      ] GC(1543)   Evacuate Collection Set: 4.66ms
[633.042s][info][gc,phases      ] GC(1543)   Post Evacuate Collection Set: 0.27ms
[633.042s][info][gc,phases      ] GC(1543)   Other: 0.10ms
[633.042s][info][gc,heap        ] GC(1543) Eden regions: 45->0(48)
[633.042s][info][gc,heap        ] GC(1543) Survivor regions: 5->2(7)
[633.042s][info][gc,heap        ] GC(1543) Old regions: 862->865
[633.042s][info][gc,heap        ] GC(1543) Humongous regions: 11->11
[633.042s][info][gc,metaspace   ] GC(1543) Metaspace: 19120K(19264K)->19120K(19264K) NonClass: 16456K(16512K)->16456K(16512K) Class: 2664K(2752K)->2664K(2752K)
[633.042s][info][gc             ] GC(1543) Pause Young (Normal) (G1 Evacuation Pause) 921M->877M(978M) 5.751ms
[633.042s][info][gc,cpu         ] GC(1543) User=0.01s Sys=0.00s Real=0.01s
[633.109s][info][gc,start       ] GC(1544) Pause Young (Normal) (G1 Evacuation Pause)
[633.109s][info][gc,task        ] GC(1544) Using 2 workers of 2 for evacuation
[633.112s][info][gc,phases      ] GC(1544)   Pre Evacuate Collection Set: 0.27ms
[633.112s][info][gc,phases      ] GC(1544)   Merge Heap Roots: 0.08ms
[633.113s][info][gc,phases      ] GC(1544)   Evacuate Collection Set: 3.02ms
[633.113s][info][gc,phases      ] GC(1544)   Post Evacuate Collection Set: 0.29ms
[633.113s][info][gc,phases      ] GC(1544)   Other: 0.06ms
[633.113s][info][gc,heap        ] GC(1544) Eden regions: 48->0(48)
[633.113s][info][gc,heap        ] GC(1544) Survivor regions: 2->2(7)
[633.113s][info][gc,heap        ] GC(1544) Old regions: 865->865
[633.113s][info][gc,heap        ] GC(1544) Humongous regions: 11->11
[633.113s][info][gc,metaspace   ] GC(1544) Metaspace: 19120K(19264K)->19120K(19264K) NonClass: 16456K(16512K)->16456K(16512K) Class: 2664K(2752K)->2664K(2752K)
[633.113s][info][gc             ] GC(1544) Pause Young (Normal) (G1 Evacuation Pause) 925M->877M(978M) 3.918ms
[633.113s][info][gc,cpu         ] GC(1544) User=0.00s Sys=0.00s Real=0.01s
[633.199s][info][gc,start       ] GC(1545) Pause Young (Normal) (G1 Evacuation Pause)
[633.199s][info][gc,task        ] GC(1545) Using 2 workers of 2 for evacuation
[633.204s][info][gc,phases      ] GC(1545)   Pre Evacuate Collection Set: 0.29ms
[633.204s][info][gc,phases      ] GC(1545)   Merge Heap Roots: 0.10ms
[633.204s][info][gc,phases      ] GC(1545)   Evacuate Collection Set: 3.86ms
[633.204s][info][gc,phases      ] GC(1545)   Post Evacuate Collection Set: 0.32ms
[633.204s][info][gc,phases      ] GC(1545)   Other: 0.06ms
[633.204s][info][gc,heap        ] GC(1545) Eden regions: 48->0(46)
[633.204s][info][gc,heap        ] GC(1545) Survivor regions: 2->3(7)
[633.204s][info][gc,heap        ] GC(1545) Old regions: 865->865
[633.204s][info][gc,heap        ] GC(1545) Humongous regions: 11->11
[633.204s][info][gc,metaspace   ] GC(1545) Metaspace: 19120K(19264K)->19120K(19264K) NonClass: 16456K(16512K)->16456K(16512K) Class: 2664K(2752K)->2664K(2752K)
[633.204s][info][gc             ] GC(1545) Pause Young (Normal) (G1 Evacuation Pause) 925M->878M(978M) 4.822ms
[633.204s][info][gc,cpu         ] GC(1545) User=0.01s Sys=0.00s Real=0.01s
[633.384s][info][gc,start       ] GC(1546) Pause Young (Normal) (G1 Evacuation Pause)
[633.384s][info][gc,task        ] GC(1546) Using 2 workers of 2 for evacuation
[633.389s][info][gc,phases      ] GC(1546)   Pre Evacuate Collection Set: 0.33ms
[633.390s][info][gc,phases      ] GC(1546)   Merge Heap Roots: 0.10ms
[633.390s][info][gc,phases      ] GC(1546)   Evacuate Collection Set: 4.30ms
[633.390s][info][gc,phases      ] GC(1546)   Post Evacuate Collection Set: 0.28ms
[633.390s][info][gc,phases      ] GC(1546)   Other: 0.10ms
[633.390s][info][gc,heap        ] GC(1546) Eden regions: 46->0(46)
[633.390s][info][gc,heap        ] GC(1546) Survivor regions: 3->3(7)
[633.390s][info][gc,heap        ] GC(1546) Old regions: 865->865
[633.390s][info][gc,heap        ] GC(1546) Humongous regions: 11->11
[633.390s][info][gc,metaspace   ] GC(1546) Metaspace: 19120K(19264K)->19120K(19264K) NonClass: 16456K(16512K)->16456K(16512K) Class: 2664K(2752K)->2664K(2752K)
[633.390s][info][gc             ] GC(1546) Pause Young (Normal) (G1 Evacuation Pause) 924M->878M(978M) 5.430ms
[633.390s][info][gc,cpu         ] GC(1546) User=0.01s Sys=0.00s Real=0.00s
[633.497s][info][gc,marking     ] GC(1538) Concurrent Mark From Roots 893.291ms
[633.497s][info][gc,marking     ] GC(1538) Concurrent Preclean
[633.497s][info][gc,marking     ] GC(1538) Concurrent Preclean 0.054ms
[633.497s][info][gc,start       ] GC(1538) Pause Remark
[633.506s][info][gc             ] GC(1538) Pause Remark 917M->414M(978M) 8.694ms
[633.506s][info][gc,cpu         ] GC(1538) User=0.02s Sys=0.00s Real=0.01s
[633.507s][info][gc,marking     ] GC(1538) Concurrent Mark 904.117ms
[633.507s][info][gc,marking     ] GC(1538) Concurrent Rebuild Remembered Sets and Scrub Regions
[633.524s][info][gc,start       ] GC(1547) Pause Young (Normal) (G1 Evacuation Pause)
[633.524s][info][gc,task        ] GC(1547) Using 2 workers of 2 for evacuation
[633.530s][info][gc,phases      ] GC(1547)   Pre Evacuate Collection Set: 0.29ms
[633.530s][info][gc,phases      ] GC(1547)   Merge Heap Roots: 0.14ms
[633.530s][info][gc,phases      ] GC(1547)   Evacuate Collection Set: 4.82ms
[633.530s][info][gc,phases      ] GC(1547)   Post Evacuate Collection Set: 0.29ms
[633.530s][info][gc,phases      ] GC(1547)   Other: 0.09ms
[633.530s][info][gc,heap        ] GC(1547) Eden regions: 46->0(430)
[633.530s][info][gc,heap        ] GC(1547) Survivor regions: 3->3(7)
[633.530s][info][gc,heap        ] GC(1547) Old regions: 369->369
[633.530s][info][gc,heap        ] GC(1547) Humongous regions: 4->4
[633.530s][info][gc,metaspace   ] GC(1547) Metaspace: 19120K(19264K)->19120K(19264K) NonClass: 16456K(16512K)->16456K(16512K) Class: 2664K(2752K)->2664K(2752K)
[633.530s][info][gc             ] GC(1547) Pause Young (Normal) (G1 Evacuation Pause) 421M->375M(978M) 5.828ms
[633.530s][info][gc,cpu         ] GC(1547) User=0.01s Sys=0.00s Real=0.00s
[633.784s][info][gc,marking     ] GC(1538) Concurrent Rebuild Remembered Sets and Scrub Regions 276.962ms
[633.785s][info][gc,start       ] GC(1538) Pause Cleanup
[633.785s][info][gc             ] GC(1538) Pause Cleanup 489M->489M(978M) 0.107ms
[633.785s][info][gc,cpu         ] GC(1538) User=0.00s Sys=0.00s Real=0.00s
[633.786s][info][gc,marking     ] GC(1538) Concurrent Clear Claimed Marks
[633.786s][info][gc,marking     ] GC(1538) Concurrent Clear Claimed Marks 0.054ms
[633.786s][info][gc,marking     ] GC(1538) Concurrent Cleanup for Next Mark
[633.791s][info][gc,marking     ] GC(1538) Concurrent Cleanup for Next Mark 5.091ms
[633.791s][info][gc             ] GC(1538) Concurrent Mark Cycle 1221.219ms
[634.173s][info][gc,start       ] GC(1548) Pause Young (Prepare Mixed) (G1 Evacuation Pause)
[634.173s][info][gc,task        ] GC(1548) Using 2 workers of 2 for evacuation
[634.260s][info][gc,phases      ] GC(1548)   Pre Evacuate Collection Set: 0.35ms
[634.260s][info][gc,phases      ] GC(1548)   Merge Heap Roots: 0.26ms
[634.260s][info][gc,phases      ] GC(1548)   Evacuate Collection Set: 84.98ms
[634.260s][info][gc,phases      ] GC(1548)   Post Evacuate Collection Set: 0.76ms
[634.260s][info][gc,phases      ] GC(1548)   Other: 0.11ms
[634.260s][info][gc,heap        ] GC(1548) Eden regions: 430->0(357)
[634.260s][info][gc,heap        ] GC(1548) Survivor regions: 3->55(55)
[634.260s][info][gc,heap        ] GC(1548) Old regions: 369->391
[634.260s][info][gc,heap        ] GC(1548) Humongous regions: 5->5
[634.260s][info][gc,metaspace   ] GC(1548) Metaspace: 19121K(19264K)->19121K(19264K) NonClass: 16457K(16512K)->16457K(16512K) Class: 2664K(2752K)->2664K(2752K)
[634.260s][info][gc             ] GC(1548) Pause Young (Prepare Mixed) (G1 Evacuation Pause) 806M->450M(978M) 86.711ms
[634.260s][info][gc,cpu         ] GC(1548) User=0.17s Sys=0.00s Real=0.08s
[634.632s][info][gc,start       ] GC(1549) Pause Young (Mixed) (G1 Evacuation Pause)
[634.632s][info][gc,task        ] GC(1549) Using 2 workers of 2 for evacuation
[634.785s][info][gc,phases      ] GC(1549)   Pre Evacuate Collection Set: 0.55ms
[634.785s][info][gc,phases      ] GC(1549)   Merge Heap Roots: 0.86ms
[634.785s][info][gc,phases      ] GC(1549)   Evacuate Collection Set: 150.56ms
[634.785s][info][gc,phases      ] GC(1549)   Post Evacuate Collection Set: 0.68ms
[634.785s][info][gc,phases      ] GC(1549)   Other: 0.11ms
[634.785s][info][gc,heap        ] GC(1549) Eden regions: 357->0(298)
[634.785s][info][gc,heap        ] GC(1549) Survivor regions: 55->52(52)
[634.785s][info][gc,heap        ] GC(1549) Old regions: 391->469
[634.785s][info][gc,heap        ] GC(1549) Humongous regions: 5->5
[634.785s][info][gc,metaspace   ] GC(1549) Metaspace: 19122K(19328K)->19122K(19328K) NonClass: 16458K(16576K)->16458K(16576K) Class: 2664K(2752K)->2664K(2752K)
[634.785s][info][gc             ] GC(1549) Pause Young (Mixed) (G1 Evacuation Pause) 807M->525M(978M) 153.083ms
[634.785s][info][gc,cpu         ] GC(1549) User=0.30s Sys=0.00s Real=0.15s
[635.002s][info][gc,start       ] GC(1550) Pause Young (Concurrent Start) (G1 Evacuation Pause)
[635.002s][info][gc,task        ] GC(1550) Using 2 workers of 2 for evacuation
[635.154s][info][gc,phases      ] GC(1550)   Pre Evacuate Collection Set: 0.30ms
[635.154s][info][gc,phases      ] GC(1550)   Merge Heap Roots: 0.20ms
[635.154s][info][gc,phases      ] GC(1550)   Evacuate Collection Set: 147.16ms
[635.154s][info][gc,phases      ] GC(1550)   Post Evacuate Collection Set: 3.88ms
[635.154s][info][gc,phases      ] GC(1550)   Other: 0.11ms
[635.154s][info][gc,heap        ] GC(1550) Eden regions: 298->0(146)
[635.154s][info][gc,heap        ] GC(1550) Survivor regions: 52->44(44)
[635.154s][info][gc,heap        ] GC(1550) Old regions: 469->689
[635.154s][info][gc,heap        ] GC(1550) Humongous regions: 5->5
[635.154s][info][gc,metaspace   ] GC(1550) Metaspace: 19122K(19328K)->19122K(19328K) NonClass: 16458K(16576K)->16458K(16576K) Class: 2664K(2752K)->2664K(2752K)
[635.154s][info][gc             ] GC(1550) Pause Young (Concurrent Start) (G1 Evacuation Pause) (Evacuation Failure: Allocation) 823M->737M(978M) 151.905ms
[635.154s][info][gc,cpu         ] GC(1550) User=0.31s Sys=0.00s Real=0.15s
[635.155s][info][gc             ] GC(1551) Concurrent Mark Cycle
[635.155s][info][gc,marking     ] GC(1551) Concurrent Scan Root Regions
[635.302s][info][gc,start       ] GC(1552) Pause Young (Normal) (G1 Evacuation Pause)
[635.302s][info][gc,task        ] GC(1552) Using 2 workers of 2 for evacuation
[635.346s][info][gc,marking     ] GC(1551) Concurrent Scan Root Regions 190.892ms
[635.346s][info][gc,marking     ] GC(1551) Concurrent Mark
[635.346s][info][gc,marking     ] GC(1551) Concurrent Mark From Roots
[635.346s][info][gc,task        ] GC(1551) Using 1 workers of 1 for marking
[635.459s][info][gc,phases      ] GC(1552)   Pre Evacuate Collection Set: 0.33ms
[635.459s][info][gc,phases      ] GC(1552)   Merge Heap Roots: 0.67ms
[635.459s][info][gc,phases      ] GC(1552)   Evacuate Collection Set: 105.14ms
[635.459s][info][gc,phases      ] GC(1552)   Post Evacuate Collection Set: 6.38ms
[635.459s][info][gc,phases      ] GC(1552)   Other: 0.08ms
[635.459s][info][gc,heap        ] GC(1552) Eden regions: 146->0(77)
[635.459s][info][gc,heap        ] GC(1552) Survivor regions: 44->24(24)
[635.459s][info][gc,heap        ] GC(1552) Old regions: 689->798
[635.459s][info][gc,heap        ] GC(1552) Humongous regions: 5->5
[635.459s][info][gc,metaspace   ] GC(1552) Metaspace: 19122K(19328K)->19122K(19328K) NonClass: 16458K(16576K)->16458K(16576K) Class: 2664K(2752K)->2664K(2752K)
[635.459s][info][gc             ] GC(1552) Pause Young (Normal) (G1 Evacuation Pause) (Evacuation Failure: Allocation) 883M->826M(978M) 156.763ms
[635.459s][info][gc,cpu         ] GC(1552) User=0.26s Sys=0.00s Real=0.15s
[635.673s][info][gc,start       ] GC(1553) Pause Young (Normal) (G1 Evacuation Pause)
[635.674s][info][gc,task        ] GC(1553) Using 2 workers of 2 for evacuation
[635.729s][info][gc,phases      ] GC(1553)   Pre Evacuate Collection Set: 0.58ms
[635.729s][info][gc,phases      ] GC(1553)   Merge Heap Roots: 0.36ms
[635.729s][info][gc,phases      ] GC(1553)   Evacuate Collection Set: 54.16ms
[635.729s][info][gc,phases      ] GC(1553)   Post Evacuate Collection Set: 0.56ms
[635.729s][info][gc,phases      ] GC(1553)   Other: 0.09ms
[635.729s][info][gc,heap        ] GC(1553) Eden regions: 77->0(159)
[635.729s][info][gc,heap        ] GC(1553) Survivor regions: 24->13(13)
[635.729s][info][gc,heap        ] GC(1553) Old regions: 798->697
[635.729s][info][gc,heap        ] GC(1553) Humongous regions: 5->5
[635.729s][info][gc,metaspace   ] GC(1553) Metaspace: 19122K(19328K)->19122K(19328K) NonClass: 16458K(16576K)->16458K(16576K) Class: 2664K(2752K)->2664K(2752K)
[635.729s][info][gc             ] GC(1553) Pause Young (Normal) (G1 Evacuation Pause) 903M->714M(978M) 55.973ms
[635.729s][info][gc,cpu         ] GC(1553) User=0.11s Sys=0.00s Real=0.05s
[635.852s][info][gc,start       ] GC(1554) Pause Young (Normal) (G1 Evacuation Pause)
[635.852s][info][gc,task        ] GC(1554) Using 2 workers of 2 for evacuation
[635.880s][info][gc,phases      ] GC(1554)   Pre Evacuate Collection Set: 0.31ms
[635.880s][info][gc,phases      ] GC(1554)   Merge Heap Roots: 0.34ms
[635.880s][info][gc,phases      ] GC(1554)   Evacuate Collection Set: 26.25ms
[635.880s][info][gc,phases      ] GC(1554)   Post Evacuate Collection Set: 0.41ms
[635.880s][info][gc,phases      ] GC(1554)   Other: 0.09ms
[635.880s][info][gc,heap        ] GC(1554) Eden regions: 159->0(167)
[635.880s][info][gc,heap        ] GC(1554) Survivor regions: 13->4(22)
[635.880s][info][gc,heap        ] GC(1554) Old regions: 697->711
[635.880s][info][gc,heap        ] GC(1554) Humongous regions: 5->5
[635.880s][info][gc,metaspace   ] GC(1554) Metaspace: 19122K(19328K)->19122K(19328K) NonClass: 16458K(16576K)->16458K(16576K) Class: 2664K(2752K)->2664K(2752K)
[635.880s][info][gc             ] GC(1554) Pause Young (Normal) (G1 Evacuation Pause) 873M->719M(978M) 27.630ms
[635.880s][info][gc,cpu         ] GC(1554) User=0.05s Sys=0.00s Real=0.02s
[636.208s][info][gc,start       ] GC(1555) Pause Young (Normal) (G1 Evacuation Pause)
[636.208s][info][gc,task        ] GC(1555) Using 2 workers of 2 for evacuation
[636.284s][info][gc,phases      ] GC(1555)   Pre Evacuate Collection Set: 0.55ms
[636.284s][info][gc,phases      ] GC(1555)   Merge Heap Roots: 0.50ms
[636.284s][info][gc,phases      ] GC(1555)   Evacuate Collection Set: 74.02ms
[636.284s][info][gc,phases      ] GC(1555)   Post Evacuate Collection Set: 0.62ms
[636.284s][info][gc,phases      ] GC(1555)   Other: 0.08ms
[636.284s][info][gc,heap        ] GC(1555) Eden regions: 167->0(131)
[636.284s][info][gc,heap        ] GC(1555) Survivor regions: 4->22(22)
[636.284s][info][gc,heap        ] GC(1555) Old regions: 711->730
[636.284s][info][gc,heap        ] GC(1555) Humongous regions: 11->11
[636.284s][info][gc,metaspace   ] GC(1555) Metaspace: 19122K(19328K)->19122K(19328K) NonClass: 16458K(16576K)->16458K(16576K) Class: 2664K(2752K)->2664K(2752K)
[636.284s][info][gc             ] GC(1555) Pause Young (Normal) (G1 Evacuation Pause) 892M->762M(978M) 76.034ms
[636.284s][info][gc,cpu         ] GC(1555) User=0.15s Sys=0.00s Real=0.08s
[636.419s][info][gc,marking     ] GC(1551) Concurrent Mark From Roots 1073.035ms
[636.419s][info][gc,marking     ] GC(1551) Concurrent Preclean
[636.419s][info][gc,marking     ] GC(1551) Concurrent Preclean 0.049ms
[636.420s][info][gc,start       ] GC(1551) Pause Remark
[636.428s][info][gc             ] GC(1551) Pause Remark 875M->754M(978M) 7.921ms
[636.428s][info][gc,cpu         ] GC(1551) User=0.02s Sys=0.00s Real=0.01s
[636.428s][info][gc,marking     ] GC(1551) Concurrent Mark 1081.969ms
[636.428s][info][gc,marking     ] GC(1551) Concurrent Rebuild Remembered Sets and Scrub Regions
[636.454s][info][gc,start       ] GC(1556) Pause Young (Normal) (G1 Evacuation Pause)
[636.454s][info][gc,task        ] GC(1556) Using 2 workers of 2 for evacuation
[636.530s][info][gc,phases      ] GC(1556)   Pre Evacuate Collection Set: 0.40ms
[636.530s][info][gc,phases      ] GC(1556)   Merge Heap Roots: 0.48ms
[636.530s][info][gc,phases      ] GC(1556)   Evacuate Collection Set: 74.56ms
[636.530s][info][gc,phases      ] GC(1556)   Post Evacuate Collection Set: 0.39ms
[636.530s][info][gc,phases      ] GC(1556)   Other: 0.07ms
[636.530s][info][gc,heap        ] GC(1556) Eden regions: 131->0(184)
[636.530s][info][gc,heap        ] GC(1556) Survivor regions: 22->20(20)
[636.530s][info][gc,heap        ] GC(1556) Old regions: 611->644
[636.530s][info][gc,heap        ] GC(1556) Humongous regions: 9->9
[636.530s][info][gc,metaspace   ] GC(1556) Metaspace: 19122K(19328K)->19122K(19328K) NonClass: 16458K(16576K)->16458K(16576K) Class: 2664K(2752K)->2664K(2752K)
[636.530s][info][gc             ] GC(1556) Pause Young (Normal) (G1 Evacuation Pause) 772M->672M(978M) 76.130ms
[636.530s][info][gc,cpu         ] GC(1556) User=0.15s Sys=0.00s Real=0.07s
[636.747s][info][gc,start       ] GC(1557) Pause Young (Normal) (G1 Evacuation Pause)
[636.748s][info][gc,task        ] GC(1557) Using 2 workers of 2 for evacuation
[636.797s][info][gc,phases      ] GC(1557)   Pre Evacuate Collection Set: 0.47ms
[636.797s][info][gc,phases      ] GC(1557)   Merge Heap Roots: 0.22ms
[636.797s][info][gc,phases      ] GC(1557)   Evacuate Collection Set: 48.01ms
[636.797s][info][gc,phases      ] GC(1557)   Post Evacuate Collection Set: 0.42ms
[636.797s][info][gc,phases      ] GC(1557)   Other: 0.08ms
[636.797s][info][gc,heap        ] GC(1557) Eden regions: 184->0(177)
[636.797s][info][gc,heap        ] GC(1557) Survivor regions: 20->24(26)
[636.797s][info][gc,heap        ] GC(1557) Old regions: 644->664
[636.797s][info][gc,heap        ] GC(1557) Humongous regions: 9->9
[636.797s][info][gc,metaspace   ] GC(1557) Metaspace: 19122K(19328K)->19122K(19328K) NonClass: 16458K(16576K)->16458K(16576K) Class: 2664K(2752K)->2664K(2752K)
[636.797s][info][gc             ] GC(1557) Pause Young (Normal) (G1 Evacuation Pause) 856M->696M(978M) 49.416ms
[636.797s][info][gc,cpu         ] GC(1557) User=0.10s Sys=0.00s Real=0.05s
[636.949s][info][gc,marking     ] GC(1551) Concurrent Rebuild Remembered Sets and Scrub Regions 520.988ms
[636.950s][info][gc,start       ] GC(1551) Pause Cleanup
[636.950s][info][gc             ] GC(1551) Pause Cleanup 854M->854M(978M) 0.106ms
[636.950s][info][gc,cpu         ] GC(1551) User=0.00s Sys=0.00s Real=0.00s
[636.950s][info][gc,marking     ] GC(1551) Concurrent Clear Claimed Marks
[636.950s][info][gc,marking     ] GC(1551) Concurrent Clear Claimed Marks 0.029ms
[636.950s][info][gc,marking     ] GC(1551) Concurrent Cleanup for Next Mark
[636.953s][info][gc,marking     ] GC(1551) Concurrent Cleanup for Next Mark 2.807ms
[636.953s][info][gc             ] GC(1551) Concurrent Mark Cycle 1797.182ms
[636.969s][info][gc,start       ] GC(1558) Pause Young (Prepare Mixed) (G1 Evacuation Pause)
[636.970s][info][gc,task        ] GC(1558) Using 2 workers of 2 for evacuation
[637.004s][info][gc,phases      ] GC(1558)   Pre Evacuate Collection Set: 0.26ms
[637.004s][info][gc,phases      ] GC(1558)   Merge Heap Roots: 0.26ms
[637.004s][info][gc,phases      ] GC(1558)   Evacuate Collection Set: 33.82ms
[637.004s][info][gc,phases      ] GC(1558)   Post Evacuate Collection Set: 0.39ms
[637.004s][info][gc,phases      ] GC(1558)   Other: 0.10ms
[637.004s][info][gc,heap        ] GC(1558) Eden regions: 177->0(185)
[637.004s][info][gc,heap        ] GC(1558) Survivor regions: 24->5(26)
[637.004s][info][gc,heap        ] GC(1558) Old regions: 664->688
[637.004s][info][gc,heap        ] GC(1558) Humongous regions: 9->9
[637.004s][info][gc,metaspace   ] GC(1558) Metaspace: 19122K(19328K)->19122K(19328K) NonClass: 16458K(16576K)->16458K(16576K) Class: 2664K(2752K)->2664K(2752K)
[637.004s][info][gc             ] GC(1558) Pause Young (Prepare Mixed) (G1 Evacuation Pause) 873M->701M(978M) 34.963ms
[637.004s][info][gc,cpu         ] GC(1558) User=0.07s Sys=0.00s Real=0.04s
[637.137s][info][gc,start       ] GC(1559) Pause Young (Mixed) (G1 Evacuation Pause)
[637.138s][info][gc,task        ] GC(1559) Using 2 workers of 2 for evacuation
[637.164s][info][gc,phases      ] GC(1559)   Pre Evacuate Collection Set: 0.32ms
[637.164s][info][gc,phases      ] GC(1559)   Merge Heap Roots: 0.35ms
[637.164s][info][gc,phases      ] GC(1559)   Evacuate Collection Set: 24.76ms
[637.164s][info][gc,phases      ] GC(1559)   Post Evacuate Collection Set: 0.46ms
[637.164s][info][gc,phases      ] GC(1559)   Other: 0.10ms
[637.164s][info][gc,heap        ] GC(1559) Eden regions: 185->0(214)
[637.164s][info][gc,heap        ] GC(1559) Survivor regions: 5->11(24)
[637.164s][info][gc,heap        ] GC(1559) Old regions: 688->642
[637.164s][info][gc,heap        ] GC(1559) Humongous regions: 9->9
[637.164s][info][gc,metaspace   ] GC(1559) Metaspace: 19122K(19328K)->19122K(19328K) NonClass: 16458K(16576K)->16458K(16576K) Class: 2664K(2752K)->2664K(2752K)
[637.164s][info][gc             ] GC(1559) Pause Young (Mixed) (G1 Evacuation Pause) 886M->661M(978M) 26.198ms
[637.164s][info][gc,cpu         ] GC(1559) User=0.06s Sys=0.00s Real=0.03s
[637.352s][info][gc,start       ] GC(1560) Pause Young (Concurrent Start) (G1 Evacuation Pause)
[637.352s][info][gc,task        ] GC(1560) Using 2 workers of 2 for evacuation
[637.389s][info][gc,phases      ] GC(1560)   Pre Evacuate Collection Set: 0.34ms
[637.389s][info][gc,phases      ] GC(1560)   Merge Heap Roots: 0.21ms
[637.389s][info][gc,phases      ] GC(1560)   Evacuate Collection Set: 36.05ms
[637.389s][info][gc,phases      ] GC(1560)   Post Evacuate Collection Set: 0.47ms
[637.389s][info][gc,phases      ] GC(1560)   Other: 0.19ms
[637.389s][info][gc,heap        ] GC(1560) Eden regions: 214->0(205)
[637.389s][info][gc,heap        ] GC(1560) Survivor regions: 11->29(29)
[637.389s][info][gc,heap        ] GC(1560) Old regions: 642->645
[637.389s][info][gc,heap        ] GC(1560) Humongous regions: 9->9
[637.389s][info][gc,metaspace   ] GC(1560) Metaspace: 19122K(19328K)->19122K(19328K) NonClass: 16458K(16576K)->16458K(16576K) Class: 2664K(2752K)->2664K(2752K)
[637.389s][info][gc             ] GC(1560) Pause Young (Concurrent Start) (G1 Evacuation Pause) 875M->682M(978M) 37.459ms
[637.389s][info][gc,cpu         ] GC(1560) User=0.08s Sys=0.00s Real=0.03s
[637.389s][info][gc             ] GC(1561) Concurrent Mark Cycle
[637.389s][info][gc,marking     ] GC(1561) Concurrent Scan Root Regions
[637.451s][info][gc,marking     ] GC(1561) Concurrent Scan Root Regions 61.267ms
[637.451s][info][gc,marking     ] GC(1561) Concurrent Mark
[637.451s][info][gc,marking     ] GC(1561) Concurrent Mark From Roots
[637.451s][info][gc,task        ] GC(1561) Using 1 workers of 1 for marking
[638.053s][info][gc,start       ] GC(1562) Pause Young (Normal) (G1 Evacuation Pause)
[638.053s][info][gc,task        ] GC(1562) Using 2 workers of 2 for evacuation
[638.110s][info][gc,phases      ] GC(1562)   Pre Evacuate Collection Set: 0.30ms
[638.110s][info][gc,phases      ] GC(1562)   Merge Heap Roots: 0.34ms
[638.110s][info][gc,phases      ] GC(1562)   Evacuate Collection Set: 55.63ms
[638.110s][info][gc,phases      ] GC(1562)   Post Evacuate Collection Set: 0.46ms
[638.110s][info][gc,phases      ] GC(1562)   Other: 0.08ms
[638.110s][info][gc,heap        ] GC(1562) Eden regions: 205->0(194)
[638.110s][info][gc,heap        ] GC(1562) Survivor regions: 29->21(30)
[638.110s][info][gc,heap        ] GC(1562) Old regions: 645->675
[638.110s][info][gc,heap        ] GC(1562) Humongous regions: 9->9
[638.110s][info][gc,metaspace   ] GC(1562) Metaspace: 19122K(19328K)->19122K(19328K) NonClass: 16458K(16576K)->16458K(16576K) Class: 2664K(2752K)->2664K(2752K)
[638.110s][info][gc             ] GC(1562) Pause Young (Normal) (G1 Evacuation Pause) 887M->703M(978M) 57.100ms
[638.110s][info][gc,cpu         ] GC(1562) User=0.12s Sys=0.00s Real=0.05s
[638.428s][info][gc,marking     ] GC(1561) Concurrent Mark From Roots 977.604ms
[638.428s][info][gc,marking     ] GC(1561) Concurrent Preclean
[638.428s][info][gc,marking     ] GC(1561) Concurrent Preclean 0.056ms
[638.429s][info][gc,start       ] GC(1561) Pause Remark
[638.437s][info][gc             ] GC(1561) Pause Remark 797M->478M(978M) 7.942ms
[638.437s][info][gc,cpu         ] GC(1561) User=0.01s Sys=0.00s Real=0.01s
[638.437s][info][gc,marking     ] GC(1561) Concurrent Mark 986.672ms
[638.437s][info][gc,marking     ] GC(1561) Concurrent Rebuild Remembered Sets and Scrub Regions
[638.712s][info][gc,marking     ] GC(1561) Concurrent Rebuild Remembered Sets and Scrub Regions 274.618ms
[638.712s][info][gc,start       ] GC(1561) Pause Cleanup
[638.712s][info][gc             ] GC(1561) Pause Cleanup 555M->555M(978M) 0.138ms
[638.712s][info][gc,cpu         ] GC(1561) User=0.00s Sys=0.00s Real=0.00s
[638.712s][info][gc,marking     ] GC(1561) Concurrent Clear Claimed Marks
[638.712s][info][gc,marking     ] GC(1561) Concurrent Clear Claimed Marks 0.041ms
[638.713s][info][gc,marking     ] GC(1561) Concurrent Cleanup for Next Mark
[638.715s][info][gc,marking     ] GC(1561) Concurrent Cleanup for Next Mark 2.884ms
[638.715s][info][gc             ] GC(1561) Concurrent Mark Cycle 1326.106ms
[638.768s][info][gc,start       ] GC(1563) Pause Young (Prepare Mixed) (G1 Evacuation Pause)
[638.768s][info][gc,task        ] GC(1563) Using 2 workers of 2 for evacuation
[638.790s][info][gc,phases      ] GC(1563)   Pre Evacuate Collection Set: 0.30ms
[638.790s][info][gc,phases      ] GC(1563)   Merge Heap Roots: 0.21ms
[638.790s][info][gc,phases      ] GC(1563)   Evacuate Collection Set: 21.18ms
[638.790s][info][gc,phases      ] GC(1563)   Post Evacuate Collection Set: 0.44ms
[638.790s][info][gc,phases      ] GC(1563)   Other: 0.07ms
[638.790s][info][gc,heap        ] GC(1563) Eden regions: 194->0(451)
[638.790s][info][gc,heap        ] GC(1563) Survivor regions: 21->1(27)
[638.790s][info][gc,heap        ] GC(1563) Old regions: 361->381
[638.790s][info][gc,heap        ] GC(1563) Humongous regions: 4->4
[638.790s][info][gc,metaspace   ] GC(1563) Metaspace: 19122K(19328K)->19122K(19328K) NonClass: 16458K(16576K)->16458K(16576K) Class: 2664K(2752K)->2664K(2752K)
[638.790s][info][gc             ] GC(1563) Pause Young (Prepare Mixed) (G1 Evacuation Pause) 578M->385M(978M) 22.386ms
[638.790s][info][gc,cpu         ] GC(1563) User=0.05s Sys=0.00s Real=0.02s
[639.705s][info][gc,start       ] GC(1564) Pause Young (Mixed) (G1 Evacuation Pause)
[639.705s][info][gc,task        ] GC(1564) Using 2 workers of 2 for evacuation
[639.734s][info][gc,phases      ] GC(1564)   Pre Evacuate Collection Set: 0.32ms
[639.734s][info][gc,phases      ] GC(1564)   Merge Heap Roots: 0.46ms
[639.734s][info][gc,phases      ] GC(1564)   Evacuate Collection Set: 28.19ms
[639.734s][info][gc,phases      ] GC(1564)   Post Evacuate Collection Set: 0.71ms
[639.734s][info][gc,phases      ] GC(1564)   Other: 0.09ms
[639.735s][info][gc,heap        ] GC(1564) Eden regions: 451->0(472)
[639.735s][info][gc,heap        ] GC(1564) Survivor regions: 1->20(57)
[639.735s][info][gc,heap        ] GC(1564) Old regions: 381->352
[639.735s][info][gc,heap        ] GC(1564) Humongous regions: 4->4
[639.735s][info][gc,metaspace   ] GC(1564) Metaspace: 19122K(19328K)->19122K(19328K) NonClass: 16458K(16576K)->16458K(16576K) Class: 2664K(2752K)->2664K(2752K)
[639.735s][info][gc             ] GC(1564) Pause Young (Mixed) (G1 Evacuation Pause) 836M->375M(978M) 29.974ms
[639.735s][info][gc,cpu         ] GC(1564) User=0.06s Sys=0.00s Real=0.03s
[640.124s][info][gc,start       ] GC(1565) Pause Young (Concurrent Start) (G1 Evacuation Pause)
[640.124s][info][gc,task        ] GC(1565) Using 2 workers of 2 for evacuation
[640.243s][info][gc,phases      ] GC(1565)   Pre Evacuate Collection Set: 0.32ms
[640.243s][info][gc,phases      ] GC(1565)   Merge Heap Roots: 0.19ms
[640.243s][info][gc,phases      ] GC(1565)   Evacuate Collection Set: 117.70ms
[640.243s][info][gc,phases      ] GC(1565)   Post Evacuate Collection Set: 1.09ms
[640.243s][info][gc,phases      ] GC(1565)   Other: 0.20ms
[640.243s][info][gc,heap        ] GC(1565) Eden regions: 472->0(354)
[640.243s][info][gc,heap        ] GC(1565) Survivor regions: 20->62(62)
[640.243s][info][gc,heap        ] GC(1565) Old regions: 352->415
[640.243s][info][gc,heap        ] GC(1565) Humongous regions: 4->4
[640.243s][info][gc,metaspace   ] GC(1565) Metaspace: 19123K(19328K)->19123K(19328K) NonClass: 16459K(16576K)->16459K(16576K) Class: 2664K(2752K)->2664K(2752K)
[640.243s][info][gc             ] GC(1565) Pause Young (Concurrent Start) (G1 Evacuation Pause) 847M->480M(978M) 119.772ms
[640.243s][info][gc,cpu         ] GC(1565) User=0.23s Sys=0.00s Real=0.12s
[640.243s][info][gc             ] GC(1566) Concurrent Mark Cycle
[640.243s][info][gc,marking     ] GC(1566) Concurrent Scan Root Regions
[640.338s][info][gc,marking     ] GC(1566) Concurrent Scan Root Regions 94.619ms
[640.338s][info][gc,marking     ] GC(1566) Concurrent Mark
[640.338s][info][gc,marking     ] GC(1566) Concurrent Mark From Roots
[640.338s][info][gc,task        ] GC(1566) Using 1 workers of 1 for marking
[640.732s][info][gc,start       ] GC(1567) Pause Young (Normal) (G1 Evacuation Pause)
[640.732s][info][gc,task        ] GC(1567) Using 2 workers of 2 for evacuation
[640.861s][info][gc,phases      ] GC(1567)   Pre Evacuate Collection Set: 0.53ms
[640.861s][info][gc,phases      ] GC(1567)   Merge Heap Roots: 0.50ms
[640.861s][info][gc,phases      ] GC(1567)   Evacuate Collection Set: 126.77ms
[640.861s][info][gc,phases      ] GC(1567)   Post Evacuate Collection Set: 0.66ms
[640.861s][info][gc,phases      ] GC(1567)   Other: 0.10ms
[640.861s][info][gc,heap        ] GC(1567) Eden regions: 354->0(323)
[640.861s][info][gc,heap        ] GC(1567) Survivor regions: 62->47(52)
[640.861s][info][gc,heap        ] GC(1567) Old regions: 415->467
[640.861s][info][gc,heap        ] GC(1567) Humongous regions: 8->8
[640.861s][info][gc,metaspace   ] GC(1567) Metaspace: 19123K(19328K)->19123K(19328K) NonClass: 16459K(16576K)->16459K(16576K) Class: 2664K(2752K)->2664K(2752K)
[640.861s][info][gc             ] GC(1567) Pause Young (Normal) (G1 Evacuation Pause) 838M->520M(978M) 128.800ms
[640.861s][info][gc,cpu         ] GC(1567) User=0.26s Sys=0.00s Real=0.13s
[641.231s][info][gc,start       ] GC(1568) Pause Young (Normal) (G1 Evacuation Pause)
[641.231s][info][gc,task        ] GC(1568) Using 2 workers of 2 for evacuation
[641.318s][info][gc,phases      ] GC(1568)   Pre Evacuate Collection Set: 0.30ms
[641.318s][info][gc,phases      ] GC(1568)   Merge Heap Roots: 0.24ms
[641.318s][info][gc,phases      ] GC(1568)   Evacuate Collection Set: 85.75ms
[641.318s][info][gc,phases      ] GC(1568)   Post Evacuate Collection Set: 0.56ms
[641.318s][info][gc,phases      ] GC(1568)   Other: 0.09ms
[641.318s][info][gc,heap        ] GC(1568) Eden regions: 323->0(312)
[641.318s][info][gc,heap        ] GC(1568) Survivor regions: 47->27(47)
[641.318s][info][gc,heap        ] GC(1568) Old regions: 467->513
[641.318s][info][gc,heap        ] GC(1568) Humongous regions: 8->8
[641.318s][info][gc,metaspace   ] GC(1568) Metaspace: 19123K(19328K)->19123K(19328K) NonClass: 16459K(16576K)->16459K(16576K) Class: 2664K(2752K)->2664K(2752K)
[641.318s][info][gc             ] GC(1568) Pause Young (Normal) (G1 Evacuation Pause) 843M->547M(978M) 87.142ms
[641.318s][info][gc,cpu         ] GC(1568) User=0.17s Sys=0.00s Real=0.08s
[641.549s][info][gc,marking     ] GC(1566) Concurrent Mark From Roots 1211.238ms
[641.549s][info][gc,marking     ] GC(1566) Concurrent Preclean
[641.549s][info][gc,marking     ] GC(1566) Concurrent Preclean 0.052ms
[641.550s][info][gc,start       ] GC(1566) Pause Remark
[641.557s][info][gc             ] GC(1566) Pause Remark 713M->706M(978M) 7.682ms
[641.557s][info][gc,cpu         ] GC(1566) User=0.02s Sys=0.00s Real=0.01s
[641.559s][info][gc,marking     ] GC(1566) Concurrent Mark 1220.793ms
[641.559s][info][gc,marking     ] GC(1566) Concurrent Rebuild Remembered Sets and Scrub Regions
[641.838s][info][gc,start       ] GC(1569) Pause Young (Normal) (G1 Evacuation Pause)
[641.839s][info][gc,task        ] GC(1569) Using 2 workers of 2 for evacuation
[641.890s][info][gc,phases      ] GC(1569)   Pre Evacuate Collection Set: 0.52ms
[641.890s][info][gc,phases      ] GC(1569)   Merge Heap Roots: 0.38ms
[641.890s][info][gc,phases      ] GC(1569)   Evacuate Collection Set: 50.14ms
[641.890s][info][gc,phases      ] GC(1569)   Post Evacuate Collection Set: 0.51ms
[641.890s][info][gc,phases      ] GC(1569)   Other: 0.10ms
[641.890s][info][gc,heap        ] GC(1569) Eden regions: 312->0(311)
[641.890s][info][gc,heap        ] GC(1569) Survivor regions: 27->19(43)
[641.890s][info][gc,heap        ] GC(1569) Old regions: 506->533
[641.890s][info][gc,heap        ] GC(1569) Humongous regions: 8->8
[641.890s][info][gc,metaspace   ] GC(1569) Metaspace: 19123K(19328K)->19123K(19328K) NonClass: 16459K(16576K)->16459K(16576K) Class: 2664K(2752K)->2664K(2752K)
[641.890s][info][gc             ] GC(1569) Pause Young (Normal) (G1 Evacuation Pause) 852M->559M(978M) 51.897ms
[641.890s][info][gc,cpu         ] GC(1569) User=0.10s Sys=0.00s Real=0.06s
[642.051s][info][gc,marking     ] GC(1566) Concurrent Rebuild Remembered Sets and Scrub Regions 492.006ms
[642.051s][info][gc,start       ] GC(1566) Pause Cleanup
[642.051s][info][gc             ] GC(1566) Pause Cleanup 637M->637M(978M) 0.098ms
[642.051s][info][gc,cpu         ] GC(1566) User=0.00s Sys=0.00s Real=0.00s
[642.052s][info][gc,marking     ] GC(1566) Concurrent Clear Claimed Marks
[642.052s][info][gc,marking     ] GC(1566) Concurrent Clear Claimed Marks 0.051ms
[642.052s][info][gc,marking     ] GC(1566) Concurrent Cleanup for Next Mark
[642.057s][info][gc,marking     ] GC(1566) Concurrent Cleanup for Next Mark 4.918ms
[642.057s][info][gc             ] GC(1566) Concurrent Mark Cycle 1814.026ms
[642.362s][info][gc,start       ] GC(1570) Pause Young (Prepare Mixed) (G1 Evacuation Pause)
[642.362s][info][gc,task        ] GC(1570) Using 2 workers of 2 for evacuation
[642.429s][info][gc,phases      ] GC(1570)   Pre Evacuate Collection Set: 0.53ms
[642.429s][info][gc,phases      ] GC(1570)   Merge Heap Roots: 0.43ms
[642.429s][info][gc,phases      ] GC(1570)   Evacuate Collection Set: 65.30ms
[642.429s][info][gc,phases      ] GC(1570)   Post Evacuate Collection Set: 0.65ms
[642.429s][info][gc,phases      ] GC(1570)   Other: 0.11ms
[642.429s][info][gc,heap        ] GC(1570) Eden regions: 311->0(280)
[642.429s][info][gc,heap        ] GC(1570) Survivor regions: 19->42(42)
[642.429s][info][gc,heap        ] GC(1570) Old regions: 533->546
[642.429s][info][gc,heap        ] GC(1570) Humongous regions: 8->8
[642.429s][info][gc,metaspace   ] GC(1570) Metaspace: 19123K(19328K)->19123K(19328K) NonClass: 16459K(16576K)->16459K(16576K) Class: 2664K(2752K)->2664K(2752K)
[642.429s][info][gc             ] GC(1570) Pause Young (Prepare Mixed) (G1 Evacuation Pause) 870M->595M(978M) 67.260ms
[642.429s][info][gc,cpu         ] GC(1570) User=0.13s Sys=0.00s Real=0.06s
[642.796s][info][gc,start       ] GC(1571) Pause Young (Mixed) (G1 Evacuation Pause)
[642.796s][info][gc,task        ] GC(1571) Using 2 workers of 2 for evacuation
[642.913s][info][gc,phases      ] GC(1571)   Pre Evacuate Collection Set: 0.54ms
[642.913s][info][gc,phases      ] GC(1571)   Merge Heap Roots: 0.33ms
[642.913s][info][gc,phases      ] GC(1571)   Evacuate Collection Set: 111.38ms
[642.913s][info][gc,phases      ] GC(1571)   Post Evacuate Collection Set: 4.67ms
[642.913s][info][gc,phases      ] GC(1571)   Other: 0.10ms
[642.913s][info][gc,heap        ] GC(1571) Eden regions: 280->0(179)
[642.913s][info][gc,heap        ] GC(1571) Survivor regions: 42->41(41)
[642.913s][info][gc,heap        ] GC(1571) Old regions: 546->655
[642.913s][info][gc,heap        ] GC(1571) Humongous regions: 8->8
[642.913s][info][gc,metaspace   ] GC(1571) Metaspace: 19123K(19328K)->19123K(19328K) NonClass: 16459K(16576K)->16459K(16576K) Class: 2664K(2752K)->2664K(2752K)
[642.913s][info][gc             ] GC(1571) Pause Young (Mixed) (G1 Evacuation Pause) (Evacuation Failure: Allocation) 875M->703M(978M) 117.279ms
[642.913s][info][gc,cpu         ] GC(1571) User=0.23s Sys=0.00s Real=0.12s
[643.091s][info][gc,start       ] GC(1572) Pause Young (Concurrent Start) (G1 Humongous Allocation)
[643.091s][info][gc,task        ] GC(1572) Using 2 workers of 2 for evacuation
[643.154s][info][gc,phases      ] GC(1572)   Pre Evacuate Collection Set: 0.39ms
[643.154s][info][gc,phases      ] GC(1572)   Merge Heap Roots: 0.40ms
[643.154s][info][gc,phases      ] GC(1572)   Evacuate Collection Set: 61.37ms
[643.154s][info][gc,phases      ] GC(1572)   Post Evacuate Collection Set: 0.60ms
[643.154s][info][gc,phases      ] GC(1572)   Other: 0.20ms
[643.154s][info][gc,heap        ] GC(1572) Eden regions: 134->0(217)
[643.154s][info][gc,heap        ] GC(1572) Survivor regions: 41->8(28)
[643.154s][info][gc,heap        ] GC(1572) Old regions: 655->651
[643.154s][info][gc,heap        ] GC(1572) Humongous regions: 8->8
[643.154s][info][gc,metaspace   ] GC(1572) Metaspace: 19123K(19328K)->19123K(19328K) NonClass: 16459K(16576K)->16459K(16576K) Class: 2664K(2752K)->2664K(2752K)
[643.154s][info][gc             ] GC(1572) Pause Young (Concurrent Start) (G1 Humongous Allocation) 837M->666M(978M) 63.239ms
[643.154s][info][gc,cpu         ] GC(1572) User=0.13s Sys=0.00s Real=0.06s
[643.154s][info][gc             ] GC(1573) Concurrent Mark Cycle
[643.155s][info][gc,marking     ] GC(1573) Concurrent Scan Root Regions
[643.223s][info][gc,marking     ] GC(1573) Concurrent Scan Root Regions 68.491ms
[643.223s][info][gc,marking     ] GC(1573) Concurrent Mark
[643.223s][info][gc,marking     ] GC(1573) Concurrent Mark From Roots
[643.223s][info][gc,task        ] GC(1573) Using 1 workers of 1 for marking
[643.561s][info][gc,start       ] GC(1574) Pause Young (Normal) (G1 Evacuation Pause)
[643.561s][info][gc,task        ] GC(1574) Using 2 workers of 2 for evacuation
[643.634s][info][gc,phases      ] GC(1574)   Pre Evacuate Collection Set: 0.54ms
[643.634s][info][gc,phases      ] GC(1574)   Merge Heap Roots: 0.36ms
[643.634s][info][gc,phases      ] GC(1574)   Evacuate Collection Set: 71.54ms
[643.634s][info][gc,phases      ] GC(1574)   Post Evacuate Collection Set: 0.54ms
[643.634s][info][gc,phases      ] GC(1574)   Other: 0.10ms
[643.634s][info][gc,heap        ] GC(1574) Eden regions: 217->0(176)
[643.634s][info][gc,heap        ] GC(1574) Survivor regions: 8->29(29)
[643.634s][info][gc,heap        ] GC(1574) Old regions: 651->675
[643.634s][info][gc,heap        ] GC(1574) Humongous regions: 11->11
[643.634s][info][gc,metaspace   ] GC(1574) Metaspace: 19123K(19328K)->19123K(19328K) NonClass: 16459K(16576K)->16459K(16576K) Class: 2664K(2752K)->2664K(2752K)
[643.634s][info][gc             ] GC(1574) Pause Young (Normal) (G1 Evacuation Pause) 886M->714M(978M) 73.373ms
[643.634s][info][gc,cpu         ] GC(1574) User=0.15s Sys=0.00s Real=0.07s
[643.932s][info][gc,start       ] GC(1575) Pause Young (Normal) (G1 Evacuation Pause)
[643.932s][info][gc,task        ] GC(1575) Using 2 workers of 2 for evacuation
[643.976s][info][gc,phases      ] GC(1575)   Pre Evacuate Collection Set: 0.29ms
[643.976s][info][gc,phases      ] GC(1575)   Merge Heap Roots: 0.27ms
[643.976s][info][gc,phases      ] GC(1575)   Evacuate Collection Set: 43.16ms
[643.976s][info][gc,phases      ] GC(1575)   Post Evacuate Collection Set: 0.41ms
[643.976s][info][gc,phases      ] GC(1575)   Other: 0.09ms
[643.976s][info][gc,heap        ] GC(1575) Eden regions: 176->0(182)
[643.976s][info][gc,heap        ] GC(1575) Survivor regions: 29->5(26)
[643.976s][info][gc,heap        ] GC(1575) Old regions: 675->705
[643.976s][info][gc,heap        ] GC(1575) Humongous regions: 11->11
[643.976s][info][gc,metaspace   ] GC(1575) Metaspace: 19123K(19328K)->19123K(19328K) NonClass: 16459K(16576K)->16459K(16576K) Class: 2664K(2752K)->2664K(2752K)
[643.976s][info][gc             ] GC(1575) Pause Young (Normal) (G1 Evacuation Pause) 890M->720M(978M) 44.494ms
[643.976s][info][gc,cpu         ] GC(1575) User=0.09s Sys=0.01s Real=0.04s
[644.304s][info][gc,start       ] GC(1576) Pause Young (Normal) (G1 Evacuation Pause)
[644.304s][info][gc,task        ] GC(1576) Using 2 workers of 2 for evacuation
[644.320s][info][gc,phases      ] GC(1576)   Pre Evacuate Collection Set: 0.32ms
[644.320s][info][gc,phases      ] GC(1576)   Merge Heap Roots: 0.38ms
[644.320s][info][gc,phases      ] GC(1576)   Evacuate Collection Set: 15.48ms
[644.320s][info][gc,phases      ] GC(1576)   Post Evacuate Collection Set: 0.40ms
[644.320s][info][gc,phases      ] GC(1576)   Other: 0.07ms
[644.320s][info][gc,heap        ] GC(1576) Eden regions: 182->0(189)
[644.320s][info][gc,heap        ] GC(1576) Survivor regions: 5->9(24)
[644.320s][info][gc,heap        ] GC(1576) Old regions: 705->705
[644.320s][info][gc,heap        ] GC(1576) Humongous regions: 11->11
[644.320s][info][gc,metaspace   ] GC(1576) Metaspace: 19123K(19328K)->19123K(19328K) NonClass: 16459K(16576K)->16459K(16576K) Class: 2664K(2752K)->2664K(2752K)
[644.320s][info][gc             ] GC(1576) Pause Young (Normal) (G1 Evacuation Pause) 902M->724M(978M) 16.906ms
[644.320s][info][gc,cpu         ] GC(1576) User=0.03s Sys=0.00s Real=0.02s
[644.568s][info][gc,marking     ] GC(1573) Concurrent Mark From Roots 1344.993ms
[644.568s][info][gc,marking     ] GC(1573) Concurrent Preclean
[644.568s][info][gc,marking     ] GC(1573) Concurrent Preclean 0.049ms
[644.568s][info][gc,start       ] GC(1573) Pause Remark
[644.576s][info][gc             ] GC(1573) Pause Remark 854M->779M(978M) 7.753ms
[644.576s][info][gc,cpu         ] GC(1573) User=0.01s Sys=0.00s Real=0.01s
[644.576s][info][gc,marking     ] GC(1573) Concurrent Mark 1353.077ms
[644.576s][info][gc,marking     ] GC(1573) Concurrent Rebuild Remembered Sets and Scrub Regions
[644.797s][info][gc,start       ] GC(1577) Pause Young (Normal) (G1 Evacuation Pause)
[644.797s][info][gc,task        ] GC(1577) Using 2 workers of 2 for evacuation
[644.838s][info][gc,phases      ] GC(1577)   Pre Evacuate Collection Set: 0.47ms
[644.839s][info][gc,phases      ] GC(1577)   Merge Heap Roots: 0.81ms
[644.839s][info][gc,phases      ] GC(1577)   Evacuate Collection Set: 39.25ms
[644.839s][info][gc,phases      ] GC(1577)   Post Evacuate Collection Set: 0.44ms
[644.839s][info][gc,phases      ] GC(1577)   Other: 0.08ms
[644.839s][info][gc,heap        ] GC(1577) Eden regions: 189->0(229)
[644.839s][info][gc,heap        ] GC(1577) Survivor regions: 9->23(25)
[644.839s][info][gc,heap        ] GC(1577) Old regions: 634->634
[644.839s][info][gc,heap        ] GC(1577) Humongous regions: 7->7
[644.839s][info][gc,metaspace   ] GC(1577) Metaspace: 19123K(19328K)->19123K(19328K) NonClass: 16459K(16576K)->16459K(16576K) Class: 2664K(2752K)->2664K(2752K)
[644.839s][info][gc             ] GC(1577) Pause Young (Normal) (G1 Evacuation Pause) 838M->663M(978M) 41.322ms
[644.839s][info][gc,cpu         ] GC(1577) User=0.08s Sys=0.00s Real=0.04s
[645.117s][info][gc,marking     ] GC(1573) Concurrent Rebuild Remembered Sets and Scrub Regions 540.475ms
[645.117s][info][gc,start       ] GC(1573) Pause Cleanup
[645.117s][info][gc             ] GC(1573) Pause Cleanup 833M->833M(978M) 0.184ms
[645.117s][info][gc,cpu         ] GC(1573) User=0.00s Sys=0.00s Real=0.00s
[645.117s][info][gc,marking     ] GC(1573) Concurrent Clear Claimed Marks
[645.117s][info][gc,marking     ] GC(1573) Concurrent Clear Claimed Marks 0.029ms
[645.117s][info][gc,marking     ] GC(1573) Concurrent Cleanup for Next Mark
[645.120s][info][gc,marking     ] GC(1573) Concurrent Cleanup for Next Mark 2.822ms
[645.120s][info][gc             ] GC(1573) Concurrent Mark Cycle 1965.598ms
[645.160s][info][gc,start       ] GC(1578) Pause Young (Prepare Mixed) (G1 Evacuation Pause)
[645.160s][info][gc,task        ] GC(1578) Using 2 workers of 2 for evacuation
[645.250s][info][gc,phases      ] GC(1578)   Pre Evacuate Collection Set: 0.30ms
[645.250s][info][gc,phases      ] GC(1578)   Merge Heap Roots: 0.36ms
[645.250s][info][gc,phases      ] GC(1578)   Evacuate Collection Set: 87.10ms
[645.250s][info][gc,phases      ] GC(1578)   Post Evacuate Collection Set: 1.27ms
[645.250s][info][gc,phases      ] GC(1578)   Other: 0.10ms
[645.250s][info][gc,heap        ] GC(1578) Eden regions: 229->0(163)
[645.250s][info][gc,heap        ] GC(1578) Survivor regions: 23->32(32)
[645.250s][info][gc,heap        ] GC(1578) Old regions: 634->694
[645.250s][info][gc,heap        ] GC(1578) Humongous regions: 7->7
[645.250s][info][gc,metaspace   ] GC(1578) Metaspace: 19123K(19328K)->19123K(19328K) NonClass: 16459K(16576K)->16459K(16576K) Class: 2664K(2752K)->2664K(2752K)
[645.250s][info][gc             ] GC(1578) Pause Young (Prepare Mixed) (G1 Evacuation Pause) (Evacuation Failure: Allocation) 892M->732M(978M) 89.396ms
[645.250s][info][gc,cpu         ] GC(1578) User=0.18s Sys=0.00s Real=0.09s
[645.511s][info][gc,start       ] GC(1579) Pause Young (Mixed) (G1 Evacuation Pause)
[645.511s][info][gc,task        ] GC(1579) Using 2 workers of 2 for evacuation
[645.598s][info][gc,phases      ] GC(1579)   Pre Evacuate Collection Set: 0.56ms
[645.598s][info][gc,phases      ] GC(1579)   Merge Heap Roots: 0.71ms
[645.598s][info][gc,phases      ] GC(1579)   Evacuate Collection Set: 84.04ms
[645.598s][info][gc,phases      ] GC(1579)   Post Evacuate Collection Set: 0.69ms
[645.598s][info][gc,phases      ] GC(1579)   Other: 0.11ms
[645.598s][info][gc,heap        ] GC(1579) Eden regions: 163->0(206)
[645.598s][info][gc,heap        ] GC(1579) Survivor regions: 32->25(25)
[645.598s][info][gc,heap        ] GC(1579) Old regions: 694->637
[645.598s][info][gc,heap        ] GC(1579) Humongous regions: 7->7
[645.598s][info][gc,metaspace   ] GC(1579) Metaspace: 19123K(19328K)->19123K(19328K) NonClass: 16459K(16576K)->16459K(16576K) Class: 2664K(2752K)->2664K(2752K)
[645.598s][info][gc             ] GC(1579) Pause Young (Mixed) (G1 Evacuation Pause) 895M->668M(978M) 86.355ms
[645.598s][info][gc,cpu         ] GC(1579) User=0.17s Sys=0.00s Real=0.08s
[645.877s][info][gc,start       ] GC(1580) Pause Young (Mixed) (G1 Evacuation Pause)
[645.877s][info][gc,task        ] GC(1580) Using 2 workers of 2 for evacuation
[646.036s][info][gc,phases      ] GC(1580)   Pre Evacuate Collection Set: 0.54ms
[646.036s][info][gc,phases      ] GC(1580)   Merge Heap Roots: 1.58ms
[646.036s][info][gc,phases      ] GC(1580)   Evacuate Collection Set: 151.34ms
[646.036s][info][gc,phases      ] GC(1580)   Post Evacuate Collection Set: 5.43ms
[646.036s][info][gc,phases      ] GC(1580)   Other: 0.09ms
[646.036s][info][gc,heap        ] GC(1580) Eden regions: 206->0(150)
[646.036s][info][gc,heap        ] GC(1580) Survivor regions: 25->29(29)
[646.036s][info][gc,heap        ] GC(1580) Old regions: 637->700
[646.036s][info][gc,heap        ] GC(1580) Humongous regions: 10->10
[646.036s][info][gc,metaspace   ] GC(1580) Metaspace: 19123K(19328K)->19123K(19328K) NonClass: 16459K(16576K)->16459K(16576K) Class: 2664K(2752K)->2664K(2752K)
[646.036s][info][gc             ] GC(1580) Pause Young (Mixed) (G1 Evacuation Pause) (Evacuation Failure: Allocation) 877M->738M(978M) 159.227ms
[646.036s][info][gc,cpu         ] GC(1580) User=0.31s Sys=0.01s Real=0.16s
[646.231s][info][gc,start       ] GC(1581) Pause Young (Mixed) (G1 Evacuation Pause)
[646.231s][info][gc,task        ] GC(1581) Using 2 workers of 2 for evacuation
[646.312s][info][gc,phases      ] GC(1581)   Pre Evacuate Collection Set: 0.54ms
[646.312s][info][gc,phases      ] GC(1581)   Merge Heap Roots: 1.74ms
[646.312s][info][gc,phases      ] GC(1581)   Evacuate Collection Set: 77.74ms
[646.312s][info][gc,phases      ] GC(1581)   Post Evacuate Collection Set: 0.48ms
[646.312s][info][gc,phases      ] GC(1581)   Other: 0.09ms
[646.312s][info][gc,heap        ] GC(1581) Eden regions: 150->0(200)
[646.312s][info][gc,heap        ] GC(1581) Survivor regions: 29->15(23)
[646.312s][info][gc,heap        ] GC(1581) Old regions: 700->654
[646.312s][info][gc,heap        ] GC(1581) Humongous regions: 10->10
[646.312s][info][gc,metaspace   ] GC(1581) Metaspace: 19123K(19328K)->19123K(19328K) NonClass: 16459K(16576K)->16459K(16576K) Class: 2664K(2752K)->2664K(2752K)
[646.312s][info][gc             ] GC(1581) Pause Young (Mixed) (G1 Evacuation Pause) 888M->678M(978M) 80.791ms
[646.312s][info][gc,cpu         ] GC(1581) User=0.15s Sys=0.00s Real=0.08s
[646.516s][info][gc,start       ] GC(1582) Pause Young (Concurrent Start) (G1 Evacuation Pause)
[646.516s][info][gc,task        ] GC(1582) Using 2 workers of 2 for evacuation
[646.538s][info][gc,phases      ] GC(1582)   Pre Evacuate Collection Set: 0.29ms
[646.538s][info][gc,phases      ] GC(1582)   Merge Heap Roots: 0.21ms
[646.538s][info][gc,phases      ] GC(1582)   Evacuate Collection Set: 21.50ms
[646.538s][info][gc,phases      ] GC(1582)   Post Evacuate Collection Set: 0.44ms
[646.538s][info][gc,phases      ] GC(1582)   Other: 0.11ms
[646.538s][info][gc,heap        ] GC(1582) Eden regions: 200->0(211)
[646.538s][info][gc,heap        ] GC(1582) Survivor regions: 15->3(27)
[646.538s][info][gc,heap        ] GC(1582) Old regions: 654->668
[646.538s][info][gc,heap        ] GC(1582) Humongous regions: 10->10
[646.538s][info][gc,metaspace   ] GC(1582) Metaspace: 19123K(19328K)->19123K(19328K) NonClass: 16459K(16576K)->16459K(16576K) Class: 2664K(2752K)->2664K(2752K)
[646.538s][info][gc             ] GC(1582) Pause Young (Concurrent Start) (G1 Evacuation Pause) 878M->680M(978M) 22.791ms
[646.538s][info][gc             ] GC(1583) Concurrent Mark Cycle
[646.538s][info][gc,marking     ] GC(1583) Concurrent Scan Root Regions
[646.539s][info][gc,cpu         ] GC(1582) User=0.05s Sys=0.00s Real=0.02s
[646.565s][info][gc,marking     ] GC(1583) Concurrent Scan Root Regions 26.567ms
[646.565s][info][gc,marking     ] GC(1583) Concurrent Mark
[646.565s][info][gc,marking     ] GC(1583) Concurrent Mark From Roots
[646.565s][info][gc,task        ] GC(1583) Using 1 workers of 1 for marking
[647.017s][info][gc,start       ] GC(1584) Pause Young (Normal) (G1 Evacuation Pause)
[647.018s][info][gc,task        ] GC(1584) Using 2 workers of 2 for evacuation
[647.036s][info][gc,phases      ] GC(1584)   Pre Evacuate Collection Set: 0.30ms
[647.036s][info][gc,phases      ] GC(1584)   Merge Heap Roots: 0.16ms
[647.036s][info][gc,phases      ] GC(1584)   Evacuate Collection Set: 17.30ms
[647.036s][info][gc,phases      ] GC(1584)   Post Evacuate Collection Set: 0.43ms
[647.036s][info][gc,phases      ] GC(1584)   Other: 0.09ms
[647.036s][info][gc,heap        ] GC(1584) Eden regions: 211->0(209)
[647.036s][info][gc,heap        ] GC(1584) Survivor regions: 3->15(27)
[647.036s][info][gc,heap        ] GC(1584) Old regions: 668->668
[647.036s][info][gc,heap        ] GC(1584) Humongous regions: 10->10
[647.036s][info][gc,metaspace   ] GC(1584) Metaspace: 19123K(19328K)->19123K(19328K) NonClass: 16459K(16576K)->16459K(16576K) Class: 2664K(2752K)->2664K(2752K)
[647.036s][info][gc             ] GC(1584) Pause Young (Normal) (G1 Evacuation Pause) 891M->692M(978M) 18.489ms
[647.036s][info][gc,cpu         ] GC(1584) User=0.04s Sys=0.00s Real=0.02s
[647.679s][info][gc,start       ] GC(1585) Pause Young (Normal) (G1 Evacuation Pause)
[647.679s][info][gc,task        ] GC(1585) Using 2 workers of 2 for evacuation
[647.716s][info][gc,phases      ] GC(1585)   Pre Evacuate Collection Set: 0.30ms
[647.716s][info][gc,phases      ] GC(1585)   Merge Heap Roots: 0.26ms
[647.716s][info][gc,phases      ] GC(1585)   Evacuate Collection Set: 36.13ms
[647.716s][info][gc,phases      ] GC(1585)   Post Evacuate Collection Set: 0.45ms
[647.716s][info][gc,phases      ] GC(1585)   Other: 0.07ms
[647.716s][info][gc,heap        ] GC(1585) Eden regions: 209->0(191)
[647.716s][info][gc,heap        ] GC(1585) Survivor regions: 15->28(28)
[647.716s][info][gc,heap        ] GC(1585) Old regions: 668->671
[647.716s][info][gc,heap        ] GC(1585) Humongous regions: 10->10
[647.716s][info][gc,metaspace   ] GC(1585) Metaspace: 19123K(19328K)->19123K(19328K) NonClass: 16459K(16576K)->16459K(16576K) Class: 2664K(2752K)->2664K(2752K)
[647.716s][info][gc             ] GC(1585) Pause Young (Normal) (G1 Evacuation Pause) 901M->708M(978M) 37.431ms
[647.716s][info][gc,cpu         ] GC(1585) User=0.07s Sys=0.00s Real=0.04s
[648.102s][info][gc,marking     ] GC(1583) Concurrent Mark From Roots 1537.015ms
[648.102s][info][gc,marking     ] GC(1583) Concurrent Preclean
[648.102s][info][gc,marking     ] GC(1583) Concurrent Preclean 0.050ms
[648.102s][info][gc,start       ] GC(1583) Pause Remark
[648.110s][info][gc             ] GC(1583) Pause Remark 823M->740M(978M) 7.786ms
[648.110s][info][gc,cpu         ] GC(1583) User=0.02s Sys=0.00s Real=0.00s
[648.111s][info][gc,marking     ] GC(1583) Concurrent Mark 1546.290ms
[648.111s][info][gc,marking     ] GC(1583) Concurrent Rebuild Remembered Sets and Scrub Regions
[648.433s][info][gc,start       ] GC(1586) Pause Young (Normal) (G1 Evacuation Pause)
[648.434s][info][gc,task        ] GC(1586) Using 2 workers of 2 for evacuation
[648.476s][info][gc,phases      ] GC(1586)   Pre Evacuate Collection Set: 0.49ms
[648.476s][info][gc,phases      ] GC(1586)   Merge Heap Roots: 0.46ms
[648.476s][info][gc,phases      ] GC(1586)   Evacuate Collection Set: 41.10ms
[648.476s][info][gc,phases      ] GC(1586)   Post Evacuate Collection Set: 0.45ms
[648.476s][info][gc,phases      ] GC(1586)   Other: 0.10ms
[648.476s][info][gc,heap        ] GC(1586) Eden regions: 191->0(264)
[648.476s][info][gc,heap        ] GC(1586) Survivor regions: 28->1(28)
[648.476s][info][gc,heap        ] GC(1586) Old regions: 592->621
[648.476s][info][gc,heap        ] GC(1586) Humongous regions: 6->6
[648.476s][info][gc,metaspace   ] GC(1586) Metaspace: 19123K(19328K)->19123K(19328K) NonClass: 16459K(16576K)->16459K(16576K) Class: 2664K(2752K)->2664K(2752K)
[648.476s][info][gc             ] GC(1586) Pause Young (Normal) (G1 Evacuation Pause) 816M->627M(978M) 42.840ms
[648.476s][info][gc,cpu         ] GC(1586) User=0.08s Sys=0.00s Real=0.04s
[648.707s][info][gc,marking     ] GC(1583) Concurrent Rebuild Remembered Sets and Scrub Regions 596.044ms
[648.708s][info][gc,start       ] GC(1583) Pause Cleanup
[648.708s][info][gc             ] GC(1583) Pause Cleanup 703M->703M(978M) 0.160ms
[648.708s][info][gc,cpu         ] GC(1583) User=0.00s Sys=0.00s Real=0.00s
[648.709s][info][gc,marking     ] GC(1583) Concurrent Clear Claimed Marks
[648.709s][info][gc,marking     ] GC(1583) Concurrent Clear Claimed Marks 0.055ms
[648.709s][info][gc,marking     ] GC(1583) Concurrent Cleanup for Next Mark
[648.714s][info][gc,marking     ] GC(1583) Concurrent Cleanup for Next Mark 4.896ms
[648.714s][info][gc             ] GC(1583) Concurrent Mark Cycle 2175.861ms
[648.941s][info][gc,start       ] GC(1587) Pause Young (Prepare Mixed) (G1 Evacuation Pause)
[648.941s][info][gc,task        ] GC(1587) Using 2 workers of 2 for evacuation
[648.986s][info][gc,phases      ] GC(1587)   Pre Evacuate Collection Set: 0.30ms
[648.986s][info][gc,phases      ] GC(1587)   Merge Heap Roots: 0.24ms
[648.986s][info][gc,phases      ] GC(1587)   Evacuate Collection Set: 43.41ms
[648.986s][info][gc,phases      ] GC(1587)   Post Evacuate Collection Set: 0.61ms
[648.986s][info][gc,phases      ] GC(1587)   Other: 0.08ms
[648.986s][info][gc,heap        ] GC(1587) Eden regions: 264->0(218)
[648.986s][info][gc,heap        ] GC(1587) Survivor regions: 1->34(34)
[648.986s][info][gc,heap        ] GC(1587) Old regions: 621->630
[648.986s][info][gc,heap        ] GC(1587) Humongous regions: 6->6
[648.986s][info][gc,metaspace   ] GC(1587) Metaspace: 19125K(19328K)->19125K(19328K) NonClass: 16461K(16576K)->16461K(16576K) Class: 2664K(2752K)->2664K(2752K)
[648.986s][info][gc             ] GC(1587) Pause Young (Prepare Mixed) (G1 Evacuation Pause) 891M->669M(978M) 44.860ms
[648.986s][info][gc,cpu         ] GC(1587) User=0.09s Sys=0.00s Real=0.04s
[649.248s][info][gc,start       ] GC(1588) Pause Young (Mixed) (G1 Evacuation Pause)
[649.248s][info][gc,task        ] GC(1588) Using 2 workers of 2 for evacuation
[649.327s][info][gc,phases      ] GC(1588)   Pre Evacuate Collection Set: 0.56ms
[649.327s][info][gc,phases      ] GC(1588)   Merge Heap Roots: 0.87ms
[649.327s][info][gc,phases      ] GC(1588)   Evacuate Collection Set: 76.53ms
[649.327s][info][gc,phases      ] GC(1588)   Post Evacuate Collection Set: 0.64ms
[649.327s][info][gc,phases      ] GC(1588)   Other: 0.08ms
[649.327s][info][gc,heap        ] GC(1588) Eden regions: 218->0(238)
[649.327s][info][gc,heap        ] GC(1588) Survivor regions: 34->32(32)
[649.327s][info][gc,heap        ] GC(1588) Old regions: 630->599
[649.327s][info][gc,heap        ] GC(1588) Humongous regions: 6->6
[649.327s][info][gc,metaspace   ] GC(1588) Metaspace: 19125K(19328K)->19125K(19328K) NonClass: 16461K(16576K)->16461K(16576K) Class: 2664K(2752K)->2664K(2752K)
[649.327s][info][gc             ] GC(1588) Pause Young (Mixed) (G1 Evacuation Pause) 887M->636M(978M) 78.914ms
[649.327s][info][gc,cpu         ] GC(1588) User=0.16s Sys=0.00s Real=0.08s
[649.415s][info][gc,start       ] GC(1589) Pause Young (Concurrent Start) (G1 Humongous Allocation)
[649.415s][info][gc,task        ] GC(1589) Using 2 workers of 2 for evacuation
[649.454s][info][gc,phases      ] GC(1589)   Pre Evacuate Collection Set: 0.31ms
[649.454s][info][gc,phases      ] GC(1589)   Merge Heap Roots: 0.23ms
[649.454s][info][gc,phases      ] GC(1589)   Evacuate Collection Set: 37.59ms
[649.454s][info][gc,phases      ] GC(1589)   Post Evacuate Collection Set: 0.45ms
[649.454s][info][gc,phases      ] GC(1589)   Other: 0.12ms
[649.454s][info][gc,heap        ] GC(1589) Eden regions: 45->0(245)
[649.454s][info][gc,heap        ] GC(1589) Survivor regions: 32->6(34)
[649.454s][info][gc,heap        ] GC(1589) Old regions: 599->631
[649.454s][info][gc,heap        ] GC(1589) Humongous regions: 6->6
[649.454s][info][gc,metaspace   ] GC(1589) Metaspace: 19125K(19328K)->19125K(19328K) NonClass: 16461K(16576K)->16461K(16576K) Class: 2664K(2752K)->2664K(2752K)
[649.454s][info][gc             ] GC(1589) Pause Young (Concurrent Start) (G1 Humongous Allocation) 681M->642M(978M) 38.962ms
[649.454s][info][gc,cpu         ] GC(1589) User=0.08s Sys=0.00s Real=0.04s
[649.454s][info][gc             ] GC(1590) Concurrent Mark Cycle
[649.454s][info][gc,marking     ] GC(1590) Concurrent Scan Root Regions
[649.505s][info][gc,marking     ] GC(1590) Concurrent Scan Root Regions 51.581ms
[649.505s][info][gc,marking     ] GC(1590) Concurrent Mark
[649.505s][info][gc,marking     ] GC(1590) Concurrent Mark From Roots
[649.505s][info][gc,task        ] GC(1590) Using 1 workers of 1 for marking
[649.891s][info][gc,start       ] GC(1591) Pause Young (Normal) (G1 Evacuation Pause)
[649.892s][info][gc,task        ] GC(1591) Using 2 workers of 2 for evacuation
[649.964s][info][gc,phases      ] GC(1591)   Pre Evacuate Collection Set: 0.53ms
[649.964s][info][gc,phases      ] GC(1591)   Merge Heap Roots: 0.30ms
[649.964s][info][gc,phases      ] GC(1591)   Evacuate Collection Set: 70.97ms
[649.964s][info][gc,phases      ] GC(1591)   Post Evacuate Collection Set: 0.60ms
[649.964s][info][gc,phases      ] GC(1591)   Other: 0.08ms
[649.964s][info][gc,heap        ] GC(1591) Eden regions: 245->0(199)
[649.964s][info][gc,heap        ] GC(1591) Survivor regions: 6->32(32)
[649.964s][info][gc,heap        ] GC(1591) Old regions: 631->654
[649.964s][info][gc,heap        ] GC(1591) Humongous regions: 9->9
[649.964s][info][gc,metaspace   ] GC(1591) Metaspace: 19125K(19328K)->19125K(19328K) NonClass: 16461K(16576K)->16461K(16576K) Class: 2664K(2752K)->2664K(2752K)
[649.964s][info][gc             ] GC(1591) Pause Young (Normal) (G1 Evacuation Pause) 890M->694M(978M) 72.752ms
[649.964s][info][gc,cpu         ] GC(1591) User=0.14s Sys=0.00s Real=0.07s
[650.255s][info][gc,start       ] GC(1592) Pause Young (Normal) (G1 Evacuation Pause)
[650.255s][info][gc,task        ] GC(1592) Using 2 workers of 2 for evacuation
[650.304s][info][gc,phases      ] GC(1592)   Pre Evacuate Collection Set: 0.53ms
[650.304s][info][gc,phases      ] GC(1592)   Merge Heap Roots: 0.38ms
[650.304s][info][gc,phases      ] GC(1592)   Evacuate Collection Set: 46.97ms
[650.304s][info][gc,phases      ] GC(1592)   Post Evacuate Collection Set: 0.44ms
[650.304s][info][gc,phases      ] GC(1592)   Other: 0.08ms
[650.304s][info][gc,heap        ] GC(1592) Eden regions: 199->0(208)
[650.304s][info][gc,heap        ] GC(1592) Survivor regions: 32->1(29)
[650.304s][info][gc,heap        ] GC(1592) Old regions: 654->687
[650.304s][info][gc,heap        ] GC(1592) Humongous regions: 9->9
[650.304s][info][gc,metaspace   ] GC(1592) Metaspace: 19125K(19328K)->19125K(19328K) NonClass: 16461K(16576K)->16461K(16576K) Class: 2664K(2752K)->2664K(2752K)
[650.304s][info][gc             ] GC(1592) Pause Young (Normal) (G1 Evacuation Pause) 893M->696M(978M) 48.630ms
[650.304s][info][gc,cpu         ] GC(1592) User=0.10s Sys=0.00s Real=0.05s
[650.755s][info][gc,start       ] GC(1593) Pause Young (Normal) (G1 Evacuation Pause)
[650.755s][info][gc,task        ] GC(1593) Using 2 workers of 2 for evacuation
[650.775s][info][gc,phases      ] GC(1593)   Pre Evacuate Collection Set: 0.31ms
[650.775s][info][gc,phases      ] GC(1593)   Merge Heap Roots: 0.18ms
[650.775s][info][gc,phases      ] GC(1593)   Evacuate Collection Set: 18.94ms
[650.775s][info][gc,phases      ] GC(1593)   Post Evacuate Collection Set: 0.42ms
[650.775s][info][gc,phases      ] GC(1593)   Other: 0.09ms
[650.775s][info][gc,heap        ] GC(1593) Eden regions: 208->0(203)
[650.775s][info][gc,heap        ] GC(1593) Survivor regions: 1->14(27)
[650.775s][info][gc,heap        ] GC(1593) Old regions: 687->687
[650.775s][info][gc,heap        ] GC(1593) Humongous regions: 9->9
[650.776s][info][gc,metaspace   ] GC(1593) Metaspace: 19125K(19328K)->19125K(19328K) NonClass: 16461K(16576K)->16461K(16576K) Class: 2664K(2752K)->2664K(2752K)
[650.776s][info][gc             ] GC(1593) Pause Young (Normal) (G1 Evacuation Pause) 904M->709M(978M) 20.199ms
[650.776s][info][gc,cpu         ] GC(1593) User=0.04s Sys=0.00s Real=0.02s
[651.111s][info][gc,marking     ] GC(1590) Concurrent Mark From Roots 1605.576ms
[651.111s][info][gc,marking     ] GC(1590) Concurrent Preclean
[651.111s][info][gc,marking     ] GC(1590) Concurrent Preclean 0.051ms
[651.111s][info][gc,start       ] GC(1590) Pause Remark
[651.119s][info][gc             ] GC(1590) Pause Remark 836M->823M(978M) 7.744ms
[651.119s][info][gc,cpu         ] GC(1590) User=0.01s Sys=0.00s Real=0.00s
[651.121s][info][gc,marking     ] GC(1590) Concurrent Mark 1615.932ms
[651.121s][info][gc,marking     ] GC(1590) Concurrent Rebuild Remembered Sets and Scrub Regions
[651.606s][info][gc,marking     ] GC(1590) Concurrent Rebuild Remembered Sets and Scrub Regions 484.492ms
[651.606s][info][gc,start       ] GC(1590) Pause Cleanup
[651.606s][info][gc             ] GC(1590) Pause Cleanup 894M->894M(978M) 0.109ms
[651.606s][info][gc,cpu         ] GC(1590) User=0.00s Sys=0.00s Real=0.00s
[651.606s][info][gc,marking     ] GC(1590) Concurrent Clear Claimed Marks
[651.606s][info][gc,marking     ] GC(1590) Concurrent Clear Claimed Marks 0.032ms
[651.606s][info][gc,marking     ] GC(1590) Concurrent Cleanup for Next Mark
[651.609s][info][gc,marking     ] GC(1590) Concurrent Cleanup for Next Mark 2.825ms
[651.609s][info][gc             ] GC(1590) Concurrent Mark Cycle 2155.422ms
[651.627s][info][gc,start       ] GC(1594) Pause Young (Prepare Mixed) (G1 Evacuation Pause)
[651.627s][info][gc,task        ] GC(1594) Using 2 workers of 2 for evacuation
[651.675s][info][gc,phases      ] GC(1594)   Pre Evacuate Collection Set: 0.31ms
[651.675s][info][gc,phases      ] GC(1594)   Merge Heap Roots: 0.53ms
[651.675s][info][gc,phases      ] GC(1594)   Evacuate Collection Set: 47.13ms
[651.675s][info][gc,phases      ] GC(1594)   Post Evacuate Collection Set: 0.52ms
[651.675s][info][gc,phases      ] GC(1594)   Other: 0.08ms
[651.675s][info][gc,heap        ] GC(1594) Eden regions: 203->0(186)
[651.675s][info][gc,heap        ] GC(1594) Survivor regions: 14->28(28)
[651.675s][info][gc,heap        ] GC(1594) Old regions: 674->677
[651.675s][info][gc,heap        ] GC(1594) Humongous regions: 9->9
[651.675s][info][gc,metaspace   ] GC(1594) Metaspace: 19125K(19328K)->19125K(19328K) NonClass: 16461K(16576K)->16461K(16576K) Class: 2664K(2752K)->2664K(2752K)
[651.675s][info][gc             ] GC(1594) Pause Young (Prepare Mixed) (G1 Evacuation Pause) 899M->713M(978M) 48.736ms
[651.675s][info][gc,cpu         ] GC(1594) User=0.09s Sys=0.00s Real=0.05s
[651.983s][info][gc,start       ] GC(1595) Pause Young (Mixed) (G1 Evacuation Pause)
[651.983s][info][gc,task        ] GC(1595) Using 2 workers of 2 for evacuation
[652.059s][info][gc,phases      ] GC(1595)   Pre Evacuate Collection Set: 0.34ms
[652.059s][info][gc,phases      ] GC(1595)   Merge Heap Roots: 0.81ms
[652.059s][info][gc,phases      ] GC(1595)   Evacuate Collection Set: 73.97ms
[652.059s][info][gc,phases      ] GC(1595)   Post Evacuate Collection Set: 0.44ms
[652.059s][info][gc,phases      ] GC(1595)   Other: 0.08ms
[652.059s][info][gc,heap        ] GC(1595) Eden regions: 186->0(198)
[652.059s][info][gc,heap        ] GC(1595) Survivor regions: 28->13(27)
[652.059s][info][gc,heap        ] GC(1595) Old regions: 677->695
[652.059s][info][gc,heap        ] GC(1595) Humongous regions: 9->9
[652.059s][info][gc,metaspace   ] GC(1595) Metaspace: 19125K(19328K)->19125K(19328K) NonClass: 16461K(16576K)->16461K(16576K) Class: 2664K(2752K)->2664K(2752K)
[652.059s][info][gc             ] GC(1595) Pause Young (Mixed) (G1 Evacuation Pause) 899M->715M(978M) 75.935ms
[652.059s][info][gc,cpu         ] GC(1595) User=0.15s Sys=0.00s Real=0.07s
[652.290s][info][gc,start       ] GC(1596) Pause Young (Concurrent Start) (G1 Evacuation Pause)
[652.290s][info][gc,task        ] GC(1596) Using 2 workers of 2 for evacuation
[652.316s][info][gc,phases      ] GC(1596)   Pre Evacuate Collection Set: 0.36ms
[652.316s][info][gc,phases      ] GC(1596)   Merge Heap Roots: 0.10ms
[652.316s][info][gc,phases      ] GC(1596)   Evacuate Collection Set: 24.90ms
[652.316s][info][gc,phases      ] GC(1596)   Post Evacuate Collection Set: 0.48ms
[652.316s][info][gc,phases      ] GC(1596)   Other: 0.12ms
[652.316s][info][gc,heap        ] GC(1596) Eden regions: 198->0(170)
[652.316s][info][gc,heap        ] GC(1596) Survivor regions: 13->27(27)
[652.316s][info][gc,heap        ] GC(1596) Old regions: 695->695
[652.316s][info][gc,heap        ] GC(1596) Humongous regions: 9->9
[652.316s][info][gc,metaspace   ] GC(1596) Metaspace: 19126K(19328K)->19126K(19328K) NonClass: 16462K(16576K)->16462K(16576K) Class: 2664K(2752K)->2664K(2752K)
[652.316s][info][gc             ] GC(1596) Pause Young (Concurrent Start) (G1 Evacuation Pause) 913M->730M(978M) 26.172ms
[652.316s][info][gc,cpu         ] GC(1596) User=0.05s Sys=0.00s Real=0.03s
[652.316s][info][gc             ] GC(1597) Concurrent Mark Cycle
[652.316s][info][gc,marking     ] GC(1597) Concurrent Scan Root Regions
[652.331s][info][gc,marking     ] GC(1597) Concurrent Scan Root Regions 15.115ms
[652.331s][info][gc,marking     ] GC(1597) Concurrent Mark
[652.331s][info][gc,marking     ] GC(1597) Concurrent Mark From Roots
[652.331s][info][gc,task        ] GC(1597) Using 1 workers of 1 for marking
[652.596s][info][gc,start       ] GC(1598) Pause Young (Normal) (G1 Evacuation Pause)
[652.596s][info][gc,task        ] GC(1598) Using 2 workers of 2 for evacuation
[652.636s][info][gc,phases      ] GC(1598)   Pre Evacuate Collection Set: 0.58ms
[652.636s][info][gc,phases      ] GC(1598)   Merge Heap Roots: 0.11ms
[652.636s][info][gc,phases      ] GC(1598)   Evacuate Collection Set: 38.61ms
[652.636s][info][gc,phases      ] GC(1598)   Post Evacuate Collection Set: 0.48ms
[652.636s][info][gc,phases      ] GC(1598)   Other: 0.10ms
[652.636s][info][gc,heap        ] GC(1598) Eden regions: 170->0(170)
[652.636s][info][gc,heap        ] GC(1598) Survivor regions: 27->16(25)
[652.636s][info][gc,heap        ] GC(1598) Old regions: 695->717
[652.636s][info][gc,heap        ] GC(1598) Humongous regions: 9->9
[652.636s][info][gc,metaspace   ] GC(1598) Metaspace: 19126K(19328K)->19126K(19328K) NonClass: 16462K(16576K)->16462K(16576K) Class: 2664K(2752K)->2664K(2752K)
[652.636s][info][gc             ] GC(1598) Pause Young (Normal) (G1 Evacuation Pause) 900M->741M(978M) 40.121ms
[652.636s][info][gc,cpu         ] GC(1598) User=0.08s Sys=0.00s Real=0.04s
[653.022s][info][gc,start       ] GC(1599) Pause Young (Normal) (G1 Evacuation Pause)
[653.022s][info][gc,task        ] GC(1599) Using 2 workers of 2 for evacuation
[653.046s][info][gc,phases      ] GC(1599)   Pre Evacuate Collection Set: 0.32ms
[653.046s][info][gc,phases      ] GC(1599)   Merge Heap Roots: 0.15ms
[653.046s][info][gc,phases      ] GC(1599)   Evacuate Collection Set: 23.17ms
[653.046s][info][gc,phases      ] GC(1599)   Post Evacuate Collection Set: 0.39ms
[653.046s][info][gc,phases      ] GC(1599)   Other: 0.09ms
[653.046s][info][gc,heap        ] GC(1599) Eden regions: 170->0(176)
[653.046s][info][gc,heap        ] GC(1599) Survivor regions: 16->5(24)
[653.046s][info][gc,heap        ] GC(1599) Old regions: 717->733
[653.046s][info][gc,heap        ] GC(1599) Humongous regions: 9->9
[653.046s][info][gc,metaspace   ] GC(1599) Metaspace: 19126K(19328K)->19126K(19328K) NonClass: 16462K(16576K)->16462K(16576K) Class: 2664K(2752K)->2664K(2752K)
[653.046s][info][gc             ] GC(1599) Pause Young (Normal) (G1 Evacuation Pause) 911M->746M(978M) 24.391ms
[653.046s][info][gc,cpu         ] GC(1599) User=0.04s Sys=0.01s Real=0.02s
[653.626s][info][gc,start       ] GC(1600) Pause Young (Normal) (G1 Evacuation Pause)
[653.626s][info][gc,task        ] GC(1600) Using 2 workers of 2 for evacuation
[653.639s][info][gc,phases      ] GC(1600)   Pre Evacuate Collection Set: 0.31ms
[653.639s][info][gc,phases      ] GC(1600)   Merge Heap Roots: 0.10ms
[653.639s][info][gc,phases      ] GC(1600)   Evacuate Collection Set: 11.65ms
[653.639s][info][gc,phases      ] GC(1600)   Post Evacuate Collection Set: 0.39ms
[653.639s][info][gc,phases      ] GC(1600)   Other: 0.08ms
[653.639s][info][gc,heap        ] GC(1600) Eden regions: 176->0(160)
[653.639s][info][gc,heap        ] GC(1600) Survivor regions: 5->13(23)
[653.639s][info][gc,heap        ] GC(1600) Old regions: 733->733
[653.639s][info][gc,heap        ] GC(1600) Humongous regions: 9->9
[653.639s][info][gc,metaspace   ] GC(1600) Metaspace: 19128K(19328K)->19128K(19328K) NonClass: 16464K(16576K)->16464K(16576K) Class: 2664K(2752K)->2664K(2752K)
[653.639s][info][gc             ] GC(1600) Pause Young (Normal) (G1 Evacuation Pause) 922M->754M(978M) 12.748ms
[653.639s][info][gc,cpu         ] GC(1600) User=0.03s Sys=0.00s Real=0.01s
[653.897s][info][gc,marking     ] GC(1597) Concurrent Mark From Roots 1566.391ms
[653.897s][info][gc,marking     ] GC(1597) Concurrent Preclean
[653.898s][info][gc,marking     ] GC(1597) Concurrent Preclean 0.045ms
[653.898s][info][gc,start       ] GC(1597) Pause Remark
[653.906s][info][gc             ] GC(1597) Pause Remark 885M->757M(978M) 7.858ms
[653.906s][info][gc,cpu         ] GC(1597) User=0.01s Sys=0.00s Real=0.01s
[653.906s][info][gc,marking     ] GC(1597) Concurrent Mark 1575.363ms
[653.906s][info][gc,marking     ] GC(1597) Concurrent Rebuild Remembered Sets and Scrub Regions
[653.977s][info][gc,start       ] GC(1601) Pause Young (Normal) (G1 Evacuation Pause)
[653.977s][info][gc,task        ] GC(1601) Using 2 workers of 2 for evacuation
[654.003s][info][gc,phases      ] GC(1601)   Pre Evacuate Collection Set: 0.51ms
[654.003s][info][gc,phases      ] GC(1601)   Merge Heap Roots: 0.14ms
[654.003s][info][gc,phases      ] GC(1601)   Evacuate Collection Set: 25.09ms
[654.003s][info][gc,phases      ] GC(1601)   Post Evacuate Collection Set: 0.42ms
[654.003s][info][gc,phases      ] GC(1601)   Other: 0.11ms
[654.003s][info][gc,heap        ] GC(1601) Eden regions: 160->0(265)
[654.003s][info][gc,heap        ] GC(1601) Survivor regions: 13->21(22)
[654.003s][info][gc,heap        ] GC(1601) Old regions: 608->613
[654.003s][info][gc,heap        ] GC(1601) Humongous regions: 6->6
[654.003s][info][gc,metaspace   ] GC(1601) Metaspace: 19128K(19328K)->19128K(19328K) NonClass: 16464K(16576K)->16464K(16576K) Class: 2664K(2752K)->2664K(2752K)
[654.003s][info][gc             ] GC(1601) Pause Young (Normal) (G1 Evacuation Pause) 786M->639M(978M) 26.495ms
[654.003s][info][gc,cpu         ] GC(1601) User=0.05s Sys=0.00s Real=0.03s
[654.394s][info][gc,start       ] GC(1602) Pause Young (Normal) (G1 Evacuation Pause)
[654.394s][info][gc,task        ] GC(1602) Using 2 workers of 2 for evacuation
[654.481s][info][gc,phases      ] GC(1602)   Pre Evacuate Collection Set: 0.28ms
[654.481s][info][gc,phases      ] GC(1602)   Merge Heap Roots: 0.11ms
[654.481s][info][gc,phases      ] GC(1602)   Evacuate Collection Set: 80.58ms
[654.481s][info][gc,phases      ] GC(1602)   Post Evacuate Collection Set: 6.22ms
[654.481s][info][gc,phases      ] GC(1602)   Other: 0.08ms
[654.481s][info][gc,heap        ] GC(1602) Eden regions: 265->0(108)
[654.481s][info][gc,heap        ] GC(1602) Survivor regions: 21->36(36)
[654.481s][info][gc,heap        ] GC(1602) Old regions: 613->742
[654.481s][info][gc,heap        ] GC(1602) Humongous regions: 6->6
[654.481s][info][gc,metaspace   ] GC(1602) Metaspace: 19128K(19328K)->19128K(19328K) NonClass: 16464K(16576K)->16464K(16576K) Class: 2664K(2752K)->2664K(2752K)
[654.481s][info][gc             ] GC(1602) Pause Young (Normal) (G1 Evacuation Pause) (Evacuation Failure: Allocation) 904M->783M(978M) 87.558ms
[654.481s][info][gc,cpu         ] GC(1602) User=0.18s Sys=0.00s Real=0.09s
[654.513s][info][gc,marking     ] GC(1597) Concurrent Rebuild Remembered Sets and Scrub Regions 606.929ms
[654.514s][info][gc,start       ] GC(1597) Pause Cleanup
[654.514s][info][gc             ] GC(1597) Pause Cleanup 807M->807M(978M) 0.102ms
[654.514s][info][gc,cpu         ] GC(1597) User=0.00s Sys=0.00s Real=0.00s
[654.515s][info][gc,marking     ] GC(1597) Concurrent Clear Claimed Marks
[654.515s][info][gc,marking     ] GC(1597) Concurrent Clear Claimed Marks 0.058ms
[654.515s][info][gc,marking     ] GC(1597) Concurrent Cleanup for Next Mark
[654.520s][info][gc,marking     ] GC(1597) Concurrent Cleanup for Next Mark 4.808ms
[654.520s][info][gc             ] GC(1597) Concurrent Mark Cycle 2204.488ms
[654.680s][info][gc,start       ] GC(1603) Pause Young (Prepare Mixed) (G1 Evacuation Pause)
[654.680s][info][gc,task        ] GC(1603) Using 2 workers of 2 for evacuation
[654.767s][info][gc,phases      ] GC(1603)   Pre Evacuate Collection Set: 0.36ms
[654.767s][info][gc,phases      ] GC(1603)   Merge Heap Roots: 0.39ms
[654.767s][info][gc,phases      ] GC(1603)   Evacuate Collection Set: 86.11ms
[654.767s][info][gc,phases      ] GC(1603)   Post Evacuate Collection Set: 0.61ms
[654.767s][info][gc,phases      ] GC(1603)   Other: 0.09ms
[654.767s][info][gc,heap        ] GC(1603) Eden regions: 108->0(180)
[654.767s][info][gc,heap        ] GC(1603) Survivor regions: 36->18(18)
[654.767s][info][gc,heap        ] GC(1603) Old regions: 742->702
[654.767s][info][gc,heap        ] GC(1603) Humongous regions: 9->9
[654.768s][info][gc,metaspace   ] GC(1603) Metaspace: 19128K(19328K)->19128K(19328K) NonClass: 16464K(16576K)->16464K(16576K) Class: 2664K(2752K)->2664K(2752K)
[654.768s][info][gc             ] GC(1603) Pause Young (Prepare Mixed) (G1 Evacuation Pause) 894M->728M(978M) 87.824ms
[654.768s][info][gc,cpu         ] GC(1603) User=0.17s Sys=0.00s Real=0.09s
[654.975s][info][gc,start       ] GC(1604) Pause Young (Mixed) (G1 Evacuation Pause)
[654.976s][info][gc,task        ] GC(1604) Using 2 workers of 2 for evacuation
[655.045s][info][gc,phases      ] GC(1604)   Pre Evacuate Collection Set: 0.55ms
[655.045s][info][gc,phases      ] GC(1604)   Merge Heap Roots: 0.34ms
[655.045s][info][gc,phases      ] GC(1604)   Evacuate Collection Set: 68.06ms
[655.045s][info][gc,phases      ] GC(1604)   Post Evacuate Collection Set: 0.65ms
[655.045s][info][gc,phases      ] GC(1604)   Other: 0.08ms
[655.045s][info][gc,heap        ] GC(1604) Eden regions: 180->0(167)
[655.045s][info][gc,heap        ] GC(1604) Survivor regions: 18->25(25)
[655.045s][info][gc,heap        ] GC(1604) Old regions: 702->702
[655.045s][info][gc,heap        ] GC(1604) Humongous regions: 9->9
[655.045s][info][gc,metaspace   ] GC(1604) Metaspace: 19128K(19328K)->19128K(19328K) NonClass: 16464K(16576K)->16464K(16576K) Class: 2664K(2752K)->2664K(2752K)
[655.045s][info][gc             ] GC(1604) Pause Young (Mixed) (G1 Evacuation Pause) 908M->735M(978M) 69.968ms
[655.045s][info][gc,cpu         ] GC(1604) User=0.13s Sys=0.01s Real=0.07s
[655.202s][info][gc,start       ] GC(1605) Pause Young (Concurrent Start) (G1 Evacuation Pause)
[655.202s][info][gc,task        ] GC(1605) Using 2 workers of 2 for evacuation
[655.247s][info][gc,phases      ] GC(1605)   Pre Evacuate Collection Set: 0.37ms
[655.247s][info][gc,phases      ] GC(1605)   Merge Heap Roots: 0.49ms
[655.247s][info][gc,phases      ] GC(1605)   Evacuate Collection Set: 43.96ms
[655.247s][info][gc,phases      ] GC(1605)   Post Evacuate Collection Set: 0.42ms
[655.247s][info][gc,phases      ] GC(1605)   Other: 0.11ms
[655.247s][info][gc,heap        ] GC(1605) Eden regions: 167->0(172)
[655.247s][info][gc,heap        ] GC(1605) Survivor regions: 25->5(24)
[655.247s][info][gc,heap        ] GC(1605) Old regions: 702->728
[655.247s][info][gc,heap        ] GC(1605) Humongous regions: 9->9
[655.247s][info][gc,metaspace   ] GC(1605) Metaspace: 19128K(19328K)->19128K(19328K) NonClass: 16464K(16576K)->16464K(16576K) Class: 2664K(2752K)->2664K(2752K)
[655.248s][info][gc             ] GC(1605) Pause Young (Concurrent Start) (G1 Evacuation Pause) 902M->741M(978M) 45.645ms
[655.248s][info][gc             ] GC(1606) Concurrent Mark Cycle
[655.248s][info][gc,marking     ] GC(1606) Concurrent Scan Root Regions
[655.248s][info][gc,cpu         ] GC(1605) User=0.09s Sys=0.00s Real=0.04s
[655.305s][info][gc,marking     ] GC(1606) Concurrent Scan Root Regions 57.771ms
[655.305s][info][gc,marking     ] GC(1606) Concurrent Mark
[655.305s][info][gc,marking     ] GC(1606) Concurrent Mark From Roots
[655.305s][info][gc,task        ] GC(1606) Using 1 workers of 1 for marking
[655.588s][info][gc,start       ] GC(1607) Pause Young (Normal) (G1 Evacuation Pause)
[655.588s][info][gc,task        ] GC(1607) Using 2 workers of 2 for evacuation
[655.606s][info][gc,phases      ] GC(1607)   Pre Evacuate Collection Set: 0.32ms
[655.606s][info][gc,phases      ] GC(1607)   Merge Heap Roots: 0.21ms
[655.606s][info][gc,phases      ] GC(1607)   Evacuate Collection Set: 16.20ms
[655.606s][info][gc,phases      ] GC(1607)   Post Evacuate Collection Set: 0.41ms
[655.606s][info][gc,phases      ] GC(1607)   Other: 0.11ms
[655.606s][info][gc,heap        ] GC(1607) Eden regions: 172->0(173)
[655.606s][info][gc,heap        ] GC(1607) Survivor regions: 5->9(23)
[655.606s][info][gc,heap        ] GC(1607) Old regions: 728->728
[655.606s][info][gc,heap        ] GC(1607) Humongous regions: 9->9
[655.606s][info][gc,metaspace   ] GC(1607) Metaspace: 19128K(19328K)->19128K(19328K) NonClass: 16464K(16576K)->16464K(16576K) Class: 2664K(2752K)->2664K(2752K)
[655.606s][info][gc             ] GC(1607) Pause Young (Normal) (G1 Evacuation Pause) 913M->745M(978M) 17.432ms
[655.606s][info][gc,cpu         ] GC(1607) User=0.04s Sys=0.00s Real=0.02s
[655.982s][info][gc,start       ] GC(1608) Pause Young (Normal) (G1 Evacuation Pause)
[655.982s][info][gc,task        ] GC(1608) Using 2 workers of 2 for evacuation
[656.029s][info][gc,phases      ] GC(1608)   Pre Evacuate Collection Set: 0.29ms
[656.029s][info][gc,phases      ] GC(1608)   Merge Heap Roots: 0.27ms
[656.029s][info][gc,phases      ] GC(1608)   Evacuate Collection Set: 45.53ms
[656.029s][info][gc,phases      ] GC(1608)   Post Evacuate Collection Set: 0.56ms
[656.029s][info][gc,phases      ] GC(1608)   Other: 0.08ms
[656.029s][info][gc,heap        ] GC(1608) Eden regions: 173->0(123)
[656.029s][info][gc,heap        ] GC(1608) Survivor regions: 9->23(23)
[656.029s][info][gc,heap        ] GC(1608) Old regions: 728->750
[656.029s][info][gc,heap        ] GC(1608) Humongous regions: 9->9
[656.029s][info][gc,metaspace   ] GC(1608) Metaspace: 19128K(19328K)->19128K(19328K) NonClass: 16464K(16576K)->16464K(16576K) Class: 2664K(2752K)->2664K(2752K)
[656.029s][info][gc             ] GC(1608) Pause Young (Normal) (G1 Evacuation Pause) 918M->781M(978M) 46.930ms
[656.029s][info][gc,cpu         ] GC(1608) User=0.09s Sys=0.00s Real=0.04s
[656.205s][info][gc,start       ] GC(1609) Pause Young (Normal) (G1 Evacuation Pause)
[656.205s][info][gc,task        ] GC(1609) Using 2 workers of 2 for evacuation
[656.267s][info][gc,phases      ] GC(1609)   Pre Evacuate Collection Set: 0.54ms
[656.267s][info][gc,phases      ] GC(1609)   Merge Heap Roots: 0.42ms
[656.267s][info][gc,phases      ] GC(1609)   Evacuate Collection Set: 60.43ms
[656.267s][info][gc,phases      ] GC(1609)   Post Evacuate Collection Set: 0.39ms
[656.267s][info][gc,phases      ] GC(1609)   Other: 0.09ms
[656.267s][info][gc,heap        ] GC(1609) Eden regions: 123->0(97)
[656.267s][info][gc,heap        ] GC(1609) Survivor regions: 23->19(19)
[656.267s][info][gc,heap        ] GC(1609) Old regions: 750->784
[656.267s][info][gc,heap        ] GC(1609) Humongous regions: 9->9
[656.267s][info][gc,metaspace   ] GC(1609) Metaspace: 19128K(19328K)->19128K(19328K) NonClass: 16464K(16576K)->16464K(16576K) Class: 2664K(2752K)->2664K(2752K)
[656.267s][info][gc             ] GC(1609) Pause Young (Normal) (G1 Evacuation Pause) 904M->811M(978M) 62.140ms
[656.268s][info][gc,cpu         ] GC(1609) User=0.12s Sys=0.00s Real=0.06s
[656.275s][info][gc,marking     ] GC(1606) Concurrent Mark From Roots 969.715ms
[656.275s][info][gc,marking     ] GC(1606) Concurrent Preclean
[656.275s][info][gc,marking     ] GC(1606) Concurrent Preclean 0.045ms
[656.275s][info][gc,start       ] GC(1606) Pause Remark
[656.283s][info][gc             ] GC(1606) Pause Remark 817M->496M(978M) 7.770ms
[656.283s][info][gc,cpu         ] GC(1606) User=0.01s Sys=0.00s Real=0.01s
[656.283s][info][gc,marking     ] GC(1606) Concurrent Mark 977.792ms
[656.283s][info][gc,marking     ] GC(1606) Concurrent Rebuild Remembered Sets and Scrub Regions
[656.484s][info][gc,start       ] GC(1610) Pause Young (Normal) (G1 Evacuation Pause)
[656.484s][info][gc,task        ] GC(1610) Using 2 workers of 2 for evacuation
[656.518s][info][gc,phases      ] GC(1610)   Pre Evacuate Collection Set: 0.30ms
[656.518s][info][gc,phases      ] GC(1610)   Merge Heap Roots: 0.26ms
[656.518s][info][gc,phases      ] GC(1610)   Evacuate Collection Set: 32.67ms
[656.518s][info][gc,phases      ] GC(1610)   Post Evacuate Collection Set: 0.39ms
[656.518s][info][gc,phases      ] GC(1610)   Other: 0.10ms
[656.518s][info][gc,heap        ] GC(1610) Eden regions: 97->0(355)
[656.518s][info][gc,heap        ] GC(1610) Survivor regions: 19->11(15)
[656.518s][info][gc,heap        ] GC(1610) Old regions: 468->488
[656.518s][info][gc,heap        ] GC(1610) Humongous regions: 5->5
[656.518s][info][gc,metaspace   ] GC(1610) Metaspace: 19128K(19328K)->19128K(19328K) NonClass: 16464K(16576K)->16464K(16576K) Class: 2664K(2752K)->2664K(2752K)
[656.518s][info][gc             ] GC(1610) Pause Young (Normal) (G1 Evacuation Pause) 588M->502M(978M) 33.965ms
[656.518s][info][gc,cpu         ] GC(1610) User=0.07s Sys=0.00s Real=0.03s
[656.701s][info][gc,marking     ] GC(1606) Concurrent Rebuild Remembered Sets and Scrub Regions 417.744ms
[656.701s][info][gc,start       ] GC(1606) Pause Cleanup
[656.701s][info][gc             ] GC(1606) Pause Cleanup 549M->549M(978M) 0.130ms
[656.701s][info][gc,cpu         ] GC(1606) User=0.00s Sys=0.00s Real=0.00s
[656.702s][info][gc,marking     ] GC(1606) Concurrent Clear Claimed Marks
[656.702s][info][gc,marking     ] GC(1606) Concurrent Clear Claimed Marks 0.056ms
[656.702s][info][gc,marking     ] GC(1606) Concurrent Cleanup for Next Mark
[656.708s][info][gc,marking     ] GC(1606) Concurrent Cleanup for Next Mark 5.912ms
[656.708s][info][gc             ] GC(1606) Concurrent Mark Cycle 1460.873ms
[657.068s][info][gc,start       ] GC(1611) Pause Young (Prepare Mixed) (G1 Evacuation Pause)
[657.068s][info][gc,task        ] GC(1611) Using 2 workers of 2 for evacuation
[657.109s][info][gc,phases      ] GC(1611)   Pre Evacuate Collection Set: 0.52ms
[657.109s][info][gc,phases      ] GC(1611)   Merge Heap Roots: 0.26ms
[657.109s][info][gc,phases      ] GC(1611)   Evacuate Collection Set: 39.83ms
[657.109s][info][gc,phases      ] GC(1611)   Post Evacuate Collection Set: 0.59ms
[657.109s][info][gc,phases      ] GC(1611)   Other: 0.10ms
[657.109s][info][gc,heap        ] GC(1611) Eden regions: 355->0(343)
[657.109s][info][gc,heap        ] GC(1611) Survivor regions: 11->32(46)
[657.109s][info][gc,heap        ] GC(1611) Old regions: 488->488
[657.109s][info][gc,heap        ] GC(1611) Humongous regions: 5->5
[657.109s][info][gc,metaspace   ] GC(1611) Metaspace: 19128K(19328K)->19128K(19328K) NonClass: 16464K(16576K)->16464K(16576K) Class: 2664K(2752K)->2664K(2752K)
[657.109s][info][gc             ] GC(1611) Pause Young (Prepare Mixed) (G1 Evacuation Pause) 857M->523M(978M) 41.536ms
[657.109s][info][gc,cpu         ] GC(1611) User=0.08s Sys=0.00s Real=0.04s
[657.703s][info][gc,start       ] GC(1612) Pause Young (Mixed) (G1 Evacuation Pause)
[657.703s][info][gc,task        ] GC(1612) Using 2 workers of 2 for evacuation
[657.763s][info][gc,phases      ] GC(1612)   Pre Evacuate Collection Set: 0.35ms
[657.763s][info][gc,phases      ] GC(1612)   Merge Heap Roots: 0.31ms
[657.763s][info][gc,phases      ] GC(1612)   Evacuate Collection Set: 58.26ms
[657.763s][info][gc,phases      ] GC(1612)   Post Evacuate Collection Set: 0.66ms
[657.763s][info][gc,phases      ] GC(1612)   Other: 0.13ms
[657.763s][info][gc,heap        ] GC(1612) Eden regions: 343->0(393)
[657.763s][info][gc,heap        ] GC(1612) Survivor regions: 32->38(47)
[657.763s][info][gc,heap        ] GC(1612) Old regions: 488->437
[657.763s][info][gc,heap        ] GC(1612) Humongous regions: 5->5
[657.763s][info][gc,metaspace   ] GC(1612) Metaspace: 19128K(19328K)->19128K(19328K) NonClass: 16464K(16576K)->16464K(16576K) Class: 2664K(2752K)->2664K(2752K)
[657.763s][info][gc             ] GC(1612) Pause Young (Mixed) (G1 Evacuation Pause) 866M->479M(978M) 59.984ms
[657.763s][info][gc,cpu         ] GC(1612) User=0.11s Sys=0.00s Real=0.06s
[658.367s][info][gc,start       ] GC(1613) Pause Young (Concurrent Start) (G1 Evacuation Pause)
[658.367s][info][gc,task        ] GC(1613) Using 2 workers of 2 for evacuation
[658.451s][info][gc,phases      ] GC(1613)   Pre Evacuate Collection Set: 0.28ms
[658.451s][info][gc,phases      ] GC(1613)   Merge Heap Roots: 0.39ms
[658.451s][info][gc,phases      ] GC(1613)   Evacuate Collection Set: 81.93ms
[658.451s][info][gc,phases      ] GC(1613)   Post Evacuate Collection Set: 0.74ms
[658.451s][info][gc,phases      ] GC(1613)   Other: 0.15ms
[658.451s][info][gc,heap        ] GC(1613) Eden regions: 393->0(336)
[658.451s][info][gc,heap        ] GC(1613) Survivor regions: 38->54(54)
[658.451s][info][gc,heap        ] GC(1613) Old regions: 437->467
[658.451s][info][gc,heap        ] GC(1613) Humongous regions: 5->5
[658.451s][info][gc,metaspace   ] GC(1613) Metaspace: 19128K(19328K)->19128K(19328K) NonClass: 16464K(16576K)->16464K(16576K) Class: 2664K(2752K)->2664K(2752K)
[658.451s][info][gc             ] GC(1613) Pause Young (Concurrent Start) (G1 Evacuation Pause) 872M->525M(978M) 83.690ms
[658.451s][info][gc,cpu         ] GC(1613) User=0.16s Sys=0.00s Real=0.09s
[658.451s][info][gc             ] GC(1614) Concurrent Mark Cycle
[658.453s][info][gc,marking     ] GC(1614) Concurrent Scan Root Regions
[658.566s][info][gc,marking     ] GC(1614) Concurrent Scan Root Regions 112.152ms
[658.566s][info][gc,marking     ] GC(1614) Concurrent Mark
[658.566s][info][gc,marking     ] GC(1614) Concurrent Mark From Roots
[658.566s][info][gc,task        ] GC(1614) Using 1 workers of 1 for marking
[659.165s][info][gc,start       ] GC(1615) Pause Young (Normal) (G1 Evacuation Pause)
[659.165s][info][gc,task        ] GC(1615) Using 2 workers of 2 for evacuation
[659.269s][info][gc,phases      ] GC(1615)   Pre Evacuate Collection Set: 0.53ms
[659.269s][info][gc,phases      ] GC(1615)   Merge Heap Roots: 0.36ms
[659.269s][info][gc,phases      ] GC(1615)   Evacuate Collection Set: 102.42ms
[659.269s][info][gc,phases      ] GC(1615)   Post Evacuate Collection Set: 0.68ms
[659.269s][info][gc,phases      ] GC(1615)   Other: 0.10ms
[659.269s][info][gc,heap        ] GC(1615) Eden regions: 336->0(298)
[659.269s][info][gc,heap        ] GC(1615) Survivor regions: 54->40(49)
[659.269s][info][gc,heap        ] GC(1615) Old regions: 467->522
[659.269s][info][gc,heap        ] GC(1615) Humongous regions: 8->8
[659.269s][info][gc,metaspace   ] GC(1615) Metaspace: 19128K(19328K)->19128K(19328K) NonClass: 16464K(16576K)->16464K(16576K) Class: 2664K(2752K)->2664K(2752K)
[659.269s][info][gc             ] GC(1615) Pause Young (Normal) (G1 Evacuation Pause) 864M->569M(978M) 104.323ms
[659.269s][info][gc,cpu         ] GC(1615) User=0.20s Sys=0.00s Real=0.10s
[659.420s][info][gc,marking     ] GC(1614) Concurrent Mark From Roots 854.273ms
[659.420s][info][gc,marking     ] GC(1614) Concurrent Preclean
[659.420s][info][gc,marking     ] GC(1614) Concurrent Preclean 0.048ms
[659.420s][info][gc,start       ] GC(1614) Pause Remark
[659.428s][info][gc             ] GC(1614) Pause Remark 606M->464M(978M) 7.891ms
[659.428s][info][gc,cpu         ] GC(1614) User=0.02s Sys=0.00s Real=0.01s
[659.428s][info][gc,marking     ] GC(1614) Concurrent Mark 862.564ms
[659.428s][info][gc,marking     ] GC(1614) Concurrent Rebuild Remembered Sets and Scrub Regions
[659.710s][info][gc,marking     ] GC(1614) Concurrent Rebuild Remembered Sets and Scrub Regions 281.955ms
[659.710s][info][gc,start       ] GC(1614) Pause Cleanup
[659.710s][info][gc             ] GC(1614) Pause Cleanup 562M->562M(978M) 0.101ms
[659.710s][info][gc,cpu         ] GC(1614) User=0.00s Sys=0.00s Real=0.00s
[659.711s][info][gc,marking     ] GC(1614) Concurrent Clear Claimed Marks
[659.711s][info][gc,marking     ] GC(1614) Concurrent Clear Claimed Marks 0.044ms
[659.711s][info][gc,marking     ] GC(1614) Concurrent Cleanup for Next Mark
[659.717s][info][gc,marking     ] GC(1614) Concurrent Cleanup for Next Mark 6.593ms
[659.717s][info][gc             ] GC(1614) Concurrent Mark Cycle 1266.425ms
[659.937s][info][gc,start       ] GC(1616) Pause Young (Prepare Mixed) (G1 Evacuation Pause)
[659.937s][info][gc,task        ] GC(1616) Using 2 workers of 2 for evacuation
[660.015s][info][gc,phases      ] GC(1616)   Pre Evacuate Collection Set: 0.31ms
[660.015s][info][gc,phases      ] GC(1616)   Merge Heap Roots: 0.68ms
[660.015s][info][gc,phases      ] GC(1616)   Evacuate Collection Set: 75.53ms
[660.015s][info][gc,phases      ] GC(1616)   Post Evacuate Collection Set: 0.60ms
[660.015s][info][gc,phases      ] GC(1616)   Other: 0.11ms
[660.015s][info][gc,heap        ] GC(1616) Eden regions: 298->0(414)
[660.015s][info][gc,heap        ] GC(1616) Survivor regions: 40->19(43)
[660.015s][info][gc,heap        ] GC(1616) Old regions: 382->421
[660.015s][info][gc,heap        ] GC(1616) Humongous regions: 6->6
[660.015s][info][gc,metaspace   ] GC(1616) Metaspace: 19128K(19328K)->19128K(19328K) NonClass: 16464K(16576K)->16464K(16576K) Class: 2664K(2752K)->2664K(2752K)
[660.015s][info][gc             ] GC(1616) Pause Young (Prepare Mixed) (G1 Evacuation Pause) 725M->445M(978M) 77.432ms
[660.015s][info][gc,cpu         ] GC(1616) User=0.16s Sys=0.00s Real=0.08s
[660.464s][info][gc,start       ] GC(1617) Pause Young (Mixed) (G1 Evacuation Pause)
[660.464s][info][gc,task        ] GC(1617) Using 2 workers of 2 for evacuation
[660.560s][info][gc,phases      ] GC(1617)   Pre Evacuate Collection Set: 0.34ms
[660.560s][info][gc,phases      ] GC(1617)   Merge Heap Roots: 0.18ms
[660.560s][info][gc,phases      ] GC(1617)   Evacuate Collection Set: 94.60ms
[660.560s][info][gc,phases      ] GC(1617)   Post Evacuate Collection Set: 0.85ms
[660.560s][info][gc,phases      ] GC(1617)   Other: 0.12ms
[660.560s][info][gc,heap        ] GC(1617) Eden regions: 414->0(354)
[660.560s][info][gc,heap        ] GC(1617) Survivor regions: 19->55(55)
[660.560s][info][gc,heap        ] GC(1617) Old regions: 421->431
[660.560s][info][gc,heap        ] GC(1617) Humongous regions: 9->9
[660.560s][info][gc,metaspace   ] GC(1617) Metaspace: 19128K(19328K)->19128K(19328K) NonClass: 16464K(16576K)->16464K(16576K) Class: 2664K(2752K)->2664K(2752K)
[660.560s][info][gc             ] GC(1617) Pause Young (Mixed) (G1 Evacuation Pause) 862M->494M(978M) 96.362ms
[660.560s][info][gc,cpu         ] GC(1617) User=0.19s Sys=0.00s Real=0.09s
[661.076s][info][gc,start       ] GC(1618) Pause Young (Concurrent Start) (G1 Evacuation Pause)
[661.076s][info][gc,task        ] GC(1618) Using 2 workers of 2 for evacuation
[661.136s][info][gc,phases      ] GC(1618)   Pre Evacuate Collection Set: 0.35ms
[661.136s][info][gc,phases      ] GC(1618)   Merge Heap Roots: 0.36ms
[661.136s][info][gc,phases      ] GC(1618)   Evacuate Collection Set: 58.93ms
[661.136s][info][gc,phases      ] GC(1618)   Post Evacuate Collection Set: 0.59ms
[661.136s][info][gc,phases      ] GC(1618)   Other: 0.13ms
[661.136s][info][gc,heap        ] GC(1618) Eden regions: 354->0(371)
[661.136s][info][gc,heap        ] GC(1618) Survivor regions: 55->2(52)
[661.137s][info][gc,heap        ] GC(1618) Old regions: 431->486
[661.137s][info][gc,heap        ] GC(1618) Humongous regions: 9->9
[661.137s][info][gc,metaspace   ] GC(1618) Metaspace: 19128K(19328K)->19128K(19328K) NonClass: 16464K(16576K)->16464K(16576K) Class: 2664K(2752K)->2664K(2752K)
[661.137s][info][gc             ] GC(1618) Pause Young (Concurrent Start) (G1 Evacuation Pause) 848M->496M(978M) 60.640ms
[661.137s][info][gc             ] GC(1619) Concurrent Mark Cycle
[661.137s][info][gc,marking     ] GC(1619) Concurrent Scan Root Regions
[661.137s][info][gc,cpu         ] GC(1618) User=0.12s Sys=0.00s Real=0.06s
[661.189s][info][gc,marking     ] GC(1619) Concurrent Scan Root Regions 52.116ms
[661.189s][info][gc,marking     ] GC(1619) Concurrent Mark
[661.189s][info][gc,marking     ] GC(1619) Concurrent Mark From Roots
[661.189s][info][gc,task        ] GC(1619) Using 1 workers of 1 for marking
[662.323s][info][gc,marking     ] GC(1619) Concurrent Mark From Roots 1133.779ms
[662.323s][info][gc,marking     ] GC(1619) Concurrent Preclean
[662.323s][info][gc,marking     ] GC(1619) Concurrent Preclean 0.052ms
[662.323s][info][gc,start       ] GC(1619) Pause Remark
[662.331s][info][gc             ] GC(1619) Pause Remark 856M->854M(978M) 7.821ms
[662.331s][info][gc,cpu         ] GC(1619) User=0.02s Sys=0.00s Real=0.01s
[662.331s][info][gc,marking     ] GC(1619) Concurrent Mark 1141.966ms
[662.331s][info][gc,marking     ] GC(1619) Concurrent Rebuild Remembered Sets and Scrub Regions
[662.342s][info][gc,start       ] GC(1620) Pause Young (Normal) (G1 Evacuation Pause)
[662.342s][info][gc,task        ] GC(1620) Using 2 workers of 2 for evacuation
[662.364s][info][gc,phases      ] GC(1620)   Pre Evacuate Collection Set: 0.26ms
[662.364s][info][gc,phases      ] GC(1620)   Merge Heap Roots: 0.17ms
[662.364s][info][gc,phases      ] GC(1620)   Evacuate Collection Set: 21.03ms
[662.364s][info][gc,phases      ] GC(1620)   Post Evacuate Collection Set: 0.53ms
[662.364s][info][gc,phases      ] GC(1620)   Other: 0.08ms
[662.364s][info][gc,heap        ] GC(1620) Eden regions: 371->0(369)
[662.364s][info][gc,heap        ] GC(1620) Survivor regions: 2->18(47)
[662.364s][info][gc,heap        ] GC(1620) Old regions: 486->486
[662.364s][info][gc,heap        ] GC(1620) Humongous regions: 7->7
[662.364s][info][gc,metaspace   ] GC(1620) Metaspace: 19128K(19328K)->19128K(19328K) NonClass: 16464K(16576K)->16464K(16576K) Class: 2664K(2752K)->2664K(2752K)
[662.364s][info][gc             ] GC(1620) Pause Young (Normal) (G1 Evacuation Pause) 865M->510M(978M) 22.232ms
[662.364s][info][gc,cpu         ] GC(1620) User=0.04s Sys=0.00s Real=0.02s
[662.779s][info][gc,marking     ] GC(1619) Concurrent Rebuild Remembered Sets and Scrub Regions 448.550ms
[662.780s][info][gc,start       ] GC(1619) Pause Cleanup
[662.780s][info][gc             ] GC(1619) Pause Cleanup 814M->814M(978M) 0.101ms
[662.780s][info][gc,cpu         ] GC(1619) User=0.00s Sys=0.00s Real=0.00s
[662.780s][info][gc,marking     ] GC(1619) Concurrent Clear Claimed Marks
[662.780s][info][gc,marking     ] GC(1619) Concurrent Clear Claimed Marks 0.032ms
[662.780s][info][gc,marking     ] GC(1619) Concurrent Cleanup for Next Mark
[662.783s][info][gc,marking     ] GC(1619) Concurrent Cleanup for Next Mark 2.893ms
[662.783s][info][gc             ] GC(1619) Concurrent Mark Cycle 1646.056ms
[662.847s][info][gc,start       ] GC(1621) Pause Young (Prepare Mixed) (G1 Evacuation Pause)
[662.847s][info][gc,task        ] GC(1621) Using 2 workers of 2 for evacuation
[662.888s][info][gc,phases      ] GC(1621)   Pre Evacuate Collection Set: 0.28ms
[662.888s][info][gc,phases      ] GC(1621)   Merge Heap Roots: 0.29ms
[662.888s][info][gc,phases      ] GC(1621)   Evacuate Collection Set: 39.60ms
[662.888s][info][gc,phases      ] GC(1621)   Post Evacuate Collection Set: 0.65ms
[662.888s][info][gc,phases      ] GC(1621)   Other: 0.15ms
[662.888s][info][gc,heap        ] GC(1621) Eden regions: 369->0(359)
[662.888s][info][gc,heap        ] GC(1621) Survivor regions: 18->37(49)
[662.888s][info][gc,heap        ] GC(1621) Old regions: 486->486
[662.888s][info][gc,heap        ] GC(1621) Humongous regions: 7->7
[662.888s][info][gc,metaspace   ] GC(1621) Metaspace: 19128K(19328K)->19128K(19328K) NonClass: 16464K(16576K)->16464K(16576K) Class: 2664K(2752K)->2664K(2752K)
[662.888s][info][gc             ] GC(1621) Pause Young (Prepare Mixed) (G1 Evacuation Pause) 879M->529M(978M) 41.293ms
[662.888s][info][gc,cpu         ] GC(1621) User=0.08s Sys=0.00s Real=0.04s
[663.257s][info][gc,start       ] GC(1622) Pause Young (Mixed) (G1 Evacuation Pause)
[663.257s][info][gc,task        ] GC(1622) Using 2 workers of 2 for evacuation
[663.328s][info][gc,phases      ] GC(1622)   Pre Evacuate Collection Set: 0.37ms
[663.328s][info][gc,phases      ] GC(1622)   Merge Heap Roots: 0.24ms
[663.328s][info][gc,phases      ] GC(1622)   Evacuate Collection Set: 69.60ms
[663.328s][info][gc,phases      ] GC(1622)   Post Evacuate Collection Set: 0.62ms
[663.328s][info][gc,phases      ] GC(1622)   Other: 0.10ms
[663.328s][info][gc,heap        ] GC(1622) Eden regions: 359->0(337)
[663.328s][info][gc,heap        ] GC(1622) Survivor regions: 37->45(50)
[663.328s][info][gc,heap        ] GC(1622) Old regions: 486->494
[663.328s][info][gc,heap        ] GC(1622) Humongous regions: 7->7
[663.328s][info][gc,metaspace   ] GC(1622) Metaspace: 19128K(19328K)->19128K(19328K) NonClass: 16464K(16576K)->16464K(16576K) Class: 2664K(2752K)->2664K(2752K)
[663.328s][info][gc             ] GC(1622) Pause Young (Mixed) (G1 Evacuation Pause) 888M->545M(978M) 71.231ms
[663.328s][info][gc,cpu         ] GC(1622) User=0.14s Sys=0.00s Real=0.07s
[663.876s][info][gc,start       ] GC(1623) Pause Young (Concurrent Start) (G1 Evacuation Pause)
[663.876s][info][gc,task        ] GC(1623) Using 2 workers of 2 for evacuation
[663.959s][info][gc,phases      ] GC(1623)   Pre Evacuate Collection Set: 0.37ms
[663.959s][info][gc,phases      ] GC(1623)   Merge Heap Roots: 0.40ms
[663.959s][info][gc,phases      ] GC(1623)   Evacuate Collection Set: 81.40ms
[663.959s][info][gc,phases      ] GC(1623)   Post Evacuate Collection Set: 0.61ms
[663.959s][info][gc,phases      ] GC(1623)   Other: 0.23ms
[663.959s][info][gc,heap        ] GC(1623) Eden regions: 337->0(314)
[663.959s][info][gc,heap        ] GC(1623) Survivor regions: 45->33(48)
[663.959s][info][gc,heap        ] GC(1623) Old regions: 494->539
[663.959s][info][gc,heap        ] GC(1623) Humongous regions: 7->7
[663.959s][info][gc,metaspace   ] GC(1623) Metaspace: 19128K(19328K)->19128K(19328K) NonClass: 16464K(16576K)->16464K(16576K) Class: 2664K(2752K)->2664K(2752K)
[663.959s][info][gc             ] GC(1623) Pause Young (Concurrent Start) (G1 Evacuation Pause) 882M->577M(978M) 83.302ms
[663.959s][info][gc,cpu         ] GC(1623) User=0.17s Sys=0.00s Real=0.08s
[663.959s][info][gc             ] GC(1624) Concurrent Mark Cycle
[663.959s][info][gc,marking     ] GC(1624) Concurrent Scan Root Regions
[664.067s][info][gc,marking     ] GC(1624) Concurrent Scan Root Regions 107.850ms
[664.067s][info][gc,marking     ] GC(1624) Concurrent Mark
[664.067s][info][gc,marking     ] GC(1624) Concurrent Mark From Roots
[664.067s][info][gc,task        ] GC(1624) Using 1 workers of 1 for marking
[664.514s][info][gc,start       ] GC(1625) Pause Young (Normal) (G1 Evacuation Pause)
[664.514s][info][gc,task        ] GC(1625) Using 2 workers of 2 for evacuation
[664.556s][info][gc,phases      ] GC(1625)   Pre Evacuate Collection Set: 0.30ms
[664.556s][info][gc,phases      ] GC(1625)   Merge Heap Roots: 0.21ms
[664.556s][info][gc,phases      ] GC(1625)   Evacuate Collection Set: 41.26ms
[664.556s][info][gc,phases      ] GC(1625)   Post Evacuate Collection Set: 0.53ms
[664.556s][info][gc,phases      ] GC(1625)   Other: 0.09ms
[664.556s][info][gc,heap        ] GC(1625) Eden regions: 314->0(316)
[664.556s][info][gc,heap        ] GC(1625) Survivor regions: 33->9(44)
[664.556s][info][gc,heap        ] GC(1625) Old regions: 539->571
[664.556s][info][gc,heap        ] GC(1625) Humongous regions: 7->7
[664.556s][info][gc,metaspace   ] GC(1625) Metaspace: 19128K(19328K)->19128K(19328K) NonClass: 16464K(16576K)->16464K(16576K) Class: 2664K(2752K)->2664K(2752K)
[664.556s][info][gc             ] GC(1625) Pause Young (Normal) (G1 Evacuation Pause) 891M->586M(978M) 42.619ms
[664.556s][info][gc,cpu         ] GC(1625) User=0.08s Sys=0.00s Real=0.04s
[665.159s][info][gc,start       ] GC(1626) Pause Young (Normal) (G1 Evacuation Pause)
[665.159s][info][gc,task        ] GC(1626) Using 2 workers of 2 for evacuation
[665.196s][info][gc,phases      ] GC(1626)   Pre Evacuate Collection Set: 0.32ms
[665.196s][info][gc,phases      ] GC(1626)   Merge Heap Roots: 0.24ms
[665.196s][info][gc,phases      ] GC(1626)   Evacuate Collection Set: 35.64ms
[665.196s][info][gc,phases      ] GC(1626)   Post Evacuate Collection Set: 0.54ms
[665.196s][info][gc,phases      ] GC(1626)   Other: 0.12ms
[665.196s][info][gc,heap        ] GC(1626) Eden regions: 316->0(286)
[665.196s][info][gc,heap        ] GC(1626) Survivor regions: 9->32(41)
[665.196s][info][gc,heap        ] GC(1626) Old regions: 571->571
[665.196s][info][gc,heap        ] GC(1626) Humongous regions: 7->7
[665.196s][info][gc,metaspace   ] GC(1626) Metaspace: 19128K(19328K)->19128K(19328K) NonClass: 16464K(16576K)->16464K(16576K) Class: 2664K(2752K)->2664K(2752K)
[665.196s][info][gc             ] GC(1626) Pause Young (Normal) (G1 Evacuation Pause) 902M->609M(978M) 37.098ms
[665.196s][info][gc,cpu         ] GC(1626) User=0.08s Sys=0.00s Real=0.04s
[665.465s][info][gc,marking     ] GC(1624) Concurrent Mark From Roots 1397.817ms
[665.465s][info][gc,marking     ] GC(1624) Concurrent Preclean
[665.465s][info][gc,marking     ] GC(1624) Concurrent Preclean 0.048ms
[665.465s][info][gc,start       ] GC(1624) Pause Remark
[665.473s][info][gc             ] GC(1624) Pause Remark 671M->671M(978M) 7.732ms
[665.473s][info][gc,cpu         ] GC(1624) User=0.01s Sys=0.00s Real=0.01s
[665.475s][info][gc,marking     ] GC(1624) Concurrent Mark 1408.478ms
[665.475s][info][gc,marking     ] GC(1624) Concurrent Rebuild Remembered Sets and Scrub Regions
[665.980s][info][gc,marking     ] GC(1624) Concurrent Rebuild Remembered Sets and Scrub Regions 504.958ms
[665.981s][info][gc,start       ] GC(1624) Pause Cleanup
[665.981s][info][gc             ] GC(1624) Pause Cleanup 793M->793M(978M) 0.114ms
[665.981s][info][gc,cpu         ] GC(1624) User=0.00s Sys=0.00s Real=0.00s
[665.981s][info][gc,marking     ] GC(1624) Concurrent Clear Claimed Marks
[665.981s][info][gc,marking     ] GC(1624) Concurrent Clear Claimed Marks 0.031ms
[665.981s][info][gc,marking     ] GC(1624) Concurrent Cleanup for Next Mark
[665.984s][info][gc,marking     ] GC(1624) Concurrent Cleanup for Next Mark 2.830ms
[665.984s][info][gc             ] GC(1624) Concurrent Mark Cycle 2024.733ms
[666.243s][info][gc,start       ] GC(1627) Pause Young (Prepare Mixed) (G1 Evacuation Pause)
[666.244s][info][gc,task        ] GC(1627) Using 2 workers of 2 for evacuation
[666.280s][info][gc,phases      ] GC(1627)   Pre Evacuate Collection Set: 0.52ms
[666.280s][info][gc,phases      ] GC(1627)   Merge Heap Roots: 0.45ms
[666.280s][info][gc,phases      ] GC(1627)   Evacuate Collection Set: 34.93ms
[666.280s][info][gc,phases      ] GC(1627)   Post Evacuate Collection Set: 0.55ms
[666.280s][info][gc,phases      ] GC(1627)   Other: 0.11ms
[666.280s][info][gc,heap        ] GC(1627) Eden regions: 286->0(308)
[666.280s][info][gc,heap        ] GC(1627) Survivor regions: 32->1(40)
[666.280s][info][gc,heap        ] GC(1627) Old regions: 571->603
[666.280s][info][gc,heap        ] GC(1627) Humongous regions: 7->7
[666.280s][info][gc,metaspace   ] GC(1627) Metaspace: 19128K(19328K)->19128K(19328K) NonClass: 16464K(16576K)->16464K(16576K) Class: 2664K(2752K)->2664K(2752K)
[666.280s][info][gc             ] GC(1627) Pause Young (Prepare Mixed) (G1 Evacuation Pause) 895M->610M(978M) 36.802ms
[666.280s][info][gc,cpu         ] GC(1627) User=0.07s Sys=0.00s Real=0.03s
[666.951s][info][gc,start       ] GC(1628) Pause Young (Mixed) (G1 Evacuation Pause)
[666.951s][info][gc,task        ] GC(1628) Using 2 workers of 2 for evacuation
[666.958s][info][gc,phases      ] GC(1628)   Pre Evacuate Collection Set: 0.33ms
[666.958s][info][gc,phases      ] GC(1628)   Merge Heap Roots: 0.18ms
[666.958s][info][gc,phases      ] GC(1628)   Evacuate Collection Set: 5.49ms
[666.958s][info][gc,phases      ] GC(1628)   Post Evacuate Collection Set: 0.49ms
[666.958s][info][gc,phases      ] GC(1628)   Other: 0.12ms
[666.958s][info][gc,heap        ] GC(1628) Eden regions: 308->0(320)
[666.958s][info][gc,heap        ] GC(1628) Survivor regions: 1->3(39)
[666.958s][info][gc,heap        ] GC(1628) Old regions: 603->595
[666.958s][info][gc,heap        ] GC(1628) Humongous regions: 7->7
[666.958s][info][gc,metaspace   ] GC(1628) Metaspace: 19128K(19328K)->19128K(19328K) NonClass: 16464K(16576K)->16464K(16576K) Class: 2664K(2752K)->2664K(2752K)
[666.958s][info][gc             ] GC(1628) Pause Young (Mixed) (G1 Evacuation Pause) 918M->604M(978M) 6.868ms
[666.958s][info][gc,cpu         ] GC(1628) User=0.01s Sys=0.01s Real=0.00s
[667.272s][info][gc,start       ] GC(1629) Pause Young (Concurrent Start) (G1 Evacuation Pause)
[667.272s][info][gc,task        ] GC(1629) Using 2 workers of 2 for evacuation
[667.347s][info][gc,phases      ] GC(1629)   Pre Evacuate Collection Set: 0.37ms
[667.347s][info][gc,phases      ] GC(1629)   Merge Heap Roots: 0.12ms
[667.348s][info][gc,phases      ] GC(1629)   Evacuate Collection Set: 67.00ms
[667.348s][info][gc,phases      ] GC(1629)   Post Evacuate Collection Set: 7.82ms
[667.348s][info][gc,phases      ] GC(1629)   Other: 0.10ms
[667.348s][info][gc,heap        ] GC(1629) Eden regions: 320->0(106)
[667.348s][info][gc,heap        ] GC(1629) Survivor regions: 3->41(41)
[667.348s][info][gc,heap        ] GC(1629) Old regions: 595->733
[667.348s][info][gc,heap        ] GC(1629) Humongous regions: 7->7
[667.348s][info][gc,metaspace   ] GC(1629) Metaspace: 19128K(19328K)->19128K(19328K) NonClass: 16464K(16576K)->16464K(16576K) Class: 2664K(2752K)->2664K(2752K)
[667.348s][info][gc             ] GC(1629) Pause Young (Concurrent Start) (G1 Evacuation Pause) (Evacuation Failure: Allocation) 924M->780M(978M) 75.669ms
[667.348s][info][gc,cpu         ] GC(1629) User=0.15s Sys=0.00s Real=0.07s
[667.349s][info][gc             ] GC(1630) Concurrent Mark Cycle
[667.349s][info][gc,marking     ] GC(1630) Concurrent Scan Root Regions
[667.441s][info][gc,marking     ] GC(1630) Concurrent Scan Root Regions 91.909ms
[667.441s][info][gc,marking     ] GC(1630) Concurrent Mark
[667.441s][info][gc,marking     ] GC(1630) Concurrent Mark From Roots
[667.441s][info][gc,task        ] GC(1630) Using 1 workers of 1 for marking
[667.585s][info][gc,start       ] GC(1631) Pause Young (Normal) (G1 Evacuation Pause)
[667.585s][info][gc,task        ] GC(1631) Using 2 workers of 2 for evacuation
[667.669s][info][gc,phases      ] GC(1631)   Pre Evacuate Collection Set: 0.61ms
[667.669s][info][gc,phases      ] GC(1631)   Merge Heap Roots: 0.45ms
[667.669s][info][gc,phases      ] GC(1631)   Evacuate Collection Set: 81.41ms
[667.669s][info][gc,phases      ] GC(1631)   Post Evacuate Collection Set: 0.62ms
[667.669s][info][gc,phases      ] GC(1631)   Other: 0.10ms
[667.669s][info][gc,heap        ] GC(1631) Eden regions: 106->0(213)
[667.669s][info][gc,heap        ] GC(1631) Survivor regions: 41->17(19)
[667.669s][info][gc,heap        ] GC(1631) Old regions: 733->667
[667.669s][info][gc,heap        ] GC(1631) Humongous regions: 10->10
[667.669s][info][gc,metaspace   ] GC(1631) Metaspace: 19128K(19328K)->19128K(19328K) NonClass: 16464K(16576K)->16464K(16576K) Class: 2664K(2752K)->2664K(2752K)
[667.669s][info][gc             ] GC(1631) Pause Young (Normal) (G1 Evacuation Pause) 889M->693M(978M) 83.433ms
[667.669s][info][gc,cpu         ] GC(1631) User=0.17s Sys=0.00s Real=0.08s
[668.359s][info][gc,start       ] GC(1632) Pause Young (Normal) (G1 Evacuation Pause)
[668.359s][info][gc,task        ] GC(1632) Using 2 workers of 2 for evacuation
[668.391s][info][gc,phases      ] GC(1632)   Pre Evacuate Collection Set: 0.31ms
[668.391s][info][gc,phases      ] GC(1632)   Merge Heap Roots: 0.29ms
[668.391s][info][gc,phases      ] GC(1632)   Evacuate Collection Set: 30.64ms
[668.391s][info][gc,phases      ] GC(1632)   Post Evacuate Collection Set: 0.43ms
[668.391s][info][gc,phases      ] GC(1632)   Other: 0.08ms
[668.391s][info][gc,heap        ] GC(1632) Eden regions: 213->0(226)
[668.391s][info][gc,heap        ] GC(1632) Survivor regions: 17->1(29)
[668.391s][info][gc,heap        ] GC(1632) Old regions: 667->684
[668.391s][info][gc,heap        ] GC(1632) Humongous regions: 10->10
[668.391s][info][gc,metaspace   ] GC(1632) Metaspace: 19128K(19328K)->19128K(19328K) NonClass: 16464K(16576K)->16464K(16576K) Class: 2664K(2752K)->2664K(2752K)
[668.391s][info][gc             ] GC(1632) Pause Young (Normal) (G1 Evacuation Pause) 906M->694M(978M) 32.051ms
[668.391s][info][gc,cpu         ] GC(1632) User=0.07s Sys=0.01s Real=0.04s
[668.937s][info][gc,start       ] GC(1633) Pause Young (Normal) (G1 Evacuation Pause)
[668.937s][info][gc,task        ] GC(1633) Using 2 workers of 2 for evacuation
[668.973s][info][gc,phases      ] GC(1633)   Pre Evacuate Collection Set: 0.32ms
[668.973s][info][gc,phases      ] GC(1633)   Merge Heap Roots: 0.11ms
[668.973s][info][gc,phases      ] GC(1633)   Evacuate Collection Set: 35.39ms
[668.973s][info][gc,phases      ] GC(1633)   Post Evacuate Collection Set: 0.54ms
[668.973s][info][gc,phases      ] GC(1633)   Other: 0.12ms
[668.973s][info][gc,heap        ] GC(1633) Eden regions: 226->0(164)
[668.973s][info][gc,heap        ] GC(1633) Survivor regions: 1->29(29)
[668.974s][info][gc,heap        ] GC(1633) Old regions: 684->696
[668.974s][info][gc,heap        ] GC(1633) Humongous regions: 10->10
[668.974s][info][gc,metaspace   ] GC(1633) Metaspace: 19128K(19328K)->19128K(19328K) NonClass: 16464K(16576K)->16464K(16576K) Class: 2664K(2752K)->2664K(2752K)
[668.974s][info][gc             ] GC(1633) Pause Young (Normal) (G1 Evacuation Pause) 920M->734M(978M) 36.739ms
[668.974s][info][gc,cpu         ] GC(1633) User=0.08s Sys=0.00s Real=0.04s
[669.179s][info][gc,marking     ] GC(1630) Concurrent Mark From Roots 1737.498ms
[669.179s][info][gc,marking     ] GC(1630) Concurrent Preclean
[669.179s][info][gc,marking     ] GC(1630) Concurrent Preclean 0.045ms
[669.179s][info][gc,start       ] GC(1630) Pause Remark
[669.187s][info][gc             ] GC(1630) Pause Remark 844M->792M(978M) 7.799ms
[669.187s][info][gc,cpu         ] GC(1630) User=0.01s Sys=0.00s Real=0.01s
[669.189s][info][gc,marking     ] GC(1630) Concurrent Mark 1747.755ms
[669.189s][info][gc,marking     ] GC(1630) Concurrent Rebuild Remembered Sets and Scrub Regions
[669.310s][info][gc,start       ] GC(1634) Pause Young (Normal) (G1 Evacuation Pause)
[669.310s][info][gc,task        ] GC(1634) Using 2 workers of 2 for evacuation
[669.369s][info][gc,phases      ] GC(1634)   Pre Evacuate Collection Set: 0.49ms
[669.369s][info][gc,phases      ] GC(1634)   Merge Heap Roots: 0.23ms
[669.369s][info][gc,phases      ] GC(1634)   Evacuate Collection Set: 57.70ms
[669.369s][info][gc,phases      ] GC(1634)   Post Evacuate Collection Set: 0.47ms
[669.369s][info][gc,phases      ] GC(1634)   Other: 0.08ms
[669.369s][info][gc,heap        ] GC(1634) Eden regions: 164->0(171)
[669.369s][info][gc,heap        ] GC(1634) Survivor regions: 29->25(25)
[669.369s][info][gc,heap        ] GC(1634) Old regions: 645->687
[669.369s][info][gc,heap        ] GC(1634) Humongous regions: 9->9
[669.369s][info][gc,metaspace   ] GC(1634) Metaspace: 19128K(19328K)->19128K(19328K) NonClass: 16464K(16576K)->16464K(16576K) Class: 2664K(2752K)->2664K(2752K)
[669.369s][info][gc             ] GC(1634) Pause Young (Normal) (G1 Evacuation Pause) 846M->720M(978M) 59.183ms
[669.369s][info][gc,cpu         ] GC(1634) User=0.11s Sys=0.00s Real=0.06s
[669.637s][info][gc,start       ] GC(1635) Pause Young (Normal) (G1 Evacuation Pause)
[669.637s][info][gc,task        ] GC(1635) Using 2 workers of 2 for evacuation
[669.663s][info][gc,phases      ] GC(1635)   Pre Evacuate Collection Set: 0.51ms
[669.663s][info][gc,phases      ] GC(1635)   Merge Heap Roots: 0.24ms
[669.663s][info][gc,phases      ] GC(1635)   Evacuate Collection Set: 24.37ms
[669.663s][info][gc,phases      ] GC(1635)   Post Evacuate Collection Set: 0.39ms
[669.663s][info][gc,phases      ] GC(1635)   Other: 0.10ms
[669.663s][info][gc,heap        ] GC(1635) Eden regions: 171->0(185)
[669.663s][info][gc,heap        ] GC(1635) Survivor regions: 25->1(25)
[669.663s][info][gc,heap        ] GC(1635) Old regions: 687->712
[669.663s][info][gc,heap        ] GC(1635) Humongous regions: 9->9
[669.663s][info][gc,metaspace   ] GC(1635) Metaspace: 19128K(19328K)->19128K(19328K) NonClass: 16464K(16576K)->16464K(16576K) Class: 2664K(2752K)->2664K(2752K)
[669.663s][info][gc             ] GC(1635) Pause Young (Normal) (G1 Evacuation Pause) 891M->721M(978M) 25.871ms
[669.663s][info][gc,cpu         ] GC(1635) User=0.05s Sys=0.00s Real=0.03s
[669.827s][info][gc,marking     ] GC(1630) Concurrent Rebuild Remembered Sets and Scrub Regions 637.894ms
[669.827s][info][gc,start       ] GC(1630) Pause Cleanup
[669.827s][info][gc             ] GC(1630) Pause Cleanup 824M->824M(978M) 0.127ms
[669.827s][info][gc,cpu         ] GC(1630) User=0.00s Sys=0.00s Real=0.00s
[669.827s][info][gc,marking     ] GC(1630) Concurrent Clear Claimed Marks
[669.827s][info][gc,marking     ] GC(1630) Concurrent Clear Claimed Marks 0.031ms
[669.827s][info][gc,marking     ] GC(1630) Concurrent Cleanup for Next Mark
[669.830s][info][gc,marking     ] GC(1630) Concurrent Cleanup for Next Mark 2.812ms
[669.830s][info][gc             ] GC(1630) Concurrent Mark Cycle 2481.002ms
[669.920s][info][gc,start       ] GC(1636) Pause Young (Prepare Mixed) (G1 Evacuation Pause)
[669.920s][info][gc,task        ] GC(1636) Using 2 workers of 2 for evacuation
[669.922s][info][gc,phases      ] GC(1636)   Pre Evacuate Collection Set: 0.29ms
[669.923s][info][gc,phases      ] GC(1636)   Merge Heap Roots: 0.11ms
[669.923s][info][gc,phases      ] GC(1636)   Evacuate Collection Set: 1.31ms
[669.923s][info][gc,phases      ] GC(1636)   Post Evacuate Collection Set: 0.41ms
[669.923s][info][gc,phases      ] GC(1636)   Other: 0.11ms
[669.923s][info][gc,heap        ] GC(1636) Eden regions: 185->0(197)
[669.923s][info][gc,heap        ] GC(1636) Survivor regions: 1->1(24)
[669.923s][info][gc,heap        ] GC(1636) Old regions: 712->712
[669.923s][info][gc,heap        ] GC(1636) Humongous regions: 9->9
[669.923s][info][gc,metaspace   ] GC(1636) Metaspace: 19128K(19328K)->19128K(19328K) NonClass: 16464K(16576K)->16464K(16576K) Class: 2664K(2752K)->2664K(2752K)
[669.923s][info][gc             ] GC(1636) Pause Young (Prepare Mixed) (G1 Evacuation Pause) 906M->721M(978M) 2.465ms
[669.923s][info][gc,cpu         ] GC(1636) User=0.01s Sys=0.00s Real=0.01s
[670.135s][info][gc,start       ] GC(1637) Pause Young (Mixed) (G1 Evacuation Pause)
[670.136s][info][gc,task        ] GC(1637) Using 2 workers of 2 for evacuation
[670.138s][info][gc,phases      ] GC(1637)   Pre Evacuate Collection Set: 0.31ms
[670.138s][info][gc,phases      ] GC(1637)   Merge Heap Roots: 0.10ms
[670.138s][info][gc,phases      ] GC(1637)   Evacuate Collection Set: 1.52ms
[670.138s][info][gc,phases      ] GC(1637)   Post Evacuate Collection Set: 0.39ms
[670.138s][info][gc,phases      ] GC(1637)   Other: 0.11ms
[670.138s][info][gc,heap        ] GC(1637) Eden regions: 197->0(226)
[670.138s][info][gc,heap        ] GC(1637) Survivor regions: 1->1(25)
[670.138s][info][gc,heap        ] GC(1637) Old regions: 712->691
[670.138s][info][gc,heap        ] GC(1637) Humongous regions: 9->9
[670.138s][info][gc,metaspace   ] GC(1637) Metaspace: 19128K(19328K)->19128K(19328K) NonClass: 16464K(16576K)->16464K(16576K) Class: 2664K(2752K)->2664K(2752K)
[670.138s][info][gc             ] GC(1637) Pause Young (Mixed) (G1 Evacuation Pause) 918M->700M(978M) 2.629ms
[670.138s][info][gc,cpu         ] GC(1637) User=0.00s Sys=0.00s Real=0.00s
[670.375s][info][gc,start       ] GC(1638) Pause Young (Concurrent Start) (G1 Evacuation Pause)
[670.375s][info][gc,task        ] GC(1638) Using 2 workers of 2 for evacuation
[670.377s][info][gc,phases      ] GC(1638)   Pre Evacuate Collection Set: 0.35ms
[670.377s][info][gc,phases      ] GC(1638)   Merge Heap Roots: 0.08ms
[670.377s][info][gc,phases      ] GC(1638)   Evacuate Collection Set: 1.49ms
[670.377s][info][gc,phases      ] GC(1638)   Post Evacuate Collection Set: 0.43ms
[670.377s][info][gc,phases      ] GC(1638)   Other: 0.24ms
[670.377s][info][gc,heap        ] GC(1638) Eden regions: 226->0(226)
[670.377s][info][gc,heap        ] GC(1638) Survivor regions: 1->1(29)
[670.377s][info][gc,heap        ] GC(1638) Old regions: 691->691
[670.377s][info][gc,heap        ] GC(1638) Humongous regions: 9->9
[670.377s][info][gc,metaspace   ] GC(1638) Metaspace: 19128K(19328K)->19128K(19328K) NonClass: 16464K(16576K)->16464K(16576K) Class: 2664K(2752K)->2664K(2752K)
[670.377s][info][gc             ] GC(1638) Pause Young (Concurrent Start) (G1 Evacuation Pause) 926M->700M(978M) 2.845ms
[670.377s][info][gc,cpu         ] GC(1638) User=0.00s Sys=0.00s Real=0.00s
[670.378s][info][gc             ] GC(1639) Concurrent Mark Cycle
[670.378s][info][gc,marking     ] GC(1639) Concurrent Scan Root Regions
[670.379s][info][gc,marking     ] GC(1639) Concurrent Scan Root Regions 1.725ms
[670.379s][info][gc,marking     ] GC(1639) Concurrent Mark
[670.379s][info][gc,marking     ] GC(1639) Concurrent Mark From Roots
[670.379s][info][gc,task        ] GC(1639) Using 1 workers of 1 for marking
[670.804s][info][gc,start       ] GC(1640) Pause Young (Normal) (G1 Evacuation Pause)
[670.805s][info][gc,task        ] GC(1640) Using 2 workers of 2 for evacuation
[670.822s][info][gc,phases      ] GC(1640)   Pre Evacuate Collection Set: 0.30ms
[670.822s][info][gc,phases      ] GC(1640)   Merge Heap Roots: 0.31ms
[670.822s][info][gc,phases      ] GC(1640)   Evacuate Collection Set: 15.79ms
[670.822s][info][gc,phases      ] GC(1640)   Post Evacuate Collection Set: 0.52ms
[670.822s][info][gc,phases      ] GC(1640)   Other: 0.07ms
[670.822s][info][gc,heap        ] GC(1640) Eden regions: 226->0(218)
[670.822s][info][gc,heap        ] GC(1640) Survivor regions: 1->5(29)
[670.822s][info][gc,heap        ] GC(1640) Old regions: 691->691
[670.822s][info][gc,heap        ] GC(1640) Humongous regions: 9->9
[670.822s][info][gc,metaspace   ] GC(1640) Metaspace: 19128K(19328K)->19128K(19328K) NonClass: 16464K(16576K)->16464K(16576K) Class: 2664K(2752K)->2664K(2752K)
[670.822s][info][gc             ] GC(1640) Pause Young (Normal) (G1 Evacuation Pause) 926M->704M(978M) 17.213ms
[670.822s][info][gc,cpu         ] GC(1640) User=0.03s Sys=0.00s Real=0.02s
[671.454s][info][gc,start       ] GC(1641) Pause Young (Normal) (G1 Evacuation Pause)
[671.454s][info][gc,task        ] GC(1641) Using 2 workers of 2 for evacuation
[671.491s][info][gc,phases      ] GC(1641)   Pre Evacuate Collection Set: 0.32ms
[671.491s][info][gc,phases      ] GC(1641)   Merge Heap Roots: 0.35ms
[671.491s][info][gc,phases      ] GC(1641)   Evacuate Collection Set: 35.56ms
[671.491s][info][gc,phases      ] GC(1641)   Post Evacuate Collection Set: 0.52ms
[671.491s][info][gc,phases      ] GC(1641)   Other: 0.07ms
[671.491s][info][gc,heap        ] GC(1641) Eden regions: 218->0(187)
[671.491s][info][gc,heap        ] GC(1641) Survivor regions: 5->19(28)
[671.491s][info][gc,heap        ] GC(1641) Old regions: 691->691
[671.491s][info][gc,heap        ] GC(1641) Humongous regions: 12->12
[671.491s][info][gc,metaspace   ] GC(1641) Metaspace: 19128K(19328K)->19128K(19328K) NonClass: 16464K(16576K)->16464K(16576K) Class: 2664K(2752K)->2664K(2752K)
[671.491s][info][gc             ] GC(1641) Pause Young (Normal) (G1 Evacuation Pause) 925M->720M(978M) 37.055ms
[671.491s][info][gc,cpu         ] GC(1641) User=0.08s Sys=0.00s Real=0.04s
[671.507s][info][gc,marking     ] GC(1639) Concurrent Mark From Roots 1128.037ms
[671.507s][info][gc,marking     ] GC(1639) Concurrent Preclean
[671.507s][info][gc,marking     ] GC(1639) Concurrent Preclean 0.050ms
[671.508s][info][gc,start       ] GC(1639) Pause Remark
[671.515s][info][gc             ] GC(1639) Pause Remark 726M->479M(978M) 7.893ms
[671.515s][info][gc,cpu         ] GC(1639) User=0.01s Sys=0.00s Real=0.01s
[671.516s][info][gc,marking     ] GC(1639) Concurrent Mark 1136.238ms
[671.516s][info][gc,marking     ] GC(1639) Concurrent Rebuild Remembered Sets and Scrub Regions
[671.789s][info][gc,marking     ] GC(1639) Concurrent Rebuild Remembered Sets and Scrub Regions 273.480ms
[671.789s][info][gc,start       ] GC(1639) Pause Cleanup
[671.789s][info][gc             ] GC(1639) Pause Cleanup 617M->617M(978M) 0.123ms
[671.789s][info][gc,cpu         ] GC(1639) User=0.00s Sys=0.00s Real=0.00s
[671.789s][info][gc,marking     ] GC(1639) Concurrent Clear Claimed Marks
[671.789s][info][gc,marking     ] GC(1639) Concurrent Clear Claimed Marks 0.028ms
[671.789s][info][gc,marking     ] GC(1639) Concurrent Cleanup for Next Mark
[671.792s][info][gc,marking     ] GC(1639) Concurrent Cleanup for Next Mark 2.811ms
[671.792s][info][gc             ] GC(1639) Concurrent Mark Cycle 1414.725ms
[671.830s][info][gc,start       ] GC(1642) Pause Young (Prepare Mixed) (G1 Evacuation Pause)
[671.830s][info][gc,task        ] GC(1642) Using 2 workers of 2 for evacuation
[671.892s][info][gc,phases      ] GC(1642)   Pre Evacuate Collection Set: 0.49ms
[671.892s][info][gc,phases      ] GC(1642)   Merge Heap Roots: 0.63ms
[671.892s][info][gc,phases      ] GC(1642)   Evacuate Collection Set: 60.14ms
